datanode_2  | 2019-10-25 18:26:14,478 INFO impl.RoleInfo: c6980a12-c758-478e-b176-b2af6f2ae730: start FollowerState
scm_1       | 2019-10-25 18:26:09,222 INFO authorize.ServiceAuthorizationManager: Authorization successful for om/om@EXAMPLE.COM (auth:KERBEROS) for protocol=interface org.apache.hadoop.hdds.protocol.SCMSecurityProtocol
om_1        | 2019-10-25 18:26:13,306 [main] INFO       - Starting OM delegation token secret manager
datanode_1  | 2019-10-25 18:26:15,500 INFO server.RaftServerConfigKeys: raft.server.log.corruption.policy = EXCEPTION (default)
datanode_3  | 2019-10-25 18:26:15,523 INFO impl.RaftServerProxy: c2f2a99a-795c-43be-a6db-4bb0176e23bb: addNew group-B31C0142037A:[e66dc115-49b9-4d68-a7f2-343c1fcd431c:172.18.0.9:9858, c6980a12-c758-478e-b176-b2af6f2ae730:172.18.0.7:9858, c2f2a99a-795c-43be-a6db-4bb0176e23bb:172.18.0.10:9858] returns group-B31C0142037A:java.util.concurrent.CompletableFuture@19e9ae0[Not completed]
kdc_1       | Oct 25 18:25:55 kdc kadmind[15](info): closing down fd 18
s3g_1       | org.apache.hadoop.ipc.RemoteException(org.apache.hadoop.security.token.SecretManager$InvalidToken): No S3 secret found for S3 identifier:OzoneToken owner=dlfknslnfslf, renewer=, realUser=, issueDate=0, maxDate=0, sequenceNumber=0, masterKeyId=0, strToSign=AWS4-HMAC-SHA256
datanode_2  | 2019-10-25 18:26:14,482 INFO util.JmxRegister: Successfully registered JMX Bean with object name Ratis:service=RaftServer,group=group-055830FB9F9A,id=c6980a12-c758-478e-b176-b2af6f2ae730
scm_1       | 2019-10-25 18:26:09,224 INFO server.SCMClientProtocolServer: Processing CSR for om om, UUID: 815771b1-fc80-4826-998a-e200bfccc37f
om_1        | 2019-10-25 18:26:13,306 [main] INFO       - Updating the current master key for generating tokens
datanode_1  | 2019-10-25 18:26:15,500 INFO storage.RaftStorageDirectory: The storage directory /data/metadata/ratis/3999981d-2109-445a-beeb-b31c0142037a does not exist. Creating ...
kdc_1       | Oct 25 18:25:55 kdc kadmind[15](Notice): Request: kadm5_init, admin/admin@EXAMPLE.COM, success, client=admin/admin@EXAMPLE.COM, service=kadmin/admin@EXAMPLE.COM, addr=127.0.0.1, vers=4EXAMPLE.COM
datanode_3  | 2019-10-25 18:26:15,526 INFO impl.RaftServerImpl: c2f2a99a-795c-43be-a6db-4bb0176e23bb: new RaftServerImpl for group-B31C0142037A:[e66dc115-49b9-4d68-a7f2-343c1fcd431c:172.18.0.9:9858, c6980a12-c758-478e-b176-b2af6f2ae730:172.18.0.7:9858, c2f2a99a-795c-43be-a6db-4bb0176e23bb:172.18.0.10:9858] with ContainerStateMachine:uninitialized
datanode_2  | 2019-10-25 18:26:14,483 WARN impl.MetricRegistriesImpl: First MetricRegistry has been created without registering reporters. You may need to call MetricRegistries.global().addReportRegistration(...) before.
scm_1       | 2019-10-25 18:26:11,550 INFO ipc.Server: Auth successful for dn/455f33a9c329@EXAMPLE.COM (auth:KERBEROS)
s3g_1       | 20191025T183327Z
om_1        | 2019-10-25 18:26:13,307 [Thread[Thread-11,5,main]] INFO       - Starting expired delegation token remover thread, tokenRemoverScanInterval=60 min(s)
datanode_1  | 2019-10-25 18:26:15,523 INFO storage.RaftStorageDirectory: Lock on /data/metadata/ratis/3999981d-2109-445a-beeb-b31c0142037a/in_use.lock acquired by nodename 7@c5dff296c3c0
datanode_3  | 2019-10-25 18:26:15,526 INFO server.RaftServerConfigKeys: raft.server.rpc.timeout.min = 5s (custom)
kdc_1       | Oct 25 18:25:55 kdc krb5kdc[9](info): AS_REQ (8 etypes {18 17 20 19 16 23 25 26}) 127.0.0.1: SERVER_NOT_FOUND: admin/admin@EXAMPLE.COM for kadmin/localhost@EXAMPLE.COM, Server not found in Kerberos database
scm_1       | 2019-10-25 18:26:11,553 INFO authorize.ServiceAuthorizationManager: Authorization successful for dn/455f33a9c329@EXAMPLE.COM (auth:KERBEROS) for protocol=interface org.apache.hadoop.ozone.protocol.StorageContainerDatanodeProtocol
s3g_1       | 20191025/us-west-1/s3/aws4_request
om_1        | 2019-10-25 18:26:13,328 INFO ipc.Server: IPC Server Responder: starting
datanode_1  | 2019-10-25 18:26:15,545 INFO storage.RaftStorage: Storage directory /data/metadata/ratis/3999981d-2109-445a-beeb-b31c0142037a has been successfully formatted.
datanode_2  | 2019-10-25 18:26:15,509 INFO impl.RaftServerProxy: c6980a12-c758-478e-b176-b2af6f2ae730: addNew group-B31C0142037A:[e66dc115-49b9-4d68-a7f2-343c1fcd431c:172.18.0.9:9858, c6980a12-c758-478e-b176-b2af6f2ae730:172.18.0.7:9858, c2f2a99a-795c-43be-a6db-4bb0176e23bb:172.18.0.10:9858] returns group-B31C0142037A:java.util.concurrent.CompletableFuture@d2e9f20[Not completed]
datanode_3  | 2019-10-25 18:26:15,526 INFO server.RaftServerConfigKeys: raft.server.rpc.timeout.max = 5200ms (custom)
kdc_1       | Oct 25 18:25:55 kdc krb5kdc[9](info): AS_REQ (8 etypes {18 17 20 19 16 23 25 26}) 127.0.0.1: ISSUE: authtime 1572027955, etypes {rep=18 tkt=18 ses=18}, admin/admin@EXAMPLE.COM for kadmin/admin@EXAMPLE.COM
s3g_1       | 955254e59a1af6231337e9bcd686ac7dc4e708bfd526e9d14c72be2f186073ce, signature=0f37d85af16e2a8985ccd2c8d8ecc7c99b072f1b59fcbfccf8f3b9a7121856de, awsAccessKeyId=dlfknslnfslf
scm_1       | 2019-10-25 18:26:11,573 INFO ipc.Server: Auth successful for dn/c5dff296c3c0@EXAMPLE.COM (auth:KERBEROS)
om_1        | 2019-10-25 18:26:13,329 INFO ipc.Server: IPC Server listener on 9862: starting
datanode_1  | 2019-10-25 18:26:15,546 [pool-9-thread-1] INFO       - group-B31C0142037A: The snapshot info is null. Setting the last applied indexto:(t:0, i:~)
datanode_3  | 2019-10-25 18:26:15,526 INFO server.RaftServerConfigKeys: raft.server.rpcslowness.timeout = 120s (custom)
kdc_1       | Oct 25 18:25:55 kdc krb5kdc[9](info): AS_REQ (8 etypes {18 17 20 19 16 23 25 26}) 127.0.0.1: SERVER_NOT_FOUND: admin/admin@EXAMPLE.COM for kadmin/localhost@EXAMPLE.COM, Server not found in Kerberos database
s3g_1       | 	at org.apache.hadoop.ipc.Client.getRpcResponse(Client.java:1511)
datanode_2  | 2019-10-25 18:26:15,511 INFO impl.RaftServerImpl: c6980a12-c758-478e-b176-b2af6f2ae730: new RaftServerImpl for group-B31C0142037A:[e66dc115-49b9-4d68-a7f2-343c1fcd431c:172.18.0.9:9858, c6980a12-c758-478e-b176-b2af6f2ae730:172.18.0.7:9858, c2f2a99a-795c-43be-a6db-4bb0176e23bb:172.18.0.10:9858] with ContainerStateMachine:uninitialized
scm_1       | 2019-10-25 18:26:11,576 INFO authorize.ServiceAuthorizationManager: Authorization successful for dn/c5dff296c3c0@EXAMPLE.COM (auth:KERBEROS) for protocol=interface org.apache.hadoop.ozone.protocol.StorageContainerDatanodeProtocol
om_1        | 2019-10-25 18:26:13,360 INFO hdfs.DFSUtil: Starting web server as: HTTP/om@EXAMPLE.COM
datanode_1  | 2019-10-25 18:26:15,546 INFO server.RaftServerConfigKeys: raft.server.notification.no-leader.timeout = 120s (custom)
datanode_3  | 2019-10-25 18:26:15,526 INFO server.RaftServerConfigKeys: raft.server.sleep.deviation.threshold = 300 (default)
kdc_1       | Oct 25 18:25:55 kdc krb5kdc[9](info): AS_REQ (8 etypes {18 17 20 19 16 23 25 26}) 127.0.0.1: ISSUE: authtime 1572027955, etypes {rep=18 tkt=18 ses=18}, admin/admin@EXAMPLE.COM for kadmin/admin@EXAMPLE.COM
s3g_1       | 	at org.apache.hadoop.ipc.Client.call(Client.java:1457)
datanode_2  | 2019-10-25 18:26:15,511 INFO server.RaftServerConfigKeys: raft.server.rpc.timeout.min = 5s (custom)
scm_1       | 2019-10-25 18:26:11,590 INFO ipc.Server: Auth successful for dn/89e992a96b7e@EXAMPLE.COM (auth:KERBEROS)
om_1        | 2019-10-25 18:26:13,360 INFO hdfs.DFSUtil: Starting Web-server for ozoneManager at: http://0.0.0.0:9874
datanode_1  | 2019-10-25 18:26:15,546 INFO server.RaftServerConfigKeys: raft.server.log.use.memory = false (default)
datanode_3  | 2019-10-25 18:26:15,526 INFO server.RaftServerConfigKeys: raft.server.log.appender.install.snapshot.enabled = false (custom)
kdc_1       | Oct 25 18:25:55 kdc krb5kdc[9](info): AS_REQ (8 etypes {18 17 20 19 16 23 25 26}) 127.0.0.1: SERVER_NOT_FOUND: admin/admin@EXAMPLE.COM for kadmin/localhost@EXAMPLE.COM, Server not found in, flavor=6
s3g_1       | 	at org.apache.hadoop.ipc.Client.call(Client.java:1367)
datanode_2  | 2019-10-25 18:26:15,512 INFO server.RaftServerConfigKeys: raft.server.rpc.timeout.max = 5200ms (custom)
scm_1       | 2019-10-25 18:26:11,595 INFO authorize.ServiceAuthorizationManager: Authorization successful for dn/89e992a96b7e@EXAMPLE.COM (auth:KERBEROS) for protocol=interface org.apache.hadoop.ozone.protocol.StorageContainerDatanodeProtocol
om_1        | 2019-10-25 18:26:13,475 INFO server.AuthenticationFilter: Unable to initialize FileSignerSecretProvider, falling back to use random secrets.
datanode_1  | 2019-10-25 18:26:15,546 INFO server.RaftServerConfigKeys: raft.server.log.purge.gap = 1000000 (custom)
datanode_3  | 2019-10-25 18:26:15,526 INFO impl.RaftServerImpl: c2f2a99a-795c-43be-a6db-4bb0176e23bb@group-B31C0142037A: ConfigurationManager, init=-1: [e66dc115-49b9-4d68-a7f2-343c1fcd431c:172.18.0.9:9858, c6980a12-c758-478e-b176-b2af6f2ae730:172.18.0.7:9858, c2f2a99a-795c-43be-a6db-4bb0176e23bb:172.18.0.10:9858], old=null, confs=<EMPTY_MAP>
kdc_1       | Oct 25 18:25:55 kdc kadmind[15](Notice): Request: kadm5_randkey_principal, om/89e992a96b7e@EXAMPLE.COM, success, client=admin/admin@EXAMPLE.COM, service=kadmin/admin@EXAMPLE.COM, addr=127.0.0.1
s3g_1       | 	at org.apache.hadoop.ipc.ProtobufRpcEngine$Invoker.invoke(ProtobufRpcEngine.java:228)
datanode_2  | 2019-10-25 18:26:15,512 INFO server.RaftServerConfigKeys: raft.server.rpcslowness.timeout = 120s (custom)
scm_1       | 2019-10-25 18:26:11,767 INFO ipc.Server: Auth successful for om/om@EXAMPLE.COM (auth:KERBEROS)
om_1        | 2019-10-25 18:26:13,479 INFO http.HttpRequestLog: Http request log for http.requests.ozoneManager is not defined
datanode_1  | 2019-10-25 18:26:15,546 INFO server.RaftServerConfigKeys: raft.server.log.appender.buffer.byte-limit = 33554432 (custom)
datanode_3  | 2019-10-25 18:26:15,526 INFO server.RaftServerConfigKeys: raft.server.storage.dir = [/data/metadata/ratis] (custom)
kdc_1       | Oct 25 18:25:55 kdc kadmind[15](Notice): Request: kadm5_get_principal, om/89e992a96b7e@EXAMPLE.COM, success, client=admin/admin@EXAMPLE.COM, service=kadmin/admin@EXAMPLE.COM, addr=127.0.0.1
datanode_2  | 2019-10-25 18:26:15,512 INFO server.RaftServerConfigKeys: raft.server.sleep.deviation.threshold = 300 (default)
scm_1       | 2019-10-25 18:26:11,782 INFO authorize.ServiceAuthorizationManager: Authorization successful for om/om@EXAMPLE.COM (auth:KERBEROS) for protocol=interface org.apache.hadoop.hdds.scm.protocol.ScmBlockLocationProtocol
s3g_1       | 	at org.apache.hadoop.ipc.ProtobufRpcEngine$Invoker.invoke(ProtobufRpcEngine.java:116)
om_1        | 2019-10-25 18:26:13,488 INFO http.HttpServer2: Added global filter 'safety' (class=org.apache.hadoop.http.HttpServer2$QuotingInputFilter)
datanode_1  | 2019-10-25 18:26:15,547 INFO server.RaftServerConfigKeys: raft.server.log.segment.size.max = 1048576 (custom)
datanode_3  | 2019-10-25 18:26:15,527 INFO server.RaftServerConfigKeys: raft.server.log.corruption.policy = EXCEPTION (default)
kdc_1       | Oct 25 18:25:55 kdc kadmind[15](info): closing down fd 18
datanode_2  | 2019-10-25 18:26:15,512 INFO server.RaftServerConfigKeys: raft.server.log.appender.install.snapshot.enabled = false (custom)
scm_1       | 2019-10-25 18:26:13,556 INFO net.NetworkTopology: Added a new node: /default-rack/c6980a12-c758-478e-b176-b2af6f2ae730
s3g_1       | 	at com.sun.proxy.$Proxy83.submitRequest(Unknown Source)
datanode_1  | 2019-10-25 18:26:15,547 INFO server.RaftServerConfigKeys: raft.server.log.segment.cache.num.max = 2 (custom)
datanode_3  | 2019-10-25 18:26:15,527 INFO storage.RaftStorageDirectory: The storage directory /data/metadata/ratis/3999981d-2109-445a-beeb-b31c0142037a does not exist. Creating ...
kdc_1       | Oct 25 18:25:55 kdc kadmind[15](Notice): Request: kadm5_init, admin/admin@EXAMPLE.COM, success, client=admin/admin@EXAMPLE.COM, service=kadmin/admin@EXAMPLE.COM, addr=127.0.0.1, vers=4, flavor=6
datanode_2  | 2019-10-25 18:26:15,512 INFO impl.RaftServerImpl: c6980a12-c758-478e-b176-b2af6f2ae730@group-B31C0142037A: ConfigurationManager, init=-1: [e66dc115-49b9-4d68-a7f2-343c1fcd431c:172.18.0.9:9858, c6980a12-c758-478e-b176-b2af6f2ae730:172.18.0.7:9858, c2f2a99a-795c-43be-a6db-4bb0176e23bb:172.18.0.10:9858], old=null, confs=<EMPTY_MAP>
scm_1       | 2019-10-25 18:26:13,556 INFO node.SCMNodeManager: Registered Data node : c6980a12-c758-478e-b176-b2af6f2ae730{ip: 172.18.0.7, host: ozonesecure_datanode_2.ozonesecure_default, networkLocation: /default-rack, certSerialId: 12374759364642097}
om_1        | 2019-10-25 18:26:13,491 INFO http.HttpServer2: Added filter authentication (class=org.apache.hadoop.security.authentication.server.AuthenticationFilter) to context ozoneManager
s3g_1       | 	at jdk.internal.reflect.GeneratedMethodAccessor9.invoke(Unknown Source)
datanode_1  | 2019-10-25 18:26:15,547 INFO segmented.SegmentedRaftLogWorker: new e66dc115-49b9-4d68-a7f2-343c1fcd431c@group-B31C0142037A-SegmentedRaftLogWorker for RaftStorage:Storage Directory /data/metadata/ratis/3999981d-2109-445a-beeb-b31c0142037a
datanode_3  | 2019-10-25 18:26:15,545 INFO storage.RaftStorageDirectory: Lock on /data/metadata/ratis/3999981d-2109-445a-beeb-b31c0142037a/in_use.lock acquired by nodename 7@89e992a96b7e
kdc_1       | Oct 25 18:25:55 kdc kadmind[15](Notice): Request: kadm5_get_policy, default, Policy does not exist, client=admin/admin@EXAMPLE.COM, service=kadmin/admin@EXAMPLE.COM, addr=127.0.0.1
datanode_2  | 2019-10-25 18:26:15,512 INFO server.RaftServerConfigKeys: raft.server.storage.dir = [/data/metadata/ratis] (custom)
scm_1       | 2019-10-25 18:26:13,560 INFO safemode.SCMSafeModeManager: SCM in safe mode. 1 DataNodes registered, 1 required.
s3g_1       | 	at java.base/jdk.internal.reflect.DelegatingMethodAccessorImpl.invoke(DelegatingMethodAccessorImpl.java:43)
om_1        | 2019-10-25 18:26:13,491 INFO http.HttpServer2: Added filter authentication (class=org.apache.hadoop.security.authentication.server.AuthenticationFilter) to context logs
datanode_1  | 2019-10-25 18:26:15,547 INFO server.RaftServerConfigKeys: raft.server.log.queue.byte-limit = 2147483647 (custom)
datanode_3  | 2019-10-25 18:26:15,569 INFO storage.RaftStorage: Storage directory /data/metadata/ratis/3999981d-2109-445a-beeb-b31c0142037a has been successfully formatted.
kdc_1       | Oct 25 18:25:55 kdc kadmind[15](Notice): Request: kadm5_create_principal, scm/s3g@EXAMPLE.COM, success, client=admin/admin@EXAMPLE.COM, service=kadmin/admin@EXAMPLE.COM, addr=127.0.0.1
datanode_2  | 2019-10-25 18:26:15,513 INFO server.RaftServerConfigKeys: raft.server.log.corruption.policy = EXCEPTION (default)
scm_1       | 2019-10-25 18:26:13,561 INFO safemode.SCMSafeModeManager: ScmSafeModeManager, all rules are successfully validated
s3g_1       | 	at java.base/java.lang.reflect.Method.invoke(Method.java:566)
om_1        | 2019-10-25 18:26:13,491 INFO http.HttpServer2: Added filter authentication (class=org.apache.hadoop.security.authentication.server.AuthenticationFilter) to context static
datanode_1  | 2019-10-25 18:26:15,547 INFO server.RaftServerConfigKeys: raft.server.log.queue.element-limit = 1024 (custom)
datanode_3  | 2019-10-25 18:26:15,569 [pool-9-thread-1] INFO       - group-B31C0142037A: The snapshot info is null. Setting the last applied indexto:(t:0, i:~)
kdc_1       | Oct 25 18: Kerberos database
datanode_2  | 2019-10-25 18:26:15,513 INFO storage.RaftStorageDirectory: The storage directory /data/metadata/ratis/3999981d-2109-445a-beeb-b31c0142037a does not exist. Creating ...
scm_1       | 2019-10-25 18:26:13,564 INFO safemode.SCMSafeModeManager: SCM exiting safe mode.
s3g_1       | 	at org.apache.hadoop.io.retry.RetryInvocationHandler.invokeMethod(RetryInvocationHandler.java:422)
om_1        | 2019-10-25 18:26:13,518 INFO http.HttpServer2: Jetty bound to port 9874
datanode_1  | 2019-10-25 18:26:15,547 INFO server.RaftServerConfigKeys: raft.server.log.segment.size.max = 1048576 (custom)
datanode_3  | 2019-10-25 18:26:15,569 INFO server.RaftServerConfigKeys: raft.server.notification.no-leader.timeout = 120s (custom)
kdc_1       | Oct 25 18:25:55 kdc krb5kdc[9](info): AS_REQ (8 etypes {18 17 20 19 16 23 25 26}) 127.0.0.1: ISSUE: authtime 1572027955, etypes {rep=18 tkt=18 ses=18}, admin/admin@EXAMPLE.COM for kadmin/admin@EXAMPLE.COM
scm_1       | 2019-10-25 18:26:13,577 INFO net.NetworkTopology: Added a new node: /default-rack/e66dc115-49b9-4d68-a7f2-343c1fcd431c
datanode_2  | 2019-10-25 18:26:15,545 INFO storage.RaftStorageDirectory: Lock on /data/metadata/ratis/3999981d-2109-445a-beeb-b31c0142037a/in_use.lock acquired by nodename 7@455f33a9c329
s3g_1       | 	at org.apache.hadoop.io.retry.RetryInvocationHandler$Call.invokeMethod(RetryInvocationHandler.java:165)
om_1        | 2019-10-25 18:26:13,519 INFO server.Server: jetty-9.3.25.v20180904, build timestamp: 2018-09-04T21:11:46Z, git hash: 3ce520221d0240229c862b122d2b06c12a625732
datanode_1  | 2019-10-25 18:26:15,547 INFO server.RaftServerConfigKeys: raft.server.log.preallocated.size = 16384 (custom)
datanode_3  | 2019-10-25 18:26:15,570 INFO server.RaftServerConfigKeys: raft.server.log.use.memory = false (default)
kdc_1       | Oct 25 18:25:55 kdc krb5kdc[9](info): AS_REQ (8 etypes {18 17 20 19 16 23 25 26}) 127.0.0.1: SERVER_NOT_FOUND: admin/admin@EXAMPLE.COM for kadmin/localhost@EXAMPLE.COM, Server not found in Kerberos database
scm_1       | 2019-10-25 18:26:13,578 INFO node.SCMNodeManager: Registered Data node : e66dc115-49b9-4d68-a7f2-343c1fcd431c{ip: 172.18.0.9, host: ozonesecure_datanode_1.ozonesecure_default, networkLocation: /default-rack, certSerialId: 12374759364728264}
datanode_2  | 2019-10-25 18:26:15,569 INFO storage.RaftStorage: Storage directory /data/metadata/ratis/3999981d-2109-445a-beeb-b31c0142037a has been successfully formatted.
s3g_1       | 	at org.apache.hadoop.io.retry.RetryInvocationHandler$Call.invoke(RetryInvocationHandler.java:157)
om_1        | 2019-10-25 18:26:13,557 INFO server.AuthenticationFilter: Unable to initialize FileSignerSecretProvider, falling back to use random secrets.
datanode_1  | 2019-10-25 18:26:15,547 INFO server.RaftServerConfigKeys: raft.server.log.write.buffer.size = 33554432 (custom)
datanode_3  | 2019-10-25 18:26:15,570 INFO server.RaftServerConfigKeys: raft.server.log.purge.gap = 1000000 (custom)
kdc_1       | Oct 25 18:25:55 kdc krb5kdc[9](info): AS_REQ (8 etypes {18 17 20 19 16 23 25 26}) 127.0.0.1: ISSUE: authtime 1572027955, etypes {rep=18 tkt=18 ses=18}, admin/admin@EXAMPLE.COM for kadmin/admin@EXAMPLE.COM
scm_1       | 2019-10-25 18:26:13,586 INFO net.NetworkTopology: Added a new node: /default-rack/c2f2a99a-795c-43be-a6db-4bb0176e23bb
datanode_2  | 2019-10-25 18:26:15,569 [pool-9-thread-1] INFO       - group-B31C0142037A: The snapshot info is null. Setting the last applied indexto:(t:0, i:~)
s3g_1       | 	at org.apache.hadoop.io.retry.RetryInvocationHandler$Call.invokeOnce(RetryInvocationHandler.java:95)
om_1        | 2019-10-25 18:26:13,590 INFO server.KerberosAuthenticationHandler: Using keytab /etc/security/keytabs/HTTP.keytab, for principal HTTP/om@EXAMPLE.COM
datanode_1  | 2019-10-25 18:26:15,547 INFO server.RaftServerConfigKeys: raft.server.log.force.sync.num = 128 (default)
datanode_3  | 2019-10-25 18:26:15,570 INFO server.RaftServerConfigKeys: raft.server.log.appender.buffer.byte-limit = 33554432 (custom)
kdc_1       | Oct 25 18:25:55 kdc krb5kdc[9](info): AS_REQ (8 etypes {18 17 20 19 16 23 25 26}) 127.0.0.1: SERVER_NOT_FOUND: admin/admin@EXAMPLE.COM for kadmin/localhost@EXAMPLE.COM, Server not found in Kerberos database
scm_1       | 2019-10-25 18:26:13,586 INFO node.SCMNodeManager: Registered Data node : c2f2a99a-795c-43be-a6db-4bb0176e23bb{ip: 172.18.0.10, host: ozonesecure_datanode_3.ozonesecure_default, networkLocation: /default-rack, certSerialId: 12374759407664453}
datanode_2  | 2019-10-25 18:26:15,569 INFO server.RaftServerConfigKeys: raft.server.notification.no-leader.timeout = 120s (custom)
s3g_1       | 	at org.apache.hadoop.io.retry.RetryInvocationHandler.invoke(RetryInvocationHandler.java:359)
om_1        | 2019-10-25 18:26:13,594 INFO handler.ContextHandler: Started o.e.j.s.ServletContextHandler@5f8d9767{/logs,file:///var/log/hadoop/,AVAILABLE}
datanode_1  | 2019-10-25 18:26:15,547 INFO server.RaftServerConfigKeys: raft.server.log.statemachine.data.sync = true (default)
datanode_3  | 2019-10-25 18:26:15,570 INFO server.RaftServerConfigKeys: raft.server.log.segment.size.max = 1048576 (custom)
kdc_1       | Oct 25 18:25:55 kdc krb5kdc[9](info): AS_REQ (8 etypes {18 17 20 19 16 23 25 26}) 127.0.0.1: ISSUE: authtime 1572027955, etypes {rep=18 tkt=18 ses=18}, admin/admin@EXAMPLE.COM for k25:55 kdc kadmind[15](info): closing down fd 18
scm_1       | 2019-10-25 18:26:14,568 INFO pipeline.PipelineStateManager: Created pipeline Pipeline[ Id: 5aa1465c-34dd-4b13-99ab-055830fb9f9a, Nodes: c6980a12-c758-478e-b176-b2af6f2ae730{ip: 172.18.0.7, host: ozonesecure_datanode_2.ozonesecure_default, networkLocation: /default-rack, certSerialId: null}, Type:RATIS, Factor:ONE, State:OPEN]
datanode_2  | 2019-10-25 18:26:15,569 INFO server.RaftServerConfigKeys: raft.server.log.use.memory = false (default)
s3g_1       | 	at com.sun.proxy.$Proxy83.submitRequest(Unknown Source)
om_1        | 2019-10-25 18:26:13,595 INFO handler.ContextHandler: Started o.e.j.s.ServletContextHandler@536b71b4{/static,jar:file:/opt/hadoop/share/ozone/lib/hadoop-ozone-ozone-manager-0.5.0-SNAPSHOT.jar!/webapps/static,AVAILABLE}
datanode_1  | 2019-10-25 18:26:15,547 INFO server.RaftServerConfigKeys: raft.server.log.statemachine.data.sync.timeout = 10s (default)
datanode_3  | 2019-10-25 18:26:15,570 INFO server.RaftServerConfigKeys: raft.server.log.segment.cache.num.max = 2 (custom)
kdc_1       | Oct 25 18:25:55 kdc kadmind[15](Notice): Request: kadm5_init, admin/admin@EXAMPLE.COM, success, client=admin/admin@EXAMPLE.COM, service=kadmin/admin@EXAMPLE.COM, addr=127.0.0.1, vers=4, flavor=6
scm_1       | 2019-10-25 18:26:15,047 INFO pipeline.PipelineStateManager: Created pipeline Pipeline[ Id: b4feeb4f-7395-4c0b-a4d9-22c350ac63d2, Nodes: c2f2a99a-795c-43be-a6db-4bb0176e23bb{ip: 172.18.0.10, host: ozonesecure_datanode_3.ozonesecure_default, networkLocation: /default-rack, certSerialId: null}, Type:RATIS, Factor:ONE, State:OPEN]
datanode_2  | 2019-10-25 18:26:15,569 INFO server.RaftServerConfigKeys: raft.server.log.purge.gap = 1000000 (custom)
s3g_1       | 	at org.apache.hadoop.ozone.om.protocolPB.OzoneManagerProtocolClientSideTranslatorPB.submitRequest(OzoneManagerProtocolClientSideTranslatorPB.java:338)
datanode_1  | 2019-10-25 18:26:15,548 INFO server.RaftServerConfigKeys: raft.server.log.statemachine.data.sync.timeout.retry = -1 (default)
datanode_3  | 2019-10-25 18:26:15,570 INFO segmented.SegmentedRaftLogWorker: new c2f2a99a-795c-43be-a6db-4bb0176e23bb@group-B31C0142037A-SegmentedRaftLogWorker for RaftStorage:Storage Directory /data/metadata/ratis/3999981d-2109-445a-beeb-b31c0142037a
om_1        | 2019-10-25 18:26:13,667 INFO server.KerberosAuthenticationHandler: Using keytab /etc/security/keytabs/HTTP.keytab, for principal HTTP/om@EXAMPLE.COM
kdc_1       | Oct 25 18:25:55 kdc kadmind[15](Notice): Request: kadm5_randkey_principal, scm/s3g@EXAMPLE.COM, success, client=admin/admin@EXAMPLE.COM, service=kadmin/admin@EXAMPLE.COM, addr=127.0.0.1
scm_1       | 2019-10-25 18:26:15,467 INFO pipeline.PipelineStateManager: Created pipeline Pipeline[ Id: 8aafb918-45f3-494d-9ac5-2d00bd1cae0f, Nodes: e66dc115-49b9-4d68-a7f2-343c1fcd431c{ip: 172.18.0.9, host: ozonesecure_datanode_1.ozonesecure_default, networkLocation: /default-rack, certSerialId: null}, Type:RATIS, Factor:ONE, State:OPEN]
datanode_2  | 2019-10-25 18:26:15,570 INFO server.RaftServerConfigKeys: raft.server.log.appender.buffer.byte-limit = 33554432 (custom)
s3g_1       | 	at org.apache.hadoop.ozone.om.protocolPB.OzoneManagerProtocolClientSideTranslatorPB.getServiceInfo(OzoneManagerProtocolClientSideTranslatorPB.java:1223)
datanode_1  | 2019-10-25 18:26:15,548 INFO server.RaftServerConfigKeys: raft.server.log.statemachine.data.caching.enabled = true (custom)
datanode_3  | 2019-10-25 18:26:15,571 INFO server.RaftServerConfigKeys: raft.server.log.queue.byte-limit = 2147483647 (custom)
om_1        | 2019-10-25 18:26:13,671 INFO handler.ContextHandler: Started o.e.j.w.WebAppContext@faea4da{/,file:///tmp/jetty-0.0.0.0-9874-ozoneManager-_-any-4648227013555496396.dir/webapp/,AVAILABLE}{/ozoneManager}
kdc_1       | Oct 25 18:25:55 kdc kadmind[15](Notice): Request: kadm5_get_principal, scm/s3g@EXAMPLE.COM, success, client=admin/admin@EXAMPLE.COM, service=kadmin/admin@EXAMPLE.COM, addr=127.0.0.1
datanode_2  | 2019-10-25 18:26:15,570 INFO server.RaftServerConfigKeys: raft.server.log.segment.size.max = 1048576 (custom)
scm_1       | 2019-10-25 18:26:15,581 INFO pipeline.PipelineStateManager: Created pipeline Pipeline[ Id: 3999981d-2109-445a-beeb-b31c0142037a, Nodes: c2f2a99a-795c-43be-a6db-4bb0176e23bb{ip: 172.18.0.10, host: ozonesecure_datanode_3.ozonesecure_default, networkLocation: /default-rack, certSerialId: null}e66dc115-49b9-4d68-a7f2-343c1fcd431c{ip: 172.18.0.9, host: ozonesecure_datanode_1.ozonesecure_default, networkLocation: /default-rack, certSerialId: null}c6980a12-c758-478e-b176-b2af6f2ae730{ip: 172.18.0.7, host: ozonesecure_datanode_2.ozonesecure_default, networkLocation: /default-rack, certSerialId: null}, Type:RATIS, Factor:THREE, State:OPEN]
s3g_1       | 	at java.base/jdk.internal.reflect.NativeMethodAccessorImpl.invoke0(Native Method)
datanode_1  | 2019-10-25 18:26:15,548 INFO segmented.SegmentedRaftLogWorker: e66dc115-49b9-4d68-a7f2-343c1fcd431c@group-B31C0142037A-SegmentedRaftLogWorker: flushIndex: setUnconditionally 0 -> -1
datanode_3  | 2019-10-25 18:26:15,571 INFO server.RaftServerConfigKeys: raft.server.log.queue.element-limit = 1024 (custom)
om_1        | 2019-10-25 18:26:13,676 INFO server.AbstractConnector: Started ServerConnector@1a950fdd{HTTP/1.1,[http/1.1]}{0.0.0.0:9874}
kdc_1       | Oct 25 18:25:55 kdc kadmind[15](info): closing down fd 18
datanode_2  | 2019-10-25 18:26:15,570 INFO server.RaftServerConfigKeys: raft.server.log.segment.cache.num.max = 2 (custom)
scm_1       | 2019-10-25 18:26:31,547 INFO ipc.Server: Auth successful for om/om@EXAMPLE.COM (auth:KERBEROS)
s3g_1       | 	at java.base/jdk.internal.reflect.NativeMethodAccessorImpl.invoke(NativeMethodAccessorImpl.java:62)
datanode_1  | 2019-10-25 18:26:15,548 INFO server.RaftServerConfigKeys: raft.server.snapshot.auto.trigger.enabled = true (custom)
om_1        | 2019-10-25 18:26:13,677 INFO server.Server: Started @4198ms
datanode_3  | 2019-10-25 18:26:15,571 INFO server.RaftServerConfigKeys: raft.server.log.segment.size.max = 1048576 (custom)
kdc_1       | Oct 25 18:25:55 kdc kadmind[15](Notice): Request: kadm5_init, admin/admin@EXAMPLE.COM, success, client=admin/admin@EXAMPLE.COM, service=kadmin/admin@EXAMPLE.COM, addr=127.0.0.1, vers=4, flavor=6
datanode_2  | 2019-10-25 18:26:15,570 INFO segmented.SegmentedRaftLogWorker: new c6980a12-c758-478e-b176-b2af6f2ae730@group-B31C0142037A-SegmentedRaftLogWorker for RaftStorage:Storage Directory /data/metadata/ratis/3999981d-2109-445a-beeb-b31c0142037a
scm_1       | 2019-10-25 18:26:31,553 INFO authorize.ServiceAuthorizationManager: Authorization successful for om/om@EXAMPLE.COM (auth:KERBEROS) for protocol=interface org.apache.hadoop.hdds.scm.protocol.StorageContainerLocationProtocol
s3g_1       | 	at java.base/jdk.internal.reflect.DelegatingMethodAccessorImpl.invoke(DelegatingMethodAccessorImpl.java:43)
datanode_1  | 2019-10-25 18:26:15,548 INFO server.RaftServerConfigKeys: raft.server.snapshot.auto.trigger.threshold = 10000 (custom)
om_1        | 2019-10-25 18:26:13,679 INFO impl.MetricsSinkAdapter: Sink prometheus started
datanode_3  | 2019-10-25 18:26:15,571 INFO server.RaftServerConfigKeys: raft.server.log.preallocated.size = 16384 (custom)
kdc_1       | Oct 25 18:25:55 kdc kadmind[15](Notice): Request: kadm5_get_policy, default, Policy does not exist, client=admin/admin@EXAMPLE.COM, service=kadmin/admin@EXAMPLEadmin/admin@EXAMPLE.COM
datanode_2  | 2019-10-25 18:26:15,570 INFO server.RaftServerConfigKeys: raft.server.log.queue.byte-limit = 2147483647 (custom)
scm_1       | 2019-10-25 18:26:33,291 INFO ipc.Server: Auth successful for om/om@EXAMPLE.COM (auth:KERBEROS)
s3g_1       | 	at java.base/java.lang.reflect.Method.invoke(Method.java:566)
datanode_1  | 2019-10-25 18:26:15,548 INFO server.RaftServerConfigKeys: raft.server.snapshot.retention.file.num = 5 (custom)
om_1        | 2019-10-25 18:26:13,679 INFO impl.MetricsSystemImpl: Registered sink prometheus
datanode_3  | 2019-10-25 18:26:15,571 INFO server.RaftServerConfigKeys: raft.server.log.write.buffer.size = 33554432 (custom)
kdc_1       | Oct 25 18:25:55 kdc krb5kdc[9](info): AS_REQ (8 etypes {18 17 20 19 16 23 25 26}) 127.0.0.1: SERVER_NOT_FOUND: admin/admin@EXAMPLE.COM for kadmin/localhost@EXAMPLE.COM, Server not found in Kerberos database
datanode_2  | 2019-10-25 18:26:15,570 INFO server.RaftServerConfigKeys: raft.server.log.queue.element-limit = 1024 (custom)
scm_1       | 2019-10-25 18:26:33,294 INFO authorize.ServiceAuthorizationManager: Authorization successful for om/om@EXAMPLE.COM (auth:KERBEROS) for protocol=interface org.apache.hadoop.hdds.scm.protocol.ScmBlockLocationProtocol
s3g_1       | 	at org.apache.hadoop.hdds.tracing.TraceAllMethod.invoke(TraceAllMethod.java:66)
datanode_1  | 2019-10-25 18:26:15,549 INFO server.RaftServerConfigKeys: raft.server.retrycache.expirytime = 600000ms (custom)
om_1        | 2019-10-25 18:26:13,682 INFO server.BaseHttpServer: HTTP server of OZONEMANAGER is listening at http://0.0.0.0:9874
datanode_3  | 2019-10-25 18:26:15,571 INFO server.RaftServerConfigKeys: raft.server.log.force.sync.num = 128 (default)
kdc_1       | Oct 25 18:25:55 kdc krb5kdc[9](info): AS_REQ (8 etypes {18 17 20 19 16 23 25 26}) 127.0.0.1: ISSUE: authtime 1572027955, etypes {rep=18 tkt=18 ses=18}, admin/admin@EXAMPLE.COM for kadmin/admin@EXAMPLE.COM
datanode_2  | 2019-10-25 18:26:15,570 INFO server.RaftServerConfigKeys: raft.server.log.segment.size.max = 1048576 (custom)
scm_1       | 2019-10-25 18:26:34,791 INFO ipc.Server: Auth successful for dn/89e992a96b7e@EXAMPLE.COM (auth:KERBEROS)
s3g_1       | 	at com.sun.proxy.$Proxy84.getServiceInfo(Unknown Source)
datanode_1  | 2019-10-25 18:26:15,549 WARN impl.MetricRegistriesImpl: First MetricRegistry has been created without registering reporters. You may need to call MetricRegistries.global().addReportRegistration(...) before.
om_1        | 2019-10-25 18:26:31,149 INFO ipc.Server: Auth successful for HTTP/scm@EXAMPLE.COM (auth:KERBEROS)
kdc_1       | Oct 25 18:25:55 kdc krb5kdc[9](info): AS_REQ (8 etypes {18 17 20 19 16 23 25 26}) 127.0.0.1: SERVER_NOT_FOUND: admin/admin@EXAMPLE.COM for kadmin/localhost@EXAMPLE.COM, Server not found in Kerberos database
datanode_3  | 2019-10-25 18:26:15,571 INFO server.RaftServerConfigKeys: raft.server.log.statemachine.data.sync = true (default)
datanode_2  | 2019-10-25 18:26:15,570 INFO server.RaftServerConfigKeys: raft.server.log.preallocated.size = 16384 (custom)
scm_1       | 2019-10-25 18:26:34,796 INFO authorize.ServiceAuthorizationManager: Authorization successful for dn/89e992a96b7e@EXAMPLE.COM (auth:KERBEROS) for protocol=interface org.apache.hadoop.hdds.protocol.SCMSecurityProtocol
s3g_1       | 	at org.apache.hadoop.ozone.client.rpc.RpcClient.<init>(RpcClient.java:154)
datanode_1  | 2019-10-25 18:26:15,549 WARN impl.MetricRegistriesImpl: First MetricRegistry has been created without registering reporters. You may need to call MetricRegistries.global().addReportRegistration(...) before.
om_1        | 2019-10-25 18:26:31,165 INFO authorize.ServiceAuthorizationManager: Authorization successful for HTTP/scm@EXAMPLE.COM (auth:KERBEROS) for protocol=interface org.apache.hadoop.ozone.om.protocol.OzoneManagerProtocol
kdc_1       | Oct 25 18:25:55 kdc krb5kdc[9](info): AS_REQ (8 etypes {18 17 20 19 16 23 25 26}) 127.0.0.1: ISSUE: authtime 1572027955, etypes {rep=18 tkt=18 ses=18}, admin/admin@EXAMPLE.COM for kadmin/admin@EXAMPLE.COM
datanode_3  | 2019-10-25 18:26:15,571 INFO server.RaftServerConfigKeys: raft.server.log.statemachine.data.sync.timeout = 10s (default)
datanode_2  | 2019-10-25 18:26:15,570 INFO server.RaftServerConfigKeys: raft.server.log.write.buffer.size = 33554432 (custom)
scm_1       | 2019-10-25 18:26:34,909 INFO ipc.Server: Auth successful for dn/c5dff296c3c0@EXAMPLE.COM (auth:KERBEROS)
s3g_1       | 	at org.apache.hadoop.ozone.client.OzoneClientFactory.getClientProtocol(OzoneClientFactory.java:256)
datanode_1  | 2019-10-25 18:26:15,549 INFO impl.RaftServerImpl: e66dc115-49b9-4d68-a7f2-343c1fcd431c@group-B31C0142037A: start as a follower, conf=-1: [e66dc115-49b9-4d68-a7f2-343c1fcd431c:172.18.0.9:9858, c6980a12-c758-478e-b176-b2af6f2ae730:172.18.0.7:9858, c2f2a99a-795c-43be-a6db-4bb0176e23bb:172.18.0.10:9858], old=null
om_1        | 2019-10-25 18:26:32,494 [IPC Server handler 0 on 9862] INFO       - created volume:vol-0-24275 for user:HTTP/scm@EXAMPLE.COM
kdc_1       | Oct 25 18:25:55 kdc krb5kdc[9](info): AS_REQ (8 etypes {18 17 20 19 16 23 25 26}) 127.0.0.1: SERVER_NOT_FOUND: admin/admin@EXAMPLE.COM for kadmin/localhost@EXAMPLE.COM, Server .COM, addr=127.0.0.1
datanode_3  | 2019-10-25 18:26:15,571 INFO server.RaftServerConfigKeys: raft.server.log.statemachine.data.sync.timeout.retry = -1 (default)
datanode_2  | 2019-10-25 18:26:15,570 INFO server.RaftServerConfigKeys: raft.server.log.force.sync.num = 128 (default)
scm_1       | 2019-10-25 18:26:34,915 INFO authorize.ServiceAuthorizationManager: Authorization successful for dn/c5dff296c3c0@EXAMPLE.COM (auth:KERBEROS) for protocol=interface org.apache.hadoop.hdds.protocol.SCMSecurityProtocol
s3g_1       | 	at org.apache.hadoop.ozone.client.OzoneClientFactory.getClientProtocol(OzoneClientFactory.java:239)
om_1        | 2019-10-25 18:26:32,536 [IPC Server handler 2 on 9862] INFO       - created volume:vol-1-18538 for user:HTTP/scm@EXAMPLE.COM
datanode_1  | 2019-10-25 18:26:15,549 INFO impl.RaftServerImpl: e66dc115-49b9-4d68-a7f2-343c1fcd431c@group-B31C0142037A: changes role from      null to FOLLOWER at term 0 for startAsFollower
kdc_1       | Oct 25 18:25:55 kdc kadmind[15](Notice): Request: kadm5_create_principal, scm/om@EXAMPLE.COM, success, client=admin/admin@EXAMPLE.COM, service=kadmin/admin@EXAMPLE.COM, addr=127.0.0.1
datanode_3  | 2019-10-25 18:26:15,572 INFO server.RaftServerConfigKeys: raft.server.log.statemachine.data.caching.enabled = true (custom)
datanode_2  | 2019-10-25 18:26:15,571 INFO server.RaftServerConfigKeys: raft.server.log.statemachine.data.sync = true (default)
scm_1       | 2019-10-25 18:26:34,928 INFO ipc.Server: Auth successful for dn/455f33a9c329@EXAMPLE.COM (auth:KERBEROS)
s3g_1       | 	at org.apache.hadoop.ozone.client.OzoneClientFactory.getClient(OzoneClientFactory.java:75)
om_1        | 2019-10-25 18:26:32,560 [IPC Server handler 5 on 9862] INFO       - created volume:vol-2-52325 for user:HTTP/scm@EXAMPLE.COM
kdc_1       | Oct 25 18:25:55 kdc kadmind[15](info): closing down fd 18
datanode_3  | 2019-10-25 18:26:15,572 INFO segmented.SegmentedRaftLogWorker: c2f2a99a-795c-43be-a6db-4bb0176e23bb@group-B31C0142037A-SegmentedRaftLogWorker: flushIndex: setUnconditionally 0 -> -1
datanode_2  | 2019-10-25 18:26:15,571 INFO server.RaftServerConfigKeys: raft.server.log.statemachine.data.sync.timeout = 10s (default)
s3g_1       | 	at org.apache.hadoop.ozone.s3.OzoneClientProducer.getClient(OzoneClientProducer.java:114)
scm_1       | 2019-10-25 18:26:34,932 INFO authorize.ServiceAuthorizationManager: Authorization successful for dn/455f33a9c329@EXAMPLE.COM (auth:KERBEROS) for protocol=interface org.apache.hadoop.hdds.protocol.SCMSecurityProtocol
datanode_1  | 2019-10-25 18:26:15,549 INFO impl.RoleInfo: e66dc115-49b9-4d68-a7f2-343c1fcd431c: start FollowerState
om_1        | 2019-10-25 18:26:32,581 [IPC Server handler 6 on 9862] INFO       - created volume:vol-3-53370 for user:HTTP/scm@EXAMPLE.COM
kdc_1       | Oct 25 18:25:55 kdc kadmind[15](Notice): Request: kadm5_init, admin/admin@EXAMPLE.COM, success, client=admin/admin@EXAMPLE.COM, service=kadmin/admin@EXAMPLE.COM, addr=127.0.0.1, vers=4, flavor=6
datanode_2  | 2019-10-25 18:26:15,571 INFO server.RaftServerConfigKeys: raft.server.log.statemachine.data.sync.timeout.retry = -1 (default)
datanode_3  | 2019-10-25 18:26:15,572 INFO server.RaftServerConfigKeys: raft.server.snapshot.auto.trigger.enabled = true (custom)
s3g_1       | 	at org.apache.hadoop.ozone.s3.OzoneClientProducer.createClient(OzoneClientProducer.java:71)
datanode_1  | 2019-10-25 18:26:15,550 INFO util.JmxRegister: Successfully registered JMX Bean with object name Ratis:service=RaftServer,group=group-B31C0142037A,id=e66dc115-49b9-4d68-a7f2-343c1fcd431c
om_1        | 2019-10-25 18:26:32,605 [IPC Server handler 7 on 9862] INFO       - created volume:vol-4-49632 for user:HTTP/scm@EXAMPLE.COM
kdc_1       | Oct 25 18:25:55 kdc kadmind[15](Notice): Request: kadm5_randkey_principal, scm/om@EXAMPLE.COM, success, client=admin/admin@EXAMPLE.COM, service=kadmin/admin@EXAMPLE.COM, addr=127.0.0.1
datanode_2  | 2019-10-25 18:26:15,571 INFO server.RaftServerConfigKeys: raft.server.log.statemachine.data.caching.enabled = true (custom)
datanode_3  | 2019-10-25 18:26:15,572 INFO server.RaftServerConfigKeys: raft.server.snapshot.auto.trigger.threshold = 10000 (custom)
scm_1       | 2019-10-25 18:26:35,071 INFO ipc.Server: Auth successful for dn/89e992a96b7e@EXAMPLE.COM (auth:KERBEROS)
s3g_1       | 	at java.base/jdk.internal.reflect.NativeMethodAccessorImpl.invoke0(Native Method)
om_1        | 2019-10-25 18:26:54,750 INFO ipc.Server: Auth successful for testuser/scm@EXAMPLE.COM (auth:KERBEROS)
kdc_1       | Oct 25 18:25:55 kdc kadmind[15](Notice): Request: kadm5_get_principal, scm/om@EXAMPLE.COM, success, client=admin/admin@EXAMPLE.COM, service=kadmin/admin@EXAMPLE.COM, addr=127.0.0.1
datanode_3  | 2019-10-25 18:26:15,572 INFO server.RaftServerConfigKeys: raft.server.snapshot.retention.file.num = 5 (custom)
datanode_2  | 2019-10-25 18:26:15,571 INFO segmented.SegmentedRaftLogWorker: c6980a12-c758-478e-b176-b2af6f2ae730@group-B31C0142037A-SegmentedRaftLogWorker: flushIndex: setUnconditionally 0 -> -1
scm_1       | 2019-10-25 18:26:35,075 INFO authorize.ServiceAuthorizationManager: Authorization successful for dn/89e992a96b7e@EXAMPLE.COM (auth:KERBEROS) for protocol=interface org.apache.hadoop.ozone.protocol.StorageContainerDatanodeProtocol
s3g_1       | 	at java.base/jdk.internal.reflect.NativeMethodAccessorImpl.invoke(NativeMethodAccessorImpl.java:62)
om_1        | 2019-10-25 18:26:54,761 INFO authorize.ServiceAuthorizationManager: Authorization successful for testuser/scm@EXAMPLE.COM (auth:KERBEROS) for protocol=interface org.apache.hadoop.ozone.om.protocol.OzoneManagerProtocol
datanode_1  | 2019-10-25 18:26:15,550 WARN impl.MetricRegistriesImpl: First MetricRegistry has been created without registering reporters. You may need to call MetricRegistries.global().addReportRegistration(...) before.
kdc_1       | Oct 25 18:25:55 kdc kadmind[15](info): closing down fd 18
datanode_3  | 2019-10-25 18:26:15,572 INFO server.RaftServerConfigKeys: raft.server.retrycache.expirytime = 600000ms (custom)
datanode_2  | 2019-10-25 18:26:15,571 INFO server.RaftServerConfigKeys: raft.server.snapshot.auto.trigger.enabled = true (custom)
scm_1       | 2019-10-25 18:26:35,189 INFO ipc.Server: Auth successful for dn/c5dff296c3c0@EXAMPLE.COM (auth:KERBEROS)
s3g_1       | 	at java.base/jdk.internal.reflect.DelegatingMethodAccessorImpl.invoke(DelegatingMethodAccessorImpl.java:43)
om_1        | 2019-10-25 18:26:57,309 INFO ipc.Server: Auth successful for testuser/scm@EXAMPLE.COM (auth:KERBEROS)
datanode_1  | 2019-10-25 18:26:20,455 INFO impl.FollowerState: e66dc115-49b9-4d68-a7f2-343c1fcd431c@group-2D00BD1CAE0F-FollowerState: change to CANDIDATE, lastRpcTime:5046ms, electionTimeout:5045ms
kdc_1       | Oct 25 18:25:55 kdc kadmind[15](Notice): Request: kadm5_init, admin/admin@EXAMPLE.COM, success, client=admin/admin@EXAMPLE.COM, service=kadminnot found in Kerberos database
datanode_3  | 2019-10-25 18:26:15,573 WARN impl.MetricRegistriesImpl: First MetricRegistry has been created without registering reporters. You may need to call MetricRegistries.global().addReportRegistration(...) before.
scm_1       | 2019-10-25 18:26:35,193 INFO authorize.ServiceAuthorizationManager: Authorization successful for dn/c5dff296c3c0@EXAMPLE.COM (auth:KERBEROS) for protocol=interface org.apache.hadoop.ozone.protocol.StorageContainerDatanodeProtocol
datanode_2  | 2019-10-25 18:26:15,572 INFO server.RaftServerConfigKeys: raft.server.snapshot.auto.trigger.threshold = 10000 (custom)
s3g_1       | 	at java.base/java.lang.reflect.Method.invoke(Method.java:566)
om_1        | 2019-10-25 18:26:57,321 INFO authorize.ServiceAuthorizationManager: Authorization successful for testuser/scm@EXAMPLE.COM (auth:KERBEROS) for protocol=interface org.apache.hadoop.ozone.om.protocol.OzoneManagerProtocol
datanode_1  | 2019-10-25 18:26:20,456 INFO impl.RoleInfo: e66dc115-49b9-4d68-a7f2-343c1fcd431c: shutdown FollowerState
kdc_1       | Oct 25 18:25:55 kdc krb5kdc[9](info): AS_REQ (8 etypes {18 17 20 19 16 23 25 26}) 127.0.0.1: ISSUE: authtime 1572027955, etypes {rep=18 tkt=18 ses=18}, admin/admin@EXAMPLE.COM for kadmin/admin@EXAMPLE.COM
datanode_3  | 2019-10-25 18:26:15,573 WARN impl.MetricRegistriesImpl: First MetricRegistry has been created without registering reporters. You may need to call MetricRegistries.global().addReportRegistration(...) before.
scm_1       | 2019-10-25 18:26:35,195 INFO ipc.Server: Auth successful for dn/455f33a9c329@EXAMPLE.COM (auth:KERBEROS)
datanode_2  | 2019-10-25 18:26:15,572 INFO server.RaftServerConfigKeys: raft.server.snapshot.retention.file.num = 5 (custom)
s3g_1       | 	at org.jboss.weld.injection.StaticMethodInjectionPoint.invoke(StaticMethodInjectionPoint.java:88)
om_1        | 2019-10-25 18:26:57,989 [IPC Server handler 6 on 9862] INFO       - created volume:06226-rpcwoport for user:testuser/scm@EXAMPLE.COM
datanode_1  | 2019-10-25 18:26:20,457 INFO impl.RaftServerImpl: e66dc115-49b9-4d68-a7f2-343c1fcd431c@group-2D00BD1CAE0F: changes role from  FOLLOWER to CANDIDATE at term 0 for changeToCandidate
kdc_1       | /admin@EXAMPLE.COM, addr=127.0.0.1, vers=4, flavor=6
datanode_3  | 2019-10-25 18:26:15,573 INFO impl.RaftServerImpl: c2f2a99a-795c-43be-a6db-4bb0176e23bb@group-B31C0142037A: start as a follower, conf=-1: [e66dc115-49b9-4d68-a7f2-343c1fcd431c:172.18.0.9:9858, c6980a12-c758-478e-b176-b2af6f2ae730:172.18.0.7:9858, c2f2a99a-795c-43be-a6db-4bb0176e23bb:172.18.0.10:9858], old=null
scm_1       | 2019-10-25 18:26:35,198 INFO authorize.ServiceAuthorizationManager: Authorization successful for dn/455f33a9c329@EXAMPLE.COM (auth:KERBEROS) for protocol=interface org.apache.hadoop.ozone.protocol.StorageContainerDatanodeProtocol
datanode_2  | 2019-10-25 18:26:15,572 INFO server.RaftServerConfigKeys: raft.server.retrycache.expirytime = 600000ms (custom)
s3g_1       | 	at org.jboss.weld.injection.StaticMethodInjectionPoint.invoke(StaticMethodInjectionPoint.java:78)
om_1        | 2019-10-25 18:26:59,902 INFO ipc.Server: Auth successful for testuser/scm@EXAMPLE.COM (auth:KERBEROS)
kdc_1       | Oct 25 18:25:55 kdc kadmind[15](Notice): Request: kadm5_get_policy, default, Policy does not exist, client=admin/admin@EXAMPLE.COM, service=kadmin/admin@EXAMPLE.COM, addr=127.0.0.1
datanode_1  | 2019-10-25 18:26:20,462 INFO impl.RoleInfo: e66dc115-49b9-4d68-a7f2-343c1fcd431c: start LeaderElection
datanode_3  | 2019-10-25 18:26:15,573 INFO impl.RaftServerImpl: c2f2a99a-795c-43be-a6db-4bb0176e23bb@group-B31C0142037A: changes role from      null to FOLLOWER at term 0 for startAsFollower
scm_1       | 2019-10-25 18:26:54,780 INFO ipc.Server: Auth successful for om/om@EXAMPLE.COM (auth:KERBEROS)
datanode_2  | 2019-10-25 18:26:15,572 WARN impl.MetricRegistriesImpl: First MetricRegistry has been created without registering reporters. You may need to call MetricRegistries.global().addReportRegistration(...) before.
s3g_1       | 	at org.jboss.weld.injection.producer.ProducerMethodProducer.produce(ProducerMethodProducer.java:100)
om_1        | 2019-10-25 18:26:59,913 INFO authorize.ServiceAuthorizationManager: Authorization successful for testuser/scm@EXAMPLE.COM (auth:KERBEROS) for protocol=interface org.apache.hadoop.ozone.om.protocol.OzoneManagerProtocol
kdc_1       | Oct 25 18:25:55 kdc kadmind[15](Notice): Request: kadm5_create_principal, scm/455f33a9c329@EXAMPLE.COM, success, client=admin/admin@EXAMPLE.COM, service=kadmin/admin@EXAMPLE.COM, addr=127.0.0.1
datanode_1  | 2019-10-25 18:26:20,476 INFO impl.LeaderElection: e66dc115-49b9-4d68-a7f2-343c1fcd431c@group-2D00BD1CAE0F-LeaderElection1: begin an election at term 1 for -1: [e66dc115-49b9-4d68-a7f2-343c1fcd431c:172.18.0.9:9858], old=null
datanode_3  | 2019-10-25 18:26:15,573 INFO impl.RoleInfo: c2f2a99a-795c-43be-a6db-4bb0176e23bb: start FollowerState
scm_1       | 2019-10-25 18:26:54,782 INFO authorize.ServiceAuthorizationManager: Authorization successful for om/om@EXAMPLE.COM (auth:KERBEROS) for protocol=interface org.apache.hadoop.hdds.scm.protocol.StorageContainerLocationProtocol
datanode_2  | 2019-10-25 18:26:15,572 WARN impl.MetricRegistriesImpl: First MetricRegistry has been created without registering reporters. You may need to call MetricRegistries.global().addReportRegistration(...) before.
s3g_1       | 	at org.jboss.weld.injection.producer.AbstractMemberProducer.produce(AbstractMemberProducer.java:161)
om_1        | 2019-10-25 18:27:02,452 INFO ipc.Server: Auth successful for testuser/scm@EXAMPLE.COM (auth:KERBEROS)
kdc_1       | Oct 25 18:25:55 kdc kadmind[15](info): closing down fd 18
datanode_1  | 2019-10-25 18:26:20,477 INFO impl.RoleInfo: e66dc115-49b9-4d68-a7f2-343c1fcd431c: shutdown LeaderElection
datanode_3  | 2019-10-25 18:26:15,574 INFO util.JmxRegister: Successfully registered JMX Bean with object name Ratis:service=RaftServer,group=group-B31C0142037A,id=c2f2a99a-795c-43be-a6db-4bb0176e23bb
scm_1       | 2019-10-25 18:27:05,959 INFO ipc.Server: Auth successful for dn/89e992a96b7e@EXAMPLE.COM (auth:KERBEROS)
datanode_2  | 2019-10-25 18:26:15,572 INFO impl.RaftServerImpl: c6980a12-c758-478e-b176-b2af6f2ae730@group-B31C0142037A: start as a follower, conf=-1: [e66dc115-49b9-4d68-a7f2-343c1fcd431c:172.18.0.9:9858, c6980a12-c758-478e-b176-b2af6f2ae730:172.18.0.7:9858, c2f2a99a-795c-43be-a6db-4bb0176e23bb:172.18.0.10:9858], old=null
s3g_1       | 	at org.jboss.weld.bean.AbstractProducerBean.create(AbstractProducerBean.java:180)
om_1        | 2019-10-25 18:27:02,461 INFO authorize.ServiceAuthorizationManager: Authorization successful for testuser/scm@EXAMPLE.COM (auth:KERBEROS) for protocol=interface org.apache.hadoop.ozone.om.protocol.OzoneManagerProtocol
datanode_1  | 2019-10-25 18:26:20,478 INFO impl.RaftServerImpl: e66dc115-49b9-4d68-a7f2-343c1fcd431c@group-2D00BD1CAE0F: changes role from CANDIDATE to LEADER at term 1 for changeToLeader
datanode_3  | 2019-10-25 18:26:15,574 WARN impl.MetricRegistriesImpl: First MetricRegistry has been created without registering reporters. You may need to call MetricRegistries.global().addReportRegistration(...) before.
scm_1       | 2019-10-25 18:27:05,961 INFO ipc.Server: Auth successful for dn/455f33a9c329@EXAMPLE.COM (auth:KERBEROS)
datanode_2  | 2019-10-25 18:26:15,572 INFO impl.RaftServerImpl: c6980a12-c758-478e-b176-b2af6f2ae730@group-B31C0142037A: changes role from      null to FOLLOWER at term 0 for startAsFollower
kdc_1       | Oct 25 18:25:55 kdc kadmind[15](Notice): Request: kadm5_init, admin/admin@EXAMPLE.COM, success, client=admin/admin@EXAMPLE.COM, service=kadmin/admin@EXAMPLE.COM, addr=127.0.0.1, vers=4, flavor=6
s3g_1       | 	at org.jboss.weld.context.unbound.DependentContextImpl.get(DependentContextImpl.java:70)
om_1        | 2019-10-25 18:27:05,184 INFO ipc.Server: Auth successful for testuser/scm@EXAMPLE.COM (auth:KERBEROS)
datanode_1  | 2019-10-25 18:26:20,478 INFO impl.RaftServerImpl: e66dc115-49b9-4d68-a7f2-343c1fcd431c@group-2D00BD1CAE0F: change Leader from null to e66dc115-49b9-4d68-a7f2-343c1fcd431c at term 1 for becomeLeader, leader elected after 5140ms
datanode_3  | 2019-10-25 18:26:20,093 INFO impl.FollowerState: c2f2a99a-795c-43be-a6db-4bb0176e23bb@group-22C350AC63D2-FollowerState: change to CANDIDATE, lastRpcTime:5102ms, electionTimeout:5101ms
scm_1       | 2019-10-25 18:27:05,962 INFO ipc.Server: Auth successful for dn/c5dff296c3c0@EXAMPLE.COM (auth:KERBEROS)
kdc_1       | Oct 25 18:25:55 kdc kadmind[15](Notice): Request: kadm5_randkey_principal, scm/455f33a9c329@EXAMPLE.COM, success, client=admin/admin@EXAMPLE.COM, service=kadmin/admin@EXAMPLE.COM, addr=127.0.0.1
s3g_1       | 	at org.jboss.weld.bean.ContextualInstanceStrategy$DefaultContextualInstanceStrategy.get(ContextualInstanceStrategy.java:100)
datanode_2  | 2019-10-25 18:26:15,572 INFO impl.RoleInfo: c6980a12-c758-478e-b176-b2af6f2ae730: start FollowerState
om_1        | 2019-10-25 18:27:05,196 INFO authorize.ServiceAuthorizationManager: Authorization successful for testuser/scm@EXAMPLE.COM (auth:KERBEROS) for protocol=interface org.apache.hadoop.ozone.om.protocol.OzoneManagerProtocol
datanode_1  | 2019-10-25 18:26:20,484 INFO server.RaftServerConfigKeys: raft.server.staging.catchup.gap = 1000 (default)
datanode_3  | 2019-10-25 18:26:20,093 INFO impl.RoleInfo: c2f2a99a-795c-43be-a6db-4bb0176e23bb: shutdown FollowerState
scm_1       | 2019-10-25 18:27:05,963 INFO authorize.ServiceAuthorizationManager: Authorization successful for dn/89e992a96b7e@EXAMPLE.COM (auth:KERBEROS) for protocol=interface org.apache.hadoop.ozone.protocol.StorageContainerDatanodeProtocol
kdc_1       | Oct 25 18:25:55 kdc kadmind[15](Notice): Request: kadm5_get_principal, scm/455f33a9c329@EXAMPLE.COM, success, client=admin/admin@EXAMPLE.COM, service=kadmin/admin@EXAMPLE.COM, addr=127.0.0.1
