rm_1        | Nov 07, 2019 2:44:20 PM com.sun.jersey.guice.spi.container.GuiceComponentProviderFactory register
datanode_1  | 2019-11-07 14:44:29,054 INFO impl.RaftServerImpl: afab6f5d-b14d-47ff-b8ca-5223e185adbb@group-79F85B0C0A5B: changes role from      null to FOLLOWER at term 0 for startAsFollower
nm_1        | 2019-11-07 14:45:42 INFO  NMAuditLogger:89 - USER=hadoop	IP=172.18.0.2	OPERATION=Start Container Request	TARGET=ContainerManageImpl	RESULT=SUCCESS	APPID=application_1573137858906_0001	CONTAINERID=container_1573137858906_0001_01_000002
rm_1        | INFO: Registering org.apache.hadoop.yarn.server.resourcemanager.webapp.RMWebServices as a root resource class
datanode_2  | 2019-11-07 14:44:28,985 INFO server.RaftServerConfigKeys: raft.server.log.statemachine.data.sync.timeout = 10s (default)
datanode_3  | 2019-11-07 14:44:29,051 INFO server.RaftServerConfigKeys: raft.server.snapshot.retention.file.num = 5 (custom)
datanode_1  | 2019-11-07 14:44:29,054 INFO impl.RoleInfo: afab6f5d-b14d-47ff-b8ca-5223e185adbb: start FollowerState
nm_1        | 2019-11-07 14:45:42 INFO  ApplicationImpl:304 - Adding container_1573137858906_0001_01_000002 to application application_1573137858906_0001
rm_1        | Nov 07, 2019 2:44:20 PM com.sun.jersey.guice.spi.container.GuiceComponentProviderFactory register
datanode_2  | 2019-11-07 14:44:28,985 INFO server.RaftServerConfigKeys: raft.server.log.statemachine.data.sync.timeout.retry = -1 (default)
datanode_3  | 2019-11-07 14:44:29,051 INFO server.RaftServerConfigKeys: raft.server.retrycache.expirytime = 600000ms (custom)
datanode_1  | 2019-11-07 14:44:29,055 INFO util.JmxRegister: Successfully registered JMX Bean with object name Ratis:service=RaftServer,group=group-79F85B0C0A5B,id=afab6f5d-b14d-47ff-b8ca-5223e185adbb
nm_1        | 2019-11-07 14:45:42 INFO  ContainerImpl:1135 - Container container_1573137858906_0001_01_000002 transitioned from NEW to LOCALIZING
rm_1        | INFO: Registering org.apache.hadoop.yarn.webapp.GenericExceptionHandler as a provider class
datanode_2  | 2019-11-07 14:44:28,985 INFO server.RaftServerConfigKeys: raft.server.log.statemachine.data.caching.enabled = true (custom)
datanode_3  | 2019-11-07 14:44:29,051 WARN impl.MetricRegistriesImpl: First MetricRegistry has been created without registering reporters. You may need to call MetricRegistries.global().addReportRegistration(...) before.
datanode_1  | 2019-11-07 14:44:29,055 WARN impl.MetricRegistriesImpl: First MetricRegistry has been created without registering reporters. You may need to call MetricRegistries.global().addReportRegistration(...) before.
nm_1        | 2019-11-07 14:45:42 INFO  AuxServices:196 - Got event CONTAINER_INIT for appId application_1573137858906_0001
rm_1        | Nov 07, 2019 2:44:20 PM com.sun.jersey.server.impl.application.WebApplicationImpl _initiate
datanode_2  | 2019-11-07 14:44:28,986 INFO segmented.SegmentedRaftLogWorker: 487af409-5f07-4147-9b4b-4e10c7409982@group-79F85B0C0A5B-SegmentedRaftLogWorker: flushIndex: setUnconditionally 0 -> -1
datanode_3  | 2019-11-07 14:44:29,052 WARN impl.MetricRegistriesImpl: First MetricRegistry has been created without registering reporters. You may need to call MetricRegistries.global().addReportRegistration(...) before.
datanode_1  | 2019-11-07 14:44:33,371 INFO impl.FollowerState: afab6f5d-b14d-47ff-b8ca-5223e185adbb@group-20DA1F573E0A-FollowerState: change to CANDIDATE, lastRpcTime:5082ms, electionTimeout:5081ms
nm_1        | 2019-11-07 14:45:42 INFO  AuxServices:196 - Got event APPLICATION_INIT for appId application_1573137858906_0001
rm_1        | INFO: Initiating Jersey application, version 'Jersey: 1.9 09/02/2011 11:17 AM'
datanode_2  | 2019-11-07 14:44:29,051 INFO server.RaftServerConfigKeys: raft.server.snapshot.auto.trigger.enabled = true (custom)
datanode_3  | 2019-11-07 14:44:29,053 INFO impl.RaftServerImpl: 6a4ca11d-a65e-4b30-b9e3-0dbdf8f94f2d@group-79F85B0C0A5B: start as a follower, conf=-1: [afab6f5d-b14d-47ff-b8ca-5223e185adbb:172.18.0.9:9858, 6a4ca11d-a65e-4b30-b9e3-0dbdf8f94f2d:172.18.0.7:9858, 487af409-5f07-4147-9b4b-4e10c7409982:172.18.0.5:9858], old=null
datanode_1  | 2019-11-07 14:44:33,373 INFO impl.RoleInfo: afab6f5d-b14d-47ff-b8ca-5223e185adbb: shutdown FollowerState
nm_1        | 2019-11-07 14:45:42 INFO  AuxServices:200 - Got APPLICATION_INIT for service mapreduce_shuffle
rm_1        | Nov 07, 2019 2:44:20 PM com.sun.jersey.guice.spi.container.GuiceComponentProviderFactory getComponentProvider
datanode_2  | 2019-11-07 14:44:29,051 INFO server.RaftServerConfigKeys: raft.server.snapshot.auto.trigger.threshold = 10000 (custom)
datanode_3  | 2019-11-07 14:44:29,053 INFO impl.RaftServerImpl: 6a4ca11d-a65e-4b30-b9e3-0dbdf8f94f2d@group-79F85B0C0A5B: changes role from      null to FOLLOWER at term 0 for startAsFollower
datanode_1  | 2019-11-07 14:44:33,374 INFO impl.RaftServerImpl: afab6f5d-b14d-47ff-b8ca-5223e185adbb@group-20DA1F573E0A: changes role from  FOLLOWER to CANDIDATE at term 0 for changeToCandidate
nm_1        | 2019-11-07 14:45:42 INFO  ShuffleHandler:677 - Added token for job_1573137858906_0001
rm_1        | INFO: Binding org.apache.hadoop.yarn.server.resourcemanager.webapp.JAXBContextResolver to GuiceManagedComponentProvider with the scope "Singleton"
datanode_2  | 2019-11-07 14:44:29,051 INFO server.RaftServerConfigKeys: raft.server.snapshot.retention.file.num = 5 (custom)
datanode_3  | 2019-11-07 14:44:29,054 INFO impl.RoleInfo: 6a4ca11d-a65e-4b30-b9e3-0dbdf8f94f2d: start FollowerState
datanode_1  | 2019-11-07 14:44:33,378 INFO impl.RoleInfo: afab6f5d-b14d-47ff-b8ca-5223e185adbb: start LeaderElection
rm_1        | 2019-11-07 14:44:21 INFO  RackResolver:109 - Resolved nm to /default-rack
datanode_2  | 2019-11-07 14:44:29,052 INFO server.RaftServerConfigKeys: raft.server.retrycache.expirytime = 600000ms (custom)
datanode_3  | 2019-11-07 14:44:29,054 INFO util.JmxRegister: Successfully registered JMX Bean with object name Ratis:service=RaftServer,group=group-79F85B0C0A5B,id=6a4ca11d-a65e-4b30-b9e3-0dbdf8f94f2d
datanode_1  | 2019-11-07 14:44:33,394 INFO impl.LeaderElection: afab6f5d-b14d-47ff-b8ca-5223e185adbb@group-20DA1F573E0A-LeaderElection1: begin an election at term 1 for -1: [afab6f5d-b14d-47ff-b8ca-5223e185adbb:172.18.0.9:9858], old=null
nm_1        | 2019-11-07 14:45:42 INFO  ContainerImpl:1135 - Container container_1573137858906_0001_01_000002 transitioned from LOCALIZING to LOCALIZED
datanode_2  | 2019-11-07 14:44:29,052 WARN impl.MetricRegistriesImpl: First MetricRegistry has been created without registering reporters. You may need to call MetricRegistries.global().addReportRegistration(...) before.
datanode_3  | 2019-11-07 14:44:29,054 WARN impl.MetricRegistriesImpl: First MetricRegistry has been created without registering reporters. You may need to call MetricRegistries.global().addReportRegistration(...) before.
rm_1        | 2019-11-07 14:44:21 INFO  ResourceTrackerService:345 - NodeManager from node nm(cmPort: 33498 httpPort: 8042) registered with capability: <memory:8192, vCores:8>, assigned nodeId nm:33498
datanode_1  | 2019-11-07 14:44:33,396 INFO impl.RoleInfo: afab6f5d-b14d-47ff-b8ca-5223e185adbb: shutdown LeaderElection
nm_1        | 2019-11-07 14:45:42 INFO  ContainerImpl:1135 - Container container_1573137858906_0001_01_000002 transitioned from LOCALIZED to RUNNING
datanode_2  | 2019-11-07 14:44:29,052 WARN impl.MetricRegistriesImpl: First MetricRegistry has been created without registering reporters. You may need to call MetricRegistries.global().addReportRegistration(...) before.
datanode_3  | 2019-11-07 14:44:32,840 INFO impl.FollowerState: 6a4ca11d-a65e-4b30-b9e3-0dbdf8f94f2d@group-BD0282B11020-FollowerState: change to CANDIDATE, lastRpcTime:5065ms, electionTimeout:5064ms
rm_1        | Nov 07, 2019 2:44:21 PM com.sun.jersey.guice.spi.container.GuiceComponentProviderFactory getComponentProvider
datanode_1  | 2019-11-07 14:44:33,396 INFO impl.RaftServerImpl: afab6f5d-b14d-47ff-b8ca-5223e185adbb@group-20DA1F573E0A: changes role from CANDIDATE to LEADER at term 1 for changeToLeader
nm_1        | 2019-11-07 14:45:42 INFO  ContainersMonitorImpl:196 - Neither virutal-memory nor physical-memory monitoring is needed. Not running the monitor-thread
datanode_2  | 2019-11-07 14:44:29,052 INFO impl.RaftServerImpl: 487af409-5f07-4147-9b4b-4e10c7409982@group-79F85B0C0A5B: start as a follower, conf=-1: [afab6f5d-b14d-47ff-b8ca-5223e185adbb:172.18.0.9:9858, 6a4ca11d-a65e-4b30-b9e3-0dbdf8f94f2d:172.18.0.7:9858, 487af409-5f07-4147-9b4b-4e10c7409982:172.18.0.5:9858], old=null
datanode_3  | 2019-11-07 14:44:32,842 INFO impl.RoleInfo: 6a4ca11d-a65e-4b30-b9e3-0dbdf8f94f2d: shutdown FollowerState
rm_1        | INFO: Binding org.apache.hadoop.yarn.webapp.GenericExceptionHandler to GuiceManagedComponentProvider with the scope "Singleton"
datanode_1  | 2019-11-07 14:44:33,397 INFO impl.RaftServerImpl: afab6f5d-b14d-47ff-b8ca-5223e185adbb@group-20DA1F573E0A: change Leader from null to afab6f5d-b14d-47ff-b8ca-5223e185adbb at term 1 for becomeLeader, leader elected after 5190ms
nm_1        | 2019-11-07 14:45:42 INFO  DefaultContainerExecutor:268 - launchContainer: [bash, /tmp/hadoop-hadoop/nm-local-dir/usercache/hadoop/appcache/application_1573137858906_0001/container_1573137858906_0001_01_000002/default_container_executor.sh]
datanode_2  | 2019-11-07 14:44:29,052 INFO impl.RaftServerImpl: 487af409-5f07-4147-9b4b-4e10c7409982@group-79F85B0C0A5B: changes role from      null to FOLLOWER at term 0 for startAsFollower
datanode_3  | 2019-11-07 14:44:32,842 INFO impl.RaftServerImpl: 6a4ca11d-a65e-4b30-b9e3-0dbdf8f94f2d@group-BD0282B11020: changes role from  FOLLOWER to CANDIDATE at term 0 for changeToCandidate
rm_1        | Nov 07, 2019 2:44:22 PM com.sun.jersey.guice.spi.container.GuiceComponentProviderFactory getComponentProvider
datanode_1  | 2019-11-07 14:44:33,401 INFO server.RaftServerConfigKeys: raft.server.staging.catchup.gap = 1000 (default)
nm_1        | 2019-11-07 14:45:46 INFO  Server:1454 - Auth successful for appattempt_1573137858906_0001_000001 (auth:SIMPLE)
datanode_2  | 2019-11-07 14:44:29,053 INFO impl.RoleInfo: 487af409-5f07-4147-9b4b-4e10c7409982: start FollowerState
datanode_3  | 2019-11-07 14:44:32,846 INFO impl.RoleInfo: 6a4ca11d-a65e-4b30-b9e3-0dbdf8f94f2d: start LeaderElection
rm_1        | INFO: Binding org.apache.hadoop.yarn.server.resourcemanager.webapp.RMWebServices to GuiceManagedComponentProvider with the scope "Singleton"
datanode_1  | 2019-11-07 14:44:33,401 INFO server.RaftServerConfigKeys: raft.server.rpc.sleep.time = 25ms (default)
nm_1        | 2019-11-07 14:45:46 INFO  ContainerManagerImpl:960 - Stopping container with container Id: container_1573137858906_0001_01_000002
datanode_2  | 2019-11-07 14:44:29,053 INFO util.JmxRegister: Successfully registered JMX Bean with object name Ratis:service=RaftServer,group=group-79F85B0C0A5B,id=487af409-5f07-4147-9b4b-4e10c7409982
datanode_3  | 2019-11-07 14:44:32,863 INFO impl.LeaderElection: 6a4ca11d-a65e-4b30-b9e3-0dbdf8f94f2d@group-BD0282B11020-LeaderElection1: begin an election at term 1 for -1: [6a4ca11d-a65e-4b30-b9e3-0dbdf8f94f2d:172.18.0.7:9858], old=null
rm_1        | 2019-11-07 14:44:22 INFO  log:67 - Started HttpServer2$SelectChannelConnectorWithSafeStartup@rm:8088
datanode_1  | 2019-11-07 14:44:33,405 INFO server.RaftServerConfigKeys: raft.server.write.element-limit = 4096 (default)
nm_1        | 2019-11-07 14:45:46 INFO  NMAuditLogger:89 - USER=hadoop	IP=172.18.0.2	OPERATION=Stop Container Request	TARGET=ContainerManageImpl	RESULT=SUCCESS	APPID=application_1573137858906_0001	CONTAINERID=container_1573137858906_0001_01_000002
datanode_2  | 2019-11-07 14:44:29,053 WARN impl.MetricRegistriesImpl: First MetricRegistry has been created without registering reporters. You may need to call MetricRegistries.global().addReportRegistration(...) before.
datanode_3  | 2019-11-07 14:44:32,865 INFO impl.RoleInfo: 6a4ca11d-a65e-4b30-b9e3-0dbdf8f94f2d: shutdown LeaderElection
datanode_1  | 2019-11-07 14:44:33,411 INFO server.RaftServerConfigKeys: raft.server.watch.timeout = 10s (default)
nm_1        | 2019-11-07 14:45:46 INFO  ContainerImpl:1135 - Container container_1573137858906_0001_01_000002 transitioned from RUNNING to KILLING
datanode_2  | 2019-11-07 14:44:33,772 INFO impl.FollowerState: 487af409-5f07-4147-9b4b-4e10c7409982@group-930E8441F126-FollowerState: change to CANDIDATE, lastRpcTime:5019ms, electionTimeout:5019ms
datanode_3  | 2019-11-07 14:44:32,866 INFO impl.RaftServerImpl: 6a4ca11d-a65e-4b30-b9e3-0dbdf8f94f2d@group-BD0282B11020: changes role from CANDIDATE to LEADER at term 1 for changeToLeader
datanode_1  | 2019-11-07 14:44:33,411 INFO server.RaftServerConfigKeys: raft.server.watch.timeout.denomination = 1s (default)
nm_1        | 2019-11-07 14:45:46 INFO  ContainerLaunch:370 - Cleaning up container container_1573137858906_0001_01_000002
datanode_2  | 2019-11-07 14:44:33,774 INFO impl.RoleInfo: 487af409-5f07-4147-9b4b-4e10c7409982: shutdown FollowerState
datanode_3  | 2019-11-07 14:44:32,866 INFO impl.RaftServerImpl: 6a4ca11d-a65e-4b30-b9e3-0dbdf8f94f2d@group-BD0282B11020: change Leader from null to 6a4ca11d-a65e-4b30-b9e3-0dbdf8f94f2d at term 1 for becomeLeader, leader elected after 5167ms
datanode_1  | 2019-11-07 14:44:33,412 INFO server.RaftServerConfigKeys: raft.server.watch.element-limit = 65536 (default)
nm_1        | 2019-11-07 14:45:46 WARN  DefaultContainerExecutor:224 - Exit code from container container_1573137858906_0001_01_000002 is : 143
datanode_2  | 2019-11-07 14:44:33,774 INFO impl.RaftServerImpl: 487af409-5f07-4147-9b4b-4e10c7409982@group-930E8441F126: changes role from  FOLLOWER to CANDIDATE at term 0 for changeToCandidate
rm_1        | 2019-11-07 14:44:22 INFO  WebApps:307 - Web app cluster started at 8088
datanode_3  | 2019-11-07 14:44:32,871 INFO server.RaftServerConfigKeys: raft.server.staging.catchup.gap = 1000 (default)
datanode_1  | 2019-11-07 14:44:33,419 INFO impl.RoleInfo: afab6f5d-b14d-47ff-b8ca-5223e185adbb: start LeaderState
nm_1        | 2019-11-07 14:45:46 INFO  ContainerImpl:1135 - Container container_1573137858906_0001_01_000002 transitioned from KILLING to CONTAINER_CLEANEDUP_AFTER_KILL
datanode_2  | 2019-11-07 14:44:33,779 INFO impl.RoleInfo: 487af409-5f07-4147-9b4b-4e10c7409982: start LeaderElection
datanode_3  | 2019-11-07 14:44:32,872 INFO server.RaftServerConfigKeys: raft.server.rpc.sleep.time = 25ms (default)
datanode_1  | 2019-11-07 14:44:33,439 INFO segmented.SegmentedRaftLogWorker: afab6f5d-b14d-47ff-b8ca-5223e185adbb@group-20DA1F573E0A-SegmentedRaftLogWorker: Starting segment from index:0
rm_1        | 2019-11-07 14:44:22 INFO  RMNodeImpl:441 - nm:33498 Node Transitioned from NEW to RUNNING
nm_1        | 2019-11-07 14:45:46 INFO  NMAuditLogger:89 - USER=hadoop	OPERATION=Container Finished - Killed	TARGET=ContainerImpl	RESULT=SUCCESS	APPID=application_1573137858906_0001	CONTAINERID=container_1573137858906_0001_01_000002
datanode_2  | 2019-11-07 14:44:33,795 INFO impl.LeaderElection: 487af409-5f07-4147-9b4b-4e10c7409982@group-930E8441F126-LeaderElection1: begin an election at term 1 for -1: [487af409-5f07-4147-9b4b-4e10c7409982:172.18.0.5:9858], old=null
datanode_3  | 2019-11-07 14:44:32,876 INFO server.RaftServerConfigKeys: raft.server.write.element-limit = 4096 (default)
datanode_1  | 2019-11-07 14:44:33,451 INFO impl.RaftServerImpl: afab6f5d-b14d-47ff-b8ca-5223e185adbb@group-20DA1F573E0A: set configuration 0: [afab6f5d-b14d-47ff-b8ca-5223e185adbb:172.18.0.9:9858], old=null at 0
rm_1        | 2019-11-07 14:44:22 INFO  CapacityScheduler:1353 - Added node nm:33498 clusterResource: <memory:8192, vCores:8>
nm_1        | 2019-11-07 14:45:46 INFO  ContainerImpl:1135 - Container container_1573137858906_0001_01_000002 transitioned from CONTAINER_CLEANEDUP_AFTER_KILL to DONE
datanode_3  | 2019-11-07 14:44:32,882 INFO server.RaftServerConfigKeys: raft.server.watch.timeout = 10s (default)
datanode_2  | 2019-11-07 14:44:33,796 INFO impl.RoleInfo: 487af409-5f07-4147-9b4b-4e10c7409982: shutdown LeaderElection
datanode_1  | 2019-11-07 14:44:33,587 INFO segmented.SegmentedRaftLogWorker: afab6f5d-b14d-47ff-b8ca-5223e185adbb@group-20DA1F573E0A-SegmentedRaftLogWorker: created new log segment /data/metadata/ratis/49a6545e-a2ca-45ca-8718-20da1f573e0a/current/log_inprogress_0
rm_1        | 2019-11-07 14:44:22 INFO  CallQueueManager:57 - Using callQueue: class java.util.concurrent.LinkedBlockingQueue queueCapacity: 100
nm_1        | 2019-11-07 14:45:46 INFO  ApplicationImpl:347 - Removing container_1573137858906_0001_01_000002 from application application_1573137858906_0001
datanode_3  | 2019-11-07 14:44:32,882 INFO server.RaftServerConfigKeys: raft.server.watch.timeout.denomination = 1s (default)
datanode_2  | 2019-11-07 14:44:33,797 INFO impl.RaftServerImpl: 487af409-5f07-4147-9b4b-4e10c7409982@group-930E8441F126: changes role from CANDIDATE to LEADER at term 1 for changeToLeader
datanode_1  | 2019-11-07 14:44:34,128 INFO impl.FollowerState: afab6f5d-b14d-47ff-b8ca-5223e185adbb@group-79F85B0C0A5B-FollowerState: change to CANDIDATE, lastRpcTime:5073ms, electionTimeout:5073ms
rm_1        | 2019-11-07 14:44:22 INFO  Server:722 - Starting Socket Reader #1 for port 8033
nm_1        | 2019-11-07 14:45:46 INFO  ContainersMonitorImpl:196 - Neither virutal-memory nor physical-memory monitoring is needed. Not running the monitor-thread
datanode_3  | 2019-11-07 14:44:32,883 INFO server.RaftServerConfigKeys: raft.server.watch.element-limit = 65536 (default)
datanode_2  | 2019-11-07 14:44:33,797 INFO impl.RaftServerImpl: 487af409-5f07-4147-9b4b-4e10c7409982@group-930E8441F126: change Leader from null to 487af409-5f07-4147-9b4b-4e10c7409982 at term 1 for becomeLeader, leader elected after 5115ms
datanode_1  | 2019-11-07 14:44:34,129 INFO impl.RoleInfo: afab6f5d-b14d-47ff-b8ca-5223e185adbb: shutdown FollowerState
rm_1        | 2019-11-07 14:44:22 INFO  RpcServerFactoryPBImpl:174 - Adding protocol org.apache.hadoop.yarn.server.api.ResourceManagerAdministrationProtocolPB to the server
nm_1        | 2019-11-07 14:45:46 INFO  AuxServices:196 - Got event CONTAINER_STOP for appId application_1573137858906_0001
datanode_3  | 2019-11-07 14:44:32,893 INFO impl.RoleInfo: 6a4ca11d-a65e-4b30-b9e3-0dbdf8f94f2d: start LeaderState
datanode_2  | 2019-11-07 14:44:33,802 INFO server.RaftServerConfigKeys: raft.server.staging.catchup.gap = 1000 (default)
datanode_1  | 2019-11-07 14:44:34,129 INFO impl.RaftServerImpl: afab6f5d-b14d-47ff-b8ca-5223e185adbb@group-79F85B0C0A5B: changes role from  FOLLOWER to CANDIDATE at term 0 for changeToCandidate
rm_1        | 2019-11-07 14:44:22 INFO  Server:962 - IPC Server Responder: starting
nm_1        | 2019-11-07 14:45:48 INFO  Server:1454 - Auth successful for appattempt_1573137858906_0001_000001 (auth:SIMPLE)
datanode_3  | 2019-11-07 14:44:32,911 INFO segmented.SegmentedRaftLogWorker: 6a4ca11d-a65e-4b30-b9e3-0dbdf8f94f2d@group-BD0282B11020-SegmentedRaftLogWorker: Starting segment from index:0
datanode_2  | 2019-11-07 14:44:33,802 INFO server.RaftServerConfigKeys: raft.server.rpc.sleep.time = 25ms (default)
datanode_1  | 2019-11-07 14:44:34,129 INFO impl.RoleInfo: afab6f5d-b14d-47ff-b8ca-5223e185adbb: start LeaderElection
rm_1        | 2019-11-07 14:44:22 INFO  Server:801 - IPC Server listener on 8033: starting
nm_1        | 2019-11-07 14:45:48 INFO  ContainerManagerImpl:810 - Start request for container_1573137858906_0001_01_000003 by user hadoop
datanode_3  | 2019-11-07 14:44:32,919 INFO impl.RaftServerImpl: 6a4ca11d-a65e-4b30-b9e3-0dbdf8f94f2d@group-BD0282B11020: set configuration 0: [6a4ca11d-a65e-4b30-b9e3-0dbdf8f94f2d:172.18.0.7:9858], old=null at 0
datanode_2  | 2019-11-07 14:44:33,806 INFO server.RaftServerConfigKeys: raft.server.write.element-limit = 4096 (default)
datanode_1  | 2019-11-07 14:44:34,155 INFO impl.LeaderElection: afab6f5d-b14d-47ff-b8ca-5223e185adbb@group-79F85B0C0A5B-LeaderElection2: begin an election at term 1 for -1: [afab6f5d-b14d-47ff-b8ca-5223e185adbb:172.18.0.9:9858, 6a4ca11d-a65e-4b30-b9e3-0dbdf8f94f2d:172.18.0.7:9858, 487af409-5f07-4147-9b4b-4e10c7409982:172.18.0.5:9858], old=null
rm_1        | 2019-11-07 14:45:20 INFO  ClientRMService:289 - Allocated new applicationId: 1
nm_1        | 2019-11-07 14:45:48 INFO  NMAuditLogger:89 - USER=hadoop	IP=172.18.0.2	OPERATION=Start Container Request	TARGET=ContainerManageImpl	RESULT=SUCCESS	APPID=application_1573137858906_0001	CONTAINERID=container_1573137858906_0001_01_000003
datanode_3  | 2019-11-07 14:44:33,055 INFO segmented.SegmentedRaftLogWorker: 6a4ca11d-a65e-4b30-b9e3-0dbdf8f94f2d@group-BD0282B11020-SegmentedRaftLogWorker: created new log segment /data/metadata/ratis/4a4cf2e8-aa2b-457c-b879-bd0282b11020/current/log_inprogress_0
datanode_2  | 2019-11-07 14:44:33,811 INFO server.RaftServerConfigKeys: raft.server.watch.timeout = 10s (default)
rm_1        | 2019-11-07 14:45:22 INFO  ClientRMService:583 - Application with id 1 submitted by user hadoop
datanode_1  | 2019-11-07 14:44:34,346 INFO impl.LeaderElection: afab6f5d-b14d-47ff-b8ca-5223e185adbb@group-79F85B0C0A5B-LeaderElection2: Election REJECTED; received 2 response(s) [afab6f5d-b14d-47ff-b8ca-5223e185adbb<-6a4ca11d-a65e-4b30-b9e3-0dbdf8f94f2d#0:FAIL-t1, afab6f5d-b14d-47ff-b8ca-5223e185adbb<-487af409-5f07-4147-9b4b-4e10c7409982#0:FAIL-t1] and 0 exception(s); afab6f5d-b14d-47ff-b8ca-5223e185adbb@group-79F85B0C0A5B:t1, leader=null, voted=afab6f5d-b14d-47ff-b8ca-5223e185adbb, raftlog=afab6f5d-b14d-47ff-b8ca-5223e185adbb@group-79F85B0C0A5B-SegmentedRaftLog:OPENED:c-1,f-1,i0, conf=-1: [afab6f5d-b14d-47ff-b8ca-5223e185adbb:172.18.0.9:9858, 6a4ca11d-a65e-4b30-b9e3-0dbdf8f94f2d:172.18.0.7:9858, 487af409-5f07-4147-9b4b-4e10c7409982:172.18.0.5:9858], old=null
nm_1        | 2019-11-07 14:45:48 INFO  ApplicationImpl:304 - Adding container_1573137858906_0001_01_000003 to application application_1573137858906_0001
datanode_3  | 2019-11-07 14:44:34,229 INFO impl.FollowerState: 6a4ca11d-a65e-4b30-b9e3-0dbdf8f94f2d@group-79F85B0C0A5B-FollowerState: change to CANDIDATE, lastRpcTime:5175ms, electionTimeout:5175ms
datanode_2  | 2019-11-07 14:44:33,811 INFO server.RaftServerConfigKeys: raft.server.watch.timeout.denomination = 1s (default)
rm_1        | 2019-11-07 14:45:22 INFO  RMAppImpl:977 - Storing application with id application_1573137858906_0001
datanode_1  | 2019-11-07 14:44:34,347 INFO impl.RaftServerImpl: afab6f5d-b14d-47ff-b8ca-5223e185adbb@group-79F85B0C0A5B: changes role from CANDIDATE to FOLLOWER at term 1 for DISCOVERED_A_NEW_TERM
nm_1        | 2019-11-07 14:45:48 INFO  ContainerImpl:1135 - Container container_1573137858906_0001_01_000003 transitioned from NEW to LOCALIZING
datanode_3  | 2019-11-07 14:44:34,230 INFO impl.RoleInfo: 6a4ca11d-a65e-4b30-b9e3-0dbdf8f94f2d: shutdown FollowerState
datanode_2  | 2019-11-07 14:44:33,812 INFO server.RaftServerConfigKeys: raft.server.watch.element-limit = 65536 (default)
rm_1        | 2019-11-07 14:45:22 INFO  RMAuditLogger:158 - USER=hadoop	IP=172.18.0.3	OPERATION=Submit Application Request	TARGET=ClientRMService	RESULT=SUCCESS	APPID=application_1573137858906_0001
datanode_1  | 2019-11-07 14:44:34,348 INFO impl.RoleInfo: afab6f5d-b14d-47ff-b8ca-5223e185adbb: shutdown LeaderElection
nm_1        | 2019-11-07 14:45:48 INFO  AuxServices:196 - Got event CONTAINER_INIT for appId application_1573137858906_0001
datanode_3  | 2019-11-07 14:44:34,230 INFO impl.RaftServerImpl: 6a4ca11d-a65e-4b30-b9e3-0dbdf8f94f2d@group-79F85B0C0A5B: changes role from  FOLLOWER to CANDIDATE at term 0 for changeToCandidate
datanode_2  | 2019-11-07 14:44:33,819 INFO impl.RoleInfo: 487af409-5f07-4147-9b4b-4e10c7409982: start LeaderState
datanode_1  | 2019-11-07 14:44:34,348 INFO impl.RoleInfo: afab6f5d-b14d-47ff-b8ca-5223e185adbb: start FollowerState
rm_1        | 2019-11-07 14:45:22 INFO  RMAppImpl:718 - application_1573137858906_0001 State change from NEW to NEW_SAVING on event=START
nm_1        | 2019-11-07 14:45:48 INFO  AuxServices:196 - Got event APPLICATION_INIT for appId application_1573137858906_0001
datanode_3  | 2019-11-07 14:44:34,230 INFO impl.RoleInfo: 6a4ca11d-a65e-4b30-b9e3-0dbdf8f94f2d: start LeaderElection
datanode_2  | 2019-11-07 14:44:33,836 INFO segmented.SegmentedRaftLogWorker: 487af409-5f07-4147-9b4b-4e10c7409982@group-930E8441F126-SegmentedRaftLogWorker: Starting segment from index:0
rm_1        | 2019-11-07 14:45:22 INFO  RMStateStore:194 - Storing info for app: application_1573137858906_0001
datanode_1  | 2019-11-07 14:44:39,534 INFO impl.RaftServerImpl: afab6f5d-b14d-47ff-b8ca-5223e185adbb@group-79F85B0C0A5B: changes role from  FOLLOWER to FOLLOWER at term 2 for recognizeCandidate:487af409-5f07-4147-9b4b-4e10c7409982
nm_1        | 2019-11-07 14:45:48 INFO  AuxServices:200 - Got APPLICATION_INIT for service mapreduce_shuffle
datanode_3  | 2019-11-07 14:44:34,258 INFO impl.LeaderElection: 6a4ca11d-a65e-4b30-b9e3-0dbdf8f94f2d@group-79F85B0C0A5B-LeaderElection2: begin an election at term 1 for -1: [afab6f5d-b14d-47ff-b8ca-5223e185adbb:172.18.0.9:9858, 6a4ca11d-a65e-4b30-b9e3-0dbdf8f94f2d:172.18.0.7:9858, 487af409-5f07-4147-9b4b-4e10c7409982:172.18.0.5:9858], old=null
datanode_2  | 2019-11-07 14:44:33,844 INFO impl.RaftServerImpl: 487af409-5f07-4147-9b4b-4e10c7409982@group-930E8441F126: set configuration 0: [487af409-5f07-4147-9b4b-4e10c7409982:172.18.0.5:9858], old=null at 0
rm_1        | 2019-11-07 14:45:22 INFO  RMAppImpl:718 - application_1573137858906_0001 State change from NEW_SAVING to SUBMITTED on event=APP_NEW_SAVED
nm_1        | 2019-11-07 14:45:48 INFO  ShuffleHandler:677 - Added token for job_1573137858906_0001
datanode_1  | 2019-11-07 14:44:39,535 INFO impl.RoleInfo: afab6f5d-b14d-47ff-b8ca-5223e185adbb: shutdown FollowerState
datanode_3  | 2019-11-07 14:44:34,443 INFO impl.LeaderElection: 6a4ca11d-a65e-4b30-b9e3-0dbdf8f94f2d@group-79F85B0C0A5B-LeaderElection2: Election REJECTED; received 2 response(s) [6a4ca11d-a65e-4b30-b9e3-0dbdf8f94f2d<-afab6f5d-b14d-47ff-b8ca-5223e185adbb#0:FAIL-t1, 6a4ca11d-a65e-4b30-b9e3-0dbdf8f94f2d<-487af409-5f07-4147-9b4b-4e10c7409982#0:FAIL-t1] and 0 exception(s); 6a4ca11d-a65e-4b30-b9e3-0dbdf8f94f2d@group-79F85B0C0A5B:t1, leader=null, voted=6a4ca11d-a65e-4b30-b9e3-0dbdf8f94f2d, raftlog=6a4ca11d-a65e-4b30-b9e3-0dbdf8f94f2d@group-79F85B0C0A5B-SegmentedRaftLog:OPENED:c-1,f-1,i0, conf=-1: [afab6f5d-b14d-47ff-b8ca-5223e185adbb:172.18.0.9:9858, 6a4ca11d-a65e-4b30-b9e3-0dbdf8f94f2d:172.18.0.7:9858, 487af409-5f07-4147-9b4b-4e10c7409982:172.18.0.5:9858], old=null
datanode_2  | 2019-11-07 14:44:33,966 INFO segmented.SegmentedRaftLogWorker: 487af409-5f07-4147-9b4b-4e10c7409982@group-930E8441F126-SegmentedRaftLogWorker: created new log segment /data/metadata/ratis/30bae8e3-cf1e-49b8-a129-930e8441f126/current/log_inprogress_0
rm_1        | 2019-11-07 14:45:22 INFO  ParentQueue:345 - Application added - appId: application_1573137858906_0001 user: hadoop leaf-queue of parent: root #applications: 1
nm_1        | 2019-11-07 14:45:48 INFO  ContainerImpl:1135 - Container container_1573137858906_0001_01_000003 transitioned from LOCALIZING to LOCALIZED
datanode_1  | 2019-11-07 14:44:39,535 INFO impl.RoleInfo: afab6f5d-b14d-47ff-b8ca-5223e185adbb: start FollowerState
datanode_2  | 2019-11-07 14:44:34,226 INFO impl.FollowerState: 487af409-5f07-4147-9b4b-4e10c7409982@group-79F85B0C0A5B-FollowerState: change to CANDIDATE, lastRpcTime:5173ms, electionTimeout:5173ms
datanode_3  | 2019-11-07 14:44:34,445 INFO impl.RaftServerImpl: 6a4ca11d-a65e-4b30-b9e3-0dbdf8f94f2d@group-79F85B0C0A5B: changes role from CANDIDATE to FOLLOWER at term 1 for DISCOVERED_A_NEW_TERM
rm_1        | 2019-11-07 14:45:22 INFO  CapacityScheduler:814 - Accepted application application_1573137858906_0001 from user: hadoop, in queue: default
nm_1        | 2019-11-07 14:45:48 INFO  ContainerImpl:1135 - Container container_1573137858906_0001_01_000003 transitioned from LOCALIZED to RUNNING
datanode_1  | 2019-11-07 14:44:39,535 INFO impl.FollowerState: afab6f5d-b14d-47ff-b8ca-5223e185adbb@group-79F85B0C0A5B-FollowerState was interrupted: java.lang.InterruptedException: sleep interrupted
datanode_3  | 2019-11-07 14:44:34,445 INFO impl.RoleInfo: 6a4ca11d-a65e-4b30-b9e3-0dbdf8f94f2d: shutdown LeaderElection
datanode_2  | 2019-11-07 14:44:34,227 INFO impl.RoleInfo: 487af409-5f07-4147-9b4b-4e10c7409982: shutdown FollowerState
rm_1        | 2019-11-07 14:45:22 INFO  RMAppImpl:718 - application_1573137858906_0001 State change from SUBMITTED to ACCEPTED on event=APP_ACCEPTED
datanode_1  | 2019-11-07 14:44:39,639 INFO impl.RaftServerImpl: afab6f5d-b14d-47ff-b8ca-5223e185adbb@group-79F85B0C0A5B: change Leader from null to 487af409-5f07-4147-9b4b-4e10c7409982 at term 2 for appendEntries, leader elected after 10616ms
nm_1        | 2019-11-07 14:45:48 INFO  ContainersMonitorImpl:196 - Neither virutal-memory nor physical-memory monitoring is needed. Not running the monitor-thread
datanode_3  | 2019-11-07 14:44:34,446 INFO impl.RoleInfo: 6a4ca11d-a65e-4b30-b9e3-0dbdf8f94f2d: start FollowerState
datanode_2  | 2019-11-07 14:44:34,227 INFO impl.RaftServerImpl: 487af409-5f07-4147-9b4b-4e10c7409982@group-79F85B0C0A5B: changes role from  FOLLOWER to CANDIDATE at term 0 for changeToCandidate
rm_1        | 2019-11-07 14:45:22 INFO  ApplicationMasterService:678 - Registering app attempt : appattempt_1573137858906_0001_000001
datanode_1  | 2019-11-07 14:44:39,656 INFO impl.RaftServerImpl: afab6f5d-b14d-47ff-b8ca-5223e185adbb@group-79F85B0C0A5B: set configuration 0: [afab6f5d-b14d-47ff-b8ca-5223e185adbb:172.18.0.9:9858, 6a4ca11d-a65e-4b30-b9e3-0dbdf8f94f2d:172.18.0.7:9858, 487af409-5f07-4147-9b4b-4e10c7409982:172.18.0.5:9858], old=null at 0
nm_1        | 2019-11-07 14:45:48 INFO  DefaultContainerExecutor:268 - launchContainer: [bash, /tmp/hadoop-hadoop/nm-local-dir/usercache/hadoop/appcache/application_1573137858906_0001/container_1573137858906_0001_01_000003/default_container_executor.sh]
datanode_3  | 2019-11-07 14:44:39,539 INFO impl.RaftServerImpl: 6a4ca11d-a65e-4b30-b9e3-0dbdf8f94f2d@group-79F85B0C0A5B: changes role from  FOLLOWER to FOLLOWER at term 2 for recognizeCandidate:487af409-5f07-4147-9b4b-4e10c7409982
datanode_2  | 2019-11-07 14:44:34,227 INFO impl.RoleInfo: 487af409-5f07-4147-9b4b-4e10c7409982: start LeaderElection
rm_1        | 2019-11-07 14:45:22 INFO  RMAppAttemptImpl:815 - appattempt_1573137858906_0001_000001 State change from NEW to SUBMITTED
datanode_1  | 2019-11-07 14:44:39,657 INFO segmented.SegmentedRaftLogWorker: afab6f5d-b14d-47ff-b8ca-5223e185adbb@group-79F85B0C0A5B-SegmentedRaftLogWorker: Starting segment from index:0
nm_1        | 2019-11-07 14:45:48 INFO  NodeStatusUpdaterImpl:490 - Removed completed containers from NM context: [container_1573137858906_0001_01_000002]
datanode_3  | 2019-11-07 14:44:39,540 INFO impl.RoleInfo: 6a4ca11d-a65e-4b30-b9e3-0dbdf8f94f2d: shutdown FollowerState
datanode_2  | 2019-11-07 14:44:34,258 INFO impl.LeaderElection: 487af409-5f07-4147-9b4b-4e10c7409982@group-79F85B0C0A5B-LeaderElection2: begin an election at term 1 for -1: [afab6f5d-b14d-47ff-b8ca-5223e185adbb:172.18.0.9:9858, 6a4ca11d-a65e-4b30-b9e3-0dbdf8f94f2d:172.18.0.7:9858, 487af409-5f07-4147-9b4b-4e10c7409982:172.18.0.5:9858], old=null
rm_1        | 2019-11-07 14:45:22 WARN  LeafQueue:632 - maximum-am-resource-percent is insufficient to start a single application in queue, it is likely set too low. skipping enforcement to allow at least one application to start
datanode_1  | 2019-11-07 14:44:39,692 INFO segmented.SegmentedRaftLogWorker: afab6f5d-b14d-47ff-b8ca-5223e185adbb@group-79F85B0C0A5B-SegmentedRaftLogWorker: created new log segment /data/metadata/ratis/34c4a5bc-81d5-449d-aff2-79f85b0c0a5b/current/log_inprogress_0
nm_1        | 2019-11-07 14:45:52 INFO  Server:1454 - Auth successful for appattempt_1573137858906_0001_000001 (auth:SIMPLE)
datanode_3  | 2019-11-07 14:44:39,540 INFO impl.FollowerState: 6a4ca11d-a65e-4b30-b9e3-0dbdf8f94f2d@group-79F85B0C0A5B-FollowerState was interrupted: java.lang.InterruptedException: sleep interrupted
rm_1        | 2019-11-07 14:45:22 WARN  LeafQueue:653 - maximum-am-resource-percent is insufficient to start a single application in queue for user, it is likely set too low. skipping enforcement to allow at least one application to start
nm_1        | 2019-11-07 14:45:52 INFO  ContainerManagerImpl:960 - Stopping container with container Id: container_1573137858906_0001_01_000003
datanode_2  | 2019-11-07 14:44:34,454 INFO impl.LeaderElection: 487af409-5f07-4147-9b4b-4e10c7409982@group-79F85B0C0A5B-LeaderElection2: Election REJECTED; received 2 response(s) [487af409-5f07-4147-9b4b-4e10c7409982<-afab6f5d-b14d-47ff-b8ca-5223e185adbb#0:FAIL-t1, 487af409-5f07-4147-9b4b-4e10c7409982<-6a4ca11d-a65e-4b30-b9e3-0dbdf8f94f2d#0:FAIL-t1] and 0 exception(s); 487af409-5f07-4147-9b4b-4e10c7409982@group-79F85B0C0A5B:t1, leader=null, voted=487af409-5f07-4147-9b4b-4e10c7409982, raftlog=487af409-5f07-4147-9b4b-4e10c7409982@group-79F85B0C0A5B-SegmentedRaftLog:OPENED:c-1,f-1,i0, conf=-1: [afab6f5d-b14d-47ff-b8ca-5223e185adbb:172.18.0.9:9858, 6a4ca11d-a65e-4b30-b9e3-0dbdf8f94f2d:172.18.0.7:9858, 487af409-5f07-4147-9b4b-4e10c7409982:172.18.0.5:9858], old=null
datanode_3  | 2019-11-07 14:44:39,540 INFO impl.RoleInfo: 6a4ca11d-a65e-4b30-b9e3-0dbdf8f94f2d: start FollowerState
rm_1        | 2019-11-07 14:45:22 INFO  LeafQueue:667 - Application application_1573137858906_0001 from user: hadoop activated in queue: default
nm_1        | 2019-11-07 14:45:52 INFO  NMAuditLogger:89 - USER=hadoop	IP=172.18.0.2	OPERATION=Stop Container Request	TARGET=ContainerManageImpl	RESULT=SUCCESS	APPID=application_1573137858906_0001	CONTAINERID=container_1573137858906_0001_01_000003
datanode_3  | 2019-11-07 14:44:39,634 INFO impl.RaftServerImpl: 6a4ca11d-a65e-4b30-b9e3-0dbdf8f94f2d@group-79F85B0C0A5B: change Leader from null to 487af409-5f07-4147-9b4b-4e10c7409982 at term 2 for appendEntries, leader elected after 10760ms
datanode_2  | 2019-11-07 14:44:34,456 INFO impl.RaftServerImpl: 487af409-5f07-4147-9b4b-4e10c7409982@group-79F85B0C0A5B: changes role from CANDIDATE to FOLLOWER at term 1 for DISCOVERED_A_NEW_TERM
rm_1        | 2019-11-07 14:45:22 INFO  LeafQueue:683 - Application added - appId: application_1573137858906_0001 user: org.apache.hadoop.yarn.server.resourcemanager.scheduler.capacity.LeafQueue$User@37229378, leaf-queue: default #user-pending-applications: 0 #user-active-applications: 1 #queue-pending-applications: 0 #queue-active-applications: 1
nm_1        | 2019-11-07 14:45:52 INFO  ContainerImpl:1135 - Container container_1573137858906_0001_01_000003 transitioned from RUNNING to KILLING
datanode_3  | 2019-11-07 14:44:39,656 INFO impl.RaftServerImpl: 6a4ca11d-a65e-4b30-b9e3-0dbdf8f94f2d@group-79F85B0C0A5B: set configuration 0: [afab6f5d-b14d-47ff-b8ca-5223e185adbb:172.18.0.9:9858, 6a4ca11d-a65e-4b30-b9e3-0dbdf8f94f2d:172.18.0.7:9858, 487af409-5f07-4147-9b4b-4e10c7409982:172.18.0.5:9858], old=null at 0
rm_1        | 2019-11-07 14:45:22 INFO  CapacityScheduler:843 - Added Application Attempt appattempt_1573137858906_0001_000001 to scheduler from user hadoop in queue default
datanode_2  | 2019-11-07 14:44:34,456 INFO impl.RoleInfo: 487af409-5f07-4147-9b4b-4e10c7409982: shutdown LeaderElection
nm_1        | 2019-11-07 14:45:52 INFO  ContainerLaunch:370 - Cleaning up container container_1573137858906_0001_01_000003
rm_1        | 2019-11-07 14:45:22 INFO  RMAppAttemptImpl:815 - appattempt_1573137858906_0001_000001 State change from SUBMITTED to SCHEDULED
datanode_3  | 2019-11-07 14:44:39,656 INFO segmented.SegmentedRaftLogWorker: 6a4ca11d-a65e-4b30-b9e3-0dbdf8f94f2d@group-79F85B0C0A5B-SegmentedRaftLogWorker: Starting segment from index:0
datanode_2  | 2019-11-07 14:44:34,456 INFO impl.RoleInfo: 487af409-5f07-4147-9b4b-4e10c7409982: start FollowerState
nm_1        | 2019-11-07 14:45:52 WARN  DefaultContainerExecutor:224 - Exit code from container container_1573137858906_0001_01_000003 is : 143
rm_1        | 2019-11-07 14:45:23 INFO  RMContainerImpl:410 - container_1573137858906_0001_01_000001 Container Transitioned from NEW to ALLOCATED
datanode_3  | 2019-11-07 14:44:39,692 INFO segmented.SegmentedRaftLogWorker: 6a4ca11d-a65e-4b30-b9e3-0dbdf8f94f2d@group-79F85B0C0A5B-SegmentedRaftLogWorker: created new log segment /data/metadata/ratis/34c4a5bc-81d5-449d-aff2-79f85b0c0a5b/current/log_inprogress_0
datanode_2  | 2019-11-07 14:44:39,496 INFO impl.FollowerState: 487af409-5f07-4147-9b4b-4e10c7409982@group-79F85B0C0A5B-FollowerState: change to CANDIDATE, lastRpcTime:5040ms, electionTimeout:5040ms
rm_1        | 2019-11-07 14:45:23 INFO  RMAuditLogger:116 - USER=hadoop	OPERATION=AM Allocated Container	TARGET=SchedulerApp	RESULT=SUCCESS	APPID=application_1573137858906_0001	CONTAINERID=container_1573137858906_0001_01_000001
nm_1        | 2019-11-07 14:45:52 INFO  ContainerImpl:1135 - Container container_1573137858906_0001_01_000003 transitioned from KILLING to CONTAINER_CLEANEDUP_AFTER_KILL
datanode_2  | 2019-11-07 14:44:39,497 INFO impl.RoleInfo: 487af409-5f07-4147-9b4b-4e10c7409982: shutdown FollowerState
rm_1        | 2019-11-07 14:45:23 INFO  SchedulerNode:153 - Assigned container container_1573137858906_0001_01_000001 of capacity <memory:2048, vCores:1> on host nm:33498, which has 1 containers, <memory:2048, vCores:1> used and <memory:6144, vCores:7> available after allocation
nm_1        | 2019-11-07 14:45:52 INFO  NMAuditLogger:89 - USER=hadoop	OPERATION=Container Finished - Killed	TARGET=ContainerImpl	RESULT=SUCCESS	APPID=application_1573137858906_0001	CONTAINERID=container_1573137858906_0001_01_000003
datanode_2  | 2019-11-07 14:44:39,497 INFO impl.RaftServerImpl: 487af409-5f07-4147-9b4b-4e10c7409982@group-79F85B0C0A5B: changes role from  FOLLOWER to CANDIDATE at term 1 for changeToCandidate
rm_1        | 2019-11-07 14:45:23 INFO  LeafQueue:1558 - assignedContainer application attempt=appattempt_1573137858906_0001_000001 container=Container: [ContainerId: container_1573137858906_0001_01_000001, NodeId: nm:33498, NodeHttpAddress: nm:8042, Resource: <memory:2048, vCores:1>, Priority: 0, Token: null, ] queue=default: capacity=1.0, absoluteCapacity=1.0, usedResources=<memory:0, vCores:0>, usedCapacity=0.0, absoluteUsedCapacity=0.0, numApps=1, numContainers=0 clusterResource=<memory:8192, vCores:8> type=OFF_SWITCH requestedPartition=
datanode_2  | 2019-11-07 14:44:39,497 INFO impl.RoleInfo: 487af409-5f07-4147-9b4b-4e10c7409982: start LeaderElection
nm_1        | 2019-11-07 14:45:52 INFO  ContainerImpl:1135 - Container container_1573137858906_0001_01_000003 transitioned from CONTAINER_CLEANEDUP_AFTER_KILL to DONE
rm_1        | 2019-11-07 14:45:23 INFO  ParentQueue:523 - Re-sorting assigned queue: root.default stats: default: capacity=1.0, absoluteCapacity=1.0, usedResources=<memory:2048, vCores:1>, usedCapacity=0.25, absoluteUsedCapacity=0.25, numApps=1, numContainers=1
datanode_2  | 2019-11-07 14:44:39,512 INFO impl.LeaderElection: 487af409-5f07-4147-9b4b-4e10c7409982@group-79F85B0C0A5B-LeaderElection3: begin an election at term 2 for -1: [afab6f5d-b14d-47ff-b8ca-5223e185adbb:172.18.0.9:9858, 6a4ca11d-a65e-4b30-b9e3-0dbdf8f94f2d:172.18.0.7:9858, 487af409-5f07-4147-9b4b-4e10c7409982:172.18.0.5:9858], old=null
nm_1        | 2019-11-07 14:45:52 INFO  ApplicationImpl:347 - Removing container_1573137858906_0001_01_000003 from application application_1573137858906_0001
rm_1        | 2019-11-07 14:45:23 INFO  ParentQueue:420 - assignedContainer queue=root usedCapacity=0.25 absoluteUsedCapacity=0.25 used=<memory:2048, vCores:1> cluster=<memory:8192, vCores:8>
datanode_2  | 2019-11-07 14:44:39,555 INFO impl.LeaderElection: 487af409-5f07-4147-9b4b-4e10c7409982@group-79F85B0C0A5B-LeaderElection3: Election PASSED; received 1 response(s) [487af409-5f07-4147-9b4b-4e10c7409982<-afab6f5d-b14d-47ff-b8ca-5223e185adbb#0:OK-t2] and 0 exception(s); 487af409-5f07-4147-9b4b-4e10c7409982@group-79F85B0C0A5B:t2, leader=null, voted=487af409-5f07-4147-9b4b-4e10c7409982, raftlog=487af409-5f07-4147-9b4b-4e10c7409982@group-79F85B0C0A5B-SegmentedRaftLog:OPENED:c-1,f-1,i0, conf=-1: [afab6f5d-b14d-47ff-b8ca-5223e185adbb:172.18.0.9:9858, 6a4ca11d-a65e-4b30-b9e3-0dbdf8f94f2d:172.18.0.7:9858, 487af409-5f07-4147-9b4b-4e10c7409982:172.18.0.5:9858], old=null
nm_1        | 2019-11-07 14:45:52 INFO  ContainersMonitorImpl:196 - Neither virutal-memory nor physical-memory monitoring is needed. Not running the monitor-thread
rm_1        | 2019-11-07 14:45:23 INFO  NMTokenSecretManagerInRM:200 - Sending NMToken for nodeId : nm:33498 for container : container_1573137858906_0001_01_000001
datanode_2  | 2019-11-07 14:44:39,555 INFO impl.RoleInfo: 487af409-5f07-4147-9b4b-4e10c7409982: shutdown LeaderElection
nm_1        | 2019-11-07 14:45:52 INFO  AuxServices:196 - Got event CONTAINER_STOP for appId application_1573137858906_0001
datanode_2  | 2019-11-07 14:44:39,556 INFO impl.RaftServerImpl: 487af409-5f07-4147-9b4b-4e10c7409982@group-79F85B0C0A5B: changes role from CANDIDATE to LEADER at term 2 for changeToLeader
rm_1        | 2019-11-07 14:45:23 INFO  RMContainerImpl:410 - container_1573137858906_0001_01_000001 Container Transitioned from ALLOCATED to ACQUIRED
nm_1        | 2019-11-07 14:45:54 INFO  Server:1454 - Auth successful for appattempt_1573137858906_0001_000001 (auth:SIMPLE)
datanode_2  | 2019-11-07 14:44:39,556 INFO impl.RaftServerImpl: 487af409-5f07-4147-9b4b-4e10c7409982@group-79F85B0C0A5B: change Leader from null to 487af409-5f07-4147-9b4b-4e10c7409982 at term 2 for becomeLeader, leader elected after 10572ms
rm_1        | 2019-11-07 14:45:23 INFO  NMTokenSecretManagerInRM:146 - Clear node set for appattempt_1573137858906_0001_000001
nm_1        | 2019-11-07 14:45:54 INFO  ContainerManagerImpl:810 - Start request for container_1573137858906_0001_01_000004 by user hadoop
datanode_2  | 2019-11-07 14:44:39,556 INFO server.RaftServerConfigKeys: raft.server.staging.catchup.gap = 1000 (default)
datanode_2  | 2019-11-07 14:44:39,556 INFO server.RaftServerConfigKeys: raft.server.rpc.sleep.time = 25ms (default)
nm_1        | 2019-11-07 14:45:54 INFO  NMAuditLogger:89 - USER=hadoop	IP=172.18.0.2	OPERATION=Start Container Request	TARGET=ContainerManageImpl	RESULT=SUCCESS	APPID=application_1573137858906_0001	CONTAINERID=container_1573137858906_0001_01_000004
datanode_2  | 2019-11-07 14:44:39,556 INFO server.RaftServerConfigKeys: raft.server.write.element-limit = 4096 (default)
nm_1        | 2019-11-07 14:45:54 INFO  ApplicationImpl:304 - Adding container_1573137858906_0001_01_000004 to application application_1573137858906_0001
datanode_2  | 2019-11-07 14:44:39,556 INFO server.RaftServerConfigKeys: raft.server.watch.timeout = 10s (default)
rm_1        | 2019-11-07 14:45:23 INFO  RMAppAttemptImpl:1924 - Storing attempt: AppId: application_1573137858906_0001 AttemptId: appattempt_1573137858906_0001_000001 MasterContainer: Container: [ContainerId: container_1573137858906_0001_01_000001, NodeId: nm:33498, NodeHttpAddress: nm:8042, Resource: <memory:2048, vCores:1>, Priority: 0, Token: Token { kind: ContainerToken, service: 172.18.0.2:33498 }, ]
datanode_2  | 2019-11-07 14:44:39,556 INFO server.RaftServerConfigKeys: raft.server.watch.timeout.denomination = 1s (default)
nm_1        | 2019-11-07 14:45:54 INFO  ContainerImpl:1135 - Container container_1573137858906_0001_01_000004 transitioned from NEW to LOCALIZING
rm_1        | 2019-11-07 14:45:23 INFO  RMAppAttemptImpl:815 - appattempt_1573137858906_0001_000001 State change from SCHEDULED to ALLOCATED_SAVING
datanode_2  | 2019-11-07 14:44:39,557 INFO server.RaftServerConfigKeys: raft.server.watch.element-limit = 65536 (default)
nm_1        | 2019-11-07 14:45:54 INFO  AuxServices:196 - Got event CONTAINER_INIT for appId application_1573137858906_0001
rm_1        | 2019-11-07 14:45:23 INFO  RMAppAttemptImpl:815 - appattempt_1573137858906_0001_000001 State change from ALLOCATED_SAVING to ALLOCATED
datanode_2  | 2019-11-07 14:44:39,559 INFO server.RaftServerConfigKeys: raft.server.log.appender.snapshot.chunk.size.max = 16MB (=16777216) (default)
nm_1        | 2019-11-07 14:45:54 INFO  AuxServices:196 - Got event APPLICATION_INIT for appId application_1573137858906_0001
rm_1        | 2019-11-07 14:45:23 INFO  AMLauncher:249 - Launching masterappattempt_1573137858906_0001_000001
datanode_2  | 2019-11-07 14:44:39,560 INFO server.RaftServerConfigKeys: raft.server.log.appender.buffer.byte-limit = 33554432 (custom)
nm_1        | 2019-11-07 14:45:54 INFO  AuxServices:200 - Got APPLICATION_INIT for service mapreduce_shuffle
rm_1        | 2019-11-07 14:45:23 INFO  AMLauncher:105 - Setting up container Container: [ContainerId: container_1573137858906_0001_01_000001, NodeId: nm:33498, NodeHttpAddress: nm:8042, Resource: <memory:2048, vCores:1>, Priority: 0, Token: Token { kind: ContainerToken, service: 172.18.0.2:33498 }, ] for AM appattempt_1573137858906_0001_000001
datanode_2  | 2019-11-07 14:44:39,560 INFO server.RaftServerConfigKeys: raft.server.log.appender.buffer.element-limit = 1 (custom)
nm_1        | 2019-11-07 14:45:54 INFO  ShuffleHandler:677 - Added token for job_1573137858906_0001
rm_1        | 2019-11-07 14:45:23 INFO  AMLauncher:187 - Command to launch container container_1573137858906_0001_01_000001 : $JAVA_HOME/bin/java -Djava.io.tmpdir=$PWD/tmp -Dlog4j.configuration=container-log4j.properties -Dyarn.app.container.log.dir=<LOG_DIR> -Dyarn.app.container.log.filesize=0 -Dhadoop.root.logger=INFO,CLA -Dhadoop.root.logfile=syslog  -Xmx1024m org.apache.hadoop.mapreduce.v2.app.MRAppMaster 1><LOG_DIR>/stdout 2><LOG_DIR>/stderr 
datanode_2  | 2019-11-07 14:44:39,563 INFO grpc.GrpcConfigKeys$Server: raft.grpc.server.leader.outstanding.appends.max = 128 (default)
nm_1        | 2019-11-07 14:45:54 INFO  ContainerImpl:1135 - Container container_1573137858906_0001_01_000004 transitioned from LOCALIZING to LOCALIZED
rm_1        | 2019-11-07 14:45:23 INFO  AMRMTokenSecretManager:195 - Create AMRMToken for ApplicationAttempt: appattempt_1573137858906_0001_000001
nm_1        | 2019-11-07 14:45:54 INFO  ContainerImpl:1135 - Container container_1573137858906_0001_01_000004 transitioned from LOCALIZED to RUNNING
datanode_2  | 2019-11-07 14:44:39,564 INFO server.RaftServerConfigKeys: raft.server.rpc.request.timeout = 3000ms (default)
rm_1        | 2019-11-07 14:45:23 INFO  AMRMTokenSecretManager:307 - Creating password for appattempt_1573137858906_0001_000001
nm_1        | 2019-11-07 14:45:54 INFO  ContainersMonitorImpl:196 - Neither virutal-memory nor physical-memory monitoring is needed. Not running the monitor-thread
datanode_2  | 2019-11-07 14:44:39,564 INFO server.RaftServerConfigKeys: raft.server.log.appender.install.snapshot.enabled = false (custom)
rm_1        | 2019-11-07 14:45:24 INFO  AMLauncher:126 - Done launching container Container: [ContainerId: container_1573137858906_0001_01_000001, NodeId: nm:33498, NodeHttpAddress: nm:8042, Resource: <memory:2048, vCores:1>, Priority: 0, Token: Token { kind: ContainerToken, service: 172.18.0.2:33498 }, ] for AM appattempt_1573137858906_0001_000001
nm_1        | 2019-11-07 14:45:54 INFO  DefaultContainerExecutor:268 - launchContainer: [bash, /tmp/hadoop-hadoop/nm-local-dir/usercache/hadoop/appcache/application_1573137858906_0001/container_1573137858906_0001_01_000004/default_container_executor.sh]
datanode_2  | 2019-11-07 14:44:39,565 WARN impl.MetricRegistriesImpl: First MetricRegistry has been created without registering reporters. You may need to call MetricRegistries.global().addReportRegistration(...) before.
rm_1        | 2019-11-07 14:45:24 INFO  RMAppAttemptImpl:815 - appattempt_1573137858906_0001_000001 State change from ALLOCATED to LAUNCHED
nm_1        | 2019-11-07 14:45:54 INFO  NodeStatusUpdaterImpl:490 - Removed completed containers from NM context: [container_1573137858906_0001_01_000003]
datanode_2  | 2019-11-07 14:44:39,566 INFO server.RaftServerConfigKeys: raft.server.log.appender.snapshot.chunk.size.max = 16MB (=16777216) (default)
nm_1        | 2019-11-07 14:45:58 INFO  Server:1454 - Auth successful for appattempt_1573137858906_0001_000001 (auth:SIMPLE)
datanode_2  | 2019-11-07 14:44:39,566 INFO server.RaftServerConfigKeys: raft.server.log.appender.buffer.byte-limit = 33554432 (custom)
rm_1        | 2019-11-07 14:45:24 INFO  RMContainerImpl:410 - container_1573137858906_0001_01_000001 Container Transitioned from ACQUIRED to RUNNING
nm_1        | 2019-11-07 14:45:58 INFO  ContainerManagerImpl:960 - Stopping container with container Id: container_1573137858906_0001_01_000004
datanode_2  | 2019-11-07 14:44:39,566 INFO server.RaftServerConfigKeys: raft.server.log.appender.buffer.element-limit = 1 (custom)
rm_1        | 2019-11-07 14:45:39 INFO  Server:1454 - Auth successful for appattempt_1573137858906_0001_000001 (auth:SIMPLE)
nm_1        | 2019-11-07 14:45:58 INFO  NMAuditLogger:89 - USER=hadoop	IP=172.18.0.2	OPERATION=Stop Container Request	TARGET=ContainerManageImpl	RESULT=SUCCESS	APPID=application_1573137858906_0001	CONTAINERID=container_1573137858906_0001_01_000004
datanode_2  | 2019-11-07 14:44:39,567 INFO grpc.GrpcConfigKeys$Server: raft.grpc.server.leader.outstanding.appends.max = 128 (default)
rm_1        | 2019-11-07 14:45:39 INFO  ApplicationMasterService:274 - AM registration appattempt_1573137858906_0001_000001
nm_1        | 2019-11-07 14:45:58 INFO  ContainerImpl:1135 - Container container_1573137858906_0001_01_000004 transitioned from RUNNING to KILLING
datanode_2  | 2019-11-07 14:44:39,567 INFO server.RaftServerConfigKeys: raft.server.rpc.request.timeout = 3000ms (default)
rm_1        | 2019-11-07 14:45:39 INFO  RMAuditLogger:137 - USER=hadoop	IP=172.18.0.2	OPERATION=Register App Master	TARGET=ApplicationMasterService	RESULT=SUCCESS	APPID=application_1573137858906_0001	APPATTEMPTID=appattempt_1573137858906_0001_000001
nm_1        | 2019-11-07 14:45:58 INFO  ContainerLaunch:370 - Cleaning up container container_1573137858906_0001_01_000004
