om_1        | 	at java.base/javax.security.auth.Subject.doAs(Subject.java:423)
s3g_1       | 	at java.base/jdk.internal.reflect.DelegatingMethodAccessorImpl.invoke(DelegatingMethodAccessorImpl.java:43)
datanode_2  | 2019-11-15 20:40:09,117 INFO impl.RaftServerImpl: feb0dcdf-626d-45be-b6cb-0e7cb1046002@group-F8FD80763D8E: change Leader from null to 4ba205bb-fc4d-494a-a196-73e3268d51cf at term 3 for appendEntries, leader elected after 16027ms
datanode_3  | 2019-11-15 20:40:08,925 INFO impl.FollowerState: 4ba205bb-fc4d-494a-a196-73e3268d51cf@group-F8FD80763D8E-FollowerState: change to CANDIDATE, lastRpcTime:5006ms, electionTimeout:5006ms
datanode_1  | 2019-11-15 20:40:09,025 INFO impl.RaftServerImpl: d1a55081-61b6-43db-a128-3d3dcec79176@group-F8FD80763D8E: changes role from  FOLLOWER to CANDIDATE at term 2 for changeToCandidate
om_1        | 	at org.apache.hadoop.security.UserGroupInformation.doAs(UserGroupInformation.java:1730)
s3g_1       | 	at java.base/java.lang.reflect.Method.invoke(Method.java:566)
datanode_2  | 2019-11-15 20:40:09,155 INFO impl.RaftServerImpl: feb0dcdf-626d-45be-b6cb-0e7cb1046002@group-F8FD80763D8E: set configuration 0: [d1a55081-61b6-43db-a128-3d3dcec79176:172.19.0.6:9858, 4ba205bb-fc4d-494a-a196-73e3268d51cf:172.19.0.5:9858, feb0dcdf-626d-45be-b6cb-0e7cb1046002:172.19.0.7:9858], old=null at 0
datanode_3  | 2019-11-15 20:40:08,926 INFO impl.RoleInfo: 4ba205bb-fc4d-494a-a196-73e3268d51cf: shutdown FollowerState
datanode_1  | 2019-11-15 20:40:09,026 INFO impl.RoleInfo: d1a55081-61b6-43db-a128-3d3dcec79176: start LeaderElection
om_1        | 	at org.apache.hadoop.ipc.Server$Handler.run(Server.java:2682)
s3g_1       | 	at org.glassfish.jersey.server.model.internal.ResourceMethodInvocationHandlerFactory.lambda$static$0(ResourceMethodInvocationHandlerFactory.java:76)
datanode_2  | 2019-11-15 20:40:09,156 INFO segmented.SegmentedRaftLogWorker: feb0dcdf-626d-45be-b6cb-0e7cb1046002@group-F8FD80763D8E-SegmentedRaftLogWorker: Starting segment from index:0
datanode_1  | 2019-11-15 20:40:09,058 INFO impl.LeaderElection: d1a55081-61b6-43db-a128-3d3dcec79176@group-F8FD80763D8E-LeaderElection4: begin an election at term 3 for -1: [d1a55081-61b6-43db-a128-3d3dcec79176:172.19.0.6:9858, 4ba205bb-fc4d-494a-a196-73e3268d51cf:172.19.0.5:9858, feb0dcdf-626d-45be-b6cb-0e7cb1046002:172.19.0.7:9858], old=null
om_1        | 2019-11-15 20:41:56,578 ERROR multipart.S3MultipartUploadCompleteRequest: PartNumber at index 1 is 2, and its previous partNumber at index 0 is 4 for ozonekey is /s37c35ba70126b04fca007e4dbfab9c47c/bucket-30806/multipartKey3
datanode_2  | 2019-11-15 20:40:09,200 INFO segmented.SegmentedRaftLogWorker: feb0dcdf-626d-45be-b6cb-0e7cb1046002@group-F8FD80763D8E-SegmentedRaftLogWorker: created new log segment /data/metadata/ratis/5c4f1e69-b555-45ff-991c-f8fd80763d8e/current/log_inprogress_0
s3g_1       | 	at org.glassfish.jersey.server.model.internal.AbstractJavaResourceMethodDispatcher$1.run(AbstractJavaResourceMethodDispatcher.java:148)
datanode_3  | 2019-11-15 20:40:08,926 INFO impl.RaftServerImpl: 4ba205bb-fc4d-494a-a196-73e3268d51cf@group-F8FD80763D8E: changes role from  FOLLOWER to CANDIDATE at term 2 for changeToCandidate
datanode_1  | 2019-11-15 20:40:09,091 INFO impl.LeaderElection: d1a55081-61b6-43db-a128-3d3dcec79176@group-F8FD80763D8E-LeaderElection4: Election REJECTED; received 2 response(s) [d1a55081-61b6-43db-a128-3d3dcec79176<-4ba205bb-fc4d-494a-a196-73e3268d51cf#0:FAIL-t3, d1a55081-61b6-43db-a128-3d3dcec79176<-feb0dcdf-626d-45be-b6cb-0e7cb1046002#0:FAIL-t3] and 0 exception(s); d1a55081-61b6-43db-a128-3d3dcec79176@group-F8FD80763D8E:t3, leader=null, voted=d1a55081-61b6-43db-a128-3d3dcec79176, raftlog=d1a55081-61b6-43db-a128-3d3dcec79176@group-F8FD80763D8E-SegmentedRaftLog:OPENED:c-1,f-1,i0, conf=-1: [d1a55081-61b6-43db-a128-3d3dcec79176:172.19.0.6:9858, 4ba205bb-fc4d-494a-a196-73e3268d51cf:172.19.0.5:9858, feb0dcdf-626d-45be-b6cb-0e7cb1046002:172.19.0.7:9858], old=null
om_1        | 2019-11-15 20:41:56,579 ERROR multipart.S3MultipartUploadCompleteRequest: MultipartUpload Complete request failed for Key: multipartKey3 in Volume/Bucket s37c35ba70126b04fca007e4dbfab9c47c/bucket-30806
datanode_2  | 2019-11-15 20:43:57,658 INFO util.JvmPauseMonitor: Detected pause in JVM or host machine (eg GC): pause of approximately 2345ms
s3g_1       | 	at org.glassfish.jersey.server.model.internal.AbstractJavaResourceMethodDispatcher.invoke(AbstractJavaResourceMethodDispatcher.java:191)
datanode_3  | 2019-11-15 20:40:08,926 INFO impl.RoleInfo: 4ba205bb-fc4d-494a-a196-73e3268d51cf: start LeaderElection
om_1        | INVALID_PART_ORDER org.apache.hadoop.ozone.om.exceptions.OMException: Complete Multipart Upload Failed: volume: s37c35ba70126b04fca007e4dbfab9c47cbucket: bucket-30806key: multipartKey3because parts are in Invalid order.
datanode_1  | 2019-11-15 20:40:09,092 INFO impl.RaftServerImpl: d1a55081-61b6-43db-a128-3d3dcec79176@group-F8FD80763D8E: changes role from CANDIDATE to FOLLOWER at term 3 for DISCOVERED_A_NEW_TERM
s3g_1       | 	at org.glassfish.jersey.server.model.internal.JavaResourceMethodDispatcherProvider$ResponseOutInvoker.doDispatch(JavaResourceMethodDispatcherProvider.java:200)
datanode_3  | 2019-11-15 20:40:09,003 INFO impl.LeaderElection: 4ba205bb-fc4d-494a-a196-73e3268d51cf@group-F8FD80763D8E-LeaderElection4: begin an election at term 3 for -1: [d1a55081-61b6-43db-a128-3d3dcec79176:172.19.0.6:9858, 4ba205bb-fc4d-494a-a196-73e3268d51cf:172.19.0.5:9858, feb0dcdf-626d-45be-b6cb-0e7cb1046002:172.19.0.7:9858], old=null
datanode_2  | No GCs detected
om_1        | 	at org.apache.hadoop.ozone.om.request.s3.multipart.S3MultipartUploadCompleteRequest.validateAndUpdateCache(S3MultipartUploadCompleteRequest.java:164)
datanode_1  | 2019-11-15 20:40:09,092 INFO impl.RoleInfo: d1a55081-61b6-43db-a128-3d3dcec79176: shutdown LeaderElection
datanode_3  | 2019-11-15 20:40:09,062 INFO impl.LeaderElection: 4ba205bb-fc4d-494a-a196-73e3268d51cf@group-F8FD80763D8E-LeaderElection4: Election PASSED; received 1 response(s) [4ba205bb-fc4d-494a-a196-73e3268d51cf<-feb0dcdf-626d-45be-b6cb-0e7cb1046002#0:OK-t3] and 0 exception(s); 4ba205bb-fc4d-494a-a196-73e3268d51cf@group-F8FD80763D8E:t3, leader=null, voted=4ba205bb-fc4d-494a-a196-73e3268d51cf, raftlog=4ba205bb-fc4d-494a-a196-73e3268d51cf@group-F8FD80763D8E-SegmentedRaftLog:OPENED:c-1,f-1,i0, conf=-1: [d1a55081-61b6-43db-a128-3d3dcec79176:172.19.0.6:9858, 4ba205bb-fc4d-494a-a196-73e3268d51cf:172.19.0.5:9858, feb0dcdf-626d-45be-b6cb-0e7cb1046002:172.19.0.7:9858], old=null
s3g_1       | 	at org.glassfish.jersey.server.model.internal.AbstractJavaResourceMethodDispatcher.dispatch(AbstractJavaResourceMethodDispatcher.java:103)
om_1        | 	at org.apache.hadoop.ozone.protocolPB.OzoneManagerProtocolServerSideTranslatorPB.submitRequestDirectlyToOM(OzoneManagerProtocolServerSideTranslatorPB.java:217)
datanode_3  | 2019-11-15 20:40:09,062 INFO impl.RoleInfo: 4ba205bb-fc4d-494a-a196-73e3268d51cf: shutdown LeaderElection
s3g_1       | 	at org.glassfish.jersey.server.model.ResourceMethodInvoker.invoke(ResourceMethodInvoker.java:493)
datanode_1  | 2019-11-15 20:40:09,092 INFO impl.RoleInfo: d1a55081-61b6-43db-a128-3d3dcec79176: start FollowerState
om_1        | 	at org.apache.hadoop.ozone.protocolPB.OzoneManagerProtocolServerSideTranslatorPB.processRequest(OzoneManagerProtocolServerSideTranslatorPB.java:132)
datanode_3  | 2019-11-15 20:40:09,063 INFO impl.RaftServerImpl: 4ba205bb-fc4d-494a-a196-73e3268d51cf@group-F8FD80763D8E: changes role from CANDIDATE to LEADER at term 3 for changeToLeader
datanode_1  | 2019-11-15 20:40:09,146 INFO ratis.XceiverServerRatis: Leader change notification received for group: group-F8FD80763D8E with new leaderId: 4ba205bb-fc4d-494a-a196-73e3268d51cf
s3g_1       | 	at org.glassfish.jersey.server.model.ResourceMethodInvoker.apply(ResourceMethodInvoker.java:415)
om_1        | 	at org.apache.hadoop.hdds.server.OzoneProtocolMessageDispatcher.processRequest(OzoneProtocolMessageDispatcher.java:72)
datanode_3  | 2019-11-15 20:40:09,063 INFO ratis.XceiverServerRatis: Leader change notification received for group: group-F8FD80763D8E with new leaderId: 4ba205bb-fc4d-494a-a196-73e3268d51cf
datanode_1  | 2019-11-15 20:40:09,146 INFO impl.RaftServerImpl: d1a55081-61b6-43db-a128-3d3dcec79176@group-F8FD80763D8E: change Leader from null to 4ba205bb-fc4d-494a-a196-73e3268d51cf at term 3 for appendEntries, leader elected after 16091ms
s3g_1       | 	at org.glassfish.jersey.server.model.ResourceMethodInvoker.apply(ResourceMethodInvoker.java:104)
om_1        | 	at org.apache.hadoop.ozone.protocolPB.OzoneManagerProtocolServerSideTranslatorPB.submitRequest(OzoneManagerProtocolServerSideTranslatorPB.java:100)
datanode_1  | 2019-11-15 20:40:09,160 INFO impl.RaftServerImpl: d1a55081-61b6-43db-a128-3d3dcec79176@group-F8FD80763D8E: set configuration 0: [d1a55081-61b6-43db-a128-3d3dcec79176:172.19.0.6:9858, 4ba205bb-fc4d-494a-a196-73e3268d51cf:172.19.0.5:9858, feb0dcdf-626d-45be-b6cb-0e7cb1046002:172.19.0.7:9858], old=null at 0
s3g_1       | 	at org.glassfish.jersey.server.ServerRuntime$1.run(ServerRuntime.java:277)
om_1        | 	at org.apache.hadoop.ozone.protocol.proto.OzoneManagerProtocolProtos$OzoneManagerService$2.callBlockingMethod(OzoneManagerProtocolProtos.java)
datanode_3  | 2019-11-15 20:40:09,064 INFO impl.RaftServerImpl: 4ba205bb-fc4d-494a-a196-73e3268d51cf@group-F8FD80763D8E: change Leader from null to 4ba205bb-fc4d-494a-a196-73e3268d51cf at term 3 for becomeLeader, leader elected after 15974ms
datanode_1  | 2019-11-15 20:40:09,160 INFO segmented.SegmentedRaftLogWorker: d1a55081-61b6-43db-a128-3d3dcec79176@group-F8FD80763D8E-SegmentedRaftLogWorker: Starting segment from index:0
s3g_1       | 	at org.glassfish.jersey.internal.Errors$1.call(Errors.java:272)
om_1        | 	at org.apache.hadoop.ipc.ProtobufRpcEngine$Server$ProtoBufRpcInvoker.call(ProtobufRpcEngine.java:524)
datanode_3  | 2019-11-15 20:40:09,064 INFO server.RaftServerConfigKeys: raft.server.staging.catchup.gap = 1000 (default)
datanode_1  | 2019-11-15 20:40:09,266 INFO segmented.SegmentedRaftLogWorker: d1a55081-61b6-43db-a128-3d3dcec79176@group-F8FD80763D8E-SegmentedRaftLogWorker: created new log segment /data/metadata/ratis/5c4f1e69-b555-45ff-991c-f8fd80763d8e/current/log_inprogress_0
s3g_1       | 	at org.glassfish.jersey.internal.Errors$1.call(Errors.java:268)
om_1        | 	at org.apache.hadoop.ipc.RPC$Server.call(RPC.java:1025)
datanode_3  | 2019-11-15 20:40:09,064 INFO server.RaftServerConfigKeys: raft.server.rpc.sleep.time = 25ms (default)
datanode_1  | 2019-11-15 20:43:45,509 WARN server.GrpcServerProtocolService: d1a55081-61b6-43db-a128-3d3dcec79176: installSnapshot onError, lastRequest: 4ba205bb-fc4d-494a-a196-73e3268d51cf->d1a55081-61b6-43db-a128-3d3dcec79176#188-t3, previous=(t:3, i:113), leaderCommit=113, initializing? false, entries: size=1, first=(t:3, i:114), METADATAENTRY(c113): org.apache.ratis.thirdparty.io.grpc.StatusRuntimeException: CANCELLED: cancelled before receiving half close
s3g_1       | 	at org.glassfish.jersey.internal.Errors.process(Errors.java:316)
om_1        | 	at org.apache.hadoop.ipc.Server$RpcCall.run(Server.java:876)
datanode_3  | 2019-11-15 20:40:09,064 INFO server.RaftServerConfigKeys: raft.server.write.element-limit = 4096 (default)
datanode_1  | Nov 15, 2019 8:43:45 PM org.apache.ratis.thirdparty.io.grpc.internal.SerializingExecutor run
s3g_1       | 	at org.glassfish.jersey.internal.Errors.process(Errors.java:298)
om_1        | 	at org.apache.hadoop.ipc.Server$RpcCall.run(Server.java:822)
datanode_3  | 2019-11-15 20:40:09,064 INFO server.RaftServerConfigKeys: raft.server.watch.timeout = 10s (default)
datanode_1  | SEVERE: Exception while executing runnable org.apache.ratis.thirdparty.io.grpc.internal.ServerImpl$JumpToApplicationThreadServerStreamListener$1Closed@f0b3b5c
s3g_1       | 	at org.glassfish.jersey.internal.Errors.process(Errors.java:268)
om_1        | 	at java.base/java.security.AccessController.doPrivileged(Native Method)
datanode_3  | 2019-11-15 20:40:09,064 INFO server.RaftServerConfigKeys: raft.server.watch.timeout.denomination = 1s (default)
datanode_1  | org.apache.ratis.thirdparty.io.grpc.StatusRuntimeException: CANCELLED: call already cancelled
s3g_1       | 	at org.glassfish.jersey.process.internal.RequestScope.runInScope(RequestScope.java:289)
om_1        | 	at java.base/javax.security.auth.Subject.doAs(Subject.java:423)
datanode_3  | 2019-11-15 20:40:09,065 INFO server.RaftServerConfigKeys: raft.server.watch.element-limit = 65536 (default)
datanode_1  | 	at org.apache.ratis.thirdparty.io.grpc.Status.asRuntimeException(Status.java:517)
s3g_1       | 	at org.glassfish.jersey.server.ServerRuntime.process(ServerRuntime.java:256)
om_1        | 	at org.apache.hadoop.security.UserGroupInformation.doAs(UserGroupInformation.java:1730)
datanode_3  | 2019-11-15 20:40:09,069 INFO server.RaftServerConfigKeys: raft.server.log.appender.snapshot.chunk.size.max = 16MB (=16777216) (default)
datanode_1  | 	at org.apache.ratis.thirdparty.io.grpc.stub.ServerCalls$ServerCallStreamObserverImpl.onCompleted(ServerCalls.java:356)
om_1        | 	at org.apache.hadoop.ipc.Server$Handler.run(Server.java:2682)
datanode_3  | 2019-11-15 20:40:09,069 INFO server.RaftServerConfigKeys: raft.server.log.appender.buffer.byte-limit = 33554432 (custom)
datanode_1  | 	at org.apache.ratis.grpc.server.GrpcServerProtocolService$ServerRequestStreamObserver.onError(GrpcServerProtocolService.java:121)
s3g_1       | 	at org.glassfish.jersey.server.ApplicationHandler.handle(ApplicationHandler.java:703)
datanode_3  | 2019-11-15 20:40:09,070 INFO server.RaftServerConfigKeys: raft.server.log.appender.buffer.element-limit = 1 (custom)
datanode_1  | 	at org.apache.ratis.thirdparty.io.grpc.stub.ServerCalls$StreamingServerCallHandler$StreamingServerCallListener.onCancel(ServerCalls.java:269)
s3g_1       | 	at org.glassfish.jersey.servlet.WebComponent.serviceImpl(WebComponent.java:416)
om_1        | 2019-11-15 20:42:05,459 ERROR multipart.S3MultipartUploadAbortRequest: Abort Multipart request is failed for KeyName multipartKey5 in VolumeName/Bucket s37c35ba70126b04fca007e4dbfab9c47c/bucket-30806
datanode_3  | 2019-11-15 20:40:09,073 INFO grpc.GrpcConfigKeys$Server: raft.grpc.server.leader.outstanding.appends.max = 128 (default)
datanode_1  | 	at org.apache.ratis.thirdparty.io.grpc.internal.ServerCallImpl$ServerStreamListenerImpl.closed(ServerCallImpl.java:293)
s3g_1       | 	at org.glassfish.jersey.servlet.WebComponent.service(WebComponent.java:370)
om_1        | NO_SUCH_MULTIPART_UPLOAD_ERROR org.apache.hadoop.ozone.om.exceptions.OMException: Abort Multipart Upload Failed: volume: s37c35ba70126b04fca007e4dbfab9c47cbucket: bucket-30806key: multipartKey5
datanode_3  | 2019-11-15 20:40:09,074 INFO server.RaftServerConfigKeys: raft.server.rpc.request.timeout = 3000ms (default)
datanode_1  | 	at org.apache.ratis.thirdparty.io.grpc.internal.ServerImpl$JumpToApplicationThreadServerStreamListener$1Closed.runInContext(ServerImpl.java:741)
s3g_1       | 	at org.glassfish.jersey.servlet.ServletContainer.service(ServletContainer.java:389)
om_1        | 	at org.apache.hadoop.ozone.om.request.s3.multipart.S3MultipartUploadAbortRequest.validateAndUpdateCache(S3MultipartUploadAbortRequest.java:116)
datanode_3  | 2019-11-15 20:40:09,074 INFO server.RaftServerConfigKeys: raft.server.log.appender.install.snapshot.enabled = false (custom)
datanode_1  | 	at org.apache.ratis.thirdparty.io.grpc.internal.ContextRunnable.run(ContextRunnable.java:37)
s3g_1       | 	at org.glassfish.jersey.servlet.ServletContainer.service(ServletContainer.java:342)
om_1        | 	at org.apache.hadoop.ozone.protocolPB.OzoneManagerProtocolServerSideTranslatorPB.submitRequestDirectlyToOM(OzoneManagerProtocolServerSideTranslatorPB.java:217)
datanode_3  | 2019-11-15 20:40:09,075 WARN impl.MetricRegistriesImpl: First MetricRegistry has been created without registering reporters. You may need to call MetricRegistries.global().addReportRegistration(...) before.
datanode_1  | 	at org.apache.ratis.thirdparty.io.grpc.internal.SerializingExecutor.run(SerializingExecutor.java:123)
s3g_1       | 	at org.glassfish.jersey.servlet.ServletContainer.service(ServletContainer.java:229)
om_1        | 	at org.apache.hadoop.ozone.protocolPB.OzoneManagerProtocolServerSideTranslatorPB.processRequest(OzoneManagerProtocolServerSideTranslatorPB.java:132)
datanode_1  | 	at java.base/java.util.concurrent.ThreadPoolExecutor.runWorker(ThreadPoolExecutor.java:1128)
datanode_3  | 2019-11-15 20:40:09,077 INFO server.RaftServerConfigKeys: raft.server.log.appender.snapshot.chunk.size.max = 16MB (=16777216) (default)
om_1        | 	at org.apache.hadoop.hdds.server.OzoneProtocolMessageDispatcher.processRequest(OzoneProtocolMessageDispatcher.java:72)
s3g_1       | 	at org.eclipse.jetty.servlet.ServletHolder.handle(ServletHolder.java:840)
datanode_1  | 	at java.base/java.util.concurrent.ThreadPoolExecutor$Worker.run(ThreadPoolExecutor.java:628)
datanode_3  | 2019-11-15 20:40:09,077 INFO server.RaftServerConfigKeys: raft.server.log.appender.buffer.byte-limit = 33554432 (custom)
om_1        | 	at org.apache.hadoop.ozone.protocolPB.OzoneManagerProtocolServerSideTranslatorPB.submitRequest(OzoneManagerProtocolServerSideTranslatorPB.java:100)
s3g_1       | 	at org.eclipse.jetty.servlet.ServletHandler$CachedChain.doFilter(ServletHandler.java:1780)
datanode_1  | 	at java.base/java.lang.Thread.run(Thread.java:834)
datanode_3  | 2019-11-15 20:40:09,077 INFO server.RaftServerConfigKeys: raft.server.log.appender.buffer.element-limit = 1 (custom)
om_1        | 	at org.apache.hadoop.ozone.protocol.proto.OzoneManagerProtocolProtos$OzoneManagerService$2.callBlockingMethod(OzoneManagerProtocolProtos.java)
s3g_1       | 	at org.apache.hadoop.http.HttpServer2$QuotingInputFilter.doFilter(HttpServer2.java:1609)
datanode_1  | 
datanode_3  | 2019-11-15 20:40:09,077 INFO grpc.GrpcConfigKeys$Server: raft.grpc.server.leader.outstanding.appends.max = 128 (default)
s3g_1       | 	at org.eclipse.jetty.servlet.ServletHandler$CachedChain.doFilter(ServletHandler.java:1767)
om_1        | 	at org.apache.hadoop.ipc.ProtobufRpcEngine$Server$ProtoBufRpcInvoker.call(ProtobufRpcEngine.java:524)
datanode_3  | 2019-11-15 20:40:09,077 INFO server.RaftServerConfigKeys: raft.server.rpc.request.timeout = 3000ms (default)
om_1        | 	at org.apache.hadoop.ipc.RPC$Server.call(RPC.java:1025)
s3g_1       | 	at org.apache.hadoop.http.NoCacheFilter.doFilter(NoCacheFilter.java:45)
datanode_3  | 2019-11-15 20:40:09,077 INFO server.RaftServerConfigKeys: raft.server.log.appender.install.snapshot.enabled = false (custom)
om_1        | 	at org.apache.hadoop.ipc.Server$RpcCall.run(Server.java:876)
s3g_1       | 	at org.eclipse.jetty.servlet.ServletHandler$CachedChain.doFilter(ServletHandler.java:1767)
datanode_3  | 2019-11-15 20:40:09,080 INFO impl.RoleInfo: 4ba205bb-fc4d-494a-a196-73e3268d51cf: start LeaderState
s3g_1       | 	at org.eclipse.jetty.servlet.ServletHandler.doHandle(ServletHandler.java:583)
datanode_3  | 2019-11-15 20:40:09,081 INFO segmented.SegmentedRaftLogWorker: 4ba205bb-fc4d-494a-a196-73e3268d51cf@group-F8FD80763D8E-SegmentedRaftLogWorker: Starting segment from index:0
om_1        | 	at org.apache.hadoop.ipc.Server$RpcCall.run(Server.java:822)
datanode_3  | 2019-11-15 20:40:09,082 INFO impl.RaftServerImpl: 4ba205bb-fc4d-494a-a196-73e3268d51cf@group-F8FD80763D8E: set configuration 0: [d1a55081-61b6-43db-a128-3d3dcec79176:172.19.0.6:9858, 4ba205bb-fc4d-494a-a196-73e3268d51cf:172.19.0.5:9858, feb0dcdf-626d-45be-b6cb-0e7cb1046002:172.19.0.7:9858], old=null at 0
om_1        | 	at java.base/java.security.AccessController.doPrivileged(Native Method)
datanode_3  | 2019-11-15 20:40:09,087 INFO impl.RaftServerImpl: 4ba205bb-fc4d-494a-a196-73e3268d51cf@group-F8FD80763D8E-   LEADER: Withhold vote from candidate d1a55081-61b6-43db-a128-3d3dcec79176 with term 3. State: leader=4ba205bb-fc4d-494a-a196-73e3268d51cf, term=3, lastRpcElapsed=null
om_1        | 	at java.base/javax.security.auth.Subject.doAs(Subject.java:423)
s3g_1       | 	at org.eclipse.jetty.server.handler.ScopedHandler.handle(ScopedHandler.java:143)
datanode_3  | 2019-11-15 20:40:09,152 INFO segmented.SegmentedRaftLogWorker: 4ba205bb-fc4d-494a-a196-73e3268d51cf@group-F8FD80763D8E-SegmentedRaftLogWorker: created new log segment /data/metadata/ratis/5c4f1e69-b555-45ff-991c-f8fd80763d8e/current/log_inprogress_0
om_1        | 	at org.apache.hadoop.security.UserGroupInformation.doAs(UserGroupInformation.java:1730)
s3g_1       | 	at org.eclipse.jetty.security.SecurityHandler.handle(SecurityHandler.java:548)
datanode_3  | 2019-11-15 20:43:45,334 WARN server.GrpcLogAppender: 4ba205bb-fc4d-494a-a196-73e3268d51cf@group-F8FD80763D8E->d1a55081-61b6-43db-a128-3d3dcec79176-GrpcLogAppender: appendEntries Timeout, request=AppendEntriesRequest:cid=186,entriesCount=1,lastEntry=(t:3, i:112)
om_1        | 	at org.apache.hadoop.ipc.Server$Handler.run(Server.java:2682)
s3g_1       | 	at org.eclipse.jetty.server.session.SessionHandler.doHandle(SessionHandler.java:226)
datanode_3  | 2019-11-15 20:43:45,335 WARN server.GrpcLogAppender: 4ba205bb-fc4d-494a-a196-73e3268d51cf@group-F8FD80763D8E->d1a55081-61b6-43db-a128-3d3dcec79176-GrpcLogAppender: appendEntries Timeout, request=AppendEntriesRequest:cid=187,entriesCount=1,lastEntry=(t:3, i:113)
om_1        | 2019-11-15 20:42:08,752 ERROR key.OMKeyRequest: ALLOCATE_KEY failed for Key: multipartKey in volume/bucket:s37c35ba70126b04fca007e4dbfab9c47c/bucket-30806
datanode_3  | 2019-11-15 20:43:45,498 WARN server.GrpcLogAppender: 4ba205bb-fc4d-494a-a196-73e3268d51cf@group-F8FD80763D8E->d1a55081-61b6-43db-a128-3d3dcec79176-AppendLogResponseHandler: Failed appendEntries: org.apache.ratis.thirdparty.io.grpc.StatusRuntimeException: CANCELLED: Failed to read message.
s3g_1       | 	at org.eclipse.jetty.server.handler.ContextHandler.doHandle(ContextHandler.java:1180)
om_1        | NO_SUCH_MULTIPART_UPLOAD_ERROR org.apache.hadoop.ozone.om.exceptions.OMException: No such Multipart upload is with specified uploadId random
datanode_3  | 2019-11-15 20:43:45,510 INFO impl.FollowerInfo: 4ba205bb-fc4d-494a-a196-73e3268d51cf@group-F8FD80763D8E->d1a55081-61b6-43db-a128-3d3dcec79176: nextIndex: updateUnconditionally 115 -> 112
s3g_1       | 	at org.eclipse.jetty.servlet.ServletHandler.doScope(ServletHandler.java:513)
om_1        | 	at org.apache.hadoop.ozone.om.request.key.OMKeyRequest.prepareMultipartKeyInfo(OMKeyRequest.java:471)
s3g_1       | 	at org.eclipse.jetty.server.session.SessionHandler.doScope(SessionHandler.java:185)
om_1        | 	at org.apache.hadoop.ozone.om.request.key.OMKeyRequest.prepareKeyInfo(OMKeyRequest.java:423)
s3g_1       | 	at org.eclipse.jetty.server.handler.ContextHandler.doScope(ContextHandler.java:1112)
s3g_1       | 	at org.eclipse.jetty.server.handler.ScopedHandler.handle(ScopedHandler.java:141)
s3g_1       | 	at org.eclipse.jetty.server.handler.HandlerCollection.handle(HandlerCollection.java:119)
om_1        | 	at org.apache.hadoop.ozone.om.request.key.OMKeyCreateRequest.validateAndUpdateCache(OMKeyCreateRequest.java:182)
s3g_1       | 	at org.eclipse.jetty.server.handler.HandlerWrapper.handle(HandlerWrapper.java:134)
om_1        | 	at org.apache.hadoop.ozone.protocolPB.OzoneManagerProtocolServerSideTranslatorPB.submitRequestDirectlyToOM(OzoneManagerProtocolServerSideTranslatorPB.java:217)
s3g_1       | 	at org.eclipse.jetty.server.Server.handle(Server.java:539)
om_1        | 	at org.apache.hadoop.ozone.protocolPB.OzoneManagerProtocolServerSideTranslatorPB.processRequest(OzoneManagerProtocolServerSideTranslatorPB.java:132)
s3g_1       | 	at org.eclipse.jetty.server.HttpChannel.handle(HttpChannel.java:333)
om_1        | 	at org.apache.hadoop.hdds.server.OzoneProtocolMessageDispatcher.processRequest(OzoneProtocolMessageDispatcher.java:72)
s3g_1       | 	at org.eclipse.jetty.server.HttpConnection.onFillable(HttpConnection.java:251)
om_1        | 	at org.apache.hadoop.ozone.protocolPB.OzoneManagerProtocolServerSideTranslatorPB.submitRequest(OzoneManagerProtocolServerSideTranslatorPB.java:100)
s3g_1       | 	at org.eclipse.jetty.io.AbstractConnection$ReadCallback.succeeded(AbstractConnection.java:283)
om_1        | 	at org.apache.hadoop.ozone.protocol.proto.OzoneManagerProtocolProtos$OzoneManagerService$2.callBlockingMethod(OzoneManagerProtocolProtos.java)
s3g_1       | 	at org.eclipse.jetty.io.FillInterest.fillable(FillInterest.java:108)
om_1        | 	at org.apache.hadoop.ipc.ProtobufRpcEngine$Server$ProtoBufRpcInvoker.call(ProtobufRpcEngine.java:524)
s3g_1       | 	at org.eclipse.jetty.io.SelectChannelEndPoint$2.run(SelectChannelEndPoint.java:93)
om_1        | 	at org.apache.hadoop.ipc.RPC$Server.call(RPC.java:1025)
s3g_1       | 	at org.eclipse.jetty.util.thread.strategy.ExecuteProduceConsume.executeProduceConsume(ExecuteProduceConsume.java:303)
om_1        | 	at org.apache.hadoop.ipc.Server$RpcCall.run(Server.java:876)
s3g_1       | 	at org.eclipse.jetty.util.thread.strategy.ExecuteProduceConsume.produceConsume(ExecuteProduceConsume.java:148)
om_1        | 	at org.apache.hadoop.ipc.Server$RpcCall.run(Server.java:822)
s3g_1       | 	at org.eclipse.jetty.util.thread.strategy.ExecuteProduceConsume.run(ExecuteProduceConsume.java:136)
om_1        | 	at java.base/java.security.AccessController.doPrivileged(Native Method)
s3g_1       | 	at org.eclipse.jetty.util.thread.QueuedThreadPool.runJob(QueuedThreadPool.java:671)
om_1        | 	at java.base/javax.security.auth.Subject.doAs(Subject.java:423)
s3g_1       | 	at org.eclipse.jetty.util.thread.QueuedThreadPool$2.run(QueuedThreadPool.java:589)
s3g_1       | 	at java.base/java.lang.Thread.run(Thread.java:834)
s3g_1       | 2019-11-15 20:41:51,770 ERROR endpoint.ObjectEndpoint: Error in Complete Multipart Upload Request for bucket: bucket-30806, key: multipartKey3
s3g_1       | INVALID_PART org.apache.hadoop.ozone.om.exceptions.OMException: Complete Multipart Upload Failed: volume: s37c35ba70126b04fca007e4dbfab9c47cbucket: bucket-30806key: multipartKey3
s3g_1       | 	at org.apache.hadoop.ozone.om.protocolPB.OzoneManagerProtocolClientSideTranslatorPB.handleError(OzoneManagerProtocolClientSideTranslatorPB.java:761)
om_1        | 	at org.apache.hadoop.security.UserGroupInformation.doAs(UserGroupInformation.java:1730)
s3g_1       | 	at org.apache.hadoop.ozone.om.protocolPB.OzoneManagerProtocolClientSideTranslatorPB.completeMultipartUpload(OzoneManagerProtocolClientSideTranslatorPB.java:1133)
om_1        | 	at org.apache.hadoop.ipc.Server$Handler.run(Server.java:2682)
s3g_1       | 	at java.base/jdk.internal.reflect.NativeMethodAccessorImpl.invoke0(Native Method)
s3g_1       | 	at java.base/jdk.internal.reflect.NativeMethodAccessorImpl.invoke(NativeMethodAccessorImpl.java:62)
s3g_1       | 	at java.base/jdk.internal.reflect.DelegatingMethodAccessorImpl.invoke(DelegatingMethodAccessorImpl.java:43)
s3g_1       | 	at java.base/java.lang.reflect.Method.invoke(Method.java:566)
s3g_1       | 	at org.apache.hadoop.hdds.tracing.TraceAllMethod.invoke(TraceAllMethod.java:66)
s3g_1       | 	at com.sun.proxy.$Proxy84.completeMultipartUpload(Unknown Source)
s3g_1       | 	at org.apache.hadoop.ozone.client.rpc.RpcClient.completeMultipartUpload(RpcClient.java:913)
s3g_1       | 	at org.apache.hadoop.ozone.client.OzoneBucket.completeMultipartUpload(OzoneBucket.java:445)
s3g_1       | 	at org.apache.hadoop.ozone.s3.endpoint.ObjectEndpoint.completeMultipartUpload(ObjectEndpoint.java:500)
s3g_1       | 	at java.base/jdk.internal.reflect.NativeMethodAccessorImpl.invoke0(Native Method)
s3g_1       | 	at java.base/jdk.internal.reflect.NativeMethodAccessorImpl.invoke(NativeMethodAccessorImpl.java:62)
s3g_1       | 	at java.base/jdk.internal.reflect.DelegatingMethodAccessorImpl.invoke(DelegatingMethodAccessorImpl.java:43)
s3g_1       | 	at java.base/java.lang.reflect.Method.invoke(Method.java:566)
s3g_1       | 	at org.glassfish.jersey.server.model.internal.ResourceMethodInvocationHandlerFactory.lambda$static$0(ResourceMethodInvocationHandlerFactory.java:76)
s3g_1       | 	at org.glassfish.jersey.server.model.internal.AbstractJavaResourceMethodDispatcher$1.run(AbstractJavaResourceMethodDispatcher.java:148)
s3g_1       | 	at org.glassfish.jersey.server.model.internal.AbstractJavaResourceMethodDispatcher.invoke(AbstractJavaResourceMethodDispatcher.java:191)
s3g_1       | 	at org.glassfish.jersey.server.model.internal.JavaResourceMethodDispatcherProvider$ResponseOutInvoker.doDispatch(JavaResourceMethodDispatcherProvider.java:200)
s3g_1       | 	at org.glassfish.jersey.server.model.internal.AbstractJavaResourceMethodDispatcher.dispatch(AbstractJavaResourceMethodDispatcher.java:103)
s3g_1       | 	at org.glassfish.jersey.server.model.ResourceMethodInvoker.invoke(ResourceMethodInvoker.java:493)
s3g_1       | 	at org.glassfish.jersey.server.model.ResourceMethodInvoker.apply(ResourceMethodInvoker.java:415)
s3g_1       | 	at org.glassfish.jersey.server.model.ResourceMethodInvoker.apply(ResourceMethodInvoker.java:104)
s3g_1       | 	at org.glassfish.jersey.server.ServerRuntime$1.run(ServerRuntime.java:277)
s3g_1       | 	at org.glassfish.jersey.internal.Errors$1.call(Errors.java:272)
s3g_1       | 	at org.glassfish.jersey.internal.Errors$1.call(Errors.java:268)
s3g_1       | 	at org.glassfish.jersey.internal.Errors.process(Errors.java:316)
s3g_1       | 	at org.glassfish.jersey.internal.Errors.process(Errors.java:298)
s3g_1       | 	at org.glassfish.jersey.internal.Errors.process(Errors.java:268)
s3g_1       | 	at org.glassfish.jersey.process.internal.RequestScope.runInScope(RequestScope.java:289)
s3g_1       | 	at org.glassfish.jersey.server.ServerRuntime.process(ServerRuntime.java:256)
s3g_1       | 	at org.glassfish.jersey.server.ApplicationHandler.handle(ApplicationHandler.java:703)
s3g_1       | 	at org.glassfish.jersey.servlet.WebComponent.serviceImpl(WebComponent.java:416)
s3g_1       | 	at org.glassfish.jersey.servlet.WebComponent.service(WebComponent.java:370)
s3g_1       | 	at org.glassfish.jersey.servlet.ServletContainer.service(ServletContainer.java:389)
s3g_1       | 	at org.glassfish.jersey.servlet.ServletContainer.service(ServletContainer.java:342)
s3g_1       | 	at org.glassfish.jersey.servlet.ServletContainer.service(ServletContainer.java:229)
s3g_1       | 	at org.eclipse.jetty.servlet.ServletHolder.handle(ServletHolder.java:840)
s3g_1       | 	at org.eclipse.jetty.servlet.ServletHandler$CachedChain.doFilter(ServletHandler.java:1780)
s3g_1       | 	at org.apache.hadoop.http.HttpServer2$QuotingInputFilter.doFilter(HttpServer2.java:1609)
s3g_1       | 	at org.eclipse.jetty.servlet.ServletHandler$CachedChain.doFilter(ServletHandler.java:1767)
s3g_1       | 	at org.apache.hadoop.http.NoCacheFilter.doFilter(NoCacheFilter.java:45)
s3g_1       | 	at org.eclipse.jetty.servlet.ServletHandler$CachedChain.doFilter(ServletHandler.java:1767)
s3g_1       | 	at org.eclipse.jetty.servlet.ServletHandler.doHandle(ServletHandler.java:583)
s3g_1       | 	at org.eclipse.jetty.server.handler.ScopedHandler.handle(ScopedHandler.java:143)
s3g_1       | 	at org.eclipse.jetty.security.SecurityHandler.handle(SecurityHandler.java:548)
s3g_1       | 	at org.eclipse.jetty.server.session.SessionHandler.doHandle(SessionHandler.java:226)
s3g_1       | 	at org.eclipse.jetty.server.handler.ContextHandler.doHandle(ContextHandler.java:1180)
s3g_1       | 	at org.eclipse.jetty.servlet.ServletHandler.doScope(ServletHandler.java:513)
s3g_1       | 	at org.eclipse.jetty.server.session.SessionHandler.doScope(SessionHandler.java:185)
s3g_1       | 	at org.eclipse.jetty.server.handler.ContextHandler.doScope(ContextHandler.java:1112)
s3g_1       | 	at org.eclipse.jetty.server.handler.ScopedHandler.handle(ScopedHandler.java:141)
s3g_1       | 	at org.eclipse.jetty.server.handler.HandlerCollection.handle(HandlerCollection.java:119)
s3g_1       | 	at org.eclipse.jetty.server.handler.HandlerWrapper.handle(HandlerWrapper.java:134)
s3g_1       | 	at org.eclipse.jetty.server.Server.handle(Server.java:539)
s3g_1       | 	at org.eclipse.jetty.server.HttpChannel.handle(HttpChannel.java:333)
s3g_1       | 	at org.eclipse.jetty.server.HttpConnection.onFillable(HttpConnection.java:251)
s3g_1       | 	at org.eclipse.jetty.io.AbstractConnection$ReadCallback.succeeded(AbstractConnection.java:283)
s3g_1       | 	at org.eclipse.jetty.io.FillInterest.fillable(FillInterest.java:108)
s3g_1       | 	at org.eclipse.jetty.io.SelectChannelEndPoint$2.run(SelectChannelEndPoint.java:93)
s3g_1       | 	at org.eclipse.jetty.util.thread.strategy.ExecuteProduceConsume.executeProduceConsume(ExecuteProduceConsume.java:303)
s3g_1       | 	at org.eclipse.jetty.util.thread.strategy.ExecuteProduceConsume.produceConsume(ExecuteProduceConsume.java:148)
s3g_1       | 	at org.eclipse.jetty.util.thread.strategy.ExecuteProduceConsume.run(ExecuteProduceConsume.java:136)
s3g_1       | 	at org.eclipse.jetty.util.thread.QueuedThreadPool.runJob(QueuedThreadPool.java:671)
s3g_1       | 	at org.eclipse.jetty.util.thread.QueuedThreadPool$2.run(QueuedThreadPool.java:589)
s3g_1       | 	at java.base/java.lang.Thread.run(Thread.java:834)
s3g_1       | 2019-11-15 20:41:52,620 INFO io.BlockOutputStreamEntryPool: Allocating block with ExcludeList {datanodes = [], containerIds = [], pipelineIds = []}
s3g_1       | 2019-11-15 20:41:53,608 INFO io.BlockOutputStreamEntryPool: Allocating block with ExcludeList {datanodes = [], containerIds = [], pipelineIds = []}
s3g_1       | 2019-11-15 20:41:54,531 INFO io.BlockOutputStreamEntryPool: Allocating block with ExcludeList {datanodes = [], containerIds = [], pipelineIds = []}
s3g_1       | 2019-11-15 20:41:55,299 ERROR endpoint.ObjectEndpoint: Error in Complete Multipart Upload Request for bucket: bucket-30806, key: multipartKey3
s3g_1       | INVALID_PART org.apache.hadoop.ozone.om.exceptions.OMException: Complete Multipart Upload Failed: volume: s37c35ba70126b04fca007e4dbfab9c47cbucket: bucket-30806key: multipartKey3
s3g_1       | 	at org.apache.hadoop.ozone.om.protocolPB.OzoneManagerProtocolClientSideTranslatorPB.handleError(OzoneManagerProtocolClientSideTranslatorPB.java:761)
s3g_1       | 	at org.apache.hadoop.ozone.om.protocolPB.OzoneManagerProtocolClientSideTranslatorPB.completeMultipartUpload(OzoneManagerProtocolClientSideTranslatorPB.java:1133)
s3g_1       | 	at java.base/jdk.internal.reflect.NativeMethodAccessorImpl.invoke0(Native Method)
s3g_1       | 	at java.base/jdk.internal.reflect.NativeMethodAccessorImpl.invoke(NativeMethodAccessorImpl.java:62)
s3g_1       | 	at java.base/jdk.internal.reflect.DelegatingMethodAccessorImpl.invoke(DelegatingMethodAccessorImpl.java:43)
s3g_1       | 	at java.base/java.lang.reflect.Method.invoke(Method.java:566)
s3g_1       | 	at org.apache.hadoop.hdds.tracing.TraceAllMethod.invoke(TraceAllMethod.java:66)
s3g_1       | 	at com.sun.proxy.$Proxy84.completeMultipartUpload(Unknown Source)
s3g_1       | 	at org.apache.hadoop.ozone.client.rpc.RpcClient.completeMultipartUpload(RpcClient.java:913)
s3g_1       | 	at org.apache.hadoop.ozone.client.OzoneBucket.completeMultipartUpload(OzoneBucket.java:445)
s3g_1       | 	at org.apache.hadoop.ozone.s3.endpoint.ObjectEndpoint.completeMultipartUpload(ObjectEndpoint.java:500)
s3g_1       | 	at java.base/jdk.internal.reflect.NativeMethodAccessorImpl.invoke0(Native Method)
s3g_1       | 	at java.base/jdk.internal.reflect.NativeMethodAccessorImpl.invoke(NativeMethodAccessorImpl.java:62)
s3g_1       | 	at java.base/jdk.internal.reflect.DelegatingMethodAccessorImpl.invoke(DelegatingMethodAccessorImpl.java:43)
s3g_1       | 	at java.base/java.lang.reflect.Method.invoke(Method.java:566)
s3g_1       | 	at org.glassfish.jersey.server.model.internal.ResourceMethodInvocationHandlerFactory.lambda$static$0(ResourceMethodInvocationHandlerFactory.java:76)
s3g_1       | 	at org.glassfish.jersey.server.model.internal.AbstractJavaResourceMethodDispatcher$1.run(AbstractJavaResourceMethodDispatcher.java:148)
s3g_1       | 	at org.glassfish.jersey.server.model.internal.AbstractJavaResourceMethodDispatcher.invoke(AbstractJavaResourceMethodDispatcher.java:191)
s3g_1       | 	at org.glassfish.jersey.server.model.internal.JavaResourceMethodDispatcherProvider$ResponseOutInvoker.doDispatch(JavaResourceMethodDispatcherProvider.java:200)
s3g_1       | 	at org.glassfish.jersey.server.model.internal.AbstractJavaResourceMethodDispatcher.dispatch(AbstractJavaResourceMethodDispatcher.java:103)
s3g_1       | 	at org.glassfish.jersey.server.model.ResourceMethodInvoker.invoke(ResourceMethodInvoker.java:493)
s3g_1       | 	at org.glassfish.jersey.server.model.ResourceMethodInvoker.apply(ResourceMethodInvoker.java:415)
s3g_1       | 	at org.glassfish.jersey.server.model.ResourceMethodInvoker.apply(ResourceMethodInvoker.java:104)
s3g_1       | 	at org.glassfish.jersey.server.ServerRuntime$1.run(ServerRuntime.java:277)
s3g_1       | 	at org.glassfish.jersey.internal.Errors$1.call(Errors.java:272)
s3g_1       | 	at org.glassfish.jersey.internal.Errors$1.call(Errors.java:268)
s3g_1       | 	at org.glassfish.jersey.internal.Errors.process(Errors.java:316)
s3g_1       | 	at org.glassfish.jersey.internal.Errors.process(Errors.java:298)
s3g_1       | 	at org.glassfish.jersey.internal.Errors.process(Errors.java:268)
s3g_1       | 	at org.glassfish.jersey.process.internal.RequestScope.runInScope(RequestScope.java:289)
s3g_1       | 	at org.glassfish.jersey.server.ServerRuntime.process(ServerRuntime.java:256)
s3g_1       | 	at org.glassfish.jersey.server.ApplicationHandler.handle(ApplicationHandler.java:703)
s3g_1       | 	at org.glassfish.jersey.servlet.WebComponent.serviceImpl(WebComponent.java:416)
s3g_1       | 	at org.glassfish.jersey.servlet.WebComponent.service(WebComponent.java:370)
s3g_1       | 	at org.glassfish.jersey.servlet.ServletContainer.service(ServletContainer.java:389)
s3g_1       | 	at org.glassfish.jersey.servlet.ServletContainer.service(ServletContainer.java:342)
s3g_1       | 	at org.glassfish.jersey.servlet.ServletContainer.service(ServletContainer.java:229)
s3g_1       | 	at org.eclipse.jetty.servlet.ServletHolder.handle(ServletHolder.java:840)
s3g_1       | 	at org.eclipse.jetty.servlet.ServletHandler$CachedChain.doFilter(ServletHandler.java:1780)
s3g_1       | 	at org.apache.hadoop.http.HttpServer2$QuotingInputFilter.doFilter(HttpServer2.java:1609)
s3g_1       | 	at org.eclipse.jetty.servlet.ServletHandler$CachedChain.doFilter(ServletHandler.java:1767)
s3g_1       | 	at org.apache.hadoop.http.NoCacheFilter.doFilter(NoCacheFilter.java:45)
s3g_1       | 	at org.eclipse.jetty.servlet.ServletHandler$CachedChain.doFilter(ServletHandler.java:1767)
s3g_1       | 	at org.eclipse.jetty.servlet.ServletHandler.doHandle(ServletHandler.java:583)
s3g_1       | 	at org.eclipse.jetty.server.handler.ScopedHandler.handle(ScopedHandler.java:143)
s3g_1       | 	at org.eclipse.jetty.security.SecurityHandler.handle(SecurityHandler.java:548)
s3g_1       | 	at org.eclipse.jetty.server.session.SessionHandler.doHandle(SessionHandler.java:226)
s3g_1       | 	at org.eclipse.jetty.server.handler.ContextHandler.doHandle(ContextHandler.java:1180)
s3g_1       | 	at org.eclipse.jetty.servlet.ServletHandler.doScope(ServletHandler.java:513)
s3g_1       | 	at org.eclipse.jetty.server.session.SessionHandler.doScope(SessionHandler.java:185)
s3g_1       | 	at org.eclipse.jetty.server.handler.ContextHandler.doScope(ContextHandler.java:1112)
s3g_1       | 	at org.eclipse.jetty.server.handler.ScopedHandler.handle(ScopedHandler.java:141)
s3g_1       | 	at org.eclipse.jetty.server.handler.HandlerCollection.handle(HandlerCollection.java:119)
s3g_1       | 	at org.eclipse.jetty.server.handler.HandlerWrapper.handle(HandlerWrapper.java:134)
s3g_1       | 	at org.eclipse.jetty.server.Server.handle(Server.java:539)
s3g_1       | 	at org.eclipse.jetty.server.HttpChannel.handle(HttpChannel.java:333)
s3g_1       | 	at org.eclipse.jetty.server.HttpConnection.onFillable(HttpConnection.java:251)
s3g_1       | 	at org.eclipse.jetty.io.AbstractConnection$ReadCallback.succeeded(AbstractConnection.java:283)
s3g_1       | 	at org.eclipse.jetty.io.FillInterest.fillable(FillInterest.java:108)
s3g_1       | 	at org.eclipse.jetty.io.SelectChannelEndPoint$2.run(SelectChannelEndPoint.java:93)
s3g_1       | 	at org.eclipse.jetty.util.thread.strategy.ExecuteProduceConsume.executeProduceConsume(ExecuteProduceConsume.java:303)
s3g_1       | 	at org.eclipse.jetty.util.thread.strategy.ExecuteProduceConsume.produceConsume(ExecuteProduceConsume.java:148)
s3g_1       | 	at org.eclipse.jetty.util.thread.strategy.ExecuteProduceConsume.run(ExecuteProduceConsume.java:136)
s3g_1       | 	at org.eclipse.jetty.util.thread.QueuedThreadPool.runJob(QueuedThreadPool.java:671)
s3g_1       | 	at org.eclipse.jetty.util.thread.QueuedThreadPool$2.run(QueuedThreadPool.java:589)
s3g_1       | 	at java.base/java.lang.Thread.run(Thread.java:834)
s3g_1       | 2019-11-15 20:41:55,968 ERROR endpoint.ObjectEndpoint: Error in Complete Multipart Upload Request for bucket: bucket-30806, key: multipartKey3
s3g_1       | INVALID_PART org.apache.hadoop.ozone.om.exceptions.OMException: Complete Multipart Upload Failed: volume: s37c35ba70126b04fca007e4dbfab9c47cbucket: bucket-30806key: multipartKey3
s3g_1       | 	at org.apache.hadoop.ozone.om.protocolPB.OzoneManagerProtocolClientSideTranslatorPB.handleError(OzoneManagerProtocolClientSideTranslatorPB.java:761)
s3g_1       | 	at org.apache.hadoop.ozone.om.protocolPB.OzoneManagerProtocolClientSideTranslatorPB.completeMultipartUpload(OzoneManagerProtocolClientSideTranslatorPB.java:1133)
s3g_1       | 	at java.base/jdk.internal.reflect.NativeMethodAccessorImpl.invoke0(Native Method)
s3g_1       | 	at java.base/jdk.internal.reflect.NativeMethodAccessorImpl.invoke(NativeMethodAccessorImpl.java:62)
s3g_1       | 	at java.base/jdk.internal.reflect.DelegatingMethodAccessorImpl.invoke(DelegatingMethodAccessorImpl.java:43)
s3g_1       | 	at java.base/java.lang.reflect.Method.invoke(Method.java:566)
s3g_1       | 	at org.apache.hadoop.hdds.tracing.TraceAllMethod.invoke(TraceAllMethod.java:66)
s3g_1       | 	at com.sun.proxy.$Proxy84.completeMultipartUpload(Unknown Source)
s3g_1       | 	at org.apache.hadoop.ozone.client.rpc.RpcClient.completeMultipartUpload(RpcClient.java:913)
s3g_1       | 	at org.apache.hadoop.ozone.client.OzoneBucket.completeMultipartUpload(OzoneBucket.java:445)
s3g_1       | 	at org.apache.hadoop.ozone.s3.endpoint.ObjectEndpoint.completeMultipartUpload(ObjectEndpoint.java:500)
s3g_1       | 	at java.base/jdk.internal.reflect.NativeMethodAccessorImpl.invoke0(Native Method)
s3g_1       | 	at java.base/jdk.internal.reflect.NativeMethodAccessorImpl.invoke(NativeMethodAccessorImpl.java:62)
s3g_1       | 	at java.base/jdk.internal.reflect.DelegatingMethodAccessorImpl.invoke(DelegatingMethodAccessorImpl.java:43)
s3g_1       | 	at java.base/java.lang.reflect.Method.invoke(Method.java:566)
s3g_1       | 	at org.glassfish.jersey.server.model.internal.ResourceMethodInvocationHandlerFactory.lambda$static$0(ResourceMethodInvocationHandlerFactory.java:76)
s3g_1       | 	at org.glassfish.jersey.server.model.internal.AbstractJavaResourceMethodDispatcher$1.run(AbstractJavaResourceMethodDispatcher.java:148)
s3g_1       | 	at org.glassfish.jersey.server.model.internal.AbstractJavaResourceMethodDispatcher.invoke(AbstractJavaResourceMethodDispatcher.java:191)
s3g_1       | 	at org.glassfish.jersey.server.model.internal.JavaResourceMethodDispatcherProvider$ResponseOutInvoker.doDispatch(JavaResourceMethodDispatcherProvider.java:200)
s3g_1       | 	at org.glassfish.jersey.server.model.internal.AbstractJavaResourceMethodDispatcher.dispatch(AbstractJavaResourceMethodDispatcher.java:103)
s3g_1       | 	at org.glassfish.jersey.server.model.ResourceMethodInvoker.invoke(ResourceMethodInvoker.java:493)
s3g_1       | 	at org.glassfish.jersey.server.model.ResourceMethodInvoker.apply(ResourceMethodInvoker.java:415)
s3g_1       | 	at org.glassfish.jersey.server.model.ResourceMethodInvoker.apply(ResourceMethodInvoker.java:104)
s3g_1       | 	at org.glassfish.jersey.server.ServerRuntime$1.run(ServerRuntime.java:277)
s3g_1       | 	at org.glassfish.jersey.internal.Errors$1.call(Errors.java:272)
s3g_1       | 	at org.glassfish.jersey.internal.Errors$1.call(Errors.java:268)
s3g_1       | 	at org.glassfish.jersey.internal.Errors.process(Errors.java:316)
s3g_1       | 	at org.glassfish.jersey.internal.Errors.process(Errors.java:298)
s3g_1       | 	at org.glassfish.jersey.internal.Errors.process(Errors.java:268)
s3g_1       | 	at org.glassfish.jersey.process.internal.RequestScope.runInScope(RequestScope.java:289)
s3g_1       | 	at org.glassfish.jersey.server.ServerRuntime.process(ServerRuntime.java:256)
s3g_1       | 	at org.glassfish.jersey.server.ApplicationHandler.handle(ApplicationHandler.java:703)
s3g_1       | 	at org.glassfish.jersey.servlet.WebComponent.serviceImpl(WebComponent.java:416)
s3g_1       | 	at org.glassfish.jersey.servlet.WebComponent.service(WebComponent.java:370)
s3g_1       | 	at org.glassfish.jersey.servlet.ServletContainer.service(ServletContainer.java:389)
s3g_1       | 	at org.glassfish.jersey.servlet.ServletContainer.service(ServletContainer.java:342)
s3g_1       | 	at org.glassfish.jersey.servlet.ServletContainer.service(ServletContainer.java:229)
s3g_1       | 	at org.eclipse.jetty.servlet.ServletHolder.handle(ServletHolder.java:840)
s3g_1       | 	at org.eclipse.jetty.servlet.ServletHandler$CachedChain.doFilter(ServletHandler.java:1780)
s3g_1       | 	at org.apache.hadoop.http.HttpServer2$QuotingInputFilter.doFilter(HttpServer2.java:1609)
s3g_1       | 	at org.eclipse.jetty.servlet.ServletHandler$CachedChain.doFilter(ServletHandler.java:1767)
s3g_1       | 	at org.apache.hadoop.http.NoCacheFilter.doFilter(NoCacheFilter.java:45)
s3g_1       | 	at org.eclipse.jetty.servlet.ServletHandler$CachedChain.doFilter(ServletHandler.java:1767)
s3g_1       | 	at org.eclipse.jetty.servlet.ServletHandler.doHandle(ServletHandler.java:583)
s3g_1       | 	at org.eclipse.jetty.server.handler.ScopedHandler.handle(ScopedHandler.java:143)
s3g_1       | 	at org.eclipse.jetty.security.SecurityHandler.handle(SecurityHandler.java:548)
s3g_1       | 	at org.eclipse.jetty.server.session.SessionHandler.doHandle(SessionHandler.java:226)
s3g_1       | 	at org.eclipse.jetty.server.handler.ContextHandler.doHandle(ContextHandler.java:1180)
s3g_1       | 	at org.eclipse.jetty.servlet.ServletHandler.doScope(ServletHandler.java:513)
s3g_1       | 	at org.eclipse.jetty.server.session.SessionHandler.doScope(SessionHandler.java:185)
s3g_1       | 	at org.eclipse.jetty.server.handler.ContextHandler.doScope(ContextHandler.java:1112)
s3g_1       | 	at org.eclipse.jetty.server.handler.ScopedHandler.handle(ScopedHandler.java:141)
s3g_1       | 	at org.eclipse.jetty.server.handler.HandlerCollection.handle(HandlerCollection.java:119)
s3g_1       | 	at org.eclipse.jetty.server.handler.HandlerWrapper.handle(HandlerWrapper.java:134)
s3g_1       | 	at org.eclipse.jetty.server.Server.handle(Server.java:539)
s3g_1       | 	at org.eclipse.jetty.server.HttpChannel.handle(HttpChannel.java:333)
s3g_1       | 	at org.eclipse.jetty.server.HttpConnection.onFillable(HttpConnection.java:251)
s3g_1       | 	at org.eclipse.jetty.io.AbstractConnection$ReadCallback.succeeded(AbstractConnection.java:283)
s3g_1       | 	at org.eclipse.jetty.io.FillInterest.fillable(FillInterest.java:108)
s3g_1       | 	at org.eclipse.jetty.io.SelectChannelEndPoint$2.run(SelectChannelEndPoint.java:93)
s3g_1       | 	at org.eclipse.jetty.util.thread.strategy.ExecuteProduceConsume.executeProduceConsume(ExecuteProduceConsume.java:303)
s3g_1       | 	at org.eclipse.jetty.util.thread.strategy.ExecuteProduceConsume.produceConsume(ExecuteProduceConsume.java:148)
s3g_1       | 	at org.eclipse.jetty.util.thread.strategy.ExecuteProduceConsume.run(ExecuteProduceConsume.java:136)
s3g_1       | 	at org.eclipse.jetty.util.thread.QueuedThreadPool.runJob(QueuedThreadPool.java:671)
s3g_1       | 	at org.eclipse.jetty.util.thread.QueuedThreadPool$2.run(QueuedThreadPool.java:589)
s3g_1       | 	at java.base/java.lang.Thread.run(Thread.java:834)
s3g_1       | 2019-11-15 20:41:56,602 ERROR endpoint.ObjectEndpoint: Error in Complete Multipart Upload Request for bucket: bucket-30806, key: multipartKey3
s3g_1       | INVALID_PART_ORDER org.apache.hadoop.ozone.om.exceptions.OMException: Complete Multipart Upload Failed: volume: s37c35ba70126b04fca007e4dbfab9c47cbucket: bucket-30806key: multipartKey3because parts are in Invalid order.
s3g_1       | 	at org.apache.hadoop.ozone.om.protocolPB.OzoneManagerProtocolClientSideTranslatorPB.handleError(OzoneManagerProtocolClientSideTranslatorPB.java:761)
s3g_1       | 	at org.apache.hadoop.ozone.om.protocolPB.OzoneManagerProtocolClientSideTranslatorPB.completeMultipartUpload(OzoneManagerProtocolClientSideTranslatorPB.java:1133)
s3g_1       | 	at java.base/jdk.internal.reflect.NativeMethodAccessorImpl.invoke0(Native Method)
s3g_1       | 	at java.base/jdk.internal.reflect.NativeMethodAccessorImpl.invoke(NativeMethodAccessorImpl.java:62)
s3g_1       | 	at java.base/jdk.internal.reflect.DelegatingMethodAccessorImpl.invoke(DelegatingMethodAccessorImpl.java:43)
s3g_1       | 	at java.base/java.lang.reflect.Method.invoke(Method.java:566)
s3g_1       | 	at org.apache.hadoop.hdds.tracing.TraceAllMethod.invoke(TraceAllMethod.java:66)
s3g_1       | 	at com.sun.proxy.$Proxy84.completeMultipartUpload(Unknown Source)
s3g_1       | 	at org.apache.hadoop.ozone.client.rpc.RpcClient.completeMultipartUpload(RpcClient.java:913)
s3g_1       | 	at org.apache.hadoop.ozone.client.OzoneBucket.completeMultipartUpload(OzoneBucket.java:445)
s3g_1       | 	at org.apache.hadoop.ozone.s3.endpoint.ObjectEndpoint.completeMultipartUpload(ObjectEndpoint.java:500)
s3g_1       | 	at java.base/jdk.internal.reflect.NativeMethodAccessorImpl.invoke0(Native Method)
