datanode_1  | Keytab name: FILE:/etc/security/keytabs/HTTP.keytab
rm_1        | KVNO Timestamp         Principal
nm_1        |    2 10/25/19 23:34:15 HTTP/nm@EXAMPLE.COM
kdc_1       | Oct 25 23:34:13 kdc kadmind[15](Notice): Request: kadm5_init, admin/admin@EXAMPLE.COM, success, client=admin/admin@EXAMPLE.COM, service=kadmin/admin@EXAMPLE.COM, addr=127.0.0.1, vers=4, flavor=6
s3g_1       | KVNO Timestamp         Principal
jhs         | 
om_1        | KVNO Timestamp         Principal
kms_1       |    2 10/25/19 23:34:17 HTTP/63978d7e9b0f@EXAMPLE.COM
datanode_2  | ---- ----------------- --------------------------------------------------------
scm_1       | ---- ----------------- --------------------------------------------------------
datanode_3  | ---- ----------------- --------------------------------------------------------
datanode_1  | KVNO Timestamp         Principal
rm_1        | ---- ----------------- --------------------------------------------------------
nm_1        |    2 10/25/19 23:34:15 HTTP/nm@EXAMPLE.COM
kdc_1       | Oct 25 23:34:13 kdc kadmind[15](Notice): Request: kadm5_get_policy, default, Policy does not exist, client=admin/admin@EXAMPLE.COM, service=kadmin/admin@EXAMPLE.COM, addr=127.0.0.1
s3g_1       | ---- ----------------- --------------------------------------------------------
jhs         | Keytab name: FILE:/etc/security/keytabs/HTTP.keytab
om_1        | ---- ----------------- --------------------------------------------------------
kms_1       | Download testuser/63978d7e9b0f@EXAMPLE.COM keytab file to /etc/security/keytabs/testuser.keytab
datanode_2  |    2 10/25/19 23:34:15 HTTP/ab961cf9890a@EXAMPLE.COM
scm_1       |    2 10/25/19 23:34:18 HTTP/scm@EXAMPLE.COM
datanode_3  |    2 10/25/19 23:34:15 HTTP/0730aba2ff20@EXAMPLE.COM
datanode_1  | ---- ----------------- --------------------------------------------------------
rm_1        |    2 10/25/19 23:34:19 HTTP/rm@EXAMPLE.COM
nm_1        | Download testuser/nm@EXAMPLE.COM keytab file to /etc/security/keytabs/testuser.keytab
kdc_1       | Oct 25 23:34:13 kdc kadmind[15](Notice): Request: kadm5_create_principal, dn/nm@EXAMPLE.COM, success, client=admin/admin@EXAMPLE.COM, service=kadmin/admin@EXAMPLE.COM, addr=127.0.0.1
s3g_1       |    2 10/25/19 23:34:16 HTTP/s3g@EXAMPLE.COM
jhs         | KVNO Timestamp         Principal
om_1        |    2 10/25/19 23:34:16 HTTP/om@EXAMPLE.COM
kms_1       | --2019-10-25 23:34:17--  http://kdc:8081/keytab/63978d7e9b0f/testuser
datanode_2  |    2 10/25/19 23:34:15 HTTP/ab961cf9890a@EXAMPLE.COM
scm_1       |    2 10/25/19 23:34:18 HTTP/scm@EXAMPLE.COM
datanode_3  |    2 10/25/19 23:34:15 HTTP/0730aba2ff20@EXAMPLE.COM
rm_1        |    2 10/25/19 23:34:19 HTTP/rm@EXAMPLE.COM
datanode_1  |    2 10/25/19 23:34:16 HTTP/616fe3f01d15@EXAMPLE.COM
nm_1        | --2019-10-25 23:34:15--  http://kdc:8081/keytab/nm/testuser
kdc_1       | Oct 25 23:34:13 kdc kadmind[15](info): closing down fd 18
s3g_1       |    2 10/25/19 23:34:16 HTTP/s3g@EXAMPLE.COM
jhs         | ---- ----------------- --------------------------------------------------------
om_1        |    2 10/25/19 23:34:16 HTTP/om@EXAMPLE.COM
kms_1       | Resolving kdc (kdc)... 172.18.0.11
datanode_2  | Download testuser/ab961cf9890a@EXAMPLE.COM keytab file to /etc/security/keytabs/testuser.keytab
scm_1       | Download testuser/scm@EXAMPLE.COM keytab file to /etc/security/keytabs/testuser.keytab
datanode_3  | Download testuser/0730aba2ff20@EXAMPLE.COM keytab file to /etc/security/keytabs/testuser.keytab
rm_1        | Download testuser/rm@EXAMPLE.COM keytab file to /etc/security/keytabs/testuser.keytab
datanode_1  |    2 10/25/19 23:34:16 HTTP/616fe3f01d15@EXAMPLE.COM
nm_1        | Resolving kdc (kdc)... 172.18.0.11
kdc_1       | Oct 25 23:34:13 kdc kadmind[15](Notice): Request: kadm5_init, admin/admin@EXAMPLE.COM, success, client=admin/admin@EXAMPLE.COM, service=kadmin/admin@EXAMPLE.COM, addr=127.0.0.1, vers=4, flavor=6
s3g_1       | Download testuser/s3g@EXAMPLE.COM keytab file to /etc/security/keytabs/testuser.keytab
jhs         |    2 10/25/19 23:34:16 HTTP/jhs@EXAMPLE.COM
om_1        | Download testuser/om@EXAMPLE.COM keytab file to /etc/security/keytabs/testuser.keytab
kms_1       | Connecting to kdc (kdc)|172.18.0.11|:8081... connected.
datanode_2  | --2019-10-25 23:34:15--  http://kdc:8081/keytab/ab961cf9890a/testuser
scm_1       | --2019-10-25 23:34:18--  http://kdc:8081/keytab/scm/testuser
datanode_3  | --2019-10-25 23:34:15--  http://kdc:8081/keytab/0730aba2ff20/testuser
rm_1        | --2019-10-25 23:34:19--  http://kdc:8081/keytab/rm/testuser
datanode_1  | Download testuser/616fe3f01d15@EXAMPLE.COM keytab file to /etc/security/keytabs/testuser.keytab
nm_1        | Connecting to kdc (kdc)|172.18.0.11|:8081... connected.
kdc_1       | Oct 25 23:34:13 kdc kadmind[15](Notice): Request: kadm5_randkey_principal, dn/nm@EXAMPLE.COM, success, client=admin/admin@EXAMPLE.COM, service=kadmin/admin@EXAMPLE.COM, addr=127.0.0.1
s3g_1       | --2019-10-25 23:34:16--  http://kdc:8081/keytab/s3g/testuser
jhs         |    2 10/25/19 23:34:16 HTTP/jhs@EXAMPLE.COM
om_1        | --2019-10-25 23:34:16--  http://kdc:8081/keytab/om/testuser
kms_1       | HTTP request sent, awaiting response... 200 OK
datanode_2  | Resolving kdc (kdc)... 172.18.0.11
scm_1       | Resolving kdc (kdc)... 172.18.0.11
datanode_3  | Resolving kdc (kdc)... 172.18.0.11
rm_1        | Resolving kdc (kdc)... 172.18.0.11
datanode_1  | --2019-10-25 23:34:16--  http://kdc:8081/keytab/616fe3f01d15/testuser
nm_1        | HTTP request sent, awaiting response... 200 OK
kdc_1       | Oct 25 23:34:13 kdc kadmind[15](Notice): Request: kadm5_get_principal, dn/nm@EXAMPLE.COM, success, client=admin/admin@EXAMPLE.COM, service=kadmin/admin@EXAMPLE.COM, addr=127.0.0.1
s3g_1       | Resolving kdc (kdc)... 172.18.0.11
jhs         | Download testuser/jhs@EXAMPLE.COM keytab file to /etc/security/keytabs/testuser.keytab
om_1        | Resolving kdc (kdc)... 172.18.0.11
kms_1       | Length: 170 [application/octet-stream]
scm_1       | Connecting to kdc (kdc)|172.18.0.11|:8081... connected.
datanode_2  | Connecting to kdc (kdc)|172.18.0.11|:8081... connected.
datanode_3  | Connecting to kdc (kdc)|172.18.0.11|:8081... connected.
rm_1        | Connecting to kdc (kdc)|172.18.0.11|:8081... connected.
datanode_1  | Resolving kdc (kdc)... 172.18.0.11
nm_1        | Length: 150 [application/octet-stream]
kdc_1       | Oct 25 23:34:13 kdc kadmind[15](info): closing down fd 18
s3g_1       | Connecting to kdc (kdc)|172.18.0.11|:8081... connected.
jhs         | --2019-10-25 23:34:16--  http://kdc:8081/keytab/jhs/testuser
om_1        | Connecting to kdc (kdc)|172.18.0.11|:8081... connected.
kms_1       | Saving to: '/etc/security/keytabs/testuser.keytab'
scm_1       | HTTP request sent, awaiting response... 200 OK
datanode_2  | HTTP request sent, awaiting response... 200 OK
datanode_3  | HTTP request sent, awaiting response... 200 OK
rm_1        | HTTP request sent, awaiting response... 200 OK
datanode_1  | Connecting to kdc (kdc)|172.18.0.11|:8081... connected.
nm_1        | Saving to: '/etc/security/keytabs/testuser.keytab'
kdc_1       | Oct 25 23:34:13 kdc kadmind[15](Notice): Request: kadm5_init, admin/admin@EXAMPLE.COM, success, client=admin/admin@EXAMPLE.COM, service=kadmin/admin@EXAMPLE.COM, addr=127.0.0.1, vers=4, flavor=6
s3g_1       | HTTP request sent, awaiting response... 200 OK
jhs         | Resolving kdc (kdc)... 172.18.0.11
om_1        | HTTP request sent, awaiting response... 200 OK
kms_1       | 
scm_1       | Length: 152 [application/octet-stream]
datanode_2  | Length: 170 [application/octet-stream]
datanode_3  | Length: 170 [application/octet-stream]
rm_1        | Length: 150 [application/octet-stream]
nm_1        | 
datanode_1  | HTTP request sent, awaiting response... 200 OK
kdc_1       | Oct 25 23:34:13 kdc kadmind[15](Notice): Request: kadm5_get_policy, default, Policy does not exist, client=admin/admin@EXAMPLE.COM, service=kadmin/admin@EXAMPLE.COM, addr=127.0.0.1
s3g_1       | Length: 152 [application/octet-stream]
jhs         | Connecting to kdc (kdc)|172.18.0.11|:8081... connected.
om_1        | Length: 150 [application/octet-stream]
kms_1       |      0K                                                       100% 11.3M=0s
scm_1       | Saving to: '/etc/security/keytabs/testuser.keytab'
datanode_2  | Saving to: '/etc/security/keytabs/testuser.keytab'
datanode_3  | Saving to: '/etc/security/keytabs/testuser.keytab'
rm_1        | Saving to: '/etc/security/keytabs/testuser.keytab'
nm_1        |      0K                                                       100% 6.69M=0s
datanode_1  | Length: 170 [application/octet-stream]
s3g_1       | Saving to: '/etc/security/keytabs/testuser.keytab'
jhs         | HTTP request sent, awaiting response... 200 OK
kdc_1       | Oct 25 23:34:13 kdc kadmind[15](Notice): Request: kadm5_create_principal, dn/ab961cf9890a@EXAMPLE.COM, success, client=admin/admin@EXAMPLE.COM, service=kadmin/admin@EXAMPLE.COM, addr=127.0.0.1
kms_1       | 
om_1        | Saving to: '/etc/security/keytabs/testuser.keytab'
scm_1       | 
datanode_2  | 
datanode_3  | 
rm_1        | 
nm_1        | 
datanode_1  | Saving to: '/etc/security/keytabs/testuser.keytab'
jhs         | Length: 152 [application/octet-stream]
s3g_1       | 
kdc_1       | Oct 25 23:34:13 kdc kadmind[15](info): closing down fd 18
kms_1       | 2019-10-25 23:34:19 (11.3 MB/s) - '/etc/security/keytabs/testuser.keytab' saved [170/170]
om_1        | 
scm_1       |      0K                                                       100% 9.74M=0s
datanode_2  |      0K                                                       100% 11.5M=0s
datanode_3  |      0K                                                       100% 13.1M=0s
rm_1        |      0K                                                       100% 13.6M=0s
nm_1        | 2019-10-25 23:34:16 (6.69 MB/s) - '/etc/security/keytabs/testuser.keytab' saved [150/150]
datanode_1  | 
jhs         | Saving to: '/etc/security/keytabs/testuser.keytab'
s3g_1       |      0K                                                       100% 13.9M=0s
kdc_1       | Oct 25 23:34:13 kdc kadmind[15](Notice): Request: kadm5_init, admin/admin@EXAMPLE.COM, success, client=admin/admin@EXAMPLE.COM, service=kadmin/admin@EXAMPLE.COM, addr=127.0.0.1, vers=4, flavor=6
kms_1       | 
om_1        |      0K                                                       100% 13.8M=0s
scm_1       | 
datanode_2  | 
datanode_3  | 
rm_1        | 
nm_1        | 
datanode_1  |      0K                                                       100% 12.4M=0s
jhs         | 
s3g_1       | 
kdc_1       | Oct 25 23:34:13 kdc kadmind[15](Notice): Request: kadm5_randkey_principal, dn/ab961cf9890a@EXAMPLE.COM, success, client=admin/admin@EXAMPLE.COM, service=kadmin/admin@EXAMPLE.COM, addr=127.0.0.1
kms_1       | Keytab name: FILE:/etc/security/keytabs/testuser.keytab
scm_1       | 2019-10-25 23:34:19 (9.74 MB/s) - '/etc/security/keytabs/testuser.keytab' saved [152/152]
om_1        | 
datanode_2  | 2019-10-25 23:34:16 (11.5 MB/s) - '/etc/security/keytabs/testuser.keytab' saved [170/170]
datanode_3  | 2019-10-25 23:34:16 (13.1 MB/s) - '/etc/security/keytabs/testuser.keytab' saved [170/170]
rm_1        | 2019-10-25 23:34:20 (13.6 MB/s) - '/etc/security/keytabs/testuser.keytab' saved [150/150]
nm_1        | Keytab name: FILE:/etc/security/keytabs/testuser.keytab
datanode_1  | 
jhs         |      0K                                                       100% 14.7M=0s
s3g_1       | 2019-10-25 23:34:17 (13.9 MB/s) - '/etc/security/keytabs/testuser.keytab' saved [152/152]
kdc_1       | Oct 25 23:34:13 kdc kadmind[15](Notice): Request: kadm5_get_principal, dn/ab961cf9890a@EXAMPLE.COM, success, client=admin/admin@EXAMPLE.COM, service=kadmin/admin@EXAMPLE.COM, addr=127.0.0.1
kms_1       | KVNO Timestamp         Principal
scm_1       | 
om_1        | 2019-10-25 23:34:17 (13.8 MB/s) - '/etc/security/keytabs/testuser.keytab' saved [150/150]
datanode_2  | 
datanode_3  | 
rm_1        | 
datanode_1  | 2019-10-25 23:34:17 (12.4 MB/s) - '/etc/security/keytabs/testuser.keytab' saved [170/170]
jhs         | 
s3g_1       | 
kdc_1       | Oct 25 23:34:13 kdc kadmind[15](info): closing down fd 18
kms_1       | ---- ----------------- --------------------------------------------------------
scm_1       | Keytab name: FILE:/etc/security/keytabs/testuser.keytab
datanode_2  | Keytab name: FILE:/etc/security/keytabs/testuser.keytab
nm_1        | KVNO Timestamp         Principal
om_1        | 
datanode_3  | Keytab name: FILE:/etc/security/keytabs/testuser.keytab
rm_1        | Keytab name: FILE:/etc/security/keytabs/testuser.keytab
datanode_1  | 
jhs         | 2019-10-25 23:34:17 (14.7 MB/s) - '/etc/security/keytabs/testuser.keytab' saved [152/152]
s3g_1       | Keytab name: FILE:/etc/security/keytabs/testuser.keytab
kdc_1       | Oct 25 23:34:13 kdc kadmind[15](Notice): Request: kadm5_init, admin/admin@EXAMPLE.COM, success, client=admin/admin@EXAMPLE.COM, service=kadmin/admin@EXAMPLE.COM, addr=127.0.0.1, vers=4, flavor=6
kms_1       |    2 10/25/19 23:34:18 testuser/63978d7e9b0f@EXAMPLE.COM
scm_1       | KVNO Timestamp         Principal
datanode_2  | KVNO Timestamp         Principal
nm_1        | ---- ----------------- --------------------------------------------------------
om_1        | Keytab name: FILE:/etc/security/keytabs/testuser.keytab
datanode_3  | KVNO Timestamp         Principal
rm_1        | KVNO Timestamp         Principal
datanode_1  | Keytab name: FILE:/etc/security/keytabs/testuser.keytab
jhs         | 
s3g_1       | KVNO Timestamp         Principal
kdc_1       | Oct 25 23:34:13 kdc kadmind[15](Notice): Request: kadm5_get_policy, default, Policy does not exist, client=admin/admin@EXAMPLE.COM, service=kadmin/admin@EXAMPLE.COM, addr=127.0.0.1
kms_1       |    2 10/25/19 23:34:19 testuser/63978d7e9b0f@EXAMPLE.COM
scm_1       | ---- ----------------- --------------------------------------------------------
datanode_2  | ---- ----------------- --------------------------------------------------------
nm_1        |    2 10/25/19 23:34:16 testuser/nm@EXAMPLE.COM
om_1        | KVNO Timestamp         Principal
datanode_3  | ---- ----------------- --------------------------------------------------------
rm_1        | ---- ----------------- --------------------------------------------------------
datanode_1  | KVNO Timestamp         Principal
jhs         | Keytab name: FILE:/etc/security/keytabs/testuser.keytab
s3g_1       | ---- ----------------- --------------------------------------------------------
kdc_1       | Oct 25 23:34:13 kdc kadmind[15](Notice): Request: kadm5_create_principal, dn/0730aba2ff20@EXAMPLE.COM, success, client=admin/admin@EXAMPLE.COM, service=kadmin/admin@EXAMPLE.COM, addr=127.0.0.1
kms_1       | Download s3g/63978d7e9b0f@EXAMPLE.COM keytab file to /etc/security/keytabs/s3g.keytab
scm_1       |    2 10/25/19 23:34:19 testuser/scm@EXAMPLE.COM
datanode_2  |    2 10/25/19 23:34:16 testuser/ab961cf9890a@EXAMPLE.COM
nm_1        |    2 10/25/19 23:34:16 testuser/nm@EXAMPLE.COM
om_1        | ---- ----------------- --------------------------------------------------------
datanode_3  |    2 10/25/19 23:34:16 testuser/0730aba2ff20@EXAMPLE.COM
rm_1        |    2 10/25/19 23:34:20 testuser/rm@EXAMPLE.COM
datanode_1  | ---- ----------------- --------------------------------------------------------
jhs         | KVNO Timestamp         Principal
s3g_1       |    2 10/25/19 23:34:17 testuser/s3g@EXAMPLE.COM
kdc_1       | Oct 25 23:34:13 kdc kadmind[15](info): closing down fd 18
kms_1       | --2019-10-25 23:34:19--  http://kdc:8081/keytab/63978d7e9b0f/s3g
scm_1       |    2 10/25/19 23:34:19 testuser/scm@EXAMPLE.COM
datanode_2  |    2 10/25/19 23:34:16 testuser/ab961cf9890a@EXAMPLE.COM
nm_1        | Download s3g/nm@EXAMPLE.COM keytab file to /etc/security/keytabs/s3g.keytab
om_1        |    2 10/25/19 23:34:17 testuser/om@EXAMPLE.COM
datanode_3  |    2 10/25/19 23:34:16 testuser/0730aba2ff20@EXAMPLE.COM
rm_1        |    2 10/25/19 23:34:20 testuser/rm@EXAMPLE.COM
datanode_1  |    2 10/25/19 23:34:17 testuser/616fe3f01d15@EXAMPLE.COM
jhs         | ---- ----------------- --------------------------------------------------------
s3g_1       |    2 10/25/19 23:34:17 testuser/s3g@EXAMPLE.COM
kms_1       | Resolving kdc (kdc)... 172.18.0.11
scm_1       | Download s3g/scm@EXAMPLE.COM keytab file to /etc/security/keytabs/s3g.keytab
kdc_1       | Oct 25 23:34:13 kdc kadmind[15](Notice): Request: kadm5_init, admin/admin@EXAMPLE.COM, success, client=admin/admin@EXAMPLE.COM, service=kadmin/admin@EXAMPLE.COM, addr=127.0.0.1, vers=4, flavor=6
datanode_2  | Download s3g/ab961cf9890a@EXAMPLE.COM keytab file to /etc/security/keytabs/s3g.keytab
nm_1        | --2019-10-25 23:34:16--  http://kdc:8081/keytab/nm/s3g
om_1        |    2 10/25/19 23:34:17 testuser/om@EXAMPLE.COM
rm_1        | Download s3g/rm@EXAMPLE.COM keytab file to /etc/security/keytabs/s3g.keytab
datanode_3  | Download s3g/0730aba2ff20@EXAMPLE.COM keytab file to /etc/security/keytabs/s3g.keytab
jhs         |    2 10/25/19 23:34:17 testuser/jhs@EXAMPLE.COM
datanode_1  |    2 10/25/19 23:34:17 testuser/616fe3f01d15@EXAMPLE.COM
s3g_1       | Download s3g/s3g@EXAMPLE.COM keytab file to /etc/security/keytabs/s3g.keytab
kms_1       | Connecting to kdc (kdc)|172.18.0.11|:8081... connected.
scm_1       | --2019-10-25 23:34:19--  http://kdc:8081/keytab/scm/s3g
kdc_1       | Oct 25 23:34:13 kdc kadmind[15](Notice): Request: kadm5_randkey_principal, dn/0730aba2ff20@EXAMPLE.COM, success, client=admin/admin@EXAMPLE.COM, service=kadmin/admin@EXAMPLE.COM, addr=127.0.0.1
datanode_2  | --2019-10-25 23:34:16--  http://kdc:8081/keytab/ab961cf9890a/s3g
nm_1        | Resolving kdc (kdc)... 172.18.0.11
om_1        | Download s3g/om@EXAMPLE.COM keytab file to /etc/security/keytabs/s3g.keytab
rm_1        | --2019-10-25 23:34:20--  http://kdc:8081/keytab/rm/s3g
datanode_3  | --2019-10-25 23:34:16--  http://kdc:8081/keytab/0730aba2ff20/s3g
jhs         |    2 10/25/19 23:34:17 testuser/jhs@EXAMPLE.COM
datanode_1  | Download s3g/616fe3f01d15@EXAMPLE.COM keytab file to /etc/security/keytabs/s3g.keytab
s3g_1       | --2019-10-25 23:34:17--  http://kdc:8081/keytab/s3g/s3g
kms_1       | HTTP request sent, awaiting response... 200 OK
scm_1       | Resolving kdc (kdc)... 172.18.0.11
kdc_1       | Oct 25 23:34:13 kdc kadmind[15](Notice): Request: kadm5_get_principal, dn/0730aba2ff20@EXAMPLE.COM, success, client=admin/admin@EXAMPLE.COM, service=kadmin/admin@EXAMPLE.COM, addr=127.0.0.1
datanode_2  | Resolving kdc (kdc)... 172.18.0.11
nm_1        | Connecting to kdc (kdc)|172.18.0.11|:8081... connected.
om_1        | --2019-10-25 23:34:17--  http://kdc:8081/keytab/om/s3g
rm_1        | Resolving kdc (kdc)... 172.18.0.11
datanode_3  | Resolving kdc (kdc)... 172.18.0.11
jhs         | Download s3g/jhs@EXAMPLE.COM keytab file to /etc/security/keytabs/s3g.keytab
datanode_1  | --2019-10-25 23:34:17--  http://kdc:8081/keytab/616fe3f01d15/s3g
s3g_1       | Resolving kdc (kdc)... 172.18.0.11
kms_1       | Length: 160 [application/octet-stream]
scm_1       | Connecting to kdc (kdc)|172.18.0.11|:8081... connected.
kdc_1       | Oct 25 23:34:13 kdc kadmind[15](info): closing down fd 18
datanode_2  | Connecting to kdc (kdc)|172.18.0.11|:8081... connected.
nm_1        | HTTP request sent, awaiting response... 200 OK
om_1        | Resolving kdc (kdc)... 172.18.0.11
rm_1        | Connecting to kdc (kdc)|172.18.0.11|:8081... connected.
datanode_3  | Connecting to kdc (kdc)|172.18.0.11|:8081... connected.
jhs         | --2019-10-25 23:34:17--  http://kdc:8081/keytab/jhs/s3g
datanode_1  | Resolving kdc (kdc)... 172.18.0.11
s3g_1       | Connecting to kdc (kdc)|172.18.0.11|:8081... connected.
kms_1       | Saving to: '/etc/security/keytabs/s3g.keytab'
scm_1       | HTTP request sent, awaiting response... 200 OK
kdc_1       | WARNING: no policy specified for dn/jhs@EXAMPLE.COM; defaulting to no policy
datanode_2  | HTTP request sent, awaiting response... 200 OK
nm_1        | Length: 140 [application/octet-stream]
om_1        | Connecting to kdc (kdc)|172.18.0.11|:8081... connected.
rm_1        | HTTP request sent, awaiting response... 200 OK
datanode_3  | HTTP request sent, awaiting response... 200 OK
jhs         | Resolving kdc (kdc)... 172.18.0.11
datanode_1  | Connecting to kdc (kdc)|172.18.0.11|:8081... connected.
s3g_1       | HTTP request sent, awaiting response... 200 OK
kms_1       | 
kdc_1       | Principal "dn/jhs@EXAMPLE.COM" created.
datanode_2  | Length: 160 [application/octet-stream]
nm_1        | Saving to: '/etc/security/keytabs/s3g.keytab'
om_1        | HTTP request sent, awaiting response... 200 OK
rm_1        | Length: 140 [application/octet-stream]
datanode_3  | Length: 160 [application/octet-stream]
scm_1       | Length: 142 [application/octet-stream]
jhs         | Connecting to kdc (kdc)|172.18.0.11|:8081... connected.
datanode_1  | HTTP request sent, awaiting response... 200 OK
s3g_1       | Length: 142 [application/octet-stream]
kms_1       |      0K                                                       100% 13.2M=0s
kdc_1       | Authenticating as principal admin/admin with keytab /tmp/admin.keytab.
datanode_2  | Saving to: '/etc/security/keytabs/s3g.keytab'
nm_1        | 
om_1        | Length: 140 [application/octet-stream]
rm_1        | Saving to: '/etc/security/keytabs/s3g.keytab'
datanode_3  | Saving to: '/etc/security/keytabs/s3g.keytab'
scm_1       | Saving to: '/etc/security/keytabs/s3g.keytab'
jhs         | HTTP request sent, awaiting response... 200 OK
datanode_1  | Length: 160 [application/octet-stream]
s3g_1       | Saving to: '/etc/security/keytabs/s3g.keytab'
kms_1       | 
kdc_1       | Entry for principal dn/jhs@EXAMPLE.COM with kvno 2, encryption type aes256-cts-hmac-sha1-96 added to keytab WRFILE:/data/dn.jhs.keytab.
datanode_2  | 
nm_1        |      0K                                                       100% 9.73M=0s
om_1        | Saving to: '/etc/security/keytabs/s3g.keytab'
rm_1        | 
datanode_3  | 
scm_1       | 
jhs         | Length: 142 [application/octet-stream]
datanode_1  | Saving to: '/etc/security/keytabs/s3g.keytab'
s3g_1       | 
kms_1       | 2019-10-25 23:34:19 (13.2 MB/s) - '/etc/security/keytabs/s3g.keytab' saved [160/160]
kdc_1       | Entry for principal dn/jhs@EXAMPLE.COM with kvno 2, encryption type aes128-cts-hmac-sha1-96 added to keytab WRFILE:/data/dn.jhs.keytab.
datanode_2  |      0K                                                       100% 21.7M=0s
nm_1        | 
om_1        | 
rm_1        |      0K                                                       100% 19.3M=0s
datanode_3  |      0K                                                       100% 9.65M=0s
scm_1       |      0K                                                       100% 11.8M=0s
jhs         | Saving to: '/etc/security/keytabs/s3g.keytab'
datanode_1  | 
s3g_1       |      0K                                                       100% 10.2M=0s
kms_1       | 
kdc_1       | Generiting keytab
datanode_2  | 
nm_1        | 2019-10-25 23:34:17 (9.73 MB/s) - '/etc/security/keytabs/s3g.keytab' saved [140/140]
om_1        |      0K                                                       100% 11.6M=0s
rm_1        | 
datanode_3  | 
scm_1       | 
jhs         | 
s3g_1       | 
datanode_1  |      0K                                                       100% 18.4M=0s
kms_1       | Keytab name: FILE:/etc/security/keytabs/s3g.keytab
kdc_1       | Authenticating as principal admin/admin with keytab /tmp/admin.keytab.
datanode_2  | 2019-10-25 23:34:17 (21.7 MB/s) - '/etc/security/keytabs/s3g.keytab' saved [160/160]
nm_1        | 
om_1        | 
rm_1        | 2019-10-25 23:34:21 (19.3 MB/s) - '/etc/security/keytabs/s3g.keytab' saved [140/140]
datanode_3  | 2019-10-25 23:34:17 (9.65 MB/s) - '/etc/security/keytabs/s3g.keytab' saved [160/160]
scm_1       | 2019-10-25 23:34:20 (11.8 MB/s) - '/etc/security/keytabs/s3g.keytab' saved [142/142]
jhs         |      0K                                                       100% 11.6M=0s
s3g_1       | 2019-10-25 23:34:18 (10.2 MB/s) - '/etc/security/keytabs/s3g.keytab' saved [142/142]
datanode_1  | 
kms_1       | KVNO Timestamp         Principal
kdc_1       | WARNING: no policy specified for dn/s3g@EXAMPLE.COM; defaulting to no policy
datanode_2  | 
nm_1        | Keytab name: FILE:/etc/security/keytabs/s3g.keytab
rm_1        | 
om_1        | 2019-10-25 23:34:18 (11.6 MB/s) - '/etc/security/keytabs/s3g.keytab' saved [140/140]
datanode_3  | 
jhs         | 
scm_1       | 
s3g_1       | 
kms_1       | ---- ----------------- --------------------------------------------------------
kdc_1       | Principal "dn/s3g@EXAMPLE.COM" created.
datanode_2  | Keytab name: FILE:/etc/security/keytabs/s3g.keytab
nm_1        | KVNO Timestamp         Principal
rm_1        | Keytab name: FILE:/etc/security/keytabs/s3g.keytab
om_1        | 
datanode_1  | 2019-10-25 23:34:18 (18.4 MB/s) - '/etc/security/keytabs/s3g.keytab' saved [160/160]
datanode_3  | Keytab name: FILE:/etc/security/keytabs/s3g.keytab
scm_1       | Keytab name: FILE:/etc/security/keytabs/s3g.keytab
jhs         | 2019-10-25 23:34:17 (11.6 MB/s) - '/etc/security/keytabs/s3g.keytab' saved [142/142]
s3g_1       | Keytab name: FILE:/etc/security/keytabs/s3g.keytab
kms_1       |    2 10/25/19 23:34:19 s3g/63978d7e9b0f@EXAMPLE.COM
kdc_1       | Authenticating as principal admin/admin with keytab /tmp/admin.keytab.
datanode_2  | KVNO Timestamp         Principal
nm_1        | ---- ----------------- --------------------------------------------------------
rm_1        | KVNO Timestamp         Principal
om_1        | Keytab name: FILE:/etc/security/keytabs/s3g.keytab
datanode_1  | 
datanode_3  | KVNO Timestamp         Principal
scm_1       | KVNO Timestamp         Principal
jhs         | 
s3g_1       | KVNO Timestamp         Principal
kms_1       |    2 10/25/19 23:34:19 s3g/63978d7e9b0f@EXAMPLE.COM
kdc_1       | Entry for principal dn/s3g@EXAMPLE.COM with kvno 2, encryption type aes256-cts-hmac-sha1-96 added to keytab WRFILE:/data/dn.s3g.keytab.
datanode_2  | ---- ----------------- --------------------------------------------------------
nm_1        |    2 10/25/19 23:34:17 s3g/nm@EXAMPLE.COM
rm_1        | ---- ----------------- --------------------------------------------------------
om_1        | KVNO Timestamp         Principal
datanode_3  | ---- ----------------- --------------------------------------------------------
datanode_1  | Keytab name: FILE:/etc/security/keytabs/s3g.keytab
jhs         | Keytab name: FILE:/etc/security/keytabs/s3g.keytab
scm_1       | ---- ----------------- --------------------------------------------------------
s3g_1       | ---- ----------------- --------------------------------------------------------
kms_1       | Download rm/63978d7e9b0f@EXAMPLE.COM keytab file to /etc/security/keytabs/rm.keytab
kdc_1       | Entry for principal dn/s3g@EXAMPLE.COM with kvno 2, encryption type aes128-cts-hmac-sha1-96 added to keytab WRFILE:/data/dn.s3g.keytab.
datanode_2  |    2 10/25/19 23:34:17 s3g/ab961cf9890a@EXAMPLE.COM
nm_1        |    2 10/25/19 23:34:17 s3g/nm@EXAMPLE.COM
rm_1        |    2 10/25/19 23:34:21 s3g/rm@EXAMPLE.COM
om_1        | ---- ----------------- --------------------------------------------------------
datanode_3  |    2 10/25/19 23:34:17 s3g/0730aba2ff20@EXAMPLE.COM
datanode_1  | KVNO Timestamp         Principal
jhs         | KVNO Timestamp         Principal
scm_1       |    2 10/25/19 23:34:20 s3g/scm@EXAMPLE.COM
s3g_1       |    2 10/25/19 23:34:18 s3g/s3g@EXAMPLE.COM
kms_1       | --2019-10-25 23:34:19--  http://kdc:8081/keytab/63978d7e9b0f/rm
kdc_1       | Generiting keytab
datanode_2  |    2 10/25/19 23:34:17 s3g/ab961cf9890a@EXAMPLE.COM
nm_1        | Download rm/nm@EXAMPLE.COM keytab file to /etc/security/keytabs/rm.keytab
rm_1        |    2 10/25/19 23:34:21 s3g/rm@EXAMPLE.COM
om_1        |    2 10/25/19 23:34:18 s3g/om@EXAMPLE.COM
datanode_3  |    2 10/25/19 23:34:17 s3g/0730aba2ff20@EXAMPLE.COM
datanode_1  | ---- ----------------- --------------------------------------------------------
jhs         | ---- ----------------- --------------------------------------------------------
scm_1       |    2 10/25/19 23:34:20 s3g/scm@EXAMPLE.COM
s3g_1       |    2 10/25/19 23:34:18 s3g/s3g@EXAMPLE.COM
kms_1       | Resolving kdc (kdc)... 172.18.0.11
kdc_1       | Authenticating as principal admin/admin with keytab /tmp/admin.keytab.
datanode_2  | Download rm/ab961cf9890a@EXAMPLE.COM keytab file to /etc/security/keytabs/rm.keytab
nm_1        | --2019-10-25 23:34:17--  http://kdc:8081/keytab/nm/rm
rm_1        | Download rm/rm@EXAMPLE.COM keytab file to /etc/security/keytabs/rm.keytab
om_1        |    2 10/25/19 23:34:18 s3g/om@EXAMPLE.COM
datanode_3  | Download rm/0730aba2ff20@EXAMPLE.COM keytab file to /etc/security/keytabs/rm.keytab
datanode_1  |    2 10/25/19 23:34:18 s3g/616fe3f01d15@EXAMPLE.COM
jhs         |    2 10/25/19 23:34:17 s3g/jhs@EXAMPLE.COM
scm_1       | Download rm/scm@EXAMPLE.COM keytab file to /etc/security/keytabs/rm.keytab
s3g_1       | Download rm/s3g@EXAMPLE.COM keytab file to /etc/security/keytabs/rm.keytab
kms_1       | Connecting to kdc (kdc)|172.18.0.11|:8081... connected.
datanode_2  | --2019-10-25 23:34:17--  http://kdc:8081/keytab/ab961cf9890a/rm
kdc_1       | WARNING: no policy specified for dn/om@EXAMPLE.COM; defaulting to no policy
nm_1        | Resolving kdc (kdc)... 172.18.0.11
rm_1        | --2019-10-25 23:34:21--  http://kdc:8081/keytab/rm/rm
om_1        | Download rm/om@EXAMPLE.COM keytab file to /etc/security/keytabs/rm.keytab
datanode_3  | --2019-10-25 23:34:17--  http://kdc:8081/keytab/0730aba2ff20/rm
datanode_1  |    2 10/25/19 23:34:18 s3g/616fe3f01d15@EXAMPLE.COM
jhs         |    2 10/25/19 23:34:17 s3g/jhs@EXAMPLE.COM
scm_1       | --2019-10-25 23:34:20--  http://kdc:8081/keytab/scm/rm
s3g_1       | --2019-10-25 23:34:18--  http://kdc:8081/keytab/s3g/rm
kms_1       | HTTP request sent, awaiting response... 200 OK
datanode_2  | Resolving kdc (kdc)... 172.18.0.11
kdc_1       | Principal "dn/om@EXAMPLE.COM" created.
rm_1        | Resolving kdc (kdc)... 172.18.0.11
nm_1        | Connecting to kdc (kdc)|172.18.0.11|:8081... connected.
om_1        | --2019-10-25 23:34:18--  http://kdc:8081/keytab/om/rm
datanode_3  | Resolving kdc (kdc)... 172.18.0.11
datanode_1  | Download rm/616fe3f01d15@EXAMPLE.COM keytab file to /etc/security/keytabs/rm.keytab
jhs         | Download rm/jhs@EXAMPLE.COM keytab file to /etc/security/keytabs/rm.keytab
scm_1       | Resolving kdc (kdc)... 172.18.0.11
s3g_1       | Resolving kdc (kdc)... 172.18.0.11
scm_1       | Connecting to kdc (kdc)|172.18.0.11|:8081... connected.
datanode_2  | Connecting to kdc (kdc)|172.18.0.11|:8081... connected.
kdc_1       | Authenticating as principal admin/admin with keytab /tmp/admin.keytab.
rm_1        | Connecting to kdc (kdc)|172.18.0.11|:8081... connected.
nm_1        | HTTP request sent, awaiting response... 200 OK
om_1        | Resolving kdc (kdc)... 172.18.0.11
datanode_3  | Connecting to kdc (kdc)|172.18.0.11|:8081... connected.
datanode_1  | --2019-10-25 23:34:18--  http://kdc:8081/keytab/616fe3f01d15/rm
jhs         | --2019-10-25 23:34:17--  http://kdc:8081/keytab/jhs/rm
kms_1       | Length: 158 [application/octet-stream]
s3g_1       | Connecting to kdc (kdc)|172.18.0.11|:8081... connected.
scm_1       | HTTP request sent, awaiting response... 200 OK
datanode_2  | HTTP request sent, awaiting response... 200 OK
kdc_1       | Entry for principal dn/om@EXAMPLE.COM with kvno 2, encryption type aes256-cts-hmac-sha1-96 added to keytab WRFILE:/data/dn.om.keytab.
rm_1        | HTTP request sent, awaiting response... 200 OK
nm_1        | Length: 138 [application/octet-stream]
om_1        | Connecting to kdc (kdc)|172.18.0.11|:8081... connected.
datanode_3  | HTTP request sent, awaiting response... 200 OK
datanode_1  | Resolving kdc (kdc)... 172.18.0.11
jhs         | Resolving kdc (kdc)... 172.18.0.11
kms_1       | Saving to: '/etc/security/keytabs/rm.keytab'
s3g_1       | HTTP request sent, awaiting response... 200 OK
scm_1       | Length: 140 [application/octet-stream]
datanode_2  | Length: 158 [application/octet-stream]
kdc_1       | Entry for principal dn/om@EXAMPLE.COM with kvno 2, encryption type aes128-cts-hmac-sha1-96 added to keytab WRFILE:/data/dn.om.keytab.
rm_1        | Length: 138 [application/octet-stream]
nm_1        | Saving to: '/etc/security/keytabs/rm.keytab'
om_1        | HTTP request sent, awaiting response... 200 OK
datanode_3  | Length: 158 [application/octet-stream]
datanode_1  | Connecting to kdc (kdc)|172.18.0.11|:8081... connected.
jhs         | Connecting to kdc (kdc)|172.18.0.11|:8081... connected.
kms_1       | 
scm_1       | Saving to: '/etc/security/keytabs/rm.keytab'
datanode_2  | Saving to: '/etc/security/keytabs/rm.keytab'
s3g_1       | Length: 140 [application/octet-stream]
kdc_1       | Generiting keytab
rm_1        | Saving to: '/etc/security/keytabs/rm.keytab'
nm_1        | 
om_1        | Length: 138 [application/octet-stream]
datanode_3  | Saving to: '/etc/security/keytabs/rm.keytab'
datanode_1  | HTTP request sent, awaiting response... 200 OK
jhs         | HTTP request sent, awaiting response... 200 OK
kms_1       |      0K                                                       100% 5.10M=0s
scm_1       | 
datanode_2  | 
s3g_1       | Saving to: '/etc/security/keytabs/rm.keytab'
kdc_1       | Authenticating as principal admin/admin with keytab /tmp/admin.keytab.
rm_1        | 
nm_1        |      0K                                                       100% 10.5M=0s
om_1        | Saving to: '/etc/security/keytabs/rm.keytab'
datanode_3  | 
datanode_1  | Length: 158 [application/octet-stream]
jhs         | Length: 140 [application/octet-stream]
kms_1       | 
scm_1       |      0K                                                       100% 17.0M=0s
s3g_1       | 
datanode_2  |      0K                                                       100% 12.4M=0s
kdc_1       | WARNING: no policy specified for dn/616fe3f01d15@EXAMPLE.COM; defaulting to no policy
rm_1        |      0K                                                       100% 13.8M=0s
nm_1        | 
om_1        | 
datanode_3  |      0K                                                       100% 17.7M=0s
datanode_1  | Saving to: '/etc/security/keytabs/rm.keytab'
jhs         | Saving to: '/etc/security/keytabs/rm.keytab'
kms_1       | 2019-10-25 23:34:21 (5.10 MB/s) - '/etc/security/keytabs/rm.keytab' saved [158/158]
s3g_1       |      0K                                                       100% 11.6M=0s
datanode_2  | 
scm_1       | 
kdc_1       | Principal "dn/616fe3f01d15@EXAMPLE.COM" created.
rm_1        | 
nm_1        | 2019-10-25 23:34:18 (10.5 MB/s) - '/etc/security/keytabs/rm.keytab' saved [138/138]
om_1        |      0K                                                       100% 10.4M=0s
datanode_3  | 
jhs         | 
datanode_1  | 
kms_1       | 
s3g_1       | 
datanode_2  | 2019-10-25 23:34:18 (12.4 MB/s) - '/etc/security/keytabs/rm.keytab' saved [158/158]
scm_1       | 2019-10-25 23:34:21 (17.0 MB/s) - '/etc/security/keytabs/rm.keytab' saved [140/140]
kdc_1       | Authenticating as principal admin/admin with keytab /tmp/admin.keytab.
nm_1        | 
rm_1        | 2019-10-25 23:34:22 (13.8 MB/s) - '/etc/security/keytabs/rm.keytab' saved [138/138]
om_1        | 
datanode_3  | 2019-10-25 23:34:18 (17.7 MB/s) - '/etc/security/keytabs/rm.keytab' saved [158/158]
jhs         |      0K                                                       100% 8.79M=0s
datanode_1  |      0K                                                       100% 12.4M=0s
kms_1       | Keytab name: FILE:/etc/security/keytabs/rm.keytab
s3g_1       | 2019-10-25 23:34:19 (11.6 MB/s) - '/etc/security/keytabs/rm.keytab' saved [140/140]
datanode_2  | 
scm_1       | 
kdc_1       | Entry for principal dn/616fe3f01d15@EXAMPLE.COM with kvno 2, encryption type aes256-cts-hmac-sha1-96 added to keytab WRFILE:/data/dn.616fe3f01d15.keytab.
nm_1        | Keytab name: FILE:/etc/security/keytabs/rm.keytab
rm_1        | 
om_1        | 2019-10-25 23:34:19 (10.4 MB/s) - '/etc/security/keytabs/rm.keytab' saved [138/138]
jhs         | 
datanode_3  | 
datanode_1  | 
kms_1       | KVNO Timestamp         Principal
s3g_1       | 
datanode_2  | Keytab name: FILE:/etc/security/keytabs/rm.keytab
scm_1       | Keytab name: FILE:/etc/security/keytabs/rm.keytab
kdc_1       | Entry for principal dn/616fe3f01d15@EXAMPLE.COM with kvno 2, encryption type aes128-cts-hmac-sha1-96 added to keytab WRFILE:/data/dn.616fe3f01d15.keytab.
nm_1        | KVNO Timestamp         Principal
rm_1        | Keytab name: FILE:/etc/security/keytabs/rm.keytab
om_1        | 
jhs         | 2019-10-25 23:34:19 (8.79 MB/s) - '/etc/security/keytabs/rm.keytab' saved [140/140]
datanode_3  | Keytab name: FILE:/etc/security/keytabs/rm.keytab
datanode_1  | 2019-10-25 23:34:19 (12.4 MB/s) - '/etc/security/keytabs/rm.keytab' saved [158/158]
kms_1       | ---- ----------------- --------------------------------------------------------
s3g_1       | Keytab name: FILE:/etc/security/keytabs/rm.keytab
datanode_2  | KVNO Timestamp         Principal
scm_1       | KVNO Timestamp         Principal
kdc_1       | Generiting keytab
nm_1        | ---- ----------------- --------------------------------------------------------
rm_1        | KVNO Timestamp         Principal
om_1        | Keytab name: FILE:/etc/security/keytabs/rm.keytab
jhs         | 
datanode_3  | KVNO Timestamp         Principal
datanode_1  | 
kms_1       |    2 10/25/19 23:34:21 rm/63978d7e9b0f@EXAMPLE.COM
s3g_1       | KVNO Timestamp         Principal
datanode_2  | ---- ----------------- --------------------------------------------------------
scm_1       | ---- ----------------- --------------------------------------------------------
kdc_1       | Authenticating as principal admin/admin with keytab /tmp/admin.keytab.
nm_1        |    2 10/25/19 23:34:18 rm/nm@EXAMPLE.COM
rm_1        | ---- ----------------- --------------------------------------------------------
om_1        | KVNO Timestamp         Principal
jhs         | Keytab name: FILE:/etc/security/keytabs/rm.keytab
datanode_3  | ---- ----------------- --------------------------------------------------------
datanode_1  | Keytab name: FILE:/etc/security/keytabs/rm.keytab
kms_1       |    2 10/25/19 23:34:21 rm/63978d7e9b0f@EXAMPLE.COM
datanode_2  |    2 10/25/19 23:34:18 rm/ab961cf9890a@EXAMPLE.COM
scm_1       |    2 10/25/19 23:34:21 rm/scm@EXAMPLE.COM
s3g_1       | ---- ----------------- --------------------------------------------------------
kdc_1       | WARNING: no policy specified for om/nm@EXAMPLE.COM; defaulting to no policy
nm_1        |    2 10/25/19 23:34:18 rm/nm@EXAMPLE.COM
rm_1        |    2 10/25/19 23:34:22 rm/rm@EXAMPLE.COM
om_1        | ---- ----------------- --------------------------------------------------------
jhs         | KVNO Timestamp         Principal
datanode_3  |    2 10/25/19 23:34:18 rm/0730aba2ff20@EXAMPLE.COM
datanode_1  | KVNO Timestamp         Principal
kms_1       | Download nm/63978d7e9b0f@EXAMPLE.COM keytab file to /etc/security/keytabs/nm.keytab
datanode_2  |    2 10/25/19 23:34:18 rm/ab961cf9890a@EXAMPLE.COM
scm_1       |    2 10/25/19 23:34:21 rm/scm@EXAMPLE.COM
s3g_1       |    2 10/25/19 23:34:19 rm/s3g@EXAMPLE.COM
kdc_1       | Principal "om/nm@EXAMPLE.COM" created.
nm_1        | Download nm/nm@EXAMPLE.COM keytab file to /etc/security/keytabs/nm.keytab
rm_1        |    2 10/25/19 23:34:22 rm/rm@EXAMPLE.COM
om_1        |    2 10/25/19 23:34:19 rm/om@EXAMPLE.COM
jhs         | ---- ----------------- --------------------------------------------------------
datanode_3  |    2 10/25/19 23:34:18 rm/0730aba2ff20@EXAMPLE.COM
datanode_1  | ---- ----------------- --------------------------------------------------------
kms_1       | --2019-10-25 23:34:21--  http://kdc:8081/keytab/63978d7e9b0f/nm
datanode_2  | Download nm/ab961cf9890a@EXAMPLE.COM keytab file to /etc/security/keytabs/nm.keytab
scm_1       | Download nm/scm@EXAMPLE.COM keytab file to /etc/security/keytabs/nm.keytab
s3g_1       |    2 10/25/19 23:34:19 rm/s3g@EXAMPLE.COM
kdc_1       | Authenticating as principal admin/admin with keytab /tmp/admin.keytab.
nm_1        | --2019-10-25 23:34:18--  http://kdc:8081/keytab/nm/nm
rm_1        | Download nm/rm@EXAMPLE.COM keytab file to /etc/security/keytabs/nm.keytab
om_1        |    2 10/25/19 23:34:19 rm/om@EXAMPLE.COM
jhs         |    2 10/25/19 23:34:19 rm/jhs@EXAMPLE.COM
datanode_3  | Download nm/0730aba2ff20@EXAMPLE.COM keytab file to /etc/security/keytabs/nm.keytab
kms_1       | Resolving kdc (kdc)... 172.18.0.11
datanode_2  | --2019-10-25 23:34:18--  http://kdc:8081/keytab/ab961cf9890a/nm
s3g_1       | Download nm/s3g@EXAMPLE.COM keytab file to /etc/security/keytabs/nm.keytab
scm_1       | --2019-10-25 23:34:21--  http://kdc:8081/keytab/scm/nm
kdc_1       | Entry for principal om/nm@EXAMPLE.COM with kvno 2, encryption type aes256-cts-hmac-sha1-96 added to keytab WRFILE:/data/om.nm.keytab.
datanode_1  |    2 10/25/19 23:34:19 rm/616fe3f01d15@EXAMPLE.COM
nm_1        | Resolving kdc (kdc)... 172.18.0.11
rm_1        | --2019-10-25 23:34:22--  http://kdc:8081/keytab/rm/nm
om_1        | Download nm/om@EXAMPLE.COM keytab file to /etc/security/keytabs/nm.keytab
jhs         |    2 10/25/19 23:34:19 rm/jhs@EXAMPLE.COM
datanode_3  | --2019-10-25 23:34:18--  http://kdc:8081/keytab/0730aba2ff20/nm
kms_1       | Connecting to kdc (kdc)|172.18.0.11|:8081... connected.
datanode_2  | Resolving kdc (kdc)... 172.18.0.11
s3g_1       | --2019-10-25 23:34:19--  http://kdc:8081/keytab/s3g/nm
scm_1       | Resolving kdc (kdc)... 172.18.0.11
kdc_1       | Entry for principal om/nm@EXAMPLE.COM with kvno 2, encryption type aes128-cts-hmac-sha1-96 added to keytab WRFILE:/data/om.nm.keytab.
datanode_1  |    2 10/25/19 23:34:19 rm/616fe3f01d15@EXAMPLE.COM
nm_1        | Connecting to kdc (kdc)|172.18.0.11|:8081... connected.
rm_1        | Resolving kdc (kdc)... 172.18.0.11
om_1        | --2019-10-25 23:34:19--  http://kdc:8081/keytab/om/nm
jhs         | Download nm/jhs@EXAMPLE.COM keytab file to /etc/security/keytabs/nm.keytab
datanode_3  | Resolving kdc (kdc)... 172.18.0.11
kms_1       | HTTP request sent, awaiting response... 200 OK
s3g_1       | Resolving kdc (kdc)... 172.18.0.11
scm_1       | Connecting to kdc (kdc)|172.18.0.11|:8081... connected.
datanode_1  | Download nm/616fe3f01d15@EXAMPLE.COM keytab file to /etc/security/keytabs/nm.keytab
kdc_1       | Generiting keytab
datanode_2  | Connecting to kdc (kdc)|172.18.0.11|:8081... connected.
nm_1        | HTTP request sent, awaiting response... 200 OK
rm_1        | Connecting to kdc (kdc)|172.18.0.11|:8081... connected.
om_1        | Resolving kdc (kdc)... 172.18.0.11
jhs         | --2019-10-25 23:34:19--  http://kdc:8081/keytab/jhs/nm
datanode_3  | Connecting to kdc (kdc)|172.18.0.11|:8081... connected.
kms_1       | Length: 158 [application/octet-stream]
s3g_1       | Connecting to kdc (kdc)|172.18.0.11|:8081... connected.
datanode_1  | --2019-10-25 23:34:19--  http://kdc:8081/keytab/616fe3f01d15/nm
scm_1       | HTTP request sent, awaiting response... 200 OK
kdc_1       | Authenticating as principal admin/admin with keytab /tmp/admin.keytab.
datanode_2  | HTTP request sent, awaiting response... 200 OK
nm_1        | Length: 138 [application/octet-stream]
rm_1        | HTTP request sent, awaiting response... 200 OK
om_1        | Connecting to kdc (kdc)|172.18.0.11|:8081... connected.
jhs         | Resolving kdc (kdc)... 172.18.0.11
datanode_3  | HTTP request sent, awaiting response... 200 OK
kms_1       | Saving to: '/etc/security/keytabs/nm.keytab'
s3g_1       | HTTP request sent, awaiting response... 200 OK
datanode_1  | Resolving kdc (kdc)... 172.18.0.11
scm_1       | Length: 140 [application/octet-stream]
kdc_1       | WARNING: no policy specified for om/ab961cf9890a@EXAMPLE.COM; defaulting to no policy
nm_1        | Saving to: '/etc/security/keytabs/nm.keytab'
datanode_2  | Length: 158 [application/octet-stream]
rm_1        | Length: 138 [application/octet-stream]
om_1        | HTTP request sent, awaiting response... 200 OK
jhs         | Connecting to kdc (kdc)|172.18.0.11|:8081... connected.
datanode_3  | Length: 158 [application/octet-stream]
kms_1       | 
s3g_1       | Length: 140 [application/octet-stream]
datanode_1  | Connecting to kdc (kdc)|172.18.0.11|:8081... connected.
scm_1       | Saving to: '/etc/security/keytabs/nm.keytab'
kdc_1       | Principal "om/ab961cf9890a@EXAMPLE.COM" created.
nm_1        | 
rm_1        | Saving to: '/etc/security/keytabs/nm.keytab'
om_1        | Length: 138 [application/octet-stream]
datanode_2  | Saving to: '/etc/security/keytabs/nm.keytab'
kms_1       |      0K                                                       100% 21.5M=0s
s3g_1       | Saving to: '/etc/security/keytabs/nm.keytab'
datanode_1  | HTTP request sent, awaiting response... 200 OK
datanode_3  | Saving to: '/etc/security/keytabs/nm.keytab'
scm_1       | 
kdc_1       | Authenticating as principal admin/admin with keytab /tmp/admin.keytab.
nm_1        |      0K                                                       100% 11.3M=0s
rm_1        | 
om_1        | Saving to: '/etc/security/keytabs/nm.keytab'
kms_1       | 
datanode_2  | 
jhs         | HTTP request sent, awaiting response... 200 OK
s3g_1       | 
datanode_1  | Length: 158 [application/octet-stream]
scm_1       |      0K                                                       100% 14.4M=0s
datanode_3  | 
kdc_1       | Entry for principal om/ab961cf9890a@EXAMPLE.COM with kvno 2, encryption type aes256-cts-hmac-sha1-96 added to keytab WRFILE:/data/om.ab961cf9890a.keytab.
nm_1        | 
rm_1        |      0K                                                       100% 9.92M=0s
om_1        | 
kms_1       | 2019-10-25 23:34:22 (21.5 MB/s) - '/etc/security/keytabs/nm.keytab' saved [158/158]
datanode_2  |      0K                                                       100% 9.16M=0s
jhs         | Length: 140 [application/octet-stream]
s3g_1       |      0K                                                       100% 8.81M=0s
datanode_1  | Saving to: '/etc/security/keytabs/nm.keytab'
scm_1       | 
datanode_3  |      0K                                                       100% 15.9M=0s
kdc_1       | Entry for principal om/ab961cf9890a@EXAMPLE.COM with kvno 2, encryption type aes128-cts-hmac-sha1-96 added to keytab WRFILE:/data/om.ab961cf9890a.keytab.
nm_1        | 2019-10-25 23:34:19 (11.3 MB/s) - '/etc/security/keytabs/nm.keytab' saved [138/138]
rm_1        | 
om_1        |      0K                                                       100% 12.1M=0s
kms_1       | 
datanode_2  | 
jhs         | Saving to: '/etc/security/keytabs/nm.keytab'
s3g_1       | 
datanode_1  | 
scm_1       | 2019-10-25 23:34:22 (14.4 MB/s) - '/etc/security/keytabs/nm.keytab' saved [140/140]
datanode_3  | 
kdc_1       | Generiting keytab
nm_1        | 
rm_1        | 2019-10-25 23:34:23 (9.92 MB/s) - '/etc/security/keytabs/nm.keytab' saved [138/138]
om_1        | 
kms_1       | Keytab name: FILE:/etc/security/keytabs/nm.keytab
datanode_2  | 2019-10-25 23:34:19 (9.16 MB/s) - '/etc/security/keytabs/nm.keytab' saved [158/158]
jhs         | 
s3g_1       | 2019-10-25 23:34:20 (8.81 MB/s) - '/etc/security/keytabs/nm.keytab' saved [140/140]
datanode_1  |      0K                                                       100% 13.3M=0s
scm_1       | 
datanode_3  | 2019-10-25 23:34:19 (15.9 MB/s) - '/etc/security/keytabs/nm.keytab' saved [158/158]
kdc_1       | Authenticating as principal admin/admin with keytab /tmp/admin.keytab.
nm_1        | Keytab name: FILE:/etc/security/keytabs/nm.keytab
rm_1        | 
om_1        | 2019-10-25 23:34:20 (12.1 MB/s) - '/etc/security/keytabs/nm.keytab' saved [138/138]
kms_1       | KVNO Timestamp         Principal
datanode_2  | 
jhs         |      0K                                                       100% 14.7M=0s
s3g_1       | 
datanode_1  | 
scm_1       | Keytab name: FILE:/etc/security/keytabs/nm.keytab
datanode_3  | 
kdc_1       | WARNING: no policy specified for om/0730aba2ff20@EXAMPLE.COM; defaulting to no policy
nm_1        | KVNO Timestamp         Principal
rm_1        | Keytab name: FILE:/etc/security/keytabs/nm.keytab
om_1        | 
kms_1       | ---- ----------------- --------------------------------------------------------
datanode_2  | Keytab name: FILE:/etc/security/keytabs/nm.keytab
jhs         | 
s3g_1       | Keytab name: FILE:/etc/security/keytabs/nm.keytab
datanode_1  | 2019-10-25 23:34:20 (13.3 MB/s) - '/etc/security/keytabs/nm.keytab' saved [158/158]
scm_1       | KVNO Timestamp         Principal
datanode_3  | Keytab name: FILE:/etc/security/keytabs/nm.keytab
nm_1        | ---- ----------------- --------------------------------------------------------
kdc_1       | Principal "om/0730aba2ff20@EXAMPLE.COM" created.
rm_1        | KVNO Timestamp         Principal
om_1        | Keytab name: FILE:/etc/security/keytabs/nm.keytab
kms_1       |    2 10/25/19 23:34:22 nm/63978d7e9b0f@EXAMPLE.COM
jhs         | 2019-10-25 23:34:20 (14.7 MB/s) - '/etc/security/keytabs/nm.keytab' saved [140/140]
datanode_2  | KVNO Timestamp         Principal
s3g_1       | KVNO Timestamp         Principal
datanode_1  | 
scm_1       | ---- ----------------- --------------------------------------------------------
datanode_3  | KVNO Timestamp         Principal
rm_1        | ---- ----------------- --------------------------------------------------------
om_1        | KVNO Timestamp         Principal
kms_1       |    2 10/25/19 23:34:22 nm/63978d7e9b0f@EXAMPLE.COM
kdc_1       | Authenticating as principal admin/admin with keytab /tmp/admin.keytab.
jhs         | 
datanode_2  | ---- ----------------- --------------------------------------------------------
