datanode_1  | 2019-10-25 23:37:25,368 WARN scm.HddsServerUtil: Storage directory for Ratis is not configured. It is a good idea to map this to an SSD disk. Falling back to ozone.metadata.dirs
kdc_1       | Oct 25 23:37:17 kdc kadmind[15](Notice): Request: kadm5_randkey_principal, HTTP/scm@EXAMPLE.COM, success, client=admin/admin@EXAMPLE.COM, service=kadmin/admin@EXAMPLE.COM, addr=127.0.0.1
kms_1       | [realms]
scm_1       | 2019-10-25 23:37:20,165 WARN server.ServerUtils: ozone.scm.db.dirs is not configured. We recommend adding this setting. Falling back to ozone.metadata.dirs instead.
recon_1     | 	at org.apache.hadoop.ozone.recon.ReconServer.main(ReconServer.java:52)
datanode_3  | 2019-10-25 23:37:24,685 [main] INFO       - Scheduled health check for volume /data/hdds/hdds
s3g_1       | 2019-10-25 23:37:23,109 INFO server.BaseHttpServer: HTTP server of S3GATEWAY is listening at http://0.0.0.0:9878
datanode_2  | 2019-10-25 23:37:25,156 [main] INFO       - Creating Volume: /data/hdds/hdds of  storage type : DISK and capacity : 10908285698048
om_1        | STARTUP_MSG:   version = 3.2.0
datanode_1  | 2019-10-25 23:37:25,407 INFO impl.RaftServerProxy: raft.rpc.type = GRPC (default)
kms_1       |  EXAMPLE.COM = {
scm_1       | WARNING: An illegal reflective access operation has occurred
recon_1     | 2019-10-25 23:37:37,024 [main] INFO       - Stopping Recon server
kdc_1       | Oct 25 23:37:17 kdc kadmind[15](Notice): Request: kadm5_get_principal, HTTP/scm@EXAMPLE.COM, success, client=admin/admin@EXAMPLE.COM, service=kadmin/admin@EXAMPLE.COM, addr=127.0.0.1
datanode_3  | 2019-10-25 23:37:25,288 WARN scm.HddsServerUtil: Storage directory for Ratis is not configured. It is a good idea to map this to an SSD disk. Falling back to ozone.metadata.dirs
s3g_1       | 2019-10-25 23:44:32,185 [qtp262445056-111] INFO       - Location is /bucket-test123
datanode_2  | 2019-10-25 23:37:25,163 [main] INFO       - Added Volume : /data/hdds/hdds to VolumeSet
om_1        | STARTUP_MSG:   classpath = /etc/hadoop:/opt/hadoop/share/hadoop/common/*:/opt/hadoop/share/ozone/lib/kerb-simplekdc-1.0.1.jar:/opt/hadoop/share/ozone/lib/protobuf-java-2.5.0.jar:/opt/hadoop/share/ozone/lib/bcpkix-jdk15on-1.60.jar:/opt/hadoop/share/ozone/lib/sqlite-jdbc-3.25.2.jar:/opt/hadoop/share/ozone/lib/netty-3.10.5.Final.jar:/opt/hadoop/share/ozone/lib/commons-validator-1.6.jar:/opt/hadoop/share/ozone/lib/jaxb-impl-2.3.0.1.jar:/opt/hadoop/share/ozone/lib/kerb-core-1.0.1.jar:/opt/hadoop/share/ozone/lib/hadoop-ozone-common-0.5.0-SNAPSHOT.jar:/opt/hadoop/share/ozone/lib/ratis-thirdparty-misc-0.2.0.jar:/opt/hadoop/share/ozone/lib/jsr305-3.0.0.jar:/opt/hadoop/share/ozone/lib/leveldbjni-all-1.8.jar:/opt/hadoop/share/ozone/lib/htrace-core4-4.1.0-incubating.jar:/opt/hadoop/share/ozone/lib/hadoop-annotations-3.2.0.jar:/opt/hadoop/share/ozone/lib/hadoop-hdds-tools-0.5.0-SNAPSHOT.jar:/opt/hadoop/share/ozone/lib/kerb-util-1.0.1.jar:/opt/hadoop/share/ozone/lib/jackson-jaxrs-1.9.13.jar:/opt/hadoop/share/ozone/lib/ratis-server-0.5.0-d6d58d0-SNAPSHOT.jar:/opt/hadoop/share/ozone/lib/kerby-xdr-1.0.1.jar:/opt/hadoop/share/ozone/lib/jetty-webapp-9.3.25.v20180904.jar:/opt/hadoop/share/ozone/lib/jackson-core-asl-1.9.13.jar:/opt/hadoop/share/ozone/lib/commons-net-3.6.jar:/opt/hadoop/share/ozone/lib/log4j-api-2.11.0.jar:/opt/hadoop/share/ozone/lib/netty-all-4.0.52.Final.jar:/opt/hadoop/share/ozone/lib/hadoop-hdfs-3.2.0.jar:/opt/hadoop/share/ozone/lib/jline-0.9.94.jar:/opt/hadoop/share/ozone/lib/opentracing-api-0.31.0.jar:/opt/hadoop/share/ozone/lib/hadoop-hdds-server-framework-0.5.0-SNAPSHOT.jar:/opt/hadoop/share/ozone/lib/slf4j-log4j12-1.7.25.jar:/opt/hadoop/share/ozone/lib/hadoop-hdfs-client-3.2.0.jar:/opt/hadoop/share/ozone/lib/kerby-config-1.0.1.jar:/opt/hadoop/share/ozone/lib/jetty-util-9.3.25.v20180904.jar:/opt/hadoop/share/ozone/lib/libthrift-0.12.0.jar:/opt/hadoop/share/ozone/lib/metrics-core-3.2.4.jar:/opt/hadoop/share/ozone/lib/kerby-pkix-1.0.1.jar:/opt/hadoop/share/ozone/lib/xz-1.0.jar:/opt/hadoop/share/ozone/lib/hadoop-hdds-config-0.5.0-SNAPSHOT.jar:/opt/hadoop/share/ozone/lib/nimbus-jose-jwt-4.41.1.jar:/opt/hadoop/share/ozone/lib/jsr311-api-1.1.1.jar:/opt/hadoop/share/ozone/lib/commons-beanutils-1.9.4.jar:/opt/hadoop/share/ozone/lib/ratis-grpc-0.5.0-d6d58d0-SNAPSHOT.jar:/opt/hadoop/share/ozone/lib/ratis-netty-0.5.0-d6d58d0-SNAPSHOT.jar:/opt/hadoop/share/ozone/lib/javax.servlet-api-3.1.0.jar:/opt/hadoop/share/ozone/lib/kerb-server-1.0.1.jar:/opt/hadoop/share/ozone/lib/zookeeper-3.4.13.jar:/opt/hadoop/share/ozone/lib/avro-1.7.7.jar:/opt/hadoop/share/ozone/lib/kerb-client-1.0.1.jar:/opt/hadoop/share/ozone/lib/jackson-xc-1.9.13.jar:/opt/hadoop/share/ozone/lib/disruptor-3.4.2.jar:/opt/hadoop/share/ozone/lib/guava-11.0.2.jar:/opt/hadoop/share/ozone/lib/ratis-client-0.5.0-d6d58d0-SNAPSHOT.jar:/opt/hadoop/share/ozone/lib/hadoop-hdds-common-0.5.0-SNAPSHOT.jar:/opt/hadoop/share/ozone/lib/curator-framework-2.12.0.jar:/opt/hadoop/share/ozone/lib/dnsjava-2.1.7.jar:/opt/hadoop/share/ozone/lib/commons-configuration2-2.1.1.jar:/opt/hadoop/share/ozone/lib/json-smart-2.3.jar:/opt/hadoop/share/ozone/lib/token-provider-1.0.1.jar:/opt/hadoop/share/ozone/lib/log4j-1.2.17.jar:/opt/hadoop/share/ozone/lib/commons-daemon-1.0.13.jar:/opt/hadoop/share/ozone/lib/bcprov-jdk15on-1.60.jar:/opt/hadoop/share/ozone/lib/ratis-metrics-0.5.0-d6d58d0-SNAPSHOT.jar:/opt/hadoop/share/ozone/lib/commons-lang3-3.7.jar:/opt/hadoop/share/ozone/lib/commons-compress-1.4.1.jar:/opt/hadoop/share/ozone/lib/jaeger-client-0.34.0.jar:/opt/hadoop/share/ozone/lib/jetty-server-9.3.25.v20180904.jar:/opt/hadoop/share/ozone/lib/accessors-smart-1.2.jar:/opt/hadoop/share/ozone/lib/re2j-1.1.jar:/opt/hadoop/share/ozone/lib/curator-recipes-2.12.0.jar:/opt/hadoop/share/ozone/lib/jackson-core-2.9.9.jar:/opt/hadoop/share/ozone/lib/commons-math3-3.1.1.jar:/opt/hadoop/share/ozone/lib/opentracing-noop-0.31.0.jar:/opt/hadoop/share/ozone/lib/httpclient-4.5.2.jar:/opt/hadoop/share/ozone/lib/jaeger-core-0.34.0.jar:/opt/hadoop/share/ozone/lib/asm-5.0.4.jar:/opt/hadoop/share/ozone/lib/curator-client-2.12.0.jar:/opt/hadoop/share/ozone/lib/audience-annotations-0.5.0.jar:/opt/hadoop/share/ozone/lib/kerby-util-1.0.1.jar:/opt/hadoop/share/ozone/lib/jackson-mapper-asl-1.9.13.jar:/opt/hadoop/share/ozone/lib/rocksdbjni-6.0.1.jar:/opt/hadoop/share/ozone/lib/jsp-api-2.1.jar:/opt/hadoop/share/ozone/lib/jsch-0.1.54.jar:/opt/hadoop/share/ozone/lib/opentracing-tracerresolver-0.1.5.jar:/opt/hadoop/share/ozone/lib/paranamer-2.3.jar:/opt/hadoop/share/ozone/lib/log4j-core-2.11.0.jar:/opt/hadoop/share/ozone/lib/jetty-io-9.3.25.v20180904.jar:/opt/hadoop/share/ozone/lib/jetty-xml-9.3.25.v20180904.jar:/opt/hadoop/share/ozone/lib/commons-codec-1.11.jar:/opt/hadoop/share/ozone/lib/commons-pool2-2.6.0.jar:/opt/hadoop/share/ozone/lib/gson-2.2.4.jar:/opt/hadoop/share/ozone/lib/jcip-annotations-1.0-1.jar:/opt/hadoop/share/ozone/lib/kerb-admin-1.0.1.jar:/opt/hadoop/share/ozone/lib/okio-1.13.0.jar:/opt/hadoop/share/ozone/lib/commons-io-2.5.jar:/opt/hadoop/share/ozone/lib/snakeyaml-1.16.jar:/opt/hadoop/share/ozone/lib/hadoop-ozone-client-0.5.0-SNAPSHOT.jar:/opt/hadoop/share/ozone/lib/jersey-core-1.19.jar:/opt/hadoop/share/ozone/lib/jackson-databind-2.9.9.jar:/opt/hadoop/share/ozone/lib/hadoop-hdds-container-service-0.5.0-SNAPSHOT.jar:/opt/hadoop/share/ozone/lib/picocli-3.9.6.jar:/opt/hadoop/share/ozone/lib/jaeger-thrift-0.34.0.jar:/opt/hadoop/share/ozone/lib/ratis-common-0.5.0-d6d58d0-SNAPSHOT.jar:/opt/hadoop/share/ozone/lib/jackson-annotations-2.9.9.jar:/opt/hadoop/share/ozone/lib/commons-cli-1.2.jar:/opt/hadoop/share/ozone/lib/hadoop-hdds-docs-0.5.0-SNAPSHOT.jar:/opt/hadoop/share/ozone/lib/woodstox-core-5.0.3.jar:/opt/hadoop/share/ozone/lib/javax.annotation-api-1.2.jar:/opt/hadoop/share/ozone/lib/snappy-java-1.0.5.jar:/opt/hadoop/share/ozone/lib/jaeger-tracerresolver-0.34.0.jar:/opt/hadoop/share/ozone/lib/jetty-security-9.3.25.v20180904.jar:/opt/hadoop/share/ozone/lib/jetty-http-9.3.25.v20180904.jar:/opt/hadoop/share/ozone/lib/kerby-asn1-1.0.1.jar:/opt/hadoop/share/ozone/lib/okhttp-3.9.0.jar:/opt/hadoop/share/ozone/lib/stax2-api-3.1.4.jar:/opt/hadoop/share/ozone/lib/commons-digester-1.8.1.jar:/opt/hadoop/share/ozone/lib/commons-collections-3.2.2.jar:/opt/hadoop/share/ozone/lib/jettison-1.1.jar:/opt/hadoop/share/ozone/lib/commons-text-1.4.jar:/opt/hadoop/share/ozone/lib/jersey-servlet-1.19.jar:/opt/hadoop/share/ozone/lib/jersey-json-1.19.jar:/opt/hadoop/share/ozone/lib/slf4j-api-1.7.25.jar:/opt/hadoop/share/ozone/lib/jetty-util-ajax-9.3.25.v20180904.jar:/opt/hadoop/share/ozone/lib/commons-logging-1.1.3.jar:/opt/hadoop/share/ozone/lib/hadoop-hdds-client-0.5.0-SNAPSHOT.jar:/opt/hadoop/share/ozone/lib/kerb-identity-1.0.1.jar:/opt/hadoop/share/ozone/lib/ratis-proto-0.5.0-d6d58d0-SNAPSHOT.jar:/opt/hadoop/share/ozone/lib/opentracing-util-0.31.0.jar:/opt/hadoop/share/ozone/lib/hadoop-common-3.2.0.jar:/opt/hadoop/share/ozone/lib/hadoop-auth-3.2.0.jar:/opt/hadoop/share/ozone/lib/kerb-common-1.0.1.jar:/opt/hadoop/share/ozone/lib/jetty-servlet-9.3.25.v20180904.jar:/opt/hadoop/share/ozone/lib/jersey-server-1.19.jar:/opt/hadoop/share/ozone/lib/kerb-crypto-1.0.1.jar:/opt/hadoop/share/ozone/lib/httpcore-4.4.4.jar:/opt/hadoop/share/ozone/web:/opt/hadoop/share/ozone/lib/hadoop-ozone-ozone-manager-0.5.0-SNAPSHOT.jar
datanode_1  | 2019-10-25 23:37:25,498 INFO grpc.GrpcConfigKeys$Server: raft.grpc.server.port = 9858 (custom)
kms_1       |   kdc = kdc
scm_1       | WARNING: Illegal reflective access by org.apache.hadoop.security.authentication.util.KerberosUtil (file:/opt/hadoop/share/ozone/lib/hadoop-auth-3.2.0.jar) to method sun.security.krb5.Config.getInstance()
recon_1     | java.lang.NullPointerException
datanode_3  | 2019-10-25 23:37:25,329 INFO impl.RaftServerProxy: raft.rpc.type = GRPC (default)
kdc_1       | Oct 25 23:37:17 kdc kadmind[15](info): closing down fd 18
s3g_1       | 2019-10-25 23:44:35,563 WARN ipc.Client: Exception encountered while connecting to the server : org.apache.hadoop.ipc.RemoteException(org.apache.hadoop.security.token.SecretManager$InvalidToken): No S3 secret found for S3 identifier:OzoneToken owner=dlfknslnfslf, renewer=, realUser=, issueDate=0, maxDate=0, sequenceNumber=0, masterKeyId=0, strToSign=AWS4-HMAC-SHA256
datanode_2  | 2019-10-25 23:37:25,174 [main] INFO       - Scheduling a check for /data/hdds/hdds
datanode_1  | 2019-10-25 23:37:25,500 INFO server.GrpcService: raft.grpc.message.size.max = 33570816 (custom)
kms_1       |   admin_server = kdc
scm_1       | WARNING: Please consider reporting this to the maintainers of org.apache.hadoop.security.authentication.util.KerberosUtil
om_1        | STARTUP_MSG:   build = https://github.com/apache/hadoop.git -r e97acb3bd8f3befd27418996fa5d4b50bf2e17bf; compiled by 'sunilg' on 2019-01-15T17:34Z
recon_1     | 	at org.apache.hadoop.ozone.recon.ReconServer.stop(ReconServer.java:115)
datanode_3  | 2019-10-25 23:37:25,415 INFO grpc.GrpcConfigKeys$Server: raft.grpc.server.port = 9858 (custom)
kdc_1       | Oct 25 23:37:17 kdc kadmind[15](Notice): Request: kadm5_init, admin/admin@EXAMPLE.COM, success, client=admin/admin@EXAMPLE.COM, service=kadmin/admin@EXAMPLE.COM, addr=127.0.0.1, vers=4, flavor=6
s3g_1       | 20191025T234435Z
datanode_2  | 2019-10-25 23:37:25,201 [main] INFO       - Scheduled health check for volume /data/hdds/hdds
datanode_1  | 2019-10-25 23:37:25,502 INFO server.RaftServerConfigKeys: raft.server.log.appender.buffer.byte-limit = 33554432 (custom)
kms_1       |  }
scm_1       | WARNING: Use --illegal-access=warn to enable warnings of further illegal reflective access operations
om_1        | STARTUP_MSG:   java = 11.0.3
datanode_3  | 2019-10-25 23:37:25,416 INFO server.GrpcService: raft.grpc.message.size.max = 33570816 (custom)
kdc_1       | Oct 25 23:37:17 kdc kadmind[15](Notice): Request: kadm5_get_policy, default, Policy does not exist, client=admin/admin@EXAMPLE.COM, service=kadmin/admin@EXAMPLE.COM, addr=127.0.0.1
s3g_1       | 20191025/us-west-1/s3/aws4_request
recon_1     | 	at org.apache.hadoop.ozone.recon.ReconServer.call(ReconServer.java:100)
datanode_2  | 2019-10-25 23:37:25,793 WARN scm.HddsServerUtil: Storage directory for Ratis is not configured. It is a good idea to map this to an SSD disk. Falling back to ozone.metadata.dirs
datanode_1  | 2019-10-25 23:37:25,503 INFO server.GrpcService: raft.grpc.flow.control.window = 1MB (=1048576) (default)
kms_1       | 
scm_1       | WARNING: All illegal access operations will be denied in a future release
om_1        | ************************************************************/
datanode_3  | 2019-10-25 23:37:25,419 INFO server.RaftServerConfigKeys: raft.server.log.appender.buffer.byte-limit = 33554432 (custom)
kdc_1       | Oct 25 23:37:17 kdc kadmind[15](Notice): Request: kadm5_create_principal, om/9e355f951730@EXAMPLE.COM, success, client=admin/admin@EXAMPLE.COM, service=kadmin/admin@EXAMPLE.COM, addr=127.0.0.1
s3g_1       | bd03be2893955c2e5fc68e23054e2111af9cb3278bcc5a4391883a1194726ebc, signature=9dcb6eb0976ad5f50dddfedccceb610350cb643420dc0ff44e2da8faeb0fbce0, awsAccessKeyId=dlfknslnfslf
recon_1     | 	at org.apache.hadoop.ozone.recon.ReconServer.call(ReconServer.java:41)
datanode_2  | 2019-10-25 23:37:25,820 INFO impl.RaftServerProxy: raft.rpc.type = GRPC (default)
datanode_1  | 2019-10-25 23:37:25,504 INFO server.RaftServerConfigKeys: raft.server.rpc.request.timeout = 3000ms (default)
kms_1       | [domain_realm]
scm_1       | 2019-10-25 23:37:20,380 INFO security.UserGroupInformation: Login successful for user scm/scm@EXAMPLE.COM using keytab file /etc/security/keytabs/scm.keytab
om_1        | 2019-10-25 23:37:26,556 [main] INFO       - registered UNIX signal handlers for [TERM, HUP, INT]
datanode_3  | 2019-10-25 23:37:25,420 INFO server.GrpcService: raft.grpc.flow.control.window = 1MB (=1048576) (default)
kdc_1       | Oct 25 23:37:17 kdc kadmind[15](info): closing down fd 18
s3g_1       | 2019-10-25 23:44:35,576 WARN ipc.Client: Exception encountered while connecting to the server : org.apache.hadoop.ipc.RemoteException(org.apache.hadoop.security.token.SecretManager$InvalidToken): No S3 secret found for S3 identifier:OzoneToken owner=dlfknslnfslf, renewer=, realUser=, issueDate=0, maxDate=0, sequenceNumber=0, masterKeyId=0, strToSign=AWS4-HMAC-SHA256
recon_1     | 	at picocli.CommandLine.execute(CommandLine.java:1173)
datanode_2  | 2019-10-25 23:37:25,880 INFO grpc.GrpcConfigKeys$Server: raft.grpc.server.port = 9858 (custom)
datanode_1  | 2019-10-25 23:37:25,683 INFO server.RaftServerConfigKeys: raft.server.storage.dir = [/data/metadata/ratis] (custom)
scm_1       | 2019-10-25 23:37:20,381 INFO server.StorageContainerManager: SCM login successful.
kms_1       |  .example.com = EXAMPLE.COM
om_1        | 2019-10-25 23:37:27,441 [main] INFO       - Configuration either no ozone.om.address set. Falling back to the default OM address om/172.18.0.8:9862
datanode_3  | 2019-10-25 23:37:25,420 INFO server.RaftServerConfigKeys: raft.server.rpc.request.timeout = 3000ms (default)
kdc_1       | Oct 25 23:37:17 kdc kadmind[15](Notice): Request: kadm5_init, admin/admin@EXAMPLE.COM, success, client=admin/admin@EXAMPLE.COM, service=kadmin/admin@EXAMPLE.COM, addr=127.0.0.1, vers=4, flavor=6
s3g_1       | 20191025T234435Z
recon_1     | 	at picocli.CommandLine.access$800(CommandLine.java:141)
datanode_2  | 2019-10-25 23:37:25,881 INFO server.GrpcService: raft.grpc.message.size.max = 33570816 (custom)
datanode_1  | 2019-10-25 23:37:25,767 INFO hdfs.DFSUtil: Starting web server as: HTTP/ef1d0ee6b974@EXAMPLE.COM
scm_1       | 2019-10-25 23:37:20,382 WARN server.ServerUtils: ozone.scm.db.dirs is not configured. We recommend adding this setting. Falling back to ozone.metadata.dirs instead.
kms_1       | WARNING: /opt/hadoop/temp does not exist. Creating.
om_1        | 2019-10-25 23:37:27,441 [main] INFO       - OM Service ID is not set. Setting it to the default ID: omServiceIdDefault
kdc_1       | Oct 25 23:37:17 kdc kadmind[15](Notice): Request: kadm5_randkey_principal, om/9e355f951730@EXAMPLE.COM, success, client=admin/admin@EXAMPLE.COM, service=kadmin/admin@EXAMPLE.COM, addr=127.0.0.1
s3g_1       | 20191025/us-west-1/s3/aws4_request
recon_1     | 	at picocli.CommandLine$RunLast.handle(CommandLine.java:1367)
datanode_3  | 2019-10-25 23:37:25,562 INFO server.RaftServerConfigKeys: raft.server.storage.dir = [/data/metadata/ratis] (custom)
datanode_2  | 2019-10-25 23:37:25,882 INFO server.RaftServerConfigKeys: raft.server.log.appender.buffer.byte-limit = 33554432 (custom)
datanode_1  | 2019-10-25 23:37:25,768 INFO hdfs.DFSUtil: Starting Web-server for hddsDatanode at: http://0.0.0.0:9882
scm_1       | 2019-10-25 23:37:20,410 INFO util.log: Logging initialized @1230ms
kms_1       | WARNING: /opt/hadoop/logs does not exist. Creating.
om_1        | 2019-10-25 23:37:27,446 WARN server.ServerUtils: ozone.om.db.dirs is not configured. We recommend adding this setting. Falling back to ozone.metadata.dirs instead.
kdc_1       | Oct 25 23:37:17 kdc kadmind[15](Notice): Request: kadm5_get_principal, om/9e355f951730@EXAMPLE.COM, success, client=admin/admin@EXAMPLE.COM, service=kadmin/admin@EXAMPLE.COM, addr=127.0.0.1
s3g_1       | bd03be2893955c2e5fc68e23054e2111af9cb3278bcc5a4391883a1194726ebc, signature=9dcb6eb0976ad5f50dddfedccceb610350cb643420dc0ff44e2da8faeb0fbce0, awsAccessKeyId=dlfknslnfslf
recon_1     | 	at picocli.CommandLine$RunLast.handle(CommandLine.java:1335)
datanode_3  | 2019-10-25 23:37:25,639 INFO hdfs.DFSUtil: Starting web server as: HTTP/9e355f951730@EXAMPLE.COM
datanode_2  | 2019-10-25 23:37:25,883 INFO server.GrpcService: raft.grpc.flow.control.window = 1MB (=1048576) (default)
scm_1       | 2019-10-25 23:37:20,517 INFO db.DBStoreBuilder: using custom profile for table: deletedBlocks
om_1        | WARNING: An illegal reflective access operation has occurred
kdc_1       | Oct 25 23:37:17 kdc kadmind[15](info): closing down fd 18
datanode_1  | 2019-10-25 23:37:25,789 INFO util.log: Logging initialized @4593ms
recon_1     | 	at picocli.CommandLine$AbstractParseResultHandler.handleParseResult(CommandLine.java:1243)
s3g_1       | 2019-10-25 23:44:35,577 INFO retry.RetryInvocationHandler: com.google.protobuf.ServiceException: org.apache.hadoop.ipc.RemoteException(org.apache.hadoop.security.token.SecretManager$InvalidToken): No S3 secret found for S3 identifier:OzoneToken owner=dlfknslnfslf, renewer=, realUser=, issueDate=0, maxDate=0, sequenceNumber=0, masterKeyId=0, strToSign=AWS4-HMAC-SHA256
kms_1       | Oct 25, 2019 11:37:23 PM com.sun.jersey.api.core.PackagesResourceConfig init
datanode_3  | 2019-10-25 23:37:25,639 INFO hdfs.DFSUtil: Starting Web-server for hddsDatanode at: http://0.0.0.0:9882
datanode_2  | 2019-10-25 23:37:25,883 INFO server.RaftServerConfigKeys: raft.server.rpc.request.timeout = 3000ms (default)
scm_1       | 2019-10-25 23:37:20,518 INFO db.DBStoreBuilder: Using default column profile:DBProfile.DISK for Table:deletedBlocks
om_1        | WARNING: Illegal reflective access by org.apache.hadoop.security.authentication.util.KerberosUtil (file:/opt/hadoop/share/ozone/lib/hadoop-auth-3.2.0.jar) to method sun.security.krb5.Config.getInstance()
kdc_1       | Oct 25 23:37:17 kdc kadmind[15](Notice): Request: kadm5_init, admin/admin@EXAMPLE.COM, success, client=admin/admin@EXAMPLE.COM, service=kadmin/admin@EXAMPLE.COM, addr=127.0.0.1, vers=4, flavor=6
datanode_1  | 2019-10-25 23:37:25,871 INFO server.AuthenticationFilter: Unable to initialize FileSignerSecretProvider, falling back to use random secrets.
recon_1     | 	at picocli.CommandLine.parseWithHandlers(CommandLine.java:1526)
s3g_1       | 20191025T234435Z
kms_1       | INFO: Scanning for root resource and provider classes in the packages:
datanode_3  | 2019-10-25 23:37:25,663 INFO util.log: Logging initialized @7329ms
datanode_2  | 2019-10-25 23:37:26,016 INFO server.RaftServerConfigKeys: raft.server.storage.dir = [/data/metadata/ratis] (custom)
scm_1       | 2019-10-25 23:37:20,518 INFO db.DBStoreBuilder: using custom profile for table: validCerts
om_1        | WARNING: Please consider reporting this to the maintainers of org.apache.hadoop.security.authentication.util.KerberosUtil
kdc_1       | Oct 25 23:37:17 kdc kadmind[15](Notice): Request: kadm5_get_policy, default, Policy does not exist, client=admin/admin@EXAMPLE.COM, service=kadmin/admin@EXAMPLE.COM, addr=127.0.0.1
datanode_1  | 2019-10-25 23:37:25,873 INFO http.HttpRequestLog: Http request log for http.requests.hddsDatanode is not defined
recon_1     | 	at picocli.CommandLine.parseWithHandler(CommandLine.java:1465)
s3g_1       | 20191025/us-west-1/s3/aws4_request
kms_1       |   org.apache.hadoop.crypto.key.kms.server
datanode_3  | 2019-10-25 23:37:25,775 INFO server.AuthenticationFilter: Unable to initialize FileSignerSecretProvider, falling back to use random secrets.
datanode_2  | 2019-10-25 23:37:26,087 INFO hdfs.DFSUtil: Starting web server as: HTTP/f3b895e1b620@EXAMPLE.COM
scm_1       | 2019-10-25 23:37:20,518 INFO db.DBStoreBuilder: Using default column profile:DBProfile.DISK for Table:validCerts
om_1        | WARNING: Use --illegal-access=warn to enable warnings of further illegal reflective access operations
kdc_1       | Oct 25 23:37:17 kdc kadmind[15](Notice): Request: kadm5_create_principal, testuser/scm@EXAMPLE.COM, success, client=admin/admin@EXAMPLE.COM, service=kadmin/admin@EXAMPLE.COM, addr=127.0.0.1
datanode_1  | 2019-10-25 23:37:25,879 INFO http.HttpServer2: Added global filter 'safety' (class=org.apache.hadoop.http.HttpServer2$QuotingInputFilter)
recon_1     | 	at org.apache.hadoop.hdds.cli.GenericCli.execute(GenericCli.java:65)
s3g_1       | bd03be2893955c2e5fc68e23054e2111af9cb3278bcc5a4391883a1194726ebc, signature=9dcb6eb0976ad5f50dddfedccceb610350cb643420dc0ff44e2da8faeb0fbce0, awsAccessKeyId=dlfknslnfslf, while invoking $Proxy83.submitRequest over nodeId=null,nodeAddress=om:9862 after 1 failover attempts. Trying to failover immediately.
kms_1       | Oct 25, 2019 11:37:23 PM com.sun.jersey.api.core.ScanningResourceConfig logClasses
datanode_3  | 2019-10-25 23:37:25,778 INFO http.HttpRequestLog: Http request log for http.requests.hddsDatanode is not defined
datanode_2  | 2019-10-25 23:37:26,090 INFO hdfs.DFSUtil: Starting Web-server for hddsDatanode at: http://0.0.0.0:9882
scm_1       | 2019-10-25 23:37:20,518 INFO db.DBStoreBuilder: using custom profile for table: revokedCerts
kdc_1       | Oct 25 23:37:17 kdc kadmind[15](info): closing down fd 18
om_1        | WARNING: All illegal access operations will be denied in a future release
datanode_1  | 2019-10-25 23:37:25,882 INFO http.HttpServer2: Added filter authentication (class=org.apache.hadoop.security.authentication.server.AuthenticationFilter) to context hddsDatanode
recon_1     | 	at org.apache.hadoop.hdds.cli.GenericCli.run(GenericCli.java:56)
s3g_1       | 2019-10-25 23:44:35,583 WARN ipc.Client: Exception encountered while connecting to the server : org.apache.hadoop.ipc.RemoteException(org.apache.hadoop.security.token.SecretManager$InvalidToken): No S3 secret found for S3 identifier:OzoneToken owner=dlfknslnfslf, renewer=, realUser=, issueDate=0, maxDate=0, sequenceNumber=0, masterKeyId=0, strToSign=AWS4-HMAC-SHA256
kms_1       | INFO: Root resource classes found:
datanode_3  | 2019-10-25 23:37:25,785 INFO http.HttpServer2: Added global filter 'safety' (class=org.apache.hadoop.http.HttpServer2$QuotingInputFilter)
datanode_2  | 2019-10-25 23:37:26,126 INFO util.log: Logging initialized @4496ms
scm_1       | 2019-10-25 23:37:20,518 INFO db.DBStoreBuilder: Using default column profile:DBProfile.DISK for Table:revokedCerts
kdc_1       | Oct 25 23:37:17 kdc kadmind[15](Notice): Request: kadm5_init, admin/admin@EXAMPLE.COM, success, client=admin/admin@EXAMPLE.COM, service=kadmin/admin@EXAMPLE.COM, addr=127.0.0.1, vers=4, flavor=6
om_1        | 2019-10-25 23:37:27,638 INFO security.UserGroupInformation: Login successful for user om/om@EXAMPLE.COM using keytab file /etc/security/keytabs/om.keytab
datanode_1  | 2019-10-25 23:37:25,882 INFO http.HttpServer2: Added filter authentication (class=org.apache.hadoop.security.authentication.server.AuthenticationFilter) to context logs
s3g_1       | 20191025T234435Z
recon_1     | 	at org.apache.hadoop.ozone.recon.ReconServer.main(ReconServer.java:52)
kms_1       |   class org.apache.hadoop.crypto.key.kms.server.KMS
datanode_3  | 2019-10-25 23:37:25,788 INFO http.HttpServer2: Added filter authentication (class=org.apache.hadoop.security.authentication.server.AuthenticationFilter) to context hddsDatanode
datanode_2  | 2019-10-25 23:37:26,201 INFO server.AuthenticationFilter: Unable to initialize FileSignerSecretProvider, falling back to use random secrets.
scm_1       | 2019-10-25 23:37:20,528 INFO db.DBStoreBuilder: using custom profile for table: default
kdc_1       | Oct 25 23:37:17 kdc kadmind[15](Notice): Request: kadm5_randkey_principal, testuser/scm@EXAMPLE.COM, success, client=admin/admin@EXAMPLE.COM, service=kadmin/admin@EXAMPLE.COM, addr=127.0.0.1
om_1        | 2019-10-25 23:37:27,638 [main] INFO       - Ozone Manager login successful.
datanode_1  | 2019-10-25 23:37:25,882 INFO http.HttpServer2: Added filter authentication (class=org.apache.hadoop.security.authentication.server.AuthenticationFilter) to context static
s3g_1       | 20191025/us-west-1/s3/aws4_request
kms_1       | Oct 25, 2019 11:37:23 PM com.sun.jersey.api.core.ScanningResourceConfig logClasses
datanode_3  | 2019-10-25 23:37:25,788 INFO http.HttpServer2: Added filter authentication (class=org.apache.hadoop.security.authentication.server.AuthenticationFilter) to context logs
scm_1       | 2019-10-25 23:37:20,528 INFO db.DBStoreBuilder: Using default column profile:DBProfile.DISK for Table:default
om_1        | 2019-10-25 23:37:27,638 WARN server.ServerUtils: ozone.om.db.dirs is not configured. We recommend adding this setting. Falling back to ozone.metadata.dirs instead.
kdc_1       | Oct 25 23:37:17 kdc kadmind[15](Notice): Request: kadm5_get_principal, testuser/scm@EXAMPLE.COM, success, client=admin/admin@EXAMPLE.COM, service=kadmin/admin@EXAMPLE.COM, addr=127.0.0.1
datanode_2  | 2019-10-25 23:37:26,203 INFO http.HttpRequestLog: Http request log for http.requests.hddsDatanode is not defined
datanode_1  | 2019-10-25 23:37:25,908 INFO http.HttpServer2: Jetty bound to port 9882
s3g_1       | bd03be2893955c2e5fc68e23054e2111af9cb3278bcc5a4391883a1194726ebc, signature=9dcb6eb0976ad5f50dddfedccceb610350cb643420dc0ff44e2da8faeb0fbce0, awsAccessKeyId=dlfknslnfslf
kms_1       | INFO: Provider classes found:
datanode_3  | 2019-10-25 23:37:25,788 INFO http.HttpServer2: Added filter authentication (class=org.apache.hadoop.security.authentication.server.AuthenticationFilter) to context static
scm_1       | 2019-10-25 23:37:20,529 INFO db.DBStoreBuilder: Using default options. DBProfile.DISK
om_1        | 2019-10-25 23:37:28,418 INFO client.OMCertificateClient: Loading certificate from location:/data/metadata/om/certs.
kdc_1       | Entry for principal testuser/scm@EXAMPLE.COM with kvno 2, encryption type aes256-cts-hmac-sha1-96 added to keytab WRFILE:/data/testuser.scm.keytab.
datanode_2  | 2019-10-25 23:37:26,209 INFO http.HttpServer2: Added global filter 'safety' (class=org.apache.hadoop.http.HttpServer2$QuotingInputFilter)
datanode_1  | 2019-10-25 23:37:25,909 INFO server.Server: jetty-9.3.25.v20180904, build timestamp: 2018-09-04T21:11:46Z, git hash: 3ce520221d0240229c862b122d2b06c12a625732
s3g_1       | 2019-10-25 23:44:35,583 INFO retry.RetryInvocationHandler: com.google.protobuf.ServiceException: org.apache.hadoop.ipc.RemoteException(org.apache.hadoop.security.token.SecretManager$InvalidToken): No S3 secret found for S3 identifier:OzoneToken owner=dlfknslnfslf, renewer=, realUser=, issueDate=0, maxDate=0, sequenceNumber=0, masterKeyId=0, strToSign=AWS4-HMAC-SHA256
kms_1       |   class org.apache.hadoop.crypto.key.kms.server.KMSJSONWriter
datanode_3  | 2019-10-25 23:37:25,816 INFO http.HttpServer2: Jetty bound to port 9882
scm_1       | 2019-10-25 23:37:21,911 INFO ipc.CallQueueManager: Using callQueue: class java.util.concurrent.LinkedBlockingQueue, queueCapacity: 200, scheduler: class org.apache.hadoop.ipc.DefaultRpcScheduler, ipcBackoff: false.
kdc_1       | Entry for principal testuser/scm@EXAMPLE.COM with kvno 2, encryption type aes128-cts-hmac-sha1-96 added to keytab WRFILE:/data/testuser.scm.keytab.
om_1        | 2019-10-25 23:37:28,532 INFO client.OMCertificateClient: Added certificate from file:/data/metadata/om/certs/CA-1.crt.
datanode_2  | 2019-10-25 23:37:26,211 INFO http.HttpServer2: Added filter authentication (class=org.apache.hadoop.security.authentication.server.AuthenticationFilter) to context hddsDatanode
datanode_1  | 2019-10-25 23:37:25,948 INFO server.AuthenticationFilter: Unable to initialize FileSignerSecretProvider, falling back to use random secrets.
s3g_1       | 20191025T234435Z
kms_1       |   class org.apache.hadoop.crypto.key.kms.server.KMSExceptionsProvider
datanode_3  | 2019-10-25 23:37:25,817 INFO server.Server: jetty-9.3.25.v20180904, build timestamp: 2018-09-04T21:11:46Z, git hash: 3ce520221d0240229c862b122d2b06c12a625732
scm_1       | 2019-10-25 23:37:21,944 INFO ipc.Server: Starting Socket Reader #1 for port 9961
kdc_1       | Generiting keytab
om_1        | 2019-10-25 23:37:28,535 INFO client.OMCertificateClient: Added certificate from file:/data/metadata/om/certs/12393431567530553.crt.
datanode_2  | 2019-10-25 23:37:26,211 INFO http.HttpServer2: Added filter authentication (class=org.apache.hadoop.security.authentication.server.AuthenticationFilter) to context logs
s3g_1       | 20191025/us-west-1/s3/aws4_request
datanode_1  | 2019-10-25 23:37:25,949 INFO server.KerberosAuthenticationHandler: Using keytab /etc/security/keytabs/HTTP.keytab, for principal HTTP/ef1d0ee6b974@EXAMPLE.COM
kms_1       |   class org.apache.hadoop.crypto.key.kms.server.KMSJSONReader
datanode_3  | 2019-10-25 23:37:25,851 INFO server.AuthenticationFilter: Unable to initialize FileSignerSecretProvider, falling back to use random secrets.
scm_1       | 2019-10-25 23:37:22,045 INFO net.NodeSchemaLoader: Loading file from java.lang.CompoundEnumeration@4a1c0752
kdc_1       | Authenticating as principal admin/admin with keytab /tmp/admin.keytab.
datanode_2  | 2019-10-25 23:37:26,211 INFO http.HttpServer2: Added filter authentication (class=org.apache.hadoop.security.authentication.server.AuthenticationFilter) to context static
datanode_1  | 2019-10-25 23:37:25,952 INFO handler.ContextHandler: Started o.e.j.s.ServletContextHandler@198536f6{/logs,file:///var/log/hadoop/,AVAILABLE}
s3g_1       | bd03be2893955c2e5fc68e23054e2111af9cb3278bcc5a4391883a1194726ebc, signature=9dcb6eb0976ad5f50dddfedccceb610350cb643420dc0ff44e2da8faeb0fbce0, awsAccessKeyId=dlfknslnfslf, while invoking $Proxy83.submitRequest over nodeId=null,nodeAddress=om:9862 after 2 failover attempts. Trying to failover immediately.
om_1        | 2019-10-25 23:37:28,555 WARN server.ServerUtils: ozone.om.db.dirs is not configured. We recommend adding this setting. Falling back to ozone.metadata.dirs instead.
kms_1       | Oct 25, 2019 11:37:23 PM com.sun.jersey.server.impl.application.WebApplicationImpl _initiate
datanode_3  | 2019-10-25 23:37:25,854 INFO server.KerberosAuthenticationHandler: Using keytab /etc/security/keytabs/HTTP.keytab, for principal HTTP/9e355f951730@EXAMPLE.COM
scm_1       | 2019-10-25 23:37:22,046 INFO net.NodeSchemaLoader: Loading network topology layer schema file
kdc_1       | WARNING: no policy specified for scm/9e355f951730@EXAMPLE.COM; defaulting to no policy
datanode_2  | 2019-10-25 23:37:26,230 INFO http.HttpServer2: Jetty bound to port 9882
datanode_1  | 2019-10-25 23:37:25,953 INFO handler.ContextHandler: Started o.e.j.s.ServletContextHandler@594131f2{/static,jar:file:/opt/hadoop/share/ozone/lib/hadoop-hdds-container-service-0.5.0-SNAPSHOT.jar!/webapps/static,AVAILABLE}
s3g_1       | 2019-10-25 23:44:35,592 WARN ipc.Client: Exception encountered while connecting to the server : org.apache.hadoop.ipc.RemoteException(org.apache.hadoop.security.token.SecretManager$InvalidToken): No S3 secret found for S3 identifier:OzoneToken owner=dlfknslnfslf, renewer=, realUser=, issueDate=0, maxDate=0, sequenceNumber=0, masterKeyId=0, strToSign=AWS4-HMAC-SHA256
om_1        | 2019-10-25 23:37:28,581 INFO util.log: Logging initialized @2819ms
kms_1       | INFO: Initiating Jersey application, version 'Jersey: 1.19 02/11/2015 03:25 AM'
datanode_3  | 2019-10-25 23:37:25,857 INFO handler.ContextHandler: Started o.e.j.s.ServletContextHandler@2ce03e86{/logs,file:///var/log/hadoop/,AVAILABLE}
scm_1       | 2019-10-25 23:37:22,127 INFO node.SCMNodeManager: Entering startup safe mode.
kdc_1       | Principal "scm/9e355f951730@EXAMPLE.COM" created.
datanode_2  | 2019-10-25 23:37:26,231 INFO server.Server: jetty-9.3.25.v20180904, build timestamp: 2018-09-04T21:11:46Z, git hash: 3ce520221d0240229c862b122d2b06c12a625732
datanode_1  | 2019-10-25 23:37:26,018 INFO server.KerberosAuthenticationHandler: Using keytab /etc/security/keytabs/HTTP.keytab, for principal HTTP/ef1d0ee6b974@EXAMPLE.COM
s3g_1       | 20191025T234435Z
om_1        | 2019-10-25 23:37:28,670 INFO db.DBStoreBuilder: using custom profile for table: userTable
datanode_3  | 2019-10-25 23:37:25,861 INFO handler.ContextHandler: Started o.e.j.s.ServletContextHandler@4e0cc334{/static,jar:file:/opt/hadoop/share/ozone/lib/hadoop-hdds-container-service-0.5.0-SNAPSHOT.jar!/webapps/static,AVAILABLE}
scm_1       | 2019-10-25 23:37:22,233 INFO algorithms.ContainerPlacementPolicyFactory: Create container placement policy of type org.apache.hadoop.hdds.scm.container.placement.algorithms.SCMContainerPlacementRandom
kdc_1       | Authenticating as principal admin/admin with keytab /tmp/admin.keytab.
datanode_2  | 2019-10-25 23:37:26,257 INFO server.AuthenticationFilter: Unable to initialize FileSignerSecretProvider, falling back to use random secrets.
datanode_1  | 2019-10-25 23:37:26,023 INFO handler.ContextHandler: Started o.e.j.w.WebAppContext@7197b07f{/,file:///tmp/jetty-0.0.0.0-9882-hddsDatanode-_-any-876115742283059408.dir/webapp/,AVAILABLE}{/hddsDatanode}
s3g_1       | 20191025/us-west-1/s3/aws4_request
om_1        | 2019-10-25 23:37:28,670 INFO db.DBStoreBuilder: Using default column profile:DBProfile.DISK for Table:userTable
datanode_3  | 2019-10-25 23:37:25,930 INFO server.KerberosAuthenticationHandler: Using keytab /etc/security/keytabs/HTTP.keytab, for principal HTTP/9e355f951730@EXAMPLE.COM
scm_1       | 2019-10-25 23:37:22,243 WARN server.ServerUtils: ozone.scm.db.dirs is not configured. We recommend adding this setting. Falling back to ozone.metadata.dirs instead.
kdc_1       | Entry for principal scm/9e355f951730@EXAMPLE.COM with kvno 2, encryption type aes256-cts-hmac-sha1-96 added to keytab WRFILE:/data/scm.9e355f951730.keytab.
datanode_2  | 2019-10-25 23:37:26,259 INFO server.KerberosAuthenticationHandler: Using keytab /etc/security/keytabs/HTTP.keytab, for principal HTTP/f3b895e1b620@EXAMPLE.COM
datanode_1  | 2019-10-25 23:37:26,027 INFO server.AbstractConnector: Started ServerConnector@7cfb0c4c{HTTP/1.1,[http/1.1]}{0.0.0.0:9882}
s3g_1       | bd03be2893955c2e5fc68e23054e2111af9cb3278bcc5a4391883a1194726ebc, signature=9dcb6eb0976ad5f50dddfedccceb610350cb643420dc0ff44e2da8faeb0fbce0, awsAccessKeyId=dlfknslnfslf
datanode_3  | 2019-10-25 23:37:25,936 INFO handler.ContextHandler: Started o.e.j.w.WebAppContext@30a7653e{/,file:///tmp/jetty-0.0.0.0-9882-hddsDatanode-_-any-15826103795598548095.dir/webapp/,AVAILABLE}{/hddsDatanode}
om_1        | 2019-10-25 23:37:28,670 INFO db.DBStoreBuilder: using custom profile for table: volumeTable
scm_1       | 2019-10-25 23:37:22,434 INFO pipeline.SCMPipelineManager: No pipeline exists in current db
kdc_1       | Entry for principal scm/9e355f951730@EXAMPLE.COM with kvno 2, encryption type aes128-cts-hmac-sha1-96 added to keytab WRFILE:/data/scm.9e355f951730.keytab.
datanode_2  | 2019-10-25 23:37:26,261 INFO handler.ContextHandler: Started o.e.j.s.ServletContextHandler@1a1ccaaf{/logs,file:///var/log/hadoop/,AVAILABLE}
datanode_1  | 2019-10-25 23:37:26,028 INFO server.Server: Started @4832ms
s3g_1       | 2019-10-25 23:44:35,592 INFO retry.RetryInvocationHandler: com.google.protobuf.ServiceException: org.apache.hadoop.ipc.RemoteException(org.apache.hadoop.security.token.SecretManager$InvalidToken): No S3 secret found for S3 identifier:OzoneToken owner=dlfknslnfslf, renewer=, realUser=, issueDate=0, maxDate=0, sequenceNumber=0, masterKeyId=0, strToSign=AWS4-HMAC-SHA256
datanode_3  | 2019-10-25 23:37:25,943 INFO server.AbstractConnector: Started ServerConnector@44f8c641{HTTP/1.1,[http/1.1]}{0.0.0.0:9882}
om_1        | 2019-10-25 23:37:28,670 INFO db.DBStoreBuilder: Using default column profile:DBProfile.DISK for Table:volumeTable
scm_1       | 2019-10-25 23:37:22,436 WARN server.ServerUtils: ozone.scm.db.dirs is not configured. We recommend adding this setting. Falling back to ozone.metadata.dirs instead.
kdc_1       | Generiting keytab
datanode_2  | 2019-10-25 23:37:26,262 INFO handler.ContextHandler: Started o.e.j.s.ServletContextHandler@3a38f122{/static,jar:file:/opt/hadoop/share/ozone/lib/hadoop-hdds-container-service-0.5.0-SNAPSHOT.jar!/webapps/static,AVAILABLE}
datanode_1  | 2019-10-25 23:37:26,031 INFO impl.MetricsSinkAdapter: Sink prometheus started
s3g_1       | 20191025T234435Z
datanode_3  | 2019-10-25 23:37:25,943 INFO server.Server: Started @7609ms
om_1        | 2019-10-25 23:37:28,670 INFO db.DBStoreBuilder: using custom profile for table: bucketTable
scm_1       | 2019-10-25 23:37:22,574 WARN events.EventQueue: No event handler registered for event TypedEvent{payloadType=SafeModeStatus, name='SafeModeStatus'}
kdc_1       | Authenticating as principal admin/admin with keytab /tmp/admin.keytab.
datanode_2  | 2019-10-25 23:37:26,334 INFO server.KerberosAuthenticationHandler: Using keytab /etc/security/keytabs/HTTP.keytab, for principal HTTP/f3b895e1b620@EXAMPLE.COM
datanode_1  | 2019-10-25 23:37:26,031 INFO impl.MetricsSystemImpl: Registered sink prometheus
s3g_1       | 20191025/us-west-1/s3/aws4_request
datanode_3  | 2019-10-25 23:37:25,947 INFO impl.MetricsSinkAdapter: Sink prometheus started
om_1        | 2019-10-25 23:37:28,670 INFO db.DBStoreBuilder: Using default column profile:DBProfile.DISK for Table:bucketTable
scm_1       | 2019-10-25 23:37:22,951 INFO ipc.CallQueueManager: Using callQueue: class java.util.concurrent.LinkedBlockingQueue, queueCapacity: 1000, scheduler: class org.apache.hadoop.ipc.DefaultRpcScheduler, ipcBackoff: false.
kdc_1       | WARNING: no policy specified for testuser2/scm@EXAMPLE.COM; defaulting to no policy
datanode_2  | 2019-10-25 23:37:26,338 INFO handler.ContextHandler: Started o.e.j.w.WebAppContext@437bd805{/,file:///tmp/jetty-0.0.0.0-9882-hddsDatanode-_-any-566034155547075391.dir/webapp/,AVAILABLE}{/hddsDatanode}
datanode_1  | 2019-10-25 23:37:26,033 INFO server.BaseHttpServer: HTTP server of HDDSDATANODE is listening at http://0.0.0.0:9882
s3g_1       | bd03be2893955c2e5fc68e23054e2111af9cb3278bcc5a4391883a1194726ebc, signature=9dcb6eb0976ad5f50dddfedccceb610350cb643420dc0ff44e2da8faeb0fbce0, awsAccessKeyId=dlfknslnfslf, while invoking $Proxy83.submitRequest over nodeId=null,nodeAddress=om:9862 after 3 failover attempts. Trying to failover immediately.
datanode_3  | 2019-10-25 23:37:25,947 INFO impl.MetricsSystemImpl: Registered sink prometheus
om_1        | 2019-10-25 23:37:28,670 INFO db.DBStoreBuilder: using custom profile for table: keyTable
scm_1       | 2019-10-25 23:37:22,954 INFO ipc.Server: Starting Socket Reader #1 for port 9861
kdc_1       | Principal "testuser2/scm@EXAMPLE.COM" created.
datanode_2  | 2019-10-25 23:37:26,343 INFO server.AbstractConnector: Started ServerConnector@7302ff13{HTTP/1.1,[http/1.1]}{0.0.0.0:9882}
datanode_1  | 2019-10-25 23:37:26,046 INFO util.JvmPauseMonitor: Starting JVM pause monitor
s3g_1       | 2019-10-25 23:44:35,598 WARN ipc.Client: Exception encountered while connecting to the server : org.apache.hadoop.ipc.RemoteException(org.apache.hadoop.security.token.SecretManager$InvalidToken): No S3 secret found for S3 identifier:OzoneToken owner=dlfknslnfslf, renewer=, realUser=, issueDate=0, maxDate=0, sequenceNumber=0, masterKeyId=0, strToSign=AWS4-HMAC-SHA256
datanode_3  | 2019-10-25 23:37:25,949 INFO server.BaseHttpServer: HTTP server of HDDSDATANODE is listening at http://0.0.0.0:9882
om_1        | 2019-10-25 23:37:28,670 INFO db.DBStoreBuilder: Using default column profile:DBProfile.DISK for Table:keyTable
kdc_1       | Authenticating as principal admin/admin with keytab /tmp/admin.keytab.
datanode_2  | 2019-10-25 23:37:26,343 INFO server.Server: Started @4714ms
scm_1       | 2019-10-25 23:37:23,000 INFO ipc.CallQueueManager: Using callQueue: class java.util.concurrent.LinkedBlockingQueue, queueCapacity: 1000, scheduler: class org.apache.hadoop.ipc.DefaultRpcScheduler, ipcBackoff: false.
datanode_1  | 2019-10-25 23:37:28,146 [Datanode State Machine Thread - 0] INFO       - Attempting to start container services.
s3g_1       | 20191025T234435Z
datanode_3  | 2019-10-25 23:37:25,965 INFO util.JvmPauseMonitor: Starting JVM pause monitor
om_1        | 2019-10-25 23:37:28,671 INFO db.DBStoreBuilder: using custom profile for table: deletedTable
kdc_1       | Entry for principal testuser2/scm@EXAMPLE.COM with kvno 2, encryption type aes256-cts-hmac-sha1-96 added to keytab WRFILE:/data/testuser2.scm.keytab.
datanode_2  | 2019-10-25 23:37:26,346 INFO impl.MetricsSinkAdapter: Sink prometheus started
scm_1       | 2019-10-25 23:37:23,001 INFO ipc.Server: Starting Socket Reader #1 for port 9863
datanode_1  | 2019-10-25 23:37:28,149 [Datanode State Machine Thread - 0] INFO       - Background container scanner has been disabled.
s3g_1       | 20191025/us-west-1/s3/aws4_request
om_1        | 2019-10-25 23:37:28,671 INFO db.DBStoreBuilder: Using default column profile:DBProfile.DISK for Table:deletedTable
kdc_1       | Entry for principal testuser2/scm@EXAMPLE.COM with kvno 2, encryption type aes128-cts-hmac-sha1-96 added to keytab WRFILE:/data/testuser2.scm.keytab.
datanode_3  | 2019-10-25 23:37:28,144 [Datanode State Machine Thread - 0] INFO       - Attempting to start container services.
datanode_2  | 2019-10-25 23:37:26,346 INFO impl.MetricsSystemImpl: Registered sink prometheus
scm_1       | 2019-10-25 23:37:23,034 INFO ipc.CallQueueManager: Using callQueue: class java.util.concurrent.LinkedBlockingQueue, queueCapacity: 1000, scheduler: class org.apache.hadoop.ipc.DefaultRpcScheduler, ipcBackoff: false.
datanode_1  | 2019-10-25 23:37:28,149 [Datanode State Machine Thread - 0] INFO       - Starting XceiverServerRatis e686f008-64d2-400e-84d1-db358b782972 at port 9858
s3g_1       | bd03be2893955c2e5fc68e23054e2111af9cb3278bcc5a4391883a1194726ebc, signature=9dcb6eb0976ad5f50dddfedccceb610350cb643420dc0ff44e2da8faeb0fbce0, awsAccessKeyId=dlfknslnfslf
om_1        | 2019-10-25 23:37:28,671 INFO db.DBStoreBuilder: using custom profile for table: openKeyTable
kdc_1       | Generiting keytab
datanode_2  | 2019-10-25 23:37:26,348 INFO server.BaseHttpServer: HTTP server of HDDSDATANODE is listening at http://0.0.0.0:9882
datanode_3  | 2019-10-25 23:37:28,146 [Datanode State Machine Thread - 0] INFO       - Background container scanner has been disabled.
scm_1       | 2019-10-25 23:37:23,037 INFO ipc.Server: Starting Socket Reader #1 for port 9860
s3g_1       | 2019-10-25 23:44:35,598 INFO retry.RetryInvocationHandler: com.google.protobuf.ServiceException: org.apache.hadoop.ipc.RemoteException(org.apache.hadoop.security.token.SecretManager$InvalidToken): No S3 secret found for S3 identifier:OzoneToken owner=dlfknslnfslf, renewer=, realUser=, issueDate=0, maxDate=0, sequenceNumber=0, masterKeyId=0, strToSign=AWS4-HMAC-SHA256
om_1        | 2019-10-25 23:37:28,671 INFO db.DBStoreBuilder: Using default column profile:DBProfile.DISK for Table:openKeyTable
kdc_1       | Authenticating as principal admin/admin with keytab /tmp/admin.keytab.
datanode_2  | 2019-10-25 23:37:26,360 INFO util.JvmPauseMonitor: Starting JVM pause monitor
datanode_3  | 2019-10-25 23:37:28,146 [Datanode State Machine Thread - 0] INFO       - Starting XceiverServerRatis 1445c242-7a39-4e15-a768-ecb96f02ae6d at port 9858
scm_1       | 2019-10-25 23:37:23,131 INFO hdfs.DFSUtil: Starting web server as: HTTP/scm@EXAMPLE.COM
datanode_1  | 2019-10-25 23:37:28,171 INFO impl.RaftServerProxy: e686f008-64d2-400e-84d1-db358b782972: start RPC server
s3g_1       | 20191025T234435Z
om_1        | 2019-10-25 23:37:28,671 INFO db.DBStoreBuilder: using custom profile for table: s3Table
datanode_2  | 2019-10-25 23:37:28,485 [Datanode State Machine Thread - 0] INFO       - Attempting to start container services.
kdc_1       | WARNING: no policy specified for HTTP/9e355f951730@EXAMPLE.COM; defaulting to no policy
datanode_3  | 2019-10-25 23:37:28,166 INFO impl.RaftServerProxy: 1445c242-7a39-4e15-a768-ecb96f02ae6d: start RPC server
scm_1       | 2019-10-25 23:37:23,131 INFO hdfs.DFSUtil: Starting Web-server for scm at: http://0.0.0.0:9876
s3g_1       | 20191025/us-west-1/s3/aws4_request
datanode_1  | 2019-10-25 23:37:28,339 INFO server.GrpcService: e686f008-64d2-400e-84d1-db358b782972: GrpcService started, listening on 0.0.0.0/0.0.0.0:9858
om_1        | 2019-10-25 23:37:28,671 INFO db.DBStoreBuilder: Using default column profile:DBProfile.DISK for Table:s3Table
datanode_2  | 2019-10-25 23:37:28,488 [Datanode State Machine Thread - 0] INFO       - Background container scanner has been disabled.
kdc_1       | Principal "HTTP/9e355f951730@EXAMPLE.COM" created.
datanode_3  | 2019-10-25 23:37:28,366 INFO server.GrpcService: 1445c242-7a39-4e15-a768-ecb96f02ae6d: GrpcService started, listening on 0.0.0.0/0.0.0.0:9858
s3g_1       | bd03be2893955c2e5fc68e23054e2111af9cb3278bcc5a4391883a1194726ebc, signature=9dcb6eb0976ad5f50dddfedccceb610350cb643420dc0ff44e2da8faeb0fbce0, awsAccessKeyId=dlfknslnfslf, while invoking $Proxy83.submitRequest over nodeId=null,nodeAddress=om:9862 after 4 failover attempts. Trying to failover immediately.
scm_1       | 2019-10-25 23:37:23,250 INFO server.AuthenticationFilter: Unable to initialize FileSignerSecretProvider, falling back to use random secrets.
datanode_1  | 2019-10-25 23:37:31,390 INFO impl.RaftServerProxy: e686f008-64d2-400e-84d1-db358b782972: addNew group-664A14937882:[e686f008-64d2-400e-84d1-db358b782972:172.18.0.7:9858] returns group-664A14937882:java.util.concurrent.CompletableFuture@2fe28d28[Not completed]
om_1        | 2019-10-25 23:37:28,671 INFO db.DBStoreBuilder: using custom profile for table: multipartInfoTable
datanode_2  | 2019-10-25 23:37:28,488 [Datanode State Machine Thread - 0] INFO       - Starting XceiverServerRatis 5d8367ff-d5db-4db5-854d-bd755d7e2e3a at port 9858
kdc_1       | Authenticating as principal admin/admin with keytab /tmp/admin.keytab.
datanode_3  | 2019-10-25 23:37:30,903 INFO impl.RaftServerProxy: 1445c242-7a39-4e15-a768-ecb96f02ae6d: addNew group-D90E946F3F4B:[1445c242-7a39-4e15-a768-ecb96f02ae6d:172.18.0.6:9858] returns group-D90E946F3F4B:java.util.concurrent.CompletableFuture@3990c4b6[Not completed]
s3g_1       | 2019-10-25 23:44:35,604 WARN ipc.Client: Exception encountered while connecting to the server : org.apache.hadoop.ipc.RemoteException(org.apache.hadoop.security.token.SecretManager$InvalidToken): No S3 secret found for S3 identifier:OzoneToken owner=dlfknslnfslf, renewer=, realUser=, issueDate=0, maxDate=0, sequenceNumber=0, masterKeyId=0, strToSign=AWS4-HMAC-SHA256
scm_1       | 2019-10-25 23:37:23,264 INFO http.HttpRequestLog: Http request log for http.requests.scm is not defined
datanode_1  | 2019-10-25 23:37:31,407 INFO impl.RaftServerImpl: e686f008-64d2-400e-84d1-db358b782972: new RaftServerImpl for group-664A14937882:[e686f008-64d2-400e-84d1-db358b782972:172.18.0.7:9858] with ContainerStateMachine:uninitialized
om_1        | 2019-10-25 23:37:28,671 INFO db.DBStoreBuilder: Using default column profile:DBProfile.DISK for Table:multipartInfoTable
kdc_1       | Entry for principal HTTP/9e355f951730@EXAMPLE.COM with kvno 2, encryption type aes256-cts-hmac-sha1-96 added to keytab WRFILE:/data/HTTP.9e355f951730.keytab.
s3g_1       | 20191025T234435Z
datanode_3  | 2019-10-25 23:37:30,919 INFO impl.RaftServerImpl: 1445c242-7a39-4e15-a768-ecb96f02ae6d: new RaftServerImpl for group-D90E946F3F4B:[1445c242-7a39-4e15-a768-ecb96f02ae6d:172.18.0.6:9858] with ContainerStateMachine:uninitialized
scm_1       | 2019-10-25 23:37:23,273 INFO http.HttpServer2: Added global filter 'safety' (class=org.apache.hadoop.http.HttpServer2$QuotingInputFilter)
datanode_2  | 2019-10-25 23:37:28,513 INFO impl.RaftServerProxy: 5d8367ff-d5db-4db5-854d-bd755d7e2e3a: start RPC server
datanode_1  | 2019-10-25 23:37:31,408 INFO server.RaftServerConfigKeys: raft.server.rpc.timeout.min = 5s (custom)
om_1        | 2019-10-25 23:37:28,672 INFO db.DBStoreBuilder: using custom profile for table: dTokenTable
s3g_1       | 20191025/us-west-1/s3/aws4_request
datanode_3  | 2019-10-25 23:37:30,922 INFO server.RaftServerConfigKeys: raft.server.rpc.timeout.min = 5s (custom)
scm_1       | 2019-10-25 23:37:23,276 INFO http.HttpServer2: Added filter authentication (class=org.apache.hadoop.security.authentication.server.AuthenticationFilter) to context scm
kdc_1       | Entry for principal HTTP/9e355f951730@EXAMPLE.COM with kvno 2, encryption type aes128-cts-hmac-sha1-96 added to keytab WRFILE:/data/HTTP.9e355f951730.keytab.
datanode_2  | 2019-10-25 23:37:28,658 INFO server.GrpcService: 5d8367ff-d5db-4db5-854d-bd755d7e2e3a: GrpcService started, listening on 0.0.0.0/0.0.0.0:9858
datanode_1  | 2019-10-25 23:37:31,409 INFO server.RaftServerConfigKeys: raft.server.rpc.timeout.max = 5200ms (custom)
om_1        | 2019-10-25 23:37:28,672 INFO db.DBStoreBuilder: Using default column profile:DBProfile.DISK for Table:dTokenTable
