s3g_1       | 	at org.eclipse.jetty.servlet.ServletHandler.doHandle(ServletHandler.java:583)
om1_1       | 2019-11-13 12:33:37,004 INFO server.GrpcService: raft.grpc.message.size.max = 33554432 (custom)
om3_1       | 2019-11-13 12:33:37,055 INFO impl.RaftServerProxy: om3: addNew group-562213E44849:[om1:om1:9872, om3:om3:9872, om2:om2:9872] returns group-562213E44849:java.util.concurrent.CompletableFuture@37b56ac7[Not completed]
scm_1       | 2019-11-13 12:33:33,168 INFO ipc.Server: IPC Server Responder: starting
datanode_3  | 2019-11-13 12:33:37,581 INFO server.RaftServerConfigKeys: raft.server.log.segment.size.max = 1048576 (custom)
datanode_2  | 2019-11-13 12:33:37,104 INFO server.RaftServerConfigKeys: raft.server.log.segment.size.max = 1048576 (custom)
datanode_1  | 2019-11-13 12:33:36,554 INFO ratis.ContainerStateMachine: group-E2DEC0325557: The snapshot info is null. Setting the last applied indexto:(t:0, i:~)
om2_1       | 	It is recommended to disable useCacheForAllThreads by setting -Dorg.apache.ratis.thirdparty.io.netty.allocator.useCacheForAllThreads=false in command line.
s3g_1       | 	at org.eclipse.jetty.server.handler.ScopedHandler.handle(ScopedHandler.java:143)
om1_1       | 2019-11-13 12:33:37,006 INFO server.RaftServerConfigKeys: raft.server.log.appender.buffer.byte-limit = 33554432 (custom)
om3_1       | 2019-11-13 12:33:37,059 INFO om.OzoneManager: OzoneManager Ratis server initialized at port 9872
scm_1       | 2019-11-13 12:33:33,168 INFO ipc.Server: IPC Server listener on 9863: starting
datanode_3  | 2019-11-13 12:33:37,586 INFO metrics.MetricRegistries: Loaded MetricRegistries class org.apache.ratis.metrics.impl.MetricRegistriesImpl
datanode_2  | 2019-11-13 12:33:37,109 INFO metrics.MetricRegistries: Loaded MetricRegistries class org.apache.ratis.metrics.impl.MetricRegistriesImpl
datanode_1  | 2019-11-13 12:33:36,554 INFO server.RaftServerConfigKeys: raft.server.notification.no-leader.timeout = 120s (custom)
om2_1       | 2019-11-13 12:33:36,853 INFO grpc.GrpcConfigKeys$Server: raft.grpc.server.port = 9872 (custom)
om1_1       | 2019-11-13 12:33:37,007 INFO server.GrpcService: raft.grpc.flow.control.window = 1MB (=1048576) (default)
s3g_1       | 	at org.eclipse.jetty.security.SecurityHandler.handle(SecurityHandler.java:548)
om3_1       | 2019-11-13 12:33:37,065 WARN scm.HddsServerUtil: Storage directory for Ratis is not configured. It is a good idea to map this to an SSD disk. Falling back to ozone.metadata.dirs
scm_1       | 2019-11-13 12:33:33,170 INFO server.StorageContainerManager: ScmDatanodeProtocl RPC server is listening at /0.0.0.0:9861
datanode_3  | 2019-11-13 12:33:37,589 WARN impl.MetricRegistriesImpl: First MetricRegistry has been created without registering reporters. You may need to call MetricRegistries.global().addReportRegistration(...) before.
datanode_2  | 2019-11-13 12:33:37,112 WARN impl.MetricRegistriesImpl: First MetricRegistry has been created without registering reporters. You may need to call MetricRegistries.global().addReportRegistration(...) before.
datanode_1  | 2019-11-13 12:33:36,557 INFO server.RaftServerConfigKeys: raft.server.log.use.memory = false (default)
om2_1       | 2019-11-13 12:33:36,854 INFO server.GrpcService: raft.grpc.message.size.max = 33554432 (custom)
om1_1       | 2019-11-13 12:33:37,008 INFO server.RaftServerConfigKeys: raft.server.rpc.request.timeout = 3000ms (default)
om3_1       | 2019-11-13 12:33:37,066 WARN scm.HddsServerUtil: Storage directory for Ratis is not configured. It is a good idea to map this to an SSD disk. Falling back to ozone.metadata.dirs
s3g_1       | 	at org.eclipse.jetty.server.session.SessionHandler.doHandle(SessionHandler.java:226)
datanode_3  | 2019-11-13 12:33:37,594 INFO server.RaftServerConfigKeys: raft.server.log.segment.cache.num.max = 2 (custom)
datanode_2  | 2019-11-13 12:33:37,116 INFO server.RaftServerConfigKeys: raft.server.log.segment.cache.num.max = 2 (custom)
scm_1       | 2019-11-13 12:33:33,170 INFO server.SCMDatanodeProtocolServer: RPC server for DataNodes is listening at /0.0.0.0:9861
datanode_1  | 2019-11-13 12:33:36,562 INFO server.RaftServerConfigKeys: raft.server.log.purge.gap = 1000000 (custom)
om2_1       | 2019-11-13 12:33:36,856 INFO server.RaftServerConfigKeys: raft.server.log.appender.buffer.byte-limit = 33554432 (custom)
om1_1       | 2019-11-13 12:33:37,185 INFO server.RaftServerConfigKeys: raft.server.storage.dir = [/data/metadata/ratis] (custom)
om3_1       | 2019-11-13 12:33:37,071 INFO snapshot.OzoneManagerSnapshotProvider: Initializing OM Snapshot Provider
s3g_1       | 	at org.eclipse.jetty.server.handler.ContextHandler.doHandle(ContextHandler.java:1180)
datanode_3  | 2019-11-13 12:33:37,598 INFO segmented.SegmentedRaftLogWorker: new 039af59a-f19c-45bb-9145-4630e6166510@group-8DDD5DE5FD42-SegmentedRaftLogWorker for RaftStorage:Storage Directory /data/metadata/ratis/8b4dde8c-b75e-4713-a6fe-8ddd5de5fd42
datanode_2  | 2019-11-13 12:33:37,122 INFO segmented.SegmentedRaftLogWorker: new 8dff35d6-b797-40d2-8acc-6895b9d15427@group-AD5471395C91-SegmentedRaftLogWorker for RaftStorage:Storage Directory /data/metadata/ratis/ba7be37e-b24c-427f-a39c-ad5471395c91
scm_1       | 2019-11-13 12:33:33,171 INFO ipc.Server: IPC Server Responder: starting
datanode_1  | 2019-11-13 12:33:36,562 INFO server.RaftServerConfigKeys: raft.server.log.appender.buffer.byte-limit = 33554432 (custom)
om1_1       | 2019-11-13 12:33:37,203 INFO impl.RaftServerProxy: om1: addNew group-562213E44849:[om1:om1:9872, om3:om3:9872, om2:om2:9872] returns group-562213E44849:java.util.concurrent.CompletableFuture@37b56ac7[Not completed]
om3_1       | 2019-11-13 12:33:37,078 INFO impl.RaftServerImpl: om3: new RaftServerImpl for group-562213E44849:[om1:om1:9872, om3:om3:9872, om2:om2:9872] with OzoneManagerStateMachine:uninitialized
s3g_1       | 	at org.eclipse.jetty.servlet.ServletHandler.doScope(ServletHandler.java:513)
datanode_3  | 2019-11-13 12:33:37,598 INFO server.RaftServerConfigKeys: raft.server.log.queue.byte-limit = 2147483647 (custom)
scm_1       | 2019-11-13 12:33:33,171 INFO ipc.Server: IPC Server listener on 9861: starting
datanode_2  | 2019-11-13 12:33:37,123 INFO server.RaftServerConfigKeys: raft.server.log.queue.byte-limit = 2147483647 (custom)
om2_1       | 2019-11-13 12:33:36,856 INFO server.GrpcService: raft.grpc.flow.control.window = 1MB (=1048576) (default)
datanode_1  | 2019-11-13 12:33:36,564 INFO server.RaftServerConfigKeys: raft.server.log.segment.size.max = 1048576 (custom)
om1_1       | 2019-11-13 12:33:37,205 INFO om.OzoneManager: OzoneManager Ratis server initialized at port 9872
om3_1       | 2019-11-13 12:33:37,083 INFO server.RaftServerConfigKeys: raft.server.rpc.timeout.min = 1s (custom)
s3g_1       | 	at org.eclipse.jetty.server.session.SessionHandler.doScope(SessionHandler.java:185)
datanode_3  | 2019-11-13 12:33:37,599 INFO server.RaftServerConfigKeys: raft.server.log.queue.element-limit = 1024 (custom)
scm_1       | 2019-11-13 12:33:33,174 INFO http.HttpServer2: Jetty bound to port 9876
datanode_2  | 2019-11-13 12:33:37,123 INFO server.RaftServerConfigKeys: raft.server.log.queue.element-limit = 1024 (custom)
om2_1       | 2019-11-13 12:33:36,858 INFO server.RaftServerConfigKeys: raft.server.rpc.request.timeout = 3000ms (default)
datanode_1  | 2019-11-13 12:33:36,572 INFO metrics.MetricRegistries: Loaded MetricRegistries class org.apache.ratis.metrics.impl.MetricRegistriesImpl
om1_1       | 2019-11-13 12:33:37,208 WARN scm.HddsServerUtil: Storage directory for Ratis is not configured. It is a good idea to map this to an SSD disk. Falling back to ozone.metadata.dirs
om3_1       | 2019-11-13 12:33:37,084 INFO server.RaftServerConfigKeys: raft.server.rpc.timeout.max = 1200ms (custom)
s3g_1       | 	at org.eclipse.jetty.server.handler.ContextHandler.doScope(ContextHandler.java:1112)
datanode_3  | 2019-11-13 12:33:37,600 INFO server.RaftServerConfigKeys: raft.server.log.segment.size.max = 1048576 (custom)
scm_1       | 2019-11-13 12:33:33,178 INFO server.Server: jetty-9.3.25.v20180904, build timestamp: 2018-09-04T21:11:46Z, git hash: 3ce520221d0240229c862b122d2b06c12a625732
datanode_2  | 2019-11-13 12:33:37,124 INFO server.RaftServerConfigKeys: raft.server.log.segment.size.max = 1048576 (custom)
om2_1       | 2019-11-13 12:33:37,002 INFO server.RaftServerConfigKeys: raft.server.storage.dir = [/data/metadata/ratis] (custom)
datanode_1  | 2019-11-13 12:33:36,576 WARN impl.MetricRegistriesImpl: First MetricRegistry has been created without registering reporters. You may need to call MetricRegistries.global().addReportRegistration(...) before.
om1_1       | 2019-11-13 12:33:37,209 WARN scm.HddsServerUtil: Storage directory for Ratis is not configured. It is a good idea to map this to an SSD disk. Falling back to ozone.metadata.dirs
om3_1       | 2019-11-13 12:33:37,084 INFO server.RaftServerConfigKeys: raft.server.rpcslowness.timeout = 120s (custom)
s3g_1       | 	at org.eclipse.jetty.server.handler.ScopedHandler.handle(ScopedHandler.java:141)
datanode_3  | 2019-11-13 12:33:37,600 INFO server.RaftServerConfigKeys: raft.server.log.preallocated.size = 16384 (custom)
scm_1       | 2019-11-13 12:33:33,222 INFO handler.ContextHandler: Started o.e.j.s.ServletContextHandler@58294867{/logs,file:///var/log/hadoop/,AVAILABLE}
datanode_2  | 2019-11-13 12:33:37,124 INFO server.RaftServerConfigKeys: raft.server.log.preallocated.size = 16384 (custom)
om2_1       | 2019-11-13 12:33:37,012 INFO impl.RaftServerProxy: om2: addNew group-562213E44849:[om1:om1:9872, om3:om3:9872, om2:om2:9872] returns group-562213E44849:java.util.concurrent.CompletableFuture@37b56ac7[Not completed]
datanode_1  | 2019-11-13 12:33:36,581 INFO server.RaftServerConfigKeys: raft.server.log.segment.cache.num.max = 2 (custom)
om1_1       | 2019-11-13 12:33:37,213 INFO snapshot.OzoneManagerSnapshotProvider: Initializing OM Snapshot Provider
om3_1       | 2019-11-13 12:33:37,085 INFO server.RaftServerConfigKeys: raft.server.sleep.deviation.threshold = 300 (default)
s3g_1       | 	at org.eclipse.jetty.server.handler.HandlerCollection.handle(HandlerCollection.java:119)
datanode_3  | 2019-11-13 12:33:37,600 INFO server.RaftServerConfigKeys: raft.server.log.write.buffer.size = 33554432 (custom)
scm_1       | 2019-11-13 12:33:33,223 INFO handler.ContextHandler: Started o.e.j.s.ServletContextHandler@2d2acd89{/static,jar:file:/opt/hadoop/share/ozone/lib/hadoop-hdds-server-scm-0.5.0-SNAPSHOT.jar!/webapps/static,AVAILABLE}
datanode_2  | 2019-11-13 12:33:37,125 INFO server.RaftServerConfigKeys: raft.server.log.write.buffer.size = 33554432 (custom)
om2_1       | 2019-11-13 12:33:37,014 INFO om.OzoneManager: OzoneManager Ratis server initialized at port 9872
datanode_1  | 2019-11-13 12:33:36,586 INFO segmented.SegmentedRaftLogWorker: new b80dcb6e-dde2-4831-aaff-09e56546270f@group-E2DEC0325557-SegmentedRaftLogWorker for RaftStorage:Storage Directory /data/metadata/ratis/3669f41d-e48e-44ef-8089-e2dec0325557
om1_1       | 2019-11-13 12:33:37,216 INFO impl.RaftServerImpl: om1: new RaftServerImpl for group-562213E44849:[om1:om1:9872, om3:om3:9872, om2:om2:9872] with OzoneManagerStateMachine:uninitialized
s3g_1       | 	at org.eclipse.jetty.server.handler.HandlerWrapper.handle(HandlerWrapper.java:134)
om3_1       | 2019-11-13 12:33:37,087 INFO server.RaftServerConfigKeys: raft.server.log.appender.install.snapshot.enabled = false (custom)
datanode_3  | 2019-11-13 12:33:37,601 INFO server.RaftServerConfigKeys: raft.server.log.force.sync.num = 128 (default)
scm_1       | 2019-11-13 12:33:33,312 INFO handler.ContextHandler: Started o.e.j.w.WebAppContext@216e0771{/,file:///tmp/jetty-0.0.0.0-9876-scm-_-any-2262595234276552645.dir/webapp/,AVAILABLE}{/scm}
datanode_2  | 2019-11-13 12:33:37,125 INFO server.RaftServerConfigKeys: raft.server.log.force.sync.num = 128 (default)
om2_1       | 2019-11-13 12:33:37,018 WARN scm.HddsServerUtil: Storage directory for Ratis is not configured. It is a good idea to map this to an SSD disk. Falling back to ozone.metadata.dirs
datanode_1  | 2019-11-13 12:33:36,587 INFO server.RaftServerConfigKeys: raft.server.log.queue.byte-limit = 2147483647 (custom)
om1_1       | 2019-11-13 12:33:37,220 INFO server.RaftServerConfigKeys: raft.server.rpc.timeout.min = 1s (custom)
om3_1       | 2019-11-13 12:33:37,099 INFO impl.RaftServerImpl: om3@group-562213E44849: ConfigurationManager, init=-1: [om1:om1:9872, om3:om3:9872, om2:om2:9872], old=null, confs=<EMPTY_MAP>
datanode_3  | 2019-11-13 12:33:37,602 INFO server.RaftServerConfigKeys: raft.server.log.statemachine.data.sync = true (default)
scm_1       | 2019-11-13 12:33:33,318 INFO server.AbstractConnector: Started ServerConnector@644ded04{HTTP/1.1,[http/1.1]}{0.0.0.0:9876}
s3g_1       | 	at org.eclipse.jetty.server.Server.handle(Server.java:539)
datanode_2  | 2019-11-13 12:33:37,126 INFO server.RaftServerConfigKeys: raft.server.log.statemachine.data.sync = true (default)
om2_1       | 2019-11-13 12:33:37,019 WARN scm.HddsServerUtil: Storage directory for Ratis is not configured. It is a good idea to map this to an SSD disk. Falling back to ozone.metadata.dirs
datanode_1  | 2019-11-13 12:33:36,587 INFO server.RaftServerConfigKeys: raft.server.log.queue.element-limit = 1024 (custom)
om1_1       | 2019-11-13 12:33:37,220 INFO server.RaftServerConfigKeys: raft.server.rpc.timeout.max = 1200ms (custom)
om3_1       | 2019-11-13 12:33:37,100 INFO server.RaftServerConfigKeys: raft.server.storage.dir = [/data/metadata/ratis] (custom)
datanode_3  | 2019-11-13 12:33:37,602 INFO server.RaftServerConfigKeys: raft.server.log.statemachine.data.sync.timeout = 10s (default)
scm_1       | 2019-11-13 12:33:33,318 INFO server.Server: Started @3519ms
s3g_1       | 	at org.eclipse.jetty.server.HttpChannel.handle(HttpChannel.java:333)
datanode_2  | 2019-11-13 12:33:37,126 INFO server.RaftServerConfigKeys: raft.server.log.statemachine.data.sync.timeout = 10s (default)
om2_1       | 2019-11-13 12:33:37,023 INFO snapshot.OzoneManagerSnapshotProvider: Initializing OM Snapshot Provider
datanode_1  | 2019-11-13 12:33:36,588 INFO server.RaftServerConfigKeys: raft.server.log.segment.size.max = 1048576 (custom)
om1_1       | 2019-11-13 12:33:37,220 INFO server.RaftServerConfigKeys: raft.server.rpcslowness.timeout = 120s (custom)
om3_1       | 2019-11-13 12:33:37,105 INFO server.RaftServerConfigKeys: raft.server.log.corruption.policy = EXCEPTION (default)
datanode_3  | 2019-11-13 12:33:37,602 INFO server.RaftServerConfigKeys: raft.server.log.statemachine.data.sync.timeout.retry = -1 (default)
scm_1       | 2019-11-13 12:33:33,321 INFO impl.MetricsSinkAdapter: Sink prometheus started
s3g_1       | 	at org.eclipse.jetty.server.HttpConnection.onFillable(HttpConnection.java:251)
om2_1       | 2019-11-13 12:33:37,031 INFO impl.RaftServerImpl: om2: new RaftServerImpl for group-562213E44849:[om1:om1:9872, om3:om3:9872, om2:om2:9872] with OzoneManagerStateMachine:uninitialized
datanode_2  | 2019-11-13 12:33:37,127 INFO server.RaftServerConfigKeys: raft.server.log.statemachine.data.sync.timeout.retry = -1 (default)
datanode_1  | 2019-11-13 12:33:36,589 INFO server.RaftServerConfigKeys: raft.server.log.preallocated.size = 16384 (custom)
om1_1       | 2019-11-13 12:33:37,221 INFO server.RaftServerConfigKeys: raft.server.sleep.deviation.threshold = 300 (default)
om3_1       | 2019-11-13 12:33:37,107 INFO storage.RaftStorageDirectory: The storage directory /data/metadata/ratis/fafe1b60-c241-37cc-98f4-562213e44849 does not exist. Creating ...
datanode_3  | 2019-11-13 12:33:37,608 INFO server.RaftServerConfigKeys: raft.server.log.statemachine.data.caching.enabled = true (custom)
scm_1       | 2019-11-13 12:33:33,321 INFO impl.MetricsSystemImpl: Registered sink prometheus
s3g_1       | 	at org.eclipse.jetty.io.AbstractConnection$ReadCallback.succeeded(AbstractConnection.java:283)
om2_1       | 2019-11-13 12:33:37,044 INFO server.RaftServerConfigKeys: raft.server.rpc.timeout.min = 1s (custom)
datanode_2  | 2019-11-13 12:33:37,134 INFO server.RaftServerConfigKeys: raft.server.log.statemachine.data.caching.enabled = true (custom)
datanode_1  | 2019-11-13 12:33:36,589 INFO server.RaftServerConfigKeys: raft.server.log.write.buffer.size = 33554432 (custom)
om1_1       | 2019-11-13 12:33:37,222 INFO server.RaftServerConfigKeys: raft.server.log.appender.install.snapshot.enabled = false (custom)
om3_1       | 2019-11-13 12:33:37,123 INFO ipc.CallQueueManager: Using callQueue: class java.util.concurrent.LinkedBlockingQueue, queueCapacity: 2000, scheduler: class org.apache.hadoop.ipc.DefaultRpcScheduler, ipcBackoff: false.
datanode_3  | 2019-11-13 12:33:37,612 INFO segmented.SegmentedRaftLogWorker: 039af59a-f19c-45bb-9145-4630e6166510@group-8DDD5DE5FD42-SegmentedRaftLogWorker: flushIndex: setUnconditionally 0 -> -1
scm_1       | 2019-11-13 12:33:33,323 INFO server.BaseHttpServer: HTTP server of SCM is listening at http://0.0.0.0:9876
s3g_1       | 	at org.eclipse.jetty.io.FillInterest.fillable(FillInterest.java:108)
om2_1       | 2019-11-13 12:33:37,045 INFO server.RaftServerConfigKeys: raft.server.rpc.timeout.max = 1200ms (custom)
datanode_2  | 2019-11-13 12:33:37,142 INFO segmented.SegmentedRaftLogWorker: 8dff35d6-b797-40d2-8acc-6895b9d15427@group-AD5471395C91-SegmentedRaftLogWorker: flushIndex: setUnconditionally 0 -> -1
datanode_1  | 2019-11-13 12:33:36,590 INFO server.RaftServerConfigKeys: raft.server.log.force.sync.num = 128 (default)
om1_1       | 2019-11-13 12:33:37,227 INFO impl.RaftServerImpl: om1@group-562213E44849: ConfigurationManager, init=-1: [om1:om1:9872, om3:om3:9872, om2:om2:9872], old=null, confs=<EMPTY_MAP>
om3_1       | 2019-11-13 12:33:37,132 INFO ipc.Server: Starting Socket Reader #1 for port 9862
datanode_3  | 2019-11-13 12:33:37,615 INFO server.RaftServerConfigKeys: raft.server.snapshot.auto.trigger.enabled = true (custom)
scm_1       | 2019-11-13 12:33:33,330 INFO util.JvmPauseMonitor: Starting JVM pause monitor
om2_1       | 2019-11-13 12:33:37,045 INFO server.RaftServerConfigKeys: raft.server.rpcslowness.timeout = 120s (custom)
s3g_1       | 	at org.eclipse.jetty.io.SelectChannelEndPoint$2.run(SelectChannelEndPoint.java:93)
datanode_2  | 2019-11-13 12:33:37,146 INFO server.RaftServerConfigKeys: raft.server.snapshot.auto.trigger.enabled = true (custom)
datanode_1  | 2019-11-13 12:33:36,590 INFO server.RaftServerConfigKeys: raft.server.log.statemachine.data.sync = true (default)
om3_1       | 2019-11-13 12:33:37,138 INFO storage.RaftStorageDirectory: Lock on /data/metadata/ratis/fafe1b60-c241-37cc-98f4-562213e44849/in_use.lock acquired by nodename 7@c5dfba039c42
datanode_3  | 2019-11-13 12:33:37,616 INFO server.RaftServerConfigKeys: raft.server.snapshot.auto.trigger.threshold = 10000 (custom)
scm_1       | 2019-11-13 12:33:35,554 INFO net.NetworkTopology: Added a new node: /default-rack/b80dcb6e-dde2-4831-aaff-09e56546270f
om1_1       | 2019-11-13 12:33:37,227 INFO server.RaftServerConfigKeys: raft.server.storage.dir = [/data/metadata/ratis] (custom)
om2_1       | 2019-11-13 12:33:37,045 INFO server.RaftServerConfigKeys: raft.server.sleep.deviation.threshold = 300 (default)
s3g_1       | 	at org.eclipse.jetty.util.thread.strategy.ExecuteProduceConsume.executeProduceConsume(ExecuteProduceConsume.java:303)
datanode_2  | 2019-11-13 12:33:37,147 INFO server.RaftServerConfigKeys: raft.server.snapshot.auto.trigger.threshold = 10000 (custom)
datanode_1  | 2019-11-13 12:33:36,590 INFO server.RaftServerConfigKeys: raft.server.log.statemachine.data.sync.timeout = 10s (default)
om3_1       | 2019-11-13 12:33:37,169 INFO om.OzoneManager: OzoneManager RPC server is listening at om3/172.18.0.7:9862
datanode_3  | 2019-11-13 12:33:37,616 INFO server.RaftServerConfigKeys: raft.server.snapshot.retention.file.num = 5 (custom)
om2_1       | 2019-11-13 12:33:37,046 INFO server.RaftServerConfigKeys: raft.server.log.appender.install.snapshot.enabled = false (custom)
om1_1       | 2019-11-13 12:33:37,232 INFO server.RaftServerConfigKeys: raft.server.log.corruption.policy = EXCEPTION (default)
s3g_1       | 	at org.eclipse.jetty.util.thread.strategy.ExecuteProduceConsume.produceConsume(ExecuteProduceConsume.java:148)
datanode_2  | 2019-11-13 12:33:37,147 INFO server.RaftServerConfigKeys: raft.server.snapshot.retention.file.num = 5 (custom)
datanode_1  | 2019-11-13 12:33:36,591 INFO server.RaftServerConfigKeys: raft.server.log.statemachine.data.sync.timeout.retry = -1 (default)
scm_1       | 2019-11-13 12:33:35,554 INFO node.SCMNodeManager: Registered Data node : b80dcb6e-dde2-4831-aaff-09e56546270f{ip: 172.18.0.4, host: ozone-om-ha-s3_datanode_1.ozone-om-ha-s3_default, networkLocation: /default-rack, certSerialId: null}
om3_1       | 2019-11-13 12:33:37,209 INFO storage.RaftStorage: Storage directory /data/metadata/ratis/fafe1b60-c241-37cc-98f4-562213e44849 has been successfully formatted.
datanode_3  | 2019-11-13 12:33:37,617 INFO server.RaftServerConfigKeys: raft.server.retrycache.expirytime = 600000ms (custom)
om2_1       | 2019-11-13 12:33:37,052 INFO impl.RaftServerImpl: om2@group-562213E44849: ConfigurationManager, init=-1: [om1:om1:9872, om3:om3:9872, om2:om2:9872], old=null, confs=<EMPTY_MAP>
om1_1       | 2019-11-13 12:33:37,234 INFO storage.RaftStorageDirectory: The storage directory /data/metadata/ratis/fafe1b60-c241-37cc-98f4-562213e44849 does not exist. Creating ...
s3g_1       | 	at org.eclipse.jetty.util.thread.strategy.ExecuteProduceConsume.run(ExecuteProduceConsume.java:136)
datanode_2  | 2019-11-13 12:33:37,147 INFO server.RaftServerConfigKeys: raft.server.retrycache.expirytime = 600000ms (custom)
datanode_1  | 2019-11-13 12:33:36,598 INFO server.RaftServerConfigKeys: raft.server.log.statemachine.data.caching.enabled = true (custom)
scm_1       | 2019-11-13 12:33:35,565 INFO safemode.SCMSafeModeManager: SCM in safe mode. 1 DataNodes registered, 1 required.
datanode_3  | 2019-11-13 12:33:37,631 WARN impl.MetricRegistriesImpl: First MetricRegistry has been created without registering reporters. You may need to call MetricRegistries.global().addReportRegistration(...) before.
om3_1       | 2019-11-13 12:33:37,213 INFO server.RaftServerConfigKeys: raft.server.notification.no-leader.timeout = 120s (custom)
om2_1       | 2019-11-13 12:33:37,053 INFO server.RaftServerConfigKeys: raft.server.storage.dir = [/data/metadata/ratis] (custom)
om1_1       | 2019-11-13 12:33:37,252 INFO ipc.CallQueueManager: Using callQueue: class java.util.concurrent.LinkedBlockingQueue, queueCapacity: 2000, scheduler: class org.apache.hadoop.ipc.DefaultRpcScheduler, ipcBackoff: false.
s3g_1       | 	at org.eclipse.jetty.util.thread.QueuedThreadPool.runJob(QueuedThreadPool.java:671)
datanode_2  | 2019-11-13 12:33:37,160 WARN impl.MetricRegistriesImpl: First MetricRegistry has been created without registering reporters. You may need to call MetricRegistries.global().addReportRegistration(...) before.
datanode_1  | 2019-11-13 12:33:36,603 INFO segmented.SegmentedRaftLogWorker: b80dcb6e-dde2-4831-aaff-09e56546270f@group-E2DEC0325557-SegmentedRaftLogWorker: flushIndex: setUnconditionally 0 -> -1
scm_1       | 2019-11-13 12:33:35,569 INFO safemode.SCMSafeModeManager: ScmSafeModeManager, all rules are successfully validated
datanode_3  | 2019-11-13 12:33:37,633 WARN impl.MetricRegistriesImpl: First MetricRegistry has been created without registering reporters. You may need to call MetricRegistries.global().addReportRegistration(...) before.
om3_1       | 2019-11-13 12:33:37,216 INFO server.RaftServerConfigKeys: raft.server.log.use.memory = false (default)
om2_1       | 2019-11-13 12:33:37,057 INFO server.RaftServerConfigKeys: raft.server.log.corruption.policy = EXCEPTION (default)
datanode_2  | 2019-11-13 12:33:37,162 WARN impl.MetricRegistriesImpl: First MetricRegistry has been created without registering reporters. You may need to call MetricRegistries.global().addReportRegistration(...) before.
datanode_1  | 2019-11-13 12:33:36,607 INFO server.RaftServerConfigKeys: raft.server.snapshot.auto.trigger.enabled = true (custom)
om1_1       | 2019-11-13 12:33:37,260 INFO ipc.Server: Starting Socket Reader #1 for port 9862
s3g_1       | 	at org.eclipse.jetty.util.thread.QueuedThreadPool$2.run(QueuedThreadPool.java:589)
scm_1       | 2019-11-13 12:33:35,570 INFO safemode.SCMSafeModeManager: SCM exiting safe mode.
datanode_3  | 2019-11-13 12:33:37,634 INFO impl.RaftServerImpl: 039af59a-f19c-45bb-9145-4630e6166510@group-8DDD5DE5FD42: start as a follower, conf=-1: [039af59a-f19c-45bb-9145-4630e6166510:172.18.0.8:9858], old=null
om3_1       | 2019-11-13 12:33:37,222 INFO server.RaftServerConfigKeys: raft.server.log.purge.gap = 1000000 (custom)
om2_1       | 2019-11-13 12:33:37,059 INFO storage.RaftStorageDirectory: The storage directory /data/metadata/ratis/fafe1b60-c241-37cc-98f4-562213e44849 does not exist. Creating ...
datanode_2  | 2019-11-13 12:33:37,163 INFO impl.RaftServerImpl: 8dff35d6-b797-40d2-8acc-6895b9d15427@group-AD5471395C91: start as a follower, conf=-1: [8dff35d6-b797-40d2-8acc-6895b9d15427:172.18.0.9:9858], old=null
datanode_1  | 2019-11-13 12:33:36,607 INFO server.RaftServerConfigKeys: raft.server.snapshot.auto.trigger.threshold = 10000 (custom)
om1_1       | 2019-11-13 12:33:37,260 INFO storage.RaftStorageDirectory: Lock on /data/metadata/ratis/fafe1b60-c241-37cc-98f4-562213e44849/in_use.lock acquired by nodename 7@a1d2f5d7e874
s3g_1       | 	at java.base/java.lang.Thread.run(Thread.java:834)
scm_1       | 2019-11-13 12:33:36,002 INFO net.NetworkTopology: Added a new node: /default-rack/8dff35d6-b797-40d2-8acc-6895b9d15427
datanode_3  | 2019-11-13 12:33:37,635 INFO impl.RaftServerImpl: 039af59a-f19c-45bb-9145-4630e6166510@group-8DDD5DE5FD42: changes role from      null to FOLLOWER at term 0 for startAsFollower
om3_1       | 2019-11-13 12:33:37,222 INFO server.RaftServerConfigKeys: raft.server.log.appender.buffer.byte-limit = 33554432 (custom)
datanode_2  | 2019-11-13 12:33:37,164 INFO impl.RaftServerImpl: 8dff35d6-b797-40d2-8acc-6895b9d15427@group-AD5471395C91: changes role from      null to FOLLOWER at term 0 for startAsFollower
om2_1       | 2019-11-13 12:33:37,082 INFO ipc.CallQueueManager: Using callQueue: class java.util.concurrent.LinkedBlockingQueue, queueCapacity: 2000, scheduler: class org.apache.hadoop.ipc.DefaultRpcScheduler, ipcBackoff: false.
datanode_1  | 2019-11-13 12:33:36,608 INFO server.RaftServerConfigKeys: raft.server.snapshot.retention.file.num = 5 (custom)
om1_1       | 2019-11-13 12:33:37,296 INFO storage.RaftStorage: Storage directory /data/metadata/ratis/fafe1b60-c241-37cc-98f4-562213e44849 has been successfully formatted.
s3g_1       | 2019-11-13 12:34:31,522 INFO endpoint.BucketEndpoint: Location is /bucket-56068
scm_1       | 2019-11-13 12:33:36,002 INFO node.SCMNodeManager: Registered Data node : 8dff35d6-b797-40d2-8acc-6895b9d15427{ip: 172.18.0.9, host: ozone-om-ha-s3_datanode_2.ozone-om-ha-s3_default, networkLocation: /default-rack, certSerialId: null}
datanode_3  | 2019-11-13 12:33:37,636 INFO impl.RoleInfo: 039af59a-f19c-45bb-9145-4630e6166510: start FollowerState
om3_1       | 2019-11-13 12:33:37,224 INFO server.RaftServerConfigKeys: raft.server.log.segment.size.max = 16384 (custom)
datanode_2  | 2019-11-13 12:33:37,165 INFO impl.RoleInfo: 8dff35d6-b797-40d2-8acc-6895b9d15427: start FollowerState
datanode_1  | 2019-11-13 12:33:36,608 INFO server.RaftServerConfigKeys: raft.server.retrycache.expirytime = 600000ms (custom)
om1_1       | 2019-11-13 12:33:37,296 INFO om.OzoneManager: OzoneManager RPC server is listening at om1/172.18.0.3:9862
s3g_1       | 2019-11-13 12:34:35,432 INFO endpoint.BucketEndpoint: Location is /bucket-25451
om2_1       | 2019-11-13 12:33:37,092 INFO storage.RaftStorageDirectory: Lock on /data/metadata/ratis/fafe1b60-c241-37cc-98f4-562213e44849/in_use.lock acquired by nodename 7@c6dc7bbb947c
scm_1       | 2019-11-13 12:33:36,041 INFO net.NetworkTopology: Added a new node: /default-rack/039af59a-f19c-45bb-9145-4630e6166510
datanode_3  | 2019-11-13 12:33:37,639 INFO util.JmxRegister: Successfully registered JMX Bean with object name Ratis:service=RaftServer,group=group-8DDD5DE5FD42,id=039af59a-f19c-45bb-9145-4630e6166510
om3_1       | 2019-11-13 12:33:37,230 INFO metrics.MetricRegistries: Loaded MetricRegistries class org.apache.ratis.metrics.impl.MetricRegistriesImpl
datanode_2  | 2019-11-13 12:33:37,168 INFO util.JmxRegister: Successfully registered JMX Bean with object name Ratis:service=RaftServer,group=group-AD5471395C91,id=8dff35d6-b797-40d2-8acc-6895b9d15427
datanode_1  | 2019-11-13 12:33:36,623 WARN impl.MetricRegistriesImpl: First MetricRegistry has been created without registering reporters. You may need to call MetricRegistries.global().addReportRegistration(...) before.
om1_1       | 2019-11-13 12:33:37,302 INFO server.RaftServerConfigKeys: raft.server.notification.no-leader.timeout = 120s (custom)
s3g_1       | 2019-11-13 12:34:37,618 INFO io.BlockOutputStreamEntryPool: Allocating block with ExcludeList {datanodes = [], containerIds = [], pipelineIds = []}
scm_1       | 2019-11-13 12:33:36,042 INFO node.SCMNodeManager: Registered Data node : 039af59a-f19c-45bb-9145-4630e6166510{ip: 172.18.0.8, host: ozone-om-ha-s3_datanode_3.ozone-om-ha-s3_default, networkLocation: /default-rack, certSerialId: null}
datanode_3  | 2019-11-13 12:33:37,640 WARN impl.MetricRegistriesImpl: First MetricRegistry has been created without registering reporters. You may need to call MetricRegistries.global().addReportRegistration(...) before.
om3_1       | 2019-11-13 12:33:37,234 WARN impl.MetricRegistriesImpl: First MetricRegistry has been created without registering reporters. You may need to call MetricRegistries.global().addReportRegistration(...) before.
datanode_2  | 2019-11-13 12:33:37,169 WARN impl.MetricRegistriesImpl: First MetricRegistry has been created without registering reporters. You may need to call MetricRegistries.global().addReportRegistration(...) before.
datanode_1  | 2019-11-13 12:33:36,625 WARN impl.MetricRegistriesImpl: First MetricRegistry has been created without registering reporters. You may need to call MetricRegistries.global().addReportRegistration(...) before.
om1_1       | 2019-11-13 12:33:37,305 INFO server.RaftServerConfigKeys: raft.server.log.use.memory = false (default)
om2_1       | 2019-11-13 12:33:37,092 INFO ipc.Server: Starting Socket Reader #1 for port 9862
s3g_1       | 2019-11-13 12:34:38,929 INFO io.BlockOutputStreamEntryPool: Allocating block with ExcludeList {datanodes = [], containerIds = [], pipelineIds = []}
scm_1       | WARNING: An illegal reflective access operation has occurred
datanode_3  | 2019-11-13 12:33:37,753 INFO impl.RaftServerProxy: 039af59a-f19c-45bb-9145-4630e6166510: addNew group-F488E59D8295:[039af59a-f19c-45bb-9145-4630e6166510:172.18.0.8:9858, b80dcb6e-dde2-4831-aaff-09e56546270f:172.18.0.4:9858, 8dff35d6-b797-40d2-8acc-6895b9d15427:172.18.0.9:9858] returns group-F488E59D8295:java.util.concurrent.CompletableFuture@55514345[Not completed]
om3_1       | 2019-11-13 12:33:37,239 INFO server.RaftServerConfigKeys: raft.server.log.segment.cache.num.max = 2 (custom)
datanode_2  | 2019-11-13 12:33:37,739 INFO impl.RaftServerProxy: 8dff35d6-b797-40d2-8acc-6895b9d15427: addNew group-F488E59D8295:[039af59a-f19c-45bb-9145-4630e6166510:172.18.0.8:9858, b80dcb6e-dde2-4831-aaff-09e56546270f:172.18.0.4:9858, 8dff35d6-b797-40d2-8acc-6895b9d15427:172.18.0.9:9858] returns group-F488E59D8295:java.util.concurrent.CompletableFuture@53eadf2d[Not completed]
datanode_1  | 2019-11-13 12:33:36,626 INFO impl.RaftServerImpl: b80dcb6e-dde2-4831-aaff-09e56546270f@group-E2DEC0325557: start as a follower, conf=-1: [b80dcb6e-dde2-4831-aaff-09e56546270f:172.18.0.4:9858], old=null
om1_1       | 2019-11-13 12:33:37,311 INFO server.RaftServerConfigKeys: raft.server.log.purge.gap = 1000000 (custom)
om2_1       | 2019-11-13 12:33:37,118 INFO storage.RaftStorage: Storage directory /data/metadata/ratis/fafe1b60-c241-37cc-98f4-562213e44849 has been successfully formatted.
s3g_1       | 2019-11-13 12:34:43,180 INFO io.BlockOutputStreamEntryPool: Allocating block with ExcludeList {datanodes = [], containerIds = [], pipelineIds = []}
scm_1       | WARNING: Illegal reflective access by org.apache.ratis.thirdparty.com.google.protobuf.UnsafeUtil (file:/opt/hadoop/share/ozone/lib/ratis-thirdparty-misc-0.2.0.jar) to field java.nio.Buffer.address
datanode_3  | 2019-11-13 12:33:37,755 INFO impl.RaftServerImpl: 039af59a-f19c-45bb-9145-4630e6166510: new RaftServerImpl for group-F488E59D8295:[039af59a-f19c-45bb-9145-4630e6166510:172.18.0.8:9858, b80dcb6e-dde2-4831-aaff-09e56546270f:172.18.0.4:9858, 8dff35d6-b797-40d2-8acc-6895b9d15427:172.18.0.9:9858] with ContainerStateMachine:uninitialized
om3_1       | 2019-11-13 12:33:37,243 INFO segmented.SegmentedRaftLogWorker: new om3@group-562213E44849-SegmentedRaftLogWorker for RaftStorage:Storage Directory /data/metadata/ratis/fafe1b60-c241-37cc-98f4-562213e44849
datanode_2  | 2019-11-13 12:33:37,742 INFO impl.RaftServerImpl: 8dff35d6-b797-40d2-8acc-6895b9d15427: new RaftServerImpl for group-F488E59D8295:[039af59a-f19c-45bb-9145-4630e6166510:172.18.0.8:9858, b80dcb6e-dde2-4831-aaff-09e56546270f:172.18.0.4:9858, 8dff35d6-b797-40d2-8acc-6895b9d15427:172.18.0.9:9858] with ContainerStateMachine:uninitialized
om1_1       | 2019-11-13 12:33:37,311 INFO server.RaftServerConfigKeys: raft.server.log.appender.buffer.byte-limit = 33554432 (custom)
datanode_1  | 2019-11-13 12:33:36,627 INFO impl.RaftServerImpl: b80dcb6e-dde2-4831-aaff-09e56546270f@group-E2DEC0325557: changes role from      null to FOLLOWER at term 0 for startAsFollower
om2_1       | 2019-11-13 12:33:37,122 INFO server.RaftServerConfigKeys: raft.server.notification.no-leader.timeout = 120s (custom)
s3g_1       | 2019-11-13 12:34:44,145 INFO io.BlockOutputStreamEntryPool: Allocating block with ExcludeList {datanodes = [], containerIds = [], pipelineIds = []}
scm_1       | WARNING: Please consider reporting this to the maintainers of org.apache.ratis.thirdparty.com.google.protobuf.UnsafeUtil
datanode_3  | 2019-11-13 12:33:37,755 INFO server.RaftServerConfigKeys: raft.server.rpc.timeout.min = 5s (custom)
om3_1       | 2019-11-13 12:33:37,243 INFO server.RaftServerConfigKeys: raft.server.log.queue.byte-limit = 64MB (=67108864) (default)
datanode_2  | 2019-11-13 12:33:37,742 INFO server.RaftServerConfigKeys: raft.server.rpc.timeout.min = 5s (custom)
om1_1       | 2019-11-13 12:33:37,313 INFO server.RaftServerConfigKeys: raft.server.log.segment.size.max = 16384 (custom)
datanode_1  | 2019-11-13 12:33:36,628 INFO impl.RoleInfo: b80dcb6e-dde2-4831-aaff-09e56546270f: start FollowerState
om2_1       | 2019-11-13 12:33:37,126 INFO server.RaftServerConfigKeys: raft.server.log.use.memory = false (default)
s3g_1       | 2019-11-13 12:34:49,839 INFO io.BlockOutputStreamEntryPool: Allocating block with ExcludeList {datanodes = [], containerIds = [], pipelineIds = []}
scm_1       | WARNING: Use --illegal-access=warn to enable warnings of further illegal reflective access operations
datanode_3  | 2019-11-13 12:33:37,756 INFO server.RaftServerConfigKeys: raft.server.rpc.timeout.max = 5200ms (custom)
om3_1       | 2019-11-13 12:33:37,243 INFO server.RaftServerConfigKeys: raft.server.log.queue.element-limit = 4096 (default)
datanode_2  | 2019-11-13 12:33:37,742 INFO server.RaftServerConfigKeys: raft.server.rpc.timeout.max = 5200ms (custom)
om1_1       | 2019-11-13 12:33:37,318 INFO metrics.MetricRegistries: Loaded MetricRegistries class org.apache.ratis.metrics.impl.MetricRegistriesImpl
datanode_1  | 2019-11-13 12:33:36,631 INFO util.JmxRegister: Successfully registered JMX Bean with object name Ratis:service=RaftServer,group=group-E2DEC0325557,id=b80dcb6e-dde2-4831-aaff-09e56546270f
om2_1       | 2019-11-13 12:33:37,127 INFO om.OzoneManager: OzoneManager RPC server is listening at om2/172.18.0.2:9862
s3g_1       | 2019-11-13 12:34:50,687 INFO io.BlockOutputStreamEntryPool: Allocating block with ExcludeList {datanodes = [], containerIds = [], pipelineIds = []}
scm_1       | WARNING: All illegal access operations will be denied in a future release
datanode_3  | 2019-11-13 12:33:37,756 INFO server.RaftServerConfigKeys: raft.server.rpcslowness.timeout = 120s (custom)
om3_1       | 2019-11-13 12:33:37,244 INFO server.RaftServerConfigKeys: raft.server.log.segment.size.max = 16384 (custom)
datanode_2  | 2019-11-13 12:33:37,742 INFO server.RaftServerConfigKeys: raft.server.rpcslowness.timeout = 120s (custom)
om1_1       | 2019-11-13 12:33:37,322 WARN impl.MetricRegistriesImpl: First MetricRegistry has been created without registering reporters. You may need to call MetricRegistries.global().addReportRegistration(...) before.
datanode_1  | 2019-11-13 12:33:36,633 WARN impl.MetricRegistriesImpl: First MetricRegistry has been created without registering reporters. You may need to call MetricRegistries.global().addReportRegistration(...) before.
om2_1       | 2019-11-13 12:33:37,132 INFO server.RaftServerConfigKeys: raft.server.log.purge.gap = 1000000 (custom)
s3g_1       | 2019-11-13 12:34:51,557 ERROR endpoint.ObjectEndpoint: Error in Complete Multipart Upload Request for bucket: bucket-25451, key: multipartKey2
scm_1       | 2019-11-13 12:33:36,723 INFO pipeline.PipelineStateManager: Created pipeline Pipeline[ Id: 3669f41d-e48e-44ef-8089-e2dec0325557, Nodes: b80dcb6e-dde2-4831-aaff-09e56546270f{ip: 172.18.0.4, host: ozone-om-ha-s3_datanode_1.ozone-om-ha-s3_default, networkLocation: /default-rack, certSerialId: null}, Type:RATIS, Factor:ONE, State:OPEN]
datanode_3  | 2019-11-13 12:33:37,756 INFO server.RaftServerConfigKeys: raft.server.sleep.deviation.threshold = 300 (default)
om3_1       | 2019-11-13 12:33:37,245 INFO server.RaftServerConfigKeys: raft.server.log.preallocated.size = 16384 (custom)
om1_1       | 2019-11-13 12:33:37,326 INFO server.RaftServerConfigKeys: raft.server.log.segment.cache.num.max = 2 (custom)
datanode_2  | 2019-11-13 12:33:37,742 INFO server.RaftServerConfigKeys: raft.server.sleep.deviation.threshold = 300 (default)
datanode_1  | 2019-11-13 12:33:37,766 INFO impl.RaftServerProxy: b80dcb6e-dde2-4831-aaff-09e56546270f: addNew group-F488E59D8295:[039af59a-f19c-45bb-9145-4630e6166510:172.18.0.8:9858, b80dcb6e-dde2-4831-aaff-09e56546270f:172.18.0.4:9858, 8dff35d6-b797-40d2-8acc-6895b9d15427:172.18.0.9:9858] returns group-F488E59D8295:java.util.concurrent.CompletableFuture@5b96c26c[Not completed]
om2_1       | 2019-11-13 12:33:37,132 INFO server.RaftServerConfigKeys: raft.server.log.appender.buffer.byte-limit = 33554432 (custom)
s3g_1       | ENTITY_TOO_SMALL org.apache.hadoop.ozone.om.exceptions.OMException: Complete Multipart Upload Failed: Entity too small: volume: s37c35ba70126b04fca007e4dbfab9c47cbucket: bucket-25451key: multipartKey2
scm_1       | 2019-11-13 12:33:37,213 INFO pipeline.PipelineStateManager: Created pipeline Pipeline[ Id: ba7be37e-b24c-427f-a39c-ad5471395c91, Nodes: 8dff35d6-b797-40d2-8acc-6895b9d15427{ip: 172.18.0.9, host: ozone-om-ha-s3_datanode_2.ozone-om-ha-s3_default, networkLocation: /default-rack, certSerialId: null}, Type:RATIS, Factor:ONE, State:OPEN]
datanode_3  | 2019-11-13 12:33:37,756 INFO server.RaftServerConfigKeys: raft.server.log.appender.install.snapshot.enabled = false (custom)
om3_1       | 2019-11-13 12:33:37,245 INFO server.RaftServerConfigKeys: raft.server.log.write.buffer.size = 64KB (=65536) (default)
om1_1       | 2019-11-13 12:33:37,332 INFO segmented.SegmentedRaftLogWorker: new om1@group-562213E44849-SegmentedRaftLogWorker for RaftStorage:Storage Directory /data/metadata/ratis/fafe1b60-c241-37cc-98f4-562213e44849
datanode_2  | 2019-11-13 12:33:37,742 INFO server.RaftServerConfigKeys: raft.server.log.appender.install.snapshot.enabled = false (custom)
datanode_1  | 2019-11-13 12:33:37,768 INFO impl.RaftServerImpl: b80dcb6e-dde2-4831-aaff-09e56546270f: new RaftServerImpl for group-F488E59D8295:[039af59a-f19c-45bb-9145-4630e6166510:172.18.0.8:9858, b80dcb6e-dde2-4831-aaff-09e56546270f:172.18.0.4:9858, 8dff35d6-b797-40d2-8acc-6895b9d15427:172.18.0.9:9858] with ContainerStateMachine:uninitialized
om2_1       | 2019-11-13 12:33:37,135 INFO server.RaftServerConfigKeys: raft.server.log.segment.size.max = 16384 (custom)
s3g_1       | 	at org.apache.hadoop.ozone.om.protocolPB.OzoneManagerProtocolClientSideTranslatorPB.handleError(OzoneManagerProtocolClientSideTranslatorPB.java:758)
scm_1       | 2019-11-13 12:33:37,700 INFO pipeline.PipelineStateManager: Created pipeline Pipeline[ Id: 8b4dde8c-b75e-4713-a6fe-8ddd5de5fd42, Nodes: 039af59a-f19c-45bb-9145-4630e6166510{ip: 172.18.0.8, host: ozone-om-ha-s3_datanode_3.ozone-om-ha-s3_default, networkLocation: /default-rack, certSerialId: null}, Type:RATIS, Factor:ONE, State:OPEN]
datanode_3  | 2019-11-13 12:33:37,756 INFO impl.RaftServerImpl: 039af59a-f19c-45bb-9145-4630e6166510@group-F488E59D8295: ConfigurationManager, init=-1: [039af59a-f19c-45bb-9145-4630e6166510:172.18.0.8:9858, b80dcb6e-dde2-4831-aaff-09e56546270f:172.18.0.4:9858, 8dff35d6-b797-40d2-8acc-6895b9d15427:172.18.0.9:9858], old=null, confs=<EMPTY_MAP>
om3_1       | 2019-11-13 12:33:37,245 INFO server.RaftServerConfigKeys: raft.server.log.force.sync.num = 128 (default)
om1_1       | 2019-11-13 12:33:37,332 INFO server.RaftServerConfigKeys: raft.server.log.queue.byte-limit = 64MB (=67108864) (default)
datanode_2  | 2019-11-13 12:33:37,742 INFO impl.RaftServerImpl: 8dff35d6-b797-40d2-8acc-6895b9d15427@group-F488E59D8295: ConfigurationManager, init=-1: [039af59a-f19c-45bb-9145-4630e6166510:172.18.0.8:9858, b80dcb6e-dde2-4831-aaff-09e56546270f:172.18.0.4:9858, 8dff35d6-b797-40d2-8acc-6895b9d15427:172.18.0.9:9858], old=null, confs=<EMPTY_MAP>
datanode_1  | 2019-11-13 12:33:37,768 INFO server.RaftServerConfigKeys: raft.server.rpc.timeout.min = 5s (custom)
om2_1       | 2019-11-13 12:33:37,141 INFO metrics.MetricRegistries: Loaded MetricRegistries class org.apache.ratis.metrics.impl.MetricRegistriesImpl
s3g_1       | 	at org.apache.hadoop.ozone.om.protocolPB.OzoneManagerProtocolClientSideTranslatorPB.completeMultipartUpload(OzoneManagerProtocolClientSideTranslatorPB.java:1130)
scm_1       | 2019-11-13 12:33:37,823 INFO pipeline.PipelineStateManager: Created pipeline Pipeline[ Id: a5446fa1-e04b-4c01-8b7f-f488e59d8295, Nodes: b80dcb6e-dde2-4831-aaff-09e56546270f{ip: 172.18.0.4, host: ozone-om-ha-s3_datanode_1.ozone-om-ha-s3_default, networkLocation: /default-rack, certSerialId: null}8dff35d6-b797-40d2-8acc-6895b9d15427{ip: 172.18.0.9, host: ozone-om-ha-s3_datanode_2.ozone-om-ha-s3_default, networkLocation: /default-rack, certSerialId: null}039af59a-f19c-45bb-9145-4630e6166510{ip: 172.18.0.8, host: ozone-om-ha-s3_datanode_3.ozone-om-ha-s3_default, networkLocation: /default-rack, certSerialId: null}, Type:RATIS, Factor:THREE, State:OPEN]
om3_1       | 2019-11-13 12:33:37,247 INFO server.RaftServerConfigKeys: raft.server.log.statemachine.data.sync = true (default)
datanode_3  | 2019-11-13 12:33:37,756 INFO server.RaftServerConfigKeys: raft.server.storage.dir = [/data/metadata/ratis] (custom)
om1_1       | 2019-11-13 12:33:37,333 INFO server.RaftServerConfigKeys: raft.server.log.queue.element-limit = 4096 (default)
datanode_2  | 2019-11-13 12:33:37,743 INFO server.RaftServerConfigKeys: raft.server.storage.dir = [/data/metadata/ratis] (custom)
datanode_1  | 2019-11-13 12:33:37,768 INFO server.RaftServerConfigKeys: raft.server.rpc.timeout.max = 5200ms (custom)
om2_1       | 2019-11-13 12:33:37,146 WARN impl.MetricRegistriesImpl: First MetricRegistry has been created without registering reporters. You may need to call MetricRegistries.global().addReportRegistration(...) before.
s3g_1       | 	at java.base/jdk.internal.reflect.NativeMethodAccessorImpl.invoke0(Native Method)
scm_1       | 2019-11-13 12:35:37,609 INFO server.SCMBlockProtocolServer: SCM is informed by OM to delete 4 blocks
om3_1       | 2019-11-13 12:33:37,247 INFO server.RaftServerConfigKeys: raft.server.log.statemachine.data.sync.timeout = 10s (default)
datanode_3  | 2019-11-13 12:33:37,757 INFO server.RaftServerConfigKeys: raft.server.log.corruption.policy = EXCEPTION (default)
om1_1       | 2019-11-13 12:33:37,333 INFO server.RaftServerConfigKeys: raft.server.log.segment.size.max = 16384 (custom)
datanode_2  | 2019-11-13 12:33:37,743 INFO server.RaftServerConfigKeys: raft.server.log.corruption.policy = EXCEPTION (default)
datanode_1  | 2019-11-13 12:33:37,769 INFO server.RaftServerConfigKeys: raft.server.rpcslowness.timeout = 120s (custom)
om2_1       | 2019-11-13 12:33:37,151 INFO server.RaftServerConfigKeys: raft.server.log.segment.cache.num.max = 2 (custom)
s3g_1       | 	at java.base/jdk.internal.reflect.NativeMethodAccessorImpl.invoke(NativeMethodAccessorImpl.java:62)
scm_1       | 2019-11-13 12:35:37,611 INFO block.BlockManagerImpl: Deleting blocks conID: 1 locID: 103130629285609484 bcsId: 0,conID: 3 locID: 103130629286199310 bcsId: 0,conID: 2 locID: 103130629285675021 bcsId: 0
om3_1       | 2019-11-13 12:33:37,247 INFO server.RaftServerConfigKeys: raft.server.log.statemachine.data.sync.timeout.retry = -1 (default)
datanode_3  | 2019-11-13 12:33:37,757 INFO storage.RaftStorageDirectory: The storage directory /data/metadata/ratis/a5446fa1-e04b-4c01-8b7f-f488e59d8295 does not exist. Creating ...
om1_1       | 2019-11-13 12:33:37,334 INFO server.RaftServerConfigKeys: raft.server.log.preallocated.size = 16384 (custom)
datanode_2  | 2019-11-13 12:33:37,743 INFO storage.RaftStorageDirectory: The storage directory /data/metadata/ratis/a5446fa1-e04b-4c01-8b7f-f488e59d8295 does not exist. Creating ...
datanode_1  | 2019-11-13 12:33:37,769 INFO server.RaftServerConfigKeys: raft.server.sleep.deviation.threshold = 300 (default)
om2_1       | 2019-11-13 12:33:37,155 INFO segmented.SegmentedRaftLogWorker: new om2@group-562213E44849-SegmentedRaftLogWorker for RaftStorage:Storage Directory /data/metadata/ratis/fafe1b60-c241-37cc-98f4-562213e44849
s3g_1       | 	at java.base/jdk.internal.reflect.DelegatingMethodAccessorImpl.invoke(DelegatingMethodAccessorImpl.java:43)
scm_1       | 2019-11-13 12:35:37,622 INFO block.BlockManagerImpl: Deleting blocks conID: 3 locID: 103130626630090754 bcsId: 0
om3_1       | 2019-11-13 12:33:37,257 INFO server.RaftServerConfigKeys: raft.server.log.statemachine.data.caching.enabled = false (default)
datanode_3  | 2019-11-13 12:33:37,766 INFO storage.RaftStorageDirectory: Lock on /data/metadata/ratis/a5446fa1-e04b-4c01-8b7f-f488e59d8295/in_use.lock acquired by nodename 7@3657e0622dcb
om1_1       | 2019-11-13 12:33:37,334 INFO server.RaftServerConfigKeys: raft.server.log.write.buffer.size = 64KB (=65536) (default)
datanode_2  | 2019-11-13 12:33:37,756 INFO storage.RaftStorageDirectory: Lock on /data/metadata/ratis/a5446fa1-e04b-4c01-8b7f-f488e59d8295/in_use.lock acquired by nodename 7@d1810113ed43
datanode_1  | 2019-11-13 12:33:37,769 INFO server.RaftServerConfigKeys: raft.server.log.appender.install.snapshot.enabled = false (custom)
om2_1       | 2019-11-13 12:33:37,156 INFO server.RaftServerConfigKeys: raft.server.log.queue.byte-limit = 64MB (=67108864) (default)
s3g_1       | 	at java.base/java.lang.reflect.Method.invoke(Method.java:566)
om3_1       | 2019-11-13 12:33:37,261 INFO segmented.SegmentedRaftLogWorker: om3@group-562213E44849-SegmentedRaftLogWorker: flushIndex: setUnconditionally 0 -> -1
datanode_3  | 2019-11-13 12:33:37,799 INFO storage.RaftStorage: Storage directory /data/metadata/ratis/a5446fa1-e04b-4c01-8b7f-f488e59d8295 has been successfully formatted.
scm_1       | 2019-11-13 12:35:37,622 INFO block.BlockManagerImpl: Deleting blocks conID: 2 locID: 103130628817158154 bcsId: 0
om1_1       | 2019-11-13 12:33:37,335 INFO server.RaftServerConfigKeys: raft.server.log.force.sync.num = 128 (default)
datanode_2  | 2019-11-13 12:33:37,767 INFO storage.RaftStorage: Storage directory /data/metadata/ratis/a5446fa1-e04b-4c01-8b7f-f488e59d8295 has been successfully formatted.
datanode_1  | 2019-11-13 12:33:37,769 INFO impl.RaftServerImpl: b80dcb6e-dde2-4831-aaff-09e56546270f@group-F488E59D8295: ConfigurationManager, init=-1: [039af59a-f19c-45bb-9145-4630e6166510:172.18.0.8:9858, b80dcb6e-dde2-4831-aaff-09e56546270f:172.18.0.4:9858, 8dff35d6-b797-40d2-8acc-6895b9d15427:172.18.0.9:9858], old=null, confs=<EMPTY_MAP>
s3g_1       | 	at org.apache.hadoop.hdds.tracing.TraceAllMethod.invoke(TraceAllMethod.java:66)
om3_1       | 2019-11-13 12:33:37,264 INFO impl.MetricsConfig: Loaded properties from hadoop-metrics2.properties
om2_1       | 2019-11-13 12:33:37,156 INFO server.RaftServerConfigKeys: raft.server.log.queue.element-limit = 4096 (default)
datanode_3  | 2019-11-13 12:33:37,800 INFO ratis.ContainerStateMachine: group-F488E59D8295: The snapshot info is null. Setting the last applied indexto:(t:0, i:~)
scm_1       | 2019-11-13 12:35:37,622 INFO block.BlockManagerImpl: Deleting blocks conID: 3 locID: 103130628879876107 bcsId: 0
datanode_2  | 2019-11-13 12:33:37,767 INFO ratis.ContainerStateMachine: group-F488E59D8295: The snapshot info is null. Setting the last applied indexto:(t:0, i:~)
datanode_1  | 2019-11-13 12:33:37,769 INFO server.RaftServerConfigKeys: raft.server.storage.dir = [/data/metadata/ratis] (custom)
s3g_1       | 	at com.sun.proxy.$Proxy84.completeMultipartUpload(Unknown Source)
om1_1       | 2019-11-13 12:33:37,336 INFO server.RaftServerConfigKeys: raft.server.log.statemachine.data.sync = true (default)
om3_1       | 2019-11-13 12:33:37,265 INFO server.RaftServerConfigKeys: raft.server.snapshot.auto.trigger.enabled = true (custom)
om2_1       | 2019-11-13 12:33:37,157 INFO server.RaftServerConfigKeys: raft.server.log.segment.size.max = 16384 (custom)
datanode_3  | 2019-11-13 12:33:37,800 INFO server.RaftServerConfigKeys: raft.server.notification.no-leader.timeout = 120s (custom)
scm_1       | 2019-11-13 12:36:37,665 INFO server.SCMBlockProtocolServer: SCM is informed by OM to delete 5 blocks
