kdc_1       | Oct 31 23:39:19 kdc kadmind[15](Notice): Request: kadm5_get_policy, default, Policy does not exist, client=admin/admin@EXAMPLE.COM, service=kadmin/admin@EXAMPLE.COM, addr=127.0.0.1
om_1        | 2019-10-31 23:39:28 (8.53 MB/s) - '/etc/security/keytabs/nm.keytab' saved [138/138]
kms_1       | Saving to: '/etc/security/keytabs/nm.keytab'
rm_1        | --2019-10-31 23:39:34--  http://kdc:8081/keytab/rm/yarn
datanode_3  | ---- ----------------- --------------------------------------------------------
s3g_1       |    2 10/31/19 23:39:32 nm/s3g@EXAMPLE.COM
datanode_1  | 
scm_1       |    2 10/31/19 23:39:33 nm/scm@EXAMPLE.COM
jhs         | 2019-10-31 23:39:30 (9.97 MB/s) - '/etc/security/keytabs/nm.keytab' saved [140/140]
kdc_1       | Oct 31 23:39:19 kdc kadmind[15](Notice): Request: kadm5_create_principal, om/om@EXAMPLE.COM, success, client=admin/admin@EXAMPLE.COM, service=kadmin/admin@EXAMPLE.COM, addr=127.0.0.1
om_1        | 
kms_1       | 
nm_1        | Keytab name: FILE:/etc/security/keytabs/nm.keytab
datanode_2  | ---- ----------------- --------------------------------------------------------
rm_1        | Resolving kdc (kdc)... 172.18.0.5
datanode_3  |    2 10/31/19 23:39:32 nm/07b496c397e4@EXAMPLE.COM
s3g_1       | Download yarn/s3g@EXAMPLE.COM keytab file to /etc/security/keytabs/yarn.keytab
datanode_1  | 2019-10-31 23:39:29 (11.7 MB/s) - '/etc/security/keytabs/nm.keytab' saved [158/158]
jhs         | 
scm_1       |    2 10/31/19 23:39:33 nm/scm@EXAMPLE.COM
kdc_1       | Oct 31 23:39:19 kdc kadmind[15](info): closing down fd 18
om_1        | Keytab name: FILE:/etc/security/keytabs/nm.keytab
kms_1       |      0K                                                       100% 9.36M=0s
nm_1        | KVNO Timestamp         Principal
rm_1        | Connecting to kdc (kdc)|172.18.0.5|:8081... connected.
datanode_2  |    2 10/31/19 23:39:31 nm/35a79674066f@EXAMPLE.COM
datanode_3  |    2 10/31/19 23:39:32 nm/07b496c397e4@EXAMPLE.COM
s3g_1       | --2019-10-31 23:39:32--  http://kdc:8081/keytab/s3g/yarn
datanode_1  | 
jhs         | Keytab name: FILE:/etc/security/keytabs/nm.keytab
scm_1       | Download yarn/scm@EXAMPLE.COM keytab file to /etc/security/keytabs/yarn.keytab
kms_1       | 
kdc_1       | Oct 31 23:39:19 kdc kadmind[15](Notice): Request: kadm5_init, admin/admin@EXAMPLE.COM, success, client=admin/admin@EXAMPLE.COM, service=kadmin/admin@EXAMPLE.COM, addr=127.0.0.1, vers=4, flavor=6
om_1        | KVNO Timestamp         Principal
nm_1        | ---- ----------------- --------------------------------------------------------
rm_1        | HTTP request sent, awaiting response... 200 OK
datanode_2  |    2 10/31/19 23:39:31 nm/35a79674066f@EXAMPLE.COM
datanode_3  | Download yarn/07b496c397e4@EXAMPLE.COM keytab file to /etc/security/keytabs/yarn.keytab
s3g_1       | Resolving kdc (kdc)... 172.18.0.5
datanode_1  | Keytab name: FILE:/etc/security/keytabs/nm.keytab
jhs         | KVNO Timestamp         Principal
scm_1       | --2019-10-31 23:39:33--  http://kdc:8081/keytab/scm/yarn
kms_1       | 2019-10-31 23:39:35 (9.36 MB/s) - '/etc/security/keytabs/nm.keytab' saved [158/158]
om_1        | ---- ----------------- --------------------------------------------------------
nm_1        |    2 10/31/19 23:39:32 nm/nm@EXAMPLE.COM
datanode_2  | Download yarn/35a79674066f@EXAMPLE.COM keytab file to /etc/security/keytabs/yarn.keytab
rm_1        | Length: 142 [application/octet-stream]
kdc_1       | Oct 31 23:39:19 kdc kadmind[15](Notice): Request: kadm5_randkey_principal, om/om@EXAMPLE.COM, success, client=admin/admin@EXAMPLE.COM, service=kadmin/admin@EXAMPLE.COM, addr=127.0.0.1
datanode_3  | --2019-10-31 23:39:32--  http://kdc:8081/keytab/07b496c397e4/yarn
s3g_1       | Connecting to kdc (kdc)|172.18.0.5|:8081... connected.
datanode_1  | KVNO Timestamp         Principal
jhs         | ---- ----------------- --------------------------------------------------------
scm_1       | Resolving kdc (kdc)... 172.18.0.5
om_1        |    2 10/31/19 23:39:28 nm/om@EXAMPLE.COM
kms_1       | 
nm_1        |    2 10/31/19 23:39:32 nm/nm@EXAMPLE.COM
datanode_2  | --2019-10-31 23:39:31--  http://kdc:8081/keytab/35a79674066f/yarn
rm_1        | Saving to: '/etc/security/keytabs/yarn.keytab'
kdc_1       | Oct 31 23:39:19 kdc kadmind[15](Notice): Request: kadm5_get_principal, om/om@EXAMPLE.COM, success, client=admin/admin@EXAMPLE.COM, service=kadmin/admin@EXAMPLE.COM, addr=127.0.0.1
datanode_3  | Resolving kdc (kdc)... 172.18.0.5
s3g_1       | HTTP request sent, awaiting response... 200 OK
datanode_1  | ---- ----------------- --------------------------------------------------------
jhs         |    2 10/31/19 23:39:30 nm/jhs@EXAMPLE.COM
scm_1       | Connecting to kdc (kdc)|172.18.0.5|:8081... connected.
om_1        |    2 10/31/19 23:39:28 nm/om@EXAMPLE.COM
kms_1       | Keytab name: FILE:/etc/security/keytabs/nm.keytab
nm_1        | Download yarn/nm@EXAMPLE.COM keytab file to /etc/security/keytabs/yarn.keytab
datanode_2  | Resolving kdc (kdc)... 172.18.0.5
rm_1        | 
kdc_1       | Oct 31 23:39:19 kdc kadmind[15](info): closing down fd 18
datanode_3  | Connecting to kdc (kdc)|172.18.0.5|:8081... connected.
s3g_1       | Length: 144 [application/octet-stream]
datanode_1  |    2 10/31/19 23:39:29 nm/1d3aef75233b@EXAMPLE.COM
scm_1       | HTTP request sent, awaiting response... 200 OK
om_1        | Download yarn/om@EXAMPLE.COM keytab file to /etc/security/keytabs/yarn.keytab
jhs         |    2 10/31/19 23:39:30 nm/jhs@EXAMPLE.COM
kms_1       | KVNO Timestamp         Principal
nm_1        | --2019-10-31 23:39:32--  http://kdc:8081/keytab/nm/yarn
datanode_2  | Connecting to kdc (kdc)|172.18.0.5|:8081... connected.
rm_1        |      0K                                                       100% 12.3M=0s
kdc_1       | Oct 31 23:39:19 kdc kadmind[15](Notice): Request: kadm5_init, admin/admin@EXAMPLE.COM, success, client=admin/admin@EXAMPLE.COM, service=kadmin/admin@EXAMPLE.COM, addr=127.0.0.1, vers=4, flavor=6
datanode_3  | HTTP request sent, awaiting response... 200 OK
s3g_1       | Saving to: '/etc/security/keytabs/yarn.keytab'
datanode_1  |    2 10/31/19 23:39:29 nm/1d3aef75233b@EXAMPLE.COM
scm_1       | Length: 144 [application/octet-stream]
om_1        | --2019-10-31 23:39:28--  http://kdc:8081/keytab/om/yarn
jhs         | Download yarn/jhs@EXAMPLE.COM keytab file to /etc/security/keytabs/yarn.keytab
kms_1       | ---- ----------------- --------------------------------------------------------
nm_1        | Resolving kdc (kdc)... 172.18.0.5
datanode_2  | HTTP request sent, awaiting response... 200 OK
rm_1        | 
kdc_1       | Oct 31 23:39:19 kdc kadmind[15](Notice): Request: kadm5_get_policy, default, Policy does not exist, client=admin/admin@EXAMPLE.COM, service=kadmin/admin@EXAMPLE.COM, addr=127.0.0.1
datanode_3  | Length: 162 [application/octet-stream]
s3g_1       | 
datanode_1  | Download yarn/1d3aef75233b@EXAMPLE.COM keytab file to /etc/security/keytabs/yarn.keytab
om_1        | Resolving kdc (kdc)... 172.18.0.5
scm_1       | Saving to: '/etc/security/keytabs/yarn.keytab'
jhs         | --2019-10-31 23:39:30--  http://kdc:8081/keytab/jhs/yarn
kms_1       |    2 10/31/19 23:39:34 nm/16cde8dde1a7@EXAMPLE.COM
nm_1        | Connecting to kdc (kdc)|172.18.0.5|:8081... connected.
datanode_2  | Length: 162 [application/octet-stream]
rm_1        | 2019-10-31 23:39:36 (12.3 MB/s) - '/etc/security/keytabs/yarn.keytab' saved [142/142]
kdc_1       | Oct 31 23:39:19 kdc kadmind[15](Notice): Request: kadm5_create_principal, dn/jhs@EXAMPLE.COM, success, client=admin/admin@EXAMPLE.COM, service=kadmin/admin@EXAMPLE.COM, addr=127.0.0.1
datanode_3  | Saving to: '/etc/security/keytabs/yarn.keytab'
s3g_1       |      0K                                                       100% 8.43M=0s
om_1        | Connecting to kdc (kdc)|172.18.0.5|:8081... connected.
scm_1       | 
datanode_1  | --2019-10-31 23:39:29--  http://kdc:8081/keytab/1d3aef75233b/yarn
jhs         | Resolving kdc (kdc)... 172.18.0.5
kms_1       |    2 10/31/19 23:39:34 nm/16cde8dde1a7@EXAMPLE.COM
nm_1        | HTTP request sent, awaiting response... 200 OK
datanode_2  | Saving to: '/etc/security/keytabs/yarn.keytab'
rm_1        | 
kdc_1       | Oct 31 23:39:19 kdc kadmind[15](info): closing down fd 18
datanode_3  | 
s3g_1       | 
om_1        | HTTP request sent, awaiting response... 200 OK
scm_1       |      0K                                                       100% 14.8M=0s
datanode_1  | Resolving kdc (kdc)... 172.18.0.5
jhs         | Connecting to kdc (kdc)|172.18.0.5|:8081... connected.
kms_1       | Download yarn/16cde8dde1a7@EXAMPLE.COM keytab file to /etc/security/keytabs/yarn.keytab
nm_1        | Length: 142 [application/octet-stream]
datanode_2  | 
rm_1        | Keytab name: FILE:/etc/security/keytabs/yarn.keytab
kdc_1       | Oct 31 23:39:19 kdc kadmind[15](Notice): Request: kadm5_init, admin/admin@EXAMPLE.COM, success, client=admin/admin@EXAMPLE.COM, service=kadmin/admin@EXAMPLE.COM, addr=127.0.0.1, vers=4, flavor=6
datanode_3  |      0K                                                       100% 12.3M=0s
s3g_1       | 2019-10-31 23:39:34 (8.43 MB/s) - '/etc/security/keytabs/yarn.keytab' saved [144/144]
om_1        | Length: 142 [application/octet-stream]
scm_1       | 
datanode_1  | Connecting to kdc (kdc)|172.18.0.5|:8081... connected.
jhs         | HTTP request sent, awaiting response... 200 OK
kms_1       | --2019-10-31 23:39:35--  http://kdc:8081/keytab/16cde8dde1a7/yarn
nm_1        | Saving to: '/etc/security/keytabs/yarn.keytab'
datanode_2  |      0K                                                       100% 12.5M=0s
rm_1        | KVNO Timestamp         Principal
kdc_1       | Oct 31 23:39:19 kdc kadmind[15](Notice): Request: kadm5_randkey_principal, dn/jhs@EXAMPLE.COM, success, client=admin/admin@EXAMPLE.COM, service=kadmin/admin@EXAMPLE.COM, addr=127.0.0.1
datanode_3  | 
s3g_1       | 
om_1        | Saving to: '/etc/security/keytabs/yarn.keytab'
scm_1       | 2019-10-31 23:39:35 (14.8 MB/s) - '/etc/security/keytabs/yarn.keytab' saved [144/144]
datanode_1  | HTTP request sent, awaiting response... 200 OK
jhs         | Length: 144 [application/octet-stream]
kms_1       | Resolving kdc (kdc)... 172.18.0.5
nm_1        | 
rm_1        | ---- ----------------- --------------------------------------------------------
kdc_1       | Oct 31 23:39:19 kdc kadmind[15](Notice): Request: kadm5_get_principal, dn/jhs@EXAMPLE.COM, success, client=admin/admin@EXAMPLE.COM, service=kadmin/admin@EXAMPLE.COM, addr=127.0.0.1
datanode_3  | 2019-10-31 23:39:34 (12.3 MB/s) - '/etc/security/keytabs/yarn.keytab' saved [162/162]
s3g_1       | Keytab name: FILE:/etc/security/keytabs/yarn.keytab
om_1        | 
datanode_2  | 
scm_1       | 
datanode_1  | Length: 162 [application/octet-stream]
jhs         | Saving to: '/etc/security/keytabs/yarn.keytab'
kms_1       | Connecting to kdc (kdc)|172.18.0.5|:8081... connected.
nm_1        |      0K                                                       100% 11.9M=0s
rm_1        |    2 10/31/19 23:39:36 yarn/rm@EXAMPLE.COM
datanode_3  | 
s3g_1       | KVNO Timestamp         Principal
om_1        |      0K                                                       100% 18.6M=0s
kdc_1       | Oct 31 23:39:19 kdc kadmind[15](info): closing down fd 18
datanode_2  | 2019-10-31 23:39:33 (12.5 MB/s) - '/etc/security/keytabs/yarn.keytab' saved [162/162]
scm_1       | Keytab name: FILE:/etc/security/keytabs/yarn.keytab
datanode_1  | Saving to: '/etc/security/keytabs/yarn.keytab'
jhs         | 
kms_1       | HTTP request sent, awaiting response... 200 OK
nm_1        | 
datanode_3  | Keytab name: FILE:/etc/security/keytabs/yarn.keytab
rm_1        |    2 10/31/19 23:39:36 yarn/rm@EXAMPLE.COM
s3g_1       | ---- ----------------- --------------------------------------------------------
om_1        | 
kdc_1       | Oct 31 23:39:19 kdc kadmind[15](Notice): Request: kadm5_init, admin/admin@EXAMPLE.COM, success, client=admin/admin@EXAMPLE.COM, service=kadmin/admin@EXAMPLE.COM, addr=127.0.0.1, vers=4, flavor=6
datanode_2  | 
scm_1       | KVNO Timestamp         Principal
datanode_1  | 
jhs         |      0K                                                       100% 8.00M=0s
kms_1       | Length: 162 [application/octet-stream]
nm_1        | 2019-10-31 23:39:34 (11.9 MB/s) - '/etc/security/keytabs/yarn.keytab' saved [142/142]
datanode_3  | KVNO Timestamp         Principal
rm_1        | Download jhs/rm@EXAMPLE.COM keytab file to /etc/security/keytabs/jhs.keytab
om_1        | 2019-10-31 23:39:30 (18.6 MB/s) - '/etc/security/keytabs/yarn.keytab' saved [142/142]
s3g_1       |    2 10/31/19 23:39:34 yarn/s3g@EXAMPLE.COM
kdc_1       | Oct 31 23:39:19 kdc kadmind[15](Notice): Request: kadm5_get_policy, default, Policy does not exist, client=admin/admin@EXAMPLE.COM, service=kadmin/admin@EXAMPLE.COM, addr=127.0.0.1
datanode_2  | Keytab name: FILE:/etc/security/keytabs/yarn.keytab
scm_1       | ---- ----------------- --------------------------------------------------------
datanode_1  |      0K                                                       100% 11.9M=0s
jhs         | 
kms_1       | Saving to: '/etc/security/keytabs/yarn.keytab'
nm_1        | 
datanode_3  | ---- ----------------- --------------------------------------------------------
rm_1        | --2019-10-31 23:39:36--  http://kdc:8081/keytab/rm/jhs
om_1        | 
s3g_1       |    2 10/31/19 23:39:34 yarn/s3g@EXAMPLE.COM
kdc_1       | Oct 31 23:39:19 kdc kadmind[15](Notice): Request: kadm5_create_principal, om/1d3aef75233b@EXAMPLE.COM, success, client=admin/admin@EXAMPLE.COM, service=kadmin/admin@EXAMPLE.COM, addr=127.0.0.1
datanode_2  | KVNO Timestamp         Principal
scm_1       |    2 10/31/19 23:39:35 yarn/scm@EXAMPLE.COM
datanode_1  | 
jhs         | 2019-10-31 23:39:31 (8.00 MB/s) - '/etc/security/keytabs/yarn.keytab' saved [144/144]
kms_1       | 
nm_1        | Keytab name: FILE:/etc/security/keytabs/yarn.keytab
datanode_3  |    2 10/31/19 23:39:34 yarn/07b496c397e4@EXAMPLE.COM
rm_1        | Resolving kdc (kdc)... 172.18.0.5
om_1        | Keytab name: FILE:/etc/security/keytabs/yarn.keytab
s3g_1       | Download jhs/s3g@EXAMPLE.COM keytab file to /etc/security/keytabs/jhs.keytab
datanode_2  | ---- ----------------- --------------------------------------------------------
scm_1       |    2 10/31/19 23:39:35 yarn/scm@EXAMPLE.COM
kdc_1       | Oct 31 23:39:19 kdc kadmind[15](info): closing down fd 18
datanode_1  | 2019-10-31 23:39:31 (11.9 MB/s) - '/etc/security/keytabs/yarn.keytab' saved [162/162]
jhs         | 
kms_1       |      0K                                                       100% 9.01M=0s
nm_1        | KVNO Timestamp         Principal
datanode_3  |    2 10/31/19 23:39:34 yarn/07b496c397e4@EXAMPLE.COM
rm_1        | Connecting to kdc (kdc)|172.18.0.5|:8081... connected.
om_1        | KVNO Timestamp         Principal
s3g_1       | --2019-10-31 23:39:34--  http://kdc:8081/keytab/s3g/jhs
datanode_2  |    2 10/31/19 23:39:33 yarn/35a79674066f@EXAMPLE.COM
scm_1       | Download jhs/scm@EXAMPLE.COM keytab file to /etc/security/keytabs/jhs.keytab
kdc_1       | Oct 31 23:39:19 kdc kadmind[15](Notice): Request: kadm5_init, admin/admin@EXAMPLE.COM, success, client=admin/admin@EXAMPLE.COM, service=kadmin/admin@EXAMPLE.COM, addr=127.0.0.1, vers=4, flavor=6
datanode_1  | 
jhs         | Keytab name: FILE:/etc/security/keytabs/yarn.keytab
kms_1       | 
nm_1        | ---- ----------------- --------------------------------------------------------
rm_1        | HTTP request sent, awaiting response... 200 OK
om_1        | ---- ----------------- --------------------------------------------------------
datanode_3  | Download jhs/07b496c397e4@EXAMPLE.COM keytab file to /etc/security/keytabs/jhs.keytab
s3g_1       | Resolving kdc (kdc)... 172.18.0.5
datanode_2  |    2 10/31/19 23:39:33 yarn/35a79674066f@EXAMPLE.COM
scm_1       | --2019-10-31 23:39:35--  http://kdc:8081/keytab/scm/jhs
kdc_1       | Oct 31 23:39:20 kdc kadmind[15](Notice): Request: kadm5_randkey_principal, om/1d3aef75233b@EXAMPLE.COM, success, client=admin/admin@EXAMPLE.COM, service=kadmin/admin@EXAMPLE.COM, addr=127.0.0.1
datanode_1  | Keytab name: FILE:/etc/security/keytabs/yarn.keytab
jhs         | KVNO Timestamp         Principal
kms_1       | 2019-10-31 23:39:36 (9.01 MB/s) - '/etc/security/keytabs/yarn.keytab' saved [162/162]
om_1        |    2 10/31/19 23:39:30 yarn/om@EXAMPLE.COM
s3g_1       | Connecting to kdc (kdc)|172.18.0.5|:8081... connected.
nm_1        |    2 10/31/19 23:39:34 yarn/nm@EXAMPLE.COM
rm_1        | Length: 140 [application/octet-stream]
datanode_3  | --2019-10-31 23:39:34--  http://kdc:8081/keytab/07b496c397e4/jhs
datanode_2  | Download jhs/35a79674066f@EXAMPLE.COM keytab file to /etc/security/keytabs/jhs.keytab
scm_1       | Resolving kdc (kdc)... 172.18.0.5
kdc_1       | Oct 31 23:39:20 kdc kadmind[15](Notice): Request: kadm5_get_principal, om/1d3aef75233b@EXAMPLE.COM, success, client=admin/admin@EXAMPLE.COM, service=kadmin/admin@EXAMPLE.COM, addr=127.0.0.1
datanode_1  | KVNO Timestamp         Principal
jhs         | ---- ----------------- --------------------------------------------------------
kms_1       | 
om_1        |    2 10/31/19 23:39:30 yarn/om@EXAMPLE.COM
s3g_1       | HTTP request sent, awaiting response... 200 OK
nm_1        |    2 10/31/19 23:39:34 yarn/nm@EXAMPLE.COM
rm_1        | Saving to: '/etc/security/keytabs/jhs.keytab'
datanode_3  | Resolving kdc (kdc)... 172.18.0.5
datanode_2  | --2019-10-31 23:39:33--  http://kdc:8081/keytab/35a79674066f/jhs
scm_1       | Connecting to kdc (kdc)|172.18.0.5|:8081... connected.
kdc_1       | Oct 31 23:39:20 kdc kadmind[15](info): closing down fd 18
datanode_1  | ---- ----------------- --------------------------------------------------------
jhs         |    2 10/31/19 23:39:31 yarn/jhs@EXAMPLE.COM
kms_1       | Keytab name: FILE:/etc/security/keytabs/yarn.keytab
om_1        | Download jhs/om@EXAMPLE.COM keytab file to /etc/security/keytabs/jhs.keytab
s3g_1       | Length: 142 [application/octet-stream]
nm_1        | Download jhs/nm@EXAMPLE.COM keytab file to /etc/security/keytabs/jhs.keytab
rm_1        | 
datanode_3  | Connecting to kdc (kdc)|172.18.0.5|:8081... connected.
datanode_2  | Resolving kdc (kdc)... 172.18.0.5
scm_1       | HTTP request sent, awaiting response... 200 OK
kdc_1       | Oct 31 23:39:20 kdc kadmind[15](Notice): Request: kadm5_init, admin/admin@EXAMPLE.COM, success, client=admin/admin@EXAMPLE.COM, service=kadmin/admin@EXAMPLE.COM, addr=127.0.0.1, vers=4, flavor=6
datanode_1  |    2 10/31/19 23:39:31 yarn/1d3aef75233b@EXAMPLE.COM
jhs         |    2 10/31/19 23:39:31 yarn/jhs@EXAMPLE.COM
kms_1       | KVNO Timestamp         Principal
om_1        | --2019-10-31 23:39:30--  http://kdc:8081/keytab/om/jhs
s3g_1       | Saving to: '/etc/security/keytabs/jhs.keytab'
nm_1        | --2019-10-31 23:39:34--  http://kdc:8081/keytab/nm/jhs
rm_1        |      0K                                                       100% 11.1M=0s
datanode_3  | HTTP request sent, awaiting response... 200 OK
datanode_2  | Connecting to kdc (kdc)|172.18.0.5|:8081... connected.
scm_1       | Length: 142 [application/octet-stream]
kdc_1       | Oct 31 23:39:20 kdc kadmind[15](Notice): Request: kadm5_get_policy, default, Policy does not exist, client=admin/admin@EXAMPLE.COM, service=kadmin/admin@EXAMPLE.COM, addr=127.0.0.1
datanode_1  |    2 10/31/19 23:39:31 yarn/1d3aef75233b@EXAMPLE.COM
jhs         | Download jhs/jhs@EXAMPLE.COM keytab file to /etc/security/keytabs/jhs.keytab
kms_1       | ---- ----------------- --------------------------------------------------------
om_1        | Resolving kdc (kdc)... 172.18.0.5
s3g_1       | 
nm_1        | Resolving kdc (kdc)... 172.18.0.5
rm_1        | 
datanode_3  | Length: 160 [application/octet-stream]
datanode_2  | HTTP request sent, awaiting response... 200 OK
scm_1       | Saving to: '/etc/security/keytabs/jhs.keytab'
kdc_1       | Oct 31 23:39:20 kdc kadmind[15](Notice): Request: kadm5_create_principal, dn/35a79674066f@EXAMPLE.COM, success, client=admin/admin@EXAMPLE.COM, service=kadmin/admin@EXAMPLE.COM, addr=127.0.0.1
datanode_1  | Download jhs/1d3aef75233b@EXAMPLE.COM keytab file to /etc/security/keytabs/jhs.keytab
jhs         | --2019-10-31 23:39:32--  http://kdc:8081/keytab/jhs/jhs
kms_1       |    2 10/31/19 23:39:36 yarn/16cde8dde1a7@EXAMPLE.COM
om_1        | Connecting to kdc (kdc)|172.18.0.5|:8081... connected.
s3g_1       |      0K                                                       100% 9.46M=0s
nm_1        | Connecting to kdc (kdc)|172.18.0.5|:8081... connected.
rm_1        | 2019-10-31 23:39:38 (11.1 MB/s) - '/etc/security/keytabs/jhs.keytab' saved [140/140]
datanode_3  | Saving to: '/etc/security/keytabs/jhs.keytab'
datanode_2  | Length: 160 [application/octet-stream]
scm_1       | 
kdc_1       | Oct 31 23:39:20 kdc kadmind[15](info): closing down fd 18
datanode_1  | --2019-10-31 23:39:31--  http://kdc:8081/keytab/1d3aef75233b/jhs
jhs         | Resolving kdc (kdc)... 172.18.0.5
kms_1       |    2 10/31/19 23:39:36 yarn/16cde8dde1a7@EXAMPLE.COM
om_1        | HTTP request sent, awaiting response... 200 OK
s3g_1       | 
nm_1        | HTTP request sent, awaiting response... 200 OK
rm_1        | 
datanode_2  | Saving to: '/etc/security/keytabs/jhs.keytab'
datanode_3  | 
kdc_1       | Authenticating as principal admin/admin with keytab /tmp/admin.keytab.
datanode_1  | Resolving kdc (kdc)... 172.18.0.5
kms_1       | Download jhs/16cde8dde1a7@EXAMPLE.COM keytab file to /etc/security/keytabs/jhs.keytab
jhs         | Connecting to kdc (kdc)|172.18.0.5|:8081... connected.
scm_1       |      0K                                                       100% 19.0M=0s
om_1        | Length: 140 [application/octet-stream]
s3g_1       | 2019-10-31 23:39:36 (9.46 MB/s) - '/etc/security/keytabs/jhs.keytab' saved [142/142]
datanode_2  | 
datanode_3  |      0K                                                       100% 11.7M=0s
nm_1        | Length: 140 [application/octet-stream]
rm_1        | Keytab name: FILE:/etc/security/keytabs/jhs.keytab
kdc_1       | Entry for principal dn/35a79674066f@EXAMPLE.COM with kvno 2, encryption type aes256-cts-hmac-sha1-96 added to keytab WRFILE:/data/dn.35a79674066f.keytab.
datanode_1  | Connecting to kdc (kdc)|172.18.0.5|:8081... connected.
kms_1       | --2019-10-31 23:39:36--  http://kdc:8081/keytab/16cde8dde1a7/jhs
jhs         | HTTP request sent, awaiting response... 200 OK
scm_1       | 
om_1        | Saving to: '/etc/security/keytabs/jhs.keytab'
s3g_1       | 
datanode_2  |      0K                                                       100% 12.3M=0s
datanode_3  | 
nm_1        | Saving to: '/etc/security/keytabs/jhs.keytab'
rm_1        | KVNO Timestamp         Principal
datanode_1  | HTTP request sent, awaiting response... 200 OK
kdc_1       | Entry for principal dn/35a79674066f@EXAMPLE.COM with kvno 2, encryption type aes128-cts-hmac-sha1-96 added to keytab WRFILE:/data/dn.35a79674066f.keytab.
kms_1       | Resolving kdc (kdc)... 172.18.0.5
jhs         | Length: 142 [application/octet-stream]
scm_1       | 2019-10-31 23:39:37 (19.0 MB/s) - '/etc/security/keytabs/jhs.keytab' saved [142/142]
om_1        | 
datanode_2  | 
datanode_3  | 2019-10-31 23:39:36 (11.7 MB/s) - '/etc/security/keytabs/jhs.keytab' saved [160/160]
nm_1        | 
rm_1        | ---- ----------------- --------------------------------------------------------
kdc_1       | Generiting keytab
datanode_1  | Length: 160 [application/octet-stream]
kms_1       | Connecting to kdc (kdc)|172.18.0.5|:8081... connected.
jhs         | Saving to: '/etc/security/keytabs/jhs.keytab'
scm_1       | 
om_1        |      0K                                                       100% 11.2M=0s
datanode_2  | 2019-10-31 23:39:35 (12.3 MB/s) - '/etc/security/keytabs/jhs.keytab' saved [160/160]
datanode_3  | 
nm_1        |      0K                                                       100% 8.63M=0s
s3g_1       | Keytab name: FILE:/etc/security/keytabs/jhs.keytab
rm_1        |    2 10/31/19 23:39:38 jhs/rm@EXAMPLE.COM
kdc_1       | Authenticating as principal admin/admin with keytab /tmp/admin.keytab.
datanode_1  | Saving to: '/etc/security/keytabs/jhs.keytab'
kms_1       | HTTP request sent, awaiting response... 200 OK
jhs         | 
scm_1       | Keytab name: FILE:/etc/security/keytabs/jhs.keytab
om_1        | 
datanode_2  | 
datanode_3  | Keytab name: FILE:/etc/security/keytabs/jhs.keytab
nm_1        | 
s3g_1       | KVNO Timestamp         Principal
rm_1        |    2 10/31/19 23:39:38 jhs/rm@EXAMPLE.COM
kdc_1       | WARNING: no policy specified for scm/om@EXAMPLE.COM; defaulting to no policy
datanode_1  | 
kms_1       | Length: 160 [application/octet-stream]
jhs         |      0K                                                       100% 10.6M=0s
om_1        | 2019-10-31 23:39:31 (11.2 MB/s) - '/etc/security/keytabs/jhs.keytab' saved [140/140]
datanode_2  | Keytab name: FILE:/etc/security/keytabs/jhs.keytab
datanode_3  | KVNO Timestamp         Principal
nm_1        | 2019-10-31 23:39:36 (8.63 MB/s) - '/etc/security/keytabs/jhs.keytab' saved [140/140]
rm_1        | Download hadoop/rm@EXAMPLE.COM keytab file to /etc/security/keytabs/hadoop.keytab
s3g_1       | ---- ----------------- --------------------------------------------------------
scm_1       | KVNO Timestamp         Principal
kdc_1       | Principal "scm/om@EXAMPLE.COM" created.
datanode_1  |      0K                                                       100% 12.0M=0s
kms_1       | Saving to: '/etc/security/keytabs/jhs.keytab'
jhs         | 
om_1        | 
datanode_2  | KVNO Timestamp         Principal
datanode_3  | ---- ----------------- --------------------------------------------------------
nm_1        | 
rm_1        | --2019-10-31 23:39:38--  http://kdc:8081/keytab/rm/hadoop
s3g_1       |    2 10/31/19 23:39:36 jhs/s3g@EXAMPLE.COM
scm_1       | ---- ----------------- --------------------------------------------------------
kdc_1       | Authenticating as principal admin/admin with keytab /tmp/admin.keytab.
datanode_1  | 
kms_1       | 
jhs         | 2019-10-31 23:39:34 (10.6 MB/s) - '/etc/security/keytabs/jhs.keytab' saved [142/142]
om_1        | Keytab name: FILE:/etc/security/keytabs/jhs.keytab
datanode_2  | ---- ----------------- --------------------------------------------------------
datanode_3  |    2 10/31/19 23:39:36 jhs/07b496c397e4@EXAMPLE.COM
nm_1        | Keytab name: FILE:/etc/security/keytabs/jhs.keytab
rm_1        | Resolving kdc (kdc)... 172.18.0.5
s3g_1       |    2 10/31/19 23:39:36 jhs/s3g@EXAMPLE.COM
scm_1       |    2 10/31/19 23:39:37 jhs/scm@EXAMPLE.COM
kdc_1       | Entry for principal scm/om@EXAMPLE.COM with kvno 2, encryption type aes256-cts-hmac-sha1-96 added to keytab WRFILE:/data/scm.om.keytab.
datanode_1  | 2019-10-31 23:39:33 (12.0 MB/s) - '/etc/security/keytabs/jhs.keytab' saved [160/160]
kms_1       |      0K                                                       100% 16.8M=0s
jhs         | 
om_1        | KVNO Timestamp         Principal
datanode_2  |    2 10/31/19 23:39:35 jhs/35a79674066f@EXAMPLE.COM
datanode_3  |    2 10/31/19 23:39:36 jhs/07b496c397e4@EXAMPLE.COM
nm_1        | KVNO Timestamp         Principal
rm_1        | Connecting to kdc (kdc)|172.18.0.5|:8081... connected.
s3g_1       | Download hadoop/s3g@EXAMPLE.COM keytab file to /etc/security/keytabs/hadoop.keytab
scm_1       |    2 10/31/19 23:39:37 jhs/scm@EXAMPLE.COM
kdc_1       | Entry for principal scm/om@EXAMPLE.COM with kvno 2, encryption type aes128-cts-hmac-sha1-96 added to keytab WRFILE:/data/scm.om.keytab.
datanode_1  | 
kms_1       | 
jhs         | Keytab name: FILE:/etc/security/keytabs/jhs.keytab
om_1        | ---- ----------------- --------------------------------------------------------
datanode_2  |    2 10/31/19 23:39:35 jhs/35a79674066f@EXAMPLE.COM
nm_1        | ---- ----------------- --------------------------------------------------------
datanode_3  | Download hadoop/07b496c397e4@EXAMPLE.COM keytab file to /etc/security/keytabs/hadoop.keytab
rm_1        | HTTP request sent, awaiting response... 200 OK
s3g_1       | --2019-10-31 23:39:36--  http://kdc:8081/keytab/s3g/hadoop
scm_1       | Download hadoop/scm@EXAMPLE.COM keytab file to /etc/security/keytabs/hadoop.keytab
kdc_1       | Generiting keytab
datanode_1  | Keytab name: FILE:/etc/security/keytabs/jhs.keytab
kms_1       | 2019-10-31 23:39:38 (16.8 MB/s) - '/etc/security/keytabs/jhs.keytab' saved [160/160]
jhs         | KVNO Timestamp         Principal
om_1        |    2 10/31/19 23:39:31 jhs/om@EXAMPLE.COM
datanode_2  | Download hadoop/35a79674066f@EXAMPLE.COM keytab file to /etc/security/keytabs/hadoop.keytab
nm_1        |    2 10/31/19 23:39:36 jhs/nm@EXAMPLE.COM
datanode_3  | --2019-10-31 23:39:36--  http://kdc:8081/keytab/07b496c397e4/hadoop
rm_1        | Length: 146 [application/octet-stream]
s3g_1       | Resolving kdc (kdc)... 172.18.0.5
scm_1       | --2019-10-31 23:39:37--  http://kdc:8081/keytab/scm/hadoop
kdc_1       | Authenticating as principal admin/admin with keytab /tmp/admin.keytab.
datanode_1  | KVNO Timestamp         Principal
kms_1       | 
jhs         | ---- ----------------- --------------------------------------------------------
om_1        |    2 10/31/19 23:39:31 jhs/om@EXAMPLE.COM
datanode_2  | --2019-10-31 23:39:35--  http://kdc:8081/keytab/35a79674066f/hadoop
nm_1        |    2 10/31/19 23:39:36 jhs/nm@EXAMPLE.COM
datanode_3  | Resolving kdc (kdc)... 172.18.0.5
s3g_1       | Connecting to kdc (kdc)|172.18.0.5|:8081... connected.
kdc_1       | WARNING: no policy specified for om/jhs@EXAMPLE.COM; defaulting to no policy
scm_1       | Resolving kdc (kdc)... 172.18.0.5
datanode_1  | ---- ----------------- --------------------------------------------------------
kms_1       | Keytab name: FILE:/etc/security/keytabs/jhs.keytab
jhs         |    2 10/31/19 23:39:33 jhs/jhs@EXAMPLE.COM
rm_1        | Saving to: '/etc/security/keytabs/hadoop.keytab'
om_1        | Download hadoop/om@EXAMPLE.COM keytab file to /etc/security/keytabs/hadoop.keytab
datanode_2  | Resolving kdc (kdc)... 172.18.0.5
nm_1        | Download hadoop/nm@EXAMPLE.COM keytab file to /etc/security/keytabs/hadoop.keytab
datanode_3  | Connecting to kdc (kdc)|172.18.0.5|:8081... connected.
s3g_1       | HTTP request sent, awaiting response... 200 OK
kdc_1       | Principal "om/jhs@EXAMPLE.COM" created.
scm_1       | Connecting to kdc (kdc)|172.18.0.5|:8081... connected.
datanode_1  |    2 10/31/19 23:39:33 jhs/1d3aef75233b@EXAMPLE.COM
kms_1       | KVNO Timestamp         Principal
jhs         |    2 10/31/19 23:39:33 jhs/jhs@EXAMPLE.COM
rm_1        | 
om_1        | --2019-10-31 23:39:31--  http://kdc:8081/keytab/om/hadoop
datanode_2  | Connecting to kdc (kdc)|172.18.0.5|:8081... connected.
nm_1        | --2019-10-31 23:39:36--  http://kdc:8081/keytab/nm/hadoop
datanode_3  | HTTP request sent, awaiting response... 200 OK
s3g_1       | Length: 148 [application/octet-stream]
kdc_1       | Authenticating as principal admin/admin with keytab /tmp/admin.keytab.
scm_1       | HTTP request sent, awaiting response... 200 OK
datanode_1  |    2 10/31/19 23:39:33 jhs/1d3aef75233b@EXAMPLE.COM
kms_1       | ---- ----------------- --------------------------------------------------------
jhs         | Download hadoop/jhs@EXAMPLE.COM keytab file to /etc/security/keytabs/hadoop.keytab
rm_1        |      0K                                                       100% 13.8M=0s
om_1        | Resolving kdc (kdc)... 172.18.0.5
datanode_2  | HTTP request sent, awaiting response... 200 OK
nm_1        | Resolving kdc (kdc)... 172.18.0.5
s3g_1       | Saving to: '/etc/security/keytabs/hadoop.keytab'
datanode_3  | Length: 166 [application/octet-stream]
kdc_1       | Entry for principal om/jhs@EXAMPLE.COM with kvno 2, encryption type aes256-cts-hmac-sha1-96 added to keytab WRFILE:/data/om.jhs.keytab.
scm_1       | Length: 148 [application/octet-stream]
datanode_1  | Download hadoop/1d3aef75233b@EXAMPLE.COM keytab file to /etc/security/keytabs/hadoop.keytab
kms_1       |    2 10/31/19 23:39:38 jhs/16cde8dde1a7@EXAMPLE.COM
jhs         | --2019-10-31 23:39:34--  http://kdc:8081/keytab/jhs/hadoop
rm_1        | 
om_1        | Connecting to kdc (kdc)|172.18.0.5|:8081... connected.
nm_1        | Connecting to kdc (kdc)|172.18.0.5|:8081... connected.
s3g_1       | 
datanode_2  | Length: 166 [application/octet-stream]
datanode_3  | Saving to: '/etc/security/keytabs/hadoop.keytab'
kdc_1       | Entry for principal om/jhs@EXAMPLE.COM with kvno 2, encryption type aes128-cts-hmac-sha1-96 added to keytab WRFILE:/data/om.jhs.keytab.
scm_1       | Saving to: '/etc/security/keytabs/hadoop.keytab'
datanode_1  | --2019-10-31 23:39:33--  http://kdc:8081/keytab/1d3aef75233b/hadoop
kms_1       |    2 10/31/19 23:39:38 jhs/16cde8dde1a7@EXAMPLE.COM
jhs         | Resolving kdc (kdc)... 172.18.0.5
rm_1        | 2019-10-31 23:39:39 (13.8 MB/s) - '/etc/security/keytabs/hadoop.keytab' saved [146/146]
om_1        | HTTP request sent, awaiting response... 200 OK
nm_1        | HTTP request sent, awaiting response... 200 OK
s3g_1       |      0K                                                       100% 15.4M=0s
datanode_2  | Saving to: '/etc/security/keytabs/hadoop.keytab'
datanode_3  | 
kdc_1       | Generiting keytab
scm_1       | 
datanode_1  | Resolving kdc (kdc)... 172.18.0.5
jhs         | Connecting to kdc (kdc)|172.18.0.5|:8081... connected.
kms_1       | Download hadoop/16cde8dde1a7@EXAMPLE.COM keytab file to /etc/security/keytabs/hadoop.keytab
rm_1        | 
om_1        | Length: 146 [application/octet-stream]
nm_1        | Length: 146 [application/octet-stream]
s3g_1       | 
datanode_2  | 
datanode_3  |      0K                                                       100% 22.9M=0s
kdc_1       | Authenticating as principal admin/admin with keytab /tmp/admin.keytab.
scm_1       |      0K                                                       100% 17.8M=0s
jhs         | HTTP request sent, awaiting response... 200 OK
datanode_1  | Connecting to kdc (kdc)|172.18.0.5|:8081... connected.
kms_1       | --2019-10-31 23:39:38--  http://kdc:8081/keytab/16cde8dde1a7/hadoop
rm_1        | Keytab name: FILE:/etc/security/keytabs/hadoop.keytab
om_1        | Saving to: '/etc/security/keytabs/hadoop.keytab'
nm_1        | Saving to: '/etc/security/keytabs/hadoop.keytab'
s3g_1       | 2019-10-31 23:39:38 (15.4 MB/s) - '/etc/security/keytabs/hadoop.keytab' saved [148/148]
datanode_2  |      0K                                                       100% 17.6M=0s
datanode_3  | 
kdc_1       | WARNING: no policy specified for dn/07b496c397e4@EXAMPLE.COM; defaulting to no policy
scm_1       | 
jhs         | Length: 148 [application/octet-stream]
datanode_1  | HTTP request sent, awaiting response... 200 OK
kms_1       | Resolving kdc (kdc)... 172.18.0.5
rm_1        | KVNO Timestamp         Principal
om_1        | 
nm_1        | 
s3g_1       | 
datanode_2  | 
datanode_3  | 2019-10-31 23:39:37 (22.9 MB/s) - '/etc/security/keytabs/hadoop.keytab' saved [166/166]
kdc_1       | Principal "dn/07b496c397e4@EXAMPLE.COM" created.
scm_1       | 2019-10-31 23:39:38 (17.8 MB/s) - '/etc/security/keytabs/hadoop.keytab' saved [148/148]
datanode_1  | Length: 166 [application/octet-stream]
jhs         | Saving to: '/etc/security/keytabs/hadoop.keytab'
kms_1       | Connecting to kdc (kdc)|172.18.0.5|:8081... connected.
om_1        |      0K                                                       100% 10.1M=0s
nm_1        |      0K                                                       100% 19.3M=0s
datanode_2  | 2019-10-31 23:39:37 (17.6 MB/s) - '/etc/security/keytabs/hadoop.keytab' saved [166/166]
s3g_1       | Keytab name: FILE:/etc/security/keytabs/hadoop.keytab
rm_1        | ---- ----------------- --------------------------------------------------------
datanode_3  | 
kdc_1       | Authenticating as principal admin/admin with keytab /tmp/admin.keytab.
scm_1       | 
datanode_1  | Saving to: '/etc/security/keytabs/hadoop.keytab'
jhs         | 
om_1        | 
kms_1       | HTTP request sent, awaiting response... 200 OK
nm_1        | 
datanode_2  | 
s3g_1       | KVNO Timestamp         Principal
rm_1        |    2 10/31/19 23:39:39 hadoop/rm@EXAMPLE.COM
datanode_3  | Keytab name: FILE:/etc/security/keytabs/hadoop.keytab
kdc_1       | Entry for principal dn/07b496c397e4@EXAMPLE.COM with kvno 2, encryption type aes256-cts-hmac-sha1-96 added to keytab WRFILE:/data/dn.07b496c397e4.keytab.
scm_1       | Keytab name: FILE:/etc/security/keytabs/hadoop.keytab
datanode_1  | 
jhs         |      0K                                                       100% 8.95M=0s
om_1        | 2019-10-31 23:39:33 (10.1 MB/s) - '/etc/security/keytabs/hadoop.keytab' saved [146/146]
kms_1       | Length: 166 [application/octet-stream]
datanode_2  | Keytab name: FILE:/etc/security/keytabs/hadoop.keytab
s3g_1       | ---- ----------------- --------------------------------------------------------
datanode_3  | KVNO Timestamp         Principal
rm_1        |    2 10/31/19 23:39:39 hadoop/rm@EXAMPLE.COM
nm_1        | 2019-10-31 23:39:38 (19.3 MB/s) - '/etc/security/keytabs/hadoop.keytab' saved [146/146]
kdc_1       | Entry for principal dn/07b496c397e4@EXAMPLE.COM with kvno 2, encryption type aes128-cts-hmac-sha1-96 added to keytab WRFILE:/data/dn.07b496c397e4.keytab.
datanode_1  |      0K                                                       100% 20.4M=0s
jhs         | 
om_1        | 
kms_1       | Saving to: '/etc/security/keytabs/hadoop.keytab'
datanode_2  | KVNO Timestamp         Principal
scm_1       | KVNO Timestamp         Principal
s3g_1       |    2 10/31/19 23:39:38 hadoop/s3g@EXAMPLE.COM
datanode_3  | ---- ----------------- --------------------------------------------------------
rm_1        | Download spark/rm@EXAMPLE.COM keytab file to /etc/security/keytabs/spark.keytab
nm_1        | 
kdc_1       | Generiting keytab
datanode_1  | 
jhs         | 2019-10-31 23:39:35 (8.95 MB/s) - '/etc/security/keytabs/hadoop.keytab' saved [148/148]
om_1        | Keytab name: FILE:/etc/security/keytabs/hadoop.keytab
kms_1       | 
datanode_2  | ---- ----------------- --------------------------------------------------------
scm_1       | ---- ----------------- --------------------------------------------------------
s3g_1       |    2 10/31/19 23:39:38 hadoop/s3g@EXAMPLE.COM
datanode_3  |    2 10/31/19 23:39:37 hadoop/07b496c397e4@EXAMPLE.COM
rm_1        | --2019-10-31 23:39:39--  http://kdc:8081/keytab/rm/spark
nm_1        | Keytab name: FILE:/etc/security/keytabs/hadoop.keytab
kdc_1       | Authenticating as principal admin/admin with keytab /tmp/admin.keytab.
datanode_1  | 2019-10-31 23:39:35 (20.4 MB/s) - '/etc/security/keytabs/hadoop.keytab' saved [166/166]
jhs         | 
om_1        | KVNO Timestamp         Principal
kms_1       |      0K                                                       100% 16.7M=0s
datanode_2  |    2 10/31/19 23:39:37 hadoop/35a79674066f@EXAMPLE.COM
scm_1       |    2 10/31/19 23:39:38 hadoop/scm@EXAMPLE.COM
s3g_1       | Download spark/s3g@EXAMPLE.COM keytab file to /etc/security/keytabs/spark.keytab
datanode_3  |    2 10/31/19 23:39:37 hadoop/07b496c397e4@EXAMPLE.COM
rm_1        | Resolving kdc (kdc)... 172.18.0.5
nm_1        | KVNO Timestamp         Principal
kdc_1       | WARNING: no policy specified for dn/nm@EXAMPLE.COM; defaulting to no policy
datanode_1  | 
jhs         | Keytab name: FILE:/etc/security/keytabs/hadoop.keytab
om_1        | ---- ----------------- --------------------------------------------------------
kms_1       | 
datanode_2  |    2 10/31/19 23:39:37 hadoop/35a79674066f@EXAMPLE.COM
scm_1       |    2 10/31/19 23:39:38 hadoop/scm@EXAMPLE.COM
s3g_1       | --2019-10-31 23:39:38--  http://kdc:8081/keytab/s3g/spark
datanode_3  | Download spark/07b496c397e4@EXAMPLE.COM keytab file to /etc/security/keytabs/spark.keytab
rm_1        | Connecting to kdc (kdc)|172.18.0.5|:8081... connected.
nm_1        | ---- ----------------- --------------------------------------------------------
kdc_1       | Principal "dn/nm@EXAMPLE.COM" created.
datanode_1  | Keytab name: FILE:/etc/security/keytabs/hadoop.keytab
jhs         | KVNO Timestamp         Principal
om_1        |    2 10/31/19 23:39:33 hadoop/om@EXAMPLE.COM
kms_1       | 2019-10-31 23:39:40 (16.7 MB/s) - '/etc/security/keytabs/hadoop.keytab' saved [166/166]
datanode_2  | Download spark/35a79674066f@EXAMPLE.COM keytab file to /etc/security/keytabs/spark.keytab
scm_1       | Download spark/scm@EXAMPLE.COM keytab file to /etc/security/keytabs/spark.keytab
datanode_3  | --2019-10-31 23:39:37--  http://kdc:8081/keytab/07b496c397e4/spark
nm_1        |    2 10/31/19 23:39:38 hadoop/nm@EXAMPLE.COM
s3g_1       | Resolving kdc (kdc)... 172.18.0.5
rm_1        | HTTP request sent, awaiting response... 200 OK
kdc_1       | Authenticating as principal admin/admin with keytab /tmp/admin.keytab.
datanode_1  | KVNO Timestamp         Principal
jhs         | ---- ----------------- --------------------------------------------------------
om_1        |    2 10/31/19 23:39:33 hadoop/om@EXAMPLE.COM
datanode_2  | --2019-10-31 23:39:37--  http://kdc:8081/keytab/35a79674066f/spark
kms_1       | 
scm_1       | --2019-10-31 23:39:38--  http://kdc:8081/keytab/scm/spark
datanode_3  | Resolving kdc (kdc)... 172.18.0.5
nm_1        |    2 10/31/19 23:39:38 hadoop/nm@EXAMPLE.COM
s3g_1       | Connecting to kdc (kdc)|172.18.0.5|:8081... connected.
rm_1        | Length: 144 [application/octet-stream]
datanode_1  | ---- ----------------- --------------------------------------------------------
jhs         |    2 10/31/19 23:39:35 hadoop/jhs@EXAMPLE.COM
kdc_1       | Entry for principal dn/nm@EXAMPLE.COM with kvno 2, encryption type aes256-cts-hmac-sha1-96 added to keytab WRFILE:/data/dn.nm.keytab.
datanode_2  | Resolving kdc (kdc)... 172.18.0.5
kms_1       | Keytab name: FILE:/etc/security/keytabs/hadoop.keytab
om_1        | Download spark/om@EXAMPLE.COM keytab file to /etc/security/keytabs/spark.keytab
scm_1       | Resolving kdc (kdc)... 172.18.0.5
datanode_3  | Connecting to kdc (kdc)|172.18.0.5|:8081... connected.
nm_1        | Download spark/nm@EXAMPLE.COM keytab file to /etc/security/keytabs/spark.keytab
s3g_1       | HTTP request sent, awaiting response... 200 OK
rm_1        | Saving to: '/etc/security/keytabs/spark.keytab'
datanode_1  |    2 10/31/19 23:39:35 hadoop/1d3aef75233b@EXAMPLE.COM
jhs         |    2 10/31/19 23:39:35 hadoop/jhs@EXAMPLE.COM
kdc_1       | Entry for principal dn/nm@EXAMPLE.COM with kvno 2, encryption type aes128-cts-hmac-sha1-96 added to keytab WRFILE:/data/dn.nm.keytab.
datanode_2  | Connecting to kdc (kdc)|172.18.0.5|:8081... connected.
kms_1       | KVNO Timestamp         Principal
om_1        | --2019-10-31 23:39:33--  http://kdc:8081/keytab/om/spark
scm_1       | Connecting to kdc (kdc)|172.18.0.5|:8081... connected.
datanode_3  | HTTP request sent, awaiting response... 200 OK
nm_1        | --2019-10-31 23:39:38--  http://kdc:8081/keytab/nm/spark
s3g_1       | Length: 146 [application/octet-stream]
rm_1        | 
datanode_1  |    2 10/31/19 23:39:35 hadoop/1d3aef75233b@EXAMPLE.COM
jhs         | Download spark/jhs@EXAMPLE.COM keytab file to /etc/security/keytabs/spark.keytab
kdc_1       | Generiting keytab
datanode_2  | HTTP request sent, awaiting response... 200 OK
kms_1       | ---- ----------------- --------------------------------------------------------
om_1        | Resolving kdc (kdc)... 172.18.0.5
scm_1       | HTTP request sent, awaiting response... 200 OK
datanode_3  | Length: 164 [application/octet-stream]
nm_1        | Resolving kdc (kdc)... 172.18.0.5
s3g_1       | Saving to: '/etc/security/keytabs/spark.keytab'
rm_1        |      0K                                                       100% 15.8M=0s
datanode_1  | Download spark/1d3aef75233b@EXAMPLE.COM keytab file to /etc/security/keytabs/spark.keytab
jhs         | --2019-10-31 23:39:35--  http://kdc:8081/keytab/jhs/spark
kdc_1       | Authenticating as principal admin/admin with keytab /tmp/admin.keytab.
datanode_2  | Length: 164 [application/octet-stream]
kms_1       |    2 10/31/19 23:39:40 hadoop/16cde8dde1a7@EXAMPLE.COM
om_1        | Connecting to kdc (kdc)|172.18.0.5|:8081... connected.
scm_1       | Length: 146 [application/octet-stream]
nm_1        | Connecting to kdc (kdc)|172.18.0.5|:8081... connected.
datanode_3  | Saving to: '/etc/security/keytabs/spark.keytab'
s3g_1       | 
rm_1        | 
datanode_1  | --2019-10-31 23:39:35--  http://kdc:8081/keytab/1d3aef75233b/spark
jhs         | Resolving kdc (kdc)... 172.18.0.5
datanode_2  | Saving to: '/etc/security/keytabs/spark.keytab'
kms_1       |    2 10/31/19 23:39:40 hadoop/16cde8dde1a7@EXAMPLE.COM
om_1        | HTTP request sent, awaiting response... 200 OK
scm_1       | Saving to: '/etc/security/keytabs/spark.keytab'
nm_1        | HTTP request sent, awaiting response... 200 OK
datanode_3  | 
s3g_1       |      0K                                                       100% 13.4M=0s
rm_1        | 2019-10-31 23:39:40 (15.8 MB/s) - '/etc/security/keytabs/spark.keytab' saved [144/144]
datanode_1  | Resolving kdc (kdc)... 172.18.0.5
jhs         | Connecting to kdc (kdc)|172.18.0.5|:8081... connected.
kdc_1       | WARNING: no policy specified for dn/s3g@EXAMPLE.COM; defaulting to no policy
datanode_2  | 
kms_1       | Download spark/16cde8dde1a7@EXAMPLE.COM keytab file to /etc/security/keytabs/spark.keytab
om_1        | Length: 144 [application/octet-stream]
scm_1       | 
nm_1        | Length: 144 [application/octet-stream]
datanode_3  |      0K                                                       100% 25.3M=0s
s3g_1       | 
rm_1        | 
datanode_1  | Connecting to kdc (kdc)|172.18.0.5|:8081... connected.
kdc_1       | Principal "dn/s3g@EXAMPLE.COM" created.
datanode_2  |      0K                                                       100% 15.4M=0s
kms_1       | --2019-10-31 23:39:40--  http://kdc:8081/keytab/16cde8dde1a7/spark
om_1        | Saving to: '/etc/security/keytabs/spark.keytab'
scm_1       |      0K                                                       100% 19.6M=0s
jhs         | HTTP request sent, awaiting response... 200 OK
nm_1        | Saving to: '/etc/security/keytabs/spark.keytab'
datanode_3  | 
s3g_1       | 2019-10-31 23:39:39 (13.4 MB/s) - '/etc/security/keytabs/spark.keytab' saved [146/146]
rm_1        | Keytab name: FILE:/etc/security/keytabs/spark.keytab
datanode_1  | HTTP request sent, awaiting response... 200 OK
kdc_1       | Authenticating as principal admin/admin with keytab /tmp/admin.keytab.
datanode_2  | 
om_1        | 
scm_1       | 
kms_1       | Resolving kdc (kdc)... 172.18.0.5
jhs         | Length: 146 [application/octet-stream]
nm_1        | 
s3g_1       | 
rm_1        | KVNO Timestamp         Principal
datanode_3  | 2019-10-31 23:39:39 (25.3 MB/s) - '/etc/security/keytabs/spark.keytab' saved [164/164]
datanode_1  | Length: 164 [application/octet-stream]
kdc_1       | Entry for principal dn/s3g@EXAMPLE.COM with kvno 2, encryption type aes256-cts-hmac-sha1-96 added to keytab WRFILE:/data/dn.s3g.keytab.
datanode_2  | 2019-10-31 23:39:39 (15.4 MB/s) - '/etc/security/keytabs/spark.keytab' saved [164/164]
om_1        |      0K                                                       100% 7.79M=0s
scm_1       | 2019-10-31 23:39:40 (19.6 MB/s) - '/etc/security/keytabs/spark.keytab' saved [146/146]
kms_1       | Connecting to kdc (kdc)|172.18.0.5|:8081... connected.
jhs         | Saving to: '/etc/security/keytabs/spark.keytab'
nm_1        |      0K                                                       100% 16.1M=0s
s3g_1       | Keytab name: FILE:/etc/security/keytabs/spark.keytab
rm_1        | ---- ----------------- --------------------------------------------------------
datanode_3  | 
datanode_1  | Saving to: '/etc/security/keytabs/spark.keytab'
kdc_1       | Entry for principal dn/s3g@EXAMPLE.COM with kvno 2, encryption type aes128-cts-hmac-sha1-96 added to keytab WRFILE:/data/dn.s3g.keytab.
datanode_2  | 
om_1        | 
scm_1       | 
kms_1       | HTTP request sent, awaiting response... 200 OK
jhs         | 
nm_1        | 
s3g_1       | KVNO Timestamp         Principal
rm_1        |    2 10/31/19 23:39:40 spark/rm@EXAMPLE.COM
datanode_3  | Keytab name: FILE:/etc/security/keytabs/spark.keytab
datanode_1  | 
kdc_1       | Generiting keytab
datanode_2  | Keytab name: FILE:/etc/security/keytabs/spark.keytab
om_1        | 2019-10-31 23:39:35 (7.79 MB/s) - '/etc/security/keytabs/spark.keytab' saved [144/144]
scm_1       | Keytab name: FILE:/etc/security/keytabs/spark.keytab
kms_1       | Length: 164 [application/octet-stream]
jhs         |      0K                                                       100% 12.7M=0s
nm_1        | 2019-10-31 23:39:39 (16.1 MB/s) - '/etc/security/keytabs/spark.keytab' saved [144/144]
s3g_1       | ---- ----------------- --------------------------------------------------------
rm_1        |    2 10/31/19 23:39:40 spark/rm@EXAMPLE.COM
datanode_3  | KVNO Timestamp         Principal
datanode_1  |      0K                                                       100% 21.0M=0s
kdc_1       | Authenticating as principal admin/admin with keytab /tmp/admin.keytab.
datanode_2  | KVNO Timestamp         Principal
om_1        | 
kms_1       | Saving to: '/etc/security/keytabs/spark.keytab'
jhs         | 
scm_1       | KVNO Timestamp         Principal
nm_1        | 
s3g_1       |    2 10/31/19 23:39:39 spark/s3g@EXAMPLE.COM
rm_1        | # Licensed to the Apache Software Foundation (ASF) under one or more
datanode_3  | ---- ----------------- --------------------------------------------------------
datanode_1  | 
datanode_2  | ---- ----------------- --------------------------------------------------------
om_1        | Keytab name: FILE:/etc/security/keytabs/spark.keytab
kdc_1       | WARNING: no policy specified for dn/scm@EXAMPLE.COM; defaulting to no policy
kms_1       | 
