scm_1       | 2019-11-16 06:34:16,743 INFO pipeline.PipelineReportHandler: Pipeline THREE PipelineID=1c938495-46e7-4d2f-bbd8-cccf44b611dd reported by 8704796e-80f0-4b05-9618-9ce103368c02{ip: 172.18.0.4, host: hadoop27_datanode_2.hadoop27_default, networkLocation: /default-rack, certSerialId: null}
rm_1        | 2019-11-16 06:33:57 INFO  log:67 - jetty-6.1.26
nm_1        | 2019-11-16 06:35:18 INFO  LocalizedResource:203 - Resource o3fs://bucket1.vol1/user/hadoop/.staging/job_1573886036836_0001/job.splitmetainfo(->/tmp/hadoop-hadoop/nm-local-dir/usercache/hadoop/appcache/application_1573886036836_0001/filecache/10/job.splitmetainfo) transitioned from DOWNLOADING to LOCALIZED
datanode_1  | 2019-11-16 06:34:06,346 INFO impl.RaftServerImpl: ab213966-42b4-4549-8f10-96efe45961e0@group-CCCF44B611DD: changes role from      null to FOLLOWER at term 0 for startAsFollower
datanode_2  | 2019-11-16 06:34:05,871 INFO server.RaftServerConfigKeys: raft.server.log.statemachine.data.sync.timeout = 10s (default)
datanode_3  | 2019-11-16 06:34:06,345 WARN impl.MetricRegistriesImpl: First MetricRegistry has been created without registering reporters. You may need to call MetricRegistries.global().addReportRegistration(...) before.
scm_1       | 2019-11-16 06:34:16,743 INFO pipeline.PipelineStateManager: Pipeline Pipeline[ Id: 1c938495-46e7-4d2f-bbd8-cccf44b611dd, Nodes: 8704796e-80f0-4b05-9618-9ce103368c02{ip: 172.18.0.4, host: hadoop27_datanode_2.hadoop27_default, networkLocation: /default-rack, certSerialId: null}d91accc3-ae84-4654-bc61-90d3b978fa88{ip: 172.18.0.8, host: hadoop27_datanode_3.hadoop27_default, networkLocation: /default-rack, certSerialId: null}ab213966-42b4-4549-8f10-96efe45961e0{ip: 172.18.0.9, host: hadoop27_datanode_1.hadoop27_default, networkLocation: /default-rack, certSerialId: null}, Type:RATIS, Factor:THREE, State:ALLOCATED] moved to OPEN state
rm_1        | 2019-11-16 06:33:57 INFO  log:67 - Extract jar:file:/opt/hadoop/share/hadoop/yarn/hadoop-yarn-common-2.7.7.jar!/webapps/cluster to /tmp/Jetty_rm_8088_cluster____oilmo9/webapp
datanode_1  | 2019-11-16 06:34:06,346 INFO impl.RoleInfo: ab213966-42b4-4549-8f10-96efe45961e0: start FollowerState
datanode_2  | 2019-11-16 06:34:05,871 INFO server.RaftServerConfigKeys: raft.server.log.statemachine.data.sync.timeout.retry = -1 (default)
datanode_3  | 2019-11-16 06:34:06,346 WARN impl.MetricRegistriesImpl: First MetricRegistry has been created without registering reporters. You may need to call MetricRegistries.global().addReportRegistration(...) before.
scm_1       | 2019-11-16 06:34:16,744 INFO safemode.SCMSafeModeManager: AtleastOneDatanodeReportedRule rule is successfully validated
rm_1        | 2019-11-16 06:33:58 INFO  AbstractDelegationTokenSecretManager:326 - Updating the current master key for generating delegation tokens
nm_1        | 2019-11-16 06:35:18 INFO  LocalizedResource:203 - Resource o3fs://bucket1.vol1/user/hadoop/.staging/job_1573886036836_0001/job.jar(->/tmp/hadoop-hadoop/nm-local-dir/usercache/hadoop/appcache/application_1573886036836_0001/filecache/11/job.jar) transitioned from DOWNLOADING to LOCALIZED
datanode_1  | 2019-11-16 06:34:06,347 INFO util.JmxRegister: Successfully registered JMX Bean with object name Ratis:service=RaftServer,group=group-CCCF44B611DD,id=ab213966-42b4-4549-8f10-96efe45961e0
datanode_2  | 2019-11-16 06:34:05,871 INFO server.RaftServerConfigKeys: raft.server.log.statemachine.data.caching.enabled = true (custom)
datanode_3  | 2019-11-16 06:34:06,346 INFO impl.RaftServerImpl: d91accc3-ae84-4654-bc61-90d3b978fa88@group-CCCF44B611DD: start as a follower, conf=-1: [8704796e-80f0-4b05-9618-9ce103368c02:172.18.0.4:9858, ab213966-42b4-4549-8f10-96efe45961e0:172.18.0.9:9858, d91accc3-ae84-4654-bc61-90d3b978fa88:172.18.0.8:9858], old=null
scm_1       | 2019-11-16 06:34:16,744 INFO safemode.SCMSafeModeManager: SCM in safe mode. Healthy pipelines reported count is 1, required healthy pipeline reported count is 1
rm_1        | 2019-11-16 06:33:58 INFO  AbstractDelegationTokenSecretManager:644 - Starting expired delegation token remover thread, tokenRemoverScanInterval=60 min(s)
nm_1        | 2019-11-16 06:35:18 INFO  LocalizedResource:203 - Resource o3fs://bucket1.vol1/user/hadoop/.staging/job_1573886036836_0001/job.split(->/tmp/hadoop-hadoop/nm-local-dir/usercache/hadoop/appcache/application_1573886036836_0001/filecache/12/job.split) transitioned from DOWNLOADING to LOCALIZED
datanode_1  | 2019-11-16 06:34:06,347 WARN impl.MetricRegistriesImpl: First MetricRegistry has been created without registering reporters. You may need to call MetricRegistries.global().addReportRegistration(...) before.
datanode_2  | 2019-11-16 06:34:05,871 INFO segmented.SegmentedRaftLogWorker: 8704796e-80f0-4b05-9618-9ce103368c02@group-CCCF44B611DD-SegmentedRaftLogWorker: flushIndex: setUnconditionally 0 -> -1
datanode_3  | 2019-11-16 06:34:06,346 INFO impl.RaftServerImpl: d91accc3-ae84-4654-bc61-90d3b978fa88@group-CCCF44B611DD: changes role from      null to FOLLOWER at term 0 for startAsFollower
scm_1       | 2019-11-16 06:34:16,744 INFO safemode.SCMSafeModeManager: HealthyPipelineSafeModeRule rule is successfully validated
rm_1        | 2019-11-16 06:33:58 INFO  AbstractDelegationTokenSecretManager:326 - Updating the current master key for generating delegation tokens
datanode_1  | 2019-11-16 06:34:06,348 INFO commandhandler.CreatePipelineCommandHandler: Create Pipeline RATIS THREE #id: "1c938495-46e7-4d2f-bbd8-cccf44b611dd"
scm_1       | 2019-11-16 06:34:16,744 INFO safemode.SCMSafeModeManager: ScmSafeModeManager, all rules are successfully validated
datanode_3  | 2019-11-16 06:34:06,346 INFO impl.RoleInfo: d91accc3-ae84-4654-bc61-90d3b978fa88: start FollowerState
nm_1        | 2019-11-16 06:35:18 INFO  LocalizedResource:203 - Resource o3fs://bucket1.vol1/user/hadoop/.staging/job_1573886036836_0001/job.xml(->/tmp/hadoop-hadoop/nm-local-dir/usercache/hadoop/appcache/application_1573886036836_0001/filecache/13/job.xml) transitioned from DOWNLOADING to LOCALIZED
rm_1        | Nov 16, 2019 6:33:58 AM com.sun.jersey.guice.spi.container.GuiceComponentProviderFactory register
datanode_2  | 2019-11-16 06:34:05,872 INFO server.RaftServerConfigKeys: raft.server.snapshot.auto.trigger.enabled = true (custom)
datanode_1  |  command succeed on datanode ab213966-42b4-4549-8f10-96efe45961e0.
scm_1       | 2019-11-16 06:34:16,745 INFO safemode.SCMSafeModeManager: SCM exiting safe mode.
datanode_3  | 2019-11-16 06:34:06,347 INFO util.JmxRegister: Successfully registered JMX Bean with object name Ratis:service=RaftServer,group=group-CCCF44B611DD,id=d91accc3-ae84-4654-bc61-90d3b978fa88
rm_1        | INFO: Registering org.apache.hadoop.yarn.server.resourcemanager.webapp.JAXBContextResolver as a provider class
datanode_2  | 2019-11-16 06:34:05,872 INFO server.RaftServerConfigKeys: raft.server.snapshot.auto.trigger.threshold = 10000 (custom)
nm_1        | 2019-11-16 06:35:18 INFO  ContainerImpl:1135 - Container container_1573886036836_0001_01_000001 transitioned from LOCALIZING to LOCALIZED
datanode_1  | 2019-11-16 06:34:10,932 INFO impl.FollowerState: ab213966-42b4-4549-8f10-96efe45961e0@group-FBDA95B131C2-FollowerState: change to CANDIDATE, lastRpcTime:5026ms, electionTimeout:5025ms
scm_1       | 2019-11-16 06:36:07,323 INFO server.SCMBlockProtocolServer: SCM is informed by OM to delete 11 blocks
datanode_3  | 2019-11-16 06:34:06,347 WARN impl.MetricRegistriesImpl: First MetricRegistry has been created without registering reporters. You may need to call MetricRegistries.global().addReportRegistration(...) before.
rm_1        | Nov 16, 2019 6:33:58 AM com.sun.jersey.guice.spi.container.GuiceComponentProviderFactory register
datanode_2  | 2019-11-16 06:34:05,872 INFO server.RaftServerConfigKeys: raft.server.snapshot.retention.file.num = 5 (custom)
nm_1        | 2019-11-16 06:35:18 INFO  ContainerImpl:1135 - Container container_1573886036836_0001_01_000001 transitioned from LOCALIZED to RUNNING
datanode_1  | 2019-11-16 06:34:10,934 INFO impl.RoleInfo: ab213966-42b4-4549-8f10-96efe45961e0: shutdown FollowerState
scm_1       | 2019-11-16 06:36:07,324 INFO block.BlockManagerImpl: Deleting blocks conID: 3 locID: 103146200274173957 bcsId: 0
datanode_3  | 2019-11-16 06:34:06,348 INFO commandhandler.CreatePipelineCommandHandler: Create Pipeline RATIS THREE #id: "1c938495-46e7-4d2f-bbd8-cccf44b611dd"
rm_1        | INFO: Registering org.apache.hadoop.yarn.server.resourcemanager.webapp.RMWebServices as a root resource class
datanode_2  | 2019-11-16 06:34:05,873 INFO server.RaftServerConfigKeys: raft.server.retrycache.expirytime = 600000ms (custom)
nm_1        | 2019-11-16 06:35:18 INFO  ContainersMonitorImpl:196 - Neither virutal-memory nor physical-memory monitoring is needed. Not running the monitor-thread
datanode_1  | 2019-11-16 06:34:10,934 INFO impl.RaftServerImpl: ab213966-42b4-4549-8f10-96efe45961e0@group-FBDA95B131C2: changes role from  FOLLOWER to CANDIDATE at term 0 for changeToCandidate
datanode_3  |  command succeed on datanode d91accc3-ae84-4654-bc61-90d3b978fa88.
scm_1       | 2019-11-16 06:36:07,331 INFO block.BlockManagerImpl: Deleting blocks conID: 1 locID: 103146200289247238 bcsId: 0
rm_1        | Nov 16, 2019 6:33:58 AM com.sun.jersey.guice.spi.container.GuiceComponentProviderFactory register
datanode_2  | 2019-11-16 06:34:05,873 WARN impl.MetricRegistriesImpl: First MetricRegistry has been created without registering reporters. You may need to call MetricRegistries.global().addReportRegistration(...) before.
nm_1        | 2019-11-16 06:35:18 INFO  DefaultContainerExecutor:268 - launchContainer: [bash, /tmp/hadoop-hadoop/nm-local-dir/usercache/hadoop/appcache/application_1573886036836_0001/container_1573886036836_0001_01_000001/default_container_executor.sh]
datanode_1  | 2019-11-16 06:34:10,939 INFO impl.RoleInfo: ab213966-42b4-4549-8f10-96efe45961e0: start LeaderElection
datanode_3  | 2019-11-16 06:34:11,035 INFO impl.FollowerState: d91accc3-ae84-4654-bc61-90d3b978fa88@group-A3C738AF0B63-FollowerState: change to CANDIDATE, lastRpcTime:5083ms, electionTimeout:5083ms
scm_1       | 2019-11-16 06:36:07,331 INFO block.BlockManagerImpl: Deleting blocks conID: 2 locID: 103146200296521735 bcsId: 0
rm_1        | INFO: Registering org.apache.hadoop.yarn.webapp.GenericExceptionHandler as a provider class
datanode_2  | 2019-11-16 06:34:05,873 WARN impl.MetricRegistriesImpl: First MetricRegistry has been created without registering reporters. You may need to call MetricRegistries.global().addReportRegistration(...) before.
nm_1        | 2019-11-16 06:35:35 INFO  Server:1454 - Auth successful for appattempt_1573886036836_0001_000001 (auth:SIMPLE)
datanode_1  | 2019-11-16 06:34:10,952 INFO impl.LeaderElection: ab213966-42b4-4549-8f10-96efe45961e0@group-FBDA95B131C2-LeaderElection1: begin an election at term 1 for -1: [ab213966-42b4-4549-8f10-96efe45961e0:172.18.0.9:9858], old=null
datanode_3  | 2019-11-16 06:34:11,037 INFO impl.RoleInfo: d91accc3-ae84-4654-bc61-90d3b978fa88: shutdown FollowerState
scm_1       | 2019-11-16 06:36:07,332 INFO block.BlockManagerImpl: Deleting blocks conID: 3 locID: 103146200304779272 bcsId: 0
rm_1        | Nov 16, 2019 6:33:58 AM com.sun.jersey.server.impl.application.WebApplicationImpl _initiate
datanode_2  | 2019-11-16 06:34:05,873 INFO impl.RaftServerImpl: 8704796e-80f0-4b05-9618-9ce103368c02@group-CCCF44B611DD: start as a follower, conf=-1: [8704796e-80f0-4b05-9618-9ce103368c02:172.18.0.4:9858, ab213966-42b4-4549-8f10-96efe45961e0:172.18.0.9:9858, d91accc3-ae84-4654-bc61-90d3b978fa88:172.18.0.8:9858], old=null
nm_1        | 2019-11-16 06:35:35 INFO  ContainerManagerImpl:810 - Start request for container_1573886036836_0001_01_000002 by user hadoop
datanode_1  | 2019-11-16 06:34:10,953 INFO impl.RoleInfo: ab213966-42b4-4549-8f10-96efe45961e0: shutdown LeaderElection
datanode_3  | 2019-11-16 06:34:11,038 INFO impl.RaftServerImpl: d91accc3-ae84-4654-bc61-90d3b978fa88@group-A3C738AF0B63: changes role from  FOLLOWER to CANDIDATE at term 0 for changeToCandidate
scm_1       | 2019-11-16 06:36:07,332 INFO block.BlockManagerImpl: Deleting blocks conID: 1 locID: 103146201539018761 bcsId: 0
rm_1        | INFO: Initiating Jersey application, version 'Jersey: 1.9 09/02/2011 11:17 AM'
datanode_2  | 2019-11-16 06:34:05,873 INFO impl.RaftServerImpl: 8704796e-80f0-4b05-9618-9ce103368c02@group-CCCF44B611DD: changes role from      null to FOLLOWER at term 0 for startAsFollower
nm_1        | 2019-11-16 06:35:35 INFO  ApplicationImpl:304 - Adding container_1573886036836_0001_01_000002 to application application_1573886036836_0001
datanode_1  | 2019-11-16 06:34:10,954 INFO impl.RaftServerImpl: ab213966-42b4-4549-8f10-96efe45961e0@group-FBDA95B131C2: changes role from CANDIDATE to LEADER at term 1 for changeToLeader
scm_1       | 2019-11-16 06:36:07,332 INFO block.BlockManagerImpl: Deleting blocks conID: 2 locID: 103146201555468298 bcsId: 0
rm_1        | Nov 16, 2019 6:33:58 AM com.sun.jersey.guice.spi.container.GuiceComponentProviderFactory getComponentProvider
datanode_3  | 2019-11-16 06:34:11,041 INFO impl.RoleInfo: d91accc3-ae84-4654-bc61-90d3b978fa88: start LeaderElection
datanode_2  | 2019-11-16 06:34:05,874 INFO impl.RoleInfo: 8704796e-80f0-4b05-9618-9ce103368c02: start FollowerState
nm_1        | 2019-11-16 06:35:35 INFO  NMAuditLogger:89 - USER=hadoop	IP=172.18.0.7	OPERATION=Start Container Request	TARGET=ContainerManageImpl	RESULT=SUCCESS	APPID=application_1573886036836_0001	CONTAINERID=container_1573886036836_0001_01_000002
datanode_1  | 2019-11-16 06:34:10,954 INFO ratis.XceiverServerRatis: Leader change notification received for group: group-FBDA95B131C2 with new leaderId: ab213966-42b4-4549-8f10-96efe45961e0
scm_1       | 2019-11-16 06:36:07,332 INFO block.BlockManagerImpl: Deleting blocks conID: 3 locID: 103146200036933634 bcsId: 0
rm_1        | INFO: Binding org.apache.hadoop.yarn.server.resourcemanager.webapp.JAXBContextResolver to GuiceManagedComponentProvider with the scope "Singleton"
datanode_3  | 2019-11-16 06:34:11,365 INFO impl.FollowerState: d91accc3-ae84-4654-bc61-90d3b978fa88@group-CCCF44B611DD-FollowerState: change to CANDIDATE, lastRpcTime:5018ms, electionTimeout:5018ms
datanode_2  | 2019-11-16 06:34:05,874 INFO util.JmxRegister: Successfully registered JMX Bean with object name Ratis:service=RaftServer,group=group-CCCF44B611DD,id=8704796e-80f0-4b05-9618-9ce103368c02
nm_1        | 2019-11-16 06:35:35 INFO  ContainerImpl:1135 - Container container_1573886036836_0001_01_000002 transitioned from NEW to LOCALIZING
datanode_1  | 2019-11-16 06:34:10,957 INFO impl.RaftServerImpl: ab213966-42b4-4549-8f10-96efe45961e0@group-FBDA95B131C2: change Leader from null to ab213966-42b4-4549-8f10-96efe45961e0 at term 1 for becomeLeader, leader elected after 5143ms
scm_1       | 2019-11-16 06:36:07,333 INFO block.BlockManagerImpl: Deleting blocks conID: 1 locID: 103146200146051075 bcsId: 0
rm_1        | Nov 16, 2019 6:33:58 AM com.sun.jersey.guice.spi.container.GuiceComponentProviderFactory getComponentProvider
datanode_3  | 2019-11-16 06:34:11,366 INFO impl.RoleInfo: d91accc3-ae84-4654-bc61-90d3b978fa88: shutdown FollowerState
datanode_2  | 2019-11-16 06:34:05,874 WARN impl.MetricRegistriesImpl: First MetricRegistry has been created without registering reporters. You may need to call MetricRegistries.global().addReportRegistration(...) before.
nm_1        | 2019-11-16 06:35:35 INFO  AuxServices:196 - Got event CONTAINER_INIT for appId application_1573886036836_0001
scm_1       | 2019-11-16 06:36:07,333 INFO block.BlockManagerImpl: Deleting blocks conID: 2 locID: 103146200154767364 bcsId: 0
rm_1        | INFO: Binding org.apache.hadoop.yarn.webapp.GenericExceptionHandler to GuiceManagedComponentProvider with the scope "Singleton"
datanode_2  | 2019-11-16 06:34:05,875 INFO commandhandler.CreatePipelineCommandHandler: Create Pipeline RATIS THREE #id: "1c938495-46e7-4d2f-bbd8-cccf44b611dd"
datanode_3  | 2019-11-16 06:34:11,366 INFO impl.RaftServerImpl: d91accc3-ae84-4654-bc61-90d3b978fa88@group-CCCF44B611DD: changes role from  FOLLOWER to CANDIDATE at term 0 for changeToCandidate
nm_1        | 2019-11-16 06:35:35 INFO  AuxServices:196 - Got event APPLICATION_INIT for appId application_1573886036836_0001
datanode_1  | 2019-11-16 06:34:10,964 INFO server.RaftServerConfigKeys: raft.server.staging.catchup.gap = 1000 (default)
scm_1       | 2019-11-16 06:36:07,333 INFO block.BlockManagerImpl: Deleting blocks conID: 3 locID: 103146203091435531 bcsId: 0
rm_1        | Nov 16, 2019 6:33:59 AM com.sun.jersey.guice.spi.container.GuiceComponentProviderFactory getComponentProvider
datanode_3  | 2019-11-16 06:34:11,366 INFO impl.RoleInfo: d91accc3-ae84-4654-bc61-90d3b978fa88: start LeaderElection
nm_1        | 2019-11-16 06:35:35 INFO  AuxServices:200 - Got APPLICATION_INIT for service mapreduce_shuffle
datanode_1  | 2019-11-16 06:34:10,964 INFO server.RaftServerConfigKeys: raft.server.rpc.sleep.time = 25ms (default)
rm_1        | INFO: Binding org.apache.hadoop.yarn.server.resourcemanager.webapp.RMWebServices to GuiceManagedComponentProvider with the scope "Singleton"
nm_1        | 2019-11-16 06:35:35 INFO  ShuffleHandler:677 - Added token for job_1573886036836_0001
datanode_2  |  command succeed on datanode 8704796e-80f0-4b05-9618-9ce103368c02.
scm_1       | 2019-11-16 06:36:07,333 INFO block.BlockManagerImpl: Deleting blocks conID: 1 locID: 103146203165556748 bcsId: 0
datanode_3  | 2019-11-16 06:34:11,583 INFO impl.LeaderElection: d91accc3-ae84-4654-bc61-90d3b978fa88@group-A3C738AF0B63-LeaderElection1: begin an election at term 1 for -1: [d91accc3-ae84-4654-bc61-90d3b978fa88:172.18.0.8:9858], old=null
datanode_1  | 2019-11-16 06:34:10,969 INFO server.RaftServerConfigKeys: raft.server.write.element-limit = 4096 (default)
rm_1        | 2019-11-16 06:33:59 INFO  log:67 - Started HttpServer2$SelectChannelConnectorWithSafeStartup@rm:8088
datanode_1  | 2019-11-16 06:34:10,976 INFO server.RaftServerConfigKeys: raft.server.watch.timeout = 10s (default)
datanode_2  | 2019-11-16 06:34:10,926 INFO impl.FollowerState: 8704796e-80f0-4b05-9618-9ce103368c02@group-CCCF44B611DD-FollowerState: change to CANDIDATE, lastRpcTime:5052ms, electionTimeout:5052ms
datanode_3  | 2019-11-16 06:34:11,583 INFO impl.LeaderElection: d91accc3-ae84-4654-bc61-90d3b978fa88@group-CCCF44B611DD-LeaderElection2: begin an election at term 1 for -1: [8704796e-80f0-4b05-9618-9ce103368c02:172.18.0.4:9858, ab213966-42b4-4549-8f10-96efe45961e0:172.18.0.9:9858, d91accc3-ae84-4654-bc61-90d3b978fa88:172.18.0.8:9858], old=null
nm_1        | 2019-11-16 06:35:35 INFO  ContainerImpl:1135 - Container container_1573886036836_0001_01_000002 transitioned from LOCALIZING to LOCALIZED
rm_1        | 2019-11-16 06:33:59 INFO  WebApps:307 - Web app cluster started at 8088
datanode_1  | 2019-11-16 06:34:10,976 INFO server.RaftServerConfigKeys: raft.server.watch.timeout.denomination = 1s (default)
datanode_2  | 2019-11-16 06:34:10,929 INFO impl.RoleInfo: 8704796e-80f0-4b05-9618-9ce103368c02: shutdown FollowerState
nm_1        | 2019-11-16 06:35:35 INFO  ContainerImpl:1135 - Container container_1573886036836_0001_01_000002 transitioned from LOCALIZED to RUNNING
datanode_3  | 2019-11-16 06:34:11,587 INFO impl.RoleInfo: d91accc3-ae84-4654-bc61-90d3b978fa88: shutdown LeaderElection
rm_1        | 2019-11-16 06:33:59 INFO  CallQueueManager:57 - Using callQueue: class java.util.concurrent.LinkedBlockingQueue queueCapacity: 100
datanode_1  | 2019-11-16 06:34:10,977 INFO server.RaftServerConfigKeys: raft.server.watch.element-limit = 65536 (default)
datanode_2  | 2019-11-16 06:34:10,930 INFO impl.RaftServerImpl: 8704796e-80f0-4b05-9618-9ce103368c02@group-CCCF44B611DD: changes role from  FOLLOWER to CANDIDATE at term 0 for changeToCandidate
nm_1        | 2019-11-16 06:35:35 INFO  ContainersMonitorImpl:196 - Neither virutal-memory nor physical-memory monitoring is needed. Not running the monitor-thread
rm_1        | 2019-11-16 06:33:59 INFO  Server:722 - Starting Socket Reader #1 for port 8033
datanode_1  | 2019-11-16 06:34:10,987 INFO impl.RoleInfo: ab213966-42b4-4549-8f10-96efe45961e0: start LeaderState
datanode_3  | 2019-11-16 06:34:11,587 INFO impl.RaftServerImpl: d91accc3-ae84-4654-bc61-90d3b978fa88@group-A3C738AF0B63: changes role from CANDIDATE to LEADER at term 1 for changeToLeader
datanode_2  | 2019-11-16 06:34:10,935 INFO impl.RoleInfo: 8704796e-80f0-4b05-9618-9ce103368c02: start LeaderElection
datanode_1  | 2019-11-16 06:34:11,012 INFO segmented.SegmentedRaftLogWorker: ab213966-42b4-4549-8f10-96efe45961e0@group-FBDA95B131C2-SegmentedRaftLogWorker: Starting segment from index:0
datanode_3  | 2019-11-16 06:34:11,588 INFO ratis.XceiverServerRatis: Leader change notification received for group: group-A3C738AF0B63 with new leaderId: d91accc3-ae84-4654-bc61-90d3b978fa88
nm_1        | 2019-11-16 06:35:35 INFO  DefaultContainerExecutor:268 - launchContainer: [bash, /tmp/hadoop-hadoop/nm-local-dir/usercache/hadoop/appcache/application_1573886036836_0001/container_1573886036836_0001_01_000002/default_container_executor.sh]
datanode_2  | 2019-11-16 06:34:10,952 INFO impl.LeaderElection: 8704796e-80f0-4b05-9618-9ce103368c02@group-CCCF44B611DD-LeaderElection1: begin an election at term 1 for -1: [8704796e-80f0-4b05-9618-9ce103368c02:172.18.0.4:9858, ab213966-42b4-4549-8f10-96efe45961e0:172.18.0.9:9858, d91accc3-ae84-4654-bc61-90d3b978fa88:172.18.0.8:9858], old=null
datanode_1  | WARNING: An illegal reflective access operation has occurred
rm_1        | 2019-11-16 06:33:59 INFO  RpcServerFactoryPBImpl:174 - Adding protocol org.apache.hadoop.yarn.server.api.ResourceManagerAdministrationProtocolPB to the server
datanode_3  | 2019-11-16 06:34:11,589 INFO impl.RaftServerImpl: d91accc3-ae84-4654-bc61-90d3b978fa88@group-A3C738AF0B63: change Leader from null to d91accc3-ae84-4654-bc61-90d3b978fa88 at term 1 for becomeLeader, leader elected after 5715ms
nm_1        | 2019-11-16 06:35:39 INFO  Server:1454 - Auth successful for appattempt_1573886036836_0001_000001 (auth:SIMPLE)
datanode_2  | 2019-11-16 06:34:10,953 INFO impl.FollowerState: 8704796e-80f0-4b05-9618-9ce103368c02@group-872901A300AC-FollowerState: change to CANDIDATE, lastRpcTime:5184ms, electionTimeout:5184ms
datanode_1  | WARNING: Illegal reflective access by org.apache.ratis.thirdparty.com.google.protobuf.UnsafeUtil (file:/opt/hadoop/share/ozone/lib/ratis-thirdparty-misc-0.2.0.jar) to field java.nio.Buffer.address
rm_1        | 2019-11-16 06:33:59 INFO  Server:962 - IPC Server Responder: starting
datanode_3  | 2019-11-16 06:34:11,597 INFO server.RaftServerConfigKeys: raft.server.staging.catchup.gap = 1000 (default)
nm_1        | 2019-11-16 06:35:39 INFO  ContainerManagerImpl:960 - Stopping container with container Id: container_1573886036836_0001_01_000002
datanode_2  | 2019-11-16 06:34:10,954 INFO impl.RoleInfo: 8704796e-80f0-4b05-9618-9ce103368c02: shutdown FollowerState
datanode_1  | WARNING: Please consider reporting this to the maintainers of org.apache.ratis.thirdparty.com.google.protobuf.UnsafeUtil
rm_1        | 2019-11-16 06:33:59 INFO  Server:801 - IPC Server listener on 8033: starting
datanode_3  | 2019-11-16 06:34:11,597 INFO server.RaftServerConfigKeys: raft.server.rpc.sleep.time = 25ms (default)
nm_1        | 2019-11-16 06:35:39 INFO  NMAuditLogger:89 - USER=hadoop	IP=172.18.0.7	OPERATION=Stop Container Request	TARGET=ContainerManageImpl	RESULT=SUCCESS	APPID=application_1573886036836_0001	CONTAINERID=container_1573886036836_0001_01_000002
datanode_2  | 2019-11-16 06:34:10,954 INFO impl.RaftServerImpl: 8704796e-80f0-4b05-9618-9ce103368c02@group-872901A300AC: changes role from  FOLLOWER to CANDIDATE at term 0 for changeToCandidate
datanode_1  | WARNING: Use --illegal-access=warn to enable warnings of further illegal reflective access operations
rm_1        | 2019-11-16 06:34:01 INFO  RackResolver:109 - Resolved nm to /default-rack
datanode_3  | 2019-11-16 06:34:11,601 INFO server.RaftServerConfigKeys: raft.server.write.element-limit = 4096 (default)
nm_1        | 2019-11-16 06:35:39 INFO  ContainerImpl:1135 - Container container_1573886036836_0001_01_000002 transitioned from RUNNING to KILLING
datanode_2  | 2019-11-16 06:34:10,955 INFO impl.RoleInfo: 8704796e-80f0-4b05-9618-9ce103368c02: start LeaderElection
datanode_1  | WARNING: All illegal access operations will be denied in a future release
rm_1        | 2019-11-16 06:34:01 INFO  ResourceTrackerService:345 - NodeManager from node nm(cmPort: 45492 httpPort: 8042) registered with capability: <memory:8192, vCores:8>, assigned nodeId nm:45492
datanode_3  | 2019-11-16 06:34:11,607 INFO server.RaftServerConfigKeys: raft.server.watch.timeout = 10s (default)
datanode_2  | 2019-11-16 06:34:10,973 INFO impl.LeaderElection: 8704796e-80f0-4b05-9618-9ce103368c02@group-872901A300AC-LeaderElection2: begin an election at term 1 for -1: [8704796e-80f0-4b05-9618-9ce103368c02:172.18.0.4:9858], old=null
nm_1        | 2019-11-16 06:35:39 INFO  ContainerLaunch:370 - Cleaning up container container_1573886036836_0001_01_000002
nm_1        | 2019-11-16 06:35:39 WARN  DefaultContainerExecutor:224 - Exit code from container container_1573886036836_0001_01_000002 is : 143
rm_1        | 2019-11-16 06:34:01 INFO  RMNodeImpl:441 - nm:45492 Node Transitioned from NEW to RUNNING
datanode_3  | 2019-11-16 06:34:11,607 INFO server.RaftServerConfigKeys: raft.server.watch.timeout.denomination = 1s (default)
datanode_2  | 2019-11-16 06:34:10,976 INFO impl.RoleInfo: 8704796e-80f0-4b05-9618-9ce103368c02: shutdown LeaderElection
datanode_1  | 2019-11-16 06:34:11,038 INFO impl.RaftServerImpl: ab213966-42b4-4549-8f10-96efe45961e0@group-FBDA95B131C2: set configuration 0: [ab213966-42b4-4549-8f10-96efe45961e0:172.18.0.9:9858], old=null at 0
nm_1        | 2019-11-16 06:35:39 INFO  ContainerImpl:1135 - Container container_1573886036836_0001_01_000002 transitioned from KILLING to CONTAINER_CLEANEDUP_AFTER_KILL
rm_1        | 2019-11-16 06:34:01 INFO  CapacityScheduler:1353 - Added node nm:45492 clusterResource: <memory:8192, vCores:8>
datanode_3  | 2019-11-16 06:34:11,609 INFO server.RaftServerConfigKeys: raft.server.watch.element-limit = 65536 (default)
datanode_2  | 2019-11-16 06:34:10,977 INFO impl.RaftServerImpl: 8704796e-80f0-4b05-9618-9ce103368c02@group-872901A300AC: changes role from CANDIDATE to LEADER at term 1 for changeToLeader
datanode_1  | 2019-11-16 06:34:11,400 INFO impl.FollowerState: ab213966-42b4-4549-8f10-96efe45961e0@group-CCCF44B611DD-FollowerState: change to CANDIDATE, lastRpcTime:5053ms, electionTimeout:5053ms
nm_1        | 2019-11-16 06:35:39 INFO  NMAuditLogger:89 - USER=hadoop	OPERATION=Container Finished - Killed	TARGET=ContainerImpl	RESULT=SUCCESS	APPID=application_1573886036836_0001	CONTAINERID=container_1573886036836_0001_01_000002
datanode_3  | WARNING: An illegal reflective access operation has occurred
rm_1        | 2019-11-16 06:35:12 INFO  ClientRMService:289 - Allocated new applicationId: 1
datanode_2  | 2019-11-16 06:34:10,977 INFO ratis.XceiverServerRatis: Leader change notification received for group: group-872901A300AC with new leaderId: 8704796e-80f0-4b05-9618-9ce103368c02
datanode_1  | 2019-11-16 06:34:11,401 INFO impl.RoleInfo: ab213966-42b4-4549-8f10-96efe45961e0: shutdown FollowerState
nm_1        | 2019-11-16 06:35:39 INFO  ContainerImpl:1135 - Container container_1573886036836_0001_01_000002 transitioned from CONTAINER_CLEANEDUP_AFTER_KILL to DONE
datanode_3  | WARNING: Illegal reflective access by org.apache.ratis.thirdparty.com.google.protobuf.UnsafeUtil (file:/opt/hadoop/share/ozone/lib/ratis-thirdparty-misc-0.2.0.jar) to field java.nio.Buffer.address
rm_1        | 2019-11-16 06:35:14 INFO  ClientRMService:583 - Application with id 1 submitted by user hadoop
datanode_2  | 2019-11-16 06:34:10,981 INFO impl.RaftServerImpl: 8704796e-80f0-4b05-9618-9ce103368c02@group-872901A300AC: change Leader from null to 8704796e-80f0-4b05-9618-9ce103368c02 at term 1 for becomeLeader, leader elected after 5323ms
datanode_1  | 2019-11-16 06:34:11,401 INFO impl.RaftServerImpl: ab213966-42b4-4549-8f10-96efe45961e0@group-CCCF44B611DD: changes role from  FOLLOWER to CANDIDATE at term 0 for changeToCandidate
nm_1        | 2019-11-16 06:35:39 INFO  ApplicationImpl:347 - Removing container_1573886036836_0001_01_000002 from application application_1573886036836_0001
rm_1        | 2019-11-16 06:35:14 INFO  RMAppImpl:977 - Storing application with id application_1573886036836_0001
datanode_3  | WARNING: Please consider reporting this to the maintainers of org.apache.ratis.thirdparty.com.google.protobuf.UnsafeUtil
datanode_2  | 2019-11-16 06:34:10,987 INFO server.RaftServerConfigKeys: raft.server.staging.catchup.gap = 1000 (default)
datanode_1  | 2019-11-16 06:34:11,401 INFO impl.RoleInfo: ab213966-42b4-4549-8f10-96efe45961e0: start LeaderElection
nm_1        | 2019-11-16 06:35:39 INFO  ContainersMonitorImpl:196 - Neither virutal-memory nor physical-memory monitoring is needed. Not running the monitor-thread
rm_1        | 2019-11-16 06:35:14 INFO  RMAuditLogger:158 - USER=hadoop	IP=172.18.0.3	OPERATION=Submit Application Request	TARGET=ClientRMService	RESULT=SUCCESS	APPID=application_1573886036836_0001
datanode_3  | WARNING: Use --illegal-access=warn to enable warnings of further illegal reflective access operations
datanode_2  | 2019-11-16 06:34:10,987 INFO server.RaftServerConfigKeys: raft.server.rpc.sleep.time = 25ms (default)
datanode_1  | 2019-11-16 06:34:11,583 INFO segmented.SegmentedRaftLogWorker: ab213966-42b4-4549-8f10-96efe45961e0@group-FBDA95B131C2-SegmentedRaftLogWorker: created new log segment /data/metadata/ratis/6ada692e-6c29-4185-b936-fbda95b131c2/current/log_inprogress_0
nm_1        | 2019-11-16 06:35:39 INFO  AuxServices:196 - Got event CONTAINER_STOP for appId application_1573886036836_0001
rm_1        | 2019-11-16 06:35:14 INFO  RMAppImpl:718 - application_1573886036836_0001 State change from NEW to NEW_SAVING on event=START
datanode_3  | WARNING: All illegal access operations will be denied in a future release
datanode_2  | 2019-11-16 06:34:10,992 INFO server.RaftServerConfigKeys: raft.server.write.element-limit = 4096 (default)
datanode_1  | 2019-11-16 06:34:11,583 INFO impl.LeaderElection: ab213966-42b4-4549-8f10-96efe45961e0@group-CCCF44B611DD-LeaderElection2: begin an election at term 1 for -1: [8704796e-80f0-4b05-9618-9ce103368c02:172.18.0.4:9858, ab213966-42b4-4549-8f10-96efe45961e0:172.18.0.9:9858, d91accc3-ae84-4654-bc61-90d3b978fa88:172.18.0.8:9858], old=null
nm_1        | 2019-11-16 06:35:41 INFO  Server:1454 - Auth successful for appattempt_1573886036836_0001_000001 (auth:SIMPLE)
rm_1        | 2019-11-16 06:35:14 INFO  RMStateStore:194 - Storing info for app: application_1573886036836_0001
datanode_3  | 2019-11-16 06:34:11,617 INFO impl.RoleInfo: d91accc3-ae84-4654-bc61-90d3b978fa88: start LeaderState
datanode_2  | 2019-11-16 06:34:10,999 INFO server.RaftServerConfigKeys: raft.server.watch.timeout = 10s (default)
nm_1        | 2019-11-16 06:35:41 INFO  ContainerManagerImpl:810 - Start request for container_1573886036836_0001_01_000003 by user hadoop
datanode_1  | 2019-11-16 06:34:11,799 INFO impl.LeaderElection: ab213966-42b4-4549-8f10-96efe45961e0@group-CCCF44B611DD-LeaderElection2: Election REJECTED; received 2 response(s) [ab213966-42b4-4549-8f10-96efe45961e0<-8704796e-80f0-4b05-9618-9ce103368c02#0:FAIL-t1, ab213966-42b4-4549-8f10-96efe45961e0<-d91accc3-ae84-4654-bc61-90d3b978fa88#0:FAIL-t1] and 0 exception(s); ab213966-42b4-4549-8f10-96efe45961e0@group-CCCF44B611DD:t1, leader=null, voted=ab213966-42b4-4549-8f10-96efe45961e0, raftlog=ab213966-42b4-4549-8f10-96efe45961e0@group-CCCF44B611DD-SegmentedRaftLog:OPENED:c-1,f-1,i0, conf=-1: [8704796e-80f0-4b05-9618-9ce103368c02:172.18.0.4:9858, ab213966-42b4-4549-8f10-96efe45961e0:172.18.0.9:9858, d91accc3-ae84-4654-bc61-90d3b978fa88:172.18.0.8:9858], old=null
rm_1        | 2019-11-16 06:35:14 INFO  RMAppImpl:718 - application_1573886036836_0001 State change from NEW_SAVING to SUBMITTED on event=APP_NEW_SAVED
datanode_2  | 2019-11-16 06:34:10,999 INFO server.RaftServerConfigKeys: raft.server.watch.timeout.denomination = 1s (default)
nm_1        | 2019-11-16 06:35:41 INFO  NMAuditLogger:89 - USER=hadoop	IP=172.18.0.7	OPERATION=Start Container Request	TARGET=ContainerManageImpl	RESULT=SUCCESS	APPID=application_1573886036836_0001	CONTAINERID=container_1573886036836_0001_01_000003
datanode_1  | 2019-11-16 06:34:11,800 INFO impl.RaftServerImpl: ab213966-42b4-4549-8f10-96efe45961e0@group-CCCF44B611DD: changes role from CANDIDATE to FOLLOWER at term 1 for DISCOVERED_A_NEW_TERM
datanode_2  | 2019-11-16 06:34:11,001 INFO server.RaftServerConfigKeys: raft.server.watch.element-limit = 65536 (default)
rm_1        | 2019-11-16 06:35:14 INFO  ParentQueue:345 - Application added - appId: application_1573886036836_0001 user: hadoop leaf-queue of parent: root #applications: 1
datanode_1  | 2019-11-16 06:34:11,800 INFO impl.RoleInfo: ab213966-42b4-4549-8f10-96efe45961e0: shutdown LeaderElection
nm_1        | 2019-11-16 06:35:41 INFO  ApplicationImpl:304 - Adding container_1573886036836_0001_01_000003 to application application_1573886036836_0001
datanode_2  | 2019-11-16 06:34:11,010 INFO impl.RoleInfo: 8704796e-80f0-4b05-9618-9ce103368c02: start LeaderState
datanode_3  | 2019-11-16 06:34:11,664 INFO segmented.SegmentedRaftLogWorker: d91accc3-ae84-4654-bc61-90d3b978fa88@group-A3C738AF0B63-SegmentedRaftLogWorker: Starting segment from index:0
rm_1        | 2019-11-16 06:35:14 INFO  CapacityScheduler:814 - Accepted application application_1573886036836_0001 from user: hadoop, in queue: default
datanode_1  | 2019-11-16 06:34:11,800 INFO impl.RoleInfo: ab213966-42b4-4549-8f10-96efe45961e0: start FollowerState
datanode_2  | 2019-11-16 06:34:11,036 INFO segmented.SegmentedRaftLogWorker: 8704796e-80f0-4b05-9618-9ce103368c02@group-872901A300AC-SegmentedRaftLogWorker: Starting segment from index:0
nm_1        | 2019-11-16 06:35:41 INFO  ContainerImpl:1135 - Container container_1573886036836_0001_01_000003 transitioned from NEW to LOCALIZING
datanode_3  | 2019-11-16 06:34:11,677 INFO impl.RaftServerImpl: d91accc3-ae84-4654-bc61-90d3b978fa88@group-A3C738AF0B63: set configuration 0: [d91accc3-ae84-4654-bc61-90d3b978fa88:172.18.0.8:9858], old=null at 0
rm_1        | 2019-11-16 06:35:14 INFO  RMAppImpl:718 - application_1573886036836_0001 State change from SUBMITTED to ACCEPTED on event=APP_ACCEPTED
datanode_1  | 2019-11-16 06:34:16,715 INFO impl.RaftServerImpl: ab213966-42b4-4549-8f10-96efe45961e0@group-CCCF44B611DD: changes role from  FOLLOWER to FOLLOWER at term 2 for recognizeCandidate:8704796e-80f0-4b05-9618-9ce103368c02
datanode_2  | WARNING: An illegal reflective access operation has occurred
nm_1        | 2019-11-16 06:35:41 INFO  AuxServices:196 - Got event CONTAINER_INIT for appId application_1573886036836_0001
datanode_3  | 2019-11-16 06:34:11,814 INFO impl.LeaderElection: d91accc3-ae84-4654-bc61-90d3b978fa88@group-CCCF44B611DD-LeaderElection2: Election REJECTED; received 2 response(s) [d91accc3-ae84-4654-bc61-90d3b978fa88<-8704796e-80f0-4b05-9618-9ce103368c02#0:FAIL-t1, d91accc3-ae84-4654-bc61-90d3b978fa88<-ab213966-42b4-4549-8f10-96efe45961e0#0:FAIL-t1] and 0 exception(s); d91accc3-ae84-4654-bc61-90d3b978fa88@group-CCCF44B611DD:t1, leader=null, voted=d91accc3-ae84-4654-bc61-90d3b978fa88, raftlog=d91accc3-ae84-4654-bc61-90d3b978fa88@group-CCCF44B611DD-SegmentedRaftLog:OPENED:c-1,f-1,i0, conf=-1: [8704796e-80f0-4b05-9618-9ce103368c02:172.18.0.4:9858, ab213966-42b4-4549-8f10-96efe45961e0:172.18.0.9:9858, d91accc3-ae84-4654-bc61-90d3b978fa88:172.18.0.8:9858], old=null
rm_1        | 2019-11-16 06:35:14 INFO  ApplicationMasterService:678 - Registering app attempt : appattempt_1573886036836_0001_000001
datanode_1  | 2019-11-16 06:34:16,716 INFO impl.RoleInfo: ab213966-42b4-4549-8f10-96efe45961e0: shutdown FollowerState
datanode_2  | WARNING: Illegal reflective access by org.apache.ratis.thirdparty.com.google.protobuf.UnsafeUtil (file:/opt/hadoop/share/ozone/lib/ratis-thirdparty-misc-0.2.0.jar) to field java.nio.Buffer.address
nm_1        | 2019-11-16 06:35:41 INFO  AuxServices:196 - Got event APPLICATION_INIT for appId application_1573886036836_0001
datanode_3  | 2019-11-16 06:34:11,815 INFO impl.RaftServerImpl: d91accc3-ae84-4654-bc61-90d3b978fa88@group-CCCF44B611DD: changes role from CANDIDATE to FOLLOWER at term 1 for DISCOVERED_A_NEW_TERM
rm_1        | 2019-11-16 06:35:14 INFO  RMAppAttemptImpl:815 - appattempt_1573886036836_0001_000001 State change from NEW to SUBMITTED
datanode_1  | 2019-11-16 06:34:16,716 INFO impl.RoleInfo: ab213966-42b4-4549-8f10-96efe45961e0: start FollowerState
datanode_2  | WARNING: Please consider reporting this to the maintainers of org.apache.ratis.thirdparty.com.google.protobuf.UnsafeUtil
nm_1        | 2019-11-16 06:35:41 INFO  AuxServices:200 - Got APPLICATION_INIT for service mapreduce_shuffle
datanode_3  | 2019-11-16 06:34:11,816 INFO impl.RoleInfo: d91accc3-ae84-4654-bc61-90d3b978fa88: shutdown LeaderElection
rm_1        | 2019-11-16 06:35:14 WARN  LeafQueue:632 - maximum-am-resource-percent is insufficient to start a single application in queue, it is likely set too low. skipping enforcement to allow at least one application to start
datanode_1  | 2019-11-16 06:34:16,716 INFO impl.FollowerState: ab213966-42b4-4549-8f10-96efe45961e0@group-CCCF44B611DD-FollowerState was interrupted: java.lang.InterruptedException: sleep interrupted
datanode_2  | WARNING: Use --illegal-access=warn to enable warnings of further illegal reflective access operations
nm_1        | 2019-11-16 06:35:41 INFO  ShuffleHandler:677 - Added token for job_1573886036836_0001
datanode_3  | 2019-11-16 06:34:11,816 INFO impl.RoleInfo: d91accc3-ae84-4654-bc61-90d3b978fa88: start FollowerState
datanode_1  | 2019-11-16 06:34:16,828 INFO ratis.XceiverServerRatis: Leader change notification received for group: group-CCCF44B611DD with new leaderId: 8704796e-80f0-4b05-9618-9ce103368c02
datanode_2  | WARNING: All illegal access operations will be denied in a future release
rm_1        | 2019-11-16 06:35:14 WARN  LeafQueue:653 - maximum-am-resource-percent is insufficient to start a single application in queue for user, it is likely set too low. skipping enforcement to allow at least one application to start
nm_1        | 2019-11-16 06:35:41 INFO  ContainerImpl:1135 - Container container_1573886036836_0001_01_000003 transitioned from LOCALIZING to LOCALIZED
datanode_3  | 2019-11-16 06:34:12,577 INFO segmented.SegmentedRaftLogWorker: d91accc3-ae84-4654-bc61-90d3b978fa88@group-A3C738AF0B63-SegmentedRaftLogWorker: created new log segment /data/metadata/ratis/dd99ef8d-444d-4b4b-8e12-a3c738af0b63/current/log_inprogress_0
datanode_1  | 2019-11-16 06:34:16,828 INFO impl.RaftServerImpl: ab213966-42b4-4549-8f10-96efe45961e0@group-CCCF44B611DD: change Leader from null to 8704796e-80f0-4b05-9618-9ce103368c02 at term 2 for appendEntries, leader elected after 10488ms
datanode_2  | 2019-11-16 06:34:11,057 INFO impl.RaftServerImpl: 8704796e-80f0-4b05-9618-9ce103368c02@group-872901A300AC: set configuration 0: [8704796e-80f0-4b05-9618-9ce103368c02:172.18.0.4:9858], old=null at 0
rm_1        | 2019-11-16 06:35:14 INFO  LeafQueue:667 - Application application_1573886036836_0001 from user: hadoop activated in queue: default
nm_1        | 2019-11-16 06:35:41 INFO  ContainerImpl:1135 - Container container_1573886036836_0001_01_000003 transitioned from LOCALIZED to RUNNING
datanode_3  | 2019-11-16 06:34:16,715 INFO impl.RaftServerImpl: d91accc3-ae84-4654-bc61-90d3b978fa88@group-CCCF44B611DD: changes role from  FOLLOWER to FOLLOWER at term 2 for recognizeCandidate:8704796e-80f0-4b05-9618-9ce103368c02
datanode_1  | 2019-11-16 06:34:16,850 INFO impl.RaftServerImpl: ab213966-42b4-4549-8f10-96efe45961e0@group-CCCF44B611DD: set configuration 0: [8704796e-80f0-4b05-9618-9ce103368c02:172.18.0.4:9858, ab213966-42b4-4549-8f10-96efe45961e0:172.18.0.9:9858, d91accc3-ae84-4654-bc61-90d3b978fa88:172.18.0.8:9858], old=null at 0
datanode_2  | 2019-11-16 06:34:11,583 INFO segmented.SegmentedRaftLogWorker: 8704796e-80f0-4b05-9618-9ce103368c02@group-872901A300AC-SegmentedRaftLogWorker: created new log segment /data/metadata/ratis/616ecd36-6c1c-4558-9d0a-872901a300ac/current/log_inprogress_0
nm_1        | 2019-11-16 06:35:41 INFO  ContainersMonitorImpl:196 - Neither virutal-memory nor physical-memory monitoring is needed. Not running the monitor-thread
datanode_3  | 2019-11-16 06:34:16,715 INFO impl.RoleInfo: d91accc3-ae84-4654-bc61-90d3b978fa88: shutdown FollowerState
rm_1        | 2019-11-16 06:35:14 INFO  LeafQueue:683 - Application added - appId: application_1573886036836_0001 user: org.apache.hadoop.yarn.server.resourcemanager.scheduler.capacity.LeafQueue$User@37229378, leaf-queue: default #user-pending-applications: 0 #user-active-applications: 1 #queue-pending-applications: 0 #queue-active-applications: 1
datanode_1  | 2019-11-16 06:34:16,850 INFO segmented.SegmentedRaftLogWorker: ab213966-42b4-4549-8f10-96efe45961e0@group-CCCF44B611DD-SegmentedRaftLogWorker: Starting segment from index:0
nm_1        | 2019-11-16 06:35:41 INFO  DefaultContainerExecutor:268 - launchContainer: [bash, /tmp/hadoop-hadoop/nm-local-dir/usercache/hadoop/appcache/application_1573886036836_0001/container_1573886036836_0001_01_000003/default_container_executor.sh]
datanode_3  | 2019-11-16 06:34:16,715 INFO impl.RoleInfo: d91accc3-ae84-4654-bc61-90d3b978fa88: start FollowerState
rm_1        | 2019-11-16 06:35:14 INFO  CapacityScheduler:843 - Added Application Attempt appattempt_1573886036836_0001_000001 to scheduler from user hadoop in queue default
datanode_1  | 2019-11-16 06:34:16,890 INFO segmented.SegmentedRaftLogWorker: ab213966-42b4-4549-8f10-96efe45961e0@group-CCCF44B611DD-SegmentedRaftLogWorker: created new log segment /data/metadata/ratis/1c938495-46e7-4d2f-bbd8-cccf44b611dd/current/log_inprogress_0
nm_1        | 2019-11-16 06:35:41 INFO  NodeStatusUpdaterImpl:490 - Removed completed containers from NM context: [container_1573886036836_0001_01_000002]
datanode_2  | 2019-11-16 06:34:11,654 INFO impl.LeaderElection: 8704796e-80f0-4b05-9618-9ce103368c02@group-CCCF44B611DD-LeaderElection1: Election REJECTED; received 2 response(s) [8704796e-80f0-4b05-9618-9ce103368c02<-ab213966-42b4-4549-8f10-96efe45961e0#0:FAIL-t1, 8704796e-80f0-4b05-9618-9ce103368c02<-d91accc3-ae84-4654-bc61-90d3b978fa88#0:FAIL-t1] and 0 exception(s); 8704796e-80f0-4b05-9618-9ce103368c02@group-CCCF44B611DD:t1, leader=null, voted=8704796e-80f0-4b05-9618-9ce103368c02, raftlog=8704796e-80f0-4b05-9618-9ce103368c02@group-CCCF44B611DD-SegmentedRaftLog:OPENED:c-1,f-1,i0, conf=-1: [8704796e-80f0-4b05-9618-9ce103368c02:172.18.0.4:9858, ab213966-42b4-4549-8f10-96efe45961e0:172.18.0.9:9858, d91accc3-ae84-4654-bc61-90d3b978fa88:172.18.0.8:9858], old=null
datanode_3  | 2019-11-16 06:34:16,715 INFO impl.FollowerState: d91accc3-ae84-4654-bc61-90d3b978fa88@group-CCCF44B611DD-FollowerState was interrupted: java.lang.InterruptedException: sleep interrupted
rm_1        | 2019-11-16 06:35:14 INFO  RMAppAttemptImpl:815 - appattempt_1573886036836_0001_000001 State change from SUBMITTED to SCHEDULED
nm_1        | 2019-11-16 06:35:45 INFO  Server:1454 - Auth successful for appattempt_1573886036836_0001_000001 (auth:SIMPLE)
datanode_2  | 2019-11-16 06:34:11,656 INFO impl.RaftServerImpl: 8704796e-80f0-4b05-9618-9ce103368c02@group-CCCF44B611DD: changes role from CANDIDATE to FOLLOWER at term 1 for DISCOVERED_A_NEW_TERM
datanode_3  | 2019-11-16 06:34:16,836 INFO ratis.XceiverServerRatis: Leader change notification received for group: group-CCCF44B611DD with new leaderId: 8704796e-80f0-4b05-9618-9ce103368c02
rm_1        | 2019-11-16 06:35:15 INFO  RMContainerImpl:410 - container_1573886036836_0001_01_000001 Container Transitioned from NEW to ALLOCATED
nm_1        | 2019-11-16 06:35:45 INFO  ContainerManagerImpl:960 - Stopping container with container Id: container_1573886036836_0001_01_000003
datanode_2  | 2019-11-16 06:34:11,656 INFO impl.RoleInfo: 8704796e-80f0-4b05-9618-9ce103368c02: shutdown LeaderElection
datanode_3  | 2019-11-16 06:34:16,837 INFO impl.RaftServerImpl: d91accc3-ae84-4654-bc61-90d3b978fa88@group-CCCF44B611DD: change Leader from null to 8704796e-80f0-4b05-9618-9ce103368c02 at term 2 for appendEntries, leader elected after 10496ms
rm_1        | 2019-11-16 06:35:15 INFO  RMAuditLogger:116 - USER=hadoop	OPERATION=AM Allocated Container	TARGET=SchedulerApp	RESULT=SUCCESS	APPID=application_1573886036836_0001	CONTAINERID=container_1573886036836_0001_01_000001
nm_1        | 2019-11-16 06:35:45 INFO  NMAuditLogger:89 - USER=hadoop	IP=172.18.0.7	OPERATION=Stop Container Request	TARGET=ContainerManageImpl	RESULT=SUCCESS	APPID=application_1573886036836_0001	CONTAINERID=container_1573886036836_0001_01_000003
datanode_2  | 2019-11-16 06:34:11,656 INFO impl.RoleInfo: 8704796e-80f0-4b05-9618-9ce103368c02: start FollowerState
datanode_3  | 2019-11-16 06:34:16,854 INFO impl.RaftServerImpl: d91accc3-ae84-4654-bc61-90d3b978fa88@group-CCCF44B611DD: set configuration 0: [8704796e-80f0-4b05-9618-9ce103368c02:172.18.0.4:9858, ab213966-42b4-4549-8f10-96efe45961e0:172.18.0.9:9858, d91accc3-ae84-4654-bc61-90d3b978fa88:172.18.0.8:9858], old=null at 0
nm_1        | 2019-11-16 06:35:45 INFO  ContainerImpl:1135 - Container container_1573886036836_0001_01_000003 transitioned from RUNNING to KILLING
rm_1        | 2019-11-16 06:35:15 INFO  SchedulerNode:153 - Assigned container container_1573886036836_0001_01_000001 of capacity <memory:2048, vCores:1> on host nm:45492, which has 1 containers, <memory:2048, vCores:1> used and <memory:6144, vCores:7> available after allocation
datanode_2  | 2019-11-16 06:34:16,671 INFO impl.FollowerState: 8704796e-80f0-4b05-9618-9ce103368c02@group-CCCF44B611DD-FollowerState: change to CANDIDATE, lastRpcTime:5014ms, electionTimeout:5014ms
nm_1        | 2019-11-16 06:35:45 INFO  ContainerLaunch:370 - Cleaning up container container_1573886036836_0001_01_000003
rm_1        | 2019-11-16 06:35:15 INFO  LeafQueue:1558 - assignedContainer application attempt=appattempt_1573886036836_0001_000001 container=Container: [ContainerId: container_1573886036836_0001_01_000001, NodeId: nm:45492, NodeHttpAddress: nm:8042, Resource: <memory:2048, vCores:1>, Priority: 0, Token: null, ] queue=default: capacity=1.0, absoluteCapacity=1.0, usedResources=<memory:0, vCores:0>, usedCapacity=0.0, absoluteUsedCapacity=0.0, numApps=1, numContainers=0 clusterResource=<memory:8192, vCores:8> type=OFF_SWITCH requestedPartition=
datanode_3  | 2019-11-16 06:34:16,854 INFO segmented.SegmentedRaftLogWorker: d91accc3-ae84-4654-bc61-90d3b978fa88@group-CCCF44B611DD-SegmentedRaftLogWorker: Starting segment from index:0
datanode_2  | 2019-11-16 06:34:16,672 INFO impl.RoleInfo: 8704796e-80f0-4b05-9618-9ce103368c02: shutdown FollowerState
rm_1        | 2019-11-16 06:35:15 INFO  ParentQueue:523 - Re-sorting assigned queue: root.default stats: default: capacity=1.0, absoluteCapacity=1.0, usedResources=<memory:2048, vCores:1>, usedCapacity=0.25, absoluteUsedCapacity=0.25, numApps=1, numContainers=1
nm_1        | 2019-11-16 06:35:45 WARN  DefaultContainerExecutor:224 - Exit code from container container_1573886036836_0001_01_000003 is : 143
datanode_3  | 2019-11-16 06:34:16,890 INFO segmented.SegmentedRaftLogWorker: d91accc3-ae84-4654-bc61-90d3b978fa88@group-CCCF44B611DD-SegmentedRaftLogWorker: created new log segment /data/metadata/ratis/1c938495-46e7-4d2f-bbd8-cccf44b611dd/current/log_inprogress_0
datanode_2  | 2019-11-16 06:34:16,672 INFO impl.RaftServerImpl: 8704796e-80f0-4b05-9618-9ce103368c02@group-CCCF44B611DD: changes role from  FOLLOWER to CANDIDATE at term 1 for changeToCandidate
rm_1        | 2019-11-16 06:35:15 INFO  ParentQueue:420 - assignedContainer queue=root usedCapacity=0.25 absoluteUsedCapacity=0.25 used=<memory:2048, vCores:1> cluster=<memory:8192, vCores:8>
nm_1        | 2019-11-16 06:35:45 INFO  ContainerImpl:1135 - Container container_1573886036836_0001_01_000003 transitioned from KILLING to CONTAINER_CLEANEDUP_AFTER_KILL
datanode_2  | 2019-11-16 06:34:16,672 INFO impl.RoleInfo: 8704796e-80f0-4b05-9618-9ce103368c02: start LeaderElection
rm_1        | 2019-11-16 06:35:15 INFO  NMTokenSecretManagerInRM:200 - Sending NMToken for nodeId : nm:45492 for container : container_1573886036836_0001_01_000001
nm_1        | 2019-11-16 06:35:45 INFO  NMAuditLogger:89 - USER=hadoop	OPERATION=Container Finished - Killed	TARGET=ContainerImpl	RESULT=SUCCESS	APPID=application_1573886036836_0001	CONTAINERID=container_1573886036836_0001_01_000003
datanode_2  | 2019-11-16 06:34:16,686 INFO impl.LeaderElection: 8704796e-80f0-4b05-9618-9ce103368c02@group-CCCF44B611DD-LeaderElection3: begin an election at term 2 for -1: [8704796e-80f0-4b05-9618-9ce103368c02:172.18.0.4:9858, ab213966-42b4-4549-8f10-96efe45961e0:172.18.0.9:9858, d91accc3-ae84-4654-bc61-90d3b978fa88:172.18.0.8:9858], old=null
rm_1        | 2019-11-16 06:35:15 INFO  RMContainerImpl:410 - container_1573886036836_0001_01_000001 Container Transitioned from ALLOCATED to ACQUIRED
nm_1        | 2019-11-16 06:35:45 INFO  ContainerImpl:1135 - Container container_1573886036836_0001_01_000003 transitioned from CONTAINER_CLEANEDUP_AFTER_KILL to DONE
datanode_2  | 2019-11-16 06:34:16,738 INFO impl.LeaderElection: 8704796e-80f0-4b05-9618-9ce103368c02@group-CCCF44B611DD-LeaderElection3: Election PASSED; received 1 response(s) [8704796e-80f0-4b05-9618-9ce103368c02<-ab213966-42b4-4549-8f10-96efe45961e0#0:OK-t2] and 0 exception(s); 8704796e-80f0-4b05-9618-9ce103368c02@group-CCCF44B611DD:t2, leader=null, voted=8704796e-80f0-4b05-9618-9ce103368c02, raftlog=8704796e-80f0-4b05-9618-9ce103368c02@group-CCCF44B611DD-SegmentedRaftLog:OPENED:c-1,f-1,i0, conf=-1: [8704796e-80f0-4b05-9618-9ce103368c02:172.18.0.4:9858, ab213966-42b4-4549-8f10-96efe45961e0:172.18.0.9:9858, d91accc3-ae84-4654-bc61-90d3b978fa88:172.18.0.8:9858], old=null
