nm_1        | 2019-10-29 21:57:09 INFO  ContainerManagerImpl:1122 - Creating a new application reference for app application_1572386171671_0001
datanode_3  | 2019-10-29 21:56:16,605 INFO impl.RoleInfo: fde9fdd2-14b1-4faa-90d4-977431a4412a: start FollowerState
datanode_1  | 2019-10-29 21:56:16,605 INFO server.RaftServerConfigKeys: raft.server.snapshot.auto.trigger.threshold = 10000 (custom)
datanode_2  | 2019-10-29 21:56:16,581 INFO server.RaftServerConfigKeys: raft.server.log.statemachine.data.sync = true (default)
rm_1        | Oct 29, 2019 9:56:10 PM com.sun.jersey.guice.spi.container.GuiceComponentProviderFactory getComponentProvider
nm_1        | 2019-10-29 21:57:09 INFO  NMAuditLogger:94 - USER=hadoop	IP=172.18.0.7	OPERATION=Start Container Request	TARGET=ContainerManageImpl	RESULT=SUCCESS	APPID=application_1572386171671_0001	CONTAINERID=container_1572386171671_0001_01_000001
datanode_3  | 2019-10-29 21:56:16,606 INFO util.JmxRegister: Successfully registered JMX Bean with object name Ratis:service=RaftServer,group=group-D5BF4BEC134B,id=fde9fdd2-14b1-4faa-90d4-977431a4412a
datanode_1  | 2019-10-29 21:56:16,605 INFO server.RaftServerConfigKeys: raft.server.snapshot.retention.file.num = 5 (custom)
datanode_2  | 2019-10-29 21:56:16,581 INFO server.RaftServerConfigKeys: raft.server.log.statemachine.data.sync.timeout = 10s (default)
rm_1        | INFO: Binding org.apache.hadoop.yarn.server.resourcemanager.webapp.JAXBContextResolver to GuiceManagedComponentProvider with the scope "Singleton"
nm_1        | 2019-10-29 21:57:09 INFO  ApplicationImpl:655 - Application application_1572386171671_0001 transitioned from NEW to INITING
datanode_3  | 2019-10-29 21:56:16,607 WARN impl.MetricRegistriesImpl: First MetricRegistry has been created without registering reporters. You may need to call MetricRegistries.global().addReportRegistration(...) before.
datanode_2  | 2019-10-29 21:56:16,581 INFO server.RaftServerConfigKeys: raft.server.log.statemachine.data.sync.timeout.retry = -1 (default)
rm_1        | Oct 29, 2019 9:56:10 PM com.sun.jersey.guice.spi.container.GuiceComponentProviderFactory getComponentProvider
nm_1        | 2019-10-29 21:57:09 INFO  ApplicationImpl:463 - Adding container_1572386171671_0001_01_000001 to application application_1572386171671_0001
datanode_3  | 2019-10-29 21:56:20,509 INFO impl.FollowerState: fde9fdd2-14b1-4faa-90d4-977431a4412a@group-AEA5DC3AB141-FollowerState: change to CANDIDATE, lastRpcTime:5076ms, electionTimeout:5075ms
datanode_1  | 2019-10-29 21:56:16,605 INFO server.RaftServerConfigKeys: raft.server.retrycache.expirytime = 600000ms (custom)
datanode_2  | 2019-10-29 21:56:16,581 INFO server.RaftServerConfigKeys: raft.server.log.statemachine.data.caching.enabled = true (custom)
rm_1        | INFO: Binding org.apache.hadoop.yarn.webapp.GenericExceptionHandler to GuiceManagedComponentProvider with the scope "Singleton"
nm_1        | 2019-10-29 21:57:09 INFO  ApplicationImpl:655 - Application application_1572386171671_0001 transitioned from INITING to RUNNING
datanode_3  | 2019-10-29 21:56:20,511 INFO impl.RoleInfo: fde9fdd2-14b1-4faa-90d4-977431a4412a: shutdown FollowerState
datanode_1  | 2019-10-29 21:56:16,606 WARN impl.MetricRegistriesImpl: First MetricRegistry has been created without registering reporters. You may need to call MetricRegistries.global().addReportRegistration(...) before.
datanode_2  | 2019-10-29 21:56:16,581 INFO segmented.SegmentedRaftLogWorker: 655d98e7-ceb4-4834-bbea-a00675ac4757@group-D5BF4BEC134B-SegmentedRaftLogWorker: flushIndex: setUnconditionally 0 -> -1
rm_1        | Oct 29, 2019 9:56:11 PM com.sun.jersey.guice.spi.container.GuiceComponentProviderFactory getComponentProvider
nm_1        | 2019-10-29 21:57:10 INFO  ContainerImpl:2126 - Container container_1572386171671_0001_01_000001 transitioned from NEW to LOCALIZING
datanode_3  | 2019-10-29 21:56:20,512 INFO impl.RaftServerImpl: fde9fdd2-14b1-4faa-90d4-977431a4412a@group-AEA5DC3AB141: changes role from  FOLLOWER to CANDIDATE at term 0 for changeToCandidate
datanode_1  | 2019-10-29 21:56:16,606 WARN impl.MetricRegistriesImpl: First MetricRegistry has been created without registering reporters. You may need to call MetricRegistries.global().addReportRegistration(...) before.
datanode_2  | 2019-10-29 21:56:16,582 INFO server.RaftServerConfigKeys: raft.server.snapshot.auto.trigger.enabled = true (custom)
rm_1        | INFO: Binding org.apache.hadoop.yarn.server.resourcemanager.webapp.RMWebServices to GuiceManagedComponentProvider with the scope "Singleton"
datanode_3  | 2019-10-29 21:56:20,517 INFO impl.RoleInfo: fde9fdd2-14b1-4faa-90d4-977431a4412a: start LeaderElection
datanode_1  | 2019-10-29 21:56:16,606 INFO impl.RaftServerImpl: 17842e6c-17ee-44cd-9c7d-f6904df05886@group-D5BF4BEC134B: start as a follower, conf=-1: [655d98e7-ceb4-4834-bbea-a00675ac4757:172.18.0.6:9858, fde9fdd2-14b1-4faa-90d4-977431a4412a:172.18.0.8:9858, 17842e6c-17ee-44cd-9c7d-f6904df05886:172.18.0.9:9858], old=null
datanode_2  | 2019-10-29 21:56:16,582 INFO server.RaftServerConfigKeys: raft.server.snapshot.auto.trigger.threshold = 10000 (custom)
nm_1        | 2019-10-29 21:57:10 INFO  AuxServices:350 - Got event CONTAINER_INIT for appId application_1572386171671_0001
rm_1        | 2019-10-29 21:56:11 INFO  ContextHandler:781 - Started o.e.j.w.WebAppContext@4defd42{/,file:///tmp/jetty-rm-8088-cluster-_-any-741399269628412998.dir/webapp/,AVAILABLE}{/cluster}
datanode_3  | 2019-10-29 21:56:20,533 INFO impl.LeaderElection: fde9fdd2-14b1-4faa-90d4-977431a4412a@group-AEA5DC3AB141-LeaderElection1: begin an election at term 1 for -1: [fde9fdd2-14b1-4faa-90d4-977431a4412a:172.18.0.8:9858], old=null
datanode_1  | 2019-10-29 21:56:16,606 INFO impl.RaftServerImpl: 17842e6c-17ee-44cd-9c7d-f6904df05886@group-D5BF4BEC134B: changes role from      null to FOLLOWER at term 0 for startAsFollower
datanode_2  | 2019-10-29 21:56:16,582 INFO server.RaftServerConfigKeys: raft.server.snapshot.retention.file.num = 5 (custom)
rm_1        | 2019-10-29 21:56:11 INFO  AbstractConnector:278 - Started ServerConnector@53a665ad{HTTP/1.1,[http/1.1]}{rm:8088}
nm_1        | 2019-10-29 21:57:10 INFO  ResourceLocalizationService:801 - Created localizer for container_1572386171671_0001_01_000001
datanode_3  | 2019-10-29 21:56:20,535 INFO impl.RoleInfo: fde9fdd2-14b1-4faa-90d4-977431a4412a: shutdown LeaderElection
datanode_1  | 2019-10-29 21:56:16,606 INFO impl.RoleInfo: 17842e6c-17ee-44cd-9c7d-f6904df05886: start FollowerState
datanode_2  | 2019-10-29 21:56:16,582 INFO server.RaftServerConfigKeys: raft.server.retrycache.expirytime = 600000ms (custom)
rm_1        | 2019-10-29 21:56:11 INFO  Server:419 - Started @4812ms
nm_1        | 2019-10-29 21:57:10 INFO  ResourceLocalizationService:1331 - Writing credentials to the nmPrivate file /tmp/hadoop-hadoop/nm-local-dir/nmPrivate/container_1572386171671_0001_01_000001.tokens
datanode_3  | 2019-10-29 21:56:20,535 INFO impl.RaftServerImpl: fde9fdd2-14b1-4faa-90d4-977431a4412a@group-AEA5DC3AB141: changes role from CANDIDATE to LEADER at term 1 for changeToLeader
datanode_1  | 2019-10-29 21:56:16,607 INFO util.JmxRegister: Successfully registered JMX Bean with object name Ratis:service=RaftServer,group=group-D5BF4BEC134B,id=17842e6c-17ee-44cd-9c7d-f6904df05886
datanode_2  | 2019-10-29 21:56:16,582 WARN impl.MetricRegistriesImpl: First MetricRegistry has been created without registering reporters. You may need to call MetricRegistries.global().addReportRegistration(...) before.
rm_1        | 2019-10-29 21:56:11 INFO  WebApps:440 - Web app cluster started at 8088
nm_1        | 2019-10-29 21:57:10 INFO  DefaultContainerExecutor:836 - Initializing user hadoop
datanode_3  | 2019-10-29 21:56:20,536 INFO impl.RaftServerImpl: fde9fdd2-14b1-4faa-90d4-977431a4412a@group-AEA5DC3AB141: change Leader from null to fde9fdd2-14b1-4faa-90d4-977431a4412a at term 1 for becomeLeader, leader elected after 5169ms
datanode_1  | 2019-10-29 21:56:16,607 WARN impl.MetricRegistriesImpl: First MetricRegistry has been created without registering reporters. You may need to call MetricRegistries.global().addReportRegistration(...) before.
datanode_2  | 2019-10-29 21:56:16,582 WARN impl.MetricRegistriesImpl: First MetricRegistry has been created without registering reporters. You may need to call MetricRegistries.global().addReportRegistration(...) before.
nm_1        | 2019-10-29 21:57:10 INFO  DefaultContainerExecutor:166 - Copying from /tmp/hadoop-hadoop/nm-local-dir/nmPrivate/container_1572386171671_0001_01_000001.tokens to /tmp/hadoop-hadoop/nm-local-dir/usercache/hadoop/appcache/application_1572386171671_0001/container_1572386171671_0001_01_000001.tokens
datanode_3  | 2019-10-29 21:56:20,541 INFO server.RaftServerConfigKeys: raft.server.staging.catchup.gap = 1000 (default)
datanode_1  | 2019-10-29 21:56:21,053 INFO impl.FollowerState: 17842e6c-17ee-44cd-9c7d-f6904df05886@group-C931833F08DF-FollowerState: change to CANDIDATE, lastRpcTime:5118ms, electionTimeout:5117ms
datanode_2  | 2019-10-29 21:56:16,583 INFO impl.RaftServerImpl: 655d98e7-ceb4-4834-bbea-a00675ac4757@group-D5BF4BEC134B: start as a follower, conf=-1: [655d98e7-ceb4-4834-bbea-a00675ac4757:172.18.0.6:9858, fde9fdd2-14b1-4faa-90d4-977431a4412a:172.18.0.8:9858, 17842e6c-17ee-44cd-9c7d-f6904df05886:172.18.0.9:9858], old=null
nm_1        | 2019-10-29 21:57:10 INFO  DefaultContainerExecutor:174 - Localizer CWD set to /tmp/hadoop-hadoop/nm-local-dir/usercache/hadoop/appcache/application_1572386171671_0001 = file:/tmp/hadoop-hadoop/nm-local-dir/usercache/hadoop/appcache/application_1572386171671_0001
datanode_3  | 2019-10-29 21:56:20,541 INFO server.RaftServerConfigKeys: raft.server.rpc.sleep.time = 25ms (default)
datanode_1  | 2019-10-29 21:56:21,054 INFO impl.RoleInfo: 17842e6c-17ee-44cd-9c7d-f6904df05886: shutdown FollowerState
rm_1        | 2019-10-29 21:56:11 INFO  CallQueueManager:84 - Using callQueue: class java.util.concurrent.LinkedBlockingQueue queueCapacity: 100 scheduler: class org.apache.hadoop.ipc.DefaultRpcScheduler
datanode_2  | 2019-10-29 21:56:16,583 INFO impl.RaftServerImpl: 655d98e7-ceb4-4834-bbea-a00675ac4757@group-D5BF4BEC134B: changes role from      null to FOLLOWER at term 0 for startAsFollower
nm_1        | 2019-10-29 21:57:10 INFO  ContainerLocalizer:139 - Disk Validator: yarn.nodemanager.disk-validator is loaded.
datanode_1  | 2019-10-29 21:56:21,055 INFO impl.RaftServerImpl: 17842e6c-17ee-44cd-9c7d-f6904df05886@group-C931833F08DF: changes role from  FOLLOWER to CANDIDATE at term 0 for changeToCandidate
datanode_3  | 2019-10-29 21:56:20,545 INFO server.RaftServerConfigKeys: raft.server.write.element-limit = 4096 (default)
rm_1        | 2019-10-29 21:56:11 INFO  Server:1070 - Starting Socket Reader #1 for port 8033
datanode_2  | 2019-10-29 21:56:16,583 INFO impl.RoleInfo: 655d98e7-ceb4-4834-bbea-a00675ac4757: start FollowerState
nm_1        | 2019-10-29 21:57:10 INFO  Configuration:3318 - Removed undeclared tags:
datanode_1  | 2019-10-29 21:56:21,059 INFO impl.RoleInfo: 17842e6c-17ee-44cd-9c7d-f6904df05886: start LeaderElection
datanode_3  | 2019-10-29 21:56:20,550 INFO server.RaftServerConfigKeys: raft.server.watch.timeout = 10s (default)
rm_1        | 2019-10-29 21:56:11 INFO  RpcServerFactoryPBImpl:173 - Adding protocol org.apache.hadoop.yarn.server.api.ResourceManagerAdministrationProtocolPB to the server
datanode_2  | 2019-10-29 21:56:16,583 INFO util.JmxRegister: Successfully registered JMX Bean with object name Ratis:service=RaftServer,group=group-D5BF4BEC134B,id=655d98e7-ceb4-4834-bbea-a00675ac4757
nm_1        | 2019-10-29 21:57:10 INFO  Configuration:3318 - Removed undeclared tags:
datanode_1  | 2019-10-29 21:56:21,075 INFO impl.LeaderElection: 17842e6c-17ee-44cd-9c7d-f6904df05886@group-C931833F08DF-LeaderElection1: begin an election at term 1 for -1: [17842e6c-17ee-44cd-9c7d-f6904df05886:172.18.0.9:9858], old=null
datanode_3  | 2019-10-29 21:56:20,550 INFO server.RaftServerConfigKeys: raft.server.watch.timeout.denomination = 1s (default)
rm_1        | 2019-10-29 21:56:11 INFO  Server:1310 - IPC Server Responder: starting
datanode_2  | 2019-10-29 21:56:16,583 WARN impl.MetricRegistriesImpl: First MetricRegistry has been created without registering reporters. You may need to call MetricRegistries.global().addReportRegistration(...) before.
nm_1        | 2019-10-29 21:57:11 WARN  MetricsSystemImpl:151 - NodeManager metrics system already initialized!
datanode_3  | 2019-10-29 21:56:20,551 INFO server.RaftServerConfigKeys: raft.server.watch.element-limit = 65536 (default)
rm_1        | 2019-10-29 21:56:11 INFO  Server:1149 - IPC Server listener on 8033: starting
datanode_1  | 2019-10-29 21:56:21,076 INFO impl.RoleInfo: 17842e6c-17ee-44cd-9c7d-f6904df05886: shutdown LeaderElection
datanode_2  | 2019-10-29 21:56:21,568 INFO impl.FollowerState: 655d98e7-ceb4-4834-bbea-a00675ac4757@group-568DB2D66D9E-FollowerState: change to CANDIDATE, lastRpcTime:5143ms, electionTimeout:5143ms
datanode_3  | 2019-10-29 21:56:20,560 INFO impl.RoleInfo: fde9fdd2-14b1-4faa-90d4-977431a4412a: start LeaderState
nm_1        | 2019-10-29 21:57:11 INFO  Configuration:3318 - Removed undeclared tags:
rm_1        | 2019-10-29 21:56:11 INFO  ResourceManager:1263 - Transitioning to active state
datanode_1  | 2019-10-29 21:56:21,077 INFO impl.RaftServerImpl: 17842e6c-17ee-44cd-9c7d-f6904df05886@group-C931833F08DF: changes role from CANDIDATE to LEADER at term 1 for changeToLeader
datanode_2  | 2019-10-29 21:56:21,570 INFO impl.RoleInfo: 655d98e7-ceb4-4834-bbea-a00675ac4757: shutdown FollowerState
datanode_3  | 2019-10-29 21:56:20,584 INFO segmented.SegmentedRaftLogWorker: fde9fdd2-14b1-4faa-90d4-977431a4412a@group-AEA5DC3AB141-SegmentedRaftLogWorker: Starting segment from index:0
nm_1        | 2019-10-29 21:57:11 INFO  Configuration:3318 - Removed undeclared tags:
rm_1        | 2019-10-29 21:56:11 INFO  RMStateStore:549 - Updating AMRMToken
datanode_1  | 2019-10-29 21:56:21,077 INFO impl.RaftServerImpl: 17842e6c-17ee-44cd-9c7d-f6904df05886@group-C931833F08DF: change Leader from null to 17842e6c-17ee-44cd-9c7d-f6904df05886 at term 1 for becomeLeader, leader elected after 5227ms
datanode_2  | 2019-10-29 21:56:21,571 INFO impl.RaftServerImpl: 655d98e7-ceb4-4834-bbea-a00675ac4757@group-568DB2D66D9E: changes role from  FOLLOWER to CANDIDATE at term 0 for changeToCandidate
datanode_3  | 2019-10-29 21:56:20,595 INFO impl.RaftServerImpl: fde9fdd2-14b1-4faa-90d4-977431a4412a@group-AEA5DC3AB141: set configuration 0: [fde9fdd2-14b1-4faa-90d4-977431a4412a:172.18.0.8:9858], old=null at 0
nm_1        | 2019-10-29 21:57:11 INFO  Configuration:3318 - Removed undeclared tags:
rm_1        | 2019-10-29 21:56:11 INFO  RMContainerTokenSecretManager:109 - Rolling master-key for container-tokens
datanode_1  | 2019-10-29 21:56:21,081 INFO server.RaftServerConfigKeys: raft.server.staging.catchup.gap = 1000 (default)
datanode_2  | 2019-10-29 21:56:21,575 INFO impl.RoleInfo: 655d98e7-ceb4-4834-bbea-a00675ac4757: start LeaderElection
datanode_3  | 2019-10-29 21:56:20,710 INFO segmented.SegmentedRaftLogWorker: fde9fdd2-14b1-4faa-90d4-977431a4412a@group-AEA5DC3AB141-SegmentedRaftLogWorker: created new log segment /data/metadata/ratis/3096dcb8-c648-4a41-91c1-aea5dc3ab141/current/log_inprogress_0
nm_1        | 2019-10-29 21:57:12 INFO  Configuration:3318 - Removed undeclared tags:
rm_1        | 2019-10-29 21:56:11 INFO  NMTokenSecretManagerInRM:95 - Rolling master-key for nm-tokens
datanode_1  | 2019-10-29 21:56:21,081 INFO server.RaftServerConfigKeys: raft.server.rpc.sleep.time = 25ms (default)
datanode_2  | 2019-10-29 21:56:21,591 INFO impl.LeaderElection: 655d98e7-ceb4-4834-bbea-a00675ac4757@group-568DB2D66D9E-LeaderElection1: begin an election at term 1 for -1: [655d98e7-ceb4-4834-bbea-a00675ac4757:172.18.0.6:9858], old=null
datanode_3  | 2019-10-29 21:56:21,695 INFO impl.FollowerState: fde9fdd2-14b1-4faa-90d4-977431a4412a@group-D5BF4BEC134B-FollowerState: change to CANDIDATE, lastRpcTime:5089ms, electionTimeout:5088ms
nm_1        | 2019-10-29 21:57:12 INFO  ContainerImpl:2126 - Container container_1572386171671_0001_01_000001 transitioned from LOCALIZING to SCHEDULED
datanode_1  | 2019-10-29 21:56:21,084 INFO server.RaftServerConfigKeys: raft.server.write.element-limit = 4096 (default)
datanode_2  | 2019-10-29 21:56:21,593 INFO impl.RoleInfo: 655d98e7-ceb4-4834-bbea-a00675ac4757: shutdown LeaderElection
rm_1        | 2019-10-29 21:56:11 INFO  AbstractDelegationTokenSecretManager:347 - Updating the current master key for generating delegation tokens
datanode_3  | 2019-10-29 21:56:21,696 INFO impl.RoleInfo: fde9fdd2-14b1-4faa-90d4-977431a4412a: shutdown FollowerState
datanode_2  | 2019-10-29 21:56:21,593 INFO impl.RaftServerImpl: 655d98e7-ceb4-4834-bbea-a00675ac4757@group-568DB2D66D9E: changes role from CANDIDATE to LEADER at term 1 for changeToLeader
nm_1        | 2019-10-29 21:57:12 INFO  ContainerScheduler:511 - Starting container [container_1572386171671_0001_01_000001]
datanode_3  | 2019-10-29 21:56:21,696 INFO impl.RaftServerImpl: fde9fdd2-14b1-4faa-90d4-977431a4412a@group-D5BF4BEC134B: changes role from  FOLLOWER to CANDIDATE at term 0 for changeToCandidate
datanode_1  | 2019-10-29 21:56:21,089 INFO server.RaftServerConfigKeys: raft.server.watch.timeout = 10s (default)
rm_1        | 2019-10-29 21:56:11 INFO  RMDelegationTokenSecretManager:92 - storing master key with keyID 1
datanode_2  | 2019-10-29 21:56:21,594 INFO impl.RaftServerImpl: 655d98e7-ceb4-4834-bbea-a00675ac4757@group-568DB2D66D9E: change Leader from null to 655d98e7-ceb4-4834-bbea-a00675ac4757 at term 1 for becomeLeader, leader elected after 5250ms
datanode_3  | 2019-10-29 21:56:21,696 INFO impl.RoleInfo: fde9fdd2-14b1-4faa-90d4-977431a4412a: start LeaderElection
nm_1        | 2019-10-29 21:57:12 INFO  Configuration:3318 - Removed undeclared tags:
rm_1        | 2019-10-29 21:56:11 INFO  RMStateStore:500 - Storing RMDTMasterKey.
datanode_1  | 2019-10-29 21:56:21,089 INFO server.RaftServerConfigKeys: raft.server.watch.timeout.denomination = 1s (default)
datanode_2  | 2019-10-29 21:56:21,599 INFO server.RaftServerConfigKeys: raft.server.staging.catchup.gap = 1000 (default)
datanode_3  | 2019-10-29 21:56:21,711 INFO impl.LeaderElection: fde9fdd2-14b1-4faa-90d4-977431a4412a@group-D5BF4BEC134B-LeaderElection2: begin an election at term 1 for -1: [655d98e7-ceb4-4834-bbea-a00675ac4757:172.18.0.6:9858, fde9fdd2-14b1-4faa-90d4-977431a4412a:172.18.0.8:9858, 17842e6c-17ee-44cd-9c7d-f6904df05886:172.18.0.9:9858], old=null
nm_1        | 2019-10-29 21:57:12 INFO  ContainerImpl:2126 - Container container_1572386171671_0001_01_000001 transitioned from SCHEDULED to RUNNING
rm_1        | 2019-10-29 21:56:11 INFO  AbstractDelegationTokenSecretManager:679 - Starting expired delegation token remover thread, tokenRemoverScanInterval=60 min(s)
datanode_1  | 2019-10-29 21:56:21,090 INFO server.RaftServerConfigKeys: raft.server.watch.element-limit = 65536 (default)
datanode_2  | 2019-10-29 21:56:21,599 INFO server.RaftServerConfigKeys: raft.server.rpc.sleep.time = 25ms (default)
datanode_3  | 2019-10-29 21:56:21,903 INFO impl.LeaderElection: fde9fdd2-14b1-4faa-90d4-977431a4412a@group-D5BF4BEC134B-LeaderElection2: Election REJECTED; received 2 response(s) [fde9fdd2-14b1-4faa-90d4-977431a4412a<-655d98e7-ceb4-4834-bbea-a00675ac4757#0:FAIL-t1, fde9fdd2-14b1-4faa-90d4-977431a4412a<-17842e6c-17ee-44cd-9c7d-f6904df05886#0:FAIL-t1] and 0 exception(s); fde9fdd2-14b1-4faa-90d4-977431a4412a@group-D5BF4BEC134B:t1, leader=null, voted=fde9fdd2-14b1-4faa-90d4-977431a4412a, raftlog=fde9fdd2-14b1-4faa-90d4-977431a4412a@group-D5BF4BEC134B-SegmentedRaftLog:OPENED:c-1,f-1,i0, conf=-1: [655d98e7-ceb4-4834-bbea-a00675ac4757:172.18.0.6:9858, fde9fdd2-14b1-4faa-90d4-977431a4412a:172.18.0.8:9858, 17842e6c-17ee-44cd-9c7d-f6904df05886:172.18.0.9:9858], old=null
nm_1        | 2019-10-29 21:57:12 INFO  ContainersMonitorImpl:943 - Starting resource-monitoring for container_1572386171671_0001_01_000001
rm_1        | 2019-10-29 21:56:11 INFO  AbstractDelegationTokenSecretManager:347 - Updating the current master key for generating delegation tokens
datanode_1  | 2019-10-29 21:56:21,097 INFO impl.RoleInfo: 17842e6c-17ee-44cd-9c7d-f6904df05886: start LeaderState
datanode_2  | 2019-10-29 21:56:21,604 INFO server.RaftServerConfigKeys: raft.server.write.element-limit = 4096 (default)
datanode_3  | 2019-10-29 21:56:21,905 INFO impl.RaftServerImpl: fde9fdd2-14b1-4faa-90d4-977431a4412a@group-D5BF4BEC134B: changes role from CANDIDATE to FOLLOWER at term 1 for DISCOVERED_A_NEW_TERM
nm_1        | 2019-10-29 21:57:12 INFO  DefaultContainerExecutor:370 - launchContainer: [bash, /tmp/hadoop-hadoop/nm-local-dir/usercache/hadoop/appcache/application_1572386171671_0001/container_1572386171671_0001_01_000001/default_container_executor.sh]
datanode_1  | 2019-10-29 21:56:21,114 INFO segmented.SegmentedRaftLogWorker: 17842e6c-17ee-44cd-9c7d-f6904df05886@group-C931833F08DF-SegmentedRaftLogWorker: Starting segment from index:0
datanode_2  | 2019-10-29 21:56:21,611 INFO server.RaftServerConfigKeys: raft.server.watch.timeout = 10s (default)
rm_1        | 2019-10-29 21:56:11 INFO  RMDelegationTokenSecretManager:92 - storing master key with keyID 2
datanode_3  | 2019-10-29 21:56:21,906 INFO impl.RoleInfo: fde9fdd2-14b1-4faa-90d4-977431a4412a: shutdown LeaderElection
nm_1        | 2019-10-29 21:57:13 INFO  Configuration:3318 - Removed undeclared tags:
datanode_1  | 2019-10-29 21:56:21,122 INFO impl.RaftServerImpl: 17842e6c-17ee-44cd-9c7d-f6904df05886@group-C931833F08DF: set configuration 0: [17842e6c-17ee-44cd-9c7d-f6904df05886:172.18.0.9:9858], old=null at 0
datanode_2  | 2019-10-29 21:56:21,611 INFO server.RaftServerConfigKeys: raft.server.watch.timeout.denomination = 1s (default)
rm_1        | 2019-10-29 21:56:11 INFO  RMStateStore:500 - Storing RMDTMasterKey.
datanode_2  | 2019-10-29 21:56:21,612 INFO server.RaftServerConfigKeys: raft.server.watch.element-limit = 65536 (default)
nm_1        | 2019-10-29 21:57:14 INFO  ContainersMonitorImpl:567 - container_1572386171671_0001_01_000001's ip = 172.18.0.3, and hostname = nm
datanode_1  | 2019-10-29 21:56:21,248 INFO segmented.SegmentedRaftLogWorker: 17842e6c-17ee-44cd-9c7d-f6904df05886@group-C931833F08DF-SegmentedRaftLogWorker: created new log segment /data/metadata/ratis/ae0bae02-c003-4e5b-90fe-c931833f08df/current/log_inprogress_0
datanode_3  | 2019-10-29 21:56:21,906 INFO impl.RoleInfo: fde9fdd2-14b1-4faa-90d4-977431a4412a: start FollowerState
rm_1        | 2019-10-29 21:56:11 INFO  AsyncDispatcher:223 - Registering class org.apache.hadoop.yarn.nodelabels.event.NodeLabelsStoreEventType for class org.apache.hadoop.yarn.nodelabels.CommonNodeLabelsManager$ForwardingEventHandler
datanode_2  | 2019-10-29 21:56:21,621 INFO impl.RoleInfo: 655d98e7-ceb4-4834-bbea-a00675ac4757: start LeaderState
nm_1        | 2019-10-29 21:57:17 INFO  ContainersMonitorImpl:468 - Skipping monitoring container container_1572386171671_0001_01_000001 since CPU usage is not yet available.
datanode_1  | 2019-10-29 21:56:21,757 INFO impl.FollowerState: 17842e6c-17ee-44cd-9c7d-f6904df05886@group-D5BF4BEC134B-FollowerState: change to CANDIDATE, lastRpcTime:5150ms, electionTimeout:5150ms
datanode_3  | 2019-10-29 21:56:26,973 INFO impl.FollowerState: fde9fdd2-14b1-4faa-90d4-977431a4412a@group-D5BF4BEC134B-FollowerState: change to CANDIDATE, lastRpcTime:5066ms, electionTimeout:5066ms
rm_1        | 2019-10-29 21:56:11 INFO  CallQueueManager:84 - Using callQueue: class java.util.concurrent.LinkedBlockingQueue queueCapacity: 5000 scheduler: class org.apache.hadoop.ipc.DefaultRpcScheduler
datanode_2  | 2019-10-29 21:56:21,646 INFO segmented.SegmentedRaftLogWorker: 655d98e7-ceb4-4834-bbea-a00675ac4757@group-568DB2D66D9E-SegmentedRaftLogWorker: Starting segment from index:0
nm_1        | 2019-10-29 21:57:22 INFO  Server:1845 - Auth successful for appattempt_1572386171671_0001_000001 (auth:SIMPLE)
datanode_1  | 2019-10-29 21:56:21,758 INFO impl.RoleInfo: 17842e6c-17ee-44cd-9c7d-f6904df05886: shutdown FollowerState
datanode_3  | 2019-10-29 21:56:26,974 INFO impl.RoleInfo: fde9fdd2-14b1-4faa-90d4-977431a4412a: shutdown FollowerState
rm_1        | 2019-10-29 21:56:11 INFO  Server:1070 - Starting Socket Reader #1 for port 8031
datanode_2  | 2019-10-29 21:56:21,661 INFO impl.RaftServerImpl: 655d98e7-ceb4-4834-bbea-a00675ac4757@group-568DB2D66D9E: set configuration 0: [655d98e7-ceb4-4834-bbea-a00675ac4757:172.18.0.6:9858], old=null at 0
nm_1        | 2019-10-29 21:57:22 INFO  ContainerManagerImpl:1070 - Start request for container_1572386171671_0001_01_000002 by user hadoop
datanode_1  | 2019-10-29 21:56:21,758 INFO impl.RaftServerImpl: 17842e6c-17ee-44cd-9c7d-f6904df05886@group-D5BF4BEC134B: changes role from  FOLLOWER to CANDIDATE at term 0 for changeToCandidate
datanode_3  | 2019-10-29 21:56:26,974 INFO impl.RaftServerImpl: fde9fdd2-14b1-4faa-90d4-977431a4412a@group-D5BF4BEC134B: changes role from  FOLLOWER to CANDIDATE at term 1 for changeToCandidate
rm_1        | 2019-10-29 21:56:11 INFO  RpcServerFactoryPBImpl:173 - Adding protocol org.apache.hadoop.yarn.server.api.ResourceTrackerPB to the server
datanode_2  | 2019-10-29 21:56:21,766 INFO impl.FollowerState: 655d98e7-ceb4-4834-bbea-a00675ac4757@group-D5BF4BEC134B-FollowerState: change to CANDIDATE, lastRpcTime:5183ms, electionTimeout:5183ms
nm_1        | 2019-10-29 21:57:22 INFO  NMAuditLogger:94 - USER=hadoop	IP=172.18.0.3	OPERATION=Start Container Request	TARGET=ContainerManageImpl	RESULT=SUCCESS	APPID=application_1572386171671_0001	CONTAINERID=container_1572386171671_0001_01_000002
datanode_1  | 2019-10-29 21:56:21,758 INFO impl.RoleInfo: 17842e6c-17ee-44cd-9c7d-f6904df05886: start LeaderElection
datanode_3  | 2019-10-29 21:56:26,974 INFO impl.RoleInfo: fde9fdd2-14b1-4faa-90d4-977431a4412a: start LeaderElection
rm_1        | 2019-10-29 21:56:11 INFO  Server:1310 - IPC Server Responder: starting
datanode_2  | 2019-10-29 21:56:21,767 INFO impl.RoleInfo: 655d98e7-ceb4-4834-bbea-a00675ac4757: shutdown FollowerState
nm_1        | 2019-10-29 21:57:22 INFO  ApplicationImpl:463 - Adding container_1572386171671_0001_01_000002 to application application_1572386171671_0001
datanode_3  | 2019-10-29 21:56:26,990 INFO impl.LeaderElection: fde9fdd2-14b1-4faa-90d4-977431a4412a@group-D5BF4BEC134B-LeaderElection3: begin an election at term 2 for -1: [655d98e7-ceb4-4834-bbea-a00675ac4757:172.18.0.6:9858, fde9fdd2-14b1-4faa-90d4-977431a4412a:172.18.0.8:9858, 17842e6c-17ee-44cd-9c7d-f6904df05886:172.18.0.9:9858], old=null
rm_1        | 2019-10-29 21:56:11 INFO  Server:1149 - IPC Server listener on 8031: starting
datanode_2  | 2019-10-29 21:56:21,767 INFO impl.RaftServerImpl: 655d98e7-ceb4-4834-bbea-a00675ac4757@group-D5BF4BEC134B: changes role from  FOLLOWER to CANDIDATE at term 0 for changeToCandidate
nm_1        | 2019-10-29 21:57:22 INFO  ContainerImpl:2126 - Container container_1572386171671_0001_01_000002 transitioned from NEW to LOCALIZING
datanode_1  | 2019-10-29 21:56:21,770 INFO impl.LeaderElection: 17842e6c-17ee-44cd-9c7d-f6904df05886@group-D5BF4BEC134B-LeaderElection2: begin an election at term 1 for -1: [655d98e7-ceb4-4834-bbea-a00675ac4757:172.18.0.6:9858, fde9fdd2-14b1-4faa-90d4-977431a4412a:172.18.0.8:9858, 17842e6c-17ee-44cd-9c7d-f6904df05886:172.18.0.9:9858], old=null
datanode_3  | 2019-10-29 21:56:27,042 INFO impl.LeaderElection: fde9fdd2-14b1-4faa-90d4-977431a4412a@group-D5BF4BEC134B-LeaderElection3: Election REJECTED; received 2 response(s) [fde9fdd2-14b1-4faa-90d4-977431a4412a<-655d98e7-ceb4-4834-bbea-a00675ac4757#0:FAIL-t2, fde9fdd2-14b1-4faa-90d4-977431a4412a<-17842e6c-17ee-44cd-9c7d-f6904df05886#0:FAIL-t2] and 0 exception(s); fde9fdd2-14b1-4faa-90d4-977431a4412a@group-D5BF4BEC134B:t2, leader=null, voted=fde9fdd2-14b1-4faa-90d4-977431a4412a, raftlog=fde9fdd2-14b1-4faa-90d4-977431a4412a@group-D5BF4BEC134B-SegmentedRaftLog:OPENED:c-1,f-1,i0, conf=-1: [655d98e7-ceb4-4834-bbea-a00675ac4757:172.18.0.6:9858, fde9fdd2-14b1-4faa-90d4-977431a4412a:172.18.0.8:9858, 17842e6c-17ee-44cd-9c7d-f6904df05886:172.18.0.9:9858], old=null
rm_1        | 2019-10-29 21:56:11 INFO  JvmPauseMonitor:188 - Starting JVM pause monitor
datanode_2  | 2019-10-29 21:56:21,767 INFO impl.RoleInfo: 655d98e7-ceb4-4834-bbea-a00675ac4757: start LeaderElection
nm_1        | 2019-10-29 21:57:22 INFO  AuxServices:350 - Got event CONTAINER_INIT for appId application_1572386171671_0001
datanode_1  | 2019-10-29 21:56:21,945 INFO impl.LeaderElection: 17842e6c-17ee-44cd-9c7d-f6904df05886@group-D5BF4BEC134B-LeaderElection2: Election REJECTED; received 2 response(s) [17842e6c-17ee-44cd-9c7d-f6904df05886<-655d98e7-ceb4-4834-bbea-a00675ac4757#0:FAIL-t1, 17842e6c-17ee-44cd-9c7d-f6904df05886<-fde9fdd2-14b1-4faa-90d4-977431a4412a#0:FAIL-t1] and 0 exception(s); 17842e6c-17ee-44cd-9c7d-f6904df05886@group-D5BF4BEC134B:t1, leader=null, voted=17842e6c-17ee-44cd-9c7d-f6904df05886, raftlog=17842e6c-17ee-44cd-9c7d-f6904df05886@group-D5BF4BEC134B-SegmentedRaftLog:OPENED:c-1,f-1,i0, conf=-1: [655d98e7-ceb4-4834-bbea-a00675ac4757:172.18.0.6:9858, fde9fdd2-14b1-4faa-90d4-977431a4412a:172.18.0.8:9858, 17842e6c-17ee-44cd-9c7d-f6904df05886:172.18.0.9:9858], old=null
datanode_3  | 2019-10-29 21:56:27,043 INFO impl.RaftServerImpl: fde9fdd2-14b1-4faa-90d4-977431a4412a@group-D5BF4BEC134B: changes role from CANDIDATE to FOLLOWER at term 2 for DISCOVERED_A_NEW_TERM
rm_1        | 2019-10-29 21:56:11 INFO  CallQueueManager:84 - Using callQueue: class java.util.concurrent.LinkedBlockingQueue queueCapacity: 5000 scheduler: class org.apache.hadoop.ipc.DefaultRpcScheduler
datanode_2  | 2019-10-29 21:56:21,770 INFO segmented.SegmentedRaftLogWorker: 655d98e7-ceb4-4834-bbea-a00675ac4757@group-568DB2D66D9E-SegmentedRaftLogWorker: created new log segment /data/metadata/ratis/c09e53e0-2ee1-497b-8364-568db2d66d9e/current/log_inprogress_0
nm_1        | 2019-10-29 21:57:22 INFO  AuxServices:350 - Got event APPLICATION_INIT for appId application_1572386171671_0001
datanode_1  | 2019-10-29 21:56:21,947 INFO impl.RaftServerImpl: 17842e6c-17ee-44cd-9c7d-f6904df05886@group-D5BF4BEC134B: changes role from CANDIDATE to FOLLOWER at term 1 for DISCOVERED_A_NEW_TERM
datanode_3  | 2019-10-29 21:56:27,044 INFO impl.RoleInfo: fde9fdd2-14b1-4faa-90d4-977431a4412a: shutdown LeaderElection
rm_1        | 2019-10-29 21:56:11 INFO  Server:1070 - Starting Socket Reader #1 for port 8030
datanode_2  | 2019-10-29 21:56:21,772 INFO impl.LeaderElection: 655d98e7-ceb4-4834-bbea-a00675ac4757@group-D5BF4BEC134B-LeaderElection2: begin an election at term 1 for -1: [655d98e7-ceb4-4834-bbea-a00675ac4757:172.18.0.6:9858, fde9fdd2-14b1-4faa-90d4-977431a4412a:172.18.0.8:9858, 17842e6c-17ee-44cd-9c7d-f6904df05886:172.18.0.9:9858], old=null
nm_1        | 2019-10-29 21:57:22 INFO  AuxServices:354 - Got APPLICATION_INIT for service mapreduce_shuffle
datanode_3  | 2019-10-29 21:56:27,044 INFO impl.RoleInfo: fde9fdd2-14b1-4faa-90d4-977431a4412a: start FollowerState
datanode_1  | 2019-10-29 21:56:21,947 INFO impl.RoleInfo: 17842e6c-17ee-44cd-9c7d-f6904df05886: shutdown LeaderElection
rm_1        | 2019-10-29 21:56:11 INFO  RpcServerFactoryPBImpl:173 - Adding protocol org.apache.hadoop.yarn.api.ApplicationMasterProtocolPB to the server
datanode_2  | 2019-10-29 21:56:21,949 INFO impl.LeaderElection: 655d98e7-ceb4-4834-bbea-a00675ac4757@group-D5BF4BEC134B-LeaderElection2: Election REJECTED; received 2 response(s) [655d98e7-ceb4-4834-bbea-a00675ac4757<-fde9fdd2-14b1-4faa-90d4-977431a4412a#0:FAIL-t1, 655d98e7-ceb4-4834-bbea-a00675ac4757<-17842e6c-17ee-44cd-9c7d-f6904df05886#0:FAIL-t1] and 0 exception(s); 655d98e7-ceb4-4834-bbea-a00675ac4757@group-D5BF4BEC134B:t1, leader=null, voted=655d98e7-ceb4-4834-bbea-a00675ac4757, raftlog=655d98e7-ceb4-4834-bbea-a00675ac4757@group-D5BF4BEC134B-SegmentedRaftLog:OPENED:c-1,f-1,i0, conf=-1: [655d98e7-ceb4-4834-bbea-a00675ac4757:172.18.0.6:9858, fde9fdd2-14b1-4faa-90d4-977431a4412a:172.18.0.8:9858, 17842e6c-17ee-44cd-9c7d-f6904df05886:172.18.0.9:9858], old=null
nm_1        | 2019-10-29 21:57:22 INFO  ShuffleHandler:719 - Added token for job_1572386171671_0001
datanode_3  | 2019-10-29 21:56:32,146 INFO impl.RaftServerImpl: fde9fdd2-14b1-4faa-90d4-977431a4412a@group-D5BF4BEC134B: changes role from  FOLLOWER to FOLLOWER at term 3 for recognizeCandidate:17842e6c-17ee-44cd-9c7d-f6904df05886
datanode_1  | 2019-10-29 21:56:21,947 INFO impl.RoleInfo: 17842e6c-17ee-44cd-9c7d-f6904df05886: start FollowerState
rm_1        | 2019-10-29 21:56:11 INFO  Server:1310 - IPC Server Responder: starting
nm_1        | 2019-10-29 21:57:22 INFO  ContainerImpl:2126 - Container container_1572386171671_0001_01_000002 transitioned from LOCALIZING to SCHEDULED
datanode_2  | 2019-10-29 21:56:21,950 INFO impl.RaftServerImpl: 655d98e7-ceb4-4834-bbea-a00675ac4757@group-D5BF4BEC134B: changes role from CANDIDATE to FOLLOWER at term 1 for DISCOVERED_A_NEW_TERM
datanode_3  | 2019-10-29 21:56:32,147 INFO impl.RoleInfo: fde9fdd2-14b1-4faa-90d4-977431a4412a: shutdown FollowerState
datanode_2  | 2019-10-29 21:56:21,950 INFO impl.RoleInfo: 655d98e7-ceb4-4834-bbea-a00675ac4757: shutdown LeaderElection
rm_1        | 2019-10-29 21:56:11 INFO  Server:1149 - IPC Server listener on 8030: starting
nm_1        | 2019-10-29 21:57:22 INFO  ContainerScheduler:511 - Starting container [container_1572386171671_0001_01_000002]
datanode_1  | 2019-10-29 21:56:26,970 INFO impl.FollowerState: 17842e6c-17ee-44cd-9c7d-f6904df05886@group-D5BF4BEC134B-FollowerState: change to CANDIDATE, lastRpcTime:5023ms, electionTimeout:5023ms
datanode_3  | 2019-10-29 21:56:32,147 INFO impl.RoleInfo: fde9fdd2-14b1-4faa-90d4-977431a4412a: start FollowerState
rm_1        | 2019-10-29 21:56:11 INFO  CallQueueManager:84 - Using callQueue: class java.util.concurrent.LinkedBlockingQueue queueCapacity: 5000 scheduler: class org.apache.hadoop.ipc.DefaultRpcScheduler
datanode_2  | 2019-10-29 21:56:21,951 INFO impl.RoleInfo: 655d98e7-ceb4-4834-bbea-a00675ac4757: start FollowerState
nm_1        | 2019-10-29 21:57:22 INFO  Configuration:3318 - Removed undeclared tags:
datanode_1  | 2019-10-29 21:56:26,972 INFO impl.RoleInfo: 17842e6c-17ee-44cd-9c7d-f6904df05886: shutdown FollowerState
datanode_3  | 2019-10-29 21:56:32,147 INFO impl.FollowerState: fde9fdd2-14b1-4faa-90d4-977431a4412a@group-D5BF4BEC134B-FollowerState was interrupted: java.lang.InterruptedException: sleep interrupted
rm_1        | 2019-10-29 21:56:11 INFO  Server:1070 - Starting Socket Reader #1 for port 8032
datanode_2  | 2019-10-29 21:56:27,006 INFO impl.FollowerState: 655d98e7-ceb4-4834-bbea-a00675ac4757@group-D5BF4BEC134B-FollowerState: change to CANDIDATE, lastRpcTime:5055ms, electionTimeout:5055ms
nm_1        | 2019-10-29 21:57:22 INFO  ContainerImpl:2126 - Container container_1572386171671_0001_01_000002 transitioned from SCHEDULED to RUNNING
datanode_1  | 2019-10-29 21:56:26,975 INFO impl.RaftServerImpl: 17842e6c-17ee-44cd-9c7d-f6904df05886@group-D5BF4BEC134B: changes role from  FOLLOWER to CANDIDATE at term 1 for changeToCandidate
datanode_3  | 2019-10-29 21:56:32,245 INFO impl.RaftServerImpl: fde9fdd2-14b1-4faa-90d4-977431a4412a@group-D5BF4BEC134B: change Leader from null to 17842e6c-17ee-44cd-9c7d-f6904df05886 at term 3 for appendEntries, leader elected after 15644ms
rm_1        | 2019-10-29 21:56:11 INFO  RpcServerFactoryPBImpl:173 - Adding protocol org.apache.hadoop.yarn.api.ApplicationClientProtocolPB to the server
datanode_2  | 2019-10-29 21:56:27,007 INFO impl.RoleInfo: 655d98e7-ceb4-4834-bbea-a00675ac4757: shutdown FollowerState
nm_1        | 2019-10-29 21:57:22 INFO  ContainersMonitorImpl:943 - Starting resource-monitoring for container_1572386171671_0001_01_000002
datanode_1  | 2019-10-29 21:56:26,975 INFO impl.RoleInfo: 17842e6c-17ee-44cd-9c7d-f6904df05886: start LeaderElection
datanode_3  | 2019-10-29 21:56:32,268 INFO impl.RaftServerImpl: fde9fdd2-14b1-4faa-90d4-977431a4412a@group-D5BF4BEC134B: set configuration 0: [655d98e7-ceb4-4834-bbea-a00675ac4757:172.18.0.6:9858, fde9fdd2-14b1-4faa-90d4-977431a4412a:172.18.0.8:9858, 17842e6c-17ee-44cd-9c7d-f6904df05886:172.18.0.9:9858], old=null at 0
rm_1        | 2019-10-29 21:56:11 INFO  Server:1310 - IPC Server Responder: starting
datanode_2  | 2019-10-29 21:56:27,008 INFO impl.RaftServerImpl: 655d98e7-ceb4-4834-bbea-a00675ac4757@group-D5BF4BEC134B: changes role from  FOLLOWER to CANDIDATE at term 1 for changeToCandidate
nm_1        | 2019-10-29 21:57:22 INFO  DefaultContainerExecutor:370 - launchContainer: [bash, /tmp/hadoop-hadoop/nm-local-dir/usercache/hadoop/appcache/application_1572386171671_0001/container_1572386171671_0001_01_000002/default_container_executor.sh]
datanode_1  | 2019-10-29 21:56:26,990 INFO impl.LeaderElection: 17842e6c-17ee-44cd-9c7d-f6904df05886@group-D5BF4BEC134B-LeaderElection3: begin an election at term 2 for -1: [655d98e7-ceb4-4834-bbea-a00675ac4757:172.18.0.6:9858, fde9fdd2-14b1-4faa-90d4-977431a4412a:172.18.0.8:9858, 17842e6c-17ee-44cd-9c7d-f6904df05886:172.18.0.9:9858], old=null
rm_1        | 2019-10-29 21:56:11 INFO  Server:1149 - IPC Server listener on 8032: starting
datanode_3  | 2019-10-29 21:56:32,268 INFO segmented.SegmentedRaftLogWorker: fde9fdd2-14b1-4faa-90d4-977431a4412a@group-D5BF4BEC134B-SegmentedRaftLogWorker: Starting segment from index:0
datanode_2  | 2019-10-29 21:56:27,008 INFO impl.RoleInfo: 655d98e7-ceb4-4834-bbea-a00675ac4757: start LeaderElection
nm_1        | 2019-10-29 21:57:23 INFO  ContainersMonitorImpl:567 - container_1572386171671_0001_01_000002's ip = 172.18.0.3, and hostname = nm
datanode_1  | 2019-10-29 21:56:27,026 INFO impl.LeaderElection: 17842e6c-17ee-44cd-9c7d-f6904df05886@group-D5BF4BEC134B-LeaderElection3: Election REJECTED; received 2 response(s) [17842e6c-17ee-44cd-9c7d-f6904df05886<-655d98e7-ceb4-4834-bbea-a00675ac4757#0:FAIL-t2, 17842e6c-17ee-44cd-9c7d-f6904df05886<-fde9fdd2-14b1-4faa-90d4-977431a4412a#0:FAIL-t2] and 0 exception(s); 17842e6c-17ee-44cd-9c7d-f6904df05886@group-D5BF4BEC134B:t2, leader=null, voted=17842e6c-17ee-44cd-9c7d-f6904df05886, raftlog=17842e6c-17ee-44cd-9c7d-f6904df05886@group-D5BF4BEC134B-SegmentedRaftLog:OPENED:c-1,f-1,i0, conf=-1: [655d98e7-ceb4-4834-bbea-a00675ac4757:172.18.0.6:9858, fde9fdd2-14b1-4faa-90d4-977431a4412a:172.18.0.8:9858, 17842e6c-17ee-44cd-9c7d-f6904df05886:172.18.0.9:9858], old=null
rm_1        | 2019-10-29 21:56:11 INFO  ResourceManager:1279 - Transitioned to active state
datanode_3  | 2019-10-29 21:56:32,304 INFO segmented.SegmentedRaftLogWorker: fde9fdd2-14b1-4faa-90d4-977431a4412a@group-D5BF4BEC134B-SegmentedRaftLogWorker: created new log segment /data/metadata/ratis/1210f710-c08e-41ab-91ec-d5bf4bec134b/current/log_inprogress_0
datanode_2  | 2019-10-29 21:56:27,023 INFO impl.LeaderElection: 655d98e7-ceb4-4834-bbea-a00675ac4757@group-D5BF4BEC134B-LeaderElection3: begin an election at term 2 for -1: [655d98e7-ceb4-4834-bbea-a00675ac4757:172.18.0.6:9858, fde9fdd2-14b1-4faa-90d4-977431a4412a:172.18.0.8:9858, 17842e6c-17ee-44cd-9c7d-f6904df05886:172.18.0.9:9858], old=null
nm_1        | 2019-10-29 21:57:26 INFO  ContainersMonitorImpl:468 - Skipping monitoring container container_1572386171671_0001_01_000002 since CPU usage is not yet available.
datanode_1  | 2019-10-29 21:56:27,027 INFO impl.RaftServerImpl: 17842e6c-17ee-44cd-9c7d-f6904df05886@group-D5BF4BEC134B: changes role from CANDIDATE to FOLLOWER at term 2 for DISCOVERED_A_NEW_TERM
rm_1        | 2019-10-29 21:56:12 INFO  ResourceTrackerService:495 - NodeManager from node nm(cmPort: 41818 httpPort: 8042) registered with capability: <memory:8192, vCores:8>, assigned nodeId nm:41818
datanode_2  | 2019-10-29 21:56:27,062 INFO impl.LeaderElection: 655d98e7-ceb4-4834-bbea-a00675ac4757@group-D5BF4BEC134B-LeaderElection3: Election REJECTED; received 2 response(s) [655d98e7-ceb4-4834-bbea-a00675ac4757<-fde9fdd2-14b1-4faa-90d4-977431a4412a#0:FAIL-t2, 655d98e7-ceb4-4834-bbea-a00675ac4757<-17842e6c-17ee-44cd-9c7d-f6904df05886#0:FAIL-t2] and 0 exception(s); 655d98e7-ceb4-4834-bbea-a00675ac4757@group-D5BF4BEC134B:t2, leader=null, voted=655d98e7-ceb4-4834-bbea-a00675ac4757, raftlog=655d98e7-ceb4-4834-bbea-a00675ac4757@group-D5BF4BEC134B-SegmentedRaftLog:OPENED:c-1,f-1,i0, conf=-1: [655d98e7-ceb4-4834-bbea-a00675ac4757:172.18.0.6:9858, fde9fdd2-14b1-4faa-90d4-977431a4412a:172.18.0.8:9858, 17842e6c-17ee-44cd-9c7d-f6904df05886:172.18.0.9:9858], old=null
nm_1        | 2019-10-29 21:57:27 INFO  ContainerLaunch:589 - Container container_1572386171671_0001_01_000002 succeeded 
datanode_1  | 2019-10-29 21:56:27,027 INFO impl.RoleInfo: 17842e6c-17ee-44cd-9c7d-f6904df05886: shutdown LeaderElection
rm_1        | 2019-10-29 21:56:12 INFO  RMNodeImpl:671 - nm:41818 Node Transitioned from NEW to RUNNING
datanode_2  | 2019-10-29 21:56:27,063 INFO impl.RaftServerImpl: 655d98e7-ceb4-4834-bbea-a00675ac4757@group-D5BF4BEC134B: changes role from CANDIDATE to FOLLOWER at term 2 for DISCOVERED_A_NEW_TERM
nm_1        | 2019-10-29 21:57:27 INFO  ContainerImpl:2126 - Container container_1572386171671_0001_01_000002 transitioned from RUNNING to EXITED_WITH_SUCCESS
datanode_1  | 2019-10-29 21:56:27,027 INFO impl.RoleInfo: 17842e6c-17ee-44cd-9c7d-f6904df05886: start FollowerState
rm_1        | 2019-10-29 21:56:12 INFO  CapacityScheduler:1866 - Added node nm:41818 clusterResource: <memory:8192, vCores:8>
datanode_2  | 2019-10-29 21:56:27,064 INFO impl.RoleInfo: 655d98e7-ceb4-4834-bbea-a00675ac4757: shutdown LeaderElection
nm_1        | 2019-10-29 21:57:27 INFO  ContainerLaunch:745 - Cleaning up container container_1572386171671_0001_01_000002
datanode_1  | 2019-10-29 21:56:32,100 INFO impl.FollowerState: 17842e6c-17ee-44cd-9c7d-f6904df05886@group-D5BF4BEC134B-FollowerState: change to CANDIDATE, lastRpcTime:5072ms, electionTimeout:5072ms
rm_1        | 2019-10-29 21:57:07 INFO  ClientRMService:341 - Allocated new applicationId: 1
datanode_2  | 2019-10-29 21:56:27,064 INFO impl.RoleInfo: 655d98e7-ceb4-4834-bbea-a00675ac4757: start FollowerState
nm_1        | 2019-10-29 21:57:27 INFO  Configuration:3318 - Removed undeclared tags:
datanode_1  | 2019-10-29 21:56:32,100 INFO impl.RoleInfo: 17842e6c-17ee-44cd-9c7d-f6904df05886: shutdown FollowerState
datanode_2  | 2019-10-29 21:56:32,146 INFO impl.RaftServerImpl: 655d98e7-ceb4-4834-bbea-a00675ac4757@group-D5BF4BEC134B: changes role from  FOLLOWER to FOLLOWER at term 3 for recognizeCandidate:17842e6c-17ee-44cd-9c7d-f6904df05886
rm_1        | 2019-10-29 21:57:08 INFO  CapacityScheduler:2500 - Application 'application_1572386171671_0001' is submitted without priority hence considering default queue/cluster priority: 0
nm_1        | 2019-10-29 21:57:27 INFO  DefaultContainerExecutor:634 - Deleting absolute path : /tmp/hadoop-hadoop/nm-local-dir/usercache/hadoop/appcache/application_1572386171671_0001/container_1572386171671_0001_01_000002/launch_container.sh
datanode_1  | 2019-10-29 21:56:32,101 INFO impl.RaftServerImpl: 17842e6c-17ee-44cd-9c7d-f6904df05886@group-D5BF4BEC134B: changes role from  FOLLOWER to CANDIDATE at term 2 for changeToCandidate
datanode_2  | 2019-10-29 21:56:32,146 INFO impl.RoleInfo: 655d98e7-ceb4-4834-bbea-a00675ac4757: shutdown FollowerState
rm_1        | 2019-10-29 21:57:08 INFO  CapacityScheduler:2521 - Priority '0' is acceptable in queue : default for application: application_1572386171671_0001
nm_1        | 2019-10-29 21:57:27 INFO  DefaultContainerExecutor:634 - Deleting absolute path : /tmp/hadoop-hadoop/nm-local-dir/usercache/hadoop/appcache/application_1572386171671_0001/container_1572386171671_0001_01_000002/container_tokens
datanode_1  | 2019-10-29 21:56:32,101 INFO impl.RoleInfo: 17842e6c-17ee-44cd-9c7d-f6904df05886: start LeaderElection
datanode_2  | 2019-10-29 21:56:32,146 INFO impl.RoleInfo: 655d98e7-ceb4-4834-bbea-a00675ac4757: start FollowerState
rm_1        | 2019-10-29 21:57:08 INFO  ClientRMService:650 - Application with id 1 submitted by user hadoop
nm_1        | 2019-10-29 21:57:27 INFO  NMAuditLogger:94 - USER=hadoop	OPERATION=Container Finished - Succeeded	TARGET=ContainerImpl	RESULT=SUCCESS	APPID=application_1572386171671_0001	CONTAINERID=container_1572386171671_0001_01_000002
datanode_1  | 2019-10-29 21:56:32,128 INFO impl.LeaderElection: 17842e6c-17ee-44cd-9c7d-f6904df05886@group-D5BF4BEC134B-LeaderElection4: begin an election at term 3 for -1: [655d98e7-ceb4-4834-bbea-a00675ac4757:172.18.0.6:9858, fde9fdd2-14b1-4faa-90d4-977431a4412a:172.18.0.8:9858, 17842e6c-17ee-44cd-9c7d-f6904df05886:172.18.0.9:9858], old=null
datanode_2  | 2019-10-29 21:56:32,147 INFO impl.FollowerState: 655d98e7-ceb4-4834-bbea-a00675ac4757@group-D5BF4BEC134B-FollowerState was interrupted: java.lang.InterruptedException: sleep interrupted
nm_1        | 2019-10-29 21:57:27 INFO  ContainerImpl:2126 - Container container_1572386171671_0001_01_000002 transitioned from EXITED_WITH_SUCCESS to DONE
rm_1        | 2019-10-29 21:57:08 INFO  RMAppImpl:1259 - Storing application with id application_1572386171671_0001
datanode_1  | 2019-10-29 21:56:32,169 INFO impl.LeaderElection: 17842e6c-17ee-44cd-9c7d-f6904df05886@group-D5BF4BEC134B-LeaderElection4: Election PASSED; received 1 response(s) [17842e6c-17ee-44cd-9c7d-f6904df05886<-fde9fdd2-14b1-4faa-90d4-977431a4412a#0:OK-t3] and 0 exception(s); 17842e6c-17ee-44cd-9c7d-f6904df05886@group-D5BF4BEC134B:t3, leader=null, voted=17842e6c-17ee-44cd-9c7d-f6904df05886, raftlog=17842e6c-17ee-44cd-9c7d-f6904df05886@group-D5BF4BEC134B-SegmentedRaftLog:OPENED:c-1,f-1,i0, conf=-1: [655d98e7-ceb4-4834-bbea-a00675ac4757:172.18.0.6:9858, fde9fdd2-14b1-4faa-90d4-977431a4412a:172.18.0.8:9858, 17842e6c-17ee-44cd-9c7d-f6904df05886:172.18.0.9:9858], old=null
datanode_2  | 2019-10-29 21:56:32,246 INFO impl.RaftServerImpl: 655d98e7-ceb4-4834-bbea-a00675ac4757@group-D5BF4BEC134B: change Leader from null to 17842e6c-17ee-44cd-9c7d-f6904df05886 at term 3 for appendEntries, leader elected after 15666ms
nm_1        | 2019-10-29 21:57:27 INFO  ApplicationImpl:512 - Removing container_1572386171671_0001_01_000002 from application application_1572386171671_0001
rm_1        | 2019-10-29 21:57:08 INFO  RMAuditLogger:310 - USER=hadoop	IP=172.18.0.7	OPERATION=Submit Application Request	TARGET=ClientRMService	RESULT=SUCCESS	APPID=application_1572386171671_0001	CALLERCONTEXT=CLI	QUEUENAME=default
datanode_1  | 2019-10-29 21:56:32,170 INFO impl.RoleInfo: 17842e6c-17ee-44cd-9c7d-f6904df05886: shutdown LeaderElection
datanode_2  | 2019-10-29 21:56:32,268 INFO impl.RaftServerImpl: 655d98e7-ceb4-4834-bbea-a00675ac4757@group-D5BF4BEC134B: set configuration 0: [655d98e7-ceb4-4834-bbea-a00675ac4757:172.18.0.6:9858, fde9fdd2-14b1-4faa-90d4-977431a4412a:172.18.0.8:9858, 17842e6c-17ee-44cd-9c7d-f6904df05886:172.18.0.9:9858], old=null at 0
nm_1        | 2019-10-29 21:57:27 INFO  ContainersMonitorImpl:934 - Stopping resource-monitoring for container_1572386171671_0001_01_000002
datanode_1  | 2019-10-29 21:56:32,172 INFO impl.RaftServerImpl: 17842e6c-17ee-44cd-9c7d-f6904df05886@group-D5BF4BEC134B: changes role from CANDIDATE to LEADER at term 3 for changeToLeader
rm_1        | 2019-10-29 21:57:09 INFO  RMStateStore:222 - Storing info for app: application_1572386171671_0001
datanode_2  | 2019-10-29 21:56:32,268 INFO segmented.SegmentedRaftLogWorker: 655d98e7-ceb4-4834-bbea-a00675ac4757@group-D5BF4BEC134B-SegmentedRaftLogWorker: Starting segment from index:0
nm_1        | 2019-10-29 21:57:27 INFO  AuxServices:350 - Got event CONTAINER_STOP for appId application_1572386171671_0001
datanode_1  | 2019-10-29 21:56:32,173 INFO impl.RaftServerImpl: 17842e6c-17ee-44cd-9c7d-f6904df05886@group-D5BF4BEC134B: change Leader from null to 17842e6c-17ee-44cd-9c7d-f6904df05886 at term 3 for becomeLeader, leader elected after 15572ms
rm_1        | 2019-10-29 21:57:09 INFO  RMAppImpl:912 - application_1572386171671_0001 State change from NEW to NEW_SAVING on event = START
datanode_2  | 2019-10-29 21:56:32,304 INFO segmented.SegmentedRaftLogWorker: 655d98e7-ceb4-4834-bbea-a00675ac4757@group-D5BF4BEC134B-SegmentedRaftLogWorker: created new log segment /data/metadata/ratis/1210f710-c08e-41ab-91ec-d5bf4bec134b/current/log_inprogress_0
datanode_1  | 2019-10-29 21:56:32,174 INFO server.RaftServerConfigKeys: raft.server.staging.catchup.gap = 1000 (default)
nm_1        | 2019-10-29 21:57:29 INFO  Server:1845 - Auth successful for appattempt_1572386171671_0001_000001 (auth:SIMPLE)
rm_1        | 2019-10-29 21:57:09 INFO  RMAppImpl:912 - application_1572386171671_0001 State change from NEW_SAVING to SUBMITTED on event = APP_NEW_SAVED
datanode_1  | 2019-10-29 21:56:32,174 INFO server.RaftServerConfigKeys: raft.server.rpc.sleep.time = 25ms (default)
nm_1        | 2019-10-29 21:57:29 INFO  ContainerManagerImpl:1070 - Start request for container_1572386171671_0001_01_000003 by user hadoop
rm_1        | 2019-10-29 21:57:09 INFO  ParentQueue:494 - Application added - appId: application_1572386171671_0001 user: hadoop leaf-queue of parent: root #applications: 1
nm_1        | 2019-10-29 21:57:29 INFO  NMAuditLogger:94 - USER=hadoop	IP=172.18.0.3	OPERATION=Start Container Request	TARGET=ContainerManageImpl	RESULT=SUCCESS	APPID=application_1572386171671_0001	CONTAINERID=container_1572386171671_0001_01_000003
datanode_1  | 2019-10-29 21:56:32,175 INFO server.RaftServerConfigKeys: raft.server.write.element-limit = 4096 (default)
rm_1        | 2019-10-29 21:57:09 INFO  CapacityScheduler:954 - Accepted application application_1572386171671_0001 from user: hadoop, in queue: default
nm_1        | 2019-10-29 21:57:29 INFO  ApplicationImpl:463 - Adding container_1572386171671_0001_01_000003 to application application_1572386171671_0001
datanode_1  | 2019-10-29 21:56:32,175 INFO server.RaftServerConfigKeys: raft.server.watch.timeout = 10s (default)
rm_1        | 2019-10-29 21:57:09 INFO  RMAppImpl:912 - application_1572386171671_0001 State change from SUBMITTED to ACCEPTED on event = APP_ACCEPTED
nm_1        | 2019-10-29 21:57:29 INFO  ContainerImpl:2126 - Container container_1572386171671_0001_01_000003 transitioned from NEW to LOCALIZING
