datanode_3  | 2019-11-14 05:46:59,253 INFO server.RaftServerConfigKeys: raft.server.log.force.sync.num = 128 (default)
datanode_1  | 2019-11-14 05:46:59,204 INFO server.RaftServerConfigKeys: raft.server.rpc.timeout.max = 5200ms (custom)
datanode_2  | 2019-11-14 05:46:58,910 INFO server.RaftServerConfigKeys: raft.server.snapshot.auto.trigger.threshold = 10000 (custom)
scm_1       | 	at org.apache.ratis.grpc.client.GrpcClientProtocolClient.blockingCall(GrpcClientProtocolClient.java:182)
nm_1        | 2019-11-14 05:48:08 INFO  Configuration:3318 - Removed undeclared tags:
rm_1        | 2019-11-14 05:47:53 INFO  ClientRMService:341 - Allocated new applicationId: 1
datanode_3  | 2019-11-14 05:46:59,253 INFO server.RaftServerConfigKeys: raft.server.log.statemachine.data.sync = true (default)
datanode_1  | 2019-11-14 05:46:59,204 INFO server.RaftServerConfigKeys: raft.server.rpcslowness.timeout = 120s (custom)
datanode_2  | 2019-11-14 05:46:58,910 INFO server.RaftServerConfigKeys: raft.server.snapshot.retention.file.num = 5 (custom)
scm_1       | 	... 16 more
nm_1        | 2019-11-14 05:48:08 INFO  ContainerImpl:2126 - Container container_1573710407849_0001_01_000002 transitioned from SCHEDULED to RUNNING
rm_1        | 2019-11-14 05:47:54 INFO  CapacityScheduler:2500 - Application 'application_1573710407849_0001' is submitted without priority hence considering default queue/cluster priority: 0
datanode_3  | 2019-11-14 05:46:59,253 INFO server.RaftServerConfigKeys: raft.server.log.statemachine.data.sync.timeout = 10s (default)
datanode_1  | 2019-11-14 05:46:59,204 INFO server.RaftServerConfigKeys: raft.server.sleep.deviation.threshold = 300 (default)
scm_1       | 2019-11-14 05:46:58,163 ERROR pipeline.RatisPipelineProvider: Failed invoke Ratis rpc org.apache.hadoop.hdds.scm.pipeline.RatisPipelineProvider$$Lambda$173/0x00000008403adc40@41cb690b for 0777cc22-3dd4-4d67-9344-e9898b1fca45
datanode_2  | 2019-11-14 05:46:58,911 INFO server.RaftServerConfigKeys: raft.server.retrycache.expirytime = 600000ms (custom)
nm_1        | 2019-11-14 05:48:08 INFO  ContainersMonitorImpl:943 - Starting resource-monitoring for container_1573710407849_0001_01_000002
rm_1        | 2019-11-14 05:47:54 INFO  CapacityScheduler:2521 - Priority '0' is acceptable in queue : default for application: application_1573710407849_0001
datanode_3  | 2019-11-14 05:46:59,253 INFO server.RaftServerConfigKeys: raft.server.log.statemachine.data.sync.timeout.retry = -1 (default)
scm_1       | org.apache.ratis.protocol.TimeoutIOException: deadline exceeded after 2998976797ns
datanode_2  | 2019-11-14 05:46:58,911 WARN impl.MetricRegistriesImpl: First MetricRegistry has been created without registering reporters. You may need to call MetricRegistries.global().addReportRegistration(...) before.
datanode_1  | 2019-11-14 05:46:59,204 INFO server.RaftServerConfigKeys: raft.server.log.appender.install.snapshot.enabled = false (custom)
nm_1        | 2019-11-14 05:48:08 INFO  DefaultContainerExecutor:370 - launchContainer: [bash, /tmp/hadoop-hadoop/nm-local-dir/usercache/hadoop/appcache/application_1573710407849_0001/container_1573710407849_0001_01_000002/default_container_executor.sh]
rm_1        | 2019-11-14 05:47:54 INFO  ClientRMService:650 - Application with id 1 submitted by user hadoop
datanode_3  | 2019-11-14 05:46:59,253 INFO server.RaftServerConfigKeys: raft.server.log.statemachine.data.caching.enabled = true (custom)
scm_1       | 	at org.apache.ratis.grpc.GrpcUtil.tryUnwrapException(GrpcUtil.java:82)
datanode_1  | 2019-11-14 05:46:59,204 INFO impl.RaftServerImpl: 0777cc22-3dd4-4d67-9344-e9898b1fca45@group-069B0DDA3096: ConfigurationManager, init=-1: [281fd493-19d3-4a69-9206-7c208383655c:172.18.0.4:9858, 0777cc22-3dd4-4d67-9344-e9898b1fca45:172.18.0.2:9858, 7a66b944-6d94-41e6-ac8a-6e814f427def:172.18.0.3:9858], old=null, confs=<EMPTY_MAP>
datanode_2  | 2019-11-14 05:46:58,911 WARN impl.MetricRegistriesImpl: First MetricRegistry has been created without registering reporters. You may need to call MetricRegistries.global().addReportRegistration(...) before.
nm_1        | 2019-11-14 05:48:09 INFO  ContainersMonitorImpl:567 - container_1573710407849_0001_01_000002's ip = 172.18.0.8, and hostname = nm
rm_1        | 2019-11-14 05:47:54 INFO  RMAppImpl:1259 - Storing application with id application_1573710407849_0001
datanode_3  | 2019-11-14 05:46:59,254 INFO segmented.SegmentedRaftLogWorker: 281fd493-19d3-4a69-9206-7c208383655c@group-069B0DDA3096-SegmentedRaftLogWorker: flushIndex: setUnconditionally 0 -> -1
scm_1       | 	at org.apache.ratis.grpc.GrpcUtil.unwrapException(GrpcUtil.java:75)
datanode_1  | 2019-11-14 05:46:59,204 INFO server.RaftServerConfigKeys: raft.server.storage.dir = [/data/metadata/ratis] (custom)
nm_1        | 2019-11-14 05:48:12 INFO  ContainersMonitorImpl:468 - Skipping monitoring container container_1573710407849_0001_01_000002 since CPU usage is not yet available.
rm_1        | 2019-11-14 05:47:54 INFO  RMAuditLogger:310 - USER=hadoop	IP=172.18.0.6	OPERATION=Submit Application Request	TARGET=ClientRMService	RESULT=SUCCESS	APPID=application_1573710407849_0001	CALLERCONTEXT=CLI	QUEUENAME=default
datanode_2  | 2019-11-14 05:46:58,911 INFO impl.RaftServerImpl: 7a66b944-6d94-41e6-ac8a-6e814f427def@group-D8065C7ADC34: start as a follower, conf=-1: [281fd493-19d3-4a69-9206-7c208383655c:172.18.0.4:9858, 0777cc22-3dd4-4d67-9344-e9898b1fca45:172.18.0.2:9858, 7a66b944-6d94-41e6-ac8a-6e814f427def:172.18.0.3:9858], old=null
datanode_3  | 2019-11-14 05:46:59,254 INFO server.RaftServerConfigKeys: raft.server.snapshot.auto.trigger.enabled = true (custom)
scm_1       | 	at org.apache.ratis.grpc.client.GrpcClientProtocolClient.blockingCall(GrpcClientProtocolClient.java:184)
datanode_1  | 2019-11-14 05:46:59,205 INFO server.RaftServerConfigKeys: raft.server.log.corruption.policy = EXCEPTION (default)
nm_1        | 2019-11-14 05:48:13 INFO  ContainerLaunch:589 - Container container_1573710407849_0001_01_000002 succeeded 
rm_1        | 2019-11-14 05:47:54 INFO  RMAppImpl:912 - application_1573710407849_0001 State change from NEW to NEW_SAVING on event = START
datanode_3  | 2019-11-14 05:46:59,255 INFO server.RaftServerConfigKeys: raft.server.snapshot.auto.trigger.threshold = 10000 (custom)
datanode_2  | 2019-11-14 05:46:58,911 INFO impl.RaftServerImpl: 7a66b944-6d94-41e6-ac8a-6e814f427def@group-D8065C7ADC34: changes role from      null to FOLLOWER at term 0 for startAsFollower
scm_1       | 	at org.apache.ratis.grpc.client.GrpcClientProtocolClient.groupAdd(GrpcClientProtocolClient.java:153)
datanode_1  | 2019-11-14 05:46:59,205 INFO storage.RaftStorageDirectory: The storage directory /data/metadata/ratis/80c5c5b6-cd00-42bb-b64b-069b0dda3096 does not exist. Creating ...
nm_1        | 2019-11-14 05:48:13 INFO  ContainerImpl:2126 - Container container_1573710407849_0001_01_000002 transitioned from RUNNING to EXITED_WITH_SUCCESS
rm_1        | 2019-11-14 05:47:54 INFO  RMStateStore:222 - Storing info for app: application_1573710407849_0001
datanode_3  | 2019-11-14 05:46:59,255 INFO server.RaftServerConfigKeys: raft.server.snapshot.retention.file.num = 5 (custom)
datanode_2  | 2019-11-14 05:46:58,911 INFO impl.RoleInfo: 7a66b944-6d94-41e6-ac8a-6e814f427def: start FollowerState
scm_1       | 	at org.apache.ratis.grpc.client.GrpcClientRpc.sendRequest(GrpcClientRpc.java:94)
datanode_1  | 2019-11-14 05:46:59,215 INFO storage.RaftStorageDirectory: Lock on /data/metadata/ratis/80c5c5b6-cd00-42bb-b64b-069b0dda3096/in_use.lock acquired by nodename 7@f5d259536fbe
datanode_3  | 2019-11-14 05:46:59,255 INFO server.RaftServerConfigKeys: raft.server.retrycache.expirytime = 600000ms (custom)
datanode_2  | 2019-11-14 05:46:58,912 INFO util.JmxRegister: Successfully registered JMX Bean with object name Ratis:service=RaftServer,group=group-D8065C7ADC34,id=7a66b944-6d94-41e6-ac8a-6e814f427def
nm_1        | 2019-11-14 05:48:13 INFO  ContainerLaunch:745 - Cleaning up container container_1573710407849_0001_01_000002
rm_1        | 2019-11-14 05:47:54 INFO  RMAppImpl:912 - application_1573710407849_0001 State change from NEW_SAVING to SUBMITTED on event = APP_NEW_SAVED
scm_1       | 	at org.apache.ratis.client.impl.RaftClientImpl.sendRequest(RaftClientImpl.java:278)
datanode_1  | 2019-11-14 05:46:59,250 INFO storage.RaftStorage: Storage directory /data/metadata/ratis/80c5c5b6-cd00-42bb-b64b-069b0dda3096 has been successfully formatted.
datanode_3  | 2019-11-14 05:46:59,255 WARN impl.MetricRegistriesImpl: First MetricRegistry has been created without registering reporters. You may need to call MetricRegistries.global().addReportRegistration(...) before.
datanode_2  | 2019-11-14 05:46:58,912 WARN impl.MetricRegistriesImpl: First MetricRegistry has been created without registering reporters. You may need to call MetricRegistries.global().addReportRegistration(...) before.
nm_1        | 2019-11-14 05:48:13 INFO  Configuration:3318 - Removed undeclared tags:
rm_1        | 2019-11-14 05:47:54 INFO  ParentQueue:494 - Application added - appId: application_1573710407849_0001 user: hadoop leaf-queue of parent: root #applications: 1
scm_1       | 	at org.apache.ratis.client.impl.RaftClientImpl.groupAdd(RaftClientImpl.java:205)
datanode_1  | 2019-11-14 05:46:59,251 INFO ratis.ContainerStateMachine: group-069B0DDA3096: The snapshot info is null. Setting the last applied indexto:(t:0, i:~)
datanode_3  | 2019-11-14 05:46:59,255 WARN impl.MetricRegistriesImpl: First MetricRegistry has been created without registering reporters. You may need to call MetricRegistries.global().addReportRegistration(...) before.
datanode_2  | 2019-11-14 05:46:58,913 INFO impl.RaftServerImpl: 7a66b944-6d94-41e6-ac8a-6e814f427def@group-71F4388ECCF4: start as a follower, conf=-1: [7a66b944-6d94-41e6-ac8a-6e814f427def:172.18.0.3:9858], old=null
nm_1        | 2019-11-14 05:48:13 INFO  DefaultContainerExecutor:634 - Deleting absolute path : /tmp/hadoop-hadoop/nm-local-dir/usercache/hadoop/appcache/application_1573710407849_0001/container_1573710407849_0001_01_000002/launch_container.sh
rm_1        | 2019-11-14 05:47:54 INFO  CapacityScheduler:954 - Accepted application application_1573710407849_0001 from user: hadoop, in queue: default
scm_1       | 	at org.apache.hadoop.hdds.scm.pipeline.RatisPipelineProvider.lambda$initializePipeline$4(RatisPipelineProvider.java:191)
datanode_1  | 2019-11-14 05:46:59,251 INFO server.RaftServerConfigKeys: raft.server.notification.no-leader.timeout = 120s (custom)
datanode_2  | 2019-11-14 05:46:58,913 INFO impl.RaftServerImpl: 7a66b944-6d94-41e6-ac8a-6e814f427def@group-71F4388ECCF4: changes role from      null to FOLLOWER at term 0 for startAsFollower
datanode_3  | 2019-11-14 05:46:59,255 INFO impl.RaftServerImpl: 281fd493-19d3-4a69-9206-7c208383655c@group-069B0DDA3096: start as a follower, conf=-1: [281fd493-19d3-4a69-9206-7c208383655c:172.18.0.4:9858, 0777cc22-3dd4-4d67-9344-e9898b1fca45:172.18.0.2:9858, 7a66b944-6d94-41e6-ac8a-6e814f427def:172.18.0.3:9858], old=null
nm_1        | 2019-11-14 05:48:13 INFO  DefaultContainerExecutor:634 - Deleting absolute path : /tmp/hadoop-hadoop/nm-local-dir/usercache/hadoop/appcache/application_1573710407849_0001/container_1573710407849_0001_01_000002/container_tokens
rm_1        | 2019-11-14 05:47:54 INFO  RMAppImpl:912 - application_1573710407849_0001 State change from SUBMITTED to ACCEPTED on event = APP_ACCEPTED
scm_1       | 	at org.apache.hadoop.hdds.scm.pipeline.RatisPipelineProvider.lambda$null$5(RatisPipelineProvider.java:226)
datanode_1  | 2019-11-14 05:46:59,251 INFO server.RaftServerConfigKeys: raft.server.log.use.memory = false (default)
datanode_2  | 2019-11-14 05:46:58,913 INFO impl.RoleInfo: 7a66b944-6d94-41e6-ac8a-6e814f427def: start FollowerState
datanode_3  | 2019-11-14 05:46:59,256 INFO impl.RaftServerImpl: 281fd493-19d3-4a69-9206-7c208383655c@group-069B0DDA3096: changes role from      null to FOLLOWER at term 0 for startAsFollower
rm_1        | 2019-11-14 05:47:54 INFO  ApplicationMasterService:479 - Registering app attempt : appattempt_1573710407849_0001_000001
nm_1        | 2019-11-14 05:48:13 INFO  NMAuditLogger:94 - USER=hadoop	OPERATION=Container Finished - Succeeded	TARGET=ContainerImpl	RESULT=SUCCESS	APPID=application_1573710407849_0001	CONTAINERID=container_1573710407849_0001_01_000002
datanode_1  | 2019-11-14 05:46:59,251 INFO server.RaftServerConfigKeys: raft.server.log.purge.gap = 1000000 (custom)
datanode_2  | 2019-11-14 05:46:58,914 INFO util.JmxRegister: Successfully registered JMX Bean with object name Ratis:service=RaftServer,group=group-71F4388ECCF4,id=7a66b944-6d94-41e6-ac8a-6e814f427def
scm_1       | 	at java.base/java.util.stream.ForEachOps$ForEachOp$OfRef.accept(ForEachOps.java:183)
datanode_3  | 2019-11-14 05:46:59,256 INFO impl.RoleInfo: 281fd493-19d3-4a69-9206-7c208383655c: start FollowerState
rm_1        | 2019-11-14 05:47:54 INFO  RMAppAttemptImpl:927 - appattempt_1573710407849_0001_000001 State change from NEW to SUBMITTED on event = START
nm_1        | 2019-11-14 05:48:13 INFO  ContainerImpl:2126 - Container container_1573710407849_0001_01_000002 transitioned from EXITED_WITH_SUCCESS to DONE
datanode_1  | 2019-11-14 05:46:59,251 INFO server.RaftServerConfigKeys: raft.server.log.appender.buffer.byte-limit = 33554432 (custom)
datanode_2  | 2019-11-14 05:46:58,914 WARN impl.MetricRegistriesImpl: First MetricRegistry has been created without registering reporters. You may need to call MetricRegistries.global().addReportRegistration(...) before.
scm_1       | 	at java.base/java.util.ArrayList$ArrayListSpliterator.forEachRemaining(ArrayList.java:1654)
datanode_3  | 2019-11-14 05:46:59,257 INFO util.JmxRegister: Successfully registered JMX Bean with object name Ratis:service=RaftServer,group=group-069B0DDA3096,id=281fd493-19d3-4a69-9206-7c208383655c
rm_1        | 2019-11-14 05:47:54 WARN  LeafQueue:846 - maximum-am-resource-percent is insufficient to start a single application in queue, it is likely set too low. skipping enforcement to allow at least one application to start
datanode_1  | 2019-11-14 05:46:59,252 INFO server.RaftServerConfigKeys: raft.server.log.segment.size.max = 1048576 (custom)
nm_1        | 2019-11-14 05:48:13 INFO  ApplicationImpl:512 - Removing container_1573710407849_0001_01_000002 from application application_1573710407849_0001
datanode_2  | 2019-11-14 05:46:59,198 INFO impl.RaftServerProxy: 7a66b944-6d94-41e6-ac8a-6e814f427def: addNew group-069B0DDA3096:[281fd493-19d3-4a69-9206-7c208383655c:172.18.0.4:9858, 0777cc22-3dd4-4d67-9344-e9898b1fca45:172.18.0.2:9858, 7a66b944-6d94-41e6-ac8a-6e814f427def:172.18.0.3:9858] returns group-069B0DDA3096:java.util.concurrent.CompletableFuture@4907da1a[Not completed]
scm_1       | 	at java.base/java.util.stream.AbstractPipeline.copyInto(AbstractPipeline.java:484)
datanode_3  | 2019-11-14 05:46:59,257 WARN impl.MetricRegistriesImpl: First MetricRegistry has been created without registering reporters. You may need to call MetricRegistries.global().addReportRegistration(...) before.
rm_1        | 2019-11-14 05:47:54 WARN  LeafQueue:882 - maximum-am-resource-percent is insufficient to start a single application in queue for user, it is likely set too low. skipping enforcement to allow at least one application to start
datanode_1  | 2019-11-14 05:46:59,252 INFO server.RaftServerConfigKeys: raft.server.log.segment.cache.num.max = 2 (custom)
nm_1        | 2019-11-14 05:48:13 INFO  ContainersMonitorImpl:934 - Stopping resource-monitoring for container_1573710407849_0001_01_000002
datanode_2  | 2019-11-14 05:46:59,202 INFO impl.RaftServerImpl: 7a66b944-6d94-41e6-ac8a-6e814f427def: new RaftServerImpl for group-069B0DDA3096:[281fd493-19d3-4a69-9206-7c208383655c:172.18.0.4:9858, 0777cc22-3dd4-4d67-9344-e9898b1fca45:172.18.0.2:9858, 7a66b944-6d94-41e6-ac8a-6e814f427def:172.18.0.3:9858] with ContainerStateMachine:uninitialized
scm_1       | 	at java.base/java.util.stream.ForEachOps$ForEachTask.compute(ForEachOps.java:290)
datanode_3  | 2019-11-14 05:47:03,967 INFO impl.FollowerState: 281fd493-19d3-4a69-9206-7c208383655c@group-D8065C7ADC34-FollowerState: change to CANDIDATE, lastRpcTime:5041ms, electionTimeout:5040ms
rm_1        | 2019-11-14 05:47:54 INFO  LeafQueue:911 - Application application_1573710407849_0001 from user: hadoop activated in queue: default
datanode_1  | 2019-11-14 05:46:59,252 INFO segmented.SegmentedRaftLogWorker: new 0777cc22-3dd4-4d67-9344-e9898b1fca45@group-069B0DDA3096-SegmentedRaftLogWorker for RaftStorage:Storage Directory /data/metadata/ratis/80c5c5b6-cd00-42bb-b64b-069b0dda3096
nm_1        | 2019-11-14 05:48:13 INFO  AuxServices:350 - Got event CONTAINER_STOP for appId application_1573710407849_0001
datanode_2  | 2019-11-14 05:46:59,202 INFO server.RaftServerConfigKeys: raft.server.rpc.timeout.min = 5s (custom)
scm_1       | 	at java.base/java.util.concurrent.CountedCompleter.exec(CountedCompleter.java:746)
datanode_3  | 2019-11-14 05:47:03,969 INFO impl.RoleInfo: 281fd493-19d3-4a69-9206-7c208383655c: shutdown FollowerState
rm_1        | 2019-11-14 05:47:54 INFO  LeafQueue:941 - Application added - appId: application_1573710407849_0001 user: hadoop, leaf-queue: default #user-pending-applications: 0 #user-active-applications: 1 #queue-pending-applications: 0 #queue-active-applications: 1
datanode_1  | 2019-11-14 05:46:59,253 INFO server.RaftServerConfigKeys: raft.server.log.queue.byte-limit = 2147483647 (custom)
nm_1        | 2019-11-14 05:48:14 INFO  Server:1845 - Auth successful for appattempt_1573710407849_0001_000001 (auth:SIMPLE)
datanode_2  | 2019-11-14 05:46:59,202 INFO server.RaftServerConfigKeys: raft.server.rpc.timeout.max = 5200ms (custom)
scm_1       | 	at java.base/java.util.concurrent.ForkJoinTask.doExec(ForkJoinTask.java:290)
datanode_3  | 2019-11-14 05:47:03,970 INFO impl.RaftServerImpl: 281fd493-19d3-4a69-9206-7c208383655c@group-D8065C7ADC34: changes role from  FOLLOWER to CANDIDATE at term 0 for changeToCandidate
rm_1        | 2019-11-14 05:47:54 INFO  CapacityScheduler:1000 - Added Application Attempt appattempt_1573710407849_0001_000001 to scheduler from user hadoop in queue default
datanode_1  | 2019-11-14 05:46:59,253 INFO server.RaftServerConfigKeys: raft.server.log.queue.element-limit = 1024 (custom)
nm_1        | 2019-11-14 05:48:14 INFO  ContainerManagerImpl:1070 - Start request for container_1573710407849_0001_01_000003 by user hadoop
datanode_2  | 2019-11-14 05:46:59,202 INFO server.RaftServerConfigKeys: raft.server.rpcslowness.timeout = 120s (custom)
scm_1       | 	at java.base/java.util.concurrent.ForkJoinPool$WorkQueue.topLevelExec(ForkJoinPool.java:1020)
datanode_3  | 2019-11-14 05:47:03,973 INFO impl.RoleInfo: 281fd493-19d3-4a69-9206-7c208383655c: start LeaderElection
rm_1        | 2019-11-14 05:47:54 INFO  RMAppAttemptImpl:927 - appattempt_1573710407849_0001_000001 State change from SUBMITTED to SCHEDULED on event = ATTEMPT_ADDED
datanode_1  | 2019-11-14 05:46:59,253 INFO server.RaftServerConfigKeys: raft.server.log.segment.size.max = 1048576 (custom)
nm_1        | 2019-11-14 05:48:14 INFO  ApplicationImpl:463 - Adding container_1573710407849_0001_01_000003 to application application_1573710407849_0001
datanode_2  | 2019-11-14 05:46:59,202 INFO server.RaftServerConfigKeys: raft.server.sleep.deviation.threshold = 300 (default)
scm_1       | 	at java.base/java.util.concurrent.ForkJoinPool.scan(ForkJoinPool.java:1656)
datanode_3  | 2019-11-14 05:47:04,053 INFO impl.LeaderElection: 281fd493-19d3-4a69-9206-7c208383655c@group-D8065C7ADC34-LeaderElection1: begin an election at term 1 for -1: [281fd493-19d3-4a69-9206-7c208383655c:172.18.0.4:9858, 0777cc22-3dd4-4d67-9344-e9898b1fca45:172.18.0.2:9858, 7a66b944-6d94-41e6-ac8a-6e814f427def:172.18.0.3:9858], old=null
rm_1        | 2019-11-14 05:47:55 INFO  AbstractContainerAllocator:129 - assignedContainer application attempt=appattempt_1573710407849_0001_000001 container=null queue=default clusterResource=<memory:8192, vCores:8> type=OFF_SWITCH requestedPartition=
datanode_1  | 2019-11-14 05:46:59,253 INFO server.RaftServerConfigKeys: raft.server.log.preallocated.size = 16384 (custom)
nm_1        | 2019-11-14 05:48:14 INFO  NMAuditLogger:94 - USER=hadoop	IP=172.18.0.8	OPERATION=Start Container Request	TARGET=ContainerManageImpl	RESULT=SUCCESS	APPID=application_1573710407849_0001	CONTAINERID=container_1573710407849_0001_01_000003
datanode_2  | 2019-11-14 05:46:59,202 INFO server.RaftServerConfigKeys: raft.server.log.appender.install.snapshot.enabled = false (custom)
scm_1       | 	at java.base/java.util.concurrent.ForkJoinPool.runWorker(ForkJoinPool.java:1594)
rm_1        | 2019-11-14 05:47:55 INFO  RMContainerImpl:480 - container_1573710407849_0001_01_000001 Container Transitioned from NEW to ALLOCATED
datanode_3  | 2019-11-14 05:47:04,167 INFO impl.FollowerState: 281fd493-19d3-4a69-9206-7c208383655c@group-3A7ED6DCE893-FollowerState: change to CANDIDATE, lastRpcTime:5064ms, electionTimeout:5064ms
datanode_1  | 2019-11-14 05:46:59,254 INFO server.RaftServerConfigKeys: raft.server.log.write.buffer.size = 33554432 (custom)
nm_1        | 2019-11-14 05:48:14 INFO  ContainerImpl:2126 - Container container_1573710407849_0001_01_000003 transitioned from NEW to LOCALIZING
datanode_2  | 2019-11-14 05:46:59,203 INFO impl.RaftServerImpl: 7a66b944-6d94-41e6-ac8a-6e814f427def@group-069B0DDA3096: ConfigurationManager, init=-1: [281fd493-19d3-4a69-9206-7c208383655c:172.18.0.4:9858, 0777cc22-3dd4-4d67-9344-e9898b1fca45:172.18.0.2:9858, 7a66b944-6d94-41e6-ac8a-6e814f427def:172.18.0.3:9858], old=null, confs=<EMPTY_MAP>
scm_1       | 	at java.base/java.util.concurrent.ForkJoinWorkerThread.run(ForkJoinWorkerThread.java:177)
rm_1        | 2019-11-14 05:47:55 INFO  FiCaSchedulerNode:169 - Assigned container container_1573710407849_0001_01_000001 of capacity <memory:2048, vCores:1> on host nm:43788, which has 1 containers, <memory:2048, vCores:1> used and <memory:6144, vCores:7> available after allocation
datanode_3  | 2019-11-14 05:47:04,182 INFO impl.RoleInfo: 281fd493-19d3-4a69-9206-7c208383655c: shutdown FollowerState
datanode_1  | 2019-11-14 05:46:59,254 INFO server.RaftServerConfigKeys: raft.server.log.force.sync.num = 128 (default)
nm_1        | 2019-11-14 05:48:14 INFO  AuxServices:350 - Got event CONTAINER_INIT for appId application_1573710407849_0001
datanode_2  | 2019-11-14 05:46:59,203 INFO server.RaftServerConfigKeys: raft.server.storage.dir = [/data/metadata/ratis] (custom)
rm_1        | 2019-11-14 05:47:55 INFO  RMAuditLogger:231 - USER=hadoop	OPERATION=AM Allocated Container	TARGET=SchedulerApp	RESULT=SUCCESS	APPID=application_1573710407849_0001	CONTAINERID=container_1573710407849_0001_01_000001	RESOURCE=<memory:2048, vCores:1>	QUEUENAME=default
datanode_3  | 2019-11-14 05:47:04,183 INFO impl.RaftServerImpl: 281fd493-19d3-4a69-9206-7c208383655c@group-3A7ED6DCE893: changes role from  FOLLOWER to CANDIDATE at term 0 for changeToCandidate
scm_1       | Caused by: org.apache.ratis.thirdparty.io.grpc.StatusRuntimeException: DEADLINE_EXCEEDED: deadline exceeded after 2998976797ns
datanode_1  | 2019-11-14 05:46:59,254 INFO server.RaftServerConfigKeys: raft.server.log.statemachine.data.sync = true (default)
datanode_2  | 2019-11-14 05:46:59,203 INFO server.RaftServerConfigKeys: raft.server.log.corruption.policy = EXCEPTION (default)
nm_1        | 2019-11-14 05:48:14 INFO  AuxServices:350 - Got event APPLICATION_INIT for appId application_1573710407849_0001
rm_1        | 2019-11-14 05:47:55 INFO  NMTokenSecretManagerInRM:200 - Sending NMToken for nodeId : nm:43788 for container : container_1573710407849_0001_01_000001
datanode_3  | 2019-11-14 05:47:04,183 INFO impl.RoleInfo: 281fd493-19d3-4a69-9206-7c208383655c: start LeaderElection
scm_1       | 	at org.apache.ratis.thirdparty.io.grpc.stub.ClientCalls.toStatusRuntimeException(ClientCalls.java:233)
datanode_1  | 2019-11-14 05:46:59,254 INFO server.RaftServerConfigKeys: raft.server.log.statemachine.data.sync.timeout = 10s (default)
datanode_2  | 2019-11-14 05:46:59,204 INFO storage.RaftStorageDirectory: The storage directory /data/metadata/ratis/80c5c5b6-cd00-42bb-b64b-069b0dda3096 does not exist. Creating ...
rm_1        | 2019-11-14 05:47:55 INFO  RMContainerImpl:480 - container_1573710407849_0001_01_000001 Container Transitioned from ALLOCATED to ACQUIRED
nm_1        | 2019-11-14 05:48:14 INFO  AuxServices:354 - Got APPLICATION_INIT for service mapreduce_shuffle
datanode_3  | 2019-11-14 05:47:04,229 INFO impl.LeaderElection: 281fd493-19d3-4a69-9206-7c208383655c@group-3A7ED6DCE893-LeaderElection2: begin an election at term 1 for -1: [281fd493-19d3-4a69-9206-7c208383655c:172.18.0.4:9858], old=null
scm_1       | 	at org.apache.ratis.thirdparty.io.grpc.stub.ClientCalls.getUnchecked(ClientCalls.java:214)
datanode_1  | 2019-11-14 05:46:59,254 INFO server.RaftServerConfigKeys: raft.server.log.statemachine.data.sync.timeout.retry = -1 (default)
datanode_2  | 2019-11-14 05:46:59,215 INFO storage.RaftStorageDirectory: Lock on /data/metadata/ratis/80c5c5b6-cd00-42bb-b64b-069b0dda3096/in_use.lock acquired by nodename 7@e7cddea5f213
rm_1        | 2019-11-14 05:47:55 INFO  NMTokenSecretManagerInRM:146 - Clear node set for appattempt_1573710407849_0001_000001
nm_1        | 2019-11-14 05:48:14 INFO  ShuffleHandler:719 - Added token for job_1573710407849_0001
datanode_3  | 2019-11-14 05:47:04,230 INFO impl.RoleInfo: 281fd493-19d3-4a69-9206-7c208383655c: shutdown LeaderElection
scm_1       | 	at org.apache.ratis.thirdparty.io.grpc.stub.ClientCalls.blockingUnaryCall(ClientCalls.java:139)
datanode_1  | 2019-11-14 05:46:59,254 INFO server.RaftServerConfigKeys: raft.server.log.statemachine.data.caching.enabled = true (custom)
datanode_2  | 2019-11-14 05:46:59,250 INFO storage.RaftStorage: Storage directory /data/metadata/ratis/80c5c5b6-cd00-42bb-b64b-069b0dda3096 has been successfully formatted.
nm_1        | 2019-11-14 05:48:14 INFO  ContainerImpl:2126 - Container container_1573710407849_0001_01_000003 transitioned from LOCALIZING to SCHEDULED
rm_1        | 2019-11-14 05:47:55 INFO  ParentQueue:1340 - assignedContainer queue=root usedCapacity=0.25 absoluteUsedCapacity=0.25 used=<memory:2048, vCores:1> cluster=<memory:8192, vCores:8>
datanode_3  | 2019-11-14 05:47:04,231 INFO impl.RaftServerImpl: 281fd493-19d3-4a69-9206-7c208383655c@group-3A7ED6DCE893: changes role from CANDIDATE to LEADER at term 1 for changeToLeader
scm_1       | 	at org.apache.ratis.proto.grpc.AdminProtocolServiceGrpc$AdminProtocolServiceBlockingStub.groupManagement(AdminProtocolServiceGrpc.java:274)
datanode_1  | 2019-11-14 05:46:59,255 INFO segmented.SegmentedRaftLogWorker: 0777cc22-3dd4-4d67-9344-e9898b1fca45@group-069B0DDA3096-SegmentedRaftLogWorker: flushIndex: setUnconditionally 0 -> -1
datanode_2  | 2019-11-14 05:46:59,250 INFO ratis.ContainerStateMachine: group-069B0DDA3096: The snapshot info is null. Setting the last applied indexto:(t:0, i:~)
nm_1        | 2019-11-14 05:48:14 INFO  ContainerScheduler:511 - Starting container [container_1573710407849_0001_01_000003]
rm_1        | 2019-11-14 05:47:55 INFO  RMAppAttemptImpl:2221 - Storing attempt: AppId: application_1573710407849_0001 AttemptId: appattempt_1573710407849_0001_000001 MasterContainer: Container: [ContainerId: container_1573710407849_0001_01_000001, AllocationRequestId: -1, Version: 0, NodeId: nm:43788, NodeHttpAddress: nm:8042, Resource: <memory:2048, vCores:1>, Priority: 0, Token: Token { kind: ContainerToken, service: 172.18.0.8:43788 }, ExecutionType: GUARANTEED, ]
datanode_3  | 2019-11-14 05:47:04,231 INFO ratis.XceiverServerRatis: Leader change notification received for group: group-3A7ED6DCE893 with new leaderId: 281fd493-19d3-4a69-9206-7c208383655c
scm_1       | 	at org.apache.ratis.grpc.client.GrpcClientProtocolClient.lambda$groupAdd$3(GrpcClientProtocolClient.java:155)
datanode_1  | 2019-11-14 05:46:59,255 INFO server.RaftServerConfigKeys: raft.server.snapshot.auto.trigger.enabled = true (custom)
nm_1        | 2019-11-14 05:48:14 INFO  Configuration:3318 - Removed undeclared tags:
datanode_2  | 2019-11-14 05:46:59,251 INFO server.RaftServerConfigKeys: raft.server.notification.no-leader.timeout = 120s (custom)
rm_1        | 2019-11-14 05:47:55 INFO  CapacityScheduler:2894 - Allocation proposal accepted
scm_1       | 	at org.apache.ratis.grpc.client.GrpcClientProtocolClient.blockingCall(GrpcClientProtocolClient.java:182)
datanode_3  | 2019-11-14 05:47:04,237 INFO impl.RaftServerImpl: 281fd493-19d3-4a69-9206-7c208383655c@group-3A7ED6DCE893: change Leader from null to 281fd493-19d3-4a69-9206-7c208383655c at term 1 for becomeLeader, leader elected after 5134ms
datanode_1  | 2019-11-14 05:46:59,255 INFO server.RaftServerConfigKeys: raft.server.snapshot.auto.trigger.threshold = 10000 (custom)
nm_1        | 2019-11-14 05:48:14 INFO  ContainerImpl:2126 - Container container_1573710407849_0001_01_000003 transitioned from SCHEDULED to RUNNING
datanode_2  | 2019-11-14 05:46:59,251 INFO server.RaftServerConfigKeys: raft.server.log.use.memory = false (default)
rm_1        | 2019-11-14 05:47:55 INFO  RMAppAttemptImpl:927 - appattempt_1573710407849_0001_000001 State change from SCHEDULED to ALLOCATED_SAVING on event = CONTAINER_ALLOCATED
datanode_3  | 2019-11-14 05:47:04,242 INFO server.RaftServerConfigKeys: raft.server.staging.catchup.gap = 1000 (default)
scm_1       | 	... 16 more
nm_1        | 2019-11-14 05:48:14 INFO  ContainersMonitorImpl:943 - Starting resource-monitoring for container_1573710407849_0001_01_000003
datanode_1  | 2019-11-14 05:46:59,255 INFO server.RaftServerConfigKeys: raft.server.snapshot.retention.file.num = 5 (custom)
datanode_2  | 2019-11-14 05:46:59,251 INFO server.RaftServerConfigKeys: raft.server.log.purge.gap = 1000000 (custom)
rm_1        | 2019-11-14 05:47:55 INFO  RMAppAttemptImpl:927 - appattempt_1573710407849_0001_000001 State change from ALLOCATED_SAVING to ALLOCATED on event = ATTEMPT_NEW_SAVED
datanode_3  | 2019-11-14 05:47:04,243 INFO server.RaftServerConfigKeys: raft.server.rpc.sleep.time = 25ms (default)
scm_1       | 2019-11-14 05:46:58,163 ERROR pipeline.RatisPipelineProvider: Failed invoke Ratis rpc org.apache.hadoop.hdds.scm.pipeline.RatisPipelineProvider$$Lambda$173/0x00000008403adc40@41cb690b for 7a66b944-6d94-41e6-ac8a-6e814f427def
nm_1        | 2019-11-14 05:48:14 INFO  DefaultContainerExecutor:370 - launchContainer: [bash, /tmp/hadoop-hadoop/nm-local-dir/usercache/hadoop/appcache/application_1573710407849_0001/container_1573710407849_0001_01_000003/default_container_executor.sh]
datanode_1  | 2019-11-14 05:46:59,256 INFO server.RaftServerConfigKeys: raft.server.retrycache.expirytime = 600000ms (custom)
datanode_2  | 2019-11-14 05:46:59,251 INFO server.RaftServerConfigKeys: raft.server.log.appender.buffer.byte-limit = 33554432 (custom)
rm_1        | 2019-11-14 05:47:55 INFO  AMLauncher:307 - Launching masterappattempt_1573710407849_0001_000001
datanode_3  | 2019-11-14 05:47:04,246 INFO server.RaftServerConfigKeys: raft.server.write.element-limit = 4096 (default)
scm_1       | org.apache.ratis.protocol.TimeoutIOException: deadline exceeded after 2998111558ns
nm_1        | 2019-11-14 05:48:15 INFO  ContainersMonitorImpl:567 - container_1573710407849_0001_01_000003's ip = 172.18.0.8, and hostname = nm
datanode_1  | 2019-11-14 05:46:59,256 WARN impl.MetricRegistriesImpl: First MetricRegistry has been created without registering reporters. You may need to call MetricRegistries.global().addReportRegistration(...) before.
datanode_2  | 2019-11-14 05:46:59,252 INFO server.RaftServerConfigKeys: raft.server.log.segment.size.max = 1048576 (custom)
datanode_3  | 2019-11-14 05:47:04,249 INFO server.RaftServerConfigKeys: raft.server.watch.timeout = 10s (default)
rm_1        | 2019-11-14 05:47:55 INFO  AMLauncher:109 - Setting up container Container: [ContainerId: container_1573710407849_0001_01_000001, AllocationRequestId: -1, Version: 0, NodeId: nm:43788, NodeHttpAddress: nm:8042, Resource: <memory:2048, vCores:1>, Priority: 0, Token: Token { kind: ContainerToken, service: 172.18.0.8:43788 }, ExecutionType: GUARANTEED, ] for AM appattempt_1573710407849_0001_000001
scm_1       | 	at org.apache.ratis.grpc.GrpcUtil.tryUnwrapException(GrpcUtil.java:82)
nm_1        | 2019-11-14 05:48:15 INFO  NodeStatusUpdaterImpl:696 - Removed completed containers from NM context: [container_1573710407849_0001_01_000002]
datanode_1  | 2019-11-14 05:46:59,257 WARN impl.MetricRegistriesImpl: First MetricRegistry has been created without registering reporters. You may need to call MetricRegistries.global().addReportRegistration(...) before.
datanode_2  | 2019-11-14 05:46:59,252 INFO server.RaftServerConfigKeys: raft.server.log.segment.cache.num.max = 2 (custom)
datanode_3  | 2019-11-14 05:47:04,250 INFO server.RaftServerConfigKeys: raft.server.watch.timeout.denomination = 1s (default)
scm_1       | 	at org.apache.ratis.grpc.GrpcUtil.unwrapException(GrpcUtil.java:75)
nm_1        | 2019-11-14 05:48:18 INFO  ContainersMonitorImpl:468 - Skipping monitoring container container_1573710407849_0001_01_000003 since CPU usage is not yet available.
rm_1        | 2019-11-14 05:47:55 INFO  AMRMTokenSecretManager:195 - Create AMRMToken for ApplicationAttempt: appattempt_1573710407849_0001_000001
datanode_1  | 2019-11-14 05:46:59,257 INFO impl.RaftServerImpl: 0777cc22-3dd4-4d67-9344-e9898b1fca45@group-069B0DDA3096: start as a follower, conf=-1: [281fd493-19d3-4a69-9206-7c208383655c:172.18.0.4:9858, 0777cc22-3dd4-4d67-9344-e9898b1fca45:172.18.0.2:9858, 7a66b944-6d94-41e6-ac8a-6e814f427def:172.18.0.3:9858], old=null
datanode_2  | 2019-11-14 05:46:59,252 INFO segmented.SegmentedRaftLogWorker: new 7a66b944-6d94-41e6-ac8a-6e814f427def@group-069B0DDA3096-SegmentedRaftLogWorker for RaftStorage:Storage Directory /data/metadata/ratis/80c5c5b6-cd00-42bb-b64b-069b0dda3096
datanode_3  | 2019-11-14 05:47:04,250 INFO server.RaftServerConfigKeys: raft.server.watch.element-limit = 65536 (default)
scm_1       | 	at org.apache.ratis.grpc.client.GrpcClientProtocolClient.blockingCall(GrpcClientProtocolClient.java:184)
nm_1        | 2019-11-14 05:48:19 INFO  ContainerLaunch:589 - Container container_1573710407849_0001_01_000003 succeeded 
datanode_1  | 2019-11-14 05:46:59,257 INFO impl.RaftServerImpl: 0777cc22-3dd4-4d67-9344-e9898b1fca45@group-069B0DDA3096: changes role from      null to FOLLOWER at term 0 for startAsFollower
rm_1        | 2019-11-14 05:47:55 INFO  AMRMTokenSecretManager:307 - Creating password for appattempt_1573710407849_0001_000001
datanode_2  | 2019-11-14 05:46:59,252 INFO server.RaftServerConfigKeys: raft.server.log.queue.byte-limit = 2147483647 (custom)
datanode_3  | 2019-11-14 05:47:04,263 INFO impl.RoleInfo: 281fd493-19d3-4a69-9206-7c208383655c: start LeaderState
scm_1       | 	at org.apache.ratis.grpc.client.GrpcClientProtocolClient.groupAdd(GrpcClientProtocolClient.java:153)
nm_1        | 2019-11-14 05:48:19 INFO  ContainerImpl:2126 - Container container_1573710407849_0001_01_000003 transitioned from RUNNING to EXITED_WITH_SUCCESS
datanode_1  | 2019-11-14 05:46:59,258 INFO impl.RoleInfo: 0777cc22-3dd4-4d67-9344-e9898b1fca45: start FollowerState
rm_1        | 2019-11-14 05:47:55 INFO  AMLauncher:130 - Done launching container Container: [ContainerId: container_1573710407849_0001_01_000001, AllocationRequestId: -1, Version: 0, NodeId: nm:43788, NodeHttpAddress: nm:8042, Resource: <memory:2048, vCores:1>, Priority: 0, Token: Token { kind: ContainerToken, service: 172.18.0.8:43788 }, ExecutionType: GUARANTEED, ] for AM appattempt_1573710407849_0001_000001
datanode_2  | 2019-11-14 05:46:59,252 INFO server.RaftServerConfigKeys: raft.server.log.queue.element-limit = 1024 (custom)
datanode_3  | 2019-11-14 05:47:04,297 INFO impl.LeaderElection: 281fd493-19d3-4a69-9206-7c208383655c@group-D8065C7ADC34-LeaderElection1 got exception when requesting votes: {}
scm_1       | 	at org.apache.ratis.grpc.client.GrpcClientRpc.sendRequest(GrpcClientRpc.java:94)
datanode_1  | 2019-11-14 05:46:59,258 INFO util.JmxRegister: Successfully registered JMX Bean with object name Ratis:service=RaftServer,group=group-069B0DDA3096,id=0777cc22-3dd4-4d67-9344-e9898b1fca45
datanode_2  | 2019-11-14 05:46:59,253 INFO server.RaftServerConfigKeys: raft.server.log.segment.size.max = 1048576 (custom)
rm_1        | 2019-11-14 05:47:55 INFO  RMAppAttemptImpl:927 - appattempt_1573710407849_0001_000001 State change from ALLOCATED to LAUNCHED on event = LAUNCHED
nm_1        | 2019-11-14 05:48:19 INFO  ContainerLaunch:745 - Cleaning up container container_1573710407849_0001_01_000003
datanode_3  | java.util.concurrent.ExecutionException: org.apache.ratis.thirdparty.io.grpc.StatusRuntimeException: INTERNAL: 0777cc22-3dd4-4d67-9344-e9898b1fca45: group-D8065C7ADC34 not found.
scm_1       | 	at org.apache.ratis.client.impl.RaftClientImpl.sendRequest(RaftClientImpl.java:278)
datanode_1  | 2019-11-14 05:46:59,258 WARN impl.MetricRegistriesImpl: First MetricRegistry has been created without registering reporters. You may need to call MetricRegistries.global().addReportRegistration(...) before.
datanode_2  | 2019-11-14 05:46:59,253 INFO server.RaftServerConfigKeys: raft.server.log.preallocated.size = 16384 (custom)
rm_1        | 2019-11-14 05:47:56 INFO  RMContainerImpl:480 - container_1573710407849_0001_01_000001 Container Transitioned from ACQUIRED to RUNNING
nm_1        | 2019-11-14 05:48:19 INFO  Configuration:3318 - Removed undeclared tags:
datanode_3  | 	at java.base/java.util.concurrent.FutureTask.report(FutureTask.java:122)
datanode_1  | 2019-11-14 05:46:59,322 INFO impl.RaftServerProxy: 0777cc22-3dd4-4d67-9344-e9898b1fca45: remove  FOLLOWER 0777cc22-3dd4-4d67-9344-e9898b1fca45@group-D8065C7ADC34:t0, leader=null, voted=null, raftlog=0777cc22-3dd4-4d67-9344-e9898b1fca45@group-D8065C7ADC34-SegmentedRaftLog:OPENED:c-1,f-1,i0, conf=-1: [281fd493-19d3-4a69-9206-7c208383655c:172.18.0.4:9858, 0777cc22-3dd4-4d67-9344-e9898b1fca45:172.18.0.2:9858, 7a66b944-6d94-41e6-ac8a-6e814f427def:172.18.0.3:9858], old=null RUNNING
datanode_2  | 2019-11-14 05:46:59,253 INFO server.RaftServerConfigKeys: raft.server.log.write.buffer.size = 33554432 (custom)
scm_1       | 	at org.apache.ratis.client.impl.RaftClientImpl.groupAdd(RaftClientImpl.java:205)
rm_1        | 2019-11-14 05:48:05 INFO  Server:1845 - Auth successful for appattempt_1573710407849_0001_000001 (auth:SIMPLE)
nm_1        | 2019-11-14 05:48:19 INFO  DefaultContainerExecutor:634 - Deleting absolute path : /tmp/hadoop-hadoop/nm-local-dir/usercache/hadoop/appcache/application_1573710407849_0001/container_1573710407849_0001_01_000003/launch_container.sh
datanode_3  | 	at java.base/java.util.concurrent.FutureTask.get(FutureTask.java:191)
datanode_1  | 2019-11-14 05:46:59,324 INFO impl.RaftServerImpl: 0777cc22-3dd4-4d67-9344-e9898b1fca45@group-D8065C7ADC34: shutdown
datanode_2  | 2019-11-14 05:46:59,253 INFO server.RaftServerConfigKeys: raft.server.log.force.sync.num = 128 (default)
scm_1       | 	at org.apache.hadoop.hdds.scm.pipeline.RatisPipelineProvider.lambda$initializePipeline$4(RatisPipelineProvider.java:191)
rm_1        | 2019-11-14 05:48:05 INFO  DefaultAMSProcessor:127 - AM registration appattempt_1573710407849_0001_000001
nm_1        | 2019-11-14 05:48:19 INFO  DefaultContainerExecutor:634 - Deleting absolute path : /tmp/hadoop-hadoop/nm-local-dir/usercache/hadoop/appcache/application_1573710407849_0001/container_1573710407849_0001_01_000003/container_tokens
datanode_3  | 	at org.apache.ratis.server.impl.LeaderElection.waitForResults(LeaderElection.java:259)
datanode_1  | 2019-11-14 05:46:59,324 INFO util.JmxRegister: Successfully un-registered JMX Bean with object name Ratis:service=RaftServer,group=group-D8065C7ADC34,id=0777cc22-3dd4-4d67-9344-e9898b1fca45
datanode_2  | 2019-11-14 05:46:59,253 INFO server.RaftServerConfigKeys: raft.server.log.statemachine.data.sync = true (default)
scm_1       | 	at org.apache.hadoop.hdds.scm.pipeline.RatisPipelineProvider.lambda$null$5(RatisPipelineProvider.java:226)
rm_1        | 2019-11-14 05:48:05 INFO  RMAuditLogger:294 - USER=hadoop	IP=172.18.0.8	OPERATION=Register App Master	TARGET=ApplicationMasterService	RESULT=SUCCESS	APPID=application_1573710407849_0001	APPATTEMPTID=appattempt_1573710407849_0001_000001
nm_1        | 2019-11-14 05:48:19 INFO  NMAuditLogger:94 - USER=hadoop	OPERATION=Container Finished - Succeeded	TARGET=ContainerImpl	RESULT=SUCCESS	APPID=application_1573710407849_0001	CONTAINERID=container_1573710407849_0001_01_000003
datanode_3  | 	at org.apache.ratis.server.impl.LeaderElection.askForVotes(LeaderElection.java:197)
datanode_1  | 2019-11-14 05:46:59,325 INFO impl.RoleInfo: 0777cc22-3dd4-4d67-9344-e9898b1fca45: shutdown FollowerState
datanode_2  | 2019-11-14 05:46:59,253 INFO server.RaftServerConfigKeys: raft.server.log.statemachine.data.sync.timeout = 10s (default)
scm_1       | 	at java.base/java.util.stream.ForEachOps$ForEachOp$OfRef.accept(ForEachOps.java:183)
rm_1        | 2019-11-14 05:48:05 INFO  RMAppAttemptImpl:927 - appattempt_1573710407849_0001_000001 State change from LAUNCHED to RUNNING on event = REGISTERED
nm_1        | 2019-11-14 05:48:19 INFO  ContainerImpl:2126 - Container container_1573710407849_0001_01_000003 transitioned from EXITED_WITH_SUCCESS to DONE
datanode_3  | 	at org.apache.ratis.server.impl.LeaderElection.run(LeaderElection.java:133)
datanode_1  | 2019-11-14 05:46:59,325 INFO impl.StateMachineUpdater: 0777cc22-3dd4-4d67-9344-e9898b1fca45@group-D8065C7ADC34-StateMachineUpdater: set stopIndex = -1
datanode_2  | 2019-11-14 05:46:59,253 INFO server.RaftServerConfigKeys: raft.server.log.statemachine.data.sync.timeout.retry = -1 (default)
scm_1       | 	at java.base/java.util.ArrayList$ArrayListSpliterator.forEachRemaining(ArrayList.java:1654)
rm_1        | 2019-11-14 05:48:05 INFO  RMAppImpl:912 - application_1573710407849_0001 State change from ACCEPTED to RUNNING on event = ATTEMPT_REGISTERED
nm_1        | 2019-11-14 05:48:19 INFO  ApplicationImpl:512 - Removing container_1573710407849_0001_01_000003 from application application_1573710407849_0001
datanode_3  | 	at java.base/java.lang.Thread.run(Thread.java:834)
datanode_1  | 2019-11-14 05:46:59,325 INFO impl.FollowerState: 0777cc22-3dd4-4d67-9344-e9898b1fca45@group-D8065C7ADC34-FollowerState was interrupted: java.lang.InterruptedException: sleep interrupted
datanode_2  | 2019-11-14 05:46:59,254 INFO server.RaftServerConfigKeys: raft.server.log.statemachine.data.caching.enabled = true (custom)
rm_1        | 2019-11-14 05:48:08 INFO  AbstractContainerAllocator:129 - assignedContainer application attempt=appattempt_1573710407849_0001_000001 container=null queue=default clusterResource=<memory:8192, vCores:8> type=RACK_LOCAL requestedPartition=
scm_1       | 	at java.base/java.util.stream.AbstractPipeline.copyInto(AbstractPipeline.java:484)
nm_1        | 2019-11-14 05:48:19 INFO  ContainersMonitorImpl:934 - Stopping resource-monitoring for container_1573710407849_0001_01_000003
datanode_3  | Caused by: org.apache.ratis.thirdparty.io.grpc.StatusRuntimeException: INTERNAL: 0777cc22-3dd4-4d67-9344-e9898b1fca45: group-D8065C7ADC34 not found.
datanode_1  | 2019-11-14 05:46:59,326 INFO impl.RaftServerImpl: 0777cc22-3dd4-4d67-9344-e9898b1fca45@group-D8065C7ADC34: closes. applyIndex: -1
datanode_2  | 2019-11-14 05:46:59,254 INFO segmented.SegmentedRaftLogWorker: 7a66b944-6d94-41e6-ac8a-6e814f427def@group-069B0DDA3096-SegmentedRaftLogWorker: flushIndex: setUnconditionally 0 -> -1
rm_1        | 2019-11-14 05:48:08 INFO  RMContainerImpl:480 - container_1573710407849_0001_01_000002 Container Transitioned from NEW to ALLOCATED
scm_1       | 	at java.base/java.util.stream.ForEachOps$ForEachTask.compute(ForEachOps.java:290)
nm_1        | 2019-11-14 05:48:19 INFO  AuxServices:350 - Got event CONTAINER_STOP for appId application_1573710407849_0001
datanode_3  | 	at org.apache.ratis.thirdparty.io.grpc.stub.ClientCalls.toStatusRuntimeException(ClientCalls.java:233)
datanode_1  | 2019-11-14 05:46:59,328 INFO segmented.SegmentedRaftLogWorker: 0777cc22-3dd4-4d67-9344-e9898b1fca45@group-D8065C7ADC34-SegmentedRaftLogWorker was interrupted, exiting. There are 0 tasks remaining in the queue.
datanode_2  | 2019-11-14 05:46:59,255 INFO server.RaftServerConfigKeys: raft.server.snapshot.auto.trigger.enabled = true (custom)
rm_1        | 2019-11-14 05:48:08 INFO  FiCaSchedulerNode:169 - Assigned container container_1573710407849_0001_01_000002 of capacity <memory:4096, vCores:1> on host nm:43788, which has 2 containers, <memory:6144, vCores:2> used and <memory:2048, vCores:6> available after allocation
scm_1       | 	at java.base/java.util.concurrent.CountedCompleter.exec(CountedCompleter.java:746)
nm_1        | 2019-11-14 05:48:20 INFO  Server:1845 - Auth successful for appattempt_1573710407849_0001_000001 (auth:SIMPLE)
datanode_3  | 	at org.apache.ratis.thirdparty.io.grpc.stub.ClientCalls.getUnchecked(ClientCalls.java:214)
datanode_1  | 2019-11-14 05:46:59,328 INFO segmented.SegmentedRaftLogWorker: 0777cc22-3dd4-4d67-9344-e9898b1fca45@group-D8065C7ADC34-SegmentedRaftLogWorker close()
datanode_2  | 2019-11-14 05:46:59,255 INFO server.RaftServerConfigKeys: raft.server.snapshot.auto.trigger.threshold = 10000 (custom)
rm_1        | 2019-11-14 05:48:08 INFO  RMAuditLogger:231 - USER=hadoop	OPERATION=AM Allocated Container	TARGET=SchedulerApp	RESULT=SUCCESS	APPID=application_1573710407849_0001	CONTAINERID=container_1573710407849_0001_01_000002	RESOURCE=<memory:4096, vCores:1>	QUEUENAME=default
scm_1       | 	at java.base/java.util.concurrent.ForkJoinTask.doExec(ForkJoinTask.java:290)
nm_1        | 2019-11-14 05:48:20 INFO  ContainerManagerImpl:1070 - Start request for container_1573710407849_0001_01_000004 by user hadoop
datanode_3  | 	at org.apache.ratis.thirdparty.io.grpc.stub.ClientCalls.blockingUnaryCall(ClientCalls.java:139)
datanode_1  | 2019-11-14 05:47:04,225 WARN server.GrpcServerProtocolService: 0777cc22-3dd4-4d67-9344-e9898b1fca45: Failed requestVote 281fd493-19d3-4a69-9206-7c208383655c->0777cc22-3dd4-4d67-9344-e9898b1fca45#0
datanode_2  | 2019-11-14 05:46:59,255 INFO server.RaftServerConfigKeys: raft.server.snapshot.retention.file.num = 5 (custom)
rm_1        | 2019-11-14 05:48:08 INFO  ParentQueue:1340 - assignedContainer queue=root usedCapacity=0.75 absoluteUsedCapacity=0.75 used=<memory:6144, vCores:2> cluster=<memory:8192, vCores:8>
scm_1       | 	at java.base/java.util.concurrent.ForkJoinTask.doInvoke(ForkJoinTask.java:408)
nm_1        | 2019-11-14 05:48:20 INFO  NMAuditLogger:94 - USER=hadoop	IP=172.18.0.8	OPERATION=Start Container Request	TARGET=ContainerManageImpl	RESULT=SUCCESS	APPID=application_1573710407849_0001	CONTAINERID=container_1573710407849_0001_01_000004
datanode_3  | 	at org.apache.ratis.proto.grpc.RaftServerProtocolServiceGrpc$RaftServerProtocolServiceBlockingStub.requestVote(RaftServerProtocolServiceGrpc.java:265)
datanode_1  | org.apache.ratis.protocol.GroupMismatchException: 0777cc22-3dd4-4d67-9344-e9898b1fca45: group-D8065C7ADC34 not found.
datanode_2  | 2019-11-14 05:46:59,255 INFO server.RaftServerConfigKeys: raft.server.retrycache.expirytime = 600000ms (custom)
rm_1        | 2019-11-14 05:48:08 INFO  CapacityScheduler:2894 - Allocation proposal accepted
scm_1       | 	at java.base/java.util.concurrent.ForkJoinTask.invoke(ForkJoinTask.java:736)
nm_1        | 2019-11-14 05:48:20 INFO  ApplicationImpl:463 - Adding container_1573710407849_0001_01_000004 to application application_1573710407849_0001
datanode_3  | 	at org.apache.ratis.grpc.server.GrpcServerProtocolClient.requestVote(GrpcServerProtocolClient.java:99)
datanode_1  | 	at org.apache.ratis.server.impl.RaftServerProxy$ImplMap.get(RaftServerProxy.java:122)
datanode_2  | 2019-11-14 05:46:59,256 WARN impl.MetricRegistriesImpl: First MetricRegistry has been created without registering reporters. You may need to call MetricRegistries.global().addReportRegistration(...) before.
rm_1        | 2019-11-14 05:48:08 INFO  NMTokenSecretManagerInRM:200 - Sending NMToken for nodeId : nm:43788 for container : container_1573710407849_0001_01_000002
scm_1       | 	at java.base/java.util.stream.ForEachOps$ForEachOp.evaluateParallel(ForEachOps.java:159)
nm_1        | 2019-11-14 05:48:20 INFO  ContainerImpl:2126 - Container container_1573710407849_0001_01_000004 transitioned from NEW to LOCALIZING
datanode_3  | 	at org.apache.ratis.grpc.server.GrpcService.requestVote(GrpcService.java:204)
datanode_1  | 	at org.apache.ratis.server.impl.RaftServerProxy.getImplFuture(RaftServerProxy.java:269)
datanode_2  | 2019-11-14 05:46:59,256 WARN impl.MetricRegistriesImpl: First MetricRegistry has been created without registering reporters. You may need to call MetricRegistries.global().addReportRegistration(...) before.
rm_1        | 2019-11-14 05:48:08 INFO  RMContainerImpl:480 - container_1573710407849_0001_01_000002 Container Transitioned from ALLOCATED to ACQUIRED
scm_1       | 	at java.base/java.util.stream.ForEachOps$ForEachOp$OfRef.evaluateParallel(ForEachOps.java:173)
nm_1        | 2019-11-14 05:48:20 INFO  AuxServices:350 - Got event CONTAINER_INIT for appId application_1573710407849_0001
datanode_1  | 	at org.apache.ratis.server.impl.RaftServerProxy.getImpl(RaftServerProxy.java:278)
datanode_3  | 	at org.apache.ratis.server.impl.LeaderElection.lambda$submitRequests$1(LeaderElection.java:234)
rm_1        | 2019-11-14 05:48:09 INFO  RMContainerImpl:480 - container_1573710407849_0001_01_000002 Container Transitioned from ACQUIRED to RUNNING
scm_1       | 	at java.base/java.util.stream.AbstractPipeline.evaluate(AbstractPipeline.java:233)
datanode_2  | 2019-11-14 05:46:59,256 INFO impl.RaftServerImpl: 7a66b944-6d94-41e6-ac8a-6e814f427def@group-069B0DDA3096: start as a follower, conf=-1: [281fd493-19d3-4a69-9206-7c208383655c:172.18.0.4:9858, 0777cc22-3dd4-4d67-9344-e9898b1fca45:172.18.0.2:9858, 7a66b944-6d94-41e6-ac8a-6e814f427def:172.18.0.3:9858], old=null
