om_1        |    2 11/15/19 21:48:01 HTTP/om@EXAMPLE.COM
kms_1       |      0K                                                       100% 20.2M=0s
datanode_1  | 
datanode_2  |      0K                                                       100% 13.4M=0s
rm_1        | 2019-11-15 21:48:01 (20.1 MB/s) - '/etc/security/keytabs/HTTP.keytab' saved [142/142]
datanode_3  | 2019-11-15 21:48:00 (9.50 MB/s) - '/etc/security/keytabs/HTTP.keytab' saved [162/162]
s3g_1       | 
scm_1       | 2019-11-15 21:47:45 (19.4 MB/s) - '/etc/security/keytabs/HTTP.keytab' saved [144/144]
nm_1        | 2019-11-15 21:48:00 (12.5 MB/s) - '/etc/security/keytabs/HTTP.keytab' saved [142/142]
jhs         | 2019-11-15 21:48:00 (15.6 MB/s) - '/etc/security/keytabs/HTTP.keytab' saved [144/144]
kdc_1       | Nov 15 21:47:45 kdc kadmind[15](info): closing down fd 18
om_1        |    2 11/15/19 21:48:01 HTTP/om@EXAMPLE.COM
kms_1       | 
datanode_1  | Keytab name: FILE:/etc/security/keytabs/HTTP.keytab
datanode_2  | 
rm_1        | 
datanode_3  | 
s3g_1       | Keytab name: FILE:/etc/security/keytabs/testuser.keytab
scm_1       | 
nm_1        | 
jhs         | 
kdc_1       | Authenticating as principal admin/admin with keytab /tmp/admin.keytab.
om_1        | Download testuser/om@EXAMPLE.COM keytab file to /etc/security/keytabs/testuser.keytab
kms_1       | 2019-11-15 21:48:01 (20.2 MB/s) - '/etc/security/keytabs/HTTP.keytab' saved [162/162]
datanode_1  | KVNO Timestamp         Principal
datanode_2  | 2019-11-15 21:48:00 (13.4 MB/s) - '/etc/security/keytabs/HTTP.keytab' saved [162/162]
rm_1        | Keytab name: FILE:/etc/security/keytabs/HTTP.keytab
datanode_3  | Keytab name: FILE:/etc/security/keytabs/HTTP.keytab
s3g_1       | KVNO Timestamp         Principal
scm_1       | Keytab name: FILE:/etc/security/keytabs/HTTP.keytab
nm_1        | Keytab name: FILE:/etc/security/keytabs/HTTP.keytab
jhs         | Keytab name: FILE:/etc/security/keytabs/HTTP.keytab
kdc_1       | WARNING: no policy specified for scm/scm@EXAMPLE.COM; defaulting to no policy
kms_1       | 
om_1        | --2019-11-15 21:48:01--  http://kdc:8081/keytab/om/testuser
datanode_1  | ---- ----------------- --------------------------------------------------------
datanode_2  | 
rm_1        | KVNO Timestamp         Principal
datanode_3  | KVNO Timestamp         Principal
s3g_1       | ---- ----------------- --------------------------------------------------------
scm_1       | KVNO Timestamp         Principal
nm_1        | KVNO Timestamp         Principal
jhs         | KVNO Timestamp         Principal
kdc_1       | Principal "scm/scm@EXAMPLE.COM" created.
kms_1       | Keytab name: FILE:/etc/security/keytabs/HTTP.keytab
om_1        | Resolving kdc (kdc)... 172.19.0.9
datanode_1  |    2 11/15/19 21:48:01 HTTP/e339a585d90f@EXAMPLE.COM
rm_1        | ---- ----------------- --------------------------------------------------------
datanode_2  | Keytab name: FILE:/etc/security/keytabs/HTTP.keytab
datanode_3  | ---- ----------------- --------------------------------------------------------
scm_1       | ---- ----------------- --------------------------------------------------------
s3g_1       |    2 11/15/19 21:48:03 testuser/s3g@EXAMPLE.COM
nm_1        | ---- ----------------- --------------------------------------------------------
jhs         | ---- ----------------- --------------------------------------------------------
kdc_1       | Authenticating as principal admin/admin with keytab /tmp/admin.keytab.
kms_1       | KVNO Timestamp         Principal
om_1        | Connecting to kdc (kdc)|172.19.0.9|:8081... connected.
datanode_1  |    2 11/15/19 21:48:01 HTTP/e339a585d90f@EXAMPLE.COM
rm_1        |    2 11/15/19 21:48:01 HTTP/rm@EXAMPLE.COM
datanode_2  | KVNO Timestamp         Principal
datanode_3  |    2 11/15/19 21:48:00 HTTP/c7b02ce304d6@EXAMPLE.COM
scm_1       |    2 11/15/19 21:47:45 HTTP/scm@EXAMPLE.COM
s3g_1       |    2 11/15/19 21:48:03 testuser/s3g@EXAMPLE.COM
jhs         |    2 11/15/19 21:48:00 HTTP/jhs@EXAMPLE.COM
nm_1        |    2 11/15/19 21:48:00 HTTP/nm@EXAMPLE.COM
kdc_1       | Entry for principal scm/scm@EXAMPLE.COM with kvno 2, encryption type aes256-cts-hmac-sha1-96 added to keytab WRFILE:/data/scm.scm.keytab.
kms_1       | ---- ----------------- --------------------------------------------------------
om_1        | HTTP request sent, awaiting response... 200 OK
datanode_1  | Download testuser/e339a585d90f@EXAMPLE.COM keytab file to /etc/security/keytabs/testuser.keytab
rm_1        |    2 11/15/19 21:48:01 HTTP/rm@EXAMPLE.COM
datanode_2  | ---- ----------------- --------------------------------------------------------
datanode_3  |    2 11/15/19 21:48:00 HTTP/c7b02ce304d6@EXAMPLE.COM
scm_1       |    2 11/15/19 21:47:45 HTTP/scm@EXAMPLE.COM
s3g_1       | Download s3g/s3g@EXAMPLE.COM keytab file to /etc/security/keytabs/s3g.keytab
jhs         |    2 11/15/19 21:48:00 HTTP/jhs@EXAMPLE.COM
nm_1        |    2 11/15/19 21:48:00 HTTP/nm@EXAMPLE.COM
kdc_1       | Entry for principal scm/scm@EXAMPLE.COM with kvno 2, encryption type aes128-cts-hmac-sha1-96 added to keytab WRFILE:/data/scm.scm.keytab.
kms_1       |    2 11/15/19 21:48:01 HTTP/17ca84d0daf3@EXAMPLE.COM
om_1        | Length: 150 [application/octet-stream]
datanode_1  | --2019-11-15 21:48:01--  http://kdc:8081/keytab/e339a585d90f/testuser
rm_1        | Download testuser/rm@EXAMPLE.COM keytab file to /etc/security/keytabs/testuser.keytab
datanode_2  |    2 11/15/19 21:48:00 HTTP/723b82de4403@EXAMPLE.COM
datanode_3  | Download testuser/c7b02ce304d6@EXAMPLE.COM keytab file to /etc/security/keytabs/testuser.keytab
scm_1       | Download testuser/scm@EXAMPLE.COM keytab file to /etc/security/keytabs/testuser.keytab
s3g_1       | --2019-11-15 21:48:03--  http://kdc:8081/keytab/s3g/s3g
jhs         | Download testuser/jhs@EXAMPLE.COM keytab file to /etc/security/keytabs/testuser.keytab
nm_1        | Download testuser/nm@EXAMPLE.COM keytab file to /etc/security/keytabs/testuser.keytab
kdc_1       | Generiting keytab
kms_1       |    2 11/15/19 21:48:01 HTTP/17ca84d0daf3@EXAMPLE.COM
datanode_1  | Resolving kdc (kdc)... 172.19.0.9
rm_1        | --2019-11-15 21:48:01--  http://kdc:8081/keytab/rm/testuser
datanode_2  |    2 11/15/19 21:48:00 HTTP/723b82de4403@EXAMPLE.COM
om_1        | Saving to: '/etc/security/keytabs/testuser.keytab'
datanode_3  | --2019-11-15 21:48:00--  http://kdc:8081/keytab/c7b02ce304d6/testuser
scm_1       | --2019-11-15 21:47:45--  http://kdc:8081/keytab/scm/testuser
s3g_1       | Resolving kdc (kdc)... 172.19.0.9
jhs         | --2019-11-15 21:48:00--  http://kdc:8081/keytab/jhs/testuser
nm_1        | --2019-11-15 21:48:00--  http://kdc:8081/keytab/nm/testuser
kdc_1       | Authenticating as principal admin/admin with keytab /tmp/admin.keytab.
kms_1       | Download testuser/17ca84d0daf3@EXAMPLE.COM keytab file to /etc/security/keytabs/testuser.keytab
rm_1        | Resolving kdc (kdc)... 172.19.0.9
datanode_1  | Connecting to kdc (kdc)|172.19.0.9|:8081... connected.
datanode_2  | Download testuser/723b82de4403@EXAMPLE.COM keytab file to /etc/security/keytabs/testuser.keytab
om_1        | 
datanode_3  | Resolving kdc (kdc)... 172.19.0.9
scm_1       | Resolving kdc (kdc)... 172.19.0.9
jhs         | Resolving kdc (kdc)... 172.19.0.9
s3g_1       | Connecting to kdc (kdc)|172.19.0.9|:8081... connected.
nm_1        | Resolving kdc (kdc)... 172.19.0.9
kdc_1       | WARNING: no policy specified for HTTP/scm@EXAMPLE.COM; defaulting to no policy
kms_1       | --2019-11-15 21:48:01--  http://kdc:8081/keytab/17ca84d0daf3/testuser
rm_1        | Connecting to kdc (kdc)|172.19.0.9|:8081... connected.
datanode_1  | HTTP request sent, awaiting response... 200 OK
datanode_2  | --2019-11-15 21:48:00--  http://kdc:8081/keytab/723b82de4403/testuser
datanode_3  | Connecting to kdc (kdc)|172.19.0.9|:8081... connected.
om_1        |      0K                                                       100% 16.4M=0s
scm_1       | Connecting to kdc (kdc)|172.19.0.9|:8081... connected.
jhs         | Connecting to kdc (kdc)|172.19.0.9|:8081... connected.
s3g_1       | HTTP request sent, awaiting response... 200 OK
nm_1        | Connecting to kdc (kdc)|172.19.0.9|:8081... connected.
kdc_1       | Principal "HTTP/scm@EXAMPLE.COM" created.
kms_1       | Resolving kdc (kdc)... 172.19.0.9
rm_1        | HTTP request sent, awaiting response... 200 OK
datanode_1  | Length: 170 [application/octet-stream]
datanode_2  | Resolving kdc (kdc)... 172.19.0.9
datanode_3  | HTTP request sent, awaiting response... 200 OK
om_1        | 
jhs         | HTTP request sent, awaiting response... 200 OK
s3g_1       | Length: 142 [application/octet-stream]
scm_1       | HTTP request sent, awaiting response... 200 OK
nm_1        | HTTP request sent, awaiting response... 200 OK
kdc_1       | Authenticating as principal admin/admin with keytab /tmp/admin.keytab.
rm_1        | Length: 150 [application/octet-stream]
datanode_1  | Saving to: '/etc/security/keytabs/testuser.keytab'
kms_1       | Connecting to kdc (kdc)|172.19.0.9|:8081... connected.
datanode_2  | Connecting to kdc (kdc)|172.19.0.9|:8081... connected.
datanode_3  | Length: 170 [application/octet-stream]
om_1        | 2019-11-15 21:48:03 (16.4 MB/s) - '/etc/security/keytabs/testuser.keytab' saved [150/150]
jhs         | Length: 152 [application/octet-stream]
s3g_1       | Saving to: '/etc/security/keytabs/s3g.keytab'
scm_1       | Length: 152 [application/octet-stream]
nm_1        | Length: 150 [application/octet-stream]
kdc_1       | Entry for principal HTTP/scm@EXAMPLE.COM with kvno 2, encryption type aes256-cts-hmac-sha1-96 added to keytab WRFILE:/data/HTTP.scm.keytab.
rm_1        | Saving to: '/etc/security/keytabs/testuser.keytab'
datanode_1  | 
kms_1       | HTTP request sent, awaiting response... 200 OK
datanode_2  | HTTP request sent, awaiting response... 200 OK
datanode_3  | Saving to: '/etc/security/keytabs/testuser.keytab'
om_1        | 
jhs         | Saving to: '/etc/security/keytabs/testuser.keytab'
s3g_1       | 
scm_1       | Saving to: '/etc/security/keytabs/testuser.keytab'
nm_1        | Saving to: '/etc/security/keytabs/testuser.keytab'
kdc_1       | Entry for principal HTTP/scm@EXAMPLE.COM with kvno 2, encryption type aes128-cts-hmac-sha1-96 added to keytab WRFILE:/data/HTTP.scm.keytab.
rm_1        | 
datanode_1  |      0K                                                       100% 15.1M=0s
datanode_2  | Length: 170 [application/octet-stream]
datanode_3  | 
om_1        | Keytab name: FILE:/etc/security/keytabs/testuser.keytab
jhs         | 
kms_1       | Length: 170 [application/octet-stream]
s3g_1       |      0K                                                       100% 17.6M=0s
scm_1       | 
nm_1        | 
kdc_1       | Generiting keytab
rm_1        |      0K                                                       100% 15.6M=0s
datanode_1  | 
datanode_3  |      0K                                                       100% 19.2M=0s
om_1        | KVNO Timestamp         Principal
jhs         |      0K                                                       100% 16.1M=0s
datanode_2  | Saving to: '/etc/security/keytabs/testuser.keytab'
kms_1       | Saving to: '/etc/security/keytabs/testuser.keytab'
s3g_1       | 
scm_1       |      0K                                                       100% 10.9M=0s
nm_1        |      0K                                                       100% 20.4M=0s
kdc_1       | Authenticating as principal admin/admin with keytab /tmp/admin.keytab.
rm_1        | 
datanode_1  | 2019-11-15 21:48:02 (15.1 MB/s) - '/etc/security/keytabs/testuser.keytab' saved [170/170]
datanode_3  | 
om_1        | ---- ----------------- --------------------------------------------------------
jhs         | 
datanode_2  | 
kms_1       | 
scm_1       | 
nm_1        | 
kdc_1       | WARNING: no policy specified for testuser/scm@EXAMPLE.COM; defaulting to no policy
rm_1        | 2019-11-15 21:48:03 (15.6 MB/s) - '/etc/security/keytabs/testuser.keytab' saved [150/150]
datanode_3  | 2019-11-15 21:48:02 (19.2 MB/s) - '/etc/security/keytabs/testuser.keytab' saved [170/170]
datanode_1  | 
s3g_1       | 2019-11-15 21:48:05 (17.6 MB/s) - '/etc/security/keytabs/s3g.keytab' saved [142/142]
om_1        |    2 11/15/19 21:48:03 testuser/om@EXAMPLE.COM
jhs         | 2019-11-15 21:48:02 (16.1 MB/s) - '/etc/security/keytabs/testuser.keytab' saved [152/152]
datanode_2  |      0K                                                       100% 16.8M=0s
kms_1       |      0K                                                       100% 19.4M=0s
scm_1       | 2019-11-15 21:47:45 (10.9 MB/s) - '/etc/security/keytabs/testuser.keytab' saved [152/152]
nm_1        | 2019-11-15 21:48:02 (20.4 MB/s) - '/etc/security/keytabs/testuser.keytab' saved [150/150]
rm_1        | 
datanode_1  | Keytab name: FILE:/etc/security/keytabs/testuser.keytab
datanode_3  | 
kdc_1       | Principal "testuser/scm@EXAMPLE.COM" created.
s3g_1       | 
om_1        |    2 11/15/19 21:48:03 testuser/om@EXAMPLE.COM
datanode_2  | 
kms_1       | 
scm_1       | 
nm_1        | 
rm_1        | Keytab name: FILE:/etc/security/keytabs/testuser.keytab
datanode_1  | KVNO Timestamp         Principal
jhs         | 
datanode_3  | Keytab name: FILE:/etc/security/keytabs/testuser.keytab
kdc_1       | Authenticating as principal admin/admin with keytab /tmp/admin.keytab.
s3g_1       | Keytab name: FILE:/etc/security/keytabs/s3g.keytab
om_1        | Download s3g/om@EXAMPLE.COM keytab file to /etc/security/keytabs/s3g.keytab
datanode_2  | 2019-11-15 21:48:02 (16.8 MB/s) - '/etc/security/keytabs/testuser.keytab' saved [170/170]
kms_1       | 2019-11-15 21:48:03 (19.4 MB/s) - '/etc/security/keytabs/testuser.keytab' saved [170/170]
scm_1       | Keytab name: FILE:/etc/security/keytabs/testuser.keytab
nm_1        | Keytab name: FILE:/etc/security/keytabs/testuser.keytab
rm_1        | KVNO Timestamp         Principal
datanode_1  | ---- ----------------- --------------------------------------------------------
jhs         | Keytab name: FILE:/etc/security/keytabs/testuser.keytab
datanode_3  | KVNO Timestamp         Principal
kdc_1       | Entry for principal testuser/scm@EXAMPLE.COM with kvno 2, encryption type aes256-cts-hmac-sha1-96 added to keytab WRFILE:/data/testuser.scm.keytab.
s3g_1       | KVNO Timestamp         Principal
om_1        | --2019-11-15 21:48:03--  http://kdc:8081/keytab/om/s3g
datanode_2  | 
kms_1       | 
scm_1       | KVNO Timestamp         Principal
nm_1        | KVNO Timestamp         Principal
rm_1        | ---- ----------------- --------------------------------------------------------
datanode_1  |    2 11/15/19 21:48:02 testuser/e339a585d90f@EXAMPLE.COM
jhs         | KVNO Timestamp         Principal
datanode_3  | ---- ----------------- --------------------------------------------------------
kdc_1       | Entry for principal testuser/scm@EXAMPLE.COM with kvno 2, encryption type aes128-cts-hmac-sha1-96 added to keytab WRFILE:/data/testuser.scm.keytab.
s3g_1       | ---- ----------------- --------------------------------------------------------
datanode_2  | Keytab name: FILE:/etc/security/keytabs/testuser.keytab
kms_1       | Keytab name: FILE:/etc/security/keytabs/testuser.keytab
scm_1       | ---- ----------------- --------------------------------------------------------
nm_1        | ---- ----------------- --------------------------------------------------------
rm_1        |    2 11/15/19 21:48:03 testuser/rm@EXAMPLE.COM
datanode_1  |    2 11/15/19 21:48:02 testuser/e339a585d90f@EXAMPLE.COM
om_1        | Resolving kdc (kdc)... 172.19.0.9
jhs         | ---- ----------------- --------------------------------------------------------
datanode_3  |    2 11/15/19 21:48:02 testuser/c7b02ce304d6@EXAMPLE.COM
kdc_1       | Generiting keytab
s3g_1       |    2 11/15/19 21:48:05 s3g/s3g@EXAMPLE.COM
datanode_2  | KVNO Timestamp         Principal
kms_1       | KVNO Timestamp         Principal
scm_1       |    2 11/15/19 21:47:45 testuser/scm@EXAMPLE.COM
nm_1        |    2 11/15/19 21:48:02 testuser/nm@EXAMPLE.COM
rm_1        |    2 11/15/19 21:48:03 testuser/rm@EXAMPLE.COM
datanode_1  | Download s3g/e339a585d90f@EXAMPLE.COM keytab file to /etc/security/keytabs/s3g.keytab
om_1        | Connecting to kdc (kdc)|172.19.0.9|:8081... connected.
jhs         |    2 11/15/19 21:48:02 testuser/jhs@EXAMPLE.COM
datanode_3  |    2 11/15/19 21:48:02 testuser/c7b02ce304d6@EXAMPLE.COM
kdc_1       | Authenticating as principal admin/admin with keytab /tmp/admin.keytab.
s3g_1       |    2 11/15/19 21:48:05 s3g/s3g@EXAMPLE.COM
datanode_2  | ---- ----------------- --------------------------------------------------------
kms_1       | ---- ----------------- --------------------------------------------------------
scm_1       |    2 11/15/19 21:47:45 testuser/scm@EXAMPLE.COM
nm_1        |    2 11/15/19 21:48:02 testuser/nm@EXAMPLE.COM
rm_1        | Download s3g/rm@EXAMPLE.COM keytab file to /etc/security/keytabs/s3g.keytab
datanode_1  | --2019-11-15 21:48:02--  http://kdc:8081/keytab/e339a585d90f/s3g
jhs         |    2 11/15/19 21:48:02 testuser/jhs@EXAMPLE.COM
om_1        | HTTP request sent, awaiting response... 200 OK
datanode_3  | Download s3g/c7b02ce304d6@EXAMPLE.COM keytab file to /etc/security/keytabs/s3g.keytab
kdc_1       | WARNING: no policy specified for s3g/scm@EXAMPLE.COM; defaulting to no policy
s3g_1       | Download rm/s3g@EXAMPLE.COM keytab file to /etc/security/keytabs/rm.keytab
datanode_2  |    2 11/15/19 21:48:02 testuser/723b82de4403@EXAMPLE.COM
kms_1       |    2 11/15/19 21:48:03 testuser/17ca84d0daf3@EXAMPLE.COM
scm_1       | Download s3g/scm@EXAMPLE.COM keytab file to /etc/security/keytabs/s3g.keytab
nm_1        | Download s3g/nm@EXAMPLE.COM keytab file to /etc/security/keytabs/s3g.keytab
rm_1        | --2019-11-15 21:48:03--  http://kdc:8081/keytab/rm/s3g
datanode_1  | Resolving kdc (kdc)... 172.19.0.9
jhs         | Download s3g/jhs@EXAMPLE.COM keytab file to /etc/security/keytabs/s3g.keytab
om_1        | Length: 140 [application/octet-stream]
datanode_3  | --2019-11-15 21:48:02--  http://kdc:8081/keytab/c7b02ce304d6/s3g
kdc_1       | Nov 15 21:47:45 kdc krb5kdc[9](info): AS_REQ (8 etypes {18 17 20 19 16 23 25 26}) 127.0.0.1: SERVER_NOT_FOUND: admin/admin@EXAMPLE.COM for kadmin/localhost@EXAMPLE.COM, Server not found in Kerberos database
s3g_1       | --2019-11-15 21:48:05--  http://kdc:8081/keytab/s3g/rm
datanode_2  |    2 11/15/19 21:48:02 testuser/723b82de4403@EXAMPLE.COM
kms_1       |    2 11/15/19 21:48:03 testuser/17ca84d0daf3@EXAMPLE.COM
scm_1       | --2019-11-15 21:47:46--  http://kdc:8081/keytab/scm/s3g
nm_1        | --2019-11-15 21:48:02--  http://kdc:8081/keytab/nm/s3g
rm_1        | Resolving kdc (kdc)... 172.19.0.9
datanode_1  | Connecting to kdc (kdc)|172.19.0.9|:8081... connected.
jhs         | --2019-11-15 21:48:02--  http://kdc:8081/keytab/jhs/s3g
om_1        | Saving to: '/etc/security/keytabs/s3g.keytab'
datanode_3  | Resolving kdc (kdc)... 172.19.0.9
kdc_1       | Nov 15 21:47:45 kdc krb5kdc[9](info): AS_REQ (8 etypes {18 17 20 19 16 23 25 26}) 127.0.0.1: ISSUE: authtime 1573854465, etypes {rep=18 tkt=18 ses=18}, admin/admin@EXAMPLE.COM for kadmin/admin@EXAMPLE.COM
s3g_1       | Resolving kdc (kdc)... 172.19.0.9
datanode_2  | Download s3g/723b82de4403@EXAMPLE.COM keytab file to /etc/security/keytabs/s3g.keytab
kms_1       | Download s3g/17ca84d0daf3@EXAMPLE.COM keytab file to /etc/security/keytabs/s3g.keytab
scm_1       | Resolving kdc (kdc)... 172.19.0.9
nm_1        | Resolving kdc (kdc)... 172.19.0.9
rm_1        | Connecting to kdc (kdc)|172.19.0.9|:8081... connected.
datanode_1  | HTTP request sent, awaiting response... 200 OK
jhs         | Resolving kdc (kdc)... 172.19.0.9
om_1        | 
datanode_3  | Connecting to kdc (kdc)|172.19.0.9|:8081... connected.
kdc_1       | Nov 15 21:47:45 kdc krb5kdc[9](info): AS_REQ (8 etypes {18 17 20 19 16 23 25 26}) 127.0.0.1: SERVER_NOT_FOUND: admin/admin@EXAMPLE.COM for kadmin/localhost@EXAMPLE.COM, Server not found in Kerberos database
s3g_1       | Connecting to kdc (kdc)|172.19.0.9|:8081... connected.
datanode_2  | --2019-11-15 21:48:02--  http://kdc:8081/keytab/723b82de4403/s3g
kms_1       | --2019-11-15 21:48:03--  http://kdc:8081/keytab/17ca84d0daf3/s3g
scm_1       | Connecting to kdc (kdc)|172.19.0.9|:8081... connected.
nm_1        | Connecting to kdc (kdc)|172.19.0.9|:8081... connected.
rm_1        | HTTP request sent, awaiting response... 200 OK
datanode_1  | Length: 160 [application/octet-stream]
jhs         | Connecting to kdc (kdc)|172.19.0.9|:8081... connected.
om_1        |      0K                                                       100% 9.02M=0s
datanode_3  | HTTP request sent, awaiting response... 200 OK
kdc_1       | Nov 15 21:47:45 kdc krb5kdc[9](info): AS_REQ (8 etypes {18 17 20 19 16 23 25 26}) 127.0.0.1: ISSUE: authtime 1573854465, etypes {rep=18 tkt=18 ses=18}, admin/admin@EXAMPLE.COM for kadmin/admin@EXAMPLE.COM
s3g_1       | HTTP request sent, awaiting response... 200 OK
datanode_2  | Resolving kdc (kdc)... 172.19.0.9
scm_1       | HTTP request sent, awaiting response... 200 OK
nm_1        | HTTP request sent, awaiting response... 200 OK
datanode_1  | Saving to: '/etc/security/keytabs/s3g.keytab'
rm_1        | Length: 140 [application/octet-stream]
kms_1       | Resolving kdc (kdc)... 172.19.0.9
jhs         | HTTP request sent, awaiting response... 200 OK
om_1        | 
datanode_3  | Length: 160 [application/octet-stream]
kdc_1       | Nov 15 21:47:45 kdc krb5kdc[9](info): AS_REQ (8 etypes {18 17 20 19 16 23 25 26}) 127.0.0.1: SERVER_NOT_FOUND: admin/admin@EXAMPLE.COM for kadmin/localhost@EXAMPLE.COM, Server not found in Kerberos database
s3g_1       | Length: 140 [application/octet-stream]
datanode_2  | Connecting to kdc (kdc)|172.19.0.9|:8081... connected.
scm_1       | Length: 142 [application/octet-stream]
nm_1        | Length: 140 [application/octet-stream]
datanode_1  | 
rm_1        | Saving to: '/etc/security/keytabs/s3g.keytab'
kms_1       | Connecting to kdc (kdc)|172.19.0.9|:8081... connected.
jhs         | Length: 142 [application/octet-stream]
om_1        | 2019-11-15 21:48:05 (9.02 MB/s) - '/etc/security/keytabs/s3g.keytab' saved [140/140]
datanode_3  | Saving to: '/etc/security/keytabs/s3g.keytab'
s3g_1       | Saving to: '/etc/security/keytabs/rm.keytab'
datanode_2  | HTTP request sent, awaiting response... 200 OK
kdc_1       | Nov 15 21:47:45 kdc krb5kdc[9](info): AS_REQ (8 etypes {18 17 20 19 16 23 25 26}) 127.0.0.1: ISSUE: authtime 1573854465, etypes {rep=18 tkt=18 ses=18}, admin/admin@EXAMPLE.COM for kadmin/admin@EXAMPLE.COM
scm_1       | Saving to: '/etc/security/keytabs/s3g.keytab'
nm_1        | Saving to: '/etc/security/keytabs/s3g.keytab'
datanode_1  |      0K                                                       100% 16.6M=0s
kms_1       | HTTP request sent, awaiting response... 200 OK
rm_1        | 
jhs         | Saving to: '/etc/security/keytabs/s3g.keytab'
om_1        | 
datanode_3  | 
s3g_1       | 
datanode_2  | Length: 160 [application/octet-stream]
kdc_1       | Nov 15 21:47:45 kdc krb5kdc[9](info): AS_REQ (8 etypes {18 17 20 19 16 23 25 26}) 127.0.0.1: SERVER_NOT_FOUND: admin/admin@EXAMPLE.COM for kadmin/localhost@EXAMPLE.COM, Server not found in Kerberos database
scm_1       | 
scm_1       |      0K                                                       100% 8.46M=0s
scm_1       | 
kms_1       | Length: 160 [application/octet-stream]
jhs         | 
om_1        | Keytab name: FILE:/etc/security/keytabs/s3g.keytab
om_1        | KVNO Timestamp         Principal
s3g_1       |      0K                                                       100% 20.1M=0s
datanode_2  | Saving to: '/etc/security/keytabs/s3g.keytab'
kdc_1       | Nov 15 21:47:45 kdc krb5kdc[9](info): AS_REQ (8 etypes {18 17 20 19 16 23 25 26}) 127.0.0.1: ISSUE: authtime 1573854465, etypes {rep=18 tkt=18 ses=18}, admin/admin@EXAMPLE.COM for kadmin/admin@EXAMPLE.COM
scm_1       | 2019-11-15 21:47:54 (8.46 MB/s) - '/etc/security/keytabs/s3g.keytab' saved [142/142]
datanode_1  | 
nm_1        | 
kms_1       | Saving to: '/etc/security/keytabs/s3g.keytab'
jhs         |      0K                                                       100% 5.77M=0s
om_1        | ---- ----------------- --------------------------------------------------------
s3g_1       | 
kdc_1       | Nov 15 21:47:45 kdc krb5kdc[9](info): AS_REQ (8 etypes {18 17 20 19 16 23 25 26}) 127.0.0.1: SERVER_NOT_FOUND: admin/admin@EXAMPLE.COM for kadmin/localhost@EXAMPLE.COM, Server not found in Kerberos database
datanode_2  | 
scm_1       | 
scm_1       | Keytab name: FILE:/etc/security/keytabs/s3g.keytab
nm_1        |      0K                                                       100% 14.1M=0s
nm_1        | 
rm_1        |      0K                                                       100% 14.2M=0s
jhs         | 
jhs         | 2019-11-15 21:48:04 (5.77 MB/s) - '/etc/security/keytabs/s3g.keytab' saved [142/142]
s3g_1       | 2019-11-15 21:48:07 (20.1 MB/s) - '/etc/security/keytabs/rm.keytab' saved [140/140]
kdc_1       | Nov 15 21:47:45 kdc krb5kdc[9](info): AS_REQ (8 etypes {18 17 20 19 16 23 25 26}) 127.0.0.1: ISSUE: authtime 1573854465, etypes {rep=18 tkt=18 ses=18}, admin/admin@EXAMPLE.COM for kadmin/admin@EXAMPLE.COM
datanode_3  |      0K                                                       100% 23.0M=0s
datanode_2  |      0K                                                       100% 15.7M=0s
scm_1       | KVNO Timestamp         Principal
scm_1       | ---- ----------------- --------------------------------------------------------
kms_1       | 
rm_1        | 
nm_1        | 2019-11-15 21:48:04 (14.1 MB/s) - '/etc/security/keytabs/s3g.keytab' saved [140/140]
om_1        |    2 11/15/19 21:48:05 s3g/om@EXAMPLE.COM
jhs         | 
s3g_1       | 
kdc_1       | Nov 15 21:47:45 kdc krb5kdc[9](info): AS_REQ (8 etypes {18 17 20 19 16 23 25 26}) 127.0.0.1: SERVER_NOT_FOUND: admin/admin@EXAMPLE.COM for kadmin/localhost@EXAMPLE.COM, Server not found in Kerberos database
datanode_3  | 
datanode_2  | 
scm_1       |    2 11/15/19 21:47:53 s3g/scm@EXAMPLE.COM
scm_1       |    2 11/15/19 21:47:54 s3g/scm@EXAMPLE.COM
rm_1        | 2019-11-15 21:48:05 (14.2 MB/s) - '/etc/security/keytabs/s3g.keytab' saved [140/140]
nm_1        | 
om_1        |    2 11/15/19 21:48:05 s3g/om@EXAMPLE.COM
om_1        | Download rm/om@EXAMPLE.COM keytab file to /etc/security/keytabs/rm.keytab
kdc_1       | Nov 15 21:47:45 kdc krb5kdc[9](info): AS_REQ (8 etypes {18 17 20 19 16 23 25 26}) 127.0.0.1: ISSUE: authtime 1573854465, etypes {rep=18 tkt=18 ses=18}, admin/admin@EXAMPLE.COM for kadmin/admin@EXAMPLE.COM
datanode_3  | 2019-11-15 21:48:04 (23.0 MB/s) - '/etc/security/keytabs/s3g.keytab' saved [160/160]
datanode_2  | 2019-11-15 21:48:04 (15.7 MB/s) - '/etc/security/keytabs/s3g.keytab' saved [160/160]
scm_1       | Download rm/scm@EXAMPLE.COM keytab file to /etc/security/keytabs/rm.keytab
datanode_1  | 2019-11-15 21:48:05 (16.6 MB/s) - '/etc/security/keytabs/s3g.keytab' saved [160/160]
rm_1        | 
nm_1        | Keytab name: FILE:/etc/security/keytabs/s3g.keytab
om_1        | --2019-11-15 21:48:05--  http://kdc:8081/keytab/om/rm
om_1        | Resolving kdc (kdc)... 172.19.0.9
s3g_1       | Keytab name: FILE:/etc/security/keytabs/rm.keytab
kdc_1       | Nov 15 21:47:46 kdc krb5kdc[9](info): AS_REQ (8 etypes {18 17 20 19 16 23 25 26}) 127.0.0.1: SERVER_NOT_FOUND: admin/admin@EXAMPLE.COM for kadmin/localhost@EXAMPLE.COM, Server not found in Kerberos database
datanode_3  | 
datanode_2  | 
scm_1       | --2019-11-15 21:47:54--  http://kdc:8081/keytab/scm/rm
datanode_1  | 
rm_1        | Keytab name: FILE:/etc/security/keytabs/s3g.keytab
nm_1        | KVNO Timestamp         Principal
om_1        | Connecting to kdc (kdc)|172.19.0.9|:8081... connected.
jhs         | Keytab name: FILE:/etc/security/keytabs/s3g.keytab
kms_1       |      0K                                                       100% 12.4M=0s
s3g_1       | KVNO Timestamp         Principal
kdc_1       | Nov 15 21:47:46 kdc krb5kdc[9](info): AS_REQ (8 etypes {18 17 20 19 16 23 25 26}) 127.0.0.1: ISSUE: authtime 1573854466, etypes {rep=18 tkt=18 ses=18}, admin/admin@EXAMPLE.COM for kadmin/admin@EXAMPLE.COM
datanode_3  | Keytab name: FILE:/etc/security/keytabs/s3g.keytab
datanode_2  | Keytab name: FILE:/etc/security/keytabs/s3g.keytab
scm_1       | Resolving kdc (kdc)... 172.19.0.9
datanode_1  | Keytab name: FILE:/etc/security/keytabs/s3g.keytab
rm_1        | KVNO Timestamp         Principal
nm_1        | ---- ----------------- --------------------------------------------------------
om_1        | HTTP request sent, awaiting response... 200 OK
jhs         | KVNO Timestamp         Principal
kms_1       | 
s3g_1       | ---- ----------------- --------------------------------------------------------
kdc_1       | Nov 15 21:47:45 kdc kadmind[15](Notice): Request: kadm5_init, admin/admin@EXAMPLE.COM, success, client=admin/admin@EXAMPLE.COM, service=kadmin/admin@EXAMPLE.COM, addr=127.0.0.1, vers=4, flavor=6
datanode_3  | KVNO Timestamp         Principal
scm_1       | Connecting to kdc (kdc)|172.19.0.9|:8081... connected.
scm_1       | HTTP request sent, awaiting response... 200 OK
rm_1        | ---- ----------------- --------------------------------------------------------
nm_1        |    2 11/15/19 21:48:04 s3g/nm@EXAMPLE.COM
jhs         | ---- ----------------- --------------------------------------------------------
om_1        | Length: 138 [application/octet-stream]
kms_1       | 2019-11-15 21:48:05 (12.4 MB/s) - '/etc/security/keytabs/s3g.keytab' saved [160/160]
s3g_1       |    2 11/15/19 21:48:07 rm/s3g@EXAMPLE.COM
kdc_1       | Nov 15 21:47:45 kdc kadmind[15](Notice): Request: kadm5_get_policy, default, Policy does not exist, client=admin/admin@EXAMPLE.COM, service=kadmin/admin@EXAMPLE.COM, addr=127.0.0.1
datanode_3  | ---- ----------------- --------------------------------------------------------
datanode_2  | KVNO Timestamp         Principal
datanode_1  | KVNO Timestamp         Principal
scm_1       | Length: 140 [application/octet-stream]
rm_1        |    2 11/15/19 21:48:05 s3g/rm@EXAMPLE.COM
nm_1        |    2 11/15/19 21:48:04 s3g/nm@EXAMPLE.COM
jhs         |    2 11/15/19 21:48:04 s3g/jhs@EXAMPLE.COM
om_1        | Saving to: '/etc/security/keytabs/rm.keytab'
kms_1       | 
s3g_1       |    2 11/15/19 21:48:07 rm/s3g@EXAMPLE.COM
kdc_1       | Nov 15 21:47:45 kdc kadmind[15](Notice): Request: kadm5_create_principal, scm/scm@EXAMPLE.COM, success, client=admin/admin@EXAMPLE.COM, service=kadmin/admin@EXAMPLE.COM, addr=127.0.0.1
datanode_3  |    2 11/15/19 21:48:04 s3g/c7b02ce304d6@EXAMPLE.COM
datanode_2  | ---- ----------------- --------------------------------------------------------
datanode_1  | ---- ----------------- --------------------------------------------------------
scm_1       | Saving to: '/etc/security/keytabs/rm.keytab'
rm_1        |    2 11/15/19 21:48:05 s3g/rm@EXAMPLE.COM
nm_1        | Download rm/nm@EXAMPLE.COM keytab file to /etc/security/keytabs/rm.keytab
jhs         |    2 11/15/19 21:48:04 s3g/jhs@EXAMPLE.COM
kms_1       | Keytab name: FILE:/etc/security/keytabs/s3g.keytab
s3g_1       | Download nm/s3g@EXAMPLE.COM keytab file to /etc/security/keytabs/nm.keytab
kdc_1       | Nov 15 21:47:45 kdc kadmind[15](info): closing down fd 18
datanode_3  |    2 11/15/19 21:48:04 s3g/c7b02ce304d6@EXAMPLE.COM
datanode_2  |    2 11/15/19 21:48:04 s3g/723b82de4403@EXAMPLE.COM
datanode_1  |    2 11/15/19 21:48:04 s3g/e339a585d90f@EXAMPLE.COM
scm_1       | 
rm_1        | Download rm/rm@EXAMPLE.COM keytab file to /etc/security/keytabs/rm.keytab
jhs         | Download rm/jhs@EXAMPLE.COM keytab file to /etc/security/keytabs/rm.keytab
om_1        | 
s3g_1       | --2019-11-15 21:48:07--  http://kdc:8081/keytab/s3g/nm
kms_1       | KVNO Timestamp         Principal
nm_1        | --2019-11-15 21:48:04--  http://kdc:8081/keytab/nm/rm
kdc_1       | Nov 15 21:47:45 kdc kadmind[15](Notice): Request: kadm5_init, admin/admin@EXAMPLE.COM, success, client=admin/admin@EXAMPLE.COM, service=kadmin/admin@EXAMPLE.COM, addr=127.0.0.1, vers=4, flavor=6
datanode_3  | Download rm/c7b02ce304d6@EXAMPLE.COM keytab file to /etc/security/keytabs/rm.keytab
datanode_2  |    2 11/15/19 21:48:04 s3g/723b82de4403@EXAMPLE.COM
datanode_1  |    2 11/15/19 21:48:05 s3g/e339a585d90f@EXAMPLE.COM
scm_1       |      0K                                                       100% 8.63M=0s
rm_1        | --2019-11-15 21:48:05--  http://kdc:8081/keytab/rm/rm
jhs         | --2019-11-15 21:48:04--  http://kdc:8081/keytab/jhs/rm
s3g_1       | Resolving kdc (kdc)... 172.19.0.9
kms_1       | ---- ----------------- --------------------------------------------------------
om_1        |      0K                                                       100% 9.13M=0s
nm_1        | Resolving kdc (kdc)... 172.19.0.9
kdc_1       | Nov 15 21:47:45 kdc kadmind[15](Notice): Request: kadm5_randkey_principal, scm/scm@EXAMPLE.COM, success, client=admin/admin@EXAMPLE.COM, service=kadmin/admin@EXAMPLE.COM, addr=127.0.0.1
datanode_3  | --2019-11-15 21:48:04--  http://kdc:8081/keytab/c7b02ce304d6/rm
datanode_1  | Download rm/e339a585d90f@EXAMPLE.COM keytab file to /etc/security/keytabs/rm.keytab
datanode_2  | Download rm/723b82de4403@EXAMPLE.COM keytab file to /etc/security/keytabs/rm.keytab
scm_1       | 
rm_1        | Resolving kdc (kdc)... 172.19.0.9
jhs         | Resolving kdc (kdc)... 172.19.0.9
s3g_1       | Connecting to kdc (kdc)|172.19.0.9|:8081... connected.
kms_1       |    2 11/15/19 21:48:05 s3g/17ca84d0daf3@EXAMPLE.COM
om_1        | 
nm_1        | Connecting to kdc (kdc)|172.19.0.9|:8081... connected.
datanode_3  | Resolving kdc (kdc)... 172.19.0.9
datanode_1  | --2019-11-15 21:48:05--  http://kdc:8081/keytab/e339a585d90f/rm
datanode_2  | --2019-11-15 21:48:04--  http://kdc:8081/keytab/723b82de4403/rm
rm_1        | Connecting to kdc (kdc)|172.19.0.9|:8081... connected.
scm_1       | 2019-11-15 21:47:56 (8.63 MB/s) - '/etc/security/keytabs/rm.keytab' saved [140/140]
kdc_1       | Nov 15 21:47:45 kdc kadmind[15](Notice): Request: kadm5_get_principal, scm/scm@EXAMPLE.COM, success, client=admin/admin@EXAMPLE.COM, service=kadmin/admin@EXAMPLE.COM, addr=127.0.0.1
jhs         | Connecting to kdc (kdc)|172.19.0.9|:8081... connected.
s3g_1       | HTTP request sent, awaiting response... 200 OK
kms_1       |    2 11/15/19 21:48:05 s3g/17ca84d0daf3@EXAMPLE.COM
om_1        | 2019-11-15 21:48:07 (9.13 MB/s) - '/etc/security/keytabs/rm.keytab' saved [138/138]
nm_1        | HTTP request sent, awaiting response... 200 OK
datanode_3  | Connecting to kdc (kdc)|172.19.0.9|:8081... connected.
datanode_1  | Resolving kdc (kdc)... 172.19.0.9
datanode_2  | Resolving kdc (kdc)... 172.19.0.9
rm_1        | HTTP request sent, awaiting response... 200 OK
scm_1       | 
kdc_1       | Nov 15 21:47:45 kdc kadmind[15](info): closing down fd 18
s3g_1       | Length: 140 [application/octet-stream]
jhs         | HTTP request sent, awaiting response... 200 OK
kms_1       | Download rm/17ca84d0daf3@EXAMPLE.COM keytab file to /etc/security/keytabs/rm.keytab
om_1        | 
nm_1        | Length: 138 [application/octet-stream]
datanode_3  | HTTP request sent, awaiting response... 200 OK
datanode_1  | Connecting to kdc (kdc)|172.19.0.9|:8081... connected.
datanode_2  | Connecting to kdc (kdc)|172.19.0.9|:8081... connected.
rm_1        | Length: 138 [application/octet-stream]
kdc_1       | Nov 15 21:47:45 kdc kadmind[15](Notice): Request: kadm5_init, admin/admin@EXAMPLE.COM, success, client=admin/admin@EXAMPLE.COM, service=kadmin/admin@EXAMPLE.COM, addr=127.0.0.1, vers=4, flavor=6
s3g_1       | Saving to: '/etc/security/keytabs/nm.keytab'
kms_1       | --2019-11-15 21:48:05--  http://kdc:8081/keytab/17ca84d0daf3/rm
jhs         | Length: 140 [application/octet-stream]
scm_1       | Keytab name: FILE:/etc/security/keytabs/rm.keytab
om_1        | Keytab name: FILE:/etc/security/keytabs/rm.keytab
nm_1        | Saving to: '/etc/security/keytabs/rm.keytab'
datanode_3  | Length: 158 [application/octet-stream]
datanode_1  | HTTP request sent, awaiting response... 200 OK
datanode_2  | HTTP request sent, awaiting response... 200 OK
rm_1        | Saving to: '/etc/security/keytabs/rm.keytab'
kdc_1       | Nov 15 21:47:45 kdc kadmind[15](Notice): Request: kadm5_get_policy, default, Policy does not exist, client=admin/admin@EXAMPLE.COM, service=kadmin/admin@EXAMPLE.COM, addr=127.0.0.1
s3g_1       | 
kms_1       | Resolving kdc (kdc)... 172.19.0.9
jhs         | Saving to: '/etc/security/keytabs/rm.keytab'
scm_1       | KVNO Timestamp         Principal
om_1        | KVNO Timestamp         Principal
nm_1        | 
datanode_3  | Saving to: '/etc/security/keytabs/rm.keytab'
datanode_1  | Length: 158 [application/octet-stream]
rm_1        | 
s3g_1       |      0K                                                       100% 15.3M=0s
datanode_2  | Length: 158 [application/octet-stream]
kms_1       | Connecting to kdc (kdc)|172.19.0.9|:8081... connected.
jhs         | 
scm_1       | ---- ----------------- --------------------------------------------------------
om_1        | ---- ----------------- --------------------------------------------------------
nm_1        |      0K                                                       100% 19.9M=0s
datanode_3  | 
kdc_1       | Nov 15 21:47:45 kdc kadmind[15](Notice): Request: kadm5_create_principal, HTTP/scm@EXAMPLE.COM, success, client=admin/admin@EXAMPLE.COM, service=kadmin/admin@EXAMPLE.COM, addr=127.0.0.1
datanode_1  | Saving to: '/etc/security/keytabs/rm.keytab'
rm_1        |      0K                                                       100% 21.2M=0s
s3g_1       | 
datanode_2  | Saving to: '/etc/security/keytabs/rm.keytab'
kms_1       | HTTP request sent, awaiting response... 200 OK
jhs         |      0K                                                       100% 15.7M=0s
scm_1       |    2 11/15/19 21:47:56 rm/scm@EXAMPLE.COM
om_1        |    2 11/15/19 21:48:07 rm/om@EXAMPLE.COM
nm_1        | 
datanode_3  |      0K                                                       100% 23.1M=0s
kdc_1       | Nov 15 21:47:45 kdc kadmind[15](info): closing down fd 18
datanode_1  | 
rm_1        | 
s3g_1       | 2019-11-15 21:48:09 (15.3 MB/s) - '/etc/security/keytabs/nm.keytab' saved [140/140]
datanode_2  | 
kms_1       | Length: 158 [application/octet-stream]
jhs         | 
scm_1       |    2 11/15/19 21:47:56 rm/scm@EXAMPLE.COM
om_1        |    2 11/15/19 21:48:07 rm/om@EXAMPLE.COM
nm_1        | 2019-11-15 21:48:07 (19.9 MB/s) - '/etc/security/keytabs/rm.keytab' saved [138/138]
datanode_3  | 
kdc_1       | Nov 15 21:47:45 kdc kadmind[15](Notice): Request: kadm5_init, admin/admin@EXAMPLE.COM, success, client=admin/admin@EXAMPLE.COM, service=kadmin/admin@EXAMPLE.COM, addr=127.0.0.1, vers=4, flavor=6
datanode_1  |      0K                                                       100% 14.3M=0s
rm_1        | 2019-11-15 21:48:07 (21.2 MB/s) - '/etc/security/keytabs/rm.keytab' saved [138/138]
s3g_1       | 
datanode_2  |      0K                                                       100% 10.1M=0s
kms_1       | Saving to: '/etc/security/keytabs/rm.keytab'
jhs         | 2019-11-15 21:48:06 (15.7 MB/s) - '/etc/security/keytabs/rm.keytab' saved [140/140]
scm_1       | Download nm/scm@EXAMPLE.COM keytab file to /etc/security/keytabs/nm.keytab
om_1        | Download nm/om@EXAMPLE.COM keytab file to /etc/security/keytabs/nm.keytab
nm_1        | 
datanode_3  | 2019-11-15 21:48:06 (23.1 MB/s) - '/etc/security/keytabs/rm.keytab' saved [158/158]
kdc_1       | Nov 15 21:47:45 kdc kadmind[15](Notice): Request: kadm5_randkey_principal, HTTP/scm@EXAMPLE.COM, success, client=admin/admin@EXAMPLE.COM, service=kadmin/admin@EXAMPLE.COM, addr=127.0.0.1
datanode_1  | 
rm_1        | 
s3g_1       | Keytab name: FILE:/etc/security/keytabs/nm.keytab
datanode_2  | 
kms_1       | 
jhs         | 
scm_1       | --2019-11-15 21:47:56--  http://kdc:8081/keytab/scm/nm
om_1        | --2019-11-15 21:48:07--  http://kdc:8081/keytab/om/nm
nm_1        | Keytab name: FILE:/etc/security/keytabs/rm.keytab
datanode_3  | 
kdc_1       | Nov 15 21:47:45 kdc kadmind[15](Notice): Request: kadm5_get_principal, HTTP/scm@EXAMPLE.COM, success, client=admin/admin@EXAMPLE.COM, service=kadmin/admin@EXAMPLE.COM, addr=127.0.0.1
datanode_1  | 2019-11-15 21:48:07 (14.3 MB/s) - '/etc/security/keytabs/rm.keytab' saved [158/158]
rm_1        | Keytab name: FILE:/etc/security/keytabs/rm.keytab
s3g_1       | KVNO Timestamp         Principal
datanode_2  | 2019-11-15 21:48:06 (10.1 MB/s) - '/etc/security/keytabs/rm.keytab' saved [158/158]
kms_1       |      0K                                                       100% 16.5M=0s
jhs         | Keytab name: FILE:/etc/security/keytabs/rm.keytab
scm_1       | Resolving kdc (kdc)... 172.19.0.9
om_1        | Resolving kdc (kdc)... 172.19.0.9
nm_1        | KVNO Timestamp         Principal
datanode_3  | Keytab name: FILE:/etc/security/keytabs/rm.keytab
kdc_1       | Nov 15 21:47:45 kdc kadmind[15](info): closing down fd 18
datanode_1  | 
rm_1        | KVNO Timestamp         Principal
s3g_1       | ---- ----------------- --------------------------------------------------------
datanode_2  | 
kms_1       | 
jhs         | KVNO Timestamp         Principal
scm_1       | Connecting to kdc (kdc)|172.19.0.9|:8081... connected.
om_1        | Connecting to kdc (kdc)|172.19.0.9|:8081... connected.
nm_1        | ---- ----------------- --------------------------------------------------------
datanode_3  | KVNO Timestamp         Principal
kdc_1       | Nov 15 21:47:45 kdc kadmind[15](Notice): Request: kadm5_init, admin/admin@EXAMPLE.COM, success, client=admin/admin@EXAMPLE.COM, service=kadmin/admin@EXAMPLE.COM, addr=127.0.0.1, vers=4, flavor=6
datanode_1  | Keytab name: FILE:/etc/security/keytabs/rm.keytab
s3g_1       |    2 11/15/19 21:48:09 nm/s3g@EXAMPLE.COM
rm_1        | ---- ----------------- --------------------------------------------------------
datanode_2  | Keytab name: FILE:/etc/security/keytabs/rm.keytab
kms_1       | 2019-11-15 21:48:07 (16.5 MB/s) - '/etc/security/keytabs/rm.keytab' saved [158/158]
jhs         | ---- ----------------- --------------------------------------------------------
scm_1       | HTTP request sent, awaiting response... 200 OK
om_1        | HTTP request sent, awaiting response... 200 OK
nm_1        |    2 11/15/19 21:48:07 rm/nm@EXAMPLE.COM
kdc_1       | Nov 15 21:47:45 kdc kadmind[15](Notice): Request: kadm5_get_policy, default, Policy does not exist, client=admin/admin@EXAMPLE.COM, service=kadmin/admin@EXAMPLE.COM, addr=127.0.0.1
datanode_1  | KVNO Timestamp         Principal
datanode_3  | ---- ----------------- --------------------------------------------------------
rm_1        |    2 11/15/19 21:48:07 rm/rm@EXAMPLE.COM
datanode_2  | KVNO Timestamp         Principal
kms_1       | 
s3g_1       |    2 11/15/19 21:48:09 nm/s3g@EXAMPLE.COM
jhs         |    2 11/15/19 21:48:06 rm/jhs@EXAMPLE.COM
scm_1       | Length: 140 [application/octet-stream]
om_1        | Length: 138 [application/octet-stream]
nm_1        |    2 11/15/19 21:48:07 rm/nm@EXAMPLE.COM
kdc_1       | Nov 15 21:47:45 kdc kadmind[15](Notice): Request: kadm5_create_principal, testuser/scm@EXAMPLE.COM, success, client=admin/admin@EXAMPLE.COM, service=kadmin/admin@EXAMPLE.COM, addr=127.0.0.1
datanode_1  | ---- ----------------- --------------------------------------------------------
datanode_3  |    2 11/15/19 21:48:06 rm/c7b02ce304d6@EXAMPLE.COM
rm_1        |    2 11/15/19 21:48:07 rm/rm@EXAMPLE.COM
datanode_2  | ---- ----------------- --------------------------------------------------------
kms_1       | Keytab name: FILE:/etc/security/keytabs/rm.keytab
s3g_1       | Download yarn/s3g@EXAMPLE.COM keytab file to /etc/security/keytabs/yarn.keytab
jhs         |    2 11/15/19 21:48:06 rm/jhs@EXAMPLE.COM
scm_1       | Saving to: '/etc/security/keytabs/nm.keytab'
om_1        | Saving to: '/etc/security/keytabs/nm.keytab'
nm_1        | Download nm/nm@EXAMPLE.COM keytab file to /etc/security/keytabs/nm.keytab
kdc_1       | Nov 15 21:47:45 kdc kadmind[15](info): closing down fd 18
datanode_1  |    2 11/15/19 21:48:07 rm/e339a585d90f@EXAMPLE.COM
datanode_3  |    2 11/15/19 21:48:06 rm/c7b02ce304d6@EXAMPLE.COM
rm_1        | Download nm/rm@EXAMPLE.COM keytab file to /etc/security/keytabs/nm.keytab
datanode_2  |    2 11/15/19 21:48:06 rm/723b82de4403@EXAMPLE.COM
kms_1       | KVNO Timestamp         Principal
s3g_1       | --2019-11-15 21:48:09--  http://kdc:8081/keytab/s3g/yarn
jhs         | Download nm/jhs@EXAMPLE.COM keytab file to /etc/security/keytabs/nm.keytab
scm_1       | 
om_1        | 
nm_1        | --2019-11-15 21:48:07--  http://kdc:8081/keytab/nm/nm
kdc_1       | Nov 15 21:47:45 kdc kadmind[15](Notice): Request: kadm5_init, admin/admin@EXAMPLE.COM, success, client=admin/admin@EXAMPLE.COM, service=kadmin/admin@EXAMPLE.COM, addr=127.0.0.1, vers=4, flavor=6
datanode_3  | Download nm/c7b02ce304d6@EXAMPLE.COM keytab file to /etc/security/keytabs/nm.keytab
rm_1        | --2019-11-15 21:48:07--  http://kdc:8081/keytab/rm/nm
datanode_2  |    2 11/15/19 21:48:06 rm/723b82de4403@EXAMPLE.COM
kms_1       | ---- ----------------- --------------------------------------------------------
s3g_1       | Resolving kdc (kdc)... 172.19.0.9
datanode_1  |    2 11/15/19 21:48:07 rm/e339a585d90f@EXAMPLE.COM
jhs         | --2019-11-15 21:48:06--  http://kdc:8081/keytab/jhs/nm
scm_1       |      0K                                                       100% 13.4M=0s
om_1        |      0K                                                       100% 15.3M=0s
nm_1        | Resolving kdc (kdc)... 172.19.0.9
kdc_1       | Nov 15 21:47:45 kdc kadmind[15](Notice): Request: kadm5_randkey_principal, testuser/scm@EXAMPLE.COM, success, client=admin/admin@EXAMPLE.COM, service=kadmin/admin@EXAMPLE.COM, addr=127.0.0.1
datanode_3  | --2019-11-15 21:48:06--  http://kdc:8081/keytab/c7b02ce304d6/nm
rm_1        | Resolving kdc (kdc)... 172.19.0.9
kms_1       |    2 11/15/19 21:48:07 rm/17ca84d0daf3@EXAMPLE.COM
datanode_2  | Download nm/723b82de4403@EXAMPLE.COM keytab file to /etc/security/keytabs/nm.keytab
s3g_1       | Connecting to kdc (kdc)|172.19.0.9|:8081... connected.
datanode_1  | Download nm/e339a585d90f@EXAMPLE.COM keytab file to /etc/security/keytabs/nm.keytab
jhs         | Resolving kdc (kdc)... 172.19.0.9
scm_1       | 
om_1        | 
nm_1        | Connecting to kdc (kdc)|172.19.0.9|:8081... connected.
kdc_1       | Nov 15 21:47:45 kdc kadmind[15](Notice): Request: kadm5_get_principal, testuser/scm@EXAMPLE.COM, success, client=admin/admin@EXAMPLE.COM, service=kadmin/admin@EXAMPLE.COM, addr=127.0.0.1
datanode_3  | Resolving kdc (kdc)... 172.19.0.9
rm_1        | Connecting to kdc (kdc)|172.19.0.9|:8081... connected.
kms_1       |    2 11/15/19 21:48:07 rm/17ca84d0daf3@EXAMPLE.COM
datanode_2  | --2019-11-15 21:48:06--  http://kdc:8081/keytab/723b82de4403/nm
s3g_1       | HTTP request sent, awaiting response... 200 OK
datanode_1  | --2019-11-15 21:48:07--  http://kdc:8081/keytab/e339a585d90f/nm
jhs         | Connecting to kdc (kdc)|172.19.0.9|:8081... connected.
scm_1       | 2019-11-15 21:47:57 (13.4 MB/s) - '/etc/security/keytabs/nm.keytab' saved [140/140]
om_1        | 2019-11-15 21:48:09 (15.3 MB/s) - '/etc/security/keytabs/nm.keytab' saved [138/138]
nm_1        | HTTP request sent, awaiting response... 200 OK
kdc_1       | Nov 15 21:47:45 kdc kadmind[15](info): closing down fd 18
datanode_3  | Connecting to kdc (kdc)|172.19.0.9|:8081... connected.
rm_1        | HTTP request sent, awaiting response... 200 OK
kms_1       | Download nm/17ca84d0daf3@EXAMPLE.COM keytab file to /etc/security/keytabs/nm.keytab
datanode_2  | Resolving kdc (kdc)... 172.19.0.9
datanode_1  | Resolving kdc (kdc)... 172.19.0.9
jhs         | HTTP request sent, awaiting response... 200 OK
scm_1       | 
om_1        | 
nm_1        | Length: 138 [application/octet-stream]
om_1        | Keytab name: FILE:/etc/security/keytabs/nm.keytab
datanode_3  | HTTP request sent, awaiting response... 200 OK
rm_1        | Length: 138 [application/octet-stream]
kms_1       | --2019-11-15 21:48:07--  http://kdc:8081/keytab/17ca84d0daf3/nm
datanode_2  | Connecting to kdc (kdc)|172.19.0.9|:8081... connected.
s3g_1       | Length: 144 [application/octet-stream]
datanode_1  | Connecting to kdc (kdc)|172.19.0.9|:8081... connected.
scm_1       | Keytab name: FILE:/etc/security/keytabs/nm.keytab
kdc_1       | Nov 15 21:47:46 kdc kadmind[15](Notice): Request: kadm5_init, admin/admin@EXAMPLE.COM, success, client=admin/admin@EXAMPLE.COM, service=kadmin/admin@EXAMPLE.COM, addr=127.0.0.1, vers=4, flavor=6
nm_1        | Saving to: '/etc/security/keytabs/nm.keytab'
jhs         | Length: 140 [application/octet-stream]
om_1        | KVNO Timestamp         Principal
datanode_3  | Length: 158 [application/octet-stream]
rm_1        | Saving to: '/etc/security/keytabs/nm.keytab'
kms_1       | Resolving kdc (kdc)... 172.19.0.9
datanode_2  | HTTP request sent, awaiting response... 200 OK
s3g_1       | Saving to: '/etc/security/keytabs/yarn.keytab'
datanode_1  | HTTP request sent, awaiting response... 200 OK
scm_1       | KVNO Timestamp         Principal
kdc_1       | Nov 15 21:47:46 kdc kadmind[15](Notice): Request: kadm5_get_policy, default, Policy does not exist, client=admin/admin@EXAMPLE.COM, service=kadmin/admin@EXAMPLE.COM, addr=127.0.0.1
nm_1        | 
om_1        | ---- ----------------- --------------------------------------------------------
jhs         | Saving to: '/etc/security/keytabs/nm.keytab'
datanode_3  | Saving to: '/etc/security/keytabs/nm.keytab'
rm_1        | 
datanode_2  | Length: 158 [application/octet-stream]
kms_1       | Connecting to kdc (kdc)|172.19.0.9|:8081... connected.
s3g_1       | 
datanode_1  | Length: 158 [application/octet-stream]
scm_1       | ---- ----------------- --------------------------------------------------------
