datanode_2  | 2019-11-12 15:45:43,792 INFO segmented.SegmentedRaftLogWorker: 29a24a54-71a5-43da-883d-a79a354b2175@group-605B57D41035-SegmentedRaftLogWorker: flushIndex: setUnconditionally 0 -> -1
datanode_3  | 2019-11-12 15:45:43,754 WARN impl.MetricRegistriesImpl: First MetricRegistry has been created without registering reporters. You may need to call MetricRegistries.global().addReportRegistration(...) before.
rm_1        | Nov 12, 2019 3:45:35 PM com.sun.jersey.guice.spi.container.GuiceComponentProviderFactory getComponentProvider
nm_1        | 2019-11-12 15:47:04 INFO  NMAuditLogger:89 - USER=hadoop	IP=172.18.0.4	OPERATION=Start Container Request	TARGET=ContainerManageImpl	RESULT=SUCCESS	APPID=application_1573573533939_0001	CONTAINERID=container_1573573533939_0001_01_000002
datanode_1  | 2019-11-12 15:45:43,756 INFO server.RaftServerConfigKeys: raft.server.log.statemachine.data.caching.enabled = true (custom)
datanode_2  | 2019-11-12 15:45:43,793 INFO server.RaftServerConfigKeys: raft.server.snapshot.auto.trigger.enabled = true (custom)
datanode_3  | 2019-11-12 15:45:43,754 WARN impl.MetricRegistriesImpl: First MetricRegistry has been created without registering reporters. You may need to call MetricRegistries.global().addReportRegistration(...) before.
rm_1        | INFO: Binding org.apache.hadoop.yarn.webapp.GenericExceptionHandler to GuiceManagedComponentProvider with the scope "Singleton"
nm_1        | 2019-11-12 15:47:04 INFO  ContainerImpl:1135 - Container container_1573573533939_0001_01_000002 transitioned from NEW to LOCALIZING
datanode_1  | 2019-11-12 15:45:43,757 INFO segmented.SegmentedRaftLogWorker: 2f154576-2081-4915-9249-695ab4ea8fd3@group-605B57D41035-SegmentedRaftLogWorker: flushIndex: setUnconditionally 0 -> -1
datanode_3  | 2019-11-12 15:45:43,754 INFO impl.RaftServerImpl: 2e0b9e7b-0d6e-4c4b-8f61-d0fc0e78ed1d@group-605B57D41035: start as a follower, conf=-1: [2e0b9e7b-0d6e-4c4b-8f61-d0fc0e78ed1d:172.18.0.7:9858, 2f154576-2081-4915-9249-695ab4ea8fd3:172.18.0.6:9858, 29a24a54-71a5-43da-883d-a79a354b2175:172.18.0.8:9858], old=null
datanode_2  | 2019-11-12 15:45:43,793 INFO server.RaftServerConfigKeys: raft.server.snapshot.auto.trigger.threshold = 10000 (custom)
rm_1        | Nov 12, 2019 3:45:36 PM com.sun.jersey.guice.spi.container.GuiceComponentProviderFactory getComponentProvider
nm_1        | 2019-11-12 15:47:04 INFO  AuxServices:196 - Got event CONTAINER_INIT for appId application_1573573533939_0001
datanode_1  | 2019-11-12 15:45:43,757 INFO server.RaftServerConfigKeys: raft.server.snapshot.auto.trigger.enabled = true (custom)
datanode_3  | 2019-11-12 15:45:43,754 INFO impl.RaftServerImpl: 2e0b9e7b-0d6e-4c4b-8f61-d0fc0e78ed1d@group-605B57D41035: changes role from      null to FOLLOWER at term 0 for startAsFollower
datanode_2  | 2019-11-12 15:45:43,793 INFO server.RaftServerConfigKeys: raft.server.snapshot.retention.file.num = 5 (custom)
nm_1        | 2019-11-12 15:47:04 INFO  AuxServices:196 - Got event APPLICATION_INIT for appId application_1573573533939_0001
rm_1        | INFO: Binding org.apache.hadoop.yarn.server.resourcemanager.webapp.RMWebServices to GuiceManagedComponentProvider with the scope "Singleton"
datanode_1  | 2019-11-12 15:45:43,757 INFO server.RaftServerConfigKeys: raft.server.snapshot.auto.trigger.threshold = 10000 (custom)
datanode_3  | 2019-11-12 15:45:43,754 INFO impl.RoleInfo: 2e0b9e7b-0d6e-4c4b-8f61-d0fc0e78ed1d: start FollowerState
datanode_2  | 2019-11-12 15:45:43,793 INFO server.RaftServerConfigKeys: raft.server.retrycache.expirytime = 600000ms (custom)
nm_1        | 2019-11-12 15:47:04 INFO  AuxServices:200 - Got APPLICATION_INIT for service mapreduce_shuffle
rm_1        | 2019-11-12 15:45:36 INFO  log:67 - Started HttpServer2$SelectChannelConnectorWithSafeStartup@rm:8088
datanode_3  | 2019-11-12 15:45:43,755 INFO util.JmxRegister: Successfully registered JMX Bean with object name Ratis:service=RaftServer,group=group-605B57D41035,id=2e0b9e7b-0d6e-4c4b-8f61-d0fc0e78ed1d
datanode_1  | 2019-11-12 15:45:43,758 INFO server.RaftServerConfigKeys: raft.server.snapshot.retention.file.num = 5 (custom)
datanode_2  | 2019-11-12 15:45:43,794 WARN impl.MetricRegistriesImpl: First MetricRegistry has been created without registering reporters. You may need to call MetricRegistries.global().addReportRegistration(...) before.
nm_1        | 2019-11-12 15:47:04 INFO  ShuffleHandler:677 - Added token for job_1573573533939_0001
rm_1        | 2019-11-12 15:45:36 INFO  WebApps:307 - Web app cluster started at 8088
datanode_3  | 2019-11-12 15:45:43,755 WARN impl.MetricRegistriesImpl: First MetricRegistry has been created without registering reporters. You may need to call MetricRegistries.global().addReportRegistration(...) before.
datanode_1  | 2019-11-12 15:45:43,758 INFO server.RaftServerConfigKeys: raft.server.retrycache.expirytime = 600000ms (custom)
datanode_2  | 2019-11-12 15:45:43,794 WARN impl.MetricRegistriesImpl: First MetricRegistry has been created without registering reporters. You may need to call MetricRegistries.global().addReportRegistration(...) before.
nm_1        | 2019-11-12 15:47:04 INFO  ContainerImpl:1135 - Container container_1573573533939_0001_01_000002 transitioned from LOCALIZING to LOCALIZED
rm_1        | 2019-11-12 15:45:36 INFO  CallQueueManager:57 - Using callQueue: class java.util.concurrent.LinkedBlockingQueue queueCapacity: 100
datanode_3  | 2019-11-12 15:45:47,512 INFO impl.FollowerState: 2e0b9e7b-0d6e-4c4b-8f61-d0fc0e78ed1d@group-297EC5516200-FollowerState: change to CANDIDATE, lastRpcTime:5008ms, electionTimeout:5007ms
datanode_1  | 2019-11-12 15:45:43,758 WARN impl.MetricRegistriesImpl: First MetricRegistry has been created without registering reporters. You may need to call MetricRegistries.global().addReportRegistration(...) before.
datanode_2  | 2019-11-12 15:45:43,794 INFO impl.RaftServerImpl: 29a24a54-71a5-43da-883d-a79a354b2175@group-605B57D41035: start as a follower, conf=-1: [2e0b9e7b-0d6e-4c4b-8f61-d0fc0e78ed1d:172.18.0.7:9858, 2f154576-2081-4915-9249-695ab4ea8fd3:172.18.0.6:9858, 29a24a54-71a5-43da-883d-a79a354b2175:172.18.0.8:9858], old=null
nm_1        | 2019-11-12 15:47:04 INFO  ContainerImpl:1135 - Container container_1573573533939_0001_01_000002 transitioned from LOCALIZED to RUNNING
rm_1        | 2019-11-12 15:45:36 INFO  Server:722 - Starting Socket Reader #1 for port 8033
datanode_3  | 2019-11-12 15:45:47,513 INFO impl.RoleInfo: 2e0b9e7b-0d6e-4c4b-8f61-d0fc0e78ed1d: shutdown FollowerState
datanode_1  | 2019-11-12 15:45:43,758 WARN impl.MetricRegistriesImpl: First MetricRegistry has been created without registering reporters. You may need to call MetricRegistries.global().addReportRegistration(...) before.
datanode_2  | 2019-11-12 15:45:43,794 INFO impl.RaftServerImpl: 29a24a54-71a5-43da-883d-a79a354b2175@group-605B57D41035: changes role from      null to FOLLOWER at term 0 for startAsFollower
nm_1        | 2019-11-12 15:47:04 INFO  ContainersMonitorImpl:196 - Neither virutal-memory nor physical-memory monitoring is needed. Not running the monitor-thread
datanode_3  | 2019-11-12 15:45:47,514 INFO impl.RaftServerImpl: 2e0b9e7b-0d6e-4c4b-8f61-d0fc0e78ed1d@group-297EC5516200: changes role from  FOLLOWER to CANDIDATE at term 0 for changeToCandidate
datanode_1  | 2019-11-12 15:45:43,758 INFO impl.RaftServerImpl: 2f154576-2081-4915-9249-695ab4ea8fd3@group-605B57D41035: start as a follower, conf=-1: [2e0b9e7b-0d6e-4c4b-8f61-d0fc0e78ed1d:172.18.0.7:9858, 2f154576-2081-4915-9249-695ab4ea8fd3:172.18.0.6:9858, 29a24a54-71a5-43da-883d-a79a354b2175:172.18.0.8:9858], old=null
datanode_2  | 2019-11-12 15:45:43,794 INFO impl.RoleInfo: 29a24a54-71a5-43da-883d-a79a354b2175: start FollowerState
rm_1        | 2019-11-12 15:45:36 INFO  RpcServerFactoryPBImpl:174 - Adding protocol org.apache.hadoop.yarn.server.api.ResourceManagerAdministrationProtocolPB to the server
nm_1        | 2019-11-12 15:47:04 INFO  DefaultContainerExecutor:268 - launchContainer: [bash, /tmp/hadoop-hadoop/nm-local-dir/usercache/hadoop/appcache/application_1573573533939_0001/container_1573573533939_0001_01_000002/default_container_executor.sh]
datanode_3  | 2019-11-12 15:45:47,518 INFO impl.RoleInfo: 2e0b9e7b-0d6e-4c4b-8f61-d0fc0e78ed1d: start LeaderElection
datanode_1  | 2019-11-12 15:45:43,758 INFO impl.RaftServerImpl: 2f154576-2081-4915-9249-695ab4ea8fd3@group-605B57D41035: changes role from      null to FOLLOWER at term 0 for startAsFollower
datanode_2  | 2019-11-12 15:45:43,795 INFO util.JmxRegister: Successfully registered JMX Bean with object name Ratis:service=RaftServer,group=group-605B57D41035,id=29a24a54-71a5-43da-883d-a79a354b2175
nm_1        | 2019-11-12 15:47:09 INFO  Server:1454 - Auth successful for appattempt_1573573533939_0001_000001 (auth:SIMPLE)
datanode_3  | 2019-11-12 15:45:47,528 INFO impl.LeaderElection: 2e0b9e7b-0d6e-4c4b-8f61-d0fc0e78ed1d@group-297EC5516200-LeaderElection1: begin an election at term 1 for -1: [2e0b9e7b-0d6e-4c4b-8f61-d0fc0e78ed1d:172.18.0.7:9858], old=null
datanode_1  | 2019-11-12 15:45:43,759 INFO impl.RoleInfo: 2f154576-2081-4915-9249-695ab4ea8fd3: start FollowerState
rm_1        | 2019-11-12 15:45:36 INFO  Server:962 - IPC Server Responder: starting
nm_1        | 2019-11-12 15:47:09 INFO  ContainerManagerImpl:960 - Stopping container with container Id: container_1573573533939_0001_01_000002
datanode_3  | 2019-11-12 15:45:47,529 INFO impl.RoleInfo: 2e0b9e7b-0d6e-4c4b-8f61-d0fc0e78ed1d: shutdown LeaderElection
datanode_1  | 2019-11-12 15:45:43,759 INFO util.JmxRegister: Successfully registered JMX Bean with object name Ratis:service=RaftServer,group=group-605B57D41035,id=2f154576-2081-4915-9249-695ab4ea8fd3
datanode_2  | 2019-11-12 15:45:43,795 WARN impl.MetricRegistriesImpl: First MetricRegistry has been created without registering reporters. You may need to call MetricRegistries.global().addReportRegistration(...) before.
rm_1        | 2019-11-12 15:45:36 INFO  Server:801 - IPC Server listener on 8033: starting
datanode_3  | 2019-11-12 15:45:47,529 INFO impl.RaftServerImpl: 2e0b9e7b-0d6e-4c4b-8f61-d0fc0e78ed1d@group-297EC5516200: changes role from CANDIDATE to LEADER at term 1 for changeToLeader
nm_1        | 2019-11-12 15:47:09 INFO  NMAuditLogger:89 - USER=hadoop	IP=172.18.0.4	OPERATION=Stop Container Request	TARGET=ContainerManageImpl	RESULT=SUCCESS	APPID=application_1573573533939_0001	CONTAINERID=container_1573573533939_0001_01_000002
datanode_1  | 2019-11-12 15:45:43,759 WARN impl.MetricRegistriesImpl: First MetricRegistry has been created without registering reporters. You may need to call MetricRegistries.global().addReportRegistration(...) before.
datanode_2  | 2019-11-12 15:45:48,100 INFO impl.FollowerState: 29a24a54-71a5-43da-883d-a79a354b2175@group-5FC70841114D-FollowerState: change to CANDIDATE, lastRpcTime:5000ms, electionTimeout:5000ms
rm_1        | 2019-11-12 15:45:38 INFO  RackResolver:109 - Resolved nm to /default-rack
datanode_3  | 2019-11-12 15:45:47,529 INFO impl.RaftServerImpl: 2e0b9e7b-0d6e-4c4b-8f61-d0fc0e78ed1d@group-297EC5516200: change Leader from null to 2e0b9e7b-0d6e-4c4b-8f61-d0fc0e78ed1d at term 1 for becomeLeader, leader elected after 5097ms
nm_1        | 2019-11-12 15:47:09 INFO  ContainerImpl:1135 - Container container_1573573533939_0001_01_000002 transitioned from RUNNING to KILLING
datanode_1  | 2019-11-12 15:45:48,712 INFO impl.FollowerState: 2f154576-2081-4915-9249-695ab4ea8fd3@group-95809481071A-FollowerState: change to CANDIDATE, lastRpcTime:5125ms, electionTimeout:5124ms
datanode_2  | 2019-11-12 15:45:48,104 INFO impl.RoleInfo: 29a24a54-71a5-43da-883d-a79a354b2175: shutdown FollowerState
datanode_3  | 2019-11-12 15:45:47,533 INFO server.RaftServerConfigKeys: raft.server.staging.catchup.gap = 1000 (default)
rm_1        | 2019-11-12 15:45:38 INFO  ResourceTrackerService:345 - NodeManager from node nm(cmPort: 39078 httpPort: 8042) registered with capability: <memory:8192, vCores:8>, assigned nodeId nm:39078
nm_1        | 2019-11-12 15:47:09 INFO  ContainerLaunch:370 - Cleaning up container container_1573573533939_0001_01_000002
datanode_1  | 2019-11-12 15:45:48,714 INFO impl.RoleInfo: 2f154576-2081-4915-9249-695ab4ea8fd3: shutdown FollowerState
datanode_2  | 2019-11-12 15:45:48,105 INFO impl.RaftServerImpl: 29a24a54-71a5-43da-883d-a79a354b2175@group-5FC70841114D: changes role from  FOLLOWER to CANDIDATE at term 0 for changeToCandidate
datanode_3  | 2019-11-12 15:45:47,533 INFO server.RaftServerConfigKeys: raft.server.rpc.sleep.time = 25ms (default)
rm_1        | 2019-11-12 15:45:38 INFO  RMNodeImpl:441 - nm:39078 Node Transitioned from NEW to RUNNING
nm_1        | 2019-11-12 15:47:09 WARN  DefaultContainerExecutor:224 - Exit code from container container_1573573533939_0001_01_000002 is : 143
datanode_2  | 2019-11-12 15:45:48,110 INFO impl.RoleInfo: 29a24a54-71a5-43da-883d-a79a354b2175: start LeaderElection
datanode_3  | 2019-11-12 15:45:47,536 INFO server.RaftServerConfigKeys: raft.server.write.element-limit = 4096 (default)
rm_1        | 2019-11-12 15:45:38 INFO  CapacityScheduler:1353 - Added node nm:39078 clusterResource: <memory:8192, vCores:8>
datanode_1  | 2019-11-12 15:45:48,715 INFO impl.RaftServerImpl: 2f154576-2081-4915-9249-695ab4ea8fd3@group-95809481071A: changes role from  FOLLOWER to CANDIDATE at term 0 for changeToCandidate
nm_1        | 2019-11-12 15:47:09 INFO  ContainerImpl:1135 - Container container_1573573533939_0001_01_000002 transitioned from KILLING to CONTAINER_CLEANEDUP_AFTER_KILL
datanode_2  | 2019-11-12 15:45:48,136 INFO impl.LeaderElection: 29a24a54-71a5-43da-883d-a79a354b2175@group-5FC70841114D-LeaderElection1: begin an election at term 1 for -1: [29a24a54-71a5-43da-883d-a79a354b2175:172.18.0.8:9858], old=null
rm_1        | 2019-11-12 15:46:40 INFO  ClientRMService:289 - Allocated new applicationId: 1
datanode_1  | 2019-11-12 15:45:48,720 INFO impl.RoleInfo: 2f154576-2081-4915-9249-695ab4ea8fd3: start LeaderElection
datanode_2  | 2019-11-12 15:45:48,137 INFO impl.RoleInfo: 29a24a54-71a5-43da-883d-a79a354b2175: shutdown LeaderElection
nm_1        | 2019-11-12 15:47:09 INFO  NMAuditLogger:89 - USER=hadoop	OPERATION=Container Finished - Killed	TARGET=ContainerImpl	RESULT=SUCCESS	APPID=application_1573573533939_0001	CONTAINERID=container_1573573533939_0001_01_000002
datanode_3  | 2019-11-12 15:45:47,542 INFO server.RaftServerConfigKeys: raft.server.watch.timeout = 10s (default)
datanode_1  | 2019-11-12 15:45:48,730 INFO impl.LeaderElection: 2f154576-2081-4915-9249-695ab4ea8fd3@group-95809481071A-LeaderElection1: begin an election at term 1 for -1: [2f154576-2081-4915-9249-695ab4ea8fd3:172.18.0.6:9858], old=null
rm_1        | 2019-11-12 15:46:45 INFO  ClientRMService:583 - Application with id 1 submitted by user hadoop
datanode_2  | 2019-11-12 15:45:48,138 INFO impl.RaftServerImpl: 29a24a54-71a5-43da-883d-a79a354b2175@group-5FC70841114D: changes role from CANDIDATE to LEADER at term 1 for changeToLeader
nm_1        | 2019-11-12 15:47:09 INFO  ContainerImpl:1135 - Container container_1573573533939_0001_01_000002 transitioned from CONTAINER_CLEANEDUP_AFTER_KILL to DONE
datanode_3  | 2019-11-12 15:45:47,542 INFO server.RaftServerConfigKeys: raft.server.watch.timeout.denomination = 1s (default)
datanode_1  | 2019-11-12 15:45:48,732 INFO impl.RoleInfo: 2f154576-2081-4915-9249-695ab4ea8fd3: shutdown LeaderElection
rm_1        | 2019-11-12 15:46:45 INFO  RMAppImpl:977 - Storing application with id application_1573573533939_0001
nm_1        | 2019-11-12 15:47:09 INFO  ApplicationImpl:347 - Removing container_1573573533939_0001_01_000002 from application application_1573573533939_0001
datanode_2  | 2019-11-12 15:45:48,138 INFO impl.RaftServerImpl: 29a24a54-71a5-43da-883d-a79a354b2175@group-5FC70841114D: change Leader from null to 29a24a54-71a5-43da-883d-a79a354b2175 at term 1 for becomeLeader, leader elected after 5101ms
datanode_3  | 2019-11-12 15:45:47,543 INFO server.RaftServerConfigKeys: raft.server.watch.element-limit = 65536 (default)
datanode_1  | 2019-11-12 15:45:48,733 INFO impl.RaftServerImpl: 2f154576-2081-4915-9249-695ab4ea8fd3@group-95809481071A: changes role from CANDIDATE to LEADER at term 1 for changeToLeader
rm_1        | 2019-11-12 15:46:45 INFO  RMAuditLogger:158 - USER=hadoop	IP=172.18.0.2	OPERATION=Submit Application Request	TARGET=ClientRMService	RESULT=SUCCESS	APPID=application_1573573533939_0001
nm_1        | 2019-11-12 15:47:09 INFO  ContainersMonitorImpl:196 - Neither virutal-memory nor physical-memory monitoring is needed. Not running the monitor-thread
datanode_2  | 2019-11-12 15:45:48,142 INFO server.RaftServerConfigKeys: raft.server.staging.catchup.gap = 1000 (default)
datanode_1  | 2019-11-12 15:45:48,733 INFO impl.RaftServerImpl: 2f154576-2081-4915-9249-695ab4ea8fd3@group-95809481071A: change Leader from null to 2f154576-2081-4915-9249-695ab4ea8fd3 at term 1 for becomeLeader, leader elected after 5225ms
rm_1        | 2019-11-12 15:46:45 INFO  RMAppImpl:718 - application_1573573533939_0001 State change from NEW to NEW_SAVING on event=START
nm_1        | 2019-11-12 15:47:09 INFO  AuxServices:196 - Got event CONTAINER_STOP for appId application_1573573533939_0001
datanode_3  | 2019-11-12 15:45:47,553 INFO impl.RoleInfo: 2e0b9e7b-0d6e-4c4b-8f61-d0fc0e78ed1d: start LeaderState
datanode_2  | 2019-11-12 15:45:48,142 INFO server.RaftServerConfigKeys: raft.server.rpc.sleep.time = 25ms (default)
datanode_1  | 2019-11-12 15:45:48,739 INFO server.RaftServerConfigKeys: raft.server.staging.catchup.gap = 1000 (default)
rm_1        | 2019-11-12 15:46:45 INFO  RMStateStore:194 - Storing info for app: application_1573573533939_0001
nm_1        | 2019-11-12 15:47:10 INFO  Server:1454 - Auth successful for appattempt_1573573533939_0001_000001 (auth:SIMPLE)
datanode_3  | 2019-11-12 15:45:47,571 INFO segmented.SegmentedRaftLogWorker: 2e0b9e7b-0d6e-4c4b-8f61-d0fc0e78ed1d@group-297EC5516200-SegmentedRaftLogWorker: Starting segment from index:0
datanode_2  | 2019-11-12 15:45:48,145 INFO server.RaftServerConfigKeys: raft.server.write.element-limit = 4096 (default)
datanode_1  | 2019-11-12 15:45:48,739 INFO server.RaftServerConfigKeys: raft.server.rpc.sleep.time = 25ms (default)
nm_1        | 2019-11-12 15:47:10 INFO  ContainerManagerImpl:810 - Start request for container_1573573533939_0001_01_000003 by user hadoop
datanode_3  | 2019-11-12 15:45:47,582 INFO impl.RaftServerImpl: 2e0b9e7b-0d6e-4c4b-8f61-d0fc0e78ed1d@group-297EC5516200: set configuration 0: [2e0b9e7b-0d6e-4c4b-8f61-d0fc0e78ed1d:172.18.0.7:9858], old=null at 0
rm_1        | 2019-11-12 15:46:45 INFO  RMAppImpl:718 - application_1573573533939_0001 State change from NEW_SAVING to SUBMITTED on event=APP_NEW_SAVED
datanode_2  | 2019-11-12 15:45:48,150 INFO server.RaftServerConfigKeys: raft.server.watch.timeout = 10s (default)
datanode_1  | 2019-11-12 15:45:48,744 INFO server.RaftServerConfigKeys: raft.server.write.element-limit = 4096 (default)
nm_1        | 2019-11-12 15:47:10 INFO  NMAuditLogger:89 - USER=hadoop	IP=172.18.0.4	OPERATION=Start Container Request	TARGET=ContainerManageImpl	RESULT=SUCCESS	APPID=application_1573573533939_0001	CONTAINERID=container_1573573533939_0001_01_000003
datanode_3  | 2019-11-12 15:45:47,700 INFO segmented.SegmentedRaftLogWorker: 2e0b9e7b-0d6e-4c4b-8f61-d0fc0e78ed1d@group-297EC5516200-SegmentedRaftLogWorker: created new log segment /data/metadata/ratis/89262488-a98c-4860-90fb-297ec5516200/current/log_inprogress_0
rm_1        | 2019-11-12 15:46:45 INFO  ParentQueue:345 - Application added - appId: application_1573573533939_0001 user: hadoop leaf-queue of parent: root #applications: 1
datanode_2  | 2019-11-12 15:45:48,150 INFO server.RaftServerConfigKeys: raft.server.watch.timeout.denomination = 1s (default)
datanode_1  | 2019-11-12 15:45:48,750 INFO server.RaftServerConfigKeys: raft.server.watch.timeout = 10s (default)
nm_1        | 2019-11-12 15:47:10 INFO  ApplicationImpl:304 - Adding container_1573573533939_0001_01_000003 to application application_1573573533939_0001
datanode_3  | 2019-11-12 15:45:48,800 INFO impl.FollowerState: 2e0b9e7b-0d6e-4c4b-8f61-d0fc0e78ed1d@group-605B57D41035-FollowerState: change to CANDIDATE, lastRpcTime:5045ms, electionTimeout:5045ms
rm_1        | 2019-11-12 15:46:45 INFO  CapacityScheduler:814 - Accepted application application_1573573533939_0001 from user: hadoop, in queue: default
datanode_2  | 2019-11-12 15:45:48,150 INFO server.RaftServerConfigKeys: raft.server.watch.element-limit = 65536 (default)
datanode_1  | 2019-11-12 15:45:48,750 INFO server.RaftServerConfigKeys: raft.server.watch.timeout.denomination = 1s (default)
nm_1        | 2019-11-12 15:47:10 INFO  ContainerImpl:1135 - Container container_1573573533939_0001_01_000003 transitioned from NEW to LOCALIZING
datanode_3  | 2019-11-12 15:45:48,801 INFO impl.RoleInfo: 2e0b9e7b-0d6e-4c4b-8f61-d0fc0e78ed1d: shutdown FollowerState
rm_1        | 2019-11-12 15:46:45 INFO  RMAppImpl:718 - application_1573573533939_0001 State change from SUBMITTED to ACCEPTED on event=APP_ACCEPTED
datanode_1  | 2019-11-12 15:45:48,751 INFO server.RaftServerConfigKeys: raft.server.watch.element-limit = 65536 (default)
nm_1        | 2019-11-12 15:47:10 INFO  AuxServices:196 - Got event CONTAINER_INIT for appId application_1573573533939_0001
datanode_3  | 2019-11-12 15:45:48,801 INFO impl.RaftServerImpl: 2e0b9e7b-0d6e-4c4b-8f61-d0fc0e78ed1d@group-605B57D41035: changes role from  FOLLOWER to CANDIDATE at term 0 for changeToCandidate
datanode_2  | 2019-11-12 15:45:48,157 INFO impl.RoleInfo: 29a24a54-71a5-43da-883d-a79a354b2175: start LeaderState
rm_1        | 2019-11-12 15:46:45 INFO  ApplicationMasterService:678 - Registering app attempt : appattempt_1573573533939_0001_000001
datanode_1  | 2019-11-12 15:45:48,760 INFO impl.RoleInfo: 2f154576-2081-4915-9249-695ab4ea8fd3: start LeaderState
nm_1        | 2019-11-12 15:47:10 INFO  AuxServices:196 - Got event APPLICATION_INIT for appId application_1573573533939_0001
datanode_3  | 2019-11-12 15:45:48,801 INFO impl.RoleInfo: 2e0b9e7b-0d6e-4c4b-8f61-d0fc0e78ed1d: start LeaderElection
datanode_2  | 2019-11-12 15:45:48,173 INFO segmented.SegmentedRaftLogWorker: 29a24a54-71a5-43da-883d-a79a354b2175@group-5FC70841114D-SegmentedRaftLogWorker: Starting segment from index:0
datanode_1  | 2019-11-12 15:45:48,783 INFO segmented.SegmentedRaftLogWorker: 2f154576-2081-4915-9249-695ab4ea8fd3@group-95809481071A-SegmentedRaftLogWorker: Starting segment from index:0
nm_1        | 2019-11-12 15:47:10 INFO  AuxServices:200 - Got APPLICATION_INIT for service mapreduce_shuffle
datanode_2  | 2019-11-12 15:45:48,182 INFO impl.RaftServerImpl: 29a24a54-71a5-43da-883d-a79a354b2175@group-5FC70841114D: set configuration 0: [29a24a54-71a5-43da-883d-a79a354b2175:172.18.0.8:9858], old=null at 0
rm_1        | 2019-11-12 15:46:45 INFO  RMAppAttemptImpl:815 - appattempt_1573573533939_0001_000001 State change from NEW to SUBMITTED
datanode_1  | 2019-11-12 15:45:48,797 INFO impl.RaftServerImpl: 2f154576-2081-4915-9249-695ab4ea8fd3@group-95809481071A: set configuration 0: [2f154576-2081-4915-9249-695ab4ea8fd3:172.18.0.6:9858], old=null at 0
datanode_3  | 2019-11-12 15:45:48,816 INFO impl.LeaderElection: 2e0b9e7b-0d6e-4c4b-8f61-d0fc0e78ed1d@group-605B57D41035-LeaderElection2: begin an election at term 1 for -1: [2e0b9e7b-0d6e-4c4b-8f61-d0fc0e78ed1d:172.18.0.7:9858, 2f154576-2081-4915-9249-695ab4ea8fd3:172.18.0.6:9858, 29a24a54-71a5-43da-883d-a79a354b2175:172.18.0.8:9858], old=null
nm_1        | 2019-11-12 15:47:10 INFO  ShuffleHandler:677 - Added token for job_1573573533939_0001
datanode_2  | 2019-11-12 15:45:48,285 INFO segmented.SegmentedRaftLogWorker: 29a24a54-71a5-43da-883d-a79a354b2175@group-5FC70841114D-SegmentedRaftLogWorker: created new log segment /data/metadata/ratis/73b29ea7-453c-42d1-a112-5fc70841114d/current/log_inprogress_0
rm_1        | 2019-11-12 15:46:45 WARN  LeafQueue:632 - maximum-am-resource-percent is insufficient to start a single application in queue, it is likely set too low. skipping enforcement to allow at least one application to start
datanode_1  | 2019-11-12 15:45:48,903 INFO impl.FollowerState: 2f154576-2081-4915-9249-695ab4ea8fd3@group-605B57D41035-FollowerState: change to CANDIDATE, lastRpcTime:5144ms, electionTimeout:5144ms
datanode_3  | 2019-11-12 15:45:48,997 INFO impl.LeaderElection: 2e0b9e7b-0d6e-4c4b-8f61-d0fc0e78ed1d@group-605B57D41035-LeaderElection2: Election REJECTED; received 2 response(s) [2e0b9e7b-0d6e-4c4b-8f61-d0fc0e78ed1d<-2f154576-2081-4915-9249-695ab4ea8fd3#0:FAIL-t1, 2e0b9e7b-0d6e-4c4b-8f61-d0fc0e78ed1d<-29a24a54-71a5-43da-883d-a79a354b2175#0:FAIL-t1] and 0 exception(s); 2e0b9e7b-0d6e-4c4b-8f61-d0fc0e78ed1d@group-605B57D41035:t1, leader=null, voted=2e0b9e7b-0d6e-4c4b-8f61-d0fc0e78ed1d, raftlog=2e0b9e7b-0d6e-4c4b-8f61-d0fc0e78ed1d@group-605B57D41035-SegmentedRaftLog:OPENED:c-1,f-1,i0, conf=-1: [2e0b9e7b-0d6e-4c4b-8f61-d0fc0e78ed1d:172.18.0.7:9858, 2f154576-2081-4915-9249-695ab4ea8fd3:172.18.0.6:9858, 29a24a54-71a5-43da-883d-a79a354b2175:172.18.0.8:9858], old=null
nm_1        | 2019-11-12 15:47:10 INFO  ContainerImpl:1135 - Container container_1573573533939_0001_01_000003 transitioned from LOCALIZING to LOCALIZED
datanode_2  | 2019-11-12 15:45:48,873 INFO impl.FollowerState: 29a24a54-71a5-43da-883d-a79a354b2175@group-605B57D41035-FollowerState: change to CANDIDATE, lastRpcTime:5078ms, electionTimeout:5078ms
rm_1        | 2019-11-12 15:46:45 WARN  LeafQueue:653 - maximum-am-resource-percent is insufficient to start a single application in queue for user, it is likely set too low. skipping enforcement to allow at least one application to start
datanode_1  | 2019-11-12 15:45:48,908 INFO impl.RoleInfo: 2f154576-2081-4915-9249-695ab4ea8fd3: shutdown FollowerState
datanode_2  | 2019-11-12 15:45:48,873 INFO impl.RoleInfo: 29a24a54-71a5-43da-883d-a79a354b2175: shutdown FollowerState
nm_1        | 2019-11-12 15:47:10 INFO  ContainerImpl:1135 - Container container_1573573533939_0001_01_000003 transitioned from LOCALIZED to RUNNING
datanode_3  | 2019-11-12 15:45:48,998 INFO impl.RaftServerImpl: 2e0b9e7b-0d6e-4c4b-8f61-d0fc0e78ed1d@group-605B57D41035: changes role from CANDIDATE to FOLLOWER at term 1 for DISCOVERED_A_NEW_TERM
rm_1        | 2019-11-12 15:46:45 INFO  LeafQueue:667 - Application application_1573573533939_0001 from user: hadoop activated in queue: default
datanode_1  | 2019-11-12 15:45:48,908 INFO impl.RaftServerImpl: 2f154576-2081-4915-9249-695ab4ea8fd3@group-605B57D41035: changes role from  FOLLOWER to CANDIDATE at term 0 for changeToCandidate
datanode_2  | 2019-11-12 15:45:48,874 INFO impl.RaftServerImpl: 29a24a54-71a5-43da-883d-a79a354b2175@group-605B57D41035: changes role from  FOLLOWER to CANDIDATE at term 0 for changeToCandidate
nm_1        | 2019-11-12 15:47:10 INFO  ContainersMonitorImpl:196 - Neither virutal-memory nor physical-memory monitoring is needed. Not running the monitor-thread
rm_1        | 2019-11-12 15:46:45 INFO  LeafQueue:683 - Application added - appId: application_1573573533939_0001 user: org.apache.hadoop.yarn.server.resourcemanager.scheduler.capacity.LeafQueue$User@241c118a, leaf-queue: default #user-pending-applications: 0 #user-active-applications: 1 #queue-pending-applications: 0 #queue-active-applications: 1
datanode_3  | 2019-11-12 15:45:48,998 INFO impl.RoleInfo: 2e0b9e7b-0d6e-4c4b-8f61-d0fc0e78ed1d: shutdown LeaderElection
datanode_1  | 2019-11-12 15:45:48,908 INFO impl.RoleInfo: 2f154576-2081-4915-9249-695ab4ea8fd3: start LeaderElection
datanode_2  | 2019-11-12 15:45:48,874 INFO impl.RoleInfo: 29a24a54-71a5-43da-883d-a79a354b2175: start LeaderElection
nm_1        | 2019-11-12 15:47:10 INFO  DefaultContainerExecutor:268 - launchContainer: [bash, /tmp/hadoop-hadoop/nm-local-dir/usercache/hadoop/appcache/application_1573573533939_0001/container_1573573533939_0001_01_000003/default_container_executor.sh]
rm_1        | 2019-11-12 15:46:45 INFO  CapacityScheduler:843 - Added Application Attempt appattempt_1573573533939_0001_000001 to scheduler from user hadoop in queue default
datanode_3  | 2019-11-12 15:45:48,998 INFO impl.RoleInfo: 2e0b9e7b-0d6e-4c4b-8f61-d0fc0e78ed1d: start FollowerState
datanode_1  | 2019-11-12 15:45:48,924 INFO segmented.SegmentedRaftLogWorker: 2f154576-2081-4915-9249-695ab4ea8fd3@group-95809481071A-SegmentedRaftLogWorker: created new log segment /data/metadata/ratis/342e94ba-943b-4e79-9a19-95809481071a/current/log_inprogress_0
datanode_2  | 2019-11-12 15:45:48,890 INFO impl.LeaderElection: 29a24a54-71a5-43da-883d-a79a354b2175@group-605B57D41035-LeaderElection2: begin an election at term 1 for -1: [2e0b9e7b-0d6e-4c4b-8f61-d0fc0e78ed1d:172.18.0.7:9858, 2f154576-2081-4915-9249-695ab4ea8fd3:172.18.0.6:9858, 29a24a54-71a5-43da-883d-a79a354b2175:172.18.0.8:9858], old=null
nm_1        | 2019-11-12 15:47:11 INFO  NodeStatusUpdaterImpl:490 - Removed completed containers from NM context: [container_1573573533939_0001_01_000002]
rm_1        | 2019-11-12 15:46:45 INFO  RMAppAttemptImpl:815 - appattempt_1573573533939_0001_000001 State change from SUBMITTED to SCHEDULED
datanode_3  | 2019-11-12 15:45:54,068 INFO impl.FollowerState: 2e0b9e7b-0d6e-4c4b-8f61-d0fc0e78ed1d@group-605B57D41035-FollowerState: change to CANDIDATE, lastRpcTime:5069ms, electionTimeout:5069ms
datanode_1  | 2019-11-12 15:45:48,924 INFO impl.LeaderElection: 2f154576-2081-4915-9249-695ab4ea8fd3@group-605B57D41035-LeaderElection2: begin an election at term 1 for -1: [2e0b9e7b-0d6e-4c4b-8f61-d0fc0e78ed1d:172.18.0.7:9858, 2f154576-2081-4915-9249-695ab4ea8fd3:172.18.0.6:9858, 29a24a54-71a5-43da-883d-a79a354b2175:172.18.0.8:9858], old=null
datanode_2  | 2019-11-12 15:45:49,070 INFO impl.LeaderElection: 29a24a54-71a5-43da-883d-a79a354b2175@group-605B57D41035-LeaderElection2: Election REJECTED; received 2 response(s) [29a24a54-71a5-43da-883d-a79a354b2175<-2e0b9e7b-0d6e-4c4b-8f61-d0fc0e78ed1d#0:FAIL-t1, 29a24a54-71a5-43da-883d-a79a354b2175<-2f154576-2081-4915-9249-695ab4ea8fd3#0:FAIL-t1] and 0 exception(s); 29a24a54-71a5-43da-883d-a79a354b2175@group-605B57D41035:t1, leader=null, voted=29a24a54-71a5-43da-883d-a79a354b2175, raftlog=29a24a54-71a5-43da-883d-a79a354b2175@group-605B57D41035-SegmentedRaftLog:OPENED:c-1,f-1,i0, conf=-1: [2e0b9e7b-0d6e-4c4b-8f61-d0fc0e78ed1d:172.18.0.7:9858, 2f154576-2081-4915-9249-695ab4ea8fd3:172.18.0.6:9858, 29a24a54-71a5-43da-883d-a79a354b2175:172.18.0.8:9858], old=null
nm_1        | 2019-11-12 15:47:14 INFO  Server:1454 - Auth successful for appattempt_1573573533939_0001_000001 (auth:SIMPLE)
rm_1        | 2019-11-12 15:46:45 INFO  RMContainerImpl:410 - container_1573573533939_0001_01_000001 Container Transitioned from NEW to ALLOCATED
datanode_3  | 2019-11-12 15:45:54,069 INFO impl.RoleInfo: 2e0b9e7b-0d6e-4c4b-8f61-d0fc0e78ed1d: shutdown FollowerState
nm_1        | 2019-11-12 15:47:14 INFO  ContainerManagerImpl:960 - Stopping container with container Id: container_1573573533939_0001_01_000003
rm_1        | 2019-11-12 15:46:45 INFO  RMAuditLogger:116 - USER=hadoop	OPERATION=AM Allocated Container	TARGET=SchedulerApp	RESULT=SUCCESS	APPID=application_1573573533939_0001	CONTAINERID=container_1573573533939_0001_01_000001
datanode_3  | 2019-11-12 15:45:54,069 INFO impl.RaftServerImpl: 2e0b9e7b-0d6e-4c4b-8f61-d0fc0e78ed1d@group-605B57D41035: changes role from  FOLLOWER to CANDIDATE at term 1 for changeToCandidate
datanode_1  | 2019-11-12 15:45:49,108 INFO impl.LeaderElection: 2f154576-2081-4915-9249-695ab4ea8fd3@group-605B57D41035-LeaderElection2: Election REJECTED; received 2 response(s) [2f154576-2081-4915-9249-695ab4ea8fd3<-2e0b9e7b-0d6e-4c4b-8f61-d0fc0e78ed1d#0:FAIL-t1, 2f154576-2081-4915-9249-695ab4ea8fd3<-29a24a54-71a5-43da-883d-a79a354b2175#0:FAIL-t1] and 0 exception(s); 2f154576-2081-4915-9249-695ab4ea8fd3@group-605B57D41035:t1, leader=null, voted=2f154576-2081-4915-9249-695ab4ea8fd3, raftlog=2f154576-2081-4915-9249-695ab4ea8fd3@group-605B57D41035-SegmentedRaftLog:OPENED:c-1,f-1,i0, conf=-1: [2e0b9e7b-0d6e-4c4b-8f61-d0fc0e78ed1d:172.18.0.7:9858, 2f154576-2081-4915-9249-695ab4ea8fd3:172.18.0.6:9858, 29a24a54-71a5-43da-883d-a79a354b2175:172.18.0.8:9858], old=null
datanode_2  | 2019-11-12 15:45:49,072 INFO impl.RaftServerImpl: 29a24a54-71a5-43da-883d-a79a354b2175@group-605B57D41035: changes role from CANDIDATE to FOLLOWER at term 1 for DISCOVERED_A_NEW_TERM
nm_1        | 2019-11-12 15:47:14 INFO  NMAuditLogger:89 - USER=hadoop	IP=172.18.0.4	OPERATION=Stop Container Request	TARGET=ContainerManageImpl	RESULT=SUCCESS	APPID=application_1573573533939_0001	CONTAINERID=container_1573573533939_0001_01_000003
rm_1        | 2019-11-12 15:46:45 INFO  SchedulerNode:153 - Assigned container container_1573573533939_0001_01_000001 of capacity <memory:2048, vCores:1> on host nm:39078, which has 1 containers, <memory:2048, vCores:1> used and <memory:6144, vCores:7> available after allocation
datanode_3  | 2019-11-12 15:45:54,069 INFO impl.RoleInfo: 2e0b9e7b-0d6e-4c4b-8f61-d0fc0e78ed1d: start LeaderElection
nm_1        | 2019-11-12 15:47:14 INFO  ContainerImpl:1135 - Container container_1573573533939_0001_01_000003 transitioned from RUNNING to KILLING
rm_1        | 2019-11-12 15:46:45 INFO  LeafQueue:1558 - assignedContainer application attempt=appattempt_1573573533939_0001_000001 container=Container: [ContainerId: container_1573573533939_0001_01_000001, NodeId: nm:39078, NodeHttpAddress: nm:8042, Resource: <memory:2048, vCores:1>, Priority: 0, Token: null, ] queue=default: capacity=1.0, absoluteCapacity=1.0, usedResources=<memory:0, vCores:0>, usedCapacity=0.0, absoluteUsedCapacity=0.0, numApps=1, numContainers=0 clusterResource=<memory:8192, vCores:8> type=OFF_SWITCH requestedPartition=
datanode_1  | 2019-11-12 15:45:49,111 INFO impl.RaftServerImpl: 2f154576-2081-4915-9249-695ab4ea8fd3@group-605B57D41035: changes role from CANDIDATE to FOLLOWER at term 1 for DISCOVERED_A_NEW_TERM
datanode_2  | 2019-11-12 15:45:49,072 INFO impl.RoleInfo: 29a24a54-71a5-43da-883d-a79a354b2175: shutdown LeaderElection
datanode_3  | 2019-11-12 15:45:54,084 INFO impl.LeaderElection: 2e0b9e7b-0d6e-4c4b-8f61-d0fc0e78ed1d@group-605B57D41035-LeaderElection3: begin an election at term 2 for -1: [2e0b9e7b-0d6e-4c4b-8f61-d0fc0e78ed1d:172.18.0.7:9858, 2f154576-2081-4915-9249-695ab4ea8fd3:172.18.0.6:9858, 29a24a54-71a5-43da-883d-a79a354b2175:172.18.0.8:9858], old=null
nm_1        | 2019-11-12 15:47:14 INFO  ContainerLaunch:370 - Cleaning up container container_1573573533939_0001_01_000003
rm_1        | 2019-11-12 15:46:45 INFO  ParentQueue:523 - Re-sorting assigned queue: root.default stats: default: capacity=1.0, absoluteCapacity=1.0, usedResources=<memory:2048, vCores:1>, usedCapacity=0.25, absoluteUsedCapacity=0.25, numApps=1, numContainers=1
datanode_1  | 2019-11-12 15:45:49,111 INFO impl.RoleInfo: 2f154576-2081-4915-9249-695ab4ea8fd3: shutdown LeaderElection
datanode_2  | 2019-11-12 15:45:49,072 INFO impl.RoleInfo: 29a24a54-71a5-43da-883d-a79a354b2175: start FollowerState
nm_1        | 2019-11-12 15:47:14 WARN  DefaultContainerExecutor:224 - Exit code from container container_1573573533939_0001_01_000003 is : 143
datanode_3  | 2019-11-12 15:45:54,150 INFO impl.LeaderElection: 2e0b9e7b-0d6e-4c4b-8f61-d0fc0e78ed1d@group-605B57D41035-LeaderElection3: Election PASSED; received 1 response(s) [2e0b9e7b-0d6e-4c4b-8f61-d0fc0e78ed1d<-29a24a54-71a5-43da-883d-a79a354b2175#0:OK-t2] and 0 exception(s); 2e0b9e7b-0d6e-4c4b-8f61-d0fc0e78ed1d@group-605B57D41035:t2, leader=null, voted=2e0b9e7b-0d6e-4c4b-8f61-d0fc0e78ed1d, raftlog=2e0b9e7b-0d6e-4c4b-8f61-d0fc0e78ed1d@group-605B57D41035-SegmentedRaftLog:OPENED:c-1,f-1,i0, conf=-1: [2e0b9e7b-0d6e-4c4b-8f61-d0fc0e78ed1d:172.18.0.7:9858, 2f154576-2081-4915-9249-695ab4ea8fd3:172.18.0.6:9858, 29a24a54-71a5-43da-883d-a79a354b2175:172.18.0.8:9858], old=null
rm_1        | 2019-11-12 15:46:45 INFO  ParentQueue:420 - assignedContainer queue=root usedCapacity=0.25 absoluteUsedCapacity=0.25 used=<memory:2048, vCores:1> cluster=<memory:8192, vCores:8>
datanode_1  | 2019-11-12 15:45:49,111 INFO impl.RoleInfo: 2f154576-2081-4915-9249-695ab4ea8fd3: start FollowerState
datanode_2  | 2019-11-12 15:45:54,101 INFO impl.RaftServerImpl: 29a24a54-71a5-43da-883d-a79a354b2175@group-605B57D41035: changes role from  FOLLOWER to FOLLOWER at term 2 for recognizeCandidate:2e0b9e7b-0d6e-4c4b-8f61-d0fc0e78ed1d
nm_1        | 2019-11-12 15:47:14 INFO  ContainerImpl:1135 - Container container_1573573533939_0001_01_000003 transitioned from KILLING to CONTAINER_CLEANEDUP_AFTER_KILL
datanode_3  | 2019-11-12 15:45:54,150 INFO impl.RoleInfo: 2e0b9e7b-0d6e-4c4b-8f61-d0fc0e78ed1d: shutdown LeaderElection
rm_1        | 2019-11-12 15:46:45 INFO  NMTokenSecretManagerInRM:200 - Sending NMToken for nodeId : nm:39078 for container : container_1573573533939_0001_01_000001
datanode_1  | 2019-11-12 15:45:54,103 INFO impl.RaftServerImpl: 2f154576-2081-4915-9249-695ab4ea8fd3@group-605B57D41035: changes role from  FOLLOWER to FOLLOWER at term 2 for recognizeCandidate:2e0b9e7b-0d6e-4c4b-8f61-d0fc0e78ed1d
datanode_2  | 2019-11-12 15:45:54,102 INFO impl.RoleInfo: 29a24a54-71a5-43da-883d-a79a354b2175: shutdown FollowerState
nm_1        | 2019-11-12 15:47:14 INFO  NMAuditLogger:89 - USER=hadoop	OPERATION=Container Finished - Killed	TARGET=ContainerImpl	RESULT=SUCCESS	APPID=application_1573573533939_0001	CONTAINERID=container_1573573533939_0001_01_000003
datanode_3  | 2019-11-12 15:45:54,151 INFO impl.RaftServerImpl: 2e0b9e7b-0d6e-4c4b-8f61-d0fc0e78ed1d@group-605B57D41035: changes role from CANDIDATE to LEADER at term 2 for changeToLeader
rm_1        | 2019-11-12 15:46:45 INFO  RMContainerImpl:410 - container_1573573533939_0001_01_000001 Container Transitioned from ALLOCATED to ACQUIRED
datanode_1  | 2019-11-12 15:45:54,103 INFO impl.RoleInfo: 2f154576-2081-4915-9249-695ab4ea8fd3: shutdown FollowerState
datanode_2  | 2019-11-12 15:45:54,102 INFO impl.RoleInfo: 29a24a54-71a5-43da-883d-a79a354b2175: start FollowerState
nm_1        | 2019-11-12 15:47:14 INFO  ContainerImpl:1135 - Container container_1573573533939_0001_01_000003 transitioned from CONTAINER_CLEANEDUP_AFTER_KILL to DONE
rm_1        | 2019-11-12 15:46:45 INFO  NMTokenSecretManagerInRM:146 - Clear node set for appattempt_1573573533939_0001_000001
datanode_3  | 2019-11-12 15:45:54,151 INFO impl.RaftServerImpl: 2e0b9e7b-0d6e-4c4b-8f61-d0fc0e78ed1d@group-605B57D41035: change Leader from null to 2e0b9e7b-0d6e-4c4b-8f61-d0fc0e78ed1d at term 2 for becomeLeader, leader elected after 10417ms
datanode_1  | 2019-11-12 15:45:54,104 INFO impl.RoleInfo: 2f154576-2081-4915-9249-695ab4ea8fd3: start FollowerState
datanode_2  | 2019-11-12 15:45:54,102 INFO impl.FollowerState: 29a24a54-71a5-43da-883d-a79a354b2175@group-605B57D41035-FollowerState was interrupted: java.lang.InterruptedException: sleep interrupted
nm_1        | 2019-11-12 15:47:14 INFO  ApplicationImpl:347 - Removing container_1573573533939_0001_01_000003 from application application_1573573533939_0001
rm_1        | 2019-11-12 15:46:45 INFO  RMAppAttemptImpl:1924 - Storing attempt: AppId: application_1573573533939_0001 AttemptId: appattempt_1573573533939_0001_000001 MasterContainer: Container: [ContainerId: container_1573573533939_0001_01_000001, NodeId: nm:39078, NodeHttpAddress: nm:8042, Resource: <memory:2048, vCores:1>, Priority: 0, Token: Token { kind: ContainerToken, service: 172.18.0.4:39078 }, ]
datanode_3  | 2019-11-12 15:45:54,151 INFO server.RaftServerConfigKeys: raft.server.staging.catchup.gap = 1000 (default)
datanode_2  | 2019-11-12 15:45:54,224 INFO impl.RaftServerImpl: 29a24a54-71a5-43da-883d-a79a354b2175@group-605B57D41035: change Leader from null to 2e0b9e7b-0d6e-4c4b-8f61-d0fc0e78ed1d at term 2 for appendEntries, leader elected after 10433ms
datanode_1  | 2019-11-12 15:45:54,104 INFO impl.FollowerState: 2f154576-2081-4915-9249-695ab4ea8fd3@group-605B57D41035-FollowerState was interrupted: java.lang.InterruptedException: sleep interrupted
nm_1        | 2019-11-12 15:47:14 INFO  ContainersMonitorImpl:196 - Neither virutal-memory nor physical-memory monitoring is needed. Not running the monitor-thread
rm_1        | 2019-11-12 15:46:45 INFO  RMAppAttemptImpl:815 - appattempt_1573573533939_0001_000001 State change from SCHEDULED to ALLOCATED_SAVING
datanode_3  | 2019-11-12 15:45:54,151 INFO server.RaftServerConfigKeys: raft.server.rpc.sleep.time = 25ms (default)
datanode_2  | 2019-11-12 15:45:54,243 INFO impl.RaftServerImpl: 29a24a54-71a5-43da-883d-a79a354b2175@group-605B57D41035: set configuration 0: [2e0b9e7b-0d6e-4c4b-8f61-d0fc0e78ed1d:172.18.0.7:9858, 2f154576-2081-4915-9249-695ab4ea8fd3:172.18.0.6:9858, 29a24a54-71a5-43da-883d-a79a354b2175:172.18.0.8:9858], old=null at 0
datanode_1  | 2019-11-12 15:45:54,223 INFO impl.RaftServerImpl: 2f154576-2081-4915-9249-695ab4ea8fd3@group-605B57D41035: change Leader from null to 2e0b9e7b-0d6e-4c4b-8f61-d0fc0e78ed1d at term 2 for appendEntries, leader elected after 10469ms
rm_1        | 2019-11-12 15:46:45 INFO  RMAppAttemptImpl:815 - appattempt_1573573533939_0001_000001 State change from ALLOCATED_SAVING to ALLOCATED
datanode_3  | 2019-11-12 15:45:54,151 INFO server.RaftServerConfigKeys: raft.server.write.element-limit = 4096 (default)
datanode_2  | 2019-11-12 15:45:54,243 INFO segmented.SegmentedRaftLogWorker: 29a24a54-71a5-43da-883d-a79a354b2175@group-605B57D41035-SegmentedRaftLogWorker: Starting segment from index:0
datanode_1  | 2019-11-12 15:45:54,243 INFO impl.RaftServerImpl: 2f154576-2081-4915-9249-695ab4ea8fd3@group-605B57D41035: set configuration 0: [2e0b9e7b-0d6e-4c4b-8f61-d0fc0e78ed1d:172.18.0.7:9858, 2f154576-2081-4915-9249-695ab4ea8fd3:172.18.0.6:9858, 29a24a54-71a5-43da-883d-a79a354b2175:172.18.0.8:9858], old=null at 0
nm_1        | 2019-11-12 15:47:14 INFO  AuxServices:196 - Got event CONTAINER_STOP for appId application_1573573533939_0001
rm_1        | 2019-11-12 15:46:45 INFO  AMLauncher:249 - Launching masterappattempt_1573573533939_0001_000001
datanode_3  | 2019-11-12 15:45:54,151 INFO server.RaftServerConfigKeys: raft.server.watch.timeout = 10s (default)
datanode_1  | 2019-11-12 15:45:54,244 INFO segmented.SegmentedRaftLogWorker: 2f154576-2081-4915-9249-695ab4ea8fd3@group-605B57D41035-SegmentedRaftLogWorker: Starting segment from index:0
datanode_2  | 2019-11-12 15:45:54,301 INFO segmented.SegmentedRaftLogWorker: 29a24a54-71a5-43da-883d-a79a354b2175@group-605B57D41035-SegmentedRaftLogWorker: created new log segment /data/metadata/ratis/e4b1baf1-c3f2-496f-9610-605b57d41035/current/log_inprogress_0
nm_1        | 2019-11-12 15:47:16 INFO  Server:1454 - Auth successful for appattempt_1573573533939_0001_000001 (auth:SIMPLE)
rm_1        | 2019-11-12 15:46:45 INFO  AMLauncher:105 - Setting up container Container: [ContainerId: container_1573573533939_0001_01_000001, NodeId: nm:39078, NodeHttpAddress: nm:8042, Resource: <memory:2048, vCores:1>, Priority: 0, Token: Token { kind: ContainerToken, service: 172.18.0.4:39078 }, ] for AM appattempt_1573573533939_0001_000001
datanode_3  | 2019-11-12 15:45:54,151 INFO server.RaftServerConfigKeys: raft.server.watch.timeout.denomination = 1s (default)
datanode_1  | 2019-11-12 15:45:54,301 INFO segmented.SegmentedRaftLogWorker: 2f154576-2081-4915-9249-695ab4ea8fd3@group-605B57D41035-SegmentedRaftLogWorker: created new log segment /data/metadata/ratis/e4b1baf1-c3f2-496f-9610-605b57d41035/current/log_inprogress_0
nm_1        | 2019-11-12 15:47:16 INFO  ContainerManagerImpl:810 - Start request for container_1573573533939_0001_01_000004 by user hadoop
rm_1        | 2019-11-12 15:46:45 INFO  AMLauncher:187 - Command to launch container container_1573573533939_0001_01_000001 : $JAVA_HOME/bin/java -Djava.io.tmpdir=$PWD/tmp -Dlog4j.configuration=container-log4j.properties -Dyarn.app.container.log.dir=<LOG_DIR> -Dyarn.app.container.log.filesize=0 -Dhadoop.root.logger=INFO,CLA -Dhadoop.root.logfile=syslog  -Xmx1024m org.apache.hadoop.mapreduce.v2.app.MRAppMaster 1><LOG_DIR>/stdout 2><LOG_DIR>/stderr 
datanode_3  | 2019-11-12 15:45:54,151 INFO server.RaftServerConfigKeys: raft.server.watch.element-limit = 65536 (default)
nm_1        | 2019-11-12 15:47:16 INFO  NMAuditLogger:89 - USER=hadoop	IP=172.18.0.4	OPERATION=Start Container Request	TARGET=ContainerManageImpl	RESULT=SUCCESS	APPID=application_1573573533939_0001	CONTAINERID=container_1573573533939_0001_01_000004
rm_1        | 2019-11-12 15:46:45 INFO  AMRMTokenSecretManager:195 - Create AMRMToken for ApplicationAttempt: appattempt_1573573533939_0001_000001
datanode_3  | 2019-11-12 15:45:54,154 INFO server.RaftServerConfigKeys: raft.server.log.appender.snapshot.chunk.size.max = 16MB (=16777216) (default)
nm_1        | 2019-11-12 15:47:16 INFO  ApplicationImpl:304 - Adding container_1573573533939_0001_01_000004 to application application_1573573533939_0001
rm_1        | 2019-11-12 15:46:45 INFO  AMRMTokenSecretManager:307 - Creating password for appattempt_1573573533939_0001_000001
datanode_3  | 2019-11-12 15:45:54,154 INFO server.RaftServerConfigKeys: raft.server.log.appender.buffer.byte-limit = 33554432 (custom)
nm_1        | 2019-11-12 15:47:16 INFO  ContainerImpl:1135 - Container container_1573573533939_0001_01_000004 transitioned from NEW to LOCALIZING
datanode_3  | 2019-11-12 15:45:54,154 INFO server.RaftServerConfigKeys: raft.server.log.appender.buffer.element-limit = 1 (custom)
nm_1        | 2019-11-12 15:47:16 INFO  AuxServices:196 - Got event CONTAINER_INIT for appId application_1573573533939_0001
rm_1        | 2019-11-12 15:46:45 INFO  AMLauncher:126 - Done launching container Container: [ContainerId: container_1573573533939_0001_01_000001, NodeId: nm:39078, NodeHttpAddress: nm:8042, Resource: <memory:2048, vCores:1>, Priority: 0, Token: Token { kind: ContainerToken, service: 172.18.0.4:39078 }, ] for AM appattempt_1573573533939_0001_000001
datanode_3  | 2019-11-12 15:45:54,156 INFO grpc.GrpcConfigKeys$Server: raft.grpc.server.leader.outstanding.appends.max = 128 (default)
nm_1        | 2019-11-12 15:47:16 INFO  AuxServices:196 - Got event APPLICATION_INIT for appId application_1573573533939_0001
rm_1        | 2019-11-12 15:46:45 INFO  RMAppAttemptImpl:815 - appattempt_1573573533939_0001_000001 State change from ALLOCATED to LAUNCHED
datanode_3  | 2019-11-12 15:45:54,157 INFO server.RaftServerConfigKeys: raft.server.rpc.request.timeout = 3000ms (default)
nm_1        | 2019-11-12 15:47:16 INFO  AuxServices:200 - Got APPLICATION_INIT for service mapreduce_shuffle
datanode_3  | 2019-11-12 15:45:54,157 INFO server.RaftServerConfigKeys: raft.server.log.appender.install.snapshot.enabled = false (custom)
rm_1        | 2019-11-12 15:46:46 INFO  RMContainerImpl:410 - container_1573573533939_0001_01_000001 Container Transitioned from ACQUIRED to RUNNING
nm_1        | 2019-11-12 15:47:16 INFO  ShuffleHandler:677 - Added token for job_1573573533939_0001
datanode_3  | 2019-11-12 15:45:54,158 WARN impl.MetricRegistriesImpl: First MetricRegistry has been created without registering reporters. You may need to call MetricRegistries.global().addReportRegistration(...) before.
rm_1        | 2019-11-12 15:47:01 INFO  Server:1454 - Auth successful for appattempt_1573573533939_0001_000001 (auth:SIMPLE)
nm_1        | 2019-11-12 15:47:16 INFO  ContainerImpl:1135 - Container container_1573573533939_0001_01_000004 transitioned from LOCALIZING to LOCALIZED
rm_1        | 2019-11-12 15:47:01 INFO  ApplicationMasterService:274 - AM registration appattempt_1573573533939_0001_000001
datanode_3  | 2019-11-12 15:45:54,159 INFO server.RaftServerConfigKeys: raft.server.log.appender.snapshot.chunk.size.max = 16MB (=16777216) (default)
nm_1        | 2019-11-12 15:47:16 INFO  ContainerImpl:1135 - Container container_1573573533939_0001_01_000004 transitioned from LOCALIZED to RUNNING
datanode_3  | 2019-11-12 15:45:54,159 INFO server.RaftServerConfigKeys: raft.server.log.appender.buffer.byte-limit = 33554432 (custom)
rm_1        | 2019-11-12 15:47:01 INFO  RMAuditLogger:137 - USER=hadoop	IP=172.18.0.4	OPERATION=Register App Master	TARGET=ApplicationMasterService	RESULT=SUCCESS	APPID=application_1573573533939_0001	APPATTEMPTID=appattempt_1573573533939_0001_000001
nm_1        | 2019-11-12 15:47:16 INFO  ContainersMonitorImpl:196 - Neither virutal-memory nor physical-memory monitoring is needed. Not running the monitor-thread
datanode_3  | 2019-11-12 15:45:54,159 INFO server.RaftServerConfigKeys: raft.server.log.appender.buffer.element-limit = 1 (custom)
rm_1        | 2019-11-12 15:47:01 INFO  RMAppAttemptImpl:815 - appattempt_1573573533939_0001_000001 State change from LAUNCHED to RUNNING
nm_1        | 2019-11-12 15:47:16 INFO  DefaultContainerExecutor:268 - launchContainer: [bash, /tmp/hadoop-hadoop/nm-local-dir/usercache/hadoop/appcache/application_1573573533939_0001/container_1573573533939_0001_01_000004/default_container_executor.sh]
datanode_3  | 2019-11-12 15:45:54,159 INFO grpc.GrpcConfigKeys$Server: raft.grpc.server.leader.outstanding.appends.max = 128 (default)
rm_1        | 2019-11-12 15:47:01 INFO  RMAppImpl:718 - application_1573573533939_0001 State change from ACCEPTED to RUNNING on event=ATTEMPT_REGISTERED
nm_1        | 2019-11-12 15:47:16 INFO  NodeStatusUpdaterImpl:490 - Removed completed containers from NM context: [container_1573573533939_0001_01_000003]
datanode_3  | 2019-11-12 15:45:54,159 INFO server.RaftServerConfigKeys: raft.server.rpc.request.timeout = 3000ms (default)
rm_1        | 2019-11-12 15:47:04 INFO  RMContainerImpl:410 - container_1573573533939_0001_01_000002 Container Transitioned from NEW to ALLOCATED
nm_1        | 2019-11-12 15:47:21 INFO  Server:1454 - Auth successful for appattempt_1573573533939_0001_000001 (auth:SIMPLE)
rm_1        | 2019-11-12 15:47:04 INFO  RMAuditLogger:116 - USER=hadoop	OPERATION=AM Allocated Container	TARGET=SchedulerApp	RESULT=SUCCESS	APPID=application_1573573533939_0001	CONTAINERID=container_1573573533939_0001_01_000002
datanode_3  | 2019-11-12 15:45:54,159 INFO server.RaftServerConfigKeys: raft.server.log.appender.install.snapshot.enabled = false (custom)
