datanode_1  | 2019-10-28 09:08:32,263 [main] INFO       - ip:127.0.0.1,host:localhost not returned.
datanode_3  | 2019-10-28 09:08:26,263 [main] INFO       - Hdds Datanode login successful.
datanode_2  | 2019-10-28 09:08:26,611 [main] INFO       - ip:127.0.0.1,host:localhost not returned.
recon_1     | 	at picocli.CommandLine$RunLast.handle(CommandLine.java:1335)
kdc_1       | Entry for principal om/s3g@EXAMPLE.COM with kvno 2, encryption type aes128-cts-hmac-sha1-96 added to keytab WRFILE:/data/om.s3g.keytab.
s3g_1       | 2019-10-28 09:08:27,122 INFO handler.ContextHandler: Started o.e.j.w.WebAppContext@6af5b246{/,file:///tmp/jetty-0.0.0.0-9878-s3gateway-_-any-16527220992616316295.dir/webapp/,AVAILABLE}{/s3gateway}
kms_1       | 
scm_1       | STARTUP_MSG:   build = https://github.com/apache/hadoop.git -r e97acb3bd8f3befd27418996fa5d4b50bf2e17bf; compiled by 'sunilg' on 2019-01-15T17:34Z
om_1        | 2019-10-28 09:08:34,376 INFO ipc.Client: Retrying connect to server: scm/172.18.0.6:9863. Already tried 8 time(s); retry policy is RetryUpToMaximumCountWithFixedSleep(maxRetries=10, sleepTime=1000 MILLISECONDS)
datanode_1  | 2019-10-28 09:08:32,267 [main] INFO       - Creating csr for DN-> subject:root@1636048bc976
datanode_3  | 2019-10-28 09:08:26,264 [main] INFO       - Initializing secure Datanode.
datanode_2  | 2019-10-28 09:08:26,618 [main] INFO       - Creating csr for DN-> subject:root@132b6cb03f81
kdc_1       | Generiting keytab
s3g_1       | 2019-10-28 09:08:27,129 INFO server.AbstractConnector: Started ServerConnector@1a1ccaaf{HTTP/1.1,[http/1.1]}{0.0.0.0:9878}
recon_1     | 	at picocli.CommandLine$AbstractParseResultHandler.handleParseResult(CommandLine.java:1243)
kms_1       | [realms]
scm_1       | STARTUP_MSG:   java = 11.0.3
om_1        | 2019-10-28 09:08:35,377 INFO ipc.Client: Retrying connect to server: scm/172.18.0.6:9863. Already tried 9 time(s); retry policy is RetryUpToMaximumCountWithFixedSleep(maxRetries=10, sleepTime=1000 MILLISECONDS)
datanode_1  | 2019-10-28 09:08:33,434 INFO ipc.Client: Retrying connect to server: scm/172.18.0.6:9961. Already tried 0 time(s); retry policy is RetryUpToMaximumCountWithFixedSleep(maxRetries=2147483647, sleepTime=1000 MILLISECONDS)
datanode_3  | 2019-10-28 09:08:26,265 ERROR client.DNCertificateClient: Default certificate serial id is not set. Can't locate the default certificate for this client.
kdc_1       | Authenticating as principal admin/admin with keytab /tmp/admin.keytab.
s3g_1       | 2019-10-28 09:08:27,130 INFO server.Server: Started @4308ms
recon_1     | 	at picocli.CommandLine.parseWithHandlers(CommandLine.java:1526)
kms_1       |  EXAMPLE.COM = {
scm_1       | ************************************************************/
om_1        | 2019-10-28 09:08:35,382 INFO utils.RetriableTask: Execution of task OM#getScmInfo failed, will be retried in 5000 ms
datanode_1  | 2019-10-28 09:08:34,436 INFO ipc.Client: Retrying connect to server: scm/172.18.0.6:9961. Already tried 1 time(s); retry policy is RetryUpToMaximumCountWithFixedSleep(maxRetries=2147483647, sleepTime=1000 MILLISECONDS)
kdc_1       | WARNING: no policy specified for om/om@EXAMPLE.COM; defaulting to no policy
datanode_2  | 2019-10-28 09:08:27,857 INFO ipc.Client: Retrying connect to server: scm/172.18.0.6:9961. Already tried 0 time(s); retry policy is RetryUpToMaximumCountWithFixedSleep(maxRetries=2147483647, sleepTime=1000 MILLISECONDS)
datanode_3  | 2019-10-28 09:08:26,265 INFO client.DNCertificateClient: Certificate client init case: 0
s3g_1       | 2019-10-28 09:08:27,136 INFO server.BaseHttpServer: HTTP server of S3GATEWAY is listening at http://0.0.0.0:9878
recon_1     | 	at picocli.CommandLine.parseWithHandler(CommandLine.java:1465)
kms_1       |   kdc = kdc
scm_1       | 2019-10-28 09:08:39,363 INFO server.StorageContainerManagerStarter: registered UNIX signal handlers for [TERM, HUP, INT]
om_1        | 2019-10-28 09:08:41,386 INFO ipc.Client: Retrying connect to server: scm/172.18.0.6:9863. Already tried 0 time(s); retry policy is RetryUpToMaximumCountWithFixedSleep(maxRetries=10, sleepTime=1000 MILLISECONDS)
datanode_1  | 2019-10-28 09:08:35,437 INFO ipc.Client: Retrying connect to server: scm/172.18.0.6:9961. Already tried 2 time(s); retry policy is RetryUpToMaximumCountWithFixedSleep(maxRetries=2147483647, sleepTime=1000 MILLISECONDS)
kdc_1       | Principal "om/om@EXAMPLE.COM" created.
datanode_2  | 2019-10-28 09:08:28,859 INFO ipc.Client: Retrying connect to server: scm/172.18.0.6:9961. Already tried 1 time(s); retry policy is RetryUpToMaximumCountWithFixedSleep(maxRetries=2147483647, sleepTime=1000 MILLISECONDS)
datanode_3  | 2019-10-28 09:08:26,267 INFO client.DNCertificateClient: Creating keypair for client as keypair and certificate not found.
s3g_1       | 2019-10-28 09:16:04,732 [qtp262445056-111] INFO       - Location is /bucket-test123
recon_1     | 	at org.apache.hadoop.hdds.cli.GenericCli.execute(GenericCli.java:65)
kms_1       |   admin_server = kdc
scm_1       | 2019-10-28 09:08:39,574 WARN server.ServerUtils: ozone.scm.db.dirs is not configured. We recommend adding this setting. Falling back to ozone.metadata.dirs instead.
om_1        | 2019-10-28 09:08:42,388 INFO ipc.Client: Retrying connect to server: scm/172.18.0.6:9863. Already tried 1 time(s); retry policy is RetryUpToMaximumCountWithFixedSleep(maxRetries=10, sleepTime=1000 MILLISECONDS)
datanode_1  | 2019-10-28 09:08:36,439 INFO ipc.Client: Retrying connect to server: scm/172.18.0.6:9961. Already tried 3 time(s); retry policy is RetryUpToMaximumCountWithFixedSleep(maxRetries=2147483647, sleepTime=1000 MILLISECONDS)
kdc_1       | Authenticating as principal admin/admin with keytab /tmp/admin.keytab.
datanode_2  | 2019-10-28 09:08:29,861 INFO ipc.Client: Retrying connect to server: scm/172.18.0.6:9961. Already tried 2 time(s); retry policy is RetryUpToMaximumCountWithFixedSleep(maxRetries=2147483647, sleepTime=1000 MILLISECONDS)
datanode_3  | 2019-10-28 09:08:31,234 [main] INFO       - Init response: GETCERT
s3g_1       | 2019-10-28 09:16:08,197 WARN ipc.Client: Exception encountered while connecting to the server : org.apache.hadoop.ipc.RemoteException(org.apache.hadoop.security.token.SecretManager$InvalidToken): No S3 secret found for S3 identifier:OzoneToken owner=dlfknslnfslf, renewer=, realUser=, issueDate=0, maxDate=0, sequenceNumber=0, masterKeyId=0, strToSign=AWS4-HMAC-SHA256
recon_1     | 	at org.apache.hadoop.hdds.cli.GenericCli.run(GenericCli.java:56)
kms_1       |  }
scm_1       | WARNING: An illegal reflective access operation has occurred
om_1        | 2019-10-28 09:08:43,120 [main] INFO       - Initializing secure OzoneManager.
datanode_1  | 2019-10-28 09:08:37,441 INFO ipc.Client: Retrying connect to server: scm/172.18.0.6:9961. Already tried 4 time(s); retry policy is RetryUpToMaximumCountWithFixedSleep(maxRetries=2147483647, sleepTime=1000 MILLISECONDS)
kdc_1       | Entry for principal om/om@EXAMPLE.COM with kvno 2, encryption type aes256-cts-hmac-sha1-96 added to keytab WRFILE:/data/om.om.keytab.
datanode_2  | 2019-10-28 09:08:30,862 INFO ipc.Client: Retrying connect to server: scm/172.18.0.6:9961. Already tried 3 time(s); retry policy is RetryUpToMaximumCountWithFixedSleep(maxRetries=2147483647, sleepTime=1000 MILLISECONDS)
datanode_3  | 2019-10-28 09:08:31,247 [main] INFO       - Adding ip:172.18.0.7,host:e67fe4008200
s3g_1       | 20191028T091608Z
recon_1     | 	at org.apache.hadoop.ozone.recon.ReconServer.main(ReconServer.java:52)
kms_1       | 
scm_1       | WARNING: Illegal reflective access by org.apache.hadoop.security.authentication.util.KerberosUtil (file:/opt/hadoop/share/ozone/lib/hadoop-auth-3.2.0.jar) to method sun.security.krb5.Config.getInstance()
om_1        | 2019-10-28 09:08:43,518 ERROR client.OMCertificateClient: Default certificate serial id is not set. Can't locate the default certificate for this client.
datanode_1  | 2019-10-28 09:08:38,442 INFO ipc.Client: Retrying connect to server: scm/172.18.0.6:9961. Already tried 5 time(s); retry policy is RetryUpToMaximumCountWithFixedSleep(maxRetries=2147483647, sleepTime=1000 MILLISECONDS)
datanode_2  | 2019-10-28 09:08:31,864 INFO ipc.Client: Retrying connect to server: scm/172.18.0.6:9961. Already tried 4 time(s); retry policy is RetryUpToMaximumCountWithFixedSleep(maxRetries=2147483647, sleepTime=1000 MILLISECONDS)
kdc_1       | Entry for principal om/om@EXAMPLE.COM with kvno 2, encryption type aes128-cts-hmac-sha1-96 added to keytab WRFILE:/data/om.om.keytab.
datanode_3  | 2019-10-28 09:08:31,248 [main] INFO       - ip:127.0.0.1,host:localhost not returned.
s3g_1       | 20191028/us-west-1/s3/aws4_request
recon_1     | 2019-10-28 09:08:57,477 [main] INFO       - Stopping Recon server
kms_1       | [domain_realm]
scm_1       | WARNING: Please consider reporting this to the maintainers of org.apache.hadoop.security.authentication.util.KerberosUtil
om_1        | 2019-10-28 09:08:43,518 INFO client.OMCertificateClient: Certificate client init case: 0
datanode_1  | 2019-10-28 09:08:39,444 INFO ipc.Client: Retrying connect to server: scm/172.18.0.6:9961. Already tried 6 time(s); retry policy is RetryUpToMaximumCountWithFixedSleep(maxRetries=2147483647, sleepTime=1000 MILLISECONDS)
datanode_2  | 2019-10-28 09:08:32,866 INFO ipc.Client: Retrying connect to server: scm/172.18.0.6:9961. Already tried 5 time(s); retry policy is RetryUpToMaximumCountWithFixedSleep(maxRetries=2147483647, sleepTime=1000 MILLISECONDS)
kdc_1       | Generiting keytab
datanode_3  | 2019-10-28 09:08:31,254 [main] INFO       - Creating csr for DN-> subject:root@e67fe4008200
s3g_1       | b75c20cab6f53244b1a7a8e37283bc09d7ba7145985bc9feb84444f95c87867f, signature=73c3c3951f0c60d96afb9a3326235d3e8a2cc8a17eaff1d13f07f4545d3148ae, awsAccessKeyId=dlfknslnfslf
recon_1     | java.lang.NullPointerException
kms_1       |  .example.com = EXAMPLE.COM
scm_1       | WARNING: Use --illegal-access=warn to enable warnings of further illegal reflective access operations
om_1        | 2019-10-28 09:08:43,519 INFO client.OMCertificateClient: Creating keypair for client as keypair and certificate not found.
datanode_1  | 2019-10-28 09:08:40,445 INFO ipc.Client: Retrying connect to server: scm/172.18.0.6:9961. Already tried 7 time(s); retry policy is RetryUpToMaximumCountWithFixedSleep(maxRetries=2147483647, sleepTime=1000 MILLISECONDS)
datanode_2  | 2019-10-28 09:08:33,868 INFO ipc.Client: Retrying connect to server: scm/172.18.0.6:9961. Already tried 6 time(s); retry policy is RetryUpToMaximumCountWithFixedSleep(maxRetries=2147483647, sleepTime=1000 MILLISECONDS)
kdc_1       | Authenticating as principal admin/admin with keytab /tmp/admin.keytab.
datanode_3  | 2019-10-28 09:08:32,460 INFO ipc.Client: Retrying connect to server: scm/172.18.0.6:9961. Already tried 0 time(s); retry policy is RetryUpToMaximumCountWithFixedSleep(maxRetries=2147483647, sleepTime=1000 MILLISECONDS)
s3g_1       | 2019-10-28 09:16:08,210 WARN ipc.Client: Exception encountered while connecting to the server : org.apache.hadoop.ipc.RemoteException(org.apache.hadoop.security.token.SecretManager$InvalidToken): No S3 secret found for S3 identifier:OzoneToken owner=dlfknslnfslf, renewer=, realUser=, issueDate=0, maxDate=0, sequenceNumber=0, masterKeyId=0, strToSign=AWS4-HMAC-SHA256
recon_1     | 	at org.apache.hadoop.ozone.recon.ReconServer.stop(ReconServer.java:115)
kms_1       | WARNING: /opt/hadoop/temp does not exist. Creating.
scm_1       | WARNING: All illegal access operations will be denied in a future release
om_1        | 2019-10-28 09:08:43,962 [main] INFO       - Init response: GETCERT
datanode_1  | 2019-10-28 09:08:41,447 INFO ipc.Client: Retrying connect to server: scm/172.18.0.6:9961. Already tried 8 time(s); retry policy is RetryUpToMaximumCountWithFixedSleep(maxRetries=2147483647, sleepTime=1000 MILLISECONDS)
datanode_2  | 2019-10-28 09:08:34,869 INFO ipc.Client: Retrying connect to server: scm/172.18.0.6:9961. Already tried 7 time(s); retry policy is RetryUpToMaximumCountWithFixedSleep(maxRetries=2147483647, sleepTime=1000 MILLISECONDS)
kdc_1       | WARNING: no policy specified for dn/7051c032ea60@EXAMPLE.COM; defaulting to no policy
datanode_3  | 2019-10-28 09:08:33,461 INFO ipc.Client: Retrying connect to server: scm/172.18.0.6:9961. Already tried 1 time(s); retry policy is RetryUpToMaximumCountWithFixedSleep(maxRetries=2147483647, sleepTime=1000 MILLISECONDS)
s3g_1       | 20191028T091608Z
recon_1     | 	at org.apache.hadoop.ozone.recon.ReconServer.call(ReconServer.java:100)
kms_1       | WARNING: /opt/hadoop/logs does not exist. Creating.
scm_1       | 2019-10-28 09:08:39,830 INFO security.UserGroupInformation: Login successful for user scm/scm@EXAMPLE.COM using keytab file /etc/security/keytabs/scm.keytab
om_1        | 2019-10-28 09:08:44,002 [main] INFO       - Adding ip:172.18.0.9,host:om
datanode_1  | 2019-10-28 09:08:43,414 [main] INFO       - Successfully stored SCM signed certificate, case:GETCERT.
datanode_2  | 2019-10-28 09:08:35,871 INFO ipc.Client: Retrying connect to server: scm/172.18.0.6:9961. Already tried 8 time(s); retry policy is RetryUpToMaximumCountWithFixedSleep(maxRetries=2147483647, sleepTime=1000 MILLISECONDS)
kdc_1       | Principal "dn/7051c032ea60@EXAMPLE.COM" created.
datanode_3  | 2019-10-28 09:08:34,463 INFO ipc.Client: Retrying connect to server: scm/172.18.0.6:9961. Already tried 2 time(s); retry policy is RetryUpToMaximumCountWithFixedSleep(maxRetries=2147483647, sleepTime=1000 MILLISECONDS)
s3g_1       | 20191028/us-west-1/s3/aws4_request
recon_1     | 	at org.apache.hadoop.ozone.recon.ReconServer.call(ReconServer.java:41)
kms_1       | Oct 28, 2019 9:08:26 AM com.sun.jersey.api.core.PackagesResourceConfig init
scm_1       | 2019-10-28 09:08:39,830 INFO server.StorageContainerManager: SCM login successful.
om_1        | 2019-10-28 09:08:44,002 [main] INFO       - ip:127.0.0.1,host:localhost not returned.
datanode_1  | 2019-10-28 09:08:43,458 [main] INFO       - Creating Volume: /data/hdds/hdds of  storage type : DISK and capacity : 10908285698048
datanode_2  | 2019-10-28 09:08:36,874 INFO ipc.Client: Retrying connect to server: scm/172.18.0.6:9961. Already tried 9 time(s); retry policy is RetryUpToMaximumCountWithFixedSleep(maxRetries=2147483647, sleepTime=1000 MILLISECONDS)
kdc_1       | Authenticating as principal admin/admin with keytab /tmp/admin.keytab.
datanode_3  | 2019-10-28 09:08:35,465 INFO ipc.Client: Retrying connect to server: scm/172.18.0.6:9961. Already tried 3 time(s); retry policy is RetryUpToMaximumCountWithFixedSleep(maxRetries=2147483647, sleepTime=1000 MILLISECONDS)
s3g_1       | b75c20cab6f53244b1a7a8e37283bc09d7ba7145985bc9feb84444f95c87867f, signature=73c3c3951f0c60d96afb9a3326235d3e8a2cc8a17eaff1d13f07f4545d3148ae, awsAccessKeyId=dlfknslnfslf
recon_1     | 	at picocli.CommandLine.execute(CommandLine.java:1173)
kms_1       | INFO: Scanning for root resource and provider classes in the packages:
scm_1       | 2019-10-28 09:08:39,831 WARN server.ServerUtils: ozone.scm.db.dirs is not configured. We recommend adding this setting. Falling back to ozone.metadata.dirs instead.
om_1        | 2019-10-28 09:08:44,008 [main] INFO       - Creating csr for OM->dns:om,ip:172.18.0.9,scmId:20efa866-d834-48af-a517-3b3685bc8d28,clusterId:CID-64110240-3ac3-4d51-ba87-d41bd838f1a0,subject:root@om
datanode_1  | 2019-10-28 09:08:43,460 [main] INFO       - Added Volume : /data/hdds/hdds to VolumeSet
datanode_2  | 2019-10-28 09:08:37,876 INFO ipc.Client: Retrying connect to server: scm/172.18.0.6:9961. Already tried 10 time(s); retry policy is RetryUpToMaximumCountWithFixedSleep(maxRetries=2147483647, sleepTime=1000 MILLISECONDS)
kdc_1       | Oct 28 09:08:15 kdc krb5kdc[9](info): AS_REQ (8 etypes {18 17 20 19 16 23 25 26}) 127.0.0.1: SERVER_NOT_FOUND: admin/admin@EXAMPLE.COM for kadmin/localhost@EXAMPLE.COM, Server not found in Kerberos database
datanode_3  | 2019-10-28 09:08:36,466 INFO ipc.Client: Retrying connect to server: scm/172.18.0.6:9961. Already tried 4 time(s); retry policy is RetryUpToMaximumCountWithFixedSleep(maxRetries=2147483647, sleepTime=1000 MILLISECONDS)
s3g_1       | 2019-10-28 09:16:08,211 INFO retry.RetryInvocationHandler: com.google.protobuf.ServiceException: org.apache.hadoop.ipc.RemoteException(org.apache.hadoop.security.token.SecretManager$InvalidToken): No S3 secret found for S3 identifier:OzoneToken owner=dlfknslnfslf, renewer=, realUser=, issueDate=0, maxDate=0, sequenceNumber=0, masterKeyId=0, strToSign=AWS4-HMAC-SHA256
recon_1     | 	at picocli.CommandLine.access$800(CommandLine.java:141)
kms_1       |   org.apache.hadoop.crypto.key.kms.server
scm_1       | 2019-10-28 09:08:39,855 INFO util.log: Logging initialized @1339ms
om_1        | 2019-10-28 09:08:44,140 [main] INFO       - OzoneManager ports added:[name: "RPC"
datanode_1  | 2019-10-28 09:08:43,469 [main] INFO       - Scheduling a check for /data/hdds/hdds
kdc_1       | Oct 28 09:08:15 kdc krb5kdc[9](info): AS_REQ (8 etypes {18 17 20 19 16 23 25 26}) 127.0.0.1: ISSUE: authtime 1572253695, etypes {rep=18 tkt=18 ses=18}, admin/admin@EXAMPLE.COM for kadmin/admin@EXAMPLE.COM
datanode_2  | 2019-10-28 09:08:38,877 INFO ipc.Client: Retrying connect to server: scm/172.18.0.6:9961. Already tried 11 time(s); retry policy is RetryUpToMaximumCountWithFixedSleep(maxRetries=2147483647, sleepTime=1000 MILLISECONDS)
datanode_3  | 2019-10-28 09:08:37,468 INFO ipc.Client: Retrying connect to server: scm/172.18.0.6:9961. Already tried 5 time(s); retry policy is RetryUpToMaximumCountWithFixedSleep(maxRetries=2147483647, sleepTime=1000 MILLISECONDS)
s3g_1       | 20191028T091608Z
recon_1     | 	at picocli.CommandLine$RunLast.handle(CommandLine.java:1367)
kms_1       | Oct 28, 2019 9:08:26 AM com.sun.jersey.api.core.ScanningResourceConfig logClasses
scm_1       | 2019-10-28 09:08:39,952 INFO db.DBStoreBuilder: using custom profile for table: deletedBlocks
om_1        | value: 9862
datanode_1  | 2019-10-28 09:08:43,490 [main] INFO       - Scheduled health check for volume /data/hdds/hdds
kdc_1       | Oct 28 09:08:15 kdc krb5kdc[9](info): AS_REQ (8 etypes {18 17 20 19 16 23 25 26}) 127.0.0.1: SERVER_NOT_FOUND: admin/admin@EXAMPLE.COM for kadmin/localhost@EXAMPLE.COM, Server not found in Kerberos database
datanode_2  | 2019-10-28 09:08:39,879 INFO ipc.Client: Retrying connect to server: scm/172.18.0.6:9961. Already tried 12 time(s); retry policy is RetryUpToMaximumCountWithFixedSleep(maxRetries=2147483647, sleepTime=1000 MILLISECONDS)
datanode_3  | 2019-10-28 09:08:38,470 INFO ipc.Client: Retrying connect to server: scm/172.18.0.6:9961. Already tried 6 time(s); retry policy is RetryUpToMaximumCountWithFixedSleep(maxRetries=2147483647, sleepTime=1000 MILLISECONDS)
s3g_1       | 20191028/us-west-1/s3/aws4_request
recon_1     | 	at picocli.CommandLine$RunLast.handle(CommandLine.java:1335)
kms_1       | INFO: Root resource classes found:
scm_1       | 2019-10-28 09:08:39,952 INFO db.DBStoreBuilder: Using default column profile:DBProfile.DISK for Table:deletedBlocks
om_1        | ]
datanode_1  | 2019-10-28 09:08:43,983 WARN scm.HddsServerUtil: Storage directory for Ratis is not configured. It is a good idea to map this to an SSD disk. Falling back to ozone.metadata.dirs
datanode_2  | 2019-10-28 09:08:40,880 INFO ipc.Client: Retrying connect to server: scm/172.18.0.6:9961. Already tried 13 time(s); retry policy is RetryUpToMaximumCountWithFixedSleep(maxRetries=2147483647, sleepTime=1000 MILLISECONDS)
kdc_1       | Oct 28 09:08:15 kdc krb5kdc[9](info): AS_REQ (8 etypes {18 17 20 19 16 23 25 26}) 127.0.0.1: ISSUE: authtime 1572253695, etypes {rep=18 tkt=18 ses=18}, admin/admin@EXAMPLE.COM for kadmin/admin@EXAMPLE.COM
datanode_3  | 2019-10-28 09:08:39,471 INFO ipc.Client: Retrying connect to server: scm/172.18.0.6:9961. Already tried 7 time(s); retry policy is RetryUpToMaximumCountWithFixedSleep(maxRetries=2147483647, sleepTime=1000 MILLISECONDS)
s3g_1       | b75c20cab6f53244b1a7a8e37283bc09d7ba7145985bc9feb84444f95c87867f, signature=73c3c3951f0c60d96afb9a3326235d3e8a2cc8a17eaff1d13f07f4545d3148ae, awsAccessKeyId=dlfknslnfslf, while invoking $Proxy83.submitRequest over nodeId=null,nodeAddress=om:9862 after 1 failover attempts. Trying to failover immediately.
recon_1     | 	at picocli.CommandLine$AbstractParseResultHandler.handleParseResult(CommandLine.java:1243)
kms_1       |   class org.apache.hadoop.crypto.key.kms.server.KMS
scm_1       | 2019-10-28 09:08:39,952 INFO db.DBStoreBuilder: using custom profile for table: validCerts
datanode_1  | 2019-10-28 09:08:44,012 INFO impl.RaftServerProxy: raft.rpc.type = GRPC (default)
datanode_2  | 2019-10-28 09:08:41,882 INFO ipc.Client: Retrying connect to server: scm/172.18.0.6:9961. Already tried 14 time(s); retry policy is RetryUpToMaximumCountWithFixedSleep(maxRetries=2147483647, sleepTime=1000 MILLISECONDS)
om_1        | 2019-10-28 09:08:44,229 [main] INFO       - Successfully stored SCM signed certificate.
kdc_1       | Oct 28 09:08:15 kdc krb5kdc[9](info): AS_REQ (8 etypes {18 17 20 19 16 23 25 26}) 127.0.0.1: SERVER_NOT_FOUND: admin/admin@EXAMPLE.COM for kadmin/localhost@EXAMPLE.COM, Server not found in Kerberos database
datanode_3  | 2019-10-28 09:08:40,475 INFO ipc.Client: Retrying connect to server: scm/172.18.0.6:9961. Already tried 8 time(s); retry policy is RetryUpToMaximumCountWithFixedSleep(maxRetries=2147483647, sleepTime=1000 MILLISECONDS)
s3g_1       | 2019-10-28 09:16:08,216 WARN ipc.Client: Exception encountered while connecting to the server : org.apache.hadoop.ipc.RemoteException(org.apache.hadoop.security.token.SecretManager$InvalidToken): No S3 secret found for S3 identifier:OzoneToken owner=dlfknslnfslf, renewer=, realUser=, issueDate=0, maxDate=0, sequenceNumber=0, masterKeyId=0, strToSign=AWS4-HMAC-SHA256
recon_1     | 	at picocli.CommandLine.parseWithHandlers(CommandLine.java:1526)
kms_1       | Oct 28, 2019 9:08:26 AM com.sun.jersey.api.core.ScanningResourceConfig logClasses
scm_1       | 2019-10-28 09:08:39,952 INFO db.DBStoreBuilder: Using default column profile:DBProfile.DISK for Table:validCerts
datanode_1  | 2019-10-28 09:08:44,086 INFO grpc.GrpcConfigKeys$Server: raft.grpc.server.port = 9858 (custom)
datanode_2  | 2019-10-28 09:08:43,360 [main] INFO       - Successfully stored SCM signed certificate, case:GETCERT.
om_1        | OM initialization succeeded.Current cluster id for sd=/data/metadata/om;cid=CID-64110240-3ac3-4d51-ba87-d41bd838f1a0
kdc_1       | Oct 28 09:08:15 kdc krb5kdc[9](info): AS_REQ (8 etypes {18 17 20 19 16 23 25 26}) 127.0.0.1: ISSUE: authtime 1572253695, etypes {rep=18 tkt=18 ses=18}, admin/admin@EXAMPLE.COM for kadmin/admin@EXAMPLE.COM
datanode_3  | 2019-10-28 09:08:41,477 INFO ipc.Client: Retrying connect to server: scm/172.18.0.6:9961. Already tried 9 time(s); retry policy is RetryUpToMaximumCountWithFixedSleep(maxRetries=2147483647, sleepTime=1000 MILLISECONDS)
s3g_1       | 20191028T091608Z
recon_1     | 	at picocli.CommandLine.parseWithHandler(CommandLine.java:1465)
scm_1       | 2019-10-28 09:08:39,952 INFO db.DBStoreBuilder: using custom profile for table: revokedCerts
datanode_1  | 2019-10-28 09:08:44,087 INFO server.GrpcService: raft.grpc.message.size.max = 33570816 (custom)
datanode_2  | 2019-10-28 09:08:43,451 [main] INFO       - Creating Volume: /data/hdds/hdds of  storage type : DISK and capacity : 10908285698048
kms_1       | INFO: Provider classes found:
om_1        | 2019-10-28 09:08:44,276 [shutdown-hook-0] INFO       - SHUTDOWN_MSG: 
kdc_1       | Oct 28 09:08:15 kdc krb5kdc[9](info): AS_REQ (8 etypes {18 17 20 19 16 23 25 26}) 127.0.0.1: SERVER_NOT_FOUND: admin/admin@EXAMPLE.COM for kadmin/localhost@EXAMPLE.COM, Server not found in Kerberos database
datanode_3  | 2019-10-28 09:08:43,397 [main] INFO       - Successfully stored SCM signed certificate, case:GETCERT.
s3g_1       | 20191028/us-west-1/s3/aws4_request
recon_1     | 	at org.apache.hadoop.hdds.cli.GenericCli.execute(GenericCli.java:65)
scm_1       | 2019-10-28 09:08:39,952 INFO db.DBStoreBuilder: Using default column profile:DBProfile.DISK for Table:revokedCerts
datanode_1  | 2019-10-28 09:08:44,089 INFO server.RaftServerConfigKeys: raft.server.log.appender.buffer.byte-limit = 33554432 (custom)
datanode_2  | 2019-10-28 09:08:43,453 [main] INFO       - Added Volume : /data/hdds/hdds to VolumeSet
om_1        | /************************************************************
kdc_1       | Oct 28 09:08:15 kdc krb5kdc[9](info): AS_REQ (8 etypes {18 17 20 19 16 23 25 26}) 127.0.0.1: ISSUE: authtime 1572253695, etypes {rep=18 tkt=18 ses=18}, admin/admin@EXAMPLE.COM for kadmin/admin@EXAMPLE.COM
datanode_3  | 2019-10-28 09:08:43,441 [main] INFO       - Creating Volume: /data/hdds/hdds of  storage type : DISK and capacity : 10908285698048
s3g_1       | b75c20cab6f53244b1a7a8e37283bc09d7ba7145985bc9feb84444f95c87867f, signature=73c3c3951f0c60d96afb9a3326235d3e8a2cc8a17eaff1d13f07f4545d3148ae, awsAccessKeyId=dlfknslnfslf
scm_1       | 2019-10-28 09:08:39,962 INFO db.DBStoreBuilder: using custom profile for table: default
recon_1     | 	at org.apache.hadoop.hdds.cli.GenericCli.run(GenericCli.java:56)
kms_1       |   class org.apache.hadoop.crypto.key.kms.server.KMSJSONWriter
datanode_1  | 2019-10-28 09:08:44,089 INFO server.GrpcService: raft.grpc.flow.control.window = 1MB (=1048576) (default)
datanode_2  | 2019-10-28 09:08:43,461 [main] INFO       - Scheduling a check for /data/hdds/hdds
om_1        | SHUTDOWN_MSG: Shutting down OzoneManager at om/172.18.0.9
kdc_1       | Oct 28 09:08:15 kdc krb5kdc[9](info): AS_REQ (8 etypes {18 17 20 19 16 23 25 26}) 127.0.0.1: SERVER_NOT_FOUND: admin/admin@EXAMPLE.COM for kadmin/localhost@EXAMPLE.COM, Server not found in Kerberos database
datanode_3  | 2019-10-28 09:08:43,443 [main] INFO       - Added Volume : /data/hdds/hdds to VolumeSet
s3g_1       | 2019-10-28 09:16:08,217 INFO retry.RetryInvocationHandler: com.google.protobuf.ServiceException: org.apache.hadoop.ipc.RemoteException(org.apache.hadoop.security.token.SecretManager$InvalidToken): No S3 secret found for S3 identifier:OzoneToken owner=dlfknslnfslf, renewer=, realUser=, issueDate=0, maxDate=0, sequenceNumber=0, masterKeyId=0, strToSign=AWS4-HMAC-SHA256
scm_1       | 2019-10-28 09:08:39,962 INFO db.DBStoreBuilder: Using default column profile:DBProfile.DISK for Table:default
recon_1     | 	at org.apache.hadoop.ozone.recon.ReconServer.main(ReconServer.java:52)
kms_1       |   class org.apache.hadoop.crypto.key.kms.server.KMSExceptionsProvider
datanode_2  | 2019-10-28 09:08:43,481 [main] INFO       - Scheduled health check for volume /data/hdds/hdds
om_1        | ************************************************************/
kdc_1       | Oct 28 09:08:15 kdc krb5kdc[9](info): AS_REQ (8 etypes {18 17 20 19 16 23 25 26}) 127.0.0.1: ISSUE: authtime 1572253695, etypes {rep=18 tkt=18 ses=18}, admin/admin@EXAMPLE.COM for kadmin/admin@EXAMPLE.COM
datanode_3  | 2019-10-28 09:08:43,450 [main] INFO       - Scheduling a check for /data/hdds/hdds
datanode_1  | 2019-10-28 09:08:44,090 INFO server.RaftServerConfigKeys: raft.server.rpc.request.timeout = 3000ms (default)
scm_1       | 2019-10-28 09:08:39,964 INFO db.DBStoreBuilder: Using default options. DBProfile.DISK
s3g_1       | 20191028T091608Z
kms_1       |   class org.apache.hadoop.crypto.key.kms.server.KMSJSONReader
datanode_2  | 2019-10-28 09:08:43,953 WARN scm.HddsServerUtil: Storage directory for Ratis is not configured. It is a good idea to map this to an SSD disk. Falling back to ozone.metadata.dirs
kdc_1       | Oct 28 09:08:15 kdc krb5kdc[9](info): AS_REQ (8 etypes {18 17 20 19 16 23 25 26}) 127.0.0.1: SERVER_NOT_FOUND: admin/admin@EXAMPLE.COM for kadmin/localhost@EXAMPLE.COM, Server not found in Kerberos database
datanode_3  | 2019-10-28 09:08:43,472 [main] INFO       - Scheduled health check for volume /data/hdds/hdds
om_1        | Ozone Manager classpath extended by 
datanode_1  | 2019-10-28 09:08:44,218 INFO server.RaftServerConfigKeys: raft.server.storage.dir = [/data/metadata/ratis] (custom)
scm_1       | 2019-10-28 09:08:41,140 INFO ipc.CallQueueManager: Using callQueue: class java.util.concurrent.LinkedBlockingQueue, queueCapacity: 200, scheduler: class org.apache.hadoop.ipc.DefaultRpcScheduler, ipcBackoff: false.
s3g_1       | 20191028/us-west-1/s3/aws4_request
kms_1       | Oct 28, 2019 9:08:26 AM com.sun.jersey.server.impl.application.WebApplicationImpl _initiate
datanode_2  | 2019-10-28 09:08:43,982 INFO impl.RaftServerProxy: raft.rpc.type = GRPC (default)
kdc_1       | Oct 28 09:08:15 kdc krb5kdc[9](info): AS_REQ (8 etypes {18 17 20 19 16 23 25 26}) 127.0.0.1: ISSUE: authtime 1572253695, etypes {rep=18 tkt=18 ses=18}, admin/admin@EXAMPLE.COM for kadmin/admin@EXAMPLE.COM
datanode_3  | 2019-10-28 09:08:43,918 WARN scm.HddsServerUtil: Storage directory for Ratis is not configured. It is a good idea to map this to an SSD disk. Falling back to ozone.metadata.dirs
om_1        | 2019-10-28 09:08:45,243 [main] INFO       - STARTUP_MSG: 
datanode_1  | 2019-10-28 09:08:44,289 INFO hdfs.DFSUtil: Starting web server as: HTTP/1636048bc976@EXAMPLE.COM
scm_1       | 2019-10-28 09:08:41,175 INFO ipc.Server: Starting Socket Reader #1 for port 9961
s3g_1       | b75c20cab6f53244b1a7a8e37283bc09d7ba7145985bc9feb84444f95c87867f, signature=73c3c3951f0c60d96afb9a3326235d3e8a2cc8a17eaff1d13f07f4545d3148ae, awsAccessKeyId=dlfknslnfslf, while invoking $Proxy83.submitRequest over nodeId=null,nodeAddress=om:9862 after 2 failover attempts. Trying to failover immediately.
kms_1       | INFO: Initiating Jersey application, version 'Jersey: 1.19 02/11/2015 03:25 AM'
datanode_2  | 2019-10-28 09:08:44,044 INFO grpc.GrpcConfigKeys$Server: raft.grpc.server.port = 9858 (custom)
kdc_1       | Oct 28 09:08:16 kdc krb5kdc[9](info): AS_REQ (8 etypes {18 17 20 19 16 23 25 26}) 127.0.0.1: SERVER_NOT_FOUND: admin/admin@EXAMPLE.COM for kadmin/localhost@EXAMPLE.COM, Server not found in Kerberos database
datanode_3  | 2019-10-28 09:08:43,944 INFO impl.RaftServerProxy: raft.rpc.type = GRPC (default)
om_1        | /************************************************************
datanode_1  | 2019-10-28 09:08:44,290 INFO hdfs.DFSUtil: Starting Web-server for hddsDatanode at: http://0.0.0.0:9882
scm_1       | 2019-10-28 09:08:41,273 INFO net.NodeSchemaLoader: Loading file from java.lang.CompoundEnumeration@4bdcaf36
s3g_1       | 2019-10-28 09:16:08,222 WARN ipc.Client: Exception encountered while connecting to the server : org.apache.hadoop.ipc.RemoteException(org.apache.hadoop.security.token.SecretManager$InvalidToken): No S3 secret found for S3 identifier:OzoneToken owner=dlfknslnfslf, renewer=, realUser=, issueDate=0, maxDate=0, sequenceNumber=0, masterKeyId=0, strToSign=AWS4-HMAC-SHA256
datanode_2  | 2019-10-28 09:08:44,045 INFO server.GrpcService: raft.grpc.message.size.max = 33570816 (custom)
datanode_3  | 2019-10-28 09:08:44,012 INFO grpc.GrpcConfigKeys$Server: raft.grpc.server.port = 9858 (custom)
kdc_1       | Oct 28 09:08:16 kdc krb5kdc[9](info): AS_REQ (8 etypes {18 17 20 19 16 23 25 26}) 127.0.0.1: ISSUE: authtime 1572253696, etypes {rep=18 tkt=18 ses=18}, admin/admin@EXAMPLE.COM for kadmin/admin@EXAMPLE.COM
om_1        | STARTUP_MSG: Starting OzoneManager
scm_1       | 2019-10-28 09:08:41,274 INFO net.NodeSchemaLoader: Loading network topology layer schema file
datanode_1  | 2019-10-28 09:08:44,311 INFO util.log: Logging initialized @19029ms
s3g_1       | 20191028T091608Z
datanode_2  | 2019-10-28 09:08:44,048 INFO server.RaftServerConfigKeys: raft.server.log.appender.buffer.byte-limit = 33554432 (custom)
datanode_3  | 2019-10-28 09:08:44,013 INFO server.GrpcService: raft.grpc.message.size.max = 33570816 (custom)
kdc_1       | Oct 28 09:08:16 kdc krb5kdc[9](info): AS_REQ (8 etypes {18 17 20 19 16 23 25 26}) 127.0.0.1: SERVER_NOT_FOUND: admin/admin@EXAMPLE.COM for kadmin/localhost@EXAMPLE.COM, Server not found in Kerberos database
om_1        | STARTUP_MSG:   host = om/172.18.0.9
datanode_1  | 2019-10-28 09:08:44,388 INFO server.AuthenticationFilter: Unable to initialize FileSignerSecretProvider, falling back to use random secrets.
s3g_1       | 20191028/us-west-1/s3/aws4_request
scm_1       | 2019-10-28 09:08:41,344 INFO node.SCMNodeManager: Entering startup safe mode.
datanode_2  | 2019-10-28 09:08:44,048 INFO server.GrpcService: raft.grpc.flow.control.window = 1MB (=1048576) (default)
datanode_3  | 2019-10-28 09:08:44,016 INFO server.RaftServerConfigKeys: raft.server.log.appender.buffer.byte-limit = 33554432 (custom)
kdc_1       | Oct 28 09:08:16 kdc krb5kdc[9](info): AS_REQ (8 etypes {18 17 20 19 16 23 25 26}) 127.0.0.1: ISSUE: authtime 1572253696, etypes {rep=18 tkt=18 ses=18}, admin/admin@EXAMPLE.COM for kadmin/admin@EXAMPLE.COM
om_1        | STARTUP_MSG:   args = []
datanode_1  | 2019-10-28 09:08:44,390 INFO http.HttpRequestLog: Http request log for http.requests.hddsDatanode is not defined
s3g_1       | b75c20cab6f53244b1a7a8e37283bc09d7ba7145985bc9feb84444f95c87867f, signature=73c3c3951f0c60d96afb9a3326235d3e8a2cc8a17eaff1d13f07f4545d3148ae, awsAccessKeyId=dlfknslnfslf
scm_1       | 2019-10-28 09:08:41,470 INFO algorithms.ContainerPlacementPolicyFactory: Create container placement policy of type org.apache.hadoop.hdds.scm.container.placement.algorithms.SCMContainerPlacementRandom
datanode_2  | 2019-10-28 09:08:44,049 INFO server.RaftServerConfigKeys: raft.server.rpc.request.timeout = 3000ms (default)
datanode_3  | 2019-10-28 09:08:44,016 INFO server.GrpcService: raft.grpc.flow.control.window = 1MB (=1048576) (default)
kdc_1       | Oct 28 09:08:16 kdc krb5kdc[9](info): AS_REQ (8 etypes {18 17 20 19 16 23 25 26}) 127.0.0.1: SERVER_NOT_FOUND: admin/admin@EXAMPLE.COM for kadmin/localhost@EXAMPLE.COM, Server not found in Kerberos database
om_1        | STARTUP_MSG:   version = 3.2.0
datanode_1  | 2019-10-28 09:08:44,396 INFO http.HttpServer2: Added global filter 'safety' (class=org.apache.hadoop.http.HttpServer2$QuotingInputFilter)
s3g_1       | 2019-10-28 09:16:08,223 INFO retry.RetryInvocationHandler: com.google.protobuf.ServiceException: org.apache.hadoop.ipc.RemoteException(org.apache.hadoop.security.token.SecretManager$InvalidToken): No S3 secret found for S3 identifier:OzoneToken owner=dlfknslnfslf, renewer=, realUser=, issueDate=0, maxDate=0, sequenceNumber=0, masterKeyId=0, strToSign=AWS4-HMAC-SHA256
scm_1       | 2019-10-28 09:08:41,486 WARN server.ServerUtils: ozone.scm.db.dirs is not configured. We recommend adding this setting. Falling back to ozone.metadata.dirs instead.
datanode_2  | 2019-10-28 09:08:44,183 INFO server.RaftServerConfigKeys: raft.server.storage.dir = [/data/metadata/ratis] (custom)
datanode_3  | 2019-10-28 09:08:44,017 INFO server.RaftServerConfigKeys: raft.server.rpc.request.timeout = 3000ms (default)
kdc_1       | Oct 28 09:08:16 kdc krb5kdc[9](info): AS_REQ (8 etypes {18 17 20 19 16 23 25 26}) 127.0.0.1: ISSUE: authtime 1572253696, etypes {rep=18 tkt=18 ses=18}, admin/admin@EXAMPLE.COM for kadmin/admin@EXAMPLE.COM
datanode_1  | 2019-10-28 09:08:44,397 INFO http.HttpServer2: Added filter authentication (class=org.apache.hadoop.security.authentication.server.AuthenticationFilter) to context hddsDatanode
om_1        | STARTUP_MSG:   classpath = /etc/hadoop:/opt/hadoop/share/hadoop/common/*:/opt/hadoop/share/ozone/lib/kerb-simplekdc-1.0.1.jar:/opt/hadoop/share/ozone/lib/protobuf-java-2.5.0.jar:/opt/hadoop/share/ozone/lib/bcpkix-jdk15on-1.60.jar:/opt/hadoop/share/ozone/lib/sqlite-jdbc-3.25.2.jar:/opt/hadoop/share/ozone/lib/netty-3.10.5.Final.jar:/opt/hadoop/share/ozone/lib/commons-validator-1.6.jar:/opt/hadoop/share/ozone/lib/jaxb-impl-2.3.0.1.jar:/opt/hadoop/share/ozone/lib/kerb-core-1.0.1.jar:/opt/hadoop/share/ozone/lib/hadoop-ozone-common-0.5.0-SNAPSHOT.jar:/opt/hadoop/share/ozone/lib/ratis-thirdparty-misc-0.2.0.jar:/opt/hadoop/share/ozone/lib/jsr305-3.0.0.jar:/opt/hadoop/share/ozone/lib/leveldbjni-all-1.8.jar:/opt/hadoop/share/ozone/lib/htrace-core4-4.1.0-incubating.jar:/opt/hadoop/share/ozone/lib/hadoop-annotations-3.2.0.jar:/opt/hadoop/share/ozone/lib/hadoop-hdds-tools-0.5.0-SNAPSHOT.jar:/opt/hadoop/share/ozone/lib/kerb-util-1.0.1.jar:/opt/hadoop/share/ozone/lib/jackson-jaxrs-1.9.13.jar:/opt/hadoop/share/ozone/lib/ratis-server-0.5.0-d6d58d0-SNAPSHOT.jar:/opt/hadoop/share/ozone/lib/kerby-xdr-1.0.1.jar:/opt/hadoop/share/ozone/lib/jetty-webapp-9.3.25.v20180904.jar:/opt/hadoop/share/ozone/lib/jackson-core-asl-1.9.13.jar:/opt/hadoop/share/ozone/lib/commons-net-3.6.jar:/opt/hadoop/share/ozone/lib/log4j-api-2.11.0.jar:/opt/hadoop/share/ozone/lib/netty-all-4.0.52.Final.jar:/opt/hadoop/share/ozone/lib/hadoop-hdfs-3.2.0.jar:/opt/hadoop/share/ozone/lib/jline-0.9.94.jar:/opt/hadoop/share/ozone/lib/opentracing-api-0.31.0.jar:/opt/hadoop/share/ozone/lib/hadoop-hdds-server-framework-0.5.0-SNAPSHOT.jar:/opt/hadoop/share/ozone/lib/slf4j-log4j12-1.7.25.jar:/opt/hadoop/share/ozone/lib/hadoop-hdfs-client-3.2.0.jar:/opt/hadoop/share/ozone/lib/kerby-config-1.0.1.jar:/opt/hadoop/share/ozone/lib/jetty-util-9.3.25.v20180904.jar:/opt/hadoop/share/ozone/lib/libthrift-0.12.0.jar:/opt/hadoop/share/ozone/lib/metrics-core-3.2.4.jar:/opt/hadoop/share/ozone/lib/kerby-pkix-1.0.1.jar:/opt/hadoop/share/ozone/lib/xz-1.0.jar:/opt/hadoop/share/ozone/lib/hadoop-hdds-config-0.5.0-SNAPSHOT.jar:/opt/hadoop/share/ozone/lib/nimbus-jose-jwt-4.41.1.jar:/opt/hadoop/share/ozone/lib/jsr311-api-1.1.1.jar:/opt/hadoop/share/ozone/lib/commons-beanutils-1.9.4.jar:/opt/hadoop/share/ozone/lib/ratis-grpc-0.5.0-d6d58d0-SNAPSHOT.jar:/opt/hadoop/share/ozone/lib/ratis-netty-0.5.0-d6d58d0-SNAPSHOT.jar:/opt/hadoop/share/ozone/lib/javax.servlet-api-3.1.0.jar:/opt/hadoop/share/ozone/lib/kerb-server-1.0.1.jar:/opt/hadoop/share/ozone/lib/zookeeper-3.4.13.jar:/opt/hadoop/share/ozone/lib/avro-1.7.7.jar:/opt/hadoop/share/ozone/lib/kerb-client-1.0.1.jar:/opt/hadoop/share/ozone/lib/jackson-xc-1.9.13.jar:/opt/hadoop/share/ozone/lib/disruptor-3.4.2.jar:/opt/hadoop/share/ozone/lib/guava-11.0.2.jar:/opt/hadoop/share/ozone/lib/ratis-client-0.5.0-d6d58d0-SNAPSHOT.jar:/opt/hadoop/share/ozone/lib/hadoop-hdds-common-0.5.0-SNAPSHOT.jar:/opt/hadoop/share/ozone/lib/curator-framework-2.12.0.jar:/opt/hadoop/share/ozone/lib/dnsjava-2.1.7.jar:/opt/hadoop/share/ozone/lib/commons-configuration2-2.1.1.jar:/opt/hadoop/share/ozone/lib/json-smart-2.3.jar:/opt/hadoop/share/ozone/lib/token-provider-1.0.1.jar:/opt/hadoop/share/ozone/lib/log4j-1.2.17.jar:/opt/hadoop/share/ozone/lib/commons-daemon-1.0.13.jar:/opt/hadoop/share/ozone/lib/bcprov-jdk15on-1.60.jar:/opt/hadoop/share/ozone/lib/ratis-metrics-0.5.0-d6d58d0-SNAPSHOT.jar:/opt/hadoop/share/ozone/lib/commons-lang3-3.7.jar:/opt/hadoop/share/ozone/lib/commons-compress-1.4.1.jar:/opt/hadoop/share/ozone/lib/jaeger-client-0.34.0.jar:/opt/hadoop/share/ozone/lib/jetty-server-9.3.25.v20180904.jar:/opt/hadoop/share/ozone/lib/accessors-smart-1.2.jar:/opt/hadoop/share/ozone/lib/re2j-1.1.jar:/opt/hadoop/share/ozone/lib/curator-recipes-2.12.0.jar:/opt/hadoop/share/ozone/lib/jackson-core-2.9.9.jar:/opt/hadoop/share/ozone/lib/commons-math3-3.1.1.jar:/opt/hadoop/share/ozone/lib/opentracing-noop-0.31.0.jar:/opt/hadoop/share/ozone/lib/httpclient-4.5.2.jar:/opt/hadoop/share/ozone/lib/jaeger-core-0.34.0.jar:/opt/hadoop/share/ozone/lib/asm-5.0.4.jar:/opt/hadoop/share/ozone/lib/curator-client-2.12.0.jar:/opt/hadoop/share/ozone/lib/audience-annotations-0.5.0.jar:/opt/hadoop/share/ozone/lib/kerby-util-1.0.1.jar:/opt/hadoop/share/ozone/lib/jackson-mapper-asl-1.9.13.jar:/opt/hadoop/share/ozone/lib/rocksdbjni-6.0.1.jar:/opt/hadoop/share/ozone/lib/jsp-api-2.1.jar:/opt/hadoop/share/ozone/lib/jsch-0.1.54.jar:/opt/hadoop/share/ozone/lib/opentracing-tracerresolver-0.1.5.jar:/opt/hadoop/share/ozone/lib/paranamer-2.3.jar:/opt/hadoop/share/ozone/lib/log4j-core-2.11.0.jar:/opt/hadoop/share/ozone/lib/jetty-io-9.3.25.v20180904.jar:/opt/hadoop/share/ozone/lib/jetty-xml-9.3.25.v20180904.jar:/opt/hadoop/share/ozone/lib/commons-codec-1.11.jar:/opt/hadoop/share/ozone/lib/commons-pool2-2.6.0.jar:/opt/hadoop/share/ozone/lib/gson-2.2.4.jar:/opt/hadoop/share/ozone/lib/jcip-annotations-1.0-1.jar:/opt/hadoop/share/ozone/lib/kerb-admin-1.0.1.jar:/opt/hadoop/share/ozone/lib/okio-1.13.0.jar:/opt/hadoop/share/ozone/lib/commons-io-2.5.jar:/opt/hadoop/share/ozone/lib/snakeyaml-1.16.jar:/opt/hadoop/share/ozone/lib/hadoop-ozone-client-0.5.0-SNAPSHOT.jar:/opt/hadoop/share/ozone/lib/jersey-core-1.19.jar:/opt/hadoop/share/ozone/lib/jackson-databind-2.9.9.jar:/opt/hadoop/share/ozone/lib/hadoop-hdds-container-service-0.5.0-SNAPSHOT.jar:/opt/hadoop/share/ozone/lib/picocli-3.9.6.jar:/opt/hadoop/share/ozone/lib/jaeger-thrift-0.34.0.jar:/opt/hadoop/share/ozone/lib/ratis-common-0.5.0-d6d58d0-SNAPSHOT.jar:/opt/hadoop/share/ozone/lib/jackson-annotations-2.9.9.jar:/opt/hadoop/share/ozone/lib/commons-cli-1.2.jar:/opt/hadoop/share/ozone/lib/hadoop-hdds-docs-0.5.0-SNAPSHOT.jar:/opt/hadoop/share/ozone/lib/woodstox-core-5.0.3.jar:/opt/hadoop/share/ozone/lib/javax.annotation-api-1.2.jar:/opt/hadoop/share/ozone/lib/snappy-java-1.0.5.jar:/opt/hadoop/share/ozone/lib/jaeger-tracerresolver-0.34.0.jar:/opt/hadoop/share/ozone/lib/jetty-security-9.3.25.v20180904.jar:/opt/hadoop/share/ozone/lib/jetty-http-9.3.25.v20180904.jar:/opt/hadoop/share/ozone/lib/kerby-asn1-1.0.1.jar:/opt/hadoop/share/ozone/lib/okhttp-3.9.0.jar:/opt/hadoop/share/ozone/lib/stax2-api-3.1.4.jar:/opt/hadoop/share/ozone/lib/commons-digester-1.8.1.jar:/opt/hadoop/share/ozone/lib/commons-collections-3.2.2.jar:/opt/hadoop/share/ozone/lib/jettison-1.1.jar:/opt/hadoop/share/ozone/lib/commons-text-1.4.jar:/opt/hadoop/share/ozone/lib/jersey-servlet-1.19.jar:/opt/hadoop/share/ozone/lib/jersey-json-1.19.jar:/opt/hadoop/share/ozone/lib/slf4j-api-1.7.25.jar:/opt/hadoop/share/ozone/lib/jetty-util-ajax-9.3.25.v20180904.jar:/opt/hadoop/share/ozone/lib/commons-logging-1.1.3.jar:/opt/hadoop/share/ozone/lib/hadoop-hdds-client-0.5.0-SNAPSHOT.jar:/opt/hadoop/share/ozone/lib/kerb-identity-1.0.1.jar:/opt/hadoop/share/ozone/lib/ratis-proto-0.5.0-d6d58d0-SNAPSHOT.jar:/opt/hadoop/share/ozone/lib/opentracing-util-0.31.0.jar:/opt/hadoop/share/ozone/lib/hadoop-common-3.2.0.jar:/opt/hadoop/share/ozone/lib/hadoop-auth-3.2.0.jar:/opt/hadoop/share/ozone/lib/kerb-common-1.0.1.jar:/opt/hadoop/share/ozone/lib/jetty-servlet-9.3.25.v20180904.jar:/opt/hadoop/share/ozone/lib/jersey-server-1.19.jar:/opt/hadoop/share/ozone/lib/kerb-crypto-1.0.1.jar:/opt/hadoop/share/ozone/lib/httpcore-4.4.4.jar:/opt/hadoop/share/ozone/web:/opt/hadoop/share/ozone/lib/hadoop-ozone-ozone-manager-0.5.0-SNAPSHOT.jar
s3g_1       | 20191028T091608Z
scm_1       | 2019-10-28 09:08:41,707 INFO pipeline.SCMPipelineManager: No pipeline exists in current db
datanode_2  | 2019-10-28 09:08:44,272 INFO hdfs.DFSUtil: Starting web server as: HTTP/132b6cb03f81@EXAMPLE.COM
datanode_3  | 2019-10-28 09:08:44,174 INFO server.RaftServerConfigKeys: raft.server.storage.dir = [/data/metadata/ratis] (custom)
kdc_1       | Oct 28 09:08:16 kdc krb5kdc[9](info): AS_REQ (8 etypes {18 17 20 19 16 23 25 26}) 127.0.0.1: SERVER_NOT_FOUND: admin/admin@EXAMPLE.COM for kadmin/localhost@EXAMPLE.COM, Server not found in Kerberos database
datanode_1  | 2019-10-28 09:08:44,397 INFO http.HttpServer2: Added filter authentication (class=org.apache.hadoop.security.authentication.server.AuthenticationFilter) to context static
s3g_1       | 20191028/us-west-1/s3/aws4_request
om_1        | STARTUP_MSG:   build = https://github.com/apache/hadoop.git -r e97acb3bd8f3befd27418996fa5d4b50bf2e17bf; compiled by 'sunilg' on 2019-01-15T17:34Z
scm_1       | 2019-10-28 09:08:41,709 WARN server.ServerUtils: ozone.scm.db.dirs is not configured. We recommend adding this setting. Falling back to ozone.metadata.dirs instead.
datanode_2  | 2019-10-28 09:08:44,273 INFO hdfs.DFSUtil: Starting Web-server for hddsDatanode at: http://0.0.0.0:9882
datanode_3  | 2019-10-28 09:08:44,256 INFO hdfs.DFSUtil: Starting web server as: HTTP/e67fe4008200@EXAMPLE.COM
kdc_1       | Oct 28 09:08:16 kdc krb5kdc[9](info): AS_REQ (8 etypes {18 17 20 19 16 23 25 26}) 127.0.0.1: ISSUE: authtime 1572253696, etypes {rep=18 tkt=18 ses=18}, admin/admin@EXAMPLE.COM for kadmin/admin@EXAMPLE.COM
datanode_1  | 2019-10-28 09:08:44,397 INFO http.HttpServer2: Added filter authentication (class=org.apache.hadoop.security.authentication.server.AuthenticationFilter) to context logs
s3g_1       | b75c20cab6f53244b1a7a8e37283bc09d7ba7145985bc9feb84444f95c87867f, signature=73c3c3951f0c60d96afb9a3326235d3e8a2cc8a17eaff1d13f07f4545d3148ae, awsAccessKeyId=dlfknslnfslf, while invoking $Proxy83.submitRequest over nodeId=null,nodeAddress=om:9862 after 3 failover attempts. Trying to failover immediately.
om_1        | STARTUP_MSG:   java = 11.0.3
scm_1       | 2019-10-28 09:08:41,820 WARN events.EventQueue: No event handler registered for event TypedEvent{payloadType=SafeModeStatus, name='SafeModeStatus'}
datanode_2  | 2019-10-28 09:08:44,298 INFO util.log: Logging initialized @20478ms
datanode_3  | 2019-10-28 09:08:44,256 INFO hdfs.DFSUtil: Starting Web-server for hddsDatanode at: http://0.0.0.0:9882
kdc_1       | Oct 28 09:08:15 kdc kadmind[15](info): closing down fd 18
datanode_1  | 2019-10-28 09:08:44,416 INFO http.HttpServer2: Jetty bound to port 9882
s3g_1       | 2019-10-28 09:16:08,229 WARN ipc.Client: Exception encountered while connecting to the server : org.apache.hadoop.ipc.RemoteException(org.apache.hadoop.security.token.SecretManager$InvalidToken): No S3 secret found for S3 identifier:OzoneToken owner=dlfknslnfslf, renewer=, realUser=, issueDate=0, maxDate=0, sequenceNumber=0, masterKeyId=0, strToSign=AWS4-HMAC-SHA256
om_1        | ************************************************************/
scm_1       | 2019-10-28 09:08:42,146 INFO ipc.CallQueueManager: Using callQueue: class java.util.concurrent.LinkedBlockingQueue, queueCapacity: 1000, scheduler: class org.apache.hadoop.ipc.DefaultRpcScheduler, ipcBackoff: false.
datanode_2  | 2019-10-28 09:08:44,415 INFO server.AuthenticationFilter: Unable to initialize FileSignerSecretProvider, falling back to use random secrets.
datanode_3  | 2019-10-28 09:08:44,283 INFO util.log: Logging initialized @20202ms
kdc_1       | Oct 28 09:08:15 kdc kadmind[15](Notice): Request: kadm5_init, admin/admin@EXAMPLE.COM, success, client=admin/admin@EXAMPLE.COM, service=kadmin/admin@EXAMPLE.COM, addr=127.0.0.1, vers=4, flavor=6
datanode_1  | 2019-10-28 09:08:44,417 INFO server.Server: jetty-9.3.25.v20180904, build timestamp: 2018-09-04T21:11:46Z, git hash: 3ce520221d0240229c862b122d2b06c12a625732
om_1        | 2019-10-28 09:08:45,255 [main] INFO       - registered UNIX signal handlers for [TERM, HUP, INT]
scm_1       | 2019-10-28 09:08:42,147 INFO ipc.Server: Starting Socket Reader #1 for port 9861
datanode_2  | 2019-10-28 09:08:44,418 INFO http.HttpRequestLog: Http request log for http.requests.hddsDatanode is not defined
s3g_1       | 20191028T091608Z
datanode_3  | 2019-10-28 09:08:44,407 INFO server.AuthenticationFilter: Unable to initialize FileSignerSecretProvider, falling back to use random secrets.
kdc_1       | Oct 28 09:08:15 kdc kadmind[15](Notice): Request: kadm5_get_policy, default, Policy does not exist, client=admin/admin@EXAMPLE.COM, service=kadmin/admin@EXAMPLE.COM, addr=127.0.0.1
om_1        | 2019-10-28 09:08:46,179 [main] INFO       - Configuration either no ozone.om.address set. Falling back to the default OM address om/172.18.0.9:9862
datanode_1  | 2019-10-28 09:08:44,441 INFO server.AuthenticationFilter: Unable to initialize FileSignerSecretProvider, falling back to use random secrets.
scm_1       | 2019-10-28 09:08:42,195 INFO ipc.CallQueueManager: Using callQueue: class java.util.concurrent.LinkedBlockingQueue, queueCapacity: 1000, scheduler: class org.apache.hadoop.ipc.DefaultRpcScheduler, ipcBackoff: false.
datanode_2  | 2019-10-28 09:08:44,429 INFO http.HttpServer2: Added global filter 'safety' (class=org.apache.hadoop.http.HttpServer2$QuotingInputFilter)
s3g_1       | 20191028/us-west-1/s3/aws4_request
datanode_3  | 2019-10-28 09:08:44,410 INFO http.HttpRequestLog: Http request log for http.requests.hddsDatanode is not defined
kdc_1       | Oct 28 09:08:15 kdc kadmind[15](Notice): Request: kadm5_create_principal, dn/132b6cb03f81@EXAMPLE.COM, success, client=admin/admin@EXAMPLE.COM, service=kadmin/admin@EXAMPLE.COM, addr=127.0.0.1
om_1        | 2019-10-28 09:08:46,179 [main] INFO       - OM Service ID is not set. Setting it to the default ID: omServiceIdDefault
datanode_1  | 2019-10-28 09:08:44,443 INFO server.KerberosAuthenticationHandler: Using keytab /etc/security/keytabs/HTTP.keytab, for principal HTTP/1636048bc976@EXAMPLE.COM
scm_1       | 2019-10-28 09:08:42,197 INFO ipc.Server: Starting Socket Reader #1 for port 9863
datanode_2  | 2019-10-28 09:08:44,431 INFO http.HttpServer2: Added filter authentication (class=org.apache.hadoop.security.authentication.server.AuthenticationFilter) to context hddsDatanode
s3g_1       | b75c20cab6f53244b1a7a8e37283bc09d7ba7145985bc9feb84444f95c87867f, signature=73c3c3951f0c60d96afb9a3326235d3e8a2cc8a17eaff1d13f07f4545d3148ae, awsAccessKeyId=dlfknslnfslf
datanode_3  | 2019-10-28 09:08:44,420 INFO http.HttpServer2: Added global filter 'safety' (class=org.apache.hadoop.http.HttpServer2$QuotingInputFilter)
kdc_1       | Oct 28 09:08:15 kdc kadmind[15](info): closing down fd 18
datanode_1  | 2019-10-28 09:08:44,445 INFO handler.ContextHandler: Started o.e.j.s.ServletContextHandler@64ae105d{/logs,file:///var/log/hadoop/,AVAILABLE}
om_1        | 2019-10-28 09:08:46,184 WARN server.ServerUtils: ozone.om.db.dirs is not configured. We recommend adding this setting. Falling back to ozone.metadata.dirs instead.
scm_1       | 2019-10-28 09:08:42,233 INFO ipc.CallQueueManager: Using callQueue: class java.util.concurrent.LinkedBlockingQueue, queueCapacity: 1000, scheduler: class org.apache.hadoop.ipc.DefaultRpcScheduler, ipcBackoff: false.
