scm_1       | 2019-11-06 06:12:00,187 INFO ipc.Server: IPC Server Responder: starting
datanode_3  | 2019-11-06 06:12:02,532 INFO ratis.ContainerStateMachine: group-8931487EC715: The snapshot info is null. Setting the last applied indexto:(t:0, i:~)
om_1        | 2019-11-06 06:12:08,102 INFO hdfs.DFSUtil: Starting Web-server for ozoneManager at: http://0.0.0.0:9874
rm_1        | maxApplications = 10000 [= configuredMaximumSystemApplicationsPerQueue or (int)(configuredMaximumSystemApplications * absoluteCapacity)]
nm_1        | 2019-11-06 06:11:55 INFO  Server:1310 - IPC Server Responder: starting
datanode_3  | 2019-11-06 06:12:02,532 INFO server.RaftServerConfigKeys: raft.server.notification.no-leader.timeout = 120s (custom)
om_1        | 2019-11-06 06:12:08,219 INFO server.AuthenticationFilter: Unable to initialize FileSignerSecretProvider, falling back to use random secrets.
scm_1       | 2019-11-06 06:12:00,187 INFO ipc.Server: IPC Server listener on 9863: starting
datanode_2  | 2019-11-06 06:12:03,041 INFO ratis.ContainerStateMachine: group-A5C85904B853: The snapshot info is null. Setting the last applied indexto:(t:0, i:~)
rm_1        | maxApplicationsPerUser = 10000 [= (int)(maxApplications * (userLimit / 100.0f) * userLimitFactor) ]
nm_1        | 2019-11-06 06:11:55 INFO  NMContainerTokenSecretManager:265 - Updating node address : nm:38515
om_1        | 2019-11-06 06:12:08,221 INFO http.HttpRequestLog: Http request log for http.requests.ozoneManager is not defined
datanode_3  | 2019-11-06 06:12:02,535 INFO server.RaftServerConfigKeys: raft.server.log.use.memory = false (default)
datanode_1  | 2019-11-06 06:12:03,577 INFO server.RaftServerConfigKeys: raft.server.notification.no-leader.timeout = 120s (custom)
scm_1       | 2019-11-06 06:12:00,190 INFO server.StorageContainerManager: ScmDatanodeProtocl RPC server is listening at /0.0.0.0:9861
datanode_2  | 2019-11-06 06:12:03,042 INFO server.RaftServerConfigKeys: raft.server.notification.no-leader.timeout = 120s (custom)
rm_1        | usedCapacity = 0.0 [= usedResourcesMemory / (clusterResourceMemory * absoluteCapacity)]
nm_1        | 2019-11-06 06:11:55 INFO  CallQueueManager:84 - Using callQueue: class java.util.concurrent.LinkedBlockingQueue queueCapacity: 500 scheduler: class org.apache.hadoop.ipc.DefaultRpcScheduler
om_1        | 2019-11-06 06:12:08,229 INFO http.HttpServer2: Added global filter 'safety' (class=org.apache.hadoop.http.HttpServer2$QuotingInputFilter)
datanode_3  | 2019-11-06 06:12:02,541 INFO server.RaftServerConfigKeys: raft.server.log.purge.gap = 1000000 (custom)
datanode_1  | 2019-11-06 06:12:03,579 INFO server.RaftServerConfigKeys: raft.server.log.use.memory = false (default)
scm_1       | 2019-11-06 06:12:00,190 INFO server.SCMDatanodeProtocolServer: RPC server for DataNodes is listening at /0.0.0.0:9861
datanode_2  | 2019-11-06 06:12:03,045 INFO server.RaftServerConfigKeys: raft.server.log.use.memory = false (default)
rm_1        | absoluteUsedCapacity = 0.0 [= usedResourcesMemory / clusterResourceMemory]
nm_1        | 2019-11-06 06:11:55 INFO  Server:1070 - Starting Socket Reader #1 for port 8040
om_1        | 2019-11-06 06:12:08,231 INFO http.HttpServer2: Added filter static_user_filter (class=org.apache.hadoop.http.lib.StaticUserWebFilter$StaticUserFilter) to context ozoneManager
datanode_3  | 2019-11-06 06:12:02,541 INFO server.RaftServerConfigKeys: raft.server.log.appender.buffer.byte-limit = 33554432 (custom)
datanode_1  | 2019-11-06 06:12:03,583 INFO server.RaftServerConfigKeys: raft.server.log.purge.gap = 1000000 (custom)
datanode_2  | 2019-11-06 06:12:03,053 INFO server.RaftServerConfigKeys: raft.server.log.purge.gap = 1000000 (custom)
rm_1        | maxAMResourcePerQueuePercent = 0.1 [= configuredMaximumAMResourcePercent ]
nm_1        | 2019-11-06 06:11:55 INFO  RpcServerFactoryPBImpl:173 - Adding protocol org.apache.hadoop.yarn.server.nodemanager.api.LocalizationProtocolPB to the server
scm_1       | 2019-11-06 06:12:00,191 INFO ipc.Server: IPC Server Responder: starting
om_1        | 2019-11-06 06:12:08,231 INFO http.HttpServer2: Added filter static_user_filter (class=org.apache.hadoop.http.lib.StaticUserWebFilter$StaticUserFilter) to context logs
scm_1       | 2019-11-06 06:12:00,191 INFO ipc.Server: IPC Server listener on 9861: starting
datanode_1  | 2019-11-06 06:12:03,584 INFO server.RaftServerConfigKeys: raft.server.log.appender.buffer.byte-limit = 33554432 (custom)
datanode_2  | 2019-11-06 06:12:03,053 INFO server.RaftServerConfigKeys: raft.server.log.appender.buffer.byte-limit = 33554432 (custom)
rm_1        | minimumAllocationFactor = 0.875 [= (float)(maximumAllocationMemory - minimumAllocationMemory) / maximumAllocationMemory ]
nm_1        | 2019-11-06 06:11:55 INFO  Server:1149 - IPC Server listener on 8040: starting
datanode_3  | 2019-11-06 06:12:02,544 INFO server.RaftServerConfigKeys: raft.server.log.segment.size.max = 1048576 (custom)
om_1        | 2019-11-06 06:12:08,231 INFO http.HttpServer2: Added filter static_user_filter (class=org.apache.hadoop.http.lib.StaticUserWebFilter$StaticUserFilter) to context static
scm_1       | 2019-11-06 06:12:00,197 INFO http.HttpServer2: Jetty bound to port 9876
datanode_1  | 2019-11-06 06:12:03,585 INFO server.RaftServerConfigKeys: raft.server.log.segment.size.max = 1048576 (custom)
datanode_2  | 2019-11-06 06:12:03,056 INFO server.RaftServerConfigKeys: raft.server.log.segment.size.max = 1048576 (custom)
rm_1        | maximumAllocation = <memory:8192, vCores:4> [= configuredMaxAllocation ]
nm_1        | 2019-11-06 06:11:55 INFO  Server:1310 - IPC Server Responder: starting
datanode_3  | 2019-11-06 06:12:02,553 INFO metrics.MetricRegistries: Loaded MetricRegistries class org.apache.ratis.metrics.impl.MetricRegistriesImpl
om_1        | 2019-11-06 06:12:08,251 INFO http.HttpServer2: Jetty bound to port 9874
scm_1       | 2019-11-06 06:12:00,199 INFO server.Server: jetty-9.3.25.v20180904, build timestamp: 2018-09-04T21:11:46Z, git hash: 3ce520221d0240229c862b122d2b06c12a625732
datanode_1  | 2019-11-06 06:12:03,593 INFO metrics.MetricRegistries: Loaded MetricRegistries class org.apache.ratis.metrics.impl.MetricRegistriesImpl
datanode_2  | 2019-11-06 06:12:03,063 INFO metrics.MetricRegistries: Loaded MetricRegistries class org.apache.ratis.metrics.impl.MetricRegistriesImpl
rm_1        | numContainers = 0 [= currentNumContainers ]
datanode_3  | 2019-11-06 06:12:02,557 WARN impl.MetricRegistriesImpl: First MetricRegistry has been created without registering reporters. You may need to call MetricRegistries.global().addReportRegistration(...) before.
scm_1       | 2019-11-06 06:12:00,233 INFO handler.ContextHandler: Started o.e.j.s.ServletContextHandler@58294867{/logs,file:///var/log/hadoop/,AVAILABLE}
om_1        | 2019-11-06 06:12:08,252 INFO server.Server: jetty-9.3.25.v20180904, build timestamp: 2018-09-04T21:11:46Z, git hash: 3ce520221d0240229c862b122d2b06c12a625732
nm_1        | 2019-11-06 06:11:55 INFO  ResourceLocalizationService:395 - Localizer started on port 8040
datanode_1  | 2019-11-06 06:12:03,596 WARN impl.MetricRegistriesImpl: First MetricRegistry has been created without registering reporters. You may need to call MetricRegistries.global().addReportRegistration(...) before.
datanode_2  | 2019-11-06 06:12:03,067 WARN impl.MetricRegistriesImpl: First MetricRegistry has been created without registering reporters. You may need to call MetricRegistries.global().addReportRegistration(...) before.
rm_1        | state = RUNNING [= configuredState ]
datanode_3  | 2019-11-06 06:12:02,562 INFO server.RaftServerConfigKeys: raft.server.log.segment.cache.num.max = 2 (custom)
om_1        | 2019-11-06 06:12:08,292 INFO handler.ContextHandler: Started o.e.j.s.ServletContextHandler@1507c3c3{/logs,file:///var/log/hadoop/,AVAILABLE}
scm_1       | 2019-11-06 06:12:00,234 INFO handler.ContextHandler: Started o.e.j.s.ServletContextHandler@2d2acd89{/static,jar:file:/opt/hadoop/share/ozone/lib/hadoop-hdds-server-scm-0.5.0-SNAPSHOT.jar!/webapps/static,AVAILABLE}
nm_1        | 2019-11-06 06:11:55 INFO  IndexCache:47 - IndexCache created with max memory = 10485760
datanode_2  | 2019-11-06 06:12:03,073 INFO server.RaftServerConfigKeys: raft.server.log.segment.cache.num.max = 2 (custom)
rm_1        | acls = ADMINISTER_QUEUE:*SUBMIT_APP:* [= configuredAcls ]
datanode_3  | 2019-11-06 06:12:02,567 INFO segmented.SegmentedRaftLogWorker: new cd9a079c-e419-46eb-8db8-13b08417dccc@group-8931487EC715-SegmentedRaftLogWorker for RaftStorage:Storage Directory /data/metadata/ratis/34cb2c1b-cdf6-4a47-a2c1-8931487ec715
om_1        | 2019-11-06 06:12:08,293 INFO handler.ContextHandler: Started o.e.j.s.ServletContextHandler@78e17a99{/static,jar:file:/opt/hadoop/share/ozone/lib/hadoop-ozone-ozone-manager-0.5.0-SNAPSHOT.jar!/webapps/static,AVAILABLE}
scm_1       | 2019-11-06 06:12:00,337 INFO handler.ContextHandler: Started o.e.j.w.WebAppContext@46185a1b{/,file:///tmp/jetty-0.0.0.0-9876-scm-_-any-18121462378267369021.dir/webapp/,AVAILABLE}{/scm}
datanode_1  | 2019-11-06 06:12:03,600 INFO server.RaftServerConfigKeys: raft.server.log.segment.cache.num.max = 2 (custom)
nm_1        | 2019-11-06 06:11:55 INFO  ShuffleHandler:549 - mapreduce_shuffle listening on port 13562
datanode_2  | 2019-11-06 06:12:03,079 INFO segmented.SegmentedRaftLogWorker: new 6c516822-eab5-4830-ac38-12cf6c1ff972@group-A5C85904B853-SegmentedRaftLogWorker for RaftStorage:Storage Directory /data/metadata/ratis/c88e626f-388d-4660-a9d5-a5c85904b853
rm_1        | nodeLocalityDelay = 40
datanode_3  | 2019-11-06 06:12:02,567 INFO server.RaftServerConfigKeys: raft.server.log.queue.byte-limit = 2147483647 (custom)
om_1        | 2019-11-06 06:12:08,406 INFO handler.ContextHandler: Started o.e.j.w.WebAppContext@6ca372ef{/,file:///tmp/jetty-0.0.0.0-9874-ozoneManager-_-any-8923947421547797379.dir/webapp/,AVAILABLE}{/ozoneManager}
scm_1       | 2019-11-06 06:12:00,343 INFO server.AbstractConnector: Started ServerConnector@25d93198{HTTP/1.1,[http/1.1]}{0.0.0.0:9876}
datanode_1  | 2019-11-06 06:12:03,605 INFO segmented.SegmentedRaftLogWorker: new d4eae7b7-73b0-4f39-a2d0-be42093a6bf0@group-980D304DD44B-SegmentedRaftLogWorker for RaftStorage:Storage Directory /data/metadata/ratis/91240905-3f9f-4539-b9d0-980d304dd44b
nm_1        | 2019-11-06 06:11:55 INFO  ContainerManagerImpl:666 - ContainerManager started at nm/172.18.0.3:38515
datanode_2  | 2019-11-06 06:12:03,080 INFO server.RaftServerConfigKeys: raft.server.log.queue.byte-limit = 2147483647 (custom)
rm_1        | rackLocalityAdditionalDelay = -1
datanode_3  | 2019-11-06 06:12:02,568 INFO server.RaftServerConfigKeys: raft.server.log.queue.element-limit = 1024 (custom)
om_1        | 2019-11-06 06:12:08,414 INFO server.AbstractConnector: Started ServerConnector@58fa5769{HTTP/1.1,[http/1.1]}{0.0.0.0:9874}
scm_1       | 2019-11-06 06:12:00,344 INFO server.Server: Started @3565ms
datanode_1  | 2019-11-06 06:12:03,605 INFO server.RaftServerConfigKeys: raft.server.log.queue.byte-limit = 2147483647 (custom)
nm_1        | 2019-11-06 06:11:55 INFO  ContainerManagerImpl:667 - ContainerManager bound to 0.0.0.0/0.0.0.0:0
datanode_2  | 2019-11-06 06:12:03,080 INFO server.RaftServerConfigKeys: raft.server.log.queue.element-limit = 1024 (custom)
rm_1        | labels=*,
datanode_3  | 2019-11-06 06:12:02,569 INFO server.RaftServerConfigKeys: raft.server.log.segment.size.max = 1048576 (custom)
scm_1       | 2019-11-06 06:12:00,347 INFO impl.MetricsSinkAdapter: Sink prometheus started
om_1        | 2019-11-06 06:12:08,415 INFO server.Server: Started @4746ms
datanode_1  | 2019-11-06 06:12:03,605 INFO server.RaftServerConfigKeys: raft.server.log.queue.element-limit = 1024 (custom)
datanode_2  | 2019-11-06 06:12:03,081 INFO server.RaftServerConfigKeys: raft.server.log.segment.size.max = 1048576 (custom)
rm_1        | reservationsContinueLooking = true
datanode_3  | 2019-11-06 06:12:02,569 INFO server.RaftServerConfigKeys: raft.server.log.preallocated.size = 16384 (custom)
nm_1        | 2019-11-06 06:11:55 WARN  NMLogAggregationStatusTracker:96 - Log Aggregation is disabled.So is the LogAggregationStatusTracker.
scm_1       | 2019-11-06 06:12:00,347 INFO impl.MetricsSystemImpl: Registered sink prometheus
om_1        | 2019-11-06 06:12:08,418 INFO impl.MetricsSinkAdapter: Sink prometheus started
datanode_1  | 2019-11-06 06:12:03,606 INFO server.RaftServerConfigKeys: raft.server.log.segment.size.max = 1048576 (custom)
datanode_2  | 2019-11-06 06:12:03,082 INFO server.RaftServerConfigKeys: raft.server.log.preallocated.size = 16384 (custom)
rm_1        | preemptionDisabled = true
datanode_3  | 2019-11-06 06:12:02,570 INFO server.RaftServerConfigKeys: raft.server.log.write.buffer.size = 33554432 (custom)
nm_1        | 2019-11-06 06:11:55 INFO  WebServer:99 - Instantiating NMWebApp at 0.0.0.0:8042
scm_1       | 2019-11-06 06:12:00,350 INFO server.BaseHttpServer: HTTP server of SCM is listening at http://0.0.0.0:9876
om_1        | 2019-11-06 06:12:08,418 INFO impl.MetricsSystemImpl: Registered sink prometheus
datanode_1  | 2019-11-06 06:12:03,606 INFO server.RaftServerConfigKeys: raft.server.log.preallocated.size = 16384 (custom)
datanode_2  | 2019-11-06 06:12:03,082 INFO server.RaftServerConfigKeys: raft.server.log.write.buffer.size = 33554432 (custom)
rm_1        | defaultAppPriorityPerQueue = 0
datanode_3  | 2019-11-06 06:12:02,570 INFO server.RaftServerConfigKeys: raft.server.log.force.sync.num = 128 (default)
nm_1        | 2019-11-06 06:11:56 INFO  log:192 - Logging initialized @2627ms
om_1        | 2019-11-06 06:12:08,420 INFO server.BaseHttpServer: HTTP server of OZONEMANAGER is listening at http://0.0.0.0:9874
scm_1       | 2019-11-06 06:12:00,357 INFO util.JvmPauseMonitor: Starting JVM pause monitor
datanode_1  | 2019-11-06 06:12:03,607 INFO server.RaftServerConfigKeys: raft.server.log.write.buffer.size = 33554432 (custom)
datanode_2  | 2019-11-06 06:12:03,083 INFO server.RaftServerConfigKeys: raft.server.log.force.sync.num = 128 (default)
rm_1        | priority = 0
datanode_3  | 2019-11-06 06:12:02,571 INFO server.RaftServerConfigKeys: raft.server.log.statemachine.data.sync = true (default)
nm_1        | 2019-11-06 06:11:56 INFO  AuthenticationFilter:240 - Unable to initialize FileSignerSecretProvider, falling back to use random secrets.
om_1        | 2019-11-06 06:12:19,556 INFO volume.OMVolumeCreateRequest: created volume:vol1 for user:hadoop
scm_1       | 2019-11-06 06:12:01,497 INFO net.NetworkTopology: Added a new node: /default-rack/cd9a079c-e419-46eb-8db8-13b08417dccc
datanode_2  | 2019-11-06 06:12:03,084 INFO server.RaftServerConfigKeys: raft.server.log.statemachine.data.sync = true (default)
datanode_1  | 2019-11-06 06:12:03,607 INFO server.RaftServerConfigKeys: raft.server.log.force.sync.num = 128 (default)
rm_1        | maxLifetime = -1 seconds
datanode_3  | 2019-11-06 06:12:02,571 INFO server.RaftServerConfigKeys: raft.server.log.statemachine.data.sync.timeout = 10s (default)
nm_1        | 2019-11-06 06:11:56 INFO  HttpRequestLog:81 - Http request log for http.requests.nodemanager is not defined
scm_1       | 2019-11-06 06:12:01,498 INFO node.SCMNodeManager: Registered Data node : cd9a079c-e419-46eb-8db8-13b08417dccc{ip: 172.18.0.8, host: hadoop31_datanode_3.hadoop31_default, networkLocation: /default-rack, certSerialId: null}
datanode_2  | 2019-11-06 06:12:03,084 INFO server.RaftServerConfigKeys: raft.server.log.statemachine.data.sync.timeout = 10s (default)
datanode_1  | 2019-11-06 06:12:03,608 INFO server.RaftServerConfigKeys: raft.server.log.statemachine.data.sync = true (default)
rm_1        | defaultLifetime = -1 seconds
datanode_3  | 2019-11-06 06:12:02,572 INFO server.RaftServerConfigKeys: raft.server.log.statemachine.data.sync.timeout.retry = -1 (default)
nm_1        | 2019-11-06 06:11:56 INFO  HttpServer2:970 - Added global filter 'safety' (class=org.apache.hadoop.http.HttpServer2$QuotingInputFilter)
scm_1       | 2019-11-06 06:12:01,501 INFO safemode.SCMSafeModeManager: SCM in safe mode. 1 DataNodes registered, 1 required.
datanode_2  | 2019-11-06 06:12:03,084 INFO server.RaftServerConfigKeys: raft.server.log.statemachine.data.sync.timeout.retry = -1 (default)
datanode_1  | 2019-11-06 06:12:03,608 INFO server.RaftServerConfigKeys: raft.server.log.statemachine.data.sync.timeout = 10s (default)
datanode_3  | 2019-11-06 06:12:02,579 INFO server.RaftServerConfigKeys: raft.server.log.statemachine.data.caching.enabled = true (custom)
nm_1        | 2019-11-06 06:11:56 INFO  HttpServer2:943 - Added filter static_user_filter (class=org.apache.hadoop.http.lib.StaticUserWebFilter$StaticUserFilter) to context node
rm_1        | 2019-11-06 06:11:56 INFO  CapacitySchedulerQueueManager:298 - Initialized queue: default: capacity=1.0, absoluteCapacity=1.0, usedResources=<memory:0, vCores:0>, usedCapacity=0.0, absoluteUsedCapacity=0.0, numApps=0, numContainers=0, effectiveMinResource=<memory:0, vCores:0> , effectiveMaxResource=<memory:0, vCores:0>
datanode_2  | 2019-11-06 06:12:03,093 INFO server.RaftServerConfigKeys: raft.server.log.statemachine.data.caching.enabled = true (custom)
datanode_1  | 2019-11-06 06:12:03,608 INFO server.RaftServerConfigKeys: raft.server.log.statemachine.data.sync.timeout.retry = -1 (default)
scm_1       | 2019-11-06 06:12:01,502 INFO safemode.SCMSafeModeManager: ScmSafeModeManager, all rules are successfully validated
datanode_3  | 2019-11-06 06:12:02,583 INFO segmented.SegmentedRaftLogWorker: cd9a079c-e419-46eb-8db8-13b08417dccc@group-8931487EC715-SegmentedRaftLogWorker: flushIndex: setUnconditionally 0 -> -1
nm_1        | 2019-11-06 06:11:56 INFO  HttpServer2:953 - Added filter static_user_filter (class=org.apache.hadoop.http.lib.StaticUserWebFilter$StaticUserFilter) to context static
rm_1        | 2019-11-06 06:11:56 INFO  CapacitySchedulerQueueManager:298 - Initialized queue: root: numChildQueue= 1, capacity=1.0, absoluteCapacity=1.0, usedResources=<memory:0, vCores:0>usedCapacity=0.0, numApps=0, numContainers=0
datanode_2  | 2019-11-06 06:12:03,098 INFO segmented.SegmentedRaftLogWorker: 6c516822-eab5-4830-ac38-12cf6c1ff972@group-A5C85904B853-SegmentedRaftLogWorker: flushIndex: setUnconditionally 0 -> -1
datanode_1  | 2019-11-06 06:12:03,615 INFO server.RaftServerConfigKeys: raft.server.log.statemachine.data.caching.enabled = true (custom)
datanode_3  | 2019-11-06 06:12:02,587 INFO server.RaftServerConfigKeys: raft.server.snapshot.auto.trigger.enabled = true (custom)
rm_1        | 2019-11-06 06:11:56 INFO  CapacitySchedulerQueueManager:163 - Initialized root queue root: numChildQueue= 1, capacity=1.0, absoluteCapacity=1.0, usedResources=<memory:0, vCores:0>usedCapacity=0.0, numApps=0, numContainers=0
nm_1        | 2019-11-06 06:11:56 INFO  HttpServer2:953 - Added filter static_user_filter (class=org.apache.hadoop.http.lib.StaticUserWebFilter$StaticUserFilter) to context logs
scm_1       | 2019-11-06 06:12:01,503 INFO safemode.SCMSafeModeManager: SCM exiting safe mode.
datanode_2  | 2019-11-06 06:12:03,103 INFO server.RaftServerConfigKeys: raft.server.snapshot.auto.trigger.enabled = true (custom)
datanode_1  | 2019-11-06 06:12:03,619 INFO segmented.SegmentedRaftLogWorker: d4eae7b7-73b0-4f39-a2d0-be42093a6bf0@group-980D304DD44B-SegmentedRaftLogWorker: flushIndex: setUnconditionally 0 -> -1
datanode_3  | 2019-11-06 06:12:02,588 INFO server.RaftServerConfigKeys: raft.server.snapshot.auto.trigger.threshold = 10000 (custom)
rm_1        | 2019-11-06 06:11:56 INFO  UserGroupMappingPlacementRule:232 - Initialized queue mappings, override: false
nm_1        | 2019-11-06 06:11:56 INFO  HttpServer2:943 - Added filter authentication (class=org.apache.hadoop.security.authentication.server.AuthenticationFilter) to context node
scm_1       | 2019-11-06 06:12:01,920 INFO net.NetworkTopology: Added a new node: /default-rack/6c516822-eab5-4830-ac38-12cf6c1ff972
datanode_2  | 2019-11-06 06:12:03,104 INFO server.RaftServerConfigKeys: raft.server.snapshot.auto.trigger.threshold = 10000 (custom)
datanode_1  | 2019-11-06 06:12:03,623 INFO server.RaftServerConfigKeys: raft.server.snapshot.auto.trigger.enabled = true (custom)
datanode_3  | 2019-11-06 06:12:02,588 INFO server.RaftServerConfigKeys: raft.server.snapshot.retention.file.num = 5 (custom)
rm_1        | 2019-11-06 06:11:56 INFO  CapacityScheduler:392 - Initialized CapacityScheduler with calculator=class org.apache.hadoop.yarn.util.resource.DefaultResourceCalculator, minimumAllocation=<<memory:1024, vCores:1>>, maximumAllocation=<<memory:8192, vCores:4>>, asynchronousScheduling=false, asyncScheduleInterval=5ms
nm_1        | 2019-11-06 06:11:56 INFO  HttpServer2:953 - Added filter authentication (class=org.apache.hadoop.security.authentication.server.AuthenticationFilter) to context static
scm_1       | 2019-11-06 06:12:01,921 INFO node.SCMNodeManager: Registered Data node : 6c516822-eab5-4830-ac38-12cf6c1ff972{ip: 172.18.0.6, host: hadoop31_datanode_2.hadoop31_default, networkLocation: /default-rack, certSerialId: null}
datanode_2  | 2019-11-06 06:12:03,105 INFO server.RaftServerConfigKeys: raft.server.snapshot.retention.file.num = 5 (custom)
datanode_1  | 2019-11-06 06:12:03,624 INFO server.RaftServerConfigKeys: raft.server.snapshot.auto.trigger.threshold = 10000 (custom)
datanode_3  | 2019-11-06 06:12:02,588 INFO server.RaftServerConfigKeys: raft.server.retrycache.expirytime = 600000ms (custom)
rm_1        | 2019-11-06 06:11:56 INFO  Configuration:2752 - dynamic-resources.xml not found
scm_1       | WARNING: An illegal reflective access operation has occurred
datanode_2  | 2019-11-06 06:12:03,105 INFO server.RaftServerConfigKeys: raft.server.retrycache.expirytime = 600000ms (custom)
nm_1        | 2019-11-06 06:11:56 INFO  HttpServer2:953 - Added filter authentication (class=org.apache.hadoop.security.authentication.server.AuthenticationFilter) to context logs
datanode_1  | 2019-11-06 06:12:03,624 INFO server.RaftServerConfigKeys: raft.server.snapshot.retention.file.num = 5 (custom)
datanode_3  | 2019-11-06 06:12:02,603 WARN impl.MetricRegistriesImpl: First MetricRegistry has been created without registering reporters. You may need to call MetricRegistries.global().addReportRegistration(...) before.
rm_1        | 2019-11-06 06:11:56 INFO  AMSProcessingChain:62 - Initializing AMS Processing chain. Root Processor=[org.apache.hadoop.yarn.server.resourcemanager.DefaultAMSProcessor].
scm_1       | WARNING: Illegal reflective access by org.apache.ratis.thirdparty.com.google.protobuf.UnsafeUtil (file:/opt/hadoop/share/ozone/lib/ratis-thirdparty-misc-0.2.0.jar) to field java.nio.Buffer.address
nm_1        | 2019-11-06 06:11:56 INFO  HttpServer2:608 - adding path spec: /node/*
datanode_1  | 2019-11-06 06:12:03,624 INFO server.RaftServerConfigKeys: raft.server.retrycache.expirytime = 600000ms (custom)
datanode_3  | 2019-11-06 06:12:02,604 WARN impl.MetricRegistriesImpl: First MetricRegistry has been created without registering reporters. You may need to call MetricRegistries.global().addReportRegistration(...) before.
datanode_2  | 2019-11-06 06:12:03,125 WARN impl.MetricRegistriesImpl: First MetricRegistry has been created without registering reporters. You may need to call MetricRegistries.global().addReportRegistration(...) before.
rm_1        | 2019-11-06 06:11:56 INFO  ApplicationMasterService:130 - disabled placement handler will be used, all scheduling requests will be rejected.
scm_1       | WARNING: Please consider reporting this to the maintainers of org.apache.ratis.thirdparty.com.google.protobuf.UnsafeUtil
nm_1        | 2019-11-06 06:11:56 INFO  HttpServer2:608 - adding path spec: /ws/*
datanode_1  | 2019-11-06 06:12:03,639 WARN impl.MetricRegistriesImpl: First MetricRegistry has been created without registering reporters. You may need to call MetricRegistries.global().addReportRegistration(...) before.
datanode_3  | 2019-11-06 06:12:02,606 INFO impl.RaftServerImpl: cd9a079c-e419-46eb-8db8-13b08417dccc@group-8931487EC715: start as a follower, conf=-1: [cd9a079c-e419-46eb-8db8-13b08417dccc:172.18.0.8:9858], old=null
datanode_2  | 2019-11-06 06:12:03,127 WARN impl.MetricRegistriesImpl: First MetricRegistry has been created without registering reporters. You may need to call MetricRegistries.global().addReportRegistration(...) before.
rm_1        | 2019-11-06 06:11:56 INFO  AMSProcessingChain:75 - Adding [org.apache.hadoop.yarn.server.resourcemanager.scheduler.constraint.processor.DisabledPlacementProcessor] tp top of AMS Processing chain. 
scm_1       | WARNING: Use --illegal-access=warn to enable warnings of further illegal reflective access operations
nm_1        | 2019-11-06 06:11:56 INFO  WebApps:395 - Registered webapp guice modules
datanode_1  | 2019-11-06 06:12:03,640 WARN impl.MetricRegistriesImpl: First MetricRegistry has been created without registering reporters. You may need to call MetricRegistries.global().addReportRegistration(...) before.
datanode_3  | 2019-11-06 06:12:02,607 INFO impl.RaftServerImpl: cd9a079c-e419-46eb-8db8-13b08417dccc@group-8931487EC715: changes role from      null to FOLLOWER at term 0 for startAsFollower
datanode_2  | 2019-11-06 06:12:03,129 INFO impl.RaftServerImpl: 6c516822-eab5-4830-ac38-12cf6c1ff972@group-A5C85904B853: start as a follower, conf=-1: [6c516822-eab5-4830-ac38-12cf6c1ff972:172.18.0.6:9858], old=null
rm_1        | 2019-11-06 06:11:56 INFO  ResourceManager:565 - TimelineServicePublisher is not configured
scm_1       | WARNING: All illegal access operations will be denied in a future release
nm_1        | 2019-11-06 06:11:56 INFO  HttpServer2:1186 - Jetty bound to port 8042
datanode_1  | 2019-11-06 06:12:03,642 INFO impl.RaftServerImpl: d4eae7b7-73b0-4f39-a2d0-be42093a6bf0@group-980D304DD44B: start as a follower, conf=-1: [d4eae7b7-73b0-4f39-a2d0-be42093a6bf0:172.18.0.9:9858], old=null
datanode_3  | 2019-11-06 06:12:02,608 INFO impl.RoleInfo: cd9a079c-e419-46eb-8db8-13b08417dccc: start FollowerState
datanode_2  | 2019-11-06 06:12:03,131 INFO impl.RaftServerImpl: 6c516822-eab5-4830-ac38-12cf6c1ff972@group-A5C85904B853: changes role from      null to FOLLOWER at term 0 for startAsFollower
rm_1        | 2019-11-06 06:11:56 INFO  log:192 - Logging initialized @2160ms
scm_1       | 2019-11-06 06:12:02,348 INFO net.NetworkTopology: Added a new node: /default-rack/d4eae7b7-73b0-4f39-a2d0-be42093a6bf0
nm_1        | 2019-11-06 06:11:56 INFO  Server:351 - jetty-9.3.24.v20180605, build timestamp: 2018-06-05T17:11:56Z, git hash: 84205aa28f11a4f31f2a3b86d1bba2cc8ab69827
datanode_1  | 2019-11-06 06:12:03,643 INFO impl.RaftServerImpl: d4eae7b7-73b0-4f39-a2d0-be42093a6bf0@group-980D304DD44B: changes role from      null to FOLLOWER at term 0 for startAsFollower
datanode_3  | 2019-11-06 06:12:02,612 INFO util.JmxRegister: Successfully registered JMX Bean with object name Ratis:service=RaftServer,group=group-8931487EC715,id=cd9a079c-e419-46eb-8db8-13b08417dccc
datanode_2  | 2019-11-06 06:12:03,132 INFO impl.RoleInfo: 6c516822-eab5-4830-ac38-12cf6c1ff972: start FollowerState
rm_1        | 2019-11-06 06:11:56 INFO  AuthenticationFilter:240 - Unable to initialize FileSignerSecretProvider, falling back to use random secrets.
scm_1       | 2019-11-06 06:12:02,348 INFO node.SCMNodeManager: Registered Data node : d4eae7b7-73b0-4f39-a2d0-be42093a6bf0{ip: 172.18.0.9, host: hadoop31_datanode_1.hadoop31_default, networkLocation: /default-rack, certSerialId: null}
nm_1        | 2019-11-06 06:11:56 INFO  AuthenticationFilter:240 - Unable to initialize FileSignerSecretProvider, falling back to use random secrets.
datanode_1  | 2019-11-06 06:12:03,643 INFO impl.RoleInfo: d4eae7b7-73b0-4f39-a2d0-be42093a6bf0: start FollowerState
datanode_3  | 2019-11-06 06:12:02,613 WARN impl.MetricRegistriesImpl: First MetricRegistry has been created without registering reporters. You may need to call MetricRegistries.global().addReportRegistration(...) before.
datanode_2  | 2019-11-06 06:12:03,136 INFO util.JmxRegister: Successfully registered JMX Bean with object name Ratis:service=RaftServer,group=group-A5C85904B853,id=6c516822-eab5-4830-ac38-12cf6c1ff972
rm_1        | 2019-11-06 06:11:56 INFO  HttpRequestLog:81 - Http request log for http.requests.resourcemanager is not defined
scm_1       | 2019-11-06 06:12:02,703 INFO pipeline.PipelineStateManager: Created pipeline Pipeline[ Id: 34cb2c1b-cdf6-4a47-a2c1-8931487ec715, Nodes: cd9a079c-e419-46eb-8db8-13b08417dccc{ip: 172.18.0.8, host: hadoop31_datanode_3.hadoop31_default, networkLocation: /default-rack, certSerialId: null}, Type:RATIS, Factor:ONE, State:OPEN]
nm_1        | 2019-11-06 06:11:56 INFO  ContextHandler:781 - Started o.e.j.s.ServletContextHandler@6326d182{/logs,file:///opt/hadoop/logs/,AVAILABLE}
datanode_1  | 2019-11-06 06:12:03,648 INFO util.JmxRegister: Successfully registered JMX Bean with object name Ratis:service=RaftServer,group=group-980D304DD44B,id=d4eae7b7-73b0-4f39-a2d0-be42093a6bf0
datanode_3  | 2019-11-06 06:12:03,752 INFO impl.RaftServerProxy: cd9a079c-e419-46eb-8db8-13b08417dccc: addNew group-9309363253AF:[cd9a079c-e419-46eb-8db8-13b08417dccc:172.18.0.8:9858, d4eae7b7-73b0-4f39-a2d0-be42093a6bf0:172.18.0.9:9858, 6c516822-eab5-4830-ac38-12cf6c1ff972:172.18.0.6:9858] returns group-9309363253AF:java.util.concurrent.CompletableFuture@6a11adab[Not completed]
datanode_2  | 2019-11-06 06:12:03,138 WARN impl.MetricRegistriesImpl: First MetricRegistry has been created without registering reporters. You may need to call MetricRegistries.global().addReportRegistration(...) before.
rm_1        | 2019-11-06 06:11:56 INFO  HttpServer2:970 - Added global filter 'safety' (class=org.apache.hadoop.http.HttpServer2$QuotingInputFilter)
nm_1        | 2019-11-06 06:11:56 INFO  ContextHandler:781 - Started o.e.j.s.ServletContextHandler@226642a5{/static,jar:file:/opt/hadoop/share/hadoop/yarn/hadoop-yarn-common-3.1.2.jar!/webapps/static,AVAILABLE}
scm_1       | 2019-11-06 06:12:03,193 INFO pipeline.PipelineStateManager: Created pipeline Pipeline[ Id: c88e626f-388d-4660-a9d5-a5c85904b853, Nodes: 6c516822-eab5-4830-ac38-12cf6c1ff972{ip: 172.18.0.6, host: hadoop31_datanode_2.hadoop31_default, networkLocation: /default-rack, certSerialId: null}, Type:RATIS, Factor:ONE, State:OPEN]
datanode_1  | 2019-11-06 06:12:03,649 WARN impl.MetricRegistriesImpl: First MetricRegistry has been created without registering reporters. You may need to call MetricRegistries.global().addReportRegistration(...) before.
datanode_3  | 2019-11-06 06:12:03,756 INFO impl.RaftServerImpl: cd9a079c-e419-46eb-8db8-13b08417dccc: new RaftServerImpl for group-9309363253AF:[cd9a079c-e419-46eb-8db8-13b08417dccc:172.18.0.8:9858, d4eae7b7-73b0-4f39-a2d0-be42093a6bf0:172.18.0.9:9858, 6c516822-eab5-4830-ac38-12cf6c1ff972:172.18.0.6:9858] with ContainerStateMachine:uninitialized
datanode_2  | 2019-11-06 06:12:03,738 INFO impl.RaftServerProxy: 6c516822-eab5-4830-ac38-12cf6c1ff972: addNew group-9309363253AF:[cd9a079c-e419-46eb-8db8-13b08417dccc:172.18.0.8:9858, d4eae7b7-73b0-4f39-a2d0-be42093a6bf0:172.18.0.9:9858, 6c516822-eab5-4830-ac38-12cf6c1ff972:172.18.0.6:9858] returns group-9309363253AF:java.util.concurrent.CompletableFuture@27a2ba4b[Not completed]
rm_1        | 2019-11-06 06:11:56 INFO  HttpServer2:943 - Added filter RMAuthenticationFilter (class=org.apache.hadoop.yarn.server.security.http.RMAuthenticationFilter) to context cluster
nm_1        | Nov 06, 2019 6:11:56 AM com.sun.jersey.guice.spi.container.GuiceComponentProviderFactory register
scm_1       | 2019-11-06 06:12:03,703 INFO pipeline.PipelineStateManager: Created pipeline Pipeline[ Id: 91240905-3f9f-4539-b9d0-980d304dd44b, Nodes: d4eae7b7-73b0-4f39-a2d0-be42093a6bf0{ip: 172.18.0.9, host: hadoop31_datanode_1.hadoop31_default, networkLocation: /default-rack, certSerialId: null}, Type:RATIS, Factor:ONE, State:OPEN]
datanode_1  | 2019-11-06 06:12:03,752 INFO impl.RaftServerProxy: d4eae7b7-73b0-4f39-a2d0-be42093a6bf0: addNew group-9309363253AF:[cd9a079c-e419-46eb-8db8-13b08417dccc:172.18.0.8:9858, d4eae7b7-73b0-4f39-a2d0-be42093a6bf0:172.18.0.9:9858, 6c516822-eab5-4830-ac38-12cf6c1ff972:172.18.0.6:9858] returns group-9309363253AF:java.util.concurrent.CompletableFuture@6cfe5875[Not completed]
datanode_3  | 2019-11-06 06:12:03,756 INFO server.RaftServerConfigKeys: raft.server.rpc.timeout.min = 5s (custom)
datanode_2  | 2019-11-06 06:12:03,741 INFO impl.RaftServerImpl: 6c516822-eab5-4830-ac38-12cf6c1ff972: new RaftServerImpl for group-9309363253AF:[cd9a079c-e419-46eb-8db8-13b08417dccc:172.18.0.8:9858, d4eae7b7-73b0-4f39-a2d0-be42093a6bf0:172.18.0.9:9858, 6c516822-eab5-4830-ac38-12cf6c1ff972:172.18.0.6:9858] with ContainerStateMachine:uninitialized
rm_1        | 2019-11-06 06:11:56 INFO  HttpServer2:953 - Added filter RMAuthenticationFilter (class=org.apache.hadoop.yarn.server.security.http.RMAuthenticationFilter) to context logs
scm_1       | 2019-11-06 06:12:03,797 INFO pipeline.PipelineStateManager: Created pipeline Pipeline[ Id: f209b8bf-0d67-43fb-8234-9309363253af, Nodes: cd9a079c-e419-46eb-8db8-13b08417dccc{ip: 172.18.0.8, host: hadoop31_datanode_3.hadoop31_default, networkLocation: /default-rack, certSerialId: null}6c516822-eab5-4830-ac38-12cf6c1ff972{ip: 172.18.0.6, host: hadoop31_datanode_2.hadoop31_default, networkLocation: /default-rack, certSerialId: null}d4eae7b7-73b0-4f39-a2d0-be42093a6bf0{ip: 172.18.0.9, host: hadoop31_datanode_1.hadoop31_default, networkLocation: /default-rack, certSerialId: null}, Type:RATIS, Factor:THREE, State:OPEN]
nm_1        | INFO: Registering org.apache.hadoop.yarn.server.nodemanager.webapp.NMWebServices as a root resource class
datanode_1  | 2019-11-06 06:12:03,756 INFO impl.RaftServerImpl: d4eae7b7-73b0-4f39-a2d0-be42093a6bf0: new RaftServerImpl for group-9309363253AF:[cd9a079c-e419-46eb-8db8-13b08417dccc:172.18.0.8:9858, d4eae7b7-73b0-4f39-a2d0-be42093a6bf0:172.18.0.9:9858, 6c516822-eab5-4830-ac38-12cf6c1ff972:172.18.0.6:9858] with ContainerStateMachine:uninitialized
datanode_2  | 2019-11-06 06:12:03,741 INFO server.RaftServerConfigKeys: raft.server.rpc.timeout.min = 5s (custom)
datanode_3  | 2019-11-06 06:12:03,756 INFO server.RaftServerConfigKeys: raft.server.rpc.timeout.max = 5200ms (custom)
rm_1        | 2019-11-06 06:11:56 INFO  HttpServer2:953 - Added filter RMAuthenticationFilter (class=org.apache.hadoop.yarn.server.security.http.RMAuthenticationFilter) to context static
scm_1       | 2019-11-06 06:14:08,102 INFO server.SCMBlockProtocolServer: SCM is informed by OM to delete 11 blocks
nm_1        | Nov 06, 2019 6:11:56 AM com.sun.jersey.guice.spi.container.GuiceComponentProviderFactory register
datanode_1  | 2019-11-06 06:12:03,757 INFO server.RaftServerConfigKeys: raft.server.rpc.timeout.min = 5s (custom)
datanode_2  | 2019-11-06 06:12:03,741 INFO server.RaftServerConfigKeys: raft.server.rpc.timeout.max = 5200ms (custom)
datanode_3  | 2019-11-06 06:12:03,756 INFO server.RaftServerConfigKeys: raft.server.rpcslowness.timeout = 120s (custom)
rm_1        | 2019-11-06 06:11:56 INFO  HttpServer2:943 - Added filter static_user_filter (class=org.apache.hadoop.http.lib.StaticUserWebFilter$StaticUserFilter) to context cluster
scm_1       | 2019-11-06 06:14:08,102 INFO block.BlockManagerImpl: Deleting blocks conID: 3 locID: 103089489526063109 bcsId: 0
nm_1        | INFO: Registering org.apache.hadoop.yarn.webapp.GenericExceptionHandler as a provider class
datanode_1  | 2019-11-06 06:12:03,757 INFO server.RaftServerConfigKeys: raft.server.rpc.timeout.max = 5200ms (custom)
datanode_2  | 2019-11-06 06:12:03,741 INFO server.RaftServerConfigKeys: raft.server.rpcslowness.timeout = 120s (custom)
datanode_3  | 2019-11-06 06:12:03,756 INFO server.RaftServerConfigKeys: raft.server.sleep.deviation.threshold = 300 (default)
rm_1        | 2019-11-06 06:11:56 INFO  HttpServer2:953 - Added filter static_user_filter (class=org.apache.hadoop.http.lib.StaticUserWebFilter$StaticUserFilter) to context logs
scm_1       | 2019-11-06 06:14:08,107 INFO block.BlockManagerImpl: Deleting blocks conID: 1 locID: 103089489539694598 bcsId: 0
nm_1        | Nov 06, 2019 6:11:56 AM com.sun.jersey.guice.spi.container.GuiceComponentProviderFactory register
datanode_1  | 2019-11-06 06:12:03,757 INFO server.RaftServerConfigKeys: raft.server.rpcslowness.timeout = 120s (custom)
datanode_2  | 2019-11-06 06:12:03,741 INFO server.RaftServerConfigKeys: raft.server.sleep.deviation.threshold = 300 (default)
datanode_3  | 2019-11-06 06:12:03,756 INFO server.RaftServerConfigKeys: raft.server.log.appender.install.snapshot.enabled = false (custom)
rm_1        | 2019-11-06 06:11:56 INFO  HttpServer2:953 - Added filter static_user_filter (class=org.apache.hadoop.http.lib.StaticUserWebFilter$StaticUserFilter) to context static
scm_1       | 2019-11-06 06:14:08,108 INFO block.BlockManagerImpl: Deleting blocks conID: 2 locID: 103089489545265159 bcsId: 0
nm_1        | INFO: Registering org.apache.hadoop.yarn.server.nodemanager.webapp.JAXBContextResolver as a provider class
datanode_1  | 2019-11-06 06:12:03,757 INFO server.RaftServerConfigKeys: raft.server.sleep.deviation.threshold = 300 (default)
datanode_2  | 2019-11-06 06:12:03,742 INFO server.RaftServerConfigKeys: raft.server.log.appender.install.snapshot.enabled = false (custom)
rm_1        | 2019-11-06 06:11:56 INFO  HttpServer2:608 - adding path spec: /cluster/*
scm_1       | 2019-11-06 06:14:08,108 INFO block.BlockManagerImpl: Deleting blocks conID: 3 locID: 103089489552408584 bcsId: 0
nm_1        | Nov 06, 2019 6:11:56 AM com.sun.jersey.server.impl.application.WebApplicationImpl _initiate
datanode_1  | 2019-11-06 06:12:03,757 INFO server.RaftServerConfigKeys: raft.server.log.appender.install.snapshot.enabled = false (custom)
datanode_3  | 2019-11-06 06:12:03,757 INFO impl.RaftServerImpl: cd9a079c-e419-46eb-8db8-13b08417dccc@group-9309363253AF: ConfigurationManager, init=-1: [cd9a079c-e419-46eb-8db8-13b08417dccc:172.18.0.8:9858, d4eae7b7-73b0-4f39-a2d0-be42093a6bf0:172.18.0.9:9858, 6c516822-eab5-4830-ac38-12cf6c1ff972:172.18.0.6:9858], old=null, confs=<EMPTY_MAP>
datanode_2  | 2019-11-06 06:12:03,742 INFO impl.RaftServerImpl: 6c516822-eab5-4830-ac38-12cf6c1ff972@group-9309363253AF: ConfigurationManager, init=-1: [cd9a079c-e419-46eb-8db8-13b08417dccc:172.18.0.8:9858, d4eae7b7-73b0-4f39-a2d0-be42093a6bf0:172.18.0.9:9858, 6c516822-eab5-4830-ac38-12cf6c1ff972:172.18.0.6:9858], old=null, confs=<EMPTY_MAP>
rm_1        | 2019-11-06 06:11:56 INFO  HttpServer2:608 - adding path spec: /ws/*
nm_1        | INFO: Initiating Jersey application, version 'Jersey: 1.19 02/11/2015 03:25 AM'
datanode_1  | 2019-11-06 06:12:03,758 INFO impl.RaftServerImpl: d4eae7b7-73b0-4f39-a2d0-be42093a6bf0@group-9309363253AF: ConfigurationManager, init=-1: [cd9a079c-e419-46eb-8db8-13b08417dccc:172.18.0.8:9858, d4eae7b7-73b0-4f39-a2d0-be42093a6bf0:172.18.0.9:9858, 6c516822-eab5-4830-ac38-12cf6c1ff972:172.18.0.6:9858], old=null, confs=<EMPTY_MAP>
datanode_3  | 2019-11-06 06:12:03,757 INFO server.RaftServerConfigKeys: raft.server.storage.dir = [/data/metadata/ratis] (custom)
datanode_2  | 2019-11-06 06:12:03,742 INFO server.RaftServerConfigKeys: raft.server.storage.dir = [/data/metadata/ratis] (custom)
scm_1       | 2019-11-06 06:14:08,108 INFO block.BlockManagerImpl: Deleting blocks conID: 1 locID: 103089490317213705 bcsId: 0
rm_1        | 2019-11-06 06:11:56 INFO  HttpServer2:608 - adding path spec: /app/*
nm_1        | Nov 06, 2019 6:11:56 AM com.sun.jersey.guice.spi.container.GuiceComponentProviderFactory getComponentProvider
datanode_1  | 2019-11-06 06:12:03,758 INFO server.RaftServerConfigKeys: raft.server.storage.dir = [/data/metadata/ratis] (custom)
datanode_3  | 2019-11-06 06:12:03,757 INFO server.RaftServerConfigKeys: raft.server.log.corruption.policy = EXCEPTION (default)
datanode_2  | 2019-11-06 06:12:03,742 INFO server.RaftServerConfigKeys: raft.server.log.corruption.policy = EXCEPTION (default)
rm_1        | 2019-11-06 06:11:57 INFO  WebApps:395 - Registered webapp guice modules
nm_1        | INFO: Binding org.apache.hadoop.yarn.server.nodemanager.webapp.JAXBContextResolver to GuiceManagedComponentProvider with the scope "Singleton"
scm_1       | 2019-11-06 06:14:08,108 INFO block.BlockManagerImpl: Deleting blocks conID: 2 locID: 103089490332942346 bcsId: 0
datanode_1  | 2019-11-06 06:12:03,758 INFO server.RaftServerConfigKeys: raft.server.log.corruption.policy = EXCEPTION (default)
datanode_3  | 2019-11-06 06:12:03,757 INFO storage.RaftStorageDirectory: The storage directory /data/metadata/ratis/f209b8bf-0d67-43fb-8234-9309363253af does not exist. Creating ...
datanode_2  | 2019-11-06 06:12:03,742 INFO storage.RaftStorageDirectory: The storage directory /data/metadata/ratis/f209b8bf-0d67-43fb-8234-9309363253af does not exist. Creating ...
rm_1        | 2019-11-06 06:11:57 INFO  HttpServer2:1186 - Jetty bound to port 8088
nm_1        | Nov 06, 2019 6:11:57 AM com.sun.jersey.guice.spi.container.GuiceComponentProviderFactory getComponentProvider
datanode_1  | 2019-11-06 06:12:03,759 INFO storage.RaftStorageDirectory: The storage directory /data/metadata/ratis/f209b8bf-0d67-43fb-8234-9309363253af does not exist. Creating ...
datanode_3  | 2019-11-06 06:12:03,771 INFO storage.RaftStorageDirectory: Lock on /data/metadata/ratis/f209b8bf-0d67-43fb-8234-9309363253af/in_use.lock acquired by nodename 7@a3dfc55d64d4
datanode_2  | 2019-11-06 06:12:03,752 INFO storage.RaftStorageDirectory: Lock on /data/metadata/ratis/f209b8bf-0d67-43fb-8234-9309363253af/in_use.lock acquired by nodename 7@350591cabed7
rm_1        | 2019-11-06 06:11:57 INFO  Server:351 - jetty-9.3.24.v20180605, build timestamp: 2018-06-05T17:11:56Z, git hash: 84205aa28f11a4f31f2a3b86d1bba2cc8ab69827
scm_1       | 2019-11-06 06:14:08,109 INFO block.BlockManagerImpl: Deleting blocks conID: 3 locID: 103089489329848322 bcsId: 0
nm_1        | INFO: Binding org.apache.hadoop.yarn.webapp.GenericExceptionHandler to GuiceManagedComponentProvider with the scope "Singleton"
datanode_1  | 2019-11-06 06:12:03,771 INFO storage.RaftStorageDirectory: Lock on /data/metadata/ratis/f209b8bf-0d67-43fb-8234-9309363253af/in_use.lock acquired by nodename 7@5a8f62eb1336
datanode_2  | 2019-11-06 06:12:03,771 INFO storage.RaftStorage: Storage directory /data/metadata/ratis/f209b8bf-0d67-43fb-8234-9309363253af has been successfully formatted.
datanode_3  | 2019-11-06 06:12:03,775 INFO storage.RaftStorage: Storage directory /data/metadata/ratis/f209b8bf-0d67-43fb-8234-9309363253af has been successfully formatted.
rm_1        | 2019-11-06 06:11:57 INFO  AuthenticationFilter:240 - Unable to initialize FileSignerSecretProvider, falling back to use random secrets.
scm_1       | 2019-11-06 06:14:08,109 INFO block.BlockManagerImpl: Deleting blocks conID: 1 locID: 103089489465966595 bcsId: 0
nm_1        | Nov 06, 2019 6:11:58 AM com.sun.jersey.guice.spi.container.GuiceComponentProviderFactory getComponentProvider
datanode_1  | 2019-11-06 06:12:03,775 INFO storage.RaftStorage: Storage directory /data/metadata/ratis/f209b8bf-0d67-43fb-8234-9309363253af has been successfully formatted.
datanode_2  | 2019-11-06 06:12:03,772 INFO ratis.ContainerStateMachine: group-9309363253AF: The snapshot info is null. Setting the last applied indexto:(t:0, i:~)
datanode_3  | 2019-11-06 06:12:03,775 INFO ratis.ContainerStateMachine: group-9309363253AF: The snapshot info is null. Setting the last applied indexto:(t:0, i:~)
rm_1        | 2019-11-06 06:11:57 INFO  AbstractDelegationTokenSecretManager:347 - Updating the current master key for generating delegation tokens
scm_1       | 2019-11-06 06:14:08,109 INFO block.BlockManagerImpl: Deleting blocks conID: 2 locID: 103089489474289668 bcsId: 0
nm_1        | INFO: Binding org.apache.hadoop.yarn.server.nodemanager.webapp.NMWebServices to GuiceManagedComponentProvider with the scope "Singleton"
datanode_1  | 2019-11-06 06:12:03,775 INFO ratis.ContainerStateMachine: group-9309363253AF: The snapshot info is null. Setting the last applied indexto:(t:0, i:~)
datanode_2  | 2019-11-06 06:12:03,772 INFO server.RaftServerConfigKeys: raft.server.notification.no-leader.timeout = 120s (custom)
datanode_3  | 2019-11-06 06:12:03,776 INFO server.RaftServerConfigKeys: raft.server.notification.no-leader.timeout = 120s (custom)
rm_1        | 2019-11-06 06:11:57 INFO  AbstractDelegationTokenSecretManager:679 - Starting expired delegation token remover thread, tokenRemoverScanInterval=60 min(s)
scm_1       | 2019-11-06 06:14:08,109 INFO block.BlockManagerImpl: Deleting blocks conID: 3 locID: 103089491927891979 bcsId: 0
nm_1        | 2019-11-06 06:11:58 INFO  ContextHandler:781 - Started o.e.j.w.WebAppContext@6b3f6585{/,file:///tmp/jetty-0.0.0.0-8042-node-_-any-4662902106617586703.dir/webapp/,AVAILABLE}{/node}
datanode_1  | 2019-11-06 06:12:03,775 INFO server.RaftServerConfigKeys: raft.server.notification.no-leader.timeout = 120s (custom)
datanode_2  | 2019-11-06 06:12:03,772 INFO server.RaftServerConfigKeys: raft.server.log.use.memory = false (default)
datanode_3  | 2019-11-06 06:12:03,776 INFO server.RaftServerConfigKeys: raft.server.log.use.memory = false (default)
rm_1        | 2019-11-06 06:11:57 INFO  AbstractDelegationTokenSecretManager:347 - Updating the current master key for generating delegation tokens
nm_1        | 2019-11-06 06:11:58 INFO  AbstractConnector:278 - Started ServerConnector@6629ad09{HTTP/1.1,[http/1.1]}{0.0.0.0:8042}
scm_1       | 2019-11-06 06:14:08,110 INFO block.BlockManagerImpl: Deleting blocks conID: 1 locID: 103089492020559884 bcsId: 0
datanode_1  | 2019-11-06 06:12:03,776 INFO server.RaftServerConfigKeys: raft.server.log.use.memory = false (default)
datanode_2  | 2019-11-06 06:12:03,773 INFO server.RaftServerConfigKeys: raft.server.log.purge.gap = 1000000 (custom)
rm_1        | 2019-11-06 06:11:57 INFO  ContextHandler:781 - Started o.e.j.s.ServletContextHandler@3a12c404{/logs,file:///opt/hadoop/logs/,AVAILABLE}
datanode_1  | 2019-11-06 06:12:03,776 INFO server.RaftServerConfigKeys: raft.server.log.purge.gap = 1000000 (custom)
datanode_2  | 2019-11-06 06:12:03,773 INFO server.RaftServerConfigKeys: raft.server.log.appender.buffer.byte-limit = 33554432 (custom)
datanode_3  | 2019-11-06 06:12:03,776 INFO server.RaftServerConfigKeys: raft.server.log.purge.gap = 1000000 (custom)
rm_1        | 2019-11-06 06:11:57 INFO  ContextHandler:781 - Started o.e.j.s.ServletContextHandler@38831718{/static,jar:file:/opt/hadoop/share/hadoop/yarn/hadoop-yarn-common-3.1.2.jar!/webapps/static,AVAILABLE}
nm_1        | 2019-11-06 06:11:58 INFO  Server:419 - Started @4752ms
datanode_1  | 2019-11-06 06:12:03,776 INFO server.RaftServerConfigKeys: raft.server.log.appender.buffer.byte-limit = 33554432 (custom)
datanode_2  | 2019-11-06 06:12:03,773 INFO server.RaftServerConfigKeys: raft.server.log.segment.size.max = 1048576 (custom)
datanode_3  | 2019-11-06 06:12:03,776 INFO server.RaftServerConfigKeys: raft.server.log.appender.buffer.byte-limit = 33554432 (custom)
rm_1        | Nov 06, 2019 6:11:57 AM com.sun.jersey.guice.spi.container.GuiceComponentProviderFactory register
nm_1        | 2019-11-06 06:11:58 INFO  WebApps:440 - Web app node started at 8042
datanode_1  | 2019-11-06 06:12:03,776 INFO server.RaftServerConfigKeys: raft.server.log.segment.size.max = 1048576 (custom)
datanode_3  | 2019-11-06 06:12:03,776 INFO server.RaftServerConfigKeys: raft.server.log.segment.size.max = 1048576 (custom)
datanode_2  | 2019-11-06 06:12:03,773 INFO server.RaftServerConfigKeys: raft.server.log.segment.cache.num.max = 2 (custom)
rm_1        | INFO: Registering org.apache.hadoop.yarn.server.resourcemanager.webapp.JAXBContextResolver as a provider class
nm_1        | 2019-11-06 06:11:58 INFO  NodeStatusUpdaterImpl:250 - Node ID assigned is : nm:38515
datanode_1  | 2019-11-06 06:12:03,776 INFO server.RaftServerConfigKeys: raft.server.log.segment.cache.num.max = 2 (custom)
datanode_3  | 2019-11-06 06:12:03,777 INFO server.RaftServerConfigKeys: raft.server.log.segment.cache.num.max = 2 (custom)
rm_1        | Nov 06, 2019 6:11:57 AM com.sun.jersey.guice.spi.container.GuiceComponentProviderFactory register
nm_1        | 2019-11-06 06:11:58 INFO  JvmPauseMonitor:188 - Starting JVM pause monitor
datanode_3  | 2019-11-06 06:12:03,777 INFO segmented.SegmentedRaftLogWorker: new cd9a079c-e419-46eb-8db8-13b08417dccc@group-9309363253AF-SegmentedRaftLogWorker for RaftStorage:Storage Directory /data/metadata/ratis/f209b8bf-0d67-43fb-8234-9309363253af
rm_1        | INFO: Registering org.apache.hadoop.yarn.server.resourcemanager.webapp.RMWebServices as a root resource class
datanode_1  | 2019-11-06 06:12:03,776 INFO segmented.SegmentedRaftLogWorker: new d4eae7b7-73b0-4f39-a2d0-be42093a6bf0@group-9309363253AF-SegmentedRaftLogWorker for RaftStorage:Storage Directory /data/metadata/ratis/f209b8bf-0d67-43fb-8234-9309363253af
datanode_3  | 2019-11-06 06:12:03,777 INFO server.RaftServerConfigKeys: raft.server.log.queue.byte-limit = 2147483647 (custom)
nm_1        | 2019-11-06 06:11:58 INFO  RMProxy:133 - Connecting to ResourceManager at rm/172.18.0.7:8031
datanode_2  | 2019-11-06 06:12:03,773 INFO segmented.SegmentedRaftLogWorker: new 6c516822-eab5-4830-ac38-12cf6c1ff972@group-9309363253AF-SegmentedRaftLogWorker for RaftStorage:Storage Directory /data/metadata/ratis/f209b8bf-0d67-43fb-8234-9309363253af
rm_1        | Nov 06, 2019 6:11:57 AM com.sun.jersey.guice.spi.container.GuiceComponentProviderFactory register
datanode_3  | 2019-11-06 06:12:03,777 INFO server.RaftServerConfigKeys: raft.server.log.queue.element-limit = 1024 (custom)
nm_1        | 2019-11-06 06:11:58 INFO  NodeStatusUpdaterImpl:641 - Sending out 0 NM container statuses: []
datanode_1  | 2019-11-06 06:12:03,776 INFO server.RaftServerConfigKeys: raft.server.log.queue.byte-limit = 2147483647 (custom)
datanode_2  | 2019-11-06 06:12:03,773 INFO server.RaftServerConfigKeys: raft.server.log.queue.byte-limit = 2147483647 (custom)
rm_1        | INFO: Registering org.apache.hadoop.yarn.webapp.GenericExceptionHandler as a provider class
