jhs         | 2019-11-06 06:42:04 INFO  AbstractDelegationTokenSecretManager:491 - Token renewal for identifier: (TIMELINE_DELEGATION_TOKEN owner=hadoop, renewer=rm, realUser=, issueDate=1573022524451, maxDate=1573627324451, sequenceNumber=2, masterKeyId=2); total currentTokens 2
datanode_3  | 2019-11-06 06:40:33,534 INFO server.RaftServerConfigKeys: raft.server.log.purge.gap = 1000000 (custom)
rm_1        | 2019-11-06 06:40:22 INFO  AuthenticationFilter:240 - Unable to initialize FileSignerSecretProvider, falling back to use random secrets.
datanode_1  | 2019-11-06 06:40:33,555 INFO ratis.ContainerStateMachine: group-21230A63DD70: The snapshot info is null. Setting the last applied indexto:(t:0, i:~)
kdc_1       | Nov 06 06:40:07 kdc krb5kdc[9](info): AS_REQ (8 etypes {18 17 20 19 16 23 25 26}) 127.0.0.1: SERVER_NOT_FOUND: admin/admin@EXAMPLE.COM for kadmin/localhost@EXAMPLE.COM, Server not found in Kerberos database
scm_1       | 2019-11-06 06:41:37,123 INFO ipc.Server: Auth successful for om/om@EXAMPLE.COM (auth:KERBEROS)
om_1        | 2019-11-06 06:40:49,102 INFO ipc.Server: Auth successful for testuser/om@EXAMPLE.COM (auth:KERBEROS)
datanode_2  | 2019-11-06 06:40:33,538 INFO server.RaftServerConfigKeys: raft.server.log.statemachine.data.caching.enabled = true (custom)
nm_1        | Nov 06, 2019 6:40:21 AM com.sun.jersey.guice.spi.container.GuiceComponentProviderFactory getComponentProvider
kms_1       | Nov 06, 2019 6:41:22 AM com.sun.jersey.server.wadl.generators.AbstractWadlGeneratorGrammarGenerator attachTypes
datanode_3  | 2019-11-06 06:40:33,534 INFO server.RaftServerConfigKeys: raft.server.log.appender.buffer.byte-limit = 33554432 (custom)
rm_1        | 2019-11-06 06:40:22 INFO  HttpRequestLog:81 - Http request log for http.requests.resourcemanager is not defined
datanode_1  | 2019-11-06 06:40:33,556 INFO server.RaftServerConfigKeys: raft.server.notification.no-leader.timeout = 120s (custom)
kdc_1       | Nov 06 06:40:07 kdc krb5kdc[9](info): AS_REQ (8 etypes {18 17 20 19 16 23 25 26}) 127.0.0.1: ISSUE: authtime 1573022407, etypes {rep=18 tkt=18 ses=18}, admin/admin@EXAMPLE.COM for kadmin/admin@EXAMPLE.COM
scm_1       | 2019-11-06 06:41:48,814 INFO ipc.Server: Auth successful for dn/89e32728fb64@EXAMPLE.COM (auth:KERBEROS)
om_1        | 2019-11-06 06:40:52,429 INFO ipc.Server: Auth successful for testuser/om@EXAMPLE.COM (auth:KERBEROS)
datanode_2  | 2019-11-06 06:40:33,539 INFO segmented.SegmentedRaftLogWorker: 08b71e65-2dda-49b8-a8a0-1ec461043f6c@group-21230A63DD70-SegmentedRaftLogWorker: flushIndex: setUnconditionally 0 -> -1
nm_1        | INFO: Binding org.apache.hadoop.yarn.server.nodemanager.webapp.NMWebServices to GuiceManagedComponentProvider with the scope "Singleton"
kms_1       | INFO: Couldn't find grammar element for class javax.ws.rs.core.Response
datanode_3  | 2019-11-06 06:40:33,534 INFO server.RaftServerConfigKeys: raft.server.log.segment.size.max = 1048576 (custom)
rm_1        | 2019-11-06 06:40:22 INFO  HttpServer2:975 - Added global filter 'safety' (class=org.apache.hadoop.http.HttpServer2$QuotingInputFilter)
kdc_1       | Nov 06 06:40:07 kdc krb5kdc[9](info): AS_REQ (8 etypes {18 17 20 19 16 23 25 26}) 127.0.0.1: SERVER_NOT_FOUND: admin/admin@EXAMPLE.COM for kadmin/localhost@EXAMPLE.ind[15](Notice): Request: kadm5_get_principal, HTTP/om@EXAMPLE.COM, success, client=admin/admin@EXAMPLE.COM, service=kadmin/admin@EXAMPLE.COM, addr=127.0.0.1
datanode_2  | 2019-11-06 06:40:33,539 INFO server.RaftServerConfigKeys: raft.server.snapshot.auto.trigger.enabled = true (custom)
datanode_1  | 2019-11-06 06:40:33,556 INFO server.RaftServerConfigKeys: raft.server.log.use.memory = false (default)
nm_1        | 2019-11-06 06:40:21 INFO  ContextHandler:781 - Started o.e.j.w.WebAppContext@6e1b9411{/,file:///tmp/jetty-0.0.0.0-8042-node-_-any-6835345761260426817.dir/webapp/,AVAILABLE}{/node}
kms_1       | Nov 06, 2019 6:41:22 AM com.sun.jersey.server.wadl.generators.AbstractWadlGeneratorGrammarGenerator attachTypes
datanode_3  | 2019-11-06 06:40:33,534 INFO server.RaftServerConfigKeys: raft.server.log.segment.cache.num.max = 2 (custom)
scm_1       | 2019-11-06 06:41:48,821 INFO ipc.Server: Auth successful for dn/d99eddcb33c5@EXAMPLE.COM (auth:KERBEROS)
rm_1        | 2019-11-06 06:40:22 INFO  HttpServer2:948 - Added filter static_user_filter (class=org.apache.hadoop.http.lib.StaticUserWebFilter$StaticUserFilter) to context cluster
om_1        | 2019-11-06 06:40:53,294 INFO volume.OMVolumeCreateRequest: created volume:vol1 for user:hadoop
kdc_1       | Nov 06 06:40:06 kdc kadmind[15](info): closing down fd 18
datanode_2  | 2019-11-06 06:40:33,539 INFO server.RaftServerConfigKeys: raft.server.snapshot.auto.trigger.threshold = 10000 (custom)
nm_1        | 2019-11-06 06:40:21 INFO  AbstractConnector:278 - Started ServerConnector@770d3fdd{HTTP/1.1,[http/1.1]}{0.0.0.0:8042}
kms_1       | INFO: Couldn't find grammar element for class java.util.Map
datanode_1  | 2019-11-06 06:40:33,556 INFO server.RaftServerConfigKeys: raft.server.log.purge.gap = 1000000 (custom)
datanode_3  | 2019-11-06 06:40:33,535 INFO segmented.SegmentedRaftLogWorker: new a73caaea-76d8-45b9-be33-795645d6a0e8@group-21230A63DD70-SegmentedRaftLogWorker for RaftStorage:Storage Directory /data/metadata/ratis/82aaa1ad-a9fa-4f7f-8e1b-21230a63dd70
scm_1       | 2019-11-06 06:41:48,822 INFO ipc.Server: Auth successful for dn/63ffc796a71d@EXAMPLE.COM (auth:KERBEROS)
rm_1        | 2019-11-06 06:40:22 INFO  HttpServer2:958 - Added filter static_user_filter (class=org.apache.hadoop.http.lib.StaticUserWebFilter$StaticUserFilter) to context static
om_1        | 2019-11-06 06:40:55,349 INFO ipc.Server: Auth successful for testuser/om@EXAMPLE.COM (auth:KERBEROS)
kdc_1       | Nov 06 06:40:06 kdc kadmind[15](Notice): Request: kadm5_init, admin/admin@EXAMPLE.COM, success, client=admin/admin@EXAMPLE.COM, service=kadmin/admin@EXAMPLE.COM, addr=127.0.0.1, vers=4, flavor=6
datanode_2  | 2019-11-06 06:40:33,540 INFO server.RaftServerConfigKeys: raft.server.snapshot.retention.file.num = 5 (custom)
nm_1        | 2019-11-06 06:40:21 INFO  Server:419 - Started @4074ms
datanode_1  | 2019-11-06 06:40:33,556 INFO server.RaftServerConfigKeys: raft.server.log.appender.buffer.byte-limit = 33554432 (custom)
kms_1       | Nov 06, 2019 6:41:22 AM com.sun.jersey.server.wadl.generators.AbstractWadlGeneratorGrammarGenerator attachTypes
datanode_3  | 2019-11-06 06:40:33,535 INFO server.RaftServerConfigKeys: raft.server.log.queue.byte-limit = 2147483647 (custom)
scm_1       | 2019-11-06 06:41:50,485 INFO ipc.Server: Auth successful for om/om@EXAMPLE.COM (auth:KERBEROS)
rm_1        | 2019-11-06 06:40:22 INFO  HttpServer2:958 - Added filter static_user_filter (class=org.apache.hadoop.http.lib.StaticUserWebFilter$StaticUserFilter) to context logs
om_1        | 2019-11-06 06:40:58,102 INFO ipc.Server: Auth successful for testuser/om@EXAMPLE.COM (auth:KERBEROS)
kdc_1       | Nov 06 06:40:06 kdc kadmind[15](Notice): Request: kadm5_get_policy, default, Policy does not exist, client=admin/admin@EXAMPLE.COM, service=kadmin/admin@EXAMPLE.COM, addr=127.0.0.1
datanode_2  | 2019-11-06 06:40:33,540 INFO server.RaftServerConfigKeys: raft.server.retrycache.expirytime = 600000ms (custom)
nm_1        | 2019-11-06 06:40:21 INFO  WebApps:440 - Web app node started at 8042
datanode_1  | 2019-11-06 06:40:33,556 INFO server.RaftServerConfigKeys: raft.server.log.segment.size.max = 1048576 (custom)
kms_1       | INFO: Couldn't find grammar element for class java.util.Map
datanode_3  | 2019-11-06 06:40:33,535 INFO server.RaftServerConfigKeys: raft.server.log.queue.element-limit = 1024 (custom)
scm_1       | 2019-11-06 06:42:00,228 INFO ipc.Server: Auth successful for om/om@EXAMPLE.COM (auth:KERBEROS)
rm_1        | 2019-11-06 06:40:22 INFO  HttpServer2:613 - adding path spec: /cluster/*
om_1        | 2019-11-06 06:41:00,693 INFO ipc.Server: Auth successful for testuser/om@EXAMPLE.COM (auth:KERBEROS)
datanode_2  | 2019-11-06 06:40:33,540 WARN impl.MetricRegistriesImpl: First MetricRegistry has been created without registering reporters. You may need to call MetricRegistries.global().addReportRegistration(...) before.
nm_1        | 2019-11-06 06:40:21 INFO  NodeStatusUpdaterImpl:261 - Node ID assigned is : nm:42723
kdc_1       | Nov 06 06:40:06 kdc kadmind[15](Notice): Request: kadm5_create_principal, om/nm@EXAMPLE.COM, success, client=admin/admin@EXAMPLE.COM, service=kadmin/admin@EXAMPLE.COM, addr=127.0.0.1
datanode_1  | 2019-11-06 06:40:33,556 INFO server.RaftServerConfigKeys: raft.server.log.segment.cache.num.max = 2 (custom)
kms_1       | Nov 06, 2019 6:41:22 AM com.sun.jersey.server.wadl.generators.AbstractWadlGeneratorGrammarGenerator attachTypes
datanode_3  | 2019-11-06 06:40:33,535 INFO server.RaftServerConfigKeys: raft.server.log.segment.size.max = 1048576 (custom)
scm_1       | 2019-11-06 06:42:18,804 INFO ipc.Server: Auth successful for dn/63ffc796a71d@EXAMPLE.COM (auth:KERBEROS)
rm_1        | 2019-11-06 06:40:22 INFO  HttpServer2:613 - adding path spec: /ws/*
om_1        | 2019-11-06 06:41:06,342 INFO ipc.Server: Auth successful for testuser/om@EXAMPLE.COM (auth:KERBEROS)
datanode_2  | 2019-11-06 06:40:33,540 WARN impl.MetricRegistriesImpl: First MetricRegistry has been created without registering reporters. You may need to call MetricRegistries.global().addReportRegistration(...) before.
nm_1        | 2019-11-06 06:40:21 INFO  JvmPauseMonitor:188 - Starting JVM pause monitor
kdc_1       | Nov 06 06:40:06 kdc kadmind[15](info): closing down fd 18
datanode_1  | 2019-11-06 06:40:33,556 INFO segmented.SegmentedRaftLogWorker: new 111de368-bd4e-4229-b22c-c27902c43213@group-21230A63DD70-SegmentedRaftLogWorker for RaftStorage:Storage Directory /data/metadata/ratis/82aaa1ad-a9fa-4f7f-8e1b-21230a63dd70
kms_1       | INFO: Couldn't find grammar element for class javax.ws.rs.core.Response
datanode_3  | 2019-11-06 06:40:33,535 INFO server.RaftServerConfigKeys: raft.server.log.preallocated.size = 16384 (custom)
scm_1       | 2019-11-06 06:42:18,805 INFO ipc.Server: Auth successful for dn/89e32728fb64@EXAMPLE.COM (auth:KERBEROS)
rm_1        | 2019-11-06 06:40:22 INFO  HttpServer2:613 - adding path spec: /app/*
om_1        | 2019-11-06 06:41:09,218 INFO ipc.Server: Auth successful for testuser/om@EXAMPLE.COM (auth:KERBEROS)
datanode_2  | 2019-11-06 06:40:33,540 INFO impl.RaftServerImpl: 08b71e65-2dda-49b8-a8a0-1ec461043f6c@group-21230A63DD70: start as a follower, conf=-1: [08b71e65-2dda-49b8-a8a0-1ec461043f6c:172.19.0.10:9858, 111de368-bd4e-4229-b22c-c27902c43213:172.19.0.3:9858, a73caaea-76d8-45b9-be33-795645d6a0e8:172.19.0.7:9858], old=null
nm_1        | 2019-11-06 06:40:21 INFO  RMProxy:133 - Connecting to ResourceManager at rm/172.19.0.6:8031
kdc_1       | Nov 06 06:40:06 kdc kadmind[15](Notice): Request: kadm5_init, admin/admin@EXAMPLE.COM, success, client=admin/admin@EXAMPLE.COM, service=kadmin/admin@EXAMPLE.COM, addr=127.0.0.1, vers=4, flavor=6
datanode_1  | 2019-11-06 06:40:33,557 INFO server.RaftServerConfigKeys: raft.server.log.queue.byte-limit = 2147483647 (custom)
kms_1       | Nov 06, 2019 6:41:22 AM com.sun.jersey.server.wadl.generators.AbstractWadlGeneratorGrammarGenerator attachTypes
scm_1       | 2019-11-06 06:42:18,819 INFO ipc.Server: Auth successful for dn/d99eddcb33c5@EXAMPLE.COM (auth:KERBEROS)
datanode_3  | 2019-11-06 06:40:33,535 INFO server.RaftServerConfigKeys: raft.server.log.write.buffer.size = 33554432 (custom)
rm_1        | 2019-11-06 06:40:22 INFO  WebApps:395 - Registered webapp guice modules
om_1        | 2019-11-06 06:41:15,958 INFO ipc.Server: Auth successful for hadoop/rm@EXAMPLE.COM (auth:KERBEROS)
datanode_2  | 2019-11-06 06:40:33,540 INFO impl.RaftServerImpl: 08b71e65-2dda-49b8-a8a0-1ec461043f6c@group-21230A63DD70: changes role from      null to FOLLOWER at term 0 for startAsFollower
nm_1        | 2019-11-06 06:40:21 INFO  NodeStatusUpdaterImpl:652 - Sending out 0 NM container statuses: []
kdc_1       | Nov 06 06:40:06 kdc kadmind[15](Notice): Request: kadm5_randkey_principal, om/nm@EXAMPLE.COM, success, client=admin/admin@EXAMPLE.COM, service=kadmin/admin@EXAMPLE.COM, addr=127.0.0.1
datanode_1  | 2019-11-06 06:40:33,557 INFO server.RaftServerConfigKeys: raft.server.log.queue.element-limit = 1024 (custom)
kms_1       | INFO: Couldn't find grammar element for class java.util.Map
scm_1       | 2019-11-06 06:42:25,693 INFO ipc.Server: Auth successful for om/om@EXAMPLE.COM (auth:KERBEROS)
datanode_3  | 2019-11-06 06:40:33,535 INFO server.RaftServerConfigKeys: raft.server.log.force.sync.num = 128 (default)
rm_1        | 2019-11-06 06:40:22 INFO  HttpServer2:1191 - Jetty bound to port 8088
om_1        | 2019-11-06 06:41:25,100 INFO ipc.Server: Auth successful for rm/rm@EXAMPLE.COM (auth:KERBEROS)
datanode_2  | 2019-11-06 06:40:33,541 INFO impl.RoleInfo: 08b71e65-2dda-49b8-a8a0-1ec461043f6c: start FollowerState
nm_1        | 2019-11-06 06:40:21 INFO  NodeStatusUpdaterImpl:393 - Registering with RM using containers :[]
kdc_1       | Nov 06 06:40:06 kdc kadmind[15](Notice): Request: kadm5_get_principal, om/nm@EXAMPLE.COM, success, client=admin/admin@EXAMPLE.COM, service=kadmin/admin@EXAMPLE.COM, addr=127.0.0.1
datanode_1  | 2019-11-06 06:40:33,557 INFO server.RaftServerConfigKeys: raft.server.log.segment.size.max = 1048576 (custom)
kms_1       | Nov 06, 2019 6:41:22 AM com.sun.jersey.server.wadl.generators.AbstractWadlGeneratorGrammarGenerator attachTypes
scm_1       | 2019-11-06 06:42:31,061 INFO server.SCMBlockProtocolServer: SCM is informed by OM to delete 17 blocks
datanode_3  | 2019-11-06 06:40:33,535 INFO server.RaftServerConfigKeys: raft.server.log.statemachine.data.sync = true (default)
rm_1        | 2019-11-06 06:40:22 INFO  Server:351 - jetty-9.3.24.v20180605, build timestamp: 2018-06-05T17:11:56Z, git hash: 84205aa28f11a4f31f2a3b86d1bba2cc8ab69827
om_1        | 2019-11-06 06:41:27,888 INFO ipc.Server: Auth successful for nm/nm@EXAMPLE.COM (auth:KERBEROS)
datanode_2  | 2019-11-06 06:40:33,542 INFO util.JmxRegister: Successfully registered JMX Bean with object name Ratis:service=RaftServer,group=group-21230A63DD70,id=08b71e65-2dda-49b8-a8a0-1ec461043f6c
nm_1        | 2019-11-06 06:40:22 INFO  Client:948 - Retrying connect to server: rm/172.19.0.6:8031. Already tried 0 time(s); retry policy is RetryUpToMaximumCountWithFixedSleep(maxRetries=10, sleepTime=1000 MILLISECONDS)
kdc_1       | Nov 06 06:40:06 kdc kadmind[15](info): closing down fd 18
datanode_1  | 2019-11-06 06:40:33,557 INFO server.RaftServerConfigKeys: raft.server.log.preallocated.size = 16384 (custom)
scm_1       | 2019-11-06 06:42:31,062 INFO block.BlockManagerImpl: Deleting blocks conID: 2 locID: 103089601419149316 bcsId: 0
kms_1       | INFO: Couldn't find grammar element for class java.util.Map
datanode_3  | 2019-11-06 06:40:33,535 INFO server.RaftServerConfigKeys: raft.server.log.statemachine.data.sync.timeout = 10s (default)
rm_1        | 2019-11-06 06:40:22 INFO  ContextHandler:781 - Started o.e.j.s.ServletContextHandler@3234f74e{/logs,file:///opt/hadoop/logs/,AVAILABLE}
om_1        | 2019-11-06 06:41:28,366 INFO ipc.Server: Auth successful for hadoop/rm@EXAMPLE.COM (auth:TOKEN)
datanode_2  | 2019-11-06 06:40:33,542 WARN impl.MetricRegistriesImpl: First MetricRegistry has been created without registering reporters. You may need to call MetricRegistries.global().addReportRegistration(...) before.
nm_1        | 2019-11-06 06:40:23 INFO  Client:948 - Retrying connect to server: rm/172.19.0.6:8031. Already tried 1 time(s); retry policy is RetryUpToMaximumCountWithFixedSleep(maxRetries=10, sleepTime=1000 MILLISECONDS)
kdc_1       | Nov 06 06:40:06 kdc kadmind[15](Notice): Request: kadm5_init, admin/admin@EXAMPLE.COM, success, client=admin/admin@EXAMPLE.COM, service=kadmin/admin@EXAMPLE.COM, addr=127.0.0.1, vers=4, flavor=6
datanode_1  | 2019-11-06 06:40:33,557 INFO server.RaftServerConfigKeys: raft.server.log.write.buffer.size = 33554432 (custom)
scm_1       | 2019-11-06 06:42:31,069 INFO block.BlockManagerImpl: Deleting blocks conID: 3 locID: 103089601432125445 bcsId: 0
kms_1       | Nov 06, 2019 6:41:22 AM com.sun.jersey.server.wadl.generators.AbstractWadlGeneratorGrammarGenerator attachTypes
rm_1        | 2019-11-06 06:40:22 INFO  ContextHandler:781 - Started o.e.j.s.ServletContextHandler@557a1e2d{/static,jar:file:/opt/hadoop/share/hadoop/yarn/hadoop-yarn-common-3.2.0.jar!/webapps/static,AVAILABLE}
datanode_3  | 2019-11-06 06:40:33,536 INFO server.RaftServerConfigKeys: raft.server.log.statemachine.data.sync.timeout.retry = -1 (default)
om_1        | 2019-11-06 06:41:28,760 INFO ipc.Server: Auth successful for hadoop/rm@EXAMPLE.COM (auth:TOKEN)
datanode_2  | 2019-11-06 06:40:38,428 INFO impl.FollowerState: 08b71e65-2dda-49b8-a8a0-1ec461043f6c@group-13464810ADB1-FollowerState: change to CANDIDATE, lastRpcTime:5046ms, electionTimeout:5045ms
nm_1        | 2019-11-06 06:40:24 INFO  Client:948 - Retrying connect to server: rm/172.19.0.6:8031. Already tried 2 time(s); retry policy is RetryUpToMaximumCountWithFixedSleep(maxRetries=10, sleepTime=1000 MILLISECONDS)
kdc_1       | Nov 06 06:40:06 kdc kadmind[15](Notice): Request: kadm5_get_policy, default, Policy does not exist, client=admin/admin@EXAMPLE.COM, service=kadmin/admin@EXAMPLE.COM, addr=127.0.0.1
datanode_1  | 2019-11-06 06:40:33,557 INFO server.RaftServerConfigKeys: raft.server.log.force.sync.num = 128 (default)
scm_1       | 2019-11-06 06:42:31,069 INFO block.BlockManagerImpl: Deleting blocks conID: 1 locID: 103089601439662086 bcsId: 0
kms_1       | INFO: Couldn't find grammar element for class javax.ws.rs.core.Response
datanode_3  | 2019-11-06 06:40:33,536 INFO server.RaftServerConfigKeys: raft.server.log.statemachine.data.caching.enabled = true (custom)
rm_1        | Nov 06, 2019 6:40:22 AM com.sun.jersey.guice.spi.container.GuiceComponentProviderFactory register
om_1        | 2019-11-06 06:41:32,567 INFO ipc.Server: Auth successful for hadoop/rm@EXAMPLE.COM (auth:TOKEN)
datanode_2  | 2019-11-06 06:40:38,430 INFO impl.RoleInfo: 08b71e65-2dda-49b8-a8a0-1ec461043f6c: shutdown FollowerState
nm_1        | 2019-11-06 06:40:25 INFO  NMContainerTokenSecretManager:143 - Rolling master-key for container-tokens, got key with id 1215419378
kdc_1       | Nov 06 06:40:06 kdc kadmind[15](Notice): Request: kadm5_create_principal, HTTP/a8eeae4cdaa4@EXAMPLE.COM, success, client=admin/admin@EXAMPLE.COM, service=kadmin/admin@EXAMPLE.COM, addr=127.0.0.1
datanode_1  | 2019-11-06 06:40:33,557 INFO server.RaftServerConfigKeys: raft.server.log.statemachine.data.sync = true (default)
scm_1       | 2019-11-06 06:42:31,069 INFO block.BlockManagerImpl: Deleting blocks conID: 2 locID: 103089601447657479 bcsId: 0
kms_1       | Nov 06, 2019 6:41:22 AM com.sun.jersey.server.wadl.generators.AbstractWadlGeneratorGrammarGenerator attachTypes
rm_1        | INFO: Registering org.apache.hadoop.yarn.server.resourcemanager.webapp.JAXBContextResolver as a provider class
datanode_3  | 2019-11-06 06:40:33,536 INFO segmented.SegmentedRaftLogWorker: a73caaea-76d8-45b9-be33-795645d6a0e8@group-21230A63DD70-SegmentedRaftLogWorker: flushIndex: setUnconditionally 0 -> -1
om_1        | 2019-11-06 06:41:42,717 INFO ipc.Server: Auth successful for hadoop/rm@EXAMPLE.COM (auth:TOKEN)
datanode_2  | 2019-11-06 06:40:38,431 INFO impl.RaftServerImpl: 08b71e65-2dda-49b8-a8a0-1ec461043f6c@group-13464810ADB1: changes role from  FOLLOWER to CANDIDATE at term 0 for changeToCandidate
nm_1        | 2019-11-06 06:40:25 INFO  NMTokenSecretManagerInNM:143 - Rolling master-key for container-tokens, got key with id -2037915910
kdc_1       | Nov 06 06:40:06 kdc kadmindCOM, Server not found in Kerberos database
datanode_1  | 2019-11-06 06:40:33,557 INFO server.RaftServerConfigKeys: raft.server.log.statemachine.data.sync.timeout = 10s (default)
scm_1       | 2019-11-06 06:42:31,069 INFO block.BlockManagerImpl: Deleting blocks conID: 3 locID: 103089602371649544 bcsId: 0
kms_1       | INFO: Couldn't find grammar element for class javax.ws.rs.core.Response
rm_1        | Nov 06, 2019 6:40:22 AM com.sun.jersey.guice.spi.container.GuiceComponentProviderFactory register
datanode_3  | 2019-11-06 06:40:33,536 INFO server.RaftServerConfigKeys: raft.server.snapshot.auto.trigger.enabled = true (custom)
om_1        | 2019-11-06 06:41:43,470 INFO ipc.Server: Auth successful for hadoop/rm@EXAMPLE.COM (auth:TOKEN)
datanode_2  | 2019-11-06 06:40:38,436 INFO impl.RoleInfo: 08b71e65-2dda-49b8-a8a0-1ec461043f6c: start LeaderElection
nm_1        | 2019-11-06 06:40:25 INFO  NodeStatusUpdaterImpl:477 - Registered with ResourceManager as nm:42723 with total resource of <memory:8192, vCores:8>
datanode_1  | 2019-11-06 06:40:33,558 INFO server.RaftServerConfigKeys: raft.server.log.statemachine.data.sync.timeout.retry = -1 (default)
kdc_1       | Nov 06 06:40:07 kdc krb5kdc[9](info): AS_REQ (8 etypes {18 17 20 19 16 23 25 26}) 127.0.0.1: ISSUE: authtime 1573022407, etypes {rep=18 tkt=18 ses=18}, admin/admin@EXAMPLE.COM for kadmin/admin@EXAMPLE.COM
scm_1       | 2019-11-06 06:42:31,070 INFO block.BlockManagerImpl: Deleting blocks conID: 1 locID: 103089602388426761 bcsId: 0
kms_1       | Nov 06, 2019 6:41:22 AM com.sun.jersey.server.wadl.generators.AbstractWadlGeneratorGrammarGenerator attachTypes
rm_1        | INFO: Registering org.apache.hadoop.yarn.server.resourcemanager.webapp.RMWebServices as a root resource class
datanode_3  | 2019-11-06 06:40:33,536 INFO server.RaftServerConfigKeys: raft.server.snapshot.auto.trigger.threshold = 10000 (custom)
om_1        | 2019-11-06 06:41:44,596 INFO ipc.Server: Auth successful for hadoop/rm@EXAMPLE.COM (auth:TOKEN)
datanode_2  | 2019-11-06 06:40:38,447 INFO impl.LeaderElection: 08b71e65-2dda-49b8-a8a0-1ec461043f6c@group-13464810ADB1-LeaderElection1: begin an election at term 1 for -1: [08b71e65-2dda-49b8-a8a0-1ec461043f6c:172.19.0.10:9858], old=null
nm_1        | 2019-11-06 06:41:27 INFO  Server:1849 - Auth successful for appattempt_1573022423776_0001_000001 (auth:SIMPLE)
datanode_1  | 2019-11-06 06:40:33,558 INFO server.RaftServerConfigKeys: raft.server.log.statemachine.data.caching.enabled = true (custom)
kdc_1       | [15](info): closing down fd 18
scm_1       | 2019-11-06 06:42:31,070 INFO block.BlockManagerImpl: Deleting blocks conID: 1 locID: 103089603976822802 bcsId: 0
kms_1       | INFO: Couldn't find grammar element for class java.util.Map
datanode_3  | 2019-11-06 06:40:33,537 INFO server.RaftServerConfigKeys: raft.server.snapshot.retention.file.num = 5 (custom)
om_1        | 2019-11-06 06:41:49,667 INFO ipc.Server: Auth successful for hadoop/rm@EXAMPLE.COM (auth:TOKEN)
rm_1        | Nov 06, 2019 6:40:22 AM com.sun.jersey.guice.spi.container.GuiceComponentProviderFactory register
datanode_2  | 2019-11-06 06:40:38,449 INFO impl.RoleInfo: 08b71e65-2dda-49b8-a8a0-1ec461043f6c: shutdown LeaderElection
nm_1        | 2019-11-06 06:41:27 INFO  ContainerManagerImpl:1070 - Start request for container_1573022423776_0001_01_000001 by user hadoop
datanode_1  | 2019-11-06 06:40:33,558 INFO segmented.SegmentedRaftLogWorker: 111de368-bd4e-4229-b22c-c27902c43213@group-21230A63DD70-SegmentedRaftLogWorker: flushIndex: setUnconditionally 0 -> -1
kdc_1       | Nov 06 06:40:06 kdc kadmind[15](Notice): Request: kadm5_init, admin/admin@EXAMPLE.COM, success, client=admin/admin@EXAMPLE.COM, service=kadmin/admin@EXAMPLE.COM, addr=127.0.0.1, vers=4, flavor=6
scm_1       | 2019-11-06 06:42:31,070 INFO block.BlockManagerImpl: Deleting blocks conID: 2 locID: 103089604084498451 bcsId: 0
kms_1       | Nov 06, 2019 6:41:22 AM com.sun.jersey.server.wadl.generators.AbstractWadlGeneratorGrammarGenerator attachTypes
datanode_3  | 2019-11-06 06:40:33,537 INFO server.RaftServerConfigKeys: raft.server.retrycache.expirytime = 600000ms (custom)
om_1        | 2019-11-06 06:41:52,180 INFO ipc.Server: Auth successful for hadoop/rm@EXAMPLE.COM (auth:TOKEN)
rm_1        | INFO: Registering org.apache.hadoop.yarn.webapp.GenericExceptionHandler as a provider class
datanode_2  | 2019-11-06 06:40:38,450 INFO impl.RaftServerImpl: 08b71e65-2dda-49b8-a8a0-1ec461043f6c@group-13464810ADB1: changes role from CANDIDATE to LEADER at term 1 for changeToLeader
nm_1        | 2019-11-06 06:41:27 INFO  ContainerManagerImpl:1122 - Creating a new application reference for app application_1573022423776_0001
kdc_1       | Nov 06 06:40:06 kdc kadmind[15](Notice): Request: kadm5_randkey_principal, HTTP/a8eeae4cdaa4@EXAMPLE.COM, success, client=admin/admin@EXAMPLE.COM, service=kadmin/admin@EXAMPLE.COM, addr=127.0.0.1
kms_1       | INFO: Couldn't find grammar element for class java.util.Map
scm_1       | 2019-11-06 06:42:31,070 INFO block.BlockManagerImpl: Deleting blocks conID: 1 locID: 103089604092100629 bcsId: 0
datanode_1  | 2019-11-06 06:40:33,559 INFO server.RaftServerConfigKeys: raft.server.snapshot.auto.trigger.enabled = true (custom)
datanode_3  | 2019-11-06 06:40:33,537 WARN impl.MetricRegistriesImpl: First MetricRegistry has been created without registering reporters. You may need to call MetricRegistries.global().addReportRegistration(...) before.
om_1        | 2019-11-06 06:41:57,678 INFO ipc.Server: Auth successful for hadoop/rm@EXAMPLE.COM (auth:KERBEROS)
rm_1        | Nov 06, 2019 6:40:22 AM com.sun.jersey.server.impl.application.WebApplicationImpl _initiate
nm_1        | 2019-11-06 06:41:27 INFO  ApplicationImpl:655 - Application application_1573022423776_0001 transitioned from NEW to INITING
datanode_2  | 2019-11-06 06:40:38,450 INFO impl.RaftServerImpl: 08b71e65-2dda-49b8-a8a0-1ec461043f6c@group-13464810ADB1: change Leader from null to 08b71e65-2dda-49b8-a8a0-1ec461043f6c at term 1 for becomeLeader, leader elected after 5153ms
kdc_1       | Nov 06 06:40:06 kdc kadmind[15](Notice): Request: kadm5_get_principal, HTTP/a8eeae4cdaa4@EXAMPLE.COM, success, client=admin/admin@EXAMPLE.COM, service=kadmin/admin@EXAMPLE.COM, addr=127.0.0.1
kms_1       | Nov 06, 2019 6:41:22 AM com.sun.jersey.server.wadl.generators.AbstractWadlGeneratorGrammarGenerator attachTypes
scm_1       | 2019-11-06 06:42:31,071 INFO block.BlockManagerImpl: Deleting blocks conID: 2 locID: 103089604098129942 bcsId: 0
datanode_1  | 2019-11-06 06:40:33,559 INFO server.RaftServerConfigKeys: raft.server.snapshot.auto.trigger.threshold = 10000 (custom)
datanode_3  | 2019-11-06 06:40:33,537 WARN impl.MetricRegistriesImpl: First MetricRegistry has been created without registering reporters. You may need to call MetricRegistries.global().addReportRegistration(...) before.
om_1        | 2019-11-06 06:42:00,207 INFO ipc.Server: Auth successful for hadoop/rm@EXAMPLE.COM (auth:KERBEROS)
rm_1        | INFO: Initiating Jersey application, version 'Jersey: 1.19 02/11/2015 03:25 AM'
nm_1        | 2019-11-06 06:41:27 INFO  ApplicationImpl:463 - Adding container_1573022423776_0001_01_000001 to application application_1573022423776_0001
datanode_2  | 2019-11-06 06:40:38,456 INFO server.RaftServerConfigKeys: raft.server.staging.catchup.gap = 1000 (default)
kdc_1       | Nov 06 06:40:06 kdc kadmind[15](info): closing down fd 18
scm_1       | 2019-11-06 06:42:31,071 INFO block.BlockManagerImpl: Deleting blocks conID: 3 locID: 103089604685398039 bcsId: 0
datanode_1  | 2019-11-06 06:40:33,559 INFO server.RaftServerConfigKeys: raft.server.snapshot.retention.file.num = 5 (custom)
datanode_3  | 2019-11-06 06:40:33,537 INFO impl.RaftServerImpl: a73caaea-76d8-45b9-be33-795645d6a0e8@group-21230A63DD70: start as a follower, conf=-1: [08b71e65-2dda-49b8-a8a0-1ec461043f6c:172.19.0.10:9858, 111de368-bd4e-4229-b22c-c27902c43213:172.19.0.3:9858, a73caaea-76d8-45b9-be33-795645d6a0e8:172.19.0.7:9858], old=null
om_1        | 2019-11-06 06:42:03,345 INFO ipc.Server: Auth successful for hadoop/rm@EXAMPLE.COM (auth:TOKEN)
rm_1        | Nov 06, 2019 6:40:22 AM com.sun.jersey.guice.spi.container.GuiceComponentProviderFactory getComponentProvider
nm_1        | 2019-11-06 06:41:27 INFO  NMAuditLogger:94 - USER=hadoop	IP=172.19.0.6	OPERATION=Start Container Request	TARGET=ContainerManageImpl	RESULT=SUCCESS	APPID=application_1573022423776_0001	CONTAINERID=container_1573022423776_0001_01_000001
kms_1       | INFO: Couldn't find grammar element for class javax.ws.rs.core.Response
datanode_2  | 2019-11-06 06:40:38,456 INFO server.RaftServerConfigKeys: raft.server.rpc.sleep.time = 25ms (default)
kdc_1       | Nov 06 06:40:06 kdc kadmind[15](Notice): Request: kadm5_init, admin/admin@EXAMPLE.COM, success, client=admin/admin@EXAMPLE.COM, service=kadmin/admin@EXAMPLE.COM, addr=127.0.0.1, vers=4, flavor=6
scm_1       | 2019-11-06 06:42:31,071 INFO block.BlockManagerImpl: Deleting blocks conID: 1 locID: 103089604699881496 bcsId: 0
datanode_1  | 2019-11-06 06:40:33,559 INFO server.RaftServerConfigKeys: raft.server.retrycache.expirytime = 600000ms (custom)
datanode_3  | 2019-11-06 06:40:33,537 INFO impl.RaftServerImpl: a73caaea-76d8-45b9-be33-795645d6a0e8@group-21230A63DD70: changes role from      null to FOLLOWER at term 0 for startAsFollower
om_1        | 2019-11-06 06:42:04,545 INFO ipc.Server: Auth successful for rm/rm@EXAMPLE.COM (auth:KERBEROS)
rm_1        | INFO: Binding org.apache.hadoop.yarn.server.resourcemanager.webapp.JAXBContextResolver to GuiceManagedComponentProvider with the scope "Singleton"
kms_1       | Nov 06, 2019 6:41:24 AM com.sun.jersey.server.wadl.generators.WadlGeneratorJAXBGrammarGenerator buildModelAndSchemas
datanode_2  | 2019-11-06 06:40:38,461 INFO server.RaftServerConfigKeys: raft.server.write.element-limit = 4096 (default)
kdc_1       | Nov 06 06:40:06 kdc kadmind[15](Notice): Request: kadm5_get_policy, default, Policy does not exist, client=admin/admin@EXAMPLE.COM, service=kadmin/admin@EXAMPLE.COM, addr=127.0.0.1
nm_1        | 2019-11-06 06:41:28 WARN  LogAggregationFileController:284 - Remote Root Log Dir [/tmp/logs] does not exist. Attempting to create it.
scm_1       | 2019-11-06 06:42:31,071 INFO block.BlockManagerImpl: Deleting blocks conID: 2 locID: 103089601032486913 bcsId: 0
datanode_1  | 2019-11-06 06:40:33,559 WARN impl.MetricRegistriesImpl: First MetricRegistry has been created without registering reporters. You may need to call MetricRegistries.global().addReportRegistration(...) before.
datanode_3  | 2019-11-06 06:40:33,537 INFO impl.RoleInfo: a73caaea-76d8-45b9-be33-795645d6a0e8: start FollowerState
om_1        | 2019-11-06 06:42:05,366 INFO ipc.Server: Auth successful for nm/nm@EXAMPLE.COM (auth:KERBEROS)
rm_1        | Nov 06, 2019 6:40:23 AM com.sun.jersey.guice.spi.container.GuiceComponentProviderFactory getComponentProvider
kms_1       | SEVERE: Failed to generate the schema for the JAX-B elements
kdc_1       | Nov 06 06:40:06 kdc kadmind[15](Notice): Request: kadm5_create_principal, HTTP/89e32728fb64@EXAMPLE.COM, success, client=admin/admin@EXAMPLE.COM, service=kadmin/admin@EXAMPLE.COM, addr=127.0.0.1
nm_1        | 2019-11-06 06:41:28 WARN  LogAggregationFileController:298 - No primary group found. The remote root log directory will be created with the HDFS superuser being its group owner. JobHistoryServer may be unable to read the directory.
datanode_2  | 2019-11-06 06:40:38,469 INFO server.RaftServerConfigKeys: raft.server.watch.timeout = 10s (default)
scm_1       | 2019-11-06 06:42:31,072 INFO block.BlockManagerImpl: Deleting blocks conID: 3 locID: 103089601162969090 bcsId: 0
datanode_1  | 2019-11-06 06:40:33,559 WARN impl.MetricRegistriesImpl: First MetricRegistry has been created without registering reporters. You may need to call MetricRegistries.global().addReportRegistration(...) before.
datanode_3  | 2019-11-06 06:40:33,538 INFO util.JmxRegister: Successfully registered JMX Bean with object name Ratis:service=RaftServer,group=group-21230A63DD70,id=a73caaea-76d8-45b9-be33-795645d6a0e8
om_1        | 2019-11-06 06:42:05,413 INFO ipc.Server: Auth successful for hadoop/rm@EXAMPLE.COM (auth:TOKEN)
kms_1       | com.sun.xml.bind.v2.runtime.IllegalAnnotationsException: 2 counts of IllegalAnnotationExceptions
kdc_1       | Nov 06 06:40:06 kdc kadmind[15](info): closing down fd 18
nm_1        | 2019-11-06 06:41:28 INFO  ApplicationImpl:655 - Application application_1573022423776_0001 transitioned from INITING to RUNNING
rm_1        | INFO: Binding org.apache.hadoop.yarn.webapp.GenericExceptionHandler to GuiceManagedComponentProvider with the scope "Singleton"
datanode_2  | 2019-11-06 06:40:38,470 INFO server.RaftServerConfigKeys: raft.server.watch.timeout.denomination = 1s (default)
scm_1       | 2019-11-06 06:42:31,072 INFO block.BlockManagerImpl: Deleting blocks conID: 1 locID: 103089601341685763 bcsId: 0
datanode_1  | 2019-11-06 06:40:33,560 INFO impl.RaftServerImpl: 111de368-bd4e-4229-b22c-c27902c43213@group-21230A63DD70: start as a follower, conf=-1: [08b71e65-2dda-49b8-a8a0-1ec461043f6c:172.19.0.10:9858, 111de368-bd4e-4229-b22c-c27902c43213:172.19.0.3:9858, a73caaea-76d8-45b9-be33-795645d6a0e8:172.19.0.7:9858], old=null
datanode_3  | 2019-11-06 06:40:33,538 WARN impl.MetricRegistriesImpl: First MetricRegistry has been created without registering reporters. You may need to call MetricRegistries.global().addReportRegistration(...) before.
om_1        | 2019-11-06 06:42:05,525 INFO ipc.Server: Auth successful for hadoop/rm@EXAMPLE.COM (auth:TOKEN)
kms_1       | java.util.Map is an interface, and JAXB can't handle interfaces.
kdc_1       | Nov 06 06:40:06 kdc kadmind[15](Notice): Request: kadm5_init, admin/admin@EXAMPLE.COM, success, client=admin/admin@EXAMPLE.COM, service=kadmin/admin@EXAMPLE.COM, addr=127.0.0.1, vers=4, flavor=6
nm_1        | 2019-11-06 06:41:28 INFO  ContainerImpl:2112 - Container container_1573022423776_0001_01_000001 transitioned from NEW to LOCALIZING
rm_1        | Nov 06, 2019 6:40:23 AM com.sun.jersey.guice.spi.container.GuiceComponentProviderFactory getComponentProvider
datanode_2  | 2019-11-06 06:40:38,471 INFO server.RaftServerConfigKeys: raft.server.watch.element-limit = 65536 (default)
scm_1       | 2019-11-06 06:42:31,072 INFO block.BlockManagerImpl: Deleting blocks conID: 2 locID: 103089603247407114 bcsId: 0
datanode_1  | 2019-11-06 06:40:33,560 INFO impl.RaftServerImpl: 111de368-bd4e-4229-b22c-c27902c43213@group-21230A63DD70: changes role from      null to FOLLOWER at term 0 for startAsFollower
datanode_3  | 2019-11-06 06:40:37,420 INFO impl.FollowerState: a73caaea-76d8-45b9-be33-795645d6a0e8@group-C12ADC5A3B49-FollowerState: change to CANDIDATE, lastRpcTime:5077ms, electionTimeout:5076ms
om_1        | 2019-11-06 06:42:07,791 INFO ipc.Server: Auth successful for hadoop/rm@EXAMPLE.COM (auth:TOKEN)
kdc_1       | Nov 06 06:40:06 kdc kadmind[15](Notice): Request: kadm5_randkey_principal, HTTP/89e32728fb64@EXAMPLE.COM, success, client=admin/admin@EXAMPLE.COM, service=kadmin/admin@EXAMPLE.COM, addr=127.0.0.1
nm_1        | 2019-11-06 06:41:28 INFO  AuxServices:350 - Got event CONTAINER_INIT for appId application_1573022423776_0001
rm_1        | INFO: Binding org.apache.hadoop.yarn.server.resourcemanager.webapp.RMWebServices to GuiceManagedComponentProvider with the scope "Singleton"
datanode_2  | 2019-11-06 06:40:38,481 INFO impl.RoleInfo: 08b71e65-2dda-49b8-a8a0-1ec461043f6c: start LeaderState
scm_1       | 2019-11-06 06:42:31,072 INFO block.BlockManagerImpl: Deleting blocks conID: 3 locID: 103089603339485195 bcsId: 0
kms_1       | 	this problem is related to the following location:
datanode_1  | 2019-11-06 06:40:33,560 INFO impl.RoleInfo: 111de368-bd4e-4229-b22c-c27902c43213: start FollowerState
datanode_3  | 2019-11-06 06:40:37,421 INFO impl.RoleInfo: a73caaea-76d8-45b9-be33-795645d6a0e8: shutdown FollowerState
om_1        | 2019-11-06 06:42:18,122 INFO ipc.Server: Auth successful for hadoop/rm@EXAMPLE.COM (auth:TOKEN)
kdc_1       | Nov 06 06:40:06 kdc kadmind[15](Notice): Request: kadm5_get_principal, HTTP/89e32728fb64@EXAMPLE.COM, success, client=admin/admin@EXAMPLE.COM, service=kadmin/admin@EXAMPLE.COM, addr=127.0.0.1
nm_1        | 2019-11-06 06:41:28 INFO  ResourceLocalizationService:798 - Created localizer for container_1573022423776_0001_01_000001
rm_1        | 2019-11-06 06:40:23 INFO  ContextHandler:781 - Started o.e.j.w.WebAppContext@64524dd{/,file:///tmp/jetty-rm-8088-cluster-_-any-8317182490135537583.dir/webapp/,AVAILABLE}{/cluster}
datanode_2  | 2019-11-06 06:40:38,505 INFO segmented.SegmentedRaftLogWorker: 08b71e65-2dda-49b8-a8a0-1ec461043f6c@group-13464810ADB1-SegmentedRaftLogWorker: Starting segment from index:0
kms_1       | 		at java.util.Map
datanode_1  | 2019-11-06 06:40:33,561 INFO util.JmxRegister: Successfully registered JMX Bean with object name Ratis:service=RaftServer,group=group-21230A63DD70,id=111de368-bd4e-4229-b22c-c27902c43213
datanode_3  | 2019-11-06 06:40:37,422 INFO impl.RaftServerImpl: a73caaea-76d8-45b9-be33-795645d6a0e8@group-C12ADC5A3B49: changes role from  FOLLOWER to CANDIDATE at term 0 for changeToCandidate
om_1        | 2019-11-06 06:42:24,919 INFO ipc.Server: Auth successful for hadoop/rm@EXAMPLE.COM (auth:TOKEN)
kdc_1       | Nov 06 06:40:06 kdc kadmind[15](info): closing down fd 18
nm_1        | 2019-11-06 06:41:28 INFO  ResourceLocalizationService:1328 - Writing credentials to the nmPrivate file /tmp/hadoop-hadoop/nm-local-dir/nmPrivate/container_1573022423776_0001_01_000001.tokens
rm_1        | 2019-11-06 06:40:23 INFO  AbstractConnector:278 - Started ServerConnector@3531f3ca{HTTP/1.1,[http/1.1]}{rm:8088}
datanode_2  | 2019-11-06 06:40:38,517 INFO impl.RaftServerImpl: 08b71e65-2dda-49b8-a8a0-1ec461043f6c@group-13464810ADB1: set configuration 0: [08b71e65-2dda-49b8-a8a0-1ec461043f6c:172.19.0.10:9858], old=null at 0
kms_1       | java.util.Map does not have a no-arg default constructor.
datanode_1  | 2019-11-06 06:40:33,561 WARN impl.MetricRegistriesImpl: First MetricRegistry has been created without registering reporters. You may need to call MetricRegistries.global().addReportRegistration(...) before.
datanode_3  | 2019-11-06 06:40:37,426 INFO impl.RoleInfo: a73caaea-76d8-45b9-be33-795645d6a0e8: start LeaderElection
om_1        | 2019-11-06 06:42:27,253 INFO ipc.Server: Auth successful for hadoop/rm@EXAMPLE.COM (auth:TOKEN)
kdc_1       | Nov 06 06:40:06 kdc kadmind[15](Notice): Request: kadm5_init, admin/admin@EXAMPLE.COM, success, client=admin/admin@EXAMPLE.COM, service=kadmin/admin@EXAMPLE.COM, addr=127.0.0.1, vers=4, flavor=6
nm_1        | 2019-11-06 06:41:28 INFO  DefaultContainerExecutor:836 - Initializing user hadoop
rm_1        | 2019-11-06 06:40:23 INFO  Server:419 - Started @4601ms
datanode_2  | 2019-11-06 06:40:38,627 INFO impl.FollowerState: 08b71e65-2dda-49b8-a8a0-1ec461043f6c@group-21230A63DD70-FollowerState: change to CANDIDATE, lastRpcTime:5086ms, electionTimeout:5086ms
kms_1       | 	this problem is related to the following location:
datanode_1  | 2019-11-06 06:40:37,963 INFO impl.FollowerState: 111de368-bd4e-4229-b22c-c27902c43213@group-487B47F95F94-FollowerState: change to CANDIDATE, lastRpcTime:5068ms, electionTimeout:5067ms
datanode_3  | 2019-11-06 06:40:37,469 INFO impl.LeaderElection: a73caaea-76d8-45b9-be33-795645d6a0e8@group-C12ADC5A3B49-LeaderElection1: begin an election at term 1 for -1: [a73caaea-76d8-45b9-be33-795645d6a0e8:172.19.0.7:9858], old=null
kdc_1       | Nov 06 06:40:06 kdc kadmind[15](Notice): Request: kadm5_get_policy, default, Policy does not exist, client=admin/admin@EXAMPLE.COM, service=kadmin/admin@EXAMPLE.COM, addr=127.0.0.1
nm_1        | 2019-11-06 06:41:28 INFO  DefaultContainerExecutor:166 - Copying from /tmp/hadoop-hadoop/nm-local-dir/nmPrivate/container_1573022423776_0001_01_000001.tokens to /tmp/hadoop-hadoop/nm-local-dir/usercache/hadoop/appcache/application_1573022423776_0001/container_1573022423776_0001_01_000001.tokens
rm_1        | 2019-11-06 06:40:23 INFO  WebApps:440 - Web app cluster started at 8088
datanode_2  | 2019-11-06 06:40:38,628 INFO impl.RoleInfo: 08b71e65-2dda-49b8-a8a0-1ec461043f6c: shutdown FollowerState
kms_1       | 		at java.util.Map
datanode_1  | 2019-11-06 06:40:37,964 INFO impl.RoleInfo: 111de368-bd4e-4229-b22c-c27902c43213: shutdown FollowerState
datanode_3  | 2019-11-06 06:40:37,471 INFO impl.RoleInfo: a73caaea-76d8-45b9-be33-795645d6a0e8: shutdown LeaderElection
kdc_1       | Nov 06 06:40:06 kdc kadmind[15](Notice): Request: kadm5_create_principal, testuser/om@EXAMPLE.COM, success, client=admin/admin@EXAMPLE.COM, service=kadmin/admin@EXAMPLE.COM, addr=127.0.0.1
nm_1        | 2019-11-06 06:41:28 INFO  DefaultContainerExecutor:174 - Localizer CWD set to /tmp/hadoop-hadoop/nm-local-dir/usercache/hadoop/appcache/application_1573022423776_0001 = file:/tmp/hadoop-hadoop/nm-local-dir/usercache/hadoop/appcache/application_1573022423776_0001
rm_1        | 2019-11-06 06:40:23 INFO  CallQueueManager:84 - Using callQueue: class java.util.concurrent.LinkedBlockingQueue, queueCapacity: 100, scheduler: class org.apache.hadoop.ipc.DefaultRpcScheduler, ipcBackoff: false.
datanode_2  | 2019-11-06 06:40:38,628 INFO impl.RaftServerImpl: 08b71e65-2dda-49b8-a8a0-1ec461043f6c@group-21230A63DD70: changes role from  FOLLOWER to CANDIDATE at term 0 for changeToCandidate
kms_1       | 
datanode_3  | 2019-11-06 06:40:37,472 INFO impl.RaftServerImpl: a73caaea-76d8-45b9-be33-795645d6a0e8@group-C12ADC5A3B49: changes role from CANDIDATE to LEADER at term 1 for changeToLeader
kdc_1       | Nov 06 06:40:06 kdc kadmind[15](info): closing down fd 18
nm_1        | 2019-11-06 06:41:28 INFO  Server:1849 - Auth successful for testing (auth:SIMPLE)
rm_1        | 2019-11-06 06:40:23 INFO  Server:1074 - Starting Socket Reader #1 for port 8033
datanode_2  | 2019-11-06 06:40:38,628 INFO impl.RoleInfo: 08b71e65-2dda-49b8-a8a0-1ec461043f6c: start LeaderElection
datanode_1  | 2019-11-06 06:40:37,965 INFO impl.RaftServerImpl: 111de368-bd4e-4229-b22c-c27902c43213@group-487B47F95F94: changes role from  FOLLOWER to CANDIDATE at term 0 for changeToCandidate
kms_1       | 	at com.sun.xml.bind.v2.runtime.IllegalAnnotationsException$Builder.check(IllegalAnnotationsException.java:106)
datanode_3  | 2019-11-06 06:40:37,472 INFO impl.RaftServerImpl: a73caaea-76d8-45b9-be33-795645d6a0e8@group-C12ADC5A3B49: change Leader from null to a73caaea-76d8-45b9-be33-795645d6a0e8 at term 1 for becomeLeader, leader elected after 5204ms
kdc_1       | Nov 06 06:40:06 kdc kadmind[15](Notice): Request: kadm5_init, admin/admin@EXAMPLE.COM, success, client=admin/admin@EXAMPLE.COM, service=kadmin/admin@EXAMPLE.COM, addr=127.0.0.1, vers=4, flavor=6
nm_1        | 2019-11-06 06:41:28 WARN  MetricsSystemImpl:151 - NodeManager metrics system already initialized!
rm_1        | 2019-11-06 06:40:23 INFO  RpcServerFactoryPBImpl:173 - Adding protocol org.apache.hadoop.yarn.server.api.ResourceManagerAdministrationProtocolPB to the server
datanode_2  | 2019-11-06 06:40:38,653 INFO impl.LeaderElection: 08b71e65-2dda-49b8-a8a0-1ec461043f6c@group-21230A63DD70-LeaderElection2: begin an election at term 1 for -1: [08b71e65-2dda-49b8-a8a0-1ec461043f6c:172.19.0.10:9858, 111de368-bd4e-4229-b22c-c27902c43213:172.19.0.3:9858, a73caaea-76d8-45b9-be33-795645d6a0e8:172.19.0.7:9858], old=null
datanode_1  | 2019-11-06 06:40:37,970 INFO impl.RoleInfo: 111de368-bd4e-4229-b22c-c27902c43213: start LeaderElection
kms_1       | 	at com.sun.xml.bind.v2.runtime.JAXBContextImpl.getTypeInfoSet(JAXBContextImpl.java:489)
datanode_3  | 2019-11-06 06:40:37,477 INFO server.RaftServerConfigKeys: raft.server.staging.catchup.gap = 1000 (default)
kdc_1       | Nov 06 06:40:06 kdc kadmind[15](Notice): Request: kadm5_randkey_principal, testuser/om@EXAMPLE.COM, success, client=admin/admin@EXAMPLE.COM, service=kadmin/admin@EXAMPLE.COM, addr=127.0.0.1
nm_1        | 2019-11-06 06:41:30 INFO  ContainerImpl:2112 - Container container_1573022423776_0001_01_000001 transitioned from LOCALIZING to SCHEDULED
rm_1        | 2019-11-06 06:40:23 INFO  Server:1314 - IPC Server Responder: starting
datanode_2  | 2019-11-06 06:40:38,686 INFO segmented.SegmentedRaftLogWorker: 08b71e65-2dda-49b8-a8a0-1ec461043f6c@group-13464810ADB1-SegmentedRaftLogWorker: created new log segment /data/metadata/ratis/bec58903-4810-4d7d-93cc-13464810adb1/current/log_inprogress_0
datanode_1  | 2019-11-06 06:40:37,985 INFO impl.LeaderElection: 111de368-bd4e-4229-b22c-c27902c43213@group-487B47F95F94-LeaderElection1: begin an election at term 1 for -1: [111de368-bd4e-4229-b22c-c27902c43213:172.19.0.3:9858], old=null
kms_1       | 	at com.sun.xml.bind.v2.runtime.JAXBContextImpl.<init>(JAXBContextImpl.java:319)
datanode_3  | 2019-11-06 06:40:37,478 INFO server.RaftServerConfigKeys: raft.server.rpc.sleep.time = 25ms (default)
kdc_1       | Nov 06 06:40:06 kdc kadmind[15](Notice): Request: kadm5_get_principal, testuser/om@EXAMPLE.COM, success, client=admin/admin@EXAMPLE.COM, service=kadmin/admin@EXAMPLE.COM, addr=127.0.0.1
nm_1        | 2019-11-06 06:41:30 INFO  ContainerScheduler:541 - Starting container [container_1573022423776_0001_01_000001]
rm_1        | 2019-11-06 06:40:23 INFO  Server:1153 - IPC Server listener on 8033: starting
datanode_2  | 2019-11-06 06:40:38,855 INFO impl.LeaderElection: 08b71e65-2dda-49b8-a8a0-1ec461043f6c@group-21230A63DD70-LeaderElection2: Election REJECTED; received 2 response(s) [08b71e65-2dda-49b8-a8a0-1ec461043f6c<-111de368-bd4e-4229-b22c-c27902c43213#0:FAIL-t1, 08b71e65-2dda-49b8-a8a0-1ec461043f6c<-a73caaea-76d8-45b9-be33-795645d6a0e8#0:FAIL-t1] and 0 exception(s); 08b71e65-2dda-49b8-a8a0-1ec461043f6c@group-21230A63DD70:t1, leader=null, voted=08b71e65-2dda-49b8-a8a0-1ec461043f6c, raftlog=08b71e65-2dda-49b8-a8a0-1ec461043f6c@group-21230A63DD70-SegmentedRaftLog:OPENED:c-1,f-1,i0, conf=-1: [08b71e65-2dda-49b8-a8a0-1ec461043f6c:172.19.0.10:9858, 111de368-bd4e-4229-b22c-c27902c43213:172.19.0.3:9858, a73caaea-76d8-45b9-be33-795645d6a0e8:172.19.0.7:9858], old=null
datanode_1  | 2019-11-06 06:40:37,987 INFO impl.RoleInfo: 111de368-bd4e-4229-b22c-c27902c43213: shutdown LeaderElection
kms_1       | 	at com.sun.xml.bind.v2.runtime.JAXBContextImpl$JAXBContextBuilder.build(JAXBContextImpl.java:1170)
datanode_3  | 2019-11-06 06:40:37,482 INFO server.RaftServerConfigKeys: raft.server.write.element-limit = 4096 (default)
kdc_1       | Nov 06 06:40:06 kdc kadmind[15](info): closing down fd 18
nm_1        | 2019-11-06 06:41:30 INFO  ContainerImpl:2112 - Container container_1573022423776_0001_01_000001 transitioned from SCHEDULED to RUNNING
datanode_2  | 2019-11-06 06:40:38,856 INFO impl.RaftServerImpl: 08b71e65-2dda-49b8-a8a0-1ec461043f6c@group-21230A63DD70: changes role from CANDIDATE to FOLLOWER at term 1 for DISCOVERED_A_NEW_TERM
kms_1       | 	at com.sun.xml.bind.v2.ContextFactory.createContext(ContextFactory.java:145)
rm_1        | 2019-11-06 06:40:23 INFO  ResourceManager:1292 - Transitioning to active state
nm_1        | 2019-11-06 06:41:30 INFO  ContainersMonitorImpl:1013 - Starting resource-monitoring for container_1573022423776_0001_01_000001
kdc_1       | Nov 06 06:40:06 kdc kadmind[15](Notice): Request: kadm5_init, admin/admin@EXAMPLE.COM, success, client=admin/admin@EXAMPLE.COM, service=kadmin/admin@EXAMPLE.COM, addr=127.0.0.1, vers=4, flavor=6
datanode_3  | 2019-11-06 06:40:37,488 INFO server.RaftServerConfigKeys: raft.server.watch.timeout = 10s (default)
datanode_2  | 2019-11-06 06:40:38,856 INFO impl.RoleInfo: 08b71e65-2dda-49b8-a8a0-1ec461043f6c: shutdown LeaderElection
datanode_1  | 2019-11-06 06:40:37,988 INFO impl.RaftServerImpl: 111de368-bd4e-4229-b22c-c27902c43213@group-487B47F95F94: changes role from CANDIDATE to LEADER at term 1 for changeToLeader
kms_1       | 	at sun.reflect.NativeMethodAccessorImpl.invoke0(Native Method)
rm_1        | 2019-11-06 06:40:23 INFO  RMStateStore:550 - Updating AMRMToken
nm_1        | 2019-11-06 06:41:30 INFO  DefaultContainerExecutor:370 - launchContainer: [bash, /tmp/hadoop-hadoop/nm-local-dir/usercache/hadoop/appcache/application_1573022423776_0001/container_1573022423776_0001_01_000001/default_container_executor.sh]
kdc_1       | Nov 06 06:40:06 kdc kadmind[15](Notice): Request: kadm5_get_policy, default, Policy does not exist, client=admin/admin@EXAMPLE.COM, service=kadmin/admin@EXAMPLE.COM, addr=127.0.0.1
datanode_3  | 2019-11-06 06:40:37,488 INFO server.RaftServerConfigKeys: raft.server.watch.timeout.denomination = 1s (default)
datanode_1  | 2019-11-06 06:40:37,988 INFO impl.RaftServerImpl: 111de368-bd4e-4229-b22c-c27902c43213@group-487B47F95F94: change Leader from null to 111de368-bd4e-4229-b22c-c27902c43213 at term 1 for becomeLeader, leader elected after 5195ms
datanode_2  | 2019-11-06 06:40:38,856 INFO impl.RoleInfo: 08b71e65-2dda-49b8-a8a0-1ec461043f6c: start FollowerState
kms_1       | 	at sun.reflect.NativeMethodAccessorImpl.invoke(NativeMethodAccessorImpl.java:62)
nm_1        | 2019-11-06 06:41:31 INFO  ContainersMonitorImpl:615 - container_1573022423776_0001_01_000001's ip = 172.19.0.8, and hostname = nm
rm_1        | 2019-11-06 06:40:23 INFO  RMContainerTokenSecretManager:109 - Rolling master-key for container-tokens
kdc_1       | Nov 06 06:40:06 kdc kadmind[15](Notice): Request: kadm5_create_principal, dn/rm@EXAMPLE.COM, success, client=admin/admin@EXAMPLE.COM, service=kadmin/admin@EXAMPLE.COM, addr=127.0.0.1
datanode_3  | 2019-11-06 06:40:37,489 INFO server.RaftServerConfigKeys: raft.server.watch.element-limit = 65536 (default)
datanode_1  | 2019-11-06 06:40:37,994 INFO server.RaftServerConfigKeys: raft.server.staging.catchup.gap = 1000 (default)
datanode_2  | 2019-11-06 06:40:43,939 INFO impl.FollowerState: 08b71e65-2dda-49b8-a8a0-1ec461043f6c@group-21230A63DD70-FollowerState: change to CANDIDATE, lastRpcTime:5082ms, electionTimeout:5082ms
kms_1       | 	at sun.reflect.DelegatingMethodAccessorImpl.invoke(DelegatingMethodAccessorImpl.java:43)
nm_1        | 2019-11-06 06:41:34 INFO  ContainersMonitorImpl:516 - Skipping monitoring container container_1573022423776_0001_01_000001 since CPU usage is not yet available.
rm_1        | 2019-11-06 06:40:23 INFO  NMTokenSecretManagerInRM:95 - Rolling master-key for nm-tokens
kdc_1       | Nov 06 06:40:06 kdc kadmind[15](info): closing down fd 18
