om_1        | 2019-11-15 23:29:57,091 INFO ipc.Server: IPC Server listener on 9862: starting
rm_1        | acls = SUBMIT_APP:*ADMINISTER_QUEUE:* [= configuredAcls ]
datanode_1  | 2019-11-15 23:29:53,376 INFO server.RaftServerConfigKeys: raft.server.log.statemachine.data.sync = true (default)
nm_1        | 2019-11-15 23:29:45 INFO  HttpServer2:705 - Added filter static_user_filter (class=org.apache.hadoop.http.lib.StaticUserWebFilter$StaticUserFilter) to context node
datanode_3  | 2019-11-15 23:29:54,388 INFO metrics.MetricRegistries: Loaded MetricRegistries class org.apache.ratis.metrics.impl.MetricRegistriesImpl
datanode_2  | 2019-11-15 23:29:53,890 INFO server.RaftServerConfigKeys: raft.server.log.queue.element-limit = 1024 (custom)
scm_1       | 2019-11-15 23:29:49,245 INFO handler.ContextHandler: Started o.e.j.s.ServletContextHandler@3fa76c61{/logs,file:///var/log/hadoop/,AVAILABLE}
om_1        | 2019-11-15 23:29:57,134 INFO hdfs.DFSUtil: Starting Web-server for ozoneManager at: http://0.0.0.0:9874
rm_1        | nodeLocalityDelay = 40
datanode_1  | 2019-11-15 23:29:53,376 INFO server.RaftServerConfigKeys: raft.server.log.statemachine.data.sync.timeout = 10s (default)
nm_1        | 2019-11-15 23:29:45 INFO  HttpServer2:713 - Added filter static_user_filter (class=org.apache.hadoop.http.lib.StaticUserWebFilter$StaticUserFilter) to context static
datanode_3  | 2019-11-15 23:29:54,390 WARN impl.MetricRegistriesImpl: First MetricRegistry has been created without registering reporters. You may need to call MetricRegistries.global().addReportRegistration(...) before.
datanode_2  | 2019-11-15 23:29:53,891 INFO server.RaftServerConfigKeys: raft.server.log.segment.size.max = 1048576 (custom)
scm_1       | 2019-11-15 23:29:49,247 INFO handler.ContextHandler: Started o.e.j.s.ServletContextHandler@7b3315a5{/static,jar:file:/opt/hadoop/share/ozone/lib/hadoop-hdds-server-scm-0.5.0-SNAPSHOT.jar!/webapps/static,AVAILABLE}
om_1        | 2019-11-15 23:29:57,258 INFO server.AuthenticationFilter: Unable to initialize FileSignerSecretProvider, falling back to use random secrets.
rm_1        | labels=*,
datanode_1  | 2019-11-15 23:29:53,376 INFO server.RaftServerConfigKeys: raft.server.log.statemachine.data.sync.timeout.retry = -1 (default)
datanode_3  | 2019-11-15 23:29:54,394 INFO server.RaftServerConfigKeys: raft.server.log.segment.cache.num.max = 2 (custom)
datanode_2  | 2019-11-15 23:29:53,891 INFO server.RaftServerConfigKeys: raft.server.log.preallocated.size = 16384 (custom)
scm_1       | 2019-11-15 23:29:49,328 INFO handler.ContextHandler: Started o.e.j.w.WebAppContext@14982a82{/,file:///tmp/jetty-0.0.0.0-9876-scm-_-any-5076766543426973046.dir/webapp/,AVAILABLE}{/scm}
rm_1        | nodeLocalityDelay = 40
om_1        | 2019-11-15 23:29:57,260 INFO http.HttpRequestLog: Http request log for http.requests.ozoneManager is not defined
nm_1        | 2019-11-15 23:29:45 INFO  HttpServer2:713 - Added filter static_user_filter (class=org.apache.hadoop.http.lib.StaticUserWebFilter$StaticUserFilter) to context logs
datanode_1  | 2019-11-15 23:29:53,385 INFO server.RaftServerConfigKeys: raft.server.log.statemachine.data.caching.enabled = true (custom)
datanode_3  | 2019-11-15 23:29:54,399 INFO segmented.SegmentedRaftLogWorker: new 58a7aac9-9456-4fcb-8d87-1d64cda7017d@group-256101CEB931-SegmentedRaftLogWorker for RaftStorage:Storage Directory /data/metadata/ratis/a163f504-d988-4762-831e-256101ceb931
datanode_2  | 2019-11-15 23:29:53,892 INFO server.RaftServerConfigKeys: raft.server.log.write.buffer.size = 33554432 (custom)
scm_1       | 2019-11-15 23:29:49,333 INFO server.AbstractConnector: Started ServerConnector@78e22d35{HTTP/1.1,[http/1.1]}{0.0.0.0:9876}
om_1        | 2019-11-15 23:29:57,267 INFO http.HttpServer2: Added global filter 'safety' (class=org.apache.hadoop.http.HttpServer2$QuotingInputFilter)
datanode_1  | 2019-11-15 23:29:53,389 INFO segmented.SegmentedRaftLogWorker: 4d8ea377-5df4-4806-a044-8f0002ffe262@group-F7D2D75D1EE7-SegmentedRaftLogWorker: flushIndex: setUnconditionally 0 -> -1
datanode_3  | 2019-11-15 23:29:54,399 INFO server.RaftServerConfigKeys: raft.server.log.queue.byte-limit = 2147483647 (custom)
datanode_2  | 2019-11-15 23:29:53,892 INFO server.RaftServerConfigKeys: raft.server.log.force.sync.num = 128 (default)
rm_1        | reservationsContinueLooking = true
scm_1       | 2019-11-15 23:29:49,334 INFO server.Server: Started @3815ms
om_1        | 2019-11-15 23:29:57,269 INFO http.HttpServer2: Added filter static_user_filter (class=org.apache.hadoop.http.lib.StaticUserWebFilter$StaticUserFilter) to context ozoneManager
datanode_1  | 2019-11-15 23:29:53,394 INFO server.RaftServerConfigKeys: raft.server.snapshot.auto.trigger.enabled = true (custom)
datanode_3  | 2019-11-15 23:29:54,399 INFO server.RaftServerConfigKeys: raft.server.log.queue.element-limit = 1024 (custom)
nm_1        | 2019-11-15 23:29:45 INFO  HttpServer2:424 - adding path spec: /node/*
datanode_2  | 2019-11-15 23:29:53,893 INFO server.RaftServerConfigKeys: raft.server.log.statemachine.data.sync = true (default)
rm_1        | preemptionDisabled = true
scm_1       | 2019-11-15 23:29:49,338 INFO impl.MetricsSinkAdapter: Sink prometheus started
om_1        | 2019-11-15 23:29:57,269 INFO http.HttpServer2: Added filter static_user_filter (class=org.apache.hadoop.http.lib.StaticUserWebFilter$StaticUserFilter) to context logs
datanode_1  | 2019-11-15 23:29:53,395 INFO server.RaftServerConfigKeys: raft.server.snapshot.auto.trigger.threshold = 10000 (custom)
nm_1        | 2019-11-15 23:29:45 INFO  HttpServer2:424 - adding path spec: /ws/*
datanode_3  | 2019-11-15 23:29:54,400 INFO server.RaftServerConfigKeys: raft.server.log.segment.size.max = 1048576 (custom)
datanode_2  | 2019-11-15 23:29:53,893 INFO server.RaftServerConfigKeys: raft.server.log.statemachine.data.sync.timeout = 10s (default)
rm_1        | 
scm_1       | 2019-11-15 23:29:49,338 INFO impl.MetricsSystemImpl: Registered sink prometheus
om_1        | 2019-11-15 23:29:57,269 INFO http.HttpServer2: Added filter static_user_filter (class=org.apache.hadoop.http.lib.StaticUserWebFilter$StaticUserFilter) to context static
datanode_1  | 2019-11-15 23:29:53,395 INFO server.RaftServerConfigKeys: raft.server.snapshot.retention.file.num = 5 (custom)
nm_1        | 2019-11-15 23:29:45 INFO  WebApps:288 - Registered webapp guice modules
datanode_2  | 2019-11-15 23:29:53,894 INFO server.RaftServerConfigKeys: raft.server.log.statemachine.data.sync.timeout.retry = -1 (default)
rm_1        | 2019-11-15 23:29:44 INFO  CapacityScheduler:634 - Initialized queue: default: capacity=1.0, absoluteCapacity=1.0, usedResources=<memory:0, vCores:0>, usedCapacity=0.0, absoluteUsedCapacity=0.0, numApps=0, numContainers=0
scm_1       | 2019-11-15 23:29:49,340 INFO server.BaseHttpServer: HTTP server of SCM is listening at http://0.0.0.0:9876
om_1        | 2019-11-15 23:29:57,287 INFO http.HttpServer2: Jetty bound to port 9874
datanode_1  | 2019-11-15 23:29:53,395 INFO server.RaftServerConfigKeys: raft.server.retrycache.expirytime = 600000ms (custom)
datanode_3  | 2019-11-15 23:29:54,400 INFO server.RaftServerConfigKeys: raft.server.log.preallocated.size = 16384 (custom)
nm_1        | 2019-11-15 23:29:45 INFO  HttpServer2:935 - Jetty bound to port 8042
datanode_2  | 2019-11-15 23:29:53,902 INFO server.RaftServerConfigKeys: raft.server.log.statemachine.data.caching.enabled = true (custom)
rm_1        | 2019-11-15 23:29:44 INFO  CapacityScheduler:634 - Initialized queue: root: numChildQueue= 1, capacity=1.0, absoluteCapacity=1.0, usedResources=<memory:0, vCores:0>usedCapacity=0.0, numApps=0, numContainers=0
scm_1       | 2019-11-15 23:29:49,355 INFO util.JvmPauseMonitor: Starting JVM pause monitor
om_1        | 2019-11-15 23:29:57,289 INFO server.Server: jetty-9.3.25.v20180904, build timestamp: 2018-09-04T21:11:46Z, git hash: 3ce520221d0240229c862b122d2b06c12a625732
datanode_1  | 2019-11-15 23:29:53,412 WARN impl.MetricRegistriesImpl: First MetricRegistry has been created without registering reporters. You may need to call MetricRegistries.global().addReportRegistration(...) before.
datanode_3  | 2019-11-15 23:29:54,401 INFO server.RaftServerConfigKeys: raft.server.log.write.buffer.size = 33554432 (custom)
nm_1        | 2019-11-15 23:29:45 INFO  log:67 - jetty-6.1.26
datanode_2  | 2019-11-15 23:29:53,906 INFO segmented.SegmentedRaftLogWorker: 18780348-464b-43b2-8a18-f67344f3b0a3@group-9AA420934DCF-SegmentedRaftLogWorker: flushIndex: setUnconditionally 0 -> -1
rm_1        | 2019-11-15 23:29:44 INFO  CapacityScheduler:478 - Initialized root queue root: numChildQueue= 1, capacity=1.0, absoluteCapacity=1.0, usedResources=<memory:0, vCores:0>usedCapacity=0.0, numApps=0, numContainers=0
scm_1       | 2019-11-15 23:29:50,871 INFO net.NetworkTopology: Added a new node: /default-rack/4d8ea377-5df4-4806-a044-8f0002ffe262
om_1        | 2019-11-15 23:29:57,322 INFO handler.ContextHandler: Started o.e.j.s.ServletContextHandler@4f94e148{/logs,file:///var/log/hadoop/,AVAILABLE}
datanode_1  | 2019-11-15 23:29:53,413 WARN impl.MetricRegistriesImpl: First MetricRegistry has been created without registering reporters. You may need to call MetricRegistries.global().addReportRegistration(...) before.
datanode_3  | 2019-11-15 23:29:54,401 INFO server.RaftServerConfigKeys: raft.server.log.force.sync.num = 128 (default)
nm_1        | 2019-11-15 23:29:45 INFO  log:67 - Extract jar:file:/opt/hadoop/share/hadoop/yarn/hadoop-yarn-common-2.7.7.jar!/webapps/node to /tmp/Jetty_0_0_0_0_8042_node____19tj0x/webapp
datanode_2  | 2019-11-15 23:29:53,910 INFO server.RaftServerConfigKeys: raft.server.snapshot.auto.trigger.enabled = true (custom)
rm_1        | 2019-11-15 23:29:44 INFO  CapacityScheduler:447 - Initialized queue mappings, override: false
scm_1       | 2019-11-15 23:29:50,871 INFO node.SCMNodeManager: Registered Data node : 4d8ea377-5df4-4806-a044-8f0002ffe262{ip: 172.18.0.9, host: hadoop27_datanode_1.hadoop27_default, networkLocation: /default-rack, certSerialId: null}
om_1        | 2019-11-15 23:29:57,323 INFO handler.ContextHandler: Started o.e.j.s.ServletContextHandler@7f37b6d9{/static,jar:file:/opt/hadoop/share/ozone/lib/hadoop-ozone-ozone-manager-0.5.0-SNAPSHOT.jar!/webapps/static,AVAILABLE}
datanode_1  | 2019-11-15 23:29:53,415 INFO impl.RaftServerImpl: 4d8ea377-5df4-4806-a044-8f0002ffe262@group-F7D2D75D1EE7: start as a follower, conf=-1: [4d8ea377-5df4-4806-a044-8f0002ffe262:172.18.0.9:9858], old=null
datanode_3  | 2019-11-15 23:29:54,402 INFO server.RaftServerConfigKeys: raft.server.log.statemachine.data.sync = true (default)
nm_1        | Nov 15, 2019 11:29:46 PM com.sun.jersey.guice.spi.container.GuiceComponentProviderFactory register
datanode_2  | 2019-11-15 23:29:53,911 INFO server.RaftServerConfigKeys: raft.server.snapshot.auto.trigger.threshold = 10000 (custom)
rm_1        | 2019-11-15 23:29:44 INFO  CapacityScheduler:314 - Initialized CapacityScheduler with calculator=class org.apache.hadoop.yarn.util.resource.DefaultResourceCalculator, minimumAllocation=<<memory:1024, vCores:1>>, maximumAllocation=<<memory:8192, vCores:32>>, asynchronousScheduling=false, asyncScheduleInterval=5ms
scm_1       | 2019-11-15 23:29:50,876 INFO safemode.SCMSafeModeManager: SCM in safe mode. 1 DataNodes registered, 1 required.
om_1        | 2019-11-15 23:29:57,401 INFO handler.ContextHandler: Started o.e.j.w.WebAppContext@5984feef{/,file:///tmp/jetty-0.0.0.0-9874-ozoneManager-_-any-10250807996951953569.dir/webapp/,AVAILABLE}{/ozoneManager}
datanode_1  | 2019-11-15 23:29:53,416 INFO impl.RaftServerImpl: 4d8ea377-5df4-4806-a044-8f0002ffe262@group-F7D2D75D1EE7: changes role from      null to FOLLOWER at term 0 for startAsFollower
datanode_3  | 2019-11-15 23:29:54,402 INFO server.RaftServerConfigKeys: raft.server.log.statemachine.data.sync.timeout = 10s (default)
nm_1        | INFO: Registering org.apache.hadoop.yarn.server.nodemanager.webapp.NMWebServices as a root resource class
datanode_2  | 2019-11-15 23:29:53,911 INFO server.RaftServerConfigKeys: raft.server.snapshot.retention.file.num = 5 (custom)
rm_1        | 2019-11-15 23:29:44 INFO  SystemMetricsPublisher:93 - YARN system metrics publishing service is not enabled
scm_1       | 2019-11-15 23:29:50,877 INFO safemode.SCMSafeModeManager: ScmSafeModeManager, all rules are successfully validated
om_1        | 2019-11-15 23:29:57,407 INFO server.AbstractConnector: Started ServerConnector@2ae62bb6{HTTP/1.1,[http/1.1]}{0.0.0.0:9874}
datanode_1  | 2019-11-15 23:29:53,417 INFO impl.RoleInfo: 4d8ea377-5df4-4806-a044-8f0002ffe262: start FollowerState
nm_1        | Nov 15, 2019 11:29:46 PM com.sun.jersey.guice.spi.container.GuiceComponentProviderFactory register
datanode_2  | 2019-11-15 23:29:53,911 INFO server.RaftServerConfigKeys: raft.server.retrycache.expirytime = 600000ms (custom)
datanode_3  | 2019-11-15 23:29:54,402 INFO server.RaftServerConfigKeys: raft.server.log.statemachine.data.sync.timeout.retry = -1 (default)
om_1        | 2019-11-15 23:29:57,407 INFO server.Server: Started @3835ms
scm_1       | 2019-11-15 23:29:50,877 INFO safemode.SCMSafeModeManager: SCM exiting safe mode.
datanode_1  | 2019-11-15 23:29:53,421 INFO util.JmxRegister: Successfully registered JMX Bean with object name Ratis:service=RaftServer,group=group-F7D2D75D1EE7,id=4d8ea377-5df4-4806-a044-8f0002ffe262
rm_1        | 2019-11-15 23:29:44 INFO  ResourceManager:1009 - Transitioning to active state
nm_1        | INFO: Registering org.apache.hadoop.yarn.webapp.GenericExceptionHandler as a provider class
datanode_2  | 2019-11-15 23:29:53,927 WARN impl.MetricRegistriesImpl: First MetricRegistry has been created without registering reporters. You may need to call MetricRegistries.global().addReportRegistration(...) before.
datanode_3  | 2019-11-15 23:29:54,409 INFO server.RaftServerConfigKeys: raft.server.log.statemachine.data.caching.enabled = true (custom)
om_1        | 2019-11-15 23:29:57,410 INFO impl.MetricsSinkAdapter: Sink prometheus started
scm_1       | 2019-11-15 23:29:50,935 INFO net.NetworkTopology: Added a new node: /default-rack/58a7aac9-9456-4fcb-8d87-1d64cda7017d
datanode_1  | 2019-11-15 23:29:53,422 WARN impl.MetricRegistriesImpl: First MetricRegistry has been created without registering reporters. You may need to call MetricRegistries.global().addReportRegistration(...) before.
nm_1        | Nov 15, 2019 11:29:46 PM com.sun.jersey.guice.spi.container.GuiceComponentProviderFactory register
rm_1        | 2019-11-15 23:29:44 INFO  RMStateStore:466 - Updating AMRMToken
datanode_2  | 2019-11-15 23:29:53,929 WARN impl.MetricRegistriesImpl: First MetricRegistry has been created without registering reporters. You may need to call MetricRegistries.global().addReportRegistration(...) before.
datanode_3  | 2019-11-15 23:29:54,412 INFO segmented.SegmentedRaftLogWorker: 58a7aac9-9456-4fcb-8d87-1d64cda7017d@group-256101CEB931-SegmentedRaftLogWorker: flushIndex: setUnconditionally 0 -> -1
om_1        | 2019-11-15 23:29:57,410 INFO impl.MetricsSystemImpl: Registered sink prometheus
scm_1       | 2019-11-15 23:29:50,935 INFO node.SCMNodeManager: Registered Data node : 58a7aac9-9456-4fcb-8d87-1d64cda7017d{ip: 172.18.0.7, host: hadoop27_datanode_3.hadoop27_default, networkLocation: /default-rack, certSerialId: null}
datanode_1  | 2019-11-15 23:29:54,549 INFO impl.RaftServerProxy: 4d8ea377-5df4-4806-a044-8f0002ffe262: addNew group-146101FB921F:[58a7aac9-9456-4fcb-8d87-1d64cda7017d:172.18.0.7:9858, 18780348-464b-43b2-8a18-f67344f3b0a3:172.18.0.8:9858, 4d8ea377-5df4-4806-a044-8f0002ffe262:172.18.0.9:9858] returns group-146101FB921F:java.util.concurrent.CompletableFuture@51cf4f36[Not completed]
nm_1        | INFO: Registering org.apache.hadoop.yarn.server.nodemanager.webapp.JAXBContextResolver as a provider class
rm_1        | 2019-11-15 23:29:44 INFO  RMContainerTokenSecretManager:105 - Rolling master-key for container-tokens
datanode_2  | 2019-11-15 23:29:53,930 INFO impl.RaftServerImpl: 18780348-464b-43b2-8a18-f67344f3b0a3@group-9AA420934DCF: start as a follower, conf=-1: [18780348-464b-43b2-8a18-f67344f3b0a3:172.18.0.8:9858], old=null
datanode_3  | 2019-11-15 23:29:54,416 INFO server.RaftServerConfigKeys: raft.server.snapshot.auto.trigger.enabled = true (custom)
om_1        | 2019-11-15 23:29:57,412 INFO server.BaseHttpServer: HTTP server of OZONEMANAGER is listening at http://0.0.0.0:9874
scm_1       | WARNING: An illegal reflective access operation has occurred
datanode_1  | 2019-11-15 23:29:54,551 INFO impl.RaftServerImpl: 4d8ea377-5df4-4806-a044-8f0002ffe262: new RaftServerImpl for group-146101FB921F:[58a7aac9-9456-4fcb-8d87-1d64cda7017d:172.18.0.7:9858, 18780348-464b-43b2-8a18-f67344f3b0a3:172.18.0.8:9858, 4d8ea377-5df4-4806-a044-8f0002ffe262:172.18.0.9:9858] with ContainerStateMachine:uninitialized
nm_1        | Nov 15, 2019 11:29:46 PM com.sun.jersey.server.impl.application.WebApplicationImpl _initiate
rm_1        | 2019-11-15 23:29:44 INFO  NMTokenSecretManagerInRM:95 - Rolling master-key for nm-tokens
datanode_2  | 2019-11-15 23:29:53,931 INFO impl.RaftServerImpl: 18780348-464b-43b2-8a18-f67344f3b0a3@group-9AA420934DCF: changes role from      null to FOLLOWER at term 0 for startAsFollower
datanode_3  | 2019-11-15 23:29:54,416 INFO server.RaftServerConfigKeys: raft.server.snapshot.auto.trigger.threshold = 10000 (custom)
scm_1       | WARNING: Illegal reflective access by org.apache.ratis.thirdparty.com.google.protobuf.UnsafeUtil (file:/opt/hadoop/share/ozone/lib/ratis-thirdparty-misc-0.2.0.jar) to field java.nio.Buffer.address
datanode_1  | 2019-11-15 23:29:54,552 INFO server.RaftServerConfigKeys: raft.server.rpc.timeout.min = 5s (custom)
om_1        | 2019-11-15 23:30:12,172 INFO volume.OMVolumeCreateRequest: created volume:vol1 for user:hadoop
nm_1        | INFO: Initiating Jersey application, version 'Jersey: 1.9 09/02/2011 11:17 AM'
rm_1        | 2019-11-15 23:29:44 INFO  AbstractDelegationTokenSecretManager:326 - Updating the current master key for generating delegation tokens
datanode_2  | 2019-11-15 23:29:53,932 INFO impl.RoleInfo: 18780348-464b-43b2-8a18-f67344f3b0a3: start FollowerState
datanode_3  | 2019-11-15 23:29:54,417 INFO server.RaftServerConfigKeys: raft.server.snapshot.retention.file.num = 5 (custom)
datanode_1  | 2019-11-15 23:29:54,552 INFO server.RaftServerConfigKeys: raft.server.rpc.timeout.max = 5200ms (custom)
scm_1       | WARNING: Please consider reporting this to the maintainers of org.apache.ratis.thirdparty.com.google.protobuf.UnsafeUtil
nm_1        | Nov 15, 2019 11:29:46 PM com.sun.jersey.guice.spi.container.GuiceComponentProviderFactory getComponentProvider
datanode_2  | 2019-11-15 23:29:53,936 INFO util.JmxRegister: Successfully registered JMX Bean with object name Ratis:service=RaftServer,group=group-9AA420934DCF,id=18780348-464b-43b2-8a18-f67344f3b0a3
datanode_3  | 2019-11-15 23:29:54,417 INFO server.RaftServerConfigKeys: raft.server.retrycache.expirytime = 600000ms (custom)
rm_1        | 2019-11-15 23:29:44 INFO  RMDelegationTokenSecretManager:85 - storing master key with keyID 1
datanode_1  | 2019-11-15 23:29:54,552 INFO server.RaftServerConfigKeys: raft.server.rpcslowness.timeout = 120s (custom)
scm_1       | WARNING: Use --illegal-access=warn to enable warnings of further illegal reflective access operations
nm_1        | INFO: Binding org.apache.hadoop.yarn.server.nodemanager.webapp.JAXBContextResolver to GuiceManagedComponentProvider with the scope "Singleton"
datanode_2  | 2019-11-15 23:29:53,938 WARN impl.MetricRegistriesImpl: First MetricRegistry has been created without registering reporters. You may need to call MetricRegistries.global().addReportRegistration(...) before.
rm_1        | 2019-11-15 23:29:44 INFO  RMStateStore:417 - Storing RMDTMasterKey.
datanode_1  | 2019-11-15 23:29:54,552 INFO server.RaftServerConfigKeys: raft.server.sleep.deviation.threshold = 300 (default)
datanode_3  | 2019-11-15 23:29:54,432 WARN impl.MetricRegistriesImpl: First MetricRegistry has been created without registering reporters. You may need to call MetricRegistries.global().addReportRegistration(...) before.
scm_1       | WARNING: All illegal access operations will be denied in a future release
nm_1        | Nov 15, 2019 11:29:46 PM com.sun.jersey.guice.spi.container.GuiceComponentProviderFactory getComponentProvider
datanode_2  | 2019-11-15 23:29:54,524 INFO impl.RaftServerProxy: 18780348-464b-43b2-8a18-f67344f3b0a3: addNew group-146101FB921F:[58a7aac9-9456-4fcb-8d87-1d64cda7017d:172.18.0.7:9858, 18780348-464b-43b2-8a18-f67344f3b0a3:172.18.0.8:9858, 4d8ea377-5df4-4806-a044-8f0002ffe262:172.18.0.9:9858] returns group-146101FB921F:java.util.concurrent.CompletableFuture@348be805[Not completed]
rm_1        | 2019-11-15 23:29:44 INFO  AbstractDelegationTokenSecretManager:644 - Starting expired delegation token remover thread, tokenRemoverScanInterval=60 min(s)
datanode_1  | 2019-11-15 23:29:54,552 INFO server.RaftServerConfigKeys: raft.server.log.appender.install.snapshot.enabled = false (custom)
datanode_3  | 2019-11-15 23:29:54,434 WARN impl.MetricRegistriesImpl: First MetricRegistry has been created without registering reporters. You may need to call MetricRegistries.global().addReportRegistration(...) before.
nm_1        | INFO: Binding org.apache.hadoop.yarn.webapp.GenericExceptionHandler to GuiceManagedComponentProvider with the scope "Singleton"
datanode_2  | 2019-11-15 23:29:54,528 INFO impl.RaftServerImpl: 18780348-464b-43b2-8a18-f67344f3b0a3: new RaftServerImpl for group-146101FB921F:[58a7aac9-9456-4fcb-8d87-1d64cda7017d:172.18.0.7:9858, 18780348-464b-43b2-8a18-f67344f3b0a3:172.18.0.8:9858, 4d8ea377-5df4-4806-a044-8f0002ffe262:172.18.0.9:9858] with ContainerStateMachine:uninitialized
scm_1       | 2019-11-15 23:29:52,142 INFO net.NetworkTopology: Added a new node: /default-rack/18780348-464b-43b2-8a18-f67344f3b0a3
rm_1        | 2019-11-15 23:29:44 INFO  AbstractDelegationTokenSecretManager:326 - Updating the current master key for generating delegation tokens
datanode_1  | 2019-11-15 23:29:54,552 INFO impl.RaftServerImpl: 4d8ea377-5df4-4806-a044-8f0002ffe262@group-146101FB921F: ConfigurationManager, init=-1: [58a7aac9-9456-4fcb-8d87-1d64cda7017d:172.18.0.7:9858, 18780348-464b-43b2-8a18-f67344f3b0a3:172.18.0.8:9858, 4d8ea377-5df4-4806-a044-8f0002ffe262:172.18.0.9:9858], old=null, confs=<EMPTY_MAP>
datanode_3  | 2019-11-15 23:29:54,435 INFO impl.RaftServerImpl: 58a7aac9-9456-4fcb-8d87-1d64cda7017d@group-256101CEB931: start as a follower, conf=-1: [58a7aac9-9456-4fcb-8d87-1d64cda7017d:172.18.0.7:9858], old=null
nm_1        | Nov 15, 2019 11:29:47 PM com.sun.jersey.guice.spi.container.GuiceComponentProviderFactory getComponentProvider
datanode_2  | 2019-11-15 23:29:54,528 INFO server.RaftServerConfigKeys: raft.server.rpc.timeout.min = 5s (custom)
scm_1       | 2019-11-15 23:29:52,143 INFO node.SCMNodeManager: Registered Data node : 18780348-464b-43b2-8a18-f67344f3b0a3{ip: 172.18.0.8, host: hadoop27_datanode_2.hadoop27_default, networkLocation: /default-rack, certSerialId: null}
rm_1        | 2019-11-15 23:29:44 INFO  RMDelegationTokenSecretManager:85 - storing master key with keyID 2
datanode_1  | 2019-11-15 23:29:54,552 INFO server.RaftServerConfigKeys: raft.server.storage.dir = [/data/metadata/ratis] (custom)
datanode_3  | 2019-11-15 23:29:54,436 INFO impl.RaftServerImpl: 58a7aac9-9456-4fcb-8d87-1d64cda7017d@group-256101CEB931: changes role from      null to FOLLOWER at term 0 for startAsFollower
nm_1        | INFO: Binding org.apache.hadoop.yarn.server.nodemanager.webapp.NMWebServices to GuiceManagedComponentProvider with the scope "Singleton"
datanode_2  | 2019-11-15 23:29:54,528 INFO server.RaftServerConfigKeys: raft.server.rpc.timeout.max = 5200ms (custom)
scm_1       | 2019-11-15 23:29:53,521 INFO pipeline.PipelineStateManager: Created pipeline Pipeline[ Id: b8aa1b95-bc5c-4eb2-b79f-f7d2d75d1ee7, Nodes: 4d8ea377-5df4-4806-a044-8f0002ffe262{ip: 172.18.0.9, host: hadoop27_datanode_1.hadoop27_default, networkLocation: /default-rack, certSerialId: null}, Type:RATIS, Factor:ONE, State:ALLOCATED]
rm_1        | 2019-11-15 23:29:44 INFO  RMStateStore:417 - Storing RMDTMasterKey.
datanode_1  | 2019-11-15 23:29:54,553 INFO server.RaftServerConfigKeys: raft.server.log.corruption.policy = EXCEPTION (default)
datanode_3  | 2019-11-15 23:29:54,437 INFO impl.RoleInfo: 58a7aac9-9456-4fcb-8d87-1d64cda7017d: start FollowerState
nm_1        | 2019-11-15 23:29:47 INFO  log:67 - Started HttpServer2$SelectChannelConnectorWithSafeStartup@0.0.0.0:8042
datanode_2  | 2019-11-15 23:29:54,528 INFO server.RaftServerConfigKeys: raft.server.rpcslowness.timeout = 120s (custom)
scm_1       | 2019-11-15 23:29:53,995 INFO pipeline.PipelineStateManager: Created pipeline Pipeline[ Id: 8b1ef6a5-7a41-4954-9eee-9aa420934dcf, Nodes: 18780348-464b-43b2-8a18-f67344f3b0a3{ip: 172.18.0.8, host: hadoop27_datanode_2.hadoop27_default, networkLocation: /default-rack, certSerialId: null}, Type:RATIS, Factor:ONE, State:ALLOCATED]
rm_1        | 2019-11-15 23:29:44 INFO  AsyncDispatcher:209 - Registering class org.apache.hadoop.yarn.nodelabels.event.NodeLabelsStoreEventType for class org.apache.hadoop.yarn.nodelabels.CommonNodeLabelsManager$ForwardingEventHandler
datanode_1  | 2019-11-15 23:29:54,553 INFO storage.RaftStorageDirectory: The storage directory /data/metadata/ratis/5b5fca37-8923-4774-adc6-146101fb921f does not exist. Creating ...
datanode_3  | 2019-11-15 23:29:54,441 INFO util.JmxRegister: Successfully registered JMX Bean with object name Ratis:service=RaftServer,group=group-256101CEB931,id=58a7aac9-9456-4fcb-8d87-1d64cda7017d
nm_1        | 2019-11-15 23:29:47 INFO  WebApps:307 - Web app node started at 8042
datanode_2  | 2019-11-15 23:29:54,528 INFO server.RaftServerConfigKeys: raft.server.sleep.deviation.threshold = 300 (default)
scm_1       | 2019-11-15 23:29:54,488 INFO pipeline.PipelineStateManager: Created pipeline Pipeline[ Id: a163f504-d988-4762-831e-256101ceb931, Nodes: 58a7aac9-9456-4fcb-8d87-1d64cda7017d{ip: 172.18.0.7, host: hadoop27_datanode_3.hadoop27_default, networkLocation: /default-rack, certSerialId: null}, Type:RATIS, Factor:ONE, State:ALLOCATED]
rm_1        | 2019-11-15 23:29:44 INFO  CallQueueManager:57 - Using callQueue: class java.util.concurrent.LinkedBlockingQueue queueCapacity: 5000
datanode_1  | 2019-11-15 23:29:54,574 INFO storage.RaftStorageDirectory: Lock on /data/metadata/ratis/5b5fca37-8923-4774-adc6-146101fb921f/in_use.lock acquired by nodename 7@7cead3d3c631
datanode_3  | 2019-11-15 23:29:54,442 WARN impl.MetricRegistriesImpl: First MetricRegistry has been created without registering reporters. You may need to call MetricRegistries.global().addReportRegistration(...) before.
nm_1        | 2019-11-15 23:29:47 INFO  RMProxy:98 - Connecting to ResourceManager at rm/172.18.0.4:8031
datanode_2  | 2019-11-15 23:29:54,529 INFO server.RaftServerConfigKeys: raft.server.log.appender.install.snapshot.enabled = false (custom)
scm_1       | 2019-11-15 23:29:54,620 INFO pipeline.PipelineStateManager: Created pipeline Pipeline[ Id: 5b5fca37-8923-4774-adc6-146101fb921f, Nodes: 4d8ea377-5df4-4806-a044-8f0002ffe262{ip: 172.18.0.9, host: hadoop27_datanode_1.hadoop27_default, networkLocation: /default-rack, certSerialId: null}18780348-464b-43b2-8a18-f67344f3b0a3{ip: 172.18.0.8, host: hadoop27_datanode_2.hadoop27_default, networkLocation: /default-rack, certSerialId: null}58a7aac9-9456-4fcb-8d87-1d64cda7017d{ip: 172.18.0.7, host: hadoop27_datanode_3.hadoop27_default, networkLocation: /default-rack, certSerialId: null}, Type:RATIS, Factor:THREE, State:ALLOCATED]
rm_1        | 2019-11-15 23:29:44 INFO  Server:722 - Starting Socket Reader #1 for port 8031
datanode_1  | 2019-11-15 23:29:54,604 INFO storage.RaftStorage: Storage directory /data/metadata/ratis/5b5fca37-8923-4774-adc6-146101fb921f has been successfully formatted.
datanode_3  | 2019-11-15 23:29:54,535 INFO impl.RaftServerProxy: 58a7aac9-9456-4fcb-8d87-1d64cda7017d: addNew group-146101FB921F:[58a7aac9-9456-4fcb-8d87-1d64cda7017d:172.18.0.7:9858, 18780348-464b-43b2-8a18-f67344f3b0a3:172.18.0.8:9858, 4d8ea377-5df4-4806-a044-8f0002ffe262:172.18.0.9:9858] returns group-146101FB921F:java.util.concurrent.CompletableFuture@7430e9cf[Not completed]
nm_1        | 2019-11-15 23:29:47 INFO  NodeStatusUpdaterImpl:435 - Sending out 0 NM container statuses: []
datanode_2  | 2019-11-15 23:29:54,529 INFO impl.RaftServerImpl: 18780348-464b-43b2-8a18-f67344f3b0a3@group-146101FB921F: ConfigurationManager, init=-1: [58a7aac9-9456-4fcb-8d87-1d64cda7017d:172.18.0.7:9858, 18780348-464b-43b2-8a18-f67344f3b0a3:172.18.0.8:9858, 4d8ea377-5df4-4806-a044-8f0002ffe262:172.18.0.9:9858], old=null, confs=<EMPTY_MAP>
scm_1       | 2019-11-15 23:29:58,860 INFO pipeline.PipelineStateManager: Pipeline Pipeline[ Id: b8aa1b95-bc5c-4eb2-b79f-f7d2d75d1ee7, Nodes: 4d8ea377-5df4-4806-a044-8f0002ffe262{ip: 172.18.0.9, host: hadoop27_datanode_1.hadoop27_default, networkLocation: /default-rack, certSerialId: null}, Type:RATIS, Factor:ONE, State:OPEN] moved to OPEN state
rm_1        | 2019-11-15 23:29:44 INFO  RpcServerFactoryPBImpl:174 - Adding protocol org.apache.hadoop.yarn.server.api.ResourceTrackerPB to the server
datanode_1  | 2019-11-15 23:29:54,605 INFO ratis.ContainerStateMachine: group-146101FB921F: The snapshot info is null. Setting the last applied indexto:(t:0, i:~)
datanode_3  | 2019-11-15 23:29:54,539 INFO impl.RaftServerImpl: 58a7aac9-9456-4fcb-8d87-1d64cda7017d: new RaftServerImpl for group-146101FB921F:[58a7aac9-9456-4fcb-8d87-1d64cda7017d:172.18.0.7:9858, 18780348-464b-43b2-8a18-f67344f3b0a3:172.18.0.8:9858, 4d8ea377-5df4-4806-a044-8f0002ffe262:172.18.0.9:9858] with ContainerStateMachine:uninitialized
nm_1        | 2019-11-15 23:29:47 INFO  NodeStatusUpdaterImpl:268 - Registering with RM using containers :[]
datanode_2  | 2019-11-15 23:29:54,529 INFO server.RaftServerConfigKeys: raft.server.storage.dir = [/data/metadata/ratis] (custom)
scm_1       | 2019-11-15 23:29:59,123 INFO pipeline.PipelineStateManager: Pipeline Pipeline[ Id: 8b1ef6a5-7a41-4954-9eee-9aa420934dcf, Nodes: 18780348-464b-43b2-8a18-f67344f3b0a3{ip: 172.18.0.8, host: hadoop27_datanode_2.hadoop27_default, networkLocation: /default-rack, certSerialId: null}, Type:RATIS, Factor:ONE, State:OPEN] moved to OPEN state
rm_1        | 2019-11-15 23:29:44 INFO  Server:962 - IPC Server Responder: starting
datanode_1  | 2019-11-15 23:29:54,605 INFO server.RaftServerConfigKeys: raft.server.notification.no-leader.timeout = 120s (custom)
datanode_3  | 2019-11-15 23:29:54,539 INFO server.RaftServerConfigKeys: raft.server.rpc.timeout.min = 5s (custom)
nm_1        | 2019-11-15 23:29:47 INFO  NMContainerTokenSecretManager:138 - Rolling master-key for container-tokens, got key with id 1280207239
datanode_2  | 2019-11-15 23:29:54,529 INFO server.RaftServerConfigKeys: raft.server.log.corruption.policy = EXCEPTION (default)
scm_1       | 2019-11-15 23:29:59,648 INFO pipeline.PipelineStateManager: Pipeline Pipeline[ Id: a163f504-d988-4762-831e-256101ceb931, Nodes: 58a7aac9-9456-4fcb-8d87-1d64cda7017d{ip: 172.18.0.7, host: hadoop27_datanode_3.hadoop27_default, networkLocation: /default-rack, certSerialId: null}, Type:RATIS, Factor:ONE, State:OPEN] moved to OPEN state
rm_1        | 2019-11-15 23:29:44 INFO  Server:801 - IPC Server listener on 8031: starting
datanode_1  | 2019-11-15 23:29:54,605 INFO server.RaftServerConfigKeys: raft.server.log.use.memory = false (default)
nm_1        | 2019-11-15 23:29:47 INFO  NMTokenSecretManagerInNM:135 - Rolling master-key for container-tokens, got key with id -1838139816
datanode_3  | 2019-11-15 23:29:54,540 INFO server.RaftServerConfigKeys: raft.server.rpc.timeout.max = 5200ms (custom)
scm_1       | 2019-11-15 23:30:05,019 INFO pipeline.PipelineStateManager: Pipeline Pipeline[ Id: 5b5fca37-8923-4774-adc6-146101fb921f, Nodes: 4d8ea377-5df4-4806-a044-8f0002ffe262{ip: 172.18.0.9, host: hadoop27_datanode_1.hadoop27_default, networkLocation: /default-rack, certSerialId: null}18780348-464b-43b2-8a18-f67344f3b0a3{ip: 172.18.0.8, host: hadoop27_datanode_2.hadoop27_default, networkLocation: /default-rack, certSerialId: null}58a7aac9-9456-4fcb-8d87-1d64cda7017d{ip: 172.18.0.7, host: hadoop27_datanode_3.hadoop27_default, networkLocation: /default-rack, certSerialId: null}, Type:RATIS, Factor:THREE, State:OPEN] moved to OPEN state
datanode_2  | 2019-11-15 23:29:54,530 INFO storage.RaftStorageDirectory: The storage directory /data/metadata/ratis/5b5fca37-8923-4774-adc6-146101fb921f does not exist. Creating ...
rm_1        | 2019-11-15 23:29:45 INFO  CallQueueManager:57 - Using callQueue: class java.util.concurrent.LinkedBlockingQueue queueCapacity: 5000
datanode_1  | 2019-11-15 23:29:54,605 INFO server.RaftServerConfigKeys: raft.server.log.purge.gap = 1000000 (custom)
nm_1        | 2019-11-15 23:29:47 INFO  NodeStatusUpdaterImpl:317 - Registered with ResourceManager as nm:42414 with total resource of <memory:8192, vCores:8>
datanode_3  | 2019-11-15 23:29:54,540 INFO server.RaftServerConfigKeys: raft.server.rpcslowness.timeout = 120s (custom)
scm_1       | 2019-11-15 23:31:57,138 INFO server.SCMBlockProtocolServer: SCM is informed by OM to delete 11 blocks
datanode_2  | 2019-11-15 23:29:54,551 INFO storage.RaftStorageDirectory: Lock on /data/metadata/ratis/5b5fca37-8923-4774-adc6-146101fb921f/in_use.lock acquired by nodename 7@7dad596230b4
rm_1        | 2019-11-15 23:29:45 INFO  Server:722 - Starting Socket Reader #1 for port 8030
datanode_1  | 2019-11-15 23:29:54,605 INFO server.RaftServerConfigKeys: raft.server.log.appender.buffer.byte-limit = 33554432 (custom)
nm_1        | 2019-11-15 23:29:47 INFO  NodeStatusUpdaterImpl:319 - Notifying ContainerManager to unblock new container-requests
datanode_3  | 2019-11-15 23:29:54,540 INFO server.RaftServerConfigKeys: raft.server.sleep.deviation.threshold = 300 (default)
scm_1       | 2019-11-15 23:31:57,139 INFO block.BlockManagerImpl: Deleting blocks conID: 3 locID: 103144531477397509 bcsId: 0
datanode_2  | 2019-11-15 23:29:54,574 INFO storage.RaftStorage: Storage directory /data/metadata/ratis/5b5fca37-8923-4774-adc6-146101fb921f has been successfully formatted.
rm_1        | 2019-11-15 23:29:45 INFO  RpcServerFactoryPBImpl:174 - Adding protocol org.apache.hadoop.yarn.api.ApplicationMasterProtocolPB to the server
datanode_1  | 2019-11-15 23:29:54,606 INFO server.RaftServerConfigKeys: raft.server.log.segment.size.max = 1048576 (custom)
nm_1        | 2019-11-15 23:30:51 INFO  Server:1454 - Auth successful for appattempt_1573860584622_0001_000001 (auth:SIMPLE)
datanode_3  | 2019-11-15 23:29:54,540 INFO server.RaftServerConfigKeys: raft.server.log.appender.install.snapshot.enabled = false (custom)
scm_1       | 2019-11-15 23:31:57,153 INFO block.BlockManagerImpl: Deleting blocks conID: 1 locID: 103144531488407558 bcsId: 0
datanode_2  | 2019-11-15 23:29:54,574 INFO ratis.ContainerStateMachine: group-146101FB921F: The snapshot info is null. Setting the last applied indexto:(t:0, i:~)
rm_1        | 2019-11-15 23:29:45 INFO  Server:962 - IPC Server Responder: starting
datanode_1  | 2019-11-15 23:29:54,606 INFO server.RaftServerConfigKeys: raft.server.log.segment.cache.num.max = 2 (custom)
nm_1        | 2019-11-15 23:30:51 INFO  ContainerManagerImpl:810 - Start request for container_1573860584622_0001_01_000001 by user hadoop
datanode_3  | 2019-11-15 23:29:54,540 INFO impl.RaftServerImpl: 58a7aac9-9456-4fcb-8d87-1d64cda7017d@group-146101FB921F: ConfigurationManager, init=-1: [58a7aac9-9456-4fcb-8d87-1d64cda7017d:172.18.0.7:9858, 18780348-464b-43b2-8a18-f67344f3b0a3:172.18.0.8:9858, 4d8ea377-5df4-4806-a044-8f0002ffe262:172.18.0.9:9858], old=null, confs=<EMPTY_MAP>
scm_1       | 2019-11-15 23:31:57,153 INFO block.BlockManagerImpl: Deleting blocks conID: 2 locID: 103144531497648135 bcsId: 0
datanode_2  | 2019-11-15 23:29:54,575 INFO server.RaftServerConfigKeys: raft.server.notification.no-leader.timeout = 120s (custom)
rm_1        | 2019-11-15 23:29:45 INFO  Server:801 - IPC Server listener on 8030: starting
datanode_1  | 2019-11-15 23:29:54,606 INFO segmented.SegmentedRaftLogWorker: new 4d8ea377-5df4-4806-a044-8f0002ffe262@group-146101FB921F-SegmentedRaftLogWorker for RaftStorage:Storage Directory /data/metadata/ratis/5b5fca37-8923-4774-adc6-146101fb921f
nm_1        | 2019-11-15 23:30:51 INFO  ContainerManagerImpl:850 - Creating a new application reference for app application_1573860584622_0001
datanode_3  | 2019-11-15 23:29:54,540 INFO server.RaftServerConfigKeys: raft.server.storage.dir = [/data/metadata/ratis] (custom)
scm_1       | 2019-11-15 23:31:57,153 INFO block.BlockManagerImpl: Deleting blocks conID: 3 locID: 103144531505512456 bcsId: 0
datanode_2  | 2019-11-15 23:29:54,575 INFO server.RaftServerConfigKeys: raft.server.log.use.memory = false (default)
rm_1        | 2019-11-15 23:29:45 INFO  CallQueueManager:57 - Using callQueue: class java.util.concurrent.LinkedBlockingQueue queueCapacity: 5000
datanode_1  | 2019-11-15 23:29:54,606 INFO server.RaftServerConfigKeys: raft.server.log.queue.byte-limit = 2147483647 (custom)
nm_1        | 2019-11-15 23:30:51 INFO  NMAuditLogger:89 - USER=hadoop	IP=172.18.0.4	OPERATION=Start Container Request	TARGET=ContainerManageImpl	RESULT=SUCCESS	APPID=application_1573860584622_0001	CONTAINERID=container_1573860584622_0001_01_000001
datanode_3  | 2019-11-15 23:29:54,550 INFO server.RaftServerConfigKeys: raft.server.log.corruption.policy = EXCEPTION (default)
scm_1       | 2019-11-15 23:31:57,154 INFO block.BlockManagerImpl: Deleting blocks conID: 1 locID: 103144532666220553 bcsId: 0
datanode_2  | 2019-11-15 23:29:54,575 INFO server.RaftServerConfigKeys: raft.server.log.purge.gap = 1000000 (custom)
rm_1        | 2019-11-15 23:29:45 INFO  Server:722 - Starting Socket Reader #1 for port 8032
datanode_1  | 2019-11-15 23:29:54,606 INFO server.RaftServerConfigKeys: raft.server.log.queue.element-limit = 1024 (custom)
nm_1        | 2019-11-15 23:30:51 INFO  ApplicationImpl:464 - Application application_1573860584622_0001 transitioned from NEW to INITING
datanode_3  | 2019-11-15 23:29:54,550 INFO storage.RaftStorageDirectory: The storage directory /data/metadata/ratis/5b5fca37-8923-4774-adc6-146101fb921f does not exist. Creating ...
scm_1       | 2019-11-15 23:31:57,154 INFO block.BlockManagerImpl: Deleting blocks conID: 2 locID: 103144532680900618 bcsId: 0
datanode_2  | 2019-11-15 23:29:54,575 INFO server.RaftServerConfigKeys: raft.server.log.appender.buffer.byte-limit = 33554432 (custom)
rm_1        | 2019-11-15 23:29:45 INFO  RpcServerFactoryPBImpl:174 - Adding protocol org.apache.hadoop.yarn.api.ApplicationClientProtocolPB to the server
datanode_1  | 2019-11-15 23:29:54,607 INFO server.RaftServerConfigKeys: raft.server.log.segment.size.max = 1048576 (custom)
nm_1        | 2019-11-15 23:30:51 INFO  ApplicationImpl:304 - Adding container_1573860584622_0001_01_000001 to application application_1573860584622_0001
datanode_3  | 2019-11-15 23:29:54,574 INFO storage.RaftStorageDirectory: Lock on /data/metadata/ratis/5b5fca37-8923-4774-adc6-146101fb921f/in_use.lock acquired by nodename 7@cc742ea4ef2a
datanode_2  | 2019-11-15 23:29:54,575 INFO server.RaftServerConfigKeys: raft.server.log.segment.size.max = 1048576 (custom)
scm_1       | 2019-11-15 23:31:57,154 INFO block.BlockManagerImpl: Deleting blocks conID: 3 locID: 103144531237339138 bcsId: 0
rm_1        | 2019-11-15 23:29:45 INFO  Server:962 - IPC Server Responder: starting
datanode_1  | 2019-11-15 23:29:54,607 INFO server.RaftServerConfigKeys: raft.server.log.preallocated.size = 16384 (custom)
nm_1        | 2019-11-15 23:30:51 INFO  ApplicationImpl:464 - Application application_1573860584622_0001 transitioned from INITING to RUNNING
datanode_3  | 2019-11-15 23:29:54,604 INFO storage.RaftStorage: Storage directory /data/metadata/ratis/5b5fca37-8923-4774-adc6-146101fb921f has been successfully formatted.
datanode_2  | 2019-11-15 23:29:54,576 INFO server.RaftServerConfigKeys: raft.server.log.segment.cache.num.max = 2 (custom)
scm_1       | 2019-11-15 23:31:57,154 INFO block.BlockManagerImpl: Deleting blocks conID: 1 locID: 103144531347767299 bcsId: 0
rm_1        | 2019-11-15 23:29:45 INFO  Server:801 - IPC Server listener on 8032: starting
datanode_1  | 2019-11-15 23:29:54,607 INFO server.RaftServerConfigKeys: raft.server.log.write.buffer.size = 33554432 (custom)
nm_1        | 2019-11-15 23:30:51 INFO  ContainerImpl:1135 - Container container_1573860584622_0001_01_000001 transitioned from NEW to LOCALIZING
datanode_3  | 2019-11-15 23:29:54,605 INFO ratis.ContainerStateMachine: group-146101FB921F: The snapshot info is null. Setting the last applied indexto:(t:0, i:~)
datanode_2  | 2019-11-15 23:29:54,576 INFO segmented.SegmentedRaftLogWorker: new 18780348-464b-43b2-8a18-f67344f3b0a3@group-146101FB921F-SegmentedRaftLogWorker for RaftStorage:Storage Directory /data/metadata/ratis/5b5fca37-8923-4774-adc6-146101fb921f
scm_1       | 2019-11-15 23:31:57,154 INFO block.BlockManagerImpl: Deleting blocks conID: 2 locID: 103144531360022532 bcsId: 0
rm_1        | 2019-11-15 23:29:45 INFO  ResourceManager:1025 - Transitioned to active state
datanode_1  | 2019-11-15 23:29:54,607 INFO server.RaftServerConfigKeys: raft.server.log.force.sync.num = 128 (default)
nm_1        | 2019-11-15 23:30:51 INFO  AuxServices:196 - Got event CONTAINER_INIT for appId application_1573860584622_0001
datanode_3  | 2019-11-15 23:29:54,605 INFO server.RaftServerConfigKeys: raft.server.notification.no-leader.timeout = 120s (custom)
scm_1       | 2019-11-15 23:31:57,155 INFO block.BlockManagerImpl: Deleting blocks conID: 3 locID: 103144534223486987 bcsId: 0
rm_1        | 2019-11-15 23:29:45 INFO  log:67 - Logging to org.slf4j.impl.Log4jLoggerAdapter(org.mortbay.log) via org.mortbay.log.Slf4jLog
datanode_1  | 2019-11-15 23:29:54,610 INFO server.RaftServerConfigKeys: raft.server.log.statemachine.data.sync = true (default)
nm_1        | 2019-11-15 23:30:51 INFO  LocalizedResource:203 - Resource o3fs://bucket1.vol1/user/hadoop/.staging/job_1573860584622_0001/job.splitmetainfo transitioned from INIT to DOWNLOADING
datanode_3  | 2019-11-15 23:29:54,605 INFO server.RaftServerConfigKeys: raft.server.log.use.memory = false (default)
scm_1       | 2019-11-15 23:31:57,155 INFO block.BlockManagerImpl: Deleting blocks conID: 1 locID: 103144534300819468 bcsId: 0
rm_1        | 2019-11-15 23:29:45 INFO  AuthenticationFilter:283 - Unable to initialize FileSignerSecretProvider, falling back to use random secrets.
datanode_1  | 2019-11-15 23:29:54,610 INFO server.RaftServerConfigKeys: raft.server.log.statemachine.data.sync.timeout = 10s (default)
datanode_2  | 2019-11-15 23:29:54,576 INFO server.RaftServerConfigKeys: raft.server.log.queue.byte-limit = 2147483647 (custom)
nm_1        | 2019-11-15 23:30:51 INFO  LocalizedResource:203 - Resource o3fs://bucket1.vol1/user/hadoop/.staging/job_1573860584622_0001/job.jar transitioned from INIT to DOWNLOADING
datanode_3  | 2019-11-15 23:29:54,605 INFO server.RaftServerConfigKeys: raft.server.log.purge.gap = 1000000 (custom)
rm_1        | 2019-11-15 23:29:45 INFO  HttpRequestLog:80 - Http request log for http.requests.resourcemanager is not defined
datanode_1  | 2019-11-15 23:29:54,610 INFO server.RaftServerConfigKeys: raft.server.log.statemachine.data.sync.timeout.retry = -1 (default)
datanode_2  | 2019-11-15 23:29:54,576 INFO server.RaftServerConfigKeys: raft.server.log.queue.element-limit = 1024 (custom)
nm_1        | 2019-11-15 23:30:51 INFO  LocalizedResource:203 - Resource o3fs://bucket1.vol1/user/hadoop/.staging/job_1573860584622_0001/job.split transitioned from INIT to DOWNLOADING
datanode_3  | 2019-11-15 23:29:54,605 INFO server.RaftServerConfigKeys: raft.server.log.appender.buffer.byte-limit = 33554432 (custom)
rm_1        | 2019-11-15 23:29:45 INFO  HttpServer2:730 - Added global filter 'safety' (class=org.apache.hadoop.http.HttpServer2$QuotingInputFilter)
datanode_1  | 2019-11-15 23:29:54,611 INFO server.RaftServerConfigKeys: raft.server.log.statemachine.data.caching.enabled = true (custom)
datanode_2  | 2019-11-15 23:29:54,576 INFO server.RaftServerConfigKeys: raft.server.log.segment.size.max = 1048576 (custom)
nm_1        | 2019-11-15 23:30:51 INFO  LocalizedResource:203 - Resource o3fs://bucket1.vol1/user/hadoop/.staging/job_1573860584622_0001/job.xml transitioned from INIT to DOWNLOADING
datanode_3  | 2019-11-15 23:29:54,605 INFO server.RaftServerConfigKeys: raft.server.log.segment.size.max = 1048576 (custom)
rm_1        | 2019-11-15 23:29:45 INFO  HttpServer2:705 - Added filter RMAuthenticationFilter (class=org.apache.hadoop.yarn.server.security.http.RMAuthenticationFilter) to context cluster
datanode_1  | 2019-11-15 23:29:54,611 INFO segmented.SegmentedRaftLogWorker: 4d8ea377-5df4-4806-a044-8f0002ffe262@group-146101FB921F-SegmentedRaftLogWorker: flushIndex: setUnconditionally 0 -> -1
datanode_3  | 2019-11-15 23:29:54,606 INFO server.RaftServerConfigKeys: raft.server.log.segment.cache.num.max = 2 (custom)
rm_1        | 2019-11-15 23:29:45 INFO  HttpServer2:713 - Added filter RMAuthenticationFilter (class=org.apache.hadoop.yarn.server.security.http.RMAuthenticationFilter) to context logs
datanode_2  | 2019-11-15 23:29:54,576 INFO server.RaftServerConfigKeys: raft.server.log.preallocated.size = 16384 (custom)
datanode_1  | 2019-11-15 23:29:54,612 INFO server.RaftServerConfigKeys: raft.server.snapshot.auto.trigger.enabled = true (custom)
nm_1        | 2019-11-15 23:30:51 INFO  ResourceLocalizationService:711 - Created localizer for container_1573860584622_0001_01_000001
datanode_3  | 2019-11-15 23:29:54,606 INFO segmented.SegmentedRaftLogWorker: new 58a7aac9-9456-4fcb-8d87-1d64cda7017d@group-146101FB921F-SegmentedRaftLogWorker for RaftStorage:Storage Directory /data/metadata/ratis/5b5fca37-8923-4774-adc6-146101fb921f
rm_1        | 2019-11-15 23:29:45 INFO  HttpServer2:713 - Added filter RMAuthenticationFilter (class=org.apache.hadoop.yarn.server.security.http.RMAuthenticationFilter) to context static
datanode_2  | 2019-11-15 23:29:54,577 INFO server.RaftServerConfigKeys: raft.server.log.write.buffer.size = 33554432 (custom)
datanode_1  | 2019-11-15 23:29:54,612 INFO server.RaftServerConfigKeys: raft.server.snapshot.auto.trigger.threshold = 10000 (custom)
nm_1        | 2019-11-15 23:30:51 INFO  ResourceLocalizationService:1195 - Writing credentials to the nmPrivate file /tmp/hadoop-hadoop/nm-local-dir/nmPrivate/container_1573860584622_0001_01_000001.tokens. Credentials list: 
rm_1        | 2019-11-15 23:29:45 INFO  HttpServer2:705 - Added filter static_user_filter (class=org.apache.hadoop.http.lib.StaticUserWebFilter$StaticUserFilter) to context cluster
datanode_2  | 2019-11-15 23:29:54,577 INFO server.RaftServerConfigKeys: raft.server.log.force.sync.num = 128 (default)
datanode_1  | 2019-11-15 23:29:54,612 INFO server.RaftServerConfigKeys: raft.server.snapshot.retention.file.num = 5 (custom)
datanode_3  | 2019-11-15 23:29:54,606 INFO server.RaftServerConfigKeys: raft.server.log.queue.byte-limit = 2147483647 (custom)
nm_1        | 2019-11-15 23:30:51 INFO  DefaultContainerExecutor:612 - Initializing user hadoop
rm_1        | 2019-11-15 23:29:45 INFO  HttpServer2:713 - Added filter static_user_filter (class=org.apache.hadoop.http.lib.StaticUserWebFilter$StaticUserFilter) to context logs
datanode_2  | 2019-11-15 23:29:54,577 INFO server.RaftServerConfigKeys: raft.server.log.statemachine.data.sync = true (default)
datanode_1  | 2019-11-15 23:29:54,612 INFO server.RaftServerConfigKeys: raft.server.retrycache.expirytime = 600000ms (custom)
rm_1        | 2019-11-15 23:29:45 INFO  HttpServer2:713 - Added filter static_user_filter (class=org.apache.hadoop.http.lib.StaticUserWebFilter$StaticUserFilter) to context static
datanode_2  | 2019-11-15 23:29:54,577 INFO server.RaftServerConfigKeys: raft.server.log.statemachine.data.sync.timeout = 10s (default)
datanode_1  | 2019-11-15 23:29:54,612 WARN impl.MetricRegistriesImpl: First MetricRegistry has been created without registering reporters. You may need to call MetricRegistries.global().addReportRegistration(...) before.
rm_1        | 2019-11-15 23:29:45 INFO  HttpServer2:424 - adding path spec: /cluster/*
datanode_1  | 2019-11-15 23:29:54,612 WARN impl.MetricRegistriesImpl: First MetricRegistry has been created without registering reporters. You may need to call MetricRegistries.global().addReportRegistration(...) before.
nm_1        | 2019-11-15 23:30:51 INFO  DefaultContainerExecutor:117 - Copying from /tmp/hadoop-hadoop/nm-local-dir/nmPrivate/container_1573860584622_0001_01_000001.tokens to /tmp/hadoop-hadoop/nm-local-dir/usercache/hadoop/appcache/application_1573860584622_0001/container_1573860584622_0001_01_000001.tokens
datanode_2  | 2019-11-15 23:29:54,577 INFO server.RaftServerConfigKeys: raft.server.log.statemachine.data.sync.timeout.retry = -1 (default)
datanode_1  | 2019-11-15 23:29:54,612 INFO impl.RaftServerImpl: 4d8ea377-5df4-4806-a044-8f0002ffe262@group-146101FB921F: start as a follower, conf=-1: [58a7aac9-9456-4fcb-8d87-1d64cda7017d:172.18.0.7:9858, 18780348-464b-43b2-8a18-f67344f3b0a3:172.18.0.8:9858, 4d8ea377-5df4-4806-a044-8f0002ffe262:172.18.0.9:9858], old=null
nm_1        | 2019-11-15 23:30:51 INFO  DefaultContainerExecutor:124 - Localizer CWD set to /tmp/hadoop-hadoop/nm-local-dir/usercache/hadoop/appcache/application_1573860584622_0001 = file:/tmp/hadoop-hadoop/nm-local-dir/usercache/hadoop/appcache/application_1573860584622_0001
datanode_2  | 2019-11-15 23:29:54,577 INFO server.RaftServerConfigKeys: raft.server.log.statemachine.data.caching.enabled = true (custom)
rm_1        | 2019-11-15 23:29:45 INFO  HttpServer2:424 - adding path spec: /ws/*
datanode_3  | 2019-11-15 23:29:54,606 INFO server.RaftServerConfigKeys: raft.server.log.queue.element-limit = 1024 (custom)
datanode_1  | 2019-11-15 23:29:54,613 INFO impl.RaftServerImpl: 4d8ea377-5df4-4806-a044-8f0002ffe262@group-146101FB921F: changes role from      null to FOLLOWER at term 0 for startAsFollower
