scm_1       | 2019-11-15 23:45:53 INFO  AbstractConnector:278 - Started ServerConnector@78e22d35{HTTP/1.1,[http/1.1]}{0.0.0.0:9876}
datanode_1  | 2019-11-15 23:45:55 INFO  RaftServerConfigKeys:43 - raft.server.log.segment.cache.num.max = 2 (custom)
datanode_3  | 2019-11-15 23:45:54 INFO  RaftServerConfigKeys:43 - raft.server.storage.dir = [/data/metadata/ratis] (custom)
datanode_2  | 2019-11-15 23:45:55 INFO  RaftServerProxy:89 - 88f5d42d-bc08-4ae9-8725-39d6517cb446: addNew group-757E5CEDDDDF:[88f5d42d-bc08-4ae9-8725-39d6517cb446:172.18.0.2:9858] returns group-757E5CEDDDDF:java.util.concurrent.CompletableFuture@4a2663a[Not completed]
scm_1       | 2019-11-15 23:45:53 INFO  Server:419 - Started @3436ms
datanode_1  | 2019-11-15 23:45:55 INFO  SegmentedRaftLogWorker:173 - new 5e6da2d8-63a0-47e4-a23a-57d0bb00b4a2@group-5D2A840C33B4-SegmentedRaftLogWorker for RaftStorage:Storage Directory /data/metadata/ratis/ee82c57d-0b41-489f-9852-5d2a840c33b4
datanode_3  | 2019-11-15 23:45:54 INFO  RaftServerConfigKeys:43 - raft.server.log.corruption.policy = EXCEPTION (default)
datanode_2  | 2019-11-15 23:45:56 INFO  RaftServerImpl:98 - 88f5d42d-bc08-4ae9-8725-39d6517cb446: new RaftServerImpl for group-757E5CEDDDDF:[88f5d42d-bc08-4ae9-8725-39d6517cb446:172.18.0.2:9858] with ContainerStateMachine:uninitialized
scm_1       | 2019-11-15 23:45:53 INFO  MetricsSinkAdapter:204 - Sink prometheus started
datanode_1  | 2019-11-15 23:45:55 INFO  RaftServerConfigKeys:43 - raft.server.log.queue.byte-limit = 2147483647 (custom)
datanode_3  | 2019-11-15 23:45:54 INFO  RaftStorageDirectory:246 - The storage directory /data/metadata/ratis/0f39f704-676d-4ea0-b370-00cfa189ccef does not exist. Creating ...
datanode_2  | 2019-11-15 23:45:56 INFO  RaftServerConfigKeys:43 - raft.server.rpc.timeout.min = 5s (custom)
scm_1       | 2019-11-15 23:45:53 INFO  MetricsSystemImpl:301 - Registered sink prometheus
datanode_1  | 2019-11-15 23:45:55 INFO  RaftServerConfigKeys:43 - raft.server.log.queue.element-limit = 1024 (custom)
datanode_3  | 2019-11-15 23:45:54 INFO  RaftStorageDirectory:328 - Lock on /data/metadata/ratis/0f39f704-676d-4ea0-b370-00cfa189ccef/in_use.lock acquired by nodename 16@19339678f6a1
datanode_2  | 2019-11-15 23:45:56 INFO  RaftServerConfigKeys:43 - raft.server.rpc.timeout.max = 5200ms (custom)
scm_1       | 2019-11-15 23:45:53 INFO  BaseHttpServer:215 - HTTP server of SCM is listening at http://0.0.0.0:9876
datanode_3  | 2019-11-15 23:45:54 INFO  RaftStorage:84 - Storage directory /data/metadata/ratis/0f39f704-676d-4ea0-b370-00cfa189ccef has been successfully formatted.
datanode_1  | 2019-11-15 23:45:55 INFO  RaftServerConfigKeys:43 - raft.server.log.segment.size.max = 1048576 (custom)
datanode_2  | 2019-11-15 23:45:56 INFO  RaftServerConfigKeys:43 - raft.server.rpcslowness.timeout = 120s (custom)
scm_1       | 2019-11-15 23:45:53 INFO  JvmPauseMonitor:188 - Starting JVM pause monitor
datanode_1  | 2019-11-15 23:45:55 INFO  RaftServerConfigKeys:43 - raft.server.log.preallocated.size = 16384 (custom)
datanode_3  | 2019-11-15 23:45:54 INFO  ContainerStateMachine:223 - group-00CFA189CCEF: The snapshot info is null. Setting the last applied indexto:(t:0, i:~)
datanode_2  | 2019-11-15 23:45:56 INFO  RaftServerConfigKeys:43 - raft.server.sleep.deviation.threshold = 300 (default)
scm_1       | 2019-11-15 23:45:53 INFO  NetworkTopology:111 - Added a new node: /default-rack/6e3d998b-85a8-472c-807b-715f4ded7e8b
datanode_1  | 2019-11-15 23:45:55 INFO  RaftServerConfigKeys:43 - raft.server.log.write.buffer.size = 33554432 (custom)
datanode_3  | 2019-11-15 23:45:54 INFO  RaftServerConfigKeys:43 - raft.server.notification.no-leader.timeout = 120s (custom)
datanode_2  | 2019-11-15 23:45:56 INFO  RaftServerConfigKeys:43 - raft.server.log.appender.install.snapshot.enabled = false (custom)
datanode_1  | 2019-11-15 23:45:55 INFO  RaftServerConfigKeys:43 - raft.server.log.force.sync.num = 128 (default)
datanode_3  | 2019-11-15 23:45:54 INFO  RaftServerConfigKeys:43 - raft.server.log.use.memory = false (default)
scm_1       | 2019-11-15 23:45:53 INFO  SCMNodeManager:267 - Registered Data node : 6e3d998b-85a8-472c-807b-715f4ded7e8b{ip: 172.18.0.5, host: ozone-om-ha_datanode_3.ozone-om-ha_default, networkLocation: /default-rack, certSerialId: null}
datanode_2  | 2019-11-15 23:45:56 INFO  RaftServerImpl:103 - 88f5d42d-bc08-4ae9-8725-39d6517cb446@group-757E5CEDDDDF: ConfigurationManager, init=-1: [88f5d42d-bc08-4ae9-8725-39d6517cb446:172.18.0.2:9858], old=null, confs=<EMPTY_MAP>
datanode_1  | 2019-11-15 23:45:55 INFO  RaftServerConfigKeys:43 - raft.server.log.statemachine.data.sync = true (default)
datanode_3  | 2019-11-15 23:45:54 INFO  RaftServerConfigKeys:43 - raft.server.log.purge.gap = 1000000 (custom)
scm_1       | 2019-11-15 23:45:53 INFO  SCMSafeModeManager:71 - SCM in safe mode. 1 DataNodes registered, 1 required.
datanode_2  | 2019-11-15 23:45:56 INFO  RaftServerConfigKeys:43 - raft.server.storage.dir = [/data/metadata/ratis] (custom)
datanode_1  | 2019-11-15 23:45:55 INFO  RaftServerConfigKeys:43 - raft.server.log.statemachine.data.sync.timeout = 10s (default)
scm_1       | 2019-11-15 23:45:53 INFO  SCMSafeModeManager:177 - ScmSafeModeManager, all rules are successfully validated
datanode_3  | 2019-11-15 23:45:54 INFO  RaftServerConfigKeys:43 - raft.server.log.appender.buffer.byte-limit = 33554432 (custom)
datanode_2  | 2019-11-15 23:45:56 INFO  RaftServerConfigKeys:43 - raft.server.log.corruption.policy = EXCEPTION (default)
scm_1       | 2019-11-15 23:45:53 INFO  SCMSafeModeManager:193 - SCM exiting safe mode.
datanode_2  | 2019-11-15 23:45:56 INFO  RaftStorageDirectory:246 - The storage directory /data/metadata/ratis/a3a9bb08-960e-4418-bff8-757e5ceddddf does not exist. Creating ...
scm_1       | 2019-11-15 23:45:54 INFO  NetworkTopology:111 - Added a new node: /default-rack/5e6da2d8-63a0-47e4-a23a-57d0bb00b4a2
datanode_2  | 2019-11-15 23:45:56 INFO  RaftStorageDirectory:328 - Lock on /data/metadata/ratis/a3a9bb08-960e-4418-bff8-757e5ceddddf/in_use.lock acquired by nodename 17@0bb20afbd9b4
datanode_3  | 2019-11-15 23:45:54 INFO  RaftServerConfigKeys:43 - raft.server.log.segment.size.max = 1048576 (custom)
datanode_1  | 2019-11-15 23:45:55 INFO  RaftServerConfigKeys:43 - raft.server.log.statemachine.data.sync.timeout.retry = -1 (default)
scm_1       | 2019-11-15 23:45:54 INFO  SCMNodeManager:267 - Registered Data node : 5e6da2d8-63a0-47e4-a23a-57d0bb00b4a2{ip: 172.18.0.7, host: ozone-om-ha_datanode_1.ozone-om-ha_default, networkLocation: /default-rack, certSerialId: null}
datanode_2  | 2019-11-15 23:45:56 INFO  RaftStorage:84 - Storage directory /data/metadata/ratis/a3a9bb08-960e-4418-bff8-757e5ceddddf has been successfully formatted.
datanode_3  | 2019-11-15 23:45:54 INFO  MetricRegistries:64 - Loaded MetricRegistries class org.apache.ratis.metrics.impl.MetricRegistriesImpl
datanode_1  | 2019-11-15 23:45:55 INFO  RaftServerConfigKeys:43 - raft.server.log.statemachine.data.caching.enabled = true (custom)
scm_1       | WARNING: An illegal reflective access operation has occurred
datanode_2  | 2019-11-15 23:45:56 INFO  ContainerStateMachine:223 - group-757E5CEDDDDF: The snapshot info is null. Setting the last applied indexto:(t:0, i:~)
datanode_3  | 2019-11-15 23:45:54 WARN  MetricRegistriesImpl:61 - First MetricRegistry has been created without registering reporters. You may need to call MetricRegistries.global().addReportRegistration(...) before.
datanode_1  | 2019-11-15 23:45:55 INFO  SegmentedRaftLogWorker:128 - 5e6da2d8-63a0-47e4-a23a-57d0bb00b4a2@group-5D2A840C33B4-SegmentedRaftLogWorker: flushIndex: setUnconditionally 0 -> -1
scm_1       | WARNING: Illegal reflective access by org.apache.ratis.thirdparty.com.google.protobuf.UnsafeUtil (file:/opt/hadoop/share/ozone/lib/ratis-thirdparty-misc-0.2.0.jar) to field java.nio.Buffer.address
datanode_3  | 2019-11-15 23:45:54 INFO  RaftServerConfigKeys:43 - raft.server.log.segment.cache.num.max = 2 (custom)
datanode_1  | 2019-11-15 23:45:55 INFO  RaftServerConfigKeys:43 - raft.server.snapshot.auto.trigger.enabled = true (custom)
datanode_3  | 2019-11-15 23:45:54 INFO  SegmentedRaftLogWorker:173 - new 6e3d998b-85a8-472c-807b-715f4ded7e8b@group-00CFA189CCEF-SegmentedRaftLogWorker for RaftStorage:Storage Directory /data/metadata/ratis/0f39f704-676d-4ea0-b370-00cfa189ccef
datanode_3  | 2019-11-15 23:45:54 INFO  RaftServerConfigKeys:43 - raft.server.log.queue.byte-limit = 2147483647 (custom)
scm_1       | WARNING: Please consider reporting this to the maintainers of org.apache.ratis.thirdparty.com.google.protobuf.UnsafeUtil
scm_1       | WARNING: Use --illegal-access=warn to enable warnings of further illegal reflective access operations
datanode_2  | 2019-11-15 23:45:56 INFO  RaftServerConfigKeys:43 - raft.server.notification.no-leader.timeout = 120s (custom)
datanode_3  | 2019-11-15 23:45:54 INFO  RaftServerConfigKeys:43 - raft.server.log.queue.element-limit = 1024 (custom)
datanode_1  | 2019-11-15 23:45:55 INFO  RaftServerConfigKeys:43 - raft.server.snapshot.auto.trigger.threshold = 10000 (custom)
datanode_1  | 2019-11-15 23:45:55 INFO  RaftServerConfigKeys:43 - raft.server.snapshot.retention.file.num = 5 (custom)
datanode_3  | 2019-11-15 23:45:54 INFO  RaftServerConfigKeys:43 - raft.server.log.segment.size.max = 1048576 (custom)
scm_1       | WARNING: All illegal access operations will be denied in a future release
datanode_2  | 2019-11-15 23:45:56 INFO  RaftServerConfigKeys:43 - raft.server.log.use.memory = false (default)
datanode_1  | 2019-11-15 23:45:55 INFO  RaftServerConfigKeys:43 - raft.server.retrycache.expirytime = 600000ms (custom)
datanode_3  | 2019-11-15 23:45:54 INFO  RaftServerConfigKeys:43 - raft.server.log.preallocated.size = 16384 (custom)
scm_1       | 2019-11-15 23:45:55 INFO  PipelineStateManager:55 - Created pipeline Pipeline[ Id: 0f39f704-676d-4ea0-b370-00cfa189ccef, Nodes: 6e3d998b-85a8-472c-807b-715f4ded7e8b{ip: 172.18.0.5, host: ozone-om-ha_datanode_3.ozone-om-ha_default, networkLocation: /default-rack, certSerialId: null}, Type:RATIS, Factor:ONE, State:ALLOCATED]
datanode_1  | 2019-11-15 23:45:55 WARN  MetricRegistriesImpl:61 - First MetricRegistry has been created without registering reporters. You may need to call MetricRegistries.global().addReportRegistration(...) before.
scm_1       | 2019-11-15 23:45:55 INFO  PipelineStateManager:55 - Created pipeline Pipeline[ Id: ee82c57d-0b41-489f-9852-5d2a840c33b4, Nodes: 5e6da2d8-63a0-47e4-a23a-57d0bb00b4a2{ip: 172.18.0.7, host: ozone-om-ha_datanode_1.ozone-om-ha_default, networkLocation: /default-rack, certSerialId: null}, Type:RATIS, Factor:ONE, State:ALLOCATED]
datanode_3  | 2019-11-15 23:45:54 INFO  RaftServerConfigKeys:43 - raft.server.log.write.buffer.size = 33554432 (custom)
datanode_2  | 2019-11-15 23:45:56 INFO  RaftServerConfigKeys:43 - raft.server.log.purge.gap = 1000000 (custom)
datanode_1  | 2019-11-15 23:45:55 WARN  MetricRegistriesImpl:61 - First MetricRegistry has been created without registering reporters. You may need to call MetricRegistries.global().addReportRegistration(...) before.
scm_1       | 2019-11-15 23:45:55 INFO  NetworkTopology:111 - Added a new node: /default-rack/88f5d42d-bc08-4ae9-8725-39d6517cb446
datanode_3  | 2019-11-15 23:45:54 INFO  RaftServerConfigKeys:43 - raft.server.log.force.sync.num = 128 (default)
datanode_2  | 2019-11-15 23:45:56 INFO  RaftServerConfigKeys:43 - raft.server.log.appender.buffer.byte-limit = 33554432 (custom)
datanode_1  | 2019-11-15 23:45:55 INFO  RaftServerImpl:184 - 5e6da2d8-63a0-47e4-a23a-57d0bb00b4a2@group-5D2A840C33B4: start as a follower, conf=-1: [5e6da2d8-63a0-47e4-a23a-57d0bb00b4a2:172.18.0.7:9858], old=null
datanode_3  | 2019-11-15 23:45:54 INFO  RaftServerConfigKeys:43 - raft.server.log.statemachine.data.sync = true (default)
datanode_2  | 2019-11-15 23:45:56 INFO  RaftServerConfigKeys:43 - raft.server.log.segment.size.max = 1048576 (custom)
datanode_1  | 2019-11-15 23:45:55 INFO  RaftServerImpl:173 - 5e6da2d8-63a0-47e4-a23a-57d0bb00b4a2@group-5D2A840C33B4: changes role from      null to FOLLOWER at term 0 for startAsFollower
scm_1       | 2019-11-15 23:45:55 INFO  SCMNodeManager:267 - Registered Data node : 88f5d42d-bc08-4ae9-8725-39d6517cb446{ip: 172.18.0.2, host: ozone-om-ha_datanode_2.ozone-om-ha_default, networkLocation: /default-rack, certSerialId: null}
datanode_3  | 2019-11-15 23:45:54 INFO  RaftServerConfigKeys:43 - raft.server.log.statemachine.data.sync.timeout = 10s (default)
datanode_2  | 2019-11-15 23:45:56 INFO  MetricRegistries:64 - Loaded MetricRegistries class org.apache.ratis.metrics.impl.MetricRegistriesImpl
datanode_1  | 2019-11-15 23:45:55 INFO  RoleInfo:143 - 5e6da2d8-63a0-47e4-a23a-57d0bb00b4a2: start FollowerState
scm_1       | 2019-11-15 23:45:56 INFO  PipelineStateManager:55 - Created pipeline Pipeline[ Id: a3a9bb08-960e-4418-bff8-757e5ceddddf, Nodes: 88f5d42d-bc08-4ae9-8725-39d6517cb446{ip: 172.18.0.2, host: ozone-om-ha_datanode_2.ozone-om-ha_default, networkLocation: /default-rack, certSerialId: null}, Type:RATIS, Factor:ONE, State:ALLOCATED]
datanode_2  | 2019-11-15 23:45:56 WARN  MetricRegistriesImpl:61 - First MetricRegistry has been created without registering reporters. You may need to call MetricRegistries.global().addReportRegistration(...) before.
datanode_3  | 2019-11-15 23:45:54 INFO  RaftServerConfigKeys:43 - raft.server.log.statemachine.data.sync.timeout.retry = -1 (default)
datanode_1  | 2019-11-15 23:45:55 INFO  JmxRegister:44 - Successfully registered JMX Bean with object name Ratis:service=RaftServer,group=group-5D2A840C33B4,id=5e6da2d8-63a0-47e4-a23a-57d0bb00b4a2
scm_1       | 2019-11-15 23:45:56 INFO  PipelineStateManager:55 - Created pipeline Pipeline[ Id: c884672e-dbf6-44b9-af1f-fe395a276fa0, Nodes: 6e3d998b-85a8-472c-807b-715f4ded7e8b{ip: 172.18.0.5, host: ozone-om-ha_datanode_3.ozone-om-ha_default, networkLocation: /default-rack, certSerialId: null}88f5d42d-bc08-4ae9-8725-39d6517cb446{ip: 172.18.0.2, host: ozone-om-ha_datanode_2.ozone-om-ha_default, networkLocation: /default-rack, certSerialId: null}5e6da2d8-63a0-47e4-a23a-57d0bb00b4a2{ip: 172.18.0.7, host: ozone-om-ha_datanode_1.ozone-om-ha_default, networkLocation: /default-rack, certSerialId: null}, Type:RATIS, Factor:THREE, State:ALLOCATED]
datanode_2  | 2019-11-15 23:45:56 INFO  RaftServerConfigKeys:43 - raft.server.log.segment.cache.num.max = 2 (custom)
datanode_3  | 2019-11-15 23:45:54 INFO  RaftServerConfigKeys:43 - raft.server.log.statemachine.data.caching.enabled = true (custom)
datanode_1  | 2019-11-15 23:45:55 WARN  MetricRegistriesImpl:61 - First MetricRegistry has been created without registering reporters. You may need to call MetricRegistries.global().addReportRegistration(...) before.
datanode_2  | 2019-11-15 23:45:56 INFO  SegmentedRaftLogWorker:173 - new 88f5d42d-bc08-4ae9-8725-39d6517cb446@group-757E5CEDDDDF-SegmentedRaftLogWorker for RaftStorage:Storage Directory /data/metadata/ratis/a3a9bb08-960e-4418-bff8-757e5ceddddf
datanode_3  | 2019-11-15 23:45:54 INFO  SegmentedRaftLogWorker:128 - 6e3d998b-85a8-472c-807b-715f4ded7e8b@group-00CFA189CCEF-SegmentedRaftLogWorker: flushIndex: setUnconditionally 0 -> -1
scm_1       | 2019-11-15 23:46:00 INFO  PipelineStateManager:134 - Pipeline Pipeline[ Id: 0f39f704-676d-4ea0-b370-00cfa189ccef, Nodes: 6e3d998b-85a8-472c-807b-715f4ded7e8b{ip: 172.18.0.5, host: ozone-om-ha_datanode_3.ozone-om-ha_default, networkLocation: /default-rack, certSerialId: null}, Type:RATIS, Factor:ONE, State:OPEN] moved to OPEN state
datanode_1  | 2019-11-15 23:45:56 INFO  RaftServerProxy:89 - 5e6da2d8-63a0-47e4-a23a-57d0bb00b4a2: addNew group-FE395A276FA0:[6e3d998b-85a8-472c-807b-715f4ded7e8b:172.18.0.5:9858, 88f5d42d-bc08-4ae9-8725-39d6517cb446:172.18.0.2:9858, 5e6da2d8-63a0-47e4-a23a-57d0bb00b4a2:172.18.0.7:9858] returns group-FE395A276FA0:java.util.concurrent.CompletableFuture@7d5797a4[Not completed]
datanode_2  | 2019-11-15 23:45:56 INFO  RaftServerConfigKeys:43 - raft.server.log.queue.byte-limit = 2147483647 (custom)
datanode_3  | 2019-11-15 23:45:54 INFO  RaftServerConfigKeys:43 - raft.server.snapshot.auto.trigger.enabled = true (custom)
scm_1       | 2019-11-15 23:46:00 INFO  PipelineStateManager:134 - Pipeline Pipeline[ Id: ee82c57d-0b41-489f-9852-5d2a840c33b4, Nodes: 5e6da2d8-63a0-47e4-a23a-57d0bb00b4a2{ip: 172.18.0.7, host: ozone-om-ha_datanode_1.ozone-om-ha_default, networkLocation: /default-rack, certSerialId: null}, Type:RATIS, Factor:ONE, State:OPEN] moved to OPEN state
datanode_1  | 2019-11-15 23:45:56 INFO  RaftServerImpl:98 - 5e6da2d8-63a0-47e4-a23a-57d0bb00b4a2: new RaftServerImpl for group-FE395A276FA0:[6e3d998b-85a8-472c-807b-715f4ded7e8b:172.18.0.5:9858, 88f5d42d-bc08-4ae9-8725-39d6517cb446:172.18.0.2:9858, 5e6da2d8-63a0-47e4-a23a-57d0bb00b4a2:172.18.0.7:9858] with ContainerStateMachine:uninitialized
datanode_2  | 2019-11-15 23:45:56 INFO  RaftServerConfigKeys:43 - raft.server.log.queue.element-limit = 1024 (custom)
datanode_3  | 2019-11-15 23:45:54 INFO  RaftServerConfigKeys:43 - raft.server.snapshot.auto.trigger.threshold = 10000 (custom)
scm_1       | 2019-11-15 23:46:01 INFO  PipelineStateManager:134 - Pipeline Pipeline[ Id: a3a9bb08-960e-4418-bff8-757e5ceddddf, Nodes: 88f5d42d-bc08-4ae9-8725-39d6517cb446{ip: 172.18.0.2, host: ozone-om-ha_datanode_2.ozone-om-ha_default, networkLocation: /default-rack, certSerialId: null}, Type:RATIS, Factor:ONE, State:OPEN] moved to OPEN state
datanode_2  | 2019-11-15 23:45:56 INFO  RaftServerConfigKeys:43 - raft.server.log.segment.size.max = 1048576 (custom)
datanode_1  | 2019-11-15 23:45:56 INFO  RaftServerConfigKeys:43 - raft.server.rpc.timeout.min = 5s (custom)
datanode_3  | 2019-11-15 23:45:54 INFO  RaftServerConfigKeys:43 - raft.server.snapshot.retention.file.num = 5 (custom)
scm_1       | 2019-11-15 23:46:14 INFO  PipelineStateManager:134 - Pipeline Pipeline[ Id: c884672e-dbf6-44b9-af1f-fe395a276fa0, Nodes: 6e3d998b-85a8-472c-807b-715f4ded7e8b{ip: 172.18.0.5, host: ozone-om-ha_datanode_3.ozone-om-ha_default, networkLocation: /default-rack, certSerialId: null}88f5d42d-bc08-4ae9-8725-39d6517cb446{ip: 172.18.0.2, host: ozone-om-ha_datanode_2.ozone-om-ha_default, networkLocation: /default-rack, certSerialId: null}5e6da2d8-63a0-47e4-a23a-57d0bb00b4a2{ip: 172.18.0.7, host: ozone-om-ha_datanode_1.ozone-om-ha_default, networkLocation: /default-rack, certSerialId: null}, Type:RATIS, Factor:THREE, State:OPEN] moved to OPEN state
datanode_2  | 2019-11-15 23:45:56 INFO  RaftServerConfigKeys:43 - raft.server.log.preallocated.size = 16384 (custom)
datanode_1  | 2019-11-15 23:45:56 INFO  RaftServerConfigKeys:43 - raft.server.rpc.timeout.max = 5200ms (custom)
datanode_3  | 2019-11-15 23:45:54 INFO  RaftServerConfigKeys:43 - raft.server.retrycache.expirytime = 600000ms (custom)
datanode_2  | 2019-11-15 23:45:56 INFO  RaftServerConfigKeys:43 - raft.server.log.write.buffer.size = 33554432 (custom)
datanode_1  | 2019-11-15 23:45:56 INFO  RaftServerConfigKeys:43 - raft.server.rpcslowness.timeout = 120s (custom)
datanode_3  | 2019-11-15 23:45:54 WARN  MetricRegistriesImpl:61 - First MetricRegistry has been created without registering reporters. You may need to call MetricRegistries.global().addReportRegistration(...) before.
datanode_2  | 2019-11-15 23:45:56 INFO  RaftServerConfigKeys:43 - raft.server.log.force.sync.num = 128 (default)
datanode_1  | 2019-11-15 23:45:56 INFO  RaftServerConfigKeys:43 - raft.server.sleep.deviation.threshold = 300 (default)
datanode_3  | 2019-11-15 23:45:54 WARN  MetricRegistriesImpl:61 - First MetricRegistry has been created without registering reporters. You may need to call MetricRegistries.global().addReportRegistration(...) before.
datanode_2  | 2019-11-15 23:45:56 INFO  RaftServerConfigKeys:43 - raft.server.log.statemachine.data.sync = true (default)
datanode_1  | 2019-11-15 23:45:56 INFO  RaftServerConfigKeys:43 - raft.server.log.appender.install.snapshot.enabled = false (custom)
datanode_3  | 2019-11-15 23:45:54 INFO  RaftServerImpl:184 - 6e3d998b-85a8-472c-807b-715f4ded7e8b@group-00CFA189CCEF: start as a follower, conf=-1: [6e3d998b-85a8-472c-807b-715f4ded7e8b:172.18.0.5:9858], old=null
datanode_2  | 2019-11-15 23:45:56 INFO  RaftServerConfigKeys:43 - raft.server.log.statemachine.data.sync.timeout = 10s (default)
datanode_1  | 2019-11-15 23:45:56 INFO  RaftServerImpl:103 - 5e6da2d8-63a0-47e4-a23a-57d0bb00b4a2@group-FE395A276FA0: ConfigurationManager, init=-1: [6e3d998b-85a8-472c-807b-715f4ded7e8b:172.18.0.5:9858, 88f5d42d-bc08-4ae9-8725-39d6517cb446:172.18.0.2:9858, 5e6da2d8-63a0-47e4-a23a-57d0bb00b4a2:172.18.0.7:9858], old=null, confs=<EMPTY_MAP>
datanode_3  | 2019-11-15 23:45:54 INFO  RaftServerImpl:173 - 6e3d998b-85a8-472c-807b-715f4ded7e8b@group-00CFA189CCEF: changes role from      null to FOLLOWER at term 0 for startAsFollower
datanode_2  | 2019-11-15 23:45:56 INFO  RaftServerConfigKeys:43 - raft.server.log.statemachine.data.sync.timeout.retry = -1 (default)
datanode_1  | 2019-11-15 23:45:56 INFO  RaftServerConfigKeys:43 - raft.server.storage.dir = [/data/metadata/ratis] (custom)
datanode_3  | 2019-11-15 23:45:54 INFO  RoleInfo:143 - 6e3d998b-85a8-472c-807b-715f4ded7e8b: start FollowerState
datanode_2  | 2019-11-15 23:45:56 INFO  RaftServerConfigKeys:43 - raft.server.log.statemachine.data.caching.enabled = true (custom)
datanode_1  | 2019-11-15 23:45:56 INFO  RaftServerConfigKeys:43 - raft.server.log.corruption.policy = EXCEPTION (default)
datanode_2  | 2019-11-15 23:45:56 INFO  SegmentedRaftLogWorker:128 - 88f5d42d-bc08-4ae9-8725-39d6517cb446@group-757E5CEDDDDF-SegmentedRaftLogWorker: flushIndex: setUnconditionally 0 -> -1
datanode_3  | 2019-11-15 23:45:54 INFO  JmxRegister:44 - Successfully registered JMX Bean with object name Ratis:service=RaftServer,group=group-00CFA189CCEF,id=6e3d998b-85a8-472c-807b-715f4ded7e8b
datanode_1  | 2019-11-15 23:45:56 INFO  RaftStorageDirectory:246 - The storage directory /data/metadata/ratis/c884672e-dbf6-44b9-af1f-fe395a276fa0 does not exist. Creating ...
datanode_2  | 2019-11-15 23:45:56 INFO  RaftServerConfigKeys:43 - raft.server.snapshot.auto.trigger.enabled = true (custom)
datanode_3  | 2019-11-15 23:45:54 WARN  MetricRegistriesImpl:61 - First MetricRegistry has been created without registering reporters. You may need to call MetricRegistries.global().addReportRegistration(...) before.
datanode_1  | 2019-11-15 23:45:56 INFO  RaftStorageDirectory:328 - Lock on /data/metadata/ratis/c884672e-dbf6-44b9-af1f-fe395a276fa0/in_use.lock acquired by nodename 16@3f7273417773
datanode_2  | 2019-11-15 23:45:56 INFO  RaftServerConfigKeys:43 - raft.server.snapshot.auto.trigger.threshold = 10000 (custom)
datanode_3  | 2019-11-15 23:45:56 INFO  RaftServerProxy:89 - 6e3d998b-85a8-472c-807b-715f4ded7e8b: addNew group-FE395A276FA0:[6e3d998b-85a8-472c-807b-715f4ded7e8b:172.18.0.5:9858, 88f5d42d-bc08-4ae9-8725-39d6517cb446:172.18.0.2:9858, 5e6da2d8-63a0-47e4-a23a-57d0bb00b4a2:172.18.0.7:9858] returns group-FE395A276FA0:java.util.concurrent.CompletableFuture@2246a6a8[Not completed]
datanode_1  | 2019-11-15 23:45:56 INFO  RaftStorage:84 - Storage directory /data/metadata/ratis/c884672e-dbf6-44b9-af1f-fe395a276fa0 has been successfully formatted.
datanode_2  | 2019-11-15 23:45:56 INFO  RaftServerConfigKeys:43 - raft.server.snapshot.retention.file.num = 5 (custom)
datanode_3  | 2019-11-15 23:45:56 INFO  RaftServerImpl:98 - 6e3d998b-85a8-472c-807b-715f4ded7e8b: new RaftServerImpl for group-FE395A276FA0:[6e3d998b-85a8-472c-807b-715f4ded7e8b:172.18.0.5:9858, 88f5d42d-bc08-4ae9-8725-39d6517cb446:172.18.0.2:9858, 5e6da2d8-63a0-47e4-a23a-57d0bb00b4a2:172.18.0.7:9858] with ContainerStateMachine:uninitialized
datanode_1  | 2019-11-15 23:45:56 INFO  ContainerStateMachine:223 - group-FE395A276FA0: The snapshot info is null. Setting the last applied indexto:(t:0, i:~)
datanode_2  | 2019-11-15 23:45:56 INFO  RaftServerConfigKeys:43 - raft.server.retrycache.expirytime = 600000ms (custom)
datanode_1  | 2019-11-15 23:45:56 INFO  RaftServerConfigKeys:43 - raft.server.notification.no-leader.timeout = 120s (custom)
datanode_3  | 2019-11-15 23:45:56 INFO  RaftServerConfigKeys:43 - raft.server.rpc.timeout.min = 5s (custom)
datanode_2  | 2019-11-15 23:45:56 WARN  MetricRegistriesImpl:61 - First MetricRegistry has been created without registering reporters. You may need to call MetricRegistries.global().addReportRegistration(...) before.
datanode_1  | 2019-11-15 23:45:56 INFO  RaftServerConfigKeys:43 - raft.server.log.use.memory = false (default)
datanode_3  | 2019-11-15 23:45:56 INFO  RaftServerConfigKeys:43 - raft.server.rpc.timeout.max = 5200ms (custom)
datanode_2  | 2019-11-15 23:45:56 WARN  MetricRegistriesImpl:61 - First MetricRegistry has been created without registering reporters. You may need to call MetricRegistries.global().addReportRegistration(...) before.
datanode_1  | 2019-11-15 23:45:56 INFO  RaftServerConfigKeys:43 - raft.server.log.purge.gap = 1000000 (custom)
datanode_2  | 2019-11-15 23:45:56 INFO  RaftServerImpl:184 - 88f5d42d-bc08-4ae9-8725-39d6517cb446@group-757E5CEDDDDF: start as a follower, conf=-1: [88f5d42d-bc08-4ae9-8725-39d6517cb446:172.18.0.2:9858], old=null
datanode_1  | 2019-11-15 23:45:56 INFO  RaftServerConfigKeys:43 - raft.server.log.appender.buffer.byte-limit = 33554432 (custom)
datanode_3  | 2019-11-15 23:45:56 INFO  RaftServerConfigKeys:43 - raft.server.rpcslowness.timeout = 120s (custom)
datanode_2  | 2019-11-15 23:45:56 INFO  RaftServerImpl:173 - 88f5d42d-bc08-4ae9-8725-39d6517cb446@group-757E5CEDDDDF: changes role from      null to FOLLOWER at term 0 for startAsFollower
datanode_1  | 2019-11-15 23:45:56 INFO  RaftServerConfigKeys:43 - raft.server.log.segment.size.max = 1048576 (custom)
datanode_3  | 2019-11-15 23:45:56 INFO  RaftServerConfigKeys:43 - raft.server.sleep.deviation.threshold = 300 (default)
datanode_2  | 2019-11-15 23:45:56 INFO  RoleInfo:143 - 88f5d42d-bc08-4ae9-8725-39d6517cb446: start FollowerState
datanode_1  | 2019-11-15 23:45:56 INFO  RaftServerConfigKeys:43 - raft.server.log.segment.cache.num.max = 2 (custom)
datanode_3  | 2019-11-15 23:45:56 INFO  RaftServerConfigKeys:43 - raft.server.log.appender.install.snapshot.enabled = false (custom)
datanode_2  | 2019-11-15 23:45:56 INFO  JmxRegister:44 - Successfully registered JMX Bean with object name Ratis:service=RaftServer,group=group-757E5CEDDDDF,id=88f5d42d-bc08-4ae9-8725-39d6517cb446
datanode_1  | 2019-11-15 23:45:56 INFO  SegmentedRaftLogWorker:173 - new 5e6da2d8-63a0-47e4-a23a-57d0bb00b4a2@group-FE395A276FA0-SegmentedRaftLogWorker for RaftStorage:Storage Directory /data/metadata/ratis/c884672e-dbf6-44b9-af1f-fe395a276fa0
datanode_2  | 2019-11-15 23:45:56 WARN  MetricRegistriesImpl:61 - First MetricRegistry has been created without registering reporters. You may need to call MetricRegistries.global().addReportRegistration(...) before.
datanode_3  | 2019-11-15 23:45:56 INFO  RaftServerImpl:103 - 6e3d998b-85a8-472c-807b-715f4ded7e8b@group-FE395A276FA0: ConfigurationManager, init=-1: [6e3d998b-85a8-472c-807b-715f4ded7e8b:172.18.0.5:9858, 88f5d42d-bc08-4ae9-8725-39d6517cb446:172.18.0.2:9858, 5e6da2d8-63a0-47e4-a23a-57d0bb00b4a2:172.18.0.7:9858], old=null, confs=<EMPTY_MAP>
datanode_3  | 2019-11-15 23:45:56 INFO  RaftServerConfigKeys:43 - raft.server.storage.dir = [/data/metadata/ratis] (custom)
datanode_2  | 2019-11-15 23:45:56 INFO  RaftServerProxy:89 - 88f5d42d-bc08-4ae9-8725-39d6517cb446: addNew group-FE395A276FA0:[6e3d998b-85a8-472c-807b-715f4ded7e8b:172.18.0.5:9858, 88f5d42d-bc08-4ae9-8725-39d6517cb446:172.18.0.2:9858, 5e6da2d8-63a0-47e4-a23a-57d0bb00b4a2:172.18.0.7:9858] returns group-FE395A276FA0:java.util.concurrent.CompletableFuture@59dbac2b[Not completed]
datanode_1  | 2019-11-15 23:45:56 INFO  RaftServerConfigKeys:43 - raft.server.log.queue.byte-limit = 2147483647 (custom)
datanode_3  | 2019-11-15 23:45:56 INFO  RaftServerConfigKeys:43 - raft.server.log.corruption.policy = EXCEPTION (default)
datanode_2  | 2019-11-15 23:45:56 INFO  RaftServerImpl:98 - 88f5d42d-bc08-4ae9-8725-39d6517cb446: new RaftServerImpl for group-FE395A276FA0:[6e3d998b-85a8-472c-807b-715f4ded7e8b:172.18.0.5:9858, 88f5d42d-bc08-4ae9-8725-39d6517cb446:172.18.0.2:9858, 5e6da2d8-63a0-47e4-a23a-57d0bb00b4a2:172.18.0.7:9858] with ContainerStateMachine:uninitialized
datanode_3  | 2019-11-15 23:45:56 INFO  RaftStorageDirectory:246 - The storage directory /data/metadata/ratis/c884672e-dbf6-44b9-af1f-fe395a276fa0 does not exist. Creating ...
datanode_1  | 2019-11-15 23:45:56 INFO  RaftServerConfigKeys:43 - raft.server.log.queue.element-limit = 1024 (custom)
datanode_2  | 2019-11-15 23:45:56 INFO  RaftServerConfigKeys:43 - raft.server.rpc.timeout.min = 5s (custom)
datanode_3  | 2019-11-15 23:45:56 INFO  RaftStorageDirectory:328 - Lock on /data/metadata/ratis/c884672e-dbf6-44b9-af1f-fe395a276fa0/in_use.lock acquired by nodename 16@19339678f6a1
datanode_2  | 2019-11-15 23:45:56 INFO  RaftServerConfigKeys:43 - raft.server.rpc.timeout.max = 5200ms (custom)
datanode_3  | 2019-11-15 23:45:56 INFO  RaftStorage:84 - Storage directory /data/metadata/ratis/c884672e-dbf6-44b9-af1f-fe395a276fa0 has been successfully formatted.
datanode_1  | 2019-11-15 23:45:56 INFO  RaftServerConfigKeys:43 - raft.server.log.segment.size.max = 1048576 (custom)
datanode_2  | 2019-11-15 23:45:56 INFO  RaftServerConfigKeys:43 - raft.server.rpcslowness.timeout = 120s (custom)
datanode_1  | 2019-11-15 23:45:56 INFO  RaftServerConfigKeys:43 - raft.server.log.preallocated.size = 16384 (custom)
datanode_3  | 2019-11-15 23:45:56 INFO  ContainerStateMachine:223 - group-FE395A276FA0: The snapshot info is null. Setting the last applied indexto:(t:0, i:~)
datanode_2  | 2019-11-15 23:45:56 INFO  RaftServerConfigKeys:43 - raft.server.sleep.deviation.threshold = 300 (default)
datanode_1  | 2019-11-15 23:45:56 INFO  RaftServerConfigKeys:43 - raft.server.log.write.buffer.size = 33554432 (custom)
datanode_2  | 2019-11-15 23:45:56 INFO  RaftServerConfigKeys:43 - raft.server.log.appender.install.snapshot.enabled = false (custom)
datanode_3  | 2019-11-15 23:45:56 INFO  RaftServerConfigKeys:43 - raft.server.notification.no-leader.timeout = 120s (custom)
datanode_1  | 2019-11-15 23:45:56 INFO  RaftServerConfigKeys:43 - raft.server.log.force.sync.num = 128 (default)
datanode_3  | 2019-11-15 23:45:56 INFO  RaftServerConfigKeys:43 - raft.server.log.use.memory = false (default)
datanode_2  | 2019-11-15 23:45:56 INFO  RaftServerImpl:103 - 88f5d42d-bc08-4ae9-8725-39d6517cb446@group-FE395A276FA0: ConfigurationManager, init=-1: [6e3d998b-85a8-472c-807b-715f4ded7e8b:172.18.0.5:9858, 88f5d42d-bc08-4ae9-8725-39d6517cb446:172.18.0.2:9858, 5e6da2d8-63a0-47e4-a23a-57d0bb00b4a2:172.18.0.7:9858], old=null, confs=<EMPTY_MAP>
datanode_1  | 2019-11-15 23:45:56 INFO  RaftServerConfigKeys:43 - raft.server.log.statemachine.data.sync = true (default)
datanode_3  | 2019-11-15 23:45:56 INFO  RaftServerConfigKeys:43 - raft.server.log.purge.gap = 1000000 (custom)
datanode_2  | 2019-11-15 23:45:56 INFO  RaftServerConfigKeys:43 - raft.server.storage.dir = [/data/metadata/ratis] (custom)
datanode_1  | 2019-11-15 23:45:56 INFO  RaftServerConfigKeys:43 - raft.server.log.statemachine.data.sync.timeout = 10s (default)
datanode_3  | 2019-11-15 23:45:56 INFO  RaftServerConfigKeys:43 - raft.server.log.appender.buffer.byte-limit = 33554432 (custom)
datanode_2  | 2019-11-15 23:45:56 INFO  RaftServerConfigKeys:43 - raft.server.log.corruption.policy = EXCEPTION (default)
datanode_1  | 2019-11-15 23:45:56 INFO  RaftServerConfigKeys:43 - raft.server.log.statemachine.data.sync.timeout.retry = -1 (default)
datanode_3  | 2019-11-15 23:45:56 INFO  RaftServerConfigKeys:43 - raft.server.log.segment.size.max = 1048576 (custom)
datanode_2  | 2019-11-15 23:45:56 INFO  RaftStorageDirectory:246 - The storage directory /data/metadata/ratis/c884672e-dbf6-44b9-af1f-fe395a276fa0 does not exist. Creating ...
datanode_3  | 2019-11-15 23:45:56 INFO  RaftServerConfigKeys:43 - raft.server.log.segment.cache.num.max = 2 (custom)
datanode_1  | 2019-11-15 23:45:56 INFO  RaftServerConfigKeys:43 - raft.server.log.statemachine.data.caching.enabled = true (custom)
datanode_2  | 2019-11-15 23:45:56 INFO  RaftStorageDirectory:328 - Lock on /data/metadata/ratis/c884672e-dbf6-44b9-af1f-fe395a276fa0/in_use.lock acquired by nodename 17@0bb20afbd9b4
datanode_3  | 2019-11-15 23:45:56 INFO  SegmentedRaftLogWorker:173 - new 6e3d998b-85a8-472c-807b-715f4ded7e8b@group-FE395A276FA0-SegmentedRaftLogWorker for RaftStorage:Storage Directory /data/metadata/ratis/c884672e-dbf6-44b9-af1f-fe395a276fa0
datanode_1  | 2019-11-15 23:45:56 INFO  SegmentedRaftLogWorker:128 - 5e6da2d8-63a0-47e4-a23a-57d0bb00b4a2@group-FE395A276FA0-SegmentedRaftLogWorker: flushIndex: setUnconditionally 0 -> -1
datanode_2  | 2019-11-15 23:45:56 INFO  RaftStorage:84 - Storage directory /data/metadata/ratis/c884672e-dbf6-44b9-af1f-fe395a276fa0 has been successfully formatted.
datanode_1  | 2019-11-15 23:45:56 INFO  RaftServerConfigKeys:43 - raft.server.snapshot.auto.trigger.enabled = true (custom)
datanode_2  | 2019-11-15 23:45:56 INFO  ContainerStateMachine:223 - group-FE395A276FA0: The snapshot info is null. Setting the last applied indexto:(t:0, i:~)
datanode_2  | 2019-11-15 23:45:56 INFO  RaftServerConfigKeys:43 - raft.server.notification.no-leader.timeout = 120s (custom)
datanode_1  | 2019-11-15 23:45:56 INFO  RaftServerConfigKeys:43 - raft.server.snapshot.auto.trigger.threshold = 10000 (custom)
datanode_1  | 2019-11-15 23:45:56 INFO  RaftServerConfigKeys:43 - raft.server.snapshot.retention.file.num = 5 (custom)
datanode_2  | 2019-11-15 23:45:56 INFO  RaftServerConfigKeys:43 - raft.server.log.use.memory = false (default)
datanode_3  | 2019-11-15 23:45:56 INFO  RaftServerConfigKeys:43 - raft.server.log.queue.byte-limit = 2147483647 (custom)
datanode_1  | 2019-11-15 23:45:56 INFO  RaftServerConfigKeys:43 - raft.server.retrycache.expirytime = 600000ms (custom)
datanode_2  | 2019-11-15 23:45:56 INFO  RaftServerConfigKeys:43 - raft.server.log.purge.gap = 1000000 (custom)
datanode_2  | 2019-11-15 23:45:56 INFO  RaftServerConfigKeys:43 - raft.server.log.appender.buffer.byte-limit = 33554432 (custom)
datanode_2  | 2019-11-15 23:45:56 INFO  RaftServerConfigKeys:43 - raft.server.log.segment.size.max = 1048576 (custom)
datanode_3  | 2019-11-15 23:45:56 INFO  RaftServerConfigKeys:43 - raft.server.log.queue.element-limit = 1024 (custom)
datanode_1  | 2019-11-15 23:45:56 WARN  MetricRegistriesImpl:61 - First MetricRegistry has been created without registering reporters. You may need to call MetricRegistries.global().addReportRegistration(...) before.
datanode_2  | 2019-11-15 23:45:56 INFO  RaftServerConfigKeys:43 - raft.server.log.segment.cache.num.max = 2 (custom)
datanode_3  | 2019-11-15 23:45:56 INFO  RaftServerConfigKeys:43 - raft.server.log.segment.size.max = 1048576 (custom)
datanode_1  | 2019-11-15 23:45:56 WARN  MetricRegistriesImpl:61 - First MetricRegistry has been created without registering reporters. You may need to call MetricRegistries.global().addReportRegistration(...) before.
datanode_2  | 2019-11-15 23:45:56 INFO  SegmentedRaftLogWorker:173 - new 88f5d42d-bc08-4ae9-8725-39d6517cb446@group-FE395A276FA0-SegmentedRaftLogWorker for RaftStorage:Storage Directory /data/metadata/ratis/c884672e-dbf6-44b9-af1f-fe395a276fa0
datanode_3  | 2019-11-15 23:45:56 INFO  RaftServerConfigKeys:43 - raft.server.log.preallocated.size = 16384 (custom)
datanode_1  | 2019-11-15 23:45:56 INFO  RaftServerImpl:184 - 5e6da2d8-63a0-47e4-a23a-57d0bb00b4a2@group-FE395A276FA0: start as a follower, conf=-1: [6e3d998b-85a8-472c-807b-715f4ded7e8b:172.18.0.5:9858, 88f5d42d-bc08-4ae9-8725-39d6517cb446:172.18.0.2:9858, 5e6da2d8-63a0-47e4-a23a-57d0bb00b4a2:172.18.0.7:9858], old=null
datanode_2  | 2019-11-15 23:45:56 INFO  RaftServerConfigKeys:43 - raft.server.log.queue.byte-limit = 2147483647 (custom)
datanode_1  | 2019-11-15 23:45:56 INFO  RaftServerImpl:173 - 5e6da2d8-63a0-47e4-a23a-57d0bb00b4a2@group-FE395A276FA0: changes role from      null to FOLLOWER at term 0 for startAsFollower
datanode_2  | 2019-11-15 23:45:56 INFO  RaftServerConfigKeys:43 - raft.server.log.queue.element-limit = 1024 (custom)
datanode_1  | 2019-11-15 23:45:56 INFO  RoleInfo:143 - 5e6da2d8-63a0-47e4-a23a-57d0bb00b4a2: start FollowerState
datanode_3  | 2019-11-15 23:45:56 INFO  RaftServerConfigKeys:43 - raft.server.log.write.buffer.size = 33554432 (custom)
datanode_1  | 2019-11-15 23:45:56 INFO  JmxRegister:44 - Successfully registered JMX Bean with object name Ratis:service=RaftServer,group=group-FE395A276FA0,id=5e6da2d8-63a0-47e4-a23a-57d0bb00b4a2
datanode_3  | 2019-11-15 23:45:56 INFO  RaftServerConfigKeys:43 - raft.server.log.force.sync.num = 128 (default)
datanode_2  | 2019-11-15 23:45:56 INFO  RaftServerConfigKeys:43 - raft.server.log.segment.size.max = 1048576 (custom)
datanode_1  | 2019-11-15 23:45:56 WARN  MetricRegistriesImpl:61 - First MetricRegistry has been created without registering reporters. You may need to call MetricRegistries.global().addReportRegistration(...) before.
datanode_3  | 2019-11-15 23:45:56 INFO  RaftServerConfigKeys:43 - raft.server.log.statemachine.data.sync = true (default)
datanode_2  | 2019-11-15 23:45:56 INFO  RaftServerConfigKeys:43 - raft.server.log.preallocated.size = 16384 (custom)
datanode_1  | 2019-11-15 23:46:00 INFO  FollowerState:111 - 5e6da2d8-63a0-47e4-a23a-57d0bb00b4a2@group-5D2A840C33B4-FollowerState: change to CANDIDATE, lastRpcTime:5037ms, electionTimeout:5036ms
datanode_3  | 2019-11-15 23:45:56 INFO  RaftServerConfigKeys:43 - raft.server.log.statemachine.data.sync.timeout = 10s (default)
datanode_2  | 2019-11-15 23:45:56 INFO  RaftServerConfigKeys:43 - raft.server.log.write.buffer.size = 33554432 (custom)
datanode_1  | 2019-11-15 23:46:00 INFO  RoleInfo:121 - 5e6da2d8-63a0-47e4-a23a-57d0bb00b4a2: shutdown FollowerState
datanode_3  | 2019-11-15 23:45:56 INFO  RaftServerConfigKeys:43 - raft.server.log.statemachine.data.sync.timeout.retry = -1 (default)
datanode_2  | 2019-11-15 23:45:56 INFO  RaftServerConfigKeys:43 - raft.server.log.force.sync.num = 128 (default)
datanode_1  | 2019-11-15 23:46:00 INFO  RaftServerImpl:173 - 5e6da2d8-63a0-47e4-a23a-57d0bb00b4a2@group-5D2A840C33B4: changes role from  FOLLOWER to CANDIDATE at term 0 for changeToCandidate
datanode_2  | 2019-11-15 23:45:56 INFO  RaftServerConfigKeys:43 - raft.server.log.statemachine.data.sync = true (default)
datanode_1  | 2019-11-15 23:46:00 INFO  RoleInfo:143 - 5e6da2d8-63a0-47e4-a23a-57d0bb00b4a2: start LeaderElection
datanode_1  | 2019-11-15 23:46:00 INFO  LeaderElection:178 - 5e6da2d8-63a0-47e4-a23a-57d0bb00b4a2@group-5D2A840C33B4-LeaderElection1: begin an election at term 1 for -1: [5e6da2d8-63a0-47e4-a23a-57d0bb00b4a2:172.18.0.7:9858], old=null
datanode_3  | 2019-11-15 23:45:56 INFO  RaftServerConfigKeys:43 - raft.server.log.statemachine.data.caching.enabled = true (custom)
datanode_3  | 2019-11-15 23:45:56 INFO  SegmentedRaftLogWorker:128 - 6e3d998b-85a8-472c-807b-715f4ded7e8b@group-FE395A276FA0-SegmentedRaftLogWorker: flushIndex: setUnconditionally 0 -> -1
datanode_1  | 2019-11-15 23:46:00 INFO  RoleInfo:134 - 5e6da2d8-63a0-47e4-a23a-57d0bb00b4a2: shutdown LeaderElection
datanode_2  | 2019-11-15 23:45:56 INFO  RaftServerConfigKeys:43 - raft.server.log.statemachine.data.sync.timeout = 10s (default)
datanode_3  | 2019-11-15 23:45:56 INFO  RaftServerConfigKeys:43 - raft.server.snapshot.auto.trigger.enabled = true (custom)
datanode_1  | 2019-11-15 23:46:00 INFO  RaftServerImpl:173 - 5e6da2d8-63a0-47e4-a23a-57d0bb00b4a2@group-5D2A840C33B4: changes role from CANDIDATE to LEADER at term 1 for changeToLeader
datanode_2  | 2019-11-15 23:45:56 INFO  RaftServerConfigKeys:43 - raft.server.log.statemachine.data.sync.timeout.retry = -1 (default)
datanode_1  | 2019-11-15 23:46:00 INFO  XceiverServerRatis:697 - Leader change notification received for group: group-5D2A840C33B4 with new leaderId: 5e6da2d8-63a0-47e4-a23a-57d0bb00b4a2
datanode_2  | 2019-11-15 23:45:56 INFO  RaftServerConfigKeys:43 - raft.server.log.statemachine.data.caching.enabled = true (custom)
datanode_1  | 2019-11-15 23:46:00 INFO  RaftServerImpl:255 - 5e6da2d8-63a0-47e4-a23a-57d0bb00b4a2@group-5D2A840C33B4: change Leader from null to 5e6da2d8-63a0-47e4-a23a-57d0bb00b4a2 at term 1 for becomeLeader, leader elected after 5149ms
datanode_2  | 2019-11-15 23:45:56 INFO  SegmentedRaftLogWorker:128 - 88f5d42d-bc08-4ae9-8725-39d6517cb446@group-FE395A276FA0-SegmentedRaftLogWorker: flushIndex: setUnconditionally 0 -> -1
datanode_3  | 2019-11-15 23:45:56 INFO  RaftServerConfigKeys:43 - raft.server.snapshot.auto.trigger.threshold = 10000 (custom)
datanode_1  | 2019-11-15 23:46:00 INFO  RaftServerConfigKeys:43 - raft.server.staging.catchup.gap = 1000 (default)
datanode_2  | 2019-11-15 23:45:56 INFO  RaftServerConfigKeys:43 - raft.server.snapshot.auto.trigger.enabled = true (custom)
datanode_1  | 2019-11-15 23:46:00 INFO  RaftServerConfigKeys:43 - raft.server.rpc.sleep.time = 25ms (default)
datanode_2  | 2019-11-15 23:45:56 INFO  RaftServerConfigKeys:43 - raft.server.snapshot.auto.trigger.threshold = 10000 (custom)
datanode_3  | 2019-11-15 23:45:56 INFO  RaftServerConfigKeys:43 - raft.server.snapshot.retention.file.num = 5 (custom)
datanode_1  | 2019-11-15 23:46:00 INFO  RaftServerConfigKeys:43 - raft.server.write.element-limit = 4096 (default)
datanode_2  | 2019-11-15 23:45:56 INFO  RaftServerConfigKeys:43 - raft.server.snapshot.retention.file.num = 5 (custom)
datanode_3  | 2019-11-15 23:45:56 INFO  RaftServerConfigKeys:43 - raft.server.retrycache.expirytime = 600000ms (custom)
datanode_1  | 2019-11-15 23:46:00 INFO  RaftServerConfigKeys:43 - raft.server.watch.timeout = 10s (default)
datanode_2  | 2019-11-15 23:45:56 INFO  RaftServerConfigKeys:43 - raft.server.retrycache.expirytime = 600000ms (custom)
datanode_1  | 2019-11-15 23:46:00 INFO  RaftServerConfigKeys:43 - raft.server.watch.timeout.denomination = 1s (default)
datanode_2  | 2019-11-15 23:45:56 WARN  MetricRegistriesImpl:61 - First MetricRegistry has been created without registering reporters. You may need to call MetricRegistries.global().addReportRegistration(...) before.
datanode_3  | 2019-11-15 23:45:56 WARN  MetricRegistriesImpl:61 - First MetricRegistry has been created without registering reporters. You may need to call MetricRegistries.global().addReportRegistration(...) before.
datanode_1  | 2019-11-15 23:46:00 INFO  RaftServerConfigKeys:43 - raft.server.watch.element-limit = 65536 (default)
datanode_2  | 2019-11-15 23:45:56 WARN  MetricRegistriesImpl:61 - First MetricRegistry has been created without registering reporters. You may need to call MetricRegistries.global().addReportRegistration(...) before.
datanode_3  | 2019-11-15 23:45:56 WARN  MetricRegistriesImpl:61 - First MetricRegistry has been created without registering reporters. You may need to call MetricRegistries.global().addReportRegistration(...) before.
datanode_1  | 2019-11-15 23:46:00 INFO  RoleInfo:143 - 5e6da2d8-63a0-47e4-a23a-57d0bb00b4a2: start LeaderState
datanode_2  | 2019-11-15 23:45:56 INFO  RaftServerImpl:184 - 88f5d42d-bc08-4ae9-8725-39d6517cb446@group-FE395A276FA0: start as a follower, conf=-1: [6e3d998b-85a8-472c-807b-715f4ded7e8b:172.18.0.5:9858, 88f5d42d-bc08-4ae9-8725-39d6517cb446:172.18.0.2:9858, 5e6da2d8-63a0-47e4-a23a-57d0bb00b4a2:172.18.0.7:9858], old=null
datanode_1  | 2019-11-15 23:46:00 INFO  SegmentedRaftLogWorker:385 - 5e6da2d8-63a0-47e4-a23a-57d0bb00b4a2@group-5D2A840C33B4-SegmentedRaftLogWorker: Starting segment from index:0
datanode_3  | 2019-11-15 23:45:56 INFO  RaftServerImpl:184 - 6e3d998b-85a8-472c-807b-715f4ded7e8b@group-FE395A276FA0: start as a follower, conf=-1: [6e3d998b-85a8-472c-807b-715f4ded7e8b:172.18.0.5:9858, 88f5d42d-bc08-4ae9-8725-39d6517cb446:172.18.0.2:9858, 5e6da2d8-63a0-47e4-a23a-57d0bb00b4a2:172.18.0.7:9858], old=null
datanode_2  | 2019-11-15 23:45:56 INFO  RaftServerImpl:173 - 88f5d42d-bc08-4ae9-8725-39d6517cb446@group-FE395A276FA0: changes role from      null to FOLLOWER at term 0 for startAsFollower
datanode_3  | 2019-11-15 23:45:56 INFO  RaftServerImpl:173 - 6e3d998b-85a8-472c-807b-715f4ded7e8b@group-FE395A276FA0: changes role from      null to FOLLOWER at term 0 for startAsFollower
datanode_1  | 2019-11-15 23:46:00 INFO  RaftServerImpl:356 - 5e6da2d8-63a0-47e4-a23a-57d0bb00b4a2@group-5D2A840C33B4: set configuration 0: [5e6da2d8-63a0-47e4-a23a-57d0bb00b4a2:172.18.0.7:9858], old=null at 0
datanode_2  | 2019-11-15 23:45:56 INFO  RoleInfo:143 - 88f5d42d-bc08-4ae9-8725-39d6517cb446: start FollowerState
datanode_3  | 2019-11-15 23:45:56 INFO  RoleInfo:143 - 6e3d998b-85a8-472c-807b-715f4ded7e8b: start FollowerState
datanode_1  | 2019-11-15 23:46:00 INFO  SegmentedRaftLogWorker:576 - 5e6da2d8-63a0-47e4-a23a-57d0bb00b4a2@group-5D2A840C33B4-SegmentedRaftLogWorker: created new log segment /data/metadata/ratis/ee82c57d-0b41-489f-9852-5d2a840c33b4/current/log_inprogress_0
datanode_2  | 2019-11-15 23:45:56 INFO  JmxRegister:44 - Successfully registered JMX Bean with object name Ratis:service=RaftServer,group=group-FE395A276FA0,id=88f5d42d-bc08-4ae9-8725-39d6517cb446
datanode_3  | 2019-11-15 23:45:56 INFO  JmxRegister:44 - Successfully registered JMX Bean with object name Ratis:service=RaftServer,group=group-FE395A276FA0,id=6e3d998b-85a8-472c-807b-715f4ded7e8b
datanode_1  | 2019-11-15 23:46:01 INFO  FollowerState:111 - 5e6da2d8-63a0-47e4-a23a-57d0bb00b4a2@group-FE395A276FA0-FollowerState: change to CANDIDATE, lastRpcTime:5048ms, electionTimeout:5048ms
datanode_2  | 2019-11-15 23:45:56 WARN  MetricRegistriesImpl:61 - First MetricRegistry has been created without registering reporters. You may need to call MetricRegistries.global().addReportRegistration(...) before.
datanode_3  | 2019-11-15 23:45:56 WARN  MetricRegistriesImpl:61 - First MetricRegistry has been created without registering reporters. You may need to call MetricRegistries.global().addReportRegistration(...) before.
datanode_1  | 2019-11-15 23:46:01 INFO  RoleInfo:121 - 5e6da2d8-63a0-47e4-a23a-57d0bb00b4a2: shutdown FollowerState
datanode_2  | 2019-11-15 23:46:01 INFO  FollowerState:111 - 88f5d42d-bc08-4ae9-8725-39d6517cb446@group-757E5CEDDDDF-FollowerState: change to CANDIDATE, lastRpcTime:5158ms, electionTimeout:5157ms
datanode_3  | 2019-11-15 23:46:00 INFO  FollowerState:111 - 6e3d998b-85a8-472c-807b-715f4ded7e8b@group-00CFA189CCEF-FollowerState: change to CANDIDATE, lastRpcTime:5170ms, electionTimeout:5169ms
datanode_1  | 2019-11-15 23:46:01 INFO  RaftServerImpl:173 - 5e6da2d8-63a0-47e4-a23a-57d0bb00b4a2@group-FE395A276FA0: changes role from  FOLLOWER to CANDIDATE at term 0 for changeToCandidate
datanode_2  | 2019-11-15 23:46:01 INFO  RoleInfo:121 - 88f5d42d-bc08-4ae9-8725-39d6517cb446: shutdown FollowerState
datanode_3  | 2019-11-15 23:46:00 INFO  RoleInfo:121 - 6e3d998b-85a8-472c-807b-715f4ded7e8b: shutdown FollowerState
datanode_2  | 2019-11-15 23:46:01 INFO  RaftServerImpl:173 - 88f5d42d-bc08-4ae9-8725-39d6517cb446@group-757E5CEDDDDF: changes role from  FOLLOWER to CANDIDATE at term 0 for changeToCandidate
datanode_1  | 2019-11-15 23:46:01 INFO  RoleInfo:143 - 5e6da2d8-63a0-47e4-a23a-57d0bb00b4a2: start LeaderElection
datanode_3  | 2019-11-15 23:46:00 INFO  RaftServerImpl:173 - 6e3d998b-85a8-472c-807b-715f4ded7e8b@group-00CFA189CCEF: changes role from  FOLLOWER to CANDIDATE at term 0 for changeToCandidate
datanode_2  | 2019-11-15 23:46:01 INFO  RoleInfo:143 - 88f5d42d-bc08-4ae9-8725-39d6517cb446: start LeaderElection
datanode_1  | 2019-11-15 23:46:03 INFO  LeaderElection:178 - 5e6da2d8-63a0-47e4-a23a-57d0bb00b4a2@group-FE395A276FA0-LeaderElection2: begin an election at term 1 for -1: [6e3d998b-85a8-472c-807b-715f4ded7e8b:172.18.0.5:9858, 88f5d42d-bc08-4ae9-8725-39d6517cb446:172.18.0.2:9858, 5e6da2d8-63a0-47e4-a23a-57d0bb00b4a2:172.18.0.7:9858], old=null
datanode_3  | 2019-11-15 23:46:00 INFO  RoleInfo:143 - 6e3d998b-85a8-472c-807b-715f4ded7e8b: start LeaderElection
datanode_2  | 2019-11-15 23:46:01 INFO  LeaderElection:178 - 88f5d42d-bc08-4ae9-8725-39d6517cb446@group-757E5CEDDDDF-LeaderElection1: begin an election at term 1 for -1: [88f5d42d-bc08-4ae9-8725-39d6517cb446:172.18.0.2:9858], old=null
datanode_1  | 2019-11-15 23:46:03 INFO  LeaderElection:56 - 5e6da2d8-63a0-47e4-a23a-57d0bb00b4a2@group-FE395A276FA0-LeaderElection2: Election REJECTED; received 2 response(s) [5e6da2d8-63a0-47e4-a23a-57d0bb00b4a2<-6e3d998b-85a8-472c-807b-715f4ded7e8b#0:FAIL-t1, 5e6da2d8-63a0-47e4-a23a-57d0bb00b4a2<-88f5d42d-bc08-4ae9-8725-39d6517cb446#0:FAIL-t1] and 0 exception(s); 5e6da2d8-63a0-47e4-a23a-57d0bb00b4a2@group-FE395A276FA0:t1, leader=null, voted=5e6da2d8-63a0-47e4-a23a-57d0bb00b4a2, raftlog=5e6da2d8-63a0-47e4-a23a-57d0bb00b4a2@group-FE395A276FA0-SegmentedRaftLog:OPENED:c-1,f-1,i0, conf=-1: [6e3d998b-85a8-472c-807b-715f4ded7e8b:172.18.0.5:9858, 88f5d42d-bc08-4ae9-8725-39d6517cb446:172.18.0.2:9858, 5e6da2d8-63a0-47e4-a23a-57d0bb00b4a2:172.18.0.7:9858], old=null
datanode_3  | 2019-11-15 23:46:00 INFO  LeaderElection:178 - 6e3d998b-85a8-472c-807b-715f4ded7e8b@group-00CFA189CCEF-LeaderElection1: begin an election at term 1 for -1: [6e3d998b-85a8-472c-807b-715f4ded7e8b:172.18.0.5:9858], old=null
datanode_2  | 2019-11-15 23:46:01 INFO  RoleInfo:134 - 88f5d42d-bc08-4ae9-8725-39d6517cb446: shutdown LeaderElection
datanode_1  | 2019-11-15 23:46:03 INFO  RaftServerImpl:173 - 5e6da2d8-63a0-47e4-a23a-57d0bb00b4a2@group-FE395A276FA0: changes role from CANDIDATE to FOLLOWER at term 1 for DISCOVERED_A_NEW_TERM
datanode_3  | 2019-11-15 23:46:00 INFO  RoleInfo:134 - 6e3d998b-85a8-472c-807b-715f4ded7e8b: shutdown LeaderElection
datanode_1  | 2019-11-15 23:46:03 INFO  RoleInfo:134 - 5e6da2d8-63a0-47e4-a23a-57d0bb00b4a2: shutdown LeaderElection
datanode_2  | 2019-11-15 23:46:01 INFO  RaftServerImpl:173 - 88f5d42d-bc08-4ae9-8725-39d6517cb446@group-757E5CEDDDDF: changes role from CANDIDATE to LEADER at term 1 for changeToLeader
