scm_1       | 2019-10-31 22:59:08,134 INFO http.HttpServer2: Jetty bound to port 9876
nm_1        | 2019-10-31 22:58:45 INFO  HttpServer2:713 - Added filter static_user_filter (class=org.apache.hadoop.http.lib.StaticUserWebFilter$StaticUserFilter) to context logs
om_1        | 2019-10-31 22:59:14,757 INFO server.Server: jetty-9.3.25.v20180904, build timestamp: 2018-09-04T21:11:46Z, git hash: 3ce520221d0240229c862b122d2b06c12a625732
datanode_2  | 2019-10-31 22:59:09,616 INFO server.RaftServerConfigKeys: raft.server.log.use.memory = false (default)
rm_1        | reservationsContinueLooking = true
datanode_1  | 2019-10-31 22:59:10,763 INFO server.RaftServerConfigKeys: raft.server.log.segment.cache.num.max = 2 (custom)
datanode_3  | 2019-10-31 22:59:10,164 INFO server.RaftServerConfigKeys: raft.server.log.purge.gap = 1000000 (custom)
scm_1       | 2019-10-31 22:59:08,136 INFO server.Server: jetty-9.3.25.v20180904, build timestamp: 2018-09-04T21:11:46Z, git hash: 3ce520221d0240229c862b122d2b06c12a625732
nm_1        | 2019-10-31 22:58:45 INFO  HttpServer2:424 - adding path spec: /node/*
om_1        | 2019-10-31 22:59:14,792 INFO handler.ContextHandler: Started o.e.j.s.ServletContextHandler@11c3ff67{/logs,file:///var/log/hadoop/,AVAILABLE}
datanode_2  | 2019-10-31 22:59:09,622 INFO server.RaftServerConfigKeys: raft.server.log.purge.gap = 1000000 (custom)
rm_1        | preemptionDisabled = true
datanode_1  | 2019-10-31 22:59:10,768 INFO segmented.SegmentedRaftLogWorker: new 05bd02c8-50f2-43e4-af00-c9426c1edd52@group-4C5B24DC4998-SegmentedRaftLogWorker for RaftStorage:Storage Directory /data/metadata/ratis/6b71c084-fbd2-4249-8e3b-4c5b24dc4998
datanode_3  | 2019-10-31 22:59:10,164 INFO server.RaftServerConfigKeys: raft.server.log.appender.buffer.byte-limit = 33554432 (custom)
scm_1       | 2019-10-31 22:59:08,180 INFO handler.ContextHandler: Started o.e.j.s.ServletContextHandler@5a67e962{/logs,file:///var/log/hadoop/,AVAILABLE}
nm_1        | 2019-10-31 22:58:45 INFO  HttpServer2:424 - adding path spec: /ws/*
om_1        | 2019-10-31 22:59:14,793 INFO handler.ContextHandler: Started o.e.j.s.ServletContextHandler@7e7f3cfd{/static,jar:file:/opt/hadoop/share/ozone/lib/hadoop-ozone-ozone-manager-0.5.0-SNAPSHOT.jar!/webapps/static,AVAILABLE}
datanode_2  | 2019-10-31 22:59:09,622 INFO server.RaftServerConfigKeys: raft.server.log.appender.buffer.byte-limit = 33554432 (custom)
rm_1        | 
datanode_1  | 2019-10-31 22:59:10,768 INFO server.RaftServerConfigKeys: raft.server.log.queue.byte-limit = 2147483647 (custom)
datanode_3  | 2019-10-31 22:59:10,166 INFO server.RaftServerConfigKeys: raft.server.log.segment.size.max = 1048576 (custom)
scm_1       | 2019-10-31 22:59:08,181 INFO handler.ContextHandler: Started o.e.j.s.ServletContextHandler@253b380a{/static,jar:file:/opt/hadoop/share/ozone/lib/hadoop-hdds-server-scm-0.5.0-SNAPSHOT.jar!/webapps/static,AVAILABLE}
nm_1        | 2019-10-31 22:58:45 INFO  WebApps:288 - Registered webapp guice modules
om_1        | 2019-10-31 22:59:14,874 INFO handler.ContextHandler: Started o.e.j.w.WebAppContext@403c3a01{/,file:///tmp/jetty-0.0.0.0-9874-ozoneManager-_-any-8303417307228984322.dir/webapp/,AVAILABLE}{/ozoneManager}
datanode_2  | 2019-10-31 22:59:09,625 INFO server.RaftServerConfigKeys: raft.server.log.segment.size.max = 1048576 (custom)
rm_1        | 2019-10-31 22:58:51 INFO  CapacityScheduler:634 - Initialized queue: default: capacity=1.0, absoluteCapacity=1.0, usedResources=<memory:0, vCores:0>, usedCapacity=0.0, absoluteUsedCapacity=0.0, numApps=0, numContainers=0
datanode_1  | 2019-10-31 22:59:10,769 INFO server.RaftServerConfigKeys: raft.server.log.queue.element-limit = 1024 (custom)
datanode_3  | 2019-10-31 22:59:10,171 INFO metrics.MetricRegistries: Loaded MetricRegistries class org.apache.ratis.metrics.impl.MetricRegistriesImpl
nm_1        | 2019-10-31 22:58:45 INFO  HttpServer2:935 - Jetty bound to port 8042
om_1        | 2019-10-31 22:59:14,879 INFO server.AbstractConnector: Started ServerConnector@3d1f558a{HTTP/1.1,[http/1.1]}{0.0.0.0:9874}
scm_1       | 2019-10-31 22:59:08,258 INFO handler.ContextHandler: Started o.e.j.w.WebAppContext@59f93db8{/,file:///tmp/jetty-0.0.0.0-9876-scm-_-any-10975272292535619102.dir/webapp/,AVAILABLE}{/scm}
datanode_2  | 2019-10-31 22:59:09,632 INFO metrics.MetricRegistries: Loaded MetricRegistries class org.apache.ratis.metrics.impl.MetricRegistriesImpl
rm_1        | 2019-10-31 22:58:51 INFO  CapacityScheduler:634 - Initialized queue: root: numChildQueue= 1, capacity=1.0, absoluteCapacity=1.0, usedResources=<memory:0, vCores:0>usedCapacity=0.0, numApps=0, numContainers=0
datanode_1  | 2019-10-31 22:59:10,770 INFO server.RaftServerConfigKeys: raft.server.log.segment.size.max = 1048576 (custom)
datanode_3  | 2019-10-31 22:59:10,174 WARN impl.MetricRegistriesImpl: First MetricRegistry has been created without registering reporters. You may need to call MetricRegistries.global().addReportRegistration(...) before.
nm_1        | 2019-10-31 22:58:45 INFO  log:67 - jetty-6.1.26
scm_1       | 2019-10-31 22:59:08,268 INFO server.AbstractConnector: Started ServerConnector@60783105{HTTP/1.1,[http/1.1]}{0.0.0.0:9876}
om_1        | 2019-10-31 22:59:14,879 INFO server.Server: Started @3783ms
datanode_2  | 2019-10-31 22:59:09,636 WARN impl.MetricRegistriesImpl: First MetricRegistry has been created without registering reporters. You may need to call MetricRegistries.global().addReportRegistration(...) before.
rm_1        | 2019-10-31 22:58:51 INFO  CapacityScheduler:478 - Initialized root queue root: numChildQueue= 1, capacity=1.0, absoluteCapacity=1.0, usedResources=<memory:0, vCores:0>usedCapacity=0.0, numApps=0, numContainers=0
datanode_1  | 2019-10-31 22:59:10,770 INFO server.RaftServerConfigKeys: raft.server.log.preallocated.size = 16384 (custom)
datanode_3  | 2019-10-31 22:59:10,178 INFO server.RaftServerConfigKeys: raft.server.log.segment.cache.num.max = 2 (custom)
nm_1        | 2019-10-31 22:58:45 INFO  log:67 - Extract jar:file:/opt/hadoop/share/hadoop/yarn/hadoop-yarn-common-2.7.7.jar!/webapps/node to /tmp/Jetty_0_0_0_0_8042_node____19tj0x/webapp
scm_1       | 2019-10-31 22:59:08,269 INFO server.Server: Started @7774ms
om_1        | 2019-10-31 22:59:14,882 INFO impl.MetricsSinkAdapter: Sink prometheus started
datanode_2  | 2019-10-31 22:59:09,643 INFO server.RaftServerConfigKeys: raft.server.log.segment.cache.num.max = 2 (custom)
rm_1        | 2019-10-31 22:58:51 INFO  CapacityScheduler:447 - Initialized queue mappings, override: false
datanode_1  | 2019-10-31 22:59:10,770 INFO server.RaftServerConfigKeys: raft.server.log.write.buffer.size = 33554432 (custom)
datanode_3  | 2019-10-31 22:59:10,183 INFO segmented.SegmentedRaftLogWorker: new f7851f37-2f91-42fd-8e5c-9a6d35b21241@group-6917567A4A6B-SegmentedRaftLogWorker for RaftStorage:Storage Directory /data/metadata/ratis/9c5a435c-3562-43cf-ad05-6917567a4a6b
nm_1        | Oct 31, 2019 10:58:45 PM com.sun.jersey.guice.spi.container.GuiceComponentProviderFactory register
om_1        | 2019-10-31 22:59:14,882 INFO impl.MetricsSystemImpl: Registered sink prometheus
rm_1        | 2019-10-31 22:58:51 INFO  CapacityScheduler:314 - Initialized CapacityScheduler with calculator=class org.apache.hadoop.yarn.util.resource.DefaultResourceCalculator, minimumAllocation=<<memory:1024, vCores:1>>, maximumAllocation=<<memory:8192, vCores:32>>, asynchronousScheduling=false, asyncScheduleInterval=5ms
datanode_2  | 2019-10-31 22:59:09,649 INFO segmented.SegmentedRaftLogWorker: new 702b72a9-37ab-48f9-9e0f-83a5d3a0d6f6@group-95E6B8D2A7B6-SegmentedRaftLogWorker for RaftStorage:Storage Directory /data/metadata/ratis/1010c580-861e-4a1d-8b99-95e6b8d2a7b6
scm_1       | 2019-10-31 22:59:08,273 INFO impl.MetricsSinkAdapter: Sink prometheus started
datanode_1  | 2019-10-31 22:59:10,771 INFO server.RaftServerConfigKeys: raft.server.log.force.sync.num = 128 (default)
nm_1        | INFO: Registering org.apache.hadoop.yarn.server.nodemanager.webapp.NMWebServices as a root resource class
om_1        | 2019-10-31 22:59:14,884 INFO server.BaseHttpServer: HTTP server of OZONEMANAGER is listening at http://0.0.0.0:9874
datanode_2  | 2019-10-31 22:59:09,649 INFO server.RaftServerConfigKeys: raft.server.log.queue.byte-limit = 2147483647 (custom)
rm_1        | 2019-10-31 22:58:51 INFO  SystemMetricsPublisher:93 - YARN system metrics publishing service is not enabled
scm_1       | 2019-10-31 22:59:08,273 INFO impl.MetricsSystemImpl: Registered sink prometheus
datanode_1  | 2019-10-31 22:59:10,771 INFO server.RaftServerConfigKeys: raft.server.log.statemachine.data.sync = true (default)
nm_1        | Oct 31, 2019 10:58:45 PM com.sun.jersey.guice.spi.container.GuiceComponentProviderFactory register
om_1        | 2019-10-31 22:59:25,001 [IPC Server handler 2 on 9862] INFO       - created volume:vol1 for user:hadoop
datanode_2  | 2019-10-31 22:59:09,650 INFO server.RaftServerConfigKeys: raft.server.log.queue.element-limit = 1024 (custom)
datanode_3  | 2019-10-31 22:59:10,183 INFO server.RaftServerConfigKeys: raft.server.log.queue.byte-limit = 2147483647 (custom)
scm_1       | 2019-10-31 22:59:08,277 INFO server.BaseHttpServer: HTTP server of SCM is listening at http://0.0.0.0:9876
datanode_1  | 2019-10-31 22:59:10,772 INFO server.RaftServerConfigKeys: raft.server.log.statemachine.data.sync.timeout = 10s (default)
nm_1        | INFO: Registering org.apache.hadoop.yarn.webapp.GenericExceptionHandler as a provider class
rm_1        | 2019-10-31 22:58:51 INFO  ResourceManager:1009 - Transitioning to active state
datanode_2  | 2019-10-31 22:59:09,651 INFO server.RaftServerConfigKeys: raft.server.log.segment.size.max = 1048576 (custom)
datanode_3  | 2019-10-31 22:59:10,183 INFO server.RaftServerConfigKeys: raft.server.log.queue.element-limit = 1024 (custom)
scm_1       | 2019-10-31 22:59:08,287 INFO util.JvmPauseMonitor: Starting JVM pause monitor
nm_1        | Oct 31, 2019 10:58:45 PM com.sun.jersey.guice.spi.container.GuiceComponentProviderFactory register
rm_1        | 2019-10-31 22:58:51 INFO  RMStateStore:466 - Updating AMRMToken
datanode_1  | 2019-10-31 22:59:10,772 INFO server.RaftServerConfigKeys: raft.server.log.statemachine.data.sync.timeout.retry = -1 (default)
datanode_2  | 2019-10-31 22:59:09,652 INFO server.RaftServerConfigKeys: raft.server.log.preallocated.size = 16384 (custom)
datanode_3  | 2019-10-31 22:59:10,184 INFO server.RaftServerConfigKeys: raft.server.log.segment.size.max = 1048576 (custom)
scm_1       | 2019-10-31 22:59:08,624 INFO net.NetworkTopology: Added a new node: /default-rack/f7851f37-2f91-42fd-8e5c-9a6d35b21241
nm_1        | INFO: Registering org.apache.hadoop.yarn.server.nodemanager.webapp.JAXBContextResolver as a provider class
datanode_1  | 2019-10-31 22:59:10,779 INFO server.RaftServerConfigKeys: raft.server.log.statemachine.data.caching.enabled = true (custom)
datanode_2  | 2019-10-31 22:59:09,652 INFO server.RaftServerConfigKeys: raft.server.log.write.buffer.size = 33554432 (custom)
datanode_3  | 2019-10-31 22:59:10,184 INFO server.RaftServerConfigKeys: raft.server.log.preallocated.size = 16384 (custom)
rm_1        | 2019-10-31 22:58:51 INFO  RMContainerTokenSecretManager:105 - Rolling master-key for container-tokens
nm_1        | Oct 31, 2019 10:58:45 PM com.sun.jersey.server.impl.application.WebApplicationImpl _initiate
datanode_1  | 2019-10-31 22:59:10,783 INFO segmented.SegmentedRaftLogWorker: 05bd02c8-50f2-43e4-af00-c9426c1edd52@group-4C5B24DC4998-SegmentedRaftLogWorker: flushIndex: setUnconditionally 0 -> -1
datanode_2  | 2019-10-31 22:59:09,653 INFO server.RaftServerConfigKeys: raft.server.log.force.sync.num = 128 (default)
datanode_3  | 2019-10-31 22:59:10,185 INFO server.RaftServerConfigKeys: raft.server.log.write.buffer.size = 33554432 (custom)
scm_1       | 2019-10-31 22:59:08,624 INFO net.NetworkTopology: Added a new node: /default-rack/702b72a9-37ab-48f9-9e0f-83a5d3a0d6f6
rm_1        | 2019-10-31 22:58:51 INFO  NMTokenSecretManagerInRM:95 - Rolling master-key for nm-tokens
nm_1        | INFO: Initiating Jersey application, version 'Jersey: 1.9 09/02/2011 11:17 AM'
datanode_1  | 2019-10-31 22:59:10,787 INFO server.RaftServerConfigKeys: raft.server.snapshot.auto.trigger.enabled = true (custom)
datanode_2  | 2019-10-31 22:59:09,654 INFO server.RaftServerConfigKeys: raft.server.log.statemachine.data.sync = true (default)
datanode_3  | 2019-10-31 22:59:10,185 INFO server.RaftServerConfigKeys: raft.server.log.force.sync.num = 128 (default)
rm_1        | 2019-10-31 22:58:51 INFO  AbstractDelegationTokenSecretManager:326 - Updating the current master key for generating delegation tokens
nm_1        | Oct 31, 2019 10:58:45 PM com.sun.jersey.guice.spi.container.GuiceComponentProviderFactory getComponentProvider
scm_1       | 2019-10-31 22:59:08,625 INFO node.SCMNodeManager: Registered Data node : 702b72a9-37ab-48f9-9e0f-83a5d3a0d6f6{ip: 172.18.0.5, host: hadoop27_datanode_2.hadoop27_default, networkLocation: /default-rack, certSerialId: null}
datanode_1  | 2019-10-31 22:59:10,788 INFO server.RaftServerConfigKeys: raft.server.snapshot.auto.trigger.threshold = 10000 (custom)
datanode_2  | 2019-10-31 22:59:09,654 INFO server.RaftServerConfigKeys: raft.server.log.statemachine.data.sync.timeout = 10s (default)
datanode_3  | 2019-10-31 22:59:10,186 INFO server.RaftServerConfigKeys: raft.server.log.statemachine.data.sync = true (default)
rm_1        | 2019-10-31 22:58:51 INFO  RMDelegationTokenSecretManager:85 - storing master key with keyID 1
scm_1       | 2019-10-31 22:59:08,625 INFO node.SCMNodeManager: Registered Data node : f7851f37-2f91-42fd-8e5c-9a6d35b21241{ip: 172.18.0.9, host: hadoop27_datanode_3.hadoop27_default, networkLocation: /default-rack, certSerialId: null}
nm_1        | INFO: Binding org.apache.hadoop.yarn.server.nodemanager.webapp.JAXBContextResolver to GuiceManagedComponentProvider with the scope "Singleton"
datanode_1  | 2019-10-31 22:59:10,788 INFO server.RaftServerConfigKeys: raft.server.snapshot.retention.file.num = 5 (custom)
datanode_2  | 2019-10-31 22:59:09,654 INFO server.RaftServerConfigKeys: raft.server.log.statemachine.data.sync.timeout.retry = -1 (default)
datanode_3  | 2019-10-31 22:59:10,186 INFO server.RaftServerConfigKeys: raft.server.log.statemachine.data.sync.timeout = 10s (default)
rm_1        | 2019-10-31 22:58:51 INFO  RMStateStore:417 - Storing RMDTMasterKey.
scm_1       | 2019-10-31 22:59:08,626 INFO net.NetworkTopology: Added a new node: /default-rack/05bd02c8-50f2-43e4-af00-c9426c1edd52
datanode_1  | 2019-10-31 22:59:10,789 INFO server.RaftServerConfigKeys: raft.server.retrycache.expirytime = 600000ms (custom)
datanode_2  | 2019-10-31 22:59:09,664 INFO server.RaftServerConfigKeys: raft.server.log.statemachine.data.caching.enabled = true (custom)
datanode_3  | 2019-10-31 22:59:10,186 INFO server.RaftServerConfigKeys: raft.server.log.statemachine.data.sync.timeout.retry = -1 (default)
nm_1        | Oct 31, 2019 10:58:46 PM com.sun.jersey.guice.spi.container.GuiceComponentProviderFactory getComponentProvider
rm_1        | 2019-10-31 22:58:51 INFO  AbstractDelegationTokenSecretManager:644 - Starting expired delegation token remover thread, tokenRemoverScanInterval=60 min(s)
scm_1       | 2019-10-31 22:59:08,626 INFO node.SCMNodeManager: Registered Data node : 05bd02c8-50f2-43e4-af00-c9426c1edd52{ip: 172.18.0.8, host: hadoop27_datanode_1.hadoop27_default, networkLocation: /default-rack, certSerialId: null}
datanode_1  | 2019-10-31 22:59:10,804 WARN impl.MetricRegistriesImpl: First MetricRegistry has been created without registering reporters. You may need to call MetricRegistries.global().addReportRegistration(...) before.
datanode_2  | 2019-10-31 22:59:09,669 INFO segmented.SegmentedRaftLogWorker: 702b72a9-37ab-48f9-9e0f-83a5d3a0d6f6@group-95E6B8D2A7B6-SegmentedRaftLogWorker: flushIndex: setUnconditionally 0 -> -1
datanode_3  | 2019-10-31 22:59:10,195 INFO server.RaftServerConfigKeys: raft.server.log.statemachine.data.caching.enabled = true (custom)
nm_1        | INFO: Binding org.apache.hadoop.yarn.webapp.GenericExceptionHandler to GuiceManagedComponentProvider with the scope "Singleton"
rm_1        | 2019-10-31 22:58:51 INFO  AbstractDelegationTokenSecretManager:326 - Updating the current master key for generating delegation tokens
scm_1       | 2019-10-31 22:59:08,631 INFO safemode.SCMSafeModeManager: SCM in safe mode. 1 DataNodes registered, 1 required.
datanode_1  | 2019-10-31 22:59:10,806 WARN impl.MetricRegistriesImpl: First MetricRegistry has been created without registering reporters. You may need to call MetricRegistries.global().addReportRegistration(...) before.
datanode_2  | 2019-10-31 22:59:09,673 INFO server.RaftServerConfigKeys: raft.server.snapshot.auto.trigger.enabled = true (custom)
datanode_3  | 2019-10-31 22:59:10,200 INFO segmented.SegmentedRaftLogWorker: f7851f37-2f91-42fd-8e5c-9a6d35b21241@group-6917567A4A6B-SegmentedRaftLogWorker: flushIndex: setUnconditionally 0 -> -1
nm_1        | Oct 31, 2019 10:58:46 PM com.sun.jersey.guice.spi.container.GuiceComponentProviderFactory getComponentProvider
rm_1        | 2019-10-31 22:58:51 INFO  RMDelegationTokenSecretManager:85 - storing master key with keyID 2
scm_1       | 2019-10-31 22:59:08,632 INFO safemode.SCMSafeModeManager: ScmSafeModeManager, all rules are successfully validated
datanode_1  | 2019-10-31 22:59:10,808 INFO impl.RaftServerImpl: 05bd02c8-50f2-43e4-af00-c9426c1edd52@group-4C5B24DC4998: start as a follower, conf=-1: [05bd02c8-50f2-43e4-af00-c9426c1edd52:172.18.0.8:9858], old=null
datanode_2  | 2019-10-31 22:59:09,674 INFO server.RaftServerConfigKeys: raft.server.snapshot.auto.trigger.threshold = 10000 (custom)
datanode_3  | 2019-10-31 22:59:10,207 INFO server.RaftServerConfigKeys: raft.server.snapshot.auto.trigger.enabled = true (custom)
rm_1        | 2019-10-31 22:58:51 INFO  RMStateStore:417 - Storing RMDTMasterKey.
nm_1        | INFO: Binding org.apache.hadoop.yarn.server.nodemanager.webapp.NMWebServices to GuiceManagedComponentProvider with the scope "Singleton"
scm_1       | 2019-10-31 22:59:08,632 INFO safemode.SCMSafeModeManager: SCM exiting safe mode.
datanode_1  | 2019-10-31 22:59:10,809 INFO impl.RaftServerImpl: 05bd02c8-50f2-43e4-af00-c9426c1edd52@group-4C5B24DC4998: changes role from      null to FOLLOWER at term 0 for startAsFollower
datanode_2  | 2019-10-31 22:59:09,674 INFO server.RaftServerConfigKeys: raft.server.snapshot.retention.file.num = 5 (custom)
datanode_3  | 2019-10-31 22:59:10,209 INFO server.RaftServerConfigKeys: raft.server.snapshot.auto.trigger.threshold = 10000 (custom)
rm_1        | 2019-10-31 22:58:51 INFO  AsyncDispatcher:209 - Registering class org.apache.hadoop.yarn.nodelabels.event.NodeLabelsStoreEventType for class org.apache.hadoop.yarn.nodelabels.CommonNodeLabelsManager$ForwardingEventHandler
nm_1        | 2019-10-31 22:58:46 INFO  log:67 - Started HttpServer2$SelectChannelConnectorWithSafeStartup@0.0.0.0:8042
scm_1       | WARNING: An illegal reflective access operation has occurred
datanode_1  | 2019-10-31 22:59:10,810 INFO impl.RoleInfo: 05bd02c8-50f2-43e4-af00-c9426c1edd52: start FollowerState
datanode_2  | 2019-10-31 22:59:09,675 INFO server.RaftServerConfigKeys: raft.server.retrycache.expirytime = 600000ms (custom)
rm_1        | 2019-10-31 22:58:51 INFO  CallQueueManager:57 - Using callQueue: class java.util.concurrent.LinkedBlockingQueue queueCapacity: 5000
datanode_3  | 2019-10-31 22:59:10,209 INFO server.RaftServerConfigKeys: raft.server.snapshot.retention.file.num = 5 (custom)
nm_1        | 2019-10-31 22:58:46 INFO  WebApps:307 - Web app node started at 8042
scm_1       | WARNING: Illegal reflective access by org.apache.ratis.thirdparty.com.google.protobuf.UnsafeUtil (file:/opt/hadoop/share/ozone/lib/ratis-thirdparty-misc-0.2.0.jar) to field java.nio.Buffer.address
datanode_1  | 2019-10-31 22:59:10,814 INFO util.JmxRegister: Successfully registered JMX Bean with object name Ratis:service=RaftServer,group=group-4C5B24DC4998,id=05bd02c8-50f2-43e4-af00-c9426c1edd52
datanode_2  | 2019-10-31 22:59:09,693 WARN impl.MetricRegistriesImpl: First MetricRegistry has been created without registering reporters. You may need to call MetricRegistries.global().addReportRegistration(...) before.
rm_1        | 2019-10-31 22:58:51 INFO  Server:722 - Starting Socket Reader #1 for port 8031
datanode_3  | 2019-10-31 22:59:10,210 INFO server.RaftServerConfigKeys: raft.server.retrycache.expirytime = 600000ms (custom)
nm_1        | 2019-10-31 22:58:46 INFO  RMProxy:98 - Connecting to ResourceManager at rm/172.18.0.3:8031
scm_1       | WARNING: Please consider reporting this to the maintainers of org.apache.ratis.thirdparty.com.google.protobuf.UnsafeUtil
datanode_1  | 2019-10-31 22:59:10,815 WARN impl.MetricRegistriesImpl: First MetricRegistry has been created without registering reporters. You may need to call MetricRegistries.global().addReportRegistration(...) before.
datanode_2  | 2019-10-31 22:59:09,695 WARN impl.MetricRegistriesImpl: First MetricRegistry has been created without registering reporters. You may need to call MetricRegistries.global().addReportRegistration(...) before.
rm_1        | 2019-10-31 22:58:51 INFO  RpcServerFactoryPBImpl:174 - Adding protocol org.apache.hadoop.yarn.server.api.ResourceTrackerPB to the server
datanode_3  | 2019-10-31 22:59:10,235 WARN impl.MetricRegistriesImpl: First MetricRegistry has been created without registering reporters. You may need to call MetricRegistries.global().addReportRegistration(...) before.
nm_1        | 2019-10-31 22:58:46 INFO  NodeStatusUpdaterImpl:435 - Sending out 0 NM container statuses: []
scm_1       | WARNING: Use --illegal-access=warn to enable warnings of further illegal reflective access operations
datanode_1  | 2019-10-31 22:59:10,918 INFO impl.RaftServerProxy: 05bd02c8-50f2-43e4-af00-c9426c1edd52: addNew group-F6CC5F3624A2:[702b72a9-37ab-48f9-9e0f-83a5d3a0d6f6:172.18.0.5:9858, f7851f37-2f91-42fd-8e5c-9a6d35b21241:172.18.0.9:9858, 05bd02c8-50f2-43e4-af00-c9426c1edd52:172.18.0.8:9858] returns group-F6CC5F3624A2:java.util.concurrent.CompletableFuture@682e6e16[Not completed]
datanode_2  | 2019-10-31 22:59:09,697 INFO impl.RaftServerImpl: 702b72a9-37ab-48f9-9e0f-83a5d3a0d6f6@group-95E6B8D2A7B6: start as a follower, conf=-1: [702b72a9-37ab-48f9-9e0f-83a5d3a0d6f6:172.18.0.5:9858], old=null
rm_1        | 2019-10-31 22:58:51 INFO  Server:962 - IPC Server Responder: starting
datanode_3  | 2019-10-31 22:59:10,238 WARN impl.MetricRegistriesImpl: First MetricRegistry has been created without registering reporters. You may need to call MetricRegistries.global().addReportRegistration(...) before.
nm_1        | 2019-10-31 22:58:46 INFO  NodeStatusUpdaterImpl:268 - Registering with RM using containers :[]
scm_1       | WARNING: All illegal access operations will be denied in a future release
datanode_1  | 2019-10-31 22:59:10,921 INFO impl.RaftServerImpl: 05bd02c8-50f2-43e4-af00-c9426c1edd52: new RaftServerImpl for group-F6CC5F3624A2:[702b72a9-37ab-48f9-9e0f-83a5d3a0d6f6:172.18.0.5:9858, f7851f37-2f91-42fd-8e5c-9a6d35b21241:172.18.0.9:9858, 05bd02c8-50f2-43e4-af00-c9426c1edd52:172.18.0.8:9858] with ContainerStateMachine:uninitialized
datanode_2  | 2019-10-31 22:59:09,698 INFO impl.RaftServerImpl: 702b72a9-37ab-48f9-9e0f-83a5d3a0d6f6@group-95E6B8D2A7B6: changes role from      null to FOLLOWER at term 0 for startAsFollower
datanode_3  | 2019-10-31 22:59:10,240 INFO impl.RaftServerImpl: f7851f37-2f91-42fd-8e5c-9a6d35b21241@group-6917567A4A6B: start as a follower, conf=-1: [f7851f37-2f91-42fd-8e5c-9a6d35b21241:172.18.0.9:9858], old=null
rm_1        | 2019-10-31 22:58:51 INFO  Server:801 - IPC Server listener on 8031: starting
scm_1       | 2019-10-31 22:59:09,793 INFO pipeline.PipelineStateManager: Created pipeline Pipeline[ Id: 1010c580-861e-4a1d-8b99-95e6b8d2a7b6, Nodes: 702b72a9-37ab-48f9-9e0f-83a5d3a0d6f6{ip: 172.18.0.5, host: hadoop27_datanode_2.hadoop27_default, networkLocation: /default-rack, certSerialId: null}, Type:RATIS, Factor:ONE, State:OPEN]
datanode_1  | 2019-10-31 22:59:10,921 INFO server.RaftServerConfigKeys: raft.server.rpc.timeout.min = 5s (custom)
datanode_2  | 2019-10-31 22:59:09,699 INFO impl.RoleInfo: 702b72a9-37ab-48f9-9e0f-83a5d3a0d6f6: start FollowerState
nm_1        | 2019-10-31 22:58:47 INFO  Client:872 - Retrying connect to server: rm/172.18.0.3:8031. Already tried 0 time(s); retry policy is RetryUpToMaximumCountWithFixedSleep(maxRetries=10, sleepTime=1000 MILLISECONDS)
datanode_3  | 2019-10-31 22:59:10,242 INFO impl.RaftServerImpl: f7851f37-2f91-42fd-8e5c-9a6d35b21241@group-6917567A4A6B: changes role from      null to FOLLOWER at term 0 for startAsFollower
rm_1        | 2019-10-31 22:58:51 INFO  CallQueueManager:57 - Using callQueue: class java.util.concurrent.LinkedBlockingQueue queueCapacity: 5000
scm_1       | 2019-10-31 22:59:10,311 INFO pipeline.PipelineStateManager: Created pipeline Pipeline[ Id: 9c5a435c-3562-43cf-ad05-6917567a4a6b, Nodes: f7851f37-2f91-42fd-8e5c-9a6d35b21241{ip: 172.18.0.9, host: hadoop27_datanode_3.hadoop27_default, networkLocation: /default-rack, certSerialId: null}, Type:RATIS, Factor:ONE, State:OPEN]
datanode_1  | 2019-10-31 22:59:10,921 INFO server.RaftServerConfigKeys: raft.server.rpc.timeout.max = 5200ms (custom)
datanode_2  | 2019-10-31 22:59:09,705 INFO util.JmxRegister: Successfully registered JMX Bean with object name Ratis:service=RaftServer,group=group-95E6B8D2A7B6,id=702b72a9-37ab-48f9-9e0f-83a5d3a0d6f6
nm_1        | 2019-10-31 22:58:48 INFO  Client:872 - Retrying connect to server: rm/172.18.0.3:8031. Already tried 1 time(s); retry policy is RetryUpToMaximumCountWithFixedSleep(maxRetries=10, sleepTime=1000 MILLISECONDS)
datanode_3  | 2019-10-31 22:59:10,243 INFO impl.RoleInfo: f7851f37-2f91-42fd-8e5c-9a6d35b21241: start FollowerState
rm_1        | 2019-10-31 22:58:51 INFO  Server:722 - Starting Socket Reader #1 for port 8030
scm_1       | 2019-10-31 22:59:10,862 INFO pipeline.PipelineStateManager: Created pipeline Pipeline[ Id: 6b71c084-fbd2-4249-8e3b-4c5b24dc4998, Nodes: 05bd02c8-50f2-43e4-af00-c9426c1edd52{ip: 172.18.0.8, host: hadoop27_datanode_1.hadoop27_default, networkLocation: /default-rack, certSerialId: null}, Type:RATIS, Factor:ONE, State:OPEN]
datanode_1  | 2019-10-31 22:59:10,922 INFO server.RaftServerConfigKeys: raft.server.rpcslowness.timeout = 120s (custom)
datanode_2  | 2019-10-31 22:59:09,707 WARN impl.MetricRegistriesImpl: First MetricRegistry has been created without registering reporters. You may need to call MetricRegistries.global().addReportRegistration(...) before.
nm_1        | 2019-10-31 22:58:49 INFO  Client:872 - Retrying connect to server: rm/172.18.0.3:8031. Already tried 2 time(s); retry policy is RetryUpToMaximumCountWithFixedSleep(maxRetries=10, sleepTime=1000 MILLISECONDS)
datanode_3  | 2019-10-31 22:59:10,249 INFO util.JmxRegister: Successfully registered JMX Bean with object name Ratis:service=RaftServer,group=group-6917567A4A6B,id=f7851f37-2f91-42fd-8e5c-9a6d35b21241
rm_1        | 2019-10-31 22:58:51 INFO  RpcServerFactoryPBImpl:174 - Adding protocol org.apache.hadoop.yarn.api.ApplicationMasterProtocolPB to the server
scm_1       | 2019-10-31 22:59:10,963 INFO pipeline.PipelineStateManager: Created pipeline Pipeline[ Id: 430be151-7eda-4013-9607-f6cc5f3624a2, Nodes: 702b72a9-37ab-48f9-9e0f-83a5d3a0d6f6{ip: 172.18.0.5, host: hadoop27_datanode_2.hadoop27_default, networkLocation: /default-rack, certSerialId: null}f7851f37-2f91-42fd-8e5c-9a6d35b21241{ip: 172.18.0.9, host: hadoop27_datanode_3.hadoop27_default, networkLocation: /default-rack, certSerialId: null}05bd02c8-50f2-43e4-af00-c9426c1edd52{ip: 172.18.0.8, host: hadoop27_datanode_1.hadoop27_default, networkLocation: /default-rack, certSerialId: null}, Type:RATIS, Factor:THREE, State:OPEN]
datanode_1  | 2019-10-31 22:59:10,922 INFO server.RaftServerConfigKeys: raft.server.sleep.deviation.threshold = 300 (default)
datanode_2  | 2019-10-31 22:59:10,915 INFO impl.RaftServerProxy: 702b72a9-37ab-48f9-9e0f-83a5d3a0d6f6: addNew group-F6CC5F3624A2:[702b72a9-37ab-48f9-9e0f-83a5d3a0d6f6:172.18.0.5:9858, f7851f37-2f91-42fd-8e5c-9a6d35b21241:172.18.0.9:9858, 05bd02c8-50f2-43e4-af00-c9426c1edd52:172.18.0.8:9858] returns group-F6CC5F3624A2:java.util.concurrent.CompletableFuture@1df0f094[Not completed]
nm_1        | 2019-10-31 22:58:50 INFO  Client:872 - Retrying connect to server: rm/172.18.0.3:8031. Already tried 3 time(s); retry policy is RetryUpToMaximumCountWithFixedSleep(maxRetries=10, sleepTime=1000 MILLISECONDS)
datanode_3  | 2019-10-31 22:59:10,251 WARN impl.MetricRegistriesImpl: First MetricRegistry has been created without registering reporters. You may need to call MetricRegistries.global().addReportRegistration(...) before.
rm_1        | 2019-10-31 22:58:51 INFO  Server:962 - IPC Server Responder: starting
datanode_1  | 2019-10-31 22:59:10,922 INFO server.RaftServerConfigKeys: raft.server.log.appender.install.snapshot.enabled = false (custom)
datanode_2  | 2019-10-31 22:59:10,918 INFO impl.RaftServerImpl: 702b72a9-37ab-48f9-9e0f-83a5d3a0d6f6: new RaftServerImpl for group-F6CC5F3624A2:[702b72a9-37ab-48f9-9e0f-83a5d3a0d6f6:172.18.0.5:9858, f7851f37-2f91-42fd-8e5c-9a6d35b21241:172.18.0.9:9858, 05bd02c8-50f2-43e4-af00-c9426c1edd52:172.18.0.8:9858] with ContainerStateMachine:uninitialized
scm_1       | 2019-10-31 23:01:14,578 INFO server.SCMBlockProtocolServer: SCM is informed by OM to delete 11 blocks
nm_1        | 2019-10-31 22:58:51 INFO  Client:872 - Retrying connect to server: rm/172.18.0.3:8031. Already tried 4 time(s); retry policy is RetryUpToMaximumCountWithFixedSleep(maxRetries=10, sleepTime=1000 MILLISECONDS)
datanode_3  | 2019-10-31 22:59:10,920 INFO impl.RaftServerProxy: f7851f37-2f91-42fd-8e5c-9a6d35b21241: addNew group-F6CC5F3624A2:[702b72a9-37ab-48f9-9e0f-83a5d3a0d6f6:172.18.0.5:9858, f7851f37-2f91-42fd-8e5c-9a6d35b21241:172.18.0.9:9858, 05bd02c8-50f2-43e4-af00-c9426c1edd52:172.18.0.8:9858] returns group-F6CC5F3624A2:java.util.concurrent.CompletableFuture@1901a41f[Not completed]
rm_1        | 2019-10-31 22:58:51 INFO  Server:801 - IPC Server listener on 8030: starting
datanode_1  | 2019-10-31 22:59:10,922 INFO impl.RaftServerImpl: 05bd02c8-50f2-43e4-af00-c9426c1edd52@group-F6CC5F3624A2: ConfigurationManager, init=-1: [702b72a9-37ab-48f9-9e0f-83a5d3a0d6f6:172.18.0.5:9858, f7851f37-2f91-42fd-8e5c-9a6d35b21241:172.18.0.9:9858, 05bd02c8-50f2-43e4-af00-c9426c1edd52:172.18.0.8:9858], old=null, confs=<EMPTY_MAP>
datanode_2  | 2019-10-31 22:59:10,918 INFO server.RaftServerConfigKeys: raft.server.rpc.timeout.min = 5s (custom)
scm_1       | 2019-10-31 23:01:14,579 INFO block.BlockManagerImpl: Deleting blocks conID: 3 locID: 103059475658702853 bcsId: 0
nm_1        | 2019-10-31 22:58:51 INFO  NMContainerTokenSecretManager:138 - Rolling master-key for container-tokens, got key with id 1305977011
datanode_3  | 2019-10-31 22:59:10,924 INFO impl.RaftServerImpl: f7851f37-2f91-42fd-8e5c-9a6d35b21241: new RaftServerImpl for group-F6CC5F3624A2:[702b72a9-37ab-48f9-9e0f-83a5d3a0d6f6:172.18.0.5:9858, f7851f37-2f91-42fd-8e5c-9a6d35b21241:172.18.0.9:9858, 05bd02c8-50f2-43e4-af00-c9426c1edd52:172.18.0.8:9858] with ContainerStateMachine:uninitialized
rm_1        | 2019-10-31 22:58:51 INFO  CallQueueManager:57 - Using callQueue: class java.util.concurrent.LinkedBlockingQueue queueCapacity: 5000
datanode_1  | 2019-10-31 22:59:10,922 INFO server.RaftServerConfigKeys: raft.server.storage.dir = [/data/metadata/ratis] (custom)
datanode_2  | 2019-10-31 22:59:10,918 INFO server.RaftServerConfigKeys: raft.server.rpc.timeout.max = 5200ms (custom)
scm_1       | 2019-10-31 23:01:14,586 INFO block.BlockManagerImpl: Deleting blocks conID: 1 locID: 103059475672072198 bcsId: 0
nm_1        | 2019-10-31 22:58:51 INFO  NMTokenSecretManagerInNM:135 - Rolling master-key for container-tokens, got key with id -536661752
datanode_3  | 2019-10-31 22:59:10,925 INFO server.RaftServerConfigKeys: raft.server.rpc.timeout.min = 5s (custom)
datanode_1  | 2019-10-31 22:59:10,923 INFO server.RaftServerConfigKeys: raft.server.log.corruption.policy = EXCEPTION (default)
rm_1        | 2019-10-31 22:58:51 INFO  Server:722 - Starting Socket Reader #1 for port 8032
datanode_2  | 2019-10-31 22:59:10,919 INFO server.RaftServerConfigKeys: raft.server.rpcslowness.timeout = 120s (custom)
scm_1       | 2019-10-31 23:01:14,586 INFO block.BlockManagerImpl: Deleting blocks conID: 2 locID: 103059475677446151 bcsId: 0
nm_1        | 2019-10-31 22:58:51 INFO  NodeStatusUpdaterImpl:317 - Registered with ResourceManager as nm:43416 with total resource of <memory:8192, vCores:8>
datanode_3  | 2019-10-31 22:59:10,925 INFO server.RaftServerConfigKeys: raft.server.rpc.timeout.max = 5200ms (custom)
rm_1        | 2019-10-31 22:58:51 INFO  RpcServerFactoryPBImpl:174 - Adding protocol org.apache.hadoop.yarn.api.ApplicationClientProtocolPB to the server
datanode_2  | 2019-10-31 22:59:10,919 INFO server.RaftServerConfigKeys: raft.server.sleep.deviation.threshold = 300 (default)
scm_1       | 2019-10-31 23:01:14,587 INFO block.BlockManagerImpl: Deleting blocks conID: 3 locID: 103059475681705992 bcsId: 0
nm_1        | 2019-10-31 22:58:51 INFO  NodeStatusUpdaterImpl:319 - Notifying ContainerManager to unblock new container-requests
datanode_3  | 2019-10-31 22:59:10,925 INFO server.RaftServerConfigKeys: raft.server.rpcslowness.timeout = 120s (custom)
datanode_1  | 2019-10-31 22:59:10,923 INFO storage.RaftStorageDirectory: The storage directory /data/metadata/ratis/430be151-7eda-4013-9607-f6cc5f3624a2 does not exist. Creating ...
rm_1        | 2019-10-31 22:58:51 INFO  Server:962 - IPC Server Responder: starting
datanode_2  | 2019-10-31 22:59:10,919 INFO server.RaftServerConfigKeys: raft.server.log.appender.install.snapshot.enabled = false (custom)
scm_1       | 2019-10-31 23:01:14,587 INFO block.BlockManagerImpl: Deleting blocks conID: 1 locID: 103059476803682313 bcsId: 0
nm_1        | 2019-10-31 23:00:02 INFO  Server:1454 - Auth successful for appattempt_1572562731172_0001_000001 (auth:SIMPLE)
datanode_3  | 2019-10-31 22:59:10,925 INFO server.RaftServerConfigKeys: raft.server.sleep.deviation.threshold = 300 (default)
datanode_1  | 2019-10-31 22:59:10,933 INFO storage.RaftStorageDirectory: Lock on /data/metadata/ratis/430be151-7eda-4013-9607-f6cc5f3624a2/in_use.lock acquired by nodename 7@9525c2ce69b6
rm_1        | 2019-10-31 22:58:51 INFO  Server:801 - IPC Server listener on 8032: starting
scm_1       | 2019-10-31 23:01:14,587 INFO block.BlockManagerImpl: Deleting blocks conID: 2 locID: 103059476816527370 bcsId: 0
datanode_3  | 2019-10-31 22:59:10,925 INFO server.RaftServerConfigKeys: raft.server.log.appender.install.snapshot.enabled = false (custom)
nm_1        | 2019-10-31 23:00:02 INFO  ContainerManagerImpl:810 - Start request for container_1572562731172_0001_01_000001 by user hadoop
datanode_2  | 2019-10-31 22:59:10,919 INFO impl.RaftServerImpl: 702b72a9-37ab-48f9-9e0f-83a5d3a0d6f6@group-F6CC5F3624A2: ConfigurationManager, init=-1: [702b72a9-37ab-48f9-9e0f-83a5d3a0d6f6:172.18.0.5:9858, f7851f37-2f91-42fd-8e5c-9a6d35b21241:172.18.0.9:9858, 05bd02c8-50f2-43e4-af00-c9426c1edd52:172.18.0.8:9858], old=null, confs=<EMPTY_MAP>
datanode_1  | 2019-10-31 22:59:10,947 INFO storage.RaftStorage: Storage directory /data/metadata/ratis/430be151-7eda-4013-9607-f6cc5f3624a2 has been successfully formatted.
rm_1        | 2019-10-31 22:58:51 INFO  ResourceManager:1025 - Transitioned to active state
scm_1       | 2019-10-31 23:01:14,588 INFO block.BlockManagerImpl: Deleting blocks conID: 3 locID: 103059475427819522 bcsId: 0
datanode_3  | 2019-10-31 22:59:10,925 INFO impl.RaftServerImpl: f7851f37-2f91-42fd-8e5c-9a6d35b21241@group-F6CC5F3624A2: ConfigurationManager, init=-1: [702b72a9-37ab-48f9-9e0f-83a5d3a0d6f6:172.18.0.5:9858, f7851f37-2f91-42fd-8e5c-9a6d35b21241:172.18.0.9:9858, 05bd02c8-50f2-43e4-af00-c9426c1edd52:172.18.0.8:9858], old=null, confs=<EMPTY_MAP>
nm_1        | 2019-10-31 23:00:02 INFO  ContainerManagerImpl:850 - Creating a new application reference for app application_1572562731172_0001
datanode_2  | 2019-10-31 22:59:10,919 INFO server.RaftServerConfigKeys: raft.server.storage.dir = [/data/metadata/ratis] (custom)
datanode_1  | 2019-10-31 22:59:10,947 [pool-8-thread-1] INFO       - group-F6CC5F3624A2: The snapshot info is null. Setting the last applied indexto:(t:0, i:~)
rm_1        | 2019-10-31 22:58:51 INFO  RackResolver:109 - Resolved nm to /default-rack
scm_1       | 2019-10-31 23:01:14,588 INFO block.BlockManagerImpl: Deleting blocks conID: 1 locID: 103059475533266947 bcsId: 0
datanode_3  | 2019-10-31 22:59:10,926 INFO server.RaftServerConfigKeys: raft.server.storage.dir = [/data/metadata/ratis] (custom)
nm_1        | 2019-10-31 23:00:02 INFO  NMAuditLogger:89 - USER=hadoop	IP=172.18.0.3	OPERATION=Start Container Request	TARGET=ContainerManageImpl	RESULT=SUCCESS	APPID=application_1572562731172_0001	CONTAINERID=container_1572562731172_0001_01_000001
datanode_2  | 2019-10-31 22:59:10,919 INFO server.RaftServerConfigKeys: raft.server.log.corruption.policy = EXCEPTION (default)
datanode_1  | 2019-10-31 22:59:10,948 INFO server.RaftServerConfigKeys: raft.server.notification.no-leader.timeout = 120s (custom)
rm_1        | 2019-10-31 22:58:51 INFO  ResourceTrackerService:345 - NodeManager from node nm(cmPort: 43416 httpPort: 8042) registered with capability: <memory:8192, vCores:8>, assigned nodeId nm:43416
scm_1       | 2019-10-31 23:01:14,589 INFO block.BlockManagerImpl: Deleting blocks conID: 2 locID: 103059475541262340 bcsId: 0
datanode_3  | 2019-10-31 22:59:10,926 INFO server.RaftServerConfigKeys: raft.server.log.corruption.policy = EXCEPTION (default)
datanode_2  | 2019-10-31 22:59:10,919 INFO storage.RaftStorageDirectory: The storage directory /data/metadata/ratis/430be151-7eda-4013-9607-f6cc5f3624a2 does not exist. Creating ...
datanode_1  | 2019-10-31 22:59:10,948 INFO server.RaftServerConfigKeys: raft.server.log.use.memory = false (default)
nm_1        | 2019-10-31 23:00:02 INFO  ApplicationImpl:464 - Application application_1572562731172_0001 transitioned from NEW to INITING
rm_1        | 2019-10-31 22:58:51 INFO  log:67 - Logging to org.slf4j.impl.Log4jLoggerAdapter(org.mortbay.log) via org.mortbay.log.Slf4jLog
scm_1       | 2019-10-31 23:01:14,589 INFO block.BlockManagerImpl: Deleting blocks conID: 3 locID: 103059478352363531 bcsId: 0
datanode_1  | 2019-10-31 22:59:10,948 INFO server.RaftServerConfigKeys: raft.server.log.purge.gap = 1000000 (custom)
datanode_3  | 2019-10-31 22:59:10,926 INFO storage.RaftStorageDirectory: The storage directory /data/metadata/ratis/430be151-7eda-4013-9607-f6cc5f3624a2 does not exist. Creating ...
datanode_2  | 2019-10-31 22:59:10,933 INFO storage.RaftStorageDirectory: Lock on /data/metadata/ratis/430be151-7eda-4013-9607-f6cc5f3624a2/in_use.lock acquired by nodename 7@e20e85c47d1b
nm_1        | 2019-10-31 23:00:02 INFO  ApplicationImpl:304 - Adding container_1572562731172_0001_01_000001 to application application_1572562731172_0001
rm_1        | 2019-10-31 22:58:51 INFO  AuthenticationFilter:283 - Unable to initialize FileSignerSecretProvider, falling back to use random secrets.
scm_1       | 2019-10-31 23:01:14,589 INFO block.BlockManagerImpl: Deleting blocks conID: 1 locID: 103059478430679052 bcsId: 0
datanode_1  | 2019-10-31 22:59:10,948 INFO server.RaftServerConfigKeys: raft.server.log.appender.buffer.byte-limit = 33554432 (custom)
datanode_2  | 2019-10-31 22:59:10,947 INFO storage.RaftStorage: Storage directory /data/metadata/ratis/430be151-7eda-4013-9607-f6cc5f3624a2 has been successfully formatted.
datanode_3  | 2019-10-31 22:59:10,933 INFO storage.RaftStorageDirectory: Lock on /data/metadata/ratis/430be151-7eda-4013-9607-f6cc5f3624a2/in_use.lock acquired by nodename 7@e037349e1126
rm_1        | 2019-10-31 22:58:51 INFO  HttpRequestLog:80 - Http request log for http.requests.resourcemanager is not defined
nm_1        | 2019-10-31 23:00:02 INFO  ApplicationImpl:464 - Application application_1572562731172_0001 transitioned from INITING to RUNNING
datanode_1  | 2019-10-31 22:59:10,948 INFO server.RaftServerConfigKeys: raft.server.log.segment.size.max = 1048576 (custom)
datanode_2  | 2019-10-31 22:59:10,948 [pool-8-thread-1] INFO       - group-F6CC5F3624A2: The snapshot info is null. Setting the last applied indexto:(t:0, i:~)
datanode_3  | 2019-10-31 22:59:10,947 INFO storage.RaftStorage: Storage directory /data/metadata/ratis/430be151-7eda-4013-9607-f6cc5f3624a2 has been successfully formatted.
rm_1        | 2019-10-31 22:58:51 INFO  HttpServer2:730 - Added global filter 'safety' (class=org.apache.hadoop.http.HttpServer2$QuotingInputFilter)
nm_1        | 2019-10-31 23:00:02 INFO  ContainerImpl:1135 - Container container_1572562731172_0001_01_000001 transitioned from NEW to LOCALIZING
datanode_1  | 2019-10-31 22:59:10,949 INFO server.RaftServerConfigKeys: raft.server.log.segment.cache.num.max = 2 (custom)
datanode_2  | 2019-10-31 22:59:10,948 INFO server.RaftServerConfigKeys: raft.server.notification.no-leader.timeout = 120s (custom)
datanode_3  | 2019-10-31 22:59:10,947 [pool-8-thread-1] INFO       - group-F6CC5F3624A2: The snapshot info is null. Setting the last applied indexto:(t:0, i:~)
rm_1        | 2019-10-31 22:58:51 INFO  HttpServer2:705 - Added filter RMAuthenticationFilter (class=org.apache.hadoop.yarn.server.security.http.RMAuthenticationFilter) to context cluster
nm_1        | 2019-10-31 23:00:02 INFO  AuxServices:196 - Got event CONTAINER_INIT for appId application_1572562731172_0001
datanode_1  | 2019-10-31 22:59:10,949 INFO segmented.SegmentedRaftLogWorker: new 05bd02c8-50f2-43e4-af00-c9426c1edd52@group-F6CC5F3624A2-SegmentedRaftLogWorker for RaftStorage:Storage Directory /data/metadata/ratis/430be151-7eda-4013-9607-f6cc5f3624a2
datanode_2  | 2019-10-31 22:59:10,948 INFO server.RaftServerConfigKeys: raft.server.log.use.memory = false (default)
datanode_3  | 2019-10-31 22:59:10,948 INFO server.RaftServerConfigKeys: raft.server.notification.no-leader.timeout = 120s (custom)
rm_1        | 2019-10-31 22:58:51 INFO  HttpServer2:713 - Added filter RMAuthenticationFilter (class=org.apache.hadoop.yarn.server.security.http.RMAuthenticationFilter) to context logs
nm_1        | 2019-10-31 23:00:02 INFO  LocalizedResource:203 - Resource o3fs://bucket1.vol1/user/hadoop/.staging/job_1572562731172_0001/job.splitmetainfo transitioned from INIT to DOWNLOADING
datanode_1  | 2019-10-31 22:59:10,949 INFO server.RaftServerConfigKeys: raft.server.log.queue.byte-limit = 2147483647 (custom)
datanode_2  | 2019-10-31 22:59:10,948 INFO server.RaftServerConfigKeys: raft.server.log.purge.gap = 1000000 (custom)
datanode_3  | 2019-10-31 22:59:10,948 INFO server.RaftServerConfigKeys: raft.server.log.use.memory = false (default)
rm_1        | 2019-10-31 22:58:51 INFO  HttpServer2:713 - Added filter RMAuthenticationFilter (class=org.apache.hadoop.yarn.server.security.http.RMAuthenticationFilter) to context static
nm_1        | 2019-10-31 23:00:02 INFO  LocalizedResource:203 - Resource o3fs://bucket1.vol1/user/hadoop/.staging/job_1572562731172_0001/job.jar transitioned from INIT to DOWNLOADING
datanode_1  | 2019-10-31 22:59:10,949 INFO server.RaftServerConfigKeys: raft.server.log.queue.element-limit = 1024 (custom)
datanode_2  | 2019-10-31 22:59:10,948 INFO server.RaftServerConfigKeys: raft.server.log.appender.buffer.byte-limit = 33554432 (custom)
datanode_3  | 2019-10-31 22:59:10,948 INFO server.RaftServerConfigKeys: raft.server.log.purge.gap = 1000000 (custom)
rm_1        | 2019-10-31 22:58:51 INFO  HttpServer2:705 - Added filter static_user_filter (class=org.apache.hadoop.http.lib.StaticUserWebFilter$StaticUserFilter) to context cluster
nm_1        | 2019-10-31 23:00:02 INFO  LocalizedResource:203 - Resource o3fs://bucket1.vol1/user/hadoop/.staging/job_1572562731172_0001/job.split transitioned from INIT to DOWNLOADING
datanode_1  | 2019-10-31 22:59:10,949 INFO server.RaftServerConfigKeys: raft.server.log.segment.size.max = 1048576 (custom)
datanode_2  | 2019-10-31 22:59:10,948 INFO server.RaftServerConfigKeys: raft.server.log.segment.size.max = 1048576 (custom)
datanode_3  | 2019-10-31 22:59:10,948 INFO server.RaftServerConfigKeys: raft.server.log.appender.buffer.byte-limit = 33554432 (custom)
rm_1        | 2019-10-31 22:58:51 INFO  HttpServer2:713 - Added filter static_user_filter (class=org.apache.hadoop.http.lib.StaticUserWebFilter$StaticUserFilter) to context logs
nm_1        | 2019-10-31 23:00:02 INFO  LocalizedResource:203 - Resource o3fs://bucket1.vol1/user/hadoop/.staging/job_1572562731172_0001/job.xml transitioned from INIT to DOWNLOADING
datanode_1  | 2019-10-31 22:59:10,949 INFO server.RaftServerConfigKeys: raft.server.log.preallocated.size = 16384 (custom)
datanode_2  | 2019-10-31 22:59:10,948 INFO server.RaftServerConfigKeys: raft.server.log.segment.cache.num.max = 2 (custom)
datanode_3  | 2019-10-31 22:59:10,948 INFO server.RaftServerConfigKeys: raft.server.log.segment.size.max = 1048576 (custom)
rm_1        | 2019-10-31 22:58:51 INFO  HttpServer2:713 - Added filter static_user_filter (class=org.apache.hadoop.http.lib.StaticUserWebFilter$StaticUserFilter) to context static
nm_1        | 2019-10-31 23:00:02 INFO  ResourceLocalizationService:711 - Created localizer for container_1572562731172_0001_01_000001
datanode_1  | 2019-10-31 22:59:10,950 INFO server.RaftServerConfigKeys: raft.server.log.write.buffer.size = 33554432 (custom)
datanode_2  | 2019-10-31 22:59:10,948 INFO segmented.SegmentedRaftLogWorker: new 702b72a9-37ab-48f9-9e0f-83a5d3a0d6f6@group-F6CC5F3624A2-SegmentedRaftLogWorker for RaftStorage:Storage Directory /data/metadata/ratis/430be151-7eda-4013-9607-f6cc5f3624a2
datanode_3  | 2019-10-31 22:59:10,949 INFO server.RaftServerConfigKeys: raft.server.log.segment.cache.num.max = 2 (custom)
rm_1        | 2019-10-31 22:58:51 INFO  HttpServer2:424 - adding path spec: /cluster/*
nm_1        | 2019-10-31 23:00:02 INFO  ResourceLocalizationService:1195 - Writing credentials to the nmPrivate file /tmp/hadoop-hadoop/nm-local-dir/nmPrivate/container_1572562731172_0001_01_000001.tokens. Credentials list: 
datanode_1  | 2019-10-31 22:59:10,950 INFO server.RaftServerConfigKeys: raft.server.log.force.sync.num = 128 (default)
datanode_2  | 2019-10-31 22:59:10,949 INFO server.RaftServerConfigKeys: raft.server.log.queue.byte-limit = 2147483647 (custom)
datanode_3  | 2019-10-31 22:59:10,949 INFO segmented.SegmentedRaftLogWorker: new f7851f37-2f91-42fd-8e5c-9a6d35b21241@group-F6CC5F3624A2-SegmentedRaftLogWorker for RaftStorage:Storage Directory /data/metadata/ratis/430be151-7eda-4013-9607-f6cc5f3624a2
rm_1        | 2019-10-31 22:58:51 INFO  HttpServer2:424 - adding path spec: /ws/*
datanode_1  | 2019-10-31 22:59:10,950 INFO server.RaftServerConfigKeys: raft.server.log.statemachine.data.sync = true (default)
nm_1        | 2019-10-31 23:00:02 INFO  DefaultContainerExecutor:612 - Initializing user hadoop
datanode_2  | 2019-10-31 22:59:10,949 INFO server.RaftServerConfigKeys: raft.server.log.queue.element-limit = 1024 (custom)
datanode_3  | 2019-10-31 22:59:10,949 INFO server.RaftServerConfigKeys: raft.server.log.queue.byte-limit = 2147483647 (custom)
rm_1        | 2019-10-31 22:58:52 INFO  WebApps:288 - Registered webapp guice modules
datanode_1  | 2019-10-31 22:59:10,950 INFO server.RaftServerConfigKeys: raft.server.log.statemachine.data.sync.timeout = 10s (default)
nm_1        | 2019-10-31 23:00:02 INFO  DefaultContainerExecutor:117 - Copying from /tmp/hadoop-hadoop/nm-local-dir/nmPrivate/container_1572562731172_0001_01_000001.tokens to /tmp/hadoop-hadoop/nm-local-dir/usercache/hadoop/appcache/application_1572562731172_0001/container_1572562731172_0001_01_000001.tokens
datanode_2  | 2019-10-31 22:59:10,949 INFO server.RaftServerConfigKeys: raft.server.log.segment.size.max = 1048576 (custom)
datanode_3  | 2019-10-31 22:59:10,949 INFO server.RaftServerConfigKeys: raft.server.log.queue.element-limit = 1024 (custom)
datanode_1  | 2019-10-31 22:59:10,950 INFO server.RaftServerConfigKeys: raft.server.log.statemachine.data.sync.timeout.retry = -1 (default)
nm_1        | 2019-10-31 23:00:02 INFO  DefaultContainerExecutor:124 - Localizer CWD set to /tmp/hadoop-hadoop/nm-local-dir/usercache/hadoop/appcache/application_1572562731172_0001 = file:/tmp/hadoop-hadoop/nm-local-dir/usercache/hadoop/appcache/application_1572562731172_0001
rm_1        | 2019-10-31 22:58:52 INFO  HttpServer2:935 - Jetty bound to port 8088
datanode_2  | 2019-10-31 22:59:10,949 INFO server.RaftServerConfigKeys: raft.server.log.preallocated.size = 16384 (custom)
datanode_3  | 2019-10-31 22:59:10,949 INFO server.RaftServerConfigKeys: raft.server.log.segment.size.max = 1048576 (custom)
datanode_1  | 2019-10-31 22:59:10,950 INFO server.RaftServerConfigKeys: raft.server.log.statemachine.data.caching.enabled = true (custom)
nm_1        | 2019-10-31 23:00:03 WARN  NativeCodeLoader:60 - Unable to load native-hadoop library for your platform... using builtin-java classes where applicable
rm_1        | 2019-10-31 22:58:52 INFO  log:67 - jetty-6.1.26
datanode_2  | 2019-10-31 22:59:10,949 INFO server.RaftServerConfigKeys: raft.server.log.write.buffer.size = 33554432 (custom)
datanode_3  | 2019-10-31 22:59:10,949 INFO server.RaftServerConfigKeys: raft.server.log.preallocated.size = 16384 (custom)
nm_1        | 2019-10-31 23:00:04 INFO  MetricsConfig:118 - Loaded properties from hadoop-metrics2.properties
datanode_1  | 2019-10-31 22:59:10,951 INFO segmented.SegmentedRaftLogWorker: 05bd02c8-50f2-43e4-af00-c9426c1edd52@group-F6CC5F3624A2-SegmentedRaftLogWorker: flushIndex: setUnconditionally 0 -> -1
rm_1        | 2019-10-31 22:58:52 INFO  log:67 - Extract jar:file:/opt/hadoop/share/hadoop/yarn/hadoop-yarn-common-2.7.7.jar!/webapps/cluster to /tmp/Jetty_rm_8088_cluster____oilmo9/webapp
datanode_2  | 2019-10-31 22:59:10,949 INFO server.RaftServerConfigKeys: raft.server.log.force.sync.num = 128 (default)
