datanode_1  | 2019-10-29 21:44:47,177 [pool-8-thread-1] INFO       - group-3D6A169AFB45: The snapshot info is null. Setting the last applied indexto:(t:0, i:~)
om_1        | 2019-10-29 21:44:47,074 INFO http.HttpRequestLog: Http request log for http.requests.ozoneManager is not defined
scm_1       | 2019-10-29 21:44:43,106 INFO ipc.Server: IPC Server listener on 9861: starting
datanode_3  | 2019-10-29 21:44:48,227 INFO server.RaftServerConfigKeys: raft.server.log.purge.gap = 1000000 (custom)
datanode_2  | 2019-10-29 21:44:47,682 INFO server.RaftServerConfigKeys: raft.server.log.statemachine.data.sync.timeout.retry = -1 (default)
datanode_1  | 2019-10-29 21:44:47,178 INFO server.RaftServerConfigKeys: raft.server.notification.no-leader.timeout = 120s (custom)
om_1        | 2019-10-29 21:44:47,080 INFO http.HttpServer2: Added global filter 'safety' (class=org.apache.hadoop.http.HttpServer2$QuotingInputFilter)
scm_1       | 2019-10-29 21:44:43,109 INFO http.HttpServer2: Jetty bound to port 9876
datanode_3  | 2019-10-29 21:44:48,227 INFO server.RaftServerConfigKeys: raft.server.log.appender.buffer.byte-limit = 33554432 (custom)
datanode_2  | 2019-10-29 21:44:47,690 INFO server.RaftServerConfigKeys: raft.server.log.statemachine.data.caching.enabled = true (custom)
datanode_1  | 2019-10-29 21:44:47,181 INFO server.RaftServerConfigKeys: raft.server.log.use.memory = false (default)
om_1        | 2019-10-29 21:44:47,082 INFO http.HttpServer2: Added filter static_user_filter (class=org.apache.hadoop.http.lib.StaticUserWebFilter$StaticUserFilter) to context ozoneManager
scm_1       | 2019-10-29 21:44:43,111 INFO server.Server: jetty-9.3.25.v20180904, build timestamp: 2018-09-04T21:11:46Z, git hash: 3ce520221d0240229c862b122d2b06c12a625732
datanode_3  | 2019-10-29 21:44:48,230 INFO server.RaftServerConfigKeys: raft.server.log.segment.size.max = 1048576 (custom)
datanode_2  | 2019-10-29 21:44:47,694 INFO segmented.SegmentedRaftLogWorker: 81bc1c4f-b86b-4d5e-ba56-c1844cb2c059@group-84813D3EA24D-SegmentedRaftLogWorker: flushIndex: setUnconditionally 0 -> -1
datanode_1  | 2019-10-29 21:44:47,185 INFO server.RaftServerConfigKeys: raft.server.log.purge.gap = 1000000 (custom)
scm_1       | 2019-10-29 21:44:43,158 INFO handler.ContextHandler: Started o.e.j.s.ServletContextHandler@1cb19dba{/logs,file:///var/log/hadoop/,AVAILABLE}
datanode_3  | 2019-10-29 21:44:48,237 INFO metrics.MetricRegistries: Loaded MetricRegistries class org.apache.ratis.metrics.impl.MetricRegistriesImpl
datanode_2  | 2019-10-29 21:44:47,698 INFO server.RaftServerConfigKeys: raft.server.snapshot.auto.trigger.enabled = true (custom)
datanode_1  | 2019-10-29 21:44:47,185 INFO server.RaftServerConfigKeys: raft.server.log.appender.buffer.byte-limit = 33554432 (custom)
om_1        | 2019-10-29 21:44:47,082 INFO http.HttpServer2: Added filter static_user_filter (class=org.apache.hadoop.http.lib.StaticUserWebFilter$StaticUserFilter) to context static
scm_1       | 2019-10-29 21:44:43,159 INFO handler.ContextHandler: Started o.e.j.s.ServletContextHandler@4a5905d9{/static,jar:file:/opt/hadoop/share/ozone/lib/hadoop-hdds-server-scm-0.5.0-SNAPSHOT.jar!/webapps/static,AVAILABLE}
datanode_3  | 2019-10-29 21:44:48,241 WARN impl.MetricRegistriesImpl: First MetricRegistry has been created without registering reporters. You may need to call MetricRegistries.global().addReportRegistration(...) before.
datanode_1  | 2019-10-29 21:44:47,187 INFO server.RaftServerConfigKeys: raft.server.log.segment.size.max = 1048576 (custom)
datanode_2  | 2019-10-29 21:44:47,699 INFO server.RaftServerConfigKeys: raft.server.snapshot.auto.trigger.threshold = 10000 (custom)
om_1        | 2019-10-29 21:44:47,082 INFO http.HttpServer2: Added filter static_user_filter (class=org.apache.hadoop.http.lib.StaticUserWebFilter$StaticUserFilter) to context logs
scm_1       | 2019-10-29 21:44:43,233 INFO handler.ContextHandler: Started o.e.j.w.WebAppContext@30364216{/,file:///tmp/jetty-0.0.0.0-9876-scm-_-any-13398306907479579876.dir/webapp/,AVAILABLE}{/scm}
datanode_3  | 2019-10-29 21:44:48,247 INFO server.RaftServerConfigKeys: raft.server.log.segment.cache.num.max = 2 (custom)
datanode_1  | 2019-10-29 21:44:47,192 INFO metrics.MetricRegistries: Loaded MetricRegistries class org.apache.ratis.metrics.impl.MetricRegistriesImpl
datanode_2  | 2019-10-29 21:44:47,699 INFO server.RaftServerConfigKeys: raft.server.snapshot.retention.file.num = 5 (custom)
om_1        | 2019-10-29 21:44:47,098 WARN server.BaseHttpServer: /prof java profiling servlet is activated. Not safe for production!
scm_1       | 2019-10-29 21:44:43,242 INFO server.AbstractConnector: Started ServerConnector@4da3535f{HTTP/1.1,[http/1.1]}{0.0.0.0:9876}
datanode_3  | 2019-10-29 21:44:48,253 INFO segmented.SegmentedRaftLogWorker: new 0432c2e8-a308-44ef-8c92-d1647c4722f3@group-ECEA76419688-SegmentedRaftLogWorker for RaftStorage:Storage Directory /data/metadata/ratis/b87585fe-a38e-414e-8e65-ecea76419688
datanode_2  | 2019-10-29 21:44:47,700 INFO server.RaftServerConfigKeys: raft.server.retrycache.expirytime = 600000ms (custom)
datanode_1  | 2019-10-29 21:44:47,195 WARN impl.MetricRegistriesImpl: First MetricRegistry has been created without registering reporters. You may need to call MetricRegistries.global().addReportRegistration(...) before.
om_1        | 2019-10-29 21:44:47,101 INFO http.HttpServer2: Jetty bound to port 9874
scm_1       | 2019-10-29 21:44:43,243 INFO server.Server: Started @3165ms
datanode_3  | 2019-10-29 21:44:48,253 INFO server.RaftServerConfigKeys: raft.server.log.queue.byte-limit = 2147483647 (custom)
datanode_2  | 2019-10-29 21:44:47,719 WARN impl.MetricRegistriesImpl: First MetricRegistry has been created without registering reporters. You may need to call MetricRegistries.global().addReportRegistration(...) before.
datanode_1  | 2019-10-29 21:44:47,200 INFO server.RaftServerConfigKeys: raft.server.log.segment.cache.num.max = 2 (custom)
om_1        | 2019-10-29 21:44:47,102 INFO server.Server: jetty-9.3.25.v20180904, build timestamp: 2018-09-04T21:11:46Z, git hash: 3ce520221d0240229c862b122d2b06c12a625732
scm_1       | 2019-10-29 21:44:43,246 INFO impl.MetricsSinkAdapter: Sink prometheus started
datanode_3  | 2019-10-29 21:44:48,254 INFO server.RaftServerConfigKeys: raft.server.log.queue.element-limit = 1024 (custom)
datanode_2  | 2019-10-29 21:44:47,721 WARN impl.MetricRegistriesImpl: First MetricRegistry has been created without registering reporters. You may need to call MetricRegistries.global().addReportRegistration(...) before.
datanode_1  | 2019-10-29 21:44:47,204 INFO segmented.SegmentedRaftLogWorker: new c75a96f6-5b7a-4dc0-94c7-f0c06a9b9d4c@group-3D6A169AFB45-SegmentedRaftLogWorker for RaftStorage:Storage Directory /data/metadata/ratis/596fa317-4d70-43f5-aa62-3d6a169afb45
om_1        | 2019-10-29 21:44:47,131 INFO handler.ContextHandler: Started o.e.j.s.ServletContextHandler@600f5704{/logs,file:///var/log/hadoop/,AVAILABLE}
scm_1       | 2019-10-29 21:44:43,246 INFO impl.MetricsSystemImpl: Registered sink prometheus
datanode_3  | 2019-10-29 21:44:48,255 INFO server.RaftServerConfigKeys: raft.server.log.segment.size.max = 1048576 (custom)
datanode_2  | 2019-10-29 21:44:47,722 INFO impl.RaftServerImpl: 81bc1c4f-b86b-4d5e-ba56-c1844cb2c059@group-84813D3EA24D: start as a follower, conf=-1: [81bc1c4f-b86b-4d5e-ba56-c1844cb2c059:172.18.0.6:9858], old=null
datanode_1  | 2019-10-29 21:44:47,204 INFO server.RaftServerConfigKeys: raft.server.log.queue.byte-limit = 2147483647 (custom)
om_1        | 2019-10-29 21:44:47,132 INFO handler.ContextHandler: Started o.e.j.s.ServletContextHandler@4288d98e{/static,jar:file:/opt/hadoop/share/ozone/lib/hadoop-ozone-ozone-manager-0.5.0-SNAPSHOT.jar!/webapps/static,AVAILABLE}
scm_1       | 2019-10-29 21:44:43,249 INFO server.BaseHttpServer: HTTP server of SCM is listening at http://0.0.0.0:9876
datanode_3  | 2019-10-29 21:44:48,256 INFO server.RaftServerConfigKeys: raft.server.log.preallocated.size = 16384 (custom)
datanode_2  | 2019-10-29 21:44:47,724 INFO impl.RaftServerImpl: 81bc1c4f-b86b-4d5e-ba56-c1844cb2c059@group-84813D3EA24D: changes role from      null to FOLLOWER at term 0 for startAsFollower
datanode_1  | 2019-10-29 21:44:47,205 INFO server.RaftServerConfigKeys: raft.server.log.queue.element-limit = 1024 (custom)
om_1        | 2019-10-29 21:44:47,227 INFO handler.ContextHandler: Started o.e.j.w.WebAppContext@6e4599c0{/,file:///tmp/jetty-0.0.0.0-9874-ozoneManager-_-any-4618222340793576643.dir/webapp/,AVAILABLE}{/ozoneManager}
scm_1       | 2019-10-29 21:44:43,258 INFO util.JvmPauseMonitor: Starting JVM pause monitor
datanode_3  | 2019-10-29 21:44:48,256 INFO server.RaftServerConfigKeys: raft.server.log.write.buffer.size = 33554432 (custom)
datanode_2  | 2019-10-29 21:44:47,725 INFO impl.RoleInfo: 81bc1c4f-b86b-4d5e-ba56-c1844cb2c059: start FollowerState
datanode_1  | 2019-10-29 21:44:47,206 INFO server.RaftServerConfigKeys: raft.server.log.segment.size.max = 1048576 (custom)
om_1        | 2019-10-29 21:44:47,233 INFO server.AbstractConnector: Started ServerConnector@76b47204{HTTP/1.1,[http/1.1]}{0.0.0.0:9874}
scm_1       | 2019-10-29 21:44:46,246 INFO net.NetworkTopology: Added a new node: /default-rack/c75a96f6-5b7a-4dc0-94c7-f0c06a9b9d4c
datanode_3  | 2019-10-29 21:44:48,256 INFO server.RaftServerConfigKeys: raft.server.log.force.sync.num = 128 (default)
datanode_2  | 2019-10-29 21:44:47,729 INFO util.JmxRegister: Successfully registered JMX Bean with object name Ratis:service=RaftServer,group=group-84813D3EA24D,id=81bc1c4f-b86b-4d5e-ba56-c1844cb2c059
datanode_1  | 2019-10-29 21:44:47,206 INFO server.RaftServerConfigKeys: raft.server.log.preallocated.size = 16384 (custom)
om_1        | 2019-10-29 21:44:47,233 INFO server.Server: Started @3662ms
scm_1       | 2019-10-29 21:44:46,246 INFO node.SCMNodeManager: Registered Data node : c75a96f6-5b7a-4dc0-94c7-f0c06a9b9d4c{ip: 172.18.0.3, host: ozone_datanode_1.ozone_default, networkLocation: /default-rack, certSerialId: null}
datanode_3  | 2019-10-29 21:44:48,257 INFO server.RaftServerConfigKeys: raft.server.log.statemachine.data.sync = true (default)
datanode_2  | 2019-10-29 21:44:47,731 WARN impl.MetricRegistriesImpl: First MetricRegistry has been created without registering reporters. You may need to call MetricRegistries.global().addReportRegistration(...) before.
datanode_1  | 2019-10-29 21:44:47,206 INFO server.RaftServerConfigKeys: raft.server.log.write.buffer.size = 33554432 (custom)
om_1        | 2019-10-29 21:44:47,237 INFO impl.MetricsSinkAdapter: Sink prometheus started
scm_1       | 2019-10-29 21:44:46,253 INFO safemode.SCMSafeModeManager: SCM in safe mode. 1 DataNodes registered, 1 required.
datanode_3  | 2019-10-29 21:44:48,257 INFO server.RaftServerConfigKeys: raft.server.log.statemachine.data.sync.timeout = 10s (default)
datanode_1  | 2019-10-29 21:44:47,207 INFO server.RaftServerConfigKeys: raft.server.log.force.sync.num = 128 (default)
datanode_2  | 2019-10-29 21:44:48,418 INFO impl.RaftServerProxy: 81bc1c4f-b86b-4d5e-ba56-c1844cb2c059: addNew group-7FB8BEEA9541:[81bc1c4f-b86b-4d5e-ba56-c1844cb2c059:172.18.0.6:9858, 0432c2e8-a308-44ef-8c92-d1647c4722f3:172.18.0.4:9858, c75a96f6-5b7a-4dc0-94c7-f0c06a9b9d4c:172.18.0.3:9858] returns group-7FB8BEEA9541:java.util.concurrent.CompletableFuture@68ac400e[Not completed]
om_1        | 2019-10-29 21:44:47,237 INFO impl.MetricsSystemImpl: Registered sink prometheus
scm_1       | 2019-10-29 21:44:46,254 INFO safemode.SCMSafeModeManager: ScmSafeModeManager, all rules are successfully validated
datanode_3  | 2019-10-29 21:44:48,258 INFO server.RaftServerConfigKeys: raft.server.log.statemachine.data.sync.timeout.retry = -1 (default)
datanode_1  | 2019-10-29 21:44:47,208 INFO server.RaftServerConfigKeys: raft.server.log.statemachine.data.sync = true (default)
datanode_2  | 2019-10-29 21:44:48,421 INFO impl.RaftServerImpl: 81bc1c4f-b86b-4d5e-ba56-c1844cb2c059: new RaftServerImpl for group-7FB8BEEA9541:[81bc1c4f-b86b-4d5e-ba56-c1844cb2c059:172.18.0.6:9858, 0432c2e8-a308-44ef-8c92-d1647c4722f3:172.18.0.4:9858, c75a96f6-5b7a-4dc0-94c7-f0c06a9b9d4c:172.18.0.3:9858] with ContainerStateMachine:uninitialized
om_1        | 2019-10-29 21:44:47,239 INFO server.BaseHttpServer: HTTP server of OZONEMANAGER is listening at http://0.0.0.0:9874
scm_1       | 2019-10-29 21:44:46,254 INFO safemode.SCMSafeModeManager: SCM exiting safe mode.
datanode_1  | 2019-10-29 21:44:47,208 INFO server.RaftServerConfigKeys: raft.server.log.statemachine.data.sync.timeout = 10s (default)
datanode_2  | 2019-10-29 21:44:48,421 INFO server.RaftServerConfigKeys: raft.server.rpc.timeout.min = 5s (custom)
datanode_3  | 2019-10-29 21:44:48,267 INFO server.RaftServerConfigKeys: raft.server.log.statemachine.data.caching.enabled = true (custom)
om_1        | 2019-10-29 21:45:00,922 [IPC Server handler 2 on 9862] INFO       - created volume:vol-0-57735 for user:hadoop
scm_1       | 2019-10-29 21:44:46,333 INFO net.NetworkTopology: Added a new node: /default-rack/81bc1c4f-b86b-4d5e-ba56-c1844cb2c059
datanode_1  | 2019-10-29 21:44:47,208 INFO server.RaftServerConfigKeys: raft.server.log.statemachine.data.sync.timeout.retry = -1 (default)
datanode_2  | 2019-10-29 21:44:48,421 INFO server.RaftServerConfigKeys: raft.server.rpc.timeout.max = 5200ms (custom)
datanode_3  | 2019-10-29 21:44:48,272 INFO segmented.SegmentedRaftLogWorker: 0432c2e8-a308-44ef-8c92-d1647c4722f3@group-ECEA76419688-SegmentedRaftLogWorker: flushIndex: setUnconditionally 0 -> -1
om_1        | 2019-10-29 21:45:00,958 [IPC Server handler 1 on 9862] INFO       - created volume:vol-1-34238 for user:hadoop
scm_1       | 2019-10-29 21:44:46,333 INFO node.SCMNodeManager: Registered Data node : 81bc1c4f-b86b-4d5e-ba56-c1844cb2c059{ip: 172.18.0.6, host: ozone_datanode_2.ozone_default, networkLocation: /default-rack, certSerialId: null}
datanode_1  | 2019-10-29 21:44:47,215 INFO server.RaftServerConfigKeys: raft.server.log.statemachine.data.caching.enabled = true (custom)
datanode_2  | 2019-10-29 21:44:48,421 INFO server.RaftServerConfigKeys: raft.server.rpcslowness.timeout = 120s (custom)
datanode_3  | 2019-10-29 21:44:48,277 INFO server.RaftServerConfigKeys: raft.server.snapshot.auto.trigger.enabled = true (custom)
om_1        | 2019-10-29 21:45:01,014 [IPC Server handler 3 on 9862] INFO       - created volume:vol-2-04852 for user:hadoop
scm_1       | 2019-10-29 21:44:46,371 INFO net.NetworkTopology: Added a new node: /default-rack/0432c2e8-a308-44ef-8c92-d1647c4722f3
datanode_1  | 2019-10-29 21:44:47,219 INFO segmented.SegmentedRaftLogWorker: c75a96f6-5b7a-4dc0-94c7-f0c06a9b9d4c@group-3D6A169AFB45-SegmentedRaftLogWorker: flushIndex: setUnconditionally 0 -> -1
datanode_2  | 2019-10-29 21:44:48,421 INFO server.RaftServerConfigKeys: raft.server.sleep.deviation.threshold = 300 (default)
datanode_3  | 2019-10-29 21:44:48,277 INFO server.RaftServerConfigKeys: raft.server.snapshot.auto.trigger.threshold = 10000 (custom)
scm_1       | 2019-10-29 21:44:46,371 INFO node.SCMNodeManager: Registered Data node : 0432c2e8-a308-44ef-8c92-d1647c4722f3{ip: 172.18.0.4, host: ozone_datanode_3.ozone_default, networkLocation: /default-rack, certSerialId: null}
datanode_1  | 2019-10-29 21:44:47,223 INFO server.RaftServerConfigKeys: raft.server.snapshot.auto.trigger.enabled = true (custom)
datanode_3  | 2019-10-29 21:44:48,278 INFO server.RaftServerConfigKeys: raft.server.snapshot.retention.file.num = 5 (custom)
datanode_2  | 2019-10-29 21:44:48,421 INFO server.RaftServerConfigKeys: raft.server.log.appender.install.snapshot.enabled = false (custom)
om_1        | 2019-10-29 21:45:01,037 [IPC Server handler 6 on 9862] INFO       - created volume:vol-3-46455 for user:hadoop
scm_1       | WARNING: An illegal reflective access operation has occurred
datanode_1  | 2019-10-29 21:44:47,224 INFO server.RaftServerConfigKeys: raft.server.snapshot.auto.trigger.threshold = 10000 (custom)
datanode_3  | 2019-10-29 21:44:48,278 INFO server.RaftServerConfigKeys: raft.server.retrycache.expirytime = 600000ms (custom)
datanode_2  | 2019-10-29 21:44:48,422 INFO impl.RaftServerImpl: 81bc1c4f-b86b-4d5e-ba56-c1844cb2c059@group-7FB8BEEA9541: ConfigurationManager, init=-1: [81bc1c4f-b86b-4d5e-ba56-c1844cb2c059:172.18.0.6:9858, 0432c2e8-a308-44ef-8c92-d1647c4722f3:172.18.0.4:9858, c75a96f6-5b7a-4dc0-94c7-f0c06a9b9d4c:172.18.0.3:9858], old=null, confs=<EMPTY_MAP>
datanode_1  | 2019-10-29 21:44:47,224 INFO server.RaftServerConfigKeys: raft.server.snapshot.retention.file.num = 5 (custom)
datanode_3  | 2019-10-29 21:44:48,298 WARN impl.MetricRegistriesImpl: First MetricRegistry has been created without registering reporters. You may need to call MetricRegistries.global().addReportRegistration(...) before.
scm_1       | WARNING: Illegal reflective access by org.apache.ratis.thirdparty.com.google.protobuf.UnsafeUtil (file:/opt/hadoop/share/ozone/lib/ratis-thirdparty-misc-0.2.0.jar) to field java.nio.Buffer.address
datanode_2  | 2019-10-29 21:44:48,422 INFO server.RaftServerConfigKeys: raft.server.storage.dir = [/data/metadata/ratis] (custom)
om_1        | 2019-10-29 21:45:01,057 [IPC Server handler 7 on 9862] INFO       - created volume:vol-4-48457 for user:hadoop
datanode_1  | 2019-10-29 21:44:47,225 INFO server.RaftServerConfigKeys: raft.server.retrycache.expirytime = 600000ms (custom)
datanode_3  | 2019-10-29 21:44:48,301 WARN impl.MetricRegistriesImpl: First MetricRegistry has been created without registering reporters. You may need to call MetricRegistries.global().addReportRegistration(...) before.
scm_1       | WARNING: Please consider reporting this to the maintainers of org.apache.ratis.thirdparty.com.google.protobuf.UnsafeUtil
datanode_2  | 2019-10-29 21:44:48,422 INFO server.RaftServerConfigKeys: raft.server.log.corruption.policy = EXCEPTION (default)
om_1        | 2019-10-29 21:45:19,842 [IPC Server handler 9 on 9862] INFO       - created volume:tthkn for user:hadoop
datanode_1  | 2019-10-29 21:44:47,241 WARN impl.MetricRegistriesImpl: First MetricRegistry has been created without registering reporters. You may need to call MetricRegistries.global().addReportRegistration(...) before.
scm_1       | WARNING: Use --illegal-access=warn to enable warnings of further illegal reflective access operations
datanode_3  | 2019-10-29 21:44:48,303 INFO impl.RaftServerImpl: 0432c2e8-a308-44ef-8c92-d1647c4722f3@group-ECEA76419688: start as a follower, conf=-1: [0432c2e8-a308-44ef-8c92-d1647c4722f3:172.18.0.4:9858], old=null
datanode_2  | 2019-10-29 21:44:48,422 INFO storage.RaftStorageDirectory: The storage directory /data/metadata/ratis/a0826d1e-c749-4177-83a6-7fb8beea9541 does not exist. Creating ...
datanode_1  | 2019-10-29 21:44:47,243 WARN impl.MetricRegistriesImpl: First MetricRegistry has been created without registering reporters. You may need to call MetricRegistries.global().addReportRegistration(...) before.
scm_1       | WARNING: All illegal access operations will be denied in a future release
datanode_3  | 2019-10-29 21:44:48,304 INFO impl.RaftServerImpl: 0432c2e8-a308-44ef-8c92-d1647c4722f3@group-ECEA76419688: changes role from      null to FOLLOWER at term 0 for startAsFollower
datanode_2  | 2019-10-29 21:44:48,448 INFO storage.RaftStorageDirectory: Lock on /data/metadata/ratis/a0826d1e-c749-4177-83a6-7fb8beea9541/in_use.lock acquired by nodename 7@989039177ca7
datanode_1  | 2019-10-29 21:44:47,245 INFO impl.RaftServerImpl: c75a96f6-5b7a-4dc0-94c7-f0c06a9b9d4c@group-3D6A169AFB45: start as a follower, conf=-1: [c75a96f6-5b7a-4dc0-94c7-f0c06a9b9d4c:172.18.0.3:9858], old=null
scm_1       | 2019-10-29 21:44:47,339 INFO pipeline.PipelineStateManager: Created pipeline Pipeline[ Id: 596fa317-4d70-43f5-aa62-3d6a169afb45, Nodes: c75a96f6-5b7a-4dc0-94c7-f0c06a9b9d4c{ip: 172.18.0.3, host: ozone_datanode_1.ozone_default, networkLocation: /default-rack, certSerialId: null}, Type:RATIS, Factor:ONE, State:OPEN]
datanode_3  | 2019-10-29 21:44:48,305 INFO impl.RoleInfo: 0432c2e8-a308-44ef-8c92-d1647c4722f3: start FollowerState
datanode_2  | 2019-10-29 21:44:48,463 INFO storage.RaftStorage: Storage directory /data/metadata/ratis/a0826d1e-c749-4177-83a6-7fb8beea9541 has been successfully formatted.
datanode_1  | 2019-10-29 21:44:47,245 INFO impl.RaftServerImpl: c75a96f6-5b7a-4dc0-94c7-f0c06a9b9d4c@group-3D6A169AFB45: changes role from      null to FOLLOWER at term 0 for startAsFollower
scm_1       | 2019-10-29 21:44:47,792 INFO pipeline.PipelineStateManager: Created pipeline Pipeline[ Id: 220863f9-11fe-4a63-a0d3-84813d3ea24d, Nodes: 81bc1c4f-b86b-4d5e-ba56-c1844cb2c059{ip: 172.18.0.6, host: ozone_datanode_2.ozone_default, networkLocation: /default-rack, certSerialId: null}, Type:RATIS, Factor:ONE, State:OPEN]
datanode_3  | 2019-10-29 21:44:48,312 INFO util.JmxRegister: Successfully registered JMX Bean with object name Ratis:service=RaftServer,group=group-ECEA76419688,id=0432c2e8-a308-44ef-8c92-d1647c4722f3
datanode_2  | 2019-10-29 21:44:48,463 [pool-8-thread-1] INFO       - group-7FB8BEEA9541: The snapshot info is null. Setting the last applied indexto:(t:0, i:~)
datanode_1  | 2019-10-29 21:44:47,246 INFO impl.RoleInfo: c75a96f6-5b7a-4dc0-94c7-f0c06a9b9d4c: start FollowerState
scm_1       | 2019-10-29 21:44:48,378 INFO pipeline.PipelineStateManager: Created pipeline Pipeline[ Id: b87585fe-a38e-414e-8e65-ecea76419688, Nodes: 0432c2e8-a308-44ef-8c92-d1647c4722f3{ip: 172.18.0.4, host: ozone_datanode_3.ozone_default, networkLocation: /default-rack, certSerialId: null}, Type:RATIS, Factor:ONE, State:OPEN]
datanode_3  | 2019-10-29 21:44:48,315 WARN impl.MetricRegistriesImpl: First MetricRegistry has been created without registering reporters. You may need to call MetricRegistries.global().addReportRegistration(...) before.
datanode_2  | 2019-10-29 21:44:48,464 INFO server.RaftServerConfigKeys: raft.server.notification.no-leader.timeout = 120s (custom)
datanode_1  | 2019-10-29 21:44:47,250 INFO util.JmxRegister: Successfully registered JMX Bean with object name Ratis:service=RaftServer,group=group-3D6A169AFB45,id=c75a96f6-5b7a-4dc0-94c7-f0c06a9b9d4c
scm_1       | 2019-10-29 21:44:48,481 INFO pipeline.PipelineStateManager: Created pipeline Pipeline[ Id: a0826d1e-c749-4177-83a6-7fb8beea9541, Nodes: c75a96f6-5b7a-4dc0-94c7-f0c06a9b9d4c{ip: 172.18.0.3, host: ozone_datanode_1.ozone_default, networkLocation: /default-rack, certSerialId: null}81bc1c4f-b86b-4d5e-ba56-c1844cb2c059{ip: 172.18.0.6, host: ozone_datanode_2.ozone_default, networkLocation: /default-rack, certSerialId: null}0432c2e8-a308-44ef-8c92-d1647c4722f3{ip: 172.18.0.4, host: ozone_datanode_3.ozone_default, networkLocation: /default-rack, certSerialId: null}, Type:RATIS, Factor:THREE, State:OPEN]
datanode_3  | 2019-10-29 21:44:48,435 INFO impl.RaftServerProxy: 0432c2e8-a308-44ef-8c92-d1647c4722f3: addNew group-7FB8BEEA9541:[81bc1c4f-b86b-4d5e-ba56-c1844cb2c059:172.18.0.6:9858, 0432c2e8-a308-44ef-8c92-d1647c4722f3:172.18.0.4:9858, c75a96f6-5b7a-4dc0-94c7-f0c06a9b9d4c:172.18.0.3:9858] returns group-7FB8BEEA9541:java.util.concurrent.CompletableFuture@2995ae1d[Not completed]
datanode_2  | 2019-10-29 21:44:48,464 INFO server.RaftServerConfigKeys: raft.server.log.use.memory = false (default)
scm_1       | 2019-10-29 21:45:46,970 INFO server.SCMBlockProtocolServer: SCM is informed by OM to delete 2 blocks
datanode_1  | 2019-10-29 21:44:47,251 WARN impl.MetricRegistriesImpl: First MetricRegistry has been created without registering reporters. You may need to call MetricRegistries.global().addReportRegistration(...) before.
datanode_3  | 2019-10-29 21:44:48,437 INFO impl.RaftServerImpl: 0432c2e8-a308-44ef-8c92-d1647c4722f3: new RaftServerImpl for group-7FB8BEEA9541:[81bc1c4f-b86b-4d5e-ba56-c1844cb2c059:172.18.0.6:9858, 0432c2e8-a308-44ef-8c92-d1647c4722f3:172.18.0.4:9858, c75a96f6-5b7a-4dc0-94c7-f0c06a9b9d4c:172.18.0.3:9858] with ContainerStateMachine:uninitialized
datanode_2  | 2019-10-29 21:44:48,464 INFO server.RaftServerConfigKeys: raft.server.log.purge.gap = 1000000 (custom)
scm_1       | 2019-10-29 21:45:46,971 INFO block.BlockManagerImpl: Deleting blocks conID: 3 locID: 103047857851072637 bcsId: 0
datanode_3  | 2019-10-29 21:44:48,437 INFO server.RaftServerConfigKeys: raft.server.rpc.timeout.min = 5s (custom)
datanode_2  | 2019-10-29 21:44:48,464 INFO server.RaftServerConfigKeys: raft.server.log.appender.buffer.byte-limit = 33554432 (custom)
scm_1       | 2019-10-29 21:45:46,985 INFO block.BlockManagerImpl: Deleting blocks conID: 1 locID: 103047858686853246 bcsId: 0
datanode_2  | 2019-10-29 21:44:48,464 INFO server.RaftServerConfigKeys: raft.server.log.segment.size.max = 1048576 (custom)
datanode_3  | 2019-10-29 21:44:48,437 INFO server.RaftServerConfigKeys: raft.server.rpc.timeout.max = 5200ms (custom)
datanode_1  | 2019-10-29 21:44:48,447 INFO impl.RaftServerProxy: c75a96f6-5b7a-4dc0-94c7-f0c06a9b9d4c: addNew group-7FB8BEEA9541:[81bc1c4f-b86b-4d5e-ba56-c1844cb2c059:172.18.0.6:9858, 0432c2e8-a308-44ef-8c92-d1647c4722f3:172.18.0.4:9858, c75a96f6-5b7a-4dc0-94c7-f0c06a9b9d4c:172.18.0.3:9858] returns group-7FB8BEEA9541:java.util.concurrent.CompletableFuture@7b6fca50[Not completed]
datanode_2  | 2019-10-29 21:44:48,464 INFO server.RaftServerConfigKeys: raft.server.log.segment.cache.num.max = 2 (custom)
datanode_3  | 2019-10-29 21:44:48,438 INFO server.RaftServerConfigKeys: raft.server.rpcslowness.timeout = 120s (custom)
datanode_1  | 2019-10-29 21:44:48,450 INFO impl.RaftServerImpl: c75a96f6-5b7a-4dc0-94c7-f0c06a9b9d4c: new RaftServerImpl for group-7FB8BEEA9541:[81bc1c4f-b86b-4d5e-ba56-c1844cb2c059:172.18.0.6:9858, 0432c2e8-a308-44ef-8c92-d1647c4722f3:172.18.0.4:9858, c75a96f6-5b7a-4dc0-94c7-f0c06a9b9d4c:172.18.0.3:9858] with ContainerStateMachine:uninitialized
datanode_2  | 2019-10-29 21:44:48,464 INFO segmented.SegmentedRaftLogWorker: new 81bc1c4f-b86b-4d5e-ba56-c1844cb2c059@group-7FB8BEEA9541-SegmentedRaftLogWorker for RaftStorage:Storage Directory /data/metadata/ratis/a0826d1e-c749-4177-83a6-7fb8beea9541
datanode_3  | 2019-10-29 21:44:48,438 INFO server.RaftServerConfigKeys: raft.server.sleep.deviation.threshold = 300 (default)
datanode_1  | 2019-10-29 21:44:48,450 INFO server.RaftServerConfigKeys: raft.server.rpc.timeout.min = 5s (custom)
datanode_2  | 2019-10-29 21:44:48,465 INFO server.RaftServerConfigKeys: raft.server.log.queue.byte-limit = 2147483647 (custom)
datanode_3  | 2019-10-29 21:44:48,438 INFO server.RaftServerConfigKeys: raft.server.log.appender.install.snapshot.enabled = false (custom)
datanode_1  | 2019-10-29 21:44:48,450 INFO server.RaftServerConfigKeys: raft.server.rpc.timeout.max = 5200ms (custom)
datanode_3  | 2019-10-29 21:44:48,438 INFO impl.RaftServerImpl: 0432c2e8-a308-44ef-8c92-d1647c4722f3@group-7FB8BEEA9541: ConfigurationManager, init=-1: [81bc1c4f-b86b-4d5e-ba56-c1844cb2c059:172.18.0.6:9858, 0432c2e8-a308-44ef-8c92-d1647c4722f3:172.18.0.4:9858, c75a96f6-5b7a-4dc0-94c7-f0c06a9b9d4c:172.18.0.3:9858], old=null, confs=<EMPTY_MAP>
datanode_1  | 2019-10-29 21:44:48,450 INFO server.RaftServerConfigKeys: raft.server.rpcslowness.timeout = 120s (custom)
datanode_2  | 2019-10-29 21:44:48,465 INFO server.RaftServerConfigKeys: raft.server.log.queue.element-limit = 1024 (custom)
datanode_3  | 2019-10-29 21:44:48,438 INFO server.RaftServerConfigKeys: raft.server.storage.dir = [/data/metadata/ratis] (custom)
datanode_1  | 2019-10-29 21:44:48,450 INFO server.RaftServerConfigKeys: raft.server.sleep.deviation.threshold = 300 (default)
datanode_2  | 2019-10-29 21:44:48,465 INFO server.RaftServerConfigKeys: raft.server.log.segment.size.max = 1048576 (custom)
datanode_3  | 2019-10-29 21:44:48,438 INFO server.RaftServerConfigKeys: raft.server.log.corruption.policy = EXCEPTION (default)
datanode_1  | 2019-10-29 21:44:48,450 INFO server.RaftServerConfigKeys: raft.server.log.appender.install.snapshot.enabled = false (custom)
datanode_2  | 2019-10-29 21:44:48,465 INFO server.RaftServerConfigKeys: raft.server.log.preallocated.size = 16384 (custom)
datanode_3  | 2019-10-29 21:44:48,438 INFO storage.RaftStorageDirectory: The storage directory /data/metadata/ratis/a0826d1e-c749-4177-83a6-7fb8beea9541 does not exist. Creating ...
datanode_1  | 2019-10-29 21:44:48,450 INFO impl.RaftServerImpl: c75a96f6-5b7a-4dc0-94c7-f0c06a9b9d4c@group-7FB8BEEA9541: ConfigurationManager, init=-1: [81bc1c4f-b86b-4d5e-ba56-c1844cb2c059:172.18.0.6:9858, 0432c2e8-a308-44ef-8c92-d1647c4722f3:172.18.0.4:9858, c75a96f6-5b7a-4dc0-94c7-f0c06a9b9d4c:172.18.0.3:9858], old=null, confs=<EMPTY_MAP>
datanode_2  | 2019-10-29 21:44:48,465 INFO server.RaftServerConfigKeys: raft.server.log.write.buffer.size = 33554432 (custom)
datanode_3  | 2019-10-29 21:44:48,448 INFO storage.RaftStorageDirectory: Lock on /data/metadata/ratis/a0826d1e-c749-4177-83a6-7fb8beea9541/in_use.lock acquired by nodename 7@520a7a031ab7
datanode_1  | 2019-10-29 21:44:48,451 INFO server.RaftServerConfigKeys: raft.server.storage.dir = [/data/metadata/ratis] (custom)
datanode_3  | 2019-10-29 21:44:48,463 INFO storage.RaftStorage: Storage directory /data/metadata/ratis/a0826d1e-c749-4177-83a6-7fb8beea9541 has been successfully formatted.
datanode_2  | 2019-10-29 21:44:48,465 INFO server.RaftServerConfigKeys: raft.server.log.force.sync.num = 128 (default)
datanode_1  | 2019-10-29 21:44:48,451 INFO server.RaftServerConfigKeys: raft.server.log.corruption.policy = EXCEPTION (default)
datanode_3  | 2019-10-29 21:44:48,463 [pool-8-thread-1] INFO       - group-7FB8BEEA9541: The snapshot info is null. Setting the last applied indexto:(t:0, i:~)
datanode_2  | 2019-10-29 21:44:48,465 INFO server.RaftServerConfigKeys: raft.server.log.statemachine.data.sync = true (default)
datanode_1  | 2019-10-29 21:44:48,451 INFO storage.RaftStorageDirectory: The storage directory /data/metadata/ratis/a0826d1e-c749-4177-83a6-7fb8beea9541 does not exist. Creating ...
datanode_3  | 2019-10-29 21:44:48,464 INFO server.RaftServerConfigKeys: raft.server.notification.no-leader.timeout = 120s (custom)
datanode_2  | 2019-10-29 21:44:48,465 INFO server.RaftServerConfigKeys: raft.server.log.statemachine.data.sync.timeout = 10s (default)
datanode_1  | 2019-10-29 21:44:48,463 INFO storage.RaftStorageDirectory: Lock on /data/metadata/ratis/a0826d1e-c749-4177-83a6-7fb8beea9541/in_use.lock acquired by nodename 7@29f4da3924b3
datanode_3  | 2019-10-29 21:44:48,464 INFO server.RaftServerConfigKeys: raft.server.log.use.memory = false (default)
datanode_2  | 2019-10-29 21:44:48,466 INFO server.RaftServerConfigKeys: raft.server.log.statemachine.data.sync.timeout.retry = -1 (default)
datanode_1  | 2019-10-29 21:44:48,467 INFO storage.RaftStorage: Storage directory /data/metadata/ratis/a0826d1e-c749-4177-83a6-7fb8beea9541 has been successfully formatted.
datanode_3  | 2019-10-29 21:44:48,464 INFO server.RaftServerConfigKeys: raft.server.log.purge.gap = 1000000 (custom)
datanode_2  | 2019-10-29 21:44:48,466 INFO server.RaftServerConfigKeys: raft.server.log.statemachine.data.caching.enabled = true (custom)
datanode_1  | 2019-10-29 21:44:48,468 [pool-8-thread-1] INFO       - group-7FB8BEEA9541: The snapshot info is null. Setting the last applied indexto:(t:0, i:~)
datanode_3  | 2019-10-29 21:44:48,464 INFO server.RaftServerConfigKeys: raft.server.log.appender.buffer.byte-limit = 33554432 (custom)
datanode_2  | 2019-10-29 21:44:48,466 INFO segmented.SegmentedRaftLogWorker: 81bc1c4f-b86b-4d5e-ba56-c1844cb2c059@group-7FB8BEEA9541-SegmentedRaftLogWorker: flushIndex: setUnconditionally 0 -> -1
datanode_1  | 2019-10-29 21:44:48,468 INFO server.RaftServerConfigKeys: raft.server.notification.no-leader.timeout = 120s (custom)
datanode_3  | 2019-10-29 21:44:48,464 INFO server.RaftServerConfigKeys: raft.server.log.segment.size.max = 1048576 (custom)
datanode_2  | 2019-10-29 21:44:48,467 INFO server.RaftServerConfigKeys: raft.server.snapshot.auto.trigger.enabled = true (custom)
datanode_1  | 2019-10-29 21:44:48,468 INFO server.RaftServerConfigKeys: raft.server.log.use.memory = false (default)
datanode_2  | 2019-10-29 21:44:48,467 INFO server.RaftServerConfigKeys: raft.server.snapshot.auto.trigger.threshold = 10000 (custom)
datanode_1  | 2019-10-29 21:44:48,469 INFO server.RaftServerConfigKeys: raft.server.log.purge.gap = 1000000 (custom)
datanode_2  | 2019-10-29 21:44:48,467 INFO server.RaftServerConfigKeys: raft.server.snapshot.retention.file.num = 5 (custom)
datanode_3  | 2019-10-29 21:44:48,465 INFO server.RaftServerConfigKeys: raft.server.log.segment.cache.num.max = 2 (custom)
datanode_1  | 2019-10-29 21:44:48,469 INFO server.RaftServerConfigKeys: raft.server.log.appender.buffer.byte-limit = 33554432 (custom)
datanode_2  | 2019-10-29 21:44:48,467 INFO server.RaftServerConfigKeys: raft.server.retrycache.expirytime = 600000ms (custom)
datanode_1  | 2019-10-29 21:44:48,469 INFO server.RaftServerConfigKeys: raft.server.log.segment.size.max = 1048576 (custom)
datanode_2  | 2019-10-29 21:44:48,467 WARN impl.MetricRegistriesImpl: First MetricRegistry has been created without registering reporters. You may need to call MetricRegistries.global().addReportRegistration(...) before.
datanode_1  | 2019-10-29 21:44:48,469 INFO server.RaftServerConfigKeys: raft.server.log.segment.cache.num.max = 2 (custom)
datanode_2  | 2019-10-29 21:44:48,467 WARN impl.MetricRegistriesImpl: First MetricRegistry has been created without registering reporters. You may need to call MetricRegistries.global().addReportRegistration(...) before.
datanode_3  | 2019-10-29 21:44:48,465 INFO segmented.SegmentedRaftLogWorker: new 0432c2e8-a308-44ef-8c92-d1647c4722f3@group-7FB8BEEA9541-SegmentedRaftLogWorker for RaftStorage:Storage Directory /data/metadata/ratis/a0826d1e-c749-4177-83a6-7fb8beea9541
datanode_2  | 2019-10-29 21:44:48,468 INFO impl.RaftServerImpl: 81bc1c4f-b86b-4d5e-ba56-c1844cb2c059@group-7FB8BEEA9541: start as a follower, conf=-1: [81bc1c4f-b86b-4d5e-ba56-c1844cb2c059:172.18.0.6:9858, 0432c2e8-a308-44ef-8c92-d1647c4722f3:172.18.0.4:9858, c75a96f6-5b7a-4dc0-94c7-f0c06a9b9d4c:172.18.0.3:9858], old=null
datanode_1  | 2019-10-29 21:44:48,469 INFO segmented.SegmentedRaftLogWorker: new c75a96f6-5b7a-4dc0-94c7-f0c06a9b9d4c@group-7FB8BEEA9541-SegmentedRaftLogWorker for RaftStorage:Storage Directory /data/metadata/ratis/a0826d1e-c749-4177-83a6-7fb8beea9541
datanode_3  | 2019-10-29 21:44:48,465 INFO server.RaftServerConfigKeys: raft.server.log.queue.byte-limit = 2147483647 (custom)
datanode_2  | 2019-10-29 21:44:48,468 INFO impl.RaftServerImpl: 81bc1c4f-b86b-4d5e-ba56-c1844cb2c059@group-7FB8BEEA9541: changes role from      null to FOLLOWER at term 0 for startAsFollower
datanode_1  | 2019-10-29 21:44:48,469 INFO server.RaftServerConfigKeys: raft.server.log.queue.byte-limit = 2147483647 (custom)
datanode_3  | 2019-10-29 21:44:48,465 INFO server.RaftServerConfigKeys: raft.server.log.queue.element-limit = 1024 (custom)
datanode_2  | 2019-10-29 21:44:48,468 INFO impl.RoleInfo: 81bc1c4f-b86b-4d5e-ba56-c1844cb2c059: start FollowerState
datanode_1  | 2019-10-29 21:44:48,469 INFO server.RaftServerConfigKeys: raft.server.log.queue.element-limit = 1024 (custom)
datanode_3  | 2019-10-29 21:44:48,465 INFO server.RaftServerConfigKeys: raft.server.log.segment.size.max = 1048576 (custom)
datanode_2  | 2019-10-29 21:44:48,468 INFO util.JmxRegister: Successfully registered JMX Bean with object name Ratis:service=RaftServer,group=group-7FB8BEEA9541,id=81bc1c4f-b86b-4d5e-ba56-c1844cb2c059
datanode_1  | 2019-10-29 21:44:48,469 INFO server.RaftServerConfigKeys: raft.server.log.segment.size.max = 1048576 (custom)
datanode_3  | 2019-10-29 21:44:48,465 INFO server.RaftServerConfigKeys: raft.server.log.preallocated.size = 16384 (custom)
datanode_2  | 2019-10-29 21:44:48,468 WARN impl.MetricRegistriesImpl: First MetricRegistry has been created without registering reporters. You may need to call MetricRegistries.global().addReportRegistration(...) before.
datanode_1  | 2019-10-29 21:44:48,469 INFO server.RaftServerConfigKeys: raft.server.log.preallocated.size = 16384 (custom)
datanode_3  | 2019-10-29 21:44:48,466 INFO server.RaftServerConfigKeys: raft.server.log.write.buffer.size = 33554432 (custom)
datanode_2  | 2019-10-29 21:44:52,850 INFO impl.FollowerState: 81bc1c4f-b86b-4d5e-ba56-c1844cb2c059@group-84813D3EA24D-FollowerState: change to CANDIDATE, lastRpcTime:5125ms, electionTimeout:5124ms
datanode_1  | 2019-10-29 21:44:48,470 INFO server.RaftServerConfigKeys: raft.server.log.write.buffer.size = 33554432 (custom)
datanode_3  | 2019-10-29 21:44:48,466 INFO server.RaftServerConfigKeys: raft.server.log.force.sync.num = 128 (default)
datanode_2  | 2019-10-29 21:44:52,852 INFO impl.RoleInfo: 81bc1c4f-b86b-4d5e-ba56-c1844cb2c059: shutdown FollowerState
datanode_1  | 2019-10-29 21:44:48,470 INFO server.RaftServerConfigKeys: raft.server.log.force.sync.num = 128 (default)
datanode_3  | 2019-10-29 21:44:48,466 INFO server.RaftServerConfigKeys: raft.server.log.statemachine.data.sync = true (default)
datanode_2  | 2019-10-29 21:44:52,852 INFO impl.RaftServerImpl: 81bc1c4f-b86b-4d5e-ba56-c1844cb2c059@group-84813D3EA24D: changes role from  FOLLOWER to CANDIDATE at term 0 for changeToCandidate
datanode_1  | 2019-10-29 21:44:48,470 INFO server.RaftServerConfigKeys: raft.server.log.statemachine.data.sync = true (default)
datanode_3  | 2019-10-29 21:44:48,466 INFO server.RaftServerConfigKeys: raft.server.log.statemachine.data.sync.timeout = 10s (default)
datanode_2  | 2019-10-29 21:44:52,856 INFO impl.RoleInfo: 81bc1c4f-b86b-4d5e-ba56-c1844cb2c059: start LeaderElection
datanode_1  | 2019-10-29 21:44:48,470 INFO server.RaftServerConfigKeys: raft.server.log.statemachine.data.sync.timeout = 10s (default)
datanode_3  | 2019-10-29 21:44:48,466 INFO server.RaftServerConfigKeys: raft.server.log.statemachine.data.sync.timeout.retry = -1 (default)
datanode_1  | 2019-10-29 21:44:48,471 INFO server.RaftServerConfigKeys: raft.server.log.statemachine.data.sync.timeout.retry = -1 (default)
datanode_2  | 2019-10-29 21:44:52,868 INFO impl.LeaderElection: 81bc1c4f-b86b-4d5e-ba56-c1844cb2c059@group-84813D3EA24D-LeaderElection1: begin an election at term 1 for -1: [81bc1c4f-b86b-4d5e-ba56-c1844cb2c059:172.18.0.6:9858], old=null
datanode_3  | 2019-10-29 21:44:48,467 INFO server.RaftServerConfigKeys: raft.server.log.statemachine.data.caching.enabled = true (custom)
datanode_1  | 2019-10-29 21:44:48,471 INFO server.RaftServerConfigKeys: raft.server.log.statemachine.data.caching.enabled = true (custom)
datanode_3  | 2019-10-29 21:44:48,467 INFO segmented.SegmentedRaftLogWorker: 0432c2e8-a308-44ef-8c92-d1647c4722f3@group-7FB8BEEA9541-SegmentedRaftLogWorker: flushIndex: setUnconditionally 0 -> -1
datanode_2  | 2019-10-29 21:44:52,870 INFO impl.RoleInfo: 81bc1c4f-b86b-4d5e-ba56-c1844cb2c059: shutdown LeaderElection
datanode_1  | 2019-10-29 21:44:48,472 INFO segmented.SegmentedRaftLogWorker: c75a96f6-5b7a-4dc0-94c7-f0c06a9b9d4c@group-7FB8BEEA9541-SegmentedRaftLogWorker: flushIndex: setUnconditionally 0 -> -1
datanode_2  | 2019-10-29 21:44:52,871 INFO impl.RaftServerImpl: 81bc1c4f-b86b-4d5e-ba56-c1844cb2c059@group-84813D3EA24D: changes role from CANDIDATE to LEADER at term 1 for changeToLeader
datanode_3  | 2019-10-29 21:44:48,467 INFO server.RaftServerConfigKeys: raft.server.snapshot.auto.trigger.enabled = true (custom)
datanode_1  | 2019-10-29 21:44:48,472 INFO server.RaftServerConfigKeys: raft.server.snapshot.auto.trigger.enabled = true (custom)
datanode_2  | 2019-10-29 21:44:52,871 INFO impl.RaftServerImpl: 81bc1c4f-b86b-4d5e-ba56-c1844cb2c059@group-84813D3EA24D: change Leader from null to 81bc1c4f-b86b-4d5e-ba56-c1844cb2c059 at term 1 for becomeLeader, leader elected after 5214ms
datanode_3  | 2019-10-29 21:44:48,468 INFO server.RaftServerConfigKeys: raft.server.snapshot.auto.trigger.threshold = 10000 (custom)
datanode_1  | 2019-10-29 21:44:48,473 INFO server.RaftServerConfigKeys: raft.server.snapshot.auto.trigger.threshold = 10000 (custom)
datanode_2  | 2019-10-29 21:44:52,876 INFO server.RaftServerConfigKeys: raft.server.staging.catchup.gap = 1000 (default)
datanode_3  | 2019-10-29 21:44:48,468 INFO server.RaftServerConfigKeys: raft.server.snapshot.retention.file.num = 5 (custom)
datanode_1  | 2019-10-29 21:44:48,473 INFO server.RaftServerConfigKeys: raft.server.snapshot.retention.file.num = 5 (custom)
datanode_2  | 2019-10-29 21:44:52,876 INFO server.RaftServerConfigKeys: raft.server.rpc.sleep.time = 25ms (default)
datanode_3  | 2019-10-29 21:44:48,468 INFO server.RaftServerConfigKeys: raft.server.retrycache.expirytime = 600000ms (custom)
datanode_2  | 2019-10-29 21:44:52,881 INFO server.RaftServerConfigKeys: raft.server.write.element-limit = 4096 (default)
datanode_1  | 2019-10-29 21:44:48,473 INFO server.RaftServerConfigKeys: raft.server.retrycache.expirytime = 600000ms (custom)
datanode_3  | 2019-10-29 21:44:48,469 WARN impl.MetricRegistriesImpl: First MetricRegistry has been created without registering reporters. You may need to call MetricRegistries.global().addReportRegistration(...) before.
datanode_2  | 2019-10-29 21:44:52,888 INFO server.RaftServerConfigKeys: raft.server.watch.timeout = 10s (default)
datanode_1  | 2019-10-29 21:44:48,473 WARN impl.MetricRegistriesImpl: First MetricRegistry has been created without registering reporters. You may need to call MetricRegistries.global().addReportRegistration(...) before.
datanode_3  | 2019-10-29 21:44:48,469 WARN impl.MetricRegistriesImpl: First MetricRegistry has been created without registering reporters. You may need to call MetricRegistries.global().addReportRegistration(...) before.
datanode_2  | 2019-10-29 21:44:52,888 INFO server.RaftServerConfigKeys: raft.server.watch.timeout.denomination = 1s (default)
datanode_3  | 2019-10-29 21:44:48,469 INFO impl.RaftServerImpl: 0432c2e8-a308-44ef-8c92-d1647c4722f3@group-7FB8BEEA9541: start as a follower, conf=-1: [81bc1c4f-b86b-4d5e-ba56-c1844cb2c059:172.18.0.6:9858, 0432c2e8-a308-44ef-8c92-d1647c4722f3:172.18.0.4:9858, c75a96f6-5b7a-4dc0-94c7-f0c06a9b9d4c:172.18.0.3:9858], old=null
datanode_2  | 2019-10-29 21:44:52,889 INFO server.RaftServerConfigKeys: raft.server.watch.element-limit = 65536 (default)
datanode_3  | 2019-10-29 21:44:48,469 INFO impl.RaftServerImpl: 0432c2e8-a308-44ef-8c92-d1647c4722f3@group-7FB8BEEA9541: changes role from      null to FOLLOWER at term 0 for startAsFollower
datanode_1  | 2019-10-29 21:44:48,473 WARN impl.MetricRegistriesImpl: First MetricRegistry has been created without registering reporters. You may need to call MetricRegistries.global().addReportRegistration(...) before.
datanode_3  | 2019-10-29 21:44:48,470 INFO impl.RoleInfo: 0432c2e8-a308-44ef-8c92-d1647c4722f3: start FollowerState
datanode_2  | 2019-10-29 21:44:52,899 INFO impl.RoleInfo: 81bc1c4f-b86b-4d5e-ba56-c1844cb2c059: start LeaderState
datanode_1  | 2019-10-29 21:44:48,473 INFO impl.RaftServerImpl: c75a96f6-5b7a-4dc0-94c7-f0c06a9b9d4c@group-7FB8BEEA9541: start as a follower, conf=-1: [81bc1c4f-b86b-4d5e-ba56-c1844cb2c059:172.18.0.6:9858, 0432c2e8-a308-44ef-8c92-d1647c4722f3:172.18.0.4:9858, c75a96f6-5b7a-4dc0-94c7-f0c06a9b9d4c:172.18.0.3:9858], old=null
datanode_2  | 2019-10-29 21:44:52,923 INFO segmented.SegmentedRaftLogWorker: 81bc1c4f-b86b-4d5e-ba56-c1844cb2c059@group-84813D3EA24D-SegmentedRaftLogWorker: Starting segment from index:0
datanode_3  | 2019-10-29 21:44:48,470 INFO util.JmxRegister: Successfully registered JMX Bean with object name Ratis:service=RaftServer,group=group-7FB8BEEA9541,id=0432c2e8-a308-44ef-8c92-d1647c4722f3
datanode_1  | 2019-10-29 21:44:48,473 INFO impl.RaftServerImpl: c75a96f6-5b7a-4dc0-94c7-f0c06a9b9d4c@group-7FB8BEEA9541: changes role from      null to FOLLOWER at term 0 for startAsFollower
datanode_2  | 2019-10-29 21:44:52,936 INFO impl.RaftServerImpl: 81bc1c4f-b86b-4d5e-ba56-c1844cb2c059@group-84813D3EA24D: set configuration 0: [81bc1c4f-b86b-4d5e-ba56-c1844cb2c059:172.18.0.6:9858], old=null at 0
datanode_3  | 2019-10-29 21:44:48,470 WARN impl.MetricRegistriesImpl: First MetricRegistry has been created without registering reporters. You may need to call MetricRegistries.global().addReportRegistration(...) before.
datanode_1  | 2019-10-29 21:44:48,474 INFO impl.RoleInfo: c75a96f6-5b7a-4dc0-94c7-f0c06a9b9d4c: start FollowerState
datanode_2  | 2019-10-29 21:44:53,060 INFO segmented.SegmentedRaftLogWorker: 81bc1c4f-b86b-4d5e-ba56-c1844cb2c059@group-84813D3EA24D-SegmentedRaftLogWorker: created new log segment /data/metadata/ratis/220863f9-11fe-4a63-a0d3-84813d3ea24d/current/log_inprogress_0
datanode_1  | 2019-10-29 21:44:48,474 INFO util.JmxRegister: Successfully registered JMX Bean with object name Ratis:service=RaftServer,group=group-7FB8BEEA9541,id=c75a96f6-5b7a-4dc0-94c7-f0c06a9b9d4c
datanode_3  | 2019-10-29 21:44:53,312 INFO impl.FollowerState: 0432c2e8-a308-44ef-8c92-d1647c4722f3@group-ECEA76419688-FollowerState: change to CANDIDATE, lastRpcTime:5007ms, electionTimeout:5006ms
datanode_2  | 2019-10-29 21:44:53,616 INFO impl.FollowerState: 81bc1c4f-b86b-4d5e-ba56-c1844cb2c059@group-7FB8BEEA9541-FollowerState: change to CANDIDATE, lastRpcTime:5148ms, electionTimeout:5148ms
datanode_1  | 2019-10-29 21:44:48,474 WARN impl.MetricRegistriesImpl: First MetricRegistry has been created without registering reporters. You may need to call MetricRegistries.global().addReportRegistration(...) before.
datanode_3  | 2019-10-29 21:44:53,314 INFO impl.RoleInfo: 0432c2e8-a308-44ef-8c92-d1647c4722f3: shutdown FollowerState
datanode_2  | 2019-10-29 21:44:53,617 INFO impl.RoleInfo: 81bc1c4f-b86b-4d5e-ba56-c1844cb2c059: shutdown FollowerState
datanode_3  | 2019-10-29 21:44:53,314 INFO impl.RaftServerImpl: 0432c2e8-a308-44ef-8c92-d1647c4722f3@group-ECEA76419688: changes role from  FOLLOWER to CANDIDATE at term 0 for changeToCandidate
datanode_2  | 2019-10-29 21:44:53,617 INFO impl.RaftServerImpl: 81bc1c4f-b86b-4d5e-ba56-c1844cb2c059@group-7FB8BEEA9541: changes role from  FOLLOWER to CANDIDATE at term 0 for changeToCandidate
datanode_2  | 2019-10-29 21:44:53,617 INFO impl.RoleInfo: 81bc1c4f-b86b-4d5e-ba56-c1844cb2c059: start LeaderElection
datanode_1  | 2019-10-29 21:44:52,399 INFO impl.FollowerState: c75a96f6-5b7a-4dc0-94c7-f0c06a9b9d4c@group-3D6A169AFB45-FollowerState: change to CANDIDATE, lastRpcTime:5153ms, electionTimeout:5152ms
datanode_3  | 2019-10-29 21:44:53,317 INFO impl.RoleInfo: 0432c2e8-a308-44ef-8c92-d1647c4722f3: start LeaderElection
datanode_1  | 2019-10-29 21:44:52,401 INFO impl.RoleInfo: c75a96f6-5b7a-4dc0-94c7-f0c06a9b9d4c: shutdown FollowerState
datanode_2  | 2019-10-29 21:44:53,635 INFO impl.LeaderElection: 81bc1c4f-b86b-4d5e-ba56-c1844cb2c059@group-7FB8BEEA9541-LeaderElection2: begin an election at term 1 for -1: [81bc1c4f-b86b-4d5e-ba56-c1844cb2c059:172.18.0.6:9858, 0432c2e8-a308-44ef-8c92-d1647c4722f3:172.18.0.4:9858, c75a96f6-5b7a-4dc0-94c7-f0c06a9b9d4c:172.18.0.3:9858], old=null
datanode_3  | 2019-10-29 21:44:53,360 INFO impl.LeaderElection: 0432c2e8-a308-44ef-8c92-d1647c4722f3@group-ECEA76419688-LeaderElection1: begin an election at term 1 for -1: [0432c2e8-a308-44ef-8c92-d1647c4722f3:172.18.0.4:9858], old=null
datanode_1  | 2019-10-29 21:44:52,401 INFO impl.RaftServerImpl: c75a96f6-5b7a-4dc0-94c7-f0c06a9b9d4c@group-3D6A169AFB45: changes role from  FOLLOWER to CANDIDATE at term 0 for changeToCandidate
datanode_2  | 2019-10-29 21:44:53,808 INFO impl.LeaderElection: 81bc1c4f-b86b-4d5e-ba56-c1844cb2c059@group-7FB8BEEA9541-LeaderElection2: Election REJECTED; received 2 response(s) [81bc1c4f-b86b-4d5e-ba56-c1844cb2c059<-0432c2e8-a308-44ef-8c92-d1647c4722f3#0:FAIL-t1, 81bc1c4f-b86b-4d5e-ba56-c1844cb2c059<-c75a96f6-5b7a-4dc0-94c7-f0c06a9b9d4c#0:FAIL-t1] and 0 exception(s); 81bc1c4f-b86b-4d5e-ba56-c1844cb2c059@group-7FB8BEEA9541:t1, leader=null, voted=81bc1c4f-b86b-4d5e-ba56-c1844cb2c059, raftlog=81bc1c4f-b86b-4d5e-ba56-c1844cb2c059@group-7FB8BEEA9541-SegmentedRaftLog:OPENED:c-1,f-1,i0, conf=-1: [81bc1c4f-b86b-4d5e-ba56-c1844cb2c059:172.18.0.6:9858, 0432c2e8-a308-44ef-8c92-d1647c4722f3:172.18.0.4:9858, c75a96f6-5b7a-4dc0-94c7-f0c06a9b9d4c:172.18.0.3:9858], old=null
datanode_3  | 2019-10-29 21:44:53,362 INFO impl.RoleInfo: 0432c2e8-a308-44ef-8c92-d1647c4722f3: shutdown LeaderElection
datanode_1  | 2019-10-29 21:44:52,406 INFO impl.RoleInfo: c75a96f6-5b7a-4dc0-94c7-f0c06a9b9d4c: start LeaderElection
datanode_2  | 2019-10-29 21:44:53,810 INFO impl.RaftServerImpl: 81bc1c4f-b86b-4d5e-ba56-c1844cb2c059@group-7FB8BEEA9541: changes role from CANDIDATE to FOLLOWER at term 1 for DISCOVERED_A_NEW_TERM
datanode_3  | 2019-10-29 21:44:53,363 INFO impl.RaftServerImpl: 0432c2e8-a308-44ef-8c92-d1647c4722f3@group-ECEA76419688: changes role from CANDIDATE to LEADER at term 1 for changeToLeader
datanode_1  | 2019-10-29 21:44:52,413 INFO impl.LeaderElection: c75a96f6-5b7a-4dc0-94c7-f0c06a9b9d4c@group-3D6A169AFB45-LeaderElection1: begin an election at term 1 for -1: [c75a96f6-5b7a-4dc0-94c7-f0c06a9b9d4c:172.18.0.3:9858], old=null
datanode_3  | 2019-10-29 21:44:53,363 INFO impl.RaftServerImpl: 0432c2e8-a308-44ef-8c92-d1647c4722f3@group-ECEA76419688: change Leader from null to 0432c2e8-a308-44ef-8c92-d1647c4722f3 at term 1 for becomeLeader, leader elected after 5145ms
datanode_2  | 2019-10-29 21:44:53,810 INFO impl.RoleInfo: 81bc1c4f-b86b-4d5e-ba56-c1844cb2c059: shutdown LeaderElection
datanode_1  | 2019-10-29 21:44:52,414 INFO impl.RoleInfo: c75a96f6-5b7a-4dc0-94c7-f0c06a9b9d4c: shutdown LeaderElection
datanode_3  | 2019-10-29 21:44:53,368 INFO server.RaftServerConfigKeys: raft.server.staging.catchup.gap = 1000 (default)
datanode_2  | 2019-10-29 21:44:53,810 INFO impl.RoleInfo: 81bc1c4f-b86b-4d5e-ba56-c1844cb2c059: start FollowerState
datanode_1  | 2019-10-29 21:44:52,415 INFO impl.RaftServerImpl: c75a96f6-5b7a-4dc0-94c7-f0c06a9b9d4c@group-3D6A169AFB45: changes role from CANDIDATE to LEADER at term 1 for changeToLeader
datanode_3  | 2019-10-29 21:44:53,368 INFO server.RaftServerConfigKeys: raft.server.rpc.sleep.time = 25ms (default)
