jhs         | 
om_1        |      0K                                                       100% 12.6M=0s
datanode_1  | Length: 158 [application/octet-stream]
nm_1        | 
datanode_3  | 
rm_1        | 2019-11-14 02:22:34 (13.2 MB/s) - '/etc/security/keytabs/nm.keytab' saved [138/138]
kms_1       | 2019-11-14 02:22:35 (10.4 MB/s) - '/etc/security/keytabs/nm.keytab' saved [158/158]
datanode_2  | 
kdc_1       | Nov 14 02:22:19 kdc krb5kdc[9](info): AS_REQ (8 etypes {18 17 20 19 16 23 25 26}) 127.0.0.1: ISSUE: authtime 1573698139, etypes {rep=18 tkt=18 ses=18}, admin/admin@EXAMPLE.COM for kadmin/admin@EXAMPLE.COM
scm_1       | Keytab name: FILE:/etc/security/keytabs/nm.keytab
jhs         |      0K                                                       100% 8.51M=0s
s3g_1       | Keytab name: FILE:/etc/security/keytabs/nm.keytab
om_1        | 
datanode_1  | Saving to: '/etc/security/keytabs/nm.keytab'
nm_1        |      0K                                                       100% 8.32M=0s
datanode_3  |      0K                                                       100% 12.2M=0s
rm_1        | 
kms_1       | 
datanode_2  | 2019-11-14 02:22:32 (14.8 MB/s) - '/etc/security/keytabs/nm.keytab' saved [158/158]
kdc_1       | Nov 14 02:22:19 kdc krb5kdc[9](info): AS_REQ (8 etypes {18 17 20 19 16 23 25 26}) 127.0.0.1: SERVER_NOT_FOUND: admin/admin@EXAMPLE.COM for kadmin/localhost@EXAMPLE.COM, Server not found in Kerberos database
scm_1       | KVNO Timestamp         Principal
jhs         | 
om_1        | 2019-11-14 02:22:33 (12.6 MB/s) - '/etc/security/keytabs/nm.keytab' saved [138/138]
datanode_1  | 
nm_1        | 
datanode_3  | 
rm_1        | Keytab name: FILE:/etc/security/keytabs/nm.keytab
kms_1       | Keytab name: FILE:/etc/security/keytabs/nm.keytab
s3g_1       | KVNO Timestamp         Principal
datanode_2  | 
kdc_1       | Nov 14 02:22:19 kdc krb5kdc[9](info): AS_REQ (8 etypes {18 17 20 19 16 23 25 26}) 127.0.0.1: ISSUE: authtime 1573698139, etypes {rep=18 tkt=18 ses=18}, admin/admin@EXAMPLE.COM for kadmin/admin@EXAMPLE.COM
scm_1       | ---- ----------------- --------------------------------------------------------
jhs         | 2019-11-14 02:22:31 (8.51 MB/s) - '/etc/security/keytabs/nm.keytab' saved [140/140]
om_1        | 
datanode_1  |      0K                                                       100% 12.1M=0s
nm_1        | 2019-11-14 02:22:36 (8.32 MB/s) - '/etc/security/keytabs/yarn.keytab' saved [142/142]
rm_1        | KVNO Timestamp         Principal
kms_1       | KVNO Timestamp         Principal
s3g_1       | ---- ----------------- --------------------------------------------------------
datanode_2  | Keytab name: FILE:/etc/security/keytabs/nm.keytab
kdc_1       | Nov 14 02:22:19 kdc krb5kdc[9](info): AS_REQ (8 etypes {18 17 20 19 16 23 25 26}) 127.0.0.1: SERVER_NOT_FOUND: admin/admin@EXAMPLE.COM for kadmin/localhost@EXAMPLE.COM, Server not found in Kerberos database
jhs         | 
datanode_3  | 2019-11-14 02:22:34 (12.2 MB/s) - '/etc/security/keytabs/nm.keytab' saved [158/158]
scm_1       |    2 11/14/19 02:22:32 nm/scm@EXAMPLE.COM
om_1        | Keytab name: FILE:/etc/security/keytabs/nm.keytab
datanode_1  | 
nm_1        | 
rm_1        | ---- ----------------- --------------------------------------------------------
kms_1       | ---- ----------------- --------------------------------------------------------
s3g_1       |    2 11/14/19 02:22:35 nm/s3g@EXAMPLE.COM
datanode_2  | KVNO Timestamp         Principal
kdc_1       | Nov 14 02:22:19 kdc krb5kdc[9](info): AS_REQ (8 etypes {18 17 20 19 16 23 25 26}) 127.0.0.1: ISSUE: authtime 1573698139, etypes {rep=18 tkt=18 ses=18}, admin/admin@EXAMPLE.COM for kadmin/a.1, vers=4, flavor=6
jhs         | Keytab name: FILE:/etc/security/keytabs/nm.keytab
om_1        | KVNO Timestamp         Principal
scm_1       |    2 11/14/19 02:22:32 nm/scm@EXAMPLE.COM
datanode_1  | 2019-11-14 02:22:31 (12.1 MB/s) - '/etc/security/keytabs/nm.keytab' saved [158/158]
nm_1        | Keytab name: FILE:/etc/security/keytabs/yarn.keytab
datanode_3  | 
rm_1        |    2 11/14/19 02:22:34 nm/rm@EXAMPLE.COM
kms_1       |    2 11/14/19 02:22:35 nm/a40ea0745e64@EXAMPLE.COM
s3g_1       |    2 11/14/19 02:22:35 nm/s3g@EXAMPLE.COM
datanode_2  | ---- ----------------- --------------------------------------------------------
kdc_1       | Nov 14 02:22:19 kdc kadmind[15](Notice): Request: kadm5_get_policy, default, Policy does not exist, client=admin/admin@EXAMPLE.COM, service=kadmin/admin@EXAMPLE.COM, addr=127.0.0.1
jhs         | KVNO Timestamp         Principal
scm_1       | Download yarn/scm@EXAMPLE.COM keytab file to /etc/security/keytabs/yarn.keytab
om_1        | ---- ----------------- --------------------------------------------------------
datanode_1  | 
nm_1        | KVNO Timestamp         Principal
datanode_3  | Keytab name: FILE:/etc/security/keytabs/nm.keytab
kms_1       |    2 11/14/19 02:22:35 nm/a40ea0745e64@EXAMPLE.COM
rm_1        |    2 11/14/19 02:22:34 nm/rm@EXAMPLE.COM
s3g_1       | Download yarn/s3g@EXAMPLE.COM keytab file to /etc/security/keytabs/yarn.keytab
datanode_2  |    2 11/14/19 02:22:32 nm/4e3d2399e6d7@EXAMPLE.COM
kdc_1       | Nov 14 02:22:19 kdc kadmind[15](Notice): Request: kadm5_create_principal, dn/4e3d2399e6d7@EXAMPLE.COM, success, client=admin/admin@EXAMPLE.COM, service=kadmin/admin@EXAMPLE.COM, addr=127.0.0.1
om_1        |    2 11/14/19 02:22:33 nm/om@EXAMPLE.COM
jhs         | ---- ----------------- --------------------------------------------------------
datanode_1  | Keytab name: FILE:/etc/security/keytabs/nm.keytab
nm_1        | ---- ----------------- --------------------------------------------------------
datanode_3  | KVNO Timestamp         Principal
kms_1       | Download yarn/a40ea0745e64@EXAMPLE.COM keytab file to /etc/security/keytabs/yarn.keytab
rm_1        | Download yarn/rm@EXAMPLE.COM keytab file to /etc/security/keytabs/yarn.keytab
s3g_1       | --2019-11-14 02:22:35--  http://kdc:8081/keytab/s3g/yarn
datanode_2  |    2 11/14/19 02:22:32 nm/4e3d2399e6d7@EXAMPLE.COM
scm_1       | --2019-11-14 02:22:32--  http://kdc:8081/keytab/scm/yarn
datanode_1  | KVNO Timestamp         Principal
nm_1        |    2 11/14/19 02:22:36 yarn/nm@EXAMPLE.COM
kdc_1       | Nov 14 02:22:19 kdc kadmind[15](info): closing down fd 18
jhs         |    2 11/14/19 02:22:31 nm/jhs@EXAMPLE.COM
datanode_3  | ---- ----------------- --------------------------------------------------------
rm_1        | --2019-11-14 02:22:34--  http://kdc:8081/keytab/rm/yarn
kms_1       | --2019-11-14 02:22:35--  http://kdc:8081/keytab/a40ea0745e64/yarn
om_1        |    2 11/14/19 02:22:33 nm/om@EXAMPLE.COM
s3g_1       | Resolving kdc (kdc)... 172.19.0.12
datanode_2  | Download yarn/4e3d2399e6d7@EXAMPLE.COM keytab file to /etc/security/keytabs/yarn.keytab
datanode_1  | ---- ----------------- --------------------------------------------------------
scm_1       | Resolving kdc (kdc)... 172.19.0.12
nm_1        |    2 11/14/19 02:22:36 yarn/nm@EXAMPLE.COM
jhs         |    2 11/14/19 02:22:31 nm/jhs@EXAMPLE.COM
kdc_1       | Nov 14 02:22:19 kdc kadmind[15](Notice): Request: kadm5_init, admin/admin@EXAMPLE.COM, success, client=admin/admin@EXAMPLE.COM, service=kadmin/admin@EXAMPLE.COM, addr=127.0.0.1, vers=4, flavor=6
datanode_3  |    2 11/14/19 02:22:34 nm/ea88b6d34ee7@EXAMPLE.COM
rm_1        | Resolving kdc (kdc)... 172.19.0.12
kms_1       | Resolving kdc (kdc)... 172.19.0.12
s3g_1       | Connecting to kdc (kdc)|172.19.0.12|:8081... connected.
datanode_2  | --2019-11-14 02:22:32--  http://kdc:8081/keytab/4e3d2399e6d7/yarn
scm_1       | Connecting to kdc (kdc)|172.19.0.12|:8081... connected.
datanode_1  |    2 11/14/19 02:22:31 nm/d76e43e6fe14@EXAMPLE.COM
om_1        | Download yarn/om@EXAMPLE.COM keytab file to /etc/security/keytabs/yarn.keytab
nm_1        | Download jhs/nm@EXAMPLE.COM keytab file to /etc/security/keytabs/jhs.keytab
jhs         | Download yarn/jhs@EXAMPLE.COM keytab file to /etc/security/keytabs/yarn.keytab
kdc_1       | Nov 14 02:22:19 kdc kadmind[15](Notice): Request: kadm5_randkey_principal, dn/4e3d2399e6d7@EXAMPLE.COM, success, client=admin/admin@EXAMPLE.COM, service=kadmin/admin@EXAMPLE.COM, addr=127.0.0.1
datanode_3  |    2 11/14/19 02:22:34 nm/ea88b6d34ee7@EXAMPLE.COM
kms_1       | Connecting to kdc (kdc)|172.19.0.12|:8081... connected.
rm_1        | Connecting to kdc (kdc)|172.19.0.12|:8081... connected.
s3g_1       | HTTP request sent, awaiting response... 200 OK
datanode_2  | Resolving kdc (kdc)... 172.19.0.12
scm_1       | HTTP request sent, awaiting response... 200 OK
datanode_1  |    2 11/14/19 02:22:31 nm/d76e43e6fe14@EXAMPLE.COM
om_1        | --2019-11-14 02:22:33--  http://kdc:8081/keytab/om/yarn
nm_1        | --2019-11-14 02:22:36--  http://kdc:8081/keytab/nm/jhs
jhs         | --2019-11-14 02:22:31--  http://kdc:8081/keytab/jhs/yarn
kdc_1       | Nov 14 02:22:19 kdc kadmind[15](Notice): Request: kadm5_get_principal, dn/4e3d2399e6d7@EXAMPLE.COM, success, client=admin/admin@EXAMPLE.COM, service=kadmin/admin@EXAMPLE.COM, addr=127.0.0.1
datanode_3  | Download yarn/ea88b6d34ee7@EXAMPLE.COM keytab file to /etc/security/keytabs/yarn.keytab
kms_1       | HTTP request sent, awaiting response... 200 OK
rm_1        | HTTP request sent, awaiting response... 200 OK
s3g_1       | Length: 144 [application/octet-stream]
datanode_2  | Connecting to kdc (kdc)|172.19.0.12|:8081... connected.
scm_1       | Length: 144 [application/octet-stream]
datanode_1  | Download yarn/d76e43e6fe14@EXAMPLE.COM keytab file to /etc/security/keytabs/yarn.keytab
om_1        | Resolving kdc (kdc)... 172.19.0.12
nm_1        | Resolving kdc (kdc)... 172.19.0.12
jhs         | Resolving kdc (kdc)... 172.19.0.12
kdc_1       | Nov 14 02:22:19 kdc kadmind[15](info): closing down fd 18
kms_1       | Length: 162 [application/octet-stream]
rm_1        | Length: 142 [application/octet-stream]
s3g_1       | Saving to: '/etc/security/keytabs/yarn.keytab'
scm_1       | Saving to: '/etc/security/keytabs/yarn.keytab'
datanode_2  | HTTP request sent, awaiting response... 200 OK
datanode_3  | --2019-11-14 02:22:34--  http://kdc:8081/keytab/ea88b6d34ee7/yarn
om_1        | Connecting to kdc (kdc)|172.19.0.12|:8081... connected.
datanode_1  | --2019-11-14 02:22:31--  http://kdc:8081/keytab/d76e43e6fe14/yarn
nm_1        | Connecting to kdc (kdc)|172.19.0.12|:8081... connected.
jhs         | Connecting to kdc (kdc)|172.19.0.12|:8081... connected.
kdc_1       | Nov 14 02:22:19 kdc kadmind[15](Notice): Request: kadm5_init, admin/admin@EXAMPLE.COM, success, client=admin/admin@EXAMPLE.COM, service=kadmin/admin@EXAMPLE.COM, addr=127.0.0.1, vers=4, flavor=6
kms_1       | Saving to: '/etc/security/keytabs/yarn.keytab'
rm_1        | Saving to: '/etc/security/keytabs/yarn.keytab'
s3g_1       | 
scm_1       | 
datanode_2  | Length: 162 [application/octet-stream]
datanode_3  | Resolving kdc (kdc)... 172.19.0.12
om_1        | HTTP request sent, awaiting response... 200 OK
datanode_1  | Resolving kdc (kdc)... 172.19.0.12
nm_1        | HTTP request sent, awaiting response... 200 OK
jhs         | HTTP request sent, awaiting response... 200 OK
kdc_1       | Nov 14 02:22:19 kdc kadmind[15](Notice): Request: kadm5_get_policy, default, Policy does not exist, client=admin/admin@EXAMPLE.COM, service=kadmin/admin@EXAMPLE.COM, addr=127.0.0.1
kms_1       | 
rm_1        | 
s3g_1       |      0K                                                       100% 10.8M=0s
scm_1       |      0K                                                       100% 7.20M=0s
datanode_2  | Saving to: '/etc/security/keytabs/yarn.keytab'
datanode_3  | Connecting to kdc (kdc)|172.19.0.12|:8081... connected.
om_1        | Length: 142 [application/octet-stream]
datanode_1  | Connecting to kdc (kdc)|172.19.0.12|:8081... connected.
nm_1        | Length: 140 [application/octet-stream]
jhs         | Length: 144 [application/octet-stream]
kdc_1       | Nov 14 02:22:19 kdc kadmind[15](Notice): Request: kadm5_create_principal, dn/scm@EXAMPLE.COM, success, client=admin/admin@EXAMPLE.COM, service=kadmin/admin@EXAMPLE.COM, addr=127.0.0.1
kms_1       |      0K                                                       100% 11.7M=0s
rm_1        |      0K                                                       100% 11.3M=0s
s3g_1       | 
scm_1       | 
datanode_2  | 
datanode_3  | HTTP request sent, awaiting response... 200 OK
om_1        | Saving to: '/etc/security/keytabs/yarn.keytab'
datanode_1  | HTTP request sent, awaiting response... 200 OK
nm_1        | Saving to: '/etc/security/keytabs/jhs.keytab'
jhs         | Saving to: '/etc/security/keytabs/yarn.keytab'
kdc_1       | Nov 14 02:22:19 kdc kadmind[15](info): closing down fd 18
kms_1       | 
rm_1        | 
s3g_1       | 2019-11-14 02:22:37 (10.8 MB/s) - '/etc/security/keytabs/yarn.keytab' saved [144/144]
datanode_2  |      0K                                                       100% 21.1M=0s
scm_1       | 2019-11-14 02:22:34 (7.20 MB/s) - '/etc/security/keytabs/yarn.keytab' saved [144/144]
datanode_3  | Length: 162 [application/octet-stream]
om_1        | 
datanode_1  | Length: 162 [application/octet-stream]
nm_1        | 
jhs         | 
kms_1       | 2019-11-14 02:22:37 (11.7 MB/s) - '/etc/security/keytabs/yarn.keytab' saved [162/162]
rm_1        | 2019-11-14 02:22:36 (11.3 MB/s) - '/etc/security/keytabs/yarn.keytab' saved [142/142]
kdc_1       | Nov 14 02:22:19 kdc kadmind[15](Notice): Request: kadm5_init, admin/admin@EXAMPLE.COM, success, client=admin/admin@EXAMPLE.COM, service=kadmin/admin@EXAMPLE.COM, addr=127.0.0.1, vers=4, flavor=6
s3g_1       | 
datanode_2  | 
scm_1       | 
datanode_3  | Saving to: '/etc/security/keytabs/yarn.keytab'
om_1        |      0K                                                       100% 7.97M=0s
datanode_1  | Saving to: '/etc/security/keytabs/yarn.keytab'
nm_1        |      0K                                                       100% 7.88M=0s
jhs         |      0K                                                       100% 7.31M=0s
kms_1       | 
rm_1        | 
kdc_1       | Nov 14 02:22:19 kdc kadmind[15](Notice): Request: kadm5_randkey_principal, dn/scm@EXAMPLE.COM, success, client=admin/admin@EXAMPLE.COM, service=kdmin@EXAMPLE.COM
s3g_1       | Keytab name: FILE:/etc/security/keytabs/yarn.keytab
scm_1       | Keytab name: FILE:/etc/security/keytabs/yarn.keytab
datanode_2  | 2019-11-14 02:22:34 (21.1 MB/s) - '/etc/security/keytabs/yarn.keytab' saved [162/162]
datanode_3  | 
om_1        | 
datanode_1  | 
nm_1        | 
jhs         | 
kms_1       | Keytab name: FILE:/etc/security/keytabs/yarn.keytab
rm_1        | Keytab name: FILE:/etc/security/keytabs/yarn.keytab
kdc_1       | Nov 14 02:22:19 kdc krb5kdc[9](info): AS_REQ (8 etypes {18 17 20 19 16 23 25 26}) 127.0.0.1: SERVER_NOT_FOUND: admin/admin@EXAMPLE.COM for kadmin/localhost@EXAMPLE.COM, Server not found in Kerberos database
s3g_1       | KVNO Timestamp         Principal
datanode_2  | 
scm_1       | KVNO Timestamp         Principal
datanode_3  |      0K                                                       100% 12.0M=0s
om_1        | 2019-11-14 02:22:34 (7.97 MB/s) - '/etc/security/keytabs/yarn.keytab' saved [142/142]
datanode_1  |      0K                                                       100% 10.6M=0s
nm_1        | 2019-11-14 02:22:38 (7.88 MB/s) - '/etc/security/keytabs/jhs.keytab' saved [140/140]
jhs         | 2019-11-14 02:22:33 (7.31 MB/s) - '/etc/security/keytabs/yarn.keytab' saved [144/144]
kms_1       | KVNO Timestamp         Principal
rm_1        | KVNO Timestamp         Principal
kdc_1       | Nov 14 02:22:19 kdc krb5kdc[9](info): AS_REQ (8 etypes {18 17 20 19 16 23 25 26}) 127.0.0.1: ISSUE: authtime 1573698139, etypes {rep=18 tkt=18 ses=18}, admin/admin@EXAMPLE.COM for kadmin/admin@EXAMPLE.COM
s3g_1       | ---- ----------------- --------------------------------------------------------
datanode_2  | Keytab name: FILE:/etc/security/keytabs/yarn.keytab
scm_1       | ---- ----------------- --------------------------------------------------------
om_1        | 
datanode_1  | 
datanode_3  | 
jhs         | 
nm_1        | 
rm_1        | ---- ----------------- --------------------------------------------------------
kdc_1       | Nov 14 02:22:19 kdc krb5kdc[9](info): AS_REQ (8 etypes {18 17 20 19 16 23 25 26}) 127.0.0.1: SERVER_NOT_FOUND: admin/admin@EXAMPLE.COM for kadmin/localhost@EXAMPLE.COM, Server not found in Kerberos database
s3g_1       |    2 11/14/19 02:22:37 yarn/s3g@EXAMPLE.COM
datanode_2  | KVNO Timestamp         Principal
scm_1       |    2 11/14/19 02:22:34 yarn/scm@EXAMPLE.COM
om_1        | Keytab name: FILE:/etc/security/keytabs/yarn.keytab
datanode_1  | 2019-11-14 02:22:33 (10.6 MB/s) - '/etc/security/keytabs/yarn.keytab' saved [162/162]
datanode_3  | 2019-11-14 02:22:36 (12.0 MB/s) - '/etc/security/keytabs/yarn.keytab' saved [162/162]
jhs         | Keytab name: FILE:/etc/security/keytabs/yarn.keytab
kms_1       | ---- ----------------- --------------------------------------------------------
nm_1        | Keytab name: FILE:/etc/security/keytabs/jhs.keytab
kdc_1       | Nov 14 02:22:19 kdc krb5kdc[9](info): AS_REQ (8 etypes {18 17 20 19 16 23 25 26}) 127.0.0.1: ISSUE: authtime 1573698139, etypes {rep=18 tkt=18 ses=18}, admin/admin@EXAMPLE.COM for kadmin/admin@EXAMPLE.COM
s3g_1       |    2 11/14/19 02:22:37 yarn/s3g@EXAMPLE.COM
datanode_2  | ---- ----------------- --------------------------------------------------------
scm_1       |    2 11/14/19 02:22:34 yarn/scm@EXAMPLE.COM
om_1        | KVNO Timestamp         Principal
datanode_1  | 
datanode_3  | 
jhs         | KVNO Timestamp         Principal
kms_1       |    2 11/14/19 02:22:37 yarn/a40ea0745e64@EXAMPLE.COM
rm_1        |    2 11/14/19 02:22:36 yarn/rm@EXAMPLE.COM
nm_1        | KVNO Timestamp         Principal
s3g_1       | Download jhs/s3g@EXAMPLE.COM keytab file to /etc/security/keytabs/jhs.keytab
datanode_2  |    2 11/14/19 02:22:34 yarn/4e3d2399e6d7@EXAMPLE.COM
scm_1       | Download jhs/scm@EXAMPLE.COM keytab file to /etc/security/keytabs/jhs.keytab
om_1        | ---- ----------------- --------------------------------------------------------
datanode_1  | Keytab name: FILE:/etc/security/keytabs/yarn.keytab
datanode_3  | Keytab name: FILE:/etc/security/keytabs/yarn.keytab
kms_1       |    2 11/14/19 02:22:37 yarn/a40ea0745e64@EXAMPLE.COM
jhs         | ---- ----------------- --------------------------------------------------------
rm_1        |    2 11/14/19 02:22:36 yarn/rm@EXAMPLE.COM
kdc_1       | admin/admin@EXAMPLE.COM, addr=127.0.0.1
nm_1        | ---- ----------------- --------------------------------------------------------
s3g_1       | --2019-11-14 02:22:37--  http://kdc:8081/keytab/s3g/jhs
datanode_2  |    2 11/14/19 02:22:34 yarn/4e3d2399e6d7@EXAMPLE.COM
scm_1       | --2019-11-14 02:22:34--  http://kdc:8081/keytab/scm/jhs
datanode_1  | KVNO Timestamp         Principal
datanode_3  | KVNO Timestamp         Principal
kms_1       | Download jhs/a40ea0745e64@EXAMPLE.COM keytab file to /etc/security/keytabs/jhs.keytab
jhs         |    2 11/14/19 02:22:33 yarn/jhs@EXAMPLE.COM
rm_1        | Download jhs/rm@EXAMPLE.COM keytab file to /etc/security/keytabs/jhs.keytab
kdc_1       | Nov 14 02:22:19 kdc kadmind[15](Notice): Request: kadm5_get_principal, dn/scm@EXAMPLE.COM, success, client=admin/admin@EXAMPLE.COM, service=kadmin/admin@EXAMPLE.COM, addr=127.0.0.1
nm_1        |    2 11/14/19 02:22:38 jhs/nm@EXAMPLE.COM
s3g_1       | Resolving kdc (kdc)... 172.19.0.12
datanode_2  | Download jhs/4e3d2399e6d7@EXAMPLE.COM keytab file to /etc/security/keytabs/jhs.keytab
scm_1       | Resolving kdc (kdc)... 172.19.0.12
om_1        |    2 11/14/19 02:22:34 yarn/om@EXAMPLE.COM
datanode_1  | ---- ----------------- --------------------------------------------------------
datanode_3  | ---- ----------------- --------------------------------------------------------
kms_1       | --2019-11-14 02:22:37--  http://kdc:8081/keytab/a40ea0745e64/jhs
jhs         |    2 11/14/19 02:22:33 yarn/jhs@EXAMPLE.COM
rm_1        | --2019-11-14 02:22:36--  http://kdc:8081/keytab/rm/jhs
kdc_1       | Nov 14 02:22:19 kdc kadmind[15](info): closing down fd 18
nm_1        |    2 11/14/19 02:22:38 jhs/nm@EXAMPLE.COM
s3g_1       | Connecting to kdc (kdc)|172.19.0.12|:8081... connected.
scm_1       | Connecting to kdc (kdc)|172.19.0.12|:8081... connected.
datanode_2  | --2019-11-14 02:22:34--  http://kdc:8081/keytab/4e3d2399e6d7/jhs
om_1        |    2 11/14/19 02:22:34 yarn/om@EXAMPLE.COM
datanode_1  |    2 11/14/19 02:22:33 yarn/d76e43e6fe14@EXAMPLE.COM
datanode_3  |    2 11/14/19 02:22:36 yarn/ea88b6d34ee7@EXAMPLE.COM
kms_1       | Resolving kdc (kdc)... 172.19.0.12
jhs         | Download jhs/jhs@EXAMPLE.COM keytab file to /etc/security/keytabs/jhs.keytab
rm_1        | Resolving kdc (kdc)... 172.19.0.12
kdc_1       | Nov 14 02:22:19 kdc kadmind[15](Notice): Request: kadm5_init, admin/admin@EXAMPLE.COM, success, client=admin/admin@EXAMPLE.COM, service=kadmin/admin@EXAMPLE.COM, addr=127.0.0.1, vers=4, flavor=6
nm_1        | Download hadoop/nm@EXAMPLE.COM keytab file to /etc/security/keytabs/hadoop.keytab
s3g_1       | HTTP request sent, awaiting response... 200 OK
scm_1       | HTTP request sent, awaiting response... 200 OK
datanode_2  | Resolving kdc (kdc)... 172.19.0.12
om_1        | Download jhs/om@EXAMPLE.COM keytab file to /etc/security/keytabs/jhs.keytab
datanode_1  |    2 11/14/19 02:22:33 yarn/d76e43e6fe14@EXAMPLE.COM
datanode_3  |    2 11/14/19 02:22:36 yarn/ea88b6d34ee7@EXAMPLE.COM
kms_1       | Connecting to kdc (kdc)|172.19.0.12|:8081... connected.
jhs         | --2019-11-14 02:22:33--  http://kdc:8081/keytab/jhs/jhs
rm_1        | Connecting to kdc (kdc)|172.19.0.12|:8081... connected.
kdc_1       | Nov 14 02:22:19 kdc kadmind[15](Notice): Request: kadm5_get_policy, default, Policy does not exist, client=admin/admin@EXAMPLE.COM, service=kadmin/admin@EXAMPLE.COM, addr=127.0.0.1
nm_1        | --2019-11-14 02:22:38--  http://kdc:8081/keytab/nm/hadoop
s3g_1       | Length: 142 [application/octet-stream]
scm_1       | Length: 142 [application/octet-stream]
datanode_2  | Connecting to kdc (kdc)|172.19.0.12|:8081... connected.
om_1        | --2019-11-14 02:22:34--  http://kdc:8081/keytab/om/jhs
datanode_1  | Download jhs/d76e43e6fe14@EXAMPLE.COM keytab file to /etc/security/keytabs/jhs.keytab
datanode_3  | Download jhs/ea88b6d34ee7@EXAMPLE.COM keytab file to /etc/security/keytabs/jhs.keytab
kms_1       | HTTP request sent, awaiting response... 200 OK
jhs         | Resolving kdc (kdc)... 172.19.0.12
rm_1        | HTTP request sent, awaiting response... 200 OK
kdc_1       | Nov 14 02:22:19 kdc kadmind[15](Notice): Request: kadm5_create_principal, dn/om@EXAMPLE.COM, success, client=admin/admin@EXAMPLE.COM, service=kadmin/admin@EXAMPLE.COM, addr=127.0.0.1
nm_1        | Resolving kdc (kdc)... 172.19.0.12
s3g_1       | Saving to: '/etc/security/keytabs/jhs.keytab'
scm_1       | Saving to: '/etc/security/keytabs/jhs.keytab'
om_1        | Resolving kdc (kdc)... 172.19.0.12
datanode_3  | --2019-11-14 02:22:36--  http://kdc:8081/keytab/ea88b6d34ee7/jhs
datanode_1  | --2019-11-14 02:22:33--  http://kdc:8081/keytab/d76e43e6fe14/jhs
datanode_2  | HTTP request sent, awaiting response... 200 OK
kms_1       | Length: 160 [application/octet-stream]
jhs         | Connecting to kdc (kdc)|172.19.0.12|:8081... connected.
rm_1        | Length: 140 [application/octet-stream]
kdc_1       | Nov 14 02:22:19 kdc kadmind[15](info): closing down fd 18
nm_1        | Connecting to kdc (kdc)|172.19.0.12|:8081... connected.
s3g_1       | 
scm_1       | 
om_1        | Connecting to kdc (kdc)|172.19.0.12|:8081... connected.
datanode_3  | Resolving kdc (kdc)... 172.19.0.12
datanode_1  | Resolving kdc (kdc)... 172.19.0.12
datanode_2  | Length: 160 [application/octet-stream]
kms_1       | Saving to: '/etc/security/keytabs/jhs.keytab'
jhs         | HTTP request sent, awaiting response... 200 OK
rm_1        | Saving to: '/etc/security/keytabs/jhs.keytab'
nm_1        | HTTP request sent, awaiting response... 200 OK
s3g_1       |      0K                                                       100% 11.5M=0s
scm_1       |      0K                                                       100% 10.8M=0s
om_1        | HTTP request sent, awaiting response... 200 OK
kdc_1       | Nov 14 02:22:19 kdc kadmind[15](Notice): Request: kadm5_init, admin/admin@EXAMPLE.COM, success, client=admin/admin@EXAMPLE.COM, service=kadmin/admin@EXAMPLE.COM, addr=127.0.0.1, vers=4, flavor=6
datanode_3  | Connecting to kdc (kdc)|172.19.0.12|:8081... connected.
datanode_1  | Connecting to kdc (kdc)|172.19.0.12|:8081... connected.
datanode_2  | Saving to: '/etc/security/keytabs/jhs.keytab'
kms_1       | 
jhs         | Length: 142 [application/octet-stream]
rm_1        | 
s3g_1       | 
scm_1       | 
om_1        | Length: 140 [application/octet-stream]
datanode_3  | HTTP request sent, awaiting response... 200 OK
datanode_2  | 
nm_1        | Length: 146 [application/octet-stream]
datanode_1  | HTTP request sent, awaiting response... 200 OK
kms_1       |      0K                                                       100% 13.1M=0s
rm_1        |      0K                                                       100% 9.70M=0s
jhs         | Saving to: '/etc/security/keytabs/jhs.keytab'
s3g_1       | 2019-11-14 02:22:39 (11.5 MB/s) - '/etc/security/keytabs/jhs.keytab' saved [142/142]
scm_1       | 2019-11-14 02:22:36 (10.8 MB/s) - '/etc/security/keytabs/jhs.keytab' saved [142/142]
kdc_1       | Nov 14 02:22:19 kdc kadmind[15](Notice): Request: kadm5_randkey_principal, dn/om@EXAMPLE.COM, success, client=admin/admin@EXAMPLE.COM, service=kadmin/admin@EXAMPLE.COM, addr=127.0.0.1
datanode_3  | Length: 160 [application/octet-stream]
datanode_2  |      0K                                                       100% 11.9M=0s
nm_1        | Saving to: '/etc/security/keytabs/hadoop.keytab'
kms_1       | 
rm_1        | 
jhs         | 
s3g_1       | 
datanode_1  | Length: 160 [application/octet-stream]
scm_1       | 
kdc_1       | Nov 14 02:22:19 kdc kadmind[15](Notice): Request: kadm5_get_principal, dn/om@EXAMPLE.COM, success, client=admin/admin@EXAMPLE.COM, service=kadmin/admin@EXAMPLE.COM, addr=127.0.0.1
datanode_3  | Saving to: '/etc/security/keytabs/jhs.keytab'
datanode_2  | 
nm_1        | 
kms_1       | 2019-11-14 02:22:39 (13.1 MB/s) - '/etc/security/keytabs/jhs.keytab' saved [160/160]
om_1        | Saving to: '/etc/security/keytabs/jhs.keytab'
rm_1        | 2019-11-14 02:22:38 (9.70 MB/s) - '/etc/security/keytabs/jhs.keytab' saved [140/140]
s3g_1       | Keytab name: FILE:/etc/security/keytabs/jhs.keytab
jhs         |      0K                                                       100% 5.84M=0s
datanode_1  | Saving to: '/etc/security/keytabs/jhs.keytab'
scm_1       | Keytab name: FILE:/etc/security/keytabs/jhs.keytab
kdc_1       | Nov 14 02:22:19 kdc kadmind[15](info): closing down fd 18
datanode_3  | 
datanode_2  | 2019-11-14 02:22:36 (11.9 MB/s) - '/etc/security/keytabs/jhs.keytab' saved [160/160]
nm_1        |      0K                                                       100% 15.3M=0s
om_1        | 
rm_1        | 
kms_1       | 
s3g_1       | KVNO Timestamp         Principal
jhs         | 
datanode_1  | 
scm_1       | KVNO Timestamp         Principal
kdc_1       | Nov 14 02:22:19 kdc kadmind[15](Notice): Request: kadm5_init, admin/admin@EXAMPLE.COM, success, client=admin/admin@EXAMPLE.COM, service=kadmin/admin@EXAMPLE.COM, addr=127.0.0.1, vers=4, flavor=6
datanode_3  |      0K                                                       100% 16.4M=0s
datanode_2  | 
nm_1        | 
om_1        |      0K                                                       100% 11.3M=0s
rm_1        | Keytab name: FILE:/etc/security/keytabs/jhs.keytab
kms_1       | Keytab name: FILE:/etc/security/keytabs/jhs.keytab
s3g_1       | ---- ----------------- --------------------------------------------------------
jhs         | 2019-11-14 02:22:35 (5.84 MB/s) - '/etc/security/keytabs/jhs.keytab' saved [142/142]
datanode_1  |      0K                                                       100% 11.6M=0s
scm_1       | ---- ----------------- --------------------------------------------------------
kdc_1       | Nov 14 02:22:19 kdc kadmind[15](Notice): Request: kadm5_get_policy, default, Policy does not exist, client=admin/admin@EXAMPLE.COM, service=kadmin/admin@EXAMPLE.COM, addr=127.0.0.1
datanode_3  | 
datanode_2  | Keytab name: FILE:/etc/security/keytabs/jhs.keytab
nm_1        | 2019-11-14 02:22:40 (15.3 MB/s) - '/etc/security/keytabs/hadoop.keytab' saved [146/146]
om_1        | 
rm_1        | KVNO Timestamp         Principal
kms_1       | KVNO Timestamp         Principal
s3g_1       |    2 11/14/19 02:22:39 jhs/s3g@EXAMPLE.COM
jhs         | 
datanode_1  | 
scm_1       |    2 11/14/19 02:22:36 jhs/scm@EXAMPLE.COM
kdc_1       | Principal "om/d76e43e6fe14@EXAMPLE.COM" created.
datanode_3  | 2019-11-14 02:22:38 (16.4 MB/s) - '/etc/security/keytabs/jhs.keytab' saved [160/160]
datanode_2  | KVNO Timestamp         Principal
nm_1        | 
om_1        | 2019-11-14 02:22:37 (11.3 MB/s) - '/etc/security/keytabs/jhs.keytab' saved [140/140]
rm_1        | ---- ----------------- --------------------------------------------------------
kms_1       | ---- ----------------- --------------------------------------------------------
s3g_1       |    2 11/14/19 02:22:39 jhs/s3g@EXAMPLE.COM
jhs         | Keytab name: FILE:/etc/security/keytabs/jhs.keytab
datanode_1  | 2019-11-14 02:22:35 (11.6 MB/s) - '/etc/security/keytabs/jhs.keytab' saved [160/160]
scm_1       |    2 11/14/19 02:22:36 jhs/scm@EXAMPLE.COM
kdc_1       | Authenticating as principal admin/admin with keytab /tmp/admin.keytab.
datanode_3  | 
datanode_2  | ---- ----------------- --------------------------------------------------------
nm_1        | Keytab name: FILE:/etc/security/keytabs/hadoop.keytab
om_1        | 
rm_1        |    2 11/14/19 02:22:38 jhs/rm@EXAMPLE.COM
kms_1       |    2 11/14/19 02:22:39 jhs/a40ea0745e64@EXAMPLE.COM
s3g_1       | Download hadoop/s3g@EXAMPLE.COM keytab file to /etc/security/keytabs/hadoop.keytab
jhs         | KVNO Timestamp         Principal
datanode_1  | 
scm_1       | Download hadoop/scm@EXAMPLE.COM keytab file to /etc/security/keytabs/hadoop.keytab
kdc_1       | Entry for principal om/d76e43e6fe14@EXAMPLE.COM with kvno 2, encryption type aes256-cts-hmac-sha1-96 added to keytab WRFILE:/data/om.d76e43e6fe14.keytab.
datanode_3  | Keytab name: FILE:/etc/security/keytabs/jhs.keytab
datanode_2  |    2 11/14/19 02:22:36 jhs/4e3d2399e6d7@EXAMPLE.COM
nm_1        | KVNO Timestamp         Principal
om_1        | Keytab name: FILE:/etc/security/keytabs/jhs.keytab
rm_1        |    2 11/14/19 02:22:38 jhs/rm@EXAMPLE.COM
kms_1       |    2 11/14/19 02:22:39 jhs/a40ea0745e64@EXAMPLE.COM
s3g_1       | --2019-11-14 02:22:39--  http://kdc:8081/keytab/s3g/hadoop
jhs         | ---- ----------------- --------------------------------------------------------
scm_1       | --2019-11-14 02:22:36--  http://kdc:8081/keytab/scm/hadoop
datanode_1  | Keytab name: FILE:/etc/security/keytabs/jhs.keytab
kdc_1       | Entry for principal om/d76e43e6fe14@EXAMPLE.COM with kvno 2, encryption type aes128-cts-hmac-sha1-96 added to keytab WRFILE:/data/om.d76e43e6fe14.keytab.
datanode_3  | KVNO Timestamp         Principal
datanode_2  |    2 11/14/19 02:22:36 jhs/4e3d2399e6d7@EXAMPLE.COM
nm_1        | ---- ----------------- --------------------------------------------------------
om_1        | KVNO Timestamp         Principal
rm_1        | Download hadoop/rm@EXAMPLE.COM keytab file to /etc/security/keytabs/hadoop.keytab
kms_1       | Download hadoop/a40ea0745e64@EXAMPLE.COM keytab file to /etc/security/keytabs/hadoop.keytab
s3g_1       | Resolving kdc (kdc)... 172.19.0.12
jhs         |    2 11/14/19 02:22:35 jhs/jhs@EXAMPLE.COM
scm_1       | Resolving kdc (kdc)... 172.19.0.12
datanode_1  | KVNO Timestamp         Principal
datanode_3  | ---- ----------------- --------------------------------------------------------
kdc_1       | Generiting keytab
datanode_2  | Download hadoop/4e3d2399e6d7@EXAMPLE.COM keytab file to /etc/security/keytabs/hadoop.keytab
nm_1        |    2 11/14/19 02:22:40 hadoop/nm@EXAMPLE.COM
om_1        | ---- ----------------- --------------------------------------------------------
rm_1        | --2019-11-14 02:22:38--  http://kdc:8081/keytab/rm/hadoop
kms_1       | --2019-11-14 02:22:39--  http://kdc:8081/keytab/a40ea0745e64/hadoop
s3g_1       | Connecting to kdc (kdc)|172.19.0.12|:8081... connected.
jhs         |    2 11/14/19 02:22:35 jhs/jhs@EXAMPLE.COM
scm_1       | Connecting to kdc (kdc)|172.19.0.12|:8081... connected.
datanode_1  | ---- ----------------- --------------------------------------------------------
datanode_3  |    2 11/14/19 02:22:38 jhs/ea88b6d34ee7@EXAMPLE.COM
kdc_1       | Authenticating as principal admin/admin with keytab /tmp/admin.keytab.
datanode_2  | --2019-11-14 02:22:36--  http://kdc:8081/keytab/4e3d2399e6d7/hadoop
nm_1        |    2 11/14/19 02:22:40 hadoop/nm@EXAMPLE.COM
om_1        |    2 11/14/19 02:22:36 jhs/om@EXAMPLE.COM
rm_1        | Resolving kdc (kdc)... 172.19.0.12
kms_1       | Resolving kdc (kdc)... 172.19.0.12
s3g_1       | HTTP request sent, awaiting response... 200 OK
jhs         | Download hadoop/jhs@EXAMPLE.COM keytab file to /etc/security/keytabs/hadoop.keytab
scm_1       | HTTP request sent, awaiting response... 200 OK
datanode_1  |    2 11/14/19 02:22:35 jhs/d76e43e6fe14@EXAMPLE.COM
datanode_3  |    2 11/14/19 02:22:38 jhs/ea88b6d34ee7@EXAMPLE.COM
kdc_1       | WARNING: no policy specified for om/jhs@EXAMPLE.COM; defaulting to no policy
datanode_2  | Resolving kdc (kdc)... 172.19.0.12
nm_1        | Download spark/nm@EXAMPLE.COM keytab file to /etc/security/keytabs/spark.keytab
om_1        |    2 11/14/19 02:22:37 jhs/om@EXAMPLE.COM
rm_1        | Connecting to kdc (kdc)|172.19.0.12|:8081... connected.
kms_1       | Connecting to kdc (kdc)|172.19.0.12|:8081... connected.
jhs         | --2019-11-14 02:22:35--  http://kdc:8081/keytab/jhs/hadoop
s3g_1       | Length: 148 [application/octet-stream]
scm_1       | Length: 148 [application/octet-stream]
datanode_3  | Download hadoop/ea88b6d34ee7@EXAMPLE.COM keytab file to /etc/security/keytabs/hadoop.keytab
datanode_2  | Connecting to kdc (kdc)|172.19.0.12|:8081... connected.
kdc_1       | Principal "om/jhs@EXAMPLE.COM" created.
nm_1        | --2019-11-14 02:22:40--  http://kdc:8081/keytab/nm/spark
datanode_1  |    2 11/14/19 02:22:35 jhs/d76e43e6fe14@EXAMPLE.COM
om_1        | Download hadoop/om@EXAMPLE.COM keytab file to /etc/security/keytabs/hadoop.keytab
rm_1        | HTTP request sent, awaiting response... 200 OK
kms_1       | HTTP request sent, awaiting response... 200 OK
jhs         | Resolving kdc (kdc)... 172.19.0.12
s3g_1       | Saving to: '/etc/security/keytabs/hadoop.keytab'
scm_1       | Saving to: '/etc/security/keytabs/hadoop.keytab'
datanode_3  | --2019-11-14 02:22:38--  http://kdc:8081/keytab/ea88b6d34ee7/hadoop
datanode_2  | HTTP request sent, awaiting response... 200 OK
kdc_1       | Authenticating as principal admin/admin with keytab /tmp/admin.keytab.
nm_1        | Resolving kdc (kdc)... 172.19.0.12
datanode_1  | Download hadoop/d76e43e6fe14@EXAMPLE.COM keytab file to /etc/security/keytabs/hadoop.keytab
om_1        | --2019-11-14 02:22:37--  http://kdc:8081/keytab/om/hadoop
rm_1        | Length: 146 [application/octet-stream]
kms_1       | Length: 166 [application/octet-stream]
s3g_1       | 
scm_1       | 
jhs         | Connecting to kdc (kdc)|172.19.0.12|:8081... connected.
datanode_3  | Resolving kdc (kdc)... 172.19.0.12
datanode_2  | Length: 166 [application/octet-stream]
nm_1        | Connecting to kdc (kdc)|172.19.0.12|:8081... connected.
datanode_1  | --2019-11-14 02:22:35--  http://kdc:8081/keytab/d76e43e6fe14/hadoop
om_1        | Resolving kdc (kdc)... 172.19.0.12
kdc_1       | Entry for principal om/jhs@EXAMPLE.COM with kvno 2, encryption type aes256-cts-hmac-sha1-96 added to keytab WRFILE:/data/om.jhs.keytab.
rm_1        | Saving to: '/etc/security/keytabs/hadoop.keytab'
kms_1       | Saving to: '/etc/security/keytabs/hadoop.keytab'
s3g_1       |      0K                                                       100% 12.8M=0s
scm_1       |      0K                                                       100% 9.30M=0s
jhs         | HTTP request sent, awaiting response... 200 OK
datanode_3  | Connecting to kdc (kdc)|172.19.0.12|:8081... connected.
datanode_2  | Saving to: '/etc/security/keytabs/hadoop.keytab'
nm_1        | HTTP request sent, awaiting response... 200 OK
datanode_1  | Resolving kdc (kdc)... 172.19.0.12
om_1        | Connecting to kdc (kdc)|172.19.0.12|:8081... connected.
kdc_1       | Entry for principal om/jhs@EXAMPLE.COM with kvno 2, encryption type aes128-cts-hmac-sha1-96 added to keytab WRFILE:/data/om.jhs.keytab.
rm_1        | 
kms_1       | 
s3g_1       | 
scm_1       | 
datanode_3  | HTTP request sent, awaiting response... 200 OK
datanode_2  | 
jhs         | Length: 148 [application/octet-stream]
nm_1        | Length: 144 [application/octet-stream]
datanode_1  | Connecting to kdc (kdc)|172.19.0.12|:8081... connected.
om_1        | HTTP request sent, awaiting response... 200 OK
kdc_1       | Generiting keytab
rm_1        |      0K                                                       100% 19.0M=0s
kms_1       |      0K                                                       100% 17.0M=0s
s3g_1       | 2019-11-14 02:22:41 (12.8 MB/s) - '/etc/security/keytabs/hadoop.keytab' saved [148/148]
scm_1       | 2019-11-14 02:22:38 (9.30 MB/s) - '/etc/security/keytabs/hadoop.keytab' saved [148/148]
datanode_3  | Length: 166 [application/octet-stream]
datanode_2  |      0K                                                       100% 12.9M=0s
jhs         | Saving to: '/etc/security/keytabs/hadoop.keytab'
nm_1        | Saving to: '/etc/security/keytabs/spark.keytab'
datanode_1  | HTTP request sent, awaiting response... 200 OK
om_1        | Length: 146 [application/octet-stream]
kdc_1       | Authenticating as principal admin/admin with keytab /tmp/admin.keytab.
rm_1        | 
kms_1       | 
s3g_1       | 
scm_1       | 
datanode_3  | Saving to: '/etc/security/keytabs/hadoop.keytab'
datanode_2  | 
jhs         | 
nm_1        | 
datanode_1  | Length: 166 [application/octet-stream]
om_1        | Saving to: '/etc/security/keytabs/hadoop.keytab'
kdc_1       | WARNING: no policy specified for om/4e3d2399e6d7@EXAMPLE.COM; defaulting to no policy
rm_1        | 2019-11-14 02:22:40 (19.0 MB/s) - '/etc/security/keytabs/hadoop.keytab' saved [146/146]
kms_1       | 2019-11-14 02:22:41 (17.0 MB/s) - '/etc/security/keytabs/hadoop.keytab' saved [166/166]
s3g_1       | Keytab name: FILE:/etc/security/keytabs/hadoop.keytab
scm_1       | Keytab name: FILE:/etc/security/keytabs/hadoop.keytab
datanode_3  | 
datanode_2  | 2019-11-14 02:22:38 (12.9 MB/s) - '/etc/security/keytabs/hadoop.keytab' saved [166/166]
jhs         |      0K                                                       100% 11.2M=0s
nm_1        |      0K                                                       100% 14.6M=0s
datanode_1  | Saving to: '/etc/security/keytabs/hadoop.keytab'
om_1        | 
kdc_1       | Principal "om/4e3d2399e6d7@EXAMPLE.COM" created.
rm_1        | 
kms_1       | 
s3g_1       | KVNO Timestamp         Principal
scm_1       | KVNO Timestamp         Principal
datanode_3  |      0K                                                       100% 7.05M=0s
jhs         | 
datanode_2  | 
nm_1        | 
datanode_1  | 
om_1        |      0K                                                       100% 8.60M=0s
kdc_1       | Authenticating as principal admin/admin with keytab /tmp/admin.keytab.
rm_1        | Keytab name: FILE:/etc/security/keytabs/hadoop.keytab
kms_1       | Keytab name: FILE:/etc/security/keytabs/hadoop.keytab
s3g_1       | ---- ----------------- --------------------------------------------------------
scm_1       | ---- ----------------- --------------------------------------------------------
datanode_3  | 
jhs         | 2019-11-14 02:22:37 (11.2 MB/s) - '/etc/security/keytabs/hadoop.keytab' saved [148/148]
datanode_2  | Keytab name: FILE:/etc/security/keytabs/hadoop.keytab
datanode_1  |      0K                                                       100% 18.9M=0s
om_1        | 
kdc_1       | Entry for principal om/4e3d2399e6d7@EXAMPLE.COM with kvno 2, encryption type aes256-cts-hmac-sha1-96 added to keytab WRFILE:/data/om.4e3d2399e6d7.keytab.
rm_1        | KVNO Timestamp         Principal
kms_1       | KVNO Timestamp         Principal
scm_1       |    2 11/14/19 02:22:38 hadoop/scm@EXAMPLE.COM
s3g_1       |    2 11/14/19 02:22:41 hadoop/s3g@EXAMPLE.COM
nm_1        | 2019-11-14 02:22:42 (14.6 MB/s) - '/etc/security/keytabs/spark.keytab' saved [144/144]
datanode_3  | 2019-11-14 02:22:40 (7.05 MB/s) - '/etc/security/keytabs/hadoop.keytab' saved [166/166]
jhs         | 
datanode_2  | KVNO Timestamp         Principal
datanode_1  | 
om_1        | 2019-11-14 02:22:38 (8.60 MB/s) - '/etc/security/keytabs/hadoop.keytab' saved [146/146]
kdc_1       | Entry for principal om/4e3d2399e6d7@EXAMPLE.COM with kvno 2, encryption type aes128-cts-hmac-sha1-96 added to keytab WRFILE:/data/om.4e3d2399e6d7.keytab.
kms_1       | ---- ----------------- --------------------------------------------------------
rm_1        | ---- ----------------- --------------------------------------------------------
scm_1       |    2 11/14/19 02:22:38 hadoop/scm@EXAMPLE.COM
s3g_1       |    2 11/14/19 02:22:41 hadoop/s3g@EXAMPLE.COM
nm_1        | 
datanode_3  | 
jhs         | Keytab name: FILE:/etc/security/keytabs/hadoop.keytab
datanode_2  | ---- ----------------- --------------------------------------------------------
datanode_1  | 2019-11-14 02:22:37 (18.9 MB/s) - '/etc/security/keytabs/hadoop.keytab' saved [166/166]
om_1        | 
kdc_1       | Generiting keytab
kms_1       |    2 11/14/19 02:22:41 hadoop/a40ea0745e64@EXAMPLE.COM
rm_1        |    2 11/14/19 02:22:40 hadoop/rm@EXAMPLE.COM
scm_1       | Download spark/scm@EXAMPLE.COM keytab file to /etc/security/keytabs/spark.keytab
s3g_1       | Download spark/s3g@EXAMPLE.COM keytab file to /etc/security/keytabs/spark.keytab
nm_1        | Keytab name: FILE:/etc/security/keytabs/spark.keytab
datanode_3  | Keytab name: FILE:/etc/security/keytabs/hadoop.keytab
jhs         | KVNO Timestamp         Principal
datanode_2  |    2 11/14/19 02:22:38 hadoop/4e3d2399e6d7@EXAMPLE.COM
datanode_1  | 
om_1        | Keytab name: FILE:/etc/security/keytabs/hadoop.keytab
kdc_1       | Authenticating as principal admin/admin with keytab /tmp/admin.keytab.
kms_1       |    2 11/14/19 02:22:41 hadoop/a40ea0745e64@EXAMPLE.COM
rm_1        |    2 11/14/19 02:22:40 hadoop/rm@EXAMPLE.COM
scm_1       | --2019-11-14 02:22:38--  http://kdc:8081/keytab/scm/spark
s3g_1       | --2019-11-14 02:22:41--  http://kdc:8081/keytab/s3g/spark
nm_1        | KVNO Timestamp         Principal
datanode_3  | KVNO Timestamp         Principal
jhs         | ---- ----------------- --------------------------------------------------------
datanode_2  |    2 11/14/19 02:22:38 hadoop/4e3d2399e6d7@EXAMPLE.COM
datanode_1  | Keytab name: FILE:/etc/security/keytabs/hadoop.keytab
om_1        | KVNO Timestamp         Principal
kdc_1       | WARNING: no policy specified for om/scm@EXAMPLE.COM; defaulting to no policy
kms_1       | Download spark/a40ea0745e64@EXAMPLE.COM keytab file to /etc/security/keytabs/spark.keytab
rm_1        | Download spark/rm@EXAMPLE.COM keytab file to /etc/security/keytabs/spark.keytab
scm_1       | Resolving kdc (kdc)... 172.19.0.12
nm_1        | ---- ----------------- --------------------------------------------------------
datanode_3  | ---- ----------------- --------------------------------------------------------
jhs         |    2 11/14/19 02:22:37 hadoop/jhs@EXAMPLE.COM
datanode_2  | Download spark/4e3d2399e6d7@EXAMPLE.COM keytab file to /etc/security/keytabs/spark.keytab
om_1        | ---- ----------------- --------------------------------------------------------
kdc_1       | Principal "om/scm@EXAMPLE.COM" created.
datanode_1  | KVNO Timestamp         Principal
kms_1       | --2019-11-14 02:22:41--  http://kdc:8081/keytab/a40ea0745e64/spark
rm_1        | --2019-11-14 02:22:40--  http://kdc:8081/keytab/rm/spark
s3g_1       | Resolving kdc (kdc)... 172.19.0.12
scm_1       | Connecting to kdc (kdc)|172.19.0.12|:8081... connected.
nm_1        |    2 11/14/19 02:22:42 spark/nm@EXAMPLE.COM
jhs         |    2 11/14/19 02:22:37 hadoop/jhs@EXAMPLE.COM
datanode_3  |    2 11/14/19 02:22:40 hadoop/ea88b6d34ee7@EXAMPLE.COM
datanode_2  | --2019-11-14 02:22:38--  http://kdc:8081/keytab/4e3d2399e6d7/spark
om_1        |    2 11/14/19 02:22:38 hadoop/om@EXAMPLE.COM
kdc_1       | Authenticating as principal admin/admin with keytab /tmp/admin.keytab.
datanode_1  | ---- ----------------- --------------------------------------------------------
kms_1       | Resolving kdc (kdc)... 172.19.0.12
s3g_1       | Connecting to kdc (kdc)|172.19.0.12|:8081... connected.
nm_1        |    2 11/14/19 02:22:42 spark/nm@EXAMPLE.COM
scm_1       | HTTP request sent, awaiting response... 200 OK
rm_1        | Resolving kdc (kdc)... 172.19.0.12
jhs         | Download spark/jhs@EXAMPLE.COM keytab file to /etc/security/keytabs/spark.keytab
datanode_3  |    2 11/14/19 02:22:40 hadoop/ea88b6d34ee7@EXAMPLE.COM
om_1        |    2 11/14/19 02:22:38 hadoop/om@EXAMPLE.COM
kdc_1       | Entry for principal om/scm@EXAMPLE.COM with kvno 2, encryption type aes256-cts-hmac-sha1-96 added to keytab WRFILE:/data/om.scm.keytab.
datanode_2  | Resolving kdc (kdc)... 172.19.0.12
datanode_1  |    2 11/14/19 02:22:37 hadoop/d76e43e6fe14@EXAMPLE.COM
s3g_1       | HTTP request sent, awaiting response... 200 OK
nm_1        | # Licensed to the Apache Software Foundation (ASF) under one or more
kms_1       | Connecting to kdc (kdc)|172.19.0.12|:8081... connected.
scm_1       | Length: 146 [application/octet-stream]
rm_1        | Connecting to kdc (kdc)|172.19.0.12|:8081... connected.
jhs         | --2019-11-14 02:22:37--  http://kdc:8081/keytab/jhs/spark
datanode_3  | Download spark/ea88b6d34ee7@EXAMPLE.COM keytab file to /etc/security/keytabs/spark.keytab
om_1        | Download spark/om@EXAMPLE.COM keytab file to /etc/security/keytabs/spark.keytab
kdc_1       | Entry for principal om/scm@EXAMPLE.COM with kvno 2, encryption type aes128-cts-hmac-sha1-96 added to keytab WRFILE:/data/om.scm.keytab.
datanode_2  | Connecting to kdc (kdc)|172.19.0.12|:8081... connected.
datanode_1  |    2 11/14/19 02:22:37 hadoop/d76e43e6fe14@EXAMPLE.COM
s3g_1       | Length: 146 [application/octet-stream]
nm_1        | # contributor license agreements.  See the NOTICE file distributed with
kms_1       | HTTP request sent, awaiting response... 200 OK
scm_1       | Saving to: '/etc/security/keytabs/spark.keytab'
rm_1        | HTTP request sent, awaiting response... 200 OK
jhs         | Resolving kdc (kdc)... 172.19.0.12
datanode_3  | --2019-11-14 02:22:40--  http://kdc:8081/keytab/ea88b6d34ee7/spark
om_1        | --2019-11-14 02:22:39--  http://kdc:8081/keytab/om/spark
kdc_1       | Generiting keytab
datanode_2  | HTTP request sent, awaiting response... 200 OK
datanode_1  | Download spark/d76e43e6fe14@EXAMPLE.COM keytab file to /etc/security/keytabs/spark.keytab
s3g_1       | Saving to: '/etc/security/keytabs/spark.keytab'
nm_1        | # this work for additional information regarding copyright ownership.
kms_1       | Length: 164 [application/octet-stream]
scm_1       | 
rm_1        | Length: 144 [application/octet-stream]
jhs         | Connecting to kdc (kdc)|172.19.0.12|:8081... connected.
datanode_3  | Resolving kdc (kdc)... 172.19.0.12
om_1        | Resolving kdc (kdc)... 172.19.0.12
kdc_1       | Authenticating as principal admin/admin with keytab /tmp/admin.keytab.
datanode_2  | Length: 164 [application/octet-stream]
datanode_1  | --2019-11-14 02:22:37--  http://kdc:8081/keytab/d76e43e6fe14/spark
s3g_1       | 
nm_1        | # The ASF licenses this file to You under the Apache License, Version 2.0
scm_1       |      0K                                                       100% 12.8M=0s
rm_1        | Saving to: '/etc/security/keytabs/spark.keytab'
jhs         | HTTP request sent, awaiting response... 200 OK
kms_1       | Saving to: '/etc/security/keytabs/spark.keytab'
datanode_3  | Connecting to kdc (kdc)|172.19.0.12|:8081... connected.
om_1        | Connecting to kdc (kdc)|172.19.0.12|:8081... connected.
kdc_1       | WARNING: no policy specified for dn/rm@EXAMPLE.COM; defaulting to no policy
datanode_2  | Saving to: '/etc/security/keytabs/spark.keytab'
datanode_1  | Resolving kdc (kdc)... 172.19.0.12
s3g_1       |      0K                                                       100% 12.8M=0s
nm_1        | # (the "License"); you may not use this file except in compliance with
rm_1        | 
scm_1       | 
jhs         | Length: 146 [application/octet-stream]
kms_1       | 
datanode_3  | HTTP request sent, awaiting response... 200 OK
om_1        | HTTP request sent, awaiting response... 200 OK
kdc_1       | Principal "dn/rm@EXAMPLE.COM" created.
datanode_2  | 
datanode_1  | Connecting to kdc (kdc)|172.19.0.12|:8081... connected.
s3g_1       | 
nm_1        | # the License.  You may obtain a copy of the License at
rm_1        |      0K                                                       100% 20.5M=0s
scm_1       | 2019-11-14 02:22:40 (12.8 MB/s) - '/etc/security/keytabs/spark.keytab' saved [146/146]
jhs         | Saving to: '/etc/security/keytabs/spark.keytab'
kms_1       |      0K                                                       100% 14.8M=0s
datanode_3  | Length: 164 [application/octet-stream]
om_1        | Length: 144 [application/octet-stream]
kdc_1       | Authenticating as principal admin/admin with keytab /tmp/admin.keytab.
