nm_1        | 2019-11-08 11:24:55 INFO  HttpServer2:730 - Added global filter 'safety' (class=org.apache.hadoop.http.HttpServer2$QuotingInputFilter)
om_1        | 2019-11-08 11:25:06,134 INFO ipc.Server: IPC Server Responder: starting
rm_1        | nodeLocalityDelay = 40
datanode_3  | 2019-11-08 11:25:03,677 INFO server.RaftServerConfigKeys: raft.server.log.segment.cache.num.max = 2 (custom)
datanode_2  | 2019-11-08 11:25:02,182 INFO server.RaftServerConfigKeys: raft.server.log.segment.cache.num.max = 2 (custom)
datanode_1  | 2019-11-08 11:25:02,768 INFO server.RaftServerConfigKeys: raft.server.log.segment.cache.num.max = 2 (custom)
scm_1       | 2019-11-08 11:24:58,961 INFO server.StorageContainerManager: ScmDatanodeProtocl RPC server is listening at /0.0.0.0:9861
nm_1        | 2019-11-08 11:24:55 INFO  HttpServer2:705 - Added filter static_user_filter (class=org.apache.hadoop.http.lib.StaticUserWebFilter$StaticUserFilter) to context node
om_1        | 2019-11-08 11:25:06,135 INFO ipc.Server: IPC Server listener on 9862: starting
rm_1        | labels=*,
datanode_3  | 2019-11-08 11:25:03,683 INFO segmented.SegmentedRaftLogWorker: new cb926b15-fbd6-4d05-8bbb-58b4769ffaab@group-013465692428-SegmentedRaftLogWorker for RaftStorage:Storage Directory /data/metadata/ratis/39dda697-7c6a-411d-b0da-013465692428
datanode_2  | 2019-11-08 11:25:02,188 INFO segmented.SegmentedRaftLogWorker: new 400a6b63-3338-4e38-a897-61f47f53a7cf@group-A400F07CAEBB-SegmentedRaftLogWorker for RaftStorage:Storage Directory /data/metadata/ratis/6e21b17b-471f-4882-8867-a400f07caebb
datanode_1  | 2019-11-08 11:25:02,774 INFO segmented.SegmentedRaftLogWorker: new ba986c9e-6da0-4f64-94d8-4b75390b1dc1@group-868E84B63D8F-SegmentedRaftLogWorker for RaftStorage:Storage Directory /data/metadata/ratis/b1db6cc1-f438-400b-86af-868e84b63d8f
scm_1       | 2019-11-08 11:24:58,961 INFO server.SCMDatanodeProtocolServer: RPC server for DataNodes is listening at /0.0.0.0:9861
nm_1        | 2019-11-08 11:24:55 INFO  HttpServer2:713 - Added filter static_user_filter (class=org.apache.hadoop.http.lib.StaticUserWebFilter$StaticUserFilter) to context static
om_1        | 2019-11-08 11:25:06,172 INFO hdfs.DFSUtil: Starting Web-server for ozoneManager at: http://0.0.0.0:9874
datanode_3  | 2019-11-08 11:25:03,683 INFO server.RaftServerConfigKeys: raft.server.log.queue.byte-limit = 2147483647 (custom)
rm_1        | nodeLocalityDelay = 40
datanode_2  | 2019-11-08 11:25:02,188 INFO server.RaftServerConfigKeys: raft.server.log.queue.byte-limit = 2147483647 (custom)
datanode_1  | 2019-11-08 11:25:02,774 INFO server.RaftServerConfigKeys: raft.server.log.queue.byte-limit = 2147483647 (custom)
scm_1       | 2019-11-08 11:24:58,962 INFO ipc.Server: IPC Server Responder: starting
om_1        | 2019-11-08 11:25:06,274 INFO server.AuthenticationFilter: Unable to initialize FileSignerSecretProvider, falling back to use random secrets.
datanode_3  | 2019-11-08 11:25:03,684 INFO server.RaftServerConfigKeys: raft.server.log.queue.element-limit = 1024 (custom)
datanode_2  | 2019-11-08 11:25:02,189 INFO server.RaftServerConfigKeys: raft.server.log.queue.element-limit = 1024 (custom)
datanode_1  | 2019-11-08 11:25:02,774 INFO server.RaftServerConfigKeys: raft.server.log.queue.element-limit = 1024 (custom)
rm_1        | reservationsContinueLooking = true
scm_1       | 2019-11-08 11:24:58,963 INFO ipc.Server: IPC Server listener on 9861: starting
nm_1        | 2019-11-08 11:24:55 INFO  HttpServer2:713 - Added filter static_user_filter (class=org.apache.hadoop.http.lib.StaticUserWebFilter$StaticUserFilter) to context logs
datanode_3  | 2019-11-08 11:25:03,685 INFO server.RaftServerConfigKeys: raft.server.log.segment.size.max = 1048576 (custom)
datanode_2  | 2019-11-08 11:25:02,190 INFO server.RaftServerConfigKeys: raft.server.log.segment.size.max = 1048576 (custom)
om_1        | 2019-11-08 11:25:06,276 INFO http.HttpRequestLog: Http request log for http.requests.ozoneManager is not defined
datanode_1  | 2019-11-08 11:25:02,776 INFO server.RaftServerConfigKeys: raft.server.log.segment.size.max = 1048576 (custom)
rm_1        | preemptionDisabled = true
scm_1       | 2019-11-08 11:24:58,968 INFO http.HttpServer2: Jetty bound to port 9876
nm_1        | 2019-11-08 11:24:55 INFO  HttpServer2:424 - adding path spec: /node/*
datanode_3  | 2019-11-08 11:25:03,686 INFO server.RaftServerConfigKeys: raft.server.log.preallocated.size = 16384 (custom)
datanode_2  | 2019-11-08 11:25:02,190 INFO server.RaftServerConfigKeys: raft.server.log.preallocated.size = 16384 (custom)
om_1        | 2019-11-08 11:25:06,283 INFO http.HttpServer2: Added global filter 'safety' (class=org.apache.hadoop.http.HttpServer2$QuotingInputFilter)
datanode_1  | 2019-11-08 11:25:02,776 INFO server.RaftServerConfigKeys: raft.server.log.preallocated.size = 16384 (custom)
scm_1       | 2019-11-08 11:24:58,969 INFO server.Server: jetty-9.3.25.v20180904, build timestamp: 2018-09-04T21:11:46Z, git hash: 3ce520221d0240229c862b122d2b06c12a625732
datanode_3  | 2019-11-08 11:25:03,686 INFO server.RaftServerConfigKeys: raft.server.log.write.buffer.size = 33554432 (custom)
nm_1        | 2019-11-08 11:24:55 INFO  HttpServer2:424 - adding path spec: /ws/*
rm_1        | 
datanode_2  | 2019-11-08 11:25:02,191 INFO server.RaftServerConfigKeys: raft.server.log.write.buffer.size = 33554432 (custom)
om_1        | 2019-11-08 11:25:06,284 INFO http.HttpServer2: Added filter static_user_filter (class=org.apache.hadoop.http.lib.StaticUserWebFilter$StaticUserFilter) to context ozoneManager
datanode_1  | 2019-11-08 11:25:02,776 INFO server.RaftServerConfigKeys: raft.server.log.write.buffer.size = 33554432 (custom)
scm_1       | 2019-11-08 11:24:59,004 INFO handler.ContextHandler: Started o.e.j.s.ServletContextHandler@3051e0b2{/logs,file:///var/log/hadoop/,AVAILABLE}
datanode_3  | 2019-11-08 11:25:03,687 INFO server.RaftServerConfigKeys: raft.server.log.force.sync.num = 128 (default)
nm_1        | 2019-11-08 11:24:55 INFO  WebApps:288 - Registered webapp guice modules
rm_1        | 2019-11-08 11:24:56 INFO  CapacityScheduler:634 - Initialized queue: default: capacity=1.0, absoluteCapacity=1.0, usedResources=<memory:0, vCores:0>, usedCapacity=0.0, absoluteUsedCapacity=0.0, numApps=0, numContainers=0
datanode_2  | 2019-11-08 11:25:02,191 INFO server.RaftServerConfigKeys: raft.server.log.force.sync.num = 128 (default)
om_1        | 2019-11-08 11:25:06,284 INFO http.HttpServer2: Added filter static_user_filter (class=org.apache.hadoop.http.lib.StaticUserWebFilter$StaticUserFilter) to context logs
scm_1       | 2019-11-08 11:24:59,005 INFO handler.ContextHandler: Started o.e.j.s.ServletContextHandler@2d5f7182{/static,jar:file:/opt/hadoop/share/ozone/lib/hadoop-hdds-server-scm-0.5.0-SNAPSHOT.jar!/webapps/static,AVAILABLE}
datanode_3  | 2019-11-08 11:25:03,687 INFO server.RaftServerConfigKeys: raft.server.log.statemachine.data.sync = true (default)
nm_1        | 2019-11-08 11:24:55 INFO  HttpServer2:935 - Jetty bound to port 8042
rm_1        | 2019-11-08 11:24:56 INFO  CapacityScheduler:634 - Initialized queue: root: numChildQueue= 1, capacity=1.0, absoluteCapacity=1.0, usedResources=<memory:0, vCores:0>usedCapacity=0.0, numApps=0, numContainers=0
datanode_2  | 2019-11-08 11:25:02,192 INFO server.RaftServerConfigKeys: raft.server.log.statemachine.data.sync = true (default)
om_1        | 2019-11-08 11:25:06,284 INFO http.HttpServer2: Added filter static_user_filter (class=org.apache.hadoop.http.lib.StaticUserWebFilter$StaticUserFilter) to context static
scm_1       | 2019-11-08 11:24:59,075 INFO handler.ContextHandler: Started o.e.j.w.WebAppContext@1e0895f5{/,file:///tmp/jetty-0.0.0.0-9876-scm-_-any-1742316421514381672.dir/webapp/,AVAILABLE}{/scm}
datanode_1  | 2019-11-08 11:25:02,777 INFO server.RaftServerConfigKeys: raft.server.log.force.sync.num = 128 (default)
datanode_3  | 2019-11-08 11:25:03,688 INFO server.RaftServerConfigKeys: raft.server.log.statemachine.data.sync.timeout = 10s (default)
nm_1        | 2019-11-08 11:24:55 INFO  log:67 - jetty-6.1.26
datanode_2  | 2019-11-08 11:25:02,192 INFO server.RaftServerConfigKeys: raft.server.log.statemachine.data.sync.timeout = 10s (default)
om_1        | 2019-11-08 11:25:06,301 INFO http.HttpServer2: Jetty bound to port 9874
rm_1        | 2019-11-08 11:24:56 INFO  CapacityScheduler:478 - Initialized root queue root: numChildQueue= 1, capacity=1.0, absoluteCapacity=1.0, usedResources=<memory:0, vCores:0>usedCapacity=0.0, numApps=0, numContainers=0
scm_1       | 2019-11-08 11:24:59,081 INFO server.AbstractConnector: Started ServerConnector@20cece0b{HTTP/1.1,[http/1.1]}{0.0.0.0:9876}
datanode_1  | 2019-11-08 11:25:02,778 INFO server.RaftServerConfigKeys: raft.server.log.statemachine.data.sync = true (default)
datanode_3  | 2019-11-08 11:25:03,688 INFO server.RaftServerConfigKeys: raft.server.log.statemachine.data.sync.timeout.retry = -1 (default)
nm_1        | 2019-11-08 11:24:56 INFO  log:67 - Extract jar:file:/opt/hadoop/share/hadoop/yarn/hadoop-yarn-common-2.7.7.jar!/webapps/node to /tmp/Jetty_0_0_0_0_8042_node____19tj0x/webapp
datanode_2  | 2019-11-08 11:25:02,193 INFO server.RaftServerConfigKeys: raft.server.log.statemachine.data.sync.timeout.retry = -1 (default)
om_1        | 2019-11-08 11:25:06,302 INFO server.Server: jetty-9.3.25.v20180904, build timestamp: 2018-09-04T21:11:46Z, git hash: 3ce520221d0240229c862b122d2b06c12a625732
rm_1        | 2019-11-08 11:24:56 INFO  CapacityScheduler:447 - Initialized queue mappings, override: false
scm_1       | 2019-11-08 11:24:59,082 INFO server.Server: Started @4407ms
datanode_3  | 2019-11-08 11:25:03,697 INFO server.RaftServerConfigKeys: raft.server.log.statemachine.data.caching.enabled = true (custom)
nm_1        | Nov 08, 2019 11:24:56 AM com.sun.jersey.guice.spi.container.GuiceComponentProviderFactory register
datanode_1  | 2019-11-08 11:25:02,778 INFO server.RaftServerConfigKeys: raft.server.log.statemachine.data.sync.timeout = 10s (default)
datanode_2  | 2019-11-08 11:25:02,201 INFO server.RaftServerConfigKeys: raft.server.log.statemachine.data.caching.enabled = true (custom)
om_1        | 2019-11-08 11:25:06,330 INFO handler.ContextHandler: Started o.e.j.s.ServletContextHandler@6e43ddd6{/logs,file:///var/log/hadoop/,AVAILABLE}
rm_1        | 2019-11-08 11:24:56 INFO  CapacityScheduler:314 - Initialized CapacityScheduler with calculator=class org.apache.hadoop.yarn.util.resource.DefaultResourceCalculator, minimumAllocation=<<memory:1024, vCores:1>>, maximumAllocation=<<memory:8192, vCores:32>>, asynchronousScheduling=false, asyncScheduleInterval=5ms
scm_1       | 2019-11-08 11:24:59,085 INFO impl.MetricsSinkAdapter: Sink prometheus started
datanode_3  | 2019-11-08 11:25:03,702 INFO segmented.SegmentedRaftLogWorker: cb926b15-fbd6-4d05-8bbb-58b4769ffaab@group-013465692428-SegmentedRaftLogWorker: flushIndex: setUnconditionally 0 -> -1
nm_1        | INFO: Registering org.apache.hadoop.yarn.server.nodemanager.webapp.NMWebServices as a root resource class
datanode_2  | 2019-11-08 11:25:02,206 INFO segmented.SegmentedRaftLogWorker: 400a6b63-3338-4e38-a897-61f47f53a7cf@group-A400F07CAEBB-SegmentedRaftLogWorker: flushIndex: setUnconditionally 0 -> -1
rm_1        | 2019-11-08 11:24:56 INFO  SystemMetricsPublisher:93 - YARN system metrics publishing service is not enabled
om_1        | 2019-11-08 11:25:06,331 INFO handler.ContextHandler: Started o.e.j.s.ServletContextHandler@4d266391{/static,jar:file:/opt/hadoop/share/ozone/lib/hadoop-ozone-ozone-manager-0.5.0-SNAPSHOT.jar!/webapps/static,AVAILABLE}
datanode_1  | 2019-11-08 11:25:02,778 INFO server.RaftServerConfigKeys: raft.server.log.statemachine.data.sync.timeout.retry = -1 (default)
scm_1       | 2019-11-08 11:24:59,085 INFO impl.MetricsSystemImpl: Registered sink prometheus
datanode_3  | 2019-11-08 11:25:03,708 INFO server.RaftServerConfigKeys: raft.server.snapshot.auto.trigger.enabled = true (custom)
nm_1        | Nov 08, 2019 11:24:56 AM com.sun.jersey.guice.spi.container.GuiceComponentProviderFactory register
datanode_2  | 2019-11-08 11:25:02,210 INFO server.RaftServerConfigKeys: raft.server.snapshot.auto.trigger.enabled = true (custom)
om_1        | 2019-11-08 11:25:06,404 INFO handler.ContextHandler: Started o.e.j.w.WebAppContext@1b6924cb{/,file:///tmp/jetty-0.0.0.0-9874-ozoneManager-_-any-10396455428082520709.dir/webapp/,AVAILABLE}{/ozoneManager}
rm_1        | 2019-11-08 11:24:56 INFO  ResourceManager:1009 - Transitioning to active state
datanode_1  | 2019-11-08 11:25:02,787 INFO server.RaftServerConfigKeys: raft.server.log.statemachine.data.caching.enabled = true (custom)
scm_1       | 2019-11-08 11:24:59,087 INFO server.BaseHttpServer: HTTP server of SCM is listening at http://0.0.0.0:9876
datanode_3  | 2019-11-08 11:25:03,709 INFO server.RaftServerConfigKeys: raft.server.snapshot.auto.trigger.threshold = 10000 (custom)
datanode_2  | 2019-11-08 11:25:02,211 INFO server.RaftServerConfigKeys: raft.server.snapshot.auto.trigger.threshold = 10000 (custom)
nm_1        | INFO: Registering org.apache.hadoop.yarn.webapp.GenericExceptionHandler as a provider class
om_1        | 2019-11-08 11:25:06,412 INFO server.AbstractConnector: Started ServerConnector@1e3e1014{HTTP/1.1,[http/1.1]}{0.0.0.0:9874}
datanode_1  | 2019-11-08 11:25:02,792 INFO segmented.SegmentedRaftLogWorker: ba986c9e-6da0-4f64-94d8-4b75390b1dc1@group-868E84B63D8F-SegmentedRaftLogWorker: flushIndex: setUnconditionally 0 -> -1
scm_1       | 2019-11-08 11:24:59,097 INFO util.JvmPauseMonitor: Starting JVM pause monitor
rm_1        | 2019-11-08 11:24:56 INFO  RMStateStore:466 - Updating AMRMToken
datanode_3  | 2019-11-08 11:25:03,710 INFO server.RaftServerConfigKeys: raft.server.snapshot.retention.file.num = 5 (custom)
datanode_2  | 2019-11-08 11:25:02,211 INFO server.RaftServerConfigKeys: raft.server.snapshot.retention.file.num = 5 (custom)
nm_1        | Nov 08, 2019 11:24:56 AM com.sun.jersey.guice.spi.container.GuiceComponentProviderFactory register
om_1        | 2019-11-08 11:25:06,412 INFO server.Server: Started @3929ms
datanode_1  | 2019-11-08 11:25:02,798 INFO server.RaftServerConfigKeys: raft.server.snapshot.auto.trigger.enabled = true (custom)
scm_1       | 2019-11-08 11:25:01,154 INFO net.NetworkTopology: Added a new node: /default-rack/400a6b63-3338-4e38-a897-61f47f53a7cf
rm_1        | 2019-11-08 11:24:56 INFO  RMContainerTokenSecretManager:105 - Rolling master-key for container-tokens
rm_1        | 2019-11-08 11:24:56 INFO  NMTokenSecretManagerInRM:95 - Rolling master-key for nm-tokens
datanode_2  | 2019-11-08 11:25:02,211 INFO server.RaftServerConfigKeys: raft.server.retrycache.expirytime = 600000ms (custom)
nm_1        | INFO: Registering org.apache.hadoop.yarn.server.nodemanager.webapp.JAXBContextResolver as a provider class
om_1        | 2019-11-08 11:25:06,416 INFO impl.MetricsSinkAdapter: Sink prometheus started
datanode_1  | 2019-11-08 11:25:02,800 INFO server.RaftServerConfigKeys: raft.server.snapshot.auto.trigger.threshold = 10000 (custom)
scm_1       | 2019-11-08 11:25:01,154 INFO node.SCMNodeManager: Registered Data node : 400a6b63-3338-4e38-a897-61f47f53a7cf{ip: 172.18.0.6, host: hadoop27_datanode_2.hadoop27_default, networkLocation: /default-rack, certSerialId: null}
datanode_2  | 2019-11-08 11:25:02,228 WARN impl.MetricRegistriesImpl: First MetricRegistry has been created without registering reporters. You may need to call MetricRegistries.global().addReportRegistration(...) before.
nm_1        | Nov 08, 2019 11:24:56 AM com.sun.jersey.server.impl.application.WebApplicationImpl _initiate
datanode_3  | 2019-11-08 11:25:03,711 INFO server.RaftServerConfigKeys: raft.server.retrycache.expirytime = 600000ms (custom)
om_1        | 2019-11-08 11:25:06,416 INFO impl.MetricsSystemImpl: Registered sink prometheus
datanode_1  | 2019-11-08 11:25:02,800 INFO server.RaftServerConfigKeys: raft.server.snapshot.retention.file.num = 5 (custom)
rm_1        | 2019-11-08 11:24:56 INFO  AbstractDelegationTokenSecretManager:326 - Updating the current master key for generating delegation tokens
scm_1       | 2019-11-08 11:25:01,159 INFO safemode.SCMSafeModeManager: SCM in safe mode. 1 DataNodes registered, 1 required.
datanode_2  | 2019-11-08 11:25:02,230 WARN impl.MetricRegistriesImpl: First MetricRegistry has been created without registering reporters. You may need to call MetricRegistries.global().addReportRegistration(...) before.
nm_1        | INFO: Initiating Jersey application, version 'Jersey: 1.9 09/02/2011 11:17 AM'
datanode_3  | 2019-11-08 11:25:03,732 WARN impl.MetricRegistriesImpl: First MetricRegistry has been created without registering reporters. You may need to call MetricRegistries.global().addReportRegistration(...) before.
om_1        | 2019-11-08 11:25:06,418 INFO server.BaseHttpServer: HTTP server of OZONEMANAGER is listening at http://0.0.0.0:9874
datanode_1  | 2019-11-08 11:25:02,801 INFO server.RaftServerConfigKeys: raft.server.retrycache.expirytime = 600000ms (custom)
rm_1        | 2019-11-08 11:24:56 INFO  RMDelegationTokenSecretManager:85 - storing master key with keyID 1
scm_1       | 2019-11-08 11:25:01,160 INFO safemode.SCMSafeModeManager: ScmSafeModeManager, all rules are successfully validated
datanode_2  | 2019-11-08 11:25:02,231 INFO impl.RaftServerImpl: 400a6b63-3338-4e38-a897-61f47f53a7cf@group-A400F07CAEBB: start as a follower, conf=-1: [400a6b63-3338-4e38-a897-61f47f53a7cf:172.18.0.6:9858], old=null
nm_1        | Nov 08, 2019 11:24:56 AM com.sun.jersey.guice.spi.container.GuiceComponentProviderFactory getComponentProvider
datanode_3  | 2019-11-08 11:25:03,734 WARN impl.MetricRegistriesImpl: First MetricRegistry has been created without registering reporters. You may need to call MetricRegistries.global().addReportRegistration(...) before.
om_1        | 2019-11-08 11:25:21,125 INFO volume.OMVolumeCreateRequest: created volume:vol1 for user:hadoop
datanode_1  | 2019-11-08 11:25:02,825 WARN impl.MetricRegistriesImpl: First MetricRegistry has been created without registering reporters. You may need to call MetricRegistries.global().addReportRegistration(...) before.
rm_1        | 2019-11-08 11:24:56 INFO  RMStateStore:417 - Storing RMDTMasterKey.
scm_1       | 2019-11-08 11:25:01,160 INFO safemode.SCMSafeModeManager: SCM exiting safe mode.
datanode_2  | 2019-11-08 11:25:02,232 INFO impl.RaftServerImpl: 400a6b63-3338-4e38-a897-61f47f53a7cf@group-A400F07CAEBB: changes role from      null to FOLLOWER at term 0 for startAsFollower
nm_1        | INFO: Binding org.apache.hadoop.yarn.server.nodemanager.webapp.JAXBContextResolver to GuiceManagedComponentProvider with the scope "Singleton"
datanode_3  | 2019-11-08 11:25:03,736 INFO impl.RaftServerImpl: cb926b15-fbd6-4d05-8bbb-58b4769ffaab@group-013465692428: start as a follower, conf=-1: [cb926b15-fbd6-4d05-8bbb-58b4769ffaab:172.18.0.9:9858], old=null
datanode_1  | 2019-11-08 11:25:02,828 WARN impl.MetricRegistriesImpl: First MetricRegistry has been created without registering reporters. You may need to call MetricRegistries.global().addReportRegistration(...) before.
rm_1        | 2019-11-08 11:24:56 INFO  AbstractDelegationTokenSecretManager:644 - Starting expired delegation token remover thread, tokenRemoverScanInterval=60 min(s)
scm_1       | 2019-11-08 11:25:01,734 INFO net.NetworkTopology: Added a new node: /default-rack/ba986c9e-6da0-4f64-94d8-4b75390b1dc1
datanode_2  | 2019-11-08 11:25:02,233 INFO impl.RoleInfo: 400a6b63-3338-4e38-a897-61f47f53a7cf: start FollowerState
nm_1        | Nov 08, 2019 11:24:56 AM com.sun.jersey.guice.spi.container.GuiceComponentProviderFactory getComponentProvider
datanode_3  | 2019-11-08 11:25:03,737 INFO impl.RaftServerImpl: cb926b15-fbd6-4d05-8bbb-58b4769ffaab@group-013465692428: changes role from      null to FOLLOWER at term 0 for startAsFollower
datanode_1  | 2019-11-08 11:25:02,830 INFO impl.RaftServerImpl: ba986c9e-6da0-4f64-94d8-4b75390b1dc1@group-868E84B63D8F: start as a follower, conf=-1: [ba986c9e-6da0-4f64-94d8-4b75390b1dc1:172.18.0.8:9858], old=null
rm_1        | 2019-11-08 11:24:56 INFO  AbstractDelegationTokenSecretManager:326 - Updating the current master key for generating delegation tokens
scm_1       | 2019-11-08 11:25:01,735 INFO node.SCMNodeManager: Registered Data node : ba986c9e-6da0-4f64-94d8-4b75390b1dc1{ip: 172.18.0.8, host: hadoop27_datanode_1.hadoop27_default, networkLocation: /default-rack, certSerialId: null}
datanode_2  | 2019-11-08 11:25:02,237 INFO util.JmxRegister: Successfully registered JMX Bean with object name Ratis:service=RaftServer,group=group-A400F07CAEBB,id=400a6b63-3338-4e38-a897-61f47f53a7cf
nm_1        | INFO: Binding org.apache.hadoop.yarn.webapp.GenericExceptionHandler to GuiceManagedComponentProvider with the scope "Singleton"
datanode_3  | 2019-11-08 11:25:03,738 INFO impl.RoleInfo: cb926b15-fbd6-4d05-8bbb-58b4769ffaab: start FollowerState
datanode_1  | 2019-11-08 11:25:02,831 INFO impl.RaftServerImpl: ba986c9e-6da0-4f64-94d8-4b75390b1dc1@group-868E84B63D8F: changes role from      null to FOLLOWER at term 0 for startAsFollower
rm_1        | 2019-11-08 11:24:56 INFO  RMDelegationTokenSecretManager:85 - storing master key with keyID 2
scm_1       | 2019-11-08 11:25:01,750 INFO net.NetworkTopology: Added a new node: /default-rack/cb926b15-fbd6-4d05-8bbb-58b4769ffaab
datanode_2  | 2019-11-08 11:25:02,238 WARN impl.MetricRegistriesImpl: First MetricRegistry has been created without registering reporters. You may need to call MetricRegistries.global().addReportRegistration(...) before.
nm_1        | Nov 08, 2019 11:24:57 AM com.sun.jersey.guice.spi.container.GuiceComponentProviderFactory getComponentProvider
datanode_3  | 2019-11-08 11:25:03,742 INFO util.JmxRegister: Successfully registered JMX Bean with object name Ratis:service=RaftServer,group=group-013465692428,id=cb926b15-fbd6-4d05-8bbb-58b4769ffaab
datanode_1  | 2019-11-08 11:25:02,832 INFO impl.RoleInfo: ba986c9e-6da0-4f64-94d8-4b75390b1dc1: start FollowerState
rm_1        | 2019-11-08 11:24:56 INFO  RMStateStore:417 - Storing RMDTMasterKey.
nm_1        | INFO: Binding org.apache.hadoop.yarn.server.nodemanager.webapp.NMWebServices to GuiceManagedComponentProvider with the scope "Singleton"
datanode_3  | 2019-11-08 11:25:03,743 WARN impl.MetricRegistriesImpl: First MetricRegistry has been created without registering reporters. You may need to call MetricRegistries.global().addReportRegistration(...) before.
datanode_2  | 2019-11-08 11:25:03,839 INFO impl.RaftServerProxy: 400a6b63-3338-4e38-a897-61f47f53a7cf: addNew group-B213EBEA6EF1:[400a6b63-3338-4e38-a897-61f47f53a7cf:172.18.0.6:9858, cb926b15-fbd6-4d05-8bbb-58b4769ffaab:172.18.0.9:9858, ba986c9e-6da0-4f64-94d8-4b75390b1dc1:172.18.0.8:9858] returns group-B213EBEA6EF1:java.util.concurrent.CompletableFuture@6f78671b[Not completed]
datanode_1  | 2019-11-08 11:25:02,838 INFO util.JmxRegister: Successfully registered JMX Bean with object name Ratis:service=RaftServer,group=group-868E84B63D8F,id=ba986c9e-6da0-4f64-94d8-4b75390b1dc1
rm_1        | 2019-11-08 11:24:56 INFO  AsyncDispatcher:209 - Registering class org.apache.hadoop.yarn.nodelabels.event.NodeLabelsStoreEventType for class org.apache.hadoop.yarn.nodelabels.CommonNodeLabelsManager$ForwardingEventHandler
scm_1       | 2019-11-08 11:25:01,750 INFO node.SCMNodeManager: Registered Data node : cb926b15-fbd6-4d05-8bbb-58b4769ffaab{ip: 172.18.0.9, host: hadoop27_datanode_3.hadoop27_default, networkLocation: /default-rack, certSerialId: null}
nm_1        | 2019-11-08 11:24:57 INFO  log:67 - Started HttpServer2$SelectChannelConnectorWithSafeStartup@0.0.0.0:8042
datanode_2  | 2019-11-08 11:25:03,843 INFO impl.RaftServerImpl: 400a6b63-3338-4e38-a897-61f47f53a7cf: new RaftServerImpl for group-B213EBEA6EF1:[400a6b63-3338-4e38-a897-61f47f53a7cf:172.18.0.6:9858, cb926b15-fbd6-4d05-8bbb-58b4769ffaab:172.18.0.9:9858, ba986c9e-6da0-4f64-94d8-4b75390b1dc1:172.18.0.8:9858] with ContainerStateMachine:uninitialized
datanode_3  | 2019-11-08 11:25:03,836 INFO impl.RaftServerProxy: cb926b15-fbd6-4d05-8bbb-58b4769ffaab: addNew group-B213EBEA6EF1:[400a6b63-3338-4e38-a897-61f47f53a7cf:172.18.0.6:9858, cb926b15-fbd6-4d05-8bbb-58b4769ffaab:172.18.0.9:9858, ba986c9e-6da0-4f64-94d8-4b75390b1dc1:172.18.0.8:9858] returns group-B213EBEA6EF1:java.util.concurrent.CompletableFuture@830bbd0[Not completed]
datanode_1  | 2019-11-08 11:25:02,839 WARN impl.MetricRegistriesImpl: First MetricRegistry has been created without registering reporters. You may need to call MetricRegistries.global().addReportRegistration(...) before.
rm_1        | 2019-11-08 11:24:56 INFO  CallQueueManager:57 - Using callQueue: class java.util.concurrent.LinkedBlockingQueue queueCapacity: 5000
scm_1       | WARNING: An illegal reflective access operation has occurred
nm_1        | 2019-11-08 11:24:57 INFO  WebApps:307 - Web app node started at 8042
datanode_3  | 2019-11-08 11:25:03,841 INFO impl.RaftServerImpl: cb926b15-fbd6-4d05-8bbb-58b4769ffaab: new RaftServerImpl for group-B213EBEA6EF1:[400a6b63-3338-4e38-a897-61f47f53a7cf:172.18.0.6:9858, cb926b15-fbd6-4d05-8bbb-58b4769ffaab:172.18.0.9:9858, ba986c9e-6da0-4f64-94d8-4b75390b1dc1:172.18.0.8:9858] with ContainerStateMachine:uninitialized
datanode_2  | 2019-11-08 11:25:03,843 INFO server.RaftServerConfigKeys: raft.server.rpc.timeout.min = 5s (custom)
datanode_1  | 2019-11-08 11:25:03,836 INFO impl.RaftServerProxy: ba986c9e-6da0-4f64-94d8-4b75390b1dc1: addNew group-B213EBEA6EF1:[400a6b63-3338-4e38-a897-61f47f53a7cf:172.18.0.6:9858, cb926b15-fbd6-4d05-8bbb-58b4769ffaab:172.18.0.9:9858, ba986c9e-6da0-4f64-94d8-4b75390b1dc1:172.18.0.8:9858] returns group-B213EBEA6EF1:java.util.concurrent.CompletableFuture@4a1112ba[Not completed]
rm_1        | 2019-11-08 11:24:56 INFO  Server:722 - Starting Socket Reader #1 for port 8031
scm_1       | WARNING: Illegal reflective access by org.apache.ratis.thirdparty.com.google.protobuf.UnsafeUtil (file:/opt/hadoop/share/ozone/lib/ratis-thirdparty-misc-0.2.0.jar) to field java.nio.Buffer.address
nm_1        | 2019-11-08 11:24:57 INFO  RMProxy:98 - Connecting to ResourceManager at rm/172.18.0.5:8031
datanode_2  | 2019-11-08 11:25:03,844 INFO server.RaftServerConfigKeys: raft.server.rpc.timeout.max = 5200ms (custom)
datanode_3  | 2019-11-08 11:25:03,841 INFO server.RaftServerConfigKeys: raft.server.rpc.timeout.min = 5s (custom)
datanode_1  | 2019-11-08 11:25:03,840 INFO impl.RaftServerImpl: ba986c9e-6da0-4f64-94d8-4b75390b1dc1: new RaftServerImpl for group-B213EBEA6EF1:[400a6b63-3338-4e38-a897-61f47f53a7cf:172.18.0.6:9858, cb926b15-fbd6-4d05-8bbb-58b4769ffaab:172.18.0.9:9858, ba986c9e-6da0-4f64-94d8-4b75390b1dc1:172.18.0.8:9858] with ContainerStateMachine:uninitialized
rm_1        | 2019-11-08 11:24:56 INFO  RpcServerFactoryPBImpl:174 - Adding protocol org.apache.hadoop.yarn.server.api.ResourceTrackerPB to the server
scm_1       | WARNING: Please consider reporting this to the maintainers of org.apache.ratis.thirdparty.com.google.protobuf.UnsafeUtil
nm_1        | 2019-11-08 11:24:57 INFO  NodeStatusUpdaterImpl:435 - Sending out 0 NM container statuses: []
datanode_2  | 2019-11-08 11:25:03,844 INFO server.RaftServerConfigKeys: raft.server.rpcslowness.timeout = 120s (custom)
datanode_3  | 2019-11-08 11:25:03,841 INFO server.RaftServerConfigKeys: raft.server.rpc.timeout.max = 5200ms (custom)
datanode_1  | 2019-11-08 11:25:03,841 INFO server.RaftServerConfigKeys: raft.server.rpc.timeout.min = 5s (custom)
scm_1       | WARNING: Use --illegal-access=warn to enable warnings of further illegal reflective access operations
rm_1        | 2019-11-08 11:24:56 INFO  Server:962 - IPC Server Responder: starting
nm_1        | 2019-11-08 11:24:57 INFO  NodeStatusUpdaterImpl:268 - Registering with RM using containers :[]
datanode_2  | 2019-11-08 11:25:03,844 INFO server.RaftServerConfigKeys: raft.server.sleep.deviation.threshold = 300 (default)
datanode_3  | 2019-11-08 11:25:03,841 INFO server.RaftServerConfigKeys: raft.server.rpcslowness.timeout = 120s (custom)
datanode_1  | 2019-11-08 11:25:03,841 INFO server.RaftServerConfigKeys: raft.server.rpc.timeout.max = 5200ms (custom)
scm_1       | WARNING: All illegal access operations will be denied in a future release
rm_1        | 2019-11-08 11:24:56 INFO  Server:801 - IPC Server listener on 8031: starting
nm_1        | 2019-11-08 11:24:57 INFO  NMContainerTokenSecretManager:138 - Rolling master-key for container-tokens, got key with id 382615780
datanode_2  | 2019-11-08 11:25:03,844 INFO server.RaftServerConfigKeys: raft.server.log.appender.install.snapshot.enabled = false (custom)
datanode_3  | 2019-11-08 11:25:03,841 INFO server.RaftServerConfigKeys: raft.server.sleep.deviation.threshold = 300 (default)
datanode_1  | 2019-11-08 11:25:03,841 INFO server.RaftServerConfigKeys: raft.server.rpcslowness.timeout = 120s (custom)
scm_1       | 2019-11-08 11:25:02,324 INFO pipeline.PipelineStateManager: Created pipeline Pipeline[ Id: 6e21b17b-471f-4882-8867-a400f07caebb, Nodes: 400a6b63-3338-4e38-a897-61f47f53a7cf{ip: 172.18.0.6, host: hadoop27_datanode_2.hadoop27_default, networkLocation: /default-rack, certSerialId: null}, Type:RATIS, Factor:ONE, State:OPEN]
rm_1        | 2019-11-08 11:24:56 INFO  CallQueueManager:57 - Using callQueue: class java.util.concurrent.LinkedBlockingQueue queueCapacity: 5000
nm_1        | 2019-11-08 11:24:57 INFO  NMTokenSecretManagerInNM:135 - Rolling master-key for container-tokens, got key with id -466441839
datanode_2  | 2019-11-08 11:25:03,844 INFO impl.RaftServerImpl: 400a6b63-3338-4e38-a897-61f47f53a7cf@group-B213EBEA6EF1: ConfigurationManager, init=-1: [400a6b63-3338-4e38-a897-61f47f53a7cf:172.18.0.6:9858, cb926b15-fbd6-4d05-8bbb-58b4769ffaab:172.18.0.9:9858, ba986c9e-6da0-4f64-94d8-4b75390b1dc1:172.18.0.8:9858], old=null, confs=<EMPTY_MAP>
datanode_3  | 2019-11-08 11:25:03,842 INFO server.RaftServerConfigKeys: raft.server.log.appender.install.snapshot.enabled = false (custom)
datanode_1  | 2019-11-08 11:25:03,841 INFO server.RaftServerConfigKeys: raft.server.sleep.deviation.threshold = 300 (default)
scm_1       | 2019-11-08 11:25:02,898 INFO pipeline.PipelineStateManager: Created pipeline Pipeline[ Id: b1db6cc1-f438-400b-86af-868e84b63d8f, Nodes: ba986c9e-6da0-4f64-94d8-4b75390b1dc1{ip: 172.18.0.8, host: hadoop27_datanode_1.hadoop27_default, networkLocation: /default-rack, certSerialId: null}, Type:RATIS, Factor:ONE, State:OPEN]
rm_1        | 2019-11-08 11:24:56 INFO  Server:722 - Starting Socket Reader #1 for port 8030
datanode_2  | 2019-11-08 11:25:03,844 INFO server.RaftServerConfigKeys: raft.server.storage.dir = [/data/metadata/ratis] (custom)
datanode_3  | 2019-11-08 11:25:03,842 INFO impl.RaftServerImpl: cb926b15-fbd6-4d05-8bbb-58b4769ffaab@group-B213EBEA6EF1: ConfigurationManager, init=-1: [400a6b63-3338-4e38-a897-61f47f53a7cf:172.18.0.6:9858, cb926b15-fbd6-4d05-8bbb-58b4769ffaab:172.18.0.9:9858, ba986c9e-6da0-4f64-94d8-4b75390b1dc1:172.18.0.8:9858], old=null, confs=<EMPTY_MAP>
datanode_1  | 2019-11-08 11:25:03,841 INFO server.RaftServerConfigKeys: raft.server.log.appender.install.snapshot.enabled = false (custom)
scm_1       | 2019-11-08 11:25:03,789 INFO pipeline.PipelineStateManager: Created pipeline Pipeline[ Id: 39dda697-7c6a-411d-b0da-013465692428, Nodes: cb926b15-fbd6-4d05-8bbb-58b4769ffaab{ip: 172.18.0.9, host: hadoop27_datanode_3.hadoop27_default, networkLocation: /default-rack, certSerialId: null}, Type:RATIS, Factor:ONE, State:OPEN]
rm_1        | 2019-11-08 11:24:56 INFO  RpcServerFactoryPBImpl:174 - Adding protocol org.apache.hadoop.yarn.api.ApplicationMasterProtocolPB to the server
datanode_2  | 2019-11-08 11:25:03,844 INFO server.RaftServerConfigKeys: raft.server.log.corruption.policy = EXCEPTION (default)
nm_1        | 2019-11-08 11:24:57 INFO  NodeStatusUpdaterImpl:317 - Registered with ResourceManager as nm:33395 with total resource of <memory:8192, vCores:8>
datanode_3  | 2019-11-08 11:25:03,842 INFO server.RaftServerConfigKeys: raft.server.storage.dir = [/data/metadata/ratis] (custom)
scm_1       | 2019-11-08 11:25:03,888 INFO pipeline.PipelineStateManager: Created pipeline Pipeline[ Id: 25047c27-6c3a-4c6e-aec5-b213ebea6ef1, Nodes: ba986c9e-6da0-4f64-94d8-4b75390b1dc1{ip: 172.18.0.8, host: hadoop27_datanode_1.hadoop27_default, networkLocation: /default-rack, certSerialId: null}400a6b63-3338-4e38-a897-61f47f53a7cf{ip: 172.18.0.6, host: hadoop27_datanode_2.hadoop27_default, networkLocation: /default-rack, certSerialId: null}cb926b15-fbd6-4d05-8bbb-58b4769ffaab{ip: 172.18.0.9, host: hadoop27_datanode_3.hadoop27_default, networkLocation: /default-rack, certSerialId: null}, Type:RATIS, Factor:THREE, State:OPEN]
datanode_1  | 2019-11-08 11:25:03,841 INFO impl.RaftServerImpl: ba986c9e-6da0-4f64-94d8-4b75390b1dc1@group-B213EBEA6EF1: ConfigurationManager, init=-1: [400a6b63-3338-4e38-a897-61f47f53a7cf:172.18.0.6:9858, cb926b15-fbd6-4d05-8bbb-58b4769ffaab:172.18.0.9:9858, ba986c9e-6da0-4f64-94d8-4b75390b1dc1:172.18.0.8:9858], old=null, confs=<EMPTY_MAP>
rm_1        | 2019-11-08 11:24:56 INFO  Server:962 - IPC Server Responder: starting
datanode_2  | 2019-11-08 11:25:03,845 INFO storage.RaftStorageDirectory: The storage directory /data/metadata/ratis/25047c27-6c3a-4c6e-aec5-b213ebea6ef1 does not exist. Creating ...
nm_1        | 2019-11-08 11:24:57 INFO  NodeStatusUpdaterImpl:319 - Notifying ContainerManager to unblock new container-requests
datanode_3  | 2019-11-08 11:25:03,843 INFO server.RaftServerConfigKeys: raft.server.log.corruption.policy = EXCEPTION (default)
scm_1       | 2019-11-08 11:28:06,170 INFO server.SCMBlockProtocolServer: SCM is informed by OM to delete 11 blocks
datanode_1  | 2019-11-08 11:25:03,844 INFO server.RaftServerConfigKeys: raft.server.storage.dir = [/data/metadata/ratis] (custom)
rm_1        | 2019-11-08 11:24:56 INFO  Server:801 - IPC Server listener on 8030: starting
datanode_2  | 2019-11-08 11:25:03,857 INFO storage.RaftStorageDirectory: Lock on /data/metadata/ratis/25047c27-6c3a-4c6e-aec5-b213ebea6ef1/in_use.lock acquired by nodename 7@c04d6fffbeef
nm_1        | 2019-11-08 11:25:59 INFO  Server:1454 - Auth successful for appattempt_1573212296262_0001_000001 (auth:SIMPLE)
datanode_3  | 2019-11-08 11:25:03,843 INFO storage.RaftStorageDirectory: The storage directory /data/metadata/ratis/25047c27-6c3a-4c6e-aec5-b213ebea6ef1 does not exist. Creating ...
scm_1       | 2019-11-08 11:28:06,171 INFO block.BlockManagerImpl: Deleting blocks conID: 3 locID: 103102045014196229 bcsId: 0
datanode_1  | 2019-11-08 11:25:03,844 INFO server.RaftServerConfigKeys: raft.server.log.corruption.policy = EXCEPTION (default)
rm_1        | 2019-11-08 11:24:56 INFO  CallQueueManager:57 - Using callQueue: class java.util.concurrent.LinkedBlockingQueue queueCapacity: 5000
datanode_2  | 2019-11-08 11:25:03,871 INFO storage.RaftStorage: Storage directory /data/metadata/ratis/25047c27-6c3a-4c6e-aec5-b213ebea6ef1 has been successfully formatted.
nm_1        | 2019-11-08 11:25:59 INFO  ContainerManagerImpl:810 - Start request for container_1573212296262_0001_01_000001 by user hadoop
datanode_3  | 2019-11-08 11:25:03,857 INFO storage.RaftStorageDirectory: Lock on /data/metadata/ratis/25047c27-6c3a-4c6e-aec5-b213ebea6ef1/in_use.lock acquired by nodename 7@2d2894073c6a
scm_1       | 2019-11-08 11:28:06,191 INFO block.BlockManagerImpl: Deleting blocks conID: 1 locID: 103102045025665030 bcsId: 0
datanode_1  | 2019-11-08 11:25:03,844 INFO storage.RaftStorageDirectory: The storage directory /data/metadata/ratis/25047c27-6c3a-4c6e-aec5-b213ebea6ef1 does not exist. Creating ...
rm_1        | 2019-11-08 11:24:56 INFO  Server:722 - Starting Socket Reader #1 for port 8032
datanode_2  | 2019-11-08 11:25:03,871 INFO ratis.ContainerStateMachine: group-B213EBEA6EF1: The snapshot info is null. Setting the last applied indexto:(t:0, i:~)
nm_1        | 2019-11-08 11:25:59 INFO  ContainerManagerImpl:850 - Creating a new application reference for app application_1573212296262_0001
scm_1       | 2019-11-08 11:28:06,192 INFO block.BlockManagerImpl: Deleting blocks conID: 2 locID: 103102045034446855 bcsId: 0
datanode_3  | 2019-11-08 11:25:03,871 INFO storage.RaftStorage: Storage directory /data/metadata/ratis/25047c27-6c3a-4c6e-aec5-b213ebea6ef1 has been successfully formatted.
datanode_1  | 2019-11-08 11:25:03,857 INFO storage.RaftStorageDirectory: Lock on /data/metadata/ratis/25047c27-6c3a-4c6e-aec5-b213ebea6ef1/in_use.lock acquired by nodename 7@384308bd8169
rm_1        | 2019-11-08 11:24:56 INFO  RpcServerFactoryPBImpl:174 - Adding protocol org.apache.hadoop.yarn.api.ApplicationClientProtocolPB to the server
datanode_2  | 2019-11-08 11:25:03,872 INFO server.RaftServerConfigKeys: raft.server.notification.no-leader.timeout = 120s (custom)
nm_1        | 2019-11-08 11:25:59 INFO  NMAuditLogger:89 - USER=hadoop	IP=172.18.0.5	OPERATION=Start Container Request	TARGET=ContainerManageImpl	RESULT=SUCCESS	APPID=application_1573212296262_0001	CONTAINERID=container_1573212296262_0001_01_000001
scm_1       | 2019-11-08 11:28:06,192 INFO block.BlockManagerImpl: Deleting blocks conID: 3 locID: 103102045040017416 bcsId: 0
datanode_3  | 2019-11-08 11:25:03,872 INFO ratis.ContainerStateMachine: group-B213EBEA6EF1: The snapshot info is null. Setting the last applied indexto:(t:0, i:~)
datanode_1  | 2019-11-08 11:25:03,871 INFO storage.RaftStorage: Storage directory /data/metadata/ratis/25047c27-6c3a-4c6e-aec5-b213ebea6ef1 has been successfully formatted.
rm_1        | 2019-11-08 11:24:56 INFO  Server:962 - IPC Server Responder: starting
datanode_2  | 2019-11-08 11:25:03,872 INFO server.RaftServerConfigKeys: raft.server.log.use.memory = false (default)
nm_1        | 2019-11-08 11:25:59 INFO  ApplicationImpl:464 - Application application_1573212296262_0001 transitioned from NEW to INITING
scm_1       | 2019-11-08 11:28:06,192 INFO block.BlockManagerImpl: Deleting blocks conID: 1 locID: 103102046243520521 bcsId: 0
datanode_3  | 2019-11-08 11:25:03,872 INFO server.RaftServerConfigKeys: raft.server.notification.no-leader.timeout = 120s (custom)
datanode_1  | 2019-11-08 11:25:03,872 INFO ratis.ContainerStateMachine: group-B213EBEA6EF1: The snapshot info is null. Setting the last applied indexto:(t:0, i:~)
rm_1        | 2019-11-08 11:24:56 INFO  Server:801 - IPC Server listener on 8032: starting
datanode_2  | 2019-11-08 11:25:03,872 INFO server.RaftServerConfigKeys: raft.server.log.purge.gap = 1000000 (custom)
nm_1        | 2019-11-08 11:25:59 INFO  ApplicationImpl:304 - Adding container_1573212296262_0001_01_000001 to application application_1573212296262_0001
scm_1       | 2019-11-08 11:28:06,192 INFO block.BlockManagerImpl: Deleting blocks conID: 2 locID: 103102046258462730 bcsId: 0
datanode_3  | 2019-11-08 11:25:03,872 INFO server.RaftServerConfigKeys: raft.server.log.use.memory = false (default)
datanode_1  | 2019-11-08 11:25:03,872 INFO server.RaftServerConfigKeys: raft.server.notification.no-leader.timeout = 120s (custom)
datanode_2  | 2019-11-08 11:25:03,872 INFO server.RaftServerConfigKeys: raft.server.log.appender.buffer.byte-limit = 33554432 (custom)
nm_1        | 2019-11-08 11:25:59 INFO  ApplicationImpl:464 - Application application_1573212296262_0001 transitioned from INITING to RUNNING
rm_1        | 2019-11-08 11:24:56 INFO  ResourceManager:1025 - Transitioned to active state
scm_1       | 2019-11-08 11:28:06,192 INFO block.BlockManagerImpl: Deleting blocks conID: 3 locID: 103102044786589698 bcsId: 0
datanode_3  | 2019-11-08 11:25:03,872 INFO server.RaftServerConfigKeys: raft.server.log.purge.gap = 1000000 (custom)
datanode_1  | 2019-11-08 11:25:03,872 INFO server.RaftServerConfigKeys: raft.server.log.use.memory = false (default)
datanode_2  | 2019-11-08 11:25:03,872 INFO server.RaftServerConfigKeys: raft.server.log.segment.size.max = 1048576 (custom)
rm_1        | 2019-11-08 11:24:56 INFO  log:67 - Logging to org.slf4j.impl.Log4jLoggerAdapter(org.mortbay.log) via org.mortbay.log.Slf4jLog
nm_1        | 2019-11-08 11:25:59 INFO  ContainerImpl:1135 - Container container_1573212296262_0001_01_000001 transitioned from NEW to LOCALIZING
scm_1       | 2019-11-08 11:28:06,193 INFO block.BlockManagerImpl: Deleting blocks conID: 1 locID: 103102044891709443 bcsId: 0
datanode_3  | 2019-11-08 11:25:03,872 INFO server.RaftServerConfigKeys: raft.server.log.appender.buffer.byte-limit = 33554432 (custom)
datanode_1  | 2019-11-08 11:25:03,872 INFO server.RaftServerConfigKeys: raft.server.log.purge.gap = 1000000 (custom)
datanode_2  | 2019-11-08 11:25:03,873 INFO server.RaftServerConfigKeys: raft.server.log.segment.cache.num.max = 2 (custom)
rm_1        | 2019-11-08 11:24:56 INFO  AuthenticationFilter:283 - Unable to initialize FileSignerSecretProvider, falling back to use random secrets.
nm_1        | 2019-11-08 11:25:59 INFO  AuxServices:196 - Got event CONTAINER_INIT for appId application_1573212296262_0001
scm_1       | 2019-11-08 11:28:06,193 INFO block.BlockManagerImpl: Deleting blocks conID: 2 locID: 103102044901474308 bcsId: 0
datanode_3  | 2019-11-08 11:25:03,873 INFO server.RaftServerConfigKeys: raft.server.log.segment.size.max = 1048576 (custom)
datanode_1  | 2019-11-08 11:25:03,872 INFO server.RaftServerConfigKeys: raft.server.log.appender.buffer.byte-limit = 33554432 (custom)
datanode_2  | 2019-11-08 11:25:03,873 INFO segmented.SegmentedRaftLogWorker: new 400a6b63-3338-4e38-a897-61f47f53a7cf@group-B213EBEA6EF1-SegmentedRaftLogWorker for RaftStorage:Storage Directory /data/metadata/ratis/25047c27-6c3a-4c6e-aec5-b213ebea6ef1
rm_1        | 2019-11-08 11:24:56 INFO  HttpRequestLog:80 - Http request log for http.requests.resourcemanager is not defined
nm_1        | 2019-11-08 11:25:59 INFO  LocalizedResource:203 - Resource o3fs://bucket1.vol1/user/hadoop/.staging/job_1573212296262_0001/job.splitmetainfo transitioned from INIT to DOWNLOADING
scm_1       | 2019-11-08 11:28:06,193 INFO block.BlockManagerImpl: Deleting blocks conID: 3 locID: 103102047844171787 bcsId: 0
datanode_3  | 2019-11-08 11:25:03,873 INFO server.RaftServerConfigKeys: raft.server.log.segment.cache.num.max = 2 (custom)
datanode_1  | 2019-11-08 11:25:03,873 INFO server.RaftServerConfigKeys: raft.server.log.segment.size.max = 1048576 (custom)
rm_1        | 2019-11-08 11:24:57 INFO  HttpServer2:730 - Added global filter 'safety' (class=org.apache.hadoop.http.HttpServer2$QuotingInputFilter)
scm_1       | 2019-11-08 11:28:06,193 INFO block.BlockManagerImpl: Deleting blocks conID: 1 locID: 103102048732577804 bcsId: 0
nm_1        | 2019-11-08 11:25:59 INFO  LocalizedResource:203 - Resource o3fs://bucket1.vol1/user/hadoop/.staging/job_1573212296262_0001/job.jar transitioned from INIT to DOWNLOADING
datanode_2  | 2019-11-08 11:25:03,873 INFO server.RaftServerConfigKeys: raft.server.log.queue.byte-limit = 2147483647 (custom)
datanode_3  | 2019-11-08 11:25:03,873 INFO segmented.SegmentedRaftLogWorker: new cb926b15-fbd6-4d05-8bbb-58b4769ffaab@group-B213EBEA6EF1-SegmentedRaftLogWorker for RaftStorage:Storage Directory /data/metadata/ratis/25047c27-6c3a-4c6e-aec5-b213ebea6ef1
datanode_1  | 2019-11-08 11:25:03,873 INFO server.RaftServerConfigKeys: raft.server.log.segment.cache.num.max = 2 (custom)
rm_1        | 2019-11-08 11:24:57 INFO  HttpServer2:705 - Added filter RMAuthenticationFilter (class=org.apache.hadoop.yarn.server.security.http.RMAuthenticationFilter) to context cluster
nm_1        | 2019-11-08 11:25:59 INFO  LocalizedResource:203 - Resource o3fs://bucket1.vol1/user/hadoop/.staging/job_1573212296262_0001/job.split transitioned from INIT to DOWNLOADING
datanode_2  | 2019-11-08 11:25:03,873 INFO server.RaftServerConfigKeys: raft.server.log.queue.element-limit = 1024 (custom)
datanode_3  | 2019-11-08 11:25:03,873 INFO server.RaftServerConfigKeys: raft.server.log.queue.byte-limit = 2147483647 (custom)
datanode_1  | 2019-11-08 11:25:03,873 INFO segmented.SegmentedRaftLogWorker: new ba986c9e-6da0-4f64-94d8-4b75390b1dc1@group-B213EBEA6EF1-SegmentedRaftLogWorker for RaftStorage:Storage Directory /data/metadata/ratis/25047c27-6c3a-4c6e-aec5-b213ebea6ef1
rm_1        | 2019-11-08 11:24:57 INFO  HttpServer2:713 - Added filter RMAuthenticationFilter (class=org.apache.hadoop.yarn.server.security.http.RMAuthenticationFilter) to context logs
nm_1        | 2019-11-08 11:25:59 INFO  LocalizedResource:203 - Resource o3fs://bucket1.vol1/user/hadoop/.staging/job_1573212296262_0001/job.xml transitioned from INIT to DOWNLOADING
datanode_2  | 2019-11-08 11:25:03,873 INFO server.RaftServerConfigKeys: raft.server.log.segment.size.max = 1048576 (custom)
rm_1        | 2019-11-08 11:24:57 INFO  HttpServer2:713 - Added filter RMAuthenticationFilter (class=org.apache.hadoop.yarn.server.security.http.RMAuthenticationFilter) to context static
datanode_3  | 2019-11-08 11:25:03,873 INFO server.RaftServerConfigKeys: raft.server.log.queue.element-limit = 1024 (custom)
nm_1        | 2019-11-08 11:25:59 INFO  ResourceLocalizationService:711 - Created localizer for container_1573212296262_0001_01_000001
datanode_2  | 2019-11-08 11:25:03,874 INFO server.RaftServerConfigKeys: raft.server.log.preallocated.size = 16384 (custom)
datanode_1  | 2019-11-08 11:25:03,873 INFO server.RaftServerConfigKeys: raft.server.log.queue.byte-limit = 2147483647 (custom)
rm_1        | 2019-11-08 11:24:57 INFO  HttpServer2:705 - Added filter static_user_filter (class=org.apache.hadoop.http.lib.StaticUserWebFilter$StaticUserFilter) to context cluster
datanode_3  | 2019-11-08 11:25:03,873 INFO server.RaftServerConfigKeys: raft.server.log.segment.size.max = 1048576 (custom)
nm_1        | 2019-11-08 11:25:59 INFO  ResourceLocalizationService:1195 - Writing credentials to the nmPrivate file /tmp/hadoop-hadoop/nm-local-dir/nmPrivate/container_1573212296262_0001_01_000001.tokens. Credentials list: 
datanode_2  | 2019-11-08 11:25:03,874 INFO server.RaftServerConfigKeys: raft.server.log.write.buffer.size = 33554432 (custom)
datanode_1  | 2019-11-08 11:25:03,873 INFO server.RaftServerConfigKeys: raft.server.log.queue.element-limit = 1024 (custom)
rm_1        | 2019-11-08 11:24:57 INFO  HttpServer2:713 - Added filter static_user_filter (class=org.apache.hadoop.http.lib.StaticUserWebFilter$StaticUserFilter) to context logs
datanode_3  | 2019-11-08 11:25:03,874 INFO server.RaftServerConfigKeys: raft.server.log.preallocated.size = 16384 (custom)
nm_1        | 2019-11-08 11:25:59 INFO  DefaultContainerExecutor:612 - Initializing user hadoop
datanode_2  | 2019-11-08 11:25:03,874 INFO server.RaftServerConfigKeys: raft.server.log.force.sync.num = 128 (default)
datanode_1  | 2019-11-08 11:25:03,873 INFO server.RaftServerConfigKeys: raft.server.log.segment.size.max = 1048576 (custom)
rm_1        | 2019-11-08 11:24:57 INFO  HttpServer2:713 - Added filter static_user_filter (class=org.apache.hadoop.http.lib.StaticUserWebFilter$StaticUserFilter) to context static
datanode_3  | 2019-11-08 11:25:03,874 INFO server.RaftServerConfigKeys: raft.server.log.write.buffer.size = 33554432 (custom)
nm_1        | 2019-11-08 11:25:59 INFO  DefaultContainerExecutor:117 - Copying from /tmp/hadoop-hadoop/nm-local-dir/nmPrivate/container_1573212296262_0001_01_000001.tokens to /tmp/hadoop-hadoop/nm-local-dir/usercache/hadoop/appcache/application_1573212296262_0001/container_1573212296262_0001_01_000001.tokens
datanode_2  | 2019-11-08 11:25:03,874 INFO server.RaftServerConfigKeys: raft.server.log.statemachine.data.sync = true (default)
datanode_1  | 2019-11-08 11:25:03,874 INFO server.RaftServerConfigKeys: raft.server.log.preallocated.size = 16384 (custom)
rm_1        | 2019-11-08 11:24:57 INFO  HttpServer2:424 - adding path spec: /cluster/*
datanode_3  | 2019-11-08 11:25:03,874 INFO server.RaftServerConfigKeys: raft.server.log.force.sync.num = 128 (default)
nm_1        | 2019-11-08 11:25:59 INFO  DefaultContainerExecutor:124 - Localizer CWD set to /tmp/hadoop-hadoop/nm-local-dir/usercache/hadoop/appcache/application_1573212296262_0001 = file:/tmp/hadoop-hadoop/nm-local-dir/usercache/hadoop/appcache/application_1573212296262_0001
datanode_2  | 2019-11-08 11:25:03,874 INFO server.RaftServerConfigKeys: raft.server.log.statemachine.data.sync.timeout = 10s (default)
datanode_1  | 2019-11-08 11:25:03,874 INFO server.RaftServerConfigKeys: raft.server.log.write.buffer.size = 33554432 (custom)
rm_1        | 2019-11-08 11:24:57 INFO  HttpServer2:424 - adding path spec: /ws/*
datanode_3  | 2019-11-08 11:25:03,874 INFO server.RaftServerConfigKeys: raft.server.log.statemachine.data.sync = true (default)
nm_1        | 2019-11-08 11:26:00 WARN  NativeCodeLoader:60 - Unable to load native-hadoop library for your platform... using builtin-java classes where applicable
datanode_1  | 2019-11-08 11:25:03,874 INFO server.RaftServerConfigKeys: raft.server.log.force.sync.num = 128 (default)
datanode_2  | 2019-11-08 11:25:03,874 INFO server.RaftServerConfigKeys: raft.server.log.statemachine.data.sync.timeout.retry = -1 (default)
datanode_3  | 2019-11-08 11:25:03,874 INFO server.RaftServerConfigKeys: raft.server.log.statemachine.data.sync.timeout = 10s (default)
nm_1        | 2019-11-08 11:26:01 INFO  MetricsConfig:118 - Loaded properties from hadoop-metrics2.properties
datanode_1  | 2019-11-08 11:25:03,874 INFO server.RaftServerConfigKeys: raft.server.log.statemachine.data.sync = true (default)
rm_1        | 2019-11-08 11:24:57 INFO  WebApps:288 - Registered webapp guice modules
datanode_2  | 2019-11-08 11:25:03,875 INFO server.RaftServerConfigKeys: raft.server.log.statemachine.data.caching.enabled = true (custom)
datanode_3  | 2019-11-08 11:25:03,874 INFO server.RaftServerConfigKeys: raft.server.log.statemachine.data.sync.timeout.retry = -1 (default)
nm_1        | 2019-11-08 11:26:01 INFO  MetricsSystemImpl:374 - Scheduled Metric snapshot period at 10 second(s).
datanode_1  | 2019-11-08 11:25:03,874 INFO server.RaftServerConfigKeys: raft.server.log.statemachine.data.sync.timeout = 10s (default)
rm_1        | 2019-11-08 11:24:57 INFO  HttpServer2:935 - Jetty bound to port 8088
