scm_1       | 2019-10-28 03:38:35,153 INFO authorize.ServiceAuthorizationManager: Authorization successful for dn/1916b59ea3e2@EXAMPLE.COM (auth:KERBEROS) for protocol=interface org.apache.hadoop.ozone.protocol.StorageContainerDatanodeProtocol
om_1        | 2019-10-28 03:38:27,686 INFO authorize.ServiceAuthorizationManager: Authorization successful for testuser/scm@EXAMPLE.COM (auth:KERBEROS) for protocol=interface org.apache.hadoop.ozone.om.protocol.OzoneManagerProtocol
datanode_1  | 2019-10-28 03:37:20,593 INFO impl.RoleInfo: 0e116126-43ea-4685-ab86-e28fbf87fb3d: shutdown LeaderElection
datanode_3  | 2019-10-28 03:37:20,990 INFO impl.FollowerState: 4c2c44d3-5c4b-4dfb-acb0-2d63a68ef08c@group-6EBD0D248C93-FollowerState: change to CANDIDATE, lastRpcTime:5038ms, electionTimeout:5037ms
datanode_2  | 2019-10-28 03:37:20,068 INFO server.RaftServerConfigKeys: raft.server.watch.timeout.denomination = 1s (default)
kdc_1       | Generiting keytab
scm_1       | 2019-10-28 03:38:35,174 INFO ipc.Server: Auth successful for dn/b9244c62d657@EXAMPLE.COM (auth:KERBEROS)
s3g_1       | 	at org.jboss.weld.util.Beans.injectBoundFields(Beans.java:358)
om_1        | 2019-10-28 03:38:31,981 INFO ipc.Server: Auth successful for testuser/scm@EXAMPLE.COM (auth:KERBEROS)
datanode_1  | 2019-10-28 03:37:20,594 INFO impl.RaftServerImpl: 0e116126-43ea-4685-ab86-e28fbf87fb3d@group-E082A505C5F4: changes role from CANDIDATE to LEADER at term 1 for changeToLeader
datanode_3  | 2019-10-28 03:37:20,991 INFO impl.RoleInfo: 4c2c44d3-5c4b-4dfb-acb0-2d63a68ef08c: shutdown FollowerState
datanode_2  | 2019-10-28 03:37:20,069 INFO server.RaftServerConfigKeys: raft.server.watch.element-limit = 65536 (default)
kdc_1       | Authenticating as principal admin/admin with keytab /tmp/admin.keytab.
scm_1       | 2019-10-28 03:38:35,178 INFO authorize.ServiceAuthorizationManager: Authorization successful for dn/b9244c62d657@EXAMPLE.COM (auth:KERBEROS) for protocol=interface org.apache.hadoop.ozone.protocol.StorageContainerDatanodeProtocol
s3g_1       | 	at org.jboss.weld.util.Beans.injectFieldsAndInitializers(Beans.java:369)
om_1        | 2019-10-28 03:38:31,995 INFO authorize.ServiceAuthorizationManager: Authorization successful for testuser/scm@EXAMPLE.COM (auth:KERBEROS) for protocol=interface org.apache.hadoop.ozone.om.protocol.OzoneManagerProtocol
datanode_1  | 2019-10-28 03:37:20,594 INFO impl.RaftServerImpl: 0e116126-43ea-4685-ab86-e28fbf87fb3d@group-E082A505C5F4: change Leader from null to 0e116126-43ea-4685-ab86-e28fbf87fb3d at term 1 for becomeLeader, leader elected after 5241ms
datanode_3  | 2019-10-28 03:37:20,992 INFO impl.RaftServerImpl: 4c2c44d3-5c4b-4dfb-acb0-2d63a68ef08c@group-6EBD0D248C93: changes role from  FOLLOWER to CANDIDATE at term 0 for changeToCandidate
datanode_2  | 2019-10-28 03:37:20,075 INFO impl.RoleInfo: 5f939eb1-c28b-4c95-b6f5-ec5e47956194: start LeaderState
kdc_1       | WARNING: no policy specified for HTTP/om@EXAMPLE.COM; defaulting to no policy
scm_1       | 2019-10-28 03:39:05,141 INFO ipc.Server: Auth successful for dn/1916b59ea3e2@EXAMPLE.COM (auth:KERBEROS)
om_1        | 2019-10-28 03:38:34,771 INFO ipc.Server: Auth successful for testuser/scm@EXAMPLE.COM (auth:KERBEROS)
datanode_1  | 2019-10-28 03:37:20,599 INFO server.RaftServerConfigKeys: raft.server.staging.catchup.gap = 1000 (default)
s3g_1       | 	at org.jboss.weld.injection.producer.ResourceInjector$1.proceed(ResourceInjector.java:70)
datanode_3  | 2019-10-28 03:37:20,996 INFO impl.RoleInfo: 4c2c44d3-5c4b-4dfb-acb0-2d63a68ef08c: start LeaderElection
datanode_2  | 2019-10-28 03:37:20,098 INFO segmented.SegmentedRaftLogWorker: 5f939eb1-c28b-4c95-b6f5-ec5e47956194@group-1E88383227B7-SegmentedRaftLogWorker: Starting segment from index:0
kdc_1       | Principal "HTTP/om@EXAMPLE.COM" created.
om_1        | 2019-10-28 03:38:34,786 INFO authorize.ServiceAuthorizationManager: Authorization successful for testuser/scm@EXAMPLE.COM (auth:KERBEROS) for protocol=interface org.apache.hadoop.ozone.om.protocol.OzoneManagerProtocol
datanode_1  | 2019-10-28 03:37:20,600 INFO server.RaftServerConfigKeys: raft.server.rpc.sleep.time = 25ms (default)
scm_1       | 2019-10-28 03:39:05,145 INFO authorize.ServiceAuthorizationManager: Authorization successful for dn/1916b59ea3e2@EXAMPLE.COM (auth:KERBEROS) for protocol=interface org.apache.hadoop.ozone.protocol.StorageContainerDatanodeProtocol
s3g_1       | 	at org.jboss.weld.injection.InjectionContextImpl.run(InjectionContextImpl.java:48)
datanode_3  | 2019-10-28 03:37:21,012 INFO impl.LeaderElection: 4c2c44d3-5c4b-4dfb-acb0-2d63a68ef08c@group-6EBD0D248C93-LeaderElection1: begin an election at term 1 for -1: [4c2c44d3-5c4b-4dfb-acb0-2d63a68ef08c:172.18.0.5:9858], old=null
datanode_2  | 2019-10-28 03:37:20,109 INFO impl.RaftServerImpl: 5f939eb1-c28b-4c95-b6f5-ec5e47956194@group-1E88383227B7: set configuration 0: [5f939eb1-c28b-4c95-b6f5-ec5e47956194:172.18.0.10:9858], old=null at 0
kdc_1       | Authenticating as principal admin/admin with keytab /tmp/admin.keytab.
om_1        | 2019-10-28 03:38:37,590 INFO ipc.Server: Auth successful for testuser/scm@EXAMPLE.COM (auth:KERBEROS)
datanode_1  | 2019-10-28 03:37:20,603 INFO server.RaftServerConfigKeys: raft.server.write.element-limit = 4096 (default)
scm_1       | 2019-10-28 03:39:05,153 INFO ipc.Server: Auth successful for dn/8d5a851b61b8@EXAMPLE.COM (auth:KERBEROS)
s3g_1       | 	at org.jboss.weld.injection.producer.ResourceInjector.inject(ResourceInjector.java:72)
datanode_3  | 2019-10-28 03:37:21,013 INFO impl.RoleInfo: 4c2c44d3-5c4b-4dfb-acb0-2d63a68ef08c: shutdown LeaderElection
datanode_2  | 2019-10-28 03:37:20,234 INFO segmented.SegmentedRaftLogWorker: 5f939eb1-c28b-4c95-b6f5-ec5e47956194@group-1E88383227B7-SegmentedRaftLogWorker: created new log segment /data/metadata/ratis/65a0bf7e-b257-4af7-b96e-1e88383227b7/current/log_inprogress_0
kdc_1       | Entry for principal HTTP/om@EXAMPLE.COM with kvno 2, encryption type aes256-cts-hmac-sha1-96 added to keytab WRFILE:/data/HTTP.om.keytab.
datanode_1  | 2019-10-28 03:37:20,609 INFO server.RaftServerConfigKeys: raft.server.watch.timeout = 10s (default)
scm_1       | 2019-10-28 03:39:05,161 INFO authorize.ServiceAuthorizationManager: Authorization successful for dn/8d5a851b61b8@EXAMPLE.COM (auth:KERBEROS) for protocol=interface org.apache.hadoop.ozone.protocol.StorageContainerDatanodeProtocol
om_1        | 2019-10-28 03:38:37,602 INFO authorize.ServiceAuthorizationManager: Authorization successful for testuser/scm@EXAMPLE.COM (auth:KERBEROS) for protocol=interface org.apache.hadoop.ozone.om.protocol.OzoneManagerProtocol
s3g_1       | 	at org.jboss.weld.injection.producer.BasicInjectionTarget.inject(BasicInjectionTarget.java:117)
datanode_3  | 2019-10-28 03:37:21,014 INFO impl.RaftServerImpl: 4c2c44d3-5c4b-4dfb-acb0-2d63a68ef08c@group-6EBD0D248C93: changes role from CANDIDATE to LEADER at term 1 for changeToLeader
datanode_2  | 2019-10-28 03:37:21,114 INFO impl.FollowerState: 5f939eb1-c28b-4c95-b6f5-ec5e47956194@group-8DCD1A1EF523-FollowerState: change to CANDIDATE, lastRpcTime:5022ms, electionTimeout:5022ms
kdc_1       | Entry for principal HTTP/om@EXAMPLE.COM with kvno 2, encryption type aes128-cts-hmac-sha1-96 added to keytab WRFILE:/data/HTTP.om.keytab.
scm_1       | 2019-10-28 03:39:05,168 INFO ipc.Server: Auth successful for dn/b9244c62d657@EXAMPLE.COM (auth:KERBEROS)
datanode_1  | 2019-10-28 03:37:20,609 INFO server.RaftServerConfigKeys: raft.server.watch.timeout.denomination = 1s (default)
s3g_1       | 	at org.glassfish.jersey.ext.cdi1x.internal.CdiComponentProvider$InjectionManagerInjectedCdiTarget.inject(CdiComponentProvider.java:873)
datanode_3  | 2019-10-28 03:37:21,014 INFO impl.RaftServerImpl: 4c2c44d3-5c4b-4dfb-acb0-2d63a68ef08c@group-6EBD0D248C93: change Leader from null to 4c2c44d3-5c4b-4dfb-acb0-2d63a68ef08c at term 1 for becomeLeader, leader elected after 5165ms
datanode_2  | 2019-10-28 03:37:21,114 INFO impl.RoleInfo: 5f939eb1-c28b-4c95-b6f5-ec5e47956194: shutdown FollowerState
om_1        | 2019-10-28 03:38:40,354 INFO ipc.Server: Auth successful for testuser/scm@EXAMPLE.COM (auth:KERBEROS)
scm_1       | 2019-10-28 03:39:05,171 INFO authorize.ServiceAuthorizationManager: Authorization successful for dn/b9244c62d657@EXAMPLE.COM (auth:KERBEROS) for protocol=interface org.apache.hadoop.ozone.protocol.StorageContainerDatanodeProtocol
datanode_1  | 2019-10-28 03:37:20,610 INFO server.RaftServerConfigKeys: raft.server.watch.element-limit = 65536 (default)
s3g_1       | 	at org.jboss.weld.bean.ManagedBean.create(ManagedBean.java:159)
kdc_1       | Generiting keytab
datanode_3  | 2019-10-28 03:37:21,019 INFO server.RaftServerConfigKeys: raft.server.staging.catchup.gap = 1000 (default)
datanode_2  | 2019-10-28 03:37:21,114 INFO impl.RaftServerImpl: 5f939eb1-c28b-4c95-b6f5-ec5e47956194@group-8DCD1A1EF523: changes role from  FOLLOWER to CANDIDATE at term 0 for changeToCandidate
om_1        | 2019-10-28 03:38:40,369 INFO authorize.ServiceAuthorizationManager: Authorization successful for testuser/scm@EXAMPLE.COM (auth:KERBEROS) for protocol=interface org.apache.hadoop.ozone.om.protocol.OzoneManagerProtocol
scm_1       | 2019-10-28 03:39:13,301 INFO ipc.Server: Auth successful for om/om@EXAMPLE.COM (auth:KERBEROS)
datanode_1  | 2019-10-28 03:37:20,616 INFO impl.RoleInfo: 0e116126-43ea-4685-ab86-e28fbf87fb3d: start LeaderState
s3g_1       | 	at org.jboss.weld.context.unbound.DependentContextImpl.get(DependentContextImpl.java:70)
kdc_1       | Authenticating as principal admin/admin with keytab /tmp/admin.keytab.
datanode_2  | 2019-10-28 03:37:21,114 INFO impl.RoleInfo: 5f939eb1-c28b-4c95-b6f5-ec5e47956194: start LeaderElection
datanode_3  | 2019-10-28 03:37:21,019 INFO server.RaftServerConfigKeys: raft.server.rpc.sleep.time = 25ms (default)
om_1        | 2019-10-28 03:38:43,027 INFO ipc.Server: Auth successful for testuser/scm@EXAMPLE.COM (auth:KERBEROS)
scm_1       | 2019-10-28 03:39:13,304 INFO authorize.ServiceAuthorizationManager: Authorization successful for om/om@EXAMPLE.COM (auth:KERBEROS) for protocol=interface org.apache.hadoop.hdds.scm.protocol.ScmBlockLocationProtocol
datanode_1  | 2019-10-28 03:37:20,632 INFO segmented.SegmentedRaftLogWorker: 0e116126-43ea-4685-ab86-e28fbf87fb3d@group-E082A505C5F4-SegmentedRaftLogWorker: Starting segment from index:0
s3g_1       | 	at org.jboss.weld.bean.ContextualInstanceStrategy$DefaultContextualInstanceStrategy.get(ContextualInstanceStrategy.java:100)
kdc_1       | WARNING: no policy specified for HTTP/ba49fbf74ab3@EXAMPLE.COM; defaulting to no policy
datanode_2  | 2019-10-28 03:37:21,134 INFO impl.LeaderElection: 5f939eb1-c28b-4c95-b6f5-ec5e47956194@group-8DCD1A1EF523-LeaderElection2: begin an election at term 1 for -1: [5f939eb1-c28b-4c95-b6f5-ec5e47956194:172.18.0.10:9858, 4c2c44d3-5c4b-4dfb-acb0-2d63a68ef08c:172.18.0.5:9858, 0e116126-43ea-4685-ab86-e28fbf87fb3d:172.18.0.9:9858], old=null
datanode_3  | 2019-10-28 03:37:21,023 INFO server.RaftServerConfigKeys: raft.server.write.element-limit = 4096 (default)
om_1        | 2019-10-28 03:38:43,038 INFO authorize.ServiceAuthorizationManager: Authorization successful for testuser/scm@EXAMPLE.COM (auth:KERBEROS) for protocol=interface org.apache.hadoop.ozone.om.protocol.OzoneManagerProtocol
scm_1       | 2019-10-28 03:39:13,317 INFO server.SCMBlockProtocolServer: SCM is informed by OM to delete 1 blocks
datanode_1  | 2019-10-28 03:37:20,640 INFO impl.RaftServerImpl: 0e116126-43ea-4685-ab86-e28fbf87fb3d@group-E082A505C5F4: set configuration 0: [0e116126-43ea-4685-ab86-e28fbf87fb3d:172.18.0.9:9858], old=null at 0
s3g_1       | 	at org.jboss.weld.bean.ContextualInstance.get(ContextualInstance.java:50)
kdc_1       | Principal "HTTP/ba49fbf74ab3@EXAMPLE.COM" created.
datanode_2  | 2019-10-28 03:37:21,300 INFO impl.LeaderElection: 5f939eb1-c28b-4c95-b6f5-ec5e47956194@group-8DCD1A1EF523-LeaderElection2: Election REJECTED; received 2 response(s) [5f939eb1-c28b-4c95-b6f5-ec5e47956194<-4c2c44d3-5c4b-4dfb-acb0-2d63a68ef08c#0:FAIL-t1, 5f939eb1-c28b-4c95-b6f5-ec5e47956194<-0e116126-43ea-4685-ab86-e28fbf87fb3d#0:FAIL-t1] and 0 exception(s); 5f939eb1-c28b-4c95-b6f5-ec5e47956194@group-8DCD1A1EF523:t1, leader=null, voted=5f939eb1-c28b-4c95-b6f5-ec5e47956194, raftlog=5f939eb1-c28b-4c95-b6f5-ec5e47956194@group-8DCD1A1EF523-SegmentedRaftLog:OPENED:c-1,f-1,i0, conf=-1: [5f939eb1-c28b-4c95-b6f5-ec5e47956194:172.18.0.10:9858, 4c2c44d3-5c4b-4dfb-acb0-2d63a68ef08c:172.18.0.5:9858, 0e116126-43ea-4685-ab86-e28fbf87fb3d:172.18.0.9:9858], old=null
datanode_3  | 2019-10-28 03:37:21,029 INFO server.RaftServerConfigKeys: raft.server.watch.timeout = 10s (default)
om_1        | 2019-10-28 03:38:45,537 INFO ipc.Server: Auth successful for testuser/scm@EXAMPLE.COM (auth:KERBEROS)
scm_1       | 2019-10-28 03:39:13,317 INFO block.BlockManagerImpl: Deleting blocks conID: 3 locID: 103037921120944253 bcsId: 0
datanode_1  | 2019-10-28 03:37:20,754 INFO segmented.SegmentedRaftLogWorker: 0e116126-43ea-4685-ab86-e28fbf87fb3d@group-E082A505C5F4-SegmentedRaftLogWorker: created new log segment /data/metadata/ratis/57a595f8-2c8b-4fdc-80a2-e082a505c5f4/current/log_inprogress_0
s3g_1       | 	at org.jboss.weld.manager.BeanManagerImpl.getReference(BeanManagerImpl.java:785)
kdc_1       | Authenticating as principal admin/admin with keytab /tmp/admin.keytab.
datanode_2  | 2019-10-28 03:37:21,312 INFO impl.RaftServerImpl: 5f939eb1-c28b-4c95-b6f5-ec5e47956194@group-8DCD1A1EF523: changes role from CANDIDATE to FOLLOWER at term 1 for DISCOVERED_A_NEW_TERM
datanode_3  | 2019-10-28 03:37:21,029 INFO server.RaftServerConfigKeys: raft.server.watch.timeout.denomination = 1s (default)
om_1        | 2019-10-28 03:38:45,551 INFO authorize.ServiceAuthorizationManager: Authorization successful for testuser/scm@EXAMPLE.COM (auth:KERBEROS) for protocol=interface org.apache.hadoop.ozone.om.protocol.OzoneManagerProtocol
scm_1       | 2019-10-28 03:39:33,858 INFO ipc.Server: Auth successful for om/om@EXAMPLE.COM (auth:KERBEROS)
datanode_1  | 2019-10-28 03:37:21,224 INFO impl.FollowerState: 0e116126-43ea-4685-ab86-e28fbf87fb3d@group-8DCD1A1EF523-FollowerState: change to CANDIDATE, lastRpcTime:5147ms, electionTimeout:5147ms
s3g_1       | 	at org.jboss.weld.manager.BeanManagerImpl.getReference(BeanManagerImpl.java:808)
kdc_1       | Entry for principal HTTP/ba49fbf74ab3@EXAMPLE.COM with kvno 2, encryption type aes256-cts-hmac-sha1-96 added to keytab WRFILE:/data/HTTP.ba49fbf74ab3.keytab.
datanode_2  | 2019-10-28 03:37:21,312 INFO impl.RoleInfo: 5f939eb1-c28b-4c95-b6f5-ec5e47956194: shutdown LeaderElection
datanode_3  | 2019-10-28 03:37:21,030 INFO server.RaftServerConfigKeys: raft.server.watch.element-limit = 65536 (default)
om_1        | 2019-10-28 03:38:48,155 INFO ipc.Server: Auth successful for testuser/scm@EXAMPLE.COM (auth:KERBEROS)
datanode_1  | 2019-10-28 03:37:21,225 INFO impl.RoleInfo: 0e116126-43ea-4685-ab86-e28fbf87fb3d: shutdown FollowerState
scm_1       | 2019-10-28 03:39:33,860 INFO authorize.ServiceAuthorizationManager: Authorization successful for om/om@EXAMPLE.COM (auth:KERBEROS) for protocol=interface org.apache.hadoop.hdds.scm.protocol.ScmBlockLocationProtocol
kdc_1       | Entry for principal HTTP/ba49fbf74ab3@EXAMPLE.COM with kvno 2, encryption type aes128-cts-hmac-sha1-96 added to keytab WRFILE:/data/HTTP.ba49fbf74ab3.keytab.
s3g_1       | 	at org.jboss.weld.util.ForwardingBeanManager.getReference(ForwardingBeanManager.java:61)
datanode_2  | 2019-10-28 03:37:21,312 INFO impl.RoleInfo: 5f939eb1-c28b-4c95-b6f5-ec5e47956194: start FollowerState
om_1        | 2019-10-28 03:38:48,166 INFO authorize.ServiceAuthorizationManager: Authorization successful for testuser/scm@EXAMPLE.COM (auth:KERBEROS) for protocol=interface org.apache.hadoop.ozone.om.protocol.OzoneManagerProtocol
datanode_1  | 2019-10-28 03:37:21,225 INFO impl.RaftServerImpl: 0e116126-43ea-4685-ab86-e28fbf87fb3d@group-8DCD1A1EF523: changes role from  FOLLOWER to CANDIDATE at term 0 for changeToCandidate
datanode_3  | 2019-10-28 03:37:21,038 INFO impl.RoleInfo: 4c2c44d3-5c4b-4dfb-acb0-2d63a68ef08c: start LeaderState
kdc_1       | Generiting keytab
scm_1       | 2019-10-28 03:39:35,147 INFO ipc.Server: Auth successful for dn/1916b59ea3e2@EXAMPLE.COM (auth:KERBEROS)
datanode_2  | 2019-10-28 03:37:26,320 INFO impl.FollowerState: 5f939eb1-c28b-4c95-b6f5-ec5e47956194@group-8DCD1A1EF523-FollowerState: change to CANDIDATE, lastRpcTime:5007ms, electionTimeout:5007ms
s3g_1       | 	at org.jboss.weld.bean.builtin.BeanManagerProxy.getReference(BeanManagerProxy.java:85)
om_1        | 2019-10-28 03:38:50,881 INFO ipc.Server: Auth successful for testuser/scm@EXAMPLE.COM (auth:KERBEROS)
datanode_3  | 2019-10-28 03:37:21,055 INFO segmented.SegmentedRaftLogWorker: 4c2c44d3-5c4b-4dfb-acb0-2d63a68ef08c@group-6EBD0D248C93-SegmentedRaftLogWorker: Starting segment from index:0
datanode_1  | 2019-10-28 03:37:21,225 INFO impl.RoleInfo: 0e116126-43ea-4685-ab86-e28fbf87fb3d: start LeaderElection
kdc_1       | Authenticating as principal admin/admin with keytab /tmp/admin.keytab.
scm_1       | 2019-10-28 03:39:35,153 INFO authorize.ServiceAuthorizationManager: Authorization successful for dn/1916b59ea3e2@EXAMPLE.COM (auth:KERBEROS) for protocol=interface org.apache.hadoop.ozone.protocol.StorageContainerDatanodeProtocol
datanode_2  | 2019-10-28 03:37:26,321 INFO impl.RoleInfo: 5f939eb1-c28b-4c95-b6f5-ec5e47956194: shutdown FollowerState
s3g_1       | 	at org.glassfish.jersey.ext.cdi1x.internal.CdiUtil.getBeanReference(CdiUtil.java:151)
om_1        | 2019-10-28 03:38:50,893 INFO authorize.ServiceAuthorizationManager: Authorization successful for testuser/scm@EXAMPLE.COM (auth:KERBEROS) for protocol=interface org.apache.hadoop.ozone.om.protocol.OzoneManagerProtocol
datanode_3  | 2019-10-28 03:37:21,064 INFO impl.RaftServerImpl: 4c2c44d3-5c4b-4dfb-acb0-2d63a68ef08c@group-6EBD0D248C93: set configuration 0: [4c2c44d3-5c4b-4dfb-acb0-2d63a68ef08c:172.18.0.5:9858], old=null at 0
datanode_1  | 2019-10-28 03:37:21,232 INFO impl.LeaderElection: 0e116126-43ea-4685-ab86-e28fbf87fb3d@group-8DCD1A1EF523-LeaderElection2: begin an election at term 1 for -1: [5f939eb1-c28b-4c95-b6f5-ec5e47956194:172.18.0.10:9858, 4c2c44d3-5c4b-4dfb-acb0-2d63a68ef08c:172.18.0.5:9858, 0e116126-43ea-4685-ab86-e28fbf87fb3d:172.18.0.9:9858], old=null
kdc_1       | WARNING: no policy specified for HTTP/8d5a851b61b8@EXAMPLE.COM; defaulting to no policy
scm_1       | 2019-10-28 03:39:35,156 INFO ipc.Server: Auth successful for dn/8d5a851b61b8@EXAMPLE.COM (auth:KERBEROS)
s3g_1       | 	at org.glassfish.jersey.ext.cdi1x.internal.AbstractCdiBeanSupplier$1.getInstance(AbstractCdiBeanSupplier.java:93)
om_1        | 2019-10-28 03:38:51,582 [IPC Server handler 4 on 9862] INFO       - created volume:38759-rpcwoport2 for user:testuser/scm@EXAMPLE.COM
datanode_2  | 2019-10-28 03:37:26,321 INFO impl.RaftServerImpl: 5f939eb1-c28b-4c95-b6f5-ec5e47956194@group-8DCD1A1EF523: changes role from  FOLLOWER to CANDIDATE at term 1 for changeToCandidate
datanode_3  | 2019-10-28 03:37:21,155 INFO impl.FollowerState: 4c2c44d3-5c4b-4dfb-acb0-2d63a68ef08c@group-8DCD1A1EF523-FollowerState: change to CANDIDATE, lastRpcTime:5062ms, electionTimeout:5062ms
datanode_1  | 2019-10-28 03:37:21,424 INFO impl.LeaderElection: 0e116126-43ea-4685-ab86-e28fbf87fb3d@group-8DCD1A1EF523-LeaderElection2: Election REJECTED; received 2 response(s) [0e116126-43ea-4685-ab86-e28fbf87fb3d<-5f939eb1-c28b-4c95-b6f5-ec5e47956194#0:FAIL-t1, 0e116126-43ea-4685-ab86-e28fbf87fb3d<-4c2c44d3-5c4b-4dfb-acb0-2d63a68ef08c#0:FAIL-t1] and 0 exception(s); 0e116126-43ea-4685-ab86-e28fbf87fb3d@group-8DCD1A1EF523:t1, leader=null, voted=0e116126-43ea-4685-ab86-e28fbf87fb3d, raftlog=0e116126-43ea-4685-ab86-e28fbf87fb3d@group-8DCD1A1EF523-SegmentedRaftLog:OPENED:c-1,f-1,i0, conf=-1: [5f939eb1-c28b-4c95-b6f5-ec5e47956194:172.18.0.10:9858, 4c2c44d3-5c4b-4dfb-acb0-2d63a68ef08c:172.18.0.5:9858, 0e116126-43ea-4685-ab86-e28fbf87fb3d:172.18.0.9:9858], old=null
kdc_1       | Principal "HTTP/8d5a851b61b8@EXAMPLE.COM" created.
scm_1       | 2019-10-28 03:39:35,163 INFO authorize.ServiceAuthorizationManager: Authorization successful for dn/8d5a851b61b8@EXAMPLE.COM (auth:KERBEROS) for protocol=interface org.apache.hadoop.ozone.protocol.StorageContainerDatanodeProtocol
s3g_1       | 	at org.glassfish.jersey.ext.cdi1x.internal.AbstractCdiBeanSupplier._provide(AbstractCdiBeanSupplier.java:127)
om_1        | 2019-10-28 03:38:53,611 INFO ipc.Server: Auth successful for testuser/scm@EXAMPLE.COM (auth:KERBEROS)
datanode_2  | 2019-10-28 03:37:26,321 INFO impl.RoleInfo: 5f939eb1-c28b-4c95-b6f5-ec5e47956194: start LeaderElection
datanode_3  | 2019-10-28 03:37:21,170 INFO impl.RoleInfo: 4c2c44d3-5c4b-4dfb-acb0-2d63a68ef08c: shutdown FollowerState
datanode_1  | 2019-10-28 03:37:21,426 INFO impl.RaftServerImpl: 0e116126-43ea-4685-ab86-e28fbf87fb3d@group-8DCD1A1EF523: changes role from CANDIDATE to FOLLOWER at term 1 for DISCOVERED_A_NEW_TERM
kdc_1       | Authenticating as principal admin/admin with keytab /tmp/admin.keytab.
scm_1       | 2019-10-28 03:39:35,167 INFO ipc.Server: Auth successful for dn/b9244c62d657@EXAMPLE.COM (auth:KERBEROS)
s3g_1       | 	at org.glassfish.jersey.ext.cdi1x.internal.RequestScopedCdiBeanSupplier.get(RequestScopedCdiBeanSupplier.java:70)
om_1        | 2019-10-28 03:38:53,625 INFO authorize.ServiceAuthorizationManager: Authorization successful for testuser/scm@EXAMPLE.COM (auth:KERBEROS) for protocol=interface org.apache.hadoop.ozone.om.protocol.OzoneManagerProtocol
datanode_2  | 2019-10-28 03:37:26,336 INFO impl.LeaderElection: 5f939eb1-c28b-4c95-b6f5-ec5e47956194@group-8DCD1A1EF523-LeaderElection3: begin an election at term 2 for -1: [5f939eb1-c28b-4c95-b6f5-ec5e47956194:172.18.0.10:9858, 4c2c44d3-5c4b-4dfb-acb0-2d63a68ef08c:172.18.0.5:9858, 0e116126-43ea-4685-ab86-e28fbf87fb3d:172.18.0.9:9858], old=null
datanode_3  | 2019-10-28 03:37:21,171 INFO impl.RaftServerImpl: 4c2c44d3-5c4b-4dfb-acb0-2d63a68ef08c@group-8DCD1A1EF523: changes role from  FOLLOWER to CANDIDATE at term 0 for changeToCandidate
datanode_1  | 2019-10-28 03:37:21,426 INFO impl.RoleInfo: 0e116126-43ea-4685-ab86-e28fbf87fb3d: shutdown LeaderElection
kdc_1       | Entry for principal HTTP/8d5a851b61b8@EXAMPLE.COM with kvno 2, encryption type aes256-cts-hmac-sha1-96 added to keytab WRFILE:/data/HTTP.8d5a851b61b8.keytab.
scm_1       | 2019-10-28 03:39:35,171 INFO authorize.ServiceAuthorizationManager: Authorization successful for dn/b9244c62d657@EXAMPLE.COM (auth:KERBEROS) for protocol=interface org.apache.hadoop.ozone.protocol.StorageContainerDatanodeProtocol
s3g_1       | 	at org.glassfish.jersey.inject.hk2.InstanceSupplierFactoryBridge.provide(InstanceSupplierFactoryBridge.java:77)
om_1        | 2019-10-28 03:38:56,342 INFO ipc.Server: Auth successful for testuser/scm@EXAMPLE.COM (auth:KERBEROS)
datanode_2  | 2019-10-28 03:37:26,383 INFO impl.LeaderElection: 5f939eb1-c28b-4c95-b6f5-ec5e47956194@group-8DCD1A1EF523-LeaderElection3: Election PASSED; received 1 response(s) [5f939eb1-c28b-4c95-b6f5-ec5e47956194<-0e116126-43ea-4685-ab86-e28fbf87fb3d#0:OK-t2] and 0 exception(s); 5f939eb1-c28b-4c95-b6f5-ec5e47956194@group-8DCD1A1EF523:t2, leader=null, voted=5f939eb1-c28b-4c95-b6f5-ec5e47956194, raftlog=5f939eb1-c28b-4c95-b6f5-ec5e47956194@group-8DCD1A1EF523-SegmentedRaftLog:OPENED:c-1,f-1,i0, conf=-1: [5f939eb1-c28b-4c95-b6f5-ec5e47956194:172.18.0.10:9858, 4c2c44d3-5c4b-4dfb-acb0-2d63a68ef08c:172.18.0.5:9858, 0e116126-43ea-4685-ab86-e28fbf87fb3d:172.18.0.9:9858], old=null
datanode_3  | 2019-10-28 03:37:21,171 INFO impl.RoleInfo: 4c2c44d3-5c4b-4dfb-acb0-2d63a68ef08c: start LeaderElection
datanode_1  | 2019-10-28 03:37:21,426 INFO impl.RoleInfo: 0e116126-43ea-4685-ab86-e28fbf87fb3d: start FollowerState
kdc_1       | Entry for principal HTTP/8d5a851b61b8@EXAMPLE.COM with kvno 2, encryption type aes128-cts-hmac-sha1-96 added to keytab WRFILE:/data/HTTP.8d5a851b61b8.keytab.
s3g_1       | 	at org.jvnet.hk2.internal.FactoryCreator.create(FactoryCreator.java:153)
om_1        | 2019-10-28 03:38:56,356 INFO authorize.ServiceAuthorizationManager: Authorization successful for testuser/scm@EXAMPLE.COM (auth:KERBEROS) for protocol=interface org.apache.hadoop.ozone.om.protocol.OzoneManagerProtocol
datanode_3  | 2019-10-28 03:37:21,186 INFO segmented.SegmentedRaftLogWorker: 4c2c44d3-5c4b-4dfb-acb0-2d63a68ef08c@group-6EBD0D248C93-SegmentedRaftLogWorker: created new log segment /data/metadata/ratis/88f581bb-fc13-48f9-8db0-6ebd0d248c93/current/log_inprogress_0
datanode_2  | 2019-10-28 03:37:26,383 INFO impl.RoleInfo: 5f939eb1-c28b-4c95-b6f5-ec5e47956194: shutdown LeaderElection
scm_1       | 2019-10-28 03:40:05,135 INFO ipc.Server: Auth successful for dn/1916b59ea3e2@EXAMPLE.COM (auth:KERBEROS)
datanode_1  | 2019-10-28 03:37:26,361 INFO impl.RaftServerImpl: 0e116126-43ea-4685-ab86-e28fbf87fb3d@group-8DCD1A1EF523: changes role from  FOLLOWER to FOLLOWER at term 2 for recognizeCandidate:5f939eb1-c28b-4c95-b6f5-ec5e47956194
kdc_1       | Generiting keytab
s3g_1       | 	at org.jvnet.hk2.internal.SystemDescriptor.create(SystemDescriptor.java:487)
datanode_3  | 2019-10-28 03:37:21,186 INFO impl.LeaderElection: 4c2c44d3-5c4b-4dfb-acb0-2d63a68ef08c@group-8DCD1A1EF523-LeaderElection2: begin an election at term 1 for -1: [5f939eb1-c28b-4c95-b6f5-ec5e47956194:172.18.0.10:9858, 4c2c44d3-5c4b-4dfb-acb0-2d63a68ef08c:172.18.0.5:9858, 0e116126-43ea-4685-ab86-e28fbf87fb3d:172.18.0.9:9858], old=null
datanode_2  | 2019-10-28 03:37:26,384 INFO impl.RaftServerImpl: 5f939eb1-c28b-4c95-b6f5-ec5e47956194@group-8DCD1A1EF523: changes role from CANDIDATE to LEADER at term 2 for changeToLeader
om_1        | 2019-10-28 03:38:58,917 INFO ipc.Server: Auth successful for testuser/scm@EXAMPLE.COM (auth:KERBEROS)
scm_1       | 2019-10-28 03:40:05,140 INFO authorize.ServiceAuthorizationManager: Authorization successful for dn/1916b59ea3e2@EXAMPLE.COM (auth:KERBEROS) for protocol=interface org.apache.hadoop.ozone.protocol.StorageContainerDatanodeProtocol
datanode_1  | 2019-10-28 03:37:26,361 INFO impl.RoleInfo: 0e116126-43ea-4685-ab86-e28fbf87fb3d: shutdown FollowerState
kdc_1       | Authenticating as principal admin/admin with keytab /tmp/admin.keytab.
s3g_1       | 	at org.jvnet.hk2.internal.PerLookupContext.findOrCreate(PerLookupContext.java:70)
datanode_3  | 2019-10-28 03:37:21,373 INFO impl.LeaderElection: 4c2c44d3-5c4b-4dfb-acb0-2d63a68ef08c@group-8DCD1A1EF523-LeaderElection2: Election REJECTED; received 2 response(s) [4c2c44d3-5c4b-4dfb-acb0-2d63a68ef08c<-5f939eb1-c28b-4c95-b6f5-ec5e47956194#0:FAIL-t1, 4c2c44d3-5c4b-4dfb-acb0-2d63a68ef08c<-0e116126-43ea-4685-ab86-e28fbf87fb3d#0:FAIL-t1] and 0 exception(s); 4c2c44d3-5c4b-4dfb-acb0-2d63a68ef08c@group-8DCD1A1EF523:t1, leader=null, voted=4c2c44d3-5c4b-4dfb-acb0-2d63a68ef08c, raftlog=4c2c44d3-5c4b-4dfb-acb0-2d63a68ef08c@group-8DCD1A1EF523-SegmentedRaftLog:OPENED:c-1,f-1,i0, conf=-1: [5f939eb1-c28b-4c95-b6f5-ec5e47956194:172.18.0.10:9858, 4c2c44d3-5c4b-4dfb-acb0-2d63a68ef08c:172.18.0.5:9858, 0e116126-43ea-4685-ab86-e28fbf87fb3d:172.18.0.9:9858], old=null
datanode_2  | 2019-10-28 03:37:26,384 INFO impl.RaftServerImpl: 5f939eb1-c28b-4c95-b6f5-ec5e47956194@group-8DCD1A1EF523: change Leader from null to 5f939eb1-c28b-4c95-b6f5-ec5e47956194 at term 2 for becomeLeader, leader elected after 10296ms
om_1        | 2019-10-28 03:38:58,930 INFO authorize.ServiceAuthorizationManager: Authorization successful for testuser/scm@EXAMPLE.COM (auth:KERBEROS) for protocol=interface org.apache.hadoop.ozone.om.protocol.OzoneManagerProtocol
scm_1       | 2019-10-28 03:40:05,143 INFO ipc.Server: Auth successful for dn/8d5a851b61b8@EXAMPLE.COM (auth:KERBEROS)
datanode_1  | 2019-10-28 03:37:26,362 INFO impl.FollowerState: 0e116126-43ea-4685-ab86-e28fbf87fb3d@group-8DCD1A1EF523-FollowerState was interrupted: java.lang.InterruptedException: sleep interrupted
kdc_1       | WARNING: no policy specified for testuser/s3g@EXAMPLE.COM; defaulting to no policy
s3g_1       | 	at org.jvnet.hk2.internal.Utilities.createService(Utilities.java:2126)
datanode_3  | 2019-10-28 03:37:21,374 INFO impl.RaftServerImpl: 4c2c44d3-5c4b-4dfb-acb0-2d63a68ef08c@group-8DCD1A1EF523: changes role from CANDIDATE to FOLLOWER at term 1 for DISCOVERED_A_NEW_TERM
datanode_2  | 2019-10-28 03:37:26,384 INFO server.RaftServerConfigKeys: raft.server.staging.catchup.gap = 1000 (default)
om_1        | 2019-10-28 03:39:01,633 INFO ipc.Server: Auth successful for testuser/scm@EXAMPLE.COM (auth:KERBEROS)
scm_1       | 2019-10-28 03:40:05,145 INFO authorize.ServiceAuthorizationManager: Authorization successful for dn/8d5a851b61b8@EXAMPLE.COM (auth:KERBEROS) for protocol=interface org.apache.hadoop.ozone.protocol.StorageContainerDatanodeProtocol
datanode_1  | 2019-10-28 03:37:26,362 INFO impl.RoleInfo: 0e116126-43ea-4685-ab86-e28fbf87fb3d: start FollowerState
kdc_1       | Principal "testuser/s3g@EXAMPLE.COM" created.
s3g_1       | 	at org.jvnet.hk2.internal.ServiceLocatorImpl.internalGetService(ServiceLocatorImpl.java:777)
datanode_3  | 2019-10-28 03:37:21,374 INFO impl.RoleInfo: 4c2c44d3-5c4b-4dfb-acb0-2d63a68ef08c: shutdown LeaderElection
datanode_2  | 2019-10-28 03:37:26,384 INFO server.RaftServerConfigKeys: raft.server.rpc.sleep.time = 25ms (default)
om_1        | 2019-10-28 03:39:01,643 INFO authorize.ServiceAuthorizationManager: Authorization successful for testuser/scm@EXAMPLE.COM (auth:KERBEROS) for protocol=interface org.apache.hadoop.ozone.om.protocol.OzoneManagerProtocol
datanode_1  | 2019-10-28 03:37:26,457 INFO impl.RaftServerImpl: 0e116126-43ea-4685-ab86-e28fbf87fb3d@group-8DCD1A1EF523: change Leader from null to 5f939eb1-c28b-4c95-b6f5-ec5e47956194 at term 2 for appendEntries, leader elected after 10384ms
kdc_1       | Authenticating as principal admin/admin with keytab /tmp/admin.keytab.
s3g_1       | 	at org.jvnet.hk2.internal.ServiceLocatorImpl.internalGetService(ServiceLocatorImpl.java:740)
datanode_3  | 2019-10-28 03:37:21,374 INFO impl.RoleInfo: 4c2c44d3-5c4b-4dfb-acb0-2d63a68ef08c: start FollowerState
scm_1       | 2019-10-28 03:40:05,158 INFO ipc.Server: Auth successful for dn/b9244c62d657@EXAMPLE.COM (auth:KERBEROS)
datanode_2  | 2019-10-28 03:37:26,385 INFO server.RaftServerConfigKeys: raft.server.write.element-limit = 4096 (default)
om_1        | 2019-10-28 03:39:04,128 INFO ipc.Server: Auth successful for testuser/scm@EXAMPLE.COM (auth:KERBEROS)
datanode_1  | 2019-10-28 03:37:26,475 INFO impl.RaftServerImpl: 0e116126-43ea-4685-ab86-e28fbf87fb3d@group-8DCD1A1EF523: set configuration 0: [5f939eb1-c28b-4c95-b6f5-ec5e47956194:172.18.0.10:9858, 4c2c44d3-5c4b-4dfb-acb0-2d63a68ef08c:172.18.0.5:9858, 0e116126-43ea-4685-ab86-e28fbf87fb3d:172.18.0.9:9858], old=null at 0
s3g_1       | 	at org.jvnet.hk2.internal.ServiceLocatorImpl.getService(ServiceLocatorImpl.java:710)
datanode_3  | 2019-10-28 03:37:26,361 INFO impl.RaftServerImpl: 4c2c44d3-5c4b-4dfb-acb0-2d63a68ef08c@group-8DCD1A1EF523: changes role from  FOLLOWER to FOLLOWER at term 2 for recognizeCandidate:5f939eb1-c28b-4c95-b6f5-ec5e47956194
datanode_2  | 2019-10-28 03:37:26,385 INFO server.RaftServerConfigKeys: raft.server.watch.timeout = 10s (default)
scm_1       | 2019-10-28 03:40:05,161 INFO authorize.ServiceAuthorizationManager: Authorization successful for dn/b9244c62d657@EXAMPLE.COM (auth:KERBEROS) for protocol=interface org.apache.hadoop.ozone.protocol.StorageContainerDatanodeProtocol
kdc_1       | Entry for principal testuser/s3g@EXAMPLE.COM with kvno 2, encryption type aes256-cts-hmac-sha1-96 added to keytab WRFILE:/data/testuser.s3g.keytab.
om_1        | 2019-10-28 03:39:04,139 INFO authorize.ServiceAuthorizationManager: Authorization successful for testuser/scm@EXAMPLE.COM (auth:KERBEROS) for protocol=interface org.apache.hadoop.ozone.om.protocol.OzoneManagerProtocol
datanode_1  | 2019-10-28 03:37:26,475 INFO segmented.SegmentedRaftLogWorker: 0e116126-43ea-4685-ab86-e28fbf87fb3d@group-8DCD1A1EF523-SegmentedRaftLogWorker: Starting segment from index:0
s3g_1       | 	at org.glassfish.jersey.inject.hk2.AbstractHk2InjectionManager.getInstance(AbstractHk2InjectionManager.java:184)
datanode_2  | 2019-10-28 03:37:26,385 INFO server.RaftServerConfigKeys: raft.server.watch.timeout.denomination = 1s (default)
datanode_3  | 2019-10-28 03:37:26,361 INFO impl.RoleInfo: 4c2c44d3-5c4b-4dfb-acb0-2d63a68ef08c: shutdown FollowerState
scm_1       | 2019-10-28 03:40:20,555 INFO ipc.Server: Auth successful for om/om@EXAMPLE.COM (auth:KERBEROS)
kdc_1       | Entry for principal testuser/s3g@EXAMPLE.COM with kvno 2, encryption type aes128-cts-hmac-sha1-96 added to keytab WRFILE:/data/testuser.s3g.keytab.
om_1        | 2019-10-28 03:39:06,725 INFO ipc.Server: Auth successful for testuser/scm@EXAMPLE.COM (auth:KERBEROS)
datanode_1  | 2019-10-28 03:37:26,516 INFO segmented.SegmentedRaftLogWorker: 0e116126-43ea-4685-ab86-e28fbf87fb3d@group-8DCD1A1EF523-SegmentedRaftLogWorker: created new log segment /data/metadata/ratis/8d891e57-0c65-4a67-b749-8dcd1a1ef523/current/log_inprogress_0
s3g_1       | 	at org.glassfish.jersey.inject.hk2.ImmediateHk2InjectionManager.getInstance(ImmediateHk2InjectionManager.java:54)
datanode_2  | 2019-10-28 03:37:26,385 INFO server.RaftServerConfigKeys: raft.server.watch.element-limit = 65536 (default)
scm_1       | 2019-10-28 03:40:20,558 INFO authorize.ServiceAuthorizationManager: Authorization successful for om/om@EXAMPLE.COM (auth:KERBEROS) for protocol=interface org.apache.hadoop.hdds.scm.protocol.ScmBlockLocationProtocol
kdc_1       | Generiting keytab
om_1        | 2019-10-28 03:39:06,738 INFO authorize.ServiceAuthorizationManager: Authorization successful for testuser/scm@EXAMPLE.COM (auth:KERBEROS) for protocol=interface org.apache.hadoop.ozone.om.protocol.OzoneManagerProtocol
datanode_3  | 2019-10-28 03:37:26,362 INFO impl.FollowerState: 4c2c44d3-5c4b-4dfb-acb0-2d63a68ef08c@group-8DCD1A1EF523-FollowerState was interrupted: java.lang.InterruptedException: sleep interrupted
datanode_1  | 2019-10-28 03:37:34,301 INFO client.DNCertificateClient: Getting certificate with certSerialId:12580615400448584.
datanode_2  | 2019-10-28 03:37:26,388 INFO server.RaftServerConfigKeys: raft.server.log.appender.snapshot.chunk.size.max = 16MB (=16777216) (default)
scm_1       | 2019-10-28 03:40:35,154 INFO ipc.Server: Auth successful for dn/1916b59ea3e2@EXAMPLE.COM (auth:KERBEROS)
s3g_1       | 	at org.glassfish.jersey.internal.inject.Injections.getOrCreate(Injections.java:129)
om_1        | 2019-10-28 03:39:09,286 INFO ipc.Server: Auth successful for testuser/scm@EXAMPLE.COM (auth:KERBEROS)
kdc_1       | Authenticating as principal admin/admin with keytab /tmp/admin.keytab.
datanode_3  | 2019-10-28 03:37:26,362 INFO impl.RoleInfo: 4c2c44d3-5c4b-4dfb-acb0-2d63a68ef08c: start FollowerState
datanode_2  | 2019-10-28 03:37:26,388 INFO server.RaftServerConfigKeys: raft.server.log.appender.buffer.byte-limit = 33554432 (custom)
scm_1       | 2019-10-28 03:40:35,155 INFO ipc.Server: Auth successful for dn/8d5a851b61b8@EXAMPLE.COM (auth:KERBEROS)
s3g_1       | 	at org.glassfish.jersey.server.model.MethodHandler$ClassBasedMethodHandler.getInstance(MethodHandler.java:284)
om_1        | 2019-10-28 03:39:09,298 INFO authorize.ServiceAuthorizationManager: Authorization successful for testuser/scm@EXAMPLE.COM (auth:KERBEROS) for protocol=interface org.apache.hadoop.ozone.om.protocol.OzoneManagerProtocol
kdc_1       | WARNING: no policy specified for testuser/om@EXAMPLE.COM; defaulting to no policy
datanode_3  | 2019-10-28 03:37:26,459 INFO impl.RaftServerImpl: 4c2c44d3-5c4b-4dfb-acb0-2d63a68ef08c@group-8DCD1A1EF523: change Leader from null to 5f939eb1-c28b-4c95-b6f5-ec5e47956194 at term 2 for appendEntries, leader elected after 10370ms
datanode_2  | 2019-10-28 03:37:26,389 INFO server.RaftServerConfigKeys: raft.server.log.appender.buffer.element-limit = 1 (custom)
scm_1       | 2019-10-28 03:40:35,158 INFO authorize.ServiceAuthorizationManager: Authorization successful for dn/1916b59ea3e2@EXAMPLE.COM (auth:KERBEROS) for protocol=interface org.apache.hadoop.ozone.protocol.StorageContainerDatanodeProtocol
s3g_1       | 	at org.glassfish.jersey.server.internal.routing.PushMethodHandlerRouter.apply(PushMethodHandlerRouter.java:75)
om_1        | 2019-10-28 03:39:11,937 INFO ipc.Server: Auth successful for testuser/scm@EXAMPLE.COM (auth:KERBEROS)
kdc_1       | Principal "testuser/om@EXAMPLE.COM" created.
datanode_3  | 2019-10-28 03:37:26,477 INFO impl.RaftServerImpl: 4c2c44d3-5c4b-4dfb-acb0-2d63a68ef08c@group-8DCD1A1EF523: set configuration 0: [5f939eb1-c28b-4c95-b6f5-ec5e47956194:172.18.0.10:9858, 4c2c44d3-5c4b-4dfb-acb0-2d63a68ef08c:172.18.0.5:9858, 0e116126-43ea-4685-ab86-e28fbf87fb3d:172.18.0.9:9858], old=null at 0
datanode_2  | 2019-10-28 03:37:26,392 INFO grpc.GrpcConfigKeys$Server: raft.grpc.server.leader.outstanding.appends.max = 128 (default)
scm_1       | 2019-10-28 03:40:35,158 INFO authorize.ServiceAuthorizationManager: Authorization successful for dn/8d5a851b61b8@EXAMPLE.COM (auth:KERBEROS) for protocol=interface org.apache.hadoop.ozone.protocol.StorageContainerDatanodeProtocol
s3g_1       | 	at org.glassfish.jersey.server.internal.routing.RoutingStage._apply(RoutingStage.java:110)
om_1        | 2019-10-28 03:39:11,952 INFO authorize.ServiceAuthorizationManager: Authorization successful for testuser/scm@EXAMPLE.COM (auth:KERBEROS) for protocol=interface org.apache.hadoop.ozone.om.protocol.OzoneManagerProtocol
kdc_1       | Authenticating as principal admin/admin with keytab /tmp/admin.keytab.
datanode_3  | 2019-10-28 03:37:26,477 INFO segmented.SegmentedRaftLogWorker: 4c2c44d3-5c4b-4dfb-acb0-2d63a68ef08c@group-8DCD1A1EF523-SegmentedRaftLogWorker: Starting segment from index:0
datanode_2  | 2019-10-28 03:37:26,393 INFO server.RaftServerConfigKeys: raft.server.rpc.request.timeout = 3000ms (default)
scm_1       | 2019-10-28 03:40:35,171 INFO ipc.Server: Auth successful for dn/b9244c62d657@EXAMPLE.COM (auth:KERBEROS)
s3g_1       | 	at org.glassfish.jersey.server.internal.routing.RoutingStage._apply(RoutingStage.java:113)
om_1        | 2019-10-28 03:39:14,664 INFO ipc.Server: Auth successful for testuser/scm@EXAMPLE.COM (auth:KERBEROS)
kdc_1       | Entry for principal testuser/om@EXAMPLE.COM with kvno 2, encryption type aes256-cts-hmac-sha1-96 added to keytab WRFILE:/data/testuser.om.keytab.
datanode_3  | 2019-10-28 03:37:26,516 INFO segmented.SegmentedRaftLogWorker: 4c2c44d3-5c4b-4dfb-acb0-2d63a68ef08c@group-8DCD1A1EF523-SegmentedRaftLogWorker: created new log segment /data/metadata/ratis/8d891e57-0c65-4a67-b749-8dcd1a1ef523/current/log_inprogress_0
datanode_2  | 2019-10-28 03:37:26,393 INFO server.RaftServerConfigKeys: raft.server.log.appender.install.snapshot.enabled = false (custom)
scm_1       | 2019-10-28 03:40:35,174 INFO authorize.ServiceAuthorizationManager: Authorization successful for dn/b9244c62d657@EXAMPLE.COM (auth:KERBEROS) for protocol=interface org.apache.hadoop.ozone.protocol.StorageContainerDatanodeProtocol
s3g_1       | 	at org.glassfish.jersey.server.internal.routing.RoutingStage._apply(RoutingStage.java:113)
om_1        | 2019-10-28 03:39:14,675 INFO authorize.ServiceAuthorizationManager: Authorization successful for testuser/scm@EXAMPLE.COM (auth:KERBEROS) for protocol=interface org.apache.hadoop.ozone.om.protocol.OzoneManagerProtocol
kdc_1       | Entry for principal testuser/om@EXAMPLE.COM with kvno 2, encryption type aes128-cts-hmac-sha1-96 added to keytab WRFILE:/data/testuser.om.keytab.
datanode_3  | 2019-10-28 03:37:34,300 INFO client.DNCertificateClient: Getting certificate with certSerialId:12580615400448584.
datanode_2  | 2019-10-28 03:37:26,394 WARN impl.MetricRegistriesImpl: First MetricRegistry has been created without registering reporters. You may need to call MetricRegistries.global().addReportRegistration(...) before.
scm_1       | 2019-10-28 03:41:05,149 INFO ipc.Server: Auth successful for dn/1916b59ea3e2@EXAMPLE.COM (auth:KERBEROS)
s3g_1       | 	at org.glassfish.jersey.server.internal.routing.RoutingStage._apply(RoutingStage.java:113)
om_1        | 2019-10-28 03:39:17,488 INFO ipc.Server: Auth successful for testuser/scm@EXAMPLE.COM (auth:KERBEROS)
kdc_1       | Generiting keytab
datanode_2  | 2019-10-28 03:37:26,395 INFO server.RaftServerConfigKeys: raft.server.log.appender.snapshot.chunk.size.max = 16MB (=16777216) (default)
scm_1       | 2019-10-28 03:41:05,150 INFO ipc.Server: Auth successful for dn/8d5a851b61b8@EXAMPLE.COM (auth:KERBEROS)
s3g_1       | 	at org.glassfish.jersey.server.internal.routing.RoutingStage.apply(RoutingStage.java:93)
om_1        | 2019-10-28 03:39:17,502 INFO authorize.ServiceAuthorizationManager: Authorization successful for testuser/scm@EXAMPLE.COM (auth:KERBEROS) for protocol=interface org.apache.hadoop.ozone.om.protocol.OzoneManagerProtocol
datanode_2  | 2019-10-28 03:37:26,395 INFO server.RaftServerConfigKeys: raft.server.log.appender.buffer.byte-limit = 33554432 (custom)
kdc_1       | Authenticating as principal admin/admin with keytab /tmp/admin.keytab.
scm_1       | 2019-10-28 03:41:05,153 INFO authorize.ServiceAuthorizationManager: Authorization successful for dn/1916b59ea3e2@EXAMPLE.COM (auth:KERBEROS) for protocol=interface org.apache.hadoop.ozone.protocol.StorageContainerDatanodeProtocol
s3g_1       | 	at org.glassfish.jersey.server.internal.routing.RoutingStage.apply(RoutingStage.java:62)
datanode_2  | 2019-10-28 03:37:26,395 INFO server.RaftServerConfigKeys: raft.server.log.appender.buffer.element-limit = 1 (custom)
om_1        | 2019-10-28 03:39:18,126 [IPC Server handler 10 on 9862] ERROR      - Add acl [user:superuser1:rwxy[ACCESS]] to path /38759-rpcwoport2/bb1 failed, because acl already exist
kdc_1       | WARNING: no policy specified for testuser/ba49fbf74ab3@EXAMPLE.COM; defaulting to no policy
scm_1       | 2019-10-28 03:41:05,155 INFO authorize.ServiceAuthorizationManager: Authorization successful for dn/8d5a851b61b8@EXAMPLE.COM (auth:KERBEROS) for protocol=interface org.apache.hadoop.ozone.protocol.StorageContainerDatanodeProtocol
s3g_1       | 	at org.glassfish.jersey.process.internal.Stages.process(Stages.java:197)
datanode_2  | 2019-10-28 03:37:26,395 INFO grpc.GrpcConfigKeys$Server: raft.grpc.server.leader.outstanding.appends.max = 128 (default)
om_1        | 2019-10-28 03:39:20,067 INFO ipc.Server: Auth successful for testuser/scm@EXAMPLE.COM (auth:KERBEROS)
kdc_1       | Principal "testuser/ba49fbf74ab3@EXAMPLE.COM" created.
scm_1       | 2019-10-28 03:41:05,165 INFO ipc.Server: Auth successful for dn/b9244c62d657@EXAMPLE.COM (auth:KERBEROS)
datanode_2  | 2019-10-28 03:37:26,396 INFO server.RaftServerConfigKeys: raft.server.rpc.request.timeout = 3000ms (default)
om_1        | 2019-10-28 03:39:20,081 INFO authorize.ServiceAuthorizationManager: Authorization successful for testuser/scm@EXAMPLE.COM (auth:KERBEROS) for protocol=interface org.apache.hadoop.ozone.om.protocol.OzoneManagerProtocol
kdc_1       | Authenticating as principal admin/admin with keytab /tmp/admin.keytab.
scm_1       | 2019-10-28 03:41:05,169 INFO authorize.ServiceAuthorizationManager: Authorization successful for dn/b9244c62d657@EXAMPLE.COM (auth:KERBEROS) for protocol=interface org.apache.hadoop.ozone.protocol.StorageContainerDatanodeProtocol
s3g_1       | 	at org.glassfish.jersey.server.ServerRuntime$1.run(ServerRuntime.java:269)
datanode_2  | 2019-10-28 03:37:26,396 INFO server.RaftServerConfigKeys: raft.server.log.appender.install.snapshot.enabled = false (custom)
om_1        | 2019-10-28 03:39:22,667 INFO ipc.Server: Auth successful for testuser/scm@EXAMPLE.COM (auth:KERBEROS)
kdc_1       | Entry for principal testuser/ba49fbf74ab3@EXAMPLE.COM with kvno 2, encryption type aes256-cts-hmac-sha1-96 added to keytab WRFILE:/data/testuser.ba49fbf74ab3.keytab.
scm_1       | 2019-10-28 03:41:12,724 INFO ipc.Server: Auth successful for om/om@EXAMPLE.COM (auth:KERBEROS)
s3g_1       | 	at org.glassfish.jersey.internal.Errors$1.call(Errors.java:272)
datanode_2  | 2019-10-28 03:37:26,399 INFO impl.RoleInfo: 5f939eb1-c28b-4c95-b6f5-ec5e47956194: start LeaderState
om_1        | 2019-10-28 03:39:22,677 INFO authorize.ServiceAuthorizationManager: Authorization successful for testuser/scm@EXAMPLE.COM (auth:KERBEROS) for protocol=interface org.apache.hadoop.ozone.om.protocol.OzoneManagerProtocol
kdc_1       | Entry for principal testuser/ba49fbf74ab3@EXAMPLE.COM with kvno 2, encryption type aes128-cts-hmac-sha1-96 added to keytab WRFILE:/data/testuser.ba49fbf74ab3.keytab.
scm_1       | 2019-10-28 03:41:12,726 INFO authorize.ServiceAuthorizationManager: Authorization successful for om/om@EXAMPLE.COM (auth:KERBEROS) for protocol=interface org.apache.hadoop.hdds.scm.protocol.ScmBlockLocationProtocol
s3g_1       | 	at org.glassfish.jersey.internal.Errors$1.call(Errors.java:268)
om_1        | 2019-10-28 03:39:25,166 INFO ipc.Server: Auth successful for testuser/scm@EXAMPLE.COM (auth:KERBEROS)
datanode_2  | 2019-10-28 03:37:26,399 INFO segmented.SegmentedRaftLogWorker: 5f939eb1-c28b-4c95-b6f5-ec5e47956194@group-8DCD1A1EF523-SegmentedRaftLogWorker: Starting segment from index:0
kdc_1       | Generiting keytab
scm_1       | 2019-10-28 03:41:13,352 INFO server.SCMBlockProtocolServer: SCM is informed by OM to delete 1 blocks
om_1        | 2019-10-28 03:39:25,179 INFO authorize.ServiceAuthorizationManager: Authorization successful for testuser/scm@EXAMPLE.COM (auth:KERBEROS) for protocol=interface org.apache.hadoop.ozone.om.protocol.OzoneManagerProtocol
datanode_2  | 2019-10-28 03:37:26,400 INFO impl.RaftServerImpl: 5f939eb1-c28b-4c95-b6f5-ec5e47956194@group-8DCD1A1EF523: set configuration 0: [5f939eb1-c28b-4c95-b6f5-ec5e47956194:172.18.0.10:9858, 4c2c44d3-5c4b-4dfb-acb0-2d63a68ef08c:172.18.0.5:9858, 0e116126-43ea-4685-ab86-e28fbf87fb3d:172.18.0.9:9858], old=null at 0
kdc_1       | Authenticating as principal admin/admin with keytab /tmp/admin.keytab.
s3g_1       | 	at org.glassfish.jersey.internal.Errors.process(Errors.java:316)
scm_1       | 2019-10-28 03:41:13,352 INFO block.BlockManagerImpl: Deleting blocks conID: 2 locID: 103037928771420287 bcsId: 0
om_1        | 2019-10-28 03:39:27,851 INFO ipc.Server: Auth successful for testuser/scm@EXAMPLE.COM (auth:KERBEROS)
kdc_1       | WARNING: no policy specified for testuser/8d5a851b61b8@EXAMPLE.COM; defaulting to no policy
datanode_2  | 2019-10-28 03:37:26,450 INFO segmented.SegmentedRaftLogWorker: 5f939eb1-c28b-4c95-b6f5-ec5e47956194@group-8DCD1A1EF523-SegmentedRaftLogWorker: created new log segment /data/metadata/ratis/8d891e57-0c65-4a67-b749-8dcd1a1ef523/current/log_inprogress_0
s3g_1       | 	at org.glassfish.jersey.internal.Errors.process(Errors.java:298)
scm_1       | 2019-10-28 03:41:35,145 INFO ipc.Server: Auth successful for dn/1916b59ea3e2@EXAMPLE.COM (auth:KERBEROS)
om_1        | 2019-10-28 03:39:27,866 INFO authorize.ServiceAuthorizationManager: Authorization successful for testuser/scm@EXAMPLE.COM (auth:KERBEROS) for protocol=interface org.apache.hadoop.ozone.om.protocol.OzoneManagerProtocol
kdc_1       | Principal "testuser/8d5a851b61b8@EXAMPLE.COM" created.
datanode_2  | 2019-10-28 03:37:34,166 INFO client.DNCertificateClient: Getting certificate with certSerialId:12580615400448584.
scm_1       | 2019-10-28 03:41:35,149 INFO authorize.ServiceAuthorizationManager: Authorization successful for dn/1916b59ea3e2@EXAMPLE.COM (auth:KERBEROS) for protocol=interface org.apache.hadoop.ozone.protocol.StorageContainerDatanodeProtocol
s3g_1       | 	at org.glassfish.jersey.internal.Errors.process(Errors.java:268)
om_1        | 2019-10-28 03:39:30,491 INFO ipc.Server: Auth successful for testuser/scm@EXAMPLE.COM (auth:KERBEROS)
kdc_1       | Authenticating as principal admin/admin with keytab /tmp/admin.keytab.
datanode_2  | 2019-10-28 03:38:25,685 WARN client.GrpcClientProtocolService: 3-UnorderedRequestStreamObserver3: onError: org.apache.ratis.thirdparty.io.grpc.StatusRuntimeException: CANCELLED: cancelled before receiving half close
scm_1       | 2019-10-28 03:41:35,151 INFO ipc.Server: Auth successful for dn/8d5a851b61b8@EXAMPLE.COM (auth:KERBEROS)
s3g_1       | 	at org.glassfish.jersey.process.internal.RequestScope.runInScope(RequestScope.java:289)
om_1        | 2019-10-28 03:39:30,500 INFO authorize.ServiceAuthorizationManager: Authorization successful for testuser/scm@EXAMPLE.COM (auth:KERBEROS) for protocol=interface org.apache.hadoop.ozone.om.protocol.OzoneManagerProtocol
kdc_1       | Oct 28 03:36:59 kdc krb5kdc[9](info): AS_REQ (8 etypes {18 17 20 19 16 23 25 26}) 127.0.0.1: SERVER_NOT_FOUND: admin/admin@EXAMPLE.COM for kadmin/localhost@EXAMPLE.COM, Server not found in Kerberos database
datanode_2  | 2019-10-28 03:38:25,689 WARN client.GrpcClientProtocolService: 2-OrderedRequestStreamObserver2: onError: org.apache.ratis.thirdparty.io.grpc.StatusRuntimeException: CANCELLED: cancelled before receiving half close
scm_1       | 2019-10-28 03:41:35,155 INFO authorize.ServiceAuthorizationManager: Authorization successful for dn/8d5a851b61b8@EXAMPLE.COM (auth:KERBEROS) for protocol=interface org.apache.hadoop.ozone.protocol.StorageContainerDatanodeProtocol
s3g_1       | 	at org.glassfish.jersey.server.ServerRuntime.process(ServerRuntime.java:256)
om_1        | 2019-10-28 03:39:33,080 INFO ipc.Server: Auth successful for testuser/scm@EXAMPLE.COM (auth:KERBEROS)
kdc_1       | Oct 28 03:36:59 kdc krb5kdc[9](info): AS_REQ (8 etypes {18 17 20 19 16 23 25 26}) 127.0.0.1: ISSUE: authtime 1572233819, etypes {rep=18 tkt=18 ses=18}, admin/admin@EXAMPLE.COM for kadmin/admin@EXAMPLE.COM
datanode_2  | 2019-10-28 03:39:35,740 WARN client.GrpcClientProtocolService: 4-OrderedRequestStreamObserver4: onError: org.apache.ratis.thirdparty.io.grpc.StatusRuntimeException: CANCELLED: cancelled before receiving half close
scm_1       | 2019-10-28 03:41:35,164 INFO ipc.Server: Auth successful for dn/b9244c62d657@EXAMPLE.COM (auth:KERBEROS)
s3g_1       | 	at org.glassfish.jersey.server.ApplicationHandler.handle(ApplicationHandler.java:703)
