s3g_1       | 	at org.eclipse.jetty.servlet.ServletHandler$CachedChain.doFilter(ServletHandler.java:1767)
om_1        | 2019-10-24 03:31:53,077 INFO hdfs.DFSUtil: Starting Web-server for ozoneManager at: http://0.0.0.0:9874
datanode_2  | 2019-10-24 03:31:52,483 INFO server.RaftServerConfigKeys: raft.server.storage.dir = [/data/metadata/ratis] (custom)
scm_1       | 2019-10-24 03:31:49,217 INFO server.SCMClientProtocolServer: RPC server for Client  is listening at /0.0.0.0:9860
datanode_3  | 2019-10-24 03:31:53,014 INFO server.RaftServerConfigKeys: raft.server.log.appender.buffer.byte-limit = 33554432 (custom)
datanode_1  | 2019-10-24 03:31:53,452 INFO storage.RaftStorageDirectory: The storage directory /data/metadata/ratis/c5b03664-c73d-45f6-8da4-60437ebe40c9 does not exist. Creating ...
s3g_1       | 	at org.eclipse.jetty.servlet.ServletHandler.doHandle(ServletHandler.java:583)
om_1        | 2019-10-24 03:31:53,200 INFO server.AuthenticationFilter: Unable to initialize FileSignerSecretProvider, falling back to use random secrets.
datanode_2  | 2019-10-24 03:31:52,487 INFO server.RaftServerConfigKeys: raft.server.log.corruption.policy = EXCEPTION (default)
scm_1       | 2019-10-24 03:31:49,218 INFO ipc.Server: IPC Server Responder: starting
datanode_3  | 2019-10-24 03:31:53,015 INFO server.RaftServerConfigKeys: raft.server.log.segment.size.max = 1048576 (custom)
datanode_1  | 2019-10-24 03:31:53,479 INFO storage.RaftStorageDirectory: Lock on /data/metadata/ratis/c5b03664-c73d-45f6-8da4-60437ebe40c9/in_use.lock acquired by nodename 7@67778b38d80c
s3g_1       | 	at org.eclipse.jetty.server.handler.ScopedHandler.handle(ScopedHandler.java:143)
om_1        | 2019-10-24 03:31:53,203 INFO http.HttpRequestLog: Http request log for http.requests.ozoneManager is not defined
datanode_2  | 2019-10-24 03:31:52,488 INFO storage.RaftStorageDirectory: The storage directory /data/metadata/ratis/a11b5002-6e29-479c-b6a2-d5529b1614f7 does not exist. Creating ...
scm_1       | 2019-10-24 03:31:49,218 INFO ipc.Server: IPC Server listener on 9860: starting
datanode_3  | 2019-10-24 03:31:53,020 INFO metrics.MetricRegistries: Loaded MetricRegistries class org.apache.ratis.metrics.impl.MetricRegistriesImpl
datanode_1  | 2019-10-24 03:31:53,500 INFO storage.RaftStorage: Storage directory /data/metadata/ratis/c5b03664-c73d-45f6-8da4-60437ebe40c9 has been successfully formatted.
om_1        | 2019-10-24 03:31:53,210 INFO http.HttpServer2: Added global filter 'safety' (class=org.apache.hadoop.http.HttpServer2$QuotingInputFilter)
s3g_1       | 	at org.eclipse.jetty.security.SecurityHandler.handle(SecurityHandler.java:548)
datanode_2  | 2019-10-24 03:31:52,522 INFO storage.RaftStorageDirectory: Lock on /data/metadata/ratis/a11b5002-6e29-479c-b6a2-d5529b1614f7/in_use.lock acquired by nodename 7@cb53c1d6d73a
scm_1       | 2019-10-24 03:31:49,221 INFO server.StorageContainerManager: ScmBlockLocationProtocol RPC server is listening at /0.0.0.0:9863
datanode_3  | 2019-10-24 03:31:53,023 WARN impl.MetricRegistriesImpl: First MetricRegistry has been created without registering reporters. You may need to call MetricRegistries.global().addReportRegistration(...) before.
datanode_1  | 2019-10-24 03:31:53,504 [pool-8-thread-1] INFO       - group-60437EBE40C9: The snapshot info is null. Setting the last applied indexto:(t:0, i:~)
om_1        | 2019-10-24 03:31:53,212 INFO http.HttpServer2: Added filter static_user_filter (class=org.apache.hadoop.http.lib.StaticUserWebFilter$StaticUserFilter) to context ozoneManager
s3g_1       | 	at org.eclipse.jetty.server.session.SessionHandler.doHandle(SessionHandler.java:226)
datanode_2  | 2019-10-24 03:31:52,540 INFO storage.RaftStorage: Storage directory /data/metadata/ratis/a11b5002-6e29-479c-b6a2-d5529b1614f7 has been successfully formatted.
scm_1       | 2019-10-24 03:31:49,222 INFO server.SCMBlockProtocolServer: RPC server for Block Protocol is listening at /0.0.0.0:9863
datanode_3  | 2019-10-24 03:31:53,028 INFO server.RaftServerConfigKeys: raft.server.log.segment.cache.num.max = 2 (custom)
datanode_1  | 2019-10-24 03:31:53,504 INFO server.RaftServerConfigKeys: raft.server.notification.no-leader.timeout = 120s (custom)
om_1        | 2019-10-24 03:31:53,212 INFO http.HttpServer2: Added filter static_user_filter (class=org.apache.hadoop.http.lib.StaticUserWebFilter$StaticUserFilter) to context static
s3g_1       | 	at org.eclipse.jetty.server.handler.ContextHandler.doHandle(ContextHandler.java:1180)
datanode_2  | 2019-10-24 03:31:52,544 [pool-8-thread-1] INFO       - group-D5529B1614F7: The snapshot info is null. Setting the last applied indexto:(t:0, i:~)
scm_1       | 2019-10-24 03:31:49,222 INFO ipc.Server: IPC Server Responder: starting
datanode_3  | 2019-10-24 03:31:53,033 INFO segmented.SegmentedRaftLogWorker: new 741134fb-46f3-4c5d-9bbe-ea1bcffe59ab@group-C12A9437EABE-SegmentedRaftLogWorker for RaftStorage:Storage Directory /data/metadata/ratis/f34c7714-2384-411f-b885-c12a9437eabe
datanode_1  | 2019-10-24 03:31:53,507 INFO server.RaftServerConfigKeys: raft.server.log.use.memory = false (default)
om_1        | 2019-10-24 03:31:53,212 INFO http.HttpServer2: Added filter static_user_filter (class=org.apache.hadoop.http.lib.StaticUserWebFilter$StaticUserFilter) to context logs
s3g_1       | 	at org.eclipse.jetty.servlet.ServletHandler.doScope(ServletHandler.java:513)
scm_1       | 2019-10-24 03:31:49,222 INFO ipc.Server: IPC Server listener on 9863: starting
datanode_2  | 2019-10-24 03:31:52,544 INFO server.RaftServerConfigKeys: raft.server.notification.no-leader.timeout = 120s (custom)
datanode_3  | 2019-10-24 03:31:53,033 INFO server.RaftServerConfigKeys: raft.server.log.queue.byte-limit = 2147483647 (custom)
om_1        | 2019-10-24 03:31:53,248 INFO http.HttpServer2: Jetty bound to port 9874
s3g_1       | 	at org.eclipse.jetty.server.session.SessionHandler.doScope(SessionHandler.java:185)
scm_1       | 2019-10-24 03:31:49,225 INFO server.StorageContainerManager: ScmDatanodeProtocl RPC server is listening at /0.0.0.0:9861
om_1        | 2019-10-24 03:31:53,249 INFO server.Server: jetty-9.3.25.v20180904, build timestamp: 2018-09-04T21:11:46Z, git hash: 3ce520221d0240229c862b122d2b06c12a625732
datanode_2  | 2019-10-24 03:31:52,546 INFO server.RaftServerConfigKeys: raft.server.log.use.memory = false (default)
datanode_1  | 2019-10-24 03:31:53,511 INFO server.RaftServerConfigKeys: raft.server.log.purge.gap = 1000000 (custom)
s3g_1       | 	at org.eclipse.jetty.server.handler.ContextHandler.doScope(ContextHandler.java:1112)
scm_1       | 2019-10-24 03:31:49,225 INFO server.SCMDatanodeProtocolServer: RPC server for DataNodes is listening at /0.0.0.0:9861
datanode_3  | 2019-10-24 03:31:53,033 INFO server.RaftServerConfigKeys: raft.server.log.queue.element-limit = 1024 (custom)
om_1        | 2019-10-24 03:31:53,285 INFO handler.ContextHandler: Started o.e.j.s.ServletContextHandler@600f5704{/logs,file:///var/log/hadoop/,AVAILABLE}
datanode_2  | 2019-10-24 03:31:52,550 INFO server.RaftServerConfigKeys: raft.server.log.purge.gap = 1000000 (custom)
s3g_1       | 	at org.eclipse.jetty.server.handler.ScopedHandler.handle(ScopedHandler.java:141)
scm_1       | 2019-10-24 03:31:49,227 INFO ipc.Server: IPC Server Responder: starting
datanode_3  | 2019-10-24 03:31:53,034 INFO server.RaftServerConfigKeys: raft.server.log.segment.size.max = 1048576 (custom)
datanode_1  | 2019-10-24 03:31:53,511 INFO server.RaftServerConfigKeys: raft.server.log.appender.buffer.byte-limit = 33554432 (custom)
om_1        | 2019-10-24 03:31:53,285 INFO handler.ContextHandler: Started o.e.j.s.ServletContextHandler@4288d98e{/static,jar:file:/opt/hadoop/share/ozone/lib/hadoop-ozone-ozone-manager-0.5.0-SNAPSHOT.jar!/webapps/static,AVAILABLE}
datanode_2  | 2019-10-24 03:31:52,550 INFO server.RaftServerConfigKeys: raft.server.log.appender.buffer.byte-limit = 33554432 (custom)
s3g_1       | 	at org.eclipse.jetty.server.handler.HandlerCollection.handle(HandlerCollection.java:119)
scm_1       | 2019-10-24 03:31:49,227 INFO ipc.Server: IPC Server listener on 9861: starting
datanode_3  | 2019-10-24 03:31:53,035 INFO server.RaftServerConfigKeys: raft.server.log.preallocated.size = 16384 (custom)
datanode_1  | 2019-10-24 03:31:53,512 INFO server.RaftServerConfigKeys: raft.server.log.segment.size.max = 1048576 (custom)
om_1        | 2019-10-24 03:31:53,384 INFO handler.ContextHandler: Started o.e.j.w.WebAppContext@2596d7f4{/,file:///tmp/jetty-0.0.0.0-9874-ozoneManager-_-any-4692024392241088211.dir/webapp/,AVAILABLE}{/ozoneManager}
datanode_2  | 2019-10-24 03:31:52,552 INFO server.RaftServerConfigKeys: raft.server.log.segment.size.max = 1048576 (custom)
s3g_1       | 	at org.eclipse.jetty.server.handler.HandlerWrapper.handle(HandlerWrapper.java:134)
scm_1       | 2019-10-24 03:31:49,231 INFO http.HttpServer2: Jetty bound to port 9876
datanode_3  | 2019-10-24 03:31:53,035 INFO server.RaftServerConfigKeys: raft.server.log.write.buffer.size = 33554432 (custom)
datanode_1  | 2019-10-24 03:31:53,519 INFO metrics.MetricRegistries: Loaded MetricRegistries class org.apache.ratis.metrics.impl.MetricRegistriesImpl
datanode_2  | 2019-10-24 03:31:52,557 INFO metrics.MetricRegistries: Loaded MetricRegistries class org.apache.ratis.metrics.impl.MetricRegistriesImpl
om_1        | 2019-10-24 03:31:53,389 INFO server.AbstractConnector: Started ServerConnector@44fff386{HTTP/1.1,[http/1.1]}{0.0.0.0:9874}
s3g_1       | 	at org.eclipse.jetty.server.Server.handle(Server.java:539)
scm_1       | 2019-10-24 03:31:49,233 INFO server.Server: jetty-9.3.25.v20180904, build timestamp: 2018-09-04T21:11:46Z, git hash: 3ce520221d0240229c862b122d2b06c12a625732
datanode_3  | 2019-10-24 03:31:53,035 INFO server.RaftServerConfigKeys: raft.server.log.force.sync.num = 128 (default)
datanode_1  | 2019-10-24 03:31:53,523 WARN impl.MetricRegistriesImpl: First MetricRegistry has been created without registering reporters. You may need to call MetricRegistries.global().addReportRegistration(...) before.
datanode_2  | 2019-10-24 03:31:52,560 WARN impl.MetricRegistriesImpl: First MetricRegistry has been created without registering reporters. You may need to call MetricRegistries.global().addReportRegistration(...) before.
om_1        | 2019-10-24 03:31:53,389 INFO server.Server: Started @3731ms
s3g_1       | 	at org.eclipse.jetty.server.HttpChannel.handle(HttpChannel.java:333)
scm_1       | 2019-10-24 03:31:49,267 INFO handler.ContextHandler: Started o.e.j.s.ServletContextHandler@78830d9a{/logs,file:///var/log/hadoop/,AVAILABLE}
datanode_3  | 2019-10-24 03:31:53,036 INFO server.RaftServerConfigKeys: raft.server.log.statemachine.data.sync = true (default)
datanode_1  | 2019-10-24 03:31:53,527 INFO server.RaftServerConfigKeys: raft.server.log.segment.cache.num.max = 2 (custom)
datanode_2  | 2019-10-24 03:31:52,564 INFO server.RaftServerConfigKeys: raft.server.log.segment.cache.num.max = 2 (custom)
om_1        | 2019-10-24 03:31:53,392 INFO impl.MetricsSinkAdapter: Sink prometheus started
s3g_1       | 	at org.eclipse.jetty.server.HttpConnection.onFillable(HttpConnection.java:251)
scm_1       | 2019-10-24 03:31:49,268 INFO handler.ContextHandler: Started o.e.j.s.ServletContextHandler@7ad54c55{/static,jar:file:/opt/hadoop/share/ozone/lib/hadoop-hdds-server-scm-0.5.0-SNAPSHOT.jar!/webapps/static,AVAILABLE}
datanode_3  | 2019-10-24 03:31:53,036 INFO server.RaftServerConfigKeys: raft.server.log.statemachine.data.sync.timeout = 10s (default)
datanode_1  | 2019-10-24 03:31:53,531 INFO segmented.SegmentedRaftLogWorker: new 69055448-968d-4167-a78c-820350ffa437@group-60437EBE40C9-SegmentedRaftLogWorker for RaftStorage:Storage Directory /data/metadata/ratis/c5b03664-c73d-45f6-8da4-60437ebe40c9
datanode_2  | 2019-10-24 03:31:52,568 INFO segmented.SegmentedRaftLogWorker: new 384c1823-f15b-4249-9303-0e740ebe5d4e@group-D5529B1614F7-SegmentedRaftLogWorker for RaftStorage:Storage Directory /data/metadata/ratis/a11b5002-6e29-479c-b6a2-d5529b1614f7
om_1        | 2019-10-24 03:31:53,392 INFO impl.MetricsSystemImpl: Registered sink prometheus
s3g_1       | 	at org.eclipse.jetty.io.AbstractConnection$ReadCallback.succeeded(AbstractConnection.java:283)
scm_1       | 2019-10-24 03:31:49,344 INFO handler.ContextHandler: Started o.e.j.w.WebAppContext@62db3891{/,file:///tmp/jetty-0.0.0.0-9876-scm-_-any-7980999258146209565.dir/webapp/,AVAILABLE}{/scm}
datanode_3  | 2019-10-24 03:31:53,036 INFO server.RaftServerConfigKeys: raft.server.log.statemachine.data.sync.timeout.retry = -1 (default)
datanode_1  | 2019-10-24 03:31:53,532 INFO server.RaftServerConfigKeys: raft.server.log.queue.byte-limit = 2147483647 (custom)
datanode_2  | 2019-10-24 03:31:52,568 INFO server.RaftServerConfigKeys: raft.server.log.queue.byte-limit = 2147483647 (custom)
om_1        | 2019-10-24 03:31:53,393 INFO server.BaseHttpServer: HTTP server of OZONEMANAGER is listening at http://0.0.0.0:9874
s3g_1       | 	at org.eclipse.jetty.io.FillInterest.fillable(FillInterest.java:108)
scm_1       | 2019-10-24 03:31:49,350 INFO server.AbstractConnector: Started ServerConnector@761e788f{HTTP/1.1,[http/1.1]}{0.0.0.0:9876}
datanode_3  | 2019-10-24 03:31:53,043 INFO server.RaftServerConfigKeys: raft.server.log.statemachine.data.caching.enabled = true (custom)
datanode_1  | 2019-10-24 03:31:53,532 INFO server.RaftServerConfigKeys: raft.server.log.queue.element-limit = 1024 (custom)
datanode_2  | 2019-10-24 03:31:52,569 INFO server.RaftServerConfigKeys: raft.server.log.queue.element-limit = 1024 (custom)
om_1        | 2019-10-24 03:32:07,611 [IPC Server handler 3 on 9862] INFO       - created volume:vol-0-74219 for user:hadoop
s3g_1       | 	at org.eclipse.jetty.io.SelectChannelEndPoint$2.run(SelectChannelEndPoint.java:93)
scm_1       | 2019-10-24 03:31:49,350 INFO server.Server: Started @3705ms
datanode_3  | 2019-10-24 03:31:53,047 INFO segmented.SegmentedRaftLogWorker: 741134fb-46f3-4c5d-9bbe-ea1bcffe59ab@group-C12A9437EABE-SegmentedRaftLogWorker: flushIndex: setUnconditionally 0 -> -1
datanode_1  | 2019-10-24 03:31:53,533 INFO server.RaftServerConfigKeys: raft.server.log.segment.size.max = 1048576 (custom)
datanode_2  | 2019-10-24 03:31:52,570 INFO server.RaftServerConfigKeys: raft.server.log.segment.size.max = 1048576 (custom)
om_1        | 2019-10-24 03:32:07,669 [IPC Server handler 0 on 9862] INFO       - created volume:vol-1-53474 for user:hadoop
scm_1       | 2019-10-24 03:31:49,353 INFO impl.MetricsSinkAdapter: Sink prometheus started
s3g_1       | 	at org.eclipse.jetty.util.thread.strategy.ExecuteProduceConsume.executeProduceConsume(ExecuteProduceConsume.java:303)
datanode_3  | 2019-10-24 03:31:53,051 INFO server.RaftServerConfigKeys: raft.server.snapshot.auto.trigger.enabled = true (custom)
datanode_1  | 2019-10-24 03:31:53,533 INFO server.RaftServerConfigKeys: raft.server.log.preallocated.size = 16384 (custom)
datanode_2  | 2019-10-24 03:31:52,570 INFO server.RaftServerConfigKeys: raft.server.log.preallocated.size = 16384 (custom)
om_1        | 2019-10-24 03:32:07,712 [IPC Server handler 2 on 9862] INFO       - created volume:vol-2-27359 for user:hadoop
scm_1       | 2019-10-24 03:31:49,353 INFO impl.MetricsSystemImpl: Registered sink prometheus
s3g_1       | 	at org.eclipse.jetty.util.thread.strategy.ExecuteProduceConsume.produceConsume(ExecuteProduceConsume.java:148)
datanode_3  | 2019-10-24 03:31:53,051 INFO server.RaftServerConfigKeys: raft.server.snapshot.auto.trigger.threshold = 10000 (custom)
datanode_1  | 2019-10-24 03:31:53,534 INFO server.RaftServerConfigKeys: raft.server.log.write.buffer.size = 33554432 (custom)
datanode_2  | 2019-10-24 03:31:52,570 INFO server.RaftServerConfigKeys: raft.server.log.write.buffer.size = 33554432 (custom)
om_1        | 2019-10-24 03:32:07,747 [IPC Server handler 5 on 9862] INFO       - created volume:vol-3-44208 for user:hadoop
scm_1       | 2019-10-24 03:31:49,355 INFO server.BaseHttpServer: HTTP server of SCM is listening at http://0.0.0.0:9876
datanode_3  | 2019-10-24 03:31:53,052 INFO server.RaftServerConfigKeys: raft.server.snapshot.retention.file.num = 5 (custom)
s3g_1       | 	at org.eclipse.jetty.util.thread.strategy.ExecuteProduceConsume.run(ExecuteProduceConsume.java:136)
datanode_1  | 2019-10-24 03:31:53,534 INFO server.RaftServerConfigKeys: raft.server.log.force.sync.num = 128 (default)
datanode_2  | 2019-10-24 03:31:52,571 INFO server.RaftServerConfigKeys: raft.server.log.force.sync.num = 128 (default)
scm_1       | 2019-10-24 03:31:49,362 INFO util.JvmPauseMonitor: Starting JVM pause monitor
datanode_3  | 2019-10-24 03:31:53,052 INFO server.RaftServerConfigKeys: raft.server.retrycache.expirytime = 600000ms (custom)
om_1        | 2019-10-24 03:32:07,779 [IPC Server handler 8 on 9862] INFO       - created volume:vol-4-50251 for user:hadoop
s3g_1       | 	at org.eclipse.jetty.util.thread.QueuedThreadPool.runJob(QueuedThreadPool.java:671)
datanode_2  | 2019-10-24 03:31:52,571 INFO server.RaftServerConfigKeys: raft.server.log.statemachine.data.sync = true (default)
datanode_1  | 2019-10-24 03:31:53,535 INFO server.RaftServerConfigKeys: raft.server.log.statemachine.data.sync = true (default)
scm_1       | 2019-10-24 03:31:51,653 INFO net.NetworkTopology: Added a new node: /default-rack/384c1823-f15b-4249-9303-0e740ebe5d4e
datanode_3  | 2019-10-24 03:31:53,067 WARN impl.MetricRegistriesImpl: First MetricRegistry has been created without registering reporters. You may need to call MetricRegistries.global().addReportRegistration(...) before.
s3g_1       | 	at org.eclipse.jetty.util.thread.QueuedThreadPool$2.run(QueuedThreadPool.java:589)
datanode_2  | 2019-10-24 03:31:52,571 INFO server.RaftServerConfigKeys: raft.server.log.statemachine.data.sync.timeout = 10s (default)
datanode_1  | 2019-10-24 03:31:53,535 INFO server.RaftServerConfigKeys: raft.server.log.statemachine.data.sync.timeout = 10s (default)
datanode_3  | 2019-10-24 03:31:53,069 WARN impl.MetricRegistriesImpl: First MetricRegistry has been created without registering reporters. You may need to call MetricRegistries.global().addReportRegistration(...) before.
s3g_1       | 	at java.base/java.lang.Thread.run(Thread.java:834)
datanode_2  | 2019-10-24 03:31:52,572 INFO server.RaftServerConfigKeys: raft.server.log.statemachine.data.sync.timeout.retry = -1 (default)
datanode_1  | 2019-10-24 03:31:53,535 INFO server.RaftServerConfigKeys: raft.server.log.statemachine.data.sync.timeout.retry = -1 (default)
datanode_3  | 2019-10-24 03:31:53,070 INFO impl.RaftServerImpl: 741134fb-46f3-4c5d-9bbe-ea1bcffe59ab@group-C12A9437EABE: start as a follower, conf=-1: [741134fb-46f3-4c5d-9bbe-ea1bcffe59ab:172.18.0.7:9858], old=null
scm_1       | 2019-10-24 03:31:51,654 INFO node.SCMNodeManager: Registered Data node : 384c1823-f15b-4249-9303-0e740ebe5d4e{ip: 172.18.0.2, host: ozones3_datanode_2.ozones3_default, networkLocation: /default-rack, certSerialId: null}
s3g_1       | 2019-10-24 03:33:28,971 [qtp1149377174-30] INFO       - Location is /bucket-55755
om_1        | 2019-10-24 03:33:20,977 [IPC Server handler 14 on 9862] ERROR      - S3Bucket Creation Failed for userName: 7c35ba70126b04fca007e4dbfab9c47c, s3BucketName bucket-62633, VolumeName s37c35ba70126b04fca007e4dbfab9c47c
datanode_2  | 2019-10-24 03:31:52,578 INFO server.RaftServerConfigKeys: raft.server.log.statemachine.data.caching.enabled = true (custom)
datanode_1  | 2019-10-24 03:31:53,542 INFO server.RaftServerConfigKeys: raft.server.log.statemachine.data.caching.enabled = true (custom)
datanode_3  | 2019-10-24 03:31:53,071 INFO impl.RaftServerImpl: 741134fb-46f3-4c5d-9bbe-ea1bcffe59ab@group-C12A9437EABE: changes role from      null to FOLLOWER at term 0 for startAsFollower
om_1        | 2019-10-24 03:33:51,825 [IPC Server handler 17 on 9862] ERROR      - MultipartUpload: /s37c35ba70126b04fca007e4dbfab9c47c/bucket-48694/multipartKey2Part number: 1size 6 is less than minimum part size 5242880
s3g_1       | 2019-10-24 03:33:32,846 [qtp1149377174-28] INFO       - Location is /bucket-48694
scm_1       | 2019-10-24 03:31:51,657 INFO safemode.SCMSafeModeManager: SCM in safe mode. 1 DataNodes registered, 1 required.
datanode_2  | 2019-10-24 03:31:52,582 INFO segmented.SegmentedRaftLogWorker: 384c1823-f15b-4249-9303-0e740ebe5d4e@group-D5529B1614F7-SegmentedRaftLogWorker: flushIndex: setUnconditionally 0 -> -1
datanode_1  | 2019-10-24 03:31:53,545 INFO segmented.SegmentedRaftLogWorker: 69055448-968d-4167-a78c-820350ffa437@group-60437EBE40C9-SegmentedRaftLogWorker: flushIndex: setUnconditionally 0 -> -1
datanode_3  | 2019-10-24 03:31:53,072 INFO impl.RoleInfo: 741134fb-46f3-4c5d-9bbe-ea1bcffe59ab: start FollowerState
om_1        | 2019-10-24 03:33:51,827 [IPC Server handler 17 on 9862] ERROR      - MultipartUpload Complete request failed for Key: multipartKey2 in Volume/Bucket s37c35ba70126b04fca007e4dbfab9c47c/bucket-48694
s3g_1       | 2019-10-24 03:33:34,980 [qtp1149377174-28] INFO       - Allocating block with ExcludeList {datanodes = [], containerIds = [], pipelineIds = []}
scm_1       | 2019-10-24 03:31:51,658 INFO safemode.SCMSafeModeManager: ScmSafeModeManager, all rules are successfully validated
datanode_2  | 2019-10-24 03:31:52,586 INFO server.RaftServerConfigKeys: raft.server.snapshot.auto.trigger.enabled = true (custom)
datanode_1  | 2019-10-24 03:31:53,549 INFO server.RaftServerConfigKeys: raft.server.snapshot.auto.trigger.enabled = true (custom)
datanode_3  | 2019-10-24 03:31:53,075 INFO util.JmxRegister: Successfully registered JMX Bean with object name Ratis:service=RaftServer,group=group-C12A9437EABE,id=741134fb-46f3-4c5d-9bbe-ea1bcffe59ab
om_1        | ENTITY_TOO_SMALL org.apache.hadoop.ozone.om.exceptions.OMException: Complete Multipart Upload Failed: Entity too small: volume: s37c35ba70126b04fca007e4dbfab9c47cbucket: bucket-48694key: multipartKey2
s3g_1       | 2019-10-24 03:33:36,381 [qtp1149377174-30] INFO       - Allocating block with ExcludeList {datanodes = [], containerIds = [], pipelineIds = []}
scm_1       | 2019-10-24 03:31:51,658 INFO safemode.SCMSafeModeManager: SCM exiting safe mode.
datanode_2  | 2019-10-24 03:31:52,586 INFO server.RaftServerConfigKeys: raft.server.snapshot.auto.trigger.threshold = 10000 (custom)
datanode_1  | 2019-10-24 03:31:53,550 INFO server.RaftServerConfigKeys: raft.server.snapshot.auto.trigger.threshold = 10000 (custom)
datanode_3  | 2019-10-24 03:31:53,077 WARN impl.MetricRegistriesImpl: First MetricRegistry has been created without registering reporters. You may need to call MetricRegistries.global().addReportRegistration(...) before.
om_1        | 	at org.apache.hadoop.ozone.om.request.s3.multipart.S3MultipartUploadCompleteRequest.validateAndUpdateCache(S3MultipartUploadCompleteRequest.java:209)
s3g_1       | 2019-10-24 03:33:40,573 [qtp1149377174-105] INFO       - Allocating block with ExcludeList {datanodes = [], containerIds = [], pipelineIds = []}
scm_1       | 2019-10-24 03:31:52,186 INFO net.NetworkTopology: Added a new node: /default-rack/741134fb-46f3-4c5d-9bbe-ea1bcffe59ab
datanode_2  | 2019-10-24 03:31:52,587 INFO server.RaftServerConfigKeys: raft.server.snapshot.retention.file.num = 5 (custom)
datanode_1  | 2019-10-24 03:31:53,550 INFO server.RaftServerConfigKeys: raft.server.snapshot.retention.file.num = 5 (custom)
datanode_3  | 2019-10-24 03:31:53,656 INFO impl.RaftServerProxy: 741134fb-46f3-4c5d-9bbe-ea1bcffe59ab: addNew group-2D11501BA619:[741134fb-46f3-4c5d-9bbe-ea1bcffe59ab:172.18.0.7:9858, 384c1823-f15b-4249-9303-0e740ebe5d4e:172.18.0.2:9858, 69055448-968d-4167-a78c-820350ffa437:172.18.0.4:9858] returns group-2D11501BA619:java.util.concurrent.CompletableFuture@1c62e1e5[Not completed]
om_1        | 	at org.apache.hadoop.ozone.protocolPB.OzoneManagerProtocolServerSideTranslatorPB.submitRequestDirectlyToOM(OzoneManagerProtocolServerSideTranslatorPB.java:228)
s3g_1       | 2019-10-24 03:33:41,534 [qtp1149377174-29] INFO       - Allocating block with ExcludeList {datanodes = [], containerIds = [], pipelineIds = []}
scm_1       | 2019-10-24 03:31:52,196 INFO node.SCMNodeManager: Registered Data node : 741134fb-46f3-4c5d-9bbe-ea1bcffe59ab{ip: 172.18.0.7, host: ozones3_datanode_3.ozones3_default, networkLocation: /default-rack, certSerialId: null}
datanode_2  | 2019-10-24 03:31:52,587 INFO server.RaftServerConfigKeys: raft.server.retrycache.expirytime = 600000ms (custom)
datanode_1  | 2019-10-24 03:31:53,551 INFO server.RaftServerConfigKeys: raft.server.retrycache.expirytime = 600000ms (custom)
datanode_3  | 2019-10-24 03:31:53,661 INFO impl.RaftServerImpl: 741134fb-46f3-4c5d-9bbe-ea1bcffe59ab: new RaftServerImpl for group-2D11501BA619:[741134fb-46f3-4c5d-9bbe-ea1bcffe59ab:172.18.0.7:9858, 384c1823-f15b-4249-9303-0e740ebe5d4e:172.18.0.2:9858, 69055448-968d-4167-a78c-820350ffa437:172.18.0.4:9858] with ContainerStateMachine:uninitialized
om_1        | 	at org.apache.hadoop.ozone.protocolPB.OzoneManagerProtocolServerSideTranslatorPB.processRequest(OzoneManagerProtocolServerSideTranslatorPB.java:134)
s3g_1       | 2019-10-24 03:33:47,553 [qtp1149377174-28] INFO       - Allocating block with ExcludeList {datanodes = [], containerIds = [], pipelineIds = []}
scm_1       | WARNING: An illegal reflective access operation has occurred
datanode_2  | 2019-10-24 03:31:52,602 WARN impl.MetricRegistriesImpl: First MetricRegistry has been created without registering reporters. You may need to call MetricRegistries.global().addReportRegistration(...) before.
datanode_1  | 2019-10-24 03:31:53,565 WARN impl.MetricRegistriesImpl: First MetricRegistry has been created without registering reporters. You may need to call MetricRegistries.global().addReportRegistration(...) before.
datanode_3  | 2019-10-24 03:31:53,661 INFO server.RaftServerConfigKeys: raft.server.rpc.timeout.min = 5s (custom)
om_1        | 	at org.apache.hadoop.hdds.server.OzoneProtocolMessageDispatcher.processRequest(OzoneProtocolMessageDispatcher.java:72)
s3g_1       | 2019-10-24 03:33:50,984 [qtp1149377174-104] INFO       - Allocating block with ExcludeList {datanodes = [], containerIds = [], pipelineIds = []}
scm_1       | WARNING: Illegal reflective access by org.apache.ratis.thirdparty.com.google.protobuf.UnsafeUtil (file:/opt/hadoop/share/ozone/lib/ratis-thirdparty-misc-0.2.0.jar) to field java.nio.Buffer.address
datanode_2  | 2019-10-24 03:31:52,603 WARN impl.MetricRegistriesImpl: First MetricRegistry has been created without registering reporters. You may need to call MetricRegistries.global().addReportRegistration(...) before.
datanode_1  | 2019-10-24 03:31:53,566 WARN impl.MetricRegistriesImpl: First MetricRegistry has been created without registering reporters. You may need to call MetricRegistries.global().addReportRegistration(...) before.
datanode_3  | 2019-10-24 03:31:53,661 INFO server.RaftServerConfigKeys: raft.server.rpc.timeout.max = 5200ms (custom)
om_1        | 	at org.apache.hadoop.ozone.protocolPB.OzoneManagerProtocolServerSideTranslatorPB.submitRequest(OzoneManagerProtocolServerSideTranslatorPB.java:102)
s3g_1       | 2019-10-24 03:33:51,849 [qtp1149377174-149] ERROR      - Error in Complete Multipart Upload Request for bucket: bucket-48694, key: multipartKey2
scm_1       | WARNING: Please consider reporting this to the maintainers of org.apache.ratis.thirdparty.com.google.protobuf.UnsafeUtil
datanode_2  | 2019-10-24 03:31:52,604 INFO impl.RaftServerImpl: 384c1823-f15b-4249-9303-0e740ebe5d4e@group-D5529B1614F7: start as a follower, conf=-1: [384c1823-f15b-4249-9303-0e740ebe5d4e:172.18.0.2:9858], old=null
datanode_1  | 2019-10-24 03:31:53,567 INFO impl.RaftServerImpl: 69055448-968d-4167-a78c-820350ffa437@group-60437EBE40C9: start as a follower, conf=-1: [69055448-968d-4167-a78c-820350ffa437:172.18.0.4:9858], old=null
datanode_3  | 2019-10-24 03:31:53,662 INFO server.RaftServerConfigKeys: raft.server.rpcslowness.timeout = 120s (custom)
s3g_1       | ENTITY_TOO_SMALL org.apache.hadoop.ozone.om.exceptions.OMException: Complete Multipart Upload Failed: Entity too small: volume: s37c35ba70126b04fca007e4dbfab9c47cbucket: bucket-48694key: multipartKey2
om_1        | 	at org.apache.hadoop.ozone.protocol.proto.OzoneManagerProtocolProtos$OzoneManagerService$2.callBlockingMethod(OzoneManagerProtocolProtos.java)
scm_1       | WARNING: Use --illegal-access=warn to enable warnings of further illegal reflective access operations
datanode_1  | 2019-10-24 03:31:53,568 INFO impl.RaftServerImpl: 69055448-968d-4167-a78c-820350ffa437@group-60437EBE40C9: changes role from      null to FOLLOWER at term 0 for startAsFollower
s3g_1       | 	at org.apache.hadoop.ozone.om.protocolPB.OzoneManagerProtocolClientSideTranslatorPB.handleError(OzoneManagerProtocolClientSideTranslatorPB.java:732)
datanode_3  | 2019-10-24 03:31:53,662 INFO server.RaftServerConfigKeys: raft.server.sleep.deviation.threshold = 300 (default)
datanode_2  | 2019-10-24 03:31:52,605 INFO impl.RaftServerImpl: 384c1823-f15b-4249-9303-0e740ebe5d4e@group-D5529B1614F7: changes role from      null to FOLLOWER at term 0 for startAsFollower
om_1        | 	at org.apache.hadoop.ipc.ProtobufRpcEngine$Server$ProtoBufRpcInvoker.call(ProtobufRpcEngine.java:524)
datanode_1  | 2019-10-24 03:31:53,569 INFO impl.RoleInfo: 69055448-968d-4167-a78c-820350ffa437: start FollowerState
s3g_1       | 	at org.apache.hadoop.ozone.om.protocolPB.OzoneManagerProtocolClientSideTranslatorPB.completeMultipartUpload(OzoneManagerProtocolClientSideTranslatorPB.java:1104)
datanode_3  | 2019-10-24 03:31:53,662 INFO server.RaftServerConfigKeys: raft.server.log.appender.install.snapshot.enabled = false (custom)
datanode_2  | 2019-10-24 03:31:52,606 INFO impl.RoleInfo: 384c1823-f15b-4249-9303-0e740ebe5d4e: start FollowerState
scm_1       | WARNING: All illegal access operations will be denied in a future release
om_1        | 	at org.apache.hadoop.ipc.RPC$Server.call(RPC.java:1025)
datanode_1  | 2019-10-24 03:31:53,573 INFO util.JmxRegister: Successfully registered JMX Bean with object name Ratis:service=RaftServer,group=group-60437EBE40C9,id=69055448-968d-4167-a78c-820350ffa437
datanode_3  | 2019-10-24 03:31:53,662 INFO impl.RaftServerImpl: 741134fb-46f3-4c5d-9bbe-ea1bcffe59ab@group-2D11501BA619: ConfigurationManager, init=-1: [741134fb-46f3-4c5d-9bbe-ea1bcffe59ab:172.18.0.7:9858, 384c1823-f15b-4249-9303-0e740ebe5d4e:172.18.0.2:9858, 69055448-968d-4167-a78c-820350ffa437:172.18.0.4:9858], old=null, confs=<EMPTY_MAP>
s3g_1       | 	at java.base/jdk.internal.reflect.NativeMethodAccessorImpl.invoke0(Native Method)
datanode_2  | 2019-10-24 03:31:52,610 INFO util.JmxRegister: Successfully registered JMX Bean with object name Ratis:service=RaftServer,group=group-D5529B1614F7,id=384c1823-f15b-4249-9303-0e740ebe5d4e
scm_1       | 2019-10-24 03:31:52,686 INFO pipeline.PipelineStateManager: Created pipeline Pipeline[ Id: a11b5002-6e29-479c-b6a2-d5529b1614f7, Nodes: 384c1823-f15b-4249-9303-0e740ebe5d4e{ip: 172.18.0.2, host: ozones3_datanode_2.ozones3_default, networkLocation: /default-rack, certSerialId: null}, Type:RATIS, Factor:ONE, State:OPEN]
datanode_1  | 2019-10-24 03:31:53,574 WARN impl.MetricRegistriesImpl: First MetricRegistry has been created without registering reporters. You may need to call MetricRegistries.global().addReportRegistration(...) before.
datanode_3  | 2019-10-24 03:31:53,663 INFO server.RaftServerConfigKeys: raft.server.storage.dir = [/data/metadata/ratis] (custom)
s3g_1       | 	at java.base/jdk.internal.reflect.NativeMethodAccessorImpl.invoke(NativeMethodAccessorImpl.java:62)
om_1        | 	at org.apache.hadoop.ipc.Server$RpcCall.run(Server.java:876)
datanode_2  | 2019-10-24 03:31:52,611 WARN impl.MetricRegistriesImpl: First MetricRegistry has been created without registering reporters. You may need to call MetricRegistries.global().addReportRegistration(...) before.
scm_1       | 2019-10-24 03:31:52,922 INFO net.NetworkTopology: Added a new node: /default-rack/69055448-968d-4167-a78c-820350ffa437
datanode_1  | 2019-10-24 03:31:53,673 INFO impl.RaftServerProxy: 69055448-968d-4167-a78c-820350ffa437: addNew group-2D11501BA619:[741134fb-46f3-4c5d-9bbe-ea1bcffe59ab:172.18.0.7:9858, 384c1823-f15b-4249-9303-0e740ebe5d4e:172.18.0.2:9858, 69055448-968d-4167-a78c-820350ffa437:172.18.0.4:9858] returns group-2D11501BA619:java.util.concurrent.CompletableFuture@34e5b852[Not completed]
datanode_3  | 2019-10-24 03:31:53,663 INFO server.RaftServerConfigKeys: raft.server.log.corruption.policy = EXCEPTION (default)
s3g_1       | 	at java.base/jdk.internal.reflect.DelegatingMethodAccessorImpl.invoke(DelegatingMethodAccessorImpl.java:43)
om_1        | 	at org.apache.hadoop.ipc.Server$RpcCall.run(Server.java:822)
datanode_2  | 2019-10-24 03:31:53,674 INFO impl.RaftServerProxy: 384c1823-f15b-4249-9303-0e740ebe5d4e: addNew group-2D11501BA619:[741134fb-46f3-4c5d-9bbe-ea1bcffe59ab:172.18.0.7:9858, 384c1823-f15b-4249-9303-0e740ebe5d4e:172.18.0.2:9858, 69055448-968d-4167-a78c-820350ffa437:172.18.0.4:9858] returns group-2D11501BA619:java.util.concurrent.CompletableFuture@347c7b90[Not completed]
scm_1       | 2019-10-24 03:31:52,922 INFO node.SCMNodeManager: Registered Data node : 69055448-968d-4167-a78c-820350ffa437{ip: 172.18.0.4, host: ozones3_datanode_1.ozones3_default, networkLocation: /default-rack, certSerialId: null}
datanode_1  | 2019-10-24 03:31:53,677 INFO impl.RaftServerImpl: 69055448-968d-4167-a78c-820350ffa437: new RaftServerImpl for group-2D11501BA619:[741134fb-46f3-4c5d-9bbe-ea1bcffe59ab:172.18.0.7:9858, 384c1823-f15b-4249-9303-0e740ebe5d4e:172.18.0.2:9858, 69055448-968d-4167-a78c-820350ffa437:172.18.0.4:9858] with ContainerStateMachine:uninitialized
datanode_3  | 2019-10-24 03:31:53,663 INFO storage.RaftStorageDirectory: The storage directory /data/metadata/ratis/dfb1bf11-71fa-4a4b-a801-2d11501ba619 does not exist. Creating ...
s3g_1       | 	at java.base/java.lang.reflect.Method.invoke(Method.java:566)
om_1        | 	at java.base/java.security.AccessController.doPrivileged(Native Method)
datanode_2  | 2019-10-24 03:31:53,677 INFO impl.RaftServerImpl: 384c1823-f15b-4249-9303-0e740ebe5d4e: new RaftServerImpl for group-2D11501BA619:[741134fb-46f3-4c5d-9bbe-ea1bcffe59ab:172.18.0.7:9858, 384c1823-f15b-4249-9303-0e740ebe5d4e:172.18.0.2:9858, 69055448-968d-4167-a78c-820350ffa437:172.18.0.4:9858] with ContainerStateMachine:uninitialized
scm_1       | 2019-10-24 03:31:53,124 INFO pipeline.PipelineStateManager: Created pipeline Pipeline[ Id: f34c7714-2384-411f-b885-c12a9437eabe, Nodes: 741134fb-46f3-4c5d-9bbe-ea1bcffe59ab{ip: 172.18.0.7, host: ozones3_datanode_3.ozones3_default, networkLocation: /default-rack, certSerialId: null}, Type:RATIS, Factor:ONE, State:OPEN]
datanode_1  | 2019-10-24 03:31:53,677 INFO server.RaftServerConfigKeys: raft.server.rpc.timeout.min = 5s (custom)
datanode_3  | 2019-10-24 03:31:53,699 INFO storage.RaftStorageDirectory: Lock on /data/metadata/ratis/dfb1bf11-71fa-4a4b-a801-2d11501ba619/in_use.lock acquired by nodename 7@74af3c3e967e
s3g_1       | 	at org.apache.hadoop.hdds.tracing.TraceAllMethod.invoke(TraceAllMethod.java:66)
om_1        | 	at java.base/javax.security.auth.Subject.doAs(Subject.java:423)
datanode_2  | 2019-10-24 03:31:53,677 INFO server.RaftServerConfigKeys: raft.server.rpc.timeout.min = 5s (custom)
scm_1       | 2019-10-24 03:31:53,619 INFO pipeline.PipelineStateManager: Created pipeline Pipeline[ Id: c5b03664-c73d-45f6-8da4-60437ebe40c9, Nodes: 69055448-968d-4167-a78c-820350ffa437{ip: 172.18.0.4, host: ozones3_datanode_1.ozones3_default, networkLocation: /default-rack, certSerialId: null}, Type:RATIS, Factor:ONE, State:OPEN]
datanode_1  | 2019-10-24 03:31:53,677 INFO server.RaftServerConfigKeys: raft.server.rpc.timeout.max = 5200ms (custom)
datanode_3  | 2019-10-24 03:31:53,725 INFO storage.RaftStorage: Storage directory /data/metadata/ratis/dfb1bf11-71fa-4a4b-a801-2d11501ba619 has been successfully formatted.
s3g_1       | 	at com.sun.proxy.$Proxy84.completeMultipartUpload(Unknown Source)
om_1        | 	at org.apache.hadoop.security.UserGroupInformation.doAs(UserGroupInformation.java:1730)
datanode_2  | 2019-10-24 03:31:53,678 INFO server.RaftServerConfigKeys: raft.server.rpc.timeout.max = 5200ms (custom)
scm_1       | 2019-10-24 03:31:53,741 INFO pipeline.PipelineStateManager: Created pipeline Pipeline[ Id: dfb1bf11-71fa-4a4b-a801-2d11501ba619, Nodes: 69055448-968d-4167-a78c-820350ffa437{ip: 172.18.0.4, host: ozones3_datanode_1.ozones3_default, networkLocation: /default-rack, certSerialId: null}741134fb-46f3-4c5d-9bbe-ea1bcffe59ab{ip: 172.18.0.7, host: ozones3_datanode_3.ozones3_default, networkLocation: /default-rack, certSerialId: null}384c1823-f15b-4249-9303-0e740ebe5d4e{ip: 172.18.0.2, host: ozones3_datanode_2.ozones3_default, networkLocation: /default-rack, certSerialId: null}, Type:RATIS, Factor:THREE, State:OPEN]
datanode_1  | 2019-10-24 03:31:53,677 INFO server.RaftServerConfigKeys: raft.server.rpcslowness.timeout = 120s (custom)
datanode_3  | 2019-10-24 03:31:53,725 [pool-8-thread-1] INFO       - group-2D11501BA619: The snapshot info is null. Setting the last applied indexto:(t:0, i:~)
s3g_1       | 	at org.apache.hadoop.ozone.client.rpc.RpcClient.completeMultipartUpload(RpcClient.java:883)
om_1        | 	at org.apache.hadoop.ipc.Server$Handler.run(Server.java:2682)
scm_1       | 2019-10-24 03:32:08,808 INFO server.SCMBlockProtocolServer: Allocating 1 blocks of size 268435456, with ExcludeList {datanodes = [], containerIds = [], pipelineIds = []}
datanode_2  | 2019-10-24 03:31:53,678 INFO server.RaftServerConfigKeys: raft.server.rpcslowness.timeout = 120s (custom)
datanode_1  | 2019-10-24 03:31:53,677 INFO server.RaftServerConfigKeys: raft.server.sleep.deviation.threshold = 300 (default)
datanode_3  | 2019-10-24 03:31:53,726 INFO server.RaftServerConfigKeys: raft.server.notification.no-leader.timeout = 120s (custom)
s3g_1       | 	at org.apache.hadoop.ozone.client.OzoneBucket.completeMultipartUpload(OzoneBucket.java:445)
om_1        | 2019-10-24 03:33:57,314 [IPC Server handler 14 on 9862] ERROR      - MultipartUpload Complete request failed for Key: multipartKey3 in Volume/Bucket s37c35ba70126b04fca007e4dbfab9c47c/bucket-48694
scm_1       | 2019-10-24 03:32:08,812 INFO pipeline.PipelineStateManager: Created pipeline Pipeline[ Id: 952b5f0c-465e-4974-a4df-183f116424a4, Nodes: 741134fb-46f3-4c5d-9bbe-ea1bcffe59ab{ip: 172.18.0.7, host: ozones3_datanode_3.ozones3_default, networkLocation: /default-rack, certSerialId: null}, Type:STAND_ALONE, Factor:ONE, State:OPEN]
datanode_2  | 2019-10-24 03:31:53,678 INFO server.RaftServerConfigKeys: raft.server.sleep.deviation.threshold = 300 (default)
datanode_1  | 2019-10-24 03:31:53,677 INFO server.RaftServerConfigKeys: raft.server.log.appender.install.snapshot.enabled = false (custom)
datanode_3  | 2019-10-24 03:31:53,726 INFO server.RaftServerConfigKeys: raft.server.log.use.memory = false (default)
s3g_1       | 	at org.apache.hadoop.ozone.s3.endpoint.ObjectEndpoint.completeMultipartUpload(ObjectEndpoint.java:498)
om_1        | MISMATCH_MULTIPART_LIST org.apache.hadoop.ozone.om.exceptions.OMException: Complete Multipart Upload Failed: volume: s37c35ba70126b04fca007e4dbfab9c47cbucket: bucket-48694key: multipartKey3
scm_1       | 2019-10-24 03:32:10,644 INFO server.SCMBlockProtocolServer: Allocating 1 blocks of size 268435456, with ExcludeList {datanodes = [], containerIds = [], pipelineIds = []}
datanode_2  | 2019-10-24 03:31:53,678 INFO server.RaftServerConfigKeys: raft.server.log.appender.install.snapshot.enabled = false (custom)
datanode_1  | 2019-10-24 03:31:53,677 INFO impl.RaftServerImpl: 69055448-968d-4167-a78c-820350ffa437@group-2D11501BA619: ConfigurationManager, init=-1: [741134fb-46f3-4c5d-9bbe-ea1bcffe59ab:172.18.0.7:9858, 384c1823-f15b-4249-9303-0e740ebe5d4e:172.18.0.2:9858, 69055448-968d-4167-a78c-820350ffa437:172.18.0.4:9858], old=null, confs=<EMPTY_MAP>
datanode_3  | 2019-10-24 03:31:53,726 INFO server.RaftServerConfigKeys: raft.server.log.purge.gap = 1000000 (custom)
s3g_1       | 	at java.base/jdk.internal.reflect.NativeMethodAccessorImpl.invoke0(Native Method)
om_1        | 	at org.apache.hadoop.ozone.om.request.s3.multipart.S3MultipartUploadCompleteRequest.validateAndUpdateCache(S3MultipartUploadCompleteRequest.java:195)
scm_1       | 2019-10-24 03:32:10,978 INFO server.SCMBlockProtocolServer: Allocating 1 blocks of size 268435456, with ExcludeList {datanodes = [], containerIds = [], pipelineIds = []}
datanode_2  | 2019-10-24 03:31:53,678 INFO impl.RaftServerImpl: 384c1823-f15b-4249-9303-0e740ebe5d4e@group-2D11501BA619: ConfigurationManager, init=-1: [741134fb-46f3-4c5d-9bbe-ea1bcffe59ab:172.18.0.7:9858, 384c1823-f15b-4249-9303-0e740ebe5d4e:172.18.0.2:9858, 69055448-968d-4167-a78c-820350ffa437:172.18.0.4:9858], old=null, confs=<EMPTY_MAP>
datanode_1  | 2019-10-24 03:31:53,678 INFO server.RaftServerConfigKeys: raft.server.storage.dir = [/data/metadata/ratis] (custom)
datanode_3  | 2019-10-24 03:31:53,726 INFO server.RaftServerConfigKeys: raft.server.log.appender.buffer.byte-limit = 33554432 (custom)
s3g_1       | 	at java.base/jdk.internal.reflect.NativeMethodAccessorImpl.invoke(NativeMethodAccessorImpl.java:62)
om_1        | 	at org.apache.hadoop.ozone.protocolPB.OzoneManagerProtocolServerSideTranslatorPB.submitRequestDirectlyToOM(OzoneManagerProtocolServerSideTranslatorPB.java:228)
scm_1       | 2019-10-24 03:32:11,396 INFO server.SCMBlockProtocolServer: Allocating 1 blocks of size 268435456, with ExcludeList {datanodes = [], containerIds = [], pipelineIds = []}
datanode_2  | 2019-10-24 03:31:53,678 INFO server.RaftServerConfigKeys: raft.server.storage.dir = [/data/metadata/ratis] (custom)
datanode_1  | 2019-10-24 03:31:53,678 INFO server.RaftServerConfigKeys: raft.server.log.corruption.policy = EXCEPTION (default)
datanode_3  | 2019-10-24 03:31:53,726 INFO server.RaftServerConfigKeys: raft.server.log.segment.size.max = 1048576 (custom)
s3g_1       | 	at java.base/jdk.internal.reflect.DelegatingMethodAccessorImpl.invoke(DelegatingMethodAccessorImpl.java:43)
om_1        | 	at org.apache.hadoop.ozone.protocolPB.OzoneManagerProtocolServerSideTranslatorPB.processRequest(OzoneManagerProtocolServerSideTranslatorPB.java:134)
scm_1       | 2019-10-24 03:32:11,497 INFO server.SCMBlockProtocolServer: Allocating 1 blocks of size 268435456, with ExcludeList {datanodes = [], containerIds = [], pipelineIds = []}
datanode_2  | 2019-10-24 03:31:53,679 INFO server.RaftServerConfigKeys: raft.server.log.corruption.policy = EXCEPTION (default)
datanode_1  | 2019-10-24 03:31:53,678 INFO storage.RaftStorageDirectory: The storage directory /data/metadata/ratis/dfb1bf11-71fa-4a4b-a801-2d11501ba619 does not exist. Creating ...
datanode_3  | 2019-10-24 03:31:53,727 INFO server.RaftServerConfigKeys: raft.server.log.segment.cache.num.max = 2 (custom)
s3g_1       | 	at java.base/java.lang.reflect.Method.invoke(Method.java:566)
om_1        | 	at org.apache.hadoop.hdds.server.OzoneProtocolMessageDispatcher.processRequest(OzoneProtocolMessageDispatcher.java:72)
scm_1       | 2019-10-24 03:32:11,580 INFO server.SCMBlockProtocolServer: Allocating 1 blocks of size 268435456, with ExcludeList {datanodes = [], containerIds = [], pipelineIds = []}
datanode_2  | 2019-10-24 03:31:53,679 INFO storage.RaftStorageDirectory: The storage directory /data/metadata/ratis/dfb1bf11-71fa-4a4b-a801-2d11501ba619 does not exist. Creating ...
datanode_1  | 2019-10-24 03:31:53,699 INFO storage.RaftStorageDirectory: Lock on /data/metadata/ratis/dfb1bf11-71fa-4a4b-a801-2d11501ba619/in_use.lock acquired by nodename 7@67778b38d80c
s3g_1       | 	at org.glassfish.jersey.server.model.internal.ResourceMethodInvocationHandlerFactory.lambda$static$0(ResourceMethodInvocationHandlerFactory.java:76)
datanode_3  | 2019-10-24 03:31:53,727 INFO segmented.SegmentedRaftLogWorker: new 741134fb-46f3-4c5d-9bbe-ea1bcffe59ab@group-2D11501BA619-SegmentedRaftLogWorker for RaftStorage:Storage Directory /data/metadata/ratis/dfb1bf11-71fa-4a4b-a801-2d11501ba619
om_1        | 	at org.apache.hadoop.ozone.protocolPB.OzoneManagerProtocolServerSideTranslatorPB.submitRequest(OzoneManagerProtocolServerSideTranslatorPB.java:102)
scm_1       | 2019-10-24 03:32:11,666 INFO server.SCMBlockProtocolServer: Allocating 1 blocks of size 268435456, with ExcludeList {datanodes = [], containerIds = [], pipelineIds = []}
datanode_2  | 2019-10-24 03:31:53,699 INFO storage.RaftStorageDirectory: Lock on /data/metadata/ratis/dfb1bf11-71fa-4a4b-a801-2d11501ba619/in_use.lock acquired by nodename 7@cb53c1d6d73a
datanode_1  | 2019-10-24 03:31:53,725 INFO storage.RaftStorage: Storage directory /data/metadata/ratis/dfb1bf11-71fa-4a4b-a801-2d11501ba619 has been successfully formatted.
s3g_1       | 	at org.glassfish.jersey.server.model.internal.AbstractJavaResourceMethodDispatcher$1.run(AbstractJavaResourceMethodDispatcher.java:148)
datanode_3  | 2019-10-24 03:31:53,727 INFO server.RaftServerConfigKeys: raft.server.log.queue.byte-limit = 2147483647 (custom)
om_1        | 	at org.apache.hadoop.ozone.protocol.proto.OzoneManagerProtocolProtos$OzoneManagerService$2.callBlockingMethod(OzoneManagerProtocolProtos.java)
scm_1       | 2019-10-24 03:32:11,752 INFO server.SCMBlockProtocolServer: Allocating 1 blocks of size 268435456, with ExcludeList {datanodes = [], containerIds = [], pipelineIds = []}
datanode_2  | 2019-10-24 03:31:53,725 INFO storage.RaftStorage: Storage directory /data/metadata/ratis/dfb1bf11-71fa-4a4b-a801-2d11501ba619 has been successfully formatted.
datanode_1  | 2019-10-24 03:31:53,725 [pool-8-thread-1] INFO       - group-2D11501BA619: The snapshot info is null. Setting the last applied indexto:(t:0, i:~)
s3g_1       | 	at org.glassfish.jersey.server.model.internal.AbstractJavaResourceMethodDispatcher.invoke(AbstractJavaResourceMethodDispatcher.java:191)
om_1        | 	at org.apache.hadoop.ipc.ProtobufRpcEngine$Server$ProtoBufRpcInvoker.call(ProtobufRpcEngine.java:524)
scm_1       | 2019-10-24 03:32:11,856 INFO server.SCMBlockProtocolServer: Allocating 1 blocks of size 268435456, with ExcludeList {datanodes = [], containerIds = [], pipelineIds = []}
datanode_2  | 2019-10-24 03:31:53,725 [pool-8-thread-1] INFO       - group-2D11501BA619: The snapshot info is null. Setting the last applied indexto:(t:0, i:~)
datanode_1  | 2019-10-24 03:31:53,726 INFO server.RaftServerConfigKeys: raft.server.notification.no-leader.timeout = 120s (custom)
datanode_3  | 2019-10-24 03:31:53,727 INFO server.RaftServerConfigKeys: raft.server.log.queue.element-limit = 1024 (custom)
s3g_1       | 	at org.glassfish.jersey.server.model.internal.JavaResourceMethodDispatcherProvider$ResponseOutInvoker.doDispatch(JavaResourceMethodDispatcherProvider.java:200)
om_1        | 	at org.apache.hadoop.ipc.RPC$Server.call(RPC.java:1025)
scm_1       | 2019-10-24 03:32:11,943 INFO server.SCMBlockProtocolServer: Allocating 1 blocks of size 268435456, with ExcludeList {datanodes = [], containerIds = [], pipelineIds = []}
datanode_2  | 2019-10-24 03:31:53,726 INFO server.RaftServerConfigKeys: raft.server.notification.no-leader.timeout = 120s (custom)
datanode_1  | 2019-10-24 03:31:53,726 INFO server.RaftServerConfigKeys: raft.server.log.use.memory = false (default)
datanode_3  | 2019-10-24 03:31:53,727 INFO server.RaftServerConfigKeys: raft.server.log.segment.size.max = 1048576 (custom)
s3g_1       | 	at org.glassfish.jersey.server.model.internal.AbstractJavaResourceMethodDispatcher.dispatch(AbstractJavaResourceMethodDispatcher.java:103)
om_1        | 	at org.apache.hadoop.ipc.Server$RpcCall.run(Server.java:876)
scm_1       | 2019-10-24 03:32:12,041 INFO server.SCMBlockProtocolServer: Allocating 1 blocks of size 268435456, with ExcludeList {datanodes = [], containerIds = [], pipelineIds = []}
datanode_1  | 2019-10-24 03:31:53,726 INFO server.RaftServerConfigKeys: raft.server.log.purge.gap = 1000000 (custom)
datanode_3  | 2019-10-24 03:31:53,727 INFO server.RaftServerConfigKeys: raft.server.log.preallocated.size = 16384 (custom)
datanode_2  | 2019-10-24 03:31:53,726 INFO server.RaftServerConfigKeys: raft.server.log.use.memory = false (default)
s3g_1       | 	at org.glassfish.jersey.server.model.ResourceMethodInvoker.invoke(ResourceMethodInvoker.java:493)
om_1        | 	at org.apache.hadoop.ipc.Server$RpcCall.run(Server.java:822)
scm_1       | 2019-10-24 03:32:12,128 INFO server.SCMBlockProtocolServer: Allocating 1 blocks of size 268435456, with ExcludeList {datanodes = [], containerIds = [], pipelineIds = []}
datanode_1  | 2019-10-24 03:31:53,726 INFO server.RaftServerConfigKeys: raft.server.log.appender.buffer.byte-limit = 33554432 (custom)
datanode_3  | 2019-10-24 03:31:53,727 INFO server.RaftServerConfigKeys: raft.server.log.write.buffer.size = 33554432 (custom)
datanode_2  | 2019-10-24 03:31:53,726 INFO server.RaftServerConfigKeys: raft.server.log.purge.gap = 1000000 (custom)
s3g_1       | 	at org.glassfish.jersey.server.model.ResourceMethodInvoker.apply(ResourceMethodInvoker.java:415)
scm_1       | 2019-10-24 03:32:12,250 INFO server.SCMBlockProtocolServer: Allocating 1 blocks of size 268435456, with ExcludeList {datanodes = [], containerIds = [], pipelineIds = []}
datanode_1  | 2019-10-24 03:31:53,726 INFO server.RaftServerConfigKeys: raft.server.log.segment.size.max = 1048576 (custom)
datanode_2  | 2019-10-24 03:31:53,726 INFO server.RaftServerConfigKeys: raft.server.log.appender.buffer.byte-limit = 33554432 (custom)
om_1        | 	at java.base/java.security.AccessController.doPrivileged(Native Method)
s3g_1       | 	at org.glassfish.jersey.server.model.ResourceMethodInvoker.apply(ResourceMethodInvoker.java:104)
scm_1       | 2019-10-24 03:32:12,422 INFO server.SCMBlockProtocolServer: Allocating 1 blocks of size 268435456, with ExcludeList {datanodes = [], containerIds = [], pipelineIds = []}
datanode_3  | 2019-10-24 03:31:53,727 INFO server.RaftServerConfigKeys: raft.server.log.force.sync.num = 128 (default)
datanode_1  | 2019-10-24 03:31:53,727 INFO server.RaftServerConfigKeys: raft.server.log.segment.cache.num.max = 2 (custom)
