s3g_1       | 4caf3dfdb152ccadb27926edfc818e1d9349769deb45a407a76e96bff5a1f4fb, signature=c4ee6ac57614ce47cf62999e987c627ce7143c934b27d78e39fd4d7cdc7a7051, awsAccessKeyId=dlfknslnfslf, while invoking $Proxy83.submitRequest over nodeId=null,nodeAddress=om:9862 after 15 failover attempts. Trying to failover immediately.
datanode_2  | 2019-11-15 18:21:36,704 INFO impl.RaftServerImpl: f3846b6c-c8a2-48d6-bd1b-184e5fa8de2f@group-9629C0BF2CE6: start as a follower, conf=-1: [8c184f62-1e9b-407e-a1e6-3f7952fe319f:172.19.0.6:9858, 4e38b9ed-31b3-43d7-8bce-e79c17c23ac5:172.19.0.9:9858, f3846b6c-c8a2-48d6-bd1b-184e5fa8de2f:172.19.0.8:9858], old=null
kdc_1       | Nov 15 18:21:14 kdc kadmind[15](Notice): Request: kadm5_init, admin/admin@EXAMPLE.COM, success, client=admin/admin@EXAMPLE.COM, service=kadmin/admin@EXAMPLE.COMtabase
datanode_3  | 2019-11-15 18:21:36,672 INFO impl.RoleInfo: 4e38b9ed-31b3-43d7-8bce-e79c17c23ac5: start FollowerState
om_1        | 2019-11-15 18:23:08,969 INFO authorize.ServiceAuthorizationManager: Authorization successful for testuser/scm@EXAMPLE.COM (auth:KERBEROS) for protocol=interface org.apache.hadoop.ozone.om.protocol.OzoneManagerProtocol
datanode_1  | 2019-11-15 18:21:36,706 INFO impl.RoleInfo: 8c184f62-1e9b-407e-a1e6-3f7952fe319f: start FollowerState
scm_1       | 2019-11-15 18:21:56,488 INFO ipc.Server: Auth successful for dn/51a3f85bf89b@EXAMPLE.COM (auth:KERBEROS)
s3g_1       | 2019-11-15 18:29:10,443 WARN ipc.Client: Exception encountered while connecting to the server : org.apache.hadoop.ipc.RemoteException(org.apache.hadoop.security.token.SecretManager$InvalidToken): No S3 secret found for S3 identifier:OzoneToken owner=dlfknslnfslf, renewer=, realUser=, issueDate=0, maxDate=0, sequenceNumber=0, masterKeyId=0, strToSign=AWS4-HMAC-SHA256
datanode_2  | 2019-11-15 18:21:36,704 INFO impl.RaftServerImpl: f3846b6c-c8a2-48d6-bd1b-184e5fa8de2f@group-9629C0BF2CE6: changes role from      null to FOLLOWER at term 0 for startAsFollower
kdc_1       | Nov 15 18:21:14 kdc krb5kdc[9](info): AS_REQ (8 etypes {18 17 20 19 16 23 25 26}) 127.0.0.1: ISSUE: authtime 1573842074, etypes {rep=18 tkt=18 ses=18}, admin/admin@EXAMPLE.COM for kadmin/admin@EXAMPLE.COM
datanode_3  | 2019-11-15 18:21:36,673 INFO util.JmxRegister: Successfully registered JMX Bean with object name Ratis:service=RaftServer,group=group-9629C0BF2CE6,id=4e38b9ed-31b3-43d7-8bce-e79c17c23ac5
om_1        | 2019-11-15 18:23:11,569 INFO ipc.Server: Auth successful for testuser/scm@EXAMPLE.COM (auth:KERBEROS)
datanode_1  | 2019-11-15 18:21:36,707 INFO util.JmxRegister: Successfully registered JMX Bean with object name Ratis:service=RaftServer,group=group-9629C0BF2CE6,id=8c184f62-1e9b-407e-a1e6-3f7952fe319f
scm_1       | 2019-11-15 18:21:56,491 INFO authorize.ServiceAuthorizationManager: Authorization successful for dn/68e953ae1d83@EXAMPLE.COM (auth:KERBEROS) for protocol=interface org.apache.hadoop.ozone.protocol.StorageContainerDatanodeProtocol
s3g_1       | 20191115T182910Z
datanode_2  | 2019-11-15 18:21:36,704 INFO impl.RoleInfo: f3846b6c-c8a2-48d6-bd1b-184e5fa8de2f: start FollowerState
kdc_1       | Nov 15 18:21:15 kdc krb5kdc[9](info): AS_REQ (8 etypes {18 17 20 19 16 23 25 26}) 127.0.0.1: SERVER_NOT_FOUND: admin/admin@EXAMPLE.COM for kadmin/localhost@EXAMPLE.COM, Server not found in Kerberos database
datanode_3  | 2019-11-15 18:21:36,673 WARN impl.MetricRegistriesImpl: First MetricRegistry has been created without registering reporters. You may need to call MetricRegistries.global().addReportRegistration(...) before.
om_1        | 2019-11-15 18:23:11,581 INFO authorize.ServiceAuthorizationManager: Authorization successful for testuser/scm@EXAMPLE.COM (auth:KERBEROS) for protocol=interface org.apache.hadoop.ozone.om.protocol.OzoneManagerProtocol
datanode_1  | 2019-11-15 18:21:36,707 WARN impl.MetricRegistriesImpl: First MetricRegistry has been created without registering reporters. You may need to call MetricRegistries.global().addReportRegistration(...) before.
scm_1       | 2019-11-15 18:21:56,492 INFO authorize.ServiceAuthorizationManager: Authorization successful for dn/51a3f85bf89b@EXAMPLE.COM (auth:KERBEROS) for protocol=interface org.apache.hadoop.ozone.protocol.StorageContainerDatanodeProtocol
s3g_1       | 20191115/us-west-1/s3/aws4_request
datanode_2  | 2019-11-15 18:21:36,705 INFO util.JmxRegister: Successfully registered JMX Bean with object name Ratis:service=RaftServer,group=group-9629C0BF2CE6,id=f3846b6c-c8a2-48d6-bd1b-184e5fa8de2f
kdc_1       | Nov 15 18:21:15 kdc krb5kdc[9](info): AS_REQ (8 etypes {18 17 20 19 16 23 25 26}) 127.0.0.1: ISSUE: authtime 1573842075, etypes {rep=18 tkt=18 ses=18}, admin/admin@EXAMPLE.COM for kadmin/admin@EXAMPLE.COM
datanode_3  | 2019-11-15 18:21:40,584 INFO impl.FollowerState: 4e38b9ed-31b3-43d7-8bce-e79c17c23ac5@group-5D338ACF9B8B-FollowerState: change to CANDIDATE, lastRpcTime:5116ms, electionTimeout:5114ms
datanode_1  | 2019-11-15 18:21:41,112 INFO impl.FollowerState: 8c184f62-1e9b-407e-a1e6-3f7952fe319f@group-80A5BB31DD26-FollowerState: change to CANDIDATE, lastRpcTime:5081ms, electionTimeout:5080ms
scm_1       | 2019-11-15 18:22:27,468 INFO ipc.Server: Auth successful for dn/620027d53a68@EXAMPLE.COM (auth:KERBEROS)
datanode_2  | 2019-11-15 18:21:36,705 WARN impl.MetricRegistriesImpl: First MetricRegistry has been created without registering reporters. You may need to call MetricRegistries.global().addReportRegistration(...) before.
s3g_1       | 4caf3dfdb152ccadb27926edfc818e1d9349769deb45a407a76e96bff5a1f4fb, signature=c4ee6ac57614ce47cf62999e987c627ce7143c934b27d78e39fd4d7cdc7a7051, awsAccessKeyId=dlfknslnfslf
om_1        | 2019-11-15 18:23:14,037 INFO ipc.Server: Auth successful for testuser/scm@EXAMPLE.COM (auth:KERBEROS)
kdc_1       | Nov 15 18:21:15 kdc krb5kdc[9](info): AS_REQ (8 etypes {18 17 20 19 16 23 25 26}) 127.0.0.1: SERVER_NOT_FOUND: admin/admin@EXAMPLE.COM for kadmin/localhost@EXAMPLE.COM, Server not found in Kerberos database
datanode_3  | 2019-11-15 18:21:40,586 INFO impl.RoleInfo: 4e38b9ed-31b3-43d7-8bce-e79c17c23ac5: shutdown FollowerState
datanode_1  | 2019-11-15 18:21:41,113 INFO impl.RoleInfo: 8c184f62-1e9b-407e-a1e6-3f7952fe319f: shutdown FollowerState
scm_1       | 2019-11-15 18:22:27,469 INFO ipc.Server: Auth successful for dn/51a3f85bf89b@EXAMPLE.COM (auth:KERBEROS)
datanode_2  | 2019-11-15 18:21:41,608 INFO impl.FollowerState: f3846b6c-c8a2-48d6-bd1b-184e5fa8de2f@group-814C3A62514D-FollowerState: change to CANDIDATE, lastRpcTime:5121ms, electionTimeout:5120ms
s3g_1       | 2019-11-15 18:29:10,444 ERROR ha.OMFailoverProxyProvider: Failed to connect to OMs: [nodeId=null,nodeAddress=om:9862]. Attempted 15 failovers.
kdc_1       | Nov 15 18:21:15 kdc krb5kdc[9](info): AS_REQ (8 etypes {18 17 20 19 16 23 25 26}) 127.0.0.1: ISSUE: authtime 1573842075, etypes {rep=18 tkt=18 ses=18}, admin/admin@EXAMPLE.COM for kadmin/admin@, addr=127.0.0.1, vers=4, flavor=6
om_1        | 2019-11-15 18:23:14,049 INFO authorize.ServiceAuthorizationManager: Authorization successful for testuser/scm@EXAMPLE.COM (auth:KERBEROS) for protocol=interface org.apache.hadoop.ozone.om.protocol.OzoneManagerProtocol
datanode_3  | 2019-11-15 18:21:40,587 INFO impl.RaftServerImpl: 4e38b9ed-31b3-43d7-8bce-e79c17c23ac5@group-5D338ACF9B8B: changes role from  FOLLOWER to CANDIDATE at term 0 for changeToCandidate
datanode_1  | 2019-11-15 18:21:41,114 INFO impl.RaftServerImpl: 8c184f62-1e9b-407e-a1e6-3f7952fe319f@group-80A5BB31DD26: changes role from  FOLLOWER to CANDIDATE at term 0 for changeToCandidate
scm_1       | 2019-11-15 18:22:27,472 INFO authorize.ServiceAuthorizationManager: Authorization successful for dn/51a3f85bf89b@EXAMPLE.COM (auth:KERBEROS) for protocol=interface org.apache.hadoop.ozone.protocol.StorageContainerDatanodeProtocol
datanode_2  | 2019-11-15 18:21:41,609 INFO impl.RoleInfo: f3846b6c-c8a2-48d6-bd1b-184e5fa8de2f: shutdown FollowerState
s3g_1       | 2019-11-15 18:29:10,446 ERROR client.OzoneClientFactory: Couldn't create RpcClient protocol exception: 
kdc_1       | Nov 15 18:21:14 kdc kadmind[15](Notice): Request: kadm5_get_policy, default, Policy does not exist, client=admin/admin@EXAMPLE.COM, service=kadmin/admin@EXAMPLE.COM, addr=127.0.0.1
om_1        | 2019-11-15 18:23:16,825 INFO ipc.Server: Auth successful for testuser/scm@EXAMPLE.COM (auth:KERBEROS)
datanode_3  | 2019-11-15 18:21:40,592 INFO impl.RoleInfo: 4e38b9ed-31b3-43d7-8bce-e79c17c23ac5: start LeaderElection
datanode_1  | 2019-11-15 18:21:41,120 INFO impl.RoleInfo: 8c184f62-1e9b-407e-a1e6-3f7952fe319f: start LeaderElection
scm_1       | 2019-11-15 18:22:27,473 INFO authorize.ServiceAuthorizationManager: Authorization successful for dn/620027d53a68@EXAMPLE.COM (auth:KERBEROS) for protocol=interface org.apache.hadoop.ozone.protocol.StorageContainerDatanodeProtocol
datanode_2  | 2019-11-15 18:21:41,610 INFO impl.RaftServerImpl: f3846b6c-c8a2-48d6-bd1b-184e5fa8de2f@group-814C3A62514D: changes role from  FOLLOWER to CANDIDATE at term 0 for changeToCandidate
s3g_1       | org.apache.hadoop.ipc.RemoteException(org.apache.hadoop.security.token.SecretManager$InvalidToken): No S3 secret found for S3 identifier:OzoneToken owner=dlfknslnfslf, renewer=, realUser=, issueDate=0, maxDate=0, sequenceNumber=0, masterKeyId=0, strToSign=AWS4-HMAC-SHA256
kdc_1       | Nov 15 18:21:14 kdc kadmind[15](Notice): Request: kadm5_create_principal, dn/620027d53a68@EXAMPLE.COM, success, client=admin/admin@EXAMPLE.COM, service=kadmin/admin@EXAMPLE.COM, addr=127.0.0.1
om_1        | 2019-11-15 18:23:16,837 INFO authorize.ServiceAuthorizationManager: Authorization successful for testuser/scm@EXAMPLE.COM (auth:KERBEROS) for protocol=interface org.apache.hadoop.ozone.om.protocol.OzoneManagerProtocol
datanode_3  | 2019-11-15 18:21:40,620 INFO impl.LeaderElection: 4e38b9ed-31b3-43d7-8bce-e79c17c23ac5@group-5D338ACF9B8B-LeaderElection1: begin an election at term 1 for -1: [4e38b9ed-31b3-43d7-8bce-e79c17c23ac5:172.19.0.9:9858], old=null
datanode_1  | 2019-11-15 18:21:41,145 INFO impl.LeaderElection: 8c184f62-1e9b-407e-a1e6-3f7952fe319f@group-80A5BB31DD26-LeaderElection1: begin an election at term 1 for -1: [8c184f62-1e9b-407e-a1e6-3f7952fe319f:172.19.0.6:9858], old=null
scm_1       | 2019-11-15 18:22:27,486 INFO ipc.Server: Auth successful for dn/68e953ae1d83@EXAMPLE.COM (auth:KERBEROS)
datanode_2  | 2019-11-15 18:21:41,614 INFO impl.RoleInfo: f3846b6c-c8a2-48d6-bd1b-184e5fa8de2f: start LeaderElection
s3g_1       | 20191115T182910Z
kdc_1       | Nov 15 18:21:14 kdc kadmind[15](info): closing down fd 18
om_1        | 2019-11-15 18:23:19,662 INFO ipc.Server: Auth successful for testuser/scm@EXAMPLE.COM (auth:KERBEROS)
datanode_3  | 2019-11-15 18:21:40,621 INFO impl.RoleInfo: 4e38b9ed-31b3-43d7-8bce-e79c17c23ac5: shutdown LeaderElection
datanode_1  | 2019-11-15 18:21:41,147 INFO impl.RoleInfo: 8c184f62-1e9b-407e-a1e6-3f7952fe319f: shutdown LeaderElection
scm_1       | 2019-11-15 18:22:27,489 INFO authorize.ServiceAuthorizationManager: Authorization successful for dn/68e953ae1d83@EXAMPLE.COM (auth:KERBEROS) for protocol=interface org.apache.hadoop.ozone.protocol.StorageContainerDatanodeProtocol
datanode_2  | 2019-11-15 18:21:41,640 INFO impl.LeaderElection: f3846b6c-c8a2-48d6-bd1b-184e5fa8de2f@group-814C3A62514D-LeaderElection1: begin an election at term 1 for -1: [f3846b6c-c8a2-48d6-bd1b-184e5fa8de2f:172.19.0.8:9858], old=null
kdc_1       | Nov 15 18:21:15 kdc kadmind[15](Notice): Request: kadm5_init, admin/admin@EXAMPLE.COM, success, client=admin/admin@EXAMPLE.COM, service=kadmin/admin@EXAMPLE.COM, addr=127.0.0.1, vers=4, flavor=6
s3g_1       | 20191115/us-west-1/s3/aws4_request
om_1        | 2019-11-15 18:23:19,675 INFO authorize.ServiceAuthorizationManager: Authorization successful for testuser/scm@EXAMPLE.COM (auth:KERBEROS) for protocol=interface org.apache.hadoop.ozone.om.protocol.OzoneManagerProtocol
datanode_3  | 2019-11-15 18:21:40,622 INFO impl.RaftServerImpl: 4e38b9ed-31b3-43d7-8bce-e79c17c23ac5@group-5D338ACF9B8B: changes role from CANDIDATE to LEADER at term 1 for changeToLeader
datanode_1  | 2019-11-15 18:21:41,148 INFO impl.RaftServerImpl: 8c184f62-1e9b-407e-a1e6-3f7952fe319f@group-80A5BB31DD26: changes role from CANDIDATE to LEADER at term 1 for changeToLeader
scm_1       | 2019-11-15 18:22:35,797 INFO ipc.Server: Auth successful for om/om@EXAMPLE.COM (auth:KERBEROS)
datanode_2  | 2019-11-15 18:21:41,641 INFO impl.RoleInfo: f3846b6c-c8a2-48d6-bd1b-184e5fa8de2f: shutdown LeaderElection
kdc_1       | Nov 15 18:21:15 kdc kadmind[15](Notice): Request: kadm5_randkey_principal, dn/620027d53a68@EXAMPLE.COM, success, client=admin/admin@EXAMPLE.COM, service=kadmin/admin@EXAMPLE.COM, addr=127.0.0.1
s3g_1       | 4caf3dfdb152ccadb27926edfc818e1d9349769deb45a407a76e96bff5a1f4fb, signature=c4ee6ac57614ce47cf62999e987c627ce7143c934b27d78e39fd4d7cdc7a7051, awsAccessKeyId=dlfknslnfslf
om_1        | 2019-11-15 18:23:22,144 INFO ipc.Server: Auth successful for testuser/scm@EXAMPLE.COM (auth:KERBEROS)
datanode_1  | 2019-11-15 18:21:41,148 INFO ratis.XceiverServerRatis: Leader change notification received for group: group-80A5BB31DD26 with new leaderId: 8c184f62-1e9b-407e-a1e6-3f7952fe319f
scm_1       | 2019-11-15 18:22:35,800 INFO authorize.ServiceAuthorizationManager: Authorization successful for om/om@EXAMPLE.COM (auth:KERBEROS) for protocol=interface org.apache.hadoop.hdds.scm.protocol.StorageContainerLocationProtocol
datanode_2  | 2019-11-15 18:21:41,642 INFO impl.RaftServerImpl: f3846b6c-c8a2-48d6-bd1b-184e5fa8de2f@group-814C3A62514D: changes role from CANDIDATE to LEADER at term 1 for changeToLeader
kdc_1       | Nov 15 18:21:15 kdc kadmind[15](Notice): Request: kadm5_get_principal, dn/620027d53a68@EXAMPLE.COM, success, client=admin/admin@EXAMPLE.COM, service=kadmin/admin@EXAMPLEXAMPLE.COM
s3g_1       | 	at org.apache.hadoop.ipc.Client.getRpcResponse(Client.java:1511)
datanode_3  | 2019-11-15 18:21:40,623 INFO ratis.XceiverServerRatis: Leader change notification received for group: group-5D338ACF9B8B with new leaderId: 4e38b9ed-31b3-43d7-8bce-e79c17c23ac5
om_1        | 2019-11-15 18:23:22,157 INFO authorize.ServiceAuthorizationManager: Authorization successful for testuser/scm@EXAMPLE.COM (auth:KERBEROS) for protocol=interface org.apache.hadoop.ozone.om.protocol.OzoneManagerProtocol
scm_1       | 2019-11-15 18:22:57,458 INFO ipc.Server: Auth successful for dn/51a3f85bf89b@EXAMPLE.COM (auth:KERBEROS)
kdc_1       | Nov 15 18:21:15 kdc krb5kdc[9](info): AS_REQ (8 etypes {18 17 20 19 16 23 25 26}) 127.0.0.1: SERVER_NOT_FOUND: admin/admin@EXAMPLE.COM for kadmin/localhost@EXAMPLE.COM, Server not found in Kerberos database
datanode_2  | 2019-11-15 18:21:41,642 INFO ratis.XceiverServerRatis: Leader change notification received for group: group-814C3A62514D with new leaderId: f3846b6c-c8a2-48d6-bd1b-184e5fa8de2f
datanode_1  | 2019-11-15 18:21:41,157 INFO impl.RaftServerImpl: 8c184f62-1e9b-407e-a1e6-3f7952fe319f@group-80A5BB31DD26: change Leader from null to 8c184f62-1e9b-407e-a1e6-3f7952fe319f at term 1 for becomeLeader, leader elected after 5192ms
s3g_1       | 	at org.apache.hadoop.ipc.Client.call(Client.java:1457)
datanode_3  | 2019-11-15 18:21:40,631 INFO impl.RaftServerImpl: 4e38b9ed-31b3-43d7-8bce-e79c17c23ac5@group-5D338ACF9B8B: change Leader from null to 4e38b9ed-31b3-43d7-8bce-e79c17c23ac5 at term 1 for becomeLeader, leader elected after 5249ms
om_1        | 2019-11-15 18:23:25,001 INFO ipc.Server: Auth successful for testuser/scm@EXAMPLE.COM (auth:KERBEROS)
scm_1       | 2019-11-15 18:22:57,464 INFO authorize.ServiceAuthorizationManager: Authorization successful for dn/51a3f85bf89b@EXAMPLE.COM (auth:KERBEROS) for protocol=interface org.apache.hadoop.ozone.protocol.StorageContainerDatanodeProtocol
kdc_1       | Nov 15 18:21:15 kdc krb5kdc[9](info): AS_REQ (8 etypes {18 17 20 19 16 23 25 26}) 127.0.0.1: ISSUE: authtime 1573842075, etypes {rep=18 tkt=18 ses=18}, admin/admin@EXAMPLE.COM for kadmin/admin@EXAMPLE.COM
datanode_2  | 2019-11-15 18:21:41,651 INFO impl.RaftServerImpl: f3846b6c-c8a2-48d6-bd1b-184e5fa8de2f@group-814C3A62514D: change Leader from null to f3846b6c-c8a2-48d6-bd1b-184e5fa8de2f at term 1 for becomeLeader, leader elected after 5236ms
datanode_1  | 2019-11-15 18:21:41,164 INFO server.RaftServerConfigKeys: raft.server.staging.catchup.gap = 1000 (default)
datanode_3  | 2019-11-15 18:21:40,637 INFO server.RaftServerConfigKeys: raft.server.staging.catchup.gap = 1000 (default)
s3g_1       | 	at org.apache.hadoop.ipc.Client.call(Client.java:1367)
om_1        | 2019-11-15 18:23:25,014 INFO authorize.ServiceAuthorizationManager: Authorization successful for testuser/scm@EXAMPLE.COM (auth:KERBEROS) for protocol=interface org.apache.hadoop.ozone.om.protocol.OzoneManagerProtocol
scm_1       | 2019-11-15 18:22:57,467 INFO ipc.Server: Auth successful for dn/620027d53a68@EXAMPLE.COM (auth:KERBEROS)
datanode_2  | 2019-11-15 18:21:41,657 INFO server.RaftServerConfigKeys: raft.server.staging.catchup.gap = 1000 (default)
kdc_1       | Nov 15 18:21:15 kdc krb5kdc[9](info): AS_REQ (8 etypes {18 17 20 19 16 23 25 26}) 127.0.0.1: SERVER_NOT_FOUND: admin/admin@EXAMPLE.COM for kadmin/localhost@EXAMPLE.COM, Server not found in Kerberos database
datanode_1  | 2019-11-15 18:21:41,165 INFO server.RaftServerConfigKeys: raft.server.rpc.sleep.time = 25ms (default)
datanode_3  | 2019-11-15 18:21:40,637 INFO server.RaftServerConfigKeys: raft.server.rpc.sleep.time = 25ms (default)
s3g_1       | 	at org.apache.hadoop.ipc.ProtobufRpcEngine$Invoker.invoke(ProtobufRpcEngine.java:228)
om_1        | 2019-11-15 18:23:27,830 INFO ipc.Server: Auth successful for testuser/scm@EXAMPLE.COM (auth:KERBEROS)
scm_1       | 2019-11-15 18:22:57,470 INFO authorize.ServiceAuthorizationManager: Authorization successful for dn/620027d53a68@EXAMPLE.COM (auth:KERBEROS) for protocol=interface org.apache.hadoop.ozone.protocol.StorageContainerDatanodeProtocol
kdc_1       | Nov 15 18:21:15 kdc krb5kdc[9](info): AS_REQ (8 etypes {18 17 20 19 16 23 25 26}) 127.0.0.1: ISSUE: authtime 1573842075, etypes {rep=18 tkt=18 ses=18}, admin/admin@EXAMPLE.COM for kadmin/admin@EXAMPLE.COM
datanode_2  | 2019-11-15 18:21:41,657 INFO server.RaftServerConfigKeys: raft.server.rpc.sleep.time = 25ms (default)
datanode_1  | 2019-11-15 18:21:41,170 INFO server.RaftServerConfigKeys: raft.server.write.element-limit = 4096 (default)
s3g_1       | 	at org.apache.hadoop.ipc.ProtobufRpcEngine$Invoker.invoke(ProtobufRpcEngine.java:116)
om_1        | 2019-11-15 18:23:27,845 INFO authorize.ServiceAuthorizationManager: Authorization successful for testuser/scm@EXAMPLE.COM (auth:KERBEROS) for protocol=interface org.apache.hadoop.ozone.om.protocol.OzoneManagerProtocol
scm_1       | 2019-11-15 18:22:57,480 INFO ipc.Server: Auth successful for dn/68e953ae1d83@EXAMPLE.COM (auth:KERBEROS)
kdc_1       | Nov 15 18:21:15 kdc krb5kdc[9](info): AS_REQ (8 etypes {18 17 20 19 16 23 25 26}) 127.0.0.1: SERVER_NOT_FOUND: admin/admin@EXAMPLE.COM for kadmin/localhost@EXAMPLE.COM, Server not found inE.COM, addr=127.0.0.1
datanode_3  | 2019-11-15 18:21:40,642 INFO server.RaftServerConfigKeys: raft.server.write.element-limit = 4096 (default)
datanode_1  | 2019-11-15 18:21:41,177 INFO server.RaftServerConfigKeys: raft.server.watch.timeout = 10s (default)
datanode_2  | 2019-11-15 18:21:41,661 INFO server.RaftServerConfigKeys: raft.server.write.element-limit = 4096 (default)
s3g_1       | 	at com.sun.proxy.$Proxy83.submitRequest(Unknown Source)
scm_1       | 2019-11-15 18:22:57,483 INFO authorize.ServiceAuthorizationManager: Authorization successful for dn/68e953ae1d83@EXAMPLE.COM (auth:KERBEROS) for protocol=interface org.apache.hadoop.ozone.protocol.StorageContainerDatanodeProtocol
kdc_1       | Nov 15 18:21:15 kdc kadmind[15](info): closing down fd 18
datanode_3  | 2019-11-15 18:21:40,649 INFO server.RaftServerConfigKeys: raft.server.watch.timeout = 10s (default)
om_1        | 2019-11-15 18:23:28,676 INFO volume.OMVolumeCreateRequest: created volume:31791-rpcwoport2 for user:testuser/scm@EXAMPLE.COM
datanode_2  | 2019-11-15 18:21:41,668 INFO server.RaftServerConfigKeys: raft.server.watch.timeout = 10s (default)
datanode_1  | 2019-11-15 18:21:41,177 INFO server.RaftServerConfigKeys: raft.server.watch.timeout.denomination = 1s (default)
s3g_1       | 	at jdk.internal.reflect.GeneratedMethodAccessor4.invoke(Unknown Source)
scm_1       | 2019-11-15 18:23:00,743 INFO ipc.Server: Auth successful for om/om@EXAMPLE.COM (auth:KERBEROS)
kdc_1       | Nov 15 18:21:15 kdc kadmind[15](Notice): Request: kadm5_init, admin/admin@EXAMPLE.COM, success, client=admin/admin@EXAMPLE.COM, service=kadmin/admin@EXAMPLE.COM, addr=127.0.0.1, vers=4, flavor=6
datanode_3  | 2019-11-15 18:21:40,649 INFO server.RaftServerConfigKeys: raft.server.watch.timeout.denomination = 1s (default)
om_1        | 2019-11-15 18:23:30,829 INFO ipc.Server: Auth successful for testuser/scm@EXAMPLE.COM (auth:KERBEROS)
datanode_2  | 2019-11-15 18:21:41,668 INFO server.RaftServerConfigKeys: raft.server.watch.timeout.denomination = 1s (default)
datanode_1  | 2019-11-15 18:21:41,178 INFO server.RaftServerConfigKeys: raft.server.watch.element-limit = 65536 (default)
s3g_1       | 	at java.base/jdk.internal.reflect.DelegatingMethodAccessorImpl.invoke(DelegatingMethodAccessorImpl.java:43)
scm_1       | 2019-11-15 18:23:00,745 INFO authorize.ServiceAuthorizationManager: Authorization successful for om/om@EXAMPLE.COM (auth:KERBEROS) for protocol=interface org.apache.hadoop.hdds.scm.protocol.ScmBlockLocationProtocol
kdc_1       | Nov 15 18:21:15 kdc kadmind[15](Notice): Request: kadm5_get_policy, default, Policy does not exist, client=admin/admin@EXAMPLE.COM, service=kadmin/admin@EXAMPLE.COM, addr=127.0.0.1
datanode_3  | 2019-11-15 18:21:40,650 INFO server.RaftServerConfigKeys: raft.server.watch.element-limit = 65536 (default)
om_1        | 2019-11-15 18:23:30,841 INFO authorize.ServiceAuthorizationManager: Authorization successful for testuser/scm@EXAMPLE.COM (auth:KERBEROS) for protocol=interface org.apache.hadoop.ozone.om.protocol.OzoneManagerProtocol
datanode_1  | 2019-11-15 18:21:41,188 INFO impl.RoleInfo: 8c184f62-1e9b-407e-a1e6-3f7952fe319f: start LeaderState
s3g_1       | 	at java.base/java.lang.reflect.Method.invoke(Method.java:566)
scm_1       | 2019-11-15 18:23:27,461 INFO ipc.Server: Auth successful for dn/51a3f85bf89b@EXAMPLE.COM (auth:KERBEROS)
kdc_1       | Nov 15 18:21:15 kdc kadmind[15](Notice): Request: kadm5_create_principal, om/51a3f85bf89b@EXAMPLE.COM, success, client=admin/admin@EXAMPLE.COM, service=kadmin/admin@EXAMPLE.COM, addr=127.0.0.1
datanode_3  | 2019-11-15 18:21:40,659 INFO impl.RoleInfo: 4e38b9ed-31b3-43d7-8bce-e79c17c23ac5: start LeaderState
datanode_2  | 2019-11-15 18:21:41,669 INFO server.RaftServerConfigKeys: raft.server.watch.element-limit = 65536 (default)
om_1        | 2019-11-15 18:23:33,516 INFO ipc.Server: Auth successful for testuser/scm@EXAMPLE.COM (auth:KERBEROS)
s3g_1       | 	at org.apache.hadoop.io.retry.RetryInvocationHandler.invokeMethod(RetryInvocationHandler.java:422)
datanode_1  | 2019-11-15 18:21:41,212 INFO segmented.SegmentedRaftLogWorker: 8c184f62-1e9b-407e-a1e6-3f7952fe319f@group-80A5BB31DD26-SegmentedRaftLogWorker: Starting segment from index:0
scm_1       | 2019-11-15 18:23:27,464 INFO ipc.Server: Auth successful for dn/620027d53a68@EXAMPLE.COM (auth:KERBEROS)
kdc_1       | Nov 15 18:21:15 kdc kadmind[15](info): closing down fd 18
datanode_3  | 2019-11-15 18:21:40,679 INFO segmented.SegmentedRaftLogWorker: 4e38b9ed-31b3-43d7-8bce-e79c17c23ac5@group-5D338ACF9B8B-SegmentedRaftLogWorker: Starting segment from index:0
datanode_2  | 2019-11-15 18:21:41,678 INFO impl.RoleInfo: f3846b6c-c8a2-48d6-bd1b-184e5fa8de2f: start LeaderState
datanode_3  | 2019-11-15 18:21:40,689 INFO impl.RaftServerImpl: 4e38b9ed-31b3-43d7-8bce-e79c17c23ac5@group-5D338ACF9B8B: set configuration 0: [4e38b9ed-31b3-43d7-8bce-e79c17c23ac5:172.19.0.9:9858], old=null at 0
s3g_1       | 	at org.apache.hadoop.io.retry.RetryInvocationHandler$Call.invokeMethod(RetryInvocationHandler.java:165)
scm_1       | 2019-11-15 18:23:27,465 INFO authorize.ServiceAuthorizationManager: Authorization successful for dn/51a3f85bf89b@EXAMPLE.COM (auth:KERBEROS) for protocol=interface org.apache.hadoop.ozone.protocol.StorageContainerDatanodeProtocol
kdc_1       | Nov 15 18:21:15 kdc kadmind[15](Notice): Request: kadm5_init, admin/admin@EXAMPLE.COM, success, client=admin/admin@EXAMPLE.COM, service=kadmin/admin@EXAMPLE.COM, addr=127.0.0.1, vers=4, flavor=6
om_1        | 2019-11-15 18:23:33,529 INFO authorize.ServiceAuthorizationManager: Authorization successful for testuser/scm@EXAMPLE.COM (auth:KERBEROS) for protocol=interface org.apache.hadoop.ozone.om.protocol.OzoneManagerProtocol
datanode_1  | 2019-11-15 18:21:41,227 INFO impl.RaftServerImpl: 8c184f62-1e9b-407e-a1e6-3f7952fe319f@group-80A5BB31DD26: set configuration 0: [8c184f62-1e9b-407e-a1e6-3f7952fe319f:172.19.0.6:9858], old=null at 0
datanode_3  | 2019-11-15 18:21:40,859 INFO segmented.SegmentedRaftLogWorker: 4e38b9ed-31b3-43d7-8bce-e79c17c23ac5@group-5D338ACF9B8B-SegmentedRaftLogWorker: created new log segment /data/metadata/ratis/4eca26ff-411d-4605-a470-5d338acf9b8b/current/log_inprogress_0
datanode_2  | 2019-11-15 18:21:41,698 INFO segmented.SegmentedRaftLogWorker: f3846b6c-c8a2-48d6-bd1b-184e5fa8de2f@group-814C3A62514D-SegmentedRaftLogWorker: Starting segment from index:0
s3g_1       | 	at org.apache.hadoop.io.retry.RetryInvocationHandler$Call.invoke(RetryInvocationHandler.java:157)
scm_1       | 2019-11-15 18:23:27,472 INFO authorize.ServiceAuthorizationManager: Authorization successful for dn/620027d53a68@EXAMPLE.COM (auth:KERBEROS) for protocol=interface org.apache.hadoop.ozone.protocol.StorageContainerDatanodeProtocol
om_1        | 2019-11-15 18:23:36,443 INFO ipc.Server: Auth successful for testuser/scm@EXAMPLE.COM (auth:KERBEROS)
datanode_1  | 2019-11-15 18:21:41,369 INFO segmented.SegmentedRaftLogWorker: 8c184f62-1e9b-407e-a1e6-3f7952fe319f@group-80A5BB31DD26-SegmentedRaftLogWorker: created new log segment /data/metadata/ratis/d1bdec4d-42e2-44fe-987c-80a5bb31dd26/current/log_inprogress_0
datanode_3  | 2019-11-15 18:21:41,725 INFO impl.FollowerState: 4e38b9ed-31b3-43d7-8bce-e79c17c23ac5@group-9629C0BF2CE6-FollowerState: change to CANDIDATE, lastRpcTime:5052ms, electionTimeout:5052ms
datanode_2  | 2019-11-15 18:21:41,709 INFO impl.RaftServerImpl: f3846b6c-c8a2-48d6-bd1b-184e5fa8de2f@group-814C3A62514D: set configuration 0: [f3846b6c-c8a2-48d6-bd1b-184e5fa8de2f:172.19.0.8:9858], old=null at 0
s3g_1       | 	at org.apache.hadoop.io.retry.RetryInvocationHandler$Call.invokeOnce(RetryInvocationHandler.java:95)
scm_1       | 2019-11-15 18:23:27,476 INFO ipc.Server: Auth successful for dn/68e953ae1d83@EXAMPLE.COM (auth:KERBEROS)
om_1        | 2019-11-15 18:23:36,459 INFO authorize.ServiceAuthorizationManager: Authorization successful for testuser/scm@EXAMPLE.COM (auth:KERBEROS) for protocol=interface org.apache.hadoop.ozone.om.protocol.OzoneManagerProtocol
datanode_1  | 2019-11-15 18:21:41,763 INFO impl.FollowerState: 8c184f62-1e9b-407e-a1e6-3f7952fe319f@group-9629C0BF2CE6-FollowerState: change to CANDIDATE, lastRpcTime:5056ms, electionTimeout:5056ms
kdc_1       | Nov 15 18:21:15 kdc kadmind[15](Notice): Request: kadm5_randkey_principal, om/51a3f85bf89b@EXAMPLE.COM, success, client=ad Kerberos database
datanode_2  | 2019-11-15 18:21:41,818 INFO segmented.SegmentedRaftLogWorker: f3846b6c-c8a2-48d6-bd1b-184e5fa8de2f@group-814C3A62514D-SegmentedRaftLogWorker: created new log segment /data/metadata/ratis/87e900d0-e718-4d8c-b1ed-814c3a62514d/current/log_inprogress_0
s3g_1       | 	at org.apache.hadoop.io.retry.RetryInvocationHandler.invoke(RetryInvocationHandler.java:359)
scm_1       | 2019-11-15 18:23:27,480 INFO authorize.ServiceAuthorizationManager: Authorization successful for dn/68e953ae1d83@EXAMPLE.COM (auth:KERBEROS) for protocol=interface org.apache.hadoop.ozone.protocol.StorageContainerDatanodeProtocol
om_1        | 2019-11-15 18:23:39,277 INFO ipc.Server: Auth successful for testuser/scm@EXAMPLE.COM (auth:KERBEROS)
datanode_1  | 2019-11-15 18:21:41,763 INFO impl.RoleInfo: 8c184f62-1e9b-407e-a1e6-3f7952fe319f: shutdown FollowerState
datanode_3  | 2019-11-15 18:21:41,726 INFO impl.RoleInfo: 4e38b9ed-31b3-43d7-8bce-e79c17c23ac5: shutdown FollowerState
kdc_1       | Nov 15 18:21:15 kdc krb5kdc[9](info): AS_REQ (8 etypes {18 17 20 19 16 23 25 26}) 127.0.0.1: ISSUE: authtime 1573842075, etypes {rep=18 tkt=18 ses=18}, admin/admin@EXAMPLE.COM for kadmin/admin@EXAMPLE.COM
datanode_2  | 2019-11-15 18:21:41,908 INFO impl.RaftServerImpl: f3846b6c-c8a2-48d6-bd1b-184e5fa8de2f@group-9629C0BF2CE6: changes role from  FOLLOWER to FOLLOWER at term 1 for recognizeCandidate:4e38b9ed-31b3-43d7-8bce-e79c17c23ac5
s3g_1       | 	at com.sun.proxy.$Proxy83.submitRequest(Unknown Source)
scm_1       | 2019-11-15 18:23:34,523 INFO ipc.Server: Auth successful for om/om@EXAMPLE.COM (auth:KERBEROS)
om_1        | 2019-11-15 18:23:39,290 INFO authorize.ServiceAuthorizationManager: Authorization successful for testuser/scm@EXAMPLE.COM (auth:KERBEROS) for protocol=interface org.apache.hadoop.ozone.om.protocol.OzoneManagerProtocol
datanode_1  | 2019-11-15 18:21:41,764 INFO impl.RaftServerImpl: 8c184f62-1e9b-407e-a1e6-3f7952fe319f@group-9629C0BF2CE6: changes role from  FOLLOWER to CANDIDATE at term 0 for changeToCandidate
datanode_3  | 2019-11-15 18:21:41,726 INFO impl.RaftServerImpl: 4e38b9ed-31b3-43d7-8bce-e79c17c23ac5@group-9629C0BF2CE6: changes role from  FOLLOWER to CANDIDATE at term 0 for changeToCandidate
kdc_1       | Nov 15 18:21:15 kdc krb5kdc[9](info): AS_REQ (8 etypes {18 17 20 19 16 23 25 26}) 127.0.0.1: SERVER_NOT_FOUND: admin/admin@EXAMPLE.COM for kadmin/localhost@EXAMPLE.COM, Server not found in Kerberos database
s3g_1       | 	at org.apache.hadoop.ozone.om.protocolPB.OzoneManagerProtocolClientSideTranslatorPB.submitRequest(OzoneManagerProtocolClientSideTranslatorPB.java:361)
datanode_2  | 2019-11-15 18:21:41,908 INFO impl.RoleInfo: f3846b6c-c8a2-48d6-bd1b-184e5fa8de2f: shutdown FollowerState
scm_1       | 2019-11-15 18:23:34,526 INFO authorize.ServiceAuthorizationManager: Authorization successful for om/om@EXAMPLE.COM (auth:KERBEROS) for protocol=interface org.apache.hadoop.hdds.scm.protocol.ScmBlockLocationProtocol
om_1        | 2019-11-15 18:23:42,100 INFO ipc.Server: Auth successful for testuser/scm@EXAMPLE.COM (auth:KERBEROS)
datanode_1  | 2019-11-15 18:21:41,764 INFO impl.RoleInfo: 8c184f62-1e9b-407e-a1e6-3f7952fe319f: start LeaderElection
datanode_3  | 2019-11-15 18:21:41,726 INFO impl.RoleInfo: 4e38b9ed-31b3-43d7-8bce-e79c17c23ac5: start LeaderElection
kdc_1       | Nov 15 18:21:15 kdc krb5kdc[9](info): AS_REQ (8 etypes {18 17 20 19 16 23 25 26}) 127.0.0.1: ISSUE: authtime 1573842075, etypes {rep=18 tkt=18 ses=18}, admin/admin@EXAMPLE.COM for kadmin/admin@EXAMPLE.COM
s3g_1       | 	at org.apache.hadoop.ozone.om.protocolPB.OzoneManagerProtocolClientSideTranslatorPB.getServiceInfo(OzoneManagerProtocolClientSideTranslatorPB.java:1252)
datanode_2  | 2019-11-15 18:21:41,908 INFO impl.RoleInfo: f3846b6c-c8a2-48d6-bd1b-184e5fa8de2f: start FollowerState
scm_1       | 2019-11-15 18:23:34,545 INFO server.SCMBlockProtocolServer: SCM is informed by OM to delete 1 blocks
om_1        | 2019-11-15 18:23:42,113 INFO authorize.ServiceAuthorizationManager: Authorization successful for testuser/scm@EXAMPLE.COM (auth:KERBEROS) for protocol=interface org.apache.hadoop.ozone.om.protocol.OzoneManagerProtocol
datanode_1  | 2019-11-15 18:21:41,793 INFO impl.LeaderElection: 8c184f62-1e9b-407e-a1e6-3f7952fe319f@group-9629C0BF2CE6-LeaderElection2: begin an election at term 1 for -1: [8c184f62-1e9b-407e-a1e6-3f7952fe319f:172.19.0.6:9858, 4e38b9ed-31b3-43d7-8bce-e79c17c23ac5:172.19.0.9:9858, f3846b6c-c8a2-48d6-bd1b-184e5fa8de2f:172.19.0.8:9858], old=null
datanode_3  | 2019-11-15 18:21:41,750 INFO impl.LeaderElection: 4e38b9ed-31b3-43d7-8bce-e79c17c23ac5@group-9629C0BF2CE6-LeaderElection2: begin an election at term 1 for -1: [8c184f62-1e9b-407e-a1e6-3f7952fe319f:172.19.0.6:9858, 4e38b9ed-31b3-43d7-8bce-e79c17c23ac5:172.19.0.9:9858, f3846b6c-c8a2-48d6-bd1b-184e5fa8de2f:172.19.0.8:9858], old=null
kdc_1       | min/admin@EXAMPLE.COM, service=kadmin/admin@EXAMPLE.COM, addr=127.0.0.1
s3g_1       | 	at java.base/jdk.internal.reflect.NativeMethodAccessorImpl.invoke0(Native Method)
datanode_2  | 2019-11-15 18:21:42,036 INFO ratis.XceiverServerRatis: Leader change notification received for group: group-9629C0BF2CE6 with new leaderId: 4e38b9ed-31b3-43d7-8bce-e79c17c23ac5
scm_1       | 2019-11-15 18:23:34,546 INFO block.BlockManagerImpl: Deleting blocks conID: 3 locID: 103143321157304445 bcsId: 0
om_1        | 2019-11-15 18:23:44,932 INFO ipc.Server: Auth successful for testuser/scm@EXAMPLE.COM (auth:KERBEROS)
datanode_1  | 2019-11-15 18:21:41,974 INFO impl.LeaderElection: 8c184f62-1e9b-407e-a1e6-3f7952fe319f@group-9629C0BF2CE6-LeaderElection2: Election REJECTED; received 2 response(s) [8c184f62-1e9b-407e-a1e6-3f7952fe319f<-4e38b9ed-31b3-43d7-8bce-e79c17c23ac5#0:FAIL-t1, 8c184f62-1e9b-407e-a1e6-3f7952fe319f<-f3846b6c-c8a2-48d6-bd1b-184e5fa8de2f#0:FAIL-t1] and 0 exception(s); 8c184f62-1e9b-407e-a1e6-3f7952fe319f@group-9629C0BF2CE6:t1, leader=null, voted=8c184f62-1e9b-407e-a1e6-3f7952fe319f, raftlog=8c184f62-1e9b-407e-a1e6-3f7952fe319f@group-9629C0BF2CE6-SegmentedRaftLog:OPENED:c-1,f-1,i0, conf=-1: [8c184f62-1e9b-407e-a1e6-3f7952fe319f:172.19.0.6:9858, 4e38b9ed-31b3-43d7-8bce-e79c17c23ac5:172.19.0.9:9858, f3846b6c-c8a2-48d6-bd1b-184e5fa8de2f:172.19.0.8:9858], old=null
datanode_3  | 2019-11-15 18:21:41,965 INFO impl.LeaderElection: 4e38b9ed-31b3-43d7-8bce-e79c17c23ac5@group-9629C0BF2CE6-LeaderElection2: Election PASSED; received 2 response(s) [4e38b9ed-31b3-43d7-8bce-e79c17c23ac5<-8c184f62-1e9b-407e-a1e6-3f7952fe319f#0:FAIL-t1, 4e38b9ed-31b3-43d7-8bce-e79c17c23ac5<-f3846b6c-c8a2-48d6-bd1b-184e5fa8de2f#0:OK-t1] and 0 exception(s); 4e38b9ed-31b3-43d7-8bce-e79c17c23ac5@group-9629C0BF2CE6:t1, leader=null, voted=4e38b9ed-31b3-43d7-8bce-e79c17c23ac5, raftlog=4e38b9ed-31b3-43d7-8bce-e79c17c23ac5@group-9629C0BF2CE6-SegmentedRaftLog:OPENED:c-1,f-1,i0, conf=-1: [8c184f62-1e9b-407e-a1e6-3f7952fe319f:172.19.0.6:9858, 4e38b9ed-31b3-43d7-8bce-e79c17c23ac5:172.19.0.9:9858, f3846b6c-c8a2-48d6-bd1b-184e5fa8de2f:172.19.0.8:9858], old=null
kdc_1       | Nov 15 18:21:15 kdc kadmind[15](Notice): Request: kadm5_get_principal, om/51a3f85bf89b@EXAMPLE.COM, success, client=admin/admin@EXAMPLE.COM, service=kadmin/admin@EXAMPLE.COM, addr=127.0.0.1
s3g_1       | 	at java.base/jdk.internal.reflect.NativeMethodAccessorImpl.invoke(NativeMethodAccessorImpl.java:62)
datanode_2  | 2019-11-15 18:21:42,036 INFO impl.RaftServerImpl: f3846b6c-c8a2-48d6-bd1b-184e5fa8de2f@group-9629C0BF2CE6: change Leader from null to 4e38b9ed-31b3-43d7-8bce-e79c17c23ac5 at term 1 for appendEntries, leader elected after 5338ms
scm_1       | 2019-11-15 18:23:57,456 INFO ipc.Server: Auth successful for dn/51a3f85bf89b@EXAMPLE.COM (auth:KERBEROS)
om_1        | 2019-11-15 18:23:44,944 INFO authorize.ServiceAuthorizationManager: Authorization successful for testuser/scm@EXAMPLE.COM (auth:KERBEROS) for protocol=interface org.apache.hadoop.ozone.om.protocol.OzoneManagerProtocol
datanode_1  | 2019-11-15 18:21:41,975 INFO impl.RaftServerImpl: 8c184f62-1e9b-407e-a1e6-3f7952fe319f@group-9629C0BF2CE6: changes role from CANDIDATE to FOLLOWER at term 1 for DISCOVERED_A_NEW_TERM
datanode_3  | 2019-11-15 18:21:41,965 INFO impl.RoleInfo: 4e38b9ed-31b3-43d7-8bce-e79c17c23ac5: shutdown LeaderElection
kdc_1       | Nov 15 18:21:15 kdc kadmind[15](info): closing down fd 18
s3g_1       | 	at java.base/jdk.internal.reflect.DelegatingMethodAccessorImpl.invoke(DelegatingMethodAccessorImpl.java:43)
datanode_2  | 2019-11-15 18:21:42,060 INFO impl.RaftServerImpl: f3846b6c-c8a2-48d6-bd1b-184e5fa8de2f@group-9629C0BF2CE6: set configuration 0: [8c184f62-1e9b-407e-a1e6-3f7952fe319f:172.19.0.6:9858, 4e38b9ed-31b3-43d7-8bce-e79c17c23ac5:172.19.0.9:9858, f3846b6c-c8a2-48d6-bd1b-184e5fa8de2f:172.19.0.8:9858], old=null at 0
scm_1       | 2019-11-15 18:23:57,462 INFO authorize.ServiceAuthorizationManager: Authorization successful for dn/51a3f85bf89b@EXAMPLE.COM (auth:KERBEROS) for protocol=interface org.apache.hadoop.ozone.protocol.StorageContainerDatanodeProtocol
om_1        | 2019-11-15 18:23:47,631 INFO ipc.Server: Auth successful for testuser/scm@EXAMPLE.COM (auth:KERBEROS)
datanode_1  | 2019-11-15 18:21:41,975 INFO impl.RoleInfo: 8c184f62-1e9b-407e-a1e6-3f7952fe319f: shutdown LeaderElection
datanode_3  | 2019-11-15 18:21:41,966 INFO impl.RaftServerImpl: 4e38b9ed-31b3-43d7-8bce-e79c17c23ac5@group-9629C0BF2CE6: changes role from CANDIDATE to LEADER at term 1 for changeToLeader
kdc_1       | Nov 15 18:21:15 kdc kadmind[15](Notice): Request: kadm5_init, admin/admin@EXAMPLE.COM, success, client=admin/admin@EXAMPLE.COM, service=kadmin/admin@EXAMPLE.COM, addr=127.0.0.1, vers=4, flavor=6
s3g_1       | 	at java.base/java.lang.reflect.Method.invoke(Method.java:566)
datanode_2  | 2019-11-15 18:21:42,060 INFO segmented.SegmentedRaftLogWorker: f3846b6c-c8a2-48d6-bd1b-184e5fa8de2f@group-9629C0BF2CE6-SegmentedRaftLogWorker: Starting segment from index:0
scm_1       | 2019-11-15 18:23:57,467 INFO ipc.Server: Auth successful for dn/620027d53a68@EXAMPLE.COM (auth:KERBEROS)
om_1        | 2019-11-15 18:23:47,642 INFO authorize.ServiceAuthorizationManager: Authorization successful for testuser/scm@EXAMPLE.COM (auth:KERBEROS) for protocol=interface org.apache.hadoop.ozone.om.protocol.OzoneManagerProtocol
datanode_1  | 2019-11-15 18:21:41,975 INFO impl.RoleInfo: 8c184f62-1e9b-407e-a1e6-3f7952fe319f: start FollowerState
datanode_3  | 2019-11-15 18:21:41,966 INFO ratis.XceiverServerRatis: Leader change notification received for group: group-9629C0BF2CE6 with new leaderId: 4e38b9ed-31b3-43d7-8bce-e79c17c23ac5
kdc_1       | Nov 15 18:21:15 kdc kadmind[15](Notice): Request: kadm5_get_policy, default, Policy does not exist, client=admin/admin@EXAMPLE.COM, service=kadmin/admin@EXAMPLE.COM, addr=127.0.0.1
s3g_1       | 	at org.apache.hadoop.hdds.tracing.TraceAllMethod.invoke(TraceAllMethod.java:66)
datanode_2  | 2019-11-15 18:21:42,105 INFO segmented.SegmentedRaftLogWorker: f3846b6c-c8a2-48d6-bd1b-184e5fa8de2f@group-9629C0BF2CE6-SegmentedRaftLogWorker: created new log segment /data/metadata/ratis/6e0d882e-fee6-4cae-ab44-9629c0bf2ce6/current/log_inprogress_0
scm_1       | 2019-11-15 18:23:57,471 INFO authorize.ServiceAuthorizationManager: Authorization successful for dn/620027d53a68@EXAMPLE.COM (auth:KERBEROS) for protocol=interface org.apache.hadoop.ozone.protocol.StorageContainerDatanodeProtocol
om_1        | 2019-11-15 18:23:50,383 INFO ipc.Server: Auth successful for testuser/scm@EXAMPLE.COM (auth:KERBEROS)
datanode_1  | 2019-11-15 18:21:42,036 INFO ratis.XceiverServerRatis: Leader change notification received for group: group-9629C0BF2CE6 with new leaderId: 4e38b9ed-31b3-43d7-8bce-e79c17c23ac5
datanode_3  | 2019-11-15 18:21:41,966 INFO impl.RaftServerImpl: 4e38b9ed-31b3-43d7-8bce-e79c17c23ac5@group-9629C0BF2CE6: change Leader from null to 4e38b9ed-31b3-43d7-8bce-e79c17c23ac5 at term 1 for becomeLeader, leader elected after 5300ms
kdc_1       | Nov 15 18:21:15 kdc kadmind[15](Notice): Request: kadm5_create_principal, om/3214cf9a5976@EXAMPLE.COM, success, client=admin/admin@EXAMPLE.COM, service=kadmin/admin@EXAMPLE.COM, addr=127.0.0.1
s3g_1       | 	at com.sun.proxy.$Proxy84.getServiceInfo(Unknown Source)
datanode_2  | 2019-11-15 18:21:56,096 INFO client.DNCertificateClient: Getting certificate with certSerialId:14188876138584054.
scm_1       | 2019-11-15 18:23:57,480 INFO ipc.Server: Auth successful for dn/68e953ae1d83@EXAMPLE.COM (auth:KERBEROS)
om_1        | 2019-11-15 18:23:50,397 INFO authorize.ServiceAuthorizationManager: Authorization successful for testuser/scm@EXAMPLE.COM (auth:KERBEROS) for protocol=interface org.apache.hadoop.ozone.om.protocol.OzoneManagerProtocol
datanode_1  | 2019-11-15 18:21:42,037 INFO impl.RaftServerImpl: 8c184f62-1e9b-407e-a1e6-3f7952fe319f@group-9629C0BF2CE6: change Leader from null to 4e38b9ed-31b3-43d7-8bce-e79c17c23ac5 at term 1 for appendEntries, leader elected after 5338ms
kdc_1       | Nov 15 18:21:15 kdc kadmind[15](info): closing down fd 18
scm_1       | 2019-11-15 18:23:57,484 INFO authorize.ServiceAuthorizationManager: Authorization successful for dn/68e953ae1d83@EXAMPLE.COM (auth:KERBEROS) for protocol=interface org.apache.hadoop.ozone.protocol.StorageContainerDatanodeProtocol
om_1        | 2019-11-15 18:23:53,110 INFO ipc.Server: Auth successful for testuser/scm@EXAMPLE.COM (auth:KERBEROS)
datanode_1  | 2019-11-15 18:21:42,061 INFO impl.RaftServerImpl: 8c184f62-1e9b-407e-a1e6-3f7952fe319f@group-9629C0BF2CE6: set configuration 0: [8c184f62-1e9b-407e-a1e6-3f7952fe319f:172.19.0.6:9858, 4e38b9ed-31b3-43d7-8bce-e79c17c23ac5:172.19.0.9:9858, f3846b6c-c8a2-48d6-bd1b-184e5fa8de2f:172.19.0.8:9858], old=null at 0
datanode_3  | 2019-11-15 18:21:41,967 INFO server.RaftServerConfigKeys: raft.server.staging.catchup.gap = 1000 (default)
s3g_1       | 	at org.apache.hadoop.ozone.client.rpc.RpcClient.<init>(RpcClient.java:157)
kdc_1       | Nov 15 18:21:15 kdc kadmind[15](Notice): Request: kadm5_init, admin/admin@EXAMPLE.COM, success, client=admin/admin@EXAMPLE.COM, service=kadmin/admin@EXAMPLE.COM, addr=127.0.0.1, vers=4, flavor=6
scm_1       | 2019-11-15 18:24:13,953 INFO ipc.Server: Auth successful for om/om@EXAMPLE.COM (auth:KERBEROS)
datanode_1  | 2019-11-15 18:21:42,061 INFO segmented.SegmentedRaftLogWorker: 8c184f62-1e9b-407e-a1e6-3f7952fe319f@group-9629C0BF2CE6-SegmentedRaftLogWorker: Starting segment from index:0
om_1        | 2019-11-15 18:23:53,124 INFO authorize.ServiceAuthorizationManager: Authorization successful for testuser/scm@EXAMPLE.COM (auth:KERBEROS) for protocol=interface org.apache.hadoop.ozone.om.protocol.OzoneManagerProtocol
datanode_3  | 2019-11-15 18:21:41,967 INFO server.RaftServerConfigKeys: raft.server.rpc.sleep.time = 25ms (default)
s3g_1       | 	at org.apache.hadoop.ozone.client.OzoneClientFactory.getClientProtocol(OzoneClientFactory.java:256)
kdc_1       | Nov 15 18:21:15 kdc kadmind[15](Notice): Request: kadm5_randkey_principal, om/3214cf9a5976@EXAMPLE.COM, success, client=admin/admin@EXAMPLE.COM, service=kadmin/admin@EXAMPLE.COM, addr=127.0.0.1
scm_1       | 2019-11-15 18:24:13,956 INFO authorize.ServiceAuthorizationManager: Authorization successful for om/om@EXAMPLE.COM (auth:KERBEROS) for protocol=interface org.apache.hadoop.hdds.scm.protocol.ScmBlockLocationProtocol
datanode_1  | 2019-11-15 18:21:42,105 INFO segmented.SegmentedRaftLogWorker: 8c184f62-1e9b-407e-a1e6-3f7952fe319f@group-9629C0BF2CE6-SegmentedRaftLogWorker: created new log segment /data/metadata/ratis/6e0d882e-fee6-4cae-ab44-9629c0bf2ce6/current/log_inprogress_0
om_1        | 2019-11-15 18:23:55,978 INFO ipc.Server: Auth successful for testuser/scm@EXAMPLE.COM (auth:KERBEROS)
s3g_1       | 	at org.apache.hadoop.ozone.client.OzoneClientFactory.getClientProtocol(OzoneClientFactory.java:239)
kdc_1       | Nov 15 18:21:15 kdc kadmind[15](Notice): Request: kadm5_get_principal, om/3214cf9a5976@EXAMPLE.COM, success, client=admin/admin@EXAMPLE.COM, service=kadmin/admin@EXAMPLE.COM, addr=127.0.0.1
scm_1       | 2019-11-15 18:24:27,455 INFO ipc.Server: Auth successful for dn/620027d53a68@EXAMPLE.COM (auth:KERBEROS)
datanode_3  | 2019-11-15 18:21:41,967 INFO server.RaftServerConfigKeys: raft.server.write.element-limit = 4096 (default)
datanode_1  | 2019-11-15 18:21:56,093 INFO client.DNCertificateClient: Getting certificate with certSerialId:14188876138584054.
om_1        | 2019-11-15 18:23:55,994 INFO authorize.ServiceAuthorizationManager: Authorization successful for testuser/scm@EXAMPLE.COM (auth:KERBEROS) for protocol=interface org.apache.hadoop.ozone.om.protocol.OzoneManagerProtocol
s3g_1       | 	at org.apache.hadoop.ozone.client.OzoneClientFactory.getClient(OzoneClientFactory.java:75)
kdc_1       | Nov 15 18:21:15 kdc kadmind[15](info): closing down fd 18
datanode_3  | 2019-11-15 18:21:41,967 INFO server.RaftServerConfigKeys: raft.server.watch.timeout = 10s (default)
scm_1       | 2019-11-15 18:24:27,461 INFO authorize.ServiceAuthorizationManager: Authorization successful for dn/620027d53a68@EXAMPLE.COM (auth:KERBEROS) for protocol=interface org.apache.hadoop.ozone.protocol.StorageContainerDatanodeProtocol
om_1        | 2019-11-15 18:23:56,715 ERROR acl.OMBucketAddAclRequest: Add acl [user:superuser1:rwxy[ACCESS]] to path /31791-rpcwoport2/bb1 failed, because acl already exist
s3g_1       | 	at org.apache.hadoop.ozone.s3.OzoneClientProducer.getClient(OzoneClientProducer.java:114)
kdc_1       | Nov 15 18:21:15 kdc kadmind[15](Notice): Request: kadm5_init, admin/admin@EXAMPLE.COM, success, client=admin/admin@EXAMPLE.COM, service=kadmin/admin@EXAMPLE.COM, addr=127.0.0.1, vers=4, flavor=6
datanode_3  | 2019-11-15 18:21:41,967 INFO server.RaftServerConfigKeys: raft.server.watch.timeout.denomination = 1s (default)
scm_1       | 2019-11-15 18:24:27,463 INFO ipc.Server: Auth successful for dn/51a3f85bf89b@EXAMPLE.COM (auth:KERBEROS)
om_1        | 2019-11-15 18:23:58,951 INFO ipc.Server: Auth successful for testuser/scm@EXAMPLE.COM (auth:KERBEROS)
s3g_1       | 	at org.apache.hadoop.ozone.s3.OzoneClientProducer.createClient(OzoneClientProducer.java:71)
kdc_1       | Nov 15 18:21:15 kdc kadmind[15](Notice): Request: kadm5_get_policy, default, Policy does not exist, client=admin/admin@EXAMPLE.COM, service=kadmin/admin@EXAMPLE.COM, addr=127.0.0.1
datanode_3  | 2019-11-15 18:21:41,967 INFO server.RaftServerConfigKeys: raft.server.watch.element-limit = 65536 (default)
scm_1       | 2019-11-15 18:24:27,470 INFO authorize.ServiceAuthorizationManager: Authorization successful for dn/51a3f85bf89b@EXAMPLE.COM (auth:KERBEROS) for protocol=interface org.apache.hadoop.ozone.protocol.StorageContainerDatanodeProtocol
om_1        | 2019-11-15 18:23:58,965 INFO authorize.ServiceAuthorizationManager: Authorization successful for testuser/scm@EXAMPLE.COM (auth:KERBEROS) for protocol=interface org.apache.hadoop.ozone.om.protocol.OzoneManagerProtocol
s3g_1       | 	at java.base/jdk.internal.reflect.NativeMethodAccessorImpl.invoke0(Native Method)
kdc_1       | Nov 15 18:21:15 kdc kadmind[15](Notice): Request: kadm5_create_principal, scm/scm@EXAMPLE.COM, success, client=admin/admin@EXAMPLE.COM, service=kadmin/admin@EXAMPLE.COM, addr=127.0.0.1
scm_1       | 2019-11-15 18:24:27,473 INFO ipc.Server: Auth successful for dn/68e953ae1d83@EXAMPLE.COM (auth:KERBEROS)
datanode_3  | 2019-11-15 18:21:41,970 INFO server.RaftServerConfigKeys: raft.server.log.appender.snapshot.chunk.size.max = 16MB (=16777216) (default)
om_1        | 2019-11-15 18:24:01,683 INFO ipc.Server: Auth successful for testuser/scm@EXAMPLE.COM (auth:KERBEROS)
s3g_1       | 	at java.base/jdk.internal.reflect.NativeMethodAccessorImpl.invoke(NativeMethodAccessorImpl.java:62)
kdc_1       | Nov 15 18:21:15 kdc kadmind[15](info): closing down fd 18
scm_1       | 2019-11-15 18:24:27,476 INFO authorize.ServiceAuthorizationManager: Authorization successful for dn/68e953ae1d83@EXAMPLE.COM (auth:KERBEROS) for protocol=interface org.apache.hadoop.ozone.protocol.StorageContainerDatanodeProtocol
datanode_3  | 2019-11-15 18:21:41,970 INFO server.RaftServerConfigKeys: raft.server.log.appender.buffer.byte-limit = 33554432 (custom)
s3g_1       | 	at java.base/jdk.internal.reflect.DelegatingMethodAccessorImpl.invoke(DelegatingMethodAccessorImpl.java:43)
om_1        | 2019-11-15 18:24:01,695 INFO authorize.ServiceAuthorizationManager: Authorization successful for testuser/scm@EXAMPLE.COM (auth:KERBEROS) for protocol=interface org.apache.hadoop.ozone.om.protocol.OzoneManagerProtocol
kdc_1       | Entry for principal scm/scm@EXAMPLE.COM with kvno 2, encryption type aes256-cts-hmac-sha1-96 added to keytab WRFILE:/data/scm.scm.keytab.
scm_1       | 2019-11-15 18:24:57,465 INFO ipc.Server: Auth successful for dn/51a3f85bf89b@EXAMPLE.COM (auth:KERBEROS)
datanode_3  | 2019-11-15 18:21:41,971 INFO server.RaftServerConfigKeys: raft.server.log.appender.buffer.element-limit = 1 (custom)
s3g_1       | 	at java.base/java.lang.reflect.Method.invoke(Method.java:566)
om_1        | 2019-11-15 18:24:04,494 INFO ipc.Server: Auth successful for testuser/scm@EXAMPLE.COM (auth:KERBEROS)
kdc_1       | Entry for principal scm/scm@EXAMPLE.COM with kvno 2, encryption type aes128-cts-hmac-sha1-96 added to keytab WRFILE:/data/scm.scm.keytab.
scm_1       | 2019-11-15 18:24:57,467 INFO ipc.Server: Auth successful for dn/620027d53a68@EXAMPLE.COM (auth:KERBEROS)
datanode_3  | 2019-11-15 18:21:41,973 INFO grpc.GrpcConfigKeys$Server: raft.grpc.server.leader.outstanding.appends.max = 128 (default)
s3g_1       | 	at org.jboss.weld.injection.StaticMethodInjectionPoint.invoke(StaticMethodInjectionPoint.java:88)
om_1        | 2019-11-15 18:24:04,507 INFO authorize.ServiceAuthorizationManager: Authorization successful for testuser/scm@EXAMPLE.COM (auth:KERBEROS) for protocol=interface org.apache.hadoop.ozone.om.protocol.OzoneManagerProtocol
kdc_1       | Generiting keytab
scm_1       | 2019-11-15 18:24:57,471 INFO authorize.ServiceAuthorizationManager: Authorization successful for dn/51a3f85bf89b@EXAMPLE.COM (auth:KERBEROS) for protocol=interface org.apache.hadoop.ozone.protocol.StorageContainerDatanodeProtocol
datanode_3  | 2019-11-15 18:21:41,974 INFO server.RaftServerConfigKeys: raft.server.rpc.request.timeout = 3000ms (default)
s3g_1       | 	at org.jboss.weld.injection.StaticMethodInjectionPoint.invoke(StaticMethodInjectionPoint.java:78)
om_1        | 2019-11-15 18:24:07,230 INFO ipc.Server: Auth successful for testuser/scm@EXAMPLE.COM (auth:KERBEROS)
