om_1        | STARTUP_MSG:   classpath = /etc/hadoop:/opt/hadoop/share/hadoop/common/*:/opt/hadoop/share/ozone/lib/kerb-simplekdc-1.0.1.jar:/opt/hadoop/share/ozone/lib/protobuf-java-2.5.0.jar:/opt/hadoop/share/ozone/lib/bcpkix-jdk15on-1.60.jar:/opt/hadoop/share/ozone/lib/sqlite-jdbc-3.25.2.jar:/opt/hadoop/share/ozone/lib/netty-3.10.5.Final.jar:/opt/hadoop/share/ozone/lib/commons-validator-1.6.jar:/opt/hadoop/share/ozone/lib/jaxb-impl-2.3.0.1.jar:/opt/hadoop/share/ozone/lib/kerb-core-1.0.1.jar:/opt/hadoop/share/ozone/lib/hadoop-ozone-common-0.5.0-SNAPSHOT.jar:/opt/hadoop/share/ozone/lib/ratis-thirdparty-misc-0.2.0.jar:/opt/hadoop/share/ozone/lib/jsr305-3.0.0.jar:/opt/hadoop/share/ozone/lib/leveldbjni-all-1.8.jar:/opt/hadoop/share/ozone/lib/htrace-core4-4.1.0-incubating.jar:/opt/hadoop/share/ozone/lib/hadoop-annotations-3.2.0.jar:/opt/hadoop/share/ozone/lib/hadoop-hdds-tools-0.5.0-SNAPSHOT.jar:/opt/hadoop/share/ozone/lib/kerb-util-1.0.1.jar:/opt/hadoop/share/ozone/lib/jackson-jaxrs-1.9.13.jar:/opt/hadoop/share/ozone/lib/ratis-server-0.5.0-d6d58d0-SNAPSHOT.jar:/opt/hadoop/share/ozone/lib/kerby-xdr-1.0.1.jar:/opt/hadoop/share/ozone/lib/jetty-webapp-9.3.25.v20180904.jar:/opt/hadoop/share/ozone/lib/jackson-core-asl-1.9.13.jar:/opt/hadoop/share/ozone/lib/commons-net-3.6.jar:/opt/hadoop/share/ozone/lib/log4j-api-2.11.0.jar:/opt/hadoop/share/ozone/lib/netty-all-4.0.52.Final.jar:/opt/hadoop/share/ozone/lib/hadoop-hdfs-3.2.0.jar:/opt/hadoop/share/ozone/lib/jline-0.9.94.jar:/opt/hadoop/share/ozone/lib/opentracing-api-0.31.0.jar:/opt/hadoop/share/ozone/lib/hadoop-hdds-server-framework-0.5.0-SNAPSHOT.jar:/opt/hadoop/share/ozone/lib/slf4j-log4j12-1.7.25.jar:/opt/hadoop/share/ozone/lib/hadoop-hdfs-client-3.2.0.jar:/opt/hadoop/share/ozone/lib/kerby-config-1.0.1.jar:/opt/hadoop/share/ozone/lib/jetty-util-9.3.25.v20180904.jar:/opt/hadoop/share/ozone/lib/libthrift-0.12.0.jar:/opt/hadoop/share/ozone/lib/metrics-core-3.2.4.jar:/opt/hadoop/share/ozone/lib/kerby-pkix-1.0.1.jar:/opt/hadoop/share/ozone/lib/xz-1.0.jar:/opt/hadoop/share/ozone/lib/hadoop-hdds-config-0.5.0-SNAPSHOT.jar:/opt/hadoop/share/ozone/lib/nimbus-jose-jwt-4.41.1.jar:/opt/hadoop/share/ozone/lib/jsr311-api-1.1.1.jar:/opt/hadoop/share/ozone/lib/commons-beanutils-1.9.4.jar:/opt/hadoop/share/ozone/lib/ratis-grpc-0.5.0-d6d58d0-SNAPSHOT.jar:/opt/hadoop/share/ozone/lib/ratis-netty-0.5.0-d6d58d0-SNAPSHOT.jar:/opt/hadoop/share/ozone/lib/javax.servlet-api-3.1.0.jar:/opt/hadoop/share/ozone/lib/kerb-server-1.0.1.jar:/opt/hadoop/share/ozone/lib/zookeeper-3.4.13.jar:/opt/hadoop/share/ozone/lib/avro-1.7.7.jar:/opt/hadoop/share/ozone/lib/kerb-client-1.0.1.jar:/opt/hadoop/share/ozone/lib/jackson-xc-1.9.13.jar:/opt/hadoop/share/ozone/lib/disruptor-3.4.2.jar:/opt/hadoop/share/ozone/lib/guava-11.0.2.jar:/opt/hadoop/share/ozone/lib/ratis-client-0.5.0-d6d58d0-SNAPSHOT.jar:/opt/hadoop/share/ozone/lib/hadoop-hdds-common-0.5.0-SNAPSHOT.jar:/opt/hadoop/share/ozone/lib/curator-framework-2.12.0.jar:/opt/hadoop/share/ozone/lib/dnsjava-2.1.7.jar:/opt/hadoop/share/ozone/lib/commons-configuration2-2.1.1.jar:/opt/hadoop/share/ozone/lib/json-smart-2.3.jar:/opt/hadoop/share/ozone/lib/token-provider-1.0.1.jar:/opt/hadoop/share/ozone/lib/log4j-1.2.17.jar:/opt/hadoop/share/ozone/lib/commons-daemon-1.0.13.jar:/opt/hadoop/share/ozone/lib/bcprov-jdk15on-1.60.jar:/opt/hadoop/share/ozone/lib/ratis-metrics-0.5.0-d6d58d0-SNAPSHOT.jar:/opt/hadoop/share/ozone/lib/commons-lang3-3.7.jar:/opt/hadoop/share/ozone/lib/commons-compress-1.4.1.jar:/opt/hadoop/share/ozone/lib/jaeger-client-0.34.0.jar:/opt/hadoop/share/ozone/lib/jetty-server-9.3.25.v20180904.jar:/opt/hadoop/share/ozone/lib/accessors-smart-1.2.jar:/opt/hadoop/share/ozone/lib/re2j-1.1.jar:/opt/hadoop/share/ozone/lib/curator-recipes-2.12.0.jar:/opt/hadoop/share/ozone/lib/jackson-core-2.9.9.jar:/opt/hadoop/share/ozone/lib/commons-math3-3.1.1.jar:/opt/hadoop/share/ozone/lib/opentracing-noop-0.31.0.jar:/opt/hadoop/share/ozone/lib/httpclient-4.5.2.jar:/opt/hadoop/share/ozone/lib/jaeger-core-0.34.0.jar:/opt/hadoop/share/ozone/lib/asm-5.0.4.jar:/opt/hadoop/share/ozone/lib/curator-client-2.12.0.jar:/opt/hadoop/share/ozone/lib/audience-annotations-0.5.0.jar:/opt/hadoop/share/ozone/lib/kerby-util-1.0.1.jar:/opt/hadoop/share/ozone/lib/jackson-mapper-asl-1.9.13.jar:/opt/hadoop/share/ozone/lib/rocksdbjni-6.0.1.jar:/opt/hadoop/share/ozone/lib/jsp-api-2.1.jar:/opt/hadoop/share/ozone/lib/jsch-0.1.54.jar:/opt/hadoop/share/ozone/lib/opentracing-tracerresolver-0.1.5.jar:/opt/hadoop/share/ozone/lib/paranamer-2.3.jar:/opt/hadoop/share/ozone/lib/log4j-core-2.11.0.jar:/opt/hadoop/share/ozone/lib/jetty-io-9.3.25.v20180904.jar:/opt/hadoop/share/ozone/lib/jetty-xml-9.3.25.v20180904.jar:/opt/hadoop/share/ozone/lib/commons-codec-1.11.jar:/opt/hadoop/share/ozone/lib/commons-pool2-2.6.0.jar:/opt/hadoop/share/ozone/lib/gson-2.2.4.jar:/opt/hadoop/share/ozone/lib/jcip-annotations-1.0-1.jar:/opt/hadoop/share/ozone/lib/kerb-admin-1.0.1.jar:/opt/hadoop/share/ozone/lib/okio-1.13.0.jar:/opt/hadoop/share/ozone/lib/commons-io-2.5.jar:/opt/hadoop/share/ozone/lib/snakeyaml-1.16.jar:/opt/hadoop/share/ozone/lib/hadoop-ozone-client-0.5.0-SNAPSHOT.jar:/opt/hadoop/share/ozone/lib/jersey-core-1.19.jar:/opt/hadoop/share/ozone/lib/jackson-databind-2.9.9.jar:/opt/hadoop/share/ozone/lib/hadoop-hdds-container-service-0.5.0-SNAPSHOT.jar:/opt/hadoop/share/ozone/lib/picocli-3.9.6.jar:/opt/hadoop/share/ozone/lib/jaeger-thrift-0.34.0.jar:/opt/hadoop/share/ozone/lib/ratis-common-0.5.0-d6d58d0-SNAPSHOT.jar:/opt/hadoop/share/ozone/lib/jackson-annotations-2.9.9.jar:/opt/hadoop/share/ozone/lib/commons-cli-1.2.jar:/opt/hadoop/share/ozone/lib/hadoop-hdds-docs-0.5.0-SNAPSHOT.jar:/opt/hadoop/share/ozone/lib/woodstox-core-5.0.3.jar:/opt/hadoop/share/ozone/lib/javax.annotation-api-1.2.jar:/opt/hadoop/share/ozone/lib/snappy-java-1.0.5.jar:/opt/hadoop/share/ozone/lib/jaeger-tracerresolver-0.34.0.jar:/opt/hadoop/share/ozone/lib/jetty-security-9.3.25.v20180904.jar:/opt/hadoop/share/ozone/lib/jetty-http-9.3.25.v20180904.jar:/opt/hadoop/share/ozone/lib/kerby-asn1-1.0.1.jar:/opt/hadoop/share/ozone/lib/okhttp-3.9.0.jar:/opt/hadoop/share/ozone/lib/stax2-api-3.1.4.jar:/opt/hadoop/share/ozone/lib/commons-digester-1.8.1.jar:/opt/hadoop/share/ozone/lib/commons-collections-3.2.2.jar:/opt/hadoop/share/ozone/lib/jettison-1.1.jar:/opt/hadoop/share/ozone/lib/commons-text-1.4.jar:/opt/hadoop/share/ozone/lib/jersey-servlet-1.19.jar:/opt/hadoop/share/ozone/lib/jersey-json-1.19.jar:/opt/hadoop/share/ozone/lib/slf4j-api-1.7.25.jar:/opt/hadoop/share/ozone/lib/jetty-util-ajax-9.3.25.v20180904.jar:/opt/hadoop/share/ozone/lib/commons-logging-1.1.3.jar:/opt/hadoop/share/ozone/lib/hadoop-hdds-client-0.5.0-SNAPSHOT.jar:/opt/hadoop/share/ozone/lib/kerb-identity-1.0.1.jar:/opt/hadoop/share/ozone/lib/ratis-proto-0.5.0-d6d58d0-SNAPSHOT.jar:/opt/hadoop/share/ozone/lib/opentracing-util-0.31.0.jar:/opt/hadoop/share/ozone/lib/hadoop-common-3.2.0.jar:/opt/hadoop/share/ozone/lib/hadoop-auth-3.2.0.jar:/opt/hadoop/share/ozone/lib/kerb-common-1.0.1.jar:/opt/hadoop/share/ozone/lib/jetty-servlet-9.3.25.v20180904.jar:/opt/hadoop/share/ozone/lib/jersey-server-1.19.jar:/opt/hadoop/share/ozone/lib/kerb-crypto-1.0.1.jar:/opt/hadoop/share/ozone/lib/httpcore-4.4.4.jar:/opt/hadoop/share/ozone/web:/opt/hadoop/share/ozone/lib/hadoop-ozone-ozone-manager-0.5.0-SNAPSHOT.jar
datanode_1  | 2019-11-06 20:06:36,415 INFO http.HttpServer2: Added global filter 'safety' (class=org.apache.hadoop.http.HttpServer2$QuotingInputFilter)
rm_1        | 2019-11-06 20:06:35 INFO  ResourceUtils:418 - Unable to find 'resource-types.xml'.
scm_1       | 2019-11-06 20:06:35,579 WARN server.ServerUtils: ozone.scm.db.dirs is not configured. We recommend adding this setting. Falling back to ozone.metadata.dirs instead.
datanode_3  | 2019-11-06 20:06:36,467 INFO http.HttpServer2: Added filter static_user_filter (class=org.apache.hadoop.http.lib.StaticUserWebFilter$StaticUserFilter) to context hddsDatanode
datanode_2  | 2019-11-06 20:06:37,569 INFO http.HttpServer2: Added filter static_user_filter (class=org.apache.hadoop.http.lib.StaticUserWebFilter$StaticUserFilter) to context static
nm_1        | 2019-11-06 20:06:35 INFO  AsyncDispatcher:223 - Registering class org.apache.hadoop.yarn.server.nodemanager.containermanager.container.ContainerEventType for class org.apache.hadoop.yarn.server.nodemanager.containermanager.ContainerManagerImpl$ContainerEventDispatcher
datanode_1  | 2019-11-06 20:06:36,417 INFO http.HttpServer2: Added filter static_user_filter (class=org.apache.hadoop.http.lib.StaticUserWebFilter$StaticUserFilter) to context hddsDatanode
om_1        | STARTUP_MSG:   build = https://github.com/apache/hadoop.git -r e97acb3bd8f3befd27418996fa5d4b50bf2e17bf; compiled by 'sunilg' on 2019-01-15T17:34Z
rm_1        | 2019-11-06 20:06:35 INFO  Configuration:2755 - found resource yarn-site.xml at file:/opt/hadoop/etc/hadoop/yarn-site.xml
scm_1       | 2019-11-06 20:06:35,594 WARN server.ServerUtils: ozone.scm.db.dirs is not configured. We recommend adding this setting. Falling back to ozone.metadata.dirs instead.
datanode_3  | 2019-11-06 20:06:36,467 INFO http.HttpServer2: Added filter static_user_filter (class=org.apache.hadoop.http.lib.StaticUserWebFilter$StaticUserFilter) to context static
datanode_2  | 2019-11-06 20:06:37,602 INFO http.HttpServer2: Jetty bound to port 9882
nm_1        | 2019-11-06 20:06:35 INFO  AsyncDispatcher:223 - Registering class org.apache.hadoop.yarn.server.nodemanager.containermanager.application.ApplicationEventType for class org.apache.hadoop.yarn.server.nodemanager.containermanager.ContainerManagerImpl$ApplicationEventDispatcher
nm_1        | 2019-11-06 20:06:35 INFO  AsyncDispatcher:223 - Registering class org.apache.hadoop.yarn.server.nodemanager.containermanager.localizer.event.LocalizationEventType for class org.apache.hadoop.yarn.server.nodemanager.containermanager.ContainerManagerImpl$LocalizationEventHandlerWrapper
datanode_1  | 2019-11-06 20:06:36,418 INFO http.HttpServer2: Added filter static_user_filter (class=org.apache.hadoop.http.lib.StaticUserWebFilter$StaticUserFilter) to context logs
om_1        | STARTUP_MSG:   java = 11.0.3
rm_1        | 2019-11-06 20:06:35 INFO  AsyncDispatcher:223 - Registering class org.apache.hadoop.yarn.server.resourcemanager.RMFatalEventType for class org.apache.hadoop.yarn.server.resourcemanager.ResourceManager$RMFatalEventDispatcher
scm_1       | 2019-11-06 20:06:35,622 INFO util.log: Logging initialized @1380ms
datanode_2  | 2019-11-06 20:06:37,604 INFO server.Server: jetty-9.3.25.v20180904, build timestamp: 2018-09-04T21:11:46Z, git hash: 3ce520221d0240229c862b122d2b06c12a625732
nm_1        | 2019-11-06 20:06:35 INFO  AsyncDispatcher:223 - Registering class org.apache.hadoop.yarn.server.nodemanager.containermanager.AuxServicesEventType for class org.apache.hadoop.yarn.server.nodemanager.containermanager.AuxServices
datanode_3  | 2019-11-06 20:06:36,467 INFO http.HttpServer2: Added filter static_user_filter (class=org.apache.hadoop.http.lib.StaticUserWebFilter$StaticUserFilter) to context logs
datanode_1  | 2019-11-06 20:06:36,418 INFO http.HttpServer2: Added filter static_user_filter (class=org.apache.hadoop.http.lib.StaticUserWebFilter$StaticUserFilter) to context static
rm_1        | 2019-11-06 20:06:35 INFO  NMTokenSecretManagerInRM:75 - NMTokenKeyRollingInterval: 86400000ms and NMTokenKeyActivationDelay: 900000ms
scm_1       | 2019-11-06 20:06:35,780 INFO db.DBStoreBuilder: using custom profile for table: deletedBlocks
om_1        | ************************************************************/
datanode_2  | 2019-11-06 20:06:37,633 INFO handler.ContextHandler: Started o.e.j.s.ServletContextHandler@20ab3e3a{/logs,file:///var/log/hadoop/,AVAILABLE}
nm_1        | 2019-11-06 20:06:35 INFO  AsyncDispatcher:223 - Registering class org.apache.hadoop.yarn.server.nodemanager.containermanager.monitor.ContainersMonitorEventType for class org.apache.hadoop.yarn.server.nodemanager.containermanager.monitor.ContainersMonitorImpl
datanode_3  | 2019-11-06 20:06:36,495 INFO http.HttpServer2: Jetty bound to port 9882
datanode_1  | 2019-11-06 20:06:36,446 INFO http.HttpServer2: Jetty bound to port 9882
rm_1        | 2019-11-06 20:06:35 INFO  RMContainerTokenSecretManager:81 - ContainerTokenKeyRollingInterval: 86400000ms and ContainerTokenKeyActivationDelay: 900000ms
scm_1       | 2019-11-06 20:06:35,780 INFO db.DBStoreBuilder: Using default column profile:DBProfile.DISK for Table:deletedBlocks
om_1        | 2019-11-06 20:06:42,078 INFO om.OzoneManagerStarter: registered UNIX signal handlers for [TERM, HUP, INT]
datanode_2  | 2019-11-06 20:06:37,634 INFO handler.ContextHandler: Started o.e.j.s.ServletContextHandler@1716e8c5{/static,jar:file:/opt/hadoop/share/ozone/lib/hadoop-hdds-container-service-0.5.0-SNAPSHOT.jar!/webapps/static,AVAILABLE}
nm_1        | 2019-11-06 20:06:35 INFO  AsyncDispatcher:223 - Registering class org.apache.hadoop.yarn.server.nodemanager.containermanager.launcher.ContainersLauncherEventType for class org.apache.hadoop.yarn.server.nodemanager.containermanager.launcher.ContainersLauncher
datanode_3  | 2019-11-06 20:06:36,497 INFO server.Server: jetty-9.3.25.v20180904, build timestamp: 2018-09-04T21:11:46Z, git hash: 3ce520221d0240229c862b122d2b06c12a625732
datanode_1  | 2019-11-06 20:06:36,448 INFO server.Server: jetty-9.3.25.v20180904, build timestamp: 2018-09-04T21:11:46Z, git hash: 3ce520221d0240229c862b122d2b06c12a625732
rm_1        | 2019-11-06 20:06:35 INFO  AMRMTokenSecretManager:94 - AMRMTokenKeyRollingInterval: 86400000ms and AMRMTokenKeyActivationDelay: 900000 ms
scm_1       | 2019-11-06 20:06:35,781 INFO db.DBStoreBuilder: using custom profile for table: validCerts
om_1        | 2019-11-06 20:06:42,956 INFO ha.OMHANodeDetails: Configuration either no ozone.om.address set. Falling back to the default OM address om/172.18.0.2:9862
datanode_2  | 2019-11-06 20:06:37,704 INFO handler.ContextHandler: Started o.e.j.w.WebAppContext@640ab13c{/,file:///tmp/jetty-0.0.0.0-9882-hddsDatanode-_-any-11350698418649082774.dir/webapp/,AVAILABLE}{/hddsDatanode}
nm_1        | 2019-11-06 20:06:35 INFO  AsyncDispatcher:223 - Registering class org.apache.hadoop.yarn.server.nodemanager.containermanager.scheduler.ContainerSchedulerEventType for class org.apache.hadoop.yarn.server.nodemanager.containermanager.scheduler.ContainerScheduler
datanode_3  | 2019-11-06 20:06:36,541 INFO handler.ContextHandler: Started o.e.j.s.ServletContextHandler@23f3da8b{/logs,file:///var/log/hadoop/,AVAILABLE}
datanode_1  | 2019-11-06 20:06:36,485 INFO handler.ContextHandler: Started o.e.j.s.ServletContextHandler@20ab3e3a{/logs,file:///var/log/hadoop/,AVAILABLE}
rm_1        | 2019-11-06 20:06:35 INFO  AsyncDispatcher:223 - Registering class org.apache.hadoop.yarn.server.resourcemanager.recovery.RMStateStoreEventType for class org.apache.hadoop.yarn.server.resourcemanager.recovery.RMStateStore$ForwardingEventHandler
scm_1       | 2019-11-06 20:06:35,781 INFO db.DBStoreBuilder: Using default column profile:DBProfile.DISK for Table:validCerts
om_1        | 2019-11-06 20:06:42,956 INFO ha.OMHANodeDetails: OM Service ID is not set. Setting it to the default ID: omServiceIdDefault
datanode_2  | 2019-11-06 20:06:37,712 INFO server.AbstractConnector: Started ServerConnector@a8f984b{HTTP/1.1,[http/1.1]}{0.0.0.0:9882}
datanode_3  | 2019-11-06 20:06:36,544 INFO handler.ContextHandler: Started o.e.j.s.ServletContextHandler@4e1a46fb{/static,jar:file:/opt/hadoop/share/ozone/lib/hadoop-hdds-container-service-0.5.0-SNAPSHOT.jar!/webapps/static,AVAILABLE}
nm_1        | 2019-11-06 20:06:35 INFO  NMLogAggregationStatusTracker:89 - the rolling interval seconds for the NodeManager Cached Log aggregation status is 600
datanode_1  | 2019-11-06 20:06:36,486 INFO handler.ContextHandler: Started o.e.j.s.ServletContextHandler@1716e8c5{/static,jar:file:/opt/hadoop/share/ozone/lib/hadoop-hdds-container-service-0.5.0-SNAPSHOT.jar!/webapps/static,AVAILABLE}
rm_1        | 2019-11-06 20:06:35 INFO  AsyncDispatcher:223 - Registering class org.apache.hadoop.yarn.server.resourcemanager.NodesListManagerEventType for class org.apache.hadoop.yarn.server.resourcemanager.NodesListManager
scm_1       | 2019-11-06 20:06:35,782 INFO db.DBStoreBuilder: using custom profile for table: revokedCerts
om_1        | 2019-11-06 20:06:42,960 WARN server.ServerUtils: ozone.om.db.dirs is not configured. We recommend adding this setting. Falling back to ozone.metadata.dirs instead.
datanode_2  | 2019-11-06 20:06:37,712 INFO server.Server: Started @3741ms
datanode_3  | 2019-11-06 20:06:36,682 INFO handler.ContextHandler: Started o.e.j.w.WebAppContext@80bfa9d{/,file:///tmp/jetty-0.0.0.0-9882-hddsDatanode-_-any-13766370439272019316.dir/webapp/,AVAILABLE}{/hddsDatanode}
nm_1        | 2019-11-06 20:06:35 INFO  AsyncDispatcher:223 - Registering class org.apache.hadoop.yarn.server.nodemanager.ContainerManagerEventType for class org.apache.hadoop.yarn.server.nodemanager.containermanager.ContainerManagerImpl
datanode_1  | 2019-11-06 20:06:36,641 INFO handler.ContextHandler: Started o.e.j.w.WebAppContext@640ab13c{/,file:///tmp/jetty-0.0.0.0-9882-hddsDatanode-_-any-12222985563191549157.dir/webapp/,AVAILABLE}{/hddsDatanode}
rm_1        | 2019-11-06 20:06:35 INFO  ResourceManager:440 - Using Scheduler: org.apache.hadoop.yarn.server.resourcemanager.scheduler.capacity.CapacityScheduler
scm_1       | 2019-11-06 20:06:35,782 INFO db.DBStoreBuilder: Using default column profile:DBProfile.DISK for Table:revokedCerts
om_1        | 2019-11-06 20:06:42,969 WARN server.ServerUtils: ozone.om.db.dirs is not configured. We recommend adding this setting. Falling back to ozone.metadata.dirs instead.
datanode_2  | 2019-11-06 20:06:37,717 INFO impl.MetricsSinkAdapter: Sink prometheus started
datanode_3  | 2019-11-06 20:06:36,693 INFO server.AbstractConnector: Started ServerConnector@feb98ef{HTTP/1.1,[http/1.1]}{0.0.0.0:9882}
nm_1        | 2019-11-06 20:06:35 INFO  AsyncDispatcher:223 - Registering class org.apache.hadoop.yarn.server.nodemanager.NodeManagerEventType for class org.apache.hadoop.yarn.server.nodemanager.NodeManager
datanode_1  | 2019-11-06 20:06:36,651 INFO server.AbstractConnector: Started ServerConnector@7b27e8f4{HTTP/1.1,[http/1.1]}{0.0.0.0:9882}
rm_1        | 2019-11-06 20:06:35 INFO  AsyncDispatcher:223 - Registering class org.apache.hadoop.yarn.server.resourcemanager.scheduler.event.SchedulerEventType for class org.apache.hadoop.yarn.event.EventDispatcher
scm_1       | 2019-11-06 20:06:35,805 INFO db.DBStoreBuilder: using custom profile for table: default
om_1        | 2019-11-06 20:06:43,736 WARN server.ServerUtils: ozone.om.db.dirs is not configured. We recommend adding this setting. Falling back to ozone.metadata.dirs instead.
datanode_2  | 2019-11-06 20:06:37,717 INFO impl.MetricsSystemImpl: Registered sink prometheus
datanode_3  | 2019-11-06 20:06:36,697 INFO server.Server: Started @3726ms
nm_1        | 2019-11-06 20:06:35 INFO  FluentPropertyBeanIntrospector:147 - Error when creating PropertyDescriptor for public final void org.apache.commons.configuration2.AbstractConfiguration.setProperty(java.lang.String,java.lang.Object)! Ignoring this property.
datanode_1  | 2019-11-06 20:06:36,653 INFO server.Server: Started @3690ms
rm_1        | 2019-11-06 20:06:35 INFO  AsyncDispatcher:223 - Registering class org.apache.hadoop.yarn.server.resourcemanager.rmapp.RMAppEventType for class org.apache.hadoop.yarn.server.resourcemanager.ResourceManager$ApplicationEventDispatcher
scm_1       | 2019-11-06 20:06:35,806 INFO db.DBStoreBuilder: Using default column profile:DBProfile.DISK for Table:default
om_1        | 2019-11-06 20:06:43,761 INFO util.log: Logging initialized @2436ms
datanode_2  | 2019-11-06 20:06:37,720 INFO server.BaseHttpServer: HTTP server of HDDSDATANODE is listening at http://0.0.0.0:9882
datanode_3  | 2019-11-06 20:06:36,701 INFO impl.MetricsSinkAdapter: Sink prometheus started
nm_1        | 2019-11-06 20:06:35 INFO  MetricsConfig:121 - loaded properties from hadoop-metrics2.properties
datanode_1  | 2019-11-06 20:06:36,656 INFO impl.MetricsSinkAdapter: Sink prometheus started
rm_1        | 2019-11-06 20:06:35 INFO  AsyncDispatcher:223 - Registering class org.apache.hadoop.yarn.server.resourcemanager.rmapp.attempt.RMAppAttemptEventType for class org.apache.hadoop.yarn.server.resourcemanager.ResourceManager$ApplicationAttemptEventDispatcher
scm_1       | 2019-11-06 20:06:35,808 INFO db.DBStoreBuilder: Using default options. DBProfile.DISK
om_1        | 2019-11-06 20:06:43,880 INFO db.DBStoreBuilder: using custom profile for table: userTable
datanode_2  | 2019-11-06 20:06:37,741 INFO util.JvmPauseMonitor: Starting JVM pause monitor
datanode_3  | 2019-11-06 20:06:36,702 INFO impl.MetricsSystemImpl: Registered sink prometheus
nm_1        | 2019-11-06 20:06:36 INFO  MetricsSystemImpl:374 - Scheduled Metric snapshot period at 10 second(s).
datanode_1  | 2019-11-06 20:06:36,656 INFO impl.MetricsSystemImpl: Registered sink prometheus
rm_1        | 2019-11-06 20:06:35 INFO  AsyncDispatcher:223 - Registering class org.apache.hadoop.yarn.server.resourcemanager.rmnode.RMNodeEventType for class org.apache.hadoop.yarn.server.resourcemanager.ResourceManager$NodeEventDispatcher
scm_1       | 2019-11-06 20:06:36,104 INFO net.NodeSchemaLoader: Loading file from java.lang.CompoundEnumeration@39d76cb5
om_1        | 2019-11-06 20:06:43,881 INFO db.DBStoreBuilder: Using default column profile:DBProfile.DISK for Table:userTable
datanode_2  | 2019-11-06 20:06:37,873 INFO datanode.InitDatanodeState: DatanodeDetails is persisted to /data/metadata/datanode.id
datanode_3  | 2019-11-06 20:06:36,705 INFO server.BaseHttpServer: HTTP server of HDDSDATANODE is listening at http://0.0.0.0:9882
datanode_1  | 2019-11-06 20:06:36,658 INFO server.BaseHttpServer: HTTP server of HDDSDATANODE is listening at http://0.0.0.0:9882
rm_1        | 2019-11-06 20:06:35 INFO  FluentPropertyBeanIntrospector:147 - Error when creating PropertyDescriptor for public final void org.apache.commons.configuration2.AbstractConfiguration.setProperty(java.lang.String,java.lang.Object)! Ignoring this property.
nm_1        | 2019-11-06 20:06:36 INFO  MetricsSystemImpl:191 - NodeManager metrics system started
om_1        | 2019-11-06 20:06:43,882 INFO db.DBStoreBuilder: using custom profile for table: volumeTable
datanode_2  | 2019-11-06 20:06:39,839 INFO ozoneimpl.OzoneContainer: Attempting to start container services.
scm_1       | 2019-11-06 20:06:36,105 INFO net.NodeSchemaLoader: Loading network topology layer schema file
datanode_3  | 2019-11-06 20:06:36,722 INFO util.JvmPauseMonitor: Starting JVM pause monitor
datanode_1  | 2019-11-06 20:06:36,693 INFO util.JvmPauseMonitor: Starting JVM pause monitor
rm_1        | 2019-11-06 20:06:35 INFO  MetricsConfig:121 - loaded properties from hadoop-metrics2.properties
nm_1        | 2019-11-06 20:06:36 INFO  DirectoryCollection:189 - Disk Validator: yarn.nodemanager.disk-validator is loaded.
om_1        | 2019-11-06 20:06:43,882 INFO db.DBStoreBuilder: Using default column profile:DBProfile.DISK for Table:volumeTable
datanode_2  | 2019-11-06 20:06:39,841 INFO ozoneimpl.OzoneContainer: Background container scanner has been disabled.
scm_1       | 2019-11-06 20:06:36,201 INFO node.SCMNodeManager: Entering startup safe mode.
datanode_3  | 2019-11-06 20:06:36,927 INFO datanode.InitDatanodeState: DatanodeDetails is persisted to /data/metadata/datanode.id
datanode_1  | 2019-11-06 20:06:36,899 INFO datanode.InitDatanodeState: DatanodeDetails is persisted to /data/metadata/datanode.id
rm_1        | 2019-11-06 20:06:35 INFO  MetricsSystemImpl:374 - Scheduled Metric snapshot period at 10 second(s).
nm_1        | 2019-11-06 20:06:36 INFO  DirectoryCollection:189 - Disk Validator: yarn.nodemanager.disk-validator is loaded.
om_1        | 2019-11-06 20:06:43,882 INFO db.DBStoreBuilder: using custom profile for table: bucketTable
datanode_2  | 2019-11-06 20:06:39,841 INFO ratis.XceiverServerRatis: Starting XceiverServerRatis e1bb9e6b-9f5f-4a78-8e5c-d160a4d2eebe at port 9858
scm_1       | 2019-11-06 20:06:36,288 INFO algorithms.ContainerPlacementPolicyFactory: Create container placement policy of type org.apache.hadoop.hdds.scm.container.placement.algorithms.SCMContainerPlacementRandom
datanode_3  | 2019-11-06 20:06:38,999 INFO ozoneimpl.OzoneContainer: Attempting to start container services.
datanode_1  | 2019-11-06 20:06:39,010 INFO ozoneimpl.OzoneContainer: Attempting to start container services.
nm_1        | 2019-11-06 20:06:36 INFO  NodeResourceMonitorImpl:75 -  Using ResourceCalculatorPlugin : org.apache.hadoop.yarn.util.ResourceCalculatorPlugin@59e2d8e3
om_1        | 2019-11-06 20:06:43,882 INFO db.DBStoreBuilder: Using default column profile:DBProfile.DISK for Table:bucketTable
rm_1        | 2019-11-06 20:06:35 INFO  MetricsSystemImpl:191 - ResourceManager metrics system started
datanode_2  | 2019-11-06 20:06:39,860 INFO impl.RaftServerProxy: e1bb9e6b-9f5f-4a78-8e5c-d160a4d2eebe: start RPC server
scm_1       | 2019-11-06 20:06:36,302 WARN server.ServerUtils: ozone.scm.db.dirs is not configured. We recommend adding this setting. Falling back to ozone.metadata.dirs instead.
datanode_3  | 2019-11-06 20:06:39,001 INFO ozoneimpl.OzoneContainer: Background container scanner has been disabled.
datanode_1  | 2019-11-06 20:06:39,012 INFO ozoneimpl.OzoneContainer: Background container scanner has been disabled.
nm_1        | 2019-11-06 20:06:36 INFO  AsyncDispatcher:223 - Registering class org.apache.hadoop.yarn.server.nodemanager.containermanager.loghandler.event.LogHandlerEventType for class org.apache.hadoop.yarn.server.nodemanager.containermanager.loghandler.NonAggregatingLogHandler
om_1        | 2019-11-06 20:06:43,883 INFO db.DBStoreBuilder: using custom profile for table: keyTable
rm_1        | 2019-11-06 20:06:35 INFO  YarnAuthorizationProvider:58 - org.apache.hadoop.yarn.security.ConfiguredYarnAuthorizer is instantiated.
datanode_2  | 2019-11-06 20:06:39,984 INFO server.GrpcService: e1bb9e6b-9f5f-4a78-8e5c-d160a4d2eebe: GrpcService started, listening on 0.0.0.0/0.0.0.0:9858
scm_1       | 2019-11-06 20:06:36,393 INFO pipeline.SCMPipelineManager: No pipeline exists in current db
datanode_3  | 2019-11-06 20:06:39,001 INFO ratis.XceiverServerRatis: Starting XceiverServerRatis b4013684-e0d3-4440-8e3c-2c315705e43c at port 9858
datanode_1  | 2019-11-06 20:06:39,012 INFO ratis.XceiverServerRatis: Starting XceiverServerRatis d9fce6a4-12f9-4da7-8820-88f91e5e758e at port 9858
nm_1        | 2019-11-06 20:06:36 INFO  AsyncDispatcher:223 - Registering class org.apache.hadoop.yarn.server.nodemanager.containermanager.localizer.sharedcache.SharedCacheUploadEventType for class org.apache.hadoop.yarn.server.nodemanager.containermanager.localizer.sharedcache.SharedCacheUploadService
om_1        | 2019-11-06 20:06:43,883 INFO db.DBStoreBuilder: Using default column profile:DBProfile.DISK for Table:keyTable
rm_1        | 2019-11-06 20:06:35 INFO  AsyncDispatcher:223 - Registering class org.apache.hadoop.yarn.server.resourcemanager.RMAppManagerEventType for class org.apache.hadoop.yarn.server.resourcemanager.RMAppManager
datanode_2  | WARNING: An illegal reflective access operation has occurred
datanode_1  | 2019-11-06 20:06:39,034 INFO impl.RaftServerProxy: d9fce6a4-12f9-4da7-8820-88f91e5e758e: start RPC server
datanode_3  | 2019-11-06 20:06:39,022 INFO impl.RaftServerProxy: b4013684-e0d3-4440-8e3c-2c315705e43c: start RPC server
scm_1       | 2019-11-06 20:06:36,395 WARN server.ServerUtils: ozone.scm.db.dirs is not configured. We recommend adding this setting. Falling back to ozone.metadata.dirs instead.
nm_1        | 2019-11-06 20:06:36 INFO  ContainerManagerImpl:336 - AMRMProxyService is disabled
om_1        | 2019-11-06 20:06:43,883 INFO db.DBStoreBuilder: using custom profile for table: deletedTable
rm_1        | 2019-11-06 20:06:36 INFO  AsyncDispatcher:223 - Registering class org.apache.hadoop.yarn.server.resourcemanager.amlauncher.AMLauncherEventType for class org.apache.hadoop.yarn.server.resourcemanager.amlauncher.ApplicationMasterLauncher
datanode_2  | WARNING: Illegal reflective access by org.apache.ratis.thirdparty.com.google.protobuf.UnsafeUtil (file:/opt/hadoop/share/ozone/lib/ratis-thirdparty-misc-0.2.0.jar) to field java.nio.Buffer.address
datanode_1  | 2019-11-06 20:06:39,155 INFO server.GrpcService: d9fce6a4-12f9-4da7-8820-88f91e5e758e: GrpcService started, listening on 0.0.0.0/0.0.0.0:9858
datanode_3  | 2019-11-06 20:06:39,130 INFO server.GrpcService: b4013684-e0d3-4440-8e3c-2c315705e43c: GrpcService started, listening on 0.0.0.0/0.0.0.0:9858
scm_1       | 2019-11-06 20:06:36,516 WARN events.EventQueue: No event handler registered for event TypedEvent{payloadType=SafeModeStatus, name='SafeModeStatus'}
nm_1        | 2019-11-06 20:06:36 INFO  ResourceLocalizationService:242 - per directory file limit = 8192
om_1        | 2019-11-06 20:06:43,883 INFO db.DBStoreBuilder: Using default column profile:DBProfile.DISK for Table:deletedTable
rm_1        | 2019-11-06 20:06:36 INFO  RMNMInfo:63 - Registered RMNMInfo MBean
datanode_2  | WARNING: Please consider reporting this to the maintainers of org.apache.ratis.thirdparty.com.google.protobuf.UnsafeUtil
datanode_1  | WARNING: An illegal reflective access operation has occurred
datanode_3  | WARNING: An illegal reflective access operation has occurred
scm_1       | 2019-11-06 20:06:37,235 INFO ipc.CallQueueManager: Using callQueue: class java.util.concurrent.LinkedBlockingQueue, queueCapacity: 1000, scheduler: class org.apache.hadoop.ipc.DefaultRpcScheduler, ipcBackoff: false.
nm_1        | 2019-11-06 20:06:36 INFO  ResourceLocalizationService:271 - Disk Validator: yarn.nodemanager.disk-validator is loaded.
om_1        | 2019-11-06 20:06:43,883 INFO db.DBStoreBuilder: using custom profile for table: openKeyTable
rm_1        | 2019-11-06 20:06:36 INFO  RMAppLifetimeMonitor:66 - Application lifelime monitor interval set to 3000 ms.
datanode_2  | WARNING: Use --illegal-access=warn to enable warnings of further illegal reflective access operations
datanode_1  | WARNING: Illegal reflective access by org.apache.ratis.thirdparty.com.google.protobuf.UnsafeUtil (file:/opt/hadoop/share/ozone/lib/ratis-thirdparty-misc-0.2.0.jar) to field java.nio.Buffer.address
datanode_3  | WARNING: Illegal reflective access by org.apache.ratis.thirdparty.com.google.protobuf.UnsafeUtil (file:/opt/hadoop/share/ozone/lib/ratis-thirdparty-misc-0.2.0.jar) to field java.nio.Buffer.address
scm_1       | 2019-11-06 20:06:37,258 INFO ipc.Server: Starting Socket Reader #1 for port 9861
nm_1        | 2019-11-06 20:06:36 INFO  AsyncDispatcher:223 - Registering class org.apache.hadoop.yarn.server.nodemanager.containermanager.localizer.event.LocalizerEventType for class org.apache.hadoop.yarn.server.nodemanager.containermanager.localizer.ResourceLocalizationService$LocalizerTracker
om_1        | 2019-11-06 20:06:43,883 INFO db.DBStoreBuilder: Using default column profile:DBProfile.DISK for Table:openKeyTable
rm_1        | 2019-11-06 20:06:36 INFO  HostsFileReader:211 - Refreshing hosts (include/exclude) list
datanode_2  | WARNING: All illegal access operations will be denied in a future release
datanode_1  | WARNING: Please consider reporting this to the maintainers of org.apache.ratis.thirdparty.com.google.protobuf.UnsafeUtil
datanode_3  | WARNING: Please consider reporting this to the maintainers of org.apache.ratis.thirdparty.com.google.protobuf.UnsafeUtil
scm_1       | 2019-11-06 20:06:37,287 INFO ipc.CallQueueManager: Using callQueue: class java.util.concurrent.LinkedBlockingQueue, queueCapacity: 1000, scheduler: class org.apache.hadoop.ipc.DefaultRpcScheduler, ipcBackoff: false.
nm_1        | 2019-11-06 20:06:36 INFO  AuxServices:103 - Adding auxiliary service mapreduce_shuffle, "mapreduce_shuffle"
om_1        | 2019-11-06 20:06:43,883 INFO db.DBStoreBuilder: using custom profile for table: s3Table
rm_1        | 2019-11-06 20:06:36 INFO  Configuration:2755 - found resource capacity-scheduler.xml at file:/opt/hadoop/etc/hadoop/capacity-scheduler.xml
datanode_2  | 2019-11-06 20:06:42,731 INFO impl.RaftServerProxy: e1bb9e6b-9f5f-4a78-8e5c-d160a4d2eebe: addNew group-7A8E737C7480:[e1bb9e6b-9f5f-4a78-8e5c-d160a4d2eebe:172.18.0.7:9858] returns group-7A8E737C7480:java.util.concurrent.CompletableFuture@51d17a9c[Not completed]
datanode_1  | WARNING: Use --illegal-access=warn to enable warnings of further illegal reflective access operations
datanode_3  | WARNING: Use --illegal-access=warn to enable warnings of further illegal reflective access operations
scm_1       | 2019-11-06 20:06:37,288 INFO ipc.Server: Starting Socket Reader #1 for port 9863
nm_1        | 2019-11-06 20:06:36 INFO  ContainersMonitorImpl:130 -  Using ResourceCalculatorPlugin : org.apache.hadoop.yarn.util.ResourceCalculatorPlugin@6c2ed0cd
om_1        | 2019-11-06 20:06:43,883 INFO db.DBStoreBuilder: Using default column profile:DBProfile.DISK for Table:s3Table
rm_1        | 2019-11-06 20:06:36 INFO  AbstractYarnScheduler:1371 - Minimum allocation = <memory:1024, vCores:1>
datanode_1  | WARNING: All illegal access operations will be denied in a future release
datanode_2  | 2019-11-06 20:06:42,748 INFO impl.RaftServerImpl: e1bb9e6b-9f5f-4a78-8e5c-d160a4d2eebe: new RaftServerImpl for group-7A8E737C7480:[e1bb9e6b-9f5f-4a78-8e5c-d160a4d2eebe:172.18.0.7:9858] with ContainerStateMachine:uninitialized
datanode_3  | WARNING: All illegal access operations will be denied in a future release
scm_1       | 2019-11-06 20:06:37,300 INFO ipc.CallQueueManager: Using callQueue: class java.util.concurrent.LinkedBlockingQueue, queueCapacity: 1000, scheduler: class org.apache.hadoop.ipc.DefaultRpcScheduler, ipcBackoff: false.
nm_1        | 2019-11-06 20:06:36 INFO  ContainersMonitorImpl:135 -  Using ResourceCalculatorProcessTree : null
om_1        | 2019-11-06 20:06:43,884 INFO db.DBStoreBuilder: using custom profile for table: multipartInfoTable
rm_1        | 2019-11-06 20:06:36 INFO  AbstractYarnScheduler:1383 - Maximum allocation = <memory:8192, vCores:4>
datanode_1  | 2019-11-06 20:06:41,724 INFO impl.RaftServerProxy: d9fce6a4-12f9-4da7-8820-88f91e5e758e: addNew group-D272DDB2DACA:[d9fce6a4-12f9-4da7-8820-88f91e5e758e:172.18.0.8:9858] returns group-D272DDB2DACA:java.util.concurrent.CompletableFuture@1ed59471[Not completed]
datanode_2  | 2019-11-06 20:06:42,749 INFO server.RaftServerConfigKeys: raft.server.rpc.timeout.min = 5s (custom)
datanode_3  | 2019-11-06 20:06:42,238 INFO impl.RaftServerProxy: b4013684-e0d3-4440-8e3c-2c315705e43c: addNew group-61FE452858BF:[b4013684-e0d3-4440-8e3c-2c315705e43c:172.18.0.9:9858] returns group-61FE452858BF:java.util.concurrent.CompletableFuture@2efd7fe6[Not completed]
nm_1        | 2019-11-06 20:06:36 INFO  ContainersMonitorImpl:176 - Physical memory check enabled: false
scm_1       | 2019-11-06 20:06:37,301 INFO ipc.Server: Starting Socket Reader #1 for port 9860
om_1        | 2019-11-06 20:06:43,884 INFO db.DBStoreBuilder: Using default column profile:DBProfile.DISK for Table:multipartInfoTable
rm_1        | 2019-11-06 20:06:36 INFO  CapacitySchedulerConfiguration:912 - max alloc mb per queue for root is undefined
datanode_1  | 2019-11-06 20:06:41,739 INFO impl.RaftServerImpl: d9fce6a4-12f9-4da7-8820-88f91e5e758e: new RaftServerImpl for group-D272DDB2DACA:[d9fce6a4-12f9-4da7-8820-88f91e5e758e:172.18.0.8:9858] with ContainerStateMachine:uninitialized
datanode_2  | 2019-11-06 20:06:42,750 INFO server.RaftServerConfigKeys: raft.server.rpc.timeout.max = 5200ms (custom)
datanode_3  | 2019-11-06 20:06:42,252 INFO impl.RaftServerImpl: b4013684-e0d3-4440-8e3c-2c315705e43c: new RaftServerImpl for group-61FE452858BF:[b4013684-e0d3-4440-8e3c-2c315705e43c:172.18.0.9:9858] with ContainerStateMachine:uninitialized
nm_1        | 2019-11-06 20:06:36 INFO  ContainersMonitorImpl:177 - Virtual memory check enabled: false
scm_1       | 2019-11-06 20:06:37,331 INFO hdfs.DFSUtil: Starting Web-server for scm at: http://0.0.0.0:9876
om_1        | 2019-11-06 20:06:43,884 INFO db.DBStoreBuilder: using custom profile for table: dTokenTable
rm_1        | 2019-11-06 20:06:36 INFO  CapacitySchedulerConfiguration:916 - max alloc vcore per queue for root is undefined
datanode_2  | 2019-11-06 20:06:42,750 INFO server.RaftServerConfigKeys: raft.server.rpcslowness.timeout = 120s (custom)
datanode_3  | 2019-11-06 20:06:42,253 INFO server.RaftServerConfigKeys: raft.server.rpc.timeout.min = 5s (custom)
nm_1        | 2019-11-06 20:06:36 INFO  ContainersMonitorImpl:181 - ContainersMonitor enabled: true
scm_1       | 2019-11-06 20:06:37,492 INFO server.AuthenticationFilter: Unable to initialize FileSignerSecretProvider, falling back to use random secrets.
datanode_1  | 2019-11-06 20:06:41,740 INFO server.RaftServerConfigKeys: raft.server.rpc.timeout.min = 5s (custom)
rm_1        | 2019-11-06 20:06:36 INFO  ParentQueue:151 - root, capacity=1.0, absoluteCapacity=1.0, maxCapacity=1.0, absoluteMaxCapacity=1.0, state=RUNNING, acls=ADMINISTER_QUEUE:*SUBMIT_APP:*, labels=*,
om_1        | 2019-11-06 20:06:43,884 INFO db.DBStoreBuilder: Using default column profile:DBProfile.DISK for Table:dTokenTable
datanode_2  | 2019-11-06 20:06:42,750 INFO server.RaftServerConfigKeys: raft.server.sleep.deviation.threshold = 300 (default)
nm_1        | 2019-11-06 20:06:36 INFO  ContainerManagerImpl:394 - Not a recoverable state store. Nothing to recover.
scm_1       | 2019-11-06 20:06:37,505 INFO http.HttpRequestLog: Http request log for http.requests.scm is not defined
datanode_1  | 2019-11-06 20:06:41,741 INFO server.RaftServerConfigKeys: raft.server.rpc.timeout.max = 5200ms (custom)
datanode_3  | 2019-11-06 20:06:42,254 INFO server.RaftServerConfigKeys: raft.server.rpc.timeout.max = 5200ms (custom)
rm_1        | , reservationsContinueLooking=true, orderingPolicy=utilization, priority=0
om_1        | 2019-11-06 20:06:43,885 INFO db.DBStoreBuilder: using custom profile for table: s3SecretTable
datanode_2  | 2019-11-06 20:06:42,751 INFO server.RaftServerConfigKeys: raft.server.log.appender.install.snapshot.enabled = false (custom)
nm_1        | 2019-11-06 20:06:36 INFO  Configuration:2752 - resource-types.xml not found
datanode_1  | 2019-11-06 20:06:41,741 INFO server.RaftServerConfigKeys: raft.server.rpcslowness.timeout = 120s (custom)
scm_1       | 2019-11-06 20:06:37,512 INFO http.HttpServer2: Added global filter 'safety' (class=org.apache.hadoop.http.HttpServer2$QuotingInputFilter)
datanode_3  | 2019-11-06 20:06:42,254 INFO server.RaftServerConfigKeys: raft.server.rpcslowness.timeout = 120s (custom)
rm_1        | 2019-11-06 20:06:36 INFO  ParentQueue:114 - Initialized parent-queue root name=root, fullname=root
om_1        | 2019-11-06 20:06:43,885 INFO db.DBStoreBuilder: Using default column profile:DBProfile.DISK for Table:s3SecretTable
datanode_2  | 2019-11-06 20:06:42,757 INFO impl.RaftServerImpl: e1bb9e6b-9f5f-4a78-8e5c-d160a4d2eebe@group-7A8E737C7480: ConfigurationManager, init=-1: [e1bb9e6b-9f5f-4a78-8e5c-d160a4d2eebe:172.18.0.7:9858], old=null, confs=<EMPTY_MAP>
nm_1        | 2019-11-06 20:06:36 INFO  ResourceUtils:418 - Unable to find 'resource-types.xml'.
datanode_1  | 2019-11-06 20:06:41,742 INFO server.RaftServerConfigKeys: raft.server.sleep.deviation.threshold = 300 (default)
scm_1       | 2019-11-06 20:06:37,515 INFO http.HttpServer2: Added filter static_user_filter (class=org.apache.hadoop.http.lib.StaticUserWebFilter$StaticUserFilter) to context scm
datanode_3  | 2019-11-06 20:06:42,255 INFO server.RaftServerConfigKeys: raft.server.sleep.deviation.threshold = 300 (default)
rm_1        | 2019-11-06 20:06:36 INFO  CapacitySchedulerConfiguration:912 - max alloc mb per queue for root.default is undefined
om_1        | 2019-11-06 20:06:43,885 INFO db.DBStoreBuilder: using custom profile for table: prefixTable
datanode_2  | 2019-11-06 20:06:42,757 INFO server.RaftServerConfigKeys: raft.server.storage.dir = [/data/metadata/ratis] (custom)
nm_1        | 2019-11-06 20:06:36 INFO  Configuration:2752 - node-resources.xml not found
datanode_1  | 2019-11-06 20:06:41,742 INFO server.RaftServerConfigKeys: raft.server.log.appender.install.snapshot.enabled = false (custom)
scm_1       | 2019-11-06 20:06:37,515 INFO http.HttpServer2: Added filter static_user_filter (class=org.apache.hadoop.http.lib.StaticUserWebFilter$StaticUserFilter) to context static
datanode_3  | 2019-11-06 20:06:42,255 INFO server.RaftServerConfigKeys: raft.server.log.appender.install.snapshot.enabled = false (custom)
rm_1        | 2019-11-06 20:06:36 INFO  CapacitySchedulerConfiguration:916 - max alloc vcore per queue for root.default is undefined
om_1        | 2019-11-06 20:06:43,885 INFO db.DBStoreBuilder: Using default column profile:DBProfile.DISK for Table:prefixTable
datanode_2  | 2019-11-06 20:06:42,761 INFO server.RaftServerConfigKeys: raft.server.log.corruption.policy = EXCEPTION (default)
nm_1        | 2019-11-06 20:06:36 INFO  ResourceUtils:418 - Unable to find 'node-resources.xml'.
datanode_1  | 2019-11-06 20:06:41,748 INFO impl.RaftServerImpl: d9fce6a4-12f9-4da7-8820-88f91e5e758e@group-D272DDB2DACA: ConfigurationManager, init=-1: [d9fce6a4-12f9-4da7-8820-88f91e5e758e:172.18.0.8:9858], old=null, confs=<EMPTY_MAP>
scm_1       | 2019-11-06 20:06:37,515 INFO http.HttpServer2: Added filter static_user_filter (class=org.apache.hadoop.http.lib.StaticUserWebFilter$StaticUserFilter) to context logs
datanode_3  | 2019-11-06 20:06:42,261 INFO impl.RaftServerImpl: b4013684-e0d3-4440-8e3c-2c315705e43c@group-61FE452858BF: ConfigurationManager, init=-1: [b4013684-e0d3-4440-8e3c-2c315705e43c:172.18.0.9:9858], old=null, confs=<EMPTY_MAP>
rm_1        | 2019-11-06 20:06:36 INFO  LeafQueue:289 - Initializing default
om_1        | 2019-11-06 20:06:43,900 INFO db.DBStoreBuilder: using custom profile for table: default
datanode_2  | 2019-11-06 20:06:42,762 INFO storage.RaftStorageDirectory: The storage directory /data/metadata/ratis/0ddfa159-6ae8-41e1-82d9-7a8e737c7480 does not exist. Creating ...
nm_1        | 2019-11-06 20:06:36 INFO  NodeStatusUpdaterImpl:192 - Nodemanager resources is set to: <memory:8192, vCores:8>
datanode_1  | 2019-11-06 20:06:41,748 INFO server.RaftServerConfigKeys: raft.server.storage.dir = [/data/metadata/ratis] (custom)
scm_1       | 2019-11-06 20:06:37,543 INFO server.StorageContainerManager: StorageContainerLocationProtocol RPC server is listening at /0.0.0.0:9860
datanode_3  | 2019-11-06 20:06:42,261 INFO server.RaftServerConfigKeys: raft.server.storage.dir = [/data/metadata/ratis] (custom)
rm_1        | capacity = 1.0 [= (float) configuredCapacity / 100 ]
om_1        | 2019-11-06 20:06:43,900 INFO db.DBStoreBuilder: Using default column profile:DBProfile.DISK for Table:default
datanode_2  | 2019-11-06 20:06:42,779 INFO storage.RaftStorageDirectory: Lock on /data/metadata/ratis/0ddfa159-6ae8-41e1-82d9-7a8e737c7480/in_use.lock acquired by nodename 7@1b1fb939d962
nm_1        | 2019-11-06 20:06:36 INFO  NodeStatusUpdaterImpl:236 - Initialized nodemanager with : physical-memory=8192 virtual-memory=17204 virtual-cores=8
datanode_1  | 2019-11-06 20:06:41,752 INFO server.RaftServerConfigKeys: raft.server.log.corruption.policy = EXCEPTION (default)
scm_1       | 2019-11-06 20:06:37,617 INFO impl.MetricsConfig: Loaded properties from hadoop-metrics2.properties
datanode_3  | 2019-11-06 20:06:42,266 INFO server.RaftServerConfigKeys: raft.server.log.corruption.policy = EXCEPTION (default)
rm_1        | absoluteCapacity = 1.0 [= parentAbsoluteCapacity * capacity ]
om_1        | 2019-11-06 20:06:43,903 INFO db.DBStoreBuilder: Using default options. DBProfile.DISK
datanode_2  | 2019-11-06 20:06:42,805 INFO storage.RaftStorage: Storage directory /data/metadata/ratis/0ddfa159-6ae8-41e1-82d9-7a8e737c7480 has been successfully formatted.
nm_1        | 2019-11-06 20:06:36 INFO  CallQueueManager:84 - Using callQueue: class java.util.concurrent.LinkedBlockingQueue queueCapacity: 2000 scheduler: class org.apache.hadoop.ipc.DefaultRpcScheduler
datanode_1  | 2019-11-06 20:06:41,754 INFO storage.RaftStorageDirectory: The storage directory /data/metadata/ratis/b9346c2d-8b73-48ae-8b0f-d272ddb2daca does not exist. Creating ...
scm_1       | 2019-11-06 20:06:37,664 INFO impl.MetricsSystemImpl: Scheduled Metric snapshot period at 10 second(s).
datanode_3  | 2019-11-06 20:06:42,267 INFO storage.RaftStorageDirectory: The storage directory /data/metadata/ratis/c0757efb-2e80-467f-a474-61fe452858bf does not exist. Creating ...
rm_1        | maxCapacity = 1.0 [= configuredMaxCapacity ]
om_1        | 2019-11-06 20:06:44,494 INFO ipc.CallQueueManager: Using callQueue: class java.util.concurrent.LinkedBlockingQueue, queueCapacity: 2000, scheduler: class org.apache.hadoop.ipc.DefaultRpcScheduler, ipcBackoff: false.
datanode_2  | 2019-11-06 20:06:42,809 INFO ratis.ContainerStateMachine: group-7A8E737C7480: The snapshot info is null. Setting the last applied indexto:(t:0, i:~)
nm_1        | 2019-11-06 20:06:36 INFO  Server:1070 - Starting Socket Reader #1 for port 45965
datanode_1  | 2019-11-06 20:06:41,772 INFO storage.RaftStorageDirectory: Lock on /data/metadata/ratis/b9346c2d-8b73-48ae-8b0f-d272ddb2daca/in_use.lock acquired by nodename 7@76449f3fbbb9
scm_1       | 2019-11-06 20:06:37,664 INFO impl.MetricsSystemImpl: StorageContainerManager metrics system started
rm_1        | absoluteMaxCapacity = 1.0 [= 1.0 maximumCapacity undefined, (parentAbsoluteMaxCapacity * maximumCapacity) / 100 otherwise ]
datanode_3  | 2019-11-06 20:06:42,278 INFO storage.RaftStorageDirectory: Lock on /data/metadata/ratis/c0757efb-2e80-467f-a474-61fe452858bf/in_use.lock acquired by nodename 7@42f56421f044
om_1        | 2019-11-06 20:06:44,509 INFO ipc.Server: Starting Socket Reader #1 for port 9862
nm_1        | 2019-11-06 20:06:36 INFO  RpcServerFactoryPBImpl:173 - Adding protocol org.apache.hadoop.yarn.api.ContainerManagementProtocolPB to the server
datanode_2  | 2019-11-06 20:06:42,809 INFO server.RaftServerConfigKeys: raft.server.notification.no-leader.timeout = 120s (custom)
datanode_1  | 2019-11-06 20:06:41,790 INFO storage.RaftStorage: Storage directory /data/metadata/ratis/b9346c2d-8b73-48ae-8b0f-d272ddb2daca has been successfully formatted.
scm_1       | 2019-11-06 20:06:37,880 INFO server.SCMClientProtocolServer: RPC server for Client  is listening at /0.0.0.0:9860
rm_1        | effectiveMinResource=<memory:0, vCores:0>
om_1        | 2019-11-06 20:06:44,563 INFO om.OzoneManager: OzoneManager RPC server is listening at om/172.18.0.2:9862
datanode_3  | 2019-11-06 20:06:42,306 INFO storage.RaftStorage: Storage directory /data/metadata/ratis/c0757efb-2e80-467f-a474-61fe452858bf has been successfully formatted.
nm_1        | 2019-11-06 20:06:36 INFO  Server:1310 - IPC Server Responder: starting
datanode_2  | 2019-11-06 20:06:42,811 INFO server.RaftServerConfigKeys: raft.server.log.use.memory = false (default)
scm_1       | 2019-11-06 20:06:37,880 INFO ipc.Server: IPC Server Responder: starting
rm_1        |  , effectiveMaxResource=<memory:0, vCores:0>
om_1        | 2019-11-06 20:06:44,665 INFO impl.MetricsConfig: Loaded properties from hadoop-metrics2.properties
datanode_1  | 2019-11-06 20:06:41,794 INFO ratis.ContainerStateMachine: group-D272DDB2DACA: The snapshot info is null. Setting the last applied indexto:(t:0, i:~)
datanode_3  | 2019-11-06 20:06:42,310 INFO ratis.ContainerStateMachine: group-61FE452858BF: The snapshot info is null. Setting the last applied indexto:(t:0, i:~)
nm_1        | 2019-11-06 20:06:36 INFO  Server:1149 - IPC Server listener on 45965: starting
datanode_2  | 2019-11-06 20:06:42,815 INFO server.RaftServerConfigKeys: raft.server.log.purge.gap = 1000000 (custom)
scm_1       | 2019-11-06 20:06:37,880 INFO ipc.Server: IPC Server listener on 9860: starting
rm_1        | userLimit = 100 [= configuredUserLimit ]
om_1        | 2019-11-06 20:06:44,723 INFO impl.MetricsSystemImpl: Scheduled Metric snapshot period at 10 second(s).
datanode_3  | 2019-11-06 20:06:42,310 INFO server.RaftServerConfigKeys: raft.server.notification.no-leader.timeout = 120s (custom)
nm_1        | 2019-11-06 20:06:36 INFO  NMContainerTokenSecretManager:265 - Updating node address : nm:45965
datanode_2  | 2019-11-06 20:06:42,815 INFO server.RaftServerConfigKeys: raft.server.log.appender.buffer.byte-limit = 33554432 (custom)
datanode_1  | 2019-11-06 20:06:41,795 INFO server.RaftServerConfigKeys: raft.server.notification.no-leader.timeout = 120s (custom)
rm_1        | userLimitFactor = 1.0 [= configuredUserLimitFactor ]
om_1        | 2019-11-06 20:06:44,724 INFO impl.MetricsSystemImpl: OzoneManager metrics system started
scm_1       | 2019-11-06 20:06:37,883 INFO server.StorageContainerManager: ScmBlockLocationProtocol RPC server is listening at /0.0.0.0:9863
datanode_3  | 2019-11-06 20:06:42,313 INFO server.RaftServerConfigKeys: raft.server.log.use.memory = false (default)
nm_1        | 2019-11-06 20:06:36 INFO  CallQueueManager:84 - Using callQueue: class java.util.concurrent.LinkedBlockingQueue queueCapacity: 500 scheduler: class org.apache.hadoop.ipc.DefaultRpcScheduler
datanode_2  | 2019-11-06 20:06:42,817 INFO server.RaftServerConfigKeys: raft.server.log.segment.size.max = 1048576 (custom)
datanode_1  | 2019-11-06 20:06:41,797 INFO server.RaftServerConfigKeys: raft.server.log.use.memory = false (default)
rm_1        | maxApplications = 10000 [= configuredMaximumSystemApplicationsPerQueue or (int)(configuredMaximumSystemApplications * absoluteCapacity)]
om_1        | 2019-11-06 20:06:44,780 INFO ipc.Server: IPC Server Responder: starting
scm_1       | 2019-11-06 20:06:37,884 INFO server.SCMBlockProtocolServer: RPC server for Block Protocol is listening at /0.0.0.0:9863
datanode_3  | 2019-11-06 20:06:42,318 INFO server.RaftServerConfigKeys: raft.server.log.purge.gap = 1000000 (custom)
nm_1        | 2019-11-06 20:06:36 INFO  Server:1070 - Starting Socket Reader #1 for port 8040
