datanode_2  | 2019-11-10 15:32:53,750 INFO server.RaftServerConfigKeys: raft.server.log.statemachine.data.caching.enabled = true (custom)
om_1        | 2019-11-10 15:32:51,979 INFO security.OzoneDelegationTokenSecretManager: Updating the current master key for generating tokens
datanode_3  | 2019-11-10 15:32:52,719 WARN impl.MetricRegistriesImpl: First MetricRegistry has been created without registering reporters. You may need to call MetricRegistries.global().addReportRegistration(...) before.
jhs         | 2019-11-10 15:32:40 INFO  ContextHandler:781 - Started o.e.j.w.WebAppContext@5eb97ced{/,file:///tmp/jetty-jhs-8188-applicationhistory-_-any-2643599586408133132.dir/webapp/,AVAILABLE}{/applicationhistory}
scm_1       | 2019-11-10 15:32:51,696 INFO net.NetworkTopology: Added a new node: /default-rack/44997ed3-5d69-430b-bd15-dad0da2da459
nm_1        | 2019-11-10 15:32:35 INFO  HttpServer2:948 - Added filter static_user_filter (class=org.apache.hadoop.http.lib.StaticUserWebFilter$StaticUserFilter) to context node
kdc_1       | Nov 10 15:32:16 kdc krb5kdc[9](info): AS_REQ (8 etypes {18 17 20 19 16 23 25 26}) 127.0.0.1: ISSUE: authtime 1573399936, etypes {rep=18 tkt=18 ses=18}, admin/admin@EXAMPLE.COM for kadmin/admin@EXAMPLE.COM
rm_1        | 2019-11-10 15:32:42 INFO  CapacitySchedulerQueueManager:298 - Initialized queue: default: capacity=1.0, absoluteCapacity=1.0, usedResources=<memory:0, vCores:0>, usedCapacity=0.0, absoluteUsedCapacity=0.0, numApps=0, numContainers=0, effectiveMinResource=<memory:0, vCores:0> , effectiveMaxResource=<memory:0, vCores:0>
kms_1       | 	at org.eclipse.jetty.server.handler.ScopedHandler.handle(ScopedHandler.java:143)
datanode_1  | 2019-11-10 15:32:53,246 INFO server.RaftServerConfigKeys: raft.server.snapshot.retention.file.num = 5 (custom)
datanode_2  | 2019-11-10 15:32:53,755 INFO segmented.SegmentedRaftLogWorker: fe85e399-463f-481a-b199-484982cab8ed@group-4FC7B53B37DF-SegmentedRaftLogWorker: flushIndex: setUnconditionally 0 -> -1
om_1        | 2019-11-10 15:32:51,980 INFO security.OzoneDelegationTokenSecretManager: Starting expired delegation token remover thread, tokenRemoverScanInterval=60 min(s)
jhs         | 2019-11-10 15:32:40 INFO  AbstractConnector:278 - Started ServerConnector@27fde870{HTTP/1.1,[http/1.1]}{jhs:8188}
scm_1       | 2019-11-10 15:32:51,696 INFO node.SCMNodeManager: Registered Data node : 44997ed3-5d69-430b-bd15-dad0da2da459{ip: 172.19.0.8, host: ozonesecure-mr_datanode_1.ozone, networkLocation: /default-rack, certSerialId: 13746752416683678}
datanode_3  | 2019-11-10 15:32:52,721 INFO impl.RaftServerImpl: 516f595d-b197-4125-8530-6ddae405d304@group-825FEB637E1C: start as a follower, conf=-1: [516f595d-b197-4125-8530-6ddae405d304:172.19.0.11:9858], old=null
kdc_1       | Nov 10 15:32:16 kdc krb5kdc[9](info): AS_REQ (8 etypes {18 17 20 19 16 23 25 26}) 127.0.0.1: SERVER_NOT_FOUND: admin/admin@EXAMPLE.COM for kadmin/localhost@EXAMPLE.COM, Server not found in Kerberos database
rm_1        | 2019-11-10 15:32:42 INFO  CapacitySchedulerQueueManager:298 - Initialized queue: root: numChildQueue= 1, capacity=1.0, absoluteCapacity=1.0, usedResources=<memory:0, vCores:0>usedCapacity=0.0, numApps=0, numContainers=0
kms_1       | 	at org.eclipse.jetty.security.SecurityHandler.handle(SecurityHandler.java:548)
datanode_1  | 2019-11-10 15:32:53,247 INFO server.RaftServerConfigKeys: raft.server.retrycache.expirytime = 600000ms (custom)
datanode_2  | 2019-11-10 15:32:53,760 INFO server.RaftServerConfigKeys: raft.server.snapshot.auto.trigger.enabled = true (custom)
om_1        | 2019-11-10 15:32:52,000 INFO ipc.Server: IPC Server Responder: starting
jhs         | 2019-11-10 15:32:40 INFO  Server:419 - Started @3573ms
scm_1       | 2019-11-10 15:32:51,702 INFO net.NetworkTopology: Added a new node: /default-rack/fe85e399-463f-481a-b199-484982cab8ed
datanode_3  | 2019-11-10 15:32:52,722 INFO impl.RaftServerImpl: 516f595d-b197-4125-8530-6ddae405d304@group-825FEB637E1C: changes role from      null to FOLLOWER at term 0 for startAsFollower
nm_1        | 2019-11-10 15:32:35 INFO  HttpServer2:958 - Added filter static_user_filter (class=org.apache.hadoop.http.lib.StaticUserWebFilter$StaticUserFilter) to context static
kdc_1       | Nov 10 15:32:16 kdc krb5kdc[9](info): AS_REQ (8 etypes {18 17 20 19 16 23 25 26}) 127.0.0.1: ISSUE: authtime 1573399936, etypes {rep=18 tkt=18 ses=18}, admin/admin@EXAMPLE.COM for kadmin/admin@EXAMPLE.COM
rm_1        | 2019-11-10 15:32:42 INFO  CapacitySchedulerQueueManager:163 - Initialized root queue root: numChildQueue= 1, capacity=1.0, absoluteCapacity=1.0, usedResources=<memory:0, vCores:0>usedCapacity=0.0, numApps=0, numContainers=0
kms_1       | 	at org.eclipse.jetty.server.session.SessionHandler.doHandle(SessionHandler.java:226)
datanode_1  | 2019-11-10 15:32:53,266 WARN impl.MetricRegistriesImpl: First MetricRegistry has been created without registering reporters. You may need to call MetricRegistries.global().addReportRegistration(...) before.
datanode_2  | 2019-11-10 15:32:53,761 INFO server.RaftServerConfigKeys: raft.server.snapshot.auto.trigger.threshold = 10000 (custom)
om_1        | 2019-11-10 15:32:52,002 INFO ipc.Server: IPC Server listener on 9862: starting
scm_1       | 2019-11-10 15:32:51,702 INFO node.SCMNodeManager: Registered Data node : fe85e399-463f-481a-b199-484982cab8ed{ip: 172.19.0.6, host: ozonesecure-mr_datanode_2.ozone, networkLocation: /default-rack, certSerialId: 13746752416683743}
jhs         | 2019-11-10 15:32:40 INFO  ApplicationHistoryServer:318 - Instantiating AHSWebApp at 8188
datanode_3  | 2019-11-10 15:32:52,724 INFO impl.RoleInfo: 516f595d-b197-4125-8530-6ddae405d304: start FollowerState
nm_1        | 2019-11-10 15:32:35 INFO  HttpServer2:958 - Added filter static_user_filter (class=org.apache.hadoop.http.lib.StaticUserWebFilter$StaticUserFilter) to context logs
kdc_1       | Nov 10 15:32:16 kdc krb5kdc[9](info): AS_REQ (8 etypes {18 17 20 19 16 23 25 26}) 127.0.0.1: SERVER_NOT_FOUND: admin/admin@EXAMPLE.COM for kadmin/localhost@EXAMPLE.COM, Server not found in Kerberos database
kms_1       | 	at org.eclipse.jetty.server.handler.ContextHandler.doHandle(ContextHandler.java:1180)
rm_1        | 2019-11-10 15:32:42 INFO  UserGroupMappingPlacementRule:237 - Initialized queue mappings, override: false
datanode_1  | 2019-11-10 15:32:53,268 WARN impl.MetricRegistriesImpl: First MetricRegistry has been created without registering reporters. You may need to call MetricRegistries.global().addReportRegistration(...) before.
datanode_2  | 2019-11-10 15:32:53,761 INFO server.RaftServerConfigKeys: raft.server.snapshot.retention.file.num = 5 (custom)
om_1        | 2019-11-10 15:32:52,034 INFO hdfs.DFSUtil: Starting web server as: HTTP/om@EXAMPLE.COM
scm_1       | 2019-11-10 15:32:52,835 INFO pipeline.PipelineStateManager: Created pipeline Pipeline[ Id: eb5b1ca8-8ca0-4e3a-b732-825feb637e1c, Nodes: 516f595d-b197-4125-8530-6ddae405d304{ip: 172.19.0.11, host: ozonesecure-mr_datanode_3.ozone, networkLocation: /default-rack, certSerialId: null}, Type:RATIS, Factor:ONE, State:OPEN]
jhs         | Nov 10, 2019 3:33:45 PM com.sun.jersey.server.wadl.generators.AbstractWadlGeneratorGrammarGenerator attachTypes
nm_1        | 2019-11-10 15:32:35 INFO  HttpServer2:948 - Added filter authentication (class=org.apache.hadoop.security.authentication.server.AuthenticationFilter) to context node
kdc_1       | Nov 10 15:32:16 kdc krb5kdc[9](info): AS_REQ (8 etypes {18 17 20 19 16 23 25 26}) 127.0.0.1: ISSUE: authtime 1573399936, etypes {rep=18 tkt=18 ses=18}, admin/admin@EXAMPLE.COM for kadmin/admin@EXAMPLE.COM
datanode_3  | 2019-11-10 15:32:52,729 INFO util.JmxRegister: Successfully registered JMX Bean with object name Ratis:service=RaftServer,group=group-825FEB637E1C,id=516f595d-b197-4125-8530-6ddae405d304
kms_1       | 	at org.eclipse.jetty.servlet.ServletHandler.doScope(ServletHandler.java:512)
rm_1        | 2019-11-10 15:32:42 INFO  MultiNodeSortingManager:104 - MultiNode scheduling is 'false', and configured policies are 
datanode_1  | 2019-11-10 15:32:53,269 INFO impl.RaftServerImpl: 44997ed3-5d69-430b-bd15-dad0da2da459@group-79D4FBDBB116: start as a follower, conf=-1: [44997ed3-5d69-430b-bd15-dad0da2da459:172.19.0.8:9858], old=null
datanode_2  | 2019-11-10 15:32:53,762 INFO server.RaftServerConfigKeys: raft.server.retrycache.expirytime = 600000ms (custom)
om_1        | 2019-11-10 15:32:52,035 INFO hdfs.DFSUtil: Starting Web-server for ozoneManager at: http://0.0.0.0:9874
scm_1       | 2019-11-10 15:32:53,346 INFO pipeline.PipelineStateManager: Created pipeline Pipeline[ Id: 21942628-fffa-4dd7-a49c-79d4fbdbb116, Nodes: 44997ed3-5d69-430b-bd15-dad0da2da459{ip: 172.19.0.8, host: ozonesecure-mr_datanode_1.ozone, networkLocation: /default-rack, certSerialId: null}, Type:RATIS, Factor:ONE, State:OPEN]
jhs         | INFO: Couldn't find grammar element for class javax.ws.rs.core.Response
nm_1        | 2019-11-10 15:32:35 INFO  HttpServer2:958 - Added filter authentication (class=org.apache.hadoop.security.authentication.server.AuthenticationFilter) to context static
kdc_1       | Nov 10 15:32:16 kdc krb5kdc[9](info): AS_REQ (8 etypes {18 17 20 19 16 23 25 26}) 127.0.0.1: SERVER_NOT_FOUND: admin/admin@EXAMPLE.COM for kadmin/localhost@EXAMPLE.COM, Server not found in Kerberos database
datanode_3  | 2019-11-10 15:32:52,730 WARN impl.MetricRegistriesImpl: First MetricRegistry has been created without registering reporters. You may need to call MetricRegistries.global().addReportRegistration(...) before.
kms_1       | 	at org.eclipse.jetty.server.session.SessionHandler.doScope(SessionHandler.java:185)
rm_1        | 2019-11-10 15:32:42 INFO  CapacityScheduler:408 - Initialized CapacityScheduler with calculator=class org.apache.hadoop.yarn.util.resource.DefaultResourceCalculator, minimumAllocation=<<memory:1024, vCores:1>>, maximumAllocation=<<memory:8192, vCores:4>>, asynchronousScheduling=false, asyncScheduleInterval=5ms,multiNodePlacementEnabled=false
datanode_1  | 2019-11-10 15:32:53,270 INFO impl.RaftServerImpl: 44997ed3-5d69-430b-bd15-dad0da2da459@group-79D4FBDBB116: changes role from      null to FOLLOWER at term 0 for startAsFollower
om_1        | 2019-11-10 15:32:52,142 INFO server.AuthenticationFilter: Unable to initialize FileSignerSecretProvider, falling back to use random secrets.
scm_1       | 2019-11-10 15:32:53,859 INFO pipeline.PipelineStateManager: Created pipeline Pipeline[ Id: 4440bc05-a118-4824-bbdb-4fc7b53b37df, Nodes: fe85e399-463f-481a-b199-484982cab8ed{ip: 172.19.0.6, host: ozonesecure-mr_datanode_2.ozone, networkLocation: /default-rack, certSerialId: null}, Type:RATIS, Factor:ONE, State:OPEN]
jhs         | Nov 10, 2019 3:33:45 PM com.sun.jersey.server.wadl.generators.AbstractWadlGeneratorGrammarGenerator attachTypes
nm_1        | 2019-11-10 15:32:35 INFO  HttpServer2:958 - Added filter authentication (class=org.apache.hadoop.security.authentication.server.AuthenticationFilter) to context logs
kdc_1       | Nov 10 15:32:16 kdc krb5kdc[9](info): AS_REQ (8 etypes {18 17 20 19 16 23 25 26}) 127.0.0.1: ISSUE: authtime 1573399936, etypes {rep=18 tkt=18 ses=18}, admin/admin@EXAMPLE.COM for kadmin/admin@EXAMPLE.COM
datanode_3  | 2019-11-10 15:32:53,927 INFO impl.RaftServerProxy: 516f595d-b197-4125-8530-6ddae405d304: addNew group-0D549C6379F9:[fe85e399-463f-481a-b199-484982cab8ed:172.19.0.6:9858, 516f595d-b197-4125-8530-6ddae405d304:172.19.0.11:9858, 44997ed3-5d69-430b-bd15-dad0da2da459:172.19.0.8:9858] returns group-0D549C6379F9:java.util.concurrent.CompletableFuture@6d4639e1[Not completed]
kms_1       | 	at org.eclipse.jetty.server.handler.ContextHandler.doScope(ContextHandler.java:1112)
rm_1        | 2019-11-10 15:32:42 INFO  Configuration:2752 - dynamic-resources.xml not found
datanode_2  | 2019-11-10 15:32:53,786 WARN impl.MetricRegistriesImpl: First MetricRegistry has been created without registering reporters. You may need to call MetricRegistries.global().addReportRegistration(...) before.
om_1        | 2019-11-10 15:32:52,146 INFO http.HttpRequestLog: Http request log for http.requests.ozoneManager is not defined
scm_1       | 2019-11-10 15:32:54,040 INFO pipeline.PipelineStateManager: Created pipeline Pipeline[ Id: 695b68c6-ecf3-46db-804b-0d549c6379f9, Nodes: 44997ed3-5d69-430b-bd15-dad0da2da459{ip: 172.19.0.8, host: ozonesecure-mr_datanode_1.ozone, networkLocation: /default-rack, certSerialId: null}516f595d-b197-4125-8530-6ddae405d304{ip: 172.19.0.11, host: ozonesecure-mr_datanode_3.ozone, networkLocation: /default-rack, certSerialId: null}fe85e399-463f-481a-b199-484982cab8ed{ip: 172.19.0.6, host: ozonesecure-mr_datanode_2.ozone, networkLocation: /default-rack, certSerialId: null}, Type:RATIS, Factor:THREE, State:OPEN]
jhs         | INFO: Couldn't find grammar element for class javax.ws.rs.core.Response
datanode_1  | 2019-11-10 15:32:53,272 INFO impl.RoleInfo: 44997ed3-5d69-430b-bd15-dad0da2da459: start FollowerState
nm_1        | 2019-11-10 15:32:35 INFO  HttpServer2:613 - adding path spec: /node/*
kdc_1       | Nov 10 15:32:16 kdc krb5kdc[9](info): AS_REQ (8 etypes {18 17 20 19 16 23 25 26}) 127.0.0.1: SERVER_NOT_FOUND: admin/admin@EXAMPLE.COM for kadmin/localhost@EXAMPLE.COM, Server not found in Kerberos database
datanode_3  | 2019-11-10 15:32:53,930 INFO impl.RaftServerImpl: 516f595d-b197-4125-8530-6ddae405d304: new RaftServerImpl for group-0D549C6379F9:[fe85e399-463f-481a-b199-484982cab8ed:172.19.0.6:9858, 516f595d-b197-4125-8530-6ddae405d304:172.19.0.11:9858, 44997ed3-5d69-430b-bd15-dad0da2da459:172.19.0.8:9858] with ContainerStateMachine:uninitialized
kms_1       | 	at org.eclipse.jetty.server.handler.ScopedHandler.handle(ScopedHandler.java:141)
rm_1        | 2019-11-10 15:32:42 INFO  AMSProcessingChain:62 - Initializing AMS Processing chain. Root Processor=[org.apache.hadoop.yarn.server.resourcemanager.DefaultAMSProcessor].
datanode_2  | 2019-11-10 15:32:53,789 WARN impl.MetricRegistriesImpl: First MetricRegistry has been created without registering reporters. You may need to call MetricRegistries.global().addReportRegistration(...) before.
jhs         | Nov 10, 2019 3:33:45 PM com.sun.jersey.server.wadl.generators.AbstractWadlGeneratorGrammarGenerator attachTypes
datanode_1  | 2019-11-10 15:32:53,276 INFO util.JmxRegister: Successfully registered JMX Bean with object name Ratis:service=RaftServer,group=group-79D4FBDBB116,id=44997ed3-5d69-430b-bd15-dad0da2da459
scm_1       | 2019-11-10 15:33:09,724 INFO ipc.Server: Auth successful for om/om@EXAMPLE.COM (auth:KERBEROS)
nm_1        | 2019-11-10 15:32:35 INFO  HttpServer2:613 - adding path spec: /ws/*
kdc_1       | Nov 10 15:32:16 kdc krb5kdc[9](info): AS_REQ (8 etypes {18 17 20 19 16 23 25 26}) 127.0.0.1: ISSUE: authtime 1573399936, etypes {rep=18 tkt=18 ses=18}, admin/admin@EXAMPLE.COM for kadmin/admin@EXAMPLE.COM
datanode_3  | 2019-11-10 15:32:53,931 INFO server.RaftServerConfigKeys: raft.server.rpc.timeout.min = 5s (custom)
kms_1       | 	at org.eclipse.jetty.server.handler.HandlerCollection.handle(HandlerCollection.java:119)
rm_1        | 2019-11-10 15:32:42 INFO  ApplicationMasterService:129 - disabled placement handler will be used, all scheduling requests will be rejected.
datanode_2  | 2019-11-10 15:32:53,791 INFO impl.RaftServerImpl: fe85e399-463f-481a-b199-484982cab8ed@group-4FC7B53B37DF: start as a follower, conf=-1: [fe85e399-463f-481a-b199-484982cab8ed:172.19.0.6:9858], old=null
om_1        | 2019-11-10 15:32:52,157 INFO http.HttpServer2: Added global filter 'safety' (class=org.apache.hadoop.http.HttpServer2$QuotingInputFilter)
jhs         | INFO: Couldn't find grammar element for class javax.ws.rs.core.Response
datanode_1  | 2019-11-10 15:32:53,278 WARN impl.MetricRegistriesImpl: First MetricRegistry has been created without registering reporters. You may need to call MetricRegistries.global().addReportRegistration(...) before.
scm_1       | 2019-11-10 15:33:21,967 INFO ipc.Server: Auth successful for om/om@EXAMPLE.COM (auth:KERBEROS)
nm_1        | 2019-11-10 15:32:35 INFO  WebApps:395 - Registered webapp guice modules
kdc_1       | Nov 10 15:32:16 kdc krb5kdc[9](info): AS_REQ (8 etypes {18 17 20 19 16 23 25 26}) 127.0.0.1: SERVER_NOT_FOUND: admin/admin@EXAMPLE.COM for kadmin/localhost@EXAMPLE.COM, Server not found in Kerberos database
kms_1       | 	at org.eclipse.jetty.server.handler.HandlerWrapper.handle(HandlerWrapper.java:134)
datanode_3  | 2019-11-10 15:32:53,931 INFO server.RaftServerConfigKeys: raft.server.rpc.timeout.max = 5200ms (custom)
rm_1        | 2019-11-10 15:32:42 INFO  AMSProcessingChain:75 - Adding [org.apache.hadoop.yarn.server.resourcemanager.scheduler.constraint.processor.DisabledPlacementProcessor] tp top of AMS Processing chain. 
datanode_2  | 2019-11-10 15:32:53,793 INFO impl.RaftServerImpl: fe85e399-463f-481a-b199-484982cab8ed@group-4FC7B53B37DF: changes role from      null to FOLLOWER at term 0 for startAsFollower
jhs         | Nov 10, 2019 3:33:45 PM com.sun.jersey.server.wadl.generators.AbstractWadlGeneratorGrammarGenerator attachTypes
om_1        | 2019-11-10 15:32:52,160 INFO http.HttpServer2: Added filter static_user_filter (class=org.apache.hadoop.http.lib.StaticUserWebFilter$StaticUserFilter) to context ozoneManager
scm_1       | 2019-11-10 15:33:23,670 INFO ipc.Server: Auth successful for dn/a4760f0066a4@EXAMPLE.COM (auth:KERBEROS)
nm_1        | 2019-11-10 15:32:35 INFO  HttpServer2:1191 - Jetty bound to port 8042
kdc_1       | Nov 10 15:32:16 kdc krb5kdc[9](info): AS_REQ (8 etypes {18 17 20 19 16 23 25 26}) 127.0.0.1: ISSUE: authtime 1573399936, etypes {rep=18 tkt=18 ses=18}, admin/admin@EXAMPLE.COM for kadmin/admin@EXAMPLE.COM
kms_1       | 	at org.eclipse.jetty.server.Server.handle(Server.java:536)
rm_1        | 2019-11-10 15:32:42 INFO  TimelineClientImpl:129 - Timeline service address: jhs:8188
datanode_2  | 2019-11-10 15:32:53,794 INFO impl.RoleInfo: fe85e399-463f-481a-b199-484982cab8ed: start FollowerState
datanode_3  | 2019-11-10 15:32:53,931 INFO server.RaftServerConfigKeys: raft.server.rpcslowness.timeout = 120s (custom)
datanode_1  | 2019-11-10 15:32:53,940 INFO impl.RaftServerProxy: 44997ed3-5d69-430b-bd15-dad0da2da459: addNew group-0D549C6379F9:[fe85e399-463f-481a-b199-484982cab8ed:172.19.0.6:9858, 516f595d-b197-4125-8530-6ddae405d304:172.19.0.11:9858, 44997ed3-5d69-430b-bd15-dad0da2da459:172.19.0.8:9858] returns group-0D549C6379F9:java.util.concurrent.CompletableFuture@7ad8c208[Not completed]
jhs         | INFO: Couldn't find grammar element for class javax.ws.rs.core.Response
om_1        | 2019-11-10 15:32:52,160 INFO http.HttpServer2: Added filter static_user_filter (class=org.apache.hadoop.http.lib.StaticUserWebFilter$StaticUserFilter) to context logs
scm_1       | 2019-11-10 15:33:23,696 INFO ipc.Server: Auth successful for dn/af76be07aaf2@EXAMPLE.COM (auth:KERBEROS)
nm_1        | 2019-11-10 15:32:35 INFO  Server:351 - jetty-9.3.24.v20180605, build timestamp: 2018-06-05T17:11:56Z, git hash: 84205aa28f11a4f31f2a3b86d1bba2cc8ab69827
kdc_1       | Nov 10 15:32:16 kdc krb5kdc[9](info): AS_REQ (8 etypes {18 17 20 19 16 23 25 26}) 127.0.0.1: SERVER_NOT_FOUND: admin/admin@EXAMPLE.COM for kadmin/localhost@EXAMPLE.COM, Server not found in Kerberos database
kms_1       | 	at org.eclipse.jetty.server.HttpChannel.handle(HttpChannel.java:333)
rm_1        | 2019-11-10 15:32:43 INFO  AsyncDispatcher:223 - Registering class org.apache.hadoop.yarn.server.resourcemanager.metrics.AbstractSystemMetricsPublisher$SystemMetricsEventType for class org.apache.hadoop.yarn.server.resourcemanager.metrics.TimelineServiceV1Publisher$TimelineV1EventHandler
datanode_2  | 2019-11-10 15:32:53,798 INFO util.JmxRegister: Successfully registered JMX Bean with object name Ratis:service=RaftServer,group=group-4FC7B53B37DF,id=fe85e399-463f-481a-b199-484982cab8ed
datanode_3  | 2019-11-10 15:32:53,931 INFO server.RaftServerConfigKeys: raft.server.sleep.deviation.threshold = 300 (default)
om_1        | 2019-11-10 15:32:52,160 INFO http.HttpServer2: Added filter static_user_filter (class=org.apache.hadoop.http.lib.StaticUserWebFilter$StaticUserFilter) to context static
jhs         | 2019-11-10 15:33:45 INFO  AbstractDelegationTokenSecretManager:403 - Creating password for identifier: (TIMELINE_DELEGATION_TOKEN owner=hadoop, renewer=rm, realUser=, issueDate=1573400025917, maxDate=1574004825917, sequenceNumber=1, masterKeyId=2), currentKey: 2
datanode_1  | 2019-11-10 15:32:53,944 INFO impl.RaftServerImpl: 44997ed3-5d69-430b-bd15-dad0da2da459: new RaftServerImpl for group-0D549C6379F9:[fe85e399-463f-481a-b199-484982cab8ed:172.19.0.6:9858, 516f595d-b197-4125-8530-6ddae405d304:172.19.0.11:9858, 44997ed3-5d69-430b-bd15-dad0da2da459:172.19.0.8:9858] with ContainerStateMachine:uninitialized
scm_1       | 2019-11-10 15:33:23,721 INFO ipc.Server: Auth successful for dn/c1301f8a0f4e@EXAMPLE.COM (auth:KERBEROS)
nm_1        | 2019-11-10 15:32:35 INFO  AuthenticationFilter:240 - Unable to initialize FileSignerSecretProvider, falling back to use random secrets.
kdc_1       | Nov 10 15:32:16 kdc krb5kdc[9](info): AS_REQ (8 etypes {18 17 20 19 16 23 25 26}) 127.0.0.1: ISSUE: authtime 1573399936, etypes {rep=18 tkt=18 ses=18}, admin/admin@EXAMPLE.COM for kadmin/admin@EXAMPLE.COM
kms_1       | 	at org.eclipse.jetty.server.HttpConnection.onFillable(HttpConnection.java:251)
rm_1        | 2019-11-10 15:32:43 INFO  AsyncDispatcher:223 - Registering class org.apache.hadoop.yarn.server.resourcemanager.metrics.AbstractSystemMetricsPublisher$SystemMetricsEventType for class org.apache.hadoop.yarn.server.resourcemanager.metrics.TimelineServiceV1Publisher$TimelineV1EventHandler
datanode_3  | 2019-11-10 15:32:53,931 INFO server.RaftServerConfigKeys: raft.server.log.appender.install.snapshot.enabled = false (custom)
om_1        | 2019-11-10 15:32:52,189 INFO http.HttpServer2: Jetty bound to port 9874
datanode_2  | 2019-11-10 15:32:53,800 WARN impl.MetricRegistriesImpl: First MetricRegistry has been created without registering reporters. You may need to call MetricRegistries.global().addReportRegistration(...) before.
jhs         | Nov 10, 2019 3:33:47 PM com.sun.jersey.server.wadl.generators.AbstractWadlGeneratorGrammarGenerator attachTypes
datanode_1  | 2019-11-10 15:32:53,944 INFO server.RaftServerConfigKeys: raft.server.rpc.timeout.min = 5s (custom)
scm_1       | 2019-11-10 15:33:23,752 INFO ipc.Server: Auth successful for dn/a4760f0066a4@EXAMPLE.COM (auth:KERBEROS)
nm_1        | 2019-11-10 15:32:35 INFO  ContextHandler:781 - Started o.e.j.s.ServletContextHandler@476b0ae6{/logs,file:///opt/hadoop/logs/,AVAILABLE}
kdc_1       | Nov 10 15:32:16 kdc krb5kdc[9](info): AS_REQ (8 etypes {18 17 20 19 16 23 25 26}) 127.0.0.1: SERVER_NOT_FOUND: admin/admin@EXAMPLE.COM for kadmin/localhost@EXAMPLE.COM, Server not found in Kerberos database
kms_1       | 	at org.eclipse.jetty.io.AbstractConnection$ReadCallback.succeeded(AbstractConnection.java:283)
rm_1        | 2019-11-10 15:32:43 INFO  AsyncDispatcher:223 - Registering class org.apache.hadoop.yarn.server.resourcemanager.metrics.AbstractSystemMetricsPublisher$SystemMetricsEventType for class org.apache.hadoop.yarn.server.resourcemanager.metrics.TimelineServiceV1Publisher$TimelineV1EventHandler
datanode_3  | 2019-11-10 15:32:53,931 INFO impl.RaftServerImpl: 516f595d-b197-4125-8530-6ddae405d304@group-0D549C6379F9: ConfigurationManager, init=-1: [fe85e399-463f-481a-b199-484982cab8ed:172.19.0.6:9858, 516f595d-b197-4125-8530-6ddae405d304:172.19.0.11:9858, 44997ed3-5d69-430b-bd15-dad0da2da459:172.19.0.8:9858], old=null, confs=<EMPTY_MAP>
om_1        | 2019-11-10 15:32:52,190 INFO server.Server: jetty-9.3.25.v20180904, build timestamp: 2018-09-04T21:11:46Z, git hash: 3ce520221d0240229c862b122d2b06c12a625732
datanode_1  | 2019-11-10 15:32:53,944 INFO server.RaftServerConfigKeys: raft.server.rpc.timeout.max = 5200ms (custom)
jhs         | INFO: Couldn't find grammar element for class javax.ws.rs.core.Response
datanode_2  | 2019-11-10 15:32:53,940 INFO impl.RaftServerProxy: fe85e399-463f-481a-b199-484982cab8ed: addNew group-0D549C6379F9:[fe85e399-463f-481a-b199-484982cab8ed:172.19.0.6:9858, 516f595d-b197-4125-8530-6ddae405d304:172.19.0.11:9858, 44997ed3-5d69-430b-bd15-dad0da2da459:172.19.0.8:9858] returns group-0D549C6379F9:java.util.concurrent.CompletableFuture@72359c10[Not completed]
scm_1       | 2019-11-10 15:33:23,794 INFO ipc.Server: Auth successful for dn/af76be07aaf2@EXAMPLE.COM (auth:KERBEROS)
kdc_1       | Nov 10 15:32:16 kdc krb5kdc[9](info): AS_REQ (8 etypes {18 17 20 19 16 23 25 26}) 127.0.0.1: ISSUE: authtime 1573399936, etypes {rep=18 tkt=18 ses=18}, admin/admin@EXAMPLE.COM for kadmin/admin@EXAMPLE.COM
kms_1       | 	at org.eclipse.jetty.io.FillInterest.fillable(FillInterest.java:108)
nm_1        | 2019-11-10 15:32:35 INFO  ContextHandler:781 - Started o.e.j.s.ServletContextHandler@4b3a45f1{/static,jar:file:/opt/hadoop/share/hadoop/yarn/hadoop-yarn-common-3.2.0.jar!/webapps/static,AVAILABLE}
rm_1        | 2019-11-10 15:32:43 INFO  AsyncDispatcher:223 - Registering class org.apache.hadoop.yarn.server.resourcemanager.metrics.AbstractSystemMetricsPublisher$SystemMetricsEventType for class org.apache.hadoop.yarn.server.resourcemanager.metrics.TimelineServiceV1Publisher$TimelineV1EventHandler
datanode_3  | 2019-11-10 15:32:53,932 INFO server.RaftServerConfigKeys: raft.server.storage.dir = [/data/metadata/ratis] (custom)
om_1        | 2019-11-10 15:32:52,230 INFO handler.ContextHandler: Started o.e.j.s.ServletContextHandler@c1050f2{/logs,file:///var/log/hadoop/,AVAILABLE}
datanode_1  | 2019-11-10 15:32:53,944 INFO server.RaftServerConfigKeys: raft.server.rpcslowness.timeout = 120s (custom)
jhs         | Nov 10, 2019 3:33:47 PM com.sun.jersey.server.wadl.generators.AbstractWadlGeneratorGrammarGenerator attachTypes
datanode_2  | 2019-11-10 15:32:53,944 INFO impl.RaftServerImpl: fe85e399-463f-481a-b199-484982cab8ed: new RaftServerImpl for group-0D549C6379F9:[fe85e399-463f-481a-b199-484982cab8ed:172.19.0.6:9858, 516f595d-b197-4125-8530-6ddae405d304:172.19.0.11:9858, 44997ed3-5d69-430b-bd15-dad0da2da459:172.19.0.8:9858] with ContainerStateMachine:uninitialized
scm_1       | 2019-11-10 15:33:23,803 INFO ipc.Server: Auth successful for dn/c1301f8a0f4e@EXAMPLE.COM (auth:KERBEROS)
kdc_1       | Nov 10 15:32:15 kdc kadmind[15](Notice): Request: kadm5_create_principal, scm/c1301f8a0f4e@EXAMPLE.COM, success, client=admin/admin@EXAMPLE.COM, service=kadmin/admin@EXAMPLE.COM, addr=127.0.0.1
kms_1       | 	at org.eclipse.jetty.io.SelectChannelEndPoint$2.run(SelectChannelEndPoint.java:93)
nm_1        | Nov 10, 2019 3:32:36 PM com.sun.jersey.guice.spi.container.GuiceComponentProviderFactory register
datanode_3  | 2019-11-10 15:32:53,932 INFO server.RaftServerConfigKeys: raft.server.log.corruption.policy = EXCEPTION (default)
om_1        | 2019-11-10 15:32:52,231 INFO handler.ContextHandler: Started o.e.j.s.ServletContextHandler@3b009e7b{/static,jar:file:/opt/hadoop/share/ozone/lib/hadoop-ozone-ozone-manager-0.5.0-SNAPSHOT.jar!/webapps/static,AVAILABLE}
rm_1        | 2019-11-10 15:32:43 INFO  AsyncDispatcher:223 - Registering class org.apache.hadoop.yarn.server.resourcemanager.metrics.AbstractSystemMetricsPublisher$SystemMetricsEventType for class org.apache.hadoop.yarn.server.resourcemanager.metrics.TimelineServiceV1Publisher$TimelineV1EventHandler
datanode_1  | 2019-11-10 15:32:53,944 INFO server.RaftServerConfigKeys: raft.server.sleep.deviation.threshold = 300 (default)
jhs         | INFO: Couldn't find grammar element for class javax.ws.rs.core.Response
datanode_2  | 2019-11-10 15:32:53,944 INFO server.RaftServerConfigKeys: raft.server.rpc.timeout.min = 5s (custom)
scm_1       | 2019-11-10 15:33:38,011 INFO ipc.Server: Auth successful for om/om@EXAMPLE.COM (auth:KERBEROS)
kdc_1       | Nov 10 15:32:15 kdc kadmind[15](info): closing down fd 18
kms_1       | 	at org.eclipse.jetty.util.thread.strategy.ExecuteProduceConsume.executeProduceConsume(ExecuteProduceConsume.java:303)
nm_1        | INFO: Registering org.apache.hadoop.yarn.server.nodemanager.webapp.NMWebServices as a root resource class
datanode_3  | 2019-11-10 15:32:53,932 INFO storage.RaftStorageDirectory: The storage directory /data/metadata/ratis/695b68c6-ecf3-46db-804b-0d549c6379f9 does not exist. Creating ...
om_1        | 2019-11-10 15:32:52,304 INFO server.KerberosAuthenticationHandler: Using keytab /etc/security/keytabs/HTTP.keytab, for principal HTTP/om@EXAMPLE.COM
rm_1        | 2019-11-10 15:32:43 INFO  AsyncDispatcher:223 - Registering class org.apache.hadoop.yarn.server.resourcemanager.metrics.AbstractSystemMetricsPublisher$SystemMetricsEventType for class org.apache.hadoop.yarn.server.resourcemanager.metrics.TimelineServiceV1Publisher$TimelineV1EventHandler
datanode_1  | 2019-11-10 15:32:53,944 INFO server.RaftServerConfigKeys: raft.server.log.appender.install.snapshot.enabled = false (custom)
jhs         | Nov 10, 2019 3:33:47 PM com.sun.jersey.server.wadl.generators.AbstractWadlGeneratorGrammarGenerator attachTypes
datanode_2  | 2019-11-10 15:32:53,944 INFO server.RaftServerConfigKeys: raft.server.rpc.timeout.max = 5200ms (custom)
scm_1       | 2019-11-10 15:33:39,794 INFO ipc.Server: Auth successful for dn/a4760f0066a4@EXAMPLE.COM (auth:KERBEROS)
kdc_1       | Nov 10 15:32:16 kdc kadmind[15](Notice): Request: kadm5_init, admin/admin@EXAMPLE.COM, success, client=admin/admin@EXAMPLE.COM, service=kadmin/admin@EXAMPLE.COM, addr=127.0.0.1, vers=4, flavor=6
kms_1       | 	at org.eclipse.jetty.util.thread.strategy.ExecuteProduceConsume.produceConsume(ExecuteProduceConsume.java:148)
nm_1        | Nov 10, 2019 3:32:36 PM com.sun.jersey.guice.spi.container.GuiceComponentProviderFactory register
datanode_3  | 2019-11-10 15:32:53,976 INFO storage.RaftStorageDirectory: Lock on /data/metadata/ratis/695b68c6-ecf3-46db-804b-0d549c6379f9/in_use.lock acquired by nodename 7@a4760f0066a4
om_1        | 2019-11-10 15:32:52,309 INFO handler.ContextHandler: Started o.e.j.w.WebAppContext@4db77402{/,file:///tmp/jetty-0.0.0.0-9874-ozoneManager-_-any-7622683983929108110.dir/webapp/,AVAILABLE}{/ozoneManager}
rm_1        | 2019-11-10 15:32:43 INFO  AsyncDispatcher:223 - Registering class org.apache.hadoop.yarn.server.resourcemanager.metrics.AbstractSystemMetricsPublisher$SystemMetricsEventType for class org.apache.hadoop.yarn.server.resourcemanager.metrics.TimelineServiceV1Publisher$TimelineV1EventHandler
datanode_1  | 2019-11-10 15:32:53,944 INFO impl.RaftServerImpl: 44997ed3-5d69-430b-bd15-dad0da2da459@group-0D549C6379F9: ConfigurationManager, init=-1: [fe85e399-463f-481a-b199-484982cab8ed:172.19.0.6:9858, 516f595d-b197-4125-8530-6ddae405d304:172.19.0.11:9858, 44997ed3-5d69-430b-bd15-dad0da2da459:172.19.0.8:9858], old=null, confs=<EMPTY_MAP>
jhs         | INFO: Couldn't find grammar element for class javax.ws.rs.core.Response
datanode_2  | 2019-11-10 15:32:53,944 INFO server.RaftServerConfigKeys: raft.server.rpcslowness.timeout = 120s (custom)
scm_1       | 2019-11-10 15:33:39,796 INFO ipc.Server: Auth successful for dn/af76be07aaf2@EXAMPLE.COM (auth:KERBEROS)
kdc_1       | Nov 10 15:32:16 kdc kadmind[15](Notice): Request: kadm5_randkey_principal, scm/c1301f8a0f4e@EXAMPLE.COM, success, client=admin/admin@EXAMPLE.COM, service=kadmin/admin@EXAMPLE.COM, addr=127.0.0.1
nm_1        | INFO: Registering org.apache.hadoop.yarn.webapp.GenericExceptionHandler as a provider class
kms_1       | 	at org.eclipse.jetty.util.thread.strategy.ExecuteProduceConsume.run(ExecuteProduceConsume.java:136)
datanode_3  | 2019-11-10 15:32:53,998 INFO storage.RaftStorage: Storage directory /data/metadata/ratis/695b68c6-ecf3-46db-804b-0d549c6379f9 has been successfully formatted.
rm_1        | 2019-11-10 15:32:43 INFO  AsyncDispatcher:223 - Registering class org.apache.hadoop.yarn.server.resourcemanager.metrics.AbstractSystemMetricsPublisher$SystemMetricsEventType for class org.apache.hadoop.yarn.server.resourcemanager.metrics.TimelineServiceV1Publisher$TimelineV1EventHandler
om_1        | 2019-11-10 15:32:52,314 INFO server.AbstractConnector: Started ServerConnector@22da2fe6{HTTP/1.1,[http/1.1]}{0.0.0.0:9874}
datanode_1  | 2019-11-10 15:32:53,945 INFO server.RaftServerConfigKeys: raft.server.storage.dir = [/data/metadata/ratis] (custom)
jhs         | Nov 10, 2019 3:33:47 PM com.sun.jersey.server.wadl.generators.AbstractWadlGeneratorGrammarGenerator attachTypes
datanode_2  | 2019-11-10 15:32:53,945 INFO server.RaftServerConfigKeys: raft.server.sleep.deviation.threshold = 300 (default)
scm_1       | 2019-11-10 15:33:39,912 INFO ipc.Server: Auth successful for dn/c1301f8a0f4e@EXAMPLE.COM (auth:KERBEROS)
kdc_1       | Nov 10 15:32:16 kdc kadmind[15](Notice): Request: kadm5_get_principal, scm/c1301f8a0f4e@EXAMPLE.COM, success, client=admin/admin@EXAMPLE.COM, service=kadmin/admin@EXAMPLE.COM, addr=127.0.0.1
nm_1        | Nov 10, 2019 3:32:36 PM com.sun.jersey.guice.spi.container.GuiceComponentProviderFactory register
kms_1       | 	at org.eclipse.jetty.util.thread.QueuedThreadPool.runJob(QueuedThreadPool.java:671)
datanode_3  | 2019-11-10 15:32:53,999 INFO ratis.ContainerStateMachine: group-0D549C6379F9: The snapshot info is null. Setting the last applied indexto:(t:0, i:~)
rm_1        | 2019-11-10 15:32:43 INFO  AsyncDispatcher:223 - Registering class org.apache.hadoop.yarn.server.resourcemanager.metrics.AbstractSystemMetricsPublisher$SystemMetricsEventType for class org.apache.hadoop.yarn.server.resourcemanager.metrics.TimelineServiceV1Publisher$TimelineV1EventHandler
om_1        | 2019-11-10 15:32:52,314 INFO server.Server: Started @4366ms
datanode_1  | 2019-11-10 15:32:53,975 INFO server.RaftServerConfigKeys: raft.server.log.corruption.policy = EXCEPTION (default)
jhs         | INFO: Couldn't find grammar element for class javax.ws.rs.core.Response
datanode_2  | 2019-11-10 15:32:53,945 INFO server.RaftServerConfigKeys: raft.server.log.appender.install.snapshot.enabled = false (custom)
scm_1       | 2019-11-10 15:33:58,400 INFO ipc.Server: Auth successful for om/om@EXAMPLE.COM (auth:KERBEROS)
kdc_1       | Nov 10 15:32:16 kdc kadmind[15](info): closing down fd 18
nm_1        | INFO: Registering org.apache.hadoop.yarn.server.nodemanager.webapp.JAXBContextResolver as a provider class
kms_1       | 	at org.eclipse.jetty.util.thread.QueuedThreadPool$2.run(QueuedThreadPool.java:589)
datanode_3  | 2019-11-10 15:32:53,999 INFO server.RaftServerConfigKeys: raft.server.notification.no-leader.timeout = 120s (custom)
rm_1        | 2019-11-10 15:32:43 INFO  AsyncDispatcher:223 - Registering class org.apache.hadoop.yarn.server.resourcemanager.metrics.AbstractSystemMetricsPublisher$SystemMetricsEventType for class org.apache.hadoop.yarn.server.resourcemanager.metrics.TimelineServiceV1Publisher$TimelineV1EventHandler
om_1        | 2019-11-10 15:32:52,331 INFO impl.MetricsSinkAdapter: Sink prometheus started
datanode_1  | 2019-11-10 15:32:53,976 INFO storage.RaftStorageDirectory: The storage directory /data/metadata/ratis/695b68c6-ecf3-46db-804b-0d549c6379f9 does not exist. Creating ...
jhs         | 2019-11-10 15:33:47 INFO  AbstractDelegationTokenSecretManager:491 - Token renewal for identifier: (TIMELINE_DELEGATION_TOKEN owner=hadoop, renewer=rm, realUser=, issueDate=1573400025917, maxDate=1574004825917, sequenceNumber=1, masterKeyId=2); total currentTokens 1
datanode_2  | 2019-11-10 15:32:53,945 INFO impl.RaftServerImpl: fe85e399-463f-481a-b199-484982cab8ed@group-0D549C6379F9: ConfigurationManager, init=-1: [fe85e399-463f-481a-b199-484982cab8ed:172.19.0.6:9858, 516f595d-b197-4125-8530-6ddae405d304:172.19.0.11:9858, 44997ed3-5d69-430b-bd15-dad0da2da459:172.19.0.8:9858], old=null, confs=<EMPTY_MAP>
kdc_1       | Nov 10 15:32:16 kdc kadmind[15](Notice): Request: kadm5_init, admin/admin@EXAMPLE.COM, success, client=admin/admin@EXAMPLE.COM, service=kadmin/admin@EXAMPLE.COM, addr=127.0.0.1, vers=4, flavor=6
nm_1        | Nov 10, 2019 3:32:36 PM com.sun.jersey.server.impl.application.WebApplicationImpl _initiate
scm_1       | 2019-11-10 15:34:10,287 INFO ipc.Server: Auth successful for dn/c1301f8a0f4e@EXAMPLE.COM (auth:KERBEROS)
kms_1       | 	at java.lang.Thread.run(Thread.java:748)
datanode_3  | 2019-11-10 15:32:53,999 INFO server.RaftServerConfigKeys: raft.server.log.use.memory = false (default)
rm_1        | 2019-11-10 15:32:43 INFO  log:192 - Logging initialized @2416ms
om_1        | 2019-11-10 15:32:52,332 INFO impl.MetricsSystemImpl: Registered sink prometheus
datanode_1  | 2019-11-10 15:32:53,998 INFO storage.RaftStorageDirectory: Lock on /data/metadata/ratis/695b68c6-ecf3-46db-804b-0d549c6379f9/in_use.lock acquired by nodename 7@af76be07aaf2
jhs         | Nov 10, 2019 3:33:47 PM com.sun.jersey.server.wadl.generators.AbstractWadlGeneratorGrammarGenerator attachTypes
datanode_2  | 2019-11-10 15:32:53,945 INFO server.RaftServerConfigKeys: raft.server.storage.dir = [/data/metadata/ratis] (custom)
kdc_1       | Nov 10 15:32:16 kdc kadmind[15](Notice): Request: kadm5_get_policy, default, Policy does not exist, client=admin/admin@EXAMPLE.COM, service=kadmin/admin@EXAMPLE.COM, addr=127.0.0.1
nm_1        | INFO: Initiating Jersey application, version 'Jersey: 1.19 02/11/2015 03:25 AM'
scm_1       | 2019-11-10 15:34:10,290 INFO ipc.Server: Auth successful for dn/a4760f0066a4@EXAMPLE.COM (auth:KERBEROS)
kms_1       | 
datanode_3  | 2019-11-10 15:32:53,999 INFO server.RaftServerConfigKeys: raft.server.log.purge.gap = 1000000 (custom)
rm_1        | 2019-11-10 15:32:43 INFO  AuthenticationFilter:240 - Unable to initialize FileSignerSecretProvider, falling back to use random secrets.
om_1        | 2019-11-10 15:32:52,334 INFO server.BaseHttpServer: HTTP server of OZONEMANAGER is listening at http://0.0.0.0:9874
jhs         | INFO: Couldn't find grammar element for class javax.ws.rs.core.Response
datanode_1  | 2019-11-10 15:32:54,022 INFO storage.RaftStorage: Storage directory /data/metadata/ratis/695b68c6-ecf3-46db-804b-0d549c6379f9 has been successfully formatted.
datanode_2  | 2019-11-10 15:32:53,976 INFO server.RaftServerConfigKeys: raft.server.log.corruption.policy = EXCEPTION (default)
kdc_1       | Nov 10 15:32:16 kdc kadmind[15](Notice): Request: kadm5_create_principal, scm/s3g@EXAMPLE.COM, success, client=admin/admin@EXAMPLE.COM, service=kadmin/admin@EXAMPLE.COM, addr=127.0.0.1
nm_1        | Nov 10, 2019 3:32:36 PM com.sun.jersey.guice.spi.container.GuiceComponentProviderFactory getComponentProvider
kms_1       | Nov 10, 2019 3:33:41 PM com.sun.jersey.server.wadl.generators.AbstractWadlGeneratorGrammarGenerator attachTypes
datanode_3  | 2019-11-10 15:32:53,999 INFO server.RaftServerConfigKeys: raft.server.log.appender.buffer.byte-limit = 33554432 (custom)
rm_1        | 2019-11-10 15:32:43 INFO  HttpRequestLog:81 - Http request log for http.requests.resourcemanager is not defined
om_1        | 2019-11-10 15:33:09,343 INFO ipc.Server: Auth successful for testuser/om@EXAMPLE.COM (auth:KERBEROS)
jhs         | Nov 10, 2019 3:33:47 PM com.sun.jersey.server.wadl.generators.AbstractWadlGeneratorGrammarGenerator attachTypes
scm_1       | 2019-11-10 15:34:10,290 INFO ipc.Server: Auth successful for dn/af76be07aaf2@EXAMPLE.COM (auth:KERBEROS)
datanode_1  | 2019-11-10 15:32:54,022 INFO ratis.ContainerStateMachine: group-0D549C6379F9: The snapshot info is null. Setting the last applied indexto:(t:0, i:~)
datanode_2  | 2019-11-10 15:32:53,976 INFO storage.RaftStorageDirectory: The storage directory /data/metadata/ratis/695b68c6-ecf3-46db-804b-0d549c6379f9 does not exist. Creating ...
kdc_1       | Nov 10 15:32:16 kdc kadmind[15](info): closing down fd 18
nm_1        | INFO: Binding org.apache.hadoop.yarn.server.nodemanager.webapp.JAXBContextResolver to GuiceManagedComponentProvider with the scope "Singleton"
kms_1       | INFO: Couldn't find grammar element for class java.util.Map
rm_1        | 2019-11-10 15:32:43 INFO  HttpServer2:975 - Added global filter 'safety' (class=org.apache.hadoop.http.HttpServer2$QuotingInputFilter)
datanode_3  | 2019-11-10 15:32:54,000 INFO server.RaftServerConfigKeys: raft.server.log.segment.size.max = 1048576 (custom)
om_1        | 2019-11-10 15:33:12,423 INFO ipc.Server: Auth successful for testuser/om@EXAMPLE.COM (auth:KERBEROS)
jhs         | INFO: Couldn't find grammar element for class javax.ws.rs.core.Response
scm_1       | 2019-11-10 15:34:11,840 INFO ipc.Server: Auth successful for om/om@EXAMPLE.COM (auth:KERBEROS)
datanode_1  | 2019-11-10 15:32:54,023 INFO server.RaftServerConfigKeys: raft.server.notification.no-leader.timeout = 120s (custom)
datanode_2  | 2019-11-10 15:32:53,998 INFO storage.RaftStorageDirectory: Lock on /data/metadata/ratis/695b68c6-ecf3-46db-804b-0d549c6379f9/in_use.lock acquired by nodename 7@c1301f8a0f4e
nm_1        | Nov 10, 2019 3:32:36 PM com.sun.jersey.guice.spi.container.GuiceComponentProviderFactory getComponentProvider
kms_1       | Nov 10, 2019 3:33:41 PM com.sun.jersey.server.wadl.generators.AbstractWadlGeneratorGrammarGenerator attachTypes
rm_1        | 2019-11-10 15:32:43 INFO  HttpServer2:948 - Added filter static_user_filter (class=org.apache.hadoop.http.lib.StaticUserWebFilter$StaticUserFilter) to context cluster
kdc_1       | Nov 10 15:32:16 kdc kadmind[15](Notice): Request: kadm5_init, admin/admin@EXAMPLE.COM, success, client=admin/admin@EXAMPLE.COM, service=kadmin/admin@EXAMPLE.COM, addr=127.0.0.1, vers=4, flavor=6
datanode_3  | 2019-11-10 15:32:54,000 INFO server.RaftServerConfigKeys: raft.server.log.segment.cache.num.max = 2 (custom)
om_1        | 2019-11-10 15:33:13,301 INFO volume.OMVolumeCreateRequest: created volume:vol1 for user:hadoop
scm_1       | 2019-11-10 15:34:40,293 INFO ipc.Server: Auth successful for dn/a4760f0066a4@EXAMPLE.COM (auth:KERBEROS)
jhs         | Nov 10, 2019 3:33:47 PM com.sun.jersey.server.wadl.generators.AbstractWadlGeneratorGrammarGenerator attachTypes
datanode_1  | 2019-11-10 15:32:54,023 INFO server.RaftServerConfigKeys: raft.server.log.use.memory = false (default)
datanode_2  | 2019-11-10 15:32:54,022 INFO storage.RaftStorage: Storage directory /data/metadata/ratis/695b68c6-ecf3-46db-804b-0d549c6379f9 has been successfully formatted.
nm_1        | INFO: Binding org.apache.hadoop.yarn.webapp.GenericExceptionHandler to GuiceManagedComponentProvider with the scope "Singleton"
kms_1       | INFO: Couldn't find grammar element for class javax.ws.rs.core.Response
rm_1        | 2019-11-10 15:32:43 INFO  HttpServer2:958 - Added filter static_user_filter (class=org.apache.hadoop.http.lib.StaticUserWebFilter$StaticUserFilter) to context static
kdc_1       | Nov 10 15:32:16 kdc kadmind[15](Notice): Request: kadm5_randkey_principal, scm/s3g@EXAMPLE.COM, success, client=admin/admin@EXAMPLE.COM, service=kadmin/admin@EXAMPLE.COM, addr=127.0.0.1
datanode_3  | 2019-11-10 15:32:54,000 INFO segmented.SegmentedRaftLogWorker: new 516f595d-b197-4125-8530-6ddae405d304@group-0D549C6379F9-SegmentedRaftLogWorker for RaftStorage:Storage Directory /data/metadata/ratis/695b68c6-ecf3-46db-804b-0d549c6379f9
om_1        | 2019-11-10 15:33:15,375 INFO ipc.Server: Auth successful for testuser/om@EXAMPLE.COM (auth:KERBEROS)
scm_1       | 2019-11-10 15:34:40,294 INFO ipc.Server: Auth successful for dn/af76be07aaf2@EXAMPLE.COM (auth:KERBEROS)
jhs         | INFO: Couldn't find grammar element for class javax.ws.rs.core.Response
datanode_1  | 2019-11-10 15:32:54,023 INFO server.RaftServerConfigKeys: raft.server.log.purge.gap = 1000000 (custom)
datanode_2  | 2019-11-10 15:32:54,022 INFO ratis.ContainerStateMachine: group-0D549C6379F9: The snapshot info is null. Setting the last applied indexto:(t:0, i:~)
nm_1        | Nov 10, 2019 3:32:36 PM com.sun.jersey.guice.spi.container.GuiceComponentProviderFactory getComponentProvider
kms_1       | Nov 10, 2019 3:33:41 PM com.sun.jersey.server.wadl.generators.AbstractWadlGeneratorGrammarGenerator attachTypes
rm_1        | 2019-11-10 15:32:43 INFO  HttpServer2:958 - Added filter static_user_filter (class=org.apache.hadoop.http.lib.StaticUserWebFilter$StaticUserFilter) to context logs
om_1        | 2019-11-10 15:33:18,280 INFO ipc.Server: Auth successful for testuser/om@EXAMPLE.COM (auth:KERBEROS)
datanode_3  | 2019-11-10 15:32:54,000 INFO server.RaftServerConfigKeys: raft.server.log.queue.byte-limit = 2147483647 (custom)
jhs         | Nov 10, 2019 3:33:47 PM com.sun.jersey.server.wadl.generators.AbstractWadlGeneratorGrammarGenerator attachTypes
kdc_1       | Nov 10 15:32:16 kdc kadmind[15](Notice): Request: kadm5_get_principal, scm/s3g@EXAMPLE.COM, success, client=admin/admin@EXAMPLE.COM, service=kadmin/admin@EXAMPLE.COM, addr=127.0.0.1
datanode_1  | 2019-11-10 15:32:54,024 INFO server.RaftServerConfigKeys: raft.server.log.appender.buffer.byte-limit = 33554432 (custom)
scm_1       | 2019-11-10 15:34:40,295 INFO ipc.Server: Auth successful for dn/c1301f8a0f4e@EXAMPLE.COM (auth:KERBEROS)
datanode_2  | 2019-11-10 15:32:54,023 INFO server.RaftServerConfigKeys: raft.server.notification.no-leader.timeout = 120s (custom)
nm_1        | INFO: Binding org.apache.hadoop.yarn.server.nodemanager.webapp.NMWebServices to GuiceManagedComponentProvider with the scope "Singleton"
kms_1       | INFO: Couldn't find grammar element for class javax.ws.rs.core.Response
rm_1        | 2019-11-10 15:32:43 INFO  HttpServer2:613 - adding path spec: /cluster/*
om_1        | 2019-11-10 15:33:21,151 INFO ipc.Server: Auth successful for testuser/om@EXAMPLE.COM (auth:KERBEROS)
datanode_3  | 2019-11-10 15:32:54,000 INFO server.RaftServerConfigKeys: raft.server.log.queue.element-limit = 1024 (custom)
jhs         | INFO: Couldn't find grammar element for class javax.ws.rs.core.Response
kdc_1       | Nov 10 15:32:16 kdc kadmind[15](info): closing down fd 18
datanode_1  | 2019-11-10 15:32:54,024 INFO server.RaftServerConfigKeys: raft.server.log.segment.size.max = 1048576 (custom)
scm_1       | 2019-11-10 15:34:44,563 INFO ipc.Server: Auth successful for om/om@EXAMPLE.COM (auth:KERBEROS)
datanode_2  | 2019-11-10 15:32:54,023 INFO server.RaftServerConfigKeys: raft.server.log.use.memory = false (default)
nm_1        | 2019-11-10 15:32:37 INFO  ContextHandler:781 - Started o.e.j.w.WebAppContext@6e1b9411{/,file:///tmp/jetty-0.0.0.0-8042-node-_-any-7051110190371966448.dir/webapp/,AVAILABLE}{/node}
rm_1        | 2019-11-10 15:32:43 INFO  HttpServer2:613 - adding path spec: /ws/*
om_1        | 2019-11-10 15:33:27,036 INFO ipc.Server: Auth successful for testuser/om@EXAMPLE.COM (auth:KERBEROS)
kms_1       | Nov 10, 2019 3:33:41 PM com.sun.jersey.server.wadl.generators.AbstractWadlGeneratorGrammarGenerator attachTypes
datanode_3  | 2019-11-10 15:32:54,000 INFO server.RaftServerConfigKeys: raft.server.log.segment.size.max = 1048576 (custom)
jhs         | Nov 10, 2019 3:34:23 PM com.sun.jersey.server.wadl.generators.AbstractWadlGeneratorGrammarGenerator attachTypes
kdc_1       | Nov 10 15:32:16 kdc kadmind[15](Notice): Request: kadm5_init, admin/admin@EXAMPLE.COM, success, client=admin/admin@EXAMPLE.COM, service=kadmin/admin@EXAMPLE.COM, addr=127.0.0.1, vers=4, flavor=6
datanode_1  | 2019-11-10 15:32:54,024 INFO server.RaftServerConfigKeys: raft.server.log.segment.cache.num.max = 2 (custom)
datanode_2  | 2019-11-10 15:32:54,023 INFO server.RaftServerConfigKeys: raft.server.log.purge.gap = 1000000 (custom)
nm_1        | 2019-11-10 15:32:37 INFO  AbstractConnector:278 - Started ServerConnector@7b78ed6a{HTTP/1.1,[http/1.1]}{0.0.0.0:8042}
rm_1        | 2019-11-10 15:32:43 INFO  HttpServer2:613 - adding path spec: /app/*
om_1        | 2019-11-10 15:33:30,190 INFO ipc.Server: Auth successful for testuser/om@EXAMPLE.COM (auth:KERBEROS)
kms_1       | INFO: Couldn't find grammar element for class java.util.Map
datanode_3  | 2019-11-10 15:32:54,000 INFO server.RaftServerConfigKeys: raft.server.log.preallocated.size = 16384 (custom)
jhs         | INFO: Couldn't find grammar element for class javax.ws.rs.core.Response
kdc_1       | Nov 10 15:32:16 kdc kadmind[15](Notice): Request: kadm5_get_policy, default, Policy does not exist, client=admin/admin@EXAMPLE.COM, service=kadmin/admin@EXAMPLE.COM, addr=127.0.0.1
datanode_2  | 2019-11-10 15:32:54,023 INFO server.RaftServerConfigKeys: raft.server.log.appender.buffer.byte-limit = 33554432 (custom)
nm_1        | 2019-11-10 15:32:37 INFO  Server:419 - Started @4063ms
rm_1        | 2019-11-10 15:32:43 INFO  WebApps:395 - Registered webapp guice modules
om_1        | 2019-11-10 15:33:37,110 INFO ipc.Server: Auth successful for hadoop/rm@EXAMPLE.COM (auth:KERBEROS)
kms_1       | Nov 10, 2019 3:33:41 PM com.sun.jersey.server.wadl.generators.AbstractWadlGeneratorGrammarGenerator attachTypes
datanode_3  | 2019-11-10 15:32:54,000 INFO server.RaftServerConfigKeys: raft.server.log.write.buffer.size = 33554432 (custom)
jhs         | Nov 10, 2019 3:34:23 PM com.sun.jersey.server.wadl.generators.AbstractWadlGeneratorGrammarGenerator attachTypes
kdc_1       | Nov 10 15:32:16 kdc kadmind[15](Notice): Request: kadm5_create_principal, dn/7fa9c82d9ee9@EXAMPLE.COM, success, client=admin/admin@EXAMPLE.COM, service=kadmin/admin@EXAMPLE.COM, addr=127.0.0.1
datanode_1  | 2019-11-10 15:32:54,024 INFO segmented.SegmentedRaftLogWorker: new 44997ed3-5d69-430b-bd15-dad0da2da459@group-0D549C6379F9-SegmentedRaftLogWorker for RaftStorage:Storage Directory /data/metadata/ratis/695b68c6-ecf3-46db-804b-0d549c6379f9
datanode_2  | 2019-11-10 15:32:54,023 INFO server.RaftServerConfigKeys: raft.server.log.segment.size.max = 1048576 (custom)
nm_1        | 2019-11-10 15:32:37 INFO  WebApps:440 - Web app node started at 8042
rm_1        | 2019-11-10 15:32:43 INFO  HttpServer2:1191 - Jetty bound to port 8088
om_1        | 2019-11-10 15:33:46,514 INFO ipc.Server: Auth successful for rm/rm@EXAMPLE.COM (auth:KERBEROS)
kms_1       | INFO: Couldn't find grammar element for class java.util.Map
datanode_3  | 2019-11-10 15:32:54,001 INFO server.RaftServerConfigKeys: raft.server.log.force.sync.num = 128 (default)
jhs         | INFO: Couldn't find grammar element for class javax.ws.rs.core.Response
