datanode_1  | 2019-10-25 06:35:00,961 INFO server.RaftServerConfigKeys: raft.server.log.appender.buffer.byte-limit = 33554432 (custom)
s3g_1       | 	at org.glassfish.jersey.server.model.ResourceMethodInvoker.apply(ResourceMethodInvoker.java:415)
om_1        | 	at org.apache.hadoop.ozone.protocol.proto.OzoneManagerProtocolProtos$OzoneManagerService$2.callBlockingMethod(OzoneManagerProtocolProtos.java)
datanode_3  | 2019-10-25 06:35:00,921 INFO server.RaftServerConfigKeys: raft.server.log.appender.buffer.byte-limit = 33554432 (custom)
datanode_1  | 2019-10-25 06:35:00,961 INFO server.RaftServerConfigKeys: raft.server.log.segment.size.max = 1048576 (custom)
datanode_2  | 2019-10-25 06:35:00,961 INFO server.RaftServerConfigKeys: raft.server.log.statemachine.data.sync.timeout = 10s (default)
s3g_1       | 	at org.glassfish.jersey.server.model.ResourceMethodInvoker.apply(ResourceMethodInvoker.java:104)
om_1        | 	at org.apache.hadoop.ipc.ProtobufRpcEngine$Server$ProtoBufRpcInvoker.call(ProtobufRpcEngine.java:524)
datanode_3  | 2019-10-25 06:35:00,921 INFO server.RaftServerConfigKeys: raft.server.log.segment.size.max = 1048576 (custom)
datanode_1  | 2019-10-25 06:35:00,961 INFO server.RaftServerConfigKeys: raft.server.log.segment.cache.num.max = 2 (custom)
datanode_2  | 2019-10-25 06:35:00,961 INFO server.RaftServerConfigKeys: raft.server.log.statemachine.data.sync.timeout.retry = -1 (default)
s3g_1       | 	at org.glassfish.jersey.server.ServerRuntime$1.run(ServerRuntime.java:277)
om_1        | 	at org.apache.hadoop.ipc.RPC$Server.call(RPC.java:1025)
datanode_3  | 2019-10-25 06:35:00,922 INFO server.RaftServerConfigKeys: raft.server.log.segment.cache.num.max = 2 (custom)
datanode_1  | 2019-10-25 06:35:00,961 INFO segmented.SegmentedRaftLogWorker: new adb17a60-d3d5-4274-a75b-69bdb560b052@group-3BBA6D036A28-SegmentedRaftLogWorker for RaftStorage:Storage Directory /data/metadata/ratis/b2bdd0d0-ad35-45c5-ba80-3bba6d036a28
datanode_2  | 2019-10-25 06:35:00,962 INFO server.RaftServerConfigKeys: raft.server.log.statemachine.data.caching.enabled = true (custom)
s3g_1       | 	at org.glassfish.jersey.internal.Errors$1.call(Errors.java:272)
om_1        | 	at org.apache.hadoop.ipc.Server$RpcCall.run(Server.java:876)
datanode_1  | 2019-10-25 06:35:00,961 INFO server.RaftServerConfigKeys: raft.server.log.queue.byte-limit = 2147483647 (custom)
datanode_3  | 2019-10-25 06:35:00,922 INFO segmented.SegmentedRaftLogWorker: new 43093f38-139b-4035-a7f2-3b96f4476fcb@group-3BBA6D036A28-SegmentedRaftLogWorker for RaftStorage:Storage Directory /data/metadata/ratis/b2bdd0d0-ad35-45c5-ba80-3bba6d036a28
datanode_2  | 2019-10-25 06:35:00,962 INFO segmented.SegmentedRaftLogWorker: 67943ea8-a8be-43d1-ade9-95bd70a5a61a@group-3BBA6D036A28-SegmentedRaftLogWorker: flushIndex: setUnconditionally 0 -> -1
s3g_1       | 	at org.glassfish.jersey.internal.Errors$1.call(Errors.java:268)
om_1        | 	at org.apache.hadoop.ipc.Server$RpcCall.run(Server.java:822)
datanode_1  | 2019-10-25 06:35:00,961 INFO server.RaftServerConfigKeys: raft.server.log.queue.element-limit = 1024 (custom)
datanode_2  | 2019-10-25 06:35:00,962 INFO server.RaftServerConfigKeys: raft.server.snapshot.auto.trigger.enabled = true (custom)
s3g_1       | 	at org.glassfish.jersey.internal.Errors.process(Errors.java:316)
om_1        | 	at java.base/java.security.AccessController.doPrivileged(Native Method)
datanode_3  | 2019-10-25 06:35:00,922 INFO server.RaftServerConfigKeys: raft.server.log.queue.byte-limit = 2147483647 (custom)
datanode_2  | 2019-10-25 06:35:00,963 INFO server.RaftServerConfigKeys: raft.server.snapshot.auto.trigger.threshold = 10000 (custom)
datanode_1  | 2019-10-25 06:35:00,961 INFO server.RaftServerConfigKeys: raft.server.log.segment.size.max = 1048576 (custom)
s3g_1       | 	at org.glassfish.jersey.internal.Errors.process(Errors.java:298)
om_1        | 	at java.base/javax.security.auth.Subject.doAs(Subject.java:423)
datanode_3  | 2019-10-25 06:35:00,922 INFO server.RaftServerConfigKeys: raft.server.log.queue.element-limit = 1024 (custom)
datanode_2  | 2019-10-25 06:35:00,963 INFO server.RaftServerConfigKeys: raft.server.snapshot.retention.file.num = 5 (custom)
datanode_1  | 2019-10-25 06:35:00,961 INFO server.RaftServerConfigKeys: raft.server.log.preallocated.size = 16384 (custom)
s3g_1       | 	at org.glassfish.jersey.internal.Errors.process(Errors.java:268)
datanode_3  | 2019-10-25 06:35:00,922 INFO server.RaftServerConfigKeys: raft.server.log.segment.size.max = 1048576 (custom)
om_1        | 	at org.apache.hadoop.security.UserGroupInformation.doAs(UserGroupInformation.java:1730)
datanode_2  | 2019-10-25 06:35:00,963 INFO server.RaftServerConfigKeys: raft.server.retrycache.expirytime = 600000ms (custom)
datanode_1  | 2019-10-25 06:35:00,962 INFO server.RaftServerConfigKeys: raft.server.log.write.buffer.size = 33554432 (custom)
s3g_1       | 	at org.glassfish.jersey.process.internal.RequestScope.runInScope(RequestScope.java:289)
datanode_3  | 2019-10-25 06:35:00,922 INFO server.RaftServerConfigKeys: raft.server.log.preallocated.size = 16384 (custom)
om_1        | 	at org.apache.hadoop.ipc.Server$Handler.run(Server.java:2682)
datanode_2  | 2019-10-25 06:35:00,963 WARN impl.MetricRegistriesImpl: First MetricRegistry has been created without registering reporters. You may need to call MetricRegistries.global().addReportRegistration(...) before.
datanode_1  | 2019-10-25 06:35:00,962 INFO server.RaftServerConfigKeys: raft.server.log.force.sync.num = 128 (default)
s3g_1       | 	at org.glassfish.jersey.server.ServerRuntime.process(ServerRuntime.java:256)
datanode_3  | 2019-10-25 06:35:00,922 INFO server.RaftServerConfigKeys: raft.server.log.write.buffer.size = 33554432 (custom)
om_1        | 2019-10-25 06:37:47,518 [IPC Server handler 19 on 9862] ERROR      - Abort Multipart request is failed for KeyName multipartKey5 in VolumeName/Bucket s37c35ba70126b04fca007e4dbfab9c47c/bucket-82262
datanode_2  | 2019-10-25 06:35:00,963 WARN impl.MetricRegistriesImpl: First MetricRegistry has been created without registering reporters. You may need to call MetricRegistries.global().addReportRegistration(...) before.
datanode_1  | 2019-10-25 06:35:00,962 INFO server.RaftServerConfigKeys: raft.server.log.statemachine.data.sync = true (default)
s3g_1       | 	at org.glassfish.jersey.server.ApplicationHandler.handle(ApplicationHandler.java:703)
datanode_3  | 2019-10-25 06:35:00,922 INFO server.RaftServerConfigKeys: raft.server.log.force.sync.num = 128 (default)
om_1        | NO_SUCH_MULTIPART_UPLOAD_ERROR org.apache.hadoop.ozone.om.exceptions.OMException: Abort Multipart Upload Failed: volume: s37c35ba70126b04fca007e4dbfab9c47cbucket: bucket-82262key: multipartKey5
datanode_2  | 2019-10-25 06:35:00,963 INFO impl.RaftServerImpl: 67943ea8-a8be-43d1-ade9-95bd70a5a61a@group-3BBA6D036A28: start as a follower, conf=-1: [43093f38-139b-4035-a7f2-3b96f4476fcb:172.18.0.3:9858, adb17a60-d3d5-4274-a75b-69bdb560b052:172.18.0.4:9858, 67943ea8-a8be-43d1-ade9-95bd70a5a61a:172.18.0.7:9858], old=null
datanode_1  | 2019-10-25 06:35:00,962 INFO server.RaftServerConfigKeys: raft.server.log.statemachine.data.sync.timeout = 10s (default)
s3g_1       | 	at org.glassfish.jersey.servlet.WebComponent.serviceImpl(WebComponent.java:416)
datanode_3  | 2019-10-25 06:35:00,922 INFO server.RaftServerConfigKeys: raft.server.log.statemachine.data.sync = true (default)
om_1        | 	at org.apache.hadoop.ozone.om.request.s3.multipart.S3MultipartUploadAbortRequest.validateAndUpdateCache(S3MultipartUploadAbortRequest.java:116)
datanode_2  | 2019-10-25 06:35:00,963 INFO impl.RaftServerImpl: 67943ea8-a8be-43d1-ade9-95bd70a5a61a@group-3BBA6D036A28: changes role from      null to FOLLOWER at term 0 for startAsFollower
datanode_1  | 2019-10-25 06:35:00,962 INFO server.RaftServerConfigKeys: raft.server.log.statemachine.data.sync.timeout.retry = -1 (default)
datanode_3  | 2019-10-25 06:35:00,922 INFO server.RaftServerConfigKeys: raft.server.log.statemachine.data.sync.timeout = 10s (default)
s3g_1       | 	at org.glassfish.jersey.servlet.WebComponent.service(WebComponent.java:370)
om_1        | 	at org.apache.hadoop.ozone.protocolPB.OzoneManagerProtocolServerSideTranslatorPB.submitRequestDirectlyToOM(OzoneManagerProtocolServerSideTranslatorPB.java:228)
datanode_2  | 2019-10-25 06:35:00,964 INFO impl.RoleInfo: 67943ea8-a8be-43d1-ade9-95bd70a5a61a: start FollowerState
datanode_1  | 2019-10-25 06:35:00,962 INFO server.RaftServerConfigKeys: raft.server.log.statemachine.data.caching.enabled = true (custom)
datanode_3  | 2019-10-25 06:35:00,923 INFO server.RaftServerConfigKeys: raft.server.log.statemachine.data.sync.timeout.retry = -1 (default)
s3g_1       | 	at org.glassfish.jersey.servlet.ServletContainer.service(ServletContainer.java:389)
om_1        | 	at org.apache.hadoop.ozone.protocolPB.OzoneManagerProtocolServerSideTranslatorPB.processRequest(OzoneManagerProtocolServerSideTranslatorPB.java:134)
datanode_2  | 2019-10-25 06:35:00,964 INFO util.JmxRegister: Successfully registered JMX Bean with object name Ratis:service=RaftServer,group=group-3BBA6D036A28,id=67943ea8-a8be-43d1-ade9-95bd70a5a61a
datanode_1  | 2019-10-25 06:35:00,962 INFO segmented.SegmentedRaftLogWorker: adb17a60-d3d5-4274-a75b-69bdb560b052@group-3BBA6D036A28-SegmentedRaftLogWorker: flushIndex: setUnconditionally 0 -> -1
s3g_1       | 	at org.glassfish.jersey.servlet.ServletContainer.service(ServletContainer.java:342)
datanode_3  | 2019-10-25 06:35:00,923 INFO server.RaftServerConfigKeys: raft.server.log.statemachine.data.caching.enabled = true (custom)
om_1        | 	at org.apache.hadoop.hdds.server.OzoneProtocolMessageDispatcher.processRequest(OzoneProtocolMessageDispatcher.java:72)
datanode_2  | 2019-10-25 06:35:00,964 WARN impl.MetricRegistriesImpl: First MetricRegistry has been created without registering reporters. You may need to call MetricRegistries.global().addReportRegistration(...) before.
datanode_1  | 2019-10-25 06:35:00,963 INFO server.RaftServerConfigKeys: raft.server.snapshot.auto.trigger.enabled = true (custom)
s3g_1       | 	at org.glassfish.jersey.servlet.ServletContainer.service(ServletContainer.java:229)
datanode_3  | 2019-10-25 06:35:00,923 INFO segmented.SegmentedRaftLogWorker: 43093f38-139b-4035-a7f2-3b96f4476fcb@group-3BBA6D036A28-SegmentedRaftLogWorker: flushIndex: setUnconditionally 0 -> -1
datanode_2  | 2019-10-25 06:35:05,967 INFO impl.FollowerState: 67943ea8-a8be-43d1-ade9-95bd70a5a61a@group-270CA87606D2-FollowerState: change to CANDIDATE, lastRpcTime:5152ms, electionTimeout:5151ms
om_1        | 	at org.apache.hadoop.ozone.protocolPB.OzoneManagerProtocolServerSideTranslatorPB.submitRequest(OzoneManagerProtocolServerSideTranslatorPB.java:102)
datanode_1  | 2019-10-25 06:35:00,963 INFO server.RaftServerConfigKeys: raft.server.snapshot.auto.trigger.threshold = 10000 (custom)
s3g_1       | 	at org.eclipse.jetty.servlet.ServletHolder.handle(ServletHolder.java:840)
datanode_3  | 2019-10-25 06:35:00,923 INFO server.RaftServerConfigKeys: raft.server.snapshot.auto.trigger.enabled = true (custom)
datanode_2  | 2019-10-25 06:35:05,969 INFO impl.RoleInfo: 67943ea8-a8be-43d1-ade9-95bd70a5a61a: shutdown FollowerState
om_1        | 	at org.apache.hadoop.ozone.protocol.proto.OzoneManagerProtocolProtos$OzoneManagerService$2.callBlockingMethod(OzoneManagerProtocolProtos.java)
datanode_1  | 2019-10-25 06:35:00,963 INFO server.RaftServerConfigKeys: raft.server.snapshot.retention.file.num = 5 (custom)
s3g_1       | 	at org.eclipse.jetty.servlet.ServletHandler$CachedChain.doFilter(ServletHandler.java:1780)
datanode_3  | 2019-10-25 06:35:00,924 INFO server.RaftServerConfigKeys: raft.server.snapshot.auto.trigger.threshold = 10000 (custom)
datanode_2  | 2019-10-25 06:35:05,969 INFO impl.RaftServerImpl: 67943ea8-a8be-43d1-ade9-95bd70a5a61a@group-270CA87606D2: changes role from  FOLLOWER to CANDIDATE at term 0 for changeToCandidate
om_1        | 	at org.apache.hadoop.ipc.ProtobufRpcEngine$Server$ProtoBufRpcInvoker.call(ProtobufRpcEngine.java:524)
datanode_1  | 2019-10-25 06:35:00,963 INFO server.RaftServerConfigKeys: raft.server.retrycache.expirytime = 600000ms (custom)
s3g_1       | 	at org.apache.hadoop.http.HttpServer2$QuotingInputFilter.doFilter(HttpServer2.java:1609)
datanode_2  | 2019-10-25 06:35:05,973 INFO impl.RoleInfo: 67943ea8-a8be-43d1-ade9-95bd70a5a61a: start LeaderElection
om_1        | 	at org.apache.hadoop.ipc.RPC$Server.call(RPC.java:1025)
s3g_1       | 	at org.eclipse.jetty.servlet.ServletHandler$CachedChain.doFilter(ServletHandler.java:1767)
datanode_1  | 2019-10-25 06:35:00,963 WARN impl.MetricRegistriesImpl: First MetricRegistry has been created without registering reporters. You may need to call MetricRegistries.global().addReportRegistration(...) before.
datanode_3  | 2019-10-25 06:35:00,924 INFO server.RaftServerConfigKeys: raft.server.snapshot.retention.file.num = 5 (custom)
datanode_2  | 2019-10-25 06:35:05,988 INFO impl.LeaderElection: 67943ea8-a8be-43d1-ade9-95bd70a5a61a@group-270CA87606D2-LeaderElection1: begin an election at term 1 for -1: [67943ea8-a8be-43d1-ade9-95bd70a5a61a:172.18.0.7:9858], old=null
om_1        | 	at org.apache.hadoop.ipc.Server$RpcCall.run(Server.java:876)
s3g_1       | 	at org.apache.hadoop.http.NoCacheFilter.doFilter(NoCacheFilter.java:45)
datanode_1  | 2019-10-25 06:35:00,964 WARN impl.MetricRegistriesImpl: First MetricRegistry has been created without registering reporters. You may need to call MetricRegistries.global().addReportRegistration(...) before.
datanode_3  | 2019-10-25 06:35:00,924 INFO server.RaftServerConfigKeys: raft.server.retrycache.expirytime = 600000ms (custom)
datanode_2  | 2019-10-25 06:35:05,990 INFO impl.RoleInfo: 67943ea8-a8be-43d1-ade9-95bd70a5a61a: shutdown LeaderElection
om_1        | 	at org.apache.hadoop.ipc.Server$RpcCall.run(Server.java:822)
s3g_1       | 	at org.eclipse.jetty.servlet.ServletHandler$CachedChain.doFilter(ServletHandler.java:1767)
datanode_1  | 2019-10-25 06:35:00,964 INFO impl.RaftServerImpl: adb17a60-d3d5-4274-a75b-69bdb560b052@group-3BBA6D036A28: start as a follower, conf=-1: [43093f38-139b-4035-a7f2-3b96f4476fcb:172.18.0.3:9858, adb17a60-d3d5-4274-a75b-69bdb560b052:172.18.0.4:9858, 67943ea8-a8be-43d1-ade9-95bd70a5a61a:172.18.0.7:9858], old=null
datanode_3  | 2019-10-25 06:35:00,924 WARN impl.MetricRegistriesImpl: First MetricRegistry has been created without registering reporters. You may need to call MetricRegistries.global().addReportRegistration(...) before.
datanode_2  | 2019-10-25 06:35:05,991 INFO impl.RaftServerImpl: 67943ea8-a8be-43d1-ade9-95bd70a5a61a@group-270CA87606D2: changes role from CANDIDATE to LEADER at term 1 for changeToLeader
om_1        | 	at java.base/java.security.AccessController.doPrivileged(Native Method)
s3g_1       | 	at org.eclipse.jetty.servlet.ServletHandler.doHandle(ServletHandler.java:583)
datanode_1  | 2019-10-25 06:35:00,964 INFO impl.RaftServerImpl: adb17a60-d3d5-4274-a75b-69bdb560b052@group-3BBA6D036A28: changes role from      null to FOLLOWER at term 0 for startAsFollower
datanode_3  | 2019-10-25 06:35:00,924 WARN impl.MetricRegistriesImpl: First MetricRegistry has been created without registering reporters. You may need to call MetricRegistries.global().addReportRegistration(...) before.
datanode_2  | 2019-10-25 06:35:05,991 INFO impl.RaftServerImpl: 67943ea8-a8be-43d1-ade9-95bd70a5a61a@group-270CA87606D2: change Leader from null to 67943ea8-a8be-43d1-ade9-95bd70a5a61a at term 1 for becomeLeader, leader elected after 5258ms
om_1        | 	at java.base/javax.security.auth.Subject.doAs(Subject.java:423)
s3g_1       | 	at org.eclipse.jetty.server.handler.ScopedHandler.handle(ScopedHandler.java:143)
datanode_1  | 2019-10-25 06:35:00,964 INFO impl.RoleInfo: adb17a60-d3d5-4274-a75b-69bdb560b052: start FollowerState
datanode_3  | 2019-10-25 06:35:00,924 INFO impl.RaftServerImpl: 43093f38-139b-4035-a7f2-3b96f4476fcb@group-3BBA6D036A28: start as a follower, conf=-1: [43093f38-139b-4035-a7f2-3b96f4476fcb:172.18.0.3:9858, adb17a60-d3d5-4274-a75b-69bdb560b052:172.18.0.4:9858, 67943ea8-a8be-43d1-ade9-95bd70a5a61a:172.18.0.7:9858], old=null
datanode_2  | 2019-10-25 06:35:05,996 INFO server.RaftServerConfigKeys: raft.server.staging.catchup.gap = 1000 (default)
om_1        | 	at org.apache.hadoop.security.UserGroupInformation.doAs(UserGroupInformation.java:1730)
s3g_1       | 	at org.eclipse.jetty.security.SecurityHandler.handle(SecurityHandler.java:548)
datanode_1  | 2019-10-25 06:35:00,964 INFO util.JmxRegister: Successfully registered JMX Bean with object name Ratis:service=RaftServer,group=group-3BBA6D036A28,id=adb17a60-d3d5-4274-a75b-69bdb560b052
datanode_3  | 2019-10-25 06:35:00,924 INFO impl.RaftServerImpl: 43093f38-139b-4035-a7f2-3b96f4476fcb@group-3BBA6D036A28: changes role from      null to FOLLOWER at term 0 for startAsFollower
datanode_2  | 2019-10-25 06:35:05,996 INFO server.RaftServerConfigKeys: raft.server.rpc.sleep.time = 25ms (default)
om_1        | 	at org.apache.hadoop.ipc.Server$Handler.run(Server.java:2682)
s3g_1       | 	at org.eclipse.jetty.server.session.SessionHandler.doHandle(SessionHandler.java:226)
datanode_1  | 2019-10-25 06:35:00,964 WARN impl.MetricRegistriesImpl: First MetricRegistry has been created without registering reporters. You may need to call MetricRegistries.global().addReportRegistration(...) before.
datanode_3  | 2019-10-25 06:35:00,925 INFO impl.RoleInfo: 43093f38-139b-4035-a7f2-3b96f4476fcb: start FollowerState
datanode_2  | 2019-10-25 06:35:06,000 INFO server.RaftServerConfigKeys: raft.server.write.element-limit = 4096 (default)
om_1        | 2019-10-25 06:37:51,121 [IPC Server handler 5 on 9862] ERROR      - ALLOCATE_KEY failed for Key: multipartKey in volume/bucket:s37c35ba70126b04fca007e4dbfab9c47c/bucket-82262
s3g_1       | 	at org.eclipse.jetty.server.handler.ContextHandler.doHandle(ContextHandler.java:1180)
datanode_1  | 2019-10-25 06:35:03,925 INFO impl.FollowerState: adb17a60-d3d5-4274-a75b-69bdb560b052@group-8FE9F50CE095-FollowerState: change to CANDIDATE, lastRpcTime:5026ms, electionTimeout:5025ms
datanode_3  | 2019-10-25 06:35:00,925 INFO util.JmxRegister: Successfully registered JMX Bean with object name Ratis:service=RaftServer,group=group-3BBA6D036A28,id=43093f38-139b-4035-a7f2-3b96f4476fcb
datanode_2  | 2019-10-25 06:35:06,006 INFO server.RaftServerConfigKeys: raft.server.watch.timeout = 10s (default)
om_1        | NO_SUCH_MULTIPART_UPLOAD_ERROR org.apache.hadoop.ozone.om.exceptions.OMException: No such Multipart upload is with specified uploadId random
s3g_1       | 	at org.eclipse.jetty.servlet.ServletHandler.doScope(ServletHandler.java:513)
datanode_1  | 2019-10-25 06:35:03,927 INFO impl.RoleInfo: adb17a60-d3d5-4274-a75b-69bdb560b052: shutdown FollowerState
datanode_3  | 2019-10-25 06:35:00,925 WARN impl.MetricRegistriesImpl: First MetricRegistry has been created without registering reporters. You may need to call MetricRegistries.global().addReportRegistration(...) before.
datanode_2  | 2019-10-25 06:35:06,006 INFO server.RaftServerConfigKeys: raft.server.watch.timeout.denomination = 1s (default)
om_1        | 	at org.apache.hadoop.ozone.om.request.key.OMKeyRequest.prepareMultipartKeyInfo(OMKeyRequest.java:471)
s3g_1       | 	at org.eclipse.jetty.server.session.SessionHandler.doScope(SessionHandler.java:185)
datanode_1  | 2019-10-25 06:35:03,928 INFO impl.RaftServerImpl: adb17a60-d3d5-4274-a75b-69bdb560b052@group-8FE9F50CE095: changes role from  FOLLOWER to CANDIDATE at term 0 for changeToCandidate
datanode_3  | 2019-10-25 06:35:04,812 INFO impl.FollowerState: 43093f38-139b-4035-a7f2-3b96f4476fcb@group-70FC6AF55610-FollowerState: change to CANDIDATE, lastRpcTime:5129ms, electionTimeout:5129ms
datanode_2  | 2019-10-25 06:35:06,007 INFO server.RaftServerConfigKeys: raft.server.watch.element-limit = 65536 (default)
om_1        | 	at org.apache.hadoop.ozone.om.request.key.OMKeyRequest.prepareKeyInfo(OMKeyRequest.java:423)
s3g_1       | 	at org.eclipse.jetty.server.handler.ContextHandler.doScope(ContextHandler.java:1112)
datanode_1  | 2019-10-25 06:35:03,932 INFO impl.RoleInfo: adb17a60-d3d5-4274-a75b-69bdb560b052: start LeaderElection
datanode_2  | 2019-10-25 06:35:06,015 INFO impl.RoleInfo: 67943ea8-a8be-43d1-ade9-95bd70a5a61a: start LeaderState
om_1        | 	at org.apache.hadoop.ozone.om.request.key.OMKeyCreateRequest.validateAndUpdateCache(OMKeyCreateRequest.java:182)
s3g_1       | 	at org.eclipse.jetty.server.handler.ScopedHandler.handle(ScopedHandler.java:141)
datanode_1  | 2019-10-25 06:35:03,948 INFO impl.LeaderElection: adb17a60-d3d5-4274-a75b-69bdb560b052@group-8FE9F50CE095-LeaderElection1: begin an election at term 1 for -1: [adb17a60-d3d5-4274-a75b-69bdb560b052:172.18.0.4:9858], old=null
datanode_3  | 2019-10-25 06:35:04,813 INFO impl.RoleInfo: 43093f38-139b-4035-a7f2-3b96f4476fcb: shutdown FollowerState
datanode_2  | 2019-10-25 06:35:06,036 INFO segmented.SegmentedRaftLogWorker: 67943ea8-a8be-43d1-ade9-95bd70a5a61a@group-270CA87606D2-SegmentedRaftLogWorker: Starting segment from index:0
om_1        | 	at org.apache.hadoop.ozone.protocolPB.OzoneManagerProtocolServerSideTranslatorPB.submitRequestDirectlyToOM(OzoneManagerProtocolServerSideTranslatorPB.java:228)
s3g_1       | 	at org.eclipse.jetty.server.handler.HandlerCollection.handle(HandlerCollection.java:119)
datanode_1  | 2019-10-25 06:35:03,949 INFO impl.RoleInfo: adb17a60-d3d5-4274-a75b-69bdb560b052: shutdown LeaderElection
datanode_3  | 2019-10-25 06:35:04,814 INFO impl.RaftServerImpl: 43093f38-139b-4035-a7f2-3b96f4476fcb@group-70FC6AF55610: changes role from  FOLLOWER to CANDIDATE at term 0 for changeToCandidate
datanode_2  | 2019-10-25 06:35:06,046 INFO impl.RaftServerImpl: 67943ea8-a8be-43d1-ade9-95bd70a5a61a@group-270CA87606D2: set configuration 0: [67943ea8-a8be-43d1-ade9-95bd70a5a61a:172.18.0.7:9858], old=null at 0
om_1        | 	at org.apache.hadoop.ozone.protocolPB.OzoneManagerProtocolServerSideTranslatorPB.processRequest(OzoneManagerProtocolServerSideTranslatorPB.java:134)
s3g_1       | 	at org.eclipse.jetty.server.handler.HandlerWrapper.handle(HandlerWrapper.java:134)
datanode_1  | 2019-10-25 06:35:03,950 INFO impl.RaftServerImpl: adb17a60-d3d5-4274-a75b-69bdb560b052@group-8FE9F50CE095: changes role from CANDIDATE to LEADER at term 1 for changeToLeader
datanode_3  | 2019-10-25 06:35:04,819 INFO impl.RoleInfo: 43093f38-139b-4035-a7f2-3b96f4476fcb: start LeaderElection
datanode_2  | 2019-10-25 06:35:06,107 INFO impl.FollowerState: 67943ea8-a8be-43d1-ade9-95bd70a5a61a@group-3BBA6D036A28-FollowerState: change to CANDIDATE, lastRpcTime:5143ms, electionTimeout:5143ms
om_1        | 	at org.apache.hadoop.hdds.server.OzoneProtocolMessageDispatcher.processRequest(OzoneProtocolMessageDispatcher.java:72)
s3g_1       | 	at org.eclipse.jetty.server.Server.handle(Server.java:539)
datanode_1  | 2019-10-25 06:35:03,951 INFO impl.RaftServerImpl: adb17a60-d3d5-4274-a75b-69bdb560b052@group-8FE9F50CE095: change Leader from null to adb17a60-d3d5-4274-a75b-69bdb560b052 at term 1 for becomeLeader, leader elected after 5139ms
datanode_3  | 2019-10-25 06:35:04,833 INFO impl.LeaderElection: 43093f38-139b-4035-a7f2-3b96f4476fcb@group-70FC6AF55610-LeaderElection1: begin an election at term 1 for -1: [43093f38-139b-4035-a7f2-3b96f4476fcb:172.18.0.3:9858], old=null
datanode_2  | 2019-10-25 06:35:06,108 INFO impl.RoleInfo: 67943ea8-a8be-43d1-ade9-95bd70a5a61a: shutdown FollowerState
om_1        | 	at org.apache.hadoop.ozone.protocolPB.OzoneManagerProtocolServerSideTranslatorPB.submitRequest(OzoneManagerProtocolServerSideTranslatorPB.java:102)
datanode_1  | 2019-10-25 06:35:03,956 INFO server.RaftServerConfigKeys: raft.server.staging.catchup.gap = 1000 (default)
s3g_1       | 	at org.eclipse.jetty.server.HttpChannel.handle(HttpChannel.java:333)
datanode_3  | 2019-10-25 06:35:04,835 INFO impl.RoleInfo: 43093f38-139b-4035-a7f2-3b96f4476fcb: shutdown LeaderElection
om_1        | 	at org.apache.hadoop.ozone.protocol.proto.OzoneManagerProtocolProtos$OzoneManagerService$2.callBlockingMethod(OzoneManagerProtocolProtos.java)
datanode_2  | 2019-10-25 06:35:06,108 INFO impl.RaftServerImpl: 67943ea8-a8be-43d1-ade9-95bd70a5a61a@group-3BBA6D036A28: changes role from  FOLLOWER to CANDIDATE at term 0 for changeToCandidate
datanode_1  | 2019-10-25 06:35:03,957 INFO server.RaftServerConfigKeys: raft.server.rpc.sleep.time = 25ms (default)
s3g_1       | 	at org.eclipse.jetty.server.HttpConnection.onFillable(HttpConnection.java:251)
datanode_3  | 2019-10-25 06:35:04,835 INFO impl.RaftServerImpl: 43093f38-139b-4035-a7f2-3b96f4476fcb@group-70FC6AF55610: changes role from CANDIDATE to LEADER at term 1 for changeToLeader
datanode_2  | 2019-10-25 06:35:06,108 INFO impl.RoleInfo: 67943ea8-a8be-43d1-ade9-95bd70a5a61a: start LeaderElection
om_1        | 	at org.apache.hadoop.ipc.ProtobufRpcEngine$Server$ProtoBufRpcInvoker.call(ProtobufRpcEngine.java:524)
datanode_1  | 2019-10-25 06:35:03,961 INFO server.RaftServerConfigKeys: raft.server.write.element-limit = 4096 (default)
s3g_1       | 	at org.eclipse.jetty.io.AbstractConnection$ReadCallback.succeeded(AbstractConnection.java:283)
datanode_3  | 2019-10-25 06:35:04,835 INFO impl.RaftServerImpl: 43093f38-139b-4035-a7f2-3b96f4476fcb@group-70FC6AF55610: change Leader from null to 43093f38-139b-4035-a7f2-3b96f4476fcb at term 1 for becomeLeader, leader elected after 5242ms
datanode_2  | 2019-10-25 06:35:06,121 INFO impl.LeaderElection: 67943ea8-a8be-43d1-ade9-95bd70a5a61a@group-3BBA6D036A28-LeaderElection2: begin an election at term 1 for -1: [43093f38-139b-4035-a7f2-3b96f4476fcb:172.18.0.3:9858, adb17a60-d3d5-4274-a75b-69bdb560b052:172.18.0.4:9858, 67943ea8-a8be-43d1-ade9-95bd70a5a61a:172.18.0.7:9858], old=null
s3g_1       | 	at org.eclipse.jetty.io.FillInterest.fillable(FillInterest.java:108)
datanode_1  | 2019-10-25 06:35:03,967 INFO server.RaftServerConfigKeys: raft.server.watch.timeout = 10s (default)
om_1        | 	at org.apache.hadoop.ipc.RPC$Server.call(RPC.java:1025)
datanode_3  | 2019-10-25 06:35:04,839 INFO server.RaftServerConfigKeys: raft.server.staging.catchup.gap = 1000 (default)
datanode_2  | 2019-10-25 06:35:06,218 INFO segmented.SegmentedRaftLogWorker: 67943ea8-a8be-43d1-ade9-95bd70a5a61a@group-270CA87606D2-SegmentedRaftLogWorker: created new log segment /data/metadata/ratis/a251de33-920f-49dc-87e6-270ca87606d2/current/log_inprogress_0
s3g_1       | 	at org.eclipse.jetty.io.SelectChannelEndPoint$2.run(SelectChannelEndPoint.java:93)
datanode_1  | 2019-10-25 06:35:03,967 INFO server.RaftServerConfigKeys: raft.server.watch.timeout.denomination = 1s (default)
om_1        | 	at org.apache.hadoop.ipc.Server$RpcCall.run(Server.java:876)
datanode_3  | 2019-10-25 06:35:04,839 INFO server.RaftServerConfigKeys: raft.server.rpc.sleep.time = 25ms (default)
datanode_2  | 2019-10-25 06:35:06,302 INFO impl.LeaderElection: 67943ea8-a8be-43d1-ade9-95bd70a5a61a@group-3BBA6D036A28-LeaderElection2: Election REJECTED; received 2 response(s) [67943ea8-a8be-43d1-ade9-95bd70a5a61a<-43093f38-139b-4035-a7f2-3b96f4476fcb#0:FAIL-t1, 67943ea8-a8be-43d1-ade9-95bd70a5a61a<-adb17a60-d3d5-4274-a75b-69bdb560b052#0:FAIL-t1] and 0 exception(s); 67943ea8-a8be-43d1-ade9-95bd70a5a61a@group-3BBA6D036A28:t1, leader=null, voted=67943ea8-a8be-43d1-ade9-95bd70a5a61a, raftlog=67943ea8-a8be-43d1-ade9-95bd70a5a61a@group-3BBA6D036A28-SegmentedRaftLog:OPENED:c-1,f-1,i0, conf=-1: [43093f38-139b-4035-a7f2-3b96f4476fcb:172.18.0.3:9858, adb17a60-d3d5-4274-a75b-69bdb560b052:172.18.0.4:9858, 67943ea8-a8be-43d1-ade9-95bd70a5a61a:172.18.0.7:9858], old=null
s3g_1       | 	at org.eclipse.jetty.util.thread.strategy.ExecuteProduceConsume.executeProduceConsume(ExecuteProduceConsume.java:303)
datanode_1  | 2019-10-25 06:35:03,968 INFO server.RaftServerConfigKeys: raft.server.watch.element-limit = 65536 (default)
om_1        | 	at org.apache.hadoop.ipc.Server$RpcCall.run(Server.java:822)
datanode_3  | 2019-10-25 06:35:04,841 INFO server.RaftServerConfigKeys: raft.server.write.element-limit = 4096 (default)
datanode_2  | 2019-10-25 06:35:06,303 INFO impl.RaftServerImpl: 67943ea8-a8be-43d1-ade9-95bd70a5a61a@group-3BBA6D036A28: changes role from CANDIDATE to FOLLOWER at term 1 for DISCOVERED_A_NEW_TERM
s3g_1       | 	at org.eclipse.jetty.util.thread.strategy.ExecuteProduceConsume.produceConsume(ExecuteProduceConsume.java:148)
datanode_1  | 2019-10-25 06:35:03,977 INFO impl.RoleInfo: adb17a60-d3d5-4274-a75b-69bdb560b052: start LeaderState
om_1        | 	at java.base/java.security.AccessController.doPrivileged(Native Method)
datanode_3  | 2019-10-25 06:35:04,846 INFO server.RaftServerConfigKeys: raft.server.watch.timeout = 10s (default)
s3g_1       | 	at org.eclipse.jetty.util.thread.strategy.ExecuteProduceConsume.run(ExecuteProduceConsume.java:136)
datanode_2  | 2019-10-25 06:35:06,303 INFO impl.RoleInfo: 67943ea8-a8be-43d1-ade9-95bd70a5a61a: shutdown LeaderElection
datanode_1  | 2019-10-25 06:35:03,999 INFO segmented.SegmentedRaftLogWorker: adb17a60-d3d5-4274-a75b-69bdb560b052@group-8FE9F50CE095-SegmentedRaftLogWorker: Starting segment from index:0
om_1        | 	at java.base/javax.security.auth.Subject.doAs(Subject.java:423)
datanode_3  | 2019-10-25 06:35:04,846 INFO server.RaftServerConfigKeys: raft.server.watch.timeout.denomination = 1s (default)
s3g_1       | 	at org.eclipse.jetty.util.thread.QueuedThreadPool.runJob(QueuedThreadPool.java:671)
datanode_2  | 2019-10-25 06:35:06,303 INFO impl.RoleInfo: 67943ea8-a8be-43d1-ade9-95bd70a5a61a: start FollowerState
datanode_1  | 2019-10-25 06:35:04,011 INFO impl.RaftServerImpl: adb17a60-d3d5-4274-a75b-69bdb560b052@group-8FE9F50CE095: set configuration 0: [adb17a60-d3d5-4274-a75b-69bdb560b052:172.18.0.4:9858], old=null at 0
om_1        | 	at org.apache.hadoop.security.UserGroupInformation.doAs(UserGroupInformation.java:1730)
datanode_3  | 2019-10-25 06:35:04,847 INFO server.RaftServerConfigKeys: raft.server.watch.element-limit = 65536 (default)
s3g_1       | 	at org.eclipse.jetty.util.thread.QueuedThreadPool$2.run(QueuedThreadPool.java:589)
datanode_2  | 2019-10-25 06:35:11,341 INFO impl.RaftServerImpl: 67943ea8-a8be-43d1-ade9-95bd70a5a61a@group-3BBA6D036A28: changes role from  FOLLOWER to FOLLOWER at term 2 for recognizeCandidate:43093f38-139b-4035-a7f2-3b96f4476fcb
datanode_1  | 2019-10-25 06:35:04,131 INFO segmented.SegmentedRaftLogWorker: adb17a60-d3d5-4274-a75b-69bdb560b052@group-8FE9F50CE095-SegmentedRaftLogWorker: created new log segment /data/metadata/ratis/759eb482-149e-48c4-ab9c-8fe9f50ce095/current/log_inprogress_0
om_1        | 	at org.apache.hadoop.ipc.Server$Handler.run(Server.java:2682)
s3g_1       | 	at java.base/java.lang.Thread.run(Thread.java:834)
datanode_2  | 2019-10-25 06:35:11,342 INFO impl.RoleInfo: 67943ea8-a8be-43d1-ade9-95bd70a5a61a: shutdown FollowerState
datanode_3  | 2019-10-25 06:35:04,854 INFO impl.RoleInfo: 43093f38-139b-4035-a7f2-3b96f4476fcb: start LeaderState
s3g_1       | 2019-10-25 06:37:35,319 [qtp1105322512-30] INFO       - Allocating block with ExcludeList {datanodes = [], containerIds = [], pipelineIds = []}
datanode_3  | 2019-10-25 06:35:04,870 INFO segmented.SegmentedRaftLogWorker: 43093f38-139b-4035-a7f2-3b96f4476fcb@group-70FC6AF55610-SegmentedRaftLogWorker: Starting segment from index:0
datanode_1  | 2019-10-25 06:35:06,138 INFO impl.FollowerState: adb17a60-d3d5-4274-a75b-69bdb560b052@group-3BBA6D036A28-FollowerState: change to CANDIDATE, lastRpcTime:5174ms, electionTimeout:5174ms
datanode_2  | 2019-10-25 06:35:11,342 INFO impl.RoleInfo: 67943ea8-a8be-43d1-ade9-95bd70a5a61a: start FollowerState
s3g_1       | 2019-10-25 06:37:38,841 [qtp1105322512-28] INFO       - Allocating block with ExcludeList {datanodes = [], containerIds = [], pipelineIds = []}
datanode_3  | 2019-10-25 06:35:04,878 INFO impl.RaftServerImpl: 43093f38-139b-4035-a7f2-3b96f4476fcb@group-70FC6AF55610: set configuration 0: [43093f38-139b-4035-a7f2-3b96f4476fcb:172.18.0.3:9858], old=null at 0
datanode_1  | 2019-10-25 06:35:06,142 INFO impl.RoleInfo: adb17a60-d3d5-4274-a75b-69bdb560b052: shutdown FollowerState
datanode_2  | 2019-10-25 06:35:11,342 INFO impl.FollowerState: 67943ea8-a8be-43d1-ade9-95bd70a5a61a@group-3BBA6D036A28-FollowerState was interrupted: java.lang.InterruptedException: sleep interrupted
datanode_3  | 2019-10-25 06:35:05,189 INFO segmented.SegmentedRaftLogWorker: 43093f38-139b-4035-a7f2-3b96f4476fcb@group-70FC6AF55610-SegmentedRaftLogWorker: created new log segment /data/metadata/ratis/45e66d52-70e6-495c-9baf-70fc6af55610/current/log_inprogress_0
s3g_1       | 2019-10-25 06:37:39,907 [qtp1105322512-30] ERROR      - Error in Complete Multipart Upload Request for bucket: bucket-82262, key: multipartKey3
datanode_1  | 2019-10-25 06:35:06,142 INFO impl.RaftServerImpl: adb17a60-d3d5-4274-a75b-69bdb560b052@group-3BBA6D036A28: changes role from  FOLLOWER to CANDIDATE at term 0 for changeToCandidate
datanode_2  | 2019-10-25 06:35:11,447 INFO impl.RaftServerImpl: 67943ea8-a8be-43d1-ade9-95bd70a5a61a@group-3BBA6D036A28: change Leader from null to 43093f38-139b-4035-a7f2-3b96f4476fcb at term 2 for appendEntries, leader elected after 10487ms
datanode_3  | 2019-10-25 06:35:06,000 INFO impl.FollowerState: 43093f38-139b-4035-a7f2-3b96f4476fcb@group-3BBA6D036A28-FollowerState: change to CANDIDATE, lastRpcTime:5075ms, electionTimeout:5075ms
s3g_1       | MISMATCH_MULTIPART_LIST org.apache.hadoop.ozone.om.exceptions.OMException: Complete Multipart Upload Failed: volume: s37c35ba70126b04fca007e4dbfab9c47cbucket: bucket-82262key: multipartKey3
datanode_1  | 2019-10-25 06:35:06,142 INFO impl.RoleInfo: adb17a60-d3d5-4274-a75b-69bdb560b052: start LeaderElection
datanode_3  | 2019-10-25 06:35:06,001 INFO impl.RoleInfo: 43093f38-139b-4035-a7f2-3b96f4476fcb: shutdown FollowerState
datanode_2  | 2019-10-25 06:35:11,470 INFO impl.RaftServerImpl: 67943ea8-a8be-43d1-ade9-95bd70a5a61a@group-3BBA6D036A28: set configuration 0: [43093f38-139b-4035-a7f2-3b96f4476fcb:172.18.0.3:9858, adb17a60-d3d5-4274-a75b-69bdb560b052:172.18.0.4:9858, 67943ea8-a8be-43d1-ade9-95bd70a5a61a:172.18.0.7:9858], old=null at 0
s3g_1       | 	at org.apache.hadoop.ozone.om.protocolPB.OzoneManagerProtocolClientSideTranslatorPB.handleError(OzoneManagerProtocolClientSideTranslatorPB.java:732)
datanode_3  | 2019-10-25 06:35:06,001 INFO impl.RaftServerImpl: 43093f38-139b-4035-a7f2-3b96f4476fcb@group-3BBA6D036A28: changes role from  FOLLOWER to CANDIDATE at term 0 for changeToCandidate
datanode_1  | 2019-10-25 06:35:06,156 INFO impl.LeaderElection: adb17a60-d3d5-4274-a75b-69bdb560b052@group-3BBA6D036A28-LeaderElection2: begin an election at term 1 for -1: [43093f38-139b-4035-a7f2-3b96f4476fcb:172.18.0.3:9858, adb17a60-d3d5-4274-a75b-69bdb560b052:172.18.0.4:9858, 67943ea8-a8be-43d1-ade9-95bd70a5a61a:172.18.0.7:9858], old=null
datanode_2  | 2019-10-25 06:35:11,471 INFO segmented.SegmentedRaftLogWorker: 67943ea8-a8be-43d1-ade9-95bd70a5a61a@group-3BBA6D036A28-SegmentedRaftLogWorker: Starting segment from index:0
datanode_3  | 2019-10-25 06:35:06,002 INFO impl.RoleInfo: 43093f38-139b-4035-a7f2-3b96f4476fcb: start LeaderElection
datanode_1  | 2019-10-25 06:35:06,327 INFO impl.LeaderElection: adb17a60-d3d5-4274-a75b-69bdb560b052@group-3BBA6D036A28-LeaderElection2: Election REJECTED; received 2 response(s) [adb17a60-d3d5-4274-a75b-69bdb560b052<-43093f38-139b-4035-a7f2-3b96f4476fcb#0:FAIL-t1, adb17a60-d3d5-4274-a75b-69bdb560b052<-67943ea8-a8be-43d1-ade9-95bd70a5a61a#0:FAIL-t1] and 0 exception(s); adb17a60-d3d5-4274-a75b-69bdb560b052@group-3BBA6D036A28:t1, leader=null, voted=adb17a60-d3d5-4274-a75b-69bdb560b052, raftlog=adb17a60-d3d5-4274-a75b-69bdb560b052@group-3BBA6D036A28-SegmentedRaftLog:OPENED:c-1,f-1,i0, conf=-1: [43093f38-139b-4035-a7f2-3b96f4476fcb:172.18.0.3:9858, adb17a60-d3d5-4274-a75b-69bdb560b052:172.18.0.4:9858, 67943ea8-a8be-43d1-ade9-95bd70a5a61a:172.18.0.7:9858], old=null
s3g_1       | 	at org.apache.hadoop.ozone.om.protocolPB.OzoneManagerProtocolClientSideTranslatorPB.completeMultipartUpload(OzoneManagerProtocolClientSideTranslatorPB.java:1104)
datanode_2  | 2019-10-25 06:35:11,660 INFO segmented.SegmentedRaftLogWorker: 67943ea8-a8be-43d1-ade9-95bd70a5a61a@group-3BBA6D036A28-SegmentedRaftLogWorker: created new log segment /data/metadata/ratis/b2bdd0d0-ad35-45c5-ba80-3bba6d036a28/current/log_inprogress_0
datanode_3  | 2019-10-25 06:35:06,016 INFO impl.LeaderElection: 43093f38-139b-4035-a7f2-3b96f4476fcb@group-3BBA6D036A28-LeaderElection2: begin an election at term 1 for -1: [43093f38-139b-4035-a7f2-3b96f4476fcb:172.18.0.3:9858, adb17a60-d3d5-4274-a75b-69bdb560b052:172.18.0.4:9858, 67943ea8-a8be-43d1-ade9-95bd70a5a61a:172.18.0.7:9858], old=null
datanode_1  | 2019-10-25 06:35:06,329 INFO impl.RaftServerImpl: adb17a60-d3d5-4274-a75b-69bdb560b052@group-3BBA6D036A28: changes role from CANDIDATE to FOLLOWER at term 1 for DISCOVERED_A_NEW_TERM
s3g_1       | 	at java.base/jdk.internal.reflect.NativeMethodAccessorImpl.invoke0(Native Method)
datanode_3  | 2019-10-25 06:35:06,211 INFO impl.LeaderElection: 43093f38-139b-4035-a7f2-3b96f4476fcb@group-3BBA6D036A28-LeaderElection2: Election REJECTED; received 2 response(s) [43093f38-139b-4035-a7f2-3b96f4476fcb<-adb17a60-d3d5-4274-a75b-69bdb560b052#0:FAIL-t1, 43093f38-139b-4035-a7f2-3b96f4476fcb<-67943ea8-a8be-43d1-ade9-95bd70a5a61a#0:FAIL-t1] and 0 exception(s); 43093f38-139b-4035-a7f2-3b96f4476fcb@group-3BBA6D036A28:t1, leader=null, voted=43093f38-139b-4035-a7f2-3b96f4476fcb, raftlog=43093f38-139b-4035-a7f2-3b96f4476fcb@group-3BBA6D036A28-SegmentedRaftLog:OPENED:c-1,f-1,i0, conf=-1: [43093f38-139b-4035-a7f2-3b96f4476fcb:172.18.0.3:9858, adb17a60-d3d5-4274-a75b-69bdb560b052:172.18.0.4:9858, 67943ea8-a8be-43d1-ade9-95bd70a5a61a:172.18.0.7:9858], old=null
datanode_1  | 2019-10-25 06:35:06,329 INFO impl.RoleInfo: adb17a60-d3d5-4274-a75b-69bdb560b052: shutdown LeaderElection
s3g_1       | 	at java.base/jdk.internal.reflect.NativeMethodAccessorImpl.invoke(NativeMethodAccessorImpl.java:62)
datanode_3  | 2019-10-25 06:35:06,213 INFO impl.RaftServerImpl: 43093f38-139b-4035-a7f2-3b96f4476fcb@group-3BBA6D036A28: changes role from CANDIDATE to FOLLOWER at term 1 for DISCOVERED_A_NEW_TERM
s3g_1       | 	at java.base/jdk.internal.reflect.DelegatingMethodAccessorImpl.invoke(DelegatingMethodAccessorImpl.java:43)
s3g_1       | 	at java.base/java.lang.reflect.Method.invoke(Method.java:566)
datanode_1  | 2019-10-25 06:35:06,329 INFO impl.RoleInfo: adb17a60-d3d5-4274-a75b-69bdb560b052: start FollowerState
s3g_1       | 	at org.apache.hadoop.hdds.tracing.TraceAllMethod.invoke(TraceAllMethod.java:66)
s3g_1       | 	at com.sun.proxy.$Proxy84.completeMultipartUpload(Unknown Source)
datanode_1  | 2019-10-25 06:35:11,341 INFO impl.RaftServerImpl: adb17a60-d3d5-4274-a75b-69bdb560b052@group-3BBA6D036A28: changes role from  FOLLOWER to FOLLOWER at term 2 for recognizeCandidate:43093f38-139b-4035-a7f2-3b96f4476fcb
s3g_1       | 	at org.apache.hadoop.ozone.client.rpc.RpcClient.completeMultipartUpload(RpcClient.java:883)
datanode_1  | 2019-10-25 06:35:11,342 INFO impl.RoleInfo: adb17a60-d3d5-4274-a75b-69bdb560b052: shutdown FollowerState
datanode_3  | 2019-10-25 06:35:06,213 INFO impl.RoleInfo: 43093f38-139b-4035-a7f2-3b96f4476fcb: shutdown LeaderElection
datanode_1  | 2019-10-25 06:35:11,342 INFO impl.RoleInfo: adb17a60-d3d5-4274-a75b-69bdb560b052: start FollowerState
s3g_1       | 	at org.apache.hadoop.ozone.client.OzoneBucket.completeMultipartUpload(OzoneBucket.java:445)
datanode_3  | 2019-10-25 06:35:06,213 INFO impl.RoleInfo: 43093f38-139b-4035-a7f2-3b96f4476fcb: start FollowerState
datanode_1  | 2019-10-25 06:35:11,342 INFO impl.FollowerState: adb17a60-d3d5-4274-a75b-69bdb560b052@group-3BBA6D036A28-FollowerState was interrupted: java.lang.InterruptedException: sleep interrupted
s3g_1       | 	at org.apache.hadoop.ozone.s3.endpoint.ObjectEndpoint.completeMultipartUpload(ObjectEndpoint.java:498)
datanode_1  | 2019-10-25 06:35:11,448 INFO impl.RaftServerImpl: adb17a60-d3d5-4274-a75b-69bdb560b052@group-3BBA6D036A28: change Leader from null to 43093f38-139b-4035-a7f2-3b96f4476fcb at term 2 for appendEntries, leader elected after 10487ms
s3g_1       | 	at java.base/jdk.internal.reflect.NativeMethodAccessorImpl.invoke0(Native Method)
datanode_3  | 2019-10-25 06:35:11,308 INFO impl.FollowerState: 43093f38-139b-4035-a7f2-3b96f4476fcb@group-3BBA6D036A28-FollowerState: change to CANDIDATE, lastRpcTime:5094ms, electionTimeout:5094ms
datanode_1  | 2019-10-25 06:35:11,470 INFO impl.RaftServerImpl: adb17a60-d3d5-4274-a75b-69bdb560b052@group-3BBA6D036A28: set configuration 0: [43093f38-139b-4035-a7f2-3b96f4476fcb:172.18.0.3:9858, adb17a60-d3d5-4274-a75b-69bdb560b052:172.18.0.4:9858, 67943ea8-a8be-43d1-ade9-95bd70a5a61a:172.18.0.7:9858], old=null at 0
s3g_1       | 	at java.base/jdk.internal.reflect.NativeMethodAccessorImpl.invoke(NativeMethodAccessorImpl.java:62)
datanode_3  | 2019-10-25 06:35:11,309 INFO impl.RoleInfo: 43093f38-139b-4035-a7f2-3b96f4476fcb: shutdown FollowerState
datanode_1  | 2019-10-25 06:35:11,471 INFO segmented.SegmentedRaftLogWorker: adb17a60-d3d5-4274-a75b-69bdb560b052@group-3BBA6D036A28-SegmentedRaftLogWorker: Starting segment from index:0
s3g_1       | 	at java.base/jdk.internal.reflect.DelegatingMethodAccessorImpl.invoke(DelegatingMethodAccessorImpl.java:43)
datanode_3  | 2019-10-25 06:35:11,309 INFO impl.RaftServerImpl: 43093f38-139b-4035-a7f2-3b96f4476fcb@group-3BBA6D036A28: changes role from  FOLLOWER to CANDIDATE at term 1 for changeToCandidate
s3g_1       | 	at java.base/java.lang.reflect.Method.invoke(Method.java:566)
datanode_1  | 2019-10-25 06:35:11,660 INFO segmented.SegmentedRaftLogWorker: adb17a60-d3d5-4274-a75b-69bdb560b052@group-3BBA6D036A28-SegmentedRaftLogWorker: created new log segment /data/metadata/ratis/b2bdd0d0-ad35-45c5-ba80-3bba6d036a28/current/log_inprogress_0
datanode_3  | 2019-10-25 06:35:11,309 INFO impl.RoleInfo: 43093f38-139b-4035-a7f2-3b96f4476fcb: start LeaderElection
s3g_1       | 	at org.glassfish.jersey.server.model.internal.ResourceMethodInvocationHandlerFactory.lambda$static$0(ResourceMethodInvocationHandlerFactory.java:76)
datanode_3  | 2019-10-25 06:35:11,324 INFO impl.LeaderElection: 43093f38-139b-4035-a7f2-3b96f4476fcb@group-3BBA6D036A28-LeaderElection3: begin an election at term 2 for -1: [43093f38-139b-4035-a7f2-3b96f4476fcb:172.18.0.3:9858, adb17a60-d3d5-4274-a75b-69bdb560b052:172.18.0.4:9858, 67943ea8-a8be-43d1-ade9-95bd70a5a61a:172.18.0.7:9858], old=null
s3g_1       | 	at org.glassfish.jersey.server.model.internal.AbstractJavaResourceMethodDispatcher$1.run(AbstractJavaResourceMethodDispatcher.java:148)
datanode_3  | 2019-10-25 06:35:11,363 INFO impl.LeaderElection: 43093f38-139b-4035-a7f2-3b96f4476fcb@group-3BBA6D036A28-LeaderElection3: Election PASSED; received 1 response(s) [43093f38-139b-4035-a7f2-3b96f4476fcb<-adb17a60-d3d5-4274-a75b-69bdb560b052#0:OK-t2] and 0 exception(s); 43093f38-139b-4035-a7f2-3b96f4476fcb@group-3BBA6D036A28:t2, leader=null, voted=43093f38-139b-4035-a7f2-3b96f4476fcb, raftlog=43093f38-139b-4035-a7f2-3b96f4476fcb@group-3BBA6D036A28-SegmentedRaftLog:OPENED:c-1,f-1,i0, conf=-1: [43093f38-139b-4035-a7f2-3b96f4476fcb:172.18.0.3:9858, adb17a60-d3d5-4274-a75b-69bdb560b052:172.18.0.4:9858, 67943ea8-a8be-43d1-ade9-95bd70a5a61a:172.18.0.7:9858], old=null
s3g_1       | 	at org.glassfish.jersey.server.model.internal.AbstractJavaResourceMethodDispatcher.invoke(AbstractJavaResourceMethodDispatcher.java:191)
datanode_3  | 2019-10-25 06:35:11,364 INFO impl.RoleInfo: 43093f38-139b-4035-a7f2-3b96f4476fcb: shutdown LeaderElection
datanode_3  | 2019-10-25 06:35:11,364 INFO impl.RaftServerImpl: 43093f38-139b-4035-a7f2-3b96f4476fcb@group-3BBA6D036A28: changes role from CANDIDATE to LEADER at term 2 for changeToLeader
s3g_1       | 	at org.glassfish.jersey.server.model.internal.JavaResourceMethodDispatcherProvider$ResponseOutInvoker.doDispatch(JavaResourceMethodDispatcherProvider.java:200)
datanode_3  | 2019-10-25 06:35:11,364 INFO impl.RaftServerImpl: 43093f38-139b-4035-a7f2-3b96f4476fcb@group-3BBA6D036A28: change Leader from null to 43093f38-139b-4035-a7f2-3b96f4476fcb at term 2 for becomeLeader, leader elected after 10443ms
s3g_1       | 	at org.glassfish.jersey.server.model.internal.AbstractJavaResourceMethodDispatcher.dispatch(AbstractJavaResourceMethodDispatcher.java:103)
datanode_3  | 2019-10-25 06:35:11,364 INFO server.RaftServerConfigKeys: raft.server.staging.catchup.gap = 1000 (default)
s3g_1       | 	at org.glassfish.jersey.server.model.ResourceMethodInvoker.invoke(ResourceMethodInvoker.java:493)
s3g_1       | 	at org.glassfish.jersey.server.model.ResourceMethodInvoker.apply(ResourceMethodInvoker.java:415)
s3g_1       | 	at org.glassfish.jersey.server.model.ResourceMethodInvoker.apply(ResourceMethodInvoker.java:104)
datanode_3  | 2019-10-25 06:35:11,364 INFO server.RaftServerConfigKeys: raft.server.rpc.sleep.time = 25ms (default)
s3g_1       | 	at org.glassfish.jersey.server.ServerRuntime$1.run(ServerRuntime.java:277)
datanode_3  | 2019-10-25 06:35:11,365 INFO server.RaftServerConfigKeys: raft.server.write.element-limit = 4096 (default)
s3g_1       | 	at org.glassfish.jersey.internal.Errors$1.call(Errors.java:272)
datanode_3  | 2019-10-25 06:35:11,365 INFO server.RaftServerConfigKeys: raft.server.watch.timeout = 10s (default)
s3g_1       | 	at org.glassfish.jersey.internal.Errors$1.call(Errors.java:268)
s3g_1       | 	at org.glassfish.jersey.internal.Errors.process(Errors.java:316)
datanode_3  | 2019-10-25 06:35:11,365 INFO server.RaftServerConfigKeys: raft.server.watch.timeout.denomination = 1s (default)
s3g_1       | 	at org.glassfish.jersey.internal.Errors.process(Errors.java:298)
datanode_3  | 2019-10-25 06:35:11,365 INFO server.RaftServerConfigKeys: raft.server.watch.element-limit = 65536 (default)
datanode_3  | 2019-10-25 06:35:11,367 INFO server.RaftServerConfigKeys: raft.server.log.appender.snapshot.chunk.size.max = 16MB (=16777216) (default)
datanode_3  | 2019-10-25 06:35:11,367 INFO server.RaftServerConfigKeys: raft.server.log.appender.buffer.byte-limit = 33554432 (custom)
s3g_1       | 	at org.glassfish.jersey.internal.Errors.process(Errors.java:268)
datanode_3  | 2019-10-25 06:35:11,368 INFO server.RaftServerConfigKeys: raft.server.log.appender.buffer.element-limit = 1 (custom)
s3g_1       | 	at org.glassfish.jersey.process.internal.RequestScope.runInScope(RequestScope.java:289)
datanode_3  | 2019-10-25 06:35:11,370 INFO grpc.GrpcConfigKeys$Server: raft.grpc.server.leader.outstanding.appends.max = 128 (default)
s3g_1       | 	at org.glassfish.jersey.server.ServerRuntime.process(ServerRuntime.java:256)
datanode_3  | 2019-10-25 06:35:11,371 INFO server.RaftServerConfigKeys: raft.server.rpc.request.timeout = 3000ms (default)
s3g_1       | 	at org.glassfish.jersey.server.ApplicationHandler.handle(ApplicationHandler.java:703)
datanode_3  | 2019-10-25 06:35:11,371 INFO server.RaftServerConfigKeys: raft.server.log.appender.install.snapshot.enabled = false (custom)
s3g_1       | 	at org.glassfish.jersey.servlet.WebComponent.serviceImpl(WebComponent.java:416)
datanode_3  | 2019-10-25 06:35:11,372 WARN impl.MetricRegistriesImpl: First MetricRegistry has been created without registering reporters. You may need to call MetricRegistries.global().addReportRegistration(...) before.
s3g_1       | 	at org.glassfish.jersey.servlet.WebComponent.service(WebComponent.java:370)
datanode_3  | 2019-10-25 06:35:11,373 INFO server.RaftServerConfigKeys: raft.server.log.appender.snapshot.chunk.size.max = 16MB (=16777216) (default)
datanode_3  | 2019-10-25 06:35:11,373 INFO server.RaftServerConfigKeys: raft.server.log.appender.buffer.byte-limit = 33554432 (custom)
s3g_1       | 	at org.glassfish.jersey.servlet.ServletContainer.service(ServletContainer.java:389)
datanode_3  | 2019-10-25 06:35:11,373 INFO server.RaftServerConfigKeys: raft.server.log.appender.buffer.element-limit = 1 (custom)
s3g_1       | 	at org.glassfish.jersey.servlet.ServletContainer.service(ServletContainer.java:342)
datanode_3  | 2019-10-25 06:35:11,373 INFO grpc.GrpcConfigKeys$Server: raft.grpc.server.leader.outstanding.appends.max = 128 (default)
s3g_1       | 	at org.glassfish.jersey.servlet.ServletContainer.service(ServletContainer.java:229)
datanode_3  | 2019-10-25 06:35:11,373 INFO server.RaftServerConfigKeys: raft.server.rpc.request.timeout = 3000ms (default)
datanode_3  | 2019-10-25 06:35:11,373 INFO server.RaftServerConfigKeys: raft.server.log.appender.install.snapshot.enabled = false (custom)
s3g_1       | 	at org.eclipse.jetty.servlet.ServletHolder.handle(ServletHolder.java:840)
datanode_3  | 2019-10-25 06:35:11,375 INFO impl.RoleInfo: 43093f38-139b-4035-a7f2-3b96f4476fcb: start LeaderState
s3g_1       | 	at org.eclipse.jetty.servlet.ServletHandler$CachedChain.doFilter(ServletHandler.java:1780)
datanode_3  | 2019-10-25 06:35:11,376 INFO segmented.SegmentedRaftLogWorker: 43093f38-139b-4035-a7f2-3b96f4476fcb@group-3BBA6D036A28-SegmentedRaftLogWorker: Starting segment from index:0
s3g_1       | 	at org.apache.hadoop.http.HttpServer2$QuotingInputFilter.doFilter(HttpServer2.java:1609)
datanode_3  | 2019-10-25 06:35:11,377 INFO impl.RaftServerImpl: 43093f38-139b-4035-a7f2-3b96f4476fcb@group-3BBA6D036A28: set configuration 0: [43093f38-139b-4035-a7f2-3b96f4476fcb:172.18.0.3:9858, adb17a60-d3d5-4274-a75b-69bdb560b052:172.18.0.4:9858, 67943ea8-a8be-43d1-ade9-95bd70a5a61a:172.18.0.7:9858], old=null at 0
s3g_1       | 	at org.eclipse.jetty.servlet.ServletHandler$CachedChain.doFilter(ServletHandler.java:1767)
s3g_1       | 	at org.apache.hadoop.http.NoCacheFilter.doFilter(NoCacheFilter.java:45)
datanode_3  | 2019-10-25 06:35:11,608 INFO segmented.SegmentedRaftLogWorker: 43093f38-139b-4035-a7f2-3b96f4476fcb@group-3BBA6D036A28-SegmentedRaftLogWorker: created new log segment /data/metadata/ratis/b2bdd0d0-ad35-45c5-ba80-3bba6d036a28/current/log_inprogress_0
s3g_1       | 	at org.eclipse.jetty.servlet.ServletHandler$CachedChain.doFilter(ServletHandler.java:1767)
