rm_1        | 2019-11-13 11:21:54 INFO  CapacityScheduler:634 - Initialized queue: default: capacity=1.0, absoluteCapacity=1.0, usedResources=<memory:0, vCores:0>, usedCapacity=0.0, absoluteUsedCapacity=0.0, numApps=0, numContainers=0
datanode_3  | 2019-11-13 11:22:09,610 INFO storage.RaftStorageDirectory: Lock on /data/metadata/ratis/0b0f9b43-14fc-430c-b409-23da8ade606e/in_use.lock acquired by nodename 7@186caed07f67
nm_1        | 2019-11-13 11:21:55 INFO  log:67 - Logging to org.slf4j.impl.Log4jLoggerAdapter(org.mortbay.log) via org.mortbay.log.Slf4jLog
scm_1       | 2019-11-13 11:22:01,198 INFO server.SCMDatanodeProtocolServer: RPC server for DataNodes is listening at /0.0.0.0:9861
om_1        | 2019-11-13 11:22:27,432 INFO server.AuthenticationFilter: Unable to initialize FileSignerSecretProvider, falling back to use random secrets.
datanode_1  | 2019-11-13 11:22:11,341 INFO ratis.ContainerStateMachine: group-E68B1DDB0FF8: The snapshot info is null. Setting the last applied indexto:(t:0, i:~)
datanode_2  | 2019-11-13 11:22:08,571 INFO server.RaftServerConfigKeys: raft.server.log.corruption.policy = EXCEPTION (default)
rm_1        | 2019-11-13 11:21:54 INFO  CapacityScheduler:634 - Initialized queue: root: numChildQueue= 1, capacity=1.0, absoluteCapacity=1.0, usedResources=<memory:0, vCores:0>usedCapacity=0.0, numApps=0, numContainers=0
nm_1        | 2019-11-13 11:21:55 INFO  AuthenticationFilter:283 - Unable to initialize FileSignerSecretProvider, falling back to use random secrets.
scm_1       | 2019-11-13 11:22:01,199 INFO ipc.Server: IPC Server Responder: starting
om_1        | 2019-11-13 11:22:27,435 INFO http.HttpRequestLog: Http request log for http.requests.ozoneManager is not defined
datanode_3  | 2019-11-13 11:22:11,280 INFO storage.RaftStorage: Storage directory /data/metadata/ratis/0b0f9b43-14fc-430c-b409-23da8ade606e has been successfully formatted.
datanode_1  | 2019-11-13 11:22:11,342 INFO server.RaftServerConfigKeys: raft.server.notification.no-leader.timeout = 120s (custom)
datanode_2  | 2019-11-13 11:22:08,572 INFO storage.RaftStorageDirectory: The storage directory /data/metadata/ratis/453a5ecb-2e50-4104-8959-e68b1ddb0ff8 does not exist. Creating ...
rm_1        | 2019-11-13 11:21:54 INFO  CapacityScheduler:478 - Initialized root queue root: numChildQueue= 1, capacity=1.0, absoluteCapacity=1.0, usedResources=<memory:0, vCores:0>usedCapacity=0.0, numApps=0, numContainers=0
nm_1        | 2019-11-13 11:21:55 INFO  HttpRequestLog:80 - Http request log for http.requests.nodemanager is not defined
scm_1       | 2019-11-13 11:22:01,199 INFO ipc.Server: IPC Server listener on 9861: starting
om_1        | 2019-11-13 11:22:27,445 INFO http.HttpServer2: Added global filter 'safety' (class=org.apache.hadoop.http.HttpServer2$QuotingInputFilter)
datanode_3  | 2019-11-13 11:22:11,341 INFO ratis.ContainerStateMachine: group-23DA8ADE606E: The snapshot info is null. Setting the last applied indexto:(t:0, i:~)
datanode_1  | 2019-11-13 11:22:11,345 INFO server.RaftServerConfigKeys: raft.server.log.use.memory = false (default)
rm_1        | 2019-11-13 11:21:54 INFO  CapacityScheduler:447 - Initialized queue mappings, override: false
datanode_2  | 2019-11-13 11:22:09,610 INFO storage.RaftStorageDirectory: Lock on /data/metadata/ratis/453a5ecb-2e50-4104-8959-e68b1ddb0ff8/in_use.lock acquired by nodename 7@109c80db0ad9
nm_1        | 2019-11-13 11:21:55 INFO  HttpServer2:730 - Added global filter 'safety' (class=org.apache.hadoop.http.HttpServer2$QuotingInputFilter)
scm_1       | 2019-11-13 11:22:01,210 INFO http.HttpServer2: Jetty bound to port 9876
om_1        | 2019-11-13 11:22:27,448 INFO http.HttpServer2: Added filter static_user_filter (class=org.apache.hadoop.http.lib.StaticUserWebFilter$StaticUserFilter) to context ozoneManager
datanode_3  | 2019-11-13 11:22:11,342 INFO server.RaftServerConfigKeys: raft.server.notification.no-leader.timeout = 120s (custom)
datanode_1  | 2019-11-13 11:22:11,349 INFO server.RaftServerConfigKeys: raft.server.log.purge.gap = 1000000 (custom)
rm_1        | 2019-11-13 11:21:54 INFO  CapacityScheduler:314 - Initialized CapacityScheduler with calculator=class org.apache.hadoop.yarn.util.resource.DefaultResourceCalculator, minimumAllocation=<<memory:1024, vCores:1>>, maximumAllocation=<<memory:8192, vCores:32>>, asynchronousScheduling=false, asyncScheduleInterval=5ms
nm_1        | 2019-11-13 11:21:55 INFO  HttpServer2:705 - Added filter static_user_filter (class=org.apache.hadoop.http.lib.StaticUserWebFilter$StaticUserFilter) to context node
scm_1       | 2019-11-13 11:22:01,212 INFO server.Server: jetty-9.3.25.v20180904, build timestamp: 2018-09-04T21:11:46Z, git hash: 3ce520221d0240229c862b122d2b06c12a625732
datanode_2  | 2019-11-13 11:22:11,121 INFO impl.RaftServerProxy: 769061c3-0837-4e50-bcec-7ef9a868f589: addNew group-C9CE3DB0C9D1:[769061c3-0837-4e50-bcec-7ef9a868f589:172.18.0.3:9858] returns group-C9CE3DB0C9D1:java.util.concurrent.CompletableFuture@21213dbe[Not completed]
om_1        | 2019-11-13 11:22:27,448 INFO http.HttpServer2: Added filter static_user_filter (class=org.apache.hadoop.http.lib.StaticUserWebFilter$StaticUserFilter) to context logs
datanode_3  | 2019-11-13 11:22:11,345 INFO server.RaftServerConfigKeys: raft.server.log.use.memory = false (default)
datanode_1  | 2019-11-13 11:22:11,349 INFO server.RaftServerConfigKeys: raft.server.log.appender.buffer.byte-limit = 33554432 (custom)
rm_1        | 2019-11-13 11:21:54 INFO  SystemMetricsPublisher:93 - YARN system metrics publishing service is not enabled
nm_1        | 2019-11-13 11:21:55 INFO  HttpServer2:713 - Added filter static_user_filter (class=org.apache.hadoop.http.lib.StaticUserWebFilter$StaticUserFilter) to context static
scm_1       | 2019-11-13 11:22:01,249 INFO handler.ContextHandler: Started o.e.j.s.ServletContextHandler@58294867{/logs,file:///var/log/hadoop/,AVAILABLE}
datanode_2  | 2019-11-13 11:22:11,280 INFO storage.RaftStorage: Storage directory /data/metadata/ratis/453a5ecb-2e50-4104-8959-e68b1ddb0ff8 has been successfully formatted.
om_1        | 2019-11-13 11:22:27,448 INFO http.HttpServer2: Added filter static_user_filter (class=org.apache.hadoop.http.lib.StaticUserWebFilter$StaticUserFilter) to context static
datanode_3  | 2019-11-13 11:22:11,350 INFO server.RaftServerConfigKeys: raft.server.log.purge.gap = 1000000 (custom)
datanode_1  | 2019-11-13 11:22:11,351 INFO server.RaftServerConfigKeys: raft.server.log.segment.size.max = 1048576 (custom)
scm_1       | 2019-11-13 11:22:01,250 INFO handler.ContextHandler: Started o.e.j.s.ServletContextHandler@2d2acd89{/static,jar:file:/opt/hadoop/share/ozone/lib/hadoop-hdds-server-scm-0.5.0-SNAPSHOT.jar!/webapps/static,AVAILABLE}
nm_1        | 2019-11-13 11:21:55 INFO  HttpServer2:713 - Added filter static_user_filter (class=org.apache.hadoop.http.lib.StaticUserWebFilter$StaticUserFilter) to context logs
datanode_2  | 2019-11-13 11:22:11,341 INFO ratis.ContainerStateMachine: group-E68B1DDB0FF8: The snapshot info is null. Setting the last applied indexto:(t:0, i:~)
rm_1        | 2019-11-13 11:21:54 INFO  ResourceManager:1009 - Transitioning to active state
om_1        | 2019-11-13 11:22:27,471 INFO http.HttpServer2: Jetty bound to port 9874
datanode_3  | 2019-11-13 11:22:11,350 INFO server.RaftServerConfigKeys: raft.server.log.appender.buffer.byte-limit = 33554432 (custom)
datanode_1  | 2019-11-13 11:22:11,358 INFO metrics.MetricRegistries: Loaded MetricRegistries class org.apache.ratis.metrics.impl.MetricRegistriesImpl
scm_1       | 2019-11-13 11:22:01,346 INFO handler.ContextHandler: Started o.e.j.w.WebAppContext@14982a82{/,file:///tmp/jetty-0.0.0.0-9876-scm-_-any-4788713855460469861.dir/webapp/,AVAILABLE}{/scm}
nm_1        | 2019-11-13 11:21:55 INFO  HttpServer2:424 - adding path spec: /node/*
datanode_2  | 2019-11-13 11:22:11,341 INFO server.RaftServerConfigKeys: raft.server.notification.no-leader.timeout = 120s (custom)
om_1        | 2019-11-13 11:22:27,474 INFO server.Server: jetty-9.3.25.v20180904, build timestamp: 2018-09-04T21:11:46Z, git hash: 3ce520221d0240229c862b122d2b06c12a625732
datanode_3  | 2019-11-13 11:22:11,352 INFO server.RaftServerConfigKeys: raft.server.log.segment.size.max = 1048576 (custom)
rm_1        | 2019-11-13 11:21:54 INFO  RMStateStore:466 - Updating AMRMToken
datanode_1  | 2019-11-13 11:22:11,363 WARN impl.MetricRegistriesImpl: First MetricRegistry has been created without registering reporters. You may need to call MetricRegistries.global().addReportRegistration(...) before.
scm_1       | 2019-11-13 11:22:01,355 INFO server.AbstractConnector: Started ServerConnector@78e22d35{HTTP/1.1,[http/1.1]}{0.0.0.0:9876}
nm_1        | 2019-11-13 11:21:55 INFO  HttpServer2:424 - adding path spec: /ws/*
datanode_2  | 2019-11-13 11:22:11,344 INFO server.RaftServerConfigKeys: raft.server.log.use.memory = false (default)
om_1        | 2019-11-13 11:22:27,518 INFO handler.ContextHandler: Started o.e.j.s.ServletContextHandler@655a01d8{/logs,file:///var/log/hadoop/,AVAILABLE}
datanode_3  | 2019-11-13 11:22:11,358 INFO metrics.MetricRegistries: Loaded MetricRegistries class org.apache.ratis.metrics.impl.MetricRegistriesImpl
rm_1        | 2019-11-13 11:21:54 INFO  RMContainerTokenSecretManager:105 - Rolling master-key for container-tokens
datanode_1  | 2019-11-13 11:22:11,370 INFO server.RaftServerConfigKeys: raft.server.log.segment.cache.num.max = 2 (custom)
scm_1       | 2019-11-13 11:22:01,359 INFO server.Server: Started @5372ms
nm_1        | 2019-11-13 11:21:55 INFO  WebApps:288 - Registered webapp guice modules
datanode_2  | 2019-11-13 11:22:11,349 INFO server.RaftServerConfigKeys: raft.server.log.purge.gap = 1000000 (custom)
om_1        | 2019-11-13 11:22:27,519 INFO handler.ContextHandler: Started o.e.j.s.ServletContextHandler@625a4ff{/static,jar:file:/opt/hadoop/share/ozone/lib/hadoop-ozone-ozone-manager-0.5.0-SNAPSHOT.jar!/webapps/static,AVAILABLE}
datanode_3  | 2019-11-13 11:22:11,361 WARN impl.MetricRegistriesImpl: First MetricRegistry has been created without registering reporters. You may need to call MetricRegistries.global().addReportRegistration(...) before.
rm_1        | 2019-11-13 11:21:54 INFO  NMTokenSecretManagerInRM:95 - Rolling master-key for nm-tokens
datanode_1  | 2019-11-13 11:22:11,375 INFO segmented.SegmentedRaftLogWorker: new 48269ee7-bda8-4cb5-9f34-9b41764807f4@group-E68B1DDB0FF8-SegmentedRaftLogWorker for RaftStorage:Storage Directory /data/metadata/ratis/453a5ecb-2e50-4104-8959-e68b1ddb0ff8
scm_1       | 2019-11-13 11:22:01,365 INFO impl.MetricsSinkAdapter: Sink prometheus started
nm_1        | 2019-11-13 11:21:55 INFO  HttpServer2:935 - Jetty bound to port 8042
datanode_2  | 2019-11-13 11:22:11,349 INFO server.RaftServerConfigKeys: raft.server.log.appender.buffer.byte-limit = 33554432 (custom)
om_1        | 2019-11-13 11:22:27,622 INFO handler.ContextHandler: Started o.e.j.w.WebAppContext@3ebe4ccc{/,file:///tmp/jetty-0.0.0.0-9874-ozoneManager-_-any-6468884417803570095.dir/webapp/,AVAILABLE}{/ozoneManager}
datanode_3  | 2019-11-13 11:22:11,366 INFO server.RaftServerConfigKeys: raft.server.log.segment.cache.num.max = 2 (custom)
rm_1        | 2019-11-13 11:21:54 INFO  AbstractDelegationTokenSecretManager:326 - Updating the current master key for generating delegation tokens
datanode_1  | 2019-11-13 11:22:11,376 INFO server.RaftServerConfigKeys: raft.server.log.queue.byte-limit = 2147483647 (custom)
scm_1       | 2019-11-13 11:22:01,365 INFO impl.MetricsSystemImpl: Registered sink prometheus
nm_1        | 2019-11-13 11:21:55 INFO  log:67 - jetty-6.1.26
datanode_2  | 2019-11-13 11:22:11,351 INFO server.RaftServerConfigKeys: raft.server.log.segment.size.max = 1048576 (custom)
om_1        | 2019-11-13 11:22:27,628 INFO server.AbstractConnector: Started ServerConnector@36aa52d2{HTTP/1.1,[http/1.1]}{0.0.0.0:9874}
rm_1        | 2019-11-13 11:21:54 INFO  RMDelegationTokenSecretManager:85 - storing master key with keyID 1
datanode_1  | 2019-11-13 11:22:11,376 INFO server.RaftServerConfigKeys: raft.server.log.queue.element-limit = 1024 (custom)
scm_1       | 2019-11-13 11:22:01,368 INFO server.BaseHttpServer: HTTP server of SCM is listening at http://0.0.0.0:9876
nm_1        | 2019-11-13 11:21:55 INFO  log:67 - Extract jar:file:/opt/hadoop/share/hadoop/yarn/hadoop-yarn-common-2.7.7.jar!/webapps/node to /tmp/Jetty_0_0_0_0_8042_node____19tj0x/webapp
datanode_3  | 2019-11-13 11:22:11,371 INFO segmented.SegmentedRaftLogWorker: new 2e56e1c4-3d33-45c3-84bb-18f7380dbddb@group-23DA8ADE606E-SegmentedRaftLogWorker for RaftStorage:Storage Directory /data/metadata/ratis/0b0f9b43-14fc-430c-b409-23da8ade606e
datanode_2  | 2019-11-13 11:22:11,356 INFO metrics.MetricRegistries: Loaded MetricRegistries class org.apache.ratis.metrics.impl.MetricRegistriesImpl
om_1        | 2019-11-13 11:22:27,629 INFO server.Server: Started @17969ms
rm_1        | 2019-11-13 11:21:54 INFO  RMStateStore:417 - Storing RMDTMasterKey.
datanode_1  | 2019-11-13 11:22:11,377 INFO server.RaftServerConfigKeys: raft.server.log.segment.size.max = 1048576 (custom)
nm_1        | Nov 13, 2019 11:21:56 AM com.sun.jersey.guice.spi.container.GuiceComponentProviderFactory register
datanode_3  | 2019-11-13 11:22:11,371 INFO server.RaftServerConfigKeys: raft.server.log.queue.byte-limit = 2147483647 (custom)
scm_1       | 2019-11-13 11:22:01,383 INFO util.JvmPauseMonitor: Starting JVM pause monitor
datanode_2  | 2019-11-13 11:22:11,359 WARN impl.MetricRegistriesImpl: First MetricRegistry has been created without registering reporters. You may need to call MetricRegistries.global().addReportRegistration(...) before.
om_1        | 2019-11-13 11:22:27,632 INFO impl.MetricsSinkAdapter: Sink prometheus started
rm_1        | 2019-11-13 11:21:54 INFO  AbstractDelegationTokenSecretManager:644 - Starting expired delegation token remover thread, tokenRemoverScanInterval=60 min(s)
datanode_1  | 2019-11-13 11:22:11,378 INFO server.RaftServerConfigKeys: raft.server.log.preallocated.size = 16384 (custom)
nm_1        | INFO: Registering org.apache.hadoop.yarn.server.nodemanager.webapp.NMWebServices as a root resource class
datanode_3  | 2019-11-13 11:22:11,372 INFO server.RaftServerConfigKeys: raft.server.log.queue.element-limit = 1024 (custom)
datanode_2  | 2019-11-13 11:22:11,364 INFO server.RaftServerConfigKeys: raft.server.log.segment.cache.num.max = 2 (custom)
om_1        | 2019-11-13 11:22:27,632 INFO impl.MetricsSystemImpl: Registered sink prometheus
rm_1        | 2019-11-13 11:21:54 INFO  AbstractDelegationTokenSecretManager:326 - Updating the current master key for generating delegation tokens
datanode_1  | 2019-11-13 11:22:11,378 INFO server.RaftServerConfigKeys: raft.server.log.write.buffer.size = 33554432 (custom)
nm_1        | Nov 13, 2019 11:21:56 AM com.sun.jersey.guice.spi.container.GuiceComponentProviderFactory register
datanode_3  | 2019-11-13 11:22:11,373 INFO server.RaftServerConfigKeys: raft.server.log.segment.size.max = 1048576 (custom)
scm_1       | 2019-11-13 11:22:03,774 INFO net.NetworkTopology: Added a new node: /default-rack/2e56e1c4-3d33-45c3-84bb-18f7380dbddb
datanode_2  | 2019-11-13 11:22:11,368 INFO segmented.SegmentedRaftLogWorker: new 769061c3-0837-4e50-bcec-7ef9a868f589@group-E68B1DDB0FF8-SegmentedRaftLogWorker for RaftStorage:Storage Directory /data/metadata/ratis/453a5ecb-2e50-4104-8959-e68b1ddb0ff8
rm_1        | 2019-11-13 11:21:54 INFO  RMDelegationTokenSecretManager:85 - storing master key with keyID 2
datanode_1  | 2019-11-13 11:22:11,378 INFO server.RaftServerConfigKeys: raft.server.log.force.sync.num = 128 (default)
nm_1        | INFO: Registering org.apache.hadoop.yarn.webapp.GenericExceptionHandler as a provider class
datanode_3  | 2019-11-13 11:22:11,373 INFO server.RaftServerConfigKeys: raft.server.log.preallocated.size = 16384 (custom)
scm_1       | 2019-11-13 11:22:03,775 INFO node.SCMNodeManager: Registered Data node : 2e56e1c4-3d33-45c3-84bb-18f7380dbddb{ip: 172.18.0.6, host: hadoop27_datanode_3.hadoop27_default, networkLocation: /default-rack, certSerialId: null}
om_1        | 2019-11-13 11:22:27,636 INFO server.BaseHttpServer: HTTP server of OZONEMANAGER is listening at http://0.0.0.0:9874
rm_1        | 2019-11-13 11:21:54 INFO  RMStateStore:417 - Storing RMDTMasterKey.
datanode_1  | 2019-11-13 11:22:11,379 INFO server.RaftServerConfigKeys: raft.server.log.statemachine.data.sync = true (default)
nm_1        | Nov 13, 2019 11:21:56 AM com.sun.jersey.guice.spi.container.GuiceComponentProviderFactory register
datanode_3  | 2019-11-13 11:22:11,374 INFO server.RaftServerConfigKeys: raft.server.log.write.buffer.size = 33554432 (custom)
scm_1       | 2019-11-13 11:22:03,778 INFO safemode.SCMSafeModeManager: SCM in safe mode. 1 DataNodes registered, 1 required.
om_1        | 2019-11-13 11:22:33,385 INFO volume.OMVolumeCreateRequest: created volume:vol1 for user:hadoop
rm_1        | 2019-11-13 11:21:54 INFO  AsyncDispatcher:209 - Registering class org.apache.hadoop.yarn.nodelabels.event.NodeLabelsStoreEventType for class org.apache.hadoop.yarn.nodelabels.CommonNodeLabelsManager$ForwardingEventHandler
datanode_1  | 2019-11-13 11:22:11,379 INFO server.RaftServerConfigKeys: raft.server.log.statemachine.data.sync.timeout = 10s (default)
nm_1        | INFO: Registering org.apache.hadoop.yarn.server.nodemanager.webapp.JAXBContextResolver as a provider class
datanode_3  | 2019-11-13 11:22:11,374 INFO server.RaftServerConfigKeys: raft.server.log.force.sync.num = 128 (default)
datanode_2  | 2019-11-13 11:22:11,369 INFO server.RaftServerConfigKeys: raft.server.log.queue.byte-limit = 2147483647 (custom)
scm_1       | 2019-11-13 11:22:03,779 INFO safemode.SCMSafeModeManager: ScmSafeModeManager, all rules are successfully validated
rm_1        | 2019-11-13 11:21:54 INFO  CallQueueManager:57 - Using callQueue: class java.util.concurrent.LinkedBlockingQueue queueCapacity: 5000
datanode_1  | 2019-11-13 11:22:11,380 INFO server.RaftServerConfigKeys: raft.server.log.statemachine.data.sync.timeout.retry = -1 (default)
nm_1        | Nov 13, 2019 11:21:56 AM com.sun.jersey.server.impl.application.WebApplicationImpl _initiate
datanode_2  | 2019-11-13 11:22:11,369 INFO server.RaftServerConfigKeys: raft.server.log.queue.element-limit = 1024 (custom)
scm_1       | 2019-11-13 11:22:03,780 INFO safemode.SCMSafeModeManager: SCM exiting safe mode.
datanode_3  | 2019-11-13 11:22:11,375 INFO server.RaftServerConfigKeys: raft.server.log.statemachine.data.sync = true (default)
rm_1        | 2019-11-13 11:21:54 INFO  Server:722 - Starting Socket Reader #1 for port 8031
datanode_1  | 2019-11-13 11:22:11,388 INFO server.RaftServerConfigKeys: raft.server.log.statemachine.data.caching.enabled = true (custom)
nm_1        | INFO: Initiating Jersey application, version 'Jersey: 1.9 09/02/2011 11:17 AM'
datanode_2  | 2019-11-13 11:22:11,370 INFO server.RaftServerConfigKeys: raft.server.log.segment.size.max = 1048576 (custom)
scm_1       | 2019-11-13 11:22:04,112 INFO net.NetworkTopology: Added a new node: /default-rack/48269ee7-bda8-4cb5-9f34-9b41764807f4
datanode_3  | 2019-11-13 11:22:11,375 INFO server.RaftServerConfigKeys: raft.server.log.statemachine.data.sync.timeout = 10s (default)
rm_1        | 2019-11-13 11:21:55 INFO  RpcServerFactoryPBImpl:174 - Adding protocol org.apache.hadoop.yarn.server.api.ResourceTrackerPB to the server
nm_1        | Nov 13, 2019 11:21:56 AM com.sun.jersey.guice.spi.container.GuiceComponentProviderFactory getComponentProvider
datanode_1  | 2019-11-13 11:22:11,392 INFO segmented.SegmentedRaftLogWorker: 48269ee7-bda8-4cb5-9f34-9b41764807f4@group-E68B1DDB0FF8-SegmentedRaftLogWorker: flushIndex: setUnconditionally 0 -> -1
datanode_2  | 2019-11-13 11:22:11,370 INFO server.RaftServerConfigKeys: raft.server.log.preallocated.size = 16384 (custom)
scm_1       | 2019-11-13 11:22:04,269 INFO node.SCMNodeManager: Registered Data node : 48269ee7-bda8-4cb5-9f34-9b41764807f4{ip: 172.18.0.2, host: hadoop27_datanode_1.hadoop27_default, networkLocation: /default-rack, certSerialId: null}
datanode_3  | 2019-11-13 11:22:11,376 INFO server.RaftServerConfigKeys: raft.server.log.statemachine.data.sync.timeout.retry = -1 (default)
rm_1        | 2019-11-13 11:21:55 INFO  Server:962 - IPC Server Responder: starting
nm_1        | INFO: Binding org.apache.hadoop.yarn.server.nodemanager.webapp.JAXBContextResolver to GuiceManagedComponentProvider with the scope "Singleton"
datanode_1  | 2019-11-13 11:22:11,396 INFO server.RaftServerConfigKeys: raft.server.snapshot.auto.trigger.enabled = true (custom)
datanode_2  | 2019-11-13 11:22:11,371 INFO server.RaftServerConfigKeys: raft.server.log.write.buffer.size = 33554432 (custom)
scm_1       | 2019-11-13 11:22:04,272 INFO net.NetworkTopology: Added a new node: /default-rack/769061c3-0837-4e50-bcec-7ef9a868f589
datanode_3  | 2019-11-13 11:22:11,383 INFO server.RaftServerConfigKeys: raft.server.log.statemachine.data.caching.enabled = true (custom)
rm_1        | 2019-11-13 11:21:55 INFO  Server:801 - IPC Server listener on 8031: starting
nm_1        | Nov 13, 2019 11:21:56 AM com.sun.jersey.guice.spi.container.GuiceComponentProviderFactory getComponentProvider
datanode_1  | 2019-11-13 11:22:11,396 INFO server.RaftServerConfigKeys: raft.server.snapshot.auto.trigger.threshold = 10000 (custom)
datanode_2  | 2019-11-13 11:22:11,371 INFO server.RaftServerConfigKeys: raft.server.log.force.sync.num = 128 (default)
scm_1       | 2019-11-13 11:22:04,272 INFO node.SCMNodeManager: Registered Data node : 769061c3-0837-4e50-bcec-7ef9a868f589{ip: 172.18.0.3, host: hadoop27_datanode_2.hadoop27_default, networkLocation: /default-rack, certSerialId: null}
datanode_3  | 2019-11-13 11:22:11,387 INFO segmented.SegmentedRaftLogWorker: 2e56e1c4-3d33-45c3-84bb-18f7380dbddb@group-23DA8ADE606E-SegmentedRaftLogWorker: flushIndex: setUnconditionally 0 -> -1
rm_1        | 2019-11-13 11:21:55 INFO  CallQueueManager:57 - Using callQueue: class java.util.concurrent.LinkedBlockingQueue queueCapacity: 5000
nm_1        | INFO: Binding org.apache.hadoop.yarn.webapp.GenericExceptionHandler to GuiceManagedComponentProvider with the scope "Singleton"
datanode_1  | 2019-11-13 11:22:11,397 INFO server.RaftServerConfigKeys: raft.server.snapshot.retention.file.num = 5 (custom)
datanode_2  | 2019-11-13 11:22:11,372 INFO server.RaftServerConfigKeys: raft.server.log.statemachine.data.sync = true (default)
scm_1       | WARNING: An illegal reflective access operation has occurred
datanode_3  | 2019-11-13 11:22:11,391 INFO server.RaftServerConfigKeys: raft.server.snapshot.auto.trigger.enabled = true (custom)
rm_1        | 2019-11-13 11:21:55 INFO  Server:722 - Starting Socket Reader #1 for port 8030
nm_1        | Nov 13, 2019 11:21:57 AM com.sun.jersey.guice.spi.container.GuiceComponentProviderFactory getComponentProvider
datanode_1  | 2019-11-13 11:22:11,397 INFO server.RaftServerConfigKeys: raft.server.retrycache.expirytime = 600000ms (custom)
datanode_2  | 2019-11-13 11:22:11,372 INFO server.RaftServerConfigKeys: raft.server.log.statemachine.data.sync.timeout = 10s (default)
scm_1       | WARNING: Illegal reflective access by org.apache.ratis.thirdparty.com.google.protobuf.UnsafeUtil (file:/opt/hadoop/share/ozone/lib/ratis-thirdparty-misc-0.2.0.jar) to field java.nio.Buffer.address
datanode_3  | 2019-11-13 11:22:11,392 INFO server.RaftServerConfigKeys: raft.server.snapshot.auto.trigger.threshold = 10000 (custom)
rm_1        | 2019-11-13 11:21:55 INFO  RpcServerFactoryPBImpl:174 - Adding protocol org.apache.hadoop.yarn.api.ApplicationMasterProtocolPB to the server
nm_1        | INFO: Binding org.apache.hadoop.yarn.server.nodemanager.webapp.NMWebServices to GuiceManagedComponentProvider with the scope "Singleton"
datanode_1  | 2019-11-13 11:22:11,412 WARN impl.MetricRegistriesImpl: First MetricRegistry has been created without registering reporters. You may need to call MetricRegistries.global().addReportRegistration(...) before.
datanode_2  | 2019-11-13 11:22:11,373 INFO server.RaftServerConfigKeys: raft.server.log.statemachine.data.sync.timeout.retry = -1 (default)
scm_1       | WARNING: Please consider reporting this to the maintainers of org.apache.ratis.thirdparty.com.google.protobuf.UnsafeUtil
datanode_3  | 2019-11-13 11:22:11,392 INFO server.RaftServerConfigKeys: raft.server.snapshot.retention.file.num = 5 (custom)
rm_1        | 2019-11-13 11:21:55 INFO  Server:962 - IPC Server Responder: starting
nm_1        | 2019-11-13 11:21:57 INFO  log:67 - Started HttpServer2$SelectChannelConnectorWithSafeStartup@0.0.0.0:8042
datanode_2  | 2019-11-13 11:22:11,380 INFO server.RaftServerConfigKeys: raft.server.log.statemachine.data.caching.enabled = true (custom)
scm_1       | WARNING: Use --illegal-access=warn to enable warnings of further illegal reflective access operations
datanode_1  | 2019-11-13 11:22:11,414 WARN impl.MetricRegistriesImpl: First MetricRegistry has been created without registering reporters. You may need to call MetricRegistries.global().addReportRegistration(...) before.
datanode_3  | 2019-11-13 11:22:11,393 INFO server.RaftServerConfigKeys: raft.server.retrycache.expirytime = 600000ms (custom)
rm_1        | 2019-11-13 11:21:55 INFO  Server:801 - IPC Server listener on 8030: starting
nm_1        | 2019-11-13 11:21:57 INFO  WebApps:307 - Web app node started at 8042
datanode_2  | 2019-11-13 11:22:11,385 INFO segmented.SegmentedRaftLogWorker: 769061c3-0837-4e50-bcec-7ef9a868f589@group-E68B1DDB0FF8-SegmentedRaftLogWorker: flushIndex: setUnconditionally 0 -> -1
scm_1       | WARNING: All illegal access operations will be denied in a future release
datanode_1  | 2019-11-13 11:22:11,416 INFO impl.RaftServerImpl: 48269ee7-bda8-4cb5-9f34-9b41764807f4@group-E68B1DDB0FF8: start as a follower, conf=-1: [769061c3-0837-4e50-bcec-7ef9a868f589:172.18.0.3:9858, 2e56e1c4-3d33-45c3-84bb-18f7380dbddb:172.18.0.6:9858, 48269ee7-bda8-4cb5-9f34-9b41764807f4:172.18.0.2:9858], old=null
datanode_3  | 2019-11-13 11:22:11,409 WARN impl.MetricRegistriesImpl: First MetricRegistry has been created without registering reporters. You may need to call MetricRegistries.global().addReportRegistration(...) before.
rm_1        | 2019-11-13 11:21:55 INFO  CallQueueManager:57 - Using callQueue: class java.util.concurrent.LinkedBlockingQueue queueCapacity: 5000
nm_1        | 2019-11-13 11:21:57 INFO  RMProxy:98 - Connecting to ResourceManager at rm/172.18.0.8:8031
datanode_2  | 2019-11-13 11:22:11,389 INFO server.RaftServerConfigKeys: raft.server.snapshot.auto.trigger.enabled = true (custom)
scm_1       | 2019-11-13 11:22:08,033 ERROR pipeline.RatisPipelineProvider: Failed invoke Ratis rpc org.apache.hadoop.hdds.scm.pipeline.RatisPipelineProvider$$Lambda$172/0x00000008403b9040@28d11fea for 2e56e1c4-3d33-45c3-84bb-18f7380dbddb
datanode_1  | 2019-11-13 11:22:11,417 INFO impl.RaftServerImpl: 48269ee7-bda8-4cb5-9f34-9b41764807f4@group-E68B1DDB0FF8: changes role from      null to FOLLOWER at term 0 for startAsFollower
datanode_3  | 2019-11-13 11:22:11,411 WARN impl.MetricRegistriesImpl: First MetricRegistry has been created without registering reporters. You may need to call MetricRegistries.global().addReportRegistration(...) before.
rm_1        | 2019-11-13 11:21:55 INFO  Server:722 - Starting Socket Reader #1 for port 8032
nm_1        | 2019-11-13 11:21:57 INFO  NodeStatusUpdaterImpl:435 - Sending out 0 NM container statuses: []
datanode_2  | 2019-11-13 11:22:11,390 INFO server.RaftServerConfigKeys: raft.server.snapshot.auto.trigger.threshold = 10000 (custom)
scm_1       | org.apache.ratis.protocol.TimeoutIOException: deadline exceeded after 2960557638ns
datanode_1  | 2019-11-13 11:22:11,418 INFO impl.RoleInfo: 48269ee7-bda8-4cb5-9f34-9b41764807f4: start FollowerState
datanode_3  | 2019-11-13 11:22:11,415 INFO impl.RaftServerImpl: 2e56e1c4-3d33-45c3-84bb-18f7380dbddb: new RaftServerImpl for group-E68B1DDB0FF8:[769061c3-0837-4e50-bcec-7ef9a868f589:172.18.0.3:9858, 2e56e1c4-3d33-45c3-84bb-18f7380dbddb:172.18.0.6:9858, 48269ee7-bda8-4cb5-9f34-9b41764807f4:172.18.0.2:9858] with ContainerStateMachine:uninitialized
rm_1        | 2019-11-13 11:21:55 INFO  RpcServerFactoryPBImpl:174 - Adding protocol org.apache.hadoop.yarn.api.ApplicationClientProtocolPB to the server
nm_1        | 2019-11-13 11:21:57 INFO  NodeStatusUpdaterImpl:268 - Registering with RM using containers :[]
datanode_2  | 2019-11-13 11:22:11,391 INFO server.RaftServerConfigKeys: raft.server.snapshot.retention.file.num = 5 (custom)
scm_1       | 	at org.apache.ratis.grpc.GrpcUtil.tryUnwrapException(GrpcUtil.java:82)
datanode_1  | 2019-11-13 11:22:11,421 INFO util.JmxRegister: Successfully registered JMX Bean with object name Ratis:service=RaftServer,group=group-E68B1DDB0FF8,id=48269ee7-bda8-4cb5-9f34-9b41764807f4
datanode_3  | 2019-11-13 11:22:11,416 INFO server.RaftServerConfigKeys: raft.server.rpc.timeout.min = 5s (custom)
rm_1        | 2019-11-13 11:21:55 INFO  Server:962 - IPC Server Responder: starting
nm_1        | 2019-11-13 11:21:58 INFO  NMContainerTokenSecretManager:138 - Rolling master-key for container-tokens, got key with id -2088458634
datanode_2  | 2019-11-13 11:22:11,391 INFO server.RaftServerConfigKeys: raft.server.retrycache.expirytime = 600000ms (custom)
scm_1       | 	at org.apache.ratis.grpc.GrpcUtil.unwrapException(GrpcUtil.java:75)
datanode_1  | 2019-11-13 11:22:11,422 WARN impl.MetricRegistriesImpl: First MetricRegistry has been created without registering reporters. You may need to call MetricRegistries.global().addReportRegistration(...) before.
datanode_3  | 2019-11-13 11:22:11,416 INFO server.RaftServerConfigKeys: raft.server.rpc.timeout.max = 5200ms (custom)
rm_1        | 2019-11-13 11:21:55 INFO  Server:801 - IPC Server listener on 8032: starting
nm_1        | 2019-11-13 11:21:58 INFO  NMTokenSecretManagerInNM:135 - Rolling master-key for container-tokens, got key with id 1281050958
datanode_2  | 2019-11-13 11:22:11,409 WARN impl.MetricRegistriesImpl: First MetricRegistry has been created without registering reporters. You may need to call MetricRegistries.global().addReportRegistration(...) before.
scm_1       | 	at org.apache.ratis.grpc.client.GrpcClientProtocolClient.blockingCall(GrpcClientProtocolClient.java:184)
datanode_1  | 2019-11-13 11:22:12,443 INFO impl.RaftServerProxy: 48269ee7-bda8-4cb5-9f34-9b41764807f4: addNew group-CFB835F269E3:[48269ee7-bda8-4cb5-9f34-9b41764807f4:172.18.0.2:9858] returns group-CFB835F269E3:java.util.concurrent.CompletableFuture@664c017[Not completed]
datanode_3  | 2019-11-13 11:22:11,416 INFO server.RaftServerConfigKeys: raft.server.rpcslowness.timeout = 120s (custom)
nm_1        | 2019-11-13 11:21:58 INFO  NodeStatusUpdaterImpl:317 - Registered with ResourceManager as nm:37141 with total resource of <memory:8192, vCores:8>
datanode_2  | 2019-11-13 11:22:11,411 WARN impl.MetricRegistriesImpl: First MetricRegistry has been created without registering reporters. You may need to call MetricRegistries.global().addReportRegistration(...) before.
scm_1       | 	at org.apache.ratis.grpc.client.GrpcClientProtocolClient.groupAdd(GrpcClientProtocolClient.java:153)
datanode_1  | 2019-11-13 11:22:12,448 INFO impl.RaftServerImpl: 48269ee7-bda8-4cb5-9f34-9b41764807f4: new RaftServerImpl for group-CFB835F269E3:[48269ee7-bda8-4cb5-9f34-9b41764807f4:172.18.0.2:9858] with ContainerStateMachine:uninitialized
datanode_3  | 2019-11-13 11:22:11,416 INFO server.RaftServerConfigKeys: raft.server.sleep.deviation.threshold = 300 (default)
rm_1        | 2019-11-13 11:21:55 INFO  ResourceManager:1025 - Transitioned to active state
nm_1        | 2019-11-13 11:21:58 INFO  NodeStatusUpdaterImpl:319 - Notifying ContainerManager to unblock new container-requests
scm_1       | 	at org.apache.ratis.grpc.client.GrpcClientRpc.sendRequest(GrpcClientRpc.java:94)
datanode_1  | 2019-11-13 11:22:12,449 INFO server.RaftServerConfigKeys: raft.server.rpc.timeout.min = 5s (custom)
datanode_2  | 2019-11-13 11:22:11,414 INFO impl.RaftServerImpl: 769061c3-0837-4e50-bcec-7ef9a868f589: new RaftServerImpl for group-C9CE3DB0C9D1:[769061c3-0837-4e50-bcec-7ef9a868f589:172.18.0.3:9858] with ContainerStateMachine:uninitialized
datanode_3  | 2019-11-13 11:22:11,416 INFO server.RaftServerConfigKeys: raft.server.log.appender.install.snapshot.enabled = false (custom)
rm_1        | 2019-11-13 11:21:55 INFO  log:67 - Logging to org.slf4j.impl.Log4jLoggerAdapter(org.mortbay.log) via org.mortbay.log.Slf4jLog
nm_1        | 2019-11-13 11:23:18 INFO  Server:1454 - Auth successful for appattempt_1573644114713_0001_000001 (auth:SIMPLE)
scm_1       | 	at org.apache.ratis.client.impl.RaftClientImpl.sendRequest(RaftClientImpl.java:278)
datanode_1  | 2019-11-13 11:22:12,449 INFO server.RaftServerConfigKeys: raft.server.rpc.timeout.max = 5200ms (custom)
datanode_2  | 2019-11-13 11:22:11,414 INFO server.RaftServerConfigKeys: raft.server.rpc.timeout.min = 5s (custom)
datanode_3  | 2019-11-13 11:22:11,416 INFO impl.RaftServerImpl: 2e56e1c4-3d33-45c3-84bb-18f7380dbddb@group-E68B1DDB0FF8: ConfigurationManager, init=-1: [769061c3-0837-4e50-bcec-7ef9a868f589:172.18.0.3:9858, 2e56e1c4-3d33-45c3-84bb-18f7380dbddb:172.18.0.6:9858, 48269ee7-bda8-4cb5-9f34-9b41764807f4:172.18.0.2:9858], old=null, confs=<EMPTY_MAP>
rm_1        | 2019-11-13 11:21:55 INFO  AuthenticationFilter:283 - Unable to initialize FileSignerSecretProvider, falling back to use random secrets.
nm_1        | 2019-11-13 11:23:18 INFO  ContainerManagerImpl:810 - Start request for container_1573644114713_0001_01_000001 by user hadoop
scm_1       | 	at org.apache.ratis.client.impl.RaftClientImpl.groupAdd(RaftClientImpl.java:205)
datanode_1  | 2019-11-13 11:22:12,449 INFO server.RaftServerConfigKeys: raft.server.rpcslowness.timeout = 120s (custom)
datanode_2  | 2019-11-13 11:22:11,415 INFO server.RaftServerConfigKeys: raft.server.rpc.timeout.max = 5200ms (custom)
datanode_3  | 2019-11-13 11:22:11,416 INFO server.RaftServerConfigKeys: raft.server.storage.dir = [/data/metadata/ratis] (custom)
nm_1        | 2019-11-13 11:23:18 INFO  ContainerManagerImpl:850 - Creating a new application reference for app application_1573644114713_0001
datanode_1  | 2019-11-13 11:22:12,450 INFO server.RaftServerConfigKeys: raft.server.sleep.deviation.threshold = 300 (default)
scm_1       | 	at org.apache.hadoop.hdds.scm.pipeline.RatisPipelineProvider.lambda$initializePipeline$4(RatisPipelineProvider.java:191)
rm_1        | 2019-11-13 11:21:55 INFO  HttpRequestLog:80 - Http request log for http.requests.resourcemanager is not defined
datanode_2  | 2019-11-13 11:22:11,415 INFO server.RaftServerConfigKeys: raft.server.rpcslowness.timeout = 120s (custom)
datanode_3  | 2019-11-13 11:22:11,417 INFO server.RaftServerConfigKeys: raft.server.log.corruption.policy = EXCEPTION (default)
datanode_1  | 2019-11-13 11:22:12,450 INFO server.RaftServerConfigKeys: raft.server.log.appender.install.snapshot.enabled = false (custom)
nm_1        | 2019-11-13 11:23:18 INFO  NMAuditLogger:89 - USER=hadoop	IP=172.18.0.8	OPERATION=Start Container Request	TARGET=ContainerManageImpl	RESULT=SUCCESS	APPID=application_1573644114713_0001	CONTAINERID=container_1573644114713_0001_01_000001
scm_1       | 	at org.apache.hadoop.hdds.scm.pipeline.RatisPipelineProvider.lambda$null$5(RatisPipelineProvider.java:226)
rm_1        | 2019-11-13 11:21:55 INFO  HttpServer2:730 - Added global filter 'safety' (class=org.apache.hadoop.http.HttpServer2$QuotingInputFilter)
datanode_2  | 2019-11-13 11:22:11,415 INFO server.RaftServerConfigKeys: raft.server.sleep.deviation.threshold = 300 (default)
datanode_3  | 2019-11-13 11:22:11,417 INFO storage.RaftStorageDirectory: The storage directory /data/metadata/ratis/453a5ecb-2e50-4104-8959-e68b1ddb0ff8 does not exist. Creating ...
datanode_1  | 2019-11-13 11:22:12,450 INFO impl.RaftServerImpl: 48269ee7-bda8-4cb5-9f34-9b41764807f4@group-CFB835F269E3: ConfigurationManager, init=-1: [48269ee7-bda8-4cb5-9f34-9b41764807f4:172.18.0.2:9858], old=null, confs=<EMPTY_MAP>
nm_1        | 2019-11-13 11:23:18 INFO  ApplicationImpl:464 - Application application_1573644114713_0001 transitioned from NEW to INITING
scm_1       | 	at java.base/java.util.stream.ForEachOps$ForEachOp$OfRef.accept(ForEachOps.java:183)
rm_1        | 2019-11-13 11:21:55 INFO  HttpServer2:705 - Added filter RMAuthenticationFilter (class=org.apache.hadoop.yarn.server.security.http.RMAuthenticationFilter) to context cluster
datanode_2  | 2019-11-13 11:22:11,415 INFO server.RaftServerConfigKeys: raft.server.log.appender.install.snapshot.enabled = false (custom)
datanode_3  | 2019-11-13 11:22:12,294 INFO storage.RaftStorageDirectory: Lock on /data/metadata/ratis/453a5ecb-2e50-4104-8959-e68b1ddb0ff8/in_use.lock acquired by nodename 7@186caed07f67
nm_1        | 2019-11-13 11:23:18 INFO  ApplicationImpl:304 - Adding container_1573644114713_0001_01_000001 to application application_1573644114713_0001
datanode_1  | 2019-11-13 11:22:12,451 INFO server.RaftServerConfigKeys: raft.server.storage.dir = [/data/metadata/ratis] (custom)
scm_1       | 	at java.base/java.util.ArrayList$ArrayListSpliterator.forEachRemaining(ArrayList.java:1654)
rm_1        | 2019-11-13 11:21:55 INFO  HttpServer2:713 - Added filter RMAuthenticationFilter (class=org.apache.hadoop.yarn.server.security.http.RMAuthenticationFilter) to context logs
datanode_2  | 2019-11-13 11:22:11,415 INFO impl.RaftServerImpl: 769061c3-0837-4e50-bcec-7ef9a868f589@group-C9CE3DB0C9D1: ConfigurationManager, init=-1: [769061c3-0837-4e50-bcec-7ef9a868f589:172.18.0.3:9858], old=null, confs=<EMPTY_MAP>
datanode_3  | 2019-11-13 11:22:12,307 INFO storage.RaftStorage: Storage directory /data/metadata/ratis/453a5ecb-2e50-4104-8959-e68b1ddb0ff8 has been successfully formatted.
nm_1        | 2019-11-13 11:23:18 INFO  ApplicationImpl:464 - Application application_1573644114713_0001 transitioned from INITING to RUNNING
datanode_1  | 2019-11-13 11:22:12,451 INFO server.RaftServerConfigKeys: raft.server.log.corruption.policy = EXCEPTION (default)
rm_1        | 2019-11-13 11:21:55 INFO  HttpServer2:713 - Added filter RMAuthenticationFilter (class=org.apache.hadoop.yarn.server.security.http.RMAuthenticationFilter) to context static
scm_1       | 	at java.base/java.util.stream.AbstractPipeline.copyInto(AbstractPipeline.java:484)
datanode_2  | 2019-11-13 11:22:11,415 INFO server.RaftServerConfigKeys: raft.server.storage.dir = [/data/metadata/ratis] (custom)
datanode_3  | 2019-11-13 11:22:12,307 INFO ratis.ContainerStateMachine: group-E68B1DDB0FF8: The snapshot info is null. Setting the last applied indexto:(t:0, i:~)
nm_1        | 2019-11-13 11:23:18 INFO  ContainerImpl:1135 - Container container_1573644114713_0001_01_000001 transitioned from NEW to LOCALIZING
datanode_1  | 2019-11-13 11:22:12,451 INFO storage.RaftStorageDirectory: The storage directory /data/metadata/ratis/06bc5de0-66af-453f-bde5-cfb835f269e3 does not exist. Creating ...
rm_1        | 2019-11-13 11:21:55 INFO  HttpServer2:705 - Added filter static_user_filter (class=org.apache.hadoop.http.lib.StaticUserWebFilter$StaticUserFilter) to context cluster
scm_1       | 	at java.base/java.util.stream.ForEachOps$ForEachTask.compute(ForEachOps.java:290)
datanode_2  | 2019-11-13 11:22:11,415 INFO server.RaftServerConfigKeys: raft.server.log.corruption.policy = EXCEPTION (default)
datanode_3  | 2019-11-13 11:22:12,307 INFO server.RaftServerConfigKeys: raft.server.notification.no-leader.timeout = 120s (custom)
nm_1        | 2019-11-13 11:23:18 INFO  AuxServices:196 - Got event CONTAINER_INIT for appId application_1573644114713_0001
datanode_1  | 2019-11-13 11:22:13,270 INFO storage.RaftStorageDirectory: Lock on /data/metadata/ratis/06bc5de0-66af-453f-bde5-cfb835f269e3/in_use.lock acquired by nodename 7@0e79fda16b2b
rm_1        | 2019-11-13 11:21:55 INFO  HttpServer2:713 - Added filter static_user_filter (class=org.apache.hadoop.http.lib.StaticUserWebFilter$StaticUserFilter) to context logs
scm_1       | 	at java.base/java.util.concurrent.CountedCompleter.exec(CountedCompleter.java:746)
datanode_2  | 2019-11-13 11:22:11,416 INFO storage.RaftStorageDirectory: The storage directory /data/metadata/ratis/1a445308-f224-41e8-a74e-c9ce3db0c9d1 does not exist. Creating ...
datanode_3  | 2019-11-13 11:22:12,307 INFO server.RaftServerConfigKeys: raft.server.log.use.memory = false (default)
nm_1        | 2019-11-13 11:23:18 INFO  LocalizedResource:203 - Resource o3fs://bucket1.vol1/user/hadoop/.staging/job_1573644114713_0001/job.splitmetainfo transitioned from INIT to DOWNLOADING
datanode_1  | 2019-11-13 11:22:13,274 INFO storage.RaftStorage: Storage directory /data/metadata/ratis/06bc5de0-66af-453f-bde5-cfb835f269e3 has been successfully formatted.
rm_1        | 2019-11-13 11:21:55 INFO  HttpServer2:713 - Added filter static_user_filter (class=org.apache.hadoop.http.lib.StaticUserWebFilter$StaticUserFilter) to context static
scm_1       | 	at java.base/java.util.concurrent.ForkJoinTask.doExec(ForkJoinTask.java:290)
datanode_2  | 2019-11-13 11:22:12,294 INFO storage.RaftStorageDirectory: Lock on /data/metadata/ratis/1a445308-f224-41e8-a74e-c9ce3db0c9d1/in_use.lock acquired by nodename 7@109c80db0ad9
datanode_3  | 2019-11-13 11:22:12,308 INFO server.RaftServerConfigKeys: raft.server.log.purge.gap = 1000000 (custom)
nm_1        | 2019-11-13 11:23:18 INFO  LocalizedResource:203 - Resource o3fs://bucket1.vol1/user/hadoop/.staging/job_1573644114713_0001/job.jar transitioned from INIT to DOWNLOADING
datanode_1  | 2019-11-13 11:22:13,275 INFO ratis.ContainerStateMachine: group-CFB835F269E3: The snapshot info is null. Setting the last applied indexto:(t:0, i:~)
rm_1        | 2019-11-13 11:21:55 INFO  HttpServer2:424 - adding path spec: /cluster/*
scm_1       | 	at java.base/java.util.concurrent.ForkJoinTask.doInvoke(ForkJoinTask.java:408)
datanode_2  | 2019-11-13 11:22:12,307 INFO storage.RaftStorage: Storage directory /data/metadata/ratis/1a445308-f224-41e8-a74e-c9ce3db0c9d1 has been successfully formatted.
datanode_3  | 2019-11-13 11:22:12,308 INFO server.RaftServerConfigKeys: raft.server.log.appender.buffer.byte-limit = 33554432 (custom)
nm_1        | 2019-11-13 11:23:18 INFO  LocalizedResource:203 - Resource o3fs://bucket1.vol1/user/hadoop/.staging/job_1573644114713_0001/job.split transitioned from INIT to DOWNLOADING
datanode_1  | 2019-11-13 11:22:13,275 INFO server.RaftServerConfigKeys: raft.server.notification.no-leader.timeout = 120s (custom)
rm_1        | 2019-11-13 11:21:55 INFO  HttpServer2:424 - adding path spec: /ws/*
scm_1       | 	at java.base/java.util.concurrent.ForkJoinTask.invoke(ForkJoinTask.java:736)
datanode_2  | 2019-11-13 11:22:12,307 INFO ratis.ContainerStateMachine: group-C9CE3DB0C9D1: The snapshot info is null. Setting the last applied indexto:(t:0, i:~)
datanode_3  | 2019-11-13 11:22:12,308 INFO server.RaftServerConfigKeys: raft.server.log.segment.size.max = 1048576 (custom)
nm_1        | 2019-11-13 11:23:18 INFO  LocalizedResource:203 - Resource o3fs://bucket1.vol1/user/hadoop/.staging/job_1573644114713_0001/job.xml transitioned from INIT to DOWNLOADING
datanode_1  | 2019-11-13 11:22:13,275 INFO server.RaftServerConfigKeys: raft.server.log.use.memory = false (default)
rm_1        | 2019-11-13 11:21:56 INFO  WebApps:288 - Registered webapp guice modules
scm_1       | 	at java.base/java.util.stream.ForEachOps$ForEachOp.evaluateParallel(ForEachOps.java:159)
datanode_2  | 2019-11-13 11:22:12,307 INFO server.RaftServerConfigKeys: raft.server.notification.no-leader.timeout = 120s (custom)
datanode_3  | 2019-11-13 11:22:12,308 INFO server.RaftServerConfigKeys: raft.server.log.segment.cache.num.max = 2 (custom)
nm_1        | 2019-11-13 11:23:18 INFO  ResourceLocalizationService:711 - Created localizer for container_1573644114713_0001_01_000001
datanode_1  | 2019-11-13 11:22:13,276 INFO server.RaftServerConfigKeys: raft.server.log.purge.gap = 1000000 (custom)
rm_1        | 2019-11-13 11:21:56 INFO  HttpServer2:935 - Jetty bound to port 8088
scm_1       | 	at java.base/java.util.stream.ForEachOps$ForEachOp$OfRef.evaluateParallel(ForEachOps.java:173)
datanode_2  | 2019-11-13 11:22:12,307 INFO server.RaftServerConfigKeys: raft.server.log.use.memory = false (default)
datanode_3  | 2019-11-13 11:22:12,308 INFO segmented.SegmentedRaftLogWorker: new 2e56e1c4-3d33-45c3-84bb-18f7380dbddb@group-E68B1DDB0FF8-SegmentedRaftLogWorker for RaftStorage:Storage Directory /data/metadata/ratis/453a5ecb-2e50-4104-8959-e68b1ddb0ff8
nm_1        | 2019-11-13 11:23:18 INFO  ResourceLocalizationService:1195 - Writing credentials to the nmPrivate file /tmp/hadoop-hadoop/nm-local-dir/nmPrivate/container_1573644114713_0001_01_000001.tokens. Credentials list: 
datanode_1  | 2019-11-13 11:22:13,276 INFO server.RaftServerConfigKeys: raft.server.log.appender.buffer.byte-limit = 33554432 (custom)
rm_1        | 2019-11-13 11:21:56 INFO  log:67 - jetty-6.1.26
scm_1       | 	at java.base/java.util.stream.AbstractPipeline.evaluate(AbstractPipeline.java:233)
datanode_2  | 2019-11-13 11:22:12,308 INFO server.RaftServerConfigKeys: raft.server.log.purge.gap = 1000000 (custom)
datanode_3  | 2019-11-13 11:22:12,309 INFO server.RaftServerConfigKeys: raft.server.log.queue.byte-limit = 2147483647 (custom)
nm_1        | 2019-11-13 11:23:18 INFO  DefaultContainerExecutor:612 - Initializing user hadoop
datanode_1  | 2019-11-13 11:22:13,276 INFO server.RaftServerConfigKeys: raft.server.log.segment.size.max = 1048576 (custom)
rm_1        | 2019-11-13 11:21:56 INFO  log:67 - Extract jar:file:/opt/hadoop/share/hadoop/yarn/hadoop-yarn-common-2.7.7.jar!/webapps/cluster to /tmp/Jetty_rm_8088_cluster____oilmo9/webapp
scm_1       | 	at java.base/java.util.stream.ReferencePipeline.forEach(ReferencePipeline.java:497)
datanode_2  | 2019-11-13 11:22:12,308 INFO server.RaftServerConfigKeys: raft.server.log.appender.buffer.byte-limit = 33554432 (custom)
nm_1        | 2019-11-13 11:23:18 INFO  DefaultContainerExecutor:117 - Copying from /tmp/hadoop-hadoop/nm-local-dir/nmPrivate/container_1573644114713_0001_01_000001.tokens to /tmp/hadoop-hadoop/nm-local-dir/usercache/hadoop/appcache/application_1573644114713_0001/container_1573644114713_0001_01_000001.tokens
rm_1        | 2019-11-13 11:21:57 INFO  AbstractDelegationTokenSecretManager:326 - Updating the current master key for generating delegation tokens
datanode_3  | 2019-11-13 11:22:12,309 INFO server.RaftServerConfigKeys: raft.server.log.queue.element-limit = 1024 (custom)
datanode_1  | 2019-11-13 11:22:13,277 INFO server.RaftServerConfigKeys: raft.server.log.segment.cache.num.max = 2 (custom)
scm_1       | 	at java.base/java.util.stream.ReferencePipeline$Head.forEach(ReferencePipeline.java:661)
datanode_2  | 2019-11-13 11:22:12,308 INFO server.RaftServerConfigKeys: raft.server.log.segment.size.max = 1048576 (custom)
nm_1        | 2019-11-13 11:23:18 INFO  DefaultContainerExecutor:124 - Localizer CWD set to /tmp/hadoop-hadoop/nm-local-dir/usercache/hadoop/appcache/application_1573644114713_0001 = file:/tmp/hadoop-hadoop/nm-local-dir/usercache/hadoop/appcache/application_1573644114713_0001
rm_1        | 2019-11-13 11:21:57 INFO  AbstractDelegationTokenSecretManager:644 - Starting expired delegation token remover thread, tokenRemoverScanInterval=60 min(s)
datanode_3  | 2019-11-13 11:22:12,309 INFO server.RaftServerConfigKeys: raft.server.log.segment.size.max = 1048576 (custom)
datanode_3  | 2019-11-13 11:22:12,309 INFO server.RaftServerConfigKeys: raft.server.log.preallocated.size = 16384 (custom)
datanode_1  | 2019-11-13 11:22:13,277 INFO segmented.SegmentedRaftLogWorker: new 48269ee7-bda8-4cb5-9f34-9b41764807f4@group-CFB835F269E3-SegmentedRaftLogWorker for RaftStorage:Storage Directory /data/metadata/ratis/06bc5de0-66af-453f-bde5-cfb835f269e3
scm_1       | 	at org.apache.hadoop.hdds.scm.pipeline.RatisPipelineProvider.lambda$callRatisRpc$6(RatisPipelineProvider.java:220)
datanode_2  | 2019-11-13 11:22:12,308 INFO server.RaftServerConfigKeys: raft.server.log.segment.cache.num.max = 2 (custom)
nm_1        | 2019-11-13 11:23:19 WARN  NativeCodeLoader:60 - Unable to load native-hadoop library for your platform... using builtin-java classes where applicable
rm_1        | 2019-11-13 11:21:57 INFO  AbstractDelegationTokenSecretManager:326 - Updating the current master key for generating delegation tokens
datanode_3  | 2019-11-13 11:22:12,309 INFO server.RaftServerConfigKeys: raft.server.log.write.buffer.size = 33554432 (custom)
datanode_1  | 2019-11-13 11:22:13,277 INFO server.RaftServerConfigKeys: raft.server.log.queue.byte-limit = 2147483647 (custom)
scm_1       | 	at java.base/java.util.concurrent.ForkJoinTask$AdaptedRunnableAction.exec(ForkJoinTask.java:1407)
nm_1        | 2019-11-13 11:23:19 INFO  MetricsConfig:118 - Loaded properties from hadoop-metrics2.properties
rm_1        | Nov 13, 2019 11:21:57 AM com.sun.jersey.guice.spi.container.GuiceComponentProviderFactory register
datanode_2  | 2019-11-13 11:22:12,308 INFO segmented.SegmentedRaftLogWorker: new 769061c3-0837-4e50-bcec-7ef9a868f589@group-C9CE3DB0C9D1-SegmentedRaftLogWorker for RaftStorage:Storage Directory /data/metadata/ratis/1a445308-f224-41e8-a74e-c9ce3db0c9d1
datanode_1  | 2019-11-13 11:22:13,277 INFO server.RaftServerConfigKeys: raft.server.log.queue.element-limit = 1024 (custom)
datanode_3  | 2019-11-13 11:22:12,309 INFO server.RaftServerConfigKeys: raft.server.log.force.sync.num = 128 (default)
scm_1       | 	at java.base/java.util.concurrent.ForkJoinTask.doExec(ForkJoinTask.java:290)
nm_1        | 2019-11-13 11:23:19 INFO  MetricsSystemImpl:374 - Scheduled Metric snapshot period at 10 second(s).
rm_1        | INFO: Registering org.apache.hadoop.yarn.server.resourcemanager.webapp.JAXBContextResolver as a provider class
datanode_2  | 2019-11-13 11:22:12,309 INFO server.RaftServerConfigKeys: raft.server.log.queue.byte-limit = 2147483647 (custom)
datanode_1  | 2019-11-13 11:22:13,277 INFO server.RaftServerConfigKeys: raft.server.log.segment.size.max = 1048576 (custom)
scm_1       | 	at java.base/java.util.concurrent.ForkJoinPool$WorkQueue.topLevelExec(ForkJoinPool.java:1020)
