kdc_1       | Oct 26 13:43:19 kdc kadmind[15](Notice): Request: kadm5_init, admin/admin@EXAMPLE.COM, success, client=admin/admin@EXAMPLE.COM, service=kadmin/admin@EXAMPLE.COM, addr=127.0.0.1, vers=4, flavor=6
rm_1        | 2019-10-26 13:43:43 INFO  AsyncDispatcher:223 - Registering class org.apache.hadoop.yarn.server.resourcemanager.RMAppManagerEventType for class org.apache.hadoop.yarn.server.resourcemanager.RMAppManager
nm_1        | 2019-10-26 13:43:43 INFO  ResourceLocalizationService:242 - per directory file limit = 8192
datanode_3  | 2019-10-26 13:43:50,435 INFO impl.RaftServerProxy: 54d7d319-52a5-4199-8350-2bb3531e34a6: addNew group-99B94DCA332B:[54d7d319-52a5-4199-8350-2bb3531e34a6:172.18.0.8:9858] returns group-99B94DCA332B:java.util.concurrent.CompletableFuture@6249434c[Not completed]
kms_1       | 	at javax.xml.bind.JAXBContext.newInstance(JAXBContext.java:641)
datanode_1  | 2019-10-26 13:43:51,576 INFO server.RaftServerConfigKeys: raft.server.log.purge.gap = 1000000 (custom)
datanode_2  | 2019-10-26 13:43:50,977 INFO server.RaftServerConfigKeys: raft.server.log.appender.install.snapshot.enabled = false (custom)
om_1        | 2019-10-26 13:43:49,356 INFO db.DBStoreBuilder: Using default column profile:DBProfile.DISK for Table:dTokenTable
jhs         | 2019-10-26 13:43:42 INFO  HttpRequestLog:81 - Http request log for http.requests.applicationhistory is not defined
scm_1       | 2019-10-26 13:43:37,151 INFO impl.MetricsSystemImpl: StorageContainerManager metrics system started
kdc_1       | Oct 26 13:43:19 kdc kadmind[15](Notice): Request: kadm5_get_policy, default, Policy does not exist, client=admin/admin@EXAMPLE.COM, service=kadmin/admin@EXAMPLE.COM, addr=127.0.0.1
rm_1        | 2019-10-26 13:43:43 INFO  AsyncDispatcher:223 - Registering class org.apache.hadoop.yarn.server.resourcemanager.amlauncher.AMLauncherEventType for class org.apache.hadoop.yarn.server.resourcemanager.amlauncher.ApplicationMasterLauncher
nm_1        | 2019-10-26 13:43:43 INFO  AsyncDispatcher:223 - Registering class org.apache.hadoop.yarn.server.nodemanager.containermanager.localizer.event.LocalizerEventType for class org.apache.hadoop.yarn.server.nodemanager.containermanager.localizer.ResourceLocalizationService$LocalizerTracker
kms_1       | 	at javax.xml.bind.JAXBContext.newInstance(JAXBContext.java:584)
datanode_3  | 2019-10-26 13:43:50,453 INFO impl.RaftServerImpl: 54d7d319-52a5-4199-8350-2bb3531e34a6: new RaftServerImpl for group-99B94DCA332B:[54d7d319-52a5-4199-8350-2bb3531e34a6:172.18.0.8:9858] with ContainerStateMachine:uninitialized
datanode_1  | 2019-10-26 13:43:51,577 INFO server.RaftServerConfigKeys: raft.server.log.appender.buffer.byte-limit = 33554432 (custom)
datanode_2  | 2019-10-26 13:43:50,985 INFO impl.RaftServerImpl: de510e76-ee1d-4d12-9d40-9a0691b369fb@group-E4FEA3ABBD93: ConfigurationManager, init=-1: [de510e76-ee1d-4d12-9d40-9a0691b369fb:172.18.0.12:9858], old=null, confs=<EMPTY_MAP>
om_1        | 2019-10-26 13:43:49,356 INFO db.DBStoreBuilder: using custom profile for table: s3SecretTable
jhs         | 2019-10-26 13:43:42 INFO  HttpServer2:975 - Added global filter 'safety' (class=org.apache.hadoop.http.HttpServer2$QuotingInputFilter)
scm_1       | 2019-10-26 13:43:37,427 INFO server.SCMClientProtocolServer: RPC server for Client  is listening at /0.0.0.0:9860
kdc_1       | Oct 26 13:43:19 kdc kadmind[15](Notice): Request: kadm5_create_principal, om/3c1e8bec2e79@EXAMPLE.COM, success, client=admin/admin@EXAMPLE.COM, service=kadmin/admin@EXAMPLE.COM, addr=127.0.0.1
rm_1        | 2019-10-26 13:43:43 INFO  RMNMInfo:63 - Registered RMNMInfo MBean
nm_1        | 2019-10-26 13:43:43 INFO  ResourceHandlerModule:197 - Using traffic control bandwidth handler
kms_1       | 	at com.sun.jersey.server.wadl.generators.WadlGeneratorJAXBGrammarGenerator.buildModelAndSchemas(WadlGeneratorJAXBGrammarGenerator.java:169)
datanode_3  | 2019-10-26 13:43:50,454 INFO server.RaftServerConfigKeys: raft.server.rpc.timeout.min = 5s (custom)
datanode_1  | 2019-10-26 13:43:51,579 INFO server.RaftServerConfigKeys: raft.server.log.segment.size.max = 1048576 (custom)
om_1        | 2019-10-26 13:43:49,356 INFO db.DBStoreBuilder: Using default column profile:DBProfile.DISK for Table:s3SecretTable
datanode_2  | 2019-10-26 13:43:50,985 INFO server.RaftServerConfigKeys: raft.server.storage.dir = [/data/metadata/ratis] (custom)
jhs         | 2019-10-26 13:43:42 INFO  HttpServer2:948 - Added filter static_user_filter (class=org.apache.hadoop.http.lib.StaticUserWebFilter$StaticUserFilter) to context applicationhistory
scm_1       | 2019-10-26 13:43:37,428 INFO ipc.Server: IPC Server Responder: starting
kdc_1       | Oct 26 13:43:19 kdc kadmind[15](info): closing down fd 18
rm_1        | 2019-10-26 13:43:43 INFO  RMAppLifetimeMonitor:66 - Application lifelime monitor interval set to 3000 ms.
nm_1        | 2019-10-26 13:43:43 INFO  AuxServices:103 - Adding auxiliary service mapreduce_shuffle, "mapreduce_shuffle"
kms_1       | 	at com.sun.jersey.server.wadl.generators.AbstractWadlGeneratorGrammarGenerator.createExternalGrammar(AbstractWadlGeneratorGrammarGenerator.java:405)
datanode_3  | 2019-10-26 13:43:50,455 INFO server.RaftServerConfigKeys: raft.server.rpc.timeout.max = 5200ms (custom)
datanode_1  | 2019-10-26 13:43:51,588 INFO metrics.MetricRegistries: Loaded MetricRegistries class org.apache.ratis.metrics.impl.MetricRegistriesImpl
datanode_2  | 2019-10-26 13:43:50,990 INFO server.RaftServerConfigKeys: raft.server.log.corruption.policy = EXCEPTION (default)
jhs         | 2019-10-26 13:43:42 INFO  HttpServer2:958 - Added filter static_user_filter (class=org.apache.hadoop.http.lib.StaticUserWebFilter$StaticUserFilter) to context logs
scm_1       | 2019-10-26 13:43:37,429 INFO ipc.Server: IPC Server listener on 9860: starting
om_1        | 2019-10-26 13:43:49,357 INFO db.DBStoreBuilder: using custom profile for table: prefixTable
rm_1        | 2019-10-26 13:43:43 INFO  MultiNodeSortingManager:59 - Initializing NodeSortingService=MultiNodeSortingManager
kdc_1       | Oct 26 13:43:19 kdc kadmind[15](Notice): Request: kadm5_init, admin/admin@EXAMPLE.COM, success, client=admin/admin@EXAMPLE.COM, service=kadmin/admin@EXAMPLE.COM, addr=127.0.0.1, vers=4, flavor=6
nm_1        | 2019-10-26 13:43:44 INFO  ContainersMonitorImpl:138 -  Using ResourceCalculatorPlugin : org.apache.hadoop.yarn.util.ResourceCalculatorPlugin@1500b2f3
kms_1       | 	at com.sun.jersey.server.wadl.WadlBuilder.generate(WadlBuilder.java:149)
datanode_3  | 2019-10-26 13:43:50,455 INFO server.RaftServerConfigKeys: raft.server.rpcslowness.timeout = 120s (custom)
datanode_1  | 2019-10-26 13:43:51,593 WARN impl.MetricRegistriesImpl: First MetricRegistry has been created without registering reporters. You may need to call MetricRegistries.global().addReportRegistration(...) before.
datanode_2  | 2019-10-26 13:43:50,992 INFO storage.RaftStorageDirectory: The storage directory /data/metadata/ratis/18dcadf3-24fb-4470-8a3d-e4fea3abbd93 does not exist. Creating ...
jhs         | 2019-10-26 13:43:42 INFO  HttpServer2:958 - Added filter static_user_filter (class=org.apache.hadoop.http.lib.StaticUserWebFilter$StaticUserFilter) to context static
om_1        | 2019-10-26 13:43:49,357 INFO db.DBStoreBuilder: Using default column profile:DBProfile.DISK for Table:prefixTable
scm_1       | 2019-10-26 13:43:37,433 INFO server.StorageContainerManager: ScmBlockLocationProtocol RPC server is listening at /0.0.0.0:9863
rm_1        | 2019-10-26 13:43:43 INFO  HostsFileReader:211 - Refreshing hosts (include/exclude) list
nm_1        | 2019-10-26 13:43:44 INFO  ContainersMonitorImpl:143 -  Using ResourceCalculatorProcessTree : null
kdc_1       | Oct 26 13:43:19 kdc kadmind[15](Notice): Request: kadm5_randkey_principal, om/3c1e8bec2e79@EXAMPLE.COM, success, client=admin/admin@EXAMPLE.COM, service=kadmin/admin@EXAMPLE.COM, addr=127.0.0.1
kms_1       | 	at com.sun.jersey.server.impl.wadl.WadlApplicationContextImpl.getApplication(WadlApplicationContextImpl.java:119)
datanode_3  | 2019-10-26 13:43:50,456 INFO server.RaftServerConfigKeys: raft.server.sleep.deviation.threshold = 300 (default)
datanode_1  | 2019-10-26 13:43:51,599 INFO server.RaftServerConfigKeys: raft.server.log.segment.cache.num.max = 2 (custom)
datanode_2  | 2019-10-26 13:43:51,020 INFO storage.RaftStorageDirectory: Lock on /data/metadata/ratis/18dcadf3-24fb-4470-8a3d-e4fea3abbd93/in_use.lock acquired by nodename 7@faa830b647e8
jhs         | 2019-10-26 13:43:42 INFO  HttpServer2:975 - Added global filter 'Timeline Authentication Filter' (class=org.apache.hadoop.yarn.server.timeline.security.TimelineAuthenticationFilter)
scm_1       | 2019-10-26 13:43:37,434 INFO server.SCMBlockProtocolServer: RPC server for Block Protocol is listening at /0.0.0.0:9863
rm_1        | 2019-10-26 13:43:43 INFO  Configuration:2755 - found resource capacity-scheduler.xml at file:/opt/hadoop/etc/hadoop/capacity-scheduler.xml
nm_1        | 2019-10-26 13:43:44 INFO  ContainersMonitorImpl:190 - Physical memory check enabled: false
om_1        | 2019-10-26 13:43:49,368 INFO db.DBStoreBuilder: using custom profile for table: default
kdc_1       | Entry for principal om/3c1e8bec2e79@EXAMPLE.COM with kvno 2, encryption type aes256-cts-hmac-sha1-96 added to keytab WRFILE:/data/om.3c1e8bec2e79.keytab.
kms_1       | 	at com.sun.jersey.server.impl.wadl.WadlApplicationContextImpl.getApplication(WadlApplicationContextImpl.java:138)
datanode_3  | 2019-10-26 13:43:50,456 INFO server.RaftServerConfigKeys: raft.server.log.appender.install.snapshot.enabled = false (custom)
datanode_1  | 2019-10-26 13:43:51,605 INFO segmented.SegmentedRaftLogWorker: new 2210c791-dcc0-48af-b39c-87126d849183@group-8C394787A56E-SegmentedRaftLogWorker for RaftStorage:Storage Directory /data/metadata/ratis/b78f7f85-96c4-4624-a4fb-8c394787a56e
datanode_2  | 2019-10-26 13:43:51,045 INFO storage.RaftStorage: Storage directory /data/metadata/ratis/18dcadf3-24fb-4470-8a3d-e4fea3abbd93 has been successfully formatted.
jhs         | 2019-10-26 13:43:42 INFO  HttpServer2:613 - adding path spec: /applicationhistory/*
scm_1       | 2019-10-26 13:43:37,434 INFO ipc.Server: IPC Server Responder: starting
rm_1        | 2019-10-26 13:43:43 INFO  AbstractYarnScheduler:1390 - Minimum allocation = <memory:1024, vCores:1>
nm_1        | 2019-10-26 13:43:44 INFO  ContainersMonitorImpl:191 - Virtual memory check enabled: false
om_1        | 2019-10-26 13:43:49,368 INFO db.DBStoreBuilder: Using default column profile:DBProfile.DISK for Table:default
kdc_1       | Entry for principal om/3c1e8bec2e79@EXAMPLE.COM with kvno 2, encryption type aes128-cts-hmac-sha1-96 added to keytab WRFILE:/data/om.3c1e8bec2e79.keytab.
kms_1       | 	at com.sun.jersey.server.impl.wadl.WadlMethodFactory$WadlOptionsMethodDispatcher.dispatch(WadlMethodFactory.java:110)
datanode_3  | 2019-10-26 13:43:50,463 INFO impl.RaftServerImpl: 54d7d319-52a5-4199-8350-2bb3531e34a6@group-99B94DCA332B: ConfigurationManager, init=-1: [54d7d319-52a5-4199-8350-2bb3531e34a6:172.18.0.8:9858], old=null, confs=<EMPTY_MAP>
datanode_2  | 2019-10-26 13:43:51,050 [pool-9-thread-1] INFO       - group-E4FEA3ABBD93: The snapshot info is null. Setting the last applied indexto:(t:0, i:~)
jhs         | 2019-10-26 13:43:42 INFO  HttpServer2:613 - adding path spec: /ws/*
scm_1       | 2019-10-26 13:43:37,435 INFO ipc.Server: IPC Server listener on 9863: starting
rm_1        | 2019-10-26 13:43:43 INFO  AbstractYarnScheduler:1402 - Maximum allocation = <memory:8192, vCores:4>
nm_1        | 2019-10-26 13:43:44 INFO  ContainersMonitorImpl:192 - Elastic memory control enabled: false
om_1        | 2019-10-26 13:43:49,369 INFO db.DBStoreBuilder: Using default options. DBProfile.DISK
datanode_1  | 2019-10-26 13:43:51,605 INFO server.RaftServerConfigKeys: raft.server.log.queue.byte-limit = 2147483647 (custom)
kdc_1       | Generiting keytab
kms_1       | 	at com.sun.jersey.server.impl.uri.rules.HttpMethodRule.accept(HttpMethodRule.java:302)
datanode_3  | 2019-10-26 13:43:50,463 INFO server.RaftServerConfigKeys: raft.server.storage.dir = [/data/metadata/ratis] (custom)
datanode_2  | 2019-10-26 13:43:51,051 INFO server.RaftServerConfigKeys: raft.server.notification.no-leader.timeout = 120s (custom)
jhs         | 2019-10-26 13:43:42 INFO  WebApps:395 - Registered webapp guice modules
scm_1       | 2019-10-26 13:43:37,437 INFO server.StorageContainerManager: ScmDatanodeProtocl RPC server is listening at /0.0.0.0:9861
rm_1        | 2019-10-26 13:43:43 INFO  CapacitySchedulerConfiguration:894 - max alloc mb per queue for root is undefined
nm_1        | 2019-10-26 13:43:44 INFO  ContainersMonitorImpl:193 - Strict memory control enabled: true
om_1        | 2019-10-26 13:43:50,095 INFO Configuration.deprecation: No unit for ozone.manager.delegation.remover.scan.interval(3600000) assuming MILLISECONDS
datanode_1  | 2019-10-26 13:43:51,606 INFO server.RaftServerConfigKeys: raft.server.log.queue.element-limit = 1024 (custom)
kdc_1       | Authenticating as principal admin/admin with keytab /tmp/admin.keytab.
kms_1       | 	at com.sun.jersey.server.impl.uri.rules.ResourceClassRule.accept(ResourceClassRule.java:108)
datanode_3  | 2019-10-26 13:43:50,470 INFO server.RaftServerConfigKeys: raft.server.log.corruption.policy = EXCEPTION (default)
datanode_2  | 2019-10-26 13:43:51,057 INFO server.RaftServerConfigKeys: raft.server.log.use.memory = false (default)
jhs         | 2019-10-26 13:43:42 INFO  HttpServer2:1191 - Jetty bound to port 8188
scm_1       | 2019-10-26 13:43:37,437 INFO server.SCMDatanodeProtocolServer: RPC server for DataNodes is listening at /0.0.0.0:9861
rm_1        | 2019-10-26 13:43:43 INFO  CapacitySchedulerConfiguration:898 - max alloc vcore per queue for root is undefined
nm_1        | 2019-10-26 13:43:44 INFO  ContainersMonitorImpl:218 - ContainersMonitor enabled: true
om_1        | 2019-10-26 13:43:50,097 [main] INFO       - Loaded 0 tokens
datanode_1  | 2019-10-26 13:43:51,607 INFO server.RaftServerConfigKeys: raft.server.log.segment.size.max = 1048576 (custom)
kdc_1       | WARNING: no policy specified for om/jhs@EXAMPLE.COM; defaulting to no policy
kms_1       | 	at com.sun.jersey.server.impl.uri.rules.RightHandPathRule.accept(RightHandPathRule.java:147)
datanode_3  | 2019-10-26 13:43:50,472 INFO storage.RaftStorageDirectory: The storage directory /data/metadata/ratis/e6fc0e00-4f73-44f7-9427-99b94dca332b does not exist. Creating ...
datanode_2  | 2019-10-26 13:43:51,063 INFO server.RaftServerConfigKeys: raft.server.log.purge.gap = 1000000 (custom)
jhs         | 2019-10-26 13:43:42 INFO  Server:351 - jetty-9.3.24.v20180605, build timestamp: 2018-06-05T17:11:56Z, git hash: 84205aa28f11a4f31f2a3b86d1bba2cc8ab69827
scm_1       | 2019-10-26 13:43:37,439 INFO ipc.Server: IPC Server Responder: starting
nm_1        | 2019-10-26 13:43:44 INFO  LogAggregationService:139 - rollingMonitorInterval is set as 3600. The logs will be aggregated every 3600 seconds
rm_1        | 2019-10-26 13:43:43 INFO  ParentQueue:151 - root, capacity=1.0, absoluteCapacity=1.0, maxCapacity=1.0, absoluteMaxCapacity=1.0, state=RUNNING, acls=ADMINISTER_QUEUE:*SUBMIT_APP:*, labels=*,
om_1        | 2019-10-26 13:43:50,097 [main] INFO       - Loading token state into token manager.
datanode_1  | 2019-10-26 13:43:51,607 INFO server.RaftServerConfigKeys: raft.server.log.preallocated.size = 16384 (custom)
kdc_1       | Principal "om/jhs@EXAMPLE.COM" created.
kms_1       | 	at com.sun.jersey.server.impl.uri.rules.RootResourceClassesRule.accept(RootResourceClassesRule.java:84)
datanode_3  | 2019-10-26 13:43:50,500 INFO storage.RaftStorageDirectory: Lock on /data/metadata/ratis/e6fc0e00-4f73-44f7-9427-99b94dca332b/in_use.lock acquired by nodename 7@39d1d557f45f
datanode_2  | 2019-10-26 13:43:51,063 INFO server.RaftServerConfigKeys: raft.server.log.appender.buffer.byte-limit = 33554432 (custom)
jhs         | 2019-10-26 13:43:43 INFO  AbstractDelegationTokenSecretManager:343 - Updating the current master key for generating delegation tokens
scm_1       | 2019-10-26 13:43:37,439 INFO ipc.Server: IPC Server listener on 9861: starting
nm_1        | 2019-10-26 13:43:44 INFO  ContainerManagerImpl:394 - Not a recoverable state store. Nothing to recover.
rm_1        | , reservationsContinueLooking=true, orderingPolicy=utilization, priority=0
om_1        | 2019-10-26 13:43:50,142 INFO ipc.CallQueueManager: Using callQueue: class java.util.concurrent.LinkedBlockingQueue, queueCapacity: 2000, scheduler: class org.apache.hadoop.ipc.DefaultRpcScheduler, ipcBackoff: false.
datanode_1  | 2019-10-26 13:43:51,608 INFO server.RaftServerConfigKeys: raft.server.log.write.buffer.size = 33554432 (custom)
kdc_1       | Authenticating as principal admin/admin with keytab /tmp/admin.keytab.
kms_1       | 	at com.sun.jersey.server.impl.application.WebApplicationImpl._handleRequest(WebApplicationImpl.java:1542)
datanode_3  | 2019-10-26 13:43:50,516 INFO storage.RaftStorage: Storage directory /data/metadata/ratis/e6fc0e00-4f73-44f7-9427-99b94dca332b has been successfully formatted.
datanode_2  | 2019-10-26 13:43:51,065 INFO server.RaftServerConfigKeys: raft.server.log.segment.size.max = 1048576 (custom)
jhs         | 2019-10-26 13:43:43 INFO  AbstractDelegationTokenSecretManager:675 - Starting expired delegation token remover thread, tokenRemoverScanInterval=60 min(s)
scm_1       | 2019-10-26 13:43:37,442 INFO server.SCMClientProtocolServer: Starting RPC server for SCMSecurityProtocolServer. is listening at /0.0.0.0:9961
nm_1        | 2019-10-26 13:43:44 INFO  Configuration:2752 - resource-types.xml not found
rm_1        | 2019-10-26 13:43:43 INFO  ParentQueue:114 - Initialized parent-queue root name=root, fullname=root
om_1        | 2019-10-26 13:43:50,153 INFO ipc.Server: Starting Socket Reader #1 for port 9862
datanode_1  | 2019-10-26 13:43:51,608 INFO server.RaftServerConfigKeys: raft.server.log.force.sync.num = 128 (default)
kdc_1       | Entry for principal om/jhs@EXAMPLE.COM with kvno 2, encryption type aes256-cts-hmac-sha1-96 added to keytab WRFILE:/data/om.jhs.keytab.
kms_1       | 	at com.sun.jersey.server.impl.application.WebApplicationImpl._handleRequest(WebApplicationImpl.java:1473)
datanode_3  | 2019-10-26 13:43:50,520 [pool-9-thread-1] INFO       - group-99B94DCA332B: The snapshot info is null. Setting the last applied indexto:(t:0, i:~)
datanode_2  | 2019-10-26 13:43:51,074 INFO metrics.MetricRegistries: Loaded MetricRegistries class org.apache.ratis.metrics.impl.MetricRegistriesImpl
jhs         | 2019-10-26 13:43:43 INFO  ContextHandler:781 - Started o.e.j.s.ServletContextHandler@6a47b187{/logs,file:///opt/hadoop/logs/,AVAILABLE}
scm_1       | 2019-10-26 13:43:37,443 INFO ipc.Server: IPC Server Responder: starting
nm_1        | 2019-10-26 13:43:44 INFO  ResourceUtils:419 - Unable to find 'resource-types.xml'.
rm_1        | 2019-10-26 13:43:43 INFO  CapacitySchedulerConfiguration:894 - max alloc mb per queue for root.default is undefined
om_1        | 2019-10-26 13:43:50,220 [main] INFO       - OzoneManager RPC server is listening at om/172.18.0.9:9862
datanode_1  | 2019-10-26 13:43:51,609 INFO server.RaftServerConfigKeys: raft.server.log.statemachine.data.sync = true (default)
kdc_1       | Entry for principal om/jhs@EXAMPLE.COM with kvno 2, encryption type aes128-cts-hmac-sha1-96 added to keytab WRFILE:/data/om.jhs.keytab.
kms_1       | 	at com.sun.jersey.server.impl.application.WebApplicationImpl.handleRequest(WebApplicationImpl.java:1419)
datanode_3  | 2019-10-26 13:43:50,521 INFO server.RaftServerConfigKeys: raft.server.notification.no-leader.timeout = 120s (custom)
datanode_2  | 2019-10-26 13:43:51,080 WARN impl.MetricRegistriesImpl: First MetricRegistry has been created without registering reporters. You may need to call MetricRegistries.global().addReportRegistration(...) before.
jhs         | 2019-10-26 13:43:43 INFO  ContextHandler:781 - Started o.e.j.s.ServletContextHandler@11bb571c{/static,jar:file:/opt/hadoop/share/hadoop/yarn/hadoop-yarn-common-3.2.0.jar!/webapps/static,AVAILABLE}
scm_1       | 2019-10-26 13:43:37,443 INFO ipc.Server: IPC Server listener on 9961: starting
nm_1        | 2019-10-26 13:43:44 INFO  Configuration:2752 - node-resources.xml not found
rm_1        | 2019-10-26 13:43:43 INFO  CapacitySchedulerConfiguration:898 - max alloc vcore per queue for root.default is undefined
om_1        | 2019-10-26 13:43:50,300 INFO impl.MetricsConfig: Loaded properties from hadoop-metrics2.properties
datanode_1  | 2019-10-26 13:43:51,609 INFO server.RaftServerConfigKeys: raft.server.log.statemachine.data.sync.timeout = 10s (default)
kdc_1       | Generiting keytab
kms_1       | 	at com.sun.jersey.server.impl.application.WebApplicationImpl.handleRequest(WebApplicationImpl.java:1409)
datanode_3  | 2019-10-26 13:43:50,524 INFO server.RaftServerConfigKeys: raft.server.log.use.memory = false (default)
datanode_2  | 2019-10-26 13:43:51,088 INFO server.RaftServerConfigKeys: raft.server.log.segment.cache.num.max = 2 (custom)
jhs         | Oct 26, 2019 1:43:43 PM com.sun.jersey.guice.spi.container.GuiceComponentProviderFactory register
scm_1       | 2019-10-26 13:43:37,448 INFO http.HttpServer2: Jetty bound to port 9876
nm_1        | 2019-10-26 13:43:44 INFO  ResourceUtils:419 - Unable to find 'node-resources.xml'.
rm_1        | 2019-10-26 13:43:43 INFO  LeafQueue:285 - Initializing default
om_1        | 2019-10-26 13:43:50,340 INFO impl.MetricsSystemImpl: Scheduled Metric snapshot period at 10 second(s).
datanode_1  | 2019-10-26 13:43:51,610 INFO server.RaftServerConfigKeys: raft.server.log.statemachine.data.sync.timeout.retry = -1 (default)
kdc_1       | Authenticating as principal admin/admin with keytab /tmp/admin.keytab.
kms_1       | 	at com.sun.jersey.spi.container.servlet.WebComponent.service(WebComponent.java:409)
datanode_3  | 2019-10-26 13:43:50,529 INFO server.RaftServerConfigKeys: raft.server.log.purge.gap = 1000000 (custom)
datanode_2  | 2019-10-26 13:43:51,097 INFO segmented.SegmentedRaftLogWorker: new de510e76-ee1d-4d12-9d40-9a0691b369fb@group-E4FEA3ABBD93-SegmentedRaftLogWorker for RaftStorage:Storage Directory /data/metadata/ratis/18dcadf3-24fb-4470-8a3d-e4fea3abbd93
scm_1       | 2019-10-26 13:43:37,449 INFO server.Server: jetty-9.3.25.v20180904, build timestamp: 2018-09-04T21:11:46Z, git hash: 3ce520221d0240229c862b122d2b06c12a625732
nm_1        | 2019-10-26 13:43:44 INFO  NodeStatusUpdaterImpl:199 - Nodemanager resources is set to: <memory:8192, vCores:8>
jhs         | INFO: Registering org.apache.hadoop.yarn.webapp.YarnJacksonJaxbJsonProvider as a provider class
rm_1        | capacity = 1.0 [= (float) configuredCapacity / 100 ]
om_1        | 2019-10-26 13:43:50,341 INFO impl.MetricsSystemImpl: OzoneManager metrics system started
kdc_1       | WARNING: no policy specified for om/39d1d557f45f@EXAMPLE.COM; defaulting to no policy
datanode_1  | 2019-10-26 13:43:51,619 INFO server.RaftServerConfigKeys: raft.server.log.statemachine.data.caching.enabled = true (custom)
kms_1       | 	at com.sun.jersey.spi.container.servlet.ServletContainer.service(ServletContainer.java:558)
datanode_3  | 2019-10-26 13:43:50,529 INFO server.RaftServerConfigKeys: raft.server.log.appender.buffer.byte-limit = 33554432 (custom)
datanode_2  | 2019-10-26 13:43:51,098 INFO server.RaftServerConfigKeys: raft.server.log.queue.byte-limit = 2147483647 (custom)
scm_1       | 2019-10-26 13:43:37,481 INFO handler.ContextHandler: Started o.e.j.s.ServletContextHandler@4a8e6e89{/logs,file:///var/log/hadoop/,AVAILABLE}
nm_1        | 2019-10-26 13:43:44 INFO  NodeStatusUpdaterImpl:247 - Initialized nodemanager with : physical-memory=8192 virtual-memory=17204 virtual-cores=8
jhs         | Oct 26, 2019 1:43:43 PM com.sun.jersey.guice.spi.container.GuiceComponentProviderFactory register
rm_1        | absoluteCapacity = 1.0 [= parentAbsoluteCapacity * capacity ]
om_1        | 2019-10-26 13:43:50,378 [main] INFO       - Reading keypair and certificate from file system.
kdc_1       | Principal "om/39d1d557f45f@EXAMPLE.COM" created.
datanode_1  | 2019-10-26 13:43:51,625 INFO segmented.SegmentedRaftLogWorker: 2210c791-dcc0-48af-b39c-87126d849183@group-8C394787A56E-SegmentedRaftLogWorker: flushIndex: setUnconditionally 0 -> -1
kms_1       | 	at com.sun.jersey.spi.container.servlet.ServletContainer.service(ServletContainer.java:733)
datanode_2  | 2019-10-26 13:43:51,098 INFO server.RaftServerConfigKeys: raft.server.log.queue.element-limit = 1024 (custom)
datanode_3  | 2019-10-26 13:43:50,531 INFO server.RaftServerConfigKeys: raft.server.log.segment.size.max = 1048576 (custom)
scm_1       | 2019-10-26 13:43:37,482 INFO handler.ContextHandler: Started o.e.j.s.ServletContextHandler@7a45d714{/static,jar:file:/opt/hadoop/share/ozone/lib/hadoop-hdds-server-scm-0.5.0-SNAPSHOT.jar!/webapps/static,AVAILABLE}
nm_1        | 2019-10-26 13:43:44 INFO  CallQueueManager:84 - Using callQueue: class java.util.concurrent.LinkedBlockingQueue, queueCapacity: 2000, scheduler: class org.apache.hadoop.ipc.DefaultRpcScheduler, ipcBackoff: false.
jhs         | INFO: Registering org.apache.hadoop.yarn.server.applicationhistoryservice.webapp.AHSWebServices as a root resource class
rm_1        | maxCapacity = 1.0 [= configuredMaxCapacity ]
om_1        | 2019-10-26 13:43:50,392 [main] INFO       - Starting OM block token secret manager
kdc_1       | Authenticating as principal admin/admin with keytab /tmp/admin.keytab.
datanode_1  | 2019-10-26 13:43:51,630 INFO server.RaftServerConfigKeys: raft.server.snapshot.auto.trigger.enabled = true (custom)
datanode_2  | 2019-10-26 13:43:51,100 INFO server.RaftServerConfigKeys: raft.server.log.segment.size.max = 1048576 (custom)
datanode_3  | 2019-10-26 13:43:50,540 INFO metrics.MetricRegistries: Loaded MetricRegistries class org.apache.ratis.metrics.impl.MetricRegistriesImpl
kms_1       | 	at javax.servlet.http.HttpServlet.service(HttpServlet.java:790)
scm_1       | 2019-10-26 13:43:37,618 INFO server.KerberosAuthenticationHandler: Using keytab /etc/security/keytabs/HTTP.keytab, for principal HTTP/scm@EXAMPLE.COM
nm_1        | 2019-10-26 13:43:44 INFO  Server:1074 - Starting Socket Reader #1 for port 44387
rm_1        | absoluteMaxCapacity = 1.0 [= 1.0 maximumCapacity undefined, (parentAbsoluteMaxCapacity * maximumCapacity) / 100 otherwise ]
jhs         | Oct 26, 2019 1:43:43 PM com.sun.jersey.guice.spi.container.GuiceComponentProviderFactory register
om_1        | 2019-10-26 13:43:50,393 [main] INFO       - Updating the current master key for generating tokens
kdc_1       | Entry for principal om/39d1d557f45f@EXAMPLE.COM with kvno 2, encryption type aes256-cts-hmac-sha1-96 added to keytab WRFILE:/data/om.39d1d557f45f.keytab.
datanode_1  | 2019-10-26 13:43:51,631 INFO server.RaftServerConfigKeys: raft.server.snapshot.auto.trigger.threshold = 10000 (custom)
datanode_2  | 2019-10-26 13:43:51,101 INFO server.RaftServerConfigKeys: raft.server.log.preallocated.size = 16384 (custom)
datanode_3  | 2019-10-26 13:43:50,545 WARN impl.MetricRegistriesImpl: First MetricRegistry has been created without registering reporters. You may need to call MetricRegistries.global().addReportRegistration(...) before.
kms_1       | 	at org.eclipse.jetty.servlet.ServletHolder.handle(ServletHolder.java:848)
scm_1       | 2019-10-26 13:43:37,631 INFO handler.ContextHandler: Started o.e.j.w.WebAppContext@4fc165f6{/,file:///tmp/jetty-0.0.0.0-9876-scm-_-any-9067916254424780057.dir/webapp/,AVAILABLE}{/scm}
nm_1        | 2019-10-26 13:43:44 INFO  RpcServerFactoryPBImpl:173 - Adding protocol org.apache.hadoop.yarn.api.ContainerManagementProtocolPB to the server
rm_1        | effectiveMinResource=<memory:0, vCores:0>
jhs         | INFO: Registering org.apache.hadoop.yarn.server.timeline.webapp.TimelineWebServices as a root resource class
om_1        | 2019-10-26 13:43:50,394 [main] INFO       - Starting OM delegation token secret manager
kdc_1       | Entry for principal om/39d1d557f45f@EXAMPLE.COM with kvno 2, encryption type aes128-cts-hmac-sha1-96 added to keytab WRFILE:/data/om.39d1d557f45f.keytab.
datanode_1  | 2019-10-26 13:43:51,631 INFO server.RaftServerConfigKeys: raft.server.snapshot.retention.file.num = 5 (custom)
datanode_2  | 2019-10-26 13:43:51,101 INFO server.RaftServerConfigKeys: raft.server.log.write.buffer.size = 33554432 (custom)
datanode_3  | 2019-10-26 13:43:50,553 INFO server.RaftServerConfigKeys: raft.server.log.segment.cache.num.max = 2 (custom)
kms_1       | 	at org.eclipse.jetty.servlet.ServletHandler$CachedChain.doFilter(ServletHandler.java:1772)
scm_1       | 2019-10-26 13:43:37,638 INFO server.AbstractConnector: Started ServerConnector@715a70e9{HTTP/1.1,[http/1.1]}{0.0.0.0:9876}
nm_1        | 2019-10-26 13:43:44 INFO  Server:1314 - IPC Server Responder: starting
rm_1        |  , effectiveMaxResource=<memory:0, vCores:0>
jhs         | Oct 26, 2019 1:43:43 PM com.sun.jersey.guice.spi.container.GuiceComponentProviderFactory register
om_1        | 2019-10-26 13:43:50,394 [main] INFO       - Updating the current master key for generating tokens
kdc_1       | Generiting keytab
datanode_1  | 2019-10-26 13:43:51,632 INFO server.RaftServerConfigKeys: raft.server.retrycache.expirytime = 600000ms (custom)
datanode_2  | 2019-10-26 13:43:51,102 INFO server.RaftServerConfigKeys: raft.server.log.force.sync.num = 128 (default)
kms_1       | 	at org.apache.hadoop.crypto.key.kms.server.KMSMDCFilter.doFilter(KMSMDCFilter.java:84)
scm_1       | 2019-10-26 13:43:37,638 INFO server.Server: Started @4713ms
datanode_3  | 2019-10-26 13:43:50,559 INFO segmented.SegmentedRaftLogWorker: new 54d7d319-52a5-4199-8350-2bb3531e34a6@group-99B94DCA332B-SegmentedRaftLogWorker for RaftStorage:Storage Directory /data/metadata/ratis/e6fc0e00-4f73-44f7-9427-99b94dca332b
nm_1        | 2019-10-26 13:43:44 INFO  Server:1153 - IPC Server listener on 44387: starting
rm_1        | userLimit = 100 [= configuredUserLimit ]
om_1        | 2019-10-26 13:43:50,395 [Thread[Thread-11,5,main]] INFO       - Starting expired delegation token remover thread, tokenRemoverScanInterval=60 min(s)
jhs         | INFO: Registering org.apache.hadoop.yarn.webapp.GenericExceptionHandler as a provider class
kdc_1       | Authenticating as principal admin/admin with keytab /tmp/admin.keytab.
datanode_1  | 2019-10-26 13:43:51,650 WARN impl.MetricRegistriesImpl: First MetricRegistry has been created without registering reporters. You may need to call MetricRegistries.global().addReportRegistration(...) before.
kms_1       | 	at org.eclipse.jetty.servlet.ServletHandler$CachedChain.doFilter(ServletHandler.java:1759)
scm_1       | 2019-10-26 13:43:37,641 INFO impl.MetricsSinkAdapter: Sink prometheus started
datanode_3  | 2019-10-26 13:43:50,559 INFO server.RaftServerConfigKeys: raft.server.log.queue.byte-limit = 2147483647 (custom)
datanode_2  | 2019-10-26 13:43:51,103 INFO server.RaftServerConfigKeys: raft.server.log.statemachine.data.sync = true (default)
nm_1        | 2019-10-26 13:43:44 INFO  NMContainerTokenSecretManager:265 - Updating node address : nm:44387
rm_1        | userLimitFactor = 1.0 [= configuredUserLimitFactor ]
om_1        | 2019-10-26 13:43:50,418 INFO ipc.Server: IPC Server Responder: starting
jhs         | Oct 26, 2019 1:43:43 PM com.sun.jersey.server.impl.application.WebApplicationImpl _initiate
kdc_1       | WARNING: no policy specified for dn/rm@EXAMPLE.COM; defaulting to no policy
datanode_1  | 2019-10-26 13:43:51,652 WARN impl.MetricRegistriesImpl: First MetricRegistry has been created without registering reporters. You may need to call MetricRegistries.global().addReportRegistration(...) before.
kms_1       | 	at org.apache.hadoop.security.authentication.server.AuthenticationFilter.doFilter(AuthenticationFilter.java:644)
scm_1       | 2019-10-26 13:43:37,642 INFO impl.MetricsSystemImpl: Registered sink prometheus
datanode_3  | 2019-10-26 13:43:50,559 INFO server.RaftServerConfigKeys: raft.server.log.queue.element-limit = 1024 (custom)
datanode_2  | 2019-10-26 13:43:51,104 INFO server.RaftServerConfigKeys: raft.server.log.statemachine.data.sync.timeout = 10s (default)
nm_1        | 2019-10-26 13:43:44 INFO  CallQueueManager:84 - Using callQueue: class java.util.concurrent.LinkedBlockingQueue, queueCapacity: 500, scheduler: class org.apache.hadoop.ipc.DefaultRpcScheduler, ipcBackoff: false.
rm_1        | maxApplications = 10000 [= configuredMaximumSystemApplicationsPerQueue or (int)(configuredMaximumSystemApplications * absoluteCapacity)]
om_1        | 2019-10-26 13:43:50,418 INFO ipc.Server: IPC Server listener on 9862: starting
jhs         | INFO: Initiating Jersey application, version 'Jersey: 1.19 02/11/2015 03:25 AM'
kdc_1       | Principal "dn/rm@EXAMPLE.COM" created.
datanode_1  | 2019-10-26 13:43:51,654 INFO impl.RaftServerImpl: 2210c791-dcc0-48af-b39c-87126d849183@group-8C394787A56E: start as a follower, conf=-1: [2210c791-dcc0-48af-b39c-87126d849183:172.18.0.11:9858], old=null
kms_1       | 	at org.apache.hadoop.security.token.delegation.web.DelegationTokenAuthenticationFilter.doFilter(DelegationTokenAuthenticationFilter.java:304)
datanode_3  | 2019-10-26 13:43:50,561 INFO server.RaftServerConfigKeys: raft.server.log.segment.size.max = 1048576 (custom)
scm_1       | 2019-10-26 13:43:37,644 INFO server.BaseHttpServer: HTTP server of SCM is listening at http://0.0.0.0:9876
datanode_2  | 2019-10-26 13:43:51,104 INFO server.RaftServerConfigKeys: raft.server.log.statemachine.data.sync.timeout.retry = -1 (default)
nm_1        | 2019-10-26 13:43:44 INFO  Server:1074 - Starting Socket Reader #1 for port 8040
rm_1        | maxApplicationsPerUser = 10000 [= (int)(maxApplications * (userLimit / 100.0f) * userLimitFactor) ]
om_1        | 2019-10-26 13:43:50,449 INFO hdfs.DFSUtil: Starting web server as: HTTP/om@EXAMPLE.COM
kdc_1       | Authenticating as principal admin/admin with keytab /tmp/admin.keytab.
datanode_1  | 2019-10-26 13:43:51,655 INFO impl.RaftServerImpl: 2210c791-dcc0-48af-b39c-87126d849183@group-8C394787A56E: changes role from      null to FOLLOWER at term 0 for startAsFollower
jhs         | Oct 26, 2019 1:43:43 PM com.sun.jersey.guice.spi.container.GuiceComponentProviderFactory getComponentProvider
kms_1       | 	at org.apache.hadoop.security.authentication.server.AuthenticationFilter.doFilter(AuthenticationFilter.java:592)
datanode_3  | 2019-10-26 13:43:50,561 INFO server.RaftServerConfigKeys: raft.server.log.preallocated.size = 16384 (custom)
scm_1       | 2019-10-26 13:43:37,660 INFO util.JvmPauseMonitor: Starting JVM pause monitor
datanode_2  | 2019-10-26 13:43:51,117 INFO server.RaftServerConfigKeys: raft.server.log.statemachine.data.caching.enabled = true (custom)
rm_1        | usedCapacity = 0.0 [= usedResourcesMemory / (clusterResourceMemory * absoluteCapacity)]
om_1        | 2019-10-26 13:43:50,450 INFO hdfs.DFSUtil: Starting Web-server for ozoneManager at: http://0.0.0.0:9874
kdc_1       | Entry for principal dn/rm@EXAMPLE.COM with kvno 2, encryption type aes256-cts-hmac-sha1-96 added to keytab WRFILE:/data/dn.rm.keytab.
jhs         | INFO: Binding org.apache.hadoop.yarn.webapp.GenericExceptionHandler to GuiceManagedComponentProvider with the scope "Singleton"
kms_1       | 	at org.apache.hadoop.crypto.key.kms.server.KMSAuthenticationFilter.doFilter(KMSAuthenticationFilter.java:142)
nm_1        | 2019-10-26 13:43:44 INFO  RpcServerFactoryPBImpl:173 - Adding protocol org.apache.hadoop.yarn.server.nodemanager.api.LocalizationProtocolPB to the server
datanode_1  | 2019-10-26 13:43:51,656 INFO impl.RoleInfo: 2210c791-dcc0-48af-b39c-87126d849183: start FollowerState
datanode_3  | 2019-10-26 13:43:50,562 INFO server.RaftServerConfigKeys: raft.server.log.write.buffer.size = 33554432 (custom)
scm_1       | 2019-10-26 13:43:43,368 INFO ipc.Server: Auth successful for dn/39d1d557f45f@EXAMPLE.COM (auth:KERBEROS)
datanode_2  | 2019-10-26 13:43:51,124 INFO segmented.SegmentedRaftLogWorker: de510e76-ee1d-4d12-9d40-9a0691b369fb@group-E4FEA3ABBD93-SegmentedRaftLogWorker: flushIndex: setUnconditionally 0 -> -1
rm_1        | absoluteUsedCapacity = 0.0 [= usedResourcesMemory / clusterResourceMemory]
om_1        | 2019-10-26 13:43:50,570 INFO server.AuthenticationFilter: Unable to initialize FileSignerSecretProvider, falling back to use random secrets.
kdc_1       | Entry for principal dn/rm@EXAMPLE.COM with kvno 2, encryption type aes128-cts-hmac-sha1-96 added to keytab WRFILE:/data/dn.rm.keytab.
jhs         | Oct 26, 2019 1:43:43 PM com.sun.jersey.guice.spi.container.GuiceComponentProviderFactory getComponentProvider
kms_1       | 	at org.eclipse.jetty.servlet.ServletHandler$CachedChain.doFilter(ServletHandler.java:1751)
datanode_1  | 2019-10-26 13:43:51,662 INFO util.JmxRegister: Successfully registered JMX Bean with object name Ratis:service=RaftServer,group=group-8C394787A56E,id=2210c791-dcc0-48af-b39c-87126d849183
datanode_3  | 2019-10-26 13:43:50,562 INFO server.RaftServerConfigKeys: raft.server.log.force.sync.num = 128 (default)
scm_1       | 2019-10-26 13:43:43,589 INFO server.SCMClientProtocolServer: Processing CSR for dn 39d1d557f45f, UUID: 54d7d319-52a5-4199-8350-2bb3531e34a6
nm_1        | 2019-10-26 13:43:44 INFO  Server:1314 - IPC Server Responder: starting
datanode_2  | 2019-10-26 13:43:51,129 INFO server.RaftServerConfigKeys: raft.server.snapshot.auto.trigger.enabled = true (custom)
rm_1        | maxAMResourcePerQueuePercent = 0.1 [= configuredMaximumAMResourcePercent ]
om_1        | 2019-10-26 13:43:50,573 INFO http.HttpRequestLog: Http request log for http.requests.ozoneManager is not defined
kdc_1       | Generiting keytab
jhs         | INFO: Binding org.apache.hadoop.yarn.webapp.YarnJacksonJaxbJsonProvider to GuiceManagedComponentProvider with the scope "Singleton"
kms_1       | 	at org.apache.hadoop.http.HttpServer2$QuotingInputFilter.doFilter(HttpServer2.java:1609)
datanode_1  | 2019-10-26 13:43:51,664 WARN impl.MetricRegistriesImpl: First MetricRegistry has been created without registering reporters. You may need to call MetricRegistries.global().addReportRegistration(...) before.
datanode_3  | 2019-10-26 13:43:50,563 INFO server.RaftServerConfigKeys: raft.server.log.statemachine.data.sync = true (default)
scm_1       | 2019-10-26 13:43:44,399 INFO ipc.Server: Auth successful for dn/a82ae8753935@EXAMPLE.COM (auth:KERBEROS)
nm_1        | 2019-10-26 13:43:44 INFO  Server:1153 - IPC Server listener on 8040: starting
datanode_2  | 2019-10-26 13:43:51,130 INFO server.RaftServerConfigKeys: raft.server.snapshot.auto.trigger.threshold = 10000 (custom)
rm_1        | minimumAllocationFactor = 0.875 [= (float)(maximumAllocationMemory - minimumAllocationMemory) / maximumAllocationMemory ]
om_1        | 2019-10-26 13:43:50,580 INFO http.HttpServer2: Added global filter 'safety' (class=org.apache.hadoop.http.HttpServer2$QuotingInputFilter)
kdc_1       | Authenticating as principal admin/admin with keytab /tmp/admin.keytab.
jhs         | Oct 26, 2019 1:43:44 PM com.sun.jersey.guice.spi.container.GuiceComponentProviderFactory getComponentProvider
kms_1       | 	at org.eclipse.jetty.servlet.ServletHandler$CachedChain.doFilter(ServletHandler.java:1759)
datanode_1  | 2019-10-26 13:43:51,768 INFO impl.RaftServerProxy: 2210c791-dcc0-48af-b39c-87126d849183: addNew group-BCCB8C4F6E52:[2210c791-dcc0-48af-b39c-87126d849183:172.18.0.11:9858, 54d7d319-52a5-4199-8350-2bb3531e34a6:172.18.0.8:9858, de510e76-ee1d-4d12-9d40-9a0691b369fb:172.18.0.12:9858] returns group-BCCB8C4F6E52:java.util.concurrent.CompletableFuture@78687f6b[Not completed]
datanode_3  | 2019-10-26 13:43:50,563 INFO server.RaftServerConfigKeys: raft.server.log.statemachine.data.sync.timeout = 10s (default)
scm_1       | 2019-10-26 13:43:44,419 INFO server.SCMClientProtocolServer: Processing CSR for dn a82ae8753935, UUID: 2210c791-dcc0-48af-b39c-87126d849183
nm_1        | 2019-10-26 13:43:44 INFO  ResourceLocalizationService:392 - Localizer started on port 8040
datanode_2  | 2019-10-26 13:43:51,131 INFO server.RaftServerConfigKeys: raft.server.snapshot.retention.file.num = 5 (custom)
rm_1        | maximumAllocation = <memory:8192, vCores:4> [= configuredMaxAllocation ]
kdc_1       | WARNING: no policy specified for dn/nm@EXAMPLE.COM; defaulting to no policy
om_1        | 2019-10-26 13:43:50,583 INFO http.HttpServer2: Added filter static_user_filter (class=org.apache.hadoop.http.lib.StaticUserWebFilter$StaticUserFilter) to context ozoneManager
jhs         | INFO: Binding org.apache.hadoop.yarn.server.applicationhistoryservice.webapp.AHSWebServices to GuiceManagedComponentProvider with the scope "Singleton"
kms_1       | 	at org.apache.hadoop.http.NoCacheFilter.doFilter(NoCacheFilter.java:45)
datanode_1  | 2019-10-26 13:43:51,772 INFO impl.RaftServerImpl: 2210c791-dcc0-48af-b39c-87126d849183: new RaftServerImpl for group-BCCB8C4F6E52:[2210c791-dcc0-48af-b39c-87126d849183:172.18.0.11:9858, 54d7d319-52a5-4199-8350-2bb3531e34a6:172.18.0.8:9858, de510e76-ee1d-4d12-9d40-9a0691b369fb:172.18.0.12:9858] with ContainerStateMachine:uninitialized
datanode_3  | 2019-10-26 13:43:50,564 INFO server.RaftServerConfigKeys: raft.server.log.statemachine.data.sync.timeout.retry = -1 (default)
scm_1       | 2019-10-26 13:43:44,623 INFO ipc.Server: Auth successful for dn/faa830b647e8@EXAMPLE.COM (auth:KERBEROS)
nm_1        | 2019-10-26 13:43:44 INFO  IndexCache:47 - IndexCache created with max memory = 10485760
datanode_2  | 2019-10-26 13:43:51,132 INFO server.RaftServerConfigKeys: raft.server.retrycache.expirytime = 600000ms (custom)
rm_1        | numContainers = 0 [= currentNumContainers ]
kdc_1       | Principal "dn/nm@EXAMPLE.COM" created.
om_1        | 2019-10-26 13:43:50,583 INFO http.HttpServer2: Added filter static_user_filter (class=org.apache.hadoop.http.lib.StaticUserWebFilter$StaticUserFilter) to context logs
kms_1       | 	at org.eclipse.jetty.servlet.ServletHandler$CachedChain.doFilter(ServletHandler.java:1759)
datanode_1  | 2019-10-26 13:43:51,772 INFO server.RaftServerConfigKeys: raft.server.rpc.timeout.min = 5s (custom)
scm_1       | 2019-10-26 13:43:44,639 INFO server.SCMClientProtocolServer: Processing CSR for dn faa830b647e8, UUID: de510e76-ee1d-4d12-9d40-9a0691b369fb
datanode_3  | 2019-10-26 13:43:50,572 INFO server.RaftServerConfigKeys: raft.server.log.statemachine.data.caching.enabled = true (custom)
jhs         | Oct 26, 2019 1:43:44 PM com.sun.jersey.guice.spi.container.GuiceComponentProviderFactory getComponentProvider
nm_1        | 2019-10-26 13:43:44 INFO  ShuffleHandler:549 - mapreduce_shuffle listening on port 13562
datanode_2  | 2019-10-26 13:43:51,149 WARN impl.MetricRegistriesImpl: First MetricRegistry has been created without registering reporters. You may need to call MetricRegistries.global().addReportRegistration(...) before.
rm_1        | state = RUNNING [= configuredState ]
kdc_1       | Authenticating as principal admin/admin with keytab /tmp/admin.keytab.
om_1        | 2019-10-26 13:43:50,583 INFO http.HttpServer2: Added filter static_user_filter (class=org.apache.hadoop.http.lib.StaticUserWebFilter$StaticUserFilter) to context static
kms_1       | 	at org.eclipse.jetty.servlet.ServletHandler.doHandle(ServletHandler.java:582)
datanode_1  | 2019-10-26 13:43:51,772 INFO server.RaftServerConfigKeys: raft.server.rpc.timeout.max = 5200ms (custom)
scm_1       | 2019-10-26 13:43:45,207 INFO ipc.Server: Auth successful for om/om@EXAMPLE.COM (auth:KERBEROS)
datanode_3  | 2019-10-26 13:43:50,577 INFO segmented.SegmentedRaftLogWorker: 54d7d319-52a5-4199-8350-2bb3531e34a6@group-99B94DCA332B-SegmentedRaftLogWorker: flushIndex: setUnconditionally 0 -> -1
jhs         | INFO: Binding org.apache.hadoop.yarn.server.timeline.webapp.TimelineWebServices to GuiceManagedComponentProvider with the scope "Singleton"
nm_1        | 2019-10-26 13:43:44 INFO  ContainerManagerImpl:666 - ContainerManager started at nm/172.18.0.7:44387
datanode_2  | 2019-10-26 13:43:51,151 WARN impl.MetricRegistriesImpl: First MetricRegistry has been created without registering reporters. You may need to call MetricRegistries.global().addReportRegistration(...) before.
rm_1        | acls = ADMINISTER_QUEUE:*SUBMIT_APP:* [= configuredAcls ]
kdc_1       | Oct 26 13:43:19 kdc krb5kdc[9](info): AS_REQ (8 etypes {18 17 20 19 16 23 25 26}) 127.0.0.1: SERVER_NOT_FOUND: admin/admin@EXAMPLE.COM for kadmin/localhost@EXAMPLE.COM, Server not found in Kerberos database
om_1        | 2019-10-26 13:43:50,607 INFO http.HttpServer2: Jetty bound to port 9874
kms_1       | 	at org.eclipse.jetty.server.handler.ScopedHandler.handle(ScopedHandler.java:143)
datanode_1  | 2019-10-26 13:43:51,773 INFO server.RaftServerConfigKeys: raft.server.rpcslowness.timeout = 120s (custom)
scm_1       | 2019-10-26 13:43:46,216 INFO ipc.Server: Auth successful for om/om@EXAMPLE.COM (auth:KERBEROS)
datanode_3  | 2019-10-26 13:43:50,582 INFO server.RaftServerConfigKeys: raft.server.snapshot.auto.trigger.enabled = true (custom)
jhs         | 2019-10-26 13:43:44 INFO  ContextHandler:781 - Started o.e.j.w.WebAppContext@5eb97ced{/,file:///tmp/jetty-jhs-8188-applicationhistory-_-any-2069670365794942335.dir/webapp/,AVAILABLE}{/applicationhistory}
nm_1        | 2019-10-26 13:43:44 INFO  ContainerManagerImpl:667 - ContainerManager bound to 0.0.0.0/0.0.0.0:0
datanode_2  | 2019-10-26 13:43:51,152 INFO impl.RaftServerImpl: de510e76-ee1d-4d12-9d40-9a0691b369fb@group-E4FEA3ABBD93: start as a follower, conf=-1: [de510e76-ee1d-4d12-9d40-9a0691b369fb:172.18.0.12:9858], old=null
rm_1        | nodeLocalityDelay = 40
kdc_1       | Oct 26 13:43:19 kdc krb5kdc[9](info): AS_REQ (8 etypes {18 17 20 19 16 23 25 26}) 127.0.0.1: ISSUE: authtime 1572097399, etypes {rep=18 tkt=18 ses=18}, admin/admin@EXAMPLE.COM for kadmin/admin@EXAMPLE.COM
om_1        | 2019-10-26 13:43:50,609 INFO server.Server: jetty-9.3.25.v20180904, build timestamp: 2018-09-04T21:11:46Z, git hash: 3ce520221d0240229c862b122d2b06c12a625732
kms_1       | 	at org.eclipse.jetty.security.SecurityHandler.handle(SecurityHandler.java:548)
datanode_1  | 2019-10-26 13:43:51,773 INFO server.RaftServerConfigKeys: raft.server.sleep.deviation.threshold = 300 (default)
scm_1       | 2019-10-26 13:43:46,221 INFO server.SCMClientProtocolServer: Processing CSR for om om, UUID: 2e561cae-e0bc-4061-b3db-a8018cac0604
datanode_3  | 2019-10-26 13:43:50,583 INFO server.RaftServerConfigKeys: raft.server.snapshot.auto.trigger.threshold = 10000 (custom)
jhs         | 2019-10-26 13:43:44 INFO  AbstractConnector:278 - Started ServerConnector@27fde870{HTTP/1.1,[http/1.1]}{jhs:8188}
nm_1        | 2019-10-26 13:43:44 INFO  WebServer:99 - Instantiating NMWebApp at 0.0.0.0:8042
datanode_2  | 2019-10-26 13:43:51,153 INFO impl.RaftServerImpl: de510e76-ee1d-4d12-9d40-9a0691b369fb@group-E4FEA3ABBD93: changes role from      null to FOLLOWER at term 0 for startAsFollower
rm_1        | rackLocalityAdditionalDelay = -1
kdc_1       | Oct 26 13:43:19 kdc krb5kdc[9](info): AS_REQ (8 etypes {18 17 20 19 16 23 25 26}) 127.0.0.1: SERVER_NOT_FOUND: admin/admin@EXAMPLE.COM for kadmin/localhost@EXAMPLE.COM, Server not found in Kerberos database
om_1        | 2019-10-26 13:43:50,647 INFO handler.ContextHandler: Started o.e.j.s.ServletContextHandler@331ff3ac{/logs,file:///var/log/hadoop/,AVAILABLE}
kms_1       | 	at org.eclipse.jetty.server.session.SessionHandler.doHandle(SessionHandler.java:226)
datanode_1  | 2019-10-26 13:43:51,773 INFO server.RaftServerConfigKeys: raft.server.log.appender.install.snapshot.enabled = false (custom)
scm_1       | 2019-10-26 13:43:47,439 INFO ipc.Server: Auth successful for dn/39d1d557f45f@EXAMPLE.COM (auth:KERBEROS)
datanode_3  | 2019-10-26 13:43:50,584 INFO server.RaftServerConfigKeys: raft.server.snapshot.retention.file.num = 5 (custom)
jhs         | 2019-10-26 13:43:44 INFO  Server:419 - Started @4351ms
nm_1        | 2019-10-26 13:43:44 INFO  log:192 - Logging initialized @2943ms
datanode_2  | 2019-10-26 13:43:51,154 INFO impl.RoleInfo: de510e76-ee1d-4d12-9d40-9a0691b369fb: start FollowerState
rm_1        | labels=*,
kdc_1       | Oct 26 13:43:19 kdc krb5kdc[9](info): AS_REQ (8 etypes {18 17 20 19 16 23 25 26}) 127.0.0.1: ISSUE: authtime 1572097399, etypes {rep=18 tkt=18 ses=18}, admin/admin@EXAMPLE.COM for kadmin/admin@EXAMPLE.COM
om_1        | 2019-10-26 13:43:50,648 INFO handler.ContextHandler: Started o.e.j.s.ServletContextHandler@58324c9f{/static,jar:file:/opt/hadoop/share/ozone/lib/hadoop-ozone-ozone-manager-0.5.0-SNAPSHOT.jar!/webapps/static,AVAILABLE}
kms_1       | 	at org.eclipse.jetty.server.handler.ContextHandler.doHandle(ContextHandler.java:1180)
datanode_1  | 2019-10-26 13:43:51,773 INFO impl.RaftServerImpl: 2210c791-dcc0-48af-b39c-87126d849183@group-BCCB8C4F6E52: ConfigurationManager, init=-1: [2210c791-dcc0-48af-b39c-87126d849183:172.18.0.11:9858, 54d7d319-52a5-4199-8350-2bb3531e34a6:172.18.0.8:9858, de510e76-ee1d-4d12-9d40-9a0691b369fb:172.18.0.12:9858], old=null, confs=<EMPTY_MAP>
scm_1       | 2019-10-26 13:43:47,916 INFO ipc.Server: Auth successful for dn/a82ae8753935@EXAMPLE.COM (auth:KERBEROS)
datanode_3  | 2019-10-26 13:43:50,584 INFO server.RaftServerConfigKeys: raft.server.retrycache.expirytime = 600000ms (custom)
nm_1        | 2019-10-26 13:43:44 INFO  AuthenticationFilter:240 - Unable to initialize FileSignerSecretProvider, falling back to use random secrets.
jhs         | 2019-10-26 13:43:44 INFO  ApplicationHistoryServer:318 - Instantiating AHSWebApp at 8188
datanode_2  | 2019-10-26 13:43:51,160 INFO util.JmxRegister: Successfully registered JMX Bean with object name Ratis:service=RaftServer,group=group-E4FEA3ABBD93,id=de510e76-ee1d-4d12-9d40-9a0691b369fb
rm_1        | reservationsContinueLooking = true
kdc_1       | Oct 26 13:43:19 kdc krb5kdc[9](info): AS_REQ (8 etypes {18 17 20 19 16 23 25 26}) 127.0.0.1: SERVER_NOT_FOUND: admin/admin@EXAMPLE.COM for kadmin/localhost@EXAMPLE.COM, Server not found in Kerberos database
om_1        | 2019-10-26 13:43:50,731 INFO server.KerberosAuthenticationHandler: Using keytab /etc/security/keytabs/HTTP.keytab, for principal HTTP/om@EXAMPLE.COM
