datanode_3  | 2019-11-15 18:23:15,134 INFO server.RaftServerConfigKeys: raft.server.log.appender.install.snapshot.enabled = false (custom)
om_1        | 2019-11-15 18:23:11,171 INFO db.DBStoreBuilder: using custom profile for table: bucketTable
scm_1       | 2019-11-15 18:23:06,113 INFO ipc.Server: IPC Server listener on 9860: starting
kdc_1       | Nov 15 18:22:53 kdc krb5kdc[9](info): AS_REQ (8 etypes {18 17 20 19 16 23 25 26}) 127.0.0.1: ISSUE: authtime 1573842173, etypes {rep=18 tkt=18 ses=18}, admin/admin@EXAMPLE.COM for kadmin/admin@EXAMPLE.COM
datanode_2  | 2019-11-15 18:23:15,140 INFO server.RaftServerConfigKeys: raft.server.storage.dir = [/data/metadata/ratis] (custom)
datanode_1  | 2019-11-15 18:23:15,155 INFO server.RaftServerConfigKeys: raft.server.rpc.timeout.max = 5200ms (custom)
datanode_3  | 2019-11-15 18:23:15,143 INFO impl.RaftServerImpl: 38c10039-88c6-4f90-9cc2-027647768598@group-3D56E0405A9A: ConfigurationManager, init=-1: [38c10039-88c6-4f90-9cc2-027647768598:172.19.0.8:9858], old=null, confs=<EMPTY_MAP>
om_1        | 2019-11-15 18:23:11,171 INFO db.DBStoreBuilder: Using default column profile:DBProfile.DISK for Table:bucketTable
scm_1       | 2019-11-15 18:23:06,116 INFO server.StorageContainerManager: ScmBlockLocationProtocol RPC server is listening at /0.0.0.0:9863
kdc_1       | Nov 15 18:22:53 kdc krb5kdc[9](info): AS_REQ (8 etypes {18 17 20 19 16 23 25 26}) 127.0.0.1: SERVER_NOT_FOUND: admin/admin@EXAMPLE.COM for kadmin/localhost@EXAMPLE.COM, Server not found in Kerberos database
datanode_2  | 2019-11-15 18:23:15,147 INFO server.RaftServerConfigKeys: raft.server.log.corruption.policy = EXCEPTION (default)
datanode_1  | 2019-11-15 18:23:15,155 INFO server.RaftServerConfigKeys: raft.server.rpcslowness.timeout = 120s (custom)
datanode_3  | 2019-11-15 18:23:15,143 INFO server.RaftServerConfigKeys: raft.server.storage.dir = [/data/metadata/ratis] (custom)
om_1        | 2019-11-15 18:23:11,171 INFO db.DBStoreBuilder: using custom profile for table: keyTable
scm_1       | 2019-11-15 18:23:06,117 INFO server.SCMBlockProtocolServer: RPC server for Block Protocol is listening at /0.0.0.0:9863
kdc_1       | Nov 15 18:22:53 kdc krb5kdc[9](info): AS_REQ (8 etypes {18 17 20 19 16 23 25 26}) 127.0.0.1: ISSUE: authtime 1573842173, etypes {rep=18 tkt=18 ses=18}, admin/admin@EXAMPLE.COM for kadmin/admin@EXAMPLE.COM
datanode_2  | 2019-11-15 18:23:15,149 INFO storage.RaftStorageDirectory: The storage directory /data/metadata/ratis/8d953c84-f844-4070-96a1-6736ce7ccae8 does not exist. Creating ...
datanode_1  | 2019-11-15 18:23:15,156 INFO server.RaftServerConfigKeys: raft.server.sleep.deviation.threshold = 300 (default)
datanode_3  | 2019-11-15 18:23:15,149 INFO server.RaftServerConfigKeys: raft.server.log.corruption.policy = EXCEPTION (default)
om_1        | 2019-11-15 18:23:11,171 INFO db.DBStoreBuilder: Using default column profile:DBProfile.DISK for Table:keyTable
scm_1       | 2019-11-15 18:23:06,117 INFO ipc.Server: IPC Server Responder: starting
kdc_1       | Nov 15 18:22:53 kdc kadmind[15](Notice): Request: kadm5_init, admin/admin@EXAMPLE.COM, success, client=admin/admin@EXAMPLE.COM, service=kadmin/admin@EXAMPLE.COM, addr=127.0.0.1, vers=4, flavor=6
datanode_2  | 2019-11-15 18:23:15,170 INFO storage.RaftStorageDirectory: Lock on /data/metadata/ratis/8d953c84-f844-4070-96a1-6736ce7ccae8/in_use.lock acquired by nodename 7@9d23e6ab74cf
datanode_1  | 2019-11-15 18:23:15,156 INFO server.RaftServerConfigKeys: raft.server.log.appender.install.snapshot.enabled = false (custom)
datanode_3  | 2019-11-15 18:23:15,150 INFO storage.RaftStorageDirectory: The storage directory /data/metadata/ratis/ae6cdb6d-5f34-4810-93fb-3d56e0405a9a does not exist. Creating ...
om_1        | 2019-11-15 18:23:11,171 INFO db.DBStoreBuilder: using custom profile for table: deletedTable
kdc_1       | Nov 15 18:22:53 kdc kadmind[15](Notice): Request: kadm5_get_policy, default, Policy does not exist, client=admin/admin@EXAMPLE.COM, service=kadmin/admin@EXAMPLE.COM, addr=127.0.0.1
scm_1       | 2019-11-15 18:23:06,117 INFO ipc.Server: IPC Server listener on 9863: starting
datanode_2  | 2019-11-15 18:23:15,194 INFO storage.RaftStorage: Storage directory /data/metadata/ratis/8d953c84-f844-4070-96a1-6736ce7ccae8 has been successfully formatted.
datanode_1  | 2019-11-15 18:23:15,163 INFO impl.RaftServerImpl: 8ec0060d-232a-4cac-8827-32ef7e30f553@group-5355967C72B7: ConfigurationManager, init=-1: [8ec0060d-232a-4cac-8827-32ef7e30f553:172.19.0.6:9858], old=null, confs=<EMPTY_MAP>
datanode_3  | 2019-11-15 18:23:15,170 INFO storage.RaftStorageDirectory: Lock on /data/metadata/ratis/ae6cdb6d-5f34-4810-93fb-3d56e0405a9a/in_use.lock acquired by nodename 7@a24d48343eb1
om_1        | 2019-11-15 18:23:11,171 INFO db.DBStoreBuilder: Using default column profile:DBProfile.DISK for Table:deletedTable
kdc_1       | Nov 15 18:22:53 kdc kadmind[15](Notice): Request: kadm5_create_principal, om/s3g@EXAMPLE.COM, success, client=admin/admin@EXAMPLE.COM, service=kadmin/admin@EXAMPLE.COM, addr=127.0.0.1
scm_1       | 2019-11-15 18:23:06,119 INFO server.StorageContainerManager: ScmDatanodeProtocl RPC server is listening at /0.0.0.0:9861
datanode_2  | 2019-11-15 18:23:15,197 INFO ratis.ContainerStateMachine: group-6736CE7CCAE8: The snapshot info is null. Setting the last applied indexto:(t:0, i:~)
datanode_1  | 2019-11-15 18:23:15,163 INFO server.RaftServerConfigKeys: raft.server.storage.dir = [/data/metadata/ratis] (custom)
datanode_3  | 2019-11-15 18:23:15,194 INFO storage.RaftStorage: Storage directory /data/metadata/ratis/ae6cdb6d-5f34-4810-93fb-3d56e0405a9a has been successfully formatted.
om_1        | 2019-11-15 18:23:11,171 INFO db.DBStoreBuilder: using custom profile for table: openKeyTable
kdc_1       | Nov 15 18:22:53 kdc kadmind[15](info): closing down fd 18
datanode_2  | 2019-11-15 18:23:15,197 INFO server.RaftServerConfigKeys: raft.server.notification.no-leader.timeout = 120s (custom)
datanode_1  | 2019-11-15 18:23:15,167 INFO server.RaftServerConfigKeys: raft.server.log.corruption.policy = EXCEPTION (default)
scm_1       | 2019-11-15 18:23:06,119 INFO server.SCMDatanodeProtocolServer: RPC server for DataNodes is listening at /0.0.0.0:9861
datanode_3  | 2019-11-15 18:23:15,198 INFO ratis.ContainerStateMachine: group-3D56E0405A9A: The snapshot info is null. Setting the last applied indexto:(t:0, i:~)
om_1        | 2019-11-15 18:23:11,171 INFO db.DBStoreBuilder: Using default column profile:DBProfile.DISK for Table:openKeyTable
kdc_1       | Nov 15 18:22:53 kdc kadmind[15](Notice): Request: kadm5_init, admin/admin@EXAMPLE.COM, success, client=admin/admin@EXAMPLE.COM, service=kadmin/admin@EXAMPLE.COM, addr=127.0.0.1, vers=4, flavor=6
datanode_2  | 2019-11-15 18:23:15,199 INFO server.RaftServerConfigKeys: raft.server.log.use.memory = false (default)
datanode_1  | 2019-11-15 18:23:15,169 INFO storage.RaftStorageDirectory: The storage directory /data/metadata/ratis/29beced6-d716-4e1a-a558-5355967c72b7 does not exist. Creating ...
om_1        | 2019-11-15 18:23:11,172 INFO db.DBStoreBuilder: using custom profile for table: s3Table
kdc_1       | Nov 15 18:22:53 kdc kadmind[15](Notice): Request: kadm5_randkey_principal, om/s3g@EXAMPLE.COM, success, client=admin/admin@EXAMPLE.COM, service=kadmin/admin@EXAMPLE.COM, addr=127.0.0.1
scm_1       | 2019-11-15 18:23:06,120 INFO ipc.Server: IPC Server Responder: starting
datanode_2  | 2019-11-15 18:23:15,203 INFO server.RaftServerConfigKeys: raft.server.log.purge.gap = 1000000 (custom)
datanode_1  | 2019-11-15 18:23:15,194 INFO storage.RaftStorageDirectory: Lock on /data/metadata/ratis/29beced6-d716-4e1a-a558-5355967c72b7/in_use.lock acquired by nodename 7@9aae5fda7739
kdc_1       | Nov 15 18:22:53 kdc kadmind[15](Notice): Request: kadm5_get_principal, om/s3g@EXAMPLE.COM, success, client=admin/admin@EXAMPLE.COM, service=kadmin/admin@EXAMPLE.COM, addr=127.0.0.1
om_1        | 2019-11-15 18:23:11,172 INFO db.DBStoreBuilder: Using default column profile:DBProfile.DISK for Table:s3Table
datanode_3  | 2019-11-15 18:23:15,198 INFO server.RaftServerConfigKeys: raft.server.notification.no-leader.timeout = 120s (custom)
scm_1       | 2019-11-15 18:23:06,120 INFO ipc.Server: IPC Server listener on 9861: starting
datanode_2  | 2019-11-15 18:23:15,204 INFO server.RaftServerConfigKeys: raft.server.log.appender.buffer.byte-limit = 33554432 (custom)
datanode_1  | 2019-11-15 18:23:15,237 INFO storage.RaftStorage: Storage directory /data/metadata/ratis/29beced6-d716-4e1a-a558-5355967c72b7 has been successfully formatted.
kdc_1       | Nov 15 18:22:53 kdc kadmind[15](info): closing down fd 18
om_1        | 2019-11-15 18:23:11,172 INFO db.DBStoreBuilder: using custom profile for table: multipartInfoTable
datanode_3  | 2019-11-15 18:23:15,202 INFO server.RaftServerConfigKeys: raft.server.log.use.memory = false (default)
scm_1       | 2019-11-15 18:23:06,122 INFO server.SCMClientProtocolServer: Starting RPC server for SCMSecurityProtocolServer. is listening at /0.0.0.0:9961
datanode_2  | 2019-11-15 18:23:15,205 INFO server.RaftServerConfigKeys: raft.server.log.segment.size.max = 1048576 (custom)
datanode_1  | 2019-11-15 18:23:15,240 INFO ratis.ContainerStateMachine: group-5355967C72B7: The snapshot info is null. Setting the last applied indexto:(t:0, i:~)
kdc_1       | Nov 15 18:22:53 kdc kadmind[15](Notice): Request: kadm5_init, admin/admin@EXAMPLE.COM, success, client=admin/admin@EXAMPLE.COM, service=kadmin/admin@EXAMPLE.COM, addr=127.0.0.1, vers=4, flavor=6
om_1        | 2019-11-15 18:23:11,172 INFO db.DBStoreBuilder: Using default column profile:DBProfile.DISK for Table:multipartInfoTable
datanode_3  | 2019-11-15 18:23:15,208 INFO server.RaftServerConfigKeys: raft.server.log.purge.gap = 1000000 (custom)
scm_1       | 2019-11-15 18:23:06,123 INFO ipc.Server: IPC Server Responder: starting
datanode_2  | 2019-11-15 18:23:15,213 INFO metrics.MetricRegistries: Loaded MetricRegistries class org.apache.ratis.metrics.impl.MetricRegistriesImpl
datanode_1  | 2019-11-15 18:23:15,241 INFO server.RaftServerConfigKeys: raft.server.notification.no-leader.timeout = 120s (custom)
om_1        | 2019-11-15 18:23:11,172 INFO db.DBStoreBuilder: using custom profile for table: dTokenTable
datanode_3  | 2019-11-15 18:23:15,208 INFO server.RaftServerConfigKeys: raft.server.log.appender.buffer.byte-limit = 33554432 (custom)
datanode_2  | 2019-11-15 18:23:15,218 WARN impl.MetricRegistriesImpl: First MetricRegistry has been created without registering reporters. You may need to call MetricRegistries.global().addReportRegistration(...) before.
scm_1       | 2019-11-15 18:23:06,123 INFO ipc.Server: IPC Server listener on 9961: starting
kdc_1       | Nov 15 18:22:53 kdc kadmind[15](Notice): Request: kadm5_get_policy, default, Policy does not exist, client=admin/admin@EXAMPLE.COM, service=kadmin/admin@EXAMPLE.COM, addr=127.0.0.1
datanode_1  | 2019-11-15 18:23:15,243 INFO server.RaftServerConfigKeys: raft.server.log.use.memory = false (default)
om_1        | 2019-11-15 18:23:11,172 INFO db.DBStoreBuilder: Using default column profile:DBProfile.DISK for Table:dTokenTable
datanode_3  | 2019-11-15 18:23:15,210 INFO server.RaftServerConfigKeys: raft.server.log.segment.size.max = 1048576 (custom)
datanode_2  | 2019-11-15 18:23:15,225 INFO server.RaftServerConfigKeys: raft.server.log.segment.cache.num.max = 2 (custom)
scm_1       | 2019-11-15 18:23:06,127 INFO http.HttpServer2: Jetty bound to port 9876
kdc_1       | Nov 15 18:22:53 kdc kadmind[15](Notice): Request: kadm5_create_principal, scm/om@EXAMPLE.COM, success, client=admin/admin@EXAMPLE.COM, service=kadmin/admin@EXAMPLE.COM, addr=127.0.0.1
datanode_1  | 2019-11-15 18:23:15,247 INFO server.RaftServerConfigKeys: raft.server.log.purge.gap = 1000000 (custom)
om_1        | 2019-11-15 18:23:11,173 INFO db.DBStoreBuilder: using custom profile for table: s3SecretTable
datanode_3  | 2019-11-15 18:23:15,218 INFO metrics.MetricRegistries: Loaded MetricRegistries class org.apache.ratis.metrics.impl.MetricRegistriesImpl
datanode_2  | 2019-11-15 18:23:15,231 INFO segmented.SegmentedRaftLogWorker: new 3c694a39-de0e-44a1-b9da-46351736ea64@group-6736CE7CCAE8-SegmentedRaftLogWorker for RaftStorage:Storage Directory /data/metadata/ratis/8d953c84-f844-4070-96a1-6736ce7ccae8
kdc_1       | Nov 15 18:22:53 kdc kadmind[15](info): closing down fd 18
scm_1       | 2019-11-15 18:23:06,128 INFO server.Server: jetty-9.3.25.v20180904, build timestamp: 2018-09-04T21:11:46Z, git hash: 3ce520221d0240229c862b122d2b06c12a625732
datanode_1  | 2019-11-15 18:23:15,247 INFO server.RaftServerConfigKeys: raft.server.log.appender.buffer.byte-limit = 33554432 (custom)
om_1        | 2019-11-15 18:23:11,173 INFO db.DBStoreBuilder: Using default column profile:DBProfile.DISK for Table:s3SecretTable
datanode_3  | 2019-11-15 18:23:15,222 WARN impl.MetricRegistriesImpl: First MetricRegistry has been created without registering reporters. You may need to call MetricRegistries.global().addReportRegistration(...) before.
datanode_2  | 2019-11-15 18:23:15,232 INFO server.RaftServerConfigKeys: raft.server.log.queue.byte-limit = 2147483647 (custom)
kdc_1       | Nov 15 18:22:53 kdc kadmind[15](Notice): Request: kadm5_init, admin/admin@EXAMPLE.COM, success, client=admin/admin@EXAMPLE.COM, service=kadmin/admin@EXAMPLE.COM, addr=127.0.0.1, vers=4, flavor=6
scm_1       | 2019-11-15 18:23:06,189 INFO server.AuthenticationFilter: Unable to initialize FileSignerSecretProvider, falling back to use random secrets.
datanode_1  | 2019-11-15 18:23:15,249 INFO server.RaftServerConfigKeys: raft.server.log.segment.size.max = 1048576 (custom)
om_1        | 2019-11-15 18:23:11,173 INFO db.DBStoreBuilder: using custom profile for table: prefixTable
datanode_3  | 2019-11-15 18:23:15,227 INFO server.RaftServerConfigKeys: raft.server.log.segment.cache.num.max = 2 (custom)
datanode_2  | 2019-11-15 18:23:15,232 INFO server.RaftServerConfigKeys: raft.server.log.queue.element-limit = 1024 (custom)
kdc_1       | Nov 15 18:22:53 kdc kadmind[15](Notice): Request: kadm5_randkey_principal, scm/om@EXAMPLE.COM, success, client=admin/admin@EXAMPLE.COM, service=kadmin/admin@EXAMPLE.COM, addr=127.0.0.1
scm_1       | 2019-11-15 18:23:06,191 INFO server.KerberosAuthenticationHandler: Using keytab /etc/security/keytabs/HTTP.keytab, for principal HTTP/scm@EXAMPLE.COM
datanode_1  | 2019-11-15 18:23:15,258 INFO metrics.MetricRegistries: Loaded MetricRegistries class org.apache.ratis.metrics.impl.MetricRegistriesImpl
om_1        | 2019-11-15 18:23:11,173 INFO db.DBStoreBuilder: Using default column profile:DBProfile.DISK for Table:prefixTable
datanode_2  | 2019-11-15 18:23:15,234 INFO server.RaftServerConfigKeys: raft.server.log.segment.size.max = 1048576 (custom)
datanode_3  | 2019-11-15 18:23:15,231 INFO segmented.SegmentedRaftLogWorker: new 38c10039-88c6-4f90-9cc2-027647768598@group-3D56E0405A9A-SegmentedRaftLogWorker for RaftStorage:Storage Directory /data/metadata/ratis/ae6cdb6d-5f34-4810-93fb-3d56e0405a9a
kdc_1       | Nov 15 18:22:53 kdc kadmind[15](Notice): Request: kadm5_get_principal, scm/om@EXAMPLE.COM, success, client=admin/admin@EXAMPLE.COM, service=kadmin/admin@EXAMPLE.COM, addr=127.0.0.1
scm_1       | 2019-11-15 18:23:06,198 INFO handler.ContextHandler: Started o.e.j.s.ServletContextHandler@4086d8fb{/logs,file:///var/log/hadoop/,AVAILABLE}
datanode_1  | 2019-11-15 18:23:15,263 WARN impl.MetricRegistriesImpl: First MetricRegistry has been created without registering reporters. You may need to call MetricRegistries.global().addReportRegistration(...) before.
om_1        | 2019-11-15 18:23:11,186 INFO db.DBStoreBuilder: using custom profile for table: default
datanode_2  | 2019-11-15 18:23:15,234 INFO server.RaftServerConfigKeys: raft.server.log.preallocated.size = 16384 (custom)
datanode_3  | 2019-11-15 18:23:15,232 INFO server.RaftServerConfigKeys: raft.server.log.queue.byte-limit = 2147483647 (custom)
scm_1       | 2019-11-15 18:23:06,198 INFO handler.ContextHandler: Started o.e.j.s.ServletContextHandler@633fd91{/static,jar:file:/opt/hadoop/share/ozone/lib/hadoop-hdds-server-scm-0.5.0-SNAPSHOT.jar!/webapps/static,AVAILABLE}
kdc_1       | Nov 15 18:22:53 kdc kadmind[15](info): closing down fd 18
om_1        | 2019-11-15 18:23:11,187 INFO db.DBStoreBuilder: Using default column profile:DBProfile.DISK for Table:default
datanode_2  | 2019-11-15 18:23:15,235 INFO server.RaftServerConfigKeys: raft.server.log.write.buffer.size = 33554432 (custom)
datanode_3  | 2019-11-15 18:23:15,232 INFO server.RaftServerConfigKeys: raft.server.log.queue.element-limit = 1024 (custom)
datanode_1  | 2019-11-15 18:23:15,268 INFO server.RaftServerConfigKeys: raft.server.log.segment.cache.num.max = 2 (custom)
scm_1       | 2019-11-15 18:23:06,285 INFO server.KerberosAuthenticationHandler: Using keytab /etc/security/keytabs/HTTP.keytab, for principal HTTP/scm@EXAMPLE.COM
kdc_1       | Nov 15 18:22:53 kdc kadmind[15](Notice): Request: kadm5_init, admin/admin@EXAMPLE.COM, success, client=admin/admin@EXAMPLE.COM, service=kadmin/admin@EXAMPLE.COM, addr=127.0.0.1, vers=4, flavor=6
om_1        | 2019-11-15 18:23:11,188 INFO db.DBStoreBuilder: Using default options. DBProfile.DISK
datanode_2  | 2019-11-15 18:23:15,235 INFO server.RaftServerConfigKeys: raft.server.log.force.sync.num = 128 (default)
datanode_1  | 2019-11-15 18:23:15,273 INFO segmented.SegmentedRaftLogWorker: new 8ec0060d-232a-4cac-8827-32ef7e30f553@group-5355967C72B7-SegmentedRaftLogWorker for RaftStorage:Storage Directory /data/metadata/ratis/29beced6-d716-4e1a-a558-5355967c72b7
datanode_3  | 2019-11-15 18:23:15,233 INFO server.RaftServerConfigKeys: raft.server.log.segment.size.max = 1048576 (custom)
scm_1       | 2019-11-15 18:23:06,290 INFO handler.ContextHandler: Started o.e.j.w.WebAppContext@2921a36a{/,file:///tmp/jetty-0.0.0.0-9876-scm-_-any-2065187117624521659.dir/webapp/,AVAILABLE}{/scm}
kdc_1       | Nov 15 18:22:53 kdc kadmind[15](Notice): Request: kadm5_get_policy, default, Policy does not exist, client=admin/admin@EXAMPLE.COM, service=kadmin/admin@EXAMPLE.COM, addr=127.0.0.1
om_1        | 2019-11-15 18:23:12,086 INFO Configuration.deprecation: No unit for ozone.manager.delegation.remover.scan.interval(3600000) assuming MILLISECONDS
datanode_2  | 2019-11-15 18:23:15,236 INFO server.RaftServerConfigKeys: raft.server.log.statemachine.data.sync = true (default)
datanode_1  | 2019-11-15 18:23:15,273 INFO server.RaftServerConfigKeys: raft.server.log.queue.byte-limit = 2147483647 (custom)
datanode_3  | 2019-11-15 18:23:15,233 INFO server.RaftServerConfigKeys: raft.server.log.preallocated.size = 16384 (custom)
kdc_1       | Nov 15 18:22:53 kdc kadmind[15](Notice): Request: kadm5_create_principal, scm/scm@EXAMPLE.COM, success, client=admin/admin@EXAMPLE.COM, service=kadmin/admin@EXAMPLE.COM, addr=127.0.0.1
scm_1       | 2019-11-15 18:23:06,298 INFO server.AbstractConnector: Started ServerConnector@588545ac{HTTP/1.1,[http/1.1]}{0.0.0.0:9876}
om_1        | 2019-11-15 18:23:12,089 INFO security.OzoneSecretStore: Loaded 0 tokens
datanode_2  | 2019-11-15 18:23:15,236 INFO server.RaftServerConfigKeys: raft.server.log.statemachine.data.sync.timeout = 10s (default)
datanode_1  | 2019-11-15 18:23:15,274 INFO server.RaftServerConfigKeys: raft.server.log.queue.element-limit = 1024 (custom)
datanode_3  | 2019-11-15 18:23:15,234 INFO server.RaftServerConfigKeys: raft.server.log.write.buffer.size = 33554432 (custom)
scm_1       | 2019-11-15 18:23:06,298 INFO server.Server: Started @5103ms
om_1        | 2019-11-15 18:23:12,089 INFO security.OzoneDelegationTokenSecretManager: Loading token state into token manager.
datanode_2  | 2019-11-15 18:23:15,237 INFO server.RaftServerConfigKeys: raft.server.log.statemachine.data.sync.timeout.retry = -1 (default)
datanode_1  | 2019-11-15 18:23:15,275 INFO server.RaftServerConfigKeys: raft.server.log.segment.size.max = 1048576 (custom)
datanode_3  | 2019-11-15 18:23:15,234 INFO server.RaftServerConfigKeys: raft.server.log.force.sync.num = 128 (default)
scm_1       | 2019-11-15 18:23:06,301 INFO impl.MetricsSinkAdapter: Sink prometheus started
kdc_1       | Nov 15 18:22:53 kdc kadmind[15](info): closing down fd 18
om_1        | 2019-11-15 18:23:12,130 INFO ipc.CallQueueManager: Using callQueue: class java.util.concurrent.LinkedBlockingQueue, queueCapacity: 2000, scheduler: class org.apache.hadoop.ipc.DefaultRpcScheduler, ipcBackoff: false.
datanode_2  | 2019-11-15 18:23:15,247 INFO server.RaftServerConfigKeys: raft.server.log.statemachine.data.caching.enabled = true (custom)
datanode_3  | 2019-11-15 18:23:15,235 INFO server.RaftServerConfigKeys: raft.server.log.statemachine.data.sync = true (default)
datanode_1  | 2019-11-15 18:23:15,275 INFO server.RaftServerConfigKeys: raft.server.log.preallocated.size = 16384 (custom)
scm_1       | 2019-11-15 18:23:06,301 INFO impl.MetricsSystemImpl: Registered sink prometheus
kdc_1       | Nov 15 18:22:53 kdc kadmind[15](Notice): Request: kadm5_init, admin/admin@EXAMPLE.COM, success, client=admin/admin@EXAMPLE.COM, service=kadmin/admin@EXAMPLE.COM, addr=127.0.0.1, vers=4, flavor=6
om_1        | 2019-11-15 18:23:12,137 INFO ipc.Server: Starting Socket Reader #1 for port 9862
datanode_2  | 2019-11-15 18:23:15,252 INFO segmented.SegmentedRaftLogWorker: 3c694a39-de0e-44a1-b9da-46351736ea64@group-6736CE7CCAE8-SegmentedRaftLogWorker: flushIndex: setUnconditionally 0 -> -1
datanode_3  | 2019-11-15 18:23:15,235 INFO server.RaftServerConfigKeys: raft.server.log.statemachine.data.sync.timeout = 10s (default)
datanode_1  | 2019-11-15 18:23:15,275 INFO server.RaftServerConfigKeys: raft.server.log.write.buffer.size = 33554432 (custom)
scm_1       | 2019-11-15 18:23:06,304 INFO server.BaseHttpServer: HTTP server of SCM is listening at http://0.0.0.0:9876
kdc_1       | Nov 15 18:22:53 kdc kadmind[15](Notice): Request: kadm5_randkey_principal, scm/scm@EXAMPLE.COM, success, client=admin/admin@EXAMPLE.COM, service=kadmin/admin@EXAMPLE.COM, addr=127.0.0.1
om_1        | 2019-11-15 18:23:12,202 INFO om.OzoneManager: OzoneManager RPC server is listening at om/172.19.0.2:9862
datanode_2  | 2019-11-15 18:23:15,256 INFO server.RaftServerConfigKeys: raft.server.snapshot.auto.trigger.enabled = true (custom)
datanode_3  | 2019-11-15 18:23:15,235 INFO server.RaftServerConfigKeys: raft.server.log.statemachine.data.sync.timeout.retry = -1 (default)
datanode_1  | 2019-11-15 18:23:15,276 INFO server.RaftServerConfigKeys: raft.server.log.force.sync.num = 128 (default)
scm_1       | 2019-11-15 18:23:06,314 INFO util.JvmPauseMonitor: Starting JVM pause monitor
kdc_1       | Nov 15 18:22:53 kdc kadmind[15](Notice): Request: kadm5_get_principal, scm/scm@EXAMPLE.COM, success, client=admin/admin@EXAMPLE.COM, service=kadmin/admin@EXAMPLE.COM, addr=127.0.0.1
om_1        | 2019-11-15 18:23:12,271 INFO impl.MetricsConfig: Loaded properties from hadoop-metrics2.properties
datanode_2  | 2019-11-15 18:23:15,257 INFO server.RaftServerConfigKeys: raft.server.snapshot.auto.trigger.threshold = 10000 (custom)
datanode_3  | 2019-11-15 18:23:15,243 INFO server.RaftServerConfigKeys: raft.server.log.statemachine.data.caching.enabled = true (custom)
datanode_1  | 2019-11-15 18:23:15,277 INFO server.RaftServerConfigKeys: raft.server.log.statemachine.data.sync = true (default)
scm_1       | 2019-11-15 18:23:06,335 INFO ipc.Server: Auth successful for dn/9d23e6ab74cf@EXAMPLE.COM (auth:KERBEROS)
om_1        | 2019-11-15 18:23:12,306 INFO impl.MetricsSystemImpl: Scheduled Metric snapshot period at 10 second(s).
kdc_1       | Nov 15 18:22:53 kdc kadmind[15](info): closing down fd 18
datanode_2  | 2019-11-15 18:23:15,257 INFO server.RaftServerConfigKeys: raft.server.snapshot.retention.file.num = 5 (custom)
datanode_1  | 2019-11-15 18:23:15,277 INFO server.RaftServerConfigKeys: raft.server.log.statemachine.data.sync.timeout = 10s (default)
datanode_3  | 2019-11-15 18:23:15,247 INFO segmented.SegmentedRaftLogWorker: 38c10039-88c6-4f90-9cc2-027647768598@group-3D56E0405A9A-SegmentedRaftLogWorker: flushIndex: setUnconditionally 0 -> -1
scm_1       | 2019-11-15 18:23:06,337 INFO ipc.Server: Auth successful for dn/a24d48343eb1@EXAMPLE.COM (auth:KERBEROS)
om_1        | 2019-11-15 18:23:12,307 INFO impl.MetricsSystemImpl: OzoneManager metrics system started
kdc_1       | Nov 15 18:22:53 kdc kadmind[15](Notice): Request: kadm5_init, admin/admin@EXAMPLE.COM, success, client=admin/admin@EXAMPLE.COM, service=kadmin/admin@EXAMPLE.COM, addr=127.0.0.1, vers=4, flavor=6
datanode_2  | 2019-11-15 18:23:15,258 INFO server.RaftServerConfigKeys: raft.server.retrycache.expirytime = 600000ms (custom)
datanode_1  | 2019-11-15 18:23:15,277 INFO server.RaftServerConfigKeys: raft.server.log.statemachine.data.sync.timeout.retry = -1 (default)
datanode_3  | 2019-11-15 18:23:15,250 INFO server.RaftServerConfigKeys: raft.server.snapshot.auto.trigger.enabled = true (custom)
scm_1       | 2019-11-15 18:23:06,340 INFO ipc.Server: Auth successful for dn/9aae5fda7739@EXAMPLE.COM (auth:KERBEROS)
om_1        | 2019-11-15 18:23:12,329 INFO om.OzoneManager: Reading keypair and certificate from file system.
kdc_1       | Nov 15 18:22:53 kdc kadmind[15](Notice): Request: kadm5_get_policy, default, Policy does not exist, client=admin/admin@EXAMPLE.COM, service=kadmin/admin@EXAMPLE.COM, addr=127.0.0.1
datanode_2  | 2019-11-15 18:23:15,273 WARN impl.MetricRegistriesImpl: First MetricRegistry has been created without registering reporters. You may need to call MetricRegistries.global().addReportRegistration(...) before.
datanode_1  | 2019-11-15 18:23:15,285 INFO server.RaftServerConfigKeys: raft.server.log.statemachine.data.caching.enabled = true (custom)
datanode_3  | 2019-11-15 18:23:15,251 INFO server.RaftServerConfigKeys: raft.server.snapshot.auto.trigger.threshold = 10000 (custom)
scm_1       | 2019-11-15 18:23:06,353 INFO authorize.ServiceAuthorizationManager: Authorization successful for dn/9d23e6ab74cf@EXAMPLE.COM (auth:KERBEROS) for protocol=interface org.apache.hadoop.hdds.protocol.SCMSecurityProtocol
om_1        | 2019-11-15 18:23:12,340 INFO om.OzoneManager: Starting OM block token secret manager
kdc_1       | Nov 15 18:22:53 kdc kadmind[15](Notice): Request: kadm5_create_principal, scm/s3g@EXAMPLE.COM, success, client=admin/admin@EXAMPLE.COM, service=kadmin/admin@EXAMPLE.COM, addr=127.0.0.1
datanode_2  | 2019-11-15 18:23:15,275 WARN impl.MetricRegistriesImpl: First MetricRegistry has been created without registering reporters. You may need to call MetricRegistries.global().addReportRegistration(...) before.
datanode_1  | 2019-11-15 18:23:15,289 INFO segmented.SegmentedRaftLogWorker: 8ec0060d-232a-4cac-8827-32ef7e30f553@group-5355967C72B7-SegmentedRaftLogWorker: flushIndex: setUnconditionally 0 -> -1
datanode_3  | 2019-11-15 18:23:15,251 INFO server.RaftServerConfigKeys: raft.server.snapshot.retention.file.num = 5 (custom)
scm_1       | 2019-11-15 18:23:06,355 INFO authorize.ServiceAuthorizationManager: Authorization successful for dn/a24d48343eb1@EXAMPLE.COM (auth:KERBEROS) for protocol=interface org.apache.hadoop.hdds.protocol.SCMSecurityProtocol
om_1        | 2019-11-15 18:23:12,340 INFO security.OzoneBlockTokenSecretManager: Updating the current master key for generating tokens
kdc_1       | Nov 15 18:22:53 kdc kadmind[15](info): closing down fd 18
datanode_2  | 2019-11-15 18:23:15,277 INFO impl.RaftServerImpl: 3c694a39-de0e-44a1-b9da-46351736ea64@group-6736CE7CCAE8: start as a follower, conf=-1: [3c694a39-de0e-44a1-b9da-46351736ea64:172.19.0.10:9858], old=null
datanode_1  | 2019-11-15 18:23:15,294 INFO server.RaftServerConfigKeys: raft.server.snapshot.auto.trigger.enabled = true (custom)
datanode_3  | 2019-11-15 18:23:15,252 INFO server.RaftServerConfigKeys: raft.server.retrycache.expirytime = 600000ms (custom)
scm_1       | 2019-11-15 18:23:06,355 INFO authorize.ServiceAuthorizationManager: Authorization successful for dn/9aae5fda7739@EXAMPLE.COM (auth:KERBEROS) for protocol=interface org.apache.hadoop.hdds.protocol.SCMSecurityProtocol
om_1        | 2019-11-15 18:23:12,340 INFO om.OzoneManager: Starting OM delegation token secret manager
kdc_1       | Nov 15 18:22:53 kdc kadmind[15](Notice): Request: kadm5_init, admin/admin@EXAMPLE.COM, success, client=admin/admin@EXAMPLE.COM, service=kadmin/admin@EXAMPLE.COM, addr=127.0.0.1, vers=4, flavor=6
datanode_2  | 2019-11-15 18:23:15,278 INFO impl.RaftServerImpl: 3c694a39-de0e-44a1-b9da-46351736ea64@group-6736CE7CCAE8: changes role from      null to FOLLOWER at term 0 for startAsFollower
datanode_1  | 2019-11-15 18:23:15,295 INFO server.RaftServerConfigKeys: raft.server.snapshot.auto.trigger.threshold = 10000 (custom)
datanode_3  | 2019-11-15 18:23:15,267 WARN impl.MetricRegistriesImpl: First MetricRegistry has been created without registering reporters. You may need to call MetricRegistries.global().addReportRegistration(...) before.
scm_1       | 2019-11-15 18:23:06,514 INFO server.SCMClientProtocolServer: Processing CSR for dn 9d23e6ab74cf, UUID: 3c694a39-de0e-44a1-b9da-46351736ea64
om_1        | 2019-11-15 18:23:12,341 INFO security.OzoneDelegationTokenSecretManager: Updating the current master key for generating tokens
kdc_1       | Nov 15 18:22:53 kdc kadmind[15](Notice): Request: kadm5_randkey_principal, scm/s3g@EXAMPLE.COM, success, client=admin/admin@EXAMPLE.COM, service=kadmin/admin@EXAMPLE.COM, addr=127.0.0.1
datanode_2  | 2019-11-15 18:23:15,278 INFO impl.RoleInfo: 3c694a39-de0e-44a1-b9da-46351736ea64: start FollowerState
datanode_1  | 2019-11-15 18:23:15,295 INFO server.RaftServerConfigKeys: raft.server.snapshot.retention.file.num = 5 (custom)
datanode_3  | 2019-11-15 18:23:15,269 WARN impl.MetricRegistriesImpl: First MetricRegistry has been created without registering reporters. You may need to call MetricRegistries.global().addReportRegistration(...) before.
scm_1       | 2019-11-15 18:23:06,514 INFO server.SCMClientProtocolServer: Processing CSR for dn a24d48343eb1, UUID: 38c10039-88c6-4f90-9cc2-027647768598
om_1        | 2019-11-15 18:23:12,341 INFO security.OzoneDelegationTokenSecretManager: Starting expired delegation token remover thread, tokenRemoverScanInterval=60 min(s)
kdc_1       | Nov 15 18:22:53 kdc kadmind[15](Notice): Request: kadm5_get_principal, scm/s3g@EXAMPLE.COM, success, client=admin/admin@EXAMPLE.COM, service=kadmin/admin@EXAMPLE.COM, addr=127.0.0.1
datanode_2  | 2019-11-15 18:23:15,283 INFO util.JmxRegister: Successfully registered JMX Bean with object name Ratis:service=RaftServer,group=group-6736CE7CCAE8,id=3c694a39-de0e-44a1-b9da-46351736ea64
datanode_1  | 2019-11-15 18:23:15,295 INFO server.RaftServerConfigKeys: raft.server.retrycache.expirytime = 600000ms (custom)
datanode_3  | 2019-11-15 18:23:15,270 INFO impl.RaftServerImpl: 38c10039-88c6-4f90-9cc2-027647768598@group-3D56E0405A9A: start as a follower, conf=-1: [38c10039-88c6-4f90-9cc2-027647768598:172.19.0.8:9858], old=null
scm_1       | 2019-11-15 18:23:06,585 INFO ipc.Server: Auth successful for om/om@EXAMPLE.COM (auth:KERBEROS)
om_1        | 2019-11-15 18:23:12,359 INFO ipc.Server: IPC Server listener on 9862: starting
kdc_1       | Nov 15 18:22:53 kdc kadmind[15](info): closing down fd 18
datanode_2  | 2019-11-15 18:23:15,285 WARN impl.MetricRegistriesImpl: First MetricRegistry has been created without registering reporters. You may need to call MetricRegistries.global().addReportRegistration(...) before.
datanode_1  | 2019-11-15 18:23:15,312 WARN impl.MetricRegistriesImpl: First MetricRegistry has been created without registering reporters. You may need to call MetricRegistries.global().addReportRegistration(...) before.
datanode_3  | 2019-11-15 18:23:15,271 INFO impl.RaftServerImpl: 38c10039-88c6-4f90-9cc2-027647768598@group-3D56E0405A9A: changes role from      null to FOLLOWER at term 0 for startAsFollower
scm_1       | 2019-11-15 18:23:06,594 INFO authorize.ServiceAuthorizationManager: Authorization successful for om/om@EXAMPLE.COM (auth:KERBEROS) for protocol=interface org.apache.hadoop.hdds.scm.protocol.ScmBlockLocationProtocol
om_1        | 2019-11-15 18:23:12,359 INFO ipc.Server: IPC Server Responder: starting
kdc_1       | Nov 15 18:22:53 kdc kadmind[15](Notice): Request: kadm5_init, admin/admin@EXAMPLE.COM, success, client=admin/admin@EXAMPLE.COM, service=kadmin/admin@EXAMPLE.COM, addr=127.0.0.1, vers=4, flavor=6
datanode_2  | 2019-11-15 18:23:15,349 INFO commandhandler.CreatePipelineCommandHandler: Create Pipeline RATIS ONE #id: "8d953c84-f844-4070-96a1-6736ce7ccae8"
datanode_1  | 2019-11-15 18:23:15,314 WARN impl.MetricRegistriesImpl: First MetricRegistry has been created without registering reporters. You may need to call MetricRegistries.global().addReportRegistration(...) before.
datanode_3  | 2019-11-15 18:23:15,272 INFO impl.RoleInfo: 38c10039-88c6-4f90-9cc2-027647768598: start FollowerState
scm_1       | 2019-11-15 18:23:06,605 INFO server.SCMClientProtocolServer: Processing CSR for dn 9aae5fda7739, UUID: 8ec0060d-232a-4cac-8827-32ef7e30f553
om_1        | 2019-11-15 18:23:12,385 INFO hdfs.DFSUtil: Starting web server as: HTTP/om@EXAMPLE.COM
kdc_1       | Nov 15 18:22:53 kdc kadmind[15](Notice): Request: kadm5_get_policy, default, Policy does not exist, client=admin/admin@EXAMPLE.COM, service=kadmin/admin@EXAMPLE.COM, addr=127.0.0.1
datanode_2  |  command succeed on datanode 3c694a39-de0e-44a1-b9da-46351736ea64.
datanode_1  | 2019-11-15 18:23:15,316 INFO impl.RaftServerImpl: 8ec0060d-232a-4cac-8827-32ef7e30f553@group-5355967C72B7: start as a follower, conf=-1: [8ec0060d-232a-4cac-8827-32ef7e30f553:172.19.0.6:9858], old=null
datanode_3  | 2019-11-15 18:23:15,276 INFO util.JmxRegister: Successfully registered JMX Bean with object name Ratis:service=RaftServer,group=group-3D56E0405A9A,id=38c10039-88c6-4f90-9cc2-027647768598
scm_1       | 2019-11-15 18:23:07,715 INFO ipc.Server: Auth successful for om/om@EXAMPLE.COM (auth:KERBEROS)
om_1        | 2019-11-15 18:23:12,385 INFO hdfs.DFSUtil: Starting Web-server for ozoneManager at: http://0.0.0.0:9874
kdc_1       | Nov 15 18:22:53 kdc kadmind[15](Notice): Request: kadm5_create_principal, dn/9aae5fda7739@EXAMPLE.COM, success, client=admin/admin@EXAMPLE.COM, service=kadmin/admin@EXAMPLE.COM, addr=127.0.0.1
datanode_2  | 2019-11-15 18:23:15,352 INFO impl.RaftServerProxy: 3c694a39-de0e-44a1-b9da-46351736ea64: addNew group-52D93C981A01:[38c10039-88c6-4f90-9cc2-027647768598:172.19.0.8:9858, 8ec0060d-232a-4cac-8827-32ef7e30f553:172.19.0.6:9858, 3c694a39-de0e-44a1-b9da-46351736ea64:172.19.0.10:9858] returns group-52D93C981A01:java.util.concurrent.CompletableFuture@dd3db9f[Not completed]
datanode_1  | 2019-11-15 18:23:15,317 INFO impl.RaftServerImpl: 8ec0060d-232a-4cac-8827-32ef7e30f553@group-5355967C72B7: changes role from      null to FOLLOWER at term 0 for startAsFollower
datanode_3  | 2019-11-15 18:23:15,277 WARN impl.MetricRegistriesImpl: First MetricRegistry has been created without registering reporters. You may need to call MetricRegistries.global().addReportRegistration(...) before.
scm_1       | 2019-11-15 18:23:07,719 INFO authorize.ServiceAuthorizationManager: Authorization successful for om/om@EXAMPLE.COM (auth:KERBEROS) for protocol=interface org.apache.hadoop.hdds.protocol.SCMSecurityProtocol
om_1        | 2019-11-15 18:23:12,484 INFO server.AuthenticationFilter: Unable to initialize FileSignerSecretProvider, falling back to use random secrets.
kdc_1       | Nov 15 18:22:53 kdc kadmind[15](info): closing down fd 18
datanode_1  | 2019-11-15 18:23:15,318 INFO impl.RoleInfo: 8ec0060d-232a-4cac-8827-32ef7e30f553: start FollowerState
datanode_2  | 2019-11-15 18:23:15,355 INFO impl.RaftServerImpl: 3c694a39-de0e-44a1-b9da-46351736ea64: new RaftServerImpl for group-52D93C981A01:[38c10039-88c6-4f90-9cc2-027647768598:172.19.0.8:9858, 8ec0060d-232a-4cac-8827-32ef7e30f553:172.19.0.6:9858, 3c694a39-de0e-44a1-b9da-46351736ea64:172.19.0.10:9858] with ContainerStateMachine:uninitialized
datanode_3  | 2019-11-15 18:23:15,335 INFO commandhandler.CreatePipelineCommandHandler: Create Pipeline RATIS ONE #id: "ae6cdb6d-5f34-4810-93fb-3d56e0405a9a"
scm_1       | 2019-11-15 18:23:07,721 INFO server.SCMClientProtocolServer: Processing CSR for om om, UUID: 296e89a2-e5b8-4171-8984-27a243afa798
om_1        | 2019-11-15 18:23:12,488 INFO http.HttpRequestLog: Http request log for http.requests.ozoneManager is not defined
kdc_1       | Nov 15 18:22:53 kdc kadmind[15](Notice): Request: kadm5_init, admin/admin@EXAMPLE.COM, success, client=admin/admin@EXAMPLE.COM, service=kadmin/admin@EXAMPLE.COM, addr=127.0.0.1, vers=4, flavor=6
datanode_1  | 2019-11-15 18:23:15,322 INFO util.JmxRegister: Successfully registered JMX Bean with object name Ratis:service=RaftServer,group=group-5355967C72B7,id=8ec0060d-232a-4cac-8827-32ef7e30f553
datanode_3  |  command succeed on datanode 38c10039-88c6-4f90-9cc2-027647768598.
datanode_2  | 2019-11-15 18:23:15,355 INFO server.RaftServerConfigKeys: raft.server.rpc.timeout.min = 5s (custom)
scm_1       | 2019-11-15 18:23:10,116 INFO ipc.Server: Auth successful for dn/9d23e6ab74cf@EXAMPLE.COM (auth:KERBEROS)
kdc_1       | Nov 15 18:22:53 kdc kadmind[15](Notice): Request: kadm5_randkey_principal, dn/9aae5fda7739@EXAMPLE.COM, success, client=admin/admin@EXAMPLE.COM, service=kadmin/admin@EXAMPLE.COM, addr=127.0.0.1
om_1        | 2019-11-15 18:23:12,494 INFO http.HttpServer2: Added global filter 'safety' (class=org.apache.hadoop.http.HttpServer2$QuotingInputFilter)
datanode_1  | 2019-11-15 18:23:15,324 WARN impl.MetricRegistriesImpl: First MetricRegistry has been created without registering reporters. You may need to call MetricRegistries.global().addReportRegistration(...) before.
datanode_2  | 2019-11-15 18:23:15,355 INFO server.RaftServerConfigKeys: raft.server.rpc.timeout.max = 5200ms (custom)
datanode_3  | 2019-11-15 18:23:15,337 INFO impl.RaftServerProxy: 38c10039-88c6-4f90-9cc2-027647768598: addNew group-52D93C981A01:[38c10039-88c6-4f90-9cc2-027647768598:172.19.0.8:9858, 8ec0060d-232a-4cac-8827-32ef7e30f553:172.19.0.6:9858, 3c694a39-de0e-44a1-b9da-46351736ea64:172.19.0.10:9858] returns group-52D93C981A01:java.util.concurrent.CompletableFuture@563ecfd0[Not completed]
scm_1       | 2019-11-15 18:23:10,118 INFO ipc.Server: Auth successful for dn/a24d48343eb1@EXAMPLE.COM (auth:KERBEROS)
kdc_1       | Nov 15 18:22:53 kdc kadmind[15](Notice): Request: kadm5_get_principal, dn/9aae5fda7739@EXAMPLE.COM, success, client=admin/admin@EXAMPLE.COM, service=kadmin/admin@EXAMPLE.COM, addr=127.0.0.1
om_1        | 2019-11-15 18:23:12,496 INFO http.HttpServer2: Added filter authentication (class=org.apache.hadoop.security.authentication.server.AuthenticationFilter) to context ozoneManager
datanode_1  | 2019-11-15 18:23:15,385 INFO commandhandler.CreatePipelineCommandHandler: Create Pipeline RATIS ONE #id: "29beced6-d716-4e1a-a558-5355967c72b7"
datanode_2  | 2019-11-15 18:23:15,355 INFO server.RaftServerConfigKeys: raft.server.rpcslowness.timeout = 120s (custom)
scm_1       | 2019-11-15 18:23:10,120 INFO authorize.ServiceAuthorizationManager: Authorization successful for dn/a24d48343eb1@EXAMPLE.COM (auth:KERBEROS) for protocol=interface org.apache.hadoop.ozone.protocol.StorageContainerDatanodeProtocol
kdc_1       | Entry for principal dn/9aae5fda7739@EXAMPLE.COM with kvno 2, encryption type aes256-cts-hmac-sha1-96 added to keytab WRFILE:/data/dn.9aae5fda7739.keytab.
om_1        | 2019-11-15 18:23:12,496 INFO http.HttpServer2: Added filter authentication (class=org.apache.hadoop.security.authentication.server.AuthenticationFilter) to context logs
datanode_3  | 2019-11-15 18:23:15,340 INFO impl.RaftServerImpl: 38c10039-88c6-4f90-9cc2-027647768598: new RaftServerImpl for group-52D93C981A01:[38c10039-88c6-4f90-9cc2-027647768598:172.19.0.8:9858, 8ec0060d-232a-4cac-8827-32ef7e30f553:172.19.0.6:9858, 3c694a39-de0e-44a1-b9da-46351736ea64:172.19.0.10:9858] with ContainerStateMachine:uninitialized
datanode_1  |  command succeed on datanode 8ec0060d-232a-4cac-8827-32ef7e30f553.
datanode_2  | 2019-11-15 18:23:15,355 INFO server.RaftServerConfigKeys: raft.server.sleep.deviation.threshold = 300 (default)
scm_1       | 2019-11-15 18:23:10,120 INFO authorize.ServiceAuthorizationManager: Authorization successful for dn/9d23e6ab74cf@EXAMPLE.COM (auth:KERBEROS) for protocol=interface org.apache.hadoop.ozone.protocol.StorageContainerDatanodeProtocol
kdc_1       | Entry for principal dn/9aae5fda7739@EXAMPLE.COM with kvno 2, encryption type aes128-cts-hmac-sha1-96 added to keytab WRFILE:/data/dn.9aae5fda7739.keytab.
om_1        | 2019-11-15 18:23:12,496 INFO http.HttpServer2: Added filter authentication (class=org.apache.hadoop.security.authentication.server.AuthenticationFilter) to context static
datanode_1  | 2019-11-15 18:23:15,388 INFO impl.RaftServerProxy: 8ec0060d-232a-4cac-8827-32ef7e30f553: addNew group-52D93C981A01:[38c10039-88c6-4f90-9cc2-027647768598:172.19.0.8:9858, 8ec0060d-232a-4cac-8827-32ef7e30f553:172.19.0.6:9858, 3c694a39-de0e-44a1-b9da-46351736ea64:172.19.0.10:9858] returns group-52D93C981A01:java.util.concurrent.CompletableFuture@2dbdc127[Not completed]
datanode_2  | 2019-11-15 18:23:15,355 INFO server.RaftServerConfigKeys: raft.server.log.appender.install.snapshot.enabled = false (custom)
datanode_3  | 2019-11-15 18:23:15,340 INFO server.RaftServerConfigKeys: raft.server.rpc.timeout.min = 5s (custom)
scm_1       | 2019-11-15 18:23:10,134 INFO ipc.Server: Auth successful for dn/9aae5fda7739@EXAMPLE.COM (auth:KERBEROS)
om_1        | 2019-11-15 18:23:12,513 INFO http.HttpServer2: Jetty bound to port 9874
kdc_1       | Generiting keytab
datanode_2  | 2019-11-15 18:23:15,355 INFO impl.RaftServerImpl: 3c694a39-de0e-44a1-b9da-46351736ea64@group-52D93C981A01: ConfigurationManager, init=-1: [38c10039-88c6-4f90-9cc2-027647768598:172.19.0.8:9858, 8ec0060d-232a-4cac-8827-32ef7e30f553:172.19.0.6:9858, 3c694a39-de0e-44a1-b9da-46351736ea64:172.19.0.10:9858], old=null, confs=<EMPTY_MAP>
datanode_1  | 2019-11-15 18:23:15,391 INFO impl.RaftServerImpl: 8ec0060d-232a-4cac-8827-32ef7e30f553: new RaftServerImpl for group-52D93C981A01:[38c10039-88c6-4f90-9cc2-027647768598:172.19.0.8:9858, 8ec0060d-232a-4cac-8827-32ef7e30f553:172.19.0.6:9858, 3c694a39-de0e-44a1-b9da-46351736ea64:172.19.0.10:9858] with ContainerStateMachine:uninitialized
datanode_3  | 2019-11-15 18:23:15,340 INFO server.RaftServerConfigKeys: raft.server.rpc.timeout.max = 5200ms (custom)
scm_1       | 2019-11-15 18:23:10,138 INFO authorize.ServiceAuthorizationManager: Authorization successful for dn/9aae5fda7739@EXAMPLE.COM (auth:KERBEROS) for protocol=interface org.apache.hadoop.ozone.protocol.StorageContainerDatanodeProtocol
om_1        | 2019-11-15 18:23:12,514 INFO server.Server: jetty-9.3.25.v20180904, build timestamp: 2018-09-04T21:11:46Z, git hash: 3ce520221d0240229c862b122d2b06c12a625732
kdc_1       | Authenticating as principal admin/admin with keytab /tmp/admin.keytab.
datanode_2  | 2019-11-15 18:23:15,356 INFO server.RaftServerConfigKeys: raft.server.storage.dir = [/data/metadata/ratis] (custom)
datanode_3  | 2019-11-15 18:23:15,340 INFO server.RaftServerConfigKeys: raft.server.rpcslowness.timeout = 120s (custom)
scm_1       | 2019-11-15 18:23:10,469 INFO ipc.Server: Auth successful for om/om@EXAMPLE.COM (auth:KERBEROS)
om_1        | 2019-11-15 18:23:12,543 INFO server.AuthenticationFilter: Unable to initialize FileSignerSecretProvider, falling back to use random secrets.
datanode_1  | 2019-11-15 18:23:15,391 INFO server.RaftServerConfigKeys: raft.server.rpc.timeout.min = 5s (custom)
kdc_1       | WARNING: no policy specified for HTTP/om@EXAMPLE.COM; defaulting to no policy
datanode_2  | 2019-11-15 18:23:15,356 INFO server.RaftServerConfigKeys: raft.server.log.corruption.policy = EXCEPTION (default)
datanode_3  | 2019-11-15 18:23:15,340 INFO server.RaftServerConfigKeys: raft.server.sleep.deviation.threshold = 300 (default)
om_1        | 2019-11-15 18:23:12,545 INFO server.KerberosAuthenticationHandler: Using keytab /etc/security/keytabs/HTTP.keytab, for principal HTTP/om@EXAMPLE.COM
scm_1       | 2019-11-15 18:23:10,489 INFO authorize.ServiceAuthorizationManager: Authorization successful for om/om@EXAMPLE.COM (auth:KERBEROS) for protocol=interface org.apache.hadoop.hdds.scm.protocol.ScmBlockLocationProtocol
datanode_1  | 2019-11-15 18:23:15,391 INFO server.RaftServerConfigKeys: raft.server.rpc.timeout.max = 5200ms (custom)
kdc_1       | Principal "HTTP/om@EXAMPLE.COM" created.
datanode_2  | 2019-11-15 18:23:15,356 INFO storage.RaftStorageDirectory: The storage directory /data/metadata/ratis/848ec97f-15d8-4285-8de3-52d93c981a01 does not exist. Creating ...
datanode_3  | 2019-11-15 18:23:15,340 INFO server.RaftServerConfigKeys: raft.server.log.appender.install.snapshot.enabled = false (custom)
om_1        | 2019-11-15 18:23:12,547 INFO handler.ContextHandler: Started o.e.j.s.ServletContextHandler@42507640{/logs,file:///var/log/hadoop/,AVAILABLE}
scm_1       | 2019-11-15 18:23:12,107 INFO net.NetworkTopology: Added a new node: /default-rack/38c10039-88c6-4f90-9cc2-027647768598
datanode_1  | 2019-11-15 18:23:15,391 INFO server.RaftServerConfigKeys: raft.server.rpcslowness.timeout = 120s (custom)
kdc_1       | Authenticating as principal admin/admin with keytab /tmp/admin.keytab.
datanode_2  | 2019-11-15 18:23:15,387 INFO storage.RaftStorageDirectory: Lock on /data/metadata/ratis/848ec97f-15d8-4285-8de3-52d93c981a01/in_use.lock acquired by nodename 7@9d23e6ab74cf
om_1        | 2019-11-15 18:23:12,548 INFO handler.ContextHandler: Started o.e.j.s.ServletContextHandler@12f279b5{/static,jar:file:/opt/hadoop/share/ozone/lib/hadoop-ozone-ozone-manager-0.5.0-SNAPSHOT.jar!/webapps/static,AVAILABLE}
scm_1       | 2019-11-15 18:23:12,107 INFO net.NetworkTopology: Added a new node: /default-rack/3c694a39-de0e-44a1-b9da-46351736ea64
datanode_3  | 2019-11-15 18:23:15,340 INFO impl.RaftServerImpl: 38c10039-88c6-4f90-9cc2-027647768598@group-52D93C981A01: ConfigurationManager, init=-1: [38c10039-88c6-4f90-9cc2-027647768598:172.19.0.8:9858, 8ec0060d-232a-4cac-8827-32ef7e30f553:172.19.0.6:9858, 3c694a39-de0e-44a1-b9da-46351736ea64:172.19.0.10:9858], old=null, confs=<EMPTY_MAP>
datanode_1  | 2019-11-15 18:23:15,391 INFO server.RaftServerConfigKeys: raft.server.sleep.deviation.threshold = 300 (default)
kdc_1       | Entry for principal HTTP/om@EXAMPLE.COM with kvno 2, encryption type aes256-cts-hmac-sha1-96 added to keytab WRFILE:/data/HTTP.om.keytab.
datanode_2  | 2019-11-15 18:23:15,430 INFO storage.RaftStorage: Storage directory /data/metadata/ratis/848ec97f-15d8-4285-8de3-52d93c981a01 has been successfully formatted.
om_1        | 2019-11-15 18:23:12,664 INFO server.KerberosAuthenticationHandler: Using keytab /etc/security/keytabs/HTTP.keytab, for principal HTTP/om@EXAMPLE.COM
scm_1       | 2019-11-15 18:23:12,107 INFO node.SCMNodeManager: Registered Data node : 38c10039-88c6-4f90-9cc2-027647768598{ip: 172.19.0.8, host: ozonesecure_datanode_3.ozonesecure_default, networkLocation: /default-rack, certSerialId: 14188972692283644}
datanode_3  | 2019-11-15 18:23:15,341 INFO server.RaftServerConfigKeys: raft.server.storage.dir = [/data/metadata/ratis] (custom)
datanode_1  | 2019-11-15 18:23:15,392 INFO server.RaftServerConfigKeys: raft.server.log.appender.install.snapshot.enabled = false (custom)
kdc_1       | Entry for principal HTTP/om@EXAMPLE.COM with kvno 2, encryption type aes128-cts-hmac-sha1-96 added to keytab WRFILE:/data/HTTP.om.keytab.
datanode_2  | 2019-11-15 18:23:15,431 INFO ratis.ContainerStateMachine: group-52D93C981A01: The snapshot info is null. Setting the last applied indexto:(t:0, i:~)
om_1        | 2019-11-15 18:23:12,670 INFO handler.ContextHandler: Started o.e.j.w.WebAppContext@4ea17147{/,file:///tmp/jetty-0.0.0.0-9874-ozoneManager-_-any-16826971914844151328.dir/webapp/,AVAILABLE}{/ozoneManager}
scm_1       | 2019-11-15 18:23:12,110 INFO node.SCMNodeManager: Registered Data node : 3c694a39-de0e-44a1-b9da-46351736ea64{ip: 172.19.0.10, host: ozonesecure_datanode_2.ozonesecure_default, networkLocation: /default-rack, certSerialId: 14188972692283684}
datanode_3  | 2019-11-15 18:23:15,341 INFO server.RaftServerConfigKeys: raft.server.log.corruption.policy = EXCEPTION (default)
datanode_1  | 2019-11-15 18:23:15,392 INFO impl.RaftServerImpl: 8ec0060d-232a-4cac-8827-32ef7e30f553@group-52D93C981A01: ConfigurationManager, init=-1: [38c10039-88c6-4f90-9cc2-027647768598:172.19.0.8:9858, 8ec0060d-232a-4cac-8827-32ef7e30f553:172.19.0.6:9858, 3c694a39-de0e-44a1-b9da-46351736ea64:172.19.0.10:9858], old=null, confs=<EMPTY_MAP>
kdc_1       | Generiting keytab
datanode_2  | 2019-11-15 18:23:15,431 INFO server.RaftServerConfigKeys: raft.server.notification.no-leader.timeout = 120s (custom)
om_1        | 2019-11-15 18:23:12,683 INFO server.AbstractConnector: Started ServerConnector@697d6ded{HTTP/1.1,[http/1.1]}{0.0.0.0:9874}
scm_1       | 2019-11-15 18:23:12,111 INFO safemode.SCMSafeModeManager: ContainerSafeModeRule rule is successfully validated
datanode_3  | 2019-11-15 18:23:15,341 INFO storage.RaftStorageDirectory: The storage directory /data/metadata/ratis/848ec97f-15d8-4285-8de3-52d93c981a01 does not exist. Creating ...
datanode_1  | 2019-11-15 18:23:15,392 INFO server.RaftServerConfigKeys: raft.server.storage.dir = [/data/metadata/ratis] (custom)
kdc_1       | Authenticating as principal admin/admin with keytab /tmp/admin.keytab.
datanode_2  | 2019-11-15 18:23:15,431 INFO server.RaftServerConfigKeys: raft.server.log.use.memory = false (default)
om_1        | 2019-11-15 18:23:12,683 INFO server.Server: Started @4421ms
scm_1       | 2019-11-15 18:23:12,111 INFO safemode.SCMSafeModeManager: ContainerSafeModeRule rule is successfully validated
datanode_3  | 2019-11-15 18:23:15,370 INFO storage.RaftStorageDirectory: Lock on /data/metadata/ratis/848ec97f-15d8-4285-8de3-52d93c981a01/in_use.lock acquired by nodename 7@a24d48343eb1
datanode_1  | 2019-11-15 18:23:15,393 INFO server.RaftServerConfigKeys: raft.server.log.corruption.policy = EXCEPTION (default)
