datanode_1  | 2019-11-15 23:30:10,154 INFO impl.RaftServerImpl: e33a10a5-af49-4a01-8ef3-98360a2026e1: new RaftServerImpl for group-8C586D800024:[e33a10a5-af49-4a01-8ef3-98360a2026e1:172.19.0.5:9858, 406b4fee-ad24-4a05-9674-20f22e614417:172.19.0.8:9858, 680d9420-4db6-43d8-942c-bb5e4a1cfc41:172.19.0.10:9858] with ContainerStateMachine:uninitialized
datanode_3  | 2019-11-15 23:30:10,215 INFO server.RaftServerConfigKeys: raft.server.sleep.deviation.threshold = 300 (default)
kdc_1       | Nov 15 23:29:49 kdc kadmind[15](info): closing down fd 18
datanode_2  | 2019-11-15 23:30:10,178 INFO server.RaftServerConfigKeys: raft.server.rpc.timeout.max = 5200ms (custom)
scm_1       | 2019-11-15 23:30:04,868 INFO ipc.Server: Auth successful for dn/e5bcae7a004a@EXAMPLE.COM (auth:KERBEROS)
datanode_1  | 2019-11-15 23:30:10,154 INFO server.RaftServerConfigKeys: raft.server.rpc.timeout.min = 5s (custom)
datanode_3  | 2019-11-15 23:30:10,215 INFO server.RaftServerConfigKeys: raft.server.log.appender.install.snapshot.enabled = false (custom)
kdc_1       | Nov 15 23:29:49 kdc kadmind[15](Notice): Request: kadm5_init, admin/admin@EXAMPLE.COM, success, client=admin/admin@EXAMPLE.COM, service=kadmin/admin@EXAMPLE.COM, addr=127.0.0.1, vers=4, flavor=6
om_1        | 2019-11-15 23:30:07,351 INFO http.HttpServer2: Added filter authentication (class=org.apache.hadoop.security.authentication.server.AuthenticationFilter) to context ozoneManager
datanode_2  | 2019-11-15 23:30:10,178 INFO server.RaftServerConfigKeys: raft.server.rpcslowness.timeout = 120s (custom)
scm_1       | 2019-11-15 23:30:04,873 INFO authorize.ServiceAuthorizationManager: Authorization successful for dn/e5bcae7a004a@EXAMPLE.COM (auth:KERBEROS) for protocol=interface org.apache.hadoop.ozone.protocol.StorageContainerDatanodeProtocol
datanode_1  | 2019-11-15 23:30:10,154 INFO server.RaftServerConfigKeys: raft.server.rpc.timeout.max = 5200ms (custom)
datanode_3  | 2019-11-15 23:30:10,215 INFO impl.RaftServerImpl: 680d9420-4db6-43d8-942c-bb5e4a1cfc41@group-8C586D800024: ConfigurationManager, init=-1: [e33a10a5-af49-4a01-8ef3-98360a2026e1:172.19.0.5:9858, 406b4fee-ad24-4a05-9674-20f22e614417:172.19.0.8:9858, 680d9420-4db6-43d8-942c-bb5e4a1cfc41:172.19.0.10:9858], old=null, confs=<EMPTY_MAP>
datanode_2  | 2019-11-15 23:30:10,178 INFO server.RaftServerConfigKeys: raft.server.sleep.deviation.threshold = 300 (default)
scm_1       | 2019-11-15 23:30:04,962 INFO ipc.Server: Auth successful for dn/6c8e906206f3@EXAMPLE.COM (auth:KERBEROS)
om_1        | 2019-11-15 23:30:07,351 INFO http.HttpServer2: Added filter authentication (class=org.apache.hadoop.security.authentication.server.AuthenticationFilter) to context logs
kdc_1       | Nov 15 23:29:49 kdc kadmind[15](Notice): Request: kadm5_get_policy, default, Policy does not exist, client=admin/admin@EXAMPLE.COM, service=kadmin/admin@EXAMPLE.COM, addr=127.0.0.1
datanode_1  | 2019-11-15 23:30:10,154 INFO server.RaftServerConfigKeys: raft.server.rpcslowness.timeout = 120s (custom)
datanode_3  | 2019-11-15 23:30:10,215 INFO server.RaftServerConfigKeys: raft.server.storage.dir = [/data/metadata/ratis] (custom)
datanode_2  | 2019-11-15 23:30:10,179 INFO server.RaftServerConfigKeys: raft.server.log.appender.install.snapshot.enabled = false (custom)
scm_1       | 2019-11-15 23:30:04,965 INFO authorize.ServiceAuthorizationManager: Authorization successful for dn/6c8e906206f3@EXAMPLE.COM (auth:KERBEROS) for protocol=interface org.apache.hadoop.ozone.protocol.StorageContainerDatanodeProtocol
om_1        | 2019-11-15 23:30:07,351 INFO http.HttpServer2: Added filter authentication (class=org.apache.hadoop.security.authentication.server.AuthenticationFilter) to context static
kdc_1       | Nov 15 23:29:49 kdc kadmind[15](Notice): Request: kadm5_create_principal, dn/6c8e906206f3@EXAMPLE.COM, success, client=admin/admin@EXAMPLE.COM, service=kadmin/admin@EXAMPLE.COM, addr=127.0.0.1
datanode_1  | 2019-11-15 23:30:10,154 INFO server.RaftServerConfigKeys: raft.server.sleep.deviation.threshold = 300 (default)
datanode_3  | 2019-11-15 23:30:10,216 INFO server.RaftServerConfigKeys: raft.server.log.corruption.policy = EXCEPTION (default)
datanode_2  | 2019-11-15 23:30:10,179 INFO impl.RaftServerImpl: 406b4fee-ad24-4a05-9674-20f22e614417@group-8C586D800024: ConfigurationManager, init=-1: [e33a10a5-af49-4a01-8ef3-98360a2026e1:172.19.0.5:9858, 406b4fee-ad24-4a05-9674-20f22e614417:172.19.0.8:9858, 680d9420-4db6-43d8-942c-bb5e4a1cfc41:172.19.0.10:9858], old=null, confs=<EMPTY_MAP>
scm_1       | 2019-11-15 23:30:05,004 INFO ipc.Server: Auth successful for dn/f2115fb6d5bb@EXAMPLE.COM (auth:KERBEROS)
om_1        | 2019-11-15 23:30:07,373 INFO http.HttpServer2: Jetty bound to port 9874
kdc_1       | Nov 15 23:29:49 kdc kadmind[15](info): closing down fd 18
datanode_1  | 2019-11-15 23:30:10,155 INFO server.RaftServerConfigKeys: raft.server.log.appender.install.snapshot.enabled = false (custom)
datanode_3  | 2019-11-15 23:30:10,216 INFO storage.RaftStorageDirectory: The storage directory /data/metadata/ratis/bb18ca42-5ef9-44c4-8415-8c586d800024 does not exist. Creating ...
datanode_2  | 2019-11-15 23:30:10,179 INFO server.RaftServerConfigKeys: raft.server.storage.dir = [/data/metadata/ratis] (custom)
scm_1       | 2019-11-15 23:30:05,007 INFO authorize.ServiceAuthorizationManager: Authorization successful for dn/f2115fb6d5bb@EXAMPLE.COM (auth:KERBEROS) for protocol=interface org.apache.hadoop.ozone.protocol.StorageContainerDatanodeProtocol
om_1        | 2019-11-15 23:30:07,374 INFO server.Server: jetty-9.3.25.v20180904, build timestamp: 2018-09-04T21:11:46Z, git hash: 3ce520221d0240229c862b122d2b06c12a625732
kdc_1       | Nov 15 23:29:49 kdc kadmind[15](Notice): Request: kadm5_init, admin/admin@EXAMPLE.COM, success, client=admin/admin@EXAMPLE.COM, service=kadmin/admin@EXAMPLE.COM, addr=127.0.0.1, vers=4, flavor=6
datanode_1  | 2019-11-15 23:30:10,155 INFO impl.RaftServerImpl: e33a10a5-af49-4a01-8ef3-98360a2026e1@group-8C586D800024: ConfigurationManager, init=-1: [e33a10a5-af49-4a01-8ef3-98360a2026e1:172.19.0.5:9858, 406b4fee-ad24-4a05-9674-20f22e614417:172.19.0.8:9858, 680d9420-4db6-43d8-942c-bb5e4a1cfc41:172.19.0.10:9858], old=null, confs=<EMPTY_MAP>
datanode_3  | 2019-11-15 23:30:10,230 INFO storage.RaftStorageDirectory: Lock on /data/metadata/ratis/bb18ca42-5ef9-44c4-8415-8c586d800024/in_use.lock acquired by nodename 7@f2115fb6d5bb
scm_1       | 2019-11-15 23:30:05,523 INFO ipc.Server: Auth successful for om/om@EXAMPLE.COM (auth:KERBEROS)
datanode_2  | 2019-11-15 23:30:10,179 INFO server.RaftServerConfigKeys: raft.server.log.corruption.policy = EXCEPTION (default)
om_1        | 2019-11-15 23:30:07,403 INFO server.AuthenticationFilter: Unable to initialize FileSignerSecretProvider, falling back to use random secrets.
kdc_1       | Nov 15 23:29:49 kdc kadmind[15](Notice): Request: kadm5_randkey_principal, dn/6c8e906206f3@EXAMPLE.COM, success, client=admin/admin@EXAMPLE.COM, service=kadmin/admin@EXAMPLE.COM, addr=127.0.0.1
datanode_1  | 2019-11-15 23:30:10,155 INFO server.RaftServerConfigKeys: raft.server.storage.dir = [/data/metadata/ratis] (custom)
datanode_3  | 2019-11-15 23:30:10,243 INFO storage.RaftStorage: Storage directory /data/metadata/ratis/bb18ca42-5ef9-44c4-8415-8c586d800024 has been successfully formatted.
scm_1       | 2019-11-15 23:30:05,537 INFO authorize.ServiceAuthorizationManager: Authorization successful for om/om@EXAMPLE.COM (auth:KERBEROS) for protocol=interface org.apache.hadoop.hdds.scm.protocol.ScmBlockLocationProtocol
datanode_2  | 2019-11-15 23:30:10,179 INFO storage.RaftStorageDirectory: The storage directory /data/metadata/ratis/bb18ca42-5ef9-44c4-8415-8c586d800024 does not exist. Creating ...
om_1        | 2019-11-15 23:30:07,404 INFO server.KerberosAuthenticationHandler: Using keytab /etc/security/keytabs/HTTP.keytab, for principal HTTP/om@EXAMPLE.COM
kdc_1       | Nov 15 23:29:49 kdc kadmind[15](Notice): Request: kadm5_get_principal, dn/6c8e906206f3@EXAMPLE.COM, success, client=admin/admin@EXAMPLE.COM, service=kadmin/admin@EXAMPLE.COM, addr=127.0.0.1
datanode_3  | 2019-11-15 23:30:10,243 INFO ratis.ContainerStateMachine: group-8C586D800024: The snapshot info is null. Setting the last applied indexto:(t:0, i:~)
scm_1       | 2019-11-15 23:30:06,873 INFO net.NetworkTopology: Added a new node: /default-rack/e33a10a5-af49-4a01-8ef3-98360a2026e1
datanode_2  | 2019-11-15 23:30:10,197 INFO storage.RaftStorageDirectory: Lock on /data/metadata/ratis/bb18ca42-5ef9-44c4-8415-8c586d800024/in_use.lock acquired by nodename 7@6c8e906206f3
datanode_1  | 2019-11-15 23:30:10,155 INFO server.RaftServerConfigKeys: raft.server.log.corruption.policy = EXCEPTION (default)
om_1        | 2019-11-15 23:30:07,406 INFO handler.ContextHandler: Started o.e.j.s.ServletContextHandler@4dfe8b37{/logs,file:///var/log/hadoop/,AVAILABLE}
kdc_1       | Nov 15 23:29:49 kdc kadmind[15](info): closing down fd 18
datanode_3  | 2019-11-15 23:30:10,243 INFO server.RaftServerConfigKeys: raft.server.notification.no-leader.timeout = 120s (custom)
scm_1       | 2019-11-15 23:30:06,873 INFO node.SCMNodeManager: Registered Data node : e33a10a5-af49-4a01-8ef3-98360a2026e1{ip: 172.19.0.5, host: ozonesecure_datanode_1.ozonesecure_default, networkLocation: /default-rack, certSerialId: 14207387628697977}
datanode_1  | 2019-11-15 23:30:10,156 INFO storage.RaftStorageDirectory: The storage directory /data/metadata/ratis/bb18ca42-5ef9-44c4-8415-8c586d800024 does not exist. Creating ...
datanode_2  | 2019-11-15 23:30:10,212 INFO storage.RaftStorage: Storage directory /data/metadata/ratis/bb18ca42-5ef9-44c4-8415-8c586d800024 has been successfully formatted.
om_1        | 2019-11-15 23:30:07,407 INFO handler.ContextHandler: Started o.e.j.s.ServletContextHandler@5ff6dd3c{/static,jar:file:/opt/hadoop/share/ozone/lib/hadoop-ozone-ozone-manager-0.5.0-SNAPSHOT.jar!/webapps/static,AVAILABLE}
kdc_1       | Nov 15 23:29:49 kdc kadmind[15](Notice): Request: kadm5_init, admin/admin@EXAMPLE.COM, success, client=admin/admin@EXAMPLE.COM, service=kadmin/admin@EXAMPLE.COM, addr=127.0.0.1, vers=4, flavor=6
datanode_3  | 2019-11-15 23:30:10,244 INFO server.RaftServerConfigKeys: raft.server.log.use.memory = false (default)
scm_1       | 2019-11-15 23:30:06,879 INFO safemode.SCMSafeModeManager: SCM in safe mode. 1 DataNodes registered, 1 required.
datanode_1  | 2019-11-15 23:30:10,169 INFO storage.RaftStorageDirectory: Lock on /data/metadata/ratis/bb18ca42-5ef9-44c4-8415-8c586d800024/in_use.lock acquired by nodename 7@e5bcae7a004a
datanode_2  | 2019-11-15 23:30:10,212 INFO ratis.ContainerStateMachine: group-8C586D800024: The snapshot info is null. Setting the last applied indexto:(t:0, i:~)
om_1        | 2019-11-15 23:30:07,508 INFO server.KerberosAuthenticationHandler: Using keytab /etc/security/keytabs/HTTP.keytab, for principal HTTP/om@EXAMPLE.COM
kdc_1       | Nov 15 23:29:49 kdc kadmind[15](Notice): Request: kadm5_get_policy, default, Policy does not exist, client=admin/admin@EXAMPLE.COM, service=kadmin/admin@EXAMPLE.COM, addr=127.0.0.1
datanode_3  | 2019-11-15 23:30:10,244 INFO server.RaftServerConfigKeys: raft.server.log.purge.gap = 1000000 (custom)
scm_1       | 2019-11-15 23:30:06,879 INFO safemode.SCMSafeModeManager: DataNodeSafeModeRule rule is successfully validated
datanode_1  | 2019-11-15 23:30:10,198 INFO storage.RaftStorage: Storage directory /data/metadata/ratis/bb18ca42-5ef9-44c4-8415-8c586d800024 has been successfully formatted.
om_1        | 2019-11-15 23:30:07,512 INFO handler.ContextHandler: Started o.e.j.w.WebAppContext@2eda4eeb{/,file:///tmp/jetty-0.0.0.0-9874-ozoneManager-_-any-2265282039360525152.dir/webapp/,AVAILABLE}{/ozoneManager}
datanode_2  | 2019-11-15 23:30:10,212 INFO server.RaftServerConfigKeys: raft.server.notification.no-leader.timeout = 120s (custom)
kdc_1       | Nov 15 23:29:49 kdc kadmind[15](Notice): Request: kadm5_create_principal, dn/om@EXAMPLE.COM, success, client=admin/admin@EXAMPLE.COM, service=kadmin/admin@EXAMPLE.COM, addr=127.0.0.1
datanode_3  | 2019-11-15 23:30:10,244 INFO server.RaftServerConfigKeys: raft.server.log.appender.buffer.byte-limit = 33554432 (custom)
scm_1       | 2019-11-15 23:30:06,880 INFO safemode.SCMSafeModeManager: ContainerSafeModeRule rule is successfully validated
datanode_1  | 2019-11-15 23:30:10,198 INFO ratis.ContainerStateMachine: group-8C586D800024: The snapshot info is null. Setting the last applied indexto:(t:0, i:~)
om_1        | 2019-11-15 23:30:07,516 INFO server.AbstractConnector: Started ServerConnector@5d05f453{HTTP/1.1,[http/1.1]}{0.0.0.0:9874}
datanode_2  | 2019-11-15 23:30:10,212 INFO server.RaftServerConfigKeys: raft.server.log.use.memory = false (default)
kdc_1       | Nov 15 23:29:49 kdc kadmind[15](info): closing down fd 18
datanode_3  | 2019-11-15 23:30:10,244 INFO server.RaftServerConfigKeys: raft.server.log.segment.size.max = 1048576 (custom)
scm_1       | 2019-11-15 23:30:06,887 INFO pipeline.RatisPipelineProvider: Send pipeline:PipelineID=1e4a1992-a37a-4113-bcd9-0bf3aaa4dbef create command to datanode e33a10a5-af49-4a01-8ef3-98360a2026e1
om_1        | 2019-11-15 23:30:07,517 INFO server.Server: Started @4433ms
datanode_1  | 2019-11-15 23:30:10,198 INFO server.RaftServerConfigKeys: raft.server.notification.no-leader.timeout = 120s (custom)
datanode_2  | 2019-11-15 23:30:10,212 INFO server.RaftServerConfigKeys: raft.server.log.purge.gap = 1000000 (custom)
kdc_1       | Nov 15 23:29:49 kdc kadmind[15](Notice): Request: kadm5_init, admin/admin@EXAMPLE.COM, success, client=admin/admin@EXAMPLE.COM, service=kadmin/admin@EXAMPLE.COM, addr=127.0.0.1, vers=4, flavor=6
datanode_3  | 2019-11-15 23:30:10,244 INFO server.RaftServerConfigKeys: raft.server.log.segment.cache.num.max = 2 (custom)
scm_1       | 2019-11-15 23:30:06,907 INFO pipeline.PipelineStateManager: Created pipeline Pipeline[ Id: 1e4a1992-a37a-4113-bcd9-0bf3aaa4dbef, Nodes: e33a10a5-af49-4a01-8ef3-98360a2026e1{ip: 172.19.0.5, host: ozonesecure_datanode_1.ozonesecure_default, networkLocation: /default-rack, certSerialId: null}, Type:RATIS, Factor:ONE, State:ALLOCATED]
om_1        | 2019-11-15 23:30:07,521 INFO impl.MetricsSinkAdapter: Sink prometheus started
datanode_1  | 2019-11-15 23:30:10,198 INFO server.RaftServerConfigKeys: raft.server.log.use.memory = false (default)
datanode_2  | 2019-11-15 23:30:10,213 INFO server.RaftServerConfigKeys: raft.server.log.appender.buffer.byte-limit = 33554432 (custom)
kdc_1       | Nov 15 23:29:49 kdc kadmind[15](Notice): Request: kadm5_randkey_principal, dn/om@EXAMPLE.COM, success, client=admin/admin@EXAMPLE.COM, service=kadmin/admin@EXAMPLE.COM, addr=127.0.0.1
datanode_3  | 2019-11-15 23:30:10,244 INFO segmented.SegmentedRaftLogWorker: new 680d9420-4db6-43d8-942c-bb5e4a1cfc41@group-8C586D800024-SegmentedRaftLogWorker for RaftStorage:Storage Directory /data/metadata/ratis/bb18ca42-5ef9-44c4-8415-8c586d800024
scm_1       | 2019-11-15 23:30:06,951 INFO net.NetworkTopology: Added a new node: /default-rack/406b4fee-ad24-4a05-9674-20f22e614417
om_1        | 2019-11-15 23:30:07,521 INFO impl.MetricsSystemImpl: Registered sink prometheus
datanode_1  | 2019-11-15 23:30:10,199 INFO server.RaftServerConfigKeys: raft.server.log.purge.gap = 1000000 (custom)
datanode_2  | 2019-11-15 23:30:10,213 INFO server.RaftServerConfigKeys: raft.server.log.segment.size.max = 1048576 (custom)
kdc_1       | Nov 15 23:29:49 kdc kadmind[15](Notice): Request: kadm5_get_principal, dn/om@EXAMPLE.COM, success, client=admin/admin@EXAMPLE.COM, service=kadmin/admin@EXAMPLE.COM, addr=127.0.0.1
datanode_3  | 2019-11-15 23:30:10,244 INFO server.RaftServerConfigKeys: raft.server.log.queue.byte-limit = 2147483647 (custom)
scm_1       | 2019-11-15 23:30:06,952 INFO node.SCMNodeManager: Registered Data node : 406b4fee-ad24-4a05-9674-20f22e614417{ip: 172.19.0.8, host: ozonesecure_datanode_2.ozonesecure_default, networkLocation: /default-rack, certSerialId: 14207387666209586}
om_1        | 2019-11-15 23:30:07,524 INFO server.BaseHttpServer: HTTP server of OZONEMANAGER is listening at http://0.0.0.0:9874
datanode_1  | 2019-11-15 23:30:10,199 INFO server.RaftServerConfigKeys: raft.server.log.appender.buffer.byte-limit = 33554432 (custom)
kdc_1       | Nov 15 23:29:49 kdc kadmind[15](info): closing down fd 18
datanode_3  | 2019-11-15 23:30:10,244 INFO server.RaftServerConfigKeys: raft.server.log.queue.element-limit = 1024 (custom)
scm_1       | 2019-11-15 23:30:06,952 INFO safemode.SCMSafeModeManager: DataNodeSafeModeRule rule is successfully validated
datanode_1  | 2019-11-15 23:30:10,199 INFO server.RaftServerConfigKeys: raft.server.log.segment.size.max = 1048576 (custom)
datanode_2  | 2019-11-15 23:30:10,213 INFO server.RaftServerConfigKeys: raft.server.log.segment.cache.num.max = 2 (custom)
kdc_1       | Nov 15 23:29:50 kdc kadmind[15](Notice): Request: kadm5_init, admin/admin@EXAMPLE.COM, success, client=admin/admin@EXAMPLE.COM, service=kadmin/admin@EXAMPLE.COM, addr=127.0.0.1, vers=4, flavor=6
scm_1       | 2019-11-15 23:30:06,952 INFO safemode.SCMSafeModeManager: ContainerSafeModeRule rule is successfully validated
datanode_1  | 2019-11-15 23:30:10,199 INFO server.RaftServerConfigKeys: raft.server.log.segment.cache.num.max = 2 (custom)
datanode_2  | 2019-11-15 23:30:10,213 INFO segmented.SegmentedRaftLogWorker: new 406b4fee-ad24-4a05-9674-20f22e614417@group-8C586D800024-SegmentedRaftLogWorker for RaftStorage:Storage Directory /data/metadata/ratis/bb18ca42-5ef9-44c4-8415-8c586d800024
kdc_1       | Nov 15 23:29:50 kdc kadmind[15](Notice): Request: kadm5_get_policy, default, Policy does not exist, client=admin/admin@EXAMPLE.COM, service=kadmin/admin@EXAMPLE.COM, addr=127.0.0.1
datanode_3  | 2019-11-15 23:30:10,244 INFO server.RaftServerConfigKeys: raft.server.log.segment.size.max = 1048576 (custom)
scm_1       | 2019-11-15 23:30:06,955 INFO pipeline.RatisPipelineProvider: Send pipeline:PipelineID=b908f5ac-f213-4743-88c1-b8fe6c087776 create command to datanode 406b4fee-ad24-4a05-9674-20f22e614417
datanode_1  | 2019-11-15 23:30:10,199 INFO segmented.SegmentedRaftLogWorker: new e33a10a5-af49-4a01-8ef3-98360a2026e1@group-8C586D800024-SegmentedRaftLogWorker for RaftStorage:Storage Directory /data/metadata/ratis/bb18ca42-5ef9-44c4-8415-8c586d800024
datanode_2  | 2019-11-15 23:30:10,213 INFO server.RaftServerConfigKeys: raft.server.log.queue.byte-limit = 2147483647 (custom)
kdc_1       | Nov 15 23:29:50 kdc kadmind[15](Notice): Request: kadm5_create_principal, om/e5bcae7a004a@EXAMPLE.COM, success, client=admin/admin@EXAMPLE.COM, service=kadmin/admin@EXAMPLE.COM, addr=127.0.0.1
datanode_3  | 2019-11-15 23:30:10,245 INFO server.RaftServerConfigKeys: raft.server.log.preallocated.size = 16384 (custom)
scm_1       | 2019-11-15 23:30:06,955 INFO pipeline.PipelineStateManager: Created pipeline Pipeline[ Id: b908f5ac-f213-4743-88c1-b8fe6c087776, Nodes: 406b4fee-ad24-4a05-9674-20f22e614417{ip: 172.19.0.8, host: ozonesecure_datanode_2.ozonesecure_default, networkLocation: /default-rack, certSerialId: null}, Type:RATIS, Factor:ONE, State:ALLOCATED]
datanode_1  | 2019-11-15 23:30:10,199 INFO server.RaftServerConfigKeys: raft.server.log.queue.byte-limit = 2147483647 (custom)
datanode_2  | 2019-11-15 23:30:10,213 INFO server.RaftServerConfigKeys: raft.server.log.queue.element-limit = 1024 (custom)
kdc_1       | Nov 15 23:29:50 kdc kadmind[15](info): closing down fd 18
datanode_3  | 2019-11-15 23:30:10,245 INFO server.RaftServerConfigKeys: raft.server.log.write.buffer.size = 33554432 (custom)
scm_1       | 2019-11-15 23:30:06,989 INFO net.NetworkTopology: Added a new node: /default-rack/680d9420-4db6-43d8-942c-bb5e4a1cfc41
datanode_1  | 2019-11-15 23:30:10,199 INFO server.RaftServerConfigKeys: raft.server.log.queue.element-limit = 1024 (custom)
datanode_2  | 2019-11-15 23:30:10,213 INFO server.RaftServerConfigKeys: raft.server.log.segment.size.max = 1048576 (custom)
kdc_1       | Nov 15 23:29:50 kdc kadmind[15](Notice): Request: kadm5_init, admin/admin@EXAMPLE.COM, success, client=admin/admin@EXAMPLE.COM, service=kadmin/admin@EXAMPLE.COM, addr=127.0.0.1, vers=4, flavor=6
datanode_3  | 2019-11-15 23:30:10,245 INFO server.RaftServerConfigKeys: raft.server.log.force.sync.num = 128 (default)
scm_1       | 2019-11-15 23:30:06,989 INFO node.SCMNodeManager: Registered Data node : 680d9420-4db6-43d8-942c-bb5e4a1cfc41{ip: 172.19.0.10, host: ozonesecure_datanode_3.ozonesecure_default, networkLocation: /default-rack, certSerialId: 14207387628747346}
datanode_1  | 2019-11-15 23:30:10,199 INFO server.RaftServerConfigKeys: raft.server.log.segment.size.max = 1048576 (custom)
datanode_2  | 2019-11-15 23:30:10,214 INFO server.RaftServerConfigKeys: raft.server.log.preallocated.size = 16384 (custom)
kdc_1       | Nov 15 23:29:50 kdc kadmind[15](Notice): Request: kadm5_randkey_principal, om/e5bcae7a004a@EXAMPLE.COM, success, client=admin/admin@EXAMPLE.COM, service=kadmin/admin@EXAMPLE.COM, addr=127.0.0.1
scm_1       | 2019-11-15 23:30:06,989 INFO safemode.SCMSafeModeManager: DataNodeSafeModeRule rule is successfully validated
datanode_1  | 2019-11-15 23:30:10,200 INFO server.RaftServerConfigKeys: raft.server.log.preallocated.size = 16384 (custom)
datanode_3  | 2019-11-15 23:30:10,245 INFO server.RaftServerConfigKeys: raft.server.log.statemachine.data.sync = true (default)
datanode_2  | 2019-11-15 23:30:10,214 INFO server.RaftServerConfigKeys: raft.server.log.write.buffer.size = 33554432 (custom)
kdc_1       | Nov 15 23:29:50 kdc kadmind[15](Notice): Request: kadm5_get_principal, om/e5bcae7a004a@EXAMPLE.COM, success, client=admin/admin@EXAMPLE.COM, service=kadmin/admin@EXAMPLE.COM, addr=127.0.0.1
scm_1       | 2019-11-15 23:30:06,989 INFO safemode.SCMSafeModeManager: ContainerSafeModeRule rule is successfully validated
datanode_1  | 2019-11-15 23:30:10,200 INFO server.RaftServerConfigKeys: raft.server.log.write.buffer.size = 33554432 (custom)
datanode_3  | 2019-11-15 23:30:10,245 INFO server.RaftServerConfigKeys: raft.server.log.statemachine.data.sync.timeout = 10s (default)
datanode_2  | 2019-11-15 23:30:10,214 INFO server.RaftServerConfigKeys: raft.server.log.force.sync.num = 128 (default)
kdc_1       | Nov 15 23:29:50 kdc kadmind[15](info): closing down fd 18
scm_1       | 2019-11-15 23:30:06,991 INFO pipeline.RatisPipelineProvider: Send pipeline:PipelineID=a58bb991-b7e3-4266-9d4d-81ace65bf576 create command to datanode 680d9420-4db6-43d8-942c-bb5e4a1cfc41
datanode_1  | 2019-11-15 23:30:10,200 INFO server.RaftServerConfigKeys: raft.server.log.force.sync.num = 128 (default)
datanode_3  | 2019-11-15 23:30:10,245 INFO server.RaftServerConfigKeys: raft.server.log.statemachine.data.sync.timeout.retry = -1 (default)
datanode_2  | 2019-11-15 23:30:10,214 INFO server.RaftServerConfigKeys: raft.server.log.statemachine.data.sync = true (default)
scm_1       | 2019-11-15 23:30:06,992 INFO pipeline.PipelineStateManager: Created pipeline Pipeline[ Id: a58bb991-b7e3-4266-9d4d-81ace65bf576, Nodes: 680d9420-4db6-43d8-942c-bb5e4a1cfc41{ip: 172.19.0.10, host: ozonesecure_datanode_3.ozonesecure_default, networkLocation: /default-rack, certSerialId: null}, Type:RATIS, Factor:ONE, State:ALLOCATED]
kdc_1       | Nov 15 23:29:50 kdc kadmind[15](Notice): Request: kadm5_init, admin/admin@EXAMPLE.COM, success, client=admin/admin@EXAMPLE.COM, service=kadmin/admin@EXAMPLE.COM, addr=127.0.0.1, vers=4, flavor=6
datanode_1  | 2019-11-15 23:30:10,200 INFO server.RaftServerConfigKeys: raft.server.log.statemachine.data.sync = true (default)
datanode_3  | 2019-11-15 23:30:10,245 INFO server.RaftServerConfigKeys: raft.server.log.statemachine.data.caching.enabled = true (custom)
datanode_2  | 2019-11-15 23:30:10,214 INFO server.RaftServerConfigKeys: raft.server.log.statemachine.data.sync.timeout = 10s (default)
scm_1       | 2019-11-15 23:30:06,993 INFO pipeline.RatisPipelineProvider: Send pipeline:PipelineID=bb18ca42-5ef9-44c4-8415-8c586d800024 create command to datanode e33a10a5-af49-4a01-8ef3-98360a2026e1
kdc_1       | Nov 15 23:29:50 kdc kadmind[15](Notice): Request: kadm5_get_policy, default, Policy does not exist, client=admin/admin@EXAMPLE.COM, service=kadmin/admin@EXAMPLE.COM, addr=127.0.0.1
datanode_1  | 2019-11-15 23:30:10,200 INFO server.RaftServerConfigKeys: raft.server.log.statemachine.data.sync.timeout = 10s (default)
datanode_2  | 2019-11-15 23:30:10,214 INFO server.RaftServerConfigKeys: raft.server.log.statemachine.data.sync.timeout.retry = -1 (default)
scm_1       | 2019-11-15 23:30:06,993 INFO pipeline.RatisPipelineProvider: Send pipeline:PipelineID=bb18ca42-5ef9-44c4-8415-8c586d800024 create command to datanode 406b4fee-ad24-4a05-9674-20f22e614417
datanode_1  | 2019-11-15 23:30:10,200 INFO server.RaftServerConfigKeys: raft.server.log.statemachine.data.sync.timeout.retry = -1 (default)
datanode_3  | 2019-11-15 23:30:10,246 INFO segmented.SegmentedRaftLogWorker: 680d9420-4db6-43d8-942c-bb5e4a1cfc41@group-8C586D800024-SegmentedRaftLogWorker: flushIndex: setUnconditionally 0 -> -1
kdc_1       | Principal "om/82811e88e7f6@EXAMPLE.COM" created.
datanode_2  | 2019-11-15 23:30:10,214 INFO server.RaftServerConfigKeys: raft.server.log.statemachine.data.caching.enabled = true (custom)
scm_1       | 2019-11-15 23:30:06,993 INFO pipeline.RatisPipelineProvider: Send pipeline:PipelineID=bb18ca42-5ef9-44c4-8415-8c586d800024 create command to datanode 680d9420-4db6-43d8-942c-bb5e4a1cfc41
datanode_1  | 2019-11-15 23:30:10,200 INFO server.RaftServerConfigKeys: raft.server.log.statemachine.data.caching.enabled = true (custom)
datanode_3  | 2019-11-15 23:30:10,246 INFO server.RaftServerConfigKeys: raft.server.snapshot.auto.trigger.enabled = true (custom)
kdc_1       | Authenticating as principal admin/admin with keytab /tmp/admin.keytab.
datanode_1  | 2019-11-15 23:30:10,201 INFO segmented.SegmentedRaftLogWorker: e33a10a5-af49-4a01-8ef3-98360a2026e1@group-8C586D800024-SegmentedRaftLogWorker: flushIndex: setUnconditionally 0 -> -1
scm_1       | 2019-11-15 23:30:06,994 INFO pipeline.PipelineStateManager: Created pipeline Pipeline[ Id: bb18ca42-5ef9-44c4-8415-8c586d800024, Nodes: e33a10a5-af49-4a01-8ef3-98360a2026e1{ip: 172.19.0.5, host: ozonesecure_datanode_1.ozonesecure_default, networkLocation: /default-rack, certSerialId: null}406b4fee-ad24-4a05-9674-20f22e614417{ip: 172.19.0.8, host: ozonesecure_datanode_2.ozonesecure_default, networkLocation: /default-rack, certSerialId: null}680d9420-4db6-43d8-942c-bb5e4a1cfc41{ip: 172.19.0.10, host: ozonesecure_datanode_3.ozonesecure_default, networkLocation: /default-rack, certSerialId: null}, Type:RATIS, Factor:THREE, State:ALLOCATED]
datanode_2  | 2019-11-15 23:30:10,214 INFO segmented.SegmentedRaftLogWorker: 406b4fee-ad24-4a05-9674-20f22e614417@group-8C586D800024-SegmentedRaftLogWorker: flushIndex: setUnconditionally 0 -> -1
datanode_3  | 2019-11-15 23:30:10,246 INFO server.RaftServerConfigKeys: raft.server.snapshot.auto.trigger.threshold = 10000 (custom)
kdc_1       | Entry for principal om/82811e88e7f6@EXAMPLE.COM with kvno 2, encryption type aes256-cts-hmac-sha1-96 added to keytab WRFILE:/data/om.82811e88e7f6.keytab.
datanode_1  | 2019-11-15 23:30:10,201 INFO server.RaftServerConfigKeys: raft.server.snapshot.auto.trigger.enabled = true (custom)
scm_1       | 2019-11-15 23:30:10,176 INFO pipeline.PipelineReportHandler: Pipeline ONE PipelineID=1e4a1992-a37a-4113-bcd9-0bf3aaa4dbef reported by e33a10a5-af49-4a01-8ef3-98360a2026e1{ip: 172.19.0.5, host: ozonesecure_datanode_1.ozonesecure_default, networkLocation: /default-rack, certSerialId: 14207387628697977}
datanode_2  | 2019-11-15 23:30:10,215 INFO server.RaftServerConfigKeys: raft.server.snapshot.auto.trigger.enabled = true (custom)
datanode_3  | 2019-11-15 23:30:10,246 INFO server.RaftServerConfigKeys: raft.server.snapshot.retention.file.num = 5 (custom)
kdc_1       | Entry for principal om/82811e88e7f6@EXAMPLE.COM with kvno 2, encryption type aes128-cts-hmac-sha1-96 added to keytab WRFILE:/data/om.82811e88e7f6.keytab.
datanode_1  | 2019-11-15 23:30:10,201 INFO server.RaftServerConfigKeys: raft.server.snapshot.auto.trigger.threshold = 10000 (custom)
scm_1       | 2019-11-15 23:30:10,176 INFO pipeline.PipelineStateManager: Pipeline Pipeline[ Id: 1e4a1992-a37a-4113-bcd9-0bf3aaa4dbef, Nodes: e33a10a5-af49-4a01-8ef3-98360a2026e1{ip: 172.19.0.5, host: ozonesecure_datanode_1.ozonesecure_default, networkLocation: /default-rack, certSerialId: null}, Type:RATIS, Factor:ONE, State:ALLOCATED] moved to OPEN state
datanode_2  | 2019-11-15 23:30:10,215 INFO server.RaftServerConfigKeys: raft.server.snapshot.auto.trigger.threshold = 10000 (custom)
datanode_3  | 2019-11-15 23:30:10,247 INFO server.RaftServerConfigKeys: raft.server.retrycache.expirytime = 600000ms (custom)
kdc_1       | Generiting keytab
datanode_1  | 2019-11-15 23:30:10,201 INFO server.RaftServerConfigKeys: raft.server.snapshot.retention.file.num = 5 (custom)
scm_1       | 2019-11-15 23:30:10,178 INFO safemode.SCMSafeModeManager: AtleastOneDatanodeReportedRule rule is successfully validated
datanode_2  | 2019-11-15 23:30:10,215 INFO server.RaftServerConfigKeys: raft.server.snapshot.retention.file.num = 5 (custom)
datanode_3  | 2019-11-15 23:30:10,247 WARN impl.MetricRegistriesImpl: First MetricRegistry has been created without registering reporters. You may need to call MetricRegistries.global().addReportRegistration(...) before.
datanode_1  | 2019-11-15 23:30:10,201 INFO server.RaftServerConfigKeys: raft.server.retrycache.expirytime = 600000ms (custom)
kdc_1       | Authenticating as principal admin/admin with keytab /tmp/admin.keytab.
scm_1       | 2019-11-15 23:30:10,179 INFO safemode.SCMSafeModeManager: SCM in safe mode. Healthy pipelines reported count is 0, required healthy pipeline reported count is 1
datanode_3  | 2019-11-15 23:30:10,247 WARN impl.MetricRegistriesImpl: First MetricRegistry has been created without registering reporters. You may need to call MetricRegistries.global().addReportRegistration(...) before.
datanode_1  | 2019-11-15 23:30:10,202 WARN impl.MetricRegistriesImpl: First MetricRegistry has been created without registering reporters. You may need to call MetricRegistries.global().addReportRegistration(...) before.
kdc_1       | WARNING: no policy specified for om/6c8e906206f3@EXAMPLE.COM; defaulting to no policy
datanode_2  | 2019-11-15 23:30:10,215 INFO server.RaftServerConfigKeys: raft.server.retrycache.expirytime = 600000ms (custom)
scm_1       | 2019-11-15 23:30:10,201 INFO pipeline.PipelineReportHandler: Pipeline ONE PipelineID=b908f5ac-f213-4743-88c1-b8fe6c087776 reported by 406b4fee-ad24-4a05-9674-20f22e614417{ip: 172.19.0.8, host: ozonesecure_datanode_2.ozonesecure_default, networkLocation: /default-rack, certSerialId: 14207387666209586}
datanode_3  | 2019-11-15 23:30:10,247 INFO impl.RaftServerImpl: 680d9420-4db6-43d8-942c-bb5e4a1cfc41@group-8C586D800024: start as a follower, conf=-1: [e33a10a5-af49-4a01-8ef3-98360a2026e1:172.19.0.5:9858, 406b4fee-ad24-4a05-9674-20f22e614417:172.19.0.8:9858, 680d9420-4db6-43d8-942c-bb5e4a1cfc41:172.19.0.10:9858], old=null
datanode_1  | 2019-11-15 23:30:10,202 WARN impl.MetricRegistriesImpl: First MetricRegistry has been created without registering reporters. You may need to call MetricRegistries.global().addReportRegistration(...) before.
kdc_1       | Principal "om/6c8e906206f3@EXAMPLE.COM" created.
datanode_2  | 2019-11-15 23:30:10,215 WARN impl.MetricRegistriesImpl: First MetricRegistry has been created without registering reporters. You may need to call MetricRegistries.global().addReportRegistration(...) before.
scm_1       | 2019-11-15 23:30:10,201 INFO pipeline.PipelineStateManager: Pipeline Pipeline[ Id: b908f5ac-f213-4743-88c1-b8fe6c087776, Nodes: 406b4fee-ad24-4a05-9674-20f22e614417{ip: 172.19.0.8, host: ozonesecure_datanode_2.ozonesecure_default, networkLocation: /default-rack, certSerialId: null}, Type:RATIS, Factor:ONE, State:ALLOCATED] moved to OPEN state
datanode_3  | 2019-11-15 23:30:10,247 INFO impl.RaftServerImpl: 680d9420-4db6-43d8-942c-bb5e4a1cfc41@group-8C586D800024: changes role from      null to FOLLOWER at term 0 for startAsFollower
datanode_1  | 2019-11-15 23:30:10,202 INFO impl.RaftServerImpl: e33a10a5-af49-4a01-8ef3-98360a2026e1@group-8C586D800024: start as a follower, conf=-1: [e33a10a5-af49-4a01-8ef3-98360a2026e1:172.19.0.5:9858, 406b4fee-ad24-4a05-9674-20f22e614417:172.19.0.8:9858, 680d9420-4db6-43d8-942c-bb5e4a1cfc41:172.19.0.10:9858], old=null
kdc_1       | Authenticating as principal admin/admin with keytab /tmp/admin.keytab.
datanode_2  | 2019-11-15 23:30:10,215 WARN impl.MetricRegistriesImpl: First MetricRegistry has been created without registering reporters. You may need to call MetricRegistries.global().addReportRegistration(...) before.
scm_1       | 2019-11-15 23:30:10,201 INFO safemode.SCMSafeModeManager: AtleastOneDatanodeReportedRule rule is successfully validated
datanode_3  | 2019-11-15 23:30:10,247 INFO impl.RoleInfo: 680d9420-4db6-43d8-942c-bb5e4a1cfc41: start FollowerState
datanode_1  | 2019-11-15 23:30:10,202 INFO impl.RaftServerImpl: e33a10a5-af49-4a01-8ef3-98360a2026e1@group-8C586D800024: changes role from      null to FOLLOWER at term 0 for startAsFollower
kdc_1       | Entry for principal om/6c8e906206f3@EXAMPLE.COM with kvno 2, encryption type aes256-cts-hmac-sha1-96 added to keytab WRFILE:/data/om.6c8e906206f3.keytab.
datanode_2  | 2019-11-15 23:30:10,216 INFO impl.RaftServerImpl: 406b4fee-ad24-4a05-9674-20f22e614417@group-8C586D800024: start as a follower, conf=-1: [e33a10a5-af49-4a01-8ef3-98360a2026e1:172.19.0.5:9858, 406b4fee-ad24-4a05-9674-20f22e614417:172.19.0.8:9858, 680d9420-4db6-43d8-942c-bb5e4a1cfc41:172.19.0.10:9858], old=null
scm_1       | 2019-11-15 23:30:10,201 INFO safemode.SCMSafeModeManager: SCM in safe mode. Healthy pipelines reported count is 0, required healthy pipeline reported count is 1
datanode_3  | 2019-11-15 23:30:10,248 INFO util.JmxRegister: Successfully registered JMX Bean with object name Ratis:service=RaftServer,group=group-8C586D800024,id=680d9420-4db6-43d8-942c-bb5e4a1cfc41
datanode_1  | 2019-11-15 23:30:10,202 INFO impl.RoleInfo: e33a10a5-af49-4a01-8ef3-98360a2026e1: start FollowerState
kdc_1       | Entry for principal om/6c8e906206f3@EXAMPLE.COM with kvno 2, encryption type aes128-cts-hmac-sha1-96 added to keytab WRFILE:/data/om.6c8e906206f3.keytab.
datanode_2  | 2019-11-15 23:30:10,216 INFO impl.RaftServerImpl: 406b4fee-ad24-4a05-9674-20f22e614417@group-8C586D800024: changes role from      null to FOLLOWER at term 0 for startAsFollower
scm_1       | 2019-11-15 23:30:10,205 INFO pipeline.PipelineReportHandler: Pipeline THREE PipelineID=bb18ca42-5ef9-44c4-8415-8c586d800024 reported by e33a10a5-af49-4a01-8ef3-98360a2026e1{ip: 172.19.0.5, host: ozonesecure_datanode_1.ozonesecure_default, networkLocation: /default-rack, certSerialId: 14207387628697977}
datanode_3  | 2019-11-15 23:30:10,248 WARN impl.MetricRegistriesImpl: First MetricRegistry has been created without registering reporters. You may need to call MetricRegistries.global().addReportRegistration(...) before.
datanode_1  | 2019-11-15 23:30:10,203 INFO util.JmxRegister: Successfully registered JMX Bean with object name Ratis:service=RaftServer,group=group-8C586D800024,id=e33a10a5-af49-4a01-8ef3-98360a2026e1
kdc_1       | Generiting keytab
datanode_2  | 2019-11-15 23:30:10,216 INFO impl.RoleInfo: 406b4fee-ad24-4a05-9674-20f22e614417: start FollowerState
scm_1       | 2019-11-15 23:30:10,219 INFO pipeline.PipelineReportHandler: Pipeline THREE PipelineID=bb18ca42-5ef9-44c4-8415-8c586d800024 reported by 406b4fee-ad24-4a05-9674-20f22e614417{ip: 172.19.0.8, host: ozonesecure_datanode_2.ozonesecure_default, networkLocation: /default-rack, certSerialId: 14207387666209586}
datanode_3  | 2019-11-15 23:30:10,249 INFO commandhandler.CreatePipelineCommandHandler: Create Pipeline RATIS THREE #id: "bb18ca42-5ef9-44c4-8415-8c586d800024"
datanode_1  | 2019-11-15 23:30:10,203 WARN impl.MetricRegistriesImpl: First MetricRegistry has been created without registering reporters. You may need to call MetricRegistries.global().addReportRegistration(...) before.
kdc_1       | Authenticating as principal admin/admin with keytab /tmp/admin.keytab.
datanode_2  | 2019-11-15 23:30:10,217 INFO util.JmxRegister: Successfully registered JMX Bean with object name Ratis:service=RaftServer,group=group-8C586D800024,id=406b4fee-ad24-4a05-9674-20f22e614417
scm_1       | 2019-11-15 23:30:10,237 INFO pipeline.PipelineReportHandler: Pipeline ONE PipelineID=a58bb991-b7e3-4266-9d4d-81ace65bf576 reported by 680d9420-4db6-43d8-942c-bb5e4a1cfc41{ip: 172.19.0.10, host: ozonesecure_datanode_3.ozonesecure_default, networkLocation: /default-rack, certSerialId: 14207387628747346}
datanode_3  |  command succeed on datanode 680d9420-4db6-43d8-942c-bb5e4a1cfc41.
datanode_1  | 2019-11-15 23:30:10,203 INFO commandhandler.CreatePipelineCommandHandler: Create Pipeline RATIS THREE #id: "bb18ca42-5ef9-44c4-8415-8c586d800024"
kdc_1       | WARNING: no policy specified for om/om@EXAMPLE.COM; defaulting to no policy
datanode_2  | 2019-11-15 23:30:10,217 WARN impl.MetricRegistriesImpl: First MetricRegistry has been created without registering reporters. You may need to call MetricRegistries.global().addReportRegistration(...) before.
datanode_3  | 2019-11-15 23:30:15,169 INFO impl.FollowerState: 680d9420-4db6-43d8-942c-bb5e4a1cfc41@group-81ACE65BF576-FollowerState: change to CANDIDATE, lastRpcTime:5024ms, electionTimeout:5023ms
scm_1       | 2019-11-15 23:30:10,237 INFO pipeline.PipelineStateManager: Pipeline Pipeline[ Id: a58bb991-b7e3-4266-9d4d-81ace65bf576, Nodes: 680d9420-4db6-43d8-942c-bb5e4a1cfc41{ip: 172.19.0.10, host: ozonesecure_datanode_3.ozonesecure_default, networkLocation: /default-rack, certSerialId: null}, Type:RATIS, Factor:ONE, State:ALLOCATED] moved to OPEN state
datanode_1  |  command succeed on datanode e33a10a5-af49-4a01-8ef3-98360a2026e1.
kdc_1       | Principal "om/om@EXAMPLE.COM" created.
datanode_2  | 2019-11-15 23:30:10,217 INFO commandhandler.CreatePipelineCommandHandler: Create Pipeline RATIS THREE #id: "bb18ca42-5ef9-44c4-8415-8c586d800024"
datanode_3  | 2019-11-15 23:30:15,170 INFO impl.RoleInfo: 680d9420-4db6-43d8-942c-bb5e4a1cfc41: shutdown FollowerState
scm_1       | 2019-11-15 23:30:10,237 INFO safemode.SCMSafeModeManager: AtleastOneDatanodeReportedRule rule is successfully validated
datanode_1  | 2019-11-15 23:30:15,240 INFO impl.FollowerState: e33a10a5-af49-4a01-8ef3-98360a2026e1@group-0BF3AAA4DBEF-FollowerState: change to CANDIDATE, lastRpcTime:5159ms, electionTimeout:5158ms
kdc_1       | Authenticating as principal admin/admin with keytab /tmp/admin.keytab.
datanode_2  |  command succeed on datanode 406b4fee-ad24-4a05-9674-20f22e614417.
datanode_3  | 2019-11-15 23:30:15,170 INFO impl.RaftServerImpl: 680d9420-4db6-43d8-942c-bb5e4a1cfc41@group-81ACE65BF576: changes role from  FOLLOWER to CANDIDATE at term 0 for changeToCandidate
scm_1       | 2019-11-15 23:30:10,237 INFO safemode.SCMSafeModeManager: SCM in safe mode. Healthy pipelines reported count is 0, required healthy pipeline reported count is 1
datanode_1  | 2019-11-15 23:30:15,241 INFO impl.RoleInfo: e33a10a5-af49-4a01-8ef3-98360a2026e1: shutdown FollowerState
kdc_1       | Entry for principal om/om@EXAMPLE.COM with kvno 2, encryption type aes256-cts-hmac-sha1-96 added to keytab WRFILE:/data/om.om.keytab.
datanode_2  | 2019-11-15 23:30:15,239 INFO impl.FollowerState: 406b4fee-ad24-4a05-9674-20f22e614417@group-B8FE6C087776-FollowerState: change to CANDIDATE, lastRpcTime:5131ms, electionTimeout:5131ms
datanode_3  | 2019-11-15 23:30:15,173 INFO impl.RoleInfo: 680d9420-4db6-43d8-942c-bb5e4a1cfc41: start LeaderElection
scm_1       | 2019-11-15 23:30:10,250 INFO pipeline.PipelineReportHandler: Pipeline THREE PipelineID=bb18ca42-5ef9-44c4-8415-8c586d800024 reported by 680d9420-4db6-43d8-942c-bb5e4a1cfc41{ip: 172.19.0.10, host: ozonesecure_datanode_3.ozonesecure_default, networkLocation: /default-rack, certSerialId: 14207387628747346}
datanode_1  | 2019-11-15 23:30:15,242 INFO impl.RaftServerImpl: e33a10a5-af49-4a01-8ef3-98360a2026e1@group-0BF3AAA4DBEF: changes role from  FOLLOWER to CANDIDATE at term 0 for changeToCandidate
datanode_2  | 2019-11-15 23:30:15,240 INFO impl.RoleInfo: 406b4fee-ad24-4a05-9674-20f22e614417: shutdown FollowerState
datanode_3  | 2019-11-15 23:30:15,201 INFO impl.LeaderElection: 680d9420-4db6-43d8-942c-bb5e4a1cfc41@group-81ACE65BF576-LeaderElection1: begin an election at term 1 for -1: [680d9420-4db6-43d8-942c-bb5e4a1cfc41:172.19.0.10:9858], old=null
kdc_1       | Entry for principal om/om@EXAMPLE.COM with kvno 2, encryption type aes128-cts-hmac-sha1-96 added to keytab WRFILE:/data/om.om.keytab.
scm_1       | 2019-11-15 23:30:15,207 INFO pipeline.PipelineReportHandler: Pipeline THREE PipelineID=bb18ca42-5ef9-44c4-8415-8c586d800024 reported by 680d9420-4db6-43d8-942c-bb5e4a1cfc41{ip: 172.19.0.10, host: ozonesecure_datanode_3.ozonesecure_default, networkLocation: /default-rack, certSerialId: 14207387628747346}
datanode_1  | 2019-11-15 23:30:15,244 INFO impl.RoleInfo: e33a10a5-af49-4a01-8ef3-98360a2026e1: start LeaderElection
datanode_2  | 2019-11-15 23:30:15,241 INFO impl.RaftServerImpl: 406b4fee-ad24-4a05-9674-20f22e614417@group-B8FE6C087776: changes role from  FOLLOWER to CANDIDATE at term 0 for changeToCandidate
datanode_3  | 2019-11-15 23:30:15,203 INFO impl.RoleInfo: 680d9420-4db6-43d8-942c-bb5e4a1cfc41: shutdown LeaderElection
kdc_1       | Generiting keytab
scm_1       | 2019-11-15 23:30:15,277 INFO pipeline.PipelineReportHandler: Pipeline THREE PipelineID=bb18ca42-5ef9-44c4-8415-8c586d800024 reported by e33a10a5-af49-4a01-8ef3-98360a2026e1{ip: 172.19.0.5, host: ozonesecure_datanode_1.ozonesecure_default, networkLocation: /default-rack, certSerialId: 14207387628697977}
datanode_2  | 2019-11-15 23:30:15,244 INFO impl.RoleInfo: 406b4fee-ad24-4a05-9674-20f22e614417: start LeaderElection
datanode_3  | 2019-11-15 23:30:15,204 INFO impl.RaftServerImpl: 680d9420-4db6-43d8-942c-bb5e4a1cfc41@group-81ACE65BF576: changes role from CANDIDATE to LEADER at term 1 for changeToLeader
kdc_1       | Authenticating as principal admin/admin with keytab /tmp/admin.keytab.
scm_1       | 2019-11-15 23:30:15,287 INFO pipeline.PipelineReportHandler: Pipeline THREE PipelineID=bb18ca42-5ef9-44c4-8415-8c586d800024 reported by 406b4fee-ad24-4a05-9674-20f22e614417{ip: 172.19.0.8, host: ozonesecure_datanode_2.ozonesecure_default, networkLocation: /default-rack, certSerialId: 14207387666209586}
datanode_1  | 2019-11-15 23:30:15,271 INFO impl.LeaderElection: e33a10a5-af49-4a01-8ef3-98360a2026e1@group-0BF3AAA4DBEF-LeaderElection1: begin an election at term 1 for -1: [e33a10a5-af49-4a01-8ef3-98360a2026e1:172.19.0.5:9858], old=null
datanode_3  | 2019-11-15 23:30:15,204 INFO ratis.XceiverServerRatis: Leader change notification received for group: group-81ACE65BF576 with new leaderId: 680d9420-4db6-43d8-942c-bb5e4a1cfc41
scm_1       | 2019-11-15 23:30:20,850 INFO pipeline.PipelineReportHandler: Pipeline THREE PipelineID=bb18ca42-5ef9-44c4-8415-8c586d800024 reported by 680d9420-4db6-43d8-942c-bb5e4a1cfc41{ip: 172.19.0.10, host: ozonesecure_datanode_3.ozonesecure_default, networkLocation: /default-rack, certSerialId: 14207387628747346}
kdc_1       | WARNING: no policy specified for scm/e5bcae7a004a@EXAMPLE.COM; defaulting to no policy
datanode_1  | 2019-11-15 23:30:15,272 INFO impl.RoleInfo: e33a10a5-af49-4a01-8ef3-98360a2026e1: shutdown LeaderElection
scm_1       | 2019-11-15 23:30:20,850 INFO pipeline.PipelineStateManager: Pipeline Pipeline[ Id: bb18ca42-5ef9-44c4-8415-8c586d800024, Nodes: e33a10a5-af49-4a01-8ef3-98360a2026e1{ip: 172.19.0.5, host: ozonesecure_datanode_1.ozonesecure_default, networkLocation: /default-rack, certSerialId: null}406b4fee-ad24-4a05-9674-20f22e614417{ip: 172.19.0.8, host: ozonesecure_datanode_2.ozonesecure_default, networkLocation: /default-rack, certSerialId: null}680d9420-4db6-43d8-942c-bb5e4a1cfc41{ip: 172.19.0.10, host: ozonesecure_datanode_3.ozonesecure_default, networkLocation: /default-rack, certSerialId: null}, Type:RATIS, Factor:THREE, State:ALLOCATED] moved to OPEN state
datanode_3  | 2019-11-15 23:30:15,205 INFO impl.RaftServerImpl: 680d9420-4db6-43d8-942c-bb5e4a1cfc41@group-81ACE65BF576: change Leader from null to 680d9420-4db6-43d8-942c-bb5e4a1cfc41 at term 1 for becomeLeader, leader elected after 5130ms
datanode_2  | 2019-11-15 23:30:15,271 INFO impl.LeaderElection: 406b4fee-ad24-4a05-9674-20f22e614417@group-B8FE6C087776-LeaderElection1: begin an election at term 1 for -1: [406b4fee-ad24-4a05-9674-20f22e614417:172.19.0.8:9858], old=null
kdc_1       | Principal "scm/e5bcae7a004a@EXAMPLE.COM" created.
datanode_1  | 2019-11-15 23:30:15,273 INFO impl.RaftServerImpl: e33a10a5-af49-4a01-8ef3-98360a2026e1@group-0BF3AAA4DBEF: changes role from CANDIDATE to LEADER at term 1 for changeToLeader
scm_1       | 2019-11-15 23:30:20,851 INFO safemode.SCMSafeModeManager: SCM in safe mode. Healthy pipelines reported count is 1, required healthy pipeline reported count is 1
datanode_3  | 2019-11-15 23:30:15,211 INFO server.RaftServerConfigKeys: raft.server.staging.catchup.gap = 1000 (default)
datanode_2  | 2019-11-15 23:30:15,276 INFO impl.RoleInfo: 406b4fee-ad24-4a05-9674-20f22e614417: shutdown LeaderElection
kdc_1       | Authenticating as principal admin/admin with keytab /tmp/admin.keytab.
scm_1       | 2019-11-15 23:30:20,851 INFO safemode.SCMSafeModeManager: AtleastOneDatanodeReportedRule rule is successfully validated
datanode_1  | 2019-11-15 23:30:15,273 INFO ratis.XceiverServerRatis: Leader change notification received for group: group-0BF3AAA4DBEF with new leaderId: e33a10a5-af49-4a01-8ef3-98360a2026e1
datanode_3  | 2019-11-15 23:30:15,212 INFO server.RaftServerConfigKeys: raft.server.rpc.sleep.time = 25ms (default)
datanode_2  | 2019-11-15 23:30:15,276 INFO impl.RaftServerImpl: 406b4fee-ad24-4a05-9674-20f22e614417@group-B8FE6C087776: changes role from CANDIDATE to LEADER at term 1 for changeToLeader
kdc_1       | Entry for principal scm/e5bcae7a004a@EXAMPLE.COM with kvno 2, encryption type aes256-cts-hmac-sha1-96 added to keytab WRFILE:/data/scm.e5bcae7a004a.keytab.
scm_1       | 2019-11-15 23:30:20,851 INFO safemode.SCMSafeModeManager: HealthyPipelineSafeModeRule rule is successfully validated
datanode_1  | 2019-11-15 23:30:15,274 INFO impl.RaftServerImpl: e33a10a5-af49-4a01-8ef3-98360a2026e1@group-0BF3AAA4DBEF: change Leader from null to e33a10a5-af49-4a01-8ef3-98360a2026e1 at term 1 for becomeLeader, leader elected after 5288ms
datanode_3  | 2019-11-15 23:30:15,217 INFO server.RaftServerConfigKeys: raft.server.write.element-limit = 4096 (default)
datanode_2  | 2019-11-15 23:30:15,277 INFO ratis.XceiverServerRatis: Leader change notification received for group: group-B8FE6C087776 with new leaderId: 406b4fee-ad24-4a05-9674-20f22e614417
kdc_1       | Entry for principal scm/e5bcae7a004a@EXAMPLE.COM with kvno 2, encryption type aes128-cts-hmac-sha1-96 added to keytab WRFILE:/data/scm.e5bcae7a004a.keytab.
scm_1       | 2019-11-15 23:30:20,851 INFO safemode.SCMSafeModeManager: ScmSafeModeManager, all rules are successfully validated
datanode_3  | 2019-11-15 23:30:15,222 INFO server.RaftServerConfigKeys: raft.server.watch.timeout = 10s (default)
datanode_1  | 2019-11-15 23:30:15,279 INFO server.RaftServerConfigKeys: raft.server.staging.catchup.gap = 1000 (default)
datanode_2  | 2019-11-15 23:30:15,283 INFO impl.RaftServerImpl: 406b4fee-ad24-4a05-9674-20f22e614417@group-B8FE6C087776: change Leader from null to 406b4fee-ad24-4a05-9674-20f22e614417 at term 1 for becomeLeader, leader elected after 5235ms
kdc_1       | Generiting keytab
scm_1       | 2019-11-15 23:30:20,852 INFO safemode.SCMSafeModeManager: SCM exiting safe mode.
datanode_3  | 2019-11-15 23:30:15,222 INFO server.RaftServerConfigKeys: raft.server.watch.timeout.denomination = 1s (default)
datanode_1  | 2019-11-15 23:30:15,279 INFO server.RaftServerConfigKeys: raft.server.rpc.sleep.time = 25ms (default)
kdc_1       | Authenticating as principal admin/admin with keytab /tmp/admin.keytab.
scm_1       | 2019-11-15 23:30:45,309 INFO ipc.Server: Auth successful for dn/e5bcae7a004a@EXAMPLE.COM (auth:KERBEROS)
datanode_3  | 2019-11-15 23:30:15,223 INFO server.RaftServerConfigKeys: raft.server.watch.element-limit = 65536 (default)
datanode_2  | 2019-11-15 23:30:15,287 INFO server.RaftServerConfigKeys: raft.server.staging.catchup.gap = 1000 (default)
kdc_1       | WARNING: no policy specified for scm/82811e88e7f6@EXAMPLE.COM; defaulting to no policy
datanode_1  | 2019-11-15 23:30:15,283 INFO server.RaftServerConfigKeys: raft.server.write.element-limit = 4096 (default)
scm_1       | 2019-11-15 23:30:45,311 INFO ipc.Server: Auth successful for dn/6c8e906206f3@EXAMPLE.COM (auth:KERBEROS)
datanode_3  | 2019-11-15 23:30:15,232 INFO impl.RoleInfo: 680d9420-4db6-43d8-942c-bb5e4a1cfc41: start LeaderState
datanode_2  | 2019-11-15 23:30:15,287 INFO server.RaftServerConfigKeys: raft.server.rpc.sleep.time = 25ms (default)
kdc_1       | Principal "scm/82811e88e7f6@EXAMPLE.COM" created.
datanode_1  | 2019-11-15 23:30:15,288 INFO server.RaftServerConfigKeys: raft.server.watch.timeout = 10s (default)
datanode_3  | 2019-11-15 23:30:15,250 INFO segmented.SegmentedRaftLogWorker: 680d9420-4db6-43d8-942c-bb5e4a1cfc41@group-81ACE65BF576-SegmentedRaftLogWorker: Starting segment from index:0
scm_1       | 2019-11-15 23:30:45,314 INFO authorize.ServiceAuthorizationManager: Authorization successful for dn/e5bcae7a004a@EXAMPLE.COM (auth:KERBEROS) for protocol=interface org.apache.hadoop.ozone.protocol.StorageContainerDatanodeProtocol
datanode_2  | 2019-11-15 23:30:15,290 INFO server.RaftServerConfigKeys: raft.server.write.element-limit = 4096 (default)
datanode_1  | 2019-11-15 23:30:15,288 INFO server.RaftServerConfigKeys: raft.server.watch.timeout.denomination = 1s (default)
kdc_1       | Authenticating as principal admin/admin with keytab /tmp/admin.keytab.
