datanode_2  | 2019-11-04 03:28:04,367 INFO impl.RaftServerImpl: 6b782a29-4de0-4740-a39c-e41207e85b49@group-1F00E18E7B9A: set configuration 0: [6b782a29-4de0-4740-a39c-e41207e85b49:172.18.0.4:9858], old=null at 0
datanode_1  | 2019-11-04 03:28:06,037 INFO impl.RoleInfo: 72b39639-6740-431b-903a-4582c61b2357: start FollowerState
datanode_3  | 2019-11-04 03:28:05,105 INFO segmented.SegmentedRaftLogWorker: 8341e85b-cca1-4f6a-8148-cdda869727df@group-C11CE3A112A4-SegmentedRaftLogWorker: created new log segment /data/metadata/ratis/8997d0b4-bb4d-4d31-8dff-c11ce3a112a4/current/log_inprogress_0
datanode_2  | 2019-11-04 03:28:04,497 INFO segmented.SegmentedRaftLogWorker: 6b782a29-4de0-4740-a39c-e41207e85b49@group-1F00E18E7B9A-SegmentedRaftLogWorker: created new log segment /data/metadata/ratis/5743f26a-03e1-472c-ab5b-1f00e18e7b9a/current/log_inprogress_0
datanode_1  | 2019-11-04 03:28:10,984 INFO impl.RaftServerImpl: 72b39639-6740-431b-903a-4582c61b2357@group-AF3A8DB199D2: changes role from  FOLLOWER to FOLLOWER at term 2 for recognizeCandidate:6b782a29-4de0-4740-a39c-e41207e85b49
datanode_3  | 2019-11-04 03:28:05,768 INFO impl.FollowerState: 8341e85b-cca1-4f6a-8148-cdda869727df@group-AF3A8DB199D2-FollowerState: change to CANDIDATE, lastRpcTime:5146ms, electionTimeout:5146ms
datanode_2  | 2019-11-04 03:28:05,643 INFO impl.FollowerState: 6b782a29-4de0-4740-a39c-e41207e85b49@group-AF3A8DB199D2-FollowerState: change to CANDIDATE, lastRpcTime:5004ms, electionTimeout:5004ms
datanode_1  | 2019-11-04 03:28:10,984 INFO impl.RoleInfo: 72b39639-6740-431b-903a-4582c61b2357: shutdown FollowerState
datanode_3  | 2019-11-04 03:28:05,769 INFO impl.RoleInfo: 8341e85b-cca1-4f6a-8148-cdda869727df: shutdown FollowerState
datanode_2  | 2019-11-04 03:28:05,644 INFO impl.RoleInfo: 6b782a29-4de0-4740-a39c-e41207e85b49: shutdown FollowerState
datanode_1  | 2019-11-04 03:28:10,985 INFO impl.RoleInfo: 72b39639-6740-431b-903a-4582c61b2357: start FollowerState
datanode_3  | 2019-11-04 03:28:05,769 INFO impl.RaftServerImpl: 8341e85b-cca1-4f6a-8148-cdda869727df@group-AF3A8DB199D2: changes role from  FOLLOWER to CANDIDATE at term 0 for changeToCandidate
datanode_2  | 2019-11-04 03:28:05,644 INFO impl.RaftServerImpl: 6b782a29-4de0-4740-a39c-e41207e85b49@group-AF3A8DB199D2: changes role from  FOLLOWER to CANDIDATE at term 0 for changeToCandidate
datanode_1  | 2019-11-04 03:28:10,985 INFO impl.FollowerState: 72b39639-6740-431b-903a-4582c61b2357@group-AF3A8DB199D2-FollowerState was interrupted: java.lang.InterruptedException: sleep interrupted
datanode_3  | 2019-11-04 03:28:05,769 INFO impl.RoleInfo: 8341e85b-cca1-4f6a-8148-cdda869727df: start LeaderElection
datanode_1  | 2019-11-04 03:28:11,099 INFO impl.RaftServerImpl: 72b39639-6740-431b-903a-4582c61b2357@group-AF3A8DB199D2: change Leader from null to 6b782a29-4de0-4740-a39c-e41207e85b49 at term 2 for appendEntries, leader elected after 10438ms
datanode_2  | 2019-11-04 03:28:05,644 INFO impl.RoleInfo: 6b782a29-4de0-4740-a39c-e41207e85b49: start LeaderElection
datanode_3  | 2019-11-04 03:28:05,794 INFO impl.LeaderElection: 8341e85b-cca1-4f6a-8148-cdda869727df@group-AF3A8DB199D2-LeaderElection2: begin an election at term 1 for -1: [72b39639-6740-431b-903a-4582c61b2357:172.18.0.6:9858, 6b782a29-4de0-4740-a39c-e41207e85b49:172.18.0.4:9858, 8341e85b-cca1-4f6a-8148-cdda869727df:172.18.0.5:9858], old=null
datanode_1  | 2019-11-04 03:28:11,124 INFO impl.RaftServerImpl: 72b39639-6740-431b-903a-4582c61b2357@group-AF3A8DB199D2: set configuration 0: [72b39639-6740-431b-903a-4582c61b2357:172.18.0.6:9858, 6b782a29-4de0-4740-a39c-e41207e85b49:172.18.0.4:9858, 8341e85b-cca1-4f6a-8148-cdda869727df:172.18.0.5:9858], old=null at 0
datanode_2  | 2019-11-04 03:28:05,669 INFO impl.LeaderElection: 6b782a29-4de0-4740-a39c-e41207e85b49@group-AF3A8DB199D2-LeaderElection2: begin an election at term 1 for -1: [72b39639-6740-431b-903a-4582c61b2357:172.18.0.6:9858, 6b782a29-4de0-4740-a39c-e41207e85b49:172.18.0.4:9858, 8341e85b-cca1-4f6a-8148-cdda869727df:172.18.0.5:9858], old=null
datanode_1  | 2019-11-04 03:28:11,125 INFO segmented.SegmentedRaftLogWorker: 72b39639-6740-431b-903a-4582c61b2357@group-AF3A8DB199D2-SegmentedRaftLogWorker: Starting segment from index:0
datanode_2  | 2019-11-04 03:28:05,864 INFO impl.LeaderElection: 6b782a29-4de0-4740-a39c-e41207e85b49@group-AF3A8DB199D2-LeaderElection2: Election REJECTED; received 2 response(s) [6b782a29-4de0-4740-a39c-e41207e85b49<-72b39639-6740-431b-903a-4582c61b2357#0:FAIL-t1, 6b782a29-4de0-4740-a39c-e41207e85b49<-8341e85b-cca1-4f6a-8148-cdda869727df#0:FAIL-t1] and 0 exception(s); 6b782a29-4de0-4740-a39c-e41207e85b49@group-AF3A8DB199D2:t1, leader=null, voted=6b782a29-4de0-4740-a39c-e41207e85b49, raftlog=6b782a29-4de0-4740-a39c-e41207e85b49@group-AF3A8DB199D2-SegmentedRaftLog:OPENED:c-1,f-1,i0, conf=-1: [72b39639-6740-431b-903a-4582c61b2357:172.18.0.6:9858, 6b782a29-4de0-4740-a39c-e41207e85b49:172.18.0.4:9858, 8341e85b-cca1-4f6a-8148-cdda869727df:172.18.0.5:9858], old=null
datanode_3  | 2019-11-04 03:28:05,973 INFO impl.LeaderElection: 8341e85b-cca1-4f6a-8148-cdda869727df@group-AF3A8DB199D2-LeaderElection2: Election REJECTED; received 2 response(s) [8341e85b-cca1-4f6a-8148-cdda869727df<-72b39639-6740-431b-903a-4582c61b2357#0:FAIL-t1, 8341e85b-cca1-4f6a-8148-cdda869727df<-6b782a29-4de0-4740-a39c-e41207e85b49#0:FAIL-t1] and 0 exception(s); 8341e85b-cca1-4f6a-8148-cdda869727df@group-AF3A8DB199D2:t1, leader=null, voted=8341e85b-cca1-4f6a-8148-cdda869727df, raftlog=8341e85b-cca1-4f6a-8148-cdda869727df@group-AF3A8DB199D2-SegmentedRaftLog:OPENED:c-1,f-1,i0, conf=-1: [72b39639-6740-431b-903a-4582c61b2357:172.18.0.6:9858, 6b782a29-4de0-4740-a39c-e41207e85b49:172.18.0.4:9858, 8341e85b-cca1-4f6a-8148-cdda869727df:172.18.0.5:9858], old=null
datanode_1  | 2019-11-04 03:28:11,165 INFO segmented.SegmentedRaftLogWorker: 72b39639-6740-431b-903a-4582c61b2357@group-AF3A8DB199D2-SegmentedRaftLogWorker: created new log segment /data/metadata/ratis/df7c1632-755a-49de-b7d5-af3a8db199d2/current/log_inprogress_0
datanode_2  | 2019-11-04 03:28:05,865 INFO impl.RaftServerImpl: 6b782a29-4de0-4740-a39c-e41207e85b49@group-AF3A8DB199D2: changes role from CANDIDATE to FOLLOWER at term 1 for DISCOVERED_A_NEW_TERM
datanode_3  | 2019-11-04 03:28:05,974 INFO impl.RaftServerImpl: 8341e85b-cca1-4f6a-8148-cdda869727df@group-AF3A8DB199D2: changes role from CANDIDATE to FOLLOWER at term 1 for DISCOVERED_A_NEW_TERM
datanode_3  | 2019-11-04 03:28:05,974 INFO impl.RoleInfo: 8341e85b-cca1-4f6a-8148-cdda869727df: shutdown LeaderElection
datanode_2  | 2019-11-04 03:28:05,865 INFO impl.RoleInfo: 6b782a29-4de0-4740-a39c-e41207e85b49: shutdown LeaderElection
datanode_2  | 2019-11-04 03:28:05,865 INFO impl.RoleInfo: 6b782a29-4de0-4740-a39c-e41207e85b49: start FollowerState
datanode_2  | 2019-11-04 03:28:10,913 INFO impl.FollowerState: 6b782a29-4de0-4740-a39c-e41207e85b49@group-AF3A8DB199D2-FollowerState: change to CANDIDATE, lastRpcTime:5047ms, electionTimeout:5047ms
datanode_2  | 2019-11-04 03:28:10,914 INFO impl.RoleInfo: 6b782a29-4de0-4740-a39c-e41207e85b49: shutdown FollowerState
datanode_3  | 2019-11-04 03:28:05,974 INFO impl.RoleInfo: 8341e85b-cca1-4f6a-8148-cdda869727df: start FollowerState
datanode_2  | 2019-11-04 03:28:10,914 INFO impl.RaftServerImpl: 6b782a29-4de0-4740-a39c-e41207e85b49@group-AF3A8DB199D2: changes role from  FOLLOWER to CANDIDATE at term 1 for changeToCandidate
datanode_3  | 2019-11-04 03:28:10,984 INFO impl.RaftServerImpl: 8341e85b-cca1-4f6a-8148-cdda869727df@group-AF3A8DB199D2: changes role from  FOLLOWER to FOLLOWER at term 2 for recognizeCandidate:6b782a29-4de0-4740-a39c-e41207e85b49
datanode_3  | 2019-11-04 03:28:10,984 INFO impl.RoleInfo: 8341e85b-cca1-4f6a-8148-cdda869727df: shutdown FollowerState
datanode_3  | 2019-11-04 03:28:10,984 INFO impl.RoleInfo: 8341e85b-cca1-4f6a-8148-cdda869727df: start FollowerState
datanode_2  | 2019-11-04 03:28:10,914 INFO impl.RoleInfo: 6b782a29-4de0-4740-a39c-e41207e85b49: start LeaderElection
datanode_3  | 2019-11-04 03:28:10,984 INFO impl.FollowerState: 8341e85b-cca1-4f6a-8148-cdda869727df@group-AF3A8DB199D2-FollowerState was interrupted: java.lang.InterruptedException: sleep interrupted
datanode_2  | 2019-11-04 03:28:10,957 INFO impl.LeaderElection: 6b782a29-4de0-4740-a39c-e41207e85b49@group-AF3A8DB199D2-LeaderElection3: begin an election at term 2 for -1: [72b39639-6740-431b-903a-4582c61b2357:172.18.0.6:9858, 6b782a29-4de0-4740-a39c-e41207e85b49:172.18.0.4:9858, 8341e85b-cca1-4f6a-8148-cdda869727df:172.18.0.5:9858], old=null
datanode_3  | 2019-11-04 03:28:11,099 INFO impl.RaftServerImpl: 8341e85b-cca1-4f6a-8148-cdda869727df@group-AF3A8DB199D2: change Leader from null to 6b782a29-4de0-4740-a39c-e41207e85b49 at term 2 for appendEntries, leader elected after 10481ms
datanode_2  | 2019-11-04 03:28:11,015 INFO impl.LeaderElection: 6b782a29-4de0-4740-a39c-e41207e85b49@group-AF3A8DB199D2-LeaderElection3: Election PASSED; received 1 response(s) [6b782a29-4de0-4740-a39c-e41207e85b49<-8341e85b-cca1-4f6a-8148-cdda869727df#0:OK-t2] and 0 exception(s); 6b782a29-4de0-4740-a39c-e41207e85b49@group-AF3A8DB199D2:t2, leader=null, voted=6b782a29-4de0-4740-a39c-e41207e85b49, raftlog=6b782a29-4de0-4740-a39c-e41207e85b49@group-AF3A8DB199D2-SegmentedRaftLog:OPENED:c-1,f-1,i0, conf=-1: [72b39639-6740-431b-903a-4582c61b2357:172.18.0.6:9858, 6b782a29-4de0-4740-a39c-e41207e85b49:172.18.0.4:9858, 8341e85b-cca1-4f6a-8148-cdda869727df:172.18.0.5:9858], old=null
datanode_3  | 2019-11-04 03:28:11,124 INFO impl.RaftServerImpl: 8341e85b-cca1-4f6a-8148-cdda869727df@group-AF3A8DB199D2: set configuration 0: [72b39639-6740-431b-903a-4582c61b2357:172.18.0.6:9858, 6b782a29-4de0-4740-a39c-e41207e85b49:172.18.0.4:9858, 8341e85b-cca1-4f6a-8148-cdda869727df:172.18.0.5:9858], old=null at 0
datanode_2  | 2019-11-04 03:28:11,015 INFO impl.RoleInfo: 6b782a29-4de0-4740-a39c-e41207e85b49: shutdown LeaderElection
datanode_2  | 2019-11-04 03:28:11,016 INFO impl.RaftServerImpl: 6b782a29-4de0-4740-a39c-e41207e85b49@group-AF3A8DB199D2: changes role from CANDIDATE to LEADER at term 2 for changeToLeader
datanode_2  | 2019-11-04 03:28:11,016 INFO impl.RaftServerImpl: 6b782a29-4de0-4740-a39c-e41207e85b49@group-AF3A8DB199D2: change Leader from null to 6b782a29-4de0-4740-a39c-e41207e85b49 at term 2 for becomeLeader, leader elected after 10381ms
datanode_3  | 2019-11-04 03:28:11,124 INFO segmented.SegmentedRaftLogWorker: 8341e85b-cca1-4f6a-8148-cdda869727df@group-AF3A8DB199D2-SegmentedRaftLogWorker: Starting segment from index:0
datanode_2  | 2019-11-04 03:28:11,016 INFO server.RaftServerConfigKeys: raft.server.staging.catchup.gap = 1000 (default)
datanode_2  | 2019-11-04 03:28:11,016 INFO server.RaftServerConfigKeys: raft.server.rpc.sleep.time = 25ms (default)
datanode_2  | 2019-11-04 03:28:11,017 INFO server.RaftServerConfigKeys: raft.server.write.element-limit = 4096 (default)
datanode_3  | 2019-11-04 03:28:11,165 INFO segmented.SegmentedRaftLogWorker: 8341e85b-cca1-4f6a-8148-cdda869727df@group-AF3A8DB199D2-SegmentedRaftLogWorker: created new log segment /data/metadata/ratis/df7c1632-755a-49de-b7d5-af3a8db199d2/current/log_inprogress_0
datanode_2  | 2019-11-04 03:28:11,017 INFO server.RaftServerConfigKeys: raft.server.watch.timeout = 10s (default)
datanode_2  | 2019-11-04 03:28:11,017 INFO server.RaftServerConfigKeys: raft.server.watch.timeout.denomination = 1s (default)
datanode_2  | 2019-11-04 03:28:11,017 INFO server.RaftServerConfigKeys: raft.server.watch.element-limit = 65536 (default)
datanode_2  | 2019-11-04 03:28:11,020 INFO server.RaftServerConfigKeys: raft.server.log.appender.snapshot.chunk.size.max = 16MB (=16777216) (default)
datanode_2  | 2019-11-04 03:28:11,021 INFO server.RaftServerConfigKeys: raft.server.log.appender.buffer.byte-limit = 33554432 (custom)
datanode_2  | 2019-11-04 03:28:11,021 INFO server.RaftServerConfigKeys: raft.server.log.appender.buffer.element-limit = 1 (custom)
datanode_2  | 2019-11-04 03:28:11,025 INFO grpc.GrpcConfigKeys$Server: raft.grpc.server.leader.outstanding.appends.max = 128 (default)
datanode_2  | 2019-11-04 03:28:11,025 INFO server.RaftServerConfigKeys: raft.server.rpc.request.timeout = 3000ms (default)
datanode_2  | 2019-11-04 03:28:11,025 INFO server.RaftServerConfigKeys: raft.server.log.appender.install.snapshot.enabled = false (custom)
datanode_2  | 2019-11-04 03:28:11,027 WARN impl.MetricRegistriesImpl: First MetricRegistry has been created without registering reporters. You may need to call MetricRegistries.global().addReportRegistration(...) before.
datanode_2  | 2019-11-04 03:28:11,028 INFO server.RaftServerConfigKeys: raft.server.log.appender.snapshot.chunk.size.max = 16MB (=16777216) (default)
datanode_2  | 2019-11-04 03:28:11,028 INFO server.RaftServerConfigKeys: raft.server.log.appender.buffer.byte-limit = 33554432 (custom)
datanode_2  | 2019-11-04 03:28:11,028 INFO server.RaftServerConfigKeys: raft.server.log.appender.buffer.element-limit = 1 (custom)
datanode_2  | 2019-11-04 03:28:11,028 INFO grpc.GrpcConfigKeys$Server: raft.grpc.server.leader.outstanding.appends.max = 128 (default)
datanode_2  | 2019-11-04 03:28:11,029 INFO server.RaftServerConfigKeys: raft.server.rpc.request.timeout = 3000ms (default)
datanode_2  | 2019-11-04 03:28:11,029 INFO server.RaftServerConfigKeys: raft.server.log.appender.install.snapshot.enabled = false (custom)
datanode_2  | 2019-11-04 03:28:11,032 INFO impl.RoleInfo: 6b782a29-4de0-4740-a39c-e41207e85b49: start LeaderState
datanode_2  | 2019-11-04 03:28:11,033 INFO segmented.SegmentedRaftLogWorker: 6b782a29-4de0-4740-a39c-e41207e85b49@group-AF3A8DB199D2-SegmentedRaftLogWorker: Starting segment from index:0
datanode_2  | 2019-11-04 03:28:11,066 INFO impl.RaftServerImpl: 6b782a29-4de0-4740-a39c-e41207e85b49@group-AF3A8DB199D2: set configuration 0: [72b39639-6740-431b-903a-4582c61b2357:172.18.0.6:9858, 6b782a29-4de0-4740-a39c-e41207e85b49:172.18.0.4:9858, 8341e85b-cca1-4f6a-8148-cdda869727df:172.18.0.5:9858], old=null at 0
datanode_2  | 2019-11-04 03:28:11,091 INFO segmented.SegmentedRaftLogWorker: 6b782a29-4de0-4740-a39c-e41207e85b49@group-AF3A8DB199D2-SegmentedRaftLogWorker: created new log segment /data/metadata/ratis/df7c1632-755a-49de-b7d5-af3a8db199d2/current/log_inprogress_0
datanode_2  | 2019-11-04 03:28:47,951 WARN client.GrpcClientProtocolService: 2-OrderedRequestStreamObserver2: onError: org.apache.ratis.thirdparty.io.grpc.StatusRuntimeException: CANCELLED: cancelled before receiving half close
datanode_2  | 2019-11-04 03:28:47,951 WARN client.GrpcClientProtocolService: 3-UnorderedRequestStreamObserver3: onError: org.apache.ratis.thirdparty.io.grpc.StatusRuntimeException: CANCELLED: cancelled before receiving half close
datanode_2  | 2019-11-04 03:29:01,415 WARN client.GrpcClientProtocolService: 5-UnorderedRequestStreamObserver5: onError: org.apache.ratis.thirdparty.io.grpc.StatusRuntimeException: CANCELLED: cancelled before receiving half close
datanode_2  | 2019-11-04 03:29:01,415 WARN client.GrpcClientProtocolService: 4-OrderedRequestStreamObserver4: onError: org.apache.ratis.thirdparty.io.grpc.StatusRuntimeException: CANCELLED: cancelled before receiving half close
datanode_2  | 2019-11-04 03:29:14,961 WARN client.GrpcClientProtocolService: 6-OrderedRequestStreamObserver6: onError: org.apache.ratis.thirdparty.io.grpc.StatusRuntimeException: CANCELLED: cancelled before receiving half close
datanode_2  | 2019-11-04 03:29:14,961 WARN client.GrpcClientProtocolService: 7-UnorderedRequestStreamObserver7: onError: org.apache.ratis.thirdparty.io.grpc.StatusRuntimeException: CANCELLED: cancelled before receiving half close
datanode_2  | 2019-11-04 03:29:28,356 WARN client.GrpcClientProtocolService: 9-UnorderedRequestStreamObserver9: onError: org.apache.ratis.thirdparty.io.grpc.StatusRuntimeException: CANCELLED: cancelled before receiving half close
datanode_2  | 2019-11-04 03:29:28,356 WARN client.GrpcClientProtocolService: 8-OrderedRequestStreamObserver8: onError: org.apache.ratis.thirdparty.io.grpc.StatusRuntimeException: CANCELLED: cancelled before receiving half close
