datanode_1  | 	at org.apache.ratis.thirdparty.io.grpc.stub.ServerCalls$StreamingServerCallHandler$StreamingServerCallListener.onCancel(ServerCalls.java:269)
nm_1        | 2019-10-28 08:22:01 INFO  NMAuditLogger:94 - USER=hadoop	IP=172.18.0.3	OPERATION=Start Container Request	TARGET=ContainerManageImpl	RESULT=SUCCESS	APPID=application_1572250837688_0001	CONTAINERID=container_1572250837688_0001_01_000003
datanode_3  | 
datanode_2  | 2019-10-28 08:20:53,387 INFO server.RaftServerConfigKeys: raft.server.log.appender.snapshot.chunk.size.max = 16MB (=16777216) (default)
rm_1        | 2019-10-28 08:21:41 INFO  LeafQueue:911 - Application application_1572250837688_0001 from user: hadoop activated in queue: default
datanode_1  | 	at org.apache.ratis.thirdparty.io.grpc.internal.ServerCallImpl$ServerStreamListenerImpl.closed(ServerCallImpl.java:293)
nm_1        | 2019-10-28 08:22:01 INFO  ApplicationImpl:463 - Adding container_1572250837688_0001_01_000003 to application application_1572250837688_0001
datanode_3  | 2019-10-28 08:22:38,079 WARN server.GrpcServerProtocolService: 1f6636bb-c5d7-4c90-a46d-ef51b4623c8d: installSnapshot onError, lastRequest: 2f28b4ed-c742-4c30-882b-9e0c90382b35->1f6636bb-c5d7-4c90-a46d-ef51b4623c8d#125-t2, previous=(t:2, i:87), leaderCommit=86, initializing? false, entries: size=1, first=(t:2, i:88), METADATAENTRY(c86): org.apache.ratis.thirdparty.io.grpc.StatusRuntimeException: CANCELLED: cancelled before receiving half close
datanode_2  | 2019-10-28 08:20:53,387 INFO server.RaftServerConfigKeys: raft.server.log.appender.buffer.byte-limit = 33554432 (custom)
rm_1        | 2019-10-28 08:21:41 INFO  LeafQueue:941 - Application added - appId: application_1572250837688_0001 user: hadoop, leaf-queue: default #user-pending-applications: 0 #user-active-applications: 1 #queue-pending-applications: 0 #queue-active-applications: 1
datanode_1  | 	at org.apache.ratis.thirdparty.io.grpc.internal.ServerImpl$JumpToApplicationThreadServerStreamListener$1Closed.runInContext(ServerImpl.java:741)
nm_1        | 2019-10-28 08:22:01 INFO  ContainerImpl:2126 - Container container_1572250837688_0001_01_000003 transitioned from NEW to LOCALIZING
datanode_3  | Oct 28, 2019 8:22:38 AM org.apache.ratis.thirdparty.io.grpc.internal.SerializingExecutor run
datanode_2  | 2019-10-28 08:20:53,387 INFO server.RaftServerConfigKeys: raft.server.log.appender.buffer.element-limit = 1 (custom)
rm_1        | 2019-10-28 08:21:41 INFO  CapacityScheduler:1000 - Added Application Attempt appattempt_1572250837688_0001_000001 to scheduler from user hadoop in queue default
datanode_1  | 	at org.apache.ratis.thirdparty.io.grpc.internal.ContextRunnable.run(ContextRunnable.java:37)
nm_1        | 2019-10-28 08:22:01 INFO  AuxServices:350 - Got event CONTAINER_INIT for appId application_1572250837688_0001
datanode_3  | SEVERE: Exception while executing runnable org.apache.ratis.thirdparty.io.grpc.internal.ServerImpl$JumpToApplicationThreadServerStreamListener$1Closed@3479635f
rm_1        | 2019-10-28 08:21:41 INFO  RMAppAttemptImpl:927 - appattempt_1572250837688_0001_000001 State change from SUBMITTED to SCHEDULED on event = ATTEMPT_ADDED
datanode_2  | 2019-10-28 08:20:53,390 INFO grpc.GrpcConfigKeys$Server: raft.grpc.server.leader.outstanding.appends.max = 128 (default)
datanode_1  | 	at org.apache.ratis.thirdparty.io.grpc.internal.SerializingExecutor.run(SerializingExecutor.java:123)
nm_1        | 2019-10-28 08:22:01 INFO  AuxServices:350 - Got event APPLICATION_INIT for appId application_1572250837688_0001
datanode_3  | org.apache.ratis.thirdparty.io.grpc.StatusRuntimeException: CANCELLED: call already cancelled
rm_1        | 2019-10-28 08:21:41 INFO  AbstractContainerAllocator:129 - assignedContainer application attempt=appattempt_1572250837688_0001_000001 container=null queue=default clusterResource=<memory:8192, vCores:8> type=OFF_SWITCH requestedPartition=
datanode_2  | 2019-10-28 08:20:53,390 INFO server.RaftServerConfigKeys: raft.server.rpc.request.timeout = 3000ms (default)
nm_1        | 2019-10-28 08:22:01 INFO  AuxServices:354 - Got APPLICATION_INIT for service mapreduce_shuffle
datanode_1  | 	at java.base/java.util.concurrent.ThreadPoolExecutor.runWorker(ThreadPoolExecutor.java:1128)
datanode_3  | 	at org.apache.ratis.thirdparty.io.grpc.Status.asRuntimeException(Status.java:517)
rm_1        | 2019-10-28 08:21:41 INFO  RMContainerImpl:480 - container_1572250837688_0001_01_000001 Container Transitioned from NEW to ALLOCATED
datanode_2  | 2019-10-28 08:20:53,390 INFO server.RaftServerConfigKeys: raft.server.log.appender.install.snapshot.enabled = false (custom)
nm_1        | 2019-10-28 08:22:01 INFO  ShuffleHandler:719 - Added token for job_1572250837688_0001
datanode_1  | 	at java.base/java.util.concurrent.ThreadPoolExecutor$Worker.run(ThreadPoolExecutor.java:628)
rm_1        | 2019-10-28 08:21:41 INFO  FiCaSchedulerNode:169 - Assigned container container_1572250837688_0001_01_000001 of capacity <memory:2048, vCores:1> on host nm:43214, which has 1 containers, <memory:2048, vCores:1> used and <memory:6144, vCores:7> available after allocation
datanode_3  | 	at org.apache.ratis.thirdparty.io.grpc.stub.ServerCalls$ServerCallStreamObserverImpl.onCompleted(ServerCalls.java:356)
datanode_2  | 2019-10-28 08:20:53,391 WARN impl.MetricRegistriesImpl: First MetricRegistry has been created without registering reporters. You may need to call MetricRegistries.global().addReportRegistration(...) before.
datanode_1  | 	at java.base/java.lang.Thread.run(Thread.java:834)
rm_1        | 2019-10-28 08:21:41 INFO  RMAuditLogger:231 - USER=hadoop	OPERATION=AM Allocated Container	TARGET=SchedulerApp	RESULT=SUCCESS	APPID=application_1572250837688_0001	CONTAINERID=container_1572250837688_0001_01_000001	RESOURCE=<memory:2048, vCores:1>	QUEUENAME=default
datanode_3  | 	at org.apache.ratis.grpc.server.GrpcServerProtocolService$ServerRequestStreamObserver.onError(GrpcServerProtocolService.java:121)
nm_1        | 2019-10-28 08:22:01 INFO  ContainerImpl:2126 - Container container_1572250837688_0001_01_000003 transitioned from LOCALIZING to SCHEDULED
datanode_1  | 
rm_1        | 2019-10-28 08:21:41 INFO  NMTokenSecretManagerInRM:200 - Sending NMToken for nodeId : nm:43214 for container : container_1572250837688_0001_01_000001
datanode_3  | 	at org.apache.ratis.thirdparty.io.grpc.stub.ServerCalls$StreamingServerCallHandler$StreamingServerCallListener.onCancel(ServerCalls.java:269)
datanode_2  | 2019-10-28 08:20:53,392 INFO server.RaftServerConfigKeys: raft.server.log.appender.snapshot.chunk.size.max = 16MB (=16777216) (default)
datanode_1  | 2019-10-28 08:22:39,198 INFO client.GrpcClientProtocolService: Failed RaftClientRequest:client-2E4C8742E254->622763b3-acd9-49d8-b833-6b4f4188bd78@group-7A491C3A0085, cid=9, seq=0, Watch-ALL_COMMITTED(86), Message:<EMPTY>, reply=RaftClientReply:client-2E4C8742E254->622763b3-acd9-49d8-b833-6b4f4188bd78@group-7A491C3A0085, cid=9, FAILED org.apache.ratis.protocol.NotLeaderException: Server 622763b3-acd9-49d8-b833-6b4f4188bd78@group-7A491C3A0085 is not the leader 2f28b4ed-c742-4c30-882b-9e0c90382b35:172.18.0.6:9858, logIndex=0, commits[622763b3-acd9-49d8-b833-6b4f4188bd78:c88, 1f6636bb-c5d7-4c90-a46d-ef51b4623c8d:c85, 2f28b4ed-c742-4c30-882b-9e0c90382b35:c88]
rm_1        | 2019-10-28 08:21:41 INFO  RMContainerImpl:480 - container_1572250837688_0001_01_000001 Container Transitioned from ALLOCATED to ACQUIRED
datanode_3  | 	at org.apache.ratis.thirdparty.io.grpc.internal.ServerCallImpl$ServerStreamListenerImpl.closed(ServerCallImpl.java:293)
datanode_2  | 2019-10-28 08:20:53,393 INFO server.RaftServerConfigKeys: raft.server.log.appender.buffer.byte-limit = 33554432 (custom)
nm_1        | 2019-10-28 08:22:01 INFO  ContainerScheduler:511 - Starting container [container_1572250837688_0001_01_000003]
rm_1        | 2019-10-28 08:21:41 INFO  NMTokenSecretManagerInRM:146 - Clear node set for appattempt_1572250837688_0001_000001
datanode_3  | 	at org.apache.ratis.thirdparty.io.grpc.internal.ServerImpl$JumpToApplicationThreadServerStreamListener$1Closed.runInContext(ServerImpl.java:741)
datanode_2  | 2019-10-28 08:20:53,393 INFO server.RaftServerConfigKeys: raft.server.log.appender.buffer.element-limit = 1 (custom)
nm_1        | 2019-10-28 08:22:01 INFO  Configuration:3318 - Removed undeclared tags:
datanode_3  | 	at org.apache.ratis.thirdparty.io.grpc.internal.ContextRunnable.run(ContextRunnable.java:37)
rm_1        | 2019-10-28 08:21:41 INFO  RMAppAttemptImpl:2221 - Storing attempt: AppId: application_1572250837688_0001 AttemptId: appattempt_1572250837688_0001_000001 MasterContainer: Container: [ContainerId: container_1572250837688_0001_01_000001, AllocationRequestId: -1, Version: 0, NodeId: nm:43214, NodeHttpAddress: nm:8042, Resource: <memory:2048, vCores:1>, Priority: 0, Token: Token { kind: ContainerToken, service: 172.18.0.3:43214 }, ExecutionType: GUARANTEED, ]
datanode_2  | 2019-10-28 08:20:53,393 INFO grpc.GrpcConfigKeys$Server: raft.grpc.server.leader.outstanding.appends.max = 128 (default)
nm_1        | 2019-10-28 08:22:01 INFO  ContainerImpl:2126 - Container container_1572250837688_0001_01_000003 transitioned from SCHEDULED to RUNNING
datanode_3  | 	at org.apache.ratis.thirdparty.io.grpc.internal.SerializingExecutor.run(SerializingExecutor.java:123)
datanode_2  | 2019-10-28 08:20:53,393 INFO server.RaftServerConfigKeys: raft.server.rpc.request.timeout = 3000ms (default)
nm_1        | 2019-10-28 08:22:01 INFO  ContainersMonitorImpl:943 - Starting resource-monitoring for container_1572250837688_0001_01_000003
datanode_3  | 	at java.base/java.util.concurrent.ThreadPoolExecutor.runWorker(ThreadPoolExecutor.java:1128)
datanode_2  | 2019-10-28 08:20:53,393 INFO server.RaftServerConfigKeys: raft.server.log.appender.install.snapshot.enabled = false (custom)
nm_1        | 2019-10-28 08:22:01 INFO  DefaultContainerExecutor:370 - launchContainer: [bash, /tmp/hadoop-hadoop/nm-local-dir/usercache/hadoop/appcache/application_1572250837688_0001/container_1572250837688_0001_01_000003/default_container_executor.sh]
datanode_3  | 	at java.base/java.util.concurrent.ThreadPoolExecutor$Worker.run(ThreadPoolExecutor.java:628)
nm_1        | 2019-10-28 08:22:01 INFO  NodeStatusUpdaterImpl:696 - Removed completed containers from NM context: [container_1572250837688_0001_01_000002]
datanode_2  | 2019-10-28 08:20:53,395 INFO impl.RoleInfo: 2f28b4ed-c742-4c30-882b-9e0c90382b35: start LeaderState
rm_1        | 2019-10-28 08:21:41 INFO  ParentQueue:1340 - assignedContainer queue=root usedCapacity=0.25 absoluteUsedCapacity=0.25 used=<memory:2048, vCores:1> cluster=<memory:8192, vCores:8>
datanode_3  | 	at java.base/java.lang.Thread.run(Thread.java:834)
nm_1        | 2019-10-28 08:22:03 INFO  ContainersMonitorImpl:567 - container_1572250837688_0001_01_000003's ip = 172.18.0.3, and hostname = nm
datanode_2  | 2019-10-28 08:20:53,396 INFO segmented.SegmentedRaftLogWorker: 2f28b4ed-c742-4c30-882b-9e0c90382b35@group-7A491C3A0085-SegmentedRaftLogWorker: Starting segment from index:0
rm_1        | 2019-10-28 08:21:41 INFO  CapacityScheduler:2894 - Allocation proposal accepted
datanode_3  | 
nm_1        | 2019-10-28 08:22:06 INFO  ContainersMonitorImpl:468 - Skipping monitoring container container_1572250837688_0001_01_000003 since CPU usage is not yet available.
datanode_2  | 2019-10-28 08:20:53,397 INFO impl.RaftServerImpl: 2f28b4ed-c742-4c30-882b-9e0c90382b35@group-7A491C3A0085: set configuration 0: [1f6636bb-c5d7-4c90-a46d-ef51b4623c8d:172.18.0.8:9858, 2f28b4ed-c742-4c30-882b-9e0c90382b35:172.18.0.6:9858, 622763b3-acd9-49d8-b833-6b4f4188bd78:172.18.0.5:9858], old=null at 0
rm_1        | 2019-10-28 08:21:41 INFO  RMAppAttemptImpl:927 - appattempt_1572250837688_0001_000001 State change from SCHEDULED to ALLOCATED_SAVING on event = CONTAINER_ALLOCATED
nm_1        | 2019-10-28 08:22:07 INFO  ContainerLaunch:589 - Container container_1572250837688_0001_01_000003 succeeded 
datanode_2  | 2019-10-28 08:20:53,450 INFO segmented.SegmentedRaftLogWorker: 2f28b4ed-c742-4c30-882b-9e0c90382b35@group-7A491C3A0085-SegmentedRaftLogWorker: created new log segment /data/metadata/ratis/6252b912-d8b4-4b01-814a-7a491c3a0085/current/log_inprogress_0
rm_1        | 2019-10-28 08:21:41 INFO  RMAppAttemptImpl:927 - appattempt_1572250837688_0001_000001 State change from ALLOCATED_SAVING to ALLOCATED on event = ATTEMPT_NEW_SAVED
datanode_2  | 2019-10-28 08:21:10,959 WARN client.GrpcClientProtocolService: 0-OrderedRequestStreamObserver0: onError: org.apache.ratis.thirdparty.io.grpc.StatusRuntimeException: CANCELLED: cancelled before receiving half close
nm_1        | 2019-10-28 08:22:07 INFO  ContainerImpl:2126 - Container container_1572250837688_0001_01_000003 transitioned from RUNNING to EXITED_WITH_SUCCESS
rm_1        | 2019-10-28 08:21:41 INFO  AMLauncher:307 - Launching masterappattempt_1572250837688_0001_000001
datanode_2  | 2019-10-28 08:22:31,319 WARN server.GrpcLogAppender: 2f28b4ed-c742-4c30-882b-9e0c90382b35@group-7A491C3A0085->1f6636bb-c5d7-4c90-a46d-ef51b4623c8d-GrpcLogAppender: appendEntries Timeout, request=AppendEntriesRequest:cid=116,entriesCount=1,lastEntry=(t:2, i:84)
nm_1        | 2019-10-28 08:22:07 INFO  ContainerLaunch:745 - Cleaning up container container_1572250837688_0001_01_000003
rm_1        | 2019-10-28 08:21:41 INFO  AMLauncher:109 - Setting up container Container: [ContainerId: container_1572250837688_0001_01_000001, AllocationRequestId: -1, Version: 0, NodeId: nm:43214, NodeHttpAddress: nm:8042, Resource: <memory:2048, vCores:1>, Priority: 0, Token: Token { kind: ContainerToken, service: 172.18.0.3:43214 }, ExecutionType: GUARANTEED, ] for AM appattempt_1572250837688_0001_000001
datanode_2  | 2019-10-28 08:22:31,319 WARN server.GrpcLogAppender: 2f28b4ed-c742-4c30-882b-9e0c90382b35@group-7A491C3A0085->622763b3-acd9-49d8-b833-6b4f4188bd78-GrpcLogAppender: appendEntries Timeout, request=AppendEntriesRequest:cid=116,entriesCount=1,lastEntry=(t:2, i:84)
nm_1        | 2019-10-28 08:22:07 INFO  Configuration:3318 - Removed undeclared tags:
rm_1        | 2019-10-28 08:21:41 INFO  AMRMTokenSecretManager:195 - Create AMRMToken for ApplicationAttempt: appattempt_1572250837688_0001_000001
datanode_2  | 2019-10-28 08:22:31,451 WARN server.GrpcLogAppender: 2f28b4ed-c742-4c30-882b-9e0c90382b35@group-7A491C3A0085->622763b3-acd9-49d8-b833-6b4f4188bd78-AppendLogResponseHandler: Failed appendEntries: org.apache.ratis.thirdparty.io.grpc.StatusRuntimeException: CANCELLED: Failed to read message.
nm_1        | 2019-10-28 08:22:07 INFO  DefaultContainerExecutor:634 - Deleting absolute path : /tmp/hadoop-hadoop/nm-local-dir/usercache/hadoop/appcache/application_1572250837688_0001/container_1572250837688_0001_01_000003/launch_container.sh
datanode_2  | 2019-10-28 08:22:31,451 WARN server.GrpcLogAppender: 2f28b4ed-c742-4c30-882b-9e0c90382b35@group-7A491C3A0085->1f6636bb-c5d7-4c90-a46d-ef51b4623c8d-AppendLogResponseHandler: Failed appendEntries: org.apache.ratis.thirdparty.io.grpc.StatusRuntimeException: CANCELLED: Failed to read message.
rm_1        | 2019-10-28 08:21:41 INFO  AMRMTokenSecretManager:307 - Creating password for appattempt_1572250837688_0001_000001
datanode_2  | 2019-10-28 08:22:31,461 INFO impl.FollowerInfo: 2f28b4ed-c742-4c30-882b-9e0c90382b35@group-7A491C3A0085->1f6636bb-c5d7-4c90-a46d-ef51b4623c8d: nextIndex: updateUnconditionally 87 -> 84
rm_1        | 2019-10-28 08:21:41 INFO  AMLauncher:130 - Done launching container Container: [ContainerId: container_1572250837688_0001_01_000001, AllocationRequestId: -1, Version: 0, NodeId: nm:43214, NodeHttpAddress: nm:8042, Resource: <memory:2048, vCores:1>, Priority: 0, Token: Token { kind: ContainerToken, service: 172.18.0.3:43214 }, ExecutionType: GUARANTEED, ] for AM appattempt_1572250837688_0001_000001
nm_1        | 2019-10-28 08:22:07 INFO  DefaultContainerExecutor:634 - Deleting absolute path : /tmp/hadoop-hadoop/nm-local-dir/usercache/hadoop/appcache/application_1572250837688_0001/container_1572250837688_0001_01_000003/container_tokens
datanode_2  | 2019-10-28 08:22:31,461 INFO impl.FollowerInfo: 2f28b4ed-c742-4c30-882b-9e0c90382b35@group-7A491C3A0085->622763b3-acd9-49d8-b833-6b4f4188bd78: nextIndex: updateUnconditionally 87 -> 84
rm_1        | 2019-10-28 08:21:41 INFO  RMAppAttemptImpl:927 - appattempt_1572250837688_0001_000001 State change from ALLOCATED to LAUNCHED on event = LAUNCHED
nm_1        | 2019-10-28 08:22:07 INFO  NMAuditLogger:94 - USER=hadoop	OPERATION=Container Finished - Succeeded	TARGET=ContainerImpl	RESULT=SUCCESS	APPID=application_1572250837688_0001	CONTAINERID=container_1572250837688_0001_01_000003
datanode_2  | 2019-10-28 08:22:36,978 WARN server.GrpcLogAppender: 2f28b4ed-c742-4c30-882b-9e0c90382b35@group-7A491C3A0085->1f6636bb-c5d7-4c90-a46d-ef51b4623c8d-GrpcLogAppender: appendEntries Timeout, request=AppendEntriesRequest:cid=125,entriesCount=1,lastEntry=(t:2, i:88)
rm_1        | 2019-10-28 08:21:42 INFO  RMContainerImpl:480 - container_1572250837688_0001_01_000001 Container Transitioned from ACQUIRED to RUNNING
nm_1        | 2019-10-28 08:22:07 INFO  ContainerImpl:2126 - Container container_1572250837688_0001_01_000003 transitioned from EXITED_WITH_SUCCESS to DONE
rm_1        | 2019-10-28 08:21:50 INFO  Server:1845 - Auth successful for appattempt_1572250837688_0001_000001 (auth:SIMPLE)
nm_1        | 2019-10-28 08:22:07 INFO  ApplicationImpl:512 - Removing container_1572250837688_0001_01_000003 from application application_1572250837688_0001
rm_1        | 2019-10-28 08:21:51 INFO  DefaultAMSProcessor:127 - AM registration appattempt_1572250837688_0001_000001
rm_1        | 2019-10-28 08:21:51 INFO  RMAuditLogger:294 - USER=hadoop	IP=172.18.0.3	OPERATION=Register App Master	TARGET=ApplicationMasterService	RESULT=SUCCESS	APPID=application_1572250837688_0001	APPATTEMPTID=appattempt_1572250837688_0001_000001
nm_1        | 2019-10-28 08:22:07 INFO  ContainersMonitorImpl:934 - Stopping resource-monitoring for container_1572250837688_0001_01_000003
rm_1        | 2019-10-28 08:21:51 INFO  RMAppAttemptImpl:927 - appattempt_1572250837688_0001_000001 State change from LAUNCHED to RUNNING on event = REGISTERED
nm_1        | 2019-10-28 08:22:07 INFO  AuxServices:350 - Got event CONTAINER_STOP for appId application_1572250837688_0001
datanode_2  | 2019-10-28 08:22:38,078 WARN server.GrpcLogAppender: 2f28b4ed-c742-4c30-882b-9e0c90382b35@group-7A491C3A0085->1f6636bb-c5d7-4c90-a46d-ef51b4623c8d-AppendLogResponseHandler: Failed appendEntries: org.apache.ratis.thirdparty.io.grpc.StatusRuntimeException: CANCELLED: Failed to read message.
rm_1        | 2019-10-28 08:21:51 INFO  RMAppImpl:912 - application_1572250837688_0001 State change from ACCEPTED to RUNNING on event = ATTEMPT_REGISTERED
nm_1        | 2019-10-28 08:22:08 INFO  Server:1845 - Auth successful for appattempt_1572250837688_0001_000001 (auth:SIMPLE)
rm_1        | 2019-10-28 08:21:53 INFO  AbstractContainerAllocator:129 - assignedContainer application attempt=appattempt_1572250837688_0001_000001 container=null queue=default clusterResource=<memory:8192, vCores:8> type=RACK_LOCAL requestedPartition=
nm_1        | 2019-10-28 08:22:08 INFO  ContainerManagerImpl:1070 - Start request for container_1572250837688_0001_01_000004 by user hadoop
datanode_2  | 2019-10-28 08:22:38,082 INFO impl.FollowerInfo: 2f28b4ed-c742-4c30-882b-9e0c90382b35@group-7A491C3A0085->1f6636bb-c5d7-4c90-a46d-ef51b4623c8d: nextIndex: updateUnconditionally 89 -> 88
rm_1        | 2019-10-28 08:21:53 INFO  RMContainerImpl:480 - container_1572250837688_0001_01_000002 Container Transitioned from NEW to ALLOCATED
nm_1        | 2019-10-28 08:22:08 INFO  NMAuditLogger:94 - USER=hadoop	IP=172.18.0.3	OPERATION=Start Container Request	TARGET=ContainerManageImpl	RESULT=SUCCESS	APPID=application_1572250837688_0001	CONTAINERID=container_1572250837688_0001_01_000004
rm_1        | 2019-10-28 08:21:53 INFO  FiCaSchedulerNode:169 - Assigned container container_1572250837688_0001_01_000002 of capacity <memory:4096, vCores:1> on host nm:43214, which has 2 containers, <memory:6144, vCores:2> used and <memory:2048, vCores:6> available after allocation
rm_1        | 2019-10-28 08:21:53 INFO  RMAuditLogger:231 - USER=hadoop	OPERATION=AM Allocated Container	TARGET=SchedulerApp	RESULT=SUCCESS	APPID=application_1572250837688_0001	CONTAINERID=container_1572250837688_0001_01_000002	RESOURCE=<memory:4096, vCores:1>	QUEUENAME=default
nm_1        | 2019-10-28 08:22:08 INFO  ApplicationImpl:463 - Adding container_1572250837688_0001_01_000004 to application application_1572250837688_0001
rm_1        | 2019-10-28 08:21:53 INFO  ParentQueue:1340 - assignedContainer queue=root usedCapacity=0.75 absoluteUsedCapacity=0.75 used=<memory:6144, vCores:2> cluster=<memory:8192, vCores:8>
nm_1        | 2019-10-28 08:22:08 INFO  ContainerImpl:2126 - Container container_1572250837688_0001_01_000004 transitioned from NEW to LOCALIZING
rm_1        | 2019-10-28 08:21:53 INFO  CapacityScheduler:2894 - Allocation proposal accepted
nm_1        | 2019-10-28 08:22:08 INFO  AuxServices:350 - Got event CONTAINER_INIT for appId application_1572250837688_0001
nm_1        | 2019-10-28 08:22:08 INFO  AuxServices:350 - Got event APPLICATION_INIT for appId application_1572250837688_0001
nm_1        | 2019-10-28 08:22:08 INFO  AuxServices:354 - Got APPLICATION_INIT for service mapreduce_shuffle
rm_1        | 2019-10-28 08:21:54 INFO  NMTokenSecretManagerInRM:200 - Sending NMToken for nodeId : nm:43214 for container : container_1572250837688_0001_01_000002
nm_1        | 2019-10-28 08:22:08 INFO  ShuffleHandler:719 - Added token for job_1572250837688_0001
rm_1        | 2019-10-28 08:21:54 INFO  RMContainerImpl:480 - container_1572250837688_0001_01_000002 Container Transitioned from ALLOCATED to ACQUIRED
nm_1        | 2019-10-28 08:22:08 INFO  ContainerImpl:2126 - Container container_1572250837688_0001_01_000004 transitioned from LOCALIZING to SCHEDULED
rm_1        | 2019-10-28 08:21:55 INFO  RMContainerImpl:480 - container_1572250837688_0001_01_000002 Container Transitioned from ACQUIRED to RUNNING
nm_1        | 2019-10-28 08:22:08 INFO  ContainerScheduler:511 - Starting container [container_1572250837688_0001_01_000004]
rm_1        | 2019-10-28 08:21:59 INFO  RMContainerImpl:480 - container_1572250837688_0001_01_000002 Container Transitioned from RUNNING to COMPLETED
nm_1        | 2019-10-28 08:22:08 INFO  Configuration:3318 - Removed undeclared tags:
nm_1        | 2019-10-28 08:22:08 INFO  ContainerImpl:2126 - Container container_1572250837688_0001_01_000004 transitioned from SCHEDULED to RUNNING
nm_1        | 2019-10-28 08:22:08 INFO  ContainersMonitorImpl:943 - Starting resource-monitoring for container_1572250837688_0001_01_000004
rm_1        | 2019-10-28 08:21:59 INFO  RMAuditLogger:231 - USER=hadoop	OPERATION=AM Released Container	TARGET=SchedulerApp	RESULT=SUCCESS	APPID=application_1572250837688_0001	CONTAINERID=container_1572250837688_0001_01_000002	RESOURCE=<memory:4096, vCores:1>	QUEUENAME=default
nm_1        | 2019-10-28 08:22:08 INFO  DefaultContainerExecutor:370 - launchContainer: [bash, /tmp/hadoop-hadoop/nm-local-dir/usercache/hadoop/appcache/application_1572250837688_0001/container_1572250837688_0001_01_000004/default_container_executor.sh]
rm_1        | 2019-10-28 08:22:00 INFO  AbstractContainerAllocator:129 - assignedContainer application attempt=appattempt_1572250837688_0001_000001 container=null queue=default clusterResource=<memory:8192, vCores:8> type=RACK_LOCAL requestedPartition=
nm_1        | 2019-10-28 08:22:09 INFO  NodeStatusUpdaterImpl:696 - Removed completed containers from NM context: [container_1572250837688_0001_01_000003]
nm_1        | 2019-10-28 08:22:09 INFO  ContainersMonitorImpl:567 - container_1572250837688_0001_01_000004's ip = 172.18.0.3, and hostname = nm
nm_1        | 2019-10-28 08:22:12 INFO  ContainersMonitorImpl:468 - Skipping monitoring container container_1572250837688_0001_01_000004 since CPU usage is not yet available.
rm_1        | 2019-10-28 08:22:00 INFO  RMContainerImpl:480 - container_1572250837688_0001_01_000003 Container Transitioned from NEW to ALLOCATED
rm_1        | 2019-10-28 08:22:00 INFO  FiCaSchedulerNode:169 - Assigned container container_1572250837688_0001_01_000003 of capacity <memory:4096, vCores:1> on host nm:43214, which has 2 containers, <memory:6144, vCores:2> used and <memory:2048, vCores:6> available after allocation
rm_1        | 2019-10-28 08:22:00 INFO  RMAuditLogger:231 - USER=hadoop	OPERATION=AM Allocated Container	TARGET=SchedulerApp	RESULT=SUCCESS	APPID=application_1572250837688_0001	CONTAINERID=container_1572250837688_0001_01_000003	RESOURCE=<memory:4096, vCores:1>	QUEUENAME=default
rm_1        | 2019-10-28 08:22:00 INFO  ParentQueue:1340 - assignedContainer queue=root usedCapacity=0.75 absoluteUsedCapacity=0.75 used=<memory:6144, vCores:2> cluster=<memory:8192, vCores:8>
rm_1        | 2019-10-28 08:22:00 INFO  CapacityScheduler:2894 - Allocation proposal accepted
nm_1        | 2019-10-28 08:22:16 INFO  ContainerLaunch:589 - Container container_1572250837688_0001_01_000004 succeeded 
rm_1        | 2019-10-28 08:22:01 INFO  RMContainerImpl:480 - container_1572250837688_0001_01_000003 Container Transitioned from ALLOCATED to ACQUIRED
nm_1        | 2019-10-28 08:22:16 INFO  ContainerImpl:2126 - Container container_1572250837688_0001_01_000004 transitioned from RUNNING to EXITED_WITH_SUCCESS
rm_1        | 2019-10-28 08:22:01 INFO  RMContainerImpl:480 - container_1572250837688_0001_01_000003 Container Transitioned from ACQUIRED to RUNNING
nm_1        | 2019-10-28 08:22:16 INFO  ContainerLaunch:745 - Cleaning up container container_1572250837688_0001_01_000004
rm_1        | 2019-10-28 08:22:07 INFO  RMContainerImpl:480 - container_1572250837688_0001_01_000003 Container Transitioned from RUNNING to COMPLETED
rm_1        | 2019-10-28 08:22:07 INFO  RMAuditLogger:231 - USER=hadoop	OPERATION=AM Released Container	TARGET=SchedulerApp	RESULT=SUCCESS	APPID=application_1572250837688_0001	CONTAINERID=container_1572250837688_0001_01_000003	RESOURCE=<memory:4096, vCores:1>	QUEUENAME=default
rm_1        | 2019-10-28 08:22:08 INFO  AbstractContainerAllocator:129 - assignedContainer application attempt=appattempt_1572250837688_0001_000001 container=null queue=default clusterResource=<memory:8192, vCores:8> type=RACK_LOCAL requestedPartition=
rm_1        | 2019-10-28 08:22:08 INFO  RMContainerImpl:480 - container_1572250837688_0001_01_000004 Container Transitioned from NEW to ALLOCATED
rm_1        | 2019-10-28 08:22:08 INFO  FiCaSchedulerNode:169 - Assigned container container_1572250837688_0001_01_000004 of capacity <memory:4096, vCores:1> on host nm:43214, which has 2 containers, <memory:6144, vCores:2> used and <memory:2048, vCores:6> available after allocation
nm_1        | 2019-10-28 08:22:16 INFO  Configuration:3318 - Removed undeclared tags:
rm_1        | 2019-10-28 08:22:08 INFO  RMAuditLogger:231 - USER=hadoop	OPERATION=AM Allocated Container	TARGET=SchedulerApp	RESULT=SUCCESS	APPID=application_1572250837688_0001	CONTAINERID=container_1572250837688_0001_01_000004	RESOURCE=<memory:4096, vCores:1>	QUEUENAME=default
nm_1        | 2019-10-28 08:22:16 INFO  DefaultContainerExecutor:634 - Deleting absolute path : /tmp/hadoop-hadoop/nm-local-dir/usercache/hadoop/appcache/application_1572250837688_0001/container_1572250837688_0001_01_000004/launch_container.sh
nm_1        | 2019-10-28 08:22:16 INFO  DefaultContainerExecutor:634 - Deleting absolute path : /tmp/hadoop-hadoop/nm-local-dir/usercache/hadoop/appcache/application_1572250837688_0001/container_1572250837688_0001_01_000004/container_tokens
rm_1        | 2019-10-28 08:22:08 INFO  ParentQueue:1340 - assignedContainer queue=root usedCapacity=0.75 absoluteUsedCapacity=0.75 used=<memory:6144, vCores:2> cluster=<memory:8192, vCores:8>
nm_1        | 2019-10-28 08:22:16 INFO  NMAuditLogger:94 - USER=hadoop	OPERATION=Container Finished - Succeeded	TARGET=ContainerImpl	RESULT=SUCCESS	APPID=application_1572250837688_0001	CONTAINERID=container_1572250837688_0001_01_000004
rm_1        | 2019-10-28 08:22:08 INFO  CapacityScheduler:2894 - Allocation proposal accepted
nm_1        | 2019-10-28 08:22:16 INFO  ContainerImpl:2126 - Container container_1572250837688_0001_01_000004 transitioned from EXITED_WITH_SUCCESS to DONE
rm_1        | 2019-10-28 08:22:08 INFO  RMContainerImpl:480 - container_1572250837688_0001_01_000004 Container Transitioned from ALLOCATED to ACQUIRED
nm_1        | 2019-10-28 08:22:16 INFO  ApplicationImpl:512 - Removing container_1572250837688_0001_01_000004 from application application_1572250837688_0001
rm_1        | 2019-10-28 08:22:09 INFO  RMContainerImpl:480 - container_1572250837688_0001_01_000004 Container Transitioned from ACQUIRED to RUNNING
nm_1        | 2019-10-28 08:22:16 INFO  ContainersMonitorImpl:934 - Stopping resource-monitoring for container_1572250837688_0001_01_000004
rm_1        | 2019-10-28 08:22:09 INFO  AppSchedulingInfo:367 - checking for deactivate of application :application_1572250837688_0001
nm_1        | 2019-10-28 08:22:16 INFO  AuxServices:350 - Got event CONTAINER_STOP for appId application_1572250837688_0001
rm_1        | 2019-10-28 08:22:16 INFO  RMContainerImpl:480 - container_1572250837688_0001_01_000004 Container Transitioned from RUNNING to COMPLETED
rm_1        | 2019-10-28 08:22:16 INFO  RMAuditLogger:231 - USER=hadoop	OPERATION=AM Released Container	TARGET=SchedulerApp	RESULT=SUCCESS	APPID=application_1572250837688_0001	CONTAINERID=container_1572250837688_0001_01_000004	RESOURCE=<memory:4096, vCores:1>	QUEUENAME=default
rm_1        | 2019-10-28 08:22:16 INFO  AbstractContainerAllocator:129 - assignedContainer application attempt=appattempt_1572250837688_0001_000001 container=null queue=default clusterResource=<memory:8192, vCores:8> type=OFF_SWITCH requestedPartition=
nm_1        | 2019-10-28 08:22:16 INFO  Server:1845 - Auth successful for appattempt_1572250837688_0001_000001 (auth:SIMPLE)
rm_1        | 2019-10-28 08:22:16 INFO  RMContainerImpl:480 - container_1572250837688_0001_01_000005 Container Transitioned from NEW to ALLOCATED
nm_1        | 2019-10-28 08:22:16 INFO  ContainerManagerImpl:1070 - Start request for container_1572250837688_0001_01_000005 by user hadoop
rm_1        | 2019-10-28 08:22:16 INFO  FiCaSchedulerNode:169 - Assigned container container_1572250837688_0001_01_000005 of capacity <memory:4096, vCores:1> on host nm:43214, which has 2 containers, <memory:6144, vCores:2> used and <memory:2048, vCores:6> available after allocation
nm_1        | 2019-10-28 08:22:16 INFO  NMAuditLogger:94 - USER=hadoop	IP=172.18.0.3	OPERATION=Start Container Request	TARGET=ContainerManageImpl	RESULT=SUCCESS	APPID=application_1572250837688_0001	CONTAINERID=container_1572250837688_0001_01_000005
rm_1        | 2019-10-28 08:22:16 INFO  RMAuditLogger:231 - USER=hadoop	OPERATION=AM Allocated Container	TARGET=SchedulerApp	RESULT=SUCCESS	APPID=application_1572250837688_0001	CONTAINERID=container_1572250837688_0001_01_000005	RESOURCE=<memory:4096, vCores:1>	QUEUENAME=default
nm_1        | 2019-10-28 08:22:16 INFO  ApplicationImpl:463 - Adding container_1572250837688_0001_01_000005 to application application_1572250837688_0001
rm_1        | 2019-10-28 08:22:16 INFO  ParentQueue:1340 - assignedContainer queue=root usedCapacity=0.75 absoluteUsedCapacity=0.75 used=<memory:6144, vCores:2> cluster=<memory:8192, vCores:8>
nm_1        | 2019-10-28 08:22:16 INFO  ContainerImpl:2126 - Container container_1572250837688_0001_01_000005 transitioned from NEW to LOCALIZING
rm_1        | 2019-10-28 08:22:16 INFO  CapacityScheduler:2894 - Allocation proposal accepted
rm_1        | 2019-10-28 08:22:16 INFO  RMContainerImpl:480 - container_1572250837688_0001_01_000005 Container Transitioned from ALLOCATED to ACQUIRED
nm_1        | 2019-10-28 08:22:16 INFO  AuxServices:350 - Got event CONTAINER_INIT for appId application_1572250837688_0001
rm_1        | 2019-10-28 08:22:17 INFO  RMContainerImpl:480 - container_1572250837688_0001_01_000005 Container Transitioned from ACQUIRED to RUNNING
nm_1        | 2019-10-28 08:22:16 INFO  AuxServices:350 - Got event APPLICATION_INIT for appId application_1572250837688_0001
rm_1        | 2019-10-28 08:22:17 INFO  AppSchedulingInfo:367 - checking for deactivate of application :application_1572250837688_0001
rm_1        | 2019-10-28 08:22:41 INFO  RMContainerImpl:480 - container_1572250837688_0001_01_000005 Container Transitioned from RUNNING to COMPLETED
rm_1        | 2019-10-28 08:22:41 INFO  RMAuditLogger:231 - USER=hadoop	OPERATION=AM Released Container	TARGET=SchedulerApp	RESULT=SUCCESS	APPID=application_1572250837688_0001	CONTAINERID=container_1572250837688_0001_01_000005	RESOURCE=<memory:4096, vCores:1>	QUEUENAME=default
nm_1        | 2019-10-28 08:22:16 INFO  AuxServices:354 - Got APPLICATION_INIT for service mapreduce_shuffle
rm_1        | 2019-10-28 08:22:42 INFO  RMAppAttemptImpl:1420 - Updating application attempt appattempt_1572250837688_0001_000001 with final state: FINISHING, and exit status: -1000
nm_1        | 2019-10-28 08:22:16 INFO  ShuffleHandler:719 - Added token for job_1572250837688_0001
rm_1        | 2019-10-28 08:22:42 INFO  RMAppAttemptImpl:927 - appattempt_1572250837688_0001_000001 State change from RUNNING to FINAL_SAVING on event = UNREGISTERED
rm_1        | 2019-10-28 08:22:42 INFO  RMAppImpl:1278 - Updating application application_1572250837688_0001 with final state: FINISHING
nm_1        | 2019-10-28 08:22:16 INFO  ContainerImpl:2126 - Container container_1572250837688_0001_01_000005 transitioned from LOCALIZING to SCHEDULED
rm_1        | 2019-10-28 08:22:42 INFO  RMStateStore:260 - Updating info for app: application_1572250837688_0001
nm_1        | 2019-10-28 08:22:16 INFO  ContainerScheduler:511 - Starting container [container_1572250837688_0001_01_000005]
rm_1        | 2019-10-28 08:22:42 INFO  RMAppImpl:912 - application_1572250837688_0001 State change from RUNNING to FINAL_SAVING on event = ATTEMPT_UNREGISTERED
nm_1        | 2019-10-28 08:22:16 INFO  Configuration:3318 - Removed undeclared tags:
rm_1        | 2019-10-28 08:22:42 INFO  RMAppAttemptImpl:927 - appattempt_1572250837688_0001_000001 State change from FINAL_SAVING to FINISHING on event = ATTEMPT_UPDATE_SAVED
nm_1        | 2019-10-28 08:22:16 INFO  ContainerImpl:2126 - Container container_1572250837688_0001_01_000005 transitioned from SCHEDULED to RUNNING
rm_1        | 2019-10-28 08:22:42 INFO  RMAppImpl:912 - application_1572250837688_0001 State change from FINAL_SAVING to FINISHING on event = APP_UPDATE_SAVED
rm_1        | 2019-10-28 08:22:43 INFO  ApplicationMasterService:313 - application_1572250837688_0001 unregistered successfully. 
rm_1        | 2019-10-28 08:22:47 INFO  ClientRMService:341 - Allocated new applicationId: 2
nm_1        | 2019-10-28 08:22:16 INFO  ContainersMonitorImpl:943 - Starting resource-monitoring for container_1572250837688_0001_01_000005
nm_1        | 2019-10-28 08:22:16 INFO  DefaultContainerExecutor:370 - launchContainer: [bash, /tmp/hadoop-hadoop/nm-local-dir/usercache/hadoop/appcache/application_1572250837688_0001/container_1572250837688_0001_01_000005/default_container_executor.sh]
rm_1        | 2019-10-28 08:22:48 INFO  RMContainerImpl:480 - container_1572250837688_0001_01_000001 Container Transitioned from RUNNING to COMPLETED
nm_1        | 2019-10-28 08:22:18 INFO  NodeStatusUpdaterImpl:696 - Removed completed containers from NM context: [container_1572250837688_0001_01_000004]
rm_1        | 2019-10-28 08:22:48 INFO  ApplicationMasterService:496 - Unregistering app attempt : appattempt_1572250837688_0001_000001
nm_1        | 2019-10-28 08:22:18 INFO  ContainersMonitorImpl:567 - container_1572250837688_0001_01_000005's ip = 172.18.0.3, and hostname = nm
rm_1        | 2019-10-28 08:22:48 INFO  RMAuditLogger:231 - USER=hadoop	OPERATION=AM Released Container	TARGET=SchedulerApp	RESULT=SUCCESS	APPID=application_1572250837688_0001	CONTAINERID=container_1572250837688_0001_01_000001	RESOURCE=<memory:2048, vCores:1>	QUEUENAME=default
nm_1        | 2019-10-28 08:22:21 INFO  Configuration:3318 - Removed undeclared tags:
rm_1        | 2019-10-28 08:22:48 INFO  AMRMTokenSecretManager:124 - Application finished, removing password for appattempt_1572250837688_0001_000001
nm_1        | 2019-10-28 08:22:21 INFO  Configuration:3318 - Removed undeclared tags:
nm_1        | 2019-10-28 08:22:21 INFO  ContainersMonitorImpl:468 - Skipping monitoring container container_1572250837688_0001_01_000005 since CPU usage is not yet available.
rm_1        | 2019-10-28 08:22:48 INFO  RMAppAttemptImpl:927 - appattempt_1572250837688_0001_000001 State change from FINISHING to FINISHED on event = CONTAINER_FINISHED
nm_1        | 2019-10-28 08:22:41 INFO  ContainerLaunch:589 - Container container_1572250837688_0001_01_000005 succeeded 
rm_1        | 2019-10-28 08:22:48 INFO  RMAppImpl:912 - application_1572250837688_0001 State change from FINISHING to FINISHED on event = ATTEMPT_FINISHED
nm_1        | 2019-10-28 08:22:41 INFO  ContainerImpl:2126 - Container container_1572250837688_0001_01_000005 transitioned from RUNNING to EXITED_WITH_SUCCESS
rm_1        | 2019-10-28 08:22:48 INFO  CapacityScheduler:1049 - Application Attempt appattempt_1572250837688_0001_000001 is done. finalState=FINISHED
rm_1        | 2019-10-28 08:22:48 INFO  AppSchedulingInfo:159 - Application application_1572250837688_0001 requests cleared
rm_1        | 2019-10-28 08:22:49 INFO  AMLauncher:317 - Cleaning master appattempt_1572250837688_0001_000001
nm_1        | 2019-10-28 08:22:41 INFO  ContainerLaunch:745 - Cleaning up container container_1572250837688_0001_01_000005
rm_1        | 2019-10-28 08:22:49 INFO  LeafQueue:1003 - Application removed - appId: application_1572250837688_0001 user: hadoop queue: default #user-pending-applications: 0 #user-active-applications: 0 #queue-pending-applications: 0 #queue-active-applications: 0
nm_1        | 2019-10-28 08:22:41 INFO  Configuration:3318 - Removed undeclared tags:
rm_1        | 2019-10-28 08:22:49 INFO  RMAuditLogger:358 - USER=hadoop	OPERATION=Application Finished - Succeeded	TARGET=RMAppManager	RESULT=SUCCESS	APPID=application_1572250837688_0001
nm_1        | 2019-10-28 08:22:41 INFO  DefaultContainerExecutor:634 - Deleting absolute path : /tmp/hadoop-hadoop/nm-local-dir/usercache/hadoop/appcache/application_1572250837688_0001/container_1572250837688_0001_01_000005/launch_container.sh
nm_1        | 2019-10-28 08:22:41 INFO  DefaultContainerExecutor:634 - Deleting absolute path : /tmp/hadoop-hadoop/nm-local-dir/usercache/hadoop/appcache/application_1572250837688_0001/container_1572250837688_0001_01_000005/container_tokens
rm_1        | 2019-10-28 08:22:49 INFO  ParentQueue:522 - Application removed - appId: application_1572250837688_0001 user: hadoop leaf-queue of parent: root #applications: 0
rm_1        | 2019-10-28 08:22:49 INFO  RMAppManager$ApplicationSummary:212 - appId=application_1572250837688_0001,name=QuasiMonteCarlo,user=hadoop,queue=default,state=FINISHED,trackingUrl=http://rm:8088/proxy/application_1572250837688_0001/,appMasterHost=nm,submitTime=1572250900873,startTime=1572250900962,finishTime=1572250962082,finalStatus=SUCCEEDED,memorySeconds=328454,vcoreSeconds=112,preemptedMemorySeconds=0,preemptedVcoreSeconds=0,preemptedAMContainers=0,preemptedNonAMContainers=0,preemptedResources=<memory:0\, vCores:0>,applicationType=MAPREDUCE,resourceSeconds=328454 MB-seconds\, 112 vcore-seconds,preemptedResourceSeconds=0 MB-seconds\, 0 vcore-seconds
rm_1        | 2019-10-28 08:23:08 INFO  CapacityScheduler:2500 - Application 'application_1572250837688_0002' is submitted without priority hence considering default queue/cluster priority: 0
rm_1        | 2019-10-28 08:23:08 INFO  CapacityScheduler:2521 - Priority '0' is acceptable in queue : default for application: application_1572250837688_0002
nm_1        | 2019-10-28 08:22:41 INFO  NMAuditLogger:94 - USER=hadoop	OPERATION=Container Finished - Succeeded	TARGET=ContainerImpl	RESULT=SUCCESS	APPID=application_1572250837688_0001	CONTAINERID=container_1572250837688_0001_01_000005
nm_1        | 2019-10-28 08:22:41 INFO  ContainerImpl:2126 - Container container_1572250837688_0001_01_000005 transitioned from EXITED_WITH_SUCCESS to DONE
rm_1        | 2019-10-28 08:23:08 INFO  ClientRMService:650 - Application with id 2 submitted by user hadoop
nm_1        | 2019-10-28 08:22:41 INFO  ApplicationImpl:512 - Removing container_1572250837688_0001_01_000005 from application application_1572250837688_0001
rm_1        | 2019-10-28 08:23:08 INFO  RMAppImpl:1259 - Storing application with id application_1572250837688_0002
nm_1        | 2019-10-28 08:22:41 INFO  ContainersMonitorImpl:934 - Stopping resource-monitoring for container_1572250837688_0001_01_000005
rm_1        | 2019-10-28 08:23:08 INFO  RMStateStore:222 - Storing info for app: application_1572250837688_0002
nm_1        | 2019-10-28 08:22:41 INFO  AuxServices:350 - Got event CONTAINER_STOP for appId application_1572250837688_0001
rm_1        | 2019-10-28 08:23:08 INFO  RMAuditLogger:310 - USER=hadoop	IP=172.18.0.7	OPERATION=Submit Application Request	TARGET=ClientRMService	RESULT=SUCCESS	APPID=application_1572250837688_0002	QUEUENAME=default
nm_1        | 2019-10-28 08:22:48 INFO  ContainerLaunch:589 - Container container_1572250837688_0001_01_000001 succeeded 
rm_1        | 2019-10-28 08:23:08 INFO  RMAppImpl:912 - application_1572250837688_0002 State change from NEW to NEW_SAVING on event = START
nm_1        | 2019-10-28 08:22:48 INFO  ContainerImpl:2126 - Container container_1572250837688_0001_01_000001 transitioned from RUNNING to EXITED_WITH_SUCCESS
rm_1        | 2019-10-28 08:23:08 INFO  RMAppImpl:912 - application_1572250837688_0002 State change from NEW_SAVING to SUBMITTED on event = APP_NEW_SAVED
nm_1        | 2019-10-28 08:22:48 INFO  ContainerLaunch:745 - Cleaning up container container_1572250837688_0001_01_000001
rm_1        | 2019-10-28 08:23:08 INFO  ParentQueue:494 - Application added - appId: application_1572250837688_0002 user: hadoop leaf-queue of parent: root #applications: 1
nm_1        | 2019-10-28 08:22:48 INFO  Configuration:3318 - Removed undeclared tags:
rm_1        | 2019-10-28 08:23:08 INFO  CapacityScheduler:954 - Accepted application application_1572250837688_0002 from user: hadoop, in queue: default
nm_1        | 2019-10-28 08:22:48 INFO  DefaultContainerExecutor:634 - Deleting absolute path : /tmp/hadoop-hadoop/nm-local-dir/usercache/hadoop/appcache/application_1572250837688_0001/container_1572250837688_0001_01_000001/launch_container.sh
rm_1        | 2019-10-28 08:23:08 INFO  RMAppImpl:912 - application_1572250837688_0002 State change from SUBMITTED to ACCEPTED on event = APP_ACCEPTED
nm_1        | 2019-10-28 08:22:48 INFO  DefaultContainerExecutor:634 - Deleting absolute path : /tmp/hadoop-hadoop/nm-local-dir/usercache/hadoop/appcache/application_1572250837688_0001/container_1572250837688_0001_01_000001/container_tokens
rm_1        | 2019-10-28 08:23:08 INFO  ApplicationMasterService:479 - Registering app attempt : appattempt_1572250837688_0002_000001
nm_1        | 2019-10-28 08:22:48 INFO  NMAuditLogger:94 - USER=hadoop	OPERATION=Container Finished - Succeeded	TARGET=ContainerImpl	RESULT=SUCCESS	APPID=application_1572250837688_0001	CONTAINERID=container_1572250837688_0001_01_000001
rm_1        | 2019-10-28 08:23:08 INFO  RMAppAttemptImpl:927 - appattempt_1572250837688_0002_000001 State change from NEW to SUBMITTED on event = START
nm_1        | 2019-10-28 08:22:48 INFO  ContainerImpl:2126 - Container container_1572250837688_0001_01_000001 transitioned from EXITED_WITH_SUCCESS to DONE
rm_1        | 2019-10-28 08:23:08 WARN  LeafQueue:846 - maximum-am-resource-percent is insufficient to start a single application in queue, it is likely set too low. skipping enforcement to allow at least one application to start
rm_1        | 2019-10-28 08:23:08 WARN  LeafQueue:882 - maximum-am-resource-percent is insufficient to start a single application in queue for user, it is likely set too low. skipping enforcement to allow at least one application to start
nm_1        | 2019-10-28 08:22:48 INFO  ApplicationImpl:512 - Removing container_1572250837688_0001_01_000001 from application application_1572250837688_0001
rm_1        | 2019-10-28 08:23:08 INFO  LeafQueue:911 - Application application_1572250837688_0002 from user: hadoop activated in queue: default
nm_1        | 2019-10-28 08:22:48 INFO  ContainersMonitorImpl:934 - Stopping resource-monitoring for container_1572250837688_0001_01_000001
rm_1        | 2019-10-28 08:23:08 INFO  LeafQueue:941 - Application added - appId: application_1572250837688_0002 user: hadoop, leaf-queue: default #user-pending-applications: 0 #user-active-applications: 1 #queue-pending-applications: 0 #queue-active-applications: 1
nm_1        | 2019-10-28 08:22:48 INFO  AuxServices:350 - Got event CONTAINER_STOP for appId application_1572250837688_0001
rm_1        | 2019-10-28 08:23:08 INFO  CapacityScheduler:1000 - Added Application Attempt appattempt_1572250837688_0002_000001 to scheduler from user hadoop in queue default
nm_1        | 2019-10-28 08:22:49 INFO  Server:1845 - Auth successful for appattempt_1572250837688_0001_000001 (auth:SIMPLE)
rm_1        | 2019-10-28 08:23:08 INFO  RMAppAttemptImpl:927 - appattempt_1572250837688_0002_000001 State change from SUBMITTED to SCHEDULED on event = ATTEMPT_ADDED
nm_1        | 2019-10-28 08:22:49 INFO  ContainerManagerImpl:1409 - Stopping container with container Id: container_1572250837688_0001_01_000001
nm_1        | 2019-10-28 08:22:49 INFO  NMAuditLogger:94 - USER=hadoop	IP=172.18.0.7	OPERATION=Stop Container Request	TARGET=ContainerManageImpl	RESULT=SUCCESS	APPID=application_1572250837688_0001	CONTAINERID=container_1572250837688_0001_01_000001
rm_1        | 2019-10-28 08:23:09 INFO  AbstractContainerAllocator:129 - assignedContainer application attempt=appattempt_1572250837688_0002_000001 container=null queue=default clusterResource=<memory:8192, vCores:8> type=OFF_SWITCH requestedPartition=
nm_1        | 2019-10-28 08:22:49 INFO  NodeStatusUpdaterImpl:696 - Removed completed containers from NM context: [container_1572250837688_0001_01_000001, container_1572250837688_0001_01_000005]
rm_1        | 2019-10-28 08:23:09 INFO  RMContainerImpl:480 - container_1572250837688_0002_01_000001 Container Transitioned from NEW to ALLOCATED
nm_1        | 2019-10-28 08:22:50 INFO  ApplicationImpl:655 - Application application_1572250837688_0001 transitioned from RUNNING to APPLICATION_RESOURCES_CLEANINGUP
rm_1        | 2019-10-28 08:23:09 INFO  FiCaSchedulerNode:169 - Assigned container container_1572250837688_0002_01_000001 of capacity <memory:2048, vCores:1> on host nm:43214, which has 1 containers, <memory:2048, vCores:1> used and <memory:6144, vCores:7> available after allocation
nm_1        | 2019-10-28 08:22:50 INFO  AuxServices:350 - Got event APPLICATION_STOP for appId application_1572250837688_0001
rm_1        | 2019-10-28 08:23:09 INFO  RMAuditLogger:231 - USER=hadoop	OPERATION=AM Allocated Container	TARGET=SchedulerApp	RESULT=SUCCESS	APPID=application_1572250837688_0002	CONTAINERID=container_1572250837688_0002_01_000001	RESOURCE=<memory:2048, vCores:1>	QUEUENAME=default
nm_1        | 2019-10-28 08:22:50 INFO  ApplicationImpl:655 - Application application_1572250837688_0001 transitioned from APPLICATION_RESOURCES_CLEANINGUP to FINISHED
rm_1        | 2019-10-28 08:23:09 INFO  NMTokenSecretManagerInRM:200 - Sending NMToken for nodeId : nm:43214 for container : container_1572250837688_0002_01_000001
rm_1        | 2019-10-28 08:23:09 INFO  RMContainerImpl:480 - container_1572250837688_0002_01_000001 Container Transitioned from ALLOCATED to ACQUIRED
nm_1        | 2019-10-28 08:22:50 INFO  NonAggregatingLogHandler:173 - Scheduling Log Deletion for application: application_1572250837688_0001, with delay of 10800 seconds
rm_1        | 2019-10-28 08:23:09 INFO  NMTokenSecretManagerInRM:146 - Clear node set for appattempt_1572250837688_0002_000001
nm_1        | 2019-10-28 08:23:09 INFO  Server:1845 - Auth successful for appattempt_1572250837688_0002_000001 (auth:SIMPLE)
rm_1        | 2019-10-28 08:23:09 INFO  ParentQueue:1340 - assignedContainer queue=root usedCapacity=0.25 absoluteUsedCapacity=0.25 used=<memory:2048, vCores:1> cluster=<memory:8192, vCores:8>
nm_1        | 2019-10-28 08:23:09 INFO  ContainerManagerImpl:1070 - Start request for container_1572250837688_0002_01_000001 by user hadoop
rm_1        | 2019-10-28 08:23:09 INFO  CapacityScheduler:2894 - Allocation proposal accepted
nm_1        | 2019-10-28 08:23:09 INFO  ContainerManagerImpl:1122 - Creating a new application reference for app application_1572250837688_0002
rm_1        | 2019-10-28 08:23:09 INFO  RMAppAttemptImpl:2221 - Storing attempt: AppId: application_1572250837688_0002 AttemptId: appattempt_1572250837688_0002_000001 MasterContainer: Container: [ContainerId: container_1572250837688_0002_01_000001, AllocationRequestId: -1, Version: 0, NodeId: nm:43214, NodeHttpAddress: nm:8042, Resource: <memory:2048, vCores:1>, Priority: 0, Token: Token { kind: ContainerToken, service: 172.18.0.3:43214 }, ExecutionType: GUARANTEED, ]
nm_1        | 2019-10-28 08:23:09 INFO  NMAuditLogger:94 - USER=hadoop	IP=172.18.0.7	OPERATION=Start Container Request	TARGET=ContainerManageImpl	RESULT=SUCCESS	APPID=application_1572250837688_0002	CONTAINERID=container_1572250837688_0002_01_000001
rm_1        | 2019-10-28 08:23:09 INFO  RMAppAttemptImpl:927 - appattempt_1572250837688_0002_000001 State change from SCHEDULED to ALLOCATED_SAVING on event = CONTAINER_ALLOCATED
nm_1        | 2019-10-28 08:23:09 INFO  ApplicationImpl:655 - Application application_1572250837688_0002 transitioned from NEW to INITING
