om2_1       | 2019-10-28 08:28:19,135 INFO handler.ContextHandler: Started o.e.j.w.WebAppContext@5696c927{/,file:///tmp/jetty-0.0.0.0-9874-ozoneManager-_-any-16675618609237254180.dir/webapp/,AVAILABLE}{/ozoneManager}
s3g_1       | 	at org.apache.hadoop.ozone.protocol.proto.OzoneManagerProtocolProtos$OzoneManagerService$2.callBlockingMethod(OzoneManagerProtocolProtos.java)
datanode_1  | 2019-10-28 08:28:29,873 INFO impl.RoleInfo: 903b772b-c024-42c7-8eb6-5f7905346284: shutdown FollowerState
datanode_2  | 2019-10-28 08:28:23,904 INFO server.RaftServerConfigKeys: raft.server.staging.catchup.gap = 1000 (default)
om1_1       | 2019-10-28 08:28:19,754 INFO impl.RoleInfo: om1: start LeaderElection
datanode_3  | 2019-10-28 08:28:23,271 INFO impl.RaftServerImpl: 468e3e91-18b2-40e6-b79d-8e9212e7bac3@group-92CDBCE9981A: changes role from CANDIDATE to LEADER at term 1 for changeToLeader
om2_1       | 2019-10-28 08:28:19,143 INFO server.AbstractConnector: Started ServerConnector@5a622fe8{HTTP/1.1,[http/1.1]}{0.0.0.0:9874}
s3g_1       | 	at org.apache.hadoop.ipc.ProtobufRpcEngine$Server$ProtoBufRpcInvoker.call(ProtobufRpcEngine.java:524)
datanode_1  | 2019-10-28 08:28:29,873 INFO impl.RaftServerImpl: 903b772b-c024-42c7-8eb6-5f7905346284@group-AE70D0B99C8A: changes role from  FOLLOWER to CANDIDATE at term 1 for changeToCandidate
om3_1       | 2019-10-28 08:28:19,147 INFO server.Server: Started @4945ms
datanode_2  | 2019-10-28 08:28:23,904 INFO server.RaftServerConfigKeys: raft.server.rpc.sleep.time = 25ms (default)
om1_1       | 2019-10-28 08:28:19,773 INFO impl.LeaderElection: om1@group-562213E44849-LeaderElection1: begin an election at term 1 for -1: [om1:om1:9872, om3:om3:9872, om2:om2:9872], old=null
datanode_3  | 2019-10-28 08:28:23,271 INFO impl.RaftServerImpl: 468e3e91-18b2-40e6-b79d-8e9212e7bac3@group-92CDBCE9981A: change Leader from null to 468e3e91-18b2-40e6-b79d-8e9212e7bac3 at term 1 for becomeLeader, leader elected after 5134ms
s3g_1       | 	at org.apache.hadoop.ipc.RPC$Server.call(RPC.java:1025)
datanode_1  | 2019-10-28 08:28:29,874 INFO impl.RoleInfo: 903b772b-c024-42c7-8eb6-5f7905346284: start LeaderElection
om2_1       | 2019-10-28 08:28:19,144 INFO server.Server: Started @4949ms
om3_1       | 2019-10-28 08:28:19,150 INFO impl.MetricsSinkAdapter: Sink prometheus started
datanode_2  | 2019-10-28 08:28:23,908 INFO server.RaftServerConfigKeys: raft.server.write.element-limit = 4096 (default)
om1_1       | WARNING: An illegal reflective access operation has occurred
datanode_3  | 2019-10-28 08:28:23,274 INFO server.RaftServerConfigKeys: raft.server.staging.catchup.gap = 1000 (default)
s3g_1       | 	at org.apache.hadoop.ipc.Server$RpcCall.run(Server.java:876)
datanode_1  | 2019-10-28 08:28:29,911 INFO impl.LeaderElection: 903b772b-c024-42c7-8eb6-5f7905346284@group-AE70D0B99C8A-LeaderElection3: begin an election at term 2 for -1: [903b772b-c024-42c7-8eb6-5f7905346284:172.18.0.9:9858, 468e3e91-18b2-40e6-b79d-8e9212e7bac3:172.18.0.5:9858, bfd7f686-ae73-4295-a029-c3be1da37abf:172.18.0.6:9858], old=null
om2_1       | 2019-10-28 08:28:19,150 INFO impl.MetricsSinkAdapter: Sink prometheus started
om3_1       | 2019-10-28 08:28:19,150 INFO impl.MetricsSystemImpl: Registered sink prometheus
datanode_2  | 2019-10-28 08:28:23,914 INFO server.RaftServerConfigKeys: raft.server.watch.timeout = 10s (default)
om1_1       | WARNING: Illegal reflective access by org.apache.ratis.thirdparty.com.google.protobuf.UnsafeUtil (file:/opt/hadoop/share/ozone/lib/ratis-thirdparty-misc-0.2.0.jar) to field java.nio.Buffer.address
datanode_3  | 2019-10-28 08:28:23,274 INFO server.RaftServerConfigKeys: raft.server.rpc.sleep.time = 25ms (default)
s3g_1       | 	at org.apache.hadoop.ipc.Server$RpcCall.run(Server.java:822)
datanode_1  | 2019-10-28 08:28:29,964 INFO impl.LeaderElection: 903b772b-c024-42c7-8eb6-5f7905346284@group-AE70D0B99C8A-LeaderElection3: Election REJECTED; received 2 response(s) [903b772b-c024-42c7-8eb6-5f7905346284<-bfd7f686-ae73-4295-a029-c3be1da37abf#0:FAIL-t2, 903b772b-c024-42c7-8eb6-5f7905346284<-468e3e91-18b2-40e6-b79d-8e9212e7bac3#0:FAIL-t2] and 0 exception(s); 903b772b-c024-42c7-8eb6-5f7905346284@group-AE70D0B99C8A:t2, leader=null, voted=903b772b-c024-42c7-8eb6-5f7905346284, raftlog=903b772b-c024-42c7-8eb6-5f7905346284@group-AE70D0B99C8A-SegmentedRaftLog:OPENED:c-1,f-1,i0, conf=-1: [903b772b-c024-42c7-8eb6-5f7905346284:172.18.0.9:9858, 468e3e91-18b2-40e6-b79d-8e9212e7bac3:172.18.0.5:9858, bfd7f686-ae73-4295-a029-c3be1da37abf:172.18.0.6:9858], old=null
om2_1       | 2019-10-28 08:28:19,150 INFO impl.MetricsSystemImpl: Registered sink prometheus
om3_1       | 2019-10-28 08:28:19,152 INFO server.BaseHttpServer: HTTP server of OZONEMANAGER is listening at http://0.0.0.0:9874
datanode_2  | 2019-10-28 08:28:23,915 INFO server.RaftServerConfigKeys: raft.server.watch.timeout.denomination = 1s (default)
om1_1       | WARNING: Please consider reporting this to the maintainers of org.apache.ratis.thirdparty.com.google.protobuf.UnsafeUtil
datanode_3  | 2019-10-28 08:28:23,279 INFO server.RaftServerConfigKeys: raft.server.write.element-limit = 4096 (default)
datanode_1  | 2019-10-28 08:28:29,964 INFO impl.RaftServerImpl: 903b772b-c024-42c7-8eb6-5f7905346284@group-AE70D0B99C8A: changes role from CANDIDATE to FOLLOWER at term 2 for DISCOVERED_A_NEW_TERM
s3g_1       | 	at java.base/java.security.AccessController.doPrivileged(Native Method)
om3_1       | 2019-10-28 08:28:19,699 INFO impl.FollowerState: om3@group-562213E44849-FollowerState: change to CANDIDATE, lastRpcTime:1057ms, electionTimeout:1056ms
datanode_2  | 2019-10-28 08:28:23,916 INFO server.RaftServerConfigKeys: raft.server.watch.element-limit = 65536 (default)
om1_1       | WARNING: Use --illegal-access=warn to enable warnings of further illegal reflective access operations
datanode_3  | 2019-10-28 08:28:23,285 INFO server.RaftServerConfigKeys: raft.server.watch.timeout = 10s (default)
om2_1       | 2019-10-28 08:28:19,152 INFO server.BaseHttpServer: HTTP server of OZONEMANAGER is listening at http://0.0.0.0:9874
datanode_1  | 2019-10-28 08:28:29,965 INFO impl.RoleInfo: 903b772b-c024-42c7-8eb6-5f7905346284: shutdown LeaderElection
s3g_1       | 	at java.base/javax.security.auth.Subject.doAs(Subject.java:423)
om3_1       | 2019-10-28 08:28:19,699 INFO impl.RoleInfo: om3: shutdown FollowerState
datanode_2  | 2019-10-28 08:28:23,924 INFO impl.RoleInfo: bfd7f686-ae73-4295-a029-c3be1da37abf: start LeaderState
om1_1       | WARNING: All illegal access operations will be denied in a future release
datanode_3  | 2019-10-28 08:28:23,285 INFO server.RaftServerConfigKeys: raft.server.watch.timeout.denomination = 1s (default)
om2_1       | 2019-10-28 08:28:19,746 INFO impl.FollowerState: om2@group-562213E44849-FollowerState: change to CANDIDATE, lastRpcTime:1114ms, electionTimeout:1113ms
datanode_1  | 2019-10-28 08:28:29,965 INFO impl.RoleInfo: 903b772b-c024-42c7-8eb6-5f7905346284: start FollowerState
s3g_1       | 	at org.apache.hadoop.security.UserGroupInformation.doAs(UserGroupInformation.java:1730)
om3_1       | 2019-10-28 08:28:19,700 INFO impl.RaftServerImpl: om3@group-562213E44849: changes role from  FOLLOWER to CANDIDATE at term 0 for changeToCandidate
datanode_2  | 2019-10-28 08:28:23,946 INFO segmented.SegmentedRaftLogWorker: bfd7f686-ae73-4295-a029-c3be1da37abf@group-5CC3FE0F7AB1-SegmentedRaftLogWorker: Starting segment from index:0
om1_1       | 2019-10-28 08:28:20,094 INFO impl.LeaderElection: om1@group-562213E44849-LeaderElection1: Election REJECTED; received 2 response(s) [om1<-om3#0:FAIL-t1, om1<-om2#0:FAIL-t1] and 0 exception(s); om1@group-562213E44849:t1, leader=null, voted=om1, raftlog=om1@group-562213E44849-SegmentedRaftLog:OPENED:c-1,f-1,i0, conf=-1: [om1:om1:9872, om3:om3:9872, om2:om2:9872], old=null
datanode_3  | 2019-10-28 08:28:23,286 INFO server.RaftServerConfigKeys: raft.server.watch.element-limit = 65536 (default)
om2_1       | 2019-10-28 08:28:19,747 INFO impl.RoleInfo: om2: shutdown FollowerState
datanode_1  | 2019-10-28 08:28:35,025 INFO impl.FollowerState: 903b772b-c024-42c7-8eb6-5f7905346284@group-AE70D0B99C8A-FollowerState: change to CANDIDATE, lastRpcTime:5059ms, electionTimeout:5059ms
s3g_1       | 	at org.apache.hadoop.ipc.Server$Handler.run(Server.java:2682)
om3_1       | 2019-10-28 08:28:19,702 INFO impl.RoleInfo: om3: start LeaderElection
datanode_2  | 2019-10-28 08:28:23,957 INFO impl.RaftServerImpl: bfd7f686-ae73-4295-a029-c3be1da37abf@group-5CC3FE0F7AB1: set configuration 0: [bfd7f686-ae73-4295-a029-c3be1da37abf:172.18.0.6:9858], old=null at 0
om1_1       | 2019-10-28 08:28:20,095 INFO impl.RaftServerImpl: om1@group-562213E44849: changes role from CANDIDATE to FOLLOWER at term 1 for DISCOVERED_A_NEW_TERM
datanode_3  | 2019-10-28 08:28:23,295 INFO impl.RoleInfo: 468e3e91-18b2-40e6-b79d-8e9212e7bac3: start LeaderState
om2_1       | 2019-10-28 08:28:19,748 INFO impl.RaftServerImpl: om2@group-562213E44849: changes role from  FOLLOWER to CANDIDATE at term 0 for changeToCandidate
datanode_1  | 2019-10-28 08:28:35,026 INFO impl.RoleInfo: 903b772b-c024-42c7-8eb6-5f7905346284: shutdown FollowerState
s3g_1       | , while invoking $Proxy83.submitRequest over nodeId=om2,nodeAddress=om2:9862 after 1 failover attempts. Trying to failover immediately.
om3_1       | 2019-10-28 08:28:19,726 INFO impl.LeaderElection: om3@group-562213E44849-LeaderElection1: begin an election at term 1 for -1: [om1:om1:9872, om3:om3:9872, om2:om2:9872], old=null
datanode_2  | 2019-10-28 08:28:24,130 INFO segmented.SegmentedRaftLogWorker: bfd7f686-ae73-4295-a029-c3be1da37abf@group-5CC3FE0F7AB1-SegmentedRaftLogWorker: created new log segment /data/metadata/ratis/8256ff7e-6a7f-4bff-b24e-5cc3fe0f7ab1/current/log_inprogress_0
om1_1       | 2019-10-28 08:28:20,095 INFO impl.RoleInfo: om1: shutdown LeaderElection
datanode_3  | 2019-10-28 08:28:23,316 INFO segmented.SegmentedRaftLogWorker: 468e3e91-18b2-40e6-b79d-8e9212e7bac3@group-92CDBCE9981A-SegmentedRaftLogWorker: Starting segment from index:0
om2_1       | 2019-10-28 08:28:19,749 INFO impl.RoleInfo: om2: start LeaderElection
datanode_1  | 2019-10-28 08:28:35,026 INFO impl.RaftServerImpl: 903b772b-c024-42c7-8eb6-5f7905346284@group-AE70D0B99C8A: changes role from  FOLLOWER to CANDIDATE at term 2 for changeToCandidate
s3g_1       | 2019-10-28 08:29:15,842 [qtp1149377174-30] INFO       - Location is /bucket-21903
om3_1       | WARNING: An illegal reflective access operation has occurred
datanode_2  | 2019-10-28 08:28:24,610 INFO impl.FollowerState: bfd7f686-ae73-4295-a029-c3be1da37abf@group-AE70D0B99C8A-FollowerState: change to CANDIDATE, lastRpcTime:5075ms, electionTimeout:5075ms
om1_1       | 2019-10-28 08:28:20,096 INFO impl.RoleInfo: om1: start FollowerState
datanode_3  | 2019-10-28 08:28:23,326 INFO impl.RaftServerImpl: 468e3e91-18b2-40e6-b79d-8e9212e7bac3@group-92CDBCE9981A: set configuration 0: [468e3e91-18b2-40e6-b79d-8e9212e7bac3:172.18.0.5:9858], old=null at 0
om2_1       | 2019-10-28 08:28:19,773 INFO impl.LeaderElection: om2@group-562213E44849-LeaderElection1: begin an election at term 1 for -1: [om1:om1:9872, om3:om3:9872, om2:om2:9872], old=null
datanode_1  | 2019-10-28 08:28:35,026 INFO impl.RoleInfo: 903b772b-c024-42c7-8eb6-5f7905346284: start LeaderElection
s3g_1       | 2019-10-28 08:29:18,779 INFO retry.RetryInvocationHandler: com.google.protobuf.ServiceException: org.apache.hadoop.ipc.RemoteException(org.apache.hadoop.ozone.om.exceptions.NotLeaderException): OM om2 is not the leader. Suggested leader is om3
om3_1       | WARNING: Illegal reflective access by org.apache.ratis.thirdparty.com.google.protobuf.UnsafeUtil (file:/opt/hadoop/share/ozone/lib/ratis-thirdparty-misc-0.2.0.jar) to field java.nio.Buffer.address
datanode_2  | 2019-10-28 08:28:24,611 INFO impl.RoleInfo: bfd7f686-ae73-4295-a029-c3be1da37abf: shutdown FollowerState
om1_1       | 2019-10-28 08:28:21,247 INFO impl.FollowerState: om1@group-562213E44849-FollowerState: change to CANDIDATE, lastRpcTime:1150ms, electionTimeout:1150ms
datanode_3  | 2019-10-28 08:28:23,474 INFO segmented.SegmentedRaftLogWorker: 468e3e91-18b2-40e6-b79d-8e9212e7bac3@group-92CDBCE9981A-SegmentedRaftLogWorker: created new log segment /data/metadata/ratis/eed3901d-0513-45cf-bc54-92cdbce9981a/current/log_inprogress_0
om2_1       | WARNING: An illegal reflective access operation has occurred
datanode_1  | 2019-10-28 08:28:35,065 INFO impl.LeaderElection: 903b772b-c024-42c7-8eb6-5f7905346284@group-AE70D0B99C8A-LeaderElection4: begin an election at term 3 for -1: [903b772b-c024-42c7-8eb6-5f7905346284:172.18.0.9:9858, 468e3e91-18b2-40e6-b79d-8e9212e7bac3:172.18.0.5:9858, bfd7f686-ae73-4295-a029-c3be1da37abf:172.18.0.6:9858], old=null
s3g_1       | 	at org.apache.hadoop.ozone.protocolPB.OzoneManagerProtocolServerSideTranslatorPB.createNotLeaderException(OzoneManagerProtocolServerSideTranslatorPB.java:190)
om3_1       | WARNING: Please consider reporting this to the maintainers of org.apache.ratis.thirdparty.com.google.protobuf.UnsafeUtil
datanode_2  | 2019-10-28 08:28:24,611 INFO impl.RaftServerImpl: bfd7f686-ae73-4295-a029-c3be1da37abf@group-AE70D0B99C8A: changes role from  FOLLOWER to CANDIDATE at term 0 for changeToCandidate
om1_1       | 2019-10-28 08:28:21,247 INFO impl.RoleInfo: om1: shutdown FollowerState
datanode_3  | 2019-10-28 08:28:24,595 INFO impl.FollowerState: 468e3e91-18b2-40e6-b79d-8e9212e7bac3@group-AE70D0B99C8A-FollowerState: change to CANDIDATE, lastRpcTime:5086ms, electionTimeout:5086ms
datanode_1  | 2019-10-28 08:28:35,115 INFO impl.LeaderElection: 903b772b-c024-42c7-8eb6-5f7905346284@group-AE70D0B99C8A-LeaderElection4: Election REJECTED; received 2 response(s) [903b772b-c024-42c7-8eb6-5f7905346284<-468e3e91-18b2-40e6-b79d-8e9212e7bac3#0:FAIL-t3, 903b772b-c024-42c7-8eb6-5f7905346284<-bfd7f686-ae73-4295-a029-c3be1da37abf#0:FAIL-t3] and 0 exception(s); 903b772b-c024-42c7-8eb6-5f7905346284@group-AE70D0B99C8A:t3, leader=null, voted=903b772b-c024-42c7-8eb6-5f7905346284, raftlog=903b772b-c024-42c7-8eb6-5f7905346284@group-AE70D0B99C8A-SegmentedRaftLog:OPENED:c-1,f-1,i0, conf=-1: [903b772b-c024-42c7-8eb6-5f7905346284:172.18.0.9:9858, 468e3e91-18b2-40e6-b79d-8e9212e7bac3:172.18.0.5:9858, bfd7f686-ae73-4295-a029-c3be1da37abf:172.18.0.6:9858], old=null
om3_1       | WARNING: Use --illegal-access=warn to enable warnings of further illegal reflective access operations
datanode_2  | 2019-10-28 08:28:24,611 INFO impl.RoleInfo: bfd7f686-ae73-4295-a029-c3be1da37abf: start LeaderElection
om1_1       | 2019-10-28 08:28:21,248 INFO impl.RaftServerImpl: om1@group-562213E44849: changes role from  FOLLOWER to CANDIDATE at term 1 for changeToCandidate
om2_1       | WARNING: Illegal reflective access by org.apache.ratis.thirdparty.com.google.protobuf.UnsafeUtil (file:/opt/hadoop/share/ozone/lib/ratis-thirdparty-misc-0.2.0.jar) to field java.nio.Buffer.address
datanode_3  | 2019-10-28 08:28:24,595 INFO impl.RoleInfo: 468e3e91-18b2-40e6-b79d-8e9212e7bac3: shutdown FollowerState
s3g_1       | 	at org.apache.hadoop.ozone.protocolPB.OzoneManagerProtocolServerSideTranslatorPB.submitReadRequestToOM(OzoneManagerProtocolServerSideTranslatorPB.java:176)
datanode_1  | 2019-10-28 08:28:35,115 INFO impl.RaftServerImpl: 903b772b-c024-42c7-8eb6-5f7905346284@group-AE70D0B99C8A: changes role from CANDIDATE to FOLLOWER at term 3 for DISCOVERED_A_NEW_TERM
om3_1       | WARNING: All illegal access operations will be denied in a future release
om1_1       | 2019-10-28 08:28:21,248 INFO impl.RoleInfo: om1: start LeaderElection
datanode_2  | 2019-10-28 08:28:24,643 INFO impl.LeaderElection: bfd7f686-ae73-4295-a029-c3be1da37abf@group-AE70D0B99C8A-LeaderElection2: begin an election at term 1 for -1: [903b772b-c024-42c7-8eb6-5f7905346284:172.18.0.9:9858, 468e3e91-18b2-40e6-b79d-8e9212e7bac3:172.18.0.5:9858, bfd7f686-ae73-4295-a029-c3be1da37abf:172.18.0.6:9858], old=null
om2_1       | WARNING: Please consider reporting this to the maintainers of org.apache.ratis.thirdparty.com.google.protobuf.UnsafeUtil
datanode_3  | 2019-10-28 08:28:24,595 INFO impl.RaftServerImpl: 468e3e91-18b2-40e6-b79d-8e9212e7bac3@group-AE70D0B99C8A: changes role from  FOLLOWER to CANDIDATE at term 0 for changeToCandidate
s3g_1       | 	at org.apache.hadoop.ozone.protocolPB.OzoneManagerProtocolServerSideTranslatorPB.processRequest(OzoneManagerProtocolServerSideTranslatorPB.java:110)
datanode_1  | 2019-10-28 08:28:35,116 INFO impl.RoleInfo: 903b772b-c024-42c7-8eb6-5f7905346284: shutdown LeaderElection
om3_1       | 2019-10-28 08:28:20,095 INFO impl.LeaderElection: om3@group-562213E44849-LeaderElection1: Election REJECTED; received 2 response(s) [om3<-om1#0:FAIL-t1, om3<-om2#0:FAIL-t1] and 0 exception(s); om3@group-562213E44849:t1, leader=null, voted=om3, raftlog=om3@group-562213E44849-SegmentedRaftLog:OPENED:c-1,f-1,i0, conf=-1: [om1:om1:9872, om3:om3:9872, om2:om2:9872], old=null
om1_1       | 2019-10-28 08:28:21,275 INFO impl.LeaderElection: om1@group-562213E44849-LeaderElection2: begin an election at term 2 for -1: [om1:om1:9872, om3:om3:9872, om2:om2:9872], old=null
datanode_2  | 2019-10-28 08:28:24,843 INFO impl.LeaderElection: bfd7f686-ae73-4295-a029-c3be1da37abf@group-AE70D0B99C8A-LeaderElection2: Election REJECTED; received 2 response(s) [bfd7f686-ae73-4295-a029-c3be1da37abf<-903b772b-c024-42c7-8eb6-5f7905346284#0:FAIL-t1, bfd7f686-ae73-4295-a029-c3be1da37abf<-468e3e91-18b2-40e6-b79d-8e9212e7bac3#0:FAIL-t1] and 0 exception(s); bfd7f686-ae73-4295-a029-c3be1da37abf@group-AE70D0B99C8A:t1, leader=null, voted=bfd7f686-ae73-4295-a029-c3be1da37abf, raftlog=bfd7f686-ae73-4295-a029-c3be1da37abf@group-AE70D0B99C8A-SegmentedRaftLog:OPENED:c-1,f-1,i0, conf=-1: [903b772b-c024-42c7-8eb6-5f7905346284:172.18.0.9:9858, 468e3e91-18b2-40e6-b79d-8e9212e7bac3:172.18.0.5:9858, bfd7f686-ae73-4295-a029-c3be1da37abf:172.18.0.6:9858], old=null
om2_1       | WARNING: Use --illegal-access=warn to enable warnings of further illegal reflective access operations
datanode_3  | 2019-10-28 08:28:24,596 INFO impl.RoleInfo: 468e3e91-18b2-40e6-b79d-8e9212e7bac3: start LeaderElection
s3g_1       | 	at org.apache.hadoop.hdds.server.OzoneProtocolMessageDispatcher.processRequest(OzoneProtocolMessageDispatcher.java:72)
datanode_1  | 2019-10-28 08:28:35,116 INFO impl.RoleInfo: 903b772b-c024-42c7-8eb6-5f7905346284: start FollowerState
om3_1       | 2019-10-28 08:28:20,096 INFO impl.RaftServerImpl: om3@group-562213E44849: changes role from CANDIDATE to FOLLOWER at term 1 for DISCOVERED_A_NEW_TERM
om1_1       | 2019-10-28 08:28:21,316 INFO impl.LeaderElection: om1@group-562213E44849-LeaderElection2: Election REJECTED; received 2 response(s) [om1<-om3#0:FAIL-t2, om1<-om2#0:FAIL-t2] and 0 exception(s); om1@group-562213E44849:t2, leader=null, voted=om1, raftlog=om1@group-562213E44849-SegmentedRaftLog:OPENED:c-1,f-1,i0, conf=-1: [om1:om1:9872, om3:om3:9872, om2:om2:9872], old=null
om2_1       | WARNING: All illegal access operations will be denied in a future release
datanode_3  | 2019-10-28 08:28:24,626 INFO impl.LeaderElection: 468e3e91-18b2-40e6-b79d-8e9212e7bac3@group-AE70D0B99C8A-LeaderElection2: begin an election at term 1 for -1: [903b772b-c024-42c7-8eb6-5f7905346284:172.18.0.9:9858, 468e3e91-18b2-40e6-b79d-8e9212e7bac3:172.18.0.5:9858, bfd7f686-ae73-4295-a029-c3be1da37abf:172.18.0.6:9858], old=null
s3g_1       | 	at org.apache.hadoop.ozone.protocolPB.OzoneManagerProtocolServerSideTranslatorPB.submitRequest(OzoneManagerProtocolServerSideTranslatorPB.java:100)
datanode_2  | 2019-10-28 08:28:24,844 INFO impl.RaftServerImpl: bfd7f686-ae73-4295-a029-c3be1da37abf@group-AE70D0B99C8A: changes role from CANDIDATE to FOLLOWER at term 1 for DISCOVERED_A_NEW_TERM
datanode_1  | 2019-10-28 08:28:40,142 INFO impl.FollowerState: 903b772b-c024-42c7-8eb6-5f7905346284@group-AE70D0B99C8A-FollowerState: change to CANDIDATE, lastRpcTime:5025ms, electionTimeout:5025ms
om3_1       | 2019-10-28 08:28:20,096 INFO impl.RoleInfo: om3: shutdown LeaderElection
om1_1       | 2019-10-28 08:28:21,317 INFO impl.RaftServerImpl: om1@group-562213E44849: changes role from CANDIDATE to FOLLOWER at term 2 for DISCOVERED_A_NEW_TERM
om2_1       | 2019-10-28 08:28:20,095 INFO impl.LeaderElection: om2@group-562213E44849-LeaderElection1: Election REJECTED; received 2 response(s) [om2<-om1#0:FAIL-t1, om2<-om3#0:FAIL-t1] and 0 exception(s); om2@group-562213E44849:t1, leader=null, voted=om2, raftlog=om2@group-562213E44849-SegmentedRaftLog:OPENED:c-1,f-1,i0, conf=-1: [om1:om1:9872, om3:om3:9872, om2:om2:9872], old=null
datanode_3  | 2019-10-28 08:28:24,847 INFO impl.LeaderElection: 468e3e91-18b2-40e6-b79d-8e9212e7bac3@group-AE70D0B99C8A-LeaderElection2: Election REJECTED; received 2 response(s) [468e3e91-18b2-40e6-b79d-8e9212e7bac3<-903b772b-c024-42c7-8eb6-5f7905346284#0:FAIL-t1, 468e3e91-18b2-40e6-b79d-8e9212e7bac3<-bfd7f686-ae73-4295-a029-c3be1da37abf#0:FAIL-t1] and 0 exception(s); 468e3e91-18b2-40e6-b79d-8e9212e7bac3@group-AE70D0B99C8A:t1, leader=null, voted=468e3e91-18b2-40e6-b79d-8e9212e7bac3, raftlog=468e3e91-18b2-40e6-b79d-8e9212e7bac3@group-AE70D0B99C8A-SegmentedRaftLog:OPENED:c-1,f-1,i0, conf=-1: [903b772b-c024-42c7-8eb6-5f7905346284:172.18.0.9:9858, 468e3e91-18b2-40e6-b79d-8e9212e7bac3:172.18.0.5:9858, bfd7f686-ae73-4295-a029-c3be1da37abf:172.18.0.6:9858], old=null
s3g_1       | 	at org.apache.hadoop.ozone.protocol.proto.OzoneManagerProtocolProtos$OzoneManagerService$2.callBlockingMethod(OzoneManagerProtocolProtos.java)
datanode_2  | 2019-10-28 08:28:24,845 INFO impl.RoleInfo: bfd7f686-ae73-4295-a029-c3be1da37abf: shutdown LeaderElection
datanode_1  | 2019-10-28 08:28:40,142 INFO impl.RoleInfo: 903b772b-c024-42c7-8eb6-5f7905346284: shutdown FollowerState
om3_1       | 2019-10-28 08:28:20,097 INFO impl.RoleInfo: om3: start FollowerState
om1_1       | 2019-10-28 08:28:21,317 INFO impl.RoleInfo: om1: shutdown LeaderElection
om2_1       | 2019-10-28 08:28:20,096 INFO impl.RaftServerImpl: om2@group-562213E44849: changes role from CANDIDATE to FOLLOWER at term 1 for DISCOVERED_A_NEW_TERM
s3g_1       | 	at org.apache.hadoop.ipc.ProtobufRpcEngine$Server$ProtoBufRpcInvoker.call(ProtobufRpcEngine.java:524)
datanode_2  | 2019-10-28 08:28:24,845 INFO impl.RoleInfo: bfd7f686-ae73-4295-a029-c3be1da37abf: start FollowerState
datanode_1  | 2019-10-28 08:28:40,142 INFO impl.RaftServerImpl: 903b772b-c024-42c7-8eb6-5f7905346284@group-AE70D0B99C8A: changes role from  FOLLOWER to CANDIDATE at term 3 for changeToCandidate
datanode_3  | 2019-10-28 08:28:24,849 INFO impl.RaftServerImpl: 468e3e91-18b2-40e6-b79d-8e9212e7bac3@group-AE70D0B99C8A: changes role from CANDIDATE to FOLLOWER at term 1 for DISCOVERED_A_NEW_TERM
om3_1       | 2019-10-28 08:28:21,260 INFO impl.FollowerState: om3@group-562213E44849-FollowerState: change to CANDIDATE, lastRpcTime:1163ms, electionTimeout:1163ms
om1_1       | 2019-10-28 08:28:21,317 INFO impl.RoleInfo: om1: start FollowerState
om2_1       | 2019-10-28 08:28:20,097 INFO impl.RoleInfo: om2: shutdown LeaderElection
s3g_1       | 	at org.apache.hadoop.ipc.RPC$Server.call(RPC.java:1025)
datanode_2  | 2019-10-28 08:28:29,882 INFO impl.FollowerState: bfd7f686-ae73-4295-a029-c3be1da37abf@group-AE70D0B99C8A-FollowerState: change to CANDIDATE, lastRpcTime:5037ms, electionTimeout:5037ms
datanode_1  | 2019-10-28 08:28:40,143 INFO impl.RoleInfo: 903b772b-c024-42c7-8eb6-5f7905346284: start LeaderElection
om3_1       | 2019-10-28 08:28:21,261 INFO impl.RoleInfo: om3: shutdown FollowerState
om1_1       | 2019-10-28 08:28:22,425 INFO impl.RaftServerImpl: om1@group-562213E44849: changes role from  FOLLOWER to FOLLOWER at term 3 for recognizeCandidate:om3
om2_1       | 2019-10-28 08:28:20,097 INFO impl.RoleInfo: om2: start FollowerState
datanode_2  | 2019-10-28 08:28:29,883 INFO impl.RoleInfo: bfd7f686-ae73-4295-a029-c3be1da37abf: shutdown FollowerState
s3g_1       | 	at org.apache.hadoop.ipc.Server$RpcCall.run(Server.java:876)
datanode_3  | 2019-10-28 08:28:24,849 INFO impl.RoleInfo: 468e3e91-18b2-40e6-b79d-8e9212e7bac3: shutdown LeaderElection
datanode_1  | 2019-10-28 08:28:40,163 INFO impl.LeaderElection: 903b772b-c024-42c7-8eb6-5f7905346284@group-AE70D0B99C8A-LeaderElection5: begin an election at term 4 for -1: [903b772b-c024-42c7-8eb6-5f7905346284:172.18.0.9:9858, 468e3e91-18b2-40e6-b79d-8e9212e7bac3:172.18.0.5:9858, bfd7f686-ae73-4295-a029-c3be1da37abf:172.18.0.6:9858], old=null
om3_1       | 2019-10-28 08:28:21,261 INFO impl.RaftServerImpl: om3@group-562213E44849: changes role from  FOLLOWER to CANDIDATE at term 1 for changeToCandidate
om1_1       | 2019-10-28 08:28:22,425 INFO impl.RoleInfo: om1: shutdown FollowerState
om2_1       | 2019-10-28 08:28:21,225 INFO impl.FollowerState: om2@group-562213E44849-FollowerState: change to CANDIDATE, lastRpcTime:1128ms, electionTimeout:1128ms
datanode_2  | 2019-10-28 08:28:29,884 INFO impl.RaftServerImpl: bfd7f686-ae73-4295-a029-c3be1da37abf@group-AE70D0B99C8A: changes role from  FOLLOWER to CANDIDATE at term 1 for changeToCandidate
s3g_1       | 	at org.apache.hadoop.ipc.Server$RpcCall.run(Server.java:822)
datanode_3  | 2019-10-28 08:28:24,849 INFO impl.RoleInfo: 468e3e91-18b2-40e6-b79d-8e9212e7bac3: start FollowerState
datanode_1  | 2019-10-28 08:28:40,197 INFO impl.LeaderElection: 903b772b-c024-42c7-8eb6-5f7905346284@group-AE70D0B99C8A-LeaderElection5: Election REJECTED; received 2 response(s) [903b772b-c024-42c7-8eb6-5f7905346284<-468e3e91-18b2-40e6-b79d-8e9212e7bac3#0:FAIL-t4, 903b772b-c024-42c7-8eb6-5f7905346284<-bfd7f686-ae73-4295-a029-c3be1da37abf#0:FAIL-t4] and 0 exception(s); 903b772b-c024-42c7-8eb6-5f7905346284@group-AE70D0B99C8A:t4, leader=null, voted=903b772b-c024-42c7-8eb6-5f7905346284, raftlog=903b772b-c024-42c7-8eb6-5f7905346284@group-AE70D0B99C8A-SegmentedRaftLog:OPENED:c-1,f-1,i0, conf=-1: [903b772b-c024-42c7-8eb6-5f7905346284:172.18.0.9:9858, 468e3e91-18b2-40e6-b79d-8e9212e7bac3:172.18.0.5:9858, bfd7f686-ae73-4295-a029-c3be1da37abf:172.18.0.6:9858], old=null
om3_1       | 2019-10-28 08:28:21,261 INFO impl.RoleInfo: om3: start LeaderElection
om1_1       | 2019-10-28 08:28:22,425 INFO impl.FollowerState: om1@group-562213E44849-FollowerState was interrupted: java.lang.InterruptedException: sleep interrupted
om2_1       | 2019-10-28 08:28:21,226 INFO impl.RoleInfo: om2: shutdown FollowerState
s3g_1       | 	at java.base/java.security.AccessController.doPrivileged(Native Method)
datanode_3  | 2019-10-28 08:28:29,907 INFO impl.FollowerState: 468e3e91-18b2-40e6-b79d-8e9212e7bac3@group-AE70D0B99C8A-FollowerState: change to CANDIDATE, lastRpcTime:5057ms, electionTimeout:5057ms
datanode_2  | 2019-10-28 08:28:29,886 INFO impl.RoleInfo: bfd7f686-ae73-4295-a029-c3be1da37abf: start LeaderElection
datanode_1  | 2019-10-28 08:28:40,198 INFO impl.RaftServerImpl: 903b772b-c024-42c7-8eb6-5f7905346284@group-AE70D0B99C8A: changes role from CANDIDATE to FOLLOWER at term 4 for DISCOVERED_A_NEW_TERM
om3_1       | 2019-10-28 08:28:21,292 INFO impl.LeaderElection: om3@group-562213E44849-LeaderElection2: begin an election at term 2 for -1: [om1:om1:9872, om3:om3:9872, om2:om2:9872], old=null
om1_1       | 2019-10-28 08:28:22,425 INFO impl.RoleInfo: om1: start FollowerState
om2_1       | 2019-10-28 08:28:21,226 INFO impl.RaftServerImpl: om2@group-562213E44849: changes role from  FOLLOWER to CANDIDATE at term 1 for changeToCandidate
s3g_1       | 	at java.base/javax.security.auth.Subject.doAs(Subject.java:423)
datanode_3  | 2019-10-28 08:28:29,908 INFO impl.RoleInfo: 468e3e91-18b2-40e6-b79d-8e9212e7bac3: shutdown FollowerState
datanode_2  | 2019-10-28 08:28:29,911 INFO impl.LeaderElection: bfd7f686-ae73-4295-a029-c3be1da37abf@group-AE70D0B99C8A-LeaderElection3: begin an election at term 2 for -1: [903b772b-c024-42c7-8eb6-5f7905346284:172.18.0.9:9858, 468e3e91-18b2-40e6-b79d-8e9212e7bac3:172.18.0.5:9858, bfd7f686-ae73-4295-a029-c3be1da37abf:172.18.0.6:9858], old=null
datanode_1  | 2019-10-28 08:28:40,198 INFO impl.RoleInfo: 903b772b-c024-42c7-8eb6-5f7905346284: shutdown LeaderElection
om3_1       | 2019-10-28 08:28:21,319 INFO impl.LeaderElection: om3@group-562213E44849-LeaderElection2: Election REJECTED; received 2 response(s) [om3<-om1#0:FAIL-t2, om3<-om2#0:FAIL-t2] and 0 exception(s); om3@group-562213E44849:t2, leader=null, voted=om3, raftlog=om3@group-562213E44849-SegmentedRaftLog:OPENED:c-1,f-1,i0, conf=-1: [om1:om1:9872, om3:om3:9872, om2:om2:9872], old=null
om2_1       | 2019-10-28 08:28:21,226 INFO impl.RoleInfo: om2: start LeaderElection
om1_1       | 2019-10-28 08:28:22,551 INFO impl.RaftServerImpl: om1@group-562213E44849: change Leader from null to om3 at term 3 for appendEntries, leader elected after 4145ms
s3g_1       | 	at org.apache.hadoop.security.UserGroupInformation.doAs(UserGroupInformation.java:1730)
datanode_3  | 2019-10-28 08:28:29,908 INFO impl.RaftServerImpl: 468e3e91-18b2-40e6-b79d-8e9212e7bac3@group-AE70D0B99C8A: changes role from  FOLLOWER to CANDIDATE at term 1 for changeToCandidate
datanode_2  | 2019-10-28 08:28:29,939 INFO impl.LeaderElection: bfd7f686-ae73-4295-a029-c3be1da37abf@group-AE70D0B99C8A-LeaderElection3: Election REJECTED; received 2 response(s) [bfd7f686-ae73-4295-a029-c3be1da37abf<-903b772b-c024-42c7-8eb6-5f7905346284#0:FAIL-t2, bfd7f686-ae73-4295-a029-c3be1da37abf<-468e3e91-18b2-40e6-b79d-8e9212e7bac3#0:FAIL-t2] and 0 exception(s); bfd7f686-ae73-4295-a029-c3be1da37abf@group-AE70D0B99C8A:t2, leader=null, voted=bfd7f686-ae73-4295-a029-c3be1da37abf, raftlog=bfd7f686-ae73-4295-a029-c3be1da37abf@group-AE70D0B99C8A-SegmentedRaftLog:OPENED:c-1,f-1,i0, conf=-1: [903b772b-c024-42c7-8eb6-5f7905346284:172.18.0.9:9858, 468e3e91-18b2-40e6-b79d-8e9212e7bac3:172.18.0.5:9858, bfd7f686-ae73-4295-a029-c3be1da37abf:172.18.0.6:9858], old=null
om3_1       | 2019-10-28 08:28:21,319 INFO impl.RaftServerImpl: om3@group-562213E44849: changes role from CANDIDATE to FOLLOWER at term 2 for DISCOVERED_A_NEW_TERM
om2_1       | 2019-10-28 08:28:21,249 INFO impl.LeaderElection: om2@group-562213E44849-LeaderElection2: begin an election at term 2 for -1: [om1:om1:9872, om3:om3:9872, om2:om2:9872], old=null
om1_1       | 2019-10-28 08:28:22,581 INFO impl.RaftServerImpl: om1@group-562213E44849: set configuration 0: [om1:om1:9872, om3:om3:9872, om2:om2:9872], old=null at 0
datanode_1  | 2019-10-28 08:28:40,198 INFO impl.RoleInfo: 903b772b-c024-42c7-8eb6-5f7905346284: start FollowerState
s3g_1       | 	at org.apache.hadoop.ipc.Server$Handler.run(Server.java:2682)
datanode_3  | 2019-10-28 08:28:29,908 INFO impl.RoleInfo: 468e3e91-18b2-40e6-b79d-8e9212e7bac3: start LeaderElection
datanode_2  | 2019-10-28 08:28:29,939 INFO impl.RaftServerImpl: bfd7f686-ae73-4295-a029-c3be1da37abf@group-AE70D0B99C8A: changes role from CANDIDATE to FOLLOWER at term 2 for DISCOVERED_A_NEW_TERM
om3_1       | 2019-10-28 08:28:21,320 INFO impl.RoleInfo: om3: shutdown LeaderElection
om2_1       | 2019-10-28 08:28:21,295 INFO impl.LeaderElection: om2@group-562213E44849-LeaderElection2: Election REJECTED; received 2 response(s) [om2<-om1#0:FAIL-t2, om2<-om3#0:FAIL-t2] and 0 exception(s); om2@group-562213E44849:t2, leader=null, voted=om2, raftlog=om2@group-562213E44849-SegmentedRaftLog:OPENED:c-1,f-1,i0, conf=-1: [om1:om1:9872, om3:om3:9872, om2:om2:9872], old=null
om1_1       | 2019-10-28 08:28:22,585 INFO segmented.SegmentedRaftLogWorker: om1@group-562213E44849-SegmentedRaftLogWorker: Starting segment from index:0
datanode_1  | 2019-10-28 08:28:40,248 INFO impl.RaftServerImpl: 903b772b-c024-42c7-8eb6-5f7905346284@group-AE70D0B99C8A: change Leader from null to 468e3e91-18b2-40e6-b79d-8e9212e7bac3 at term 4 for appendEntries, leader elected after 20717ms
s3g_1       | , while invoking $Proxy83.submitRequest over nodeId=om2,nodeAddress=om2:9862 after 1 failover attempts. Trying to failover immediately.
datanode_3  | 2019-10-28 08:28:29,936 INFO impl.LeaderElection: 468e3e91-18b2-40e6-b79d-8e9212e7bac3@group-AE70D0B99C8A-LeaderElection3: begin an election at term 2 for -1: [903b772b-c024-42c7-8eb6-5f7905346284:172.18.0.9:9858, 468e3e91-18b2-40e6-b79d-8e9212e7bac3:172.18.0.5:9858, bfd7f686-ae73-4295-a029-c3be1da37abf:172.18.0.6:9858], old=null
datanode_2  | 2019-10-28 08:28:29,940 INFO impl.RoleInfo: bfd7f686-ae73-4295-a029-c3be1da37abf: shutdown LeaderElection
om3_1       | 2019-10-28 08:28:21,320 INFO impl.RoleInfo: om3: start FollowerState
om2_1       | 2019-10-28 08:28:21,296 INFO impl.RaftServerImpl: om2@group-562213E44849: changes role from CANDIDATE to FOLLOWER at term 2 for DISCOVERED_A_NEW_TERM
om1_1       | 2019-10-28 08:28:22,708 INFO segmented.SegmentedRaftLogWorker: om1@group-562213E44849-SegmentedRaftLogWorker: created new log segment /data/metadata/ratis/fafe1b60-c241-37cc-98f4-562213e44849/current/log_inprogress_0
datanode_1  | 2019-10-28 08:28:40,274 INFO impl.RaftServerImpl: 903b772b-c024-42c7-8eb6-5f7905346284@group-AE70D0B99C8A: set configuration 0: [903b772b-c024-42c7-8eb6-5f7905346284:172.18.0.9:9858, 468e3e91-18b2-40e6-b79d-8e9212e7bac3:172.18.0.5:9858, bfd7f686-ae73-4295-a029-c3be1da37abf:172.18.0.6:9858], old=null at 0
datanode_3  | 2019-10-28 08:28:29,967 INFO impl.LeaderElection: 468e3e91-18b2-40e6-b79d-8e9212e7bac3@group-AE70D0B99C8A-LeaderElection3: Election REJECTED; received 2 response(s) [468e3e91-18b2-40e6-b79d-8e9212e7bac3<-903b772b-c024-42c7-8eb6-5f7905346284#0:FAIL-t2, 468e3e91-18b2-40e6-b79d-8e9212e7bac3<-bfd7f686-ae73-4295-a029-c3be1da37abf#0:FAIL-t2] and 0 exception(s); 468e3e91-18b2-40e6-b79d-8e9212e7bac3@group-AE70D0B99C8A:t2, leader=null, voted=468e3e91-18b2-40e6-b79d-8e9212e7bac3, raftlog=468e3e91-18b2-40e6-b79d-8e9212e7bac3@group-AE70D0B99C8A-SegmentedRaftLog:OPENED:c-1,f-1,i0, conf=-1: [903b772b-c024-42c7-8eb6-5f7905346284:172.18.0.9:9858, 468e3e91-18b2-40e6-b79d-8e9212e7bac3:172.18.0.5:9858, bfd7f686-ae73-4295-a029-c3be1da37abf:172.18.0.6:9858], old=null
s3g_1       | 2019-10-28 08:29:18,817 [qtp1149377174-28] INFO       - Location is /bucket-00326
datanode_2  | 2019-10-28 08:28:29,940 INFO impl.RoleInfo: bfd7f686-ae73-4295-a029-c3be1da37abf: start FollowerState
om3_1       | 2019-10-28 08:28:22,364 INFO impl.FollowerState: om3@group-562213E44849-FollowerState: change to CANDIDATE, lastRpcTime:1044ms, electionTimeout:1044ms
om2_1       | 2019-10-28 08:28:21,297 INFO impl.RoleInfo: om2: shutdown LeaderElection
om1_1       | 2019-10-28 08:29:01,911 INFO ipc.Server: IPC Server handler 4 on 9862, call Call#0 Retry#0 org.apache.hadoop.ozone.om.protocol.OzoneManagerProtocol.submitRequest from 172.18.0.7:56866
datanode_1  | 2019-10-28 08:28:40,274 INFO segmented.SegmentedRaftLogWorker: 903b772b-c024-42c7-8eb6-5f7905346284@group-AE70D0B99C8A-SegmentedRaftLogWorker: Starting segment from index:0
datanode_3  | 2019-10-28 08:28:29,968 INFO impl.RaftServerImpl: 468e3e91-18b2-40e6-b79d-8e9212e7bac3@group-AE70D0B99C8A: changes role from CANDIDATE to FOLLOWER at term 2 for DISCOVERED_A_NEW_TERM
s3g_1       | 2019-10-28 08:29:19,472 INFO retry.RetryInvocationHandler: com.google.protobuf.ServiceException: org.apache.hadoop.ipc.RemoteException(org.apache.hadoop.ozone.om.exceptions.NotLeaderException): OM om2 is not the leader. Suggested leader is om3
datanode_2  | 2019-10-28 08:28:35,064 INFO impl.FollowerState: bfd7f686-ae73-4295-a029-c3be1da37abf@group-AE70D0B99C8A-FollowerState: change to CANDIDATE, lastRpcTime:5124ms, electionTimeout:5124ms
om3_1       | 2019-10-28 08:28:22,365 INFO impl.RoleInfo: om3: shutdown FollowerState
om2_1       | 2019-10-28 08:28:21,297 INFO impl.RoleInfo: om2: start FollowerState
om1_1       | org.apache.hadoop.ozone.om.exceptions.NotLeaderException: OM om1 is not the leader. Suggested leader is om3
datanode_1  | 2019-10-28 08:28:40,329 INFO segmented.SegmentedRaftLogWorker: 903b772b-c024-42c7-8eb6-5f7905346284@group-AE70D0B99C8A-SegmentedRaftLogWorker: created new log segment /data/metadata/ratis/b35ceb9e-9c20-4dfd-9b68-ae70d0b99c8a/current/log_inprogress_0
datanode_3  | 2019-10-28 08:28:29,968 INFO impl.RoleInfo: 468e3e91-18b2-40e6-b79d-8e9212e7bac3: shutdown LeaderElection
s3g_1       | 	at org.apache.hadoop.ozone.protocolPB.OzoneManagerProtocolServerSideTranslatorPB.createNotLeaderException(OzoneManagerProtocolServerSideTranslatorPB.java:190)
datanode_2  | 2019-10-28 08:28:35,065 INFO impl.RoleInfo: bfd7f686-ae73-4295-a029-c3be1da37abf: shutdown FollowerState
om3_1       | 2019-10-28 08:28:22,365 INFO impl.RaftServerImpl: om3@group-562213E44849: changes role from  FOLLOWER to CANDIDATE at term 2 for changeToCandidate
om2_1       | 2019-10-28 08:28:22,421 INFO impl.RaftServerImpl: om2@group-562213E44849: changes role from  FOLLOWER to FOLLOWER at term 3 for recognizeCandidate:om3
om1_1       | 	at org.apache.hadoop.ozone.protocolPB.OzoneManagerProtocolServerSideTranslatorPB.createNotLeaderException(OzoneManagerProtocolServerSideTranslatorPB.java:190)
datanode_3  | 2019-10-28 08:28:29,968 INFO impl.RoleInfo: 468e3e91-18b2-40e6-b79d-8e9212e7bac3: start FollowerState
datanode_2  | 2019-10-28 08:28:35,065 INFO impl.RaftServerImpl: bfd7f686-ae73-4295-a029-c3be1da37abf@group-AE70D0B99C8A: changes role from  FOLLOWER to CANDIDATE at term 2 for changeToCandidate
om3_1       | 2019-10-28 08:28:22,365 INFO impl.RoleInfo: om3: start LeaderElection
om2_1       | 2019-10-28 08:28:22,421 INFO impl.RoleInfo: om2: shutdown FollowerState
om1_1       | 	at org.apache.hadoop.ozone.protocolPB.OzoneManagerProtocolServerSideTranslatorPB.submitReadRequestToOM(OzoneManagerProtocolServerSideTranslatorPB.java:176)
datanode_3  | 2019-10-28 08:28:35,032 INFO impl.FollowerState: 468e3e91-18b2-40e6-b79d-8e9212e7bac3@group-AE70D0B99C8A-FollowerState: change to CANDIDATE, lastRpcTime:5063ms, electionTimeout:5063ms
s3g_1       | 	at org.apache.hadoop.ozone.protocolPB.OzoneManagerProtocolServerSideTranslatorPB.submitReadRequestToOM(OzoneManagerProtocolServerSideTranslatorPB.java:176)
datanode_2  | 2019-10-28 08:28:35,065 INFO impl.RoleInfo: bfd7f686-ae73-4295-a029-c3be1da37abf: start LeaderElection
om3_1       | 2019-10-28 08:28:22,395 INFO impl.LeaderElection: om3@group-562213E44849-LeaderElection3: begin an election at term 3 for -1: [om1:om1:9872, om3:om3:9872, om2:om2:9872], old=null
om2_1       | 2019-10-28 08:28:22,421 INFO impl.FollowerState: om2@group-562213E44849-FollowerState was interrupted: java.lang.InterruptedException: sleep interrupted
om1_1       | 	at org.apache.hadoop.ozone.protocolPB.OzoneManagerProtocolServerSideTranslatorPB.processRequest(OzoneManagerProtocolServerSideTranslatorPB.java:110)
datanode_3  | 2019-10-28 08:28:35,033 INFO impl.RoleInfo: 468e3e91-18b2-40e6-b79d-8e9212e7bac3: shutdown FollowerState
s3g_1       | 	at org.apache.hadoop.ozone.protocolPB.OzoneManagerProtocolServerSideTranslatorPB.processRequest(OzoneManagerProtocolServerSideTranslatorPB.java:110)
datanode_2  | 2019-10-28 08:28:35,092 INFO impl.LeaderElection: bfd7f686-ae73-4295-a029-c3be1da37abf@group-AE70D0B99C8A-LeaderElection4: begin an election at term 3 for -1: [903b772b-c024-42c7-8eb6-5f7905346284:172.18.0.9:9858, 468e3e91-18b2-40e6-b79d-8e9212e7bac3:172.18.0.5:9858, bfd7f686-ae73-4295-a029-c3be1da37abf:172.18.0.6:9858], old=null
om3_1       | 2019-10-28 08:28:22,451 INFO impl.LeaderElection: om3@group-562213E44849-LeaderElection3: Election PASSED; received 1 response(s) [om3<-om1#0:OK-t3] and 0 exception(s); om3@group-562213E44849:t3, leader=null, voted=om3, raftlog=om3@group-562213E44849-SegmentedRaftLog:OPENED:c-1,f-1,i0, conf=-1: [om1:om1:9872, om3:om3:9872, om2:om2:9872], old=null
om2_1       | 2019-10-28 08:28:22,421 INFO impl.RoleInfo: om2: start FollowerState
om1_1       | 	at org.apache.hadoop.hdds.server.OzoneProtocolMessageDispatcher.processRequest(OzoneProtocolMessageDispatcher.java:72)
datanode_3  | 2019-10-28 08:28:35,033 INFO impl.RaftServerImpl: 468e3e91-18b2-40e6-b79d-8e9212e7bac3@group-AE70D0B99C8A: changes role from  FOLLOWER to CANDIDATE at term 2 for changeToCandidate
s3g_1       | 	at org.apache.hadoop.hdds.server.OzoneProtocolMessageDispatcher.processRequest(OzoneProtocolMessageDispatcher.java:72)
datanode_2  | 2019-10-28 08:28:35,140 INFO impl.LeaderElection: bfd7f686-ae73-4295-a029-c3be1da37abf@group-AE70D0B99C8A-LeaderElection4: Election REJECTED; received 2 response(s) [bfd7f686-ae73-4295-a029-c3be1da37abf<-903b772b-c024-42c7-8eb6-5f7905346284#0:FAIL-t3, bfd7f686-ae73-4295-a029-c3be1da37abf<-468e3e91-18b2-40e6-b79d-8e9212e7bac3#0:FAIL-t3] and 0 exception(s); bfd7f686-ae73-4295-a029-c3be1da37abf@group-AE70D0B99C8A:t3, leader=null, voted=bfd7f686-ae73-4295-a029-c3be1da37abf, raftlog=bfd7f686-ae73-4295-a029-c3be1da37abf@group-AE70D0B99C8A-SegmentedRaftLog:OPENED:c-1,f-1,i0, conf=-1: [903b772b-c024-42c7-8eb6-5f7905346284:172.18.0.9:9858, 468e3e91-18b2-40e6-b79d-8e9212e7bac3:172.18.0.5:9858, bfd7f686-ae73-4295-a029-c3be1da37abf:172.18.0.6:9858], old=null
om3_1       | 2019-10-28 08:28:22,451 INFO impl.RoleInfo: om3: shutdown LeaderElection
om2_1       | 2019-10-28 08:28:22,555 INFO impl.RaftServerImpl: om2@group-562213E44849: change Leader from null to om3 at term 3 for appendEntries, leader elected after 4104ms
datanode_3  | 2019-10-28 08:28:35,033 INFO impl.RoleInfo: 468e3e91-18b2-40e6-b79d-8e9212e7bac3: start LeaderElection
om1_1       | 	at org.apache.hadoop.ozone.protocolPB.OzoneManagerProtocolServerSideTranslatorPB.submitRequest(OzoneManagerProtocolServerSideTranslatorPB.java:100)
s3g_1       | 	at org.apache.hadoop.ozone.protocolPB.OzoneManagerProtocolServerSideTranslatorPB.submitRequest(OzoneManagerProtocolServerSideTranslatorPB.java:100)
datanode_2  | 2019-10-28 08:28:35,140 INFO impl.RaftServerImpl: bfd7f686-ae73-4295-a029-c3be1da37abf@group-AE70D0B99C8A: changes role from CANDIDATE to FOLLOWER at term 3 for DISCOVERED_A_NEW_TERM
om3_1       | 2019-10-28 08:28:22,452 INFO impl.RaftServerImpl: om3@group-562213E44849: changes role from CANDIDATE to LEADER at term 3 for changeToLeader
om2_1       | 2019-10-28 08:28:22,583 INFO impl.RaftServerImpl: om2@group-562213E44849: set configuration 0: [om1:om1:9872, om3:om3:9872, om2:om2:9872], old=null at 0
om1_1       | 	at org.apache.hadoop.ozone.protocol.proto.OzoneManagerProtocolProtos$OzoneManagerService$2.callBlockingMethod(OzoneManagerProtocolProtos.java)
datanode_3  | 2019-10-28 08:28:35,065 INFO impl.LeaderElection: 468e3e91-18b2-40e6-b79d-8e9212e7bac3@group-AE70D0B99C8A-LeaderElection4: begin an election at term 3 for -1: [903b772b-c024-42c7-8eb6-5f7905346284:172.18.0.9:9858, 468e3e91-18b2-40e6-b79d-8e9212e7bac3:172.18.0.5:9858, bfd7f686-ae73-4295-a029-c3be1da37abf:172.18.0.6:9858], old=null
s3g_1       | 	at org.apache.hadoop.ozone.protocol.proto.OzoneManagerProtocolProtos$OzoneManagerService$2.callBlockingMethod(OzoneManagerProtocolProtos.java)
datanode_2  | 2019-10-28 08:28:35,140 INFO impl.RoleInfo: bfd7f686-ae73-4295-a029-c3be1da37abf: shutdown LeaderElection
om3_1       | 2019-10-28 08:28:22,452 INFO impl.RaftServerImpl: om3@group-562213E44849: change Leader from null to om3 at term 3 for becomeLeader, leader elected after 4033ms
om2_1       | 2019-10-28 08:28:22,590 INFO segmented.SegmentedRaftLogWorker: om2@group-562213E44849-SegmentedRaftLogWorker: Starting segment from index:0
om1_1       | 	at org.apache.hadoop.ipc.ProtobufRpcEngine$Server$ProtoBufRpcInvoker.call(ProtobufRpcEngine.java:524)
datanode_3  | 2019-10-28 08:28:35,101 INFO impl.LeaderElection: 468e3e91-18b2-40e6-b79d-8e9212e7bac3@group-AE70D0B99C8A-LeaderElection4: Election REJECTED; received 2 response(s) [468e3e91-18b2-40e6-b79d-8e9212e7bac3<-903b772b-c024-42c7-8eb6-5f7905346284#0:FAIL-t3, 468e3e91-18b2-40e6-b79d-8e9212e7bac3<-bfd7f686-ae73-4295-a029-c3be1da37abf#0:FAIL-t3] and 0 exception(s); 468e3e91-18b2-40e6-b79d-8e9212e7bac3@group-AE70D0B99C8A:t3, leader=null, voted=468e3e91-18b2-40e6-b79d-8e9212e7bac3, raftlog=468e3e91-18b2-40e6-b79d-8e9212e7bac3@group-AE70D0B99C8A-SegmentedRaftLog:OPENED:c-1,f-1,i0, conf=-1: [903b772b-c024-42c7-8eb6-5f7905346284:172.18.0.9:9858, 468e3e91-18b2-40e6-b79d-8e9212e7bac3:172.18.0.5:9858, bfd7f686-ae73-4295-a029-c3be1da37abf:172.18.0.6:9858], old=null
datanode_2  | 2019-10-28 08:28:35,140 INFO impl.RoleInfo: bfd7f686-ae73-4295-a029-c3be1da37abf: start FollowerState
om3_1       | 2019-10-28 08:28:22,458 INFO server.RaftServerConfigKeys: raft.server.staging.catchup.gap = 1000 (default)
om2_1       | 2019-10-28 08:28:22,708 INFO segmented.SegmentedRaftLogWorker: om2@group-562213E44849-SegmentedRaftLogWorker: created new log segment /data/metadata/ratis/fafe1b60-c241-37cc-98f4-562213e44849/current/log_inprogress_0
om1_1       | 	at org.apache.hadoop.ipc.RPC$Server.call(RPC.java:1025)
datanode_3  | 2019-10-28 08:28:35,101 INFO impl.RaftServerImpl: 468e3e91-18b2-40e6-b79d-8e9212e7bac3@group-AE70D0B99C8A: changes role from CANDIDATE to FOLLOWER at term 3 for DISCOVERED_A_NEW_TERM
s3g_1       | 	at org.apache.hadoop.ipc.ProtobufRpcEngine$Server$ProtoBufRpcInvoker.call(ProtobufRpcEngine.java:524)
om2_1       | 2019-10-28 08:29:02,169 INFO ipc.Server: IPC Server handler 0 on 9862, call Call#0 Retry#1 org.apache.hadoop.ozone.om.protocol.OzoneManagerProtocol.submitRequest from 172.18.0.7:32896
om3_1       | 2019-10-28 08:28:22,458 INFO server.RaftServerConfigKeys: raft.server.rpc.sleep.time = 25ms (default)
datanode_2  | 2019-10-28 08:28:40,162 INFO impl.RaftServerImpl: bfd7f686-ae73-4295-a029-c3be1da37abf@group-AE70D0B99C8A: changes role from  FOLLOWER to FOLLOWER at term 4 for recognizeCandidate:468e3e91-18b2-40e6-b79d-8e9212e7bac3
datanode_3  | 2019-10-28 08:28:35,102 INFO impl.RoleInfo: 468e3e91-18b2-40e6-b79d-8e9212e7bac3: shutdown LeaderElection
om2_1       | org.apache.hadoop.ozone.om.exceptions.NotLeaderException: OM om2 is not the leader. Suggested leader is om3
s3g_1       | 	at org.apache.hadoop.ipc.RPC$Server.call(RPC.java:1025)
om1_1       | 	at org.apache.hadoop.ipc.Server$RpcCall.run(Server.java:876)
om3_1       | 2019-10-28 08:28:22,462 INFO server.RaftServerConfigKeys: raft.server.write.element-limit = 4096 (default)
datanode_2  | 2019-10-28 08:28:40,162 INFO impl.RoleInfo: bfd7f686-ae73-4295-a029-c3be1da37abf: shutdown FollowerState
datanode_3  | 2019-10-28 08:28:35,102 INFO impl.RoleInfo: 468e3e91-18b2-40e6-b79d-8e9212e7bac3: start FollowerState
om2_1       | 	at org.apache.hadoop.ozone.protocolPB.OzoneManagerProtocolServerSideTranslatorPB.createNotLeaderException(OzoneManagerProtocolServerSideTranslatorPB.java:190)
s3g_1       | 	at org.apache.hadoop.ipc.Server$RpcCall.run(Server.java:876)
om1_1       | 	at org.apache.hadoop.ipc.Server$RpcCall.run(Server.java:822)
om3_1       | 2019-10-28 08:28:22,467 INFO server.RaftServerConfigKeys: raft.server.watch.timeout = 10s (default)
datanode_2  | 2019-10-28 08:28:40,162 INFO impl.RoleInfo: bfd7f686-ae73-4295-a029-c3be1da37abf: start FollowerState
datanode_3  | 2019-10-28 08:28:40,109 INFO impl.FollowerState: 468e3e91-18b2-40e6-b79d-8e9212e7bac3@group-AE70D0B99C8A-FollowerState: change to CANDIDATE, lastRpcTime:5007ms, electionTimeout:5006ms
om1_1       | 	at java.base/java.security.AccessController.doPrivileged(Native Method)
s3g_1       | 	at org.apache.hadoop.ipc.Server$RpcCall.run(Server.java:822)
om3_1       | 2019-10-28 08:28:22,468 INFO server.RaftServerConfigKeys: raft.server.watch.timeout.denomination = 1s (default)
datanode_2  | 2019-10-28 08:28:40,162 INFO impl.FollowerState: bfd7f686-ae73-4295-a029-c3be1da37abf@group-AE70D0B99C8A-FollowerState was interrupted: java.lang.InterruptedException: sleep interrupted
datanode_3  | 2019-10-28 08:28:40,110 INFO impl.RoleInfo: 468e3e91-18b2-40e6-b79d-8e9212e7bac3: shutdown FollowerState
om2_1       | 	at org.apache.hadoop.ozone.protocolPB.OzoneManagerProtocolServerSideTranslatorPB.submitReadRequestToOM(OzoneManagerProtocolServerSideTranslatorPB.java:176)
om1_1       | 	at java.base/javax.security.auth.Subject.doAs(Subject.java:423)
s3g_1       | 	at java.base/java.security.AccessController.doPrivileged(Native Method)
om3_1       | 2019-10-28 08:28:22,469 INFO server.RaftServerConfigKeys: raft.server.watch.element-limit = 65536 (default)
datanode_2  | 2019-10-28 08:28:40,249 INFO impl.RaftServerImpl: bfd7f686-ae73-4295-a029-c3be1da37abf@group-AE70D0B99C8A: change Leader from null to 468e3e91-18b2-40e6-b79d-8e9212e7bac3 at term 4 for appendEntries, leader elected after 20718ms
datanode_3  | 2019-10-28 08:28:40,110 INFO impl.RaftServerImpl: 468e3e91-18b2-40e6-b79d-8e9212e7bac3@group-AE70D0B99C8A: changes role from  FOLLOWER to CANDIDATE at term 3 for changeToCandidate
om2_1       | 	at org.apache.hadoop.ozone.protocolPB.OzoneManagerProtocolServerSideTranslatorPB.processRequest(OzoneManagerProtocolServerSideTranslatorPB.java:110)
om1_1       | 	at org.apache.hadoop.security.UserGroupInformation.doAs(UserGroupInformation.java:1730)
s3g_1       | 	at java.base/javax.security.auth.Subject.doAs(Subject.java:423)
om3_1       | 2019-10-28 08:28:22,477 INFO server.RaftServerConfigKeys: raft.server.log.appender.snapshot.chunk.size.max = 16MB (=16777216) (default)
datanode_2  | 2019-10-28 08:28:40,274 INFO impl.RaftServerImpl: bfd7f686-ae73-4295-a029-c3be1da37abf@group-AE70D0B99C8A: set configuration 0: [903b772b-c024-42c7-8eb6-5f7905346284:172.18.0.9:9858, 468e3e91-18b2-40e6-b79d-8e9212e7bac3:172.18.0.5:9858, bfd7f686-ae73-4295-a029-c3be1da37abf:172.18.0.6:9858], old=null at 0
datanode_3  | 2019-10-28 08:28:40,110 INFO impl.RoleInfo: 468e3e91-18b2-40e6-b79d-8e9212e7bac3: start LeaderElection
om2_1       | 	at org.apache.hadoop.hdds.server.OzoneProtocolMessageDispatcher.processRequest(OzoneProtocolMessageDispatcher.java:72)
om1_1       | 	at org.apache.hadoop.ipc.Server$Handler.run(Server.java:2682)
s3g_1       | 	at org.apache.hadoop.security.UserGroupInformation.doAs(UserGroupInformation.java:1730)
om3_1       | 2019-10-28 08:28:22,477 INFO server.RaftServerConfigKeys: raft.server.log.appender.buffer.byte-limit = 33554432 (custom)
datanode_2  | 2019-10-28 08:28:40,274 INFO segmented.SegmentedRaftLogWorker: bfd7f686-ae73-4295-a029-c3be1da37abf@group-AE70D0B99C8A-SegmentedRaftLogWorker: Starting segment from index:0
