nm_1        | 2019-10-28 08:21:41 INFO  NMAuditLogger:94 - USER=hadoop	IP=172.18.0.7	OPERATION=Start Container Request	TARGET=ContainerManageImpl	RESULT=SUCCESS	APPID=application_1572250837688_0001	CONTAINERID=container_1572250837688_0001_01_000001
datanode_1  | 2019-10-28 08:20:42,898 INFO segmented.SegmentedRaftLogWorker: 622763b3-acd9-49d8-b833-6b4f4188bd78@group-7A491C3A0085-SegmentedRaftLogWorker: flushIndex: setUnconditionally 0 -> -1
datanode_3  | 2019-10-28 08:20:42,896 WARN impl.MetricRegistriesImpl: First MetricRegistry has been created without registering reporters. You may need to call MetricRegistries.global().addReportRegistration(...) before.
rm_1        | INFO: Binding org.apache.hadoop.yarn.server.resourcemanager.webapp.JAXBContextResolver to GuiceManagedComponentProvider with the scope "Singleton"
nm_1        | 2019-10-28 08:21:41 INFO  ApplicationImpl:655 - Application application_1572250837688_0001 transitioned from NEW to INITING
datanode_2  | 2019-10-28 08:20:42,894 INFO server.RaftServerConfigKeys: raft.server.log.write.buffer.size = 33554432 (custom)
datanode_1  | 2019-10-28 08:20:42,900 INFO server.RaftServerConfigKeys: raft.server.snapshot.auto.trigger.enabled = true (custom)
datanode_3  | 2019-10-28 08:20:42,896 WARN impl.MetricRegistriesImpl: First MetricRegistry has been created without registering reporters. You may need to call MetricRegistries.global().addReportRegistration(...) before.
rm_1        | Oct 28, 2019 8:20:36 AM com.sun.jersey.guice.spi.container.GuiceComponentProviderFactory getComponentProvider
nm_1        | 2019-10-28 08:21:41 INFO  ApplicationImpl:463 - Adding container_1572250837688_0001_01_000001 to application application_1572250837688_0001
datanode_2  | 2019-10-28 08:20:42,894 INFO server.RaftServerConfigKeys: raft.server.log.force.sync.num = 128 (default)
datanode_1  | 2019-10-28 08:20:42,901 INFO server.RaftServerConfigKeys: raft.server.snapshot.auto.trigger.threshold = 10000 (custom)
rm_1        | INFO: Binding org.apache.hadoop.yarn.webapp.GenericExceptionHandler to GuiceManagedComponentProvider with the scope "Singleton"
nm_1        | 2019-10-28 08:21:41 INFO  ApplicationImpl:655 - Application application_1572250837688_0001 transitioned from INITING to RUNNING
datanode_3  | 2019-10-28 08:20:42,897 INFO impl.RaftServerImpl: 1f6636bb-c5d7-4c90-a46d-ef51b4623c8d@group-7A491C3A0085: start as a follower, conf=-1: [1f6636bb-c5d7-4c90-a46d-ef51b4623c8d:172.18.0.8:9858, 2f28b4ed-c742-4c30-882b-9e0c90382b35:172.18.0.6:9858, 622763b3-acd9-49d8-b833-6b4f4188bd78:172.18.0.5:9858], old=null
datanode_1  | 2019-10-28 08:20:42,901 INFO server.RaftServerConfigKeys: raft.server.snapshot.retention.file.num = 5 (custom)
datanode_2  | 2019-10-28 08:20:42,894 INFO server.RaftServerConfigKeys: raft.server.log.statemachine.data.sync = true (default)
rm_1        | Oct 28, 2019 8:20:37 AM com.sun.jersey.guice.spi.container.GuiceComponentProviderFactory getComponentProvider
nm_1        | 2019-10-28 08:21:41 INFO  ContainerImpl:2126 - Container container_1572250837688_0001_01_000001 transitioned from NEW to LOCALIZING
datanode_1  | 2019-10-28 08:20:42,902 INFO server.RaftServerConfigKeys: raft.server.retrycache.expirytime = 600000ms (custom)
datanode_3  | 2019-10-28 08:20:42,897 INFO impl.RaftServerImpl: 1f6636bb-c5d7-4c90-a46d-ef51b4623c8d@group-7A491C3A0085: changes role from      null to FOLLOWER at term 0 for startAsFollower
datanode_2  | 2019-10-28 08:20:42,894 INFO server.RaftServerConfigKeys: raft.server.log.statemachine.data.sync.timeout = 10s (default)
rm_1        | INFO: Binding org.apache.hadoop.yarn.server.resourcemanager.webapp.RMWebServices to GuiceManagedComponentProvider with the scope "Singleton"
nm_1        | 2019-10-28 08:21:41 INFO  AuxServices:350 - Got event CONTAINER_INIT for appId application_1572250837688_0001
datanode_1  | 2019-10-28 08:20:42,902 WARN impl.MetricRegistriesImpl: First MetricRegistry has been created without registering reporters. You may need to call MetricRegistries.global().addReportRegistration(...) before.
datanode_3  | 2019-10-28 08:20:42,897 INFO impl.RoleInfo: 1f6636bb-c5d7-4c90-a46d-ef51b4623c8d: start FollowerState
datanode_2  | 2019-10-28 08:20:42,894 INFO server.RaftServerConfigKeys: raft.server.log.statemachine.data.sync.timeout.retry = -1 (default)
rm_1        | 2019-10-28 08:20:37 INFO  ContextHandler:781 - Started o.e.j.w.WebAppContext@4defd42{/,file:///tmp/jetty-rm-8088-cluster-_-any-3101465976310335116.dir/webapp/,AVAILABLE}{/cluster}
nm_1        | 2019-10-28 08:21:41 INFO  ResourceLocalizationService:801 - Created localizer for container_1572250837688_0001_01_000001
datanode_3  | 2019-10-28 08:20:42,897 INFO util.JmxRegister: Successfully registered JMX Bean with object name Ratis:service=RaftServer,group=group-7A491C3A0085,id=1f6636bb-c5d7-4c90-a46d-ef51b4623c8d
datanode_1  | 2019-10-28 08:20:42,902 WARN impl.MetricRegistriesImpl: First MetricRegistry has been created without registering reporters. You may need to call MetricRegistries.global().addReportRegistration(...) before.
datanode_2  | 2019-10-28 08:20:42,895 INFO server.RaftServerConfigKeys: raft.server.log.statemachine.data.caching.enabled = true (custom)
rm_1        | 2019-10-28 08:20:37 INFO  AbstractConnector:278 - Started ServerConnector@53a665ad{HTTP/1.1,[http/1.1]}{rm:8088}
datanode_3  | 2019-10-28 08:20:42,898 WARN impl.MetricRegistriesImpl: First MetricRegistry has been created without registering reporters. You may need to call MetricRegistries.global().addReportRegistration(...) before.
datanode_1  | 2019-10-28 08:20:42,902 INFO impl.RaftServerImpl: 622763b3-acd9-49d8-b833-6b4f4188bd78@group-7A491C3A0085: start as a follower, conf=-1: [1f6636bb-c5d7-4c90-a46d-ef51b4623c8d:172.18.0.8:9858, 2f28b4ed-c742-4c30-882b-9e0c90382b35:172.18.0.6:9858, 622763b3-acd9-49d8-b833-6b4f4188bd78:172.18.0.5:9858], old=null
datanode_2  | 2019-10-28 08:20:42,895 INFO segmented.SegmentedRaftLogWorker: 2f28b4ed-c742-4c30-882b-9e0c90382b35@group-7A491C3A0085-SegmentedRaftLogWorker: flushIndex: setUnconditionally 0 -> -1
nm_1        | 2019-10-28 08:21:41 INFO  ResourceLocalizationService:1331 - Writing credentials to the nmPrivate file /tmp/hadoop-hadoop/nm-local-dir/nmPrivate/container_1572250837688_0001_01_000001.tokens
rm_1        | 2019-10-28 08:20:37 INFO  Server:419 - Started @4550ms
datanode_3  | 2019-10-28 08:20:47,856 INFO impl.FollowerState: 1f6636bb-c5d7-4c90-a46d-ef51b4623c8d@group-E8708FF08C38-FollowerState: change to CANDIDATE, lastRpcTime:5166ms, electionTimeout:5166ms
datanode_1  | 2019-10-28 08:20:42,903 INFO impl.RaftServerImpl: 622763b3-acd9-49d8-b833-6b4f4188bd78@group-7A491C3A0085: changes role from      null to FOLLOWER at term 0 for startAsFollower
datanode_2  | 2019-10-28 08:20:42,895 INFO server.RaftServerConfigKeys: raft.server.snapshot.auto.trigger.enabled = true (custom)
rm_1        | 2019-10-28 08:20:37 INFO  WebApps:440 - Web app cluster started at 8088
datanode_3  | 2019-10-28 08:20:47,858 INFO impl.RoleInfo: 1f6636bb-c5d7-4c90-a46d-ef51b4623c8d: shutdown FollowerState
datanode_2  | 2019-10-28 08:20:42,896 INFO server.RaftServerConfigKeys: raft.server.snapshot.auto.trigger.threshold = 10000 (custom)
datanode_1  | 2019-10-28 08:20:42,903 INFO impl.RoleInfo: 622763b3-acd9-49d8-b833-6b4f4188bd78: start FollowerState
rm_1        | 2019-10-28 08:20:37 INFO  CallQueueManager:84 - Using callQueue: class java.util.concurrent.LinkedBlockingQueue queueCapacity: 100 scheduler: class org.apache.hadoop.ipc.DefaultRpcScheduler
datanode_3  | 2019-10-28 08:20:47,859 INFO impl.RaftServerImpl: 1f6636bb-c5d7-4c90-a46d-ef51b4623c8d@group-E8708FF08C38: changes role from  FOLLOWER to CANDIDATE at term 0 for changeToCandidate
nm_1        | 2019-10-28 08:21:41 INFO  DefaultContainerExecutor:836 - Initializing user hadoop
datanode_2  | 2019-10-28 08:20:42,896 INFO server.RaftServerConfigKeys: raft.server.snapshot.retention.file.num = 5 (custom)
rm_1        | 2019-10-28 08:20:37 INFO  Server:1070 - Starting Socket Reader #1 for port 8033
datanode_1  | 2019-10-28 08:20:42,904 INFO util.JmxRegister: Successfully registered JMX Bean with object name Ratis:service=RaftServer,group=group-7A491C3A0085,id=622763b3-acd9-49d8-b833-6b4f4188bd78
datanode_3  | 2019-10-28 08:20:47,863 INFO impl.RoleInfo: 1f6636bb-c5d7-4c90-a46d-ef51b4623c8d: start LeaderElection
nm_1        | 2019-10-28 08:21:41 INFO  DefaultContainerExecutor:166 - Copying from /tmp/hadoop-hadoop/nm-local-dir/nmPrivate/container_1572250837688_0001_01_000001.tokens to /tmp/hadoop-hadoop/nm-local-dir/usercache/hadoop/appcache/application_1572250837688_0001/container_1572250837688_0001_01_000001.tokens
datanode_2  | 2019-10-28 08:20:42,896 INFO server.RaftServerConfigKeys: raft.server.retrycache.expirytime = 600000ms (custom)
rm_1        | 2019-10-28 08:20:37 INFO  RpcServerFactoryPBImpl:173 - Adding protocol org.apache.hadoop.yarn.server.api.ResourceManagerAdministrationProtocolPB to the server
datanode_1  | 2019-10-28 08:20:42,904 WARN impl.MetricRegistriesImpl: First MetricRegistry has been created without registering reporters. You may need to call MetricRegistries.global().addReportRegistration(...) before.
nm_1        | 2019-10-28 08:21:41 INFO  DefaultContainerExecutor:174 - Localizer CWD set to /tmp/hadoop-hadoop/nm-local-dir/usercache/hadoop/appcache/application_1572250837688_0001 = file:/tmp/hadoop-hadoop/nm-local-dir/usercache/hadoop/appcache/application_1572250837688_0001
datanode_3  | 2019-10-28 08:20:47,890 INFO impl.LeaderElection: 1f6636bb-c5d7-4c90-a46d-ef51b4623c8d@group-E8708FF08C38-LeaderElection1: begin an election at term 1 for -1: [1f6636bb-c5d7-4c90-a46d-ef51b4623c8d:172.18.0.8:9858], old=null
datanode_2  | 2019-10-28 08:20:42,896 WARN impl.MetricRegistriesImpl: First MetricRegistry has been created without registering reporters. You may need to call MetricRegistries.global().addReportRegistration(...) before.
rm_1        | 2019-10-28 08:20:37 INFO  Server:1310 - IPC Server Responder: starting
datanode_1  | 2019-10-28 08:20:47,363 INFO impl.FollowerState: 622763b3-acd9-49d8-b833-6b4f4188bd78@group-0117334BDF85-FollowerState: change to CANDIDATE, lastRpcTime:5143ms, electionTimeout:5142ms
nm_1        | 2019-10-28 08:21:41 INFO  ContainerLocalizer:139 - Disk Validator: yarn.nodemanager.disk-validator is loaded.
datanode_3  | 2019-10-28 08:20:47,892 INFO impl.RoleInfo: 1f6636bb-c5d7-4c90-a46d-ef51b4623c8d: shutdown LeaderElection
datanode_2  | 2019-10-28 08:20:42,896 WARN impl.MetricRegistriesImpl: First MetricRegistry has been created without registering reporters. You may need to call MetricRegistries.global().addReportRegistration(...) before.
rm_1        | 2019-10-28 08:20:37 INFO  Server:1149 - IPC Server listener on 8033: starting
datanode_1  | 2019-10-28 08:20:47,366 INFO impl.RoleInfo: 622763b3-acd9-49d8-b833-6b4f4188bd78: shutdown FollowerState
nm_1        | 2019-10-28 08:21:42 INFO  Configuration:3318 - Removed undeclared tags:
datanode_1  | 2019-10-28 08:20:47,367 INFO impl.RaftServerImpl: 622763b3-acd9-49d8-b833-6b4f4188bd78@group-0117334BDF85: changes role from  FOLLOWER to CANDIDATE at term 0 for changeToCandidate
datanode_2  | 2019-10-28 08:20:42,897 INFO impl.RaftServerImpl: 2f28b4ed-c742-4c30-882b-9e0c90382b35@group-7A491C3A0085: start as a follower, conf=-1: [1f6636bb-c5d7-4c90-a46d-ef51b4623c8d:172.18.0.8:9858, 2f28b4ed-c742-4c30-882b-9e0c90382b35:172.18.0.6:9858, 622763b3-acd9-49d8-b833-6b4f4188bd78:172.18.0.5:9858], old=null
rm_1        | 2019-10-28 08:20:37 INFO  ResourceManager:1263 - Transitioning to active state
nm_1        | 2019-10-28 08:21:42 INFO  Configuration:3318 - Removed undeclared tags:
datanode_3  | 2019-10-28 08:20:47,892 INFO impl.RaftServerImpl: 1f6636bb-c5d7-4c90-a46d-ef51b4623c8d@group-E8708FF08C38: changes role from CANDIDATE to LEADER at term 1 for changeToLeader
datanode_1  | 2019-10-28 08:20:47,371 INFO impl.RoleInfo: 622763b3-acd9-49d8-b833-6b4f4188bd78: start LeaderElection
datanode_2  | 2019-10-28 08:20:42,897 INFO impl.RaftServerImpl: 2f28b4ed-c742-4c30-882b-9e0c90382b35@group-7A491C3A0085: changes role from      null to FOLLOWER at term 0 for startAsFollower
rm_1        | 2019-10-28 08:20:37 INFO  RMStateStore:549 - Updating AMRMToken
datanode_3  | 2019-10-28 08:20:47,893 INFO impl.RaftServerImpl: 1f6636bb-c5d7-4c90-a46d-ef51b4623c8d@group-E8708FF08C38: change Leader from null to 1f6636bb-c5d7-4c90-a46d-ef51b4623c8d at term 1 for becomeLeader, leader elected after 5269ms
datanode_1  | 2019-10-28 08:20:47,387 INFO impl.LeaderElection: 622763b3-acd9-49d8-b833-6b4f4188bd78@group-0117334BDF85-LeaderElection1: begin an election at term 1 for -1: [622763b3-acd9-49d8-b833-6b4f4188bd78:172.18.0.5:9858], old=null
datanode_2  | 2019-10-28 08:20:42,897 INFO impl.RoleInfo: 2f28b4ed-c742-4c30-882b-9e0c90382b35: start FollowerState
rm_1        | 2019-10-28 08:20:37 INFO  RMContainerTokenSecretManager:109 - Rolling master-key for container-tokens
datanode_3  | 2019-10-28 08:20:47,898 INFO server.RaftServerConfigKeys: raft.server.staging.catchup.gap = 1000 (default)
nm_1        | 2019-10-28 08:21:42 INFO  Configuration:3318 - Removed undeclared tags:
datanode_1  | 2019-10-28 08:20:47,388 INFO impl.RoleInfo: 622763b3-acd9-49d8-b833-6b4f4188bd78: shutdown LeaderElection
datanode_2  | 2019-10-28 08:20:42,898 INFO util.JmxRegister: Successfully registered JMX Bean with object name Ratis:service=RaftServer,group=group-7A491C3A0085,id=2f28b4ed-c742-4c30-882b-9e0c90382b35
rm_1        | 2019-10-28 08:20:37 INFO  NMTokenSecretManagerInRM:95 - Rolling master-key for nm-tokens
nm_1        | 2019-10-28 08:21:42 WARN  MetricsSystemImpl:151 - NodeManager metrics system already initialized!
datanode_3  | 2019-10-28 08:20:47,898 INFO server.RaftServerConfigKeys: raft.server.rpc.sleep.time = 25ms (default)
datanode_1  | 2019-10-28 08:20:47,388 INFO impl.RaftServerImpl: 622763b3-acd9-49d8-b833-6b4f4188bd78@group-0117334BDF85: changes role from CANDIDATE to LEADER at term 1 for changeToLeader
datanode_2  | 2019-10-28 08:20:42,898 WARN impl.MetricRegistriesImpl: First MetricRegistry has been created without registering reporters. You may need to call MetricRegistries.global().addReportRegistration(...) before.
rm_1        | 2019-10-28 08:20:37 INFO  AbstractDelegationTokenSecretManager:347 - Updating the current master key for generating delegation tokens
nm_1        | 2019-10-28 08:21:43 INFO  Configuration:3318 - Removed undeclared tags:
datanode_3  | 2019-10-28 08:20:47,903 INFO server.RaftServerConfigKeys: raft.server.write.element-limit = 4096 (default)
datanode_1  | 2019-10-28 08:20:47,389 INFO impl.RaftServerImpl: 622763b3-acd9-49d8-b833-6b4f4188bd78@group-0117334BDF85: change Leader from null to 622763b3-acd9-49d8-b833-6b4f4188bd78 at term 1 for becomeLeader, leader elected after 5250ms
datanode_2  | 2019-10-28 08:20:46,699 INFO impl.FollowerState: 2f28b4ed-c742-4c30-882b-9e0c90382b35@group-6DDFF1C541DB-FollowerState: change to CANDIDATE, lastRpcTime:5032ms, electionTimeout:5032ms
nm_1        | 2019-10-28 08:21:43 INFO  Configuration:3318 - Removed undeclared tags:
datanode_3  | 2019-10-28 08:20:47,909 INFO server.RaftServerConfigKeys: raft.server.watch.timeout = 10s (default)
rm_1        | 2019-10-28 08:20:37 INFO  RMDelegationTokenSecretManager:92 - storing master key with keyID 1
datanode_1  | 2019-10-28 08:20:47,393 INFO server.RaftServerConfigKeys: raft.server.staging.catchup.gap = 1000 (default)
datanode_2  | 2019-10-28 08:20:46,701 INFO impl.RoleInfo: 2f28b4ed-c742-4c30-882b-9e0c90382b35: shutdown FollowerState
nm_1        | 2019-10-28 08:21:44 INFO  Configuration:3318 - Removed undeclared tags:
datanode_3  | 2019-10-28 08:20:47,909 INFO server.RaftServerConfigKeys: raft.server.watch.timeout.denomination = 1s (default)
rm_1        | 2019-10-28 08:20:37 INFO  RMStateStore:500 - Storing RMDTMasterKey.
datanode_1  | 2019-10-28 08:20:47,393 INFO server.RaftServerConfigKeys: raft.server.rpc.sleep.time = 25ms (default)
datanode_2  | 2019-10-28 08:20:46,702 INFO impl.RaftServerImpl: 2f28b4ed-c742-4c30-882b-9e0c90382b35@group-6DDFF1C541DB: changes role from  FOLLOWER to CANDIDATE at term 0 for changeToCandidate
nm_1        | 2019-10-28 08:21:44 INFO  ContainerImpl:2126 - Container container_1572250837688_0001_01_000001 transitioned from LOCALIZING to SCHEDULED
datanode_3  | 2019-10-28 08:20:47,910 INFO server.RaftServerConfigKeys: raft.server.watch.element-limit = 65536 (default)
rm_1        | 2019-10-28 08:20:37 INFO  AbstractDelegationTokenSecretManager:679 - Starting expired delegation token remover thread, tokenRemoverScanInterval=60 min(s)
datanode_1  | 2019-10-28 08:20:47,396 INFO server.RaftServerConfigKeys: raft.server.write.element-limit = 4096 (default)
datanode_2  | 2019-10-28 08:20:46,707 INFO impl.RoleInfo: 2f28b4ed-c742-4c30-882b-9e0c90382b35: start LeaderElection
nm_1        | 2019-10-28 08:21:44 INFO  ContainerScheduler:511 - Starting container [container_1572250837688_0001_01_000001]
datanode_3  | 2019-10-28 08:20:47,919 INFO impl.RoleInfo: 1f6636bb-c5d7-4c90-a46d-ef51b4623c8d: start LeaderState
rm_1        | 2019-10-28 08:20:37 INFO  AbstractDelegationTokenSecretManager:347 - Updating the current master key for generating delegation tokens
datanode_1  | 2019-10-28 08:20:47,400 INFO server.RaftServerConfigKeys: raft.server.watch.timeout = 10s (default)
datanode_2  | 2019-10-28 08:20:46,739 INFO impl.LeaderElection: 2f28b4ed-c742-4c30-882b-9e0c90382b35@group-6DDFF1C541DB-LeaderElection1: begin an election at term 1 for -1: [2f28b4ed-c742-4c30-882b-9e0c90382b35:172.18.0.6:9858], old=null
nm_1        | 2019-10-28 08:21:44 INFO  Configuration:3318 - Removed undeclared tags:
rm_1        | 2019-10-28 08:20:37 INFO  RMDelegationTokenSecretManager:92 - storing master key with keyID 2
datanode_1  | 2019-10-28 08:20:47,400 INFO server.RaftServerConfigKeys: raft.server.watch.timeout.denomination = 1s (default)
datanode_3  | 2019-10-28 08:20:47,941 INFO segmented.SegmentedRaftLogWorker: 1f6636bb-c5d7-4c90-a46d-ef51b4623c8d@group-E8708FF08C38-SegmentedRaftLogWorker: Starting segment from index:0
datanode_2  | 2019-10-28 08:20:46,740 INFO impl.RoleInfo: 2f28b4ed-c742-4c30-882b-9e0c90382b35: shutdown LeaderElection
nm_1        | 2019-10-28 08:21:44 INFO  ContainerImpl:2126 - Container container_1572250837688_0001_01_000001 transitioned from SCHEDULED to RUNNING
rm_1        | 2019-10-28 08:20:37 INFO  RMStateStore:500 - Storing RMDTMasterKey.
datanode_1  | 2019-10-28 08:20:47,401 INFO server.RaftServerConfigKeys: raft.server.watch.element-limit = 65536 (default)
datanode_3  | 2019-10-28 08:20:47,955 INFO impl.RaftServerImpl: 1f6636bb-c5d7-4c90-a46d-ef51b4623c8d@group-E8708FF08C38: set configuration 0: [1f6636bb-c5d7-4c90-a46d-ef51b4623c8d:172.18.0.8:9858], old=null at 0
datanode_2  | 2019-10-28 08:20:46,741 INFO impl.RaftServerImpl: 2f28b4ed-c742-4c30-882b-9e0c90382b35@group-6DDFF1C541DB: changes role from CANDIDATE to LEADER at term 1 for changeToLeader
nm_1        | 2019-10-28 08:21:44 INFO  ContainersMonitorImpl:943 - Starting resource-monitoring for container_1572250837688_0001_01_000001
rm_1        | 2019-10-28 08:20:37 INFO  AsyncDispatcher:223 - Registering class org.apache.hadoop.yarn.nodelabels.event.NodeLabelsStoreEventType for class org.apache.hadoop.yarn.nodelabels.CommonNodeLabelsManager$ForwardingEventHandler
datanode_1  | 2019-10-28 08:20:47,408 INFO impl.RoleInfo: 622763b3-acd9-49d8-b833-6b4f4188bd78: start LeaderState
datanode_3  | 2019-10-28 08:20:48,075 INFO impl.FollowerState: 1f6636bb-c5d7-4c90-a46d-ef51b4623c8d@group-7A491C3A0085-FollowerState: change to CANDIDATE, lastRpcTime:5178ms, electionTimeout:5178ms
datanode_2  | 2019-10-28 08:20:46,741 INFO impl.RaftServerImpl: 2f28b4ed-c742-4c30-882b-9e0c90382b35@group-6DDFF1C541DB: change Leader from null to 2f28b4ed-c742-4c30-882b-9e0c90382b35 at term 1 for becomeLeader, leader elected after 5140ms
nm_1        | 2019-10-28 08:21:44 INFO  DefaultContainerExecutor:370 - launchContainer: [bash, /tmp/hadoop-hadoop/nm-local-dir/usercache/hadoop/appcache/application_1572250837688_0001/container_1572250837688_0001_01_000001/default_container_executor.sh]
rm_1        | 2019-10-28 08:20:37 INFO  CallQueueManager:84 - Using callQueue: class java.util.concurrent.LinkedBlockingQueue queueCapacity: 5000 scheduler: class org.apache.hadoop.ipc.DefaultRpcScheduler
datanode_1  | 2019-10-28 08:20:47,430 INFO segmented.SegmentedRaftLogWorker: 622763b3-acd9-49d8-b833-6b4f4188bd78@group-0117334BDF85-SegmentedRaftLogWorker: Starting segment from index:0
datanode_3  | 2019-10-28 08:20:48,076 INFO impl.RoleInfo: 1f6636bb-c5d7-4c90-a46d-ef51b4623c8d: shutdown FollowerState
datanode_2  | 2019-10-28 08:20:46,746 INFO server.RaftServerConfigKeys: raft.server.staging.catchup.gap = 1000 (default)
nm_1        | 2019-10-28 08:21:45 INFO  Configuration:3318 - Removed undeclared tags:
rm_1        | 2019-10-28 08:20:37 INFO  Server:1070 - Starting Socket Reader #1 for port 8031
datanode_1  | 2019-10-28 08:20:47,439 INFO impl.RaftServerImpl: 622763b3-acd9-49d8-b833-6b4f4188bd78@group-0117334BDF85: set configuration 0: [622763b3-acd9-49d8-b833-6b4f4188bd78:172.18.0.5:9858], old=null at 0
datanode_3  | 2019-10-28 08:20:48,076 INFO impl.RaftServerImpl: 1f6636bb-c5d7-4c90-a46d-ef51b4623c8d@group-7A491C3A0085: changes role from  FOLLOWER to CANDIDATE at term 0 for changeToCandidate
datanode_2  | 2019-10-28 08:20:46,746 INFO server.RaftServerConfigKeys: raft.server.rpc.sleep.time = 25ms (default)
nm_1        | 2019-10-28 08:21:45 INFO  ContainersMonitorImpl:567 - container_1572250837688_0001_01_000001's ip = 172.18.0.3, and hostname = nm
rm_1        | 2019-10-28 08:20:37 INFO  RpcServerFactoryPBImpl:173 - Adding protocol org.apache.hadoop.yarn.server.api.ResourceTrackerPB to the server
datanode_1  | 2019-10-28 08:20:47,570 INFO segmented.SegmentedRaftLogWorker: 622763b3-acd9-49d8-b833-6b4f4188bd78@group-0117334BDF85-SegmentedRaftLogWorker: created new log segment /data/metadata/ratis/7933b38a-7355-412c-9f72-0117334bdf85/current/log_inprogress_0
datanode_3  | 2019-10-28 08:20:48,076 INFO impl.RoleInfo: 1f6636bb-c5d7-4c90-a46d-ef51b4623c8d: start LeaderElection
datanode_2  | 2019-10-28 08:20:46,750 INFO server.RaftServerConfigKeys: raft.server.write.element-limit = 4096 (default)
rm_1        | 2019-10-28 08:20:37 INFO  Server:1310 - IPC Server Responder: starting
nm_1        | 2019-10-28 08:21:48 INFO  ContainersMonitorImpl:468 - Skipping monitoring container container_1572250837688_0001_01_000001 since CPU usage is not yet available.
datanode_1  | 2019-10-28 08:20:48,010 INFO impl.FollowerState: 622763b3-acd9-49d8-b833-6b4f4188bd78@group-7A491C3A0085-FollowerState: change to CANDIDATE, lastRpcTime:5107ms, electionTimeout:5106ms
datanode_3  | 2019-10-28 08:20:48,087 INFO segmented.SegmentedRaftLogWorker: 1f6636bb-c5d7-4c90-a46d-ef51b4623c8d@group-E8708FF08C38-SegmentedRaftLogWorker: created new log segment /data/metadata/ratis/d3ccf5bb-5128-489e-a35a-e8708ff08c38/current/log_inprogress_0
datanode_2  | 2019-10-28 08:20:46,756 INFO server.RaftServerConfigKeys: raft.server.watch.timeout = 10s (default)
rm_1        | 2019-10-28 08:20:37 INFO  Server:1149 - IPC Server listener on 8031: starting
nm_1        | 2019-10-28 08:21:54 INFO  Server:1845 - Auth successful for appattempt_1572250837688_0001_000001 (auth:SIMPLE)
datanode_1  | 2019-10-28 08:20:48,011 INFO impl.RoleInfo: 622763b3-acd9-49d8-b833-6b4f4188bd78: shutdown FollowerState
datanode_2  | 2019-10-28 08:20:46,756 INFO server.RaftServerConfigKeys: raft.server.watch.timeout.denomination = 1s (default)
rm_1        | 2019-10-28 08:20:37 INFO  JvmPauseMonitor:188 - Starting JVM pause monitor
datanode_3  | 2019-10-28 08:20:48,110 INFO impl.LeaderElection: 1f6636bb-c5d7-4c90-a46d-ef51b4623c8d@group-7A491C3A0085-LeaderElection2: begin an election at term 1 for -1: [1f6636bb-c5d7-4c90-a46d-ef51b4623c8d:172.18.0.8:9858, 2f28b4ed-c742-4c30-882b-9e0c90382b35:172.18.0.6:9858, 622763b3-acd9-49d8-b833-6b4f4188bd78:172.18.0.5:9858], old=null
nm_1        | 2019-10-28 08:21:54 INFO  ContainerManagerImpl:1070 - Start request for container_1572250837688_0001_01_000002 by user hadoop
datanode_1  | 2019-10-28 08:20:48,011 INFO impl.RaftServerImpl: 622763b3-acd9-49d8-b833-6b4f4188bd78@group-7A491C3A0085: changes role from  FOLLOWER to CANDIDATE at term 0 for changeToCandidate
datanode_2  | 2019-10-28 08:20:46,757 INFO server.RaftServerConfigKeys: raft.server.watch.element-limit = 65536 (default)
rm_1        | 2019-10-28 08:20:37 INFO  CallQueueManager:84 - Using callQueue: class java.util.concurrent.LinkedBlockingQueue queueCapacity: 5000 scheduler: class org.apache.hadoop.ipc.DefaultRpcScheduler
datanode_3  | 2019-10-28 08:20:48,299 INFO impl.LeaderElection: 1f6636bb-c5d7-4c90-a46d-ef51b4623c8d@group-7A491C3A0085-LeaderElection2: Election REJECTED; received 2 response(s) [1f6636bb-c5d7-4c90-a46d-ef51b4623c8d<-2f28b4ed-c742-4c30-882b-9e0c90382b35#0:FAIL-t1, 1f6636bb-c5d7-4c90-a46d-ef51b4623c8d<-622763b3-acd9-49d8-b833-6b4f4188bd78#0:FAIL-t1] and 0 exception(s); 1f6636bb-c5d7-4c90-a46d-ef51b4623c8d@group-7A491C3A0085:t1, leader=null, voted=1f6636bb-c5d7-4c90-a46d-ef51b4623c8d, raftlog=1f6636bb-c5d7-4c90-a46d-ef51b4623c8d@group-7A491C3A0085-SegmentedRaftLog:OPENED:c-1,f-1,i0, conf=-1: [1f6636bb-c5d7-4c90-a46d-ef51b4623c8d:172.18.0.8:9858, 2f28b4ed-c742-4c30-882b-9e0c90382b35:172.18.0.6:9858, 622763b3-acd9-49d8-b833-6b4f4188bd78:172.18.0.5:9858], old=null
nm_1        | 2019-10-28 08:21:54 INFO  NMAuditLogger:94 - USER=hadoop	IP=172.18.0.3	OPERATION=Start Container Request	TARGET=ContainerManageImpl	RESULT=SUCCESS	APPID=application_1572250837688_0001	CONTAINERID=container_1572250837688_0001_01_000002
datanode_1  | 2019-10-28 08:20:48,012 INFO impl.RoleInfo: 622763b3-acd9-49d8-b833-6b4f4188bd78: start LeaderElection
datanode_2  | 2019-10-28 08:20:46,765 INFO impl.RoleInfo: 2f28b4ed-c742-4c30-882b-9e0c90382b35: start LeaderState
rm_1        | 2019-10-28 08:20:37 INFO  Server:1070 - Starting Socket Reader #1 for port 8030
datanode_3  | 2019-10-28 08:20:48,301 INFO impl.RaftServerImpl: 1f6636bb-c5d7-4c90-a46d-ef51b4623c8d@group-7A491C3A0085: changes role from CANDIDATE to FOLLOWER at term 1 for DISCOVERED_A_NEW_TERM
nm_1        | 2019-10-28 08:21:54 INFO  ApplicationImpl:463 - Adding container_1572250837688_0001_01_000002 to application application_1572250837688_0001
datanode_1  | 2019-10-28 08:20:48,038 INFO impl.LeaderElection: 622763b3-acd9-49d8-b833-6b4f4188bd78@group-7A491C3A0085-LeaderElection2: begin an election at term 1 for -1: [1f6636bb-c5d7-4c90-a46d-ef51b4623c8d:172.18.0.8:9858, 2f28b4ed-c742-4c30-882b-9e0c90382b35:172.18.0.6:9858, 622763b3-acd9-49d8-b833-6b4f4188bd78:172.18.0.5:9858], old=null
datanode_2  | 2019-10-28 08:20:46,785 INFO segmented.SegmentedRaftLogWorker: 2f28b4ed-c742-4c30-882b-9e0c90382b35@group-6DDFF1C541DB-SegmentedRaftLogWorker: Starting segment from index:0
rm_1        | 2019-10-28 08:20:37 INFO  RpcServerFactoryPBImpl:173 - Adding protocol org.apache.hadoop.yarn.api.ApplicationMasterProtocolPB to the server
datanode_3  | 2019-10-28 08:20:48,301 INFO impl.RoleInfo: 1f6636bb-c5d7-4c90-a46d-ef51b4623c8d: shutdown LeaderElection
nm_1        | 2019-10-28 08:21:54 INFO  ContainerImpl:2126 - Container container_1572250837688_0001_01_000002 transitioned from NEW to LOCALIZING
datanode_1  | 2019-10-28 08:20:48,227 INFO impl.LeaderElection: 622763b3-acd9-49d8-b833-6b4f4188bd78@group-7A491C3A0085-LeaderElection2: Election REJECTED; received 2 response(s) [622763b3-acd9-49d8-b833-6b4f4188bd78<-1f6636bb-c5d7-4c90-a46d-ef51b4623c8d#0:FAIL-t1, 622763b3-acd9-49d8-b833-6b4f4188bd78<-2f28b4ed-c742-4c30-882b-9e0c90382b35#0:FAIL-t1] and 0 exception(s); 622763b3-acd9-49d8-b833-6b4f4188bd78@group-7A491C3A0085:t1, leader=null, voted=622763b3-acd9-49d8-b833-6b4f4188bd78, raftlog=622763b3-acd9-49d8-b833-6b4f4188bd78@group-7A491C3A0085-SegmentedRaftLog:OPENED:c-1,f-1,i0, conf=-1: [1f6636bb-c5d7-4c90-a46d-ef51b4623c8d:172.18.0.8:9858, 2f28b4ed-c742-4c30-882b-9e0c90382b35:172.18.0.6:9858, 622763b3-acd9-49d8-b833-6b4f4188bd78:172.18.0.5:9858], old=null
datanode_2  | 2019-10-28 08:20:46,798 INFO impl.RaftServerImpl: 2f28b4ed-c742-4c30-882b-9e0c90382b35@group-6DDFF1C541DB: set configuration 0: [2f28b4ed-c742-4c30-882b-9e0c90382b35:172.18.0.6:9858], old=null at 0
rm_1        | 2019-10-28 08:20:37 INFO  Server:1310 - IPC Server Responder: starting
datanode_3  | 2019-10-28 08:20:48,301 INFO impl.RoleInfo: 1f6636bb-c5d7-4c90-a46d-ef51b4623c8d: start FollowerState
nm_1        | 2019-10-28 08:21:54 INFO  AuxServices:350 - Got event CONTAINER_INIT for appId application_1572250837688_0001
datanode_2  | 2019-10-28 08:20:46,932 INFO segmented.SegmentedRaftLogWorker: 2f28b4ed-c742-4c30-882b-9e0c90382b35@group-6DDFF1C541DB-SegmentedRaftLogWorker: created new log segment /data/metadata/ratis/14687691-fa0b-47fa-bf49-6ddff1c541db/current/log_inprogress_0
rm_1        | 2019-10-28 08:20:37 INFO  Server:1149 - IPC Server listener on 8030: starting
datanode_3  | 2019-10-28 08:20:53,349 INFO impl.RaftServerImpl: 1f6636bb-c5d7-4c90-a46d-ef51b4623c8d@group-7A491C3A0085: changes role from  FOLLOWER to FOLLOWER at term 2 for recognizeCandidate:2f28b4ed-c742-4c30-882b-9e0c90382b35
nm_1        | 2019-10-28 08:21:54 INFO  AuxServices:350 - Got event APPLICATION_INIT for appId application_1572250837688_0001
datanode_1  | 2019-10-28 08:20:48,229 INFO impl.RaftServerImpl: 622763b3-acd9-49d8-b833-6b4f4188bd78@group-7A491C3A0085: changes role from CANDIDATE to FOLLOWER at term 1 for DISCOVERED_A_NEW_TERM
datanode_2  | 2019-10-28 08:20:48,060 INFO impl.FollowerState: 2f28b4ed-c742-4c30-882b-9e0c90382b35@group-7A491C3A0085-FollowerState: change to CANDIDATE, lastRpcTime:5162ms, electionTimeout:5162ms
rm_1        | 2019-10-28 08:20:37 INFO  CallQueueManager:84 - Using callQueue: class java.util.concurrent.LinkedBlockingQueue queueCapacity: 5000 scheduler: class org.apache.hadoop.ipc.DefaultRpcScheduler
datanode_3  | 2019-10-28 08:20:53,349 INFO impl.RoleInfo: 1f6636bb-c5d7-4c90-a46d-ef51b4623c8d: shutdown FollowerState
nm_1        | 2019-10-28 08:21:54 INFO  AuxServices:354 - Got APPLICATION_INIT for service mapreduce_shuffle
datanode_2  | 2019-10-28 08:20:48,061 INFO impl.RoleInfo: 2f28b4ed-c742-4c30-882b-9e0c90382b35: shutdown FollowerState
datanode_1  | 2019-10-28 08:20:48,229 INFO impl.RoleInfo: 622763b3-acd9-49d8-b833-6b4f4188bd78: shutdown LeaderElection
rm_1        | 2019-10-28 08:20:37 INFO  Server:1070 - Starting Socket Reader #1 for port 8032
datanode_2  | 2019-10-28 08:20:48,062 INFO impl.RaftServerImpl: 2f28b4ed-c742-4c30-882b-9e0c90382b35@group-7A491C3A0085: changes role from  FOLLOWER to CANDIDATE at term 0 for changeToCandidate
rm_1        | 2019-10-28 08:20:37 INFO  RpcServerFactoryPBImpl:173 - Adding protocol org.apache.hadoop.yarn.api.ApplicationClientProtocolPB to the server
datanode_3  | 2019-10-28 08:20:53,350 INFO impl.RoleInfo: 1f6636bb-c5d7-4c90-a46d-ef51b4623c8d: start FollowerState
datanode_1  | 2019-10-28 08:20:48,230 INFO impl.RoleInfo: 622763b3-acd9-49d8-b833-6b4f4188bd78: start FollowerState
datanode_2  | 2019-10-28 08:20:48,062 INFO impl.RoleInfo: 2f28b4ed-c742-4c30-882b-9e0c90382b35: start LeaderElection
rm_1        | 2019-10-28 08:20:37 INFO  Server:1310 - IPC Server Responder: starting
datanode_3  | 2019-10-28 08:20:53,350 INFO impl.FollowerState: 1f6636bb-c5d7-4c90-a46d-ef51b4623c8d@group-7A491C3A0085-FollowerState was interrupted: java.lang.InterruptedException: sleep interrupted
datanode_2  | 2019-10-28 08:20:48,087 INFO impl.LeaderElection: 2f28b4ed-c742-4c30-882b-9e0c90382b35@group-7A491C3A0085-LeaderElection2: begin an election at term 1 for -1: [1f6636bb-c5d7-4c90-a46d-ef51b4623c8d:172.18.0.8:9858, 2f28b4ed-c742-4c30-882b-9e0c90382b35:172.18.0.6:9858, 622763b3-acd9-49d8-b833-6b4f4188bd78:172.18.0.5:9858], old=null
datanode_1  | 2019-10-28 08:20:53,302 INFO impl.FollowerState: 622763b3-acd9-49d8-b833-6b4f4188bd78@group-7A491C3A0085-FollowerState: change to CANDIDATE, lastRpcTime:5072ms, electionTimeout:5059ms
nm_1        | 2019-10-28 08:21:54 INFO  ShuffleHandler:719 - Added token for job_1572250837688_0001
rm_1        | 2019-10-28 08:20:37 INFO  Server:1149 - IPC Server listener on 8032: starting
datanode_3  | 2019-10-28 08:20:53,457 INFO impl.RaftServerImpl: 1f6636bb-c5d7-4c90-a46d-ef51b4623c8d@group-7A491C3A0085: change Leader from null to 2f28b4ed-c742-4c30-882b-9e0c90382b35 at term 2 for appendEntries, leader elected after 10564ms
datanode_1  | 2019-10-28 08:20:53,303 INFO impl.RoleInfo: 622763b3-acd9-49d8-b833-6b4f4188bd78: shutdown FollowerState
datanode_2  | 2019-10-28 08:20:48,269 INFO impl.LeaderElection: 2f28b4ed-c742-4c30-882b-9e0c90382b35@group-7A491C3A0085-LeaderElection2: Election REJECTED; received 2 response(s) [2f28b4ed-c742-4c30-882b-9e0c90382b35<-1f6636bb-c5d7-4c90-a46d-ef51b4623c8d#0:FAIL-t1, 2f28b4ed-c742-4c30-882b-9e0c90382b35<-622763b3-acd9-49d8-b833-6b4f4188bd78#0:FAIL-t1] and 0 exception(s); 2f28b4ed-c742-4c30-882b-9e0c90382b35@group-7A491C3A0085:t1, leader=null, voted=2f28b4ed-c742-4c30-882b-9e0c90382b35, raftlog=2f28b4ed-c742-4c30-882b-9e0c90382b35@group-7A491C3A0085-SegmentedRaftLog:OPENED:c-1,f-1,i0, conf=-1: [1f6636bb-c5d7-4c90-a46d-ef51b4623c8d:172.18.0.8:9858, 2f28b4ed-c742-4c30-882b-9e0c90382b35:172.18.0.6:9858, 622763b3-acd9-49d8-b833-6b4f4188bd78:172.18.0.5:9858], old=null
nm_1        | 2019-10-28 08:21:54 INFO  ContainerImpl:2126 - Container container_1572250837688_0001_01_000002 transitioned from LOCALIZING to SCHEDULED
rm_1        | 2019-10-28 08:20:37 INFO  ResourceManager:1279 - Transitioned to active state
datanode_3  | 2019-10-28 08:20:53,481 INFO impl.RaftServerImpl: 1f6636bb-c5d7-4c90-a46d-ef51b4623c8d@group-7A491C3A0085: set configuration 0: [1f6636bb-c5d7-4c90-a46d-ef51b4623c8d:172.18.0.8:9858, 2f28b4ed-c742-4c30-882b-9e0c90382b35:172.18.0.6:9858, 622763b3-acd9-49d8-b833-6b4f4188bd78:172.18.0.5:9858], old=null at 0
datanode_1  | 2019-10-28 08:20:53,304 INFO impl.RaftServerImpl: 622763b3-acd9-49d8-b833-6b4f4188bd78@group-7A491C3A0085: changes role from  FOLLOWER to CANDIDATE at term 1 for changeToCandidate
nm_1        | 2019-10-28 08:21:54 INFO  ContainerScheduler:511 - Starting container [container_1572250837688_0001_01_000002]
datanode_2  | 2019-10-28 08:20:48,271 INFO impl.RaftServerImpl: 2f28b4ed-c742-4c30-882b-9e0c90382b35@group-7A491C3A0085: changes role from CANDIDATE to FOLLOWER at term 1 for DISCOVERED_A_NEW_TERM
rm_1        | 2019-10-28 08:20:38 INFO  ResourceTrackerService:495 - NodeManager from node nm(cmPort: 43214 httpPort: 8042) registered with capability: <memory:8192, vCores:8>, assigned nodeId nm:43214
datanode_1  | 2019-10-28 08:20:53,304 INFO impl.RoleInfo: 622763b3-acd9-49d8-b833-6b4f4188bd78: start LeaderElection
nm_1        | 2019-10-28 08:21:54 INFO  Configuration:3318 - Removed undeclared tags:
datanode_2  | 2019-10-28 08:20:48,271 INFO impl.RoleInfo: 2f28b4ed-c742-4c30-882b-9e0c90382b35: shutdown LeaderElection
rm_1        | 2019-10-28 08:20:38 INFO  RMNodeImpl:671 - nm:43214 Node Transitioned from NEW to RUNNING
datanode_3  | 2019-10-28 08:20:53,481 INFO segmented.SegmentedRaftLogWorker: 1f6636bb-c5d7-4c90-a46d-ef51b4623c8d@group-7A491C3A0085-SegmentedRaftLogWorker: Starting segment from index:0
datanode_1  | 2019-10-28 08:20:53,329 INFO impl.LeaderElection: 622763b3-acd9-49d8-b833-6b4f4188bd78@group-7A491C3A0085-LeaderElection3: begin an election at term 2 for -1: [1f6636bb-c5d7-4c90-a46d-ef51b4623c8d:172.18.0.8:9858, 2f28b4ed-c742-4c30-882b-9e0c90382b35:172.18.0.6:9858, 622763b3-acd9-49d8-b833-6b4f4188bd78:172.18.0.5:9858], old=null
nm_1        | 2019-10-28 08:21:54 INFO  ContainerImpl:2126 - Container container_1572250837688_0001_01_000002 transitioned from SCHEDULED to RUNNING
rm_1        | 2019-10-28 08:20:38 INFO  CapacityScheduler:1866 - Added node nm:43214 clusterResource: <memory:8192, vCores:8>
datanode_2  | 2019-10-28 08:20:48,271 INFO impl.RoleInfo: 2f28b4ed-c742-4c30-882b-9e0c90382b35: start FollowerState
datanode_3  | 2019-10-28 08:20:53,530 INFO segmented.SegmentedRaftLogWorker: 1f6636bb-c5d7-4c90-a46d-ef51b4623c8d@group-7A491C3A0085-SegmentedRaftLogWorker: created new log segment /data/metadata/ratis/6252b912-d8b4-4b01-814a-7a491c3a0085/current/log_inprogress_0
datanode_1  | 2019-10-28 08:20:53,399 INFO impl.LeaderElection: 622763b3-acd9-49d8-b833-6b4f4188bd78@group-7A491C3A0085-LeaderElection3: Election REJECTED; received 2 response(s) [622763b3-acd9-49d8-b833-6b4f4188bd78<-1f6636bb-c5d7-4c90-a46d-ef51b4623c8d#0:FAIL-t2, 622763b3-acd9-49d8-b833-6b4f4188bd78<-2f28b4ed-c742-4c30-882b-9e0c90382b35#0:FAIL-t2] and 0 exception(s); 622763b3-acd9-49d8-b833-6b4f4188bd78@group-7A491C3A0085:t2, leader=null, voted=622763b3-acd9-49d8-b833-6b4f4188bd78, raftlog=622763b3-acd9-49d8-b833-6b4f4188bd78@group-7A491C3A0085-SegmentedRaftLog:OPENED:c-1,f-1,i0, conf=-1: [1f6636bb-c5d7-4c90-a46d-ef51b4623c8d:172.18.0.8:9858, 2f28b4ed-c742-4c30-882b-9e0c90382b35:172.18.0.6:9858, 622763b3-acd9-49d8-b833-6b4f4188bd78:172.18.0.5:9858], old=null
nm_1        | 2019-10-28 08:21:54 INFO  ContainersMonitorImpl:943 - Starting resource-monitoring for container_1572250837688_0001_01_000002
rm_1        | 2019-10-28 08:21:39 INFO  ClientRMService:341 - Allocated new applicationId: 1
datanode_2  | 2019-10-28 08:20:53,296 INFO impl.FollowerState: 2f28b4ed-c742-4c30-882b-9e0c90382b35@group-7A491C3A0085-FollowerState: change to CANDIDATE, lastRpcTime:5024ms, electionTimeout:5024ms
datanode_3  | 2019-10-28 08:22:31,457 WARN server.GrpcServerProtocolService: 1f6636bb-c5d7-4c90-a46d-ef51b4623c8d: installSnapshot onError, lastRequest: 2f28b4ed-c742-4c30-882b-9e0c90382b35->1f6636bb-c5d7-4c90-a46d-ef51b4623c8d#119-t2, previous=(t:2, i:86), leaderCommit=83, initializing? false, entries: <empty>: org.apache.ratis.thirdparty.io.grpc.StatusRuntimeException: CANCELLED: cancelled before receiving half close
datanode_1  | 2019-10-28 08:20:53,400 INFO impl.RaftServerImpl: 622763b3-acd9-49d8-b833-6b4f4188bd78@group-7A491C3A0085: changes role from CANDIDATE to FOLLOWER at term 2 for DISCOVERED_A_NEW_TERM
nm_1        | 2019-10-28 08:21:54 INFO  DefaultContainerExecutor:370 - launchContainer: [bash, /tmp/hadoop-hadoop/nm-local-dir/usercache/hadoop/appcache/application_1572250837688_0001/container_1572250837688_0001_01_000002/default_container_executor.sh]
rm_1        | 2019-10-28 08:21:40 INFO  CapacityScheduler:2500 - Application 'application_1572250837688_0001' is submitted without priority hence considering default queue/cluster priority: 0
datanode_2  | 2019-10-28 08:20:53,298 INFO impl.RoleInfo: 2f28b4ed-c742-4c30-882b-9e0c90382b35: shutdown FollowerState
datanode_3  | Oct 28, 2019 8:22:31 AM org.apache.ratis.thirdparty.io.grpc.internal.SerializingExecutor run
datanode_1  | 2019-10-28 08:20:53,400 INFO impl.RoleInfo: 622763b3-acd9-49d8-b833-6b4f4188bd78: shutdown LeaderElection
nm_1        | 2019-10-28 08:21:57 INFO  ContainersMonitorImpl:567 - container_1572250837688_0001_01_000002's ip = 172.18.0.3, and hostname = nm
rm_1        | 2019-10-28 08:21:40 INFO  CapacityScheduler:2521 - Priority '0' is acceptable in queue : default for application: application_1572250837688_0001
datanode_2  | 2019-10-28 08:20:53,300 INFO impl.RaftServerImpl: 2f28b4ed-c742-4c30-882b-9e0c90382b35@group-7A491C3A0085: changes role from  FOLLOWER to CANDIDATE at term 1 for changeToCandidate
datanode_3  | SEVERE: Exception while executing runnable org.apache.ratis.thirdparty.io.grpc.internal.ServerImpl$JumpToApplicationThreadServerStreamListener$1Closed@4628d273
datanode_1  | 2019-10-28 08:20:53,400 INFO impl.RoleInfo: 622763b3-acd9-49d8-b833-6b4f4188bd78: start FollowerState
nm_1        | 2019-10-28 08:21:59 INFO  ContainerLaunch:589 - Container container_1572250837688_0001_01_000002 succeeded 
rm_1        | 2019-10-28 08:21:40 INFO  ClientRMService:650 - Application with id 1 submitted by user hadoop
datanode_2  | 2019-10-28 08:20:53,301 INFO impl.RoleInfo: 2f28b4ed-c742-4c30-882b-9e0c90382b35: start LeaderElection
datanode_3  | org.apache.ratis.thirdparty.io.grpc.StatusRuntimeException: CANCELLED: call already cancelled
datanode_1  | 2019-10-28 08:20:53,457 INFO impl.RaftServerImpl: 622763b3-acd9-49d8-b833-6b4f4188bd78@group-7A491C3A0085: change Leader from null to 2f28b4ed-c742-4c30-882b-9e0c90382b35 at term 2 for appendEntries, leader elected after 10564ms
nm_1        | 2019-10-28 08:21:59 INFO  ContainerImpl:2126 - Container container_1572250837688_0001_01_000002 transitioned from RUNNING to EXITED_WITH_SUCCESS
rm_1        | 2019-10-28 08:21:40 INFO  RMAppImpl:1259 - Storing application with id application_1572250837688_0001
datanode_3  | 	at org.apache.ratis.thirdparty.io.grpc.Status.asRuntimeException(Status.java:517)
datanode_2  | 2019-10-28 08:20:53,329 INFO impl.LeaderElection: 2f28b4ed-c742-4c30-882b-9e0c90382b35@group-7A491C3A0085-LeaderElection3: begin an election at term 2 for -1: [1f6636bb-c5d7-4c90-a46d-ef51b4623c8d:172.18.0.8:9858, 2f28b4ed-c742-4c30-882b-9e0c90382b35:172.18.0.6:9858, 622763b3-acd9-49d8-b833-6b4f4188bd78:172.18.0.5:9858], old=null
datanode_1  | 2019-10-28 08:20:53,481 INFO impl.RaftServerImpl: 622763b3-acd9-49d8-b833-6b4f4188bd78@group-7A491C3A0085: set configuration 0: [1f6636bb-c5d7-4c90-a46d-ef51b4623c8d:172.18.0.8:9858, 2f28b4ed-c742-4c30-882b-9e0c90382b35:172.18.0.6:9858, 622763b3-acd9-49d8-b833-6b4f4188bd78:172.18.0.5:9858], old=null at 0
nm_1        | 2019-10-28 08:21:59 INFO  ContainerLaunch:745 - Cleaning up container container_1572250837688_0001_01_000002
rm_1        | 2019-10-28 08:21:40 INFO  RMAuditLogger:310 - USER=hadoop	IP=172.18.0.7	OPERATION=Submit Application Request	TARGET=ClientRMService	RESULT=SUCCESS	APPID=application_1572250837688_0001	CALLERCONTEXT=CLI	QUEUENAME=default
datanode_3  | 	at org.apache.ratis.thirdparty.io.grpc.stub.ServerCalls$ServerCallStreamObserverImpl.onCompleted(ServerCalls.java:356)
datanode_2  | 2019-10-28 08:20:53,382 INFO impl.LeaderElection: 2f28b4ed-c742-4c30-882b-9e0c90382b35@group-7A491C3A0085-LeaderElection3: Election PASSED; received 2 response(s) [2f28b4ed-c742-4c30-882b-9e0c90382b35<-1f6636bb-c5d7-4c90-a46d-ef51b4623c8d#0:OK-t2, 2f28b4ed-c742-4c30-882b-9e0c90382b35<-622763b3-acd9-49d8-b833-6b4f4188bd78#0:FAIL-t2] and 0 exception(s); 2f28b4ed-c742-4c30-882b-9e0c90382b35@group-7A491C3A0085:t2, leader=null, voted=2f28b4ed-c742-4c30-882b-9e0c90382b35, raftlog=2f28b4ed-c742-4c30-882b-9e0c90382b35@group-7A491C3A0085-SegmentedRaftLog:OPENED:c-1,f-1,i0, conf=-1: [1f6636bb-c5d7-4c90-a46d-ef51b4623c8d:172.18.0.8:9858, 2f28b4ed-c742-4c30-882b-9e0c90382b35:172.18.0.6:9858, 622763b3-acd9-49d8-b833-6b4f4188bd78:172.18.0.5:9858], old=null
datanode_1  | 2019-10-28 08:20:53,481 INFO segmented.SegmentedRaftLogWorker: 622763b3-acd9-49d8-b833-6b4f4188bd78@group-7A491C3A0085-SegmentedRaftLogWorker: Starting segment from index:0
nm_1        | 2019-10-28 08:21:59 INFO  Configuration:3318 - Removed undeclared tags:
rm_1        | 2019-10-28 08:21:40 INFO  RMStateStore:222 - Storing info for app: application_1572250837688_0001
datanode_3  | 	at org.apache.ratis.grpc.server.GrpcServerProtocolService$ServerRequestStreamObserver.onError(GrpcServerProtocolService.java:121)
datanode_2  | 2019-10-28 08:20:53,382 INFO impl.RoleInfo: 2f28b4ed-c742-4c30-882b-9e0c90382b35: shutdown LeaderElection
nm_1        | 2019-10-28 08:21:59 INFO  DefaultContainerExecutor:634 - Deleting absolute path : /tmp/hadoop-hadoop/nm-local-dir/usercache/hadoop/appcache/application_1572250837688_0001/container_1572250837688_0001_01_000002/launch_container.sh
datanode_1  | 2019-10-28 08:20:53,530 INFO segmented.SegmentedRaftLogWorker: 622763b3-acd9-49d8-b833-6b4f4188bd78@group-7A491C3A0085-SegmentedRaftLogWorker: created new log segment /data/metadata/ratis/6252b912-d8b4-4b01-814a-7a491c3a0085/current/log_inprogress_0
rm_1        | 2019-10-28 08:21:40 INFO  RMAppImpl:912 - application_1572250837688_0001 State change from NEW to NEW_SAVING on event = START
datanode_3  | 	at org.apache.ratis.thirdparty.io.grpc.stub.ServerCalls$StreamingServerCallHandler$StreamingServerCallListener.onCancel(ServerCalls.java:269)
datanode_2  | 2019-10-28 08:20:53,383 INFO impl.RaftServerImpl: 2f28b4ed-c742-4c30-882b-9e0c90382b35@group-7A491C3A0085: changes role from CANDIDATE to LEADER at term 2 for changeToLeader
nm_1        | 2019-10-28 08:21:59 INFO  DefaultContainerExecutor:634 - Deleting absolute path : /tmp/hadoop-hadoop/nm-local-dir/usercache/hadoop/appcache/application_1572250837688_0001/container_1572250837688_0001_01_000002/container_tokens
datanode_1  | 2019-10-28 08:22:31,458 WARN server.GrpcServerProtocolService: 622763b3-acd9-49d8-b833-6b4f4188bd78: installSnapshot onError, lastRequest: 2f28b4ed-c742-4c30-882b-9e0c90382b35->622763b3-acd9-49d8-b833-6b4f4188bd78#119-t2, previous=(t:2, i:86), leaderCommit=83, initializing? false, entries: <empty>: org.apache.ratis.thirdparty.io.grpc.StatusRuntimeException: CANCELLED: cancelled before receiving half close
rm_1        | 2019-10-28 08:21:40 INFO  RMAppImpl:912 - application_1572250837688_0001 State change from NEW_SAVING to SUBMITTED on event = APP_NEW_SAVED
datanode_3  | 	at org.apache.ratis.thirdparty.io.grpc.internal.ServerCallImpl$ServerStreamListenerImpl.closed(ServerCallImpl.java:293)
datanode_2  | 2019-10-28 08:20:53,383 INFO impl.RaftServerImpl: 2f28b4ed-c742-4c30-882b-9e0c90382b35@group-7A491C3A0085: change Leader from null to 2f28b4ed-c742-4c30-882b-9e0c90382b35 at term 2 for becomeLeader, leader elected after 10490ms
nm_1        | 2019-10-28 08:21:59 INFO  NMAuditLogger:94 - USER=hadoop	OPERATION=Container Finished - Succeeded	TARGET=ContainerImpl	RESULT=SUCCESS	APPID=application_1572250837688_0001	CONTAINERID=container_1572250837688_0001_01_000002
datanode_1  | Oct 28, 2019 8:22:31 AM org.apache.ratis.thirdparty.io.grpc.internal.SerializingExecutor run
rm_1        | 2019-10-28 08:21:40 INFO  ParentQueue:494 - Application added - appId: application_1572250837688_0001 user: hadoop leaf-queue of parent: root #applications: 1
datanode_3  | 	at org.apache.ratis.thirdparty.io.grpc.internal.ServerImpl$JumpToApplicationThreadServerStreamListener$1Closed.runInContext(ServerImpl.java:741)
datanode_2  | 2019-10-28 08:20:53,383 INFO server.RaftServerConfigKeys: raft.server.staging.catchup.gap = 1000 (default)
nm_1        | 2019-10-28 08:21:59 INFO  ContainerImpl:2126 - Container container_1572250837688_0001_01_000002 transitioned from EXITED_WITH_SUCCESS to DONE
datanode_1  | SEVERE: Exception while executing runnable org.apache.ratis.thirdparty.io.grpc.internal.ServerImpl$JumpToApplicationThreadServerStreamListener$1Closed@27985d31
rm_1        | 2019-10-28 08:21:40 INFO  CapacityScheduler:954 - Accepted application application_1572250837688_0001 from user: hadoop, in queue: default
datanode_3  | 	at org.apache.ratis.thirdparty.io.grpc.internal.ContextRunnable.run(ContextRunnable.java:37)
nm_1        | 2019-10-28 08:21:59 INFO  ApplicationImpl:512 - Removing container_1572250837688_0001_01_000002 from application application_1572250837688_0001
datanode_2  | 2019-10-28 08:20:53,383 INFO server.RaftServerConfigKeys: raft.server.rpc.sleep.time = 25ms (default)
datanode_1  | org.apache.ratis.thirdparty.io.grpc.StatusRuntimeException: CANCELLED: call already cancelled
rm_1        | 2019-10-28 08:21:41 INFO  RMAppImpl:912 - application_1572250837688_0001 State change from SUBMITTED to ACCEPTED on event = APP_ACCEPTED
datanode_3  | 	at org.apache.ratis.thirdparty.io.grpc.internal.SerializingExecutor.run(SerializingExecutor.java:123)
nm_1        | 2019-10-28 08:21:59 INFO  ContainersMonitorImpl:934 - Stopping resource-monitoring for container_1572250837688_0001_01_000002
datanode_2  | 2019-10-28 08:20:53,383 INFO server.RaftServerConfigKeys: raft.server.write.element-limit = 4096 (default)
datanode_1  | 	at org.apache.ratis.thirdparty.io.grpc.Status.asRuntimeException(Status.java:517)
rm_1        | 2019-10-28 08:21:41 INFO  ApplicationMasterService:479 - Registering app attempt : appattempt_1572250837688_0001_000001
datanode_3  | 	at java.base/java.util.concurrent.ThreadPoolExecutor.runWorker(ThreadPoolExecutor.java:1128)
nm_1        | 2019-10-28 08:21:59 INFO  AuxServices:350 - Got event CONTAINER_STOP for appId application_1572250837688_0001
datanode_2  | 2019-10-28 08:20:53,384 INFO server.RaftServerConfigKeys: raft.server.watch.timeout = 10s (default)
rm_1        | 2019-10-28 08:21:41 INFO  RMAppAttemptImpl:927 - appattempt_1572250837688_0001_000001 State change from NEW to SUBMITTED on event = START
datanode_1  | 	at org.apache.ratis.thirdparty.io.grpc.stub.ServerCalls$ServerCallStreamObserverImpl.onCompleted(ServerCalls.java:356)
datanode_3  | 	at java.base/java.util.concurrent.ThreadPoolExecutor$Worker.run(ThreadPoolExecutor.java:628)
nm_1        | 2019-10-28 08:22:01 INFO  Server:1845 - Auth successful for appattempt_1572250837688_0001_000001 (auth:SIMPLE)
datanode_2  | 2019-10-28 08:20:53,384 INFO server.RaftServerConfigKeys: raft.server.watch.timeout.denomination = 1s (default)
rm_1        | 2019-10-28 08:21:41 WARN  LeafQueue:846 - maximum-am-resource-percent is insufficient to start a single application in queue, it is likely set too low. skipping enforcement to allow at least one application to start
datanode_1  | 	at org.apache.ratis.grpc.server.GrpcServerProtocolService$ServerRequestStreamObserver.onError(GrpcServerProtocolService.java:121)
nm_1        | 2019-10-28 08:22:01 INFO  ContainerManagerImpl:1070 - Start request for container_1572250837688_0001_01_000003 by user hadoop
datanode_3  | 	at java.base/java.lang.Thread.run(Thread.java:834)
datanode_2  | 2019-10-28 08:20:53,384 INFO server.RaftServerConfigKeys: raft.server.watch.element-limit = 65536 (default)
rm_1        | 2019-10-28 08:21:41 WARN  LeafQueue:882 - maximum-am-resource-percent is insufficient to start a single application in queue for user, it is likely set too low. skipping enforcement to allow at least one application to start
