s3g_1       | 	at org.glassfish.jersey.internal.Errors.process(Errors.java:268)
om_1        | 2019-10-24 15:23:53,447 INFO authorize.ServiceAuthorizationManager: Authorization successful for testuser/scm@EXAMPLE.COM (auth:KERBEROS) for protocol=interface org.apache.hadoop.ozone.om.protocol.OzoneManagerProtocol
scm_1       | 2019-10-24 15:25:12,273 INFO ipc.Server: Auth successful for dn/8b197950ba1c@EXAMPLE.COM (auth:KERBEROS)
datanode_1  | 2019-10-24 15:21:48,305 INFO impl.RoleInfo: a2abefa0-4d75-42c0-86f1-ea7e872853bf: start FollowerState
kdc_1       | Oct 24 15:21:28 kdc krb5kdc[9](info): AS_REQ (8 etypes {18 17 20 19 16 23 25 26}) 127.0.0.1: ISSUE: authtime 1571930488, etypes {rep=18 tkt=18 ses=18}, admin/admin@EXAMPLE.COM for kadmin/admin@EXAMPLE.COM
datanode_3  | 2019-10-24 15:21:48,341 INFO server.RaftServerConfigKeys: raft.server.watch.timeout = 10s (default)
s3g_1       | 	at org.glassfish.jersey.process.internal.RequestScope.runInScope(RequestScope.java:289)
scm_1       | 2019-10-24 15:25:12,276 INFO authorize.ServiceAuthorizationManager: Authorization successful for dn/8b197950ba1c@EXAMPLE.COM (auth:KERBEROS) for protocol=interface org.apache.hadoop.ozone.protocol.StorageContainerDatanodeProtocol
om_1        | 2019-10-24 15:23:56,255 INFO ipc.Server: Auth successful for testuser/scm@EXAMPLE.COM (auth:KERBEROS)
datanode_1  | 2019-10-24 15:21:48,305 INFO impl.FollowerState: a2abefa0-4d75-42c0-86f1-ea7e872853bf@group-E28BAE5696BC-FollowerState was interrupted: java.lang.InterruptedException: sleep interrupted
kdc_1       | Oct 24 15:21:28 kdc krb5kdc[9](info): AS_REQ (8 etypes {18 17 20 19 16 23 25 26}) 127.0.0.1: SERVER_NOT_FOUND: admin/admin@EXAMPLE.COM for kadmin/localhost@EXAMPLE.COM, Server not found in Kerberos database
datanode_3  | 2019-10-24 15:21:48,341 INFO server.RaftServerConfigKeys: raft.server.watch.timeout.denomination = 1s (default)
s3g_1       | 	at org.glassfish.jersey.server.ServerRuntime.process(ServerRuntime.java:256)
scm_1       | 2019-10-24 15:25:16,178 INFO ipc.Server: Auth successful for dn/f6d84064d8d4@EXAMPLE.COM (auth:KERBEROS)
om_1        | 2019-10-24 15:23:56,267 INFO authorize.ServiceAuthorizationManager: Authorization successful for testuser/scm@EXAMPLE.COM (auth:KERBEROS) for protocol=interface org.apache.hadoop.ozone.om.protocol.OzoneManagerProtocol
kdc_1       | Oct 24 15:21:28 kdc krb5kdc[9](info): AS_REQ (8 etypes {18 17 20 19 16 23 25 26}) 127.0.0.1: ISSUE: authtime 1571930488, etypes {rep=18 tkt=18 ses=18}, admin/admin@EXAMPLE.COM for kadmin/admin@EXAMPLE.COM
datanode_1  | 2019-10-24 15:21:48,412 INFO impl.RaftServerImpl: a2abefa0-4d75-42c0-86f1-ea7e872853bf@group-E28BAE5696BC: change Leader from null to 614f56c5-9242-4161-a4bc-0fa1a4e39c42 at term 5 for appendEntries, leader elected after 614ms
datanode_3  | 2019-10-24 15:21:48,341 INFO server.RaftServerConfigKeys: raft.server.watch.element-limit = 65536 (default)
s3g_1       | 	at org.glassfish.jersey.server.ApplicationHandler.handle(ApplicationHandler.java:703)
scm_1       | 2019-10-24 15:25:16,181 INFO authorize.ServiceAuthorizationManager: Authorization successful for dn/f6d84064d8d4@EXAMPLE.COM (auth:KERBEROS) for protocol=interface org.apache.hadoop.ozone.protocol.StorageContainerDatanodeProtocol
om_1        | 2019-10-24 15:24:01,375 INFO ipc.Server: Auth successful for testuser/scm@EXAMPLE.COM (auth:KERBEROS)
kdc_1       | Oct 24 15:21:28 kdc krb5kdc[9](info): AS_REQ (8 etypes {18 17 20 19 16 23 25 26}) 127.0.0.1: SERVER_NOT_FOUND: admin/admin@EXAMPLE.COM for kadmin/localhost@EXAMPLE.COM, Server not found in Kerberos database
datanode_1  | 2019-10-24 15:21:48,432 INFO impl.RaftServerImpl: a2abefa0-4d75-42c0-86f1-ea7e872853bf@group-E28BAE5696BC: set configuration 0: [4f266f22-be88-4b46-9899-186b362a3bdc:172.18.0.9:9858, 614f56c5-9242-4161-a4bc-0fa1a4e39c42:172.18.0.8:9858, a2abefa0-4d75-42c0-86f1-ea7e872853bf:172.18.0.3:9858], old=null at 0
datanode_3  | 2019-10-24 15:21:48,346 INFO server.RaftServerConfigKeys: raft.server.log.appender.snapshot.chunk.size.max = 16MB (=16777216) (default)
s3g_1       | 	at org.glassfish.jersey.servlet.WebComponent.serviceImpl(WebComponent.java:416)
scm_1       | 2019-10-24 15:25:17,480 INFO ipc.Server: Auth successful for dn/51bf5cba139e@EXAMPLE.COM (auth:KERBEROS)
om_1        | 2019-10-24 15:24:01,387 INFO authorize.ServiceAuthorizationManager: Authorization successful for testuser/scm@EXAMPLE.COM (auth:KERBEROS) for protocol=interface org.apache.hadoop.ozone.om.protocol.OzoneManagerProtocol
kdc_1       | Oct 24 15:21:28 kdc krb5kdc[9](info): AS_REQ (8 etypes {18 17 20 19 16 23 25 26}) 127.0.0.1: ISSUE: authtime 1571930488, etypes {rep=18 tkt=18 ses=18}, admin/admin@EXAMPLE.COM for kadmin/admin@EXAMPLE.COM
datanode_1  | 2019-10-24 15:21:48,433 INFO segmented.SegmentedRaftLogWorker: a2abefa0-4d75-42c0-86f1-ea7e872853bf@group-E28BAE5696BC-SegmentedRaftLogWorker: Starting segment from index:0
datanode_3  | 2019-10-24 15:21:48,347 INFO server.RaftServerConfigKeys: raft.server.log.appender.buffer.byte-limit = 33554432 (custom)
s3g_1       | 	at org.glassfish.jersey.servlet.WebComponent.service(WebComponent.java:370)
scm_1       | 2019-10-24 15:25:17,485 INFO authorize.ServiceAuthorizationManager: Authorization successful for dn/51bf5cba139e@EXAMPLE.COM (auth:KERBEROS) for protocol=interface org.apache.hadoop.ozone.protocol.StorageContainerDatanodeProtocol
kdc_1       | Oct 24 15:21:28 kdc krb5kdc[9](info): AS_REQ (8 etypes {18 17 20 19 16 23 25 26}) 127.0.0.1: SERVER_NOT_FOUND: admin/admin@EXAMPLE.COM for kadmin/localhost@EXAMPLE.COM, Server not found in Kerberos database
om_1        | 2019-10-24 15:24:04,193 INFO ipc.Server: Auth successful for testuser/scm@EXAMPLE.COM (auth:KERBEROS)
datanode_1  | 2019-10-24 15:21:48,479 INFO segmented.SegmentedRaftLogWorker: a2abefa0-4d75-42c0-86f1-ea7e872853bf@group-E28BAE5696BC-SegmentedRaftLogWorker: created new log segment /data/metadata/ratis/8a42df64-f556-4c6c-be33-e28bae5696bc/current/log_inprogress_0
datanode_3  | 2019-10-24 15:21:48,347 INFO server.RaftServerConfigKeys: raft.server.log.appender.buffer.element-limit = 1 (custom)
s3g_1       | 	at org.glassfish.jersey.servlet.ServletContainer.service(ServletContainer.java:389)
scm_1       | 2019-10-24 15:25:37,224 INFO ipc.Server: Auth successful for om/om@EXAMPLE.COM (auth:KERBEROS)
kdc_1       | Oct 24 15:21:28 kdc krb5kdc[9](info): AS_REQ (8 etypes {18 17 20 19 16 23 25 26}) 127.0.0.1: ISSUE: authtime 1571930488, etypes {rep=18 tkt=18 ses=18}, admin/admin@EXAMPLE.COM for kadmin/admin@EXAMPLE.COM
om_1        | 2019-10-24 15:24:04,206 INFO authorize.ServiceAuthorizationManager: Authorization successful for testuser/scm@EXAMPLE.COM (auth:KERBEROS) for protocol=interface org.apache.hadoop.ozone.om.protocol.OzoneManagerProtocol
datanode_3  | 2019-10-24 15:21:48,350 INFO grpc.GrpcConfigKeys$Server: raft.grpc.server.leader.outstanding.appends.max = 128 (default)
datanode_1  | 2019-10-24 15:22:05,151 INFO client.DNCertificateClient: Getting certificate with certSerialId:11129456745579941.
s3g_1       | 	at org.glassfish.jersey.servlet.ServletContainer.service(ServletContainer.java:342)
scm_1       | 2019-10-24 15:25:37,226 INFO authorize.ServiceAuthorizationManager: Authorization successful for om/om@EXAMPLE.COM (auth:KERBEROS) for protocol=interface org.apache.hadoop.hdds.scm.protocol.ScmBlockLocationProtocol
kdc_1       | Oct 24 15:21:28 kdc krb5kdc[9](info): AS_REQ (8 etypes {18 17 20 19 16 23 25 26}) 127.0.0.1: SERVER_NOT_FOUND: admin/admin@EXAMPLE.COM for kadmin/localhost@EXAMPLE.COM, Server not found in Kerberos database
om_1        | 2019-10-24 15:24:06,971 INFO ipc.Server: Auth successful for testuser/scm@EXAMPLE.COM (auth:KERBEROS)
datanode_3  | 2019-10-24 15:21:48,350 INFO server.RaftServerConfigKeys: raft.server.rpc.request.timeout = 3000ms (default)
datanode_1  | 2019-10-24 15:22:42,907 WARN client.GrpcClientProtocolService: 0-OrderedRequestStreamObserver0: onError: org.apache.ratis.thirdparty.io.grpc.StatusRuntimeException: CANCELLED: cancelled before receiving half close
scm_1       | 2019-10-24 15:25:38,621 INFO ipc.Server: Auth successful for dn/f6d84064d8d4@EXAMPLE.COM (auth:KERBEROS)
s3g_1       | 	at org.glassfish.jersey.servlet.ServletContainer.service(ServletContainer.java:229)
kdc_1       | Oct 24 15:21:28 kdc krb5kdc[9](info): AS_REQ (8 etypes {18 17 20 19 16 23 25 26}) 127.0.0.1: ISSUE: authtime 1571930488, etypes {rep=18 tkt=18 ses=18}, admin/admin@EXAMPLE.COM for kadmin/admin@EXAMPLE.COM
datanode_3  | 2019-10-24 15:21:48,351 INFO server.RaftServerConfigKeys: raft.server.log.appender.install.snapshot.enabled = false (custom)
om_1        | 2019-10-24 15:24:06,984 INFO authorize.ServiceAuthorizationManager: Authorization successful for testuser/scm@EXAMPLE.COM (auth:KERBEROS) for protocol=interface org.apache.hadoop.ozone.om.protocol.OzoneManagerProtocol
scm_1       | 2019-10-24 15:25:38,626 INFO authorize.ServiceAuthorizationManager: Authorization successful for dn/f6d84064d8d4@EXAMPLE.COM (auth:KERBEROS) for protocol=interface org.apache.hadoop.ozone.protocol.StorageContainerDatanodeProtocol
s3g_1       | 	at org.eclipse.jetty.servlet.ServletHolder.handle(ServletHolder.java:840)
kdc_1       | Oct 24 15:21:27 kdc kadmind[15](Notice): Request: kadm5_randkey_principal, scm/scm@EXAMPLE.COM, success, client=admin/admin@EXAMPLE.COM, service=kadmin/admin@EXAMPLE.COM, addr=127.0.0.1
datanode_3  | 2019-10-24 15:21:48,355 INFO server.RaftServerConfigKeys: raft.server.log.appender.snapshot.chunk.size.max = 16MB (=16777216) (default)
om_1        | 2019-10-24 15:24:09,935 INFO ipc.Server: Auth successful for testuser/scm@EXAMPLE.COM (auth:KERBEROS)
scm_1       | 2019-10-24 15:25:42,275 INFO ipc.Server: Auth successful for dn/8b197950ba1c@EXAMPLE.COM (auth:KERBEROS)
s3g_1       | 	at org.eclipse.jetty.servlet.ServletHandler$CachedChain.doFilter(ServletHandler.java:1780)
datanode_3  | 2019-10-24 15:21:48,355 INFO server.RaftServerConfigKeys: raft.server.log.appender.buffer.byte-limit = 33554432 (custom)
om_1        | 2019-10-24 15:24:09,947 INFO authorize.ServiceAuthorizationManager: Authorization successful for testuser/scm@EXAMPLE.COM (auth:KERBEROS) for protocol=interface org.apache.hadoop.ozone.om.protocol.OzoneManagerProtocol
scm_1       | 2019-10-24 15:25:42,279 INFO authorize.ServiceAuthorizationManager: Authorization successful for dn/8b197950ba1c@EXAMPLE.COM (auth:KERBEROS) for protocol=interface org.apache.hadoop.ozone.protocol.StorageContainerDatanodeProtocol
s3g_1       | 	at org.apache.hadoop.http.HttpServer2$QuotingInputFilter.doFilter(HttpServer2.java:1609)
datanode_3  | 2019-10-24 15:21:48,355 INFO server.RaftServerConfigKeys: raft.server.log.appender.buffer.element-limit = 1 (custom)
om_1        | 2019-10-24 15:24:12,670 INFO ipc.Server: Auth successful for testuser/scm@EXAMPLE.COM (auth:KERBEROS)
scm_1       | 2019-10-24 15:25:45,965 INFO server.SCMBlockProtocolServer: SCM is informed by OM to delete 1 blocks
s3g_1       | 	at org.eclipse.jetty.servlet.ServletHandler$CachedChain.doFilter(ServletHandler.java:1767)
kdc_1       | Oct 24 15:21:27 kdc kadmind[15](Notice): Request: kadm5_get_principal, scm/scm@EXAMPLE.COM, success, client=admin/admin@EXAMPLE.COM, service=kadmin/admin@EXAMPLE.COM, addr=127.0.0.1
datanode_3  | 2019-10-24 15:21:48,355 INFO grpc.GrpcConfigKeys$Server: raft.grpc.server.leader.outstanding.appends.max = 128 (default)
om_1        | 2019-10-24 15:24:12,683 INFO authorize.ServiceAuthorizationManager: Authorization successful for testuser/scm@EXAMPLE.COM (auth:KERBEROS) for protocol=interface org.apache.hadoop.ozone.om.protocol.OzoneManagerProtocol
scm_1       | 2019-10-24 15:25:45,965 INFO block.BlockManagerImpl: Deleting blocks conID: 6 locID: 103018049356955775 bcsId: 0
s3g_1       | 	at org.apache.hadoop.http.NoCacheFilter.doFilter(NoCacheFilter.java:45)
kdc_1       | Oct 24 15:21:27 kdc kadmind[15](info): closing down fd 18
datanode_3  | 2019-10-24 15:21:48,356 INFO server.RaftServerConfigKeys: raft.server.rpc.request.timeout = 3000ms (default)
om_1        | 2019-10-24 15:24:15,611 INFO ipc.Server: Auth successful for testuser/scm@EXAMPLE.COM (auth:KERBEROS)
scm_1       | 2019-10-24 15:25:47,469 INFO ipc.Server: Auth successful for dn/51bf5cba139e@EXAMPLE.COM (auth:KERBEROS)
s3g_1       | 	at org.eclipse.jetty.servlet.ServletHandler$CachedChain.doFilter(ServletHandler.java:1767)
kdc_1       | Oct 24 15:21:27 kdc kadmind[15](Notice): Request: kadm5_init, admin/admin@EXAMPLE.COM, success, client=admin/admin@EXAMPLE.COM, service=kadmin/admin@EXAMPLE.COM, addr=127.0.0.1, vers=4, flavor=6
datanode_3  | 2019-10-24 15:21:48,356 INFO server.RaftServerConfigKeys: raft.server.log.appender.install.snapshot.enabled = false (custom)
om_1        | 2019-10-24 15:24:15,626 INFO authorize.ServiceAuthorizationManager: Authorization successful for testuser/scm@EXAMPLE.COM (auth:KERBEROS) for protocol=interface org.apache.hadoop.ozone.om.protocol.OzoneManagerProtocol
scm_1       | 2019-10-24 15:25:47,474 INFO authorize.ServiceAuthorizationManager: Authorization successful for dn/51bf5cba139e@EXAMPLE.COM (auth:KERBEROS) for protocol=interface org.apache.hadoop.ozone.protocol.StorageContainerDatanodeProtocol
s3g_1       | 	at org.eclipse.jetty.servlet.ServletHandler.doHandle(ServletHandler.java:583)
kdc_1       | Oct 24 15:21:27 kdc kadmind[15](Notice): Request: kadm5_get_policy, default, Policy does not exist, client=admin/admin@EXAMPLE.COM, service=kadmin/admin@EXAMPLE.COM, addr=127.0.0.1
datanode_3  | 2019-10-24 15:21:48,360 INFO impl.RoleInfo: 614f56c5-9242-4161-a4bc-0fa1a4e39c42: start LeaderState
om_1        | 2019-10-24 15:24:18,427 INFO ipc.Server: Auth successful for testuser/scm@EXAMPLE.COM (auth:KERBEROS)
scm_1       | 2019-10-24 15:26:08,627 INFO ipc.Server: Auth successful for dn/f6d84064d8d4@EXAMPLE.COM (auth:KERBEROS)
s3g_1       | 	at org.eclipse.jetty.server.handler.ScopedHandler.handle(ScopedHandler.java:143)
kdc_1       | Oct 24 15:21:27 kdc kadmind[15](Notice): Request: kadm5_create_principal, om/e3f2aaa954ae@EXAMPLE.COM, success, client=admin/admin@EXAMPLE.COM, service=kadmin/admin@EXAMPLE.COM, addr=127.0.0.1
datanode_3  | 2019-10-24 15:21:48,360 INFO segmented.SegmentedRaftLogWorker: 614f56c5-9242-4161-a4bc-0fa1a4e39c42@group-E28BAE5696BC-SegmentedRaftLogWorker: Starting segment from index:0
om_1        | 2019-10-24 15:24:18,438 INFO authorize.ServiceAuthorizationManager: Authorization successful for testuser/scm@EXAMPLE.COM (auth:KERBEROS) for protocol=interface org.apache.hadoop.ozone.om.protocol.OzoneManagerProtocol
scm_1       | 2019-10-24 15:26:08,631 INFO authorize.ServiceAuthorizationManager: Authorization successful for dn/f6d84064d8d4@EXAMPLE.COM (auth:KERBEROS) for protocol=interface org.apache.hadoop.ozone.protocol.StorageContainerDatanodeProtocol
s3g_1       | 	at org.eclipse.jetty.security.SecurityHandler.handle(SecurityHandler.java:548)
kdc_1       | Oct 24 15:21:27 kdc kadmind[15](info): closing down fd 18
datanode_3  | 2019-10-24 15:21:48,362 INFO impl.RaftServerImpl: 614f56c5-9242-4161-a4bc-0fa1a4e39c42@group-E28BAE5696BC: set configuration 0: [4f266f22-be88-4b46-9899-186b362a3bdc:172.18.0.9:9858, 614f56c5-9242-4161-a4bc-0fa1a4e39c42:172.18.0.8:9858, a2abefa0-4d75-42c0-86f1-ea7e872853bf:172.18.0.3:9858], old=null at 0
om_1        | 2019-10-24 15:24:21,275 INFO ipc.Server: Auth successful for testuser/scm@EXAMPLE.COM (auth:KERBEROS)
s3g_1       | 	at org.eclipse.jetty.server.session.SessionHandler.doHandle(SessionHandler.java:226)
scm_1       | 2019-10-24 15:26:12,264 INFO ipc.Server: Auth successful for dn/8b197950ba1c@EXAMPLE.COM (auth:KERBEROS)
kdc_1       | Oct 24 15:21:27 kdc kadmind[15](Notice): Request: kadm5_init, admin/admin@EXAMPLE.COM, success, client=admin/admin@EXAMPLE.COM, service=kadmin/admin@EXAMPLE.COM, addr=127.0.0.1, vers=4, flavor=6
om_1        | 2019-10-24 15:24:21,285 INFO authorize.ServiceAuthorizationManager: Authorization successful for testuser/scm@EXAMPLE.COM (auth:KERBEROS) for protocol=interface org.apache.hadoop.ozone.om.protocol.OzoneManagerProtocol
s3g_1       | 	at org.eclipse.jetty.server.handler.ContextHandler.doHandle(ContextHandler.java:1180)
scm_1       | 2019-10-24 15:26:12,268 INFO authorize.ServiceAuthorizationManager: Authorization successful for dn/8b197950ba1c@EXAMPLE.COM (auth:KERBEROS) for protocol=interface org.apache.hadoop.ozone.protocol.StorageContainerDatanodeProtocol
datanode_3  | 2019-10-24 15:21:48,412 INFO segmented.SegmentedRaftLogWorker: 614f56c5-9242-4161-a4bc-0fa1a4e39c42@group-E28BAE5696BC-SegmentedRaftLogWorker: created new log segment /data/metadata/ratis/8a42df64-f556-4c6c-be33-e28bae5696bc/current/log_inprogress_0
kdc_1       | Oct 24 15:21:27 kdc kadmind[15](Notice): Request: kadm5_randkey_principal, om/e3f2aaa954ae@EXAMPLE.COM, success, client=admin/admin@EXAMPLE.COM, service=kadmin/admin@EXAMPLE.COM, addr=127.0.0.1
om_1        | 2019-10-24 15:24:22,001 [IPC Server handler 7 on 9862] INFO       - created volume:97695-rpcwport for user:testuser/scm@EXAMPLE.COM
scm_1       | 2019-10-24 15:26:17,471 INFO ipc.Server: Auth successful for dn/51bf5cba139e@EXAMPLE.COM (auth:KERBEROS)
s3g_1       | 	at org.eclipse.jetty.servlet.ServletHandler.doScope(ServletHandler.java:513)
datanode_3  | 2019-10-24 15:23:58,389 INFO client.DNCertificateClient: Getting certificate with certSerialId:11129456745579941.
kdc_1       | Oct 24 15:21:27 kdc kadmind[15](Notice): Request: kadm5_get_principal, om/e3f2aaa954ae@EXAMPLE.COM, success, client=admin/admin@EXAMPLE.COM, service=kadmin/admin@EXAMPLE.COM, addr=127.0.0.1
om_1        | 2019-10-24 15:24:24,186 INFO ipc.Server: Auth successful for testuser/scm@EXAMPLE.COM (auth:KERBEROS)
scm_1       | 2019-10-24 15:26:17,475 INFO authorize.ServiceAuthorizationManager: Authorization successful for dn/51bf5cba139e@EXAMPLE.COM (auth:KERBEROS) for protocol=interface org.apache.hadoop.ozone.protocol.StorageContainerDatanodeProtocol
s3g_1       | 	at org.eclipse.jetty.server.session.SessionHandler.doScope(SessionHandler.java:185)
datanode_3  | 2019-10-24 15:23:59,445 WARN client.GrpcClientProtocolService: 0-OrderedRequestStreamObserver0: onError: org.apache.ratis.thirdparty.io.grpc.StatusRuntimeException: CANCELLED: cancelled before receiving half close
kdc_1       | Oct 24 15:21:27 kdc kadmind[15](info): closing down fd 18
om_1        | 2019-10-24 15:24:24,198 INFO authorize.ServiceAuthorizationManager: Authorization successful for testuser/scm@EXAMPLE.COM (auth:KERBEROS) for protocol=interface org.apache.hadoop.ozone.om.protocol.OzoneManagerProtocol
s3g_1       | 	at org.eclipse.jetty.server.handler.ContextHandler.doScope(ContextHandler.java:1112)
datanode_3  | 2019-10-24 15:24:46,764 WARN client.GrpcClientProtocolService: 1-OrderedRequestStreamObserver1: onError: org.apache.ratis.thirdparty.io.grpc.StatusRuntimeException: CANCELLED: cancelled before receiving half close
scm_1       | 2019-10-24 15:26:38,628 INFO ipc.Server: Auth successful for dn/f6d84064d8d4@EXAMPLE.COM (auth:KERBEROS)
kdc_1       | Oct 24 15:21:27 kdc kadmind[15](Notice): Request: kadm5_init, admin/admin@EXAMPLE.COM, success, client=admin/admin@EXAMPLE.COM, service=kadmin/admin@EXAMPLE.COM, addr=127.0.0.1, vers=4, flavor=6
om_1        | 2019-10-24 15:24:26,941 INFO ipc.Server: Auth successful for testuser/scm@EXAMPLE.COM (auth:KERBEROS)
s3g_1       | 	at org.eclipse.jetty.server.handler.ScopedHandler.handle(ScopedHandler.java:141)
scm_1       | 2019-10-24 15:26:38,634 INFO authorize.ServiceAuthorizationManager: Authorization successful for dn/f6d84064d8d4@EXAMPLE.COM (auth:KERBEROS) for protocol=interface org.apache.hadoop.ozone.protocol.StorageContainerDatanodeProtocol
datanode_3  | 2019-10-24 15:25:39,257 WARN client.GrpcClientProtocolService: 2-OrderedRequestStreamObserver2: onError: org.apache.ratis.thirdparty.io.grpc.StatusRuntimeException: CANCELLED: cancelled before receiving half close
kdc_1       | Oct 24 15:21:27 kdc kadmind[15](Notice): Request: kadm5_get_policy, default, Policy does not exist, client=admin/admin@EXAMPLE.COM, service=kadmin/admin@EXAMPLE.COM, addr=127.0.0.1
om_1        | 2019-10-24 15:24:26,953 INFO authorize.ServiceAuthorizationManager: Authorization successful for testuser/scm@EXAMPLE.COM (auth:KERBEROS) for protocol=interface org.apache.hadoop.ozone.om.protocol.OzoneManagerProtocol
s3g_1       | 	at org.eclipse.jetty.server.handler.HandlerCollection.handle(HandlerCollection.java:119)
scm_1       | 2019-10-24 15:26:42,271 INFO ipc.Server: Auth successful for dn/8b197950ba1c@EXAMPLE.COM (auth:KERBEROS)
datanode_3  | 2019-10-24 15:27:15,191 WARN client.GrpcClientProtocolService: 3-OrderedRequestStreamObserver3: onError: org.apache.ratis.thirdparty.io.grpc.StatusRuntimeException: CANCELLED: cancelled before receiving half close
kdc_1       | Oct 24 15:21:27 kdc kadmind[15](Notice): Request: kadm5_create_principal, om/f6d84064d8d4@EXAMPLE.COM, success, client=admin/admin@EXAMPLE.COM, service=kadmin/admin@EXAMPLE.COM, addr=127.0.0.1
om_1        | 2019-10-24 15:24:29,822 INFO ipc.Server: Auth successful for testuser/scm@EXAMPLE.COM (auth:KERBEROS)
s3g_1       | 	at org.eclipse.jetty.server.handler.HandlerWrapper.handle(HandlerWrapper.java:134)
scm_1       | 2019-10-24 15:26:42,275 INFO authorize.ServiceAuthorizationManager: Authorization successful for dn/8b197950ba1c@EXAMPLE.COM (auth:KERBEROS) for protocol=interface org.apache.hadoop.ozone.protocol.StorageContainerDatanodeProtocol
kdc_1       | Oct 24 15:21:27 kdc kadmind[15](info): closing down fd 18
om_1        | 2019-10-24 15:24:29,834 INFO authorize.ServiceAuthorizationManager: Authorization successful for testuser/scm@EXAMPLE.COM (auth:KERBEROS) for protocol=interface org.apache.hadoop.ozone.om.protocol.OzoneManagerProtocol
s3g_1       | 	at org.eclipse.jetty.server.Server.handle(Server.java:539)
scm_1       | 2019-10-24 15:26:45,456 INFO container.ReplicationManager: Starting Replication Monitor Thread.
kdc_1       | Oct 24 15:21:27 kdc kadmind[15](Notice): Request: kadm5_init, admin/admin@EXAMPLE.COM, success, client=admin/admin@EXAMPLE.COM, service=kadmin/admin@EXAMPLE.COM, addr=127.0.0.1, vers=4, flavor=6
om_1        | 2019-10-24 15:24:32,592 INFO ipc.Server: Auth successful for testuser/scm@EXAMPLE.COM (auth:KERBEROS)
s3g_1       | 	at org.eclipse.jetty.server.HttpChannel.handle(HttpChannel.java:333)
scm_1       | 2019-10-24 15:26:45,471 INFO container.ReplicationManager: Replication Monitor Thread took 11 milliseconds for processing 7 containers.
kdc_1       | Oct 24 15:21:27 kdc kadmind[15](Notice): Request: kadm5_randkey_principal, om/f6d84064d8d4@EXAMPLE.COM, success, client=admin/admin@EXAMPLE.COM, service=kadmin/admin@EXAMPLE.COM, addr=127.0.0.1
om_1        | 2019-10-24 15:24:32,605 INFO authorize.ServiceAuthorizationManager: Authorization successful for testuser/scm@EXAMPLE.COM (auth:KERBEROS) for protocol=interface org.apache.hadoop.ozone.om.protocol.OzoneManagerProtocol
s3g_1       | 	at org.eclipse.jetty.server.HttpConnection.onFillable(HttpConnection.java:251)
scm_1       | 2019-10-24 15:26:45,983 INFO ipc.Server: Auth successful for om/om@EXAMPLE.COM (auth:KERBEROS)
kdc_1       | Oct 24 15:21:27 kdc kadmind[15](Notice): Request: kadm5_get_principal, om/f6d84064d8d4@EXAMPLE.COM, success, client=admin/admin@EXAMPLE.COM, service=kadmin/admin@EXAMPLE.COM, addr=127.0.0.1
om_1        | 2019-10-24 15:24:35,520 INFO ipc.Server: Auth successful for testuser/scm@EXAMPLE.COM (auth:KERBEROS)
s3g_1       | 	at org.eclipse.jetty.io.AbstractConnection$ReadCallback.succeeded(AbstractConnection.java:283)
scm_1       | 2019-10-24 15:26:45,986 INFO authorize.ServiceAuthorizationManager: Authorization successful for om/om@EXAMPLE.COM (auth:KERBEROS) for protocol=interface org.apache.hadoop.hdds.scm.protocol.ScmBlockLocationProtocol
kdc_1       | Oct 24 15:21:27 kdc kadmind[15](info): closing down fd 18
om_1        | 2019-10-24 15:24:35,537 INFO authorize.ServiceAuthorizationManager: Authorization successful for testuser/scm@EXAMPLE.COM (auth:KERBEROS) for protocol=interface org.apache.hadoop.ozone.om.protocol.OzoneManagerProtocol
s3g_1       | 	at org.eclipse.jetty.io.FillInterest.fillable(FillInterest.java:108)
scm_1       | 2019-10-24 15:26:45,987 INFO server.SCMBlockProtocolServer: SCM is informed by OM to delete 1 blocks
kdc_1       | Oct 24 15:21:27 kdc kadmind[15](Notice): Request: kadm5_init, admin/admin@EXAMPLE.COM, success, client=admin/admin@EXAMPLE.COM, service=kadmin/admin@EXAMPLE.COM, addr=127.0.0.1, vers=4, flavor=6
om_1        | 2019-10-24 15:24:38,398 INFO ipc.Server: Auth successful for testuser/scm@EXAMPLE.COM (auth:KERBEROS)
s3g_1       | 	at org.eclipse.jetty.io.SelectChannelEndPoint$2.run(SelectChannelEndPoint.java:93)
kdc_1       | Oct 24 15:21:27 kdc kadmind[15](Notice): Request: kadm5_get_policy, default, Policy does not exist, client=admin/admin@EXAMPLE.COM, service=kadmin/admin@EXAMPLE.COM, addr=127.0.0.1
scm_1       | 2019-10-24 15:26:45,987 INFO block.BlockManagerImpl: Deleting blocks conID: 7 locID: 103018052794974336 bcsId: 0
om_1        | 2019-10-24 15:24:38,412 INFO authorize.ServiceAuthorizationManager: Authorization successful for testuser/scm@EXAMPLE.COM (auth:KERBEROS) for protocol=interface org.apache.hadoop.ozone.om.protocol.OzoneManagerProtocol
s3g_1       | 	at org.eclipse.jetty.util.thread.strategy.ExecuteProduceConsume.executeProduceConsume(ExecuteProduceConsume.java:303)
kdc_1       | Oct 24 15:21:27 kdc kadmind[15](Notice): Request: kadm5_create_principal, om/51bf5cba139e@EXAMPLE.COM, success, client=admin/admin@EXAMPLE.COM, service=kadmin/admin@EXAMPLE.COM, addr=127.0.0.1
scm_1       | 2019-10-24 15:26:47,492 INFO ipc.Server: Auth successful for dn/51bf5cba139e@EXAMPLE.COM (auth:KERBEROS)
om_1        | 2019-10-24 15:24:41,155 INFO ipc.Server: Auth successful for testuser/scm@EXAMPLE.COM (auth:KERBEROS)
s3g_1       | 	at org.eclipse.jetty.util.thread.strategy.ExecuteProduceConsume.produceConsume(ExecuteProduceConsume.java:148)
kdc_1       | Oct 24 15:21:27 kdc kadmind[15](info): closing down fd 18
scm_1       | 2019-10-24 15:26:47,497 INFO authorize.ServiceAuthorizationManager: Authorization successful for dn/51bf5cba139e@EXAMPLE.COM (auth:KERBEROS) for protocol=interface org.apache.hadoop.ozone.protocol.StorageContainerDatanodeProtocol
s3g_1       | 	at org.eclipse.jetty.util.thread.strategy.ExecuteProduceConsume.run(ExecuteProduceConsume.java:136)
om_1        | 2019-10-24 15:24:41,169 INFO authorize.ServiceAuthorizationManager: Authorization successful for testuser/scm@EXAMPLE.COM (auth:KERBEROS) for protocol=interface org.apache.hadoop.ozone.om.protocol.OzoneManagerProtocol
kdc_1       | Oct 24 15:21:28 kdc kadmind[15](Notice): Request: kadm5_init, admin/admin@EXAMPLE.COM, success, client=admin/admin@EXAMPLE.COM, service=kadmin/admin@EXAMPLE.COM, addr=127.0.0.1, vers=4, flavor=6
scm_1       | 2019-10-24 15:27:08,621 INFO ipc.Server: Auth successful for dn/f6d84064d8d4@EXAMPLE.COM (auth:KERBEROS)
s3g_1       | 	at org.eclipse.jetty.util.thread.QueuedThreadPool.runJob(QueuedThreadPool.java:671)
om_1        | 2019-10-24 15:24:44,063 INFO ipc.Server: Auth successful for testuser/scm@EXAMPLE.COM (auth:KERBEROS)
kdc_1       | Oct 24 15:21:28 kdc kadmind[15](Notice): Request: kadm5_randkey_principal, om/51bf5cba139e@EXAMPLE.COM, success, client=admin/admin@EXAMPLE.COM, service=kadmin/admin@EXAMPLE.COM, addr=127.0.0.1
scm_1       | 2019-10-24 15:27:08,625 INFO authorize.ServiceAuthorizationManager: Authorization successful for dn/f6d84064d8d4@EXAMPLE.COM (auth:KERBEROS) for protocol=interface org.apache.hadoop.ozone.protocol.StorageContainerDatanodeProtocol
s3g_1       | 	at org.eclipse.jetty.util.thread.QueuedThreadPool$2.run(QueuedThreadPool.java:589)
om_1        | 2019-10-24 15:24:44,076 INFO authorize.ServiceAuthorizationManager: Authorization successful for testuser/scm@EXAMPLE.COM (auth:KERBEROS) for protocol=interface org.apache.hadoop.ozone.om.protocol.OzoneManagerProtocol
kdc_1       | Oct 24 15:21:28 kdc kadmind[15](Notice): Request: kadm5_get_principal, om/51bf5cba139e@EXAMPLE.COM, success, client=admin/admin@EXAMPLE.COM, service=kadmin/admin@EXAMPLE.COM, addr=127.0.0.1
s3g_1       | 	at java.base/java.lang.Thread.run(Thread.java:834)
scm_1       | 2019-10-24 15:27:12,268 INFO ipc.Server: Auth successful for dn/8b197950ba1c@EXAMPLE.COM (auth:KERBEROS)
om_1        | 2019-10-24 15:24:48,875 INFO ipc.Server: Auth successful for testuser/scm@EXAMPLE.COM (auth:KERBEROS)
kdc_1       | Oct 24 15:21:28 kdc kadmind[15](info): closing down fd 18
s3g_1       | Oct 24, 2019 3:28:56 PM org.glassfish.jersey.internal.Errors logErrors
scm_1       | 2019-10-24 15:27:12,272 INFO authorize.ServiceAuthorizationManager: Authorization successful for dn/8b197950ba1c@EXAMPLE.COM (auth:KERBEROS) for protocol=interface org.apache.hadoop.ozone.protocol.StorageContainerDatanodeProtocol
om_1        | 2019-10-24 15:24:48,888 INFO authorize.ServiceAuthorizationManager: Authorization successful for testuser/scm@EXAMPLE.COM (auth:KERBEROS) for protocol=interface org.apache.hadoop.ozone.om.protocol.OzoneManagerProtocol
kdc_1       | Oct 24 15:21:28 kdc kadmind[15](Notice): Request: kadm5_init, admin/admin@EXAMPLE.COM, success, client=admin/admin@EXAMPLE.COM, service=kadmin/admin@EXAMPLE.COM, addr=127.0.0.1, vers=4, flavor=6
s3g_1       | WARNING: The following warnings have been detected: WARNING: Unknown HK2 failure detected:
scm_1       | 2019-10-24 15:27:13,497 INFO ipc.Server: Auth successful for om/om@EXAMPLE.COM (auth:KERBEROS)
om_1        | 2019-10-24 15:24:53,417 INFO ipc.Server: Auth successful for testuser/scm@EXAMPLE.COM (auth:KERBEROS)
kdc_1       | Oct 24 15:21:28 kdc kadmind[15](Notice): Request: kadm5_get_policy, default, Policy does not exist, client=admin/admin@EXAMPLE.COM, service=kadmin/admin@EXAMPLE.COM, addr=127.0.0.1
s3g_1       | MultiException stack 1 of 1
scm_1       | 2019-10-24 15:27:13,499 INFO authorize.ServiceAuthorizationManager: Authorization successful for om/om@EXAMPLE.COM (auth:KERBEROS) for protocol=interface org.apache.hadoop.hdds.scm.protocol.ScmBlockLocationProtocol
om_1        | 2019-10-24 15:24:53,430 INFO authorize.ServiceAuthorizationManager: Authorization successful for testuser/scm@EXAMPLE.COM (auth:KERBEROS) for protocol=interface org.apache.hadoop.ozone.om.protocol.OzoneManagerProtocol
kdc_1       | Oct 24 15:21:28 kdc kadmind[15](Notice): Request: kadm5_create_principal, om/om@EXAMPLE.COM, success, client=admin/admin@EXAMPLE.COM, service=kadmin/admin@EXAMPLE.COM, addr=127.0.0.1
scm_1       | 2019-10-24 15:27:17,471 INFO ipc.Server: Auth successful for dn/51bf5cba139e@EXAMPLE.COM (auth:KERBEROS)
om_1        | 2019-10-24 15:24:56,247 INFO ipc.Server: Auth successful for testuser/scm@EXAMPLE.COM (auth:KERBEROS)
s3g_1       | javax.enterprise.inject.CreationException
kdc_1       | Oct 24 15:21:28 kdc kadmind[15](info): closing down fd 18
scm_1       | 2019-10-24 15:27:17,475 INFO authorize.ServiceAuthorizationManager: Authorization successful for dn/51bf5cba139e@EXAMPLE.COM (auth:KERBEROS) for protocol=interface org.apache.hadoop.ozone.protocol.StorageContainerDatanodeProtocol
om_1        | 2019-10-24 15:24:56,260 INFO authorize.ServiceAuthorizationManager: Authorization successful for testuser/scm@EXAMPLE.COM (auth:KERBEROS) for protocol=interface org.apache.hadoop.ozone.om.protocol.OzoneManagerProtocol
kdc_1       | Oct 24 15:21:28 kdc kadmind[15](Notice): Request: kadm5_init, admin/admin@EXAMPLE.COM, success, client=admin/admin@EXAMPLE.COM, service=kadmin/admin@EXAMPLE.COM, addr=127.0.0.1, vers=4, flavor=6
s3g_1       | 	at java.base/jdk.internal.reflect.NativeConstructorAccessorImpl.newInstance0(Native Method)
scm_1       | 2019-10-24 15:27:38,623 INFO ipc.Server: Auth successful for dn/f6d84064d8d4@EXAMPLE.COM (auth:KERBEROS)
om_1        | 2019-10-24 15:24:59,037 INFO ipc.Server: Auth successful for testuser/scm@EXAMPLE.COM (auth:KERBEROS)
kdc_1       | Oct 24 15:21:28 kdc kadmind[15](Notice): Request: kadm5_randkey_principal, om/om@EXAMPLE.COM, success, client=admin/admin@EXAMPLE.COM, service=kadmin/admin@EXAMPLE.COM, addr=127.0.0.1
s3g_1       | 	at java.base/jdk.internal.reflect.NativeConstructorAccessorImpl.newInstance(NativeConstructorAccessorImpl.java:62)
scm_1       | 2019-10-24 15:27:38,630 INFO authorize.ServiceAuthorizationManager: Authorization successful for dn/f6d84064d8d4@EXAMPLE.COM (auth:KERBEROS) for protocol=interface org.apache.hadoop.ozone.protocol.StorageContainerDatanodeProtocol
kdc_1       | Oct 24 15:21:28 kdc kadmind[15](Notice): Request: kadm5_get_principal, om/om@EXAMPLE.COM, success, client=admin/admin@EXAMPLE.COM, service=kadmin/admin@EXAMPLE.COM, addr=127.0.0.1
s3g_1       | 	at java.base/jdk.internal.reflect.DelegatingConstructorAccessorImpl.newInstance(DelegatingConstructorAccessorImpl.java:45)
scm_1       | 2019-10-24 15:27:42,280 INFO ipc.Server: Auth successful for dn/8b197950ba1c@EXAMPLE.COM (auth:KERBEROS)
kdc_1       | Oct 24 15:21:28 kdc kadmind[15](info): closing down fd 18
s3g_1       | 	at java.base/java.lang.reflect.Constructor.newInstance(Constructor.java:490)
scm_1       | 2019-10-24 15:27:42,285 INFO authorize.ServiceAuthorizationManager: Authorization successful for dn/8b197950ba1c@EXAMPLE.COM (auth:KERBEROS) for protocol=interface org.apache.hadoop.ozone.protocol.StorageContainerDatanodeProtocol
kdc_1       | Oct 24 15:21:28 kdc kadmind[15](Notice): Request: kadm5_init, admin/admin@EXAMPLE.COM, success, client=admin/admin@EXAMPLE.COM, service=kadmin/admin@EXAMPLE.COM, addr=127.0.0.1, vers=4, flavor=6
om_1        | 2019-10-24 15:24:59,052 INFO authorize.ServiceAuthorizationManager: Authorization successful for testuser/scm@EXAMPLE.COM (auth:KERBEROS) for protocol=interface org.apache.hadoop.ozone.om.protocol.OzoneManagerProtocol
s3g_1       | 	at java.base/java.lang.Class.newInstance(Class.java:584)
scm_1       | 2019-10-24 15:27:47,474 INFO ipc.Server: Auth successful for dn/51bf5cba139e@EXAMPLE.COM (auth:KERBEROS)
kdc_1       | Oct 24 15:21:28 kdc kadmind[15](Notice): Request: kadm5_get_policy, default, Policy does not exist, client=admin/admin@EXAMPLE.COM, service=kadmin/admin@EXAMPLE.COM, addr=127.0.0.1
om_1        | 2019-10-24 15:25:01,897 INFO ipc.Server: Auth successful for testuser/scm@EXAMPLE.COM (auth:KERBEROS)
s3g_1       | 	at org.jboss.weld.security.NewInstanceAction.run(NewInstanceAction.java:33)
scm_1       | 2019-10-24 15:27:47,478 INFO authorize.ServiceAuthorizationManager: Authorization successful for dn/51bf5cba139e@EXAMPLE.COM (auth:KERBEROS) for protocol=interface org.apache.hadoop.ozone.protocol.StorageContainerDatanodeProtocol
kdc_1       | Oct 24 15:21:28 kdc kadmind[15](Notice): Request: kadm5_create_principal, HTTP/8b197950ba1c@EXAMPLE.COM, success, client=admin/admin@EXAMPLE.COM, service=kadmin/admin@EXAMPLE.COM, addr=127.0.0.1
s3g_1       | 	at java.base/java.security.AccessController.doPrivileged(Native Method)
om_1        | 2019-10-24 15:25:01,911 INFO authorize.ServiceAuthorizationManager: Authorization successful for testuser/scm@EXAMPLE.COM (auth:KERBEROS) for protocol=interface org.apache.hadoop.ozone.om.protocol.OzoneManagerProtocol
scm_1       | 2019-10-24 15:28:08,623 INFO ipc.Server: Auth successful for dn/f6d84064d8d4@EXAMPLE.COM (auth:KERBEROS)
kdc_1       | Oct 24 15:21:28 kdc kadmind[15](info): closing down fd 18
s3g_1       | 	at org.jboss.weld.injection.Exceptions.rethrowException(Exceptions.java:40)
om_1        | 2019-10-24 15:25:04,727 INFO ipc.Server: Auth successful for testuser/scm@EXAMPLE.COM (auth:KERBEROS)
scm_1       | 2019-10-24 15:28:08,626 INFO authorize.ServiceAuthorizationManager: Authorization successful for dn/f6d84064d8d4@EXAMPLE.COM (auth:KERBEROS) for protocol=interface org.apache.hadoop.ozone.protocol.StorageContainerDatanodeProtocol
s3g_1       | 	at org.jboss.weld.injection.Exceptions.rethrowException(Exceptions.java:78)
om_1        | 2019-10-24 15:25:04,738 INFO authorize.ServiceAuthorizationManager: Authorization successful for testuser/scm@EXAMPLE.COM (auth:KERBEROS) for protocol=interface org.apache.hadoop.ozone.om.protocol.OzoneManagerProtocol
scm_1       | 2019-10-24 15:28:12,281 INFO ipc.Server: Auth successful for dn/8b197950ba1c@EXAMPLE.COM (auth:KERBEROS)
kdc_1       | Oct 24 15:21:28 kdc kadmind[15](Notice): Request: kadm5_init, admin/admin@EXAMPLE.COM, success, client=admin/admin@EXAMPLE.COM, service=kadmin/admin@EXAMPLE.COM, addr=127.0.0.1, vers=4, flavor=6
s3g_1       | 	at org.jboss.weld.injection.StaticMethodInjectionPoint.invoke(StaticMethodInjectionPoint.java:96)
scm_1       | 2019-10-24 15:28:12,287 INFO authorize.ServiceAuthorizationManager: Authorization successful for dn/8b197950ba1c@EXAMPLE.COM (auth:KERBEROS) for protocol=interface org.apache.hadoop.ozone.protocol.StorageContainerDatanodeProtocol
kdc_1       | Oct 24 15:21:28 kdc kadmind[15](Notice): Request: kadm5_randkey_principal, HTTP/8b197950ba1c@EXAMPLE.COM, success, client=admin/admin@EXAMPLE.COM, service=kadmin/admin@EXAMPLE.COM, addr=127.0.0.1
scm_1       | 2019-10-24 15:28:17,475 INFO ipc.Server: Auth successful for dn/51bf5cba139e@EXAMPLE.COM (auth:KERBEROS)
kdc_1       | Oct 24 15:21:28 kdc kadmind[15](Notice): Request: kadm5_get_principal, HTTP/8b197950ba1c@EXAMPLE.COM, success, client=admin/admin@EXAMPLE.COM, service=kadmin/admin@EXAMPLE.COM, addr=127.0.0.1
om_1        | 2019-10-24 15:25:07,692 INFO ipc.Server: Auth successful for testuser/scm@EXAMPLE.COM (auth:KERBEROS)
s3g_1       | 	at org.jboss.weld.injection.StaticMethodInjectionPoint.invoke(StaticMethodInjectionPoint.java:78)
scm_1       | 2019-10-24 15:28:17,478 INFO authorize.ServiceAuthorizationManager: Authorization successful for dn/51bf5cba139e@EXAMPLE.COM (auth:KERBEROS) for protocol=interface org.apache.hadoop.ozone.protocol.StorageContainerDatanodeProtocol
kdc_1       | Entry for principal HTTP/8b197950ba1c@EXAMPLE.COM with kvno 2, encryption type aes256-cts-hmac-sha1-96 added to keytab WRFILE:/data/HTTP.8b197950ba1c.keytab.
om_1        | 2019-10-24 15:25:07,709 INFO authorize.ServiceAuthorizationManager: Authorization successful for testuser/scm@EXAMPLE.COM (auth:KERBEROS) for protocol=interface org.apache.hadoop.ozone.om.protocol.OzoneManagerProtocol
scm_1       | 2019-10-24 15:28:38,635 INFO ipc.Server: Auth successful for dn/f6d84064d8d4@EXAMPLE.COM (auth:KERBEROS)
kdc_1       | Entry for principal HTTP/8b197950ba1c@EXAMPLE.COM with kvno 2, encryption type aes128-cts-hmac-sha1-96 added to keytab WRFILE:/data/HTTP.8b197950ba1c.keytab.
om_1        | 2019-10-24 15:25:10,610 INFO ipc.Server: Auth successful for testuser/scm@EXAMPLE.COM (auth:KERBEROS)
scm_1       | 2019-10-24 15:28:38,640 INFO authorize.ServiceAuthorizationManager: Authorization successful for dn/f6d84064d8d4@EXAMPLE.COM (auth:KERBEROS) for protocol=interface org.apache.hadoop.ozone.protocol.StorageContainerDatanodeProtocol
s3g_1       | 	at org.jboss.weld.injection.producer.ProducerMethodProducer.produce(ProducerMethodProducer.java:100)
kdc_1       | Generiting keytab
om_1        | 2019-10-24 15:25:10,622 INFO authorize.ServiceAuthorizationManager: Authorization successful for testuser/scm@EXAMPLE.COM (auth:KERBEROS) for protocol=interface org.apache.hadoop.ozone.om.protocol.OzoneManagerProtocol
s3g_1       | 	at org.jboss.weld.injection.producer.AbstractMemberProducer.produce(AbstractMemberProducer.java:161)
scm_1       | 2019-10-24 15:28:42,281 INFO ipc.Server: Auth successful for dn/8b197950ba1c@EXAMPLE.COM (auth:KERBEROS)
kdc_1       | Authenticating as principal admin/admin with keytab /tmp/admin.keytab.
om_1        | 2019-10-24 15:25:13,440 INFO ipc.Server: Auth successful for testuser/scm@EXAMPLE.COM (auth:KERBEROS)
s3g_1       | 	at org.jboss.weld.bean.AbstractProducerBean.create(AbstractProducerBean.java:180)
scm_1       | 2019-10-24 15:28:42,286 INFO authorize.ServiceAuthorizationManager: Authorization successful for dn/8b197950ba1c@EXAMPLE.COM (auth:KERBEROS) for protocol=interface org.apache.hadoop.ozone.protocol.StorageContainerDatanodeProtocol
kdc_1       | WARNING: no policy specified for scm/s3g@EXAMPLE.COM; defaulting to no policy
s3g_1       | 	at org.jboss.weld.context.unbound.DependentContextImpl.get(DependentContextImpl.java:70)
scm_1       | 2019-10-24 15:28:47,481 INFO ipc.Server: Auth successful for dn/51bf5cba139e@EXAMPLE.COM (auth:KERBEROS)
kdc_1       | Principal "scm/s3g@EXAMPLE.COM" created.
om_1        | 2019-10-24 15:25:13,452 INFO authorize.ServiceAuthorizationManager: Authorization successful for testuser/scm@EXAMPLE.COM (auth:KERBEROS) for protocol=interface org.apache.hadoop.ozone.om.protocol.OzoneManagerProtocol
s3g_1       | 	at org.jboss.weld.bean.ContextualInstanceStrategy$DefaultContextualInstanceStrategy.get(ContextualInstanceStrategy.java:100)
scm_1       | 2019-10-24 15:28:47,488 INFO authorize.ServiceAuthorizationManager: Authorization successful for dn/51bf5cba139e@EXAMPLE.COM (auth:KERBEROS) for protocol=interface org.apache.hadoop.ozone.protocol.StorageContainerDatanodeProtocol
kdc_1       | Authenticating as principal admin/admin with keytab /tmp/admin.keytab.
om_1        | 2019-10-24 15:25:14,322 [IPC Server handler 11 on 9862] INFO       - created volume:97695-rpcwoscheme for user:testuser/scm@EXAMPLE.COM
s3g_1       | 	at org.jboss.weld.bean.ContextualInstance.get(ContextualInstance.java:50)
scm_1       | 2019-10-24 15:28:48,461 INFO ipc.Server: Auth successful for om/om@EXAMPLE.COM (auth:KERBEROS)
kdc_1       | Entry for principal scm/s3g@EXAMPLE.COM with kvno 2, encryption type aes256-cts-hmac-sha1-96 added to keytab WRFILE:/data/scm.s3g.keytab.
om_1        | 2019-10-24 15:25:16,473 INFO ipc.Server: Auth successful for testuser/scm@EXAMPLE.COM (auth:KERBEROS)
s3g_1       | 	at org.jboss.weld.manager.BeanManagerImpl.getReference(BeanManagerImpl.java:785)
scm_1       | 2019-10-24 15:28:48,464 INFO authorize.ServiceAuthorizationManager: Authorization successful for om/om@EXAMPLE.COM (auth:KERBEROS) for protocol=interface org.apache.hadoop.hdds.scm.protocol.StorageContainerLocationProtocol
kdc_1       | Entry for principal scm/s3g@EXAMPLE.COM with kvno 2, encryption type aes128-cts-hmac-sha1-96 added to keytab WRFILE:/data/scm.s3g.keytab.
s3g_1       | 	at org.jboss.weld.manager.BeanManagerImpl.getInjectableReference(BeanManagerImpl.java:885)
kdc_1       | Generiting keytab
scm_1       | 2019-10-24 15:29:06,778 INFO ipc.Server: Auth successful for om/om@EXAMPLE.COM (auth:KERBEROS)
om_1        | 2019-10-24 15:25:16,487 INFO authorize.ServiceAuthorizationManager: Authorization successful for testuser/scm@EXAMPLE.COM (auth:KERBEROS) for protocol=interface org.apache.hadoop.ozone.om.protocol.OzoneManagerProtocol
kdc_1       | Authenticating as principal admin/admin with keytab /tmp/admin.keytab.
scm_1       | 2019-10-24 15:29:06,781 INFO authorize.ServiceAuthorizationManager: Authorization successful for om/om@EXAMPLE.COM (auth:KERBEROS) for protocol=interface org.apache.hadoop.hdds.scm.protocol.StorageContainerLocationProtocol
s3g_1       | 	at org.jboss.weld.injection.FieldInjectionPoint.inject(FieldInjectionPoint.java:92)
kdc_1       | WARNING: no policy specified for HTTP/scm@EXAMPLE.COM; defaulting to no policy
scm_1       | 2019-10-24 15:29:08,631 INFO ipc.Server: Auth successful for dn/f6d84064d8d4@EXAMPLE.COM (auth:KERBEROS)
om_1        | 2019-10-24 15:25:19,345 INFO ipc.Server: Auth successful for testuser/scm@EXAMPLE.COM (auth:KERBEROS)
s3g_1       | 	at org.jboss.weld.util.Beans.injectBoundFields(Beans.java:358)
kdc_1       | Principal "HTTP/scm@EXAMPLE.COM" created.
scm_1       | 2019-10-24 15:29:08,635 INFO authorize.ServiceAuthorizationManager: Authorization successful for dn/f6d84064d8d4@EXAMPLE.COM (auth:KERBEROS) for protocol=interface org.apache.hadoop.ozone.protocol.StorageContainerDatanodeProtocol
om_1        | 2019-10-24 15:25:19,356 INFO authorize.ServiceAuthorizationManager: Authorization successful for testuser/scm@EXAMPLE.COM (auth:KERBEROS) for protocol=interface org.apache.hadoop.ozone.om.protocol.OzoneManagerProtocol
s3g_1       | 	at org.jboss.weld.util.Beans.injectFieldsAndInitializers(Beans.java:369)
kdc_1       | Authenticating as principal admin/admin with keytab /tmp/admin.keytab.
scm_1       | 2019-10-24 15:29:12,269 INFO ipc.Server: Auth successful for dn/8b197950ba1c@EXAMPLE.COM (auth:KERBEROS)
om_1        | 2019-10-24 15:25:22,124 INFO ipc.Server: Auth successful for testuser/scm@EXAMPLE.COM (auth:KERBEROS)
s3g_1       | 	at org.jboss.weld.injection.producer.ResourceInjector$1.proceed(ResourceInjector.java:70)
scm_1       | 2019-10-24 15:29:12,272 INFO authorize.ServiceAuthorizationManager: Authorization successful for dn/8b197950ba1c@EXAMPLE.COM (auth:KERBEROS) for protocol=interface org.apache.hadoop.ozone.protocol.StorageContainerDatanodeProtocol
kdc_1       | Entry for principal HTTP/scm@EXAMPLE.COM with kvno 2, encryption type aes256-cts-hmac-sha1-96 added to keytab WRFILE:/data/HTTP.scm.keytab.
om_1        | 2019-10-24 15:25:22,137 INFO authorize.ServiceAuthorizationManager: Authorization successful for testuser/scm@EXAMPLE.COM (auth:KERBEROS) for protocol=interface org.apache.hadoop.ozone.om.protocol.OzoneManagerProtocol
scm_1       | 2019-10-24 15:29:17,482 INFO ipc.Server: Auth successful for dn/51bf5cba139e@EXAMPLE.COM (auth:KERBEROS)
kdc_1       | Entry for principal HTTP/scm@EXAMPLE.COM with kvno 2, encryption type aes128-cts-hmac-sha1-96 added to keytab WRFILE:/data/HTTP.scm.keytab.
s3g_1       | 	at org.jboss.weld.injection.InjectionContextImpl.run(InjectionContextImpl.java:48)
scm_1       | 2019-10-24 15:29:17,485 INFO authorize.ServiceAuthorizationManager: Authorization successful for dn/51bf5cba139e@EXAMPLE.COM (auth:KERBEROS) for protocol=interface org.apache.hadoop.ozone.protocol.StorageContainerDatanodeProtocol
kdc_1       | Generiting keytab
om_1        | 2019-10-24 15:25:24,982 INFO ipc.Server: Auth successful for testuser/scm@EXAMPLE.COM (auth:KERBEROS)
s3g_1       | 	at org.jboss.weld.injection.producer.ResourceInjector.inject(ResourceInjector.java:72)
scm_1       | 2019-10-24 15:29:31,570 INFO ipc.Server: Auth successful for om/om@EXAMPLE.COM (auth:KERBEROS)
kdc_1       | Authenticating as principal admin/admin with keytab /tmp/admin.keytab.
om_1        | 2019-10-24 15:25:24,997 INFO authorize.ServiceAuthorizationManager: Authorization successful for testuser/scm@EXAMPLE.COM (auth:KERBEROS) for protocol=interface org.apache.hadoop.ozone.om.protocol.OzoneManagerProtocol
s3g_1       | 	at org.jboss.weld.injection.producer.BasicInjectionTarget.inject(BasicInjectionTarget.java:117)
scm_1       | 2019-10-24 15:29:31,572 INFO authorize.ServiceAuthorizationManager: Authorization successful for om/om@EXAMPLE.COM (auth:KERBEROS) for protocol=interface org.apache.hadoop.hdds.scm.protocol.ScmBlockLocationProtocol
kdc_1       | WARNING: no policy specified for scm/e3f2aaa954ae@EXAMPLE.COM; defaulting to no policy
om_1        | 2019-10-24 15:25:27,889 INFO ipc.Server: Auth successful for testuser/scm@EXAMPLE.COM (auth:KERBEROS)
s3g_1       | 	at org.glassfish.jersey.ext.cdi1x.internal.CdiComponentProvider$InjectionManagerInjectedCdiTarget.inject(CdiComponentProvider.java:873)
scm_1       | 2019-10-24 15:29:32,911 INFO ipc.Server: Auth successful for dn/8b197950ba1c@EXAMPLE.COM (auth:KERBEROS)
kdc_1       | Principal "scm/e3f2aaa954ae@EXAMPLE.COM" created.
om_1        | 2019-10-24 15:25:27,902 INFO authorize.ServiceAuthorizationManager: Authorization successful for testuser/scm@EXAMPLE.COM (auth:KERBEROS) for protocol=interface org.apache.hadoop.ozone.om.protocol.OzoneManagerProtocol
s3g_1       | 	at org.jboss.weld.bean.ManagedBean.create(ManagedBean.java:159)
scm_1       | 2019-10-24 15:29:32,915 INFO authorize.ServiceAuthorizationManager: Authorization successful for dn/8b197950ba1c@EXAMPLE.COM (auth:KERBEROS) for protocol=interface org.apache.hadoop.ozone.protocol.StorageContainerDatanodeProtocol
kdc_1       | Authenticating as principal admin/admin with keytab /tmp/admin.keytab.
om_1        | 2019-10-24 15:25:30,729 INFO ipc.Server: Auth successful for testuser/scm@EXAMPLE.COM (auth:KERBEROS)
s3g_1       | 	at org.jboss.weld.context.unbound.DependentContextImpl.get(DependentContextImpl.java:70)
scm_1       | 2019-10-24 15:29:38,632 INFO ipc.Server: Auth successful for dn/f6d84064d8d4@EXAMPLE.COM (auth:KERBEROS)
kdc_1       | Entry for principal scm/e3f2aaa954ae@EXAMPLE.COM with kvno 2, encryption type aes256-cts-hmac-sha1-96 added to keytab WRFILE:/data/scm.e3f2aaa954ae.keytab.
om_1        | 2019-10-24 15:25:30,741 INFO authorize.ServiceAuthorizationManager: Authorization successful for testuser/scm@EXAMPLE.COM (auth:KERBEROS) for protocol=interface org.apache.hadoop.ozone.om.protocol.OzoneManagerProtocol
s3g_1       | 	at org.jboss.weld.bean.ContextualInstanceStrategy$DefaultContextualInstanceStrategy.get(ContextualInstanceStrategy.java:100)
scm_1       | 2019-10-24 15:29:38,640 INFO authorize.ServiceAuthorizationManager: Authorization successful for dn/f6d84064d8d4@EXAMPLE.COM (auth:KERBEROS) for protocol=interface org.apache.hadoop.ozone.protocol.StorageContainerDatanodeProtocol
kdc_1       | Entry for principal scm/e3f2aaa954ae@EXAMPLE.COM with kvno 2, encryption type aes128-cts-hmac-sha1-96 added to keytab WRFILE:/data/scm.e3f2aaa954ae.keytab.
om_1        | 2019-10-24 15:25:33,509 INFO ipc.Server: Auth successful for testuser/scm@EXAMPLE.COM (auth:KERBEROS)
s3g_1       | 	at org.jboss.weld.bean.ContextualInstance.get(ContextualInstance.java:50)
scm_1       | 2019-10-24 15:29:47,475 INFO ipc.Server: Auth successful for dn/51bf5cba139e@EXAMPLE.COM (auth:KERBEROS)
om_1        | 2019-10-24 15:25:33,524 INFO authorize.ServiceAuthorizationManager: Authorization successful for testuser/scm@EXAMPLE.COM (auth:KERBEROS) for protocol=interface org.apache.hadoop.ozone.om.protocol.OzoneManagerProtocol
s3g_1       | 	at org.jboss.weld.manager.BeanManagerImpl.getReference(BeanManagerImpl.java:785)
kdc_1       | Generiting keytab
