datanode_2  | 2019-11-01 18:41:55,975 INFO impl.LeaderElection: 088170cf-fbe1-4de4-a229-471585172303@group-4864856BD0C1-LeaderElection4: Election REJECTED; received 2 response(s) [088170cf-fbe1-4de4-a229-471585172303<-c9fa6d02-ad83-4f05-bd60-c91a2e11fed5#0:FAIL-t3, 088170cf-fbe1-4de4-a229-471585172303<-fc6e3d61-3185-4b5b-9891-9633bbf9a0c7#0:FAIL-t3] and 0 exception(s); 088170cf-fbe1-4de4-a229-471585172303@group-4864856BD0C1:t3, leader=null, voted=088170cf-fbe1-4de4-a229-471585172303, raftlog=088170cf-fbe1-4de4-a229-471585172303@group-4864856BD0C1-SegmentedRaftLog:OPENED:c-1,f-1,i0, conf=-1: [c9fa6d02-ad83-4f05-bd60-c91a2e11fed5:172.18.0.7:9858, 088170cf-fbe1-4de4-a229-471585172303:172.18.0.9:9858, fc6e3d61-3185-4b5b-9891-9633bbf9a0c7:172.18.0.8:9858], old=null
rm_1        | 2019-11-01 18:42:46 INFO  CapacityScheduler:954 - Accepted application application_1572633692428_0001 from user: hadoop, in queue: default
nm_1        | 2019-11-01 18:43:06 INFO  ContainerImpl:2126 - Container container_1572633692428_0001_01_000002 transitioned from EXITED_WITH_SUCCESS to DONE
datanode_3  | 2019-11-01 18:41:55,977 INFO impl.RoleInfo: fc6e3d61-3185-4b5b-9891-9633bbf9a0c7: start FollowerState
datanode_1  | 2019-11-01 18:42:00,959 INFO impl.RoleInfo: c9fa6d02-ad83-4f05-bd60-c91a2e11fed5: shutdown FollowerState
datanode_2  | 2019-11-01 18:41:55,976 INFO impl.RaftServerImpl: 088170cf-fbe1-4de4-a229-471585172303@group-4864856BD0C1: changes role from CANDIDATE to FOLLOWER at term 3 for DISCOVERED_A_NEW_TERM
rm_1        | 2019-11-01 18:42:46 INFO  RMAppImpl:912 - application_1572633692428_0001 State change from SUBMITTED to ACCEPTED on event = APP_ACCEPTED
nm_1        | 2019-11-01 18:43:06 INFO  ApplicationImpl:512 - Removing container_1572633692428_0001_01_000002 from application application_1572633692428_0001
datanode_3  | 2019-11-01 18:42:01,026 INFO impl.FollowerState: fc6e3d61-3185-4b5b-9891-9633bbf9a0c7@group-4864856BD0C1-FollowerState: change to CANDIDATE, lastRpcTime:5048ms, electionTimeout:5048ms
datanode_1  | 2019-11-01 18:42:00,959 INFO impl.RaftServerImpl: c9fa6d02-ad83-4f05-bd60-c91a2e11fed5@group-4864856BD0C1: changes role from  FOLLOWER to CANDIDATE at term 3 for changeToCandidate
datanode_2  | 2019-11-01 18:41:55,976 INFO impl.RoleInfo: 088170cf-fbe1-4de4-a229-471585172303: shutdown LeaderElection
rm_1        | 2019-11-01 18:42:46 INFO  ApplicationMasterService:479 - Registering app attempt : appattempt_1572633692428_0001_000001
nm_1        | 2019-11-01 18:43:06 INFO  ContainersMonitorImpl:934 - Stopping resource-monitoring for container_1572633692428_0001_01_000002
datanode_3  | 2019-11-01 18:42:01,028 INFO impl.RoleInfo: fc6e3d61-3185-4b5b-9891-9633bbf9a0c7: shutdown FollowerState
datanode_1  | 2019-11-01 18:42:00,960 INFO impl.RoleInfo: c9fa6d02-ad83-4f05-bd60-c91a2e11fed5: start LeaderElection
datanode_2  | 2019-11-01 18:41:55,976 INFO impl.RoleInfo: 088170cf-fbe1-4de4-a229-471585172303: start FollowerState
rm_1        | 2019-11-01 18:42:46 INFO  RMAppAttemptImpl:927 - appattempt_1572633692428_0001_000001 State change from NEW to SUBMITTED on event = START
nm_1        | 2019-11-01 18:43:06 INFO  AuxServices:350 - Got event CONTAINER_STOP for appId application_1572633692428_0001
datanode_3  | 2019-11-01 18:42:01,028 INFO impl.RaftServerImpl: fc6e3d61-3185-4b5b-9891-9633bbf9a0c7@group-4864856BD0C1: changes role from  FOLLOWER to CANDIDATE at term 3 for changeToCandidate
datanode_1  | 2019-11-01 18:42:01,006 INFO impl.LeaderElection: c9fa6d02-ad83-4f05-bd60-c91a2e11fed5@group-4864856BD0C1-LeaderElection5: begin an election at term 4 for -1: [c9fa6d02-ad83-4f05-bd60-c91a2e11fed5:172.18.0.7:9858, 088170cf-fbe1-4de4-a229-471585172303:172.18.0.9:9858, fc6e3d61-3185-4b5b-9891-9633bbf9a0c7:172.18.0.8:9858], old=null
datanode_2  | 2019-11-01 18:42:01,027 INFO impl.RaftServerImpl: 088170cf-fbe1-4de4-a229-471585172303@group-4864856BD0C1: changes role from  FOLLOWER to FOLLOWER at term 4 for recognizeCandidate:c9fa6d02-ad83-4f05-bd60-c91a2e11fed5
rm_1        | 2019-11-01 18:42:46 WARN  LeafQueue:846 - maximum-am-resource-percent is insufficient to start a single application in queue, it is likely set too low. skipping enforcement to allow at least one application to start
nm_1        | 2019-11-01 18:43:07 INFO  Server:1845 - Auth successful for appattempt_1572633692428_0001_000001 (auth:SIMPLE)
datanode_3  | 2019-11-01 18:42:01,028 INFO impl.RoleInfo: fc6e3d61-3185-4b5b-9891-9633bbf9a0c7: start LeaderElection
datanode_1  | 2019-11-01 18:42:01,083 INFO impl.LeaderElection: c9fa6d02-ad83-4f05-bd60-c91a2e11fed5@group-4864856BD0C1-LeaderElection5: Election PASSED; received 1 response(s) [c9fa6d02-ad83-4f05-bd60-c91a2e11fed5<-088170cf-fbe1-4de4-a229-471585172303#0:OK-t4] and 0 exception(s); c9fa6d02-ad83-4f05-bd60-c91a2e11fed5@group-4864856BD0C1:t4, leader=null, voted=c9fa6d02-ad83-4f05-bd60-c91a2e11fed5, raftlog=c9fa6d02-ad83-4f05-bd60-c91a2e11fed5@group-4864856BD0C1-SegmentedRaftLog:OPENED:c-1,f-1,i0, conf=-1: [c9fa6d02-ad83-4f05-bd60-c91a2e11fed5:172.18.0.7:9858, 088170cf-fbe1-4de4-a229-471585172303:172.18.0.9:9858, fc6e3d61-3185-4b5b-9891-9633bbf9a0c7:172.18.0.8:9858], old=null
datanode_2  | 2019-11-01 18:42:01,028 INFO impl.RoleInfo: 088170cf-fbe1-4de4-a229-471585172303: shutdown FollowerState
rm_1        | 2019-11-01 18:42:46 WARN  LeafQueue:882 - maximum-am-resource-percent is insufficient to start a single application in queue for user, it is likely set too low. skipping enforcement to allow at least one application to start
nm_1        | 2019-11-01 18:43:07 INFO  ContainerManagerImpl:1070 - Start request for container_1572633692428_0001_01_000003 by user hadoop
datanode_3  | 2019-11-01 18:42:01,030 INFO impl.RaftServerImpl: fc6e3d61-3185-4b5b-9891-9633bbf9a0c7@group-4864856BD0C1: changes role from CANDIDATE to FOLLOWER at term 4 for recognizeCandidate:c9fa6d02-ad83-4f05-bd60-c91a2e11fed5
datanode_1  | 2019-11-01 18:42:01,083 INFO impl.RoleInfo: c9fa6d02-ad83-4f05-bd60-c91a2e11fed5: shutdown LeaderElection
datanode_2  | 2019-11-01 18:42:01,028 INFO impl.FollowerState: 088170cf-fbe1-4de4-a229-471585172303@group-4864856BD0C1-FollowerState was interrupted: java.lang.InterruptedException: sleep interrupted
rm_1        | 2019-11-01 18:42:46 INFO  LeafQueue:911 - Application application_1572633692428_0001 from user: hadoop activated in queue: default
datanode_3  | 2019-11-01 18:42:01,030 INFO impl.RoleInfo: fc6e3d61-3185-4b5b-9891-9633bbf9a0c7: shutdown LeaderElection
nm_1        | 2019-11-01 18:43:07 INFO  NMAuditLogger:94 - USER=hadoop	IP=172.18.0.3	OPERATION=Start Container Request	TARGET=ContainerManageImpl	RESULT=SUCCESS	APPID=application_1572633692428_0001	CONTAINERID=container_1572633692428_0001_01_000003
datanode_1  | 2019-11-01 18:42:01,086 INFO impl.RaftServerImpl: c9fa6d02-ad83-4f05-bd60-c91a2e11fed5@group-4864856BD0C1: changes role from CANDIDATE to LEADER at term 4 for changeToLeader
datanode_2  | 2019-11-01 18:42:01,028 INFO impl.RoleInfo: 088170cf-fbe1-4de4-a229-471585172303: start FollowerState
rm_1        | 2019-11-01 18:42:46 INFO  LeafQueue:941 - Application added - appId: application_1572633692428_0001 user: hadoop, leaf-queue: default #user-pending-applications: 0 #user-active-applications: 1 #queue-pending-applications: 0 #queue-active-applications: 1
datanode_3  | 2019-11-01 18:42:01,030 INFO impl.RoleInfo: fc6e3d61-3185-4b5b-9891-9633bbf9a0c7: start FollowerState
nm_1        | 2019-11-01 18:43:07 INFO  ApplicationImpl:463 - Adding container_1572633692428_0001_01_000003 to application application_1572633692428_0001
datanode_1  | 2019-11-01 18:42:01,086 INFO impl.RaftServerImpl: c9fa6d02-ad83-4f05-bd60-c91a2e11fed5@group-4864856BD0C1: change Leader from null to c9fa6d02-ad83-4f05-bd60-c91a2e11fed5 at term 4 for becomeLeader, leader elected after 22317ms
datanode_2  | 2019-11-01 18:42:01,141 INFO impl.RaftServerImpl: 088170cf-fbe1-4de4-a229-471585172303@group-4864856BD0C1: change Leader from null to c9fa6d02-ad83-4f05-bd60-c91a2e11fed5 at term 4 for appendEntries, leader elected after 22384ms
rm_1        | 2019-11-01 18:42:46 INFO  CapacityScheduler:1000 - Added Application Attempt appattempt_1572633692428_0001_000001 to scheduler from user hadoop in queue default
datanode_3  | 2019-11-01 18:42:01,180 INFO impl.LeaderElection: fc6e3d61-3185-4b5b-9891-9633bbf9a0c7@group-4864856BD0C1-LeaderElection5: begin an election at term 5 for -1: [c9fa6d02-ad83-4f05-bd60-c91a2e11fed5:172.18.0.7:9858, 088170cf-fbe1-4de4-a229-471585172303:172.18.0.9:9858, fc6e3d61-3185-4b5b-9891-9633bbf9a0c7:172.18.0.8:9858], old=null
nm_1        | 2019-11-01 18:43:07 INFO  ContainerImpl:2126 - Container container_1572633692428_0001_01_000003 transitioned from NEW to LOCALIZING
datanode_1  | 2019-11-01 18:42:01,086 INFO server.RaftServerConfigKeys: raft.server.staging.catchup.gap = 1000 (default)
datanode_2  | 2019-11-01 18:42:01,161 INFO impl.RaftServerImpl: 088170cf-fbe1-4de4-a229-471585172303@group-4864856BD0C1: set configuration 0: [c9fa6d02-ad83-4f05-bd60-c91a2e11fed5:172.18.0.7:9858, 088170cf-fbe1-4de4-a229-471585172303:172.18.0.9:9858, fc6e3d61-3185-4b5b-9891-9633bbf9a0c7:172.18.0.8:9858], old=null at 0
rm_1        | 2019-11-01 18:42:46 INFO  RMAppAttemptImpl:927 - appattempt_1572633692428_0001_000001 State change from SUBMITTED to SCHEDULED on event = ATTEMPT_ADDED
datanode_3  | 2019-11-01 18:42:01,185 INFO impl.LeaderElection: fc6e3d61-3185-4b5b-9891-9633bbf9a0c7@group-4864856BD0C1-LeaderElection5: Election REJECTED; received 0 response(s) [] and 0 exception(s); fc6e3d61-3185-4b5b-9891-9633bbf9a0c7@group-4864856BD0C1:t5, leader=null, voted=fc6e3d61-3185-4b5b-9891-9633bbf9a0c7, raftlog=fc6e3d61-3185-4b5b-9891-9633bbf9a0c7@group-4864856BD0C1-SegmentedRaftLog:OPENED:c-1,f-1,i0, conf=-1: [c9fa6d02-ad83-4f05-bd60-c91a2e11fed5:172.18.0.7:9858, 088170cf-fbe1-4de4-a229-471585172303:172.18.0.9:9858, fc6e3d61-3185-4b5b-9891-9633bbf9a0c7:172.18.0.8:9858], old=null
nm_1        | 2019-11-01 18:43:07 INFO  AuxServices:350 - Got event CONTAINER_INIT for appId application_1572633692428_0001
datanode_1  | 2019-11-01 18:42:01,086 INFO server.RaftServerConfigKeys: raft.server.rpc.sleep.time = 25ms (default)
datanode_2  | 2019-11-01 18:42:01,162 INFO segmented.SegmentedRaftLogWorker: 088170cf-fbe1-4de4-a229-471585172303@group-4864856BD0C1-SegmentedRaftLogWorker: Starting segment from index:0
rm_1        | 2019-11-01 18:42:46 INFO  AbstractContainerAllocator:129 - assignedContainer application attempt=appattempt_1572633692428_0001_000001 container=null queue=default clusterResource=<memory:8192, vCores:8> type=OFF_SWITCH requestedPartition=
datanode_3  | 2019-11-01 18:42:01,195 INFO server.GrpcServerProtocolService: fc6e3d61-3185-4b5b-9891-9633bbf9a0c7: Completed APPEND_ENTRIES, lastRequest: c9fa6d02-ad83-4f05-bd60-c91a2e11fed5->fc6e3d61-3185-4b5b-9891-9633bbf9a0c7#0-t4, previous=(t:0, i:0), leaderCommit=-1, initializing? false, entries: <empty>
nm_1        | 2019-11-01 18:43:07 INFO  AuxServices:350 - Got event APPLICATION_INIT for appId application_1572633692428_0001
datanode_1  | 2019-11-01 18:42:01,087 INFO server.RaftServerConfigKeys: raft.server.write.element-limit = 4096 (default)
datanode_2  | 2019-11-01 18:42:01,195 INFO server.GrpcServerProtocolService: 088170cf-fbe1-4de4-a229-471585172303: Completed APPEND_ENTRIES, lastRequest: c9fa6d02-ad83-4f05-bd60-c91a2e11fed5->088170cf-fbe1-4de4-a229-471585172303#1-t4, previous=(t:0, i:0), leaderCommit=-1, initializing? false, entries: size=1, first=(t:4, i:0), CONFIGURATIONENTRY
rm_1        | 2019-11-01 18:42:46 INFO  RMContainerImpl:480 - container_1572633692428_0001_01_000001 Container Transitioned from NEW to ALLOCATED
datanode_3  | 2019-11-01 18:42:06,089 INFO impl.FollowerState: fc6e3d61-3185-4b5b-9891-9633bbf9a0c7@group-4864856BD0C1-FollowerState: change to CANDIDATE, lastRpcTime:5058ms, electionTimeout:5058ms
nm_1        | 2019-11-01 18:43:07 INFO  AuxServices:354 - Got APPLICATION_INIT for service mapreduce_shuffle
datanode_1  | 2019-11-01 18:42:01,087 INFO server.RaftServerConfigKeys: raft.server.watch.timeout = 10s (default)
datanode_2  | 2019-11-01 18:42:01,200 INFO segmented.SegmentedRaftLogWorker: 088170cf-fbe1-4de4-a229-471585172303@group-4864856BD0C1-SegmentedRaftLogWorker: created new log segment /data/metadata/ratis/60417242-a939-4f00-b561-4864856bd0c1/current/log_inprogress_0
rm_1        | 2019-11-01 18:42:46 INFO  FiCaSchedulerNode:169 - Assigned container container_1572633692428_0001_01_000001 of capacity <memory:2048, vCores:1> on host nm:44105, which has 1 containers, <memory:2048, vCores:1> used and <memory:6144, vCores:7> available after allocation
datanode_3  | 2019-11-01 18:42:06,090 INFO impl.RoleInfo: fc6e3d61-3185-4b5b-9891-9633bbf9a0c7: shutdown FollowerState
nm_1        | 2019-11-01 18:43:07 INFO  ShuffleHandler:719 - Added token for job_1572633692428_0001
datanode_1  | 2019-11-01 18:42:01,087 INFO server.RaftServerConfigKeys: raft.server.watch.timeout.denomination = 1s (default)
datanode_2  | 2019-11-01 18:42:01,207 INFO impl.RaftServerImpl: 088170cf-fbe1-4de4-a229-471585172303@group-4864856BD0C1: change Leader from c9fa6d02-ad83-4f05-bd60-c91a2e11fed5 to null at term 5 for updateCurrentTerm
rm_1        | 2019-11-01 18:42:46 INFO  RMAuditLogger:231 - USER=hadoop	OPERATION=AM Allocated Container	TARGET=SchedulerApp	RESULT=SUCCESS	APPID=application_1572633692428_0001	CONTAINERID=container_1572633692428_0001_01_000001	RESOURCE=<memory:2048, vCores:1>	QUEUENAME=default
datanode_3  | 2019-11-01 18:42:06,090 INFO impl.RaftServerImpl: fc6e3d61-3185-4b5b-9891-9633bbf9a0c7@group-4864856BD0C1: changes role from  FOLLOWER to CANDIDATE at term 5 for changeToCandidate
nm_1        | 2019-11-01 18:43:07 INFO  ContainerImpl:2126 - Container container_1572633692428_0001_01_000003 transitioned from LOCALIZING to SCHEDULED
datanode_1  | 2019-11-01 18:42:01,087 INFO server.RaftServerConfigKeys: raft.server.watch.element-limit = 65536 (default)
datanode_2  | 2019-11-01 18:42:01,207 INFO impl.RaftServerImpl: 088170cf-fbe1-4de4-a229-471585172303@group-4864856BD0C1: changes role from  FOLLOWER to FOLLOWER at term 5 for recognizeCandidate:fc6e3d61-3185-4b5b-9891-9633bbf9a0c7
rm_1        | 2019-11-01 18:42:47 INFO  NMTokenSecretManagerInRM:200 - Sending NMToken for nodeId : nm:44105 for container : container_1572633692428_0001_01_000001
datanode_3  | 2019-11-01 18:42:06,090 INFO impl.RoleInfo: fc6e3d61-3185-4b5b-9891-9633bbf9a0c7: start LeaderElection
nm_1        | 2019-11-01 18:43:07 INFO  ContainerScheduler:511 - Starting container [container_1572633692428_0001_01_000003]
datanode_1  | 2019-11-01 18:42:01,090 INFO server.RaftServerConfigKeys: raft.server.log.appender.snapshot.chunk.size.max = 16MB (=16777216) (default)
datanode_2  | 2019-11-01 18:42:01,207 INFO impl.RoleInfo: 088170cf-fbe1-4de4-a229-471585172303: shutdown FollowerState
rm_1        | 2019-11-01 18:42:47 INFO  RMContainerImpl:480 - container_1572633692428_0001_01_000001 Container Transitioned from ALLOCATED to ACQUIRED
datanode_3  | 2019-11-01 18:42:06,138 INFO impl.LeaderElection: fc6e3d61-3185-4b5b-9891-9633bbf9a0c7@group-4864856BD0C1-LeaderElection6: begin an election at term 6 for -1: [c9fa6d02-ad83-4f05-bd60-c91a2e11fed5:172.18.0.7:9858, 088170cf-fbe1-4de4-a229-471585172303:172.18.0.9:9858, fc6e3d61-3185-4b5b-9891-9633bbf9a0c7:172.18.0.8:9858], old=null
nm_1        | 2019-11-01 18:43:07 INFO  Configuration:3318 - Removed undeclared tags:
datanode_1  | 2019-11-01 18:42:01,090 INFO server.RaftServerConfigKeys: raft.server.log.appender.buffer.byte-limit = 33554432 (custom)
datanode_2  | 2019-11-01 18:42:01,207 INFO impl.FollowerState: 088170cf-fbe1-4de4-a229-471585172303@group-4864856BD0C1-FollowerState was interrupted: java.lang.InterruptedException: sleep interrupted
rm_1        | 2019-11-01 18:42:47 INFO  NMTokenSecretManagerInRM:146 - Clear node set for appattempt_1572633692428_0001_000001
datanode_3  | 2019-11-01 18:42:06,185 INFO impl.LeaderElection: fc6e3d61-3185-4b5b-9891-9633bbf9a0c7@group-4864856BD0C1-LeaderElection6: Election REJECTED; received 2 response(s) [fc6e3d61-3185-4b5b-9891-9633bbf9a0c7<-c9fa6d02-ad83-4f05-bd60-c91a2e11fed5#0:FAIL-t6, fc6e3d61-3185-4b5b-9891-9633bbf9a0c7<-088170cf-fbe1-4de4-a229-471585172303#0:FAIL-t6] and 0 exception(s); fc6e3d61-3185-4b5b-9891-9633bbf9a0c7@group-4864856BD0C1:t6, leader=null, voted=fc6e3d61-3185-4b5b-9891-9633bbf9a0c7, raftlog=fc6e3d61-3185-4b5b-9891-9633bbf9a0c7@group-4864856BD0C1-SegmentedRaftLog:OPENED:c-1,f-1,i0, conf=-1: [c9fa6d02-ad83-4f05-bd60-c91a2e11fed5:172.18.0.7:9858, 088170cf-fbe1-4de4-a229-471585172303:172.18.0.9:9858, fc6e3d61-3185-4b5b-9891-9633bbf9a0c7:172.18.0.8:9858], old=null
nm_1        | 2019-11-01 18:43:07 INFO  ContainerImpl:2126 - Container container_1572633692428_0001_01_000003 transitioned from SCHEDULED to RUNNING
datanode_1  | 2019-11-01 18:42:01,091 INFO server.RaftServerConfigKeys: raft.server.log.appender.buffer.element-limit = 1 (custom)
datanode_2  | 2019-11-01 18:42:01,208 INFO impl.RoleInfo: 088170cf-fbe1-4de4-a229-471585172303: start FollowerState
nm_1        | 2019-11-01 18:43:07 INFO  ContainersMonitorImpl:943 - Starting resource-monitoring for container_1572633692428_0001_01_000003
datanode_1  | 2019-11-01 18:42:01,094 INFO grpc.GrpcConfigKeys$Server: raft.grpc.server.leader.outstanding.appends.max = 128 (default)
datanode_3  | 2019-11-01 18:42:06,186 INFO impl.RaftServerImpl: fc6e3d61-3185-4b5b-9891-9633bbf9a0c7@group-4864856BD0C1: changes role from CANDIDATE to FOLLOWER at term 6 for DISCOVERED_A_NEW_TERM
datanode_2  | 2019-11-01 18:42:06,165 INFO impl.RaftServerImpl: 088170cf-fbe1-4de4-a229-471585172303@group-4864856BD0C1: changes role from  FOLLOWER to FOLLOWER at term 6 for recognizeCandidate:fc6e3d61-3185-4b5b-9891-9633bbf9a0c7
nm_1        | 2019-11-01 18:43:07 INFO  DefaultContainerExecutor:370 - launchContainer: [bash, /tmp/hadoop-hadoop/nm-local-dir/usercache/hadoop/appcache/application_1572633692428_0001/container_1572633692428_0001_01_000003/default_container_executor.sh]
datanode_1  | 2019-11-01 18:42:01,094 INFO server.RaftServerConfigKeys: raft.server.rpc.request.timeout = 3000ms (default)
rm_1        | 2019-11-01 18:42:47 INFO  ParentQueue:1340 - assignedContainer queue=root usedCapacity=0.25 absoluteUsedCapacity=0.25 used=<memory:2048, vCores:1> cluster=<memory:8192, vCores:8>
datanode_3  | 2019-11-01 18:42:06,186 INFO impl.RoleInfo: fc6e3d61-3185-4b5b-9891-9633bbf9a0c7: shutdown LeaderElection
datanode_2  | 2019-11-01 18:42:06,165 INFO impl.RoleInfo: 088170cf-fbe1-4de4-a229-471585172303: shutdown FollowerState
nm_1        | 2019-11-01 18:43:08 INFO  NodeStatusUpdaterImpl:696 - Removed completed containers from NM context: [container_1572633692428_0001_01_000002]
datanode_1  | 2019-11-01 18:42:01,095 INFO server.RaftServerConfigKeys: raft.server.log.appender.install.snapshot.enabled = false (custom)
datanode_2  | 2019-11-01 18:42:06,165 INFO impl.FollowerState: 088170cf-fbe1-4de4-a229-471585172303@group-4864856BD0C1-FollowerState was interrupted: java.lang.InterruptedException: sleep interrupted
nm_1        | 2019-11-01 18:43:09 INFO  ContainersMonitorImpl:567 - container_1572633692428_0001_01_000003's ip = 172.18.0.3, and hostname = nm
datanode_1  | 2019-11-01 18:42:01,096 WARN impl.MetricRegistriesImpl: First MetricRegistry has been created without registering reporters. You may need to call MetricRegistries.global().addReportRegistration(...) before.
datanode_3  | 2019-11-01 18:42:06,187 INFO impl.RoleInfo: fc6e3d61-3185-4b5b-9891-9633bbf9a0c7: start FollowerState
datanode_2  | 2019-11-01 18:42:06,165 INFO impl.RoleInfo: 088170cf-fbe1-4de4-a229-471585172303: start FollowerState
nm_1        | 2019-11-01 18:43:12 INFO  ContainersMonitorImpl:468 - Skipping monitoring container container_1572633692428_0001_01_000003 since CPU usage is not yet available.
datanode_1  | 2019-11-01 18:42:01,097 INFO server.RaftServerConfigKeys: raft.server.log.appender.snapshot.chunk.size.max = 16MB (=16777216) (default)
datanode_3  | 2019-11-01 18:42:11,351 INFO impl.FollowerState: fc6e3d61-3185-4b5b-9891-9633bbf9a0c7@group-4864856BD0C1-FollowerState: change to CANDIDATE, lastRpcTime:5163ms, electionTimeout:5163ms
datanode_2  | 2019-11-01 18:42:11,325 INFO impl.FollowerState: 088170cf-fbe1-4de4-a229-471585172303@group-4864856BD0C1-FollowerState: change to CANDIDATE, lastRpcTime:5159ms, electionTimeout:5158ms
rm_1        | 2019-11-01 18:42:47 INFO  RMAppAttemptImpl:2221 - Storing attempt: AppId: application_1572633692428_0001 AttemptId: appattempt_1572633692428_0001_000001 MasterContainer: Container: [ContainerId: container_1572633692428_0001_01_000001, AllocationRequestId: -1, Version: 0, NodeId: nm:44105, NodeHttpAddress: nm:8042, Resource: <memory:2048, vCores:1>, Priority: 0, Token: Token { kind: ContainerToken, service: 172.18.0.3:44105 }, ExecutionType: GUARANTEED, ]
nm_1        | 2019-11-01 18:43:12 INFO  ContainerLaunch:589 - Container container_1572633692428_0001_01_000003 succeeded 
datanode_1  | 2019-11-01 18:42:01,097 INFO server.RaftServerConfigKeys: raft.server.log.appender.buffer.byte-limit = 33554432 (custom)
datanode_3  | 2019-11-01 18:42:11,351 INFO impl.RoleInfo: fc6e3d61-3185-4b5b-9891-9633bbf9a0c7: shutdown FollowerState
rm_1        | 2019-11-01 18:42:47 INFO  CapacityScheduler:2894 - Allocation proposal accepted
datanode_2  | 2019-11-01 18:42:11,325 INFO impl.RoleInfo: 088170cf-fbe1-4de4-a229-471585172303: shutdown FollowerState
nm_1        | 2019-11-01 18:43:12 INFO  ContainerImpl:2126 - Container container_1572633692428_0001_01_000003 transitioned from RUNNING to EXITED_WITH_SUCCESS
datanode_1  | 2019-11-01 18:42:01,097 INFO server.RaftServerConfigKeys: raft.server.log.appender.buffer.element-limit = 1 (custom)
datanode_3  | 2019-11-01 18:42:11,352 INFO impl.RaftServerImpl: fc6e3d61-3185-4b5b-9891-9633bbf9a0c7@group-4864856BD0C1: changes role from  FOLLOWER to CANDIDATE at term 6 for changeToCandidate
rm_1        | 2019-11-01 18:42:47 INFO  RMAppAttemptImpl:927 - appattempt_1572633692428_0001_000001 State change from SCHEDULED to ALLOCATED_SAVING on event = CONTAINER_ALLOCATED
datanode_2  | 2019-11-01 18:42:11,325 INFO impl.RaftServerImpl: 088170cf-fbe1-4de4-a229-471585172303@group-4864856BD0C1: changes role from  FOLLOWER to CANDIDATE at term 6 for changeToCandidate
nm_1        | 2019-11-01 18:43:12 INFO  ContainerLaunch:745 - Cleaning up container container_1572633692428_0001_01_000003
datanode_1  | 2019-11-01 18:42:01,097 INFO grpc.GrpcConfigKeys$Server: raft.grpc.server.leader.outstanding.appends.max = 128 (default)
datanode_3  | 2019-11-01 18:42:11,352 INFO impl.RoleInfo: fc6e3d61-3185-4b5b-9891-9633bbf9a0c7: start LeaderElection
datanode_2  | 2019-11-01 18:42:11,325 INFO impl.RoleInfo: 088170cf-fbe1-4de4-a229-471585172303: start LeaderElection
rm_1        | 2019-11-01 18:42:47 INFO  RMAppAttemptImpl:927 - appattempt_1572633692428_0001_000001 State change from ALLOCATED_SAVING to ALLOCATED on event = ATTEMPT_NEW_SAVED
nm_1        | 2019-11-01 18:43:12 INFO  Configuration:3318 - Removed undeclared tags:
datanode_1  | 2019-11-01 18:42:01,097 INFO server.RaftServerConfigKeys: raft.server.rpc.request.timeout = 3000ms (default)
datanode_3  | 2019-11-01 18:42:11,366 INFO impl.LeaderElection: fc6e3d61-3185-4b5b-9891-9633bbf9a0c7@group-4864856BD0C1-LeaderElection7: begin an election at term 7 for -1: [c9fa6d02-ad83-4f05-bd60-c91a2e11fed5:172.18.0.7:9858, 088170cf-fbe1-4de4-a229-471585172303:172.18.0.9:9858, fc6e3d61-3185-4b5b-9891-9633bbf9a0c7:172.18.0.8:9858], old=null
datanode_2  | 2019-11-01 18:42:11,347 INFO impl.LeaderElection: 088170cf-fbe1-4de4-a229-471585172303@group-4864856BD0C1-LeaderElection5: begin an election at term 7 for 0: [c9fa6d02-ad83-4f05-bd60-c91a2e11fed5:172.18.0.7:9858, 088170cf-fbe1-4de4-a229-471585172303:172.18.0.9:9858, fc6e3d61-3185-4b5b-9891-9633bbf9a0c7:172.18.0.8:9858], old=null
rm_1        | 2019-11-01 18:42:47 INFO  AMLauncher:307 - Launching masterappattempt_1572633692428_0001_000001
nm_1        | 2019-11-01 18:43:12 INFO  DefaultContainerExecutor:634 - Deleting absolute path : /tmp/hadoop-hadoop/nm-local-dir/usercache/hadoop/appcache/application_1572633692428_0001/container_1572633692428_0001_01_000003/launch_container.sh
datanode_1  | 2019-11-01 18:42:01,097 INFO server.RaftServerConfigKeys: raft.server.log.appender.install.snapshot.enabled = false (custom)
datanode_2  | 2019-11-01 18:42:11,395 INFO impl.LeaderElection: 088170cf-fbe1-4de4-a229-471585172303@group-4864856BD0C1-LeaderElection5: Election REJECTED; received 2 response(s) [088170cf-fbe1-4de4-a229-471585172303<-c9fa6d02-ad83-4f05-bd60-c91a2e11fed5#0:FAIL-t7, 088170cf-fbe1-4de4-a229-471585172303<-fc6e3d61-3185-4b5b-9891-9633bbf9a0c7#0:FAIL-t7] and 0 exception(s); 088170cf-fbe1-4de4-a229-471585172303@group-4864856BD0C1:t7, leader=null, voted=088170cf-fbe1-4de4-a229-471585172303, raftlog=088170cf-fbe1-4de4-a229-471585172303@group-4864856BD0C1-SegmentedRaftLog:OPENED:c-1,f0,i0, conf=0: [c9fa6d02-ad83-4f05-bd60-c91a2e11fed5:172.18.0.7:9858, 088170cf-fbe1-4de4-a229-471585172303:172.18.0.9:9858, fc6e3d61-3185-4b5b-9891-9633bbf9a0c7:172.18.0.8:9858], old=null
datanode_3  | 2019-11-01 18:42:11,413 INFO impl.LeaderElection: fc6e3d61-3185-4b5b-9891-9633bbf9a0c7@group-4864856BD0C1-LeaderElection7: Election REJECTED; received 2 response(s) [fc6e3d61-3185-4b5b-9891-9633bbf9a0c7<-c9fa6d02-ad83-4f05-bd60-c91a2e11fed5#0:FAIL-t7, fc6e3d61-3185-4b5b-9891-9633bbf9a0c7<-088170cf-fbe1-4de4-a229-471585172303#0:FAIL-t7] and 0 exception(s); fc6e3d61-3185-4b5b-9891-9633bbf9a0c7@group-4864856BD0C1:t7, leader=null, voted=fc6e3d61-3185-4b5b-9891-9633bbf9a0c7, raftlog=fc6e3d61-3185-4b5b-9891-9633bbf9a0c7@group-4864856BD0C1-SegmentedRaftLog:OPENED:c-1,f-1,i0, conf=-1: [c9fa6d02-ad83-4f05-bd60-c91a2e11fed5:172.18.0.7:9858, 088170cf-fbe1-4de4-a229-471585172303:172.18.0.9:9858, fc6e3d61-3185-4b5b-9891-9633bbf9a0c7:172.18.0.8:9858], old=null
rm_1        | 2019-11-01 18:42:47 INFO  AMLauncher:109 - Setting up container Container: [ContainerId: container_1572633692428_0001_01_000001, AllocationRequestId: -1, Version: 0, NodeId: nm:44105, NodeHttpAddress: nm:8042, Resource: <memory:2048, vCores:1>, Priority: 0, Token: Token { kind: ContainerToken, service: 172.18.0.3:44105 }, ExecutionType: GUARANTEED, ] for AM appattempt_1572633692428_0001_000001
nm_1        | 2019-11-01 18:43:12 INFO  DefaultContainerExecutor:634 - Deleting absolute path : /tmp/hadoop-hadoop/nm-local-dir/usercache/hadoop/appcache/application_1572633692428_0001/container_1572633692428_0001_01_000003/container_tokens
datanode_1  | 2019-11-01 18:42:01,100 INFO impl.RoleInfo: c9fa6d02-ad83-4f05-bd60-c91a2e11fed5: start LeaderState
datanode_3  | 2019-11-01 18:42:11,414 INFO impl.RaftServerImpl: fc6e3d61-3185-4b5b-9891-9633bbf9a0c7@group-4864856BD0C1: changes role from CANDIDATE to FOLLOWER at term 7 for DISCOVERED_A_NEW_TERM
datanode_2  | 2019-11-01 18:42:11,396 INFO impl.RaftServerImpl: 088170cf-fbe1-4de4-a229-471585172303@group-4864856BD0C1: changes role from CANDIDATE to FOLLOWER at term 7 for DISCOVERED_A_NEW_TERM
rm_1        | 2019-11-01 18:42:47 INFO  AMRMTokenSecretManager:195 - Create AMRMToken for ApplicationAttempt: appattempt_1572633692428_0001_000001
nm_1        | 2019-11-01 18:43:12 INFO  NMAuditLogger:94 - USER=hadoop	OPERATION=Container Finished - Succeeded	TARGET=ContainerImpl	RESULT=SUCCESS	APPID=application_1572633692428_0001	CONTAINERID=container_1572633692428_0001_01_000003
datanode_1  | 2019-11-01 18:42:01,100 INFO segmented.SegmentedRaftLogWorker: c9fa6d02-ad83-4f05-bd60-c91a2e11fed5@group-4864856BD0C1-SegmentedRaftLogWorker: Starting segment from index:0
datanode_3  | 2019-11-01 18:42:11,414 INFO impl.RoleInfo: fc6e3d61-3185-4b5b-9891-9633bbf9a0c7: shutdown LeaderElection
datanode_2  | 2019-11-01 18:42:11,396 INFO impl.RoleInfo: 088170cf-fbe1-4de4-a229-471585172303: shutdown LeaderElection
nm_1        | 2019-11-01 18:43:12 INFO  ContainerImpl:2126 - Container container_1572633692428_0001_01_000003 transitioned from EXITED_WITH_SUCCESS to DONE
rm_1        | 2019-11-01 18:42:47 INFO  AMRMTokenSecretManager:307 - Creating password for appattempt_1572633692428_0001_000001
datanode_1  | 2019-11-01 18:42:01,102 INFO impl.RaftServerImpl: c9fa6d02-ad83-4f05-bd60-c91a2e11fed5@group-4864856BD0C1: set configuration 0: [c9fa6d02-ad83-4f05-bd60-c91a2e11fed5:172.18.0.7:9858, 088170cf-fbe1-4de4-a229-471585172303:172.18.0.9:9858, fc6e3d61-3185-4b5b-9891-9633bbf9a0c7:172.18.0.8:9858], old=null at 0
datanode_3  | 2019-11-01 18:42:11,415 INFO impl.RoleInfo: fc6e3d61-3185-4b5b-9891-9633bbf9a0c7: start FollowerState
datanode_2  | 2019-11-01 18:42:11,398 INFO impl.RoleInfo: 088170cf-fbe1-4de4-a229-471585172303: start FollowerState
nm_1        | 2019-11-01 18:43:12 INFO  ApplicationImpl:512 - Removing container_1572633692428_0001_01_000003 from application application_1572633692428_0001
rm_1        | 2019-11-01 18:42:47 INFO  AMLauncher:130 - Done launching container Container: [ContainerId: container_1572633692428_0001_01_000001, AllocationRequestId: -1, Version: 0, NodeId: nm:44105, NodeHttpAddress: nm:8042, Resource: <memory:2048, vCores:1>, Priority: 0, Token: Token { kind: ContainerToken, service: 172.18.0.3:44105 }, ExecutionType: GUARANTEED, ] for AM appattempt_1572633692428_0001_000001
datanode_1  | 2019-11-01 18:42:01,181 INFO segmented.SegmentedRaftLogWorker: c9fa6d02-ad83-4f05-bd60-c91a2e11fed5@group-4864856BD0C1-SegmentedRaftLogWorker: created new log segment /data/metadata/ratis/60417242-a939-4f00-b561-4864856bd0c1/current/log_inprogress_0
datanode_3  | 2019-11-01 18:42:16,530 INFO impl.RaftServerImpl: fc6e3d61-3185-4b5b-9891-9633bbf9a0c7@group-4864856BD0C1: changes role from  FOLLOWER to FOLLOWER at term 8 for recognizeCandidate:c9fa6d02-ad83-4f05-bd60-c91a2e11fed5
datanode_2  | 2019-11-01 18:42:16,530 INFO impl.RaftServerImpl: 088170cf-fbe1-4de4-a229-471585172303@group-4864856BD0C1: changes role from  FOLLOWER to FOLLOWER at term 8 for recognizeCandidate:c9fa6d02-ad83-4f05-bd60-c91a2e11fed5
nm_1        | 2019-11-01 18:43:12 INFO  ContainersMonitorImpl:934 - Stopping resource-monitoring for container_1572633692428_0001_01_000003
rm_1        | 2019-11-01 18:42:47 INFO  RMAppAttemptImpl:927 - appattempt_1572633692428_0001_000001 State change from ALLOCATED to LAUNCHED on event = LAUNCHED
datanode_1  | 2019-11-01 18:42:01,189 INFO impl.RaftServerImpl: c9fa6d02-ad83-4f05-bd60-c91a2e11fed5@group-4864856BD0C1: change Leader from c9fa6d02-ad83-4f05-bd60-c91a2e11fed5 to null at term 5 for updateCurrentTerm
datanode_3  | 2019-11-01 18:42:16,531 INFO impl.RoleInfo: fc6e3d61-3185-4b5b-9891-9633bbf9a0c7: shutdown FollowerState
datanode_2  | 2019-11-01 18:42:16,531 INFO impl.RoleInfo: 088170cf-fbe1-4de4-a229-471585172303: shutdown FollowerState
nm_1        | 2019-11-01 18:43:12 INFO  AuxServices:350 - Got event CONTAINER_STOP for appId application_1572633692428_0001
rm_1        | 2019-11-01 18:42:47 INFO  RMContainerImpl:480 - container_1572633692428_0001_01_000001 Container Transitioned from ACQUIRED to RUNNING
datanode_1  | 2019-11-01 18:42:01,189 INFO impl.RaftServerImpl: c9fa6d02-ad83-4f05-bd60-c91a2e11fed5@group-4864856BD0C1: changes role from    LEADER to FOLLOWER at term 5 for stepDown
datanode_3  | 2019-11-01 18:42:16,531 INFO impl.FollowerState: fc6e3d61-3185-4b5b-9891-9633bbf9a0c7@group-4864856BD0C1-FollowerState was interrupted: java.lang.InterruptedException: sleep interrupted
datanode_2  | 2019-11-01 18:42:16,531 INFO impl.FollowerState: 088170cf-fbe1-4de4-a229-471585172303@group-4864856BD0C1-FollowerState was interrupted: java.lang.InterruptedException: sleep interrupted
nm_1        | 2019-11-01 18:43:14 INFO  Server:1845 - Auth successful for appattempt_1572633692428_0001_000001 (auth:SIMPLE)
datanode_1  | 2019-11-01 18:42:01,189 INFO impl.RoleInfo: c9fa6d02-ad83-4f05-bd60-c91a2e11fed5: shutdown LeaderState
rm_1        | 2019-11-01 18:42:57 INFO  Server:1845 - Auth successful for appattempt_1572633692428_0001_000001 (auth:SIMPLE)
datanode_3  | 2019-11-01 18:42:16,531 INFO impl.RoleInfo: fc6e3d61-3185-4b5b-9891-9633bbf9a0c7: start FollowerState
datanode_2  | 2019-11-01 18:42:16,531 INFO impl.RoleInfo: 088170cf-fbe1-4de4-a229-471585172303: start FollowerState
nm_1        | 2019-11-01 18:43:14 INFO  NodeStatusUpdaterImpl:696 - Removed completed containers from NM context: [container_1572633692428_0001_01_000003]
datanode_1  | 2019-11-01 18:42:01,191 WARN server.GrpcLogAppender: c9fa6d02-ad83-4f05-bd60-c91a2e11fed5@group-4864856BD0C1->088170cf-fbe1-4de4-a229-471585172303-GrpcLogAppender: Wait interrupted by java.lang.InterruptedException
rm_1        | 2019-11-01 18:42:57 INFO  DefaultAMSProcessor:127 - AM registration appattempt_1572633692428_0001_000001
datanode_3  | 2019-11-01 18:42:16,593 INFO impl.RaftServerImpl: fc6e3d61-3185-4b5b-9891-9633bbf9a0c7@group-4864856BD0C1: change Leader from null to c9fa6d02-ad83-4f05-bd60-c91a2e11fed5 at term 8 for appendEntries, leader elected after 37824ms
datanode_2  | 2019-11-01 18:42:16,593 INFO impl.RaftServerImpl: 088170cf-fbe1-4de4-a229-471585172303@group-4864856BD0C1: change Leader from null to c9fa6d02-ad83-4f05-bd60-c91a2e11fed5 at term 8 for appendEntries, leader elected after 15386ms
nm_1        | 2019-11-01 18:43:14 INFO  ContainerManagerImpl:1070 - Start request for container_1572633692428_0001_01_000004 by user hadoop
datanode_1  | 2019-11-01 18:42:01,191 WARN server.GrpcLogAppender: c9fa6d02-ad83-4f05-bd60-c91a2e11fed5@group-4864856BD0C1->fc6e3d61-3185-4b5b-9891-9633bbf9a0c7-GrpcLogAppender: Wait interrupted by java.lang.InterruptedException
rm_1        | 2019-11-01 18:42:57 INFO  RMAuditLogger:294 - USER=hadoop	IP=172.18.0.3	OPERATION=Register App Master	TARGET=ApplicationMasterService	RESULT=SUCCESS	APPID=application_1572633692428_0001	APPATTEMPTID=appattempt_1572633692428_0001_000001
datanode_3  | 2019-11-01 18:42:16,596 INFO impl.RaftServerImpl: fc6e3d61-3185-4b5b-9891-9633bbf9a0c7@group-4864856BD0C1: Failed appendEntries as previous log entry ((t:4, i:0)) is not found
datanode_2  | 2019-11-01 18:42:16,632 INFO impl.RaftServerImpl: 088170cf-fbe1-4de4-a229-471585172303@group-4864856BD0C1: set configuration 1: [c9fa6d02-ad83-4f05-bd60-c91a2e11fed5:172.18.0.7:9858, 088170cf-fbe1-4de4-a229-471585172303:172.18.0.9:9858, fc6e3d61-3185-4b5b-9891-9633bbf9a0c7:172.18.0.8:9858], old=null at 1
nm_1        | 2019-11-01 18:43:14 INFO  NMAuditLogger:94 - USER=hadoop	IP=172.18.0.3	OPERATION=Start Container Request	TARGET=ContainerManageImpl	RESULT=SUCCESS	APPID=application_1572633692428_0001	CONTAINERID=container_1572633692428_0001_01_000004
rm_1        | 2019-11-01 18:42:57 INFO  RMAppAttemptImpl:927 - appattempt_1572633692428_0001_000001 State change from LAUNCHED to RUNNING on event = REGISTERED
datanode_3  | 2019-11-01 18:42:16,597 INFO impl.RaftServerImpl: fc6e3d61-3185-4b5b-9891-9633bbf9a0c7@group-4864856BD0C1: inconsistency entries. Reply:c9fa6d02-ad83-4f05-bd60-c91a2e11fed5<-fc6e3d61-3185-4b5b-9891-9633bbf9a0c7#0:FAIL,INCONSISTENCY,nextIndex:0,term:8,followerCommit:-1
datanode_1  | 2019-11-01 18:42:01,192 INFO impl.PendingRequests: c9fa6d02-ad83-4f05-bd60-c91a2e11fed5@group-4864856BD0C1-PendingRequests: sendNotLeaderResponses
datanode_2  | 2019-11-01 18:42:16,634 INFO segmented.SegmentedRaftLogWorker: 088170cf-fbe1-4de4-a229-471585172303@group-4864856BD0C1-SegmentedRaftLogWorker: Rolling segment log-0_0 to index:0
rm_1        | 2019-11-01 18:42:57 INFO  RMAppImpl:912 - application_1572633692428_0001 State change from ACCEPTED to RUNNING on event = ATTEMPT_REGISTERED
datanode_3  | 2019-11-01 18:42:16,633 INFO impl.RaftServerImpl: fc6e3d61-3185-4b5b-9891-9633bbf9a0c7@group-4864856BD0C1: set configuration 0: [c9fa6d02-ad83-4f05-bd60-c91a2e11fed5:172.18.0.7:9858, 088170cf-fbe1-4de4-a229-471585172303:172.18.0.9:9858, fc6e3d61-3185-4b5b-9891-9633bbf9a0c7:172.18.0.8:9858], old=null at 0
nm_1        | 2019-11-01 18:43:14 INFO  ApplicationImpl:463 - Adding container_1572633692428_0001_01_000004 to application application_1572633692428_0001
datanode_1  | 2019-11-01 18:42:01,193 INFO impl.RoleInfo: c9fa6d02-ad83-4f05-bd60-c91a2e11fed5: start FollowerState
datanode_2  | 2019-11-01 18:42:16,648 INFO segmented.SegmentedRaftLogWorker: 088170cf-fbe1-4de4-a229-471585172303@group-4864856BD0C1-SegmentedRaftLogWorker: Rolled log segment from /data/metadata/ratis/60417242-a939-4f00-b561-4864856bd0c1/current/log_inprogress_0 to /data/metadata/ratis/60417242-a939-4f00-b561-4864856bd0c1/current/log_0-0
rm_1        | 2019-11-01 18:43:00 INFO  AbstractContainerAllocator:129 - assignedContainer application attempt=appattempt_1572633692428_0001_000001 container=null queue=default clusterResource=<memory:8192, vCores:8> type=RACK_LOCAL requestedPartition=
datanode_3  | 2019-11-01 18:42:16,633 INFO segmented.SegmentedRaftLogWorker: fc6e3d61-3185-4b5b-9891-9633bbf9a0c7@group-4864856BD0C1-SegmentedRaftLogWorker: Starting segment from index:0
datanode_1  | 2019-11-01 18:42:01,197 INFO server.GrpcLogAppender: c9fa6d02-ad83-4f05-bd60-c91a2e11fed5@group-4864856BD0C1->fc6e3d61-3185-4b5b-9891-9633bbf9a0c7-AppendLogResponseHandler: follower responses appendEntries COMPLETED
nm_1        | 2019-11-01 18:43:14 INFO  ContainerImpl:2126 - Container container_1572633692428_0001_01_000004 transitioned from NEW to LOCALIZING
datanode_2  | 2019-11-01 18:42:16,698 INFO segmented.SegmentedRaftLogWorker: 088170cf-fbe1-4de4-a229-471585172303@group-4864856BD0C1-SegmentedRaftLogWorker: created new log segment /data/metadata/ratis/60417242-a939-4f00-b561-4864856bd0c1/current/log_inprogress_1
rm_1        | 2019-11-01 18:43:00 INFO  RMContainerImpl:480 - container_1572633692428_0001_01_000002 Container Transitioned from NEW to ALLOCATED
datanode_3  | 2019-11-01 18:42:16,637 INFO impl.RaftServerImpl: fc6e3d61-3185-4b5b-9891-9633bbf9a0c7@group-4864856BD0C1: set configuration 1: [c9fa6d02-ad83-4f05-bd60-c91a2e11fed5:172.18.0.7:9858, 088170cf-fbe1-4de4-a229-471585172303:172.18.0.9:9858, fc6e3d61-3185-4b5b-9891-9633bbf9a0c7:172.18.0.8:9858], old=null at 1
datanode_1  | 2019-11-01 18:42:01,198 INFO server.GrpcLogAppender: c9fa6d02-ad83-4f05-bd60-c91a2e11fed5@group-4864856BD0C1->088170cf-fbe1-4de4-a229-471585172303-AppendLogResponseHandler: follower responses appendEntries COMPLETED
nm_1        | 2019-11-01 18:43:14 INFO  AuxServices:350 - Got event CONTAINER_INIT for appId application_1572633692428_0001
rm_1        | 2019-11-01 18:43:00 INFO  FiCaSchedulerNode:169 - Assigned container container_1572633692428_0001_01_000002 of capacity <memory:4096, vCores:1> on host nm:44105, which has 2 containers, <memory:6144, vCores:2> used and <memory:2048, vCores:6> available after allocation
datanode_3  | 2019-11-01 18:42:16,638 INFO segmented.SegmentedRaftLogWorker: fc6e3d61-3185-4b5b-9891-9633bbf9a0c7@group-4864856BD0C1-SegmentedRaftLogWorker: Rolling segment log-0_0 to index:0
datanode_1  | 2019-11-01 18:42:01,205 INFO impl.RaftServerImpl: c9fa6d02-ad83-4f05-bd60-c91a2e11fed5@group-4864856BD0C1: changes role from  FOLLOWER to FOLLOWER at term 5 for recognizeCandidate:fc6e3d61-3185-4b5b-9891-9633bbf9a0c7
nm_1        | 2019-11-01 18:43:14 INFO  AuxServices:350 - Got event APPLICATION_INIT for appId application_1572633692428_0001
rm_1        | 2019-11-01 18:43:00 INFO  RMAuditLogger:231 - USER=hadoop	OPERATION=AM Allocated Container	TARGET=SchedulerApp	RESULT=SUCCESS	APPID=application_1572633692428_0001	CONTAINERID=container_1572633692428_0001_01_000002	RESOURCE=<memory:4096, vCores:1>	QUEUENAME=default
datanode_1  | 2019-11-01 18:42:01,205 INFO impl.RoleInfo: c9fa6d02-ad83-4f05-bd60-c91a2e11fed5: shutdown FollowerState
nm_1        | 2019-11-01 18:43:14 INFO  AuxServices:354 - Got APPLICATION_INIT for service mapreduce_shuffle
rm_1        | 2019-11-01 18:43:00 INFO  ParentQueue:1340 - assignedContainer queue=root usedCapacity=0.75 absoluteUsedCapacity=0.75 used=<memory:6144, vCores:2> cluster=<memory:8192, vCores:8>
datanode_3  | 2019-11-01 18:42:16,674 INFO segmented.SegmentedRaftLogWorker: fc6e3d61-3185-4b5b-9891-9633bbf9a0c7@group-4864856BD0C1-SegmentedRaftLogWorker: created new log segment /data/metadata/ratis/60417242-a939-4f00-b561-4864856bd0c1/current/log_inprogress_0
nm_1        | 2019-11-01 18:43:14 INFO  ShuffleHandler:719 - Added token for job_1572633692428_0001
datanode_1  | 2019-11-01 18:42:01,206 INFO impl.RoleInfo: c9fa6d02-ad83-4f05-bd60-c91a2e11fed5: start FollowerState
rm_1        | 2019-11-01 18:43:00 INFO  CapacityScheduler:2894 - Allocation proposal accepted
nm_1        | 2019-11-01 18:43:14 INFO  ContainerImpl:2126 - Container container_1572633692428_0001_01_000004 transitioned from LOCALIZING to SCHEDULED
datanode_1  | 2019-11-01 18:42:01,206 INFO impl.FollowerState: c9fa6d02-ad83-4f05-bd60-c91a2e11fed5@group-4864856BD0C1-FollowerState was interrupted: java.lang.InterruptedException: sleep interrupted
datanode_3  | 2019-11-01 18:42:16,697 INFO segmented.SegmentedRaftLogWorker: fc6e3d61-3185-4b5b-9891-9633bbf9a0c7@group-4864856BD0C1-SegmentedRaftLogWorker: Rolled log segment from /data/metadata/ratis/60417242-a939-4f00-b561-4864856bd0c1/current/log_inprogress_0 to /data/metadata/ratis/60417242-a939-4f00-b561-4864856bd0c1/current/log_0-0
rm_1        | 2019-11-01 18:43:00 INFO  NMTokenSecretManagerInRM:200 - Sending NMToken for nodeId : nm:44105 for container : container_1572633692428_0001_01_000002
datanode_1  | 2019-11-01 18:42:01,232 INFO impl.FollowerInfo: c9fa6d02-ad83-4f05-bd60-c91a2e11fed5@group-4864856BD0C1->fc6e3d61-3185-4b5b-9891-9633bbf9a0c7: nextIndex: updateUnconditionally 0 -> 0
nm_1        | 2019-11-01 18:43:14 INFO  ContainerScheduler:511 - Starting container [container_1572633692428_0001_01_000004]
datanode_3  | 2019-11-01 18:42:16,741 INFO segmented.SegmentedRaftLogWorker: fc6e3d61-3185-4b5b-9891-9633bbf9a0c7@group-4864856BD0C1-SegmentedRaftLogWorker: created new log segment /data/metadata/ratis/60417242-a939-4f00-b561-4864856bd0c1/current/log_inprogress_1
rm_1        | 2019-11-01 18:43:00 INFO  RMContainerImpl:480 - container_1572633692428_0001_01_000002 Container Transitioned from ALLOCATED to ACQUIRED
datanode_1  | 2019-11-01 18:42:01,232 INFO impl.FollowerInfo: c9fa6d02-ad83-4f05-bd60-c91a2e11fed5@group-4864856BD0C1->088170cf-fbe1-4de4-a229-471585172303: nextIndex: updateUnconditionally 1 -> 0
nm_1        | 2019-11-01 18:43:14 INFO  Configuration:3318 - Removed undeclared tags:
rm_1        | 2019-11-01 18:43:01 INFO  RMContainerImpl:480 - container_1572633692428_0001_01_000002 Container Transitioned from ACQUIRED to RUNNING
nm_1        | 2019-11-01 18:43:14 INFO  ContainerImpl:2126 - Container container_1572633692428_0001_01_000004 transitioned from SCHEDULED to RUNNING
datanode_1  | 2019-11-01 18:42:06,165 INFO impl.RaftServerImpl: c9fa6d02-ad83-4f05-bd60-c91a2e11fed5@group-4864856BD0C1: changes role from  FOLLOWER to FOLLOWER at term 6 for recognizeCandidate:fc6e3d61-3185-4b5b-9891-9633bbf9a0c7
rm_1        | 2019-11-01 18:43:06 INFO  RMContainerImpl:480 - container_1572633692428_0001_01_000002 Container Transitioned from RUNNING to COMPLETED
nm_1        | 2019-11-01 18:43:14 INFO  ContainersMonitorImpl:943 - Starting resource-monitoring for container_1572633692428_0001_01_000004
datanode_1  | 2019-11-01 18:42:06,165 INFO impl.RoleInfo: c9fa6d02-ad83-4f05-bd60-c91a2e11fed5: shutdown FollowerState
nm_1        | 2019-11-01 18:43:14 INFO  DefaultContainerExecutor:370 - launchContainer: [bash, /tmp/hadoop-hadoop/nm-local-dir/usercache/hadoop/appcache/application_1572633692428_0001/container_1572633692428_0001_01_000004/default_container_executor.sh]
datanode_1  | 2019-11-01 18:42:06,165 INFO impl.FollowerState: c9fa6d02-ad83-4f05-bd60-c91a2e11fed5@group-4864856BD0C1-FollowerState was interrupted: java.lang.InterruptedException: sleep interrupted
rm_1        | 2019-11-01 18:43:06 INFO  RMAuditLogger:231 - USER=hadoop	OPERATION=AM Released Container	TARGET=SchedulerApp	RESULT=SUCCESS	APPID=application_1572633692428_0001	CONTAINERID=container_1572633692428_0001_01_000002	RESOURCE=<memory:4096, vCores:1>	QUEUENAME=default
nm_1        | 2019-11-01 18:43:15 INFO  ContainersMonitorImpl:567 - container_1572633692428_0001_01_000004's ip = 172.18.0.3, and hostname = nm
rm_1        | 2019-11-01 18:43:07 INFO  AbstractContainerAllocator:129 - assignedContainer application attempt=appattempt_1572633692428_0001_000001 container=null queue=default clusterResource=<memory:8192, vCores:8> type=RACK_LOCAL requestedPartition=
nm_1        | 2019-11-01 18:43:18 INFO  ContainersMonitorImpl:468 - Skipping monitoring container container_1572633692428_0001_01_000004 since CPU usage is not yet available.
datanode_1  | 2019-11-01 18:42:06,165 INFO impl.RoleInfo: c9fa6d02-ad83-4f05-bd60-c91a2e11fed5: start FollowerState
rm_1        | 2019-11-01 18:43:07 INFO  RMContainerImpl:480 - container_1572633692428_0001_01_000003 Container Transitioned from NEW to ALLOCATED
nm_1        | 2019-11-01 18:43:19 INFO  ContainerLaunch:589 - Container container_1572633692428_0001_01_000004 succeeded 
datanode_1  | 2019-11-01 18:42:11,338 INFO impl.FollowerState: c9fa6d02-ad83-4f05-bd60-c91a2e11fed5@group-4864856BD0C1-FollowerState: change to CANDIDATE, lastRpcTime:5172ms, electionTimeout:5171ms
rm_1        | 2019-11-01 18:43:07 INFO  FiCaSchedulerNode:169 - Assigned container container_1572633692428_0001_01_000003 of capacity <memory:4096, vCores:1> on host nm:44105, which has 2 containers, <memory:6144, vCores:2> used and <memory:2048, vCores:6> available after allocation
nm_1        | 2019-11-01 18:43:19 INFO  ContainerImpl:2126 - Container container_1572633692428_0001_01_000004 transitioned from RUNNING to EXITED_WITH_SUCCESS
datanode_1  | 2019-11-01 18:42:11,339 INFO impl.RoleInfo: c9fa6d02-ad83-4f05-bd60-c91a2e11fed5: shutdown FollowerState
rm_1        | 2019-11-01 18:43:07 INFO  RMAuditLogger:231 - USER=hadoop	OPERATION=AM Allocated Container	TARGET=SchedulerApp	RESULT=SUCCESS	APPID=application_1572633692428_0001	CONTAINERID=container_1572633692428_0001_01_000003	RESOURCE=<memory:4096, vCores:1>	QUEUENAME=default
nm_1        | 2019-11-01 18:43:19 INFO  ContainerLaunch:745 - Cleaning up container container_1572633692428_0001_01_000004
datanode_1  | 2019-11-01 18:42:11,339 INFO impl.RaftServerImpl: c9fa6d02-ad83-4f05-bd60-c91a2e11fed5@group-4864856BD0C1: changes role from  FOLLOWER to CANDIDATE at term 6 for changeToCandidate
rm_1        | 2019-11-01 18:43:07 INFO  ParentQueue:1340 - assignedContainer queue=root usedCapacity=0.75 absoluteUsedCapacity=0.75 used=<memory:6144, vCores:2> cluster=<memory:8192, vCores:8>
nm_1        | 2019-11-01 18:43:19 INFO  Configuration:3318 - Removed undeclared tags:
datanode_1  | 2019-11-01 18:42:11,339 INFO impl.RoleInfo: c9fa6d02-ad83-4f05-bd60-c91a2e11fed5: start LeaderElection
rm_1        | 2019-11-01 18:43:07 INFO  CapacityScheduler:2894 - Allocation proposal accepted
nm_1        | 2019-11-01 18:43:19 INFO  DefaultContainerExecutor:634 - Deleting absolute path : /tmp/hadoop-hadoop/nm-local-dir/usercache/hadoop/appcache/application_1572633692428_0001/container_1572633692428_0001_01_000004/launch_container.sh
datanode_1  | 2019-11-01 18:42:11,366 INFO impl.LeaderElection: c9fa6d02-ad83-4f05-bd60-c91a2e11fed5@group-4864856BD0C1-LeaderElection6: begin an election at term 7 for 0: [c9fa6d02-ad83-4f05-bd60-c91a2e11fed5:172.18.0.7:9858, 088170cf-fbe1-4de4-a229-471585172303:172.18.0.9:9858, fc6e3d61-3185-4b5b-9891-9633bbf9a0c7:172.18.0.8:9858], old=null
rm_1        | 2019-11-01 18:43:07 INFO  RMContainerImpl:480 - container_1572633692428_0001_01_000003 Container Transitioned from ALLOCATED to ACQUIRED
datanode_1  | 2019-11-01 18:42:11,437 INFO impl.LeaderElection: c9fa6d02-ad83-4f05-bd60-c91a2e11fed5@group-4864856BD0C1-LeaderElection6: Election REJECTED; received 2 response(s) [c9fa6d02-ad83-4f05-bd60-c91a2e11fed5<-088170cf-fbe1-4de4-a229-471585172303#0:FAIL-t7, c9fa6d02-ad83-4f05-bd60-c91a2e11fed5<-fc6e3d61-3185-4b5b-9891-9633bbf9a0c7#0:FAIL-t7] and 0 exception(s); c9fa6d02-ad83-4f05-bd60-c91a2e11fed5@group-4864856BD0C1:t7, leader=null, voted=c9fa6d02-ad83-4f05-bd60-c91a2e11fed5, raftlog=c9fa6d02-ad83-4f05-bd60-c91a2e11fed5@group-4864856BD0C1-SegmentedRaftLog:OPENED:c-1,f0,i0, conf=0: [c9fa6d02-ad83-4f05-bd60-c91a2e11fed5:172.18.0.7:9858, 088170cf-fbe1-4de4-a229-471585172303:172.18.0.9:9858, fc6e3d61-3185-4b5b-9891-9633bbf9a0c7:172.18.0.8:9858], old=null
nm_1        | 2019-11-01 18:43:19 INFO  DefaultContainerExecutor:634 - Deleting absolute path : /tmp/hadoop-hadoop/nm-local-dir/usercache/hadoop/appcache/application_1572633692428_0001/container_1572633692428_0001_01_000004/container_tokens
rm_1        | 2019-11-01 18:43:08 INFO  RMContainerImpl:480 - container_1572633692428_0001_01_000003 Container Transitioned from ACQUIRED to RUNNING
datanode_1  | 2019-11-01 18:42:11,437 INFO impl.RaftServerImpl: c9fa6d02-ad83-4f05-bd60-c91a2e11fed5@group-4864856BD0C1: changes role from CANDIDATE to FOLLOWER at term 7 for DISCOVERED_A_NEW_TERM
nm_1        | 2019-11-01 18:43:19 INFO  NMAuditLogger:94 - USER=hadoop	OPERATION=Container Finished - Succeeded	TARGET=ContainerImpl	RESULT=SUCCESS	APPID=application_1572633692428_0001	CONTAINERID=container_1572633692428_0001_01_000004
rm_1        | 2019-11-01 18:43:12 INFO  RMContainerImpl:480 - container_1572633692428_0001_01_000003 Container Transitioned from RUNNING to COMPLETED
datanode_1  | 2019-11-01 18:42:11,438 INFO impl.RoleInfo: c9fa6d02-ad83-4f05-bd60-c91a2e11fed5: shutdown LeaderElection
nm_1        | 2019-11-01 18:43:19 INFO  ContainerImpl:2126 - Container container_1572633692428_0001_01_000004 transitioned from EXITED_WITH_SUCCESS to DONE
rm_1        | 2019-11-01 18:43:12 INFO  RMAuditLogger:231 - USER=hadoop	OPERATION=AM Released Container	TARGET=SchedulerApp	RESULT=SUCCESS	APPID=application_1572633692428_0001	CONTAINERID=container_1572633692428_0001_01_000003	RESOURCE=<memory:4096, vCores:1>	QUEUENAME=default
datanode_1  | 2019-11-01 18:42:11,438 INFO impl.RoleInfo: c9fa6d02-ad83-4f05-bd60-c91a2e11fed5: start FollowerState
