nm_1        | 2019-10-24 03:47:21 INFO  LocalizedResource:203 - Resource o3fs://bucket1.vol1/user/hadoop/.staging/job_1571888776416_0001/job.splitmetainfo(->/tmp/hadoop-hadoop/nm-local-dir/usercache/hadoop/appcache/application_1571888776416_0001/filecache/10/job.splitmetainfo) transitioned from DOWNLOADING to LOCALIZED
datanode_3  | 2019-10-24 03:46:25,643 INFO server.RaftServerConfigKeys: raft.server.log.statemachine.data.sync.timeout.retry = -1 (default)
datanode_1  | 2019-10-24 03:46:25,683 WARN impl.MetricRegistriesImpl: First MetricRegistry has been created without registering reporters. You may need to call MetricRegistries.global().addReportRegistration(...) before.
datanode_2  | 2019-10-24 03:46:25,660 INFO server.RaftServerConfigKeys: raft.server.log.statemachine.data.sync = true (default)
rm_1        | 2019-10-24 03:46:17 INFO  log:67 - jetty-6.1.26
nm_1        | 2019-10-24 03:47:21 INFO  LocalizedResource:203 - Resource o3fs://bucket1.vol1/user/hadoop/.staging/job_1571888776416_0001/job.jar(->/tmp/hadoop-hadoop/nm-local-dir/usercache/hadoop/appcache/application_1571888776416_0001/filecache/11/job.jar) transitioned from DOWNLOADING to LOCALIZED
datanode_1  | 2019-10-24 03:46:25,683 INFO impl.RaftServerImpl: 9ebd3561-edd5-4f98-969a-40c0c164f3c8@group-B0B521E419AA: start as a follower, conf=-1: [9ebd3561-edd5-4f98-969a-40c0c164f3c8:172.18.0.9:9858, c29b7ccb-43e0-45dc-9444-d2e125a65190:172.18.0.7:9858, c694afe4-e140-4da1-b2c4-f6a94b8c8178:172.18.0.6:9858], old=null
datanode_3  | 2019-10-24 03:46:25,644 INFO server.RaftServerConfigKeys: raft.server.log.statemachine.data.caching.enabled = true (custom)
datanode_2  | 2019-10-24 03:46:25,661 INFO server.RaftServerConfigKeys: raft.server.log.statemachine.data.sync.timeout = 10s (default)
rm_1        | 2019-10-24 03:46:17 INFO  log:67 - Extract jar:file:/opt/hadoop/share/hadoop/yarn/hadoop-yarn-common-2.7.7.jar!/webapps/cluster to /tmp/Jetty_rm_8088_cluster____oilmo9/webapp
nm_1        | 2019-10-24 03:47:22 INFO  LocalizedResource:203 - Resource o3fs://bucket1.vol1/user/hadoop/.staging/job_1571888776416_0001/job.split(->/tmp/hadoop-hadoop/nm-local-dir/usercache/hadoop/appcache/application_1571888776416_0001/filecache/12/job.split) transitioned from DOWNLOADING to LOCALIZED
datanode_1  | 2019-10-24 03:46:25,683 INFO impl.RaftServerImpl: 9ebd3561-edd5-4f98-969a-40c0c164f3c8@group-B0B521E419AA: changes role from      null to FOLLOWER at term 0 for startAsFollower
datanode_3  | 2019-10-24 03:46:25,655 INFO segmented.SegmentedRaftLogWorker: c29b7ccb-43e0-45dc-9444-d2e125a65190@group-B0B521E419AA-SegmentedRaftLogWorker: flushIndex: setUnconditionally 0 -> -1
datanode_2  | 2019-10-24 03:46:25,661 INFO server.RaftServerConfigKeys: raft.server.log.statemachine.data.sync.timeout.retry = -1 (default)
rm_1        | 2019-10-24 03:46:18 INFO  AbstractDelegationTokenSecretManager:326 - Updating the current master key for generating delegation tokens
datanode_1  | 2019-10-24 03:46:25,684 INFO impl.RoleInfo: 9ebd3561-edd5-4f98-969a-40c0c164f3c8: start FollowerState
nm_1        | 2019-10-24 03:47:22 INFO  LocalizedResource:203 - Resource o3fs://bucket1.vol1/user/hadoop/.staging/job_1571888776416_0001/job.xml(->/tmp/hadoop-hadoop/nm-local-dir/usercache/hadoop/appcache/application_1571888776416_0001/filecache/13/job.xml) transitioned from DOWNLOADING to LOCALIZED
datanode_3  | 2019-10-24 03:46:25,656 INFO server.RaftServerConfigKeys: raft.server.snapshot.auto.trigger.enabled = true (custom)
datanode_2  | 2019-10-24 03:46:25,661 INFO server.RaftServerConfigKeys: raft.server.log.statemachine.data.caching.enabled = true (custom)
rm_1        | 2019-10-24 03:46:18 INFO  AbstractDelegationTokenSecretManager:644 - Starting expired delegation token remover thread, tokenRemoverScanInterval=60 min(s)
datanode_1  | 2019-10-24 03:46:25,685 INFO util.JmxRegister: Successfully registered JMX Bean with object name Ratis:service=RaftServer,group=group-B0B521E419AA,id=9ebd3561-edd5-4f98-969a-40c0c164f3c8
datanode_2  | 2019-10-24 03:46:25,661 INFO segmented.SegmentedRaftLogWorker: c694afe4-e140-4da1-b2c4-f6a94b8c8178@group-B0B521E419AA-SegmentedRaftLogWorker: flushIndex: setUnconditionally 0 -> -1
rm_1        | 2019-10-24 03:46:18 INFO  AbstractDelegationTokenSecretManager:326 - Updating the current master key for generating delegation tokens
nm_1        | 2019-10-24 03:47:22 INFO  ContainerImpl:1135 - Container container_1571888776416_0001_01_000001 transitioned from LOCALIZING to LOCALIZED
datanode_3  | 2019-10-24 03:46:25,656 INFO server.RaftServerConfigKeys: raft.server.snapshot.auto.trigger.threshold = 10000 (custom)
datanode_1  | 2019-10-24 03:46:25,685 WARN impl.MetricRegistriesImpl: First MetricRegistry has been created without registering reporters. You may need to call MetricRegistries.global().addReportRegistration(...) before.
datanode_2  | 2019-10-24 03:46:25,662 INFO server.RaftServerConfigKeys: raft.server.snapshot.auto.trigger.enabled = true (custom)
rm_1        | Oct 24, 2019 3:46:18 AM com.sun.jersey.guice.spi.container.GuiceComponentProviderFactory register
nm_1        | 2019-10-24 03:47:22 INFO  ContainerImpl:1135 - Container container_1571888776416_0001_01_000001 transitioned from LOCALIZED to RUNNING
datanode_3  | 2019-10-24 03:46:25,656 INFO server.RaftServerConfigKeys: raft.server.snapshot.retention.file.num = 5 (custom)
datanode_1  | 2019-10-24 03:46:30,003 INFO impl.FollowerState: 9ebd3561-edd5-4f98-969a-40c0c164f3c8@group-A9D68DB3083E-FollowerState: change to CANDIDATE, lastRpcTime:5165ms, electionTimeout:5164ms
datanode_2  | 2019-10-24 03:46:25,662 INFO server.RaftServerConfigKeys: raft.server.snapshot.auto.trigger.threshold = 10000 (custom)
nm_1        | 2019-10-24 03:47:22 INFO  ContainersMonitorImpl:196 - Neither virutal-memory nor physical-memory monitoring is needed. Not running the monitor-thread
datanode_3  | 2019-10-24 03:46:25,656 INFO server.RaftServerConfigKeys: raft.server.retrycache.expirytime = 600000ms (custom)
rm_1        | INFO: Registering org.apache.hadoop.yarn.server.resourcemanager.webapp.JAXBContextResolver as a provider class
nm_1        | 2019-10-24 03:47:22 INFO  DefaultContainerExecutor:268 - launchContainer: [bash, /tmp/hadoop-hadoop/nm-local-dir/usercache/hadoop/appcache/application_1571888776416_0001/container_1571888776416_0001_01_000001/default_container_executor.sh]
datanode_2  | 2019-10-24 03:46:25,662 INFO server.RaftServerConfigKeys: raft.server.snapshot.retention.file.num = 5 (custom)
datanode_1  | 2019-10-24 03:46:30,005 INFO impl.RoleInfo: 9ebd3561-edd5-4f98-969a-40c0c164f3c8: shutdown FollowerState
datanode_3  | 2019-10-24 03:46:25,656 WARN impl.MetricRegistriesImpl: First MetricRegistry has been created without registering reporters. You may need to call MetricRegistries.global().addReportRegistration(...) before.
rm_1        | Oct 24, 2019 3:46:18 AM com.sun.jersey.guice.spi.container.GuiceComponentProviderFactory register
nm_1        | 2019-10-24 03:47:38 INFO  Server:1454 - Auth successful for appattempt_1571888776416_0001_000001 (auth:SIMPLE)
datanode_1  | 2019-10-24 03:46:30,005 INFO impl.RaftServerImpl: 9ebd3561-edd5-4f98-969a-40c0c164f3c8@group-A9D68DB3083E: changes role from  FOLLOWER to CANDIDATE at term 0 for changeToCandidate
datanode_2  | 2019-10-24 03:46:25,663 INFO server.RaftServerConfigKeys: raft.server.retrycache.expirytime = 600000ms (custom)
datanode_3  | 2019-10-24 03:46:25,656 WARN impl.MetricRegistriesImpl: First MetricRegistry has been created without registering reporters. You may need to call MetricRegistries.global().addReportRegistration(...) before.
rm_1        | INFO: Registering org.apache.hadoop.yarn.server.resourcemanager.webapp.RMWebServices as a root resource class
nm_1        | 2019-10-24 03:47:38 INFO  ContainerManagerImpl:810 - Start request for container_1571888776416_0001_01_000002 by user hadoop
datanode_1  | 2019-10-24 03:46:30,008 INFO impl.RoleInfo: 9ebd3561-edd5-4f98-969a-40c0c164f3c8: start LeaderElection
datanode_2  | 2019-10-24 03:46:25,663 WARN impl.MetricRegistriesImpl: First MetricRegistry has been created without registering reporters. You may need to call MetricRegistries.global().addReportRegistration(...) before.
datanode_3  | 2019-10-24 03:46:25,657 INFO impl.RaftServerImpl: c29b7ccb-43e0-45dc-9444-d2e125a65190@group-B0B521E419AA: start as a follower, conf=-1: [9ebd3561-edd5-4f98-969a-40c0c164f3c8:172.18.0.9:9858, c29b7ccb-43e0-45dc-9444-d2e125a65190:172.18.0.7:9858, c694afe4-e140-4da1-b2c4-f6a94b8c8178:172.18.0.6:9858], old=null
rm_1        | Oct 24, 2019 3:46:18 AM com.sun.jersey.guice.spi.container.GuiceComponentProviderFactory register
nm_1        | 2019-10-24 03:47:38 INFO  NMAuditLogger:89 - USER=hadoop	IP=172.18.0.4	OPERATION=Start Container Request	TARGET=ContainerManageImpl	RESULT=SUCCESS	APPID=application_1571888776416_0001	CONTAINERID=container_1571888776416_0001_01_000002
datanode_1  | 2019-10-24 03:46:30,040 INFO impl.LeaderElection: 9ebd3561-edd5-4f98-969a-40c0c164f3c8@group-A9D68DB3083E-LeaderElection1: begin an election at term 1 for -1: [9ebd3561-edd5-4f98-969a-40c0c164f3c8:172.18.0.9:9858], old=null
datanode_2  | 2019-10-24 03:46:25,663 WARN impl.MetricRegistriesImpl: First MetricRegistry has been created without registering reporters. You may need to call MetricRegistries.global().addReportRegistration(...) before.
datanode_3  | 2019-10-24 03:46:25,657 INFO impl.RaftServerImpl: c29b7ccb-43e0-45dc-9444-d2e125a65190@group-B0B521E419AA: changes role from      null to FOLLOWER at term 0 for startAsFollower
rm_1        | INFO: Registering org.apache.hadoop.yarn.webapp.GenericExceptionHandler as a provider class
nm_1        | 2019-10-24 03:47:38 INFO  ApplicationImpl:304 - Adding container_1571888776416_0001_01_000002 to application application_1571888776416_0001
datanode_2  | 2019-10-24 03:46:25,663 INFO impl.RaftServerImpl: c694afe4-e140-4da1-b2c4-f6a94b8c8178@group-B0B521E419AA: start as a follower, conf=-1: [9ebd3561-edd5-4f98-969a-40c0c164f3c8:172.18.0.9:9858, c29b7ccb-43e0-45dc-9444-d2e125a65190:172.18.0.7:9858, c694afe4-e140-4da1-b2c4-f6a94b8c8178:172.18.0.6:9858], old=null
datanode_1  | 2019-10-24 03:46:30,041 INFO impl.RoleInfo: 9ebd3561-edd5-4f98-969a-40c0c164f3c8: shutdown LeaderElection
datanode_3  | 2019-10-24 03:46:25,657 INFO impl.RoleInfo: c29b7ccb-43e0-45dc-9444-d2e125a65190: start FollowerState
datanode_2  | 2019-10-24 03:46:25,664 INFO impl.RaftServerImpl: c694afe4-e140-4da1-b2c4-f6a94b8c8178@group-B0B521E419AA: changes role from      null to FOLLOWER at term 0 for startAsFollower
rm_1        | Oct 24, 2019 3:46:18 AM com.sun.jersey.server.impl.application.WebApplicationImpl _initiate
datanode_3  | 2019-10-24 03:46:25,658 INFO util.JmxRegister: Successfully registered JMX Bean with object name Ratis:service=RaftServer,group=group-B0B521E419AA,id=c29b7ccb-43e0-45dc-9444-d2e125a65190
datanode_1  | 2019-10-24 03:46:30,041 INFO impl.RaftServerImpl: 9ebd3561-edd5-4f98-969a-40c0c164f3c8@group-A9D68DB3083E: changes role from CANDIDATE to LEADER at term 1 for changeToLeader
datanode_2  | 2019-10-24 03:46:25,664 INFO impl.RoleInfo: c694afe4-e140-4da1-b2c4-f6a94b8c8178: start FollowerState
rm_1        | INFO: Initiating Jersey application, version 'Jersey: 1.9 09/02/2011 11:17 AM'
datanode_3  | 2019-10-24 03:46:25,658 WARN impl.MetricRegistriesImpl: First MetricRegistry has been created without registering reporters. You may need to call MetricRegistries.global().addReportRegistration(...) before.
nm_1        | 2019-10-24 03:47:38 INFO  ContainerImpl:1135 - Container container_1571888776416_0001_01_000002 transitioned from NEW to LOCALIZING
datanode_1  | 2019-10-24 03:46:30,042 INFO impl.RaftServerImpl: 9ebd3561-edd5-4f98-969a-40c0c164f3c8@group-A9D68DB3083E: change Leader from null to 9ebd3561-edd5-4f98-969a-40c0c164f3c8 at term 1 for becomeLeader, leader elected after 5268ms
datanode_2  | 2019-10-24 03:46:25,665 INFO util.JmxRegister: Successfully registered JMX Bean with object name Ratis:service=RaftServer,group=group-B0B521E419AA,id=c694afe4-e140-4da1-b2c4-f6a94b8c8178
rm_1        | Oct 24, 2019 3:46:18 AM com.sun.jersey.guice.spi.container.GuiceComponentProviderFactory getComponentProvider
datanode_3  | 2019-10-24 03:46:30,548 INFO impl.FollowerState: c29b7ccb-43e0-45dc-9444-d2e125a65190@group-0CFDA6A29148-FollowerState: change to CANDIDATE, lastRpcTime:5072ms, electionTimeout:5072ms
nm_1        | 2019-10-24 03:47:38 INFO  AuxServices:196 - Got event CONTAINER_INIT for appId application_1571888776416_0001
datanode_1  | 2019-10-24 03:46:30,045 INFO server.RaftServerConfigKeys: raft.server.staging.catchup.gap = 1000 (default)
datanode_2  | 2019-10-24 03:46:25,665 WARN impl.MetricRegistriesImpl: First MetricRegistry has been created without registering reporters. You may need to call MetricRegistries.global().addReportRegistration(...) before.
rm_1        | INFO: Binding org.apache.hadoop.yarn.server.resourcemanager.webapp.JAXBContextResolver to GuiceManagedComponentProvider with the scope "Singleton"
datanode_3  | 2019-10-24 03:46:30,549 INFO impl.RoleInfo: c29b7ccb-43e0-45dc-9444-d2e125a65190: shutdown FollowerState
nm_1        | 2019-10-24 03:47:38 INFO  AuxServices:196 - Got event APPLICATION_INIT for appId application_1571888776416_0001
datanode_2  | 2019-10-24 03:46:29,372 INFO impl.FollowerState: c694afe4-e140-4da1-b2c4-f6a94b8c8178@group-C3E6E6181E22-FollowerState: change to CANDIDATE, lastRpcTime:5067ms, electionTimeout:5066ms
datanode_1  | 2019-10-24 03:46:30,045 INFO server.RaftServerConfigKeys: raft.server.rpc.sleep.time = 25ms (default)
rm_1        | Oct 24, 2019 3:46:19 AM com.sun.jersey.guice.spi.container.GuiceComponentProviderFactory getComponentProvider
datanode_3  | 2019-10-24 03:46:30,550 INFO impl.RaftServerImpl: c29b7ccb-43e0-45dc-9444-d2e125a65190@group-0CFDA6A29148: changes role from  FOLLOWER to CANDIDATE at term 0 for changeToCandidate
nm_1        | 2019-10-24 03:47:38 INFO  AuxServices:200 - Got APPLICATION_INIT for service mapreduce_shuffle
datanode_2  | 2019-10-24 03:46:29,374 INFO impl.RoleInfo: c694afe4-e140-4da1-b2c4-f6a94b8c8178: shutdown FollowerState
datanode_1  | 2019-10-24 03:46:30,049 INFO server.RaftServerConfigKeys: raft.server.write.element-limit = 4096 (default)
rm_1        | INFO: Binding org.apache.hadoop.yarn.webapp.GenericExceptionHandler to GuiceManagedComponentProvider with the scope "Singleton"
datanode_3  | 2019-10-24 03:46:30,552 INFO impl.RoleInfo: c29b7ccb-43e0-45dc-9444-d2e125a65190: start LeaderElection
nm_1        | 2019-10-24 03:47:38 INFO  ShuffleHandler:677 - Added token for job_1571888776416_0001
datanode_2  | 2019-10-24 03:46:29,374 INFO impl.RaftServerImpl: c694afe4-e140-4da1-b2c4-f6a94b8c8178@group-C3E6E6181E22: changes role from  FOLLOWER to CANDIDATE at term 0 for changeToCandidate
datanode_1  | 2019-10-24 03:46:30,053 INFO server.RaftServerConfigKeys: raft.server.watch.timeout = 10s (default)
rm_1        | Oct 24, 2019 3:46:19 AM com.sun.jersey.guice.spi.container.GuiceComponentProviderFactory getComponentProvider
nm_1        | 2019-10-24 03:47:38 INFO  ContainerImpl:1135 - Container container_1571888776416_0001_01_000002 transitioned from LOCALIZING to LOCALIZED
datanode_3  | 2019-10-24 03:46:30,574 INFO impl.LeaderElection: c29b7ccb-43e0-45dc-9444-d2e125a65190@group-0CFDA6A29148-LeaderElection1: begin an election at term 1 for -1: [c29b7ccb-43e0-45dc-9444-d2e125a65190:172.18.0.7:9858], old=null
datanode_2  | 2019-10-24 03:46:29,377 INFO impl.RoleInfo: c694afe4-e140-4da1-b2c4-f6a94b8c8178: start LeaderElection
datanode_1  | 2019-10-24 03:46:30,053 INFO server.RaftServerConfigKeys: raft.server.watch.timeout.denomination = 1s (default)
rm_1        | INFO: Binding org.apache.hadoop.yarn.server.resourcemanager.webapp.RMWebServices to GuiceManagedComponentProvider with the scope "Singleton"
nm_1        | 2019-10-24 03:47:38 INFO  ContainerImpl:1135 - Container container_1571888776416_0001_01_000002 transitioned from LOCALIZED to RUNNING
datanode_3  | 2019-10-24 03:46:30,575 INFO impl.RoleInfo: c29b7ccb-43e0-45dc-9444-d2e125a65190: shutdown LeaderElection
datanode_1  | 2019-10-24 03:46:30,054 INFO server.RaftServerConfigKeys: raft.server.watch.element-limit = 65536 (default)
datanode_2  | 2019-10-24 03:46:29,406 INFO impl.LeaderElection: c694afe4-e140-4da1-b2c4-f6a94b8c8178@group-C3E6E6181E22-LeaderElection1: begin an election at term 1 for -1: [c694afe4-e140-4da1-b2c4-f6a94b8c8178:172.18.0.6:9858], old=null
rm_1        | 2019-10-24 03:46:19 INFO  log:67 - Started HttpServer2$SelectChannelConnectorWithSafeStartup@rm:8088
nm_1        | 2019-10-24 03:47:38 INFO  ContainersMonitorImpl:196 - Neither virutal-memory nor physical-memory monitoring is needed. Not running the monitor-thread
datanode_3  | 2019-10-24 03:46:30,576 INFO impl.RaftServerImpl: c29b7ccb-43e0-45dc-9444-d2e125a65190@group-0CFDA6A29148: changes role from CANDIDATE to LEADER at term 1 for changeToLeader
datanode_1  | 2019-10-24 03:46:30,064 INFO impl.RoleInfo: 9ebd3561-edd5-4f98-969a-40c0c164f3c8: start LeaderState
datanode_2  | 2019-10-24 03:46:29,407 INFO impl.RoleInfo: c694afe4-e140-4da1-b2c4-f6a94b8c8178: shutdown LeaderElection
nm_1        | 2019-10-24 03:47:38 INFO  DefaultContainerExecutor:268 - launchContainer: [bash, /tmp/hadoop-hadoop/nm-local-dir/usercache/hadoop/appcache/application_1571888776416_0001/container_1571888776416_0001_01_000002/default_container_executor.sh]
datanode_3  | 2019-10-24 03:46:30,576 INFO impl.RaftServerImpl: c29b7ccb-43e0-45dc-9444-d2e125a65190@group-0CFDA6A29148: change Leader from null to c29b7ccb-43e0-45dc-9444-d2e125a65190 at term 1 for becomeLeader, leader elected after 5170ms
datanode_1  | 2019-10-24 03:46:30,083 INFO segmented.SegmentedRaftLogWorker: 9ebd3561-edd5-4f98-969a-40c0c164f3c8@group-A9D68DB3083E-SegmentedRaftLogWorker: Starting segment from index:0
datanode_2  | 2019-10-24 03:46:29,407 INFO impl.RaftServerImpl: c694afe4-e140-4da1-b2c4-f6a94b8c8178@group-C3E6E6181E22: changes role from CANDIDATE to LEADER at term 1 for changeToLeader
rm_1        | 2019-10-24 03:46:19 INFO  WebApps:307 - Web app cluster started at 8088
nm_1        | 2019-10-24 03:47:43 INFO  Server:1454 - Auth successful for appattempt_1571888776416_0001_000001 (auth:SIMPLE)
datanode_3  | 2019-10-24 03:46:30,579 INFO server.RaftServerConfigKeys: raft.server.staging.catchup.gap = 1000 (default)
datanode_2  | 2019-10-24 03:46:29,408 INFO impl.RaftServerImpl: c694afe4-e140-4da1-b2c4-f6a94b8c8178@group-C3E6E6181E22: change Leader from null to c694afe4-e140-4da1-b2c4-f6a94b8c8178 at term 1 for becomeLeader, leader elected after 5163ms
datanode_1  | 2019-10-24 03:46:30,092 INFO impl.RaftServerImpl: 9ebd3561-edd5-4f98-969a-40c0c164f3c8@group-A9D68DB3083E: set configuration 0: [9ebd3561-edd5-4f98-969a-40c0c164f3c8:172.18.0.9:9858], old=null at 0
rm_1        | 2019-10-24 03:46:20 INFO  CallQueueManager:57 - Using callQueue: class java.util.concurrent.LinkedBlockingQueue queueCapacity: 100
nm_1        | 2019-10-24 03:47:43 INFO  ContainerManagerImpl:960 - Stopping container with container Id: container_1571888776416_0001_01_000002
datanode_3  | 2019-10-24 03:46:30,579 INFO server.RaftServerConfigKeys: raft.server.rpc.sleep.time = 25ms (default)
datanode_2  | 2019-10-24 03:46:29,411 INFO server.RaftServerConfigKeys: raft.server.staging.catchup.gap = 1000 (default)
datanode_1  | 2019-10-24 03:46:30,198 INFO segmented.SegmentedRaftLogWorker: 9ebd3561-edd5-4f98-969a-40c0c164f3c8@group-A9D68DB3083E-SegmentedRaftLogWorker: created new log segment /data/metadata/ratis/7078ea9c-d777-4ffa-97c8-a9d68db3083e/current/log_inprogress_0
rm_1        | 2019-10-24 03:46:20 INFO  Server:722 - Starting Socket Reader #1 for port 8033
nm_1        | 2019-10-24 03:47:43 INFO  ContainerImpl:1135 - Container container_1571888776416_0001_01_000002 transitioned from RUNNING to KILLING
datanode_3  | 2019-10-24 03:46:30,582 INFO server.RaftServerConfigKeys: raft.server.write.element-limit = 4096 (default)
datanode_2  | 2019-10-24 03:46:29,413 INFO server.RaftServerConfigKeys: raft.server.rpc.sleep.time = 25ms (default)
datanode_1  | 2019-10-24 03:46:30,870 INFO impl.RaftServerImpl: 9ebd3561-edd5-4f98-969a-40c0c164f3c8@group-B0B521E419AA: changes role from  FOLLOWER to FOLLOWER at term 1 for recognizeCandidate:c29b7ccb-43e0-45dc-9444-d2e125a65190
nm_1        | 2019-10-24 03:47:43 INFO  ContainerLaunch:370 - Cleaning up container container_1571888776416_0001_01_000002
datanode_2  | 2019-10-24 03:46:29,416 INFO server.RaftServerConfigKeys: raft.server.write.element-limit = 4096 (default)
datanode_3  | 2019-10-24 03:46:30,585 INFO server.RaftServerConfigKeys: raft.server.watch.timeout = 10s (default)
datanode_1  | 2019-10-24 03:46:30,870 INFO impl.RoleInfo: 9ebd3561-edd5-4f98-969a-40c0c164f3c8: shutdown FollowerState
nm_1        | 2019-10-24 03:47:43 INFO  NMAuditLogger:89 - USER=hadoop	IP=172.18.0.4	OPERATION=Stop Container Request	TARGET=ContainerManageImpl	RESULT=SUCCESS	APPID=application_1571888776416_0001	CONTAINERID=container_1571888776416_0001_01_000002
datanode_2  | 2019-10-24 03:46:29,421 INFO server.RaftServerConfigKeys: raft.server.watch.timeout = 10s (default)
rm_1        | 2019-10-24 03:46:20 INFO  RpcServerFactoryPBImpl:174 - Adding protocol org.apache.hadoop.yarn.server.api.ResourceManagerAdministrationProtocolPB to the server
datanode_3  | 2019-10-24 03:46:30,586 INFO server.RaftServerConfigKeys: raft.server.watch.timeout.denomination = 1s (default)
datanode_1  | 2019-10-24 03:46:30,871 INFO impl.FollowerState: 9ebd3561-edd5-4f98-969a-40c0c164f3c8@group-B0B521E419AA-FollowerState was interrupted: java.lang.InterruptedException: sleep interrupted
nm_1        | 2019-10-24 03:47:43 WARN  DefaultContainerExecutor:224 - Exit code from container container_1571888776416_0001_01_000002 is : 143
datanode_2  | 2019-10-24 03:46:29,421 INFO server.RaftServerConfigKeys: raft.server.watch.timeout.denomination = 1s (default)
rm_1        | 2019-10-24 03:46:20 INFO  Server:962 - IPC Server Responder: starting
datanode_3  | 2019-10-24 03:46:30,586 INFO server.RaftServerConfigKeys: raft.server.watch.element-limit = 65536 (default)
datanode_1  | 2019-10-24 03:46:30,871 INFO impl.RoleInfo: 9ebd3561-edd5-4f98-969a-40c0c164f3c8: start FollowerState
nm_1        | 2019-10-24 03:47:43 INFO  ContainerImpl:1135 - Container container_1571888776416_0001_01_000002 transitioned from KILLING to CONTAINER_CLEANEDUP_AFTER_KILL
datanode_2  | 2019-10-24 03:46:29,422 INFO server.RaftServerConfigKeys: raft.server.watch.element-limit = 65536 (default)
rm_1        | 2019-10-24 03:46:20 INFO  Server:801 - IPC Server listener on 8033: starting
datanode_3  | 2019-10-24 03:46:30,592 INFO impl.RoleInfo: c29b7ccb-43e0-45dc-9444-d2e125a65190: start LeaderState
datanode_1  | 2019-10-24 03:46:31,017 INFO impl.RaftServerImpl: 9ebd3561-edd5-4f98-969a-40c0c164f3c8@group-B0B521E419AA: change Leader from null to c29b7ccb-43e0-45dc-9444-d2e125a65190 at term 1 for appendEntries, leader elected after 5339ms
nm_1        | 2019-10-24 03:47:43 INFO  NMAuditLogger:89 - USER=hadoop	OPERATION=Container Finished - Killed	TARGET=ContainerImpl	RESULT=SUCCESS	APPID=application_1571888776416_0001	CONTAINERID=container_1571888776416_0001_01_000002
datanode_2  | 2019-10-24 03:46:29,429 INFO impl.RoleInfo: c694afe4-e140-4da1-b2c4-f6a94b8c8178: start LeaderState
rm_1        | 2019-10-24 03:46:20 INFO  RackResolver:109 - Resolved nm to /default-rack
datanode_3  | 2019-10-24 03:46:30,606 INFO segmented.SegmentedRaftLogWorker: c29b7ccb-43e0-45dc-9444-d2e125a65190@group-0CFDA6A29148-SegmentedRaftLogWorker: Starting segment from index:0
datanode_1  | 2019-10-24 03:46:31,039 INFO impl.RaftServerImpl: 9ebd3561-edd5-4f98-969a-40c0c164f3c8@group-B0B521E419AA: set configuration 0: [9ebd3561-edd5-4f98-969a-40c0c164f3c8:172.18.0.9:9858, c29b7ccb-43e0-45dc-9444-d2e125a65190:172.18.0.7:9858, c694afe4-e140-4da1-b2c4-f6a94b8c8178:172.18.0.6:9858], old=null at 0
nm_1        | 2019-10-24 03:47:43 INFO  ContainerImpl:1135 - Container container_1571888776416_0001_01_000002 transitioned from CONTAINER_CLEANEDUP_AFTER_KILL to DONE
datanode_2  | 2019-10-24 03:46:29,449 INFO segmented.SegmentedRaftLogWorker: c694afe4-e140-4da1-b2c4-f6a94b8c8178@group-C3E6E6181E22-SegmentedRaftLogWorker: Starting segment from index:0
rm_1        | 2019-10-24 03:46:20 INFO  ResourceTrackerService:345 - NodeManager from node nm(cmPort: 37216 httpPort: 8042) registered with capability: <memory:8192, vCores:8>, assigned nodeId nm:37216
datanode_3  | 2019-10-24 03:46:30,614 INFO impl.RaftServerImpl: c29b7ccb-43e0-45dc-9444-d2e125a65190@group-0CFDA6A29148: set configuration 0: [c29b7ccb-43e0-45dc-9444-d2e125a65190:172.18.0.7:9858], old=null at 0
datanode_1  | 2019-10-24 03:46:31,039 INFO segmented.SegmentedRaftLogWorker: 9ebd3561-edd5-4f98-969a-40c0c164f3c8@group-B0B521E419AA-SegmentedRaftLogWorker: Starting segment from index:0
nm_1        | 2019-10-24 03:47:43 INFO  ApplicationImpl:347 - Removing container_1571888776416_0001_01_000002 from application application_1571888776416_0001
datanode_2  | 2019-10-24 03:46:29,459 INFO impl.RaftServerImpl: c694afe4-e140-4da1-b2c4-f6a94b8c8178@group-C3E6E6181E22: set configuration 0: [c694afe4-e140-4da1-b2c4-f6a94b8c8178:172.18.0.6:9858], old=null at 0
rm_1        | 2019-10-24 03:46:20 INFO  RMNodeImpl:441 - nm:37216 Node Transitioned from NEW to RUNNING
datanode_3  | 2019-10-24 03:46:30,674 INFO impl.FollowerState: c29b7ccb-43e0-45dc-9444-d2e125a65190@group-B0B521E419AA-FollowerState: change to CANDIDATE, lastRpcTime:5017ms, electionTimeout:5016ms
datanode_1  | 2019-10-24 03:46:31,119 INFO segmented.SegmentedRaftLogWorker: 9ebd3561-edd5-4f98-969a-40c0c164f3c8@group-B0B521E419AA-SegmentedRaftLogWorker: created new log segment /data/metadata/ratis/b8994760-41ba-4586-b3fc-b0b521e419aa/current/log_inprogress_0
nm_1        | 2019-10-24 03:47:43 INFO  ContainersMonitorImpl:196 - Neither virutal-memory nor physical-memory monitoring is needed. Not running the monitor-thread
datanode_2  | 2019-10-24 03:46:29,562 INFO segmented.SegmentedRaftLogWorker: c694afe4-e140-4da1-b2c4-f6a94b8c8178@group-C3E6E6181E22-SegmentedRaftLogWorker: created new log segment /data/metadata/ratis/8728fb7f-9324-435b-89b7-c3e6e6181e22/current/log_inprogress_0
rm_1        | 2019-10-24 03:46:20 INFO  CapacityScheduler:1353 - Added node nm:37216 clusterResource: <memory:8192, vCores:8>
datanode_3  | 2019-10-24 03:46:30,675 INFO impl.RoleInfo: c29b7ccb-43e0-45dc-9444-d2e125a65190: shutdown FollowerState
nm_1        | 2019-10-24 03:47:43 INFO  AuxServices:196 - Got event CONTAINER_STOP for appId application_1571888776416_0001
datanode_2  | 2019-10-24 03:46:30,750 INFO impl.FollowerState: c694afe4-e140-4da1-b2c4-f6a94b8c8178@group-B0B521E419AA-FollowerState: change to CANDIDATE, lastRpcTime:5086ms, electionTimeout:5085ms
rm_1        | 2019-10-24 03:47:14 INFO  ClientRMService:289 - Allocated new applicationId: 1
datanode_3  | 2019-10-24 03:46:30,675 INFO impl.RaftServerImpl: c29b7ccb-43e0-45dc-9444-d2e125a65190@group-B0B521E419AA: changes role from  FOLLOWER to CANDIDATE at term 0 for changeToCandidate
nm_1        | 2019-10-24 03:47:45 INFO  Server:1454 - Auth successful for appattempt_1571888776416_0001_000001 (auth:SIMPLE)
datanode_2  | 2019-10-24 03:46:30,751 INFO impl.RoleInfo: c694afe4-e140-4da1-b2c4-f6a94b8c8178: shutdown FollowerState
rm_1        | 2019-10-24 03:47:17 INFO  ClientRMService:583 - Application with id 1 submitted by user hadoop
datanode_3  | 2019-10-24 03:46:30,675 INFO impl.RoleInfo: c29b7ccb-43e0-45dc-9444-d2e125a65190: start LeaderElection
nm_1        | 2019-10-24 03:47:45 INFO  ContainerManagerImpl:810 - Start request for container_1571888776416_0001_01_000003 by user hadoop
datanode_2  | 2019-10-24 03:46:30,752 INFO impl.RaftServerImpl: c694afe4-e140-4da1-b2c4-f6a94b8c8178@group-B0B521E419AA: changes role from  FOLLOWER to CANDIDATE at term 0 for changeToCandidate
datanode_3  | 2019-10-24 03:46:30,691 INFO impl.LeaderElection: c29b7ccb-43e0-45dc-9444-d2e125a65190@group-B0B521E419AA-LeaderElection2: begin an election at term 1 for -1: [9ebd3561-edd5-4f98-969a-40c0c164f3c8:172.18.0.9:9858, c29b7ccb-43e0-45dc-9444-d2e125a65190:172.18.0.7:9858, c694afe4-e140-4da1-b2c4-f6a94b8c8178:172.18.0.6:9858], old=null
nm_1        | 2019-10-24 03:47:45 INFO  NMAuditLogger:89 - USER=hadoop	IP=172.18.0.4	OPERATION=Start Container Request	TARGET=ContainerManageImpl	RESULT=SUCCESS	APPID=application_1571888776416_0001	CONTAINERID=container_1571888776416_0001_01_000003
rm_1        | 2019-10-24 03:47:17 INFO  RMAppImpl:977 - Storing application with id application_1571888776416_0001
datanode_2  | 2019-10-24 03:46:30,752 INFO impl.RoleInfo: c694afe4-e140-4da1-b2c4-f6a94b8c8178: start LeaderElection
datanode_3  | 2019-10-24 03:46:30,743 INFO segmented.SegmentedRaftLogWorker: c29b7ccb-43e0-45dc-9444-d2e125a65190@group-0CFDA6A29148-SegmentedRaftLogWorker: created new log segment /data/metadata/ratis/f49c7d3f-10a7-42c0-885b-0cfda6a29148/current/log_inprogress_0
nm_1        | 2019-10-24 03:47:45 INFO  ApplicationImpl:304 - Adding container_1571888776416_0001_01_000003 to application application_1571888776416_0001
rm_1        | 2019-10-24 03:47:17 INFO  RMAuditLogger:158 - USER=hadoop	IP=172.18.0.5	OPERATION=Submit Application Request	TARGET=ClientRMService	RESULT=SUCCESS	APPID=application_1571888776416_0001
datanode_2  | 2019-10-24 03:46:30,776 INFO impl.LeaderElection: c694afe4-e140-4da1-b2c4-f6a94b8c8178@group-B0B521E419AA-LeaderElection2: begin an election at term 1 for -1: [9ebd3561-edd5-4f98-969a-40c0c164f3c8:172.18.0.9:9858, c29b7ccb-43e0-45dc-9444-d2e125a65190:172.18.0.7:9858, c694afe4-e140-4da1-b2c4-f6a94b8c8178:172.18.0.6:9858], old=null
datanode_3  | 2019-10-24 03:46:30,933 INFO impl.LeaderElection: c29b7ccb-43e0-45dc-9444-d2e125a65190@group-B0B521E419AA-LeaderElection2: Election PASSED; received 2 response(s) [c29b7ccb-43e0-45dc-9444-d2e125a65190<-9ebd3561-edd5-4f98-969a-40c0c164f3c8#0:OK-t1, c29b7ccb-43e0-45dc-9444-d2e125a65190<-c694afe4-e140-4da1-b2c4-f6a94b8c8178#0:FAIL-t1] and 0 exception(s); c29b7ccb-43e0-45dc-9444-d2e125a65190@group-B0B521E419AA:t1, leader=null, voted=c29b7ccb-43e0-45dc-9444-d2e125a65190, raftlog=c29b7ccb-43e0-45dc-9444-d2e125a65190@group-B0B521E419AA-SegmentedRaftLog:OPENED:c-1,f-1,i0, conf=-1: [9ebd3561-edd5-4f98-969a-40c0c164f3c8:172.18.0.9:9858, c29b7ccb-43e0-45dc-9444-d2e125a65190:172.18.0.7:9858, c694afe4-e140-4da1-b2c4-f6a94b8c8178:172.18.0.6:9858], old=null
nm_1        | 2019-10-24 03:47:45 INFO  ContainerImpl:1135 - Container container_1571888776416_0001_01_000003 transitioned from NEW to LOCALIZING
rm_1        | 2019-10-24 03:47:17 INFO  RMStateStore:194 - Storing info for app: application_1571888776416_0001
datanode_2  | 2019-10-24 03:46:31,015 INFO impl.LeaderElection: c694afe4-e140-4da1-b2c4-f6a94b8c8178@group-B0B521E419AA-LeaderElection2: Election REJECTED; received 2 response(s) [c694afe4-e140-4da1-b2c4-f6a94b8c8178<-9ebd3561-edd5-4f98-969a-40c0c164f3c8#0:FAIL-t1, c694afe4-e140-4da1-b2c4-f6a94b8c8178<-c29b7ccb-43e0-45dc-9444-d2e125a65190#0:FAIL-t1] and 0 exception(s); c694afe4-e140-4da1-b2c4-f6a94b8c8178@group-B0B521E419AA:t1, leader=null, voted=c694afe4-e140-4da1-b2c4-f6a94b8c8178, raftlog=c694afe4-e140-4da1-b2c4-f6a94b8c8178@group-B0B521E419AA-SegmentedRaftLog:OPENED:c-1,f-1,i0, conf=-1: [9ebd3561-edd5-4f98-969a-40c0c164f3c8:172.18.0.9:9858, c29b7ccb-43e0-45dc-9444-d2e125a65190:172.18.0.7:9858, c694afe4-e140-4da1-b2c4-f6a94b8c8178:172.18.0.6:9858], old=null
nm_1        | 2019-10-24 03:47:45 INFO  AuxServices:196 - Got event CONTAINER_INIT for appId application_1571888776416_0001
rm_1        | 2019-10-24 03:47:17 INFO  RMAppImpl:718 - application_1571888776416_0001 State change from NEW to NEW_SAVING on event=START
datanode_3  | 2019-10-24 03:46:30,934 INFO impl.RoleInfo: c29b7ccb-43e0-45dc-9444-d2e125a65190: shutdown LeaderElection
nm_1        | 2019-10-24 03:47:45 INFO  AuxServices:196 - Got event APPLICATION_INIT for appId application_1571888776416_0001
rm_1        | 2019-10-24 03:47:17 INFO  RMAppImpl:718 - application_1571888776416_0001 State change from NEW_SAVING to SUBMITTED on event=APP_NEW_SAVED
datanode_3  | 2019-10-24 03:46:30,934 INFO impl.RaftServerImpl: c29b7ccb-43e0-45dc-9444-d2e125a65190@group-B0B521E419AA: changes role from CANDIDATE to LEADER at term 1 for changeToLeader
datanode_2  | 2019-10-24 03:46:31,019 INFO impl.RaftServerImpl: c694afe4-e140-4da1-b2c4-f6a94b8c8178@group-B0B521E419AA: changes role from CANDIDATE to FOLLOWER at term 1 for DISCOVERED_A_NEW_TERM
nm_1        | 2019-10-24 03:47:45 INFO  AuxServices:200 - Got APPLICATION_INIT for service mapreduce_shuffle
rm_1        | 2019-10-24 03:47:17 INFO  ParentQueue:345 - Application added - appId: application_1571888776416_0001 user: hadoop leaf-queue of parent: root #applications: 1
datanode_3  | 2019-10-24 03:46:30,935 INFO impl.RaftServerImpl: c29b7ccb-43e0-45dc-9444-d2e125a65190@group-B0B521E419AA: change Leader from null to c29b7ccb-43e0-45dc-9444-d2e125a65190 at term 1 for becomeLeader, leader elected after 5294ms
nm_1        | 2019-10-24 03:47:45 INFO  ShuffleHandler:677 - Added token for job_1571888776416_0001
datanode_2  | 2019-10-24 03:46:31,019 INFO impl.RoleInfo: c694afe4-e140-4da1-b2c4-f6a94b8c8178: shutdown LeaderElection
rm_1        | 2019-10-24 03:47:17 INFO  CapacityScheduler:814 - Accepted application application_1571888776416_0001 from user: hadoop, in queue: default
datanode_3  | 2019-10-24 03:46:30,935 INFO server.RaftServerConfigKeys: raft.server.staging.catchup.gap = 1000 (default)
nm_1        | 2019-10-24 03:47:45 INFO  ContainerImpl:1135 - Container container_1571888776416_0001_01_000003 transitioned from LOCALIZING to LOCALIZED
datanode_2  | 2019-10-24 03:46:31,019 INFO impl.RoleInfo: c694afe4-e140-4da1-b2c4-f6a94b8c8178: start FollowerState
rm_1        | 2019-10-24 03:47:18 INFO  RMAppImpl:718 - application_1571888776416_0001 State change from SUBMITTED to ACCEPTED on event=APP_ACCEPTED
datanode_3  | 2019-10-24 03:46:30,936 INFO server.RaftServerConfigKeys: raft.server.rpc.sleep.time = 25ms (default)
nm_1        | 2019-10-24 03:47:45 INFO  ContainerImpl:1135 - Container container_1571888776416_0001_01_000003 transitioned from LOCALIZED to RUNNING
datanode_2  | 2019-10-24 03:46:31,023 INFO impl.RaftServerImpl: c694afe4-e140-4da1-b2c4-f6a94b8c8178@group-B0B521E419AA: change Leader from null to c29b7ccb-43e0-45dc-9444-d2e125a65190 at term 1 for appendEntries, leader elected after 5365ms
rm_1        | 2019-10-24 03:47:18 INFO  ApplicationMasterService:678 - Registering app attempt : appattempt_1571888776416_0001_000001
datanode_3  | 2019-10-24 03:46:30,936 INFO server.RaftServerConfigKeys: raft.server.write.element-limit = 4096 (default)
nm_1        | 2019-10-24 03:47:45 INFO  ContainersMonitorImpl:196 - Neither virutal-memory nor physical-memory monitoring is needed. Not running the monitor-thread
rm_1        | 2019-10-24 03:47:18 INFO  RMAppAttemptImpl:815 - appattempt_1571888776416_0001_000001 State change from NEW to SUBMITTED
datanode_3  | 2019-10-24 03:46:30,936 INFO server.RaftServerConfigKeys: raft.server.watch.timeout = 10s (default)
nm_1        | 2019-10-24 03:47:45 INFO  DefaultContainerExecutor:268 - launchContainer: [bash, /tmp/hadoop-hadoop/nm-local-dir/usercache/hadoop/appcache/application_1571888776416_0001/container_1571888776416_0001_01_000003/default_container_executor.sh]
datanode_2  | 2019-10-24 03:46:31,041 INFO impl.RaftServerImpl: c694afe4-e140-4da1-b2c4-f6a94b8c8178@group-B0B521E419AA: set configuration 0: [9ebd3561-edd5-4f98-969a-40c0c164f3c8:172.18.0.9:9858, c29b7ccb-43e0-45dc-9444-d2e125a65190:172.18.0.7:9858, c694afe4-e140-4da1-b2c4-f6a94b8c8178:172.18.0.6:9858], old=null at 0
rm_1        | 2019-10-24 03:47:18 WARN  LeafQueue:632 - maximum-am-resource-percent is insufficient to start a single application in queue, it is likely set too low. skipping enforcement to allow at least one application to start
datanode_3  | 2019-10-24 03:46:30,937 INFO server.RaftServerConfigKeys: raft.server.watch.timeout.denomination = 1s (default)
nm_1        | 2019-10-24 03:47:45 INFO  NodeStatusUpdaterImpl:490 - Removed completed containers from NM context: [container_1571888776416_0001_01_000002]
datanode_2  | 2019-10-24 03:46:31,041 INFO segmented.SegmentedRaftLogWorker: c694afe4-e140-4da1-b2c4-f6a94b8c8178@group-B0B521E419AA-SegmentedRaftLogWorker: Starting segment from index:0
rm_1        | 2019-10-24 03:47:18 WARN  LeafQueue:653 - maximum-am-resource-percent is insufficient to start a single application in queue for user, it is likely set too low. skipping enforcement to allow at least one application to start
datanode_3  | 2019-10-24 03:46:30,937 INFO server.RaftServerConfigKeys: raft.server.watch.element-limit = 65536 (default)
nm_1        | 2019-10-24 03:47:50 INFO  Server:1454 - Auth successful for appattempt_1571888776416_0001_000001 (auth:SIMPLE)
datanode_2  | 2019-10-24 03:46:31,119 INFO segmented.SegmentedRaftLogWorker: c694afe4-e140-4da1-b2c4-f6a94b8c8178@group-B0B521E419AA-SegmentedRaftLogWorker: created new log segment /data/metadata/ratis/b8994760-41ba-4586-b3fc-b0b521e419aa/current/log_inprogress_0
rm_1        | 2019-10-24 03:47:18 INFO  LeafQueue:667 - Application application_1571888776416_0001 from user: hadoop activated in queue: default
datanode_3  | 2019-10-24 03:46:30,940 INFO server.RaftServerConfigKeys: raft.server.log.appender.snapshot.chunk.size.max = 16MB (=16777216) (default)
nm_1        | 2019-10-24 03:47:50 INFO  ContainerManagerImpl:960 - Stopping container with container Id: container_1571888776416_0001_01_000003
datanode_2  | 2019-10-24 03:46:48,714 WARN client.GrpcClientProtocolService: 0-OrderedRequestStreamObserver0: onError: org.apache.ratis.thirdparty.io.grpc.StatusRuntimeException: CANCELLED: cancelled before receiving half close
rm_1        | 2019-10-24 03:47:18 INFO  LeafQueue:683 - Application added - appId: application_1571888776416_0001 user: org.apache.hadoop.yarn.server.resourcemanager.scheduler.capacity.LeafQueue$User@37229378, leaf-queue: default #user-pending-applications: 0 #user-active-applications: 1 #queue-pending-applications: 0 #queue-active-applications: 1
datanode_3  | 2019-10-24 03:46:30,940 INFO server.RaftServerConfigKeys: raft.server.log.appender.buffer.byte-limit = 33554432 (custom)
nm_1        | 2019-10-24 03:47:50 INFO  NMAuditLogger:89 - USER=hadoop	IP=172.18.0.4	OPERATION=Stop Container Request	TARGET=ContainerManageImpl	RESULT=SUCCESS	APPID=application_1571888776416_0001	CONTAINERID=container_1571888776416_0001_01_000003
rm_1        | 2019-10-24 03:47:18 INFO  CapacityScheduler:843 - Added Application Attempt appattempt_1571888776416_0001_000001 to scheduler from user hadoop in queue default
datanode_3  | 2019-10-24 03:46:30,941 INFO server.RaftServerConfigKeys: raft.server.log.appender.buffer.element-limit = 1 (custom)
nm_1        | 2019-10-24 03:47:50 INFO  ContainerImpl:1135 - Container container_1571888776416_0001_01_000003 transitioned from RUNNING to KILLING
rm_1        | 2019-10-24 03:47:18 INFO  RMAppAttemptImpl:815 - appattempt_1571888776416_0001_000001 State change from SUBMITTED to SCHEDULED
datanode_3  | 2019-10-24 03:46:30,943 INFO grpc.GrpcConfigKeys$Server: raft.grpc.server.leader.outstanding.appends.max = 128 (default)
nm_1        | 2019-10-24 03:47:50 INFO  ContainerLaunch:370 - Cleaning up container container_1571888776416_0001_01_000003
datanode_3  | 2019-10-24 03:46:30,943 INFO server.RaftServerConfigKeys: raft.server.rpc.request.timeout = 3000ms (default)
rm_1        | 2019-10-24 03:47:18 INFO  RMContainerImpl:410 - container_1571888776416_0001_01_000001 Container Transitioned from NEW to ALLOCATED
nm_1        | 2019-10-24 03:47:50 WARN  DefaultContainerExecutor:224 - Exit code from container container_1571888776416_0001_01_000003 is : 143
datanode_3  | 2019-10-24 03:46:30,944 INFO server.RaftServerConfigKeys: raft.server.log.appender.install.snapshot.enabled = false (custom)
rm_1        | 2019-10-24 03:47:18 INFO  RMAuditLogger:116 - USER=hadoop	OPERATION=AM Allocated Container	TARGET=SchedulerApp	RESULT=SUCCESS	APPID=application_1571888776416_0001	CONTAINERID=container_1571888776416_0001_01_000001
nm_1        | 2019-10-24 03:47:50 INFO  ContainerImpl:1135 - Container container_1571888776416_0001_01_000003 transitioned from KILLING to CONTAINER_CLEANEDUP_AFTER_KILL
datanode_3  | 2019-10-24 03:46:30,945 WARN impl.MetricRegistriesImpl: First MetricRegistry has been created without registering reporters. You may need to call MetricRegistries.global().addReportRegistration(...) before.
rm_1        | 2019-10-24 03:47:18 INFO  SchedulerNode:153 - Assigned container container_1571888776416_0001_01_000001 of capacity <memory:2048, vCores:1> on host nm:37216, which has 1 containers, <memory:2048, vCores:1> used and <memory:6144, vCores:7> available after allocation
nm_1        | 2019-10-24 03:47:50 INFO  NMAuditLogger:89 - USER=hadoop	OPERATION=Container Finished - Killed	TARGET=ContainerImpl	RESULT=SUCCESS	APPID=application_1571888776416_0001	CONTAINERID=container_1571888776416_0001_01_000003
datanode_3  | 2019-10-24 03:46:30,947 INFO server.RaftServerConfigKeys: raft.server.log.appender.snapshot.chunk.size.max = 16MB (=16777216) (default)
rm_1        | 2019-10-24 03:47:18 INFO  LeafQueue:1558 - assignedContainer application attempt=appattempt_1571888776416_0001_000001 container=Container: [ContainerId: container_1571888776416_0001_01_000001, NodeId: nm:37216, NodeHttpAddress: nm:8042, Resource: <memory:2048, vCores:1>, Priority: 0, Token: null, ] queue=default: capacity=1.0, absoluteCapacity=1.0, usedResources=<memory:0, vCores:0>, usedCapacity=0.0, absoluteUsedCapacity=0.0, numApps=1, numContainers=0 clusterResource=<memory:8192, vCores:8> type=OFF_SWITCH requestedPartition=
nm_1        | 2019-10-24 03:47:50 INFO  ContainerImpl:1135 - Container container_1571888776416_0001_01_000003 transitioned from CONTAINER_CLEANEDUP_AFTER_KILL to DONE
datanode_3  | 2019-10-24 03:46:30,947 INFO server.RaftServerConfigKeys: raft.server.log.appender.buffer.byte-limit = 33554432 (custom)
rm_1        | 2019-10-24 03:47:18 INFO  ParentQueue:523 - Re-sorting assigned queue: root.default stats: default: capacity=1.0, absoluteCapacity=1.0, usedResources=<memory:2048, vCores:1>, usedCapacity=0.25, absoluteUsedCapacity=0.25, numApps=1, numContainers=1
datanode_3  | 2019-10-24 03:46:30,947 INFO server.RaftServerConfigKeys: raft.server.log.appender.buffer.element-limit = 1 (custom)
nm_1        | 2019-10-24 03:47:50 INFO  ApplicationImpl:347 - Removing container_1571888776416_0001_01_000003 from application application_1571888776416_0001
rm_1        | 2019-10-24 03:47:18 INFO  ParentQueue:420 - assignedContainer queue=root usedCapacity=0.25 absoluteUsedCapacity=0.25 used=<memory:2048, vCores:1> cluster=<memory:8192, vCores:8>
datanode_3  | 2019-10-24 03:46:30,947 INFO grpc.GrpcConfigKeys$Server: raft.grpc.server.leader.outstanding.appends.max = 128 (default)
nm_1        | 2019-10-24 03:47:50 INFO  ContainersMonitorImpl:196 - Neither virutal-memory nor physical-memory monitoring is needed. Not running the monitor-thread
rm_1        | 2019-10-24 03:47:18 INFO  NMTokenSecretManagerInRM:200 - Sending NMToken for nodeId : nm:37216 for container : container_1571888776416_0001_01_000001
nm_1        | 2019-10-24 03:47:50 INFO  AuxServices:196 - Got event CONTAINER_STOP for appId application_1571888776416_0001
rm_1        | 2019-10-24 03:47:18 INFO  RMContainerImpl:410 - container_1571888776416_0001_01_000001 Container Transitioned from ALLOCATED to ACQUIRED
datanode_3  | 2019-10-24 03:46:30,948 INFO server.RaftServerConfigKeys: raft.server.rpc.request.timeout = 3000ms (default)
nm_1        | 2019-10-24 03:47:51 INFO  Server:1454 - Auth successful for appattempt_1571888776416_0001_000001 (auth:SIMPLE)
rm_1        | 2019-10-24 03:47:18 INFO  NMTokenSecretManagerInRM:146 - Clear node set for appattempt_1571888776416_0001_000001
datanode_3  | 2019-10-24 03:46:30,948 INFO server.RaftServerConfigKeys: raft.server.log.appender.install.snapshot.enabled = false (custom)
nm_1        | 2019-10-24 03:47:51 INFO  ContainerManagerImpl:810 - Start request for container_1571888776416_0001_01_000004 by user hadoop
rm_1        | 2019-10-24 03:47:18 INFO  RMAppAttemptImpl:1924 - Storing attempt: AppId: application_1571888776416_0001 AttemptId: appattempt_1571888776416_0001_000001 MasterContainer: Container: [ContainerId: container_1571888776416_0001_01_000001, NodeId: nm:37216, NodeHttpAddress: nm:8042, Resource: <memory:2048, vCores:1>, Priority: 0, Token: Token { kind: ContainerToken, service: 172.18.0.4:37216 }, ]
datanode_3  | 2019-10-24 03:46:30,950 INFO impl.RoleInfo: c29b7ccb-43e0-45dc-9444-d2e125a65190: start LeaderState
nm_1        | 2019-10-24 03:47:51 INFO  NMAuditLogger:89 - USER=hadoop	IP=172.18.0.4	OPERATION=Start Container Request	TARGET=ContainerManageImpl	RESULT=SUCCESS	APPID=application_1571888776416_0001	CONTAINERID=container_1571888776416_0001_01_000004
rm_1        | 2019-10-24 03:47:18 INFO  RMAppAttemptImpl:815 - appattempt_1571888776416_0001_000001 State change from SCHEDULED to ALLOCATED_SAVING
datanode_3  | 2019-10-24 03:46:30,951 INFO segmented.SegmentedRaftLogWorker: c29b7ccb-43e0-45dc-9444-d2e125a65190@group-B0B521E419AA-SegmentedRaftLogWorker: Starting segment from index:0
nm_1        | 2019-10-24 03:47:51 INFO  ApplicationImpl:304 - Adding container_1571888776416_0001_01_000004 to application application_1571888776416_0001
rm_1        | 2019-10-24 03:47:18 INFO  RMAppAttemptImpl:815 - appattempt_1571888776416_0001_000001 State change from ALLOCATED_SAVING to ALLOCATED
datanode_3  | 2019-10-24 03:46:30,952 INFO impl.RaftServerImpl: c29b7ccb-43e0-45dc-9444-d2e125a65190@group-B0B521E419AA: set configuration 0: [9ebd3561-edd5-4f98-969a-40c0c164f3c8:172.18.0.9:9858, c29b7ccb-43e0-45dc-9444-d2e125a65190:172.18.0.7:9858, c694afe4-e140-4da1-b2c4-f6a94b8c8178:172.18.0.6:9858], old=null at 0
nm_1        | 2019-10-24 03:47:51 INFO  ContainerImpl:1135 - Container container_1571888776416_0001_01_000004 transitioned from NEW to LOCALIZING
datanode_3  | 2019-10-24 03:46:30,976 INFO impl.RaftServerImpl: c29b7ccb-43e0-45dc-9444-d2e125a65190@group-B0B521E419AA-   LEADER: Withhold vote from candidate c694afe4-e140-4da1-b2c4-f6a94b8c8178 with term 1. State: leader=c29b7ccb-43e0-45dc-9444-d2e125a65190, term=1, lastRpcElapsed=null
rm_1        | 2019-10-24 03:47:18 INFO  AMLauncher:249 - Launching masterappattempt_1571888776416_0001_000001
nm_1        | 2019-10-24 03:47:51 INFO  AuxServices:196 - Got event CONTAINER_INIT for appId application_1571888776416_0001
datanode_3  | 2019-10-24 03:46:30,997 INFO segmented.SegmentedRaftLogWorker: c29b7ccb-43e0-45dc-9444-d2e125a65190@group-B0B521E419AA-SegmentedRaftLogWorker: created new log segment /data/metadata/ratis/b8994760-41ba-4586-b3fc-b0b521e419aa/current/log_inprogress_0
rm_1        | 2019-10-24 03:47:18 INFO  AMLauncher:105 - Setting up container Container: [ContainerId: container_1571888776416_0001_01_000001, NodeId: nm:37216, NodeHttpAddress: nm:8042, Resource: <memory:2048, vCores:1>, Priority: 0, Token: Token { kind: ContainerToken, service: 172.18.0.4:37216 }, ] for AM appattempt_1571888776416_0001_000001
nm_1        | 2019-10-24 03:47:51 INFO  AuxServices:196 - Got event APPLICATION_INIT for appId application_1571888776416_0001
nm_1        | 2019-10-24 03:47:51 INFO  AuxServices:200 - Got APPLICATION_INIT for service mapreduce_shuffle
nm_1        | 2019-10-24 03:47:51 INFO  ShuffleHandler:677 - Added token for job_1571888776416_0001
nm_1        | 2019-10-24 03:47:51 INFO  ContainerImpl:1135 - Container container_1571888776416_0001_01_000004 transitioned from LOCALIZING to LOCALIZED
nm_1        | 2019-10-24 03:47:51 INFO  ContainerImpl:1135 - Container container_1571888776416_0001_01_000004 transitioned from LOCALIZED to RUNNING
rm_1        | 2019-10-24 03:47:18 INFO  AMLauncher:187 - Command to launch container container_1571888776416_0001_01_000001 : $JAVA_HOME/bin/java -Djava.io.tmpdir=$PWD/tmp -Dlog4j.configuration=container-log4j.properties -Dyarn.app.container.log.dir=<LOG_DIR> -Dyarn.app.container.log.filesize=0 -Dhadoop.root.logger=INFO,CLA -Dhadoop.root.logfile=syslog  -Xmx1024m org.apache.hadoop.mapreduce.v2.app.MRAppMaster 1><LOG_DIR>/stdout 2><LOG_DIR>/stderr 
nm_1        | 2019-10-24 03:47:51 INFO  ContainersMonitorImpl:196 - Neither virutal-memory nor physical-memory monitoring is needed. Not running the monitor-thread
rm_1        | 2019-10-24 03:47:18 INFO  AMRMTokenSecretManager:195 - Create AMRMToken for ApplicationAttempt: appattempt_1571888776416_0001_000001
nm_1        | 2019-10-24 03:47:51 INFO  DefaultContainerExecutor:268 - launchContainer: [bash, /tmp/hadoop-hadoop/nm-local-dir/usercache/hadoop/appcache/application_1571888776416_0001/container_1571888776416_0001_01_000004/default_container_executor.sh]
nm_1        | 2019-10-24 03:47:52 INFO  NodeStatusUpdaterImpl:490 - Removed completed containers from NM context: [container_1571888776416_0001_01_000003]
rm_1        | 2019-10-24 03:47:18 INFO  AMRMTokenSecretManager:307 - Creating password for appattempt_1571888776416_0001_000001
rm_1        | 2019-10-24 03:47:19 INFO  AMLauncher:126 - Done launching container Container: [ContainerId: container_1571888776416_0001_01_000001, NodeId: nm:37216, NodeHttpAddress: nm:8042, Resource: <memory:2048, vCores:1>, Priority: 0, Token: Token { kind: ContainerToken, service: 172.18.0.4:37216 }, ] for AM appattempt_1571888776416_0001_000001
rm_1        | 2019-10-24 03:47:19 INFO  RMAppAttemptImpl:815 - appattempt_1571888776416_0001_000001 State change from ALLOCATED to LAUNCHED
nm_1        | 2019-10-24 03:47:55 INFO  Server:1454 - Auth successful for appattempt_1571888776416_0001_000001 (auth:SIMPLE)
nm_1        | 2019-10-24 03:47:55 INFO  ContainerManagerImpl:960 - Stopping container with container Id: container_1571888776416_0001_01_000004
