datanode_2  | 2019-11-16 00:47:26,161 INFO segmented.SegmentedRaftLogWorker: c752097c-b093-4f57-9550-10b1e8e1d581@group-C06A8E0F56D0-SegmentedRaftLogWorker: created new log segment /data/metadata/ratis/534266be-1abc-4065-8333-c06a8e0f56d0/current/log_inprogress_0
datanode_3  | 2019-11-16 00:47:26,125 INFO segmented.SegmentedRaftLogWorker: 1f9400c9-f0f2-4a65-ac98-c54fdc318b18@group-C06A8E0F56D0-SegmentedRaftLogWorker: Starting segment from index:0
om_1        | 2019-11-16 00:49:36,323 INFO ipc.Server: Auth successful for testuser/scm@EXAMPLE.COM (auth:KERBEROS)
kdc_1       | Principal "om/scm@EXAMPLE.COM" created.
scm_1       | 2019-11-16 00:51:05,633 INFO authorize.ServiceAuthorizationManager: Authorization successful for dn/f40cd0f0bc47@EXAMPLE.COM (auth:KERBEROS) for protocol=interface org.apache.hadoop.ozone.protocol.StorageContainerDatanodeProtocol
datanode_1  | 2019-11-16 00:47:26,030 INFO impl.RaftServerImpl: 5908e08b-2a1a-462b-8b80-56f44a6f4e03@group-C06A8E0F56D0: change Leader from null to 5908e08b-2a1a-462b-8b80-56f44a6f4e03 at term 2 for becomeLeader, leader elected after 10467ms
s3g_1       | 	at java.base/jdk.internal.reflect.NativeMethodAccessorImpl.invoke0(Native Method)
datanode_2  | 2019-11-16 00:47:34,576 INFO client.DNCertificateClient: Getting certificate with certSerialId:13064184646300957.
datanode_3  | 2019-11-16 00:47:26,161 INFO segmented.SegmentedRaftLogWorker: 1f9400c9-f0f2-4a65-ac98-c54fdc318b18@group-C06A8E0F56D0-SegmentedRaftLogWorker: created new log segment /data/metadata/ratis/534266be-1abc-4065-8333-c06a8e0f56d0/current/log_inprogress_0
om_1        | 2019-11-16 00:49:36,334 INFO authorize.ServiceAuthorizationManager: Authorization successful for testuser/scm@EXAMPLE.COM (auth:KERBEROS) for protocol=interface org.apache.hadoop.ozone.om.protocol.OzoneManagerProtocol
kdc_1       | Authenticating as principal admin/admin with keytab /tmp/admin.keytab.
scm_1       | 2019-11-16 00:51:13,311 INFO ipc.Server: Auth successful for om/om@EXAMPLE.COM (auth:KERBEROS)
datanode_1  | 2019-11-16 00:47:26,030 INFO server.RaftServerConfigKeys: raft.server.staging.catchup.gap = 1000 (default)
s3g_1       | 	at java.base/jdk.internal.reflect.NativeMethodAccessorImpl.invoke(NativeMethodAccessorImpl.java:62)
datanode_3  | 2019-11-16 00:47:34,588 INFO client.DNCertificateClient: Getting certificate with certSerialId:13064184646300957.
om_1        | 2019-11-16 00:49:36,913 ERROR acl.OMBucketAddAclRequest: Add acl [user:superuser1:rwxy[ACCESS]] to path /06553-rpcwoport2/bb1 failed, because acl already exist
kdc_1       | Entry for principal om/scm@EXAMPLE.COM with kvno 2, encryption type aes256-cts-hmac-sha1-96 added to keytab WRFILE:/data/om.scm.keytab.
scm_1       | 2019-11-16 00:51:13,313 INFO authorize.ServiceAuthorizationManager: Authorization successful for om/om@EXAMPLE.COM (auth:KERBEROS) for protocol=interface org.apache.hadoop.hdds.scm.protocol.ScmBlockLocationProtocol
datanode_1  | 2019-11-16 00:47:26,030 INFO server.RaftServerConfigKeys: raft.server.rpc.sleep.time = 25ms (default)
s3g_1       | 	at java.base/jdk.internal.reflect.DelegatingMethodAccessorImpl.invoke(DelegatingMethodAccessorImpl.java:43)
om_1        | 2019-11-16 00:49:39,021 INFO ipc.Server: Auth successful for testuser/scm@EXAMPLE.COM (auth:KERBEROS)
kdc_1       | Entry for principal om/scm@EXAMPLE.COM with kvno 2, encryption type aes128-cts-hmac-sha1-96 added to keytab WRFILE:/data/om.scm.keytab.
scm_1       | 2019-11-16 00:51:13,314 INFO server.SCMBlockProtocolServer: SCM is informed by OM to delete 1 blocks
datanode_1  | 2019-11-16 00:47:26,030 INFO server.RaftServerConfigKeys: raft.server.write.element-limit = 4096 (default)
s3g_1       | 	at java.base/java.lang.reflect.Method.invoke(Method.java:566)
om_1        | 2019-11-16 00:49:39,036 INFO authorize.ServiceAuthorizationManager: Authorization successful for testuser/scm@EXAMPLE.COM (auth:KERBEROS) for protocol=interface org.apache.hadoop.ozone.om.protocol.OzoneManagerProtocol
scm_1       | 2019-11-16 00:51:13,314 INFO block.BlockManagerImpl: Deleting blocks conID: 2 locID: 103144845638566015 bcsId: 0
datanode_1  | 2019-11-16 00:47:26,030 INFO server.RaftServerConfigKeys: raft.server.watch.timeout = 10s (default)
s3g_1       | 	at org.jboss.weld.injection.StaticMethodInjectionPoint.invoke(StaticMethodInjectionPoint.java:88)
kdc_1       | Generiting keytab
om_1        | 2019-11-16 00:49:41,634 INFO ipc.Server: Auth successful for testuser/scm@EXAMPLE.COM (auth:KERBEROS)
scm_1       | 2019-11-16 00:51:35,629 INFO ipc.Server: Auth successful for dn/f6e9d362989d@EXAMPLE.COM (auth:KERBEROS)
s3g_1       | 	at org.jboss.weld.injection.StaticMethodInjectionPoint.invoke(StaticMethodInjectionPoint.java:78)
datanode_1  | 2019-11-16 00:47:26,031 INFO server.RaftServerConfigKeys: raft.server.watch.timeout.denomination = 1s (default)
kdc_1       | Authenticating as principal admin/admin with keytab /tmp/admin.keytab.
om_1        | 2019-11-16 00:49:41,647 INFO authorize.ServiceAuthorizationManager: Authorization successful for testuser/scm@EXAMPLE.COM (auth:KERBEROS) for protocol=interface org.apache.hadoop.ozone.om.protocol.OzoneManagerProtocol
scm_1       | 2019-11-16 00:51:35,633 INFO ipc.Server: Auth successful for dn/bfbb041aeb2c@EXAMPLE.COM (auth:KERBEROS)
s3g_1       | 	at org.jboss.weld.injection.producer.ProducerMethodProducer.produce(ProducerMethodProducer.java:100)
datanode_1  | 2019-11-16 00:47:26,031 INFO server.RaftServerConfigKeys: raft.server.watch.element-limit = 65536 (default)
kdc_1       | WARNING: no policy specified for om/63a6f34febd7@EXAMPLE.COM; defaulting to no policy
om_1        | 2019-11-16 00:49:44,391 INFO ipc.Server: Auth successful for testuser/scm@EXAMPLE.COM (auth:KERBEROS)
scm_1       | 2019-11-16 00:51:35,633 INFO ipc.Server: Auth successful for dn/f40cd0f0bc47@EXAMPLE.COM (auth:KERBEROS)
s3g_1       | 	at org.jboss.weld.injection.producer.AbstractMemberProducer.produce(AbstractMemberProducer.java:161)
datanode_1  | 2019-11-16 00:47:26,033 INFO server.RaftServerConfigKeys: raft.server.log.appender.snapshot.chunk.size.max = 16MB (=16777216) (default)
kdc_1       | Principal "om/63a6f34febd7@EXAMPLE.COM" created.
om_1        | 2019-11-16 00:49:44,403 INFO authorize.ServiceAuthorizationManager: Authorization successful for testuser/scm@EXAMPLE.COM (auth:KERBEROS) for protocol=interface org.apache.hadoop.ozone.om.protocol.OzoneManagerProtocol
scm_1       | 2019-11-16 00:51:35,634 INFO authorize.ServiceAuthorizationManager: Authorization successful for dn/f6e9d362989d@EXAMPLE.COM (auth:KERBEROS) for protocol=interface org.apache.hadoop.ozone.protocol.StorageContainerDatanodeProtocol
s3g_1       | 	at org.jboss.weld.bean.AbstractProducerBean.create(AbstractProducerBean.java:180)
datanode_1  | 2019-11-16 00:47:26,033 INFO server.RaftServerConfigKeys: raft.server.log.appender.buffer.byte-limit = 33554432 (custom)
scm_1       | 2019-11-16 00:51:35,636 INFO authorize.ServiceAuthorizationManager: Authorization successful for dn/bfbb041aeb2c@EXAMPLE.COM (auth:KERBEROS) for protocol=interface org.apache.hadoop.ozone.protocol.StorageContainerDatanodeProtocol
s3g_1       | 	at org.jboss.weld.context.unbound.DependentContextImpl.get(DependentContextImpl.java:70)
datanode_1  | 2019-11-16 00:47:26,034 INFO server.RaftServerConfigKeys: raft.server.log.appender.buffer.element-limit = 1 (custom)
scm_1       | 2019-11-16 00:51:35,638 INFO authorize.ServiceAuthorizationManager: Authorization successful for dn/f40cd0f0bc47@EXAMPLE.COM (auth:KERBEROS) for protocol=interface org.apache.hadoop.ozone.protocol.StorageContainerDatanodeProtocol
s3g_1       | 	at org.jboss.weld.bean.ContextualInstanceStrategy$DefaultContextualInstanceStrategy.get(ContextualInstanceStrategy.java:100)
kdc_1       | Authenticating as principal admin/admin with keytab /tmp/admin.keytab.
om_1        | 2019-11-16 00:49:47,153 INFO ipc.Server: Auth successful for testuser/scm@EXAMPLE.COM (auth:KERBEROS)
datanode_1  | 2019-11-16 00:47:26,036 INFO grpc.GrpcConfigKeys$Server: raft.grpc.server.leader.outstanding.appends.max = 128 (default)
scm_1       | 2019-11-16 00:51:36,995 INFO ipc.Server: Auth successful for om/om@EXAMPLE.COM (auth:KERBEROS)
s3g_1       | 	at org.jboss.weld.bean.ContextualInstance.get(ContextualInstance.java:50)
kdc_1       | Entry for principal om/63a6f34febd7@EXAMPLE.COM with kvno 2, encryption type aes256-cts-hmac-sha1-96 added to keytab WRFILE:/data/om.63a6f34febd7.keytab.
om_1        | 2019-11-16 00:49:47,166 INFO authorize.ServiceAuthorizationManager: Authorization successful for testuser/scm@EXAMPLE.COM (auth:KERBEROS) for protocol=interface org.apache.hadoop.ozone.om.protocol.OzoneManagerProtocol
datanode_1  | 2019-11-16 00:47:26,037 INFO server.RaftServerConfigKeys: raft.server.rpc.request.timeout = 3000ms (default)
s3g_1       | 	at org.jboss.weld.manager.BeanManagerImpl.getReference(BeanManagerImpl.java:785)
kdc_1       | Entry for principal om/63a6f34febd7@EXAMPLE.COM with kvno 2, encryption type aes128-cts-hmac-sha1-96 added to keytab WRFILE:/data/om.63a6f34febd7.keytab.
scm_1       | 2019-11-16 00:51:36,997 INFO authorize.ServiceAuthorizationManager: Authorization successful for om/om@EXAMPLE.COM (auth:KERBEROS) for protocol=interface org.apache.hadoop.hdds.scm.protocol.ScmBlockLocationProtocol
om_1        | 2019-11-16 00:49:49,922 INFO ipc.Server: Auth successful for testuser/scm@EXAMPLE.COM (auth:KERBEROS)
datanode_1  | 2019-11-16 00:47:26,037 INFO server.RaftServerConfigKeys: raft.server.log.appender.install.snapshot.enabled = false (custom)
s3g_1       | 	at org.jboss.weld.manager.BeanManagerImpl.getInjectableReference(BeanManagerImpl.java:885)
kdc_1       | Generiting keytab
om_1        | 2019-11-16 00:49:49,933 INFO authorize.ServiceAuthorizationManager: Authorization successful for testuser/scm@EXAMPLE.COM (auth:KERBEROS) for protocol=interface org.apache.hadoop.ozone.om.protocol.OzoneManagerProtocol
scm_1       | 2019-11-16 00:52:05,632 INFO ipc.Server: Auth successful for dn/f6e9d362989d@EXAMPLE.COM (auth:KERBEROS)
datanode_1  | 2019-11-16 00:47:26,038 WARN impl.MetricRegistriesImpl: First MetricRegistry has been created without registering reporters. You may need to call MetricRegistries.global().addReportRegistration(...) before.
s3g_1       | 	at org.jboss.weld.injection.FieldInjectionPoint.inject(FieldInjectionPoint.java:92)
om_1        | 2019-11-16 00:49:52,819 INFO ipc.Server: Auth successful for testuser/scm@EXAMPLE.COM (auth:KERBEROS)
kdc_1       | Authenticating as principal admin/admin with keytab /tmp/admin.keytab.
scm_1       | 2019-11-16 00:52:05,633 INFO ipc.Server: Auth successful for dn/f40cd0f0bc47@EXAMPLE.COM (auth:KERBEROS)
datanode_1  | 2019-11-16 00:47:26,039 INFO server.RaftServerConfigKeys: raft.server.log.appender.snapshot.chunk.size.max = 16MB (=16777216) (default)
s3g_1       | 	at org.jboss.weld.util.Beans.injectBoundFields(Beans.java:358)
om_1        | 2019-11-16 00:49:52,832 INFO authorize.ServiceAuthorizationManager: Authorization successful for testuser/scm@EXAMPLE.COM (auth:KERBEROS) for protocol=interface org.apache.hadoop.ozone.om.protocol.OzoneManagerProtocol
kdc_1       | WARNING: no policy specified for HTTP/bfbb041aeb2c@EXAMPLE.COM; defaulting to no policy
scm_1       | 2019-11-16 00:52:05,633 INFO ipc.Server: Auth successful for dn/bfbb041aeb2c@EXAMPLE.COM (auth:KERBEROS)
datanode_1  | 2019-11-16 00:47:26,039 INFO server.RaftServerConfigKeys: raft.server.log.appender.buffer.byte-limit = 33554432 (custom)
s3g_1       | 	at org.jboss.weld.util.Beans.injectFieldsAndInitializers(Beans.java:369)
om_1        | 2019-11-16 00:49:57,499 INFO ipc.Server: Auth successful for testuser/scm@EXAMPLE.COM (auth:KERBEROS)
kdc_1       | Principal "HTTP/bfbb041aeb2c@EXAMPLE.COM" created.
scm_1       | 2019-11-16 00:52:05,636 INFO authorize.ServiceAuthorizationManager: Authorization successful for dn/f6e9d362989d@EXAMPLE.COM (auth:KERBEROS) for protocol=interface org.apache.hadoop.ozone.protocol.StorageContainerDatanodeProtocol
s3g_1       | 	at org.jboss.weld.injection.producer.ResourceInjector$1.proceed(ResourceInjector.java:70)
datanode_1  | 2019-11-16 00:47:26,039 INFO server.RaftServerConfigKeys: raft.server.log.appender.buffer.element-limit = 1 (custom)
kdc_1       | Authenticating as principal admin/admin with keytab /tmp/admin.keytab.
scm_1       | 2019-11-16 00:52:05,636 INFO authorize.ServiceAuthorizationManager: Authorization successful for dn/f40cd0f0bc47@EXAMPLE.COM (auth:KERBEROS) for protocol=interface org.apache.hadoop.ozone.protocol.StorageContainerDatanodeProtocol
s3g_1       | 	at org.jboss.weld.injection.InjectionContextImpl.run(InjectionContextImpl.java:48)
om_1        | 2019-11-16 00:49:57,512 INFO authorize.ServiceAuthorizationManager: Authorization successful for testuser/scm@EXAMPLE.COM (auth:KERBEROS) for protocol=interface org.apache.hadoop.ozone.om.protocol.OzoneManagerProtocol
kdc_1       | Entry for principal HTTP/bfbb041aeb2c@EXAMPLE.COM with kvno 2, encryption type aes256-cts-hmac-sha1-96 added to keytab WRFILE:/data/HTTP.bfbb041aeb2c.keytab.
datanode_1  | 2019-11-16 00:47:26,039 INFO grpc.GrpcConfigKeys$Server: raft.grpc.server.leader.outstanding.appends.max = 128 (default)
scm_1       | 2019-11-16 00:52:05,637 INFO authorize.ServiceAuthorizationManager: Authorization successful for dn/bfbb041aeb2c@EXAMPLE.COM (auth:KERBEROS) for protocol=interface org.apache.hadoop.ozone.protocol.StorageContainerDatanodeProtocol
s3g_1       | 	at org.jboss.weld.injection.producer.ResourceInjector.inject(ResourceInjector.java:72)
kdc_1       | Entry for principal HTTP/bfbb041aeb2c@EXAMPLE.COM with kvno 2, encryption type aes128-cts-hmac-sha1-96 added to keytab WRFILE:/data/HTTP.bfbb041aeb2c.keytab.
om_1        | 2019-11-16 00:50:00,280 INFO ipc.Server: Auth successful for testuser/scm@EXAMPLE.COM (auth:KERBEROS)
scm_1       | 2019-11-16 00:52:13,354 INFO ipc.Server: Auth successful for om/om@EXAMPLE.COM (auth:KERBEROS)
s3g_1       | 	at org.jboss.weld.injection.producer.BasicInjectionTarget.inject(BasicInjectionTarget.java:117)
kdc_1       | Generiting keytab
datanode_1  | 2019-11-16 00:47:26,039 INFO server.RaftServerConfigKeys: raft.server.rpc.request.timeout = 3000ms (default)
om_1        | 2019-11-16 00:50:00,295 INFO authorize.ServiceAuthorizationManager: Authorization successful for testuser/scm@EXAMPLE.COM (auth:KERBEROS) for protocol=interface org.apache.hadoop.ozone.om.protocol.OzoneManagerProtocol
s3g_1       | 	at org.glassfish.jersey.ext.cdi1x.internal.CdiComponentProvider$InjectionManagerInjectedCdiTarget.inject(CdiComponentProvider.java:873)
scm_1       | 2019-11-16 00:52:13,356 INFO authorize.ServiceAuthorizationManager: Authorization successful for om/om@EXAMPLE.COM (auth:KERBEROS) for protocol=interface org.apache.hadoop.hdds.scm.protocol.ScmBlockLocationProtocol
datanode_1  | 2019-11-16 00:47:26,039 INFO server.RaftServerConfigKeys: raft.server.log.appender.install.snapshot.enabled = false (custom)
om_1        | 2019-11-16 00:50:03,124 INFO ipc.Server: Auth successful for testuser/scm@EXAMPLE.COM (auth:KERBEROS)
kdc_1       | Authenticating as principal admin/admin with keytab /tmp/admin.keytab.
scm_1       | 2019-11-16 00:52:13,357 INFO server.SCMBlockProtocolServer: SCM is informed by OM to delete 1 blocks
s3g_1       | 	at org.jboss.weld.bean.ManagedBean.create(ManagedBean.java:159)
om_1        | 2019-11-16 00:50:03,135 INFO authorize.ServiceAuthorizationManager: Authorization successful for testuser/scm@EXAMPLE.COM (auth:KERBEROS) for protocol=interface org.apache.hadoop.ozone.om.protocol.OzoneManagerProtocol
kdc_1       | WARNING: no policy specified for om/f40cd0f0bc47@EXAMPLE.COM; defaulting to no policy
scm_1       | 2019-11-16 00:52:13,357 INFO block.BlockManagerImpl: Deleting blocks conID: 3 locID: 103144849211261056 bcsId: 0
s3g_1       | 	at org.jboss.weld.context.unbound.DependentContextImpl.get(DependentContextImpl.java:70)
om_1        | 2019-11-16 00:50:05,943 INFO ipc.Server: Auth successful for testuser/scm@EXAMPLE.COM (auth:KERBEROS)
datanode_1  | 2019-11-16 00:47:26,042 INFO impl.RoleInfo: 5908e08b-2a1a-462b-8b80-56f44a6f4e03: start LeaderState
kdc_1       | Principal "om/f40cd0f0bc47@EXAMPLE.COM" created.
scm_1       | 2019-11-16 00:52:13,449 INFO container.ReplicationManager: Starting Replication Monitor Thread.
s3g_1       | 	at org.jboss.weld.bean.ContextualInstanceStrategy$DefaultContextualInstanceStrategy.get(ContextualInstanceStrategy.java:100)
om_1        | 2019-11-16 00:50:05,958 INFO authorize.ServiceAuthorizationManager: Authorization successful for testuser/scm@EXAMPLE.COM (auth:KERBEROS) for protocol=interface org.apache.hadoop.ozone.om.protocol.OzoneManagerProtocol
kdc_1       | Authenticating as principal admin/admin with keytab /tmp/admin.keytab.
scm_1       | 2019-11-16 00:52:13,465 INFO container.ReplicationManager: Replication Monitor Thread took 13 milliseconds for processing 3 containers.
s3g_1       | 	at org.jboss.weld.bean.ContextualInstance.get(ContextualInstance.java:50)
om_1        | 2019-11-16 00:50:08,841 INFO ipc.Server: Auth successful for testuser/scm@EXAMPLE.COM (auth:KERBEROS)
datanode_1  | 2019-11-16 00:47:26,042 INFO segmented.SegmentedRaftLogWorker: 5908e08b-2a1a-462b-8b80-56f44a6f4e03@group-C06A8E0F56D0-SegmentedRaftLogWorker: Starting segment from index:0
kdc_1       | Entry for principal om/f40cd0f0bc47@EXAMPLE.COM with kvno 2, encryption type aes256-cts-hmac-sha1-96 added to keytab WRFILE:/data/om.f40cd0f0bc47.keytab.
scm_1       | 2019-11-16 00:52:35,629 INFO ipc.Server: Auth successful for dn/f40cd0f0bc47@EXAMPLE.COM (auth:KERBEROS)
s3g_1       | 	at org.jboss.weld.manager.BeanManagerImpl.getReference(BeanManagerImpl.java:785)
om_1        | 2019-11-16 00:50:08,857 INFO authorize.ServiceAuthorizationManager: Authorization successful for testuser/scm@EXAMPLE.COM (auth:KERBEROS) for protocol=interface org.apache.hadoop.ozone.om.protocol.OzoneManagerProtocol
datanode_1  | 2019-11-16 00:47:26,067 INFO impl.RaftServerImpl: 5908e08b-2a1a-462b-8b80-56f44a6f4e03@group-C06A8E0F56D0: set configuration 0: [1f9400c9-f0f2-4a65-ac98-c54fdc318b18:172.19.0.3:9858, 5908e08b-2a1a-462b-8b80-56f44a6f4e03:172.19.0.7:9858, c752097c-b093-4f57-9550-10b1e8e1d581:172.19.0.6:9858], old=null at 0
scm_1       | 2019-11-16 00:52:35,630 INFO ipc.Server: Auth successful for dn/f6e9d362989d@EXAMPLE.COM (auth:KERBEROS)
om_1        | 2019-11-16 00:50:11,631 INFO ipc.Server: Auth successful for testuser/scm@EXAMPLE.COM (auth:KERBEROS)
s3g_1       | 	at org.jboss.weld.manager.BeanManagerImpl.getReference(BeanManagerImpl.java:808)
datanode_1  | 2019-11-16 00:47:26,126 INFO segmented.SegmentedRaftLogWorker: 5908e08b-2a1a-462b-8b80-56f44a6f4e03@group-C06A8E0F56D0-SegmentedRaftLogWorker: created new log segment /data/metadata/ratis/534266be-1abc-4065-8333-c06a8e0f56d0/current/log_inprogress_0
kdc_1       | Entry for principal om/f40cd0f0bc47@EXAMPLE.COM with kvno 2, encryption type aes128-cts-hmac-sha1-96 added to keytab WRFILE:/data/om.f40cd0f0bc47.keytab.
scm_1       | 2019-11-16 00:52:35,631 INFO ipc.Server: Auth successful for dn/bfbb041aeb2c@EXAMPLE.COM (auth:KERBEROS)
om_1        | 2019-11-16 00:50:11,646 INFO authorize.ServiceAuthorizationManager: Authorization successful for testuser/scm@EXAMPLE.COM (auth:KERBEROS) for protocol=interface org.apache.hadoop.ozone.om.protocol.OzoneManagerProtocol
s3g_1       | 	at org.jboss.weld.util.ForwardingBeanManager.getReference(ForwardingBeanManager.java:61)
kdc_1       | Generiting keytab
scm_1       | 2019-11-16 00:52:35,632 INFO authorize.ServiceAuthorizationManager: Authorization successful for dn/f40cd0f0bc47@EXAMPLE.COM (auth:KERBEROS) for protocol=interface org.apache.hadoop.ozone.protocol.StorageContainerDatanodeProtocol
om_1        | 2019-11-16 00:50:14,479 INFO ipc.Server: Auth successful for testuser/scm@EXAMPLE.COM (auth:KERBEROS)
datanode_1  | 2019-11-16 00:47:34,529 INFO client.DNCertificateClient: Getting certificate with certSerialId:13064184646300957.
s3g_1       | 	at org.jboss.weld.bean.builtin.BeanManagerProxy.getReference(BeanManagerProxy.java:85)
kdc_1       | Authenticating as principal admin/admin with keytab /tmp/admin.keytab.
scm_1       | 2019-11-16 00:52:35,635 INFO authorize.ServiceAuthorizationManager: Authorization successful for dn/f6e9d362989d@EXAMPLE.COM (auth:KERBEROS) for protocol=interface org.apache.hadoop.ozone.protocol.StorageContainerDatanodeProtocol
om_1        | 2019-11-16 00:50:14,492 INFO authorize.ServiceAuthorizationManager: Authorization successful for testuser/scm@EXAMPLE.COM (auth:KERBEROS) for protocol=interface org.apache.hadoop.ozone.om.protocol.OzoneManagerProtocol
s3g_1       | 	at org.glassfish.jersey.ext.cdi1x.internal.CdiUtil.getBeanReference(CdiUtil.java:151)
datanode_1  | 2019-11-16 00:48:42,443 WARN client.GrpcClientProtocolService: 2-OrderedRequestStreamObserver2: onError: org.apache.ratis.thirdparty.io.grpc.StatusRuntimeException: CANCELLED: cancelled before receiving half close
kdc_1       | WARNING: no policy specified for scm/f6e9d362989d@EXAMPLE.COM; defaulting to no policy
scm_1       | 2019-11-16 00:52:35,636 INFO authorize.ServiceAuthorizationManager: Authorization successful for dn/bfbb041aeb2c@EXAMPLE.COM (auth:KERBEROS) for protocol=interface org.apache.hadoop.ozone.protocol.StorageContainerDatanodeProtocol
om_1        | 2019-11-16 00:50:17,399 INFO ipc.Server: Auth successful for testuser/scm@EXAMPLE.COM (auth:KERBEROS)
datanode_1  | 2019-11-16 00:48:42,443 WARN client.GrpcClientProtocolService: 3-UnorderedRequestStreamObserver3: onError: org.apache.ratis.thirdparty.io.grpc.StatusRuntimeException: CANCELLED: cancelled before receiving half close
s3g_1       | 	at org.glassfish.jersey.ext.cdi1x.internal.AbstractCdiBeanSupplier$1.getInstance(AbstractCdiBeanSupplier.java:93)
kdc_1       | Principal "scm/f6e9d362989d@EXAMPLE.COM" created.
scm_1       | 2019-11-16 00:53:05,632 INFO ipc.Server: Auth successful for dn/f6e9d362989d@EXAMPLE.COM (auth:KERBEROS)
om_1        | 2019-11-16 00:50:17,414 INFO authorize.ServiceAuthorizationManager: Authorization successful for testuser/scm@EXAMPLE.COM (auth:KERBEROS) for protocol=interface org.apache.hadoop.ozone.om.protocol.OzoneManagerProtocol
datanode_1  | 2019-11-16 00:49:55,541 WARN client.GrpcClientProtocolService: 4-OrderedRequestStreamObserver4: onError: org.apache.ratis.thirdparty.io.grpc.StatusRuntimeException: CANCELLED: cancelled before receiving half close
kdc_1       | Authenticating as principal admin/admin with keytab /tmp/admin.keytab.
s3g_1       | 	at org.glassfish.jersey.ext.cdi1x.internal.AbstractCdiBeanSupplier._provide(AbstractCdiBeanSupplier.java:127)
scm_1       | 2019-11-16 00:53:05,632 INFO ipc.Server: Auth successful for dn/bfbb041aeb2c@EXAMPLE.COM (auth:KERBEROS)
om_1        | 2019-11-16 00:50:19,981 INFO ipc.Server: Auth successful for testuser/scm@EXAMPLE.COM (auth:KERBEROS)
datanode_1  | 2019-11-16 00:49:55,543 WARN client.GrpcClientProtocolService: 5-UnorderedRequestStreamObserver5: onError: org.apache.ratis.thirdparty.io.grpc.StatusRuntimeException: CANCELLED: cancelled before receiving half close
kdc_1       | Entry for principal scm/f6e9d362989d@EXAMPLE.COM with kvno 2, encryption type aes256-cts-hmac-sha1-96 added to keytab WRFILE:/data/scm.f6e9d362989d.keytab.
s3g_1       | 	at org.glassfish.jersey.ext.cdi1x.internal.RequestScopedCdiBeanSupplier.get(RequestScopedCdiBeanSupplier.java:70)
scm_1       | 2019-11-16 00:53:05,633 INFO ipc.Server: Auth successful for dn/f40cd0f0bc47@EXAMPLE.COM (auth:KERBEROS)
datanode_1  | 2019-11-16 00:50:44,361 WARN client.GrpcClientProtocolService: 6-OrderedRequestStreamObserver6: onError: org.apache.ratis.thirdparty.io.grpc.StatusRuntimeException: CANCELLED: cancelled before receiving half close
om_1        | 2019-11-16 00:50:19,993 INFO authorize.ServiceAuthorizationManager: Authorization successful for testuser/scm@EXAMPLE.COM (auth:KERBEROS) for protocol=interface org.apache.hadoop.ozone.om.protocol.OzoneManagerProtocol
kdc_1       | Entry for principal scm/f6e9d362989d@EXAMPLE.COM with kvno 2, encryption type aes128-cts-hmac-sha1-96 added to keytab WRFILE:/data/scm.f6e9d362989d.keytab.
s3g_1       | 	at org.glassfish.jersey.inject.hk2.InstanceSupplierFactoryBridge.provide(InstanceSupplierFactoryBridge.java:77)
scm_1       | 2019-11-16 00:53:05,637 INFO authorize.ServiceAuthorizationManager: Authorization successful for dn/f6e9d362989d@EXAMPLE.COM (auth:KERBEROS) for protocol=interface org.apache.hadoop.ozone.protocol.StorageContainerDatanodeProtocol
datanode_1  | 2019-11-16 00:50:44,361 WARN client.GrpcClientProtocolService: 7-UnorderedRequestStreamObserver7: onError: org.apache.ratis.thirdparty.io.grpc.StatusRuntimeException: CANCELLED: cancelled before receiving half close
om_1        | 2019-11-16 00:50:20,717 INFO volume.OMVolumeCreateRequest: created volume:06553-rpcwport for user:testuser/scm@EXAMPLE.COM
kdc_1       | Generiting keytab
s3g_1       | 	at org.jvnet.hk2.internal.FactoryCreator.create(FactoryCreator.java:153)
scm_1       | 2019-11-16 00:53:05,638 INFO authorize.ServiceAuthorizationManager: Authorization successful for dn/bfbb041aeb2c@EXAMPLE.COM (auth:KERBEROS) for protocol=interface org.apache.hadoop.ozone.protocol.StorageContainerDatanodeProtocol
datanode_1  | 2019-11-16 00:51:38,882 WARN client.GrpcClientProtocolService: 8-OrderedRequestStreamObserver8: onError: org.apache.ratis.thirdparty.io.grpc.StatusRuntimeException: CANCELLED: cancelled before receiving half close
om_1        | 2019-11-16 00:50:22,767 INFO ipc.Server: Auth successful for testuser/scm@EXAMPLE.COM (auth:KERBEROS)
kdc_1       | Authenticating as principal admin/admin with keytab /tmp/admin.keytab.
s3g_1       | 	at org.jvnet.hk2.internal.SystemDescriptor.create(SystemDescriptor.java:487)
scm_1       | 2019-11-16 00:53:05,639 INFO authorize.ServiceAuthorizationManager: Authorization successful for dn/f40cd0f0bc47@EXAMPLE.COM (auth:KERBEROS) for protocol=interface org.apache.hadoop.ozone.protocol.StorageContainerDatanodeProtocol
om_1        | 2019-11-16 00:50:22,779 INFO authorize.ServiceAuthorizationManager: Authorization successful for testuser/scm@EXAMPLE.COM (auth:KERBEROS) for protocol=interface org.apache.hadoop.ozone.om.protocol.OzoneManagerProtocol
datanode_1  | 2019-11-16 00:51:38,882 WARN client.GrpcClientProtocolService: 9-UnorderedRequestStreamObserver9: onError: org.apache.ratis.thirdparty.io.grpc.StatusRuntimeException: CANCELLED: cancelled before receiving half close
kdc_1       | WARNING: no policy specified for scm/om@EXAMPLE.COM; defaulting to no policy
s3g_1       | 	at org.jvnet.hk2.internal.PerLookupContext.findOrCreate(PerLookupContext.java:70)
scm_1       | 2019-11-16 00:53:35,639 INFO ipc.Server: Auth successful for dn/f40cd0f0bc47@EXAMPLE.COM (auth:KERBEROS)
om_1        | 2019-11-16 00:50:25,457 INFO ipc.Server: Auth successful for testuser/scm@EXAMPLE.COM (auth:KERBEROS)
datanode_1  | 2019-11-16 00:53:45,152 WARN client.GrpcClientProtocolService: 10-OrderedRequestStreamObserver10: onError: org.apache.ratis.thirdparty.io.grpc.StatusRuntimeException: CANCELLED: cancelled before receiving half close
s3g_1       | 	at org.jvnet.hk2.internal.Utilities.createService(Utilities.java:2126)
kdc_1       | Principal "scm/om@EXAMPLE.COM" created.
scm_1       | 2019-11-16 00:53:35,641 INFO ipc.Server: Auth successful for dn/bfbb041aeb2c@EXAMPLE.COM (auth:KERBEROS)
om_1        | 2019-11-16 00:50:25,470 INFO authorize.ServiceAuthorizationManager: Authorization successful for testuser/scm@EXAMPLE.COM (auth:KERBEROS) for protocol=interface org.apache.hadoop.ozone.om.protocol.OzoneManagerProtocol
datanode_1  | 2019-11-16 00:53:45,154 WARN client.GrpcClientProtocolService: 11-UnorderedRequestStreamObserver11: onError: org.apache.ratis.thirdparty.io.grpc.StatusRuntimeException: CANCELLED: cancelled before receiving half close
s3g_1       | 	at org.jvnet.hk2.internal.ServiceLocatorImpl.internalGetService(ServiceLocatorImpl.java:777)
kdc_1       | Authenticating as principal admin/admin with keytab /tmp/admin.keytab.
scm_1       | 2019-11-16 00:53:35,645 INFO authorize.ServiceAuthorizationManager: Authorization successful for dn/f40cd0f0bc47@EXAMPLE.COM (auth:KERBEROS) for protocol=interface org.apache.hadoop.ozone.protocol.StorageContainerDatanodeProtocol
om_1        | 2019-11-16 00:50:28,330 INFO ipc.Server: Auth successful for testuser/scm@EXAMPLE.COM (auth:KERBEROS)
datanode_1  | 2019-11-16 00:57:36,214 WARN client.GrpcClientProtocolService: 26-OrderedRequestStreamObserver26: onError: org.apache.ratis.thirdparty.io.grpc.StatusRuntimeException: CANCELLED: cancelled before receiving half close
s3g_1       | 	at org.jvnet.hk2.internal.ServiceLocatorImpl.internalGetService(ServiceLocatorImpl.java:740)
kdc_1       | Nov 16 00:46:56 kdc krb5kdc[9](info): AS_REQ (8 etypes {18 17 20 19 16 23 25 26}) 127.0.0.1: SERVER_NOT_FOUND: admin/admin@EXAMPLE.COM for kadmin/localhost@EXAMPLE.COM, Server not found in Kerberos database
scm_1       | 2019-11-16 00:53:36,012 INFO authorize.ServiceAuthorizationManager: Authorization successful for dn/bfbb041aeb2c@EXAMPLE.COM (auth:KERBEROS) for protocol=interface org.apache.hadoop.ozone.protocol.StorageContainerDatanodeProtocol
om_1        | 2019-11-16 00:50:28,342 INFO authorize.ServiceAuthorizationManager: Authorization successful for testuser/scm@EXAMPLE.COM (auth:KERBEROS) for protocol=interface org.apache.hadoop.ozone.om.protocol.OzoneManagerProtocol
datanode_1  | 2019-11-16 00:57:36,216 WARN client.GrpcClientProtocolService: 27-UnorderedRequestStreamObserver27: onError: org.apache.ratis.thirdparty.io.grpc.StatusRuntimeException: CANCELLED: cancelled before receiving half close
kdc_1       | Nov 16 00:46:56 kdc krb5kdc[9](info): AS_REQ (8 etypes {18 17 20 19 16 23 25 26}) 127.0.0.1: ISSUE: authtime 1573865216, etypes {rep=18 tkt=18 ses=18}, admin/admin@EXAMPLE.COM for kadmin/admin@EXAMPLE.COM
scm_1       | 2019-11-16 00:53:36,024 INFO ipc.Server: Auth successful for dn/f6e9d362989d@EXAMPLE.COM (auth:KERBEROS)
s3g_1       | 	at org.jvnet.hk2.internal.ServiceLocatorImpl.getService(ServiceLocatorImpl.java:710)
om_1        | 2019-11-16 00:50:30,919 INFO ipc.Server: Auth successful for testuser/scm@EXAMPLE.COM (auth:KERBEROS)
kdc_1       | Nov 16 00:46:56 kdc krb5kdc[9](info): AS_REQ (8 etypes {18 17 20 19 16 23 25 26}) 127.0.0.1: SERVER_NOT_FOUND: admin/admin@EXAMPLE.COM for kadmin/localhost@EXAMPLE.COM, Server not found in Kerberos database
scm_1       | 2019-11-16 00:53:36,028 INFO authorize.ServiceAuthorizationManager: Authorization successful for dn/f6e9d362989d@EXAMPLE.COM (auth:KERBEROS) for protocol=interface org.apache.hadoop.ozone.protocol.StorageContainerDatanodeProtocol
s3g_1       | 	at org.glassfish.jersey.inject.hk2.AbstractHk2InjectionManager.getInstance(AbstractHk2InjectionManager.java:184)
om_1        | 2019-11-16 00:50:30,934 INFO authorize.ServiceAuthorizationManager: Authorization successful for testuser/scm@EXAMPLE.COM (auth:KERBEROS) for protocol=interface org.apache.hadoop.ozone.om.protocol.OzoneManagerProtocol
kdc_1       | Nov 16 00:46:56 kdc krb5kdc[9](info): AS_REQ (8 etypes {18 17 20 19 16 23 25 26}) 127.0.0.1: ISSUE: authtime 1573865216, etypes {rep=18 tkt=18 ses=18}, admin/admin@EXAMPLE.COM for kadmin/admin@EXAMPLE.COM
scm_1       | 2019-11-16 00:53:43,266 INFO ipc.Server: Auth successful for om/om@EXAMPLE.COM (auth:KERBEROS)
om_1        | 2019-11-16 00:50:33,636 INFO ipc.Server: Auth successful for testuser/scm@EXAMPLE.COM (auth:KERBEROS)
kdc_1       | Nov 16 00:46:56 kdc krb5kdc[9](info): AS_REQ (8 etypes {18 17 20 19 16 23 25 26}) 127.0.0.1: SERVER_NOT_FOUND: admin/admin@EXAMPLE.COM for kadmin/localhost@EXAMPLE.COM, Server not found in Kerberos database
s3g_1       | 	at org.glassfish.jersey.inject.hk2.ImmediateHk2InjectionManager.getInstance(ImmediateHk2InjectionManager.java:54)
scm_1       | 2019-11-16 00:53:43,268 INFO authorize.ServiceAuthorizationManager: Authorization successful for om/om@EXAMPLE.COM (auth:KERBEROS) for protocol=interface org.apache.hadoop.hdds.scm.protocol.ScmBlockLocationProtocol
om_1        | 2019-11-16 00:50:33,651 INFO authorize.ServiceAuthorizationManager: Authorization successful for testuser/scm@EXAMPLE.COM (auth:KERBEROS) for protocol=interface org.apache.hadoop.ozone.om.protocol.OzoneManagerProtocol
kdc_1       | Nov 16 00:46:56 kdc krb5kdc[9](info): AS_REQ (8 etypes {18 17 20 19 16 23 25 26}) 127.0.0.1: ISSUE: authtime 1573865216, etypes {rep=18 tkt=18 ses=18}, admin/admin@EXAMPLE.COM for kadmin/admin@EXAMPLE.COM
s3g_1       | 	at org.glassfish.jersey.internal.inject.Injections.getOrCreate(Injections.java:129)
scm_1       | 2019-11-16 00:54:05,634 INFO ipc.Server: Auth successful for dn/f40cd0f0bc47@EXAMPLE.COM (auth:KERBEROS)
om_1        | 2019-11-16 00:50:36,460 INFO ipc.Server: Auth successful for testuser/scm@EXAMPLE.COM (auth:KERBEROS)
kdc_1       | Nov 16 00:46:56 kdc krb5kdc[9](info): AS_REQ (8 etypes {18 17 20 19 16 23 25 26}) 127.0.0.1: SERVER_NOT_FOUND: admin/admin@EXAMPLE.COM for kadmin/localhost@EXAMPLE.COM, Server not found in Kerberos database
s3g_1       | 	at org.glassfish.jersey.server.model.MethodHandler$ClassBasedMethodHandler.getInstance(MethodHandler.java:284)
scm_1       | 2019-11-16 00:54:05,640 INFO authorize.ServiceAuthorizationManager: Authorization successful for dn/f40cd0f0bc47@EXAMPLE.COM (auth:KERBEROS) for protocol=interface org.apache.hadoop.ozone.protocol.StorageContainerDatanodeProtocol
om_1        | 2019-11-16 00:50:36,473 INFO authorize.ServiceAuthorizationManager: Authorization successful for testuser/scm@EXAMPLE.COM (auth:KERBEROS) for protocol=interface org.apache.hadoop.ozone.om.protocol.OzoneManagerProtocol
kdc_1       | Nov 16 00:46:56 kdc krb5kdc[9](info): AS_REQ (8 etypes {18 17 20 19 16 23 25 26}) 127.0.0.1: ISSUE: authtime 1573865216, etypes {rep=18 tkt=18 ses=18}, admin/admin@EXAMPLE.COM for kadmin/admin@EXAMPLE.COM
s3g_1       | 	at org.glassfish.jersey.server.internal.routing.PushMethodHandlerRouter.apply(PushMethodHandlerRouter.java:75)
scm_1       | 2019-11-16 00:54:05,643 INFO ipc.Server: Auth successful for dn/f6e9d362989d@EXAMPLE.COM (auth:KERBEROS)
kdc_1       | Nov 16 00:46:56 kdc krb5kdc[9](info): AS_REQ (8 etypes {18 17 20 19 16 23 25 26}) 127.0.0.1: SERVER_NOT_FOUND: admin/admin@EXAMPLE.COM for kadmin/localhost@EXAMPLE.COM, Server not found in Kerberos database
om_1        | 2019-11-16 00:50:39,148 INFO ipc.Server: Auth successful for testuser/scm@EXAMPLE.COM (auth:KERBEROS)
s3g_1       | 	at org.glassfish.jersey.server.internal.routing.RoutingStage._apply(RoutingStage.java:110)
scm_1       | 2019-11-16 00:54:05,644 INFO ipc.Server: Auth successful for dn/bfbb041aeb2c@EXAMPLE.COM (auth:KERBEROS)
kdc_1       | Nov 16 00:46:56 kdc krb5kdc[9](info): AS_REQ (8 etypes {18 17 20 19 16 23 25 26}) 127.0.0.1: ISSUE: authtime 1573865216, etypes {rep=18 tkt=18 ses=18}, admin/admin@EXAMPLE.COM for kadmin/admin@EXAMPLE.COM
om_1        | 2019-11-16 00:50:39,161 INFO authorize.ServiceAuthorizationManager: Authorization successful for testuser/scm@EXAMPLE.COM (auth:KERBEROS) for protocol=interface org.apache.hadoop.ozone.om.protocol.OzoneManagerProtocol
s3g_1       | 	at org.glassfish.jersey.server.internal.routing.RoutingStage._apply(RoutingStage.java:113)
scm_1       | 2019-11-16 00:54:05,647 INFO authorize.ServiceAuthorizationManager: Authorization successful for dn/bfbb041aeb2c@EXAMPLE.COM (auth:KERBEROS) for protocol=interface org.apache.hadoop.ozone.protocol.StorageContainerDatanodeProtocol
kdc_1       | Nov 16 00:46:56 kdc krb5kdc[9](info): AS_REQ (8 etypes {18 17 20 19 16 23 25 26}) 127.0.0.1: SERVER_NOT_FOUND: admin/admin@EXAMPLE.COM for kadmin/localhost@EXAMPLE.COM, Server not found in Kerberos database
om_1        | 2019-11-16 00:50:41,871 INFO ipc.Server: Auth successful for testuser/scm@EXAMPLE.COM (auth:KERBEROS)
s3g_1       | 	at org.glassfish.jersey.server.internal.routing.RoutingStage._apply(RoutingStage.java:113)
scm_1       | 2019-11-16 00:54:05,651 INFO authorize.ServiceAuthorizationManager: Authorization successful for dn/f6e9d362989d@EXAMPLE.COM (auth:KERBEROS) for protocol=interface org.apache.hadoop.ozone.protocol.StorageContainerDatanodeProtocol
kdc_1       | Nov 16 00:46:56 kdc krb5kdc[9](info): AS_REQ (8 etypes {18 17 20 19 16 23 25 26}) 127.0.0.1: ISSUE: authtime 1573865216, etypes {rep=18 tkt=18 ses=18}, admin/admin@EXAMPLE.COM for kadmin/admin@EXAMPLE.COM
om_1        | 2019-11-16 00:50:41,884 INFO authorize.ServiceAuthorizationManager: Authorization successful for testuser/scm@EXAMPLE.COM (auth:KERBEROS) for protocol=interface org.apache.hadoop.ozone.om.protocol.OzoneManagerProtocol
s3g_1       | 	at org.glassfish.jersey.server.internal.routing.RoutingStage._apply(RoutingStage.java:113)
scm_1       | 2019-11-16 00:54:35,627 INFO ipc.Server: Auth successful for dn/f6e9d362989d@EXAMPLE.COM (auth:KERBEROS)
kdc_1       | Nov 16 00:46:56 kdc krb5kdc[9](info): AS_REQ (8 etypes {18 17 20 19 16 23 25 26}) 127.0.0.1: SERVER_NOT_FOUND: admin/admin@EXAMPLE.COM for kadmin/localhost@EXAMPLE.COM, Server not found in Kerberos database
om_1        | 2019-11-16 00:50:46,436 INFO ipc.Server: Auth successful for testuser/scm@EXAMPLE.COM (auth:KERBEROS)
s3g_1       | 	at org.glassfish.jersey.server.internal.routing.RoutingStage.apply(RoutingStage.java:93)
scm_1       | 2019-11-16 00:54:35,631 INFO ipc.Server: Auth successful for dn/bfbb041aeb2c@EXAMPLE.COM (auth:KERBEROS)
kdc_1       | Nov 16 00:46:56 kdc krb5kdc[9](info): AS_REQ (8 etypes {18 17 20 19 16 23 25 26}) 127.0.0.1: ISSUE: authtime 1573865216, etypes {rep=18 tkt=18 ses=18}, admin/admin@EXAMPLE.COM for kadmin/admin@EXAMPLE.COM
om_1        | 2019-11-16 00:50:46,448 INFO authorize.ServiceAuthorizationManager: Authorization successful for testuser/scm@EXAMPLE.COM (auth:KERBEROS) for protocol=interface org.apache.hadoop.ozone.om.protocol.OzoneManagerProtocol
s3g_1       | 	at org.glassfish.jersey.server.internal.routing.RoutingStage.apply(RoutingStage.java:62)
scm_1       | 2019-11-16 00:54:35,631 INFO authorize.ServiceAuthorizationManager: Authorization successful for dn/f6e9d362989d@EXAMPLE.COM (auth:KERBEROS) for protocol=interface org.apache.hadoop.ozone.protocol.StorageContainerDatanodeProtocol
kdc_1       | Nov 16 00:46:56 kdc krb5kdc[9](info): AS_REQ (8 etypes {18 17 20 19 16 23 25 26}) 127.0.0.1: SERVER_NOT_FOUND: admin/admin@EXAMPLE.COM for kadmin/localhost@EXAMPLE.COM, Server not found in Kerberos database
om_1        | 2019-11-16 00:50:50,763 INFO ipc.Server: Auth successful for testuser/scm@EXAMPLE.COM (auth:KERBEROS)
s3g_1       | 	at org.glassfish.jersey.process.internal.Stages.process(Stages.java:197)
scm_1       | 2019-11-16 00:54:35,632 INFO ipc.Server: Auth successful for dn/f40cd0f0bc47@EXAMPLE.COM (auth:KERBEROS)
kdc_1       | Nov 16 00:46:56 kdc krb5kdc[9](info): AS_REQ (8 etypes {18 17 20 19 16 23 25 26}) 127.0.0.1: ISSUE: authtime 1573865216, etypes {rep=18 tkt=18 ses=18}, admin/admin@EXAMPLE.COM for kadmin/admin@EXAMPLE.COM
om_1        | 2019-11-16 00:50:50,775 INFO authorize.ServiceAuthorizationManager: Authorization successful for testuser/scm@EXAMPLE.COM (auth:KERBEROS) for protocol=interface org.apache.hadoop.ozone.om.protocol.OzoneManagerProtocol
s3g_1       | 	at org.glassfish.jersey.server.ServerRuntime$1.run(ServerRuntime.java:269)
kdc_1       | Nov 16 00:46:56 kdc krb5kdc[9](info): AS_REQ (8 etypes {18 17 20 19 16 23 25 26}) 127.0.0.1: SERVER_NOT_FOUND: admin/admin@EXAMPLE.COM for kadmin/localhost@EXAMPLE.COM, Server not found in Kerberos database
om_1        | 2019-11-16 00:50:53,430 INFO ipc.Server: Auth successful for testuser/scm@EXAMPLE.COM (auth:KERBEROS)
s3g_1       | 	at org.glassfish.jersey.internal.Errors$1.call(Errors.java:272)
scm_1       | 2019-11-16 00:54:35,633 INFO authorize.ServiceAuthorizationManager: Authorization successful for dn/bfbb041aeb2c@EXAMPLE.COM (auth:KERBEROS) for protocol=interface org.apache.hadoop.ozone.protocol.StorageContainerDatanodeProtocol
kdc_1       | Nov 16 00:46:56 kdc krb5kdc[9](info): AS_REQ (8 etypes {18 17 20 19 16 23 25 26}) 127.0.0.1: ISSUE: authtime 1573865216, etypes {rep=18 tkt=18 ses=18}, admin/admin@EXAMPLE.COM for kadmin/admin@EXAMPLE.COM
om_1        | 2019-11-16 00:50:53,446 INFO authorize.ServiceAuthorizationManager: Authorization successful for testuser/scm@EXAMPLE.COM (auth:KERBEROS) for protocol=interface org.apache.hadoop.ozone.om.protocol.OzoneManagerProtocol
s3g_1       | 	at org.glassfish.jersey.internal.Errors$1.call(Errors.java:268)
scm_1       | 2019-11-16 00:54:35,634 INFO authorize.ServiceAuthorizationManager: Authorization successful for dn/f40cd0f0bc47@EXAMPLE.COM (auth:KERBEROS) for protocol=interface org.apache.hadoop.ozone.protocol.StorageContainerDatanodeProtocol
s3g_1       | 	at org.glassfish.jersey.internal.Errors.process(Errors.java:316)
scm_1       | 2019-11-16 00:55:05,630 INFO ipc.Server: Auth successful for dn/f6e9d362989d@EXAMPLE.COM (auth:KERBEROS)
s3g_1       | 	at org.glassfish.jersey.internal.Errors.process(Errors.java:298)
scm_1       | 2019-11-16 00:55:05,631 INFO ipc.Server: Auth successful for dn/bfbb041aeb2c@EXAMPLE.COM (auth:KERBEROS)
scm_1       | 2019-11-16 00:55:05,632 INFO ipc.Server: Auth successful for dn/f40cd0f0bc47@EXAMPLE.COM (auth:KERBEROS)
s3g_1       | 	at org.glassfish.jersey.internal.Errors.process(Errors.java:268)
kdc_1       | Nov 16 00:46:56 kdc krb5kdc[9](info): AS_REQ (8 etypes {18 17 20 19 16 23 25 26}) 127.0.0.1: SERVER_NOT_FOUND: admin/admin@EXAMPLE.COM for kadmin/localhost@EXAMPLE.COM, Server not found in Kerberos database
om_1        | 2019-11-16 00:50:56,363 INFO ipc.Server: Auth successful for testuser/scm@EXAMPLE.COM (auth:KERBEROS)
scm_1       | 2019-11-16 00:55:05,633 INFO authorize.ServiceAuthorizationManager: Authorization successful for dn/f6e9d362989d@EXAMPLE.COM (auth:KERBEROS) for protocol=interface org.apache.hadoop.ozone.protocol.StorageContainerDatanodeProtocol
s3g_1       | 	at org.glassfish.jersey.process.internal.RequestScope.runInScope(RequestScope.java:289)
kdc_1       | Nov 16 00:46:56 kdc krb5kdc[9](info): AS_REQ (8 etypes {18 17 20 19 16 23 25 26}) 127.0.0.1: ISSUE: authtime 1573865216, etypes {rep=18 tkt=18 ses=18}, admin/admin@EXAMPLE.COM for kadmin/admin@EXAMPLE.COM
om_1        | 2019-11-16 00:50:56,375 INFO authorize.ServiceAuthorizationManager: Authorization successful for testuser/scm@EXAMPLE.COM (auth:KERBEROS) for protocol=interface org.apache.hadoop.ozone.om.protocol.OzoneManagerProtocol
s3g_1       | 	at org.glassfish.jersey.server.ServerRuntime.process(ServerRuntime.java:256)
scm_1       | 2019-11-16 00:55:05,634 INFO authorize.ServiceAuthorizationManager: Authorization successful for dn/bfbb041aeb2c@EXAMPLE.COM (auth:KERBEROS) for protocol=interface org.apache.hadoop.ozone.protocol.StorageContainerDatanodeProtocol
kdc_1       | Nov 16 00:46:57 kdc krb5kdc[9](info): AS_REQ (8 etypes {18 17 20 19 16 23 25 26}) 127.0.0.1: SERVER_NOT_FOUND: admin/admin@EXAMPLE.COM for kadmin/localhost@EXAMPLE.COM, Server not found in Kerberos database
om_1        | 2019-11-16 00:50:59,304 INFO ipc.Server: Auth successful for testuser/scm@EXAMPLE.COM (auth:KERBEROS)
s3g_1       | 	at org.glassfish.jersey.server.ApplicationHandler.handle(ApplicationHandler.java:703)
scm_1       | 2019-11-16 00:55:05,636 INFO authorize.ServiceAuthorizationManager: Authorization successful for dn/f40cd0f0bc47@EXAMPLE.COM (auth:KERBEROS) for protocol=interface org.apache.hadoop.ozone.protocol.StorageContainerDatanodeProtocol
kdc_1       | Nov 16 00:46:57 kdc krb5kdc[9](info): AS_REQ (8 etypes {18 17 20 19 16 23 25 26}) 127.0.0.1: ISSUE: authtime 1573865217, etypes {rep=18 tkt=18 ses=18}, admin/admin@EXAMPLE.COM for kadmin/admin@EXAMPLE.COM
om_1        | 2019-11-16 00:50:59,319 INFO authorize.ServiceAuthorizationManager: Authorization successful for testuser/scm@EXAMPLE.COM (auth:KERBEROS) for protocol=interface org.apache.hadoop.ozone.om.protocol.OzoneManagerProtocol
s3g_1       | 	at org.glassfish.jersey.servlet.WebComponent.serviceImpl(WebComponent.java:416)
scm_1       | 2019-11-16 00:55:16,128 INFO ipc.Server: Auth successful for om/om@EXAMPLE.COM (auth:KERBEROS)
kdc_1       | Nov 16 00:46:57 kdc krb5kdc[9](info): AS_REQ (8 etypes {18 17 20 19 16 23 25 26}) 127.0.0.1: SERVER_NOT_FOUND: admin/admin@EXAMPLE.COM for kadmin/localhost@EXAMPLE.COM, Server not found in Kerberos database
om_1        | 2019-11-16 00:51:01,789 INFO ipc.Server: Auth successful for testuser/scm@EXAMPLE.COM (auth:KERBEROS)
s3g_1       | 	at org.glassfish.jersey.servlet.WebComponent.service(WebComponent.java:370)
scm_1       | 2019-11-16 00:55:16,130 INFO authorize.ServiceAuthorizationManager: Authorization successful for om/om@EXAMPLE.COM (auth:KERBEROS) for protocol=interface org.apache.hadoop.hdds.scm.protocol.StorageContainerLocationProtocol
kdc_1       | Nov 16 00:46:57 kdc krb5kdc[9](info): AS_REQ (8 etypes {18 17 20 19 16 23 25 26}) 127.0.0.1: ISSUE: authtime 1573865217, etypes {rep=18 tkt=18 ses=18}, admin/admin@EXAMPLE.COM for kadmin/admin@EXAMPLE.COM
om_1        | 2019-11-16 00:51:01,806 INFO authorize.ServiceAuthorizationManager: Authorization successful for testuser/scm@EXAMPLE.COM (auth:KERBEROS) for protocol=interface org.apache.hadoop.ozone.om.protocol.OzoneManagerProtocol
s3g_1       | 	at org.glassfish.jersey.servlet.ServletContainer.service(ServletContainer.java:389)
scm_1       | 2019-11-16 00:55:35,637 INFO ipc.Server: Auth successful for dn/f6e9d362989d@EXAMPLE.COM (auth:KERBEROS)
kdc_1       | Nov 16 00:46:57 kdc krb5kdc[9](info): AS_REQ (8 etypes {18 17 20 19 16 23 25 26}) 127.0.0.1: SERVER_NOT_FOUND: admin/admin@EXAMPLE.COM for kadmin/localhost@EXAMPLE.COM, Server not found in Kerberos database
s3g_1       | 	at org.glassfish.jersey.servlet.ServletContainer.service(ServletContainer.java:342)
om_1        | 2019-11-16 00:51:04,671 INFO ipc.Server: Auth successful for testuser/scm@EXAMPLE.COM (auth:KERBEROS)
scm_1       | 2019-11-16 00:55:35,638 INFO ipc.Server: Auth successful for dn/bfbb041aeb2c@EXAMPLE.COM (auth:KERBEROS)
kdc_1       | Nov 16 00:46:57 kdc krb5kdc[9](info): AS_REQ (8 etypes {18 17 20 19 16 23 25 26}) 127.0.0.1: ISSUE: authtime 1573865217, etypes {rep=18 tkt=18 ses=18}, admin/admin@EXAMPLE.COM for kadmin/admin@EXAMPLE.COM
s3g_1       | 	at org.glassfish.jersey.servlet.ServletContainer.service(ServletContainer.java:229)
scm_1       | 2019-11-16 00:55:35,639 INFO ipc.Server: Auth successful for dn/f40cd0f0bc47@EXAMPLE.COM (auth:KERBEROS)
kdc_1       | Nov 16 00:46:57 kdc krb5kdc[9](info): AS_REQ (8 etypes {18 17 20 19 16 23 25 26}) 127.0.0.1: SERVER_NOT_FOUND: admin/admin@EXAMPLE.COM for kadmin/localhost@EXAMPLE.COM, Server not found in Kerberos database
s3g_1       | 	at org.eclipse.jetty.servlet.ServletHolder.handle(ServletHolder.java:840)
om_1        | 2019-11-16 00:51:04,682 INFO authorize.ServiceAuthorizationManager: Authorization successful for testuser/scm@EXAMPLE.COM (auth:KERBEROS) for protocol=interface org.apache.hadoop.ozone.om.protocol.OzoneManagerProtocol
scm_1       | 2019-11-16 00:55:35,640 INFO authorize.ServiceAuthorizationManager: Authorization successful for dn/f6e9d362989d@EXAMPLE.COM (auth:KERBEROS) for protocol=interface org.apache.hadoop.ozone.protocol.StorageContainerDatanodeProtocol
kdc_1       | Nov 16 00:46:57 kdc krb5kdc[9](info): AS_REQ (8 etypes {18 17 20 19 16 23 25 26}) 127.0.0.1: ISSUE: authtime 1573865217, etypes {rep=18 tkt=18 ses=18}, admin/admin@EXAMPLE.COM for kadmin/admin@EXAMPLE.COM
s3g_1       | 	at org.eclipse.jetty.servlet.ServletHandler$CachedChain.doFilter(ServletHandler.java:1780)
kdc_1       | Nov 16 00:46:57 kdc krb5kdc[9](info): AS_REQ (8 etypes {18 17 20 19 16 23 25 26}) 127.0.0.1: SERVER_NOT_FOUND: admin/admin@EXAMPLE.COM for kadmin/localhost@EXAMPLE.COM, Server not found in Kerberos database
scm_1       | 2019-11-16 00:55:35,645 INFO authorize.ServiceAuthorizationManager: Authorization successful for dn/bfbb041aeb2c@EXAMPLE.COM (auth:KERBEROS) for protocol=interface org.apache.hadoop.ozone.protocol.StorageContainerDatanodeProtocol
om_1        | 2019-11-16 00:51:07,326 INFO ipc.Server: Auth successful for testuser/scm@EXAMPLE.COM (auth:KERBEROS)
s3g_1       | 	at org.apache.hadoop.http.HttpServer2$QuotingInputFilter.doFilter(HttpServer2.java:1609)
kdc_1       | Nov 16 00:46:57 kdc krb5kdc[9](info): AS_REQ (8 etypes {18 17 20 19 16 23 25 26}) 127.0.0.1: ISSUE: authtime 1573865217, etypes {rep=18 tkt=18 ses=18}, admin/admin@EXAMPLE.COM for kadmin/admin@EXAMPLE.COM
scm_1       | 2019-11-16 00:55:35,648 INFO authorize.ServiceAuthorizationManager: Authorization successful for dn/f40cd0f0bc47@EXAMPLE.COM (auth:KERBEROS) for protocol=interface org.apache.hadoop.ozone.protocol.StorageContainerDatanodeProtocol
s3g_1       | 	at org.eclipse.jetty.servlet.ServletHandler$CachedChain.doFilter(ServletHandler.java:1767)
kdc_1       | Nov 16 00:46:57 kdc krb5kdc[9](info): AS_REQ (8 etypes {18 17 20 19 16 23 25 26}) 127.0.0.1: SERVER_NOT_FOUND: admin/admin@EXAMPLE.COM for kadmin/localhost@EXAMPLE.COM, Server not found in Kerberos database
scm_1       | 2019-11-16 00:55:55,064 INFO ipc.Server: Auth successful for om/om@EXAMPLE.COM (auth:KERBEROS)
om_1        | 2019-11-16 00:51:07,338 INFO authorize.ServiceAuthorizationManager: Authorization successful for testuser/scm@EXAMPLE.COM (auth:KERBEROS) for protocol=interface org.apache.hadoop.ozone.om.protocol.OzoneManagerProtocol
s3g_1       | 	at org.apache.hadoop.http.NoCacheFilter.doFilter(NoCacheFilter.java:45)
kdc_1       | Nov 16 00:46:57 kdc krb5kdc[9](info): AS_REQ (8 etypes {18 17 20 19 16 23 25 26}) 127.0.0.1: ISSUE: authtime 1573865217, etypes {rep=18 tkt=18 ses=18}, admin/admin@EXAMPLE.COM for kadmin/admin@EXAMPLE.COM
scm_1       | 2019-11-16 00:55:55,066 INFO authorize.ServiceAuthorizationManager: Authorization successful for om/om@EXAMPLE.COM (auth:KERBEROS) for protocol=interface org.apache.hadoop.hdds.scm.protocol.ScmBlockLocationProtocol
