kms_1       | 	at org.eclipse.jetty.server.session.SessionHandler.doScope(SessionHandler.java:185)
datanode_1  | 2019-11-12 17:04:52,508 INFO impl.RoleInfo: 3e7763f5-316b-477d-ae9f-e72cfefa54d2: start FollowerState
jhs         | Nov 12, 2019 5:05:40 PM com.sun.jersey.server.wadl.generators.AbstractWadlGeneratorGrammarGenerator attachTypes
om_1        | 2019-11-12 17:04:50,221 INFO server.AuthenticationFilter: Unable to initialize FileSignerSecretProvider, falling back to use random secrets.
rm_1        | preemptionDisabled = true
datanode_3  | 2019-11-12 17:04:51,955 INFO server.RaftServerConfigKeys: raft.server.snapshot.retention.file.num = 5 (custom)
nm_1        | 2019-11-12 17:04:42 INFO  HttpServer2:958 - Added filter authentication (class=org.apache.hadoop.security.authentication.server.AuthenticationFilter) to context static
datanode_2  | 2019-11-12 17:04:51,520 INFO util.JmxRegister: Successfully registered JMX Bean with object name Ratis:service=RaftServer,group=group-8CACCA8132D5,id=6b50b32a-80bf-49e3-8e45-4f0a931a73e4
kdc_1       | Nov 12 17:04:17 kdc kadmind[15](Notice): Request: kadm5_get_principal, om/ba6a517588bb@EXAMPLE.COM, success, client=admin/admin@EXAMPLE.COM, service=kadmin/admfor kadmin/admin@EXAMPLE.COM
scm_1       | 2019-11-12 17:04:48,527 INFO ipc.Server: Auth successful for dn/5612d0cd0b91@EXAMPLE.COM (auth:KERBEROS)
kms_1       | 	at org.eclipse.jetty.server.handler.ContextHandler.doScope(ContextHandler.java:1112)
datanode_1  | 2019-11-12 17:04:52,513 INFO util.JmxRegister: Successfully registered JMX Bean with object name Ratis:service=RaftServer,group=group-A11706FB9EE6,id=3e7763f5-316b-477d-ae9f-e72cfefa54d2
jhs         | INFO: Couldn't find grammar element for class javax.ws.rs.core.Response
om_1        | 2019-11-12 17:04:50,224 INFO http.HttpRequestLog: Http request log for http.requests.ozoneManager is not defined
datanode_3  | 2019-11-12 17:04:51,956 INFO server.RaftServerConfigKeys: raft.server.retrycache.expirytime = 600000ms (custom)
rm_1        | defaultAppPriorityPerQueue = 0
nm_1        | 2019-11-12 17:04:42 INFO  HttpServer2:958 - Added filter authentication (class=org.apache.hadoop.security.authentication.server.AuthenticationFilter) to context logs
datanode_2  | 2019-11-12 17:04:51,522 WARN impl.MetricRegistriesImpl: First MetricRegistry has been created without registering reporters. You may need to call MetricRegistries.global().addReportRegistration(...) before.
kdc_1       | Nov 12 17:04:18 kdc krb5kdc[9](info): AS_REQ (8 etypes {18 17 20 19 16 23 25 26}) 127.0.0.1: SERVER_NOT_FOUND: admin/admin@EXAMPLE.COM for kadmin/localhost@EXAMPLE.COM, Server not found in Kerberos database
scm_1       | 2019-11-12 17:04:50,473 INFO net.NetworkTopology: Added a new node: /default-rack/6b50b32a-80bf-49e3-8e45-4f0a931a73e4
kms_1       | 	at org.eclipse.jetty.server.handler.ScopedHandler.handle(ScopedHandler.java:141)
datanode_1  | 2019-11-12 17:04:52,514 WARN impl.MetricRegistriesImpl: First MetricRegistry has been created without registering reporters. You may need to call MetricRegistries.global().addReportRegistration(...) before.
jhs         | Nov 12, 2019 5:05:40 PM com.sun.jersey.server.wadl.generators.AbstractWadlGeneratorGrammarGenerator attachTypes
datanode_3  | 2019-11-12 17:04:51,973 WARN impl.MetricRegistriesImpl: First MetricRegistry has been created without registering reporters. You may need to call MetricRegistries.global().addReportRegistration(...) before.
rm_1        | priority = 0
datanode_2  | 2019-11-12 17:04:52,599 INFO impl.RaftServerProxy: 6b50b32a-80bf-49e3-8e45-4f0a931a73e4: addNew group-D2C31EA306A0:[a789afaf-2245-4d61-ade3-298a1e890b97:172.19.0.3:9858, 3e7763f5-316b-477d-ae9f-e72cfefa54d2:172.19.0.2:9858, 6b50b32a-80bf-49e3-8e45-4f0a931a73e4:172.19.0.5:9858] returns group-D2C31EA306A0:java.util.concurrent.CompletableFuture@529479ce[Not completed]
nm_1        | 2019-11-12 17:04:42 INFO  HttpServer2:613 - adding path spec: /node/*
scm_1       | 2019-11-12 17:04:50,473 INFO node.SCMNodeManager: Registered Data node : 6b50b32a-80bf-49e3-8e45-4f0a931a73e4{ip: 172.19.0.5, host: ozonesecure-mr_datanode_2.ozone, networkLocation: /default-rack, certSerialId: 13925071146276678}
kdc_1       | Nov 12 17:04:18 kdc krb5kdc[9](info): AS_REQ (8 etypes {18 17 20 19 16 23 25 26}) 127.0.0.1: ISSUE: authtime 1573578258, etypes {rep=18 tkt=18 ses=18}, admin/admin@EXAMPLE.COM for kadmin/admin@EXAMPLE.COM
om_1        | 2019-11-12 17:04:50,230 INFO http.HttpServer2: Added global filter 'safety' (class=org.apache.hadoop.http.HttpServer2$QuotingInputFilter)
kms_1       | 	at org.eclipse.jetty.server.handler.HandlerCollection.handle(HandlerCollection.java:119)
datanode_1  | 2019-11-12 17:04:52,628 INFO impl.RaftServerProxy: 3e7763f5-316b-477d-ae9f-e72cfefa54d2: addNew group-D2C31EA306A0:[a789afaf-2245-4d61-ade3-298a1e890b97:172.19.0.3:9858, 3e7763f5-316b-477d-ae9f-e72cfefa54d2:172.19.0.2:9858, 6b50b32a-80bf-49e3-8e45-4f0a931a73e4:172.19.0.5:9858] returns group-D2C31EA306A0:java.util.concurrent.CompletableFuture@268c33cd[Not completed]
datanode_3  | 2019-11-12 17:04:51,975 WARN impl.MetricRegistriesImpl: First MetricRegistry has been created without registering reporters. You may need to call MetricRegistries.global().addReportRegistration(...) before.
jhs         | INFO: Couldn't find grammar element for class javax.ws.rs.core.Response
rm_1        | maxLifetime = -1 seconds
datanode_2  | 2019-11-12 17:04:52,603 INFO impl.RaftServerImpl: 6b50b32a-80bf-49e3-8e45-4f0a931a73e4: new RaftServerImpl for group-D2C31EA306A0:[a789afaf-2245-4d61-ade3-298a1e890b97:172.19.0.3:9858, 3e7763f5-316b-477d-ae9f-e72cfefa54d2:172.19.0.2:9858, 6b50b32a-80bf-49e3-8e45-4f0a931a73e4:172.19.0.5:9858] with ContainerStateMachine:uninitialized
nm_1        | 2019-11-12 17:04:42 INFO  HttpServer2:613 - adding path spec: /ws/*
scm_1       | 2019-11-12 17:04:50,476 INFO safemode.SCMSafeModeManager: SCM in safe mode. 1 DataNodes registered, 1 required.
kdc_1       | in@EXAMPLE.COM, addr=127.0.0.1
kms_1       | 	at org.eclipse.jetty.server.handler.HandlerWrapper.handle(HandlerWrapper.java:134)
om_1        | 2019-11-12 17:04:50,232 INFO http.HttpServer2: Added filter static_user_filter (class=org.apache.hadoop.http.lib.StaticUserWebFilter$StaticUserFilter) to context ozoneManager
datanode_3  | 2019-11-12 17:04:51,976 INFO impl.RaftServerImpl: a789afaf-2245-4d61-ade3-298a1e890b97@group-C0022F7DDEE2: start as a follower, conf=-1: [a789afaf-2245-4d61-ade3-298a1e890b97:172.19.0.3:9858], old=null
jhs         | Nov 12, 2019 5:05:40 PM com.sun.jersey.server.wadl.generators.AbstractWadlGeneratorGrammarGenerator attachTypes
datanode_1  | 2019-11-12 17:04:52,632 INFO impl.RaftServerImpl: 3e7763f5-316b-477d-ae9f-e72cfefa54d2: new RaftServerImpl for group-D2C31EA306A0:[a789afaf-2245-4d61-ade3-298a1e890b97:172.19.0.3:9858, 3e7763f5-316b-477d-ae9f-e72cfefa54d2:172.19.0.2:9858, 6b50b32a-80bf-49e3-8e45-4f0a931a73e4:172.19.0.5:9858] with ContainerStateMachine:uninitialized
rm_1        | defaultLifetime = -1 seconds
datanode_2  | 2019-11-12 17:04:52,603 INFO server.RaftServerConfigKeys: raft.server.rpc.timeout.min = 5s (custom)
nm_1        | 2019-11-12 17:04:42 INFO  WebApps:395 - Registered webapp guice modules
scm_1       | 2019-11-12 17:04:50,477 INFO safemode.SCMSafeModeManager: ScmSafeModeManager, all rules are successfully validated
kdc_1       | Nov 12 17:04:18 kdc kadmind[15](info): closing down fd 18
kms_1       | 	at org.eclipse.jetty.server.Server.handle(Server.java:536)
om_1        | 2019-11-12 17:04:50,232 INFO http.HttpServer2: Added filter static_user_filter (class=org.apache.hadoop.http.lib.StaticUserWebFilter$StaticUserFilter) to context logs
datanode_3  | 2019-11-12 17:04:51,977 INFO impl.RaftServerImpl: a789afaf-2245-4d61-ade3-298a1e890b97@group-C0022F7DDEE2: changes role from      null to FOLLOWER at term 0 for startAsFollower
jhs         | INFO: Couldn't find grammar element for class javax.ws.rs.core.Response
datanode_1  | 2019-11-12 17:04:52,632 INFO server.RaftServerConfigKeys: raft.server.rpc.timeout.min = 5s (custom)
rm_1        | 2019-11-12 17:04:41 INFO  CapacitySchedulerQueueManager:298 - Initialized queue: default: capacity=1.0, absoluteCapacity=1.0, usedResources=<memory:0, vCores:0>, usedCapacity=0.0, absoluteUsedCapacity=0.0, numApps=0, numContainers=0, effectiveMinResource=<memory:0, vCores:0> , effectiveMaxResource=<memory:0, vCores:0>
nm_1        | 2019-11-12 17:04:42 INFO  HttpServer2:1191 - Jetty bound to port 8042
datanode_2  | 2019-11-12 17:04:52,603 INFO server.RaftServerConfigKeys: raft.server.rpc.timeout.max = 5200ms (custom)
kdc_1       | Nov 12 17:04:18 kdc kadmind[15](Notice): Request: kadm5_init, admin/admin@EXAMPLE.COM, success, client=admin/admin@EXAMPLE.COM, service=kadmin/admin@EXAMPLE.COM, addr=127.0.0.1, vers=4, flavor=6
scm_1       | 2019-11-12 17:04:50,477 INFO safemode.SCMSafeModeManager: SCM exiting safe mode.
kms_1       | 	at org.eclipse.jetty.server.HttpChannel.handle(HttpChannel.java:333)
om_1        | 2019-11-12 17:04:50,232 INFO http.HttpServer2: Added filter static_user_filter (class=org.apache.hadoop.http.lib.StaticUserWebFilter$StaticUserFilter) to context static
datanode_3  | 2019-11-12 17:04:51,978 INFO impl.RoleInfo: a789afaf-2245-4d61-ade3-298a1e890b97: start FollowerState
jhs         | Nov 12, 2019 5:05:40 PM com.sun.jersey.server.wadl.generators.AbstractWadlGeneratorGrammarGenerator attachTypes
datanode_1  | 2019-11-12 17:04:52,632 INFO server.RaftServerConfigKeys: raft.server.rpc.timeout.max = 5200ms (custom)
nm_1        | 2019-11-12 17:04:42 INFO  Server:351 - jetty-9.3.24.v20180605, build timestamp: 2018-06-05T17:11:56Z, git hash: 84205aa28f11a4f31f2a3b86d1bba2cc8ab69827
rm_1        | 2019-11-12 17:04:41 INFO  CapacitySchedulerQueueManager:298 - Initialized queue: root: numChildQueue= 1, capacity=1.0, absoluteCapacity=1.0, usedResources=<memory:0, vCores:0>usedCapacity=0.0, numApps=0, numContainers=0
datanode_2  | 2019-11-12 17:04:52,603 INFO server.RaftServerConfigKeys: raft.server.rpcslowness.timeout = 120s (custom)
kdc_1       | Nov 12 17:04:18 kdc kadmind[15](Notice): Request: kadm5_get_policy, default, Policy does not exist, client=admin/admin@EXAMPLE.COM, service=kadmin/admin@EXAMPLE.COM, addr=127.0.0.1
scm_1       | 2019-11-12 17:04:50,489 INFO net.NetworkTopology: Added a new node: /default-rack/a789afaf-2245-4d61-ade3-298a1e890b97
kms_1       | 	at org.eclipse.jetty.server.HttpConnection.onFillable(HttpConnection.java:251)
om_1        | 2019-11-12 17:04:50,250 INFO http.HttpServer2: Jetty bound to port 9874
datanode_3  | 2019-11-12 17:04:51,983 INFO util.JmxRegister: Successfully registered JMX Bean with object name Ratis:service=RaftServer,group=group-C0022F7DDEE2,id=a789afaf-2245-4d61-ade3-298a1e890b97
jhs         | INFO: Couldn't find grammar element for class javax.ws.rs.core.Response
datanode_1  | 2019-11-12 17:04:52,632 INFO server.RaftServerConfigKeys: raft.server.rpcslowness.timeout = 120s (custom)
nm_1        | 2019-11-12 17:04:42 INFO  AuthenticationFilter:240 - Unable to initialize FileSignerSecretProvider, falling back to use random secrets.
rm_1        | 2019-11-12 17:04:41 INFO  CapacitySchedulerQueueManager:163 - Initialized root queue root: numChildQueue= 1, capacity=1.0, absoluteCapacity=1.0, usedResources=<memory:0, vCores:0>usedCapacity=0.0, numApps=0, numContainers=0
datanode_2  | 2019-11-12 17:04:52,603 INFO server.RaftServerConfigKeys: raft.server.sleep.deviation.threshold = 300 (default)
kdc_1       | Nov 12 17:04:18 kdc kadmind[15](Notice): Request: kadm5_create_principal, om/575784db17a4@EXAMPLE.COM, success, client=admin/admin@EXAMPLE.COM, service=kadmin/admin@EXAMPLE.COM, addr=127.0.0.1
scm_1       | 2019-11-12 17:04:50,489 INFO node.SCMNodeManager: Registered Data node : a789afaf-2245-4d61-ade3-298a1e890b97{ip: 172.19.0.3, host: ozonesecure-mr_datanode_3.ozone, networkLocation: /default-rack, certSerialId: 13925071146258718}
kms_1       | 	at org.eclipse.jetty.io.AbstractConnection$ReadCallback.succeeded(AbstractConnection.java:283)
om_1        | 2019-11-12 17:04:50,252 INFO server.Server: jetty-9.3.25.v20180904, build timestamp: 2018-09-04T21:11:46Z, git hash: 3ce520221d0240229c862b122d2b06c12a625732
datanode_3  | 2019-11-12 17:04:51,984 WARN impl.MetricRegistriesImpl: First MetricRegistry has been created without registering reporters. You may need to call MetricRegistries.global().addReportRegistration(...) before.
jhs         | 2019-11-12 17:05:40 INFO  AbstractDelegationTokenSecretManager:491 - Token renewal for identifier: (TIMELINE_DELEGATION_TOKEN owner=hadoop, renewer=rm, realUser=, issueDate=1573578339569, maxDate=1574183139569, sequenceNumber=1, masterKeyId=2); total currentTokens 1
datanode_1  | 2019-11-12 17:04:52,632 INFO server.RaftServerConfigKeys: raft.server.sleep.deviation.threshold = 300 (default)
nm_1        | 2019-11-12 17:04:43 INFO  ContextHandler:781 - Started o.e.j.s.ServletContextHandler@476b0ae6{/logs,file:///opt/hadoop/logs/,AVAILABLE}
rm_1        | 2019-11-12 17:04:41 INFO  UserGroupMappingPlacementRule:237 - Initialized queue mappings, override: false
datanode_2  | 2019-11-12 17:04:52,603 INFO server.RaftServerConfigKeys: raft.server.log.appender.install.snapshot.enabled = false (custom)
kdc_1       | Nov 12 17:04:18 kdc kadmind[15](info): closing down fd 18
kms_1       | 	at org.eclipse.jetty.io.FillInterest.fillable(FillInterest.java:108)
om_1        | 2019-11-12 17:04:50,282 INFO handler.ContextHandler: Started o.e.j.s.ServletContextHandler@61bb1e4d{/logs,file:///var/log/hadoop/,AVAILABLE}
scm_1       | 2019-11-12 17:04:50,524 INFO net.NetworkTopology: Added a new node: /default-rack/3e7763f5-316b-477d-ae9f-e72cfefa54d2
datanode_3  | 2019-11-12 17:04:52,612 INFO impl.RaftServerProxy: a789afaf-2245-4d61-ade3-298a1e890b97: addNew group-D2C31EA306A0:[a789afaf-2245-4d61-ade3-298a1e890b97:172.19.0.3:9858, 3e7763f5-316b-477d-ae9f-e72cfefa54d2:172.19.0.2:9858, 6b50b32a-80bf-49e3-8e45-4f0a931a73e4:172.19.0.5:9858] returns group-D2C31EA306A0:java.util.concurrent.CompletableFuture@11fcc7a1[Not completed]
jhs         | Nov 12, 2019 5:05:40 PM com.sun.jersey.server.wadl.generators.AbstractWadlGeneratorGrammarGenerator attachTypes
datanode_1  | 2019-11-12 17:04:52,632 INFO server.RaftServerConfigKeys: raft.server.log.appender.install.snapshot.enabled = false (custom)
nm_1        | 2019-11-12 17:04:43 INFO  ContextHandler:781 - Started o.e.j.s.ServletContextHandler@4b3a45f1{/static,jar:file:/opt/hadoop/share/hadoop/yarn/hadoop-yarn-common-3.2.0.jar!/webapps/static,AVAILABLE}
rm_1        | 2019-11-12 17:04:41 INFO  MultiNodeSortingManager:104 - MultiNode scheduling is 'false', and configured policies are 
datanode_2  | 2019-11-12 17:04:52,603 INFO impl.RaftServerImpl: 6b50b32a-80bf-49e3-8e45-4f0a931a73e4@group-D2C31EA306A0: ConfigurationManager, init=-1: [a789afaf-2245-4d61-ade3-298a1e890b97:172.19.0.3:9858, 3e7763f5-316b-477d-ae9f-e72cfefa54d2:172.19.0.2:9858, 6b50b32a-80bf-49e3-8e45-4f0a931a73e4:172.19.0.5:9858], old=null, confs=<EMPTY_MAP>
kdc_1       | Nov 12 17:04:18 kdc kadmind[15](Notice): Request: kadm5_init, admin/admin@EXAMPLE.COM, success, client=admin/admin@EXAMPLE.COM, service=kadmin/admin@EXAMPLE.COM, addr=127.0.0.1, vers=4, flavor=6
kms_1       | 	at org.eclipse.jetty.io.SelectChannelEndPoint$2.run(SelectChannelEndPoint.java:93)
om_1        | 2019-11-12 17:04:50,282 INFO handler.ContextHandler: Started o.e.j.s.ServletContextHandler@603cabc4{/static,jar:file:/opt/hadoop/share/ozone/lib/hadoop-ozone-ozone-manager-0.5.0-SNAPSHOT.jar!/webapps/static,AVAILABLE}
scm_1       | 2019-11-12 17:04:50,524 INFO node.SCMNodeManager: Registered Data node : 3e7763f5-316b-477d-ae9f-e72cfefa54d2{ip: 172.19.0.2, host: ozonesecure-mr_datanode_1.ozone, networkLocation: /default-rack, certSerialId: 13925071180438350}
datanode_3  | 2019-11-12 17:04:52,614 INFO impl.RaftServerImpl: a789afaf-2245-4d61-ade3-298a1e890b97: new RaftServerImpl for group-D2C31EA306A0:[a789afaf-2245-4d61-ade3-298a1e890b97:172.19.0.3:9858, 3e7763f5-316b-477d-ae9f-e72cfefa54d2:172.19.0.2:9858, 6b50b32a-80bf-49e3-8e45-4f0a931a73e4:172.19.0.5:9858] with ContainerStateMachine:uninitialized
jhs         | INFO: Couldn't find grammar element for class javax.ws.rs.core.Response
datanode_1  | 2019-11-12 17:04:52,632 INFO impl.RaftServerImpl: 3e7763f5-316b-477d-ae9f-e72cfefa54d2@group-D2C31EA306A0: ConfigurationManager, init=-1: [a789afaf-2245-4d61-ade3-298a1e890b97:172.19.0.3:9858, 3e7763f5-316b-477d-ae9f-e72cfefa54d2:172.19.0.2:9858, 6b50b32a-80bf-49e3-8e45-4f0a931a73e4:172.19.0.5:9858], old=null, confs=<EMPTY_MAP>
nm_1        | Nov 12, 2019 5:04:43 PM com.sun.jersey.guice.spi.container.GuiceComponentProviderFactory register
rm_1        | 2019-11-12 17:04:41 INFO  CapacityScheduler:408 - Initialized CapacityScheduler with calculator=class org.apache.hadoop.yarn.util.resource.DefaultResourceCalculator, minimumAllocation=<<memory:1024, vCores:1>>, maximumAllocation=<<memory:8192, vCores:4>>, asynchronousScheduling=false, asyncScheduleInterval=5ms,multiNodePlacementEnabled=false
datanode_2  | 2019-11-12 17:04:52,604 INFO server.RaftServerConfigKeys: raft.server.storage.dir = [/data/metadata/ratis] (custom)
kdc_1       | Nov 12 17:04:18 kdc kadmind[15](Notice): Request: kadm5_randkey_principal, om/575784db17a4@EXAMPLE.COM, success, client=admin/admin@EXAMPLE.COM, service=kadmin/admin@EXAMPLE.COM, addr=127.0.0.1
kms_1       | 	at org.eclipse.jetty.util.thread.strategy.ExecuteProduceConsume.executeProduceConsume(ExecuteProduceConsume.java:303)
om_1        | 2019-11-12 17:04:50,358 INFO server.KerberosAuthenticationHandler: Using keytab /etc/security/keytabs/HTTP.keytab, for principal HTTP/om@EXAMPLE.COM
scm_1       | 2019-11-12 17:04:51,604 INFO pipeline.PipelineStateManager: Created pipeline Pipeline[ Id: b45ffdef-b801-4d7f-ad82-8cacca8132d5, Nodes: 6b50b32a-80bf-49e3-8e45-4f0a931a73e4{ip: 172.19.0.5, host: ozonesecure-mr_datanode_2.ozone, networkLocation: /default-rack, certSerialId: null}, Type:RATIS, Factor:ONE, State:OPEN]
datanode_3  | 2019-11-12 17:04:52,615 INFO server.RaftServerConfigKeys: raft.server.rpc.timeout.min = 5s (custom)
jhs         | Nov 12, 2019 5:05:40 PM com.sun.jersey.server.wadl.generators.AbstractWadlGeneratorGrammarGenerator attachTypes
datanode_1  | 2019-11-12 17:04:52,633 INFO server.RaftServerConfigKeys: raft.server.storage.dir = [/data/metadata/ratis] (custom)
nm_1        | INFO: Registering org.apache.hadoop.yarn.server.nodemanager.webapp.NMWebServices as a root resource class
rm_1        | 2019-11-12 17:04:41 INFO  Configuration:2752 - dynamic-resources.xml not found
datanode_2  | 2019-11-12 17:04:52,604 INFO server.RaftServerConfigKeys: raft.server.log.corruption.policy = EXCEPTION (default)
kdc_1       | Nov 12 17:04:18 kdc kadmind[15](Notice): Request: kadm5_get_principal, om/575784db17a4@EXAMPLE.COM, success, client=admin/admin@EXAMPLE.COM, service=kadmin/admin@EXAMPLE.COM, addr=127.0.0.1
kms_1       | 	at org.eclipse.jetty.util.thread.strategy.ExecuteProduceConsume.produceConsume(ExecuteProduceConsume.java:148)
om_1        | 2019-11-12 17:04:50,363 INFO handler.ContextHandler: Started o.e.j.w.WebAppContext@2dafae61{/,file:///tmp/jetty-0.0.0.0-9874-ozoneManager-_-any-1221816236345982255.dir/webapp/,AVAILABLE}{/ozoneManager}
scm_1       | 2019-11-12 17:04:52,044 INFO pipeline.PipelineStateManager: Created pipeline Pipeline[ Id: 1487245c-9b8f-405f-b2ed-c0022f7ddee2, Nodes: a789afaf-2245-4d61-ade3-298a1e890b97{ip: 172.19.0.3, host: ozonesecure-mr_datanode_3.ozone, networkLocation: /default-rack, certSerialId: null}, Type:RATIS, Factor:ONE, State:OPEN]
datanode_1  | 2019-11-12 17:04:52,633 INFO server.RaftServerConfigKeys: raft.server.log.corruption.policy = EXCEPTION (default)
jhs         | INFO: Couldn't find grammar element for class javax.ws.rs.core.Response
nm_1        | Nov 12, 2019 5:04:43 PM com.sun.jersey.guice.spi.container.GuiceComponentProviderFactory register
rm_1        | 2019-11-12 17:04:41 INFO  AMSProcessingChain:62 - Initializing AMS Processing chain. Root Processor=[org.apache.hadoop.yarn.server.resourcemanager.DefaultAMSProcessor].
datanode_2  | 2019-11-12 17:04:52,604 INFO storage.RaftStorageDirectory: The storage directory /data/metadata/ratis/bf908373-3364-48fd-bfee-d2c31ea306a0 does not exist. Creating ...
datanode_3  | 2019-11-12 17:04:52,615 INFO server.RaftServerConfigKeys: raft.server.rpc.timeout.max = 5200ms (custom)
kdc_1       | Nov 12 17:04:18 kdc kadmind[15](info): closing down fd 18
kms_1       | 	at org.eclipse.jetty.util.thread.strategy.ExecuteProduceConsume.run(ExecuteProduceConsume.java:136)
om_1        | 2019-11-12 17:04:50,367 INFO server.AbstractConnector: Started ServerConnector@11787b64{HTTP/1.1,[http/1.1]}{0.0.0.0:9874}
scm_1       | 2019-11-12 17:04:52,560 INFO pipeline.PipelineStateManager: Created pipeline Pipeline[ Id: e99f0595-a9f7-45b2-8d8f-a11706fb9ee6, Nodes: 3e7763f5-316b-477d-ae9f-e72cfefa54d2{ip: 172.19.0.2, host: ozonesecure-mr_datanode_1.ozone, networkLocation: /default-rack, certSerialId: null}, Type:RATIS, Factor:ONE, State:OPEN]
datanode_1  | 2019-11-12 17:04:52,633 INFO storage.RaftStorageDirectory: The storage directory /data/metadata/ratis/bf908373-3364-48fd-bfee-d2c31ea306a0 does not exist. Creating ...
jhs         | Nov 12, 2019 5:05:40 PM com.sun.jersey.server.wadl.generators.AbstractWadlGeneratorGrammarGenerator attachTypes
nm_1        | INFO: Registering org.apache.hadoop.yarn.webapp.GenericExceptionHandler as a provider class
rm_1        | 2019-11-12 17:04:41 INFO  ApplicationMasterService:129 - disabled placement handler will be used, all scheduling requests will be rejected.
datanode_2  | 2019-11-12 17:04:52,616 INFO storage.RaftStorageDirectory: Lock on /data/metadata/ratis/bf908373-3364-48fd-bfee-d2c31ea306a0/in_use.lock acquired by nodename 7@66b0bb1816d8
kdc_1       | Nov 12 17:04:18 kdc kadmind[15](Notice): Request: kadm5_init, admin/admin@EXAMPLE.COM, success, client=admin/admin@EXAMPLE.COM, service=kadmin/admin@EXAMPLE.COM, addr=127.0.0.1, vers=4, flavor=6
kms_1       | 	at org.eclipse.jetty.util.thread.QueuedThreadPool.runJob(QueuedThreadPool.java:671)
om_1        | 2019-11-12 17:04:50,368 INFO server.Server: Started @4194ms
scm_1       | 2019-11-12 17:04:52,667 INFO pipeline.PipelineStateManager: Created pipeline Pipeline[ Id: bf908373-3364-48fd-bfee-d2c31ea306a0, Nodes: a789afaf-2245-4d61-ade3-298a1e890b97{ip: 172.19.0.3, host: ozonesecure-mr_datanode_3.ozone, networkLocation: /default-rack, certSerialId: null}6b50b32a-80bf-49e3-8e45-4f0a931a73e4{ip: 172.19.0.5, host: ozonesecure-mr_datanode_2.ozone, networkLocation: /default-rack, certSerialId: null}3e7763f5-316b-477d-ae9f-e72cfefa54d2{ip: 172.19.0.2, host: ozonesecure-mr_datanode_1.ozone, networkLocation: /default-rack, certSerialId: null}, Type:RATIS, Factor:THREE, State:OPEN]
datanode_1  | 2019-11-12 17:04:52,639 INFO storage.RaftStorageDirectory: Lock on /data/metadata/ratis/bf908373-3364-48fd-bfee-d2c31ea306a0/in_use.lock acquired by nodename 7@5612d0cd0b91
jhs         | INFO: Couldn't find grammar element for class javax.ws.rs.core.Response
datanode_3  | 2019-11-12 17:04:52,615 INFO server.RaftServerConfigKeys: raft.server.rpcslowness.timeout = 120s (custom)
nm_1        | Nov 12, 2019 5:04:43 PM com.sun.jersey.guice.spi.container.GuiceComponentProviderFactory register
rm_1        | 2019-11-12 17:04:41 INFO  AMSProcessingChain:75 - Adding [org.apache.hadoop.yarn.server.resourcemanager.scheduler.constraint.processor.DisabledPlacementProcessor] tp top of AMS Processing chain. 
datanode_2  | 2019-11-12 17:04:52,638 INFO storage.RaftStorage: Storage directory /data/metadata/ratis/bf908373-3364-48fd-bfee-d2c31ea306a0 has been successfully formatted.
kdc_1       | Nov 12 17:04:18 kdc kadmind[15](Notice): Request: kadm5_get_policy, default, Policy does not exist, client=admin/admin@EXAMPLE.COM, service=kadmin/admin@EXAMPLE.COM, addr=127.0.0.1
kms_1       | 	at org.eclipse.jetty.util.thread.QueuedThreadPool$2.run(QueuedThreadPool.java:589)
om_1        | 2019-11-12 17:04:50,403 INFO impl.MetricsSinkAdapter: Sink prometheus started
scm_1       | 2019-11-12 17:05:06,997 INFO ipc.Server: Auth successful for om/om@EXAMPLE.COM (auth:KERBEROS)
datanode_1  | 2019-11-12 17:04:52,651 INFO storage.RaftStorage: Storage directory /data/metadata/ratis/bf908373-3364-48fd-bfee-d2c31ea306a0 has been successfully formatted.
jhs         | Nov 12, 2019 5:05:40 PM com.sun.jersey.server.wadl.generators.AbstractWadlGeneratorGrammarGenerator attachTypes
datanode_3  | 2019-11-12 17:04:52,615 INFO server.RaftServerConfigKeys: raft.server.sleep.deviation.threshold = 300 (default)
nm_1        | INFO: Registering org.apache.hadoop.yarn.server.nodemanager.webapp.JAXBContextResolver as a provider class
rm_1        | 2019-11-12 17:04:42 INFO  TimelineClientImpl:129 - Timeline service address: jhs:8188
datanode_2  | 2019-11-12 17:04:52,638 INFO ratis.ContainerStateMachine: group-D2C31EA306A0: The snapshot info is null. Setting the last applied indexto:(t:0, i:~)
kdc_1       | Nov 12 17:04:18 kdc kadmind[15](Notice): Request: kadm5_create_principal, om/jhs@EXAMPLE.COM, success, client=admin/admin@EXAMPLE.COM, service=kadmin/admin@EXAMPLE.COM, addr=127.0.0.1
kms_1       | 	at java.lang.Thread.run(Thread.java:748)
om_1        | 2019-11-12 17:04:50,403 INFO impl.MetricsSystemImpl: Registered sink prometheus
scm_1       | 2019-11-12 17:05:18,740 INFO ipc.Server: Auth successful for om/om@EXAMPLE.COM (auth:KERBEROS)
datanode_1  | 2019-11-12 17:04:52,651 INFO ratis.ContainerStateMachine: group-D2C31EA306A0: The snapshot info is null. Setting the last applied indexto:(t:0, i:~)
jhs         | INFO: Couldn't find grammar element for class javax.ws.rs.core.Response
datanode_3  | 2019-11-12 17:04:52,615 INFO server.RaftServerConfigKeys: raft.server.log.appender.install.snapshot.enabled = false (custom)
nm_1        | Nov 12, 2019 5:04:43 PM com.sun.jersey.server.impl.application.WebApplicationImpl _initiate
rm_1        | 2019-11-12 17:04:42 INFO  AsyncDispatcher:223 - Registering class org.apache.hadoop.yarn.server.resourcemanager.metrics.AbstractSystemMetricsPublisher$SystemMetricsEventType for class org.apache.hadoop.yarn.server.resourcemanager.metrics.TimelineServiceV1Publisher$TimelineV1EventHandler
datanode_2  | 2019-11-12 17:04:52,638 INFO server.RaftServerConfigKeys: raft.server.notification.no-leader.timeout = 120s (custom)
kdc_1       | Nov 12 17:04:18 kdc kadmind[15](info): closing down fd 18
kms_1       | 
om_1        | 2019-11-12 17:04:50,406 INFO server.BaseHttpServer: HTTP server of OZONEMANAGER is listening at http://0.0.0.0:9874
scm_1       | 2019-11-12 17:05:20,378 INFO ipc.Server: Auth successful for dn/5612d0cd0b91@EXAMPLE.COM (auth:KERBEROS)
datanode_1  | 2019-11-12 17:04:52,652 INFO server.RaftServerConfigKeys: raft.server.notification.no-leader.timeout = 120s (custom)
jhs         | Nov 12, 2019 5:06:16 PM com.sun.jersey.server.wadl.generators.AbstractWadlGeneratorGrammarGenerator attachTypes
nm_1        | INFO: Initiating Jersey application, version 'Jersey: 1.19 02/11/2015 03:25 AM'
rm_1        | 2019-11-12 17:04:42 INFO  AsyncDispatcher:223 - Registering class org.apache.hadoop.yarn.server.resourcemanager.metrics.AbstractSystemMetricsPublisher$SystemMetricsEventType for class org.apache.hadoop.yarn.server.resourcemanager.metrics.TimelineServiceV1Publisher$TimelineV1EventHandler
kdc_1       | Entry for principal om/jhs@EXAMPLE.COM with kvno 2, encryption type aes256-cts-hmac-sha1-96 added to keytab WRFILE:/data/om.jhs.keytab.
kms_1       | Nov 12, 2019 5:05:37 PM com.sun.jersey.server.wadl.generators.AbstractWadlGeneratorGrammarGenerator attachTypes
datanode_3  | 2019-11-12 17:04:52,615 INFO impl.RaftServerImpl: a789afaf-2245-4d61-ade3-298a1e890b97@group-D2C31EA306A0: ConfigurationManager, init=-1: [a789afaf-2245-4d61-ade3-298a1e890b97:172.19.0.3:9858, 3e7763f5-316b-477d-ae9f-e72cfefa54d2:172.19.0.2:9858, 6b50b32a-80bf-49e3-8e45-4f0a931a73e4:172.19.0.5:9858], old=null, confs=<EMPTY_MAP>
om_1        | 2019-11-12 17:05:06,662 INFO ipc.Server: Auth successful for testuser/om@EXAMPLE.COM (auth:KERBEROS)
scm_1       | 2019-11-12 17:05:20,433 INFO ipc.Server: Auth successful for dn/575784db17a4@EXAMPLE.COM (auth:KERBEROS)
datanode_2  | 2019-11-12 17:04:52,638 INFO server.RaftServerConfigKeys: raft.server.log.use.memory = false (default)
datanode_1  | 2019-11-12 17:04:52,652 INFO server.RaftServerConfigKeys: raft.server.log.use.memory = false (default)
nm_1        | Nov 12, 2019 5:04:43 PM com.sun.jersey.guice.spi.container.GuiceComponentProviderFactory getComponentProvider
jhs         | INFO: Couldn't find grammar element for class javax.ws.rs.core.Response
rm_1        | 2019-11-12 17:04:42 INFO  AsyncDispatcher:223 - Registering class org.apache.hadoop.yarn.server.resourcemanager.metrics.AbstractSystemMetricsPublisher$SystemMetricsEventType for class org.apache.hadoop.yarn.server.resourcemanager.metrics.TimelineServiceV1Publisher$TimelineV1EventHandler
kdc_1       | Entry for principal om/jhs@EXAMPLE.COM with kvno 2, encryption type aes128-cts-hmac-sha1-96 added to keytab WRFILE:/data/om.jhs.keytab.
kms_1       | INFO: Couldn't find grammar element for class java.util.Map
datanode_3  | 2019-11-12 17:04:52,615 INFO server.RaftServerConfigKeys: raft.server.storage.dir = [/data/metadata/ratis] (custom)
om_1        | 2019-11-12 17:05:09,654 INFO ipc.Server: Auth successful for testuser/om@EXAMPLE.COM (auth:KERBEROS)
scm_1       | 2019-11-12 17:05:20,435 INFO ipc.Server: Auth successful for dn/66b0bb1816d8@EXAMPLE.COM (auth:KERBEROS)
datanode_2  | 2019-11-12 17:04:52,639 INFO server.RaftServerConfigKeys: raft.server.log.purge.gap = 1000000 (custom)
datanode_1  | 2019-11-12 17:04:52,652 INFO server.RaftServerConfigKeys: raft.server.log.purge.gap = 1000000 (custom)
nm_1        | INFO: Binding org.apache.hadoop.yarn.server.nodemanager.webapp.JAXBContextResolver to GuiceManagedComponentProvider with the scope "Singleton"
jhs         | Nov 12, 2019 5:06:16 PM com.sun.jersey.server.wadl.generators.AbstractWadlGeneratorGrammarGenerator attachTypes
rm_1        | 2019-11-12 17:04:42 INFO  AsyncDispatcher:223 - Registering class org.apache.hadoop.yarn.server.resourcemanager.metrics.AbstractSystemMetricsPublisher$SystemMetricsEventType for class org.apache.hadoop.yarn.server.resourcemanager.metrics.TimelineServiceV1Publisher$TimelineV1EventHandler
kdc_1       | Generiting keytab
datanode_3  | 2019-11-12 17:04:52,616 INFO server.RaftServerConfigKeys: raft.server.log.corruption.policy = EXCEPTION (default)
om_1        | 2019-11-12 17:05:10,520 INFO volume.OMVolumeCreateRequest: created volume:vol1 for user:hadoop
scm_1       | 2019-11-12 17:05:20,790 INFO ipc.Server: Auth successful for dn/5612d0cd0b91@EXAMPLE.COM (auth:KERBEROS)
datanode_2  | 2019-11-12 17:04:52,639 INFO server.RaftServerConfigKeys: raft.server.log.appender.buffer.byte-limit = 33554432 (custom)
kms_1       | Nov 12, 2019 5:05:37 PM com.sun.jersey.server.wadl.generators.AbstractWadlGeneratorGrammarGenerator attachTypes
nm_1        | Nov 12, 2019 5:04:43 PM com.sun.jersey.guice.spi.container.GuiceComponentProviderFactory getComponentProvider
datanode_1  | 2019-11-12 17:04:52,652 INFO server.RaftServerConfigKeys: raft.server.log.appender.buffer.byte-limit = 33554432 (custom)
jhs         | INFO: Couldn't find grammar element for class javax.ws.rs.core.Response
rm_1        | 2019-11-12 17:04:42 INFO  AsyncDispatcher:223 - Registering class org.apache.hadoop.yarn.server.resourcemanager.metrics.AbstractSystemMetricsPublisher$SystemMetricsEventType for class org.apache.hadoop.yarn.server.resourcemanager.metrics.TimelineServiceV1Publisher$TimelineV1EventHandler
kdc_1       | Authenticating as principal admin/admin with keytab /tmp/admin.keytab.
datanode_3  | 2019-11-12 17:04:52,616 INFO storage.RaftStorageDirectory: The storage directory /data/metadata/ratis/bf908373-3364-48fd-bfee-d2c31ea306a0 does not exist. Creating ...
scm_1       | 2019-11-12 17:05:20,852 INFO ipc.Server: Auth successful for dn/575784db17a4@EXAMPLE.COM (auth:KERBEROS)
kms_1       | INFO: Couldn't find grammar element for class javax.ws.rs.core.Response
datanode_2  | 2019-11-12 17:04:52,639 INFO server.RaftServerConfigKeys: raft.server.log.segment.size.max = 1048576 (custom)
nm_1        | INFO: Binding org.apache.hadoop.yarn.webapp.GenericExceptionHandler to GuiceManagedComponentProvider with the scope "Singleton"
om_1        | 2019-11-12 17:05:12,542 INFO ipc.Server: Auth successful for testuser/om@EXAMPLE.COM (auth:KERBEROS)
datanode_1  | 2019-11-12 17:04:52,653 INFO server.RaftServerConfigKeys: raft.server.log.segment.size.max = 1048576 (custom)
jhs         | Nov 12, 2019 5:06:16 PM com.sun.jersey.server.wadl.generators.AbstractWadlGeneratorGrammarGenerator attachTypes
rm_1        | 2019-11-12 17:04:42 INFO  AsyncDispatcher:223 - Registering class org.apache.hadoop.yarn.server.resourcemanager.metrics.AbstractSystemMetricsPublisher$SystemMetricsEventType for class org.apache.hadoop.yarn.server.resourcemanager.metrics.TimelineServiceV1Publisher$TimelineV1EventHandler
kdc_1       | WARNING: no policy specified for om/s3g@EXAMPLE.COM; defaulting to no policy
datanode_3  | 2019-11-12 17:04:52,638 INFO storage.RaftStorageDirectory: Lock on /data/metadata/ratis/bf908373-3364-48fd-bfee-d2c31ea306a0/in_use.lock acquired by nodename 7@575784db17a4
scm_1       | 2019-11-12 17:05:20,865 INFO ipc.Server: Auth successful for dn/66b0bb1816d8@EXAMPLE.COM (auth:KERBEROS)
kms_1       | Nov 12, 2019 5:05:37 PM com.sun.jersey.server.wadl.generators.AbstractWadlGeneratorGrammarGenerator attachTypes
nm_1        | Nov 12, 2019 5:04:44 PM com.sun.jersey.guice.spi.container.GuiceComponentProviderFactory getComponentProvider
om_1        | 2019-11-12 17:05:15,294 INFO ipc.Server: Auth successful for testuser/om@EXAMPLE.COM (auth:KERBEROS)
jhs         | INFO: Couldn't find grammar element for class javax.ws.rs.core.Response
datanode_2  | 2019-11-12 17:04:52,639 INFO server.RaftServerConfigKeys: raft.server.log.segment.cache.num.max = 2 (custom)
rm_1        | 2019-11-12 17:04:42 INFO  AsyncDispatcher:223 - Registering class org.apache.hadoop.yarn.server.resourcemanager.metrics.AbstractSystemMetricsPublisher$SystemMetricsEventType for class org.apache.hadoop.yarn.server.resourcemanager.metrics.TimelineServiceV1Publisher$TimelineV1EventHandler
kdc_1       | Principal "om/s3g@EXAMPLE.COM" created.
datanode_3  | 2019-11-12 17:04:52,651 INFO storage.RaftStorage: Storage directory /data/metadata/ratis/bf908373-3364-48fd-bfee-d2c31ea306a0 has been successfully formatted.
scm_1       | 2019-11-12 17:05:33,944 INFO ipc.Server: Auth successful for om/om@EXAMPLE.COM (auth:KERBEROS)
kms_1       | INFO: Couldn't find grammar element for class javax.ws.rs.core.Response
nm_1        | INFO: Binding org.apache.hadoop.yarn.server.nodemanager.webapp.NMWebServices to GuiceManagedComponentProvider with the scope "Singleton"
om_1        | 2019-11-12 17:05:18,016 INFO ipc.Server: Auth successful for testuser/om@EXAMPLE.COM (auth:KERBEROS)
jhs         | Nov 12, 2019 5:06:16 PM com.sun.jersey.server.wadl.generators.AbstractWadlGeneratorGrammarGenerator attachTypes
datanode_1  | 2019-11-12 17:04:52,653 INFO server.RaftServerConfigKeys: raft.server.log.segment.cache.num.max = 2 (custom)
datanode_2  | 2019-11-12 17:04:52,639 INFO segmented.SegmentedRaftLogWorker: new 6b50b32a-80bf-49e3-8e45-4f0a931a73e4@group-D2C31EA306A0-SegmentedRaftLogWorker for RaftStorage:Storage Directory /data/metadata/ratis/bf908373-3364-48fd-bfee-d2c31ea306a0
rm_1        | 2019-11-12 17:04:42 INFO  AsyncDispatcher:223 - Registering class org.apache.hadoop.yarn.server.resourcemanager.metrics.AbstractSystemMetricsPublisher$SystemMetricsEventType for class org.apache.hadoop.yarn.server.resourcemanager.metrics.TimelineServiceV1Publisher$TimelineV1EventHandler
kdc_1       | Authenticating as principal admin/admin with keytab /tmp/admin.keytab.
datanode_3  | 2019-11-12 17:04:52,652 INFO ratis.ContainerStateMachine: group-D2C31EA306A0: The snapshot info is null. Setting the last applied indexto:(t:0, i:~)
scm_1       | 2019-11-12 17:05:35,860 INFO ipc.Server: Auth successful for dn/5612d0cd0b91@EXAMPLE.COM (auth:KERBEROS)
kms_1       | Nov 12, 2019 5:05:37 PM com.sun.jersey.server.wadl.generators.AbstractWadlGeneratorGrammarGenerator attachTypes
nm_1        | 2019-11-12 17:04:44 INFO  ContextHandler:781 - Started o.e.j.w.WebAppContext@6e1b9411{/,file:///tmp/jetty-0.0.0.0-8042-node-_-any-7686439040507560772.dir/webapp/,AVAILABLE}{/node}
om_1        | 2019-11-12 17:05:23,449 INFO ipc.Server: Auth successful for testuser/om@EXAMPLE.COM (auth:KERBEROS)
jhs         | INFO: Couldn't find grammar element for class javax.ws.rs.core.Response
datanode_2  | 2019-11-12 17:04:52,639 INFO server.RaftServerConfigKeys: raft.server.log.queue.byte-limit = 2147483647 (custom)
datanode_1  | 2019-11-12 17:04:52,653 INFO segmented.SegmentedRaftLogWorker: new 3e7763f5-316b-477d-ae9f-e72cfefa54d2@group-D2C31EA306A0-SegmentedRaftLogWorker for RaftStorage:Storage Directory /data/metadata/ratis/bf908373-3364-48fd-bfee-d2c31ea306a0
rm_1        | 2019-11-12 17:04:42 INFO  AsyncDispatcher:223 - Registering class org.apache.hadoop.yarn.server.resourcemanager.metrics.AbstractSystemMetricsPublisher$SystemMetricsEventType for class org.apache.hadoop.yarn.server.resourcemanager.metrics.TimelineServiceV1Publisher$TimelineV1EventHandler
kdc_1       | Entry for principal om/s3g@EXAMPLE.COM with kvno 2, encryption type aes256-cts-hmac-sha1-96 added to keytab WRFILE:/data/om.s3g.keytab.
datanode_3  | 2019-11-12 17:04:52,652 INFO server.RaftServerConfigKeys: raft.server.notification.no-leader.timeout = 120s (custom)
scm_1       | 2019-11-12 17:05:35,861 INFO ipc.Server: Auth successful for dn/66b0bb1816d8@EXAMPLE.COM (auth:KERBEROS)
kms_1       | INFO: Couldn't find grammar element for class java.util.Map
nm_1        | 2019-11-12 17:04:44 INFO  AbstractConnector:278 - Started ServerConnector@7b78ed6a{HTTP/1.1,[http/1.1]}{0.0.0.0:8042}
om_1        | 2019-11-12 17:05:26,365 INFO ipc.Server: Auth successful for testuser/om@EXAMPLE.COM (auth:KERBEROS)
jhs         | 2019-11-12 17:06:16 INFO  AbstractDelegationTokenSecretManager:403 - Creating password for identifier: (TIMELINE_DELEGATION_TOKEN owner=hadoop, renewer=rm, realUser=, issueDate=1573578376144, maxDate=1574183176144, sequenceNumber=2, masterKeyId=2), currentKey: 2
datanode_2  | 2019-11-12 17:04:52,639 INFO server.RaftServerConfigKeys: raft.server.log.queue.element-limit = 1024 (custom)
datanode_1  | 2019-11-12 17:04:52,653 INFO server.RaftServerConfigKeys: raft.server.log.queue.byte-limit = 2147483647 (custom)
rm_1        | 2019-11-12 17:04:42 INFO  AsyncDispatcher:223 - Registering class org.apache.hadoop.yarn.server.resourcemanager.metrics.AbstractSystemMetricsPublisher$SystemMetricsEventType for class org.apache.hadoop.yarn.server.resourcemanager.metrics.TimelineServiceV1Publisher$TimelineV1EventHandler
kdc_1       | Entry for principal om/s3g@EXAMPLE.COM with kvno 2, encryption type aes128-cts-hmac-sha1-96 added to keytab WRFILE:/data/om.s3g.keytab.
datanode_3  | 2019-11-12 17:04:52,652 INFO server.RaftServerConfigKeys: raft.server.log.use.memory = false (default)
scm_1       | 2019-11-12 17:05:35,876 INFO ipc.Server: Auth successful for dn/575784db17a4@EXAMPLE.COM (auth:KERBEROS)
kms_1       | Nov 12, 2019 5:05:37 PM com.sun.jersey.server.wadl.generators.AbstractWadlGeneratorGrammarGenerator attachTypes
nm_1        | 2019-11-12 17:04:44 INFO  Server:419 - Started @4785ms
om_1        | 2019-11-12 17:05:33,046 INFO ipc.Server: Auth successful for hadoop/rm@EXAMPLE.COM (auth:KERBEROS)
jhs         | Nov 12, 2019 5:06:16 PM com.sun.jersey.server.wadl.generators.AbstractWadlGeneratorGrammarGenerator attachTypes
datanode_2  | 2019-11-12 17:04:52,640 INFO server.RaftServerConfigKeys: raft.server.log.segment.size.max = 1048576 (custom)
datanode_1  | 2019-11-12 17:04:52,653 INFO server.RaftServerConfigKeys: raft.server.log.queue.element-limit = 1024 (custom)
rm_1        | 2019-11-12 17:04:42 INFO  log:192 - Logging initialized @3095ms
kdc_1       | Generiting keytab
scm_1       | 2019-11-12 17:05:51,401 INFO ipc.Server: Auth successful for om/om@EXAMPLE.COM (auth:KERBEROS)
kms_1       | INFO: Couldn't find grammar element for class java.util.Map
datanode_3  | 2019-11-12 17:04:52,652 INFO server.RaftServerConfigKeys: raft.server.log.purge.gap = 1000000 (custom)
nm_1        | 2019-11-12 17:04:44 INFO  WebApps:440 - Web app node started at 8042
om_1        | 2019-11-12 17:05:40,136 INFO ipc.Server: Auth successful for rm/rm@EXAMPLE.COM (auth:KERBEROS)
jhs         | INFO: Couldn't find grammar element for class javax.ws.rs.core.Response
datanode_2  | 2019-11-12 17:04:52,640 INFO server.RaftServerConfigKeys: raft.server.log.preallocated.size = 16384 (custom)
datanode_1  | 2019-11-12 17:04:52,653 INFO server.RaftServerConfigKeys: raft.server.log.segment.size.max = 1048576 (custom)
rm_1        | 2019-11-12 17:04:42 INFO  AuthenticationFilter:240 - Unable to initialize FileSignerSecretProvider, falling back to use random secrets.
kdc_1       | Authenticating as principal admin/admin with keytab /tmp/admin.keytab.
scm_1       | 2019-11-12 17:06:04,676 INFO ipc.Server: Auth successful for om/om@EXAMPLE.COM (auth:KERBEROS)
kms_1       | Nov 12, 2019 5:05:37 PM com.sun.jersey.server.wadl.generators.AbstractWadlGeneratorGrammarGenerator attachTypes
datanode_3  | 2019-11-12 17:04:52,652 INFO server.RaftServerConfigKeys: raft.server.log.appender.buffer.byte-limit = 33554432 (custom)
om_1        | 2019-11-12 17:05:42,367 INFO ipc.Server: Auth successful for nm/nm@EXAMPLE.COM (auth:KERBEROS)
jhs         | Nov 12, 2019 5:06:16 PM com.sun.jersey.server.wadl.generators.AbstractWadlGeneratorGrammarGenerator attachTypes
nm_1        | 2019-11-12 17:04:44 INFO  NodeStatusUpdaterImpl:261 - Node ID assigned is : nm:36270
datanode_2  | 2019-11-12 17:04:52,640 INFO server.RaftServerConfigKeys: raft.server.log.write.buffer.size = 33554432 (custom)
datanode_1  | 2019-11-12 17:04:52,654 INFO server.RaftServerConfigKeys: raft.server.log.preallocated.size = 16384 (custom)
rm_1        | 2019-11-12 17:04:42 INFO  HttpRequestLog:81 - Http request log for http.requests.resourcemanager is not defined
kdc_1       | WARNING: no policy specified for scm/5612d0cd0b91@EXAMPLE.COM; defaulting to no policy
scm_1       | 2019-11-12 17:06:06,276 INFO ipc.Server: Auth successful for dn/575784db17a4@EXAMPLE.COM (auth:KERBEROS)
kms_1       | INFO: Couldn't find grammar element for class java.util.Map
datanode_3  | 2019-11-12 17:04:52,653 INFO server.RaftServerConfigKeys: raft.server.log.segment.size.max = 1048576 (custom)
om_1        | 2019-11-12 17:05:42,830 INFO ipc.Server: Auth successful for hadoop/rm@EXAMPLE.COM (auth:TOKEN)
jhs         | INFO: Couldn't find grammar element for class javax.ws.rs.core.Response
nm_1        | 2019-11-12 17:04:44 INFO  JvmPauseMonitor:188 - Starting JVM pause monitor
datanode_2  | 2019-11-12 17:04:52,640 INFO server.RaftServerConfigKeys: raft.server.log.force.sync.num = 128 (default)
datanode_1  | 2019-11-12 17:04:52,654 INFO server.RaftServerConfigKeys: raft.server.log.write.buffer.size = 33554432 (custom)
rm_1        | 2019-11-12 17:04:42 INFO  HttpServer2:975 - Added global filter 'safety' (class=org.apache.hadoop.http.HttpServer2$QuotingInputFilter)
kdc_1       | Principal "scm/5612d0cd0b91@EXAMPLE.COM" created.
kms_1       | Nov 12, 2019 5:05:37 PM com.sun.jersey.server.wadl.generators.AbstractWadlGeneratorGrammarGenerator attachTypes
scm_1       | 2019-11-12 17:06:06,277 INFO ipc.Server: Auth successful for dn/5612d0cd0b91@EXAMPLE.COM (auth:KERBEROS)
datanode_3  | 2019-11-12 17:04:52,653 INFO server.RaftServerConfigKeys: raft.server.log.segment.cache.num.max = 2 (custom)
om_1        | 2019-11-12 17:05:43,186 INFO ipc.Server: Auth successful for hadoop/rm@EXAMPLE.COM (auth:TOKEN)
jhs         | Nov 12, 2019 5:06:16 PM com.sun.jersey.server.wadl.generators.AbstractWadlGeneratorGrammarGenerator attachTypes
nm_1        | 2019-11-12 17:04:44 INFO  RMProxy:133 - Connecting to ResourceManager at rm/172.19.0.12:8031
datanode_2  | 2019-11-12 17:04:52,640 INFO server.RaftServerConfigKeys: raft.server.log.statemachine.data.sync = true (default)
datanode_1  | 2019-11-12 17:04:52,654 INFO server.RaftServerConfigKeys: raft.server.log.force.sync.num = 128 (default)
rm_1        | 2019-11-12 17:04:42 INFO  HttpServer2:948 - Added filter static_user_filter (class=org.apache.hadoop.http.lib.StaticUserWebFilter$StaticUserFilter) to context cluster
kdc_1       | Authenticating as principal admin/admin with keytab /tmp/admin.keytab.
kms_1       | INFO: Couldn't find grammar element for class javax.ws.rs.core.Response
scm_1       | 2019-11-12 17:06:06,279 INFO ipc.Server: Auth successful for dn/66b0bb1816d8@EXAMPLE.COM (auth:KERBEROS)
datanode_3  | 2019-11-12 17:04:52,653 INFO segmented.SegmentedRaftLogWorker: new a789afaf-2245-4d61-ade3-298a1e890b97@group-D2C31EA306A0-SegmentedRaftLogWorker for RaftStorage:Storage Directory /data/metadata/ratis/bf908373-3364-48fd-bfee-d2c31ea306a0
om_1        | 2019-11-12 17:05:46,792 INFO ipc.Server: Auth successful for hadoop/rm@EXAMPLE.COM (auth:TOKEN)
jhs         | INFO: Couldn't find grammar element for class javax.ws.rs.core.Response
nm_1        | 2019-11-12 17:04:44 INFO  NodeStatusUpdaterImpl:652 - Sending out 0 NM container statuses: []
datanode_2  | 2019-11-12 17:04:52,640 INFO server.RaftServerConfigKeys: raft.server.log.statemachine.data.sync.timeout = 10s (default)
datanode_1  | 2019-11-12 17:04:52,654 INFO server.RaftServerConfigKeys: raft.server.log.statemachine.data.sync = true (default)
rm_1        | 2019-11-12 17:04:42 INFO  HttpServer2:958 - Added filter static_user_filter (class=org.apache.hadoop.http.lib.StaticUserWebFilter$StaticUserFilter) to context static
kdc_1       | Entry for principal scm/5612d0cd0b91@EXAMPLE.COM with kvno 2, encryption type aes256-cts-hmac-sha1-96 added to keytab WRFILE:/data/scm.5612d0cd0b91.keytab.
kms_1       | Nov 12, 2019 5:05:37 PM com.sun.jersey.server.wadl.generators.AbstractWadlGeneratorGrammarGenerator attachTypes
scm_1       | 2019-11-12 17:06:36,276 INFO ipc.Server: Auth successful for dn/66b0bb1816d8@EXAMPLE.COM (auth:KERBEROS)
datanode_3  | 2019-11-12 17:04:52,653 INFO server.RaftServerConfigKeys: raft.server.log.queue.byte-limit = 2147483647 (custom)
om_1        | 2019-11-12 17:05:57,204 INFO ipc.Server: Auth successful for hadoop/rm@EXAMPLE.COM (auth:TOKEN)
jhs         | Nov 12, 2019 5:06:16 PM com.sun.jersey.server.wadl.generators.AbstractWadlGeneratorGrammarGenerator attachTypes
nm_1        | 2019-11-12 17:04:44 INFO  NodeStatusUpdaterImpl:393 - Registering with RM using containers :[]
datanode_2  | 2019-11-12 17:04:52,640 INFO server.RaftServerConfigKeys: raft.server.log.statemachine.data.sync.timeout.retry = -1 (default)
datanode_1  | 2019-11-12 17:04:52,654 INFO server.RaftServerConfigKeys: raft.server.log.statemachine.data.sync.timeout = 10s (default)
rm_1        | 2019-11-12 17:04:42 INFO  HttpServer2:958 - Added filter static_user_filter (class=org.apache.hadoop.http.lib.StaticUserWebFilter$StaticUserFilter) to context logs
kdc_1       | Entry for principal scm/5612d0cd0b91@EXAMPLE.COM with kvno 2, encryption type aes128-cts-hmac-sha1-96 added to keytab WRFILE:/data/scm.5612d0cd0b91.keytab.
kms_1       | INFO: Couldn't find grammar element for class java.util.Map
scm_1       | 2019-11-12 17:06:36,277 INFO ipc.Server: Auth successful for dn/5612d0cd0b91@EXAMPLE.COM (auth:KERBEROS)
datanode_3  | 2019-11-12 17:04:52,653 INFO server.RaftServerConfigKeys: raft.server.log.queue.element-limit = 1024 (custom)
jhs         | INFO: Couldn't find grammar element for class javax.ws.rs.core.Response
om_1        | 2019-11-12 17:05:57,840 INFO ipc.Server: Auth successful for hadoop/rm@EXAMPLE.COM (auth:TOKEN)
nm_1        | 2019-11-12 17:04:45 INFO  Client:948 - Retrying connect to server: rm/172.19.0.12:8031. Already tried 0 time(s); retry policy is RetryUpToMaximumCountWithFixedSleep(maxRetries=10, sleepTime=1000 MILLISECONDS)
datanode_2  | 2019-11-12 17:04:52,640 INFO server.RaftServerConfigKeys: raft.server.log.statemachine.data.caching.enabled = true (custom)
datanode_1  | 2019-11-12 17:04:52,654 INFO server.RaftServerConfigKeys: raft.server.log.statemachine.data.sync.timeout.retry = -1 (default)
rm_1        | 2019-11-12 17:04:42 INFO  HttpServer2:613 - adding path spec: /cluster/*
kdc_1       | Generiting keytab
scm_1       | 2019-11-12 17:06:36,279 INFO ipc.Server: Auth successful for dn/575784db17a4@EXAMPLE.COM (auth:KERBEROS)
datanode_3  | 2019-11-12 17:04:52,653 INFO server.RaftServerConfigKeys: raft.server.log.segment.size.max = 1048576 (custom)
jhs         | 2019-11-12 17:06:16 INFO  AbstractDelegationTokenSecretManager:491 - Token renewal for identifier: (TIMELINE_DELEGATION_TOKEN owner=hadoop, renewer=rm, realUser=, issueDate=1573578376144, maxDate=1574183176144, sequenceNumber=2, masterKeyId=2); total currentTokens 2
kms_1       | Nov 12, 2019 5:05:37 PM com.sun.jersey.server.wadl.generators.AbstractWadlGeneratorGrammarGenerator attachTypes
om_1        | 2019-11-12 17:05:58,894 INFO ipc.Server: Auth successful for hadoop/rm@EXAMPLE.COM (auth:TOKEN)
nm_1        | 2019-11-12 17:04:45 INFO  NMContainerTokenSecretManager:143 - Rolling master-key for container-tokens, got key with id 777717886
datanode_2  | 2019-11-12 17:04:52,641 INFO segmented.SegmentedRaftLogWorker: 6b50b32a-80bf-49e3-8e45-4f0a931a73e4@group-D2C31EA306A0-SegmentedRaftLogWorker: flushIndex: setUnconditionally 0 -> -1
datanode_1  | 2019-11-12 17:04:52,655 INFO server.RaftServerConfigKeys: raft.server.log.statemachine.data.caching.enabled = true (custom)
rm_1        | 2019-11-12 17:04:42 INFO  HttpServer2:613 - adding path spec: /ws/*
kdc_1       | Authenticating as principal admin/admin with keytab /tmp/admin.keytab.
