om_1        | STARTUP_MSG:   classpath = /etc/hadoop:/opt/hadoop/share/hadoop/common/*:/opt/hadoop/share/ozone/lib/kerb-simplekdc-1.0.1.jar:/opt/hadoop/share/ozone/lib/protobuf-java-2.5.0.jar:/opt/hadoop/share/ozone/lib/bcpkix-jdk15on-1.60.jar:/opt/hadoop/share/ozone/lib/sqlite-jdbc-3.25.2.jar:/opt/hadoop/share/ozone/lib/netty-3.10.5.Final.jar:/opt/hadoop/share/ozone/lib/commons-validator-1.6.jar:/opt/hadoop/share/ozone/lib/jaxb-impl-2.3.0.1.jar:/opt/hadoop/share/ozone/lib/kerb-core-1.0.1.jar:/opt/hadoop/share/ozone/lib/hadoop-ozone-common-0.5.0-SNAPSHOT.jar:/opt/hadoop/share/ozone/lib/ratis-thirdparty-misc-0.2.0.jar:/opt/hadoop/share/ozone/lib/jsr305-3.0.0.jar:/opt/hadoop/share/ozone/lib/leveldbjni-all-1.8.jar:/opt/hadoop/share/ozone/lib/htrace-core4-4.1.0-incubating.jar:/opt/hadoop/share/ozone/lib/hadoop-annotations-3.2.0.jar:/opt/hadoop/share/ozone/lib/hadoop-hdds-tools-0.5.0-SNAPSHOT.jar:/opt/hadoop/share/ozone/lib/kerb-util-1.0.1.jar:/opt/hadoop/share/ozone/lib/jackson-jaxrs-1.9.13.jar:/opt/hadoop/share/ozone/lib/ratis-server-0.5.0-d6d58d0-SNAPSHOT.jar:/opt/hadoop/share/ozone/lib/kerby-xdr-1.0.1.jar:/opt/hadoop/share/ozone/lib/jetty-webapp-9.3.25.v20180904.jar:/opt/hadoop/share/ozone/lib/jackson-core-asl-1.9.13.jar:/opt/hadoop/share/ozone/lib/commons-net-3.6.jar:/opt/hadoop/share/ozone/lib/log4j-api-2.11.0.jar:/opt/hadoop/share/ozone/lib/netty-all-4.0.52.Final.jar:/opt/hadoop/share/ozone/lib/hadoop-hdfs-3.2.0.jar:/opt/hadoop/share/ozone/lib/jline-0.9.94.jar:/opt/hadoop/share/ozone/lib/opentracing-api-0.31.0.jar:/opt/hadoop/share/ozone/lib/hadoop-hdds-server-framework-0.5.0-SNAPSHOT.jar:/opt/hadoop/share/ozone/lib/slf4j-log4j12-1.7.25.jar:/opt/hadoop/share/ozone/lib/hadoop-hdfs-client-3.2.0.jar:/opt/hadoop/share/ozone/lib/kerby-config-1.0.1.jar:/opt/hadoop/share/ozone/lib/jetty-util-9.3.25.v20180904.jar:/opt/hadoop/share/ozone/lib/libthrift-0.12.0.jar:/opt/hadoop/share/ozone/lib/metrics-core-3.2.4.jar:/opt/hadoop/share/ozone/lib/kerby-pkix-1.0.1.jar:/opt/hadoop/share/ozone/lib/xz-1.0.jar:/opt/hadoop/share/ozone/lib/hadoop-hdds-config-0.5.0-SNAPSHOT.jar:/opt/hadoop/share/ozone/lib/nimbus-jose-jwt-4.41.1.jar:/opt/hadoop/share/ozone/lib/jsr311-api-1.1.1.jar:/opt/hadoop/share/ozone/lib/commons-beanutils-1.9.4.jar:/opt/hadoop/share/ozone/lib/ratis-grpc-0.5.0-d6d58d0-SNAPSHOT.jar:/opt/hadoop/share/ozone/lib/ratis-netty-0.5.0-d6d58d0-SNAPSHOT.jar:/opt/hadoop/share/ozone/lib/javax.servlet-api-3.1.0.jar:/opt/hadoop/share/ozone/lib/kerb-server-1.0.1.jar:/opt/hadoop/share/ozone/lib/zookeeper-3.4.13.jar:/opt/hadoop/share/ozone/lib/avro-1.7.7.jar:/opt/hadoop/share/ozone/lib/kerb-client-1.0.1.jar:/opt/hadoop/share/ozone/lib/jackson-xc-1.9.13.jar:/opt/hadoop/share/ozone/lib/disruptor-3.4.2.jar:/opt/hadoop/share/ozone/lib/guava-11.0.2.jar:/opt/hadoop/share/ozone/lib/ratis-client-0.5.0-d6d58d0-SNAPSHOT.jar:/opt/hadoop/share/ozone/lib/hadoop-hdds-common-0.5.0-SNAPSHOT.jar:/opt/hadoop/share/ozone/lib/curator-framework-2.12.0.jar:/opt/hadoop/share/ozone/lib/dnsjava-2.1.7.jar:/opt/hadoop/share/ozone/lib/commons-configuration2-2.1.1.jar:/opt/hadoop/share/ozone/lib/json-smart-2.3.jar:/opt/hadoop/share/ozone/lib/token-provider-1.0.1.jar:/opt/hadoop/share/ozone/lib/log4j-1.2.17.jar:/opt/hadoop/share/ozone/lib/commons-daemon-1.0.13.jar:/opt/hadoop/share/ozone/lib/bcprov-jdk15on-1.60.jar:/opt/hadoop/share/ozone/lib/ratis-metrics-0.5.0-d6d58d0-SNAPSHOT.jar:/opt/hadoop/share/ozone/lib/commons-lang3-3.7.jar:/opt/hadoop/share/ozone/lib/commons-compress-1.4.1.jar:/opt/hadoop/share/ozone/lib/jaeger-client-0.34.0.jar:/opt/hadoop/share/ozone/lib/jetty-server-9.3.25.v20180904.jar:/opt/hadoop/share/ozone/lib/accessors-smart-1.2.jar:/opt/hadoop/share/ozone/lib/re2j-1.1.jar:/opt/hadoop/share/ozone/lib/curator-recipes-2.12.0.jar:/opt/hadoop/share/ozone/lib/jackson-core-2.9.9.jar:/opt/hadoop/share/ozone/lib/commons-math3-3.1.1.jar:/opt/hadoop/share/ozone/lib/opentracing-noop-0.31.0.jar:/opt/hadoop/share/ozone/lib/httpclient-4.5.2.jar:/opt/hadoop/share/ozone/lib/jaeger-core-0.34.0.jar:/opt/hadoop/share/ozone/lib/asm-5.0.4.jar:/opt/hadoop/share/ozone/lib/curator-client-2.12.0.jar:/opt/hadoop/share/ozone/lib/audience-annotations-0.5.0.jar:/opt/hadoop/share/ozone/lib/kerby-util-1.0.1.jar:/opt/hadoop/share/ozone/lib/jackson-mapper-asl-1.9.13.jar:/opt/hadoop/share/ozone/lib/rocksdbjni-6.0.1.jar:/opt/hadoop/share/ozone/lib/jsp-api-2.1.jar:/opt/hadoop/share/ozone/lib/jsch-0.1.54.jar:/opt/hadoop/share/ozone/lib/opentracing-tracerresolver-0.1.5.jar:/opt/hadoop/share/ozone/lib/paranamer-2.3.jar:/opt/hadoop/share/ozone/lib/log4j-core-2.11.0.jar:/opt/hadoop/share/ozone/lib/jetty-io-9.3.25.v20180904.jar:/opt/hadoop/share/ozone/lib/jetty-xml-9.3.25.v20180904.jar:/opt/hadoop/share/ozone/lib/commons-codec-1.11.jar:/opt/hadoop/share/ozone/lib/commons-pool2-2.6.0.jar:/opt/hadoop/share/ozone/lib/gson-2.2.4.jar:/opt/hadoop/share/ozone/lib/jcip-annotations-1.0-1.jar:/opt/hadoop/share/ozone/lib/kerb-admin-1.0.1.jar:/opt/hadoop/share/ozone/lib/okio-1.13.0.jar:/opt/hadoop/share/ozone/lib/commons-io-2.5.jar:/opt/hadoop/share/ozone/lib/snakeyaml-1.16.jar:/opt/hadoop/share/ozone/lib/hadoop-ozone-client-0.5.0-SNAPSHOT.jar:/opt/hadoop/share/ozone/lib/jersey-core-1.19.jar:/opt/hadoop/share/ozone/lib/jackson-databind-2.9.9.jar:/opt/hadoop/share/ozone/lib/hadoop-hdds-container-service-0.5.0-SNAPSHOT.jar:/opt/hadoop/share/ozone/lib/picocli-3.9.6.jar:/opt/hadoop/share/ozone/lib/jaeger-thrift-0.34.0.jar:/opt/hadoop/share/ozone/lib/ratis-common-0.5.0-d6d58d0-SNAPSHOT.jar:/opt/hadoop/share/ozone/lib/jackson-annotations-2.9.9.jar:/opt/hadoop/share/ozone/lib/commons-cli-1.2.jar:/opt/hadoop/share/ozone/lib/hadoop-hdds-docs-0.5.0-SNAPSHOT.jar:/opt/hadoop/share/ozone/lib/woodstox-core-5.0.3.jar:/opt/hadoop/share/ozone/lib/javax.annotation-api-1.2.jar:/opt/hadoop/share/ozone/lib/snappy-java-1.0.5.jar:/opt/hadoop/share/ozone/lib/jaeger-tracerresolver-0.34.0.jar:/opt/hadoop/share/ozone/lib/jetty-security-9.3.25.v20180904.jar:/opt/hadoop/share/ozone/lib/jetty-http-9.3.25.v20180904.jar:/opt/hadoop/share/ozone/lib/kerby-asn1-1.0.1.jar:/opt/hadoop/share/ozone/lib/okhttp-3.9.0.jar:/opt/hadoop/share/ozone/lib/stax2-api-3.1.4.jar:/opt/hadoop/share/ozone/lib/commons-digester-1.8.1.jar:/opt/hadoop/share/ozone/lib/commons-collections-3.2.2.jar:/opt/hadoop/share/ozone/lib/jettison-1.1.jar:/opt/hadoop/share/ozone/lib/commons-text-1.4.jar:/opt/hadoop/share/ozone/lib/jersey-servlet-1.19.jar:/opt/hadoop/share/ozone/lib/jersey-json-1.19.jar:/opt/hadoop/share/ozone/lib/slf4j-api-1.7.25.jar:/opt/hadoop/share/ozone/lib/jetty-util-ajax-9.3.25.v20180904.jar:/opt/hadoop/share/ozone/lib/commons-logging-1.1.3.jar:/opt/hadoop/share/ozone/lib/hadoop-hdds-client-0.5.0-SNAPSHOT.jar:/opt/hadoop/share/ozone/lib/kerb-identity-1.0.1.jar:/opt/hadoop/share/ozone/lib/ratis-proto-0.5.0-d6d58d0-SNAPSHOT.jar:/opt/hadoop/share/ozone/lib/opentracing-util-0.31.0.jar:/opt/hadoop/share/ozone/lib/hadoop-common-3.2.0.jar:/opt/hadoop/share/ozone/lib/hadoop-auth-3.2.0.jar:/opt/hadoop/share/ozone/lib/kerb-common-1.0.1.jar:/opt/hadoop/share/ozone/lib/jetty-servlet-9.3.25.v20180904.jar:/opt/hadoop/share/ozone/lib/jersey-server-1.19.jar:/opt/hadoop/share/ozone/lib/kerb-crypto-1.0.1.jar:/opt/hadoop/share/ozone/lib/httpcore-4.4.4.jar:/opt/hadoop/share/ozone/web:/opt/hadoop/share/ozone/lib/hadoop-ozone-ozone-manager-0.5.0-SNAPSHOT.jar
datanode_3  | 2019-11-15 00:02:58,315 INFO http.HttpRequestLog: Http request log for http.requests.hddsDatanode is not defined
nm_1        | 2019-11-15 00:02:53 INFO  NodeManager:45 - registered UNIX signal handlers for [TERM, HUP, INT]
rm_1        | 2019-11-15 00:02:55 INFO  Configuration:2427 - found resource core-site.xml at file:/opt/hadoop/etc/hadoop/core-site.xml
datanode_1  | 2019-11-15 00:02:59,182 INFO handler.ContextHandler: Started o.e.j.s.ServletContextHandler@518bfd90{/logs,file:///var/log/hadoop/,AVAILABLE}
scm_1       | 2019-11-15 00:02:57,942 INFO db.DBStoreBuilder: using custom profile for table: revokedCerts
datanode_2  | 2019-11-15 00:02:58,302 INFO server.RaftServerConfigKeys: raft.server.storage.dir = [/data/metadata/ratis] (custom)
datanode_3  | 2019-11-15 00:02:58,322 INFO http.HttpServer2: Added global filter 'safety' (class=org.apache.hadoop.http.HttpServer2$QuotingInputFilter)
nm_1        | 2019-11-15 00:02:54 INFO  AsyncDispatcher:209 - Registering class org.apache.hadoop.yarn.server.nodemanager.containermanager.container.ContainerEventType for class org.apache.hadoop.yarn.server.nodemanager.containermanager.ContainerManagerImpl$ContainerEventDispatcher
scm_1       | 2019-11-15 00:02:57,942 INFO db.DBStoreBuilder: Using default column profile:DBProfile.DISK for Table:revokedCerts
datanode_3  | 2019-11-15 00:02:58,324 INFO http.HttpServer2: Added filter static_user_filter (class=org.apache.hadoop.http.lib.StaticUserWebFilter$StaticUserFilter) to context hddsDatanode
rm_1        | 2019-11-15 00:02:55 INFO  Groups:387 - clearing userToGroupsMap cache
datanode_2  | 2019-11-15 00:02:58,504 INFO hdfs.DFSUtil: Starting Web-server for hddsDatanode at: http://0.0.0.0:9882
nm_1        | 2019-11-15 00:02:54 INFO  AsyncDispatcher:209 - Registering class org.apache.hadoop.yarn.server.nodemanager.containermanager.application.ApplicationEventType for class org.apache.hadoop.yarn.server.nodemanager.containermanager.ContainerManagerImpl$ApplicationEventDispatcher
scm_1       | 2019-11-15 00:02:57,961 INFO db.DBStoreBuilder: using custom profile for table: default
om_1        | STARTUP_MSG:   build = https://github.com/apache/hadoop.git -r e97acb3bd8f3befd27418996fa5d4b50bf2e17bf; compiled by 'sunilg' on 2019-01-15T17:34Z
datanode_3  | 2019-11-15 00:02:58,324 INFO http.HttpServer2: Added filter static_user_filter (class=org.apache.hadoop.http.lib.StaticUserWebFilter$StaticUserFilter) to context static
datanode_1  | 2019-11-15 00:02:59,184 INFO handler.ContextHandler: Started o.e.j.s.ServletContextHandler@18b8d173{/static,jar:file:/opt/hadoop/share/ozone/lib/hadoop-hdds-container-service-0.5.0-SNAPSHOT.jar!/webapps/static,AVAILABLE}
rm_1        | 2019-11-15 00:02:55 INFO  Configuration:2427 - found resource yarn-site.xml at file:/opt/hadoop/etc/hadoop/yarn-site.xml
datanode_2  | 2019-11-15 00:02:58,534 INFO util.log: Logging initialized @3809ms
nm_1        | 2019-11-15 00:02:54 INFO  AsyncDispatcher:209 - Registering class org.apache.hadoop.yarn.server.nodemanager.containermanager.localizer.event.LocalizationEventType for class org.apache.hadoop.yarn.server.nodemanager.containermanager.localizer.ResourceLocalizationService
scm_1       | 2019-11-15 00:02:57,961 INFO db.DBStoreBuilder: Using default column profile:DBProfile.DISK for Table:default
om_1        | STARTUP_MSG:   java = 11.0.3
datanode_3  | 2019-11-15 00:02:58,324 INFO http.HttpServer2: Added filter static_user_filter (class=org.apache.hadoop.http.lib.StaticUserWebFilter$StaticUserFilter) to context logs
datanode_1  | 2019-11-15 00:02:59,267 INFO handler.ContextHandler: Started o.e.j.w.WebAppContext@862f408{/,file:///tmp/jetty-0.0.0.0-9882-hddsDatanode-_-any-14690517680995988438.dir/webapp/,AVAILABLE}{/hddsDatanode}
rm_1        | 2019-11-15 00:02:55 INFO  AsyncDispatcher:209 - Registering class org.apache.hadoop.yarn.server.resourcemanager.RMFatalEventType for class org.apache.hadoop.yarn.server.resourcemanager.ResourceManager$RMFatalEventDispatcher
datanode_2  | 2019-11-15 00:02:58,652 INFO server.AuthenticationFilter: Unable to initialize FileSignerSecretProvider, falling back to use random secrets.
nm_1        | 2019-11-15 00:02:54 INFO  AsyncDispatcher:209 - Registering class org.apache.hadoop.yarn.server.nodemanager.containermanager.AuxServicesEventType for class org.apache.hadoop.yarn.server.nodemanager.containermanager.AuxServices
scm_1       | 2019-11-15 00:02:57,963 INFO db.DBStoreBuilder: Using default options. DBProfile.DISK
om_1        | ************************************************************/
datanode_3  | 2019-11-15 00:02:58,362 INFO http.HttpServer2: Jetty bound to port 9882
datanode_1  | 2019-11-15 00:02:59,275 INFO server.AbstractConnector: Started ServerConnector@7e053d03{HTTP/1.1,[http/1.1]}{0.0.0.0:9882}
rm_1        | 2019-11-15 00:02:56 INFO  NMTokenSecretManagerInRM:75 - NMTokenKeyRollingInterval: 86400000ms and NMTokenKeyActivationDelay: 900000ms
datanode_2  | 2019-11-15 00:02:58,654 INFO http.HttpRequestLog: Http request log for http.requests.hddsDatanode is not defined
nm_1        | 2019-11-15 00:02:54 INFO  AsyncDispatcher:209 - Registering class org.apache.hadoop.yarn.server.nodemanager.containermanager.monitor.ContainersMonitorEventType for class org.apache.hadoop.yarn.server.nodemanager.containermanager.monitor.ContainersMonitorImpl
scm_1       | 2019-11-15 00:02:58,256 INFO net.NodeSchemaLoader: Loading file from java.lang.CompoundEnumeration@39d76cb5
om_1        | 2019-11-15 00:03:03,985 INFO om.OzoneManagerStarter: registered UNIX signal handlers for [TERM, HUP, INT]
datanode_3  | 2019-11-15 00:02:58,364 INFO server.Server: jetty-9.3.25.v20180904, build timestamp: 2018-09-04T21:11:46Z, git hash: 3ce520221d0240229c862b122d2b06c12a625732
datanode_1  | 2019-11-15 00:02:59,276 INFO server.Server: Started @4272ms
rm_1        | 2019-11-15 00:02:56 INFO  RMContainerTokenSecretManager:77 - ContainerTokenKeyRollingInterval: 86400000ms and ContainerTokenKeyActivationDelay: 900000ms
datanode_2  | 2019-11-15 00:02:58,662 INFO http.HttpServer2: Added global filter 'safety' (class=org.apache.hadoop.http.HttpServer2$QuotingInputFilter)
nm_1        | 2019-11-15 00:02:54 INFO  AsyncDispatcher:209 - Registering class org.apache.hadoop.yarn.server.nodemanager.containermanager.launcher.ContainersLauncherEventType for class org.apache.hadoop.yarn.server.nodemanager.containermanager.launcher.ContainersLauncher
om_1        | 2019-11-15 00:03:04,737 INFO ha.OMHANodeDetails: Configuration either no ozone.om.address set. Falling back to the default OM address om/172.18.0.2:9862
scm_1       | 2019-11-15 00:02:58,257 INFO net.NodeSchemaLoader: Loading network topology layer schema file
datanode_3  | 2019-11-15 00:02:58,397 INFO handler.ContextHandler: Started o.e.j.s.ServletContextHandler@7d44a19{/logs,file:///var/log/hadoop/,AVAILABLE}
rm_1        | 2019-11-15 00:02:56 INFO  AMRMTokenSecretManager:94 - AMRMTokenKeyRollingInterval: 86400000ms and AMRMTokenKeyActivationDelay: 900000 ms
datanode_2  | 2019-11-15 00:02:58,663 INFO http.HttpServer2: Added filter static_user_filter (class=org.apache.hadoop.http.lib.StaticUserWebFilter$StaticUserFilter) to context hddsDatanode
datanode_1  | 2019-11-15 00:02:59,279 INFO impl.MetricsSinkAdapter: Sink prometheus started
nm_1        | 2019-11-15 00:02:54 INFO  AsyncDispatcher:209 - Registering class org.apache.hadoop.yarn.server.nodemanager.ContainerManagerEventType for class org.apache.hadoop.yarn.server.nodemanager.containermanager.ContainerManagerImpl
om_1        | 2019-11-15 00:03:04,737 INFO ha.OMHANodeDetails: OM Service ID is not set. Setting it to the default ID: omServiceIdDefault
scm_1       | 2019-11-15 00:02:58,363 INFO node.SCMNodeManager: Entering startup safe mode.
datanode_3  | 2019-11-15 00:02:58,398 INFO handler.ContextHandler: Started o.e.j.s.ServletContextHandler@437486cd{/static,jar:file:/opt/hadoop/share/ozone/lib/hadoop-hdds-container-service-0.5.0-SNAPSHOT.jar!/webapps/static,AVAILABLE}
rm_1        | 2019-11-15 00:02:56 INFO  AsyncDispatcher:209 - Registering class org.apache.hadoop.yarn.server.resourcemanager.recovery.RMStateStoreEventType for class org.apache.hadoop.yarn.server.resourcemanager.recovery.RMStateStore$ForwardingEventHandler
datanode_2  | 2019-11-15 00:02:58,664 INFO http.HttpServer2: Added filter static_user_filter (class=org.apache.hadoop.http.lib.StaticUserWebFilter$StaticUserFilter) to context logs
datanode_1  | 2019-11-15 00:02:59,279 INFO impl.MetricsSystemImpl: Registered sink prometheus
nm_1        | 2019-11-15 00:02:54 INFO  AsyncDispatcher:209 - Registering class org.apache.hadoop.yarn.server.nodemanager.NodeManagerEventType for class org.apache.hadoop.yarn.server.nodemanager.NodeManager
om_1        | 2019-11-15 00:03:04,744 WARN server.ServerUtils: ozone.om.db.dirs is not configured. We recommend adding this setting. Falling back to ozone.metadata.dirs instead.
scm_1       | 2019-11-15 00:02:58,537 INFO algorithms.ContainerPlacementPolicyFactory: Create container placement policy of type org.apache.hadoop.hdds.scm.container.placement.algorithms.SCMContainerPlacementRandom
datanode_3  | 2019-11-15 00:02:58,491 INFO handler.ContextHandler: Started o.e.j.w.WebAppContext@4527f70a{/,file:///tmp/jetty-0.0.0.0-9882-hddsDatanode-_-any-5755930427616251807.dir/webapp/,AVAILABLE}{/hddsDatanode}
rm_1        | 2019-11-15 00:02:56 INFO  AsyncDispatcher:209 - Registering class org.apache.hadoop.yarn.server.resourcemanager.NodesListManagerEventType for class org.apache.hadoop.yarn.server.resourcemanager.NodesListManager
datanode_2  | 2019-11-15 00:02:58,664 INFO http.HttpServer2: Added filter static_user_filter (class=org.apache.hadoop.http.lib.StaticUserWebFilter$StaticUserFilter) to context static
datanode_1  | 2019-11-15 00:02:59,281 INFO server.BaseHttpServer: HTTP server of HDDSDATANODE is listening at http://0.0.0.0:9882
nm_1        | 2019-11-15 00:02:54 INFO  MetricsConfig:112 - loaded properties from hadoop-metrics2.properties
om_1        | 2019-11-15 00:03:04,757 WARN server.ServerUtils: ozone.om.db.dirs is not configured. We recommend adding this setting. Falling back to ozone.metadata.dirs instead.
datanode_3  | 2019-11-15 00:02:58,501 INFO server.AbstractConnector: Started ServerConnector@45f03e42{HTTP/1.1,[http/1.1]}{0.0.0.0:9882}
rm_1        | 2019-11-15 00:02:56 INFO  ResourceManager:293 - Using Scheduler: org.apache.hadoop.yarn.server.resourcemanager.scheduler.capacity.CapacityScheduler
scm_1       | 2019-11-15 00:02:58,548 WARN server.ServerUtils: ozone.scm.db.dirs is not configured. We recommend adding this setting. Falling back to ozone.metadata.dirs instead.
datanode_2  | 2019-11-15 00:02:58,693 INFO http.HttpServer2: Jetty bound to port 9882
datanode_1  | 2019-11-15 00:02:59,295 INFO util.JvmPauseMonitor: Starting JVM pause monitor
om_1        | 2019-11-15 00:03:05,506 WARN server.ServerUtils: ozone.om.db.dirs is not configured. We recommend adding this setting. Falling back to ozone.metadata.dirs instead.
nm_1        | 2019-11-15 00:02:54 INFO  MetricsSystemImpl:376 - Scheduled snapshot period at 10 second(s).
datanode_3  | 2019-11-15 00:02:58,501 INFO server.Server: Started @4089ms
rm_1        | 2019-11-15 00:02:56 INFO  AsyncDispatcher:209 - Registering class org.apache.hadoop.yarn.server.resourcemanager.scheduler.event.SchedulerEventType for class org.apache.hadoop.yarn.server.resourcemanager.ResourceManager$SchedulerEventDispatcher
scm_1       | 2019-11-15 00:02:58,645 INFO pipeline.SCMPipelineManager: No pipeline exists in current db
datanode_2  | 2019-11-15 00:02:58,695 INFO server.Server: jetty-9.3.25.v20180904, build timestamp: 2018-09-04T21:11:46Z, git hash: 3ce520221d0240229c862b122d2b06c12a625732
datanode_1  | 2019-11-15 00:02:59,451 INFO datanode.InitDatanodeState: DatanodeDetails is persisted to /data/metadata/datanode.id
om_1        | 2019-11-15 00:03:05,536 INFO util.log: Logging initialized @2391ms
nm_1        | 2019-11-15 00:02:54 INFO  MetricsSystemImpl:192 - NodeManager metrics system started
datanode_3  | 2019-11-15 00:02:58,506 INFO impl.MetricsSinkAdapter: Sink prometheus started
rm_1        | 2019-11-15 00:02:56 INFO  AsyncDispatcher:209 - Registering class org.apache.hadoop.yarn.server.resourcemanager.rmapp.RMAppEventType for class org.apache.hadoop.yarn.server.resourcemanager.ResourceManager$ApplicationEventDispatcher
scm_1       | 2019-11-15 00:02:58,650 WARN server.ServerUtils: ozone.scm.db.dirs is not configured. We recommend adding this setting. Falling back to ozone.metadata.dirs instead.
datanode_2  | 2019-11-15 00:02:58,728 INFO handler.ContextHandler: Started o.e.j.s.ServletContextHandler@1fb2d5e{/logs,file:///var/log/hadoop/,AVAILABLE}
datanode_1  | 2019-11-15 00:03:01,445 INFO ozoneimpl.OzoneContainer: Attempting to start container services.
nm_1        | 2019-11-15 00:02:55 INFO  AsyncDispatcher:209 - Registering class org.apache.hadoop.yarn.server.nodemanager.containermanager.loghandler.event.LogHandlerEventType for class org.apache.hadoop.yarn.server.nodemanager.containermanager.loghandler.NonAggregatingLogHandler
datanode_3  | 2019-11-15 00:02:58,506 INFO impl.MetricsSystemImpl: Registered sink prometheus
om_1        | 2019-11-15 00:03:05,630 INFO db.DBStoreBuilder: using custom profile for table: userTable
rm_1        | 2019-11-15 00:02:56 INFO  AsyncDispatcher:209 - Registering class org.apache.hadoop.yarn.server.resourcemanager.rmapp.attempt.RMAppAttemptEventType for class org.apache.hadoop.yarn.server.resourcemanager.ResourceManager$ApplicationAttemptEventDispatcher
scm_1       | 2019-11-15 00:02:58,758 WARN events.EventQueue: No event handler registered for event TypedEvent{payloadType=SafeModeStatus, name='SafeModeStatus'}
datanode_2  | 2019-11-15 00:02:58,729 INFO handler.ContextHandler: Started o.e.j.s.ServletContextHandler@15b642b9{/static,jar:file:/opt/hadoop/share/ozone/lib/hadoop-hdds-container-service-0.5.0-SNAPSHOT.jar!/webapps/static,AVAILABLE}
datanode_1  | 2019-11-15 00:03:01,447 INFO ozoneimpl.OzoneContainer: Background container scanner has been disabled.
nm_1        | 2019-11-15 00:02:55 INFO  AsyncDispatcher:209 - Registering class org.apache.hadoop.yarn.server.nodemanager.containermanager.localizer.sharedcache.SharedCacheUploadEventType for class org.apache.hadoop.yarn.server.nodemanager.containermanager.localizer.sharedcache.SharedCacheUploadService
datanode_3  | 2019-11-15 00:02:58,509 INFO server.BaseHttpServer: HTTP server of HDDSDATANODE is listening at http://0.0.0.0:9882
om_1        | 2019-11-15 00:03:05,630 INFO db.DBStoreBuilder: Using default column profile:DBProfile.DISK for Table:userTable
rm_1        | 2019-11-15 00:02:56 INFO  AsyncDispatcher:209 - Registering class org.apache.hadoop.yarn.server.resourcemanager.rmnode.RMNodeEventType for class org.apache.hadoop.yarn.server.resourcemanager.ResourceManager$NodeEventDispatcher
scm_1       | 2019-11-15 00:02:59,481 INFO ipc.CallQueueManager: Using callQueue: class java.util.concurrent.LinkedBlockingQueue, queueCapacity: 1000, scheduler: class org.apache.hadoop.ipc.DefaultRpcScheduler, ipcBackoff: false.
datanode_2  | 2019-11-15 00:02:58,830 INFO handler.ContextHandler: Started o.e.j.w.WebAppContext@707b1a44{/,file:///tmp/jetty-0.0.0.0-9882-hddsDatanode-_-any-4654910983346642791.dir/webapp/,AVAILABLE}{/hddsDatanode}
datanode_1  | 2019-11-15 00:03:01,447 INFO ratis.XceiverServerRatis: Starting XceiverServerRatis 706b532c-5fc8-4808-bd1a-43811259d85e at port 9858
scm_1       | 2019-11-15 00:02:59,500 INFO ipc.Server: Starting Socket Reader #1 for port 9861
datanode_2  | 2019-11-15 00:02:58,839 INFO server.AbstractConnector: Started ServerConnector@6acda271{HTTP/1.1,[http/1.1]}{0.0.0.0:9882}
datanode_3  | 2019-11-15 00:02:58,524 INFO util.JvmPauseMonitor: Starting JVM pause monitor
datanode_1  | 2019-11-15 00:03:01,472 INFO impl.RaftServerProxy: 706b532c-5fc8-4808-bd1a-43811259d85e: start RPC server
datanode_1  | 2019-11-15 00:03:01,594 INFO server.GrpcService: 706b532c-5fc8-4808-bd1a-43811259d85e: GrpcService started, listening on 0.0.0.0/0.0.0.0:9858
datanode_1  | WARNING: An illegal reflective access operation has occurred
rm_1        | 2019-11-15 00:02:56 INFO  MetricsConfig:112 - loaded properties from hadoop-metrics2.properties
scm_1       | 2019-11-15 00:02:59,523 INFO ipc.CallQueueManager: Using callQueue: class java.util.concurrent.LinkedBlockingQueue, queueCapacity: 1000, scheduler: class org.apache.hadoop.ipc.DefaultRpcScheduler, ipcBackoff: false.
datanode_2  | 2019-11-15 00:02:58,839 INFO server.Server: Started @4115ms
datanode_3  | 2019-11-15 00:02:58,712 INFO datanode.InitDatanodeState: DatanodeDetails is persisted to /data/metadata/datanode.id
datanode_1  | WARNING: Illegal reflective access by org.apache.ratis.thirdparty.com.google.protobuf.UnsafeUtil (file:/opt/hadoop/share/ozone/lib/ratis-thirdparty-misc-0.2.0.jar) to field java.nio.Buffer.address
nm_1        | 2019-11-15 00:02:55 INFO  ResourceLocalizationService:219 - per directory file limit = 8192
om_1        | 2019-11-15 00:03:05,630 INFO db.DBStoreBuilder: using custom profile for table: volumeTable
rm_1        | 2019-11-15 00:02:56 INFO  MetricsSystemImpl:376 - Scheduled snapshot period at 10 second(s).
scm_1       | 2019-11-15 00:02:59,523 INFO ipc.Server: Starting Socket Reader #1 for port 9863
datanode_2  | 2019-11-15 00:02:58,842 INFO impl.MetricsSinkAdapter: Sink prometheus started
datanode_3  | 2019-11-15 00:03:00,795 INFO ozoneimpl.OzoneContainer: Attempting to start container services.
datanode_1  | WARNING: Please consider reporting this to the maintainers of org.apache.ratis.thirdparty.com.google.protobuf.UnsafeUtil
nm_1        | 2019-11-15 00:02:55 INFO  AsyncDispatcher:209 - Registering class org.apache.hadoop.yarn.server.nodemanager.containermanager.localizer.event.LocalizerEventType for class org.apache.hadoop.yarn.server.nodemanager.containermanager.localizer.ResourceLocalizationService$LocalizerTracker
om_1        | 2019-11-15 00:03:05,630 INFO db.DBStoreBuilder: Using default column profile:DBProfile.DISK for Table:volumeTable
rm_1        | 2019-11-15 00:02:56 INFO  MetricsSystemImpl:192 - ResourceManager metrics system started
scm_1       | 2019-11-15 00:02:59,531 INFO ipc.CallQueueManager: Using callQueue: class java.util.concurrent.LinkedBlockingQueue, queueCapacity: 1000, scheduler: class org.apache.hadoop.ipc.DefaultRpcScheduler, ipcBackoff: false.
datanode_2  | 2019-11-15 00:02:58,842 INFO impl.MetricsSystemImpl: Registered sink prometheus
datanode_3  | 2019-11-15 00:03:00,796 INFO ozoneimpl.OzoneContainer: Background container scanner has been disabled.
datanode_1  | WARNING: Use --illegal-access=warn to enable warnings of further illegal reflective access operations
nm_1        | 2019-11-15 00:02:55 WARN  AuxServices:130 - The Auxilurary Service named 'mapreduce_shuffle' in the configuration is for class org.apache.hadoop.mapred.ShuffleHandler which has a name of 'httpshuffle'. Because these are not the same tools trying to send ServiceData and read Service Meta Data may have issues unless the refer to the name in the config.
om_1        | 2019-11-15 00:03:05,630 INFO db.DBStoreBuilder: using custom profile for table: bucketTable
rm_1        | 2019-11-15 00:02:56 INFO  AsyncDispatcher:209 - Registering class org.apache.hadoop.yarn.server.resourcemanager.RMAppManagerEventType for class org.apache.hadoop.yarn.server.resourcemanager.RMAppManager
scm_1       | 2019-11-15 00:02:59,532 INFO ipc.Server: Starting Socket Reader #1 for port 9860
datanode_2  | 2019-11-15 00:02:58,844 INFO server.BaseHttpServer: HTTP server of HDDSDATANODE is listening at http://0.0.0.0:9882
datanode_3  | 2019-11-15 00:03:00,796 INFO ratis.XceiverServerRatis: Starting XceiverServerRatis 137ef98f-1c74-4cfa-ad86-c5e677c55fc1 at port 9858
datanode_1  | WARNING: All illegal access operations will be denied in a future release
om_1        | 2019-11-15 00:03:05,630 INFO db.DBStoreBuilder: Using default column profile:DBProfile.DISK for Table:bucketTable
nm_1        | 2019-11-15 00:02:55 INFO  AuxServices:72 - Adding auxiliary service httpshuffle, "mapreduce_shuffle"
rm_1        | 2019-11-15 00:02:56 INFO  AsyncDispatcher:209 - Registering class org.apache.hadoop.yarn.server.resourcemanager.amlauncher.AMLauncherEventType for class org.apache.hadoop.yarn.server.resourcemanager.amlauncher.ApplicationMasterLauncher
scm_1       | 2019-11-15 00:02:59,556 INFO hdfs.DFSUtil: Starting Web-server for scm at: http://0.0.0.0:9876
datanode_2  | 2019-11-15 00:02:58,858 INFO util.JvmPauseMonitor: Starting JVM pause monitor
datanode_3  | 2019-11-15 00:03:00,820 INFO impl.RaftServerProxy: 137ef98f-1c74-4cfa-ad86-c5e677c55fc1: start RPC server
datanode_1  | 2019-11-15 00:03:04,083 INFO impl.RaftServerProxy: 706b532c-5fc8-4808-bd1a-43811259d85e: addNew group-90DABA3045BD:[706b532c-5fc8-4808-bd1a-43811259d85e:172.18.0.7:9858] returns group-90DABA3045BD:java.util.concurrent.CompletableFuture@7f82c9a2[Not completed]
om_1        | 2019-11-15 00:03:05,631 INFO db.DBStoreBuilder: using custom profile for table: keyTable
nm_1        | 2019-11-15 00:02:55 INFO  ContainersMonitorImpl:106 -  Using ResourceCalculatorPlugin : org.apache.hadoop.yarn.util.LinuxResourceCalculatorPlugin@264f218
rm_1        | 2019-11-15 00:02:56 INFO  RMNMInfo:63 - Registered RMNMInfo MBean
scm_1       | 2019-11-15 00:02:59,750 INFO server.AuthenticationFilter: Unable to initialize FileSignerSecretProvider, falling back to use random secrets.
datanode_2  | 2019-11-15 00:02:59,050 INFO datanode.InitDatanodeState: DatanodeDetails is persisted to /data/metadata/datanode.id
datanode_2  | 2019-11-15 00:03:01,001 INFO ozoneimpl.OzoneContainer: Attempting to start container services.
datanode_1  | 2019-11-15 00:03:04,100 INFO impl.RaftServerImpl: 706b532c-5fc8-4808-bd1a-43811259d85e: new RaftServerImpl for group-90DABA3045BD:[706b532c-5fc8-4808-bd1a-43811259d85e:172.18.0.7:9858] with ContainerStateMachine:uninitialized
om_1        | 2019-11-15 00:03:05,631 INFO db.DBStoreBuilder: Using default column profile:DBProfile.DISK for Table:keyTable
nm_1        | 2019-11-15 00:02:55 INFO  ContainersMonitorImpl:111 -  Using ResourceCalculatorProcessTree : null
rm_1        | 2019-11-15 00:02:56 INFO  YarnAuthorizationProvider:57 - org.apache.hadoop.yarn.security.ConfiguredYarnAuthorizer is instiantiated.
scm_1       | 2019-11-15 00:02:59,764 INFO http.HttpRequestLog: Http request log for http.requests.scm is not defined
datanode_2  | 2019-11-15 00:03:01,004 INFO ozoneimpl.OzoneContainer: Background container scanner has been disabled.
datanode_3  | 2019-11-15 00:03:00,940 INFO server.GrpcService: 137ef98f-1c74-4cfa-ad86-c5e677c55fc1: GrpcService started, listening on 0.0.0.0/0.0.0.0:9858
datanode_3  | WARNING: An illegal reflective access operation has occurred
om_1        | 2019-11-15 00:03:05,631 INFO db.DBStoreBuilder: using custom profile for table: deletedTable
nm_1        | 2019-11-15 00:02:55 INFO  ContainersMonitorImpl:151 - Physical memory check enabled: false
rm_1        | 2019-11-15 00:02:56 INFO  HostsFileReader:131 - Refreshing hosts (include/exclude) list
scm_1       | 2019-11-15 00:02:59,775 INFO http.HttpServer2: Added global filter 'safety' (class=org.apache.hadoop.http.HttpServer2$QuotingInputFilter)
datanode_2  | 2019-11-15 00:03:01,004 INFO ratis.XceiverServerRatis: Starting XceiverServerRatis df789507-bfa8-48fb-bdd2-d50a350d7594 at port 9858
datanode_3  | WARNING: Illegal reflective access by org.apache.ratis.thirdparty.com.google.protobuf.UnsafeUtil (file:/opt/hadoop/share/ozone/lib/ratis-thirdparty-misc-0.2.0.jar) to field java.nio.Buffer.address
datanode_1  | 2019-11-15 00:03:04,101 INFO server.RaftServerConfigKeys: raft.server.rpc.timeout.min = 5s (custom)
om_1        | 2019-11-15 00:03:05,631 INFO db.DBStoreBuilder: Using default column profile:DBProfile.DISK for Table:deletedTable
nm_1        | 2019-11-15 00:02:55 INFO  ContainersMonitorImpl:152 - Virtual memory check enabled: false
rm_1        | 2019-11-15 00:02:56 INFO  Configuration:2427 - found resource capacity-scheduler.xml at file:/opt/hadoop/etc/hadoop/capacity-scheduler.xml
scm_1       | 2019-11-15 00:02:59,786 INFO http.HttpServer2: Added filter static_user_filter (class=org.apache.hadoop.http.lib.StaticUserWebFilter$StaticUserFilter) to context scm
datanode_2  | 2019-11-15 00:03:01,024 INFO impl.RaftServerProxy: df789507-bfa8-48fb-bdd2-d50a350d7594: start RPC server
datanode_3  | WARNING: Please consider reporting this to the maintainers of org.apache.ratis.thirdparty.com.google.protobuf.UnsafeUtil
datanode_1  | 2019-11-15 00:03:04,102 INFO server.RaftServerConfigKeys: raft.server.rpc.timeout.max = 5200ms (custom)
nm_1        | 2019-11-15 00:02:55 INFO  NodeStatusUpdaterImpl:181 - Initialized nodemanager for null: physical-memory=8192 virtual-memory=17204 virtual-cores=8
om_1        | 2019-11-15 00:03:05,631 INFO db.DBStoreBuilder: using custom profile for table: openKeyTable
rm_1        | 2019-11-15 00:02:56 INFO  CapacitySchedulerConfiguration:603 - max alloc mb per queue for root is undefined
scm_1       | 2019-11-15 00:02:59,786 INFO http.HttpServer2: Added filter static_user_filter (class=org.apache.hadoop.http.lib.StaticUserWebFilter$StaticUserFilter) to context static
datanode_2  | 2019-11-15 00:03:01,138 INFO server.GrpcService: df789507-bfa8-48fb-bdd2-d50a350d7594: GrpcService started, listening on 0.0.0.0/0.0.0.0:9858
datanode_3  | WARNING: Use --illegal-access=warn to enable warnings of further illegal reflective access operations
datanode_1  | 2019-11-15 00:03:04,102 INFO server.RaftServerConfigKeys: raft.server.rpcslowness.timeout = 120s (custom)
nm_1        | 2019-11-15 00:02:55 INFO  CallQueueManager:57 - Using callQueue: class java.util.concurrent.LinkedBlockingQueue queueCapacity: 2000
om_1        | 2019-11-15 00:03:05,631 INFO db.DBStoreBuilder: Using default column profile:DBProfile.DISK for Table:openKeyTable
rm_1        | 2019-11-15 00:02:56 INFO  CapacitySchedulerConfiguration:607 - max alloc vcore per queue for root is undefined
scm_1       | 2019-11-15 00:02:59,786 INFO http.HttpServer2: Added filter static_user_filter (class=org.apache.hadoop.http.lib.StaticUserWebFilter$StaticUserFilter) to context logs
datanode_3  | WARNING: All illegal access operations will be denied in a future release
nm_1        | 2019-11-15 00:02:55 INFO  Server:722 - Starting Socket Reader #1 for port 32783
datanode_1  | 2019-11-15 00:03:04,103 INFO server.RaftServerConfigKeys: raft.server.sleep.deviation.threshold = 300 (default)
datanode_2  | WARNING: An illegal reflective access operation has occurred
om_1        | 2019-11-15 00:03:05,632 INFO db.DBStoreBuilder: using custom profile for table: s3Table
rm_1        | 2019-11-15 00:02:56 INFO  ParentQueue:121 - root, capacity=1.0, asboluteCapacity=1.0, maxCapacity=1.0, asboluteMaxCapacity=1.0, state=RUNNING, acls=SUBMIT_APP:*ADMINISTER_QUEUE:*, labels=*,
scm_1       | 2019-11-15 00:02:59,826 INFO server.StorageContainerManager: StorageContainerLocationProtocol RPC server is listening at /0.0.0.0:9860
datanode_3  | 2019-11-15 00:03:03,534 INFO impl.RaftServerProxy: 137ef98f-1c74-4cfa-ad86-c5e677c55fc1: addNew group-3DD99CAE8540:[137ef98f-1c74-4cfa-ad86-c5e677c55fc1:172.18.0.4:9858] returns group-3DD99CAE8540:java.util.concurrent.CompletableFuture@b9898[Not completed]
nm_1        | 2019-11-15 00:02:55 INFO  RpcServerFactoryPBImpl:174 - Adding protocol org.apache.hadoop.yarn.api.ContainerManagementProtocolPB to the server
datanode_1  | 2019-11-15 00:03:04,103 INFO server.RaftServerConfigKeys: raft.server.log.appender.install.snapshot.enabled = false (custom)
datanode_2  | WARNING: Illegal reflective access by org.apache.ratis.thirdparty.com.google.protobuf.UnsafeUtil (file:/opt/hadoop/share/ozone/lib/ratis-thirdparty-misc-0.2.0.jar) to field java.nio.Buffer.address
om_1        | 2019-11-15 00:03:05,632 INFO db.DBStoreBuilder: Using default column profile:DBProfile.DISK for Table:s3Table
scm_1       | 2019-11-15 00:02:59,893 INFO impl.MetricsConfig: Loaded properties from hadoop-metrics2.properties
nm_1        | 2019-11-15 00:02:55 INFO  ContainerManagerImpl:427 - Blocking new container-requests as container manager rpc server is still starting.
nm_1        | 2019-11-15 00:02:55 INFO  Server:962 - IPC Server Responder: starting
rm_1        | , reservationsContinueLooking=true
datanode_1  | 2019-11-15 00:03:04,109 INFO impl.RaftServerImpl: 706b532c-5fc8-4808-bd1a-43811259d85e@group-90DABA3045BD: ConfigurationManager, init=-1: [706b532c-5fc8-4808-bd1a-43811259d85e:172.18.0.7:9858], old=null, confs=<EMPTY_MAP>
datanode_2  | WARNING: Please consider reporting this to the maintainers of org.apache.ratis.thirdparty.com.google.protobuf.UnsafeUtil
om_1        | 2019-11-15 00:03:05,632 INFO db.DBStoreBuilder: using custom profile for table: multipartInfoTable
scm_1       | 2019-11-15 00:02:59,931 INFO impl.MetricsSystemImpl: Scheduled Metric snapshot period at 10 second(s).
nm_1        | 2019-11-15 00:02:55 INFO  Server:801 - IPC Server listener on 32783: starting
datanode_3  | 2019-11-15 00:03:03,549 INFO impl.RaftServerImpl: 137ef98f-1c74-4cfa-ad86-c5e677c55fc1: new RaftServerImpl for group-3DD99CAE8540:[137ef98f-1c74-4cfa-ad86-c5e677c55fc1:172.18.0.4:9858] with ContainerStateMachine:uninitialized
rm_1        | 2019-11-15 00:02:56 INFO  ParentQueue:100 - Initialized parent-queue root name=root, fullname=root
datanode_2  | WARNING: Use --illegal-access=warn to enable warnings of further illegal reflective access operations
datanode_1  | 2019-11-15 00:03:04,110 INFO server.RaftServerConfigKeys: raft.server.storage.dir = [/data/metadata/ratis] (custom)
datanode_1  | 2019-11-15 00:03:04,116 INFO server.RaftServerConfigKeys: raft.server.log.corruption.policy = EXCEPTION (default)
om_1        | 2019-11-15 00:03:05,632 INFO db.DBStoreBuilder: Using default column profile:DBProfile.DISK for Table:multipartInfoTable
scm_1       | 2019-11-15 00:02:59,932 INFO impl.MetricsSystemImpl: StorageContainerManager metrics system started
nm_1        | 2019-11-15 00:02:55 INFO  NMContainerTokenSecretManager:260 - Updating node address : nm:32783
datanode_3  | 2019-11-15 00:03:03,551 INFO server.RaftServerConfigKeys: raft.server.rpc.timeout.min = 5s (custom)
rm_1        | 2019-11-15 00:02:56 INFO  CapacitySchedulerConfiguration:603 - max alloc mb per queue for root.default is undefined
datanode_2  | WARNING: All illegal access operations will be denied in a future release
datanode_1  | 2019-11-15 00:03:04,118 INFO storage.RaftStorageDirectory: The storage directory /data/metadata/ratis/047d2756-55a2-464e-a046-90daba3045bd does not exist. Creating ...
om_1        | 2019-11-15 00:03:05,632 INFO db.DBStoreBuilder: using custom profile for table: dTokenTable
scm_1       | 2019-11-15 00:03:00,131 INFO server.SCMClientProtocolServer: RPC server for Client  is listening at /0.0.0.0:9860
nm_1        | 2019-11-15 00:02:55 INFO  CallQueueManager:57 - Using callQueue: class java.util.concurrent.LinkedBlockingQueue queueCapacity: 500
datanode_3  | 2019-11-15 00:03:03,551 INFO server.RaftServerConfigKeys: raft.server.rpc.timeout.max = 5200ms (custom)
rm_1        | 2019-11-15 00:02:56 INFO  CapacitySchedulerConfiguration:607 - max alloc vcore per queue for root.default is undefined
datanode_2  | 2019-11-15 00:03:04,544 INFO impl.RaftServerProxy: df789507-bfa8-48fb-bdd2-d50a350d7594: addNew group-26C05830D7EA:[df789507-bfa8-48fb-bdd2-d50a350d7594:172.18.0.6:9858] returns group-26C05830D7EA:java.util.concurrent.CompletableFuture@188afa25[Not completed]
datanode_1  | 2019-11-15 00:03:04,141 INFO storage.RaftStorageDirectory: Lock on /data/metadata/ratis/047d2756-55a2-464e-a046-90daba3045bd/in_use.lock acquired by nodename 7@f0c04d25fd4c
om_1        | 2019-11-15 00:03:05,632 INFO db.DBStoreBuilder: Using default column profile:DBProfile.DISK for Table:dTokenTable
scm_1       | 2019-11-15 00:03:00,132 INFO ipc.Server: IPC Server Responder: starting
nm_1        | 2019-11-15 00:02:55 INFO  Server:722 - Starting Socket Reader #1 for port 8040
datanode_3  | 2019-11-15 00:03:03,551 INFO server.RaftServerConfigKeys: raft.server.rpcslowness.timeout = 120s (custom)
rm_1        | 2019-11-15 00:02:56 INFO  LeafQueue:215 - Initializing default
datanode_2  | 2019-11-15 00:03:04,566 INFO impl.RaftServerImpl: df789507-bfa8-48fb-bdd2-d50a350d7594: new RaftServerImpl for group-26C05830D7EA:[df789507-bfa8-48fb-bdd2-d50a350d7594:172.18.0.6:9858] with ContainerStateMachine:uninitialized
datanode_1  | 2019-11-15 00:03:04,166 INFO storage.RaftStorage: Storage directory /data/metadata/ratis/047d2756-55a2-464e-a046-90daba3045bd has been successfully formatted.
om_1        | 2019-11-15 00:03:05,632 INFO db.DBStoreBuilder: using custom profile for table: s3SecretTable
scm_1       | 2019-11-15 00:03:00,132 INFO ipc.Server: IPC Server listener on 9860: starting
nm_1        | 2019-11-15 00:02:55 INFO  RpcServerFactoryPBImpl:174 - Adding protocol org.apache.hadoop.yarn.server.nodemanager.api.LocalizationProtocolPB to the server
datanode_3  | 2019-11-15 00:03:03,552 INFO server.RaftServerConfigKeys: raft.server.sleep.deviation.threshold = 300 (default)
rm_1        | capacity = 1.0 [= (float) configuredCapacity / 100 ]
datanode_2  | 2019-11-15 00:03:04,567 INFO server.RaftServerConfigKeys: raft.server.rpc.timeout.min = 5s (custom)
datanode_1  | 2019-11-15 00:03:04,170 INFO ratis.ContainerStateMachine: group-90DABA3045BD: The snapshot info is null. Setting the last applied indexto:(t:0, i:~)
om_1        | 2019-11-15 00:03:05,632 INFO db.DBStoreBuilder: Using default column profile:DBProfile.DISK for Table:s3SecretTable
scm_1       | 2019-11-15 00:03:00,135 INFO server.StorageContainerManager: ScmBlockLocationProtocol RPC server is listening at /0.0.0.0:9863
nm_1        | 2019-11-15 00:02:55 INFO  Server:962 - IPC Server Responder: starting
datanode_3  | 2019-11-15 00:03:03,552 INFO server.RaftServerConfigKeys: raft.server.log.appender.install.snapshot.enabled = false (custom)
datanode_2  | 2019-11-15 00:03:04,568 INFO server.RaftServerConfigKeys: raft.server.rpc.timeout.max = 5200ms (custom)
rm_1        | asboluteCapacity = 1.0 [= parentAbsoluteCapacity * capacity ]
datanode_1  | 2019-11-15 00:03:04,171 INFO server.RaftServerConfigKeys: raft.server.notification.no-leader.timeout = 120s (custom)
om_1        | 2019-11-15 00:03:05,633 INFO db.DBStoreBuilder: using custom profile for table: prefixTable
scm_1       | 2019-11-15 00:03:00,136 INFO server.SCMBlockProtocolServer: RPC server for Block Protocol is listening at /0.0.0.0:9863
nm_1        | 2019-11-15 00:02:55 INFO  Server:801 - IPC Server listener on 8040: starting
datanode_3  | 2019-11-15 00:03:03,557 INFO impl.RaftServerImpl: 137ef98f-1c74-4cfa-ad86-c5e677c55fc1@group-3DD99CAE8540: ConfigurationManager, init=-1: [137ef98f-1c74-4cfa-ad86-c5e677c55fc1:172.18.0.4:9858], old=null, confs=<EMPTY_MAP>
datanode_2  | 2019-11-15 00:03:04,568 INFO server.RaftServerConfigKeys: raft.server.rpcslowness.timeout = 120s (custom)
rm_1        | maxCapacity = 1.0 [= configuredMaxCapacity ]
om_1        | 2019-11-15 00:03:05,633 INFO db.DBStoreBuilder: Using default column profile:DBProfile.DISK for Table:prefixTable
scm_1       | 2019-11-15 00:03:00,137 INFO ipc.Server: IPC Server Responder: starting
nm_1        | 2019-11-15 00:02:55 INFO  ResourceLocalizationService:344 - Localizer started on port 8040
datanode_3  | 2019-11-15 00:03:03,557 INFO server.RaftServerConfigKeys: raft.server.storage.dir = [/data/metadata/ratis] (custom)
datanode_2  | 2019-11-15 00:03:04,569 INFO server.RaftServerConfigKeys: raft.server.sleep.deviation.threshold = 300 (default)
rm_1        | absoluteMaxCapacity = 1.0 [= 1.0 maximumCapacity undefined, (parentAbsoluteMaxCapacity * maximumCapacity) / 100 otherwise ]
datanode_1  | 2019-11-15 00:03:04,173 INFO server.RaftServerConfigKeys: raft.server.log.use.memory = false (default)
om_1        | 2019-11-15 00:03:05,648 INFO db.DBStoreBuilder: using custom profile for table: default
scm_1       | 2019-11-15 00:03:00,137 INFO ipc.Server: IPC Server listener on 9863: starting
nm_1        | 2019-11-15 00:02:55 INFO  IndexCache:47 - IndexCache created with max memory = 10485760
datanode_3  | 2019-11-15 00:03:03,562 INFO server.RaftServerConfigKeys: raft.server.log.corruption.policy = EXCEPTION (default)
datanode_2  | 2019-11-15 00:03:04,569 INFO server.RaftServerConfigKeys: raft.server.log.appender.install.snapshot.enabled = false (custom)
rm_1        | userLimit = 100 [= configuredUserLimit ]
scm_1       | 2019-11-15 00:03:00,139 INFO server.StorageContainerManager: ScmDatanodeProtocl RPC server is listening at /0.0.0.0:9861
om_1        | 2019-11-15 00:03:05,648 INFO db.DBStoreBuilder: Using default column profile:DBProfile.DISK for Table:default
datanode_1  | 2019-11-15 00:03:04,177 INFO server.RaftServerConfigKeys: raft.server.log.purge.gap = 1000000 (custom)
datanode_3  | 2019-11-15 00:03:03,563 INFO storage.RaftStorageDirectory: The storage directory /data/metadata/ratis/c76f4687-dc86-4929-b413-3dd99cae8540 does not exist. Creating ...
nm_1        | 2019-11-15 00:02:55 INFO  ShuffleHandler:510 - httpshuffle listening on port 13562
datanode_2  | 2019-11-15 00:03:04,574 INFO impl.RaftServerImpl: df789507-bfa8-48fb-bdd2-d50a350d7594@group-26C05830D7EA: ConfigurationManager, init=-1: [df789507-bfa8-48fb-bdd2-d50a350d7594:172.18.0.6:9858], old=null, confs=<EMPTY_MAP>
rm_1        | userLimitFactor = 1.0 [= configuredUserLimitFactor ]
scm_1       | 2019-11-15 00:03:00,139 INFO server.SCMDatanodeProtocolServer: RPC server for DataNodes is listening at /0.0.0.0:9861
om_1        | 2019-11-15 00:03:05,649 INFO db.DBStoreBuilder: Using default options. DBProfile.DISK
datanode_1  | 2019-11-15 00:03:04,177 INFO server.RaftServerConfigKeys: raft.server.log.appender.buffer.byte-limit = 33554432 (custom)
datanode_3  | 2019-11-15 00:03:03,580 INFO storage.RaftStorageDirectory: Lock on /data/metadata/ratis/c76f4687-dc86-4929-b413-3dd99cae8540/in_use.lock acquired by nodename 7@187c7840428a
nm_1        | 2019-11-15 00:02:55 INFO  ContainersMonitorImpl:196 - Neither virutal-memory nor physical-memory monitoring is needed. Not running the monitor-thread
datanode_2  | 2019-11-15 00:03:04,575 INFO server.RaftServerConfigKeys: raft.server.storage.dir = [/data/metadata/ratis] (custom)
rm_1        | maxApplications = 10000 [= configuredMaximumSystemApplicationsPerQueue or (int)(configuredMaximumSystemApplications * absoluteCapacity)]
scm_1       | 2019-11-15 00:03:00,140 INFO ipc.Server: IPC Server Responder: starting
om_1        | 2019-11-15 00:03:06,089 INFO ipc.CallQueueManager: Using callQueue: class java.util.concurrent.LinkedBlockingQueue, queueCapacity: 2000, scheduler: class org.apache.hadoop.ipc.DefaultRpcScheduler, ipcBackoff: false.
datanode_1  | 2019-11-15 00:03:04,179 INFO server.RaftServerConfigKeys: raft.server.log.segment.size.max = 1048576 (custom)
datanode_3  | 2019-11-15 00:03:03,589 INFO storage.RaftStorage: Storage directory /data/metadata/ratis/c76f4687-dc86-4929-b413-3dd99cae8540 has been successfully formatted.
nm_1        | 2019-11-15 00:02:55 INFO  ContainerManagerImpl:472 - ContainerManager started at nm/172.18.0.3:32783
datanode_2  | 2019-11-15 00:03:04,579 INFO server.RaftServerConfigKeys: raft.server.log.corruption.policy = EXCEPTION (default)
rm_1        | maxApplicationsPerUser = 10000 [= (int)(maxApplications * (userLimit / 100.0f) * userLimitFactor) ]
scm_1       | 2019-11-15 00:03:00,140 INFO ipc.Server: IPC Server listener on 9861: starting
om_1        | 2019-11-15 00:03:06,103 INFO ipc.Server: Starting Socket Reader #1 for port 9862
datanode_1  | 2019-11-15 00:03:04,184 INFO metrics.MetricRegistries: Loaded MetricRegistries class org.apache.ratis.metrics.impl.MetricRegistriesImpl
nm_1        | 2019-11-15 00:02:55 INFO  ContainerManagerImpl:473 - ContainerManager bound to 0.0.0.0/0.0.0.0:0
datanode_2  | 2019-11-15 00:03:04,580 INFO storage.RaftStorageDirectory: The storage directory /data/metadata/ratis/3151399b-83a3-41c1-ab60-26c05830d7ea does not exist. Creating ...
rm_1        | usedCapacity = 0.0 [= usedResourcesMemory / (clusterResourceMemory * absoluteCapacity)]
scm_1       | 2019-11-15 00:03:00,145 INFO http.HttpServer2: Jetty bound to port 9876
om_1        | 2019-11-15 00:03:06,146 INFO om.OzoneManager: OzoneManager RPC server is listening at om/172.18.0.2:9862
datanode_1  | 2019-11-15 00:03:04,186 WARN impl.MetricRegistriesImpl: First MetricRegistry has been created without registering reporters. You may need to call MetricRegistries.global().addReportRegistration(...) before.
datanode_3  | 2019-11-15 00:03:03,593 INFO ratis.ContainerStateMachine: group-3DD99CAE8540: The snapshot info is null. Setting the last applied indexto:(t:0, i:~)
datanode_2  | 2019-11-15 00:03:04,607 INFO storage.RaftStorageDirectory: Lock on /data/metadata/ratis/3151399b-83a3-41c1-ab60-26c05830d7ea/in_use.lock acquired by nodename 7@e735e1c91f4c
rm_1        | absoluteUsedCapacity = 0.0 [= usedResourcesMemory / clusterResourceMemory]
scm_1       | 2019-11-15 00:03:00,147 INFO server.Server: jetty-9.3.25.v20180904, build timestamp: 2018-09-04T21:11:46Z, git hash: 3ce520221d0240229c862b122d2b06c12a625732
om_1        | 2019-11-15 00:03:06,233 INFO impl.MetricsConfig: Loaded properties from hadoop-metrics2.properties
datanode_1  | 2019-11-15 00:03:04,191 INFO server.RaftServerConfigKeys: raft.server.log.segment.cache.num.max = 2 (custom)
datanode_3  | 2019-11-15 00:03:03,593 INFO server.RaftServerConfigKeys: raft.server.notification.no-leader.timeout = 120s (custom)
nm_1        | 2019-11-15 00:02:55 INFO  WebServer:70 - Instantiating NMWebApp at 0.0.0.0:8042
datanode_2  | 2019-11-15 00:03:04,633 INFO storage.RaftStorage: Storage directory /data/metadata/ratis/3151399b-83a3-41c1-ab60-26c05830d7ea has been successfully formatted.
rm_1        | maxAMResourcePerQueuePercent = 0.1 [= configuredMaximumAMResourcePercent ]
scm_1       | 2019-11-15 00:03:00,172 INFO handler.ContextHandler: Started o.e.j.s.ServletContextHandler@58294867{/logs,file:///var/log/hadoop/,AVAILABLE}
om_1        | 2019-11-15 00:03:06,280 INFO impl.MetricsSystemImpl: Scheduled Metric snapshot period at 10 second(s).
datanode_1  | 2019-11-15 00:03:04,195 INFO segmented.SegmentedRaftLogWorker: new 706b532c-5fc8-4808-bd1a-43811259d85e@group-90DABA3045BD-SegmentedRaftLogWorker for RaftStorage:Storage Directory /data/metadata/ratis/047d2756-55a2-464e-a046-90daba3045bd
datanode_3  | 2019-11-15 00:03:03,595 INFO server.RaftServerConfigKeys: raft.server.log.use.memory = false (default)
