rm_1        | 2019-10-23 19:58:29 INFO  AbstractDelegationTokenSecretManager:347 - Updating the current master key for generating delegation tokens
datanode_1  | 2019-10-23 19:58:35,594 INFO server.RaftServerConfigKeys: raft.server.log.appender.buffer.byte-limit = 33554432 (custom)
nm_1        | 2019-10-23 19:59:33 INFO  ApplicationImpl:655 - Application application_1571860711657_0001 transitioned from NEW to INITING
scm_1       | 2019-10-23 20:00:11,087 INFO server.SCMBlockProtocolServer: Allocating 1 blocks of size 268435456, with ExcludeList {datanodes = [], containerIds = [], pipelineIds = []}
datanode_3  | 2019-10-23 19:58:35,595 INFO server.RaftServerConfigKeys: raft.server.log.segment.size.max = 1048576 (custom)
datanode_2  | 2019-10-23 19:58:35,593 INFO storage.RaftStorage: Storage directory /data/metadata/ratis/621b7885-a96b-4266-b6f9-65f2cc5600eb has been successfully formatted.
rm_1        | 2019-10-23 19:58:29 INFO  ContextHandler:781 - Started o.e.j.s.ServletContextHandler@3a12c404{/logs,file:///opt/hadoop/logs/,AVAILABLE}
datanode_1  | 2019-10-23 19:58:35,595 INFO server.RaftServerConfigKeys: raft.server.log.segment.size.max = 1048576 (custom)
scm_1       | 2019-10-23 20:00:11,251 INFO server.SCMBlockProtocolServer: Allocating 1 blocks of size 268435456, with ExcludeList {datanodes = [], containerIds = [], pipelineIds = []}
nm_1        | 2019-10-23 19:59:33 INFO  ApplicationImpl:463 - Adding container_1571860711657_0001_01_000001 to application application_1571860711657_0001
datanode_3  | 2019-10-23 19:58:35,595 INFO server.RaftServerConfigKeys: raft.server.log.segment.cache.num.max = 2 (custom)
datanode_2  | 2019-10-23 19:58:35,593 [pool-8-thread-1] INFO       - group-65F2CC5600EB: The snapshot info is null. Setting the last applied indexto:(t:0, i:~)
rm_1        | 2019-10-23 19:58:29 INFO  ContextHandler:781 - Started o.e.j.s.ServletContextHandler@38831718{/static,jar:file:/opt/hadoop/share/hadoop/yarn/hadoop-yarn-common-3.1.2.jar!/webapps/static,AVAILABLE}
datanode_1  | 2019-10-23 19:58:35,595 INFO server.RaftServerConfigKeys: raft.server.log.segment.cache.num.max = 2 (custom)
nm_1        | 2019-10-23 19:59:33 INFO  ApplicationImpl:655 - Application application_1571860711657_0001 transitioned from INITING to RUNNING
scm_1       | 2019-10-23 20:00:11,459 INFO server.SCMBlockProtocolServer: Allocating 1 blocks of size 268435456, with ExcludeList {datanodes = [], containerIds = [], pipelineIds = []}
datanode_3  | 2019-10-23 19:58:35,595 INFO segmented.SegmentedRaftLogWorker: new 543c93fe-8b2e-4371-b350-33c13a9328e9@group-65F2CC5600EB-SegmentedRaftLogWorker for RaftStorage:Storage Directory /data/metadata/ratis/621b7885-a96b-4266-b6f9-65f2cc5600eb
datanode_2  | 2019-10-23 19:58:35,594 INFO server.RaftServerConfigKeys: raft.server.notification.no-leader.timeout = 120s (custom)
rm_1        | Oct 23, 2019 7:58:30 PM com.sun.jersey.guice.spi.container.GuiceComponentProviderFactory register
nm_1        | 2019-10-23 19:59:33 INFO  ContainerImpl:2126 - Container container_1571860711657_0001_01_000001 transitioned from NEW to LOCALIZING
scm_1       | 2019-10-23 20:00:17,286 INFO server.SCMBlockProtocolServer: Allocating 1 blocks of size 268435456, with ExcludeList {datanodes = [], containerIds = [], pipelineIds = []}
datanode_3  | 2019-10-23 19:58:35,596 INFO server.RaftServerConfigKeys: raft.server.log.queue.byte-limit = 2147483647 (custom)
datanode_2  | 2019-10-23 19:58:35,594 INFO server.RaftServerConfigKeys: raft.server.log.use.memory = false (default)
datanode_1  | 2019-10-23 19:58:35,595 INFO segmented.SegmentedRaftLogWorker: new 9194372a-7ee1-4699-bf19-09aa609b83f9@group-65F2CC5600EB-SegmentedRaftLogWorker for RaftStorage:Storage Directory /data/metadata/ratis/621b7885-a96b-4266-b6f9-65f2cc5600eb
rm_1        | INFO: Registering org.apache.hadoop.yarn.server.resourcemanager.webapp.JAXBContextResolver as a provider class
nm_1        | 2019-10-23 19:59:33 INFO  AuxServices:350 - Got event CONTAINER_INIT for appId application_1571860711657_0001
scm_1       | 2019-10-23 20:00:19,271 INFO server.SCMBlockProtocolServer: Allocating 1 blocks of size 268435456, with ExcludeList {datanodes = [], containerIds = [], pipelineIds = []}
datanode_2  | 2019-10-23 19:58:35,594 INFO server.RaftServerConfigKeys: raft.server.log.purge.gap = 1000000 (custom)
datanode_3  | 2019-10-23 19:58:35,596 INFO server.RaftServerConfigKeys: raft.server.log.queue.element-limit = 1024 (custom)
datanode_1  | 2019-10-23 19:58:35,595 INFO server.RaftServerConfigKeys: raft.server.log.queue.byte-limit = 2147483647 (custom)
rm_1        | Oct 23, 2019 7:58:30 PM com.sun.jersey.guice.spi.container.GuiceComponentProviderFactory register
nm_1        | 2019-10-23 19:59:33 INFO  ResourceLocalizationService:801 - Created localizer for container_1571860711657_0001_01_000001
scm_1       | 2019-10-23 20:00:19,389 INFO server.SCMBlockProtocolServer: Allocating 1 blocks of size 268435456, with ExcludeList {datanodes = [], containerIds = [], pipelineIds = []}
datanode_2  | 2019-10-23 19:58:35,594 INFO server.RaftServerConfigKeys: raft.server.log.appender.buffer.byte-limit = 33554432 (custom)
datanode_1  | 2019-10-23 19:58:35,595 INFO server.RaftServerConfigKeys: raft.server.log.queue.element-limit = 1024 (custom)
rm_1        | INFO: Registering org.apache.hadoop.yarn.server.resourcemanager.webapp.RMWebServices as a root resource class
datanode_3  | 2019-10-23 19:58:35,596 INFO server.RaftServerConfigKeys: raft.server.log.segment.size.max = 1048576 (custom)
scm_1       | 2019-10-23 20:00:19,578 INFO server.SCMBlockProtocolServer: Allocating 1 blocks of size 268435456, with ExcludeList {datanodes = [], containerIds = [], pipelineIds = []}
nm_1        | 2019-10-23 19:59:33 INFO  ResourceLocalizationService:1331 - Writing credentials to the nmPrivate file /tmp/hadoop-hadoop/nm-local-dir/nmPrivate/container_1571860711657_0001_01_000001.tokens
datanode_2  | 2019-10-23 19:58:35,594 INFO server.RaftServerConfigKeys: raft.server.log.segment.size.max = 1048576 (custom)
datanode_1  | 2019-10-23 19:58:35,595 INFO server.RaftServerConfigKeys: raft.server.log.segment.size.max = 1048576 (custom)
datanode_3  | 2019-10-23 19:58:35,596 INFO server.RaftServerConfigKeys: raft.server.log.preallocated.size = 16384 (custom)
rm_1        | Oct 23, 2019 7:58:30 PM com.sun.jersey.guice.spi.container.GuiceComponentProviderFactory register
nm_1        | 2019-10-23 19:59:33 INFO  DefaultContainerExecutor:836 - Initializing user hadoop
scm_1       | 2019-10-23 20:00:27,944 INFO server.SCMBlockProtocolServer: Allocating 1 blocks of size 268435456, with ExcludeList {datanodes = [], containerIds = [], pipelineIds = []}
datanode_2  | 2019-10-23 19:58:35,595 INFO server.RaftServerConfigKeys: raft.server.log.segment.cache.num.max = 2 (custom)
datanode_1  | 2019-10-23 19:58:35,596 INFO server.RaftServerConfigKeys: raft.server.log.preallocated.size = 16384 (custom)
datanode_3  | 2019-10-23 19:58:35,596 INFO server.RaftServerConfigKeys: raft.server.log.write.buffer.size = 33554432 (custom)
rm_1        | INFO: Registering org.apache.hadoop.yarn.webapp.GenericExceptionHandler as a provider class
nm_1        | 2019-10-23 19:59:33 INFO  DefaultContainerExecutor:166 - Copying from /tmp/hadoop-hadoop/nm-local-dir/nmPrivate/container_1571860711657_0001_01_000001.tokens to /tmp/hadoop-hadoop/nm-local-dir/usercache/hadoop/appcache/application_1571860711657_0001/container_1571860711657_0001_01_000001.tokens
scm_1       | 2019-10-23 20:00:28,178 INFO server.SCMBlockProtocolServer: Allocating 1 blocks of size 268435456, with ExcludeList {datanodes = [], containerIds = [], pipelineIds = []}
datanode_2  | 2019-10-23 19:58:35,595 INFO segmented.SegmentedRaftLogWorker: new b9139a78-2ca4-4555-b449-bf0d9cb76f00@group-65F2CC5600EB-SegmentedRaftLogWorker for RaftStorage:Storage Directory /data/metadata/ratis/621b7885-a96b-4266-b6f9-65f2cc5600eb
datanode_1  | 2019-10-23 19:58:35,596 INFO server.RaftServerConfigKeys: raft.server.log.write.buffer.size = 33554432 (custom)
datanode_3  | 2019-10-23 19:58:35,597 INFO server.RaftServerConfigKeys: raft.server.log.force.sync.num = 128 (default)
rm_1        | Oct 23, 2019 7:58:30 PM com.sun.jersey.server.impl.application.WebApplicationImpl _initiate
nm_1        | 2019-10-23 19:59:33 INFO  DefaultContainerExecutor:174 - Localizer CWD set to /tmp/hadoop-hadoop/nm-local-dir/usercache/hadoop/appcache/application_1571860711657_0001 = file:/tmp/hadoop-hadoop/nm-local-dir/usercache/hadoop/appcache/application_1571860711657_0001
scm_1       | 2019-10-23 20:00:39,615 INFO server.SCMBlockProtocolServer: SCM is informed by OM to delete 11 blocks
datanode_1  | 2019-10-23 19:58:35,596 INFO server.RaftServerConfigKeys: raft.server.log.force.sync.num = 128 (default)
datanode_2  | 2019-10-23 19:58:35,595 INFO server.RaftServerConfigKeys: raft.server.log.queue.byte-limit = 2147483647 (custom)
datanode_3  | 2019-10-23 19:58:35,598 INFO server.RaftServerConfigKeys: raft.server.log.statemachine.data.sync = true (default)
rm_1        | INFO: Initiating Jersey application, version 'Jersey: 1.19 02/11/2015 03:25 AM'
nm_1        | 2019-10-23 19:59:33 INFO  ContainerLocalizer:139 - Disk Validator: yarn.nodemanager.disk-validator is loaded.
scm_1       | 2019-10-23 20:00:39,615 INFO block.BlockManagerImpl: Deleting blocks conID: 6 locID: 103013467458240517 bcsId: 0
datanode_1  | 2019-10-23 19:58:35,596 INFO server.RaftServerConfigKeys: raft.server.log.statemachine.data.sync = true (default)
datanode_3  | 2019-10-23 19:58:35,598 INFO server.RaftServerConfigKeys: raft.server.log.statemachine.data.sync.timeout = 10s (default)
rm_1        | Oct 23, 2019 7:58:30 PM com.sun.jersey.guice.spi.container.GuiceComponentProviderFactory getComponentProvider
scm_1       | 2019-10-23 20:00:39,621 INFO block.BlockManagerImpl: Deleting blocks conID: 7 locID: 103013467494547462 bcsId: 0
datanode_1  | 2019-10-23 19:58:35,596 INFO server.RaftServerConfigKeys: raft.server.log.statemachine.data.sync.timeout = 10s (default)
nm_1        | 2019-10-23 19:59:33 INFO  Configuration:3318 - Removed undeclared tags:
datanode_2  | 2019-10-23 19:58:35,595 INFO server.RaftServerConfigKeys: raft.server.log.queue.element-limit = 1024 (custom)
datanode_3  | 2019-10-23 19:58:35,599 INFO server.RaftServerConfigKeys: raft.server.log.statemachine.data.sync.timeout.retry = -1 (default)
scm_1       | 2019-10-23 20:00:39,621 INFO block.BlockManagerImpl: Deleting blocks conID: 1 locID: 103013467523383303 bcsId: 0
nm_1        | 2019-10-23 19:59:33 INFO  Configuration:3318 - Removed undeclared tags:
datanode_1  | 2019-10-23 19:58:35,597 INFO server.RaftServerConfigKeys: raft.server.log.statemachine.data.sync.timeout.retry = -1 (default)
datanode_2  | 2019-10-23 19:58:35,595 INFO server.RaftServerConfigKeys: raft.server.log.segment.size.max = 1048576 (custom)
rm_1        | INFO: Binding org.apache.hadoop.yarn.server.resourcemanager.webapp.JAXBContextResolver to GuiceManagedComponentProvider with the scope "Singleton"
datanode_3  | 2019-10-23 19:58:35,599 INFO server.RaftServerConfigKeys: raft.server.log.statemachine.data.caching.enabled = true (custom)
scm_1       | 2019-10-23 20:00:39,621 INFO block.BlockManagerImpl: Deleting blocks conID: 4 locID: 103013467531313160 bcsId: 0
datanode_1  | 2019-10-23 19:58:35,597 INFO server.RaftServerConfigKeys: raft.server.log.statemachine.data.caching.enabled = true (custom)
datanode_2  | 2019-10-23 19:58:35,595 INFO server.RaftServerConfigKeys: raft.server.log.preallocated.size = 16384 (custom)
rm_1        | Oct 23, 2019 7:58:30 PM com.sun.jersey.guice.spi.container.GuiceComponentProviderFactory getComponentProvider
datanode_3  | 2019-10-23 19:58:35,610 INFO segmented.SegmentedRaftLogWorker: 543c93fe-8b2e-4371-b350-33c13a9328e9@group-65F2CC5600EB-SegmentedRaftLogWorker: flushIndex: setUnconditionally 0 -> -1
nm_1        | 2019-10-23 19:59:34 INFO  Configuration:3318 - Removed undeclared tags:
scm_1       | 2019-10-23 20:00:39,622 INFO block.BlockManagerImpl: Deleting blocks conID: 8 locID: 103013468286877705 bcsId: 0
datanode_1  | 2019-10-23 19:58:35,597 INFO segmented.SegmentedRaftLogWorker: 9194372a-7ee1-4699-bf19-09aa609b83f9@group-65F2CC5600EB-SegmentedRaftLogWorker: flushIndex: setUnconditionally 0 -> -1
rm_1        | INFO: Binding org.apache.hadoop.yarn.webapp.GenericExceptionHandler to GuiceManagedComponentProvider with the scope "Singleton"
datanode_3  | 2019-10-23 19:58:35,610 INFO server.RaftServerConfigKeys: raft.server.snapshot.auto.trigger.enabled = true (custom)
datanode_2  | 2019-10-23 19:58:35,595 INFO server.RaftServerConfigKeys: raft.server.log.write.buffer.size = 33554432 (custom)
nm_1        | 2019-10-23 19:59:34 WARN  MetricsSystemImpl:151 - NodeManager metrics system already initialized!
scm_1       | 2019-10-23 20:00:39,622 INFO block.BlockManagerImpl: Deleting blocks conID: 2 locID: 103013468304375818 bcsId: 0
datanode_1  | 2019-10-23 19:58:35,598 INFO server.RaftServerConfigKeys: raft.server.snapshot.auto.trigger.enabled = true (custom)
rm_1        | Oct 23, 2019 7:58:31 PM com.sun.jersey.guice.spi.container.GuiceComponentProviderFactory getComponentProvider
datanode_2  | 2019-10-23 19:58:35,595 INFO server.RaftServerConfigKeys: raft.server.log.force.sync.num = 128 (default)
datanode_3  | 2019-10-23 19:58:35,610 INFO server.RaftServerConfigKeys: raft.server.snapshot.auto.trigger.threshold = 10000 (custom)
nm_1        | 2019-10-23 19:59:34 INFO  Configuration:3318 - Removed undeclared tags:
scm_1       | 2019-10-23 20:00:39,622 INFO block.BlockManagerImpl: Deleting blocks conID: 3 locID: 103013467181940738 bcsId: 0
datanode_1  | 2019-10-23 19:58:35,598 INFO server.RaftServerConfigKeys: raft.server.snapshot.auto.trigger.threshold = 10000 (custom)
rm_1        | INFO: Binding org.apache.hadoop.yarn.server.resourcemanager.webapp.RMWebServices to GuiceManagedComponentProvider with the scope "Singleton"
datanode_2  | 2019-10-23 19:58:35,595 INFO server.RaftServerConfigKeys: raft.server.log.statemachine.data.sync = true (default)
datanode_3  | 2019-10-23 19:58:35,610 INFO server.RaftServerConfigKeys: raft.server.snapshot.retention.file.num = 5 (custom)
nm_1        | 2019-10-23 19:59:35 INFO  Configuration:3318 - Removed undeclared tags:
scm_1       | 2019-10-23 20:00:39,622 INFO block.BlockManagerImpl: Deleting blocks conID: 4 locID: 103013467336278019 bcsId: 0
rm_1        | 2019-10-23 19:58:31 INFO  ContextHandler:781 - Started o.e.j.w.WebAppContext@4defd42{/,file:///tmp/jetty-rm-8088-cluster-_-any-6102043097850221855.dir/webapp/,AVAILABLE}{/cluster}
datanode_1  | 2019-10-23 19:58:35,598 INFO server.RaftServerConfigKeys: raft.server.snapshot.retention.file.num = 5 (custom)
datanode_2  | 2019-10-23 19:58:35,596 INFO server.RaftServerConfigKeys: raft.server.log.statemachine.data.sync.timeout = 10s (default)
datanode_3  | 2019-10-23 19:58:35,611 INFO server.RaftServerConfigKeys: raft.server.retrycache.expirytime = 600000ms (custom)
scm_1       | 2019-10-23 20:00:39,623 INFO block.BlockManagerImpl: Deleting blocks conID: 5 locID: 103013467389100036 bcsId: 0
rm_1        | 2019-10-23 19:58:31 INFO  AbstractConnector:278 - Started ServerConnector@53a665ad{HTTP/1.1,[http/1.1]}{rm:8088}
nm_1        | 2019-10-23 19:59:36 INFO  Configuration:3318 - Removed undeclared tags:
datanode_1  | 2019-10-23 19:58:35,598 INFO server.RaftServerConfigKeys: raft.server.retrycache.expirytime = 600000ms (custom)
datanode_2  | 2019-10-23 19:58:35,596 INFO server.RaftServerConfigKeys: raft.server.log.statemachine.data.sync.timeout.retry = -1 (default)
scm_1       | 2019-10-23 20:00:39,623 INFO block.BlockManagerImpl: Deleting blocks conID: 5 locID: 103013469977378827 bcsId: 0
rm_1        | 2019-10-23 19:58:31 INFO  Server:419 - Started @4470ms
nm_1        | 2019-10-23 19:59:36 INFO  ContainerImpl:2126 - Container container_1571860711657_0001_01_000001 transitioned from LOCALIZING to SCHEDULED
datanode_1  | 2019-10-23 19:58:35,599 WARN impl.MetricRegistriesImpl: First MetricRegistry has been created without registering reporters. You may need to call MetricRegistries.global().addReportRegistration(...) before.
datanode_3  | 2019-10-23 19:58:35,611 WARN impl.MetricRegistriesImpl: First MetricRegistry has been created without registering reporters. You may need to call MetricRegistries.global().addReportRegistration(...) before.
datanode_2  | 2019-10-23 19:58:35,596 INFO server.RaftServerConfigKeys: raft.server.log.statemachine.data.caching.enabled = true (custom)
scm_1       | 2019-10-23 20:00:39,623 INFO block.BlockManagerImpl: Deleting blocks conID: 8 locID: 103013470068277260 bcsId: 0
rm_1        | 2019-10-23 19:58:31 INFO  WebApps:440 - Web app cluster started at 8088
nm_1        | 2019-10-23 19:59:36 INFO  ContainerScheduler:511 - Starting container [container_1571860711657_0001_01_000001]
datanode_1  | 2019-10-23 19:58:35,599 WARN impl.MetricRegistriesImpl: First MetricRegistry has been created without registering reporters. You may need to call MetricRegistries.global().addReportRegistration(...) before.
datanode_3  | 2019-10-23 19:58:35,611 WARN impl.MetricRegistriesImpl: First MetricRegistry has been created without registering reporters. You may need to call MetricRegistries.global().addReportRegistration(...) before.
datanode_2  | 2019-10-23 19:58:35,596 INFO segmented.SegmentedRaftLogWorker: b9139a78-2ca4-4555-b449-bf0d9cb76f00@group-65F2CC5600EB-SegmentedRaftLogWorker: flushIndex: setUnconditionally 0 -> -1
scm_1       | 2019-10-23 20:00:41,403 INFO server.SCMBlockProtocolServer: Allocating 1 blocks of size 268435456, with ExcludeList {datanodes = [], containerIds = [], pipelineIds = []}
rm_1        | 2019-10-23 19:58:31 INFO  CallQueueManager:84 - Using callQueue: class java.util.concurrent.LinkedBlockingQueue queueCapacity: 100 scheduler: class org.apache.hadoop.ipc.DefaultRpcScheduler
nm_1        | 2019-10-23 19:59:36 INFO  Configuration:3318 - Removed undeclared tags:
datanode_1  | 2019-10-23 19:58:35,599 INFO impl.RaftServerImpl: 9194372a-7ee1-4699-bf19-09aa609b83f9@group-65F2CC5600EB: start as a follower, conf=-1: [b9139a78-2ca4-4555-b449-bf0d9cb76f00:172.18.0.3:9858, 543c93fe-8b2e-4371-b350-33c13a9328e9:172.18.0.8:9858, 9194372a-7ee1-4699-bf19-09aa609b83f9:172.18.0.6:9858], old=null
datanode_3  | 2019-10-23 19:58:35,611 INFO impl.RaftServerImpl: 543c93fe-8b2e-4371-b350-33c13a9328e9@group-65F2CC5600EB: start as a follower, conf=-1: [b9139a78-2ca4-4555-b449-bf0d9cb76f00:172.18.0.3:9858, 543c93fe-8b2e-4371-b350-33c13a9328e9:172.18.0.8:9858, 9194372a-7ee1-4699-bf19-09aa609b83f9:172.18.0.6:9858], old=null
datanode_2  | 2019-10-23 19:58:35,597 INFO server.RaftServerConfigKeys: raft.server.snapshot.auto.trigger.enabled = true (custom)
scm_1       | 2019-10-23 20:00:42,937 INFO server.SCMBlockProtocolServer: Allocating 1 blocks of size 268435456, with ExcludeList {datanodes = [], containerIds = [], pipelineIds = []}
rm_1        | 2019-10-23 19:58:31 INFO  Server:1070 - Starting Socket Reader #1 for port 8033
nm_1        | 2019-10-23 19:59:36 INFO  ContainerImpl:2126 - Container container_1571860711657_0001_01_000001 transitioned from SCHEDULED to RUNNING
datanode_1  | 2019-10-23 19:58:35,599 INFO impl.RaftServerImpl: 9194372a-7ee1-4699-bf19-09aa609b83f9@group-65F2CC5600EB: changes role from      null to FOLLOWER at term 0 for startAsFollower
datanode_3  | 2019-10-23 19:58:35,611 INFO impl.RaftServerImpl: 543c93fe-8b2e-4371-b350-33c13a9328e9@group-65F2CC5600EB: changes role from      null to FOLLOWER at term 0 for startAsFollower
datanode_2  | 2019-10-23 19:58:35,597 INFO server.RaftServerConfigKeys: raft.server.snapshot.auto.trigger.threshold = 10000 (custom)
scm_1       | 2019-10-23 20:00:43,090 INFO server.SCMBlockProtocolServer: Allocating 1 blocks of size 268435456, with ExcludeList {datanodes = [], containerIds = [], pipelineIds = []}
rm_1        | 2019-10-23 19:58:31 INFO  RpcServerFactoryPBImpl:173 - Adding protocol org.apache.hadoop.yarn.server.api.ResourceManagerAdministrationProtocolPB to the server
nm_1        | 2019-10-23 19:59:36 INFO  ContainersMonitorImpl:943 - Starting resource-monitoring for container_1571860711657_0001_01_000001
datanode_1  | 2019-10-23 19:58:35,600 INFO impl.RoleInfo: 9194372a-7ee1-4699-bf19-09aa609b83f9: start FollowerState
scm_1       | 2019-10-23 20:00:43,152 INFO server.SCMBlockProtocolServer: Allocating 1 blocks of size 268435456, with ExcludeList {datanodes = [], containerIds = [], pipelineIds = []}
datanode_2  | 2019-10-23 19:58:35,597 INFO server.RaftServerConfigKeys: raft.server.snapshot.retention.file.num = 5 (custom)
datanode_3  | 2019-10-23 19:58:35,611 INFO impl.RoleInfo: 543c93fe-8b2e-4371-b350-33c13a9328e9: start FollowerState
rm_1        | 2019-10-23 19:58:31 INFO  Server:1310 - IPC Server Responder: starting
nm_1        | 2019-10-23 19:59:36 INFO  DefaultContainerExecutor:370 - launchContainer: [bash, /tmp/hadoop-hadoop/nm-local-dir/usercache/hadoop/appcache/application_1571860711657_0001/container_1571860711657_0001_01_000001/default_container_executor.sh]
datanode_1  | 2019-10-23 19:58:35,600 INFO util.JmxRegister: Successfully registered JMX Bean with object name Ratis:service=RaftServer,group=group-65F2CC5600EB,id=9194372a-7ee1-4699-bf19-09aa609b83f9
scm_1       | 2019-10-23 20:00:43,311 INFO server.SCMBlockProtocolServer: Allocating 1 blocks of size 268435456, with ExcludeList {datanodes = [], containerIds = [], pipelineIds = []}
datanode_2  | 2019-10-23 19:58:35,597 INFO server.RaftServerConfigKeys: raft.server.retrycache.expirytime = 600000ms (custom)
datanode_3  | 2019-10-23 19:58:35,612 INFO util.JmxRegister: Successfully registered JMX Bean with object name Ratis:service=RaftServer,group=group-65F2CC5600EB,id=543c93fe-8b2e-4371-b350-33c13a9328e9
rm_1        | 2019-10-23 19:58:31 INFO  Server:1149 - IPC Server listener on 8033: starting
nm_1        | 2019-10-23 19:59:37 INFO  Configuration:3318 - Removed undeclared tags:
datanode_1  | 2019-10-23 19:58:35,600 WARN impl.MetricRegistriesImpl: First MetricRegistry has been created without registering reporters. You may need to call MetricRegistries.global().addReportRegistration(...) before.
datanode_2  | 2019-10-23 19:58:35,597 WARN impl.MetricRegistriesImpl: First MetricRegistry has been created without registering reporters. You may need to call MetricRegistries.global().addReportRegistration(...) before.
scm_1       | 2019-10-23 20:00:43,508 INFO server.SCMBlockProtocolServer: Allocating 1 blocks of size 268435456, with ExcludeList {datanodes = [], containerIds = [], pipelineIds = []}
datanode_3  | 2019-10-23 19:58:35,612 WARN impl.MetricRegistriesImpl: First MetricRegistry has been created without registering reporters. You may need to call MetricRegistries.global().addReportRegistration(...) before.
rm_1        | 2019-10-23 19:58:31 INFO  ResourceManager:1263 - Transitioning to active state
nm_1        | 2019-10-23 19:59:38 INFO  ContainersMonitorImpl:567 - container_1571860711657_0001_01_000001's ip = 172.18.0.9, and hostname = nm
datanode_1  | 2019-10-23 19:58:40,016 INFO impl.FollowerState: 9194372a-7ee1-4699-bf19-09aa609b83f9@group-FE34C6326C63-FollowerState: change to CANDIDATE, lastRpcTime:5152ms, electionTimeout:5151ms
datanode_2  | 2019-10-23 19:58:35,597 WARN impl.MetricRegistriesImpl: First MetricRegistry has been created without registering reporters. You may need to call MetricRegistries.global().addReportRegistration(...) before.
scm_1       | 2019-10-23 20:00:43,930 INFO server.SCMBlockProtocolServer: Allocating 1 blocks of size 268435456, with ExcludeList {datanodes = [], containerIds = [], pipelineIds = []}
datanode_3  | 2019-10-23 19:58:40,543 INFO impl.FollowerState: 543c93fe-8b2e-4371-b350-33c13a9328e9@group-0217D7408302-FollowerState: change to CANDIDATE, lastRpcTime:5122ms, electionTimeout:5122ms
rm_1        | 2019-10-23 19:58:31 INFO  RMStateStore:549 - Updating AMRMToken
datanode_1  | 2019-10-23 19:58:40,018 INFO impl.RoleInfo: 9194372a-7ee1-4699-bf19-09aa609b83f9: shutdown FollowerState
datanode_2  | 2019-10-23 19:58:35,598 INFO impl.RaftServerImpl: b9139a78-2ca4-4555-b449-bf0d9cb76f00@group-65F2CC5600EB: start as a follower, conf=-1: [b9139a78-2ca4-4555-b449-bf0d9cb76f00:172.18.0.3:9858, 543c93fe-8b2e-4371-b350-33c13a9328e9:172.18.0.8:9858, 9194372a-7ee1-4699-bf19-09aa609b83f9:172.18.0.6:9858], old=null
nm_1        | 2019-10-23 19:59:41 INFO  ContainersMonitorImpl:468 - Skipping monitoring container container_1571860711657_0001_01_000001 since CPU usage is not yet available.
datanode_3  | 2019-10-23 19:58:40,545 INFO impl.RoleInfo: 543c93fe-8b2e-4371-b350-33c13a9328e9: shutdown FollowerState
rm_1        | 2019-10-23 19:58:31 INFO  RMContainerTokenSecretManager:109 - Rolling master-key for container-tokens
datanode_1  | 2019-10-23 19:58:40,019 INFO impl.RaftServerImpl: 9194372a-7ee1-4699-bf19-09aa609b83f9@group-FE34C6326C63: changes role from  FOLLOWER to CANDIDATE at term 0 for changeToCandidate
datanode_2  | 2019-10-23 19:58:35,598 INFO impl.RaftServerImpl: b9139a78-2ca4-4555-b449-bf0d9cb76f00@group-65F2CC5600EB: changes role from      null to FOLLOWER at term 0 for startAsFollower
nm_1        | 2019-10-23 19:59:46 INFO  Server:1845 - Auth successful for appattempt_1571860711657_0001_000001 (auth:SIMPLE)
datanode_3  | 2019-10-23 19:58:40,546 INFO impl.RaftServerImpl: 543c93fe-8b2e-4371-b350-33c13a9328e9@group-0217D7408302: changes role from  FOLLOWER to CANDIDATE at term 0 for changeToCandidate
rm_1        | 2019-10-23 19:58:31 INFO  NMTokenSecretManagerInRM:95 - Rolling master-key for nm-tokens
datanode_2  | 2019-10-23 19:58:35,598 INFO impl.RoleInfo: b9139a78-2ca4-4555-b449-bf0d9cb76f00: start FollowerState
nm_1        | 2019-10-23 19:59:46 INFO  ContainerManagerImpl:1070 - Start request for container_1571860711657_0001_01_000002 by user hadoop
datanode_3  | 2019-10-23 19:58:40,551 INFO impl.RoleInfo: 543c93fe-8b2e-4371-b350-33c13a9328e9: start LeaderElection
rm_1        | 2019-10-23 19:58:31 INFO  AbstractDelegationTokenSecretManager:347 - Updating the current master key for generating delegation tokens
datanode_1  | 2019-10-23 19:58:40,024 INFO impl.RoleInfo: 9194372a-7ee1-4699-bf19-09aa609b83f9: start LeaderElection
datanode_2  | 2019-10-23 19:58:35,598 INFO util.JmxRegister: Successfully registered JMX Bean with object name Ratis:service=RaftServer,group=group-65F2CC5600EB,id=b9139a78-2ca4-4555-b449-bf0d9cb76f00
nm_1        | 2019-10-23 19:59:46 INFO  ApplicationImpl:463 - Adding container_1571860711657_0001_01_000002 to application application_1571860711657_0001
datanode_3  | 2019-10-23 19:58:40,578 INFO impl.LeaderElection: 543c93fe-8b2e-4371-b350-33c13a9328e9@group-0217D7408302-LeaderElection1: begin an election at term 1 for -1: [543c93fe-8b2e-4371-b350-33c13a9328e9:172.18.0.8:9858], old=null
rm_1        | 2019-10-23 19:58:31 INFO  RMDelegationTokenSecretManager:92 - storing master key with keyID 1
datanode_2  | 2019-10-23 19:58:35,598 WARN impl.MetricRegistriesImpl: First MetricRegistry has been created without registering reporters. You may need to call MetricRegistries.global().addReportRegistration(...) before.
datanode_1  | 2019-10-23 19:58:40,052 INFO impl.LeaderElection: 9194372a-7ee1-4699-bf19-09aa609b83f9@group-FE34C6326C63-LeaderElection1: begin an election at term 1 for -1: [9194372a-7ee1-4699-bf19-09aa609b83f9:172.18.0.6:9858], old=null
nm_1        | 2019-10-23 19:59:46 INFO  NMAuditLogger:94 - USER=hadoop	IP=172.18.0.9	OPERATION=Start Container Request	TARGET=ContainerManageImpl	RESULT=SUCCESS	APPID=application_1571860711657_0001	CONTAINERID=container_1571860711657_0001_01_000002
datanode_3  | 2019-10-23 19:58:40,579 INFO impl.RoleInfo: 543c93fe-8b2e-4371-b350-33c13a9328e9: shutdown LeaderElection
rm_1        | 2019-10-23 19:58:31 INFO  RMStateStore:500 - Storing RMDTMasterKey.
datanode_2  | 2019-10-23 19:58:39,403 INFO impl.FollowerState: b9139a78-2ca4-4555-b449-bf0d9cb76f00@group-935D036585BF-FollowerState: change to CANDIDATE, lastRpcTime:5083ms, electionTimeout:5082ms
nm_1        | 2019-10-23 19:59:46 INFO  ContainerImpl:2126 - Container container_1571860711657_0001_01_000002 transitioned from NEW to LOCALIZING
datanode_3  | 2019-10-23 19:58:40,580 INFO impl.RaftServerImpl: 543c93fe-8b2e-4371-b350-33c13a9328e9@group-0217D7408302: changes role from CANDIDATE to LEADER at term 1 for changeToLeader
datanode_2  | 2019-10-23 19:58:39,405 INFO impl.RoleInfo: b9139a78-2ca4-4555-b449-bf0d9cb76f00: shutdown FollowerState
datanode_1  | 2019-10-23 19:58:40,054 INFO impl.RoleInfo: 9194372a-7ee1-4699-bf19-09aa609b83f9: shutdown LeaderElection
rm_1        | 2019-10-23 19:58:31 INFO  AbstractDelegationTokenSecretManager:679 - Starting expired delegation token remover thread, tokenRemoverScanInterval=60 min(s)
nm_1        | 2019-10-23 19:59:46 INFO  AuxServices:350 - Got event CONTAINER_INIT for appId application_1571860711657_0001
datanode_3  | 2019-10-23 19:58:40,580 INFO impl.RaftServerImpl: 543c93fe-8b2e-4371-b350-33c13a9328e9@group-0217D7408302: change Leader from null to 543c93fe-8b2e-4371-b350-33c13a9328e9 at term 1 for becomeLeader, leader elected after 5229ms
datanode_2  | 2019-10-23 19:58:39,406 INFO impl.RaftServerImpl: b9139a78-2ca4-4555-b449-bf0d9cb76f00@group-935D036585BF: changes role from  FOLLOWER to CANDIDATE at term 0 for changeToCandidate
datanode_1  | 2019-10-23 19:58:40,055 INFO impl.RaftServerImpl: 9194372a-7ee1-4699-bf19-09aa609b83f9@group-FE34C6326C63: changes role from CANDIDATE to LEADER at term 1 for changeToLeader
nm_1        | 2019-10-23 19:59:46 INFO  AuxServices:350 - Got event APPLICATION_INIT for appId application_1571860711657_0001
rm_1        | 2019-10-23 19:58:31 INFO  AbstractDelegationTokenSecretManager:347 - Updating the current master key for generating delegation tokens
datanode_3  | 2019-10-23 19:58:40,586 INFO server.RaftServerConfigKeys: raft.server.staging.catchup.gap = 1000 (default)
datanode_2  | 2019-10-23 19:58:39,411 INFO impl.RoleInfo: b9139a78-2ca4-4555-b449-bf0d9cb76f00: start LeaderElection
datanode_1  | 2019-10-23 19:58:40,055 INFO impl.RaftServerImpl: 9194372a-7ee1-4699-bf19-09aa609b83f9@group-FE34C6326C63: change Leader from null to 9194372a-7ee1-4699-bf19-09aa609b83f9 at term 1 for becomeLeader, leader elected after 5281ms
nm_1        | 2019-10-23 19:59:46 INFO  AuxServices:354 - Got APPLICATION_INIT for service mapreduce_shuffle
rm_1        | 2019-10-23 19:58:31 INFO  RMDelegationTokenSecretManager:92 - storing master key with keyID 2
datanode_3  | 2019-10-23 19:58:40,586 INFO server.RaftServerConfigKeys: raft.server.rpc.sleep.time = 25ms (default)
datanode_2  | 2019-10-23 19:58:39,442 INFO impl.LeaderElection: b9139a78-2ca4-4555-b449-bf0d9cb76f00@group-935D036585BF-LeaderElection1: begin an election at term 1 for -1: [b9139a78-2ca4-4555-b449-bf0d9cb76f00:172.18.0.3:9858], old=null
datanode_1  | 2019-10-23 19:58:40,061 INFO server.RaftServerConfigKeys: raft.server.staging.catchup.gap = 1000 (default)
nm_1        | 2019-10-23 19:59:46 INFO  ShuffleHandler:719 - Added token for job_1571860711657_0001
rm_1        | 2019-10-23 19:58:31 INFO  RMStateStore:500 - Storing RMDTMasterKey.
datanode_3  | 2019-10-23 19:58:40,591 INFO server.RaftServerConfigKeys: raft.server.write.element-limit = 4096 (default)
datanode_2  | 2019-10-23 19:58:39,444 INFO impl.RoleInfo: b9139a78-2ca4-4555-b449-bf0d9cb76f00: shutdown LeaderElection
datanode_1  | 2019-10-23 19:58:40,061 INFO server.RaftServerConfigKeys: raft.server.rpc.sleep.time = 25ms (default)
nm_1        | 2019-10-23 19:59:46 INFO  ContainerImpl:2126 - Container container_1571860711657_0001_01_000002 transitioned from LOCALIZING to SCHEDULED
rm_1        | 2019-10-23 19:58:31 INFO  AsyncDispatcher:223 - Registering class org.apache.hadoop.yarn.nodelabels.event.NodeLabelsStoreEventType for class org.apache.hadoop.yarn.nodelabels.CommonNodeLabelsManager$ForwardingEventHandler
datanode_3  | 2019-10-23 19:58:40,596 INFO server.RaftServerConfigKeys: raft.server.watch.timeout = 10s (default)
datanode_2  | 2019-10-23 19:58:39,444 INFO impl.RaftServerImpl: b9139a78-2ca4-4555-b449-bf0d9cb76f00@group-935D036585BF: changes role from CANDIDATE to LEADER at term 1 for changeToLeader
datanode_1  | 2019-10-23 19:58:40,066 INFO server.RaftServerConfigKeys: raft.server.write.element-limit = 4096 (default)
nm_1        | 2019-10-23 19:59:46 INFO  ContainerScheduler:511 - Starting container [container_1571860711657_0001_01_000002]
rm_1        | 2019-10-23 19:58:31 INFO  CallQueueManager:84 - Using callQueue: class java.util.concurrent.LinkedBlockingQueue queueCapacity: 5000 scheduler: class org.apache.hadoop.ipc.DefaultRpcScheduler
datanode_3  | 2019-10-23 19:58:40,596 INFO server.RaftServerConfigKeys: raft.server.watch.timeout.denomination = 1s (default)
datanode_2  | 2019-10-23 19:58:39,445 INFO impl.RaftServerImpl: b9139a78-2ca4-4555-b449-bf0d9cb76f00@group-935D036585BF: change Leader from null to b9139a78-2ca4-4555-b449-bf0d9cb76f00 at term 1 for becomeLeader, leader elected after 5197ms
datanode_1  | 2019-10-23 19:58:40,072 INFO server.RaftServerConfigKeys: raft.server.watch.timeout = 10s (default)
nm_1        | 2019-10-23 19:59:46 INFO  Configuration:3318 - Removed undeclared tags:
rm_1        | 2019-10-23 19:58:31 INFO  Server:1070 - Starting Socket Reader #1 for port 8031
datanode_3  | 2019-10-23 19:58:40,597 INFO server.RaftServerConfigKeys: raft.server.watch.element-limit = 65536 (default)
datanode_2  | 2019-10-23 19:58:39,451 INFO server.RaftServerConfigKeys: raft.server.staging.catchup.gap = 1000 (default)
datanode_1  | 2019-10-23 19:58:40,072 INFO server.RaftServerConfigKeys: raft.server.watch.timeout.denomination = 1s (default)
rm_1        | 2019-10-23 19:58:31 INFO  RpcServerFactoryPBImpl:173 - Adding protocol org.apache.hadoop.yarn.server.api.ResourceTrackerPB to the server
datanode_3  | 2019-10-23 19:58:40,606 INFO impl.RoleInfo: 543c93fe-8b2e-4371-b350-33c13a9328e9: start LeaderState
datanode_2  | 2019-10-23 19:58:39,452 INFO server.RaftServerConfigKeys: raft.server.rpc.sleep.time = 25ms (default)
datanode_1  | 2019-10-23 19:58:40,073 INFO server.RaftServerConfigKeys: raft.server.watch.element-limit = 65536 (default)
nm_1        | 2019-10-23 19:59:46 INFO  ContainerImpl:2126 - Container container_1571860711657_0001_01_000002 transitioned from SCHEDULED to RUNNING
rm_1        | 2019-10-23 19:58:31 INFO  Server:1310 - IPC Server Responder: starting
datanode_3  | 2019-10-23 19:58:40,621 INFO impl.FollowerState: 543c93fe-8b2e-4371-b350-33c13a9328e9@group-65F2CC5600EB-FollowerState: change to CANDIDATE, lastRpcTime:5009ms, electionTimeout:5009ms
datanode_1  | 2019-10-23 19:58:40,083 INFO impl.RoleInfo: 9194372a-7ee1-4699-bf19-09aa609b83f9: start LeaderState
nm_1        | 2019-10-23 19:59:46 INFO  ContainersMonitorImpl:943 - Starting resource-monitoring for container_1571860711657_0001_01_000002
rm_1        | 2019-10-23 19:58:31 INFO  Server:1149 - IPC Server listener on 8031: starting
datanode_2  | 2019-10-23 19:58:39,456 INFO server.RaftServerConfigKeys: raft.server.write.element-limit = 4096 (default)
datanode_3  | 2019-10-23 19:58:40,622 INFO impl.RoleInfo: 543c93fe-8b2e-4371-b350-33c13a9328e9: shutdown FollowerState
datanode_1  | 2019-10-23 19:58:40,105 INFO segmented.SegmentedRaftLogWorker: 9194372a-7ee1-4699-bf19-09aa609b83f9@group-FE34C6326C63-SegmentedRaftLogWorker: Starting segment from index:0
nm_1        | 2019-10-23 19:59:46 INFO  DefaultContainerExecutor:370 - launchContainer: [bash, /tmp/hadoop-hadoop/nm-local-dir/usercache/hadoop/appcache/application_1571860711657_0001/container_1571860711657_0001_01_000002/default_container_executor.sh]
rm_1        | 2019-10-23 19:58:31 INFO  JvmPauseMonitor:188 - Starting JVM pause monitor
datanode_2  | 2019-10-23 19:58:39,461 INFO server.RaftServerConfigKeys: raft.server.watch.timeout = 10s (default)
datanode_3  | 2019-10-23 19:58:40,622 INFO impl.RaftServerImpl: 543c93fe-8b2e-4371-b350-33c13a9328e9@group-65F2CC5600EB: changes role from  FOLLOWER to CANDIDATE at term 0 for changeToCandidate
nm_1        | 2019-10-23 19:59:47 INFO  ContainersMonitorImpl:567 - container_1571860711657_0001_01_000002's ip = 172.18.0.9, and hostname = nm
datanode_1  | 2019-10-23 19:58:40,116 INFO impl.RaftServerImpl: 9194372a-7ee1-4699-bf19-09aa609b83f9@group-FE34C6326C63: set configuration 0: [9194372a-7ee1-4699-bf19-09aa609b83f9:172.18.0.6:9858], old=null at 0
rm_1        | 2019-10-23 19:58:31 INFO  CallQueueManager:84 - Using callQueue: class java.util.concurrent.LinkedBlockingQueue queueCapacity: 5000 scheduler: class org.apache.hadoop.ipc.DefaultRpcScheduler
datanode_2  | 2019-10-23 19:58:39,461 INFO server.RaftServerConfigKeys: raft.server.watch.timeout.denomination = 1s (default)
datanode_3  | 2019-10-23 19:58:40,622 INFO impl.RoleInfo: 543c93fe-8b2e-4371-b350-33c13a9328e9: start LeaderElection
nm_1        | 2019-10-23 19:59:50 INFO  ContainersMonitorImpl:468 - Skipping monitoring container container_1571860711657_0001_01_000002 since CPU usage is not yet available.
datanode_1  | 2019-10-23 19:58:40,260 INFO segmented.SegmentedRaftLogWorker: 9194372a-7ee1-4699-bf19-09aa609b83f9@group-FE34C6326C63-SegmentedRaftLogWorker: created new log segment /data/metadata/ratis/9c92ee58-fe5c-4b4f-85f5-fe34c6326c63/current/log_inprogress_0
rm_1        | 2019-10-23 19:58:31 INFO  Server:1070 - Starting Socket Reader #1 for port 8030
datanode_2  | 2019-10-23 19:58:39,462 INFO server.RaftServerConfigKeys: raft.server.watch.element-limit = 65536 (default)
datanode_3  | 2019-10-23 19:58:40,629 INFO segmented.SegmentedRaftLogWorker: 543c93fe-8b2e-4371-b350-33c13a9328e9@group-0217D7408302-SegmentedRaftLogWorker: Starting segment from index:0
nm_1        | 2019-10-23 19:59:51 INFO  ContainerLaunch:589 - Container container_1571860711657_0001_01_000002 succeeded 
datanode_1  | 2019-10-23 19:58:40,673 INFO impl.FollowerState: 9194372a-7ee1-4699-bf19-09aa609b83f9@group-65F2CC5600EB-FollowerState: change to CANDIDATE, lastRpcTime:5073ms, electionTimeout:5073ms
datanode_3  | 2019-10-23 19:58:40,639 INFO impl.RaftServerImpl: 543c93fe-8b2e-4371-b350-33c13a9328e9@group-0217D7408302: set configuration 0: [543c93fe-8b2e-4371-b350-33c13a9328e9:172.18.0.8:9858], old=null at 0
datanode_2  | 2019-10-23 19:58:39,471 INFO impl.RoleInfo: b9139a78-2ca4-4555-b449-bf0d9cb76f00: start LeaderState
nm_1        | 2019-10-23 19:59:51 INFO  ContainerImpl:2126 - Container container_1571860711657_0001_01_000002 transitioned from RUNNING to EXITED_WITH_SUCCESS
rm_1        | 2019-10-23 19:58:31 INFO  RpcServerFactoryPBImpl:173 - Adding protocol org.apache.hadoop.yarn.api.ApplicationMasterProtocolPB to the server
datanode_1  | 2019-10-23 19:58:40,674 INFO impl.RoleInfo: 9194372a-7ee1-4699-bf19-09aa609b83f9: shutdown FollowerState
datanode_3  | 2019-10-23 19:58:40,653 INFO impl.LeaderElection: 543c93fe-8b2e-4371-b350-33c13a9328e9@group-65F2CC5600EB-LeaderElection2: begin an election at term 1 for -1: [b9139a78-2ca4-4555-b449-bf0d9cb76f00:172.18.0.3:9858, 543c93fe-8b2e-4371-b350-33c13a9328e9:172.18.0.8:9858, 9194372a-7ee1-4699-bf19-09aa609b83f9:172.18.0.6:9858], old=null
datanode_2  | 2019-10-23 19:58:39,488 INFO segmented.SegmentedRaftLogWorker: b9139a78-2ca4-4555-b449-bf0d9cb76f00@group-935D036585BF-SegmentedRaftLogWorker: Starting segment from index:0
nm_1        | 2019-10-23 19:59:51 INFO  ContainerLaunch:745 - Cleaning up container container_1571860711657_0001_01_000002
rm_1        | 2019-10-23 19:58:31 INFO  Server:1310 - IPC Server Responder: starting
datanode_1  | 2019-10-23 19:58:40,674 INFO impl.RaftServerImpl: 9194372a-7ee1-4699-bf19-09aa609b83f9@group-65F2CC5600EB: changes role from  FOLLOWER to CANDIDATE at term 0 for changeToCandidate
datanode_3  | 2019-10-23 19:58:40,821 INFO segmented.SegmentedRaftLogWorker: 543c93fe-8b2e-4371-b350-33c13a9328e9@group-0217D7408302-SegmentedRaftLogWorker: created new log segment /data/metadata/ratis/54b76d54-ee5b-4be3-b23a-0217d7408302/current/log_inprogress_0
datanode_2  | 2019-10-23 19:58:39,496 INFO impl.RaftServerImpl: b9139a78-2ca4-4555-b449-bf0d9cb76f00@group-935D036585BF: set configuration 0: [b9139a78-2ca4-4555-b449-bf0d9cb76f00:172.18.0.3:9858], old=null at 0
nm_1        | 2019-10-23 19:59:51 INFO  Configuration:3318 - Removed undeclared tags:
rm_1        | 2019-10-23 19:58:31 INFO  Server:1149 - IPC Server listener on 8030: starting
datanode_1  | 2019-10-23 19:58:40,674 INFO impl.RoleInfo: 9194372a-7ee1-4699-bf19-09aa609b83f9: start LeaderElection
datanode_3  | 2019-10-23 19:58:40,893 INFO impl.LeaderElection: 543c93fe-8b2e-4371-b350-33c13a9328e9@group-65F2CC5600EB-LeaderElection2: Election REJECTED; received 2 response(s) [543c93fe-8b2e-4371-b350-33c13a9328e9<-b9139a78-2ca4-4555-b449-bf0d9cb76f00#0:FAIL-t1, 543c93fe-8b2e-4371-b350-33c13a9328e9<-9194372a-7ee1-4699-bf19-09aa609b83f9#0:FAIL-t1] and 0 exception(s); 543c93fe-8b2e-4371-b350-33c13a9328e9@group-65F2CC5600EB:t1, leader=null, voted=543c93fe-8b2e-4371-b350-33c13a9328e9, raftlog=543c93fe-8b2e-4371-b350-33c13a9328e9@group-65F2CC5600EB-SegmentedRaftLog:OPENED:c-1,f-1,i0, conf=-1: [b9139a78-2ca4-4555-b449-bf0d9cb76f00:172.18.0.3:9858, 543c93fe-8b2e-4371-b350-33c13a9328e9:172.18.0.8:9858, 9194372a-7ee1-4699-bf19-09aa609b83f9:172.18.0.6:9858], old=null
datanode_2  | 2019-10-23 19:58:39,634 INFO segmented.SegmentedRaftLogWorker: b9139a78-2ca4-4555-b449-bf0d9cb76f00@group-935D036585BF-SegmentedRaftLogWorker: created new log segment /data/metadata/ratis/3ddf3291-916b-41bd-9774-935d036585bf/current/log_inprogress_0
nm_1        | 2019-10-23 19:59:51 INFO  DefaultContainerExecutor:634 - Deleting absolute path : /tmp/hadoop-hadoop/nm-local-dir/usercache/hadoop/appcache/application_1571860711657_0001/container_1571860711657_0001_01_000002/launch_container.sh
rm_1        | 2019-10-23 19:58:31 INFO  CallQueueManager:84 - Using callQueue: class java.util.concurrent.LinkedBlockingQueue queueCapacity: 5000 scheduler: class org.apache.hadoop.ipc.DefaultRpcScheduler
datanode_1  | 2019-10-23 19:58:40,703 INFO impl.LeaderElection: 9194372a-7ee1-4699-bf19-09aa609b83f9@group-65F2CC5600EB-LeaderElection2: begin an election at term 1 for -1: [b9139a78-2ca4-4555-b449-bf0d9cb76f00:172.18.0.3:9858, 543c93fe-8b2e-4371-b350-33c13a9328e9:172.18.0.8:9858, 9194372a-7ee1-4699-bf19-09aa609b83f9:172.18.0.6:9858], old=null
datanode_3  | 2019-10-23 19:58:40,895 INFO impl.RaftServerImpl: 543c93fe-8b2e-4371-b350-33c13a9328e9@group-65F2CC5600EB: changes role from CANDIDATE to FOLLOWER at term 1 for DISCOVERED_A_NEW_TERM
datanode_2  | 2019-10-23 19:58:40,704 INFO impl.FollowerState: b9139a78-2ca4-4555-b449-bf0d9cb76f00@group-65F2CC5600EB-FollowerState: change to CANDIDATE, lastRpcTime:5106ms, electionTimeout:5106ms
rm_1        | 2019-10-23 19:58:31 INFO  Server:1070 - Starting Socket Reader #1 for port 8032
nm_1        | 2019-10-23 19:59:51 INFO  DefaultContainerExecutor:634 - Deleting absolute path : /tmp/hadoop-hadoop/nm-local-dir/usercache/hadoop/appcache/application_1571860711657_0001/container_1571860711657_0001_01_000002/container_tokens
datanode_1  | 2019-10-23 19:58:40,923 INFO impl.LeaderElection: 9194372a-7ee1-4699-bf19-09aa609b83f9@group-65F2CC5600EB-LeaderElection2: Election REJECTED; received 2 response(s) [9194372a-7ee1-4699-bf19-09aa609b83f9<-b9139a78-2ca4-4555-b449-bf0d9cb76f00#0:FAIL-t1, 9194372a-7ee1-4699-bf19-09aa609b83f9<-543c93fe-8b2e-4371-b350-33c13a9328e9#0:FAIL-t1] and 0 exception(s); 9194372a-7ee1-4699-bf19-09aa609b83f9@group-65F2CC5600EB:t1, leader=null, voted=9194372a-7ee1-4699-bf19-09aa609b83f9, raftlog=9194372a-7ee1-4699-bf19-09aa609b83f9@group-65F2CC5600EB-SegmentedRaftLog:OPENED:c-1,f-1,i0, conf=-1: [b9139a78-2ca4-4555-b449-bf0d9cb76f00:172.18.0.3:9858, 543c93fe-8b2e-4371-b350-33c13a9328e9:172.18.0.8:9858, 9194372a-7ee1-4699-bf19-09aa609b83f9:172.18.0.6:9858], old=null
datanode_3  | 2019-10-23 19:58:40,895 INFO impl.RoleInfo: 543c93fe-8b2e-4371-b350-33c13a9328e9: shutdown LeaderElection
datanode_2  | 2019-10-23 19:58:40,705 INFO impl.RoleInfo: b9139a78-2ca4-4555-b449-bf0d9cb76f00: shutdown FollowerState
rm_1        | 2019-10-23 19:58:31 INFO  RpcServerFactoryPBImpl:173 - Adding protocol org.apache.hadoop.yarn.api.ApplicationClientProtocolPB to the server
nm_1        | 2019-10-23 19:59:51 INFO  NMAuditLogger:94 - USER=hadoop	OPERATION=Container Finished - Succeeded	TARGET=ContainerImpl	RESULT=SUCCESS	APPID=application_1571860711657_0001	CONTAINERID=container_1571860711657_0001_01_000002
datanode_3  | 2019-10-23 19:58:40,895 INFO impl.RoleInfo: 543c93fe-8b2e-4371-b350-33c13a9328e9: start FollowerState
datanode_2  | 2019-10-23 19:58:40,705 INFO impl.RaftServerImpl: b9139a78-2ca4-4555-b449-bf0d9cb76f00@group-65F2CC5600EB: changes role from  FOLLOWER to CANDIDATE at term 0 for changeToCandidate
datanode_1  | 2019-10-23 19:58:40,925 INFO impl.RaftServerImpl: 9194372a-7ee1-4699-bf19-09aa609b83f9@group-65F2CC5600EB: changes role from CANDIDATE to FOLLOWER at term 1 for DISCOVERED_A_NEW_TERM
rm_1        | 2019-10-23 19:58:31 INFO  Server:1310 - IPC Server Responder: starting
nm_1        | 2019-10-23 19:59:51 INFO  ContainerImpl:2126 - Container container_1571860711657_0001_01_000002 transitioned from EXITED_WITH_SUCCESS to DONE
datanode_3  | 2019-10-23 19:58:46,081 INFO impl.FollowerState: 543c93fe-8b2e-4371-b350-33c13a9328e9@group-65F2CC5600EB-FollowerState: change to CANDIDATE, lastRpcTime:5185ms, electionTimeout:5185ms
datanode_2  | 2019-10-23 19:58:40,706 INFO impl.RoleInfo: b9139a78-2ca4-4555-b449-bf0d9cb76f00: start LeaderElection
datanode_1  | 2019-10-23 19:58:40,925 INFO impl.RoleInfo: 9194372a-7ee1-4699-bf19-09aa609b83f9: shutdown LeaderElection
rm_1        | 2019-10-23 19:58:31 INFO  Server:1149 - IPC Server listener on 8032: starting
nm_1        | 2019-10-23 19:59:51 INFO  ApplicationImpl:512 - Removing container_1571860711657_0001_01_000002 from application application_1571860711657_0001
datanode_3  | 2019-10-23 19:58:46,082 INFO impl.RoleInfo: 543c93fe-8b2e-4371-b350-33c13a9328e9: shutdown FollowerState
datanode_2  | 2019-10-23 19:58:40,729 INFO impl.LeaderElection: b9139a78-2ca4-4555-b449-bf0d9cb76f00@group-65F2CC5600EB-LeaderElection2: begin an election at term 1 for -1: [b9139a78-2ca4-4555-b449-bf0d9cb76f00:172.18.0.3:9858, 543c93fe-8b2e-4371-b350-33c13a9328e9:172.18.0.8:9858, 9194372a-7ee1-4699-bf19-09aa609b83f9:172.18.0.6:9858], old=null
datanode_1  | 2019-10-23 19:58:40,925 INFO impl.RoleInfo: 9194372a-7ee1-4699-bf19-09aa609b83f9: start FollowerState
rm_1        | 2019-10-23 19:58:31 INFO  ResourceManager:1279 - Transitioned to active state
nm_1        | 2019-10-23 19:59:51 INFO  ContainersMonitorImpl:934 - Stopping resource-monitoring for container_1571860711657_0001_01_000002
datanode_3  | 2019-10-23 19:58:46,083 INFO impl.RaftServerImpl: 543c93fe-8b2e-4371-b350-33c13a9328e9@group-65F2CC5600EB: changes role from  FOLLOWER to CANDIDATE at term 1 for changeToCandidate
datanode_2  | 2019-10-23 19:58:40,924 INFO impl.LeaderElection: b9139a78-2ca4-4555-b449-bf0d9cb76f00@group-65F2CC5600EB-LeaderElection2: Election REJECTED; received 2 response(s) [b9139a78-2ca4-4555-b449-bf0d9cb76f00<-543c93fe-8b2e-4371-b350-33c13a9328e9#0:FAIL-t1, b9139a78-2ca4-4555-b449-bf0d9cb76f00<-9194372a-7ee1-4699-bf19-09aa609b83f9#0:FAIL-t1] and 0 exception(s); b9139a78-2ca4-4555-b449-bf0d9cb76f00@group-65F2CC5600EB:t1, leader=null, voted=b9139a78-2ca4-4555-b449-bf0d9cb76f00, raftlog=b9139a78-2ca4-4555-b449-bf0d9cb76f00@group-65F2CC5600EB-SegmentedRaftLog:OPENED:c-1,f-1,i0, conf=-1: [b9139a78-2ca4-4555-b449-bf0d9cb76f00:172.18.0.3:9858, 543c93fe-8b2e-4371-b350-33c13a9328e9:172.18.0.8:9858, 9194372a-7ee1-4699-bf19-09aa609b83f9:172.18.0.6:9858], old=null
datanode_1  | 2019-10-23 19:58:45,993 INFO impl.FollowerState: 9194372a-7ee1-4699-bf19-09aa609b83f9@group-65F2CC5600EB-FollowerState: change to CANDIDATE, lastRpcTime:5068ms, electionTimeout:5067ms
rm_1        | 2019-10-23 19:58:32 INFO  ResourceTrackerService:495 - NodeManager from node nm(cmPort: 38184 httpPort: 8042) registered with capability: <memory:8192, vCores:8>, assigned nodeId nm:38184
nm_1        | 2019-10-23 19:59:51 INFO  AuxServices:350 - Got event CONTAINER_STOP for appId application_1571860711657_0001
datanode_3  | 2019-10-23 19:58:46,083 INFO impl.RoleInfo: 543c93fe-8b2e-4371-b350-33c13a9328e9: start LeaderElection
datanode_1  | 2019-10-23 19:58:45,994 INFO impl.RoleInfo: 9194372a-7ee1-4699-bf19-09aa609b83f9: shutdown FollowerState
datanode_2  | 2019-10-23 19:58:40,925 INFO impl.RaftServerImpl: b9139a78-2ca4-4555-b449-bf0d9cb76f00@group-65F2CC5600EB: changes role from CANDIDATE to FOLLOWER at term 1 for DISCOVERED_A_NEW_TERM
rm_1        | 2019-10-23 19:58:32 INFO  RMNodeImpl:671 - nm:38184 Node Transitioned from NEW to RUNNING
nm_1        | 2019-10-23 19:59:53 INFO  Server:1845 - Auth successful for appattempt_1571860711657_0001_000001 (auth:SIMPLE)
datanode_3  | 2019-10-23 19:58:46,136 INFO impl.LeaderElection: 543c93fe-8b2e-4371-b350-33c13a9328e9@group-65F2CC5600EB-LeaderElection3: begin an election at term 2 for -1: [b9139a78-2ca4-4555-b449-bf0d9cb76f00:172.18.0.3:9858, 543c93fe-8b2e-4371-b350-33c13a9328e9:172.18.0.8:9858, 9194372a-7ee1-4699-bf19-09aa609b83f9:172.18.0.6:9858], old=null
datanode_2  | 2019-10-23 19:58:40,926 INFO impl.RoleInfo: b9139a78-2ca4-4555-b449-bf0d9cb76f00: shutdown LeaderElection
datanode_1  | 2019-10-23 19:58:45,994 INFO impl.RaftServerImpl: 9194372a-7ee1-4699-bf19-09aa609b83f9@group-65F2CC5600EB: changes role from  FOLLOWER to CANDIDATE at term 1 for changeToCandidate
nm_1        | 2019-10-23 19:59:53 INFO  ContainerManagerImpl:1070 - Start request for container_1571860711657_0001_01_000003 by user hadoop
