scm_1       | 2019-10-23 20:23:54,639 INFO authorize.ServiceAuthorizationManager: Authorization successful for dn/1f67add1903d@EXAMPLE.COM (auth:KERBEROS) for protocol=interface org.apache.hadoop.ozone.protocol.StorageContainerDatanodeProtocol
om_1        | 2019-10-23 20:27:07,296 INFO ipc.Server: Auth successful for testuser/scm@EXAMPLE.COM (auth:KERBEROS)
kdc_1       | Authenticating as principal admin/admin with keytab /tmp/admin.keytab.
scm_1       | 2019-10-23 20:24:05,195 INFO ipc.Server: Auth successful for dn/f7b5206dfc8f@EXAMPLE.COM (auth:KERBEROS)
s3g_1       | 	at org.jboss.weld.bean.ContextualInstance.get(ContextualInstance.java:50)
om_1        | 2019-10-23 20:27:07,311 INFO authorize.ServiceAuthorizationManager: Authorization successful for testuser/scm@EXAMPLE.COM (auth:KERBEROS) for protocol=interface org.apache.hadoop.ozone.om.protocol.OzoneManagerProtocol
kdc_1       | Oct 23 20:22:44 kdc krb5kdc[9](info): AS_REQ (8 etypes {18 17 20 19 16 23 25 26}) 127.0.0.1: SERVER_NOT_FOUND: admin/admin@EXAMPLE.COM for kadmin/localhost@EXAMPLE.COM, Server not found in Kerberos database
scm_1       | 2019-10-23 20:24:05,199 INFO authorize.ServiceAuthorizationManager: Authorization successful for dn/f7b5206dfc8f@EXAMPLE.COM (auth:KERBEROS) for protocol=interface org.apache.hadoop.ozone.protocol.StorageContainerDatanodeProtocol
s3g_1       | 	at org.jboss.weld.manager.BeanManagerImpl.getReference(BeanManagerImpl.java:785)
om_1        | 2019-10-23 20:27:10,195 INFO ipc.Server: Auth successful for testuser/scm@EXAMPLE.COM (auth:KERBEROS)
kdc_1       | Oct 23 20:22:44 kdc krb5kdc[9](info): AS_REQ (8 etypes {18 17 20 19 16 23 25 26}) 127.0.0.1: ISSUE: authtime 1571862164, etypes {rep=18 tkt=18 ses=18}, admin/admin@EXAMPLE.COM for kadmin/admin@EXAMPLE.COM
scm_1       | 2019-10-23 20:24:05,231 INFO ipc.Server: Auth successful for dn/e497f4eb89a1@EXAMPLE.COM (auth:KERBEROS)
s3g_1       | 	at org.jboss.weld.manager.BeanManagerImpl.getReference(BeanManagerImpl.java:808)
om_1        | 2019-10-23 20:27:10,209 INFO authorize.ServiceAuthorizationManager: Authorization successful for testuser/scm@EXAMPLE.COM (auth:KERBEROS) for protocol=interface org.apache.hadoop.ozone.om.protocol.OzoneManagerProtocol
scm_1       | 2019-10-23 20:24:05,234 INFO authorize.ServiceAuthorizationManager: Authorization successful for dn/e497f4eb89a1@EXAMPLE.COM (auth:KERBEROS) for protocol=interface org.apache.hadoop.ozone.protocol.StorageContainerDatanodeProtocol
s3g_1       | 	at org.jboss.weld.util.ForwardingBeanManager.getReference(ForwardingBeanManager.java:61)
om_1        | 2019-10-23 20:27:15,147 INFO ipc.Server: Auth successful for testuser/scm@EXAMPLE.COM (auth:KERBEROS)
scm_1       | 2019-10-23 20:24:10,169 INFO ipc.Server: Auth successful for om/om@EXAMPLE.COM (auth:KERBEROS)
kdc_1       | Oct 23 20:22:44 kdc krb5kdc[9](info): AS_REQ (8 etypes {18 17 20 19 16 23 25 26}) 127.0.0.1: SERVER_NOT_FOUND: admin/admin@EXAMPLE.COM for kadmin/localhost@EXAMPLE.COM, Server not found in Kerberos database
om_1        | 2019-10-23 20:27:15,159 INFO authorize.ServiceAuthorizationManager: Authorization successful for testuser/scm@EXAMPLE.COM (auth:KERBEROS) for protocol=interface org.apache.hadoop.ozone.om.protocol.OzoneManagerProtocol
s3g_1       | 	at org.jboss.weld.bean.builtin.BeanManagerProxy.getReference(BeanManagerProxy.java:85)
scm_1       | 2019-10-23 20:24:10,171 INFO authorize.ServiceAuthorizationManager: Authorization successful for om/om@EXAMPLE.COM (auth:KERBEROS) for protocol=interface org.apache.hadoop.hdds.scm.protocol.ScmBlockLocationProtocol
kdc_1       | Oct 23 20:22:44 kdc krb5kdc[9](info): AS_REQ (8 etypes {18 17 20 19 16 23 25 26}) 127.0.0.1: ISSUE: authtime 1571862164, etypes {rep=18 tkt=18 ses=18}, admin/admin@EXAMPLE.COM for kadmin/admin@EXAMPLE.COM
om_1        | 2019-10-23 20:27:19,659 INFO ipc.Server: Auth successful for testuser/scm@EXAMPLE.COM (auth:KERBEROS)
s3g_1       | 	at org.glassfish.jersey.ext.cdi1x.internal.CdiUtil.getBeanReference(CdiUtil.java:151)
scm_1       | 2019-10-23 20:24:10,172 INFO server.SCMBlockProtocolServer: Allocating 1 blocks of size 268435456, with ExcludeList {datanodes = [], containerIds = [], pipelineIds = []}
kdc_1       | Oct 23 20:22:44 kdc krb5kdc[9](info): AS_REQ (8 etypes {18 17 20 19 16 23 25 26}) 127.0.0.1: SERVER_NOT_FOUND: admin/admin@EXAMPLE.COM for kadmin/localhost@EXAMPLE.COM, Server not found in Kerberos daOct 23 20:22:44 kdc kadmind[15](info): closing down fd 18
om_1        | 2019-10-23 20:27:19,672 INFO authorize.ServiceAuthorizationManager: Authorization successful for testuser/scm@EXAMPLE.COM (auth:KERBEROS) for protocol=interface org.apache.hadoop.ozone.om.protocol.OzoneManagerProtocol
s3g_1       | 	at org.glassfish.jersey.ext.cdi1x.internal.AbstractCdiBeanSupplier$1.getInstance(AbstractCdiBeanSupplier.java:93)
scm_1       | 2019-10-23 20:24:11,631 INFO ipc.Server: Auth successful for dn/e497f4eb89a1@EXAMPLE.COM (auth:KERBEROS)
kdc_1       | Oct 23 20:22:44 kdc kadmind[15](Notice): Request: kadm5_init, admin/admin@EXAMPLE.COM, success, client=admin/admin@EXAMPLE.COM, service=kadmin/admin@EXAMPLE.COM, addr=127.0.0.1, vers=4, flavor=6
s3g_1       | 	at org.glassfish.jersey.ext.cdi1x.internal.AbstractCdiBeanSupplier._provide(AbstractCdiBeanSupplier.java:127)
scm_1       | 2019-10-23 20:24:11,635 INFO authorize.ServiceAuthorizationManager: Authorization successful for dn/e497f4eb89a1@EXAMPLE.COM (auth:KERBEROS) for protocol=interface org.apache.hadoop.hdds.protocol.SCMSecurityProtocol
s3g_1       | 	at org.glassfish.jersey.ext.cdi1x.internal.RequestScopedCdiBeanSupplier.get(RequestScopedCdiBeanSupplier.java:70)
scm_1       | 2019-10-23 20:24:24,638 INFO ipc.Server: Auth successful for dn/1f67add1903d@EXAMPLE.COM (auth:KERBEROS)
s3g_1       | 	at org.glassfish.jersey.inject.hk2.InstanceSupplierFactoryBridge.provide(InstanceSupplierFactoryBridge.java:77)
scm_1       | 2019-10-23 20:24:24,642 INFO authorize.ServiceAuthorizationManager: Authorization successful for dn/1f67add1903d@EXAMPLE.COM (auth:KERBEROS) for protocol=interface org.apache.hadoop.ozone.protocol.StorageContainerDatanodeProtocol
s3g_1       | 	at org.jvnet.hk2.internal.FactoryCreator.create(FactoryCreator.java:153)
scm_1       | 2019-10-23 20:24:35,187 INFO ipc.Server: Auth successful for dn/f7b5206dfc8f@EXAMPLE.COM (auth:KERBEROS)
om_1        | 2019-10-23 20:27:22,579 INFO ipc.Server: Auth successful for testuser/scm@EXAMPLE.COM (auth:KERBEROS)
scm_1       | 2019-10-23 20:24:35,190 INFO authorize.ServiceAuthorizationManager: Authorization successful for dn/f7b5206dfc8f@EXAMPLE.COM (auth:KERBEROS) for protocol=interface org.apache.hadoop.ozone.protocol.StorageContainerDatanodeProtocol
s3g_1       | 	at org.jvnet.hk2.internal.SystemDescriptor.create(SystemDescriptor.java:487)
om_1        | 2019-10-23 20:27:22,591 INFO authorize.ServiceAuthorizationManager: Authorization successful for testuser/scm@EXAMPLE.COM (auth:KERBEROS) for protocol=interface org.apache.hadoop.ozone.om.protocol.OzoneManagerProtocol
scm_1       | 2019-10-23 20:24:41,982 INFO ipc.Server: Auth successful for dn/e497f4eb89a1@EXAMPLE.COM (auth:KERBEROS)
kdc_1       | Oct 23 20:22:44 kdc kadmind[15](Notice): Request: kadm5_get_policy, default, Policy does not exist, client=admin/admin@EXAMPLE.COM, service=kadmin/admin@EXAMPLE.COM, addr=127.0.0.1
s3g_1       | 	at org.jvnet.hk2.internal.PerLookupContext.findOrCreate(PerLookupContext.java:70)
om_1        | 2019-10-23 20:27:25,604 INFO ipc.Server: Auth successful for testuser/scm@EXAMPLE.COM (auth:KERBEROS)
scm_1       | 2019-10-23 20:24:41,986 INFO authorize.ServiceAuthorizationManager: Authorization successful for dn/e497f4eb89a1@EXAMPLE.COM (auth:KERBEROS) for protocol=interface org.apache.hadoop.ozone.protocol.StorageContainerDatanodeProtocol
kdc_1       | Oct 23 20:22:44 kdc kadmind[15](Notice): Request: kadm5_create_principal, HTTP/e497f4eb89a1@EXAMPLE.COM, success, client=admin/admin@EXAMPLE.COM, service=kadmin/admin@EXAMPLE.COM, addr=127.0.0.1
s3g_1       | 	at org.jvnet.hk2.internal.Utilities.createService(Utilities.java:2126)
om_1        | 2019-10-23 20:27:25,618 INFO authorize.ServiceAuthorizationManager: Authorization successful for testuser/scm@EXAMPLE.COM (auth:KERBEROS) for protocol=interface org.apache.hadoop.ozone.om.protocol.OzoneManagerProtocol
scm_1       | 2019-10-23 20:24:54,647 INFO ipc.Server: Auth successful for dn/1f67add1903d@EXAMPLE.COM (auth:KERBEROS)
kdc_1       | Oct 23 20:22:44 kdc kadmind[15](info): closing down fd 18
s3g_1       | 	at org.jvnet.hk2.internal.ServiceLocatorImpl.internalGetService(ServiceLocatorImpl.java:777)
om_1        | 2019-10-23 20:27:28,522 INFO ipc.Server: Auth successful for testuser/scm@EXAMPLE.COM (auth:KERBEROS)
scm_1       | 2019-10-23 20:24:54,652 INFO authorize.ServiceAuthorizationManager: Authorization successful for dn/1f67add1903d@EXAMPLE.COM (auth:KERBEROS) for protocol=interface org.apache.hadoop.ozone.protocol.StorageContainerDatanodeProtocol
kdc_1       | Oct 23 20:22:44 kdc kadmind[15](Notice): Request: kadm5_init, admin/admin@EXAMPLE.COM, success, client=admin/admin@EXAMPLE.COM, service=kadmin/admin@EXAMPLE.COM, addr=127.0.0.1, vers=4, flavor=6
s3g_1       | 	at org.jvnet.hk2.internal.ServiceLocatorImpl.internalGetService(ServiceLocatorImpl.java:740)
om_1        | 2019-10-23 20:27:28,535 INFO authorize.ServiceAuthorizationManager: Authorization successful for testuser/scm@EXAMPLE.COM (auth:KERBEROS) for protocol=interface org.apache.hadoop.ozone.om.protocol.OzoneManagerProtocol
scm_1       | 2019-10-23 20:25:03,414 INFO ipc.Server: Auth successful for om/om@EXAMPLE.COM (auth:KERBEROS)
kdc_1       | Oct 23 20:22:44 kdc kadmind[15](Notice): Request: kadm5_randkey_principal, HTTP/e497f4eb89a1@EXAMPLE.COM, success, client=admin/admin@EXAMPLE.COM, service=kadmin/admin@EXAMPLE.COM, addr=127.0.0.1
om_1        | 2019-10-23 20:27:31,293 INFO ipc.Server: Auth successful for testuser/scm@EXAMPLE.COM (auth:KERBEROS)
scm_1       | 2019-10-23 20:25:03,416 INFO authorize.ServiceAuthorizationManager: Authorization successful for om/om@EXAMPLE.COM (auth:KERBEROS) for protocol=interface org.apache.hadoop.hdds.scm.protocol.ScmBlockLocationProtocol
kdc_1       | Oct 23 20:22:44 kdc kadmind[15](Notice): Request: kadm5_get_principal, HTTP/e497f4eb89a1@EXAMPLE.COM, success, client=admin/admin@EXAMPLE.COM, service=kadmin/admin@EXAMPLE.COM, addr=127.0.0.1
s3g_1       | 	at org.jvnet.hk2.internal.ServiceLocatorImpl.getService(ServiceLocatorImpl.java:710)
om_1        | 2019-10-23 20:27:31,307 INFO authorize.ServiceAuthorizationManager: Authorization successful for testuser/scm@EXAMPLE.COM (auth:KERBEROS) for protocol=interface org.apache.hadoop.ozone.om.protocol.OzoneManagerProtocol
kdc_1       | Oct 23 20:22:44 kdc kadmind[15](info): closing down fd 18
scm_1       | 2019-10-23 20:25:03,442 INFO server.SCMBlockProtocolServer: SCM is informed by OM to delete 1 blocks
s3g_1       | 	at org.glassfish.jersey.inject.hk2.AbstractHk2InjectionManager.getInstance(AbstractHk2InjectionManager.java:184)
om_1        | 2019-10-23 20:27:34,170 INFO ipc.Server: Auth successful for testuser/scm@EXAMPLE.COM (auth:KERBEROS)
kdc_1       | Oct 23 20:22:44 kdc kadmind[15](Notice): Request: kadm5_init, admin/admin@EXAMPLE.COM, success, client=admin/admin@EXAMPLE.COM, service=kadmin/admin@EXAMPLE.COM, addr=127.0.0.1, vers=4, flavor=6
scm_1       | 2019-10-23 20:25:03,443 INFO block.BlockManagerImpl: Deleting blocks conID: 4 locID: 103013564427272317 bcsId: 0
s3g_1       | 	at org.glassfish.jersey.inject.hk2.ImmediateHk2InjectionManager.getInstance(ImmediateHk2InjectionManager.java:54)
om_1        | 2019-10-23 20:27:34,182 INFO authorize.ServiceAuthorizationManager: Authorization successful for testuser/scm@EXAMPLE.COM (auth:KERBEROS) for protocol=interface org.apache.hadoop.ozone.om.protocol.OzoneManagerProtocol
kdc_1       | Oct 23 20:22:44 kdc kadmind[15](Notice): Request: kadm5_get_policy, default, Policy does not exist, client=admin/admin@EXAMPLE.COM, service=kadmin/admin@EXAMPLE.COM, addr=127.0.0.1
scm_1       | 2019-10-23 20:25:05,194 INFO ipc.Server: Auth successful for dn/f7b5206dfc8f@EXAMPLE.COM (auth:KERBEROS)
s3g_1       | 	at org.glassfish.jersey.internal.inject.Injections.getOrCreate(Injections.java:129)
om_1        | 2019-10-23 20:27:37,082 INFO ipc.Server: Auth successful for testuser/scm@EXAMPLE.COM (auth:KERBEROS)
kdc_1       | Oct 23 20:22:44 kdc kadmind[15](Notice): Request: kadm5_create_principal, scm/om@EXAMPLE.COM, success, client=admin/admin@EXAMPLE.COM, service=kadmin/admin@EXAMPLE.COM, addr=127.0.0.1
scm_1       | 2019-10-23 20:25:05,199 INFO authorize.ServiceAuthorizationManager: Authorization successful for dn/f7b5206dfc8f@EXAMPLE.COM (auth:KERBEROS) for protocol=interface org.apache.hadoop.ozone.protocol.StorageContainerDatanodeProtocol
s3g_1       | 	at org.glassfish.jersey.server.model.MethodHandler$ClassBasedMethodHandler.getInstance(MethodHandler.java:284)
om_1        | 2019-10-23 20:27:37,094 INFO authorize.ServiceAuthorizationManager: Authorization successful for testuser/scm@EXAMPLE.COM (auth:KERBEROS) for protocol=interface org.apache.hadoop.ozone.om.protocol.OzoneManagerProtocol
kdc_1       | Oct 23 20:22:44 kdc kadmind[15](info): closing down fd 18
s3g_1       | 	at org.glassfish.jersey.server.internal.routing.PushMethodHandlerRouter.apply(PushMethodHandlerRouter.java:75)
scm_1       | 2019-10-23 20:25:11,984 INFO ipc.Server: Auth successful for dn/e497f4eb89a1@EXAMPLE.COM (auth:KERBEROS)
om_1        | 2019-10-23 20:27:43,868 INFO ipc.Server: Auth successful for testuser/scm@EXAMPLE.COM (auth:KERBEROS)
kdc_1       | Oct 23 20:22:44 kdc kadmind[15](Notice): Request: kadm5_init, admin/admin@EXAMPLE.COM, success, clienttabase
s3g_1       | 	at org.glassfish.jersey.server.internal.routing.RoutingStage._apply(RoutingStage.java:110)
scm_1       | 2019-10-23 20:25:11,988 INFO authorize.ServiceAuthorizationManager: Authorization successful for dn/e497f4eb89a1@EXAMPLE.COM (auth:KERBEROS) for protocol=interface org.apache.hadoop.ozone.protocol.StorageContainerDatanodeProtocol
om_1        | 2019-10-23 20:27:43,880 INFO authorize.ServiceAuthorizationManager: Authorization successful for testuser/scm@EXAMPLE.COM (auth:KERBEROS) for protocol=interface org.apache.hadoop.ozone.om.protocol.OzoneManagerProtocol
kdc_1       | Oct 23 20:22:44 kdc krb5kdc[9](info): AS_REQ (8 etypes {18 17 20 19 16 23 25 26}) 127.0.0.1: ISSUE: authtime 1571862164, etypes {rep=18 tkt=18 ses=18}, admin/admin@EXAMPLE.COM for kadmin/admin@EXAMPLE.COM
s3g_1       | 	at org.glassfish.jersey.server.internal.routing.RoutingStage._apply(RoutingStage.java:113)
scm_1       | 2019-10-23 20:25:24,643 INFO ipc.Server: Auth successful for dn/1f67add1903d@EXAMPLE.COM (auth:KERBEROS)
om_1        | 2019-10-23 20:27:44,616 [IPC Server handler 10 on 9862] INFO       - created volume:fstest49 for user:testuser/scm@EXAMPLE.COM
kdc_1       | Oct 23 20:22:44 kdc krb5kdc[9](info): AS_REQ (8 etypes {18 17 20 19 16 23 25 26}) 127.0.0.1: SERVER_NOT_FOUND: admin/admin@EXAMPLE.COM for kadmin/localhost@EXAMPLE.COM, Server not found in Kerberos database
scm_1       | 2019-10-23 20:25:24,646 INFO authorize.ServiceAuthorizationManager: Authorization successful for dn/1f67add1903d@EXAMPLE.COM (auth:KERBEROS) for protocol=interface org.apache.hadoop.ozone.protocol.StorageContainerDatanodeProtocol
om_1        | 2019-10-23 20:27:46,824 INFO ipc.Server: Auth successful for testuser/scm@EXAMPLE.COM (auth:KERBEROS)
s3g_1       | 	at org.glassfish.jersey.server.internal.routing.RoutingStage._apply(RoutingStage.java:113)
kdc_1       | Oct 23 20:22:44 kdc krb5kdc[9](info): AS_REQ (8 etypes {18 17 20 19 16 23 25 26}) 127.0.0.1: ISSUE: authtime 1571862164, etypes {rep=18 tkt=18 ses=18}, admin/admin@EXAMPLE.COM for kadmin/admin@EXAMPLE.COM
om_1        | 2019-10-23 20:27:46,836 INFO authorize.ServiceAuthorizationManager: Authorization successful for testuser/scm@EXAMPLE.COM (auth:KERBEROS) for protocol=interface org.apache.hadoop.ozone.om.protocol.OzoneManagerProtocol
scm_1       | 2019-10-23 20:25:25,715 INFO ipc.Server: Auth successful for om/om@EXAMPLE.COM (auth:KERBEROS)
s3g_1       | 	at org.glassfish.jersey.server.internal.routing.RoutingStage._apply(RoutingStage.java:113)
kdc_1       | Oct 23 20:22:45 kdc krb5kdc[9](info): AS_REQ (8 etypes {18 17 20 19 16 23 25 26}) 127.0.0.1: SERVER_NOT_FOUND: admin/admin@EXAMPLE.COM for kadmin/localhost@EXAMPLE.COM, Server not found in Kerberos database
om_1        | 2019-10-23 20:27:47,705 [IPC Server handler 9 on 9862] INFO       - created volume:fstest249 for user:testuser/scm@EXAMPLE.COM
scm_1       | 2019-10-23 20:25:25,718 INFO authorize.ServiceAuthorizationManager: Authorization successful for om/om@EXAMPLE.COM (auth:KERBEROS) for protocol=interface org.apache.hadoop.hdds.scm.protocol.ScmBlockLocationProtocol
s3g_1       | 	at org.glassfish.jersey.server.internal.routing.RoutingStage.apply(RoutingStage.java:93)
kdc_1       | Oct 23 20:22:45 kdc krb5kdc[9](info): AS_REQ (8 etypes {18 17 20 19 16 23 25 26}) 127.0.0.1: ISSUE: authtime 1571862165, etypes {rep=18 tkt=18 ses=18}, admin/admin@EXAMPLE.COM for kadmin/admin@=admin/admin@EXAMPLE.COM, service=kadmin/admin@EXAMPLE.COM, addr=127.0.0.1, vers=4, flavor=6
om_1        | 2019-10-23 20:27:49,826 INFO ipc.Server: Auth successful for testuser/scm@EXAMPLE.COM (auth:KERBEROS)
scm_1       | 2019-10-23 20:25:25,718 INFO server.SCMBlockProtocolServer: Allocating 1 blocks of size 268435456, with ExcludeList {datanodes = [], containerIds = [], pipelineIds = []}
s3g_1       | 	at org.glassfish.jersey.server.internal.routing.RoutingStage.apply(RoutingStage.java:62)
kdc_1       | Oct 23 20:22:44 kdc kadmind[15](Notice): Request: kadm5_randkey_principal, scm/om@EXAMPLE.COM, success, client=admin/admin@EXAMPLE.COM, service=kadmin/admin@EXAMPLE.COM, addr=127.0.0.1
om_1        | 2019-10-23 20:27:49,837 INFO authorize.ServiceAuthorizationManager: Authorization successful for testuser/scm@EXAMPLE.COM (auth:KERBEROS) for protocol=interface org.apache.hadoop.ozone.om.protocol.OzoneManagerProtocol
scm_1       | 2019-10-23 20:25:27,329 INFO ipc.Server: Auth successful for dn/e497f4eb89a1@EXAMPLE.COM (auth:KERBEROS)
s3g_1       | 	at org.glassfish.jersey.process.internal.Stages.process(Stages.java:197)
kdc_1       | Oct 23 20:22:44 kdc kadmind[15](Notice): Request: kadm5_get_principal, scm/om@EXAMPLE.COM, success, client=admin/admin@EXAMPLE.COM, service=kadmin/admin@EXAMPLE.COM, addr=127.0.0.1
om_1        | 2019-10-23 20:27:52,666 INFO ipc.Server: Auth successful for testuser/scm@EXAMPLE.COM (auth:KERBEROS)
scm_1       | 2019-10-23 20:25:27,333 INFO authorize.ServiceAuthorizationManager: Authorization successful for dn/e497f4eb89a1@EXAMPLE.COM (auth:KERBEROS) for protocol=interface org.apache.hadoop.ozone.protocol.StorageContainerDatanodeProtocol
s3g_1       | 	at org.glassfish.jersey.server.ServerRuntime$1.run(ServerRuntime.java:269)
kdc_1       | Oct 23 20:22:45 kdc kadmind[15](info): closing down fd 18
om_1        | 2019-10-23 20:27:52,678 INFO authorize.ServiceAuthorizationManager: Authorization successful for testuser/scm@EXAMPLE.COM (auth:KERBEROS) for protocol=interface org.apache.hadoop.ozone.om.protocol.OzoneManagerProtocol
s3g_1       | 	at org.glassfish.jersey.internal.Errors$1.call(Errors.java:272)
scm_1       | 2019-10-23 20:25:35,190 INFO ipc.Server: Auth successful for dn/f7b5206dfc8f@EXAMPLE.COM (auth:KERBEROS)
kdc_1       | Oct 23 20:22:45 kdc kadmind[15](Notice): Request: kadm5_init, admin/admin@EXAMPLE.COM, success, client=admin/admin@EXAMPLE.COM, service=kadmin/admin@EXAMPLE.COM, addr=127.0.0.1, vers=4, flavor=6
om_1        | 2019-10-23 20:27:55,636 INFO ipc.Server: Auth successful for testuser/scm@EXAMPLE.COM (auth:KERBEROS)
s3g_1       | 	at org.glassfish.jersey.internal.Errors$1.call(Errors.java:268)
scm_1       | 2019-10-23 20:25:35,193 INFO authorize.ServiceAuthorizationManager: Authorization successful for dn/f7b5206dfc8f@EXAMPLE.COM (auth:KERBEROS) for protocol=interface org.apache.hadoop.ozone.protocol.StorageContainerDatanodeProtocol
kdc_1       | Oct 23 20:22:45 kdc kadmind[15](Notice): Request: kadm5_get_policy, default, Policy does not exist, client=admin/admin@EXAMPLE.COM, service=kadmin/admin@EXAMPLE.COM, addr=127.0.0.1
s3g_1       | 	at org.glassfish.jersey.internal.Errors.process(Errors.java:316)
scm_1       | 2019-10-23 20:25:54,641 INFO ipc.Server: Auth successful for dn/1f67add1903d@EXAMPLE.COM (auth:KERBEROS)
kdc_1       | Oct 23 20:22:45 kdc kadmind[15](Notice): Request: kadm5_create_principal, om/f7b5206dfc8f@EXAMPLE.COM, success, client=admin/admin@EXAMPLE.COM
s3g_1       | 	at org.glassfish.jersey.internal.Errors.process(Errors.java:298)
kdc_1       | Oct 23 20:22:45 kdc krb5kdc[9](info): AS_REQ (8 etypes {18 17 20 19 16 23 25 26}) 127.0.0.1: SERVER_NOT_FOUND: admin/admin@EXAMPLE.COM for kadmin/localhost@EXAMPLE.COM, Server not found in Kerberos database
s3g_1       | 	at org.glassfish.jersey.internal.Errors.process(Errors.java:268)
om_1        | 2019-10-23 20:27:55,649 INFO authorize.ServiceAuthorizationManager: Authorization successful for testuser/scm@EXAMPLE.COM (auth:KERBEROS) for protocol=interface org.apache.hadoop.ozone.om.protocol.OzoneManagerProtocol
scm_1       | 2019-10-23 20:25:54,645 INFO authorize.ServiceAuthorizationManager: Authorization successful for dn/1f67add1903d@EXAMPLE.COM (auth:KERBEROS) for protocol=interface org.apache.hadoop.ozone.protocol.StorageContainerDatanodeProtocol
kdc_1       | Oct 23 20:22:45 kdc krb5kdc[9](info): AS_REQ (8 etypes {18 17 20 19 16 23 25 26}) 127.0.0.1: ISSUE: authtime 1571862165, etypes {rep=18 tkt=18 ses=18}, admin/admin@EXAMPLE.COM for kadmin/admin@EXAMPLE.COM
s3g_1       | 	at org.glassfish.jersey.process.internal.RequestScope.runInScope(RequestScope.java:289)
om_1        | 2019-10-23 20:27:58,937 INFO ipc.Server: Auth successful for testuser/scm@EXAMPLE.COM (auth:KERBEROS)
scm_1       | 2019-10-23 20:25:57,326 INFO ipc.Server: Auth successful for dn/e497f4eb89a1@EXAMPLE.COM (auth:KERBEROS)
s3g_1       | 	at org.glassfish.jersey.server.ServerRuntime.process(ServerRuntime.java:256)
om_1        | 2019-10-23 20:27:58,953 INFO authorize.ServiceAuthorizationManager: Authorization successful for testuser/scm@EXAMPLE.COM (auth:KERBEROS) for protocol=interface org.apache.hadoop.ozone.om.protocol.OzoneManagerProtocol
kdc_1       | Oct 23 20:22:45 kdc krb5kdc[9](info): AS_REQ (8 etypes {18 17 20 19 16 23 25 26}) 127.0.0.1: SERVER_NOT_FOUND: admin/admin@EXAMPLE.COM for kadmin/localhost@EXAMPLE.COM, Server not found in Kerberos database
scm_1       | 2019-10-23 20:25:57,330 INFO authorize.ServiceAuthorizationManager: Authorization successful for dn/e497f4eb89a1@EXAMPLE.COM (auth:KERBEROS) for protocol=interface org.apache.hadoop.ozone.protocol.StorageContainerDatanodeProtocol
s3g_1       | 	at org.glassfish.jersey.server.ApplicationHandler.handle(ApplicationHandler.java:703)
om_1        | 2019-10-23 20:28:01,482 INFO ipc.Server: Auth successful for testuser/scm@EXAMPLE.COM (auth:KERBEROS)
kdc_1       | Oct 23 20:22:45 kdc krb5kdc[9](info): AS_REQ (8 etypes {18 17 20 19 16 23 25 26}) 127.0.0.1: ISSUE: authtime 1571862165, etypes {rep=18 tkt=18 ses=18}, admin/admin@EXAMPLE.COM for kadmin/admin@EXAMPLE.COM
scm_1       | 2019-10-23 20:26:05,189 INFO ipc.Server: Auth successful for dn/f7b5206dfc8f@EXAMPLE.COM (auth:KERBEROS)
s3g_1       | 	at org.glassfish.jersey.servlet.WebComponent.serviceImpl(WebComponent.java:416)
om_1        | 2019-10-23 20:28:01,496 INFO authorize.ServiceAuthorizationManager: Authorization successful for testuser/scm@EXAMPLE.COM (auth:KERBEROS) for protocol=interface org.apache.hadoop.ozone.om.protocol.OzoneManagerProtocol
kdc_1       | Oct 23 20:22:45 kdc krb5kdc[9](info): AS_REQ (8 etypes {18 17 20 19 16 23 25 26}) 127.0.0.1: SERVER_NOT_FOUND: admin/admin@EXAMPLE.COM for kadmin/localhost@EXAMPLE.COM, Server not found inEXAMPLE.COM, service=kadmin/admin@EXAMPLE.COM, addr=127.0.0.1
scm_1       | 2019-10-23 20:26:05,193 INFO authorize.ServiceAuthorizationManager: Authorization successful for dn/f7b5206dfc8f@EXAMPLE.COM (auth:KERBEROS) for protocol=interface org.apache.hadoop.ozone.protocol.StorageContainerDatanodeProtocol
s3g_1       | 	at org.glassfish.jersey.servlet.WebComponent.service(WebComponent.java:370)
om_1        | 2019-10-23 20:28:02,261 [IPC Server handler 4 on 9862] INFO       - created volume:fstest349 for user:testuser/scm@EXAMPLE.COM
scm_1       | 2019-10-23 20:26:15,685 INFO ipc.Server: Auth successful for om/om@EXAMPLE.COM (auth:KERBEROS)
kdc_1       | Oct 23 20:22:45 kdc kadmind[15](info): closing down fd 18
s3g_1       | 	at org.glassfish.jersey.servlet.ServletContainer.service(ServletContainer.java:389)
om_1        | 2019-10-23 20:28:04,419 INFO ipc.Server: Auth successful for testuser/scm@EXAMPLE.COM (auth:KERBEROS)
scm_1       | 2019-10-23 20:26:15,687 INFO authorize.ServiceAuthorizationManager: Authorization successful for om/om@EXAMPLE.COM (auth:KERBEROS) for protocol=interface org.apache.hadoop.hdds.scm.protocol.ScmBlockLocationProtocol
kdc_1       | Oct 23 20:22:45 kdc kadmind[15](Notice): Request: kadm5_init, admin/admin@EXAMPLE.COM, success, client=admin/admin@EXAMPLE.COM, service=kadmin/admin@EXAMPLE.COM, addr=127.0.0.1, vers=4, flavor=6
s3g_1       | 	at org.glassfish.jersey.servlet.ServletContainer.service(ServletContainer.java:342)
om_1        | 2019-10-23 20:28:04,432 INFO authorize.ServiceAuthorizationManager: Authorization successful for testuser/scm@EXAMPLE.COM (auth:KERBEROS) for protocol=interface org.apache.hadoop.ozone.om.protocol.OzoneManagerProtocol
scm_1       | 2019-10-23 20:26:15,687 INFO server.SCMBlockProtocolServer: Allocating 1 blocks of size 268435456, with ExcludeList {datanodes = [], containerIds = [], pipelineIds = []}
kdc_1       | Oct 23 20:22:45 kdc kadmind[15](Notice): Request: kadm5_randkey_principal, om/f7b5206dfc8f@EXAMPLE.COM, success, client=admin/admin@EXAMPLE.COM, service=kadmin/admin@EXAMPLE.COM, addr=127.0.0.1
s3g_1       | 	at org.glassfish.jersey.servlet.ServletContainer.service(ServletContainer.java:229)
om_1        | 2019-10-23 20:28:07,379 INFO ipc.Server: Auth successful for testuser/scm@EXAMPLE.COM (auth:KERBEROS)
scm_1       | 2019-10-23 20:26:17,020 INFO ipc.Server: Auth successful for dn/f7b5206dfc8f@EXAMPLE.COM (auth:KERBEROS)
kdc_1       | Oct 23 20:22:45 kdc kadmind[15](Notice): Request: kadm5_get_principal, om/f7b5206dfc8f@EXAMPLE.COM, success, client=admin/admin@EXAMPLE.COM, service=kadmin/admin@EXAMPLE.COM, addr=127.0.0.1
s3g_1       | 	at org.eclipse.jetty.servlet.ServletHolder.handle(ServletHolder.java:840)
om_1        | 2019-10-23 20:28:07,391 INFO authorize.ServiceAuthorizationManager: Authorization successful for testuser/scm@EXAMPLE.COM (auth:KERBEROS) for protocol=interface org.apache.hadoop.ozone.om.protocol.OzoneManagerProtocol
scm_1       | 2019-10-23 20:26:17,024 INFO authorize.ServiceAuthorizationManager: Authorization successful for dn/f7b5206dfc8f@EXAMPLE.COM (auth:KERBEROS) for protocol=interface org.apache.hadoop.hdds.protocol.SCMSecurityProtocol
kdc_1       | Oct 23 20:22:45 kdc kadmind[15](info): closing down fd 18
s3g_1       | 	at org.eclipse.jetty.servlet.ServletHandler$CachedChain.doFilter(ServletHandler.java:1780)
scm_1       | 2019-10-23 20:26:17,355 INFO ipc.Server: Auth successful for dn/f7b5206dfc8f@EXAMPLE.COM (auth:KERBEROS)
kdc_1       | Oct 23 20:22:45 kdc kadmind[15](Notice): Request: kadm5_init, admin/admin@EXAMPLE.COM, success, client=admin/admin@EXAMPLE.COM, service=kadmin/admin@EXAMPLE.COM, addr=127.0.0.1, vers=4, flavor=6
om_1        | 2019-10-23 20:28:10,091 INFO ipc.Server: Auth successful for testuser/scm@EXAMPLE.COM (auth:KERBEROS)
s3g_1       | 	at org.apache.hadoop.http.HttpServer2$QuotingInputFilter.doFilter(HttpServer2.java:1609)
scm_1       | 2019-10-23 20:26:17,359 INFO authorize.ServiceAuthorizationManager: Authorization successful for dn/f7b5206dfc8f@EXAMPLE.COM (auth:KERBEROS) for protocol=interface org.apache.hadoop.ozone.protocol.StorageContainerDatanodeProtocol
kdc_1       | Oct 23 20:22:45 kdc kadmind[15](Notice): Request: kadm5_get_policy, defa Kerberos database
om_1        | 2019-10-23 20:28:10,103 INFO authorize.ServiceAuthorizationManager: Authorization successful for testuser/scm@EXAMPLE.COM (auth:KERBEROS) for protocol=interface org.apache.hadoop.ozone.om.protocol.OzoneManagerProtocol
s3g_1       | 	at org.eclipse.jetty.servlet.ServletHandler$CachedChain.doFilter(ServletHandler.java:1767)
scm_1       | 2019-10-23 20:26:24,642 INFO ipc.Server: Auth successful for dn/1f67add1903d@EXAMPLE.COM (auth:KERBEROS)
kdc_1       | Oct 23 20:22:45 kdc krb5kdc[9](info): AS_REQ (8 etypes {18 17 20 19 16 23 25 26}) 127.0.0.1: ISSUE: authtime 1571862165, etypes {rep=18 tkt=18 ses=18}, admin/admin@EXAMPLE.COM for kadmin/admin@EXAMPLE.COM
om_1        | 2019-10-23 20:28:12,959 INFO ipc.Server: Auth successful for testuser/scm@EXAMPLE.COM (auth:KERBEROS)
s3g_1       | 	at org.apache.hadoop.http.NoCacheFilter.doFilter(NoCacheFilter.java:45)
scm_1       | 2019-10-23 20:26:24,645 INFO authorize.ServiceAuthorizationManager: Authorization successful for dn/1f67add1903d@EXAMPLE.COM (auth:KERBEROS) for protocol=interface org.apache.hadoop.ozone.protocol.StorageContainerDatanodeProtocol
kdc_1       | Oct 23 20:22:45 kdc krb5kdc[9](info): AS_REQ (8 etypes {18 17 20 19 16 23 25 26}) 127.0.0.1: SERVER_NOT_FOUND: admin/admin@EXAMPLE.COM for kadmin/localhost@EXAMPLE.COM, Server not found in Kerberos database
om_1        | 2019-10-23 20:28:12,973 INFO authorize.ServiceAuthorizationManager: Authorization successful for testuser/scm@EXAMPLE.COM (auth:KERBEROS) for protocol=interface org.apache.hadoop.ozone.om.protocol.OzoneManagerProtocol
s3g_1       | 	at org.eclipse.jetty.servlet.ServletHandler$CachedChain.doFilter(ServletHandler.java:1767)
scm_1       | 2019-10-23 20:26:27,332 INFO ipc.Server: Auth successful for dn/e497f4eb89a1@EXAMPLE.COM (auth:KERBEROS)
kdc_1       | Oct 23 20:22:45 kdc krb5kdc[9](info): AS_REQ (8 etypes {18 17 20 19 16 23 25 26}) 127.0.0.1: ISSUE: authtime 1571862165, etypes {rep=18 tkt=18 ses=18}, admin/admin@EXAMPLE.COM for kadmin/admin@EXAMPLE.COM
om_1        | 2019-10-23 20:28:15,795 INFO ipc.Server: Auth successful for testuser/scm@EXAMPLE.COM (auth:KERBEROS)
s3g_1       | 	at org.eclipse.jetty.servlet.ServletHandler.doHandle(ServletHandler.java:583)
scm_1       | 2019-10-23 20:26:27,336 INFO authorize.ServiceAuthorizationManager: Authorization successful for dn/e497f4eb89a1@EXAMPLE.COM (auth:KERBEROS) for protocol=interface org.apache.hadoop.ozone.protocol.StorageContainerDatanodeProtocol
om_1        | 2019-10-23 20:28:15,810 INFO authorize.ServiceAuthorizationManager: Authorization successful for testuser/scm@EXAMPLE.COM (auth:KERBEROS) for protocol=interface org.apache.hadoop.ozone.om.protocol.OzoneManagerProtocol
kdc_1       | Oct 23 20:22:45 kdc krb5kdc[9](info): AS_REQ (8 etypes {18 17 20 19 16 23 25 26}) 127.0.0.1: SERVER_NOT_FOUND: admin/admin@EXAMPLE.COM for kadmin/localhost@EXAMPLE.COM, Server not found in Kerberos database
scm_1       | 2019-10-23 20:26:47,355 INFO ipc.Server: Auth successful for dn/f7b5206dfc8f@EXAMPLE.COM (auth:KERBEROS)
s3g_1       | 	at org.eclipse.jetty.server.handler.ScopedHandler.handle(ScopedHandler.java:143)
om_1        | 2019-10-23 20:28:18,752 INFO ipc.Server: Auth successful for testuser/scm@EXAMPLE.COM (auth:KERBEROS)
kdc_1       | Oct 23 20:22:45 kdc krb5kdc[9](info): AS_REQ (8 etypes {18 17 20 19 16 23 25 26}) 127.0.0.1: ISSUE: authtime 1571862165, etypes {rep=18 tkt=18 ses=18}, admin/admin@EXAMPLE.COM for kult, Policy does not exist, client=admin/admin@EXAMPLE.COM, service=kadmin/admin@EXAMPLE.COM, addr=127.0.0.1
scm_1       | 2019-10-23 20:26:47,359 INFO authorize.ServiceAuthorizationManager: Authorization successful for dn/f7b5206dfc8f@EXAMPLE.COM (auth:KERBEROS) for protocol=interface org.apache.hadoop.ozone.protocol.StorageContainerDatanodeProtocol
om_1        | 2019-10-23 20:28:18,766 INFO authorize.ServiceAuthorizationManager: Authorization successful for testuser/scm@EXAMPLE.COM (auth:KERBEROS) for protocol=interface org.apache.hadoop.ozone.om.protocol.OzoneManagerProtocol
kdc_1       | Oct 23 20:22:45 kdc kadmind[15](Notice): Request: kadm5_create_principal, scm/b24a5f59c6ea@EXAMPLE.COM, success, client=admin/admin@EXAMPLE.COM, service=kadmin/admin@EXAMPLE.COM, addr=127.0.0.1
s3g_1       | 	at org.eclipse.jetty.security.SecurityHandler.handle(SecurityHandler.java:548)
scm_1       | 2019-10-23 20:26:54,640 INFO ipc.Server: Auth successful for dn/1f67add1903d@EXAMPLE.COM (auth:KERBEROS)
om_1        | 2019-10-23 20:28:21,501 INFO ipc.Server: Auth successful for testuser/scm@EXAMPLE.COM (auth:KERBEROS)
kdc_1       | Oct 23 20:22:45 kdc kadmind[15](info): closing down fd 18
s3g_1       | 	at org.eclipse.jetty.server.session.SessionHandler.doHandle(SessionHandler.java:226)
scm_1       | 2019-10-23 20:26:54,643 INFO authorize.ServiceAuthorizationManager: Authorization successful for dn/1f67add1903d@EXAMPLE.COM (auth:KERBEROS) for protocol=interface org.apache.hadoop.ozone.protocol.StorageContainerDatanodeProtocol
kdc_1       | Oct 23 20:22:45 kdc kadmind[15](Notice): Request: kadm5_init, admin/admin@EXAMPLE.COM, success, client=admin/admin@EXAMPLE.COM, service=kadmin/admin@EXAMPLE.COM, addr=127.0.0.1, vers=4, flavor=6
s3g_1       | 	at org.eclipse.jetty.server.handler.ContextHandler.doHandle(ContextHandler.java:1180)
om_1        | 2019-10-23 20:28:21,517 INFO authorize.ServiceAuthorizationManager: Authorization successful for testuser/scm@EXAMPLE.COM (auth:KERBEROS) for protocol=interface org.apache.hadoop.ozone.om.protocol.OzoneManagerProtocol
scm_1       | 2019-10-23 20:26:57,324 INFO ipc.Server: Auth successful for dn/e497f4eb89a1@EXAMPLE.COM (auth:KERBEROS)
kdc_1       | Oct 23 20:22:45 kdc kadmind[15](Notice): Request: kadm5_randkey_principal, scm/b24a5f59c6ea@EXAMPLE.COM, success, client=admin/admin@EXAMPLE.COM, service=kadmin/admin@EXAMPLE.COM, addr=127.0.0.1
s3g_1       | 	at org.eclipse.jetty.servlet.ServletHandler.doScope(ServletHandler.java:513)
om_1        | 2019-10-23 20:28:24,228 INFO ipc.Server: Auth successful for testuser/scm@EXAMPLE.COM (auth:KERBEROS)
scm_1       | 2019-10-23 20:26:57,329 INFO authorize.ServiceAuthorizationManager: Authorization successful for dn/e497f4eb89a1@EXAMPLE.COM (auth:KERBEROS) for protocol=interface org.apache.hadoop.ozone.protocol.StorageContainerDatanodeProtocol
kdc_1       | Oct 23 20:22:45 kdc kadmind[15](Notice): Request: kadm5_get_principal, scm/b24a5f59c6ea@EXAMPLE.COM, success, client=admin/admin@EXAMPLE.COM, service=kadmin/admin@EXAMPLE.COM, addr=127.0.0.1
s3g_1       | 	at org.eclipse.jetty.server.session.SessionHandler.doScope(SessionHandler.java:185)
om_1        | 2019-10-23 20:28:24,240 INFO authorize.ServiceAuthorizationManager: Authorization successful for testuser/scm@EXAMPLE.COM (auth:KERBEROS) for protocol=interface org.apache.hadoop.ozone.om.protocol.OzoneManagerProtocol
scm_1       | 2019-10-23 20:27:03,506 INFO ipc.Server: Auth successful for om/om@EXAMPLE.COM (auth:KERBEROS)
kdc_1       | Oct 23 20:22:45 kdc kadmind[15](info): closing down fd 18
s3g_1       | 	at org.eclipse.jetty.server.handler.ContextHandler.doScope(ContextHandler.java:1112)
om_1        | 2019-10-23 20:28:27,080 INFO ipc.Server: Auth successful for testuser/scm@EXAMPLE.COM (auth:KERBEROS)
scm_1       | 2019-10-23 20:27:03,511 INFO authorize.ServiceAuthorizationManager: Authorization successful for om/om@EXAMPLE.COM (auth:KERBEROS) for protocol=interface org.apache.hadoop.hdds.scm.protocol.ScmBlockLocationProtocol
kdc_1       | Oct 23 20:22:45 kdc kadmadmin/admin@EXAMPLE.COM
s3g_1       | 	at org.eclipse.jetty.server.handler.ScopedHandler.handle(ScopedHandler.java:141)
om_1        | 2019-10-23 20:28:27,092 INFO authorize.ServiceAuthorizationManager: Authorization successful for testuser/scm@EXAMPLE.COM (auth:KERBEROS) for protocol=interface org.apache.hadoop.ozone.om.protocol.OzoneManagerProtocol
scm_1       | 2019-10-23 20:27:03,513 INFO server.SCMBlockProtocolServer: SCM is informed by OM to delete 1 blocks
kdc_1       | ind[15](Notice): Request: kadm5_init, admin/admin@EXAMPLE.COM, success, client=admin/admin@EXAMPLE.COM, service=kadmin/admin@EXAMPLE.COM, addr=127.0.0.1, vers=4, flavor=6
s3g_1       | 	at org.eclipse.jetty.server.handler.HandlerCollection.handle(HandlerCollection.java:119)
om_1        | 2019-10-23 20:28:29,873 INFO ipc.Server: Auth successful for testuser/scm@EXAMPLE.COM (auth:KERBEROS)
scm_1       | 2019-10-23 20:27:03,513 INFO block.BlockManagerImpl: Deleting blocks conID: 6 locID: 103013572653088895 bcsId: 0
kdc_1       | Oct 23 20:22:45 kdc kadmind[15](Notice): Request: kadm5_get_policy, default, Policy does not exist, client=admin/admin@EXAMPLE.COM, service=kadmin/admin@EXAMPLE.COM, addr=127.0.0.1
s3g_1       | 	at org.eclipse.jetty.server.handler.HandlerWrapper.handle(HandlerWrapper.java:134)
om_1        | 2019-10-23 20:28:29,882 INFO authorize.ServiceAuthorizationManager: Authorization successful for testuser/scm@EXAMPLE.COM (auth:KERBEROS) for protocol=interface org.apache.hadoop.ozone.om.protocol.OzoneManagerProtocol
scm_1       | 2019-10-23 20:27:10,917 INFO server.SCMBlockProtocolServer: Allocating 1 blocks of size 268435456, with ExcludeList {datanodes = [], containerIds = [], pipelineIds = []}
kdc_1       | Oct 23 20:22:45 kdc kadmind[15](Notice): Request: kadm5_create_principal, HTTP/s3g@EXAMPLE.COM, success, client=admin/admin@EXAMPLE.COM, service=kadmin/admin@EXAMPLE.COM, addr=127.0.0.1
s3g_1       | 	at org.eclipse.jetty.server.Server.handle(Server.java:539)
om_1        | 2019-10-23 20:28:30,583 [IPC Server handler 18 on 9862] ERROR      - Add acl [user:superuser1:rwxy[ACCESS]] to path /fstest349/bk1 failed, because acl already exist
scm_1       | 2019-10-23 20:27:12,463 INFO ipc.Server: Auth successful for dn/e497f4eb89a1@EXAMPLE.COM (auth:KERBEROS)
kdc_1       | Oct 23 20:22:45 kdc kadmind[15](info): closing down fd 18
s3g_1       | 	at org.eclipse.jetty.server.HttpChannel.handle(HttpChannel.java:333)
om_1        | 2019-10-23 20:28:32,789 INFO ipc.Server: Auth successful for testuser/scm@EXAMPLE.COM (auth:KERBEROS)
scm_1       | 2019-10-23 20:27:12,467 INFO authorize.ServiceAuthorizationManager: Authorization successful for dn/e497f4eb89a1@EXAMPLE.COM (auth:KERBEROS) for protocol=interface org.apache.hadoop.ozone.protocol.StorageContainerDatanodeProtocol
kdc_1       | Oct 23 20:22:45 kdc kadmind[15](Notice): Request: kadm5_init, admin/admin@EXAMPLE.COM, success, client=admin/admin@EXAMPLE.COM, service=kadmin/admin@EXAMPLE.COM, addr=127.0.0.1, vers=4, flavor=6
s3g_1       | 	at org.eclipse.jetty.server.HttpConnection.onFillable(HttpConnection.java:251)
om_1        | 2019-10-23 20:28:32,802 INFO authorize.ServiceAuthorizationManager: Authorization successful for testuser/scm@EXAMPLE.COM (auth:KERBEROS) for protocol=interface org.apache.hadoop.ozone.om.protocol.OzoneManagerProtocol
scm_1       | 2019-10-23 20:27:17,352 INFO ipc.Server: Auth successful for dn/f7b5206dfc8f@EXAMPLE.COM (auth:KERBEROS)
kdc_1       | Entry for principal HTTP/s3g@EXAMPLE.COM with kvno 2, encryption type aes256-cts-hmac-sha1-96 added to keytab WRFILE:/data/HTTP.s3g.keytab.
s3g_1       | 	at org.eclipse.jetty.io.AbstractConnection$ReadCallback.succeeded(AbstractConnection.java:283)
om_1        | 2019-10-23 20:28:35,605 INFO ipc.Server: Auth successful for testuser/scm@EXAMPLE.COM (auth:KERBEROS)
kdc_1       | Entry for principal HTTP/s3g@EXAMPLE.COM with kvno 2, encryption type aes128-cts-hmac-sha1-96 added to keytab WRFILE:/data/HTTP.s3g.keytab.
scm_1       | 2019-10-23 20:27:17,356 INFO authorize.ServiceAuthorizationManager: Authorization successful for dn/f7b5206dfc8f@EXAMPLE.COM (auth:KERBEROS) for protocol=interface org.apache.hadoop.ozone.protocol.StorageContainerDatanodeProtocol
scm_1       | 2019-10-23 20:27:24,636 INFO ipc.Server: Auth successful for dn/1f67add1903d@EXAMPLE.COM (auth:KERBEROS)
om_1        | 2019-10-23 20:28:35,617 INFO authorize.ServiceAuthorizationManager: Authorization successful for testuser/scm@EXAMPLE.COM (auth:KERBEROS) for protocol=interface org.apache.hadoop.ozone.om.protocol.OzoneManagerProtocol
om_1        | 2019-10-23 20:28:38,429 INFO ipc.Server: Auth successful for testuser/scm@EXAMPLE.COM (auth:KERBEROS)
om_1        | 2019-10-23 20:28:38,443 INFO authorize.ServiceAuthorizationManager: Authorization successful for testuser/scm@EXAMPLE.COM (auth:KERBEROS) for protocol=interface org.apache.hadoop.ozone.om.protocol.OzoneManagerProtocol
kdc_1       | Generiting keytab
scm_1       | 2019-10-23 20:27:24,640 INFO authorize.ServiceAuthorizationManager: Authorization successful for dn/1f67add1903d@EXAMPLE.COM (auth:KERBEROS) for protocol=interface org.apache.hadoop.ozone.protocol.StorageContainerDatanodeProtocol
scm_1       | 2019-10-23 20:27:42,465 INFO ipc.Server: Auth successful for dn/e497f4eb89a1@EXAMPLE.COM (auth:KERBEROS)
scm_1       | 2019-10-23 20:27:42,469 INFO authorize.ServiceAuthorizationManager: Authorization successful for dn/e497f4eb89a1@EXAMPLE.COM (auth:KERBEROS) for protocol=interface org.apache.hadoop.ozone.protocol.StorageContainerDatanodeProtocol
kdc_1       | Authenticating as principal admin/admin with keytab /tmp/admin.keytab.
s3g_1       | 	at org.eclipse.jetty.io.FillInterest.fillable(FillInterest.java:108)
s3g_1       | 	at org.eclipse.jetty.io.SelectChannelEndPoint$2.run(SelectChannelEndPoint.java:93)
scm_1       | 2019-10-23 20:27:47,347 INFO ipc.Server: Auth successful for dn/f7b5206dfc8f@EXAMPLE.COM (auth:KERBEROS)
kdc_1       | WARNING: no policy specified for HTTP/1f67add1903d@EXAMPLE.COM; defaulting to no policy
s3g_1       | 	at org.eclipse.jetty.util.thread.strategy.ExecuteProduceConsume.executeProduceConsume(ExecuteProduceConsume.java:303)
s3g_1       | 	at org.eclipse.jetty.util.thread.strategy.ExecuteProduceConsume.produceConsume(ExecuteProduceConsume.java:148)
scm_1       | 2019-10-23 20:27:47,350 INFO authorize.ServiceAuthorizationManager: Authorization successful for dn/f7b5206dfc8f@EXAMPLE.COM (auth:KERBEROS) for protocol=interface org.apache.hadoop.ozone.protocol.StorageContainerDatanodeProtocol
s3g_1       | 	at org.eclipse.jetty.util.thread.strategy.ExecuteProduceConsume.run(ExecuteProduceConsume.java:136)
om_1        | 2019-10-23 20:28:41,130 INFO ipc.Server: Auth successful for testuser/scm@EXAMPLE.COM (auth:KERBEROS)
kdc_1       | Principal "HTTP/1f67add1903d@EXAMPLE.COM" created.
scm_1       | 2019-10-23 20:27:54,641 INFO ipc.Server: Auth successful for dn/1f67add1903d@EXAMPLE.COM (auth:KERBEROS)
s3g_1       | 	at org.eclipse.jetty.util.thread.QueuedThreadPool.runJob(QueuedThreadPool.java:671)
om_1        | 2019-10-23 20:28:41,142 INFO authorize.ServiceAuthorizationManager: Authorization successful for testuser/scm@EXAMPLE.COM (auth:KERBEROS) for protocol=interface org.apache.hadoop.ozone.om.protocol.OzoneManagerProtocol
kdc_1       | Authenticating as principal admin/admin with keytab /tmp/admin.keytab.
scm_1       | 2019-10-23 20:27:54,644 INFO authorize.ServiceAuthorizationManager: Authorization successful for dn/1f67add1903d@EXAMPLE.COM (auth:KERBEROS) for protocol=interface org.apache.hadoop.ozone.protocol.StorageContainerDatanodeProtocol
s3g_1       | 	at org.eclipse.jetty.util.thread.QueuedThreadPool$2.run(QueuedThreadPool.java:589)
om_1        | 2019-10-23 20:28:43,990 INFO ipc.Server: Auth successful for testuser/scm@EXAMPLE.COM (auth:KERBEROS)
kdc_1       | Entry for principal HTTP/1f67add1903d@EXAMPLE.COM with kvno 2, encryption type aes256-cts-hmac-sha1-96 added to keytab WRFILE:/data/HTTP.1f67add1903d.keytab.
scm_1       | 2019-10-23 20:28:03,224 INFO container.ReplicationManager: Starting Replication Monitor Thread.
om_1        | 2019-10-23 20:28:44,006 INFO authorize.ServiceAuthorizationManager: Authorization successful for testuser/scm@EXAMPLE.COM (auth:KERBEROS) for protocol=interface org.apache.hadoop.ozone.om.protocol.OzoneManagerProtocol
kdc_1       | Entry for principal HTTP/1f67add1903d@EXAMPLE.COM with kvno 2, encryption type aes128-cts-hmac-sha1-96 added to keytab WRFILE:/data/HTTP.1f67add1903d.keytab.
scm_1       | 2019-10-23 20:28:03,234 INFO container.ReplicationManager: Replication Monitor Thread took 8 milliseconds for processing 7 containers.
om_1        | 2019-10-23 20:28:46,938 INFO ipc.Server: Auth successful for testuser/scm@EXAMPLE.COM (auth:KERBEROS)
s3g_1       | 	at java.base/java.lang.Thread.run(Thread.java:834)
kdc_1       | Generiting keytab
scm_1       | 2019-10-23 20:28:03,559 INFO ipc.Server: Auth successful for om/om@EXAMPLE.COM (auth:KERBEROS)
om_1        | 2019-10-23 20:28:46,950 INFO authorize.ServiceAuthorizationManager: Authorization successful for testuser/scm@EXAMPLE.COM (auth:KERBEROS) for protocol=interface org.apache.hadoop.ozone.om.protocol.OzoneManagerProtocol
s3g_1       | Caused by: java.io.IOException: Couldn't create RpcClient protocol
kdc_1       | Authenticating as principal admin/admin with keytab /tmp/admin.keytab.
scm_1       | 2019-10-23 20:28:03,561 INFO authorize.ServiceAuthorizationManager: Authorization successful for om/om@EXAMPLE.COM (auth:KERBEROS) for protocol=interface org.apache.hadoop.hdds.scm.protocol.ScmBlockLocationProtocol
om_1        | 2019-10-23 20:28:51,627 INFO ipc.Server: Auth successful for testuser/scm@EXAMPLE.COM (auth:KERBEROS)
s3g_1       | 	at org.apache.hadoop.ozone.client.OzoneClientFactory.getClientProtocol(OzoneClientFactory.java:263)
kdc_1       | WARNING: no policy specified for HTTP/scm@EXAMPLE.COM; defaulting to no policy
scm_1       | 2019-10-23 20:28:03,562 INFO server.SCMBlockProtocolServer: SCM is informed by OM to delete 1 blocks
om_1        | 2019-10-23 20:28:51,642 INFO authorize.ServiceAuthorizationManager: Authorization successful for testuser/scm@EXAMPLE.COM (auth:KERBEROS) for protocol=interface org.apache.hadoop.ozone.om.protocol.OzoneManagerProtocol
s3g_1       | 	at org.apache.hadoop.ozone.client.OzoneClientFactory.getClientProtocol(OzoneClientFactory.java:239)
kdc_1       | Principal "HTTP/scm@EXAMPLE.COM" created.
om_1        | 2019-10-23 20:28:54,615 INFO ipc.Server: Auth successful for testuser/scm@EXAMPLE.COM (auth:KERBEROS)
s3g_1       | 	at org.apache.hadoop.ozone.client.OzoneClientFactory.getClient(OzoneClientFactory.java:75)
kdc_1       | Authenticating as principal admin/admin with keytab /tmp/admin.keytab.
scm_1       | 2019-10-23 20:28:03,562 INFO block.BlockManagerImpl: Deleting blocks conID: 7 locID: 103013576272642176 bcsId: 0
om_1        | 2019-10-23 20:28:54,631 INFO authorize.ServiceAuthorizationManager: Authorization successful for testuser/scm@EXAMPLE.COM (auth:KERBEROS) for protocol=interface org.apache.hadoop.ozone.om.protocol.OzoneManagerProtocol
s3g_1       | 	at org.apache.hadoop.ozone.s3.OzoneClientProducer.getClient(OzoneClientProducer.java:114)
kdc_1       | Entry for principal HTTP/scm@EXAMPLE.COM with kvno 2, encryption type aes256-cts-hmac-sha1-96 added to keytab WRFILE:/data/HTTP.scm.keytab.
scm_1       | 2019-10-23 20:28:12,466 INFO ipc.Server: Auth successful for dn/e497f4eb89a1@EXAMPLE.COM (auth:KERBEROS)
om_1        | 2019-10-23 20:28:57,390 INFO ipc.Server: Auth successful for testuser/scm@EXAMPLE.COM (auth:KERBEROS)
s3g_1       | 	at org.apache.hadoop.ozone.s3.OzoneClientProducer.createClient(OzoneClientProducer.java:71)
kdc_1       | Entry for principal HTTP/scm@EXAMPLE.COM with kvno 2, encryption type aes128-cts-hmac-sha1-96 added to keytab WRFILE:/data/HTTP.scm.keytab.
scm_1       | 2019-10-23 20:28:12,469 INFO authorize.ServiceAuthorizationManager: Authorization successful for dn/e497f4eb89a1@EXAMPLE.COM (auth:KERBEROS) for protocol=interface org.apache.hadoop.ozone.protocol.StorageContainerDatanodeProtocol
om_1        | 2019-10-23 20:28:57,403 INFO authorize.ServiceAuthorizationManager: Authorization successful for testuser/scm@EXAMPLE.COM (auth:KERBEROS) for protocol=interface org.apache.hadoop.ozone.om.protocol.OzoneManagerProtocol
s3g_1       | 	at java.base/jdk.internal.reflect.NativeMethodAccessorImpl.invoke0(Native Method)
kdc_1       | Generiting keytab
scm_1       | 2019-10-23 20:28:17,356 INFO ipc.Server: Auth successful for dn/f7b5206dfc8f@EXAMPLE.COM (auth:KERBEROS)
s3g_1       | 	at java.base/jdk.internal.reflect.NativeMethodAccessorImpl.invoke(NativeMethodAccessorImpl.java:62)
kdc_1       | Authenticating as principal admin/admin with keytab /tmp/admin.keytab.
scm_1       | 2019-10-23 20:28:17,359 INFO authorize.ServiceAuthorizationManager: Authorization successful for dn/f7b5206dfc8f@EXAMPLE.COM (auth:KERBEROS) for protocol=interface org.apache.hadoop.ozone.protocol.StorageContainerDatanodeProtocol
kdc_1       | WARNING: no policy specified for testuser/e497f4eb89a1@EXAMPLE.COM; defaulting to no policy
kdc_1       | Principal "testuser/e497f4eb89a1@EXAMPLE.COM" created.
kdc_1       | Authenticating as principal admin/admin with keytab /tmp/admin.keytab.
scm_1       | 2019-10-23 20:28:24,641 INFO ipc.Server: Auth successful for dn/1f67add1903d@EXAMPLE.COM (auth:KERBEROS)
kdc_1       | Entry for principal testuser/e497f4eb89a1@EXAMPLE.COM with kvno 2, encryption type aes256-cts-hmac-sha1-96 added to keytab WRFILE:/data/testuser.e497f4eb89a1.keytab.
scm_1       | 2019-10-23 20:28:24,643 INFO authorize.ServiceAuthorizationManager: Authorization successful for dn/1f67add1903d@EXAMPLE.COM (auth:KERBEROS) for protocol=interface org.apache.hadoop.ozone.protocol.StorageContainerDatanodeProtocol
scm_1       | 2019-10-23 20:28:42,471 INFO ipc.Server: Auth successful for dn/e497f4eb89a1@EXAMPLE.COM (auth:KERBEROS)
om_1        | 2019-10-23 20:29:00,027 INFO ipc.Server: Auth successful for testuser/scm@EXAMPLE.COM (auth:KERBEROS)
kdc_1       | Entry for principal testuser/e497f4eb89a1@EXAMPLE.COM with kvno 2, encryption type aes128-cts-hmac-sha1-96 added to keytab WRFILE:/data/testuser.e497f4eb89a1.keytab.
