datanode_1  | 2019-10-23 19:58:29,439 INFO server.RaftServerConfigKeys: raft.server.log.appender.buffer.byte-limit = 33554432 (custom)
datanode_3  | 2019-10-23 19:58:30,253 INFO server.GrpcService: raft.grpc.flow.control.window = 1MB (=1048576) (default)
nm_1        | 2019-10-23 19:58:28 INFO  NMLogAggregationStatusTracker:89 - the rolling interval seconds for the NodeManager Cached Log aggregation status is 600
datanode_2  | 2019-10-23 19:58:28,377 INFO server.GrpcService: raft.grpc.message.size.max = 33570816 (custom)
s3g_1       | 2019-10-23 19:58:31,668 INFO server.Server: Started @4288ms
om_1        | 2019-10-23 19:58:36,684 [main] INFO       - STARTUP_MSG: 
rm_1        | STARTUP_MSG:   build = https://github.com/apache/hadoop.git -r 1019dde65bcf12e05ef48ac71e84550d589e5d9a; compiled by 'sunilg' on 2019-01-29T01:39Z
scm_1       | ************************************************************/
datanode_1  | 2019-10-23 19:58:29,440 INFO server.GrpcService: raft.grpc.flow.control.window = 1MB (=1048576) (default)
datanode_3  | 2019-10-23 19:58:30,254 INFO server.RaftServerConfigKeys: raft.server.rpc.request.timeout = 3000ms (default)
nm_1        | 2019-10-23 19:58:28 INFO  AsyncDispatcher:223 - Registering class org.apache.hadoop.yarn.server.nodemanager.ContainerManagerEventType for class org.apache.hadoop.yarn.server.nodemanager.containermanager.ContainerManagerImpl
datanode_2  | 2019-10-23 19:58:28,379 INFO server.RaftServerConfigKeys: raft.server.log.appender.buffer.byte-limit = 33554432 (custom)
om_1        | /************************************************************
s3g_1       | 2019-10-23 19:58:31,671 INFO server.BaseHttpServer: HTTP server of S3GATEWAY is listening at http://0.0.0.0:9878
rm_1        | STARTUP_MSG:   java = 1.8.0_181
datanode_1  | 2019-10-23 19:58:29,441 INFO server.RaftServerConfigKeys: raft.server.rpc.request.timeout = 3000ms (default)
datanode_3  | 2019-10-23 19:58:30,426 INFO server.RaftServerConfigKeys: raft.server.storage.dir = [/data/metadata/ratis] (custom)
datanode_2  | 2019-10-23 19:58:28,380 INFO server.GrpcService: raft.grpc.flow.control.window = 1MB (=1048576) (default)
nm_1        | 2019-10-23 19:58:28 INFO  AsyncDispatcher:223 - Registering class org.apache.hadoop.yarn.server.nodemanager.NodeManagerEventType for class org.apache.hadoop.yarn.server.nodemanager.NodeManager
scm_1       | 2019-10-23 19:58:29,960 INFO server.StorageContainerManagerStarter: registered UNIX signal handlers for [TERM, HUP, INT]
om_1        | STARTUP_MSG: Starting OzoneManager
datanode_1  | 2019-10-23 19:58:29,588 INFO server.RaftServerConfigKeys: raft.server.storage.dir = [/data/metadata/ratis] (custom)
datanode_3  | 2019-10-23 19:58:30,602 INFO hdfs.DFSUtil: Starting Web-server for hddsDatanode at: http://0.0.0.0:9882
datanode_2  | 2019-10-23 19:58:28,380 INFO server.RaftServerConfigKeys: raft.server.rpc.request.timeout = 3000ms (default)
nm_1        | 2019-10-23 19:58:28 INFO  FluentPropertyBeanIntrospector:147 - Error when creating PropertyDescriptor for public final void org.apache.commons.configuration2.AbstractConfiguration.setProperty(java.lang.String,java.lang.Object)! Ignoring this property.
scm_1       | 2019-10-23 19:58:30,177 WARN server.ServerUtils: ozone.scm.db.dirs is not configured. We recommend adding this setting. Falling back to ozone.metadata.dirs instead.
om_1        | STARTUP_MSG:   host = om/172.18.0.2
rm_1        | ************************************************************/
datanode_1  | 2019-10-23 19:58:29,778 INFO hdfs.DFSUtil: Starting Web-server for hddsDatanode at: http://0.0.0.0:9882
datanode_3  | 2019-10-23 19:58:30,640 INFO util.log: Logging initialized @3219ms
datanode_2  | 2019-10-23 19:58:28,566 INFO server.RaftServerConfigKeys: raft.server.storage.dir = [/data/metadata/ratis] (custom)
nm_1        | 2019-10-23 19:58:28 INFO  MetricsConfig:121 - loaded properties from hadoop-metrics2.properties
scm_1       | 2019-10-23 19:58:30,189 WARN server.ServerUtils: ozone.scm.db.dirs is not configured. We recommend adding this setting. Falling back to ozone.metadata.dirs instead.
om_1        | STARTUP_MSG:   args = []
rm_1        | 2019-10-23 19:58:27 INFO  ResourceManager:49 - registered UNIX signal handlers for [TERM, HUP, INT]
datanode_1  | 2019-10-23 19:58:29,804 INFO util.log: Logging initialized @3112ms
datanode_3  | 2019-10-23 19:58:30,740 INFO server.AuthenticationFilter: Unable to initialize FileSignerSecretProvider, falling back to use random secrets.
datanode_2  | 2019-10-23 19:58:28,748 INFO hdfs.DFSUtil: Starting Web-server for hddsDatanode at: http://0.0.0.0:9882
nm_1        | 2019-10-23 19:58:28 INFO  MetricsSystemImpl:374 - Scheduled Metric snapshot period at 10 second(s).
om_1        | STARTUP_MSG:   version = 3.2.0
scm_1       | 2019-10-23 19:58:30,223 INFO util.log: Logging initialized @1226ms
rm_1        | 2019-10-23 19:58:27 INFO  Configuration:2755 - found resource core-site.xml at file:/opt/hadoop/etc/hadoop/core-site.xml
datanode_1  | 2019-10-23 19:58:29,910 INFO server.AuthenticationFilter: Unable to initialize FileSignerSecretProvider, falling back to use random secrets.
datanode_3  | 2019-10-23 19:58:30,744 INFO http.HttpRequestLog: Http request log for http.requests.hddsDatanode is not defined
datanode_2  | 2019-10-23 19:58:28,781 INFO util.log: Logging initialized @3063ms
nm_1        | 2019-10-23 19:58:28 INFO  MetricsSystemImpl:191 - NodeManager metrics system started
rm_1        | 2019-10-23 19:58:27 INFO  Configuration:2752 - resource-types.xml not found
scm_1       | 2019-10-23 19:58:30,341 INFO db.DBStoreBuilder: using custom profile for table: deletedBlocks
om_1        | STARTUP_MSG:   classpath = /etc/hadoop:/opt/hadoop/share/hadoop/common/*:/opt/hadoop/share/ozone/lib/kerb-simplekdc-1.0.1.jar:/opt/hadoop/share/ozone/lib/protobuf-java-2.5.0.jar:/opt/hadoop/share/ozone/lib/bcpkix-jdk15on-1.60.jar:/opt/hadoop/share/ozone/lib/sqlite-jdbc-3.25.2.jar:/opt/hadoop/share/ozone/lib/netty-3.10.5.Final.jar:/opt/hadoop/share/ozone/lib/commons-validator-1.6.jar:/opt/hadoop/share/ozone/lib/jaxb-impl-2.3.0.1.jar:/opt/hadoop/share/ozone/lib/kerb-core-1.0.1.jar:/opt/hadoop/share/ozone/lib/hadoop-ozone-common-0.5.0-SNAPSHOT.jar:/opt/hadoop/share/ozone/lib/ratis-thirdparty-misc-0.2.0.jar:/opt/hadoop/share/ozone/lib/jsr305-3.0.0.jar:/opt/hadoop/share/ozone/lib/leveldbjni-all-1.8.jar:/opt/hadoop/share/ozone/lib/htrace-core4-4.1.0-incubating.jar:/opt/hadoop/share/ozone/lib/hadoop-annotations-3.2.0.jar:/opt/hadoop/share/ozone/lib/hadoop-hdds-tools-0.5.0-SNAPSHOT.jar:/opt/hadoop/share/ozone/lib/kerb-util-1.0.1.jar:/opt/hadoop/share/ozone/lib/jackson-jaxrs-1.9.13.jar:/opt/hadoop/share/ozone/lib/kerby-xdr-1.0.1.jar:/opt/hadoop/share/ozone/lib/jetty-webapp-9.3.25.v20180904.jar:/opt/hadoop/share/ozone/lib/jackson-core-asl-1.9.13.jar:/opt/hadoop/share/ozone/lib/commons-net-3.6.jar:/opt/hadoop/share/ozone/lib/log4j-api-2.11.0.jar:/opt/hadoop/share/ozone/lib/netty-all-4.0.52.Final.jar:/opt/hadoop/share/ozone/lib/hadoop-hdfs-3.2.0.jar:/opt/hadoop/share/ozone/lib/jline-0.9.94.jar:/opt/hadoop/share/ozone/lib/opentracing-api-0.31.0.jar:/opt/hadoop/share/ozone/lib/hadoop-hdds-server-framework-0.5.0-SNAPSHOT.jar:/opt/hadoop/share/ozone/lib/slf4j-log4j12-1.7.25.jar:/opt/hadoop/share/ozone/lib/hadoop-hdfs-client-3.2.0.jar:/opt/hadoop/share/ozone/lib/kerby-config-1.0.1.jar:/opt/hadoop/share/ozone/lib/jetty-util-9.3.25.v20180904.jar:/opt/hadoop/share/ozone/lib/libthrift-0.12.0.jar:/opt/hadoop/share/ozone/lib/metrics-core-3.2.4.jar:/opt/hadoop/share/ozone/lib/kerby-pkix-1.0.1.jar:/opt/hadoop/share/ozone/lib/xz-1.0.jar:/opt/hadoop/share/ozone/lib/hadoop-hdds-config-0.5.0-SNAPSHOT.jar:/opt/hadoop/share/ozone/lib/nimbus-jose-jwt-4.41.1.jar:/opt/hadoop/share/ozone/lib/ratis-server-0.5.0-ced7dbf-SNAPSHOT.jar:/opt/hadoop/share/ozone/lib/jsr311-api-1.1.1.jar:/opt/hadoop/share/ozone/lib/commons-beanutils-1.9.4.jar:/opt/hadoop/share/ozone/lib/javax.servlet-api-3.1.0.jar:/opt/hadoop/share/ozone/lib/kerb-server-1.0.1.jar:/opt/hadoop/share/ozone/lib/zookeeper-3.4.13.jar:/opt/hadoop/share/ozone/lib/ratis-common-0.5.0-ced7dbf-SNAPSHOT.jar:/opt/hadoop/share/ozone/lib/avro-1.7.7.jar:/opt/hadoop/share/ozone/lib/kerb-client-1.0.1.jar:/opt/hadoop/share/ozone/lib/jackson-xc-1.9.13.jar:/opt/hadoop/share/ozone/lib/disruptor-3.4.2.jar:/opt/hadoop/share/ozone/lib/guava-11.0.2.jar:/opt/hadoop/share/ozone/lib/hadoop-hdds-common-0.5.0-SNAPSHOT.jar:/opt/hadoop/share/ozone/lib/curator-framework-2.12.0.jar:/opt/hadoop/share/ozone/lib/ratis-client-0.5.0-ced7dbf-SNAPSHOT.jar:/opt/hadoop/share/ozone/lib/dnsjava-2.1.7.jar:/opt/hadoop/share/ozone/lib/commons-configuration2-2.1.1.jar:/opt/hadoop/share/ozone/lib/json-smart-2.3.jar:/opt/hadoop/share/ozone/lib/token-provider-1.0.1.jar:/opt/hadoop/share/ozone/lib/log4j-1.2.17.jar:/opt/hadoop/share/ozone/lib/commons-daemon-1.0.13.jar:/opt/hadoop/share/ozone/lib/ratis-netty-0.5.0-ced7dbf-SNAPSHOT.jar:/opt/hadoop/share/ozone/lib/ratis-grpc-0.5.0-ced7dbf-SNAPSHOT.jar:/opt/hadoop/share/ozone/lib/bcprov-jdk15on-1.60.jar:/opt/hadoop/share/ozone/lib/commons-lang3-3.7.jar:/opt/hadoop/share/ozone/lib/commons-compress-1.4.1.jar:/opt/hadoop/share/ozone/lib/jaeger-client-0.34.0.jar:/opt/hadoop/share/ozone/lib/jetty-server-9.3.25.v20180904.jar:/opt/hadoop/share/ozone/lib/accessors-smart-1.2.jar:/opt/hadoop/share/ozone/lib/re2j-1.1.jar:/opt/hadoop/share/ozone/lib/curator-recipes-2.12.0.jar:/opt/hadoop/share/ozone/lib/jackson-core-2.9.9.jar:/opt/hadoop/share/ozone/lib/commons-math3-3.1.1.jar:/opt/hadoop/share/ozone/lib/opentracing-noop-0.31.0.jar:/opt/hadoop/share/ozone/lib/httpclient-4.5.2.jar:/opt/hadoop/share/ozone/lib/jaeger-core-0.34.0.jar:/opt/hadoop/share/ozone/lib/asm-5.0.4.jar:/opt/hadoop/share/ozone/lib/curator-client-2.12.0.jar:/opt/hadoop/share/ozone/lib/audience-annotations-0.5.0.jar:/opt/hadoop/share/ozone/lib/kerby-util-1.0.1.jar:/opt/hadoop/share/ozone/lib/ratis-proto-0.5.0-ced7dbf-SNAPSHOT.jar:/opt/hadoop/share/ozone/lib/jackson-mapper-asl-1.9.13.jar:/opt/hadoop/share/ozone/lib/rocksdbjni-6.0.1.jar:/opt/hadoop/share/ozone/lib/jsp-api-2.1.jar:/opt/hadoop/share/ozone/lib/jsch-0.1.54.jar:/opt/hadoop/share/ozone/lib/opentracing-tracerresolver-0.1.5.jar:/opt/hadoop/share/ozone/lib/paranamer-2.3.jar:/opt/hadoop/share/ozone/lib/log4j-core-2.11.0.jar:/opt/hadoop/share/ozone/lib/jetty-io-9.3.25.v20180904.jar:/opt/hadoop/share/ozone/lib/jetty-xml-9.3.25.v20180904.jar:/opt/hadoop/share/ozone/lib/commons-codec-1.11.jar:/opt/hadoop/share/ozone/lib/commons-pool2-2.6.0.jar:/opt/hadoop/share/ozone/lib/gson-2.2.4.jar:/opt/hadoop/share/ozone/lib/jcip-annotations-1.0-1.jar:/opt/hadoop/share/ozone/lib/kerb-admin-1.0.1.jar:/opt/hadoop/share/ozone/lib/okio-1.13.0.jar:/opt/hadoop/share/ozone/lib/commons-io-2.5.jar:/opt/hadoop/share/ozone/lib/snakeyaml-1.16.jar:/opt/hadoop/share/ozone/lib/hadoop-ozone-client-0.5.0-SNAPSHOT.jar:/opt/hadoop/share/ozone/lib/jersey-core-1.19.jar:/opt/hadoop/share/ozone/lib/jackson-databind-2.9.9.jar:/opt/hadoop/share/ozone/lib/hadoop-hdds-container-service-0.5.0-SNAPSHOT.jar:/opt/hadoop/share/ozone/lib/ratis-metrics-0.5.0-ced7dbf-SNAPSHOT.jar:/opt/hadoop/share/ozone/lib/picocli-3.9.6.jar:/opt/hadoop/share/ozone/lib/jaeger-thrift-0.34.0.jar:/opt/hadoop/share/ozone/lib/jackson-annotations-2.9.9.jar:/opt/hadoop/share/ozone/lib/commons-cli-1.2.jar:/opt/hadoop/share/ozone/lib/hadoop-hdds-docs-0.5.0-SNAPSHOT.jar:/opt/hadoop/share/ozone/lib/woodstox-core-5.0.3.jar:/opt/hadoop/share/ozone/lib/javax.annotation-api-1.2.jar:/opt/hadoop/share/ozone/lib/snappy-java-1.0.5.jar:/opt/hadoop/share/ozone/lib/jaeger-tracerresolver-0.34.0.jar:/opt/hadoop/share/ozone/lib/jetty-security-9.3.25.v20180904.jar:/opt/hadoop/share/ozone/lib/jetty-http-9.3.25.v20180904.jar:/opt/hadoop/share/ozone/lib/kerby-asn1-1.0.1.jar:/opt/hadoop/share/ozone/lib/okhttp-3.9.0.jar:/opt/hadoop/share/ozone/lib/stax2-api-3.1.4.jar:/opt/hadoop/share/ozone/lib/commons-digester-1.8.1.jar:/opt/hadoop/share/ozone/lib/commons-collections-3.2.2.jar:/opt/hadoop/share/ozone/lib/jettison-1.1.jar:/opt/hadoop/share/ozone/lib/commons-text-1.4.jar:/opt/hadoop/share/ozone/lib/jersey-servlet-1.19.jar:/opt/hadoop/share/ozone/lib/jersey-json-1.19.jar:/opt/hadoop/share/ozone/lib/slf4j-api-1.7.25.jar:/opt/hadoop/share/ozone/lib/jetty-util-ajax-9.3.25.v20180904.jar:/opt/hadoop/share/ozone/lib/commons-logging-1.1.3.jar:/opt/hadoop/share/ozone/lib/hadoop-hdds-client-0.5.0-SNAPSHOT.jar:/opt/hadoop/share/ozone/lib/kerb-identity-1.0.1.jar:/opt/hadoop/share/ozone/lib/opentracing-util-0.31.0.jar:/opt/hadoop/share/ozone/lib/hadoop-common-3.2.0.jar:/opt/hadoop/share/ozone/lib/hadoop-auth-3.2.0.jar:/opt/hadoop/share/ozone/lib/kerb-common-1.0.1.jar:/opt/hadoop/share/ozone/lib/jetty-servlet-9.3.25.v20180904.jar:/opt/hadoop/share/ozone/lib/jersey-server-1.19.jar:/opt/hadoop/share/ozone/lib/kerb-crypto-1.0.1.jar:/opt/hadoop/share/ozone/lib/httpcore-4.4.4.jar:/opt/hadoop/share/ozone/web:/opt/hadoop/share/ozone/lib/hadoop-ozone-ozone-manager-0.5.0-SNAPSHOT.jar
datanode_1  | 2019-10-23 19:58:29,913 INFO http.HttpRequestLog: Http request log for http.requests.hddsDatanode is not defined
datanode_3  | 2019-10-23 19:58:30,751 INFO http.HttpServer2: Added global filter 'safety' (class=org.apache.hadoop.http.HttpServer2$QuotingInputFilter)
datanode_2  | 2019-10-23 19:58:28,909 INFO server.AuthenticationFilter: Unable to initialize FileSignerSecretProvider, falling back to use random secrets.
nm_1        | 2019-10-23 19:58:28 INFO  DirectoryCollection:189 - Disk Validator: yarn.nodemanager.disk-validator is loaded.
rm_1        | 2019-10-23 19:58:27 INFO  ResourceUtils:418 - Unable to find 'resource-types.xml'.
scm_1       | 2019-10-23 19:58:30,341 INFO db.DBStoreBuilder: Using default column profile:DBProfile.DISK for Table:deletedBlocks
datanode_1  | 2019-10-23 19:58:29,920 INFO http.HttpServer2: Added global filter 'safety' (class=org.apache.hadoop.http.HttpServer2$QuotingInputFilter)
om_1        | STARTUP_MSG:   build = https://github.com/apache/hadoop.git -r e97acb3bd8f3befd27418996fa5d4b50bf2e17bf; compiled by 'sunilg' on 2019-01-15T17:34Z
datanode_3  | 2019-10-23 19:58:30,756 INFO http.HttpServer2: Added filter static_user_filter (class=org.apache.hadoop.http.lib.StaticUserWebFilter$StaticUserFilter) to context hddsDatanode
datanode_2  | 2019-10-23 19:58:28,913 INFO http.HttpRequestLog: Http request log for http.requests.hddsDatanode is not defined
nm_1        | 2019-10-23 19:58:28 INFO  DirectoryCollection:189 - Disk Validator: yarn.nodemanager.disk-validator is loaded.
rm_1        | 2019-10-23 19:58:27 INFO  Configuration:2755 - found resource yarn-site.xml at file:/opt/hadoop/etc/hadoop/yarn-site.xml
scm_1       | 2019-10-23 19:58:30,341 INFO db.DBStoreBuilder: using custom profile for table: validCerts
datanode_1  | 2019-10-23 19:58:29,922 INFO http.HttpServer2: Added filter static_user_filter (class=org.apache.hadoop.http.lib.StaticUserWebFilter$StaticUserFilter) to context hddsDatanode
om_1        | STARTUP_MSG:   java = 11.0.3
datanode_3  | 2019-10-23 19:58:30,756 INFO http.HttpServer2: Added filter static_user_filter (class=org.apache.hadoop.http.lib.StaticUserWebFilter$StaticUserFilter) to context static
datanode_2  | 2019-10-23 19:58:28,924 INFO http.HttpServer2: Added global filter 'safety' (class=org.apache.hadoop.http.HttpServer2$QuotingInputFilter)
nm_1        | 2019-10-23 19:58:28 INFO  NodeResourceMonitorImpl:75 -  Using ResourceCalculatorPlugin : org.apache.hadoop.yarn.util.ResourceCalculatorPlugin@59e2d8e3
rm_1        | 2019-10-23 19:58:28 INFO  AsyncDispatcher:223 - Registering class org.apache.hadoop.yarn.server.resourcemanager.RMFatalEventType for class org.apache.hadoop.yarn.server.resourcemanager.ResourceManager$RMFatalEventDispatcher
scm_1       | 2019-10-23 19:58:30,342 INFO db.DBStoreBuilder: Using default column profile:DBProfile.DISK for Table:validCerts
datanode_1  | 2019-10-23 19:58:29,922 INFO http.HttpServer2: Added filter static_user_filter (class=org.apache.hadoop.http.lib.StaticUserWebFilter$StaticUserFilter) to context logs
om_1        | ************************************************************/
datanode_3  | 2019-10-23 19:58:30,756 INFO http.HttpServer2: Added filter static_user_filter (class=org.apache.hadoop.http.lib.StaticUserWebFilter$StaticUserFilter) to context logs
datanode_2  | 2019-10-23 19:58:28,927 INFO http.HttpServer2: Added filter static_user_filter (class=org.apache.hadoop.http.lib.StaticUserWebFilter$StaticUserFilter) to context hddsDatanode
nm_1        | 2019-10-23 19:58:28 INFO  AsyncDispatcher:223 - Registering class org.apache.hadoop.yarn.server.nodemanager.containermanager.loghandler.event.LogHandlerEventType for class org.apache.hadoop.yarn.server.nodemanager.containermanager.loghandler.NonAggregatingLogHandler
rm_1        | 2019-10-23 19:58:28 INFO  NMTokenSecretManagerInRM:75 - NMTokenKeyRollingInterval: 86400000ms and NMTokenKeyActivationDelay: 900000ms
scm_1       | 2019-10-23 19:58:30,342 INFO db.DBStoreBuilder: using custom profile for table: revokedCerts
datanode_1  | 2019-10-23 19:58:29,922 INFO http.HttpServer2: Added filter static_user_filter (class=org.apache.hadoop.http.lib.StaticUserWebFilter$StaticUserFilter) to context static
om_1        | 2019-10-23 19:58:36,698 [main] INFO       - registered UNIX signal handlers for [TERM, HUP, INT]
datanode_3  | 2019-10-23 19:58:30,790 INFO http.HttpServer2: Jetty bound to port 9882
datanode_2  | 2019-10-23 19:58:28,927 INFO http.HttpServer2: Added filter static_user_filter (class=org.apache.hadoop.http.lib.StaticUserWebFilter$StaticUserFilter) to context static
nm_1        | 2019-10-23 19:58:28 INFO  AsyncDispatcher:223 - Registering class org.apache.hadoop.yarn.server.nodemanager.containermanager.localizer.sharedcache.SharedCacheUploadEventType for class org.apache.hadoop.yarn.server.nodemanager.containermanager.localizer.sharedcache.SharedCacheUploadService
rm_1        | 2019-10-23 19:58:28 INFO  RMContainerTokenSecretManager:81 - ContainerTokenKeyRollingInterval: 86400000ms and ContainerTokenKeyActivationDelay: 900000ms
datanode_1  | 2019-10-23 19:58:29,951 INFO http.HttpServer2: Jetty bound to port 9882
scm_1       | 2019-10-23 19:58:30,342 INFO db.DBStoreBuilder: Using default column profile:DBProfile.DISK for Table:revokedCerts
om_1        | 2019-10-23 19:58:37,630 [main] INFO       - Configuration either no ozone.om.address set. Falling back to the default OM address om/172.18.0.2:9862
datanode_3  | 2019-10-23 19:58:30,791 INFO server.Server: jetty-9.3.25.v20180904, build timestamp: 2018-09-04T21:11:46Z, git hash: 3ce520221d0240229c862b122d2b06c12a625732
datanode_2  | 2019-10-23 19:58:28,927 INFO http.HttpServer2: Added filter static_user_filter (class=org.apache.hadoop.http.lib.StaticUserWebFilter$StaticUserFilter) to context logs
nm_1        | 2019-10-23 19:58:28 INFO  ContainerManagerImpl:336 - AMRMProxyService is disabled
rm_1        | 2019-10-23 19:58:28 INFO  AMRMTokenSecretManager:94 - AMRMTokenKeyRollingInterval: 86400000ms and AMRMTokenKeyActivationDelay: 900000 ms
datanode_1  | 2019-10-23 19:58:29,953 INFO server.Server: jetty-9.3.25.v20180904, build timestamp: 2018-09-04T21:11:46Z, git hash: 3ce520221d0240229c862b122d2b06c12a625732
scm_1       | 2019-10-23 19:58:30,351 INFO db.DBStoreBuilder: using custom profile for table: default
om_1        | 2019-10-23 19:58:37,631 [main] INFO       - OM Service ID is not set. Setting it to the default ID: omServiceIdDefault
datanode_3  | 2019-10-23 19:58:30,828 INFO handler.ContextHandler: Started o.e.j.s.ServletContextHandler@6a1d3225{/logs,file:///var/log/hadoop/,AVAILABLE}
datanode_2  | 2019-10-23 19:58:28,963 INFO http.HttpServer2: Jetty bound to port 9882
nm_1        | 2019-10-23 19:58:28 INFO  ResourceLocalizationService:242 - per directory file limit = 8192
rm_1        | 2019-10-23 19:58:28 INFO  AsyncDispatcher:223 - Registering class org.apache.hadoop.yarn.server.resourcemanager.recovery.RMStateStoreEventType for class org.apache.hadoop.yarn.server.resourcemanager.recovery.RMStateStore$ForwardingEventHandler
datanode_1  | 2019-10-23 19:58:29,984 INFO handler.ContextHandler: Started o.e.j.s.ServletContextHandler@1dc3502b{/logs,file:///var/log/hadoop/,AVAILABLE}
scm_1       | 2019-10-23 19:58:30,351 INFO db.DBStoreBuilder: Using default column profile:DBProfile.DISK for Table:default
om_1        | 2019-10-23 19:58:37,635 WARN server.ServerUtils: ozone.om.db.dirs is not configured. We recommend adding this setting. Falling back to ozone.metadata.dirs instead.
datanode_3  | 2019-10-23 19:58:30,829 INFO handler.ContextHandler: Started o.e.j.s.ServletContextHandler@4228bf58{/static,jar:file:/opt/hadoop/share/ozone/lib/hadoop-hdds-container-service-0.5.0-SNAPSHOT.jar!/webapps/static,AVAILABLE}
datanode_2  | 2019-10-23 19:58:28,964 INFO server.Server: jetty-9.3.25.v20180904, build timestamp: 2018-09-04T21:11:46Z, git hash: 3ce520221d0240229c862b122d2b06c12a625732
nm_1        | 2019-10-23 19:58:28 INFO  ResourceLocalizationService:271 - Disk Validator: yarn.nodemanager.disk-validator is loaded.
rm_1        | 2019-10-23 19:58:28 INFO  AsyncDispatcher:223 - Registering class org.apache.hadoop.yarn.server.resourcemanager.NodesListManagerEventType for class org.apache.hadoop.yarn.server.resourcemanager.NodesListManager
datanode_1  | 2019-10-23 19:58:29,985 INFO handler.ContextHandler: Started o.e.j.s.ServletContextHandler@17fa1336{/static,jar:file:/opt/hadoop/share/ozone/lib/hadoop-hdds-container-service-0.5.0-SNAPSHOT.jar!/webapps/static,AVAILABLE}
scm_1       | 2019-10-23 19:58:30,353 INFO db.DBStoreBuilder: Using default options. DBProfile.DISK
om_1        | 2019-10-23 19:58:37,644 WARN server.ServerUtils: ozone.om.db.dirs is not configured. We recommend adding this setting. Falling back to ozone.metadata.dirs instead.
datanode_3  | 2019-10-23 19:58:30,908 INFO handler.ContextHandler: Started o.e.j.w.WebAppContext@64aad809{/,file:///tmp/jetty-0.0.0.0-9882-hddsDatanode-_-any-15902053300072905398.dir/webapp/,AVAILABLE}{/hddsDatanode}
datanode_2  | 2019-10-23 19:58:29,013 INFO handler.ContextHandler: Started o.e.j.s.ServletContextHandler@6c0e13b7{/logs,file:///var/log/hadoop/,AVAILABLE}
nm_1        | 2019-10-23 19:58:28 INFO  AsyncDispatcher:223 - Registering class org.apache.hadoop.yarn.server.nodemanager.containermanager.localizer.event.LocalizerEventType for class org.apache.hadoop.yarn.server.nodemanager.containermanager.localizer.ResourceLocalizationService$LocalizerTracker
rm_1        | 2019-10-23 19:58:28 INFO  ResourceManager:440 - Using Scheduler: org.apache.hadoop.yarn.server.resourcemanager.scheduler.capacity.CapacityScheduler
datanode_1  | 2019-10-23 19:58:30,064 INFO handler.ContextHandler: Started o.e.j.w.WebAppContext@1886991b{/,file:///tmp/jetty-0.0.0.0-9882-hddsDatanode-_-any-14881656323431263097.dir/webapp/,AVAILABLE}{/hddsDatanode}
scm_1       | 2019-10-23 19:58:30,756 INFO net.NodeSchemaLoader: Loading file from java.lang.CompoundEnumeration@1c852c0f
om_1        | 2019-10-23 19:58:38,315 WARN server.ServerUtils: ozone.om.db.dirs is not configured. We recommend adding this setting. Falling back to ozone.metadata.dirs instead.
datanode_3  | 2019-10-23 19:58:30,919 INFO server.AbstractConnector: Started ServerConnector@354e7004{HTTP/1.1,[http/1.1]}{0.0.0.0:9882}
datanode_2  | 2019-10-23 19:58:29,014 INFO handler.ContextHandler: Started o.e.j.s.ServletContextHandler@50fb33a{/static,jar:file:/opt/hadoop/share/ozone/lib/hadoop-hdds-container-service-0.5.0-SNAPSHOT.jar!/webapps/static,AVAILABLE}
nm_1        | 2019-10-23 19:58:28 INFO  AuxServices:103 - Adding auxiliary service mapreduce_shuffle, "mapreduce_shuffle"
rm_1        | 2019-10-23 19:58:28 INFO  AsyncDispatcher:223 - Registering class org.apache.hadoop.yarn.server.resourcemanager.scheduler.event.SchedulerEventType for class org.apache.hadoop.yarn.event.EventDispatcher
datanode_1  | 2019-10-23 19:58:30,078 INFO server.AbstractConnector: Started ServerConnector@4c7e978c{HTTP/1.1,[http/1.1]}{0.0.0.0:9882}
scm_1       | 2019-10-23 19:58:30,758 INFO net.NodeSchemaLoader: Loading network topology layer schema file
om_1        | 2019-10-23 19:58:38,354 INFO util.log: Logging initialized @2547ms
datanode_3  | 2019-10-23 19:58:30,923 INFO server.Server: Started @3504ms
datanode_2  | 2019-10-23 19:58:29,093 INFO handler.ContextHandler: Started o.e.j.w.WebAppContext@24f870ee{/,file:///tmp/jetty-0.0.0.0-9882-hddsDatanode-_-any-3799262411258843486.dir/webapp/,AVAILABLE}{/hddsDatanode}
nm_1        | 2019-10-23 19:58:28 INFO  ContainersMonitorImpl:130 -  Using ResourceCalculatorPlugin : org.apache.hadoop.yarn.util.ResourceCalculatorPlugin@6c2ed0cd
rm_1        | 2019-10-23 19:58:28 INFO  AsyncDispatcher:223 - Registering class org.apache.hadoop.yarn.server.resourcemanager.rmapp.RMAppEventType for class org.apache.hadoop.yarn.server.resourcemanager.ResourceManager$ApplicationEventDispatcher
datanode_1  | 2019-10-23 19:58:30,079 INFO server.Server: Started @3387ms
scm_1       | 2019-10-23 19:58:30,860 INFO node.SCMNodeManager: Entering startup safe mode.
om_1        | 2019-10-23 19:58:38,461 INFO db.DBStoreBuilder: using custom profile for table: userTable
datanode_3  | 2019-10-23 19:58:30,929 INFO impl.MetricsSinkAdapter: Sink prometheus started
datanode_2  | 2019-10-23 19:58:29,112 INFO server.AbstractConnector: Started ServerConnector@3bd6ba24{HTTP/1.1,[http/1.1]}{0.0.0.0:9882}
nm_1        | 2019-10-23 19:58:28 INFO  ContainersMonitorImpl:135 -  Using ResourceCalculatorProcessTree : null
rm_1        | 2019-10-23 19:58:28 INFO  AsyncDispatcher:223 - Registering class org.apache.hadoop.yarn.server.resourcemanager.rmapp.attempt.RMAppAttemptEventType for class org.apache.hadoop.yarn.server.resourcemanager.ResourceManager$ApplicationAttemptEventDispatcher
datanode_1  | 2019-10-23 19:58:30,088 INFO impl.MetricsSinkAdapter: Sink prometheus started
scm_1       | 2019-10-23 19:58:31,010 INFO algorithms.ContainerPlacementPolicyFactory: Create container placement policy of type org.apache.hadoop.hdds.scm.container.placement.algorithms.SCMContainerPlacementRandom
om_1        | 2019-10-23 19:58:38,461 INFO db.DBStoreBuilder: Using default column profile:DBProfile.DISK for Table:userTable
datanode_3  | 2019-10-23 19:58:30,930 INFO impl.MetricsSystemImpl: Registered sink prometheus
datanode_2  | 2019-10-23 19:58:29,112 INFO server.Server: Started @3395ms
nm_1        | 2019-10-23 19:58:28 INFO  ContainersMonitorImpl:176 - Physical memory check enabled: false
rm_1        | 2019-10-23 19:58:28 INFO  AsyncDispatcher:223 - Registering class org.apache.hadoop.yarn.server.resourcemanager.rmnode.RMNodeEventType for class org.apache.hadoop.yarn.server.resourcemanager.ResourceManager$NodeEventDispatcher
datanode_1  | 2019-10-23 19:58:30,088 INFO impl.MetricsSystemImpl: Registered sink prometheus
scm_1       | 2019-10-23 19:58:31,021 WARN server.ServerUtils: ozone.scm.db.dirs is not configured. We recommend adding this setting. Falling back to ozone.metadata.dirs instead.
om_1        | 2019-10-23 19:58:38,461 INFO db.DBStoreBuilder: using custom profile for table: volumeTable
datanode_3  | 2019-10-23 19:58:30,933 INFO server.BaseHttpServer: HTTP server of HDDSDATANODE is listening at http://0.0.0.0:9882
datanode_2  | 2019-10-23 19:58:29,116 INFO impl.MetricsSinkAdapter: Sink prometheus started
nm_1        | 2019-10-23 19:58:28 INFO  ContainersMonitorImpl:177 - Virtual memory check enabled: false
rm_1        | 2019-10-23 19:58:28 INFO  FluentPropertyBeanIntrospector:147 - Error when creating PropertyDescriptor for public final void org.apache.commons.configuration2.AbstractConfiguration.setProperty(java.lang.String,java.lang.Object)! Ignoring this property.
datanode_1  | 2019-10-23 19:58:30,090 INFO server.BaseHttpServer: HTTP server of HDDSDATANODE is listening at http://0.0.0.0:9882
scm_1       | 2019-10-23 19:58:31,176 INFO pipeline.SCMPipelineManager: No pipeline exists in current db
om_1        | 2019-10-23 19:58:38,461 INFO db.DBStoreBuilder: Using default column profile:DBProfile.DISK for Table:volumeTable
datanode_3  | 2019-10-23 19:58:30,957 INFO util.JvmPauseMonitor: Starting JVM pause monitor
datanode_2  | 2019-10-23 19:58:29,116 INFO impl.MetricsSystemImpl: Registered sink prometheus
nm_1        | 2019-10-23 19:58:28 INFO  ContainersMonitorImpl:181 - ContainersMonitor enabled: true
rm_1        | 2019-10-23 19:58:28 INFO  MetricsConfig:121 - loaded properties from hadoop-metrics2.properties
datanode_1  | 2019-10-23 19:58:30,107 INFO util.JvmPauseMonitor: Starting JVM pause monitor
scm_1       | 2019-10-23 19:58:31,186 WARN server.ServerUtils: ozone.scm.db.dirs is not configured. We recommend adding this setting. Falling back to ozone.metadata.dirs instead.
om_1        | 2019-10-23 19:58:38,461 INFO db.DBStoreBuilder: using custom profile for table: bucketTable
datanode_3  | 2019-10-23 19:58:31,207 [Datanode State Machine Thread - 0] INFO       - DatanodeDetails is persisted to /data/metadata/datanode.id
nm_1        | 2019-10-23 19:58:28 INFO  ContainerManagerImpl:394 - Not a recoverable state store. Nothing to recover.
datanode_2  | 2019-10-23 19:58:29,120 INFO server.BaseHttpServer: HTTP server of HDDSDATANODE is listening at http://0.0.0.0:9882
rm_1        | 2019-10-23 19:58:28 INFO  MetricsSystemImpl:374 - Scheduled Metric snapshot period at 10 second(s).
datanode_1  | 2019-10-23 19:58:30,285 [Datanode State Machine Thread - 0] INFO       - DatanodeDetails is persisted to /data/metadata/datanode.id
scm_1       | 2019-10-23 19:58:31,363 WARN events.EventQueue: No event handler registered for event TypedEvent{payloadType=SafeModeStatus, name='SafeModeStatus'}
om_1        | 2019-10-23 19:58:38,461 INFO db.DBStoreBuilder: Using default column profile:DBProfile.DISK for Table:bucketTable
datanode_3  | 2019-10-23 19:58:33,111 [Datanode State Machine Thread - 0] INFO       - Attempting to start container services.
nm_1        | 2019-10-23 19:58:28 INFO  Configuration:2752 - resource-types.xml not found
datanode_2  | 2019-10-23 19:58:29,135 INFO util.JvmPauseMonitor: Starting JVM pause monitor
rm_1        | 2019-10-23 19:58:28 INFO  MetricsSystemImpl:191 - ResourceManager metrics system started
datanode_1  | 2019-10-23 19:58:32,726 [Datanode State Machine Thread - 0] INFO       - Attempting to start container services.
scm_1       | 2019-10-23 19:58:31,849 INFO ipc.CallQueueManager: Using callQueue: class java.util.concurrent.LinkedBlockingQueue, queueCapacity: 1000, scheduler: class org.apache.hadoop.ipc.DefaultRpcScheduler, ipcBackoff: false.
om_1        | 2019-10-23 19:58:38,461 INFO db.DBStoreBuilder: using custom profile for table: keyTable
datanode_3  | 2019-10-23 19:58:33,114 [Datanode State Machine Thread - 0] INFO       - Background container scanner has been disabled.
nm_1        | 2019-10-23 19:58:28 INFO  ResourceUtils:418 - Unable to find 'resource-types.xml'.
datanode_2  | 2019-10-23 19:58:29,319 [Datanode State Machine Thread - 0] INFO       - DatanodeDetails is persisted to /data/metadata/datanode.id
rm_1        | 2019-10-23 19:58:28 INFO  YarnAuthorizationProvider:58 - org.apache.hadoop.yarn.security.ConfiguredYarnAuthorizer is instantiated.
datanode_1  | 2019-10-23 19:58:32,729 [Datanode State Machine Thread - 0] INFO       - Background container scanner has been disabled.
scm_1       | 2019-10-23 19:58:31,868 INFO ipc.Server: Starting Socket Reader #1 for port 9861
datanode_3  | 2019-10-23 19:58:33,114 [Datanode State Machine Thread - 0] INFO       - Starting XceiverServerRatis 543c93fe-8b2e-4371-b350-33c13a9328e9 at port 9858
om_1        | 2019-10-23 19:58:38,461 INFO db.DBStoreBuilder: Using default column profile:DBProfile.DISK for Table:keyTable
nm_1        | 2019-10-23 19:58:28 INFO  Configuration:2752 - node-resources.xml not found
datanode_2  | 2019-10-23 19:58:32,215 INFO ipc.Client: Retrying connect to server: scm/172.18.0.7:9861. Already tried 0 time(s); retry policy is RetryUpToMaximumCountWithFixedSleep(maxRetries=2147483647, sleepTime=1000 MILLISECONDS)
rm_1        | 2019-10-23 19:58:28 INFO  AsyncDispatcher:223 - Registering class org.apache.hadoop.yarn.server.resourcemanager.RMAppManagerEventType for class org.apache.hadoop.yarn.server.resourcemanager.RMAppManager
datanode_1  | 2019-10-23 19:58:32,729 [Datanode State Machine Thread - 0] INFO       - Starting XceiverServerRatis 9194372a-7ee1-4699-bf19-09aa609b83f9 at port 9858
scm_1       | 2019-10-23 19:58:31,894 INFO ipc.CallQueueManager: Using callQueue: class java.util.concurrent.LinkedBlockingQueue, queueCapacity: 1000, scheduler: class org.apache.hadoop.ipc.DefaultRpcScheduler, ipcBackoff: false.
datanode_3  | 2019-10-23 19:58:33,138 INFO impl.RaftServerProxy: 543c93fe-8b2e-4371-b350-33c13a9328e9: start RPC server
om_1        | 2019-10-23 19:58:38,462 INFO db.DBStoreBuilder: using custom profile for table: deletedTable
nm_1        | 2019-10-23 19:58:28 INFO  ResourceUtils:418 - Unable to find 'node-resources.xml'.
datanode_2  | 2019-10-23 19:58:32,726 [Datanode State Machine Thread - 0] INFO       - Attempting to start container services.
rm_1        | 2019-10-23 19:58:28 INFO  AsyncDispatcher:223 - Registering class org.apache.hadoop.yarn.server.resourcemanager.amlauncher.AMLauncherEventType for class org.apache.hadoop.yarn.server.resourcemanager.amlauncher.ApplicationMasterLauncher
datanode_1  | 2019-10-23 19:58:32,750 INFO impl.RaftServerProxy: 9194372a-7ee1-4699-bf19-09aa609b83f9: start RPC server
scm_1       | 2019-10-23 19:58:31,896 INFO ipc.Server: Starting Socket Reader #1 for port 9863
datanode_3  | 2019-10-23 19:58:33,264 INFO server.GrpcService: 543c93fe-8b2e-4371-b350-33c13a9328e9: GrpcService started, listening on 0.0.0.0/0.0.0.0:9858
om_1        | 2019-10-23 19:58:38,462 INFO db.DBStoreBuilder: Using default column profile:DBProfile.DISK for Table:deletedTable
nm_1        | 2019-10-23 19:58:28 INFO  NodeStatusUpdaterImpl:192 - Nodemanager resources is set to: <memory:8192, vCores:8>
datanode_2  | 2019-10-23 19:58:32,729 [Datanode State Machine Thread - 0] INFO       - Background container scanner has been disabled.
rm_1        | 2019-10-23 19:58:28 INFO  RMNMInfo:63 - Registered RMNMInfo MBean
datanode_1  | 2019-10-23 19:58:32,857 INFO server.GrpcService: 9194372a-7ee1-4699-bf19-09aa609b83f9: GrpcService started, listening on 0.0.0.0/0.0.0.0:9858
scm_1       | 2019-10-23 19:58:31,906 INFO ipc.CallQueueManager: Using callQueue: class java.util.concurrent.LinkedBlockingQueue, queueCapacity: 1000, scheduler: class org.apache.hadoop.ipc.DefaultRpcScheduler, ipcBackoff: false.
datanode_3  | WARNING: An illegal reflective access operation has occurred
om_1        | 2019-10-23 19:58:38,462 INFO db.DBStoreBuilder: using custom profile for table: openKeyTable
nm_1        | 2019-10-23 19:58:28 INFO  NodeStatusUpdaterImpl:236 - Initialized nodemanager with : physical-memory=8192 virtual-memory=17204 virtual-cores=8
datanode_2  | 2019-10-23 19:58:32,729 [Datanode State Machine Thread - 0] INFO       - Starting XceiverServerRatis b9139a78-2ca4-4555-b449-bf0d9cb76f00 at port 9858
rm_1        | 2019-10-23 19:58:28 INFO  RMAppLifetimeMonitor:66 - Application lifelime monitor interval set to 3000 ms.
datanode_1  | WARNING: An illegal reflective access operation has occurred
scm_1       | 2019-10-23 19:58:31,906 INFO ipc.Server: Starting Socket Reader #1 for port 9860
datanode_3  | WARNING: Illegal reflective access by org.apache.ratis.thirdparty.com.google.protobuf.UnsafeUtil (file:/opt/hadoop/share/ozone/lib/ratis-thirdparty-misc-0.2.0.jar) to field java.nio.Buffer.address
om_1        | 2019-10-23 19:58:38,462 INFO db.DBStoreBuilder: Using default column profile:DBProfile.DISK for Table:openKeyTable
nm_1        | 2019-10-23 19:58:28 INFO  CallQueueManager:84 - Using callQueue: class java.util.concurrent.LinkedBlockingQueue queueCapacity: 2000 scheduler: class org.apache.hadoop.ipc.DefaultRpcScheduler
datanode_2  | 2019-10-23 19:58:32,748 INFO impl.RaftServerProxy: b9139a78-2ca4-4555-b449-bf0d9cb76f00: start RPC server
rm_1        | 2019-10-23 19:58:28 INFO  HostsFileReader:211 - Refreshing hosts (include/exclude) list
datanode_1  | WARNING: Illegal reflective access by org.apache.ratis.thirdparty.com.google.protobuf.UnsafeUtil (file:/opt/hadoop/share/ozone/lib/ratis-thirdparty-misc-0.2.0.jar) to field java.nio.Buffer.address
scm_1       | 2019-10-23 19:58:31,927 INFO hdfs.DFSUtil: Starting Web-server for scm at: http://0.0.0.0:9876
datanode_3  | WARNING: Please consider reporting this to the maintainers of org.apache.ratis.thirdparty.com.google.protobuf.UnsafeUtil
om_1        | 2019-10-23 19:58:38,462 INFO db.DBStoreBuilder: using custom profile for table: s3Table
nm_1        | 2019-10-23 19:58:28 INFO  Server:1070 - Starting Socket Reader #1 for port 38184
datanode_2  | 2019-10-23 19:58:32,859 INFO server.GrpcService: b9139a78-2ca4-4555-b449-bf0d9cb76f00: GrpcService started, listening on 0.0.0.0/0.0.0.0:9858
rm_1        | 2019-10-23 19:58:28 INFO  Configuration:2755 - found resource capacity-scheduler.xml at file:/opt/hadoop/etc/hadoop/capacity-scheduler.xml
datanode_1  | WARNING: Please consider reporting this to the maintainers of org.apache.ratis.thirdparty.com.google.protobuf.UnsafeUtil
scm_1       | 2019-10-23 19:58:32,099 INFO server.AuthenticationFilter: Unable to initialize FileSignerSecretProvider, falling back to use random secrets.
datanode_3  | WARNING: Use --illegal-access=warn to enable warnings of further illegal reflective access operations
om_1        | 2019-10-23 19:58:38,462 INFO db.DBStoreBuilder: Using default column profile:DBProfile.DISK for Table:s3Table
nm_1        | 2019-10-23 19:58:29 INFO  RpcServerFactoryPBImpl:173 - Adding protocol org.apache.hadoop.yarn.api.ContainerManagementProtocolPB to the server
datanode_2  | WARNING: An illegal reflective access operation has occurred
rm_1        | 2019-10-23 19:58:28 INFO  AbstractYarnScheduler:1371 - Minimum allocation = <memory:1024, vCores:1>
datanode_1  | WARNING: Use --illegal-access=warn to enable warnings of further illegal reflective access operations
datanode_3  | WARNING: All illegal access operations will be denied in a future release
scm_1       | 2019-10-23 19:58:32,121 INFO http.HttpRequestLog: Http request log for http.requests.scm is not defined
om_1        | 2019-10-23 19:58:38,462 INFO db.DBStoreBuilder: using custom profile for table: multipartInfoTable
nm_1        | 2019-10-23 19:58:29 INFO  Server:1310 - IPC Server Responder: starting
datanode_2  | WARNING: Illegal reflective access by org.apache.ratis.thirdparty.com.google.protobuf.UnsafeUtil (file:/opt/hadoop/share/ozone/lib/ratis-thirdparty-misc-0.2.0.jar) to field java.nio.Buffer.address
rm_1        | 2019-10-23 19:58:28 INFO  AbstractYarnScheduler:1383 - Maximum allocation = <memory:8192, vCores:4>
datanode_1  | WARNING: All illegal access operations will be denied in a future release
datanode_3  | 2019-10-23 19:58:35,263 INFO impl.RaftServerProxy: 543c93fe-8b2e-4371-b350-33c13a9328e9: addNew group-0217D7408302:[543c93fe-8b2e-4371-b350-33c13a9328e9:172.18.0.8:9858] returns group-0217D7408302:java.util.concurrent.CompletableFuture@27d1ea50[Not completed]
scm_1       | 2019-10-23 19:58:32,131 INFO http.HttpServer2: Added global filter 'safety' (class=org.apache.hadoop.http.HttpServer2$QuotingInputFilter)
om_1        | 2019-10-23 19:58:38,463 INFO db.DBStoreBuilder: Using default column profile:DBProfile.DISK for Table:multipartInfoTable
nm_1        | 2019-10-23 19:58:29 INFO  Server:1149 - IPC Server listener on 38184: starting
datanode_2  | WARNING: Please consider reporting this to the maintainers of org.apache.ratis.thirdparty.com.google.protobuf.UnsafeUtil
rm_1        | 2019-10-23 19:58:28 INFO  CapacitySchedulerConfiguration:912 - max alloc mb per queue for root is undefined
datanode_1  | 2019-10-23 19:58:34,687 INFO impl.RaftServerProxy: 9194372a-7ee1-4699-bf19-09aa609b83f9: addNew group-FE34C6326C63:[9194372a-7ee1-4699-bf19-09aa609b83f9:172.18.0.6:9858] returns group-FE34C6326C63:java.util.concurrent.CompletableFuture@5ded4776[Not completed]
datanode_3  | 2019-10-23 19:58:35,280 INFO impl.RaftServerImpl: 543c93fe-8b2e-4371-b350-33c13a9328e9: new RaftServerImpl for group-0217D7408302:[543c93fe-8b2e-4371-b350-33c13a9328e9:172.18.0.8:9858] with ContainerStateMachine:uninitialized
scm_1       | 2019-10-23 19:58:32,134 INFO http.HttpServer2: Added filter static_user_filter (class=org.apache.hadoop.http.lib.StaticUserWebFilter$StaticUserFilter) to context scm
om_1        | 2019-10-23 19:58:38,463 INFO db.DBStoreBuilder: using custom profile for table: dTokenTable
nm_1        | 2019-10-23 19:58:29 INFO  NMContainerTokenSecretManager:265 - Updating node address : nm:38184
datanode_2  | WARNING: Use --illegal-access=warn to enable warnings of further illegal reflective access operations
rm_1        | 2019-10-23 19:58:28 INFO  CapacitySchedulerConfiguration:916 - max alloc vcore per queue for root is undefined
datanode_1  | 2019-10-23 19:58:34,702 INFO impl.RaftServerImpl: 9194372a-7ee1-4699-bf19-09aa609b83f9: new RaftServerImpl for group-FE34C6326C63:[9194372a-7ee1-4699-bf19-09aa609b83f9:172.18.0.6:9858] with ContainerStateMachine:uninitialized
datanode_3  | 2019-10-23 19:58:35,281 INFO server.RaftServerConfigKeys: raft.server.rpc.timeout.min = 5s (custom)
scm_1       | 2019-10-23 19:58:32,134 INFO http.HttpServer2: Added filter static_user_filter (class=org.apache.hadoop.http.lib.StaticUserWebFilter$StaticUserFilter) to context static
om_1        | 2019-10-23 19:58:38,463 INFO db.DBStoreBuilder: Using default column profile:DBProfile.DISK for Table:dTokenTable
nm_1        | 2019-10-23 19:58:29 INFO  CallQueueManager:84 - Using callQueue: class java.util.concurrent.LinkedBlockingQueue queueCapacity: 500 scheduler: class org.apache.hadoop.ipc.DefaultRpcScheduler
rm_1        | 2019-10-23 19:58:28 INFO  ParentQueue:151 - root, capacity=1.0, absoluteCapacity=1.0, maxCapacity=1.0, absoluteMaxCapacity=1.0, state=RUNNING, acls=ADMINISTER_QUEUE:*SUBMIT_APP:*, labels=*,
datanode_1  | 2019-10-23 19:58:34,703 INFO server.RaftServerConfigKeys: raft.server.rpc.timeout.min = 5s (custom)
scm_1       | 2019-10-23 19:58:32,134 INFO http.HttpServer2: Added filter static_user_filter (class=org.apache.hadoop.http.lib.StaticUserWebFilter$StaticUserFilter) to context logs
datanode_3  | 2019-10-23 19:58:35,281 INFO server.RaftServerConfigKeys: raft.server.rpc.timeout.max = 5200ms (custom)
datanode_2  | WARNING: All illegal access operations will be denied in a future release
om_1        | 2019-10-23 19:58:38,463 INFO db.DBStoreBuilder: using custom profile for table: s3SecretTable
nm_1        | 2019-10-23 19:58:29 INFO  Server:1070 - Starting Socket Reader #1 for port 8040
rm_1        | , reservationsContinueLooking=true, orderingPolicy=utilization, priority=0
scm_1       | 2019-10-23 19:58:32,165 INFO server.StorageContainerManager: StorageContainerLocationProtocol RPC server is listening at /0.0.0.0:9860
datanode_3  | 2019-10-23 19:58:35,281 INFO server.RaftServerConfigKeys: raft.server.rpcslowness.timeout = 120s (custom)
datanode_1  | 2019-10-23 19:58:34,703 INFO server.RaftServerConfigKeys: raft.server.rpc.timeout.max = 5200ms (custom)
datanode_2  | 2019-10-23 19:58:34,149 INFO impl.RaftServerProxy: b9139a78-2ca4-4555-b449-bf0d9cb76f00: addNew group-935D036585BF:[b9139a78-2ca4-4555-b449-bf0d9cb76f00:172.18.0.3:9858] returns group-935D036585BF:java.util.concurrent.CompletableFuture@6f6a10d0[Not completed]
om_1        | 2019-10-23 19:58:38,463 INFO db.DBStoreBuilder: Using default column profile:DBProfile.DISK for Table:s3SecretTable
nm_1        | 2019-10-23 19:58:29 INFO  RpcServerFactoryPBImpl:173 - Adding protocol org.apache.hadoop.yarn.server.nodemanager.api.LocalizationProtocolPB to the server
scm_1       | 2019-10-23 19:58:32,244 INFO impl.MetricsConfig: Loaded properties from hadoop-metrics2.properties
rm_1        | 2019-10-23 19:58:28 INFO  ParentQueue:114 - Initialized parent-queue root name=root, fullname=root
datanode_3  | 2019-10-23 19:58:35,282 INFO server.RaftServerConfigKeys: raft.server.sleep.deviation.threshold = 300 (default)
datanode_1  | 2019-10-23 19:58:34,704 INFO server.RaftServerConfigKeys: raft.server.rpcslowness.timeout = 120s (custom)
datanode_2  | 2019-10-23 19:58:34,169 INFO impl.RaftServerImpl: b9139a78-2ca4-4555-b449-bf0d9cb76f00: new RaftServerImpl for group-935D036585BF:[b9139a78-2ca4-4555-b449-bf0d9cb76f00:172.18.0.3:9858] with ContainerStateMachine:uninitialized
nm_1        | 2019-10-23 19:58:29 INFO  Server:1310 - IPC Server Responder: starting
om_1        | 2019-10-23 19:58:38,463 INFO db.DBStoreBuilder: using custom profile for table: prefixTable
scm_1       | 2019-10-23 19:58:32,288 INFO impl.MetricsSystemImpl: Scheduled Metric snapshot period at 10 second(s).
rm_1        | 2019-10-23 19:58:28 INFO  CapacitySchedulerConfiguration:912 - max alloc mb per queue for root.default is undefined
datanode_1  | 2019-10-23 19:58:34,704 INFO server.RaftServerConfigKeys: raft.server.sleep.deviation.threshold = 300 (default)
datanode_3  | 2019-10-23 19:58:35,282 INFO server.RaftServerConfigKeys: raft.server.log.appender.install.snapshot.enabled = false (custom)
datanode_2  | 2019-10-23 19:58:34,171 INFO server.RaftServerConfigKeys: raft.server.rpc.timeout.min = 5s (custom)
om_1        | 2019-10-23 19:58:38,463 INFO db.DBStoreBuilder: Using default column profile:DBProfile.DISK for Table:prefixTable
scm_1       | 2019-10-23 19:58:32,288 INFO impl.MetricsSystemImpl: StorageContainerManager metrics system started
nm_1        | 2019-10-23 19:58:29 INFO  Server:1149 - IPC Server listener on 8040: starting
rm_1        | 2019-10-23 19:58:28 INFO  CapacitySchedulerConfiguration:916 - max alloc vcore per queue for root.default is undefined
datanode_1  | 2019-10-23 19:58:34,705 INFO server.RaftServerConfigKeys: raft.server.log.appender.install.snapshot.enabled = false (custom)
datanode_3  | 2019-10-23 19:58:35,288 INFO impl.RaftServerImpl: 543c93fe-8b2e-4371-b350-33c13a9328e9@group-0217D7408302: ConfigurationManager, init=-1: [543c93fe-8b2e-4371-b350-33c13a9328e9:172.18.0.8:9858], old=null, confs=<EMPTY_MAP>
om_1        | 2019-10-23 19:58:38,472 INFO db.DBStoreBuilder: using custom profile for table: default
scm_1       | 2019-10-23 19:58:32,479 INFO server.SCMClientProtocolServer: RPC server for Client  is listening at /0.0.0.0:9860
rm_1        | 2019-10-23 19:58:28 INFO  LeafQueue:289 - Initializing default
nm_1        | 2019-10-23 19:58:29 INFO  ResourceLocalizationService:395 - Localizer started on port 8040
datanode_3  | 2019-10-23 19:58:35,288 INFO server.RaftServerConfigKeys: raft.server.storage.dir = [/data/metadata/ratis] (custom)
datanode_1  | 2019-10-23 19:58:34,710 INFO impl.RaftServerImpl: 9194372a-7ee1-4699-bf19-09aa609b83f9@group-FE34C6326C63: ConfigurationManager, init=-1: [9194372a-7ee1-4699-bf19-09aa609b83f9:172.18.0.6:9858], old=null, confs=<EMPTY_MAP>
datanode_2  | 2019-10-23 19:58:34,171 INFO server.RaftServerConfigKeys: raft.server.rpc.timeout.max = 5200ms (custom)
om_1        | 2019-10-23 19:58:38,472 INFO db.DBStoreBuilder: Using default column profile:DBProfile.DISK for Table:default
rm_1        | capacity = 1.0 [= (float) configuredCapacity / 100 ]
scm_1       | 2019-10-23 19:58:32,479 INFO ipc.Server: IPC Server Responder: starting
nm_1        | 2019-10-23 19:58:29 INFO  IndexCache:47 - IndexCache created with max memory = 10485760
datanode_3  | 2019-10-23 19:58:35,293 INFO server.RaftServerConfigKeys: raft.server.log.corruption.policy = EXCEPTION (default)
datanode_1  | 2019-10-23 19:58:34,711 INFO server.RaftServerConfigKeys: raft.server.storage.dir = [/data/metadata/ratis] (custom)
om_1        | 2019-10-23 19:58:38,473 INFO db.DBStoreBuilder: Using default options. DBProfile.DISK
rm_1        | absoluteCapacity = 1.0 [= parentAbsoluteCapacity * capacity ]
scm_1       | 2019-10-23 19:58:32,480 INFO ipc.Server: IPC Server listener on 9860: starting
datanode_2  | 2019-10-23 19:58:34,171 INFO server.RaftServerConfigKeys: raft.server.rpcslowness.timeout = 120s (custom)
nm_1        | 2019-10-23 19:58:29 INFO  ShuffleHandler:549 - mapreduce_shuffle listening on port 13562
datanode_3  | 2019-10-23 19:58:35,294 INFO storage.RaftStorageDirectory: The storage directory /data/metadata/ratis/54b76d54-ee5b-4be3-b23a-0217d7408302 does not exist. Creating ...
datanode_1  | 2019-10-23 19:58:34,715 INFO server.RaftServerConfigKeys: raft.server.log.corruption.policy = EXCEPTION (default)
om_1        | 2019-10-23 19:58:39,346 INFO ipc.CallQueueManager: Using callQueue: class java.util.concurrent.LinkedBlockingQueue, queueCapacity: 2000, scheduler: class org.apache.hadoop.ipc.DefaultRpcScheduler, ipcBackoff: false.
rm_1        | maxCapacity = 1.0 [= configuredMaxCapacity ]
scm_1       | 2019-10-23 19:58:32,483 INFO server.StorageContainerManager: ScmBlockLocationProtocol RPC server is listening at /0.0.0.0:9863
datanode_2  | 2019-10-23 19:58:34,172 INFO server.RaftServerConfigKeys: raft.server.sleep.deviation.threshold = 300 (default)
nm_1        | 2019-10-23 19:58:29 INFO  ContainerManagerImpl:666 - ContainerManager started at nm/172.18.0.9:38184
datanode_3  | 2019-10-23 19:58:35,322 INFO storage.RaftStorageDirectory: Lock on /data/metadata/ratis/54b76d54-ee5b-4be3-b23a-0217d7408302/in_use.lock acquired by nodename 7@b26d695808ff
datanode_1  | 2019-10-23 19:58:34,716 INFO storage.RaftStorageDirectory: The storage directory /data/metadata/ratis/9c92ee58-fe5c-4b4f-85f5-fe34c6326c63 does not exist. Creating ...
om_1        | 2019-10-23 19:58:39,359 INFO ipc.Server: Starting Socket Reader #1 for port 9862
rm_1        | absoluteMaxCapacity = 1.0 [= 1.0 maximumCapacity undefined, (parentAbsoluteMaxCapacity * maximumCapacity) / 100 otherwise ]
scm_1       | 2019-10-23 19:58:32,484 INFO server.SCMBlockProtocolServer: RPC server for Block Protocol is listening at /0.0.0.0:9863
datanode_2  | 2019-10-23 19:58:34,173 INFO server.RaftServerConfigKeys: raft.server.log.appender.install.snapshot.enabled = false (custom)
