scm_1         | 2019-11-07 08:48:39,718 INFO ipc.Server: Starting Socket Reader #1 for port 9860
datanode_2_1  | 2019-11-07 08:48:44,385 INFO server.RaftServerConfigKeys: raft.server.log.use.memory = false (default)
datanode_1_1  | WARNING: All illegal access operations will be denied in a future release
datanode_3_1  | WARNING: Please consider reporting this to the maintainers of org.apache.ratis.thirdparty.com.google.protobuf.UnsafeUtil
datanode_4_1  | 2019-11-07 08:48:43,808 INFO server.RaftServerConfigKeys: raft.server.rpc.timeout.max = 5200ms (custom)
om_1          | 2019-11-07 08:48:43,464 INFO db.DBStoreBuilder: using custom profile for table: dTokenTable
scm_1         | 2019-11-07 08:48:39,742 INFO hdfs.DFSUtil: Starting Web-server for scm at: http://0.0.0.0:9876
datanode_1_1  | 2019-11-07 08:48:43,260 INFO impl.RaftServerProxy: 1354c5af-5ec0-4bee-99d0-126b5a4f6314: addNew group-B061C5F3C316:[1354c5af-5ec0-4bee-99d0-126b5a4f6314:10.5.0.4:9858] returns group-B061C5F3C316:java.util.concurrent.CompletableFuture@16c9ccbf[Not completed]
datanode_3_1  | WARNING: Use --illegal-access=warn to enable warnings of further illegal reflective access operations
datanode_2_1  | 2019-11-07 08:48:44,389 INFO server.RaftServerConfigKeys: raft.server.log.purge.gap = 1000000 (custom)
om_1          | 2019-11-07 08:48:43,464 INFO db.DBStoreBuilder: Using default column profile:DBProfile.DISK for Table:dTokenTable
scm_1         | 2019-11-07 08:48:39,916 INFO server.AuthenticationFilter: Unable to initialize FileSignerSecretProvider, falling back to use random secrets.
datanode_1_1  | 2019-11-07 08:48:43,278 INFO impl.RaftServerImpl: 1354c5af-5ec0-4bee-99d0-126b5a4f6314: new RaftServerImpl for group-B061C5F3C316:[1354c5af-5ec0-4bee-99d0-126b5a4f6314:10.5.0.4:9858] with ContainerStateMachine:uninitialized
datanode_3_1  | WARNING: All illegal access operations will be denied in a future release
datanode_4_1  | 2019-11-07 08:48:43,808 INFO server.RaftServerConfigKeys: raft.server.rpcslowness.timeout = 120s (custom)
datanode_2_1  | 2019-11-07 08:48:44,390 INFO server.RaftServerConfigKeys: raft.server.log.appender.buffer.byte-limit = 33554432 (custom)
om_1          | 2019-11-07 08:48:43,465 INFO db.DBStoreBuilder: using custom profile for table: s3SecretTable
scm_1         | 2019-11-07 08:48:39,930 INFO http.HttpRequestLog: Http request log for http.requests.scm is not defined
datanode_1_1  | 2019-11-07 08:48:43,279 INFO server.RaftServerConfigKeys: raft.server.rpc.timeout.min = 5s (custom)
datanode_3_1  | 2019-11-07 08:48:44,746 INFO impl.RaftServerProxy: 8eb0784a-a7f7-49c0-b92b-e4c94bf48b56: addNew group-6C0AC02D36C1:[8eb0784a-a7f7-49c0-b92b-e4c94bf48b56:10.5.0.6:9858] returns group-6C0AC02D36C1:java.util.concurrent.CompletableFuture@2e6f5570[Not completed]
datanode_4_1  | 2019-11-07 08:48:43,809 INFO server.RaftServerConfigKeys: raft.server.sleep.deviation.threshold = 300 (default)
datanode_2_1  | 2019-11-07 08:48:44,391 INFO server.RaftServerConfigKeys: raft.server.log.segment.size.max = 1048576 (custom)
om_1          | 2019-11-07 08:48:43,465 INFO db.DBStoreBuilder: Using default column profile:DBProfile.DISK for Table:s3SecretTable
scm_1         | 2019-11-07 08:48:39,943 INFO http.HttpServer2: Added global filter 'safety' (class=org.apache.hadoop.http.HttpServer2$QuotingInputFilter)
datanode_1_1  | 2019-11-07 08:48:43,280 INFO server.RaftServerConfigKeys: raft.server.rpc.timeout.max = 5200ms (custom)
datanode_3_1  | 2019-11-07 08:48:44,759 INFO impl.RaftServerImpl: 8eb0784a-a7f7-49c0-b92b-e4c94bf48b56: new RaftServerImpl for group-6C0AC02D36C1:[8eb0784a-a7f7-49c0-b92b-e4c94bf48b56:10.5.0.6:9858] with ContainerStateMachine:uninitialized
datanode_4_1  | 2019-11-07 08:48:43,809 INFO server.RaftServerConfigKeys: raft.server.log.appender.install.snapshot.enabled = false (custom)
datanode_2_1  | 2019-11-07 08:48:44,396 INFO metrics.MetricRegistries: Loaded MetricRegistries class org.apache.ratis.metrics.impl.MetricRegistriesImpl
datanode_1_1  | 2019-11-07 08:48:43,280 INFO server.RaftServerConfigKeys: raft.server.rpcslowness.timeout = 120s (custom)
scm_1         | 2019-11-07 08:48:39,947 INFO http.HttpServer2: Added filter static_user_filter (class=org.apache.hadoop.http.lib.StaticUserWebFilter$StaticUserFilter) to context scm
om_1          | 2019-11-07 08:48:43,465 INFO db.DBStoreBuilder: using custom profile for table: prefixTable
datanode_3_1  | 2019-11-07 08:48:44,760 INFO server.RaftServerConfigKeys: raft.server.rpc.timeout.min = 5s (custom)
datanode_4_1  | 2019-11-07 08:48:43,814 INFO impl.RaftServerImpl: 9abccbc1-0a8c-426e-9a38-c1c97c2f1bf0@group-A1DD29A8AC5D: ConfigurationManager, init=-1: [9abccbc1-0a8c-426e-9a38-c1c97c2f1bf0:10.5.0.7:9858], old=null, confs=<EMPTY_MAP>
datanode_2_1  | 2019-11-07 08:48:44,399 WARN impl.MetricRegistriesImpl: First MetricRegistry has been created without registering reporters. You may need to call MetricRegistries.global().addReportRegistration(...) before.
datanode_1_1  | 2019-11-07 08:48:43,280 INFO server.RaftServerConfigKeys: raft.server.sleep.deviation.threshold = 300 (default)
scm_1         | 2019-11-07 08:48:39,947 INFO http.HttpServer2: Added filter static_user_filter (class=org.apache.hadoop.http.lib.StaticUserWebFilter$StaticUserFilter) to context static
om_1          | 2019-11-07 08:48:43,466 INFO db.DBStoreBuilder: Using default column profile:DBProfile.DISK for Table:prefixTable
datanode_3_1  | 2019-11-07 08:48:44,761 INFO server.RaftServerConfigKeys: raft.server.rpc.timeout.max = 5200ms (custom)
datanode_4_1  | 2019-11-07 08:48:43,815 INFO server.RaftServerConfigKeys: raft.server.storage.dir = [/data/metadata/ratis] (custom)
datanode_2_1  | 2019-11-07 08:48:44,404 INFO server.RaftServerConfigKeys: raft.server.log.segment.cache.num.max = 2 (custom)
datanode_1_1  | 2019-11-07 08:48:43,281 INFO server.RaftServerConfigKeys: raft.server.log.appender.install.snapshot.enabled = false (custom)
scm_1         | 2019-11-07 08:48:39,947 INFO http.HttpServer2: Added filter static_user_filter (class=org.apache.hadoop.http.lib.StaticUserWebFilter$StaticUserFilter) to context logs
om_1          | 2019-11-07 08:48:43,488 INFO db.DBStoreBuilder: using custom profile for table: default
datanode_3_1  | 2019-11-07 08:48:44,761 INFO server.RaftServerConfigKeys: raft.server.rpcslowness.timeout = 120s (custom)
datanode_4_1  | 2019-11-07 08:48:43,820 INFO server.RaftServerConfigKeys: raft.server.log.corruption.policy = EXCEPTION (default)
datanode_2_1  | 2019-11-07 08:48:44,408 INFO segmented.SegmentedRaftLogWorker: new f1395628-ad4e-4c76-a588-d4275d03f077@group-C7FE12251793-SegmentedRaftLogWorker for RaftStorage:Storage Directory /data/metadata/ratis/533406fd-e30a-432c-a806-c7fe12251793
datanode_1_1  | 2019-11-07 08:48:43,287 INFO impl.RaftServerImpl: 1354c5af-5ec0-4bee-99d0-126b5a4f6314@group-B061C5F3C316: ConfigurationManager, init=-1: [1354c5af-5ec0-4bee-99d0-126b5a4f6314:10.5.0.4:9858], old=null, confs=<EMPTY_MAP>
scm_1         | 2019-11-07 08:48:39,976 WARN server.BaseHttpServer: /prof java profiling servlet is activated. Not safe for production!
om_1          | 2019-11-07 08:48:43,488 INFO db.DBStoreBuilder: Using default column profile:DBProfile.DISK for Table:default
datanode_3_1  | 2019-11-07 08:48:44,761 INFO server.RaftServerConfigKeys: raft.server.sleep.deviation.threshold = 300 (default)
datanode_4_1  | 2019-11-07 08:48:43,822 INFO storage.RaftStorageDirectory: The storage directory /data/metadata/ratis/49552b68-e9c1-4d01-8946-a1dd29a8ac5d does not exist. Creating ...
datanode_2_1  | 2019-11-07 08:48:44,408 INFO server.RaftServerConfigKeys: raft.server.log.queue.byte-limit = 2147483647 (custom)
datanode_1_1  | 2019-11-07 08:48:43,287 INFO server.RaftServerConfigKeys: raft.server.storage.dir = [/data/metadata/ratis] (custom)
scm_1         | 2019-11-07 08:48:39,986 INFO server.StorageContainerManager: StorageContainerLocationProtocol RPC server is listening at /0.0.0.0:9860
om_1          | 2019-11-07 08:48:43,490 INFO db.DBStoreBuilder: Using default options. DBProfile.DISK
datanode_3_1  | 2019-11-07 08:48:44,762 INFO server.RaftServerConfigKeys: raft.server.log.appender.install.snapshot.enabled = false (custom)
datanode_4_1  | 2019-11-07 08:48:43,854 INFO storage.RaftStorageDirectory: Lock on /data/metadata/ratis/49552b68-e9c1-4d01-8946-a1dd29a8ac5d/in_use.lock acquired by nodename 7@6d91f767160c
datanode_2_1  | 2019-11-07 08:48:44,409 INFO server.RaftServerConfigKeys: raft.server.log.queue.element-limit = 1024 (custom)
datanode_1_1  | 2019-11-07 08:48:43,291 INFO server.RaftServerConfigKeys: raft.server.log.corruption.policy = EXCEPTION (default)
scm_1         | 2019-11-07 08:48:40,070 INFO impl.MetricsConfig: Loaded properties from hadoop-metrics2.properties
om_1          | 2019-11-07 08:48:44,209 INFO ipc.CallQueueManager: Using callQueue: class java.util.concurrent.LinkedBlockingQueue, queueCapacity: 2000, scheduler: class org.apache.hadoop.ipc.DefaultRpcScheduler, ipcBackoff: false.
datanode_3_1  | 2019-11-07 08:48:44,767 INFO impl.RaftServerImpl: 8eb0784a-a7f7-49c0-b92b-e4c94bf48b56@group-6C0AC02D36C1: ConfigurationManager, init=-1: [8eb0784a-a7f7-49c0-b92b-e4c94bf48b56:10.5.0.6:9858], old=null, confs=<EMPTY_MAP>
datanode_1_1  | 2019-11-07 08:48:43,293 INFO storage.RaftStorageDirectory: The storage directory /data/metadata/ratis/57411879-6a64-44a2-abfb-b061c5f3c316 does not exist. Creating ...
om_1          | 2019-11-07 08:48:44,220 INFO ipc.Server: Starting Socket Reader #1 for port 9862
datanode_4_1  | 2019-11-07 08:48:43,871 INFO storage.RaftStorage: Storage directory /data/metadata/ratis/49552b68-e9c1-4d01-8946-a1dd29a8ac5d has been successfully formatted.
scm_1         | 2019-11-07 08:48:40,130 INFO impl.MetricsSystemImpl: Scheduled Metric snapshot period at 10 second(s).
datanode_2_1  | 2019-11-07 08:48:44,409 INFO server.RaftServerConfigKeys: raft.server.log.segment.size.max = 1048576 (custom)
datanode_3_1  | 2019-11-07 08:48:44,767 INFO server.RaftServerConfigKeys: raft.server.storage.dir = [/data/metadata/ratis] (custom)
datanode_1_1  | 2019-11-07 08:48:43,329 INFO storage.RaftStorageDirectory: Lock on /data/metadata/ratis/57411879-6a64-44a2-abfb-b061c5f3c316/in_use.lock acquired by nodename 7@2d0c69e09735
om_1          | 2019-11-07 08:48:44,264 INFO om.OzoneManager: OzoneManager RPC server is listening at om/10.5.0.70:9862
datanode_4_1  | 2019-11-07 08:48:43,874 INFO ratis.ContainerStateMachine: group-A1DD29A8AC5D: The snapshot info is null. Setting the last applied indexto:(t:0, i:~)
scm_1         | 2019-11-07 08:48:40,130 INFO impl.MetricsSystemImpl: StorageContainerManager metrics system started
datanode_2_1  | 2019-11-07 08:48:44,410 INFO server.RaftServerConfigKeys: raft.server.log.preallocated.size = 16384 (custom)
datanode_3_1  | 2019-11-07 08:48:44,771 INFO server.RaftServerConfigKeys: raft.server.log.corruption.policy = EXCEPTION (default)
om_1          | 2019-11-07 08:48:44,361 INFO impl.MetricsConfig: Loaded properties from hadoop-metrics2.properties
datanode_4_1  | 2019-11-07 08:48:43,874 INFO server.RaftServerConfigKeys: raft.server.notification.no-leader.timeout = 120s (custom)
datanode_1_1  | 2019-11-07 08:48:43,354 INFO storage.RaftStorage: Storage directory /data/metadata/ratis/57411879-6a64-44a2-abfb-b061c5f3c316 has been successfully formatted.
scm_1         | 2019-11-07 08:48:40,392 INFO server.SCMClientProtocolServer: RPC server for Client  is listening at /0.0.0.0:9860
datanode_2_1  | 2019-11-07 08:48:44,410 INFO server.RaftServerConfigKeys: raft.server.log.write.buffer.size = 33554432 (custom)
datanode_3_1  | 2019-11-07 08:48:44,773 INFO storage.RaftStorageDirectory: The storage directory /data/metadata/ratis/210aa9b1-9a0b-4fab-97d8-6c0ac02d36c1 does not exist. Creating ...
om_1          | 2019-11-07 08:48:44,408 INFO impl.MetricsSystemImpl: Scheduled Metric snapshot period at 10 second(s).
datanode_4_1  | 2019-11-07 08:48:43,877 INFO server.RaftServerConfigKeys: raft.server.log.use.memory = false (default)
scm_1         | 2019-11-07 08:48:40,392 INFO ipc.Server: IPC Server Responder: starting
datanode_1_1  | 2019-11-07 08:48:43,358 INFO ratis.ContainerStateMachine: group-B061C5F3C316: The snapshot info is null. Setting the last applied indexto:(t:0, i:~)
datanode_2_1  | 2019-11-07 08:48:44,410 INFO server.RaftServerConfigKeys: raft.server.log.force.sync.num = 128 (default)
datanode_3_1  | 2019-11-07 08:48:44,801 INFO storage.RaftStorageDirectory: Lock on /data/metadata/ratis/210aa9b1-9a0b-4fab-97d8-6c0ac02d36c1/in_use.lock acquired by nodename 7@b2ff25037f9f
om_1          | 2019-11-07 08:48:44,408 INFO impl.MetricsSystemImpl: OzoneManager metrics system started
datanode_4_1  | 2019-11-07 08:48:43,883 INFO server.RaftServerConfigKeys: raft.server.log.purge.gap = 1000000 (custom)
scm_1         | 2019-11-07 08:48:40,393 INFO ipc.Server: IPC Server listener on 9860: starting
datanode_1_1  | 2019-11-07 08:48:43,358 INFO server.RaftServerConfigKeys: raft.server.notification.no-leader.timeout = 120s (custom)
datanode_2_1  | 2019-11-07 08:48:44,411 INFO server.RaftServerConfigKeys: raft.server.log.statemachine.data.sync = true (default)
datanode_3_1  | 2019-11-07 08:48:44,826 INFO storage.RaftStorage: Storage directory /data/metadata/ratis/210aa9b1-9a0b-4fab-97d8-6c0ac02d36c1 has been successfully formatted.
om_1          | 2019-11-07 08:48:44,448 INFO ipc.Server: IPC Server Responder: starting
datanode_4_1  | 2019-11-07 08:48:43,883 INFO server.RaftServerConfigKeys: raft.server.log.appender.buffer.byte-limit = 33554432 (custom)
scm_1         | 2019-11-07 08:48:40,395 INFO server.StorageContainerManager: ScmBlockLocationProtocol RPC server is listening at /0.0.0.0:9863
datanode_1_1  | 2019-11-07 08:48:43,360 INFO server.RaftServerConfigKeys: raft.server.log.use.memory = false (default)
datanode_2_1  | 2019-11-07 08:48:44,411 INFO server.RaftServerConfigKeys: raft.server.log.statemachine.data.sync.timeout = 10s (default)
datanode_3_1  | 2019-11-07 08:48:44,832 INFO ratis.ContainerStateMachine: group-6C0AC02D36C1: The snapshot info is null. Setting the last applied indexto:(t:0, i:~)
om_1          | 2019-11-07 08:48:44,449 INFO ipc.Server: IPC Server listener on 9862: starting
datanode_4_1  | 2019-11-07 08:48:43,886 INFO server.RaftServerConfigKeys: raft.server.log.segment.size.max = 1048576 (custom)
scm_1         | 2019-11-07 08:48:40,396 INFO server.SCMBlockProtocolServer: RPC server for Block Protocol is listening at /0.0.0.0:9863
datanode_1_1  | 2019-11-07 08:48:43,364 INFO server.RaftServerConfigKeys: raft.server.log.purge.gap = 1000000 (custom)
datanode_2_1  | 2019-11-07 08:48:44,411 INFO server.RaftServerConfigKeys: raft.server.log.statemachine.data.sync.timeout.retry = -1 (default)
datanode_3_1  | 2019-11-07 08:48:44,832 INFO server.RaftServerConfigKeys: raft.server.notification.no-leader.timeout = 120s (custom)
om_1          | 2019-11-07 08:48:44,478 INFO hdfs.DFSUtil: Starting Web-server for ozoneManager at: http://0.0.0.0:9874
datanode_4_1  | 2019-11-07 08:48:43,892 INFO metrics.MetricRegistries: Loaded MetricRegistries class org.apache.ratis.metrics.impl.MetricRegistriesImpl
scm_1         | 2019-11-07 08:48:40,397 INFO ipc.Server: IPC Server Responder: starting
datanode_1_1  | 2019-11-07 08:48:43,364 INFO server.RaftServerConfigKeys: raft.server.log.appender.buffer.byte-limit = 33554432 (custom)
datanode_2_1  | 2019-11-07 08:48:44,419 INFO server.RaftServerConfigKeys: raft.server.log.statemachine.data.caching.enabled = true (custom)
datanode_3_1  | 2019-11-07 08:48:44,836 INFO server.RaftServerConfigKeys: raft.server.log.use.memory = false (default)
om_1          | 2019-11-07 08:48:44,577 INFO server.AuthenticationFilter: Unable to initialize FileSignerSecretProvider, falling back to use random secrets.
datanode_4_1  | 2019-11-07 08:48:43,895 WARN impl.MetricRegistriesImpl: First MetricRegistry has been created without registering reporters. You may need to call MetricRegistries.global().addReportRegistration(...) before.
scm_1         | 2019-11-07 08:48:40,397 INFO ipc.Server: IPC Server listener on 9863: starting
datanode_1_1  | 2019-11-07 08:48:43,366 INFO server.RaftServerConfigKeys: raft.server.log.segment.size.max = 1048576 (custom)
datanode_2_1  | 2019-11-07 08:48:44,423 INFO segmented.SegmentedRaftLogWorker: f1395628-ad4e-4c76-a588-d4275d03f077@group-C7FE12251793-SegmentedRaftLogWorker: flushIndex: setUnconditionally 0 -> -1
datanode_3_1  | 2019-11-07 08:48:44,842 INFO server.RaftServerConfigKeys: raft.server.log.purge.gap = 1000000 (custom)
om_1          | 2019-11-07 08:48:44,579 INFO http.HttpRequestLog: Http request log for http.requests.ozoneManager is not defined
datanode_4_1  | 2019-11-07 08:48:43,901 INFO server.RaftServerConfigKeys: raft.server.log.segment.cache.num.max = 2 (custom)
scm_1         | 2019-11-07 08:48:40,400 INFO server.StorageContainerManager: ScmDatanodeProtocl RPC server is listening at /0.0.0.0:9861
datanode_1_1  | 2019-11-07 08:48:43,370 INFO metrics.MetricRegistries: Loaded MetricRegistries class org.apache.ratis.metrics.impl.MetricRegistriesImpl
datanode_2_1  | 2019-11-07 08:48:44,427 INFO server.RaftServerConfigKeys: raft.server.snapshot.auto.trigger.enabled = true (custom)
om_1          | 2019-11-07 08:48:44,586 INFO http.HttpServer2: Added global filter 'safety' (class=org.apache.hadoop.http.HttpServer2$QuotingInputFilter)
datanode_4_1  | 2019-11-07 08:48:43,906 INFO segmented.SegmentedRaftLogWorker: new 9abccbc1-0a8c-426e-9a38-c1c97c2f1bf0@group-A1DD29A8AC5D-SegmentedRaftLogWorker for RaftStorage:Storage Directory /data/metadata/ratis/49552b68-e9c1-4d01-8946-a1dd29a8ac5d
datanode_3_1  | 2019-11-07 08:48:44,843 INFO server.RaftServerConfigKeys: raft.server.log.appender.buffer.byte-limit = 33554432 (custom)
scm_1         | 2019-11-07 08:48:40,400 INFO server.SCMDatanodeProtocolServer: RPC server for DataNodes is listening at /0.0.0.0:9861
datanode_1_1  | 2019-11-07 08:48:43,373 WARN impl.MetricRegistriesImpl: First MetricRegistry has been created without registering reporters. You may need to call MetricRegistries.global().addReportRegistration(...) before.
datanode_2_1  | 2019-11-07 08:48:44,427 INFO server.RaftServerConfigKeys: raft.server.snapshot.auto.trigger.threshold = 10000 (custom)
om_1          | 2019-11-07 08:48:44,588 INFO http.HttpServer2: Added filter static_user_filter (class=org.apache.hadoop.http.lib.StaticUserWebFilter$StaticUserFilter) to context ozoneManager
datanode_4_1  | 2019-11-07 08:48:43,907 INFO server.RaftServerConfigKeys: raft.server.log.queue.byte-limit = 2147483647 (custom)
scm_1         | 2019-11-07 08:48:40,402 INFO ipc.Server: IPC Server Responder: starting
datanode_3_1  | 2019-11-07 08:48:44,845 INFO server.RaftServerConfigKeys: raft.server.log.segment.size.max = 1048576 (custom)
datanode_1_1  | 2019-11-07 08:48:43,377 INFO server.RaftServerConfigKeys: raft.server.log.segment.cache.num.max = 2 (custom)
datanode_2_1  | 2019-11-07 08:48:44,428 INFO server.RaftServerConfigKeys: raft.server.snapshot.retention.file.num = 5 (custom)
om_1          | 2019-11-07 08:48:44,588 INFO http.HttpServer2: Added filter static_user_filter (class=org.apache.hadoop.http.lib.StaticUserWebFilter$StaticUserFilter) to context static
scm_1         | 2019-11-07 08:48:40,402 INFO ipc.Server: IPC Server listener on 9861: starting
datanode_4_1  | 2019-11-07 08:48:43,907 INFO server.RaftServerConfigKeys: raft.server.log.queue.element-limit = 1024 (custom)
datanode_3_1  | 2019-11-07 08:48:44,852 INFO metrics.MetricRegistries: Loaded MetricRegistries class org.apache.ratis.metrics.impl.MetricRegistriesImpl
datanode_1_1  | 2019-11-07 08:48:43,382 INFO segmented.SegmentedRaftLogWorker: new 1354c5af-5ec0-4bee-99d0-126b5a4f6314@group-B061C5F3C316-SegmentedRaftLogWorker for RaftStorage:Storage Directory /data/metadata/ratis/57411879-6a64-44a2-abfb-b061c5f3c316
datanode_2_1  | 2019-11-07 08:48:44,428 INFO server.RaftServerConfigKeys: raft.server.retrycache.expirytime = 600000ms (custom)
om_1          | 2019-11-07 08:48:44,588 INFO http.HttpServer2: Added filter static_user_filter (class=org.apache.hadoop.http.lib.StaticUserWebFilter$StaticUserFilter) to context logs
scm_1         | 2019-11-07 08:48:40,406 INFO http.HttpServer2: Jetty bound to port 9876
datanode_4_1  | 2019-11-07 08:48:43,908 INFO server.RaftServerConfigKeys: raft.server.log.segment.size.max = 1048576 (custom)
datanode_3_1  | 2019-11-07 08:48:44,856 WARN impl.MetricRegistriesImpl: First MetricRegistry has been created without registering reporters. You may need to call MetricRegistries.global().addReportRegistration(...) before.
datanode_1_1  | 2019-11-07 08:48:43,382 INFO server.RaftServerConfigKeys: raft.server.log.queue.byte-limit = 2147483647 (custom)
datanode_2_1  | 2019-11-07 08:48:44,443 WARN impl.MetricRegistriesImpl: First MetricRegistry has been created without registering reporters. You may need to call MetricRegistries.global().addReportRegistration(...) before.
om_1          | 2019-11-07 08:48:44,608 WARN server.BaseHttpServer: /prof java profiling servlet is activated. Not safe for production!
scm_1         | 2019-11-07 08:48:40,408 INFO server.Server: jetty-9.3.25.v20180904, build timestamp: 2018-09-04T21:11:46Z, git hash: 3ce520221d0240229c862b122d2b06c12a625732
datanode_4_1  | 2019-11-07 08:48:43,909 INFO server.RaftServerConfigKeys: raft.server.log.preallocated.size = 16384 (custom)
datanode_3_1  | 2019-11-07 08:48:44,862 INFO server.RaftServerConfigKeys: raft.server.log.segment.cache.num.max = 2 (custom)
datanode_1_1  | 2019-11-07 08:48:43,383 INFO server.RaftServerConfigKeys: raft.server.log.queue.element-limit = 1024 (custom)
datanode_2_1  | 2019-11-07 08:48:44,445 WARN impl.MetricRegistriesImpl: First MetricRegistry has been created without registering reporters. You may need to call MetricRegistries.global().addReportRegistration(...) before.
om_1          | 2019-11-07 08:48:44,611 INFO http.HttpServer2: Jetty bound to port 9874
scm_1         | 2019-11-07 08:48:40,457 INFO handler.ContextHandler: Started o.e.j.s.ServletContextHandler@3350ebdd{/logs,file:///var/log/hadoop/,AVAILABLE}
datanode_3_1  | 2019-11-07 08:48:44,868 INFO segmented.SegmentedRaftLogWorker: new 8eb0784a-a7f7-49c0-b92b-e4c94bf48b56@group-6C0AC02D36C1-SegmentedRaftLogWorker for RaftStorage:Storage Directory /data/metadata/ratis/210aa9b1-9a0b-4fab-97d8-6c0ac02d36c1
datanode_1_1  | 2019-11-07 08:48:43,383 INFO server.RaftServerConfigKeys: raft.server.log.segment.size.max = 1048576 (custom)
datanode_4_1  | 2019-11-07 08:48:43,909 INFO server.RaftServerConfigKeys: raft.server.log.write.buffer.size = 33554432 (custom)
om_1          | 2019-11-07 08:48:44,612 INFO server.Server: jetty-9.3.25.v20180904, build timestamp: 2018-09-04T21:11:46Z, git hash: 3ce520221d0240229c862b122d2b06c12a625732
scm_1         | 2019-11-07 08:48:40,458 INFO handler.ContextHandler: Started o.e.j.s.ServletContextHandler@6dcd5639{/static,jar:file:/opt/hadoop/share/ozone/lib/hadoop-hdds-server-scm-0.5.0-SNAPSHOT.jar!/webapps/static,AVAILABLE}
datanode_2_1  | 2019-11-07 08:48:44,446 INFO impl.RaftServerImpl: f1395628-ad4e-4c76-a588-d4275d03f077@group-C7FE12251793: start as a follower, conf=-1: [f1395628-ad4e-4c76-a588-d4275d03f077:10.5.0.5:9858], old=null
datanode_3_1  | 2019-11-07 08:48:44,869 INFO server.RaftServerConfigKeys: raft.server.log.queue.byte-limit = 2147483647 (custom)
datanode_1_1  | 2019-11-07 08:48:43,384 INFO server.RaftServerConfigKeys: raft.server.log.preallocated.size = 16384 (custom)
datanode_4_1  | 2019-11-07 08:48:43,909 INFO server.RaftServerConfigKeys: raft.server.log.force.sync.num = 128 (default)
om_1          | 2019-11-07 08:48:44,647 INFO handler.ContextHandler: Started o.e.j.s.ServletContextHandler@5d96bdf8{/logs,file:///var/log/hadoop/,AVAILABLE}
scm_1         | 2019-11-07 08:48:40,550 INFO handler.ContextHandler: Started o.e.j.w.WebAppContext@1ba359bd{/,file:///tmp/jetty-0.0.0.0-9876-scm-_-any-1287670175193131041.dir/webapp/,AVAILABLE}{/scm}
datanode_2_1  | 2019-11-07 08:48:44,447 INFO impl.RaftServerImpl: f1395628-ad4e-4c76-a588-d4275d03f077@group-C7FE12251793: changes role from      null to FOLLOWER at term 0 for startAsFollower
datanode_3_1  | 2019-11-07 08:48:44,869 INFO server.RaftServerConfigKeys: raft.server.log.queue.element-limit = 1024 (custom)
datanode_1_1  | 2019-11-07 08:48:43,384 INFO server.RaftServerConfigKeys: raft.server.log.write.buffer.size = 33554432 (custom)
datanode_4_1  | 2019-11-07 08:48:43,910 INFO server.RaftServerConfigKeys: raft.server.log.statemachine.data.sync = true (default)
scm_1         | 2019-11-07 08:48:40,557 INFO server.AbstractConnector: Started ServerConnector@7e7f0216{HTTP/1.1,[http/1.1]}{0.0.0.0:9876}
om_1          | 2019-11-07 08:48:44,648 INFO handler.ContextHandler: Started o.e.j.s.ServletContextHandler@441b8382{/static,jar:file:/opt/hadoop/share/ozone/lib/hadoop-ozone-ozone-manager-0.5.0-SNAPSHOT.jar!/webapps/static,AVAILABLE}
datanode_2_1  | 2019-11-07 08:48:44,448 INFO impl.RoleInfo: f1395628-ad4e-4c76-a588-d4275d03f077: start FollowerState
datanode_3_1  | 2019-11-07 08:48:44,870 INFO server.RaftServerConfigKeys: raft.server.log.segment.size.max = 1048576 (custom)
datanode_4_1  | 2019-11-07 08:48:43,910 INFO server.RaftServerConfigKeys: raft.server.log.statemachine.data.sync.timeout = 10s (default)
scm_1         | 2019-11-07 08:48:40,557 INFO server.Server: Started @3650ms
datanode_1_1  | 2019-11-07 08:48:43,384 INFO server.RaftServerConfigKeys: raft.server.log.force.sync.num = 128 (default)
om_1          | 2019-11-07 08:48:44,728 INFO handler.ContextHandler: Started o.e.j.w.WebAppContext@3679d92e{/,file:///tmp/jetty-0.0.0.0-9874-ozoneManager-_-any-14562294793866449478.dir/webapp/,AVAILABLE}{/ozoneManager}
datanode_2_1  | 2019-11-07 08:48:44,452 INFO util.JmxRegister: Successfully registered JMX Bean with object name Ratis:service=RaftServer,group=group-C7FE12251793,id=f1395628-ad4e-4c76-a588-d4275d03f077
datanode_3_1  | 2019-11-07 08:48:44,871 INFO server.RaftServerConfigKeys: raft.server.log.preallocated.size = 16384 (custom)
datanode_4_1  | 2019-11-07 08:48:43,911 INFO server.RaftServerConfigKeys: raft.server.log.statemachine.data.sync.timeout.retry = -1 (default)
scm_1         | 2019-11-07 08:48:40,560 INFO impl.MetricsSinkAdapter: Sink prometheus started
datanode_1_1  | 2019-11-07 08:48:43,385 INFO server.RaftServerConfigKeys: raft.server.log.statemachine.data.sync = true (default)
om_1          | 2019-11-07 08:48:44,733 INFO server.AbstractConnector: Started ServerConnector@2513a118{HTTP/1.1,[http/1.1]}{0.0.0.0:9874}
datanode_2_1  | 2019-11-07 08:48:44,453 WARN impl.MetricRegistriesImpl: First MetricRegistry has been created without registering reporters. You may need to call MetricRegistries.global().addReportRegistration(...) before.
datanode_3_1  | 2019-11-07 08:48:44,871 INFO server.RaftServerConfigKeys: raft.server.log.write.buffer.size = 33554432 (custom)
datanode_4_1  | 2019-11-07 08:48:43,919 INFO server.RaftServerConfigKeys: raft.server.log.statemachine.data.caching.enabled = true (custom)
scm_1         | 2019-11-07 08:48:40,560 INFO impl.MetricsSystemImpl: Registered sink prometheus
datanode_1_1  | 2019-11-07 08:48:43,385 INFO server.RaftServerConfigKeys: raft.server.log.statemachine.data.sync.timeout = 10s (default)
om_1          | 2019-11-07 08:48:44,733 INFO server.Server: Started @3840ms
datanode_2_1  | 2019-11-07 08:48:45,034 INFO impl.RaftServerProxy: f1395628-ad4e-4c76-a588-d4275d03f077: addNew group-0232B4FB3F1B:[9abccbc1-0a8c-426e-9a38-c1c97c2f1bf0:10.5.0.7:9858, f1395628-ad4e-4c76-a588-d4275d03f077:10.5.0.5:9858, 1354c5af-5ec0-4bee-99d0-126b5a4f6314:10.5.0.4:9858] returns group-0232B4FB3F1B:java.util.concurrent.CompletableFuture@7307f37d[Not completed]
datanode_3_1  | 2019-11-07 08:48:44,872 INFO server.RaftServerConfigKeys: raft.server.log.force.sync.num = 128 (default)
datanode_4_1  | 2019-11-07 08:48:43,924 INFO segmented.SegmentedRaftLogWorker: 9abccbc1-0a8c-426e-9a38-c1c97c2f1bf0@group-A1DD29A8AC5D-SegmentedRaftLogWorker: flushIndex: setUnconditionally 0 -> -1
scm_1         | 2019-11-07 08:48:40,562 INFO server.BaseHttpServer: HTTP server of SCM is listening at http://0.0.0.0:9876
datanode_1_1  | 2019-11-07 08:48:43,386 INFO server.RaftServerConfigKeys: raft.server.log.statemachine.data.sync.timeout.retry = -1 (default)
om_1          | 2019-11-07 08:48:44,735 INFO impl.MetricsSinkAdapter: Sink prometheus started
datanode_2_1  | 2019-11-07 08:48:45,037 INFO impl.RaftServerImpl: f1395628-ad4e-4c76-a588-d4275d03f077: new RaftServerImpl for group-0232B4FB3F1B:[9abccbc1-0a8c-426e-9a38-c1c97c2f1bf0:10.5.0.7:9858, f1395628-ad4e-4c76-a588-d4275d03f077:10.5.0.5:9858, 1354c5af-5ec0-4bee-99d0-126b5a4f6314:10.5.0.4:9858] with ContainerStateMachine:uninitialized
datanode_3_1  | 2019-11-07 08:48:44,873 INFO server.RaftServerConfigKeys: raft.server.log.statemachine.data.sync = true (default)
datanode_4_1  | 2019-11-07 08:48:43,928 INFO server.RaftServerConfigKeys: raft.server.snapshot.auto.trigger.enabled = true (custom)
scm_1         | 2019-11-07 08:48:40,571 INFO util.JvmPauseMonitor: Starting JVM pause monitor
datanode_1_1  | 2019-11-07 08:48:43,392 INFO server.RaftServerConfigKeys: raft.server.log.statemachine.data.caching.enabled = true (custom)
om_1          | 2019-11-07 08:48:44,736 INFO impl.MetricsSystemImpl: Registered sink prometheus
datanode_2_1  | 2019-11-07 08:48:45,037 INFO server.RaftServerConfigKeys: raft.server.rpc.timeout.min = 5s (custom)
datanode_3_1  | 2019-11-07 08:48:44,873 INFO server.RaftServerConfigKeys: raft.server.log.statemachine.data.sync.timeout = 10s (default)
datanode_4_1  | 2019-11-07 08:48:43,928 INFO server.RaftServerConfigKeys: raft.server.snapshot.auto.trigger.threshold = 10000 (custom)
scm_1         | 2019-11-07 08:48:42,371 INFO net.NetworkTopology: Added a new node: /rack1/1354c5af-5ec0-4bee-99d0-126b5a4f6314
datanode_1_1  | 2019-11-07 08:48:43,396 INFO segmented.SegmentedRaftLogWorker: 1354c5af-5ec0-4bee-99d0-126b5a4f6314@group-B061C5F3C316-SegmentedRaftLogWorker: flushIndex: setUnconditionally 0 -> -1
om_1          | 2019-11-07 08:48:44,737 INFO server.BaseHttpServer: HTTP server of OZONEMANAGER is listening at http://0.0.0.0:9874
datanode_2_1  | 2019-11-07 08:48:45,037 INFO server.RaftServerConfigKeys: raft.server.rpc.timeout.max = 5200ms (custom)
datanode_3_1  | 2019-11-07 08:48:44,873 INFO server.RaftServerConfigKeys: raft.server.log.statemachine.data.sync.timeout.retry = -1 (default)
datanode_4_1  | 2019-11-07 08:48:43,929 INFO server.RaftServerConfigKeys: raft.server.snapshot.retention.file.num = 5 (custom)
datanode_1_1  | 2019-11-07 08:48:43,399 INFO server.RaftServerConfigKeys: raft.server.snapshot.auto.trigger.enabled = true (custom)
om_1          | 2019-11-07 08:48:57,974 INFO volume.OMVolumeCreateRequest: created volume:vol-0-31337 for user:hadoop
datanode_3_1  | 2019-11-07 08:48:44,883 INFO server.RaftServerConfigKeys: raft.server.log.statemachine.data.caching.enabled = true (custom)
datanode_2_1  | 2019-11-07 08:48:45,037 INFO server.RaftServerConfigKeys: raft.server.rpcslowness.timeout = 120s (custom)
scm_1         | 2019-11-07 08:48:42,371 INFO node.SCMNodeManager: Registered Data node : 1354c5af-5ec0-4bee-99d0-126b5a4f6314{ip: 10.5.0.4, host: ozone-topology_datanode_1_1.ozone-topology_net, networkLocation: /rack1, certSerialId: null}
datanode_4_1  | 2019-11-07 08:48:43,929 INFO server.RaftServerConfigKeys: raft.server.retrycache.expirytime = 600000ms (custom)
datanode_1_1  | 2019-11-07 08:48:43,400 INFO server.RaftServerConfigKeys: raft.server.snapshot.auto.trigger.threshold = 10000 (custom)
om_1          | 2019-11-07 08:48:58,011 INFO volume.OMVolumeCreateRequest: created volume:vol-1-50129 for user:hadoop
datanode_3_1  | 2019-11-07 08:48:44,887 INFO segmented.SegmentedRaftLogWorker: 8eb0784a-a7f7-49c0-b92b-e4c94bf48b56@group-6C0AC02D36C1-SegmentedRaftLogWorker: flushIndex: setUnconditionally 0 -> -1
datanode_2_1  | 2019-11-07 08:48:45,038 INFO server.RaftServerConfigKeys: raft.server.sleep.deviation.threshold = 300 (default)
datanode_4_1  | 2019-11-07 08:48:43,944 WARN impl.MetricRegistriesImpl: First MetricRegistry has been created without registering reporters. You may need to call MetricRegistries.global().addReportRegistration(...) before.
scm_1         | 2019-11-07 08:48:42,375 INFO safemode.SCMSafeModeManager: SCM in safe mode. 1 DataNodes registered, 1 required.
datanode_1_1  | 2019-11-07 08:48:43,400 INFO server.RaftServerConfigKeys: raft.server.snapshot.retention.file.num = 5 (custom)
om_1          | 2019-11-07 08:48:58,041 INFO volume.OMVolumeCreateRequest: created volume:vol-2-87789 for user:hadoop
datanode_3_1  | 2019-11-07 08:48:44,892 INFO server.RaftServerConfigKeys: raft.server.snapshot.auto.trigger.enabled = true (custom)
datanode_2_1  | 2019-11-07 08:48:45,038 INFO server.RaftServerConfigKeys: raft.server.log.appender.install.snapshot.enabled = false (custom)
datanode_4_1  | 2019-11-07 08:48:43,945 WARN impl.MetricRegistriesImpl: First MetricRegistry has been created without registering reporters. You may need to call MetricRegistries.global().addReportRegistration(...) before.
scm_1         | 2019-11-07 08:48:42,375 INFO safemode.SCMSafeModeManager: ScmSafeModeManager, all rules are successfully validated
datanode_1_1  | 2019-11-07 08:48:43,401 INFO server.RaftServerConfigKeys: raft.server.retrycache.expirytime = 600000ms (custom)
om_1          | 2019-11-07 08:48:58,062 INFO volume.OMVolumeCreateRequest: created volume:vol-3-06157 for user:hadoop
datanode_3_1  | 2019-11-07 08:48:44,892 INFO server.RaftServerConfigKeys: raft.server.snapshot.auto.trigger.threshold = 10000 (custom)
datanode_4_1  | 2019-11-07 08:48:43,947 INFO impl.RaftServerImpl: 9abccbc1-0a8c-426e-9a38-c1c97c2f1bf0@group-A1DD29A8AC5D: start as a follower, conf=-1: [9abccbc1-0a8c-426e-9a38-c1c97c2f1bf0:10.5.0.7:9858], old=null
scm_1         | 2019-11-07 08:48:42,375 INFO safemode.SCMSafeModeManager: SCM exiting safe mode.
datanode_1_1  | 2019-11-07 08:48:43,416 WARN impl.MetricRegistriesImpl: First MetricRegistry has been created without registering reporters. You may need to call MetricRegistries.global().addReportRegistration(...) before.
datanode_2_1  | 2019-11-07 08:48:45,038 INFO impl.RaftServerImpl: f1395628-ad4e-4c76-a588-d4275d03f077@group-0232B4FB3F1B: ConfigurationManager, init=-1: [9abccbc1-0a8c-426e-9a38-c1c97c2f1bf0:10.5.0.7:9858, f1395628-ad4e-4c76-a588-d4275d03f077:10.5.0.5:9858, 1354c5af-5ec0-4bee-99d0-126b5a4f6314:10.5.0.4:9858], old=null, confs=<EMPTY_MAP>
datanode_3_1  | 2019-11-07 08:48:44,893 INFO server.RaftServerConfigKeys: raft.server.snapshot.retention.file.num = 5 (custom)
om_1          | 2019-11-07 08:48:58,084 INFO volume.OMVolumeCreateRequest: created volume:vol-4-36512 for user:hadoop
scm_1         | 2019-11-07 08:48:42,605 INFO net.NetworkTopology: Added a new node: /rack1/8eb0784a-a7f7-49c0-b92b-e4c94bf48b56
datanode_2_1  | 2019-11-07 08:48:45,038 INFO server.RaftServerConfigKeys: raft.server.storage.dir = [/data/metadata/ratis] (custom)
datanode_4_1  | 2019-11-07 08:48:43,947 INFO impl.RaftServerImpl: 9abccbc1-0a8c-426e-9a38-c1c97c2f1bf0@group-A1DD29A8AC5D: changes role from      null to FOLLOWER at term 0 for startAsFollower
datanode_1_1  | 2019-11-07 08:48:43,417 WARN impl.MetricRegistriesImpl: First MetricRegistry has been created without registering reporters. You may need to call MetricRegistries.global().addReportRegistration(...) before.
scm_1         | 2019-11-07 08:48:42,606 INFO node.SCMNodeManager: Registered Data node : 8eb0784a-a7f7-49c0-b92b-e4c94bf48b56{ip: 10.5.0.6, host: ozone-topology_datanode_3_1.ozone-topology_net, networkLocation: /rack1, certSerialId: null}
datanode_4_1  | 2019-11-07 08:48:43,948 INFO impl.RoleInfo: 9abccbc1-0a8c-426e-9a38-c1c97c2f1bf0: start FollowerState
datanode_3_1  | 2019-11-07 08:48:44,893 INFO server.RaftServerConfigKeys: raft.server.retrycache.expirytime = 600000ms (custom)
datanode_2_1  | 2019-11-07 08:48:45,038 INFO server.RaftServerConfigKeys: raft.server.log.corruption.policy = EXCEPTION (default)
datanode_1_1  | 2019-11-07 08:48:43,419 INFO impl.RaftServerImpl: 1354c5af-5ec0-4bee-99d0-126b5a4f6314@group-B061C5F3C316: start as a follower, conf=-1: [1354c5af-5ec0-4bee-99d0-126b5a4f6314:10.5.0.4:9858], old=null
scm_1         | 2019-11-07 08:48:43,001 INFO net.NetworkTopology: Added a new node: /rack2/9abccbc1-0a8c-426e-9a38-c1c97c2f1bf0
datanode_4_1  | 2019-11-07 08:48:43,952 INFO util.JmxRegister: Successfully registered JMX Bean with object name Ratis:service=RaftServer,group=group-A1DD29A8AC5D,id=9abccbc1-0a8c-426e-9a38-c1c97c2f1bf0
datanode_3_1  | 2019-11-07 08:48:44,917 WARN impl.MetricRegistriesImpl: First MetricRegistry has been created without registering reporters. You may need to call MetricRegistries.global().addReportRegistration(...) before.
datanode_2_1  | 2019-11-07 08:48:45,039 INFO storage.RaftStorageDirectory: The storage directory /data/metadata/ratis/3a19d5aa-7a5e-4caf-87fc-0232b4fb3f1b does not exist. Creating ...
datanode_1_1  | 2019-11-07 08:48:43,420 INFO impl.RaftServerImpl: 1354c5af-5ec0-4bee-99d0-126b5a4f6314@group-B061C5F3C316: changes role from      null to FOLLOWER at term 0 for startAsFollower
scm_1         | 2019-11-07 08:48:43,001 INFO node.SCMNodeManager: Registered Data node : 9abccbc1-0a8c-426e-9a38-c1c97c2f1bf0{ip: 10.5.0.7, host: ozone-topology_datanode_4_1.ozone-topology_net, networkLocation: /rack2, certSerialId: null}
datanode_4_1  | 2019-11-07 08:48:43,953 WARN impl.MetricRegistriesImpl: First MetricRegistry has been created without registering reporters. You may need to call MetricRegistries.global().addReportRegistration(...) before.
datanode_2_1  | 2019-11-07 08:48:45,061 INFO storage.RaftStorageDirectory: Lock on /data/metadata/ratis/3a19d5aa-7a5e-4caf-87fc-0232b4fb3f1b/in_use.lock acquired by nodename 7@7b354a2c15ba
datanode_3_1  | 2019-11-07 08:48:44,919 WARN impl.MetricRegistriesImpl: First MetricRegistry has been created without registering reporters. You may need to call MetricRegistries.global().addReportRegistration(...) before.
datanode_1_1  | 2019-11-07 08:48:43,420 INFO impl.RoleInfo: 1354c5af-5ec0-4bee-99d0-126b5a4f6314: start FollowerState
scm_1         | 2019-11-07 08:48:43,018 INFO net.NetworkTopology: Added a new node: /rack1/f1395628-ad4e-4c76-a588-d4275d03f077
datanode_4_1  | 2019-11-07 08:48:45,050 INFO impl.RaftServerProxy: 9abccbc1-0a8c-426e-9a38-c1c97c2f1bf0: addNew group-0232B4FB3F1B:[9abccbc1-0a8c-426e-9a38-c1c97c2f1bf0:10.5.0.7:9858, f1395628-ad4e-4c76-a588-d4275d03f077:10.5.0.5:9858, 1354c5af-5ec0-4bee-99d0-126b5a4f6314:10.5.0.4:9858] returns group-0232B4FB3F1B:java.util.concurrent.CompletableFuture@2f545a62[Not completed]
datanode_2_1  | 2019-11-07 08:48:45,080 INFO storage.RaftStorage: Storage directory /data/metadata/ratis/3a19d5aa-7a5e-4caf-87fc-0232b4fb3f1b has been successfully formatted.
datanode_3_1  | 2019-11-07 08:48:44,921 INFO impl.RaftServerImpl: 8eb0784a-a7f7-49c0-b92b-e4c94bf48b56@group-6C0AC02D36C1: start as a follower, conf=-1: [8eb0784a-a7f7-49c0-b92b-e4c94bf48b56:10.5.0.6:9858], old=null
datanode_1_1  | 2019-11-07 08:48:43,423 INFO util.JmxRegister: Successfully registered JMX Bean with object name Ratis:service=RaftServer,group=group-B061C5F3C316,id=1354c5af-5ec0-4bee-99d0-126b5a4f6314
datanode_4_1  | 2019-11-07 08:48:45,053 INFO impl.RaftServerImpl: 9abccbc1-0a8c-426e-9a38-c1c97c2f1bf0: new RaftServerImpl for group-0232B4FB3F1B:[9abccbc1-0a8c-426e-9a38-c1c97c2f1bf0:10.5.0.7:9858, f1395628-ad4e-4c76-a588-d4275d03f077:10.5.0.5:9858, 1354c5af-5ec0-4bee-99d0-126b5a4f6314:10.5.0.4:9858] with ContainerStateMachine:uninitialized
datanode_2_1  | 2019-11-07 08:48:45,081 INFO ratis.ContainerStateMachine: group-0232B4FB3F1B: The snapshot info is null. Setting the last applied indexto:(t:0, i:~)
scm_1         | 2019-11-07 08:48:43,018 INFO node.SCMNodeManager: Registered Data node : f1395628-ad4e-4c76-a588-d4275d03f077{ip: 10.5.0.5, host: ozone-topology_datanode_2_1.ozone-topology_net, networkLocation: /rack1, certSerialId: null}
datanode_3_1  | 2019-11-07 08:48:44,922 INFO impl.RaftServerImpl: 8eb0784a-a7f7-49c0-b92b-e4c94bf48b56@group-6C0AC02D36C1: changes role from      null to FOLLOWER at term 0 for startAsFollower
datanode_1_1  | 2019-11-07 08:48:43,424 WARN impl.MetricRegistriesImpl: First MetricRegistry has been created without registering reporters. You may need to call MetricRegistries.global().addReportRegistration(...) before.
datanode_4_1  | 2019-11-07 08:48:45,054 INFO server.RaftServerConfigKeys: raft.server.rpc.timeout.min = 5s (custom)
datanode_2_1  | 2019-11-07 08:48:45,081 INFO server.RaftServerConfigKeys: raft.server.notification.no-leader.timeout = 120s (custom)
scm_1         | WARNING: An illegal reflective access operation has occurred
datanode_1_1  | 2019-11-07 08:48:45,052 INFO impl.RaftServerProxy: 1354c5af-5ec0-4bee-99d0-126b5a4f6314: addNew group-0232B4FB3F1B:[9abccbc1-0a8c-426e-9a38-c1c97c2f1bf0:10.5.0.7:9858, f1395628-ad4e-4c76-a588-d4275d03f077:10.5.0.5:9858, 1354c5af-5ec0-4bee-99d0-126b5a4f6314:10.5.0.4:9858] returns group-0232B4FB3F1B:java.util.concurrent.CompletableFuture@55e8cb13[Not completed]
datanode_4_1  | 2019-11-07 08:48:45,054 INFO server.RaftServerConfigKeys: raft.server.rpc.timeout.max = 5200ms (custom)
datanode_2_1  | 2019-11-07 08:48:45,081 INFO server.RaftServerConfigKeys: raft.server.log.use.memory = false (default)
scm_1         | WARNING: Illegal reflective access by org.apache.ratis.thirdparty.com.google.protobuf.UnsafeUtil (file:/opt/hadoop/share/ozone/lib/ratis-thirdparty-misc-0.2.0.jar) to field java.nio.Buffer.address
datanode_3_1  | 2019-11-07 08:48:44,924 INFO impl.RoleInfo: 8eb0784a-a7f7-49c0-b92b-e4c94bf48b56: start FollowerState
datanode_1_1  | 2019-11-07 08:48:45,056 INFO impl.RaftServerImpl: 1354c5af-5ec0-4bee-99d0-126b5a4f6314: new RaftServerImpl for group-0232B4FB3F1B:[9abccbc1-0a8c-426e-9a38-c1c97c2f1bf0:10.5.0.7:9858, f1395628-ad4e-4c76-a588-d4275d03f077:10.5.0.5:9858, 1354c5af-5ec0-4bee-99d0-126b5a4f6314:10.5.0.4:9858] with ContainerStateMachine:uninitialized
datanode_4_1  | 2019-11-07 08:48:45,054 INFO server.RaftServerConfigKeys: raft.server.rpcslowness.timeout = 120s (custom)
datanode_2_1  | 2019-11-07 08:48:45,082 INFO server.RaftServerConfigKeys: raft.server.log.purge.gap = 1000000 (custom)
datanode_3_1  | 2019-11-07 08:48:44,928 INFO util.JmxRegister: Successfully registered JMX Bean with object name Ratis:service=RaftServer,group=group-6C0AC02D36C1,id=8eb0784a-a7f7-49c0-b92b-e4c94bf48b56
scm_1         | WARNING: Please consider reporting this to the maintainers of org.apache.ratis.thirdparty.com.google.protobuf.UnsafeUtil
datanode_1_1  | 2019-11-07 08:48:45,056 INFO server.RaftServerConfigKeys: raft.server.rpc.timeout.min = 5s (custom)
datanode_4_1  | 2019-11-07 08:48:45,054 INFO server.RaftServerConfigKeys: raft.server.sleep.deviation.threshold = 300 (default)
datanode_2_1  | 2019-11-07 08:48:45,082 INFO server.RaftServerConfigKeys: raft.server.log.appender.buffer.byte-limit = 33554432 (custom)
datanode_3_1  | 2019-11-07 08:48:44,930 WARN impl.MetricRegistriesImpl: First MetricRegistry has been created without registering reporters. You may need to call MetricRegistries.global().addReportRegistration(...) before.
scm_1         | WARNING: Use --illegal-access=warn to enable warnings of further illegal reflective access operations
datanode_1_1  | 2019-11-07 08:48:45,056 INFO server.RaftServerConfigKeys: raft.server.rpc.timeout.max = 5200ms (custom)
datanode_4_1  | 2019-11-07 08:48:45,054 INFO server.RaftServerConfigKeys: raft.server.log.appender.install.snapshot.enabled = false (custom)
datanode_2_1  | 2019-11-07 08:48:45,082 INFO server.RaftServerConfigKeys: raft.server.log.segment.size.max = 1048576 (custom)
scm_1         | WARNING: All illegal access operations will be denied in a future release
datanode_3_1  | 2019-11-07 08:48:50,007 INFO impl.FollowerState: 8eb0784a-a7f7-49c0-b92b-e4c94bf48b56@group-6C0AC02D36C1-FollowerState: change to CANDIDATE, lastRpcTime:5084ms, electionTimeout:5083ms
datanode_1_1  | 2019-11-07 08:48:45,056 INFO server.RaftServerConfigKeys: raft.server.rpcslowness.timeout = 120s (custom)
datanode_4_1  | 2019-11-07 08:48:45,054 INFO impl.RaftServerImpl: 9abccbc1-0a8c-426e-9a38-c1c97c2f1bf0@group-0232B4FB3F1B: ConfigurationManager, init=-1: [9abccbc1-0a8c-426e-9a38-c1c97c2f1bf0:10.5.0.7:9858, f1395628-ad4e-4c76-a588-d4275d03f077:10.5.0.5:9858, 1354c5af-5ec0-4bee-99d0-126b5a4f6314:10.5.0.4:9858], old=null, confs=<EMPTY_MAP>
datanode_2_1  | 2019-11-07 08:48:45,082 INFO server.RaftServerConfigKeys: raft.server.log.segment.cache.num.max = 2 (custom)
scm_1         | 2019-11-07 08:48:43,533 INFO pipeline.PipelineStateManager: Created pipeline Pipeline[ Id: 57411879-6a64-44a2-abfb-b061c5f3c316, Nodes: 1354c5af-5ec0-4bee-99d0-126b5a4f6314{ip: 10.5.0.4, host: ozone-topology_datanode_1_1.ozone-topology_net, networkLocation: /rack1, certSerialId: null}, Type:RATIS, Factor:ONE, State:OPEN]
datanode_3_1  | 2019-11-07 08:48:50,009 INFO impl.RoleInfo: 8eb0784a-a7f7-49c0-b92b-e4c94bf48b56: shutdown FollowerState
datanode_2_1  | 2019-11-07 08:48:45,082 INFO segmented.SegmentedRaftLogWorker: new f1395628-ad4e-4c76-a588-d4275d03f077@group-0232B4FB3F1B-SegmentedRaftLogWorker for RaftStorage:Storage Directory /data/metadata/ratis/3a19d5aa-7a5e-4caf-87fc-0232b4fb3f1b
scm_1         | 2019-11-07 08:48:44,009 INFO pipeline.PipelineStateManager: Created pipeline Pipeline[ Id: 49552b68-e9c1-4d01-8946-a1dd29a8ac5d, Nodes: 9abccbc1-0a8c-426e-9a38-c1c97c2f1bf0{ip: 10.5.0.7, host: ozone-topology_datanode_4_1.ozone-topology_net, networkLocation: /rack2, certSerialId: null}, Type:RATIS, Factor:ONE, State:OPEN]
datanode_1_1  | 2019-11-07 08:48:45,056 INFO server.RaftServerConfigKeys: raft.server.sleep.deviation.threshold = 300 (default)
datanode_3_1  | 2019-11-07 08:48:50,009 INFO impl.RaftServerImpl: 8eb0784a-a7f7-49c0-b92b-e4c94bf48b56@group-6C0AC02D36C1: changes role from  FOLLOWER to CANDIDATE at term 0 for changeToCandidate
datanode_2_1  | 2019-11-07 08:48:45,082 INFO server.RaftServerConfigKeys: raft.server.log.queue.byte-limit = 2147483647 (custom)
scm_1         | 2019-11-07 08:48:44,501 INFO pipeline.PipelineStateManager: Created pipeline Pipeline[ Id: 533406fd-e30a-432c-a806-c7fe12251793, Nodes: f1395628-ad4e-4c76-a588-d4275d03f077{ip: 10.5.0.5, host: ozone-topology_datanode_2_1.ozone-topology_net, networkLocation: /rack1, certSerialId: null}, Type:RATIS, Factor:ONE, State:OPEN]
datanode_1_1  | 2019-11-07 08:48:45,057 INFO server.RaftServerConfigKeys: raft.server.log.appender.install.snapshot.enabled = false (custom)
datanode_4_1  | 2019-11-07 08:48:45,055 INFO server.RaftServerConfigKeys: raft.server.storage.dir = [/data/metadata/ratis] (custom)
datanode_3_1  | 2019-11-07 08:48:50,013 INFO impl.RoleInfo: 8eb0784a-a7f7-49c0-b92b-e4c94bf48b56: start LeaderElection
scm_1         | 2019-11-07 08:48:44,998 INFO pipeline.PipelineStateManager: Created pipeline Pipeline[ Id: 210aa9b1-9a0b-4fab-97d8-6c0ac02d36c1, Nodes: 8eb0784a-a7f7-49c0-b92b-e4c94bf48b56{ip: 10.5.0.6, host: ozone-topology_datanode_3_1.ozone-topology_net, networkLocation: /rack1, certSerialId: null}, Type:RATIS, Factor:ONE, State:OPEN]
datanode_1_1  | 2019-11-07 08:48:45,057 INFO impl.RaftServerImpl: 1354c5af-5ec0-4bee-99d0-126b5a4f6314@group-0232B4FB3F1B: ConfigurationManager, init=-1: [9abccbc1-0a8c-426e-9a38-c1c97c2f1bf0:10.5.0.7:9858, f1395628-ad4e-4c76-a588-d4275d03f077:10.5.0.5:9858, 1354c5af-5ec0-4bee-99d0-126b5a4f6314:10.5.0.4:9858], old=null, confs=<EMPTY_MAP>
datanode_2_1  | 2019-11-07 08:48:45,083 INFO server.RaftServerConfigKeys: raft.server.log.queue.element-limit = 1024 (custom)
datanode_4_1  | 2019-11-07 08:48:45,055 INFO server.RaftServerConfigKeys: raft.server.log.corruption.policy = EXCEPTION (default)
scm_1         | 2019-11-07 08:48:45,107 INFO pipeline.PipelineStateManager: Created pipeline Pipeline[ Id: 3a19d5aa-7a5e-4caf-87fc-0232b4fb3f1b, Nodes: 9abccbc1-0a8c-426e-9a38-c1c97c2f1bf0{ip: 10.5.0.7, host: ozone-topology_datanode_4_1.ozone-topology_net, networkLocation: /rack2, certSerialId: null}f1395628-ad4e-4c76-a588-d4275d03f077{ip: 10.5.0.5, host: ozone-topology_datanode_2_1.ozone-topology_net, networkLocation: /rack1, certSerialId: null}1354c5af-5ec0-4bee-99d0-126b5a4f6314{ip: 10.5.0.4, host: ozone-topology_datanode_1_1.ozone-topology_net, networkLocation: /rack1, certSerialId: null}, Type:RATIS, Factor:THREE, State:OPEN]
datanode_3_1  | 2019-11-07 08:48:50,038 INFO impl.LeaderElection: 8eb0784a-a7f7-49c0-b92b-e4c94bf48b56@group-6C0AC02D36C1-LeaderElection1: begin an election at term 1 for -1: [8eb0784a-a7f7-49c0-b92b-e4c94bf48b56:10.5.0.6:9858], old=null
datanode_1_1  | 2019-11-07 08:48:45,057 INFO server.RaftServerConfigKeys: raft.server.storage.dir = [/data/metadata/ratis] (custom)
datanode_4_1  | 2019-11-07 08:48:45,055 INFO storage.RaftStorageDirectory: The storage directory /data/metadata/ratis/3a19d5aa-7a5e-4caf-87fc-0232b4fb3f1b does not exist. Creating ...
datanode_3_1  | 2019-11-07 08:48:50,039 INFO impl.RoleInfo: 8eb0784a-a7f7-49c0-b92b-e4c94bf48b56: shutdown LeaderElection
datanode_2_1  | 2019-11-07 08:48:45,083 INFO server.RaftServerConfigKeys: raft.server.log.segment.size.max = 1048576 (custom)
datanode_1_1  | 2019-11-07 08:48:45,057 INFO server.RaftServerConfigKeys: raft.server.log.corruption.policy = EXCEPTION (default)
datanode_4_1  | 2019-11-07 08:48:45,080 INFO storage.RaftStorageDirectory: Lock on /data/metadata/ratis/3a19d5aa-7a5e-4caf-87fc-0232b4fb3f1b/in_use.lock acquired by nodename 7@6d91f767160c
datanode_3_1  | 2019-11-07 08:48:50,040 INFO impl.RaftServerImpl: 8eb0784a-a7f7-49c0-b92b-e4c94bf48b56@group-6C0AC02D36C1: changes role from CANDIDATE to LEADER at term 1 for changeToLeader
datanode_2_1  | 2019-11-07 08:48:45,083 INFO server.RaftServerConfigKeys: raft.server.log.preallocated.size = 16384 (custom)
