datanode_1  | 2019-11-05 11:50:38,418 ERROR client.DNCertificateClient: Default certificate serial id is not set. Can't locate the default certificate for this client.
kdc_1       | Authenticating as principal admin/admin with keytab /tmp/admin.keytab.
kms_1       | 
scm_1       | WARNING: Please consider reporting this to the maintainers of org.apache.hadoop.security.authentication.util.KerberosUtil
datanode_3  | 2019-11-05 11:50:40,176 INFO ozone.OzoneSecurityUtil: Adding ip:172.19.0.8,host:0502bbc59f0b
datanode_2  | 2019-11-05 11:50:39,697 INFO client.DNCertificateClient: Creating keypair for client as keypair and certificate not found.
s3g_1       | 2019-11-05 11:50:41,502 INFO server.AbstractConnector: Started ServerConnector@4e8b357d{HTTP/1.1,[http/1.1]}{0.0.0.0:9878}
om_1        | ]
recon_1     | 	at picocli.CommandLine.parseWithHandler(CommandLine.java:1465)
datanode_1  | 2019-11-05 11:50:38,418 INFO client.DNCertificateClient: Certificate client init case: 0
kms_1       | [domain_realm]
scm_1       | WARNING: Use --illegal-access=warn to enable warnings of further illegal reflective access operations
kdc_1       | WARNING: no policy specified for dn/0502bbc59f0b@EXAMPLE.COM; defaulting to no policy
datanode_3  | 2019-11-05 11:50:40,176 INFO ozone.OzoneSecurityUtil: ip:127.0.0.1,host:localhost not returned.
datanode_2  | 2019-11-05 11:50:39,992 INFO ozone.HddsDatanodeService: Init response: GETCERT
s3g_1       | 2019-11-05 11:50:41,503 INFO server.Server: Started @4228ms
om_1        | 2019-11-05 11:50:44,748 INFO om.OzoneManager: Successfully stored SCM signed certificate.
recon_1     | 	at org.apache.hadoop.hdds.cli.GenericCli.execute(GenericCli.java:65)
datanode_1  | 2019-11-05 11:50:38,419 INFO client.DNCertificateClient: Creating keypair for client as keypair and certificate not found.
kms_1       |  .example.com = EXAMPLE.COM
scm_1       | WARNING: All illegal access operations will be denied in a future release
datanode_3  | 2019-11-05 11:50:40,181 INFO ozone.HddsDatanodeService: Creating csr for DN-> subject:root@0502bbc59f0b
datanode_2  | 2019-11-05 11:50:40,003 INFO ozone.OzoneSecurityUtil: Adding ip:172.19.0.7,host:eb55be88d695
s3g_1       | 2019-11-05 11:50:41,506 INFO server.BaseHttpServer: HTTP server of S3GATEWAY is listening at http://0.0.0.0:9878
kdc_1       | Principal "dn/0502bbc59f0b@EXAMPLE.COM" created.
om_1        | OM initialization succeeded.Current cluster id for sd=/data/metadata/om;cid=CID-f34fe53e-3eac-4119-be7b-bbce6c60453a
recon_1     | 	at org.apache.hadoop.hdds.cli.GenericCli.run(GenericCli.java:56)
datanode_1  | 2019-11-05 11:50:38,874 INFO ozone.HddsDatanodeService: Init response: GETCERT
scm_1       | 2019-11-05 11:50:39,761 INFO security.UserGroupInformation: Login successful for user scm/scm@EXAMPLE.COM using keytab file /etc/security/keytabs/scm.keytab
datanode_3  | 2019-11-05 11:50:41,397 INFO ipc.Client: Retrying connect to server: scm/172.19.0.6:9961. Already tried 0 time(s); retry policy is RetryUpToMaximumCountWithFixedSleep(maxRetries=2147483647, sleepTime=1000 MILLISECONDS)
datanode_2  | 2019-11-05 11:50:40,004 INFO ozone.OzoneSecurityUtil: ip:127.0.0.1,host:localhost not returned.
s3g_1       | 2019-11-05 11:58:01,653 INFO endpoint.BucketEndpoint: Location is /bucket-test123
om_1        | 2019-11-05 11:50:44,791 INFO om.OzoneManagerStarter: SHUTDOWN_MSG: 
kdc_1       | Authenticating as principal admin/admin with keytab /tmp/admin.keytab.
kms_1       | WARNING: /opt/hadoop/temp does not exist. Creating.
recon_1     | 	at org.apache.hadoop.ozone.recon.ReconServer.main(ReconServer.java:52)
scm_1       | 2019-11-05 11:50:39,761 INFO server.StorageContainerManager: SCM login successful.
datanode_1  | 2019-11-05 11:50:38,920 INFO ozone.OzoneSecurityUtil: Adding ip:172.19.0.3,host:60e8db077e5b
datanode_3  | 2019-11-05 11:50:43,753 INFO ozone.HddsDatanodeService: Successfully stored SCM signed certificate, case:GETCERT.
datanode_2  | 2019-11-05 11:50:40,011 INFO ozone.HddsDatanodeService: Creating csr for DN-> subject:root@eb55be88d695
s3g_1       | 2019-11-05 11:58:04,797 WARN ipc.Client: Exception encountered while connecting to the server : org.apache.hadoop.ipc.RemoteException(org.apache.hadoop.security.token.SecretManager$InvalidToken): No S3 secret found for S3 identifier:OzoneToken owner=dlfknslnfslf, renewer=, realUser=, issueDate=0, maxDate=0, sequenceNumber=0, masterKeyId=0, strToSign=AWS4-HMAC-SHA256
om_1        | /************************************************************
kdc_1       | Entry for principal dn/0502bbc59f0b@EXAMPLE.COM with kvno 2, encryption type aes256-cts-hmac-sha1-96 added to keytab WRFILE:/data/dn.0502bbc59f0b.keytab.
kms_1       | WARNING: /opt/hadoop/logs does not exist. Creating.
recon_1     | 2019-11-05 11:50:58,139 INFO recon.ReconServer: Stopping Recon server
scm_1       | 2019-11-05 11:50:39,763 WARN server.ServerUtils: ozone.scm.db.dirs is not configured. We recommend adding this setting. Falling back to ozone.metadata.dirs instead.
datanode_1  | 2019-11-05 11:50:38,925 INFO ozone.OzoneSecurityUtil: ip:127.0.0.1,host:localhost not returned.
datanode_3  | 2019-11-05 11:50:43,824 INFO volume.HddsVolume: Creating Volume: /data/hdds/hdds of  storage type : DISK and capacity : 10908285698048
s3g_1       | 20191105T115804Z
om_1        | SHUTDOWN_MSG: Shutting down OzoneManager at om/172.19.0.9
kdc_1       | Entry for principal dn/0502bbc59f0b@EXAMPLE.COM with kvno 2, encryption type aes128-cts-hmac-sha1-96 added to keytab WRFILE:/data/dn.0502bbc59f0b.keytab.
recon_1     | java.lang.NullPointerException
scm_1       | 2019-11-05 11:50:39,792 INFO util.log: Logging initialized @1410ms
kms_1       | Nov 05, 2019 11:50:39 AM com.sun.jersey.api.core.PackagesResourceConfig init
datanode_1  | 2019-11-05 11:50:38,934 INFO ozone.HddsDatanodeService: Creating csr for DN-> subject:root@60e8db077e5b
datanode_2  | 2019-11-05 11:50:41,189 INFO ipc.Client: Retrying connect to server: scm/172.19.0.6:9961. Already tried 0 time(s); retry policy is RetryUpToMaximumCountWithFixedSleep(maxRetries=2147483647, sleepTime=1000 MILLISECONDS)
datanode_3  | 2019-11-05 11:50:43,825 INFO volume.VolumeSet: Added Volume : /data/hdds/hdds to VolumeSet
om_1        | ************************************************************/
kdc_1       | Generiting keytab
recon_1     | 	at org.apache.hadoop.ozone.recon.ReconServer.stop(ReconServer.java:115)
scm_1       | 2019-11-05 11:50:39,887 INFO db.DBStoreBuilder: using custom profile for table: deletedBlocks
kms_1       | INFO: Scanning for root resource and provider classes in the packages:
datanode_1  | 2019-11-05 11:50:40,234 INFO ipc.Client: Retrying connect to server: scm/172.19.0.6:9961. Already tried 0 time(s); retry policy is RetryUpToMaximumCountWithFixedSleep(maxRetries=2147483647, sleepTime=1000 MILLISECONDS)
datanode_2  | 2019-11-05 11:50:42,190 INFO ipc.Client: Retrying connect to server: scm/172.19.0.6:9961. Already tried 1 time(s); retry policy is RetryUpToMaximumCountWithFixedSleep(maxRetries=2147483647, sleepTime=1000 MILLISECONDS)
s3g_1       | 20191105/us-west-1/s3/aws4_request
datanode_3  | 2019-11-05 11:50:43,833 INFO volume.ThrottledAsyncChecker: Scheduling a check for /data/hdds/hdds
kdc_1       | Authenticating as principal admin/admin with keytab /tmp/admin.keytab.
recon_1     | 	at org.apache.hadoop.ozone.recon.ReconServer.call(ReconServer.java:100)
scm_1       | 2019-11-05 11:50:39,887 INFO db.DBStoreBuilder: Using default column profile:DBProfile.DISK for Table:deletedBlocks
kms_1       |   org.apache.hadoop.crypto.key.kms.server
datanode_1  | 2019-11-05 11:50:41,236 INFO ipc.Client: Retrying connect to server: scm/172.19.0.6:9961. Already tried 1 time(s); retry policy is RetryUpToMaximumCountWithFixedSleep(maxRetries=2147483647, sleepTime=1000 MILLISECONDS)
datanode_2  | 2019-11-05 11:50:43,756 INFO ozone.HddsDatanodeService: Successfully stored SCM signed certificate, case:GETCERT.
s3g_1       | b34990838909aaa6c31099b640fb5fdf0c96da19e7ef9a0e4e159cd85f68d81b, signature=8dacc2555107442766ef8021179f83558e26e5d595c79a1bf74226a48a674790, awsAccessKeyId=dlfknslnfslf
om_1        | 2019-11-05 11:50:45,671 INFO om.OzoneManagerStarter: STARTUP_MSG: 
datanode_3  | 2019-11-05 11:50:43,853 INFO volume.HddsVolumeChecker: Scheduled health check for volume /data/hdds/hdds
kdc_1       | WARNING: no policy specified for dn/om@EXAMPLE.COM; defaulting to no policy
recon_1     | 	at org.apache.hadoop.ozone.recon.ReconServer.call(ReconServer.java:41)
scm_1       | 2019-11-05 11:50:39,888 INFO db.DBStoreBuilder: using custom profile for table: validCerts
kms_1       | Nov 05, 2019 11:50:40 AM com.sun.jersey.api.core.ScanningResourceConfig logClasses
datanode_1  | 2019-11-05 11:50:42,237 INFO ipc.Client: Retrying connect to server: scm/172.19.0.6:9961. Already tried 2 time(s); retry policy is RetryUpToMaximumCountWithFixedSleep(maxRetries=2147483647, sleepTime=1000 MILLISECONDS)
datanode_2  | 2019-11-05 11:50:43,830 INFO volume.HddsVolume: Creating Volume: /data/hdds/hdds of  storage type : DISK and capacity : 10908285698048
s3g_1       | 2019-11-05 11:58:04,804 WARN ipc.Client: Exception encountered while connecting to the server : org.apache.hadoop.ipc.RemoteException(org.apache.hadoop.security.token.SecretManager$InvalidToken): No S3 secret found for S3 identifier:OzoneToken owner=dlfknslnfslf, renewer=, realUser=, issueDate=0, maxDate=0, sequenceNumber=0, masterKeyId=0, strToSign=AWS4-HMAC-SHA256
om_1        | /************************************************************
datanode_3  | 2019-11-05 11:50:44,305 WARN scm.HddsServerUtil: Storage directory for Ratis is not configured. It is a good idea to map this to an SSD disk. Falling back to ozone.metadata.dirs
kdc_1       | Principal "dn/om@EXAMPLE.COM" created.
recon_1     | 	at picocli.CommandLine.execute(CommandLine.java:1173)
scm_1       | 2019-11-05 11:50:39,888 INFO db.DBStoreBuilder: Using default column profile:DBProfile.DISK for Table:validCerts
kms_1       | INFO: Root resource classes found:
datanode_1  | 2019-11-05 11:50:43,762 INFO ozone.HddsDatanodeService: Successfully stored SCM signed certificate, case:GETCERT.
datanode_2  | 2019-11-05 11:50:43,832 INFO volume.VolumeSet: Added Volume : /data/hdds/hdds to VolumeSet
s3g_1       | 20191105T115804Z
om_1        | STARTUP_MSG: Starting OzoneManager
datanode_3  | 2019-11-05 11:50:44,342 INFO impl.RaftServerProxy: raft.rpc.type = GRPC (default)
kdc_1       | Authenticating as principal admin/admin with keytab /tmp/admin.keytab.
recon_1     | 	at picocli.CommandLine.access$800(CommandLine.java:141)
scm_1       | 2019-11-05 11:50:39,888 INFO db.DBStoreBuilder: using custom profile for table: revokedCerts
kms_1       |   class org.apache.hadoop.crypto.key.kms.server.KMS
datanode_1  | 2019-11-05 11:50:43,838 INFO volume.HddsVolume: Creating Volume: /data/hdds/hdds of  storage type : DISK and capacity : 10908285698048
datanode_2  | 2019-11-05 11:50:43,840 INFO volume.ThrottledAsyncChecker: Scheduling a check for /data/hdds/hdds
s3g_1       | 20191105/us-west-1/s3/aws4_request
om_1        | STARTUP_MSG:   host = om/172.19.0.9
datanode_3  | 2019-11-05 11:50:44,402 INFO grpc.GrpcConfigKeys$Server: raft.grpc.server.port = 9858 (custom)
kdc_1       | Entry for principal dn/om@EXAMPLE.COM with kvno 2, encryption type aes256-cts-hmac-sha1-96 added to keytab WRFILE:/data/dn.om.keytab.
recon_1     | 	at picocli.CommandLine$RunLast.handle(CommandLine.java:1367)
scm_1       | 2019-11-05 11:50:39,888 INFO db.DBStoreBuilder: Using default column profile:DBProfile.DISK for Table:revokedCerts
kms_1       | Nov 05, 2019 11:50:40 AM com.sun.jersey.api.core.ScanningResourceConfig logClasses
datanode_1  | 2019-11-05 11:50:43,839 INFO volume.VolumeSet: Added Volume : /data/hdds/hdds to VolumeSet
datanode_2  | 2019-11-05 11:50:43,863 INFO volume.HddsVolumeChecker: Scheduled health check for volume /data/hdds/hdds
s3g_1       | b34990838909aaa6c31099b640fb5fdf0c96da19e7ef9a0e4e159cd85f68d81b, signature=8dacc2555107442766ef8021179f83558e26e5d595c79a1bf74226a48a674790, awsAccessKeyId=dlfknslnfslf
om_1        | STARTUP_MSG:   args = []
datanode_3  | 2019-11-05 11:50:44,403 INFO server.GrpcService: raft.grpc.message.size.max = 33570816 (custom)
kdc_1       | Entry for principal dn/om@EXAMPLE.COM with kvno 2, encryption type aes128-cts-hmac-sha1-96 added to keytab WRFILE:/data/dn.om.keytab.
recon_1     | 	at picocli.CommandLine$RunLast.handle(CommandLine.java:1335)
scm_1       | 2019-11-05 11:50:39,901 INFO db.DBStoreBuilder: using custom profile for table: default
kms_1       | INFO: Provider classes found:
datanode_1  | 2019-11-05 11:50:43,849 INFO volume.ThrottledAsyncChecker: Scheduling a check for /data/hdds/hdds
datanode_2  | 2019-11-05 11:50:44,369 WARN scm.HddsServerUtil: Storage directory for Ratis is not configured. It is a good idea to map this to an SSD disk. Falling back to ozone.metadata.dirs
s3g_1       | 2019-11-05 11:58:04,805 INFO retry.RetryInvocationHandler: com.google.protobuf.ServiceException: org.apache.hadoop.ipc.RemoteException(org.apache.hadoop.security.token.SecretManager$InvalidToken): No S3 secret found for S3 identifier:OzoneToken owner=dlfknslnfslf, renewer=, realUser=, issueDate=0, maxDate=0, sequenceNumber=0, masterKeyId=0, strToSign=AWS4-HMAC-SHA256
om_1        | STARTUP_MSG:   version = 3.2.0
datanode_3  | 2019-11-05 11:50:44,405 INFO server.RaftServerConfigKeys: raft.server.log.appender.buffer.byte-limit = 33554432 (custom)
kdc_1       | Generiting keytab
recon_1     | 	at picocli.CommandLine$AbstractParseResultHandler.handleParseResult(CommandLine.java:1243)
scm_1       | 2019-11-05 11:50:39,902 INFO db.DBStoreBuilder: Using default column profile:DBProfile.DISK for Table:default
kms_1       |   class org.apache.hadoop.crypto.key.kms.server.KMSJSONWriter
datanode_1  | 2019-11-05 11:50:43,866 INFO volume.HddsVolumeChecker: Scheduled health check for volume /data/hdds/hdds
datanode_2  | 2019-11-05 11:50:44,407 INFO impl.RaftServerProxy: raft.rpc.type = GRPC (default)
s3g_1       | 20191105T115804Z
datanode_3  | 2019-11-05 11:50:44,406 INFO server.GrpcService: raft.grpc.flow.control.window = 1MB (=1048576) (default)
om_1        | STARTUP_MSG:   classpath = /etc/hadoop:/opt/hadoop/share/hadoop/common/*:/opt/hadoop/share/ozone/lib/kerb-simplekdc-1.0.1.jar:/opt/hadoop/share/ozone/lib/protobuf-java-2.5.0.jar:/opt/hadoop/share/ozone/lib/bcpkix-jdk15on-1.60.jar:/opt/hadoop/share/ozone/lib/sqlite-jdbc-3.25.2.jar:/opt/hadoop/share/ozone/lib/netty-3.10.5.Final.jar:/opt/hadoop/share/ozone/lib/commons-validator-1.6.jar:/opt/hadoop/share/ozone/lib/jaxb-impl-2.3.0.1.jar:/opt/hadoop/share/ozone/lib/kerb-core-1.0.1.jar:/opt/hadoop/share/ozone/lib/hadoop-ozone-common-0.5.0-SNAPSHOT.jar:/opt/hadoop/share/ozone/lib/ratis-thirdparty-misc-0.2.0.jar:/opt/hadoop/share/ozone/lib/jsr305-3.0.0.jar:/opt/hadoop/share/ozone/lib/leveldbjni-all-1.8.jar:/opt/hadoop/share/ozone/lib/htrace-core4-4.1.0-incubating.jar:/opt/hadoop/share/ozone/lib/hadoop-annotations-3.2.0.jar:/opt/hadoop/share/ozone/lib/hadoop-hdds-tools-0.5.0-SNAPSHOT.jar:/opt/hadoop/share/ozone/lib/kerb-util-1.0.1.jar:/opt/hadoop/share/ozone/lib/jackson-jaxrs-1.9.13.jar:/opt/hadoop/share/ozone/lib/ratis-server-0.5.0-d6d58d0-SNAPSHOT.jar:/opt/hadoop/share/ozone/lib/kerby-xdr-1.0.1.jar:/opt/hadoop/share/ozone/lib/jetty-webapp-9.3.25.v20180904.jar:/opt/hadoop/share/ozone/lib/jackson-core-asl-1.9.13.jar:/opt/hadoop/share/ozone/lib/commons-net-3.6.jar:/opt/hadoop/share/ozone/lib/log4j-api-2.11.0.jar:/opt/hadoop/share/ozone/lib/netty-all-4.0.52.Final.jar:/opt/hadoop/share/ozone/lib/hadoop-hdfs-3.2.0.jar:/opt/hadoop/share/ozone/lib/jline-0.9.94.jar:/opt/hadoop/share/ozone/lib/opentracing-api-0.31.0.jar:/opt/hadoop/share/ozone/lib/hadoop-hdds-server-framework-0.5.0-SNAPSHOT.jar:/opt/hadoop/share/ozone/lib/slf4j-log4j12-1.7.25.jar:/opt/hadoop/share/ozone/lib/hadoop-hdfs-client-3.2.0.jar:/opt/hadoop/share/ozone/lib/kerby-config-1.0.1.jar:/opt/hadoop/share/ozone/lib/jetty-util-9.3.25.v20180904.jar:/opt/hadoop/share/ozone/lib/libthrift-0.12.0.jar:/opt/hadoop/share/ozone/lib/metrics-core-3.2.4.jar:/opt/hadoop/share/ozone/lib/kerby-pkix-1.0.1.jar:/opt/hadoop/share/ozone/lib/xz-1.0.jar:/opt/hadoop/share/ozone/lib/hadoop-hdds-config-0.5.0-SNAPSHOT.jar:/opt/hadoop/share/ozone/lib/nimbus-jose-jwt-4.41.1.jar:/opt/hadoop/share/ozone/lib/jsr311-api-1.1.1.jar:/opt/hadoop/share/ozone/lib/commons-beanutils-1.9.4.jar:/opt/hadoop/share/ozone/lib/ratis-grpc-0.5.0-d6d58d0-SNAPSHOT.jar:/opt/hadoop/share/ozone/lib/ratis-netty-0.5.0-d6d58d0-SNAPSHOT.jar:/opt/hadoop/share/ozone/lib/javax.servlet-api-3.1.0.jar:/opt/hadoop/share/ozone/lib/kerb-server-1.0.1.jar:/opt/hadoop/share/ozone/lib/zookeeper-3.4.13.jar:/opt/hadoop/share/ozone/lib/avro-1.7.7.jar:/opt/hadoop/share/ozone/lib/kerb-client-1.0.1.jar:/opt/hadoop/share/ozone/lib/jackson-xc-1.9.13.jar:/opt/hadoop/share/ozone/lib/disruptor-3.4.2.jar:/opt/hadoop/share/ozone/lib/guava-11.0.2.jar:/opt/hadoop/share/ozone/lib/ratis-client-0.5.0-d6d58d0-SNAPSHOT.jar:/opt/hadoop/share/ozone/lib/hadoop-hdds-common-0.5.0-SNAPSHOT.jar:/opt/hadoop/share/ozone/lib/curator-framework-2.12.0.jar:/opt/hadoop/share/ozone/lib/dnsjava-2.1.7.jar:/opt/hadoop/share/ozone/lib/commons-configuration2-2.1.1.jar:/opt/hadoop/share/ozone/lib/json-smart-2.3.jar:/opt/hadoop/share/ozone/lib/token-provider-1.0.1.jar:/opt/hadoop/share/ozone/lib/log4j-1.2.17.jar:/opt/hadoop/share/ozone/lib/commons-daemon-1.0.13.jar:/opt/hadoop/share/ozone/lib/bcprov-jdk15on-1.60.jar:/opt/hadoop/share/ozone/lib/ratis-metrics-0.5.0-d6d58d0-SNAPSHOT.jar:/opt/hadoop/share/ozone/lib/commons-lang3-3.7.jar:/opt/hadoop/share/ozone/lib/commons-compress-1.4.1.jar:/opt/hadoop/share/ozone/lib/jaeger-client-0.34.0.jar:/opt/hadoop/share/ozone/lib/jetty-server-9.3.25.v20180904.jar:/opt/hadoop/share/ozone/lib/accessors-smart-1.2.jar:/opt/hadoop/share/ozone/lib/re2j-1.1.jar:/opt/hadoop/share/ozone/lib/curator-recipes-2.12.0.jar:/opt/hadoop/share/ozone/lib/jackson-core-2.9.9.jar:/opt/hadoop/share/ozone/lib/commons-math3-3.1.1.jar:/opt/hadoop/share/ozone/lib/opentracing-noop-0.31.0.jar:/opt/hadoop/share/ozone/lib/httpclient-4.5.2.jar:/opt/hadoop/share/ozone/lib/jaeger-core-0.34.0.jar:/opt/hadoop/share/ozone/lib/asm-5.0.4.jar:/opt/hadoop/share/ozone/lib/curator-client-2.12.0.jar:/opt/hadoop/share/ozone/lib/audience-annotations-0.5.0.jar:/opt/hadoop/share/ozone/lib/kerby-util-1.0.1.jar:/opt/hadoop/share/ozone/lib/jackson-mapper-asl-1.9.13.jar:/opt/hadoop/share/ozone/lib/rocksdbjni-6.0.1.jar:/opt/hadoop/share/ozone/lib/jsp-api-2.1.jar:/opt/hadoop/share/ozone/lib/jsch-0.1.54.jar:/opt/hadoop/share/ozone/lib/opentracing-tracerresolver-0.1.5.jar:/opt/hadoop/share/ozone/lib/paranamer-2.3.jar:/opt/hadoop/share/ozone/lib/log4j-core-2.11.0.jar:/opt/hadoop/share/ozone/lib/jetty-io-9.3.25.v20180904.jar:/opt/hadoop/share/ozone/lib/jetty-xml-9.3.25.v20180904.jar:/opt/hadoop/share/ozone/lib/commons-codec-1.11.jar:/opt/hadoop/share/ozone/lib/commons-pool2-2.6.0.jar:/opt/hadoop/share/ozone/lib/gson-2.2.4.jar:/opt/hadoop/share/ozone/lib/jcip-annotations-1.0-1.jar:/opt/hadoop/share/ozone/lib/kerb-admin-1.0.1.jar:/opt/hadoop/share/ozone/lib/okio-1.13.0.jar:/opt/hadoop/share/ozone/lib/commons-io-2.5.jar:/opt/hadoop/share/ozone/lib/snakeyaml-1.16.jar:/opt/hadoop/share/ozone/lib/hadoop-ozone-client-0.5.0-SNAPSHOT.jar:/opt/hadoop/share/ozone/lib/jersey-core-1.19.jar:/opt/hadoop/share/ozone/lib/jackson-databind-2.9.9.jar:/opt/hadoop/share/ozone/lib/hadoop-hdds-container-service-0.5.0-SNAPSHOT.jar:/opt/hadoop/share/ozone/lib/picocli-3.9.6.jar:/opt/hadoop/share/ozone/lib/jaeger-thrift-0.34.0.jar:/opt/hadoop/share/ozone/lib/ratis-common-0.5.0-d6d58d0-SNAPSHOT.jar:/opt/hadoop/share/ozone/lib/jackson-annotations-2.9.9.jar:/opt/hadoop/share/ozone/lib/commons-cli-1.2.jar:/opt/hadoop/share/ozone/lib/hadoop-hdds-docs-0.5.0-SNAPSHOT.jar:/opt/hadoop/share/ozone/lib/woodstox-core-5.0.3.jar:/opt/hadoop/share/ozone/lib/javax.annotation-api-1.2.jar:/opt/hadoop/share/ozone/lib/snappy-java-1.0.5.jar:/opt/hadoop/share/ozone/lib/jaeger-tracerresolver-0.34.0.jar:/opt/hadoop/share/ozone/lib/jetty-security-9.3.25.v20180904.jar:/opt/hadoop/share/ozone/lib/jetty-http-9.3.25.v20180904.jar:/opt/hadoop/share/ozone/lib/kerby-asn1-1.0.1.jar:/opt/hadoop/share/ozone/lib/okhttp-3.9.0.jar:/opt/hadoop/share/ozone/lib/stax2-api-3.1.4.jar:/opt/hadoop/share/ozone/lib/commons-digester-1.8.1.jar:/opt/hadoop/share/ozone/lib/commons-collections-3.2.2.jar:/opt/hadoop/share/ozone/lib/jettison-1.1.jar:/opt/hadoop/share/ozone/lib/commons-text-1.4.jar:/opt/hadoop/share/ozone/lib/jersey-servlet-1.19.jar:/opt/hadoop/share/ozone/lib/jersey-json-1.19.jar:/opt/hadoop/share/ozone/lib/slf4j-api-1.7.25.jar:/opt/hadoop/share/ozone/lib/jetty-util-ajax-9.3.25.v20180904.jar:/opt/hadoop/share/ozone/lib/commons-logging-1.1.3.jar:/opt/hadoop/share/ozone/lib/hadoop-hdds-client-0.5.0-SNAPSHOT.jar:/opt/hadoop/share/ozone/lib/kerb-identity-1.0.1.jar:/opt/hadoop/share/ozone/lib/ratis-proto-0.5.0-d6d58d0-SNAPSHOT.jar:/opt/hadoop/share/ozone/lib/opentracing-util-0.31.0.jar:/opt/hadoop/share/ozone/lib/hadoop-common-3.2.0.jar:/opt/hadoop/share/ozone/lib/hadoop-auth-3.2.0.jar:/opt/hadoop/share/ozone/lib/kerb-common-1.0.1.jar:/opt/hadoop/share/ozone/lib/jetty-servlet-9.3.25.v20180904.jar:/opt/hadoop/share/ozone/lib/jersey-server-1.19.jar:/opt/hadoop/share/ozone/lib/kerb-crypto-1.0.1.jar:/opt/hadoop/share/ozone/lib/httpcore-4.4.4.jar:/opt/hadoop/share/ozone/web:/opt/hadoop/share/ozone/lib/hadoop-ozone-ozone-manager-0.5.0-SNAPSHOT.jar
kdc_1       | Authenticating as principal admin/admin with keytab /tmp/admin.keytab.
recon_1     | 	at picocli.CommandLine.parseWithHandlers(CommandLine.java:1526)
scm_1       | 2019-11-05 11:50:39,903 INFO db.DBStoreBuilder: Using default options. DBProfile.DISK
kms_1       |   class org.apache.hadoop.crypto.key.kms.server.KMSExceptionsProvider
datanode_1  | 2019-11-05 11:50:44,359 WARN scm.HddsServerUtil: Storage directory for Ratis is not configured. It is a good idea to map this to an SSD disk. Falling back to ozone.metadata.dirs
datanode_2  | 2019-11-05 11:50:44,487 INFO grpc.GrpcConfigKeys$Server: raft.grpc.server.port = 9858 (custom)
s3g_1       | 20191105/us-west-1/s3/aws4_request
datanode_3  | 2019-11-05 11:50:44,407 INFO server.RaftServerConfigKeys: raft.server.rpc.request.timeout = 3000ms (default)
kdc_1       | WARNING: no policy specified for om/scm@EXAMPLE.COM; defaulting to no policy
recon_1     | 	at picocli.CommandLine.parseWithHandler(CommandLine.java:1465)
om_1        | STARTUP_MSG:   build = https://github.com/apache/hadoop.git -r e97acb3bd8f3befd27418996fa5d4b50bf2e17bf; compiled by 'sunilg' on 2019-01-15T17:34Z
kms_1       |   class org.apache.hadoop.crypto.key.kms.server.KMSJSONReader
datanode_1  | 2019-11-05 11:50:44,393 INFO impl.RaftServerProxy: raft.rpc.type = GRPC (default)
s3g_1       | b34990838909aaa6c31099b640fb5fdf0c96da19e7ef9a0e4e159cd85f68d81b, signature=8dacc2555107442766ef8021179f83558e26e5d595c79a1bf74226a48a674790, awsAccessKeyId=dlfknslnfslf, while invoking $Proxy83.submitRequest over nodeId=null,nodeAddress=om:9862 after 1 failover attempts. Trying to failover immediately.
datanode_2  | 2019-11-05 11:50:44,488 INFO server.GrpcService: raft.grpc.message.size.max = 33570816 (custom)
scm_1       | 2019-11-05 11:50:41,328 INFO ipc.CallQueueManager: Using callQueue: class java.util.concurrent.LinkedBlockingQueue, queueCapacity: 200, scheduler: class org.apache.hadoop.ipc.DefaultRpcScheduler, ipcBackoff: false.
kdc_1       | Principal "om/scm@EXAMPLE.COM" created.
recon_1     | 	at org.apache.hadoop.hdds.cli.GenericCli.execute(GenericCli.java:65)
om_1        | STARTUP_MSG:   java = 11.0.3
kms_1       | Nov 05, 2019 11:50:40 AM com.sun.jersey.server.impl.application.WebApplicationImpl _initiate
datanode_3  | 2019-11-05 11:50:44,552 INFO server.RaftServerConfigKeys: raft.server.storage.dir = [/data/metadata/ratis] (custom)
datanode_1  | 2019-11-05 11:50:44,456 INFO grpc.GrpcConfigKeys$Server: raft.grpc.server.port = 9858 (custom)
s3g_1       | 2019-11-05 11:58:04,810 WARN ipc.Client: Exception encountered while connecting to the server : org.apache.hadoop.ipc.RemoteException(org.apache.hadoop.security.token.SecretManager$InvalidToken): No S3 secret found for S3 identifier:OzoneToken owner=dlfknslnfslf, renewer=, realUser=, issueDate=0, maxDate=0, sequenceNumber=0, masterKeyId=0, strToSign=AWS4-HMAC-SHA256
datanode_2  | 2019-11-05 11:50:44,490 INFO server.RaftServerConfigKeys: raft.server.log.appender.buffer.byte-limit = 33554432 (custom)
scm_1       | 2019-11-05 11:50:41,363 INFO ipc.Server: Starting Socket Reader #1 for port 9961
kdc_1       | Authenticating as principal admin/admin with keytab /tmp/admin.keytab.
recon_1     | 	at org.apache.hadoop.hdds.cli.GenericCli.run(GenericCli.java:56)
om_1        | ************************************************************/
kms_1       | INFO: Initiating Jersey application, version 'Jersey: 1.19 02/11/2015 03:25 AM'
datanode_3  | 2019-11-05 11:50:44,638 INFO hdfs.DFSUtil: Starting web server as: HTTP/0502bbc59f0b@EXAMPLE.COM
datanode_1  | 2019-11-05 11:50:44,457 INFO server.GrpcService: raft.grpc.message.size.max = 33570816 (custom)
s3g_1       | 20191105T115804Z
datanode_2  | 2019-11-05 11:50:44,491 INFO server.GrpcService: raft.grpc.flow.control.window = 1MB (=1048576) (default)
scm_1       | 2019-11-05 11:50:41,445 INFO net.NodeSchemaLoader: Loading file from java.lang.CompoundEnumeration@7c211fd0
kdc_1       | Entry for principal om/scm@EXAMPLE.COM with kvno 2, encryption type aes256-cts-hmac-sha1-96 added to keytab WRFILE:/data/om.scm.keytab.
recon_1     | 	at org.apache.hadoop.ozone.recon.ReconServer.main(ReconServer.java:52)
om_1        | 2019-11-05 11:50:45,681 INFO om.OzoneManagerStarter: registered UNIX signal handlers for [TERM, HUP, INT]
datanode_3  | 2019-11-05 11:50:44,638 INFO hdfs.DFSUtil: Starting Web-server for hddsDatanode at: http://0.0.0.0:9882
datanode_1  | 2019-11-05 11:50:44,459 INFO server.RaftServerConfigKeys: raft.server.log.appender.buffer.byte-limit = 33554432 (custom)
datanode_2  | 2019-11-05 11:50:44,491 INFO server.RaftServerConfigKeys: raft.server.rpc.request.timeout = 3000ms (default)
s3g_1       | 20191105/us-west-1/s3/aws4_request
scm_1       | 2019-11-05 11:50:41,446 INFO net.NodeSchemaLoader: Loading network topology layer schema file
kdc_1       | Entry for principal om/scm@EXAMPLE.COM with kvno 2, encryption type aes128-cts-hmac-sha1-96 added to keytab WRFILE:/data/om.scm.keytab.
om_1        | 2019-11-05 11:50:46,597 INFO ha.OMHANodeDetails: Configuration either no ozone.om.address set. Falling back to the default OM address om/172.19.0.9:9862
datanode_3  | 2019-11-05 11:50:44,659 INFO util.log: Logging initialized @7219ms
datanode_1  | 2019-11-05 11:50:44,460 INFO server.GrpcService: raft.grpc.flow.control.window = 1MB (=1048576) (default)
datanode_2  | 2019-11-05 11:50:44,634 INFO server.RaftServerConfigKeys: raft.server.storage.dir = [/data/metadata/ratis] (custom)
s3g_1       | b34990838909aaa6c31099b640fb5fdf0c96da19e7ef9a0e4e159cd85f68d81b, signature=8dacc2555107442766ef8021179f83558e26e5d595c79a1bf74226a48a674790, awsAccessKeyId=dlfknslnfslf
scm_1       | 2019-11-05 11:50:41,516 INFO node.SCMNodeManager: Entering startup safe mode.
kdc_1       | Generiting keytab
om_1        | 2019-11-05 11:50:46,597 INFO ha.OMHANodeDetails: OM Service ID is not set. Setting it to the default ID: omServiceIdDefault
datanode_3  | 2019-11-05 11:50:44,747 INFO server.AuthenticationFilter: Unable to initialize FileSignerSecretProvider, falling back to use random secrets.
datanode_1  | 2019-11-05 11:50:44,460 INFO server.RaftServerConfigKeys: raft.server.rpc.request.timeout = 3000ms (default)
datanode_2  | 2019-11-05 11:50:44,704 INFO hdfs.DFSUtil: Starting web server as: HTTP/eb55be88d695@EXAMPLE.COM
s3g_1       | 2019-11-05 11:58:04,810 INFO retry.RetryInvocationHandler: com.google.protobuf.ServiceException: org.apache.hadoop.ipc.RemoteException(org.apache.hadoop.security.token.SecretManager$InvalidToken): No S3 secret found for S3 identifier:OzoneToken owner=dlfknslnfslf, renewer=, realUser=, issueDate=0, maxDate=0, sequenceNumber=0, masterKeyId=0, strToSign=AWS4-HMAC-SHA256
scm_1       | 2019-11-05 11:50:41,604 INFO algorithms.ContainerPlacementPolicyFactory: Create container placement policy of type org.apache.hadoop.hdds.scm.container.placement.algorithms.SCMContainerPlacementRandom
kdc_1       | Authenticating as principal admin/admin with keytab /tmp/admin.keytab.
om_1        | 2019-11-05 11:50:46,602 WARN server.ServerUtils: ozone.om.db.dirs is not configured. We recommend adding this setting. Falling back to ozone.metadata.dirs instead.
datanode_3  | 2019-11-05 11:50:44,749 INFO http.HttpRequestLog: Http request log for http.requests.hddsDatanode is not defined
datanode_1  | 2019-11-05 11:50:44,603 INFO server.RaftServerConfigKeys: raft.server.storage.dir = [/data/metadata/ratis] (custom)
datanode_2  | 2019-11-05 11:50:44,705 INFO hdfs.DFSUtil: Starting Web-server for hddsDatanode at: http://0.0.0.0:9882
s3g_1       | 20191105T115804Z
scm_1       | 2019-11-05 11:50:41,618 WARN server.ServerUtils: ozone.scm.db.dirs is not configured. We recommend adding this setting. Falling back to ozone.metadata.dirs instead.
kdc_1       | WARNING: no policy specified for om/s3g@EXAMPLE.COM; defaulting to no policy
om_1        | WARNING: An illegal reflective access operation has occurred
datanode_3  | 2019-11-05 11:50:44,755 INFO http.HttpServer2: Added global filter 'safety' (class=org.apache.hadoop.http.HttpServer2$QuotingInputFilter)
datanode_1  | 2019-11-05 11:50:44,695 INFO hdfs.DFSUtil: Starting web server as: HTTP/60e8db077e5b@EXAMPLE.COM
datanode_2  | 2019-11-05 11:50:44,725 INFO util.log: Logging initialized @7363ms
s3g_1       | 20191105/us-west-1/s3/aws4_request
scm_1       | 2019-11-05 11:50:41,814 INFO pipeline.SCMPipelineManager: No pipeline exists in current db
kdc_1       | Principal "om/s3g@EXAMPLE.COM" created.
datanode_3  | 2019-11-05 11:50:44,757 INFO http.HttpServer2: Added filter authentication (class=org.apache.hadoop.security.authentication.server.AuthenticationFilter) to context hddsDatanode
datanode_1  | 2019-11-05 11:50:44,696 INFO hdfs.DFSUtil: Starting Web-server for hddsDatanode at: http://0.0.0.0:9882
datanode_2  | 2019-11-05 11:50:44,806 INFO server.AuthenticationFilter: Unable to initialize FileSignerSecretProvider, falling back to use random secrets.
om_1        | WARNING: Illegal reflective access by org.apache.hadoop.security.authentication.util.KerberosUtil (file:/opt/hadoop/share/ozone/lib/hadoop-auth-3.2.0.jar) to method sun.security.krb5.Config.getInstance()
s3g_1       | b34990838909aaa6c31099b640fb5fdf0c96da19e7ef9a0e4e159cd85f68d81b, signature=8dacc2555107442766ef8021179f83558e26e5d595c79a1bf74226a48a674790, awsAccessKeyId=dlfknslnfslf, while invoking $Proxy83.submitRequest over nodeId=null,nodeAddress=om:9862 after 2 failover attempts. Trying to failover immediately.
scm_1       | 2019-11-05 11:50:41,816 WARN server.ServerUtils: ozone.scm.db.dirs is not configured. We recommend adding this setting. Falling back to ozone.metadata.dirs instead.
kdc_1       | Authenticating as principal admin/admin with keytab /tmp/admin.keytab.
datanode_3  | 2019-11-05 11:50:44,757 INFO http.HttpServer2: Added filter authentication (class=org.apache.hadoop.security.authentication.server.AuthenticationFilter) to context logs
datanode_1  | 2019-11-05 11:50:44,723 INFO util.log: Logging initialized @8300ms
datanode_2  | 2019-11-05 11:50:44,809 INFO http.HttpRequestLog: Http request log for http.requests.hddsDatanode is not defined
om_1        | WARNING: Please consider reporting this to the maintainers of org.apache.hadoop.security.authentication.util.KerberosUtil
s3g_1       | 2019-11-05 11:58:04,816 WARN ipc.Client: Exception encountered while connecting to the server : org.apache.hadoop.ipc.RemoteException(org.apache.hadoop.security.token.SecretManager$InvalidToken): No S3 secret found for S3 identifier:OzoneToken owner=dlfknslnfslf, renewer=, realUser=, issueDate=0, maxDate=0, sequenceNumber=0, masterKeyId=0, strToSign=AWS4-HMAC-SHA256
scm_1       | 2019-11-05 11:50:42,012 WARN events.EventQueue: No event handler registered for event TypedEvent{payloadType=SafeModeStatus, name='SafeModeStatus'}
kdc_1       | Entry for principal om/s3g@EXAMPLE.COM with kvno 2, encryption type aes256-cts-hmac-sha1-96 added to keytab WRFILE:/data/om.s3g.keytab.
datanode_3  | 2019-11-05 11:50:44,757 INFO http.HttpServer2: Added filter authentication (class=org.apache.hadoop.security.authentication.server.AuthenticationFilter) to context static
datanode_1  | 2019-11-05 11:50:44,804 INFO server.AuthenticationFilter: Unable to initialize FileSignerSecretProvider, falling back to use random secrets.
datanode_2  | 2019-11-05 11:50:44,818 INFO http.HttpServer2: Added global filter 'safety' (class=org.apache.hadoop.http.HttpServer2$QuotingInputFilter)
om_1        | WARNING: Use --illegal-access=warn to enable warnings of further illegal reflective access operations
s3g_1       | 20191105T115804Z
scm_1       | 2019-11-05 11:50:42,378 INFO ipc.CallQueueManager: Using callQueue: class java.util.concurrent.LinkedBlockingQueue, queueCapacity: 1000, scheduler: class org.apache.hadoop.ipc.DefaultRpcScheduler, ipcBackoff: false.
kdc_1       | Entry for principal om/s3g@EXAMPLE.COM with kvno 2, encryption type aes128-cts-hmac-sha1-96 added to keytab WRFILE:/data/om.s3g.keytab.
datanode_3  | 2019-11-05 11:50:44,776 INFO http.HttpServer2: Jetty bound to port 9882
datanode_1  | 2019-11-05 11:50:44,807 INFO http.HttpRequestLog: Http request log for http.requests.hddsDatanode is not defined
datanode_2  | 2019-11-05 11:50:44,820 INFO http.HttpServer2: Added filter authentication (class=org.apache.hadoop.security.authentication.server.AuthenticationFilter) to context hddsDatanode
s3g_1       | 20191105/us-west-1/s3/aws4_request
scm_1       | 2019-11-05 11:50:42,380 INFO ipc.Server: Starting Socket Reader #1 for port 9861
datanode_3  | 2019-11-05 11:50:44,778 INFO server.Server: jetty-9.3.25.v20180904, build timestamp: 2018-09-04T21:11:46Z, git hash: 3ce520221d0240229c862b122d2b06c12a625732
datanode_1  | 2019-11-05 11:50:44,813 INFO http.HttpServer2: Added global filter 'safety' (class=org.apache.hadoop.http.HttpServer2$QuotingInputFilter)
kdc_1       | Generiting keytab
datanode_2  | 2019-11-05 11:50:44,820 INFO http.HttpServer2: Added filter authentication (class=org.apache.hadoop.security.authentication.server.AuthenticationFilter) to context logs
om_1        | WARNING: All illegal access operations will be denied in a future release
s3g_1       | b34990838909aaa6c31099b640fb5fdf0c96da19e7ef9a0e4e159cd85f68d81b, signature=8dacc2555107442766ef8021179f83558e26e5d595c79a1bf74226a48a674790, awsAccessKeyId=dlfknslnfslf
scm_1       | 2019-11-05 11:50:42,412 INFO ipc.CallQueueManager: Using callQueue: class java.util.concurrent.LinkedBlockingQueue, queueCapacity: 1000, scheduler: class org.apache.hadoop.ipc.DefaultRpcScheduler, ipcBackoff: false.
datanode_1  | 2019-11-05 11:50:44,815 INFO http.HttpServer2: Added filter authentication (class=org.apache.hadoop.security.authentication.server.AuthenticationFilter) to context hddsDatanode
datanode_3  | 2019-11-05 11:50:44,807 INFO server.AuthenticationFilter: Unable to initialize FileSignerSecretProvider, falling back to use random secrets.
kdc_1       | Authenticating as principal admin/admin with keytab /tmp/admin.keytab.
datanode_2  | 2019-11-05 11:50:44,820 INFO http.HttpServer2: Added filter authentication (class=org.apache.hadoop.security.authentication.server.AuthenticationFilter) to context static
om_1        | 2019-11-05 11:50:46,805 INFO security.UserGroupInformation: Login successful for user om/om@EXAMPLE.COM using keytab file /etc/security/keytabs/om.keytab
scm_1       | 2019-11-05 11:50:42,413 INFO ipc.Server: Starting Socket Reader #1 for port 9863
s3g_1       | 2019-11-05 11:58:04,817 INFO retry.RetryInvocationHandler: com.google.protobuf.ServiceException: org.apache.hadoop.ipc.RemoteException(org.apache.hadoop.security.token.SecretManager$InvalidToken): No S3 secret found for S3 identifier:OzoneToken owner=dlfknslnfslf, renewer=, realUser=, issueDate=0, maxDate=0, sequenceNumber=0, masterKeyId=0, strToSign=AWS4-HMAC-SHA256
datanode_1  | 2019-11-05 11:50:44,815 INFO http.HttpServer2: Added filter authentication (class=org.apache.hadoop.security.authentication.server.AuthenticationFilter) to context static
datanode_3  | 2019-11-05 11:50:44,809 INFO server.KerberosAuthenticationHandler: Using keytab /etc/security/keytabs/HTTP.keytab, for principal HTTP/0502bbc59f0b@EXAMPLE.COM
datanode_2  | 2019-11-05 11:50:44,840 INFO http.HttpServer2: Jetty bound to port 9882
om_1        | 2019-11-05 11:50:46,805 INFO om.OzoneManager: Ozone Manager login successful.
scm_1       | 2019-11-05 11:50:42,455 INFO ipc.CallQueueManager: Using callQueue: class java.util.concurrent.LinkedBlockingQueue, queueCapacity: 1000, scheduler: class org.apache.hadoop.ipc.DefaultRpcScheduler, ipcBackoff: false.
s3g_1       | 20191105T115804Z
datanode_1  | 2019-11-05 11:50:44,815 INFO http.HttpServer2: Added filter authentication (class=org.apache.hadoop.security.authentication.server.AuthenticationFilter) to context logs
datanode_3  | 2019-11-05 11:50:44,811 INFO handler.ContextHandler: Started o.e.j.s.ServletContextHandler@3f9b7fe1{/logs,file:///var/log/hadoop/,AVAILABLE}
kdc_1       | WARNING: no policy specified for om/eb55be88d695@EXAMPLE.COM; defaulting to no policy
datanode_2  | 2019-11-05 11:50:44,841 INFO server.Server: jetty-9.3.25.v20180904, build timestamp: 2018-09-04T21:11:46Z, git hash: 3ce520221d0240229c862b122d2b06c12a625732
om_1        | 2019-11-05 11:50:46,805 WARN server.ServerUtils: ozone.om.db.dirs is not configured. We recommend adding this setting. Falling back to ozone.metadata.dirs instead.
scm_1       | 2019-11-05 11:50:42,457 INFO ipc.Server: Starting Socket Reader #1 for port 9860
s3g_1       | 20191105/us-west-1/s3/aws4_request
datanode_1  | 2019-11-05 11:50:44,837 INFO http.HttpServer2: Jetty bound to port 9882
datanode_3  | 2019-11-05 11:50:44,812 INFO handler.ContextHandler: Started o.e.j.s.ServletContextHandler@7d42404e{/static,jar:file:/opt/hadoop/share/ozone/lib/hadoop-hdds-container-service-0.5.0-SNAPSHOT.jar!/webapps/static,AVAILABLE}
kdc_1       | Principal "om/eb55be88d695@EXAMPLE.COM" created.
datanode_2  | 2019-11-05 11:50:44,867 INFO server.AuthenticationFilter: Unable to initialize FileSignerSecretProvider, falling back to use random secrets.
om_1        | 2019-11-05 11:50:47,566 INFO client.OMCertificateClient: Loading certificate from location:/data/metadata/om/certs.
scm_1       | 2019-11-05 11:50:42,511 INFO hdfs.DFSUtil: Starting web server as: HTTP/scm@EXAMPLE.COM
s3g_1       | b34990838909aaa6c31099b640fb5fdf0c96da19e7ef9a0e4e159cd85f68d81b, signature=8dacc2555107442766ef8021179f83558e26e5d595c79a1bf74226a48a674790, awsAccessKeyId=dlfknslnfslf, while invoking $Proxy83.submitRequest over nodeId=null,nodeAddress=om:9862 after 3 failover attempts. Trying to failover immediately.
datanode_1  | 2019-11-05 11:50:44,838 INFO server.Server: jetty-9.3.25.v20180904, build timestamp: 2018-09-04T21:11:46Z, git hash: 3ce520221d0240229c862b122d2b06c12a625732
datanode_3  | 2019-11-05 11:50:44,871 INFO server.KerberosAuthenticationHandler: Using keytab /etc/security/keytabs/HTTP.keytab, for principal HTTP/0502bbc59f0b@EXAMPLE.COM
kdc_1       | Authenticating as principal admin/admin with keytab /tmp/admin.keytab.
datanode_2  | 2019-11-05 11:50:44,869 INFO server.KerberosAuthenticationHandler: Using keytab /etc/security/keytabs/HTTP.keytab, for principal HTTP/eb55be88d695@EXAMPLE.COM
scm_1       | 2019-11-05 11:50:42,511 INFO hdfs.DFSUtil: Starting Web-server for scm at: http://0.0.0.0:9876
om_1        | 2019-11-05 11:50:47,641 INFO client.OMCertificateClient: Added certificate from file:/data/metadata/om/certs/13301403039798843.crt.
s3g_1       | 2019-11-05 11:58:04,823 WARN ipc.Client: Exception encountered while connecting to the server : org.apache.hadoop.ipc.RemoteException(org.apache.hadoop.security.token.SecretManager$InvalidToken): No S3 secret found for S3 identifier:OzoneToken owner=dlfknslnfslf, renewer=, realUser=, issueDate=0, maxDate=0, sequenceNumber=0, masterKeyId=0, strToSign=AWS4-HMAC-SHA256
datanode_1  | 2019-11-05 11:50:44,864 INFO server.AuthenticationFilter: Unable to initialize FileSignerSecretProvider, falling back to use random secrets.
datanode_3  | 2019-11-05 11:50:44,875 INFO handler.ContextHandler: Started o.e.j.w.WebAppContext@3c9ef6e9{/,file:///tmp/jetty-0.0.0.0-9882-hddsDatanode-_-any-14599158440505773368.dir/webapp/,AVAILABLE}{/hddsDatanode}
datanode_2  | 2019-11-05 11:50:44,871 INFO handler.ContextHandler: Started o.e.j.s.ServletContextHandler@796d33eb{/logs,file:///var/log/hadoop/,AVAILABLE}
kdc_1       | Entry for principal om/eb55be88d695@EXAMPLE.COM with kvno 2, encryption type aes256-cts-hmac-sha1-96 added to keytab WRFILE:/data/om.eb55be88d695.keytab.
scm_1       | 2019-11-05 11:50:42,638 INFO server.AuthenticationFilter: Unable to initialize FileSignerSecretProvider, falling back to use random secrets.
om_1        | 2019-11-05 11:50:47,651 INFO client.OMCertificateClient: Added certificate from file:/data/metadata/om/certs/CA-1.crt.
s3g_1       | 20191105T115804Z
datanode_1  | 2019-11-05 11:50:44,866 INFO server.KerberosAuthenticationHandler: Using keytab /etc/security/keytabs/HTTP.keytab, for principal HTTP/60e8db077e5b@EXAMPLE.COM
datanode_3  | 2019-11-05 11:50:44,879 INFO server.AbstractConnector: Started ServerConnector@324b6a56{HTTP/1.1,[http/1.1]}{0.0.0.0:9882}
datanode_2  | 2019-11-05 11:50:44,872 INFO handler.ContextHandler: Started o.e.j.s.ServletContextHandler@4e8b357d{/static,jar:file:/opt/hadoop/share/ozone/lib/hadoop-hdds-container-service-0.5.0-SNAPSHOT.jar!/webapps/static,AVAILABLE}
kdc_1       | Entry for principal om/eb55be88d695@EXAMPLE.COM with kvno 2, encryption type aes128-cts-hmac-sha1-96 added to keytab WRFILE:/data/om.eb55be88d695.keytab.
scm_1       | 2019-11-05 11:50:42,657 INFO http.HttpRequestLog: Http request log for http.requests.scm is not defined
om_1        | 2019-11-05 11:50:47,674 WARN server.ServerUtils: ozone.om.db.dirs is not configured. We recommend adding this setting. Falling back to ozone.metadata.dirs instead.
s3g_1       | 20191105/us-west-1/s3/aws4_request
datanode_1  | 2019-11-05 11:50:44,868 INFO handler.ContextHandler: Started o.e.j.s.ServletContextHandler@7dee835{/logs,file:///var/log/hadoop/,AVAILABLE}
datanode_3  | 2019-11-05 11:50:44,880 INFO server.Server: Started @7440ms
datanode_2  | 2019-11-05 11:50:44,926 INFO server.KerberosAuthenticationHandler: Using keytab /etc/security/keytabs/HTTP.keytab, for principal HTTP/eb55be88d695@EXAMPLE.COM
kdc_1       | Generiting keytab
om_1        | 2019-11-05 11:50:47,701 INFO util.log: Logging initialized @2753ms
s3g_1       | b34990838909aaa6c31099b640fb5fdf0c96da19e7ef9a0e4e159cd85f68d81b, signature=8dacc2555107442766ef8021179f83558e26e5d595c79a1bf74226a48a674790, awsAccessKeyId=dlfknslnfslf
datanode_3  | 2019-11-05 11:50:44,883 INFO impl.MetricsSinkAdapter: Sink prometheus started
datanode_1  | 2019-11-05 11:50:44,869 INFO handler.ContextHandler: Started o.e.j.s.ServletContextHandler@3f9b7fe1{/static,jar:file:/opt/hadoop/share/ozone/lib/hadoop-hdds-container-service-0.5.0-SNAPSHOT.jar!/webapps/static,AVAILABLE}
scm_1       | 2019-11-05 11:50:42,667 INFO http.HttpServer2: Added global filter 'safety' (class=org.apache.hadoop.http.HttpServer2$QuotingInputFilter)
datanode_2  | 2019-11-05 11:50:44,930 INFO handler.ContextHandler: Started o.e.j.w.WebAppContext@668cc9a2{/,file:///tmp/jetty-0.0.0.0-9882-hddsDatanode-_-any-14226741581925754217.dir/webapp/,AVAILABLE}{/hddsDatanode}
kdc_1       | Authenticating as principal admin/admin with keytab /tmp/admin.keytab.
om_1        | 2019-11-05 11:50:47,791 INFO db.DBStoreBuilder: using custom profile for table: userTable
datanode_3  | 2019-11-05 11:50:44,883 INFO impl.MetricsSystemImpl: Registered sink prometheus
datanode_1  | 2019-11-05 11:50:44,921 INFO server.KerberosAuthenticationHandler: Using keytab /etc/security/keytabs/HTTP.keytab, for principal HTTP/60e8db077e5b@EXAMPLE.COM
scm_1       | 2019-11-05 11:50:42,670 INFO http.HttpServer2: Added filter authentication (class=org.apache.hadoop.security.authentication.server.AuthenticationFilter) to context scm
datanode_2  | 2019-11-05 11:50:44,935 INFO server.AbstractConnector: Started ServerConnector@6c538eb2{HTTP/1.1,[http/1.1]}{0.0.0.0:9882}
kdc_1       | WARNING: no policy specified for scm/60e8db077e5b@EXAMPLE.COM; defaulting to no policy
s3g_1       | 2019-11-05 11:58:04,824 INFO retry.RetryInvocationHandler: com.google.protobuf.ServiceException: org.apache.hadoop.ipc.RemoteException(org.apache.hadoop.security.token.SecretManager$InvalidToken): No S3 secret found for S3 identifier:OzoneToken owner=dlfknslnfslf, renewer=, realUser=, issueDate=0, maxDate=0, sequenceNumber=0, masterKeyId=0, strToSign=AWS4-HMAC-SHA256
om_1        | 2019-11-05 11:50:47,791 INFO db.DBStoreBuilder: Using default column profile:DBProfile.DISK for Table:userTable
datanode_3  | 2019-11-05 11:50:44,885 INFO server.BaseHttpServer: HTTP server of HDDSDATANODE is listening at http://0.0.0.0:9882
datanode_1  | 2019-11-05 11:50:44,925 INFO handler.ContextHandler: Started o.e.j.w.WebAppContext@38588dea{/,file:///tmp/jetty-0.0.0.0-9882-hddsDatanode-_-any-6130599319595916390.dir/webapp/,AVAILABLE}{/hddsDatanode}
scm_1       | 2019-11-05 11:50:42,670 INFO http.HttpServer2: Added filter authentication (class=org.apache.hadoop.security.authentication.server.AuthenticationFilter) to context logs
datanode_2  | 2019-11-05 11:50:44,935 INFO server.Server: Started @7573ms
kdc_1       | Nov 05 11:50:29 kdc krb5kdc[9](info): AS_REQ (8 etypes {18 17 20 19 16 23 25 26}) 127.0.0.1: SERVER_NOT_FOUND: admin/admin@EXAMPLE.COM for kadmin/localhost@EXAMPLE.COM, Server not found in Kerberos database
om_1        | 2019-11-05 11:50:47,792 INFO db.DBStoreBuilder: using custom profile for table: volumeTable
s3g_1       | 20191105T115804Z
datanode_1  | 2019-11-05 11:50:44,929 INFO server.AbstractConnector: Started ServerConnector@62ade015{HTTP/1.1,[http/1.1]}{0.0.0.0:9882}
scm_1       | 2019-11-05 11:50:42,670 INFO http.HttpServer2: Added filter authentication (class=org.apache.hadoop.security.authentication.server.AuthenticationFilter) to context static
datanode_2  | 2019-11-05 11:50:44,938 INFO impl.MetricsSinkAdapter: Sink prometheus started
kdc_1       | Nov 05 11:50:29 kdc krb5kdc[9](info): AS_REQ (8 etypes {18 17 20 19 16 23 25 26}) 127.0.0.1: ISSUE: authtime 1572954629, etypes {rep=18 tkt=18 ses=18}, admin/admin@EXAMPLE.COM for kadmin/admin@EXAMPLE.COM
om_1        | 2019-11-05 11:50:47,792 INFO db.DBStoreBuilder: Using default column profile:DBProfile.DISK for Table:volumeTable
s3g_1       | 20191105/us-west-1/s3/aws4_request
datanode_3  | 2019-11-05 11:50:44,898 INFO util.JvmPauseMonitor: Starting JVM pause monitor
datanode_1  | 2019-11-05 11:50:44,929 INFO server.Server: Started @8506ms
scm_1       | 2019-11-05 11:50:42,701 INFO server.StorageContainerManager: StorageContainerLocationProtocol RPC server is listening at /0.0.0.0:9860
datanode_2  | 2019-11-05 11:50:44,938 INFO impl.MetricsSystemImpl: Registered sink prometheus
kdc_1       | Nov 05 11:50:29 kdc krb5kdc[9](info): AS_REQ (8 etypes {18 17 20 19 16 23 25 26}) 127.0.0.1: SERVER_NOT_FOUND: admin/admin@EXAMPLE.COM for kadmin/localhost@EXAMPLE.COM, Server not found in Kerberos database
om_1        | 2019-11-05 11:50:47,792 INFO db.DBStoreBuilder: using custom profile for table: bucketTable
s3g_1       | b34990838909aaa6c31099b640fb5fdf0c96da19e7ef9a0e4e159cd85f68d81b, signature=8dacc2555107442766ef8021179f83558e26e5d595c79a1bf74226a48a674790, awsAccessKeyId=dlfknslnfslf, while invoking $Proxy83.submitRequest over nodeId=null,nodeAddress=om:9862 after 4 failover attempts. Trying to failover immediately.
datanode_3  | 2019-11-05 11:50:47,100 INFO ozoneimpl.OzoneContainer: Attempting to start container services.
scm_1       | 2019-11-05 11:50:42,769 INFO impl.MetricsConfig: Loaded properties from hadoop-metrics2.properties
datanode_1  | 2019-11-05 11:50:44,932 INFO impl.MetricsSinkAdapter: Sink prometheus started
kdc_1       | Nov 05 11:50:29 kdc krb5kdc[9](info): AS_REQ (8 etypes {18 17 20 19 16 23 25 26}) 127.0.0.1: ISSUE: authtime 1572954629, etypes {rep=18 tkt=18 ses=18}, admin/admin@EXAMPLE.COM for kadmin/admin@EXAMPLE.COM
datanode_2  | 2019-11-05 11:50:44,940 INFO server.BaseHttpServer: HTTP server of HDDSDATANODE is listening at http://0.0.0.0:9882
s3g_1       | 2019-11-05 11:58:04,828 WARN ipc.Client: Exception encountered while connecting to the server : org.apache.hadoop.ipc.RemoteException(org.apache.hadoop.security.token.SecretManager$InvalidToken): No S3 secret found for S3 identifier:OzoneToken owner=dlfknslnfslf, renewer=, realUser=, issueDate=0, maxDate=0, sequenceNumber=0, masterKeyId=0, strToSign=AWS4-HMAC-SHA256
om_1        | 2019-11-05 11:50:47,792 INFO db.DBStoreBuilder: Using default column profile:DBProfile.DISK for Table:bucketTable
scm_1       | 2019-11-05 11:50:42,808 INFO impl.MetricsSystemImpl: Scheduled Metric snapshot period at 10 second(s).
datanode_3  | 2019-11-05 11:50:47,101 INFO ozoneimpl.OzoneContainer: Background container scanner has been disabled.
kdc_1       | Nov 05 11:50:30 kdc krb5kdc[9](info): AS_REQ (8 etypes {18 17 20 19 16 23 25 26}) 127.0.0.1: SERVER_NOT_FOUND: admin/admin@EXAMPLE.COM for kadmin/localhost@EXAMPLE.COM, Server not found in Kerberos database
datanode_1  | 2019-11-05 11:50:44,932 INFO impl.MetricsSystemImpl: Registered sink prometheus
s3g_1       | 20191105T115804Z
om_1        | 2019-11-05 11:50:47,792 INFO db.DBStoreBuilder: using custom profile for table: keyTable
