datanode_4_1  | 2019-11-08 23:55:21,438 INFO segmented.SegmentedRaftLogWorker: 33f9c8b9-ed9c-4c30-8cb2-c8a83aca033d@group-4587742F5D91-SegmentedRaftLogWorker: created new log segment /data/metadata/ratis/0f08c6a3-0e21-480e-b8b2-4587742f5d91/current/log_inprogress_0
datanode_3_1  | 2019-11-08 23:55:15,809 INFO server.RaftServerConfigKeys: raft.server.log.purge.gap = 1000000 (custom)
datanode_1_1  | 2019-11-08 23:55:15,745 INFO server.RaftServerConfigKeys: raft.server.log.appender.install.snapshot.enabled = false (custom)
datanode_2_1  | 2019-11-08 23:55:15,809 INFO server.RaftServerConfigKeys: raft.server.log.purge.gap = 1000000 (custom)
datanode_1_1  | 2019-11-08 23:55:15,745 INFO impl.RaftServerImpl: 1b1a59b7-5ed6-4199-bbba-465e94768215@group-01A1137B61FA: ConfigurationManager, init=-1: [4f897a75-b057-41c1-8977-d47909ce5108:10.5.0.5:9858, 1b1a59b7-5ed6-4199-bbba-465e94768215:10.5.0.4:9858, 3fcbf92e-ba22-4bbb-a8cf-0b4a25c985cf:10.5.0.6:9858], old=null, confs=<EMPTY_MAP>
datanode_3_1  | 2019-11-08 23:55:15,809 INFO server.RaftServerConfigKeys: raft.server.log.appender.buffer.byte-limit = 33554432 (custom)
datanode_2_1  | 2019-11-08 23:55:15,810 INFO server.RaftServerConfigKeys: raft.server.log.appender.buffer.byte-limit = 33554432 (custom)
datanode_1_1  | 2019-11-08 23:55:15,745 INFO server.RaftServerConfigKeys: raft.server.storage.dir = [/data/metadata/ratis] (custom)
datanode_3_1  | 2019-11-08 23:55:15,809 INFO server.RaftServerConfigKeys: raft.server.log.segment.size.max = 1048576 (custom)
datanode_1_1  | 2019-11-08 23:55:15,745 INFO server.RaftServerConfigKeys: raft.server.log.corruption.policy = EXCEPTION (default)
datanode_2_1  | 2019-11-08 23:55:15,810 INFO server.RaftServerConfigKeys: raft.server.log.segment.size.max = 1048576 (custom)
datanode_2_1  | 2019-11-08 23:55:15,810 INFO server.RaftServerConfigKeys: raft.server.log.segment.cache.num.max = 2 (custom)
datanode_1_1  | 2019-11-08 23:55:15,745 INFO storage.RaftStorageDirectory: The storage directory /data/metadata/ratis/b85cef6a-fd1f-4a11-96cc-01a1137b61fa does not exist. Creating ...
datanode_3_1  | 2019-11-08 23:55:15,809 INFO server.RaftServerConfigKeys: raft.server.log.segment.cache.num.max = 2 (custom)
datanode_3_1  | 2019-11-08 23:55:15,809 INFO segmented.SegmentedRaftLogWorker: new 3fcbf92e-ba22-4bbb-a8cf-0b4a25c985cf@group-01A1137B61FA-SegmentedRaftLogWorker for RaftStorage:Storage Directory /data/metadata/ratis/b85cef6a-fd1f-4a11-96cc-01a1137b61fa
datanode_1_1  | 2019-11-08 23:55:15,760 INFO storage.RaftStorageDirectory: Lock on /data/metadata/ratis/b85cef6a-fd1f-4a11-96cc-01a1137b61fa/in_use.lock acquired by nodename 7@7ac1f39d466f
datanode_2_1  | 2019-11-08 23:55:15,810 INFO segmented.SegmentedRaftLogWorker: new 4f897a75-b057-41c1-8977-d47909ce5108@group-01A1137B61FA-SegmentedRaftLogWorker for RaftStorage:Storage Directory /data/metadata/ratis/b85cef6a-fd1f-4a11-96cc-01a1137b61fa
datanode_3_1  | 2019-11-08 23:55:15,810 INFO server.RaftServerConfigKeys: raft.server.log.queue.byte-limit = 2147483647 (custom)
datanode_1_1  | 2019-11-08 23:55:15,774 INFO storage.RaftStorage: Storage directory /data/metadata/ratis/b85cef6a-fd1f-4a11-96cc-01a1137b61fa has been successfully formatted.
datanode_2_1  | 2019-11-08 23:55:15,810 INFO server.RaftServerConfigKeys: raft.server.log.queue.byte-limit = 2147483647 (custom)
datanode_3_1  | 2019-11-08 23:55:15,810 INFO server.RaftServerConfigKeys: raft.server.log.queue.element-limit = 1024 (custom)
datanode_1_1  | 2019-11-08 23:55:15,774 INFO ratis.ContainerStateMachine: group-01A1137B61FA: The snapshot info is null. Setting the last applied indexto:(t:0, i:~)
datanode_2_1  | 2019-11-08 23:55:15,810 INFO server.RaftServerConfigKeys: raft.server.log.queue.element-limit = 1024 (custom)
datanode_3_1  | 2019-11-08 23:55:15,810 INFO server.RaftServerConfigKeys: raft.server.log.segment.size.max = 1048576 (custom)
datanode_2_1  | 2019-11-08 23:55:15,811 INFO server.RaftServerConfigKeys: raft.server.log.segment.size.max = 1048576 (custom)
datanode_1_1  | 2019-11-08 23:55:15,774 INFO server.RaftServerConfigKeys: raft.server.notification.no-leader.timeout = 120s (custom)
datanode_3_1  | 2019-11-08 23:55:15,810 INFO server.RaftServerConfigKeys: raft.server.log.preallocated.size = 16384 (custom)
datanode_2_1  | 2019-11-08 23:55:15,811 INFO server.RaftServerConfigKeys: raft.server.log.preallocated.size = 16384 (custom)
datanode_3_1  | 2019-11-08 23:55:15,810 INFO server.RaftServerConfigKeys: raft.server.log.write.buffer.size = 33554432 (custom)
datanode_1_1  | 2019-11-08 23:55:15,775 INFO server.RaftServerConfigKeys: raft.server.log.use.memory = false (default)
datanode_2_1  | 2019-11-08 23:55:15,811 INFO server.RaftServerConfigKeys: raft.server.log.write.buffer.size = 33554432 (custom)
datanode_3_1  | 2019-11-08 23:55:15,810 INFO server.RaftServerConfigKeys: raft.server.log.force.sync.num = 128 (default)
datanode_1_1  | 2019-11-08 23:55:15,775 INFO server.RaftServerConfigKeys: raft.server.log.purge.gap = 1000000 (custom)
datanode_2_1  | 2019-11-08 23:55:15,811 INFO server.RaftServerConfigKeys: raft.server.log.force.sync.num = 128 (default)
datanode_3_1  | 2019-11-08 23:55:15,810 INFO server.RaftServerConfigKeys: raft.server.log.statemachine.data.sync = true (default)
datanode_1_1  | 2019-11-08 23:55:15,775 INFO server.RaftServerConfigKeys: raft.server.log.appender.buffer.byte-limit = 33554432 (custom)
datanode_2_1  | 2019-11-08 23:55:15,811 INFO server.RaftServerConfigKeys: raft.server.log.statemachine.data.sync = true (default)
datanode_3_1  | 2019-11-08 23:55:15,810 INFO server.RaftServerConfigKeys: raft.server.log.statemachine.data.sync.timeout = 10s (default)
datanode_2_1  | 2019-11-08 23:55:15,812 INFO server.RaftServerConfigKeys: raft.server.log.statemachine.data.sync.timeout = 10s (default)
datanode_1_1  | 2019-11-08 23:55:15,775 INFO server.RaftServerConfigKeys: raft.server.log.segment.size.max = 1048576 (custom)
datanode_3_1  | 2019-11-08 23:55:15,810 INFO server.RaftServerConfigKeys: raft.server.log.statemachine.data.sync.timeout.retry = -1 (default)
datanode_2_1  | 2019-11-08 23:55:15,812 INFO server.RaftServerConfigKeys: raft.server.log.statemachine.data.sync.timeout.retry = -1 (default)
datanode_3_1  | 2019-11-08 23:55:15,811 INFO server.RaftServerConfigKeys: raft.server.log.statemachine.data.caching.enabled = true (custom)
datanode_2_1  | 2019-11-08 23:55:15,812 INFO server.RaftServerConfigKeys: raft.server.log.statemachine.data.caching.enabled = true (custom)
datanode_1_1  | 2019-11-08 23:55:15,775 INFO server.RaftServerConfigKeys: raft.server.log.segment.cache.num.max = 2 (custom)
datanode_3_1  | 2019-11-08 23:55:15,811 INFO segmented.SegmentedRaftLogWorker: 3fcbf92e-ba22-4bbb-a8cf-0b4a25c985cf@group-01A1137B61FA-SegmentedRaftLogWorker: flushIndex: setUnconditionally 0 -> -1
datanode_2_1  | 2019-11-08 23:55:15,812 INFO segmented.SegmentedRaftLogWorker: 4f897a75-b057-41c1-8977-d47909ce5108@group-01A1137B61FA-SegmentedRaftLogWorker: flushIndex: setUnconditionally 0 -> -1
datanode_3_1  | 2019-11-08 23:55:15,811 INFO server.RaftServerConfigKeys: raft.server.snapshot.auto.trigger.enabled = true (custom)
datanode_1_1  | 2019-11-08 23:55:15,775 INFO segmented.SegmentedRaftLogWorker: new 1b1a59b7-5ed6-4199-bbba-465e94768215@group-01A1137B61FA-SegmentedRaftLogWorker for RaftStorage:Storage Directory /data/metadata/ratis/b85cef6a-fd1f-4a11-96cc-01a1137b61fa
datanode_2_1  | 2019-11-08 23:55:15,813 INFO server.RaftServerConfigKeys: raft.server.snapshot.auto.trigger.enabled = true (custom)
datanode_1_1  | 2019-11-08 23:55:15,776 INFO server.RaftServerConfigKeys: raft.server.log.queue.byte-limit = 2147483647 (custom)
datanode_2_1  | 2019-11-08 23:55:15,813 INFO server.RaftServerConfigKeys: raft.server.snapshot.auto.trigger.threshold = 10000 (custom)
datanode_3_1  | 2019-11-08 23:55:15,811 INFO server.RaftServerConfigKeys: raft.server.snapshot.auto.trigger.threshold = 10000 (custom)
datanode_1_1  | 2019-11-08 23:55:15,776 INFO server.RaftServerConfigKeys: raft.server.log.queue.element-limit = 1024 (custom)
datanode_2_1  | 2019-11-08 23:55:15,813 INFO server.RaftServerConfigKeys: raft.server.snapshot.retention.file.num = 5 (custom)
datanode_3_1  | 2019-11-08 23:55:15,812 INFO server.RaftServerConfigKeys: raft.server.snapshot.retention.file.num = 5 (custom)
datanode_2_1  | 2019-11-08 23:55:15,813 INFO server.RaftServerConfigKeys: raft.server.retrycache.expirytime = 600000ms (custom)
datanode_3_1  | 2019-11-08 23:55:15,812 INFO server.RaftServerConfigKeys: raft.server.retrycache.expirytime = 600000ms (custom)
datanode_3_1  | 2019-11-08 23:55:15,812 WARN impl.MetricRegistriesImpl: First MetricRegistry has been created without registering reporters. You may need to call MetricRegistries.global().addReportRegistration(...) before.
datanode_3_1  | 2019-11-08 23:55:15,812 WARN impl.MetricRegistriesImpl: First MetricRegistry has been created without registering reporters. You may need to call MetricRegistries.global().addReportRegistration(...) before.
datanode_3_1  | 2019-11-08 23:55:15,812 INFO impl.RaftServerImpl: 3fcbf92e-ba22-4bbb-a8cf-0b4a25c985cf@group-01A1137B61FA: start as a follower, conf=-1: [4f897a75-b057-41c1-8977-d47909ce5108:10.5.0.5:9858, 1b1a59b7-5ed6-4199-bbba-465e94768215:10.5.0.4:9858, 3fcbf92e-ba22-4bbb-a8cf-0b4a25c985cf:10.5.0.6:9858], old=null
datanode_2_1  | 2019-11-08 23:55:15,813 WARN impl.MetricRegistriesImpl: First MetricRegistry has been created without registering reporters. You may need to call MetricRegistries.global().addReportRegistration(...) before.
datanode_1_1  | 2019-11-08 23:55:15,776 INFO server.RaftServerConfigKeys: raft.server.log.segment.size.max = 1048576 (custom)
datanode_3_1  | 2019-11-08 23:55:15,812 INFO impl.RaftServerImpl: 3fcbf92e-ba22-4bbb-a8cf-0b4a25c985cf@group-01A1137B61FA: changes role from      null to FOLLOWER at term 0 for startAsFollower
datanode_2_1  | 2019-11-08 23:55:15,813 WARN impl.MetricRegistriesImpl: First MetricRegistry has been created without registering reporters. You may need to call MetricRegistries.global().addReportRegistration(...) before.
datanode_3_1  | 2019-11-08 23:55:15,812 INFO impl.RoleInfo: 3fcbf92e-ba22-4bbb-a8cf-0b4a25c985cf: start FollowerState
datanode_1_1  | 2019-11-08 23:55:15,776 INFO server.RaftServerConfigKeys: raft.server.log.preallocated.size = 16384 (custom)
datanode_2_1  | 2019-11-08 23:55:15,814 INFO impl.RaftServerImpl: 4f897a75-b057-41c1-8977-d47909ce5108@group-01A1137B61FA: start as a follower, conf=-1: [4f897a75-b057-41c1-8977-d47909ce5108:10.5.0.5:9858, 1b1a59b7-5ed6-4199-bbba-465e94768215:10.5.0.4:9858, 3fcbf92e-ba22-4bbb-a8cf-0b4a25c985cf:10.5.0.6:9858], old=null
datanode_3_1  | 2019-11-08 23:55:15,813 INFO util.JmxRegister: Successfully registered JMX Bean with object name Ratis:service=RaftServer,group=group-01A1137B61FA,id=3fcbf92e-ba22-4bbb-a8cf-0b4a25c985cf
datanode_1_1  | 2019-11-08 23:55:15,776 INFO server.RaftServerConfigKeys: raft.server.log.write.buffer.size = 33554432 (custom)
datanode_2_1  | 2019-11-08 23:55:15,814 INFO impl.RaftServerImpl: 4f897a75-b057-41c1-8977-d47909ce5108@group-01A1137B61FA: changes role from      null to FOLLOWER at term 0 for startAsFollower
datanode_1_1  | 2019-11-08 23:55:15,776 INFO server.RaftServerConfigKeys: raft.server.log.force.sync.num = 128 (default)
datanode_3_1  | 2019-11-08 23:55:15,813 WARN impl.MetricRegistriesImpl: First MetricRegistry has been created without registering reporters. You may need to call MetricRegistries.global().addReportRegistration(...) before.
datanode_2_1  | 2019-11-08 23:55:15,814 INFO impl.RoleInfo: 4f897a75-b057-41c1-8977-d47909ce5108: start FollowerState
datanode_3_1  | 2019-11-08 23:55:20,830 INFO impl.FollowerState: 3fcbf92e-ba22-4bbb-a8cf-0b4a25c985cf@group-94C0E2722A38-FollowerState: change to CANDIDATE, lastRpcTime:5196ms, electionTimeout:5195ms
datanode_1_1  | 2019-11-08 23:55:15,776 INFO server.RaftServerConfigKeys: raft.server.log.statemachine.data.sync = true (default)
datanode_2_1  | 2019-11-08 23:55:15,814 INFO util.JmxRegister: Successfully registered JMX Bean with object name Ratis:service=RaftServer,group=group-01A1137B61FA,id=4f897a75-b057-41c1-8977-d47909ce5108
datanode_3_1  | 2019-11-08 23:55:20,832 INFO impl.RoleInfo: 3fcbf92e-ba22-4bbb-a8cf-0b4a25c985cf: shutdown FollowerState
datanode_1_1  | 2019-11-08 23:55:15,777 INFO server.RaftServerConfigKeys: raft.server.log.statemachine.data.sync.timeout = 10s (default)
datanode_2_1  | 2019-11-08 23:55:15,814 WARN impl.MetricRegistriesImpl: First MetricRegistry has been created without registering reporters. You may need to call MetricRegistries.global().addReportRegistration(...) before.
datanode_3_1  | 2019-11-08 23:55:20,832 INFO impl.RaftServerImpl: 3fcbf92e-ba22-4bbb-a8cf-0b4a25c985cf@group-94C0E2722A38: changes role from  FOLLOWER to CANDIDATE at term 0 for changeToCandidate
datanode_1_1  | 2019-11-08 23:55:15,777 INFO server.RaftServerConfigKeys: raft.server.log.statemachine.data.sync.timeout.retry = -1 (default)
datanode_2_1  | 2019-11-08 23:55:20,215 INFO impl.FollowerState: 4f897a75-b057-41c1-8977-d47909ce5108@group-C1AC76D6F252-FollowerState: change to CANDIDATE, lastRpcTime:5061ms, electionTimeout:5060ms
datanode_3_1  | 2019-11-08 23:55:20,836 INFO impl.RoleInfo: 3fcbf92e-ba22-4bbb-a8cf-0b4a25c985cf: start LeaderElection
datanode_1_1  | 2019-11-08 23:55:15,777 INFO server.RaftServerConfigKeys: raft.server.log.statemachine.data.caching.enabled = true (custom)
datanode_2_1  | 2019-11-08 23:55:20,216 INFO impl.RoleInfo: 4f897a75-b057-41c1-8977-d47909ce5108: shutdown FollowerState
datanode_3_1  | 2019-11-08 23:55:20,850 INFO impl.FollowerState: 3fcbf92e-ba22-4bbb-a8cf-0b4a25c985cf@group-01A1137B61FA-FollowerState: change to CANDIDATE, lastRpcTime:5037ms, electionTimeout:5037ms
datanode_2_1  | 2019-11-08 23:55:20,217 INFO impl.RaftServerImpl: 4f897a75-b057-41c1-8977-d47909ce5108@group-C1AC76D6F252: changes role from  FOLLOWER to CANDIDATE at term 0 for changeToCandidate
datanode_3_1  | 2019-11-08 23:55:20,851 INFO impl.RoleInfo: 3fcbf92e-ba22-4bbb-a8cf-0b4a25c985cf: shutdown FollowerState
datanode_2_1  | 2019-11-08 23:55:20,221 INFO impl.RoleInfo: 4f897a75-b057-41c1-8977-d47909ce5108: start LeaderElection
datanode_3_1  | 2019-11-08 23:55:20,851 INFO impl.RaftServerImpl: 3fcbf92e-ba22-4bbb-a8cf-0b4a25c985cf@group-01A1137B61FA: changes role from  FOLLOWER to CANDIDATE at term 0 for changeToCandidate
datanode_1_1  | 2019-11-08 23:55:15,787 INFO segmented.SegmentedRaftLogWorker: 1b1a59b7-5ed6-4199-bbba-465e94768215@group-01A1137B61FA-SegmentedRaftLogWorker: flushIndex: setUnconditionally 0 -> -1
datanode_2_1  | 2019-11-08 23:55:20,236 INFO impl.LeaderElection: 4f897a75-b057-41c1-8977-d47909ce5108@group-C1AC76D6F252-LeaderElection1: begin an election at term 1 for -1: [4f897a75-b057-41c1-8977-d47909ce5108:10.5.0.5:9858], old=null
datanode_3_1  | 2019-11-08 23:55:20,851 INFO impl.RoleInfo: 3fcbf92e-ba22-4bbb-a8cf-0b4a25c985cf: start LeaderElection
datanode_1_1  | 2019-11-08 23:55:15,787 INFO server.RaftServerConfigKeys: raft.server.snapshot.auto.trigger.enabled = true (custom)
datanode_2_1  | 2019-11-08 23:55:20,237 INFO impl.RoleInfo: 4f897a75-b057-41c1-8977-d47909ce5108: shutdown LeaderElection
datanode_3_1  | 2019-11-08 23:55:20,891 INFO impl.LeaderElection: 3fcbf92e-ba22-4bbb-a8cf-0b4a25c985cf@group-94C0E2722A38-LeaderElection1: begin an election at term 1 for -1: [3fcbf92e-ba22-4bbb-a8cf-0b4a25c985cf:10.5.0.6:9858], old=null
datanode_1_1  | 2019-11-08 23:55:15,788 INFO server.RaftServerConfigKeys: raft.server.snapshot.auto.trigger.threshold = 10000 (custom)
datanode_2_1  | 2019-11-08 23:55:20,238 INFO impl.RaftServerImpl: 4f897a75-b057-41c1-8977-d47909ce5108@group-C1AC76D6F252: changes role from CANDIDATE to LEADER at term 1 for changeToLeader
datanode_3_1  | 2019-11-08 23:55:20,891 INFO impl.LeaderElection: 3fcbf92e-ba22-4bbb-a8cf-0b4a25c985cf@group-01A1137B61FA-LeaderElection2: begin an election at term 1 for -1: [4f897a75-b057-41c1-8977-d47909ce5108:10.5.0.5:9858, 1b1a59b7-5ed6-4199-bbba-465e94768215:10.5.0.4:9858, 3fcbf92e-ba22-4bbb-a8cf-0b4a25c985cf:10.5.0.6:9858], old=null
datanode_1_1  | 2019-11-08 23:55:15,788 INFO server.RaftServerConfigKeys: raft.server.snapshot.retention.file.num = 5 (custom)
datanode_3_1  | 2019-11-08 23:55:20,892 INFO impl.RoleInfo: 3fcbf92e-ba22-4bbb-a8cf-0b4a25c985cf: shutdown LeaderElection
datanode_2_1  | 2019-11-08 23:55:20,238 INFO impl.RaftServerImpl: 4f897a75-b057-41c1-8977-d47909ce5108@group-C1AC76D6F252: change Leader from null to 4f897a75-b057-41c1-8977-d47909ce5108 at term 1 for becomeLeader, leader elected after 5162ms
datanode_1_1  | 2019-11-08 23:55:15,788 INFO server.RaftServerConfigKeys: raft.server.retrycache.expirytime = 600000ms (custom)
datanode_3_1  | 2019-11-08 23:55:20,893 INFO impl.RaftServerImpl: 3fcbf92e-ba22-4bbb-a8cf-0b4a25c985cf@group-94C0E2722A38: changes role from CANDIDATE to LEADER at term 1 for changeToLeader
datanode_1_1  | 2019-11-08 23:55:15,788 WARN impl.MetricRegistriesImpl: First MetricRegistry has been created without registering reporters. You may need to call MetricRegistries.global().addReportRegistration(...) before.
datanode_2_1  | 2019-11-08 23:55:20,244 INFO server.RaftServerConfigKeys: raft.server.staging.catchup.gap = 1000 (default)
datanode_3_1  | 2019-11-08 23:55:20,893 INFO impl.RaftServerImpl: 3fcbf92e-ba22-4bbb-a8cf-0b4a25c985cf@group-94C0E2722A38: change Leader from null to 3fcbf92e-ba22-4bbb-a8cf-0b4a25c985cf at term 1 for becomeLeader, leader elected after 5342ms
datanode_1_1  | 2019-11-08 23:55:15,788 WARN impl.MetricRegistriesImpl: First MetricRegistry has been created without registering reporters. You may need to call MetricRegistries.global().addReportRegistration(...) before.
datanode_2_1  | 2019-11-08 23:55:20,244 INFO server.RaftServerConfigKeys: raft.server.rpc.sleep.time = 25ms (default)
datanode_3_1  | 2019-11-08 23:55:20,897 INFO server.RaftServerConfigKeys: raft.server.staging.catchup.gap = 1000 (default)
datanode_1_1  | 2019-11-08 23:55:15,788 INFO impl.RaftServerImpl: 1b1a59b7-5ed6-4199-bbba-465e94768215@group-01A1137B61FA: start as a follower, conf=-1: [4f897a75-b057-41c1-8977-d47909ce5108:10.5.0.5:9858, 1b1a59b7-5ed6-4199-bbba-465e94768215:10.5.0.4:9858, 3fcbf92e-ba22-4bbb-a8cf-0b4a25c985cf:10.5.0.6:9858], old=null
datanode_3_1  | 2019-11-08 23:55:20,897 INFO server.RaftServerConfigKeys: raft.server.rpc.sleep.time = 25ms (default)
datanode_2_1  | 2019-11-08 23:55:20,249 INFO server.RaftServerConfigKeys: raft.server.write.element-limit = 4096 (default)
datanode_1_1  | 2019-11-08 23:55:15,788 INFO impl.RaftServerImpl: 1b1a59b7-5ed6-4199-bbba-465e94768215@group-01A1137B61FA: changes role from      null to FOLLOWER at term 0 for startAsFollower
datanode_2_1  | 2019-11-08 23:55:20,254 INFO server.RaftServerConfigKeys: raft.server.watch.timeout = 10s (default)
datanode_3_1  | 2019-11-08 23:55:20,901 INFO server.RaftServerConfigKeys: raft.server.write.element-limit = 4096 (default)
datanode_1_1  | 2019-11-08 23:55:15,789 INFO impl.RoleInfo: 1b1a59b7-5ed6-4199-bbba-465e94768215: start FollowerState
datanode_2_1  | 2019-11-08 23:55:20,254 INFO server.RaftServerConfigKeys: raft.server.watch.timeout.denomination = 1s (default)
datanode_3_1  | 2019-11-08 23:55:20,906 INFO server.RaftServerConfigKeys: raft.server.watch.timeout = 10s (default)
datanode_1_1  | 2019-11-08 23:55:15,789 INFO util.JmxRegister: Successfully registered JMX Bean with object name Ratis:service=RaftServer,group=group-01A1137B61FA,id=1b1a59b7-5ed6-4199-bbba-465e94768215
datanode_2_1  | 2019-11-08 23:55:20,254 INFO server.RaftServerConfigKeys: raft.server.watch.element-limit = 65536 (default)
datanode_3_1  | 2019-11-08 23:55:20,906 INFO server.RaftServerConfigKeys: raft.server.watch.timeout.denomination = 1s (default)
datanode_1_1  | 2019-11-08 23:55:15,789 WARN impl.MetricRegistriesImpl: First MetricRegistry has been created without registering reporters. You may need to call MetricRegistries.global().addReportRegistration(...) before.
datanode_2_1  | 2019-11-08 23:55:20,260 INFO impl.RoleInfo: 4f897a75-b057-41c1-8977-d47909ce5108: start LeaderState
datanode_3_1  | 2019-11-08 23:55:20,907 INFO server.RaftServerConfigKeys: raft.server.watch.element-limit = 65536 (default)
datanode_1_1  | 2019-11-08 23:55:19,741 INFO impl.FollowerState: 1b1a59b7-5ed6-4199-bbba-465e94768215@group-D3AF61AD9CF7-FollowerState: change to CANDIDATE, lastRpcTime:5078ms, electionTimeout:5078ms
datanode_2_1  | 2019-11-08 23:55:20,275 INFO segmented.SegmentedRaftLogWorker: 4f897a75-b057-41c1-8977-d47909ce5108@group-C1AC76D6F252-SegmentedRaftLogWorker: Starting segment from index:0
datanode_1_1  | 2019-11-08 23:55:19,742 INFO impl.RoleInfo: 1b1a59b7-5ed6-4199-bbba-465e94768215: shutdown FollowerState
datanode_3_1  | 2019-11-08 23:55:20,914 INFO impl.RoleInfo: 3fcbf92e-ba22-4bbb-a8cf-0b4a25c985cf: start LeaderState
datanode_2_1  | 2019-11-08 23:55:20,283 INFO impl.RaftServerImpl: 4f897a75-b057-41c1-8977-d47909ce5108@group-C1AC76D6F252: set configuration 0: [4f897a75-b057-41c1-8977-d47909ce5108:10.5.0.5:9858], old=null at 0
datanode_1_1  | 2019-11-08 23:55:19,743 INFO impl.RaftServerImpl: 1b1a59b7-5ed6-4199-bbba-465e94768215@group-D3AF61AD9CF7: changes role from  FOLLOWER to CANDIDATE at term 0 for changeToCandidate
datanode_3_1  | 2019-11-08 23:55:20,931 INFO segmented.SegmentedRaftLogWorker: 3fcbf92e-ba22-4bbb-a8cf-0b4a25c985cf@group-94C0E2722A38-SegmentedRaftLogWorker: Starting segment from index:0
datanode_2_1  | 2019-11-08 23:55:20,427 INFO segmented.SegmentedRaftLogWorker: 4f897a75-b057-41c1-8977-d47909ce5108@group-C1AC76D6F252-SegmentedRaftLogWorker: created new log segment /data/metadata/ratis/c7e65d7c-c44a-4c19-88ab-c1ac76d6f252/current/log_inprogress_0
datanode_1_1  | 2019-11-08 23:55:19,746 INFO impl.RoleInfo: 1b1a59b7-5ed6-4199-bbba-465e94768215: start LeaderElection
datanode_3_1  | 2019-11-08 23:55:20,939 INFO impl.RaftServerImpl: 3fcbf92e-ba22-4bbb-a8cf-0b4a25c985cf@group-94C0E2722A38: set configuration 0: [3fcbf92e-ba22-4bbb-a8cf-0b4a25c985cf:10.5.0.6:9858], old=null at 0
datanode_2_1  | 2019-11-08 23:55:20,868 INFO impl.FollowerState: 4f897a75-b057-41c1-8977-d47909ce5108@group-01A1137B61FA-FollowerState: change to CANDIDATE, lastRpcTime:5054ms, electionTimeout:5054ms
datanode_1_1  | 2019-11-08 23:55:19,763 INFO impl.LeaderElection: 1b1a59b7-5ed6-4199-bbba-465e94768215@group-D3AF61AD9CF7-LeaderElection1: begin an election at term 1 for -1: [1b1a59b7-5ed6-4199-bbba-465e94768215:10.5.0.4:9858], old=null
datanode_3_1  | 2019-11-08 23:55:21,047 INFO segmented.SegmentedRaftLogWorker: 3fcbf92e-ba22-4bbb-a8cf-0b4a25c985cf@group-94C0E2722A38-SegmentedRaftLogWorker: created new log segment /data/metadata/ratis/e132e54c-91f4-4931-8c59-94c0e2722a38/current/log_inprogress_0
datanode_2_1  | 2019-11-08 23:55:20,869 INFO impl.RoleInfo: 4f897a75-b057-41c1-8977-d47909ce5108: shutdown FollowerState
datanode_1_1  | 2019-11-08 23:55:19,765 INFO impl.RoleInfo: 1b1a59b7-5ed6-4199-bbba-465e94768215: shutdown LeaderElection
datanode_3_1  | 2019-11-08 23:55:21,089 INFO impl.LeaderElection: 3fcbf92e-ba22-4bbb-a8cf-0b4a25c985cf@group-01A1137B61FA-LeaderElection2: Election REJECTED; received 2 response(s) [3fcbf92e-ba22-4bbb-a8cf-0b4a25c985cf<-4f897a75-b057-41c1-8977-d47909ce5108#0:FAIL-t1, 3fcbf92e-ba22-4bbb-a8cf-0b4a25c985cf<-1b1a59b7-5ed6-4199-bbba-465e94768215#0:FAIL-t1] and 0 exception(s); 3fcbf92e-ba22-4bbb-a8cf-0b4a25c985cf@group-01A1137B61FA:t1, leader=null, voted=3fcbf92e-ba22-4bbb-a8cf-0b4a25c985cf, raftlog=3fcbf92e-ba22-4bbb-a8cf-0b4a25c985cf@group-01A1137B61FA-SegmentedRaftLog:OPENED:c-1,f-1,i0, conf=-1: [4f897a75-b057-41c1-8977-d47909ce5108:10.5.0.5:9858, 1b1a59b7-5ed6-4199-bbba-465e94768215:10.5.0.4:9858, 3fcbf92e-ba22-4bbb-a8cf-0b4a25c985cf:10.5.0.6:9858], old=null
datanode_1_1  | 2019-11-08 23:55:19,765 INFO impl.RaftServerImpl: 1b1a59b7-5ed6-4199-bbba-465e94768215@group-D3AF61AD9CF7: changes role from CANDIDATE to LEADER at term 1 for changeToLeader
datanode_2_1  | 2019-11-08 23:55:20,869 INFO impl.RaftServerImpl: 4f897a75-b057-41c1-8977-d47909ce5108@group-01A1137B61FA: changes role from  FOLLOWER to CANDIDATE at term 0 for changeToCandidate
datanode_1_1  | 2019-11-08 23:55:19,766 INFO impl.RaftServerImpl: 1b1a59b7-5ed6-4199-bbba-465e94768215@group-D3AF61AD9CF7: change Leader from null to 1b1a59b7-5ed6-4199-bbba-465e94768215 at term 1 for becomeLeader, leader elected after 5168ms
datanode_2_1  | 2019-11-08 23:55:20,869 INFO impl.RoleInfo: 4f897a75-b057-41c1-8977-d47909ce5108: start LeaderElection
datanode_3_1  | 2019-11-08 23:55:21,091 INFO impl.RaftServerImpl: 3fcbf92e-ba22-4bbb-a8cf-0b4a25c985cf@group-01A1137B61FA: changes role from CANDIDATE to FOLLOWER at term 1 for DISCOVERED_A_NEW_TERM
datanode_1_1  | 2019-11-08 23:55:19,770 INFO server.RaftServerConfigKeys: raft.server.staging.catchup.gap = 1000 (default)
datanode_2_1  | 2019-11-08 23:55:20,891 INFO impl.LeaderElection: 4f897a75-b057-41c1-8977-d47909ce5108@group-01A1137B61FA-LeaderElection2: begin an election at term 1 for -1: [4f897a75-b057-41c1-8977-d47909ce5108:10.5.0.5:9858, 1b1a59b7-5ed6-4199-bbba-465e94768215:10.5.0.4:9858, 3fcbf92e-ba22-4bbb-a8cf-0b4a25c985cf:10.5.0.6:9858], old=null
datanode_3_1  | 2019-11-08 23:55:21,091 INFO impl.RoleInfo: 3fcbf92e-ba22-4bbb-a8cf-0b4a25c985cf: shutdown LeaderElection
datanode_1_1  | 2019-11-08 23:55:19,771 INFO server.RaftServerConfigKeys: raft.server.rpc.sleep.time = 25ms (default)
datanode_2_1  | 2019-11-08 23:55:21,089 INFO impl.LeaderElection: 4f897a75-b057-41c1-8977-d47909ce5108@group-01A1137B61FA-LeaderElection2: Election REJECTED; received 2 response(s) [4f897a75-b057-41c1-8977-d47909ce5108<-1b1a59b7-5ed6-4199-bbba-465e94768215#0:FAIL-t1, 4f897a75-b057-41c1-8977-d47909ce5108<-3fcbf92e-ba22-4bbb-a8cf-0b4a25c985cf#0:FAIL-t1] and 0 exception(s); 4f897a75-b057-41c1-8977-d47909ce5108@group-01A1137B61FA:t1, leader=null, voted=4f897a75-b057-41c1-8977-d47909ce5108, raftlog=4f897a75-b057-41c1-8977-d47909ce5108@group-01A1137B61FA-SegmentedRaftLog:OPENED:c-1,f-1,i0, conf=-1: [4f897a75-b057-41c1-8977-d47909ce5108:10.5.0.5:9858, 1b1a59b7-5ed6-4199-bbba-465e94768215:10.5.0.4:9858, 3fcbf92e-ba22-4bbb-a8cf-0b4a25c985cf:10.5.0.6:9858], old=null
datanode_3_1  | 2019-11-08 23:55:21,091 INFO impl.RoleInfo: 3fcbf92e-ba22-4bbb-a8cf-0b4a25c985cf: start FollowerState
datanode_1_1  | 2019-11-08 23:55:19,776 INFO server.RaftServerConfigKeys: raft.server.write.element-limit = 4096 (default)
datanode_3_1  | 2019-11-08 23:55:26,183 INFO impl.FollowerState: 3fcbf92e-ba22-4bbb-a8cf-0b4a25c985cf@group-01A1137B61FA-FollowerState: change to CANDIDATE, lastRpcTime:5091ms, electionTimeout:5091ms
datanode_2_1  | 2019-11-08 23:55:21,091 INFO impl.RaftServerImpl: 4f897a75-b057-41c1-8977-d47909ce5108@group-01A1137B61FA: changes role from CANDIDATE to FOLLOWER at term 1 for DISCOVERED_A_NEW_TERM
datanode_1_1  | 2019-11-08 23:55:19,782 INFO server.RaftServerConfigKeys: raft.server.watch.timeout = 10s (default)
datanode_3_1  | 2019-11-08 23:55:26,183 INFO impl.RoleInfo: 3fcbf92e-ba22-4bbb-a8cf-0b4a25c985cf: shutdown FollowerState
datanode_2_1  | 2019-11-08 23:55:21,091 INFO impl.RoleInfo: 4f897a75-b057-41c1-8977-d47909ce5108: shutdown LeaderElection
datanode_3_1  | 2019-11-08 23:55:26,184 INFO impl.RaftServerImpl: 3fcbf92e-ba22-4bbb-a8cf-0b4a25c985cf@group-01A1137B61FA: changes role from  FOLLOWER to CANDIDATE at term 1 for changeToCandidate
datanode_2_1  | 2019-11-08 23:55:21,091 INFO impl.RoleInfo: 4f897a75-b057-41c1-8977-d47909ce5108: start FollowerState
datanode_3_1  | 2019-11-08 23:55:26,184 INFO impl.RoleInfo: 3fcbf92e-ba22-4bbb-a8cf-0b4a25c985cf: start LeaderElection
datanode_1_1  | 2019-11-08 23:55:19,782 INFO server.RaftServerConfigKeys: raft.server.watch.timeout.denomination = 1s (default)
datanode_2_1  | 2019-11-08 23:55:26,218 INFO impl.RaftServerImpl: 4f897a75-b057-41c1-8977-d47909ce5108@group-01A1137B61FA: changes role from  FOLLOWER to FOLLOWER at term 2 for recognizeCandidate:3fcbf92e-ba22-4bbb-a8cf-0b4a25c985cf
datanode_3_1  | 2019-11-08 23:55:26,198 INFO impl.LeaderElection: 3fcbf92e-ba22-4bbb-a8cf-0b4a25c985cf@group-01A1137B61FA-LeaderElection3: begin an election at term 2 for -1: [4f897a75-b057-41c1-8977-d47909ce5108:10.5.0.5:9858, 1b1a59b7-5ed6-4199-bbba-465e94768215:10.5.0.4:9858, 3fcbf92e-ba22-4bbb-a8cf-0b4a25c985cf:10.5.0.6:9858], old=null
datanode_1_1  | 2019-11-08 23:55:19,783 INFO server.RaftServerConfigKeys: raft.server.watch.element-limit = 65536 (default)
datanode_3_1  | 2019-11-08 23:55:26,262 INFO impl.LeaderElection: 3fcbf92e-ba22-4bbb-a8cf-0b4a25c985cf@group-01A1137B61FA-LeaderElection3: Election PASSED; received 1 response(s) [3fcbf92e-ba22-4bbb-a8cf-0b4a25c985cf<-4f897a75-b057-41c1-8977-d47909ce5108#0:OK-t2] and 0 exception(s); 3fcbf92e-ba22-4bbb-a8cf-0b4a25c985cf@group-01A1137B61FA:t2, leader=null, voted=3fcbf92e-ba22-4bbb-a8cf-0b4a25c985cf, raftlog=3fcbf92e-ba22-4bbb-a8cf-0b4a25c985cf@group-01A1137B61FA-SegmentedRaftLog:OPENED:c-1,f-1,i0, conf=-1: [4f897a75-b057-41c1-8977-d47909ce5108:10.5.0.5:9858, 1b1a59b7-5ed6-4199-bbba-465e94768215:10.5.0.4:9858, 3fcbf92e-ba22-4bbb-a8cf-0b4a25c985cf:10.5.0.6:9858], old=null
datanode_2_1  | 2019-11-08 23:55:26,218 INFO impl.RoleInfo: 4f897a75-b057-41c1-8977-d47909ce5108: shutdown FollowerState
datanode_1_1  | 2019-11-08 23:55:19,790 INFO impl.RoleInfo: 1b1a59b7-5ed6-4199-bbba-465e94768215: start LeaderState
datanode_2_1  | 2019-11-08 23:55:26,218 INFO impl.RoleInfo: 4f897a75-b057-41c1-8977-d47909ce5108: start FollowerState
datanode_3_1  | 2019-11-08 23:55:26,262 INFO impl.RoleInfo: 3fcbf92e-ba22-4bbb-a8cf-0b4a25c985cf: shutdown LeaderElection
datanode_1_1  | 2019-11-08 23:55:19,814 INFO segmented.SegmentedRaftLogWorker: 1b1a59b7-5ed6-4199-bbba-465e94768215@group-D3AF61AD9CF7-SegmentedRaftLogWorker: Starting segment from index:0
datanode_2_1  | 2019-11-08 23:55:26,218 INFO impl.FollowerState: 4f897a75-b057-41c1-8977-d47909ce5108@group-01A1137B61FA-FollowerState was interrupted: java.lang.InterruptedException: sleep interrupted
datanode_3_1  | 2019-11-08 23:55:26,263 INFO impl.RaftServerImpl: 3fcbf92e-ba22-4bbb-a8cf-0b4a25c985cf@group-01A1137B61FA: changes role from CANDIDATE to LEADER at term 2 for changeToLeader
datanode_1_1  | 2019-11-08 23:55:19,824 INFO impl.RaftServerImpl: 1b1a59b7-5ed6-4199-bbba-465e94768215@group-D3AF61AD9CF7: set configuration 0: [1b1a59b7-5ed6-4199-bbba-465e94768215:10.5.0.4:9858], old=null at 0
datanode_2_1  | 2019-11-08 23:55:26,336 INFO impl.RaftServerImpl: 4f897a75-b057-41c1-8977-d47909ce5108@group-01A1137B61FA: change Leader from null to 3fcbf92e-ba22-4bbb-a8cf-0b4a25c985cf at term 2 for appendEntries, leader elected after 10527ms
datanode_3_1  | 2019-11-08 23:55:26,263 INFO impl.RaftServerImpl: 3fcbf92e-ba22-4bbb-a8cf-0b4a25c985cf@group-01A1137B61FA: change Leader from null to 3fcbf92e-ba22-4bbb-a8cf-0b4a25c985cf at term 2 for becomeLeader, leader elected after 10454ms
datanode_1_1  | 2019-11-08 23:55:19,928 INFO segmented.SegmentedRaftLogWorker: 1b1a59b7-5ed6-4199-bbba-465e94768215@group-D3AF61AD9CF7-SegmentedRaftLogWorker: created new log segment /data/metadata/ratis/600334ca-98bb-4d22-b801-d3af61ad9cf7/current/log_inprogress_0
datanode_2_1  | 2019-11-08 23:55:26,360 INFO impl.RaftServerImpl: 4f897a75-b057-41c1-8977-d47909ce5108@group-01A1137B61FA: set configuration 0: [4f897a75-b057-41c1-8977-d47909ce5108:10.5.0.5:9858, 1b1a59b7-5ed6-4199-bbba-465e94768215:10.5.0.4:9858, 3fcbf92e-ba22-4bbb-a8cf-0b4a25c985cf:10.5.0.6:9858], old=null at 0
datanode_1_1  | 2019-11-08 23:55:20,939 INFO impl.FollowerState: 1b1a59b7-5ed6-4199-bbba-465e94768215@group-01A1137B61FA-FollowerState: change to CANDIDATE, lastRpcTime:5150ms, electionTimeout:5150ms
datanode_3_1  | 2019-11-08 23:55:26,263 INFO server.RaftServerConfigKeys: raft.server.staging.catchup.gap = 1000 (default)
datanode_2_1  | 2019-11-08 23:55:26,360 INFO segmented.SegmentedRaftLogWorker: 4f897a75-b057-41c1-8977-d47909ce5108@group-01A1137B61FA-SegmentedRaftLogWorker: Starting segment from index:0
datanode_1_1  | 2019-11-08 23:55:20,940 INFO impl.RoleInfo: 1b1a59b7-5ed6-4199-bbba-465e94768215: shutdown FollowerState
datanode_3_1  | 2019-11-08 23:55:26,263 INFO server.RaftServerConfigKeys: raft.server.rpc.sleep.time = 25ms (default)
datanode_2_1  | 2019-11-08 23:55:26,407 INFO segmented.SegmentedRaftLogWorker: 4f897a75-b057-41c1-8977-d47909ce5108@group-01A1137B61FA-SegmentedRaftLogWorker: created new log segment /data/metadata/ratis/b85cef6a-fd1f-4a11-96cc-01a1137b61fa/current/log_inprogress_0
datanode_1_1  | 2019-11-08 23:55:20,940 INFO impl.RaftServerImpl: 1b1a59b7-5ed6-4199-bbba-465e94768215@group-01A1137B61FA: changes role from  FOLLOWER to CANDIDATE at term 0 for changeToCandidate
datanode_3_1  | 2019-11-08 23:55:26,263 INFO server.RaftServerConfigKeys: raft.server.write.element-limit = 4096 (default)
datanode_1_1  | 2019-11-08 23:55:20,940 INFO impl.RoleInfo: 1b1a59b7-5ed6-4199-bbba-465e94768215: start LeaderElection
datanode_3_1  | 2019-11-08 23:55:26,264 INFO server.RaftServerConfigKeys: raft.server.watch.timeout = 10s (default)
datanode_1_1  | 2019-11-08 23:55:20,954 INFO impl.LeaderElection: 1b1a59b7-5ed6-4199-bbba-465e94768215@group-01A1137B61FA-LeaderElection2: begin an election at term 1 for -1: [4f897a75-b057-41c1-8977-d47909ce5108:10.5.0.5:9858, 1b1a59b7-5ed6-4199-bbba-465e94768215:10.5.0.4:9858, 3fcbf92e-ba22-4bbb-a8cf-0b4a25c985cf:10.5.0.6:9858], old=null
datanode_3_1  | 2019-11-08 23:55:26,264 INFO server.RaftServerConfigKeys: raft.server.watch.timeout.denomination = 1s (default)
datanode_1_1  | 2019-11-08 23:55:21,127 INFO impl.LeaderElection: 1b1a59b7-5ed6-4199-bbba-465e94768215@group-01A1137B61FA-LeaderElection2: Election REJECTED; received 2 response(s) [1b1a59b7-5ed6-4199-bbba-465e94768215<-4f897a75-b057-41c1-8977-d47909ce5108#0:FAIL-t1, 1b1a59b7-5ed6-4199-bbba-465e94768215<-3fcbf92e-ba22-4bbb-a8cf-0b4a25c985cf#0:FAIL-t1] and 0 exception(s); 1b1a59b7-5ed6-4199-bbba-465e94768215@group-01A1137B61FA:t1, leader=null, voted=1b1a59b7-5ed6-4199-bbba-465e94768215, raftlog=1b1a59b7-5ed6-4199-bbba-465e94768215@group-01A1137B61FA-SegmentedRaftLog:OPENED:c-1,f-1,i0, conf=-1: [4f897a75-b057-41c1-8977-d47909ce5108:10.5.0.5:9858, 1b1a59b7-5ed6-4199-bbba-465e94768215:10.5.0.4:9858, 3fcbf92e-ba22-4bbb-a8cf-0b4a25c985cf:10.5.0.6:9858], old=null
datanode_3_1  | 2019-11-08 23:55:26,264 INFO server.RaftServerConfigKeys: raft.server.watch.element-limit = 65536 (default)
datanode_1_1  | 2019-11-08 23:55:21,128 INFO impl.RaftServerImpl: 1b1a59b7-5ed6-4199-bbba-465e94768215@group-01A1137B61FA: changes role from CANDIDATE to FOLLOWER at term 1 for DISCOVERED_A_NEW_TERM
datanode_3_1  | 2019-11-08 23:55:26,266 INFO server.RaftServerConfigKeys: raft.server.log.appender.snapshot.chunk.size.max = 16MB (=16777216) (default)
datanode_1_1  | 2019-11-08 23:55:21,128 INFO impl.RoleInfo: 1b1a59b7-5ed6-4199-bbba-465e94768215: shutdown LeaderElection
datanode_3_1  | 2019-11-08 23:55:26,267 INFO server.RaftServerConfigKeys: raft.server.log.appender.buffer.byte-limit = 33554432 (custom)
datanode_1_1  | 2019-11-08 23:55:21,129 INFO impl.RoleInfo: 1b1a59b7-5ed6-4199-bbba-465e94768215: start FollowerState
datanode_3_1  | 2019-11-08 23:55:26,267 INFO server.RaftServerConfigKeys: raft.server.log.appender.buffer.element-limit = 1 (custom)
datanode_1_1  | 2019-11-08 23:55:26,217 INFO impl.RaftServerImpl: 1b1a59b7-5ed6-4199-bbba-465e94768215@group-01A1137B61FA: changes role from  FOLLOWER to FOLLOWER at term 2 for recognizeCandidate:3fcbf92e-ba22-4bbb-a8cf-0b4a25c985cf
datanode_3_1  | 2019-11-08 23:55:26,270 INFO grpc.GrpcConfigKeys$Server: raft.grpc.server.leader.outstanding.appends.max = 128 (default)
datanode_1_1  | 2019-11-08 23:55:26,217 INFO impl.RoleInfo: 1b1a59b7-5ed6-4199-bbba-465e94768215: shutdown FollowerState
datanode_3_1  | 2019-11-08 23:55:26,270 INFO server.RaftServerConfigKeys: raft.server.rpc.request.timeout = 3000ms (default)
datanode_3_1  | 2019-11-08 23:55:26,270 INFO server.RaftServerConfigKeys: raft.server.log.appender.install.snapshot.enabled = false (custom)
datanode_1_1  | 2019-11-08 23:55:26,217 INFO impl.RoleInfo: 1b1a59b7-5ed6-4199-bbba-465e94768215: start FollowerState
datanode_3_1  | 2019-11-08 23:55:26,271 WARN impl.MetricRegistriesImpl: First MetricRegistry has been created without registering reporters. You may need to call MetricRegistries.global().addReportRegistration(...) before.
datanode_3_1  | 2019-11-08 23:55:26,272 INFO server.RaftServerConfigKeys: raft.server.log.appender.snapshot.chunk.size.max = 16MB (=16777216) (default)
datanode_1_1  | 2019-11-08 23:55:26,217 INFO impl.FollowerState: 1b1a59b7-5ed6-4199-bbba-465e94768215@group-01A1137B61FA-FollowerState was interrupted: java.lang.InterruptedException: sleep interrupted
datanode_3_1  | 2019-11-08 23:55:26,272 INFO server.RaftServerConfigKeys: raft.server.log.appender.buffer.byte-limit = 33554432 (custom)
datanode_1_1  | 2019-11-08 23:55:26,336 INFO impl.RaftServerImpl: 1b1a59b7-5ed6-4199-bbba-465e94768215@group-01A1137B61FA: change Leader from null to 3fcbf92e-ba22-4bbb-a8cf-0b4a25c985cf at term 2 for appendEntries, leader elected after 10561ms
datanode_3_1  | 2019-11-08 23:55:26,273 INFO server.RaftServerConfigKeys: raft.server.log.appender.buffer.element-limit = 1 (custom)
datanode_1_1  | 2019-11-08 23:55:26,359 INFO impl.RaftServerImpl: 1b1a59b7-5ed6-4199-bbba-465e94768215@group-01A1137B61FA: set configuration 0: [4f897a75-b057-41c1-8977-d47909ce5108:10.5.0.5:9858, 1b1a59b7-5ed6-4199-bbba-465e94768215:10.5.0.4:9858, 3fcbf92e-ba22-4bbb-a8cf-0b4a25c985cf:10.5.0.6:9858], old=null at 0
datanode_3_1  | 2019-11-08 23:55:26,273 INFO grpc.GrpcConfigKeys$Server: raft.grpc.server.leader.outstanding.appends.max = 128 (default)
datanode_1_1  | 2019-11-08 23:55:26,359 INFO segmented.SegmentedRaftLogWorker: 1b1a59b7-5ed6-4199-bbba-465e94768215@group-01A1137B61FA-SegmentedRaftLogWorker: Starting segment from index:0
datanode_3_1  | 2019-11-08 23:55:26,273 INFO server.RaftServerConfigKeys: raft.server.rpc.request.timeout = 3000ms (default)
datanode_1_1  | 2019-11-08 23:55:26,407 INFO segmented.SegmentedRaftLogWorker: 1b1a59b7-5ed6-4199-bbba-465e94768215@group-01A1137B61FA-SegmentedRaftLogWorker: created new log segment /data/metadata/ratis/b85cef6a-fd1f-4a11-96cc-01a1137b61fa/current/log_inprogress_0
datanode_3_1  | 2019-11-08 23:55:26,273 INFO server.RaftServerConfigKeys: raft.server.log.appender.install.snapshot.enabled = false (custom)
datanode_3_1  | 2019-11-08 23:55:26,276 INFO impl.RoleInfo: 3fcbf92e-ba22-4bbb-a8cf-0b4a25c985cf: start LeaderState
datanode_3_1  | 2019-11-08 23:55:26,276 INFO segmented.SegmentedRaftLogWorker: 3fcbf92e-ba22-4bbb-a8cf-0b4a25c985cf@group-01A1137B61FA-SegmentedRaftLogWorker: Starting segment from index:0
datanode_3_1  | 2019-11-08 23:55:26,277 INFO impl.RaftServerImpl: 3fcbf92e-ba22-4bbb-a8cf-0b4a25c985cf@group-01A1137B61FA: set configuration 0: [4f897a75-b057-41c1-8977-d47909ce5108:10.5.0.5:9858, 1b1a59b7-5ed6-4199-bbba-465e94768215:10.5.0.4:9858, 3fcbf92e-ba22-4bbb-a8cf-0b4a25c985cf:10.5.0.6:9858], old=null at 0
datanode_3_1  | 2019-11-08 23:55:26,327 INFO segmented.SegmentedRaftLogWorker: 3fcbf92e-ba22-4bbb-a8cf-0b4a25c985cf@group-01A1137B61FA-SegmentedRaftLogWorker: created new log segment /data/metadata/ratis/b85cef6a-fd1f-4a11-96cc-01a1137b61fa/current/log_inprogress_0
