om_1        | STARTUP_MSG:   classpath = /etc/hadoop:/opt/hadoop/share/hadoop/common/*:/opt/hadoop/share/ozone/lib/kerb-simplekdc-1.0.1.jar:/opt/hadoop/share/ozone/lib/protobuf-java-2.5.0.jar:/opt/hadoop/share/ozone/lib/bcpkix-jdk15on-1.60.jar:/opt/hadoop/share/ozone/lib/sqlite-jdbc-3.25.2.jar:/opt/hadoop/share/ozone/lib/netty-3.10.5.Final.jar:/opt/hadoop/share/ozone/lib/commons-validator-1.6.jar:/opt/hadoop/share/ozone/lib/jaxb-impl-2.3.0.1.jar:/opt/hadoop/share/ozone/lib/kerb-core-1.0.1.jar:/opt/hadoop/share/ozone/lib/hadoop-ozone-common-0.5.0-SNAPSHOT.jar:/opt/hadoop/share/ozone/lib/ratis-thirdparty-misc-0.2.0.jar:/opt/hadoop/share/ozone/lib/jsr305-3.0.0.jar:/opt/hadoop/share/ozone/lib/leveldbjni-all-1.8.jar:/opt/hadoop/share/ozone/lib/htrace-core4-4.1.0-incubating.jar:/opt/hadoop/share/ozone/lib/hadoop-annotations-3.2.0.jar:/opt/hadoop/share/ozone/lib/hadoop-hdds-tools-0.5.0-SNAPSHOT.jar:/opt/hadoop/share/ozone/lib/kerb-util-1.0.1.jar:/opt/hadoop/share/ozone/lib/jackson-jaxrs-1.9.13.jar:/opt/hadoop/share/ozone/lib/ratis-server-0.5.0-d6d58d0-SNAPSHOT.jar:/opt/hadoop/share/ozone/lib/kerby-xdr-1.0.1.jar:/opt/hadoop/share/ozone/lib/jetty-webapp-9.3.25.v20180904.jar:/opt/hadoop/share/ozone/lib/jackson-core-asl-1.9.13.jar:/opt/hadoop/share/ozone/lib/commons-net-3.6.jar:/opt/hadoop/share/ozone/lib/log4j-api-2.11.0.jar:/opt/hadoop/share/ozone/lib/netty-all-4.0.52.Final.jar:/opt/hadoop/share/ozone/lib/hadoop-hdfs-3.2.0.jar:/opt/hadoop/share/ozone/lib/jline-0.9.94.jar:/opt/hadoop/share/ozone/lib/opentracing-api-0.31.0.jar:/opt/hadoop/share/ozone/lib/hadoop-hdds-server-framework-0.5.0-SNAPSHOT.jar:/opt/hadoop/share/ozone/lib/slf4j-log4j12-1.7.25.jar:/opt/hadoop/share/ozone/lib/hadoop-hdfs-client-3.2.0.jar:/opt/hadoop/share/ozone/lib/kerby-config-1.0.1.jar:/opt/hadoop/share/ozone/lib/jetty-util-9.3.25.v20180904.jar:/opt/hadoop/share/ozone/lib/libthrift-0.12.0.jar:/opt/hadoop/share/ozone/lib/metrics-core-3.2.4.jar:/opt/hadoop/share/ozone/lib/kerby-pkix-1.0.1.jar:/opt/hadoop/share/ozone/lib/xz-1.0.jar:/opt/hadoop/share/ozone/lib/hadoop-hdds-config-0.5.0-SNAPSHOT.jar:/opt/hadoop/share/ozone/lib/nimbus-jose-jwt-4.41.1.jar:/opt/hadoop/share/ozone/lib/jsr311-api-1.1.1.jar:/opt/hadoop/share/ozone/lib/commons-beanutils-1.9.4.jar:/opt/hadoop/share/ozone/lib/ratis-grpc-0.5.0-d6d58d0-SNAPSHOT.jar:/opt/hadoop/share/ozone/lib/ratis-netty-0.5.0-d6d58d0-SNAPSHOT.jar:/opt/hadoop/share/ozone/lib/javax.servlet-api-3.1.0.jar:/opt/hadoop/share/ozone/lib/kerb-server-1.0.1.jar:/opt/hadoop/share/ozone/lib/zookeeper-3.4.13.jar:/opt/hadoop/share/ozone/lib/avro-1.7.7.jar:/opt/hadoop/share/ozone/lib/kerb-client-1.0.1.jar:/opt/hadoop/share/ozone/lib/jackson-xc-1.9.13.jar:/opt/hadoop/share/ozone/lib/disruptor-3.4.2.jar:/opt/hadoop/share/ozone/lib/guava-11.0.2.jar:/opt/hadoop/share/ozone/lib/ratis-client-0.5.0-d6d58d0-SNAPSHOT.jar:/opt/hadoop/share/ozone/lib/hadoop-hdds-common-0.5.0-SNAPSHOT.jar:/opt/hadoop/share/ozone/lib/curator-framework-2.12.0.jar:/opt/hadoop/share/ozone/lib/dnsjava-2.1.7.jar:/opt/hadoop/share/ozone/lib/commons-configuration2-2.1.1.jar:/opt/hadoop/share/ozone/lib/json-smart-2.3.jar:/opt/hadoop/share/ozone/lib/token-provider-1.0.1.jar:/opt/hadoop/share/ozone/lib/log4j-1.2.17.jar:/opt/hadoop/share/ozone/lib/commons-daemon-1.0.13.jar:/opt/hadoop/share/ozone/lib/bcprov-jdk15on-1.60.jar:/opt/hadoop/share/ozone/lib/ratis-metrics-0.5.0-d6d58d0-SNAPSHOT.jar:/opt/hadoop/share/ozone/lib/commons-lang3-3.7.jar:/opt/hadoop/share/ozone/lib/commons-compress-1.4.1.jar:/opt/hadoop/share/ozone/lib/jaeger-client-0.34.0.jar:/opt/hadoop/share/ozone/lib/jetty-server-9.3.25.v20180904.jar:/opt/hadoop/share/ozone/lib/accessors-smart-1.2.jar:/opt/hadoop/share/ozone/lib/re2j-1.1.jar:/opt/hadoop/share/ozone/lib/curator-recipes-2.12.0.jar:/opt/hadoop/share/ozone/lib/jackson-core-2.9.9.jar:/opt/hadoop/share/ozone/lib/commons-math3-3.1.1.jar:/opt/hadoop/share/ozone/lib/opentracing-noop-0.31.0.jar:/opt/hadoop/share/ozone/lib/httpclient-4.5.2.jar:/opt/hadoop/share/ozone/lib/jaeger-core-0.34.0.jar:/opt/hadoop/share/ozone/lib/asm-5.0.4.jar:/opt/hadoop/share/ozone/lib/curator-client-2.12.0.jar:/opt/hadoop/share/ozone/lib/audience-annotations-0.5.0.jar:/opt/hadoop/share/ozone/lib/kerby-util-1.0.1.jar:/opt/hadoop/share/ozone/lib/jackson-mapper-asl-1.9.13.jar:/opt/hadoop/share/ozone/lib/rocksdbjni-6.0.1.jar:/opt/hadoop/share/ozone/lib/jsp-api-2.1.jar:/opt/hadoop/share/ozone/lib/jsch-0.1.54.jar:/opt/hadoop/share/ozone/lib/opentracing-tracerresolver-0.1.5.jar:/opt/hadoop/share/ozone/lib/paranamer-2.3.jar:/opt/hadoop/share/ozone/lib/log4j-core-2.11.0.jar:/opt/hadoop/share/ozone/lib/jetty-io-9.3.25.v20180904.jar:/opt/hadoop/share/ozone/lib/jetty-xml-9.3.25.v20180904.jar:/opt/hadoop/share/ozone/lib/commons-codec-1.11.jar:/opt/hadoop/share/ozone/lib/commons-pool2-2.6.0.jar:/opt/hadoop/share/ozone/lib/gson-2.2.4.jar:/opt/hadoop/share/ozone/lib/jcip-annotations-1.0-1.jar:/opt/hadoop/share/ozone/lib/kerb-admin-1.0.1.jar:/opt/hadoop/share/ozone/lib/okio-1.13.0.jar:/opt/hadoop/share/ozone/lib/commons-io-2.5.jar:/opt/hadoop/share/ozone/lib/snakeyaml-1.16.jar:/opt/hadoop/share/ozone/lib/hadoop-ozone-client-0.5.0-SNAPSHOT.jar:/opt/hadoop/share/ozone/lib/jersey-core-1.19.jar:/opt/hadoop/share/ozone/lib/jackson-databind-2.9.9.jar:/opt/hadoop/share/ozone/lib/hadoop-hdds-container-service-0.5.0-SNAPSHOT.jar:/opt/hadoop/share/ozone/lib/picocli-3.9.6.jar:/opt/hadoop/share/ozone/lib/jaeger-thrift-0.34.0.jar:/opt/hadoop/share/ozone/lib/ratis-common-0.5.0-d6d58d0-SNAPSHOT.jar:/opt/hadoop/share/ozone/lib/jackson-annotations-2.9.9.jar:/opt/hadoop/share/ozone/lib/commons-cli-1.2.jar:/opt/hadoop/share/ozone/lib/hadoop-hdds-docs-0.5.0-SNAPSHOT.jar:/opt/hadoop/share/ozone/lib/woodstox-core-5.0.3.jar:/opt/hadoop/share/ozone/lib/javax.annotation-api-1.2.jar:/opt/hadoop/share/ozone/lib/snappy-java-1.0.5.jar:/opt/hadoop/share/ozone/lib/jaeger-tracerresolver-0.34.0.jar:/opt/hadoop/share/ozone/lib/jetty-security-9.3.25.v20180904.jar:/opt/hadoop/share/ozone/lib/jetty-http-9.3.25.v20180904.jar:/opt/hadoop/share/ozone/lib/kerby-asn1-1.0.1.jar:/opt/hadoop/share/ozone/lib/okhttp-3.9.0.jar:/opt/hadoop/share/ozone/lib/stax2-api-3.1.4.jar:/opt/hadoop/share/ozone/lib/commons-digester-1.8.1.jar:/opt/hadoop/share/ozone/lib/commons-collections-3.2.2.jar:/opt/hadoop/share/ozone/lib/jettison-1.1.jar:/opt/hadoop/share/ozone/lib/commons-text-1.4.jar:/opt/hadoop/share/ozone/lib/jersey-servlet-1.19.jar:/opt/hadoop/share/ozone/lib/jersey-json-1.19.jar:/opt/hadoop/share/ozone/lib/slf4j-api-1.7.25.jar:/opt/hadoop/share/ozone/lib/jetty-util-ajax-9.3.25.v20180904.jar:/opt/hadoop/share/ozone/lib/commons-logging-1.1.3.jar:/opt/hadoop/share/ozone/lib/hadoop-hdds-client-0.5.0-SNAPSHOT.jar:/opt/hadoop/share/ozone/lib/kerb-identity-1.0.1.jar:/opt/hadoop/share/ozone/lib/ratis-proto-0.5.0-d6d58d0-SNAPSHOT.jar:/opt/hadoop/share/ozone/lib/opentracing-util-0.31.0.jar:/opt/hadoop/share/ozone/lib/hadoop-common-3.2.0.jar:/opt/hadoop/share/ozone/lib/hadoop-auth-3.2.0.jar:/opt/hadoop/share/ozone/lib/kerb-common-1.0.1.jar:/opt/hadoop/share/ozone/lib/jetty-servlet-9.3.25.v20180904.jar:/opt/hadoop/share/ozone/lib/jersey-server-1.19.jar:/opt/hadoop/share/ozone/lib/kerb-crypto-1.0.1.jar:/opt/hadoop/share/ozone/lib/httpcore-4.4.4.jar:/opt/hadoop/share/ozone/web:/opt/hadoop/share/ozone/lib/hadoop-ozone-ozone-manager-0.5.0-SNAPSHOT.jar
datanode_3  | 2019-11-14 11:47:19,087 INFO server.AuthenticationFilter: Unable to initialize FileSignerSecretProvider, falling back to use random secrets.
datanode_3  | 2019-11-14 11:47:19,091 INFO http.HttpRequestLog: Http request log for http.requests.hddsDatanode is not defined
datanode_3  | 2019-11-14 11:47:19,103 INFO http.HttpServer2: Added global filter 'safety' (class=org.apache.hadoop.http.HttpServer2$QuotingInputFilter)
rm_1        | 2019-11-14 11:47:13 INFO  Configuration:2427 - found resource core-site.xml at file:/opt/hadoop/etc/hadoop/core-site.xml
datanode_1  | 2019-11-14 11:47:15,368 INFO hdfs.DFSUtil: Starting Web-server for hddsDatanode at: http://0.0.0.0:9882
datanode_2  | 2019-11-14 11:47:16,655 INFO http.HttpServer2: Added filter static_user_filter (class=org.apache.hadoop.http.lib.StaticUserWebFilter$StaticUserFilter) to context static
datanode_2  | 2019-11-14 11:47:16,679 INFO http.HttpServer2: Jetty bound to port 9882
scm_1       | 2019-11-14 11:47:16,095 INFO db.DBStoreBuilder: using custom profile for table: deletedBlocks
om_1        | STARTUP_MSG:   build = https://github.com/apache/hadoop.git -r e97acb3bd8f3befd27418996fa5d4b50bf2e17bf; compiled by 'sunilg' on 2019-01-15T17:34Z
datanode_3  | 2019-11-14 11:47:19,105 INFO http.HttpServer2: Added filter static_user_filter (class=org.apache.hadoop.http.lib.StaticUserWebFilter$StaticUserFilter) to context hddsDatanode
rm_1        | 2019-11-14 11:47:13 INFO  Groups:387 - clearing userToGroupsMap cache
datanode_1  | 2019-11-14 11:47:15,401 INFO util.log: Logging initialized @2763ms
datanode_2  | 2019-11-14 11:47:16,680 INFO server.Server: jetty-9.3.25.v20180904, build timestamp: 2018-09-04T21:11:46Z, git hash: 3ce520221d0240229c862b122d2b06c12a625732
scm_1       | 2019-11-14 11:47:16,096 INFO db.DBStoreBuilder: Using default column profile:DBProfile.DISK for Table:deletedBlocks
om_1        | STARTUP_MSG:   java = 11.0.3
nm_1        | 2019-11-14 11:47:16 INFO  MetricsConfig:112 - loaded properties from hadoop-metrics2.properties
datanode_3  | 2019-11-14 11:47:19,106 INFO http.HttpServer2: Added filter static_user_filter (class=org.apache.hadoop.http.lib.StaticUserWebFilter$StaticUserFilter) to context logs
rm_1        | 2019-11-14 11:47:13 INFO  Configuration:2427 - found resource yarn-site.xml at file:/opt/hadoop/etc/hadoop/yarn-site.xml
datanode_1  | 2019-11-14 11:47:15,491 INFO server.AuthenticationFilter: Unable to initialize FileSignerSecretProvider, falling back to use random secrets.
datanode_2  | 2019-11-14 11:47:16,713 INFO handler.ContextHandler: Started o.e.j.s.ServletContextHandler@4052c8c2{/logs,file:///var/log/hadoop/,AVAILABLE}
scm_1       | 2019-11-14 11:47:16,096 INFO db.DBStoreBuilder: using custom profile for table: validCerts
om_1        | ************************************************************/
nm_1        | 2019-11-14 11:47:16 INFO  MetricsSystemImpl:376 - Scheduled snapshot period at 10 second(s).
datanode_3  | 2019-11-14 11:47:19,106 INFO http.HttpServer2: Added filter static_user_filter (class=org.apache.hadoop.http.lib.StaticUserWebFilter$StaticUserFilter) to context static
rm_1        | 2019-11-14 11:47:13 INFO  AsyncDispatcher:209 - Registering class org.apache.hadoop.yarn.server.resourcemanager.RMFatalEventType for class org.apache.hadoop.yarn.server.resourcemanager.ResourceManager$RMFatalEventDispatcher
datanode_1  | 2019-11-14 11:47:15,495 INFO http.HttpRequestLog: Http request log for http.requests.hddsDatanode is not defined
datanode_2  | 2019-11-14 11:47:16,713 INFO handler.ContextHandler: Started o.e.j.s.ServletContextHandler@56dfab87{/static,jar:file:/opt/hadoop/share/ozone/lib/hadoop-hdds-container-service-0.5.0-SNAPSHOT.jar!/webapps/static,AVAILABLE}
scm_1       | 2019-11-14 11:47:16,096 INFO db.DBStoreBuilder: Using default column profile:DBProfile.DISK for Table:validCerts
om_1        | 2019-11-14 11:47:22,642 INFO om.OzoneManagerStarter: registered UNIX signal handlers for [TERM, HUP, INT]
nm_1        | 2019-11-14 11:47:16 INFO  MetricsSystemImpl:192 - NodeManager metrics system started
datanode_3  | 2019-11-14 11:47:19,137 INFO http.HttpServer2: Jetty bound to port 9882
rm_1        | 2019-11-14 11:47:13 INFO  NMTokenSecretManagerInRM:75 - NMTokenKeyRollingInterval: 86400000ms and NMTokenKeyActivationDelay: 900000ms
datanode_1  | 2019-11-14 11:47:15,503 INFO http.HttpServer2: Added global filter 'safety' (class=org.apache.hadoop.http.HttpServer2$QuotingInputFilter)
datanode_2  | 2019-11-14 11:47:16,974 INFO handler.ContextHandler: Started o.e.j.w.WebAppContext@2da66a44{/,file:///tmp/jetty-0.0.0.0-9882-hddsDatanode-_-any-4006891947844930259.dir/webapp/,AVAILABLE}{/hddsDatanode}
scm_1       | 2019-11-14 11:47:16,096 INFO db.DBStoreBuilder: using custom profile for table: revokedCerts
nm_1        | 2019-11-14 11:47:16 INFO  AsyncDispatcher:209 - Registering class org.apache.hadoop.yarn.server.nodemanager.containermanager.loghandler.event.LogHandlerEventType for class org.apache.hadoop.yarn.server.nodemanager.containermanager.loghandler.NonAggregatingLogHandler
om_1        | 2019-11-14 11:47:23,375 INFO ha.OMHANodeDetails: Configuration either no ozone.om.address set. Falling back to the default OM address om/172.18.0.2:9862
rm_1        | 2019-11-14 11:47:13 INFO  RMContainerTokenSecretManager:77 - ContainerTokenKeyRollingInterval: 86400000ms and ContainerTokenKeyActivationDelay: 900000ms
datanode_1  | 2019-11-14 11:47:15,506 INFO http.HttpServer2: Added filter static_user_filter (class=org.apache.hadoop.http.lib.StaticUserWebFilter$StaticUserFilter) to context hddsDatanode
datanode_2  | 2019-11-14 11:47:16,980 INFO server.AbstractConnector: Started ServerConnector@69923ac3{HTTP/1.1,[http/1.1]}{0.0.0.0:9882}
nm_1        | 2019-11-14 11:47:16 INFO  AsyncDispatcher:209 - Registering class org.apache.hadoop.yarn.server.nodemanager.containermanager.localizer.sharedcache.SharedCacheUploadEventType for class org.apache.hadoop.yarn.server.nodemanager.containermanager.localizer.sharedcache.SharedCacheUploadService
scm_1       | 2019-11-14 11:47:16,096 INFO db.DBStoreBuilder: Using default column profile:DBProfile.DISK for Table:revokedCerts
datanode_3  | 2019-11-14 11:47:19,138 INFO server.Server: jetty-9.3.25.v20180904, build timestamp: 2018-09-04T21:11:46Z, git hash: 3ce520221d0240229c862b122d2b06c12a625732
rm_1        | 2019-11-14 11:47:13 INFO  AMRMTokenSecretManager:94 - AMRMTokenKeyRollingInterval: 86400000ms and AMRMTokenKeyActivationDelay: 900000 ms
datanode_2  | 2019-11-14 11:47:16,980 INFO server.Server: Started @3320ms
datanode_1  | 2019-11-14 11:47:15,506 INFO http.HttpServer2: Added filter static_user_filter (class=org.apache.hadoop.http.lib.StaticUserWebFilter$StaticUserFilter) to context logs
om_1        | 2019-11-14 11:47:23,375 INFO ha.OMHANodeDetails: OM Service ID is not set. Setting it to the default ID: omServiceIdDefault
nm_1        | 2019-11-14 11:47:16 INFO  ResourceLocalizationService:219 - per directory file limit = 8192
scm_1       | 2019-11-14 11:47:16,109 INFO db.DBStoreBuilder: using custom profile for table: default
datanode_3  | 2019-11-14 11:47:19,165 INFO handler.ContextHandler: Started o.e.j.s.ServletContextHandler@4052c8c2{/logs,file:///var/log/hadoop/,AVAILABLE}
rm_1        | 2019-11-14 11:47:13 INFO  AsyncDispatcher:209 - Registering class org.apache.hadoop.yarn.server.resourcemanager.recovery.RMStateStoreEventType for class org.apache.hadoop.yarn.server.resourcemanager.recovery.RMStateStore$ForwardingEventHandler
datanode_2  | 2019-11-14 11:47:16,984 INFO impl.MetricsSinkAdapter: Sink prometheus started
datanode_1  | 2019-11-14 11:47:15,506 INFO http.HttpServer2: Added filter static_user_filter (class=org.apache.hadoop.http.lib.StaticUserWebFilter$StaticUserFilter) to context static
om_1        | 2019-11-14 11:47:23,379 WARN server.ServerUtils: ozone.om.db.dirs is not configured. We recommend adding this setting. Falling back to ozone.metadata.dirs instead.
nm_1        | 2019-11-14 11:47:16 INFO  AsyncDispatcher:209 - Registering class org.apache.hadoop.yarn.server.nodemanager.containermanager.localizer.event.LocalizerEventType for class org.apache.hadoop.yarn.server.nodemanager.containermanager.localizer.ResourceLocalizationService$LocalizerTracker
scm_1       | 2019-11-14 11:47:16,109 INFO db.DBStoreBuilder: Using default column profile:DBProfile.DISK for Table:default
datanode_3  | 2019-11-14 11:47:19,166 INFO handler.ContextHandler: Started o.e.j.s.ServletContextHandler@56dfab87{/static,jar:file:/opt/hadoop/share/ozone/lib/hadoop-hdds-container-service-0.5.0-SNAPSHOT.jar!/webapps/static,AVAILABLE}
rm_1        | 2019-11-14 11:47:13 INFO  AsyncDispatcher:209 - Registering class org.apache.hadoop.yarn.server.resourcemanager.NodesListManagerEventType for class org.apache.hadoop.yarn.server.resourcemanager.NodesListManager
datanode_2  | 2019-11-14 11:47:16,984 INFO impl.MetricsSystemImpl: Registered sink prometheus
datanode_1  | 2019-11-14 11:47:15,542 INFO http.HttpServer2: Jetty bound to port 9882
om_1        | 2019-11-14 11:47:23,388 WARN server.ServerUtils: ozone.om.db.dirs is not configured. We recommend adding this setting. Falling back to ozone.metadata.dirs instead.
nm_1        | 2019-11-14 11:47:16 WARN  AuxServices:130 - The Auxilurary Service named 'mapreduce_shuffle' in the configuration is for class org.apache.hadoop.mapred.ShuffleHandler which has a name of 'httpshuffle'. Because these are not the same tools trying to send ServiceData and read Service Meta Data may have issues unless the refer to the name in the config.
scm_1       | 2019-11-14 11:47:16,111 INFO db.DBStoreBuilder: Using default options. DBProfile.DISK
datanode_3  | 2019-11-14 11:47:19,224 INFO handler.ContextHandler: Started o.e.j.w.WebAppContext@2da66a44{/,file:///tmp/jetty-0.0.0.0-9882-hddsDatanode-_-any-10880051367240486431.dir/webapp/,AVAILABLE}{/hddsDatanode}
rm_1        | 2019-11-14 11:47:13 INFO  ResourceManager:293 - Using Scheduler: org.apache.hadoop.yarn.server.resourcemanager.scheduler.capacity.CapacityScheduler
datanode_2  | 2019-11-14 11:47:16,986 INFO server.BaseHttpServer: HTTP server of HDDSDATANODE is listening at http://0.0.0.0:9882
datanode_1  | 2019-11-14 11:47:15,543 INFO server.Server: jetty-9.3.25.v20180904, build timestamp: 2018-09-04T21:11:46Z, git hash: 3ce520221d0240229c862b122d2b06c12a625732
om_1        | 2019-11-14 11:47:24,179 WARN server.ServerUtils: ozone.om.db.dirs is not configured. We recommend adding this setting. Falling back to ozone.metadata.dirs instead.
nm_1        | 2019-11-14 11:47:16 INFO  AuxServices:72 - Adding auxiliary service httpshuffle, "mapreduce_shuffle"
scm_1       | 2019-11-14 11:47:17,798 INFO net.NodeSchemaLoader: Loading file from java.lang.CompoundEnumeration@52815fa3
datanode_3  | 2019-11-14 11:47:19,231 INFO server.AbstractConnector: Started ServerConnector@796164ee{HTTP/1.1,[http/1.1]}{0.0.0.0:9882}
rm_1        | 2019-11-14 11:47:13 INFO  AsyncDispatcher:209 - Registering class org.apache.hadoop.yarn.server.resourcemanager.scheduler.event.SchedulerEventType for class org.apache.hadoop.yarn.server.resourcemanager.ResourceManager$SchedulerEventDispatcher
datanode_2  | 2019-11-14 11:47:16,998 INFO util.JvmPauseMonitor: Starting JVM pause monitor
datanode_1  | 2019-11-14 11:47:15,572 INFO handler.ContextHandler: Started o.e.j.s.ServletContextHandler@181b8c4b{/logs,file:///var/log/hadoop/,AVAILABLE}
om_1        | 2019-11-14 11:47:24,206 INFO util.log: Logging initialized @2401ms
nm_1        | 2019-11-14 11:47:16 INFO  ContainersMonitorImpl:106 -  Using ResourceCalculatorPlugin : org.apache.hadoop.yarn.util.LinuxResourceCalculatorPlugin@264f218
scm_1       | 2019-11-14 11:47:17,800 INFO net.NodeSchemaLoader: Loading network topology layer schema file
datanode_3  | 2019-11-14 11:47:19,232 INFO server.Server: Started @3626ms
rm_1        | 2019-11-14 11:47:13 INFO  AsyncDispatcher:209 - Registering class org.apache.hadoop.yarn.server.resourcemanager.rmapp.RMAppEventType for class org.apache.hadoop.yarn.server.resourcemanager.ResourceManager$ApplicationEventDispatcher
datanode_2  | 2019-11-14 11:47:17,154 INFO datanode.InitDatanodeState: DatanodeDetails is persisted to /data/metadata/datanode.id
datanode_1  | 2019-11-14 11:47:15,573 INFO handler.ContextHandler: Started o.e.j.s.ServletContextHandler@715b886f{/static,jar:file:/opt/hadoop/share/ozone/lib/hadoop-hdds-container-service-0.5.0-SNAPSHOT.jar!/webapps/static,AVAILABLE}
om_1        | 2019-11-14 11:47:24,303 INFO db.DBStoreBuilder: using custom profile for table: userTable
nm_1        | 2019-11-14 11:47:16 INFO  ContainersMonitorImpl:111 -  Using ResourceCalculatorProcessTree : null
scm_1       | 2019-11-14 11:47:17,895 INFO node.SCMNodeManager: Entering startup safe mode.
datanode_3  | 2019-11-14 11:47:19,235 INFO impl.MetricsSinkAdapter: Sink prometheus started
rm_1        | 2019-11-14 11:47:13 INFO  AsyncDispatcher:209 - Registering class org.apache.hadoop.yarn.server.resourcemanager.rmapp.attempt.RMAppAttemptEventType for class org.apache.hadoop.yarn.server.resourcemanager.ResourceManager$ApplicationAttemptEventDispatcher
datanode_2  | 2019-11-14 11:47:19,743 INFO ozoneimpl.OzoneContainer: Attempting to start container services.
datanode_1  | 2019-11-14 11:47:15,658 INFO handler.ContextHandler: Started o.e.j.w.WebAppContext@527fc8e{/,file:///tmp/jetty-0.0.0.0-9882-hddsDatanode-_-any-3813513680599518.dir/webapp/,AVAILABLE}{/hddsDatanode}
om_1        | 2019-11-14 11:47:24,303 INFO db.DBStoreBuilder: Using default column profile:DBProfile.DISK for Table:userTable
nm_1        | 2019-11-14 11:47:16 INFO  ContainersMonitorImpl:151 - Physical memory check enabled: false
scm_1       | 2019-11-14 11:47:17,993 INFO algorithms.ContainerPlacementPolicyFactory: Create container placement policy of type org.apache.hadoop.hdds.scm.container.placement.algorithms.SCMContainerPlacementRandom
datanode_3  | 2019-11-14 11:47:19,235 INFO impl.MetricsSystemImpl: Registered sink prometheus
rm_1        | 2019-11-14 11:47:13 INFO  AsyncDispatcher:209 - Registering class org.apache.hadoop.yarn.server.resourcemanager.rmnode.RMNodeEventType for class org.apache.hadoop.yarn.server.resourcemanager.ResourceManager$NodeEventDispatcher
datanode_2  | 2019-11-14 11:47:19,744 INFO ozoneimpl.OzoneContainer: Background container scanner has been disabled.
datanode_1  | 2019-11-14 11:47:15,676 INFO server.AbstractConnector: Started ServerConnector@44d74758{HTTP/1.1,[http/1.1]}{0.0.0.0:9882}
om_1        | 2019-11-14 11:47:24,304 INFO db.DBStoreBuilder: using custom profile for table: volumeTable
nm_1        | 2019-11-14 11:47:16 INFO  ContainersMonitorImpl:152 - Virtual memory check enabled: false
scm_1       | 2019-11-14 11:47:18,004 WARN server.ServerUtils: ozone.scm.db.dirs is not configured. We recommend adding this setting. Falling back to ozone.metadata.dirs instead.
datanode_3  | 2019-11-14 11:47:19,237 INFO server.BaseHttpServer: HTTP server of HDDSDATANODE is listening at http://0.0.0.0:9882
rm_1        | 2019-11-14 11:47:13 INFO  MetricsConfig:112 - loaded properties from hadoop-metrics2.properties
datanode_2  | 2019-11-14 11:47:19,744 INFO ratis.XceiverServerRatis: Starting XceiverServerRatis 226be047-7988-474e-acec-1e15b928070c at port 9858
datanode_1  | 2019-11-14 11:47:15,677 INFO server.Server: Started @3039ms
om_1        | 2019-11-14 11:47:24,304 INFO db.DBStoreBuilder: Using default column profile:DBProfile.DISK for Table:volumeTable
nm_1        | 2019-11-14 11:47:16 INFO  NodeStatusUpdaterImpl:181 - Initialized nodemanager for null: physical-memory=8192 virtual-memory=17204 virtual-cores=8
scm_1       | 2019-11-14 11:47:18,117 INFO pipeline.SCMPipelineManager: No pipeline exists in current db
datanode_3  | 2019-11-14 11:47:19,250 INFO util.JvmPauseMonitor: Starting JVM pause monitor
rm_1        | 2019-11-14 11:47:14 INFO  MetricsSystemImpl:376 - Scheduled snapshot period at 10 second(s).
datanode_2  | 2019-11-14 11:47:19,763 INFO impl.RaftServerProxy: 226be047-7988-474e-acec-1e15b928070c: start RPC server
datanode_1  | 2019-11-14 11:47:15,683 INFO impl.MetricsSinkAdapter: Sink prometheus started
om_1        | 2019-11-14 11:47:24,304 INFO db.DBStoreBuilder: using custom profile for table: bucketTable
nm_1        | 2019-11-14 11:47:16 INFO  CallQueueManager:57 - Using callQueue: class java.util.concurrent.LinkedBlockingQueue queueCapacity: 2000
scm_1       | 2019-11-14 11:47:18,120 WARN server.ServerUtils: ozone.scm.db.dirs is not configured. We recommend adding this setting. Falling back to ozone.metadata.dirs instead.
datanode_3  | 2019-11-14 11:47:19,409 INFO datanode.InitDatanodeState: DatanodeDetails is persisted to /data/metadata/datanode.id
rm_1        | 2019-11-14 11:47:14 INFO  MetricsSystemImpl:192 - ResourceManager metrics system started
datanode_2  | 2019-11-14 11:47:19,871 INFO server.GrpcService: 226be047-7988-474e-acec-1e15b928070c: GrpcService started, listening on 0.0.0.0/0.0.0.0:9858
datanode_1  | 2019-11-14 11:47:15,683 INFO impl.MetricsSystemImpl: Registered sink prometheus
om_1        | 2019-11-14 11:47:24,304 INFO db.DBStoreBuilder: Using default column profile:DBProfile.DISK for Table:bucketTable
nm_1        | 2019-11-14 11:47:16 INFO  Server:722 - Starting Socket Reader #1 for port 44049
scm_1       | 2019-11-14 11:47:18,236 WARN events.EventQueue: No event handler registered for event TypedEvent{payloadType=SafeModeStatus, name='SafeModeStatus'}
datanode_3  | 2019-11-14 11:47:21,367 INFO ozoneimpl.OzoneContainer: Attempting to start container services.
rm_1        | 2019-11-14 11:47:14 INFO  AsyncDispatcher:209 - Registering class org.apache.hadoop.yarn.server.resourcemanager.RMAppManagerEventType for class org.apache.hadoop.yarn.server.resourcemanager.RMAppManager
datanode_2  | WARNING: An illegal reflective access operation has occurred
datanode_1  | 2019-11-14 11:47:15,685 INFO server.BaseHttpServer: HTTP server of HDDSDATANODE is listening at http://0.0.0.0:9882
om_1        | 2019-11-14 11:47:24,304 INFO db.DBStoreBuilder: using custom profile for table: keyTable
nm_1        | 2019-11-14 11:47:16 INFO  RpcServerFactoryPBImpl:174 - Adding protocol org.apache.hadoop.yarn.api.ContainerManagementProtocolPB to the server
scm_1       | 2019-11-14 11:47:18,849 INFO ipc.CallQueueManager: Using callQueue: class java.util.concurrent.LinkedBlockingQueue, queueCapacity: 1000, scheduler: class org.apache.hadoop.ipc.DefaultRpcScheduler, ipcBackoff: false.
datanode_3  | 2019-11-14 11:47:21,369 INFO ozoneimpl.OzoneContainer: Background container scanner has been disabled.
rm_1        | 2019-11-14 11:47:14 INFO  AsyncDispatcher:209 - Registering class org.apache.hadoop.yarn.server.resourcemanager.amlauncher.AMLauncherEventType for class org.apache.hadoop.yarn.server.resourcemanager.amlauncher.ApplicationMasterLauncher
datanode_2  | WARNING: Illegal reflective access by org.apache.ratis.thirdparty.com.google.protobuf.UnsafeUtil (file:/opt/hadoop/share/ozone/lib/ratis-thirdparty-misc-0.2.0.jar) to field java.nio.Buffer.address
om_1        | 2019-11-14 11:47:24,304 INFO db.DBStoreBuilder: Using default column profile:DBProfile.DISK for Table:keyTable
datanode_1  | 2019-11-14 11:47:15,704 INFO util.JvmPauseMonitor: Starting JVM pause monitor
nm_1        | 2019-11-14 11:47:16 INFO  ContainerManagerImpl:427 - Blocking new container-requests as container manager rpc server is still starting.
scm_1       | 2019-11-14 11:47:18,869 INFO ipc.Server: Starting Socket Reader #1 for port 9861
datanode_3  | 2019-11-14 11:47:21,369 INFO ratis.XceiverServerRatis: Starting XceiverServerRatis 6d095fe4-4f99-400b-9414-6c4c81c2050e at port 9858
rm_1        | 2019-11-14 11:47:14 INFO  RMNMInfo:63 - Registered RMNMInfo MBean
datanode_2  | WARNING: Please consider reporting this to the maintainers of org.apache.ratis.thirdparty.com.google.protobuf.UnsafeUtil
om_1        | 2019-11-14 11:47:24,305 INFO db.DBStoreBuilder: using custom profile for table: deletedTable
datanode_1  | 2019-11-14 11:47:15,876 INFO datanode.InitDatanodeState: DatanodeDetails is persisted to /data/metadata/datanode.id
nm_1        | 2019-11-14 11:47:16 INFO  Server:962 - IPC Server Responder: starting
scm_1       | 2019-11-14 11:47:18,895 INFO ipc.CallQueueManager: Using callQueue: class java.util.concurrent.LinkedBlockingQueue, queueCapacity: 1000, scheduler: class org.apache.hadoop.ipc.DefaultRpcScheduler, ipcBackoff: false.
datanode_3  | 2019-11-14 11:47:21,386 INFO impl.RaftServerProxy: 6d095fe4-4f99-400b-9414-6c4c81c2050e: start RPC server
rm_1        | 2019-11-14 11:47:14 INFO  YarnAuthorizationProvider:57 - org.apache.hadoop.yarn.security.ConfiguredYarnAuthorizer is instiantiated.
datanode_2  | WARNING: Use --illegal-access=warn to enable warnings of further illegal reflective access operations
om_1        | 2019-11-14 11:47:24,305 INFO db.DBStoreBuilder: Using default column profile:DBProfile.DISK for Table:deletedTable
nm_1        | 2019-11-14 11:47:16 INFO  Server:801 - IPC Server listener on 44049: starting
datanode_3  | 2019-11-14 11:47:21,495 INFO server.GrpcService: 6d095fe4-4f99-400b-9414-6c4c81c2050e: GrpcService started, listening on 0.0.0.0/0.0.0.0:9858
scm_1       | 2019-11-14 11:47:18,896 INFO ipc.Server: Starting Socket Reader #1 for port 9863
datanode_1  | 2019-11-14 11:47:18,754 INFO ipc.Client: Retrying connect to server: scm/172.18.0.9:9861. Already tried 0 time(s); retry policy is RetryUpToMaximumCountWithFixedSleep(maxRetries=2147483647, sleepTime=1000 MILLISECONDS)
rm_1        | 2019-11-14 11:47:14 INFO  HostsFileReader:131 - Refreshing hosts (include/exclude) list
datanode_2  | WARNING: All illegal access operations will be denied in a future release
om_1        | 2019-11-14 11:47:24,305 INFO db.DBStoreBuilder: using custom profile for table: openKeyTable
nm_1        | 2019-11-14 11:47:16 INFO  NMContainerTokenSecretManager:260 - Updating node address : nm:44049
datanode_3  | WARNING: An illegal reflective access operation has occurred
scm_1       | 2019-11-14 11:47:18,907 INFO ipc.CallQueueManager: Using callQueue: class java.util.concurrent.LinkedBlockingQueue, queueCapacity: 1000, scheduler: class org.apache.hadoop.ipc.DefaultRpcScheduler, ipcBackoff: false.
datanode_1  | 2019-11-14 11:47:19,755 INFO ipc.Client: Retrying connect to server: scm/172.18.0.9:9861. Already tried 1 time(s); retry policy is RetryUpToMaximumCountWithFixedSleep(maxRetries=2147483647, sleepTime=1000 MILLISECONDS)
rm_1        | 2019-11-14 11:47:14 INFO  Configuration:2427 - found resource capacity-scheduler.xml at file:/opt/hadoop/etc/hadoop/capacity-scheduler.xml
om_1        | 2019-11-14 11:47:24,305 INFO db.DBStoreBuilder: Using default column profile:DBProfile.DISK for Table:openKeyTable
datanode_2  | 2019-11-14 11:47:21,866 INFO impl.RaftServerProxy: 226be047-7988-474e-acec-1e15b928070c: addNew group-1CC9A3867EF9:[226be047-7988-474e-acec-1e15b928070c:172.18.0.8:9858] returns group-1CC9A3867EF9:java.util.concurrent.CompletableFuture@34f6424c[Not completed]
datanode_3  | WARNING: Illegal reflective access by org.apache.ratis.thirdparty.com.google.protobuf.UnsafeUtil (file:/opt/hadoop/share/ozone/lib/ratis-thirdparty-misc-0.2.0.jar) to field java.nio.Buffer.address
nm_1        | 2019-11-14 11:47:16 INFO  CallQueueManager:57 - Using callQueue: class java.util.concurrent.LinkedBlockingQueue queueCapacity: 500
scm_1       | 2019-11-14 11:47:18,908 INFO ipc.Server: Starting Socket Reader #1 for port 9860
datanode_1  | 2019-11-14 11:47:19,827 INFO ozoneimpl.OzoneContainer: Attempting to start container services.
rm_1        | 2019-11-14 11:47:14 INFO  CapacitySchedulerConfiguration:603 - max alloc mb per queue for root is undefined
datanode_2  | 2019-11-14 11:47:21,881 INFO impl.RaftServerImpl: 226be047-7988-474e-acec-1e15b928070c: new RaftServerImpl for group-1CC9A3867EF9:[226be047-7988-474e-acec-1e15b928070c:172.18.0.8:9858] with ContainerStateMachine:uninitialized
om_1        | 2019-11-14 11:47:24,305 INFO db.DBStoreBuilder: using custom profile for table: s3Table
datanode_3  | WARNING: Please consider reporting this to the maintainers of org.apache.ratis.thirdparty.com.google.protobuf.UnsafeUtil
nm_1        | 2019-11-14 11:47:16 INFO  Server:722 - Starting Socket Reader #1 for port 8040
scm_1       | 2019-11-14 11:47:18,937 INFO hdfs.DFSUtil: Starting Web-server for scm at: http://0.0.0.0:9876
datanode_1  | 2019-11-14 11:47:19,829 INFO ozoneimpl.OzoneContainer: Background container scanner has been disabled.
rm_1        | 2019-11-14 11:47:14 INFO  CapacitySchedulerConfiguration:607 - max alloc vcore per queue for root is undefined
om_1        | 2019-11-14 11:47:24,305 INFO db.DBStoreBuilder: Using default column profile:DBProfile.DISK for Table:s3Table
datanode_2  | 2019-11-14 11:47:21,882 INFO server.RaftServerConfigKeys: raft.server.rpc.timeout.min = 5s (custom)
datanode_3  | WARNING: Use --illegal-access=warn to enable warnings of further illegal reflective access operations
nm_1        | 2019-11-14 11:47:16 INFO  RpcServerFactoryPBImpl:174 - Adding protocol org.apache.hadoop.yarn.server.nodemanager.api.LocalizationProtocolPB to the server
scm_1       | 2019-11-14 11:47:19,127 INFO server.AuthenticationFilter: Unable to initialize FileSignerSecretProvider, falling back to use random secrets.
datanode_1  | 2019-11-14 11:47:19,829 INFO ratis.XceiverServerRatis: Starting XceiverServerRatis 4c4f997c-1329-4db1-99a0-9a62e5d57fcc at port 9858
rm_1        | 2019-11-14 11:47:14 INFO  ParentQueue:121 - root, capacity=1.0, asboluteCapacity=1.0, maxCapacity=1.0, asboluteMaxCapacity=1.0, state=RUNNING, acls=SUBMIT_APP:*ADMINISTER_QUEUE:*, labels=*,
om_1        | 2019-11-14 11:47:24,305 INFO db.DBStoreBuilder: using custom profile for table: multipartInfoTable
datanode_2  | 2019-11-14 11:47:21,883 INFO server.RaftServerConfigKeys: raft.server.rpc.timeout.max = 5200ms (custom)
datanode_3  | WARNING: All illegal access operations will be denied in a future release
scm_1       | 2019-11-14 11:47:19,144 INFO http.HttpRequestLog: Http request log for http.requests.scm is not defined
datanode_1  | 2019-11-14 11:47:19,846 INFO impl.RaftServerProxy: 4c4f997c-1329-4db1-99a0-9a62e5d57fcc: start RPC server
rm_1        | , reservationsContinueLooking=true
om_1        | 2019-11-14 11:47:24,305 INFO db.DBStoreBuilder: Using default column profile:DBProfile.DISK for Table:multipartInfoTable
nm_1        | 2019-11-14 11:47:16 INFO  Server:962 - IPC Server Responder: starting
datanode_3  | 2019-11-14 11:47:23,536 INFO impl.RaftServerProxy: 6d095fe4-4f99-400b-9414-6c4c81c2050e: addNew group-A8E42D081359:[6d095fe4-4f99-400b-9414-6c4c81c2050e:172.18.0.3:9858] returns group-A8E42D081359:java.util.concurrent.CompletableFuture@7d00ca64[Not completed]
scm_1       | 2019-11-14 11:47:19,152 INFO http.HttpServer2: Added global filter 'safety' (class=org.apache.hadoop.http.HttpServer2$QuotingInputFilter)
rm_1        | 2019-11-14 11:47:14 INFO  ParentQueue:100 - Initialized parent-queue root name=root, fullname=root
datanode_1  | 2019-11-14 11:47:19,944 INFO server.GrpcService: 4c4f997c-1329-4db1-99a0-9a62e5d57fcc: GrpcService started, listening on 0.0.0.0/0.0.0.0:9858
datanode_2  | 2019-11-14 11:47:21,883 INFO server.RaftServerConfigKeys: raft.server.rpcslowness.timeout = 120s (custom)
om_1        | 2019-11-14 11:47:24,306 INFO db.DBStoreBuilder: using custom profile for table: dTokenTable
nm_1        | 2019-11-14 11:47:16 INFO  Server:801 - IPC Server listener on 8040: starting
datanode_3  | 2019-11-14 11:47:23,550 INFO impl.RaftServerImpl: 6d095fe4-4f99-400b-9414-6c4c81c2050e: new RaftServerImpl for group-A8E42D081359:[6d095fe4-4f99-400b-9414-6c4c81c2050e:172.18.0.3:9858] with ContainerStateMachine:uninitialized
rm_1        | 2019-11-14 11:47:14 INFO  CapacitySchedulerConfiguration:603 - max alloc mb per queue for root.default is undefined
datanode_1  | WARNING: An illegal reflective access operation has occurred
datanode_2  | 2019-11-14 11:47:21,883 INFO server.RaftServerConfigKeys: raft.server.sleep.deviation.threshold = 300 (default)
om_1        | 2019-11-14 11:47:24,306 INFO db.DBStoreBuilder: Using default column profile:DBProfile.DISK for Table:dTokenTable
nm_1        | 2019-11-14 11:47:16 INFO  ResourceLocalizationService:344 - Localizer started on port 8040
datanode_3  | 2019-11-14 11:47:23,552 INFO server.RaftServerConfigKeys: raft.server.rpc.timeout.min = 5s (custom)
rm_1        | 2019-11-14 11:47:14 INFO  CapacitySchedulerConfiguration:607 - max alloc vcore per queue for root.default is undefined
datanode_1  | WARNING: Illegal reflective access by org.apache.ratis.thirdparty.com.google.protobuf.UnsafeUtil (file:/opt/hadoop/share/ozone/lib/ratis-thirdparty-misc-0.2.0.jar) to field java.nio.Buffer.address
scm_1       | 2019-11-14 11:47:19,155 INFO http.HttpServer2: Added filter static_user_filter (class=org.apache.hadoop.http.lib.StaticUserWebFilter$StaticUserFilter) to context scm
datanode_2  | 2019-11-14 11:47:21,884 INFO server.RaftServerConfigKeys: raft.server.log.appender.install.snapshot.enabled = false (custom)
om_1        | 2019-11-14 11:47:24,306 INFO db.DBStoreBuilder: using custom profile for table: s3SecretTable
nm_1        | 2019-11-14 11:47:16 INFO  IndexCache:47 - IndexCache created with max memory = 10485760
datanode_3  | 2019-11-14 11:47:23,552 INFO server.RaftServerConfigKeys: raft.server.rpc.timeout.max = 5200ms (custom)
rm_1        | 2019-11-14 11:47:14 INFO  LeafQueue:215 - Initializing default
datanode_1  | WARNING: Please consider reporting this to the maintainers of org.apache.ratis.thirdparty.com.google.protobuf.UnsafeUtil
scm_1       | 2019-11-14 11:47:19,155 INFO http.HttpServer2: Added filter static_user_filter (class=org.apache.hadoop.http.lib.StaticUserWebFilter$StaticUserFilter) to context logs
om_1        | 2019-11-14 11:47:24,306 INFO db.DBStoreBuilder: Using default column profile:DBProfile.DISK for Table:s3SecretTable
datanode_2  | 2019-11-14 11:47:21,889 INFO impl.RaftServerImpl: 226be047-7988-474e-acec-1e15b928070c@group-1CC9A3867EF9: ConfigurationManager, init=-1: [226be047-7988-474e-acec-1e15b928070c:172.18.0.8:9858], old=null, confs=<EMPTY_MAP>
nm_1        | 2019-11-14 11:47:16 INFO  ShuffleHandler:510 - httpshuffle listening on port 13562
rm_1        | capacity = 1.0 [= (float) configuredCapacity / 100 ]
datanode_3  | 2019-11-14 11:47:23,552 INFO server.RaftServerConfigKeys: raft.server.rpcslowness.timeout = 120s (custom)
datanode_1  | WARNING: Use --illegal-access=warn to enable warnings of further illegal reflective access operations
scm_1       | 2019-11-14 11:47:19,155 INFO http.HttpServer2: Added filter static_user_filter (class=org.apache.hadoop.http.lib.StaticUserWebFilter$StaticUserFilter) to context static
om_1        | 2019-11-14 11:47:24,306 INFO db.DBStoreBuilder: using custom profile for table: prefixTable
datanode_2  | 2019-11-14 11:47:21,889 INFO server.RaftServerConfigKeys: raft.server.storage.dir = [/data/metadata/ratis] (custom)
nm_1        | 2019-11-14 11:47:16 INFO  ContainersMonitorImpl:196 - Neither virutal-memory nor physical-memory monitoring is needed. Not running the monitor-thread
rm_1        | asboluteCapacity = 1.0 [= parentAbsoluteCapacity * capacity ]
datanode_3  | 2019-11-14 11:47:23,553 INFO server.RaftServerConfigKeys: raft.server.sleep.deviation.threshold = 300 (default)
datanode_1  | WARNING: All illegal access operations will be denied in a future release
scm_1       | 2019-11-14 11:47:19,180 INFO server.StorageContainerManager: StorageContainerLocationProtocol RPC server is listening at /0.0.0.0:9860
datanode_2  | 2019-11-14 11:47:21,893 INFO server.RaftServerConfigKeys: raft.server.log.corruption.policy = EXCEPTION (default)
nm_1        | 2019-11-14 11:47:16 INFO  ContainerManagerImpl:472 - ContainerManager started at nm/172.18.0.7:44049
datanode_3  | 2019-11-14 11:47:23,553 INFO server.RaftServerConfigKeys: raft.server.log.appender.install.snapshot.enabled = false (custom)
rm_1        | maxCapacity = 1.0 [= configuredMaxCapacity ]
om_1        | 2019-11-14 11:47:24,306 INFO db.DBStoreBuilder: Using default column profile:DBProfile.DISK for Table:prefixTable
datanode_1  | 2019-11-14 11:47:22,393 INFO impl.RaftServerProxy: 4c4f997c-1329-4db1-99a0-9a62e5d57fcc: addNew group-C01ECAFE379B:[4c4f997c-1329-4db1-99a0-9a62e5d57fcc:172.18.0.6:9858] returns group-C01ECAFE379B:java.util.concurrent.CompletableFuture@179daa9d[Not completed]
scm_1       | 2019-11-14 11:47:19,243 INFO impl.MetricsConfig: Loaded properties from hadoop-metrics2.properties
datanode_2  | 2019-11-14 11:47:21,894 INFO storage.RaftStorageDirectory: The storage directory /data/metadata/ratis/da5e6808-cf6f-445c-a554-1cc9a3867ef9 does not exist. Creating ...
nm_1        | 2019-11-14 11:47:16 INFO  ContainerManagerImpl:473 - ContainerManager bound to 0.0.0.0/0.0.0.0:0
datanode_3  | 2019-11-14 11:47:23,558 INFO impl.RaftServerImpl: 6d095fe4-4f99-400b-9414-6c4c81c2050e@group-A8E42D081359: ConfigurationManager, init=-1: [6d095fe4-4f99-400b-9414-6c4c81c2050e:172.18.0.3:9858], old=null, confs=<EMPTY_MAP>
rm_1        | absoluteMaxCapacity = 1.0 [= 1.0 maximumCapacity undefined, (parentAbsoluteMaxCapacity * maximumCapacity) / 100 otherwise ]
om_1        | 2019-11-14 11:47:24,322 INFO db.DBStoreBuilder: using custom profile for table: default
datanode_1  | 2019-11-14 11:47:22,407 INFO impl.RaftServerImpl: 4c4f997c-1329-4db1-99a0-9a62e5d57fcc: new RaftServerImpl for group-C01ECAFE379B:[4c4f997c-1329-4db1-99a0-9a62e5d57fcc:172.18.0.6:9858] with ContainerStateMachine:uninitialized
scm_1       | 2019-11-14 11:47:19,281 INFO impl.MetricsSystemImpl: Scheduled Metric snapshot period at 10 second(s).
datanode_2  | 2019-11-14 11:47:21,921 INFO storage.RaftStorageDirectory: Lock on /data/metadata/ratis/da5e6808-cf6f-445c-a554-1cc9a3867ef9/in_use.lock acquired by nodename 7@8fad6bf364ee
datanode_3  | 2019-11-14 11:47:23,559 INFO server.RaftServerConfigKeys: raft.server.storage.dir = [/data/metadata/ratis] (custom)
om_1        | 2019-11-14 11:47:24,322 INFO db.DBStoreBuilder: Using default column profile:DBProfile.DISK for Table:default
rm_1        | userLimit = 100 [= configuredUserLimit ]
nm_1        | 2019-11-14 11:47:16 INFO  WebServer:70 - Instantiating NMWebApp at 0.0.0.0:8042
datanode_1  | 2019-11-14 11:47:22,409 INFO server.RaftServerConfigKeys: raft.server.rpc.timeout.min = 5s (custom)
scm_1       | 2019-11-14 11:47:19,281 INFO impl.MetricsSystemImpl: StorageContainerManager metrics system started
datanode_2  | 2019-11-14 11:47:21,947 INFO storage.RaftStorage: Storage directory /data/metadata/ratis/da5e6808-cf6f-445c-a554-1cc9a3867ef9 has been successfully formatted.
om_1        | 2019-11-14 11:47:24,323 INFO db.DBStoreBuilder: Using default options. DBProfile.DISK
datanode_3  | 2019-11-14 11:47:23,563 INFO server.RaftServerConfigKeys: raft.server.log.corruption.policy = EXCEPTION (default)
rm_1        | userLimitFactor = 1.0 [= configuredUserLimitFactor ]
nm_1        | 2019-11-14 11:47:16 INFO  log:67 - Logging to org.slf4j.impl.Log4jLoggerAdapter(org.mortbay.log) via org.mortbay.log.Slf4jLog
scm_1       | 2019-11-14 11:47:19,495 INFO server.SCMClientProtocolServer: RPC server for Client  is listening at /0.0.0.0:9860
datanode_1  | 2019-11-14 11:47:22,409 INFO server.RaftServerConfigKeys: raft.server.rpc.timeout.max = 5200ms (custom)
om_1        | 2019-11-14 11:47:24,851 INFO ipc.CallQueueManager: Using callQueue: class java.util.concurrent.LinkedBlockingQueue, queueCapacity: 2000, scheduler: class org.apache.hadoop.ipc.DefaultRpcScheduler, ipcBackoff: false.
datanode_2  | 2019-11-14 11:47:21,951 INFO ratis.ContainerStateMachine: group-1CC9A3867EF9: The snapshot info is null. Setting the last applied indexto:(t:0, i:~)
datanode_3  | 2019-11-14 11:47:23,564 INFO storage.RaftStorageDirectory: The storage directory /data/metadata/ratis/da6ec7fe-21ff-47d3-a76e-a8e42d081359 does not exist. Creating ...
rm_1        | maxApplications = 10000 [= configuredMaximumSystemApplicationsPerQueue or (int)(configuredMaximumSystemApplications * absoluteCapacity)]
nm_1        | 2019-11-14 11:47:16 INFO  AuthenticationFilter:283 - Unable to initialize FileSignerSecretProvider, falling back to use random secrets.
scm_1       | 2019-11-14 11:47:19,496 INFO ipc.Server: IPC Server Responder: starting
datanode_1  | 2019-11-14 11:47:22,409 INFO server.RaftServerConfigKeys: raft.server.rpcslowness.timeout = 120s (custom)
om_1        | 2019-11-14 11:47:24,863 INFO ipc.Server: Starting Socket Reader #1 for port 9862
datanode_2  | 2019-11-14 11:47:21,951 INFO server.RaftServerConfigKeys: raft.server.notification.no-leader.timeout = 120s (custom)
datanode_3  | 2019-11-14 11:47:23,582 INFO storage.RaftStorageDirectory: Lock on /data/metadata/ratis/da6ec7fe-21ff-47d3-a76e-a8e42d081359/in_use.lock acquired by nodename 7@7bbe1b4efe27
rm_1        | maxApplicationsPerUser = 10000 [= (int)(maxApplications * (userLimit / 100.0f) * userLimitFactor) ]
nm_1        | 2019-11-14 11:47:16 INFO  HttpRequestLog:80 - Http request log for http.requests.nodemanager is not defined
scm_1       | 2019-11-14 11:47:19,496 INFO ipc.Server: IPC Server listener on 9860: starting
datanode_1  | 2019-11-14 11:47:22,410 INFO server.RaftServerConfigKeys: raft.server.sleep.deviation.threshold = 300 (default)
om_1        | 2019-11-14 11:47:24,903 INFO om.OzoneManager: OzoneManager RPC server is listening at om/172.18.0.2:9862
datanode_2  | 2019-11-14 11:47:21,953 INFO server.RaftServerConfigKeys: raft.server.log.use.memory = false (default)
datanode_3  | 2019-11-14 11:47:23,597 INFO storage.RaftStorage: Storage directory /data/metadata/ratis/da6ec7fe-21ff-47d3-a76e-a8e42d081359 has been successfully formatted.
rm_1        | usedCapacity = 0.0 [= usedResourcesMemory / (clusterResourceMemory * absoluteCapacity)]
nm_1        | 2019-11-14 11:47:16 INFO  HttpServer2:730 - Added global filter 'safety' (class=org.apache.hadoop.http.HttpServer2$QuotingInputFilter)
scm_1       | 2019-11-14 11:47:19,500 INFO server.StorageContainerManager: ScmBlockLocationProtocol RPC server is listening at /0.0.0.0:9863
datanode_1  | 2019-11-14 11:47:22,410 INFO server.RaftServerConfigKeys: raft.server.log.appender.install.snapshot.enabled = false (custom)
om_1        | 2019-11-14 11:47:24,976 INFO impl.MetricsConfig: Loaded properties from hadoop-metrics2.properties
datanode_2  | 2019-11-14 11:47:21,957 INFO server.RaftServerConfigKeys: raft.server.log.purge.gap = 1000000 (custom)
rm_1        | absoluteUsedCapacity = 0.0 [= usedResourcesMemory / clusterResourceMemory]
datanode_3  | 2019-11-14 11:47:23,600 INFO ratis.ContainerStateMachine: group-A8E42D081359: The snapshot info is null. Setting the last applied indexto:(t:0, i:~)
nm_1        | 2019-11-14 11:47:16 INFO  HttpServer2:705 - Added filter static_user_filter (class=org.apache.hadoop.http.lib.StaticUserWebFilter$StaticUserFilter) to context node
scm_1       | 2019-11-14 11:47:19,500 INFO server.SCMBlockProtocolServer: RPC server for Block Protocol is listening at /0.0.0.0:9863
datanode_1  | 2019-11-14 11:47:22,415 INFO impl.RaftServerImpl: 4c4f997c-1329-4db1-99a0-9a62e5d57fcc@group-C01ECAFE379B: ConfigurationManager, init=-1: [4c4f997c-1329-4db1-99a0-9a62e5d57fcc:172.18.0.6:9858], old=null, confs=<EMPTY_MAP>
om_1        | 2019-11-14 11:47:25,016 INFO impl.MetricsSystemImpl: Scheduled Metric snapshot period at 10 second(s).
datanode_2  | 2019-11-14 11:47:21,957 INFO server.RaftServerConfigKeys: raft.server.log.appender.buffer.byte-limit = 33554432 (custom)
rm_1        | maxAMResourcePerQueuePercent = 0.1 [= configuredMaximumAMResourcePercent ]
nm_1        | 2019-11-14 11:47:16 INFO  HttpServer2:713 - Added filter static_user_filter (class=org.apache.hadoop.http.lib.StaticUserWebFilter$StaticUserFilter) to context static
datanode_3  | 2019-11-14 11:47:23,601 INFO server.RaftServerConfigKeys: raft.server.notification.no-leader.timeout = 120s (custom)
scm_1       | 2019-11-14 11:47:19,501 INFO ipc.Server: IPC Server Responder: starting
datanode_1  | 2019-11-14 11:47:22,416 INFO server.RaftServerConfigKeys: raft.server.storage.dir = [/data/metadata/ratis] (custom)
om_1        | 2019-11-14 11:47:25,017 INFO impl.MetricsSystemImpl: OzoneManager metrics system started
datanode_2  | 2019-11-14 11:47:21,959 INFO server.RaftServerConfigKeys: raft.server.log.segment.size.max = 1048576 (custom)
rm_1        | minimumAllocationFactor = 0.875 [= (float)(maximumAllocationMemory - minimumAllocationMemory) / maximumAllocationMemory ]
nm_1        | 2019-11-14 11:47:16 INFO  HttpServer2:713 - Added filter static_user_filter (class=org.apache.hadoop.http.lib.StaticUserWebFilter$StaticUserFilter) to context logs
datanode_3  | 2019-11-14 11:47:23,603 INFO server.RaftServerConfigKeys: raft.server.log.use.memory = false (default)
scm_1       | 2019-11-14 11:47:19,501 INFO ipc.Server: IPC Server listener on 9863: starting
datanode_1  | 2019-11-14 11:47:22,420 INFO server.RaftServerConfigKeys: raft.server.log.corruption.policy = EXCEPTION (default)
om_1        | 2019-11-14 11:47:25,066 INFO ipc.Server: IPC Server Responder: starting
rm_1        | maximumAllocation = <memory:8192, vCores:32> [= configuredMaxAllocation ]
datanode_2  | 2019-11-14 11:47:21,965 INFO metrics.MetricRegistries: Loaded MetricRegistries class org.apache.ratis.metrics.impl.MetricRegistriesImpl
nm_1        | 2019-11-14 11:47:16 INFO  HttpServer2:424 - adding path spec: /node/*
datanode_3  | 2019-11-14 11:47:23,606 INFO server.RaftServerConfigKeys: raft.server.log.purge.gap = 1000000 (custom)
scm_1       | 2019-11-14 11:47:19,504 INFO server.StorageContainerManager: ScmDatanodeProtocl RPC server is listening at /0.0.0.0:9861
datanode_1  | 2019-11-14 11:47:22,421 INFO storage.RaftStorageDirectory: The storage directory /data/metadata/ratis/23673ad8-002c-41b1-89f7-c01ecafe379b does not exist. Creating ...
om_1        | 2019-11-14 11:47:25,068 INFO ipc.Server: IPC Server listener on 9862: starting
rm_1        | numContainers = 0 [= currentNumContainers ]
datanode_2  | 2019-11-14 11:47:21,970 WARN impl.MetricRegistriesImpl: First MetricRegistry has been created without registering reporters. You may need to call MetricRegistries.global().addReportRegistration(...) before.
datanode_3  | 2019-11-14 11:47:23,607 INFO server.RaftServerConfigKeys: raft.server.log.appender.buffer.byte-limit = 33554432 (custom)
nm_1        | 2019-11-14 11:47:16 INFO  HttpServer2:424 - adding path spec: /ws/*
scm_1       | 2019-11-14 11:47:19,504 INFO server.SCMDatanodeProtocolServer: RPC server for DataNodes is listening at /0.0.0.0:9861
om_1        | 2019-11-14 11:47:25,106 INFO hdfs.DFSUtil: Starting Web-server for ozoneManager at: http://0.0.0.0:9874
