datanode_1  | 2019-11-12 11:11:43,205 INFO server.RaftServerConfigKeys: raft.server.log.segment.size.max = 1048576 (custom)
datanode_2  | 2019-11-12 11:11:43,177 INFO server.RaftServerConfigKeys: raft.server.log.preallocated.size = 16384 (custom)
rm_1        | Nov 12, 2019 11:11:37 AM com.sun.jersey.guice.spi.container.GuiceComponentProviderFactory getComponentProvider
datanode_3  | 2019-11-12 11:11:43,182 INFO server.RaftServerConfigKeys: raft.server.snapshot.auto.trigger.enabled = true (custom)
datanode_1  | 2019-11-12 11:11:43,205 INFO server.RaftServerConfigKeys: raft.server.log.preallocated.size = 16384 (custom)
nm_1        | 2019-11-12 11:11:39 INFO  Client:948 - Retrying connect to server: rm/172.18.0.9:8031. Already tried 1 time(s); retry policy is RetryUpToMaximumCountWithFixedSleep(maxRetries=10, sleepTime=1000 MILLISECONDS)
datanode_2  | 2019-11-12 11:11:43,177 INFO server.RaftServerConfigKeys: raft.server.log.write.buffer.size = 33554432 (custom)
datanode_3  | 2019-11-12 11:11:43,182 INFO server.RaftServerConfigKeys: raft.server.snapshot.auto.trigger.threshold = 10000 (custom)
nm_1        | 2019-11-12 11:11:39 INFO  NMContainerTokenSecretManager:143 - Rolling master-key for container-tokens, got key with id -712053123
datanode_1  | 2019-11-12 11:11:43,205 INFO server.RaftServerConfigKeys: raft.server.log.write.buffer.size = 33554432 (custom)
rm_1        | INFO: Binding org.apache.hadoop.yarn.server.resourcemanager.webapp.JAXBContextResolver to GuiceManagedComponentProvider with the scope "Singleton"
datanode_2  | 2019-11-12 11:11:43,177 INFO server.RaftServerConfigKeys: raft.server.log.force.sync.num = 128 (default)
datanode_3  | 2019-11-12 11:11:43,182 INFO server.RaftServerConfigKeys: raft.server.snapshot.retention.file.num = 5 (custom)
nm_1        | 2019-11-12 11:11:39 INFO  NMTokenSecretManagerInNM:143 - Rolling master-key for container-tokens, got key with id -255791320
datanode_1  | 2019-11-12 11:11:43,205 INFO server.RaftServerConfigKeys: raft.server.log.force.sync.num = 128 (default)
rm_1        | Nov 12, 2019 11:11:37 AM com.sun.jersey.guice.spi.container.GuiceComponentProviderFactory getComponentProvider
datanode_2  | 2019-11-12 11:11:43,177 INFO server.RaftServerConfigKeys: raft.server.log.statemachine.data.sync = true (default)
datanode_3  | 2019-11-12 11:11:43,182 INFO server.RaftServerConfigKeys: raft.server.retrycache.expirytime = 600000ms (custom)
nm_1        | 2019-11-12 11:11:39 INFO  NodeStatusUpdaterImpl:466 - Registered with ResourceManager as nm:41914 with total resource of <memory:8192, vCores:8>
datanode_1  | 2019-11-12 11:11:43,205 INFO server.RaftServerConfigKeys: raft.server.log.statemachine.data.sync = true (default)
rm_1        | INFO: Binding org.apache.hadoop.yarn.webapp.GenericExceptionHandler to GuiceManagedComponentProvider with the scope "Singleton"
datanode_3  | 2019-11-12 11:11:43,183 WARN impl.MetricRegistriesImpl: First MetricRegistry has been created without registering reporters. You may need to call MetricRegistries.global().addReportRegistration(...) before.
datanode_2  | 2019-11-12 11:11:43,177 INFO server.RaftServerConfigKeys: raft.server.log.statemachine.data.sync.timeout = 10s (default)
nm_1        | 2019-11-12 11:12:38 INFO  Server:1845 - Auth successful for appattempt_1573557098193_0001_000001 (auth:SIMPLE)
datanode_1  | 2019-11-12 11:11:43,205 INFO server.RaftServerConfigKeys: raft.server.log.statemachine.data.sync.timeout = 10s (default)
rm_1        | Nov 12, 2019 11:11:37 AM com.sun.jersey.guice.spi.container.GuiceComponentProviderFactory getComponentProvider
datanode_3  | 2019-11-12 11:11:43,183 WARN impl.MetricRegistriesImpl: First MetricRegistry has been created without registering reporters. You may need to call MetricRegistries.global().addReportRegistration(...) before.
datanode_2  | 2019-11-12 11:11:43,177 INFO server.RaftServerConfigKeys: raft.server.log.statemachine.data.sync.timeout.retry = -1 (default)
nm_1        | 2019-11-12 11:12:38 INFO  ContainerManagerImpl:1070 - Start request for container_1573557098193_0001_01_000001 by user hadoop
datanode_1  | 2019-11-12 11:11:43,205 INFO server.RaftServerConfigKeys: raft.server.log.statemachine.data.sync.timeout.retry = -1 (default)
datanode_3  | 2019-11-12 11:11:43,183 INFO impl.RaftServerImpl: 9fd2daeb-5ef9-4bb7-b994-da464ab0ff9e@group-FB002B23768D: start as a follower, conf=-1: [9fd2daeb-5ef9-4bb7-b994-da464ab0ff9e:172.18.0.8:9858, e9800b53-2e83-4dde-8f95-4a687ca6d0ac:172.18.0.6:9858, cf6dca87-ba10-424c-a7a2-8ac8c675478a:172.18.0.5:9858], old=null
rm_1        | INFO: Binding org.apache.hadoop.yarn.server.resourcemanager.webapp.RMWebServices to GuiceManagedComponentProvider with the scope "Singleton"
datanode_2  | 2019-11-12 11:11:43,177 INFO server.RaftServerConfigKeys: raft.server.log.statemachine.data.caching.enabled = true (custom)
nm_1        | 2019-11-12 11:12:38 INFO  ContainerManagerImpl:1122 - Creating a new application reference for app application_1573557098193_0001
datanode_1  | 2019-11-12 11:11:43,205 INFO server.RaftServerConfigKeys: raft.server.log.statemachine.data.caching.enabled = true (custom)
datanode_3  | 2019-11-12 11:11:43,184 INFO impl.RaftServerImpl: 9fd2daeb-5ef9-4bb7-b994-da464ab0ff9e@group-FB002B23768D: changes role from      null to FOLLOWER at term 0 for startAsFollower
datanode_2  | 2019-11-12 11:11:43,178 INFO segmented.SegmentedRaftLogWorker: e9800b53-2e83-4dde-8f95-4a687ca6d0ac@group-FB002B23768D-SegmentedRaftLogWorker: flushIndex: setUnconditionally 0 -> -1
nm_1        | 2019-11-12 11:12:38 INFO  NMAuditLogger:94 - USER=hadoop	IP=172.18.0.9	OPERATION=Start Container Request	TARGET=ContainerManageImpl	RESULT=SUCCESS	APPID=application_1573557098193_0001	CONTAINERID=container_1573557098193_0001_01_000001
datanode_1  | 2019-11-12 11:11:43,206 INFO segmented.SegmentedRaftLogWorker: cf6dca87-ba10-424c-a7a2-8ac8c675478a@group-FB002B23768D-SegmentedRaftLogWorker: flushIndex: setUnconditionally 0 -> -1
datanode_3  | 2019-11-12 11:11:43,184 INFO impl.RoleInfo: 9fd2daeb-5ef9-4bb7-b994-da464ab0ff9e: start FollowerState
rm_1        | 2019-11-12 11:11:37 INFO  ContextHandler:781 - Started o.e.j.w.WebAppContext@4defd42{/,file:///tmp/jetty-rm-8088-cluster-_-any-1465691643142945763.dir/webapp/,AVAILABLE}{/cluster}
nm_1        | 2019-11-12 11:12:38 INFO  ApplicationImpl:655 - Application application_1573557098193_0001 transitioned from NEW to INITING
datanode_2  | 2019-11-12 11:11:43,178 INFO server.RaftServerConfigKeys: raft.server.snapshot.auto.trigger.enabled = true (custom)
datanode_1  | 2019-11-12 11:11:43,206 INFO server.RaftServerConfigKeys: raft.server.snapshot.auto.trigger.enabled = true (custom)
datanode_3  | 2019-11-12 11:11:43,185 INFO util.JmxRegister: Successfully registered JMX Bean with object name Ratis:service=RaftServer,group=group-FB002B23768D,id=9fd2daeb-5ef9-4bb7-b994-da464ab0ff9e
rm_1        | 2019-11-12 11:11:37 INFO  AbstractConnector:278 - Started ServerConnector@53a665ad{HTTP/1.1,[http/1.1]}{rm:8088}
nm_1        | 2019-11-12 11:12:38 INFO  ApplicationImpl:463 - Adding container_1573557098193_0001_01_000001 to application application_1573557098193_0001
datanode_2  | 2019-11-12 11:11:43,178 INFO server.RaftServerConfigKeys: raft.server.snapshot.auto.trigger.threshold = 10000 (custom)
datanode_1  | 2019-11-12 11:11:43,206 INFO server.RaftServerConfigKeys: raft.server.snapshot.auto.trigger.threshold = 10000 (custom)
datanode_3  | 2019-11-12 11:11:43,185 WARN impl.MetricRegistriesImpl: First MetricRegistry has been created without registering reporters. You may need to call MetricRegistries.global().addReportRegistration(...) before.
rm_1        | 2019-11-12 11:11:37 INFO  Server:419 - Started @4464ms
nm_1        | 2019-11-12 11:12:38 INFO  ApplicationImpl:655 - Application application_1573557098193_0001 transitioned from INITING to RUNNING
datanode_2  | 2019-11-12 11:11:43,178 INFO server.RaftServerConfigKeys: raft.server.snapshot.retention.file.num = 5 (custom)
datanode_1  | 2019-11-12 11:11:43,206 INFO server.RaftServerConfigKeys: raft.server.snapshot.retention.file.num = 5 (custom)
datanode_3  | 2019-11-12 11:11:48,066 INFO impl.FollowerState: 9fd2daeb-5ef9-4bb7-b994-da464ab0ff9e@group-DA2FCCE77FD9-FollowerState: change to CANDIDATE, lastRpcTime:5035ms, electionTimeout:5034ms
rm_1        | 2019-11-12 11:11:37 INFO  WebApps:440 - Web app cluster started at 8088
nm_1        | 2019-11-12 11:12:38 INFO  ContainerImpl:2126 - Container container_1573557098193_0001_01_000001 transitioned from NEW to LOCALIZING
datanode_2  | 2019-11-12 11:11:43,179 INFO server.RaftServerConfigKeys: raft.server.retrycache.expirytime = 600000ms (custom)
datanode_1  | 2019-11-12 11:11:43,207 INFO server.RaftServerConfigKeys: raft.server.retrycache.expirytime = 600000ms (custom)
datanode_3  | 2019-11-12 11:11:48,068 INFO impl.RoleInfo: 9fd2daeb-5ef9-4bb7-b994-da464ab0ff9e: shutdown FollowerState
rm_1        | 2019-11-12 11:11:37 INFO  CallQueueManager:84 - Using callQueue: class java.util.concurrent.LinkedBlockingQueue queueCapacity: 100 scheduler: class org.apache.hadoop.ipc.DefaultRpcScheduler
nm_1        | 2019-11-12 11:12:38 INFO  AuxServices:350 - Got event CONTAINER_INIT for appId application_1573557098193_0001
datanode_1  | 2019-11-12 11:11:43,207 WARN impl.MetricRegistriesImpl: First MetricRegistry has been created without registering reporters. You may need to call MetricRegistries.global().addReportRegistration(...) before.
datanode_3  | 2019-11-12 11:11:48,068 INFO impl.RaftServerImpl: 9fd2daeb-5ef9-4bb7-b994-da464ab0ff9e@group-DA2FCCE77FD9: changes role from  FOLLOWER to CANDIDATE at term 0 for changeToCandidate
rm_1        | 2019-11-12 11:11:38 INFO  Server:1070 - Starting Socket Reader #1 for port 8033
datanode_2  | 2019-11-12 11:11:43,179 WARN impl.MetricRegistriesImpl: First MetricRegistry has been created without registering reporters. You may need to call MetricRegistries.global().addReportRegistration(...) before.
datanode_1  | 2019-11-12 11:11:43,207 WARN impl.MetricRegistriesImpl: First MetricRegistry has been created without registering reporters. You may need to call MetricRegistries.global().addReportRegistration(...) before.
datanode_3  | 2019-11-12 11:11:48,073 INFO impl.RoleInfo: 9fd2daeb-5ef9-4bb7-b994-da464ab0ff9e: start LeaderElection
datanode_2  | 2019-11-12 11:11:43,179 WARN impl.MetricRegistriesImpl: First MetricRegistry has been created without registering reporters. You may need to call MetricRegistries.global().addReportRegistration(...) before.
rm_1        | 2019-11-12 11:11:38 INFO  RpcServerFactoryPBImpl:173 - Adding protocol org.apache.hadoop.yarn.server.api.ResourceManagerAdministrationProtocolPB to the server
nm_1        | 2019-11-12 11:12:38 INFO  ResourceLocalizationService:801 - Created localizer for container_1573557098193_0001_01_000001
datanode_1  | 2019-11-12 11:11:43,207 INFO impl.RaftServerImpl: cf6dca87-ba10-424c-a7a2-8ac8c675478a@group-FB002B23768D: start as a follower, conf=-1: [9fd2daeb-5ef9-4bb7-b994-da464ab0ff9e:172.18.0.8:9858, e9800b53-2e83-4dde-8f95-4a687ca6d0ac:172.18.0.6:9858, cf6dca87-ba10-424c-a7a2-8ac8c675478a:172.18.0.5:9858], old=null
datanode_3  | 2019-11-12 11:11:48,090 INFO impl.LeaderElection: 9fd2daeb-5ef9-4bb7-b994-da464ab0ff9e@group-DA2FCCE77FD9-LeaderElection1: begin an election at term 1 for -1: [9fd2daeb-5ef9-4bb7-b994-da464ab0ff9e:172.18.0.8:9858], old=null
datanode_2  | 2019-11-12 11:11:43,179 INFO impl.RaftServerImpl: e9800b53-2e83-4dde-8f95-4a687ca6d0ac@group-FB002B23768D: start as a follower, conf=-1: [9fd2daeb-5ef9-4bb7-b994-da464ab0ff9e:172.18.0.8:9858, e9800b53-2e83-4dde-8f95-4a687ca6d0ac:172.18.0.6:9858, cf6dca87-ba10-424c-a7a2-8ac8c675478a:172.18.0.5:9858], old=null
rm_1        | 2019-11-12 11:11:38 INFO  Server:1310 - IPC Server Responder: starting
nm_1        | 2019-11-12 11:12:38 INFO  ResourceLocalizationService:1331 - Writing credentials to the nmPrivate file /tmp/hadoop-hadoop/nm-local-dir/nmPrivate/container_1573557098193_0001_01_000001.tokens
datanode_1  | 2019-11-12 11:11:43,207 INFO impl.RaftServerImpl: cf6dca87-ba10-424c-a7a2-8ac8c675478a@group-FB002B23768D: changes role from      null to FOLLOWER at term 0 for startAsFollower
datanode_3  | 2019-11-12 11:11:48,091 INFO impl.RoleInfo: 9fd2daeb-5ef9-4bb7-b994-da464ab0ff9e: shutdown LeaderElection
datanode_2  | 2019-11-12 11:11:43,179 INFO impl.RaftServerImpl: e9800b53-2e83-4dde-8f95-4a687ca6d0ac@group-FB002B23768D: changes role from      null to FOLLOWER at term 0 for startAsFollower
rm_1        | 2019-11-12 11:11:38 INFO  Server:1149 - IPC Server listener on 8033: starting
datanode_1  | 2019-11-12 11:11:43,207 INFO impl.RoleInfo: cf6dca87-ba10-424c-a7a2-8ac8c675478a: start FollowerState
nm_1        | 2019-11-12 11:12:38 INFO  DefaultContainerExecutor:836 - Initializing user hadoop
datanode_3  | 2019-11-12 11:11:48,092 INFO impl.RaftServerImpl: 9fd2daeb-5ef9-4bb7-b994-da464ab0ff9e@group-DA2FCCE77FD9: changes role from CANDIDATE to LEADER at term 1 for changeToLeader
datanode_2  | 2019-11-12 11:11:43,179 INFO impl.RoleInfo: e9800b53-2e83-4dde-8f95-4a687ca6d0ac: start FollowerState
rm_1        | 2019-11-12 11:11:38 INFO  ResourceManager:1263 - Transitioning to active state
datanode_1  | 2019-11-12 11:11:43,208 INFO util.JmxRegister: Successfully registered JMX Bean with object name Ratis:service=RaftServer,group=group-FB002B23768D,id=cf6dca87-ba10-424c-a7a2-8ac8c675478a
nm_1        | 2019-11-12 11:12:38 INFO  DefaultContainerExecutor:166 - Copying from /tmp/hadoop-hadoop/nm-local-dir/nmPrivate/container_1573557098193_0001_01_000001.tokens to /tmp/hadoop-hadoop/nm-local-dir/usercache/hadoop/appcache/application_1573557098193_0001/container_1573557098193_0001_01_000001.tokens
datanode_3  | 2019-11-12 11:11:48,092 INFO impl.RaftServerImpl: 9fd2daeb-5ef9-4bb7-b994-da464ab0ff9e@group-DA2FCCE77FD9: change Leader from null to 9fd2daeb-5ef9-4bb7-b994-da464ab0ff9e at term 1 for becomeLeader, leader elected after 5146ms
datanode_2  | 2019-11-12 11:11:43,180 INFO util.JmxRegister: Successfully registered JMX Bean with object name Ratis:service=RaftServer,group=group-FB002B23768D,id=e9800b53-2e83-4dde-8f95-4a687ca6d0ac
rm_1        | 2019-11-12 11:11:38 INFO  RMStateStore:549 - Updating AMRMToken
datanode_1  | 2019-11-12 11:11:43,208 WARN impl.MetricRegistriesImpl: First MetricRegistry has been created without registering reporters. You may need to call MetricRegistries.global().addReportRegistration(...) before.
datanode_3  | 2019-11-12 11:11:48,098 INFO server.RaftServerConfigKeys: raft.server.staging.catchup.gap = 1000 (default)
datanode_2  | 2019-11-12 11:11:43,180 WARN impl.MetricRegistriesImpl: First MetricRegistry has been created without registering reporters. You may need to call MetricRegistries.global().addReportRegistration(...) before.
rm_1        | 2019-11-12 11:11:38 INFO  RMContainerTokenSecretManager:109 - Rolling master-key for container-tokens
nm_1        | 2019-11-12 11:12:38 INFO  DefaultContainerExecutor:174 - Localizer CWD set to /tmp/hadoop-hadoop/nm-local-dir/usercache/hadoop/appcache/application_1573557098193_0001 = file:/tmp/hadoop-hadoop/nm-local-dir/usercache/hadoop/appcache/application_1573557098193_0001
datanode_1  | 2019-11-12 11:11:47,608 INFO impl.FollowerState: cf6dca87-ba10-424c-a7a2-8ac8c675478a@group-A9380A270230-FollowerState: change to CANDIDATE, lastRpcTime:5117ms, electionTimeout:5116ms
datanode_3  | 2019-11-12 11:11:48,098 INFO server.RaftServerConfigKeys: raft.server.rpc.sleep.time = 25ms (default)
rm_1        | 2019-11-12 11:11:38 INFO  NMTokenSecretManagerInRM:95 - Rolling master-key for nm-tokens
datanode_2  | 2019-11-12 11:11:46,994 INFO impl.FollowerState: e9800b53-2e83-4dde-8f95-4a687ca6d0ac@group-84B43957CC51-FollowerState: change to CANDIDATE, lastRpcTime:5027ms, electionTimeout:5027ms
nm_1        | 2019-11-12 11:12:38 INFO  ContainerLocalizer:139 - Disk Validator: yarn.nodemanager.disk-validator is loaded.
datanode_1  | 2019-11-12 11:11:47,611 INFO impl.RoleInfo: cf6dca87-ba10-424c-a7a2-8ac8c675478a: shutdown FollowerState
datanode_3  | 2019-11-12 11:11:48,102 INFO server.RaftServerConfigKeys: raft.server.write.element-limit = 4096 (default)
rm_1        | 2019-11-12 11:11:38 INFO  AbstractDelegationTokenSecretManager:347 - Updating the current master key for generating delegation tokens
datanode_2  | 2019-11-12 11:11:46,996 INFO impl.RoleInfo: e9800b53-2e83-4dde-8f95-4a687ca6d0ac: shutdown FollowerState
nm_1        | 2019-11-12 11:12:38 INFO  Configuration:3318 - Removed undeclared tags:
datanode_3  | 2019-11-12 11:11:48,109 INFO server.RaftServerConfigKeys: raft.server.watch.timeout = 10s (default)
datanode_1  | 2019-11-12 11:11:47,611 INFO impl.RaftServerImpl: cf6dca87-ba10-424c-a7a2-8ac8c675478a@group-A9380A270230: changes role from  FOLLOWER to CANDIDATE at term 0 for changeToCandidate
nm_1        | 2019-11-12 11:12:38 INFO  Configuration:3318 - Removed undeclared tags:
datanode_2  | 2019-11-12 11:11:46,997 INFO impl.RaftServerImpl: e9800b53-2e83-4dde-8f95-4a687ca6d0ac@group-84B43957CC51: changes role from  FOLLOWER to CANDIDATE at term 0 for changeToCandidate
rm_1        | 2019-11-12 11:11:38 INFO  RMDelegationTokenSecretManager:92 - storing master key with keyID 1
datanode_3  | 2019-11-12 11:11:48,109 INFO server.RaftServerConfigKeys: raft.server.watch.timeout.denomination = 1s (default)
datanode_1  | 2019-11-12 11:11:47,616 INFO impl.RoleInfo: cf6dca87-ba10-424c-a7a2-8ac8c675478a: start LeaderElection
nm_1        | 2019-11-12 11:12:38 INFO  Configuration:3318 - Removed undeclared tags:
datanode_2  | 2019-11-12 11:11:47,003 INFO impl.RoleInfo: e9800b53-2e83-4dde-8f95-4a687ca6d0ac: start LeaderElection
rm_1        | 2019-11-12 11:11:38 INFO  RMStateStore:500 - Storing RMDTMasterKey.
datanode_3  | 2019-11-12 11:11:48,110 INFO server.RaftServerConfigKeys: raft.server.watch.element-limit = 65536 (default)
nm_1        | 2019-11-12 11:12:39 WARN  MetricsSystemImpl:151 - NodeManager metrics system already initialized!
datanode_2  | 2019-11-12 11:11:47,039 INFO impl.LeaderElection: e9800b53-2e83-4dde-8f95-4a687ca6d0ac@group-84B43957CC51-LeaderElection1: begin an election at term 1 for -1: [e9800b53-2e83-4dde-8f95-4a687ca6d0ac:172.18.0.6:9858], old=null
rm_1        | 2019-11-12 11:11:38 INFO  AbstractDelegationTokenSecretManager:679 - Starting expired delegation token remover thread, tokenRemoverScanInterval=60 min(s)
datanode_3  | 2019-11-12 11:11:48,119 INFO impl.RoleInfo: 9fd2daeb-5ef9-4bb7-b994-da464ab0ff9e: start LeaderState
datanode_1  | 2019-11-12 11:11:47,643 INFO impl.LeaderElection: cf6dca87-ba10-424c-a7a2-8ac8c675478a@group-A9380A270230-LeaderElection1: begin an election at term 1 for -1: [cf6dca87-ba10-424c-a7a2-8ac8c675478a:172.18.0.5:9858], old=null
nm_1        | 2019-11-12 11:12:39 INFO  Configuration:3318 - Removed undeclared tags:
datanode_2  | 2019-11-12 11:11:47,040 INFO impl.RoleInfo: e9800b53-2e83-4dde-8f95-4a687ca6d0ac: shutdown LeaderElection
rm_1        | 2019-11-12 11:11:38 INFO  AbstractDelegationTokenSecretManager:347 - Updating the current master key for generating delegation tokens
datanode_3  | 2019-11-12 11:11:48,142 INFO segmented.SegmentedRaftLogWorker: 9fd2daeb-5ef9-4bb7-b994-da464ab0ff9e@group-DA2FCCE77FD9-SegmentedRaftLogWorker: Starting segment from index:0
datanode_1  | 2019-11-12 11:11:47,645 INFO impl.RoleInfo: cf6dca87-ba10-424c-a7a2-8ac8c675478a: shutdown LeaderElection
nm_1        | 2019-11-12 11:12:39 INFO  Configuration:3318 - Removed undeclared tags:
datanode_2  | 2019-11-12 11:11:47,041 INFO impl.RaftServerImpl: e9800b53-2e83-4dde-8f95-4a687ca6d0ac@group-84B43957CC51: changes role from CANDIDATE to LEADER at term 1 for changeToLeader
rm_1        | 2019-11-12 11:11:38 INFO  RMDelegationTokenSecretManager:92 - storing master key with keyID 2
datanode_3  | 2019-11-12 11:11:48,153 INFO impl.RaftServerImpl: 9fd2daeb-5ef9-4bb7-b994-da464ab0ff9e@group-DA2FCCE77FD9: set configuration 0: [9fd2daeb-5ef9-4bb7-b994-da464ab0ff9e:172.18.0.8:9858], old=null at 0
nm_1        | 2019-11-12 11:12:41 INFO  Configuration:3318 - Removed undeclared tags:
datanode_2  | 2019-11-12 11:11:47,042 INFO impl.RaftServerImpl: e9800b53-2e83-4dde-8f95-4a687ca6d0ac@group-84B43957CC51: change Leader from null to e9800b53-2e83-4dde-8f95-4a687ca6d0ac at term 1 for becomeLeader, leader elected after 5143ms
rm_1        | 2019-11-12 11:11:38 INFO  RMStateStore:500 - Storing RMDTMasterKey.
datanode_1  | 2019-11-12 11:11:47,646 INFO impl.RaftServerImpl: cf6dca87-ba10-424c-a7a2-8ac8c675478a@group-A9380A270230: changes role from CANDIDATE to LEADER at term 1 for changeToLeader
nm_1        | 2019-11-12 11:12:41 INFO  ContainerImpl:2126 - Container container_1573557098193_0001_01_000001 transitioned from LOCALIZING to SCHEDULED
datanode_3  | 2019-11-12 11:11:48,293 INFO segmented.SegmentedRaftLogWorker: 9fd2daeb-5ef9-4bb7-b994-da464ab0ff9e@group-DA2FCCE77FD9-SegmentedRaftLogWorker: created new log segment /data/metadata/ratis/9edc7e8f-0c23-4878-9164-da2fcce77fd9/current/log_inprogress_0
datanode_2  | 2019-11-12 11:11:47,048 INFO server.RaftServerConfigKeys: raft.server.staging.catchup.gap = 1000 (default)
rm_1        | 2019-11-12 11:11:38 INFO  AsyncDispatcher:223 - Registering class org.apache.hadoop.yarn.nodelabels.event.NodeLabelsStoreEventType for class org.apache.hadoop.yarn.nodelabels.CommonNodeLabelsManager$ForwardingEventHandler
datanode_1  | 2019-11-12 11:11:47,646 INFO impl.RaftServerImpl: cf6dca87-ba10-424c-a7a2-8ac8c675478a@group-A9380A270230: change Leader from null to cf6dca87-ba10-424c-a7a2-8ac8c675478a at term 1 for becomeLeader, leader elected after 5235ms
nm_1        | 2019-11-12 11:12:41 INFO  ContainerScheduler:511 - Starting container [container_1573557098193_0001_01_000001]
datanode_3  | 2019-11-12 11:11:48,357 INFO impl.FollowerState: 9fd2daeb-5ef9-4bb7-b994-da464ab0ff9e@group-FB002B23768D-FollowerState: change to CANDIDATE, lastRpcTime:5172ms, electionTimeout:5172ms
datanode_2  | 2019-11-12 11:11:47,048 INFO server.RaftServerConfigKeys: raft.server.rpc.sleep.time = 25ms (default)
datanode_1  | 2019-11-12 11:11:47,653 INFO server.RaftServerConfigKeys: raft.server.staging.catchup.gap = 1000 (default)
nm_1        | 2019-11-12 11:12:41 INFO  Configuration:3318 - Removed undeclared tags:
rm_1        | 2019-11-12 11:11:38 INFO  CallQueueManager:84 - Using callQueue: class java.util.concurrent.LinkedBlockingQueue queueCapacity: 5000 scheduler: class org.apache.hadoop.ipc.DefaultRpcScheduler
datanode_3  | 2019-11-12 11:11:48,357 INFO impl.RoleInfo: 9fd2daeb-5ef9-4bb7-b994-da464ab0ff9e: shutdown FollowerState
datanode_2  | 2019-11-12 11:11:47,053 INFO server.RaftServerConfigKeys: raft.server.write.element-limit = 4096 (default)
datanode_1  | 2019-11-12 11:11:47,653 INFO server.RaftServerConfigKeys: raft.server.rpc.sleep.time = 25ms (default)
nm_1        | 2019-11-12 11:12:41 INFO  ContainerImpl:2126 - Container container_1573557098193_0001_01_000001 transitioned from SCHEDULED to RUNNING
rm_1        | 2019-11-12 11:11:38 INFO  Server:1070 - Starting Socket Reader #1 for port 8031
datanode_3  | 2019-11-12 11:11:48,358 INFO impl.RaftServerImpl: 9fd2daeb-5ef9-4bb7-b994-da464ab0ff9e@group-FB002B23768D: changes role from  FOLLOWER to CANDIDATE at term 0 for changeToCandidate
datanode_2  | 2019-11-12 11:11:47,061 INFO server.RaftServerConfigKeys: raft.server.watch.timeout = 10s (default)
datanode_1  | 2019-11-12 11:11:47,658 INFO server.RaftServerConfigKeys: raft.server.write.element-limit = 4096 (default)
rm_1        | 2019-11-12 11:11:38 INFO  RpcServerFactoryPBImpl:173 - Adding protocol org.apache.hadoop.yarn.server.api.ResourceTrackerPB to the server
nm_1        | 2019-11-12 11:12:41 INFO  ContainersMonitorImpl:943 - Starting resource-monitoring for container_1573557098193_0001_01_000001
datanode_3  | 2019-11-12 11:11:48,358 INFO impl.RoleInfo: 9fd2daeb-5ef9-4bb7-b994-da464ab0ff9e: start LeaderElection
datanode_2  | 2019-11-12 11:11:47,061 INFO server.RaftServerConfigKeys: raft.server.watch.timeout.denomination = 1s (default)
datanode_1  | 2019-11-12 11:11:47,665 INFO server.RaftServerConfigKeys: raft.server.watch.timeout = 10s (default)
rm_1        | 2019-11-12 11:11:38 INFO  Server:1310 - IPC Server Responder: starting
nm_1        | 2019-11-12 11:12:41 INFO  DefaultContainerExecutor:370 - launchContainer: [bash, /tmp/hadoop-hadoop/nm-local-dir/usercache/hadoop/appcache/application_1573557098193_0001/container_1573557098193_0001_01_000001/default_container_executor.sh]
datanode_3  | 2019-11-12 11:11:48,392 INFO impl.LeaderElection: 9fd2daeb-5ef9-4bb7-b994-da464ab0ff9e@group-FB002B23768D-LeaderElection2: begin an election at term 1 for -1: [9fd2daeb-5ef9-4bb7-b994-da464ab0ff9e:172.18.0.8:9858, e9800b53-2e83-4dde-8f95-4a687ca6d0ac:172.18.0.6:9858, cf6dca87-ba10-424c-a7a2-8ac8c675478a:172.18.0.5:9858], old=null
datanode_1  | 2019-11-12 11:11:47,665 INFO server.RaftServerConfigKeys: raft.server.watch.timeout.denomination = 1s (default)
rm_1        | 2019-11-12 11:11:38 INFO  Server:1149 - IPC Server listener on 8031: starting
datanode_2  | 2019-11-12 11:11:47,062 INFO server.RaftServerConfigKeys: raft.server.watch.element-limit = 65536 (default)
nm_1        | 2019-11-12 11:12:42 INFO  Configuration:3318 - Removed undeclared tags:
datanode_3  | 2019-11-12 11:11:48,553 INFO impl.LeaderElection: 9fd2daeb-5ef9-4bb7-b994-da464ab0ff9e@group-FB002B23768D-LeaderElection2: Election REJECTED; received 2 response(s) [9fd2daeb-5ef9-4bb7-b994-da464ab0ff9e<-e9800b53-2e83-4dde-8f95-4a687ca6d0ac#0:FAIL-t1, 9fd2daeb-5ef9-4bb7-b994-da464ab0ff9e<-cf6dca87-ba10-424c-a7a2-8ac8c675478a#0:FAIL-t1] and 0 exception(s); 9fd2daeb-5ef9-4bb7-b994-da464ab0ff9e@group-FB002B23768D:t1, leader=null, voted=9fd2daeb-5ef9-4bb7-b994-da464ab0ff9e, raftlog=9fd2daeb-5ef9-4bb7-b994-da464ab0ff9e@group-FB002B23768D-SegmentedRaftLog:OPENED:c-1,f-1,i0, conf=-1: [9fd2daeb-5ef9-4bb7-b994-da464ab0ff9e:172.18.0.8:9858, e9800b53-2e83-4dde-8f95-4a687ca6d0ac:172.18.0.6:9858, cf6dca87-ba10-424c-a7a2-8ac8c675478a:172.18.0.5:9858], old=null
datanode_1  | 2019-11-12 11:11:47,666 INFO server.RaftServerConfigKeys: raft.server.watch.element-limit = 65536 (default)
rm_1        | 2019-11-12 11:11:38 INFO  JvmPauseMonitor:188 - Starting JVM pause monitor
datanode_2  | 2019-11-12 11:11:47,074 INFO impl.RoleInfo: e9800b53-2e83-4dde-8f95-4a687ca6d0ac: start LeaderState
nm_1        | 2019-11-12 11:12:44 INFO  ContainersMonitorImpl:567 - container_1573557098193_0001_01_000001's ip = 172.18.0.4, and hostname = nm
datanode_3  | 2019-11-12 11:11:48,555 INFO impl.RaftServerImpl: 9fd2daeb-5ef9-4bb7-b994-da464ab0ff9e@group-FB002B23768D: changes role from CANDIDATE to FOLLOWER at term 1 for DISCOVERED_A_NEW_TERM
datanode_1  | 2019-11-12 11:11:47,676 INFO impl.RoleInfo: cf6dca87-ba10-424c-a7a2-8ac8c675478a: start LeaderState
rm_1        | 2019-11-12 11:11:38 INFO  CallQueueManager:84 - Using callQueue: class java.util.concurrent.LinkedBlockingQueue queueCapacity: 5000 scheduler: class org.apache.hadoop.ipc.DefaultRpcScheduler
nm_1        | 2019-11-12 11:12:47 INFO  ContainersMonitorImpl:468 - Skipping monitoring container container_1573557098193_0001_01_000001 since CPU usage is not yet available.
datanode_2  | 2019-11-12 11:11:47,099 INFO segmented.SegmentedRaftLogWorker: e9800b53-2e83-4dde-8f95-4a687ca6d0ac@group-84B43957CC51-SegmentedRaftLogWorker: Starting segment from index:0
datanode_1  | 2019-11-12 11:11:47,701 INFO segmented.SegmentedRaftLogWorker: cf6dca87-ba10-424c-a7a2-8ac8c675478a@group-A9380A270230-SegmentedRaftLogWorker: Starting segment from index:0
datanode_3  | 2019-11-12 11:11:48,555 INFO impl.RoleInfo: 9fd2daeb-5ef9-4bb7-b994-da464ab0ff9e: shutdown LeaderElection
rm_1        | 2019-11-12 11:11:38 INFO  Server:1070 - Starting Socket Reader #1 for port 8030
nm_1        | 2019-11-12 11:12:51 INFO  Server:1845 - Auth successful for appattempt_1573557098193_0001_000001 (auth:SIMPLE)
datanode_2  | 2019-11-12 11:11:47,111 INFO impl.RaftServerImpl: e9800b53-2e83-4dde-8f95-4a687ca6d0ac@group-84B43957CC51: set configuration 0: [e9800b53-2e83-4dde-8f95-4a687ca6d0ac:172.18.0.6:9858], old=null at 0
datanode_1  | 2019-11-12 11:11:47,712 INFO impl.RaftServerImpl: cf6dca87-ba10-424c-a7a2-8ac8c675478a@group-A9380A270230: set configuration 0: [cf6dca87-ba10-424c-a7a2-8ac8c675478a:172.18.0.5:9858], old=null at 0
datanode_3  | 2019-11-12 11:11:48,555 INFO impl.RoleInfo: 9fd2daeb-5ef9-4bb7-b994-da464ab0ff9e: start FollowerState
rm_1        | 2019-11-12 11:11:38 INFO  RpcServerFactoryPBImpl:173 - Adding protocol org.apache.hadoop.yarn.api.ApplicationMasterProtocolPB to the server
nm_1        | 2019-11-12 11:12:51 INFO  ContainerManagerImpl:1070 - Start request for container_1573557098193_0001_01_000002 by user hadoop
datanode_2  | 2019-11-12 11:11:47,244 INFO segmented.SegmentedRaftLogWorker: e9800b53-2e83-4dde-8f95-4a687ca6d0ac@group-84B43957CC51-SegmentedRaftLogWorker: created new log segment /data/metadata/ratis/264ca3f1-22db-410a-93e0-84b43957cc51/current/log_inprogress_0
datanode_1  | 2019-11-12 11:11:47,855 INFO segmented.SegmentedRaftLogWorker: cf6dca87-ba10-424c-a7a2-8ac8c675478a@group-A9380A270230-SegmentedRaftLogWorker: created new log segment /data/metadata/ratis/a1b07e78-58d7-48d7-8500-a9380a270230/current/log_inprogress_0
datanode_3  | 2019-11-12 11:11:53,653 INFO impl.FollowerState: 9fd2daeb-5ef9-4bb7-b994-da464ab0ff9e@group-FB002B23768D-FollowerState: change to CANDIDATE, lastRpcTime:5097ms, electionTimeout:5097ms
rm_1        | 2019-11-12 11:11:38 INFO  Server:1310 - IPC Server Responder: starting
nm_1        | 2019-11-12 11:12:51 INFO  NMAuditLogger:94 - USER=hadoop	IP=172.18.0.4	OPERATION=Start Container Request	TARGET=ContainerManageImpl	RESULT=SUCCESS	APPID=application_1573557098193_0001	CONTAINERID=container_1573557098193_0001_01_000002
datanode_2  | 2019-11-12 11:11:48,221 INFO impl.FollowerState: e9800b53-2e83-4dde-8f95-4a687ca6d0ac@group-FB002B23768D-FollowerState: change to CANDIDATE, lastRpcTime:5041ms, electionTimeout:5041ms
datanode_3  | 2019-11-12 11:11:53,654 INFO impl.RoleInfo: 9fd2daeb-5ef9-4bb7-b994-da464ab0ff9e: shutdown FollowerState
rm_1        | 2019-11-12 11:11:38 INFO  Server:1149 - IPC Server listener on 8030: starting
datanode_2  | 2019-11-12 11:11:48,221 INFO impl.RoleInfo: e9800b53-2e83-4dde-8f95-4a687ca6d0ac: shutdown FollowerState
datanode_3  | 2019-11-12 11:11:53,654 INFO impl.RaftServerImpl: 9fd2daeb-5ef9-4bb7-b994-da464ab0ff9e@group-FB002B23768D: changes role from  FOLLOWER to CANDIDATE at term 1 for changeToCandidate
datanode_1  | 2019-11-12 11:11:48,277 INFO impl.FollowerState: cf6dca87-ba10-424c-a7a2-8ac8c675478a@group-FB002B23768D-FollowerState: change to CANDIDATE, lastRpcTime:5069ms, electionTimeout:5069ms
nm_1        | 2019-11-12 11:12:51 INFO  ApplicationImpl:463 - Adding container_1573557098193_0001_01_000002 to application application_1573557098193_0001
rm_1        | 2019-11-12 11:11:38 INFO  CallQueueManager:84 - Using callQueue: class java.util.concurrent.LinkedBlockingQueue queueCapacity: 5000 scheduler: class org.apache.hadoop.ipc.DefaultRpcScheduler
datanode_2  | 2019-11-12 11:11:48,222 INFO impl.RaftServerImpl: e9800b53-2e83-4dde-8f95-4a687ca6d0ac@group-FB002B23768D: changes role from  FOLLOWER to CANDIDATE at term 0 for changeToCandidate
datanode_3  | 2019-11-12 11:11:53,654 INFO impl.RoleInfo: 9fd2daeb-5ef9-4bb7-b994-da464ab0ff9e: start LeaderElection
datanode_1  | 2019-11-12 11:11:48,278 INFO impl.RoleInfo: cf6dca87-ba10-424c-a7a2-8ac8c675478a: shutdown FollowerState
rm_1        | 2019-11-12 11:11:38 INFO  Server:1070 - Starting Socket Reader #1 for port 8032
nm_1        | 2019-11-12 11:12:51 INFO  ContainerImpl:2126 - Container container_1573557098193_0001_01_000002 transitioned from NEW to LOCALIZING
datanode_2  | 2019-11-12 11:11:48,222 INFO impl.RoleInfo: e9800b53-2e83-4dde-8f95-4a687ca6d0ac: start LeaderElection
datanode_3  | 2019-11-12 11:11:53,960 INFO impl.LeaderElection: 9fd2daeb-5ef9-4bb7-b994-da464ab0ff9e@group-FB002B23768D-LeaderElection3: begin an election at term 2 for -1: [9fd2daeb-5ef9-4bb7-b994-da464ab0ff9e:172.18.0.8:9858, e9800b53-2e83-4dde-8f95-4a687ca6d0ac:172.18.0.6:9858, cf6dca87-ba10-424c-a7a2-8ac8c675478a:172.18.0.5:9858], old=null
datanode_1  | 2019-11-12 11:11:48,278 INFO impl.RaftServerImpl: cf6dca87-ba10-424c-a7a2-8ac8c675478a@group-FB002B23768D: changes role from  FOLLOWER to CANDIDATE at term 0 for changeToCandidate
rm_1        | 2019-11-12 11:11:38 INFO  RpcServerFactoryPBImpl:173 - Adding protocol org.apache.hadoop.yarn.api.ApplicationClientProtocolPB to the server
nm_1        | 2019-11-12 11:12:51 INFO  AuxServices:350 - Got event CONTAINER_INIT for appId application_1573557098193_0001
datanode_3  | 2019-11-12 11:11:54,022 INFO impl.LeaderElection: 9fd2daeb-5ef9-4bb7-b994-da464ab0ff9e@group-FB002B23768D-LeaderElection3: Election REJECTED; received 2 response(s) [9fd2daeb-5ef9-4bb7-b994-da464ab0ff9e<-e9800b53-2e83-4dde-8f95-4a687ca6d0ac#0:FAIL-t2, 9fd2daeb-5ef9-4bb7-b994-da464ab0ff9e<-cf6dca87-ba10-424c-a7a2-8ac8c675478a#0:FAIL-t2] and 0 exception(s); 9fd2daeb-5ef9-4bb7-b994-da464ab0ff9e@group-FB002B23768D:t2, leader=null, voted=9fd2daeb-5ef9-4bb7-b994-da464ab0ff9e, raftlog=9fd2daeb-5ef9-4bb7-b994-da464ab0ff9e@group-FB002B23768D-SegmentedRaftLog:OPENED:c-1,f-1,i0, conf=-1: [9fd2daeb-5ef9-4bb7-b994-da464ab0ff9e:172.18.0.8:9858, e9800b53-2e83-4dde-8f95-4a687ca6d0ac:172.18.0.6:9858, cf6dca87-ba10-424c-a7a2-8ac8c675478a:172.18.0.5:9858], old=null
datanode_2  | 2019-11-12 11:11:48,247 INFO impl.LeaderElection: e9800b53-2e83-4dde-8f95-4a687ca6d0ac@group-FB002B23768D-LeaderElection2: begin an election at term 1 for -1: [9fd2daeb-5ef9-4bb7-b994-da464ab0ff9e:172.18.0.8:9858, e9800b53-2e83-4dde-8f95-4a687ca6d0ac:172.18.0.6:9858, cf6dca87-ba10-424c-a7a2-8ac8c675478a:172.18.0.5:9858], old=null
datanode_1  | 2019-11-12 11:11:48,278 INFO impl.RoleInfo: cf6dca87-ba10-424c-a7a2-8ac8c675478a: start LeaderElection
rm_1        | 2019-11-12 11:11:38 INFO  Server:1310 - IPC Server Responder: starting
nm_1        | 2019-11-12 11:12:51 INFO  AuxServices:350 - Got event APPLICATION_INIT for appId application_1573557098193_0001
datanode_3  | 2019-11-12 11:11:54,024 INFO impl.RaftServerImpl: 9fd2daeb-5ef9-4bb7-b994-da464ab0ff9e@group-FB002B23768D: changes role from CANDIDATE to FOLLOWER at term 2 for DISCOVERED_A_NEW_TERM
datanode_2  | 2019-11-12 11:11:48,424 INFO impl.LeaderElection: e9800b53-2e83-4dde-8f95-4a687ca6d0ac@group-FB002B23768D-LeaderElection2: Election REJECTED; received 2 response(s) [e9800b53-2e83-4dde-8f95-4a687ca6d0ac<-9fd2daeb-5ef9-4bb7-b994-da464ab0ff9e#0:FAIL-t1, e9800b53-2e83-4dde-8f95-4a687ca6d0ac<-cf6dca87-ba10-424c-a7a2-8ac8c675478a#0:FAIL-t1] and 0 exception(s); e9800b53-2e83-4dde-8f95-4a687ca6d0ac@group-FB002B23768D:t1, leader=null, voted=e9800b53-2e83-4dde-8f95-4a687ca6d0ac, raftlog=e9800b53-2e83-4dde-8f95-4a687ca6d0ac@group-FB002B23768D-SegmentedRaftLog:OPENED:c-1,f-1,i0, conf=-1: [9fd2daeb-5ef9-4bb7-b994-da464ab0ff9e:172.18.0.8:9858, e9800b53-2e83-4dde-8f95-4a687ca6d0ac:172.18.0.6:9858, cf6dca87-ba10-424c-a7a2-8ac8c675478a:172.18.0.5:9858], old=null
datanode_1  | 2019-11-12 11:11:48,293 INFO impl.LeaderElection: cf6dca87-ba10-424c-a7a2-8ac8c675478a@group-FB002B23768D-LeaderElection2: begin an election at term 1 for -1: [9fd2daeb-5ef9-4bb7-b994-da464ab0ff9e:172.18.0.8:9858, e9800b53-2e83-4dde-8f95-4a687ca6d0ac:172.18.0.6:9858, cf6dca87-ba10-424c-a7a2-8ac8c675478a:172.18.0.5:9858], old=null
rm_1        | 2019-11-12 11:11:38 INFO  Server:1149 - IPC Server listener on 8032: starting
nm_1        | 2019-11-12 11:12:51 INFO  AuxServices:354 - Got APPLICATION_INIT for service mapreduce_shuffle
datanode_3  | 2019-11-12 11:11:54,024 INFO impl.RoleInfo: 9fd2daeb-5ef9-4bb7-b994-da464ab0ff9e: shutdown LeaderElection
datanode_1  | 2019-11-12 11:11:48,453 INFO impl.LeaderElection: cf6dca87-ba10-424c-a7a2-8ac8c675478a@group-FB002B23768D-LeaderElection2: Election REJECTED; received 2 response(s) [cf6dca87-ba10-424c-a7a2-8ac8c675478a<-9fd2daeb-5ef9-4bb7-b994-da464ab0ff9e#0:FAIL-t1, cf6dca87-ba10-424c-a7a2-8ac8c675478a<-e9800b53-2e83-4dde-8f95-4a687ca6d0ac#0:FAIL-t1] and 0 exception(s); cf6dca87-ba10-424c-a7a2-8ac8c675478a@group-FB002B23768D:t1, leader=null, voted=cf6dca87-ba10-424c-a7a2-8ac8c675478a, raftlog=cf6dca87-ba10-424c-a7a2-8ac8c675478a@group-FB002B23768D-SegmentedRaftLog:OPENED:c-1,f-1,i0, conf=-1: [9fd2daeb-5ef9-4bb7-b994-da464ab0ff9e:172.18.0.8:9858, e9800b53-2e83-4dde-8f95-4a687ca6d0ac:172.18.0.6:9858, cf6dca87-ba10-424c-a7a2-8ac8c675478a:172.18.0.5:9858], old=null
nm_1        | 2019-11-12 11:12:51 INFO  ShuffleHandler:719 - Added token for job_1573557098193_0001
datanode_3  | 2019-11-12 11:11:54,024 INFO impl.RoleInfo: 9fd2daeb-5ef9-4bb7-b994-da464ab0ff9e: start FollowerState
datanode_2  | 2019-11-12 11:11:48,425 INFO impl.RaftServerImpl: e9800b53-2e83-4dde-8f95-4a687ca6d0ac@group-FB002B23768D: changes role from CANDIDATE to FOLLOWER at term 1 for DISCOVERED_A_NEW_TERM
rm_1        | 2019-11-12 11:11:38 INFO  ResourceManager:1279 - Transitioned to active state
nm_1        | 2019-11-12 11:12:51 INFO  ContainerImpl:2126 - Container container_1573557098193_0001_01_000002 transitioned from LOCALIZING to SCHEDULED
datanode_3  | 2019-11-12 11:11:59,110 INFO impl.RaftServerImpl: 9fd2daeb-5ef9-4bb7-b994-da464ab0ff9e@group-FB002B23768D: changes role from  FOLLOWER to FOLLOWER at term 3 for recognizeCandidate:cf6dca87-ba10-424c-a7a2-8ac8c675478a
rm_1        | 2019-11-12 11:11:39 INFO  ResourceTrackerService:495 - NodeManager from node nm(cmPort: 41914 httpPort: 8042) registered with capability: <memory:8192, vCores:8>, assigned nodeId nm:41914
datanode_2  | 2019-11-12 11:11:48,426 INFO impl.RoleInfo: e9800b53-2e83-4dde-8f95-4a687ca6d0ac: shutdown LeaderElection
datanode_1  | 2019-11-12 11:11:48,454 INFO impl.RaftServerImpl: cf6dca87-ba10-424c-a7a2-8ac8c675478a@group-FB002B23768D: changes role from CANDIDATE to FOLLOWER at term 1 for DISCOVERED_A_NEW_TERM
nm_1        | 2019-11-12 11:12:51 INFO  ContainerScheduler:511 - Starting container [container_1573557098193_0001_01_000002]
datanode_3  | 2019-11-12 11:11:59,111 INFO impl.RoleInfo: 9fd2daeb-5ef9-4bb7-b994-da464ab0ff9e: shutdown FollowerState
rm_1        | 2019-11-12 11:11:39 INFO  RMNodeImpl:671 - nm:41914 Node Transitioned from NEW to RUNNING
datanode_1  | 2019-11-12 11:11:48,455 INFO impl.RoleInfo: cf6dca87-ba10-424c-a7a2-8ac8c675478a: shutdown LeaderElection
nm_1        | 2019-11-12 11:12:51 INFO  Configuration:3318 - Removed undeclared tags:
datanode_3  | 2019-11-12 11:11:59,111 INFO impl.FollowerState: 9fd2daeb-5ef9-4bb7-b994-da464ab0ff9e@group-FB002B23768D-FollowerState was interrupted: java.lang.InterruptedException: sleep interrupted
rm_1        | 2019-11-12 11:11:39 INFO  CapacityScheduler:1866 - Added node nm:41914 clusterResource: <memory:8192, vCores:8>
datanode_2  | 2019-11-12 11:11:48,426 INFO impl.RoleInfo: e9800b53-2e83-4dde-8f95-4a687ca6d0ac: start FollowerState
datanode_1  | 2019-11-12 11:11:48,455 INFO impl.RoleInfo: cf6dca87-ba10-424c-a7a2-8ac8c675478a: start FollowerState
nm_1        | 2019-11-12 11:12:51 INFO  ContainerImpl:2126 - Container container_1573557098193_0001_01_000002 transitioned from SCHEDULED to RUNNING
rm_1        | 2019-11-12 11:12:35 INFO  ClientRMService:341 - Allocated new applicationId: 1
datanode_3  | 2019-11-12 11:11:59,111 INFO impl.RoleInfo: 9fd2daeb-5ef9-4bb7-b994-da464ab0ff9e: start FollowerState
datanode_2  | 2019-11-12 11:11:53,451 INFO impl.FollowerState: e9800b53-2e83-4dde-8f95-4a687ca6d0ac@group-FB002B23768D-FollowerState: change to CANDIDATE, lastRpcTime:5024ms, electionTimeout:5024ms
datanode_1  | 2019-11-12 11:11:53,483 INFO impl.FollowerState: cf6dca87-ba10-424c-a7a2-8ac8c675478a@group-FB002B23768D-FollowerState: change to CANDIDATE, lastRpcTime:5028ms, electionTimeout:5028ms
nm_1        | 2019-11-12 11:12:51 INFO  ContainersMonitorImpl:943 - Starting resource-monitoring for container_1573557098193_0001_01_000002
rm_1        | 2019-11-12 11:12:37 INFO  CapacityScheduler:2500 - Application 'application_1573557098193_0001' is submitted without priority hence considering default queue/cluster priority: 0
datanode_3  | 2019-11-12 11:11:59,229 INFO impl.RaftServerImpl: 9fd2daeb-5ef9-4bb7-b994-da464ab0ff9e@group-FB002B23768D: change Leader from null to cf6dca87-ba10-424c-a7a2-8ac8c675478a at term 3 for appendEntries, leader elected after 16053ms
datanode_3  | 2019-11-12 11:11:59,253 INFO impl.RaftServerImpl: 9fd2daeb-5ef9-4bb7-b994-da464ab0ff9e@group-FB002B23768D: set configuration 0: [9fd2daeb-5ef9-4bb7-b994-da464ab0ff9e:172.18.0.8:9858, e9800b53-2e83-4dde-8f95-4a687ca6d0ac:172.18.0.6:9858, cf6dca87-ba10-424c-a7a2-8ac8c675478a:172.18.0.5:9858], old=null at 0
datanode_3  | 2019-11-12 11:11:59,253 INFO segmented.SegmentedRaftLogWorker: 9fd2daeb-5ef9-4bb7-b994-da464ab0ff9e@group-FB002B23768D-SegmentedRaftLogWorker: Starting segment from index:0
datanode_2  | 2019-11-12 11:11:53,452 INFO impl.RoleInfo: e9800b53-2e83-4dde-8f95-4a687ca6d0ac: shutdown FollowerState
rm_1        | 2019-11-12 11:12:37 INFO  CapacityScheduler:2521 - Priority '0' is acceptable in queue : default for application: application_1573557098193_0001
datanode_1  | 2019-11-12 11:11:53,485 INFO impl.RoleInfo: cf6dca87-ba10-424c-a7a2-8ac8c675478a: shutdown FollowerState
datanode_3  | 2019-11-12 11:11:59,304 INFO segmented.SegmentedRaftLogWorker: 9fd2daeb-5ef9-4bb7-b994-da464ab0ff9e@group-FB002B23768D-SegmentedRaftLogWorker: created new log segment /data/metadata/ratis/948969cd-3efd-4343-bbd8-fb002b23768d/current/log_inprogress_0
datanode_2  | 2019-11-12 11:11:53,452 INFO impl.RaftServerImpl: e9800b53-2e83-4dde-8f95-4a687ca6d0ac@group-FB002B23768D: changes role from  FOLLOWER to CANDIDATE at term 1 for changeToCandidate
rm_1        | 2019-11-12 11:12:37 INFO  ClientRMService:650 - Application with id 1 submitted by user hadoop
datanode_1  | 2019-11-12 11:11:53,485 INFO impl.RaftServerImpl: cf6dca87-ba10-424c-a7a2-8ac8c675478a@group-FB002B23768D: changes role from  FOLLOWER to CANDIDATE at term 1 for changeToCandidate
nm_1        | 2019-11-12 11:12:51 INFO  DefaultContainerExecutor:370 - launchContainer: [bash, /tmp/hadoop-hadoop/nm-local-dir/usercache/hadoop/appcache/application_1573557098193_0001/container_1573557098193_0001_01_000002/default_container_executor.sh]
rm_1        | 2019-11-12 11:12:37 INFO  RMAppImpl:1259 - Storing application with id application_1573557098193_0001
datanode_2  | 2019-11-12 11:11:53,452 INFO impl.RoleInfo: e9800b53-2e83-4dde-8f95-4a687ca6d0ac: start LeaderElection
datanode_1  | 2019-11-12 11:11:53,485 INFO impl.RoleInfo: cf6dca87-ba10-424c-a7a2-8ac8c675478a: start LeaderElection
nm_1        | 2019-11-12 11:12:53 INFO  ContainersMonitorImpl:567 - container_1573557098193_0001_01_000002's ip = 172.18.0.4, and hostname = nm
rm_1        | 2019-11-12 11:12:37 INFO  RMAuditLogger:310 - USER=hadoop	IP=172.18.0.9	OPERATION=Submit Application Request	TARGET=ClientRMService	RESULT=SUCCESS	APPID=application_1573557098193_0001	CALLERCONTEXT=CLI	QUEUENAME=default
datanode_2  | 2019-11-12 11:11:53,960 INFO impl.LeaderElection: e9800b53-2e83-4dde-8f95-4a687ca6d0ac@group-FB002B23768D-LeaderElection3: begin an election at term 2 for -1: [9fd2daeb-5ef9-4bb7-b994-da464ab0ff9e:172.18.0.8:9858, e9800b53-2e83-4dde-8f95-4a687ca6d0ac:172.18.0.6:9858, cf6dca87-ba10-424c-a7a2-8ac8c675478a:172.18.0.5:9858], old=null
datanode_1  | 2019-11-12 11:11:53,960 INFO impl.LeaderElection: cf6dca87-ba10-424c-a7a2-8ac8c675478a@group-FB002B23768D-LeaderElection3: begin an election at term 2 for -1: [9fd2daeb-5ef9-4bb7-b994-da464ab0ff9e:172.18.0.8:9858, e9800b53-2e83-4dde-8f95-4a687ca6d0ac:172.18.0.6:9858, cf6dca87-ba10-424c-a7a2-8ac8c675478a:172.18.0.5:9858], old=null
nm_1        | 2019-11-12 11:12:56 INFO  ContainersMonitorImpl:468 - Skipping monitoring container container_1573557098193_0001_01_000002 since CPU usage is not yet available.
rm_1        | 2019-11-12 11:12:37 INFO  RMStateStore:222 - Storing info for app: application_1573557098193_0001
datanode_2  | 2019-11-12 11:11:54,020 INFO impl.LeaderElection: e9800b53-2e83-4dde-8f95-4a687ca6d0ac@group-FB002B23768D-LeaderElection3: Election REJECTED; received 2 response(s) [e9800b53-2e83-4dde-8f95-4a687ca6d0ac<-9fd2daeb-5ef9-4bb7-b994-da464ab0ff9e#0:FAIL-t2, e9800b53-2e83-4dde-8f95-4a687ca6d0ac<-cf6dca87-ba10-424c-a7a2-8ac8c675478a#0:FAIL-t2] and 0 exception(s); e9800b53-2e83-4dde-8f95-4a687ca6d0ac@group-FB002B23768D:t2, leader=null, voted=e9800b53-2e83-4dde-8f95-4a687ca6d0ac, raftlog=e9800b53-2e83-4dde-8f95-4a687ca6d0ac@group-FB002B23768D-SegmentedRaftLog:OPENED:c-1,f-1,i0, conf=-1: [9fd2daeb-5ef9-4bb7-b994-da464ab0ff9e:172.18.0.8:9858, e9800b53-2e83-4dde-8f95-4a687ca6d0ac:172.18.0.6:9858, cf6dca87-ba10-424c-a7a2-8ac8c675478a:172.18.0.5:9858], old=null
datanode_1  | 2019-11-12 11:11:54,023 INFO impl.LeaderElection: cf6dca87-ba10-424c-a7a2-8ac8c675478a@group-FB002B23768D-LeaderElection3: Election REJECTED; received 2 response(s) [cf6dca87-ba10-424c-a7a2-8ac8c675478a<-9fd2daeb-5ef9-4bb7-b994-da464ab0ff9e#0:FAIL-t2, cf6dca87-ba10-424c-a7a2-8ac8c675478a<-e9800b53-2e83-4dde-8f95-4a687ca6d0ac#0:FAIL-t2] and 0 exception(s); cf6dca87-ba10-424c-a7a2-8ac8c675478a@group-FB002B23768D:t2, leader=null, voted=cf6dca87-ba10-424c-a7a2-8ac8c675478a, raftlog=cf6dca87-ba10-424c-a7a2-8ac8c675478a@group-FB002B23768D-SegmentedRaftLog:OPENED:c-1,f-1,i0, conf=-1: [9fd2daeb-5ef9-4bb7-b994-da464ab0ff9e:172.18.0.8:9858, e9800b53-2e83-4dde-8f95-4a687ca6d0ac:172.18.0.6:9858, cf6dca87-ba10-424c-a7a2-8ac8c675478a:172.18.0.5:9858], old=null
rm_1        | 2019-11-12 11:12:37 INFO  RMAppImpl:912 - application_1573557098193_0001 State change from NEW to NEW_SAVING on event = START
datanode_2  | 2019-11-12 11:11:54,020 INFO impl.RaftServerImpl: e9800b53-2e83-4dde-8f95-4a687ca6d0ac@group-FB002B23768D: changes role from CANDIDATE to FOLLOWER at term 2 for DISCOVERED_A_NEW_TERM
nm_1        | 2019-11-12 11:12:56 INFO  ContainerLaunch:589 - Container container_1573557098193_0001_01_000002 succeeded 
datanode_1  | 2019-11-12 11:11:54,024 INFO impl.RaftServerImpl: cf6dca87-ba10-424c-a7a2-8ac8c675478a@group-FB002B23768D: changes role from CANDIDATE to FOLLOWER at term 2 for DISCOVERED_A_NEW_TERM
rm_1        | 2019-11-12 11:12:37 INFO  RMAppImpl:912 - application_1573557098193_0001 State change from NEW_SAVING to SUBMITTED on event = APP_NEW_SAVED
datanode_2  | 2019-11-12 11:11:54,020 INFO impl.RoleInfo: e9800b53-2e83-4dde-8f95-4a687ca6d0ac: shutdown LeaderElection
nm_1        | 2019-11-12 11:12:56 INFO  ContainerImpl:2126 - Container container_1573557098193_0001_01_000002 transitioned from RUNNING to EXITED_WITH_SUCCESS
datanode_1  | 2019-11-12 11:11:54,024 INFO impl.RoleInfo: cf6dca87-ba10-424c-a7a2-8ac8c675478a: shutdown LeaderElection
rm_1        | 2019-11-12 11:12:37 INFO  ParentQueue:494 - Application added - appId: application_1573557098193_0001 user: hadoop leaf-queue of parent: root #applications: 1
datanode_2  | 2019-11-12 11:11:54,021 INFO impl.RoleInfo: e9800b53-2e83-4dde-8f95-4a687ca6d0ac: start FollowerState
nm_1        | 2019-11-12 11:12:56 INFO  ContainerLaunch:745 - Cleaning up container container_1573557098193_0001_01_000002
datanode_1  | 2019-11-12 11:11:54,024 INFO impl.RoleInfo: cf6dca87-ba10-424c-a7a2-8ac8c675478a: start FollowerState
rm_1        | 2019-11-12 11:12:37 INFO  CapacityScheduler:954 - Accepted application application_1573557098193_0001 from user: hadoop, in queue: default
datanode_2  | 2019-11-12 11:11:59,082 INFO impl.FollowerState: e9800b53-2e83-4dde-8f95-4a687ca6d0ac@group-FB002B23768D-FollowerState: change to CANDIDATE, lastRpcTime:5061ms, electionTimeout:5060ms
nm_1        | 2019-11-12 11:12:56 INFO  Configuration:3318 - Removed undeclared tags:
datanode_1  | 2019-11-12 11:11:59,051 INFO impl.FollowerState: cf6dca87-ba10-424c-a7a2-8ac8c675478a@group-FB002B23768D-FollowerState: change to CANDIDATE, lastRpcTime:5026ms, electionTimeout:5026ms
rm_1        | 2019-11-12 11:12:37 INFO  RMAppImpl:912 - application_1573557098193_0001 State change from SUBMITTED to ACCEPTED on event = APP_ACCEPTED
datanode_2  | 2019-11-12 11:11:59,083 INFO impl.RoleInfo: e9800b53-2e83-4dde-8f95-4a687ca6d0ac: shutdown FollowerState
nm_1        | 2019-11-12 11:12:56 INFO  DefaultContainerExecutor:634 - Deleting absolute path : /tmp/hadoop-hadoop/nm-local-dir/usercache/hadoop/appcache/application_1573557098193_0001/container_1573557098193_0001_01_000002/launch_container.sh
rm_1        | 2019-11-12 11:12:37 INFO  ApplicationMasterService:479 - Registering app attempt : appattempt_1573557098193_0001_000001
datanode_1  | 2019-11-12 11:11:59,052 INFO impl.RoleInfo: cf6dca87-ba10-424c-a7a2-8ac8c675478a: shutdown FollowerState
datanode_2  | 2019-11-12 11:11:59,083 INFO impl.RaftServerImpl: e9800b53-2e83-4dde-8f95-4a687ca6d0ac@group-FB002B23768D: changes role from  FOLLOWER to CANDIDATE at term 2 for changeToCandidate
nm_1        | 2019-11-12 11:12:56 INFO  DefaultContainerExecutor:634 - Deleting absolute path : /tmp/hadoop-hadoop/nm-local-dir/usercache/hadoop/appcache/application_1573557098193_0001/container_1573557098193_0001_01_000002/container_tokens
rm_1        | 2019-11-12 11:12:37 INFO  RMAppAttemptImpl:927 - appattempt_1573557098193_0001_000001 State change from NEW to SUBMITTED on event = START
datanode_1  | 2019-11-12 11:11:59,052 INFO impl.RaftServerImpl: cf6dca87-ba10-424c-a7a2-8ac8c675478a@group-FB002B23768D: changes role from  FOLLOWER to CANDIDATE at term 2 for changeToCandidate
datanode_2  | 2019-11-12 11:11:59,083 INFO impl.RoleInfo: e9800b53-2e83-4dde-8f95-4a687ca6d0ac: start LeaderElection
nm_1        | 2019-11-12 11:12:56 INFO  NMAuditLogger:94 - USER=hadoop	OPERATION=Container Finished - Succeeded	TARGET=ContainerImpl	RESULT=SUCCESS	APPID=application_1573557098193_0001	CONTAINERID=container_1573557098193_0001_01_000002
