datanode_3  | 2019-11-08 08:57:08,356 INFO segmented.SegmentedRaftLogWorker: c3df0548-ad6c-48c5-aa77-42b43b4262c6@group-473380E9DAD2-SegmentedRaftLogWorker: Starting segment from index:0
datanode_1  | 2019-11-08 08:57:07,829 INFO server.RaftServerConfigKeys: raft.server.staging.catchup.gap = 1000 (default)
datanode_2  | 2019-11-08 08:57:08,458 INFO impl.RoleInfo: e4f8d4b9-81c9-4df4-a3ef-8cac07702e7c: shutdown FollowerState
datanode_3  | 2019-11-08 08:57:08,368 INFO impl.RaftServerImpl: c3df0548-ad6c-48c5-aa77-42b43b4262c6@group-473380E9DAD2: set configuration 0: [c3df0548-ad6c-48c5-aa77-42b43b4262c6:172.18.0.7:9858], old=null at 0
datanode_1  | 2019-11-08 08:57:07,830 INFO server.RaftServerConfigKeys: raft.server.rpc.sleep.time = 25ms (default)
datanode_2  | 2019-11-08 08:57:08,458 INFO impl.RaftServerImpl: e4f8d4b9-81c9-4df4-a3ef-8cac07702e7c@group-EB60DDD79CDB: changes role from  FOLLOWER to CANDIDATE at term 0 for changeToCandidate
datanode_3  | 2019-11-08 08:57:08,494 INFO segmented.SegmentedRaftLogWorker: c3df0548-ad6c-48c5-aa77-42b43b4262c6@group-473380E9DAD2-SegmentedRaftLogWorker: created new log segment /data/metadata/ratis/7914d21d-bd4d-4d2e-afe8-473380e9dad2/current/log_inprogress_0
datanode_1  | 2019-11-08 08:57:07,833 INFO server.RaftServerConfigKeys: raft.server.write.element-limit = 4096 (default)
datanode_2  | 2019-11-08 08:57:08,458 INFO impl.RoleInfo: e4f8d4b9-81c9-4df4-a3ef-8cac07702e7c: start LeaderElection
datanode_1  | 2019-11-08 08:57:07,838 INFO server.RaftServerConfigKeys: raft.server.watch.timeout = 10s (default)
datanode_2  | 2019-11-08 08:57:08,473 INFO impl.LeaderElection: e4f8d4b9-81c9-4df4-a3ef-8cac07702e7c@group-EB60DDD79CDB-LeaderElection2: begin an election at term 1 for -1: [e4f8d4b9-81c9-4df4-a3ef-8cac07702e7c:172.18.0.5:9858, 79cbb9a9-3140-4688-b92f-de17779ed454:172.18.0.6:9858, c3df0548-ad6c-48c5-aa77-42b43b4262c6:172.18.0.7:9858], old=null
datanode_3  | 2019-11-08 08:57:08,502 INFO impl.FollowerState: c3df0548-ad6c-48c5-aa77-42b43b4262c6@group-EB60DDD79CDB-FollowerState: change to CANDIDATE, lastRpcTime:5142ms, electionTimeout:5142ms
datanode_1  | 2019-11-08 08:57:07,838 INFO server.RaftServerConfigKeys: raft.server.watch.timeout.denomination = 1s (default)
datanode_2  | 2019-11-08 08:57:08,652 INFO impl.LeaderElection: e4f8d4b9-81c9-4df4-a3ef-8cac07702e7c@group-EB60DDD79CDB-LeaderElection2: Election REJECTED; received 2 response(s) [e4f8d4b9-81c9-4df4-a3ef-8cac07702e7c<-79cbb9a9-3140-4688-b92f-de17779ed454#0:FAIL-t1, e4f8d4b9-81c9-4df4-a3ef-8cac07702e7c<-c3df0548-ad6c-48c5-aa77-42b43b4262c6#0:FAIL-t1] and 0 exception(s); e4f8d4b9-81c9-4df4-a3ef-8cac07702e7c@group-EB60DDD79CDB:t1, leader=null, voted=e4f8d4b9-81c9-4df4-a3ef-8cac07702e7c, raftlog=e4f8d4b9-81c9-4df4-a3ef-8cac07702e7c@group-EB60DDD79CDB-SegmentedRaftLog:OPENED:c-1,f-1,i0, conf=-1: [e4f8d4b9-81c9-4df4-a3ef-8cac07702e7c:172.18.0.5:9858, 79cbb9a9-3140-4688-b92f-de17779ed454:172.18.0.6:9858, c3df0548-ad6c-48c5-aa77-42b43b4262c6:172.18.0.7:9858], old=null
datanode_3  | 2019-11-08 08:57:08,502 INFO impl.RoleInfo: c3df0548-ad6c-48c5-aa77-42b43b4262c6: shutdown FollowerState
datanode_1  | 2019-11-08 08:57:07,839 INFO server.RaftServerConfigKeys: raft.server.watch.element-limit = 65536 (default)
datanode_2  | 2019-11-08 08:57:08,653 INFO impl.RaftServerImpl: e4f8d4b9-81c9-4df4-a3ef-8cac07702e7c@group-EB60DDD79CDB: changes role from CANDIDATE to FOLLOWER at term 1 for DISCOVERED_A_NEW_TERM
datanode_3  | 2019-11-08 08:57:08,502 INFO impl.RaftServerImpl: c3df0548-ad6c-48c5-aa77-42b43b4262c6@group-EB60DDD79CDB: changes role from  FOLLOWER to CANDIDATE at term 0 for changeToCandidate
datanode_2  | 2019-11-08 08:57:08,653 INFO impl.RoleInfo: e4f8d4b9-81c9-4df4-a3ef-8cac07702e7c: shutdown LeaderElection
datanode_1  | 2019-11-08 08:57:07,846 INFO impl.RoleInfo: 79cbb9a9-3140-4688-b92f-de17779ed454: start LeaderState
datanode_3  | 2019-11-08 08:57:08,502 INFO impl.RoleInfo: c3df0548-ad6c-48c5-aa77-42b43b4262c6: start LeaderElection
datanode_2  | 2019-11-08 08:57:08,653 INFO impl.RoleInfo: e4f8d4b9-81c9-4df4-a3ef-8cac07702e7c: start FollowerState
datanode_1  | 2019-11-08 08:57:07,864 INFO segmented.SegmentedRaftLogWorker: 79cbb9a9-3140-4688-b92f-de17779ed454@group-802181359C27-SegmentedRaftLogWorker: Starting segment from index:0
datanode_3  | 2019-11-08 08:57:08,521 INFO impl.LeaderElection: c3df0548-ad6c-48c5-aa77-42b43b4262c6@group-EB60DDD79CDB-LeaderElection2: begin an election at term 1 for -1: [e4f8d4b9-81c9-4df4-a3ef-8cac07702e7c:172.18.0.5:9858, 79cbb9a9-3140-4688-b92f-de17779ed454:172.18.0.6:9858, c3df0548-ad6c-48c5-aa77-42b43b4262c6:172.18.0.7:9858], old=null
datanode_2  | 2019-11-08 08:57:13,668 INFO impl.RaftServerImpl: e4f8d4b9-81c9-4df4-a3ef-8cac07702e7c@group-EB60DDD79CDB: changes role from  FOLLOWER to FOLLOWER at term 2 for recognizeCandidate:79cbb9a9-3140-4688-b92f-de17779ed454
datanode_1  | 2019-11-08 08:57:07,873 INFO impl.RaftServerImpl: 79cbb9a9-3140-4688-b92f-de17779ed454@group-802181359C27: set configuration 0: [79cbb9a9-3140-4688-b92f-de17779ed454:172.18.0.6:9858], old=null at 0
datanode_3  | 2019-11-08 08:57:08,680 INFO impl.LeaderElection: c3df0548-ad6c-48c5-aa77-42b43b4262c6@group-EB60DDD79CDB-LeaderElection2: Election REJECTED; received 2 response(s) [c3df0548-ad6c-48c5-aa77-42b43b4262c6<-e4f8d4b9-81c9-4df4-a3ef-8cac07702e7c#0:FAIL-t1, c3df0548-ad6c-48c5-aa77-42b43b4262c6<-79cbb9a9-3140-4688-b92f-de17779ed454#0:FAIL-t1] and 0 exception(s); c3df0548-ad6c-48c5-aa77-42b43b4262c6@group-EB60DDD79CDB:t1, leader=null, voted=c3df0548-ad6c-48c5-aa77-42b43b4262c6, raftlog=c3df0548-ad6c-48c5-aa77-42b43b4262c6@group-EB60DDD79CDB-SegmentedRaftLog:OPENED:c-1,f-1,i0, conf=-1: [e4f8d4b9-81c9-4df4-a3ef-8cac07702e7c:172.18.0.5:9858, 79cbb9a9-3140-4688-b92f-de17779ed454:172.18.0.6:9858, c3df0548-ad6c-48c5-aa77-42b43b4262c6:172.18.0.7:9858], old=null
datanode_2  | 2019-11-08 08:57:13,668 INFO impl.RoleInfo: e4f8d4b9-81c9-4df4-a3ef-8cac07702e7c: shutdown FollowerState
datanode_1  | 2019-11-08 08:57:07,976 INFO segmented.SegmentedRaftLogWorker: 79cbb9a9-3140-4688-b92f-de17779ed454@group-802181359C27-SegmentedRaftLogWorker: created new log segment /data/metadata/ratis/f280e9ef-a373-4519-8f02-802181359c27/current/log_inprogress_0
datanode_3  | 2019-11-08 08:57:08,681 INFO impl.RaftServerImpl: c3df0548-ad6c-48c5-aa77-42b43b4262c6@group-EB60DDD79CDB: changes role from CANDIDATE to FOLLOWER at term 1 for DISCOVERED_A_NEW_TERM
datanode_2  | 2019-11-08 08:57:13,668 INFO impl.RoleInfo: e4f8d4b9-81c9-4df4-a3ef-8cac07702e7c: start FollowerState
datanode_1  | 2019-11-08 08:57:08,388 INFO impl.FollowerState: 79cbb9a9-3140-4688-b92f-de17779ed454@group-EB60DDD79CDB-FollowerState: change to CANDIDATE, lastRpcTime:5052ms, electionTimeout:5052ms
datanode_3  | 2019-11-08 08:57:08,681 INFO impl.RoleInfo: c3df0548-ad6c-48c5-aa77-42b43b4262c6: shutdown LeaderElection
datanode_2  | 2019-11-08 08:57:13,669 INFO impl.FollowerState: e4f8d4b9-81c9-4df4-a3ef-8cac07702e7c@group-EB60DDD79CDB-FollowerState was interrupted: java.lang.InterruptedException: sleep interrupted
datanode_1  | 2019-11-08 08:57:08,389 INFO impl.RoleInfo: 79cbb9a9-3140-4688-b92f-de17779ed454: shutdown FollowerState
datanode_3  | 2019-11-08 08:57:08,681 INFO impl.RoleInfo: c3df0548-ad6c-48c5-aa77-42b43b4262c6: start FollowerState
datanode_2  | 2019-11-08 08:57:13,758 INFO impl.RaftServerImpl: e4f8d4b9-81c9-4df4-a3ef-8cac07702e7c@group-EB60DDD79CDB: change Leader from null to 79cbb9a9-3140-4688-b92f-de17779ed454 at term 2 for appendEntries, leader elected after 10402ms
datanode_1  | 2019-11-08 08:57:08,389 INFO impl.RaftServerImpl: 79cbb9a9-3140-4688-b92f-de17779ed454@group-EB60DDD79CDB: changes role from  FOLLOWER to CANDIDATE at term 0 for changeToCandidate
datanode_3  | 2019-11-08 08:57:13,662 INFO impl.RaftServerImpl: c3df0548-ad6c-48c5-aa77-42b43b4262c6@group-EB60DDD79CDB: changes role from  FOLLOWER to FOLLOWER at term 2 for recognizeCandidate:79cbb9a9-3140-4688-b92f-de17779ed454
datanode_2  | 2019-11-08 08:57:13,778 INFO impl.RaftServerImpl: e4f8d4b9-81c9-4df4-a3ef-8cac07702e7c@group-EB60DDD79CDB: set configuration 0: [e4f8d4b9-81c9-4df4-a3ef-8cac07702e7c:172.18.0.5:9858, 79cbb9a9-3140-4688-b92f-de17779ed454:172.18.0.6:9858, c3df0548-ad6c-48c5-aa77-42b43b4262c6:172.18.0.7:9858], old=null at 0
datanode_1  | 2019-11-08 08:57:08,390 INFO impl.RoleInfo: 79cbb9a9-3140-4688-b92f-de17779ed454: start LeaderElection
datanode_3  | 2019-11-08 08:57:13,662 INFO impl.RoleInfo: c3df0548-ad6c-48c5-aa77-42b43b4262c6: shutdown FollowerState
datanode_2  | 2019-11-08 08:57:13,778 INFO segmented.SegmentedRaftLogWorker: e4f8d4b9-81c9-4df4-a3ef-8cac07702e7c@group-EB60DDD79CDB-SegmentedRaftLogWorker: Starting segment from index:0
datanode_1  | 2019-11-08 08:57:08,419 INFO impl.LeaderElection: 79cbb9a9-3140-4688-b92f-de17779ed454@group-EB60DDD79CDB-LeaderElection2: begin an election at term 1 for -1: [e4f8d4b9-81c9-4df4-a3ef-8cac07702e7c:172.18.0.5:9858, 79cbb9a9-3140-4688-b92f-de17779ed454:172.18.0.6:9858, c3df0548-ad6c-48c5-aa77-42b43b4262c6:172.18.0.7:9858], old=null
datanode_3  | 2019-11-08 08:57:13,662 INFO impl.FollowerState: c3df0548-ad6c-48c5-aa77-42b43b4262c6@group-EB60DDD79CDB-FollowerState was interrupted: java.lang.InterruptedException: sleep interrupted
datanode_2  | 2019-11-08 08:57:13,824 INFO segmented.SegmentedRaftLogWorker: e4f8d4b9-81c9-4df4-a3ef-8cac07702e7c@group-EB60DDD79CDB-SegmentedRaftLogWorker: created new log segment /data/metadata/ratis/1346f75f-f33e-40a4-be66-eb60ddd79cdb/current/log_inprogress_0
datanode_1  | 2019-11-08 08:57:08,597 INFO impl.LeaderElection: 79cbb9a9-3140-4688-b92f-de17779ed454@group-EB60DDD79CDB-LeaderElection2: Election REJECTED; received 2 response(s) [79cbb9a9-3140-4688-b92f-de17779ed454<-e4f8d4b9-81c9-4df4-a3ef-8cac07702e7c#0:FAIL-t1, 79cbb9a9-3140-4688-b92f-de17779ed454<-c3df0548-ad6c-48c5-aa77-42b43b4262c6#0:FAIL-t1] and 0 exception(s); 79cbb9a9-3140-4688-b92f-de17779ed454@group-EB60DDD79CDB:t1, leader=null, voted=79cbb9a9-3140-4688-b92f-de17779ed454, raftlog=79cbb9a9-3140-4688-b92f-de17779ed454@group-EB60DDD79CDB-SegmentedRaftLog:OPENED:c-1,f-1,i0, conf=-1: [e4f8d4b9-81c9-4df4-a3ef-8cac07702e7c:172.18.0.5:9858, 79cbb9a9-3140-4688-b92f-de17779ed454:172.18.0.6:9858, c3df0548-ad6c-48c5-aa77-42b43b4262c6:172.18.0.7:9858], old=null
datanode_3  | 2019-11-08 08:57:13,662 INFO impl.RoleInfo: c3df0548-ad6c-48c5-aa77-42b43b4262c6: start FollowerState
datanode_3  | 2019-11-08 08:57:13,757 INFO impl.RaftServerImpl: c3df0548-ad6c-48c5-aa77-42b43b4262c6@group-EB60DDD79CDB: change Leader from null to 79cbb9a9-3140-4688-b92f-de17779ed454 at term 2 for appendEntries, leader elected after 10402ms
datanode_1  | 2019-11-08 08:57:08,598 INFO impl.RaftServerImpl: 79cbb9a9-3140-4688-b92f-de17779ed454@group-EB60DDD79CDB: changes role from CANDIDATE to FOLLOWER at term 1 for DISCOVERED_A_NEW_TERM
datanode_3  | 2019-11-08 08:57:13,778 INFO impl.RaftServerImpl: c3df0548-ad6c-48c5-aa77-42b43b4262c6@group-EB60DDD79CDB: set configuration 0: [e4f8d4b9-81c9-4df4-a3ef-8cac07702e7c:172.18.0.5:9858, 79cbb9a9-3140-4688-b92f-de17779ed454:172.18.0.6:9858, c3df0548-ad6c-48c5-aa77-42b43b4262c6:172.18.0.7:9858], old=null at 0
datanode_3  | 2019-11-08 08:57:13,779 INFO segmented.SegmentedRaftLogWorker: c3df0548-ad6c-48c5-aa77-42b43b4262c6@group-EB60DDD79CDB-SegmentedRaftLogWorker: Starting segment from index:0
datanode_1  | 2019-11-08 08:57:08,598 INFO impl.RoleInfo: 79cbb9a9-3140-4688-b92f-de17779ed454: shutdown LeaderElection
datanode_1  | 2019-11-08 08:57:08,598 INFO impl.RoleInfo: 79cbb9a9-3140-4688-b92f-de17779ed454: start FollowerState
datanode_3  | 2019-11-08 08:57:13,824 INFO segmented.SegmentedRaftLogWorker: c3df0548-ad6c-48c5-aa77-42b43b4262c6@group-EB60DDD79CDB-SegmentedRaftLogWorker: created new log segment /data/metadata/ratis/1346f75f-f33e-40a4-be66-eb60ddd79cdb/current/log_inprogress_0
datanode_1  | 2019-11-08 08:57:13,610 INFO impl.FollowerState: 79cbb9a9-3140-4688-b92f-de17779ed454@group-EB60DDD79CDB-FollowerState: change to CANDIDATE, lastRpcTime:5011ms, electionTimeout:5011ms
datanode_1  | 2019-11-08 08:57:13,612 INFO impl.RoleInfo: 79cbb9a9-3140-4688-b92f-de17779ed454: shutdown FollowerState
datanode_1  | 2019-11-08 08:57:13,613 INFO impl.RaftServerImpl: 79cbb9a9-3140-4688-b92f-de17779ed454@group-EB60DDD79CDB: changes role from  FOLLOWER to CANDIDATE at term 1 for changeToCandidate
datanode_1  | 2019-11-08 08:57:13,613 INFO impl.RoleInfo: 79cbb9a9-3140-4688-b92f-de17779ed454: start LeaderElection
datanode_1  | 2019-11-08 08:57:13,639 INFO impl.LeaderElection: 79cbb9a9-3140-4688-b92f-de17779ed454@group-EB60DDD79CDB-LeaderElection3: begin an election at term 2 for -1: [e4f8d4b9-81c9-4df4-a3ef-8cac07702e7c:172.18.0.5:9858, 79cbb9a9-3140-4688-b92f-de17779ed454:172.18.0.6:9858, c3df0548-ad6c-48c5-aa77-42b43b4262c6:172.18.0.7:9858], old=null
datanode_1  | 2019-11-08 08:57:13,691 INFO impl.LeaderElection: 79cbb9a9-3140-4688-b92f-de17779ed454@group-EB60DDD79CDB-LeaderElection3: Election PASSED; received 1 response(s) [79cbb9a9-3140-4688-b92f-de17779ed454<-e4f8d4b9-81c9-4df4-a3ef-8cac07702e7c#0:OK-t2] and 0 exception(s); 79cbb9a9-3140-4688-b92f-de17779ed454@group-EB60DDD79CDB:t2, leader=null, voted=79cbb9a9-3140-4688-b92f-de17779ed454, raftlog=79cbb9a9-3140-4688-b92f-de17779ed454@group-EB60DDD79CDB-SegmentedRaftLog:OPENED:c-1,f-1,i0, conf=-1: [e4f8d4b9-81c9-4df4-a3ef-8cac07702e7c:172.18.0.5:9858, 79cbb9a9-3140-4688-b92f-de17779ed454:172.18.0.6:9858, c3df0548-ad6c-48c5-aa77-42b43b4262c6:172.18.0.7:9858], old=null
datanode_1  | 2019-11-08 08:57:13,691 INFO impl.RoleInfo: 79cbb9a9-3140-4688-b92f-de17779ed454: shutdown LeaderElection
datanode_1  | 2019-11-08 08:57:13,691 INFO impl.RaftServerImpl: 79cbb9a9-3140-4688-b92f-de17779ed454@group-EB60DDD79CDB: changes role from CANDIDATE to LEADER at term 2 for changeToLeader
datanode_1  | 2019-11-08 08:57:13,691 INFO impl.RaftServerImpl: 79cbb9a9-3140-4688-b92f-de17779ed454@group-EB60DDD79CDB: change Leader from null to 79cbb9a9-3140-4688-b92f-de17779ed454 at term 2 for becomeLeader, leader elected after 10359ms
datanode_1  | 2019-11-08 08:57:13,691 INFO server.RaftServerConfigKeys: raft.server.staging.catchup.gap = 1000 (default)
datanode_1  | 2019-11-08 08:57:13,691 INFO server.RaftServerConfigKeys: raft.server.rpc.sleep.time = 25ms (default)
datanode_1  | 2019-11-08 08:57:13,692 INFO server.RaftServerConfigKeys: raft.server.write.element-limit = 4096 (default)
datanode_1  | 2019-11-08 08:57:13,692 INFO server.RaftServerConfigKeys: raft.server.watch.timeout = 10s (default)
datanode_1  | 2019-11-08 08:57:13,692 INFO server.RaftServerConfigKeys: raft.server.watch.timeout.denomination = 1s (default)
datanode_1  | 2019-11-08 08:57:13,692 INFO server.RaftServerConfigKeys: raft.server.watch.element-limit = 65536 (default)
datanode_1  | 2019-11-08 08:57:13,694 INFO server.RaftServerConfigKeys: raft.server.log.appender.snapshot.chunk.size.max = 16MB (=16777216) (default)
datanode_1  | 2019-11-08 08:57:13,695 INFO server.RaftServerConfigKeys: raft.server.log.appender.buffer.byte-limit = 33554432 (custom)
datanode_1  | 2019-11-08 08:57:13,695 INFO server.RaftServerConfigKeys: raft.server.log.appender.buffer.element-limit = 1 (custom)
datanode_1  | 2019-11-08 08:57:13,697 INFO grpc.GrpcConfigKeys$Server: raft.grpc.server.leader.outstanding.appends.max = 128 (default)
datanode_1  | 2019-11-08 08:57:13,698 INFO server.RaftServerConfigKeys: raft.server.rpc.request.timeout = 3000ms (default)
datanode_1  | 2019-11-08 08:57:13,698 INFO server.RaftServerConfigKeys: raft.server.log.appender.install.snapshot.enabled = false (custom)
datanode_1  | 2019-11-08 08:57:13,699 WARN impl.MetricRegistriesImpl: First MetricRegistry has been created without registering reporters. You may need to call MetricRegistries.global().addReportRegistration(...) before.
datanode_1  | 2019-11-08 08:57:13,700 INFO server.RaftServerConfigKeys: raft.server.log.appender.snapshot.chunk.size.max = 16MB (=16777216) (default)
datanode_1  | 2019-11-08 08:57:13,700 INFO server.RaftServerConfigKeys: raft.server.log.appender.buffer.byte-limit = 33554432 (custom)
datanode_1  | 2019-11-08 08:57:13,700 INFO server.RaftServerConfigKeys: raft.server.log.appender.buffer.element-limit = 1 (custom)
datanode_1  | 2019-11-08 08:57:13,700 INFO grpc.GrpcConfigKeys$Server: raft.grpc.server.leader.outstanding.appends.max = 128 (default)
datanode_1  | 2019-11-08 08:57:13,700 INFO server.RaftServerConfigKeys: raft.server.rpc.request.timeout = 3000ms (default)
datanode_1  | 2019-11-08 08:57:13,700 INFO server.RaftServerConfigKeys: raft.server.log.appender.install.snapshot.enabled = false (custom)
datanode_1  | 2019-11-08 08:57:13,702 INFO impl.RoleInfo: 79cbb9a9-3140-4688-b92f-de17779ed454: start LeaderState
datanode_1  | 2019-11-08 08:57:13,703 INFO segmented.SegmentedRaftLogWorker: 79cbb9a9-3140-4688-b92f-de17779ed454@group-EB60DDD79CDB-SegmentedRaftLogWorker: Starting segment from index:0
datanode_1  | 2019-11-08 08:57:13,704 INFO impl.RaftServerImpl: 79cbb9a9-3140-4688-b92f-de17779ed454@group-EB60DDD79CDB: set configuration 0: [e4f8d4b9-81c9-4df4-a3ef-8cac07702e7c:172.18.0.5:9858, 79cbb9a9-3140-4688-b92f-de17779ed454:172.18.0.6:9858, c3df0548-ad6c-48c5-aa77-42b43b4262c6:172.18.0.7:9858], old=null at 0
datanode_1  | 2019-11-08 08:57:13,750 INFO segmented.SegmentedRaftLogWorker: 79cbb9a9-3140-4688-b92f-de17779ed454@group-EB60DDD79CDB-SegmentedRaftLogWorker: created new log segment /data/metadata/ratis/1346f75f-f33e-40a4-be66-eb60ddd79cdb/current/log_inprogress_0
