datanode_1  | 2019-11-14 14:23:43,415 INFO impl.MetricsSystemImpl: HddsDatanode metrics system started
om_1        | ************************************************************/
recon_1     | 	at org.sqlite.SQLiteConnection.open(SQLiteConnection.java:215)
datanode_2  | 2019-11-14 14:23:42,537 INFO volume.VolumeSet: Added Volume : /data/hdds/hdds to VolumeSet
datanode_3  | 2019-11-14 14:23:42,254 INFO impl.MetricsSystemImpl: Scheduled Metric snapshot period at 10 second(s).
datanode_1  | 2019-11-14 14:23:43,620 INFO ozone.HddsDatanodeService: HddsDatanodeService host:77590da448c2 ip:172.19.0.6
om_1        | 2019-11-14 14:23:41,084 INFO om.OzoneManagerStarter: registered UNIX signal handlers for [TERM, HUP, INT]
recon_1     | 	at org.sqlite.SQLiteConnection.<init>(SQLiteConnection.java:61)
datanode_2  | 2019-11-14 14:23:42,544 INFO volume.ThrottledAsyncChecker: Scheduling a check for /data/hdds/hdds
scm_1       | ************************************************************/
datanode_3  | 2019-11-14 14:23:42,254 INFO impl.MetricsSystemImpl: HddsDatanode metrics system started
datanode_1  | 2019-11-14 14:23:43,674 INFO volume.HddsVolume: Creating Volume: /data/hdds/hdds of  storage type : DISK and capacity : 10908285698048
om_1        | 2019-11-14 14:23:41,151 INFO ha.OMHANodeDetails: Configuration either no ozone.om.address set. Falling back to the default OM address om/172.19.0.2:9862
recon_1     | 	at org.sqlite.jdbc3.JDBC3Connection.<init>(JDBC3Connection.java:28)
datanode_2  | 2019-11-14 14:23:42,563 INFO volume.HddsVolumeChecker: Scheduled health check for volume /data/hdds/hdds
datanode_3  | 2019-11-14 14:23:42,393 INFO ozone.HddsDatanodeService: HddsDatanodeService host:792fa5122298 ip:172.19.0.4
datanode_1  | 2019-11-14 14:23:43,683 INFO volume.VolumeSet: Added Volume : /data/hdds/hdds to VolumeSet
om_1        | 2019-11-14 14:23:41,152 INFO ha.OMHANodeDetails: OM Service ID is not set. Setting it to the default ID: omServiceIdDefault
recon_1     | 	at org.sqlite.jdbc4.JDBC4Connection.<init>(JDBC4Connection.java:21)
scm_1       | 2019-11-14 14:23:43,289 INFO server.StorageContainerManagerStarter: registered UNIX signal handlers for [TERM, HUP, INT]
datanode_3  | 2019-11-14 14:23:42,432 INFO volume.HddsVolume: Creating Volume: /data/hdds/hdds of  storage type : DISK and capacity : 10908285698048
datanode_2  | 2019-11-14 14:23:43,414 WARN scm.HddsServerUtil: Storage directory for Ratis is not configured. It is a good idea to map this to an SSD disk. Falling back to ozone.metadata.dirs
datanode_1  | 2019-11-14 14:23:43,691 INFO volume.ThrottledAsyncChecker: Scheduling a check for /data/hdds/hdds
om_1        | 2019-11-14 14:23:41,156 WARN server.ServerUtils: ozone.om.db.dirs is not configured. We recommend adding this setting. Falling back to ozone.metadata.dirs instead.
recon_1     | 	at org.sqlite.JDBC.createConnection(JDBC.java:116)
scm_1       | 2019-11-14 14:23:43,353 WARN server.ServerUtils: ozone.scm.db.dirs is not configured. We recommend adding this setting. Falling back to ozone.metadata.dirs instead.
datanode_3  | 2019-11-14 14:23:42,433 INFO volume.VolumeSet: Added Volume : /data/hdds/hdds to VolumeSet
datanode_2  | 2019-11-14 14:23:43,456 INFO impl.RaftServerProxy: raft.rpc.type = GRPC (default)
datanode_1  | 2019-11-14 14:23:43,711 INFO volume.HddsVolumeChecker: Scheduled health check for volume /data/hdds/hdds
om_1        | 2019-11-14 14:23:42,431 INFO ipc.Client: Retrying connect to server: scm/172.19.0.7:9863. Already tried 0 time(s); retry policy is RetryUpToMaximumCountWithFixedSleep(maxRetries=10, sleepTime=1000 MILLISECONDS)
recon_1     | 	at org.sqlite.SQLiteDataSource.getConnection(SQLiteDataSource.java:410)
scm_1       | 2019-11-14 14:23:43,395 WARN server.ServerUtils: ozone.scm.db.dirs is not configured. We recommend adding this setting. Falling back to ozone.metadata.dirs instead.
datanode_3  | 2019-11-14 14:23:42,440 INFO volume.ThrottledAsyncChecker: Scheduling a check for /data/hdds/hdds
datanode_1  | 2019-11-14 14:23:44,627 WARN scm.HddsServerUtil: Storage directory for Ratis is not configured. It is a good idea to map this to an SSD disk. Falling back to ozone.metadata.dirs
datanode_2  | 2019-11-14 14:23:43,630 INFO grpc.GrpcConfigKeys$Server: raft.grpc.server.port = 9858 (custom)
om_1        | 2019-11-14 14:23:43,432 INFO ipc.Client: Retrying connect to server: scm/172.19.0.7:9863. Already tried 1 time(s); retry policy is RetryUpToMaximumCountWithFixedSleep(maxRetries=10, sleepTime=1000 MILLISECONDS)
recon_1     | 	at org.sqlite.SQLiteDataSource.getConnection(SQLiteDataSource.java:398)
scm_1       | 2019-11-14 14:23:43,420 INFO util.log: Logging initialized @1062ms
datanode_3  | 2019-11-14 14:23:42,466 INFO volume.HddsVolumeChecker: Scheduled health check for volume /data/hdds/hdds
datanode_1  | 2019-11-14 14:23:44,673 INFO impl.RaftServerProxy: raft.rpc.type = GRPC (default)
datanode_2  | 2019-11-14 14:23:43,631 INFO server.GrpcService: raft.grpc.message.size.max = 33570816 (custom)
om_1        | 2019-11-14 14:23:44,433 INFO ipc.Client: Retrying connect to server: scm/172.19.0.7:9863. Already tried 2 time(s); retry policy is RetryUpToMaximumCountWithFixedSleep(maxRetries=10, sleepTime=1000 MILLISECONDS)
recon_1     | 	at org.hadoop.ozone.recon.schema.StatsSchemaDefinition.initializeSchema(StatsSchemaDefinition.java:44)
scm_1       | 2019-11-14 14:23:43,551 INFO db.DBStoreBuilder: using custom profile for table: deletedBlocks
datanode_3  | 2019-11-14 14:23:43,330 WARN scm.HddsServerUtil: Storage directory for Ratis is not configured. It is a good idea to map this to an SSD disk. Falling back to ozone.metadata.dirs
datanode_1  | 2019-11-14 14:23:44,860 INFO grpc.GrpcConfigKeys$Server: raft.grpc.server.port = 9858 (custom)
datanode_2  | 2019-11-14 14:23:43,634 INFO server.RaftServerConfigKeys: raft.server.log.appender.buffer.byte-limit = 33554432 (custom)
om_1        | 2019-11-14 14:23:45,434 INFO ipc.Client: Retrying connect to server: scm/172.19.0.7:9863. Already tried 3 time(s); retry policy is RetryUpToMaximumCountWithFixedSleep(maxRetries=10, sleepTime=1000 MILLISECONDS)
recon_1     | 	at org.apache.hadoop.ozone.recon.ReconServer.call(ReconServer.java:78)
scm_1       | 2019-11-14 14:23:43,551 INFO db.DBStoreBuilder: Using default column profile:DBProfile.DISK for Table:deletedBlocks
datanode_3  | 2019-11-14 14:23:43,370 INFO impl.RaftServerProxy: raft.rpc.type = GRPC (default)
datanode_1  | 2019-11-14 14:23:44,861 INFO server.GrpcService: raft.grpc.message.size.max = 33570816 (custom)
datanode_2  | 2019-11-14 14:23:43,635 INFO server.GrpcService: raft.grpc.flow.control.window = 1MB (=1048576) (default)
recon_1     | 	at org.apache.hadoop.ozone.recon.ReconServer.call(ReconServer.java:41)
scm_1       | 2019-11-14 14:23:43,551 INFO db.DBStoreBuilder: using custom profile for table: validCerts
datanode_3  | 2019-11-14 14:23:43,587 INFO grpc.GrpcConfigKeys$Server: raft.grpc.server.port = 9858 (custom)
datanode_1  | 2019-11-14 14:23:44,863 INFO server.RaftServerConfigKeys: raft.server.log.appender.buffer.byte-limit = 33554432 (custom)
datanode_2  | 2019-11-14 14:23:43,635 INFO server.RaftServerConfigKeys: raft.server.rpc.request.timeout = 3000ms (default)
recon_1     | 	at picocli.CommandLine.execute(CommandLine.java:1173)
om_1        | OM initialization succeeded. Current cluster id for Storage Directory=/data/metadata/om; Cluster ID=CID-46890a1f-fcfc-40b1-94d9-6eb4a6e4de17
scm_1       | 2019-11-14 14:23:43,552 INFO db.DBStoreBuilder: Using default column profile:DBProfile.DISK for Table:validCerts
datanode_3  | 2019-11-14 14:23:43,588 INFO server.GrpcService: raft.grpc.message.size.max = 33570816 (custom)
datanode_1  | 2019-11-14 14:23:44,864 INFO server.GrpcService: raft.grpc.flow.control.window = 1MB (=1048576) (default)
datanode_2  | 2019-11-14 14:23:43,789 INFO server.RaftServerConfigKeys: raft.server.storage.dir = [/data/metadata/ratis] (custom)
recon_1     | 	at picocli.CommandLine.access$800(CommandLine.java:141)
om_1        | 2019-11-14 14:23:45,968 INFO om.OzoneManagerStarter: SHUTDOWN_MSG: 
scm_1       | 2019-11-14 14:23:43,552 INFO db.DBStoreBuilder: using custom profile for table: revokedCerts
datanode_3  | 2019-11-14 14:23:43,589 INFO server.RaftServerConfigKeys: raft.server.log.appender.buffer.byte-limit = 33554432 (custom)
datanode_1  | 2019-11-14 14:23:44,865 INFO server.RaftServerConfigKeys: raft.server.rpc.request.timeout = 3000ms (default)
datanode_2  | 2019-11-14 14:23:43,991 INFO hdfs.DFSUtil: Starting Web-server for hddsDatanode at: http://0.0.0.0:9882
recon_1     | 	at picocli.CommandLine$RunLast.handle(CommandLine.java:1367)
om_1        | /************************************************************
scm_1       | 2019-11-14 14:23:43,552 INFO db.DBStoreBuilder: Using default column profile:DBProfile.DISK for Table:revokedCerts
datanode_3  | 2019-11-14 14:23:43,590 INFO server.GrpcService: raft.grpc.flow.control.window = 1MB (=1048576) (default)
datanode_1  | 2019-11-14 14:23:45,025 INFO server.RaftServerConfigKeys: raft.server.storage.dir = [/data/metadata/ratis] (custom)
datanode_2  | 2019-11-14 14:23:44,018 INFO util.log: Logging initialized @2799ms
recon_1     | 	at picocli.CommandLine$RunLast.handle(CommandLine.java:1335)
om_1        | SHUTDOWN_MSG: Shutting down OzoneManager at 39678c14ac09/172.19.0.2
scm_1       | 2019-11-14 14:23:43,564 INFO db.DBStoreBuilder: using custom profile for table: default
datanode_3  | 2019-11-14 14:23:43,590 INFO server.RaftServerConfigKeys: raft.server.rpc.request.timeout = 3000ms (default)
datanode_1  | 2019-11-14 14:23:45,170 INFO hdfs.DFSUtil: Starting Web-server for hddsDatanode at: http://0.0.0.0:9882
recon_1     | 	at picocli.CommandLine$AbstractParseResultHandler.handleParseResult(CommandLine.java:1243)
datanode_2  | 2019-11-14 14:23:44,137 INFO server.AuthenticationFilter: Unable to initialize FileSignerSecretProvider, falling back to use random secrets.
om_1        | ************************************************************/
scm_1       | 2019-11-14 14:23:43,564 INFO db.DBStoreBuilder: Using default column profile:DBProfile.DISK for Table:default
datanode_3  | 2019-11-14 14:23:43,728 INFO server.RaftServerConfigKeys: raft.server.storage.dir = [/data/metadata/ratis] (custom)
datanode_1  | 2019-11-14 14:23:45,190 INFO util.log: Logging initialized @3009ms
recon_1     | 	at picocli.CommandLine.parseWithHandlers(CommandLine.java:1526)
datanode_2  | 2019-11-14 14:23:44,140 INFO http.HttpRequestLog: Http request log for http.requests.hddsDatanode is not defined
om_1        | 2019-11-14 14:23:47,038 INFO om.OzoneManagerStarter: STARTUP_MSG: 
scm_1       | 2019-11-14 14:23:43,566 INFO db.DBStoreBuilder: Using default options. DBProfile.DISK
datanode_3  | 2019-11-14 14:23:43,879 INFO hdfs.DFSUtil: Starting Web-server for hddsDatanode at: http://0.0.0.0:9882
datanode_1  | 2019-11-14 14:23:45,275 INFO server.AuthenticationFilter: Unable to initialize FileSignerSecretProvider, falling back to use random secrets.
recon_1     | 	at picocli.CommandLine.parseWithHandler(CommandLine.java:1465)
datanode_2  | 2019-11-14 14:23:44,150 INFO http.HttpServer2: Added global filter 'safety' (class=org.apache.hadoop.http.HttpServer2$QuotingInputFilter)
om_1        | /************************************************************
datanode_3  | 2019-11-14 14:23:43,905 INFO util.log: Logging initialized @2737ms
datanode_1  | 2019-11-14 14:23:45,277 INFO http.HttpRequestLog: Http request log for http.requests.hddsDatanode is not defined
recon_1     | 	at org.apache.hadoop.hdds.cli.GenericCli.execute(GenericCli.java:65)
datanode_2  | 2019-11-14 14:23:44,151 INFO http.HttpServer2: Added filter static_user_filter (class=org.apache.hadoop.http.lib.StaticUserWebFilter$StaticUserFilter) to context hddsDatanode
om_1        | STARTUP_MSG: Starting OzoneManager
scm_1       | 2019-11-14 14:23:43,919 INFO net.NodeSchemaLoader: Loading file from java.lang.CompoundEnumeration@48c76607
datanode_3  | 2019-11-14 14:23:44,051 INFO server.AuthenticationFilter: Unable to initialize FileSignerSecretProvider, falling back to use random secrets.
datanode_1  | 2019-11-14 14:23:45,284 INFO http.HttpServer2: Added global filter 'safety' (class=org.apache.hadoop.http.HttpServer2$QuotingInputFilter)
recon_1     | 	at org.apache.hadoop.hdds.cli.GenericCli.run(GenericCli.java:56)
datanode_2  | 2019-11-14 14:23:44,151 INFO http.HttpServer2: Added filter static_user_filter (class=org.apache.hadoop.http.lib.StaticUserWebFilter$StaticUserFilter) to context logs
om_1        | STARTUP_MSG:   host = 39678c14ac09/172.19.0.2
scm_1       | 2019-11-14 14:23:43,921 INFO net.NodeSchemaLoader: Loading network topology layer schema file
datanode_1  | 2019-11-14 14:23:45,286 INFO http.HttpServer2: Added filter static_user_filter (class=org.apache.hadoop.http.lib.StaticUserWebFilter$StaticUserFilter) to context hddsDatanode
datanode_3  | 2019-11-14 14:23:44,054 INFO http.HttpRequestLog: Http request log for http.requests.hddsDatanode is not defined
recon_1     | 	at org.apache.hadoop.ozone.recon.ReconServer.main(ReconServer.java:52)
datanode_2  | 2019-11-14 14:23:44,151 INFO http.HttpServer2: Added filter static_user_filter (class=org.apache.hadoop.http.lib.StaticUserWebFilter$StaticUserFilter) to context static
om_1        | STARTUP_MSG:   args = []
scm_1       | 2019-11-14 14:23:44,022 INFO node.SCMNodeManager: Entering startup safe mode.
datanode_1  | 2019-11-14 14:23:45,286 INFO http.HttpServer2: Added filter static_user_filter (class=org.apache.hadoop.http.lib.StaticUserWebFilter$StaticUserFilter) to context logs
datanode_3  | 2019-11-14 14:23:44,062 INFO http.HttpServer2: Added global filter 'safety' (class=org.apache.hadoop.http.HttpServer2$QuotingInputFilter)
recon_1     | 2019-11-14 14:23:51,318 INFO recon.ReconServer: Stopping Recon server
datanode_2  | 2019-11-14 14:23:44,169 WARN server.BaseHttpServer: /prof java profiling servlet is activated. Not safe for production!
om_1        | STARTUP_MSG:   version = 3.2.0
datanode_1  | 2019-11-14 14:23:45,286 INFO http.HttpServer2: Added filter static_user_filter (class=org.apache.hadoop.http.lib.StaticUserWebFilter$StaticUserFilter) to context static
datanode_3  | 2019-11-14 14:23:44,064 INFO http.HttpServer2: Added filter static_user_filter (class=org.apache.hadoop.http.lib.StaticUserWebFilter$StaticUserFilter) to context hddsDatanode
recon_1     | java.lang.NullPointerException
scm_1       | 2019-11-14 14:23:44,146 INFO algorithms.ContainerPlacementPolicyFactory: Create container placement policy of type org.apache.hadoop.hdds.scm.container.placement.algorithms.SCMContainerPlacementRandom
datanode_2  | 2019-11-14 14:23:44,176 INFO http.HttpServer2: Jetty bound to port 9882
om_1        | STARTUP_MSG:   classpath = /etc/hadoop:/opt/hadoop/share/hadoop/common/*:/opt/hadoop/share/ozone/lib/kerb-simplekdc-1.0.1.jar:/opt/hadoop/share/ozone/lib/protobuf-java-2.5.0.jar:/opt/hadoop/share/ozone/lib/bcpkix-jdk15on-1.60.jar:/opt/hadoop/share/ozone/lib/sqlite-jdbc-3.25.2.jar:/opt/hadoop/share/ozone/lib/netty-3.10.5.Final.jar:/opt/hadoop/share/ozone/lib/commons-validator-1.6.jar:/opt/hadoop/share/ozone/lib/jaxb-impl-2.3.0.1.jar:/opt/hadoop/share/ozone/lib/kerb-core-1.0.1.jar:/opt/hadoop/share/ozone/lib/hadoop-ozone-common-0.5.0-SNAPSHOT.jar:/opt/hadoop/share/ozone/lib/ratis-thirdparty-misc-0.2.0.jar:/opt/hadoop/share/ozone/lib/jsr305-3.0.0.jar:/opt/hadoop/share/ozone/lib/leveldbjni-all-1.8.jar:/opt/hadoop/share/ozone/lib/htrace-core4-4.1.0-incubating.jar:/opt/hadoop/share/ozone/lib/hadoop-annotations-3.2.0.jar:/opt/hadoop/share/ozone/lib/hadoop-hdds-tools-0.5.0-SNAPSHOT.jar:/opt/hadoop/share/ozone/lib/kerb-util-1.0.1.jar:/opt/hadoop/share/ozone/lib/jackson-jaxrs-1.9.13.jar:/opt/hadoop/share/ozone/lib/ratis-server-0.5.0-d6d58d0-SNAPSHOT.jar:/opt/hadoop/share/ozone/lib/kerby-xdr-1.0.1.jar:/opt/hadoop/share/ozone/lib/jetty-webapp-9.3.25.v20180904.jar:/opt/hadoop/share/ozone/lib/jackson-core-asl-1.9.13.jar:/opt/hadoop/share/ozone/lib/commons-net-3.6.jar:/opt/hadoop/share/ozone/lib/log4j-api-2.11.0.jar:/opt/hadoop/share/ozone/lib/netty-all-4.0.52.Final.jar:/opt/hadoop/share/ozone/lib/hadoop-hdfs-3.2.0.jar:/opt/hadoop/share/ozone/lib/jline-0.9.94.jar:/opt/hadoop/share/ozone/lib/opentracing-api-0.31.0.jar:/opt/hadoop/share/ozone/lib/hadoop-hdds-server-framework-0.5.0-SNAPSHOT.jar:/opt/hadoop/share/ozone/lib/slf4j-log4j12-1.7.25.jar:/opt/hadoop/share/ozone/lib/hadoop-hdfs-client-3.2.0.jar:/opt/hadoop/share/ozone/lib/kerby-config-1.0.1.jar:/opt/hadoop/share/ozone/lib/jetty-util-9.3.25.v20180904.jar:/opt/hadoop/share/ozone/lib/libthrift-0.12.0.jar:/opt/hadoop/share/ozone/lib/metrics-core-3.2.4.jar:/opt/hadoop/share/ozone/lib/kerby-pkix-1.0.1.jar:/opt/hadoop/share/ozone/lib/xz-1.0.jar:/opt/hadoop/share/ozone/lib/hadoop-hdds-config-0.5.0-SNAPSHOT.jar:/opt/hadoop/share/ozone/lib/nimbus-jose-jwt-4.41.1.jar:/opt/hadoop/share/ozone/lib/jsr311-api-1.1.1.jar:/opt/hadoop/share/ozone/lib/commons-beanutils-1.9.4.jar:/opt/hadoop/share/ozone/lib/ratis-grpc-0.5.0-d6d58d0-SNAPSHOT.jar:/opt/hadoop/share/ozone/lib/ratis-netty-0.5.0-d6d58d0-SNAPSHOT.jar:/opt/hadoop/share/ozone/lib/javax.servlet-api-3.1.0.jar:/opt/hadoop/share/ozone/lib/kerb-server-1.0.1.jar:/opt/hadoop/share/ozone/lib/zookeeper-3.4.13.jar:/opt/hadoop/share/ozone/lib/avro-1.7.7.jar:/opt/hadoop/share/ozone/lib/kerb-client-1.0.1.jar:/opt/hadoop/share/ozone/lib/jackson-xc-1.9.13.jar:/opt/hadoop/share/ozone/lib/disruptor-3.4.2.jar:/opt/hadoop/share/ozone/lib/guava-11.0.2.jar:/opt/hadoop/share/ozone/lib/ratis-client-0.5.0-d6d58d0-SNAPSHOT.jar:/opt/hadoop/share/ozone/lib/hadoop-hdds-common-0.5.0-SNAPSHOT.jar:/opt/hadoop/share/ozone/lib/curator-framework-2.12.0.jar:/opt/hadoop/share/ozone/lib/dnsjava-2.1.7.jar:/opt/hadoop/share/ozone/lib/commons-configuration2-2.1.1.jar:/opt/hadoop/share/ozone/lib/json-smart-2.3.jar:/opt/hadoop/share/ozone/lib/token-provider-1.0.1.jar:/opt/hadoop/share/ozone/lib/log4j-1.2.17.jar:/opt/hadoop/share/ozone/lib/commons-daemon-1.0.13.jar:/opt/hadoop/share/ozone/lib/bcprov-jdk15on-1.60.jar:/opt/hadoop/share/ozone/lib/ratis-metrics-0.5.0-d6d58d0-SNAPSHOT.jar:/opt/hadoop/share/ozone/lib/commons-lang3-3.7.jar:/opt/hadoop/share/ozone/lib/commons-compress-1.4.1.jar:/opt/hadoop/share/ozone/lib/jaeger-client-0.34.0.jar:/opt/hadoop/share/ozone/lib/jetty-server-9.3.25.v20180904.jar:/opt/hadoop/share/ozone/lib/accessors-smart-1.2.jar:/opt/hadoop/share/ozone/lib/re2j-1.1.jar:/opt/hadoop/share/ozone/lib/curator-recipes-2.12.0.jar:/opt/hadoop/share/ozone/lib/jackson-core-2.9.9.jar:/opt/hadoop/share/ozone/lib/commons-math3-3.1.1.jar:/opt/hadoop/share/ozone/lib/opentracing-noop-0.31.0.jar:/opt/hadoop/share/ozone/lib/httpclient-4.5.2.jar:/opt/hadoop/share/ozone/lib/jaeger-core-0.34.0.jar:/opt/hadoop/share/ozone/lib/asm-5.0.4.jar:/opt/hadoop/share/ozone/lib/curator-client-2.12.0.jar:/opt/hadoop/share/ozone/lib/audience-annotations-0.5.0.jar:/opt/hadoop/share/ozone/lib/kerby-util-1.0.1.jar:/opt/hadoop/share/ozone/lib/jackson-mapper-asl-1.9.13.jar:/opt/hadoop/share/ozone/lib/rocksdbjni-6.0.1.jar:/opt/hadoop/share/ozone/lib/jsp-api-2.1.jar:/opt/hadoop/share/ozone/lib/jsch-0.1.54.jar:/opt/hadoop/share/ozone/lib/opentracing-tracerresolver-0.1.5.jar:/opt/hadoop/share/ozone/lib/paranamer-2.3.jar:/opt/hadoop/share/ozone/lib/log4j-core-2.11.0.jar:/opt/hadoop/share/ozone/lib/jetty-io-9.3.25.v20180904.jar:/opt/hadoop/share/ozone/lib/jetty-xml-9.3.25.v20180904.jar:/opt/hadoop/share/ozone/lib/commons-codec-1.11.jar:/opt/hadoop/share/ozone/lib/commons-pool2-2.6.0.jar:/opt/hadoop/share/ozone/lib/gson-2.2.4.jar:/opt/hadoop/share/ozone/lib/jcip-annotations-1.0-1.jar:/opt/hadoop/share/ozone/lib/kerb-admin-1.0.1.jar:/opt/hadoop/share/ozone/lib/okio-1.13.0.jar:/opt/hadoop/share/ozone/lib/commons-io-2.5.jar:/opt/hadoop/share/ozone/lib/snakeyaml-1.16.jar:/opt/hadoop/share/ozone/lib/hadoop-ozone-client-0.5.0-SNAPSHOT.jar:/opt/hadoop/share/ozone/lib/jersey-core-1.19.jar:/opt/hadoop/share/ozone/lib/jackson-databind-2.9.9.jar:/opt/hadoop/share/ozone/lib/hadoop-hdds-container-service-0.5.0-SNAPSHOT.jar:/opt/hadoop/share/ozone/lib/picocli-3.9.6.jar:/opt/hadoop/share/ozone/lib/jaeger-thrift-0.34.0.jar:/opt/hadoop/share/ozone/lib/ratis-common-0.5.0-d6d58d0-SNAPSHOT.jar:/opt/hadoop/share/ozone/lib/jackson-annotations-2.9.9.jar:/opt/hadoop/share/ozone/lib/commons-cli-1.2.jar:/opt/hadoop/share/ozone/lib/hadoop-hdds-docs-0.5.0-SNAPSHOT.jar:/opt/hadoop/share/ozone/lib/woodstox-core-5.0.3.jar:/opt/hadoop/share/ozone/lib/javax.annotation-api-1.2.jar:/opt/hadoop/share/ozone/lib/snappy-java-1.0.5.jar:/opt/hadoop/share/ozone/lib/jaeger-tracerresolver-0.34.0.jar:/opt/hadoop/share/ozone/lib/jetty-security-9.3.25.v20180904.jar:/opt/hadoop/share/ozone/lib/jetty-http-9.3.25.v20180904.jar:/opt/hadoop/share/ozone/lib/kerby-asn1-1.0.1.jar:/opt/hadoop/share/ozone/lib/okhttp-3.9.0.jar:/opt/hadoop/share/ozone/lib/stax2-api-3.1.4.jar:/opt/hadoop/share/ozone/lib/commons-digester-1.8.1.jar:/opt/hadoop/share/ozone/lib/commons-collections-3.2.2.jar:/opt/hadoop/share/ozone/lib/jettison-1.1.jar:/opt/hadoop/share/ozone/lib/commons-text-1.4.jar:/opt/hadoop/share/ozone/lib/jersey-servlet-1.19.jar:/opt/hadoop/share/ozone/lib/jersey-json-1.19.jar:/opt/hadoop/share/ozone/lib/slf4j-api-1.7.25.jar:/opt/hadoop/share/ozone/lib/jetty-util-ajax-9.3.25.v20180904.jar:/opt/hadoop/share/ozone/lib/commons-logging-1.1.3.jar:/opt/hadoop/share/ozone/lib/hadoop-hdds-client-0.5.0-SNAPSHOT.jar:/opt/hadoop/share/ozone/lib/kerb-identity-1.0.1.jar:/opt/hadoop/share/ozone/lib/ratis-proto-0.5.0-d6d58d0-SNAPSHOT.jar:/opt/hadoop/share/ozone/lib/opentracing-util-0.31.0.jar:/opt/hadoop/share/ozone/lib/hadoop-common-3.2.0.jar:/opt/hadoop/share/ozone/lib/hadoop-auth-3.2.0.jar:/opt/hadoop/share/ozone/lib/kerb-common-1.0.1.jar:/opt/hadoop/share/ozone/lib/jetty-servlet-9.3.25.v20180904.jar:/opt/hadoop/share/ozone/lib/jersey-server-1.19.jar:/opt/hadoop/share/ozone/lib/kerb-crypto-1.0.1.jar:/opt/hadoop/share/ozone/lib/httpcore-4.4.4.jar:/opt/hadoop/share/ozone/web:/opt/hadoop/share/ozone/lib/hadoop-ozone-ozone-manager-0.5.0-SNAPSHOT.jar
datanode_1  | 2019-11-14 14:23:45,304 WARN server.BaseHttpServer: /prof java profiling servlet is activated. Not safe for production!
datanode_3  | 2019-11-14 14:23:44,064 INFO http.HttpServer2: Added filter static_user_filter (class=org.apache.hadoop.http.lib.StaticUserWebFilter$StaticUserFilter) to context logs
recon_1     | 	at org.apache.hadoop.ozone.recon.ReconServer.stop(ReconServer.java:115)
scm_1       | 2019-11-14 14:23:44,157 WARN server.ServerUtils: ozone.scm.db.dirs is not configured. We recommend adding this setting. Falling back to ozone.metadata.dirs instead.
datanode_2  | 2019-11-14 14:23:44,177 INFO server.Server: jetty-9.3.25.v20180904, build timestamp: 2018-09-04T21:11:46Z, git hash: 3ce520221d0240229c862b122d2b06c12a625732
datanode_1  | 2019-11-14 14:23:45,310 INFO http.HttpServer2: Jetty bound to port 9882
om_1        | STARTUP_MSG:   build = https://github.com/apache/hadoop.git -r e97acb3bd8f3befd27418996fa5d4b50bf2e17bf; compiled by 'sunilg' on 2019-01-15T17:34Z
datanode_3  | 2019-11-14 14:23:44,064 INFO http.HttpServer2: Added filter static_user_filter (class=org.apache.hadoop.http.lib.StaticUserWebFilter$StaticUserFilter) to context static
recon_1     | 	at org.apache.hadoop.ozone.recon.ReconServer.call(ReconServer.java:100)
scm_1       | 2019-11-14 14:23:44,309 INFO pipeline.SCMPipelineManager: No pipeline exists in current db
datanode_2  | 2019-11-14 14:23:44,203 INFO handler.ContextHandler: Started o.e.j.s.ServletContextHandler@1fb2d5e{/logs,file:///var/log/hadoop/,AVAILABLE}
datanode_1  | 2019-11-14 14:23:45,311 INFO server.Server: jetty-9.3.25.v20180904, build timestamp: 2018-09-04T21:11:46Z, git hash: 3ce520221d0240229c862b122d2b06c12a625732
om_1        | STARTUP_MSG:   java = 11.0.3
datanode_3  | 2019-11-14 14:23:44,085 WARN server.BaseHttpServer: /prof java profiling servlet is activated. Not safe for production!
recon_1     | 	at org.apache.hadoop.ozone.recon.ReconServer.call(ReconServer.java:41)
scm_1       | 2019-11-14 14:23:44,312 WARN server.ServerUtils: ozone.scm.db.dirs is not configured. We recommend adding this setting. Falling back to ozone.metadata.dirs instead.
datanode_2  | 2019-11-14 14:23:44,204 INFO handler.ContextHandler: Started o.e.j.s.ServletContextHandler@15b642b9{/static,jar:file:/opt/hadoop/share/ozone/lib/hadoop-hdds-container-service-0.5.0-SNAPSHOT.jar!/webapps/static,AVAILABLE}
datanode_1  | 2019-11-14 14:23:45,337 INFO handler.ContextHandler: Started o.e.j.s.ServletContextHandler@1fb2d5e{/logs,file:///var/log/hadoop/,AVAILABLE}
om_1        | ************************************************************/
datanode_3  | 2019-11-14 14:23:44,095 INFO http.HttpServer2: Jetty bound to port 9882
scm_1       | 2019-11-14 14:23:44,630 WARN events.EventQueue: No event handler registered for event TypedEvent{payloadType=SafeModeStatus, name='SafeModeStatus'}
datanode_2  | 2019-11-14 14:23:44,291 INFO handler.ContextHandler: Started o.e.j.w.WebAppContext@2da66a44{/,file:///tmp/jetty-0.0.0.0-9882-hddsDatanode-_-any-414181026936525750.dir/webapp/,AVAILABLE}{/hddsDatanode}
om_1        | 2019-11-14 14:23:47,048 INFO om.OzoneManagerStarter: registered UNIX signal handlers for [TERM, HUP, INT]
datanode_1  | 2019-11-14 14:23:45,338 INFO handler.ContextHandler: Started o.e.j.s.ServletContextHandler@15b642b9{/static,jar:file:/opt/hadoop/share/ozone/lib/hadoop-hdds-container-service-0.5.0-SNAPSHOT.jar!/webapps/static,AVAILABLE}
recon_1     | 	at picocli.CommandLine.execute(CommandLine.java:1173)
datanode_3  | 2019-11-14 14:23:44,097 INFO server.Server: jetty-9.3.25.v20180904, build timestamp: 2018-09-04T21:11:46Z, git hash: 3ce520221d0240229c862b122d2b06c12a625732
scm_1       | 2019-11-14 14:23:45,082 INFO ipc.CallQueueManager: Using callQueue: class java.util.concurrent.LinkedBlockingQueue, queueCapacity: 1000, scheduler: class org.apache.hadoop.ipc.DefaultRpcScheduler, ipcBackoff: false.
datanode_2  | 2019-11-14 14:23:44,298 INFO server.AbstractConnector: Started ServerConnector@69923ac3{HTTP/1.1,[http/1.1]}{0.0.0.0:9882}
om_1        | 2019-11-14 14:23:47,798 INFO ha.OMHANodeDetails: Configuration either no ozone.om.address set. Falling back to the default OM address om/172.19.0.2:9862
datanode_1  | 2019-11-14 14:23:45,399 INFO handler.ContextHandler: Started o.e.j.w.WebAppContext@2da66a44{/,file:///tmp/jetty-0.0.0.0-9882-hddsDatanode-_-any-16686014332993548385.dir/webapp/,AVAILABLE}{/hddsDatanode}
recon_1     | 	at picocli.CommandLine.access$800(CommandLine.java:141)
scm_1       | 2019-11-14 14:23:45,100 INFO ipc.Server: Starting Socket Reader #1 for port 9861
om_1        | 2019-11-14 14:23:47,798 INFO ha.OMHANodeDetails: OM Service ID is not set. Setting it to the default ID: omServiceIdDefault
datanode_2  | 2019-11-14 14:23:44,298 INFO server.Server: Started @3080ms
datanode_3  | 2019-11-14 14:23:44,130 INFO handler.ContextHandler: Started o.e.j.s.ServletContextHandler@1fb2d5e{/logs,file:///var/log/hadoop/,AVAILABLE}
datanode_1  | 2019-11-14 14:23:45,408 INFO server.AbstractConnector: Started ServerConnector@5b7ceb97{HTTP/1.1,[http/1.1]}{0.0.0.0:9882}
recon_1     | 	at picocli.CommandLine$RunLast.handle(CommandLine.java:1367)
scm_1       | 2019-11-14 14:23:45,126 INFO ipc.CallQueueManager: Using callQueue: class java.util.concurrent.LinkedBlockingQueue, queueCapacity: 1000, scheduler: class org.apache.hadoop.ipc.DefaultRpcScheduler, ipcBackoff: false.
om_1        | 2019-11-14 14:23:47,803 WARN server.ServerUtils: ozone.om.db.dirs is not configured. We recommend adding this setting. Falling back to ozone.metadata.dirs instead.
datanode_2  | 2019-11-14 14:23:44,302 INFO impl.MetricsSinkAdapter: Sink prometheus started
datanode_3  | 2019-11-14 14:23:44,131 INFO handler.ContextHandler: Started o.e.j.s.ServletContextHandler@15b642b9{/static,jar:file:/opt/hadoop/share/ozone/lib/hadoop-hdds-container-service-0.5.0-SNAPSHOT.jar!/webapps/static,AVAILABLE}
datanode_1  | 2019-11-14 14:23:45,408 INFO server.Server: Started @3227ms
recon_1     | 	at picocli.CommandLine$RunLast.handle(CommandLine.java:1335)
om_1        | 2019-11-14 14:23:47,811 WARN server.ServerUtils: ozone.om.db.dirs is not configured. We recommend adding this setting. Falling back to ozone.metadata.dirs instead.
scm_1       | 2019-11-14 14:23:45,127 INFO ipc.Server: Starting Socket Reader #1 for port 9863
datanode_2  | 2019-11-14 14:23:44,302 INFO impl.MetricsSystemImpl: Registered sink prometheus
datanode_3  | 2019-11-14 14:23:44,190 INFO handler.ContextHandler: Started o.e.j.w.WebAppContext@2da66a44{/,file:///tmp/jetty-0.0.0.0-9882-hddsDatanode-_-any-4181924581518146113.dir/webapp/,AVAILABLE}{/hddsDatanode}
datanode_1  | 2019-11-14 14:23:45,412 INFO impl.MetricsSinkAdapter: Sink prometheus started
recon_1     | 	at picocli.CommandLine$AbstractParseResultHandler.handleParseResult(CommandLine.java:1243)
om_1        | 2019-11-14 14:23:48,618 WARN server.ServerUtils: ozone.om.db.dirs is not configured. We recommend adding this setting. Falling back to ozone.metadata.dirs instead.
scm_1       | 2019-11-14 14:23:45,141 INFO ipc.CallQueueManager: Using callQueue: class java.util.concurrent.LinkedBlockingQueue, queueCapacity: 1000, scheduler: class org.apache.hadoop.ipc.DefaultRpcScheduler, ipcBackoff: false.
datanode_3  | 2019-11-14 14:23:44,197 INFO server.AbstractConnector: Started ServerConnector@fee5383{HTTP/1.1,[http/1.1]}{0.0.0.0:9882}
datanode_2  | 2019-11-14 14:23:44,304 INFO server.BaseHttpServer: HTTP server of HDDSDATANODE is listening at http://0.0.0.0:9882
datanode_1  | 2019-11-14 14:23:45,412 INFO impl.MetricsSystemImpl: Registered sink prometheus
recon_1     | 	at picocli.CommandLine.parseWithHandlers(CommandLine.java:1526)
om_1        | 2019-11-14 14:23:48,644 INFO util.log: Logging initialized @2492ms
scm_1       | 2019-11-14 14:23:45,142 INFO ipc.Server: Starting Socket Reader #1 for port 9860
datanode_3  | 2019-11-14 14:23:44,197 INFO server.Server: Started @3029ms
datanode_2  | 2019-11-14 14:23:44,316 INFO util.JvmPauseMonitor: Starting JVM pause monitor
datanode_1  | 2019-11-14 14:23:45,414 INFO server.BaseHttpServer: HTTP server of HDDSDATANODE is listening at http://0.0.0.0:9882
recon_1     | 	at picocli.CommandLine.parseWithHandler(CommandLine.java:1465)
om_1        | 2019-11-14 14:23:48,726 INFO db.DBStoreBuilder: using custom profile for table: userTable
scm_1       | 2019-11-14 14:23:45,166 INFO hdfs.DFSUtil: Starting Web-server for scm at: http://0.0.0.0:9876
datanode_3  | 2019-11-14 14:23:44,200 INFO impl.MetricsSinkAdapter: Sink prometheus started
datanode_2  | 2019-11-14 14:23:44,461 INFO datanode.InitDatanodeState: DatanodeDetails is persisted to /data/datanode.id
datanode_1  | 2019-11-14 14:23:45,425 INFO util.JvmPauseMonitor: Starting JVM pause monitor
recon_1     | 	at org.apache.hadoop.hdds.cli.GenericCli.execute(GenericCli.java:65)
om_1        | 2019-11-14 14:23:48,726 INFO db.DBStoreBuilder: Using default column profile:DBProfile.DISK for Table:userTable
scm_1       | 2019-11-14 14:23:45,304 INFO server.AuthenticationFilter: Unable to initialize FileSignerSecretProvider, falling back to use random secrets.
datanode_3  | 2019-11-14 14:23:44,200 INFO impl.MetricsSystemImpl: Registered sink prometheus
datanode_2  | 2019-11-14 14:23:46,446 INFO ozoneimpl.OzoneContainer: Attempting to start container services.
recon_1     | 	at org.apache.hadoop.hdds.cli.GenericCli.run(GenericCli.java:56)
om_1        | 2019-11-14 14:23:48,727 INFO db.DBStoreBuilder: using custom profile for table: volumeTable
scm_1       | 2019-11-14 14:23:45,318 INFO http.HttpRequestLog: Http request log for http.requests.scm is not defined
datanode_1  | 2019-11-14 14:23:45,565 INFO datanode.InitDatanodeState: DatanodeDetails is persisted to /data/datanode.id
datanode_3  | 2019-11-14 14:23:44,203 INFO server.BaseHttpServer: HTTP server of HDDSDATANODE is listening at http://0.0.0.0:9882
datanode_2  | 2019-11-14 14:23:46,447 INFO ozoneimpl.OzoneContainer: Background container scanner has been disabled.
recon_1     | 	at org.apache.hadoop.ozone.recon.ReconServer.main(ReconServer.java:52)
om_1        | 2019-11-14 14:23:48,727 INFO db.DBStoreBuilder: Using default column profile:DBProfile.DISK for Table:volumeTable
datanode_1  | 2019-11-14 14:23:47,568 INFO ozoneimpl.OzoneContainer: Attempting to start container services.
scm_1       | 2019-11-14 14:23:45,326 INFO http.HttpServer2: Added global filter 'safety' (class=org.apache.hadoop.http.HttpServer2$QuotingInputFilter)
datanode_3  | 2019-11-14 14:23:44,213 INFO util.JvmPauseMonitor: Starting JVM pause monitor
datanode_2  | 2019-11-14 14:23:46,448 INFO ratis.XceiverServerRatis: Starting XceiverServerRatis 8f6ecdf8-5676-4b00-9f6f-2904f3ed10f6 at port 9858
om_1        | 2019-11-14 14:23:48,727 INFO db.DBStoreBuilder: using custom profile for table: bucketTable
datanode_1  | 2019-11-14 14:23:47,569 INFO ozoneimpl.OzoneContainer: Background container scanner has been disabled.
scm_1       | 2019-11-14 14:23:45,328 INFO http.HttpServer2: Added filter static_user_filter (class=org.apache.hadoop.http.lib.StaticUserWebFilter$StaticUserFilter) to context scm
datanode_3  | 2019-11-14 14:23:44,423 INFO datanode.InitDatanodeState: DatanodeDetails is persisted to /data/datanode.id
datanode_2  | 2019-11-14 14:23:46,468 INFO impl.RaftServerProxy: 8f6ecdf8-5676-4b00-9f6f-2904f3ed10f6: start RPC server
om_1        | 2019-11-14 14:23:48,727 INFO db.DBStoreBuilder: Using default column profile:DBProfile.DISK for Table:bucketTable
datanode_1  | 2019-11-14 14:23:47,569 INFO ratis.XceiverServerRatis: Starting XceiverServerRatis 8c171910-65f5-4277-8739-769c64429bf0 at port 9858
scm_1       | 2019-11-14 14:23:45,328 INFO http.HttpServer2: Added filter static_user_filter (class=org.apache.hadoop.http.lib.StaticUserWebFilter$StaticUserFilter) to context logs
datanode_3  | 2019-11-14 14:23:46,395 INFO ozoneimpl.OzoneContainer: Attempting to start container services.
datanode_2  | 2019-11-14 14:23:46,593 INFO server.GrpcService: 8f6ecdf8-5676-4b00-9f6f-2904f3ed10f6: GrpcService started, listening on 0.0.0.0/0.0.0.0:9858
om_1        | 2019-11-14 14:23:48,727 INFO db.DBStoreBuilder: using custom profile for table: keyTable
datanode_1  | 2019-11-14 14:23:47,587 INFO impl.RaftServerProxy: 8c171910-65f5-4277-8739-769c64429bf0: start RPC server
scm_1       | 2019-11-14 14:23:45,328 INFO http.HttpServer2: Added filter static_user_filter (class=org.apache.hadoop.http.lib.StaticUserWebFilter$StaticUserFilter) to context static
datanode_3  | 2019-11-14 14:23:46,397 INFO ozoneimpl.OzoneContainer: Background container scanner has been disabled.
datanode_2  | WARNING: An illegal reflective access operation has occurred
om_1        | 2019-11-14 14:23:48,727 INFO db.DBStoreBuilder: Using default column profile:DBProfile.DISK for Table:keyTable
datanode_1  | 2019-11-14 14:23:47,692 INFO server.GrpcService: 8c171910-65f5-4277-8739-769c64429bf0: GrpcService started, listening on 0.0.0.0/0.0.0.0:9858
scm_1       | 2019-11-14 14:23:45,346 WARN server.BaseHttpServer: /prof java profiling servlet is activated. Not safe for production!
datanode_3  | 2019-11-14 14:23:46,397 INFO ratis.XceiverServerRatis: Starting XceiverServerRatis dcd682e1-b9c2-4d0e-9d2c-a7559b5e8bd3 at port 9858
datanode_2  | WARNING: Illegal reflective access by org.apache.ratis.thirdparty.com.google.protobuf.UnsafeUtil (file:/opt/hadoop/share/ozone/lib/ratis-thirdparty-misc-0.2.0.jar) to field java.nio.Buffer.address
om_1        | 2019-11-14 14:23:48,728 INFO db.DBStoreBuilder: using custom profile for table: deletedTable
datanode_1  | WARNING: An illegal reflective access operation has occurred
scm_1       | 2019-11-14 14:23:45,360 INFO server.StorageContainerManager: StorageContainerLocationProtocol RPC server is listening at /0.0.0.0:9860
datanode_2  | WARNING: Please consider reporting this to the maintainers of org.apache.ratis.thirdparty.com.google.protobuf.UnsafeUtil
datanode_3  | 2019-11-14 14:23:46,414 INFO impl.RaftServerProxy: dcd682e1-b9c2-4d0e-9d2c-a7559b5e8bd3: start RPC server
om_1        | 2019-11-14 14:23:48,728 INFO db.DBStoreBuilder: Using default column profile:DBProfile.DISK for Table:deletedTable
datanode_1  | WARNING: Illegal reflective access by org.apache.ratis.thirdparty.com.google.protobuf.UnsafeUtil (file:/opt/hadoop/share/ozone/lib/ratis-thirdparty-misc-0.2.0.jar) to field java.nio.Buffer.address
scm_1       | 2019-11-14 14:23:45,452 INFO impl.MetricsConfig: Loaded properties from hadoop-metrics2.properties
datanode_2  | WARNING: Use --illegal-access=warn to enable warnings of further illegal reflective access operations
datanode_3  | 2019-11-14 14:23:46,524 INFO server.GrpcService: dcd682e1-b9c2-4d0e-9d2c-a7559b5e8bd3: GrpcService started, listening on 0.0.0.0/0.0.0.0:9858
datanode_1  | WARNING: Please consider reporting this to the maintainers of org.apache.ratis.thirdparty.com.google.protobuf.UnsafeUtil
om_1        | 2019-11-14 14:23:48,728 INFO db.DBStoreBuilder: using custom profile for table: openKeyTable
scm_1       | 2019-11-14 14:23:45,511 INFO impl.MetricsSystemImpl: Scheduled Metric snapshot period at 10 second(s).
datanode_2  | WARNING: All illegal access operations will be denied in a future release
datanode_3  | WARNING: An illegal reflective access operation has occurred
datanode_1  | WARNING: Use --illegal-access=warn to enable warnings of further illegal reflective access operations
om_1        | 2019-11-14 14:23:48,728 INFO db.DBStoreBuilder: Using default column profile:DBProfile.DISK for Table:openKeyTable
scm_1       | 2019-11-14 14:23:45,511 INFO impl.MetricsSystemImpl: StorageContainerManager metrics system started
datanode_2  | 2019-11-14 14:23:49,724 INFO impl.RaftServerProxy: 8f6ecdf8-5676-4b00-9f6f-2904f3ed10f6: addNew group-A462F2337F15:[8f6ecdf8-5676-4b00-9f6f-2904f3ed10f6:172.19.0.5:9858] returns group-A462F2337F15:java.util.concurrent.CompletableFuture@69176fac[Not completed]
datanode_3  | WARNING: Illegal reflective access by org.apache.ratis.thirdparty.com.google.protobuf.UnsafeUtil (file:/opt/hadoop/share/ozone/lib/ratis-thirdparty-misc-0.2.0.jar) to field java.nio.Buffer.address
datanode_1  | WARNING: All illegal access operations will be denied in a future release
om_1        | 2019-11-14 14:23:48,728 INFO db.DBStoreBuilder: using custom profile for table: s3Table
scm_1       | 2019-11-14 14:23:45,721 INFO server.SCMClientProtocolServer: RPC server for Client  is listening at /0.0.0.0:9860
datanode_2  | 2019-11-14 14:23:49,738 INFO impl.RaftServerImpl: 8f6ecdf8-5676-4b00-9f6f-2904f3ed10f6: new RaftServerImpl for group-A462F2337F15:[8f6ecdf8-5676-4b00-9f6f-2904f3ed10f6:172.19.0.5:9858] with ContainerStateMachine:uninitialized
datanode_3  | WARNING: Please consider reporting this to the maintainers of org.apache.ratis.thirdparty.com.google.protobuf.UnsafeUtil
datanode_1  | 2019-11-14 14:23:50,180 INFO impl.RaftServerProxy: 8c171910-65f5-4277-8739-769c64429bf0: addNew group-1BF5CACCD0C6:[8c171910-65f5-4277-8739-769c64429bf0:172.19.0.6:9858] returns group-1BF5CACCD0C6:java.util.concurrent.CompletableFuture@5fd98c86[Not completed]
om_1        | 2019-11-14 14:23:48,728 INFO db.DBStoreBuilder: Using default column profile:DBProfile.DISK for Table:s3Table
scm_1       | 2019-11-14 14:23:45,722 INFO ipc.Server: IPC Server Responder: starting
datanode_2  | 2019-11-14 14:23:49,739 INFO server.RaftServerConfigKeys: raft.server.rpc.timeout.min = 5s (custom)
datanode_3  | WARNING: Use --illegal-access=warn to enable warnings of further illegal reflective access operations
datanode_1  | 2019-11-14 14:23:50,194 INFO impl.RaftServerImpl: 8c171910-65f5-4277-8739-769c64429bf0: new RaftServerImpl for group-1BF5CACCD0C6:[8c171910-65f5-4277-8739-769c64429bf0:172.19.0.6:9858] with ContainerStateMachine:uninitialized
om_1        | 2019-11-14 14:23:48,728 INFO db.DBStoreBuilder: using custom profile for table: multipartInfoTable
scm_1       | 2019-11-14 14:23:45,722 INFO ipc.Server: IPC Server listener on 9860: starting
datanode_2  | 2019-11-14 14:23:49,740 INFO server.RaftServerConfigKeys: raft.server.rpc.timeout.max = 5200ms (custom)
datanode_3  | WARNING: All illegal access operations will be denied in a future release
datanode_1  | 2019-11-14 14:23:50,196 INFO server.RaftServerConfigKeys: raft.server.rpc.timeout.min = 5s (custom)
om_1        | 2019-11-14 14:23:48,728 INFO db.DBStoreBuilder: Using default column profile:DBProfile.DISK for Table:multipartInfoTable
scm_1       | 2019-11-14 14:23:45,725 INFO server.StorageContainerManager: ScmBlockLocationProtocol RPC server is listening at /0.0.0.0:9863
datanode_2  | 2019-11-14 14:23:49,740 INFO server.RaftServerConfigKeys: raft.server.rpcslowness.timeout = 120s (custom)
datanode_3  | 2019-11-14 14:23:49,171 INFO impl.RaftServerProxy: dcd682e1-b9c2-4d0e-9d2c-a7559b5e8bd3: addNew group-AA604DB3371A:[dcd682e1-b9c2-4d0e-9d2c-a7559b5e8bd3:172.19.0.4:9858] returns group-AA604DB3371A:java.util.concurrent.CompletableFuture@2f845341[Not completed]
datanode_1  | 2019-11-14 14:23:50,196 INFO server.RaftServerConfigKeys: raft.server.rpc.timeout.max = 5200ms (custom)
om_1        | 2019-11-14 14:23:48,729 INFO db.DBStoreBuilder: using custom profile for table: dTokenTable
scm_1       | 2019-11-14 14:23:45,726 INFO server.SCMBlockProtocolServer: RPC server for Block Protocol is listening at /0.0.0.0:9863
datanode_2  | 2019-11-14 14:23:49,741 INFO server.RaftServerConfigKeys: raft.server.sleep.deviation.threshold = 300 (default)
datanode_3  | 2019-11-14 14:23:49,189 INFO impl.RaftServerImpl: dcd682e1-b9c2-4d0e-9d2c-a7559b5e8bd3: new RaftServerImpl for group-AA604DB3371A:[dcd682e1-b9c2-4d0e-9d2c-a7559b5e8bd3:172.19.0.4:9858] with ContainerStateMachine:uninitialized
datanode_1  | 2019-11-14 14:23:50,196 INFO server.RaftServerConfigKeys: raft.server.rpcslowness.timeout = 120s (custom)
om_1        | 2019-11-14 14:23:48,729 INFO db.DBStoreBuilder: Using default column profile:DBProfile.DISK for Table:dTokenTable
scm_1       | 2019-11-14 14:23:45,727 INFO ipc.Server: IPC Server Responder: starting
datanode_2  | 2019-11-14 14:23:49,741 INFO server.RaftServerConfigKeys: raft.server.log.appender.install.snapshot.enabled = false (custom)
datanode_3  | 2019-11-14 14:23:49,190 INFO server.RaftServerConfigKeys: raft.server.rpc.timeout.min = 5s (custom)
datanode_1  | 2019-11-14 14:23:50,197 INFO server.RaftServerConfigKeys: raft.server.sleep.deviation.threshold = 300 (default)
om_1        | 2019-11-14 14:23:48,729 INFO db.DBStoreBuilder: using custom profile for table: s3SecretTable
datanode_2  | 2019-11-14 14:23:49,747 INFO impl.RaftServerImpl: 8f6ecdf8-5676-4b00-9f6f-2904f3ed10f6@group-A462F2337F15: ConfigurationManager, init=-1: [8f6ecdf8-5676-4b00-9f6f-2904f3ed10f6:172.19.0.5:9858], old=null, confs=<EMPTY_MAP>
scm_1       | 2019-11-14 14:23:45,727 INFO ipc.Server: IPC Server listener on 9863: starting
datanode_3  | 2019-11-14 14:23:49,191 INFO server.RaftServerConfigKeys: raft.server.rpc.timeout.max = 5200ms (custom)
datanode_1  | 2019-11-14 14:23:50,197 INFO server.RaftServerConfigKeys: raft.server.log.appender.install.snapshot.enabled = false (custom)
om_1        | 2019-11-14 14:23:48,729 INFO db.DBStoreBuilder: Using default column profile:DBProfile.DISK for Table:s3SecretTable
datanode_2  | 2019-11-14 14:23:49,747 INFO server.RaftServerConfigKeys: raft.server.storage.dir = [/data/metadata/ratis] (custom)
scm_1       | 2019-11-14 14:23:45,730 INFO server.StorageContainerManager: ScmDatanodeProtocl RPC server is listening at /0.0.0.0:9861
datanode_3  | 2019-11-14 14:23:49,191 INFO server.RaftServerConfigKeys: raft.server.rpcslowness.timeout = 120s (custom)
datanode_1  | 2019-11-14 14:23:50,203 INFO impl.RaftServerImpl: 8c171910-65f5-4277-8739-769c64429bf0@group-1BF5CACCD0C6: ConfigurationManager, init=-1: [8c171910-65f5-4277-8739-769c64429bf0:172.19.0.6:9858], old=null, confs=<EMPTY_MAP>
om_1        | 2019-11-14 14:23:48,729 INFO db.DBStoreBuilder: using custom profile for table: prefixTable
datanode_2  | 2019-11-14 14:23:49,751 INFO server.RaftServerConfigKeys: raft.server.log.corruption.policy = EXCEPTION (default)
scm_1       | 2019-11-14 14:23:45,730 INFO server.SCMDatanodeProtocolServer: RPC server for DataNodes is listening at /0.0.0.0:9861
datanode_3  | 2019-11-14 14:23:49,191 INFO server.RaftServerConfigKeys: raft.server.sleep.deviation.threshold = 300 (default)
datanode_1  | 2019-11-14 14:23:50,203 INFO server.RaftServerConfigKeys: raft.server.storage.dir = [/data/metadata/ratis] (custom)
om_1        | 2019-11-14 14:23:48,729 INFO db.DBStoreBuilder: Using default column profile:DBProfile.DISK for Table:prefixTable
datanode_2  | 2019-11-14 14:23:49,752 INFO storage.RaftStorageDirectory: The storage directory /data/metadata/ratis/3b54c15b-9e5c-4f64-a9f7-a462f2337f15 does not exist. Creating ...
scm_1       | 2019-11-14 14:23:45,731 INFO ipc.Server: IPC Server Responder: starting
datanode_3  | 2019-11-14 14:23:49,192 INFO server.RaftServerConfigKeys: raft.server.log.appender.install.snapshot.enabled = false (custom)
datanode_1  | 2019-11-14 14:23:50,207 INFO server.RaftServerConfigKeys: raft.server.log.corruption.policy = EXCEPTION (default)
om_1        | 2019-11-14 14:23:48,739 INFO db.DBStoreBuilder: using custom profile for table: default
scm_1       | 2019-11-14 14:23:45,732 INFO ipc.Server: IPC Server listener on 9861: starting
datanode_2  | 2019-11-14 14:23:49,786 INFO storage.RaftStorageDirectory: Lock on /data/metadata/ratis/3b54c15b-9e5c-4f64-a9f7-a462f2337f15/in_use.lock acquired by nodename 7@26f1b11684f3
datanode_3  | 2019-11-14 14:23:49,197 INFO impl.RaftServerImpl: dcd682e1-b9c2-4d0e-9d2c-a7559b5e8bd3@group-AA604DB3371A: ConfigurationManager, init=-1: [dcd682e1-b9c2-4d0e-9d2c-a7559b5e8bd3:172.19.0.4:9858], old=null, confs=<EMPTY_MAP>
datanode_1  | 2019-11-14 14:23:50,208 INFO storage.RaftStorageDirectory: The storage directory /data/metadata/ratis/154e123b-60db-4c47-8c1c-1bf5caccd0c6 does not exist. Creating ...
om_1        | 2019-11-14 14:23:48,739 INFO db.DBStoreBuilder: Using default column profile:DBProfile.DISK for Table:default
scm_1       | 2019-11-14 14:23:45,735 INFO http.HttpServer2: Jetty bound to port 9876
datanode_3  | 2019-11-14 14:23:49,197 INFO server.RaftServerConfigKeys: raft.server.storage.dir = [/data/metadata/ratis] (custom)
datanode_1  | 2019-11-14 14:23:50,238 INFO storage.RaftStorageDirectory: Lock on /data/metadata/ratis/154e123b-60db-4c47-8c1c-1bf5caccd0c6/in_use.lock acquired by nodename 7@77590da448c2
datanode_2  | 2019-11-14 14:23:49,811 INFO storage.RaftStorage: Storage directory /data/metadata/ratis/3b54c15b-9e5c-4f64-a9f7-a462f2337f15 has been successfully formatted.
om_1        | 2019-11-14 14:23:48,743 INFO db.DBStoreBuilder: Using default options. DBProfile.DISK
scm_1       | 2019-11-14 14:23:45,738 INFO server.Server: jetty-9.3.25.v20180904, build timestamp: 2018-09-04T21:11:46Z, git hash: 3ce520221d0240229c862b122d2b06c12a625732
datanode_3  | 2019-11-14 14:23:49,201 INFO server.RaftServerConfigKeys: raft.server.log.corruption.policy = EXCEPTION (default)
om_1        | 2019-11-14 14:23:49,568 INFO ipc.CallQueueManager: Using callQueue: class java.util.concurrent.LinkedBlockingQueue, queueCapacity: 2000, scheduler: class org.apache.hadoop.ipc.DefaultRpcScheduler, ipcBackoff: false.
datanode_2  | 2019-11-14 14:23:49,815 INFO ratis.ContainerStateMachine: group-A462F2337F15: The snapshot info is null. Setting the last applied indexto:(t:0, i:~)
datanode_1  | 2019-11-14 14:23:50,265 INFO storage.RaftStorage: Storage directory /data/metadata/ratis/154e123b-60db-4c47-8c1c-1bf5caccd0c6 has been successfully formatted.
scm_1       | 2019-11-14 14:23:45,777 INFO handler.ContextHandler: Started o.e.j.s.ServletContextHandler@5fad41be{/logs,file:///var/log/hadoop/,AVAILABLE}
datanode_3  | 2019-11-14 14:23:49,202 INFO storage.RaftStorageDirectory: The storage directory /data/metadata/ratis/869f0006-e117-4117-9780-aa604db3371a does not exist. Creating ...
om_1        | 2019-11-14 14:23:49,577 INFO ipc.Server: Starting Socket Reader #1 for port 9862
datanode_2  | 2019-11-14 14:23:49,815 INFO server.RaftServerConfigKeys: raft.server.notification.no-leader.timeout = 120s (custom)
scm_1       | 2019-11-14 14:23:45,778 INFO handler.ContextHandler: Started o.e.j.s.ServletContextHandler@5bca7664{/static,jar:file:/opt/hadoop/share/ozone/lib/hadoop-hdds-server-scm-0.5.0-SNAPSHOT.jar!/webapps/static,AVAILABLE}
datanode_3  | 2019-11-14 14:23:49,230 INFO storage.RaftStorageDirectory: Lock on /data/metadata/ratis/869f0006-e117-4117-9780-aa604db3371a/in_use.lock acquired by nodename 7@792fa5122298
om_1        | 2019-11-14 14:23:49,625 INFO om.OzoneManager: OzoneManager RPC server is listening at om/172.19.0.2:9862
datanode_2  | 2019-11-14 14:23:49,817 INFO server.RaftServerConfigKeys: raft.server.log.use.memory = false (default)
datanode_1  | 2019-11-14 14:23:50,270 INFO ratis.ContainerStateMachine: group-1BF5CACCD0C6: The snapshot info is null. Setting the last applied indexto:(t:0, i:~)
scm_1       | 2019-11-14 14:23:45,863 INFO handler.ContextHandler: Started o.e.j.w.WebAppContext@de8039f{/,file:///tmp/jetty-0.0.0.0-9876-scm-_-any-5321262240303755992.dir/webapp/,AVAILABLE}{/scm}
om_1        | 2019-11-14 14:23:49,708 INFO impl.MetricsConfig: Loaded properties from hadoop-metrics2.properties
datanode_2  | 2019-11-14 14:23:49,821 INFO server.RaftServerConfigKeys: raft.server.log.purge.gap = 1000000 (custom)
datanode_3  | 2019-11-14 14:23:49,256 INFO storage.RaftStorage: Storage directory /data/metadata/ratis/869f0006-e117-4117-9780-aa604db3371a has been successfully formatted.
datanode_1  | 2019-11-14 14:23:50,270 INFO server.RaftServerConfigKeys: raft.server.notification.no-leader.timeout = 120s (custom)
scm_1       | 2019-11-14 14:23:45,868 INFO server.AbstractConnector: Started ServerConnector@b606cb6{HTTP/1.1,[http/1.1]}{0.0.0.0:9876}
