Attaching to ozonesecure-mr_rm_1, ozonesecure-mr_nm_1, ozonesecure-mr_s3g_1, ozonesecure-mr_kdc_1, jhs, ozonesecure-mr_kms_1, ozonesecure-mr_om_1, ozonesecure-mr_datanode_3, ozonesecure-mr_scm_1, ozonesecure-mr_datanode_2, ozonesecure-mr_datanode_1
nm_1        | Sleeping for 5 seconds
nm_1        | Setting up kerberos!!
nm_1        | KDC ISSUER_SERVER => kdc:8081
nm_1        | /opt/starter.sh: line 66: SLEEP_SECONDS: command not found
nm_1        | Sleeping for  seconds
rm_1        | Sleeping for 5 seconds
rm_1        | Setting up kerberos!!
nm_1        | Got 200, KDC service ready!!
rm_1        | KDC ISSUER_SERVER => kdc:8081
nm_1        | Download dn/nm@EXAMPLE.COM keytab file to /etc/security/keytabs/dn.keytab
nm_1        | --2019-11-06 17:02:55--  http://kdc:8081/keytab/nm/dn
rm_1        | /opt/starter.sh: line 66: SLEEP_SECONDS: command not found
rm_1        | Sleeping for  seconds
rm_1        | Got 200, KDC service ready!!
rm_1        | Download dn/rm@EXAMPLE.COM keytab file to /etc/security/keytabs/dn.keytab
rm_1        | --2019-11-06 17:02:57--  http://kdc:8081/keytab/rm/dn
rm_1        | Resolving kdc (kdc)... 172.19.0.7
s3g_1       | Sleeping for 5 seconds
nm_1        | Resolving kdc (kdc)... 172.19.0.7
jhs         | Sleeping for 5 seconds
kms_1       | Sleeping for 5 seconds
rm_1        | Connecting to kdc (kdc)|172.19.0.7|:8081... connected.
s3g_1       | Setting up kerberos!!
nm_1        | Connecting to kdc (kdc)|172.19.0.7|:8081... connected.
kms_1       | Setting up kerberos!!
jhs         | Setting up kerberos!!
rm_1        | HTTP request sent, awaiting response... 200 OK
s3g_1       | KDC ISSUER_SERVER => kdc:8081
kms_1       | KDC ISSUER_SERVER => kdc:8081
jhs         | KDC ISSUER_SERVER => kdc:8081
rm_1        | Length: 138 [application/octet-stream]
nm_1        | HTTP request sent, awaiting response... 200 OK
s3g_1       | Sleeping for 5 seconds
kms_1       | /opt/starter.sh: line 66: SLEEP_SECONDS: command not found
rm_1        | Saving to: '/etc/security/keytabs/dn.keytab'
jhs         | /opt/starter.sh: line 66: SLEEP_SECONDS: command not found
om_1        | Sleeping for 5 seconds
datanode_3  | Sleeping for 5 seconds
nm_1        | Length: 138 [application/octet-stream]
s3g_1       | Got 200, KDC service ready!!
kms_1       | Sleeping for  seconds
kdc_1       | Issuer is listening on : 8081krb5kdc: starting...
datanode_1  | Sleeping for 5 seconds
rm_1        | 
scm_1       | Sleeping for 5 seconds
jhs         | Sleeping for  seconds
om_1        | Setting up kerberos!!
datanode_3  | Setting up kerberos!!
nm_1        | Saving to: '/etc/security/keytabs/dn.keytab'
s3g_1       | Download dn/s3g@EXAMPLE.COM keytab file to /etc/security/keytabs/dn.keytab
datanode_2  | Sleeping for 5 seconds
kms_1       | Got 200, KDC service ready!!
kdc_1       | kadmind: starting...
datanode_1  | Setting up kerberos!!
rm_1        |      0K                                                       100% 10.2M=0s
scm_1       | Setting up kerberos!!
jhs         | Got 200, KDC service ready!!
om_1        | KDC ISSUER_SERVER => kdc:8081
datanode_3  | KDC ISSUER_SERVER => kdc:8081
nm_1        | 
s3g_1       | --2019-11-06 17:02:56--  http://kdc:8081/keytab/s3g/dn
datanode_2  | Setting up kerberos!!
kms_1       | Download dn/8528df3a987b@EXAMPLE.COM keytab file to /etc/security/keytabs/dn.keytab
kdc_1       | otp: Loaded
datanode_1  | KDC ISSUER_SERVER => kdc:8081
rm_1        | 
scm_1       | KDC ISSUER_SERVER => kdc:8081
jhs         | Download dn/jhs@EXAMPLE.COM keytab file to /etc/security/keytabs/dn.keytab
om_1        | Sleeping for 5 seconds
datanode_3  | Sleeping for 5 seconds
nm_1        |      0K                                                       100% 11.4M=0s
s3g_1       | Resolving kdc (kdc)... 172.19.0.7
datanode_2  | KDC ISSUER_SERVER => kdc:8081
kms_1       | --2019-11-06 17:02:56--  http://kdc:8081/keytab/8528df3a987b/dn
kdc_1       | Nov 06 17:02:44 kdc krb5kdc[9](info): setting up network...
datanode_1  | Sleeping for 5 seconds
rm_1        | 2019-11-06 17:02:58 (10.2 MB/s) - '/etc/security/keytabs/dn.keytab' saved [138/138]
scm_1       | Sleeping for 5 seconds
jhs         | --2019-11-06 17:02:56--  http://kdc:8081/keytab/jhs/dn
om_1        | Got 200, KDC service ready!!
datanode_3  | Got 200, KDC service ready!!
nm_1        | 
s3g_1       | Connecting to kdc (kdc)|172.19.0.7|:8081... connected.
datanode_2  | Sleeping for 5 seconds
kdc_1       | krb5kdc: setsockopt(9,IPV6_V6ONLY,1) worked
kms_1       | Resolving kdc (kdc)... 172.19.0.7
datanode_1  | Got 200, KDC service ready!!
rm_1        | 
scm_1       | Got 200, KDC service ready!!
jhs         | Resolving kdc (kdc)... 172.19.0.7
om_1        | Download dn/om@EXAMPLE.COM keytab file to /etc/security/keytabs/dn.keytab
datanode_3  | Download dn/aa501baf677d@EXAMPLE.COM keytab file to /etc/security/keytabs/dn.keytab
nm_1        | 2019-11-06 17:02:56 (11.4 MB/s) - '/etc/security/keytabs/dn.keytab' saved [138/138]
s3g_1       | HTTP request sent, awaiting response... 200 OK
datanode_2  | Got 200, KDC service ready!!
kdc_1       | krb5kdc: setsockopt(11,IPV6_V6ONLY,1) worked
kms_1       | Connecting to kdc (kdc)|172.19.0.7|:8081... connected.
datanode_1  | Download dn/ce6aaf7720cf@EXAMPLE.COM keytab file to /etc/security/keytabs/dn.keytab
rm_1        | Keytab name: FILE:/etc/security/keytabs/dn.keytab
scm_1       | Download dn/scm@EXAMPLE.COM keytab file to /etc/security/keytabs/dn.keytab
jhs         | Connecting to kdc (kdc)|172.19.0.7|:8081... connected.
om_1        | --2019-11-06 17:02:56--  http://kdc:8081/keytab/om/dn
nm_1        | 
datanode_2  | Download dn/ad76cb1da4d1@EXAMPLE.COM keytab file to /etc/security/keytabs/dn.keytab
s3g_1       | Length: 140 [application/octet-stream]
datanode_3  | --2019-11-06 17:02:56--  http://kdc:8081/keytab/aa501baf677d/dn
kdc_1       | Nov 06 17:02:44 kdc krb5kdc[9](info): set up 4 sockets
kms_1       | HTTP request sent, awaiting response... 200 OK
datanode_1  | --2019-11-06 17:02:53--  http://kdc:8081/keytab/ce6aaf7720cf/dn
rm_1        | KVNO Timestamp         Principal
scm_1       | --2019-11-06 17:02:55--  http://kdc:8081/keytab/scm/dn
jhs         | HTTP request sent, awaiting response... 200 OK
om_1        | Resolving kdc (kdc)... 172.19.0.7
nm_1        | Keytab name: FILE:/etc/security/keytabs/dn.keytab
datanode_2  | --2019-11-06 17:02:54--  http://kdc:8081/keytab/ad76cb1da4d1/dn
s3g_1       | Saving to: '/etc/security/keytabs/dn.keytab'
datanode_3  | Resolving kdc (kdc)... 172.19.0.7
kdc_1       | Nov 06 17:02:44 kdc krb5kdc[9](info): commencing operation
kms_1       | Length: 158 [application/octet-stream]
datanode_1  | Resolving kdc (kdc)... 172.19.0.7
rm_1        | ---- ----------------- --------------------------------------------------------
scm_1       | Resolving kdc (kdc)... 172.19.0.7
jhs         | Length: 140 [application/octet-stream]
om_1        | Connecting to kdc (kdc)|172.19.0.7|:8081... connected.
nm_1        | KVNO Timestamp         Principal
datanode_2  | Resolving kdc (kdc)... 172.19.0.7
s3g_1       | 
datanode_3  | Connecting to kdc (kdc)|172.19.0.7|:8081... connected.
kdc_1       | Nov 06 17:02:30 d10702eb8160 kadmin.local[1](info): No dictionary file specified, continuing without one.
kms_1       | Saving to: '/etc/security/keytabs/dn.keytab'
datanode_1  | Connecting to kdc (kdc)|172.19.0.7|:8081... connected.
rm_1        |    2 11/06/19 17:02:58 dn/rm@EXAMPLE.COM
scm_1       | Connecting to kdc (kdc)|172.19.0.7|:8081... connected.
jhs         | Saving to: '/etc/security/keytabs/dn.keytab'
om_1        | HTTP request sent, awaiting response... 200 OK
nm_1        | ---- ----------------- --------------------------------------------------------
datanode_2  | Connecting to kdc (kdc)|172.19.0.7|:8081... connected.
s3g_1       |      0K                                                       100% 9.65M=0s
datanode_3  | HTTP request sent, awaiting response... 200 OK
kdc_1       | Nov 06 17:02:32 fa3611167498 kadmin.local[1](info): No dictionary file specified, continuing without one.
kms_1       | 
datanode_1  | HTTP request sent, awaiting response... 200 OK
rm_1        |    2 11/06/19 17:02:58 dn/rm@EXAMPLE.COM
jhs         | 
scm_1       | HTTP request sent, awaiting response... 200 OK
om_1        | Length: 138 [application/octet-stream]
nm_1        |    2 11/06/19 17:02:56 dn/nm@EXAMPLE.COM
datanode_2  | HTTP request sent, awaiting response... 200 OK
s3g_1       | 
datanode_3  | Length: 158 [application/octet-stream]
kdc_1       | Nov 06 17:02:48 kdc kadmind[15](info): No dictionary file specified, continuing without one.
kms_1       |      0K                                                       100% 8.13M=0s
datanode_1  | Length: 158 [application/octet-stream]
rm_1        | Download om/rm@EXAMPLE.COM keytab file to /etc/security/keytabs/om.keytab
jhs         |      0K                                                       100% 10.8M=0s
scm_1       | Length: 140 [application/octet-stream]
om_1        | Saving to: '/etc/security/keytabs/dn.keytab'
datanode_2  | Length: 158 [application/octet-stream]
s3g_1       | 2019-11-06 17:02:57 (9.65 MB/s) - '/etc/security/keytabs/dn.keytab' saved [140/140]
nm_1        |    2 11/06/19 17:02:56 dn/nm@EXAMPLE.COM
datanode_3  | Saving to: '/etc/security/keytabs/dn.keytab'
kdc_1       | Nov 06 17:02:48 kdc kadmind[15](info): setting up network...
kms_1       | 
datanode_1  | Saving to: '/etc/security/keytabs/dn.keytab'
rm_1        | --2019-11-06 17:02:58--  http://kdc:8081/keytab/rm/om
jhs         | 
scm_1       | Saving to: '/etc/security/keytabs/dn.keytab'
om_1        | 
datanode_2  | Saving to: '/etc/security/keytabs/dn.keytab'
s3g_1       | 
datanode_3  | 
kdc_1       | kadmind: setsockopt(9,IPV6_V6ONLY,1) worked
kms_1       | 2019-11-06 17:02:57 (8.13 MB/s) - '/etc/security/keytabs/dn.keytab' saved [158/158]
nm_1        | Download om/nm@EXAMPLE.COM keytab file to /etc/security/keytabs/om.keytab
datanode_1  | 
rm_1        | Resolving kdc (kdc)... 172.19.0.7
jhs         | 2019-11-06 17:02:57 (10.8 MB/s) - '/etc/security/keytabs/dn.keytab' saved [140/140]
scm_1       | 
om_1        |      0K                                                       100% 10.2M=0s
datanode_2  | 
s3g_1       | Keytab name: FILE:/etc/security/keytabs/dn.keytab
datanode_3  |      0K                                                       100% 12.2M=0s
kdc_1       | kadmind: setsockopt(11,IPV6_V6ONLY,1) worked
kms_1       | 
nm_1        | --2019-11-06 17:02:56--  http://kdc:8081/keytab/nm/om
datanode_1  |      0K                                                       100% 10.5M=0s
rm_1        | Connecting to kdc (kdc)|172.19.0.7|:8081... connected.
jhs         | 
scm_1       |      0K                                                       100% 10.9M=0s
om_1        | 
datanode_2  |      0K                                                       100% 13.7M=0s
s3g_1       | KVNO Timestamp         Principal
datanode_3  | 
kdc_1       | kadmind: setsockopt(13,IPV6_V6ONLY,1) worked
kms_1       | Keytab name: FILE:/etc/security/keytabs/dn.keytab
nm_1        | Resolving kdc (kdc)... 172.19.0.7
datanode_1  | 
rm_1        | HTTP request sent, awaiting response... 200 OK
jhs         | Keytab name: FILE:/etc/security/keytabs/dn.keytab
scm_1       | 
om_1        | 2019-11-06 17:02:56 (10.2 MB/s) - '/etc/security/keytabs/dn.keytab' saved [138/138]
datanode_2  | 
s3g_1       | ---- ----------------- --------------------------------------------------------
datanode_3  | 2019-11-06 17:02:57 (12.2 MB/s) - '/etc/security/keytabs/dn.keytab' saved [158/158]
kdc_1       | Nov 06 17:02:48 kdc kadmind[15](info): set up 6 sockets
kms_1       | KVNO Timestamp         Principal
nm_1        | Connecting to kdc (kdc)|172.19.0.7|:8081... connected.
datanode_1  | 2019-11-06 17:02:54 (10.5 MB/s) - '/etc/security/keytabs/dn.keytab' saved [158/158]
rm_1        | Length: 138 [application/octet-stream]
scm_1       | 2019-11-06 17:02:56 (10.9 MB/s) - '/etc/security/keytabs/dn.keytab' saved [140/140]
jhs         | KVNO Timestamp         Principal
om_1        | 
datanode_2  | 2019-11-06 17:02:54 (13.7 MB/s) - '/etc/security/keytabs/dn.keytab' saved [158/158]
s3g_1       |    2 11/06/19 17:02:57 dn/s3g@EXAMPLE.COM
datanode_3  | 
kdc_1       | Nov 06 17:02:48 kdc kadmind[15](info): Seeding random number generator
nm_1        | HTTP request sent, awaiting response... 200 OK
kms_1       | ---- ----------------- --------------------------------------------------------
datanode_1  | 
rm_1        | Saving to: '/etc/security/keytabs/om.keytab'
scm_1       | 
om_1        | Keytab name: FILE:/etc/security/keytabs/dn.keytab
datanode_2  | 
jhs         | ---- ----------------- --------------------------------------------------------
s3g_1       |    2 11/06/19 17:02:57 dn/s3g@EXAMPLE.COM
nm_1        | Length: 138 [application/octet-stream]
kdc_1       | Nov 06 17:02:48 kdc kadmind[15](info): starting
datanode_3  | Keytab name: FILE:/etc/security/keytabs/dn.keytab
kms_1       |    2 11/06/19 17:02:57 dn/8528df3a987b@EXAMPLE.COM
datanode_1  | Keytab name: FILE:/etc/security/keytabs/dn.keytab
rm_1        | 
scm_1       | Keytab name: FILE:/etc/security/keytabs/dn.keytab
om_1        | KVNO Timestamp         Principal
datanode_2  | Keytab name: FILE:/etc/security/keytabs/dn.keytab
jhs         |    2 11/06/19 17:02:57 dn/jhs@EXAMPLE.COM
s3g_1       | Download om/s3g@EXAMPLE.COM keytab file to /etc/security/keytabs/om.keytab
nm_1        | Saving to: '/etc/security/keytabs/om.keytab'
kdc_1       | Generiting keytab
datanode_3  | KVNO Timestamp         Principal
kms_1       |    2 11/06/19 17:02:57 dn/8528df3a987b@EXAMPLE.COM
datanode_1  | KVNO Timestamp         Principal
rm_1        |      0K                                                       100% 9.19M=0s
scm_1       | KVNO Timestamp         Principal
om_1        | ---- ----------------- --------------------------------------------------------
datanode_2  | KVNO Timestamp         Principal
jhs         |    2 11/06/19 17:02:57 dn/jhs@EXAMPLE.COM
s3g_1       | --2019-11-06 17:02:57--  http://kdc:8081/keytab/s3g/om
nm_1        | 
kdc_1       | Authenticating as principal admin/admin with keytab /tmp/admin.keytab.
datanode_3  | ---- ----------------- --------------------------------------------------------
kms_1       | Download om/8528df3a987b@EXAMPLE.COM keytab file to /etc/security/keytabs/om.keytab
datanode_1  | ---- ----------------- --------------------------------------------------------
rm_1        | 
scm_1       | ---- ----------------- --------------------------------------------------------
om_1        |    2 11/06/19 17:02:56 dn/om@EXAMPLE.COM
datanode_2  | ---- ----------------- --------------------------------------------------------
jhs         | Download om/jhs@EXAMPLE.COM keytab file to /etc/security/keytabs/om.keytab
s3g_1       | Resolving kdc (kdc)... 172.19.0.7
kdc_1       | WARNING: no policy specified for test/test@EXAMPLE.COM; defaulting to no policy
nm_1        |      0K                                                       100% 12.4M=0s
datanode_3  |    2 11/06/19 17:02:56 dn/aa501baf677d@EXAMPLE.COM
kms_1       | --2019-11-06 17:02:57--  http://kdc:8081/keytab/8528df3a987b/om
datanode_1  |    2 11/06/19 17:02:54 dn/ce6aaf7720cf@EXAMPLE.COM
rm_1        | 2019-11-06 17:03:00 (9.19 MB/s) - '/etc/security/keytabs/om.keytab' saved [138/138]
scm_1       |    2 11/06/19 17:02:56 dn/scm@EXAMPLE.COM
om_1        |    2 11/06/19 17:02:56 dn/om@EXAMPLE.COM
datanode_2  |    2 11/06/19 17:02:54 dn/ad76cb1da4d1@EXAMPLE.COM
s3g_1       | Connecting to kdc (kdc)|172.19.0.7|:8081... connected.
jhs         | --2019-11-06 17:02:57--  http://kdc:8081/keytab/jhs/om
kdc_1       | Principal "test/test@EXAMPLE.COM" created.
nm_1        | 
datanode_3  |    2 11/06/19 17:02:57 dn/aa501baf677d@EXAMPLE.COM
kms_1       | Resolving kdc (kdc)... 172.19.0.7
datanode_1  |    2 11/06/19 17:02:54 dn/ce6aaf7720cf@EXAMPLE.COM
rm_1        | 
scm_1       |    2 11/06/19 17:02:56 dn/scm@EXAMPLE.COM
om_1        | Download om/om@EXAMPLE.COM keytab file to /etc/security/keytabs/om.keytab
datanode_2  |    2 11/06/19 17:02:54 dn/ad76cb1da4d1@EXAMPLE.COM
s3g_1       | HTTP request sent, awaiting response... 200 OK
jhs         | Resolving kdc (kdc)... 172.19.0.7
kdc_1       | Authenticating as principal admin/admin with keytab /tmp/admin.keytab.
nm_1        | 2019-11-06 17:02:57 (12.4 MB/s) - '/etc/security/keytabs/om.keytab' saved [138/138]
datanode_3  | Download om/aa501baf677d@EXAMPLE.COM keytab file to /etc/security/keytabs/om.keytab
kms_1       | Connecting to kdc (kdc)|172.19.0.7|:8081... connected.
datanode_1  | Download om/ce6aaf7720cf@EXAMPLE.COM keytab file to /etc/security/keytabs/om.keytab
rm_1        | Keytab name: FILE:/etc/security/keytabs/om.keytab
scm_1       | Download om/scm@EXAMPLE.COM keytab file to /etc/security/keytabs/om.keytab
om_1        | --2019-11-06 17:02:56--  http://kdc:8081/keytab/om/om
datanode_2  | Download om/ad76cb1da4d1@EXAMPLE.COM keytab file to /etc/security/keytabs/om.keytab
s3g_1       | Length: 140 [application/octet-stream]
jhs         | Connecting to kdc (kdc)|172.19.0.7|:8081... connected.
kdc_1       | Entry for principal test/test@EXAMPLE.COM with kvno 2, encryption type aes256-cts-hmac-sha1-96 added to keytab WRFILE:/data/test.test.keytab.
nm_1        | 
datanode_3  | --2019-11-06 17:02:57--  http://kdc:8081/keytab/aa501baf677d/om
kms_1       | HTTP request sent, awaiting response... 200 OK
datanode_1  | --2019-11-06 17:02:54--  http://kdc:8081/keytab/ce6aaf7720cf/om
rm_1        | KVNO Timestamp         Principal
scm_1       | --2019-11-06 17:02:56--  http://kdc:8081/keytab/scm/om
om_1        | Resolving kdc (kdc)... 172.19.0.7
datanode_2  | --2019-11-06 17:02:54--  http://kdc:8081/keytab/ad76cb1da4d1/om
s3g_1       | Saving to: '/etc/security/keytabs/om.keytab'
jhs         | HTTP request sent, awaiting response... 200 OK
kdc_1       | Entry for principal test/test@EXAMPLE.COM with kvno 2, encryption type aes128-cts-hmac-sha1-96 added to keytab WRFILE:/data/test.test.keytab.
nm_1        | Keytab name: FILE:/etc/security/keytabs/om.keytab
datanode_3  | Resolving kdc (kdc)... 172.19.0.7
kms_1       | Length: 158 [application/octet-stream]
datanode_1  | Resolving kdc (kdc)... 172.19.0.7
rm_1        | ---- ----------------- --------------------------------------------------------
scm_1       | Resolving kdc (kdc)... 172.19.0.7
om_1        | Connecting to kdc (kdc)|172.19.0.7|:8081... connected.
datanode_2  | Resolving kdc (kdc)... 172.19.0.7
s3g_1       | 
jhs         | Length: 140 [application/octet-stream]
kdc_1       | Generiting keytab
nm_1        | KVNO Timestamp         Principal
datanode_3  | Connecting to kdc (kdc)|172.19.0.7|:8081... connected.
kms_1       | Saving to: '/etc/security/keytabs/om.keytab'
datanode_1  | Connecting to kdc (kdc)|172.19.0.7|:8081... connected.
rm_1        |    2 11/06/19 17:03:00 om/rm@EXAMPLE.COM
scm_1       | Connecting to kdc (kdc)|172.19.0.7|:8081... connected.
om_1        | HTTP request sent, awaiting response... 200 OK
datanode_2  | Connecting to kdc (kdc)|172.19.0.7|:8081... connected.
s3g_1       |      0K                                                       100% 17.2M=0s
jhs         | Saving to: '/etc/security/keytabs/om.keytab'
kdc_1       | Authenticating as principal admin/admin with keytab /tmp/admin.keytab.
nm_1        | ---- ----------------- --------------------------------------------------------
datanode_3  | HTTP request sent, awaiting response... 200 OK
kms_1       | 
datanode_1  | HTTP request sent, awaiting response... 200 OK
rm_1        |    2 11/06/19 17:03:00 om/rm@EXAMPLE.COM
scm_1       | HTTP request sent, awaiting response... 200 OK
om_1        | Length: 138 [application/octet-stream]
datanode_2  | HTTP request sent, awaiting response... 200 OK
s3g_1       | 
jhs         | 
kdc_1       | WARNING: no policy specified for test/test@EXAMPLE.COM; defaulting to no policy
nm_1        |    2 11/06/19 17:02:57 om/nm@EXAMPLE.COM
datanode_3  | Length: 158 [application/octet-stream]
kms_1       |      0K                                                       100% 12.2M=0s
datanode_1  | Length: 158 [application/octet-stream]
rm_1        | Download scm/rm@EXAMPLE.COM keytab file to /etc/security/keytabs/scm.keytab
scm_1       | Length: 140 [application/octet-stream]
om_1        | Saving to: '/etc/security/keytabs/om.keytab'
datanode_2  | Length: 158 [application/octet-stream]
s3g_1       | 2019-11-06 17:02:59 (17.2 MB/s) - '/etc/security/keytabs/om.keytab' saved [140/140]
jhs         |      0K                                                       100% 10.2M=0s
kdc_1       | add_principal: Principal or policy already exists while creating "test/test@EXAMPLE.COM".
nm_1        |    2 11/06/19 17:02:57 om/nm@EXAMPLE.COM
datanode_3  | Saving to: '/etc/security/keytabs/om.keytab'
kms_1       | 
datanode_1  | Saving to: '/etc/security/keytabs/om.keytab'
rm_1        | --2019-11-06 17:03:00--  http://kdc:8081/keytab/rm/scm
scm_1       | Saving to: '/etc/security/keytabs/om.keytab'
om_1        | 
datanode_2  | Saving to: '/etc/security/keytabs/om.keytab'
s3g_1       | 
jhs         | 
kdc_1       | Authenticating as principal admin/admin with keytab /tmp/admin.keytab.
nm_1        | Download scm/nm@EXAMPLE.COM keytab file to /etc/security/keytabs/scm.keytab
datanode_3  | 
kms_1       | 2019-11-06 17:02:59 (12.2 MB/s) - '/etc/security/keytabs/om.keytab' saved [158/158]
datanode_1  | 
rm_1        | Resolving kdc (kdc)... 172.19.0.7
scm_1       | 
om_1        |      0K                                                       100% 9.07M=0s
datanode_2  | 
s3g_1       | Keytab name: FILE:/etc/security/keytabs/om.keytab
jhs         | 2019-11-06 17:02:58 (10.2 MB/s) - '/etc/security/keytabs/om.keytab' saved [140/140]
kdc_1       | Entry for principal test/test@EXAMPLE.COM with kvno 3, encryption type aes256-cts-hmac-sha1-96 added to keytab WRFILE:/data/test.test.keytab.
nm_1        | --2019-11-06 17:02:57--  http://kdc:8081/keytab/nm/scm
datanode_3  |      0K                                                       100% 13.3M=0s
kms_1       | 
rm_1        | Connecting to kdc (kdc)|172.19.0.7|:8081... connected.
scm_1       |      0K                                                       100% 12.1M=0s
datanode_1  |      0K                                                       100% 14.5M=0s
om_1        | 
datanode_2  |      0K                                                       100% 11.5M=0s
s3g_1       | KVNO Timestamp         Principal
jhs         | 
kdc_1       | Entry for principal test/test@EXAMPLE.COM with kvno 3, encryption type aes128-cts-hmac-sha1-96 added to keytab WRFILE:/data/test.test.keytab.
nm_1        | Resolving kdc (kdc)... 172.19.0.7
datanode_3  | 
kms_1       | Keytab name: FILE:/etc/security/keytabs/om.keytab
rm_1        | HTTP request sent, awaiting response... 200 OK
scm_1       | 
datanode_1  | 
om_1        | 2019-11-06 17:02:58 (9.07 MB/s) - '/etc/security/keytabs/om.keytab' saved [138/138]
datanode_2  | 
s3g_1       | ---- ----------------- --------------------------------------------------------
jhs         | Keytab name: FILE:/etc/security/keytabs/om.keytab
kdc_1       | Generiting keytab
nm_1        | Connecting to kdc (kdc)|172.19.0.7|:8081... connected.
datanode_3  | 2019-11-06 17:02:58 (13.3 MB/s) - '/etc/security/keytabs/om.keytab' saved [158/158]
kms_1       | KVNO Timestamp         Principal
rm_1        | Length: 140 [application/octet-stream]
datanode_1  | 2019-11-06 17:02:54 (14.5 MB/s) - '/etc/security/keytabs/om.keytab' saved [158/158]
om_1        | 
scm_1       | 2019-11-06 17:02:57 (12.1 MB/s) - '/etc/security/keytabs/om.keytab' saved [140/140]
datanode_2  | 2019-11-06 17:02:54 (11.5 MB/s) - '/etc/security/keytabs/om.keytab' saved [158/158]
s3g_1       |    2 11/06/19 17:02:59 om/s3g@EXAMPLE.COM
jhs         | KVNO Timestamp         Principal
kdc_1       | Authenticating as principal admin/admin with keytab /tmp/admin.keytab.
nm_1        | HTTP request sent, awaiting response... 200 OK
datanode_3  | 
kms_1       | ---- ----------------- --------------------------------------------------------
rm_1        | Saving to: '/etc/security/keytabs/scm.keytab'
datanode_1  | 
om_1        | Keytab name: FILE:/etc/security/keytabs/om.keytab
scm_1       | 
datanode_2  | 
s3g_1       |    2 11/06/19 17:02:59 om/s3g@EXAMPLE.COM
jhs         | ---- ----------------- --------------------------------------------------------
kdc_1       | WARNING: no policy specified for dn/ce6aaf7720cf@EXAMPLE.COM; defaulting to no policy
nm_1        | Length: 140 [application/octet-stream]
datanode_3  | Keytab name: FILE:/etc/security/keytabs/om.keytab
kms_1       |    2 11/06/19 17:02:59 om/8528df3a987b@EXAMPLE.COM
rm_1        | 
datanode_1  | Keytab name: FILE:/etc/security/keytabs/om.keytab
scm_1       | Keytab name: FILE:/etc/security/keytabs/om.keytab
om_1        | KVNO Timestamp         Principal
datanode_2  | Keytab name: FILE:/etc/security/keytabs/om.keytab
s3g_1       | Download scm/s3g@EXAMPLE.COM keytab file to /etc/security/keytabs/scm.keytab
jhs         |    2 11/06/19 17:02:58 om/jhs@EXAMPLE.COM
kdc_1       | Principal "dn/ce6aaf7720cf@EXAMPLE.COM" created.
nm_1        | Saving to: '/etc/security/keytabs/scm.keytab'
datanode_3  | KVNO Timestamp         Principal
kms_1       |    2 11/06/19 17:02:59 om/8528df3a987b@EXAMPLE.COM
datanode_1  | KVNO Timestamp         Principal
scm_1       | KVNO Timestamp         Principal
rm_1        |      0K                                                       100% 10.6M=0s
om_1        | ---- ----------------- --------------------------------------------------------
datanode_2  | KVNO Timestamp         Principal
s3g_1       | --2019-11-06 17:02:59--  http://kdc:8081/keytab/s3g/scm
jhs         |    2 11/06/19 17:02:58 om/jhs@EXAMPLE.COM
kdc_1       | Authenticating as principal admin/admin with keytab /tmp/admin.keytab.
nm_1        | 
datanode_3  | ---- ----------------- --------------------------------------------------------
kms_1       | Download scm/8528df3a987b@EXAMPLE.COM keytab file to /etc/security/keytabs/scm.keytab
datanode_1  | ---- ----------------- --------------------------------------------------------
scm_1       | ---- ----------------- --------------------------------------------------------
rm_1        | 
om_1        |    2 11/06/19 17:02:58 om/om@EXAMPLE.COM
datanode_2  | ---- ----------------- --------------------------------------------------------
s3g_1       | Resolving kdc (kdc)... 172.19.0.7
jhs         | Download scm/jhs@EXAMPLE.COM keytab file to /etc/security/keytabs/scm.keytab
kdc_1       | Nov 06 17:02:53 kdc krb5kdc[9](info): AS_REQ (8 etypes {18 17 20 19 16 23 25 26}) 127.0.0.1: SERVER_NOT_FOUND: admin/admin@EXAMPLE.COM for kadmin/localhost@EXAMPLE.COM, Server not found in Kerberos database
nm_1        |      0K                                                       100% 10.5M=0s
datanode_3  |    2 11/06/19 17:02:58 om/aa501baf677d@EXAMPLE.COM
kms_1       | --2019-11-06 17:02:59--  http://kdc:8081/keytab/8528df3a987b/scm
datanode_1  |    2 11/06/19 17:02:54 om/ce6aaf7720cf@EXAMPLE.COM
scm_1       |    2 11/06/19 17:02:57 om/scm@EXAMPLE.COM
rm_1        | 2019-11-06 17:03:02 (10.6 MB/s) - '/etc/security/keytabs/scm.keytab' saved [140/140]
om_1        |    2 11/06/19 17:02:58 om/om@EXAMPLE.COM
datanode_2  |    2 11/06/19 17:02:54 om/ad76cb1da4d1@EXAMPLE.COM
s3g_1       | Connecting to kdc (kdc)|172.19.0.7|:8081... connected.
jhs         | --2019-11-06 17:02:58--  http://kdc:8081/keytab/jhs/scm
kdc_1       | Nov 06 17:02:53 kdc krb5kdc[9](info): AS_REQ (8 etypes {18 17 20 19 16 23 25 26}) 127.0.0.1: ISSUE: authtime 1573059773, etypes {rep=18 tkt=18 ses=18}, admin/admin@EXAMPLE.COM for kadmin/admin@EXAMPLE.COM
nm_1        | 
datanode_3  |    2 11/06/19 17:02:58 om/aa501baf677d@EXAMPLE.COM
kms_1       | Resolving kdc (kdc)... 172.19.0.7
datanode_1  |    2 11/06/19 17:02:54 om/ce6aaf7720cf@EXAMPLE.COM
scm_1       |    2 11/06/19 17:02:57 om/scm@EXAMPLE.COM
om_1        | Download scm/om@EXAMPLE.COM keytab file to /etc/security/keytabs/scm.keytab
rm_1        | 
datanode_2  |    2 11/06/19 17:02:54 om/ad76cb1da4d1@EXAMPLE.COM
s3g_1       | HTTP request sent, awaiting response... 200 OK
jhs         | Resolving kdc (kdc)... 172.19.0.7
kdc_1       | Nov 06 17:02:53 kdc krb5kdc[9](info): AS_REQ (8 etypes {18 17 20 19 16 23 25 26}) 127.0.0.1: SERVER_NOT_FOUND: admin/admin@EXAMPLE.COM for kadmin/localhost@EXAMPLE.COM, Server not found in Kerberos database
nm_1        | 2019-11-06 17:02:59 (10.5 MB/s) - '/etc/security/keytabs/scm.keytab' saved [140/140]
datanode_3  | Download scm/aa501baf677d@EXAMPLE.COM keytab file to /etc/security/keytabs/scm.keytab
kms_1       | Connecting to kdc (kdc)|172.19.0.7|:8081... connected.
datanode_1  | Download scm/ce6aaf7720cf@EXAMPLE.COM keytab file to /etc/security/keytabs/scm.keytab
scm_1       | Download scm/scm@EXAMPLE.COM keytab file to /etc/security/keytabs/scm.keytab
om_1        | --2019-11-06 17:02:58--  http://kdc:8081/keytab/om/scm
rm_1        | Keytab name: FILE:/etc/security/keytabs/scm.keytab
datanode_2  | Download scm/ad76cb1da4d1@EXAMPLE.COM keytab file to /etc/security/keytabs/scm.keytab
s3g_1       | Length: 142 [application/octet-stream]
jhs         | Connecting to kdc (kdc)|172.19.0.7|:8081... connected.
kdc_1       | Nov 06 17:02:53 kdc krb5kdc[9](info): AS_REQ (8 etypes {18 17 20 19 16 23 25 26}) 127.0.0.1: ISSUE: authtime 1573059773, etypes {rep=18 tkt=18 ses=18}, admin/admin@EXAMPLE.COM for kadmin/admin@EXAMPLE.COM
nm_1        | 
datanode_3  | --2019-11-06 17:02:58--  http://kdc:8081/keytab/aa501baf677d/scm
kms_1       | HTTP request sent, awaiting response... 200 OK
datanode_1  | --2019-11-06 17:02:54--  http://kdc:8081/keytab/ce6aaf7720cf/scm
scm_1       | --2019-11-06 17:02:57--  http://kdc:8081/keytab/scm/scm
om_1        | Resolving kdc (kdc)... 172.19.0.7
rm_1        | KVNO Timestamp         Principal
datanode_2  | --2019-11-06 17:02:54--  http://kdc:8081/keytab/ad76cb1da4d1/scm
s3g_1       | Saving to: '/etc/security/keytabs/scm.keytab'
jhs         | HTTP request sent, awaiting response... 200 OK
kdc_1       | Nov 06 17:02:53 kdc krb5kdc[9](info): AS_REQ (8 etypes {18 17 20 19 16 23 25 26}) 127.0.0.1: SERVER_NOT_FOUND: admin/admin@EXAMPLE.COM for kadmin/localhost@EXAMPLE.COM, Server not found in Kerberos database
nm_1        | Keytab name: FILE:/etc/security/keytabs/scm.keytab
datanode_3  | Resolving kdc (kdc)... 172.19.0.7
kms_1       | Length: 160 [application/octet-stream]
datanode_1  | Resolving kdc (kdc)... 172.19.0.7
scm_1       | Resolving kdc (kdc)... 172.19.0.7
om_1        | Connecting to kdc (kdc)|172.19.0.7|:8081... connected.
rm_1        | ---- ----------------- --------------------------------------------------------
datanode_2  | Resolving kdc (kdc)... 172.19.0.7
s3g_1       | 
jhs         | Length: 142 [application/octet-stream]
kdc_1       | Nov 06 17:02:53 kdc krb5kdc[9](info): AS_REQ (8 etypes {18 17 20 19 16 23 25 26}) 127.0.0.1: ISSUE: authtime 1573059773, etypes {rep=18 tkt=18 ses=18}, admin/admin@EXAMPLE.COM for kadmin/admin@EXAMPLE.COM
nm_1        | KVNO Timestamp         Principal
datanode_3  | Connecting to kdc (kdc)|172.19.0.7|:8081... connected.
kms_1       | Saving to: '/etc/security/keytabs/scm.keytab'
datanode_1  | Connecting to kdc (kdc)|172.19.0.7|:8081... connected.
scm_1       | Connecting to kdc (kdc)|172.19.0.7|:8081... connected.
om_1        | HTTP request sent, awaiting response... 200 OK
rm_1        |    2 11/06/19 17:03:02 scm/rm@EXAMPLE.COM
datanode_2  | Connecting to kdc (kdc)|172.19.0.7|:8081... connected.
s3g_1       |      0K                                                       100% 8.53M=0s
jhs         | Saving to: '/etc/security/keytabs/scm.keytab'
kdc_1       | Nov 06 17:02:53 kdc krb5kdc[9](info): AS_REQ (8 etypes {18 17 20 19 16 23 25 26}) 127.0.0.1: SERVER_NOT_FOUND: admin/admin@EXAMPLE.COM for kadmin/localhost@EXAMPLE.COM, Server not found in Kerberos database
nm_1        | ---- ----------------- --------------------------------------------------------
datanode_3  | HTTP request sent, awaiting response... 200 OK
kms_1       | 
datanode_1  | HTTP request sent, awaiting response... 200 OK
scm_1       | HTTP request sent, awaiting response... 200 OK
om_1        | Length: 140 [application/octet-stream]
rm_1        |    2 11/06/19 17:03:02 scm/rm@EXAMPLE.COM
datanode_2  | HTTP request sent, awaiting response... 200 OK
s3g_1       | 
jhs         | 
kdc_1       | Nov 06 17:02:53 kdc krb5kdc[9](info): AS_REQ (8 etypes {18 17 20 19 16 23 25 26}) 127.0.0.1: ISSUE: authtime 1573059773, etypes {rep=18 tkt=18 ses=18}, admin/admin@EXAMPLE.COM for kadmin/admin@EXAMPLE.COM
nm_1        |    2 11/06/19 17:02:59 scm/nm@EXAMPLE.COM
datanode_3  | Length: 160 [application/octet-stream]
kms_1       |      0K                                                       100% 9.94M=0s
datanode_1  | Length: 160 [application/octet-stream]
scm_1       | Length: 142 [application/octet-stream]
om_1        | Saving to: '/etc/security/keytabs/scm.keytab'
rm_1        | Download HTTP/rm@EXAMPLE.COM keytab file to /etc/security/keytabs/HTTP.keytab
datanode_2  | Length: 160 [application/octet-stream]
s3g_1       | 2019-11-06 17:03:01 (8.53 MB/s) - '/etc/security/keytabs/scm.keytab' saved [142/142]
jhs         |      0K                                                       100% 7.52M=0s
kdc_1       | Nov 06 17:02:54 kdc krb5kdc[9](info): AS_REQ (8 etypes {18 17 20 19 16 23 25 26}) 127.0.0.1: SERVER_NOT_FOUND: admin/admin@EXAMPLE.COM for kadmin/localhost@EXAMPLE.COM, Server not found in Kerberos database
nm_1        |    2 11/06/19 17:02:59 scm/nm@EXAMPLE.COM
datanode_3  | Saving to: '/etc/security/keytabs/scm.keytab'
kms_1       | 
datanode_1  | Saving to: '/etc/security/keytabs/scm.keytab'
om_1        | 
scm_1       | Saving to: '/etc/security/keytabs/scm.keytab'
rm_1        | --2019-11-06 17:03:02--  http://kdc:8081/keytab/rm/HTTP
datanode_2  | Saving to: '/etc/security/keytabs/scm.keytab'
s3g_1       | 
jhs         | 
kdc_1       | Nov 06 17:02:54 kdc krb5kdc[9](info): AS_REQ (8 etypes {18 17 20 19 16 23 25 26}) 127.0.0.1: ISSUE: authtime 1573059774, etypes {rep=18 tkt=18 ses=18}, admin/admin@EXAMPLE.COM for kadmin/admin@EXAMPLE.COM
nm_1        | Download HTTP/nm@EXAMPLE.COM keytab file to /etc/security/keytabs/HTTP.keytab
datanode_3  | 
kms_1       | 2019-11-06 17:03:00 (9.94 MB/s) - '/etc/security/keytabs/scm.keytab' saved [160/160]
datanode_1  | 
om_1        |      0K                                                       100% 9.60M=0s
scm_1       | 
rm_1        | Resolving kdc (kdc)... 172.19.0.7
datanode_2  | 
s3g_1       | Keytab name: FILE:/etc/security/keytabs/scm.keytab
jhs         | 2019-11-06 17:03:00 (7.52 MB/s) - '/etc/security/keytabs/scm.keytab' saved [142/142]
kdc_1       | Nov 06 17:02:54 kdc krb5kdc[9](info): AS_REQ (8 etypes {18 17 20 19 16 23 25 26}) 127.0.0.1: SERVER_NOT_FOUND: admin/admin@EXAMPLE.COM for kadmin/localhost@EXAMPLE.COM, Server not found in Kerberos database
nm_1        | --2019-11-06 17:02:59--  http://kdc:8081/keytab/nm/HTTP
datanode_3  |      0K                                                       100% 14.2M=0s
kms_1       | 
datanode_1  |      0K                                                       100% 9.04M=0s
om_1        | 
scm_1       |      0K                                                       100% 11.1M=0s
rm_1        | Connecting to kdc (kdc)|172.19.0.7|:8081... connected.
datanode_2  |      0K                                                       100% 10.9M=0s
s3g_1       | KVNO Timestamp         Principal
jhs         | 
kdc_1       | Nov 06 17:02:54 kdc krb5kdc[9](info): AS_REQ (8 etypes {18 17 20 19 16 23 25 26}) 127.0.0.1: ISSUE: authtime 1573059774, etypes {rep=18 tkt=18 ses=18}, admin/admin@EXAMPLE.COM for kadmin/admin@EXAMPLE.COM
nm_1        | Resolving kdc (kdc)... 172.19.0.7
datanode_3  | 
kms_1       | Keytab name: FILE:/etc/security/keytabs/scm.keytab
datanode_1  | 
om_1        | 2019-11-06 17:03:00 (9.60 MB/s) - '/etc/security/keytabs/scm.keytab' saved [140/140]
scm_1       | 
rm_1        | HTTP request sent, awaiting response... 200 OK
datanode_2  | 
s3g_1       | ---- ----------------- --------------------------------------------------------
jhs         | Keytab name: FILE:/etc/security/keytabs/scm.keytab
kdc_1       | Nov 06 17:02:53 kdc kadmind[15](Notice): Request: kadm5_init, admin/admin@EXAMPLE.COM, success, client=admin/admin@EXAMPLE.COM, service=kadmin/admin@EXAMPLE.COM, addr=127.0.0.1, vers=4, flavor=6
nm_1        | Connecting to kdc (kdc)|172.19.0.7|:8081... connected.
datanode_3  | 2019-11-06 17:03:00 (14.2 MB/s) - '/etc/security/keytabs/scm.keytab' saved [160/160]
kms_1       | KVNO Timestamp         Principal
datanode_1  | 2019-11-06 17:02:54 (9.04 MB/s) - '/etc/security/keytabs/scm.keytab' saved [160/160]
om_1        | 
scm_1       | 2019-11-06 17:02:59 (11.1 MB/s) - '/etc/security/keytabs/scm.keytab' saved [142/142]
rm_1        | Length: 142 [application/octet-stream]
datanode_2  | 2019-11-06 17:02:55 (10.9 MB/s) - '/etc/security/keytabs/scm.keytab' saved [160/160]
s3g_1       |    2 11/06/19 17:03:01 scm/s3g@EXAMPLE.COM
jhs         | KVNO Timestamp         Principal
kdc_1       | Nov 06 17:02:53 kdc kadmind[15](Notice): Request: kadm5_get_policy, default, Policy does not exist, client=admin/admin@EXAMPLE.COM, service=kadmin/admin@EXAMPLE.COM, addr=127.0.0.1
nm_1        | HTTP request sent, awaiting response... 200 OK
kms_1       | ---- ----------------- --------------------------------------------------------
datanode_1  | 
om_1        | Keytab name: FILE:/etc/security/keytabs/scm.keytab
scm_1       | 
rm_1        | Saving to: '/etc/security/keytabs/HTTP.keytab'
datanode_2  | 
datanode_3  | 
s3g_1       |    2 11/06/19 17:03:01 scm/s3g@EXAMPLE.COM
jhs         | ---- ----------------- --------------------------------------------------------
kdc_1       | Nov 06 17:02:53 kdc kadmind[15](Notice): Request: kadm5_create_principal, test/test@EXAMPLE.COM, success, client=admin/admin@EXAMPLE.COM, service=kadmin/admin@EXAMPLE.COM, addr=127.0.0.1
nm_1        | Length: 142 [application/octet-stream]
kms_1       |    2 11/06/19 17:03:00 scm/8528df3a987b@EXAMPLE.COM
datanode_1  | Keytab name: FILE:/etc/security/keytabs/scm.keytab
om_1        | KVNO Timestamp         Principal
scm_1       | Keytab name: FILE:/etc/security/keytabs/scm.keytab
rm_1        | 
datanode_2  | Keytab name: FILE:/etc/security/keytabs/scm.keytab
datanode_3  | Keytab name: FILE:/etc/security/keytabs/scm.keytab
s3g_1       | Download HTTP/s3g@EXAMPLE.COM keytab file to /etc/security/keytabs/HTTP.keytab
jhs         |    2 11/06/19 17:03:00 scm/jhs@EXAMPLE.COM
kdc_1       | Nov 06 17:02:53 kdc kadmind[15](info): closing down fd 18
nm_1        | Saving to: '/etc/security/keytabs/HTTP.keytab'
kms_1       |    2 11/06/19 17:03:00 scm/8528df3a987b@EXAMPLE.COM
datanode_1  | KVNO Timestamp         Principal
om_1        | ---- ----------------- --------------------------------------------------------
scm_1       | KVNO Timestamp         Principal
rm_1        |      0K                                                       100% 12.7M=0s
datanode_2  | KVNO Timestamp         Principal
datanode_3  | KVNO Timestamp         Principal
s3g_1       | --2019-11-06 17:03:01--  http://kdc:8081/keytab/s3g/HTTP
jhs         |    2 11/06/19 17:03:00 scm/jhs@EXAMPLE.COM
kdc_1       | Nov 06 17:02:53 kdc kadmind[15](Notice): Request: kadm5_init, admin/admin@EXAMPLE.COM, success, client=admin/admin@EXAMPLE.COM, service=kadmin/admin@EXAMPLE.COM, addr=127.0.0.1, vers=4, flavor=6
nm_1        | 
kms_1       | Download HTTP/8528df3a987b@EXAMPLE.COM keytab file to /etc/security/keytabs/HTTP.keytab
datanode_1  | ---- ----------------- --------------------------------------------------------
scm_1       | ---- ----------------- --------------------------------------------------------
om_1        |    2 11/06/19 17:03:00 scm/om@EXAMPLE.COM
rm_1        | 
datanode_2  | ---- ----------------- --------------------------------------------------------
datanode_3  | ---- ----------------- --------------------------------------------------------
s3g_1       | Resolving kdc (kdc)... 172.19.0.7
jhs         | Download HTTP/jhs@EXAMPLE.COM keytab file to /etc/security/keytabs/HTTP.keytab
kdc_1       | Nov 06 17:02:53 kdc kadmind[15](Notice): Request: kadm5_randkey_principal, test/test@EXAMPLE.COM, success, client=admin/admin@EXAMPLE.COM, service=kadmin/admin@EXAMPLE.COM, addr=127.0.0.1
nm_1        |      0K                                                       100% 10.6M=0s
kms_1       | --2019-11-06 17:03:00--  http://kdc:8081/keytab/8528df3a987b/HTTP
datanode_1  |    2 11/06/19 17:02:54 scm/ce6aaf7720cf@EXAMPLE.COM
scm_1       |    2 11/06/19 17:02:59 scm/scm@EXAMPLE.COM
om_1        |    2 11/06/19 17:03:00 scm/om@EXAMPLE.COM
rm_1        | 2019-11-06 17:03:04 (12.7 MB/s) - '/etc/security/keytabs/HTTP.keytab' saved [142/142]
datanode_2  |    2 11/06/19 17:02:54 scm/ad76cb1da4d1@EXAMPLE.COM
datanode_3  |    2 11/06/19 17:03:00 scm/aa501baf677d@EXAMPLE.COM
s3g_1       | Connecting to kdc (kdc)|172.19.0.7|:8081... connected.
jhs         | --2019-11-06 17:03:00--  http://kdc:8081/keytab/jhs/HTTP
kdc_1       | Nov 06 17:02:53 kdc kadmind[15](Notice): Request: kadm5_get_principal, test/test@EXAMPLE.COM, success, client=admin/admin@EXAMPLE.COM, service=kadmin/admin@EXAMPLE.COM, addr=127.0.0.1
nm_1        | 
kms_1       | Resolving kdc (kdc)... 172.19.0.7
datanode_1  |    2 11/06/19 17:02:54 scm/ce6aaf7720cf@EXAMPLE.COM
scm_1       |    2 11/06/19 17:02:59 scm/scm@EXAMPLE.COM
om_1        | Download HTTP/om@EXAMPLE.COM keytab file to /etc/security/keytabs/HTTP.keytab
rm_1        | 
datanode_2  |    2 11/06/19 17:02:55 scm/ad76cb1da4d1@EXAMPLE.COM
datanode_3  |    2 11/06/19 17:03:00 scm/aa501baf677d@EXAMPLE.COM
s3g_1       | HTTP request sent, awaiting response... 200 OK
jhs         | Resolving kdc (kdc)... 172.19.0.7
kdc_1       | Nov 06 17:02:53 kdc kadmind[15](info): closing down fd 18
kms_1       | Connecting to kdc (kdc)|172.19.0.7|:8081... connected.
nm_1        | 2019-11-06 17:03:00 (10.6 MB/s) - '/etc/security/keytabs/HTTP.keytab' saved [142/142]
datanode_1  | Download HTTP/ce6aaf7720cf@EXAMPLE.COM keytab file to /etc/security/keytabs/HTTP.keytab
scm_1       | Download HTTP/scm@EXAMPLE.COM keytab file to /etc/security/keytabs/HTTP.keytab
om_1        | --2019-11-06 17:03:00--  http://kdc:8081/keytab/om/HTTP
rm_1        | Keytab name: FILE:/etc/security/keytabs/HTTP.keytab
datanode_2  | Download HTTP/ad76cb1da4d1@EXAMPLE.COM keytab file to /etc/security/keytabs/HTTP.keytab
datanode_3  | Download HTTP/aa501baf677d@EXAMPLE.COM keytab file to /etc/security/keytabs/HTTP.keytab
jhs         | Connecting to kdc (kdc)|172.19.0.7|:8081... connected.
kdc_1       | Nov 06 17:02:53 kdc kadmind[15](Notice): Request: kadm5_init, admin/admin@EXAMPLE.COM, success, client=admin/admin@EXAMPLE.COM, service=kadmin/admin@EXAMPLE.COM, addr=127.0.0.1, vers=4, flavor=6
kms_1       | HTTP request sent, awaiting response... 200 OK
datanode_1  | --2019-11-06 17:02:54--  http://kdc:8081/keytab/ce6aaf7720cf/HTTP
scm_1       | --2019-11-06 17:02:59--  http://kdc:8081/keytab/scm/HTTP
nm_1        | 
s3g_1       | Length: 144 [application/octet-stream]
om_1        | Resolving kdc (kdc)... 172.19.0.7
datanode_2  | --2019-11-06 17:02:55--  http://kdc:8081/keytab/ad76cb1da4d1/HTTP
datanode_3  | --2019-11-06 17:03:00--  http://kdc:8081/keytab/aa501baf677d/HTTP
rm_1        | KVNO Timestamp         Principal
jhs         | HTTP request sent, awaiting response... 200 OK
kdc_1       | Nov 06 17:02:53 kdc kadmind[15](Notice): Request: kadm5_get_policy, default, Policy does not exist, client=admin/admin@EXAMPLE.COM, service=kadmin/admin@EXAMPLE.COM, addr=127.0.0.1
kms_1       | Length: 162 [application/octet-stream]
datanode_1  | Resolving kdc (kdc)... 172.19.0.7
scm_1       | Resolving kdc (kdc)... 172.19.0.7
nm_1        | Keytab name: FILE:/etc/security/keytabs/HTTP.keytab
s3g_1       | Saving to: '/etc/security/keytabs/HTTP.keytab'
datanode_2  | Resolving kdc (kdc)... 172.19.0.7
om_1        | Connecting to kdc (kdc)|172.19.0.7|:8081... connected.
datanode_3  | Resolving kdc (kdc)... 172.19.0.7
rm_1        | ---- ----------------- --------------------------------------------------------
kdc_1       | Nov 06 17:02:53 kdc kadmind[15](Notice): Request: kadm5_create_principal, test/test@EXAMPLE.COM, Principal or policy already exists, client=admin/admin@EXAMPLE.COM, service=kadmin/admin@EXAMPLE.COM, addr=127.0.0.1
jhs         | Length: 144 [application/octet-stream]
kms_1       | Saving to: '/etc/security/keytabs/HTTP.keytab'
datanode_1  | Connecting to kdc (kdc)|172.19.0.7|:8081... connected.
scm_1       | Connecting to kdc (kdc)|172.19.0.7|:8081... connected.
nm_1        | KVNO Timestamp         Principal
s3g_1       | 
datanode_2  | Connecting to kdc (kdc)|172.19.0.7|:8081... connected.
om_1        | HTTP request sent, awaiting response... 200 OK
datanode_3  | Connecting to kdc (kdc)|172.19.0.7|:8081... connected.
rm_1        |    2 11/06/19 17:03:04 HTTP/rm@EXAMPLE.COM
kdc_1       | Nov 06 17:02:53 kdc kadmind[15](info): closing down fd 18
jhs         | Saving to: '/etc/security/keytabs/HTTP.keytab'
kms_1       | 
datanode_1  | HTTP request sent, awaiting response... 200 OK
scm_1       | HTTP request sent, awaiting response... 200 OK
nm_1        | ---- ----------------- --------------------------------------------------------
s3g_1       |      0K                                                       100% 11.5M=0s
datanode_2  | HTTP request sent, awaiting response... 200 OK
om_1        | Length: 142 [application/octet-stream]
datanode_3  | HTTP request sent, awaiting response... 200 OK
rm_1        |    2 11/06/19 17:03:04 HTTP/rm@EXAMPLE.COM
kdc_1       | Nov 06 17:02:53 kdc kadmind[15](Notice): Request: kadm5_init, admin/admin@EXAMPLE.COM, success, client=admin/admin@EXAMPLE.COM, service=kadmin/admin@EXAMPLE.COM, addr=127.0.0.1, vers=4, flavor=6
jhs         | 
kms_1       |      0K                                                       100% 12.2M=0s
datanode_1  | Length: 162 [application/octet-stream]
scm_1       | Length: 144 [application/octet-stream]
nm_1        |    2 11/06/19 17:03:00 HTTP/nm@EXAMPLE.COM
s3g_1       | 
datanode_2  | Length: 162 [application/octet-stream]
om_1        | Saving to: '/etc/security/keytabs/HTTP.keytab'
datanode_3  | Length: 162 [application/octet-stream]
rm_1        | Download testuser/rm@EXAMPLE.COM keytab file to /etc/security/keytabs/testuser.keytab
jhs         |      0K                                                       100% 9.96M=0s
kdc_1       | Nov 06 17:02:53 kdc kadmind[15](Notice): Request: kadm5_randkey_principal, test/test@EXAMPLE.COM, success, client=admin/admin@EXAMPLE.COM, service=kadmin/admin@EXAMPLE.COM, addr=127.0.0.1
kms_1       | 
datanode_1  | Saving to: '/etc/security/keytabs/HTTP.keytab'
scm_1       | Saving to: '/etc/security/keytabs/HTTP.keytab'
nm_1        |    2 11/06/19 17:03:00 HTTP/nm@EXAMPLE.COM
s3g_1       | 2019-11-06 17:03:03 (11.5 MB/s) - '/etc/security/keytabs/HTTP.keytab' saved [144/144]
datanode_2  | Saving to: '/etc/security/keytabs/HTTP.keytab'
om_1        | 
datanode_3  | Saving to: '/etc/security/keytabs/HTTP.keytab'
rm_1        | --2019-11-06 17:03:04--  http://kdc:8081/keytab/rm/testuser
jhs         | 
kdc_1       | Nov 06 17:02:53 kdc kadmind[15](Notice): Request: kadm5_get_principal, test/test@EXAMPLE.COM, success, client=admin/admin@EXAMPLE.COM, service=kadmin/admin@EXAMPLE.COM, addr=127.0.0.1
kms_1       | 2019-11-06 17:03:02 (12.2 MB/s) - '/etc/security/keytabs/HTTP.keytab' saved [162/162]
datanode_1  | 
scm_1       | 
nm_1        | Download testuser/nm@EXAMPLE.COM keytab file to /etc/security/keytabs/testuser.keytab
s3g_1       | 
datanode_2  | 
om_1        |      0K                                                       100% 11.0M=0s
datanode_3  | 
rm_1        | Resolving kdc (kdc)... 172.19.0.7
jhs         | 2019-11-06 17:03:02 (9.96 MB/s) - '/etc/security/keytabs/HTTP.keytab' saved [144/144]
kdc_1       | Nov 06 17:02:54 kdc kadmind[15](info): closing down fd 18
kms_1       | 
datanode_1  |      0K                                                       100% 8.75M=0s
scm_1       |      0K                                                       100% 10.9M=0s
nm_1        | --2019-11-06 17:03:00--  http://kdc:8081/keytab/nm/testuser
s3g_1       | Keytab name: FILE:/etc/security/keytabs/HTTP.keytab
datanode_2  |      0K                                                       100% 10.3M=0s
om_1        | 
datanode_3  |      0K                                                       100% 10.8M=0s
rm_1        | Connecting to kdc (kdc)|172.19.0.7|:8081... connected.
jhs         | 
kdc_1       | Nov 06 17:02:54 kdc kadmind[15](Notice): Request: kadm5_init, admin/admin@EXAMPLE.COM, success, client=admin/admin@EXAMPLE.COM, service=kadmin/admin@EXAMPLE.COM, addr=127.0.0.1, vers=4, flavor=6
kms_1       | Keytab name: FILE:/etc/security/keytabs/HTTP.keytab
scm_1       | 
nm_1        | Resolving kdc (kdc)... 172.19.0.7
datanode_1  | 
s3g_1       | KVNO Timestamp         Principal
datanode_2  | 
om_1        | 2019-11-06 17:03:01 (11.0 MB/s) - '/etc/security/keytabs/HTTP.keytab' saved [142/142]
datanode_3  | 
rm_1        | HTTP request sent, awaiting response... 200 OK
jhs         | Keytab name: FILE:/etc/security/keytabs/HTTP.keytab
kdc_1       | Nov 06 17:02:54 kdc kadmind[15](Notice): Request: kadm5_get_policy, default, Policy does not exist, client=admin/admin@EXAMPLE.COM, service=kadmin/admin@EXAMPLE.COM, addr=127.0.0.1
kms_1       | KVNO Timestamp         Principal
scm_1       | 2019-11-06 17:03:01 (10.9 MB/s) - '/etc/security/keytabs/HTTP.keytab' saved [144/144]
nm_1        | Connecting to kdc (kdc)|172.19.0.7|:8081... connected.
