recon_1     | 	at picocli.CommandLine.parseWithHandler(CommandLine.java:1465)
om_1        | 2019-11-16 00:46:47,585 INFO ipc.Client: Retrying connect to server: scm/172.19.0.2:9863. Already tried 4 time(s); retry policy is RetryUpToMaximumCountWithFixedSleep(maxRetries=10, sleepTime=1000 MILLISECONDS)
datanode_2  | 2019-11-16 00:46:45,308 INFO ipc.Client: Retrying connect to server: scm/172.19.0.2:9961. Already tried 0 time(s); retry policy is RetryUpToMaximumCountWithFixedSleep(maxRetries=2147483647, sleepTime=1000 MILLISECONDS)
datanode_3  | 2019-11-16 00:46:41,996 INFO ozone.OzoneSecurityUtil: Adding ip:172.19.0.6,host:0a3fc9513ad8
kms_1       | INFO: Scanning for root resource and provider classes in the packages:
s3g_1       | 2019-11-16 00:46:43,657 INFO server.Server: Started @4219ms
kdc_1       | Nov 16 00:46:32 kdc krb5kdc[9](info): AS_REQ (8 etypes {18 17 20 19 16 23 25 26}) 127.0.0.1: SERVER_NOT_FOUND: admin/admin@EXAMPLE.COM for kadmin/localhost@EXAMPLE.COM, Server not found in Kerberos database
datanode_1  | 2019-11-16 00:46:43,520 INFO ozone.OzoneSecurityUtil: ip:127.0.0.1,host:localhost not returned.
scm_1       | STARTUP_MSG:   build = https://github.com/apache/hadoop.git -r e97acb3bd8f3befd27418996fa5d4b50bf2e17bf; compiled by 'sunilg' on 2019-01-15T17:34Z
recon_1     | 	at org.apache.hadoop.hdds.cli.GenericCli.execute(GenericCli.java:65)
om_1        | 2019-11-16 00:46:47,994 INFO om.OzoneManager: Initializing secure OzoneManager.
datanode_2  | 2019-11-16 00:46:46,309 INFO ipc.Client: Retrying connect to server: scm/172.19.0.2:9961. Already tried 1 time(s); retry policy is RetryUpToMaximumCountWithFixedSleep(maxRetries=2147483647, sleepTime=1000 MILLISECONDS)
datanode_3  | 2019-11-16 00:46:41,997 INFO ozone.OzoneSecurityUtil: ip:127.0.0.1,host:localhost not returned.
kms_1       |   org.apache.hadoop.crypto.key.kms.server
s3g_1       | 2019-11-16 00:46:43,660 INFO server.BaseHttpServer: HTTP server of S3GATEWAY is listening at http://0.0.0.0:9878
kdc_1       | Nov 16 00:46:32 kdc krb5kdc[9](info): AS_REQ (8 etypes {18 17 20 19 16 23 25 26}) 127.0.0.1: ISSUE: authtime 1573865192, etypes {rep=18 tkt=18 ses=18}, admin/admin@EXAMPLE.COM for kadmin/admin@EXAMPLE.COM
datanode_1  | 2019-11-16 00:46:43,526 INFO ozone.HddsDatanodeService: Creating csr for DN-> subject:root@8e0f3390db18
scm_1       | STARTUP_MSG:   java = 11.0.3
recon_1     | 	at org.apache.hadoop.hdds.cli.GenericCli.run(GenericCli.java:56)
om_1        | 2019-11-16 00:46:48,362 ERROR client.OMCertificateClient: Default certificate serial id is not set. Can't locate the default certificate for this client.
datanode_2  | 2019-11-16 00:46:48,184 INFO ozone.HddsDatanodeService: Successfully stored SCM signed certificate, case:GETCERT.
datanode_3  | 2019-11-16 00:46:42,011 INFO ozone.HddsDatanodeService: Creating csr for DN-> subject:root@0a3fc9513ad8
kms_1       | Nov 16, 2019 12:46:43 AM com.sun.jersey.api.core.ScanningResourceConfig logClasses
s3g_1       | 2019-11-16 00:54:13,886 INFO endpoint.BucketEndpoint: Location is /bucket-test123
kdc_1       | Nov 16 00:46:32 kdc krb5kdc[9](info): AS_REQ (8 etypes {18 17 20 19 16 23 25 26}) 127.0.0.1: SERVER_NOT_FOUND: admin/admin@EXAMPLE.COM for kadmin/localhost@EXAMPLE.COM, Server not found in Kerberos da(Notice): Request: kadm5_create_principal, om/s3g@EXAMPLE.COM, success, client=admin/admin@EXAMPLE.COM, service=kadmin/admin@EXAMPLE.COM, addr=127.0.0.1
datanode_1  | 2019-11-16 00:46:44,732 INFO ipc.Client: Retrying connect to server: scm/172.19.0.2:9961. Already tried 0 time(s); retry policy is RetryUpToMaximumCountWithFixedSleep(maxRetries=2147483647, sleepTime=1000 MILLISECONDS)
scm_1       | ************************************************************/
recon_1     | 	at org.apache.hadoop.ozone.recon.ReconServer.main(ReconServer.java:52)
om_1        | 2019-11-16 00:46:48,362 INFO client.OMCertificateClient: Certificate client init case: 0
datanode_2  | 2019-11-16 00:46:48,311 INFO volume.HddsVolume: Creating Volume: /data/hdds/hdds of  storage type : DISK and capacity : 10908285698048
datanode_3  | 2019-11-16 00:46:43,279 INFO ipc.Client: Retrying connect to server: scm/172.19.0.2:9961. Already tried 0 time(s); retry policy is RetryUpToMaximumCountWithFixedSleep(maxRetries=2147483647, sleepTime=1000 MILLISECONDS)
kms_1       | INFO: Root resource classes found:
s3g_1       | 2019-11-16 00:54:17,215 WARN ipc.Client: Exception encountered while connecting to the server : org.apache.hadoop.ipc.RemoteException(org.apache.hadoop.security.token.SecretManager$InvalidToken): No S3 secret found for S3 identifier:OzoneToken owner=dlfknslnfslf, renewer=, realUser=, issueDate=0, maxDate=0, sequenceNumber=0, masterKeyId=0, strToSign=AWS4-HMAC-SHA256
kdc_1       | Nov 16 00:46:32 kdc kadmind[15](info): closing down fd 18
datanode_1  | 2019-11-16 00:46:45,733 INFO ipc.Client: Retrying connect to server: scm/172.19.0.2:9961. Already tried 1 time(s); retry policy is RetryUpToMaximumCountWithFixedSleep(maxRetries=2147483647, sleepTime=1000 MILLISECONDS)
scm_1       | 2019-11-16 00:46:44,038 INFO server.StorageContainerManagerStarter: registered UNIX signal handlers for [TERM, HUP, INT]
recon_1     | 2019-11-16 00:47:02,241 INFO recon.ReconServer: Stopping Recon server
om_1        | 2019-11-16 00:46:48,362 INFO client.OMCertificateClient: Creating keypair for client as keypair and certificate not found.
datanode_2  | 2019-11-16 00:46:48,313 INFO volume.VolumeSet: Added Volume : /data/hdds/hdds to VolumeSet
datanode_3  | 2019-11-16 00:46:44,281 INFO ipc.Client: Retrying connect to server: scm/172.19.0.2:9961. Already tried 1 time(s); retry policy is RetryUpToMaximumCountWithFixedSleep(maxRetries=2147483647, sleepTime=1000 MILLISECONDS)
datanode_3  | 2019-11-16 00:46:45,282 INFO ipc.Client: Retrying connect to server: scm/172.19.0.2:9961. Already tried 2 time(s); retry policy is RetryUpToMaximumCountWithFixedSleep(maxRetries=2147483647, sleepTime=1000 MILLISECONDS)
datanode_3  | 2019-11-16 00:46:46,283 INFO ipc.Client: Retrying connect to server: scm/172.19.0.2:9961. Already tried 3 time(s); retry policy is RetryUpToMaximumCountWithFixedSleep(maxRetries=2147483647, sleepTime=1000 MILLISECONDS)
kdc_1       | Nov 16 00:46:32 kdc kadmind[15](Notice): Request: kadm5_init, admin/admin@EXAMPLE.COM, success, client=admin/admin@EXAMPLE.COM, service=kadmin/admin@EXAMPLE.COM, addr=127.0.0.1, vers=4, flavor=6
datanode_1  | 2019-11-16 00:46:46,735 INFO ipc.Client: Retrying connect to server: scm/172.19.0.2:9961. Already tried 2 time(s); retry policy is RetryUpToMaximumCountWithFixedSleep(maxRetries=2147483647, sleepTime=1000 MILLISECONDS)
scm_1       | 2019-11-16 00:46:44,105 WARN server.ServerUtils: ozone.scm.db.dirs is not configured. We recommend adding this setting. Falling back to ozone.metadata.dirs instead.
recon_1     | java.lang.NullPointerException
om_1        | 2019-11-16 00:46:48,796 INFO om.OzoneManager: Init response: GETCERT
datanode_2  | 2019-11-16 00:46:48,320 INFO volume.ThrottledAsyncChecker: Scheduling a check for /data/hdds/hdds
s3g_1       | 20191116T005417Z
datanode_3  | 2019-11-16 00:46:48,299 INFO ozone.HddsDatanodeService: Successfully stored SCM signed certificate, case:GETCERT.
kdc_1       | Nov 16 00:46:32 kdc kadmind[15](Notice): Request: kadm5_randkey_principal, om/s3g@EXAMPLE.COM, success, client=admin/admin@EXAMPLE.COM, service=kadmin/admin@EXAMPLE.COM, addr=127.0.0.1
datanode_1  | 2019-11-16 00:46:48,151 INFO ozone.HddsDatanodeService: Successfully stored SCM signed certificate, case:GETCERT.
recon_1     | 	at org.apache.hadoop.ozone.recon.ReconServer.stop(ReconServer.java:115)
om_1        | 2019-11-16 00:46:48,834 INFO ozone.OzoneSecurityUtil: Adding ip:172.19.0.4,host:om
s3g_1       | 20191116/us-west-1/s3/aws4_request
datanode_2  | 2019-11-16 00:46:48,346 INFO volume.HddsVolumeChecker: Scheduled health check for volume /data/hdds/hdds
scm_1       | WARNING: An illegal reflective access operation has occurred
datanode_3  | 2019-11-16 00:46:48,367 INFO volume.HddsVolume: Creating Volume: /data/hdds/hdds of  storage type : DISK and capacity : 10908285698048
kdc_1       | Nov 16 00:46:32 kdc kadmind[15](Notice): Request: kadm5_get_principal, om/s3g@EXAMPLE.COM, success, client=admin/admin@EXAMPLE.COM, service=kadmin/admin@EXAMPLE.COM, addr=127.0.0.1
kms_1       |   class org.apache.hadoop.crypto.key.kms.server.KMS
datanode_1  | 2019-11-16 00:46:48,317 INFO volume.HddsVolume: Creating Volume: /data/hdds/hdds of  storage type : DISK and capacity : 10908285698048
recon_1     | 	at org.apache.hadoop.ozone.recon.ReconServer.call(ReconServer.java:100)
s3g_1       | 996b04eaac4fa8c876be53ef06a649e3d225da5ebe4a8ee364b6312fda758345, signature=b0ab317f1ed03e43cb1fe0e24d33db1f4ff2515e3c7d6dff7835392eec9680e5, awsAccessKeyId=dlfknslnfslf
om_1        | 2019-11-16 00:46:48,834 INFO ozone.OzoneSecurityUtil: ip:127.0.0.1,host:localhost not returned.
datanode_2  | 2019-11-16 00:46:48,766 WARN scm.HddsServerUtil: Storage directory for Ratis is not configured. It is a good idea to map this to an SSD disk. Falling back to ozone.metadata.dirs
scm_1       | WARNING: Illegal reflective access by org.apache.hadoop.security.authentication.util.KerberosUtil (file:/opt/hadoop/share/ozone/lib/hadoop-auth-3.2.0.jar) to method sun.security.krb5.Config.getInstance()
datanode_3  | 2019-11-16 00:46:48,368 INFO volume.VolumeSet: Added Volume : /data/hdds/hdds to VolumeSet
kdc_1       | Nov 16 00:46:32 kdc kadmind[15](info): closing down fd 18
datanode_1  | 2019-11-16 00:46:48,320 INFO volume.VolumeSet: Added Volume : /data/hdds/hdds to VolumeSet
datanode_1  | 2019-11-16 00:46:48,332 INFO volume.ThrottledAsyncChecker: Scheduling a check for /data/hdds/hdds
kms_1       | Nov 16, 2019 12:46:43 AM com.sun.jersey.api.core.ScanningResourceConfig logClasses
s3g_1       | 2019-11-16 00:54:17,225 WARN ipc.Client: Exception encountered while connecting to the server : org.apache.hadoop.ipc.RemoteException(org.apache.hadoop.security.token.SecretManager$InvalidToken): No S3 secret found for S3 identifier:OzoneToken owner=dlfknslnfslf, renewer=, realUser=, issueDate=0, maxDate=0, sequenceNumber=0, masterKeyId=0, strToSign=AWS4-HMAC-SHA256
om_1        | 2019-11-16 00:46:48,840 INFO om.OzoneManager: Creating csr for OM->dns:om,ip:172.19.0.4,scmId:a2f9af9e-9e1e-4ed9-b6b5-c8053237de96,clusterId:CID-20ca061c-8285-49ae-b335-b52dcbfaecdd,subject:root@om
datanode_2  | 2019-11-16 00:46:48,791 INFO impl.RaftServerProxy: raft.rpc.type = GRPC (default)
scm_1       | WARNING: Please consider reporting this to the maintainers of org.apache.hadoop.security.authentication.util.KerberosUtil
datanode_3  | 2019-11-16 00:46:48,378 INFO volume.ThrottledAsyncChecker: Scheduling a check for /data/hdds/hdds
kdc_1       | Nov 16 00:46:32 kdc kadmind[15](Notice): Request: kadm5_init, admin/admin@EXAMPLE.COM, success, client=admin/admin@EXAMPLE.COM, service=kadmin/admin@EXAMPLE.COM, addr=127.0.0.1, vers=4, flavor=6
recon_1     | 	at org.apache.hadoop.ozone.recon.ReconServer.call(ReconServer.java:41)
datanode_1  | 2019-11-16 00:46:48,352 INFO volume.HddsVolumeChecker: Scheduled health check for volume /data/hdds/hdds
kms_1       | INFO: Provider classes found:
s3g_1       | 20191116T005417Z
om_1        | 2019-11-16 00:46:48,947 INFO om.OzoneManager: OzoneManager ports added:[name: "RPC"
datanode_2  | 2019-11-16 00:46:48,861 INFO grpc.GrpcConfigKeys$Server: raft.grpc.server.port = 9858 (custom)
scm_1       | WARNING: Use --illegal-access=warn to enable warnings of further illegal reflective access operations
datanode_3  | 2019-11-16 00:46:48,404 INFO volume.HddsVolumeChecker: Scheduled health check for volume /data/hdds/hdds
kdc_1       | Nov 16 00:46:32 kdc kadmind[15](Notice): Request: kadm5_get_policy, default, Policy does not exist, client=admin/admin@EXAMPLE.COM, service=kadmin/admin@EXAMPLE.COM, addr=127.0.0.1
recon_1     | 	at picocli.CommandLine.execute(CommandLine.java:1173)
recon_1     | 	at picocli.CommandLine.access$800(CommandLine.java:141)
kms_1       |   class org.apache.hadoop.crypto.key.kms.server.KMSJSONWriter
s3g_1       | 20191116/us-west-1/s3/aws4_request
om_1        | value: 9862
datanode_2  | 2019-11-16 00:46:48,862 INFO server.GrpcService: raft.grpc.message.size.max = 33570816 (custom)
scm_1       | WARNING: All illegal access operations will be denied in a future release
datanode_3  | 2019-11-16 00:46:48,843 WARN scm.HddsServerUtil: Storage directory for Ratis is not configured. It is a good idea to map this to an SSD disk. Falling back to ozone.metadata.dirs
kdc_1       | Nov 16 00:46:32 kdc kadmind[15](Notice): Request: kadm5_create_principal, dn/8e0f3390db18@EXAMPLE.COM, success, client=admin/admin@EXAMPLE.COM, service=kadmin/admin@EXAMPLE.COM, addr=127.0.0.1
recon_1     | 	at picocli.CommandLine$RunLast.handle(CommandLine.java:1367)
datanode_1  | 2019-11-16 00:46:48,774 WARN scm.HddsServerUtil: Storage directory for Ratis is not configured. It is a good idea to map this to an SSD disk. Falling back to ozone.metadata.dirs
kms_1       |   class org.apache.hadoop.crypto.key.kms.server.KMSExceptionsProvider
s3g_1       | 996b04eaac4fa8c876be53ef06a649e3d225da5ebe4a8ee364b6312fda758345, signature=b0ab317f1ed03e43cb1fe0e24d33db1f4ff2515e3c7d6dff7835392eec9680e5, awsAccessKeyId=dlfknslnfslf
om_1        | ]
om_1        | 2019-11-16 00:46:49,037 INFO om.OzoneManager: Successfully stored SCM signed certificate.
datanode_2  | 2019-11-16 00:46:48,864 INFO server.RaftServerConfigKeys: raft.server.log.appender.buffer.byte-limit = 33554432 (custom)
datanode_2  | 2019-11-16 00:46:48,864 INFO server.GrpcService: raft.grpc.flow.control.window = 1MB (=1048576) (default)
datanode_2  | 2019-11-16 00:46:48,865 INFO server.RaftServerConfigKeys: raft.server.rpc.request.timeout = 3000ms (default)
kdc_1       | Nov 16 00:46:32 kdc kadmind[15](info): closing down fd 18
recon_1     | 	at picocli.CommandLine$RunLast.handle(CommandLine.java:1335)
datanode_1  | 2019-11-16 00:46:48,799 INFO impl.RaftServerProxy: raft.rpc.type = GRPC (default)
kms_1       |   class org.apache.hadoop.crypto.key.kms.server.KMSJSONReader
s3g_1       | 2019-11-16 00:54:17,225 INFO retry.RetryInvocationHandler: com.google.protobuf.ServiceException: org.apache.hadoop.ipc.RemoteException(org.apache.hadoop.security.token.SecretManager$InvalidToken): No S3 secret found for S3 identifier:OzoneToken owner=dlfknslnfslf, renewer=, realUser=, issueDate=0, maxDate=0, sequenceNumber=0, masterKeyId=0, strToSign=AWS4-HMAC-SHA256
om_1        | OM initialization succeeded.Current cluster id for sd=/data/metadata/om;cid=CID-20ca061c-8285-49ae-b335-b52dcbfaecdd
datanode_2  | 2019-11-16 00:46:49,036 INFO server.RaftServerConfigKeys: raft.server.storage.dir = [/data/metadata/ratis] (custom)
datanode_2  | 2019-11-16 00:46:49,130 INFO hdfs.DFSUtil: Starting web server as: HTTP/ee53d055a8a8@EXAMPLE.COM
kdc_1       | Nov 16 00:46:32 kdc kadmind[15](Notice): Request: kadm5_init, admin/admin@EXAMPLE.COM, success, client=admin/admin@EXAMPLE.COM, service=kadmin/admin@EXAMPLE.COM, addr=127.0.0.1, vers=4, flavor=6
recon_1     | 	at picocli.CommandLine$AbstractParseResultHandler.handleParseResult(CommandLine.java:1243)
datanode_1  | 2019-11-16 00:46:48,864 INFO grpc.GrpcConfigKeys$Server: raft.grpc.server.port = 9858 (custom)
kms_1       | Nov 16, 2019 12:46:43 AM com.sun.jersey.server.impl.application.WebApplicationImpl _initiate
s3g_1       | 20191116T005417Z
om_1        | 2019-11-16 00:46:49,094 INFO om.OzoneManagerStarter: SHUTDOWN_MSG: 
scm_1       | 2019-11-16 00:46:44,333 INFO security.UserGroupInformation: Login successful for user scm/scm@EXAMPLE.COM using keytab file /etc/security/keytabs/scm.keytab
datanode_2  | 2019-11-16 00:46:49,130 INFO hdfs.DFSUtil: Starting Web-server for hddsDatanode at: http://0.0.0.0:9882
datanode_3  | 2019-11-16 00:46:48,871 INFO impl.RaftServerProxy: raft.rpc.type = GRPC (default)
kdc_1       | Nov 16 00:46:32 kdc kadmind[15](Notice): Request: kadm5_randkey_principal, dn/8e0f3390db18@EXAMPLE.COM, success, client=admin/admin@EXAMPLE.COM, service=kadmin/admin@EXAMPLE.COM, addr=127.0.0.1
recon_1     | 	at picocli.CommandLine.parseWithHandlers(CommandLine.java:1526)
datanode_1  | 2019-11-16 00:46:48,865 INFO server.GrpcService: raft.grpc.message.size.max = 33570816 (custom)
kms_1       | INFO: Initiating Jersey application, version 'Jersey: 1.19 02/11/2015 03:25 AM'
s3g_1       | 20191116/us-west-1/s3/aws4_request
om_1        | /************************************************************
scm_1       | 2019-11-16 00:46:44,333 INFO server.StorageContainerManager: SCM login successful.
datanode_2  | 2019-11-16 00:46:49,153 INFO util.log: Logging initialized @7596ms
datanode_3  | 2019-11-16 00:46:48,928 INFO grpc.GrpcConfigKeys$Server: raft.grpc.server.port = 9858 (custom)
kdc_1       | Nov 16 00:46:32 kdc kadmind[15](Notice): Request: kadm5_get_principal, dn/8e0f3390db18@EXAMPLE.COM, success, client=admin/admin@EXAMPLE.COM, service=kadmin/admin@EXAMPLE.COM, addr=127.0.0.1
recon_1     | 	at picocli.CommandLine.parseWithHandler(CommandLine.java:1465)
datanode_1  | 2019-11-16 00:46:48,868 INFO server.RaftServerConfigKeys: raft.server.log.appender.buffer.byte-limit = 33554432 (custom)
s3g_1       | 996b04eaac4fa8c876be53ef06a649e3d225da5ebe4a8ee364b6312fda758345, signature=b0ab317f1ed03e43cb1fe0e24d33db1f4ff2515e3c7d6dff7835392eec9680e5, awsAccessKeyId=dlfknslnfslf, while invoking $Proxy83.submitRequest over nodeId=null,nodeAddress=om:9862 after 1 failover attempts. Trying to failover immediately.
om_1        | SHUTDOWN_MSG: Shutting down OzoneManager at om/172.19.0.4
scm_1       | 2019-11-16 00:46:44,334 WARN server.ServerUtils: ozone.scm.db.dirs is not configured. We recommend adding this setting. Falling back to ozone.metadata.dirs instead.
datanode_2  | 2019-11-16 00:46:49,250 INFO server.AuthenticationFilter: Unable to initialize FileSignerSecretProvider, falling back to use random secrets.
datanode_3  | 2019-11-16 00:46:48,928 INFO server.GrpcService: raft.grpc.message.size.max = 33570816 (custom)
kdc_1       | Nov 16 00:46tabase
recon_1     | 	at org.apache.hadoop.hdds.cli.GenericCli.execute(GenericCli.java:65)
datanode_1  | 2019-11-16 00:46:48,868 INFO server.GrpcService: raft.grpc.flow.control.window = 1MB (=1048576) (default)
s3g_1       | 2019-11-16 00:54:17,231 WARN ipc.Client: Exception encountered while connecting to the server : org.apache.hadoop.ipc.RemoteException(org.apache.hadoop.security.token.SecretManager$InvalidToken): No S3 secret found for S3 identifier:OzoneToken owner=dlfknslnfslf, renewer=, realUser=, issueDate=0, maxDate=0, sequenceNumber=0, masterKeyId=0, strToSign=AWS4-HMAC-SHA256
scm_1       | 2019-11-16 00:46:44,358 INFO util.log: Logging initialized @1239ms
datanode_2  | 2019-11-16 00:46:49,253 INFO http.HttpRequestLog: Http request log for http.requests.hddsDatanode is not defined
datanode_3  | 2019-11-16 00:46:48,930 INFO server.RaftServerConfigKeys: raft.server.log.appender.buffer.byte-limit = 33554432 (custom)
kdc_1       | Nov 16 00:46:32 kdc krb5kdc[9](info): AS_REQ (8 etypes {18 17 20 19 16 23 25 26}) 127.0.0.1: ISSUE: authtime 1573865192, etypes {rep=18 tkt=18 ses=18}, admin/admin@EXAMPLE.COM for kadmin/admin@EXAMPLE.COM
recon_1     | 	at org.apache.hadoop.hdds.cli.GenericCli.run(GenericCli.java:56)
om_1        | ************************************************************/
datanode_1  | 2019-11-16 00:46:48,869 INFO server.RaftServerConfigKeys: raft.server.rpc.request.timeout = 3000ms (default)
s3g_1       | 20191116T005417Z
scm_1       | 2019-11-16 00:46:44,465 INFO db.DBStoreBuilder: using custom profile for table: deletedBlocks
datanode_2  | 2019-11-16 00:46:49,262 INFO http.HttpServer2: Added global filter 'safety' (class=org.apache.hadoop.http.HttpServer2$QuotingInputFilter)
datanode_3  | 2019-11-16 00:46:48,930 INFO server.GrpcService: raft.grpc.flow.control.window = 1MB (=1048576) (default)
kdc_1       | Nov 16 00:46:32 kdc krb5kdc[9](info): AS_REQ (8 etypes {18 17 20 19 16 23 25 26}) 127.0.0.1: SERVER_NOT_FOUND: admin/admin@EXAMPLE.COM for kadmin/localhost@EXAMPLE.COM, Server not found in Kerberos database
recon_1     | 	at org.apache.hadoop.ozone.recon.ReconServer.main(ReconServer.java:52)
om_1        | 2019-11-16 00:46:50,073 INFO om.OzoneManagerStarter: STARTUP_MSG: 
datanode_1  | 2019-11-16 00:46:49,033 INFO server.RaftServerConfigKeys: raft.server.storage.dir = [/data/metadata/ratis] (custom)
s3g_1       | 20191116/us-west-1/s3/aws4_request
scm_1       | 2019-11-16 00:46:44,465 INFO db.DBStoreBuilder: Using default column profile:DBProfile.DISK for Table:deletedBlocks
datanode_2  | 2019-11-16 00:46:49,264 INFO http.HttpServer2: Added filter authentication (class=org.apache.hadoop.security.authentication.server.AuthenticationFilter) to context hddsDatanode
datanode_3  | 2019-11-16 00:46:48,931 INFO server.RaftServerConfigKeys: raft.server.rpc.request.timeout = 3000ms (default)
kdc_1       | Nov 16 00:46:32 kdc krb5kdc[9](info): AS_REQ (8 etypes {18 17 20 19 16 23 25 26}) 127.0.0.1: ISSUE: authtime 1573865192, etypes {rep=18 tkt=18 ses=18}, admin/admin@EXAMPLE.COM for kadmin/admin@EXAMPLE.COM
om_1        | /************************************************************
datanode_1  | 2019-11-16 00:46:49,103 INFO hdfs.DFSUtil: Starting web server as: HTTP/8e0f3390db18@EXAMPLE.COM
s3g_1       | 996b04eaac4fa8c876be53ef06a649e3d225da5ebe4a8ee364b6312fda758345, signature=b0ab317f1ed03e43cb1fe0e24d33db1f4ff2515e3c7d6dff7835392eec9680e5, awsAccessKeyId=dlfknslnfslf
scm_1       | 2019-11-16 00:46:44,466 INFO db.DBStoreBuilder: using custom profile for table: validCerts
datanode_2  | 2019-11-16 00:46:49,264 INFO http.HttpServer2: Added filter authentication (class=org.apache.hadoop.security.authentication.server.AuthenticationFilter) to context logs
datanode_3  | 2019-11-16 00:46:49,071 INFO server.RaftServerConfigKeys: raft.server.storage.dir = [/data/metadata/ratis] (custom)
kdc_1       | Nov 16 00:46:32 kdc krb5kdc[9](info): AS_REQ (8 etypes {18 17 20 19 16 23 25 26}) 127.0.0.1: SERVER_NOT_FOUND: admin/admin@EXAMPLE.COM for kadmin/localhost@EXAMPLE.COM, Server not found in Kerberos database
om_1        | STARTUP_MSG: Starting OzoneManager
datanode_1  | 2019-11-16 00:46:49,103 INFO hdfs.DFSUtil: Starting Web-server for hddsDatanode at: http://0.0.0.0:9882
s3g_1       | 2019-11-16 00:54:17,231 INFO retry.RetryInvocationHandler: com.google.protobuf.ServiceException: org.apache.hadoop.ipc.RemoteException(org.apache.hadoop.security.token.SecretManager$InvalidToken): No S3 secret found for S3 identifier:OzoneToken owner=dlfknslnfslf, renewer=, realUser=, issueDate=0, maxDate=0, sequenceNumber=0, masterKeyId=0, strToSign=AWS4-HMAC-SHA256
scm_1       | 2019-11-16 00:46:44,466 INFO db.DBStoreBuilder: Using default column profile:DBProfile.DISK for Table:validCerts
datanode_2  | 2019-11-16 00:46:49,264 INFO http.HttpServer2: Added filter authentication (class=org.apache.hadoop.security.authentication.server.AuthenticationFilter) to context static
datanode_3  | 2019-11-16 00:46:49,141 INFO hdfs.DFSUtil: Starting web server as: HTTP/0a3fc9513ad8@EXAMPLE.COM
kdc_1       | Nov 16 00:46:32 kdc krb5kdc[9](info): AS_REQ (8 etypes {18 17 20 19 16 23 25 26}) 127.0.0.1: ISSUE: authtime 1573865192, etypes {rep=18 tkt=18 ses=18}, admin/admin@EXAMPLE.COM for kadmin/admin@:32 kdc kadmind[15](info): closing down fd 18
om_1        | STARTUP_MSG:   host = om/172.19.0.4
datanode_1  | 2019-11-16 00:46:49,123 INFO util.log: Logging initialized @8224ms
s3g_1       | 20191116T005417Z
scm_1       | 2019-11-16 00:46:44,466 INFO db.DBStoreBuilder: using custom profile for table: revokedCerts
datanode_2  | 2019-11-16 00:46:49,286 INFO http.HttpServer2: Jetty bound to port 9882
datanode_3  | 2019-11-16 00:46:49,141 INFO hdfs.DFSUtil: Starting Web-server for hddsDatanode at: http://0.0.0.0:9882
om_1        | STARTUP_MSG:   args = []
datanode_1  | 2019-11-16 00:46:49,222 INFO server.AuthenticationFilter: Unable to initialize FileSignerSecretProvider, falling back to use random secrets.
s3g_1       | 20191116/us-west-1/s3/aws4_request
kdc_1       | Nov 16 00:46:32 kdc kadmind[15](Notice): Request: kadm5_init, admin/admin@EXAMPLE.COM, success, client=admin/admin@EXAMPLE.COM, service=kadmin/admin@EXAMPLE.COM, addr=127.0.0.1, vers=4, flavor=6
scm_1       | 2019-11-16 00:46:44,466 INFO db.DBStoreBuilder: Using default column profile:DBProfile.DISK for Table:revokedCerts
datanode_2  | 2019-11-16 00:46:49,287 INFO server.Server: jetty-9.3.25.v20180904, build timestamp: 2018-09-04T21:11:46Z, git hash: 3ce520221d0240229c862b122d2b06c12a625732
datanode_3  | 2019-11-16 00:46:49,162 INFO util.log: Logging initialized @9321ms
om_1        | STARTUP_MSG:   version = 3.2.0
datanode_1  | 2019-11-16 00:46:49,225 INFO http.HttpRequestLog: Http request log for http.requests.hddsDatanode is not defined
s3g_1       | 996b04eaac4fa8c876be53ef06a649e3d225da5ebe4a8ee364b6312fda758345, signature=b0ab317f1ed03e43cb1fe0e24d33db1f4ff2515e3c7d6dff7835392eec9680e5, awsAccessKeyId=dlfknslnfslf, while invoking $Proxy83.submitRequest over nodeId=null,nodeAddress=om:9862 after 2 failover attempts. Trying to failover immediately.
scm_1       | 2019-11-16 00:46:44,479 INFO db.DBStoreBuilder: using custom profile for table: default
datanode_2  | 2019-11-16 00:46:49,325 INFO server.AuthenticationFilter: Unable to initialize FileSignerSecretProvider, falling back to use random secrets.
kdc_1       | Nov 16 00:46:32 kdc kadmind[15](Notice): Request: kadm5_get_policy, default, Policy does not exist, client=admin/admin@EXAMPLE.COM, service=kadmin/admin@EXAMPLE.COM, addr=127.0.0.1
datanode_3  | 2019-11-16 00:46:49,244 INFO server.AuthenticationFilter: Unable to initialize FileSignerSecretProvider, falling back to use random secrets.
om_1        | STARTUP_MSG:   classpath = /etc/hadoop:/opt/hadoop/share/hadoop/common/*:/opt/hadoop/share/ozone/lib/kerb-simplekdc-1.0.1.jar:/opt/hadoop/share/ozone/lib/protobuf-java-2.5.0.jar:/opt/hadoop/share/ozone/lib/bcpkix-jdk15on-1.60.jar:/opt/hadoop/share/ozone/lib/sqlite-jdbc-3.25.2.jar:/opt/hadoop/share/ozone/lib/netty-3.10.5.Final.jar:/opt/hadoop/share/ozone/lib/commons-validator-1.6.jar:/opt/hadoop/share/ozone/lib/jaxb-impl-2.3.0.1.jar:/opt/hadoop/share/ozone/lib/kerb-core-1.0.1.jar:/opt/hadoop/share/ozone/lib/hadoop-ozone-common-0.5.0-SNAPSHOT.jar:/opt/hadoop/share/ozone/lib/ratis-thirdparty-misc-0.2.0.jar:/opt/hadoop/share/ozone/lib/jsr305-3.0.0.jar:/opt/hadoop/share/ozone/lib/leveldbjni-all-1.8.jar:/opt/hadoop/share/ozone/lib/htrace-core4-4.1.0-incubating.jar:/opt/hadoop/share/ozone/lib/hadoop-annotations-3.2.0.jar:/opt/hadoop/share/ozone/lib/hadoop-hdds-tools-0.5.0-SNAPSHOT.jar:/opt/hadoop/share/ozone/lib/kerb-util-1.0.1.jar:/opt/hadoop/share/ozone/lib/jackson-jaxrs-1.9.13.jar:/opt/hadoop/share/ozone/lib/ratis-server-0.5.0-d6d58d0-SNAPSHOT.jar:/opt/hadoop/share/ozone/lib/kerby-xdr-1.0.1.jar:/opt/hadoop/share/ozone/lib/jetty-webapp-9.3.25.v20180904.jar:/opt/hadoop/share/ozone/lib/jackson-core-asl-1.9.13.jar:/opt/hadoop/share/ozone/lib/commons-net-3.6.jar:/opt/hadoop/share/ozone/lib/log4j-api-2.11.0.jar:/opt/hadoop/share/ozone/lib/netty-all-4.0.52.Final.jar:/opt/hadoop/share/ozone/lib/hadoop-hdfs-3.2.0.jar:/opt/hadoop/share/ozone/lib/jline-0.9.94.jar:/opt/hadoop/share/ozone/lib/opentracing-api-0.31.0.jar:/opt/hadoop/share/ozone/lib/hadoop-hdds-server-framework-0.5.0-SNAPSHOT.jar:/opt/hadoop/share/ozone/lib/slf4j-log4j12-1.7.25.jar:/opt/hadoop/share/ozone/lib/hadoop-hdfs-client-3.2.0.jar:/opt/hadoop/share/ozone/lib/kerby-config-1.0.1.jar:/opt/hadoop/share/ozone/lib/jetty-util-9.3.25.v20180904.jar:/opt/hadoop/share/ozone/lib/libthrift-0.12.0.jar:/opt/hadoop/share/ozone/lib/metrics-core-3.2.4.jar:/opt/hadoop/share/ozone/lib/kerby-pkix-1.0.1.jar:/opt/hadoop/share/ozone/lib/xz-1.0.jar:/opt/hadoop/share/ozone/lib/hadoop-hdds-config-0.5.0-SNAPSHOT.jar:/opt/hadoop/share/ozone/lib/nimbus-jose-jwt-4.41.1.jar:/opt/hadoop/share/ozone/lib/jsr311-api-1.1.1.jar:/opt/hadoop/share/ozone/lib/commons-beanutils-1.9.4.jar:/opt/hadoop/share/ozone/lib/ratis-grpc-0.5.0-d6d58d0-SNAPSHOT.jar:/opt/hadoop/share/ozone/lib/ratis-netty-0.5.0-d6d58d0-SNAPSHOT.jar:/opt/hadoop/share/ozone/lib/javax.servlet-api-3.1.0.jar:/opt/hadoop/share/ozone/lib/kerb-server-1.0.1.jar:/opt/hadoop/share/ozone/lib/zookeeper-3.4.13.jar:/opt/hadoop/share/ozone/lib/avro-1.7.7.jar:/opt/hadoop/share/ozone/lib/kerb-client-1.0.1.jar:/opt/hadoop/share/ozone/lib/jackson-xc-1.9.13.jar:/opt/hadoop/share/ozone/lib/disruptor-3.4.2.jar:/opt/hadoop/share/ozone/lib/guava-11.0.2.jar:/opt/hadoop/share/ozone/lib/ratis-client-0.5.0-d6d58d0-SNAPSHOT.jar:/opt/hadoop/share/ozone/lib/hadoop-hdds-common-0.5.0-SNAPSHOT.jar:/opt/hadoop/share/ozone/lib/curator-framework-2.12.0.jar:/opt/hadoop/share/ozone/lib/dnsjava-2.1.7.jar:/opt/hadoop/share/ozone/lib/commons-configuration2-2.1.1.jar:/opt/hadoop/share/ozone/lib/json-smart-2.3.jar:/opt/hadoop/share/ozone/lib/token-provider-1.0.1.jar:/opt/hadoop/share/ozone/lib/log4j-1.2.17.jar:/opt/hadoop/share/ozone/lib/commons-daemon-1.0.13.jar:/opt/hadoop/share/ozone/lib/bcprov-jdk15on-1.60.jar:/opt/hadoop/share/ozone/lib/ratis-metrics-0.5.0-d6d58d0-SNAPSHOT.jar:/opt/hadoop/share/ozone/lib/commons-lang3-3.7.jar:/opt/hadoop/share/ozone/lib/commons-compress-1.4.1.jar:/opt/hadoop/share/ozone/lib/jaeger-client-0.34.0.jar:/opt/hadoop/share/ozone/lib/jetty-server-9.3.25.v20180904.jar:/opt/hadoop/share/ozone/lib/accessors-smart-1.2.jar:/opt/hadoop/share/ozone/lib/re2j-1.1.jar:/opt/hadoop/share/ozone/lib/curator-recipes-2.12.0.jar:/opt/hadoop/share/ozone/lib/jackson-core-2.9.9.jar:/opt/hadoop/share/ozone/lib/commons-math3-3.1.1.jar:/opt/hadoop/share/ozone/lib/opentracing-noop-0.31.0.jar:/opt/hadoop/share/ozone/lib/httpclient-4.5.2.jar:/opt/hadoop/share/ozone/lib/jaeger-core-0.34.0.jar:/opt/hadoop/share/ozone/lib/asm-5.0.4.jar:/opt/hadoop/share/ozone/lib/curator-client-2.12.0.jar:/opt/hadoop/share/ozone/lib/audience-annotations-0.5.0.jar:/opt/hadoop/share/ozone/lib/kerby-util-1.0.1.jar:/opt/hadoop/share/ozone/lib/jackson-mapper-asl-1.9.13.jar:/opt/hadoop/share/ozone/lib/rocksdbjni-6.0.1.jar:/opt/hadoop/share/ozone/lib/jsp-api-2.1.jar:/opt/hadoop/share/ozone/lib/jsch-0.1.54.jar:/opt/hadoop/share/ozone/lib/opentracing-tracerresolver-0.1.5.jar:/opt/hadoop/share/ozone/lib/paranamer-2.3.jar:/opt/hadoop/share/ozone/lib/log4j-core-2.11.0.jar:/opt/hadoop/share/ozone/lib/jetty-io-9.3.25.v20180904.jar:/opt/hadoop/share/ozone/lib/jetty-xml-9.3.25.v20180904.jar:/opt/hadoop/share/ozone/lib/commons-codec-1.11.jar:/opt/hadoop/share/ozone/lib/commons-pool2-2.6.0.jar:/opt/hadoop/share/ozone/lib/gson-2.2.4.jar:/opt/hadoop/share/ozone/lib/jcip-annotations-1.0-1.jar:/opt/hadoop/share/ozone/lib/kerb-admin-1.0.1.jar:/opt/hadoop/share/ozone/lib/okio-1.13.0.jar:/opt/hadoop/share/ozone/lib/commons-io-2.5.jar:/opt/hadoop/share/ozone/lib/snakeyaml-1.16.jar:/opt/hadoop/share/ozone/lib/hadoop-ozone-client-0.5.0-SNAPSHOT.jar:/opt/hadoop/share/ozone/lib/jersey-core-1.19.jar:/opt/hadoop/share/ozone/lib/jackson-databind-2.9.9.jar:/opt/hadoop/share/ozone/lib/hadoop-hdds-container-service-0.5.0-SNAPSHOT.jar:/opt/hadoop/share/ozone/lib/picocli-3.9.6.jar:/opt/hadoop/share/ozone/lib/jaeger-thrift-0.34.0.jar:/opt/hadoop/share/ozone/lib/ratis-common-0.5.0-d6d58d0-SNAPSHOT.jar:/opt/hadoop/share/ozone/lib/jackson-annotations-2.9.9.jar:/opt/hadoop/share/ozone/lib/commons-cli-1.2.jar:/opt/hadoop/share/ozone/lib/hadoop-hdds-docs-0.5.0-SNAPSHOT.jar:/opt/hadoop/share/ozone/lib/woodstox-core-5.0.3.jar:/opt/hadoop/share/ozone/lib/javax.annotation-api-1.2.jar:/opt/hadoop/share/ozone/lib/snappy-java-1.0.5.jar:/opt/hadoop/share/ozone/lib/jaeger-tracerresolver-0.34.0.jar:/opt/hadoop/share/ozone/lib/jetty-security-9.3.25.v20180904.jar:/opt/hadoop/share/ozone/lib/jetty-http-9.3.25.v20180904.jar:/opt/hadoop/share/ozone/lib/kerby-asn1-1.0.1.jar:/opt/hadoop/share/ozone/lib/okhttp-3.9.0.jar:/opt/hadoop/share/ozone/lib/stax2-api-3.1.4.jar:/opt/hadoop/share/ozone/lib/commons-digester-1.8.1.jar:/opt/hadoop/share/ozone/lib/commons-collections-3.2.2.jar:/opt/hadoop/share/ozone/lib/jettison-1.1.jar:/opt/hadoop/share/ozone/lib/commons-text-1.4.jar:/opt/hadoop/share/ozone/lib/jersey-servlet-1.19.jar:/opt/hadoop/share/ozone/lib/jersey-json-1.19.jar:/opt/hadoop/share/ozone/lib/slf4j-api-1.7.25.jar:/opt/hadoop/share/ozone/lib/jetty-util-ajax-9.3.25.v20180904.jar:/opt/hadoop/share/ozone/lib/commons-logging-1.1.3.jar:/opt/hadoop/share/ozone/lib/hadoop-hdds-client-0.5.0-SNAPSHOT.jar:/opt/hadoop/share/ozone/lib/kerb-identity-1.0.1.jar:/opt/hadoop/share/ozone/lib/ratis-proto-0.5.0-d6d58d0-SNAPSHOT.jar:/opt/hadoop/share/ozone/lib/opentracing-util-0.31.0.jar:/opt/hadoop/share/ozone/lib/hadoop-common-3.2.0.jar:/opt/hadoop/share/ozone/lib/hadoop-auth-3.2.0.jar:/opt/hadoop/share/ozone/lib/kerb-common-1.0.1.jar:/opt/hadoop/share/ozone/lib/jetty-servlet-9.3.25.v20180904.jar:/opt/hadoop/share/ozone/lib/jersey-server-1.19.jar:/opt/hadoop/share/ozone/lib/kerb-crypto-1.0.1.jar:/opt/hadoop/share/ozone/lib/httpcore-4.4.4.jar:/opt/hadoop/share/ozone/web:/opt/hadoop/share/ozone/lib/hadoop-ozone-ozone-manager-0.5.0-SNAPSHOT.jar
datanode_1  | 2019-11-16 00:46:49,232 INFO http.HttpServer2: Added global filter 'safety' (class=org.apache.hadoop.http.HttpServer2$QuotingInputFilter)
s3g_1       | 2019-11-16 00:54:17,237 WARN ipc.Client: Exception encountered while connecting to the server : org.apache.hadoop.ipc.RemoteException(org.apache.hadoop.security.token.SecretManager$InvalidToken): No S3 secret found for S3 identifier:OzoneToken owner=dlfknslnfslf, renewer=, realUser=, issueDate=0, maxDate=0, sequenceNumber=0, masterKeyId=0, strToSign=AWS4-HMAC-SHA256
scm_1       | 2019-11-16 00:46:44,479 INFO db.DBStoreBuilder: Using default column profile:DBProfile.DISK for Table:default
datanode_2  | 2019-11-16 00:46:49,327 INFO server.KerberosAuthenticationHandler: Using keytab /etc/security/keytabs/HTTP.keytab, for principal HTTP/ee53d055a8a8@EXAMPLE.COM
kdc_1       | Nov 16 00:46:32 kdc kadmind[15](Notice): Request: kadm5_create_principal, om/0a3fc9513ad8@EXAMPLE.COM, success, client=admin/admin@EXAMPLE.COM, service=kadmin/admin@EXAMPLE.COM, addr=127.0.0.1
datanode_3  | 2019-11-16 00:46:49,247 INFO http.HttpRequestLog: Http request log for http.requests.hddsDatanode is not defined
om_1        | STARTUP_MSG:   build = https://github.com/apache/hadoop.git -r e97acb3bd8f3befd27418996fa5d4b50bf2e17bf; compiled by 'sunilg' on 2019-01-15T17:34Z
s3g_1       | 20191116T005417Z
scm_1       | 2019-11-16 00:46:44,481 INFO db.DBStoreBuilder: Using default options. DBProfile.DISK
kdc_1       | Nov 16 00:46:32 kdc kadmind[15](info): closing down fd 18
datanode_2  | 2019-11-16 00:46:49,330 INFO handler.ContextHandler: Started o.e.j.s.ServletContextHandler@48268eec{/logs,file:///var/log/hadoop/,AVAILABLE}
datanode_1  | 2019-11-16 00:46:49,235 INFO http.HttpServer2: Added filter authentication (class=org.apache.hadoop.security.authentication.server.AuthenticationFilter) to context hddsDatanode
datanode_3  | 2019-11-16 00:46:49,253 INFO http.HttpServer2: Added global filter 'safety' (class=org.apache.hadoop.http.HttpServer2$QuotingInputFilter)
om_1        | STARTUP_MSG:   java = 11.0.3
s3g_1       | 20191116/us-west-1/s3/aws4_request
kdc_1       | Nov 16 00:46:32 kdc kadmind[15](Notice): Request: kadm5_init, admin/admin@EXAMPLE.COM, success, client=admin/admin@EXAMPLE.COM, service=kadmin/admin@EXAMPLE.COM, addr=127.0.0.1, vers=4, flavor=6
datanode_2  | 2019-11-16 00:46:49,332 INFO handler.ContextHandler: Started o.e.j.s.ServletContextHandler@2e71240b{/static,jar:file:/opt/hadoop/share/ozone/lib/hadoop-hdds-container-service-0.5.0-SNAPSHOT.jar!/webapps/static,AVAILABLE}
scm_1       | 2019-11-16 00:46:45,833 INFO ipc.CallQueueManager: Using callQueue: class java.util.concurrent.LinkedBlockingQueue, queueCapacity: 200, scheduler: class org.apache.hadoop.ipc.DefaultRpcScheduler, ipcBackoff: false.
datanode_1  | 2019-11-16 00:46:49,235 INFO http.HttpServer2: Added filter authentication (class=org.apache.hadoop.security.authentication.server.AuthenticationFilter) to context static
datanode_3  | 2019-11-16 00:46:49,254 INFO http.HttpServer2: Added filter authentication (class=org.apache.hadoop.security.authentication.server.AuthenticationFilter) to context hddsDatanode
om_1        | ************************************************************/
s3g_1       | 996b04eaac4fa8c876be53ef06a649e3d225da5ebe4a8ee364b6312fda758345, signature=b0ab317f1ed03e43cb1fe0e24d33db1f4ff2515e3c7d6dff7835392eec9680e5, awsAccessKeyId=dlfknslnfslf
kdc_1       | Nov 16 00:46:32 kdc kadmind[15](Notice): Request: kadm5_randkey_principal, om/0a3fc9513ad8@EXAMPLE.COM, success, client=admin/admin@EXAMPLE.COM, service=kadEXAMPLE.COM
scm_1       | 2019-11-16 00:46:45,863 INFO ipc.Server: Starting Socket Reader #1 for port 9961
datanode_2  | 2019-11-16 00:46:49,391 INFO server.KerberosAuthenticationHandler: Using keytab /etc/security/keytabs/HTTP.keytab, for principal HTTP/ee53d055a8a8@EXAMPLE.COM
datanode_1  | 2019-11-16 00:46:49,235 INFO http.HttpServer2: Added filter authentication (class=org.apache.hadoop.security.authentication.server.AuthenticationFilter) to context logs
datanode_3  | 2019-11-16 00:46:49,255 INFO http.HttpServer2: Added filter authentication (class=org.apache.hadoop.security.authentication.server.AuthenticationFilter) to context logs
om_1        | 2019-11-16 00:46:50,081 INFO om.OzoneManagerStarter: registered UNIX signal handlers for [TERM, HUP, INT]
scm_1       | 2019-11-16 00:46:45,985 INFO net.NodeSchemaLoader: Loading file from java.lang.CompoundEnumeration@baf1bb3
kdc_1       | Nov 16 00:46:32 kdc krb5kdc[9](info): AS_REQ (8 etypes {18 17 20 19 16 23 25 26}) 127.0.0.1: SERVER_NOT_FOUND: admin/admin@EXAMPLE.COM for kadmin/localhost@EXAMPLE.COM, Server not found in Kerberos database
datanode_2  | 2019-11-16 00:46:49,396 INFO handler.ContextHandler: Started o.e.j.w.WebAppContext@62ade015{/,file:///tmp/jetty-0.0.0.0-9882-hddsDatanode-_-any-272969321154529135.dir/webapp/,AVAILABLE}{/hddsDatanode}
s3g_1       | 2019-11-16 00:54:17,237 INFO retry.RetryInvocationHandler: com.google.protobuf.ServiceException: org.apache.hadoop.ipc.RemoteException(org.apache.hadoop.security.token.SecretManager$InvalidToken): No S3 secret found for S3 identifier:OzoneToken owner=dlfknslnfslf, renewer=, realUser=, issueDate=0, maxDate=0, sequenceNumber=0, masterKeyId=0, strToSign=AWS4-HMAC-SHA256
datanode_1  | 2019-11-16 00:46:49,262 INFO http.HttpServer2: Jetty bound to port 9882
datanode_3  | 2019-11-16 00:46:49,255 INFO http.HttpServer2: Added filter authentication (class=org.apache.hadoop.security.authentication.server.AuthenticationFilter) to context static
om_1        | 2019-11-16 00:46:50,930 INFO ha.OMHANodeDetails: Configuration either no ozone.om.address set. Falling back to the default OM address om/172.19.0.4:9862
scm_1       | 2019-11-16 00:46:45,986 INFO net.NodeSchemaLoader: Loading network topology layer schema file
kdc_1       | Nov 16 00:46:32 kdc krb5kdc[9](info): AS_REQ (8 etypes {18 17 20 19 16 23 25 26}) 127.0.0.1: ISSUE: authtime 1573865192, etypes {rep=18 tkt=18 ses=18}, admin/admin@EXAMPLE.COM for kadmin/admin@EXAMPLE.COM
datanode_2  | 2019-11-16 00:46:49,400 INFO server.AbstractConnector: Started ServerConnector@437bd805{HTTP/1.1,[http/1.1]}{0.0.0.0:9882}
datanode_1  | 2019-11-16 00:46:49,264 INFO server.Server: jetty-9.3.25.v20180904, build timestamp: 2018-09-04T21:11:46Z, git hash: 3ce520221d0240229c862b122d2b06c12a625732
om_1        | 2019-11-16 00:46:50,930 INFO ha.OMHANodeDetails: OM Service ID is not set. Setting it to the default ID: omServiceIdDefault
datanode_3  | 2019-11-16 00:46:49,276 INFO http.HttpServer2: Jetty bound to port 9882
scm_1       | 2019-11-16 00:46:46,057 INFO node.SCMNodeManager: Entering startup safe mode.
s3g_1       | 20191116T005417Z
kdc_1       | Nov 16 00:46:32 kdc krb5kdc[9](info): AS_REQ (8 etypes {18 17 20 19 16 23 25 26}) 127.0.0.1: SERVER_NOT_FOUND: admin/admin@EXAMPLE.COM for kadmin/localhost@EXAMPLE.COM, Server not found in Kerberos database
datanode_1  | 2019-11-16 00:46:49,301 INFO server.AuthenticationFilter: Unable to initialize FileSignerSecretProvider, falling back to use random secrets.
datanode_2  | 2019-11-16 00:46:49,400 INFO server.Server: Started @7843ms
om_1        | 2019-11-16 00:46:50,936 WARN server.ServerUtils: ozone.om.db.dirs is not configured. We recommend adding this setting. Falling back to ozone.metadata.dirs instead.
datanode_3  | 2019-11-16 00:46:49,277 INFO server.Server: jetty-9.3.25.v20180904, build timestamp: 2018-09-04T21:11:46Z, git hash: 3ce520221d0240229c862b122d2b06c12a625732
scm_1       | 2019-11-16 00:46:46,157 INFO algorithms.ContainerPlacementPolicyFactory: Create container placement policy of type org.apache.hadoop.hdds.scm.container.placement.algorithms.SCMContainerPlacementRandom
s3g_1       | 20191116/us-west-1/s3/aws4_request
kdc_1       | Nov 16 00:46:32 kdc krb5kdc[9](info): AS_REQ (8 etypes {18 17 20 19 16 23 25 26}) 127.0.0.1: ISSUE: authtime 1573865192, etypes {rep=18 tkt=18 ses=18}, admin/admin@EXAMPLE.COM for kadmin/admin@EXAMPLE.COM
datanode_1  | 2019-11-16 00:46:49,303 INFO server.KerberosAuthenticationHandler: Using keytab /etc/security/keytabs/HTTP.keytab, for principal HTTP/8e0f3390db18@EXAMPLE.COM
datanode_2  | 2019-11-16 00:46:49,403 INFO impl.MetricsSinkAdapter: Sink prometheus started
om_1        | WARNING: An illegal reflective access operation has occurred
datanode_3  | 2019-11-16 00:46:49,306 INFO server.AuthenticationFilter: Unable to initialize FileSignerSecretProvider, falling back to use random secrets.
s3g_1       | 996b04eaac4fa8c876be53ef06a649e3d225da5ebe4a8ee364b6312fda758345, signature=b0ab317f1ed03e43cb1fe0e24d33db1f4ff2515e3c7d6dff7835392eec9680e5, awsAccessKeyId=dlfknslnfslf, while invoking $Proxy83.submitRequest over nodeId=null,nodeAddress=om:9862 after 3 failover attempts. Trying to failover immediately.
kdc_1       | Nov 16 00:46:33 kdc krb5kdc[9](info): AS_REQ (8 etypes {18 17 20 19 16 23 25 26}) 127.0.0.1: SERVER_NOT_FOUND: admin/admin@EXAMPLE.COM for kadmin/localhost@EXAMPLE.COM, Server not found inmin/admin@EXAMPLE.COM, addr=127.0.0.1
scm_1       | 2019-11-16 00:46:46,169 WARN server.ServerUtils: ozone.scm.db.dirs is not configured. We recommend adding this setting. Falling back to ozone.metadata.dirs instead.
datanode_1  | 2019-11-16 00:46:49,305 INFO handler.ContextHandler: Started o.e.j.s.ServletContextHandler@2401856{/logs,file:///var/log/hadoop/,AVAILABLE}
datanode_2  | 2019-11-16 00:46:49,403 INFO impl.MetricsSystemImpl: Registered sink prometheus
om_1        | WARNING: Illegal reflective access by org.apache.hadoop.security.authentication.util.KerberosUtil (file:/opt/hadoop/share/ozone/lib/hadoop-auth-3.2.0.jar) to method sun.security.krb5.Config.getInstance()
datanode_3  | 2019-11-16 00:46:49,308 INFO server.KerberosAuthenticationHandler: Using keytab /etc/security/keytabs/HTTP.keytab, for principal HTTP/0a3fc9513ad8@EXAMPLE.COM
s3g_1       | 2019-11-16 00:54:17,241 WARN ipc.Client: Exception encountered while connecting to the server : org.apache.hadoop.ipc.RemoteException(org.apache.hadoop.security.token.SecretManager$InvalidToken): No S3 secret found for S3 identifier:OzoneToken owner=dlfknslnfslf, renewer=, realUser=, issueDate=0, maxDate=0, sequenceNumber=0, masterKeyId=0, strToSign=AWS4-HMAC-SHA256
datanode_2  | 2019-11-16 00:46:49,405 INFO server.BaseHttpServer: HTTP server of HDDSDATANODE is listening at http://0.0.0.0:9882
scm_1       | 2019-11-16 00:46:46,436 INFO pipeline.SCMPipelineManager: No pipeline exists in current db
datanode_1  | 2019-11-16 00:46:49,306 INFO handler.ContextHandler: Started o.e.j.s.ServletContextHandler@69a024a0{/static,jar:file:/opt/hadoop/share/ozone/lib/hadoop-hdds-container-service-0.5.0-SNAPSHOT.jar!/webapps/static,AVAILABLE}
om_1        | WARNING: Please consider reporting this to the maintainers of org.apache.hadoop.security.authentication.util.KerberosUtil
datanode_3  | 2019-11-16 00:46:49,311 INFO handler.ContextHandler: Started o.e.j.s.ServletContextHandler@4bf80c29{/logs,file:///var/log/hadoop/,AVAILABLE}
kdc_1       | Nov 16 00:46:32 kdc kadmind[15](Notice): Request: kadm5_get_principal, om/0a3fc9513ad8@EXAMPLE.COM, success, client=admin/admin@EXAMPLE.COM, service=kadmin/admin@EXAMPLE.COM, addr=127.0.0.1
s3g_1       | 20191116T005417Z
scm_1       | 2019-11-16 00:46:46,439 WARN server.ServerUtils: ozone.scm.db.dirs is not configured. We recommend adding this setting. Falling back to ozone.metadata.dirs instead.
datanode_2  | 2019-11-16 00:46:49,417 INFO util.JvmPauseMonitor: Starting JVM pause monitor
datanode_1  | 2019-11-16 00:46:49,360 INFO server.KerberosAuthenticationHandler: Using keytab /etc/security/keytabs/HTTP.keytab, for principal HTTP/8e0f3390db18@EXAMPLE.COM
om_1        | WARNING: Use --illegal-access=warn to enable warnings of further illegal reflective access operations
datanode_3  | 2019-11-16 00:46:49,312 INFO handler.ContextHandler: Started o.e.j.s.ServletContextHandler@2b44d6d0{/static,jar:file:/opt/hadoop/share/ozone/lib/hadoop-hdds-container-service-0.5.0-SNAPSHOT.jar!/webapps/static,AVAILABLE}
kdc_1       | Nov 16 00:46:32 kdc kadmind[15](info): closing down fd 18
s3g_1       | 20191116/us-west-1/s3/aws4_request
scm_1       | 2019-11-16 00:46:46,619 WARN events.EventQueue: No event handler registered for event TypedEvent{payloadType=SafeModeStatus, name='SafeModeStatus'}
datanode_1  | 2019-11-16 00:46:49,364 INFO handler.ContextHandler: Started o.e.j.w.WebAppContext@7ab802f4{/,file:///tmp/jetty-0.0.0.0-9882-hddsDatanode-_-any-3015074618246263615.dir/webapp/,AVAILABLE}{/hddsDatanode}
datanode_2  | 2019-11-16 00:46:51,622 INFO ozoneimpl.OzoneContainer: Attempting to start container services.
om_1        | WARNING: All illegal access operations will be denied in a future release
datanode_3  | 2019-11-16 00:46:49,378 INFO server.KerberosAuthenticationHandler: Using keytab /etc/security/keytabs/HTTP.keytab, for principal HTTP/0a3fc9513ad8@EXAMPLE.COM
kdc_1       | Nov 16 00:46:33 kdc kadmind[15](Notice): Request: kadm5_init, admin/admin@EXAMPLE.COM, success, client=admin/admin@EXAMPLE.COM, service=kadmin/admin@EXAMPLE.COM, addr=127.0.0.1, vers=4, flavor=6
s3g_1       | 996b04eaac4fa8c876be53ef06a649e3d225da5ebe4a8ee364b6312fda758345, signature=b0ab317f1ed03e43cb1fe0e24d33db1f4ff2515e3c7d6dff7835392eec9680e5, awsAccessKeyId=dlfknslnfslf
scm_1       | 2019-11-16 00:46:46,971 INFO ipc.CallQueueManager: Using callQueue: class java.util.concurrent.LinkedBlockingQueue, queueCapacity: 1000, scheduler: class org.apache.hadoop.ipc.DefaultRpcScheduler, ipcBackoff: false.
datanode_1  | 2019-11-16 00:46:49,368 INFO server.AbstractConnector: Started ServerConnector@77b5148c{HTTP/1.1,[http/1.1]}{0.0.0.0:9882}
datanode_2  | 2019-11-16 00:46:51,624 INFO ozoneimpl.OzoneContainer: Background container scanner has been disabled.
om_1        | 2019-11-16 00:46:51,131 INFO security.UserGroupInformation: Login successful for user om/om@EXAMPLE.COM using keytab file /etc/security/keytabs/om.keytab
datanode_3  | 2019-11-16 00:46:49,384 INFO handler.ContextHandler: Started o.e.j.w.WebAppContext@70997a94{/,file:///tmp/jetty-0.0.0.0-9882-hddsDatanode-_-any-15315045234664419951.dir/webapp/,AVAILABLE}{/hddsDatanode}
kdc_1       | Nov 16 00:46:33 kdc kadmind[15](Notice): Request: kadm5_get_policy, default, Policy does not exist, client=admin/admin@EXAMPLE.COM, service=kadmin/admin@EXAMPLE.COM, addr=127.0.0.1
s3g_1       | 2019-11-16 00:54:17,241 INFO retry.RetryInvocationHandler: com.google.protobuf.ServiceException: org.apache.hadoop.ipc.RemoteException(org.apache.hadoop.security.token.SecretManager$InvalidToken): No S3 secret found for S3 identifier:OzoneToken owner=dlfknslnfslf, renewer=, realUser=, issueDate=0, maxDate=0, sequenceNumber=0, masterKeyId=0, strToSign=AWS4-HMAC-SHA256
scm_1       | 2019-11-16 00:46:46,975 INFO ipc.Server: Starting Socket Reader #1 for port 9861
datanode_1  | 2019-11-16 00:46:49,369 INFO server.Server: Started @8470ms
datanode_2  | 2019-11-16 00:46:51,624 INFO ratis.XceiverServerRatis: Starting XceiverServerRatis 1c90a9a3-d90c-45bf-abe2-cb12f7bc54ad at port 9858
om_1        | 2019-11-16 00:46:51,131 INFO om.OzoneManager: Ozone Manager login successful.
datanode_3  | 2019-11-16 00:46:49,390 INFO server.AbstractConnector: Started ServerConnector@6fa02932{HTTP/1.1,[http/1.1]}{0.0.0.0:9882}
kdc_1       | Nov 16 00:46:33 kdc kadmind[15](Notice): Request: kadm5_create_principal, dn/b1198d6a44a9@EXAMPLE.COM, success, client=admin/admin@EXAMPLE.COM, service=kadmin/admin@EXAMPLE.COM, addr=127.0.0.1
s3g_1       | 20191116T005417Z
scm_1       | 2019-11-16 00:46:47,005 INFO ipc.CallQueueManager: Using callQueue: class java.util.concurrent.LinkedBlockingQueue, queueCapacity: 1000, scheduler: class org.apache.hadoop.ipc.DefaultRpcScheduler, ipcBackoff: false.
datanode_2  | 2019-11-16 00:46:51,694 INFO impl.RaftServerProxy: 1c90a9a3-d90c-45bf-abe2-cb12f7bc54ad: start RPC server
om_1        | 2019-11-16 00:46:51,132 WARN server.ServerUtils: ozone.om.db.dirs is not configured. We recommend adding this setting. Falling back to ozone.metadata.dirs instead.
datanode_1  | 2019-11-16 00:46:49,371 INFO impl.MetricsSinkAdapter: Sink prometheus started
datanode_3  | 2019-11-16 00:46:49,391 INFO server.Server: Started @9549ms
kdc_1       | Nov 16 00:46:33 kdc kadmind[15](info): closing down fd 18
s3g_1       | 20191116/us-west-1/s3/aws4_request
scm_1       | 2019-11-16 00:46:47,006 INFO ipc.Server: Starting Socket Reader #1 for port 9863
datanode_2  | 2019-11-16 00:46:51,848 INFO server.GrpcService: 1c90a9a3-d90c-45bf-abe2-cb12f7bc54ad: GrpcService started, listening on 0.0.0.0/0.0.0.0:9858
om_1        | 2019-11-16 00:46:51,915 INFO client.OMCertificateClient: Loading certificate from location:/data/metadata/om/certs.
datanode_3  | 2019-11-16 00:46:49,394 INFO impl.MetricsSinkAdapter: Sink prometheus started
