datanode_1  | 2019-11-05 21:42:24,797 INFO server.RaftServerConfigKeys: raft.server.log.segment.cache.num.max = 2 (custom)
rm_1        | 2019-11-05 21:45:21 INFO  RMAppImpl:718 - application_1572989939291_0002 State change from NEW_SAVING to SUBMITTED on event=APP_NEW_SAVED
datanode_2  | 2019-11-05 21:41:33,511 INFO impl.RoleInfo: 8d5c31a2-df3a-41a5-8179-a58220213fa9: shutdown FollowerState
datanode_3  | 2019-11-05 21:40:41,763 INFO impl.LeaderElection: 5f8b4b4e-5f47-4c70-ba3a-7b305af2de43@group-60D3A4C42C2F-LeaderElection13: begin an election at term 13 for -1: [8d5c31a2-df3a-41a5-8179-a58220213fa9:172.18.0.5:9858, 5f8b4b4e-5f47-4c70-ba3a-7b305af2de43:172.18.0.9:9858, c65dd6b9-9b02-4312-abbf-85bcb6bba979:172.18.0.8:9858], old=null
datanode_1  | 2019-11-05 21:42:24,798 INFO segmented.SegmentedRaftLogWorker: new c65dd6b9-9b02-4312-abbf-85bcb6bba979@group-3EEF0B2D4CE0-SegmentedRaftLogWorker for RaftStorage:Storage Directory /data/metadata/ratis/3f90b309-10c3-4186-acf4-3eef0b2d4ce0
nm_1        | 2019-11-05 21:46:27 INFO  ContainerImpl:1135 - Container container_1572989939291_0002_01_000003 transitioned from LOCALIZING to LOCALIZED
datanode_2  | 2019-11-05 21:41:33,511 INFO impl.RaftServerImpl: 8d5c31a2-df3a-41a5-8179-a58220213fa9@group-60D3A4C42C2F: changes role from  FOLLOWER to CANDIDATE at term 19 for changeToCandidate
rm_1        | 2019-11-05 21:45:21 INFO  ParentQueue:345 - Application added - appId: application_1572989939291_0002 user: hadoop leaf-queue of parent: root #applications: 1
datanode_3  | 2019-11-05 21:40:41,801 INFO impl.LeaderElection: 5f8b4b4e-5f47-4c70-ba3a-7b305af2de43@group-60D3A4C42C2F-LeaderElection13: Election REJECTED; received 2 response(s) [5f8b4b4e-5f47-4c70-ba3a-7b305af2de43<-8d5c31a2-df3a-41a5-8179-a58220213fa9#0:FAIL-t13, 5f8b4b4e-5f47-4c70-ba3a-7b305af2de43<-c65dd6b9-9b02-4312-abbf-85bcb6bba979#0:FAIL-t13] and 0 exception(s); 5f8b4b4e-5f47-4c70-ba3a-7b305af2de43@group-60D3A4C42C2F:t13, leader=null, voted=5f8b4b4e-5f47-4c70-ba3a-7b305af2de43, raftlog=5f8b4b4e-5f47-4c70-ba3a-7b305af2de43@group-60D3A4C42C2F-SegmentedRaftLog:OPENED:c-1,f-1,i0, conf=-1: [8d5c31a2-df3a-41a5-8179-a58220213fa9:172.18.0.5:9858, 5f8b4b4e-5f47-4c70-ba3a-7b305af2de43:172.18.0.9:9858, c65dd6b9-9b02-4312-abbf-85bcb6bba979:172.18.0.8:9858], old=null
datanode_1  | 2019-11-05 21:42:24,798 INFO server.RaftServerConfigKeys: raft.server.log.queue.byte-limit = 2147483647 (custom)
nm_1        | 2019-11-05 21:46:27 INFO  ContainerImpl:1135 - Container container_1572989939291_0002_01_000003 transitioned from LOCALIZED to RUNNING
datanode_2  | 2019-11-05 21:41:33,511 [Thread-111] ERROR      - pipeline Action CLOSE  on pipeline PipelineID=f055dc29-18e8-4d57-9084-60d3a4c42c2f.Reason : 8d5c31a2-df3a-41a5-8179-a58220213fa9 is in candidate state for 138407ms
rm_1        | 2019-11-05 21:45:21 INFO  CapacityScheduler:814 - Accepted application application_1572989939291_0002 from user: hadoop, in queue: default
datanode_3  | 2019-11-05 21:40:41,801 INFO impl.RaftServerImpl: 5f8b4b4e-5f47-4c70-ba3a-7b305af2de43@group-60D3A4C42C2F: changes role from CANDIDATE to FOLLOWER at term 13 for DISCOVERED_A_NEW_TERM
datanode_1  | 2019-11-05 21:42:24,798 INFO server.RaftServerConfigKeys: raft.server.log.queue.element-limit = 1024 (custom)
nm_1        | 2019-11-05 21:46:27 INFO  ContainersMonitorImpl:196 - Neither virutal-memory nor physical-memory monitoring is needed. Not running the monitor-thread
rm_1        | 2019-11-05 21:45:21 INFO  RMAppImpl:718 - application_1572989939291_0002 State change from SUBMITTED to ACCEPTED on event=APP_ACCEPTED
datanode_3  | 2019-11-05 21:40:41,802 INFO impl.RoleInfo: 5f8b4b4e-5f47-4c70-ba3a-7b305af2de43: shutdown LeaderElection
datanode_2  | 2019-11-05 21:41:33,512 INFO impl.RoleInfo: 8d5c31a2-df3a-41a5-8179-a58220213fa9: start LeaderElection
datanode_1  | 2019-11-05 21:42:24,798 INFO server.RaftServerConfigKeys: raft.server.log.segment.size.max = 1048576 (custom)
nm_1        | 2019-11-05 21:46:27 INFO  DefaultContainerExecutor:268 - launchContainer: [bash, /tmp/hadoop-hadoop/nm-local-dir/usercache/hadoop/appcache/application_1572989939291_0002/container_1572989939291_0002_01_000003/default_container_executor.sh]
rm_1        | 2019-11-05 21:45:21 INFO  ApplicationMasterService:678 - Registering app attempt : appattempt_1572989939291_0002_000001
datanode_3  | 2019-11-05 21:40:41,803 INFO impl.RoleInfo: 5f8b4b4e-5f47-4c70-ba3a-7b305af2de43: start FollowerState
datanode_2  | 2019-11-05 21:41:33,689 INFO impl.LeaderElection: 8d5c31a2-df3a-41a5-8179-a58220213fa9@group-60D3A4C42C2F-LeaderElection20: begin an election at term 20 for -1: [8d5c31a2-df3a-41a5-8179-a58220213fa9:172.18.0.5:9858, 5f8b4b4e-5f47-4c70-ba3a-7b305af2de43:172.18.0.9:9858, c65dd6b9-9b02-4312-abbf-85bcb6bba979:172.18.0.8:9858], old=null
datanode_1  | 2019-11-05 21:42:24,799 INFO server.RaftServerConfigKeys: raft.server.log.preallocated.size = 16384 (custom)
nm_1        | 2019-11-05 21:46:34 INFO  ShuffleHandler:1053 - Setting connection close header...
rm_1        | 2019-11-05 21:45:21 INFO  RMAppAttemptImpl:815 - appattempt_1572989939291_0002_000001 State change from NEW to SUBMITTED
datanode_2  | 2019-11-05 21:41:33,705 INFO impl.LeaderElection: 8d5c31a2-df3a-41a5-8179-a58220213fa9@group-60D3A4C42C2F-LeaderElection20: Election REJECTED; received 2 response(s) [8d5c31a2-df3a-41a5-8179-a58220213fa9<-5f8b4b4e-5f47-4c70-ba3a-7b305af2de43#0:FAIL-t20, 8d5c31a2-df3a-41a5-8179-a58220213fa9<-c65dd6b9-9b02-4312-abbf-85bcb6bba979#0:FAIL-t20] and 0 exception(s); 8d5c31a2-df3a-41a5-8179-a58220213fa9@group-60D3A4C42C2F:t20, leader=null, voted=8d5c31a2-df3a-41a5-8179-a58220213fa9, raftlog=8d5c31a2-df3a-41a5-8179-a58220213fa9@group-60D3A4C42C2F-SegmentedRaftLog:OPENED:c-1,f-1,i0, conf=-1: [8d5c31a2-df3a-41a5-8179-a58220213fa9:172.18.0.5:9858, 5f8b4b4e-5f47-4c70-ba3a-7b305af2de43:172.18.0.9:9858, c65dd6b9-9b02-4312-abbf-85bcb6bba979:172.18.0.8:9858], old=null
datanode_1  | 2019-11-05 21:42:24,799 INFO server.RaftServerConfigKeys: raft.server.log.write.buffer.size = 33554432 (custom)
nm_1        | 2019-11-05 21:46:40 INFO  Server:1454 - Auth successful for appattempt_1572989939291_0002_000001 (auth:SIMPLE)
rm_1        | 2019-11-05 21:45:21 WARN  LeafQueue:632 - maximum-am-resource-percent is insufficient to start a single application in queue, it is likely set too low. skipping enforcement to allow at least one application to start
datanode_2  | 2019-11-05 21:41:33,705 INFO impl.RaftServerImpl: 8d5c31a2-df3a-41a5-8179-a58220213fa9@group-60D3A4C42C2F: changes role from CANDIDATE to FOLLOWER at term 20 for DISCOVERED_A_NEW_TERM
datanode_1  | 2019-11-05 21:42:24,799 INFO server.RaftServerConfigKeys: raft.server.log.force.sync.num = 128 (default)
datanode_3  | 2019-11-05 21:40:46,927 INFO impl.FollowerState: 5f8b4b4e-5f47-4c70-ba3a-7b305af2de43@group-60D3A4C42C2F-FollowerState: change to CANDIDATE, lastRpcTime:5124ms, electionTimeout:5122ms
nm_1        | 2019-11-05 21:46:40 INFO  ContainerManagerImpl:960 - Stopping container with container Id: container_1572989939291_0002_01_000003
rm_1        | 2019-11-05 21:45:21 WARN  LeafQueue:653 - maximum-am-resource-percent is insufficient to start a single application in queue for user, it is likely set too low. skipping enforcement to allow at least one application to start
datanode_2  | 2019-11-05 21:41:33,710 INFO impl.RoleInfo: 8d5c31a2-df3a-41a5-8179-a58220213fa9: shutdown LeaderElection
datanode_1  | 2019-11-05 21:42:24,799 INFO server.RaftServerConfigKeys: raft.server.log.statemachine.data.sync = true (default)
datanode_3  | 2019-11-05 21:40:46,928 INFO impl.RoleInfo: 5f8b4b4e-5f47-4c70-ba3a-7b305af2de43: shutdown FollowerState
nm_1        | 2019-11-05 21:46:40 INFO  ContainerImpl:1135 - Container container_1572989939291_0002_01_000003 transitioned from RUNNING to KILLING
rm_1        | 2019-11-05 21:45:21 INFO  LeafQueue:667 - Application application_1572989939291_0002 from user: hadoop activated in queue: default
datanode_2  | 2019-11-05 21:41:33,714 INFO impl.RoleInfo: 8d5c31a2-df3a-41a5-8179-a58220213fa9: start FollowerState
datanode_1  | 2019-11-05 21:42:24,800 INFO server.RaftServerConfigKeys: raft.server.log.statemachine.data.sync.timeout = 10s (default)
datanode_3  | 2019-11-05 21:40:46,928 INFO impl.RaftServerImpl: 5f8b4b4e-5f47-4c70-ba3a-7b305af2de43@group-60D3A4C42C2F: changes role from  FOLLOWER to CANDIDATE at term 13 for changeToCandidate
nm_1        | 2019-11-05 21:46:40 INFO  ContainerLaunch:370 - Cleaning up container container_1572989939291_0002_01_000003
rm_1        | 2019-11-05 21:45:21 INFO  LeafQueue:683 - Application added - appId: application_1572989939291_0002 user: org.apache.hadoop.yarn.server.resourcemanager.scheduler.capacity.LeafQueue$User@7cba16a4, leaf-queue: default #user-pending-applications: 0 #user-active-applications: 1 #queue-pending-applications: 0 #queue-active-applications: 1
datanode_2  | 2019-11-05 21:41:38,797 INFO impl.FollowerState: 8d5c31a2-df3a-41a5-8179-a58220213fa9@group-60D3A4C42C2F-FollowerState: change to CANDIDATE, lastRpcTime:5082ms, electionTimeout:5082ms
datanode_1  | 2019-11-05 21:42:24,800 INFO server.RaftServerConfigKeys: raft.server.log.statemachine.data.sync.timeout.retry = -1 (default)
datanode_3  | 2019-11-05 21:40:46,928 INFO impl.RoleInfo: 5f8b4b4e-5f47-4c70-ba3a-7b305af2de43: start LeaderElection
nm_1        | 2019-11-05 21:46:40 INFO  NMAuditLogger:89 - USER=hadoop	IP=172.18.0.7	OPERATION=Stop Container Request	TARGET=ContainerManageImpl	RESULT=SUCCESS	APPID=application_1572989939291_0002	CONTAINERID=container_1572989939291_0002_01_000003
rm_1        | 2019-11-05 21:45:21 INFO  CapacityScheduler:843 - Added Application Attempt appattempt_1572989939291_0002_000001 to scheduler from user hadoop in queue default
datanode_2  | 2019-11-05 21:41:38,797 INFO impl.RoleInfo: 8d5c31a2-df3a-41a5-8179-a58220213fa9: shutdown FollowerState
datanode_1  | 2019-11-05 21:42:24,800 INFO server.RaftServerConfigKeys: raft.server.log.statemachine.data.caching.enabled = true (custom)
datanode_3  | 2019-11-05 21:40:47,421 INFO impl.LeaderElection: 5f8b4b4e-5f47-4c70-ba3a-7b305af2de43@group-60D3A4C42C2F-LeaderElection14: begin an election at term 14 for -1: [8d5c31a2-df3a-41a5-8179-a58220213fa9:172.18.0.5:9858, 5f8b4b4e-5f47-4c70-ba3a-7b305af2de43:172.18.0.9:9858, c65dd6b9-9b02-4312-abbf-85bcb6bba979:172.18.0.8:9858], old=null
nm_1        | 2019-11-05 21:46:40 WARN  DefaultContainerExecutor:224 - Exit code from container container_1572989939291_0002_01_000003 is : 143
rm_1        | 2019-11-05 21:45:21 INFO  RMAppAttemptImpl:815 - appattempt_1572989939291_0002_000001 State change from SUBMITTED to SCHEDULED
datanode_1  | 2019-11-05 21:42:24,801 INFO segmented.SegmentedRaftLogWorker: c65dd6b9-9b02-4312-abbf-85bcb6bba979@group-3EEF0B2D4CE0-SegmentedRaftLogWorker: flushIndex: setUnconditionally 0 -> -1
datanode_3  | 2019-11-05 21:40:47,613 INFO impl.LeaderElection: 5f8b4b4e-5f47-4c70-ba3a-7b305af2de43@group-60D3A4C42C2F-LeaderElection14: Election REJECTED; received 2 response(s) [5f8b4b4e-5f47-4c70-ba3a-7b305af2de43<-8d5c31a2-df3a-41a5-8179-a58220213fa9#0:FAIL-t14, 5f8b4b4e-5f47-4c70-ba3a-7b305af2de43<-c65dd6b9-9b02-4312-abbf-85bcb6bba979#0:FAIL-t14] and 0 exception(s); 5f8b4b4e-5f47-4c70-ba3a-7b305af2de43@group-60D3A4C42C2F:t14, leader=null, voted=5f8b4b4e-5f47-4c70-ba3a-7b305af2de43, raftlog=5f8b4b4e-5f47-4c70-ba3a-7b305af2de43@group-60D3A4C42C2F-SegmentedRaftLog:OPENED:c-1,f-1,i0, conf=-1: [8d5c31a2-df3a-41a5-8179-a58220213fa9:172.18.0.5:9858, 5f8b4b4e-5f47-4c70-ba3a-7b305af2de43:172.18.0.9:9858, c65dd6b9-9b02-4312-abbf-85bcb6bba979:172.18.0.8:9858], old=null
nm_1        | 2019-11-05 21:46:40 INFO  ContainerImpl:1135 - Container container_1572989939291_0002_01_000003 transitioned from KILLING to CONTAINER_CLEANEDUP_AFTER_KILL
datanode_2  | 2019-11-05 21:41:38,798 INFO impl.RaftServerImpl: 8d5c31a2-df3a-41a5-8179-a58220213fa9@group-60D3A4C42C2F: changes role from  FOLLOWER to CANDIDATE at term 20 for changeToCandidate
rm_1        | 2019-11-05 21:45:22 INFO  RMContainerImpl:410 - container_1572989939291_0002_01_000001 Container Transitioned from NEW to ALLOCATED
datanode_3  | 2019-11-05 21:40:47,616 INFO impl.RaftServerImpl: 5f8b4b4e-5f47-4c70-ba3a-7b305af2de43@group-60D3A4C42C2F: changes role from CANDIDATE to FOLLOWER at term 14 for DISCOVERED_A_NEW_TERM
datanode_1  | 2019-11-05 21:42:24,801 INFO server.RaftServerConfigKeys: raft.server.snapshot.auto.trigger.enabled = true (custom)
nm_1        | 2019-11-05 21:46:40 INFO  NMAuditLogger:89 - USER=hadoop	OPERATION=Container Finished - Killed	TARGET=ContainerImpl	RESULT=SUCCESS	APPID=application_1572989939291_0002	CONTAINERID=container_1572989939291_0002_01_000003
rm_1        | 2019-11-05 21:45:22 INFO  RMAuditLogger:116 - USER=hadoop	OPERATION=AM Allocated Container	TARGET=SchedulerApp	RESULT=SUCCESS	APPID=application_1572989939291_0002	CONTAINERID=container_1572989939291_0002_01_000001
datanode_2  | 2019-11-05 21:41:38,798 [Thread-115] ERROR      - pipeline Action CLOSE  on pipeline PipelineID=f055dc29-18e8-4d57-9084-60d3a4c42c2f.Reason : 8d5c31a2-df3a-41a5-8179-a58220213fa9 is in candidate state for 143694ms
datanode_3  | 2019-11-05 21:40:47,617 INFO impl.RoleInfo: 5f8b4b4e-5f47-4c70-ba3a-7b305af2de43: shutdown LeaderElection
datanode_1  | 2019-11-05 21:42:24,802 INFO server.RaftServerConfigKeys: raft.server.snapshot.auto.trigger.threshold = 10000 (custom)
nm_1        | 2019-11-05 21:46:40 INFO  ContainerImpl:1135 - Container container_1572989939291_0002_01_000003 transitioned from CONTAINER_CLEANEDUP_AFTER_KILL to DONE
rm_1        | 2019-11-05 21:45:22 INFO  SchedulerNode:153 - Assigned container container_1572989939291_0002_01_000001 of capacity <memory:2048, vCores:1> on host nm:45386, which has 1 containers, <memory:2048, vCores:1> used and <memory:6144, vCores:7> available after allocation
datanode_2  | 2019-11-05 21:41:38,798 INFO impl.RoleInfo: 8d5c31a2-df3a-41a5-8179-a58220213fa9: start LeaderElection
datanode_3  | 2019-11-05 21:40:47,617 INFO impl.RoleInfo: 5f8b4b4e-5f47-4c70-ba3a-7b305af2de43: start FollowerState
datanode_1  | 2019-11-05 21:42:24,802 INFO server.RaftServerConfigKeys: raft.server.snapshot.retention.file.num = 5 (custom)
nm_1        | 2019-11-05 21:46:40 INFO  ApplicationImpl:347 - Removing container_1572989939291_0002_01_000003 from application application_1572989939291_0002
rm_1        | 2019-11-05 21:45:22 INFO  LeafQueue:1558 - assignedContainer application attempt=appattempt_1572989939291_0002_000001 container=Container: [ContainerId: container_1572989939291_0002_01_000001, NodeId: nm:45386, NodeHttpAddress: nm:8042, Resource: <memory:2048, vCores:1>, Priority: 0, Token: null, ] queue=default: capacity=1.0, absoluteCapacity=1.0, usedResources=<memory:0, vCores:0>, usedCapacity=0.0, absoluteUsedCapacity=0.0, numApps=1, numContainers=0 clusterResource=<memory:8192, vCores:8> type=OFF_SWITCH requestedPartition=
datanode_2  | 2019-11-05 21:41:39,028 INFO impl.LeaderElection: 8d5c31a2-df3a-41a5-8179-a58220213fa9@group-60D3A4C42C2F-LeaderElection21: begin an election at term 21 for -1: [8d5c31a2-df3a-41a5-8179-a58220213fa9:172.18.0.5:9858, 5f8b4b4e-5f47-4c70-ba3a-7b305af2de43:172.18.0.9:9858, c65dd6b9-9b02-4312-abbf-85bcb6bba979:172.18.0.8:9858], old=null
datanode_3  | 2019-11-05 21:40:52,726 INFO impl.FollowerState: 5f8b4b4e-5f47-4c70-ba3a-7b305af2de43@group-60D3A4C42C2F-FollowerState: change to CANDIDATE, lastRpcTime:5108ms, electionTimeout:5108ms
datanode_1  | 2019-11-05 21:42:24,802 INFO server.RaftServerConfigKeys: raft.server.retrycache.expirytime = 600000ms (custom)
nm_1        | 2019-11-05 21:46:40 INFO  ContainersMonitorImpl:196 - Neither virutal-memory nor physical-memory monitoring is needed. Not running the monitor-thread
rm_1        | 2019-11-05 21:45:22 INFO  ParentQueue:523 - Re-sorting assigned queue: root.default stats: default: capacity=1.0, absoluteCapacity=1.0, usedResources=<memory:2048, vCores:1>, usedCapacity=0.25, absoluteUsedCapacity=0.25, numApps=1, numContainers=1
datanode_2  | 2019-11-05 21:41:39,065 INFO impl.LeaderElection: 8d5c31a2-df3a-41a5-8179-a58220213fa9@group-60D3A4C42C2F-LeaderElection21: Election REJECTED; received 2 response(s) [8d5c31a2-df3a-41a5-8179-a58220213fa9<-5f8b4b4e-5f47-4c70-ba3a-7b305af2de43#0:FAIL-t21, 8d5c31a2-df3a-41a5-8179-a58220213fa9<-c65dd6b9-9b02-4312-abbf-85bcb6bba979#0:FAIL-t21] and 0 exception(s); 8d5c31a2-df3a-41a5-8179-a58220213fa9@group-60D3A4C42C2F:t21, leader=null, voted=8d5c31a2-df3a-41a5-8179-a58220213fa9, raftlog=8d5c31a2-df3a-41a5-8179-a58220213fa9@group-60D3A4C42C2F-SegmentedRaftLog:OPENED:c-1,f-1,i0, conf=-1: [8d5c31a2-df3a-41a5-8179-a58220213fa9:172.18.0.5:9858, 5f8b4b4e-5f47-4c70-ba3a-7b305af2de43:172.18.0.9:9858, c65dd6b9-9b02-4312-abbf-85bcb6bba979:172.18.0.8:9858], old=null
datanode_3  | 2019-11-05 21:40:52,727 INFO impl.RoleInfo: 5f8b4b4e-5f47-4c70-ba3a-7b305af2de43: shutdown FollowerState
datanode_1  | 2019-11-05 21:42:24,802 WARN impl.MetricRegistriesImpl: First MetricRegistry has been created without registering reporters. You may need to call MetricRegistries.global().addReportRegistration(...) before.
datanode_1  | 2019-11-05 21:42:24,803 WARN impl.MetricRegistriesImpl: First MetricRegistry has been created without registering reporters. You may need to call MetricRegistries.global().addReportRegistration(...) before.
rm_1        | 2019-11-05 21:45:22 INFO  ParentQueue:420 - assignedContainer queue=root usedCapacity=0.25 absoluteUsedCapacity=0.25 used=<memory:2048, vCores:1> cluster=<memory:8192, vCores:8>
datanode_2  | 2019-11-05 21:41:39,066 INFO impl.RaftServerImpl: 8d5c31a2-df3a-41a5-8179-a58220213fa9@group-60D3A4C42C2F: changes role from CANDIDATE to FOLLOWER at term 21 for DISCOVERED_A_NEW_TERM
datanode_3  | 2019-11-05 21:40:52,727 INFO impl.RaftServerImpl: 5f8b4b4e-5f47-4c70-ba3a-7b305af2de43@group-60D3A4C42C2F: changes role from  FOLLOWER to CANDIDATE at term 14 for changeToCandidate
nm_1        | 2019-11-05 21:46:40 INFO  AuxServices:196 - Got event CONTAINER_STOP for appId application_1572989939291_0002
datanode_1  | 2019-11-05 21:42:24,803 INFO impl.RaftServerImpl: c65dd6b9-9b02-4312-abbf-85bcb6bba979@group-3EEF0B2D4CE0: start as a follower, conf=-1: [8d5c31a2-df3a-41a5-8179-a58220213fa9:172.18.0.5:9858, 5f8b4b4e-5f47-4c70-ba3a-7b305af2de43:172.18.0.9:9858, c65dd6b9-9b02-4312-abbf-85bcb6bba979:172.18.0.8:9858], old=null
rm_1        | 2019-11-05 21:45:22 INFO  NMTokenSecretManagerInRM:200 - Sending NMToken for nodeId : nm:45386 for container : container_1572989939291_0002_01_000001
datanode_2  | 2019-11-05 21:41:39,066 INFO impl.RoleInfo: 8d5c31a2-df3a-41a5-8179-a58220213fa9: shutdown LeaderElection
datanode_3  | 2019-11-05 21:40:52,727 INFO impl.RoleInfo: 5f8b4b4e-5f47-4c70-ba3a-7b305af2de43: start LeaderElection
nm_1        | 2019-11-05 21:46:42 INFO  NodeStatusUpdaterImpl:490 - Removed completed containers from NM context: [container_1572989939291_0002_01_000003]
datanode_1  | 2019-11-05 21:42:24,803 INFO impl.RaftServerImpl: c65dd6b9-9b02-4312-abbf-85bcb6bba979@group-3EEF0B2D4CE0: changes role from      null to FOLLOWER at term 0 for startAsFollower
rm_1        | 2019-11-05 21:45:22 INFO  RMContainerImpl:410 - container_1572989939291_0002_01_000001 Container Transitioned from ALLOCATED to ACQUIRED
datanode_3  | 2019-11-05 21:40:53,655 INFO impl.LeaderElection: 5f8b4b4e-5f47-4c70-ba3a-7b305af2de43@group-60D3A4C42C2F-LeaderElection15: begin an election at term 15 for -1: [8d5c31a2-df3a-41a5-8179-a58220213fa9:172.18.0.5:9858, 5f8b4b4e-5f47-4c70-ba3a-7b305af2de43:172.18.0.9:9858, c65dd6b9-9b02-4312-abbf-85bcb6bba979:172.18.0.8:9858], old=null
datanode_1  | 2019-11-05 21:42:24,804 INFO impl.RoleInfo: c65dd6b9-9b02-4312-abbf-85bcb6bba979: start FollowerState
datanode_2  | 2019-11-05 21:41:39,066 INFO impl.RoleInfo: 8d5c31a2-df3a-41a5-8179-a58220213fa9: start FollowerState
rm_1        | 2019-11-05 21:45:22 INFO  NMTokenSecretManagerInRM:146 - Clear node set for appattempt_1572989939291_0002_000001
datanode_3  | 2019-11-05 21:40:53,685 INFO impl.LeaderElection: 5f8b4b4e-5f47-4c70-ba3a-7b305af2de43@group-60D3A4C42C2F-LeaderElection15: Election REJECTED; received 2 response(s) [5f8b4b4e-5f47-4c70-ba3a-7b305af2de43<-8d5c31a2-df3a-41a5-8179-a58220213fa9#0:FAIL-t15, 5f8b4b4e-5f47-4c70-ba3a-7b305af2de43<-c65dd6b9-9b02-4312-abbf-85bcb6bba979#0:FAIL-t15] and 0 exception(s); 5f8b4b4e-5f47-4c70-ba3a-7b305af2de43@group-60D3A4C42C2F:t15, leader=null, voted=5f8b4b4e-5f47-4c70-ba3a-7b305af2de43, raftlog=5f8b4b4e-5f47-4c70-ba3a-7b305af2de43@group-60D3A4C42C2F-SegmentedRaftLog:OPENED:c-1,f-1,i0, conf=-1: [8d5c31a2-df3a-41a5-8179-a58220213fa9:172.18.0.5:9858, 5f8b4b4e-5f47-4c70-ba3a-7b305af2de43:172.18.0.9:9858, c65dd6b9-9b02-4312-abbf-85bcb6bba979:172.18.0.8:9858], old=null
datanode_1  | 2019-11-05 21:42:24,804 INFO util.JmxRegister: Successfully registered JMX Bean with object name Ratis:service=RaftServer,group=group-3EEF0B2D4CE0,id=c65dd6b9-9b02-4312-abbf-85bcb6bba979
datanode_2  | 2019-11-05 21:41:44,075 INFO impl.RaftServerImpl: 8d5c31a2-df3a-41a5-8179-a58220213fa9@group-60D3A4C42C2F: changes role from  FOLLOWER to FOLLOWER at term 22 for recognizeCandidate:5f8b4b4e-5f47-4c70-ba3a-7b305af2de43
rm_1        | 2019-11-05 21:45:22 INFO  RMAppAttemptImpl:1924 - Storing attempt: AppId: application_1572989939291_0002 AttemptId: appattempt_1572989939291_0002_000001 MasterContainer: Container: [ContainerId: container_1572989939291_0002_01_000001, NodeId: nm:45386, NodeHttpAddress: nm:8042, Resource: <memory:2048, vCores:1>, Priority: 0, Token: Token { kind: ContainerToken, service: 172.18.0.7:45386 }, ]
datanode_3  | 2019-11-05 21:40:53,694 INFO impl.RaftServerImpl: 5f8b4b4e-5f47-4c70-ba3a-7b305af2de43@group-60D3A4C42C2F: changes role from CANDIDATE to FOLLOWER at term 15 for DISCOVERED_A_NEW_TERM
datanode_1  | 2019-11-05 21:42:24,805 WARN impl.MetricRegistriesImpl: First MetricRegistry has been created without registering reporters. You may need to call MetricRegistries.global().addReportRegistration(...) before.
datanode_2  | 2019-11-05 21:41:44,075 INFO impl.RoleInfo: 8d5c31a2-df3a-41a5-8179-a58220213fa9: shutdown FollowerState
rm_1        | 2019-11-05 21:45:22 INFO  RMAppAttemptImpl:815 - appattempt_1572989939291_0002_000001 State change from SCHEDULED to ALLOCATED_SAVING
datanode_3  | 2019-11-05 21:40:53,695 INFO impl.RoleInfo: 5f8b4b4e-5f47-4c70-ba3a-7b305af2de43: shutdown LeaderElection
datanode_2  | 2019-11-05 21:41:44,075 INFO impl.FollowerState: 8d5c31a2-df3a-41a5-8179-a58220213fa9@group-60D3A4C42C2F-FollowerState was interrupted: java.lang.InterruptedException: sleep interrupted
datanode_2  | 2019-11-05 21:41:44,075 INFO impl.RoleInfo: 8d5c31a2-df3a-41a5-8179-a58220213fa9: start FollowerState
datanode_3  | 2019-11-05 21:40:53,695 INFO impl.RoleInfo: 5f8b4b4e-5f47-4c70-ba3a-7b305af2de43: start FollowerState
datanode_2  | 2019-11-05 21:41:44,147 INFO impl.RaftServerImpl: 8d5c31a2-df3a-41a5-8179-a58220213fa9@group-60D3A4C42C2F: change Leader from null to 5f8b4b4e-5f47-4c70-ba3a-7b305af2de43 at term 22 for appendEntries, leader elected after 149043ms
rm_1        | 2019-11-05 21:45:22 INFO  RMAppAttemptImpl:815 - appattempt_1572989939291_0002_000001 State change from ALLOCATED_SAVING to ALLOCATED
datanode_1  | 2019-11-05 21:42:27,933 INFO impl.RaftServerProxy: c65dd6b9-9b02-4312-abbf-85bcb6bba979: remove  FOLLOWER c65dd6b9-9b02-4312-abbf-85bcb6bba979@group-60D3A4C42C2F:t22, leader=5f8b4b4e-5f47-4c70-ba3a-7b305af2de43, voted=null, raftlog=c65dd6b9-9b02-4312-abbf-85bcb6bba979@group-60D3A4C42C2F-SegmentedRaftLog:OPENED:c6,f6,i6, conf=0: [8d5c31a2-df3a-41a5-8179-a58220213fa9:172.18.0.5:9858, 5f8b4b4e-5f47-4c70-ba3a-7b305af2de43:172.18.0.9:9858, c65dd6b9-9b02-4312-abbf-85bcb6bba979:172.18.0.8:9858], old=null RUNNING
datanode_3  | 2019-11-05 21:40:58,747 INFO impl.FollowerState: 5f8b4b4e-5f47-4c70-ba3a-7b305af2de43@group-60D3A4C42C2F-FollowerState: change to CANDIDATE, lastRpcTime:5051ms, electionTimeout:5051ms
datanode_2  | 2019-11-05 21:41:44,166 INFO impl.RaftServerImpl: 8d5c31a2-df3a-41a5-8179-a58220213fa9@group-60D3A4C42C2F: set configuration 0: [8d5c31a2-df3a-41a5-8179-a58220213fa9:172.18.0.5:9858, 5f8b4b4e-5f47-4c70-ba3a-7b305af2de43:172.18.0.9:9858, c65dd6b9-9b02-4312-abbf-85bcb6bba979:172.18.0.8:9858], old=null at 0
rm_1        | 2019-11-05 21:45:22 INFO  AMLauncher:249 - Launching masterappattempt_1572989939291_0002_000001
datanode_1  | 2019-11-05 21:42:27,936 INFO impl.RaftServerImpl: c65dd6b9-9b02-4312-abbf-85bcb6bba979@group-60D3A4C42C2F: shutdown
datanode_3  | 2019-11-05 21:40:58,747 INFO impl.RoleInfo: 5f8b4b4e-5f47-4c70-ba3a-7b305af2de43: shutdown FollowerState
datanode_2  | 2019-11-05 21:41:44,166 INFO segmented.SegmentedRaftLogWorker: 8d5c31a2-df3a-41a5-8179-a58220213fa9@group-60D3A4C42C2F-SegmentedRaftLogWorker: Starting segment from index:0
datanode_1  | 2019-11-05 21:42:27,940 INFO util.JmxRegister: Successfully un-registered JMX Bean with object name Ratis:service=RaftServer,group=group-60D3A4C42C2F,id=c65dd6b9-9b02-4312-abbf-85bcb6bba979
datanode_3  | 2019-11-05 21:40:58,747 INFO impl.RaftServerImpl: 5f8b4b4e-5f47-4c70-ba3a-7b305af2de43@group-60D3A4C42C2F: changes role from  FOLLOWER to CANDIDATE at term 15 for changeToCandidate
datanode_2  | 2019-11-05 21:41:44,251 INFO segmented.SegmentedRaftLogWorker: 8d5c31a2-df3a-41a5-8179-a58220213fa9@group-60D3A4C42C2F-SegmentedRaftLogWorker: created new log segment /data/metadata/ratis/f055dc29-18e8-4d57-9084-60d3a4c42c2f/current/log_inprogress_0
rm_1        | 2019-11-05 21:45:22 INFO  AMLauncher:105 - Setting up container Container: [ContainerId: container_1572989939291_0002_01_000001, NodeId: nm:45386, NodeHttpAddress: nm:8042, Resource: <memory:2048, vCores:1>, Priority: 0, Token: Token { kind: ContainerToken, service: 172.18.0.7:45386 }, ] for AM appattempt_1572989939291_0002_000001
datanode_1  | 2019-11-05 21:42:27,945 INFO impl.RoleInfo: c65dd6b9-9b02-4312-abbf-85bcb6bba979: shutdown FollowerState
datanode_3  | 2019-11-05 21:40:58,748 INFO impl.RoleInfo: 5f8b4b4e-5f47-4c70-ba3a-7b305af2de43: start LeaderElection
datanode_2  | 2019-11-05 21:41:52,630 [RatisApplyTransactionExecutor 1] INFO       - Container 1 is synced with bcsId 2.
rm_1        | 2019-11-05 21:45:22 INFO  AMLauncher:187 - Command to launch container container_1572989939291_0002_01_000001 : $JAVA_HOME/bin/java -Djava.io.tmpdir=$PWD/tmp -Dlog4j.configuration=container-log4j.properties -Dyarn.app.container.log.dir=<LOG_DIR> -Dyarn.app.container.log.filesize=0 -Dhadoop.root.logger=INFO,CLA -Dhadoop.root.logfile=syslog  -Xmx1024m org.apache.hadoop.mapreduce.v2.app.MRAppMaster 1><LOG_DIR>/stdout 2><LOG_DIR>/stderr 
rm_1        | 2019-11-05 21:45:22 INFO  AMRMTokenSecretManager:195 - Create AMRMToken for ApplicationAttempt: appattempt_1572989939291_0002_000001
datanode_3  | 2019-11-05 21:41:06,304 INFO impl.LeaderElection: 5f8b4b4e-5f47-4c70-ba3a-7b305af2de43@group-60D3A4C42C2F-LeaderElection16: begin an election at term 16 for -1: [8d5c31a2-df3a-41a5-8179-a58220213fa9:172.18.0.5:9858, 5f8b4b4e-5f47-4c70-ba3a-7b305af2de43:172.18.0.9:9858, c65dd6b9-9b02-4312-abbf-85bcb6bba979:172.18.0.8:9858], old=null
rm_1        | 2019-11-05 21:45:22 INFO  AMRMTokenSecretManager:307 - Creating password for appattempt_1572989939291_0002_000001
datanode_1  | 2019-11-05 21:42:27,945 INFO impl.FollowerState: c65dd6b9-9b02-4312-abbf-85bcb6bba979@group-60D3A4C42C2F-FollowerState was interrupted: java.lang.InterruptedException: sleep interrupted
datanode_2  | 2019-11-05 21:41:52,635 [RatisApplyTransactionExecutor 1] INFO       - Container 1 is synced with bcsId 2.
datanode_3  | 2019-11-05 21:41:06,335 INFO impl.LeaderElection: 5f8b4b4e-5f47-4c70-ba3a-7b305af2de43@group-60D3A4C42C2F-LeaderElection16: Election REJECTED; received 2 response(s) [5f8b4b4e-5f47-4c70-ba3a-7b305af2de43<-8d5c31a2-df3a-41a5-8179-a58220213fa9#0:FAIL-t16, 5f8b4b4e-5f47-4c70-ba3a-7b305af2de43<-c65dd6b9-9b02-4312-abbf-85bcb6bba979#0:FAIL-t16] and 0 exception(s); 5f8b4b4e-5f47-4c70-ba3a-7b305af2de43@group-60D3A4C42C2F:t16, leader=null, voted=5f8b4b4e-5f47-4c70-ba3a-7b305af2de43, raftlog=5f8b4b4e-5f47-4c70-ba3a-7b305af2de43@group-60D3A4C42C2F-SegmentedRaftLog:OPENED:c-1,f-1,i0, conf=-1: [8d5c31a2-df3a-41a5-8179-a58220213fa9:172.18.0.5:9858, 5f8b4b4e-5f47-4c70-ba3a-7b305af2de43:172.18.0.9:9858, c65dd6b9-9b02-4312-abbf-85bcb6bba979:172.18.0.8:9858], old=null
rm_1        | 2019-11-05 21:45:22 INFO  AMLauncher:126 - Done launching container Container: [ContainerId: container_1572989939291_0002_01_000001, NodeId: nm:45386, NodeHttpAddress: nm:8042, Resource: <memory:2048, vCores:1>, Priority: 0, Token: Token { kind: ContainerToken, service: 172.18.0.7:45386 }, ] for AM appattempt_1572989939291_0002_000001
datanode_1  | 2019-11-05 21:42:27,949 [c65dd6b9-9b02-4312-abbf-85bcb6bba979@group-60D3A4C42C2F-StateMachineUpdater] INFO       - group-60D3A4C42C2F: Taking a snapshot at:(t:22, i:5) file /data/metadata/ratis/f055dc29-18e8-4d57-9084-60d3a4c42c2f/sm/snapshot.22_5
datanode_1  | 2019-11-05 21:42:27,973 INFO impl.StateMachineUpdater: c65dd6b9-9b02-4312-abbf-85bcb6bba979@group-60D3A4C42C2F-StateMachineUpdater: set stopIndex = 6
datanode_2  | 2019-11-05 21:41:52,690 [RatisApplyTransactionExecutor 1] INFO       - Container 1 is closed with bcsId 2.
datanode_3  | 2019-11-05 21:41:06,337 INFO impl.RaftServerImpl: 5f8b4b4e-5f47-4c70-ba3a-7b305af2de43@group-60D3A4C42C2F: changes role from CANDIDATE to FOLLOWER at term 16 for DISCOVERED_A_NEW_TERM
rm_1        | 2019-11-05 21:45:22 INFO  RMAppAttemptImpl:815 - appattempt_1572989939291_0002_000001 State change from ALLOCATED to LAUNCHED
datanode_1  | 2019-11-05 21:42:28,053 [c65dd6b9-9b02-4312-abbf-85bcb6bba979@group-60D3A4C42C2F-StateMachineUpdater] INFO       - group-60D3A4C42C2F: Finished taking a snapshot at:(t:22, i:5) file:/data/metadata/ratis/f055dc29-18e8-4d57-9084-60d3a4c42c2f/sm/snapshot.22_5 time:105
datanode_2  | 2019-11-05 21:42:23,561 INFO impl.RaftServerProxy: 8d5c31a2-df3a-41a5-8179-a58220213fa9: addNew group-3EEF0B2D4CE0:[8d5c31a2-df3a-41a5-8179-a58220213fa9:172.18.0.5:9858, 5f8b4b4e-5f47-4c70-ba3a-7b305af2de43:172.18.0.9:9858, c65dd6b9-9b02-4312-abbf-85bcb6bba979:172.18.0.8:9858] returns group-3EEF0B2D4CE0:java.util.concurrent.CompletableFuture@57ba3aac[Not completed]
datanode_3  | 2019-11-05 21:41:06,337 INFO impl.RoleInfo: 5f8b4b4e-5f47-4c70-ba3a-7b305af2de43: shutdown LeaderElection
rm_1        | 2019-11-05 21:45:23 INFO  RMContainerImpl:410 - container_1572989939291_0002_01_000001 Container Transitioned from ACQUIRED to RUNNING
rm_1        | 2019-11-05 21:46:12 INFO  Server:1454 - Auth successful for appattempt_1572989939291_0002_000001 (auth:SIMPLE)
datanode_2  | 2019-11-05 21:42:23,567 INFO impl.RaftServerImpl: 8d5c31a2-df3a-41a5-8179-a58220213fa9: new RaftServerImpl for group-3EEF0B2D4CE0:[8d5c31a2-df3a-41a5-8179-a58220213fa9:172.18.0.5:9858, 5f8b4b4e-5f47-4c70-ba3a-7b305af2de43:172.18.0.9:9858, c65dd6b9-9b02-4312-abbf-85bcb6bba979:172.18.0.8:9858] with ContainerStateMachine:uninitialized
datanode_3  | 2019-11-05 21:41:06,338 INFO impl.RoleInfo: 5f8b4b4e-5f47-4c70-ba3a-7b305af2de43: start FollowerState
datanode_1  | 2019-11-05 21:42:28,057 INFO impl.StateMachineUpdater: c65dd6b9-9b02-4312-abbf-85bcb6bba979@group-60D3A4C42C2F-StateMachineUpdater: Took a snapshot at index 5
rm_1        | 2019-11-05 21:46:12 INFO  ApplicationMasterService:274 - AM registration appattempt_1572989939291_0002_000001
datanode_2  | 2019-11-05 21:42:23,567 INFO server.RaftServerConfigKeys: raft.server.rpc.timeout.min = 5s (custom)
datanode_3  | 2019-11-05 21:41:11,521 INFO impl.FollowerState: 5f8b4b4e-5f47-4c70-ba3a-7b305af2de43@group-60D3A4C42C2F-FollowerState: change to CANDIDATE, lastRpcTime:5183ms, electionTimeout:5183ms
datanode_1  | 2019-11-05 21:42:28,061 INFO impl.StateMachineUpdater: c65dd6b9-9b02-4312-abbf-85bcb6bba979@group-60D3A4C42C2F-StateMachineUpdater: snapshotIndex: updateIncreasingly -1 -> 5
rm_1        | 2019-11-05 21:46:12 INFO  RMAppAttemptImpl:815 - appattempt_1572989939291_0002_000001 State change from LAUNCHED to RUNNING
datanode_2  | 2019-11-05 21:42:23,567 INFO server.RaftServerConfigKeys: raft.server.rpc.timeout.max = 5200ms (custom)
datanode_1  | 2019-11-05 21:42:28,069 [c65dd6b9-9b02-4312-abbf-85bcb6bba979@group-60D3A4C42C2F-StateMachineUpdater] INFO       - group-60D3A4C42C2F: Taking a snapshot at:(t:22, i:5) file /data/metadata/ratis/f055dc29-18e8-4d57-9084-60d3a4c42c2f/sm/snapshot.22_5
datanode_3  | 2019-11-05 21:41:11,705 INFO impl.RoleInfo: 5f8b4b4e-5f47-4c70-ba3a-7b305af2de43: shutdown FollowerState
rm_1        | 2019-11-05 21:46:12 INFO  RMAppImpl:718 - application_1572989939291_0002 State change from ACCEPTED to RUNNING on event=ATTEMPT_REGISTERED
datanode_2  | 2019-11-05 21:42:23,567 INFO server.RaftServerConfigKeys: raft.server.rpcslowness.timeout = 120s (custom)
datanode_1  | 2019-11-05 21:42:28,124 [c65dd6b9-9b02-4312-abbf-85bcb6bba979@group-60D3A4C42C2F-StateMachineUpdater] INFO       - group-60D3A4C42C2F: Finished taking a snapshot at:(t:22, i:5) file:/data/metadata/ratis/f055dc29-18e8-4d57-9084-60d3a4c42c2f/sm/snapshot.22_5 time:56
datanode_3  | 2019-11-05 21:41:11,705 INFO impl.RaftServerImpl: 5f8b4b4e-5f47-4c70-ba3a-7b305af2de43@group-60D3A4C42C2F: changes role from  FOLLOWER to CANDIDATE at term 16 for changeToCandidate
rm_1        | 2019-11-05 21:46:12 INFO  RMAuditLogger:137 - USER=hadoop	IP=172.18.0.7	OPERATION=Register App Master	TARGET=ApplicationMasterService	RESULT=SUCCESS	APPID=application_1572989939291_0002	APPATTEMPTID=appattempt_1572989939291_0002_000001
datanode_2  | 2019-11-05 21:42:23,567 INFO server.RaftServerConfigKeys: raft.server.sleep.deviation.threshold = 300 (default)
datanode_1  | 2019-11-05 21:42:28,126 INFO impl.StateMachineUpdater: c65dd6b9-9b02-4312-abbf-85bcb6bba979@group-60D3A4C42C2F-StateMachineUpdater: Took a snapshot at index 5
datanode_3  | 2019-11-05 21:41:11,706 INFO impl.RoleInfo: 5f8b4b4e-5f47-4c70-ba3a-7b305af2de43: start LeaderElection
rm_1        | 2019-11-05 21:46:14 INFO  RMContainerImpl:410 - container_1572989939291_0002_01_000002 Container Transitioned from NEW to ALLOCATED
datanode_1  | 2019-11-05 21:42:28,126 INFO impl.StateMachineUpdater: c65dd6b9-9b02-4312-abbf-85bcb6bba979@group-60D3A4C42C2F-StateMachineUpdater: snapshotIndex: updateIncreasingly 5 -> 5
datanode_3  | 2019-11-05 21:41:14,396 INFO impl.LeaderElection: 5f8b4b4e-5f47-4c70-ba3a-7b305af2de43@group-60D3A4C42C2F-LeaderElection17: begin an election at term 17 for -1: [8d5c31a2-df3a-41a5-8179-a58220213fa9:172.18.0.5:9858, 5f8b4b4e-5f47-4c70-ba3a-7b305af2de43:172.18.0.9:9858, c65dd6b9-9b02-4312-abbf-85bcb6bba979:172.18.0.8:9858], old=null
rm_1        | 2019-11-05 21:46:14 INFO  RMAuditLogger:116 - USER=hadoop	OPERATION=AM Allocated Container	TARGET=SchedulerApp	RESULT=SUCCESS	APPID=application_1572989939291_0002	CONTAINERID=container_1572989939291_0002_01_000002
datanode_1  | 2019-11-05 21:42:28,131 INFO impl.RaftServerImpl: c65dd6b9-9b02-4312-abbf-85bcb6bba979@group-60D3A4C42C2F: closes. applyIndex: 6
datanode_2  | 2019-11-05 21:42:23,568 INFO server.RaftServerConfigKeys: raft.server.log.appender.install.snapshot.enabled = false (custom)
rm_1        | 2019-11-05 21:46:14 INFO  SchedulerNode:153 - Assigned container container_1572989939291_0002_01_000002 of capacity <memory:4096, vCores:1> on host nm:45386, which has 2 containers, <memory:6144, vCores:2> used and <memory:2048, vCores:6> available after allocation
datanode_3  | 2019-11-05 21:41:14,431 INFO impl.LeaderElection: 5f8b4b4e-5f47-4c70-ba3a-7b305af2de43@group-60D3A4C42C2F-LeaderElection17: Election REJECTED; received 2 response(s) [5f8b4b4e-5f47-4c70-ba3a-7b305af2de43<-8d5c31a2-df3a-41a5-8179-a58220213fa9#0:FAIL-t17, 5f8b4b4e-5f47-4c70-ba3a-7b305af2de43<-c65dd6b9-9b02-4312-abbf-85bcb6bba979#0:FAIL-t17] and 0 exception(s); 5f8b4b4e-5f47-4c70-ba3a-7b305af2de43@group-60D3A4C42C2F:t17, leader=null, voted=5f8b4b4e-5f47-4c70-ba3a-7b305af2de43, raftlog=5f8b4b4e-5f47-4c70-ba3a-7b305af2de43@group-60D3A4C42C2F-SegmentedRaftLog:OPENED:c-1,f-1,i0, conf=-1: [8d5c31a2-df3a-41a5-8179-a58220213fa9:172.18.0.5:9858, 5f8b4b4e-5f47-4c70-ba3a-7b305af2de43:172.18.0.9:9858, c65dd6b9-9b02-4312-abbf-85bcb6bba979:172.18.0.8:9858], old=null
datanode_1  | 2019-11-05 21:42:28,133 INFO segmented.SegmentedRaftLogWorker: c65dd6b9-9b02-4312-abbf-85bcb6bba979@group-60D3A4C42C2F-SegmentedRaftLogWorker was interrupted, exiting. There are 0 tasks remaining in the queue.
datanode_2  | 2019-11-05 21:42:23,568 INFO impl.RaftServerImpl: 8d5c31a2-df3a-41a5-8179-a58220213fa9@group-3EEF0B2D4CE0: ConfigurationManager, init=-1: [8d5c31a2-df3a-41a5-8179-a58220213fa9:172.18.0.5:9858, 5f8b4b4e-5f47-4c70-ba3a-7b305af2de43:172.18.0.9:9858, c65dd6b9-9b02-4312-abbf-85bcb6bba979:172.18.0.8:9858], old=null, confs=<EMPTY_MAP>
rm_1        | 2019-11-05 21:46:14 INFO  LeafQueue:1558 - assignedContainer application attempt=appattempt_1572989939291_0002_000001 container=Container: [ContainerId: container_1572989939291_0002_01_000002, NodeId: nm:45386, NodeHttpAddress: nm:8042, Resource: <memory:4096, vCores:1>, Priority: 20, Token: null, ] queue=default: capacity=1.0, absoluteCapacity=1.0, usedResources=<memory:2048, vCores:1>, usedCapacity=0.25, absoluteUsedCapacity=0.25, numApps=1, numContainers=1 clusterResource=<memory:8192, vCores:8> type=RACK_LOCAL requestedPartition=
datanode_2  | 2019-11-05 21:42:23,568 INFO server.RaftServerConfigKeys: raft.server.storage.dir = [/data/metadata/ratis] (custom)
datanode_2  | 2019-11-05 21:42:23,569 INFO server.RaftServerConfigKeys: raft.server.log.corruption.policy = EXCEPTION (default)
datanode_3  | 2019-11-05 21:41:14,431 INFO impl.RaftServerImpl: 5f8b4b4e-5f47-4c70-ba3a-7b305af2de43@group-60D3A4C42C2F: changes role from CANDIDATE to FOLLOWER at term 17 for DISCOVERED_A_NEW_TERM
rm_1        | 2019-11-05 21:46:14 INFO  ParentQueue:523 - Re-sorting assigned queue: root.default stats: default: capacity=1.0, absoluteCapacity=1.0, usedResources=<memory:6144, vCores:2>, usedCapacity=0.75, absoluteUsedCapacity=0.75, numApps=1, numContainers=2
datanode_2  | 2019-11-05 21:42:23,569 INFO storage.RaftStorageDirectory: The storage directory /data/metadata/ratis/3f90b309-10c3-4186-acf4-3eef0b2d4ce0 does not exist. Creating ...
datanode_1  | 2019-11-05 21:42:28,140 INFO segmented.SegmentedRaftLogWorker: c65dd6b9-9b02-4312-abbf-85bcb6bba979@group-60D3A4C42C2F-SegmentedRaftLogWorker close()
datanode_3  | 2019-11-05 21:41:14,431 INFO impl.RoleInfo: 5f8b4b4e-5f47-4c70-ba3a-7b305af2de43: shutdown LeaderElection
rm_1        | 2019-11-05 21:46:14 INFO  ParentQueue:420 - assignedContainer queue=root usedCapacity=0.75 absoluteUsedCapacity=0.75 used=<memory:6144, vCores:2> cluster=<memory:8192, vCores:8>
datanode_2  | 2019-11-05 21:42:23,949 INFO storage.RaftStorageDirectory: Lock on /data/metadata/ratis/3f90b309-10c3-4186-acf4-3eef0b2d4ce0/in_use.lock acquired by nodename 7@3761d3b9ed1a
datanode_1  | 2019-11-05 21:42:28,241 INFO server.GrpcServerProtocolService: c65dd6b9-9b02-4312-abbf-85bcb6bba979: Completed APPEND_ENTRIES, lastRequest: 5f8b4b4e-5f47-4c70-ba3a-7b305af2de43->c65dd6b9-9b02-4312-abbf-85bcb6bba979#23-t22, previous=(t:22, i:6), leaderCommit=6, initializing? false, entries: <empty>
datanode_3  | 2019-11-05 21:41:14,432 INFO impl.RoleInfo: 5f8b4b4e-5f47-4c70-ba3a-7b305af2de43: start FollowerState
rm_1        | 2019-11-05 21:46:14 INFO  NMTokenSecretManagerInRM:200 - Sending NMToken for nodeId : nm:45386 for container : container_1572989939291_0002_01_000002
datanode_2  | 2019-11-05 21:42:24,445 INFO storage.RaftStorage: Storage directory /data/metadata/ratis/3f90b309-10c3-4186-acf4-3eef0b2d4ce0 has been successfully formatted.
datanode_1  | 2019-11-05 21:42:28,998 INFO impl.RaftServerProxy: c65dd6b9-9b02-4312-abbf-85bcb6bba979: remove group-60D3A4C42C2F:null
datanode_3  | 2019-11-05 21:41:19,473 INFO impl.FollowerState: 5f8b4b4e-5f47-4c70-ba3a-7b305af2de43@group-60D3A4C42C2F-FollowerState: change to CANDIDATE, lastRpcTime:5041ms, electionTimeout:5040ms
rm_1        | 2019-11-05 21:46:14 INFO  RMContainerImpl:410 - container_1572989939291_0002_01_000002 Container Transitioned from ALLOCATED to ACQUIRED
datanode_2  | 2019-11-05 21:42:24,446 [pool-8-thread-1] INFO       - group-3EEF0B2D4CE0: The snapshot info is null. Setting the last applied indexto:(t:0, i:~)
datanode_1  | 2019-11-05 21:42:29,965 INFO impl.FollowerState: c65dd6b9-9b02-4312-abbf-85bcb6bba979@group-3EEF0B2D4CE0-FollowerState: change to CANDIDATE, lastRpcTime:5161ms, electionTimeout:5161ms
datanode_3  | 2019-11-05 21:41:19,475 INFO impl.RoleInfo: 5f8b4b4e-5f47-4c70-ba3a-7b305af2de43: shutdown FollowerState
rm_1        | 2019-11-05 21:46:15 INFO  RMContainerImpl:410 - container_1572989939291_0002_01_000002 Container Transitioned from ACQUIRED to RUNNING
datanode_2  | 2019-11-05 21:42:24,447 INFO server.RaftServerConfigKeys: raft.server.notification.no-leader.timeout = 120s (custom)
datanode_1  | 2019-11-05 21:42:29,966 INFO impl.RoleInfo: c65dd6b9-9b02-4312-abbf-85bcb6bba979: shutdown FollowerState
datanode_3  | 2019-11-05 21:41:19,475 INFO impl.RaftServerImpl: 5f8b4b4e-5f47-4c70-ba3a-7b305af2de43@group-60D3A4C42C2F: changes role from  FOLLOWER to CANDIDATE at term 17 for changeToCandidate
rm_1        | 2019-11-05 21:46:16 INFO  AppSchedulingInfo:204 - checking for deactivate of application :application_1572989939291_0002
datanode_2  | 2019-11-05 21:42:24,447 INFO server.RaftServerConfigKeys: raft.server.log.use.memory = false (default)
datanode_1  | 2019-11-05 21:42:29,966 INFO impl.RaftServerImpl: c65dd6b9-9b02-4312-abbf-85bcb6bba979@group-3EEF0B2D4CE0: changes role from  FOLLOWER to CANDIDATE at term 0 for changeToCandidate
datanode_1  | 2019-11-05 21:42:29,966 INFO impl.RoleInfo: c65dd6b9-9b02-4312-abbf-85bcb6bba979: start LeaderElection
datanode_1  | 2019-11-05 21:42:30,195 INFO impl.LeaderElection: c65dd6b9-9b02-4312-abbf-85bcb6bba979@group-3EEF0B2D4CE0-LeaderElection22: begin an election at term 1 for -1: [8d5c31a2-df3a-41a5-8179-a58220213fa9:172.18.0.5:9858, 5f8b4b4e-5f47-4c70-ba3a-7b305af2de43:172.18.0.9:9858, c65dd6b9-9b02-4312-abbf-85bcb6bba979:172.18.0.8:9858], old=null
datanode_1  | 2019-11-05 21:42:30,210 INFO impl.LeaderElection: c65dd6b9-9b02-4312-abbf-85bcb6bba979@group-3EEF0B2D4CE0-LeaderElection22: Election REJECTED; received 2 response(s) [c65dd6b9-9b02-4312-abbf-85bcb6bba979<-8d5c31a2-df3a-41a5-8179-a58220213fa9#0:FAIL-t1, c65dd6b9-9b02-4312-abbf-85bcb6bba979<-5f8b4b4e-5f47-4c70-ba3a-7b305af2de43#0:FAIL-t1] and 0 exception(s); c65dd6b9-9b02-4312-abbf-85bcb6bba979@group-3EEF0B2D4CE0:t1, leader=null, voted=c65dd6b9-9b02-4312-abbf-85bcb6bba979, raftlog=c65dd6b9-9b02-4312-abbf-85bcb6bba979@group-3EEF0B2D4CE0-SegmentedRaftLog:OPENED:c-1,f-1,i0, conf=-1: [8d5c31a2-df3a-41a5-8179-a58220213fa9:172.18.0.5:9858, 5f8b4b4e-5f47-4c70-ba3a-7b305af2de43:172.18.0.9:9858, c65dd6b9-9b02-4312-abbf-85bcb6bba979:172.18.0.8:9858], old=null
datanode_3  | 2019-11-05 21:41:19,494 [Thread-102] ERROR      - pipeline Action CLOSE  on pipeline PipelineID=f055dc29-18e8-4d57-9084-60d3a4c42c2f.Reason : 5f8b4b4e-5f47-4c70-ba3a-7b305af2de43 is in candidate state for 124381ms
datanode_1  | 2019-11-05 21:42:30,211 INFO impl.RaftServerImpl: c65dd6b9-9b02-4312-abbf-85bcb6bba979@group-3EEF0B2D4CE0: changes role from CANDIDATE to FOLLOWER at term 1 for DISCOVERED_A_NEW_TERM
datanode_1  | 2019-11-05 21:42:30,211 INFO impl.RoleInfo: c65dd6b9-9b02-4312-abbf-85bcb6bba979: shutdown LeaderElection
datanode_1  | 2019-11-05 21:42:30,211 INFO impl.RoleInfo: c65dd6b9-9b02-4312-abbf-85bcb6bba979: start FollowerState
datanode_1  | 2019-11-05 21:42:35,243 INFO impl.RaftServerImpl: c65dd6b9-9b02-4312-abbf-85bcb6bba979@group-3EEF0B2D4CE0: changes role from  FOLLOWER to FOLLOWER at term 2 for recognizeCandidate:8d5c31a2-df3a-41a5-8179-a58220213fa9
datanode_1  | 2019-11-05 21:42:35,244 INFO impl.RoleInfo: c65dd6b9-9b02-4312-abbf-85bcb6bba979: shutdown FollowerState
rm_1        | 2019-11-05 21:46:25 INFO  RMContainerImpl:410 - container_1572989939291_0002_01_000002 Container Transitioned from RUNNING to COMPLETED
datanode_2  | 2019-11-05 21:42:24,447 INFO server.RaftServerConfigKeys: raft.server.log.purge.gap = 1000000 (custom)
datanode_1  | 2019-11-05 21:42:35,245 INFO impl.RoleInfo: c65dd6b9-9b02-4312-abbf-85bcb6bba979: start FollowerState
datanode_3  | 2019-11-05 21:41:19,495 INFO impl.RoleInfo: 5f8b4b4e-5f47-4c70-ba3a-7b305af2de43: start LeaderElection
rm_1        | 2019-11-05 21:46:25 INFO  FiCaSchedulerApp:113 - Completed container: container_1572989939291_0002_01_000002 in state: COMPLETED event:FINISHED
datanode_2  | 2019-11-05 21:42:24,447 INFO server.RaftServerConfigKeys: raft.server.log.appender.buffer.byte-limit = 33554432 (custom)
datanode_1  | 2019-11-05 21:42:35,245 INFO impl.FollowerState: c65dd6b9-9b02-4312-abbf-85bcb6bba979@group-3EEF0B2D4CE0-FollowerState was interrupted: java.lang.InterruptedException: sleep interrupted
datanode_3  | 2019-11-05 21:41:20,735 INFO impl.LeaderElection: 5f8b4b4e-5f47-4c70-ba3a-7b305af2de43@group-60D3A4C42C2F-LeaderElection18: begin an election at term 18 for -1: [8d5c31a2-df3a-41a5-8179-a58220213fa9:172.18.0.5:9858, 5f8b4b4e-5f47-4c70-ba3a-7b305af2de43:172.18.0.9:9858, c65dd6b9-9b02-4312-abbf-85bcb6bba979:172.18.0.8:9858], old=null
rm_1        | 2019-11-05 21:46:25 INFO  RMAuditLogger:116 - USER=hadoop	OPERATION=AM Released Container	TARGET=SchedulerApp	RESULT=SUCCESS	APPID=application_1572989939291_0002	CONTAINERID=container_1572989939291_0002_01_000002
rm_1        | 2019-11-05 21:46:25 INFO  SchedulerNode:216 - Released container container_1572989939291_0002_01_000002 of capacity <memory:4096, vCores:1> on host nm:45386, which currently has 1 containers, <memory:2048, vCores:1> used and <memory:6144, vCores:7> available, release resources=true
rm_1        | 2019-11-05 21:46:25 INFO  LeafQueue:1712 - default used=<memory:2048, vCores:1> numContainers=1 user=hadoop user-resources=<memory:2048, vCores:1>
rm_1        | 2019-11-05 21:46:25 INFO  LeafQueue:1663 - completedContainer container=Container: [ContainerId: container_1572989939291_0002_01_000002, NodeId: nm:45386, NodeHttpAddress: nm:8042, Resource: <memory:4096, vCores:1>, Priority: 20, Token: Token { kind: ContainerToken, service: 172.18.0.7:45386 }, ] queue=default: capacity=1.0, absoluteCapacity=1.0, usedResources=<memory:2048, vCores:1>, usedCapacity=0.25, absoluteUsedCapacity=0.25, numApps=1, numContainers=1 cluster=<memory:8192, vCores:8>
datanode_1  | 2019-11-05 21:42:35,343 INFO impl.RaftServerImpl: c65dd6b9-9b02-4312-abbf-85bcb6bba979@group-3EEF0B2D4CE0: change Leader from null to 8d5c31a2-df3a-41a5-8179-a58220213fa9 at term 2 for appendEntries, leader elected after 10547ms
datanode_3  | 2019-11-05 21:41:20,780 INFO impl.LeaderElection: 5f8b4b4e-5f47-4c70-ba3a-7b305af2de43@group-60D3A4C42C2F-LeaderElection18: Election REJECTED; received 2 response(s) [5f8b4b4e-5f47-4c70-ba3a-7b305af2de43<-8d5c31a2-df3a-41a5-8179-a58220213fa9#0:FAIL-t18, 5f8b4b4e-5f47-4c70-ba3a-7b305af2de43<-c65dd6b9-9b02-4312-abbf-85bcb6bba979#0:FAIL-t18] and 0 exception(s); 5f8b4b4e-5f47-4c70-ba3a-7b305af2de43@group-60D3A4C42C2F:t18, leader=null, voted=5f8b4b4e-5f47-4c70-ba3a-7b305af2de43, raftlog=5f8b4b4e-5f47-4c70-ba3a-7b305af2de43@group-60D3A4C42C2F-SegmentedRaftLog:OPENED:c-1,f-1,i0, conf=-1: [8d5c31a2-df3a-41a5-8179-a58220213fa9:172.18.0.5:9858, 5f8b4b4e-5f47-4c70-ba3a-7b305af2de43:172.18.0.9:9858, c65dd6b9-9b02-4312-abbf-85bcb6bba979:172.18.0.8:9858], old=null
rm_1        | 2019-11-05 21:46:25 INFO  ParentQueue:568 - completedContainer queue=root usedCapacity=0.25 absoluteUsedCapacity=0.25 used=<memory:2048, vCores:1> cluster=<memory:8192, vCores:8>
datanode_1  | 2019-11-05 21:42:35,355 INFO impl.RaftServerImpl: c65dd6b9-9b02-4312-abbf-85bcb6bba979@group-3EEF0B2D4CE0: set configuration 0: [8d5c31a2-df3a-41a5-8179-a58220213fa9:172.18.0.5:9858, 5f8b4b4e-5f47-4c70-ba3a-7b305af2de43:172.18.0.9:9858, c65dd6b9-9b02-4312-abbf-85bcb6bba979:172.18.0.8:9858], old=null at 0
datanode_1  | 2019-11-05 21:42:35,356 INFO segmented.SegmentedRaftLogWorker: c65dd6b9-9b02-4312-abbf-85bcb6bba979@group-3EEF0B2D4CE0-SegmentedRaftLogWorker: Starting segment from index:0
datanode_1  | 2019-11-05 21:42:35,486 INFO segmented.SegmentedRaftLogWorker: c65dd6b9-9b02-4312-abbf-85bcb6bba979@group-3EEF0B2D4CE0-SegmentedRaftLogWorker: created new log segment /data/metadata/ratis/3f90b309-10c3-4186-acf4-3eef0b2d4ce0/current/log_inprogress_0
datanode_1  | 2019-11-05 21:42:51,643 INFO impl.RaftServerProxy: c65dd6b9-9b02-4312-abbf-85bcb6bba979: remove group-60D3A4C42C2F:null
datanode_1  | 2019-11-05 21:42:52,148 INFO impl.RaftServerProxy: c65dd6b9-9b02-4312-abbf-85bcb6bba979: remove group-60D3A4C42C2F:null
rm_1        | 2019-11-05 21:46:25 INFO  ParentQueue:585 - Re-sorting completed queue: root.default stats: default: capacity=1.0, absoluteCapacity=1.0, usedResources=<memory:2048, vCores:1>, usedCapacity=0.25, absoluteUsedCapacity=0.25, numApps=1, numContainers=1
datanode_3  | 2019-11-05 21:41:20,780 INFO impl.RaftServerImpl: 5f8b4b4e-5f47-4c70-ba3a-7b305af2de43@group-60D3A4C42C2F: changes role from CANDIDATE to FOLLOWER at term 18 for DISCOVERED_A_NEW_TERM
datanode_2  | 2019-11-05 21:42:24,448 INFO server.RaftServerConfigKeys: raft.server.log.segment.size.max = 1048576 (custom)
rm_1        | 2019-11-05 21:46:25 INFO  CapacityScheduler:1443 - Application attempt appattempt_1572989939291_0002_000001 released container container_1572989939291_0002_01_000002 on node: host: nm:45386 #containers=1 available=<memory:6144, vCores:7> used=<memory:2048, vCores:1> with event: FINISHED
rm_1        | 2019-11-05 21:46:27 INFO  RMContainerImpl:410 - container_1572989939291_0002_01_000003 Container Transitioned from NEW to ALLOCATED
datanode_3  | 2019-11-05 21:41:20,785 INFO impl.RoleInfo: 5f8b4b4e-5f47-4c70-ba3a-7b305af2de43: shutdown LeaderElection
datanode_2  | 2019-11-05 21:42:24,448 INFO server.RaftServerConfigKeys: raft.server.log.segment.cache.num.max = 2 (custom)
