datanode_2  | 	at java.base/java.util.concurrent.ThreadPoolExecutor.runWorker(ThreadPoolExecutor.java:1128)
datanode_3  | 	at org.apache.ratis.server.impl.RaftServerProxy.requestVote(RaftServerProxy.java:443)
datanode_3  | 	at org.apache.ratis.grpc.server.GrpcServerProtocolService.requestVote(GrpcServerProtocolService.java:142)
datanode_2  | 	at java.base/java.util.concurrent.ThreadPoolExecutor$Worker.run(ThreadPoolExecutor.java:628)
datanode_3  | 	at org.apache.ratis.proto.grpc.RaftServerProtocolServiceGrpc$MethodHandlers.invoke(RaftServerProtocolServiceGrpc.java:319)
datanode_3  | 	at org.apache.ratis.thirdparty.io.grpc.stub.ServerCalls$UnaryServerCallHandler$UnaryServerCallListener.onHalfClose(ServerCalls.java:171)
datanode_2  | 	at java.base/java.lang.Thread.run(Thread.java:834)
datanode_2  | 2019-11-05 22:19:26,643 WARN server.GrpcServerProtocolService: 739b92b6-b57c-448a-b38b-c3856d34d9cc: Failed requestVote aa48423e-b89a-4439-8843-e961caf56d90->739b92b6-b57c-448a-b38b-c3856d34d9cc#0
datanode_1  | 2019-11-05 22:18:17,671 INFO impl.RoleInfo: aa48423e-b89a-4439-8843-e961caf56d90: start FollowerState
datanode_1  | 2019-11-05 22:18:22,614 INFO impl.RaftServerImpl: aa48423e-b89a-4439-8843-e961caf56d90@group-B2B72852686A: changes role from  FOLLOWER to FOLLOWER at term 2 for recognizeCandidate:6eb21638-56fd-405e-8b78-0bed6addb9ae
datanode_3  | 	at org.apache.ratis.thirdparty.io.grpc.internal.ServerCallImpl$ServerStreamListenerImpl.halfClosed(ServerCallImpl.java:283)
datanode_3  | 	at org.apache.ratis.thirdparty.io.grpc.internal.ServerImpl$JumpToApplicationThreadServerStreamListener$1HalfClosed.runInContext(ServerImpl.java:710)
datanode_2  | org.apache.ratis.protocol.GroupMismatchException: 739b92b6-b57c-448a-b38b-c3856d34d9cc: group-0A5222EF4F26 not found.
datanode_1  | 2019-11-05 22:18:22,615 INFO impl.RoleInfo: aa48423e-b89a-4439-8843-e961caf56d90: shutdown FollowerState
datanode_3  | 	at org.apache.ratis.thirdparty.io.grpc.internal.ContextRunnable.run(ContextRunnable.java:37)
datanode_2  | 	at org.apache.ratis.server.impl.RaftServerProxy$ImplMap.get(RaftServerProxy.java:122)
datanode_1  | 2019-11-05 22:18:22,615 INFO impl.FollowerState: aa48423e-b89a-4439-8843-e961caf56d90@group-B2B72852686A-FollowerState was interrupted: java.lang.InterruptedException: sleep interrupted
datanode_1  | 2019-11-05 22:18:22,619 INFO impl.RoleInfo: aa48423e-b89a-4439-8843-e961caf56d90: start FollowerState
datanode_1  | 2019-11-05 22:18:22,855 INFO impl.RaftServerImpl: aa48423e-b89a-4439-8843-e961caf56d90@group-B2B72852686A: change Leader from null to 6eb21638-56fd-405e-8b78-0bed6addb9ae at term 2 for appendEntries, leader elected after 10793ms
datanode_1  | 2019-11-05 22:18:22,913 INFO impl.RaftServerImpl: aa48423e-b89a-4439-8843-e961caf56d90@group-B2B72852686A: set configuration 0: [6eb21638-56fd-405e-8b78-0bed6addb9ae:172.18.0.5:9858, aa48423e-b89a-4439-8843-e961caf56d90:172.18.0.6:9858, 739b92b6-b57c-448a-b38b-c3856d34d9cc:172.18.0.4:9858], old=null at 0
datanode_2  | 	at org.apache.ratis.server.impl.RaftServerProxy.getImplFuture(RaftServerProxy.java:269)
datanode_1  | 2019-11-05 22:18:22,913 INFO segmented.SegmentedRaftLogWorker: aa48423e-b89a-4439-8843-e961caf56d90@group-B2B72852686A-SegmentedRaftLogWorker: Starting segment from index:0
datanode_1  | 2019-11-05 22:18:23,326 INFO segmented.SegmentedRaftLogWorker: aa48423e-b89a-4439-8843-e961caf56d90@group-B2B72852686A-SegmentedRaftLogWorker: created new log segment /data/metadata/ratis/4d42468f-0402-4d69-a86c-b2b72852686a/current/log_inprogress_0
datanode_1  | 2019-11-05 22:19:01,315 INFO server.GrpcServerProtocolService: aa48423e-b89a-4439-8843-e961caf56d90: Completed APPEND_ENTRIES, lastRequest: 739b92b6-b57c-448a-b38b-c3856d34d9cc->aa48423e-b89a-4439-8843-e961caf56d90#23-t2, previous=(t:2, i:0), leaderCommit=0, initializing? false, entries: <empty>
datanode_1  | 2019-11-05 22:19:01,442 INFO server.GrpcServerProtocolService: aa48423e-b89a-4439-8843-e961caf56d90: Completed APPEND_ENTRIES, lastRequest: 739b92b6-b57c-448a-b38b-c3856d34d9cc->aa48423e-b89a-4439-8843-e961caf56d90#23-t1, previous=(t:1, i:0), leaderCommit=0, initializing? false, entries: <empty>
datanode_2  | 	at org.apache.ratis.server.impl.RaftServerProxy.getImpl(RaftServerProxy.java:278)
datanode_3  | 	at org.apache.ratis.thirdparty.io.grpc.internal.SerializingExecutor.run(SerializingExecutor.java:123)
datanode_1  | 2019-11-05 22:19:04,808 INFO impl.FollowerState: aa48423e-b89a-4439-8843-e961caf56d90@group-A64AC08FE061-FollowerState: change to CANDIDATE, lastRpcTime:5548ms, electionTimeout:5064ms
datanode_2  | 	at org.apache.ratis.server.impl.RaftServerProxy.getImpl(RaftServerProxy.java:273)
datanode_3  | 	at java.base/java.util.concurrent.ThreadPoolExecutor.runWorker(ThreadPoolExecutor.java:1128)
datanode_3  | 	at java.base/java.util.concurrent.ThreadPoolExecutor$Worker.run(ThreadPoolExecutor.java:628)
datanode_3  | 	at java.base/java.lang.Thread.run(Thread.java:834)
datanode_3  | 2019-11-05 22:19:26,376 WARN server.GrpcServerProtocolService: 6eb21638-56fd-405e-8b78-0bed6addb9ae: Failed requestVote aa48423e-b89a-4439-8843-e961caf56d90->6eb21638-56fd-405e-8b78-0bed6addb9ae#0
datanode_2  | 	at org.apache.ratis.server.impl.RaftServerProxy.requestVote(RaftServerProxy.java:443)
datanode_3  | org.apache.ratis.protocol.GroupMismatchException: 6eb21638-56fd-405e-8b78-0bed6addb9ae: group-A64AC08FE061 not found.
datanode_3  | 	at org.apache.ratis.server.impl.RaftServerProxy$ImplMap.get(RaftServerProxy.java:122)
datanode_3  | 	at org.apache.ratis.server.impl.RaftServerProxy.getImplFuture(RaftServerProxy.java:269)
datanode_3  | 	at org.apache.ratis.server.impl.RaftServerProxy.getImpl(RaftServerProxy.java:278)
datanode_2  | 	at org.apache.ratis.grpc.server.GrpcServerProtocolService.requestVote(GrpcServerProtocolService.java:142)
datanode_1  | 2019-11-05 22:19:04,809 INFO impl.RoleInfo: aa48423e-b89a-4439-8843-e961caf56d90: shutdown FollowerState
datanode_3  | 	at org.apache.ratis.server.impl.RaftServerProxy.getImpl(RaftServerProxy.java:273)
datanode_1  | 2019-11-05 22:19:04,809 INFO impl.RaftServerImpl: aa48423e-b89a-4439-8843-e961caf56d90@group-A64AC08FE061: changes role from  FOLLOWER to CANDIDATE at term 2 for changeToCandidate
datanode_1  | 2019-11-05 22:19:04,809 INFO impl.RoleInfo: aa48423e-b89a-4439-8843-e961caf56d90: start LeaderElection
datanode_1  | 2019-11-05 22:19:04,810 INFO impl.RaftServerImpl: aa48423e-b89a-4439-8843-e961caf56d90@group-A64AC08FE061: change Leader from 739b92b6-b57c-448a-b38b-c3856d34d9cc to null at term 2 for initElection
datanode_1  | 2019-11-05 22:19:06,819 INFO impl.FollowerState: aa48423e-b89a-4439-8843-e961caf56d90@group-0A5222EF4F26-FollowerState: change to CANDIDATE, lastRpcTime:5651ms, electionTimeout:5191ms
datanode_1  | 2019-11-05 22:19:06,819 INFO impl.RoleInfo: aa48423e-b89a-4439-8843-e961caf56d90: shutdown FollowerState
datanode_1  | 2019-11-05 22:19:06,819 INFO impl.RaftServerImpl: aa48423e-b89a-4439-8843-e961caf56d90@group-0A5222EF4F26: changes role from  FOLLOWER to CANDIDATE at term 1 for changeToCandidate
datanode_1  | 2019-11-05 22:19:06,819 INFO impl.RoleInfo: aa48423e-b89a-4439-8843-e961caf56d90: start LeaderElection
datanode_1  | 2019-11-05 22:19:06,821 INFO impl.RaftServerImpl: aa48423e-b89a-4439-8843-e961caf56d90@group-0A5222EF4F26: change Leader from 739b92b6-b57c-448a-b38b-c3856d34d9cc to null at term 1 for initElection
datanode_1  | 2019-11-05 22:19:09,265 INFO impl.LeaderElection: aa48423e-b89a-4439-8843-e961caf56d90@group-A64AC08FE061-LeaderElection4: begin an election at term 3 for 0: [6eb21638-56fd-405e-8b78-0bed6addb9ae:172.18.0.5:9858, aa48423e-b89a-4439-8843-e961caf56d90:172.18.0.6:9858, 739b92b6-b57c-448a-b38b-c3856d34d9cc:172.18.0.4:9858], old=null
datanode_1  | 2019-11-05 22:19:09,310 INFO impl.LeaderElection: aa48423e-b89a-4439-8843-e961caf56d90@group-0A5222EF4F26-LeaderElection5: begin an election at term 2 for 0: [6eb21638-56fd-405e-8b78-0bed6addb9ae:172.18.0.5:9858, aa48423e-b89a-4439-8843-e961caf56d90:172.18.0.6:9858, 739b92b6-b57c-448a-b38b-c3856d34d9cc:172.18.0.4:9858], old=null
datanode_1  | 2019-11-05 22:19:09,328 INFO impl.LeaderElection: aa48423e-b89a-4439-8843-e961caf56d90@group-A64AC08FE061-LeaderElection4 got exception when requesting votes: {}
datanode_1  | java.util.concurrent.ExecutionException: org.apache.ratis.thirdparty.io.grpc.StatusRuntimeException: INTERNAL: 739b92b6-b57c-448a-b38b-c3856d34d9cc: group-A64AC08FE061 not found.
datanode_1  | 	at java.base/java.util.concurrent.FutureTask.report(FutureTask.java:122)
datanode_1  | 	at java.base/java.util.concurrent.FutureTask.get(FutureTask.java:191)
datanode_1  | 	at org.apache.ratis.server.impl.LeaderElection.waitForResults(LeaderElection.java:259)
datanode_1  | 	at org.apache.ratis.server.impl.LeaderElection.askForVotes(LeaderElection.java:197)
datanode_1  | 	at org.apache.ratis.server.impl.LeaderElection.run(LeaderElection.java:133)
datanode_1  | 	at java.base/java.lang.Thread.run(Thread.java:834)
datanode_1  | Caused by: org.apache.ratis.thirdparty.io.grpc.StatusRuntimeException: INTERNAL: 739b92b6-b57c-448a-b38b-c3856d34d9cc: group-A64AC08FE061 not found.
datanode_1  | 	at org.apache.ratis.thirdparty.io.grpc.stub.ClientCalls.toStatusRuntimeException(ClientCalls.java:233)
datanode_1  | 	at org.apache.ratis.thirdparty.io.grpc.stub.ClientCalls.getUnchecked(ClientCalls.java:214)
datanode_1  | 	at org.apache.ratis.thirdparty.io.grpc.stub.ClientCalls.blockingUnaryCall(ClientCalls.java:139)
datanode_1  | 	at org.apache.ratis.proto.grpc.RaftServerProtocolServiceGrpc$RaftServerProtocolServiceBlockingStub.requestVote(RaftServerProtocolServiceGrpc.java:265)
datanode_1  | 	at org.apache.ratis.grpc.server.GrpcServerProtocolClient.requestVote(GrpcServerProtocolClient.java:99)
datanode_1  | 	at org.apache.ratis.grpc.server.GrpcService.requestVote(GrpcService.java:204)
datanode_1  | 	at org.apache.ratis.server.impl.LeaderElection.lambda$submitRequests$1(LeaderElection.java:234)
datanode_1  | 	at java.base/java.util.concurrent.FutureTask.run(FutureTask.java:264)
datanode_1  | 	at java.base/java.util.concurrent.Executors$RunnableAdapter.call(Executors.java:515)
datanode_1  | 	at java.base/java.util.concurrent.FutureTask.run(FutureTask.java:264)
datanode_1  | 	at java.base/java.util.concurrent.ThreadPoolExecutor.runWorker(ThreadPoolExecutor.java:1128)
datanode_1  | 	at java.base/java.util.concurrent.ThreadPoolExecutor$Worker.run(ThreadPoolExecutor.java:628)
datanode_1  | 	... 1 more
datanode_2  | 	at org.apache.ratis.proto.grpc.RaftServerProtocolServiceGrpc$MethodHandlers.invoke(RaftServerProtocolServiceGrpc.java:319)
datanode_3  | 	at org.apache.ratis.server.impl.RaftServerProxy.requestVote(RaftServerProxy.java:443)
datanode_1  | 2019-11-05 22:19:09,349 INFO impl.LeaderElection: aa48423e-b89a-4439-8843-e961caf56d90@group-A64AC08FE061-LeaderElection4 got exception when requesting votes: {}
datanode_2  | 	at org.apache.ratis.thirdparty.io.grpc.stub.ServerCalls$UnaryServerCallHandler$UnaryServerCallListener.onHalfClose(ServerCalls.java:171)
datanode_3  | 	at org.apache.ratis.grpc.server.GrpcServerProtocolService.requestVote(GrpcServerProtocolService.java:142)
datanode_3  | 	at org.apache.ratis.proto.grpc.RaftServerProtocolServiceGrpc$MethodHandlers.invoke(RaftServerProtocolServiceGrpc.java:319)
datanode_1  | java.util.concurrent.ExecutionException: org.apache.ratis.thirdparty.io.grpc.StatusRuntimeException: INTERNAL: 6eb21638-56fd-405e-8b78-0bed6addb9ae: group-A64AC08FE061 not found.
datanode_3  | 	at org.apache.ratis.thirdparty.io.grpc.stub.ServerCalls$UnaryServerCallHandler$UnaryServerCallListener.onHalfClose(ServerCalls.java:171)
datanode_3  | 	at org.apache.ratis.thirdparty.io.grpc.internal.ServerCallImpl$ServerStreamListenerImpl.halfClosed(ServerCallImpl.java:283)
datanode_3  | 	at org.apache.ratis.thirdparty.io.grpc.internal.ServerImpl$JumpToApplicationThreadServerStreamListener$1HalfClosed.runInContext(ServerImpl.java:710)
datanode_2  | 	at org.apache.ratis.thirdparty.io.grpc.internal.ServerCallImpl$ServerStreamListenerImpl.halfClosed(ServerCallImpl.java:283)
datanode_1  | 	at java.base/java.util.concurrent.FutureTask.report(FutureTask.java:122)
datanode_3  | 	at org.apache.ratis.thirdparty.io.grpc.internal.ContextRunnable.run(ContextRunnable.java:37)
datanode_2  | 	at org.apache.ratis.thirdparty.io.grpc.internal.ServerImpl$JumpToApplicationThreadServerStreamListener$1HalfClosed.runInContext(ServerImpl.java:710)
datanode_1  | 	at java.base/java.util.concurrent.FutureTask.get(FutureTask.java:191)
datanode_3  | 	at org.apache.ratis.thirdparty.io.grpc.internal.SerializingExecutor.run(SerializingExecutor.java:123)
datanode_3  | 	at java.base/java.util.concurrent.ThreadPoolExecutor.runWorker(ThreadPoolExecutor.java:1128)
datanode_3  | 	at java.base/java.util.concurrent.ThreadPoolExecutor$Worker.run(ThreadPoolExecutor.java:628)
datanode_2  | 	at org.apache.ratis.thirdparty.io.grpc.internal.ContextRunnable.run(ContextRunnable.java:37)
datanode_1  | 	at org.apache.ratis.server.impl.LeaderElection.waitForResults(LeaderElection.java:259)
datanode_2  | 	at org.apache.ratis.thirdparty.io.grpc.internal.SerializingExecutor.run(SerializingExecutor.java:123)
datanode_3  | 	at java.base/java.lang.Thread.run(Thread.java:834)
datanode_3  | 2019-11-05 22:19:26,642 WARN server.GrpcServerProtocolService: 6eb21638-56fd-405e-8b78-0bed6addb9ae: Failed requestVote aa48423e-b89a-4439-8843-e961caf56d90->6eb21638-56fd-405e-8b78-0bed6addb9ae#0
datanode_3  | org.apache.ratis.protocol.GroupMismatchException: 6eb21638-56fd-405e-8b78-0bed6addb9ae: group-0A5222EF4F26 not found.
datanode_1  | 	at org.apache.ratis.server.impl.LeaderElection.askForVotes(LeaderElection.java:197)
datanode_1  | 	at org.apache.ratis.server.impl.LeaderElection.run(LeaderElection.java:133)
datanode_2  | 	at java.base/java.util.concurrent.ThreadPoolExecutor.runWorker(ThreadPoolExecutor.java:1128)
datanode_3  | 	at org.apache.ratis.server.impl.RaftServerProxy$ImplMap.get(RaftServerProxy.java:122)
datanode_1  | 	at java.base/java.lang.Thread.run(Thread.java:834)
datanode_1  | Caused by: org.apache.ratis.thirdparty.io.grpc.StatusRuntimeException: INTERNAL: 6eb21638-56fd-405e-8b78-0bed6addb9ae: group-A64AC08FE061 not found.
datanode_1  | 	at org.apache.ratis.thirdparty.io.grpc.stub.ClientCalls.toStatusRuntimeException(ClientCalls.java:233)
datanode_1  | 	at org.apache.ratis.thirdparty.io.grpc.stub.ClientCalls.getUnchecked(ClientCalls.java:214)
datanode_3  | 	at org.apache.ratis.server.impl.RaftServerProxy.getImplFuture(RaftServerProxy.java:269)
datanode_2  | 	at java.base/java.util.concurrent.ThreadPoolExecutor$Worker.run(ThreadPoolExecutor.java:628)
datanode_1  | 	at org.apache.ratis.thirdparty.io.grpc.stub.ClientCalls.blockingUnaryCall(ClientCalls.java:139)
datanode_3  | 	at org.apache.ratis.server.impl.RaftServerProxy.getImpl(RaftServerProxy.java:278)
datanode_2  | 	at java.base/java.lang.Thread.run(Thread.java:834)
datanode_1  | 	at org.apache.ratis.proto.grpc.RaftServerProtocolServiceGrpc$RaftServerProtocolServiceBlockingStub.requestVote(RaftServerProtocolServiceGrpc.java:265)
datanode_3  | 	at org.apache.ratis.server.impl.RaftServerProxy.getImpl(RaftServerProxy.java:273)
datanode_2  | 2019-11-05 22:19:51,206 INFO impl.RaftServerProxy: 739b92b6-b57c-448a-b38b-c3856d34d9cc: addNew group-3B2A24671167:[739b92b6-b57c-448a-b38b-c3856d34d9cc:172.18.0.4:9858] returns group-3B2A24671167:java.util.concurrent.CompletableFuture@59ae81ad[Not completed]
datanode_2  | 2019-11-05 22:19:51,230 INFO impl.RaftServerImpl: 739b92b6-b57c-448a-b38b-c3856d34d9cc: new RaftServerImpl for group-3B2A24671167:[739b92b6-b57c-448a-b38b-c3856d34d9cc:172.18.0.4:9858] with ContainerStateMachine:uninitialized
datanode_1  | 	at org.apache.ratis.grpc.server.GrpcServerProtocolClient.requestVote(GrpcServerProtocolClient.java:99)
datanode_3  | 	at org.apache.ratis.server.impl.RaftServerProxy.requestVote(RaftServerProxy.java:443)
datanode_2  | 2019-11-05 22:19:51,231 INFO server.RaftServerConfigKeys: raft.server.rpc.timeout.min = 5s (custom)
datanode_1  | 	at org.apache.ratis.grpc.server.GrpcService.requestVote(GrpcService.java:204)
datanode_3  | 	at org.apache.ratis.grpc.server.GrpcServerProtocolService.requestVote(GrpcServerProtocolService.java:142)
datanode_2  | 2019-11-05 22:19:51,231 INFO server.RaftServerConfigKeys: raft.server.rpc.timeout.max = 5200ms (custom)
datanode_2  | 2019-11-05 22:19:51,232 INFO server.RaftServerConfigKeys: raft.server.rpcslowness.timeout = 120s (custom)
datanode_2  | 2019-11-05 22:19:51,232 INFO server.RaftServerConfigKeys: raft.server.sleep.deviation.threshold = 300 (default)
datanode_2  | 2019-11-05 22:19:51,232 INFO server.RaftServerConfigKeys: raft.server.log.appender.install.snapshot.enabled = false (custom)
datanode_3  | 	at org.apache.ratis.proto.grpc.RaftServerProtocolServiceGrpc$MethodHandlers.invoke(RaftServerProtocolServiceGrpc.java:319)
datanode_2  | 2019-11-05 22:19:51,232 INFO impl.RaftServerImpl: 739b92b6-b57c-448a-b38b-c3856d34d9cc@group-3B2A24671167: ConfigurationManager, init=-1: [739b92b6-b57c-448a-b38b-c3856d34d9cc:172.18.0.4:9858], old=null, confs=<EMPTY_MAP>
datanode_2  | 2019-11-05 22:19:51,235 INFO server.RaftServerConfigKeys: raft.server.storage.dir = [/data/metadata/ratis] (custom)
datanode_3  | 	at org.apache.ratis.thirdparty.io.grpc.stub.ServerCalls$UnaryServerCallHandler$UnaryServerCallListener.onHalfClose(ServerCalls.java:171)
datanode_1  | 	at org.apache.ratis.server.impl.LeaderElection.lambda$submitRequests$1(LeaderElection.java:234)
datanode_3  | 	at org.apache.ratis.thirdparty.io.grpc.internal.ServerCallImpl$ServerStreamListenerImpl.halfClosed(ServerCallImpl.java:283)
datanode_2  | 2019-11-05 22:19:51,236 INFO server.RaftServerConfigKeys: raft.server.log.corruption.policy = EXCEPTION (default)
datanode_2  | 2019-11-05 22:19:51,237 INFO storage.RaftStorageDirectory: The storage directory /data/metadata/ratis/7ef98053-21ab-46ec-8709-3b2a24671167 does not exist. Creating ...
datanode_1  | 	at java.base/java.util.concurrent.FutureTask.run(FutureTask.java:264)
datanode_1  | 	at java.base/java.util.concurrent.Executors$RunnableAdapter.call(Executors.java:515)
datanode_1  | 	at java.base/java.util.concurrent.FutureTask.run(FutureTask.java:264)
datanode_1  | 	at java.base/java.util.concurrent.ThreadPoolExecutor.runWorker(ThreadPoolExecutor.java:1128)
datanode_1  | 	at java.base/java.util.concurrent.ThreadPoolExecutor$Worker.run(ThreadPoolExecutor.java:628)
datanode_1  | 	... 1 more
datanode_1  | 2019-11-05 22:19:09,366 INFO impl.LeaderElection: aa48423e-b89a-4439-8843-e961caf56d90@group-A64AC08FE061-LeaderElection4: Election REJECTED; received 0 response(s) [] and 2 exception(s); aa48423e-b89a-4439-8843-e961caf56d90@group-A64AC08FE061:t3, leader=null, voted=aa48423e-b89a-4439-8843-e961caf56d90, raftlog=aa48423e-b89a-4439-8843-e961caf56d90@group-A64AC08FE061-SegmentedRaftLog:OPENED:c0,f0,i0, conf=0: [6eb21638-56fd-405e-8b78-0bed6addb9ae:172.18.0.5:9858, aa48423e-b89a-4439-8843-e961caf56d90:172.18.0.6:9858, 739b92b6-b57c-448a-b38b-c3856d34d9cc:172.18.0.4:9858], old=null
datanode_1  | 2019-11-05 22:19:09,367 INFO impl.LeaderElection:   Exception 0: {}
datanode_1  | java.util.concurrent.ExecutionException: org.apache.ratis.thirdparty.io.grpc.StatusRuntimeException: INTERNAL: 739b92b6-b57c-448a-b38b-c3856d34d9cc: group-A64AC08FE061 not found.
datanode_1  | 	at java.base/java.util.concurrent.FutureTask.report(FutureTask.java:122)
datanode_2  | 2019-11-05 22:19:51,257 INFO storage.RaftStorageDirectory: Lock on /data/metadata/ratis/7ef98053-21ab-46ec-8709-3b2a24671167/in_use.lock acquired by nodename 7@df399075991c
datanode_2  | 2019-11-05 22:19:51,306 INFO storage.RaftStorage: Storage directory /data/metadata/ratis/7ef98053-21ab-46ec-8709-3b2a24671167 has been successfully formatted.
datanode_2  | 2019-11-05 22:19:51,306 [pool-8-thread-1] INFO       - group-3B2A24671167: The snapshot info is null. Setting the last applied indexto:(t:0, i:~)
datanode_2  | 2019-11-05 22:19:51,307 INFO server.RaftServerConfigKeys: raft.server.notification.no-leader.timeout = 120s (custom)
datanode_2  | 2019-11-05 22:19:51,307 INFO server.RaftServerConfigKeys: raft.server.log.use.memory = false (default)
datanode_2  | 2019-11-05 22:19:51,308 INFO server.RaftServerConfigKeys: raft.server.log.purge.gap = 1000000 (custom)
datanode_2  | 2019-11-05 22:19:51,308 INFO server.RaftServerConfigKeys: raft.server.log.appender.buffer.byte-limit = 33554432 (custom)
datanode_2  | 2019-11-05 22:19:51,308 INFO server.RaftServerConfigKeys: raft.server.log.segment.size.max = 1048576 (custom)
datanode_2  | 2019-11-05 22:19:51,308 INFO server.RaftServerConfigKeys: raft.server.log.segment.cache.num.max = 2 (custom)
datanode_2  | 2019-11-05 22:19:51,309 INFO segmented.SegmentedRaftLogWorker: new 739b92b6-b57c-448a-b38b-c3856d34d9cc@group-3B2A24671167-SegmentedRaftLogWorker for RaftStorage:Storage Directory /data/metadata/ratis/7ef98053-21ab-46ec-8709-3b2a24671167
datanode_2  | 2019-11-05 22:19:51,309 INFO server.RaftServerConfigKeys: raft.server.log.queue.byte-limit = 2147483647 (custom)
datanode_2  | 2019-11-05 22:19:51,309 INFO server.RaftServerConfigKeys: raft.server.log.queue.element-limit = 1024 (custom)
datanode_2  | 2019-11-05 22:19:51,309 INFO server.RaftServerConfigKeys: raft.server.log.segment.size.max = 1048576 (custom)
datanode_2  | 2019-11-05 22:19:51,310 INFO server.RaftServerConfigKeys: raft.server.log.preallocated.size = 16384 (custom)
datanode_2  | 2019-11-05 22:19:51,310 INFO server.RaftServerConfigKeys: raft.server.log.write.buffer.size = 33554432 (custom)
datanode_2  | 2019-11-05 22:19:51,310 INFO server.RaftServerConfigKeys: raft.server.log.force.sync.num = 128 (default)
datanode_2  | 2019-11-05 22:19:51,310 INFO server.RaftServerConfigKeys: raft.server.log.statemachine.data.sync = true (default)
datanode_1  | 	at java.base/java.util.concurrent.FutureTask.get(FutureTask.java:191)
datanode_1  | 	at org.apache.ratis.server.impl.LeaderElection.waitForResults(LeaderElection.java:259)
datanode_1  | 	at org.apache.ratis.server.impl.LeaderElection.askForVotes(LeaderElection.java:197)
datanode_1  | 	at org.apache.ratis.server.impl.LeaderElection.run(LeaderElection.java:133)
datanode_1  | 	at java.base/java.lang.Thread.run(Thread.java:834)
datanode_2  | 2019-11-05 22:19:51,310 INFO server.RaftServerConfigKeys: raft.server.log.statemachine.data.sync.timeout = 10s (default)
datanode_3  | 	at org.apache.ratis.thirdparty.io.grpc.internal.ServerImpl$JumpToApplicationThreadServerStreamListener$1HalfClosed.runInContext(ServerImpl.java:710)
datanode_2  | 2019-11-05 22:19:51,311 INFO server.RaftServerConfigKeys: raft.server.log.statemachine.data.sync.timeout.retry = -1 (default)
datanode_2  | 2019-11-05 22:19:51,311 INFO server.RaftServerConfigKeys: raft.server.log.statemachine.data.caching.enabled = true (custom)
datanode_2  | 2019-11-05 22:19:51,312 INFO segmented.SegmentedRaftLogWorker: 739b92b6-b57c-448a-b38b-c3856d34d9cc@group-3B2A24671167-SegmentedRaftLogWorker: flushIndex: setUnconditionally 0 -> -1
datanode_3  | 	at org.apache.ratis.thirdparty.io.grpc.internal.ContextRunnable.run(ContextRunnable.java:37)
datanode_3  | 	at org.apache.ratis.thirdparty.io.grpc.internal.SerializingExecutor.run(SerializingExecutor.java:123)
datanode_3  | 	at java.base/java.util.concurrent.ThreadPoolExecutor.runWorker(ThreadPoolExecutor.java:1128)
datanode_3  | 	at java.base/java.util.concurrent.ThreadPoolExecutor$Worker.run(ThreadPoolExecutor.java:628)
datanode_3  | 	at java.base/java.lang.Thread.run(Thread.java:834)
datanode_3  | 2019-11-05 22:19:51,386 INFO impl.RaftServerProxy: 6eb21638-56fd-405e-8b78-0bed6addb9ae: addNew group-23D6EAD850D9:[6eb21638-56fd-405e-8b78-0bed6addb9ae:172.18.0.5:9858] returns group-23D6EAD850D9:java.util.concurrent.CompletableFuture@c78209e[Not completed]
datanode_3  | 2019-11-05 22:19:51,404 INFO impl.RaftServerImpl: 6eb21638-56fd-405e-8b78-0bed6addb9ae: new RaftServerImpl for group-23D6EAD850D9:[6eb21638-56fd-405e-8b78-0bed6addb9ae:172.18.0.5:9858] with ContainerStateMachine:uninitialized
datanode_3  | 2019-11-05 22:19:51,405 INFO server.RaftServerConfigKeys: raft.server.rpc.timeout.min = 5s (custom)
datanode_3  | 2019-11-05 22:19:51,406 INFO server.RaftServerConfigKeys: raft.server.rpc.timeout.max = 5200ms (custom)
datanode_3  | 2019-11-05 22:19:51,420 INFO server.RaftServerConfigKeys: raft.server.rpcslowness.timeout = 120s (custom)
datanode_2  | 2019-11-05 22:19:51,312 INFO server.RaftServerConfigKeys: raft.server.snapshot.auto.trigger.enabled = true (custom)
datanode_1  | Caused by: org.apache.ratis.thirdparty.io.grpc.StatusRuntimeException: INTERNAL: 739b92b6-b57c-448a-b38b-c3856d34d9cc: group-A64AC08FE061 not found.
datanode_2  | 2019-11-05 22:19:51,312 INFO server.RaftServerConfigKeys: raft.server.snapshot.auto.trigger.threshold = 10000 (custom)
datanode_1  | 	at org.apache.ratis.thirdparty.io.grpc.stub.ClientCalls.toStatusRuntimeException(ClientCalls.java:233)
datanode_1  | 	at org.apache.ratis.thirdparty.io.grpc.stub.ClientCalls.getUnchecked(ClientCalls.java:214)
datanode_1  | 	at org.apache.ratis.thirdparty.io.grpc.stub.ClientCalls.blockingUnaryCall(ClientCalls.java:139)
datanode_1  | 	at org.apache.ratis.proto.grpc.RaftServerProtocolServiceGrpc$RaftServerProtocolServiceBlockingStub.requestVote(RaftServerProtocolServiceGrpc.java:265)
datanode_2  | 2019-11-05 22:19:51,312 INFO server.RaftServerConfigKeys: raft.server.snapshot.retention.file.num = 5 (custom)
datanode_3  | 2019-11-05 22:19:51,420 INFO server.RaftServerConfigKeys: raft.server.sleep.deviation.threshold = 300 (default)
datanode_1  | 	at org.apache.ratis.grpc.server.GrpcServerProtocolClient.requestVote(GrpcServerProtocolClient.java:99)
datanode_2  | 2019-11-05 22:19:51,313 INFO server.RaftServerConfigKeys: raft.server.retrycache.expirytime = 600000ms (custom)
datanode_3  | 2019-11-05 22:19:51,420 INFO server.RaftServerConfigKeys: raft.server.log.appender.install.snapshot.enabled = false (custom)
datanode_1  | 	at org.apache.ratis.grpc.server.GrpcService.requestVote(GrpcService.java:204)
datanode_2  | 2019-11-05 22:19:51,313 WARN impl.MetricRegistriesImpl: First MetricRegistry has been created without registering reporters. You may need to call MetricRegistries.global().addReportRegistration(...) before.
datanode_3  | 2019-11-05 22:19:51,421 INFO impl.RaftServerImpl: 6eb21638-56fd-405e-8b78-0bed6addb9ae@group-23D6EAD850D9: ConfigurationManager, init=-1: [6eb21638-56fd-405e-8b78-0bed6addb9ae:172.18.0.5:9858], old=null, confs=<EMPTY_MAP>
datanode_1  | 	at org.apache.ratis.server.impl.LeaderElection.lambda$submitRequests$1(LeaderElection.java:234)
datanode_3  | 2019-11-05 22:19:51,422 INFO server.RaftServerConfigKeys: raft.server.storage.dir = [/data/metadata/ratis] (custom)
datanode_3  | 2019-11-05 22:19:51,423 INFO server.RaftServerConfigKeys: raft.server.log.corruption.policy = EXCEPTION (default)
datanode_3  | 2019-11-05 22:19:51,423 INFO storage.RaftStorageDirectory: The storage directory /data/metadata/ratis/68199adb-1a20-4a78-b8d7-23d6ead850d9 does not exist. Creating ...
datanode_3  | 2019-11-05 22:19:51,451 INFO storage.RaftStorageDirectory: Lock on /data/metadata/ratis/68199adb-1a20-4a78-b8d7-23d6ead850d9/in_use.lock acquired by nodename 7@63aec4ceab57
datanode_2  | 2019-11-05 22:19:51,313 WARN impl.MetricRegistriesImpl: First MetricRegistry has been created without registering reporters. You may need to call MetricRegistries.global().addReportRegistration(...) before.
datanode_1  | 	at java.base/java.util.concurrent.FutureTask.run(FutureTask.java:264)
datanode_3  | 2019-11-05 22:19:51,479 INFO storage.RaftStorage: Storage directory /data/metadata/ratis/68199adb-1a20-4a78-b8d7-23d6ead850d9 has been successfully formatted.
datanode_2  | 2019-11-05 22:19:51,314 INFO impl.RaftServerImpl: 739b92b6-b57c-448a-b38b-c3856d34d9cc@group-3B2A24671167: start as a follower, conf=-1: [739b92b6-b57c-448a-b38b-c3856d34d9cc:172.18.0.4:9858], old=null
datanode_1  | 	at java.base/java.util.concurrent.Executors$RunnableAdapter.call(Executors.java:515)
datanode_3  | 2019-11-05 22:19:51,480 [pool-8-thread-1] INFO       - group-23D6EAD850D9: The snapshot info is null. Setting the last applied indexto:(t:0, i:~)
datanode_3  | 2019-11-05 22:19:51,481 INFO server.RaftServerConfigKeys: raft.server.notification.no-leader.timeout = 120s (custom)
datanode_3  | 2019-11-05 22:19:51,481 INFO server.RaftServerConfigKeys: raft.server.log.use.memory = false (default)
datanode_3  | 2019-11-05 22:19:51,481 INFO server.RaftServerConfigKeys: raft.server.log.purge.gap = 1000000 (custom)
datanode_3  | 2019-11-05 22:19:51,481 INFO server.RaftServerConfigKeys: raft.server.log.appender.buffer.byte-limit = 33554432 (custom)
datanode_2  | 2019-11-05 22:19:51,314 INFO impl.RaftServerImpl: 739b92b6-b57c-448a-b38b-c3856d34d9cc@group-3B2A24671167: changes role from      null to FOLLOWER at term 0 for startAsFollower
datanode_2  | 2019-11-05 22:19:51,314 INFO impl.RoleInfo: 739b92b6-b57c-448a-b38b-c3856d34d9cc: start FollowerState
datanode_2  | 2019-11-05 22:19:51,315 INFO util.JmxRegister: Successfully registered JMX Bean with object name Ratis:service=RaftServer,group=group-3B2A24671167,id=739b92b6-b57c-448a-b38b-c3856d34d9cc
datanode_2  | 2019-11-05 22:19:51,315 WARN impl.MetricRegistriesImpl: First MetricRegistry has been created without registering reporters. You may need to call MetricRegistries.global().addReportRegistration(...) before.
datanode_2  | 2019-11-05 22:19:56,479 INFO impl.FollowerState: 739b92b6-b57c-448a-b38b-c3856d34d9cc@group-3B2A24671167-FollowerState: change to CANDIDATE, lastRpcTime:5165ms, electionTimeout:5165ms
datanode_2  | 2019-11-05 22:19:56,480 INFO impl.RoleInfo: 739b92b6-b57c-448a-b38b-c3856d34d9cc: shutdown FollowerState
datanode_1  | 	at java.base/java.util.concurrent.FutureTask.run(FutureTask.java:264)
datanode_1  | 	at java.base/java.util.concurrent.ThreadPoolExecutor.runWorker(ThreadPoolExecutor.java:1128)
datanode_1  | 	at java.base/java.util.concurrent.ThreadPoolExecutor$Worker.run(ThreadPoolExecutor.java:628)
datanode_1  | 	... 1 more
datanode_1  | 2019-11-05 22:19:09,372 INFO impl.LeaderElection: aa48423e-b89a-4439-8843-e961caf56d90@group-0A5222EF4F26-LeaderElection5 got exception when requesting votes: {}
datanode_1  | java.util.concurrent.ExecutionException: org.apache.ratis.thirdparty.io.grpc.StatusRuntimeException: INTERNAL: 6eb21638-56fd-405e-8b78-0bed6addb9ae: group-0A5222EF4F26 not found.
datanode_1  | 	at java.base/java.util.concurrent.FutureTask.report(FutureTask.java:122)
datanode_1  | 	at java.base/java.util.concurrent.FutureTask.get(FutureTask.java:191)
datanode_3  | 2019-11-05 22:19:51,482 INFO server.RaftServerConfigKeys: raft.server.log.segment.size.max = 1048576 (custom)
datanode_3  | 2019-11-05 22:19:51,482 INFO server.RaftServerConfigKeys: raft.server.log.segment.cache.num.max = 2 (custom)
datanode_3  | 2019-11-05 22:19:51,482 INFO segmented.SegmentedRaftLogWorker: new 6eb21638-56fd-405e-8b78-0bed6addb9ae@group-23D6EAD850D9-SegmentedRaftLogWorker for RaftStorage:Storage Directory /data/metadata/ratis/68199adb-1a20-4a78-b8d7-23d6ead850d9
datanode_3  | 2019-11-05 22:19:51,482 INFO server.RaftServerConfigKeys: raft.server.log.queue.byte-limit = 2147483647 (custom)
datanode_3  | 2019-11-05 22:19:51,483 INFO server.RaftServerConfigKeys: raft.server.log.queue.element-limit = 1024 (custom)
datanode_3  | 2019-11-05 22:19:51,483 INFO server.RaftServerConfigKeys: raft.server.log.segment.size.max = 1048576 (custom)
datanode_3  | 2019-11-05 22:19:51,483 INFO server.RaftServerConfigKeys: raft.server.log.preallocated.size = 16384 (custom)
datanode_2  | 2019-11-05 22:19:56,480 INFO impl.RaftServerImpl: 739b92b6-b57c-448a-b38b-c3856d34d9cc@group-3B2A24671167: changes role from  FOLLOWER to CANDIDATE at term 0 for changeToCandidate
datanode_2  | 2019-11-05 22:19:56,480 INFO impl.RoleInfo: 739b92b6-b57c-448a-b38b-c3856d34d9cc: start LeaderElection
datanode_2  | 2019-11-05 22:19:56,586 INFO impl.LeaderElection: 739b92b6-b57c-448a-b38b-c3856d34d9cc@group-3B2A24671167-LeaderElection6: begin an election at term 1 for -1: [739b92b6-b57c-448a-b38b-c3856d34d9cc:172.18.0.4:9858], old=null
datanode_2  | 2019-11-05 22:19:56,586 INFO impl.RoleInfo: 739b92b6-b57c-448a-b38b-c3856d34d9cc: shutdown LeaderElection
datanode_2  | 2019-11-05 22:19:56,586 INFO impl.RaftServerImpl: 739b92b6-b57c-448a-b38b-c3856d34d9cc@group-3B2A24671167: changes role from CANDIDATE to LEADER at term 1 for changeToLeader
datanode_1  | 	at org.apache.ratis.server.impl.LeaderElection.waitForResults(LeaderElection.java:259)
datanode_1  | 	at org.apache.ratis.server.impl.LeaderElection.askForVotes(LeaderElection.java:197)
datanode_1  | 	at org.apache.ratis.server.impl.LeaderElection.run(LeaderElection.java:133)
datanode_1  | 	at java.base/java.lang.Thread.run(Thread.java:834)
datanode_3  | 2019-11-05 22:19:51,483 INFO server.RaftServerConfigKeys: raft.server.log.write.buffer.size = 33554432 (custom)
datanode_3  | 2019-11-05 22:19:51,483 INFO server.RaftServerConfigKeys: raft.server.log.force.sync.num = 128 (default)
datanode_3  | 2019-11-05 22:19:51,484 INFO server.RaftServerConfigKeys: raft.server.log.statemachine.data.sync = true (default)
datanode_3  | 2019-11-05 22:19:51,484 INFO server.RaftServerConfigKeys: raft.server.log.statemachine.data.sync.timeout = 10s (default)
datanode_3  | 2019-11-05 22:19:51,484 INFO server.RaftServerConfigKeys: raft.server.log.statemachine.data.sync.timeout.retry = -1 (default)
datanode_2  | 2019-11-05 22:19:56,587 INFO impl.RaftServerImpl: 739b92b6-b57c-448a-b38b-c3856d34d9cc@group-3B2A24671167: change Leader from null to 739b92b6-b57c-448a-b38b-c3856d34d9cc at term 1 for becomeLeader, leader elected after 5279ms
datanode_2  | 2019-11-05 22:19:56,587 INFO server.RaftServerConfigKeys: raft.server.staging.catchup.gap = 1000 (default)
datanode_2  | 2019-11-05 22:19:56,588 INFO server.RaftServerConfigKeys: raft.server.rpc.sleep.time = 25ms (default)
datanode_2  | 2019-11-05 22:19:56,588 INFO server.RaftServerConfigKeys: raft.server.write.element-limit = 4096 (default)
datanode_2  | 2019-11-05 22:19:56,588 INFO server.RaftServerConfigKeys: raft.server.watch.timeout = 10s (default)
datanode_1  | Caused by: org.apache.ratis.thirdparty.io.grpc.StatusRuntimeException: INTERNAL: 6eb21638-56fd-405e-8b78-0bed6addb9ae: group-0A5222EF4F26 not found.
datanode_1  | 	at org.apache.ratis.thirdparty.io.grpc.stub.ClientCalls.toStatusRuntimeException(ClientCalls.java:233)
datanode_1  | 	at org.apache.ratis.thirdparty.io.grpc.stub.ClientCalls.getUnchecked(ClientCalls.java:214)
datanode_1  | 	at org.apache.ratis.thirdparty.io.grpc.stub.ClientCalls.blockingUnaryCall(ClientCalls.java:139)
datanode_1  | 	at org.apache.ratis.proto.grpc.RaftServerProtocolServiceGrpc$RaftServerProtocolServiceBlockingStub.requestVote(RaftServerProtocolServiceGrpc.java:265)
datanode_2  | 2019-11-05 22:19:56,588 INFO server.RaftServerConfigKeys: raft.server.watch.timeout.denomination = 1s (default)
datanode_3  | 2019-11-05 22:19:51,484 INFO server.RaftServerConfigKeys: raft.server.log.statemachine.data.caching.enabled = true (custom)
datanode_3  | 2019-11-05 22:19:51,485 INFO segmented.SegmentedRaftLogWorker: 6eb21638-56fd-405e-8b78-0bed6addb9ae@group-23D6EAD850D9-SegmentedRaftLogWorker: flushIndex: setUnconditionally 0 -> -1
datanode_3  | 2019-11-05 22:19:51,485 INFO server.RaftServerConfigKeys: raft.server.snapshot.auto.trigger.enabled = true (custom)
datanode_3  | 2019-11-05 22:19:51,485 INFO server.RaftServerConfigKeys: raft.server.snapshot.auto.trigger.threshold = 10000 (custom)
datanode_3  | 2019-11-05 22:19:51,489 INFO server.RaftServerConfigKeys: raft.server.snapshot.retention.file.num = 5 (custom)
datanode_3  | 2019-11-05 22:19:51,489 INFO server.RaftServerConfigKeys: raft.server.retrycache.expirytime = 600000ms (custom)
datanode_2  | 2019-11-05 22:19:56,588 INFO server.RaftServerConfigKeys: raft.server.watch.element-limit = 65536 (default)
datanode_2  | 2019-11-05 22:19:56,589 INFO impl.RoleInfo: 739b92b6-b57c-448a-b38b-c3856d34d9cc: start LeaderState
datanode_2  | 2019-11-05 22:19:56,589 INFO segmented.SegmentedRaftLogWorker: 739b92b6-b57c-448a-b38b-c3856d34d9cc@group-3B2A24671167-SegmentedRaftLogWorker: Starting segment from index:0
datanode_2  | 2019-11-05 22:19:56,601 INFO impl.RaftServerImpl: 739b92b6-b57c-448a-b38b-c3856d34d9cc@group-3B2A24671167: set configuration 0: [739b92b6-b57c-448a-b38b-c3856d34d9cc:172.18.0.4:9858], old=null at 0
datanode_1  | 	at org.apache.ratis.grpc.server.GrpcServerProtocolClient.requestVote(GrpcServerProtocolClient.java:99)
datanode_1  | 	at org.apache.ratis.grpc.server.GrpcService.requestVote(GrpcService.java:204)
datanode_1  | 	at org.apache.ratis.server.impl.LeaderElection.lambda$submitRequests$1(LeaderElection.java:234)
datanode_1  | 	at java.base/java.util.concurrent.FutureTask.run(FutureTask.java:264)
datanode_1  | 	at java.base/java.util.concurrent.Executors$RunnableAdapter.call(Executors.java:515)
datanode_2  | 2019-11-05 22:19:56,780 INFO segmented.SegmentedRaftLogWorker: 739b92b6-b57c-448a-b38b-c3856d34d9cc@group-3B2A24671167-SegmentedRaftLogWorker: created new log segment /data/metadata/ratis/7ef98053-21ab-46ec-8709-3b2a24671167/current/log_inprogress_0
datanode_3  | 2019-11-05 22:19:51,489 WARN impl.MetricRegistriesImpl: First MetricRegistry has been created without registering reporters. You may need to call MetricRegistries.global().addReportRegistration(...) before.
datanode_3  | 2019-11-05 22:19:51,490 WARN impl.MetricRegistriesImpl: First MetricRegistry has been created without registering reporters. You may need to call MetricRegistries.global().addReportRegistration(...) before.
datanode_3  | 2019-11-05 22:19:51,490 INFO impl.RaftServerImpl: 6eb21638-56fd-405e-8b78-0bed6addb9ae@group-23D6EAD850D9: start as a follower, conf=-1: [6eb21638-56fd-405e-8b78-0bed6addb9ae:172.18.0.5:9858], old=null
datanode_3  | 2019-11-05 22:19:51,490 INFO impl.RaftServerImpl: 6eb21638-56fd-405e-8b78-0bed6addb9ae@group-23D6EAD850D9: changes role from      null to FOLLOWER at term 0 for startAsFollower
datanode_3  | 2019-11-05 22:19:51,491 INFO impl.RoleInfo: 6eb21638-56fd-405e-8b78-0bed6addb9ae: start FollowerState
datanode_1  | 	at java.base/java.util.concurrent.FutureTask.run(FutureTask.java:264)
datanode_1  | 	at java.base/java.util.concurrent.ThreadPoolExecutor.runWorker(ThreadPoolExecutor.java:1128)
datanode_1  | 	at java.base/java.util.concurrent.ThreadPoolExecutor$Worker.run(ThreadPoolExecutor.java:628)
datanode_1  | 	... 1 more
datanode_1  | 2019-11-05 22:19:09,381 INFO impl.LeaderElection: aa48423e-b89a-4439-8843-e961caf56d90@group-0A5222EF4F26-LeaderElection5 got exception when requesting votes: {}
datanode_3  | 2019-11-05 22:19:51,497 INFO util.JmxRegister: Successfully registered JMX Bean with object name Ratis:service=RaftServer,group=group-23D6EAD850D9,id=6eb21638-56fd-405e-8b78-0bed6addb9ae
datanode_3  | 2019-11-05 22:19:51,497 WARN impl.MetricRegistriesImpl: First MetricRegistry has been created without registering reporters. You may need to call MetricRegistries.global().addReportRegistration(...) before.
datanode_3  | 2019-11-05 22:19:56,571 INFO impl.FollowerState: 6eb21638-56fd-405e-8b78-0bed6addb9ae@group-23D6EAD850D9-FollowerState: change to CANDIDATE, lastRpcTime:5080ms, electionTimeout:5074ms
datanode_3  | 2019-11-05 22:19:56,572 INFO impl.RoleInfo: 6eb21638-56fd-405e-8b78-0bed6addb9ae: shutdown FollowerState
datanode_3  | 2019-11-05 22:19:56,572 INFO impl.RaftServerImpl: 6eb21638-56fd-405e-8b78-0bed6addb9ae@group-23D6EAD850D9: changes role from  FOLLOWER to CANDIDATE at term 0 for changeToCandidate
datanode_1  | java.util.concurrent.ExecutionException: org.apache.ratis.thirdparty.io.grpc.StatusRuntimeException: INTERNAL: 739b92b6-b57c-448a-b38b-c3856d34d9cc: group-0A5222EF4F26 not found.
datanode_1  | 	at java.base/java.util.concurrent.FutureTask.report(FutureTask.java:122)
datanode_1  | 	at java.base/java.util.concurrent.FutureTask.get(FutureTask.java:191)
datanode_1  | 	at org.apache.ratis.server.impl.LeaderElection.waitForResults(LeaderElection.java:259)
datanode_1  | 	at org.apache.ratis.server.impl.LeaderElection.askForVotes(LeaderElection.java:197)
datanode_3  | 2019-11-05 22:19:56,572 INFO impl.RoleInfo: 6eb21638-56fd-405e-8b78-0bed6addb9ae: start LeaderElection
datanode_3  | 2019-11-05 22:19:56,647 INFO impl.LeaderElection: 6eb21638-56fd-405e-8b78-0bed6addb9ae@group-23D6EAD850D9-LeaderElection6: begin an election at term 1 for -1: [6eb21638-56fd-405e-8b78-0bed6addb9ae:172.18.0.5:9858], old=null
datanode_3  | 2019-11-05 22:19:56,647 INFO impl.RoleInfo: 6eb21638-56fd-405e-8b78-0bed6addb9ae: shutdown LeaderElection
datanode_3  | 2019-11-05 22:19:56,647 INFO impl.RaftServerImpl: 6eb21638-56fd-405e-8b78-0bed6addb9ae@group-23D6EAD850D9: changes role from CANDIDATE to LEADER at term 1 for changeToLeader
datanode_3  | 2019-11-05 22:19:56,647 INFO impl.RaftServerImpl: 6eb21638-56fd-405e-8b78-0bed6addb9ae@group-23D6EAD850D9: change Leader from null to 6eb21638-56fd-405e-8b78-0bed6addb9ae at term 1 for becomeLeader, leader elected after 5166ms
datanode_3  | 2019-11-05 22:19:56,647 INFO server.RaftServerConfigKeys: raft.server.staging.catchup.gap = 1000 (default)
datanode_1  | 	at org.apache.ratis.server.impl.LeaderElection.run(LeaderElection.java:133)
datanode_1  | 	at java.base/java.lang.Thread.run(Thread.java:834)
datanode_1  | Caused by: org.apache.ratis.thirdparty.io.grpc.StatusRuntimeException: INTERNAL: 739b92b6-b57c-448a-b38b-c3856d34d9cc: group-0A5222EF4F26 not found.
datanode_1  | 	at org.apache.ratis.thirdparty.io.grpc.stub.ClientCalls.toStatusRuntimeException(ClientCalls.java:233)
datanode_1  | 	at org.apache.ratis.thirdparty.io.grpc.stub.ClientCalls.getUnchecked(ClientCalls.java:214)
datanode_1  | 	at org.apache.ratis.thirdparty.io.grpc.stub.ClientCalls.blockingUnaryCall(ClientCalls.java:139)
datanode_3  | 2019-11-05 22:19:56,647 INFO server.RaftServerConfigKeys: raft.server.rpc.sleep.time = 25ms (default)
datanode_3  | 2019-11-05 22:19:56,647 INFO server.RaftServerConfigKeys: raft.server.write.element-limit = 4096 (default)
datanode_3  | 2019-11-05 22:19:56,648 INFO server.RaftServerConfigKeys: raft.server.watch.timeout = 10s (default)
datanode_3  | 2019-11-05 22:19:56,648 INFO server.RaftServerConfigKeys: raft.server.watch.timeout.denomination = 1s (default)
datanode_3  | 2019-11-05 22:19:56,648 INFO server.RaftServerConfigKeys: raft.server.watch.element-limit = 65536 (default)
datanode_1  | 	at org.apache.ratis.proto.grpc.RaftServerProtocolServiceGrpc$RaftServerProtocolServiceBlockingStub.requestVote(RaftServerProtocolServiceGrpc.java:265)
datanode_1  | 	at org.apache.ratis.grpc.server.GrpcServerProtocolClient.requestVote(GrpcServerProtocolClient.java:99)
datanode_1  | 	at org.apache.ratis.grpc.server.GrpcService.requestVote(GrpcService.java:204)
datanode_1  | 	at org.apache.ratis.server.impl.LeaderElection.lambda$submitRequests$1(LeaderElection.java:234)
datanode_3  | 2019-11-05 22:19:56,648 INFO impl.RoleInfo: 6eb21638-56fd-405e-8b78-0bed6addb9ae: start LeaderState
datanode_3  | 2019-11-05 22:19:56,648 INFO segmented.SegmentedRaftLogWorker: 6eb21638-56fd-405e-8b78-0bed6addb9ae@group-23D6EAD850D9-SegmentedRaftLogWorker: Starting segment from index:0
datanode_3  | 2019-11-05 22:19:56,649 INFO impl.RaftServerImpl: 6eb21638-56fd-405e-8b78-0bed6addb9ae@group-23D6EAD850D9: set configuration 0: [6eb21638-56fd-405e-8b78-0bed6addb9ae:172.18.0.5:9858], old=null at 0
datanode_3  | 2019-11-05 22:19:56,847 INFO segmented.SegmentedRaftLogWorker: 6eb21638-56fd-405e-8b78-0bed6addb9ae@group-23D6EAD850D9-SegmentedRaftLogWorker: created new log segment /data/metadata/ratis/68199adb-1a20-4a78-b8d7-23d6ead850d9/current/log_inprogress_0
datanode_1  | 	at java.base/java.util.concurrent.FutureTask.run(FutureTask.java:264)
datanode_1  | 	at java.base/java.util.concurrent.Executors$RunnableAdapter.call(Executors.java:515)
datanode_1  | 	at java.base/java.util.concurrent.FutureTask.run(FutureTask.java:264)
datanode_1  | 	at java.base/java.util.concurrent.ThreadPoolExecutor.runWorker(ThreadPoolExecutor.java:1128)
datanode_1  | 	at java.base/java.util.concurrent.ThreadPoolExecutor$Worker.run(ThreadPoolExecutor.java:628)
datanode_1  | 	... 1 more
datanode_1  | 2019-11-05 22:19:09,372 INFO impl.LeaderElection:   Exception 1: {}
datanode_1  | java.util.concurrent.ExecutionException: org.apache.ratis.thirdparty.io.grpc.StatusRuntimeException: INTERNAL: 6eb21638-56fd-405e-8b78-0bed6addb9ae: group-A64AC08FE061 not found.
datanode_1  | 	at java.base/java.util.concurrent.FutureTask.report(FutureTask.java:122)
datanode_1  | 	at java.base/java.util.concurrent.FutureTask.get(FutureTask.java:191)
datanode_1  | 	at org.apache.ratis.server.impl.LeaderElection.waitForResults(LeaderElection.java:259)
datanode_1  | 	at org.apache.ratis.server.impl.LeaderElection.askForVotes(LeaderElection.java:197)
datanode_1  | 	at org.apache.ratis.server.impl.LeaderElection.run(LeaderElection.java:133)
datanode_1  | 	at java.base/java.lang.Thread.run(Thread.java:834)
datanode_1  | Caused by: org.apache.ratis.thirdparty.io.grpc.StatusRuntimeException: INTERNAL: 6eb21638-56fd-405e-8b78-0bed6addb9ae: group-A64AC08FE061 not found.
datanode_1  | 	at org.apache.ratis.thirdparty.io.grpc.stub.ClientCalls.toStatusRuntimeException(ClientCalls.java:233)
datanode_1  | 	at org.apache.ratis.thirdparty.io.grpc.stub.ClientCalls.getUnchecked(ClientCalls.java:214)
datanode_1  | 	at org.apache.ratis.thirdparty.io.grpc.stub.ClientCalls.blockingUnaryCall(ClientCalls.java:139)
datanode_1  | 	at org.apache.ratis.proto.grpc.RaftServerProtocolServiceGrpc$RaftServerProtocolServiceBlockingStub.requestVote(RaftServerProtocolServiceGrpc.java:265)
datanode_1  | 	at org.apache.ratis.grpc.server.GrpcServerProtocolClient.requestVote(GrpcServerProtocolClient.java:99)
datanode_1  | 	at org.apache.ratis.grpc.server.GrpcService.requestVote(GrpcService.java:204)
datanode_1  | 	at org.apache.ratis.server.impl.LeaderElection.lambda$submitRequests$1(LeaderElection.java:234)
datanode_1  | 	at java.base/java.util.concurrent.FutureTask.run(FutureTask.java:264)
datanode_1  | 	at java.base/java.util.concurrent.Executors$RunnableAdapter.call(Executors.java:515)
datanode_1  | 	at java.base/java.util.concurrent.FutureTask.run(FutureTask.java:264)
datanode_1  | 	at java.base/java.util.concurrent.ThreadPoolExecutor.runWorker(ThreadPoolExecutor.java:1128)
datanode_1  | 	at java.base/java.util.concurrent.ThreadPoolExecutor$Worker.run(ThreadPoolExecutor.java:628)
datanode_1  | 	... 1 more
datanode_1  | 2019-11-05 22:19:09,382 INFO impl.LeaderElection: aa48423e-b89a-4439-8843-e961caf56d90@group-0A5222EF4F26-LeaderElection5: Election REJECTED; received 0 response(s) [] and 2 exception(s); aa48423e-b89a-4439-8843-e961caf56d90@group-0A5222EF4F26:t2, leader=null, voted=aa48423e-b89a-4439-8843-e961caf56d90, raftlog=aa48423e-b89a-4439-8843-e961caf56d90@group-0A5222EF4F26-SegmentedRaftLog:OPENED:c0,f0,i0, conf=0: [6eb21638-56fd-405e-8b78-0bed6addb9ae:172.18.0.5:9858, aa48423e-b89a-4439-8843-e961caf56d90:172.18.0.6:9858, 739b92b6-b57c-448a-b38b-c3856d34d9cc:172.18.0.4:9858], old=null
datanode_1  | 2019-11-05 22:19:09,384 INFO impl.LeaderElection:   Exception 0: {}
datanode_1  | java.util.concurrent.ExecutionException: org.apache.ratis.thirdparty.io.grpc.StatusRuntimeException: INTERNAL: 6eb21638-56fd-405e-8b78-0bed6addb9ae: group-0A5222EF4F26 not found.
datanode_1  | 	at java.base/java.util.concurrent.FutureTask.report(FutureTask.java:122)
datanode_1  | 	at java.base/java.util.concurrent.FutureTask.get(FutureTask.java:191)
datanode_1  | 	at org.apache.ratis.server.impl.LeaderElection.waitForResults(LeaderElection.java:259)
datanode_1  | 	at org.apache.ratis.server.impl.LeaderElection.askForVotes(LeaderElection.java:197)
datanode_1  | 	at org.apache.ratis.server.impl.LeaderElection.run(LeaderElection.java:133)
datanode_1  | 	at java.base/java.lang.Thread.run(Thread.java:834)
datanode_1  | Caused by: org.apache.ratis.thirdparty.io.grpc.StatusRuntimeException: INTERNAL: 6eb21638-56fd-405e-8b78-0bed6addb9ae: group-0A5222EF4F26 not found.
datanode_1  | 	at org.apache.ratis.thirdparty.io.grpc.stub.ClientCalls.toStatusRuntimeException(ClientCalls.java:233)
datanode_1  | 	at org.apache.ratis.thirdparty.io.grpc.stub.ClientCalls.getUnchecked(ClientCalls.java:214)
datanode_1  | 	at org.apache.ratis.thirdparty.io.grpc.stub.ClientCalls.blockingUnaryCall(ClientCalls.java:139)
datanode_1  | 	at org.apache.ratis.proto.grpc.RaftServerProtocolServiceGrpc$RaftServerProtocolServiceBlockingStub.requestVote(RaftServerProtocolServiceGrpc.java:265)
datanode_1  | 	at org.apache.ratis.grpc.server.GrpcServerProtocolClient.requestVote(GrpcServerProtocolClient.java:99)
datanode_1  | 	at org.apache.ratis.grpc.server.GrpcService.requestVote(GrpcService.java:204)
datanode_1  | 	at org.apache.ratis.server.impl.LeaderElection.lambda$submitRequests$1(LeaderElection.java:234)
datanode_1  | 	at java.base/java.util.concurrent.FutureTask.run(FutureTask.java:264)
datanode_1  | 	at java.base/java.util.concurrent.Executors$RunnableAdapter.call(Executors.java:515)
datanode_1  | 	at java.base/java.util.concurrent.FutureTask.run(FutureTask.java:264)
datanode_1  | 	at java.base/java.util.concurrent.ThreadPoolExecutor.runWorker(ThreadPoolExecutor.java:1128)
datanode_1  | 	at java.base/java.util.concurrent.ThreadPoolExecutor$Worker.run(ThreadPoolExecutor.java:628)
datanode_1  | 	... 1 more
datanode_1  | 2019-11-05 22:19:09,384 INFO impl.LeaderElection:   Exception 1: {}
datanode_1  | java.util.concurrent.ExecutionException: org.apache.ratis.thirdparty.io.grpc.StatusRuntimeException: INTERNAL: 739b92b6-b57c-448a-b38b-c3856d34d9cc: group-0A5222EF4F26 not found.
datanode_1  | 	at java.base/java.util.concurrent.FutureTask.report(FutureTask.java:122)
datanode_1  | 	at java.base/java.util.concurrent.FutureTask.get(FutureTask.java:191)
