Attaching to ozonesecure-mr_s3g_1, ozonesecure-mr_datanode_3, ozonesecure-mr_nm_1, ozonesecure-mr_datanode_2, ozonesecure-mr_scm_1, ozonesecure-mr_kdc_1, ozonesecure-mr_om_1, ozonesecure-mr_rm_1, ozonesecure-mr_datanode_1, jhs, ozonesecure-mr_kms_1
s3g_1       | Sleeping for 5 seconds
s3g_1       | Setting up kerberos!!
s3g_1       | KDC ISSUER_SERVER => kdc:8081
s3g_1       | Sleeping for 5 seconds
s3g_1       | Got 200, KDC service ready!!
s3g_1       | Download dn/s3g@EXAMPLE.COM keytab file to /etc/security/keytabs/dn.keytab
s3g_1       | --2019-11-15 21:45:10--  http://kdc:8081/keytab/s3g/dn
s3g_1       | Resolving kdc (kdc)... 172.19.0.8
s3g_1       | Connecting to kdc (kdc)|172.19.0.8|:8081... connected.
s3g_1       | HTTP request sent, awaiting response... 200 OK
s3g_1       | Length: 140 [application/octet-stream]
s3g_1       | Saving to: '/etc/security/keytabs/dn.keytab'
s3g_1       | 
s3g_1       |      0K                                                       100% 19.6M=0s
nm_1        | Sleeping for 5 seconds
s3g_1       | 
datanode_2  | Sleeping for 5 seconds
kdc_1       | Issuer is listening on : 8081krb5kdc: starting...
nm_1        | Setting up kerberos!!
s3g_1       | 2019-11-15 21:45:12 (19.6 MB/s) - '/etc/security/keytabs/dn.keytab' saved [140/140]
scm_1       | Sleeping for 5 seconds
datanode_2  | Setting up kerberos!!
kdc_1       | kadmind: starting...
nm_1        | KDC ISSUER_SERVER => kdc:8081
s3g_1       | 
datanode_3  | Sleeping for 5 seconds
scm_1       | Setting up kerberos!!
jhs         | Sleeping for 5 seconds
datanode_2  | KDC ISSUER_SERVER => kdc:8081
kdc_1       | Nov 15 21:44:22 a49a1cb7fa7b kadmin.local[1](info): No dictionary file specified, continuing without one.
om_1        | Sleeping for 5 seconds
nm_1        | Sleeping for  seconds
s3g_1       | Keytab name: FILE:/etc/security/keytabs/dn.keytab
datanode_3  | Setting up kerberos!!
jhs         | Setting up kerberos!!
scm_1       | KDC ISSUER_SERVER => kdc:8081
kms_1       | Sleeping for 5 seconds
datanode_2  | Sleeping for 5 seconds
datanode_1  | Sleeping for 5 seconds
kdc_1       | Nov 15 21:44:24 fbd9e54c5b4d kadmin.local[1](info): No dictionary file specified, continuing without one.
rm_1        | Sleeping for 5 seconds
om_1        | Setting up kerberos!!
nm_1        | /opt/starter.sh: line 66: SLEEP_SECONDS: command not found
s3g_1       | KVNO Timestamp         Principal
datanode_3  | KDC ISSUER_SERVER => kdc:8081
jhs         | KDC ISSUER_SERVER => kdc:8081
scm_1       | Sleeping for 5 seconds
kms_1       | Setting up kerberos!!
datanode_2  | Got 200, KDC service ready!!
datanode_1  | Setting up kerberos!!
kdc_1       | Nov 15 21:44:41 kdc kadmind[15](info): No dictionary file specified, continuing without one.
rm_1        | Setting up kerberos!!
om_1        | KDC ISSUER_SERVER => kdc:8081
nm_1        | Got 200, KDC service ready!!
s3g_1       | ---- ----------------- --------------------------------------------------------
datanode_3  | Sleeping for 5 seconds
jhs         | /opt/starter.sh: line 66: SLEEP_SECONDS: command not found
scm_1       | Got 200, KDC service ready!!
kms_1       | KDC ISSUER_SERVER => kdc:8081
datanode_2  | Download dn/f9b68042cc5d@EXAMPLE.COM keytab file to /etc/security/keytabs/dn.keytab
datanode_1  | KDC ISSUER_SERVER => kdc:8081
kdc_1       | Nov 15 21:44:41 kdc kadmind[15](info): setting up network...
rm_1        | KDC ISSUER_SERVER => kdc:8081
om_1        | Sleeping for 5 seconds
nm_1        | Download dn/nm@EXAMPLE.COM keytab file to /etc/security/keytabs/dn.keytab
s3g_1       |    2 11/15/19 21:45:12 dn/s3g@EXAMPLE.COM
datanode_3  | Got 200, KDC service ready!!
jhs         | Sleeping for  seconds
scm_1       | Download dn/scm@EXAMPLE.COM keytab file to /etc/security/keytabs/dn.keytab
datanode_2  | --2019-11-15 21:45:10--  http://kdc:8081/keytab/f9b68042cc5d/dn
kms_1       | /opt/starter.sh: line 66: SLEEP_SECONDS: command not found
datanode_1  | Sleeping for 5 seconds
kdc_1       | kadmind: setsockopt(9,IPV6_V6ONLY,1) worked
rm_1        | /opt/starter.sh: line 66: SLEEP_SECONDS: command not found
om_1        | Got 200, KDC service ready!!
nm_1        | --2019-11-15 21:45:10--  http://kdc:8081/keytab/nm/dn
s3g_1       |    2 11/15/19 21:45:12 dn/s3g@EXAMPLE.COM
datanode_3  | Download dn/d7078c9fa405@EXAMPLE.COM keytab file to /etc/security/keytabs/dn.keytab
jhs         | Got 200, KDC service ready!!
scm_1       | --2019-11-15 21:45:10--  http://kdc:8081/keytab/scm/dn
datanode_2  | Resolving kdc (kdc)... 172.19.0.8
kms_1       | Sleeping for  seconds
datanode_1  | Got 200, KDC service ready!!
kdc_1       | kadmind: setsockopt(11,IPV6_V6ONLY,1) worked
rm_1        | Sleeping for  seconds
om_1        | Download dn/om@EXAMPLE.COM keytab file to /etc/security/keytabs/dn.keytab
s3g_1       | Download om/s3g@EXAMPLE.COM keytab file to /etc/security/keytabs/om.keytab
nm_1        | Resolving kdc (kdc)... 172.19.0.8
datanode_3  | --2019-11-15 21:45:10--  http://kdc:8081/keytab/d7078c9fa405/dn
jhs         | Download dn/jhs@EXAMPLE.COM keytab file to /etc/security/keytabs/dn.keytab
scm_1       | Resolving kdc (kdc)... 172.19.0.8
datanode_2  | Connecting to kdc (kdc)|172.19.0.8|:8081... connected.
kms_1       | Got 200, KDC service ready!!
datanode_1  | Download dn/9abb0b9923b2@EXAMPLE.COM keytab file to /etc/security/keytabs/dn.keytab
kdc_1       | kadmind: setsockopt(13,IPV6_V6ONLY,1) worked
rm_1        | Got 200, KDC service ready!!
om_1        | --2019-11-15 21:45:09--  http://kdc:8081/keytab/om/dn
s3g_1       | --2019-11-15 21:45:12--  http://kdc:8081/keytab/s3g/om
nm_1        | Connecting to kdc (kdc)|172.19.0.8|:8081... connected.
jhs         | --2019-11-15 21:45:10--  http://kdc:8081/keytab/jhs/dn
datanode_3  | Resolving kdc (kdc)... 172.19.0.8
scm_1       | Connecting to kdc (kdc)|172.19.0.8|:8081... connected.
datanode_2  | HTTP request sent, awaiting response... 200 OK
kms_1       | Download dn/77dd3b65f0da@EXAMPLE.COM keytab file to /etc/security/keytabs/dn.keytab
kdc_1       | Nov 15 21:44:41 kdc kadmind[15](info): set up 6 sockets
rm_1        | Download dn/rm@EXAMPLE.COM keytab file to /etc/security/keytabs/dn.keytab
datanode_1  | --2019-11-15 21:45:09--  http://kdc:8081/keytab/9abb0b9923b2/dn
om_1        | Resolving kdc (kdc)... 172.19.0.8
s3g_1       | Resolving kdc (kdc)... 172.19.0.8
nm_1        | HTTP request sent, awaiting response... 200 OK
jhs         | Resolving kdc (kdc)... 172.19.0.8
datanode_3  | Connecting to kdc (kdc)|172.19.0.8|:8081... connected.
datanode_3  | HTTP request sent, awaiting response... 200 OK
scm_1       | HTTP request sent, awaiting response... 200 OK
kms_1       | --2019-11-15 21:45:09--  http://kdc:8081/keytab/77dd3b65f0da/dn
kdc_1       | Nov 15 21:44:41 kdc kadmind[15](info): Seeding random number generator
rm_1        | --2019-11-15 21:45:09--  http://kdc:8081/keytab/rm/dn
datanode_1  | Resolving kdc (kdc)... 172.19.0.8
om_1        | Connecting to kdc (kdc)|172.19.0.8|:8081... connected.
jhs         | Connecting to kdc (kdc)|172.19.0.8|:8081... connected.
nm_1        | Length: 138 [application/octet-stream]
datanode_3  | Length: 158 [application/octet-stream]
datanode_2  | Length: 158 [application/octet-stream]
scm_1       | Length: 140 [application/octet-stream]
kms_1       | Resolving kdc (kdc)... 172.19.0.8
s3g_1       | Connecting to kdc (kdc)|172.19.0.8|:8081... connected.
kdc_1       | Nov 15 21:44:41 kdc kadmind[15](info): starting
rm_1        | Resolving kdc (kdc)... 172.19.0.8
datanode_1  | Connecting to kdc (kdc)|172.19.0.8|:8081... connected.
jhs         | HTTP request sent, awaiting response... 200 OK
om_1        | HTTP request sent, awaiting response... 200 OK
nm_1        | Saving to: '/etc/security/keytabs/dn.keytab'
datanode_3  | Saving to: '/etc/security/keytabs/dn.keytab'
datanode_2  | Saving to: '/etc/security/keytabs/dn.keytab'
scm_1       | Saving to: '/etc/security/keytabs/dn.keytab'
kms_1       | Connecting to kdc (kdc)|172.19.0.8|:8081... connected.
kdc_1       | otp: Loaded
s3g_1       | HTTP request sent, awaiting response... 200 OK
rm_1        | Connecting to kdc (kdc)|172.19.0.8|:8081... connected.
datanode_1  | HTTP request sent, awaiting response... 200 OK
jhs         | Length: 140 [application/octet-stream]
om_1        | Length: 138 [application/octet-stream]
nm_1        | 
datanode_3  | 
datanode_2  | 
scm_1       | 
kms_1       | HTTP request sent, awaiting response... 200 OK
kdc_1       | Nov 15 21:44:37 kdc krb5kdc[9](info): setting up network...
s3g_1       | Length: 140 [application/octet-stream]
rm_1        | HTTP request sent, awaiting response... 200 OK
jhs         | Saving to: '/etc/security/keytabs/dn.keytab'
datanode_1  | Length: 158 [application/octet-stream]
nm_1        |      0K                                                       100% 10.1M=0s
datanode_3  |      0K                                                       100% 12.1M=0s
om_1        | Saving to: '/etc/security/keytabs/dn.keytab'
datanode_2  |      0K                                                       100% 11.4M=0s
scm_1       |      0K                                                       100% 12.9M=0s
kms_1       | Length: 158 [application/octet-stream]
kdc_1       | krb5kdc: setsockopt(9,IPV6_V6ONLY,1) worked
s3g_1       | Saving to: '/etc/security/keytabs/om.keytab'
rm_1        | Length: 138 [application/octet-stream]
jhs         | 
datanode_1  | Saving to: '/etc/security/keytabs/dn.keytab'
nm_1        | 
datanode_3  | 
om_1        | 
datanode_2  | 
scm_1       | 
kms_1       | Saving to: '/etc/security/keytabs/dn.keytab'
kdc_1       | krb5kdc: setsockopt(11,IPV6_V6ONLY,1) worked
s3g_1       | 
rm_1        | Saving to: '/etc/security/keytabs/dn.keytab'
jhs         |      0K                                                       100% 11.5M=0s
datanode_1  | 
nm_1        | 2019-11-15 21:45:12 (10.1 MB/s) - '/etc/security/keytabs/dn.keytab' saved [138/138]
datanode_3  | 2019-11-15 21:45:11 (12.1 MB/s) - '/etc/security/keytabs/dn.keytab' saved [158/158]
om_1        |      0K                                                       100% 14.1M=0s
datanode_2  | 2019-11-15 21:45:12 (11.4 MB/s) - '/etc/security/keytabs/dn.keytab' saved [158/158]
scm_1       | 2019-11-15 21:45:11 (12.9 MB/s) - '/etc/security/keytabs/dn.keytab' saved [140/140]
kms_1       | 
kdc_1       | Nov 15 21:44:37 kdc krb5kdc[9](info): set up 4 sockets
s3g_1       |      0K                                                       100% 20.1M=0s
rm_1        | 
jhs         | 
datanode_1  |      0K                                                       100% 17.2M=0s
nm_1        | 
datanode_3  | 
om_1        | 
datanode_2  | 
scm_1       | 
kms_1       |      0K                                                       100% 9.11M=0s
kdc_1       | Nov 15 21:44:37 kdc krb5kdc[9](info): commencing operation
s3g_1       | 
rm_1        |      0K                                                       100% 11.3M=0s
jhs         | 2019-11-15 21:45:11 (11.5 MB/s) - '/etc/security/keytabs/dn.keytab' saved [140/140]
datanode_1  | 
datanode_3  | Keytab name: FILE:/etc/security/keytabs/dn.keytab
om_1        | 2019-11-15 21:45:11 (14.1 MB/s) - '/etc/security/keytabs/dn.keytab' saved [138/138]
nm_1        | Keytab name: FILE:/etc/security/keytabs/dn.keytab
datanode_2  | Keytab name: FILE:/etc/security/keytabs/dn.keytab
scm_1       | Keytab name: FILE:/etc/security/keytabs/dn.keytab
kms_1       | 
kdc_1       | Generiting keytab
rm_1        | 
s3g_1       | 2019-11-15 21:45:13 (20.1 MB/s) - '/etc/security/keytabs/om.keytab' saved [140/140]
jhs         | 
datanode_1  | 2019-11-15 21:45:11 (17.2 MB/s) - '/etc/security/keytabs/dn.keytab' saved [158/158]
datanode_3  | KVNO Timestamp         Principal
om_1        | 
nm_1        | KVNO Timestamp         Principal
datanode_2  | KVNO Timestamp         Principal
scm_1       | KVNO Timestamp         Principal
kms_1       | 2019-11-15 21:45:10 (9.11 MB/s) - '/etc/security/keytabs/dn.keytab' saved [158/158]
kdc_1       | Authenticating as principal admin/admin with keytab /tmp/admin.keytab.
rm_1        | 2019-11-15 21:45:11 (11.3 MB/s) - '/etc/security/keytabs/dn.keytab' saved [138/138]
s3g_1       | 
jhs         | Keytab name: FILE:/etc/security/keytabs/dn.keytab
datanode_1  | 
datanode_3  | ---- ----------------- --------------------------------------------------------
om_1        | Keytab name: FILE:/etc/security/keytabs/dn.keytab
nm_1        | ---- ----------------- --------------------------------------------------------
scm_1       | ---- ----------------- --------------------------------------------------------
kms_1       | 
kdc_1       | Nov 15 21:44:45 kdc krb5kdc[9](info): AS_REQ (8 etypes {18 17 20 19 16 23 25 26}) 127.0.0.1: SERVER_NOT_FOUND: admin/admin@EXAMPLE.COM for kadmin/localhost@EXAMPLE.COM, Server not found in Kerberos database
rm_1        | 
datanode_2  | ---- ----------------- --------------------------------------------------------
s3g_1       | Keytab name: FILE:/etc/security/keytabs/om.keytab
jhs         | KVNO Timestamp         Principal
datanode_1  | Keytab name: FILE:/etc/security/keytabs/dn.keytab
datanode_3  |    2 11/15/19 21:45:11 dn/d7078c9fa405@EXAMPLE.COM
om_1        | KVNO Timestamp         Principal
nm_1        |    2 11/15/19 21:45:12 dn/nm@EXAMPLE.COM
scm_1       |    2 11/15/19 21:45:11 dn/scm@EXAMPLE.COM
kms_1       | Keytab name: FILE:/etc/security/keytabs/dn.keytab
kdc_1       | Nov 15 21:44:49 kdc krb5kdc[9](info): DISPATCH: repeated (retransmitted?) request from 127.0.0.1, resending previous response
rm_1        | Keytab name: FILE:/etc/security/keytabs/dn.keytab
datanode_2  |    2 11/15/19 21:45:12 dn/f9b68042cc5d@EXAMPLE.COM
s3g_1       | KVNO Timestamp         Principal
jhs         | ---- ----------------- --------------------------------------------------------
datanode_1  | KVNO Timestamp         Principal
datanode_3  |    2 11/15/19 21:45:11 dn/d7078c9fa405@EXAMPLE.COM
om_1        | ---- ----------------- --------------------------------------------------------
nm_1        |    2 11/15/19 21:45:12 dn/nm@EXAMPLE.COM
kms_1       | KVNO Timestamp         Principal
scm_1       |    2 11/15/19 21:45:11 dn/scm@EXAMPLE.COM
kdc_1       | Nov 15 21:44:49 kdc krb5kdc[9](info): closing down fd 12
datanode_2  |    2 11/15/19 21:45:12 dn/f9b68042cc5d@EXAMPLE.COM
jhs         |    2 11/15/19 21:45:11 dn/jhs@EXAMPLE.COM
rm_1        | KVNO Timestamp         Principal
datanode_1  | ---- ----------------- --------------------------------------------------------
datanode_3  | Download om/d7078c9fa405@EXAMPLE.COM keytab file to /etc/security/keytabs/om.keytab
om_1        |    2 11/15/19 21:45:11 dn/om@EXAMPLE.COM
nm_1        | Download om/nm@EXAMPLE.COM keytab file to /etc/security/keytabs/om.keytab
kms_1       | ---- ----------------- --------------------------------------------------------
s3g_1       | ---- ----------------- --------------------------------------------------------
datanode_2  | Download om/f9b68042cc5d@EXAMPLE.COM keytab file to /etc/security/keytabs/om.keytab
kdc_1       | Nov 15 21:44:49 kdc krb5kdc[9](info): AS_REQ (8 etypes {18 17 20 19 16 23 25 26}) 127.0.0.1: ISSUE: authtime 1573854289, etypes {rep=18 tkt=18 ses=18}, admin/admin@EXAMPLE.COM for kadmin/admin@EXAMPLE.COM
jhs         |    2 11/15/19 21:45:11 dn/jhs@EXAMPLE.COM
scm_1       | Download om/scm@EXAMPLE.COM keytab file to /etc/security/keytabs/om.keytab
rm_1        | ---- ----------------- --------------------------------------------------------
datanode_1  |    2 11/15/19 21:45:11 dn/9abb0b9923b2@EXAMPLE.COM
datanode_3  | --2019-11-15 21:45:11--  http://kdc:8081/keytab/d7078c9fa405/om
om_1        |    2 11/15/19 21:45:11 dn/om@EXAMPLE.COM
nm_1        | --2019-11-15 21:45:12--  http://kdc:8081/keytab/nm/om
kms_1       |    2 11/15/19 21:45:10 dn/77dd3b65f0da@EXAMPLE.COM
s3g_1       |    2 11/15/19 21:45:13 om/s3g@EXAMPLE.COM
datanode_2  | --2019-11-15 21:45:12--  http://kdc:8081/keytab/f9b68042cc5d/om
kdc_1       | WARNING: no policy specified for test/test@EXAMPLE.COM; defaulting to no policy
jhs         | Download om/jhs@EXAMPLE.COM keytab file to /etc/security/keytabs/om.keytab
rm_1        |    2 11/15/19 21:45:11 dn/rm@EXAMPLE.COM
datanode_1  |    2 11/15/19 21:45:11 dn/9abb0b9923b2@EXAMPLE.COM
datanode_3  | Resolving kdc (kdc)... 172.19.0.8
om_1        | Download om/om@EXAMPLE.COM keytab file to /etc/security/keytabs/om.keytab
kms_1       |    2 11/15/19 21:45:10 dn/77dd3b65f0da@EXAMPLE.COM
nm_1        | Resolving kdc (kdc)... 172.19.0.8
scm_1       | --2019-11-15 21:45:11--  http://kdc:8081/keytab/scm/om
s3g_1       |    2 11/15/19 21:45:13 om/s3g@EXAMPLE.COM
datanode_2  | Resolving kdc (kdc)... 172.19.0.8
kdc_1       | Nov 15 21:44:51 kdc kadmind[15](Notice): Request: kadm5_init, admin/admin@EXAMPLE.COM, success, client=admin/admin@EXAMPLE.COM, service=kadmin/admin@EXAMPLE.COM, addr=127.0.0.1, vers=4, flavor=6
jhs         | --2019-11-15 21:45:11--  http://kdc:8081/keytab/jhs/om
rm_1        |    2 11/15/19 21:45:11 dn/rm@EXAMPLE.COM
datanode_1  | Download om/9abb0b9923b2@EXAMPLE.COM keytab file to /etc/security/keytabs/om.keytab
datanode_3  | Connecting to kdc (kdc)|172.19.0.8|:8081... connected.
kms_1       | Download om/77dd3b65f0da@EXAMPLE.COM keytab file to /etc/security/keytabs/om.keytab
nm_1        | Connecting to kdc (kdc)|172.19.0.8|:8081... connected.
om_1        | --2019-11-15 21:45:11--  http://kdc:8081/keytab/om/om
scm_1       | Resolving kdc (kdc)... 172.19.0.8
datanode_2  | Connecting to kdc (kdc)|172.19.0.8|:8081... connected.
jhs         | Resolving kdc (kdc)... 172.19.0.8
s3g_1       | Download scm/s3g@EXAMPLE.COM keytab file to /etc/security/keytabs/scm.keytab
rm_1        | Download om/rm@EXAMPLE.COM keytab file to /etc/security/keytabs/om.keytab
datanode_1  | --2019-11-15 21:45:11--  http://kdc:8081/keytab/9abb0b9923b2/om
kdc_1       | Nov 15 21:44:53 kdc kadmind[15](Notice): Request: kadm5_get_policy, default, Policy does not exist, client=admin/admin@EXAMPLE.COM, service=kadmin/admin@EXAMPLE.COM, addr=127.0.0.1
datanode_3  | HTTP request sent, awaiting response... 200 OK
kms_1       | --2019-11-15 21:45:11--  http://kdc:8081/keytab/77dd3b65f0da/om
nm_1        | HTTP request sent, awaiting response... 200 OK
om_1        | Resolving kdc (kdc)... 172.19.0.8
scm_1       | Connecting to kdc (kdc)|172.19.0.8|:8081... connected.
datanode_2  | HTTP request sent, awaiting response... 200 OK
jhs         | Connecting to kdc (kdc)|172.19.0.8|:8081... connected.
s3g_1       | --2019-11-15 21:45:13--  http://kdc:8081/keytab/s3g/scm
rm_1        | --2019-11-15 21:45:11--  http://kdc:8081/keytab/rm/om
datanode_1  | Resolving kdc (kdc)... 172.19.0.8
kdc_1       | Principal "test/test@EXAMPLE.COM" created.
kms_1       | Resolving kdc (kdc)... 172.19.0.8
datanode_3  | Length: 158 [application/octet-stream]
nm_1        | Length: 138 [application/octet-stream]
om_1        | Connecting to kdc (kdc)|172.19.0.8|:8081... connected.
scm_1       | HTTP request sent, awaiting response... 200 OK
datanode_2  | Length: 158 [application/octet-stream]
jhs         | HTTP request sent, awaiting response... 200 OK
s3g_1       | Resolving kdc (kdc)... 172.19.0.8
rm_1        | Resolving kdc (kdc)... 172.19.0.8
datanode_1  | Connecting to kdc (kdc)|172.19.0.8|:8081... connected.
kdc_1       | Authenticating as principal admin/admin with keytab /tmp/admin.keytab.
kms_1       | Connecting to kdc (kdc)|172.19.0.8|:8081... connected.
datanode_3  | Saving to: '/etc/security/keytabs/om.keytab'
nm_1        | Saving to: '/etc/security/keytabs/om.keytab'
om_1        | HTTP request sent, awaiting response... 200 OK
scm_1       | Length: 140 [application/octet-stream]
datanode_2  | Saving to: '/etc/security/keytabs/om.keytab'
jhs         | Length: 140 [application/octet-stream]
s3g_1       | Connecting to kdc (kdc)|172.19.0.8|:8081... connected.
rm_1        | Connecting to kdc (kdc)|172.19.0.8|:8081... connected.
datanode_1  | HTTP request sent, awaiting response... 200 OK
kdc_1       | Nov 15 21:44:58 kdc kadmind[15](Notice): Request: kadm5_create_principal, test/test@EXAMPLE.COM, success, client=admin/admin@EXAMPLE.COM, service=kadmin/admin@EXAMPLE.COM, addr=127.0.0.1
kms_1       | HTTP request sent, awaiting response... 200 OK
datanode_3  | 
nm_1        | 
om_1        | Length: 138 [application/octet-stream]
scm_1       | Saving to: '/etc/security/keytabs/om.keytab'
datanode_2  | 
jhs         | Saving to: '/etc/security/keytabs/om.keytab'
s3g_1       | HTTP request sent, awaiting response... 200 OK
rm_1        | HTTP request sent, awaiting response... 200 OK
datanode_1  | Length: 158 [application/octet-stream]
kdc_1       | Nov 15 21:44:58 kdc kadmind[15](info): closing down fd 18
kms_1       | Length: 158 [application/octet-stream]
datanode_3  |      0K                                                       100% 21.7M=0s
nm_1        |      0K                                                       100% 9.26M=0s
scm_1       | 
datanode_2  |      0K                                                       100% 14.7M=0s
om_1        | Saving to: '/etc/security/keytabs/om.keytab'
jhs         | 
s3g_1       | Length: 142 [application/octet-stream]
rm_1        | Length: 138 [application/octet-stream]
datanode_1  | Saving to: '/etc/security/keytabs/om.keytab'
kdc_1       | Nov 15 21:44:58 kdc krb5kdc[9](info): AS_REQ (8 etypes {18 17 20 19 16 23 25 26}) 127.0.0.1: SERVER_NOT_FOUND: admin/admin@EXAMPLE.COM for kadmin/localhost@EXAMPLE.COM, Server not found in Kerberos database
kms_1       | Saving to: '/etc/security/keytabs/om.keytab'
datanode_3  | 
nm_1        | 
scm_1       |      0K                                                       100% 19.1M=0s
datanode_2  | 
om_1        | 
jhs         |      0K                                                       100% 14.7M=0s
s3g_1       | Saving to: '/etc/security/keytabs/scm.keytab'
rm_1        | Saving to: '/etc/security/keytabs/om.keytab'
datanode_1  | 
kdc_1       | Nov 15 21:44:58 kdc krb5kdc[9](info): AS_REQ (8 etypes {18 17 20 19 16 23 25 26}) 127.0.0.1: ISSUE: authtime 1573854298, etypes {rep=18 tkt=18 ses=18}, admin/admin@EXAMPLE.COM for kadmin/admin@EXAMPLE.COM
kms_1       | 
datanode_3  | 2019-11-15 21:45:13 (21.7 MB/s) - '/etc/security/keytabs/om.keytab' saved [158/158]
nm_1        | 2019-11-15 21:45:13 (9.26 MB/s) - '/etc/security/keytabs/om.keytab' saved [138/138]
scm_1       | 
datanode_2  | 2019-11-15 21:45:13 (14.7 MB/s) - '/etc/security/keytabs/om.keytab' saved [158/158]
om_1        |      0K                                                       100% 10.6M=0s
jhs         | 
rm_1        | 
s3g_1       | 
datanode_1  |      0K                                                       100% 13.5M=0s
kdc_1       | Nov 15 21:45:03 kdc kadmind[15](Notice): Request: kadm5_init, admin/admin@EXAMPLE.COM, success, client=admin/admin@EXAMPLE.COM, service=kadmin/admin@EXAMPLE.COM, addr=127.0.0.1, vers=4, flavor=6
kms_1       |      0K                                                       100% 14.3M=0s
datanode_3  | 
nm_1        | 
scm_1       | 2019-11-15 21:45:13 (19.1 MB/s) - '/etc/security/keytabs/om.keytab' saved [140/140]
datanode_2  | 
om_1        | 
jhs         | 2019-11-15 21:45:13 (14.7 MB/s) - '/etc/security/keytabs/om.keytab' saved [140/140]
rm_1        |      0K                                                       100% 19.9M=0s
s3g_1       |      0K                                                       100% 15.7M=0s
datanode_1  | 
kdc_1       | Nov 15 21:45:08 kdc kadmind[15](Notice): Request: kadm5_randkey_principal, test/test@EXAMPLE.COM, success, client=admin/admin@EXAMPLE.COM, service=kadmin/admin@EXAMPLE.COM, addr=127.0.0.1
kms_1       | 
datanode_3  | Keytab name: FILE:/etc/security/keytabs/om.keytab
nm_1        | Keytab name: FILE:/etc/security/keytabs/om.keytab
scm_1       | 
datanode_2  | Keytab name: FILE:/etc/security/keytabs/om.keytab
om_1        | 2019-11-15 21:45:12 (10.6 MB/s) - '/etc/security/keytabs/om.keytab' saved [138/138]
jhs         | 
rm_1        | 
s3g_1       | 
datanode_1  | 2019-11-15 21:45:12 (13.5 MB/s) - '/etc/security/keytabs/om.keytab' saved [158/158]
kdc_1       | Nov 15 21:45:08 kdc kadmind[15](Notice): Request: kadm5_get_principal, test/test@EXAMPLE.COM, success, client=admin/admin@EXAMPLE.COM, service=kadmin/admin@EXAMPLE.COM, addr=127.0.0.1
kms_1       | 2019-11-15 21:45:12 (14.3 MB/s) - '/etc/security/keytabs/om.keytab' saved [158/158]
datanode_3  | KVNO Timestamp         Principal
nm_1        | KVNO Timestamp         Principal
scm_1       | Keytab name: FILE:/etc/security/keytabs/om.keytab
datanode_2  | KVNO Timestamp         Principal
om_1        | 
jhs         | Keytab name: FILE:/etc/security/keytabs/om.keytab
rm_1        | 2019-11-15 21:45:13 (19.9 MB/s) - '/etc/security/keytabs/om.keytab' saved [138/138]
s3g_1       | 2019-11-15 21:45:15 (15.7 MB/s) - '/etc/security/keytabs/scm.keytab' saved [142/142]
datanode_1  | 
kdc_1       | Entry for principal test/test@EXAMPLE.COM with kvno 2, encryption type aes256-cts-hmac-sha1-96 added to keytab WRFILE:/data/test.test.keytab.
kms_1       | 
datanode_3  | ---- ----------------- --------------------------------------------------------
nm_1        | ---- ----------------- --------------------------------------------------------
scm_1       | KVNO Timestamp         Principal
datanode_2  | ---- ----------------- --------------------------------------------------------
om_1        | Keytab name: FILE:/etc/security/keytabs/om.keytab
jhs         | KVNO Timestamp         Principal
rm_1        | 
s3g_1       | 
datanode_1  | Keytab name: FILE:/etc/security/keytabs/om.keytab
kdc_1       | Entry for principal test/test@EXAMPLE.COM with kvno 2, encryption type aes128-cts-hmac-sha1-96 added to keytab WRFILE:/data/test.test.keytab.
kms_1       | Keytab name: FILE:/etc/security/keytabs/om.keytab
datanode_3  |    2 11/15/19 21:45:13 om/d7078c9fa405@EXAMPLE.COM
nm_1        |    2 11/15/19 21:45:13 om/nm@EXAMPLE.COM
scm_1       | ---- ----------------- --------------------------------------------------------
datanode_2  |    2 11/15/19 21:45:13 om/f9b68042cc5d@EXAMPLE.COM
om_1        | KVNO Timestamp         Principal
jhs         | ---- ----------------- --------------------------------------------------------
rm_1        | Keytab name: FILE:/etc/security/keytabs/om.keytab
s3g_1       | Keytab name: FILE:/etc/security/keytabs/scm.keytab
datanode_1  | KVNO Timestamp         Principal
kdc_1       | Generiting keytab
nm_1        |    2 11/15/19 21:45:13 om/nm@EXAMPLE.COM
datanode_3  |    2 11/15/19 21:45:13 om/d7078c9fa405@EXAMPLE.COM
kms_1       | KVNO Timestamp         Principal
scm_1       |    2 11/15/19 21:45:13 om/scm@EXAMPLE.COM
datanode_2  |    2 11/15/19 21:45:13 om/f9b68042cc5d@EXAMPLE.COM
om_1        | ---- ----------------- --------------------------------------------------------
rm_1        | KVNO Timestamp         Principal
jhs         |    2 11/15/19 21:45:13 om/jhs@EXAMPLE.COM
s3g_1       | KVNO Timestamp         Principal
datanode_1  | ---- ----------------- --------------------------------------------------------
kdc_1       | Authenticating as principal admin/admin with keytab /tmp/admin.keytab.
nm_1        | Download scm/nm@EXAMPLE.COM keytab file to /etc/security/keytabs/scm.keytab
datanode_3  | Download scm/d7078c9fa405@EXAMPLE.COM keytab file to /etc/security/keytabs/scm.keytab
kms_1       | ---- ----------------- --------------------------------------------------------
scm_1       |    2 11/15/19 21:45:13 om/scm@EXAMPLE.COM
datanode_2  | Download scm/f9b68042cc5d@EXAMPLE.COM keytab file to /etc/security/keytabs/scm.keytab
om_1        |    2 11/15/19 21:45:12 om/om@EXAMPLE.COM
rm_1        | ---- ----------------- --------------------------------------------------------
jhs         |    2 11/15/19 21:45:13 om/jhs@EXAMPLE.COM
s3g_1       | ---- ----------------- --------------------------------------------------------
datanode_1  |    2 11/15/19 21:45:12 om/9abb0b9923b2@EXAMPLE.COM
kdc_1       | WARNING: no policy specified for test/test@EXAMPLE.COM; defaulting to no policy
nm_1        | --2019-11-15 21:45:13--  http://kdc:8081/keytab/nm/scm
datanode_3  | --2019-11-15 21:45:13--  http://kdc:8081/keytab/d7078c9fa405/scm
kms_1       |    2 11/15/19 21:45:12 om/77dd3b65f0da@EXAMPLE.COM
scm_1       | Download scm/scm@EXAMPLE.COM keytab file to /etc/security/keytabs/scm.keytab
datanode_2  | --2019-11-15 21:45:13--  http://kdc:8081/keytab/f9b68042cc5d/scm
rm_1        |    2 11/15/19 21:45:13 om/rm@EXAMPLE.COM
om_1        |    2 11/15/19 21:45:12 om/om@EXAMPLE.COM
jhs         | Download scm/jhs@EXAMPLE.COM keytab file to /etc/security/keytabs/scm.keytab
s3g_1       |    2 11/15/19 21:45:15 scm/s3g@EXAMPLE.COM
datanode_1  |    2 11/15/19 21:45:12 om/9abb0b9923b2@EXAMPLE.COM
kdc_1       | add_principal: Principal or policy already exists while creating "test/test@EXAMPLE.COM".
nm_1        | Resolving kdc (kdc)... 172.19.0.8
datanode_3  | Resolving kdc (kdc)... 172.19.0.8
kms_1       |    2 11/15/19 21:45:12 om/77dd3b65f0da@EXAMPLE.COM
scm_1       | --2019-11-15 21:45:13--  http://kdc:8081/keytab/scm/scm
datanode_2  | Resolving kdc (kdc)... 172.19.0.8
rm_1        |    2 11/15/19 21:45:13 om/rm@EXAMPLE.COM
om_1        | Download scm/om@EXAMPLE.COM keytab file to /etc/security/keytabs/scm.keytab
jhs         | --2019-11-15 21:45:13--  http://kdc:8081/keytab/jhs/scm
s3g_1       |    2 11/15/19 21:45:15 scm/s3g@EXAMPLE.COM
datanode_1  | Download scm/9abb0b9923b2@EXAMPLE.COM keytab file to /etc/security/keytabs/scm.keytab
kdc_1       | Authenticating as principal admin/admin with keytab /tmp/admin.keytab.
nm_1        | Connecting to kdc (kdc)|172.19.0.8|:8081... connected.
datanode_3  | Connecting to kdc (kdc)|172.19.0.8|:8081... connected.
kms_1       | Download scm/77dd3b65f0da@EXAMPLE.COM keytab file to /etc/security/keytabs/scm.keytab
scm_1       | Resolving kdc (kdc)... 172.19.0.8
datanode_2  | Connecting to kdc (kdc)|172.19.0.8|:8081... connected.
rm_1        | Download scm/rm@EXAMPLE.COM keytab file to /etc/security/keytabs/scm.keytab
om_1        | --2019-11-15 21:45:12--  http://kdc:8081/keytab/om/scm
jhs         | Resolving kdc (kdc)... 172.19.0.8
s3g_1       | Download HTTP/s3g@EXAMPLE.COM keytab file to /etc/security/keytabs/HTTP.keytab
datanode_1  | --2019-11-15 21:45:12--  http://kdc:8081/keytab/9abb0b9923b2/scm
kdc_1       | Entry for principal test/test@EXAMPLE.COM with kvno 3, encryption type aes256-cts-hmac-sha1-96 added to keytab WRFILE:/data/test.test.keytab.
nm_1        | HTTP request sent, awaiting response... 200 OK
datanode_3  | HTTP request sent, awaiting response... 200 OK
kms_1       | --2019-11-15 21:45:12--  http://kdc:8081/keytab/77dd3b65f0da/scm
scm_1       | Connecting to kdc (kdc)|172.19.0.8|:8081... connected.
datanode_2  | HTTP request sent, awaiting response... 200 OK
rm_1        | --2019-11-15 21:45:13--  http://kdc:8081/keytab/rm/scm
om_1        | Resolving kdc (kdc)... 172.19.0.8
jhs         | Connecting to kdc (kdc)|172.19.0.8|:8081... connected.
s3g_1       | --2019-11-15 21:45:15--  http://kdc:8081/keytab/s3g/HTTP
datanode_1  | Resolving kdc (kdc)... 172.19.0.8
kdc_1       | Entry for principal test/test@EXAMPLE.COM with kvno 3, encryption type aes128-cts-hmac-sha1-96 added to keytab WRFILE:/data/test.test.keytab.
nm_1        | Length: 140 [application/octet-stream]
datanode_3  | Length: 160 [application/octet-stream]
kms_1       | Resolving kdc (kdc)... 172.19.0.8
scm_1       | HTTP request sent, awaiting response... 200 OK
datanode_2  | Length: 160 [application/octet-stream]
rm_1        | Resolving kdc (kdc)... 172.19.0.8
om_1        | Connecting to kdc (kdc)|172.19.0.8|:8081... connected.
jhs         | HTTP request sent, awaiting response... 200 OK
s3g_1       | Resolving kdc (kdc)... 172.19.0.8
datanode_1  | Connecting to kdc (kdc)|172.19.0.8|:8081... connected.
kdc_1       | Generiting keytab
nm_1        | Saving to: '/etc/security/keytabs/scm.keytab'
datanode_3  | Saving to: '/etc/security/keytabs/scm.keytab'
kms_1       | Connecting to kdc (kdc)|172.19.0.8|:8081... connected.
scm_1       | Length: 142 [application/octet-stream]
datanode_2  | Saving to: '/etc/security/keytabs/scm.keytab'
rm_1        | Connecting to kdc (kdc)|172.19.0.8|:8081... connected.
om_1        | HTTP request sent, awaiting response... 200 OK
jhs         | Length: 142 [application/octet-stream]
s3g_1       | Connecting to kdc (kdc)|172.19.0.8|:8081... connected.
datanode_1  | HTTP request sent, awaiting response... 200 OK
kdc_1       | Authenticating as principal admin/admin with keytab /tmp/admin.keytab.
nm_1        | 
datanode_3  | 
kms_1       | HTTP request sent, awaiting response... 200 OK
scm_1       | Saving to: '/etc/security/keytabs/scm.keytab'
datanode_2  | 
rm_1        | HTTP request sent, awaiting response... 200 OK
om_1        | Length: 140 [application/octet-stream]
jhs         | Saving to: '/etc/security/keytabs/scm.keytab'
s3g_1       | HTTP request sent, awaiting response... 200 OK
datanode_1  | Length: 160 [application/octet-stream]
kdc_1       | WARNING: no policy specified for test/test@EXAMPLE.COM; defaulting to no policy
nm_1        |      0K                                                       100% 11.7M=0s
datanode_3  |      0K                                                       100% 15.9M=0s
kms_1       | Length: 160 [application/octet-stream]
scm_1       | 
datanode_2  |      0K                                                       100% 12.1M=0s
rm_1        | Length: 140 [application/octet-stream]
om_1        | Saving to: '/etc/security/keytabs/scm.keytab'
jhs         | 
s3g_1       | Length: 144 [application/octet-stream]
datanode_1  | Saving to: '/etc/security/keytabs/scm.keytab'
kdc_1       | add_principal: Principal or policy already exists while creating "test/test@EXAMPLE.COM".
nm_1        | 
datanode_3  | 
kms_1       | Saving to: '/etc/security/keytabs/scm.keytab'
scm_1       |      0K                                                       100% 21.2M=0s
datanode_2  | 
rm_1        | Saving to: '/etc/security/keytabs/scm.keytab'
om_1        | 
jhs         |      0K                                                       100% 11.5M=0s
s3g_1       | Saving to: '/etc/security/keytabs/HTTP.keytab'
datanode_1  | 
kdc_1       | Authenticating as principal admin/admin with keytab /tmp/admin.keytab.
nm_1        | 2019-11-15 21:45:15 (11.7 MB/s) - '/etc/security/keytabs/scm.keytab' saved [140/140]
datanode_3  | 2019-11-15 21:45:15 (15.9 MB/s) - '/etc/security/keytabs/scm.keytab' saved [160/160]
kms_1       | 
scm_1       | 
datanode_2  | 2019-11-15 21:45:15 (12.1 MB/s) - '/etc/security/keytabs/scm.keytab' saved [160/160]
rm_1        | 
om_1        |      0K                                                       100% 18.9M=0s
jhs         | 
s3g_1       | 
datanode_1  |      0K                                                       100% 17.0M=0s
kdc_1       | Entry for principal test/test@EXAMPLE.COM with kvno 4, encryption type aes256-cts-hmac-sha1-96 added to keytab WRFILE:/data/test.test.keytab.
nm_1        | 
datanode_3  | 
kms_1       |      0K                                                       100% 22.6M=0s
scm_1       | 2019-11-15 21:45:14 (21.2 MB/s) - '/etc/security/keytabs/scm.keytab' saved [142/142]
datanode_2  | 
rm_1        |      0K                                                       100% 13.6M=0s
om_1        | 
s3g_1       |      0K                                                       100% 19.3M=0s
datanode_1  | 
kdc_1       | Entry for principal test/test@EXAMPLE.COM with kvno 4, encryption type aes128-cts-hmac-sha1-96 added to keytab WRFILE:/data/test.test.keytab.
nm_1        | Keytab name: FILE:/etc/security/keytabs/scm.keytab
jhs         | 2019-11-15 21:45:14 (11.5 MB/s) - '/etc/security/keytabs/scm.keytab' saved [142/142]
datanode_3  | Keytab name: FILE:/etc/security/keytabs/scm.keytab
kms_1       | 
scm_1       | 
datanode_2  | Keytab name: FILE:/etc/security/keytabs/scm.keytab
rm_1        | 
om_1        | 2019-11-15 21:45:14 (18.9 MB/s) - '/etc/security/keytabs/scm.keytab' saved [140/140]
s3g_1       | 
datanode_1  | 2019-11-15 21:45:14 (17.0 MB/s) - '/etc/security/keytabs/scm.keytab' saved [160/160]
kdc_1       | Generiting keytab
nm_1        | KVNO Timestamp         Principal
jhs         | 
datanode_3  | KVNO Timestamp         Principal
kms_1       | 2019-11-15 21:45:14 (22.6 MB/s) - '/etc/security/keytabs/scm.keytab' saved [160/160]
scm_1       | Keytab name: FILE:/etc/security/keytabs/scm.keytab
datanode_2  | KVNO Timestamp         Principal
rm_1        | 2019-11-15 21:45:14 (13.6 MB/s) - '/etc/security/keytabs/scm.keytab' saved [140/140]
om_1        | 
s3g_1       | 2019-11-15 21:45:17 (19.3 MB/s) - '/etc/security/keytabs/HTTP.keytab' saved [144/144]
datanode_1  | 
kdc_1       | Authenticating as principal admin/admin with keytab /tmp/admin.keytab.
nm_1        | ---- ----------------- --------------------------------------------------------
jhs         | Keytab name: FILE:/etc/security/keytabs/scm.keytab
datanode_3  | ---- ----------------- --------------------------------------------------------
kms_1       | 
scm_1       | KVNO Timestamp         Principal
datanode_2  | ---- ----------------- --------------------------------------------------------
rm_1        | 
om_1        | Keytab name: FILE:/etc/security/keytabs/scm.keytab
s3g_1       | 
datanode_1  | Keytab name: FILE:/etc/security/keytabs/scm.keytab
kdc_1       | WARNING: no policy specified for test/test@EXAMPLE.COM; defaulting to no policy
nm_1        |    2 11/15/19 21:45:15 scm/nm@EXAMPLE.COM
jhs         | KVNO Timestamp         Principal
datanode_3  |    2 11/15/19 21:45:14 scm/d7078c9fa405@EXAMPLE.COM
kms_1       | Keytab name: FILE:/etc/security/keytabs/scm.keytab
datanode_2  |    2 11/15/19 21:45:15 scm/f9b68042cc5d@EXAMPLE.COM
scm_1       | ---- ----------------- --------------------------------------------------------
rm_1        | Keytab name: FILE:/etc/security/keytabs/scm.keytab
om_1        | KVNO Timestamp         Principal
s3g_1       | Keytab name: FILE:/etc/security/keytabs/HTTP.keytab
datanode_1  | KVNO Timestamp         Principal
kdc_1       | add_principal: Principal or policy already exists while creating "test/test@EXAMPLE.COM".
nm_1        |    2 11/15/19 21:45:15 scm/nm@EXAMPLE.COM
jhs         | ---- ----------------- --------------------------------------------------------
datanode_3  |    2 11/15/19 21:45:15 scm/d7078c9fa405@EXAMPLE.COM
kms_1       | KVNO Timestamp         Principal
datanode_2  |    2 11/15/19 21:45:15 scm/f9b68042cc5d@EXAMPLE.COM
scm_1       |    2 11/15/19 21:45:14 scm/scm@EXAMPLE.COM
rm_1        | KVNO Timestamp         Principal
om_1        | ---- ----------------- --------------------------------------------------------
s3g_1       | KVNO Timestamp         Principal
kdc_1       | Authenticating as principal admin/admin with keytab /tmp/admin.keytab.
datanode_1  | ---- ----------------- --------------------------------------------------------
nm_1        | Download HTTP/nm@EXAMPLE.COM keytab file to /etc/security/keytabs/HTTP.keytab
jhs         |    2 11/15/19 21:45:14 scm/jhs@EXAMPLE.COM
datanode_3  | Download HTTP/d7078c9fa405@EXAMPLE.COM keytab file to /etc/security/keytabs/HTTP.keytab
kms_1       | ---- ----------------- --------------------------------------------------------
datanode_2  | Download HTTP/f9b68042cc5d@EXAMPLE.COM keytab file to /etc/security/keytabs/HTTP.keytab
scm_1       |    2 11/15/19 21:45:14 scm/scm@EXAMPLE.COM
rm_1        | ---- ----------------- --------------------------------------------------------
om_1        |    2 11/15/19 21:45:14 scm/om@EXAMPLE.COM
s3g_1       | ---- ----------------- --------------------------------------------------------
kdc_1       | Entry for principal test/test@EXAMPLE.COM with kvno 5, encryption type aes256-cts-hmac-sha1-96 added to keytab WRFILE:/data/test.test.keytab.
datanode_1  |    2 11/15/19 21:45:14 scm/9abb0b9923b2@EXAMPLE.COM
nm_1        | --2019-11-15 21:45:15--  http://kdc:8081/keytab/nm/HTTP
jhs         |    2 11/15/19 21:45:14 scm/jhs@EXAMPLE.COM
datanode_3  | --2019-11-15 21:45:15--  http://kdc:8081/keytab/d7078c9fa405/HTTP
kms_1       |    2 11/15/19 21:45:14 scm/77dd3b65f0da@EXAMPLE.COM
datanode_2  | --2019-11-15 21:45:15--  http://kdc:8081/keytab/f9b68042cc5d/HTTP
scm_1       | Download HTTP/scm@EXAMPLE.COM keytab file to /etc/security/keytabs/HTTP.keytab
rm_1        |    2 11/15/19 21:45:14 scm/rm@EXAMPLE.COM
om_1        |    2 11/15/19 21:45:14 scm/om@EXAMPLE.COM
s3g_1       |    2 11/15/19 21:45:17 HTTP/s3g@EXAMPLE.COM
kdc_1       | Entry for principal test/test@EXAMPLE.COM with kvno 5, encryption type aes128-cts-hmac-sha1-96 added to keytab WRFILE:/data/test.test.keytab.
datanode_1  |    2 11/15/19 21:45:14 scm/9abb0b9923b2@EXAMPLE.COM
nm_1        | Resolving kdc (kdc)... 172.19.0.8
jhs         | Download HTTP/jhs@EXAMPLE.COM keytab file to /etc/security/keytabs/HTTP.keytab
datanode_3  | Resolving kdc (kdc)... 172.19.0.8
kms_1       |    2 11/15/19 21:45:14 scm/77dd3b65f0da@EXAMPLE.COM
datanode_2  | Resolving kdc (kdc)... 172.19.0.8
scm_1       | --2019-11-15 21:45:14--  http://kdc:8081/keytab/scm/HTTP
rm_1        |    2 11/15/19 21:45:14 scm/rm@EXAMPLE.COM
om_1        | Download HTTP/om@EXAMPLE.COM keytab file to /etc/security/keytabs/HTTP.keytab
s3g_1       |    2 11/15/19 21:45:17 HTTP/s3g@EXAMPLE.COM
kdc_1       | Generiting keytab
datanode_1  | Download HTTP/9abb0b9923b2@EXAMPLE.COM keytab file to /etc/security/keytabs/HTTP.keytab
nm_1        | Connecting to kdc (kdc)|172.19.0.8|:8081... connected.
jhs         | --2019-11-15 21:45:14--  http://kdc:8081/keytab/jhs/HTTP
datanode_3  | Connecting to kdc (kdc)|172.19.0.8|:8081... connected.
kms_1       | Download HTTP/77dd3b65f0da@EXAMPLE.COM keytab file to /etc/security/keytabs/HTTP.keytab
datanode_2  | Connecting to kdc (kdc)|172.19.0.8|:8081... connected.
scm_1       | Resolving kdc (kdc)... 172.19.0.8
rm_1        | Download HTTP/rm@EXAMPLE.COM keytab file to /etc/security/keytabs/HTTP.keytab
om_1        | --2019-11-15 21:45:14--  http://kdc:8081/keytab/om/HTTP
s3g_1       | Download testuser/s3g@EXAMPLE.COM keytab file to /etc/security/keytabs/testuser.keytab
kdc_1       | Authenticating as principal admin/admin with keytab /tmp/admin.keytab.
datanode_1  | --2019-11-15 21:45:14--  http://kdc:8081/keytab/9abb0b9923b2/HTTP
nm_1        | HTTP request sent, awaiting response... 200 OK
jhs         | Resolving kdc (kdc)... 172.19.0.8
datanode_3  | HTTP request sent, awaiting response... 200 OK
kms_1       | --2019-11-15 21:45:14--  http://kdc:8081/keytab/77dd3b65f0da/HTTP
datanode_2  | HTTP request sent, awaiting response... 200 OK
scm_1       | Connecting to kdc (kdc)|172.19.0.8|:8081... connected.
rm_1        | --2019-11-15 21:45:14--  http://kdc:8081/keytab/rm/HTTP
om_1        | Resolving kdc (kdc)... 172.19.0.8
s3g_1       | --2019-11-15 21:45:17--  http://kdc:8081/keytab/s3g/testuser
kdc_1       | WARNING: no policy specified for test/test@EXAMPLE.COM; defaulting to no policy
datanode_1  | Resolving kdc (kdc)... 172.19.0.8
jhs         | Connecting to kdc (kdc)|172.19.0.8|:8081... connected.
nm_1        | Length: 142 [application/octet-stream]
datanode_3  | Length: 162 [application/octet-stream]
kms_1       | Resolving kdc (kdc)... 172.19.0.8
datanode_2  | Length: 162 [application/octet-stream]
scm_1       | HTTP request sent, awaiting response... 200 OK
rm_1        | Resolving kdc (kdc)... 172.19.0.8
om_1        | Connecting to kdc (kdc)|172.19.0.8|:8081... connected.
s3g_1       | Resolving kdc (kdc)... 172.19.0.8
kdc_1       | add_principal: Principal or policy already exists while creating "test/test@EXAMPLE.COM".
datanode_1  | Connecting to kdc (kdc)|172.19.0.8|:8081... connected.
nm_1        | Saving to: '/etc/security/keytabs/HTTP.keytab'
kms_1       | Connecting to kdc (kdc)|172.19.0.8|:8081... connected.
datanode_3  | Saving to: '/etc/security/keytabs/HTTP.keytab'
jhs         | HTTP request sent, awaiting response... 200 OK
datanode_2  | Saving to: '/etc/security/keytabs/HTTP.keytab'
scm_1       | Length: 144 [application/octet-stream]
rm_1        | Connecting to kdc (kdc)|172.19.0.8|:8081... connected.
om_1        | HTTP request sent, awaiting response... 200 OK
s3g_1       | Connecting to kdc (kdc)|172.19.0.8|:8081... connected.
kdc_1       | Authenticating as principal admin/admin with keytab /tmp/admin.keytab.
datanode_1  | HTTP request sent, awaiting response... 200 OK
nm_1        | 
kms_1       | HTTP request sent, awaiting response... 200 OK
datanode_3  | 
jhs         | Length: 144 [application/octet-stream]
datanode_2  | 
scm_1       | Saving to: '/etc/security/keytabs/HTTP.keytab'
rm_1        | HTTP request sent, awaiting response... 200 OK
om_1        | Length: 142 [application/octet-stream]
s3g_1       | HTTP request sent, awaiting response... 200 OK
kdc_1       | Nov 15 21:45:09 kdc kadmind[15](info): closing down fd 18
datanode_1  | Length: 162 [application/octet-stream]
nm_1        |      0K                                                       100% 13.0M=0s
kms_1       | Length: 162 [application/octet-stream]
datanode_3  |      0K                                                       100% 13.7M=0s
kms_1       | Saving to: '/etc/security/keytabs/HTTP.keytab'
datanode_2  |      0K                                                       100% 21.9M=0s
scm_1       | 
rm_1        | Length: 142 [application/octet-stream]
om_1        | Saving to: '/etc/security/keytabs/HTTP.keytab'
s3g_1       | Length: 152 [application/octet-stream]
kdc_1       | Nov 15 21:45:09 kdc kadmind[15](Notice): Request: kadm5_init, admin/admin@EXAMPLE.COM, success, client=admin/admin@EXAMPLE.COM, service=kadmin/admin@EXAMPLE.COM, addr=127.0.0.1, vers=4, flavor=6
datanode_1  | Saving to: '/etc/security/keytabs/HTTP.keytab'
nm_1        | 
jhs         | Saving to: '/etc/security/keytabs/HTTP.keytab'
datanode_3  | 
kms_1       | 
datanode_2  | 
scm_1       |      0K                                                       100% 19.2M=0s
rm_1        | Saving to: '/etc/security/keytabs/HTTP.keytab'
om_1        | 
s3g_1       | Saving to: '/etc/security/keytabs/testuser.keytab'
kdc_1       | Nov 15 21:45:09 kdc kadmind[15](Notice): Request: kadm5_get_policy, default, Policy does not exist, client=admin/admin@EXAMPLE.COM, service=kadmin/admin@EXAMPLE.COM, addr=127.0.0.1
datanode_1  | 
nm_1        | 2019-11-15 21:45:17 (13.0 MB/s) - '/etc/security/keytabs/HTTP.keytab' saved [142/142]
jhs         | 
datanode_3  | 2019-11-15 21:45:16 (13.7 MB/s) - '/etc/security/keytabs/HTTP.keytab' saved [162/162]
kms_1       |      0K                                                       100% 17.7M=0s
datanode_2  | 2019-11-15 21:45:17 (21.9 MB/s) - '/etc/security/keytabs/HTTP.keytab' saved [162/162]
scm_1       | 
rm_1        | 
om_1        |      0K                                                       100% 11.0M=0s
s3g_1       | 
kdc_1       | Nov 15 21:45:09 kdc kadmind[15](Notice): Request: kadm5_create_principal, test/test@EXAMPLE.COM, Principal or policy already exists, client=admin/admin@EXAMPLE.COM, service=kadmin/admin@EXAMPLE.COM, addr=127.0.0.1
datanode_1  |      0K                                                       100% 23.3M=0s
nm_1        | 
jhs         |      0K                                                       100% 8.49M=0s
datanode_3  | 
kms_1       | 
datanode_2  | 
scm_1       | 2019-11-15 21:45:16 (19.2 MB/s) - '/etc/security/keytabs/HTTP.keytab' saved [144/144]
rm_1        |      0K                                                       100% 12.1M=0s
om_1        | 
s3g_1       |      0K                                                       100% 18.9M=0s
kdc_1       | Nov 15 21:45:09 kdc kadmind[15](info): closing down fd 18
datanode_1  | 
nm_1        | Keytab name: FILE:/etc/security/keytabs/HTTP.keytab
jhs         | 
datanode_3  | Keytab name: FILE:/etc/security/keytabs/HTTP.keytab
kms_1       | 2019-11-15 21:45:15 (17.7 MB/s) - '/etc/security/keytabs/HTTP.keytab' saved [162/162]
datanode_2  | Keytab name: FILE:/etc/security/keytabs/HTTP.keytab
scm_1       | 
rm_1        | 
om_1        | 2019-11-15 21:45:16 (11.0 MB/s) - '/etc/security/keytabs/HTTP.keytab' saved [142/142]
s3g_1       | 
kdc_1       | Nov 15 21:45:09 kdc kadmind[15](Notice): Request: kadm5_init, admin/admin@EXAMPLE.COM, success, client=admin/admin@EXAMPLE.COM, service=kadmin/admin@EXAMPLE.COM, addr=127.0.0.1, vers=4, flavor=6
datanode_1  | 2019-11-15 21:45:15 (23.3 MB/s) - '/etc/security/keytabs/HTTP.keytab' saved [162/162]
nm_1        | KVNO Timestamp         Principal
jhs         | 2019-11-15 21:45:16 (8.49 MB/s) - '/etc/security/keytabs/HTTP.keytab' saved [144/144]
datanode_3  | KVNO Timestamp         Principal
kms_1       | 
datanode_2  | KVNO Timestamp         Principal
scm_1       | Keytab name: FILE:/etc/security/keytabs/HTTP.keytab
rm_1        | 2019-11-15 21:45:16 (12.1 MB/s) - '/etc/security/keytabs/HTTP.keytab' saved [142/142]
om_1        | 
s3g_1       | 2019-11-15 21:45:19 (18.9 MB/s) - '/etc/security/keytabs/testuser.keytab' saved [152/152]
datanode_1  | 
kdc_1       | Nov 15 21:45:09 kdc kadmind[15](Notice): Request: kadm5_randkey_principal, test/test@EXAMPLE.COM, success, client=admin/admin@EXAMPLE.COM, service=kadmin/admin@EXAMPLE.COM, addr=127.0.0.1
nm_1        | ---- ----------------- --------------------------------------------------------
jhs         | 
datanode_3  | ---- ----------------- --------------------------------------------------------
kms_1       | Keytab name: FILE:/etc/security/keytabs/HTTP.keytab
datanode_2  | ---- ----------------- --------------------------------------------------------
scm_1       | KVNO Timestamp         Principal
rm_1        | 
om_1        | Keytab name: FILE:/etc/security/keytabs/HTTP.keytab
s3g_1       | 
datanode_1  | Keytab name: FILE:/etc/security/keytabs/HTTP.keytab
nm_1        |    2 11/15/19 21:45:16 HTTP/nm@EXAMPLE.COM
