om2_1       | STARTUP_MSG:   classpath = /etc/hadoop:/opt/hadoop/share/hadoop/common/*:/opt/hadoop/share/ozone/lib/kerb-simplekdc-1.0.1.jar:/opt/hadoop/share/ozone/lib/protobuf-java-2.5.0.jar:/opt/hadoop/share/ozone/lib/bcpkix-jdk15on-1.60.jar:/opt/hadoop/share/ozone/lib/sqlite-jdbc-3.25.2.jar:/opt/hadoop/share/ozone/lib/netty-3.10.5.Final.jar:/opt/hadoop/share/ozone/lib/commons-validator-1.6.jar:/opt/hadoop/share/ozone/lib/jaxb-impl-2.3.0.1.jar:/opt/hadoop/share/ozone/lib/kerb-core-1.0.1.jar:/opt/hadoop/share/ozone/lib/hadoop-ozone-common-0.5.0-SNAPSHOT.jar:/opt/hadoop/share/ozone/lib/ratis-thirdparty-misc-0.2.0.jar:/opt/hadoop/share/ozone/lib/jsr305-3.0.0.jar:/opt/hadoop/share/ozone/lib/leveldbjni-all-1.8.jar:/opt/hadoop/share/ozone/lib/htrace-core4-4.1.0-incubating.jar:/opt/hadoop/share/ozone/lib/hadoop-annotations-3.2.0.jar:/opt/hadoop/share/ozone/lib/hadoop-hdds-tools-0.5.0-SNAPSHOT.jar:/opt/hadoop/share/ozone/lib/kerb-util-1.0.1.jar:/opt/hadoop/share/ozone/lib/jackson-jaxrs-1.9.13.jar:/opt/hadoop/share/ozone/lib/ratis-server-0.5.0-d6d58d0-SNAPSHOT.jar:/opt/hadoop/share/ozone/lib/kerby-xdr-1.0.1.jar:/opt/hadoop/share/ozone/lib/jetty-webapp-9.3.25.v20180904.jar:/opt/hadoop/share/ozone/lib/jackson-core-asl-1.9.13.jar:/opt/hadoop/share/ozone/lib/commons-net-3.6.jar:/opt/hadoop/share/ozone/lib/log4j-api-2.11.0.jar:/opt/hadoop/share/ozone/lib/netty-all-4.0.52.Final.jar:/opt/hadoop/share/ozone/lib/hadoop-hdfs-3.2.0.jar:/opt/hadoop/share/ozone/lib/jline-0.9.94.jar:/opt/hadoop/share/ozone/lib/opentracing-api-0.31.0.jar:/opt/hadoop/share/ozone/lib/hadoop-hdds-server-framework-0.5.0-SNAPSHOT.jar:/opt/hadoop/share/ozone/lib/slf4j-log4j12-1.7.25.jar:/opt/hadoop/share/ozone/lib/hadoop-hdfs-client-3.2.0.jar:/opt/hadoop/share/ozone/lib/kerby-config-1.0.1.jar:/opt/hadoop/share/ozone/lib/jetty-util-9.3.25.v20180904.jar:/opt/hadoop/share/ozone/lib/libthrift-0.12.0.jar:/opt/hadoop/share/ozone/lib/metrics-core-3.2.4.jar:/opt/hadoop/share/ozone/lib/kerby-pkix-1.0.1.jar:/opt/hadoop/share/ozone/lib/xz-1.0.jar:/opt/hadoop/share/ozone/lib/hadoop-hdds-config-0.5.0-SNAPSHOT.jar:/opt/hadoop/share/ozone/lib/nimbus-jose-jwt-4.41.1.jar:/opt/hadoop/share/ozone/lib/jsr311-api-1.1.1.jar:/opt/hadoop/share/ozone/lib/commons-beanutils-1.9.4.jar:/opt/hadoop/share/ozone/lib/ratis-grpc-0.5.0-d6d58d0-SNAPSHOT.jar:/opt/hadoop/share/ozone/lib/ratis-netty-0.5.0-d6d58d0-SNAPSHOT.jar:/opt/hadoop/share/ozone/lib/javax.servlet-api-3.1.0.jar:/opt/hadoop/share/ozone/lib/kerb-server-1.0.1.jar:/opt/hadoop/share/ozone/lib/zookeeper-3.4.13.jar:/opt/hadoop/share/ozone/lib/avro-1.7.7.jar:/opt/hadoop/share/ozone/lib/kerb-client-1.0.1.jar:/opt/hadoop/share/ozone/lib/jackson-xc-1.9.13.jar:/opt/hadoop/share/ozone/lib/disruptor-3.4.2.jar:/opt/hadoop/share/ozone/lib/guava-11.0.2.jar:/opt/hadoop/share/ozone/lib/ratis-client-0.5.0-d6d58d0-SNAPSHOT.jar:/opt/hadoop/share/ozone/lib/hadoop-hdds-common-0.5.0-SNAPSHOT.jar:/opt/hadoop/share/ozone/lib/curator-framework-2.12.0.jar:/opt/hadoop/share/ozone/lib/dnsjava-2.1.7.jar:/opt/hadoop/share/ozone/lib/commons-configuration2-2.1.1.jar:/opt/hadoop/share/ozone/lib/json-smart-2.3.jar:/opt/hadoop/share/ozone/lib/token-provider-1.0.1.jar:/opt/hadoop/share/ozone/lib/log4j-1.2.17.jar:/opt/hadoop/share/ozone/lib/commons-daemon-1.0.13.jar:/opt/hadoop/share/ozone/lib/bcprov-jdk15on-1.60.jar:/opt/hadoop/share/ozone/lib/ratis-metrics-0.5.0-d6d58d0-SNAPSHOT.jar:/opt/hadoop/share/ozone/lib/commons-lang3-3.7.jar:/opt/hadoop/share/ozone/lib/commons-compress-1.4.1.jar:/opt/hadoop/share/ozone/lib/jaeger-client-0.34.0.jar:/opt/hadoop/share/ozone/lib/jetty-server-9.3.25.v20180904.jar:/opt/hadoop/share/ozone/lib/accessors-smart-1.2.jar:/opt/hadoop/share/ozone/lib/re2j-1.1.jar:/opt/hadoop/share/ozone/lib/curator-recipes-2.12.0.jar:/opt/hadoop/share/ozone/lib/jackson-core-2.9.9.jar:/opt/hadoop/share/ozone/lib/commons-math3-3.1.1.jar:/opt/hadoop/share/ozone/lib/opentracing-noop-0.31.0.jar:/opt/hadoop/share/ozone/lib/httpclient-4.5.2.jar:/opt/hadoop/share/ozone/lib/jaeger-core-0.34.0.jar:/opt/hadoop/share/ozone/lib/asm-5.0.4.jar:/opt/hadoop/share/ozone/lib/curator-client-2.12.0.jar:/opt/hadoop/share/ozone/lib/audience-annotations-0.5.0.jar:/opt/hadoop/share/ozone/lib/kerby-util-1.0.1.jar:/opt/hadoop/share/ozone/lib/jackson-mapper-asl-1.9.13.jar:/opt/hadoop/share/ozone/lib/rocksdbjni-6.0.1.jar:/opt/hadoop/share/ozone/lib/jsp-api-2.1.jar:/opt/hadoop/share/ozone/lib/jsch-0.1.54.jar:/opt/hadoop/share/ozone/lib/opentracing-tracerresolver-0.1.5.jar:/opt/hadoop/share/ozone/lib/paranamer-2.3.jar:/opt/hadoop/share/ozone/lib/log4j-core-2.11.0.jar:/opt/hadoop/share/ozone/lib/jetty-io-9.3.25.v20180904.jar:/opt/hadoop/share/ozone/lib/jetty-xml-9.3.25.v20180904.jar:/opt/hadoop/share/ozone/lib/commons-codec-1.11.jar:/opt/hadoop/share/ozone/lib/commons-pool2-2.6.0.jar:/opt/hadoop/share/ozone/lib/gson-2.2.4.jar:/opt/hadoop/share/ozone/lib/jcip-annotations-1.0-1.jar:/opt/hadoop/share/ozone/lib/kerb-admin-1.0.1.jar:/opt/hadoop/share/ozone/lib/okio-1.13.0.jar:/opt/hadoop/share/ozone/lib/commons-io-2.5.jar:/opt/hadoop/share/ozone/lib/snakeyaml-1.16.jar:/opt/hadoop/share/ozone/lib/hadoop-ozone-client-0.5.0-SNAPSHOT.jar:/opt/hadoop/share/ozone/lib/jersey-core-1.19.jar:/opt/hadoop/share/ozone/lib/jackson-databind-2.9.9.jar:/opt/hadoop/share/ozone/lib/hadoop-hdds-container-service-0.5.0-SNAPSHOT.jar:/opt/hadoop/share/ozone/lib/picocli-3.9.6.jar:/opt/hadoop/share/ozone/lib/jaeger-thrift-0.34.0.jar:/opt/hadoop/share/ozone/lib/ratis-common-0.5.0-d6d58d0-SNAPSHOT.jar:/opt/hadoop/share/ozone/lib/jackson-annotations-2.9.9.jar:/opt/hadoop/share/ozone/lib/commons-cli-1.2.jar:/opt/hadoop/share/ozone/lib/hadoop-hdds-docs-0.5.0-SNAPSHOT.jar:/opt/hadoop/share/ozone/lib/woodstox-core-5.0.3.jar:/opt/hadoop/share/ozone/lib/javax.annotation-api-1.2.jar:/opt/hadoop/share/ozone/lib/snappy-java-1.0.5.jar:/opt/hadoop/share/ozone/lib/jaeger-tracerresolver-0.34.0.jar:/opt/hadoop/share/ozone/lib/jetty-security-9.3.25.v20180904.jar:/opt/hadoop/share/ozone/lib/jetty-http-9.3.25.v20180904.jar:/opt/hadoop/share/ozone/lib/kerby-asn1-1.0.1.jar:/opt/hadoop/share/ozone/lib/okhttp-3.9.0.jar:/opt/hadoop/share/ozone/lib/stax2-api-3.1.4.jar:/opt/hadoop/share/ozone/lib/commons-digester-1.8.1.jar:/opt/hadoop/share/ozone/lib/commons-collections-3.2.2.jar:/opt/hadoop/share/ozone/lib/jettison-1.1.jar:/opt/hadoop/share/ozone/lib/commons-text-1.4.jar:/opt/hadoop/share/ozone/lib/jersey-servlet-1.19.jar:/opt/hadoop/share/ozone/lib/jersey-json-1.19.jar:/opt/hadoop/share/ozone/lib/slf4j-api-1.7.25.jar:/opt/hadoop/share/ozone/lib/jetty-util-ajax-9.3.25.v20180904.jar:/opt/hadoop/share/ozone/lib/commons-logging-1.1.3.jar:/opt/hadoop/share/ozone/lib/hadoop-hdds-client-0.5.0-SNAPSHOT.jar:/opt/hadoop/share/ozone/lib/kerb-identity-1.0.1.jar:/opt/hadoop/share/ozone/lib/ratis-proto-0.5.0-d6d58d0-SNAPSHOT.jar:/opt/hadoop/share/ozone/lib/opentracing-util-0.31.0.jar:/opt/hadoop/share/ozone/lib/hadoop-common-3.2.0.jar:/opt/hadoop/share/ozone/lib/hadoop-auth-3.2.0.jar:/opt/hadoop/share/ozone/lib/kerb-common-1.0.1.jar:/opt/hadoop/share/ozone/lib/jetty-servlet-9.3.25.v20180904.jar:/opt/hadoop/share/ozone/lib/jersey-server-1.19.jar:/opt/hadoop/share/ozone/lib/kerb-crypto-1.0.1.jar:/opt/hadoop/share/ozone/lib/httpcore-4.4.4.jar:/opt/hadoop/share/ozone/web:/opt/hadoop/share/ozone/lib/hadoop-ozone-ozone-manager-0.5.0-SNAPSHOT.jar
datanode_3  | 2019-10-31 03:26:01,004 INFO server.AbstractConnector: Started ServerConnector@42dee4eb{HTTP/1.1,[http/1.1]}{0.0.0.0:9882}
s3g_1       | 2019-10-31 03:26:53,506 [qtp1149377174-28] INFO       - Location is /bucket-42743
datanode_1  | 2019-10-31 03:25:59,743 INFO http.HttpServer2: Added global filter 'safety' (class=org.apache.hadoop.http.HttpServer2$QuotingInputFilter)
om3_1       | 2019-10-31 03:26:02,103 WARN server.ServerUtils: ozone.om.db.dirs is not configured. We recommend adding this setting. Falling back to ozone.metadata.dirs instead.
datanode_2  | 2019-10-31 03:25:58,518 INFO http.HttpServer2: Added filter static_user_filter (class=org.apache.hadoop.http.lib.StaticUserWebFilter$StaticUserFilter) to context static
scm_1       | 2019-10-31 03:25:56,774 INFO util.log: Logging initialized @1073ms
datanode_3  | 2019-10-31 03:26:01,005 INFO server.Server: Started @3311ms
s3g_1       | 2019-10-31 03:26:56,717 [qtp1149377174-102] INFO       - Location is /bucket-53829
om2_1       | STARTUP_MSG:   build = https://github.com/apache/hadoop.git -r e97acb3bd8f3befd27418996fa5d4b50bf2e17bf; compiled by 'sunilg' on 2019-01-15T17:34Z
om1_1       | 2019-10-31 03:26:01,486 [main] INFO       - Setting configuration key ozone.om.address with value of key ozone.om.address.om1: om1
datanode_1  | 2019-10-31 03:25:59,745 INFO http.HttpServer2: Added filter static_user_filter (class=org.apache.hadoop.http.lib.StaticUserWebFilter$StaticUserFilter) to context hddsDatanode
om3_1       | 2019-10-31 03:26:02,133 INFO util.log: Logging initialized @2555ms
scm_1       | 2019-10-31 03:25:56,884 INFO db.DBStoreBuilder: using custom profile for table: deletedBlocks
datanode_2  | 2019-10-31 03:25:58,537 WARN server.BaseHttpServer: /prof java profiling servlet is activated. Not safe for production!
datanode_3  | 2019-10-31 03:26:01,008 INFO impl.MetricsSinkAdapter: Sink prometheus started
s3g_1       | 2019-10-31 03:26:58,156 [qtp1149377174-102] ERROR      - Exception occurred in headBucket
om2_1       | STARTUP_MSG:   java = 11.0.3
om1_1       | 2019-10-31 03:26:01,489 WARN server.ServerUtils: ozone.om.db.dirs is not configured. We recommend adding this setting. Falling back to ozone.metadata.dirs instead.
datanode_1  | 2019-10-31 03:25:59,746 INFO http.HttpServer2: Added filter static_user_filter (class=org.apache.hadoop.http.lib.StaticUserWebFilter$StaticUserFilter) to context logs
om3_1       | 2019-10-31 03:26:02,252 INFO db.DBStoreBuilder: using custom profile for table: userTable
scm_1       | 2019-10-31 03:25:56,884 INFO db.DBStoreBuilder: Using default column profile:DBProfile.DISK for Table:deletedBlocks
datanode_2  | 2019-10-31 03:25:58,544 INFO http.HttpServer2: Jetty bound to port 9882
datanode_3  | 2019-10-31 03:26:01,008 INFO impl.MetricsSystemImpl: Registered sink prometheus
om2_1       | ************************************************************/
s3g_1       | org.apache.hadoop.ozone.s3.exception.OS3Exception
om1_1       | 2019-10-31 03:26:01,500 WARN server.ServerUtils: ozone.om.db.dirs is not configured. We recommend adding this setting. Falling back to ozone.metadata.dirs instead.
datanode_1  | 2019-10-31 03:25:59,746 INFO http.HttpServer2: Added filter static_user_filter (class=org.apache.hadoop.http.lib.StaticUserWebFilter$StaticUserFilter) to context static
om3_1       | 2019-10-31 03:26:02,253 INFO db.DBStoreBuilder: Using default column profile:DBProfile.DISK for Table:userTable
scm_1       | 2019-10-31 03:25:56,885 INFO db.DBStoreBuilder: using custom profile for table: validCerts
datanode_2  | 2019-10-31 03:25:58,545 INFO server.Server: jetty-9.3.25.v20180904, build timestamp: 2018-09-04T21:11:46Z, git hash: 3ce520221d0240229c862b122d2b06c12a625732
datanode_3  | 2019-10-31 03:26:01,010 INFO server.BaseHttpServer: HTTP server of HDDSDATANODE is listening at http://0.0.0.0:9882
om2_1       | 2019-10-31 03:26:00,525 [main] INFO       - registered UNIX signal handlers for [TERM, HUP, INT]
s3g_1       | 	at org.apache.hadoop.ozone.s3.exception.S3ErrorTable.newError(S3ErrorTable.java:103)
om1_1       | 2019-10-31 03:26:02,317 WARN server.ServerUtils: ozone.om.db.dirs is not configured. We recommend adding this setting. Falling back to ozone.metadata.dirs instead.
datanode_1  | 2019-10-31 03:25:59,768 WARN server.BaseHttpServer: /prof java profiling servlet is activated. Not safe for production!
om3_1       | 2019-10-31 03:26:02,253 INFO db.DBStoreBuilder: using custom profile for table: volumeTable
scm_1       | 2019-10-31 03:25:56,885 INFO db.DBStoreBuilder: Using default column profile:DBProfile.DISK for Table:validCerts
datanode_2  | 2019-10-31 03:25:58,575 INFO handler.ContextHandler: Started o.e.j.s.ServletContextHandler@50fb33a{/logs,file:///var/log/hadoop/,AVAILABLE}
datanode_3  | 2019-10-31 03:26:01,025 INFO util.JvmPauseMonitor: Starting JVM pause monitor
om2_1       | 2019-10-31 03:26:01,461 [main] INFO       - Found matching OM address with OMServiceId: id1, OMNodeId: om2, RPC Address: om2:9862 and Ratis port: 9872
s3g_1       | 	at org.apache.hadoop.ozone.s3.endpoint.EndpointBase.getBucket(EndpointBase.java:81)
om1_1       | 2019-10-31 03:26:02,353 INFO util.log: Logging initialized @2799ms
datanode_1  | 2019-10-31 03:25:59,777 INFO http.HttpServer2: Jetty bound to port 9882
om3_1       | 2019-10-31 03:26:02,253 INFO db.DBStoreBuilder: Using default column profile:DBProfile.DISK for Table:volumeTable
scm_1       | 2019-10-31 03:25:56,885 INFO db.DBStoreBuilder: using custom profile for table: revokedCerts
datanode_2  | 2019-10-31 03:25:58,576 INFO handler.ContextHandler: Started o.e.j.s.ServletContextHandler@20b9d5d5{/static,jar:file:/opt/hadoop/share/ozone/lib/hadoop-hdds-container-service-0.5.0-SNAPSHOT.jar!/webapps/static,AVAILABLE}
datanode_3  | 2019-10-31 03:26:01,167 [Datanode State Machine Thread - 0] INFO       - DatanodeDetails is persisted to /data/datanode.id
om2_1       | 2019-10-31 03:26:01,462 [main] INFO       - Setting configuration key ozone.om.address with value of key ozone.om.address.om2: om2
s3g_1       | 	at org.apache.hadoop.ozone.s3.endpoint.BucketEndpoint.head(BucketEndpoint.java:250)
om1_1       | 2019-10-31 03:26:02,526 INFO db.DBStoreBuilder: using custom profile for table: userTable
datanode_1  | 2019-10-31 03:25:59,779 INFO server.Server: jetty-9.3.25.v20180904, build timestamp: 2018-09-04T21:11:46Z, git hash: 3ce520221d0240229c862b122d2b06c12a625732
om3_1       | 2019-10-31 03:26:02,254 INFO db.DBStoreBuilder: using custom profile for table: bucketTable
datanode_2  | 2019-10-31 03:25:58,670 INFO handler.ContextHandler: Started o.e.j.w.WebAppContext@9b9a327{/,file:///tmp/jetty-0.0.0.0-9882-hddsDatanode-_-any-7980888760693112216.dir/webapp/,AVAILABLE}{/hddsDatanode}
scm_1       | 2019-10-31 03:25:56,885 INFO db.DBStoreBuilder: Using default column profile:DBProfile.DISK for Table:revokedCerts
datanode_3  | 2019-10-31 03:26:03,153 [Datanode State Machine Thread - 0] INFO       - Attempting to start container services.
om2_1       | 2019-10-31 03:26:01,466 WARN server.ServerUtils: ozone.om.db.dirs is not configured. We recommend adding this setting. Falling back to ozone.metadata.dirs instead.
s3g_1       | 	at java.base/jdk.internal.reflect.NativeMethodAccessorImpl.invoke0(Native Method)
om1_1       | 2019-10-31 03:26:02,527 INFO db.DBStoreBuilder: Using default column profile:DBProfile.DISK for Table:userTable
datanode_1  | 2019-10-31 03:25:59,810 INFO handler.ContextHandler: Started o.e.j.s.ServletContextHandler@50fb33a{/logs,file:///var/log/hadoop/,AVAILABLE}
om3_1       | 2019-10-31 03:26:02,254 INFO db.DBStoreBuilder: Using default column profile:DBProfile.DISK for Table:bucketTable
datanode_2  | 2019-10-31 03:25:58,676 INFO server.AbstractConnector: Started ServerConnector@5a75ec37{HTTP/1.1,[http/1.1]}{0.0.0.0:9882}
scm_1       | 2019-10-31 03:25:56,895 INFO db.DBStoreBuilder: using custom profile for table: default
datanode_3  | 2019-10-31 03:26:03,156 [Datanode State Machine Thread - 0] INFO       - Background container scanner has been disabled.
om2_1       | 2019-10-31 03:26:01,477 WARN server.ServerUtils: ozone.om.db.dirs is not configured. We recommend adding this setting. Falling back to ozone.metadata.dirs instead.
s3g_1       | 	at java.base/jdk.internal.reflect.NativeMethodAccessorImpl.invoke(NativeMethodAccessorImpl.java:62)
om1_1       | 2019-10-31 03:26:02,527 INFO db.DBStoreBuilder: using custom profile for table: volumeTable
datanode_1  | 2019-10-31 03:25:59,811 INFO handler.ContextHandler: Started o.e.j.s.ServletContextHandler@20b9d5d5{/static,jar:file:/opt/hadoop/share/ozone/lib/hadoop-hdds-container-service-0.5.0-SNAPSHOT.jar!/webapps/static,AVAILABLE}
om3_1       | 2019-10-31 03:26:02,254 INFO db.DBStoreBuilder: using custom profile for table: keyTable
datanode_2  | 2019-10-31 03:25:58,676 INFO server.Server: Started @3018ms
scm_1       | 2019-10-31 03:25:56,895 INFO db.DBStoreBuilder: Using default column profile:DBProfile.DISK for Table:default
datanode_3  | 2019-10-31 03:26:03,156 [Datanode State Machine Thread - 0] INFO       - Starting XceiverServerRatis c9aad3e5-48fc-4157-b139-990651b16ae2 at port 9858
om2_1       | 2019-10-31 03:26:02,230 WARN server.ServerUtils: ozone.om.db.dirs is not configured. We recommend adding this setting. Falling back to ozone.metadata.dirs instead.
s3g_1       | 	at java.base/jdk.internal.reflect.DelegatingMethodAccessorImpl.invoke(DelegatingMethodAccessorImpl.java:43)
om1_1       | 2019-10-31 03:26:02,527 INFO db.DBStoreBuilder: Using default column profile:DBProfile.DISK for Table:volumeTable
datanode_1  | 2019-10-31 03:25:59,891 INFO handler.ContextHandler: Started o.e.j.w.WebAppContext@9b9a327{/,file:///tmp/jetty-0.0.0.0-9882-hddsDatanode-_-any-13732867831414342031.dir/webapp/,AVAILABLE}{/hddsDatanode}
om3_1       | 2019-10-31 03:26:02,254 INFO db.DBStoreBuilder: Using default column profile:DBProfile.DISK for Table:keyTable
datanode_2  | 2019-10-31 03:25:58,681 INFO impl.MetricsSinkAdapter: Sink prometheus started
scm_1       | 2019-10-31 03:25:56,896 INFO db.DBStoreBuilder: Using default options. DBProfile.DISK
datanode_3  | 2019-10-31 03:26:03,172 INFO impl.RaftServerProxy: c9aad3e5-48fc-4157-b139-990651b16ae2: start RPC server
om2_1       | 2019-10-31 03:26:02,258 INFO util.log: Logging initialized @2669ms
s3g_1       | 	at java.base/java.lang.reflect.Method.invoke(Method.java:566)
om1_1       | 2019-10-31 03:26:02,528 INFO db.DBStoreBuilder: using custom profile for table: bucketTable
om3_1       | 2019-10-31 03:26:02,256 INFO db.DBStoreBuilder: using custom profile for table: deletedTable
datanode_1  | 2019-10-31 03:25:59,908 INFO server.AbstractConnector: Started ServerConnector@75675546{HTTP/1.1,[http/1.1]}{0.0.0.0:9882}
datanode_2  | 2019-10-31 03:25:58,681 INFO impl.MetricsSystemImpl: Registered sink prometheus
scm_1       | 2019-10-31 03:25:57,253 INFO net.NodeSchemaLoader: Loading file from java.lang.CompoundEnumeration@1c852c0f
datanode_3  | 2019-10-31 03:26:03,265 INFO server.GrpcService: c9aad3e5-48fc-4157-b139-990651b16ae2: GrpcService started, listening on 0.0.0.0/0.0.0.0:9858
om2_1       | 2019-10-31 03:26:02,357 INFO db.DBStoreBuilder: using custom profile for table: userTable
s3g_1       | 	at org.glassfish.jersey.server.model.internal.ResourceMethodInvocationHandlerFactory.lambda$static$0(ResourceMethodInvocationHandlerFactory.java:76)
om1_1       | 2019-10-31 03:26:02,528 INFO db.DBStoreBuilder: Using default column profile:DBProfile.DISK for Table:bucketTable
om3_1       | 2019-10-31 03:26:02,256 INFO db.DBStoreBuilder: Using default column profile:DBProfile.DISK for Table:deletedTable
datanode_1  | 2019-10-31 03:25:59,908 INFO server.Server: Started @3230ms
datanode_2  | 2019-10-31 03:25:58,683 INFO server.BaseHttpServer: HTTP server of HDDSDATANODE is listening at http://0.0.0.0:9882
scm_1       | 2019-10-31 03:25:57,255 INFO net.NodeSchemaLoader: Loading network topology layer schema file
datanode_3  | WARNING: An illegal reflective access operation has occurred
om2_1       | 2019-10-31 03:26:02,358 INFO db.DBStoreBuilder: Using default column profile:DBProfile.DISK for Table:userTable
s3g_1       | 	at org.glassfish.jersey.server.model.internal.AbstractJavaResourceMethodDispatcher$1.run(AbstractJavaResourceMethodDispatcher.java:148)
om1_1       | 2019-10-31 03:26:02,528 INFO db.DBStoreBuilder: using custom profile for table: keyTable
om3_1       | 2019-10-31 03:26:02,256 INFO db.DBStoreBuilder: using custom profile for table: openKeyTable
datanode_1  | 2019-10-31 03:25:59,918 INFO impl.MetricsSinkAdapter: Sink prometheus started
datanode_2  | 2019-10-31 03:25:58,698 INFO util.JvmPauseMonitor: Starting JVM pause monitor
datanode_3  | WARNING: Illegal reflective access by org.apache.ratis.thirdparty.com.google.protobuf.UnsafeUtil (file:/opt/hadoop/share/ozone/lib/ratis-thirdparty-misc-0.2.0.jar) to field java.nio.Buffer.address
scm_1       | 2019-10-31 03:25:57,336 INFO node.SCMNodeManager: Entering startup safe mode.
om2_1       | 2019-10-31 03:26:02,358 INFO db.DBStoreBuilder: using custom profile for table: volumeTable
s3g_1       | 	at org.glassfish.jersey.server.model.internal.AbstractJavaResourceMethodDispatcher.invoke(AbstractJavaResourceMethodDispatcher.java:191)
om1_1       | 2019-10-31 03:26:02,528 INFO db.DBStoreBuilder: Using default column profile:DBProfile.DISK for Table:keyTable
om3_1       | 2019-10-31 03:26:02,256 INFO db.DBStoreBuilder: Using default column profile:DBProfile.DISK for Table:openKeyTable
datanode_1  | 2019-10-31 03:25:59,918 INFO impl.MetricsSystemImpl: Registered sink prometheus
datanode_2  | 2019-10-31 03:25:58,868 [Datanode State Machine Thread - 0] INFO       - DatanodeDetails is persisted to /data/datanode.id
datanode_3  | WARNING: Please consider reporting this to the maintainers of org.apache.ratis.thirdparty.com.google.protobuf.UnsafeUtil
scm_1       | 2019-10-31 03:25:57,437 INFO algorithms.ContainerPlacementPolicyFactory: Create container placement policy of type org.apache.hadoop.hdds.scm.container.placement.algorithms.SCMContainerPlacementRandom
om2_1       | 2019-10-31 03:26:02,358 INFO db.DBStoreBuilder: Using default column profile:DBProfile.DISK for Table:volumeTable
s3g_1       | 	at org.glassfish.jersey.server.model.internal.JavaResourceMethodDispatcherProvider$ResponseOutInvoker.doDispatch(JavaResourceMethodDispatcherProvider.java:200)
om1_1       | 2019-10-31 03:26:02,528 INFO db.DBStoreBuilder: using custom profile for table: deletedTable
om3_1       | 2019-10-31 03:26:02,257 INFO db.DBStoreBuilder: using custom profile for table: s3Table
datanode_1  | 2019-10-31 03:25:59,920 INFO server.BaseHttpServer: HTTP server of HDDSDATANODE is listening at http://0.0.0.0:9882
datanode_2  | 2019-10-31 03:26:00,888 [Datanode State Machine Thread - 0] INFO       - Attempting to start container services.
datanode_3  | WARNING: Use --illegal-access=warn to enable warnings of further illegal reflective access operations
scm_1       | 2019-10-31 03:25:57,448 WARN server.ServerUtils: ozone.scm.db.dirs is not configured. We recommend adding this setting. Falling back to ozone.metadata.dirs instead.
om2_1       | 2019-10-31 03:26:02,358 INFO db.DBStoreBuilder: using custom profile for table: bucketTable
s3g_1       | 	at org.glassfish.jersey.server.model.internal.AbstractJavaResourceMethodDispatcher.dispatch(AbstractJavaResourceMethodDispatcher.java:103)
om1_1       | 2019-10-31 03:26:02,528 INFO db.DBStoreBuilder: Using default column profile:DBProfile.DISK for Table:deletedTable
om3_1       | 2019-10-31 03:26:02,257 INFO db.DBStoreBuilder: Using default column profile:DBProfile.DISK for Table:s3Table
datanode_1  | 2019-10-31 03:25:59,955 INFO util.JvmPauseMonitor: Starting JVM pause monitor
datanode_2  | 2019-10-31 03:26:00,890 [Datanode State Machine Thread - 0] INFO       - Background container scanner has been disabled.
datanode_3  | WARNING: All illegal access operations will be denied in a future release
om2_1       | 2019-10-31 03:26:02,358 INFO db.DBStoreBuilder: Using default column profile:DBProfile.DISK for Table:bucketTable
scm_1       | 2019-10-31 03:25:57,525 INFO pipeline.SCMPipelineManager: No pipeline exists in current db
s3g_1       | 	at org.glassfish.jersey.server.model.ResourceMethodInvoker.invoke(ResourceMethodInvoker.java:493)
om1_1       | 2019-10-31 03:26:02,529 INFO db.DBStoreBuilder: using custom profile for table: openKeyTable
om3_1       | 2019-10-31 03:26:02,258 INFO db.DBStoreBuilder: using custom profile for table: multipartInfoTable
datanode_1  | 2019-10-31 03:26:00,140 [Datanode State Machine Thread - 0] INFO       - DatanodeDetails is persisted to /data/datanode.id
datanode_2  | 2019-10-31 03:26:00,890 [Datanode State Machine Thread - 0] INFO       - Starting XceiverServerRatis 965f8bf9-dd3a-4732-8812-bfce084da6dc at port 9858
datanode_3  | 2019-10-31 03:26:05,315 INFO impl.RaftServerProxy: c9aad3e5-48fc-4157-b139-990651b16ae2: addNew group-84684E3D1812:[c9aad3e5-48fc-4157-b139-990651b16ae2:172.18.0.9:9858] returns group-84684E3D1812:java.util.concurrent.CompletableFuture@663f92cc[Not completed]
om2_1       | 2019-10-31 03:26:02,358 INFO db.DBStoreBuilder: using custom profile for table: keyTable
scm_1       | 2019-10-31 03:25:57,529 WARN server.ServerUtils: ozone.scm.db.dirs is not configured. We recommend adding this setting. Falling back to ozone.metadata.dirs instead.
s3g_1       | 	at org.glassfish.jersey.server.model.ResourceMethodInvoker.apply(ResourceMethodInvoker.java:415)
om1_1       | 2019-10-31 03:26:02,529 INFO db.DBStoreBuilder: Using default column profile:DBProfile.DISK for Table:openKeyTable
om3_1       | 2019-10-31 03:26:02,258 INFO db.DBStoreBuilder: Using default column profile:DBProfile.DISK for Table:multipartInfoTable
datanode_1  | 2019-10-31 03:26:02,098 [Datanode State Machine Thread - 0] INFO       - Attempting to start container services.
datanode_2  | 2019-10-31 03:26:00,904 INFO impl.RaftServerProxy: 965f8bf9-dd3a-4732-8812-bfce084da6dc: start RPC server
datanode_3  | 2019-10-31 03:26:05,330 INFO impl.RaftServerImpl: c9aad3e5-48fc-4157-b139-990651b16ae2: new RaftServerImpl for group-84684E3D1812:[c9aad3e5-48fc-4157-b139-990651b16ae2:172.18.0.9:9858] with ContainerStateMachine:uninitialized
om2_1       | 2019-10-31 03:26:02,358 INFO db.DBStoreBuilder: Using default column profile:DBProfile.DISK for Table:keyTable
scm_1       | 2019-10-31 03:25:57,664 WARN events.EventQueue: No event handler registered for event TypedEvent{payloadType=SafeModeStatus, name='SafeModeStatus'}
s3g_1       | 	at org.glassfish.jersey.server.model.ResourceMethodInvoker.apply(ResourceMethodInvoker.java:104)
om1_1       | 2019-10-31 03:26:02,529 INFO db.DBStoreBuilder: using custom profile for table: s3Table
om3_1       | 2019-10-31 03:26:02,258 INFO db.DBStoreBuilder: using custom profile for table: dTokenTable
datanode_1  | 2019-10-31 03:26:02,102 [Datanode State Machine Thread - 0] INFO       - Background container scanner has been disabled.
datanode_2  | 2019-10-31 03:26:01,009 INFO server.GrpcService: 965f8bf9-dd3a-4732-8812-bfce084da6dc: GrpcService started, listening on 0.0.0.0/0.0.0.0:9858
datanode_3  | 2019-10-31 03:26:05,331 INFO server.RaftServerConfigKeys: raft.server.rpc.timeout.min = 5s (custom)
om2_1       | 2019-10-31 03:26:02,359 INFO db.DBStoreBuilder: using custom profile for table: deletedTable
s3g_1       | 	at org.glassfish.jersey.server.ServerRuntime$1.run(ServerRuntime.java:277)
scm_1       | 2019-10-31 03:25:58,230 INFO ipc.CallQueueManager: Using callQueue: class java.util.concurrent.LinkedBlockingQueue, queueCapacity: 1000, scheduler: class org.apache.hadoop.ipc.DefaultRpcScheduler, ipcBackoff: false.
om1_1       | 2019-10-31 03:26:02,530 INFO db.DBStoreBuilder: Using default column profile:DBProfile.DISK for Table:s3Table
om3_1       | 2019-10-31 03:26:02,258 INFO db.DBStoreBuilder: Using default column profile:DBProfile.DISK for Table:dTokenTable
datanode_1  | 2019-10-31 03:26:02,102 [Datanode State Machine Thread - 0] INFO       - Starting XceiverServerRatis f1dd5af0-b2e7-4c99-a7f3-9094ebcb5974 at port 9858
datanode_2  | WARNING: An illegal reflective access operation has occurred
datanode_3  | 2019-10-31 03:26:05,332 INFO server.RaftServerConfigKeys: raft.server.rpc.timeout.max = 5200ms (custom)
om2_1       | 2019-10-31 03:26:02,359 INFO db.DBStoreBuilder: Using default column profile:DBProfile.DISK for Table:deletedTable
s3g_1       | 	at org.glassfish.jersey.internal.Errors$1.call(Errors.java:272)
scm_1       | 2019-10-31 03:25:58,253 INFO ipc.Server: Starting Socket Reader #1 for port 9861
om1_1       | 2019-10-31 03:26:02,530 INFO db.DBStoreBuilder: using custom profile for table: multipartInfoTable
om3_1       | 2019-10-31 03:26:02,259 INFO db.DBStoreBuilder: using custom profile for table: s3SecretTable
datanode_1  | 2019-10-31 03:26:02,122 INFO impl.RaftServerProxy: f1dd5af0-b2e7-4c99-a7f3-9094ebcb5974: start RPC server
datanode_2  | WARNING: Illegal reflective access by org.apache.ratis.thirdparty.com.google.protobuf.UnsafeUtil (file:/opt/hadoop/share/ozone/lib/ratis-thirdparty-misc-0.2.0.jar) to field java.nio.Buffer.address
om2_1       | 2019-10-31 03:26:02,359 INFO db.DBStoreBuilder: using custom profile for table: openKeyTable
datanode_3  | 2019-10-31 03:26:05,332 INFO server.RaftServerConfigKeys: raft.server.rpcslowness.timeout = 120s (custom)
s3g_1       | 	at org.glassfish.jersey.internal.Errors$1.call(Errors.java:268)
scm_1       | 2019-10-31 03:25:58,290 INFO ipc.CallQueueManager: Using callQueue: class java.util.concurrent.LinkedBlockingQueue, queueCapacity: 1000, scheduler: class org.apache.hadoop.ipc.DefaultRpcScheduler, ipcBackoff: false.
om1_1       | 2019-10-31 03:26:02,530 INFO db.DBStoreBuilder: Using default column profile:DBProfile.DISK for Table:multipartInfoTable
om3_1       | 2019-10-31 03:26:02,259 INFO db.DBStoreBuilder: Using default column profile:DBProfile.DISK for Table:s3SecretTable
datanode_1  | 2019-10-31 03:26:02,232 INFO server.GrpcService: f1dd5af0-b2e7-4c99-a7f3-9094ebcb5974: GrpcService started, listening on 0.0.0.0/0.0.0.0:9858
datanode_2  | WARNING: Please consider reporting this to the maintainers of org.apache.ratis.thirdparty.com.google.protobuf.UnsafeUtil
om2_1       | 2019-10-31 03:26:02,359 INFO db.DBStoreBuilder: Using default column profile:DBProfile.DISK for Table:openKeyTable
datanode_3  | 2019-10-31 03:26:05,333 INFO server.RaftServerConfigKeys: raft.server.sleep.deviation.threshold = 300 (default)
s3g_1       | 	at org.glassfish.jersey.internal.Errors.process(Errors.java:316)
scm_1       | 2019-10-31 03:25:58,292 INFO ipc.Server: Starting Socket Reader #1 for port 9863
om1_1       | 2019-10-31 03:26:02,530 INFO db.DBStoreBuilder: using custom profile for table: dTokenTable
om3_1       | 2019-10-31 03:26:02,259 INFO db.DBStoreBuilder: using custom profile for table: prefixTable
datanode_1  | WARNING: An illegal reflective access operation has occurred
datanode_2  | WARNING: Use --illegal-access=warn to enable warnings of further illegal reflective access operations
om2_1       | 2019-10-31 03:26:02,359 INFO db.DBStoreBuilder: using custom profile for table: s3Table
datanode_3  | 2019-10-31 03:26:05,333 INFO server.RaftServerConfigKeys: raft.server.log.appender.install.snapshot.enabled = false (custom)
s3g_1       | 	at org.glassfish.jersey.internal.Errors.process(Errors.java:298)
scm_1       | 2019-10-31 03:25:58,311 INFO ipc.CallQueueManager: Using callQueue: class java.util.concurrent.LinkedBlockingQueue, queueCapacity: 1000, scheduler: class org.apache.hadoop.ipc.DefaultRpcScheduler, ipcBackoff: false.
om1_1       | 2019-10-31 03:26:02,530 INFO db.DBStoreBuilder: Using default column profile:DBProfile.DISK for Table:dTokenTable
om3_1       | 2019-10-31 03:26:02,259 INFO db.DBStoreBuilder: Using default column profile:DBProfile.DISK for Table:prefixTable
datanode_1  | WARNING: Illegal reflective access by org.apache.ratis.thirdparty.com.google.protobuf.UnsafeUtil (file:/opt/hadoop/share/ozone/lib/ratis-thirdparty-misc-0.2.0.jar) to field java.nio.Buffer.address
datanode_2  | WARNING: All illegal access operations will be denied in a future release
om2_1       | 2019-10-31 03:26:02,359 INFO db.DBStoreBuilder: Using default column profile:DBProfile.DISK for Table:s3Table
datanode_3  | 2019-10-31 03:26:05,339 INFO impl.RaftServerImpl: c9aad3e5-48fc-4157-b139-990651b16ae2@group-84684E3D1812: ConfigurationManager, init=-1: [c9aad3e5-48fc-4157-b139-990651b16ae2:172.18.0.9:9858], old=null, confs=<EMPTY_MAP>
s3g_1       | 	at org.glassfish.jersey.internal.Errors.process(Errors.java:268)
scm_1       | 2019-10-31 03:25:58,312 INFO ipc.Server: Starting Socket Reader #1 for port 9860
om1_1       | 2019-10-31 03:26:02,530 INFO db.DBStoreBuilder: using custom profile for table: s3SecretTable
datanode_1  | WARNING: Please consider reporting this to the maintainers of org.apache.ratis.thirdparty.com.google.protobuf.UnsafeUtil
om3_1       | 2019-10-31 03:26:02,272 INFO db.DBStoreBuilder: using custom profile for table: default
om2_1       | 2019-10-31 03:26:02,360 INFO db.DBStoreBuilder: using custom profile for table: multipartInfoTable
datanode_2  | 2019-10-31 03:26:03,664 INFO impl.RaftServerProxy: 965f8bf9-dd3a-4732-8812-bfce084da6dc: addNew group-774B16B63CEE:[965f8bf9-dd3a-4732-8812-bfce084da6dc:172.18.0.4:9858] returns group-774B16B63CEE:java.util.concurrent.CompletableFuture@20a7a1f6[Not completed]
datanode_3  | 2019-10-31 03:26:05,340 INFO server.RaftServerConfigKeys: raft.server.storage.dir = [/data/metadata/ratis] (custom)
s3g_1       | 	at org.glassfish.jersey.process.internal.RequestScope.runInScope(RequestScope.java:289)
scm_1       | 2019-10-31 03:25:58,340 INFO hdfs.DFSUtil: Starting Web-server for scm at: http://0.0.0.0:9876
om1_1       | 2019-10-31 03:26:02,530 INFO db.DBStoreBuilder: Using default column profile:DBProfile.DISK for Table:s3SecretTable
datanode_1  | WARNING: Use --illegal-access=warn to enable warnings of further illegal reflective access operations
om3_1       | 2019-10-31 03:26:02,272 INFO db.DBStoreBuilder: Using default column profile:DBProfile.DISK for Table:default
om2_1       | 2019-10-31 03:26:02,360 INFO db.DBStoreBuilder: Using default column profile:DBProfile.DISK for Table:multipartInfoTable
datanode_2  | 2019-10-31 03:26:03,682 INFO impl.RaftServerImpl: 965f8bf9-dd3a-4732-8812-bfce084da6dc: new RaftServerImpl for group-774B16B63CEE:[965f8bf9-dd3a-4732-8812-bfce084da6dc:172.18.0.4:9858] with ContainerStateMachine:uninitialized
datanode_3  | 2019-10-31 03:26:05,344 INFO server.RaftServerConfigKeys: raft.server.log.corruption.policy = EXCEPTION (default)
scm_1       | 2019-10-31 03:25:58,531 INFO server.AuthenticationFilter: Unable to initialize FileSignerSecretProvider, falling back to use random secrets.
s3g_1       | 	at org.glassfish.jersey.server.ServerRuntime.process(ServerRuntime.java:256)
om1_1       | 2019-10-31 03:26:02,530 INFO db.DBStoreBuilder: using custom profile for table: prefixTable
datanode_1  | WARNING: All illegal access operations will be denied in a future release
om3_1       | 2019-10-31 03:26:02,273 INFO db.DBStoreBuilder: Using default options. DBProfile.DISK
om2_1       | 2019-10-31 03:26:02,360 INFO db.DBStoreBuilder: using custom profile for table: dTokenTable
datanode_2  | 2019-10-31 03:26:03,683 INFO server.RaftServerConfigKeys: raft.server.rpc.timeout.min = 5s (custom)
datanode_3  | 2019-10-31 03:26:05,346 INFO storage.RaftStorageDirectory: The storage directory /data/metadata/ratis/efa4633e-7fe2-4562-9c6c-84684e3d1812 does not exist. Creating ...
scm_1       | 2019-10-31 03:25:58,550 INFO http.HttpRequestLog: Http request log for http.requests.scm is not defined
s3g_1       | 	at org.glassfish.jersey.server.ApplicationHandler.handle(ApplicationHandler.java:703)
om1_1       | 2019-10-31 03:26:02,531 INFO db.DBStoreBuilder: Using default column profile:DBProfile.DISK for Table:prefixTable
om3_1       | 2019-10-31 03:26:03,114 WARN scm.HddsServerUtil: Storage directory for Ratis is not configured. It is a good idea to map this to an SSD disk. Falling back to ozone.metadata.dirs
datanode_1  | 2019-10-31 03:26:04,273 INFO impl.RaftServerProxy: f1dd5af0-b2e7-4c99-a7f3-9094ebcb5974: addNew group-D2C1FB53C52F:[f1dd5af0-b2e7-4c99-a7f3-9094ebcb5974:172.18.0.8:9858] returns group-D2C1FB53C52F:java.util.concurrent.CompletableFuture@6ca312f6[Not completed]
om2_1       | 2019-10-31 03:26:02,360 INFO db.DBStoreBuilder: Using default column profile:DBProfile.DISK for Table:dTokenTable
datanode_2  | 2019-10-31 03:26:03,684 INFO server.RaftServerConfigKeys: raft.server.rpc.timeout.max = 5200ms (custom)
datanode_3  | 2019-10-31 03:26:05,363 INFO storage.RaftStorageDirectory: Lock on /data/metadata/ratis/efa4633e-7fe2-4562-9c6c-84684e3d1812/in_use.lock acquired by nodename 7@ae711a9c6f57
scm_1       | 2019-10-31 03:25:58,560 INFO http.HttpServer2: Added global filter 'safety' (class=org.apache.hadoop.http.HttpServer2$QuotingInputFilter)
s3g_1       | 	at org.glassfish.jersey.servlet.WebComponent.serviceImpl(WebComponent.java:416)
om1_1       | 2019-10-31 03:26:02,541 INFO db.DBStoreBuilder: using custom profile for table: default
om3_1       | 2019-10-31 03:26:03,140 [main] INFO       - Instantiating OM Ratis server with GroupID: id1 and Raft Peers: om3:9872, om1:9872, om2:9872
datanode_1  | 2019-10-31 03:26:04,286 INFO impl.RaftServerImpl: f1dd5af0-b2e7-4c99-a7f3-9094ebcb5974: new RaftServerImpl for group-D2C1FB53C52F:[f1dd5af0-b2e7-4c99-a7f3-9094ebcb5974:172.18.0.8:9858] with ContainerStateMachine:uninitialized
om2_1       | 2019-10-31 03:26:02,360 INFO db.DBStoreBuilder: using custom profile for table: s3SecretTable
datanode_2  | 2019-10-31 03:26:03,684 INFO server.RaftServerConfigKeys: raft.server.rpcslowness.timeout = 120s (custom)
datanode_3  | 2019-10-31 03:26:05,378 INFO storage.RaftStorage: Storage directory /data/metadata/ratis/efa4633e-7fe2-4562-9c6c-84684e3d1812 has been successfully formatted.
scm_1       | 2019-10-31 03:25:58,563 INFO http.HttpServer2: Added filter static_user_filter (class=org.apache.hadoop.http.lib.StaticUserWebFilter$StaticUserFilter) to context scm
s3g_1       | 	at org.glassfish.jersey.servlet.WebComponent.service(WebComponent.java:370)
om1_1       | 2019-10-31 03:26:02,541 INFO db.DBStoreBuilder: Using default column profile:DBProfile.DISK for Table:default
om3_1       | 2019-10-31 03:26:03,166 INFO impl.RaftServerProxy: raft.rpc.type = GRPC (default)
datanode_1  | 2019-10-31 03:26:04,287 INFO server.RaftServerConfigKeys: raft.server.rpc.timeout.min = 5s (custom)
om2_1       | 2019-10-31 03:26:02,360 INFO db.DBStoreBuilder: Using default column profile:DBProfile.DISK for Table:s3SecretTable
datanode_2  | 2019-10-31 03:26:03,684 INFO server.RaftServerConfigKeys: raft.server.sleep.deviation.threshold = 300 (default)
scm_1       | 2019-10-31 03:25:58,564 INFO http.HttpServer2: Added filter static_user_filter (class=org.apache.hadoop.http.lib.StaticUserWebFilter$StaticUserFilter) to context static
datanode_3  | 2019-10-31 03:26:05,382 [pool-8-thread-1] INFO       - group-84684E3D1812: The snapshot info is null. Setting the last applied indexto:(t:0, i:~)
s3g_1       | 	at org.glassfish.jersey.servlet.ServletContainer.service(ServletContainer.java:389)
om3_1       | 2019-10-31 03:26:03,217 INFO grpc.GrpcFactory: PERFORMANCE WARNING: useCacheForAllThreads is true that may cause Netty to create a lot garbage objects and, as a result, trigger GC.
om1_1       | 2019-10-31 03:26:02,542 INFO db.DBStoreBuilder: Using default options. DBProfile.DISK
datanode_1  | 2019-10-31 03:26:04,288 INFO server.RaftServerConfigKeys: raft.server.rpc.timeout.max = 5200ms (custom)
datanode_2  | 2019-10-31 03:26:03,685 INFO server.RaftServerConfigKeys: raft.server.log.appender.install.snapshot.enabled = false (custom)
scm_1       | 2019-10-31 03:25:58,564 INFO http.HttpServer2: Added filter static_user_filter (class=org.apache.hadoop.http.lib.StaticUserWebFilter$StaticUserFilter) to context logs
om2_1       | 2019-10-31 03:26:02,360 INFO db.DBStoreBuilder: using custom profile for table: prefixTable
datanode_3  | 2019-10-31 03:26:05,382 INFO server.RaftServerConfigKeys: raft.server.notification.no-leader.timeout = 120s (custom)
s3g_1       | 	at org.glassfish.jersey.servlet.ServletContainer.service(ServletContainer.java:342)
om3_1       | 	It is recommended to disable useCacheForAllThreads by setting -Dorg.apache.ratis.thirdparty.io.netty.allocator.useCacheForAllThreads=false in command line.
om1_1       | 2019-10-31 03:26:03,340 WARN scm.HddsServerUtil: Storage directory for Ratis is not configured. It is a good idea to map this to an SSD disk. Falling back to ozone.metadata.dirs
datanode_1  | 2019-10-31 03:26:04,288 INFO server.RaftServerConfigKeys: raft.server.rpcslowness.timeout = 120s (custom)
datanode_2  | 2019-10-31 03:26:03,691 INFO impl.RaftServerImpl: 965f8bf9-dd3a-4732-8812-bfce084da6dc@group-774B16B63CEE: ConfigurationManager, init=-1: [965f8bf9-dd3a-4732-8812-bfce084da6dc:172.18.0.4:9858], old=null, confs=<EMPTY_MAP>
scm_1       | 2019-10-31 03:25:58,593 WARN server.BaseHttpServer: /prof java profiling servlet is activated. Not safe for production!
om2_1       | 2019-10-31 03:26:02,360 INFO db.DBStoreBuilder: Using default column profile:DBProfile.DISK for Table:prefixTable
s3g_1       | 	at org.glassfish.jersey.servlet.ServletContainer.service(ServletContainer.java:229)
om3_1       | 2019-10-31 03:26:03,221 INFO grpc.GrpcConfigKeys$Server: raft.grpc.server.port = 9872 (custom)
om1_1       | 2019-10-31 03:26:03,365 [main] INFO       - Instantiating OM Ratis server with GroupID: id1 and Raft Peers: om1:9872, om2:9872, om3:9872
datanode_1  | 2019-10-31 03:26:04,288 INFO server.RaftServerConfigKeys: raft.server.sleep.deviation.threshold = 300 (default)
datanode_2  | 2019-10-31 03:26:03,691 INFO server.RaftServerConfigKeys: raft.server.storage.dir = [/data/metadata/ratis] (custom)
scm_1       | 2019-10-31 03:25:58,604 INFO server.StorageContainerManager: StorageContainerLocationProtocol RPC server is listening at /0.0.0.0:9860
om2_1       | 2019-10-31 03:26:02,371 INFO db.DBStoreBuilder: using custom profile for table: default
datanode_3  | 2019-10-31 03:26:05,384 INFO server.RaftServerConfigKeys: raft.server.log.use.memory = false (default)
om3_1       | 2019-10-31 03:26:03,222 INFO server.GrpcService: raft.grpc.message.size.max = 33554432 (custom)
s3g_1       | 	at org.eclipse.jetty.servlet.ServletHolder.handle(ServletHolder.java:840)
om1_1       | 2019-10-31 03:26:03,394 INFO impl.RaftServerProxy: raft.rpc.type = GRPC (default)
datanode_1  | 2019-10-31 03:26:04,288 INFO server.RaftServerConfigKeys: raft.server.log.appender.install.snapshot.enabled = false (custom)
datanode_2  | 2019-10-31 03:26:03,695 INFO server.RaftServerConfigKeys: raft.server.log.corruption.policy = EXCEPTION (default)
scm_1       | 2019-10-31 03:25:58,685 INFO impl.MetricsConfig: Loaded properties from hadoop-metrics2.properties
om2_1       | 2019-10-31 03:26:02,371 INFO db.DBStoreBuilder: Using default column profile:DBProfile.DISK for Table:default
datanode_3  | 2019-10-31 03:26:05,389 INFO server.RaftServerConfigKeys: raft.server.log.purge.gap = 1000000 (custom)
om3_1       | 2019-10-31 03:26:03,224 INFO server.RaftServerConfigKeys: raft.server.log.appender.buffer.byte-limit = 33554432 (custom)
om1_1       | 2019-10-31 03:26:03,451 INFO grpc.GrpcFactory: PERFORMANCE WARNING: useCacheForAllThreads is true that may cause Netty to create a lot garbage objects and, as a result, trigger GC.
s3g_1       | 	at org.eclipse.jetty.servlet.ServletHandler$CachedChain.doFilter(ServletHandler.java:1780)
datanode_1  | 2019-10-31 03:26:04,294 INFO impl.RaftServerImpl: f1dd5af0-b2e7-4c99-a7f3-9094ebcb5974@group-D2C1FB53C52F: ConfigurationManager, init=-1: [f1dd5af0-b2e7-4c99-a7f3-9094ebcb5974:172.18.0.8:9858], old=null, confs=<EMPTY_MAP>
datanode_2  | 2019-10-31 03:26:03,697 INFO storage.RaftStorageDirectory: The storage directory /data/metadata/ratis/0159502c-6a38-40e4-aa87-774b16b63cee does not exist. Creating ...
scm_1       | 2019-10-31 03:25:58,737 INFO impl.MetricsSystemImpl: Scheduled Metric snapshot period at 10 second(s).
om2_1       | 2019-10-31 03:26:02,372 INFO db.DBStoreBuilder: Using default options. DBProfile.DISK
datanode_3  | 2019-10-31 03:26:05,389 INFO server.RaftServerConfigKeys: raft.server.log.appender.buffer.byte-limit = 33554432 (custom)
om3_1       | 2019-10-31 03:26:03,224 INFO server.GrpcService: raft.grpc.flow.control.window = 1MB (=1048576) (default)
om1_1       | 	It is recommended to disable useCacheForAllThreads by setting -Dorg.apache.ratis.thirdparty.io.netty.allocator.useCacheForAllThreads=false in command line.
s3g_1       | 	at org.apache.hadoop.http.HttpServer2$QuotingInputFilter.doFilter(HttpServer2.java:1609)
datanode_1  | 2019-10-31 03:26:04,294 INFO server.RaftServerConfigKeys: raft.server.storage.dir = [/data/metadata/ratis] (custom)
datanode_2  | 2019-10-31 03:26:03,724 INFO storage.RaftStorageDirectory: Lock on /data/metadata/ratis/0159502c-6a38-40e4-aa87-774b16b63cee/in_use.lock acquired by nodename 7@d453e88b992e
om2_1       | 2019-10-31 03:26:03,119 WARN scm.HddsServerUtil: Storage directory for Ratis is not configured. It is a good idea to map this to an SSD disk. Falling back to ozone.metadata.dirs
datanode_3  | 2019-10-31 03:26:05,391 INFO server.RaftServerConfigKeys: raft.server.log.segment.size.max = 1048576 (custom)
om3_1       | 2019-10-31 03:26:03,225 INFO server.RaftServerConfigKeys: raft.server.rpc.request.timeout = 3000ms (default)
om1_1       | 2019-10-31 03:26:03,458 INFO grpc.GrpcConfigKeys$Server: raft.grpc.server.port = 9872 (custom)
scm_1       | 2019-10-31 03:25:58,738 INFO impl.MetricsSystemImpl: StorageContainerManager metrics system started
s3g_1       | 	at org.eclipse.jetty.servlet.ServletHandler$CachedChain.doFilter(ServletHandler.java:1767)
datanode_1  | 2019-10-31 03:26:04,298 INFO server.RaftServerConfigKeys: raft.server.log.corruption.policy = EXCEPTION (default)
datanode_2  | 2019-10-31 03:26:03,752 INFO storage.RaftStorage: Storage directory /data/metadata/ratis/0159502c-6a38-40e4-aa87-774b16b63cee has been successfully formatted.
om2_1       | 2019-10-31 03:26:03,141 [main] INFO       - Instantiating OM Ratis server with GroupID: id1 and Raft Peers: om2:9872, om1:9872, om3:9872
datanode_3  | 2019-10-31 03:26:05,396 INFO metrics.MetricRegistries: Loaded MetricRegistries class org.apache.ratis.metrics.impl.MetricRegistriesImpl
om3_1       | 2019-10-31 03:26:03,344 INFO server.RaftServerConfigKeys: raft.server.storage.dir = [/data/metadata/ratis] (custom)
om1_1       | 2019-10-31 03:26:03,459 INFO server.GrpcService: raft.grpc.message.size.max = 33554432 (custom)
s3g_1       | 	at org.apache.hadoop.http.NoCacheFilter.doFilter(NoCacheFilter.java:45)
datanode_1  | 2019-10-31 03:26:04,299 INFO storage.RaftStorageDirectory: The storage directory /data/metadata/ratis/9eac70ab-9d86-4ebb-a61d-d2c1fb53c52f does not exist. Creating ...
scm_1       | 2019-10-31 03:25:58,980 INFO server.SCMClientProtocolServer: RPC server for Client  is listening at /0.0.0.0:9860
datanode_3  | 2019-10-31 03:26:05,399 WARN impl.MetricRegistriesImpl: First MetricRegistry has been created without registering reporters. You may need to call MetricRegistries.global().addReportRegistration(...) before.
om2_1       | 2019-10-31 03:26:03,168 INFO impl.RaftServerProxy: raft.rpc.type = GRPC (default)
om3_1       | 2019-10-31 03:26:03,351 INFO impl.RaftServerProxy: om3: addNew group-562213E44849:[om1:om1:9872, om3:om3:9872, om2:om2:9872] returns group-562213E44849:java.util.concurrent.CompletableFuture@65383667[Not completed]
om1_1       | 2019-10-31 03:26:03,461 INFO server.RaftServerConfigKeys: raft.server.log.appender.buffer.byte-limit = 33554432 (custom)
s3g_1       | 	at org.eclipse.jetty.servlet.ServletHandler$CachedChain.doFilter(ServletHandler.java:1767)
datanode_1  | 2019-10-31 03:26:04,328 INFO storage.RaftStorageDirectory: Lock on /data/metadata/ratis/9eac70ab-9d86-4ebb-a61d-d2c1fb53c52f/in_use.lock acquired by nodename 7@0347b37e2dfd
scm_1       | 2019-10-31 03:25:58,981 INFO ipc.Server: IPC Server Responder: starting
datanode_2  | 2019-10-31 03:26:03,758 [pool-8-thread-1] INFO       - group-774B16B63CEE: The snapshot info is null. Setting the last applied indexto:(t:0, i:~)
datanode_3  | 2019-10-31 03:26:05,403 INFO server.RaftServerConfigKeys: raft.server.log.segment.cache.num.max = 2 (custom)
om2_1       | 2019-10-31 03:26:03,221 INFO grpc.GrpcFactory: PERFORMANCE WARNING: useCacheForAllThreads is true that may cause Netty to create a lot garbage objects and, as a result, trigger GC.
om3_1       | 2019-10-31 03:26:03,353 [main] INFO       - OzoneManager Ratis server initialized at port 9872
om1_1       | 2019-10-31 03:26:03,462 INFO server.GrpcService: raft.grpc.flow.control.window = 1MB (=1048576) (default)
s3g_1       | 	at org.eclipse.jetty.servlet.ServletHandler.doHandle(ServletHandler.java:583)
datanode_1  | 2019-10-31 03:26:04,352 INFO storage.RaftStorage: Storage directory /data/metadata/ratis/9eac70ab-9d86-4ebb-a61d-d2c1fb53c52f has been successfully formatted.
scm_1       | 2019-10-31 03:25:58,981 INFO ipc.Server: IPC Server listener on 9860: starting
datanode_3  | 2019-10-31 03:26:05,408 INFO segmented.SegmentedRaftLogWorker: new c9aad3e5-48fc-4157-b139-990651b16ae2@group-84684E3D1812-SegmentedRaftLogWorker for RaftStorage:Storage Directory /data/metadata/ratis/efa4633e-7fe2-4562-9c6c-84684e3d1812
om2_1       | 	It is recommended to disable useCacheForAllThreads by setting -Dorg.apache.ratis.thirdparty.io.netty.allocator.useCacheForAllThreads=false in command line.
om1_1       | 2019-10-31 03:26:03,463 INFO server.RaftServerConfigKeys: raft.server.rpc.request.timeout = 3000ms (default)
datanode_2  | 2019-10-31 03:26:03,761 INFO server.RaftServerConfigKeys: raft.server.notification.no-leader.timeout = 120s (custom)
om3_1       | 2019-10-31 03:26:03,355 WARN scm.HddsServerUtil: Storage directory for Ratis is not configured. It is a good idea to map this to an SSD disk. Falling back to ozone.metadata.dirs
s3g_1       | 	at org.eclipse.jetty.server.handler.ScopedHandler.handle(ScopedHandler.java:143)
datanode_3  | 2019-10-31 03:26:05,408 INFO server.RaftServerConfigKeys: raft.server.log.queue.byte-limit = 2147483647 (custom)
scm_1       | 2019-10-31 03:25:58,985 INFO server.StorageContainerManager: ScmBlockLocationProtocol RPC server is listening at /0.0.0.0:9863
