datanode_3  | 2019-10-25 19:04:27,784 INFO impl.RaftServerImpl: 22d278ee-6070-48c8-ad9a-1a80c9bf1d5b@group-8B4AB16FE831: set configuration 0: [22d278ee-6070-48c8-ad9a-1a80c9bf1d5b:172.18.0.6:9858, e8445021-66ce-4733-bb53-b646fbd955b9:172.18.0.4:9858, d234029b-65d0-438c-a7d4-f6e1efda6056:172.18.0.3:9858], old=null at 0
datanode_1  | 2019-10-25 19:04:26,411 INFO impl.RaftServerImpl: d234029b-65d0-438c-a7d4-f6e1efda6056@group-3623DE02D80E: set configuration 0: [d234029b-65d0-438c-a7d4-f6e1efda6056:172.18.0.3:9858], old=null at 0
datanode_2  | 2019-10-25 19:04:27,485 INFO server.RaftServerConfigKeys: raft.server.rpc.sleep.time = 25ms (default)
datanode_3  | 2019-10-25 19:04:27,784 INFO segmented.SegmentedRaftLogWorker: 22d278ee-6070-48c8-ad9a-1a80c9bf1d5b@group-8B4AB16FE831-SegmentedRaftLogWorker: Starting segment from index:0
datanode_1  | 2019-10-25 19:04:26,502 INFO segmented.SegmentedRaftLogWorker: d234029b-65d0-438c-a7d4-f6e1efda6056@group-3623DE02D80E-SegmentedRaftLogWorker: created new log segment /data/metadata/ratis/115b86b1-e80b-4f2d-9069-3623de02d80e/current/log_inprogress_0
datanode_2  | 2019-10-25 19:04:27,489 INFO server.RaftServerConfigKeys: raft.server.write.element-limit = 4096 (default)
datanode_3  | 2019-10-25 19:04:27,821 INFO segmented.SegmentedRaftLogWorker: 22d278ee-6070-48c8-ad9a-1a80c9bf1d5b@group-8B4AB16FE831-SegmentedRaftLogWorker: created new log segment /data/metadata/ratis/add72933-0302-4b45-a71f-8b4ab16fe831/current/log_inprogress_0
datanode_1  | 2019-10-25 19:04:27,659 INFO impl.FollowerState: d234029b-65d0-438c-a7d4-f6e1efda6056@group-8B4AB16FE831-FollowerState: change to CANDIDATE, lastRpcTime:5069ms, electionTimeout:5069ms
datanode_2  | 2019-10-25 19:04:27,495 INFO server.RaftServerConfigKeys: raft.server.watch.timeout = 10s (default)
datanode_1  | 2019-10-25 19:04:27,659 INFO impl.RoleInfo: d234029b-65d0-438c-a7d4-f6e1efda6056: shutdown FollowerState
datanode_2  | 2019-10-25 19:04:27,495 INFO server.RaftServerConfigKeys: raft.server.watch.timeout.denomination = 1s (default)
datanode_3  | 2019-10-25 19:04:27,831 INFO impl.RaftServerImpl: 22d278ee-6070-48c8-ad9a-1a80c9bf1d5b@group-8B4AB16FE831- FOLLOWER: Withhold vote from candidate d234029b-65d0-438c-a7d4-f6e1efda6056 with term 1. State: leader=e8445021-66ce-4733-bb53-b646fbd955b9, term=1, lastRpcElapsed=48ms
datanode_1  | 2019-10-25 19:04:27,660 INFO impl.RaftServerImpl: d234029b-65d0-438c-a7d4-f6e1efda6056@group-8B4AB16FE831: changes role from  FOLLOWER to CANDIDATE at term 0 for changeToCandidate
datanode_2  | 2019-10-25 19:04:27,496 INFO server.RaftServerConfigKeys: raft.server.watch.element-limit = 65536 (default)
datanode_2  | 2019-10-25 19:04:27,505 INFO impl.RoleInfo: e8445021-66ce-4733-bb53-b646fbd955b9: start LeaderState
datanode_1  | 2019-10-25 19:04:27,660 INFO impl.RoleInfo: d234029b-65d0-438c-a7d4-f6e1efda6056: start LeaderElection
datanode_2  | 2019-10-25 19:04:27,528 INFO segmented.SegmentedRaftLogWorker: e8445021-66ce-4733-bb53-b646fbd955b9@group-4817BF71ABBE-SegmentedRaftLogWorker: Starting segment from index:0
datanode_1  | 2019-10-25 19:04:27,667 INFO impl.LeaderElection: d234029b-65d0-438c-a7d4-f6e1efda6056@group-8B4AB16FE831-LeaderElection2: begin an election at term 1 for -1: [22d278ee-6070-48c8-ad9a-1a80c9bf1d5b:172.18.0.6:9858, e8445021-66ce-4733-bb53-b646fbd955b9:172.18.0.4:9858, d234029b-65d0-438c-a7d4-f6e1efda6056:172.18.0.3:9858], old=null
datanode_2  | 2019-10-25 19:04:27,538 INFO impl.RaftServerImpl: e8445021-66ce-4733-bb53-b646fbd955b9@group-4817BF71ABBE: set configuration 0: [e8445021-66ce-4733-bb53-b646fbd955b9:172.18.0.4:9858], old=null at 0
datanode_1  | 2019-10-25 19:04:27,763 INFO impl.RaftServerImpl: d234029b-65d0-438c-a7d4-f6e1efda6056@group-8B4AB16FE831: changes role from CANDIDATE to FOLLOWER at term 1 for appendEntries
datanode_2  | 2019-10-25 19:04:27,685 INFO segmented.SegmentedRaftLogWorker: e8445021-66ce-4733-bb53-b646fbd955b9@group-4817BF71ABBE-SegmentedRaftLogWorker: created new log segment /data/metadata/ratis/194976f3-2779-4662-8bd2-4817bf71abbe/current/log_inprogress_0
datanode_2  | 2019-10-25 19:04:27,689 INFO impl.LeaderElection: e8445021-66ce-4733-bb53-b646fbd955b9@group-8B4AB16FE831-LeaderElection2: Election PASSED; received 1 response(s) [e8445021-66ce-4733-bb53-b646fbd955b9<-22d278ee-6070-48c8-ad9a-1a80c9bf1d5b#0:OK-t1] and 0 exception(s); e8445021-66ce-4733-bb53-b646fbd955b9@group-8B4AB16FE831:t1, leader=null, voted=e8445021-66ce-4733-bb53-b646fbd955b9, raftlog=e8445021-66ce-4733-bb53-b646fbd955b9@group-8B4AB16FE831-SegmentedRaftLog:OPENED:c-1,f-1,i0, conf=-1: [22d278ee-6070-48c8-ad9a-1a80c9bf1d5b:172.18.0.6:9858, e8445021-66ce-4733-bb53-b646fbd955b9:172.18.0.4:9858, d234029b-65d0-438c-a7d4-f6e1efda6056:172.18.0.3:9858], old=null
datanode_2  | 2019-10-25 19:04:27,689 INFO impl.RoleInfo: e8445021-66ce-4733-bb53-b646fbd955b9: shutdown LeaderElection
datanode_1  | 2019-10-25 19:04:27,763 INFO impl.RoleInfo: d234029b-65d0-438c-a7d4-f6e1efda6056: shutdown LeaderElection
datanode_1  | 2019-10-25 19:04:27,763 INFO impl.RoleInfo: d234029b-65d0-438c-a7d4-f6e1efda6056: start FollowerState
datanode_1  | 2019-10-25 19:04:27,763 INFO impl.RaftServerImpl: d234029b-65d0-438c-a7d4-f6e1efda6056@group-8B4AB16FE831: change Leader from null to e8445021-66ce-4733-bb53-b646fbd955b9 at term 1 for appendEntries, leader elected after 5181ms
datanode_2  | 2019-10-25 19:04:27,690 INFO impl.RaftServerImpl: e8445021-66ce-4733-bb53-b646fbd955b9@group-8B4AB16FE831: changes role from CANDIDATE to LEADER at term 1 for changeToLeader
datanode_2  | 2019-10-25 19:04:27,690 INFO impl.RaftServerImpl: e8445021-66ce-4733-bb53-b646fbd955b9@group-8B4AB16FE831: change Leader from null to e8445021-66ce-4733-bb53-b646fbd955b9 at term 1 for becomeLeader, leader elected after 5290ms
datanode_1  | 2019-10-25 19:04:27,804 INFO impl.RaftServerImpl: d234029b-65d0-438c-a7d4-f6e1efda6056@group-8B4AB16FE831: set configuration 0: [22d278ee-6070-48c8-ad9a-1a80c9bf1d5b:172.18.0.6:9858, e8445021-66ce-4733-bb53-b646fbd955b9:172.18.0.4:9858, d234029b-65d0-438c-a7d4-f6e1efda6056:172.18.0.3:9858], old=null at 0
datanode_2  | 2019-10-25 19:04:27,690 INFO server.RaftServerConfigKeys: raft.server.staging.catchup.gap = 1000 (default)
datanode_2  | 2019-10-25 19:04:27,690 INFO server.RaftServerConfigKeys: raft.server.rpc.sleep.time = 25ms (default)
datanode_2  | 2019-10-25 19:04:27,690 INFO server.RaftServerConfigKeys: raft.server.write.element-limit = 4096 (default)
datanode_2  | 2019-10-25 19:04:27,691 INFO server.RaftServerConfigKeys: raft.server.watch.timeout = 10s (default)
datanode_2  | 2019-10-25 19:04:27,691 INFO server.RaftServerConfigKeys: raft.server.watch.timeout.denomination = 1s (default)
datanode_1  | 2019-10-25 19:04:27,804 INFO segmented.SegmentedRaftLogWorker: d234029b-65d0-438c-a7d4-f6e1efda6056@group-8B4AB16FE831-SegmentedRaftLogWorker: Starting segment from index:0
datanode_2  | 2019-10-25 19:04:27,691 INFO server.RaftServerConfigKeys: raft.server.watch.element-limit = 65536 (default)
datanode_1  | 2019-10-25 19:04:27,838 INFO segmented.SegmentedRaftLogWorker: d234029b-65d0-438c-a7d4-f6e1efda6056@group-8B4AB16FE831-SegmentedRaftLogWorker: created new log segment /data/metadata/ratis/add72933-0302-4b45-a71f-8b4ab16fe831/current/log_inprogress_0
datanode_1  | 2019-10-25 19:04:27,846 INFO impl.LeaderElection: d234029b-65d0-438c-a7d4-f6e1efda6056@group-8B4AB16FE831-LeaderElection2: Election REJECTED; received 1 response(s) [d234029b-65d0-438c-a7d4-f6e1efda6056<-22d278ee-6070-48c8-ad9a-1a80c9bf1d5b#0:FAIL-t1] and 0 exception(s); d234029b-65d0-438c-a7d4-f6e1efda6056@group-8B4AB16FE831:t1, leader=e8445021-66ce-4733-bb53-b646fbd955b9, voted=d234029b-65d0-438c-a7d4-f6e1efda6056, raftlog=d234029b-65d0-438c-a7d4-f6e1efda6056@group-8B4AB16FE831-SegmentedRaftLog:OPENED:c-1,f-1,i0, conf=0: [22d278ee-6070-48c8-ad9a-1a80c9bf1d5b:172.18.0.6:9858, e8445021-66ce-4733-bb53-b646fbd955b9:172.18.0.4:9858, d234029b-65d0-438c-a7d4-f6e1efda6056:172.18.0.3:9858], old=null
datanode_2  | 2019-10-25 19:04:27,693 INFO server.RaftServerConfigKeys: raft.server.log.appender.snapshot.chunk.size.max = 16MB (=16777216) (default)
datanode_2  | 2019-10-25 19:04:27,694 INFO server.RaftServerConfigKeys: raft.server.log.appender.buffer.byte-limit = 33554432 (custom)
datanode_2  | 2019-10-25 19:04:27,694 INFO server.RaftServerConfigKeys: raft.server.log.appender.buffer.element-limit = 1 (custom)
datanode_2  | 2019-10-25 19:04:27,697 INFO grpc.GrpcConfigKeys$Server: raft.grpc.server.leader.outstanding.appends.max = 128 (default)
datanode_2  | 2019-10-25 19:04:27,698 INFO server.RaftServerConfigKeys: raft.server.rpc.request.timeout = 3000ms (default)
datanode_2  | 2019-10-25 19:04:27,698 INFO server.RaftServerConfigKeys: raft.server.log.appender.install.snapshot.enabled = false (custom)
datanode_2  | 2019-10-25 19:04:27,699 WARN impl.MetricRegistriesImpl: First MetricRegistry has been created without registering reporters. You may need to call MetricRegistries.global().addReportRegistration(...) before.
datanode_2  | 2019-10-25 19:04:27,700 INFO server.RaftServerConfigKeys: raft.server.log.appender.snapshot.chunk.size.max = 16MB (=16777216) (default)
datanode_2  | 2019-10-25 19:04:27,700 INFO server.RaftServerConfigKeys: raft.server.log.appender.buffer.byte-limit = 33554432 (custom)
datanode_2  | 2019-10-25 19:04:27,701 INFO server.RaftServerConfigKeys: raft.server.log.appender.buffer.element-limit = 1 (custom)
datanode_2  | 2019-10-25 19:04:27,701 INFO grpc.GrpcConfigKeys$Server: raft.grpc.server.leader.outstanding.appends.max = 128 (default)
datanode_2  | 2019-10-25 19:04:27,701 INFO server.RaftServerConfigKeys: raft.server.rpc.request.timeout = 3000ms (default)
datanode_2  | 2019-10-25 19:04:27,701 INFO server.RaftServerConfigKeys: raft.server.log.appender.install.snapshot.enabled = false (custom)
datanode_2  | 2019-10-25 19:04:27,704 INFO impl.RoleInfo: e8445021-66ce-4733-bb53-b646fbd955b9: start LeaderState
datanode_2  | 2019-10-25 19:04:27,704 INFO segmented.SegmentedRaftLogWorker: e8445021-66ce-4733-bb53-b646fbd955b9@group-8B4AB16FE831-SegmentedRaftLogWorker: Starting segment from index:0
datanode_2  | 2019-10-25 19:04:27,705 INFO impl.RaftServerImpl: e8445021-66ce-4733-bb53-b646fbd955b9@group-8B4AB16FE831: set configuration 0: [22d278ee-6070-48c8-ad9a-1a80c9bf1d5b:172.18.0.6:9858, e8445021-66ce-4733-bb53-b646fbd955b9:172.18.0.4:9858, d234029b-65d0-438c-a7d4-f6e1efda6056:172.18.0.3:9858], old=null at 0
datanode_2  | 2019-10-25 19:04:27,751 INFO segmented.SegmentedRaftLogWorker: e8445021-66ce-4733-bb53-b646fbd955b9@group-8B4AB16FE831-SegmentedRaftLogWorker: created new log segment /data/metadata/ratis/add72933-0302-4b45-a71f-8b4ab16fe831/current/log_inprogress_0
datanode_2  | 2019-10-25 19:04:27,832 INFO impl.RaftServerImpl: e8445021-66ce-4733-bb53-b646fbd955b9@group-8B4AB16FE831-   LEADER: Withhold vote from candidate d234029b-65d0-438c-a7d4-f6e1efda6056 with term 1. State: leader=e8445021-66ce-4733-bb53-b646fbd955b9, term=1, lastRpcElapsed=null
datanode_2  | 2019-10-25 19:05:08,433 WARN client.GrpcClientProtocolService: 3-UnorderedRequestStreamObserver3: onError: org.apache.ratis.thirdparty.io.grpc.StatusRuntimeException: CANCELLED: cancelled before receiving half close
datanode_2  | 2019-10-25 19:05:08,433 WARN client.GrpcClientProtocolService: 2-OrderedRequestStreamObserver2: onError: org.apache.ratis.thirdparty.io.grpc.StatusRuntimeException: CANCELLED: cancelled before receiving half close
datanode_2  | 2019-10-25 19:05:22,106 WARN client.GrpcClientProtocolService: 4-OrderedRequestStreamObserver4: onError: org.apache.ratis.thirdparty.io.grpc.StatusRuntimeException: CANCELLED: cancelled before receiving half close
datanode_2  | 2019-10-25 19:05:22,106 WARN client.GrpcClientProtocolService: 5-UnorderedRequestStreamObserver5: onError: org.apache.ratis.thirdparty.io.grpc.StatusRuntimeException: CANCELLED: cancelled before receiving half close
datanode_2  | 2019-10-25 19:05:34,907 WARN client.GrpcClientProtocolService: 6-OrderedRequestStreamObserver6: onError: org.apache.ratis.thirdparty.io.grpc.StatusRuntimeException: CANCELLED: cancelled before receiving half close
datanode_2  | 2019-10-25 19:05:34,907 WARN client.GrpcClientProtocolService: 7-UnorderedRequestStreamObserver7: onError: org.apache.ratis.thirdparty.io.grpc.StatusRuntimeException: CANCELLED: cancelled before receiving half close
datanode_2  | 2019-10-25 19:05:47,846 WARN client.GrpcClientProtocolService: 8-OrderedRequestStreamObserver8: onError: org.apache.ratis.thirdparty.io.grpc.StatusRuntimeException: CANCELLED: cancelled before receiving half close
datanode_2  | 2019-10-25 19:05:47,846 WARN client.GrpcClientProtocolService: 9-UnorderedRequestStreamObserver9: onError: org.apache.ratis.thirdparty.io.grpc.StatusRuntimeException: CANCELLED: cancelled before receiving half close
