nm_1        | 2019-11-14 03:48:56 INFO  HttpServer2:948 - Added filter authentication (class=org.apache.hadoop.security.authentication.server.AuthenticationFilter) to context node
om_1        | 2019-11-14 03:49:06,191 INFO http.HttpServer2: Added filter static_user_filter (class=org.apache.hadoop.http.lib.StaticUserWebFilter$StaticUserFilter) to context static
datanode_3  | 2019-11-14 03:49:07,830 INFO server.RaftServerConfigKeys: raft.server.retrycache.expirytime = 600000ms (custom)
kms_1       | 	at org.apache.hadoop.http.HttpServer2$QuotingInputFilter.doFilter(HttpServer2.java:1609)
jhs         | Nov 14, 2019 3:49:55 AM com.sun.jersey.server.wadl.generators.AbstractWadlGeneratorGrammarGenerator attachTypes
datanode_2  | 2019-11-14 03:49:08,308 INFO server.RaftServerConfigKeys: raft.server.log.statemachine.data.sync.timeout.retry = -1 (default)
kdc_1       | Nov 14 03:48:36 kdc krb5kdc[9](info): AS_REQ (8 etypes {18 17 20 19 16 23 25 26}) 127.0.0.1: SERVER_NOT_FOUND: admin/admin@EXAMPLE.COM for kadmin/localhost@EXAMPLE.COM, Server not found in Kerberos database
scm_1       | 2019-11-14 03:49:04,277 INFO ipc.Server: Auth successful for dn/c60e921fea16@EXAMPLE.COM (auth:KERBEROS)
datanode_1  | 2019-11-14 03:49:07,340 INFO server.RaftServerConfigKeys: raft.server.retrycache.expirytime = 600000ms (custom)
nm_1        | 2019-11-14 03:48:56 INFO  HttpServer2:958 - Added filter authentication (class=org.apache.hadoop.security.authentication.server.AuthenticationFilter) to context static
rm_1        | 2019-11-14 03:48:55 INFO  AMSProcessingChain:62 - Initializing AMS Processing chain. Root Processor=[org.apache.hadoop.yarn.server.resourcemanager.DefaultAMSProcessor].
om_1        | 2019-11-14 03:49:06,219 INFO http.HttpServer2: Jetty bound to port 9874
datanode_3  | 2019-11-14 03:49:07,858 WARN impl.MetricRegistriesImpl: First MetricRegistry has been created without registering reporters. You may need to call MetricRegistries.global().addReportRegistration(...) before.
kms_1       | 	at org.eclipse.jetty.servlet.ServletHandler$CachedChain.doFilter(ServletHandler.java:1759)
jhs         | INFO: Couldn't find grammar element for class javax.ws.rs.core.Response
kdc_1       | Nov 14 03:48:36 kdc krb5kdc[9](info): AS_REQ (8 etypes {18 17 20 19 16 23 25 26}) 127.0.0.1: ISSUE: authtime 1573703316, etypes {rep=18 tkt=18 ses=18}, admin/admin@EXAMPLE.COM for kadmin/admin@EXAMPLE.COM
scm_1       | 2019-11-14 03:49:04,294 INFO ipc.Server: Auth successful for dn/84bcce760a71@EXAMPLE.COM (auth:KERBEROS)
datanode_2  | 2019-11-14 03:49:08,316 INFO server.RaftServerConfigKeys: raft.server.log.statemachine.data.caching.enabled = true (custom)
datanode_1  | 2019-11-14 03:49:07,357 WARN impl.MetricRegistriesImpl: First MetricRegistry has been created without registering reporters. You may need to call MetricRegistries.global().addReportRegistration(...) before.
nm_1        | 2019-11-14 03:48:56 INFO  HttpServer2:958 - Added filter authentication (class=org.apache.hadoop.security.authentication.server.AuthenticationFilter) to context logs
rm_1        | 2019-11-14 03:48:55 INFO  ApplicationMasterService:129 - disabled placement handler will be used, all scheduling requests will be rejected.
om_1        | 2019-11-14 03:49:06,221 INFO server.Server: jetty-9.3.25.v20180904, build timestamp: 2018-09-04T21:11:46Z, git hash: 3ce520221d0240229c862b122d2b06c12a625732
datanode_3  | 2019-11-14 03:49:07,860 WARN impl.MetricRegistriesImpl: First MetricRegistry has been created without registering reporters. You may need to call MetricRegistries.global().addReportRegistration(...) before.
kms_1       | 	at org.apache.hadoop.http.NoCacheFilter.doFilter(NoCacheFilter.java:45)
jhs         | Nov 14, 2019 3:49:55 AM com.sun.jersey.server.wadl.generators.AbstractWadlGeneratorGrammarGenerator attachTypes
kdc_1       | Nov 14 03:48:36 kdc krb5kdc[9](info): AS_REQ (8 etypes {18 17 20 19 16 23 25 26}) 127.0.0.1: SERVER_NOT_FOUND: admin/admin@EXAMPLE.COM for kadmin/localhost@EXAMPLE.COM, Server not found in Kerberos database
scm_1       | 2019-11-14 03:49:04,297 INFO ipc.Server: Auth successful for dn/ebdf97b8833d@EXAMPLE.COM (auth:KERBEROS)
datanode_2  | 2019-11-14 03:49:08,321 INFO segmented.SegmentedRaftLogWorker: b9ebf236-5f92-4924-b619-b3c0696a38a7@group-D608AF159983-SegmentedRaftLogWorker: flushIndex: setUnconditionally 0 -> -1
datanode_1  | 2019-11-14 03:49:07,359 WARN impl.MetricRegistriesImpl: First MetricRegistry has been created without registering reporters. You may need to call MetricRegistries.global().addReportRegistration(...) before.
nm_1        | 2019-11-14 03:48:56 INFO  HttpServer2:613 - adding path spec: /node/*
rm_1        | 2019-11-14 03:48:55 INFO  AMSProcessingChain:75 - Adding [org.apache.hadoop.yarn.server.resourcemanager.scheduler.constraint.processor.DisabledPlacementProcessor] tp top of AMS Processing chain. 
om_1        | 2019-11-14 03:49:06,254 INFO handler.ContextHandler: Started o.e.j.s.ServletContextHandler@4cb957b8{/logs,file:///var/log/hadoop/,AVAILABLE}
datanode_3  | 2019-11-14 03:49:07,862 INFO impl.RaftServerImpl: 551fd489-a8fd-424c-857d-903d7f5b1e37@group-65B5A24CD0EF: start as a follower, conf=-1: [551fd489-a8fd-424c-857d-903d7f5b1e37:172.19.0.4:9858], old=null
kms_1       | 	at org.eclipse.jetty.servlet.ServletHandler$CachedChain.doFilter(ServletHandler.java:1759)
jhs         | INFO: Couldn't find grammar element for class javax.ws.rs.core.Response
kdc_1       | Nov 14 03:48:36 kdc krb5kdc[9](info): AS_REQ (8 etypes {18 17 20 19 16 23 25 26}) 127.0.0.1: ISSUE: authtime 1573703316, etypes {rep=18 tkt=18 ses=18}, admin/admin@EXAMPLE.COM for kadmin/admin@EXAMPLE.COM
scm_1       | 2019-11-14 03:49:04,453 INFO ipc.Server: Auth successful for om/om@EXAMPLE.COM (auth:KERBEROS)
datanode_2  | 2019-11-14 03:49:08,326 INFO server.RaftServerConfigKeys: raft.server.snapshot.auto.trigger.enabled = true (custom)
datanode_1  | 2019-11-14 03:49:07,360 INFO impl.RaftServerImpl: 4b8be858-1bd8-4431-9a0d-20db95d9e0d7@group-11DD93F92EA2: start as a follower, conf=-1: [4b8be858-1bd8-4431-9a0d-20db95d9e0d7:172.19.0.3:9858], old=null
nm_1        | 2019-11-14 03:48:56 INFO  HttpServer2:613 - adding path spec: /ws/*
rm_1        | 2019-11-14 03:48:55 INFO  TimelineClientImpl:129 - Timeline service address: jhs:8188
om_1        | 2019-11-14 03:49:06,255 INFO handler.ContextHandler: Started o.e.j.s.ServletContextHandler@79e7188e{/static,jar:file:/opt/hadoop/share/ozone/lib/hadoop-ozone-ozone-manager-0.5.0-SNAPSHOT.jar!/webapps/static,AVAILABLE}
datanode_3  | 2019-11-14 03:49:07,863 INFO impl.RaftServerImpl: 551fd489-a8fd-424c-857d-903d7f5b1e37@group-65B5A24CD0EF: changes role from      null to FOLLOWER at term 0 for startAsFollower
kms_1       | 	at org.eclipse.jetty.servlet.ServletHandler.doHandle(ServletHandler.java:582)
jhs         | Nov 14, 2019 3:49:55 AM com.sun.jersey.server.wadl.generators.AbstractWadlGeneratorGrammarGenerator attachTypes
kdc_1       | Nov 14 03:48:36 kdc krb5kdc[9](info): AS_REQ (8 etypes {18 17 20 19 16 23 25 26}) 127.0.0.1: SERVER_NOT_FOUND: admin/admin@EXAMPLE.COM for kadmin/localhost@EXAMPLE.COM, Server not found in Kerberos database
scm_1       | 2019-11-14 03:49:06,273 INFO net.NetworkTopology: Added a new node: /default-rack/4b8be858-1bd8-4431-9a0d-20db95d9e0d7
datanode_2  | 2019-11-14 03:49:08,327 INFO server.RaftServerConfigKeys: raft.server.snapshot.auto.trigger.threshold = 10000 (custom)
datanode_1  | 2019-11-14 03:49:07,361 INFO impl.RaftServerImpl: 4b8be858-1bd8-4431-9a0d-20db95d9e0d7@group-11DD93F92EA2: changes role from      null to FOLLOWER at term 0 for startAsFollower
nm_1        | 2019-11-14 03:48:56 INFO  WebApps:395 - Registered webapp guice modules
rm_1        | 2019-11-14 03:48:56 INFO  AsyncDispatcher:223 - Registering class org.apache.hadoop.yarn.server.resourcemanager.metrics.AbstractSystemMetricsPublisher$SystemMetricsEventType for class org.apache.hadoop.yarn.server.resourcemanager.metrics.TimelineServiceV1Publisher$TimelineV1EventHandler
om_1        | 2019-11-14 03:49:06,361 INFO server.KerberosAuthenticationHandler: Using keytab /etc/security/keytabs/HTTP.keytab, for principal HTTP/om@EXAMPLE.COM
datanode_3  | 2019-11-14 03:49:07,864 INFO impl.RoleInfo: 551fd489-a8fd-424c-857d-903d7f5b1e37: start FollowerState
kms_1       | 	at org.eclipse.jetty.server.handler.ScopedHandler.handle(ScopedHandler.java:143)
jhs         | INFO: Couldn't find grammar element for class javax.ws.rs.core.Response
kdc_1       | Nov 14 03:48:36 kdc krb5kdc[9](info): AS_REQ (8 etypes {18 17 20 19 16 23 25 26}) 127.0.0.1: ISSUE: authtime 1573703316, etypes {rep=18 tkt=18 ses=18}, admin/admin@EXAMPLE.COM for kadmin/admin@EXAMPLE.COM
scm_1       | 2019-11-14 03:49:06,273 INFO node.SCMNodeManager: Registered Data node : 4b8be858-1bd8-4431-9a0d-20db95d9e0d7{ip: 172.19.0.3, host: ozonesecure-mr_datanode_1.ozone, networkLocation: /default-rack, certSerialId: 14050099213273635}
datanode_2  | 2019-11-14 03:49:08,327 INFO server.RaftServerConfigKeys: raft.server.snapshot.retention.file.num = 5 (custom)
datanode_1  | 2019-11-14 03:49:07,362 INFO impl.RoleInfo: 4b8be858-1bd8-4431-9a0d-20db95d9e0d7: start FollowerState
nm_1        | 2019-11-14 03:48:56 INFO  HttpServer2:1191 - Jetty bound to port 8042
rm_1        | 2019-11-14 03:48:56 INFO  AsyncDispatcher:223 - Registering class org.apache.hadoop.yarn.server.resourcemanager.metrics.AbstractSystemMetricsPublisher$SystemMetricsEventType for class org.apache.hadoop.yarn.server.resourcemanager.metrics.TimelineServiceV1Publisher$TimelineV1EventHandler
datanode_3  | 2019-11-14 03:49:07,869 INFO util.JmxRegister: Successfully registered JMX Bean with object name Ratis:service=RaftServer,group=group-65B5A24CD0EF,id=551fd489-a8fd-424c-857d-903d7f5b1e37
om_1        | 2019-11-14 03:49:06,369 INFO handler.ContextHandler: Started o.e.j.w.WebAppContext@776015fc{/,file:///tmp/jetty-0.0.0.0-9874-ozoneManager-_-any-12789256299382219878.dir/webapp/,AVAILABLE}{/ozoneManager}
kms_1       | 	at org.eclipse.jetty.security.SecurityHandler.handle(SecurityHandler.java:548)
jhs         | 2019-11-14 03:49:55 INFO  AbstractDelegationTokenSecretManager:403 - Creating password for identifier: (TIMELINE_DELEGATION_TOKEN owner=hadoop, renewer=rm, realUser=, issueDate=1573703395495, maxDate=1574308195495, sequenceNumber=1, masterKeyId=2), currentKey: 2
kdc_1       | Nov 14 03:48:36 kdc krb5kdc[9](info): AS_REQ (8 etypes {18 17 20 19 16 23 25 26}) 127.0.0.1: SERVER_NOT_FOUND: admin/admin@EXAMPLE.COM for kadmin/localhost@EXAMPLE.COM, Server not found in Kerberos database
datanode_2  | 2019-11-14 03:49:08,328 INFO server.RaftServerConfigKeys: raft.server.retrycache.expirytime = 600000ms (custom)
datanode_1  | 2019-11-14 03:49:07,367 INFO util.JmxRegister: Successfully registered JMX Bean with object name Ratis:service=RaftServer,group=group-11DD93F92EA2,id=4b8be858-1bd8-4431-9a0d-20db95d9e0d7
scm_1       | 2019-11-14 03:49:06,276 INFO safemode.SCMSafeModeManager: SCM in safe mode. 1 DataNodes registered, 1 required.
nm_1        | 2019-11-14 03:48:56 INFO  Server:351 - jetty-9.3.24.v20180605, build timestamp: 2018-06-05T17:11:56Z, git hash: 84205aa28f11a4f31f2a3b86d1bba2cc8ab69827
rm_1        | 2019-11-14 03:48:56 INFO  AsyncDispatcher:223 - Registering class org.apache.hadoop.yarn.server.resourcemanager.metrics.AbstractSystemMetricsPublisher$SystemMetricsEventType for class org.apache.hadoop.yarn.server.resourcemanager.metrics.TimelineServiceV1Publisher$TimelineV1EventHandler
datanode_3  | 2019-11-14 03:49:07,871 WARN impl.MetricRegistriesImpl: First MetricRegistry has been created without registering reporters. You may need to call MetricRegistries.global().addReportRegistration(...) before.
om_1        | 2019-11-14 03:49:06,376 INFO server.AbstractConnector: Started ServerConnector@3421debd{HTTP/1.1,[http/1.1]}{0.0.0.0:9874}
kms_1       | 	at org.eclipse.jetty.server.session.SessionHandler.doHandle(SessionHandler.java:226)
jhs         | Nov 14, 2019 3:49:56 AM com.sun.jersey.server.wadl.generators.AbstractWadlGeneratorGrammarGenerator attachTypes
kdc_1       | Nov 14 03:48:36 kdc krb5kdc[9](info): AS_REQ (8 etypes {18 17 20 19 16 23 25 26}) 127.0.0.1: ISSUE: authtime 1573703316, etypes {rep=18 tkt=18 ses=18}, admin/admin@EXAMPLE.COM for kadmin/admin@EXAMPLE.COM
datanode_2  | 2019-11-14 03:49:08,346 WARN impl.MetricRegistriesImpl: First MetricRegistry has been created without registering reporters. You may need to call MetricRegistries.global().addReportRegistration(...) before.
datanode_1  | 2019-11-14 03:49:07,368 WARN impl.MetricRegistriesImpl: First MetricRegistry has been created without registering reporters. You may need to call MetricRegistries.global().addReportRegistration(...) before.
scm_1       | 2019-11-14 03:49:06,277 INFO safemode.SCMSafeModeManager: ScmSafeModeManager, all rules are successfully validated
nm_1        | 2019-11-14 03:48:56 INFO  AuthenticationFilter:240 - Unable to initialize FileSignerSecretProvider, falling back to use random secrets.
rm_1        | 2019-11-14 03:48:56 INFO  AsyncDispatcher:223 - Registering class org.apache.hadoop.yarn.server.resourcemanager.metrics.AbstractSystemMetricsPublisher$SystemMetricsEventType for class org.apache.hadoop.yarn.server.resourcemanager.metrics.TimelineServiceV1Publisher$TimelineV1EventHandler
om_1        | 2019-11-14 03:49:06,376 INFO server.Server: Started @4206ms
kms_1       | 	at org.eclipse.jetty.server.handler.ContextHandler.doHandle(ContextHandler.java:1180)
datanode_3  | 2019-11-14 03:49:08,447 INFO impl.RaftServerProxy: 551fd489-a8fd-424c-857d-903d7f5b1e37: addNew group-98A195FC48A7:[4b8be858-1bd8-4431-9a0d-20db95d9e0d7:172.19.0.3:9858, b9ebf236-5f92-4924-b619-b3c0696a38a7:172.19.0.2:9858, 551fd489-a8fd-424c-857d-903d7f5b1e37:172.19.0.4:9858] returns group-98A195FC48A7:java.util.concurrent.CompletableFuture@37ecad2e[Not completed]
jhs         | INFO: Couldn't find grammar element for class javax.ws.rs.core.Response
kdc_1       | Nov 14 03:48:36 kdc krb5kdc[9](info): AS_REQ (8 etypes {18 17 20 19 16 23 25 26}) 127.0.0.1: SERVER_NOT_FOUND: admin/admin@EXAMPLE.COM for kadmin/localhost@EXAMPLE.COM, Server not found in Kerberos database
datanode_2  | 2019-11-14 03:49:08,348 WARN impl.MetricRegistriesImpl: First MetricRegistry has been created without registering reporters. You may need to call MetricRegistries.global().addReportRegistration(...) before.
datanode_1  | 2019-11-14 03:49:08,464 INFO impl.RaftServerProxy: 4b8be858-1bd8-4431-9a0d-20db95d9e0d7: addNew group-98A195FC48A7:[4b8be858-1bd8-4431-9a0d-20db95d9e0d7:172.19.0.3:9858, b9ebf236-5f92-4924-b619-b3c0696a38a7:172.19.0.2:9858, 551fd489-a8fd-424c-857d-903d7f5b1e37:172.19.0.4:9858] returns group-98A195FC48A7:java.util.concurrent.CompletableFuture@60361a93[Not completed]
scm_1       | 2019-11-14 03:49:06,277 INFO safemode.SCMSafeModeManager: SCM exiting safe mode.
nm_1        | 2019-11-14 03:48:56 INFO  ContextHandler:781 - Started o.e.j.s.ServletContextHandler@476b0ae6{/logs,file:///opt/hadoop/logs/,AVAILABLE}
om_1        | 2019-11-14 03:49:06,379 INFO impl.MetricsSinkAdapter: Sink prometheus started
kms_1       | 	at org.eclipse.jetty.servlet.ServletHandler.doScope(ServletHandler.java:512)
rm_1        | 2019-11-14 03:48:56 INFO  AsyncDispatcher:223 - Registering class org.apache.hadoop.yarn.server.resourcemanager.metrics.AbstractSystemMetricsPublisher$SystemMetricsEventType for class org.apache.hadoop.yarn.server.resourcemanager.metrics.TimelineServiceV1Publisher$TimelineV1EventHandler
jhs         | Nov 14, 2019 3:49:56 AM com.sun.jersey.server.wadl.generators.AbstractWadlGeneratorGrammarGenerator attachTypes
datanode_3  | 2019-11-14 03:49:08,450 INFO impl.RaftServerImpl: 551fd489-a8fd-424c-857d-903d7f5b1e37: new RaftServerImpl for group-98A195FC48A7:[4b8be858-1bd8-4431-9a0d-20db95d9e0d7:172.19.0.3:9858, b9ebf236-5f92-4924-b619-b3c0696a38a7:172.19.0.2:9858, 551fd489-a8fd-424c-857d-903d7f5b1e37:172.19.0.4:9858] with ContainerStateMachine:uninitialized
datanode_2  | 2019-11-14 03:49:08,350 INFO impl.RaftServerImpl: b9ebf236-5f92-4924-b619-b3c0696a38a7@group-D608AF159983: start as a follower, conf=-1: [b9ebf236-5f92-4924-b619-b3c0696a38a7:172.19.0.2:9858], old=null
kdc_1       | Nov 14 03:48:36 kdc krb5kdc[9](info): AS_REQ (8 etypes {18 17 20 19 16 23 25 26}) 127.0.0.1: ISSUE: authtime 1573703316, etypes {rep=18 tkt=18 ses=18}, admin/admin@EXAMPLE.COM for kadmin/admin@EXAMPLE.COM
scm_1       | 2019-11-14 03:49:06,278 INFO net.NetworkTopology: Added a new node: /default-rack/b9ebf236-5f92-4924-b619-b3c0696a38a7
datanode_1  | 2019-11-14 03:49:08,468 INFO impl.RaftServerImpl: 4b8be858-1bd8-4431-9a0d-20db95d9e0d7: new RaftServerImpl for group-98A195FC48A7:[4b8be858-1bd8-4431-9a0d-20db95d9e0d7:172.19.0.3:9858, b9ebf236-5f92-4924-b619-b3c0696a38a7:172.19.0.2:9858, 551fd489-a8fd-424c-857d-903d7f5b1e37:172.19.0.4:9858] with ContainerStateMachine:uninitialized
nm_1        | 2019-11-14 03:48:56 INFO  ContextHandler:781 - Started o.e.j.s.ServletContextHandler@4b3a45f1{/static,jar:file:/opt/hadoop/share/hadoop/yarn/hadoop-yarn-common-3.2.0.jar!/webapps/static,AVAILABLE}
om_1        | 2019-11-14 03:49:06,379 INFO impl.MetricsSystemImpl: Registered sink prometheus
kms_1       | 	at org.eclipse.jetty.server.session.SessionHandler.doScope(SessionHandler.java:185)
rm_1        | 2019-11-14 03:48:56 INFO  AsyncDispatcher:223 - Registering class org.apache.hadoop.yarn.server.resourcemanager.metrics.AbstractSystemMetricsPublisher$SystemMetricsEventType for class org.apache.hadoop.yarn.server.resourcemanager.metrics.TimelineServiceV1Publisher$TimelineV1EventHandler
jhs         | INFO: Couldn't find grammar element for class javax.ws.rs.core.Response
datanode_3  | 2019-11-14 03:49:08,450 INFO server.RaftServerConfigKeys: raft.server.rpc.timeout.min = 5s (custom)
datanode_2  | 2019-11-14 03:49:08,351 INFO impl.RaftServerImpl: b9ebf236-5f92-4924-b619-b3c0696a38a7@group-D608AF159983: changes role from      null to FOLLOWER at term 0 for startAsFollower
scm_1       | 2019-11-14 03:49:06,279 INFO node.SCMNodeManager: Registered Data node : b9ebf236-5f92-4924-b619-b3c0696a38a7{ip: 172.19.0.2, host: ozonesecure-mr_datanode_2.ozone, networkLocation: /default-rack, certSerialId: 14050099170535472}
kdc_1       | Nov 14 03:48:36 kdc krb5kdc[9](info): AS_REQ (8 etypes {18 17 20 19 16 23 25 26}) 127.0.0.1: SERVER_NOT_FOUND: admin/admin@EXAMPLE.COM for kadmin/localhost@EXAMPLE.COM, Server not found in Kerberos database
nm_1        | Nov 14, 2019 3:48:56 AM com.sun.jersey.guice.spi.container.GuiceComponentProviderFactory register
datanode_1  | 2019-11-14 03:49:08,468 INFO server.RaftServerConfigKeys: raft.server.rpc.timeout.min = 5s (custom)
om_1        | 2019-11-14 03:49:06,381 INFO server.BaseHttpServer: HTTP server of OZONEMANAGER is listening at http://0.0.0.0:9874
kms_1       | 	at org.eclipse.jetty.server.handler.ContextHandler.doScope(ContextHandler.java:1112)
rm_1        | 2019-11-14 03:48:56 INFO  AsyncDispatcher:223 - Registering class org.apache.hadoop.yarn.server.resourcemanager.metrics.AbstractSystemMetricsPublisher$SystemMetricsEventType for class org.apache.hadoop.yarn.server.resourcemanager.metrics.TimelineServiceV1Publisher$TimelineV1EventHandler
jhs         | Nov 14, 2019 3:49:56 AM com.sun.jersey.server.wadl.generators.AbstractWadlGeneratorGrammarGenerator attachTypes
datanode_3  | 2019-11-14 03:49:08,450 INFO server.RaftServerConfigKeys: raft.server.rpc.timeout.max = 5200ms (custom)
datanode_2  | 2019-11-14 03:49:08,352 INFO impl.RoleInfo: b9ebf236-5f92-4924-b619-b3c0696a38a7: start FollowerState
scm_1       | 2019-11-14 03:49:06,282 INFO net.NetworkTopology: Added a new node: /default-rack/551fd489-a8fd-424c-857d-903d7f5b1e37
kdc_1       | Nov 14 03:48:36 kdc krb5kdc[9](info): AS_REQ (8 etypes {18 17 20 19 16 23 25 26}) 127.0.0.1: ISSUE: authtime 1573703316, etypes {rep=18 tkt=18 ses=18}, admin/admin@EXAMPLE.COM for kadmin/admin@EXAMPLE.COM
nm_1        | INFO: Registering org.apache.hadoop.yarn.server.nodemanager.webapp.NMWebServices as a root resource class
datanode_1  | 2019-11-14 03:49:08,468 INFO server.RaftServerConfigKeys: raft.server.rpc.timeout.max = 5200ms (custom)
om_1        | 2019-11-14 03:49:23,042 INFO ipc.Server: Auth successful for testuser/om@EXAMPLE.COM (auth:KERBEROS)
kms_1       | 	at org.eclipse.jetty.server.handler.ScopedHandler.handle(ScopedHandler.java:141)
rm_1        | 2019-11-14 03:48:56 INFO  AsyncDispatcher:223 - Registering class org.apache.hadoop.yarn.server.resourcemanager.metrics.AbstractSystemMetricsPublisher$SystemMetricsEventType for class org.apache.hadoop.yarn.server.resourcemanager.metrics.TimelineServiceV1Publisher$TimelineV1EventHandler
jhs         | INFO: Couldn't find grammar element for class javax.ws.rs.core.Response
datanode_3  | 2019-11-14 03:49:08,451 INFO server.RaftServerConfigKeys: raft.server.rpcslowness.timeout = 120s (custom)
datanode_2  | 2019-11-14 03:49:08,356 INFO util.JmxRegister: Successfully registered JMX Bean with object name Ratis:service=RaftServer,group=group-D608AF159983,id=b9ebf236-5f92-4924-b619-b3c0696a38a7
scm_1       | 2019-11-14 03:49:06,283 INFO node.SCMNodeManager: Registered Data node : 551fd489-a8fd-424c-857d-903d7f5b1e37{ip: 172.19.0.4, host: ozonesecure-mr_datanode_3.ozone, networkLocation: /default-rack, certSerialId: 14050099170748108}
kdc_1       | Nov 14 03:48:36 kdc krb5kdc[9](info): AS_REQ (8 etypes {18 17 20 19 16 23 25 26}) 127.0.0.1: SERVER_NOT_FOUND: admin/admin@EXAMPLE.COM for kadmin/localhost@EXAMPLE.COM, Server not found in Kerberos database
nm_1        | Nov 14, 2019 3:48:56 AM com.sun.jersey.guice.spi.container.GuiceComponentProviderFactory register
datanode_1  | 2019-11-14 03:49:08,468 INFO server.RaftServerConfigKeys: raft.server.rpcslowness.timeout = 120s (custom)
om_1        | 2019-11-14 03:49:26,395 INFO ipc.Server: Auth successful for testuser/om@EXAMPLE.COM (auth:KERBEROS)
kms_1       | 	at org.eclipse.jetty.server.handler.HandlerCollection.handle(HandlerCollection.java:119)
rm_1        | 2019-11-14 03:48:56 INFO  AsyncDispatcher:223 - Registering class org.apache.hadoop.yarn.server.resourcemanager.metrics.AbstractSystemMetricsPublisher$SystemMetricsEventType for class org.apache.hadoop.yarn.server.resourcemanager.metrics.TimelineServiceV1Publisher$TimelineV1EventHandler
datanode_3  | 2019-11-14 03:49:08,451 INFO server.RaftServerConfigKeys: raft.server.sleep.deviation.threshold = 300 (default)
jhs         | Nov 14, 2019 3:49:56 AM com.sun.jersey.server.wadl.generators.AbstractWadlGeneratorGrammarGenerator attachTypes
datanode_2  | 2019-11-14 03:49:08,357 WARN impl.MetricRegistriesImpl: First MetricRegistry has been created without registering reporters. You may need to call MetricRegistries.global().addReportRegistration(...) before.
scm_1       | 2019-11-14 03:49:07,464 INFO pipeline.PipelineStateManager: Created pipeline Pipeline[ Id: e8ab922f-f58e-4c32-866f-11dd93f92ea2, Nodes: 4b8be858-1bd8-4431-9a0d-20db95d9e0d7{ip: 172.19.0.3, host: ozonesecure-mr_datanode_1.ozone, networkLocation: /default-rack, certSerialId: null}, Type:RATIS, Factor:ONE, State:ALLOCATED]
kdc_1       | Nov 14 03:48:36 kdc krb5kdc[9](info): AS_REQ (8 etypes {18 17 20 19 16 23 25 26}) 127.0.0.1: ISSUE: authtime 1573703316, etypes {rep=18 tkt=18 ses=18}, admin/admin@EXAMPLE.COM for kadmin/admin@EXAMPLE.COM
nm_1        | INFO: Registering org.apache.hadoop.yarn.webapp.GenericExceptionHandler as a provider class
datanode_1  | 2019-11-14 03:49:08,468 INFO server.RaftServerConfigKeys: raft.server.sleep.deviation.threshold = 300 (default)
om_1        | 2019-11-14 03:49:27,236 INFO volume.OMVolumeCreateRequest: created volume:vol1 for user:hadoop
kms_1       | 	at org.eclipse.jetty.server.handler.HandlerWrapper.handle(HandlerWrapper.java:134)
rm_1        | 2019-11-14 03:48:56 INFO  AsyncDispatcher:223 - Registering class org.apache.hadoop.yarn.server.resourcemanager.metrics.AbstractSystemMetricsPublisher$SystemMetricsEventType for class org.apache.hadoop.yarn.server.resourcemanager.metrics.TimelineServiceV1Publisher$TimelineV1EventHandler
datanode_3  | 2019-11-14 03:49:08,451 INFO server.RaftServerConfigKeys: raft.server.log.appender.install.snapshot.enabled = false (custom)
jhs         | INFO: Couldn't find grammar element for class javax.ws.rs.core.Response
datanode_2  | 2019-11-14 03:49:08,469 INFO impl.RaftServerProxy: b9ebf236-5f92-4924-b619-b3c0696a38a7: addNew group-98A195FC48A7:[4b8be858-1bd8-4431-9a0d-20db95d9e0d7:172.19.0.3:9858, b9ebf236-5f92-4924-b619-b3c0696a38a7:172.19.0.2:9858, 551fd489-a8fd-424c-857d-903d7f5b1e37:172.19.0.4:9858] returns group-98A195FC48A7:java.util.concurrent.CompletableFuture@2c677789[Not completed]
scm_1       | 2019-11-14 03:49:07,933 INFO pipeline.PipelineStateManager: Created pipeline Pipeline[ Id: dc9a2a95-1f80-4874-a3c2-65b5a24cd0ef, Nodes: 551fd489-a8fd-424c-857d-903d7f5b1e37{ip: 172.19.0.4, host: ozonesecure-mr_datanode_3.ozone, networkLocation: /default-rack, certSerialId: null}, Type:RATIS, Factor:ONE, State:ALLOCATED]
kdc_1       | Nov 14 03:48:35 kdc kadmind[15](info): closing down fd 18
nm_1        | Nov 14, 2019 3:48:56 AM com.sun.jersey.guice.spi.container.GuiceComponentProviderFactory register
datanode_1  | 2019-11-14 03:49:08,468 INFO server.RaftServerConfigKeys: raft.server.log.appender.install.snapshot.enabled = false (custom)
om_1        | 2019-11-14 03:49:29,253 INFO ipc.Server: Auth successful for testuser/om@EXAMPLE.COM (auth:KERBEROS)
kms_1       | 	at org.eclipse.jetty.server.Server.handle(Server.java:536)
rm_1        | 2019-11-14 03:48:56 INFO  log:192 - Logging initialized @3140ms
datanode_3  | 2019-11-14 03:49:08,451 INFO impl.RaftServerImpl: 551fd489-a8fd-424c-857d-903d7f5b1e37@group-98A195FC48A7: ConfigurationManager, init=-1: [4b8be858-1bd8-4431-9a0d-20db95d9e0d7:172.19.0.3:9858, b9ebf236-5f92-4924-b619-b3c0696a38a7:172.19.0.2:9858, 551fd489-a8fd-424c-857d-903d7f5b1e37:172.19.0.4:9858], old=null, confs=<EMPTY_MAP>
jhs         | 2019-11-14 03:49:56 INFO  AbstractDelegationTokenSecretManager:491 - Token renewal for identifier: (TIMELINE_DELEGATION_TOKEN owner=hadoop, renewer=rm, realUser=, issueDate=1573703395495, maxDate=1574308195495, sequenceNumber=1, masterKeyId=2); total currentTokens 1
scm_1       | 2019-11-14 03:49:08,411 INFO pipeline.PipelineStateManager: Created pipeline Pipeline[ Id: 15ebba5a-bab2-4d7f-82b4-d608af159983, Nodes: b9ebf236-5f92-4924-b619-b3c0696a38a7{ip: 172.19.0.2, host: ozonesecure-mr_datanode_2.ozone, networkLocation: /default-rack, certSerialId: null}, Type:RATIS, Factor:ONE, State:ALLOCATED]
kdc_1       | Nov 14 03:48:35 kdc kadmind[15](Notice): Request: kadm5_init, admin/admin@EXAMPLE.COM, success, client=admin/admin@EXAMPLE.COM, service=kadmin/admin@EXAMPLE.COM, addr=127.0.0.1, vers=4, flavor=6
datanode_1  | 2019-11-14 03:49:08,469 INFO impl.RaftServerImpl: 4b8be858-1bd8-4431-9a0d-20db95d9e0d7@group-98A195FC48A7: ConfigurationManager, init=-1: [4b8be858-1bd8-4431-9a0d-20db95d9e0d7:172.19.0.3:9858, b9ebf236-5f92-4924-b619-b3c0696a38a7:172.19.0.2:9858, 551fd489-a8fd-424c-857d-903d7f5b1e37:172.19.0.4:9858], old=null, confs=<EMPTY_MAP>
nm_1        | INFO: Registering org.apache.hadoop.yarn.server.nodemanager.webapp.JAXBContextResolver as a provider class
datanode_2  | 2019-11-14 03:49:08,472 INFO impl.RaftServerImpl: b9ebf236-5f92-4924-b619-b3c0696a38a7: new RaftServerImpl for group-98A195FC48A7:[4b8be858-1bd8-4431-9a0d-20db95d9e0d7:172.19.0.3:9858, b9ebf236-5f92-4924-b619-b3c0696a38a7:172.19.0.2:9858, 551fd489-a8fd-424c-857d-903d7f5b1e37:172.19.0.4:9858] with ContainerStateMachine:uninitialized
om_1        | 2019-11-14 03:49:31,876 INFO ipc.Server: Auth successful for testuser/om@EXAMPLE.COM (auth:KERBEROS)
kms_1       | 	at org.eclipse.jetty.server.HttpChannel.handle(HttpChannel.java:333)
rm_1        | 2019-11-14 03:48:56 INFO  AuthenticationFilter:240 - Unable to initialize FileSignerSecretProvider, falling back to use random secrets.
datanode_3  | 2019-11-14 03:49:08,451 INFO server.RaftServerConfigKeys: raft.server.storage.dir = [/data/metadata/ratis] (custom)
jhs         | Nov 14, 2019 3:49:57 AM com.sun.jersey.server.wadl.generators.AbstractWadlGeneratorGrammarGenerator attachTypes
scm_1       | 2019-11-14 03:49:08,506 INFO pipeline.PipelineStateManager: Created pipeline Pipeline[ Id: 4a6bd499-e16d-4fb2-9c1d-98a195fc48a7, Nodes: 4b8be858-1bd8-4431-9a0d-20db95d9e0d7{ip: 172.19.0.3, host: ozonesecure-mr_datanode_1.ozone, networkLocation: /default-rack, certSerialId: null}551fd489-a8fd-424c-857d-903d7f5b1e37{ip: 172.19.0.4, host: ozonesecure-mr_datanode_3.ozone, networkLocation: /default-rack, certSerialId: null}b9ebf236-5f92-4924-b619-b3c0696a38a7{ip: 172.19.0.2, host: ozonesecure-mr_datanode_2.ozone, networkLocation: /default-rack, certSerialId: null}, Type:RATIS, Factor:THREE, State:ALLOCATED]
datanode_1  | 2019-11-14 03:49:08,469 INFO server.RaftServerConfigKeys: raft.server.storage.dir = [/data/metadata/ratis] (custom)
kdc_1       | Nov 14 03:48:35 kdc kadmind[15](Notice): Request: kadm5_get_policy, default, Policy does not exist, client=admin/admin@EXAMPLE.COM, service=kadmin/admin@EXAMPLE.COM, addr=127.0.0.1
nm_1        | Nov 14, 2019 3:48:56 AM com.sun.jersey.server.impl.application.WebApplicationImpl _initiate
datanode_2  | 2019-11-14 03:49:08,472 INFO server.RaftServerConfigKeys: raft.server.rpc.timeout.min = 5s (custom)
om_1        | 2019-11-14 03:49:34,619 INFO ipc.Server: Auth successful for testuser/om@EXAMPLE.COM (auth:KERBEROS)
kms_1       | 	at org.eclipse.jetty.server.HttpConnection.onFillable(HttpConnection.java:251)
rm_1        | 2019-11-14 03:48:56 INFO  HttpRequestLog:81 - Http request log for http.requests.resourcemanager is not defined
datanode_3  | 2019-11-14 03:49:08,452 INFO server.RaftServerConfigKeys: raft.server.log.corruption.policy = EXCEPTION (default)
jhs         | INFO: Couldn't find grammar element for class javax.ws.rs.core.Response
scm_1       | 2019-11-14 03:49:12,617 INFO pipeline.PipelineStateManager: Pipeline Pipeline[ Id: e8ab922f-f58e-4c32-866f-11dd93f92ea2, Nodes: 4b8be858-1bd8-4431-9a0d-20db95d9e0d7{ip: 172.19.0.3, host: ozonesecure-mr_datanode_1.ozone, networkLocation: /default-rack, certSerialId: null}, Type:RATIS, Factor:ONE, State:OPEN] moved to OPEN state
datanode_1  | 2019-11-14 03:49:08,469 INFO server.RaftServerConfigKeys: raft.server.log.corruption.policy = EXCEPTION (default)
kdc_1       | Nov 14 03:48:35 kdc kadmind[15](Notice): Request: kadm5_create_principal, om/84bcce760a71@EXAMPLE.COM, success, client=admin/admin@EXAMPLE.COM, service=kadmin/admin@EXAMPLE.COM, addr=127.0.0.1
nm_1        | INFO: Initiating Jersey application, version 'Jersey: 1.19 02/11/2015 03:25 AM'
datanode_2  | 2019-11-14 03:49:08,472 INFO server.RaftServerConfigKeys: raft.server.rpc.timeout.max = 5200ms (custom)
om_1        | 2019-11-14 03:49:40,003 INFO ipc.Server: Auth successful for testuser/om@EXAMPLE.COM (auth:KERBEROS)
kms_1       | 	at org.eclipse.jetty.io.AbstractConnection$ReadCallback.succeeded(AbstractConnection.java:283)
datanode_3  | 2019-11-14 03:49:08,452 INFO storage.RaftStorageDirectory: The storage directory /data/metadata/ratis/4a6bd499-e16d-4fb2-9c1d-98a195fc48a7 does not exist. Creating ...
rm_1        | 2019-11-14 03:48:56 INFO  HttpServer2:975 - Added global filter 'safety' (class=org.apache.hadoop.http.HttpServer2$QuotingInputFilter)
jhs         | Nov 14, 2019 3:49:57 AM com.sun.jersey.server.wadl.generators.AbstractWadlGeneratorGrammarGenerator attachTypes
scm_1       | 2019-11-14 03:49:13,165 INFO pipeline.PipelineStateManager: Pipeline Pipeline[ Id: dc9a2a95-1f80-4874-a3c2-65b5a24cd0ef, Nodes: 551fd489-a8fd-424c-857d-903d7f5b1e37{ip: 172.19.0.4, host: ozonesecure-mr_datanode_3.ozone, networkLocation: /default-rack, certSerialId: null}, Type:RATIS, Factor:ONE, State:OPEN] moved to OPEN state
datanode_1  | 2019-11-14 03:49:08,470 INFO storage.RaftStorageDirectory: The storage directory /data/metadata/ratis/4a6bd499-e16d-4fb2-9c1d-98a195fc48a7 does not exist. Creating ...
kdc_1       | Nov 14 03:48:35 kdc kadmind[15](info): closing down fd 18
nm_1        | Nov 14, 2019 3:48:57 AM com.sun.jersey.guice.spi.container.GuiceComponentProviderFactory getComponentProvider
datanode_2  | 2019-11-14 03:49:08,472 INFO server.RaftServerConfigKeys: raft.server.rpcslowness.timeout = 120s (custom)
om_1        | 2019-11-14 03:49:42,939 INFO ipc.Server: Auth successful for testuser/om@EXAMPLE.COM (auth:KERBEROS)
kms_1       | 	at org.eclipse.jetty.io.FillInterest.fillable(FillInterest.java:108)
datanode_3  | 2019-11-14 03:49:08,466 INFO storage.RaftStorageDirectory: Lock on /data/metadata/ratis/4a6bd499-e16d-4fb2-9c1d-98a195fc48a7/in_use.lock acquired by nodename 7@ebdf97b8833d
rm_1        | 2019-11-14 03:48:56 INFO  HttpServer2:948 - Added filter static_user_filter (class=org.apache.hadoop.http.lib.StaticUserWebFilter$StaticUserFilter) to context cluster
jhs         | INFO: Couldn't find grammar element for class javax.ws.rs.core.Response
datanode_1  | 2019-11-14 03:49:08,479 INFO storage.RaftStorageDirectory: Lock on /data/metadata/ratis/4a6bd499-e16d-4fb2-9c1d-98a195fc48a7/in_use.lock acquired by nodename 7@c60e921fea16
kdc_1       | Nov 14 03:48:35 kdc kadmind[15](Notice): Request: kadm5_init, admin/admin@EXAMPLE.COM, success, client=admin/admin@EXAMPLE.COM, service=kadmin/admin@EXAMPLE.COM, addr=127.0.0.1, vers=4, flavor=6
scm_1       | 2019-11-14 03:49:13,538 INFO pipeline.PipelineStateManager: Pipeline Pipeline[ Id: 15ebba5a-bab2-4d7f-82b4-d608af159983, Nodes: b9ebf236-5f92-4924-b619-b3c0696a38a7{ip: 172.19.0.2, host: ozonesecure-mr_datanode_2.ozone, networkLocation: /default-rack, certSerialId: null}, Type:RATIS, Factor:ONE, State:OPEN] moved to OPEN state
datanode_2  | 2019-11-14 03:49:08,472 INFO server.RaftServerConfigKeys: raft.server.sleep.deviation.threshold = 300 (default)
om_1        | 2019-11-14 03:49:49,718 INFO ipc.Server: Auth successful for hadoop/rm@EXAMPLE.COM (auth:KERBEROS)
nm_1        | INFO: Binding org.apache.hadoop.yarn.server.nodemanager.webapp.JAXBContextResolver to GuiceManagedComponentProvider with the scope "Singleton"
kms_1       | 	at org.eclipse.jetty.io.SelectChannelEndPoint$2.run(SelectChannelEndPoint.java:93)
datanode_3  | 2019-11-14 03:49:08,479 INFO storage.RaftStorage: Storage directory /data/metadata/ratis/4a6bd499-e16d-4fb2-9c1d-98a195fc48a7 has been successfully formatted.
rm_1        | 2019-11-14 03:48:56 INFO  HttpServer2:958 - Added filter static_user_filter (class=org.apache.hadoop.http.lib.StaticUserWebFilter$StaticUserFilter) to context static
jhs         | Nov 14, 2019 3:49:57 AM com.sun.jersey.server.wadl.generators.AbstractWadlGeneratorGrammarGenerator attachTypes
datanode_1  | 2019-11-14 03:49:08,493 INFO storage.RaftStorage: Storage directory /data/metadata/ratis/4a6bd499-e16d-4fb2-9c1d-98a195fc48a7 has been successfully formatted.
kdc_1       | Nov 14 03:48:35 kdc kadmind[15](Notice): Request: kadm5_randkey_principal, om/84bcce760a71@EXAMPLE.COM, success, client=admin/admin@EXAMPLE.COM, service=kadmin/admin@EXAMPLE.COM, addr=127.0.0.1
datanode_2  | 2019-11-14 03:49:08,472 INFO server.RaftServerConfigKeys: raft.server.log.appender.install.snapshot.enabled = false (custom)
om_1        | 2019-11-14 03:49:56,117 INFO ipc.Server: Auth successful for rm/rm@EXAMPLE.COM (auth:KERBEROS)
nm_1        | Nov 14, 2019 3:48:57 AM com.sun.jersey.guice.spi.container.GuiceComponentProviderFactory getComponentProvider
datanode_3  | 2019-11-14 03:49:08,480 INFO ratis.ContainerStateMachine: group-98A195FC48A7: The snapshot info is null. Setting the last applied indexto:(t:0, i:~)
kms_1       | 	at org.eclipse.jetty.util.thread.strategy.ExecuteProduceConsume.executeProduceConsume(ExecuteProduceConsume.java:303)
scm_1       | 2019-11-14 03:49:18,929 INFO pipeline.PipelineStateManager: Pipeline Pipeline[ Id: 4a6bd499-e16d-4fb2-9c1d-98a195fc48a7, Nodes: 4b8be858-1bd8-4431-9a0d-20db95d9e0d7{ip: 172.19.0.3, host: ozonesecure-mr_datanode_1.ozone, networkLocation: /default-rack, certSerialId: null}551fd489-a8fd-424c-857d-903d7f5b1e37{ip: 172.19.0.4, host: ozonesecure-mr_datanode_3.ozone, networkLocation: /default-rack, certSerialId: null}b9ebf236-5f92-4924-b619-b3c0696a38a7{ip: 172.19.0.2, host: ozonesecure-mr_datanode_2.ozone, networkLocation: /default-rack, certSerialId: null}, Type:RATIS, Factor:THREE, State:OPEN] moved to OPEN state
rm_1        | 2019-11-14 03:48:56 INFO  HttpServer2:958 - Added filter static_user_filter (class=org.apache.hadoop.http.lib.StaticUserWebFilter$StaticUserFilter) to context logs
jhs         | INFO: Couldn't find grammar element for class javax.ws.rs.core.Response
datanode_1  | 2019-11-14 03:49:08,493 INFO ratis.ContainerStateMachine: group-98A195FC48A7: The snapshot info is null. Setting the last applied indexto:(t:0, i:~)
datanode_2  | 2019-11-14 03:49:08,473 INFO impl.RaftServerImpl: b9ebf236-5f92-4924-b619-b3c0696a38a7@group-98A195FC48A7: ConfigurationManager, init=-1: [4b8be858-1bd8-4431-9a0d-20db95d9e0d7:172.19.0.3:9858, b9ebf236-5f92-4924-b619-b3c0696a38a7:172.19.0.2:9858, 551fd489-a8fd-424c-857d-903d7f5b1e37:172.19.0.4:9858], old=null, confs=<EMPTY_MAP>
kdc_1       | Nov 14 03:48:35 kdc kadmind[15](Notice): Request: kadm5_get_principal, om/84bcce760a71@EXAMPLE.COM, success, client=admin/admin@EXAMPLE.COM, service=kadmin/admin@EXAMPLE.COM, addr=127.0.0.1
om_1        | 2019-11-14 03:49:58,791 INFO ipc.Server: Auth successful for nm/nm@EXAMPLE.COM (auth:KERBEROS)
nm_1        | INFO: Binding org.apache.hadoop.yarn.webapp.GenericExceptionHandler to GuiceManagedComponentProvider with the scope "Singleton"
datanode_3  | 2019-11-14 03:49:08,480 INFO server.RaftServerConfigKeys: raft.server.notification.no-leader.timeout = 120s (custom)
kms_1       | 	at org.eclipse.jetty.util.thread.strategy.ExecuteProduceConsume.produceConsume(ExecuteProduceConsume.java:148)
rm_1        | 2019-11-14 03:48:56 INFO  HttpServer2:613 - adding path spec: /cluster/*
jhs         | Nov 14, 2019 3:49:57 AM com.sun.jersey.server.wadl.generators.AbstractWadlGeneratorGrammarGenerator attachTypes
datanode_1  | 2019-11-14 03:49:08,493 INFO server.RaftServerConfigKeys: raft.server.notification.no-leader.timeout = 120s (custom)
kdc_1       | Nov 14 03:48:35 kdc kadmind[15](info): closing down fd 18
datanode_2  | 2019-11-14 03:49:08,473 INFO server.RaftServerConfigKeys: raft.server.storage.dir = [/data/metadata/ratis] (custom)
scm_1       | 2019-11-14 03:49:23,492 INFO ipc.Server: Auth successful for om/om@EXAMPLE.COM (auth:KERBEROS)
om_1        | 2019-11-14 03:49:59,225 INFO ipc.Server: Auth successful for hadoop/rm@EXAMPLE.COM (auth:TOKEN)
nm_1        | Nov 14, 2019 3:48:57 AM com.sun.jersey.guice.spi.container.GuiceComponentProviderFactory getComponentProvider
datanode_3  | 2019-11-14 03:49:08,480 INFO server.RaftServerConfigKeys: raft.server.log.use.memory = false (default)
kms_1       | 	at org.eclipse.jetty.util.thread.strategy.ExecuteProduceConsume.run(ExecuteProduceConsume.java:136)
rm_1        | 2019-11-14 03:48:56 INFO  HttpServer2:613 - adding path spec: /ws/*
jhs         | INFO: Couldn't find grammar element for class javax.ws.rs.core.Response
datanode_1  | 2019-11-14 03:49:08,493 INFO server.RaftServerConfigKeys: raft.server.log.use.memory = false (default)
kdc_1       | Nov 14 03:48:35 kdc kadmind[15](Notice): Request: kadm5_init, admin/admin@EXAMPLE.COM, success, client=admin/admin@EXAMPLE.COM, service=kadmin/admin@EXAMPLE.COM, addr=127.0.0.1, vers=4, flavor=6
datanode_2  | 2019-11-14 03:49:08,473 INFO server.RaftServerConfigKeys: raft.server.log.corruption.policy = EXCEPTION (default)
scm_1       | 2019-11-14 03:49:35,342 INFO ipc.Server: Auth successful for om/om@EXAMPLE.COM (auth:KERBEROS)
om_1        | 2019-11-14 03:49:59,560 INFO ipc.Server: Auth successful for hadoop/rm@EXAMPLE.COM (auth:TOKEN)
nm_1        | INFO: Binding org.apache.hadoop.yarn.server.nodemanager.webapp.NMWebServices to GuiceManagedComponentProvider with the scope "Singleton"
datanode_3  | 2019-11-14 03:49:08,480 INFO server.RaftServerConfigKeys: raft.server.log.purge.gap = 1000000 (custom)
kms_1       | 	at org.eclipse.jetty.util.thread.QueuedThreadPool.runJob(QueuedThreadPool.java:671)
rm_1        | 2019-11-14 03:48:56 INFO  HttpServer2:613 - adding path spec: /app/*
jhs         | Nov 14, 2019 3:50:32 AM com.sun.jersey.server.wadl.generators.AbstractWadlGeneratorGrammarGenerator attachTypes
datanode_1  | 2019-11-14 03:49:08,493 INFO server.RaftServerConfigKeys: raft.server.log.purge.gap = 1000000 (custom)
kdc_1       | Nov 14 03:48:35 kdc kadmind[15](Notice): Request: kadm5_get_policy, default, Policy does not exist, client=admin/admin@EXAMPLE.COM, service=kadmin/admin@EXAMPLE.COM, addr=127.0.0.1
datanode_2  | 2019-11-14 03:49:08,473 INFO storage.RaftStorageDirectory: The storage directory /data/metadata/ratis/4a6bd499-e16d-4fb2-9c1d-98a195fc48a7 does not exist. Creating ...
scm_1       | 2019-11-14 03:49:36,916 INFO ipc.Server: Auth successful for dn/c60e921fea16@EXAMPLE.COM (auth:KERBEROS)
om_1        | 2019-11-14 03:50:03,475 INFO ipc.Server: Auth successful for hadoop/rm@EXAMPLE.COM (auth:TOKEN)
nm_1        | 2019-11-14 03:48:57 INFO  ContextHandler:781 - Started o.e.j.w.WebAppContext@6e1b9411{/,file:///tmp/jetty-0.0.0.0-8042-node-_-any-1166235375365793945.dir/webapp/,AVAILABLE}{/node}
datanode_3  | 2019-11-14 03:49:08,481 INFO server.RaftServerConfigKeys: raft.server.log.appender.buffer.byte-limit = 33554432 (custom)
kms_1       | 	at org.eclipse.jetty.util.thread.QueuedThreadPool$2.run(QueuedThreadPool.java:589)
rm_1        | 2019-11-14 03:48:57 INFO  WebApps:395 - Registered webapp guice modules
jhs         | INFO: Couldn't find grammar element for class javax.ws.rs.core.Response
datanode_1  | 2019-11-14 03:49:08,493 INFO server.RaftServerConfigKeys: raft.server.log.appender.buffer.byte-limit = 33554432 (custom)
kdc_1       | Nov 14 03:48:35 kdc kadmind[15](Notice): Request: kadm5_create_principal, dn/rm@EXAMPLE.COM, success, client=admin/admin@EXAMPLE.COM, service=kadmin/admin@EXAMPLE.COM, addr=127.0.0.1
datanode_2  | 2019-11-14 03:49:08,479 INFO storage.RaftStorageDirectory: Lock on /data/metadata/ratis/4a6bd499-e16d-4fb2-9c1d-98a195fc48a7/in_use.lock acquired by nodename 7@84bcce760a71
scm_1       | 2019-11-14 03:49:36,968 INFO ipc.Server: Auth successful for dn/ebdf97b8833d@EXAMPLE.COM (auth:KERBEROS)
om_1        | 2019-11-14 03:50:13,615 INFO ipc.Server: Auth successful for hadoop/rm@EXAMPLE.COM (auth:TOKEN)
nm_1        | 2019-11-14 03:48:57 INFO  AbstractConnector:278 - Started ServerConnector@4391b071{HTTP/1.1,[http/1.1]}{0.0.0.0:8042}
datanode_3  | 2019-11-14 03:49:08,481 INFO server.RaftServerConfigKeys: raft.server.log.segment.size.max = 1048576 (custom)
kms_1       | 	at java.lang.Thread.run(Thread.java:748)
rm_1        | 2019-11-14 03:48:57 INFO  HttpServer2:1191 - Jetty bound to port 8088
jhs         | Nov 14, 2019 3:50:32 AM com.sun.jersey.server.wadl.generators.AbstractWadlGeneratorGrammarGenerator attachTypes
datanode_1  | 2019-11-14 03:49:08,494 INFO server.RaftServerConfigKeys: raft.server.log.segment.size.max = 1048576 (custom)
datanode_2  | 2019-11-14 03:49:08,493 INFO storage.RaftStorage: Storage directory /data/metadata/ratis/4a6bd499-e16d-4fb2-9c1d-98a195fc48a7 has been successfully formatted.
kdc_1       | Nov 14 03:48:35 kdc kadmind[15](info): closing down fd 18
scm_1       | 2019-11-14 03:49:36,969 INFO ipc.Server: Auth successful for dn/84bcce760a71@EXAMPLE.COM (auth:KERBEROS)
om_1        | 2019-11-14 03:50:14,321 INFO ipc.Server: Auth successful for hadoop/rm@EXAMPLE.COM (auth:TOKEN)
nm_1        | 2019-11-14 03:48:57 INFO  Server:419 - Started @4650ms
datanode_3  | 2019-11-14 03:49:08,481 INFO server.RaftServerConfigKeys: raft.server.log.segment.cache.num.max = 2 (custom)
kms_1       | 
rm_1        | 2019-11-14 03:48:57 INFO  Server:351 - jetty-9.3.24.v20180605, build timestamp: 2018-06-05T17:11:56Z, git hash: 84205aa28f11a4f31f2a3b86d1bba2cc8ab69827
jhs         | INFO: Couldn't find grammar element for class javax.ws.rs.core.Response
datanode_1  | 2019-11-14 03:49:08,494 INFO server.RaftServerConfigKeys: raft.server.log.segment.cache.num.max = 2 (custom)
datanode_2  | 2019-11-14 03:49:08,493 INFO ratis.ContainerStateMachine: group-98A195FC48A7: The snapshot info is null. Setting the last applied indexto:(t:0, i:~)
kdc_1       | Nov 14 03:48:35 kdc kadmind[15](Notice): Request: kadm5_init, admin/admin@EXAMPLE.COM, success, client=admin/admin@EXAMPLE.COM, service=kadmin/admin@EXAMPLE.COM, addr=127.0.0.1, vers=4, flavor=6
scm_1       | 2019-11-14 03:49:37,247 INFO ipc.Server: Auth successful for dn/84bcce760a71@EXAMPLE.COM (auth:KERBEROS)
om_1        | 2019-11-14 03:50:15,277 INFO ipc.Server: Auth successful for hadoop/rm@EXAMPLE.COM (auth:TOKEN)
nm_1        | 2019-11-14 03:48:57 INFO  WebApps:440 - Web app node started at 8042
datanode_3  | 2019-11-14 03:49:08,481 INFO segmented.SegmentedRaftLogWorker: new 551fd489-a8fd-424c-857d-903d7f5b1e37@group-98A195FC48A7-SegmentedRaftLogWorker for RaftStorage:Storage Directory /data/metadata/ratis/4a6bd499-e16d-4fb2-9c1d-98a195fc48a7
kms_1       | Nov 14, 2019 3:49:53 AM com.sun.jersey.server.wadl.generators.AbstractWadlGeneratorGrammarGenerator attachTypes
rm_1        | 2019-11-14 03:48:57 INFO  ContextHandler:781 - Started o.e.j.s.ServletContextHandler@3234f74e{/logs,file:///opt/hadoop/logs/,AVAILABLE}
jhs         | Nov 14, 2019 3:50:32 AM com.sun.jersey.server.wadl.generators.AbstractWadlGeneratorGrammarGenerator attachTypes
datanode_1  | 2019-11-14 03:49:08,494 INFO segmented.SegmentedRaftLogWorker: new 4b8be858-1bd8-4431-9a0d-20db95d9e0d7@group-98A195FC48A7-SegmentedRaftLogWorker for RaftStorage:Storage Directory /data/metadata/ratis/4a6bd499-e16d-4fb2-9c1d-98a195fc48a7
datanode_2  | 2019-11-14 03:49:08,493 INFO server.RaftServerConfigKeys: raft.server.notification.no-leader.timeout = 120s (custom)
scm_1       | 2019-11-14 03:49:37,248 INFO ipc.Server: Auth successful for dn/ebdf97b8833d@EXAMPLE.COM (auth:KERBEROS)
kdc_1       | Nov 14 03:48:35 kdc kadmind[15](Notice): Request: kadm5_randkey_principal, dn/rm@EXAMPLE.COM, success, client=admin/admin@EXAMPLE.COM, service=kadmin/admin@EXAMPLE.COM, addr=127.0.0.1
om_1        | 2019-11-14 03:50:20,324 INFO ipc.Server: Auth successful for hadoop/rm@EXAMPLE.COM (auth:TOKEN)
datanode_3  | 2019-11-14 03:49:08,481 INFO server.RaftServerConfigKeys: raft.server.log.queue.byte-limit = 2147483647 (custom)
kms_1       | INFO: Couldn't find grammar element for class java.util.Map
nm_1        | 2019-11-14 03:48:57 INFO  NodeStatusUpdaterImpl:261 - Node ID assigned is : nm:34945
rm_1        | 2019-11-14 03:48:57 INFO  ContextHandler:781 - Started o.e.j.s.ServletContextHandler@557a1e2d{/static,jar:file:/opt/hadoop/share/hadoop/yarn/hadoop-yarn-common-3.2.0.jar!/webapps/static,AVAILABLE}
jhs         | INFO: Couldn't find grammar element for class javax.ws.rs.core.Response
datanode_1  | 2019-11-14 03:49:08,494 INFO server.RaftServerConfigKeys: raft.server.log.queue.byte-limit = 2147483647 (custom)
datanode_2  | 2019-11-14 03:49:08,493 INFO server.RaftServerConfigKeys: raft.server.log.use.memory = false (default)
scm_1       | 2019-11-14 03:49:37,248 INFO ipc.Server: Auth successful for dn/c60e921fea16@EXAMPLE.COM (auth:KERBEROS)
kdc_1       | Nov 14 03:48:35 kdc kadmind[15](Notice): Request: kadm5_get_principal, dn/rm@EXAMPLE.COM, success, client=admin/admin@EXAMPLE.COM, service=kadmin/admin@EXAMPLE.COM, addr=127.0.0.1
om_1        | 2019-11-14 03:50:22,741 INFO ipc.Server: Auth successful for hadoop/rm@EXAMPLE.COM (auth:TOKEN)
kms_1       | Nov 14, 2019 3:49:53 AM com.sun.jersey.server.wadl.generators.AbstractWadlGeneratorGrammarGenerator attachTypes
datanode_3  | 2019-11-14 03:49:08,481 INFO server.RaftServerConfigKeys: raft.server.log.queue.element-limit = 1024 (custom)
nm_1        | 2019-11-14 03:48:57 INFO  JvmPauseMonitor:188 - Starting JVM pause monitor
rm_1        | Nov 14, 2019 3:48:57 AM com.sun.jersey.guice.spi.container.GuiceComponentProviderFactory register
jhs         | Nov 14, 2019 3:50:32 AM com.sun.jersey.server.wadl.generators.AbstractWadlGeneratorGrammarGenerator attachTypes
datanode_1  | 2019-11-14 03:49:08,494 INFO server.RaftServerConfigKeys: raft.server.log.queue.element-limit = 1024 (custom)
datanode_2  | 2019-11-14 03:49:08,493 INFO server.RaftServerConfigKeys: raft.server.log.purge.gap = 1000000 (custom)
scm_1       | 2019-11-14 03:49:50,641 INFO ipc.Server: Auth successful for om/om@EXAMPLE.COM (auth:KERBEROS)
kdc_1       | Nov 14 03:48:36 kdc kadmind[15](info): closing down fd 18
om_1        | 2019-11-14 03:50:25,782 INFO ipc.Server: Auth successful for hadoop/rm@EXAMPLE.COM (auth:KERBEROS)
kms_1       | INFO: Couldn't find grammar element for class java.util.Map
datanode_3  | 2019-11-14 03:49:08,482 INFO server.RaftServerConfigKeys: raft.server.log.segment.size.max = 1048576 (custom)
nm_1        | 2019-11-14 03:48:57 INFO  RMProxy:133 - Connecting to ResourceManager at rm/172.19.0.12:8031
rm_1        | INFO: Registering org.apache.hadoop.yarn.server.resourcemanager.webapp.JAXBContextResolver as a provider class
datanode_1  | 2019-11-14 03:49:08,494 INFO server.RaftServerConfigKeys: raft.server.log.segment.size.max = 1048576 (custom)
datanode_2  | 2019-11-14 03:49:08,494 INFO server.RaftServerConfigKeys: raft.server.log.appender.buffer.byte-limit = 33554432 (custom)
kdc_1       | Nov 14 03:48:36 kdc kadmind[15](Notice): Request: kadm5_init, admin/admin@EXAMPLE.COM, success, client=admin/admin@EXAMPLE.COM, service=kadmin/admin@EXAMPLE.COM, addr=127.0.0.1, vers=4, flavor=6
scm_1       | 2019-11-14 03:49:52,354 INFO ipc.Server: Auth successful for dn/84bcce760a71@EXAMPLE.COM (auth:KERBEROS)
jhs         | INFO: Couldn't find grammar element for class javax.ws.rs.core.Response
om_1        | 2019-11-14 03:50:28,558 INFO ipc.Server: Auth successful for hadoop/rm@EXAMPLE.COM (auth:KERBEROS)
