om_1        | STARTUP_MSG:   classpath = /etc/hadoop:/opt/hadoop/share/hadoop/common/*:/opt/hadoop/share/ozone/lib/kerb-simplekdc-1.0.1.jar:/opt/hadoop/share/ozone/lib/protobuf-java-2.5.0.jar:/opt/hadoop/share/ozone/lib/bcpkix-jdk15on-1.60.jar:/opt/hadoop/share/ozone/lib/sqlite-jdbc-3.25.2.jar:/opt/hadoop/share/ozone/lib/netty-3.10.5.Final.jar:/opt/hadoop/share/ozone/lib/commons-validator-1.6.jar:/opt/hadoop/share/ozone/lib/jaxb-impl-2.3.0.1.jar:/opt/hadoop/share/ozone/lib/kerb-core-1.0.1.jar:/opt/hadoop/share/ozone/lib/hadoop-ozone-common-0.5.0-SNAPSHOT.jar:/opt/hadoop/share/ozone/lib/ratis-thirdparty-misc-0.2.0.jar:/opt/hadoop/share/ozone/lib/jsr305-3.0.0.jar:/opt/hadoop/share/ozone/lib/leveldbjni-all-1.8.jar:/opt/hadoop/share/ozone/lib/htrace-core4-4.1.0-incubating.jar:/opt/hadoop/share/ozone/lib/hadoop-annotations-3.2.0.jar:/opt/hadoop/share/ozone/lib/hadoop-hdds-tools-0.5.0-SNAPSHOT.jar:/opt/hadoop/share/ozone/lib/kerb-util-1.0.1.jar:/opt/hadoop/share/ozone/lib/jackson-jaxrs-1.9.13.jar:/opt/hadoop/share/ozone/lib/ratis-server-0.5.0-d6d58d0-SNAPSHOT.jar:/opt/hadoop/share/ozone/lib/kerby-xdr-1.0.1.jar:/opt/hadoop/share/ozone/lib/jetty-webapp-9.3.25.v20180904.jar:/opt/hadoop/share/ozone/lib/jackson-core-asl-1.9.13.jar:/opt/hadoop/share/ozone/lib/commons-net-3.6.jar:/opt/hadoop/share/ozone/lib/log4j-api-2.11.0.jar:/opt/hadoop/share/ozone/lib/netty-all-4.0.52.Final.jar:/opt/hadoop/share/ozone/lib/hadoop-hdfs-3.2.0.jar:/opt/hadoop/share/ozone/lib/jline-0.9.94.jar:/opt/hadoop/share/ozone/lib/opentracing-api-0.31.0.jar:/opt/hadoop/share/ozone/lib/hadoop-hdds-server-framework-0.5.0-SNAPSHOT.jar:/opt/hadoop/share/ozone/lib/slf4j-log4j12-1.7.25.jar:/opt/hadoop/share/ozone/lib/hadoop-hdfs-client-3.2.0.jar:/opt/hadoop/share/ozone/lib/kerby-config-1.0.1.jar:/opt/hadoop/share/ozone/lib/jetty-util-9.3.25.v20180904.jar:/opt/hadoop/share/ozone/lib/libthrift-0.12.0.jar:/opt/hadoop/share/ozone/lib/metrics-core-3.2.4.jar:/opt/hadoop/share/ozone/lib/kerby-pkix-1.0.1.jar:/opt/hadoop/share/ozone/lib/xz-1.0.jar:/opt/hadoop/share/ozone/lib/hadoop-hdds-config-0.5.0-SNAPSHOT.jar:/opt/hadoop/share/ozone/lib/nimbus-jose-jwt-4.41.1.jar:/opt/hadoop/share/ozone/lib/jsr311-api-1.1.1.jar:/opt/hadoop/share/ozone/lib/commons-beanutils-1.9.4.jar:/opt/hadoop/share/ozone/lib/ratis-grpc-0.5.0-d6d58d0-SNAPSHOT.jar:/opt/hadoop/share/ozone/lib/ratis-netty-0.5.0-d6d58d0-SNAPSHOT.jar:/opt/hadoop/share/ozone/lib/javax.servlet-api-3.1.0.jar:/opt/hadoop/share/ozone/lib/kerb-server-1.0.1.jar:/opt/hadoop/share/ozone/lib/zookeeper-3.4.13.jar:/opt/hadoop/share/ozone/lib/avro-1.7.7.jar:/opt/hadoop/share/ozone/lib/kerb-client-1.0.1.jar:/opt/hadoop/share/ozone/lib/jackson-xc-1.9.13.jar:/opt/hadoop/share/ozone/lib/disruptor-3.4.2.jar:/opt/hadoop/share/ozone/lib/guava-11.0.2.jar:/opt/hadoop/share/ozone/lib/ratis-client-0.5.0-d6d58d0-SNAPSHOT.jar:/opt/hadoop/share/ozone/lib/hadoop-hdds-common-0.5.0-SNAPSHOT.jar:/opt/hadoop/share/ozone/lib/curator-framework-2.12.0.jar:/opt/hadoop/share/ozone/lib/dnsjava-2.1.7.jar:/opt/hadoop/share/ozone/lib/commons-configuration2-2.1.1.jar:/opt/hadoop/share/ozone/lib/json-smart-2.3.jar:/opt/hadoop/share/ozone/lib/token-provider-1.0.1.jar:/opt/hadoop/share/ozone/lib/log4j-1.2.17.jar:/opt/hadoop/share/ozone/lib/commons-daemon-1.0.13.jar:/opt/hadoop/share/ozone/lib/bcprov-jdk15on-1.60.jar:/opt/hadoop/share/ozone/lib/ratis-metrics-0.5.0-d6d58d0-SNAPSHOT.jar:/opt/hadoop/share/ozone/lib/commons-lang3-3.7.jar:/opt/hadoop/share/ozone/lib/commons-compress-1.4.1.jar:/opt/hadoop/share/ozone/lib/jaeger-client-0.34.0.jar:/opt/hadoop/share/ozone/lib/jetty-server-9.3.25.v20180904.jar:/opt/hadoop/share/ozone/lib/accessors-smart-1.2.jar:/opt/hadoop/share/ozone/lib/re2j-1.1.jar:/opt/hadoop/share/ozone/lib/curator-recipes-2.12.0.jar:/opt/hadoop/share/ozone/lib/jackson-core-2.9.9.jar:/opt/hadoop/share/ozone/lib/commons-math3-3.1.1.jar:/opt/hadoop/share/ozone/lib/opentracing-noop-0.31.0.jar:/opt/hadoop/share/ozone/lib/httpclient-4.5.2.jar:/opt/hadoop/share/ozone/lib/jaeger-core-0.34.0.jar:/opt/hadoop/share/ozone/lib/asm-5.0.4.jar:/opt/hadoop/share/ozone/lib/curator-client-2.12.0.jar:/opt/hadoop/share/ozone/lib/audience-annotations-0.5.0.jar:/opt/hadoop/share/ozone/lib/kerby-util-1.0.1.jar:/opt/hadoop/share/ozone/lib/jackson-mapper-asl-1.9.13.jar:/opt/hadoop/share/ozone/lib/rocksdbjni-6.0.1.jar:/opt/hadoop/share/ozone/lib/jsp-api-2.1.jar:/opt/hadoop/share/ozone/lib/jsch-0.1.54.jar:/opt/hadoop/share/ozone/lib/opentracing-tracerresolver-0.1.5.jar:/opt/hadoop/share/ozone/lib/paranamer-2.3.jar:/opt/hadoop/share/ozone/lib/log4j-core-2.11.0.jar:/opt/hadoop/share/ozone/lib/jetty-io-9.3.25.v20180904.jar:/opt/hadoop/share/ozone/lib/jetty-xml-9.3.25.v20180904.jar:/opt/hadoop/share/ozone/lib/commons-codec-1.11.jar:/opt/hadoop/share/ozone/lib/commons-pool2-2.6.0.jar:/opt/hadoop/share/ozone/lib/gson-2.2.4.jar:/opt/hadoop/share/ozone/lib/jcip-annotations-1.0-1.jar:/opt/hadoop/share/ozone/lib/kerb-admin-1.0.1.jar:/opt/hadoop/share/ozone/lib/okio-1.13.0.jar:/opt/hadoop/share/ozone/lib/commons-io-2.5.jar:/opt/hadoop/share/ozone/lib/snakeyaml-1.16.jar:/opt/hadoop/share/ozone/lib/hadoop-ozone-client-0.5.0-SNAPSHOT.jar:/opt/hadoop/share/ozone/lib/jersey-core-1.19.jar:/opt/hadoop/share/ozone/lib/jackson-databind-2.9.9.jar:/opt/hadoop/share/ozone/lib/hadoop-hdds-container-service-0.5.0-SNAPSHOT.jar:/opt/hadoop/share/ozone/lib/picocli-3.9.6.jar:/opt/hadoop/share/ozone/lib/jaeger-thrift-0.34.0.jar:/opt/hadoop/share/ozone/lib/ratis-common-0.5.0-d6d58d0-SNAPSHOT.jar:/opt/hadoop/share/ozone/lib/jackson-annotations-2.9.9.jar:/opt/hadoop/share/ozone/lib/commons-cli-1.2.jar:/opt/hadoop/share/ozone/lib/hadoop-hdds-docs-0.5.0-SNAPSHOT.jar:/opt/hadoop/share/ozone/lib/woodstox-core-5.0.3.jar:/opt/hadoop/share/ozone/lib/javax.annotation-api-1.2.jar:/opt/hadoop/share/ozone/lib/snappy-java-1.0.5.jar:/opt/hadoop/share/ozone/lib/jaeger-tracerresolver-0.34.0.jar:/opt/hadoop/share/ozone/lib/jetty-security-9.3.25.v20180904.jar:/opt/hadoop/share/ozone/lib/jetty-http-9.3.25.v20180904.jar:/opt/hadoop/share/ozone/lib/kerby-asn1-1.0.1.jar:/opt/hadoop/share/ozone/lib/okhttp-3.9.0.jar:/opt/hadoop/share/ozone/lib/stax2-api-3.1.4.jar:/opt/hadoop/share/ozone/lib/commons-digester-1.8.1.jar:/opt/hadoop/share/ozone/lib/commons-collections-3.2.2.jar:/opt/hadoop/share/ozone/lib/jettison-1.1.jar:/opt/hadoop/share/ozone/lib/commons-text-1.4.jar:/opt/hadoop/share/ozone/lib/jersey-servlet-1.19.jar:/opt/hadoop/share/ozone/lib/jersey-json-1.19.jar:/opt/hadoop/share/ozone/lib/slf4j-api-1.7.25.jar:/opt/hadoop/share/ozone/lib/jetty-util-ajax-9.3.25.v20180904.jar:/opt/hadoop/share/ozone/lib/commons-logging-1.1.3.jar:/opt/hadoop/share/ozone/lib/hadoop-hdds-client-0.5.0-SNAPSHOT.jar:/opt/hadoop/share/ozone/lib/kerb-identity-1.0.1.jar:/opt/hadoop/share/ozone/lib/ratis-proto-0.5.0-d6d58d0-SNAPSHOT.jar:/opt/hadoop/share/ozone/lib/opentracing-util-0.31.0.jar:/opt/hadoop/share/ozone/lib/hadoop-common-3.2.0.jar:/opt/hadoop/share/ozone/lib/hadoop-auth-3.2.0.jar:/opt/hadoop/share/ozone/lib/kerb-common-1.0.1.jar:/opt/hadoop/share/ozone/lib/jetty-servlet-9.3.25.v20180904.jar:/opt/hadoop/share/ozone/lib/jersey-server-1.19.jar:/opt/hadoop/share/ozone/lib/kerb-crypto-1.0.1.jar:/opt/hadoop/share/ozone/lib/httpcore-4.4.4.jar:/opt/hadoop/share/ozone/web:/opt/hadoop/share/ozone/lib/hadoop-ozone-ozone-manager-0.5.0-SNAPSHOT.jar
datanode_3  | 2019-11-13 19:24:59,959 INFO server.AuthenticationFilter: Unable to initialize FileSignerSecretProvider, falling back to use random secrets.
datanode_2  | 2019-11-13 19:25:01,174 INFO http.HttpServer2: Added global filter 'safety' (class=org.apache.hadoop.http.HttpServer2$QuotingInputFilter)
nm_1        | 2019-11-13 19:24:56 INFO  NodeManager:45 - registered UNIX signal handlers for [TERM, HUP, INT]
scm_1       | 2019-11-13 19:25:00,095 WARN server.ServerUtils: ozone.scm.db.dirs is not configured. We recommend adding this setting. Falling back to ozone.metadata.dirs instead.
rm_1        | ************************************************************/
datanode_1  | 2019-11-13 19:25:01,429 INFO impl.MetricsSinkAdapter: Sink prometheus started
om_1        | STARTUP_MSG:   build = https://github.com/apache/hadoop.git -r e97acb3bd8f3befd27418996fa5d4b50bf2e17bf; compiled by 'sunilg' on 2019-01-15T17:34Z
datanode_3  | 2019-11-13 19:24:59,963 INFO http.HttpRequestLog: Http request log for http.requests.hddsDatanode is not defined
datanode_2  | 2019-11-13 19:25:01,176 INFO http.HttpServer2: Added filter static_user_filter (class=org.apache.hadoop.http.lib.StaticUserWebFilter$StaticUserFilter) to context hddsDatanode
nm_1        | 2019-11-13 19:24:57 INFO  AsyncDispatcher:209 - Registering class org.apache.hadoop.yarn.server.nodemanager.containermanager.container.ContainerEventType for class org.apache.hadoop.yarn.server.nodemanager.containermanager.ContainerManagerImpl$ContainerEventDispatcher
scm_1       | 2019-11-13 19:25:00,110 WARN server.ServerUtils: ozone.scm.db.dirs is not configured. We recommend adding this setting. Falling back to ozone.metadata.dirs instead.
rm_1        | 2019-11-13 19:24:56 INFO  ResourceManager:45 - registered UNIX signal handlers for [TERM, HUP, INT]
datanode_1  | 2019-11-13 19:25:01,429 INFO impl.MetricsSystemImpl: Registered sink prometheus
om_1        | STARTUP_MSG:   java = 11.0.3
datanode_3  | 2019-11-13 19:24:59,971 INFO http.HttpServer2: Added global filter 'safety' (class=org.apache.hadoop.http.HttpServer2$QuotingInputFilter)
datanode_2  | 2019-11-13 19:25:01,176 INFO http.HttpServer2: Added filter static_user_filter (class=org.apache.hadoop.http.lib.StaticUserWebFilter$StaticUserFilter) to context static
nm_1        | 2019-11-13 19:24:57 INFO  AsyncDispatcher:209 - Registering class org.apache.hadoop.yarn.server.nodemanager.containermanager.application.ApplicationEventType for class org.apache.hadoop.yarn.server.nodemanager.containermanager.ContainerManagerImpl$ApplicationEventDispatcher
scm_1       | 2019-11-13 19:25:00,139 INFO util.log: Logging initialized @1306ms
rm_1        | 2019-11-13 19:24:57 INFO  Configuration:2427 - found resource core-site.xml at file:/opt/hadoop/etc/hadoop/core-site.xml
datanode_1  | 2019-11-13 19:25:01,431 INFO server.BaseHttpServer: HTTP server of HDDSDATANODE is listening at http://0.0.0.0:9882
om_1        | ************************************************************/
datanode_3  | 2019-11-13 19:24:59,974 INFO http.HttpServer2: Added filter static_user_filter (class=org.apache.hadoop.http.lib.StaticUserWebFilter$StaticUserFilter) to context hddsDatanode
datanode_2  | 2019-11-13 19:25:01,177 INFO http.HttpServer2: Added filter static_user_filter (class=org.apache.hadoop.http.lib.StaticUserWebFilter$StaticUserFilter) to context logs
nm_1        | 2019-11-13 19:24:57 INFO  AsyncDispatcher:209 - Registering class org.apache.hadoop.yarn.server.nodemanager.containermanager.localizer.event.LocalizationEventType for class org.apache.hadoop.yarn.server.nodemanager.containermanager.localizer.ResourceLocalizationService
scm_1       | 2019-11-13 19:25:00,274 INFO db.DBStoreBuilder: using custom profile for table: deletedBlocks
rm_1        | 2019-11-13 19:24:57 INFO  Groups:387 - clearing userToGroupsMap cache
om_1        | 2019-11-13 19:25:06,610 INFO om.OzoneManagerStarter: registered UNIX signal handlers for [TERM, HUP, INT]
datanode_1  | 2019-11-13 19:25:01,464 INFO util.JvmPauseMonitor: Starting JVM pause monitor
datanode_3  | 2019-11-13 19:24:59,974 INFO http.HttpServer2: Added filter static_user_filter (class=org.apache.hadoop.http.lib.StaticUserWebFilter$StaticUserFilter) to context logs
datanode_2  | 2019-11-13 19:25:01,211 INFO http.HttpServer2: Jetty bound to port 9882
scm_1       | 2019-11-13 19:25:00,274 INFO db.DBStoreBuilder: Using default column profile:DBProfile.DISK for Table:deletedBlocks
om_1        | 2019-11-13 19:25:07,389 INFO ha.OMHANodeDetails: Configuration either no ozone.om.address set. Falling back to the default OM address om/172.18.0.2:9862
rm_1        | 2019-11-13 19:24:57 INFO  Configuration:2427 - found resource yarn-site.xml at file:/opt/hadoop/etc/hadoop/yarn-site.xml
nm_1        | 2019-11-13 19:24:57 INFO  AsyncDispatcher:209 - Registering class org.apache.hadoop.yarn.server.nodemanager.containermanager.AuxServicesEventType for class org.apache.hadoop.yarn.server.nodemanager.containermanager.AuxServices
datanode_1  | 2019-11-13 19:25:01,653 INFO datanode.InitDatanodeState: DatanodeDetails is persisted to /data/metadata/datanode.id
datanode_3  | 2019-11-13 19:24:59,974 INFO http.HttpServer2: Added filter static_user_filter (class=org.apache.hadoop.http.lib.StaticUserWebFilter$StaticUserFilter) to context static
datanode_2  | 2019-11-13 19:25:01,213 INFO server.Server: jetty-9.3.25.v20180904, build timestamp: 2018-09-04T21:11:46Z, git hash: 3ce520221d0240229c862b122d2b06c12a625732
scm_1       | 2019-11-13 19:25:00,275 INFO db.DBStoreBuilder: using custom profile for table: validCerts
om_1        | 2019-11-13 19:25:07,389 INFO ha.OMHANodeDetails: OM Service ID is not set. Setting it to the default ID: omServiceIdDefault
rm_1        | 2019-11-13 19:24:57 INFO  AsyncDispatcher:209 - Registering class org.apache.hadoop.yarn.server.resourcemanager.RMFatalEventType for class org.apache.hadoop.yarn.server.resourcemanager.ResourceManager$RMFatalEventDispatcher
nm_1        | 2019-11-13 19:24:57 INFO  AsyncDispatcher:209 - Registering class org.apache.hadoop.yarn.server.nodemanager.containermanager.monitor.ContainersMonitorEventType for class org.apache.hadoop.yarn.server.nodemanager.containermanager.monitor.ContainersMonitorImpl
datanode_1  | 2019-11-13 19:25:03,573 INFO ozoneimpl.OzoneContainer: Attempting to start container services.
datanode_3  | 2019-11-13 19:25:00,011 INFO http.HttpServer2: Jetty bound to port 9882
datanode_2  | 2019-11-13 19:25:01,261 INFO handler.ContextHandler: Started o.e.j.s.ServletContextHandler@119aa36{/logs,file:///var/log/hadoop/,AVAILABLE}
scm_1       | 2019-11-13 19:25:00,275 INFO db.DBStoreBuilder: Using default column profile:DBProfile.DISK for Table:validCerts
om_1        | 2019-11-13 19:25:07,392 WARN server.ServerUtils: ozone.om.db.dirs is not configured. We recommend adding this setting. Falling back to ozone.metadata.dirs instead.
rm_1        | 2019-11-13 19:24:57 INFO  NMTokenSecretManagerInRM:75 - NMTokenKeyRollingInterval: 86400000ms and NMTokenKeyActivationDelay: 900000ms
nm_1        | 2019-11-13 19:24:57 INFO  AsyncDispatcher:209 - Registering class org.apache.hadoop.yarn.server.nodemanager.containermanager.launcher.ContainersLauncherEventType for class org.apache.hadoop.yarn.server.nodemanager.containermanager.launcher.ContainersLauncher
datanode_1  | 2019-11-13 19:25:03,574 INFO ozoneimpl.OzoneContainer: Background container scanner has been disabled.
datanode_3  | 2019-11-13 19:25:00,013 INFO server.Server: jetty-9.3.25.v20180904, build timestamp: 2018-09-04T21:11:46Z, git hash: 3ce520221d0240229c862b122d2b06c12a625732
datanode_2  | 2019-11-13 19:25:01,263 INFO handler.ContextHandler: Started o.e.j.s.ServletContextHandler@102c577f{/static,jar:file:/opt/hadoop/share/ozone/lib/hadoop-hdds-container-service-0.5.0-SNAPSHOT.jar!/webapps/static,AVAILABLE}
scm_1       | 2019-11-13 19:25:00,275 INFO db.DBStoreBuilder: using custom profile for table: revokedCerts
om_1        | 2019-11-13 19:25:07,401 WARN server.ServerUtils: ozone.om.db.dirs is not configured. We recommend adding this setting. Falling back to ozone.metadata.dirs instead.
rm_1        | 2019-11-13 19:24:57 INFO  RMContainerTokenSecretManager:77 - ContainerTokenKeyRollingInterval: 86400000ms and ContainerTokenKeyActivationDelay: 900000ms
nm_1        | 2019-11-13 19:24:57 INFO  AsyncDispatcher:209 - Registering class org.apache.hadoop.yarn.server.nodemanager.ContainerManagerEventType for class org.apache.hadoop.yarn.server.nodemanager.containermanager.ContainerManagerImpl
datanode_3  | 2019-11-13 19:25:00,058 INFO handler.ContextHandler: Started o.e.j.s.ServletContextHandler@54e2fe{/logs,file:///var/log/hadoop/,AVAILABLE}
datanode_2  | 2019-11-13 19:25:01,359 INFO handler.ContextHandler: Started o.e.j.w.WebAppContext@60b34931{/,file:///tmp/jetty-0.0.0.0-9882-hddsDatanode-_-any-7796534452521009236.dir/webapp/,AVAILABLE}{/hddsDatanode}
om_1        | 2019-11-13 19:25:08,097 WARN server.ServerUtils: ozone.om.db.dirs is not configured. We recommend adding this setting. Falling back to ozone.metadata.dirs instead.
scm_1       | 2019-11-13 19:25:00,275 INFO db.DBStoreBuilder: Using default column profile:DBProfile.DISK for Table:revokedCerts
datanode_1  | 2019-11-13 19:25:03,574 INFO ratis.XceiverServerRatis: Starting XceiverServerRatis 9c3b3027-90be-4e5d-88c4-d592f9824c8c at port 9858
rm_1        | 2019-11-13 19:24:57 INFO  AMRMTokenSecretManager:94 - AMRMTokenKeyRollingInterval: 86400000ms and AMRMTokenKeyActivationDelay: 900000 ms
datanode_3  | 2019-11-13 19:25:00,060 INFO handler.ContextHandler: Started o.e.j.s.ServletContextHandler@709ed6f3{/static,jar:file:/opt/hadoop/share/ozone/lib/hadoop-hdds-container-service-0.5.0-SNAPSHOT.jar!/webapps/static,AVAILABLE}
datanode_2  | 2019-11-13 19:25:01,367 INFO server.AbstractConnector: Started ServerConnector@8d8f754{HTTP/1.1,[http/1.1]}{0.0.0.0:9882}
om_1        | 2019-11-13 19:25:08,123 INFO util.log: Logging initialized @2368ms
nm_1        | 2019-11-13 19:24:57 INFO  AsyncDispatcher:209 - Registering class org.apache.hadoop.yarn.server.nodemanager.NodeManagerEventType for class org.apache.hadoop.yarn.server.nodemanager.NodeManager
scm_1       | 2019-11-13 19:25:00,289 INFO db.DBStoreBuilder: using custom profile for table: default
datanode_1  | 2019-11-13 19:25:03,594 INFO impl.RaftServerProxy: 9c3b3027-90be-4e5d-88c4-d592f9824c8c: start RPC server
datanode_3  | 2019-11-13 19:25:00,139 INFO handler.ContextHandler: Started o.e.j.w.WebAppContext@507d64aa{/,file:///tmp/jetty-0.0.0.0-9882-hddsDatanode-_-any-14354979853798790754.dir/webapp/,AVAILABLE}{/hddsDatanode}
rm_1        | 2019-11-13 19:24:57 INFO  AsyncDispatcher:209 - Registering class org.apache.hadoop.yarn.server.resourcemanager.recovery.RMStateStoreEventType for class org.apache.hadoop.yarn.server.resourcemanager.recovery.RMStateStore$ForwardingEventHandler
datanode_2  | 2019-11-13 19:25:01,367 INFO server.Server: Started @3933ms
om_1        | 2019-11-13 19:25:08,236 INFO db.DBStoreBuilder: using custom profile for table: userTable
nm_1        | 2019-11-13 19:24:57 INFO  MetricsConfig:112 - loaded properties from hadoop-metrics2.properties
scm_1       | 2019-11-13 19:25:00,290 INFO db.DBStoreBuilder: Using default column profile:DBProfile.DISK for Table:default
datanode_1  | 2019-11-13 19:25:03,694 INFO server.GrpcService: 9c3b3027-90be-4e5d-88c4-d592f9824c8c: GrpcService started, listening on 0.0.0.0/0.0.0.0:9858
datanode_3  | 2019-11-13 19:25:00,148 INFO server.AbstractConnector: Started ServerConnector@23815694{HTTP/1.1,[http/1.1]}{0.0.0.0:9882}
rm_1        | 2019-11-13 19:24:57 INFO  AsyncDispatcher:209 - Registering class org.apache.hadoop.yarn.server.resourcemanager.NodesListManagerEventType for class org.apache.hadoop.yarn.server.resourcemanager.NodesListManager
datanode_2  | 2019-11-13 19:25:01,370 INFO impl.MetricsSinkAdapter: Sink prometheus started
om_1        | 2019-11-13 19:25:08,236 INFO db.DBStoreBuilder: Using default column profile:DBProfile.DISK for Table:userTable
nm_1        | 2019-11-13 19:24:57 INFO  MetricsSystemImpl:376 - Scheduled snapshot period at 10 second(s).
scm_1       | 2019-11-13 19:25:00,293 INFO db.DBStoreBuilder: Using default options. DBProfile.DISK
datanode_3  | 2019-11-13 19:25:00,149 INFO server.Server: Started @3554ms
rm_1        | 2019-11-13 19:24:57 INFO  ResourceManager:293 - Using Scheduler: org.apache.hadoop.yarn.server.resourcemanager.scheduler.capacity.CapacityScheduler
datanode_1  | WARNING: An illegal reflective access operation has occurred
datanode_2  | 2019-11-13 19:25:01,370 INFO impl.MetricsSystemImpl: Registered sink prometheus
om_1        | 2019-11-13 19:25:08,236 INFO db.DBStoreBuilder: using custom profile for table: volumeTable
nm_1        | 2019-11-13 19:24:57 INFO  MetricsSystemImpl:192 - NodeManager metrics system started
scm_1       | 2019-11-13 19:25:00,626 INFO net.NodeSchemaLoader: Loading file from java.lang.CompoundEnumeration@39d76cb5
datanode_3  | 2019-11-13 19:25:00,155 INFO impl.MetricsSinkAdapter: Sink prometheus started
rm_1        | 2019-11-13 19:24:57 INFO  AsyncDispatcher:209 - Registering class org.apache.hadoop.yarn.server.resourcemanager.scheduler.event.SchedulerEventType for class org.apache.hadoop.yarn.server.resourcemanager.ResourceManager$SchedulerEventDispatcher
datanode_1  | WARNING: Illegal reflective access by org.apache.ratis.thirdparty.com.google.protobuf.UnsafeUtil (file:/opt/hadoop/share/ozone/lib/ratis-thirdparty-misc-0.2.0.jar) to field java.nio.Buffer.address
datanode_2  | 2019-11-13 19:25:01,372 INFO server.BaseHttpServer: HTTP server of HDDSDATANODE is listening at http://0.0.0.0:9882
om_1        | 2019-11-13 19:25:08,237 INFO db.DBStoreBuilder: Using default column profile:DBProfile.DISK for Table:volumeTable
scm_1       | 2019-11-13 19:25:00,629 INFO net.NodeSchemaLoader: Loading network topology layer schema file
nm_1        | 2019-11-13 19:24:57 INFO  AsyncDispatcher:209 - Registering class org.apache.hadoop.yarn.server.nodemanager.containermanager.loghandler.event.LogHandlerEventType for class org.apache.hadoop.yarn.server.nodemanager.containermanager.loghandler.NonAggregatingLogHandler
datanode_3  | 2019-11-13 19:25:00,155 INFO impl.MetricsSystemImpl: Registered sink prometheus
rm_1        | 2019-11-13 19:24:57 INFO  AsyncDispatcher:209 - Registering class org.apache.hadoop.yarn.server.resourcemanager.rmapp.RMAppEventType for class org.apache.hadoop.yarn.server.resourcemanager.ResourceManager$ApplicationEventDispatcher
datanode_1  | WARNING: Please consider reporting this to the maintainers of org.apache.ratis.thirdparty.com.google.protobuf.UnsafeUtil
datanode_2  | 2019-11-13 19:25:01,396 INFO util.JvmPauseMonitor: Starting JVM pause monitor
om_1        | 2019-11-13 19:25:08,237 INFO db.DBStoreBuilder: using custom profile for table: bucketTable
scm_1       | 2019-11-13 19:25:00,738 INFO node.SCMNodeManager: Entering startup safe mode.
nm_1        | 2019-11-13 19:24:57 INFO  AsyncDispatcher:209 - Registering class org.apache.hadoop.yarn.server.nodemanager.containermanager.localizer.sharedcache.SharedCacheUploadEventType for class org.apache.hadoop.yarn.server.nodemanager.containermanager.localizer.sharedcache.SharedCacheUploadService
datanode_3  | 2019-11-13 19:25:00,158 INFO server.BaseHttpServer: HTTP server of HDDSDATANODE is listening at http://0.0.0.0:9882
rm_1        | 2019-11-13 19:24:57 INFO  AsyncDispatcher:209 - Registering class org.apache.hadoop.yarn.server.resourcemanager.rmapp.attempt.RMAppAttemptEventType for class org.apache.hadoop.yarn.server.resourcemanager.ResourceManager$ApplicationAttemptEventDispatcher
datanode_1  | WARNING: Use --illegal-access=warn to enable warnings of further illegal reflective access operations
om_1        | 2019-11-13 19:25:08,237 INFO db.DBStoreBuilder: Using default column profile:DBProfile.DISK for Table:bucketTable
scm_1       | 2019-11-13 19:25:00,847 INFO algorithms.ContainerPlacementPolicyFactory: Create container placement policy of type org.apache.hadoop.hdds.scm.container.placement.algorithms.SCMContainerPlacementRandom
nm_1        | 2019-11-13 19:24:57 INFO  ResourceLocalizationService:219 - per directory file limit = 8192
datanode_3  | 2019-11-13 19:25:00,188 INFO util.JvmPauseMonitor: Starting JVM pause monitor
rm_1        | 2019-11-13 19:24:57 INFO  AsyncDispatcher:209 - Registering class org.apache.hadoop.yarn.server.resourcemanager.rmnode.RMNodeEventType for class org.apache.hadoop.yarn.server.resourcemanager.ResourceManager$NodeEventDispatcher
datanode_1  | WARNING: All illegal access operations will be denied in a future release
datanode_2  | 2019-11-13 19:25:01,597 INFO datanode.InitDatanodeState: DatanodeDetails is persisted to /data/metadata/datanode.id
scm_1       | 2019-11-13 19:25:00,864 WARN server.ServerUtils: ozone.scm.db.dirs is not configured. We recommend adding this setting. Falling back to ozone.metadata.dirs instead.
om_1        | 2019-11-13 19:25:08,238 INFO db.DBStoreBuilder: using custom profile for table: keyTable
nm_1        | 2019-11-13 19:24:57 INFO  AsyncDispatcher:209 - Registering class org.apache.hadoop.yarn.server.nodemanager.containermanager.localizer.event.LocalizerEventType for class org.apache.hadoop.yarn.server.nodemanager.containermanager.localizer.ResourceLocalizationService$LocalizerTracker
datanode_3  | 2019-11-13 19:25:00,370 INFO datanode.InitDatanodeState: DatanodeDetails is persisted to /data/metadata/datanode.id
rm_1        | 2019-11-13 19:24:57 INFO  MetricsConfig:112 - loaded properties from hadoop-metrics2.properties
datanode_1  | 2019-11-13 19:25:05,783 INFO impl.RaftServerProxy: 9c3b3027-90be-4e5d-88c4-d592f9824c8c: addNew group-368DF7EEA6AA:[9c3b3027-90be-4e5d-88c4-d592f9824c8c:172.18.0.8:9858] returns group-368DF7EEA6AA:java.util.concurrent.CompletableFuture@7adf717f[Not completed]
datanode_2  | 2019-11-13 19:25:03,498 INFO ozoneimpl.OzoneContainer: Attempting to start container services.
scm_1       | 2019-11-13 19:25:01,012 INFO pipeline.SCMPipelineManager: No pipeline exists in current db
om_1        | 2019-11-13 19:25:08,238 INFO db.DBStoreBuilder: Using default column profile:DBProfile.DISK for Table:keyTable
nm_1        | 2019-11-13 19:24:57 WARN  AuxServices:130 - The Auxilurary Service named 'mapreduce_shuffle' in the configuration is for class org.apache.hadoop.mapred.ShuffleHandler which has a name of 'httpshuffle'. Because these are not the same tools trying to send ServiceData and read Service Meta Data may have issues unless the refer to the name in the config.
datanode_3  | 2019-11-13 19:25:02,748 INFO ozoneimpl.OzoneContainer: Attempting to start container services.
datanode_1  | 2019-11-13 19:25:05,818 INFO impl.RaftServerImpl: 9c3b3027-90be-4e5d-88c4-d592f9824c8c: new RaftServerImpl for group-368DF7EEA6AA:[9c3b3027-90be-4e5d-88c4-d592f9824c8c:172.18.0.8:9858] with ContainerStateMachine:uninitialized
rm_1        | 2019-11-13 19:24:57 INFO  MetricsSystemImpl:376 - Scheduled snapshot period at 10 second(s).
datanode_2  | 2019-11-13 19:25:03,499 INFO ozoneimpl.OzoneContainer: Background container scanner has been disabled.
scm_1       | 2019-11-13 19:25:01,024 WARN server.ServerUtils: ozone.scm.db.dirs is not configured. We recommend adding this setting. Falling back to ozone.metadata.dirs instead.
om_1        | 2019-11-13 19:25:08,238 INFO db.DBStoreBuilder: using custom profile for table: deletedTable
nm_1        | 2019-11-13 19:24:57 INFO  AuxServices:72 - Adding auxiliary service httpshuffle, "mapreduce_shuffle"
datanode_1  | 2019-11-13 19:25:05,819 INFO server.RaftServerConfigKeys: raft.server.rpc.timeout.min = 5s (custom)
rm_1        | 2019-11-13 19:24:57 INFO  MetricsSystemImpl:192 - ResourceManager metrics system started
datanode_2  | 2019-11-13 19:25:03,499 INFO ratis.XceiverServerRatis: Starting XceiverServerRatis 50eefddd-23c2-4060-b35a-de8f720f9d52 at port 9858
scm_1       | 2019-11-13 19:25:01,169 WARN events.EventQueue: No event handler registered for event TypedEvent{payloadType=SafeModeStatus, name='SafeModeStatus'}
om_1        | 2019-11-13 19:25:08,238 INFO db.DBStoreBuilder: Using default column profile:DBProfile.DISK for Table:deletedTable
datanode_3  | 2019-11-13 19:25:02,749 INFO ozoneimpl.OzoneContainer: Background container scanner has been disabled.
nm_1        | 2019-11-13 19:24:58 INFO  ContainersMonitorImpl:106 -  Using ResourceCalculatorPlugin : org.apache.hadoop.yarn.util.LinuxResourceCalculatorPlugin@264f218
datanode_1  | 2019-11-13 19:25:05,820 INFO server.RaftServerConfigKeys: raft.server.rpc.timeout.max = 5200ms (custom)
rm_1        | 2019-11-13 19:24:57 INFO  AsyncDispatcher:209 - Registering class org.apache.hadoop.yarn.server.resourcemanager.RMAppManagerEventType for class org.apache.hadoop.yarn.server.resourcemanager.RMAppManager
datanode_2  | 2019-11-13 19:25:03,524 INFO impl.RaftServerProxy: 50eefddd-23c2-4060-b35a-de8f720f9d52: start RPC server
scm_1       | 2019-11-13 19:25:01,805 INFO ipc.CallQueueManager: Using callQueue: class java.util.concurrent.LinkedBlockingQueue, queueCapacity: 1000, scheduler: class org.apache.hadoop.ipc.DefaultRpcScheduler, ipcBackoff: false.
om_1        | 2019-11-13 19:25:08,239 INFO db.DBStoreBuilder: using custom profile for table: openKeyTable
datanode_3  | 2019-11-13 19:25:02,749 INFO ratis.XceiverServerRatis: Starting XceiverServerRatis 9585510f-100c-470d-8f47-8513bdf7d4b7 at port 9858
nm_1        | 2019-11-13 19:24:58 INFO  ContainersMonitorImpl:111 -  Using ResourceCalculatorProcessTree : null
datanode_1  | 2019-11-13 19:25:05,820 INFO server.RaftServerConfigKeys: raft.server.rpcslowness.timeout = 120s (custom)
rm_1        | 2019-11-13 19:24:57 INFO  AsyncDispatcher:209 - Registering class org.apache.hadoop.yarn.server.resourcemanager.amlauncher.AMLauncherEventType for class org.apache.hadoop.yarn.server.resourcemanager.amlauncher.ApplicationMasterLauncher
datanode_2  | 2019-11-13 19:25:03,641 INFO server.GrpcService: 50eefddd-23c2-4060-b35a-de8f720f9d52: GrpcService started, listening on 0.0.0.0/0.0.0.0:9858
scm_1       | 2019-11-13 19:25:01,826 INFO ipc.Server: Starting Socket Reader #1 for port 9861
om_1        | 2019-11-13 19:25:08,239 INFO db.DBStoreBuilder: Using default column profile:DBProfile.DISK for Table:openKeyTable
datanode_3  | 2019-11-13 19:25:02,767 INFO impl.RaftServerProxy: 9585510f-100c-470d-8f47-8513bdf7d4b7: start RPC server
nm_1        | 2019-11-13 19:24:58 INFO  ContainersMonitorImpl:151 - Physical memory check enabled: false
datanode_1  | 2019-11-13 19:25:05,821 INFO server.RaftServerConfigKeys: raft.server.sleep.deviation.threshold = 300 (default)
rm_1        | 2019-11-13 19:24:57 INFO  RMNMInfo:63 - Registered RMNMInfo MBean
datanode_2  | WARNING: An illegal reflective access operation has occurred
scm_1       | 2019-11-13 19:25:01,850 INFO ipc.CallQueueManager: Using callQueue: class java.util.concurrent.LinkedBlockingQueue, queueCapacity: 1000, scheduler: class org.apache.hadoop.ipc.DefaultRpcScheduler, ipcBackoff: false.
om_1        | 2019-11-13 19:25:08,239 INFO db.DBStoreBuilder: using custom profile for table: s3Table
datanode_3  | 2019-11-13 19:25:02,871 INFO server.GrpcService: 9585510f-100c-470d-8f47-8513bdf7d4b7: GrpcService started, listening on 0.0.0.0/0.0.0.0:9858
nm_1        | 2019-11-13 19:24:58 INFO  ContainersMonitorImpl:152 - Virtual memory check enabled: false
datanode_1  | 2019-11-13 19:25:05,822 INFO server.RaftServerConfigKeys: raft.server.log.appender.install.snapshot.enabled = false (custom)
rm_1        | 2019-11-13 19:24:57 INFO  YarnAuthorizationProvider:57 - org.apache.hadoop.yarn.security.ConfiguredYarnAuthorizer is instiantiated.
datanode_2  | WARNING: Illegal reflective access by org.apache.ratis.thirdparty.com.google.protobuf.UnsafeUtil (file:/opt/hadoop/share/ozone/lib/ratis-thirdparty-misc-0.2.0.jar) to field java.nio.Buffer.address
scm_1       | 2019-11-13 19:25:01,850 INFO ipc.Server: Starting Socket Reader #1 for port 9863
om_1        | 2019-11-13 19:25:08,239 INFO db.DBStoreBuilder: Using default column profile:DBProfile.DISK for Table:s3Table
datanode_3  | WARNING: An illegal reflective access operation has occurred
nm_1        | 2019-11-13 19:24:58 INFO  NodeStatusUpdaterImpl:181 - Initialized nodemanager for null: physical-memory=8192 virtual-memory=17204 virtual-cores=8
datanode_1  | 2019-11-13 19:25:05,829 INFO impl.RaftServerImpl: 9c3b3027-90be-4e5d-88c4-d592f9824c8c@group-368DF7EEA6AA: ConfigurationManager, init=-1: [9c3b3027-90be-4e5d-88c4-d592f9824c8c:172.18.0.8:9858], old=null, confs=<EMPTY_MAP>
rm_1        | 2019-11-13 19:24:57 INFO  HostsFileReader:131 - Refreshing hosts (include/exclude) list
datanode_2  | WARNING: Please consider reporting this to the maintainers of org.apache.ratis.thirdparty.com.google.protobuf.UnsafeUtil
scm_1       | 2019-11-13 19:25:01,862 INFO ipc.CallQueueManager: Using callQueue: class java.util.concurrent.LinkedBlockingQueue, queueCapacity: 1000, scheduler: class org.apache.hadoop.ipc.DefaultRpcScheduler, ipcBackoff: false.
om_1        | 2019-11-13 19:25:08,239 INFO db.DBStoreBuilder: using custom profile for table: multipartInfoTable
datanode_3  | WARNING: Illegal reflective access by org.apache.ratis.thirdparty.com.google.protobuf.UnsafeUtil (file:/opt/hadoop/share/ozone/lib/ratis-thirdparty-misc-0.2.0.jar) to field java.nio.Buffer.address
nm_1        | 2019-11-13 19:24:58 INFO  CallQueueManager:57 - Using callQueue: class java.util.concurrent.LinkedBlockingQueue queueCapacity: 2000
datanode_1  | 2019-11-13 19:25:05,830 INFO server.RaftServerConfigKeys: raft.server.storage.dir = [/data/metadata/ratis] (custom)
rm_1        | 2019-11-13 19:24:58 INFO  Configuration:2427 - found resource capacity-scheduler.xml at file:/opt/hadoop/etc/hadoop/capacity-scheduler.xml
datanode_2  | WARNING: Use --illegal-access=warn to enable warnings of further illegal reflective access operations
scm_1       | 2019-11-13 19:25:01,863 INFO ipc.Server: Starting Socket Reader #1 for port 9860
om_1        | 2019-11-13 19:25:08,240 INFO db.DBStoreBuilder: Using default column profile:DBProfile.DISK for Table:multipartInfoTable
nm_1        | 2019-11-13 19:24:58 INFO  Server:722 - Starting Socket Reader #1 for port 41181
datanode_1  | 2019-11-13 19:25:05,835 INFO server.RaftServerConfigKeys: raft.server.log.corruption.policy = EXCEPTION (default)
datanode_3  | WARNING: Please consider reporting this to the maintainers of org.apache.ratis.thirdparty.com.google.protobuf.UnsafeUtil
rm_1        | 2019-11-13 19:24:58 INFO  CapacitySchedulerConfiguration:603 - max alloc mb per queue for root is undefined
datanode_2  | WARNING: All illegal access operations will be denied in a future release
om_1        | 2019-11-13 19:25:08,240 INFO db.DBStoreBuilder: using custom profile for table: dTokenTable
scm_1       | 2019-11-13 19:25:01,887 INFO hdfs.DFSUtil: Starting Web-server for scm at: http://0.0.0.0:9876
nm_1        | 2019-11-13 19:24:58 INFO  RpcServerFactoryPBImpl:174 - Adding protocol org.apache.hadoop.yarn.api.ContainerManagementProtocolPB to the server
datanode_3  | WARNING: Use --illegal-access=warn to enable warnings of further illegal reflective access operations
datanode_1  | 2019-11-13 19:25:05,837 INFO storage.RaftStorageDirectory: The storage directory /data/metadata/ratis/91281fd0-e15e-4105-8327-368df7eea6aa does not exist. Creating ...
rm_1        | 2019-11-13 19:24:58 INFO  CapacitySchedulerConfiguration:607 - max alloc vcore per queue for root is undefined
datanode_2  | 2019-11-13 19:25:06,275 INFO impl.RaftServerProxy: 50eefddd-23c2-4060-b35a-de8f720f9d52: addNew group-7F7E81D11691:[50eefddd-23c2-4060-b35a-de8f720f9d52:172.18.0.9:9858] returns group-7F7E81D11691:java.util.concurrent.CompletableFuture@1488a09a[Not completed]
om_1        | 2019-11-13 19:25:08,240 INFO db.DBStoreBuilder: Using default column profile:DBProfile.DISK for Table:dTokenTable
nm_1        | 2019-11-13 19:24:58 INFO  ContainerManagerImpl:427 - Blocking new container-requests as container manager rpc server is still starting.
scm_1       | 2019-11-13 19:25:02,075 INFO server.AuthenticationFilter: Unable to initialize FileSignerSecretProvider, falling back to use random secrets.
datanode_3  | WARNING: All illegal access operations will be denied in a future release
datanode_1  | 2019-11-13 19:25:05,868 INFO storage.RaftStorageDirectory: Lock on /data/metadata/ratis/91281fd0-e15e-4105-8327-368df7eea6aa/in_use.lock acquired by nodename 7@35184e01c673
rm_1        | 2019-11-13 19:24:58 INFO  ParentQueue:121 - root, capacity=1.0, asboluteCapacity=1.0, maxCapacity=1.0, asboluteMaxCapacity=1.0, state=RUNNING, acls=SUBMIT_APP:*ADMINISTER_QUEUE:*, labels=*,
datanode_2  | 2019-11-13 19:25:06,291 INFO impl.RaftServerImpl: 50eefddd-23c2-4060-b35a-de8f720f9d52: new RaftServerImpl for group-7F7E81D11691:[50eefddd-23c2-4060-b35a-de8f720f9d52:172.18.0.9:9858] with ContainerStateMachine:uninitialized
om_1        | 2019-11-13 19:25:08,240 INFO db.DBStoreBuilder: using custom profile for table: s3SecretTable
nm_1        | 2019-11-13 19:24:58 INFO  Server:962 - IPC Server Responder: starting
scm_1       | 2019-11-13 19:25:02,095 INFO http.HttpRequestLog: Http request log for http.requests.scm is not defined
datanode_3  | 2019-11-13 19:25:05,059 INFO impl.RaftServerProxy: 9585510f-100c-470d-8f47-8513bdf7d4b7: addNew group-C93B3E0C8118:[9585510f-100c-470d-8f47-8513bdf7d4b7:172.18.0.7:9858] returns group-C93B3E0C8118:java.util.concurrent.CompletableFuture@4d4c971[Not completed]
datanode_1  | 2019-11-13 19:25:05,884 INFO storage.RaftStorage: Storage directory /data/metadata/ratis/91281fd0-e15e-4105-8327-368df7eea6aa has been successfully formatted.
datanode_2  | 2019-11-13 19:25:06,292 INFO server.RaftServerConfigKeys: raft.server.rpc.timeout.min = 5s (custom)
rm_1        | , reservationsContinueLooking=true
om_1        | 2019-11-13 19:25:08,241 INFO db.DBStoreBuilder: Using default column profile:DBProfile.DISK for Table:s3SecretTable
nm_1        | 2019-11-13 19:24:58 INFO  Server:801 - IPC Server listener on 41181: starting
scm_1       | 2019-11-13 19:25:02,107 INFO http.HttpServer2: Added global filter 'safety' (class=org.apache.hadoop.http.HttpServer2$QuotingInputFilter)
datanode_3  | 2019-11-13 19:25:05,073 INFO impl.RaftServerImpl: 9585510f-100c-470d-8f47-8513bdf7d4b7: new RaftServerImpl for group-C93B3E0C8118:[9585510f-100c-470d-8f47-8513bdf7d4b7:172.18.0.7:9858] with ContainerStateMachine:uninitialized
datanode_1  | 2019-11-13 19:25:05,888 INFO ratis.ContainerStateMachine: group-368DF7EEA6AA: The snapshot info is null. Setting the last applied indexto:(t:0, i:~)
datanode_2  | 2019-11-13 19:25:06,293 INFO server.RaftServerConfigKeys: raft.server.rpc.timeout.max = 5200ms (custom)
rm_1        | 2019-11-13 19:24:58 INFO  ParentQueue:100 - Initialized parent-queue root name=root, fullname=root
om_1        | 2019-11-13 19:25:08,241 INFO db.DBStoreBuilder: using custom profile for table: prefixTable
nm_1        | 2019-11-13 19:24:58 INFO  NMContainerTokenSecretManager:260 - Updating node address : nm:41181
scm_1       | 2019-11-13 19:25:02,109 INFO http.HttpServer2: Added filter static_user_filter (class=org.apache.hadoop.http.lib.StaticUserWebFilter$StaticUserFilter) to context scm
datanode_3  | 2019-11-13 19:25:05,075 INFO server.RaftServerConfigKeys: raft.server.rpc.timeout.min = 5s (custom)
datanode_1  | 2019-11-13 19:25:05,888 INFO server.RaftServerConfigKeys: raft.server.notification.no-leader.timeout = 120s (custom)
datanode_2  | 2019-11-13 19:25:06,293 INFO server.RaftServerConfigKeys: raft.server.rpcslowness.timeout = 120s (custom)
rm_1        | 2019-11-13 19:24:58 INFO  CapacitySchedulerConfiguration:603 - max alloc mb per queue for root.default is undefined
nm_1        | 2019-11-13 19:24:58 INFO  CallQueueManager:57 - Using callQueue: class java.util.concurrent.LinkedBlockingQueue queueCapacity: 500
scm_1       | 2019-11-13 19:25:02,110 INFO http.HttpServer2: Added filter static_user_filter (class=org.apache.hadoop.http.lib.StaticUserWebFilter$StaticUserFilter) to context static
om_1        | 2019-11-13 19:25:08,241 INFO db.DBStoreBuilder: Using default column profile:DBProfile.DISK for Table:prefixTable
datanode_3  | 2019-11-13 19:25:05,075 INFO server.RaftServerConfigKeys: raft.server.rpc.timeout.max = 5200ms (custom)
datanode_1  | 2019-11-13 19:25:05,890 INFO server.RaftServerConfigKeys: raft.server.log.use.memory = false (default)
datanode_2  | 2019-11-13 19:25:06,294 INFO server.RaftServerConfigKeys: raft.server.sleep.deviation.threshold = 300 (default)
rm_1        | 2019-11-13 19:24:58 INFO  CapacitySchedulerConfiguration:607 - max alloc vcore per queue for root.default is undefined
nm_1        | 2019-11-13 19:24:58 INFO  Server:722 - Starting Socket Reader #1 for port 8040
scm_1       | 2019-11-13 19:25:02,110 INFO http.HttpServer2: Added filter static_user_filter (class=org.apache.hadoop.http.lib.StaticUserWebFilter$StaticUserFilter) to context logs
om_1        | 2019-11-13 19:25:08,259 INFO db.DBStoreBuilder: using custom profile for table: default
datanode_3  | 2019-11-13 19:25:05,075 INFO server.RaftServerConfigKeys: raft.server.rpcslowness.timeout = 120s (custom)
datanode_2  | 2019-11-13 19:25:06,294 INFO server.RaftServerConfigKeys: raft.server.log.appender.install.snapshot.enabled = false (custom)
datanode_1  | 2019-11-13 19:25:05,894 INFO server.RaftServerConfigKeys: raft.server.log.purge.gap = 1000000 (custom)
rm_1        | 2019-11-13 19:24:58 INFO  LeafQueue:215 - Initializing default
nm_1        | 2019-11-13 19:24:58 INFO  RpcServerFactoryPBImpl:174 - Adding protocol org.apache.hadoop.yarn.server.nodemanager.api.LocalizationProtocolPB to the server
scm_1       | 2019-11-13 19:25:02,134 INFO server.StorageContainerManager: StorageContainerLocationProtocol RPC server is listening at /0.0.0.0:9860
om_1        | 2019-11-13 19:25:08,259 INFO db.DBStoreBuilder: Using default column profile:DBProfile.DISK for Table:default
datanode_3  | 2019-11-13 19:25:05,076 INFO server.RaftServerConfigKeys: raft.server.sleep.deviation.threshold = 300 (default)
datanode_2  | 2019-11-13 19:25:06,300 INFO impl.RaftServerImpl: 50eefddd-23c2-4060-b35a-de8f720f9d52@group-7F7E81D11691: ConfigurationManager, init=-1: [50eefddd-23c2-4060-b35a-de8f720f9d52:172.18.0.9:9858], old=null, confs=<EMPTY_MAP>
datanode_1  | 2019-11-13 19:25:05,894 INFO server.RaftServerConfigKeys: raft.server.log.appender.buffer.byte-limit = 33554432 (custom)
nm_1        | 2019-11-13 19:24:58 INFO  Server:962 - IPC Server Responder: starting
scm_1       | 2019-11-13 19:25:02,210 INFO impl.MetricsConfig: Loaded properties from hadoop-metrics2.properties
rm_1        | capacity = 1.0 [= (float) configuredCapacity / 100 ]
om_1        | 2019-11-13 19:25:08,261 INFO db.DBStoreBuilder: Using default options. DBProfile.DISK
datanode_3  | 2019-11-13 19:25:05,076 INFO server.RaftServerConfigKeys: raft.server.log.appender.install.snapshot.enabled = false (custom)
datanode_2  | 2019-11-13 19:25:06,300 INFO server.RaftServerConfigKeys: raft.server.storage.dir = [/data/metadata/ratis] (custom)
datanode_1  | 2019-11-13 19:25:05,896 INFO server.RaftServerConfigKeys: raft.server.log.segment.size.max = 1048576 (custom)
nm_1        | 2019-11-13 19:24:58 INFO  Server:801 - IPC Server listener on 8040: starting
scm_1       | 2019-11-13 19:25:02,249 INFO impl.MetricsSystemImpl: Scheduled Metric snapshot period at 10 second(s).
rm_1        | asboluteCapacity = 1.0 [= parentAbsoluteCapacity * capacity ]
om_1        | 2019-11-13 19:25:09,199 INFO ipc.CallQueueManager: Using callQueue: class java.util.concurrent.LinkedBlockingQueue, queueCapacity: 2000, scheduler: class org.apache.hadoop.ipc.DefaultRpcScheduler, ipcBackoff: false.
datanode_3  | 2019-11-13 19:25:05,082 INFO impl.RaftServerImpl: 9585510f-100c-470d-8f47-8513bdf7d4b7@group-C93B3E0C8118: ConfigurationManager, init=-1: [9585510f-100c-470d-8f47-8513bdf7d4b7:172.18.0.7:9858], old=null, confs=<EMPTY_MAP>
datanode_2  | 2019-11-13 19:25:06,304 INFO server.RaftServerConfigKeys: raft.server.log.corruption.policy = EXCEPTION (default)
datanode_1  | 2019-11-13 19:25:05,901 INFO metrics.MetricRegistries: Loaded MetricRegistries class org.apache.ratis.metrics.impl.MetricRegistriesImpl
nm_1        | 2019-11-13 19:24:58 INFO  ResourceLocalizationService:344 - Localizer started on port 8040
scm_1       | 2019-11-13 19:25:02,249 INFO impl.MetricsSystemImpl: StorageContainerManager metrics system started
rm_1        | maxCapacity = 1.0 [= configuredMaxCapacity ]
om_1        | 2019-11-13 19:25:09,208 INFO ipc.Server: Starting Socket Reader #1 for port 9862
datanode_3  | 2019-11-13 19:25:05,082 INFO server.RaftServerConfigKeys: raft.server.storage.dir = [/data/metadata/ratis] (custom)
datanode_1  | 2019-11-13 19:25:05,905 WARN impl.MetricRegistriesImpl: First MetricRegistry has been created without registering reporters. You may need to call MetricRegistries.global().addReportRegistration(...) before.
nm_1        | 2019-11-13 19:24:58 INFO  IndexCache:47 - IndexCache created with max memory = 10485760
scm_1       | 2019-11-13 19:25:02,464 INFO server.SCMClientProtocolServer: RPC server for Client  is listening at /0.0.0.0:9860
rm_1        | absoluteMaxCapacity = 1.0 [= 1.0 maximumCapacity undefined, (parentAbsoluteMaxCapacity * maximumCapacity) / 100 otherwise ]
om_1        | 2019-11-13 19:25:09,244 INFO om.OzoneManager: OzoneManager RPC server is listening at om/172.18.0.2:9862
datanode_3  | 2019-11-13 19:25:05,087 INFO server.RaftServerConfigKeys: raft.server.log.corruption.policy = EXCEPTION (default)
datanode_2  | 2019-11-13 19:25:06,305 INFO storage.RaftStorageDirectory: The storage directory /data/metadata/ratis/c024c15b-fb1c-4173-a73e-7f7e81d11691 does not exist. Creating ...
nm_1        | 2019-11-13 19:24:58 INFO  ShuffleHandler:510 - httpshuffle listening on port 13562
scm_1       | 2019-11-13 19:25:02,464 INFO ipc.Server: IPC Server Responder: starting
rm_1        | userLimit = 100 [= configuredUserLimit ]
om_1        | 2019-11-13 19:25:09,323 INFO impl.MetricsConfig: Loaded properties from hadoop-metrics2.properties
datanode_3  | 2019-11-13 19:25:05,089 INFO storage.RaftStorageDirectory: The storage directory /data/metadata/ratis/ce3ef1d3-4291-43c1-9e91-c93b3e0c8118 does not exist. Creating ...
datanode_1  | 2019-11-13 19:25:05,911 INFO server.RaftServerConfigKeys: raft.server.log.segment.cache.num.max = 2 (custom)
nm_1        | 2019-11-13 19:24:58 INFO  ContainersMonitorImpl:196 - Neither virutal-memory nor physical-memory monitoring is needed. Not running the monitor-thread
scm_1       | 2019-11-13 19:25:02,465 INFO ipc.Server: IPC Server listener on 9860: starting
rm_1        | userLimitFactor = 1.0 [= configuredUserLimitFactor ]
om_1        | 2019-11-13 19:25:09,376 INFO impl.MetricsSystemImpl: Scheduled Metric snapshot period at 10 second(s).
datanode_3  | 2019-11-13 19:25:05,384 INFO storage.RaftStorageDirectory: Lock on /data/metadata/ratis/ce3ef1d3-4291-43c1-9e91-c93b3e0c8118/in_use.lock acquired by nodename 7@4cc1453fd5ce
datanode_1  | 2019-11-13 19:25:05,917 INFO segmented.SegmentedRaftLogWorker: new 9c3b3027-90be-4e5d-88c4-d592f9824c8c@group-368DF7EEA6AA-SegmentedRaftLogWorker for RaftStorage:Storage Directory /data/metadata/ratis/91281fd0-e15e-4105-8327-368df7eea6aa
datanode_2  | 2019-11-13 19:25:06,332 INFO storage.RaftStorageDirectory: Lock on /data/metadata/ratis/c024c15b-fb1c-4173-a73e-7f7e81d11691/in_use.lock acquired by nodename 7@5440c03006a7
nm_1        | 2019-11-13 19:24:58 INFO  ContainerManagerImpl:472 - ContainerManager started at nm/172.18.0.4:41181
scm_1       | 2019-11-13 19:25:02,468 INFO server.StorageContainerManager: ScmBlockLocationProtocol RPC server is listening at /0.0.0.0:9863
rm_1        | maxApplications = 10000 [= configuredMaximumSystemApplicationsPerQueue or (int)(configuredMaximumSystemApplications * absoluteCapacity)]
om_1        | 2019-11-13 19:25:09,377 INFO impl.MetricsSystemImpl: OzoneManager metrics system started
datanode_3  | 2019-11-13 19:25:05,395 INFO storage.RaftStorage: Storage directory /data/metadata/ratis/ce3ef1d3-4291-43c1-9e91-c93b3e0c8118 has been successfully formatted.
datanode_1  | 2019-11-13 19:25:05,917 INFO server.RaftServerConfigKeys: raft.server.log.queue.byte-limit = 2147483647 (custom)
datanode_2  | 2019-11-13 19:25:06,373 INFO storage.RaftStorage: Storage directory /data/metadata/ratis/c024c15b-fb1c-4173-a73e-7f7e81d11691 has been successfully formatted.
nm_1        | 2019-11-13 19:24:58 INFO  ContainerManagerImpl:473 - ContainerManager bound to 0.0.0.0/0.0.0.0:0
scm_1       | 2019-11-13 19:25:02,469 INFO server.SCMBlockProtocolServer: RPC server for Block Protocol is listening at /0.0.0.0:9863
rm_1        | maxApplicationsPerUser = 10000 [= (int)(maxApplications * (userLimit / 100.0f) * userLimitFactor) ]
datanode_3  | 2019-11-13 19:25:05,400 INFO ratis.ContainerStateMachine: group-C93B3E0C8118: The snapshot info is null. Setting the last applied indexto:(t:0, i:~)
datanode_1  | 2019-11-13 19:25:05,918 INFO server.RaftServerConfigKeys: raft.server.log.queue.element-limit = 1024 (custom)
om_1        | 2019-11-13 19:25:09,430 INFO ipc.Server: IPC Server Responder: starting
nm_1        | 2019-11-13 19:24:58 INFO  WebServer:70 - Instantiating NMWebApp at 0.0.0.0:8042
datanode_2  | 2019-11-13 19:25:06,378 INFO ratis.ContainerStateMachine: group-7F7E81D11691: The snapshot info is null. Setting the last applied indexto:(t:0, i:~)
scm_1       | 2019-11-13 19:25:02,469 INFO ipc.Server: IPC Server Responder: starting
rm_1        | usedCapacity = 0.0 [= usedResourcesMemory / (clusterResourceMemory * absoluteCapacity)]
datanode_3  | 2019-11-13 19:25:05,400 INFO server.RaftServerConfigKeys: raft.server.notification.no-leader.timeout = 120s (custom)
datanode_1  | 2019-11-13 19:25:05,919 INFO server.RaftServerConfigKeys: raft.server.log.segment.size.max = 1048576 (custom)
om_1        | 2019-11-13 19:25:09,431 INFO ipc.Server: IPC Server listener on 9862: starting
nm_1        | 2019-11-13 19:24:58 INFO  log:67 - Logging to org.slf4j.impl.Log4jLoggerAdapter(org.mortbay.log) via org.mortbay.log.Slf4jLog
datanode_2  | 2019-11-13 19:25:06,378 INFO server.RaftServerConfigKeys: raft.server.notification.no-leader.timeout = 120s (custom)
scm_1       | 2019-11-13 19:25:02,470 INFO ipc.Server: IPC Server listener on 9863: starting
rm_1        | absoluteUsedCapacity = 0.0 [= usedResourcesMemory / clusterResourceMemory]
datanode_1  | 2019-11-13 19:25:05,919 INFO server.RaftServerConfigKeys: raft.server.log.preallocated.size = 16384 (custom)
om_1        | 2019-11-13 19:25:09,473 INFO hdfs.DFSUtil: Starting Web-server for ozoneManager at: http://0.0.0.0:9874
