kms_1       |  dns_canonicalize_hostname = false
s3g_1       | WARNING: The following warnings have been detected: WARNING: A HTTP GET method, public javax.ws.rs.core.Response org.apache.hadoop.ozone.s3.endpoint.ObjectEndpoint.get(java.lang.String,java.lang.String,java.lang.String,int,java.lang.String,java.io.InputStream) throws java.io.IOException,org.apache.hadoop.ozone.s3.exception.OS3Exception, should not consume any entity.
scm_1       | ************************************************************/
datanode_2  | 2019-11-09 00:20:32,832 INFO volume.ThrottledAsyncChecker: Scheduling a check for /data/hdds/hdds
recon_1     | 	at picocli.CommandLine$AbstractParseResultHandler.handleParseResult(CommandLine.java:1243)
kdc_1       | Generiting keytab
datanode_1  | 2019-11-09 00:20:28,750 INFO ozone.OzoneSecurityUtil: ip:127.0.0.1,host:localhost not returned.
om_1        | 2019-11-09 00:20:32,512 INFO om.OzoneManager: Initializing secure OzoneManager.
datanode_3  | 2019-11-09 00:20:28,310 INFO ozone.OzoneSecurityUtil: Adding ip:172.18.0.6,host:87a43a08d1f6
kms_1       |  dns_lookup_realm = false
s3g_1       | 
scm_1       | 2019-11-09 00:20:28,771 INFO server.StorageContainerManagerStarter: registered UNIX signal handlers for [TERM, HUP, INT]
datanode_2  | 2019-11-09 00:20:32,853 INFO volume.HddsVolumeChecker: Scheduled health check for volume /data/hdds/hdds
recon_1     | 	at picocli.CommandLine.parseWithHandlers(CommandLine.java:1526)
kdc_1       | Authenticating as principal admin/admin with keytab /tmp/admin.keytab.
datanode_1  | 2019-11-09 00:20:28,753 INFO ozone.HddsDatanodeService: Creating csr for DN-> subject:root@b8e8e248eb26
om_1        | 2019-11-09 00:20:32,900 ERROR client.OMCertificateClient: Default certificate serial id is not set. Can't locate the default certificate for this client.
datanode_3  | 2019-11-09 00:20:28,310 INFO ozone.OzoneSecurityUtil: ip:127.0.0.1,host:localhost not returned.
kms_1       |  ticket_lifetime = 24h
s3g_1       | 2019-11-09 00:20:29,523 INFO handler.ContextHandler: Started o.e.j.w.WebAppContext@733fb462{/,file:///tmp/jetty-0.0.0.0-9878-s3gateway-_-any-3353592954865096545.dir/webapp/,AVAILABLE}{/s3gateway}
datanode_2  | 2019-11-09 00:20:33,362 WARN scm.HddsServerUtil: Storage directory for Ratis is not configured. It is a good idea to map this to an SSD disk. Falling back to ozone.metadata.dirs
scm_1       | 2019-11-09 00:20:28,978 WARN server.ServerUtils: ozone.scm.db.dirs is not configured. We recommend adding this setting. Falling back to ozone.metadata.dirs instead.
recon_1     | 	at picocli.CommandLine.parseWithHandler(CommandLine.java:1465)
kdc_1       | WARNING: no policy specified for dn/1371f263ec70@EXAMPLE.COM; defaulting to no policy
datanode_1  | 2019-11-09 00:20:29,949 INFO ipc.Client: Retrying connect to server: scm/172.18.0.8:9961. Already tried 0 time(s); retry policy is RetryUpToMaximumCountWithFixedSleep(maxRetries=2147483647, sleepTime=1000 MILLISECONDS)
om_1        | 2019-11-09 00:20:32,900 INFO client.OMCertificateClient: Certificate client init case: 0
datanode_3  | 2019-11-09 00:20:28,320 INFO ozone.HddsDatanodeService: Creating csr for DN-> subject:root@87a43a08d1f6
kms_1       |  renew_lifetime = 7d
s3g_1       | 2019-11-09 00:20:29,531 INFO server.AbstractConnector: Started ServerConnector@4e8b357d{HTTP/1.1,[http/1.1]}{0.0.0.0:9878}
datanode_2  | 2019-11-09 00:20:33,392 INFO impl.RaftServerProxy: raft.rpc.type = GRPC (default)
scm_1       | WARNING: An illegal reflective access operation has occurred
kdc_1       | Principal "dn/1371f263ec70@EXAMPLE.COM" created.
datanode_1  | 2019-11-09 00:20:30,950 INFO ipc.Client: Retrying connect to server: scm/172.18.0.8:9961. Already tried 1 time(s); retry policy is RetryUpToMaximumCountWithFixedSleep(maxRetries=2147483647, sleepTime=1000 MILLISECONDS)
recon_1     | 	at org.apache.hadoop.hdds.cli.GenericCli.execute(GenericCli.java:65)
om_1        | 2019-11-09 00:20:32,901 INFO client.OMCertificateClient: Creating keypair for client as keypair and certificate not found.
datanode_3  | 2019-11-09 00:20:29,601 INFO ipc.Client: Retrying connect to server: scm/172.18.0.8:9961. Already tried 0 time(s); retry policy is RetryUpToMaximumCountWithFixedSleep(maxRetries=2147483647, sleepTime=1000 MILLISECONDS)
kms_1       |  forwardable = true
s3g_1       | 2019-11-09 00:20:29,531 INFO server.Server: Started @5031ms
datanode_2  | 2019-11-09 00:20:33,461 INFO grpc.GrpcConfigKeys$Server: raft.grpc.server.port = 9858 (custom)
scm_1       | WARNING: Illegal reflective access by org.apache.hadoop.security.authentication.util.KerberosUtil (file:/opt/hadoop/share/ozone/lib/hadoop-auth-3.2.0.jar) to method sun.security.krb5.Config.getInstance()
kdc_1       | Authenticating as principal admin/admin with keytab /tmp/admin.keytab.
datanode_1  | 2019-11-09 00:20:32,662 INFO ozone.HddsDatanodeService: Successfully stored SCM signed certificate, case:GETCERT.
recon_1     | 	at org.apache.hadoop.hdds.cli.GenericCli.run(GenericCli.java:56)
om_1        | 2019-11-09 00:20:33,312 INFO om.OzoneManager: Init response: GETCERT
datanode_3  | 2019-11-09 00:20:30,603 INFO ipc.Client: Retrying connect to server: scm/172.18.0.8:9961. Already tried 1 time(s); retry policy is RetryUpToMaximumCountWithFixedSleep(maxRetries=2147483647, sleepTime=1000 MILLISECONDS)
kms_1       |  rdns = false
s3g_1       | 2019-11-09 00:20:29,534 INFO server.BaseHttpServer: HTTP server of S3GATEWAY is listening at http://0.0.0.0:9878
datanode_2  | 2019-11-09 00:20:33,462 INFO server.GrpcService: raft.grpc.message.size.max = 33570816 (custom)
scm_1       | WARNING: Please consider reporting this to the maintainers of org.apache.hadoop.security.authentication.util.KerberosUtil
kdc_1       | Entry for principal dn/1371f263ec70@EXAMPLE.COM with kvno 2, encryption type aes256-cts-hmac-sha1-96 added to keytab WRFILE:/data/dn.1371f263ec70.keytab.
datanode_1  | 2019-11-09 00:20:32,881 INFO volume.HddsVolume: Creating Volume: /data/hdds/hdds of  storage type : DISK and capacity : 10908285698048
recon_1     | 	at org.apache.hadoop.ozone.recon.ReconServer.main(ReconServer.java:52)
om_1        | 2019-11-09 00:20:33,350 INFO ozone.OzoneSecurityUtil: Adding ip:172.18.0.3,host:om
datanode_3  | 2019-11-09 00:20:32,761 INFO ozone.HddsDatanodeService: Successfully stored SCM signed certificate, case:GETCERT.
kms_1       |  default_realm = EXAMPLE.COM
s3g_1       | 2019-11-09 00:27:50,975 INFO endpoint.BucketEndpoint: Location is /bucket-test123
datanode_2  | 2019-11-09 00:20:33,464 INFO server.RaftServerConfigKeys: raft.server.log.appender.buffer.byte-limit = 33554432 (custom)
scm_1       | WARNING: Use --illegal-access=warn to enable warnings of further illegal reflective access operations
kdc_1       | Entry for principal dn/1371f263ec70@EXAMPLE.COM with kvno 2, encryption type aes128-cts-hmac-sha1-96 added to keytab WRFILE:/data/dn.1371f263ec70.keytab.
datanode_1  | 2019-11-09 00:20:32,883 INFO volume.VolumeSet: Added Volume : /data/hdds/hdds to VolumeSet
recon_1     | 2019-11-09 00:20:46,748 INFO recon.ReconServer: Stopping Recon server
om_1        | 2019-11-09 00:20:33,351 INFO ozone.OzoneSecurityUtil: ip:127.0.0.1,host:localhost not returned.
datanode_3  | 2019-11-09 00:20:32,878 INFO volume.HddsVolume: Creating Volume: /data/hdds/hdds of  storage type : DISK and capacity : 10908285698048
kms_1       | 
datanode_2  | 2019-11-09 00:20:33,464 INFO server.GrpcService: raft.grpc.flow.control.window = 1MB (=1048576) (default)
scm_1       | WARNING: All illegal access operations will be denied in a future release
s3g_1       | 2019-11-09 00:27:54,265 WARN ipc.Client: Exception encountered while connecting to the server : org.apache.hadoop.ipc.RemoteException(org.apache.hadoop.security.token.SecretManager$InvalidToken): No S3 secret found for S3 identifier:OzoneToken owner=dlfknslnfslf, renewer=, realUser=, issueDate=0, maxDate=0, sequenceNumber=0, masterKeyId=0, strToSign=AWS4-HMAC-SHA256
kdc_1       | Generiting keytab
datanode_1  | 2019-11-09 00:20:32,890 INFO volume.ThrottledAsyncChecker: Scheduling a check for /data/hdds/hdds
recon_1     | java.lang.NullPointerException
om_1        | 2019-11-09 00:20:33,356 INFO om.OzoneManager: Creating csr for OM->dns:om,ip:172.18.0.3,scmId:e7530189-9902-4241-989a-8ac6eb24443d,clusterId:CID-816c01f8-af9b-4ee2-855d-7dd017b6aa87,subject:root@om
datanode_3  | 2019-11-09 00:20:32,880 INFO volume.VolumeSet: Added Volume : /data/hdds/hdds to VolumeSet
kms_1       | [realms]
datanode_2  | 2019-11-09 00:20:33,465 INFO server.RaftServerConfigKeys: raft.server.rpc.request.timeout = 3000ms (default)
scm_1       | 2019-11-09 00:20:29,221 INFO security.UserGroupInformation: Login successful for user scm/scm@EXAMPLE.COM using keytab file /etc/security/keytabs/scm.keytab
s3g_1       | 20191109T002754Z
kdc_1       | Authenticating as principal admin/admin with keytab /tmp/admin.keytab.
datanode_1  | 2019-11-09 00:20:32,908 INFO volume.HddsVolumeChecker: Scheduled health check for volume /data/hdds/hdds
recon_1     | 	at org.apache.hadoop.ozone.recon.ReconServer.stop(ReconServer.java:115)
datanode_3  | 2019-11-09 00:20:32,888 INFO volume.ThrottledAsyncChecker: Scheduling a check for /data/hdds/hdds
kms_1       |  EXAMPLE.COM = {
om_1        | 2019-11-09 00:20:33,476 INFO om.OzoneManager: OzoneManager ports added:[name: "RPC"
datanode_2  | 2019-11-09 00:20:33,598 INFO server.RaftServerConfigKeys: raft.server.storage.dir = [/data/metadata/ratis] (custom)
scm_1       | 2019-11-09 00:20:29,221 INFO server.StorageContainerManager: SCM login successful.
s3g_1       | 20191109/us-west-1/s3/aws4_request
kdc_1       | WARNING: no policy specified for dn/87a43a08d1f6@EXAMPLE.COM; defaulting to no policy
datanode_1  | 2019-11-09 00:20:33,411 WARN scm.HddsServerUtil: Storage directory for Ratis is not configured. It is a good idea to map this to an SSD disk. Falling back to ozone.metadata.dirs
recon_1     | 	at org.apache.hadoop.ozone.recon.ReconServer.call(ReconServer.java:100)
datanode_3  | 2019-11-09 00:20:32,912 INFO volume.HddsVolumeChecker: Scheduled health check for volume /data/hdds/hdds
kms_1       |   kdc = kdc
om_1        | value: 9862
datanode_2  | 2019-11-09 00:20:33,671 INFO hdfs.DFSUtil: Starting web server as: HTTP/f8f77bf9d4ed@EXAMPLE.COM
scm_1       | 2019-11-09 00:20:29,222 WARN server.ServerUtils: ozone.scm.db.dirs is not configured. We recommend adding this setting. Falling back to ozone.metadata.dirs instead.
s3g_1       | 8f5e6886880094ea3958c40c380222186349e6435d078dd05a2eccc7d7725305, signature=e22cb1bd8af13295faa2db2c926c5ea884dc1b501c1e2d6513e8f391cfae7170, awsAccessKeyId=dlfknslnfslf
kdc_1       | Principal "dn/87a43a08d1f6@EXAMPLE.COM" created.
datanode_1  | 2019-11-09 00:20:33,449 INFO impl.RaftServerProxy: raft.rpc.type = GRPC (default)
recon_1     | 	at org.apache.hadoop.ozone.recon.ReconServer.call(ReconServer.java:41)
datanode_3  | 2019-11-09 00:20:33,349 WARN scm.HddsServerUtil: Storage directory for Ratis is not configured. It is a good idea to map this to an SSD disk. Falling back to ozone.metadata.dirs
kms_1       |   admin_server = kdc
om_1        | ]
datanode_2  | 2019-11-09 00:20:33,671 INFO hdfs.DFSUtil: Starting Web-server for hddsDatanode at: http://0.0.0.0:9882
scm_1       | 2019-11-09 00:20:29,245 INFO util.log: Logging initialized @1696ms
s3g_1       | 2019-11-09 00:27:54,274 WARN ipc.Client: Exception encountered while connecting to the server : org.apache.hadoop.ipc.RemoteException(org.apache.hadoop.security.token.SecretManager$InvalidToken): No S3 secret found for S3 identifier:OzoneToken owner=dlfknslnfslf, renewer=, realUser=, issueDate=0, maxDate=0, sequenceNumber=0, masterKeyId=0, strToSign=AWS4-HMAC-SHA256
kdc_1       | Authenticating as principal admin/admin with keytab /tmp/admin.keytab.
datanode_1  | 2019-11-09 00:20:33,513 INFO grpc.GrpcConfigKeys$Server: raft.grpc.server.port = 9858 (custom)
recon_1     | 	at picocli.CommandLine.execute(CommandLine.java:1173)
datanode_3  | 2019-11-09 00:20:33,377 INFO impl.RaftServerProxy: raft.rpc.type = GRPC (default)
kms_1       |  }
om_1        | 2019-11-09 00:20:33,544 INFO om.OzoneManager: Successfully stored SCM signed certificate.
datanode_2  | 2019-11-09 00:20:33,692 INFO util.log: Logging initialized @8960ms
scm_1       | 2019-11-09 00:20:29,333 INFO db.DBStoreBuilder: using custom profile for table: deletedBlocks
s3g_1       | 20191109T002754Z
datanode_1  | 2019-11-09 00:20:33,516 INFO server.GrpcService: raft.grpc.message.size.max = 33570816 (custom)
recon_1     | 	at picocli.CommandLine.access$800(CommandLine.java:141)
datanode_3  | 2019-11-09 00:20:33,451 INFO grpc.GrpcConfigKeys$Server: raft.grpc.server.port = 9858 (custom)
kms_1       | 
om_1        | OM initialization succeeded.Current cluster id for sd=/data/metadata/om;cid=CID-816c01f8-af9b-4ee2-855d-7dd017b6aa87
datanode_2  | 2019-11-09 00:20:33,774 INFO server.AuthenticationFilter: Unable to initialize FileSignerSecretProvider, falling back to use random secrets.
scm_1       | 2019-11-09 00:20:29,333 INFO db.DBStoreBuilder: Using default column profile:DBProfile.DISK for Table:deletedBlocks
s3g_1       | 20191109/us-west-1/s3/aws4_request
kdc_1       | Nov 09 00:20:15 kdc krb5kdc[9](info): AS_REQ (8 etypes {18 17 20 19 16 23 25 26}) 127.0.0.1: ISSUE: authtime 1573258815, etypes {rep=18 tkt=18 ses=18}, admin/admin@EXAMPLE.COM for kadmin/admin@EXAMPLE.COM
recon_1     | 	at picocli.CommandLine$RunLast.handle(CommandLine.java:1367)
datanode_1  | 2019-11-09 00:20:33,519 INFO server.RaftServerConfigKeys: raft.server.log.appender.buffer.byte-limit = 33554432 (custom)
datanode_3  | 2019-11-09 00:20:33,453 INFO server.GrpcService: raft.grpc.message.size.max = 33570816 (custom)
kms_1       | [domain_realm]
om_1        | 2019-11-09 00:20:33,582 INFO om.OzoneManagerStarter: SHUTDOWN_MSG: 
datanode_2  | 2019-11-09 00:20:33,777 INFO http.HttpRequestLog: Http request log for http.requests.hddsDatanode is not defined
scm_1       | 2019-11-09 00:20:29,334 INFO db.DBStoreBuilder: using custom profile for table: validCerts
s3g_1       | 8f5e6886880094ea3958c40c380222186349e6435d078dd05a2eccc7d7725305, signature=e22cb1bd8af13295faa2db2c926c5ea884dc1b501c1e2d6513e8f391cfae7170, awsAccessKeyId=dlfknslnfslf
kdc_1       | Nov 09 00:20:16 kdc krb5kdc[9](info): AS_REQ (8 etypes {18 17 20 19 16 23 25 26}) 127.0.0.1: SERVER_NOT_FOUND: admin/admin@EXAMPLE.COM for kadmin/localhost@EXAMPLE.COM, Server not found in Kerberos database
recon_1     | 	at picocli.CommandLine$RunLast.handle(CommandLine.java:1335)
datanode_1  | 2019-11-09 00:20:33,520 INFO server.GrpcService: raft.grpc.flow.control.window = 1MB (=1048576) (default)
datanode_3  | 2019-11-09 00:20:33,457 INFO server.RaftServerConfigKeys: raft.server.log.appender.buffer.byte-limit = 33554432 (custom)
kms_1       |  .example.com = EXAMPLE.COM
om_1        | /************************************************************
datanode_2  | 2019-11-09 00:20:33,784 INFO http.HttpServer2: Added global filter 'safety' (class=org.apache.hadoop.http.HttpServer2$QuotingInputFilter)
scm_1       | 2019-11-09 00:20:29,334 INFO db.DBStoreBuilder: Using default column profile:DBProfile.DISK for Table:validCerts
kdc_1       | Nov 09 00:20:16 kdc krb5kdc[9](info): AS_REQ (8 etypes {18 17 20 19 16 23 25 26}) 127.0.0.1: ISSUE: authtime 1573258816, etypes {rep=18 tkt=18 ses=18}, admin/admin@EXAMPLE.COM for kadmin/admin@EXAMPLE.COM
recon_1     | 	at picocli.CommandLine$AbstractParseResultHandler.handleParseResult(CommandLine.java:1243)
s3g_1       | 2019-11-09 00:27:54,275 INFO retry.RetryInvocationHandler: com.google.protobuf.ServiceException: org.apache.hadoop.ipc.RemoteException(org.apache.hadoop.security.token.SecretManager$InvalidToken): No S3 secret found for S3 identifier:OzoneToken owner=dlfknslnfslf, renewer=, realUser=, issueDate=0, maxDate=0, sequenceNumber=0, masterKeyId=0, strToSign=AWS4-HMAC-SHA256
datanode_1  | 2019-11-09 00:20:33,521 INFO server.RaftServerConfigKeys: raft.server.rpc.request.timeout = 3000ms (default)
kms_1       | WARNING: /opt/hadoop/temp does not exist. Creating.
datanode_3  | 2019-11-09 00:20:33,458 INFO server.GrpcService: raft.grpc.flow.control.window = 1MB (=1048576) (default)
om_1        | SHUTDOWN_MSG: Shutting down OzoneManager at om/172.18.0.3
datanode_2  | 2019-11-09 00:20:33,785 INFO http.HttpServer2: Added filter authentication (class=org.apache.hadoop.security.authentication.server.AuthenticationFilter) to context hddsDatanode
scm_1       | 2019-11-09 00:20:29,334 INFO db.DBStoreBuilder: using custom profile for table: revokedCerts
kdc_1       | Nov 09 00:20:16 kdc krb5kdc[9](info): AS_REQ (8 etypes {18 17 20 19 16 23 25 26}) 127.0.0.1: SERVER_NOT_FOUND: admin/admin@EXAMPLE.COM for kadmin/localhost@EXAMPLE.COM, Server not found in Kerberos database
recon_1     | 	at picocli.CommandLine.parseWithHandlers(CommandLine.java:1526)
s3g_1       | 20191109T002754Z
datanode_1  | 2019-11-09 00:20:33,661 INFO server.RaftServerConfigKeys: raft.server.storage.dir = [/data/metadata/ratis] (custom)
datanode_3  | 2019-11-09 00:20:33,459 INFO server.RaftServerConfigKeys: raft.server.rpc.request.timeout = 3000ms (default)
kms_1       | WARNING: /opt/hadoop/logs does not exist. Creating.
om_1        | ************************************************************/
scm_1       | 2019-11-09 00:20:29,334 INFO db.DBStoreBuilder: Using default column profile:DBProfile.DISK for Table:revokedCerts
datanode_2  | 2019-11-09 00:20:33,785 INFO http.HttpServer2: Added filter authentication (class=org.apache.hadoop.security.authentication.server.AuthenticationFilter) to context static
kdc_1       | Nov 09 00:20:16 kdc krb5kdc[9](info): AS_REQ (8 etypes {18 17 20 19 16 23 25 26}) 127.0.0.1: ISSUE: authtime 1573258816, etypes {rep=18 tkt=18 ses=18}, admin/admin@EXAMPLE.COM for kadmin/admin@EXAMPLE.COM
recon_1     | 	at picocli.CommandLine.parseWithHandler(CommandLine.java:1465)
s3g_1       | 20191109/us-west-1/s3/aws4_request
datanode_1  | 2019-11-09 00:20:33,731 INFO hdfs.DFSUtil: Starting web server as: HTTP/b8e8e248eb26@EXAMPLE.COM
datanode_3  | 2019-11-09 00:20:33,603 INFO server.RaftServerConfigKeys: raft.server.storage.dir = [/data/metadata/ratis] (custom)
kms_1       | Nov 09, 2019 12:20:27 AM com.sun.jersey.api.core.PackagesResourceConfig init
om_1        | 2019-11-09 00:20:34,483 INFO om.OzoneManagerStarter: STARTUP_MSG: 
scm_1       | 2019-11-09 00:20:29,343 INFO db.DBStoreBuilder: using custom profile for table: default
datanode_2  | 2019-11-09 00:20:33,785 INFO http.HttpServer2: Added filter authentication (class=org.apache.hadoop.security.authentication.server.AuthenticationFilter) to context logs
recon_1     | 	at org.apache.hadoop.hdds.cli.GenericCli.execute(GenericCli.java:65)
kdc_1       | Nov 09 00:20:16 kdc krb5kdc[9](info): AS_REQ (8 etypes {18 17 20 19 16 23 25 26}) 127.0.0.1: SERVER_NOT_FOUND: admin/admin@EXAMPLE.COM for kadmin/localhost@EXAMPLE.COM, Server not found in Kerberos database
s3g_1       | 8f5e6886880094ea3958c40c380222186349e6435d078dd05a2eccc7d7725305, signature=e22cb1bd8af13295faa2db2c926c5ea884dc1b501c1e2d6513e8f391cfae7170, awsAccessKeyId=dlfknslnfslf, while invoking $Proxy83.submitRequest over nodeId=null,nodeAddress=om:9862 after 1 failover attempts. Trying to failover immediately.
datanode_1  | 2019-11-09 00:20:33,731 INFO hdfs.DFSUtil: Starting Web-server for hddsDatanode at: http://0.0.0.0:9882
datanode_3  | 2019-11-09 00:20:33,672 INFO hdfs.DFSUtil: Starting web server as: HTTP/87a43a08d1f6@EXAMPLE.COM
kms_1       | INFO: Scanning for root resource and provider classes in the packages:
om_1        | /************************************************************
scm_1       | 2019-11-09 00:20:29,343 INFO db.DBStoreBuilder: Using default column profile:DBProfile.DISK for Table:default
datanode_2  | 2019-11-09 00:20:33,812 INFO http.HttpServer2: Jetty bound to port 9882
recon_1     | 	at org.apache.hadoop.hdds.cli.GenericCli.run(GenericCli.java:56)
kdc_1       | Nov 09 00:20:16 kdc krb5kdc[9](info): AS_REQ (8 etypes {18 17 20 19 16 23 25 26}) 127.0.0.1: ISSUE: authtime 1573258816, etypes {rep=18 tkt=18 ses=18}, admin/admin@EXAMPLE.COM for kadmin/admin@EXAMPLE.COM
s3g_1       | 2019-11-09 00:27:54,279 WARN ipc.Client: Exception encountered while connecting to the server : org.apache.hadoop.ipc.RemoteException(org.apache.hadoop.security.token.SecretManager$InvalidToken): No S3 secret found for S3 identifier:OzoneToken owner=dlfknslnfslf, renewer=, realUser=, issueDate=0, maxDate=0, sequenceNumber=0, masterKeyId=0, strToSign=AWS4-HMAC-SHA256
datanode_1  | 2019-11-09 00:20:33,751 INFO util.log: Logging initialized @8122ms
datanode_3  | 2019-11-09 00:20:33,672 INFO hdfs.DFSUtil: Starting Web-server for hddsDatanode at: http://0.0.0.0:9882
kms_1       |   org.apache.hadoop.crypto.key.kms.server
om_1        | STARTUP_MSG: Starting OzoneManager
scm_1       | 2019-11-09 00:20:29,344 INFO db.DBStoreBuilder: Using default options. DBProfile.DISK
datanode_2  | 2019-11-09 00:20:33,813 INFO server.Server: jetty-9.3.25.v20180904, build timestamp: 2018-09-04T21:11:46Z, git hash: 3ce520221d0240229c862b122d2b06c12a625732
recon_1     | 	at org.apache.hadoop.ozone.recon.ReconServer.main(ReconServer.java:52)
kdc_1       | Nov 09 00:20:16 kdc krb5kdc[9](info): AS_REQ (8 etypes {18 17 20 19 16 23 25 26}) 127.0.0.1: SERVER_NOT_FOUND: admin/admin@EXAMPLE.COM for kadmin/localhost@EXAMPLE.COM, Server not found in Kerberos database
s3g_1       | 20191109T002754Z
datanode_1  | 2019-11-09 00:20:33,840 INFO server.AuthenticationFilter: Unable to initialize FileSignerSecretProvider, falling back to use random secrets.
datanode_3  | 2019-11-09 00:20:33,698 INFO util.log: Logging initialized @8275ms
kms_1       | Nov 09, 2019 12:20:27 AM com.sun.jersey.api.core.ScanningResourceConfig logClasses
om_1        | STARTUP_MSG:   host = om/172.18.0.3
scm_1       | 2019-11-09 00:20:30,507 INFO ipc.CallQueueManager: Using callQueue: class java.util.concurrent.LinkedBlockingQueue, queueCapacity: 200, scheduler: class org.apache.hadoop.ipc.DefaultRpcScheduler, ipcBackoff: false.
datanode_2  | 2019-11-09 00:20:33,839 INFO server.AuthenticationFilter: Unable to initialize FileSignerSecretProvider, falling back to use random secrets.
kdc_1       | Nov 09 00:20:16 kdc krb5kdc[9](info): AS_REQ (8 etypes {18 17 20 19 16 23 25 26}) 127.0.0.1: ISSUE: authtime 1573258816, etypes {rep=18 tkt=18 ses=18}, admin/admin@EXAMPLE.COM for kadmin/admin@EXAMPLE.COM
s3g_1       | 20191109/us-west-1/s3/aws4_request
datanode_1  | 2019-11-09 00:20:33,842 INFO http.HttpRequestLog: Http request log for http.requests.hddsDatanode is not defined
datanode_3  | 2019-11-09 00:20:33,780 INFO server.AuthenticationFilter: Unable to initialize FileSignerSecretProvider, falling back to use random secrets.
kms_1       | INFO: Root resource classes found:
om_1        | STARTUP_MSG:   args = []
scm_1       | 2019-11-09 00:20:30,531 INFO ipc.Server: Starting Socket Reader #1 for port 9961
datanode_2  | 2019-11-09 00:20:33,840 INFO server.KerberosAuthenticationHandler: Using keytab /etc/security/keytabs/HTTP.keytab, for principal HTTP/f8f77bf9d4ed@EXAMPLE.COM
kdc_1       | Nov 09 00:20:16 kdc krb5kdc[9](info): AS_REQ (8 etypes {18 17 20 19 16 23 25 26}) 127.0.0.1: SERVER_NOT_FOUND: admin/admin@EXAMPLE.COM for kadmin/localhost@EXAMPLE.COM, Server not found in Kerberos database
s3g_1       | 8f5e6886880094ea3958c40c380222186349e6435d078dd05a2eccc7d7725305, signature=e22cb1bd8af13295faa2db2c926c5ea884dc1b501c1e2d6513e8f391cfae7170, awsAccessKeyId=dlfknslnfslf
datanode_1  | 2019-11-09 00:20:33,848 INFO http.HttpServer2: Added global filter 'safety' (class=org.apache.hadoop.http.HttpServer2$QuotingInputFilter)
datanode_3  | 2019-11-09 00:20:33,782 INFO http.HttpRequestLog: Http request log for http.requests.hddsDatanode is not defined
kms_1       |   class org.apache.hadoop.crypto.key.kms.server.KMS
om_1        | STARTUP_MSG:   version = 3.2.0
scm_1       | 2019-11-09 00:20:30,624 INFO net.NodeSchemaLoader: Loading file from java.lang.CompoundEnumeration@71a3a190
datanode_2  | 2019-11-09 00:20:33,843 INFO handler.ContextHandler: Started o.e.j.s.ServletContextHandler@7dee835{/logs,file:///var/log/hadoop/,AVAILABLE}
kdc_1       | Nov 09 00:20:16 kdc krb5kdc[9](info): AS_REQ (8 etypes {18 17 20 19 16 23 25 26}) 127.0.0.1: ISSUE: authtime 1573258816, etypes {rep=18 tkt=18 ses=18}, admin/admin@EXAMPLE.COM for kadmin/admin@EXAMPLE.COM
s3g_1       | 2019-11-09 00:27:54,280 INFO retry.RetryInvocationHandler: com.google.protobuf.ServiceException: org.apache.hadoop.ipc.RemoteException(org.apache.hadoop.security.token.SecretManager$InvalidToken): No S3 secret found for S3 identifier:OzoneToken owner=dlfknslnfslf, renewer=, realUser=, issueDate=0, maxDate=0, sequenceNumber=0, masterKeyId=0, strToSign=AWS4-HMAC-SHA256
datanode_1  | 2019-11-09 00:20:33,850 INFO http.HttpServer2: Added filter authentication (class=org.apache.hadoop.security.authentication.server.AuthenticationFilter) to context hddsDatanode
datanode_3  | 2019-11-09 00:20:33,788 INFO http.HttpServer2: Added global filter 'safety' (class=org.apache.hadoop.http.HttpServer2$QuotingInputFilter)
kms_1       | Nov 09, 2019 12:20:27 AM com.sun.jersey.api.core.ScanningResourceConfig logClasses
om_1        | STARTUP_MSG:   classpath = /etc/hadoop:/opt/hadoop/share/hadoop/common/*:/opt/hadoop/share/ozone/lib/kerb-simplekdc-1.0.1.jar:/opt/hadoop/share/ozone/lib/protobuf-java-2.5.0.jar:/opt/hadoop/share/ozone/lib/bcpkix-jdk15on-1.60.jar:/opt/hadoop/share/ozone/lib/sqlite-jdbc-3.25.2.jar:/opt/hadoop/share/ozone/lib/netty-3.10.5.Final.jar:/opt/hadoop/share/ozone/lib/commons-validator-1.6.jar:/opt/hadoop/share/ozone/lib/jaxb-impl-2.3.0.1.jar:/opt/hadoop/share/ozone/lib/kerb-core-1.0.1.jar:/opt/hadoop/share/ozone/lib/hadoop-ozone-common-0.5.0-SNAPSHOT.jar:/opt/hadoop/share/ozone/lib/ratis-thirdparty-misc-0.2.0.jar:/opt/hadoop/share/ozone/lib/jsr305-3.0.0.jar:/opt/hadoop/share/ozone/lib/leveldbjni-all-1.8.jar:/opt/hadoop/share/ozone/lib/htrace-core4-4.1.0-incubating.jar:/opt/hadoop/share/ozone/lib/hadoop-annotations-3.2.0.jar:/opt/hadoop/share/ozone/lib/hadoop-hdds-tools-0.5.0-SNAPSHOT.jar:/opt/hadoop/share/ozone/lib/kerb-util-1.0.1.jar:/opt/hadoop/share/ozone/lib/jackson-jaxrs-1.9.13.jar:/opt/hadoop/share/ozone/lib/ratis-server-0.5.0-d6d58d0-SNAPSHOT.jar:/opt/hadoop/share/ozone/lib/kerby-xdr-1.0.1.jar:/opt/hadoop/share/ozone/lib/jetty-webapp-9.3.25.v20180904.jar:/opt/hadoop/share/ozone/lib/jackson-core-asl-1.9.13.jar:/opt/hadoop/share/ozone/lib/commons-net-3.6.jar:/opt/hadoop/share/ozone/lib/log4j-api-2.11.0.jar:/opt/hadoop/share/ozone/lib/netty-all-4.0.52.Final.jar:/opt/hadoop/share/ozone/lib/hadoop-hdfs-3.2.0.jar:/opt/hadoop/share/ozone/lib/jline-0.9.94.jar:/opt/hadoop/share/ozone/lib/opentracing-api-0.31.0.jar:/opt/hadoop/share/ozone/lib/hadoop-hdds-server-framework-0.5.0-SNAPSHOT.jar:/opt/hadoop/share/ozone/lib/slf4j-log4j12-1.7.25.jar:/opt/hadoop/share/ozone/lib/hadoop-hdfs-client-3.2.0.jar:/opt/hadoop/share/ozone/lib/kerby-config-1.0.1.jar:/opt/hadoop/share/ozone/lib/jetty-util-9.3.25.v20180904.jar:/opt/hadoop/share/ozone/lib/libthrift-0.12.0.jar:/opt/hadoop/share/ozone/lib/metrics-core-3.2.4.jar:/opt/hadoop/share/ozone/lib/kerby-pkix-1.0.1.jar:/opt/hadoop/share/ozone/lib/xz-1.0.jar:/opt/hadoop/share/ozone/lib/hadoop-hdds-config-0.5.0-SNAPSHOT.jar:/opt/hadoop/share/ozone/lib/nimbus-jose-jwt-4.41.1.jar:/opt/hadoop/share/ozone/lib/jsr311-api-1.1.1.jar:/opt/hadoop/share/ozone/lib/commons-beanutils-1.9.4.jar:/opt/hadoop/share/ozone/lib/ratis-grpc-0.5.0-d6d58d0-SNAPSHOT.jar:/opt/hadoop/share/ozone/lib/ratis-netty-0.5.0-d6d58d0-SNAPSHOT.jar:/opt/hadoop/share/ozone/lib/javax.servlet-api-3.1.0.jar:/opt/hadoop/share/ozone/lib/kerb-server-1.0.1.jar:/opt/hadoop/share/ozone/lib/zookeeper-3.4.13.jar:/opt/hadoop/share/ozone/lib/avro-1.7.7.jar:/opt/hadoop/share/ozone/lib/kerb-client-1.0.1.jar:/opt/hadoop/share/ozone/lib/jackson-xc-1.9.13.jar:/opt/hadoop/share/ozone/lib/disruptor-3.4.2.jar:/opt/hadoop/share/ozone/lib/guava-11.0.2.jar:/opt/hadoop/share/ozone/lib/ratis-client-0.5.0-d6d58d0-SNAPSHOT.jar:/opt/hadoop/share/ozone/lib/hadoop-hdds-common-0.5.0-SNAPSHOT.jar:/opt/hadoop/share/ozone/lib/curator-framework-2.12.0.jar:/opt/hadoop/share/ozone/lib/dnsjava-2.1.7.jar:/opt/hadoop/share/ozone/lib/commons-configuration2-2.1.1.jar:/opt/hadoop/share/ozone/lib/json-smart-2.3.jar:/opt/hadoop/share/ozone/lib/token-provider-1.0.1.jar:/opt/hadoop/share/ozone/lib/log4j-1.2.17.jar:/opt/hadoop/share/ozone/lib/commons-daemon-1.0.13.jar:/opt/hadoop/share/ozone/lib/bcprov-jdk15on-1.60.jar:/opt/hadoop/share/ozone/lib/ratis-metrics-0.5.0-d6d58d0-SNAPSHOT.jar:/opt/hadoop/share/ozone/lib/commons-lang3-3.7.jar:/opt/hadoop/share/ozone/lib/commons-compress-1.4.1.jar:/opt/hadoop/share/ozone/lib/jaeger-client-0.34.0.jar:/opt/hadoop/share/ozone/lib/jetty-server-9.3.25.v20180904.jar:/opt/hadoop/share/ozone/lib/accessors-smart-1.2.jar:/opt/hadoop/share/ozone/lib/re2j-1.1.jar:/opt/hadoop/share/ozone/lib/curator-recipes-2.12.0.jar:/opt/hadoop/share/ozone/lib/jackson-core-2.9.9.jar:/opt/hadoop/share/ozone/lib/commons-math3-3.1.1.jar:/opt/hadoop/share/ozone/lib/opentracing-noop-0.31.0.jar:/opt/hadoop/share/ozone/lib/httpclient-4.5.2.jar:/opt/hadoop/share/ozone/lib/jaeger-core-0.34.0.jar:/opt/hadoop/share/ozone/lib/asm-5.0.4.jar:/opt/hadoop/share/ozone/lib/curator-client-2.12.0.jar:/opt/hadoop/share/ozone/lib/audience-annotations-0.5.0.jar:/opt/hadoop/share/ozone/lib/kerby-util-1.0.1.jar:/opt/hadoop/share/ozone/lib/jackson-mapper-asl-1.9.13.jar:/opt/hadoop/share/ozone/lib/rocksdbjni-6.0.1.jar:/opt/hadoop/share/ozone/lib/jsp-api-2.1.jar:/opt/hadoop/share/ozone/lib/jsch-0.1.54.jar:/opt/hadoop/share/ozone/lib/opentracing-tracerresolver-0.1.5.jar:/opt/hadoop/share/ozone/lib/paranamer-2.3.jar:/opt/hadoop/share/ozone/lib/log4j-core-2.11.0.jar:/opt/hadoop/share/ozone/lib/jetty-io-9.3.25.v20180904.jar:/opt/hadoop/share/ozone/lib/jetty-xml-9.3.25.v20180904.jar:/opt/hadoop/share/ozone/lib/commons-codec-1.11.jar:/opt/hadoop/share/ozone/lib/commons-pool2-2.6.0.jar:/opt/hadoop/share/ozone/lib/gson-2.2.4.jar:/opt/hadoop/share/ozone/lib/jcip-annotations-1.0-1.jar:/opt/hadoop/share/ozone/lib/kerb-admin-1.0.1.jar:/opt/hadoop/share/ozone/lib/okio-1.13.0.jar:/opt/hadoop/share/ozone/lib/commons-io-2.5.jar:/opt/hadoop/share/ozone/lib/snakeyaml-1.16.jar:/opt/hadoop/share/ozone/lib/hadoop-ozone-client-0.5.0-SNAPSHOT.jar:/opt/hadoop/share/ozone/lib/jersey-core-1.19.jar:/opt/hadoop/share/ozone/lib/jackson-databind-2.9.9.jar:/opt/hadoop/share/ozone/lib/hadoop-hdds-container-service-0.5.0-SNAPSHOT.jar:/opt/hadoop/share/ozone/lib/picocli-3.9.6.jar:/opt/hadoop/share/ozone/lib/jaeger-thrift-0.34.0.jar:/opt/hadoop/share/ozone/lib/ratis-common-0.5.0-d6d58d0-SNAPSHOT.jar:/opt/hadoop/share/ozone/lib/jackson-annotations-2.9.9.jar:/opt/hadoop/share/ozone/lib/commons-cli-1.2.jar:/opt/hadoop/share/ozone/lib/hadoop-hdds-docs-0.5.0-SNAPSHOT.jar:/opt/hadoop/share/ozone/lib/woodstox-core-5.0.3.jar:/opt/hadoop/share/ozone/lib/javax.annotation-api-1.2.jar:/opt/hadoop/share/ozone/lib/snappy-java-1.0.5.jar:/opt/hadoop/share/ozone/lib/jaeger-tracerresolver-0.34.0.jar:/opt/hadoop/share/ozone/lib/jetty-security-9.3.25.v20180904.jar:/opt/hadoop/share/ozone/lib/jetty-http-9.3.25.v20180904.jar:/opt/hadoop/share/ozone/lib/kerby-asn1-1.0.1.jar:/opt/hadoop/share/ozone/lib/okhttp-3.9.0.jar:/opt/hadoop/share/ozone/lib/stax2-api-3.1.4.jar:/opt/hadoop/share/ozone/lib/commons-digester-1.8.1.jar:/opt/hadoop/share/ozone/lib/commons-collections-3.2.2.jar:/opt/hadoop/share/ozone/lib/jettison-1.1.jar:/opt/hadoop/share/ozone/lib/commons-text-1.4.jar:/opt/hadoop/share/ozone/lib/jersey-servlet-1.19.jar:/opt/hadoop/share/ozone/lib/jersey-json-1.19.jar:/opt/hadoop/share/ozone/lib/slf4j-api-1.7.25.jar:/opt/hadoop/share/ozone/lib/jetty-util-ajax-9.3.25.v20180904.jar:/opt/hadoop/share/ozone/lib/commons-logging-1.1.3.jar:/opt/hadoop/share/ozone/lib/hadoop-hdds-client-0.5.0-SNAPSHOT.jar:/opt/hadoop/share/ozone/lib/kerb-identity-1.0.1.jar:/opt/hadoop/share/ozone/lib/ratis-proto-0.5.0-d6d58d0-SNAPSHOT.jar:/opt/hadoop/share/ozone/lib/opentracing-util-0.31.0.jar:/opt/hadoop/share/ozone/lib/hadoop-common-3.2.0.jar:/opt/hadoop/share/ozone/lib/hadoop-auth-3.2.0.jar:/opt/hadoop/share/ozone/lib/kerb-common-1.0.1.jar:/opt/hadoop/share/ozone/lib/jetty-servlet-9.3.25.v20180904.jar:/opt/hadoop/share/ozone/lib/jersey-server-1.19.jar:/opt/hadoop/share/ozone/lib/kerb-crypto-1.0.1.jar:/opt/hadoop/share/ozone/lib/httpcore-4.4.4.jar:/opt/hadoop/share/ozone/web:/opt/hadoop/share/ozone/lib/hadoop-ozone-ozone-manager-0.5.0-SNAPSHOT.jar
scm_1       | 2019-11-09 00:20:30,625 INFO net.NodeSchemaLoader: Loading network topology layer schema file
datanode_2  | 2019-11-09 00:20:33,844 INFO handler.ContextHandler: Started o.e.j.s.ServletContextHandler@3f9b7fe1{/static,jar:file:/opt/hadoop/share/ozone/lib/hadoop-hdds-container-service-0.5.0-SNAPSHOT.jar!/webapps/static,AVAILABLE}
kdc_1       | Nov 09 00:20:16 kdc krb5kdc[9](info): AS_REQ (8 etypes {18 17 20 19 16 23 25 26}) 127.0.0.1: SERVER_NOT_FOUND: admin/admin@EXAMPLE.COM for kadmin/localhost@EXAMPLE.COM, Server not found in Kerberos database
s3g_1       | 20191109T002754Z
datanode_1  | 2019-11-09 00:20:33,850 INFO http.HttpServer2: Added filter authentication (class=org.apache.hadoop.security.authentication.server.AuthenticationFilter) to context static
datanode_3  | 2019-11-09 00:20:33,790 INFO http.HttpServer2: Added filter authentication (class=org.apache.hadoop.security.authentication.server.AuthenticationFilter) to context hddsDatanode
kms_1       | INFO: Provider classes found:
scm_1       | 2019-11-09 00:20:30,693 INFO node.SCMNodeManager: Entering startup safe mode.
datanode_2  | 2019-11-09 00:20:33,914 INFO server.KerberosAuthenticationHandler: Using keytab /etc/security/keytabs/HTTP.keytab, for principal HTTP/f8f77bf9d4ed@EXAMPLE.COM
kdc_1       | Nov 09 00:20:16 kdc krb5kdc[9](info): AS_REQ (8 etypes {18 17 20 19 16 23 25 26}) 127.0.0.1: ISSUE: authtime 1573258816, etypes {rep=18 tkt=18 ses=18}, admin/admin@EXAMPLE.COM for kadmin/admin@EXAMPLE.COM
om_1        | STARTUP_MSG:   build = https://github.com/apache/hadoop.git -r e97acb3bd8f3befd27418996fa5d4b50bf2e17bf; compiled by 'sunilg' on 2019-01-15T17:34Z
s3g_1       | 20191109/us-west-1/s3/aws4_request
datanode_1  | 2019-11-09 00:20:33,850 INFO http.HttpServer2: Added filter authentication (class=org.apache.hadoop.security.authentication.server.AuthenticationFilter) to context logs
datanode_3  | 2019-11-09 00:20:33,790 INFO http.HttpServer2: Added filter authentication (class=org.apache.hadoop.security.authentication.server.AuthenticationFilter) to context logs
kms_1       |   class org.apache.hadoop.crypto.key.kms.server.KMSJSONWriter
scm_1       | 2019-11-09 00:20:30,789 INFO algorithms.ContainerPlacementPolicyFactory: Create container placement policy of type org.apache.hadoop.hdds.scm.container.placement.algorithms.SCMContainerPlacementRandom
datanode_2  | 2019-11-09 00:20:33,920 INFO handler.ContextHandler: Started o.e.j.w.WebAppContext@38588dea{/,file:///tmp/jetty-0.0.0.0-9882-hddsDatanode-_-any-7072580978377286368.dir/webapp/,AVAILABLE}{/hddsDatanode}
kdc_1       | Nov 09 00:20:16 kdc krb5kdc[9](info): AS_REQ (8 etypes {18 17 20 19 16 23 25 26}) 127.0.0.1: SERVER_NOT_FOUND: admin/admin@EXAMPLE.COM for kadmin/localhost@EXAMPLE.COM, Server not found in Kerberos database
om_1        | STARTUP_MSG:   java = 11.0.3
s3g_1       | 8f5e6886880094ea3958c40c380222186349e6435d078dd05a2eccc7d7725305, signature=e22cb1bd8af13295faa2db2c926c5ea884dc1b501c1e2d6513e8f391cfae7170, awsAccessKeyId=dlfknslnfslf, while invoking $Proxy83.submitRequest over nodeId=null,nodeAddress=om:9862 after 2 failover attempts. Trying to failover immediately.
datanode_1  | 2019-11-09 00:20:33,872 INFO http.HttpServer2: Jetty bound to port 9882
datanode_3  | 2019-11-09 00:20:33,790 INFO http.HttpServer2: Added filter authentication (class=org.apache.hadoop.security.authentication.server.AuthenticationFilter) to context static
kms_1       |   class org.apache.hadoop.crypto.key.kms.server.KMSExceptionsProvider
scm_1       | 2019-11-09 00:20:30,800 WARN server.ServerUtils: ozone.scm.db.dirs is not configured. We recommend adding this setting. Falling back to ozone.metadata.dirs instead.
datanode_2  | 2019-11-09 00:20:33,928 INFO server.AbstractConnector: Started ServerConnector@62ade015{HTTP/1.1,[http/1.1]}{0.0.0.0:9882}
kdc_1       | Nov 09 00:20:16 kdc krb5kdc[9](info): AS_REQ (8 etypes {18 17 20 19 16 23 25 26}) 127.0.0.1: ISSUE: authtime 1573258816, etypes {rep=18 tkt=18 ses=18}, admin/admin@EXAMPLE.COM for kadmin/admin@EXAMPLE.COM
om_1        | ************************************************************/
s3g_1       | 2019-11-09 00:27:54,288 WARN ipc.Client: Exception encountered while connecting to the server : org.apache.hadoop.ipc.RemoteException(org.apache.hadoop.security.token.SecretManager$InvalidToken): No S3 secret found for S3 identifier:OzoneToken owner=dlfknslnfslf, renewer=, realUser=, issueDate=0, maxDate=0, sequenceNumber=0, masterKeyId=0, strToSign=AWS4-HMAC-SHA256
datanode_1  | 2019-11-09 00:20:33,873 INFO server.Server: jetty-9.3.25.v20180904, build timestamp: 2018-09-04T21:11:46Z, git hash: 3ce520221d0240229c862b122d2b06c12a625732
datanode_3  | 2019-11-09 00:20:33,811 INFO http.HttpServer2: Jetty bound to port 9882
kms_1       |   class org.apache.hadoop.crypto.key.kms.server.KMSJSONReader
scm_1       | 2019-11-09 00:20:30,999 INFO pipeline.SCMPipelineManager: No pipeline exists in current db
datanode_2  | 2019-11-09 00:20:33,929 INFO server.Server: Started @9196ms
kdc_1       | Nov 09 00:20:16 kdc krb5kdc[9](info): AS_REQ (8 etypes {18 17 20 19 16 23 25 26}) 127.0.0.1: SERVER_NOT_FOUND: admin/admin@EXAMPLE.COM for kadmin/localhost@EXAMPLE.COM, Server not found in Kerberos database
om_1        | 2019-11-09 00:20:34,489 INFO om.OzoneManagerStarter: registered UNIX signal handlers for [TERM, HUP, INT]
s3g_1       | 20191109T002754Z
datanode_1  | 2019-11-09 00:20:33,901 INFO server.AuthenticationFilter: Unable to initialize FileSignerSecretProvider, falling back to use random secrets.
datanode_3  | 2019-11-09 00:20:33,812 INFO server.Server: jetty-9.3.25.v20180904, build timestamp: 2018-09-04T21:11:46Z, git hash: 3ce520221d0240229c862b122d2b06c12a625732
kms_1       | Nov 09, 2019 12:20:27 AM com.sun.jersey.server.impl.application.WebApplicationImpl _initiate
scm_1       | 2019-11-09 00:20:31,003 WARN server.ServerUtils: ozone.scm.db.dirs is not configured. We recommend adding this setting. Falling back to ozone.metadata.dirs instead.
s3g_1       | 20191109/us-west-1/s3/aws4_request
om_1        | 2019-11-09 00:20:35,386 INFO ha.OMHANodeDetails: Configuration either no ozone.om.address set. Falling back to the default OM address om/172.18.0.3:9862
datanode_2  | 2019-11-09 00:20:33,931 INFO impl.MetricsSinkAdapter: Sink prometheus started
datanode_1  | 2019-11-09 00:20:33,902 INFO server.KerberosAuthenticationHandler: Using keytab /etc/security/keytabs/HTTP.keytab, for principal HTTP/b8e8e248eb26@EXAMPLE.COM
datanode_3  | 2019-11-09 00:20:33,841 INFO server.AuthenticationFilter: Unable to initialize FileSignerSecretProvider, falling back to use random secrets.
kdc_1       | Nov 09 00:20:16 kdc krb5kdc[9](info): AS_REQ (8 etypes {18 17 20 19 16 23 25 26}) 127.0.0.1: ISSUE: authtime 1573258816, etypes {rep=18 tkt=18 ses=18}, admin/admin@EXAMPLE.COM for kadmin/admin@EXAMPLE.COM
kms_1       | INFO: Initiating Jersey application, version 'Jersey: 1.19 02/11/2015 03:25 AM'
scm_1       | 2019-11-09 00:20:31,127 WARN events.EventQueue: No event handler registered for event TypedEvent{payloadType=SafeModeStatus, name='SafeModeStatus'}
s3g_1       | 8f5e6886880094ea3958c40c380222186349e6435d078dd05a2eccc7d7725305, signature=e22cb1bd8af13295faa2db2c926c5ea884dc1b501c1e2d6513e8f391cfae7170, awsAccessKeyId=dlfknslnfslf
om_1        | 2019-11-09 00:20:35,386 INFO ha.OMHANodeDetails: OM Service ID is not set. Setting it to the default ID: omServiceIdDefault
datanode_2  | 2019-11-09 00:20:33,932 INFO impl.MetricsSystemImpl: Registered sink prometheus
datanode_1  | 2019-11-09 00:20:33,905 INFO handler.ContextHandler: Started o.e.j.s.ServletContextHandler@21ea996f{/logs,file:///var/log/hadoop/,AVAILABLE}
datanode_3  | 2019-11-09 00:20:33,843 INFO server.KerberosAuthenticationHandler: Using keytab /etc/security/keytabs/HTTP.keytab, for principal HTTP/87a43a08d1f6@EXAMPLE.COM
kdc_1       | Nov 09 00:20:16 kdc krb5kdc[9](info): AS_REQ (8 etypes {18 17 20 19 16 23 25 26}) 127.0.0.1: SERVER_NOT_FOUND: admin/admin@EXAMPLE.COM for kadmin/localhost@EXAMPLE.COM, Server not found in Kerberos database
scm_1       | 2019-11-09 00:20:31,462 INFO ipc.CallQueueManager: Using callQueue: class java.util.concurrent.LinkedBlockingQueue, queueCapacity: 1000, scheduler: class org.apache.hadoop.ipc.DefaultRpcScheduler, ipcBackoff: false.
s3g_1       | 2019-11-09 00:27:54,288 INFO retry.RetryInvocationHandler: com.google.protobuf.ServiceException: org.apache.hadoop.ipc.RemoteException(org.apache.hadoop.security.token.SecretManager$InvalidToken): No S3 secret found for S3 identifier:OzoneToken owner=dlfknslnfslf, renewer=, realUser=, issueDate=0, maxDate=0, sequenceNumber=0, masterKeyId=0, strToSign=AWS4-HMAC-SHA256
datanode_2  | 2019-11-09 00:20:33,935 INFO server.BaseHttpServer: HTTP server of HDDSDATANODE is listening at http://0.0.0.0:9882
om_1        | 2019-11-09 00:20:35,391 WARN server.ServerUtils: ozone.om.db.dirs is not configured. We recommend adding this setting. Falling back to ozone.metadata.dirs instead.
datanode_1  | 2019-11-09 00:20:33,906 INFO handler.ContextHandler: Started o.e.j.s.ServletContextHandler@ea7a4c3{/static,jar:file:/opt/hadoop/share/ozone/lib/hadoop-hdds-container-service-0.5.0-SNAPSHOT.jar!/webapps/static,AVAILABLE}
datanode_3  | 2019-11-09 00:20:33,846 INFO handler.ContextHandler: Started o.e.j.s.ServletContextHandler@3f9b7fe1{/logs,file:///var/log/hadoop/,AVAILABLE}
kdc_1       | Nov 09 00:20:16 kdc krb5kdc[9](info): AS_REQ (8 etypes {18 17 20 19 16 23 25 26}) 127.0.0.1: ISSUE: authtime 1573258816, etypes {rep=18 tkt=18 ses=18}, admin/admin@EXAMPLE.COM for kadmin/admin@EXAMPLE.COM
scm_1       | 2019-11-09 00:20:31,463 INFO ipc.Server: Starting Socket Reader #1 for port 9861
s3g_1       | 20191109T002754Z
datanode_2  | 2019-11-09 00:20:33,948 INFO util.JvmPauseMonitor: Starting JVM pause monitor
om_1        | WARNING: An illegal reflective access operation has occurred
datanode_1  | 2019-11-09 00:20:33,975 INFO server.KerberosAuthenticationHandler: Using keytab /etc/security/keytabs/HTTP.keytab, for principal HTTP/b8e8e248eb26@EXAMPLE.COM
datanode_3  | 2019-11-09 00:20:33,847 INFO handler.ContextHandler: Started o.e.j.s.ServletContextHandler@7d42404e{/static,jar:file:/opt/hadoop/share/ozone/lib/hadoop-hdds-container-service-0.5.0-SNAPSHOT.jar!/webapps/static,AVAILABLE}
scm_1       | 2019-11-09 00:20:31,489 INFO ipc.CallQueueManager: Using callQueue: class java.util.concurrent.LinkedBlockingQueue, queueCapacity: 1000, scheduler: class org.apache.hadoop.ipc.DefaultRpcScheduler, ipcBackoff: false.
kdc_1       | Nov 09 00:20:16 kdc krb5kdc[9](info): AS_REQ (8 etypes {18 17 20 19 16 23 25 26}) 127.0.0.1: SERVER_NOT_FOUND: admin/admin@EXAMPLE.COM for kadmin/localhost@EXAMPLE.COM, Server not found in Kerberos database
s3g_1       | 20191109/us-west-1/s3/aws4_request
datanode_2  | 2019-11-09 00:20:36,094 INFO ozoneimpl.OzoneContainer: Attempting to start container services.
om_1        | WARNING: Illegal reflective access by org.apache.hadoop.security.authentication.util.KerberosUtil (file:/opt/hadoop/share/ozone/lib/hadoop-auth-3.2.0.jar) to method sun.security.krb5.Config.getInstance()
datanode_1  | 2019-11-09 00:20:33,979 INFO handler.ContextHandler: Started o.e.j.w.WebAppContext@1f7cec93{/,file:///tmp/jetty-0.0.0.0-9882-hddsDatanode-_-any-1056680236648962958.dir/webapp/,AVAILABLE}{/hddsDatanode}
datanode_3  | 2019-11-09 00:20:33,920 INFO server.KerberosAuthenticationHandler: Using keytab /etc/security/keytabs/HTTP.keytab, for principal HTTP/87a43a08d1f6@EXAMPLE.COM
scm_1       | 2019-11-09 00:20:31,490 INFO ipc.Server: Starting Socket Reader #1 for port 9863
kdc_1       | Nov 09 00:20:16 kdc krb5kdc[9](info): AS_REQ (8 etypes {18 17 20 19 16 23 25 26}) 127.0.0.1: ISSUE: authtime 1573258816, etypes {rep=18 tkt=18 ses=18}, admin/admin@EXAMPLE.COM for kadmin/admin@EXAMPLE.COM
s3g_1       | 8f5e6886880094ea3958c40c380222186349e6435d078dd05a2eccc7d7725305, signature=e22cb1bd8af13295faa2db2c926c5ea884dc1b501c1e2d6513e8f391cfae7170, awsAccessKeyId=dlfknslnfslf, while invoking $Proxy83.submitRequest over nodeId=null,nodeAddress=om:9862 after 3 failover attempts. Trying to failover immediately.
om_1        | WARNING: Please consider reporting this to the maintainers of org.apache.hadoop.security.authentication.util.KerberosUtil
datanode_2  | 2019-11-09 00:20:36,097 INFO ozoneimpl.OzoneContainer: Background container scanner has been disabled.
datanode_1  | 2019-11-09 00:20:33,985 INFO server.AbstractConnector: Started ServerConnector@487cd177{HTTP/1.1,[http/1.1]}{0.0.0.0:9882}
datanode_3  | 2019-11-09 00:20:33,926 INFO handler.ContextHandler: Started o.e.j.w.WebAppContext@3c9ef6e9{/,file:///tmp/jetty-0.0.0.0-9882-hddsDatanode-_-any-10375804141506229337.dir/webapp/,AVAILABLE}{/hddsDatanode}
scm_1       | 2019-11-09 00:20:31,518 INFO ipc.CallQueueManager: Using callQueue: class java.util.concurrent.LinkedBlockingQueue, queueCapacity: 1000, scheduler: class org.apache.hadoop.ipc.DefaultRpcScheduler, ipcBackoff: false.
kdc_1       | Nov 09 00:20:16 kdc kadmind[15](Notice): Request: kadm5_init, admin/admin@EXAMPLE.COM, success, client=admin/admin@EXAMPLE.COM, service=kadmin/admin@EXAMPLE.COM, addr=127.0.0.1, vers=4, flavor=6
datanode_2  | 2019-11-09 00:20:36,098 INFO ratis.XceiverServerRatis: Starting XceiverServerRatis 4a5450f2-da4d-4496-9306-8c1730e81e13 at port 9858
om_1        | WARNING: Use --illegal-access=warn to enable warnings of further illegal reflective access operations
s3g_1       | 2019-11-09 00:27:54,294 WARN ipc.Client: Exception encountered while connecting to the server : org.apache.hadoop.ipc.RemoteException(org.apache.hadoop.security.token.SecretManager$InvalidToken): No S3 secret found for S3 identifier:OzoneToken owner=dlfknslnfslf, renewer=, realUser=, issueDate=0, maxDate=0, sequenceNumber=0, masterKeyId=0, strToSign=AWS4-HMAC-SHA256
datanode_1  | 2019-11-09 00:20:33,985 INFO server.Server: Started @8356ms
datanode_3  | 2019-11-09 00:20:33,933 INFO server.AbstractConnector: Started ServerConnector@76656d87{HTTP/1.1,[http/1.1]}{0.0.0.0:9882}
scm_1       | 2019-11-09 00:20:31,519 INFO ipc.Server: Starting Socket Reader #1 for port 9860
kdc_1       | Nov 09 00:20:16 kdc kadmind[15](Notice): Request: kadm5_randkey_principal, test/test@EXAMPLE.COM, success, client=admin/admin@EXAMPLE.COM, service=kadmin/admin@EXAMPLE.COM, addr=127.0.0.1
datanode_2  | 2019-11-09 00:20:36,117 INFO impl.RaftServerProxy: 4a5450f2-da4d-4496-9306-8c1730e81e13: start RPC server
om_1        | WARNING: All illegal access operations will be denied in a future release
s3g_1       | 20191109T002754Z
datanode_1  | 2019-11-09 00:20:33,989 INFO impl.MetricsSinkAdapter: Sink prometheus started
datanode_3  | 2019-11-09 00:20:33,933 INFO server.Server: Started @8510ms
scm_1       | 2019-11-09 00:20:31,583 INFO hdfs.DFSUtil: Starting web server as: HTTP/scm@EXAMPLE.COM
kdc_1       | Nov 09 00:20:16 kdc kadmind[15](Notice): Request: kadm5_get_principal, test/test@EXAMPLE.COM, success, client=admin/admin@EXAMPLE.COM, service=kadmin/admin@EXAMPLE.COM, addr=127.0.0.1
datanode_2  | 2019-11-09 00:20:36,301 INFO server.GrpcService: 4a5450f2-da4d-4496-9306-8c1730e81e13: GrpcService started, listening on 0.0.0.0/0.0.0.0:9858
om_1        | 2019-11-09 00:20:35,578 INFO security.UserGroupInformation: Login successful for user om/om@EXAMPLE.COM using keytab file /etc/security/keytabs/om.keytab
s3g_1       | 20191109/us-west-1/s3/aws4_request
datanode_1  | 2019-11-09 00:20:33,989 INFO impl.MetricsSystemImpl: Registered sink prometheus
datanode_3  | 2019-11-09 00:20:33,937 INFO impl.MetricsSinkAdapter: Sink prometheus started
scm_1       | 2019-11-09 00:20:31,583 INFO hdfs.DFSUtil: Starting Web-server for scm at: http://0.0.0.0:9876
kdc_1       | Nov 09 00:20:16 kdc kadmind[15](info): closing down fd 18
datanode_2  | 2019-11-09 00:20:38,799 INFO impl.RaftServerProxy: 4a5450f2-da4d-4496-9306-8c1730e81e13: addNew group-7BBCCD187D04:[4a5450f2-da4d-4496-9306-8c1730e81e13:172.18.0.9:9858] returns group-7BBCCD187D04:java.util.concurrent.CompletableFuture@6e97e391[Not completed]
om_1        | 2019-11-09 00:20:35,578 INFO om.OzoneManager: Ozone Manager login successful.
s3g_1       | 8f5e6886880094ea3958c40c380222186349e6435d078dd05a2eccc7d7725305, signature=e22cb1bd8af13295faa2db2c926c5ea884dc1b501c1e2d6513e8f391cfae7170, awsAccessKeyId=dlfknslnfslf
datanode_3  | 2019-11-09 00:20:33,937 INFO impl.MetricsSystemImpl: Registered sink prometheus
scm_1       | 2019-11-09 00:20:31,693 INFO server.AuthenticationFilter: Unable to initialize FileSignerSecretProvider, falling back to use random secrets.
kdc_1       | Nov 09 00:20:16 kdc kadmind[15](Notice): Request: kadm5_init, admin/admin@EXAMPLE.COM, success, client=admin/admin@EXAMPLE.COM, service=kadmin/admin@EXAMPLE.COM, addr=127.0.0.1, vers=4, flavor=6
datanode_1  | 2019-11-09 00:20:33,991 INFO server.BaseHttpServer: HTTP server of HDDSDATANODE is listening at http://0.0.0.0:9882
datanode_2  | 2019-11-09 00:20:38,817 INFO impl.RaftServerImpl: 4a5450f2-da4d-4496-9306-8c1730e81e13: new RaftServerImpl for group-7BBCCD187D04:[4a5450f2-da4d-4496-9306-8c1730e81e13:172.18.0.9:9858] with ContainerStateMachine:uninitialized
om_1        | 2019-11-09 00:20:35,578 WARN server.ServerUtils: ozone.om.db.dirs is not configured. We recommend adding this setting. Falling back to ozone.metadata.dirs instead.
