datanode_3  | 2019-11-08 23:46:11,061 INFO http.HttpServer2: Added filter static_user_filter (class=org.apache.hadoop.http.lib.StaticUserWebFilter$StaticUserFilter) to context logs
rm_1        | 2019-11-08 23:46:06 INFO  Configuration:2427 - found resource yarn-site.xml at file:/opt/hadoop/etc/hadoop/yarn-site.xml
datanode_2  | 2019-11-08 23:46:11,027 INFO hdfs.DFSUtil: Starting Web-server for hddsDatanode at: http://0.0.0.0:9882
datanode_1  | 2019-11-08 23:46:11,210 INFO server.Server: jetty-9.3.25.v20180904, build timestamp: 2018-09-04T21:11:46Z, git hash: 3ce520221d0240229c862b122d2b06c12a625732
om_1        | 2019-11-08 23:46:20,320 INFO ha.OMHANodeDetails: Configuration either no ozone.om.address set. Falling back to the default OM address om/172.18.0.2:9862
nm_1        | 2019-11-08 23:46:08 INFO  AsyncDispatcher:209 - Registering class org.apache.hadoop.yarn.server.nodemanager.containermanager.container.ContainerEventType for class org.apache.hadoop.yarn.server.nodemanager.containermanager.ContainerManagerImpl$ContainerEventDispatcher
datanode_3  | 2019-11-08 23:46:11,061 INFO http.HttpServer2: Added filter static_user_filter (class=org.apache.hadoop.http.lib.StaticUserWebFilter$StaticUserFilter) to context static
rm_1        | 2019-11-08 23:46:06 INFO  AsyncDispatcher:209 - Registering class org.apache.hadoop.yarn.server.resourcemanager.RMFatalEventType for class org.apache.hadoop.yarn.server.resourcemanager.ResourceManager$RMFatalEventDispatcher
scm_1       | ************************************************************/
datanode_2  | 2019-11-08 23:46:11,053 INFO util.log: Logging initialized @3833ms
datanode_1  | 2019-11-08 23:46:11,245 INFO handler.ContextHandler: Started o.e.j.s.ServletContextHandler@23f3da8b{/logs,file:///var/log/hadoop/,AVAILABLE}
om_1        | 2019-11-08 23:46:20,320 INFO ha.OMHANodeDetails: OM Service ID is not set. Setting it to the default ID: omServiceIdDefault
nm_1        | 2019-11-08 23:46:08 INFO  AsyncDispatcher:209 - Registering class org.apache.hadoop.yarn.server.nodemanager.containermanager.application.ApplicationEventType for class org.apache.hadoop.yarn.server.nodemanager.containermanager.ContainerManagerImpl$ApplicationEventDispatcher
datanode_3  | 2019-11-08 23:46:11,100 INFO http.HttpServer2: Jetty bound to port 9882
rm_1        | 2019-11-08 23:46:06 INFO  NMTokenSecretManagerInRM:75 - NMTokenKeyRollingInterval: 86400000ms and NMTokenKeyActivationDelay: 900000ms
datanode_2  | 2019-11-08 23:46:11,139 INFO server.AuthenticationFilter: Unable to initialize FileSignerSecretProvider, falling back to use random secrets.
om_1        | 2019-11-08 23:46:20,325 WARN server.ServerUtils: ozone.om.db.dirs is not configured. We recommend adding this setting. Falling back to ozone.metadata.dirs instead.
datanode_1  | 2019-11-08 23:46:11,246 INFO handler.ContextHandler: Started o.e.j.s.ServletContextHandler@4e1a46fb{/static,jar:file:/opt/hadoop/share/ozone/lib/hadoop-hdds-container-service-0.5.0-SNAPSHOT.jar!/webapps/static,AVAILABLE}
scm_1       | 2019-11-08 23:46:09,982 INFO server.StorageContainerManagerStarter: registered UNIX signal handlers for [TERM, HUP, INT]
nm_1        | 2019-11-08 23:46:08 INFO  AsyncDispatcher:209 - Registering class org.apache.hadoop.yarn.server.nodemanager.containermanager.localizer.event.LocalizationEventType for class org.apache.hadoop.yarn.server.nodemanager.containermanager.localizer.ResourceLocalizationService
datanode_3  | 2019-11-08 23:46:11,101 INFO server.Server: jetty-9.3.25.v20180904, build timestamp: 2018-09-04T21:11:46Z, git hash: 3ce520221d0240229c862b122d2b06c12a625732
rm_1        | 2019-11-08 23:46:06 INFO  RMContainerTokenSecretManager:77 - ContainerTokenKeyRollingInterval: 86400000ms and ContainerTokenKeyActivationDelay: 900000ms
datanode_2  | 2019-11-08 23:46:11,142 INFO http.HttpRequestLog: Http request log for http.requests.hddsDatanode is not defined
om_1        | 2019-11-08 23:46:20,335 WARN server.ServerUtils: ozone.om.db.dirs is not configured. We recommend adding this setting. Falling back to ozone.metadata.dirs instead.
datanode_1  | 2019-11-08 23:46:11,405 INFO handler.ContextHandler: Started o.e.j.w.WebAppContext@80bfa9d{/,file:///tmp/jetty-0.0.0.0-9882-hddsDatanode-_-any-11408200425651213329.dir/webapp/,AVAILABLE}{/hddsDatanode}
scm_1       | 2019-11-08 23:46:10,256 WARN server.ServerUtils: ozone.scm.db.dirs is not configured. We recommend adding this setting. Falling back to ozone.metadata.dirs instead.
nm_1        | 2019-11-08 23:46:08 INFO  AsyncDispatcher:209 - Registering class org.apache.hadoop.yarn.server.nodemanager.containermanager.AuxServicesEventType for class org.apache.hadoop.yarn.server.nodemanager.containermanager.AuxServices
datanode_3  | 2019-11-08 23:46:11,137 INFO handler.ContextHandler: Started o.e.j.s.ServletContextHandler@20ab3e3a{/logs,file:///var/log/hadoop/,AVAILABLE}
rm_1        | 2019-11-08 23:46:06 INFO  AMRMTokenSecretManager:94 - AMRMTokenKeyRollingInterval: 86400000ms and AMRMTokenKeyActivationDelay: 900000 ms
datanode_2  | 2019-11-08 23:46:11,154 INFO http.HttpServer2: Added global filter 'safety' (class=org.apache.hadoop.http.HttpServer2$QuotingInputFilter)
om_1        | 2019-11-08 23:46:21,116 WARN server.ServerUtils: ozone.om.db.dirs is not configured. We recommend adding this setting. Falling back to ozone.metadata.dirs instead.
datanode_1  | 2019-11-08 23:46:11,412 INFO server.AbstractConnector: Started ServerConnector@feb98ef{HTTP/1.1,[http/1.1]}{0.0.0.0:9882}
scm_1       | 2019-11-08 23:46:10,274 WARN server.ServerUtils: ozone.scm.db.dirs is not configured. We recommend adding this setting. Falling back to ozone.metadata.dirs instead.
nm_1        | 2019-11-08 23:46:08 INFO  AsyncDispatcher:209 - Registering class org.apache.hadoop.yarn.server.nodemanager.containermanager.monitor.ContainersMonitorEventType for class org.apache.hadoop.yarn.server.nodemanager.containermanager.monitor.ContainersMonitorImpl
datanode_3  | 2019-11-08 23:46:11,138 INFO handler.ContextHandler: Started o.e.j.s.ServletContextHandler@1716e8c5{/static,jar:file:/opt/hadoop/share/ozone/lib/hadoop-hdds-container-service-0.5.0-SNAPSHOT.jar!/webapps/static,AVAILABLE}
rm_1        | 2019-11-08 23:46:06 INFO  AsyncDispatcher:209 - Registering class org.apache.hadoop.yarn.server.resourcemanager.recovery.RMStateStoreEventType for class org.apache.hadoop.yarn.server.resourcemanager.recovery.RMStateStore$ForwardingEventHandler
datanode_2  | 2019-11-08 23:46:11,156 INFO http.HttpServer2: Added filter static_user_filter (class=org.apache.hadoop.http.lib.StaticUserWebFilter$StaticUserFilter) to context hddsDatanode
om_1        | 2019-11-08 23:46:21,140 INFO util.log: Logging initialized @2548ms
datanode_1  | 2019-11-08 23:46:11,413 INFO server.Server: Started @4137ms
scm_1       | 2019-11-08 23:46:10,313 INFO util.log: Logging initialized @1570ms
nm_1        | 2019-11-08 23:46:08 INFO  AsyncDispatcher:209 - Registering class org.apache.hadoop.yarn.server.nodemanager.containermanager.launcher.ContainersLauncherEventType for class org.apache.hadoop.yarn.server.nodemanager.containermanager.launcher.ContainersLauncher
datanode_3  | 2019-11-08 23:46:11,212 INFO handler.ContextHandler: Started o.e.j.w.WebAppContext@640ab13c{/,file:///tmp/jetty-0.0.0.0-9882-hddsDatanode-_-any-6800188179711366454.dir/webapp/,AVAILABLE}{/hddsDatanode}
rm_1        | 2019-11-08 23:46:06 INFO  AsyncDispatcher:209 - Registering class org.apache.hadoop.yarn.server.resourcemanager.NodesListManagerEventType for class org.apache.hadoop.yarn.server.resourcemanager.NodesListManager
datanode_2  | 2019-11-08 23:46:11,156 INFO http.HttpServer2: Added filter static_user_filter (class=org.apache.hadoop.http.lib.StaticUserWebFilter$StaticUserFilter) to context logs
om_1        | 2019-11-08 23:46:21,239 INFO db.DBStoreBuilder: using custom profile for table: userTable
datanode_1  | 2019-11-08 23:46:11,416 INFO impl.MetricsSinkAdapter: Sink prometheus started
scm_1       | 2019-11-08 23:46:10,477 INFO db.DBStoreBuilder: using custom profile for table: deletedBlocks
nm_1        | 2019-11-08 23:46:08 INFO  AsyncDispatcher:209 - Registering class org.apache.hadoop.yarn.server.nodemanager.ContainerManagerEventType for class org.apache.hadoop.yarn.server.nodemanager.containermanager.ContainerManagerImpl
datanode_3  | 2019-11-08 23:46:11,220 INFO server.AbstractConnector: Started ServerConnector@39f600a9{HTTP/1.1,[http/1.1]}{0.0.0.0:9882}
rm_1        | 2019-11-08 23:46:06 INFO  ResourceManager:293 - Using Scheduler: org.apache.hadoop.yarn.server.resourcemanager.scheduler.capacity.CapacityScheduler
datanode_2  | 2019-11-08 23:46:11,156 INFO http.HttpServer2: Added filter static_user_filter (class=org.apache.hadoop.http.lib.StaticUserWebFilter$StaticUserFilter) to context static
om_1        | 2019-11-08 23:46:21,239 INFO db.DBStoreBuilder: Using default column profile:DBProfile.DISK for Table:userTable
datanode_1  | 2019-11-08 23:46:11,417 INFO impl.MetricsSystemImpl: Registered sink prometheus
scm_1       | 2019-11-08 23:46:10,478 INFO db.DBStoreBuilder: Using default column profile:DBProfile.DISK for Table:deletedBlocks
nm_1        | 2019-11-08 23:46:08 INFO  AsyncDispatcher:209 - Registering class org.apache.hadoop.yarn.server.nodemanager.NodeManagerEventType for class org.apache.hadoop.yarn.server.nodemanager.NodeManager
datanode_3  | 2019-11-08 23:46:11,223 INFO server.Server: Started @4018ms
rm_1        | 2019-11-08 23:46:06 INFO  AsyncDispatcher:209 - Registering class org.apache.hadoop.yarn.server.resourcemanager.scheduler.event.SchedulerEventType for class org.apache.hadoop.yarn.server.resourcemanager.ResourceManager$SchedulerEventDispatcher
datanode_2  | 2019-11-08 23:46:11,192 INFO http.HttpServer2: Jetty bound to port 9882
om_1        | 2019-11-08 23:46:21,239 INFO db.DBStoreBuilder: using custom profile for table: volumeTable
datanode_1  | 2019-11-08 23:46:11,419 INFO server.BaseHttpServer: HTTP server of HDDSDATANODE is listening at http://0.0.0.0:9882
scm_1       | 2019-11-08 23:46:10,478 INFO db.DBStoreBuilder: using custom profile for table: validCerts
nm_1        | 2019-11-08 23:46:08 INFO  MetricsConfig:112 - loaded properties from hadoop-metrics2.properties
datanode_3  | 2019-11-08 23:46:11,227 INFO impl.MetricsSinkAdapter: Sink prometheus started
rm_1        | 2019-11-08 23:46:06 INFO  AsyncDispatcher:209 - Registering class org.apache.hadoop.yarn.server.resourcemanager.rmapp.RMAppEventType for class org.apache.hadoop.yarn.server.resourcemanager.ResourceManager$ApplicationEventDispatcher
datanode_2  | 2019-11-08 23:46:11,193 INFO server.Server: jetty-9.3.25.v20180904, build timestamp: 2018-09-04T21:11:46Z, git hash: 3ce520221d0240229c862b122d2b06c12a625732
om_1        | 2019-11-08 23:46:21,240 INFO db.DBStoreBuilder: Using default column profile:DBProfile.DISK for Table:volumeTable
datanode_1  | 2019-11-08 23:46:11,437 INFO util.JvmPauseMonitor: Starting JVM pause monitor
scm_1       | 2019-11-08 23:46:10,478 INFO db.DBStoreBuilder: Using default column profile:DBProfile.DISK for Table:validCerts
nm_1        | 2019-11-08 23:46:08 INFO  MetricsSystemImpl:376 - Scheduled snapshot period at 10 second(s).
datanode_3  | 2019-11-08 23:46:11,227 INFO impl.MetricsSystemImpl: Registered sink prometheus
rm_1        | 2019-11-08 23:46:06 INFO  AsyncDispatcher:209 - Registering class org.apache.hadoop.yarn.server.resourcemanager.rmapp.attempt.RMAppAttemptEventType for class org.apache.hadoop.yarn.server.resourcemanager.ResourceManager$ApplicationAttemptEventDispatcher
datanode_2  | 2019-11-08 23:46:11,229 INFO handler.ContextHandler: Started o.e.j.s.ServletContextHandler@20ab3e3a{/logs,file:///var/log/hadoop/,AVAILABLE}
om_1        | 2019-11-08 23:46:21,240 INFO db.DBStoreBuilder: using custom profile for table: bucketTable
datanode_1  | 2019-11-08 23:46:11,629 INFO datanode.InitDatanodeState: DatanodeDetails is persisted to /data/metadata/datanode.id
scm_1       | 2019-11-08 23:46:10,479 INFO db.DBStoreBuilder: using custom profile for table: revokedCerts
nm_1        | 2019-11-08 23:46:08 INFO  MetricsSystemImpl:192 - NodeManager metrics system started
datanode_3  | 2019-11-08 23:46:11,229 INFO server.BaseHttpServer: HTTP server of HDDSDATANODE is listening at http://0.0.0.0:9882
rm_1        | 2019-11-08 23:46:06 INFO  AsyncDispatcher:209 - Registering class org.apache.hadoop.yarn.server.resourcemanager.rmnode.RMNodeEventType for class org.apache.hadoop.yarn.server.resourcemanager.ResourceManager$NodeEventDispatcher
datanode_2  | 2019-11-08 23:46:11,230 INFO handler.ContextHandler: Started o.e.j.s.ServletContextHandler@1716e8c5{/static,jar:file:/opt/hadoop/share/ozone/lib/hadoop-hdds-container-service-0.5.0-SNAPSHOT.jar!/webapps/static,AVAILABLE}
rm_1        | 2019-11-08 23:46:06 INFO  MetricsConfig:112 - loaded properties from hadoop-metrics2.properties
datanode_1  | 2019-11-08 23:46:13,568 INFO ozoneimpl.OzoneContainer: Attempting to start container services.
scm_1       | 2019-11-08 23:46:10,479 INFO db.DBStoreBuilder: Using default column profile:DBProfile.DISK for Table:revokedCerts
nm_1        | 2019-11-08 23:46:08 INFO  AsyncDispatcher:209 - Registering class org.apache.hadoop.yarn.server.nodemanager.containermanager.loghandler.event.LogHandlerEventType for class org.apache.hadoop.yarn.server.nodemanager.containermanager.loghandler.NonAggregatingLogHandler
datanode_3  | 2019-11-08 23:46:11,242 INFO util.JvmPauseMonitor: Starting JVM pause monitor
om_1        | 2019-11-08 23:46:21,240 INFO db.DBStoreBuilder: Using default column profile:DBProfile.DISK for Table:bucketTable
datanode_2  | 2019-11-08 23:46:11,422 INFO handler.ContextHandler: Started o.e.j.w.WebAppContext@640ab13c{/,file:///tmp/jetty-0.0.0.0-9882-hddsDatanode-_-any-1330567348710876660.dir/webapp/,AVAILABLE}{/hddsDatanode}
rm_1        | 2019-11-08 23:46:07 INFO  MetricsSystemImpl:376 - Scheduled snapshot period at 10 second(s).
datanode_1  | 2019-11-08 23:46:13,570 INFO ozoneimpl.OzoneContainer: Background container scanner has been disabled.
scm_1       | 2019-11-08 23:46:10,494 INFO db.DBStoreBuilder: using custom profile for table: default
datanode_3  | 2019-11-08 23:46:11,497 INFO datanode.InitDatanodeState: DatanodeDetails is persisted to /data/metadata/datanode.id
om_1        | 2019-11-08 23:46:21,241 INFO db.DBStoreBuilder: using custom profile for table: keyTable
nm_1        | 2019-11-08 23:46:08 INFO  AsyncDispatcher:209 - Registering class org.apache.hadoop.yarn.server.nodemanager.containermanager.localizer.sharedcache.SharedCacheUploadEventType for class org.apache.hadoop.yarn.server.nodemanager.containermanager.localizer.sharedcache.SharedCacheUploadService
datanode_2  | 2019-11-08 23:46:11,430 INFO server.AbstractConnector: Started ServerConnector@7b27e8f4{HTTP/1.1,[http/1.1]}{0.0.0.0:9882}
rm_1        | 2019-11-08 23:46:07 INFO  MetricsSystemImpl:192 - ResourceManager metrics system started
datanode_1  | 2019-11-08 23:46:13,570 INFO ratis.XceiverServerRatis: Starting XceiverServerRatis 4d78eaa7-b04d-4f77-90dd-2aa638f9bffb at port 9858
scm_1       | 2019-11-08 23:46:10,495 INFO db.DBStoreBuilder: Using default column profile:DBProfile.DISK for Table:default
datanode_3  | 2019-11-08 23:46:13,474 INFO ozoneimpl.OzoneContainer: Attempting to start container services.
om_1        | 2019-11-08 23:46:21,241 INFO db.DBStoreBuilder: Using default column profile:DBProfile.DISK for Table:keyTable
nm_1        | 2019-11-08 23:46:08 INFO  ResourceLocalizationService:219 - per directory file limit = 8192
datanode_2  | 2019-11-08 23:46:11,430 INFO server.Server: Started @4210ms
rm_1        | 2019-11-08 23:46:07 INFO  AsyncDispatcher:209 - Registering class org.apache.hadoop.yarn.server.resourcemanager.RMAppManagerEventType for class org.apache.hadoop.yarn.server.resourcemanager.RMAppManager
datanode_1  | 2019-11-08 23:46:13,588 INFO impl.RaftServerProxy: 4d78eaa7-b04d-4f77-90dd-2aa638f9bffb: start RPC server
scm_1       | 2019-11-08 23:46:10,496 INFO db.DBStoreBuilder: Using default options. DBProfile.DISK
datanode_3  | 2019-11-08 23:46:13,475 INFO ozoneimpl.OzoneContainer: Background container scanner has been disabled.
om_1        | 2019-11-08 23:46:21,241 INFO db.DBStoreBuilder: using custom profile for table: deletedTable
nm_1        | 2019-11-08 23:46:09 INFO  AsyncDispatcher:209 - Registering class org.apache.hadoop.yarn.server.nodemanager.containermanager.localizer.event.LocalizerEventType for class org.apache.hadoop.yarn.server.nodemanager.containermanager.localizer.ResourceLocalizationService$LocalizerTracker
datanode_2  | 2019-11-08 23:46:11,435 INFO impl.MetricsSinkAdapter: Sink prometheus started
rm_1        | 2019-11-08 23:46:07 INFO  AsyncDispatcher:209 - Registering class org.apache.hadoop.yarn.server.resourcemanager.amlauncher.AMLauncherEventType for class org.apache.hadoop.yarn.server.resourcemanager.amlauncher.ApplicationMasterLauncher
datanode_1  | 2019-11-08 23:46:13,692 INFO server.GrpcService: 4d78eaa7-b04d-4f77-90dd-2aa638f9bffb: GrpcService started, listening on 0.0.0.0/0.0.0.0:9858
scm_1       | 2019-11-08 23:46:10,758 INFO net.NodeSchemaLoader: Loading file from java.lang.CompoundEnumeration@5456afaa
datanode_3  | 2019-11-08 23:46:13,475 INFO ratis.XceiverServerRatis: Starting XceiverServerRatis 67a5677f-af43-4050-974d-f9238b854b99 at port 9858
om_1        | 2019-11-08 23:46:21,241 INFO db.DBStoreBuilder: Using default column profile:DBProfile.DISK for Table:deletedTable
nm_1        | 2019-11-08 23:46:09 WARN  AuxServices:130 - The Auxilurary Service named 'mapreduce_shuffle' in the configuration is for class org.apache.hadoop.mapred.ShuffleHandler which has a name of 'httpshuffle'. Because these are not the same tools trying to send ServiceData and read Service Meta Data may have issues unless the refer to the name in the config.
rm_1        | 2019-11-08 23:46:07 INFO  RMNMInfo:63 - Registered RMNMInfo MBean
datanode_1  | WARNING: An illegal reflective access operation has occurred
datanode_3  | 2019-11-08 23:46:13,496 INFO impl.RaftServerProxy: 67a5677f-af43-4050-974d-f9238b854b99: start RPC server
scm_1       | 2019-11-08 23:46:10,760 INFO net.NodeSchemaLoader: Loading network topology layer schema file
datanode_2  | 2019-11-08 23:46:11,435 INFO impl.MetricsSystemImpl: Registered sink prometheus
om_1        | 2019-11-08 23:46:21,241 INFO db.DBStoreBuilder: using custom profile for table: openKeyTable
nm_1        | 2019-11-08 23:46:09 INFO  AuxServices:72 - Adding auxiliary service httpshuffle, "mapreduce_shuffle"
rm_1        | 2019-11-08 23:46:07 INFO  YarnAuthorizationProvider:57 - org.apache.hadoop.yarn.security.ConfiguredYarnAuthorizer is instiantiated.
datanode_1  | WARNING: Illegal reflective access by org.apache.ratis.thirdparty.com.google.protobuf.UnsafeUtil (file:/opt/hadoop/share/ozone/lib/ratis-thirdparty-misc-0.2.0.jar) to field java.nio.Buffer.address
datanode_3  | 2019-11-08 23:46:13,600 INFO server.GrpcService: 67a5677f-af43-4050-974d-f9238b854b99: GrpcService started, listening on 0.0.0.0/0.0.0.0:9858
scm_1       | 2019-11-08 23:46:10,895 INFO node.SCMNodeManager: Entering startup safe mode.
datanode_2  | 2019-11-08 23:46:11,438 INFO server.BaseHttpServer: HTTP server of HDDSDATANODE is listening at http://0.0.0.0:9882
om_1        | 2019-11-08 23:46:21,242 INFO db.DBStoreBuilder: Using default column profile:DBProfile.DISK for Table:openKeyTable
rm_1        | 2019-11-08 23:46:07 INFO  HostsFileReader:131 - Refreshing hosts (include/exclude) list
datanode_1  | WARNING: Please consider reporting this to the maintainers of org.apache.ratis.thirdparty.com.google.protobuf.UnsafeUtil
datanode_3  | WARNING: An illegal reflective access operation has occurred
nm_1        | 2019-11-08 23:46:09 INFO  ContainersMonitorImpl:106 -  Using ResourceCalculatorPlugin : org.apache.hadoop.yarn.util.LinuxResourceCalculatorPlugin@264f218
scm_1       | 2019-11-08 23:46:11,072 INFO algorithms.ContainerPlacementPolicyFactory: Create container placement policy of type org.apache.hadoop.hdds.scm.container.placement.algorithms.SCMContainerPlacementRandom
datanode_2  | 2019-11-08 23:46:11,449 INFO util.JvmPauseMonitor: Starting JVM pause monitor
om_1        | 2019-11-08 23:46:21,242 INFO db.DBStoreBuilder: using custom profile for table: s3Table
datanode_1  | WARNING: Use --illegal-access=warn to enable warnings of further illegal reflective access operations
nm_1        | 2019-11-08 23:46:09 INFO  ContainersMonitorImpl:111 -  Using ResourceCalculatorProcessTree : null
scm_1       | 2019-11-08 23:46:11,088 WARN server.ServerUtils: ozone.scm.db.dirs is not configured. We recommend adding this setting. Falling back to ozone.metadata.dirs instead.
datanode_3  | WARNING: Illegal reflective access by org.apache.ratis.thirdparty.com.google.protobuf.UnsafeUtil (file:/opt/hadoop/share/ozone/lib/ratis-thirdparty-misc-0.2.0.jar) to field java.nio.Buffer.address
datanode_2  | 2019-11-08 23:46:11,627 INFO datanode.InitDatanodeState: DatanodeDetails is persisted to /data/metadata/datanode.id
rm_1        | 2019-11-08 23:46:07 INFO  Configuration:2427 - found resource capacity-scheduler.xml at file:/opt/hadoop/etc/hadoop/capacity-scheduler.xml
om_1        | 2019-11-08 23:46:21,242 INFO db.DBStoreBuilder: Using default column profile:DBProfile.DISK for Table:s3Table
nm_1        | 2019-11-08 23:46:09 INFO  ContainersMonitorImpl:151 - Physical memory check enabled: false
datanode_1  | WARNING: All illegal access operations will be denied in a future release
scm_1       | 2019-11-08 23:46:11,172 INFO pipeline.SCMPipelineManager: No pipeline exists in current db
datanode_3  | WARNING: Please consider reporting this to the maintainers of org.apache.ratis.thirdparty.com.google.protobuf.UnsafeUtil
datanode_2  | 2019-11-08 23:46:13,572 INFO ozoneimpl.OzoneContainer: Attempting to start container services.
rm_1        | 2019-11-08 23:46:07 INFO  CapacitySchedulerConfiguration:603 - max alloc mb per queue for root is undefined
om_1        | 2019-11-08 23:46:21,242 INFO db.DBStoreBuilder: using custom profile for table: multipartInfoTable
nm_1        | 2019-11-08 23:46:09 INFO  ContainersMonitorImpl:152 - Virtual memory check enabled: false
datanode_1  | 2019-11-08 23:46:17,278 INFO impl.RaftServerProxy: 4d78eaa7-b04d-4f77-90dd-2aa638f9bffb: addNew group-FF8706659CF3:[4d78eaa7-b04d-4f77-90dd-2aa638f9bffb:172.18.0.9:9858] returns group-FF8706659CF3:java.util.concurrent.CompletableFuture@3d9ba6b4[Not completed]
scm_1       | 2019-11-08 23:46:11,177 WARN server.ServerUtils: ozone.scm.db.dirs is not configured. We recommend adding this setting. Falling back to ozone.metadata.dirs instead.
datanode_2  | 2019-11-08 23:46:13,574 INFO ozoneimpl.OzoneContainer: Background container scanner has been disabled.
rm_1        | 2019-11-08 23:46:07 INFO  CapacitySchedulerConfiguration:607 - max alloc vcore per queue for root is undefined
om_1        | 2019-11-08 23:46:21,242 INFO db.DBStoreBuilder: Using default column profile:DBProfile.DISK for Table:multipartInfoTable
datanode_3  | WARNING: Use --illegal-access=warn to enable warnings of further illegal reflective access operations
nm_1        | 2019-11-08 23:46:09 INFO  NodeStatusUpdaterImpl:181 - Initialized nodemanager for null: physical-memory=8192 virtual-memory=17204 virtual-cores=8
datanode_1  | 2019-11-08 23:46:17,300 INFO impl.RaftServerImpl: 4d78eaa7-b04d-4f77-90dd-2aa638f9bffb: new RaftServerImpl for group-FF8706659CF3:[4d78eaa7-b04d-4f77-90dd-2aa638f9bffb:172.18.0.9:9858] with ContainerStateMachine:uninitialized
scm_1       | 2019-11-08 23:46:11,367 WARN events.EventQueue: No event handler registered for event TypedEvent{payloadType=SafeModeStatus, name='SafeModeStatus'}
datanode_2  | 2019-11-08 23:46:13,574 INFO ratis.XceiverServerRatis: Starting XceiverServerRatis 2a29e1fa-8112-4499-9124-c7a5d00931cb at port 9858
om_1        | 2019-11-08 23:46:21,243 INFO db.DBStoreBuilder: using custom profile for table: dTokenTable
rm_1        | 2019-11-08 23:46:07 INFO  ParentQueue:121 - root, capacity=1.0, asboluteCapacity=1.0, maxCapacity=1.0, asboluteMaxCapacity=1.0, state=RUNNING, acls=SUBMIT_APP:*ADMINISTER_QUEUE:*, labels=*,
datanode_3  | WARNING: All illegal access operations will be denied in a future release
nm_1        | 2019-11-08 23:46:09 INFO  CallQueueManager:57 - Using callQueue: class java.util.concurrent.LinkedBlockingQueue queueCapacity: 2000
datanode_1  | 2019-11-08 23:46:17,302 INFO server.RaftServerConfigKeys: raft.server.rpc.timeout.min = 5s (custom)
scm_1       | 2019-11-08 23:46:11,993 INFO ipc.CallQueueManager: Using callQueue: class java.util.concurrent.LinkedBlockingQueue, queueCapacity: 1000, scheduler: class org.apache.hadoop.ipc.DefaultRpcScheduler, ipcBackoff: false.
datanode_2  | 2019-11-08 23:46:13,593 INFO impl.RaftServerProxy: 2a29e1fa-8112-4499-9124-c7a5d00931cb: start RPC server
om_1        | 2019-11-08 23:46:21,243 INFO db.DBStoreBuilder: Using default column profile:DBProfile.DISK for Table:dTokenTable
rm_1        | , reservationsContinueLooking=true
datanode_3  | 2019-11-08 23:46:16,245 INFO impl.RaftServerProxy: 67a5677f-af43-4050-974d-f9238b854b99: addNew group-94D962F43C07:[67a5677f-af43-4050-974d-f9238b854b99:172.18.0.7:9858] returns group-94D962F43C07:java.util.concurrent.CompletableFuture@9ac3a3[Not completed]
nm_1        | 2019-11-08 23:46:09 INFO  Server:722 - Starting Socket Reader #1 for port 46542
scm_1       | 2019-11-08 23:46:12,017 INFO ipc.Server: Starting Socket Reader #1 for port 9861
datanode_1  | 2019-11-08 23:46:17,302 INFO server.RaftServerConfigKeys: raft.server.rpc.timeout.max = 5200ms (custom)
datanode_2  | 2019-11-08 23:46:13,705 INFO server.GrpcService: 2a29e1fa-8112-4499-9124-c7a5d00931cb: GrpcService started, listening on 0.0.0.0/0.0.0.0:9858
om_1        | 2019-11-08 23:46:21,243 INFO db.DBStoreBuilder: using custom profile for table: s3SecretTable
rm_1        | 2019-11-08 23:46:07 INFO  ParentQueue:100 - Initialized parent-queue root name=root, fullname=root
datanode_3  | 2019-11-08 23:46:16,262 INFO impl.RaftServerImpl: 67a5677f-af43-4050-974d-f9238b854b99: new RaftServerImpl for group-94D962F43C07:[67a5677f-af43-4050-974d-f9238b854b99:172.18.0.7:9858] with ContainerStateMachine:uninitialized
nm_1        | 2019-11-08 23:46:09 INFO  RpcServerFactoryPBImpl:174 - Adding protocol org.apache.hadoop.yarn.api.ContainerManagementProtocolPB to the server
scm_1       | 2019-11-08 23:46:12,042 INFO ipc.CallQueueManager: Using callQueue: class java.util.concurrent.LinkedBlockingQueue, queueCapacity: 1000, scheduler: class org.apache.hadoop.ipc.DefaultRpcScheduler, ipcBackoff: false.
datanode_1  | 2019-11-08 23:46:17,302 INFO server.RaftServerConfigKeys: raft.server.rpcslowness.timeout = 120s (custom)
datanode_2  | WARNING: An illegal reflective access operation has occurred
om_1        | 2019-11-08 23:46:21,243 INFO db.DBStoreBuilder: Using default column profile:DBProfile.DISK for Table:s3SecretTable
datanode_3  | 2019-11-08 23:46:16,263 INFO server.RaftServerConfigKeys: raft.server.rpc.timeout.min = 5s (custom)
rm_1        | 2019-11-08 23:46:07 INFO  CapacitySchedulerConfiguration:603 - max alloc mb per queue for root.default is undefined
nm_1        | 2019-11-08 23:46:09 INFO  ContainerManagerImpl:427 - Blocking new container-requests as container manager rpc server is still starting.
scm_1       | 2019-11-08 23:46:12,043 INFO ipc.Server: Starting Socket Reader #1 for port 9863
datanode_1  | 2019-11-08 23:46:17,303 INFO server.RaftServerConfigKeys: raft.server.sleep.deviation.threshold = 300 (default)
datanode_2  | WARNING: Illegal reflective access by org.apache.ratis.thirdparty.com.google.protobuf.UnsafeUtil (file:/opt/hadoop/share/ozone/lib/ratis-thirdparty-misc-0.2.0.jar) to field java.nio.Buffer.address
om_1        | 2019-11-08 23:46:21,244 INFO db.DBStoreBuilder: using custom profile for table: prefixTable
datanode_3  | 2019-11-08 23:46:16,264 INFO server.RaftServerConfigKeys: raft.server.rpc.timeout.max = 5200ms (custom)
rm_1        | 2019-11-08 23:46:07 INFO  CapacitySchedulerConfiguration:607 - max alloc vcore per queue for root.default is undefined
nm_1        | 2019-11-08 23:46:09 INFO  Server:962 - IPC Server Responder: starting
scm_1       | 2019-11-08 23:46:12,055 INFO ipc.CallQueueManager: Using callQueue: class java.util.concurrent.LinkedBlockingQueue, queueCapacity: 1000, scheduler: class org.apache.hadoop.ipc.DefaultRpcScheduler, ipcBackoff: false.
datanode_1  | 2019-11-08 23:46:17,304 INFO server.RaftServerConfigKeys: raft.server.log.appender.install.snapshot.enabled = false (custom)
datanode_2  | WARNING: Please consider reporting this to the maintainers of org.apache.ratis.thirdparty.com.google.protobuf.UnsafeUtil
om_1        | 2019-11-08 23:46:21,244 INFO db.DBStoreBuilder: Using default column profile:DBProfile.DISK for Table:prefixTable
datanode_3  | 2019-11-08 23:46:16,264 INFO server.RaftServerConfigKeys: raft.server.rpcslowness.timeout = 120s (custom)
rm_1        | 2019-11-08 23:46:07 INFO  LeafQueue:215 - Initializing default
nm_1        | 2019-11-08 23:46:09 INFO  Server:801 - IPC Server listener on 46542: starting
scm_1       | 2019-11-08 23:46:12,056 INFO ipc.Server: Starting Socket Reader #1 for port 9860
datanode_2  | WARNING: Use --illegal-access=warn to enable warnings of further illegal reflective access operations
om_1        | 2019-11-08 23:46:21,268 INFO db.DBStoreBuilder: using custom profile for table: default
datanode_3  | 2019-11-08 23:46:16,264 INFO server.RaftServerConfigKeys: raft.server.sleep.deviation.threshold = 300 (default)
nm_1        | 2019-11-08 23:46:09 INFO  NMContainerTokenSecretManager:260 - Updating node address : nm:46542
scm_1       | 2019-11-08 23:46:12,077 INFO hdfs.DFSUtil: Starting Web-server for scm at: http://0.0.0.0:9876
datanode_1  | 2019-11-08 23:46:17,310 INFO impl.RaftServerImpl: 4d78eaa7-b04d-4f77-90dd-2aa638f9bffb@group-FF8706659CF3: ConfigurationManager, init=-1: [4d78eaa7-b04d-4f77-90dd-2aa638f9bffb:172.18.0.9:9858], old=null, confs=<EMPTY_MAP>
datanode_2  | WARNING: All illegal access operations will be denied in a future release
om_1        | 2019-11-08 23:46:21,268 INFO db.DBStoreBuilder: Using default column profile:DBProfile.DISK for Table:default
datanode_3  | 2019-11-08 23:46:16,265 INFO server.RaftServerConfigKeys: raft.server.log.appender.install.snapshot.enabled = false (custom)
nm_1        | 2019-11-08 23:46:09 INFO  CallQueueManager:57 - Using callQueue: class java.util.concurrent.LinkedBlockingQueue queueCapacity: 500
scm_1       | 2019-11-08 23:46:12,227 INFO server.AuthenticationFilter: Unable to initialize FileSignerSecretProvider, falling back to use random secrets.
datanode_1  | 2019-11-08 23:46:17,310 INFO server.RaftServerConfigKeys: raft.server.storage.dir = [/data/metadata/ratis] (custom)
datanode_2  | 2019-11-08 23:46:16,808 INFO impl.RaftServerProxy: 2a29e1fa-8112-4499-9124-c7a5d00931cb: addNew group-3D53CA646070:[2a29e1fa-8112-4499-9124-c7a5d00931cb:172.18.0.5:9858] returns group-3D53CA646070:java.util.concurrent.CompletableFuture@58a5ae5f[Not completed]
rm_1        | capacity = 1.0 [= (float) configuredCapacity / 100 ]
datanode_3  | 2019-11-08 23:46:16,271 INFO impl.RaftServerImpl: 67a5677f-af43-4050-974d-f9238b854b99@group-94D962F43C07: ConfigurationManager, init=-1: [67a5677f-af43-4050-974d-f9238b854b99:172.18.0.7:9858], old=null, confs=<EMPTY_MAP>
om_1        | 2019-11-08 23:46:21,270 INFO db.DBStoreBuilder: Using default options. DBProfile.DISK
nm_1        | 2019-11-08 23:46:09 INFO  Server:722 - Starting Socket Reader #1 for port 8040
scm_1       | 2019-11-08 23:46:12,240 INFO http.HttpRequestLog: Http request log for http.requests.scm is not defined
datanode_1  | 2019-11-08 23:46:17,315 INFO server.RaftServerConfigKeys: raft.server.log.corruption.policy = EXCEPTION (default)
datanode_2  | 2019-11-08 23:46:16,849 INFO impl.RaftServerImpl: 2a29e1fa-8112-4499-9124-c7a5d00931cb: new RaftServerImpl for group-3D53CA646070:[2a29e1fa-8112-4499-9124-c7a5d00931cb:172.18.0.5:9858] with ContainerStateMachine:uninitialized
rm_1        | asboluteCapacity = 1.0 [= parentAbsoluteCapacity * capacity ]
datanode_3  | 2019-11-08 23:46:16,271 INFO server.RaftServerConfigKeys: raft.server.storage.dir = [/data/metadata/ratis] (custom)
om_1        | 2019-11-08 23:46:21,790 INFO ipc.CallQueueManager: Using callQueue: class java.util.concurrent.LinkedBlockingQueue, queueCapacity: 2000, scheduler: class org.apache.hadoop.ipc.DefaultRpcScheduler, ipcBackoff: false.
nm_1        | 2019-11-08 23:46:09 INFO  RpcServerFactoryPBImpl:174 - Adding protocol org.apache.hadoop.yarn.server.nodemanager.api.LocalizationProtocolPB to the server
scm_1       | 2019-11-08 23:46:12,247 INFO http.HttpServer2: Added global filter 'safety' (class=org.apache.hadoop.http.HttpServer2$QuotingInputFilter)
datanode_1  | 2019-11-08 23:46:17,317 INFO storage.RaftStorageDirectory: The storage directory /data/metadata/ratis/4b90a8a7-eea5-466f-8664-ff8706659cf3 does not exist. Creating ...
datanode_2  | 2019-11-08 23:46:16,851 INFO server.RaftServerConfigKeys: raft.server.rpc.timeout.min = 5s (custom)
rm_1        | maxCapacity = 1.0 [= configuredMaxCapacity ]
datanode_3  | 2019-11-08 23:46:16,276 INFO server.RaftServerConfigKeys: raft.server.log.corruption.policy = EXCEPTION (default)
om_1        | 2019-11-08 23:46:21,799 INFO ipc.Server: Starting Socket Reader #1 for port 9862
nm_1        | 2019-11-08 23:46:09 INFO  Server:962 - IPC Server Responder: starting
scm_1       | 2019-11-08 23:46:12,249 INFO http.HttpServer2: Added filter static_user_filter (class=org.apache.hadoop.http.lib.StaticUserWebFilter$StaticUserFilter) to context scm
datanode_1  | 2019-11-08 23:46:17,342 INFO storage.RaftStorageDirectory: Lock on /data/metadata/ratis/4b90a8a7-eea5-466f-8664-ff8706659cf3/in_use.lock acquired by nodename 7@1adff37da9fd
datanode_2  | 2019-11-08 23:46:16,851 INFO server.RaftServerConfigKeys: raft.server.rpc.timeout.max = 5200ms (custom)
rm_1        | absoluteMaxCapacity = 1.0 [= 1.0 maximumCapacity undefined, (parentAbsoluteMaxCapacity * maximumCapacity) / 100 otherwise ]
datanode_3  | 2019-11-08 23:46:16,277 INFO storage.RaftStorageDirectory: The storage directory /data/metadata/ratis/a0c651a3-d0f3-42da-9d6b-94d962f43c07 does not exist. Creating ...
om_1        | 2019-11-08 23:46:21,846 INFO om.OzoneManager: OzoneManager RPC server is listening at om/172.18.0.2:9862
nm_1        | 2019-11-08 23:46:09 INFO  Server:801 - IPC Server listener on 8040: starting
datanode_1  | 2019-11-08 23:46:17,360 INFO storage.RaftStorage: Storage directory /data/metadata/ratis/4b90a8a7-eea5-466f-8664-ff8706659cf3 has been successfully formatted.
scm_1       | 2019-11-08 23:46:12,249 INFO http.HttpServer2: Added filter static_user_filter (class=org.apache.hadoop.http.lib.StaticUserWebFilter$StaticUserFilter) to context static
datanode_2  | 2019-11-08 23:46:16,851 INFO server.RaftServerConfigKeys: raft.server.rpcslowness.timeout = 120s (custom)
rm_1        | userLimit = 100 [= configuredUserLimit ]
om_1        | 2019-11-08 23:46:21,935 INFO impl.MetricsConfig: Loaded properties from hadoop-metrics2.properties
nm_1        | 2019-11-08 23:46:09 INFO  ResourceLocalizationService:344 - Localizer started on port 8040
datanode_1  | 2019-11-08 23:46:17,364 INFO ratis.ContainerStateMachine: group-FF8706659CF3: The snapshot info is null. Setting the last applied indexto:(t:0, i:~)
scm_1       | 2019-11-08 23:46:12,249 INFO http.HttpServer2: Added filter static_user_filter (class=org.apache.hadoop.http.lib.StaticUserWebFilter$StaticUserFilter) to context logs
datanode_3  | 2019-11-08 23:46:16,307 INFO storage.RaftStorageDirectory: Lock on /data/metadata/ratis/a0c651a3-d0f3-42da-9d6b-94d962f43c07/in_use.lock acquired by nodename 7@951cb39afe83
rm_1        | userLimitFactor = 1.0 [= configuredUserLimitFactor ]
datanode_2  | 2019-11-08 23:46:16,852 INFO server.RaftServerConfigKeys: raft.server.sleep.deviation.threshold = 300 (default)
om_1        | 2019-11-08 23:46:21,974 INFO impl.MetricsSystemImpl: Scheduled Metric snapshot period at 10 second(s).
nm_1        | 2019-11-08 23:46:09 INFO  IndexCache:47 - IndexCache created with max memory = 10485760
datanode_1  | 2019-11-08 23:46:17,365 INFO server.RaftServerConfigKeys: raft.server.notification.no-leader.timeout = 120s (custom)
scm_1       | 2019-11-08 23:46:12,273 INFO server.StorageContainerManager: StorageContainerLocationProtocol RPC server is listening at /0.0.0.0:9860
rm_1        | maxApplications = 10000 [= configuredMaximumSystemApplicationsPerQueue or (int)(configuredMaximumSystemApplications * absoluteCapacity)]
datanode_2  | 2019-11-08 23:46:16,852 INFO server.RaftServerConfigKeys: raft.server.log.appender.install.snapshot.enabled = false (custom)
datanode_3  | 2019-11-08 23:46:16,323 INFO storage.RaftStorage: Storage directory /data/metadata/ratis/a0c651a3-d0f3-42da-9d6b-94d962f43c07 has been successfully formatted.
om_1        | 2019-11-08 23:46:21,974 INFO impl.MetricsSystemImpl: OzoneManager metrics system started
nm_1        | 2019-11-08 23:46:09 INFO  ShuffleHandler:510 - httpshuffle listening on port 13562
datanode_1  | 2019-11-08 23:46:17,367 INFO server.RaftServerConfigKeys: raft.server.log.use.memory = false (default)
scm_1       | 2019-11-08 23:46:12,342 INFO impl.MetricsConfig: Loaded properties from hadoop-metrics2.properties
datanode_2  | 2019-11-08 23:46:16,858 INFO impl.RaftServerImpl: 2a29e1fa-8112-4499-9124-c7a5d00931cb@group-3D53CA646070: ConfigurationManager, init=-1: [2a29e1fa-8112-4499-9124-c7a5d00931cb:172.18.0.5:9858], old=null, confs=<EMPTY_MAP>
datanode_3  | 2019-11-08 23:46:16,327 INFO ratis.ContainerStateMachine: group-94D962F43C07: The snapshot info is null. Setting the last applied indexto:(t:0, i:~)
rm_1        | maxApplicationsPerUser = 10000 [= (int)(maxApplications * (userLimit / 100.0f) * userLimitFactor) ]
nm_1        | 2019-11-08 23:46:09 INFO  ContainersMonitorImpl:196 - Neither virutal-memory nor physical-memory monitoring is needed. Not running the monitor-thread
om_1        | 2019-11-08 23:46:22,025 INFO ipc.Server: IPC Server Responder: starting
scm_1       | 2019-11-08 23:46:12,391 INFO impl.MetricsSystemImpl: Scheduled Metric snapshot period at 10 second(s).
datanode_1  | 2019-11-08 23:46:17,372 INFO server.RaftServerConfigKeys: raft.server.log.purge.gap = 1000000 (custom)
datanode_2  | 2019-11-08 23:46:16,859 INFO server.RaftServerConfigKeys: raft.server.storage.dir = [/data/metadata/ratis] (custom)
datanode_3  | 2019-11-08 23:46:16,327 INFO server.RaftServerConfigKeys: raft.server.notification.no-leader.timeout = 120s (custom)
rm_1        | usedCapacity = 0.0 [= usedResourcesMemory / (clusterResourceMemory * absoluteCapacity)]
nm_1        | 2019-11-08 23:46:09 INFO  ContainerManagerImpl:472 - ContainerManager started at nm/172.18.0.4:46542
om_1        | 2019-11-08 23:46:22,026 INFO ipc.Server: IPC Server listener on 9862: starting
scm_1       | 2019-11-08 23:46:12,392 INFO impl.MetricsSystemImpl: StorageContainerManager metrics system started
datanode_1  | 2019-11-08 23:46:17,372 INFO server.RaftServerConfigKeys: raft.server.log.appender.buffer.byte-limit = 33554432 (custom)
datanode_2  | 2019-11-08 23:46:16,863 INFO server.RaftServerConfigKeys: raft.server.log.corruption.policy = EXCEPTION (default)
datanode_3  | 2019-11-08 23:46:16,329 INFO server.RaftServerConfigKeys: raft.server.log.use.memory = false (default)
rm_1        | absoluteUsedCapacity = 0.0 [= usedResourcesMemory / clusterResourceMemory]
nm_1        | 2019-11-08 23:46:09 INFO  ContainerManagerImpl:473 - ContainerManager bound to 0.0.0.0/0.0.0.0:0
om_1        | 2019-11-08 23:46:22,054 INFO hdfs.DFSUtil: Starting Web-server for ozoneManager at: http://0.0.0.0:9874
scm_1       | 2019-11-08 23:46:12,646 INFO server.SCMClientProtocolServer: RPC server for Client  is listening at /0.0.0.0:9860
datanode_2  | 2019-11-08 23:46:16,865 INFO storage.RaftStorageDirectory: The storage directory /data/metadata/ratis/76150994-5ecf-42e1-9084-3d53ca646070 does not exist. Creating ...
datanode_3  | 2019-11-08 23:46:16,334 INFO server.RaftServerConfigKeys: raft.server.log.purge.gap = 1000000 (custom)
datanode_1  | 2019-11-08 23:46:17,374 INFO server.RaftServerConfigKeys: raft.server.log.segment.size.max = 1048576 (custom)
rm_1        | maxAMResourcePerQueuePercent = 0.1 [= configuredMaximumAMResourcePercent ]
nm_1        | 2019-11-08 23:46:09 INFO  WebServer:70 - Instantiating NMWebApp at 0.0.0.0:8042
om_1        | 2019-11-08 23:46:22,174 INFO server.AuthenticationFilter: Unable to initialize FileSignerSecretProvider, falling back to use random secrets.
scm_1       | 2019-11-08 23:46:12,647 INFO ipc.Server: IPC Server Responder: starting
datanode_2  | 2019-11-08 23:46:16,890 INFO storage.RaftStorageDirectory: Lock on /data/metadata/ratis/76150994-5ecf-42e1-9084-3d53ca646070/in_use.lock acquired by nodename 7@b0cf2d8af0c3
datanode_3  | 2019-11-08 23:46:16,334 INFO server.RaftServerConfigKeys: raft.server.log.appender.buffer.byte-limit = 33554432 (custom)
datanode_1  | 2019-11-08 23:46:17,381 INFO metrics.MetricRegistries: Loaded MetricRegistries class org.apache.ratis.metrics.impl.MetricRegistriesImpl
rm_1        | minimumAllocationFactor = 0.875 [= (float)(maximumAllocationMemory - minimumAllocationMemory) / maximumAllocationMemory ]
nm_1        | 2019-11-08 23:46:09 INFO  log:67 - Logging to org.slf4j.impl.Log4jLoggerAdapter(org.mortbay.log) via org.mortbay.log.Slf4jLog
om_1        | 2019-11-08 23:46:22,178 INFO http.HttpRequestLog: Http request log for http.requests.ozoneManager is not defined
scm_1       | 2019-11-08 23:46:12,647 INFO ipc.Server: IPC Server listener on 9860: starting
datanode_3  | 2019-11-08 23:46:16,336 INFO server.RaftServerConfigKeys: raft.server.log.segment.size.max = 1048576 (custom)
datanode_2  | 2019-11-08 23:46:16,905 INFO storage.RaftStorage: Storage directory /data/metadata/ratis/76150994-5ecf-42e1-9084-3d53ca646070 has been successfully formatted.
datanode_1  | 2019-11-08 23:46:17,383 WARN impl.MetricRegistriesImpl: First MetricRegistry has been created without registering reporters. You may need to call MetricRegistries.global().addReportRegistration(...) before.
rm_1        | maximumAllocation = <memory:8192, vCores:32> [= configuredMaxAllocation ]
nm_1        | 2019-11-08 23:46:09 INFO  AuthenticationFilter:283 - Unable to initialize FileSignerSecretProvider, falling back to use random secrets.
om_1        | 2019-11-08 23:46:22,187 INFO http.HttpServer2: Added global filter 'safety' (class=org.apache.hadoop.http.HttpServer2$QuotingInputFilter)
scm_1       | 2019-11-08 23:46:12,650 INFO server.StorageContainerManager: ScmBlockLocationProtocol RPC server is listening at /0.0.0.0:9863
datanode_3  | 2019-11-08 23:46:16,341 INFO metrics.MetricRegistries: Loaded MetricRegistries class org.apache.ratis.metrics.impl.MetricRegistriesImpl
datanode_2  | 2019-11-08 23:46:16,909 INFO ratis.ContainerStateMachine: group-3D53CA646070: The snapshot info is null. Setting the last applied indexto:(t:0, i:~)
datanode_1  | 2019-11-08 23:46:17,389 INFO server.RaftServerConfigKeys: raft.server.log.segment.cache.num.max = 2 (custom)
rm_1        | numContainers = 0 [= currentNumContainers ]
nm_1        | 2019-11-08 23:46:09 INFO  HttpRequestLog:80 - Http request log for http.requests.nodemanager is not defined
om_1        | 2019-11-08 23:46:22,191 INFO http.HttpServer2: Added filter static_user_filter (class=org.apache.hadoop.http.lib.StaticUserWebFilter$StaticUserFilter) to context ozoneManager
scm_1       | 2019-11-08 23:46:12,653 INFO server.SCMBlockProtocolServer: RPC server for Block Protocol is listening at /0.0.0.0:9863
datanode_3  | 2019-11-08 23:46:16,344 WARN impl.MetricRegistriesImpl: First MetricRegistry has been created without registering reporters. You may need to call MetricRegistries.global().addReportRegistration(...) before.
datanode_1  | 2019-11-08 23:46:17,393 INFO segmented.SegmentedRaftLogWorker: new 4d78eaa7-b04d-4f77-90dd-2aa638f9bffb@group-FF8706659CF3-SegmentedRaftLogWorker for RaftStorage:Storage Directory /data/metadata/ratis/4b90a8a7-eea5-466f-8664-ff8706659cf3
datanode_2  | 2019-11-08 23:46:16,909 INFO server.RaftServerConfigKeys: raft.server.notification.no-leader.timeout = 120s (custom)
nm_1        | 2019-11-08 23:46:09 INFO  HttpServer2:730 - Added global filter 'safety' (class=org.apache.hadoop.http.HttpServer2$QuotingInputFilter)
rm_1        | state = RUNNING [= configuredState ]
om_1        | 2019-11-08 23:46:22,191 INFO http.HttpServer2: Added filter static_user_filter (class=org.apache.hadoop.http.lib.StaticUserWebFilter$StaticUserFilter) to context logs
scm_1       | 2019-11-08 23:46:12,653 INFO ipc.Server: IPC Server Responder: starting
datanode_1  | 2019-11-08 23:46:17,393 INFO server.RaftServerConfigKeys: raft.server.log.queue.byte-limit = 2147483647 (custom)
datanode_2  | 2019-11-08 23:46:16,912 INFO server.RaftServerConfigKeys: raft.server.log.use.memory = false (default)
datanode_3  | 2019-11-08 23:46:16,349 INFO server.RaftServerConfigKeys: raft.server.log.segment.cache.num.max = 2 (custom)
nm_1        | 2019-11-08 23:46:09 INFO  HttpServer2:705 - Added filter static_user_filter (class=org.apache.hadoop.http.lib.StaticUserWebFilter$StaticUserFilter) to context node
rm_1        | acls = SUBMIT_APP:*ADMINISTER_QUEUE:* [= configuredAcls ]
om_1        | 2019-11-08 23:46:22,191 INFO http.HttpServer2: Added filter static_user_filter (class=org.apache.hadoop.http.lib.StaticUserWebFilter$StaticUserFilter) to context static
scm_1       | 2019-11-08 23:46:12,653 INFO ipc.Server: IPC Server listener on 9863: starting
datanode_1  | 2019-11-08 23:46:17,394 INFO server.RaftServerConfigKeys: raft.server.log.queue.element-limit = 1024 (custom)
datanode_2  | 2019-11-08 23:46:16,916 INFO server.RaftServerConfigKeys: raft.server.log.purge.gap = 1000000 (custom)
datanode_3  | 2019-11-08 23:46:16,354 INFO segmented.SegmentedRaftLogWorker: new 67a5677f-af43-4050-974d-f9238b854b99@group-94D962F43C07-SegmentedRaftLogWorker for RaftStorage:Storage Directory /data/metadata/ratis/a0c651a3-d0f3-42da-9d6b-94d962f43c07
nm_1        | 2019-11-08 23:46:09 INFO  HttpServer2:713 - Added filter static_user_filter (class=org.apache.hadoop.http.lib.StaticUserWebFilter$StaticUserFilter) to context static
rm_1        | nodeLocalityDelay = 40
om_1        | 2019-11-08 23:46:22,218 INFO http.HttpServer2: Jetty bound to port 9874
scm_1       | 2019-11-08 23:46:12,656 INFO server.StorageContainerManager: ScmDatanodeProtocl RPC server is listening at /0.0.0.0:9861
datanode_1  | 2019-11-08 23:46:17,395 INFO server.RaftServerConfigKeys: raft.server.log.segment.size.max = 1048576 (custom)
datanode_2  | 2019-11-08 23:46:16,916 INFO server.RaftServerConfigKeys: raft.server.log.appender.buffer.byte-limit = 33554432 (custom)
datanode_3  | 2019-11-08 23:46:16,354 INFO server.RaftServerConfigKeys: raft.server.log.queue.byte-limit = 2147483647 (custom)
rm_1        | labels=*,
om_1        | 2019-11-08 23:46:22,220 INFO server.Server: jetty-9.3.25.v20180904, build timestamp: 2018-09-04T21:11:46Z, git hash: 3ce520221d0240229c862b122d2b06c12a625732
scm_1       | 2019-11-08 23:46:12,656 INFO server.SCMDatanodeProtocolServer: RPC server for DataNodes is listening at /0.0.0.0:9861
datanode_1  | 2019-11-08 23:46:17,395 INFO server.RaftServerConfigKeys: raft.server.log.preallocated.size = 16384 (custom)
datanode_3  | 2019-11-08 23:46:16,354 INFO server.RaftServerConfigKeys: raft.server.log.queue.element-limit = 1024 (custom)
datanode_2  | 2019-11-08 23:46:16,918 INFO server.RaftServerConfigKeys: raft.server.log.segment.size.max = 1048576 (custom)
nm_1        | 2019-11-08 23:46:09 INFO  HttpServer2:713 - Added filter static_user_filter (class=org.apache.hadoop.http.lib.StaticUserWebFilter$StaticUserFilter) to context logs
rm_1        | nodeLocalityDelay = 40
om_1        | 2019-11-08 23:46:22,257 INFO handler.ContextHandler: Started o.e.j.s.ServletContextHandler@1507c3c3{/logs,file:///var/log/hadoop/,AVAILABLE}
scm_1       | 2019-11-08 23:46:12,657 INFO ipc.Server: IPC Server Responder: starting
datanode_1  | 2019-11-08 23:46:17,395 INFO server.RaftServerConfigKeys: raft.server.log.write.buffer.size = 33554432 (custom)
datanode_3  | 2019-11-08 23:46:16,355 INFO server.RaftServerConfigKeys: raft.server.log.segment.size.max = 1048576 (custom)
datanode_2  | 2019-11-08 23:46:16,923 INFO metrics.MetricRegistries: Loaded MetricRegistries class org.apache.ratis.metrics.impl.MetricRegistriesImpl
nm_1        | 2019-11-08 23:46:09 INFO  HttpServer2:424 - adding path spec: /node/*
rm_1        | reservationsContinueLooking = true
om_1        | 2019-11-08 23:46:22,258 INFO handler.ContextHandler: Started o.e.j.s.ServletContextHandler@78e17a99{/static,jar:file:/opt/hadoop/share/ozone/lib/hadoop-ozone-ozone-manager-0.5.0-SNAPSHOT.jar!/webapps/static,AVAILABLE}
scm_1       | 2019-11-08 23:46:12,657 INFO ipc.Server: IPC Server listener on 9861: starting
datanode_1  | 2019-11-08 23:46:17,396 INFO server.RaftServerConfigKeys: raft.server.log.force.sync.num = 128 (default)
datanode_3  | 2019-11-08 23:46:16,356 INFO server.RaftServerConfigKeys: raft.server.log.preallocated.size = 16384 (custom)
datanode_2  | 2019-11-08 23:46:16,926 WARN impl.MetricRegistriesImpl: First MetricRegistry has been created without registering reporters. You may need to call MetricRegistries.global().addReportRegistration(...) before.
nm_1        | 2019-11-08 23:46:09 INFO  HttpServer2:424 - adding path spec: /ws/*
om_1        | 2019-11-08 23:46:22,340 INFO handler.ContextHandler: Started o.e.j.w.WebAppContext@6ca372ef{/,file:///tmp/jetty-0.0.0.0-9874-ozoneManager-_-any-16201069496299761462.dir/webapp/,AVAILABLE}{/ozoneManager}
scm_1       | 2019-11-08 23:46:12,662 INFO http.HttpServer2: Jetty bound to port 9876
datanode_1  | 2019-11-08 23:46:17,397 INFO server.RaftServerConfigKeys: raft.server.log.statemachine.data.sync = true (default)
