datanode_1  | 2019-11-16 17:21:45,993 INFO util.JmxRegister: Successfully registered JMX Bean with object name Ratis:service=RaftServer,group=group-5154A91F2B72,id=6035d6df-b642-497f-a6db-7e09b0bd7ae8
datanode_2  | 2019-11-16 17:21:51,201 INFO impl.RoleInfo: fc3f66a6-9940-4fba-b5f2-31844784f2a6: shutdown LeaderElection
datanode_3  | 2019-11-16 17:21:51,107 INFO impl.LeaderElection: 75516879-76ee-4643-b747-19a95e75b6fd@group-FFCB7D58EDC9-LeaderElection1: begin an election at term 1 for -1: [75516879-76ee-4643-b747-19a95e75b6fd:172.18.0.5:9858], old=null
datanode_1  | 2019-11-16 17:21:45,993 WARN impl.MetricRegistriesImpl: First MetricRegistry has been created without registering reporters. You may need to call MetricRegistries.global().addReportRegistration(...) before.
datanode_2  | 2019-11-16 17:21:51,202 INFO impl.RaftServerImpl: fc3f66a6-9940-4fba-b5f2-31844784f2a6@group-5EFE0164F3D7: changes role from CANDIDATE to LEADER at term 1 for changeToLeader
datanode_3  | 2019-11-16 17:21:51,109 INFO impl.RoleInfo: 75516879-76ee-4643-b747-19a95e75b6fd: shutdown LeaderElection
datanode_1  | 2019-11-16 17:21:45,994 INFO commandhandler.CreatePipelineCommandHandler: Create Pipeline RATIS THREE #id: "ff40add4-dba8-4a4d-ad1f-5154a91f2b72"
datanode_2  | 2019-11-16 17:21:51,202 INFO ratis.XceiverServerRatis: Leader change notification received for group: group-5EFE0164F3D7 with new leaderId: fc3f66a6-9940-4fba-b5f2-31844784f2a6
datanode_3  | 2019-11-16 17:21:51,110 INFO impl.RaftServerImpl: 75516879-76ee-4643-b747-19a95e75b6fd@group-FFCB7D58EDC9: changes role from CANDIDATE to LEADER at term 1 for changeToLeader
datanode_1  |  command succeed on datanode 6035d6df-b642-497f-a6db-7e09b0bd7ae8.
datanode_2  | 2019-11-16 17:21:51,203 INFO impl.RaftServerImpl: fc3f66a6-9940-4fba-b5f2-31844784f2a6@group-5EFE0164F3D7: change Leader from null to fc3f66a6-9940-4fba-b5f2-31844784f2a6 at term 1 for becomeLeader, leader elected after 5324ms
datanode_3  | 2019-11-16 17:21:51,110 INFO ratis.XceiverServerRatis: Leader change notification received for group: group-FFCB7D58EDC9 with new leaderId: 75516879-76ee-4643-b747-19a95e75b6fd
datanode_2  | 2019-11-16 17:21:51,207 INFO server.RaftServerConfigKeys: raft.server.staging.catchup.gap = 1000 (default)
datanode_3  | 2019-11-16 17:21:51,112 INFO impl.RaftServerImpl: 75516879-76ee-4643-b747-19a95e75b6fd@group-FFCB7D58EDC9: change Leader from null to 75516879-76ee-4643-b747-19a95e75b6fd at term 1 for becomeLeader, leader elected after 5228ms
datanode_1  | 2019-11-16 17:21:50,898 INFO impl.FollowerState: 6035d6df-b642-497f-a6db-7e09b0bd7ae8@group-90CDAF65E534-FollowerState: change to CANDIDATE, lastRpcTime:5004ms, electionTimeout:5003ms
datanode_2  | 2019-11-16 17:21:51,207 INFO server.RaftServerConfigKeys: raft.server.rpc.sleep.time = 25ms (default)
datanode_3  | 2019-11-16 17:21:51,120 INFO server.RaftServerConfigKeys: raft.server.staging.catchup.gap = 1000 (default)
datanode_1  | 2019-11-16 17:21:50,900 INFO impl.RoleInfo: 6035d6df-b642-497f-a6db-7e09b0bd7ae8: shutdown FollowerState
datanode_2  | 2019-11-16 17:21:51,211 INFO server.RaftServerConfigKeys: raft.server.write.element-limit = 4096 (default)
datanode_3  | 2019-11-16 17:21:51,120 INFO server.RaftServerConfigKeys: raft.server.rpc.sleep.time = 25ms (default)
datanode_1  | 2019-11-16 17:21:50,901 INFO impl.RaftServerImpl: 6035d6df-b642-497f-a6db-7e09b0bd7ae8@group-90CDAF65E534: changes role from  FOLLOWER to CANDIDATE at term 0 for changeToCandidate
datanode_2  | 2019-11-16 17:21:51,215 INFO server.RaftServerConfigKeys: raft.server.watch.timeout = 10s (default)
datanode_3  | 2019-11-16 17:21:51,126 INFO server.RaftServerConfigKeys: raft.server.write.element-limit = 4096 (default)
datanode_1  | 2019-11-16 17:21:50,906 INFO impl.RoleInfo: 6035d6df-b642-497f-a6db-7e09b0bd7ae8: start LeaderElection
datanode_2  | 2019-11-16 17:21:51,215 INFO server.RaftServerConfigKeys: raft.server.watch.timeout.denomination = 1s (default)
datanode_1  | 2019-11-16 17:21:50,933 INFO impl.LeaderElection: 6035d6df-b642-497f-a6db-7e09b0bd7ae8@group-90CDAF65E534-LeaderElection1: begin an election at term 1 for -1: [6035d6df-b642-497f-a6db-7e09b0bd7ae8:172.18.0.4:9858], old=null
datanode_3  | 2019-11-16 17:21:51,132 INFO server.RaftServerConfigKeys: raft.server.watch.timeout = 10s (default)
datanode_2  | 2019-11-16 17:21:51,216 INFO server.RaftServerConfigKeys: raft.server.watch.element-limit = 65536 (default)
datanode_1  | 2019-11-16 17:21:50,935 INFO impl.RoleInfo: 6035d6df-b642-497f-a6db-7e09b0bd7ae8: shutdown LeaderElection
datanode_3  | 2019-11-16 17:21:51,133 INFO server.RaftServerConfigKeys: raft.server.watch.timeout.denomination = 1s (default)
datanode_2  | 2019-11-16 17:21:51,223 INFO impl.RoleInfo: fc3f66a6-9940-4fba-b5f2-31844784f2a6: start LeaderState
datanode_1  | 2019-11-16 17:21:50,936 INFO impl.RaftServerImpl: 6035d6df-b642-497f-a6db-7e09b0bd7ae8@group-90CDAF65E534: changes role from CANDIDATE to LEADER at term 1 for changeToLeader
datanode_3  | 2019-11-16 17:21:51,133 INFO server.RaftServerConfigKeys: raft.server.watch.element-limit = 65536 (default)
datanode_2  | 2019-11-16 17:21:51,239 INFO segmented.SegmentedRaftLogWorker: fc3f66a6-9940-4fba-b5f2-31844784f2a6@group-5EFE0164F3D7-SegmentedRaftLogWorker: Starting segment from index:0
datanode_1  | 2019-11-16 17:21:50,936 INFO ratis.XceiverServerRatis: Leader change notification received for group: group-90CDAF65E534 with new leaderId: 6035d6df-b642-497f-a6db-7e09b0bd7ae8
datanode_3  | 2019-11-16 17:21:51,142 INFO impl.RoleInfo: 75516879-76ee-4643-b747-19a95e75b6fd: start LeaderState
datanode_2  | WARNING: An illegal reflective access operation has occurred
datanode_1  | 2019-11-16 17:21:50,939 INFO impl.RaftServerImpl: 6035d6df-b642-497f-a6db-7e09b0bd7ae8@group-90CDAF65E534: change Leader from null to 6035d6df-b642-497f-a6db-7e09b0bd7ae8 at term 1 for becomeLeader, leader elected after 5160ms
datanode_2  | WARNING: Illegal reflective access by org.apache.ratis.thirdparty.com.google.protobuf.UnsafeUtil (file:/opt/hadoop/share/ozone/lib/ratis-thirdparty-misc-0.2.0.jar) to field java.nio.Buffer.address
datanode_1  | 2019-11-16 17:21:50,946 INFO server.RaftServerConfigKeys: raft.server.staging.catchup.gap = 1000 (default)
datanode_3  | 2019-11-16 17:21:51,144 INFO impl.FollowerState: 75516879-76ee-4643-b747-19a95e75b6fd@group-5154A91F2B72-FollowerState: change to CANDIDATE, lastRpcTime:5085ms, electionTimeout:5085ms
datanode_2  | WARNING: Please consider reporting this to the maintainers of org.apache.ratis.thirdparty.com.google.protobuf.UnsafeUtil
datanode_1  | 2019-11-16 17:21:50,946 INFO server.RaftServerConfigKeys: raft.server.rpc.sleep.time = 25ms (default)
datanode_3  | 2019-11-16 17:21:51,145 INFO impl.RoleInfo: 75516879-76ee-4643-b747-19a95e75b6fd: shutdown FollowerState
datanode_2  | WARNING: Use --illegal-access=warn to enable warnings of further illegal reflective access operations
datanode_1  | 2019-11-16 17:21:50,951 INFO server.RaftServerConfigKeys: raft.server.write.element-limit = 4096 (default)
datanode_3  | 2019-11-16 17:21:51,145 INFO impl.RaftServerImpl: 75516879-76ee-4643-b747-19a95e75b6fd@group-5154A91F2B72: changes role from  FOLLOWER to CANDIDATE at term 0 for changeToCandidate
datanode_2  | WARNING: All illegal access operations will be denied in a future release
datanode_1  | 2019-11-16 17:21:50,958 INFO server.RaftServerConfigKeys: raft.server.watch.timeout = 10s (default)
datanode_3  | 2019-11-16 17:21:51,146 INFO impl.RoleInfo: 75516879-76ee-4643-b747-19a95e75b6fd: start LeaderElection
datanode_1  | 2019-11-16 17:21:50,958 INFO server.RaftServerConfigKeys: raft.server.watch.timeout.denomination = 1s (default)
datanode_3  | 2019-11-16 17:21:51,161 INFO impl.LeaderElection: 75516879-76ee-4643-b747-19a95e75b6fd@group-5154A91F2B72-LeaderElection2: begin an election at term 1 for -1: [75516879-76ee-4643-b747-19a95e75b6fd:172.18.0.5:9858, fc3f66a6-9940-4fba-b5f2-31844784f2a6:172.18.0.6:9858, 6035d6df-b642-497f-a6db-7e09b0bd7ae8:172.18.0.4:9858], old=null
datanode_2  | 2019-11-16 17:21:51,255 INFO impl.RaftServerImpl: fc3f66a6-9940-4fba-b5f2-31844784f2a6@group-5EFE0164F3D7: set configuration 0: [fc3f66a6-9940-4fba-b5f2-31844784f2a6:172.18.0.6:9858], old=null at 0
datanode_1  | 2019-11-16 17:21:50,959 INFO server.RaftServerConfigKeys: raft.server.watch.element-limit = 65536 (default)
datanode_2  | 2019-11-16 17:21:51,348 INFO segmented.SegmentedRaftLogWorker: fc3f66a6-9940-4fba-b5f2-31844784f2a6@group-5EFE0164F3D7-SegmentedRaftLogWorker: created new log segment /data/metadata/ratis/724f327c-d93d-4ac4-89b8-5efe0164f3d7/current/log_inprogress_0
datanode_1  | 2019-11-16 17:21:50,968 INFO impl.RoleInfo: 6035d6df-b642-497f-a6db-7e09b0bd7ae8: start LeaderState
datanode_1  | 2019-11-16 17:21:50,991 INFO segmented.SegmentedRaftLogWorker: 6035d6df-b642-497f-a6db-7e09b0bd7ae8@group-90CDAF65E534-SegmentedRaftLogWorker: Starting segment from index:0
datanode_3  | 2019-11-16 17:21:51,167 INFO segmented.SegmentedRaftLogWorker: 75516879-76ee-4643-b747-19a95e75b6fd@group-FFCB7D58EDC9-SegmentedRaftLogWorker: Starting segment from index:0
datanode_2  | 2019-11-16 17:21:51,496 INFO impl.LeaderElection: fc3f66a6-9940-4fba-b5f2-31844784f2a6@group-5154A91F2B72-LeaderElection1: Election REJECTED; received 2 response(s) [fc3f66a6-9940-4fba-b5f2-31844784f2a6<-75516879-76ee-4643-b747-19a95e75b6fd#0:FAIL-t1, fc3f66a6-9940-4fba-b5f2-31844784f2a6<-6035d6df-b642-497f-a6db-7e09b0bd7ae8#0:FAIL-t1] and 0 exception(s); fc3f66a6-9940-4fba-b5f2-31844784f2a6@group-5154A91F2B72:t1, leader=null, voted=fc3f66a6-9940-4fba-b5f2-31844784f2a6, raftlog=fc3f66a6-9940-4fba-b5f2-31844784f2a6@group-5154A91F2B72-SegmentedRaftLog:OPENED:c-1,f-1,i0, conf=-1: [75516879-76ee-4643-b747-19a95e75b6fd:172.18.0.5:9858, fc3f66a6-9940-4fba-b5f2-31844784f2a6:172.18.0.6:9858, 6035d6df-b642-497f-a6db-7e09b0bd7ae8:172.18.0.4:9858], old=null
datanode_1  | WARNING: An illegal reflective access operation has occurred
datanode_3  | WARNING: An illegal reflective access operation has occurred
datanode_1  | WARNING: Illegal reflective access by org.apache.ratis.thirdparty.com.google.protobuf.UnsafeUtil (file:/opt/hadoop/share/ozone/lib/ratis-thirdparty-misc-0.2.0.jar) to field java.nio.Buffer.address
datanode_2  | 2019-11-16 17:21:51,499 INFO impl.RaftServerImpl: fc3f66a6-9940-4fba-b5f2-31844784f2a6@group-5154A91F2B72: changes role from CANDIDATE to FOLLOWER at term 1 for DISCOVERED_A_NEW_TERM
datanode_3  | WARNING: Illegal reflective access by org.apache.ratis.thirdparty.com.google.protobuf.UnsafeUtil (file:/opt/hadoop/share/ozone/lib/ratis-thirdparty-misc-0.2.0.jar) to field java.nio.Buffer.address
datanode_1  | WARNING: Please consider reporting this to the maintainers of org.apache.ratis.thirdparty.com.google.protobuf.UnsafeUtil
datanode_3  | WARNING: Please consider reporting this to the maintainers of org.apache.ratis.thirdparty.com.google.protobuf.UnsafeUtil
datanode_2  | 2019-11-16 17:21:51,499 INFO impl.RoleInfo: fc3f66a6-9940-4fba-b5f2-31844784f2a6: shutdown LeaderElection
datanode_1  | WARNING: Use --illegal-access=warn to enable warnings of further illegal reflective access operations
datanode_3  | WARNING: Use --illegal-access=warn to enable warnings of further illegal reflective access operations
datanode_2  | 2019-11-16 17:21:51,499 INFO impl.RoleInfo: fc3f66a6-9940-4fba-b5f2-31844784f2a6: start FollowerState
datanode_1  | WARNING: All illegal access operations will be denied in a future release
datanode_3  | WARNING: All illegal access operations will be denied in a future release
datanode_2  | 2019-11-16 17:21:56,543 INFO impl.FollowerState: fc3f66a6-9940-4fba-b5f2-31844784f2a6@group-5154A91F2B72-FollowerState: change to CANDIDATE, lastRpcTime:5043ms, electionTimeout:5043ms
datanode_3  | 2019-11-16 17:21:51,192 INFO impl.RaftServerImpl: 75516879-76ee-4643-b747-19a95e75b6fd@group-FFCB7D58EDC9: set configuration 0: [75516879-76ee-4643-b747-19a95e75b6fd:172.18.0.5:9858], old=null at 0
datanode_1  | 2019-11-16 17:21:51,012 INFO impl.RaftServerImpl: 6035d6df-b642-497f-a6db-7e09b0bd7ae8@group-90CDAF65E534: set configuration 0: [6035d6df-b642-497f-a6db-7e09b0bd7ae8:172.18.0.4:9858], old=null at 0
datanode_2  | 2019-11-16 17:21:56,543 INFO impl.RoleInfo: fc3f66a6-9940-4fba-b5f2-31844784f2a6: shutdown FollowerState
datanode_3  | 2019-11-16 17:21:51,295 INFO segmented.SegmentedRaftLogWorker: 75516879-76ee-4643-b747-19a95e75b6fd@group-FFCB7D58EDC9-SegmentedRaftLogWorker: created new log segment /data/metadata/ratis/8a8973b3-2c92-40eb-830b-ffcb7d58edc9/current/log_inprogress_0
datanode_1  | 2019-11-16 17:21:51,116 INFO impl.FollowerState: 6035d6df-b642-497f-a6db-7e09b0bd7ae8@group-5154A91F2B72-FollowerState: change to CANDIDATE, lastRpcTime:5123ms, electionTimeout:5123ms
datanode_2  | 2019-11-16 17:21:56,543 INFO impl.RaftServerImpl: fc3f66a6-9940-4fba-b5f2-31844784f2a6@group-5154A91F2B72: changes role from  FOLLOWER to CANDIDATE at term 1 for changeToCandidate
datanode_3  | 2019-11-16 17:21:51,498 INFO impl.LeaderElection: 75516879-76ee-4643-b747-19a95e75b6fd@group-5154A91F2B72-LeaderElection2: Election REJECTED; received 2 response(s) [75516879-76ee-4643-b747-19a95e75b6fd<-fc3f66a6-9940-4fba-b5f2-31844784f2a6#0:FAIL-t1, 75516879-76ee-4643-b747-19a95e75b6fd<-6035d6df-b642-497f-a6db-7e09b0bd7ae8#0:FAIL-t1] and 0 exception(s); 75516879-76ee-4643-b747-19a95e75b6fd@group-5154A91F2B72:t1, leader=null, voted=75516879-76ee-4643-b747-19a95e75b6fd, raftlog=75516879-76ee-4643-b747-19a95e75b6fd@group-5154A91F2B72-SegmentedRaftLog:OPENED:c-1,f-1,i0, conf=-1: [75516879-76ee-4643-b747-19a95e75b6fd:172.18.0.5:9858, fc3f66a6-9940-4fba-b5f2-31844784f2a6:172.18.0.6:9858, 6035d6df-b642-497f-a6db-7e09b0bd7ae8:172.18.0.4:9858], old=null
datanode_1  | 2019-11-16 17:21:51,117 INFO impl.RoleInfo: 6035d6df-b642-497f-a6db-7e09b0bd7ae8: shutdown FollowerState
datanode_2  | 2019-11-16 17:21:56,544 INFO impl.RoleInfo: fc3f66a6-9940-4fba-b5f2-31844784f2a6: start LeaderElection
datanode_3  | 2019-11-16 17:21:51,499 INFO impl.RaftServerImpl: 75516879-76ee-4643-b747-19a95e75b6fd@group-5154A91F2B72: changes role from CANDIDATE to FOLLOWER at term 1 for DISCOVERED_A_NEW_TERM
datanode_1  | 2019-11-16 17:21:51,117 INFO impl.RaftServerImpl: 6035d6df-b642-497f-a6db-7e09b0bd7ae8@group-5154A91F2B72: changes role from  FOLLOWER to CANDIDATE at term 0 for changeToCandidate
datanode_2  | 2019-11-16 17:21:56,553 INFO impl.LeaderElection: fc3f66a6-9940-4fba-b5f2-31844784f2a6@group-5154A91F2B72-LeaderElection3: begin an election at term 2 for -1: [75516879-76ee-4643-b747-19a95e75b6fd:172.18.0.5:9858, fc3f66a6-9940-4fba-b5f2-31844784f2a6:172.18.0.6:9858, 6035d6df-b642-497f-a6db-7e09b0bd7ae8:172.18.0.4:9858], old=null
datanode_3  | 2019-11-16 17:21:51,499 INFO impl.RoleInfo: 75516879-76ee-4643-b747-19a95e75b6fd: shutdown LeaderElection
datanode_1  | 2019-11-16 17:21:51,117 INFO impl.RoleInfo: 6035d6df-b642-497f-a6db-7e09b0bd7ae8: start LeaderElection
datanode_3  | 2019-11-16 17:21:51,499 INFO impl.RoleInfo: 75516879-76ee-4643-b747-19a95e75b6fd: start FollowerState
datanode_1  | 2019-11-16 17:21:51,125 INFO segmented.SegmentedRaftLogWorker: 6035d6df-b642-497f-a6db-7e09b0bd7ae8@group-90CDAF65E534-SegmentedRaftLogWorker: created new log segment /data/metadata/ratis/1e375802-c68c-4570-a108-90cdaf65e534/current/log_inprogress_0
datanode_2  | 2019-11-16 17:21:56,595 INFO impl.LeaderElection: fc3f66a6-9940-4fba-b5f2-31844784f2a6@group-5154A91F2B72-LeaderElection3: Election PASSED; received 2 response(s) [fc3f66a6-9940-4fba-b5f2-31844784f2a6<-75516879-76ee-4643-b747-19a95e75b6fd#0:FAIL-t2, fc3f66a6-9940-4fba-b5f2-31844784f2a6<-6035d6df-b642-497f-a6db-7e09b0bd7ae8#0:OK-t2] and 0 exception(s); fc3f66a6-9940-4fba-b5f2-31844784f2a6@group-5154A91F2B72:t2, leader=null, voted=fc3f66a6-9940-4fba-b5f2-31844784f2a6, raftlog=fc3f66a6-9940-4fba-b5f2-31844784f2a6@group-5154A91F2B72-SegmentedRaftLog:OPENED:c-1,f-1,i0, conf=-1: [75516879-76ee-4643-b747-19a95e75b6fd:172.18.0.5:9858, fc3f66a6-9940-4fba-b5f2-31844784f2a6:172.18.0.6:9858, 6035d6df-b642-497f-a6db-7e09b0bd7ae8:172.18.0.4:9858], old=null
datanode_3  | 2019-11-16 17:21:56,537 INFO impl.FollowerState: 75516879-76ee-4643-b747-19a95e75b6fd@group-5154A91F2B72-FollowerState: change to CANDIDATE, lastRpcTime:5037ms, electionTimeout:5037ms
datanode_2  | 2019-11-16 17:21:56,595 INFO impl.RoleInfo: fc3f66a6-9940-4fba-b5f2-31844784f2a6: shutdown LeaderElection
datanode_3  | 2019-11-16 17:21:56,538 INFO impl.RoleInfo: 75516879-76ee-4643-b747-19a95e75b6fd: shutdown FollowerState
datanode_2  | 2019-11-16 17:21:56,596 INFO impl.RaftServerImpl: fc3f66a6-9940-4fba-b5f2-31844784f2a6@group-5154A91F2B72: changes role from CANDIDATE to LEADER at term 2 for changeToLeader
datanode_1  | 2019-11-16 17:21:51,125 INFO impl.LeaderElection: 6035d6df-b642-497f-a6db-7e09b0bd7ae8@group-5154A91F2B72-LeaderElection2: begin an election at term 1 for -1: [75516879-76ee-4643-b747-19a95e75b6fd:172.18.0.5:9858, fc3f66a6-9940-4fba-b5f2-31844784f2a6:172.18.0.6:9858, 6035d6df-b642-497f-a6db-7e09b0bd7ae8:172.18.0.4:9858], old=null
datanode_3  | 2019-11-16 17:21:56,538 INFO impl.RaftServerImpl: 75516879-76ee-4643-b747-19a95e75b6fd@group-5154A91F2B72: changes role from  FOLLOWER to CANDIDATE at term 1 for changeToCandidate
datanode_2  | 2019-11-16 17:21:56,596 INFO ratis.XceiverServerRatis: Leader change notification received for group: group-5154A91F2B72 with new leaderId: fc3f66a6-9940-4fba-b5f2-31844784f2a6
datanode_1  | 2019-11-16 17:21:51,498 INFO impl.LeaderElection: 6035d6df-b642-497f-a6db-7e09b0bd7ae8@group-5154A91F2B72-LeaderElection2: Election REJECTED; received 2 response(s) [6035d6df-b642-497f-a6db-7e09b0bd7ae8<-75516879-76ee-4643-b747-19a95e75b6fd#0:FAIL-t1, 6035d6df-b642-497f-a6db-7e09b0bd7ae8<-fc3f66a6-9940-4fba-b5f2-31844784f2a6#0:FAIL-t1] and 0 exception(s); 6035d6df-b642-497f-a6db-7e09b0bd7ae8@group-5154A91F2B72:t1, leader=null, voted=6035d6df-b642-497f-a6db-7e09b0bd7ae8, raftlog=6035d6df-b642-497f-a6db-7e09b0bd7ae8@group-5154A91F2B72-SegmentedRaftLog:OPENED:c-1,f-1,i0, conf=-1: [75516879-76ee-4643-b747-19a95e75b6fd:172.18.0.5:9858, fc3f66a6-9940-4fba-b5f2-31844784f2a6:172.18.0.6:9858, 6035d6df-b642-497f-a6db-7e09b0bd7ae8:172.18.0.4:9858], old=null
datanode_3  | 2019-11-16 17:21:56,538 INFO impl.RoleInfo: 75516879-76ee-4643-b747-19a95e75b6fd: start LeaderElection
datanode_2  | 2019-11-16 17:21:56,596 INFO impl.RaftServerImpl: fc3f66a6-9940-4fba-b5f2-31844784f2a6@group-5154A91F2B72: change Leader from null to fc3f66a6-9940-4fba-b5f2-31844784f2a6 at term 2 for becomeLeader, leader elected after 10507ms
datanode_3  | 2019-11-16 17:21:56,553 INFO impl.LeaderElection: 75516879-76ee-4643-b747-19a95e75b6fd@group-5154A91F2B72-LeaderElection3: begin an election at term 2 for -1: [75516879-76ee-4643-b747-19a95e75b6fd:172.18.0.5:9858, fc3f66a6-9940-4fba-b5f2-31844784f2a6:172.18.0.6:9858, 6035d6df-b642-497f-a6db-7e09b0bd7ae8:172.18.0.4:9858], old=null
datanode_2  | 2019-11-16 17:21:56,597 INFO server.RaftServerConfigKeys: raft.server.staging.catchup.gap = 1000 (default)
datanode_3  | 2019-11-16 17:21:56,595 INFO impl.LeaderElection: 75516879-76ee-4643-b747-19a95e75b6fd@group-5154A91F2B72-LeaderElection3: Election REJECTED; received 2 response(s) [75516879-76ee-4643-b747-19a95e75b6fd<-fc3f66a6-9940-4fba-b5f2-31844784f2a6#0:FAIL-t2, 75516879-76ee-4643-b747-19a95e75b6fd<-6035d6df-b642-497f-a6db-7e09b0bd7ae8#0:FAIL-t2] and 0 exception(s); 75516879-76ee-4643-b747-19a95e75b6fd@group-5154A91F2B72:t2, leader=null, voted=75516879-76ee-4643-b747-19a95e75b6fd, raftlog=75516879-76ee-4643-b747-19a95e75b6fd@group-5154A91F2B72-SegmentedRaftLog:OPENED:c-1,f-1,i0, conf=-1: [75516879-76ee-4643-b747-19a95e75b6fd:172.18.0.5:9858, fc3f66a6-9940-4fba-b5f2-31844784f2a6:172.18.0.6:9858, 6035d6df-b642-497f-a6db-7e09b0bd7ae8:172.18.0.4:9858], old=null
datanode_1  | 2019-11-16 17:21:51,499 INFO impl.RaftServerImpl: 6035d6df-b642-497f-a6db-7e09b0bd7ae8@group-5154A91F2B72: changes role from CANDIDATE to FOLLOWER at term 1 for DISCOVERED_A_NEW_TERM
datanode_2  | 2019-11-16 17:21:56,597 INFO server.RaftServerConfigKeys: raft.server.rpc.sleep.time = 25ms (default)
datanode_3  | 2019-11-16 17:21:56,596 INFO impl.RaftServerImpl: 75516879-76ee-4643-b747-19a95e75b6fd@group-5154A91F2B72: changes role from CANDIDATE to FOLLOWER at term 2 for DISCOVERED_A_NEW_TERM
datanode_1  | 2019-11-16 17:21:51,499 INFO impl.RoleInfo: 6035d6df-b642-497f-a6db-7e09b0bd7ae8: shutdown LeaderElection
datanode_2  | 2019-11-16 17:21:56,597 INFO server.RaftServerConfigKeys: raft.server.write.element-limit = 4096 (default)
datanode_3  | 2019-11-16 17:21:56,596 INFO impl.RoleInfo: 75516879-76ee-4643-b747-19a95e75b6fd: shutdown LeaderElection
datanode_1  | 2019-11-16 17:21:51,499 INFO impl.RoleInfo: 6035d6df-b642-497f-a6db-7e09b0bd7ae8: start FollowerState
datanode_2  | 2019-11-16 17:21:56,597 INFO server.RaftServerConfigKeys: raft.server.watch.timeout = 10s (default)
datanode_3  | 2019-11-16 17:21:56,597 INFO impl.RoleInfo: 75516879-76ee-4643-b747-19a95e75b6fd: start FollowerState
datanode_1  | 2019-11-16 17:21:56,573 INFO impl.RaftServerImpl: 6035d6df-b642-497f-a6db-7e09b0bd7ae8@group-5154A91F2B72: changes role from  FOLLOWER to FOLLOWER at term 2 for recognizeCandidate:fc3f66a6-9940-4fba-b5f2-31844784f2a6
datanode_2  | 2019-11-16 17:21:56,597 INFO server.RaftServerConfigKeys: raft.server.watch.timeout.denomination = 1s (default)
datanode_3  | 2019-11-16 17:21:56,659 INFO ratis.XceiverServerRatis: Leader change notification received for group: group-5154A91F2B72 with new leaderId: fc3f66a6-9940-4fba-b5f2-31844784f2a6
datanode_1  | 2019-11-16 17:21:56,574 INFO impl.RoleInfo: 6035d6df-b642-497f-a6db-7e09b0bd7ae8: shutdown FollowerState
datanode_3  | 2019-11-16 17:21:56,660 INFO impl.RaftServerImpl: 75516879-76ee-4643-b747-19a95e75b6fd@group-5154A91F2B72: change Leader from null to fc3f66a6-9940-4fba-b5f2-31844784f2a6 at term 2 for appendEntries, leader elected after 10605ms
datanode_1  | 2019-11-16 17:21:56,574 INFO impl.FollowerState: 6035d6df-b642-497f-a6db-7e09b0bd7ae8@group-5154A91F2B72-FollowerState was interrupted: java.lang.InterruptedException: sleep interrupted
datanode_2  | 2019-11-16 17:21:56,597 INFO server.RaftServerConfigKeys: raft.server.watch.element-limit = 65536 (default)
datanode_3  | 2019-11-16 17:21:56,681 INFO impl.RaftServerImpl: 75516879-76ee-4643-b747-19a95e75b6fd@group-5154A91F2B72: set configuration 0: [75516879-76ee-4643-b747-19a95e75b6fd:172.18.0.5:9858, fc3f66a6-9940-4fba-b5f2-31844784f2a6:172.18.0.6:9858, 6035d6df-b642-497f-a6db-7e09b0bd7ae8:172.18.0.4:9858], old=null at 0
datanode_1  | 2019-11-16 17:21:56,574 INFO impl.RoleInfo: 6035d6df-b642-497f-a6db-7e09b0bd7ae8: start FollowerState
datanode_3  | 2019-11-16 17:21:56,681 INFO segmented.SegmentedRaftLogWorker: 75516879-76ee-4643-b747-19a95e75b6fd@group-5154A91F2B72-SegmentedRaftLogWorker: Starting segment from index:0
datanode_2  | 2019-11-16 17:21:56,599 INFO server.RaftServerConfigKeys: raft.server.log.appender.snapshot.chunk.size.max = 16MB (=16777216) (default)
datanode_1  | 2019-11-16 17:21:56,659 INFO ratis.XceiverServerRatis: Leader change notification received for group: group-5154A91F2B72 with new leaderId: fc3f66a6-9940-4fba-b5f2-31844784f2a6
datanode_3  | 2019-11-16 17:21:56,725 INFO segmented.SegmentedRaftLogWorker: 75516879-76ee-4643-b747-19a95e75b6fd@group-5154A91F2B72-SegmentedRaftLogWorker: created new log segment /data/metadata/ratis/ff40add4-dba8-4a4d-ad1f-5154a91f2b72/current/log_inprogress_0
datanode_2  | 2019-11-16 17:21:56,599 INFO server.RaftServerConfigKeys: raft.server.log.appender.buffer.byte-limit = 33554432 (custom)
datanode_2  | 2019-11-16 17:21:56,599 INFO server.RaftServerConfigKeys: raft.server.log.appender.buffer.element-limit = 1 (custom)
datanode_2  | 2019-11-16 17:21:56,602 INFO grpc.GrpcConfigKeys$Server: raft.grpc.server.leader.outstanding.appends.max = 128 (default)
datanode_1  | 2019-11-16 17:21:56,659 INFO impl.RaftServerImpl: 6035d6df-b642-497f-a6db-7e09b0bd7ae8@group-5154A91F2B72: change Leader from null to fc3f66a6-9940-4fba-b5f2-31844784f2a6 at term 2 for appendEntries, leader elected after 10670ms
datanode_1  | 2019-11-16 17:21:56,680 INFO impl.RaftServerImpl: 6035d6df-b642-497f-a6db-7e09b0bd7ae8@group-5154A91F2B72: set configuration 0: [75516879-76ee-4643-b747-19a95e75b6fd:172.18.0.5:9858, fc3f66a6-9940-4fba-b5f2-31844784f2a6:172.18.0.6:9858, 6035d6df-b642-497f-a6db-7e09b0bd7ae8:172.18.0.4:9858], old=null at 0
datanode_2  | 2019-11-16 17:21:56,602 INFO server.RaftServerConfigKeys: raft.server.rpc.request.timeout = 3000ms (default)
datanode_1  | 2019-11-16 17:21:56,680 INFO segmented.SegmentedRaftLogWorker: 6035d6df-b642-497f-a6db-7e09b0bd7ae8@group-5154A91F2B72-SegmentedRaftLogWorker: Starting segment from index:0
datanode_2  | 2019-11-16 17:21:56,602 INFO server.RaftServerConfigKeys: raft.server.log.appender.install.snapshot.enabled = false (custom)
datanode_1  | 2019-11-16 17:21:56,725 INFO segmented.SegmentedRaftLogWorker: 6035d6df-b642-497f-a6db-7e09b0bd7ae8@group-5154A91F2B72-SegmentedRaftLogWorker: created new log segment /data/metadata/ratis/ff40add4-dba8-4a4d-ad1f-5154a91f2b72/current/log_inprogress_0
datanode_2  | 2019-11-16 17:21:56,603 WARN impl.MetricRegistriesImpl: First MetricRegistry has been created without registering reporters. You may need to call MetricRegistries.global().addReportRegistration(...) before.
datanode_2  | 2019-11-16 17:21:56,604 INFO server.RaftServerConfigKeys: raft.server.log.appender.snapshot.chunk.size.max = 16MB (=16777216) (default)
datanode_2  | 2019-11-16 17:21:56,604 INFO server.RaftServerConfigKeys: raft.server.log.appender.buffer.byte-limit = 33554432 (custom)
datanode_2  | 2019-11-16 17:21:56,604 INFO server.RaftServerConfigKeys: raft.server.log.appender.buffer.element-limit = 1 (custom)
datanode_2  | 2019-11-16 17:21:56,604 INFO grpc.GrpcConfigKeys$Server: raft.grpc.server.leader.outstanding.appends.max = 128 (default)
datanode_2  | 2019-11-16 17:21:56,604 INFO server.RaftServerConfigKeys: raft.server.rpc.request.timeout = 3000ms (default)
datanode_2  | 2019-11-16 17:21:56,604 INFO server.RaftServerConfigKeys: raft.server.log.appender.install.snapshot.enabled = false (custom)
datanode_2  | 2019-11-16 17:21:56,607 INFO impl.RoleInfo: fc3f66a6-9940-4fba-b5f2-31844784f2a6: start LeaderState
datanode_2  | 2019-11-16 17:21:56,607 INFO segmented.SegmentedRaftLogWorker: fc3f66a6-9940-4fba-b5f2-31844784f2a6@group-5154A91F2B72-SegmentedRaftLogWorker: Starting segment from index:0
datanode_2  | 2019-11-16 17:21:56,608 INFO impl.RaftServerImpl: fc3f66a6-9940-4fba-b5f2-31844784f2a6@group-5154A91F2B72: set configuration 0: [75516879-76ee-4643-b747-19a95e75b6fd:172.18.0.5:9858, fc3f66a6-9940-4fba-b5f2-31844784f2a6:172.18.0.6:9858, 6035d6df-b642-497f-a6db-7e09b0bd7ae8:172.18.0.4:9858], old=null at 0
datanode_2  | 2019-11-16 17:21:56,654 INFO segmented.SegmentedRaftLogWorker: fc3f66a6-9940-4fba-b5f2-31844784f2a6@group-5154A91F2B72-SegmentedRaftLogWorker: created new log segment /data/metadata/ratis/ff40add4-dba8-4a4d-ad1f-5154a91f2b72/current/log_inprogress_0
datanode_2  | 2019-11-16 17:22:44,794 WARN client.GrpcClientProtocolService: 2-OrderedRequestStreamObserver2: onError: org.apache.ratis.thirdparty.io.grpc.StatusRuntimeException: CANCELLED: cancelled before receiving half close
datanode_2  | 2019-11-16 17:22:44,794 WARN client.GrpcClientProtocolService: 3-UnorderedRequestStreamObserver3: onError: org.apache.ratis.thirdparty.io.grpc.StatusRuntimeException: CANCELLED: cancelled before receiving half close
datanode_2  | 2019-11-16 17:22:58,132 WARN client.GrpcClientProtocolService: 4-OrderedRequestStreamObserver4: onError: org.apache.ratis.thirdparty.io.grpc.StatusRuntimeException: CANCELLED: cancelled before receiving half close
datanode_2  | 2019-11-16 17:22:58,132 WARN client.GrpcClientProtocolService: 5-UnorderedRequestStreamObserver5: onError: org.apache.ratis.thirdparty.io.grpc.StatusRuntimeException: CANCELLED: cancelled before receiving half close
datanode_2  | 2019-11-16 17:23:11,957 WARN client.GrpcClientProtocolService: 7-UnorderedRequestStreamObserver7: onError: org.apache.ratis.thirdparty.io.grpc.StatusRuntimeException: CANCELLED: cancelled before receiving half close
datanode_2  | 2019-11-16 17:23:11,957 WARN client.GrpcClientProtocolService: 6-OrderedRequestStreamObserver6: onError: org.apache.ratis.thirdparty.io.grpc.StatusRuntimeException: CANCELLED: cancelled before receiving half close
datanode_2  | 2019-11-16 17:23:25,542 WARN client.GrpcClientProtocolService: 8-OrderedRequestStreamObserver8: onError: org.apache.ratis.thirdparty.io.grpc.StatusRuntimeException: CANCELLED: cancelled before receiving half close
datanode_2  | 2019-11-16 17:23:25,542 WARN client.GrpcClientProtocolService: 9-UnorderedRequestStreamObserver9: onError: org.apache.ratis.thirdparty.io.grpc.StatusRuntimeException: CANCELLED: cancelled before receiving half close
