om_1        | 	at org.apache.hadoop.ipc.RPC$Server.call(RPC.java:1025)
datanode_3  | 	at org.apache.ratis.server.impl.RaftServerProxy$ImplMap.get(RaftServerProxy.java:122)
s3g_1       | 	at org.glassfish.jersey.server.model.internal.AbstractJavaResourceMethodDispatcher.invoke(AbstractJavaResourceMethodDispatcher.java:191)
datanode_1  | 2019-11-16 17:26:46,455 INFO server.RaftServerConfigKeys: raft.server.log.queue.element-limit = 1024 (custom)
scm_1       | 2019-11-16 17:26:46,457 INFO safemode.SCMSafeModeManager: AtleastOneDatanodeReportedRule rule is successfully validated
datanode_2  | org.apache.ratis.protocol.GroupMismatchException: 32fd2878-b52e-4880-bea1-2ace3d4be56b: group-A445C52D1A01 not found.
om_1        | 	at org.apache.hadoop.ipc.Server$RpcCall.run(Server.java:876)
s3g_1       | 	at org.glassfish.jersey.server.model.internal.JavaResourceMethodDispatcherProvider$ResponseOutInvoker.doDispatch(JavaResourceMethodDispatcherProvider.java:200)
datanode_1  | 2019-11-16 17:26:46,455 INFO server.RaftServerConfigKeys: raft.server.log.segment.size.max = 1048576 (custom)
datanode_3  | 	at org.apache.ratis.server.impl.RaftServerProxy.getImplFuture(RaftServerProxy.java:269)
scm_1       | 2019-11-16 17:26:46,465 INFO pipeline.PipelineReportHandler: Pipeline THREE PipelineID=86741235-2531-4233-9d90-a445c52d1a01 reported by 903a6c84-bfd0-48d4-a420-eab1e4f94210{ip: 172.18.0.7, host: ozones3_datanode_1.ozones3_default, networkLocation: /default-rack, certSerialId: null}
datanode_2  | 	at org.apache.ratis.server.impl.RaftServerProxy$ImplMap.get(RaftServerProxy.java:122)
om_1        | 	at org.apache.hadoop.ipc.Server$RpcCall.run(Server.java:822)
s3g_1       | 	at org.glassfish.jersey.server.model.internal.AbstractJavaResourceMethodDispatcher.dispatch(AbstractJavaResourceMethodDispatcher.java:103)
datanode_1  | 2019-11-16 17:26:46,455 INFO server.RaftServerConfigKeys: raft.server.log.preallocated.size = 16384 (custom)
scm_1       | 2019-11-16 17:26:51,560 INFO pipeline.PipelineReportHandler: Pipeline THREE PipelineID=86741235-2531-4233-9d90-a445c52d1a01 reported by 903a6c84-bfd0-48d4-a420-eab1e4f94210{ip: 172.18.0.7, host: ozones3_datanode_1.ozones3_default, networkLocation: /default-rack, certSerialId: null}
s3g_1       | 	at org.glassfish.jersey.server.model.ResourceMethodInvoker.invoke(ResourceMethodInvoker.java:493)
datanode_2  | 	at org.apache.ratis.server.impl.RaftServerProxy.getImplFuture(RaftServerProxy.java:269)
datanode_3  | 	at org.apache.ratis.server.impl.RaftServerProxy.getImpl(RaftServerProxy.java:278)
scm_1       | 2019-11-16 17:27:13,743 INFO pipeline.PipelineReportHandler: Pipeline THREE PipelineID=86741235-2531-4233-9d90-a445c52d1a01 reported by 9b8a869f-3ba8-4d00-9af9-088fc6c7ffa8{ip: 172.18.0.3, host: ozones3_datanode_3.ozones3_default, networkLocation: /default-rack, certSerialId: null}
om_1        | 	at java.base/java.security.AccessController.doPrivileged(Native Method)
datanode_1  | 2019-11-16 17:26:46,455 INFO server.RaftServerConfigKeys: raft.server.log.write.buffer.size = 33554432 (custom)
s3g_1       | 	at org.glassfish.jersey.server.model.ResourceMethodInvoker.apply(ResourceMethodInvoker.java:415)
datanode_3  | 	at org.apache.ratis.server.impl.RaftServerProxy.getImpl(RaftServerProxy.java:273)
datanode_2  | 	at org.apache.ratis.server.impl.RaftServerProxy.getImpl(RaftServerProxy.java:278)
om_1        | 	at java.base/javax.security.auth.Subject.doAs(Subject.java:423)
datanode_1  | 2019-11-16 17:26:46,455 INFO server.RaftServerConfigKeys: raft.server.log.force.sync.num = 128 (default)
scm_1       | 2019-11-16 17:27:13,814 INFO pipeline.PipelineReportHandler: Pipeline THREE PipelineID=86741235-2531-4233-9d90-a445c52d1a01 reported by 32fd2878-b52e-4880-bea1-2ace3d4be56b{ip: 172.18.0.4, host: ozones3_datanode_2.ozones3_default, networkLocation: /default-rack, certSerialId: null}
s3g_1       | 	at org.glassfish.jersey.server.model.ResourceMethodInvoker.apply(ResourceMethodInvoker.java:104)
datanode_3  | 	at org.apache.ratis.server.impl.RaftServerProxy.requestVote(RaftServerProxy.java:443)
om_1        | 	at org.apache.hadoop.security.UserGroupInformation.doAs(UserGroupInformation.java:1730)
datanode_1  | 2019-11-16 17:26:46,456 INFO server.RaftServerConfigKeys: raft.server.log.statemachine.data.sync = true (default)
datanode_2  | 	at org.apache.ratis.server.impl.RaftServerProxy.getImpl(RaftServerProxy.java:273)
scm_1       | 2019-11-16 17:27:18,073 INFO pipeline.PipelineReportHandler: Pipeline THREE PipelineID=86741235-2531-4233-9d90-a445c52d1a01 reported by 903a6c84-bfd0-48d4-a420-eab1e4f94210{ip: 172.18.0.7, host: ozones3_datanode_1.ozones3_default, networkLocation: /default-rack, certSerialId: null}
datanode_3  | 	at org.apache.ratis.grpc.server.GrpcServerProtocolService.requestVote(GrpcServerProtocolService.java:142)
om_1        | 	at org.apache.hadoop.ipc.Server$Handler.run(Server.java:2682)
s3g_1       | 	at org.glassfish.jersey.server.ServerRuntime$1.run(ServerRuntime.java:277)
datanode_1  | 2019-11-16 17:26:46,456 INFO server.RaftServerConfigKeys: raft.server.log.statemachine.data.sync.timeout = 10s (default)
datanode_2  | 	at org.apache.ratis.server.impl.RaftServerProxy.requestVote(RaftServerProxy.java:443)
scm_1       | 2019-11-16 17:27:18,074 INFO pipeline.PipelineStateManager: Pipeline Pipeline[ Id: 86741235-2531-4233-9d90-a445c52d1a01, Nodes: 903a6c84-bfd0-48d4-a420-eab1e4f94210{ip: 172.18.0.7, host: ozones3_datanode_1.ozones3_default, networkLocation: /default-rack, certSerialId: null}9b8a869f-3ba8-4d00-9af9-088fc6c7ffa8{ip: 172.18.0.3, host: ozones3_datanode_3.ozones3_default, networkLocation: /default-rack, certSerialId: null}32fd2878-b52e-4880-bea1-2ace3d4be56b{ip: 172.18.0.4, host: ozones3_datanode_2.ozones3_default, networkLocation: /default-rack, certSerialId: null}, Type:RATIS, Factor:THREE, State:ALLOCATED] moved to OPEN state
datanode_3  | 	at org.apache.ratis.proto.grpc.RaftServerProtocolServiceGrpc$MethodHandlers.invoke(RaftServerProtocolServiceGrpc.java:319)
s3g_1       | 	at org.glassfish.jersey.internal.Errors$1.call(Errors.java:272)
datanode_1  | 2019-11-16 17:26:46,456 INFO server.RaftServerConfigKeys: raft.server.log.statemachine.data.sync.timeout.retry = -1 (default)
datanode_2  | 	at org.apache.ratis.grpc.server.GrpcServerProtocolService.requestVote(GrpcServerProtocolService.java:142)
scm_1       | 2019-11-16 17:27:18,074 INFO safemode.SCMSafeModeManager: SCM in safe mode. Healthy pipelines reported count is 1, required healthy pipeline reported count is 1
om_1        | 2019-11-16 17:29:11,599 ERROR multipart.S3MultipartUploadCompleteRequest: Complete MultipartUpload failed for key /s37c35ba70126b04fca007e4dbfab9c47c/bucket-62703/multipartKey3 , MPU Key has no parts in OM, parts given to upload are [partNumber: 2
datanode_3  | 	at org.apache.ratis.thirdparty.io.grpc.stub.ServerCalls$UnaryServerCallHandler$UnaryServerCallListener.onHalfClose(ServerCalls.java:171)
s3g_1       | 	at org.glassfish.jersey.internal.Errors$1.call(Errors.java:268)
datanode_1  | 2019-11-16 17:26:46,456 INFO server.RaftServerConfigKeys: raft.server.log.statemachine.data.caching.enabled = true (custom)
datanode_2  | 	at org.apache.ratis.proto.grpc.RaftServerProtocolServiceGrpc$MethodHandlers.invoke(RaftServerProtocolServiceGrpc.java:319)
om_1        | partName: "etag1"
scm_1       | 2019-11-16 17:27:18,074 INFO safemode.SCMSafeModeManager: AtleastOneDatanodeReportedRule rule is successfully validated
datanode_3  | 	at org.apache.ratis.thirdparty.io.grpc.internal.ServerCallImpl$ServerStreamListenerImpl.halfClosed(ServerCallImpl.java:283)
datanode_1  | 2019-11-16 17:26:46,457 INFO segmented.SegmentedRaftLogWorker: 903a6c84-bfd0-48d4-a420-eab1e4f94210@group-A445C52D1A01-SegmentedRaftLogWorker: flushIndex: setUnconditionally 0 -> -1
datanode_2  | 	at org.apache.ratis.thirdparty.io.grpc.stub.ServerCalls$UnaryServerCallHandler$UnaryServerCallListener.onHalfClose(ServerCalls.java:171)
om_1        | , partNumber: 1
s3g_1       | 	at org.glassfish.jersey.internal.Errors.process(Errors.java:316)
scm_1       | 2019-11-16 17:27:18,075 INFO safemode.SCMSafeModeManager: HealthyPipelineSafeModeRule rule is successfully validated
datanode_3  | 	at org.apache.ratis.thirdparty.io.grpc.internal.ServerImpl$JumpToApplicationThreadServerStreamListener$1HalfClosed.runInContext(ServerImpl.java:710)
datanode_1  | 2019-11-16 17:26:46,457 INFO server.RaftServerConfigKeys: raft.server.snapshot.auto.trigger.enabled = true (custom)
datanode_2  | 	at org.apache.ratis.thirdparty.io.grpc.internal.ServerCallImpl$ServerStreamListenerImpl.halfClosed(ServerCallImpl.java:283)
om_1        | partName: "etag2"
s3g_1       | 	at org.glassfish.jersey.internal.Errors.process(Errors.java:298)
scm_1       | 2019-11-16 17:27:18,075 INFO safemode.SCMSafeModeManager: ScmSafeModeManager, all rules are successfully validated
datanode_3  | 	at org.apache.ratis.thirdparty.io.grpc.internal.ContextRunnable.run(ContextRunnable.java:37)
datanode_1  | 2019-11-16 17:26:46,457 INFO server.RaftServerConfigKeys: raft.server.snapshot.auto.trigger.threshold = 10000 (custom)
datanode_2  | 	at org.apache.ratis.thirdparty.io.grpc.internal.ServerImpl$JumpToApplicationThreadServerStreamListener$1HalfClosed.runInContext(ServerImpl.java:710)
om_1        | ]
s3g_1       | 	at org.glassfish.jersey.internal.Errors.process(Errors.java:268)
scm_1       | 2019-11-16 17:27:18,075 INFO safemode.SCMSafeModeManager: SCM exiting safe mode.
datanode_3  | 	at org.apache.ratis.thirdparty.io.grpc.internal.SerializingExecutor.run(SerializingExecutor.java:123)
datanode_1  | 2019-11-16 17:26:46,458 INFO server.RaftServerConfigKeys: raft.server.snapshot.retention.file.num = 5 (custom)
datanode_2  | 	at org.apache.ratis.thirdparty.io.grpc.internal.ContextRunnable.run(ContextRunnable.java:37)
s3g_1       | 	at org.glassfish.jersey.process.internal.RequestScope.runInScope(RequestScope.java:289)
om_1        | 2019-11-16 17:29:11,599 ERROR multipart.S3MultipartUploadCompleteRequest: MultipartUpload Complete request failed for Key: multipartKey3 in Volume/Bucket s37c35ba70126b04fca007e4dbfab9c47c/bucket-62703
scm_1       | 2019-11-16 17:29:41,840 INFO server.SCMBlockProtocolServer: SCM is informed by OM to delete 4 blocks
datanode_3  | 	at java.base/java.util.concurrent.ThreadPoolExecutor.runWorker(ThreadPoolExecutor.java:1128)
datanode_1  | 2019-11-16 17:26:46,458 INFO server.RaftServerConfigKeys: raft.server.retrycache.expirytime = 600000ms (custom)
datanode_2  | 	at org.apache.ratis.thirdparty.io.grpc.internal.SerializingExecutor.run(SerializingExecutor.java:123)
om_1        | INVALID_PART org.apache.hadoop.ozone.om.exceptions.OMException: Complete Multipart Upload Failed: volume: s37c35ba70126b04fca007e4dbfab9c47cbucket: bucket-62703key: multipartKey3
s3g_1       | 	at org.glassfish.jersey.server.ServerRuntime.process(ServerRuntime.java:256)
scm_1       | 2019-11-16 17:29:41,841 INFO block.BlockManagerImpl: Deleting blocks conID: 2 locID: 103148770519941247 bcsId: 0
datanode_3  | 	at java.base/java.util.concurrent.ThreadPoolExecutor$Worker.run(ThreadPoolExecutor.java:628)
datanode_1  | 2019-11-16 17:26:46,458 WARN impl.MetricRegistriesImpl: First MetricRegistry has been created without registering reporters. You may need to call MetricRegistries.global().addReportRegistration(...) before.
datanode_2  | 	at java.base/java.util.concurrent.ThreadPoolExecutor.runWorker(ThreadPoolExecutor.java:1128)
om_1        | 	at org.apache.hadoop.ozone.om.request.s3.multipart.S3MultipartUploadCompleteRequest.validateAndUpdateCache(S3MultipartUploadCompleteRequest.java:146)
scm_1       | 2019-11-16 17:29:41,926 INFO block.BlockManagerImpl: Deleting blocks conID: 3 locID: 103148771955048582 bcsId: 0
datanode_3  | 	at java.base/java.lang.Thread.run(Thread.java:834)
datanode_1  | 2019-11-16 17:26:46,458 WARN impl.MetricRegistriesImpl: First MetricRegistry has been created without registering reporters. You may need to call MetricRegistries.global().addReportRegistration(...) before.
datanode_2  | 	at java.base/java.util.concurrent.ThreadPoolExecutor$Worker.run(ThreadPoolExecutor.java:628)
om_1        | 	at org.apache.hadoop.ozone.protocolPB.OzoneManagerProtocolServerSideTranslatorPB.submitRequestDirectlyToOM(OzoneManagerProtocolServerSideTranslatorPB.java:217)
s3g_1       | 	at org.glassfish.jersey.server.ApplicationHandler.handle(ApplicationHandler.java:703)
scm_1       | 2019-11-16 17:29:41,926 INFO block.BlockManagerImpl: Deleting blocks conID: 2 locID: 103148773309022344 bcsId: 0
datanode_3  | 2019-11-16 17:26:57,362 WARN server.GrpcServerProtocolService: 9b8a869f-3ba8-4d00-9af9-088fc6c7ffa8: Failed requestVote 903a6c84-bfd0-48d4-a420-eab1e4f94210->9b8a869f-3ba8-4d00-9af9-088fc6c7ffa8#0
datanode_1  | 2019-11-16 17:26:46,458 INFO impl.RaftServerImpl: 903a6c84-bfd0-48d4-a420-eab1e4f94210@group-A445C52D1A01: start as a follower, conf=-1: [903a6c84-bfd0-48d4-a420-eab1e4f94210:172.18.0.7:9858, 32fd2878-b52e-4880-bea1-2ace3d4be56b:172.18.0.4:9858, 9b8a869f-3ba8-4d00-9af9-088fc6c7ffa8:172.18.0.3:9858], old=null
datanode_2  | 	at java.base/java.lang.Thread.run(Thread.java:834)
om_1        | 	at org.apache.hadoop.ozone.protocolPB.OzoneManagerProtocolServerSideTranslatorPB.processRequest(OzoneManagerProtocolServerSideTranslatorPB.java:132)
s3g_1       | 	at org.glassfish.jersey.servlet.WebComponent.serviceImpl(WebComponent.java:416)
scm_1       | 2019-11-16 17:29:41,926 INFO block.BlockManagerImpl: Deleting blocks conID: 3 locID: 103148773370232969 bcsId: 0
datanode_3  | org.apache.ratis.protocol.GroupMismatchException: 9b8a869f-3ba8-4d00-9af9-088fc6c7ffa8: group-A445C52D1A01 not found.
datanode_1  | 2019-11-16 17:26:46,459 INFO impl.RaftServerImpl: 903a6c84-bfd0-48d4-a420-eab1e4f94210@group-A445C52D1A01: changes role from      null to FOLLOWER at term 0 for startAsFollower
datanode_2  | 2019-11-16 17:26:57,361 WARN server.GrpcServerProtocolService: 32fd2878-b52e-4880-bea1-2ace3d4be56b: Failed requestVote 903a6c84-bfd0-48d4-a420-eab1e4f94210->32fd2878-b52e-4880-bea1-2ace3d4be56b#0
s3g_1       | 	at org.glassfish.jersey.servlet.WebComponent.service(WebComponent.java:370)
om_1        | 	at org.apache.hadoop.hdds.server.OzoneProtocolMessageDispatcher.processRequest(OzoneProtocolMessageDispatcher.java:72)
scm_1       | 2019-11-16 17:30:41,955 INFO server.SCMBlockProtocolServer: SCM is informed by OM to delete 2 blocks
datanode_3  | 	at org.apache.ratis.server.impl.RaftServerProxy$ImplMap.get(RaftServerProxy.java:122)
datanode_1  | 2019-11-16 17:26:46,459 INFO impl.RoleInfo: 903a6c84-bfd0-48d4-a420-eab1e4f94210: start FollowerState
datanode_2  | org.apache.ratis.protocol.GroupMismatchException: 32fd2878-b52e-4880-bea1-2ace3d4be56b: group-A445C52D1A01 not found.
s3g_1       | 	at org.glassfish.jersey.servlet.ServletContainer.service(ServletContainer.java:389)
om_1        | 	at org.apache.hadoop.ozone.protocolPB.OzoneManagerProtocolServerSideTranslatorPB.submitRequest(OzoneManagerProtocolServerSideTranslatorPB.java:100)
datanode_3  | 	at org.apache.ratis.server.impl.RaftServerProxy.getImplFuture(RaftServerProxy.java:269)
datanode_1  | 2019-11-16 17:26:46,460 INFO util.JmxRegister: Successfully registered JMX Bean with object name Ratis:service=RaftServer,group=group-A445C52D1A01,id=903a6c84-bfd0-48d4-a420-eab1e4f94210
scm_1       | 2019-11-16 17:30:41,955 INFO block.BlockManagerImpl: Deleting blocks conID: 3 locID: 103148777026814101 bcsId: 0
datanode_2  | 	at org.apache.ratis.server.impl.RaftServerProxy$ImplMap.get(RaftServerProxy.java:122)
s3g_1       | 	at org.glassfish.jersey.servlet.ServletContainer.service(ServletContainer.java:342)
om_1        | 	at org.apache.hadoop.ozone.protocol.proto.OzoneManagerProtocolProtos$OzoneManagerService$2.callBlockingMethod(OzoneManagerProtocolProtos.java)
datanode_3  | 	at org.apache.ratis.server.impl.RaftServerProxy.getImpl(RaftServerProxy.java:278)
datanode_1  | 2019-11-16 17:26:46,460 WARN impl.MetricRegistriesImpl: First MetricRegistry has been created without registering reporters. You may need to call MetricRegistries.global().addReportRegistration(...) before.
scm_1       | 2019-11-16 17:30:41,956 INFO block.BlockManagerImpl: Deleting blocks conID: 2 locID: 103148773839732875 bcsId: 0,conID: 3 locID: 103148773839929484 bcsId: 0,conID: 1 locID: 103148773838028938 bcsId: 0
datanode_2  | 	at org.apache.ratis.server.impl.RaftServerProxy.getImplFuture(RaftServerProxy.java:269)
s3g_1       | 	at org.glassfish.jersey.servlet.ServletContainer.service(ServletContainer.java:229)
om_1        | 	at org.apache.hadoop.ipc.ProtobufRpcEngine$Server$ProtoBufRpcInvoker.call(ProtobufRpcEngine.java:524)
datanode_3  | 	at org.apache.ratis.server.impl.RaftServerProxy.getImpl(RaftServerProxy.java:273)
datanode_1  | 2019-11-16 17:26:46,461 INFO commandhandler.CreatePipelineCommandHandler: Create Pipeline RATIS THREE #id: "86741235-2531-4233-9d90-a445c52d1a01"
datanode_2  | 	at org.apache.ratis.server.impl.RaftServerProxy.getImpl(RaftServerProxy.java:278)
s3g_1       | 	at org.eclipse.jetty.servlet.ServletHolder.handle(ServletHolder.java:840)
datanode_3  | 	at org.apache.ratis.server.impl.RaftServerProxy.requestVote(RaftServerProxy.java:443)
om_1        | 	at org.apache.hadoop.ipc.RPC$Server.call(RPC.java:1025)
scm_1       | 2019-11-16 17:31:41,977 INFO server.SCMBlockProtocolServer: SCM is informed by OM to delete 4 blocks
datanode_1  |  command succeed on datanode 903a6c84-bfd0-48d4-a420-eab1e4f94210.
datanode_2  | 	at org.apache.ratis.server.impl.RaftServerProxy.getImpl(RaftServerProxy.java:273)
s3g_1       | 	at org.eclipse.jetty.servlet.ServletHandler$CachedChain.doFilter(ServletHandler.java:1780)
datanode_3  | 	at org.apache.ratis.grpc.server.GrpcServerProtocolService.requestVote(GrpcServerProtocolService.java:142)
om_1        | 	at org.apache.hadoop.ipc.Server$RpcCall.run(Server.java:876)
scm_1       | 2019-11-16 17:31:41,977 INFO block.BlockManagerImpl: Deleting blocks conID: 1 locID: 103148777754591382 bcsId: 0
datanode_1  | 2019-11-16 17:26:51,525 INFO impl.FollowerState: 903a6c84-bfd0-48d4-a420-eab1e4f94210@group-99FE919A4BBE-FollowerState: change to CANDIDATE, lastRpcTime:5196ms, electionTimeout:5195ms
datanode_2  | 	at org.apache.ratis.server.impl.RaftServerProxy.requestVote(RaftServerProxy.java:443)
s3g_1       | 	at org.apache.hadoop.http.HttpServer2$QuotingInputFilter.doFilter(HttpServer2.java:1609)
datanode_3  | 	at org.apache.ratis.proto.grpc.RaftServerProtocolServiceGrpc$MethodHandlers.invoke(RaftServerProtocolServiceGrpc.java:319)
om_1        | 	at org.apache.hadoop.ipc.Server$RpcCall.run(Server.java:822)
scm_1       | 2019-11-16 17:31:41,978 INFO block.BlockManagerImpl: Deleting blocks conID: 2 locID: 103148778181820567 bcsId: 0
datanode_1  | 2019-11-16 17:26:51,527 INFO impl.RoleInfo: 903a6c84-bfd0-48d4-a420-eab1e4f94210: shutdown FollowerState
datanode_2  | 	at org.apache.ratis.grpc.server.GrpcServerProtocolService.requestVote(GrpcServerProtocolService.java:142)
s3g_1       | 	at org.eclipse.jetty.servlet.ServletHandler$CachedChain.doFilter(ServletHandler.java:1767)
datanode_3  | 	at org.apache.ratis.thirdparty.io.grpc.stub.ServerCalls$UnaryServerCallHandler$UnaryServerCallListener.onHalfClose(ServerCalls.java:171)
om_1        | 	at java.base/java.security.AccessController.doPrivileged(Native Method)
scm_1       | 2019-11-16 17:31:41,978 INFO block.BlockManagerImpl: Deleting blocks conID: 3 locID: 103148778951475352 bcsId: 0
datanode_1  | 2019-11-16 17:26:51,528 INFO impl.RaftServerImpl: 903a6c84-bfd0-48d4-a420-eab1e4f94210@group-99FE919A4BBE: changes role from  FOLLOWER to CANDIDATE at term 0 for changeToCandidate
datanode_2  | 	at org.apache.ratis.proto.grpc.RaftServerProtocolServiceGrpc$MethodHandlers.invoke(RaftServerProtocolServiceGrpc.java:319)
s3g_1       | 	at org.apache.hadoop.http.NoCacheFilter.doFilter(NoCacheFilter.java:45)
datanode_3  | 	at org.apache.ratis.thirdparty.io.grpc.internal.ServerCallImpl$ServerStreamListenerImpl.halfClosed(ServerCallImpl.java:283)
om_1        | 	at java.base/javax.security.auth.Subject.doAs(Subject.java:423)
scm_1       | 2019-11-16 17:31:41,978 INFO block.BlockManagerImpl: Deleting blocks conID: 1 locID: 103148779004166297 bcsId: 0
datanode_1  | 2019-11-16 17:26:51,533 INFO impl.RoleInfo: 903a6c84-bfd0-48d4-a420-eab1e4f94210: start LeaderElection
datanode_2  | 	at org.apache.ratis.thirdparty.io.grpc.stub.ServerCalls$UnaryServerCallHandler$UnaryServerCallListener.onHalfClose(ServerCalls.java:171)
datanode_3  | 	at org.apache.ratis.thirdparty.io.grpc.internal.ServerImpl$JumpToApplicationThreadServerStreamListener$1HalfClosed.runInContext(ServerImpl.java:710)
om_1        | 	at org.apache.hadoop.security.UserGroupInformation.doAs(UserGroupInformation.java:1730)
datanode_1  | 2019-11-16 17:26:51,549 INFO impl.LeaderElection: 903a6c84-bfd0-48d4-a420-eab1e4f94210@group-99FE919A4BBE-LeaderElection1: begin an election at term 1 for -1: [903a6c84-bfd0-48d4-a420-eab1e4f94210:172.18.0.7:9858], old=null
datanode_2  | 	at org.apache.ratis.thirdparty.io.grpc.internal.ServerCallImpl$ServerStreamListenerImpl.halfClosed(ServerCallImpl.java:283)
s3g_1       | 	at org.eclipse.jetty.servlet.ServletHandler$CachedChain.doFilter(ServletHandler.java:1767)
datanode_3  | 	at org.apache.ratis.thirdparty.io.grpc.internal.ContextRunnable.run(ContextRunnable.java:37)
om_1        | 	at org.apache.hadoop.ipc.Server$Handler.run(Server.java:2682)
datanode_1  | 2019-11-16 17:26:51,551 INFO impl.RoleInfo: 903a6c84-bfd0-48d4-a420-eab1e4f94210: shutdown LeaderElection
datanode_2  | 	at org.apache.ratis.thirdparty.io.grpc.internal.ServerImpl$JumpToApplicationThreadServerStreamListener$1HalfClosed.runInContext(ServerImpl.java:710)
s3g_1       | 	at org.eclipse.jetty.servlet.ServletHandler.doHandle(ServletHandler.java:583)
datanode_3  | 	at org.apache.ratis.thirdparty.io.grpc.internal.SerializingExecutor.run(SerializingExecutor.java:123)
om_1        | 2019-11-16 17:29:15,057 ERROR multipart.S3MultipartUploadCompleteRequest: MultipartUpload Complete request failed for Key: multipartKey3 in Volume/Bucket s37c35ba70126b04fca007e4dbfab9c47c/bucket-62703
datanode_1  | 2019-11-16 17:26:51,552 INFO impl.RaftServerImpl: 903a6c84-bfd0-48d4-a420-eab1e4f94210@group-99FE919A4BBE: changes role from CANDIDATE to LEADER at term 1 for changeToLeader
datanode_2  | 	at org.apache.ratis.thirdparty.io.grpc.internal.ContextRunnable.run(ContextRunnable.java:37)
s3g_1       | 	at org.eclipse.jetty.server.handler.ScopedHandler.handle(ScopedHandler.java:143)
datanode_3  | 	at java.base/java.util.concurrent.ThreadPoolExecutor.runWorker(ThreadPoolExecutor.java:1128)
om_1        | INVALID_PART org.apache.hadoop.ozone.om.exceptions.OMException: Complete Multipart Upload Failed: volume: s37c35ba70126b04fca007e4dbfab9c47cbucket: bucket-62703key: multipartKey3. Provided Part info is { etag1, 1}, where as OM has partName /s37c35ba70126b04fca007e4dbfab9c47c/bucket-62703/multipartKey3103148771893379210
datanode_1  | 2019-11-16 17:26:51,552 INFO ratis.XceiverServerRatis: Leader change notification received for group: group-99FE919A4BBE with new leaderId: 903a6c84-bfd0-48d4-a420-eab1e4f94210
datanode_2  | 	at org.apache.ratis.thirdparty.io.grpc.internal.SerializingExecutor.run(SerializingExecutor.java:123)
s3g_1       | 	at org.eclipse.jetty.security.SecurityHandler.handle(SecurityHandler.java:548)
datanode_3  | 	at java.base/java.util.concurrent.ThreadPoolExecutor$Worker.run(ThreadPoolExecutor.java:628)
om_1        | 	at org.apache.hadoop.ozone.om.request.s3.multipart.S3MultipartUploadCompleteRequest.validateAndUpdateCache(S3MultipartUploadCompleteRequest.java:189)
datanode_1  | 2019-11-16 17:26:51,555 INFO impl.RaftServerImpl: 903a6c84-bfd0-48d4-a420-eab1e4f94210@group-99FE919A4BBE: change Leader from null to 903a6c84-bfd0-48d4-a420-eab1e4f94210 at term 1 for becomeLeader, leader elected after 5308ms
datanode_2  | 	at java.base/java.util.concurrent.ThreadPoolExecutor.runWorker(ThreadPoolExecutor.java:1128)
s3g_1       | 	at org.eclipse.jetty.server.session.SessionHandler.doHandle(SessionHandler.java:226)
datanode_3  | 	at java.base/java.lang.Thread.run(Thread.java:834)
datanode_1  | 2019-11-16 17:26:51,562 INFO server.RaftServerConfigKeys: raft.server.staging.catchup.gap = 1000 (default)
datanode_2  | 	at java.base/java.util.concurrent.ThreadPoolExecutor$Worker.run(ThreadPoolExecutor.java:628)
om_1        | 	at org.apache.hadoop.ozone.protocolPB.OzoneManagerProtocolServerSideTranslatorPB.submitRequestDirectlyToOM(OzoneManagerProtocolServerSideTranslatorPB.java:217)
s3g_1       | 	at org.eclipse.jetty.server.handler.ContextHandler.doHandle(ContextHandler.java:1180)
datanode_3  | 2019-11-16 17:27:02,489 WARN server.GrpcServerProtocolService: 9b8a869f-3ba8-4d00-9af9-088fc6c7ffa8: Failed requestVote 903a6c84-bfd0-48d4-a420-eab1e4f94210->9b8a869f-3ba8-4d00-9af9-088fc6c7ffa8#0
datanode_1  | 2019-11-16 17:26:51,563 INFO server.RaftServerConfigKeys: raft.server.rpc.sleep.time = 25ms (default)
s3g_1       | 	at org.eclipse.jetty.servlet.ServletHandler.doScope(ServletHandler.java:513)
datanode_2  | 	at java.base/java.lang.Thread.run(Thread.java:834)
datanode_3  | org.apache.ratis.protocol.GroupMismatchException: 9b8a869f-3ba8-4d00-9af9-088fc6c7ffa8: group-A445C52D1A01 not found.
om_1        | 	at org.apache.hadoop.ozone.protocolPB.OzoneManagerProtocolServerSideTranslatorPB.processRequest(OzoneManagerProtocolServerSideTranslatorPB.java:132)
datanode_1  | 2019-11-16 17:26:51,568 INFO server.RaftServerConfigKeys: raft.server.write.element-limit = 4096 (default)
datanode_2  | 2019-11-16 17:27:02,488 WARN server.GrpcServerProtocolService: 32fd2878-b52e-4880-bea1-2ace3d4be56b: Failed requestVote 903a6c84-bfd0-48d4-a420-eab1e4f94210->32fd2878-b52e-4880-bea1-2ace3d4be56b#0
s3g_1       | 	at org.eclipse.jetty.server.session.SessionHandler.doScope(SessionHandler.java:185)
datanode_3  | 	at org.apache.ratis.server.impl.RaftServerProxy$ImplMap.get(RaftServerProxy.java:122)
om_1        | 	at org.apache.hadoop.hdds.server.OzoneProtocolMessageDispatcher.processRequest(OzoneProtocolMessageDispatcher.java:72)
datanode_1  | 2019-11-16 17:26:51,573 INFO server.RaftServerConfigKeys: raft.server.watch.timeout = 10s (default)
datanode_2  | org.apache.ratis.protocol.GroupMismatchException: 32fd2878-b52e-4880-bea1-2ace3d4be56b: group-A445C52D1A01 not found.
s3g_1       | 	at org.eclipse.jetty.server.handler.ContextHandler.doScope(ContextHandler.java:1112)
om_1        | 	at org.apache.hadoop.ozone.protocolPB.OzoneManagerProtocolServerSideTranslatorPB.submitRequest(OzoneManagerProtocolServerSideTranslatorPB.java:100)
datanode_1  | 2019-11-16 17:26:51,574 INFO server.RaftServerConfigKeys: raft.server.watch.timeout.denomination = 1s (default)
datanode_3  | 	at org.apache.ratis.server.impl.RaftServerProxy.getImplFuture(RaftServerProxy.java:269)
datanode_2  | 	at org.apache.ratis.server.impl.RaftServerProxy$ImplMap.get(RaftServerProxy.java:122)
s3g_1       | 	at org.eclipse.jetty.server.handler.ScopedHandler.handle(ScopedHandler.java:141)
om_1        | 	at org.apache.hadoop.ozone.protocol.proto.OzoneManagerProtocolProtos$OzoneManagerService$2.callBlockingMethod(OzoneManagerProtocolProtos.java)
datanode_1  | 2019-11-16 17:26:51,574 INFO server.RaftServerConfigKeys: raft.server.watch.element-limit = 65536 (default)
datanode_3  | 	at org.apache.ratis.server.impl.RaftServerProxy.getImpl(RaftServerProxy.java:278)
datanode_2  | 	at org.apache.ratis.server.impl.RaftServerProxy.getImplFuture(RaftServerProxy.java:269)
s3g_1       | 	at org.eclipse.jetty.server.handler.HandlerCollection.handle(HandlerCollection.java:119)
om_1        | 	at org.apache.hadoop.ipc.ProtobufRpcEngine$Server$ProtoBufRpcInvoker.call(ProtobufRpcEngine.java:524)
datanode_1  | 2019-11-16 17:26:51,582 INFO impl.RoleInfo: 903a6c84-bfd0-48d4-a420-eab1e4f94210: start LeaderState
datanode_3  | 	at org.apache.ratis.server.impl.RaftServerProxy.getImpl(RaftServerProxy.java:273)
datanode_2  | 	at org.apache.ratis.server.impl.RaftServerProxy.getImpl(RaftServerProxy.java:278)
s3g_1       | 	at org.eclipse.jetty.server.handler.HandlerWrapper.handle(HandlerWrapper.java:134)
om_1        | 	at org.apache.hadoop.ipc.RPC$Server.call(RPC.java:1025)
datanode_3  | 	at org.apache.ratis.server.impl.RaftServerProxy.requestVote(RaftServerProxy.java:443)
datanode_2  | 	at org.apache.ratis.server.impl.RaftServerProxy.getImpl(RaftServerProxy.java:273)
s3g_1       | 	at org.eclipse.jetty.server.Server.handle(Server.java:539)
om_1        | 	at org.apache.hadoop.ipc.Server$RpcCall.run(Server.java:876)
datanode_3  | 	at org.apache.ratis.grpc.server.GrpcServerProtocolService.requestVote(GrpcServerProtocolService.java:142)
datanode_2  | 	at org.apache.ratis.server.impl.RaftServerProxy.requestVote(RaftServerProxy.java:443)
datanode_1  | 2019-11-16 17:26:51,601 INFO segmented.SegmentedRaftLogWorker: 903a6c84-bfd0-48d4-a420-eab1e4f94210@group-99FE919A4BBE-SegmentedRaftLogWorker: Starting segment from index:0
om_1        | 	at org.apache.hadoop.ipc.Server$RpcCall.run(Server.java:822)
datanode_3  | 	at org.apache.ratis.proto.grpc.RaftServerProtocolServiceGrpc$MethodHandlers.invoke(RaftServerProtocolServiceGrpc.java:319)
s3g_1       | 	at org.eclipse.jetty.server.HttpChannel.handle(HttpChannel.java:333)
datanode_2  | 	at org.apache.ratis.grpc.server.GrpcServerProtocolService.requestVote(GrpcServerProtocolService.java:142)
datanode_1  | WARNING: An illegal reflective access operation has occurred
om_1        | 	at java.base/java.security.AccessController.doPrivileged(Native Method)
datanode_2  | 	at org.apache.ratis.proto.grpc.RaftServerProtocolServiceGrpc$MethodHandlers.invoke(RaftServerProtocolServiceGrpc.java:319)
datanode_1  | WARNING: Illegal reflective access by org.apache.ratis.thirdparty.com.google.protobuf.UnsafeUtil (file:/opt/hadoop/share/ozone/lib/ratis-thirdparty-misc-0.2.0.jar) to field java.nio.Buffer.address
datanode_3  | 	at org.apache.ratis.thirdparty.io.grpc.stub.ServerCalls$UnaryServerCallHandler$UnaryServerCallListener.onHalfClose(ServerCalls.java:171)
s3g_1       | 	at org.eclipse.jetty.server.HttpConnection.onFillable(HttpConnection.java:251)
om_1        | 	at java.base/javax.security.auth.Subject.doAs(Subject.java:423)
datanode_2  | 	at org.apache.ratis.thirdparty.io.grpc.stub.ServerCalls$UnaryServerCallHandler$UnaryServerCallListener.onHalfClose(ServerCalls.java:171)
datanode_1  | WARNING: Please consider reporting this to the maintainers of org.apache.ratis.thirdparty.com.google.protobuf.UnsafeUtil
datanode_3  | 	at org.apache.ratis.thirdparty.io.grpc.internal.ServerCallImpl$ServerStreamListenerImpl.halfClosed(ServerCallImpl.java:283)
s3g_1       | 	at org.eclipse.jetty.io.AbstractConnection$ReadCallback.succeeded(AbstractConnection.java:283)
om_1        | 	at org.apache.hadoop.security.UserGroupInformation.doAs(UserGroupInformation.java:1730)
datanode_1  | WARNING: Use --illegal-access=warn to enable warnings of further illegal reflective access operations
datanode_3  | 	at org.apache.ratis.thirdparty.io.grpc.internal.ServerImpl$JumpToApplicationThreadServerStreamListener$1HalfClosed.runInContext(ServerImpl.java:710)
s3g_1       | 	at org.eclipse.jetty.io.FillInterest.fillable(FillInterest.java:108)
datanode_2  | 	at org.apache.ratis.thirdparty.io.grpc.internal.ServerCallImpl$ServerStreamListenerImpl.halfClosed(ServerCallImpl.java:283)
om_1        | 	at org.apache.hadoop.ipc.Server$Handler.run(Server.java:2682)
datanode_1  | WARNING: All illegal access operations will be denied in a future release
datanode_3  | 	at org.apache.ratis.thirdparty.io.grpc.internal.ContextRunnable.run(ContextRunnable.java:37)
s3g_1       | 	at org.eclipse.jetty.io.SelectChannelEndPoint$2.run(SelectChannelEndPoint.java:93)
datanode_2  | 	at org.apache.ratis.thirdparty.io.grpc.internal.ServerImpl$JumpToApplicationThreadServerStreamListener$1HalfClosed.runInContext(ServerImpl.java:710)
om_1        | 2019-11-16 17:29:15,794 ERROR multipart.S3MultipartUploadCompleteRequest: MultipartUpload Complete request failed for Key: multipartKey3 in Volume/Bucket s37c35ba70126b04fca007e4dbfab9c47c/bucket-62703
datanode_1  | 2019-11-16 17:26:51,619 INFO impl.RaftServerImpl: 903a6c84-bfd0-48d4-a420-eab1e4f94210@group-99FE919A4BBE: set configuration 0: [903a6c84-bfd0-48d4-a420-eab1e4f94210:172.18.0.7:9858], old=null at 0
datanode_3  | 	at org.apache.ratis.thirdparty.io.grpc.internal.SerializingExecutor.run(SerializingExecutor.java:123)
om_1        | INVALID_PART org.apache.hadoop.ozone.om.exceptions.OMException: Complete Multipart Upload Failed: volume: s37c35ba70126b04fca007e4dbfab9c47cbucket: bucket-62703key: multipartKey3. Provided Part info is { etag2, 2}, where as OM has partName /s37c35ba70126b04fca007e4dbfab9c47c/bucket-62703/multipartKey3103148771953934475
datanode_2  | 	at org.apache.ratis.thirdparty.io.grpc.internal.ContextRunnable.run(ContextRunnable.java:37)
s3g_1       | 	at org.eclipse.jetty.util.thread.strategy.ExecuteProduceConsume.executeProduceConsume(ExecuteProduceConsume.java:303)
datanode_3  | 	at java.base/java.util.concurrent.ThreadPoolExecutor.runWorker(ThreadPoolExecutor.java:1128)
om_1        | 	at org.apache.hadoop.ozone.om.request.s3.multipart.S3MultipartUploadCompleteRequest.validateAndUpdateCache(S3MultipartUploadCompleteRequest.java:189)
datanode_2  | 	at org.apache.ratis.thirdparty.io.grpc.internal.SerializingExecutor.run(SerializingExecutor.java:123)
datanode_1  | 2019-11-16 17:26:51,646 INFO impl.FollowerState: 903a6c84-bfd0-48d4-a420-eab1e4f94210@group-A445C52D1A01-FollowerState: change to CANDIDATE, lastRpcTime:5186ms, electionTimeout:5186ms
s3g_1       | 	at org.eclipse.jetty.util.thread.strategy.ExecuteProduceConsume.produceConsume(ExecuteProduceConsume.java:148)
datanode_3  | 	at java.base/java.util.concurrent.ThreadPoolExecutor$Worker.run(ThreadPoolExecutor.java:628)
om_1        | 	at org.apache.hadoop.ozone.protocolPB.OzoneManagerProtocolServerSideTranslatorPB.submitRequestDirectlyToOM(OzoneManagerProtocolServerSideTranslatorPB.java:217)
datanode_2  | 	at java.base/java.util.concurrent.ThreadPoolExecutor.runWorker(ThreadPoolExecutor.java:1128)
datanode_1  | 2019-11-16 17:26:51,646 INFO impl.RoleInfo: 903a6c84-bfd0-48d4-a420-eab1e4f94210: shutdown FollowerState
s3g_1       | 	at org.eclipse.jetty.util.thread.strategy.ExecuteProduceConsume.run(ExecuteProduceConsume.java:136)
datanode_3  | 	at java.base/java.lang.Thread.run(Thread.java:834)
om_1        | 	at org.apache.hadoop.ozone.protocolPB.OzoneManagerProtocolServerSideTranslatorPB.processRequest(OzoneManagerProtocolServerSideTranslatorPB.java:132)
datanode_2  | 	at java.base/java.util.concurrent.ThreadPoolExecutor$Worker.run(ThreadPoolExecutor.java:628)
datanode_1  | 2019-11-16 17:26:51,646 INFO impl.RaftServerImpl: 903a6c84-bfd0-48d4-a420-eab1e4f94210@group-A445C52D1A01: changes role from  FOLLOWER to CANDIDATE at term 0 for changeToCandidate
s3g_1       | 	at org.eclipse.jetty.util.thread.QueuedThreadPool.runJob(QueuedThreadPool.java:671)
datanode_3  | 2019-11-16 17:27:07,600 WARN server.GrpcServerProtocolService: 9b8a869f-3ba8-4d00-9af9-088fc6c7ffa8: Failed requestVote 903a6c84-bfd0-48d4-a420-eab1e4f94210->9b8a869f-3ba8-4d00-9af9-088fc6c7ffa8#0
om_1        | 	at org.apache.hadoop.hdds.server.OzoneProtocolMessageDispatcher.processRequest(OzoneProtocolMessageDispatcher.java:72)
datanode_2  | 	at java.base/java.lang.Thread.run(Thread.java:834)
datanode_1  | 2019-11-16 17:26:51,646 INFO impl.RoleInfo: 903a6c84-bfd0-48d4-a420-eab1e4f94210: start LeaderElection
s3g_1       | 	at org.eclipse.jetty.util.thread.QueuedThreadPool$2.run(QueuedThreadPool.java:589)
datanode_3  | org.apache.ratis.protocol.GroupMismatchException: 9b8a869f-3ba8-4d00-9af9-088fc6c7ffa8: group-A445C52D1A01 not found.
om_1        | 	at org.apache.hadoop.ozone.protocolPB.OzoneManagerProtocolServerSideTranslatorPB.submitRequest(OzoneManagerProtocolServerSideTranslatorPB.java:100)
datanode_2  | 2019-11-16 17:27:07,601 WARN server.GrpcServerProtocolService: 32fd2878-b52e-4880-bea1-2ace3d4be56b: Failed requestVote 903a6c84-bfd0-48d4-a420-eab1e4f94210->32fd2878-b52e-4880-bea1-2ace3d4be56b#0
datanode_1  | 2019-11-16 17:26:51,662 INFO impl.LeaderElection: 903a6c84-bfd0-48d4-a420-eab1e4f94210@group-A445C52D1A01-LeaderElection2: begin an election at term 1 for -1: [903a6c84-bfd0-48d4-a420-eab1e4f94210:172.18.0.7:9858, 32fd2878-b52e-4880-bea1-2ace3d4be56b:172.18.0.4:9858, 9b8a869f-3ba8-4d00-9af9-088fc6c7ffa8:172.18.0.3:9858], old=null
s3g_1       | 	at java.base/java.lang.Thread.run(Thread.java:834)
datanode_3  | 	at org.apache.ratis.server.impl.RaftServerProxy$ImplMap.get(RaftServerProxy.java:122)
om_1        | 	at org.apache.hadoop.ozone.protocol.proto.OzoneManagerProtocolProtos$OzoneManagerService$2.callBlockingMethod(OzoneManagerProtocolProtos.java)
datanode_2  | org.apache.ratis.protocol.GroupMismatchException: 32fd2878-b52e-4880-bea1-2ace3d4be56b: group-A445C52D1A01 not found.
datanode_1  | 2019-11-16 17:26:51,738 INFO segmented.SegmentedRaftLogWorker: 903a6c84-bfd0-48d4-a420-eab1e4f94210@group-99FE919A4BBE-SegmentedRaftLogWorker: created new log segment /data/metadata/ratis/f68c55a8-2b6c-4eb7-b55a-99fe919a4bbe/current/log_inprogress_0
s3g_1       | 2019-11-16 17:29:10,880 ERROR endpoint.ObjectEndpoint: Error in Complete Multipart Upload Request for bucket: bucket-62703, key: multipartKey3
datanode_3  | 	at org.apache.ratis.server.impl.RaftServerProxy.getImplFuture(RaftServerProxy.java:269)
om_1        | 	at org.apache.hadoop.ipc.ProtobufRpcEngine$Server$ProtoBufRpcInvoker.call(ProtobufRpcEngine.java:524)
datanode_2  | 	at org.apache.ratis.server.impl.RaftServerProxy$ImplMap.get(RaftServerProxy.java:122)
datanode_1  | 2019-11-16 17:26:52,223 INFO impl.LeaderElection: 903a6c84-bfd0-48d4-a420-eab1e4f94210@group-A445C52D1A01-LeaderElection2 got exception when requesting votes: {}
s3g_1       | INVALID_PART org.apache.hadoop.ozone.om.exceptions.OMException: Complete Multipart Upload Failed: volume: s37c35ba70126b04fca007e4dbfab9c47cbucket: bucket-62703key: multipartKey3
om_1        | 	at org.apache.hadoop.ipc.RPC$Server.call(RPC.java:1025)
datanode_2  | 	at org.apache.ratis.server.impl.RaftServerProxy.getImplFuture(RaftServerProxy.java:269)
datanode_1  | java.util.concurrent.ExecutionException: org.apache.ratis.thirdparty.io.grpc.StatusRuntimeException: INTERNAL: 9b8a869f-3ba8-4d00-9af9-088fc6c7ffa8: group-A445C52D1A01 not found.
s3g_1       | 	at org.apache.hadoop.ozone.om.protocolPB.OzoneManagerProtocolClientSideTranslatorPB.handleError(OzoneManagerProtocolClientSideTranslatorPB.java:761)
datanode_3  | 	at org.apache.ratis.server.impl.RaftServerProxy.getImpl(RaftServerProxy.java:278)
om_1        | 	at org.apache.hadoop.ipc.Server$RpcCall.run(Server.java:876)
datanode_2  | 	at org.apache.ratis.server.impl.RaftServerProxy.getImpl(RaftServerProxy.java:278)
datanode_1  | 	at java.base/java.util.concurrent.FutureTask.report(FutureTask.java:122)
s3g_1       | 	at org.apache.hadoop.ozone.om.protocolPB.OzoneManagerProtocolClientSideTranslatorPB.completeMultipartUpload(OzoneManagerProtocolClientSideTranslatorPB.java:1133)
datanode_3  | 	at org.apache.ratis.server.impl.RaftServerProxy.getImpl(RaftServerProxy.java:273)
om_1        | 	at org.apache.hadoop.ipc.Server$RpcCall.run(Server.java:822)
datanode_2  | 	at org.apache.ratis.server.impl.RaftServerProxy.getImpl(RaftServerProxy.java:273)
s3g_1       | 	at java.base/jdk.internal.reflect.NativeMethodAccessorImpl.invoke0(Native Method)
datanode_3  | 	at org.apache.ratis.server.impl.RaftServerProxy.requestVote(RaftServerProxy.java:443)
om_1        | 	at java.base/java.security.AccessController.doPrivileged(Native Method)
datanode_2  | 	at org.apache.ratis.server.impl.RaftServerProxy.requestVote(RaftServerProxy.java:443)
s3g_1       | 	at java.base/jdk.internal.reflect.NativeMethodAccessorImpl.invoke(NativeMethodAccessorImpl.java:62)
datanode_1  | 	at java.base/java.util.concurrent.FutureTask.get(FutureTask.java:191)
datanode_3  | 	at org.apache.ratis.grpc.server.GrpcServerProtocolService.requestVote(GrpcServerProtocolService.java:142)
om_1        | 	at java.base/javax.security.auth.Subject.doAs(Subject.java:423)
datanode_2  | 	at org.apache.ratis.grpc.server.GrpcServerProtocolService.requestVote(GrpcServerProtocolService.java:142)
s3g_1       | 	at java.base/jdk.internal.reflect.DelegatingMethodAccessorImpl.invoke(DelegatingMethodAccessorImpl.java:43)
datanode_1  | 	at org.apache.ratis.server.impl.LeaderElection.waitForResults(LeaderElection.java:259)
datanode_3  | 	at org.apache.ratis.proto.grpc.RaftServerProtocolServiceGrpc$MethodHandlers.invoke(RaftServerProtocolServiceGrpc.java:319)
om_1        | 	at org.apache.hadoop.security.UserGroupInformation.doAs(UserGroupInformation.java:1730)
datanode_2  | 	at org.apache.ratis.proto.grpc.RaftServerProtocolServiceGrpc$MethodHandlers.invoke(RaftServerProtocolServiceGrpc.java:319)
s3g_1       | 	at java.base/java.lang.reflect.Method.invoke(Method.java:566)
datanode_1  | 	at org.apache.ratis.server.impl.LeaderElection.askForVotes(LeaderElection.java:197)
datanode_3  | 	at org.apache.ratis.thirdparty.io.grpc.stub.ServerCalls$UnaryServerCallHandler$UnaryServerCallListener.onHalfClose(ServerCalls.java:171)
om_1        | 	at org.apache.hadoop.ipc.Server$Handler.run(Server.java:2682)
datanode_2  | 	at org.apache.ratis.thirdparty.io.grpc.stub.ServerCalls$UnaryServerCallHandler$UnaryServerCallListener.onHalfClose(ServerCalls.java:171)
s3g_1       | 	at org.apache.hadoop.hdds.tracing.TraceAllMethod.invoke(TraceAllMethod.java:66)
datanode_1  | 	at org.apache.ratis.server.impl.LeaderElection.run(LeaderElection.java:133)
om_1        | 2019-11-16 17:29:16,563 ERROR multipart.S3MultipartUploadCompleteRequest: PartNumber at index 1 is 2, and its previous partNumber at index 0 is 4 for ozonekey is /s37c35ba70126b04fca007e4dbfab9c47c/bucket-62703/multipartKey3
datanode_2  | 	at org.apache.ratis.thirdparty.io.grpc.internal.ServerCallImpl$ServerStreamListenerImpl.halfClosed(ServerCallImpl.java:283)
s3g_1       | 	at com.sun.proxy.$Proxy84.completeMultipartUpload(Unknown Source)
datanode_3  | 	at org.apache.ratis.thirdparty.io.grpc.internal.ServerCallImpl$ServerStreamListenerImpl.halfClosed(ServerCallImpl.java:283)
datanode_1  | 	at java.base/java.lang.Thread.run(Thread.java:834)
om_1        | 2019-11-16 17:29:16,564 ERROR multipart.S3MultipartUploadCompleteRequest: MultipartUpload Complete request failed for Key: multipartKey3 in Volume/Bucket s37c35ba70126b04fca007e4dbfab9c47c/bucket-62703
s3g_1       | 	at org.apache.hadoop.ozone.client.rpc.RpcClient.completeMultipartUpload(RpcClient.java:913)
datanode_3  | 	at org.apache.ratis.thirdparty.io.grpc.internal.ServerImpl$JumpToApplicationThreadServerStreamListener$1HalfClosed.runInContext(ServerImpl.java:710)
datanode_1  | Caused by: org.apache.ratis.thirdparty.io.grpc.StatusRuntimeException: INTERNAL: 9b8a869f-3ba8-4d00-9af9-088fc6c7ffa8: group-A445C52D1A01 not found.
datanode_2  | 	at org.apache.ratis.thirdparty.io.grpc.internal.ServerImpl$JumpToApplicationThreadServerStreamListener$1HalfClosed.runInContext(ServerImpl.java:710)
s3g_1       | 	at org.apache.hadoop.ozone.client.OzoneBucket.completeMultipartUpload(OzoneBucket.java:445)
datanode_3  | 	at org.apache.ratis.thirdparty.io.grpc.internal.ContextRunnable.run(ContextRunnable.java:37)
om_1        | INVALID_PART_ORDER org.apache.hadoop.ozone.om.exceptions.OMException: Complete Multipart Upload Failed: volume: s37c35ba70126b04fca007e4dbfab9c47cbucket: bucket-62703key: multipartKey3because parts are in Invalid order.
datanode_1  | 	at org.apache.ratis.thirdparty.io.grpc.stub.ClientCalls.toStatusRuntimeException(ClientCalls.java:233)
datanode_2  | 	at org.apache.ratis.thirdparty.io.grpc.internal.ContextRunnable.run(ContextRunnable.java:37)
s3g_1       | 	at org.apache.hadoop.ozone.s3.endpoint.ObjectEndpoint.completeMultipartUpload(ObjectEndpoint.java:500)
datanode_1  | 	at org.apache.ratis.thirdparty.io.grpc.stub.ClientCalls.getUnchecked(ClientCalls.java:214)
datanode_2  | 	at org.apache.ratis.thirdparty.io.grpc.internal.SerializingExecutor.run(SerializingExecutor.java:123)
s3g_1       | 	at java.base/jdk.internal.reflect.NativeMethodAccessorImpl.invoke0(Native Method)
datanode_1  | 	at org.apache.ratis.thirdparty.io.grpc.stub.ClientCalls.blockingUnaryCall(ClientCalls.java:139)
datanode_2  | 	at java.base/java.util.concurrent.ThreadPoolExecutor.runWorker(ThreadPoolExecutor.java:1128)
s3g_1       | 	at java.base/jdk.internal.reflect.NativeMethodAccessorImpl.invoke(NativeMethodAccessorImpl.java:62)
om_1        | 	at org.apache.hadoop.ozone.om.request.s3.multipart.S3MultipartUploadCompleteRequest.validateAndUpdateCache(S3MultipartUploadCompleteRequest.java:164)
datanode_1  | 	at org.apache.ratis.proto.grpc.RaftServerProtocolServiceGrpc$RaftServerProtocolServiceBlockingStub.requestVote(RaftServerProtocolServiceGrpc.java:265)
datanode_2  | 	at java.base/java.util.concurrent.ThreadPoolExecutor$Worker.run(ThreadPoolExecutor.java:628)
s3g_1       | 	at java.base/jdk.internal.reflect.DelegatingMethodAccessorImpl.invoke(DelegatingMethodAccessorImpl.java:43)
datanode_1  | 	at org.apache.ratis.grpc.server.GrpcServerProtocolClient.requestVote(GrpcServerProtocolClient.java:99)
datanode_2  | 	at java.base/java.lang.Thread.run(Thread.java:834)
datanode_3  | 	at org.apache.ratis.thirdparty.io.grpc.internal.SerializingExecutor.run(SerializingExecutor.java:123)
om_1        | 	at org.apache.hadoop.ozone.protocolPB.OzoneManagerProtocolServerSideTranslatorPB.submitRequestDirectlyToOM(OzoneManagerProtocolServerSideTranslatorPB.java:217)
s3g_1       | 	at java.base/java.lang.reflect.Method.invoke(Method.java:566)
datanode_1  | 	at org.apache.ratis.grpc.server.GrpcService.requestVote(GrpcService.java:204)
datanode_2  | 2019-11-16 17:27:12,811 WARN server.GrpcServerProtocolService: 32fd2878-b52e-4880-bea1-2ace3d4be56b: Failed requestVote 903a6c84-bfd0-48d4-a420-eab1e4f94210->32fd2878-b52e-4880-bea1-2ace3d4be56b#0
datanode_3  | 	at java.base/java.util.concurrent.ThreadPoolExecutor.runWorker(ThreadPoolExecutor.java:1128)
om_1        | 	at org.apache.hadoop.ozone.protocolPB.OzoneManagerProtocolServerSideTranslatorPB.processRequest(OzoneManagerProtocolServerSideTranslatorPB.java:132)
datanode_1  | 	at org.apache.ratis.server.impl.LeaderElection.lambda$submitRequests$1(LeaderElection.java:234)
s3g_1       | 	at org.glassfish.jersey.server.model.internal.ResourceMethodInvocationHandlerFactory.lambda$static$0(ResourceMethodInvocationHandlerFactory.java:76)
datanode_2  | org.apache.ratis.protocol.GroupMismatchException: 32fd2878-b52e-4880-bea1-2ace3d4be56b: group-A445C52D1A01 not found.
om_1        | 	at org.apache.hadoop.hdds.server.OzoneProtocolMessageDispatcher.processRequest(OzoneProtocolMessageDispatcher.java:72)
datanode_1  | 	at java.base/java.util.concurrent.FutureTask.run(FutureTask.java:264)
s3g_1       | 	at org.glassfish.jersey.server.model.internal.AbstractJavaResourceMethodDispatcher$1.run(AbstractJavaResourceMethodDispatcher.java:148)
datanode_3  | 	at java.base/java.util.concurrent.ThreadPoolExecutor$Worker.run(ThreadPoolExecutor.java:628)
datanode_2  | 	at org.apache.ratis.server.impl.RaftServerProxy$ImplMap.get(RaftServerProxy.java:122)
om_1        | 	at org.apache.hadoop.ozone.protocolPB.OzoneManagerProtocolServerSideTranslatorPB.submitRequest(OzoneManagerProtocolServerSideTranslatorPB.java:100)
datanode_1  | 	at java.base/java.util.concurrent.Executors$RunnableAdapter.call(Executors.java:515)
s3g_1       | 	at org.glassfish.jersey.server.model.internal.AbstractJavaResourceMethodDispatcher.invoke(AbstractJavaResourceMethodDispatcher.java:191)
datanode_3  | 	at java.base/java.lang.Thread.run(Thread.java:834)
datanode_2  | 	at org.apache.ratis.server.impl.RaftServerProxy.getImplFuture(RaftServerProxy.java:269)
om_1        | 	at org.apache.hadoop.ozone.protocol.proto.OzoneManagerProtocolProtos$OzoneManagerService$2.callBlockingMethod(OzoneManagerProtocolProtos.java)
datanode_1  | 	at java.base/java.util.concurrent.FutureTask.run(FutureTask.java:264)
s3g_1       | 	at org.glassfish.jersey.server.model.internal.JavaResourceMethodDispatcherProvider$ResponseOutInvoker.doDispatch(JavaResourceMethodDispatcherProvider.java:200)
datanode_3  | 2019-11-16 17:27:12,812 WARN server.GrpcServerProtocolService: 9b8a869f-3ba8-4d00-9af9-088fc6c7ffa8: Failed requestVote 903a6c84-bfd0-48d4-a420-eab1e4f94210->9b8a869f-3ba8-4d00-9af9-088fc6c7ffa8#0
om_1        | 	at org.apache.hadoop.ipc.ProtobufRpcEngine$Server$ProtoBufRpcInvoker.call(ProtobufRpcEngine.java:524)
datanode_2  | 	at org.apache.ratis.server.impl.RaftServerProxy.getImpl(RaftServerProxy.java:278)
datanode_1  | 	at java.base/java.util.concurrent.ThreadPoolExecutor.runWorker(ThreadPoolExecutor.java:1128)
s3g_1       | 	at org.glassfish.jersey.server.model.internal.AbstractJavaResourceMethodDispatcher.dispatch(AbstractJavaResourceMethodDispatcher.java:103)
datanode_3  | org.apache.ratis.protocol.GroupMismatchException: 9b8a869f-3ba8-4d00-9af9-088fc6c7ffa8: group-A445C52D1A01 not found.
om_1        | 	at org.apache.hadoop.ipc.RPC$Server.call(RPC.java:1025)
datanode_2  | 	at org.apache.ratis.server.impl.RaftServerProxy.getImpl(RaftServerProxy.java:273)
datanode_1  | 	at java.base/java.util.concurrent.ThreadPoolExecutor$Worker.run(ThreadPoolExecutor.java:628)
s3g_1       | 	at org.glassfish.jersey.server.model.ResourceMethodInvoker.invoke(ResourceMethodInvoker.java:493)
datanode_3  | 	at org.apache.ratis.server.impl.RaftServerProxy$ImplMap.get(RaftServerProxy.java:122)
om_1        | 	at org.apache.hadoop.ipc.Server$RpcCall.run(Server.java:876)
datanode_2  | 	at org.apache.ratis.server.impl.RaftServerProxy.requestVote(RaftServerProxy.java:443)
datanode_1  | 	... 1 more
s3g_1       | 	at org.glassfish.jersey.server.model.ResourceMethodInvoker.apply(ResourceMethodInvoker.java:415)
om_1        | 	at org.apache.hadoop.ipc.Server$RpcCall.run(Server.java:822)
