nm_1        | 2019-11-15 21:34:01 INFO  NodeManager:51 - registered UNIX signal handlers for [TERM, HUP, INT]
kdc_1       | Nov 15 21:33:47 kdc kadmind[15](info): closing down fd 18
om_1        | STARTUP_MSG:   version = 3.2.0
rm_1        | 2019-11-15 21:34:01 INFO  ResourceManager:49 - registered UNIX signal handlers for [TERM, HUP, INT]
jhs         | ************************************************************/
datanode_3  | 2019-11-15 21:34:08,213 INFO server.RaftServerConfigKeys: raft.server.rpc.request.timeout = 3000ms (default)
scm_1       | 2019-11-15 21:34:05,570 INFO net.NodeSchemaLoader: Loading file from java.lang.CompoundEnumeration@2d7e1102
datanode_1  | 2019-11-15 21:34:08,181 INFO server.GrpcService: raft.grpc.flow.control.window = 1MB (=1048576) (default)
datanode_2  | 2019-11-15 21:34:08,495 INFO util.log: Logging initialized @10128ms
nm_1        | 2019-11-15 21:34:01 INFO  NodeManager:357 - Node Manager health check script is not available or doesn't have execute permission, so not starting the node health script runner.
kdc_1       | Nov 15 21:33:47 kdc kadmind[15](Notice): Request: kadm5_init, admin/admin@EXAMPLE.COM, success, client=admin/admin@EXAMPLE.COM, service=kadmin/admin@EXAMPLE.COM, addr=127.0.0.1, vers=4, flavor=6
rm_1        | 2019-11-15 21:34:01 INFO  Configuration:2755 - found resource core-site.xml at file:/opt/hadoop/etc/hadoop/core-site.xml
jhs         | 2019-11-15 21:34:01 INFO  ApplicationHistoryServer:51 - registered UNIX signal handlers for [TERM, HUP, INT]
datanode_3  | 2019-11-15 21:34:08,341 INFO server.RaftServerConfigKeys: raft.server.storage.dir = [/data/metadata/ratis] (custom)
scm_1       | 2019-11-15 21:34:05,571 INFO net.NodeSchemaLoader: Loading network topology layer schema file
datanode_1  | 2019-11-15 21:34:08,181 INFO server.RaftServerConfigKeys: raft.server.rpc.request.timeout = 3000ms (default)
datanode_2  | 2019-11-15 21:34:08,584 INFO server.AuthenticationFilter: Unable to initialize FileSignerSecretProvider, falling back to use random secrets.
kdc_1       | Nov 15 21:33:47 kdc kadmind[15](Notice): Request: kadm5_get_policy, default, Policy does not exist, client=admin/admin@EXAMPLE.COM, service=kadmin/admin@EXAMPLE.COM, addr=127.0.0.1
nm_1        | 2019-11-15 21:34:02 INFO  AsyncDispatcher:223 - Registering class org.apache.hadoop.yarn.server.nodemanager.containermanager.container.ContainerEventType for class org.apache.hadoop.yarn.server.nodemanager.containermanager.ContainerManagerImpl$ContainerEventDispatcher
om_1        | STARTUP_MSG:   classpath = /etc/hadoop:/opt/hadoop/share/hadoop/common/*:/opt/hadoop/share/ozone/lib/kerb-simplekdc-1.0.1.jar:/opt/hadoop/share/ozone/lib/protobuf-java-2.5.0.jar:/opt/hadoop/share/ozone/lib/bcpkix-jdk15on-1.60.jar:/opt/hadoop/share/ozone/lib/sqlite-jdbc-3.25.2.jar:/opt/hadoop/share/ozone/lib/netty-3.10.5.Final.jar:/opt/hadoop/share/ozone/lib/commons-validator-1.6.jar:/opt/hadoop/share/ozone/lib/jaxb-impl-2.3.0.1.jar:/opt/hadoop/share/ozone/lib/kerb-core-1.0.1.jar:/opt/hadoop/share/ozone/lib/hadoop-ozone-common-0.5.0-SNAPSHOT.jar:/opt/hadoop/share/ozone/lib/ratis-thirdparty-misc-0.2.0.jar:/opt/hadoop/share/ozone/lib/jsr305-3.0.0.jar:/opt/hadoop/share/ozone/lib/leveldbjni-all-1.8.jar:/opt/hadoop/share/ozone/lib/htrace-core4-4.1.0-incubating.jar:/opt/hadoop/share/ozone/lib/hadoop-annotations-3.2.0.jar:/opt/hadoop/share/ozone/lib/hadoop-hdds-tools-0.5.0-SNAPSHOT.jar:/opt/hadoop/share/ozone/lib/kerb-util-1.0.1.jar:/opt/hadoop/share/ozone/lib/jackson-jaxrs-1.9.13.jar:/opt/hadoop/share/ozone/lib/ratis-server-0.5.0-d6d58d0-SNAPSHOT.jar:/opt/hadoop/share/ozone/lib/kerby-xdr-1.0.1.jar:/opt/hadoop/share/ozone/lib/jetty-webapp-9.3.25.v20180904.jar:/opt/hadoop/share/ozone/lib/jackson-core-asl-1.9.13.jar:/opt/hadoop/share/ozone/lib/commons-net-3.6.jar:/opt/hadoop/share/ozone/lib/log4j-api-2.11.0.jar:/opt/hadoop/share/ozone/lib/netty-all-4.0.52.Final.jar:/opt/hadoop/share/ozone/lib/hadoop-hdfs-3.2.0.jar:/opt/hadoop/share/ozone/lib/jline-0.9.94.jar:/opt/hadoop/share/ozone/lib/opentracing-api-0.31.0.jar:/opt/hadoop/share/ozone/lib/hadoop-hdds-server-framework-0.5.0-SNAPSHOT.jar:/opt/hadoop/share/ozone/lib/slf4j-log4j12-1.7.25.jar:/opt/hadoop/share/ozone/lib/hadoop-hdfs-client-3.2.0.jar:/opt/hadoop/share/ozone/lib/kerby-config-1.0.1.jar:/opt/hadoop/share/ozone/lib/jetty-util-9.3.25.v20180904.jar:/opt/hadoop/share/ozone/lib/libthrift-0.12.0.jar:/opt/hadoop/share/ozone/lib/metrics-core-3.2.4.jar:/opt/hadoop/share/ozone/lib/kerby-pkix-1.0.1.jar:/opt/hadoop/share/ozone/lib/xz-1.0.jar:/opt/hadoop/share/ozone/lib/hadoop-hdds-config-0.5.0-SNAPSHOT.jar:/opt/hadoop/share/ozone/lib/nimbus-jose-jwt-4.41.1.jar:/opt/hadoop/share/ozone/lib/jsr311-api-1.1.1.jar:/opt/hadoop/share/ozone/lib/commons-beanutils-1.9.4.jar:/opt/hadoop/share/ozone/lib/ratis-grpc-0.5.0-d6d58d0-SNAPSHOT.jar:/opt/hadoop/share/ozone/lib/ratis-netty-0.5.0-d6d58d0-SNAPSHOT.jar:/opt/hadoop/share/ozone/lib/javax.servlet-api-3.1.0.jar:/opt/hadoop/share/ozone/lib/kerb-server-1.0.1.jar:/opt/hadoop/share/ozone/lib/zookeeper-3.4.13.jar:/opt/hadoop/share/ozone/lib/avro-1.7.7.jar:/opt/hadoop/share/ozone/lib/kerb-client-1.0.1.jar:/opt/hadoop/share/ozone/lib/jackson-xc-1.9.13.jar:/opt/hadoop/share/ozone/lib/disruptor-3.4.2.jar:/opt/hadoop/share/ozone/lib/guava-11.0.2.jar:/opt/hadoop/share/ozone/lib/ratis-client-0.5.0-d6d58d0-SNAPSHOT.jar:/opt/hadoop/share/ozone/lib/hadoop-hdds-common-0.5.0-SNAPSHOT.jar:/opt/hadoop/share/ozone/lib/curator-framework-2.12.0.jar:/opt/hadoop/share/ozone/lib/dnsjava-2.1.7.jar:/opt/hadoop/share/ozone/lib/commons-configuration2-2.1.1.jar:/opt/hadoop/share/ozone/lib/json-smart-2.3.jar:/opt/hadoop/share/ozone/lib/token-provider-1.0.1.jar:/opt/hadoop/share/ozone/lib/log4j-1.2.17.jar:/opt/hadoop/share/ozone/lib/commons-daemon-1.0.13.jar:/opt/hadoop/share/ozone/lib/bcprov-jdk15on-1.60.jar:/opt/hadoop/share/ozone/lib/ratis-metrics-0.5.0-d6d58d0-SNAPSHOT.jar:/opt/hadoop/share/ozone/lib/commons-lang3-3.7.jar:/opt/hadoop/share/ozone/lib/commons-compress-1.4.1.jar:/opt/hadoop/share/ozone/lib/jaeger-client-0.34.0.jar:/opt/hadoop/share/ozone/lib/jetty-server-9.3.25.v20180904.jar:/opt/hadoop/share/ozone/lib/accessors-smart-1.2.jar:/opt/hadoop/share/ozone/lib/re2j-1.1.jar:/opt/hadoop/share/ozone/lib/curator-recipes-2.12.0.jar:/opt/hadoop/share/ozone/lib/jackson-core-2.9.9.jar:/opt/hadoop/share/ozone/lib/commons-math3-3.1.1.jar:/opt/hadoop/share/ozone/lib/opentracing-noop-0.31.0.jar:/opt/hadoop/share/ozone/lib/httpclient-4.5.2.jar:/opt/hadoop/share/ozone/lib/jaeger-core-0.34.0.jar:/opt/hadoop/share/ozone/lib/asm-5.0.4.jar:/opt/hadoop/share/ozone/lib/curator-client-2.12.0.jar:/opt/hadoop/share/ozone/lib/audience-annotations-0.5.0.jar:/opt/hadoop/share/ozone/lib/kerby-util-1.0.1.jar:/opt/hadoop/share/ozone/lib/jackson-mapper-asl-1.9.13.jar:/opt/hadoop/share/ozone/lib/rocksdbjni-6.0.1.jar:/opt/hadoop/share/ozone/lib/jsp-api-2.1.jar:/opt/hadoop/share/ozone/lib/jsch-0.1.54.jar:/opt/hadoop/share/ozone/lib/opentracing-tracerresolver-0.1.5.jar:/opt/hadoop/share/ozone/lib/paranamer-2.3.jar:/opt/hadoop/share/ozone/lib/log4j-core-2.11.0.jar:/opt/hadoop/share/ozone/lib/jetty-io-9.3.25.v20180904.jar:/opt/hadoop/share/ozone/lib/jetty-xml-9.3.25.v20180904.jar:/opt/hadoop/share/ozone/lib/commons-codec-1.11.jar:/opt/hadoop/share/ozone/lib/commons-pool2-2.6.0.jar:/opt/hadoop/share/ozone/lib/gson-2.2.4.jar:/opt/hadoop/share/ozone/lib/jcip-annotations-1.0-1.jar:/opt/hadoop/share/ozone/lib/kerb-admin-1.0.1.jar:/opt/hadoop/share/ozone/lib/okio-1.13.0.jar:/opt/hadoop/share/ozone/lib/commons-io-2.5.jar:/opt/hadoop/share/ozone/lib/snakeyaml-1.16.jar:/opt/hadoop/share/ozone/lib/hadoop-ozone-client-0.5.0-SNAPSHOT.jar:/opt/hadoop/share/ozone/lib/jersey-core-1.19.jar:/opt/hadoop/share/ozone/lib/jackson-databind-2.9.9.jar:/opt/hadoop/share/ozone/lib/hadoop-hdds-container-service-0.5.0-SNAPSHOT.jar:/opt/hadoop/share/ozone/lib/picocli-3.9.6.jar:/opt/hadoop/share/ozone/lib/jaeger-thrift-0.34.0.jar:/opt/hadoop/share/ozone/lib/ratis-common-0.5.0-d6d58d0-SNAPSHOT.jar:/opt/hadoop/share/ozone/lib/jackson-annotations-2.9.9.jar:/opt/hadoop/share/ozone/lib/commons-cli-1.2.jar:/opt/hadoop/share/ozone/lib/hadoop-hdds-docs-0.5.0-SNAPSHOT.jar:/opt/hadoop/share/ozone/lib/woodstox-core-5.0.3.jar:/opt/hadoop/share/ozone/lib/javax.annotation-api-1.2.jar:/opt/hadoop/share/ozone/lib/snappy-java-1.0.5.jar:/opt/hadoop/share/ozone/lib/jaeger-tracerresolver-0.34.0.jar:/opt/hadoop/share/ozone/lib/jetty-security-9.3.25.v20180904.jar:/opt/hadoop/share/ozone/lib/jetty-http-9.3.25.v20180904.jar:/opt/hadoop/share/ozone/lib/kerby-asn1-1.0.1.jar:/opt/hadoop/share/ozone/lib/okhttp-3.9.0.jar:/opt/hadoop/share/ozone/lib/stax2-api-3.1.4.jar:/opt/hadoop/share/ozone/lib/commons-digester-1.8.1.jar:/opt/hadoop/share/ozone/lib/commons-collections-3.2.2.jar:/opt/hadoop/share/ozone/lib/jettison-1.1.jar:/opt/hadoop/share/ozone/lib/commons-text-1.4.jar:/opt/hadoop/share/ozone/lib/jersey-servlet-1.19.jar:/opt/hadoop/share/ozone/lib/jersey-json-1.19.jar:/opt/hadoop/share/ozone/lib/slf4j-api-1.7.25.jar:/opt/hadoop/share/ozone/lib/jetty-util-ajax-9.3.25.v20180904.jar:/opt/hadoop/share/ozone/lib/commons-logging-1.1.3.jar:/opt/hadoop/share/ozone/lib/hadoop-hdds-client-0.5.0-SNAPSHOT.jar:/opt/hadoop/share/ozone/lib/kerb-identity-1.0.1.jar:/opt/hadoop/share/ozone/lib/ratis-proto-0.5.0-d6d58d0-SNAPSHOT.jar:/opt/hadoop/share/ozone/lib/opentracing-util-0.31.0.jar:/opt/hadoop/share/ozone/lib/hadoop-common-3.2.0.jar:/opt/hadoop/share/ozone/lib/hadoop-auth-3.2.0.jar:/opt/hadoop/share/ozone/lib/kerb-common-1.0.1.jar:/opt/hadoop/share/ozone/lib/jetty-servlet-9.3.25.v20180904.jar:/opt/hadoop/share/ozone/lib/jersey-server-1.19.jar:/opt/hadoop/share/ozone/lib/kerb-crypto-1.0.1.jar:/opt/hadoop/share/ozone/lib/httpcore-4.4.4.jar:/opt/hadoop/share/ozone/web:/opt/hadoop/share/ozone/lib/hadoop-ozone-ozone-manager-0.5.0-SNAPSHOT.jar
rm_1        | 2019-11-15 21:34:02 INFO  Configuration:2752 - resource-types.xml not found
jhs         | 2019-11-15 21:34:02 INFO  UserGroupInformation:1009 - Login successful for user jhs/jhs@EXAMPLE.COM using keytab file /etc/security/keytabs/jhs.keytab
datanode_3  | 2019-11-15 21:34:08,408 INFO hdfs.DFSUtil: Starting web server as: HTTP/290ed7d09e19@EXAMPLE.COM
scm_1       | 2019-11-15 21:34:05,664 INFO node.SCMNodeManager: Entering startup safe mode.
datanode_1  | 2019-11-15 21:34:08,321 INFO server.RaftServerConfigKeys: raft.server.storage.dir = [/data/metadata/ratis] (custom)
datanode_2  | 2019-11-15 21:34:08,586 INFO http.HttpRequestLog: Http request log for http.requests.hddsDatanode is not defined
kdc_1       | Nov 15 21:33:47 kdc kadmind[15](Notice): Request: kadm5_create_principal, scm/f2f7f5df09e1@EXAMPLE.COM, success, client=admin/admin@EXAMPLE.COM, service=kadmin/admin@EXAMPLE.COM, addr=127.0.0.1
nm_1        | 2019-11-15 21:34:02 INFO  AsyncDispatcher:223 - Registering class org.apache.hadoop.yarn.server.nodemanager.containermanager.application.ApplicationEventType for class org.apache.hadoop.yarn.server.nodemanager.containermanager.ContainerManagerImpl$ApplicationEventDispatcher
om_1        | STARTUP_MSG:   build = https://github.com/apache/hadoop.git -r e97acb3bd8f3befd27418996fa5d4b50bf2e17bf; compiled by 'sunilg' on 2019-01-15T17:34Z
jhs         | 2019-11-15 21:34:02 INFO  MetricsConfig:118 - Loaded properties from hadoop-metrics2.properties
rm_1        | 2019-11-15 21:34:02 INFO  ResourceUtils:419 - Unable to find 'resource-types.xml'.
scm_1       | 2019-11-15 21:34:05,803 INFO algorithms.ContainerPlacementPolicyFactory: Create container placement policy of type org.apache.hadoop.hdds.scm.container.placement.algorithms.SCMContainerPlacementRandom
datanode_1  | 2019-11-15 21:34:08,388 INFO hdfs.DFSUtil: Starting web server as: HTTP/4334c7a7a417@EXAMPLE.COM
datanode_3  | 2019-11-15 21:34:08,408 INFO hdfs.DFSUtil: Starting Web-server for hddsDatanode at: http://0.0.0.0:9882
datanode_2  | 2019-11-15 21:34:08,593 INFO http.HttpServer2: Added global filter 'safety' (class=org.apache.hadoop.http.HttpServer2$QuotingInputFilter)
kdc_1       | Nov 15 21:33:47 kdc kadmind[15](info): closing down fd 18
nm_1        | 2019-11-15 21:34:02 INFO  AsyncDispatcher:223 - Registering class org.apache.hadoop.yarn.server.nodemanager.containermanager.localizer.event.LocalizationEventType for class org.apache.hadoop.yarn.server.nodemanager.containermanager.ContainerManagerImpl$LocalizationEventHandlerWrapper
om_1        | STARTUP_MSG:   java = 11.0.3
jhs         | 2019-11-15 21:34:02 INFO  MetricsSystemImpl:374 - Scheduled Metric snapshot period at 10 second(s).
scm_1       | 2019-11-15 21:34:05,815 WARN server.ServerUtils: ozone.scm.db.dirs is not configured. We recommend adding this setting. Falling back to ozone.metadata.dirs instead.
rm_1        | 2019-11-15 21:34:02 INFO  Configuration:2755 - found resource yarn-site.xml at file:/opt/hadoop/etc/hadoop/yarn-site.xml
datanode_1  | 2019-11-15 21:34:08,388 INFO hdfs.DFSUtil: Starting Web-server for hddsDatanode at: http://0.0.0.0:9882
datanode_3  | 2019-11-15 21:34:08,428 INFO util.log: Logging initialized @9053ms
datanode_2  | 2019-11-15 21:34:08,597 INFO http.HttpServer2: Added filter static_user_filter (class=org.apache.hadoop.http.lib.StaticUserWebFilter$StaticUserFilter) to context hddsDatanode
kdc_1       | Nov 15 21:33:47 kdc kadmind[15](Notice): Request: kadm5_init, admin/admin@EXAMPLE.COM, success, client=admin/admin@EXAMPLE.COM, service=kadmin/admin@EXAMPLE.COM, addr=127.0.0.1, vers=4, flavor=6
nm_1        | 2019-11-15 21:34:02 INFO  AsyncDispatcher:223 - Registering class org.apache.hadoop.yarn.server.nodemanager.containermanager.AuxServicesEventType for class org.apache.hadoop.yarn.server.nodemanager.containermanager.AuxServices
om_1        | ************************************************************/
jhs         | 2019-11-15 21:34:02 INFO  MetricsSystemImpl:191 - ApplicationHistoryServer metrics system started
scm_1       | 2019-11-15 21:34:05,965 INFO pipeline.SCMPipelineManager: No pipeline exists in current db
rm_1        | 2019-11-15 21:34:02 INFO  UserGroupInformation:1009 - Login successful for user rm/rm@EXAMPLE.COM using keytab file /etc/security/keytabs/rm.keytab
datanode_1  | 2019-11-15 21:34:08,408 INFO util.log: Logging initialized @9713ms
datanode_3  | 2019-11-15 21:34:08,510 INFO server.AuthenticationFilter: Unable to initialize FileSignerSecretProvider, falling back to use random secrets.
datanode_2  | 2019-11-15 21:34:08,597 INFO http.HttpServer2: Added filter static_user_filter (class=org.apache.hadoop.http.lib.StaticUserWebFilter$StaticUserFilter) to context static
kdc_1       | Nov 15 21:33:47 kdc kadmind[15](Notice): Request: kadm5_randkey_principal, scm/f2f7f5df09e1@EXAMPLE.COM, success, client=admin/admin@EXAMPLE.COM, service=kadmin/admin@EXAMPLE.COM, addr=127.0.0.1
nm_1        | 2019-11-15 21:34:02 INFO  AsyncDispatcher:223 - Registering class org.apache.hadoop.yarn.server.nodemanager.containermanager.monitor.ContainersMonitorEventType for class org.apache.hadoop.yarn.server.nodemanager.containermanager.monitor.ContainersMonitorImpl
om_1        | 2019-11-15 21:34:09,709 INFO om.OzoneManagerStarter: registered UNIX signal handlers for [TERM, HUP, INT]
jhs         | 2019-11-15 21:34:02 INFO  LeveldbTimelineStore:244 - Using leveldb path /tmp/hadoop-hadoop/yarn/timeline/leveldb-timeline-store.ldb
scm_1       | 2019-11-15 21:34:05,967 WARN server.ServerUtils: ozone.scm.db.dirs is not configured. We recommend adding this setting. Falling back to ozone.metadata.dirs instead.
rm_1        | 2019-11-15 21:34:02 INFO  AsyncDispatcher:223 - Registering class org.apache.hadoop.yarn.server.resourcemanager.RMFatalEventType for class org.apache.hadoop.yarn.server.resourcemanager.ResourceManager$RMFatalEventDispatcher
datanode_1  | 2019-11-15 21:34:08,494 INFO server.AuthenticationFilter: Unable to initialize FileSignerSecretProvider, falling back to use random secrets.
datanode_3  | 2019-11-15 21:34:08,513 INFO http.HttpRequestLog: Http request log for http.requests.hddsDatanode is not defined
datanode_2  | 2019-11-15 21:34:08,598 INFO http.HttpServer2: Added filter static_user_filter (class=org.apache.hadoop.http.lib.StaticUserWebFilter$StaticUserFilter) to context logs
kdc_1       | Nov 15 21:33:47 kdc kadmind[15](Notice): Request: kadm5_get_principal, scm/f2f7f5df09e1@EXAMPLE.COM, success, client=admin/admin@EXAMPLE.COM, service=kadmin/admin@EXAMPLE.COM, addr=127.0.0.1
nm_1        | 2019-11-15 21:34:02 INFO  AsyncDispatcher:223 - Registering class org.apache.hadoop.yarn.server.nodemanager.containermanager.launcher.ContainersLauncherEventType for class org.apache.hadoop.yarn.server.nodemanager.containermanager.launcher.ContainersLauncher
om_1        | 2019-11-15 21:34:10,546 INFO ha.OMHANodeDetails: Configuration either no ozone.om.address set. Falling back to the default OM address om/172.19.0.7:9862
jhs         | 2019-11-15 21:34:02 INFO  LeveldbTimelineStore:1620 - Loaded timeline store version info 1.0
scm_1       | 2019-11-15 21:34:06,093 INFO safemode.HealthyPipelineSafeModeRule:  Total pipeline count is 0, healthy pipeline threshold count is 1
rm_1        | 2019-11-15 21:34:02 INFO  NMTokenSecretManagerInRM:75 - NMTokenKeyRollingInterval: 86400000ms and NMTokenKeyActivationDelay: 900000ms
datanode_1  | 2019-11-15 21:34:08,497 INFO http.HttpRequestLog: Http request log for http.requests.hddsDatanode is not defined
datanode_3  | 2019-11-15 21:34:08,523 INFO http.HttpServer2: Added global filter 'safety' (class=org.apache.hadoop.http.HttpServer2$QuotingInputFilter)
datanode_2  | 2019-11-15 21:34:08,628 INFO http.HttpServer2: Jetty bound to port 9882
kdc_1       | Nov 15 21:33:47 kdc kadmind[15](info): closing down fd 18
nm_1        | 2019-11-15 21:34:02 INFO  AsyncDispatcher:223 - Registering class org.apache.hadoop.yarn.server.nodemanager.containermanager.scheduler.ContainerSchedulerEventType for class org.apache.hadoop.yarn.server.nodemanager.containermanager.scheduler.ContainerScheduler
om_1        | 2019-11-15 21:34:10,546 INFO ha.OMHANodeDetails: OM Service ID is not set. Setting it to the default ID: omServiceIdDefault
jhs         | 2019-11-15 21:34:02 INFO  LeveldbTimelineStore:310 - Starting deletion thread with ttl 604800000 and cycle interval 300000
scm_1       | 2019-11-15 21:34:06,096 INFO safemode.OneReplicaPipelineSafeModeRule: Total pipeline count is 0, pipeline's with at least one datanode reported threshold count is 0
rm_1        | 2019-11-15 21:34:02 INFO  RMContainerTokenSecretManager:81 - ContainerTokenKeyRollingInterval: 86400000ms and ContainerTokenKeyActivationDelay: 900000ms
datanode_1  | 2019-11-15 21:34:08,504 INFO http.HttpServer2: Added global filter 'safety' (class=org.apache.hadoop.http.HttpServer2$QuotingInputFilter)
datanode_3  | 2019-11-15 21:34:08,525 INFO http.HttpServer2: Added filter static_user_filter (class=org.apache.hadoop.http.lib.StaticUserWebFilter$StaticUserFilter) to context hddsDatanode
datanode_2  | 2019-11-15 21:34:08,629 INFO server.Server: jetty-9.3.25.v20180904, build timestamp: 2018-09-04T21:11:46Z, git hash: 3ce520221d0240229c862b122d2b06c12a625732
kdc_1       | Nov 15 21:33:47 kdc kadmind[15](Notice): Request: kadm5_init, admin/admin@EXAMPLE.COM, success, client=admin/admin@EXAMPLE.COM, service=kadmin/admin@EXAMPLE.COM, addr=127.0.0.1, vers=4, flavor=6
nm_1        | 2019-11-15 21:34:02 INFO  NMLogAggregationStatusTracker:89 - the rolling interval seconds for the NodeManager Cached Log aggregation status is 600
om_1        | 2019-11-15 21:34:10,551 WARN server.ServerUtils: ozone.om.db.dirs is not configured. We recommend adding this setting. Falling back to ozone.metadata.dirs instead.
jhs         | 2019-11-15 21:34:02 INFO  LeveldbTimelineStore:1560 - Discarded 0 entities for timestamp 1573248842634 and earlier in 0.0 seconds
scm_1       | 2019-11-15 21:34:06,096 WARN events.EventQueue: No event handler registered for event TypedEvent{payloadType=SafeModeStatus, name='SafeModeStatus'}
rm_1        | 2019-11-15 21:34:02 INFO  AMRMTokenSecretManager:94 - AMRMTokenKeyRollingInterval: 86400000ms and AMRMTokenKeyActivationDelay: 900000 ms
datanode_3  | 2019-11-15 21:34:08,526 INFO http.HttpServer2: Added filter static_user_filter (class=org.apache.hadoop.http.lib.StaticUserWebFilter$StaticUserFilter) to context logs
datanode_2  | 2019-11-15 21:34:08,657 INFO handler.ContextHandler: Started o.e.j.s.ServletContextHandler@2e71240b{/logs,file:///var/log/hadoop/,AVAILABLE}
kdc_1       | Nov 15 21:33:47 kdc kadmind[15](Notice): Request: kadm5_get_policy, default, Policy does not exist, client=admin/admin@EXAMPLE.COM, service=kadmin/admin@EXAMPLE.COM, addr=127.0.0.1
datanode_1  | 2019-11-15 21:34:08,506 INFO http.HttpServer2: Added filter static_user_filter (class=org.apache.hadoop.http.lib.StaticUserWebFilter$StaticUserFilter) to context hddsDatanode
nm_1        | 2019-11-15 21:34:02 INFO  AsyncDispatcher:223 - Registering class org.apache.hadoop.yarn.server.nodemanager.ContainerManagerEventType for class org.apache.hadoop.yarn.server.nodemanager.containermanager.ContainerManagerImpl
om_1        | WARNING: An illegal reflective access operation has occurred
jhs         | 2019-11-15 21:34:02 INFO  AbstractDelegationTokenSecretManager:343 - Updating the current master key for generating delegation tokens
scm_1       | 2019-11-15 21:34:06,398 INFO ipc.CallQueueManager: Using callQueue: class java.util.concurrent.LinkedBlockingQueue, queueCapacity: 1000, scheduler: class org.apache.hadoop.ipc.DefaultRpcScheduler, ipcBackoff: false.
rm_1        | 2019-11-15 21:34:02 INFO  AsyncDispatcher:223 - Registering class org.apache.hadoop.yarn.server.resourcemanager.recovery.RMStateStoreEventType for class org.apache.hadoop.yarn.server.resourcemanager.recovery.RMStateStore$ForwardingEventHandler
datanode_3  | 2019-11-15 21:34:08,526 INFO http.HttpServer2: Added filter static_user_filter (class=org.apache.hadoop.http.lib.StaticUserWebFilter$StaticUserFilter) to context static
datanode_2  | 2019-11-15 21:34:08,658 INFO handler.ContextHandler: Started o.e.j.s.ServletContextHandler@63a9c661{/static,jar:file:/opt/hadoop/share/ozone/lib/hadoop-hdds-container-service-0.5.0-SNAPSHOT.jar!/webapps/static,AVAILABLE}
kdc_1       | Nov 15 21:33:47 kdc kadmind[15](Notice): Request: kadm5_create_principal, dn/scm@EXAMPLE.COM, success, client=admin/admin@EXAMPLE.COM, service=kadmin/admin@EXAMPLE.COM, addr=127.0.0.1
datanode_1  | 2019-11-15 21:34:08,506 INFO http.HttpServer2: Added filter static_user_filter (class=org.apache.hadoop.http.lib.StaticUserWebFilter$StaticUserFilter) to context logs
nm_1        | 2019-11-15 21:34:02 INFO  AsyncDispatcher:223 - Registering class org.apache.hadoop.yarn.server.nodemanager.NodeManagerEventType for class org.apache.hadoop.yarn.server.nodemanager.NodeManager
om_1        | WARNING: Illegal reflective access by org.apache.hadoop.security.authentication.util.KerberosUtil (file:/opt/hadoop/share/ozone/lib/hadoop-auth-3.2.0.jar) to method sun.security.krb5.Config.getInstance()
jhs         | 2019-11-15 21:34:02 INFO  AbstractDelegationTokenSecretManager:675 - Starting expired delegation token remover thread, tokenRemoverScanInterval=60 min(s)
scm_1       | 2019-11-15 21:34:06,399 INFO ipc.Server: Starting Socket Reader #1 for port 9861
rm_1        | 2019-11-15 21:34:02 INFO  AsyncDispatcher:223 - Registering class org.apache.hadoop.yarn.server.resourcemanager.NodesListManagerEventType for class org.apache.hadoop.yarn.server.resourcemanager.NodesListManager
datanode_3  | 2019-11-15 21:34:08,553 INFO http.HttpServer2: Jetty bound to port 9882
datanode_2  | 2019-11-15 21:34:08,728 INFO server.KerberosAuthenticationHandler: Using keytab /etc/security/keytabs/HTTP.keytab, for principal HTTP/f2f7f5df09e1@EXAMPLE.COM
kdc_1       | Nov 15 21:33:47 kdc kadmind[15](info): closing down fd 18
datanode_1  | 2019-11-15 21:34:08,506 INFO http.HttpServer2: Added filter static_user_filter (class=org.apache.hadoop.http.lib.StaticUserWebFilter$StaticUserFilter) to context static
nm_1        | 2019-11-15 21:34:02 INFO  MetricsConfig:118 - Loaded properties from hadoop-metrics2.properties
om_1        | WARNING: Please consider reporting this to the maintainers of org.apache.hadoop.security.authentication.util.KerberosUtil
jhs         | 2019-11-15 21:34:02 INFO  AbstractDelegationTokenSecretManager:343 - Updating the current master key for generating delegation tokens
scm_1       | 2019-11-15 21:34:06,409 INFO ipc.CallQueueManager: Using callQueue: class java.util.concurrent.LinkedBlockingQueue, queueCapacity: 1000, scheduler: class org.apache.hadoop.ipc.DefaultRpcScheduler, ipcBackoff: false.
rm_1        | 2019-11-15 21:34:02 INFO  ResourceManager:444 - Using Scheduler: org.apache.hadoop.yarn.server.resourcemanager.scheduler.capacity.CapacityScheduler
datanode_3  | 2019-11-15 21:34:08,555 INFO server.Server: jetty-9.3.25.v20180904, build timestamp: 2018-09-04T21:11:46Z, git hash: 3ce520221d0240229c862b122d2b06c12a625732
datanode_2  | 2019-11-15 21:34:08,734 INFO handler.ContextHandler: Started o.e.j.w.WebAppContext@20d19f2c{/,file:///tmp/jetty-0.0.0.0-9882-hddsDatanode-_-any-14263165340124131624.dir/webapp/,AVAILABLE}{/hddsDatanode}
datanode_1  | 2019-11-15 21:34:08,532 INFO http.HttpServer2: Jetty bound to port 9882
nm_1        | 2019-11-15 21:34:02 INFO  MetricsSystemImpl:374 - Scheduled Metric snapshot period at 10 second(s).
kdc_1       | Nov 15 21:33:47 kdc kadmind[15](Notice): Request: kadm5_init, admin/admin@EXAMPLE.COM, success, client=admin/admin@EXAMPLE.COM, service=kadmin/admin@EXAMPLE.COM, addr=127.0.0.1, vers=4, flavor=6
om_1        | WARNING: Use --illegal-access=warn to enable warnings of further illegal reflective access operations
jhs         | 2019-11-15 21:34:02 INFO  CallQueueManager:84 - Using callQueue: class java.util.concurrent.LinkedBlockingQueue, queueCapacity: 1000, scheduler: class org.apache.hadoop.ipc.DefaultRpcScheduler, ipcBackoff: false.
scm_1       | 2019-11-15 21:34:06,410 INFO ipc.Server: Starting Socket Reader #1 for port 9863
rm_1        | 2019-11-15 21:34:02 INFO  AsyncDispatcher:223 - Registering class org.apache.hadoop.yarn.server.resourcemanager.scheduler.event.SchedulerEventType for class org.apache.hadoop.yarn.event.EventDispatcher
datanode_3  | 2019-11-15 21:34:08,583 INFO handler.ContextHandler: Started o.e.j.s.ServletContextHandler@2b44d6d0{/logs,file:///var/log/hadoop/,AVAILABLE}
datanode_2  | 2019-11-15 21:34:08,739 INFO server.AbstractConnector: Started ServerConnector@2415e4c7{HTTP/1.1,[http/1.1]}{0.0.0.0:9882}
datanode_1  | 2019-11-15 21:34:08,534 INFO server.Server: jetty-9.3.25.v20180904, build timestamp: 2018-09-04T21:11:46Z, git hash: 3ce520221d0240229c862b122d2b06c12a625732
nm_1        | 2019-11-15 21:34:02 INFO  MetricsSystemImpl:191 - NodeManager metrics system started
kdc_1       | Nov 15 21:33:47 kdc kadmind[15](Notice): Request: kadm5_randkey_principal, dn/scm@EXAMPLE.COM, success, client=admin/admin@EXAMPLE.COM, service=kadmin/admin@EXAMPLE.COM, addr=127.0.0.1
om_1        | WARNING: All illegal access operations will be denied in a future release
jhs         | 2019-11-15 21:34:02 INFO  Server:1074 - Starting Socket Reader #1 for port 10200
scm_1       | 2019-11-15 21:34:06,419 INFO ipc.CallQueueManager: Using callQueue: class java.util.concurrent.LinkedBlockingQueue, queueCapacity: 1000, scheduler: class org.apache.hadoop.ipc.DefaultRpcScheduler, ipcBackoff: false.
rm_1        | 2019-11-15 21:34:02 INFO  AsyncDispatcher:223 - Registering class org.apache.hadoop.yarn.server.resourcemanager.rmapp.RMAppEventType for class org.apache.hadoop.yarn.server.resourcemanager.ResourceManager$ApplicationEventDispatcher
datanode_3  | 2019-11-15 21:34:08,584 INFO handler.ContextHandler: Started o.e.j.s.ServletContextHandler@5934153e{/static,jar:file:/opt/hadoop/share/ozone/lib/hadoop-hdds-container-service-0.5.0-SNAPSHOT.jar!/webapps/static,AVAILABLE}
datanode_1  | 2019-11-15 21:34:08,563 INFO handler.ContextHandler: Started o.e.j.s.ServletContextHandler@32a4ecbe{/logs,file:///var/log/hadoop/,AVAILABLE}
nm_1        | 2019-11-15 21:34:02 INFO  UserGroupInformation:1009 - Login successful for user nm/nm@EXAMPLE.COM using keytab file /etc/security/keytabs/nm.keytab
kdc_1       | Nov 15 21:33:47 kdc kadmind[15](Notice): Request: kadm5_get_principal, dn/scm@EXAMPLE.COM, success, client=admin/admin@EXAMPLE.COM, service=kadmin/admin@EXAMPLE.COM, addr=127.0.0.1
om_1        | 2019-11-15 21:34:10,780 INFO security.UserGroupInformation: Login successful for user om/om@EXAMPLE.COM using keytab file /etc/security/keytabs/om.keytab
jhs         | 2019-11-15 21:34:02 INFO  RpcServerFactoryPBImpl:173 - Adding protocol org.apache.hadoop.yarn.api.ApplicationHistoryProtocolPB to the server
datanode_2  | 2019-11-15 21:34:08,740 INFO server.Server: Started @10373ms
scm_1       | 2019-11-15 21:34:06,420 INFO ipc.Server: Starting Socket Reader #1 for port 9860
rm_1        | 2019-11-15 21:34:02 INFO  AsyncDispatcher:223 - Registering class org.apache.hadoop.yarn.server.resourcemanager.rmapp.attempt.RMAppAttemptEventType for class org.apache.hadoop.yarn.server.resourcemanager.ResourceManager$ApplicationAttemptEventDispatcher
datanode_3  | 2019-11-15 21:34:08,682 INFO server.KerberosAuthenticationHandler: Using keytab /etc/security/keytabs/HTTP.keytab, for principal HTTP/290ed7d09e19@EXAMPLE.COM
datanode_1  | 2019-11-15 21:34:08,563 INFO handler.ContextHandler: Started o.e.j.s.ServletContextHandler@5df7e31b{/static,jar:file:/opt/hadoop/share/ozone/lib/hadoop-hdds-container-service-0.5.0-SNAPSHOT.jar!/webapps/static,AVAILABLE}
nm_1        | 2019-11-15 21:34:02 INFO  DirectoryCollection:187 - Disk Validator 'basic' is loaded.
kdc_1       | Nov 15 21:33:47 kdc kadmind[15](info): closing down fd 18
om_1        | 2019-11-15 21:34:10,780 INFO om.OzoneManager: Ozone Manager login successful.
jhs         | 2019-11-15 21:34:02 INFO  Server:1314 - IPC Server Responder: starting
scm_1       | 2019-11-15 21:34:06,443 INFO hdfs.DFSUtil: Starting web server as: HTTP/scm@EXAMPLE.COM
datanode_2  | 2019-11-15 21:34:08,742 INFO impl.MetricsSinkAdapter: Sink prometheus started
datanode_3  | 2019-11-15 21:34:08,687 INFO handler.ContextHandler: Started o.e.j.w.WebAppContext@77b5148c{/,file:///tmp/jetty-0.0.0.0-9882-hddsDatanode-_-any-9143202969585292695.dir/webapp/,AVAILABLE}{/hddsDatanode}
datanode_1  | 2019-11-15 21:34:08,632 INFO server.KerberosAuthenticationHandler: Using keytab /etc/security/keytabs/HTTP.keytab, for principal HTTP/4334c7a7a417@EXAMPLE.COM
nm_1        | 2019-11-15 21:34:02 INFO  DirectoryCollection:187 - Disk Validator 'basic' is loaded.
rm_1        | 2019-11-15 21:34:02 INFO  AsyncDispatcher:223 - Registering class org.apache.hadoop.yarn.server.resourcemanager.rmnode.RMNodeEventType for class org.apache.hadoop.yarn.server.resourcemanager.ResourceManager$NodeEventDispatcher
kdc_1       | Nov 15 21:33:47 kdc kadmind[15](Notice): Request: kadm5_init, admin/admin@EXAMPLE.COM, success, client=admin/admin@EXAMPLE.COM, service=kadmin/admin@EXAMPLE.COM, addr=127.0.0.1, vers=4, flavor=6
om_1        | 2019-11-15 21:34:10,781 WARN server.ServerUtils: ozone.om.db.dirs is not configured. We recommend adding this setting. Falling back to ozone.metadata.dirs instead.
jhs         | 2019-11-15 21:34:02 INFO  Server:1153 - IPC Server listener on 10200: starting
scm_1       | 2019-11-15 21:34:06,443 INFO hdfs.DFSUtil: Starting Web-server for scm at: http://0.0.0.0:9876
datanode_2  | 2019-11-15 21:34:08,743 INFO impl.MetricsSystemImpl: Registered sink prometheus
datanode_3  | 2019-11-15 21:34:08,692 INFO server.AbstractConnector: Started ServerConnector@373afd6c{HTTP/1.1,[http/1.1]}{0.0.0.0:9882}
datanode_1  | 2019-11-15 21:34:08,638 INFO handler.ContextHandler: Started o.e.j.w.WebAppContext@6ee5f485{/,file:///tmp/jetty-0.0.0.0-9882-hddsDatanode-_-any-15854905583201735600.dir/webapp/,AVAILABLE}{/hddsDatanode}
nm_1        | 2019-11-15 21:34:02 INFO  NodeResourceMonitorImpl:75 -  Using ResourceCalculatorPlugin : org.apache.hadoop.yarn.util.ResourceCalculatorPlugin@2a7f1f10
rm_1        | 2019-11-15 21:34:02 INFO  MetricsConfig:118 - Loaded properties from hadoop-metrics2.properties
kdc_1       | Nov 15 21:33:47 kdc kadmind[15](Notice): Request: kadm5_get_policy, default, Policy does not exist, client=admin/admin@EXAMPLE.COM, service=kadmin/admin@EXAMPLE.COM, addr=127.0.0.1
om_1        | 2019-11-15 21:34:11,631 INFO client.OMCertificateClient: Loading certificate from location:/data/metadata/om/certs.
jhs         | 2019-11-15 21:34:03 INFO  ApplicationHistoryClientService:111 - Instantiated ApplicationHistoryClientService at jhs/172.19.0.8:10200
scm_1       | 2019-11-15 21:34:06,543 INFO server.AuthenticationFilter: Unable to initialize FileSignerSecretProvider, falling back to use random secrets.
datanode_2  | 2019-11-15 21:34:08,744 INFO server.BaseHttpServer: HTTP server of HDDSDATANODE is listening at http://0.0.0.0:9882
datanode_3  | 2019-11-15 21:34:08,693 INFO server.Server: Started @9318ms
datanode_1  | 2019-11-15 21:34:08,643 INFO server.AbstractConnector: Started ServerConnector@510689af{HTTP/1.1,[http/1.1]}{0.0.0.0:9882}
nm_1        | 2019-11-15 21:34:02 INFO  AsyncDispatcher:223 - Registering class org.apache.hadoop.yarn.server.nodemanager.containermanager.loghandler.event.LogHandlerEventType for class org.apache.hadoop.yarn.server.nodemanager.containermanager.logaggregation.LogAggregationService
kdc_1       | Nov 15 21:33:47 kdc kadmind[15](Notice): Request: kadm5_create_principal, scm/4334c7a7a417@EXAMPLE.COM, success, client=admin/admin@EXAMPLE.COM, service=kadmin/admin@EXAMPLE.COM, addr=127.0.0.1
rm_1        | 2019-11-15 21:34:02 INFO  MetricsSystemImpl:374 - Scheduled Metric snapshot period at 10 second(s).
om_1        | 2019-11-15 21:34:11,721 INFO client.OMCertificateClient: Added certificate from file:/data/metadata/om/certs/14200434695750774.crt.
jhs         | 2019-11-15 21:34:03 INFO  JvmPauseMonitor:188 - Starting JVM pause monitor
scm_1       | 2019-11-15 21:34:06,555 INFO http.HttpRequestLog: Http request log for http.requests.scm is not defined
datanode_2  | 2019-11-15 21:34:08,757 INFO util.JvmPauseMonitor: Starting JVM pause monitor
datanode_3  | 2019-11-15 21:34:08,696 INFO impl.MetricsSinkAdapter: Sink prometheus started
datanode_1  | 2019-11-15 21:34:08,643 INFO server.Server: Started @9948ms
nm_1        | 2019-11-15 21:34:02 INFO  AsyncDispatcher:223 - Registering class org.apache.hadoop.yarn.server.nodemanager.containermanager.localizer.sharedcache.SharedCacheUploadEventType for class org.apache.hadoop.yarn.server.nodemanager.containermanager.localizer.sharedcache.SharedCacheUploadService
kdc_1       | Nov 15 21:33:47 kdc kadmind[15](info): closing down fd 18
rm_1        | 2019-11-15 21:34:02 INFO  MetricsSystemImpl:191 - ResourceManager metrics system started
om_1        | 2019-11-15 21:34:11,729 INFO client.OMCertificateClient: Added certificate from file:/data/metadata/om/certs/CA-1.crt.
jhs         | 2019-11-15 21:34:03 INFO  TimelineServerUtils:66 - Filter initializers set for timeline service: org.apache.hadoop.http.lib.StaticUserWebFilter,org.apache.hadoop.yarn.server.timeline.security.TimelineAuthenticationFilterInitializer
scm_1       | 2019-11-15 21:34:06,562 INFO http.HttpServer2: Added global filter 'safety' (class=org.apache.hadoop.http.HttpServer2$QuotingInputFilter)
datanode_2  | 2019-11-15 21:34:10,821 INFO ozoneimpl.OzoneContainer: Attempting to start container services.
datanode_1  | 2019-11-15 21:34:08,646 INFO impl.MetricsSinkAdapter: Sink prometheus started
nm_1        | 2019-11-15 21:34:02 INFO  ContainerManagerImpl:336 - AMRMProxyService is disabled
rm_1        | 2019-11-15 21:34:02 INFO  YarnAuthorizationProvider:58 - org.apache.hadoop.yarn.security.ConfiguredYarnAuthorizer is instantiated.
kdc_1       | Nov 15 21:33:47 kdc kadmind[15](Notice): Request: kadm5_init, admin/admin@EXAMPLE.COM, success, client=admin/admin@EXAMPLE.COM, service=kadmin/admin@EXAMPLE.COM, addr=127.0.0.1, vers=4, flavor=6
om_1        | 2019-11-15 21:34:11,751 WARN server.ServerUtils: ozone.om.db.dirs is not configured. We recommend adding this setting. Falling back to ozone.metadata.dirs instead.
jhs         | 2019-11-15 21:34:03 INFO  log:192 - Logging initialized @2398ms
datanode_3  | 2019-11-15 21:34:08,696 INFO impl.MetricsSystemImpl: Registered sink prometheus
scm_1       | 2019-11-15 21:34:06,565 INFO http.HttpServer2: Added filter static_user_filter (class=org.apache.hadoop.http.lib.StaticUserWebFilter$StaticUserFilter) to context scm
datanode_2  | 2019-11-15 21:34:10,822 INFO ozoneimpl.OzoneContainer: Background container scanner has been disabled.
nm_1        | 2019-11-15 21:34:02 INFO  ResourceLocalizationService:242 - per directory file limit = 8192
kdc_1       | Nov 15 21:33:47 kdc kadmind[15](Notice): Request: kadm5_randkey_principal, scm/4334c7a7a417@EXAMPLE.COM, success, client=admin/admin@EXAMPLE.COM, service=kadmin/admin@EXAMPLE.COM, addr=127.0.0.1
rm_1        | 2019-11-15 21:34:02 INFO  AsyncDispatcher:223 - Registering class org.apache.hadoop.yarn.server.resourcemanager.RMAppManagerEventType for class org.apache.hadoop.yarn.server.resourcemanager.RMAppManager
datanode_1  | 2019-11-15 21:34:08,646 INFO impl.MetricsSystemImpl: Registered sink prometheus
om_1        | 2019-11-15 21:34:11,774 INFO util.log: Logging initialized @2916ms
jhs         | 2019-11-15 21:34:03 INFO  AuthenticationFilter:240 - Unable to initialize FileSignerSecretProvider, falling back to use random secrets.
scm_1       | 2019-11-15 21:34:06,565 INFO http.HttpServer2: Added filter static_user_filter (class=org.apache.hadoop.http.lib.StaticUserWebFilter$StaticUserFilter) to context logs
datanode_2  | 2019-11-15 21:34:10,822 INFO ratis.XceiverServerRatis: Starting XceiverServerRatis a394766a-0fb9-41fd-aff5-826633cdec9d at port 9858
nm_1        | 2019-11-15 21:34:02 INFO  AsyncDispatcher:223 - Registering class org.apache.hadoop.yarn.server.nodemanager.containermanager.localizer.event.LocalizerEventType for class org.apache.hadoop.yarn.server.nodemanager.containermanager.localizer.ResourceLocalizationService$LocalizerTracker
kdc_1       | Nov 15 21:33:47 kdc kadmind[15](Notice): Request: kadm5_get_principal, scm/4334c7a7a417@EXAMPLE.COM, success, client=admin/admin@EXAMPLE.COM, service=kadmin/admin@EXAMPLE.COM, addr=127.0.0.1
datanode_3  | 2019-11-15 21:34:08,698 INFO server.BaseHttpServer: HTTP server of HDDSDATANODE is listening at http://0.0.0.0:9882
rm_1        | 2019-11-15 21:34:02 INFO  AsyncDispatcher:223 - Registering class org.apache.hadoop.yarn.server.resourcemanager.amlauncher.AMLauncherEventType for class org.apache.hadoop.yarn.server.resourcemanager.amlauncher.ApplicationMasterLauncher
om_1        | 2019-11-15 21:34:11,859 INFO db.DBStoreBuilder: using custom profile for table: userTable
jhs         | 2019-11-15 21:34:03 INFO  HttpRequestLog:81 - Http request log for http.requests.applicationhistory is not defined
datanode_1  | 2019-11-15 21:34:08,648 INFO server.BaseHttpServer: HTTP server of HDDSDATANODE is listening at http://0.0.0.0:9882
scm_1       | 2019-11-15 21:34:06,565 INFO http.HttpServer2: Added filter static_user_filter (class=org.apache.hadoop.http.lib.StaticUserWebFilter$StaticUserFilter) to context static
datanode_2  | 2019-11-15 21:34:10,841 INFO impl.RaftServerProxy: a394766a-0fb9-41fd-aff5-826633cdec9d: start RPC server
nm_1        | 2019-11-15 21:34:02 INFO  ResourceHandlerModule:197 - Using traffic control bandwidth handler
kdc_1       | Nov 15 21:33:47 kdc kadmind[15](info): closing down fd 18
datanode_3  | 2019-11-15 21:34:08,710 INFO util.JvmPauseMonitor: Starting JVM pause monitor
rm_1        | 2019-11-15 21:34:02 INFO  RMNMInfo:63 - Registered RMNMInfo MBean
om_1        | 2019-11-15 21:34:11,859 INFO db.DBStoreBuilder: Using default column profile:DBProfile.DISK for Table:userTable
jhs         | 2019-11-15 21:34:03 INFO  HttpServer2:975 - Added global filter 'safety' (class=org.apache.hadoop.http.HttpServer2$QuotingInputFilter)
datanode_1  | 2019-11-15 21:34:08,661 INFO util.JvmPauseMonitor: Starting JVM pause monitor
scm_1       | 2019-11-15 21:34:06,586 INFO server.StorageContainerManager: StorageContainerLocationProtocol RPC server is listening at /0.0.0.0:9860
datanode_2  | 2019-11-15 21:34:11,081 INFO server.GrpcService: a394766a-0fb9-41fd-aff5-826633cdec9d: GrpcService started, listening on 0.0.0.0/0.0.0.0:9858
nm_1        | 2019-11-15 21:34:02 INFO  AuxServices:103 - Adding auxiliary service mapreduce_shuffle, "mapreduce_shuffle"
kdc_1       | Nov 15 21:33:47 kdc kadmind[15](Notice): Request: kadm5_init, admin/admin@EXAMPLE.COM, success, client=admin/admin@EXAMPLE.COM, service=kadmin/admin@EXAMPLE.COM, addr=127.0.0.1, vers=4, flavor=6
datanode_3  | 2019-11-15 21:34:10,818 INFO ozoneimpl.OzoneContainer: Attempting to start container services.
rm_1        | 2019-11-15 21:34:02 INFO  RMAppLifetimeMonitor:66 - Application lifelime monitor interval set to 3000 ms.
om_1        | 2019-11-15 21:34:11,860 INFO db.DBStoreBuilder: using custom profile for table: volumeTable
jhs         | 2019-11-15 21:34:03 INFO  HttpServer2:948 - Added filter static_user_filter (class=org.apache.hadoop.http.lib.StaticUserWebFilter$StaticUserFilter) to context applicationhistory
datanode_1  | 2019-11-15 21:34:10,818 INFO ozoneimpl.OzoneContainer: Attempting to start container services.
scm_1       | 2019-11-15 21:34:06,641 INFO impl.MetricsConfig: Loaded properties from hadoop-metrics2.properties
datanode_2  | 2019-11-15 21:34:15,782 INFO impl.RaftServerProxy: a394766a-0fb9-41fd-aff5-826633cdec9d: addNew group-9F9D39B3AA53:[a394766a-0fb9-41fd-aff5-826633cdec9d:172.19.0.2:9858] returns group-9F9D39B3AA53:java.util.concurrent.CompletableFuture@6cea7c3[Not completed]
nm_1        | 2019-11-15 21:34:02 INFO  ContainersMonitorImpl:138 -  Using ResourceCalculatorPlugin : org.apache.hadoop.yarn.util.ResourceCalculatorPlugin@1500b2f3
kdc_1       | Nov 15 21:33:47 kdc kadmind[15](Notice): Request: kadm5_get_policy, default, Policy does not exist, client=admin/admin@EXAMPLE.COM, service=kadmin/admin@EXAMPLE.COM, addr=127.0.0.1
datanode_3  | 2019-11-15 21:34:10,819 INFO ozoneimpl.OzoneContainer: Background container scanner has been disabled.
rm_1        | 2019-11-15 21:34:02 INFO  MultiNodeSortingManager:59 - Initializing NodeSortingService=MultiNodeSortingManager
om_1        | 2019-11-15 21:34:11,860 INFO db.DBStoreBuilder: Using default column profile:DBProfile.DISK for Table:volumeTable
jhs         | 2019-11-15 21:34:03 INFO  HttpServer2:958 - Added filter static_user_filter (class=org.apache.hadoop.http.lib.StaticUserWebFilter$StaticUserFilter) to context logs
datanode_1  | 2019-11-15 21:34:10,819 INFO ozoneimpl.OzoneContainer: Background container scanner has been disabled.
datanode_2  | 2019-11-15 21:34:15,798 INFO impl.RaftServerImpl: a394766a-0fb9-41fd-aff5-826633cdec9d: new RaftServerImpl for group-9F9D39B3AA53:[a394766a-0fb9-41fd-aff5-826633cdec9d:172.19.0.2:9858] with ContainerStateMachine:uninitialized
scm_1       | 2019-11-15 21:34:06,679 INFO impl.MetricsSystemImpl: Scheduled Metric snapshot period at 10 second(s).
nm_1        | 2019-11-15 21:34:02 INFO  ContainersMonitorImpl:143 -  Using ResourceCalculatorProcessTree : null
kdc_1       | Nov 15 21:33:47 kdc kadmind[15](Notice): Request: kadm5_create_principal, om/om@EXAMPLE.COM, success, client=admin/admin@EXAMPLE.COM, service=kadmin/admin@EXAMPLE.COM, addr=127.0.0.1
datanode_3  | 2019-11-15 21:34:10,819 INFO ratis.XceiverServerRatis: Starting XceiverServerRatis c18723ec-2f98-4518-ad44-3759c3ff6374 at port 9858
rm_1        | 2019-11-15 21:34:02 INFO  HostsFileReader:211 - Refreshing hosts (include/exclude) list
om_1        | 2019-11-15 21:34:11,860 INFO db.DBStoreBuilder: using custom profile for table: bucketTable
datanode_1  | 2019-11-15 21:34:10,819 INFO ratis.XceiverServerRatis: Starting XceiverServerRatis 399cf161-d428-4b6d-bcda-632fead3f73b at port 9858
datanode_2  | 2019-11-15 21:34:15,800 INFO server.RaftServerConfigKeys: raft.server.rpc.timeout.min = 5s (custom)
jhs         | 2019-11-15 21:34:03 INFO  HttpServer2:958 - Added filter static_user_filter (class=org.apache.hadoop.http.lib.StaticUserWebFilter$StaticUserFilter) to context static
scm_1       | 2019-11-15 21:34:06,680 INFO impl.MetricsSystemImpl: StorageContainerManager metrics system started
nm_1        | 2019-11-15 21:34:02 INFO  ContainersMonitorImpl:190 - Physical memory check enabled: false
kdc_1       | Nov 15 21:33:47 kdc kadmind[15](info): closing down fd 18
rm_1        | 2019-11-15 21:34:02 INFO  Configuration:2755 - found resource capacity-scheduler.xml at file:/opt/hadoop/etc/hadoop/capacity-scheduler.xml
datanode_3  | 2019-11-15 21:34:10,839 INFO impl.RaftServerProxy: c18723ec-2f98-4518-ad44-3759c3ff6374: start RPC server
om_1        | 2019-11-15 21:34:11,860 INFO db.DBStoreBuilder: Using default column profile:DBProfile.DISK for Table:bucketTable
datanode_1  | 2019-11-15 21:34:10,839 INFO impl.RaftServerProxy: 399cf161-d428-4b6d-bcda-632fead3f73b: start RPC server
datanode_2  | 2019-11-15 21:34:15,800 INFO server.RaftServerConfigKeys: raft.server.rpc.timeout.max = 5200ms (custom)
jhs         | 2019-11-15 21:34:03 INFO  HttpServer2:975 - Added global filter 'Timeline Authentication Filter' (class=org.apache.hadoop.yarn.server.timeline.security.TimelineAuthenticationFilter)
scm_1       | 2019-11-15 21:34:06,864 INFO server.SCMClientProtocolServer: RPC server for Client  is listening at /0.0.0.0:9860
nm_1        | 2019-11-15 21:34:02 INFO  ContainersMonitorImpl:191 - Virtual memory check enabled: false
kdc_1       | Nov 15 21:33:47 kdc kadmind[15](Notice): Request: kadm5_init, admin/admin@EXAMPLE.COM, success, client=admin/admin@EXAMPLE.COM, service=kadmin/admin@EXAMPLE.COM, addr=127.0.0.1, vers=4, flavor=6
rm_1        | 2019-11-15 21:34:02 INFO  AbstractYarnScheduler:1390 - Minimum allocation = <memory:1024, vCores:1>
datanode_3  | 2019-11-15 21:34:11,071 INFO server.GrpcService: c18723ec-2f98-4518-ad44-3759c3ff6374: GrpcService started, listening on 0.0.0.0/0.0.0.0:9858
om_1        | 2019-11-15 21:34:11,860 INFO db.DBStoreBuilder: using custom profile for table: keyTable
datanode_1  | 2019-11-15 21:34:11,039 INFO server.GrpcService: 399cf161-d428-4b6d-bcda-632fead3f73b: GrpcService started, listening on 0.0.0.0/0.0.0.0:9858
datanode_2  | 2019-11-15 21:34:15,800 INFO server.RaftServerConfigKeys: raft.server.rpcslowness.timeout = 120s (custom)
jhs         | 2019-11-15 21:34:03 INFO  HttpServer2:613 - adding path spec: /applicationhistory/*
scm_1       | 2019-11-15 21:34:06,864 INFO ipc.Server: IPC Server Responder: starting
nm_1        | 2019-11-15 21:34:02 INFO  ContainersMonitorImpl:192 - Elastic memory control enabled: false
rm_1        | 2019-11-15 21:34:02 INFO  AbstractYarnScheduler:1402 - Maximum allocation = <memory:8192, vCores:4>
datanode_3  | 2019-11-15 21:34:15,744 INFO impl.RaftServerProxy: c18723ec-2f98-4518-ad44-3759c3ff6374: addNew group-66C922C7F252:[c18723ec-2f98-4518-ad44-3759c3ff6374:172.19.0.3:9858] returns group-66C922C7F252:java.util.concurrent.CompletableFuture@12d81bd2[Not completed]
kdc_1       | Nov 15 21:33:47 kdc kadmind[15](Notice): Request: kadm5_randkey_principal, om/om@EXAMPLE.COM, success, client=admin/admin@EXAMPLE.COM, service=kadmin/admin@EXAMPLE.COM, addr=127.0.0.1
om_1        | 2019-11-15 21:34:11,860 INFO db.DBStoreBuilder: Using default column profile:DBProfile.DISK for Table:keyTable
datanode_1  | 2019-11-15 21:34:15,693 INFO impl.RaftServerProxy: 399cf161-d428-4b6d-bcda-632fead3f73b: addNew group-EEE65456D3B4:[399cf161-d428-4b6d-bcda-632fead3f73b:172.19.0.5:9858] returns group-EEE65456D3B4:java.util.concurrent.CompletableFuture@58d046ef[Not completed]
datanode_2  | 2019-11-15 21:34:15,801 INFO server.RaftServerConfigKeys: raft.server.sleep.deviation.threshold = 300 (default)
scm_1       | 2019-11-15 21:34:06,864 INFO ipc.Server: IPC Server listener on 9860: starting
jhs         | 2019-11-15 21:34:03 INFO  HttpServer2:613 - adding path spec: /ws/*
nm_1        | 2019-11-15 21:34:02 INFO  ContainersMonitorImpl:193 - Strict memory control enabled: true
rm_1        | 2019-11-15 21:34:02 INFO  CapacitySchedulerConfiguration:894 - max alloc mb per queue for root is undefined
datanode_3  | 2019-11-15 21:34:15,766 INFO impl.RaftServerImpl: c18723ec-2f98-4518-ad44-3759c3ff6374: new RaftServerImpl for group-66C922C7F252:[c18723ec-2f98-4518-ad44-3759c3ff6374:172.19.0.3:9858] with ContainerStateMachine:uninitialized
kdc_1       | Nov 15 21:33:47 kdc kadmind[15](Notice): Request: kadm5_get_principal, om/om@EXAMPLE.COM, success, client=admin/admin@EXAMPLE.COM, service=kadmin/admin@EXAMPLE.COM, addr=127.0.0.1
om_1        | 2019-11-15 21:34:11,860 INFO db.DBStoreBuilder: using custom profile for table: deletedTable
datanode_1  | 2019-11-15 21:34:15,716 INFO impl.RaftServerImpl: 399cf161-d428-4b6d-bcda-632fead3f73b: new RaftServerImpl for group-EEE65456D3B4:[399cf161-d428-4b6d-bcda-632fead3f73b:172.19.0.5:9858] with ContainerStateMachine:uninitialized
jhs         | 2019-11-15 21:34:03 INFO  WebApps:395 - Registered webapp guice modules
datanode_2  | 2019-11-15 21:34:15,801 INFO server.RaftServerConfigKeys: raft.server.log.appender.install.snapshot.enabled = false (custom)
scm_1       | 2019-11-15 21:34:06,867 INFO server.StorageContainerManager: ScmBlockLocationProtocol RPC server is listening at /0.0.0.0:9863
nm_1        | 2019-11-15 21:34:02 INFO  ContainersMonitorImpl:218 - ContainersMonitor enabled: true
rm_1        | 2019-11-15 21:34:02 INFO  CapacitySchedulerConfiguration:898 - max alloc vcore per queue for root is undefined
kdc_1       | Nov 15 21:33:47 kdc kadmind[15](info): closing down fd 18
om_1        | 2019-11-15 21:34:11,861 INFO db.DBStoreBuilder: Using default column profile:DBProfile.DISK for Table:deletedTable
datanode_1  | 2019-11-15 21:34:15,718 INFO server.RaftServerConfigKeys: raft.server.rpc.timeout.min = 5s (custom)
