nm_1        | 2019-11-14 14:13:13 INFO  DefaultContainerExecutor:117 - Copying from /tmp/hadoop-hadoop/nm-local-dir/nmPrivate/container_1573740654157_0002_01_000001.tokens to /tmp/hadoop-hadoop/nm-local-dir/usercache/hadoop/appcache/application_1573740654157_0002/container_1573740654157_0002_01_000001.tokens
datanode_2  | 	at java.base/java.util.concurrent.FutureTask.run(FutureTask.java:264)
nm_1        | 2019-11-14 14:13:13 INFO  DefaultContainerExecutor:124 - Localizer CWD set to /tmp/hadoop-hadoop/nm-local-dir/usercache/hadoop/appcache/application_1573740654157_0002 = file:/tmp/hadoop-hadoop/nm-local-dir/usercache/hadoop/appcache/application_1573740654157_0002
datanode_2  | 	at java.base/java.util.concurrent.ThreadPoolExecutor.runWorker(ThreadPoolExecutor.java:1128)
rm_1        | 2019-11-14 14:12:57 INFO  LeafQueue:1712 - default used=<memory:2048, vCores:1> numContainers=1 user=hadoop user-resources=<memory:2048, vCores:1>
datanode_2  | 	at java.base/java.util.concurrent.ThreadPoolExecutor$Worker.run(ThreadPoolExecutor.java:628)
nm_1        | 2019-11-14 14:13:14 WARN  NativeCodeLoader:60 - Unable to load native-hadoop library for your platform... using builtin-java classes where applicable
datanode_2  | 	... 1 more
rm_1        | 2019-11-14 14:12:57 INFO  LeafQueue:1663 - completedContainer container=Container: [ContainerId: container_1573740654157_0001_01_000005, NodeId: nm:44165, NodeHttpAddress: nm:8042, Resource: <memory:4096, vCores:1>, Priority: 10, Token: Token { kind: ContainerToken, service: 172.18.0.6:44165 }, ] queue=default: capacity=1.0, absoluteCapacity=1.0, usedResources=<memory:2048, vCores:1>, usedCapacity=0.25, absoluteUsedCapacity=0.25, numApps=1, numContainers=1 cluster=<memory:8192, vCores:8>
nm_1        | 2019-11-14 14:13:15 INFO  MetricsConfig:118 - Loaded properties from hadoop-metrics2.properties
datanode_2  | 2019-11-14 14:11:28,194 INFO impl.RaftServerImpl: 3112e914-2ddf-4bf5-bc2e-6d13303ee3f3@group-3067FA72AE0F: changes role from CANDIDATE to FOLLOWER at term 3 for DISCOVERED_A_NEW_TERM
rm_1        | 2019-11-14 14:12:57 INFO  ParentQueue:568 - completedContainer queue=root usedCapacity=0.25 absoluteUsedCapacity=0.25 used=<memory:2048, vCores:1> cluster=<memory:8192, vCores:8>
nm_1        | 2019-11-14 14:13:15 WARN  MBeans:105 - Failed to register MBean "Hadoop:service=XceiverClientMetrics,name=MetricsSystem,sub=Stats": Instance already exists.
datanode_2  | 2019-11-14 14:11:28,195 INFO impl.RoleInfo: 3112e914-2ddf-4bf5-bc2e-6d13303ee3f3: shutdown LeaderElection
rm_1        | 2019-11-14 14:12:57 INFO  ParentQueue:585 - Re-sorting completed queue: root.default stats: default: capacity=1.0, absoluteCapacity=1.0, usedResources=<memory:2048, vCores:1>, usedCapacity=0.25, absoluteUsedCapacity=0.25, numApps=1, numContainers=1
datanode_2  | 2019-11-14 14:11:28,195 INFO impl.RoleInfo: 3112e914-2ddf-4bf5-bc2e-6d13303ee3f3: start FollowerState
nm_1        | 2019-11-14 14:13:15 INFO  MetricsSystemImpl:374 - Scheduled Metric snapshot period at 10 second(s).
rm_1        | 2019-11-14 14:12:57 INFO  CapacityScheduler:1443 - Application attempt appattempt_1573740654157_0001_000001 released container container_1573740654157_0001_01_000005 on node: host: nm:44165 #containers=1 available=<memory:6144, vCores:7> used=<memory:2048, vCores:1> with event: FINISHED
datanode_2  | 2019-11-14 14:11:33,301 INFO impl.FollowerState: 3112e914-2ddf-4bf5-bc2e-6d13303ee3f3@group-3067FA72AE0F-FollowerState: change to CANDIDATE, lastRpcTime:5106ms, electionTimeout:5105ms
nm_1        | 2019-11-14 14:13:15 INFO  MetricsSystemImpl:191 - XceiverClientMetrics metrics system started
rm_1        | 2019-11-14 14:13:01 INFO  RMAppAttemptImpl:1210 - Updating application attempt appattempt_1573740654157_0001_000001 with final state: FINISHING, and exit status: -1000
nm_1        | 2019-11-14 14:13:15 WARN  MBeans:105 - Failed to register MBean "Hadoop:service=XceiverClientMetrics,name=UgiMetrics": Instance already exists.
datanode_2  | 2019-11-14 14:11:33,302 INFO impl.RoleInfo: 3112e914-2ddf-4bf5-bc2e-6d13303ee3f3: shutdown FollowerState
rm_1        | 2019-11-14 14:13:01 INFO  RMAppAttemptImpl:815 - appattempt_1573740654157_0001_000001 State change from RUNNING to FINAL_SAVING
nm_1        | 2019-11-14 14:13:15 WARN  MBeans:105 - Failed to register MBean "Hadoop:service=XceiverClientMetrics,name=MetricsSystem,sub=Control": Instance already exists.
datanode_2  | 2019-11-14 14:11:33,302 INFO impl.RaftServerImpl: 3112e914-2ddf-4bf5-bc2e-6d13303ee3f3@group-3067FA72AE0F: changes role from  FOLLOWER to CANDIDATE at term 3 for changeToCandidate
rm_1        | 2019-11-14 14:13:01 INFO  RMAppImpl:996 - Updating application application_1573740654157_0001 with final state: FINISHING
nm_1        | 2019-11-14 14:13:15 INFO  LocalizedResource:203 - Resource o3fs://bucket1.vol1/user/hadoop/.staging/job_1573740654157_0002/job.splitmetainfo(->/tmp/hadoop-hadoop/nm-local-dir/usercache/hadoop/appcache/application_1573740654157_0002/filecache/10/job.splitmetainfo) transitioned from DOWNLOADING to LOCALIZED
datanode_2  | 2019-11-14 14:11:33,302 INFO impl.RoleInfo: 3112e914-2ddf-4bf5-bc2e-6d13303ee3f3: start LeaderElection
rm_1        | 2019-11-14 14:13:01 INFO  RMAppImpl:718 - application_1573740654157_0001 State change from RUNNING to FINAL_SAVING on event=ATTEMPT_UNREGISTERED
nm_1        | 2019-11-14 14:13:15 INFO  LocalizedResource:203 - Resource o3fs://bucket1.vol1/user/hadoop/.staging/job_1573740654157_0002/job.jar(->/tmp/hadoop-hadoop/nm-local-dir/usercache/hadoop/appcache/application_1573740654157_0002/filecache/11/job.jar) transitioned from DOWNLOADING to LOCALIZED
datanode_2  | 2019-11-14 14:11:33,318 INFO impl.LeaderElection: 3112e914-2ddf-4bf5-bc2e-6d13303ee3f3@group-3067FA72AE0F-LeaderElection5: begin an election at term 4 for -1: [eecafb56-f5e7-4e85-8f73-b76c75a3dceb:172.18.0.7:9858, 8072dd04-300c-449f-bcfb-1f790ca29765:172.18.0.9:9858, 3112e914-2ddf-4bf5-bc2e-6d13303ee3f3:172.18.0.8:9858], old=null
nm_1        | 2019-11-14 14:13:16 INFO  LocalizedResource:203 - Resource o3fs://bucket1.vol1/user/hadoop/.staging/job_1573740654157_0002/job.split(->/tmp/hadoop-hadoop/nm-local-dir/usercache/hadoop/appcache/application_1573740654157_0002/filecache/12/job.split) transitioned from DOWNLOADING to LOCALIZED
datanode_2  | 2019-11-14 14:11:33,358 INFO impl.LeaderElection: 3112e914-2ddf-4bf5-bc2e-6d13303ee3f3@group-3067FA72AE0F-LeaderElection5: Election PASSED; received 1 response(s) [3112e914-2ddf-4bf5-bc2e-6d13303ee3f3<-8072dd04-300c-449f-bcfb-1f790ca29765#0:OK-t4] and 0 exception(s); 3112e914-2ddf-4bf5-bc2e-6d13303ee3f3@group-3067FA72AE0F:t4, leader=null, voted=3112e914-2ddf-4bf5-bc2e-6d13303ee3f3, raftlog=3112e914-2ddf-4bf5-bc2e-6d13303ee3f3@group-3067FA72AE0F-SegmentedRaftLog:OPENED:c-1,f-1,i0, conf=-1: [eecafb56-f5e7-4e85-8f73-b76c75a3dceb:172.18.0.7:9858, 8072dd04-300c-449f-bcfb-1f790ca29765:172.18.0.9:9858, 3112e914-2ddf-4bf5-bc2e-6d13303ee3f3:172.18.0.8:9858], old=null
rm_1        | 2019-11-14 14:13:01 INFO  RMStateStore:223 - Updating info for app: application_1573740654157_0001
nm_1        | 2019-11-14 14:13:16 INFO  LocalizedResource:203 - Resource o3fs://bucket1.vol1/user/hadoop/.staging/job_1573740654157_0002/job.xml(->/tmp/hadoop-hadoop/nm-local-dir/usercache/hadoop/appcache/application_1573740654157_0002/filecache/13/job.xml) transitioned from DOWNLOADING to LOCALIZED
datanode_2  | 2019-11-14 14:11:33,358 INFO impl.RoleInfo: 3112e914-2ddf-4bf5-bc2e-6d13303ee3f3: shutdown LeaderElection
rm_1        | 2019-11-14 14:13:01 INFO  RMAppAttemptImpl:815 - appattempt_1573740654157_0001_000001 State change from FINAL_SAVING to FINISHING
nm_1        | 2019-11-14 14:13:16 INFO  ContainerImpl:1135 - Container container_1573740654157_0002_01_000001 transitioned from LOCALIZING to LOCALIZED
datanode_2  | 2019-11-14 14:11:33,359 INFO impl.RaftServerImpl: 3112e914-2ddf-4bf5-bc2e-6d13303ee3f3@group-3067FA72AE0F: changes role from CANDIDATE to LEADER at term 4 for changeToLeader
rm_1        | 2019-11-14 14:13:01 INFO  RMAppImpl:718 - application_1573740654157_0001 State change from FINAL_SAVING to FINISHING on event=APP_UPDATE_SAVED
nm_1        | 2019-11-14 14:13:16 INFO  ContainerImpl:1135 - Container container_1573740654157_0002_01_000001 transitioned from LOCALIZED to RUNNING
datanode_2  | 2019-11-14 14:11:33,359 INFO ratis.XceiverServerRatis: Leader change notification received for group: group-3067FA72AE0F with new leaderId: 3112e914-2ddf-4bf5-bc2e-6d13303ee3f3
rm_1        | 2019-11-14 14:13:02 INFO  ApplicationMasterService:354 - application_1573740654157_0001 unregistered successfully. 
nm_1        | 2019-11-14 14:13:16 INFO  ContainersMonitorImpl:196 - Neither virutal-memory nor physical-memory monitoring is needed. Not running the monitor-thread
datanode_2  | 2019-11-14 14:11:33,359 INFO impl.RaftServerImpl: 3112e914-2ddf-4bf5-bc2e-6d13303ee3f3@group-3067FA72AE0F: change Leader from null to 3112e914-2ddf-4bf5-bc2e-6d13303ee3f3 at term 4 for becomeLeader, leader elected after 27210ms
nm_1        | 2019-11-14 14:13:16 INFO  DefaultContainerExecutor:268 - launchContainer: [bash, /tmp/hadoop-hadoop/nm-local-dir/usercache/hadoop/appcache/application_1573740654157_0002/container_1573740654157_0002_01_000001/default_container_executor.sh]
datanode_2  | 2019-11-14 14:11:33,359 INFO server.RaftServerConfigKeys: raft.server.staging.catchup.gap = 1000 (default)
nm_1        | 2019-11-14 14:13:30 INFO  Server:1454 - Auth successful for appattempt_1573740654157_0002_000001 (auth:SIMPLE)
rm_1        | 2019-11-14 14:13:07 INFO  ClientRMService:289 - Allocated new applicationId: 2
nm_1        | 2019-11-14 14:13:30 INFO  ContainerManagerImpl:810 - Start request for container_1573740654157_0002_01_000002 by user hadoop
rm_1        | 2019-11-14 14:13:07 INFO  RMContainerImpl:410 - container_1573740654157_0001_01_000001 Container Transitioned from RUNNING to COMPLETED
datanode_2  | 2019-11-14 14:11:33,359 INFO server.RaftServerConfigKeys: raft.server.rpc.sleep.time = 25ms (default)
nm_1        | 2019-11-14 14:13:30 INFO  NMAuditLogger:89 - USER=hadoop	IP=172.18.0.6	OPERATION=Start Container Request	TARGET=ContainerManageImpl	RESULT=SUCCESS	APPID=application_1573740654157_0002	CONTAINERID=container_1573740654157_0002_01_000002
rm_1        | 2019-11-14 14:13:07 INFO  ApplicationMasterService:684 - Unregistering app attempt : appattempt_1573740654157_0001_000001
nm_1        | 2019-11-14 14:13:30 INFO  ApplicationImpl:304 - Adding container_1573740654157_0002_01_000002 to application application_1573740654157_0002
datanode_2  | 2019-11-14 14:11:33,359 INFO server.RaftServerConfigKeys: raft.server.write.element-limit = 4096 (default)
rm_1        | 2019-11-14 14:13:07 INFO  FiCaSchedulerApp:113 - Completed container: container_1573740654157_0001_01_000001 in state: COMPLETED event:FINISHED
nm_1        | 2019-11-14 14:13:30 INFO  ContainerImpl:1135 - Container container_1573740654157_0002_01_000002 transitioned from NEW to LOCALIZING
datanode_2  | 2019-11-14 14:11:33,360 INFO server.RaftServerConfigKeys: raft.server.watch.timeout = 10s (default)
rm_1        | 2019-11-14 14:13:07 INFO  RMAuditLogger:116 - USER=hadoop	OPERATION=AM Released Container	TARGET=SchedulerApp	RESULT=SUCCESS	APPID=application_1573740654157_0001	CONTAINERID=container_1573740654157_0001_01_000001
nm_1        | 2019-11-14 14:13:30 INFO  AuxServices:196 - Got event CONTAINER_INIT for appId application_1573740654157_0002
datanode_2  | 2019-11-14 14:11:33,360 INFO server.RaftServerConfigKeys: raft.server.watch.timeout.denomination = 1s (default)
rm_1        | 2019-11-14 14:13:07 INFO  SchedulerNode:216 - Released container container_1573740654157_0001_01_000001 of capacity <memory:2048, vCores:1> on host nm:44165, which currently has 0 containers, <memory:0, vCores:0> used and <memory:8192, vCores:8> available, release resources=true
nm_1        | 2019-11-14 14:13:30 INFO  AuxServices:196 - Got event APPLICATION_INIT for appId application_1573740654157_0002
datanode_2  | 2019-11-14 14:11:33,360 INFO server.RaftServerConfigKeys: raft.server.watch.element-limit = 65536 (default)
rm_1        | 2019-11-14 14:13:07 INFO  LeafQueue:1712 - default used=<memory:0, vCores:0> numContainers=0 user=hadoop user-resources=<memory:0, vCores:0>
nm_1        | 2019-11-14 14:13:30 INFO  AuxServices:200 - Got APPLICATION_INIT for service mapreduce_shuffle
datanode_2  | 2019-11-14 14:11:33,363 INFO server.RaftServerConfigKeys: raft.server.log.appender.snapshot.chunk.size.max = 16MB (=16777216) (default)
rm_1        | 2019-11-14 14:13:07 INFO  LeafQueue:1663 - completedContainer container=Container: [ContainerId: container_1573740654157_0001_01_000001, NodeId: nm:44165, NodeHttpAddress: nm:8042, Resource: <memory:2048, vCores:1>, Priority: 0, Token: Token { kind: ContainerToken, service: 172.18.0.6:44165 }, ] queue=default: capacity=1.0, absoluteCapacity=1.0, usedResources=<memory:0, vCores:0>, usedCapacity=0.0, absoluteUsedCapacity=0.0, numApps=1, numContainers=0 cluster=<memory:8192, vCores:8>
nm_1        | 2019-11-14 14:13:30 INFO  ShuffleHandler:677 - Added token for job_1573740654157_0002
datanode_2  | 2019-11-14 14:11:33,363 INFO server.RaftServerConfigKeys: raft.server.log.appender.buffer.byte-limit = 33554432 (custom)
rm_1        | 2019-11-14 14:13:07 INFO  ParentQueue:568 - completedContainer queue=root usedCapacity=0.0 absoluteUsedCapacity=0.0 used=<memory:0, vCores:0> cluster=<memory:8192, vCores:8>
nm_1        | 2019-11-14 14:13:30 INFO  ContainerImpl:1135 - Container container_1573740654157_0002_01_000002 transitioned from LOCALIZING to LOCALIZED
datanode_2  | 2019-11-14 14:11:33,364 INFO server.RaftServerConfigKeys: raft.server.log.appender.buffer.element-limit = 1 (custom)
rm_1        | 2019-11-14 14:13:07 INFO  AMRMTokenSecretManager:124 - Application finished, removing password for appattempt_1573740654157_0001_000001
nm_1        | 2019-11-14 14:13:30 INFO  ContainerImpl:1135 - Container container_1573740654157_0002_01_000002 transitioned from LOCALIZED to RUNNING
datanode_2  | 2019-11-14 14:11:33,367 INFO grpc.GrpcConfigKeys$Server: raft.grpc.server.leader.outstanding.appends.max = 128 (default)
rm_1        | 2019-11-14 14:13:07 INFO  ParentQueue:585 - Re-sorting completed queue: root.default stats: default: capacity=1.0, absoluteCapacity=1.0, usedResources=<memory:0, vCores:0>, usedCapacity=0.0, absoluteUsedCapacity=0.0, numApps=1, numContainers=0
datanode_2  | 2019-11-14 14:11:33,367 INFO server.RaftServerConfigKeys: raft.server.rpc.request.timeout = 3000ms (default)
nm_1        | 2019-11-14 14:13:30 INFO  ContainersMonitorImpl:196 - Neither virutal-memory nor physical-memory monitoring is needed. Not running the monitor-thread
rm_1        | 2019-11-14 14:13:07 INFO  CapacityScheduler:1443 - Application attempt appattempt_1573740654157_0001_000001 released container container_1573740654157_0001_01_000001 on node: host: nm:44165 #containers=0 available=<memory:8192, vCores:8> used=<memory:0, vCores:0> with event: FINISHED
datanode_2  | 2019-11-14 14:11:33,367 INFO server.RaftServerConfigKeys: raft.server.log.appender.install.snapshot.enabled = false (custom)
nm_1        | 2019-11-14 14:13:30 INFO  DefaultContainerExecutor:268 - launchContainer: [bash, /tmp/hadoop-hadoop/nm-local-dir/usercache/hadoop/appcache/application_1573740654157_0002/container_1573740654157_0002_01_000002/default_container_executor.sh]
rm_1        | 2019-11-14 14:13:07 INFO  RMAppAttemptImpl:815 - appattempt_1573740654157_0001_000001 State change from FINISHING to FINISHED
nm_1        | 2019-11-14 14:13:34 INFO  Server:1454 - Auth successful for appattempt_1573740654157_0002_000001 (auth:SIMPLE)
rm_1        | 2019-11-14 14:13:07 INFO  RMAppImpl:718 - application_1573740654157_0001 State change from FINISHING to FINISHED on event=ATTEMPT_FINISHED
datanode_2  | 2019-11-14 14:11:33,368 WARN impl.MetricRegistriesImpl: First MetricRegistry has been created without registering reporters. You may need to call MetricRegistries.global().addReportRegistration(...) before.
nm_1        | 2019-11-14 14:13:34 INFO  ContainerManagerImpl:960 - Stopping container with container Id: container_1573740654157_0002_01_000002
rm_1        | 2019-11-14 14:13:07 INFO  CapacityScheduler:882 - Application Attempt appattempt_1573740654157_0001_000001 is done. finalState=FINISHED
datanode_2  | 2019-11-14 14:11:33,369 INFO server.RaftServerConfigKeys: raft.server.log.appender.snapshot.chunk.size.max = 16MB (=16777216) (default)
nm_1        | 2019-11-14 14:13:34 INFO  NMAuditLogger:89 - USER=hadoop	IP=172.18.0.6	OPERATION=Stop Container Request	TARGET=ContainerManageImpl	RESULT=SUCCESS	APPID=application_1573740654157_0002	CONTAINERID=container_1573740654157_0002_01_000002
rm_1        | 2019-11-14 14:13:07 INFO  AppSchedulingInfo:115 - Application application_1573740654157_0001 requests cleared
datanode_2  | 2019-11-14 14:11:33,369 INFO server.RaftServerConfigKeys: raft.server.log.appender.buffer.byte-limit = 33554432 (custom)
nm_1        | 2019-11-14 14:13:34 INFO  ContainerImpl:1135 - Container container_1573740654157_0002_01_000002 transitioned from RUNNING to KILLING
rm_1        | 2019-11-14 14:13:07 INFO  AMLauncher:263 - Cleaning master appattempt_1573740654157_0001_000001
datanode_2  | 2019-11-14 14:11:33,370 INFO server.RaftServerConfigKeys: raft.server.log.appender.buffer.element-limit = 1 (custom)
nm_1        | 2019-11-14 14:13:34 INFO  ContainerLaunch:370 - Cleaning up container container_1573740654157_0002_01_000002
rm_1        | 2019-11-14 14:13:07 INFO  RMAuditLogger:158 - USER=hadoop	OPERATION=Application Finished - Succeeded	TARGET=RMAppManager	RESULT=SUCCESS	APPID=application_1573740654157_0001
datanode_2  | 2019-11-14 14:11:33,370 INFO grpc.GrpcConfigKeys$Server: raft.grpc.server.leader.outstanding.appends.max = 128 (default)
nm_1        | 2019-11-14 14:13:34 WARN  DefaultContainerExecutor:224 - Exit code from container container_1573740654157_0002_01_000002 is : 143
rm_1        | 2019-11-14 14:13:07 INFO  LeafQueue:729 - Application removed - appId: application_1573740654157_0001 user: hadoop queue: default #user-pending-applications: 0 #user-active-applications: 0 #queue-pending-applications: 0 #queue-active-applications: 0
datanode_2  | 2019-11-14 14:11:33,370 INFO server.RaftServerConfigKeys: raft.server.rpc.request.timeout = 3000ms (default)
rm_1        | 2019-11-14 14:13:07 INFO  ParentQueue:370 - Application removed - appId: application_1573740654157_0001 user: hadoop leaf-queue of parent: root #applications: 0
nm_1        | 2019-11-14 14:13:35 INFO  ContainerImpl:1135 - Container container_1573740654157_0002_01_000002 transitioned from KILLING to CONTAINER_CLEANEDUP_AFTER_KILL
datanode_2  | 2019-11-14 14:11:33,370 INFO server.RaftServerConfigKeys: raft.server.log.appender.install.snapshot.enabled = false (custom)
rm_1        | 2019-11-14 14:13:07 INFO  RMAppManager$ApplicationSummary:186 - appId=application_1573740654157_0001,name=QuasiMonteCarlo,user=hadoop,queue=default,state=FINISHED,trackingUrl=http://rm:8088/proxy/application_1573740654157_0001/,appMasterHost=nm,startTime=1573740736975,finishTime=1573740781043,finalStatus=SUCCEEDED,memorySeconds=188681,vcoreSeconds=68,preemptedAMContainers=0,preemptedNonAMContainers=0,preemptedResources=<memory:0\, vCores:0>,applicationType=MAPREDUCE
nm_1        | 2019-11-14 14:13:35 INFO  NMAuditLogger:89 - USER=hadoop	OPERATION=Container Finished - Killed	TARGET=ContainerImpl	RESULT=SUCCESS	APPID=application_1573740654157_0002	CONTAINERID=container_1573740654157_0002_01_000002
datanode_2  | 2019-11-14 14:11:33,372 INFO impl.RoleInfo: 3112e914-2ddf-4bf5-bc2e-6d13303ee3f3: start LeaderState
rm_1        | 2019-11-14 14:13:13 INFO  ClientRMService:583 - Application with id 2 submitted by user hadoop
nm_1        | 2019-11-14 14:13:35 INFO  ContainerImpl:1135 - Container container_1573740654157_0002_01_000002 transitioned from CONTAINER_CLEANEDUP_AFTER_KILL to DONE
datanode_2  | 2019-11-14 14:11:33,372 INFO segmented.SegmentedRaftLogWorker: 3112e914-2ddf-4bf5-bc2e-6d13303ee3f3@group-3067FA72AE0F-SegmentedRaftLogWorker: Starting segment from index:0
rm_1        | 2019-11-14 14:13:13 INFO  RMAppImpl:977 - Storing application with id application_1573740654157_0002
nm_1        | 2019-11-14 14:13:35 INFO  ApplicationImpl:347 - Removing container_1573740654157_0002_01_000002 from application application_1573740654157_0002
datanode_2  | 2019-11-14 14:11:33,374 INFO impl.RaftServerImpl: 3112e914-2ddf-4bf5-bc2e-6d13303ee3f3@group-3067FA72AE0F: set configuration 0: [eecafb56-f5e7-4e85-8f73-b76c75a3dceb:172.18.0.7:9858, 8072dd04-300c-449f-bcfb-1f790ca29765:172.18.0.9:9858, 3112e914-2ddf-4bf5-bc2e-6d13303ee3f3:172.18.0.8:9858], old=null at 0
rm_1        | 2019-11-14 14:13:13 INFO  RMAuditLogger:158 - USER=hadoop	IP=172.18.0.2	OPERATION=Submit Application Request	TARGET=ClientRMService	RESULT=SUCCESS	APPID=application_1573740654157_0002
nm_1        | 2019-11-14 14:13:35 INFO  ContainersMonitorImpl:196 - Neither virutal-memory nor physical-memory monitoring is needed. Not running the monitor-thread
datanode_2  | 2019-11-14 14:11:34,503 INFO segmented.SegmentedRaftLogWorker: 3112e914-2ddf-4bf5-bc2e-6d13303ee3f3@group-3067FA72AE0F-SegmentedRaftLogWorker: created new log segment /data/metadata/ratis/956c253a-561e-4fd6-8032-3067fa72ae0f/current/log_inprogress_0
rm_1        | 2019-11-14 14:13:13 INFO  RMStateStore:194 - Storing info for app: application_1573740654157_0002
nm_1        | 2019-11-14 14:13:35 INFO  AuxServices:196 - Got event CONTAINER_STOP for appId application_1573740654157_0002
datanode_2  | 2019-11-14 14:11:44,945 WARN server.GrpcLogAppender: 3112e914-2ddf-4bf5-bc2e-6d13303ee3f3@group-3067FA72AE0F->eecafb56-f5e7-4e85-8f73-b76c75a3dceb-GrpcLogAppender: appendEntries Timeout, request=AppendEntriesRequest:cid=4,entriesCount=1,lastEntry=(t:4, i:1)
rm_1        | 2019-11-14 14:13:13 INFO  RMAppImpl:718 - application_1573740654157_0002 State change from NEW to NEW_SAVING on event=START
nm_1        | 2019-11-14 14:13:37 INFO  NodeStatusUpdaterImpl:490 - Removed completed containers from NM context: [container_1573740654157_0002_01_000002]
datanode_2  | 2019-11-14 14:11:44,946 WARN server.GrpcLogAppender: 3112e914-2ddf-4bf5-bc2e-6d13303ee3f3@group-3067FA72AE0F->8072dd04-300c-449f-bcfb-1f790ca29765-GrpcLogAppender: appendEntries Timeout, request=AppendEntriesRequest:cid=4,entriesCount=1,lastEntry=(t:4, i:1)
rm_1        | 2019-11-14 14:13:13 INFO  RMAppImpl:718 - application_1573740654157_0002 State change from NEW_SAVING to SUBMITTED on event=APP_NEW_SAVED
nm_1        | 2019-11-14 14:13:37 INFO  Server:1454 - Auth successful for appattempt_1573740654157_0002_000001 (auth:SIMPLE)
datanode_2  | 2019-11-14 14:11:44,947 WARN server.GrpcLogAppender: 3112e914-2ddf-4bf5-bc2e-6d13303ee3f3@group-3067FA72AE0F->eecafb56-f5e7-4e85-8f73-b76c75a3dceb-GrpcLogAppender: appendEntries Timeout, request=AppendEntriesRequest:cid=5,entriesCount=1,lastEntry=(t:4, i:2)
rm_1        | 2019-11-14 14:13:13 INFO  ParentQueue:345 - Application added - appId: application_1573740654157_0002 user: hadoop leaf-queue of parent: root #applications: 1
nm_1        | 2019-11-14 14:13:37 INFO  ContainerManagerImpl:810 - Start request for container_1573740654157_0002_01_000003 by user hadoop
datanode_2  | 2019-11-14 14:11:44,947 WARN server.GrpcLogAppender: 3112e914-2ddf-4bf5-bc2e-6d13303ee3f3@group-3067FA72AE0F->8072dd04-300c-449f-bcfb-1f790ca29765-GrpcLogAppender: appendEntries Timeout, request=AppendEntriesRequest:cid=5,entriesCount=1,lastEntry=(t:4, i:2)
rm_1        | 2019-11-14 14:13:13 INFO  CapacityScheduler:814 - Accepted application application_1573740654157_0002 from user: hadoop, in queue: default
nm_1        | 2019-11-14 14:13:37 INFO  NMAuditLogger:89 - USER=hadoop	IP=172.18.0.6	OPERATION=Start Container Request	TARGET=ContainerManageImpl	RESULT=SUCCESS	APPID=application_1573740654157_0002	CONTAINERID=container_1573740654157_0002_01_000003
datanode_2  | 2019-11-14 14:11:45,394 WARN server.GrpcLogAppender: 3112e914-2ddf-4bf5-bc2e-6d13303ee3f3@group-3067FA72AE0F->8072dd04-300c-449f-bcfb-1f790ca29765-AppendLogResponseHandler: Failed appendEntries: org.apache.ratis.thirdparty.io.grpc.StatusRuntimeException: CANCELLED: Failed to read message.
rm_1        | 2019-11-14 14:13:13 INFO  RMAppImpl:718 - application_1573740654157_0002 State change from SUBMITTED to ACCEPTED on event=APP_ACCEPTED
datanode_2  | 2019-11-14 14:11:45,394 WARN server.GrpcLogAppender: 3112e914-2ddf-4bf5-bc2e-6d13303ee3f3@group-3067FA72AE0F->eecafb56-f5e7-4e85-8f73-b76c75a3dceb-AppendLogResponseHandler: Failed appendEntries: org.apache.ratis.thirdparty.io.grpc.StatusRuntimeException: CANCELLED: Failed to read message.
nm_1        | 2019-11-14 14:13:37 INFO  ApplicationImpl:304 - Adding container_1573740654157_0002_01_000003 to application application_1573740654157_0002
rm_1        | 2019-11-14 14:13:13 INFO  ApplicationMasterService:678 - Registering app attempt : appattempt_1573740654157_0002_000001
datanode_2  | 2019-11-14 14:11:45,403 INFO impl.FollowerInfo: 3112e914-2ddf-4bf5-bc2e-6d13303ee3f3@group-3067FA72AE0F->8072dd04-300c-449f-bcfb-1f790ca29765: nextIndex: updateUnconditionally 3 -> 1
nm_1        | 2019-11-14 14:13:37 INFO  ContainerImpl:1135 - Container container_1573740654157_0002_01_000003 transitioned from NEW to LOCALIZING
rm_1        | 2019-11-14 14:13:13 INFO  RMAppAttemptImpl:815 - appattempt_1573740654157_0002_000001 State change from NEW to SUBMITTED
datanode_2  | 2019-11-14 14:11:45,403 INFO impl.FollowerInfo: 3112e914-2ddf-4bf5-bc2e-6d13303ee3f3@group-3067FA72AE0F->eecafb56-f5e7-4e85-8f73-b76c75a3dceb: nextIndex: updateUnconditionally 3 -> 1
nm_1        | 2019-11-14 14:13:37 INFO  AuxServices:196 - Got event CONTAINER_INIT for appId application_1573740654157_0002
rm_1        | 2019-11-14 14:13:13 WARN  LeafQueue:632 - maximum-am-resource-percent is insufficient to start a single application in queue, it is likely set too low. skipping enforcement to allow at least one application to start
datanode_2  | 2019-11-14 14:11:49,487 WARN client.GrpcClientProtocolService: 1-OrderedRequestStreamObserver1: onError: org.apache.ratis.thirdparty.io.grpc.StatusRuntimeException: CANCELLED: cancelled before receiving half close
nm_1        | 2019-11-14 14:13:37 INFO  AuxServices:196 - Got event APPLICATION_INIT for appId application_1573740654157_0002
rm_1        | 2019-11-14 14:13:13 WARN  LeafQueue:653 - maximum-am-resource-percent is insufficient to start a single application in queue for user, it is likely set too low. skipping enforcement to allow at least one application to start
nm_1        | 2019-11-14 14:13:37 INFO  AuxServices:200 - Got APPLICATION_INIT for service mapreduce_shuffle
rm_1        | 2019-11-14 14:13:13 INFO  LeafQueue:667 - Application application_1573740654157_0002 from user: hadoop activated in queue: default
nm_1        | 2019-11-14 14:13:37 INFO  ShuffleHandler:677 - Added token for job_1573740654157_0002
rm_1        | 2019-11-14 14:13:13 INFO  LeafQueue:683 - Application added - appId: application_1573740654157_0002 user: org.apache.hadoop.yarn.server.resourcemanager.scheduler.capacity.LeafQueue$User@5cae3a1b, leaf-queue: default #user-pending-applications: 0 #user-active-applications: 1 #queue-pending-applications: 0 #queue-active-applications: 1
nm_1        | 2019-11-14 14:13:37 INFO  ContainerImpl:1135 - Container container_1573740654157_0002_01_000003 transitioned from LOCALIZING to LOCALIZED
rm_1        | 2019-11-14 14:13:13 INFO  CapacityScheduler:843 - Added Application Attempt appattempt_1573740654157_0002_000001 to scheduler from user hadoop in queue default
nm_1        | 2019-11-14 14:13:37 INFO  ContainerImpl:1135 - Container container_1573740654157_0002_01_000003 transitioned from LOCALIZED to RUNNING
rm_1        | 2019-11-14 14:13:13 INFO  RMAppAttemptImpl:815 - appattempt_1573740654157_0002_000001 State change from SUBMITTED to SCHEDULED
nm_1        | 2019-11-14 14:13:37 INFO  ContainersMonitorImpl:196 - Neither virutal-memory nor physical-memory monitoring is needed. Not running the monitor-thread
rm_1        | 2019-11-14 14:13:13 INFO  RMContainerImpl:410 - container_1573740654157_0002_01_000001 Container Transitioned from NEW to ALLOCATED
nm_1        | 2019-11-14 14:13:37 INFO  DefaultContainerExecutor:268 - launchContainer: [bash, /tmp/hadoop-hadoop/nm-local-dir/usercache/hadoop/appcache/application_1573740654157_0002/container_1573740654157_0002_01_000003/default_container_executor.sh]
rm_1        | 2019-11-14 14:13:13 INFO  RMAuditLogger:116 - USER=hadoop	OPERATION=AM Allocated Container	TARGET=SchedulerApp	RESULT=SUCCESS	APPID=application_1573740654157_0002	CONTAINERID=container_1573740654157_0002_01_000001
nm_1        | 2019-11-14 14:13:40 INFO  ShuffleHandler:1053 - Setting connection close header...
rm_1        | 2019-11-14 14:13:13 INFO  SchedulerNode:153 - Assigned container container_1573740654157_0002_01_000001 of capacity <memory:2048, vCores:1> on host nm:44165, which has 1 containers, <memory:2048, vCores:1> used and <memory:6144, vCores:7> available after allocation
rm_1        | 2019-11-14 14:13:13 INFO  LeafQueue:1558 - assignedContainer application attempt=appattempt_1573740654157_0002_000001 container=Container: [ContainerId: container_1573740654157_0002_01_000001, NodeId: nm:44165, NodeHttpAddress: nm:8042, Resource: <memory:2048, vCores:1>, Priority: 0, Token: null, ] queue=default: capacity=1.0, absoluteCapacity=1.0, usedResources=<memory:0, vCores:0>, usedCapacity=0.0, absoluteUsedCapacity=0.0, numApps=1, numContainers=0 clusterResource=<memory:8192, vCores:8> type=OFF_SWITCH requestedPartition=
nm_1        | 2019-11-14 14:13:42 INFO  Server:1454 - Auth successful for appattempt_1573740654157_0002_000001 (auth:SIMPLE)
rm_1        | 2019-11-14 14:13:13 INFO  ParentQueue:523 - Re-sorting assigned queue: root.default stats: default: capacity=1.0, absoluteCapacity=1.0, usedResources=<memory:2048, vCores:1>, usedCapacity=0.25, absoluteUsedCapacity=0.25, numApps=1, numContainers=1
nm_1        | 2019-11-14 14:13:42 INFO  ContainerManagerImpl:960 - Stopping container with container Id: container_1573740654157_0002_01_000003
rm_1        | 2019-11-14 14:13:13 INFO  ParentQueue:420 - assignedContainer queue=root usedCapacity=0.25 absoluteUsedCapacity=0.25 used=<memory:2048, vCores:1> cluster=<memory:8192, vCores:8>
nm_1        | 2019-11-14 14:13:42 INFO  NMAuditLogger:89 - USER=hadoop	IP=172.18.0.6	OPERATION=Stop Container Request	TARGET=ContainerManageImpl	RESULT=SUCCESS	APPID=application_1573740654157_0002	CONTAINERID=container_1573740654157_0002_01_000003
rm_1        | 2019-11-14 14:13:13 INFO  NMTokenSecretManagerInRM:200 - Sending NMToken for nodeId : nm:44165 for container : container_1573740654157_0002_01_000001
nm_1        | 2019-11-14 14:13:42 INFO  ContainerImpl:1135 - Container container_1573740654157_0002_01_000003 transitioned from RUNNING to KILLING
rm_1        | 2019-11-14 14:13:13 INFO  RMContainerImpl:410 - container_1573740654157_0002_01_000001 Container Transitioned from ALLOCATED to ACQUIRED
nm_1        | 2019-11-14 14:13:42 INFO  ContainerLaunch:370 - Cleaning up container container_1573740654157_0002_01_000003
rm_1        | 2019-11-14 14:13:13 INFO  NMTokenSecretManagerInRM:146 - Clear node set for appattempt_1573740654157_0002_000001
nm_1        | 2019-11-14 14:13:42 WARN  DefaultContainerExecutor:224 - Exit code from container container_1573740654157_0002_01_000003 is : 143
rm_1        | 2019-11-14 14:13:13 INFO  RMAppAttemptImpl:1924 - Storing attempt: AppId: application_1573740654157_0002 AttemptId: appattempt_1573740654157_0002_000001 MasterContainer: Container: [ContainerId: container_1573740654157_0002_01_000001, NodeId: nm:44165, NodeHttpAddress: nm:8042, Resource: <memory:2048, vCores:1>, Priority: 0, Token: Token { kind: ContainerToken, service: 172.18.0.6:44165 }, ]
nm_1        | 2019-11-14 14:13:42 INFO  ContainerImpl:1135 - Container container_1573740654157_0002_01_000003 transitioned from KILLING to CONTAINER_CLEANEDUP_AFTER_KILL
rm_1        | 2019-11-14 14:13:13 INFO  RMAppAttemptImpl:815 - appattempt_1573740654157_0002_000001 State change from SCHEDULED to ALLOCATED_SAVING
nm_1        | 2019-11-14 14:13:42 INFO  NMAuditLogger:89 - USER=hadoop	OPERATION=Container Finished - Killed	TARGET=ContainerImpl	RESULT=SUCCESS	APPID=application_1573740654157_0002	CONTAINERID=container_1573740654157_0002_01_000003
rm_1        | 2019-11-14 14:13:13 INFO  RMAppAttemptImpl:815 - appattempt_1573740654157_0002_000001 State change from ALLOCATED_SAVING to ALLOCATED
rm_1        | 2019-11-14 14:13:13 INFO  AMLauncher:249 - Launching masterappattempt_1573740654157_0002_000001
nm_1        | 2019-11-14 14:13:42 INFO  ContainerImpl:1135 - Container container_1573740654157_0002_01_000003 transitioned from CONTAINER_CLEANEDUP_AFTER_KILL to DONE
rm_1        | 2019-11-14 14:13:13 INFO  AMLauncher:105 - Setting up container Container: [ContainerId: container_1573740654157_0002_01_000001, NodeId: nm:44165, NodeHttpAddress: nm:8042, Resource: <memory:2048, vCores:1>, Priority: 0, Token: Token { kind: ContainerToken, service: 172.18.0.6:44165 }, ] for AM appattempt_1573740654157_0002_000001
nm_1        | 2019-11-14 14:13:42 INFO  ApplicationImpl:347 - Removing container_1573740654157_0002_01_000003 from application application_1573740654157_0002
rm_1        | 2019-11-14 14:13:13 INFO  AMLauncher:187 - Command to launch container container_1573740654157_0002_01_000001 : $JAVA_HOME/bin/java -Djava.io.tmpdir=$PWD/tmp -Dlog4j.configuration=container-log4j.properties -Dyarn.app.container.log.dir=<LOG_DIR> -Dyarn.app.container.log.filesize=0 -Dhadoop.root.logger=INFO,CLA -Dhadoop.root.logfile=syslog  -Xmx1024m org.apache.hadoop.mapreduce.v2.app.MRAppMaster 1><LOG_DIR>/stdout 2><LOG_DIR>/stderr 
nm_1        | 2019-11-14 14:13:42 INFO  ContainersMonitorImpl:196 - Neither virutal-memory nor physical-memory monitoring is needed. Not running the monitor-thread
rm_1        | 2019-11-14 14:13:13 INFO  AMRMTokenSecretManager:195 - Create AMRMToken for ApplicationAttempt: appattempt_1573740654157_0002_000001
rm_1        | 2019-11-14 14:13:13 INFO  AMRMTokenSecretManager:307 - Creating password for appattempt_1573740654157_0002_000001
nm_1        | 2019-11-14 14:13:42 INFO  AuxServices:196 - Got event CONTAINER_STOP for appId application_1573740654157_0002
rm_1        | 2019-11-14 14:13:13 INFO  AMLauncher:126 - Done launching container Container: [ContainerId: container_1573740654157_0002_01_000001, NodeId: nm:44165, NodeHttpAddress: nm:8042, Resource: <memory:2048, vCores:1>, Priority: 0, Token: Token { kind: ContainerToken, service: 172.18.0.6:44165 }, ] for AM appattempt_1573740654157_0002_000001
rm_1        | 2019-11-14 14:13:13 INFO  RMAppAttemptImpl:815 - appattempt_1573740654157_0002_000001 State change from ALLOCATED to LAUNCHED
rm_1        | 2019-11-14 14:13:14 INFO  RMContainerImpl:410 - container_1573740654157_0002_01_000001 Container Transitioned from ACQUIRED to RUNNING
rm_1        | 2019-11-14 14:13:27 INFO  Server:1454 - Auth successful for appattempt_1573740654157_0002_000001 (auth:SIMPLE)
rm_1        | 2019-11-14 14:13:27 INFO  ApplicationMasterService:274 - AM registration appattempt_1573740654157_0002_000001
rm_1        | 2019-11-14 14:13:27 INFO  RMAuditLogger:137 - USER=hadoop	IP=172.18.0.6	OPERATION=Register App Master	TARGET=ApplicationMasterService	RESULT=SUCCESS	APPID=application_1573740654157_0002	APPATTEMPTID=appattempt_1573740654157_0002_000001
rm_1        | 2019-11-14 14:13:27 INFO  RMAppAttemptImpl:815 - appattempt_1573740654157_0002_000001 State change from LAUNCHED to RUNNING
rm_1        | 2019-11-14 14:13:27 INFO  RMAppImpl:718 - application_1573740654157_0002 State change from ACCEPTED to RUNNING on event=ATTEMPT_REGISTERED
rm_1        | 2019-11-14 14:13:29 INFO  RMContainerImpl:410 - container_1573740654157_0002_01_000002 Container Transitioned from NEW to ALLOCATED
rm_1        | 2019-11-14 14:13:29 INFO  RMAuditLogger:116 - USER=hadoop	OPERATION=AM Allocated Container	TARGET=SchedulerApp	RESULT=SUCCESS	APPID=application_1573740654157_0002	CONTAINERID=container_1573740654157_0002_01_000002
rm_1        | 2019-11-14 14:13:29 INFO  SchedulerNode:153 - Assigned container container_1573740654157_0002_01_000002 of capacity <memory:4096, vCores:1> on host nm:44165, which has 2 containers, <memory:6144, vCores:2> used and <memory:2048, vCores:6> available after allocation
rm_1        | 2019-11-14 14:13:29 INFO  LeafQueue:1558 - assignedContainer application attempt=appattempt_1573740654157_0002_000001 container=Container: [ContainerId: container_1573740654157_0002_01_000002, NodeId: nm:44165, NodeHttpAddress: nm:8042, Resource: <memory:4096, vCores:1>, Priority: 20, Token: null, ] queue=default: capacity=1.0, absoluteCapacity=1.0, usedResources=<memory:2048, vCores:1>, usedCapacity=0.25, absoluteUsedCapacity=0.25, numApps=1, numContainers=1 clusterResource=<memory:8192, vCores:8> type=RACK_LOCAL requestedPartition=
rm_1        | 2019-11-14 14:13:29 INFO  ParentQueue:523 - Re-sorting assigned queue: root.default stats: default: capacity=1.0, absoluteCapacity=1.0, usedResources=<memory:6144, vCores:2>, usedCapacity=0.75, absoluteUsedCapacity=0.75, numApps=1, numContainers=2
rm_1        | 2019-11-14 14:13:29 INFO  ParentQueue:420 - assignedContainer queue=root usedCapacity=0.75 absoluteUsedCapacity=0.75 used=<memory:6144, vCores:2> cluster=<memory:8192, vCores:8>
rm_1        | 2019-11-14 14:13:30 INFO  NMTokenSecretManagerInRM:200 - Sending NMToken for nodeId : nm:44165 for container : container_1573740654157_0002_01_000002
rm_1        | 2019-11-14 14:13:30 INFO  RMContainerImpl:410 - container_1573740654157_0002_01_000002 Container Transitioned from ALLOCATED to ACQUIRED
rm_1        | 2019-11-14 14:13:30 INFO  RMContainerImpl:410 - container_1573740654157_0002_01_000002 Container Transitioned from ACQUIRED to RUNNING
rm_1        | 2019-11-14 14:13:31 INFO  AppSchedulingInfo:204 - checking for deactivate of application :application_1573740654157_0002
rm_1        | 2019-11-14 14:13:35 INFO  RMContainerImpl:410 - container_1573740654157_0002_01_000002 Container Transitioned from RUNNING to COMPLETED
rm_1        | 2019-11-14 14:13:35 INFO  FiCaSchedulerApp:113 - Completed container: container_1573740654157_0002_01_000002 in state: COMPLETED event:FINISHED
rm_1        | 2019-11-14 14:13:35 INFO  RMAuditLogger:116 - USER=hadoop	OPERATION=AM Released Container	TARGET=SchedulerApp	RESULT=SUCCESS	APPID=application_1573740654157_0002	CONTAINERID=container_1573740654157_0002_01_000002
rm_1        | 2019-11-14 14:13:35 INFO  SchedulerNode:216 - Released container container_1573740654157_0002_01_000002 of capacity <memory:4096, vCores:1> on host nm:44165, which currently has 1 containers, <memory:2048, vCores:1> used and <memory:6144, vCores:7> available, release resources=true
rm_1        | 2019-11-14 14:13:35 INFO  LeafQueue:1712 - default used=<memory:2048, vCores:1> numContainers=1 user=hadoop user-resources=<memory:2048, vCores:1>
rm_1        | 2019-11-14 14:13:35 INFO  LeafQueue:1663 - completedContainer container=Container: [ContainerId: container_1573740654157_0002_01_000002, NodeId: nm:44165, NodeHttpAddress: nm:8042, Resource: <memory:4096, vCores:1>, Priority: 20, Token: Token { kind: ContainerToken, service: 172.18.0.6:44165 }, ] queue=default: capacity=1.0, absoluteCapacity=1.0, usedResources=<memory:2048, vCores:1>, usedCapacity=0.25, absoluteUsedCapacity=0.25, numApps=1, numContainers=1 cluster=<memory:8192, vCores:8>
rm_1        | 2019-11-14 14:13:35 INFO  ParentQueue:568 - completedContainer queue=root usedCapacity=0.25 absoluteUsedCapacity=0.25 used=<memory:2048, vCores:1> cluster=<memory:8192, vCores:8>
rm_1        | 2019-11-14 14:13:35 INFO  ParentQueue:585 - Re-sorting completed queue: root.default stats: default: capacity=1.0, absoluteCapacity=1.0, usedResources=<memory:2048, vCores:1>, usedCapacity=0.25, absoluteUsedCapacity=0.25, numApps=1, numContainers=1
rm_1        | 2019-11-14 14:13:35 INFO  CapacityScheduler:1443 - Application attempt appattempt_1573740654157_0002_000001 released container container_1573740654157_0002_01_000002 on node: host: nm:44165 #containers=1 available=<memory:6144, vCores:7> used=<memory:2048, vCores:1> with event: FINISHED
rm_1        | 2019-11-14 14:13:37 INFO  RMContainerImpl:410 - container_1573740654157_0002_01_000003 Container Transitioned from NEW to ALLOCATED
rm_1        | 2019-11-14 14:13:37 INFO  RMAuditLogger:116 - USER=hadoop	OPERATION=AM Allocated Container	TARGET=SchedulerApp	RESULT=SUCCESS	APPID=application_1573740654157_0002	CONTAINERID=container_1573740654157_0002_01_000003
rm_1        | 2019-11-14 14:13:37 INFO  SchedulerNode:153 - Assigned container container_1573740654157_0002_01_000003 of capacity <memory:4096, vCores:1> on host nm:44165, which has 2 containers, <memory:6144, vCores:2> used and <memory:2048, vCores:6> available after allocation
rm_1        | 2019-11-14 14:13:37 INFO  LeafQueue:1558 - assignedContainer application attempt=appattempt_1573740654157_0002_000001 container=Container: [ContainerId: container_1573740654157_0002_01_000003, NodeId: nm:44165, NodeHttpAddress: nm:8042, Resource: <memory:4096, vCores:1>, Priority: 10, Token: null, ] queue=default: capacity=1.0, absoluteCapacity=1.0, usedResources=<memory:2048, vCores:1>, usedCapacity=0.25, absoluteUsedCapacity=0.25, numApps=1, numContainers=1 clusterResource=<memory:8192, vCores:8> type=OFF_SWITCH requestedPartition=
rm_1        | 2019-11-14 14:13:37 INFO  ParentQueue:523 - Re-sorting assigned queue: root.default stats: default: capacity=1.0, absoluteCapacity=1.0, usedResources=<memory:6144, vCores:2>, usedCapacity=0.75, absoluteUsedCapacity=0.75, numApps=1, numContainers=2
rm_1        | 2019-11-14 14:13:37 INFO  ParentQueue:420 - assignedContainer queue=root usedCapacity=0.75 absoluteUsedCapacity=0.75 used=<memory:6144, vCores:2> cluster=<memory:8192, vCores:8>
rm_1        | 2019-11-14 14:13:37 INFO  RMContainerImpl:410 - container_1573740654157_0002_01_000003 Container Transitioned from ALLOCATED to ACQUIRED
rm_1        | 2019-11-14 14:13:38 INFO  RMContainerImpl:410 - container_1573740654157_0002_01_000003 Container Transitioned from ACQUIRED to RUNNING
rm_1        | 2019-11-14 14:13:38 INFO  AppSchedulingInfo:204 - checking for deactivate of application :application_1573740654157_0002
rm_1        | 2019-11-14 14:13:42 INFO  RMContainerImpl:410 - container_1573740654157_0002_01_000003 Container Transitioned from RUNNING to COMPLETED
rm_1        | 2019-11-14 14:13:42 INFO  FiCaSchedulerApp:113 - Completed container: container_1573740654157_0002_01_000003 in state: COMPLETED event:FINISHED
rm_1        | 2019-11-14 14:13:42 INFO  RMAuditLogger:116 - USER=hadoop	OPERATION=AM Released Container	TARGET=SchedulerApp	RESULT=SUCCESS	APPID=application_1573740654157_0002	CONTAINERID=container_1573740654157_0002_01_000003
rm_1        | 2019-11-14 14:13:42 INFO  SchedulerNode:216 - Released container container_1573740654157_0002_01_000003 of capacity <memory:4096, vCores:1> on host nm:44165, which currently has 1 containers, <memory:2048, vCores:1> used and <memory:6144, vCores:7> available, release resources=true
rm_1        | 2019-11-14 14:13:42 INFO  LeafQueue:1712 - default used=<memory:2048, vCores:1> numContainers=1 user=hadoop user-resources=<memory:2048, vCores:1>
rm_1        | 2019-11-14 14:13:42 INFO  LeafQueue:1663 - completedContainer container=Container: [ContainerId: container_1573740654157_0002_01_000003, NodeId: nm:44165, NodeHttpAddress: nm:8042, Resource: <memory:4096, vCores:1>, Priority: 10, Token: Token { kind: ContainerToken, service: 172.18.0.6:44165 }, ] queue=default: capacity=1.0, absoluteCapacity=1.0, usedResources=<memory:2048, vCores:1>, usedCapacity=0.25, absoluteUsedCapacity=0.25, numApps=1, numContainers=1 cluster=<memory:8192, vCores:8>
rm_1        | 2019-11-14 14:13:42 INFO  ParentQueue:568 - completedContainer queue=root usedCapacity=0.25 absoluteUsedCapacity=0.25 used=<memory:2048, vCores:1> cluster=<memory:8192, vCores:8>
rm_1        | 2019-11-14 14:13:42 INFO  ParentQueue:585 - Re-sorting completed queue: root.default stats: default: capacity=1.0, absoluteCapacity=1.0, usedResources=<memory:2048, vCores:1>, usedCapacity=0.25, absoluteUsedCapacity=0.25, numApps=1, numContainers=1
rm_1        | 2019-11-14 14:13:42 INFO  CapacityScheduler:1443 - Application attempt appattempt_1573740654157_0002_000001 released container container_1573740654157_0002_01_000003 on node: host: nm:44165 #containers=1 available=<memory:6144, vCores:7> used=<memory:2048, vCores:1> with event: FINISHED
rm_1        | 2019-11-14 14:13:43 INFO  RMAppAttemptImpl:1210 - Updating application attempt appattempt_1573740654157_0002_000001 with final state: FINISHING, and exit status: -1000
rm_1        | 2019-11-14 14:13:43 INFO  RMAppAttemptImpl:815 - appattempt_1573740654157_0002_000001 State change from RUNNING to FINAL_SAVING
rm_1        | 2019-11-14 14:13:43 INFO  RMAppImpl:996 - Updating application application_1573740654157_0002 with final state: FINISHING
rm_1        | 2019-11-14 14:13:43 INFO  RMAppImpl:718 - application_1573740654157_0002 State change from RUNNING to FINAL_SAVING on event=ATTEMPT_UNREGISTERED
rm_1        | 2019-11-14 14:13:43 INFO  RMStateStore:223 - Updating info for app: application_1573740654157_0002
rm_1        | 2019-11-14 14:13:43 INFO  RMAppAttemptImpl:815 - appattempt_1573740654157_0002_000001 State change from FINAL_SAVING to FINISHING
rm_1        | 2019-11-14 14:13:43 INFO  RMAppImpl:718 - application_1573740654157_0002 State change from FINAL_SAVING to FINISHING on event=APP_UPDATE_SAVED
rm_1        | 2019-11-14 14:13:44 INFO  ApplicationMasterService:354 - application_1573740654157_0002 unregistered successfully. 
