grafana_1     | t=2019-10-25T10:33:20+0000 lvl=info msg="Executing migration" logger=migrator id="Add epoch_end column"
datanode_3    | 2019-10-25 10:33:22,269 INFO impl.LeaderElection: aeb8454a-54db-4c47-9c3d-f0c3cdf7090f@group-51E3AB081D8E-LeaderElection5: Election REJECTED; received 2 response(s) [aeb8454a-54db-4c47-9c3d-f0c3cdf7090f<-feb83b78-0c86-4182-a165-3ae9d513f3de#0:FAIL-t6, aeb8454a-54db-4c47-9c3d-f0c3cdf7090f<-8c4e9bc3-0fcf-451e-bf65-caf529d599bb#0:FAIL-t6] and 0 exception(s); aeb8454a-54db-4c47-9c3d-f0c3cdf7090f@group-51E3AB081D8E:t6, leader=null, voted=aeb8454a-54db-4c47-9c3d-f0c3cdf7090f, raftlog=aeb8454a-54db-4c47-9c3d-f0c3cdf7090f@group-51E3AB081D8E-SegmentedRaftLog:OPENED:c-1,f-1,i0, conf=-1: [feb83b78-0c86-4182-a165-3ae9d513f3de:172.18.0.8:9858, aeb8454a-54db-4c47-9c3d-f0c3cdf7090f:172.18.0.2:9858, 8c4e9bc3-0fcf-451e-bf65-caf529d599bb:172.18.0.6:9858], old=null
datanode_1    | 2019-10-25 10:33:22,659 INFO impl.RoleInfo: 8c4e9bc3-0fcf-451e-bf65-caf529d599bb: start FollowerState
freon_1       | 2019-10-25 10:33:43,829 [pool-2-thread-10] INFO       - Creating Bucket: vol-1-02665/bucket-17-84597, with Versioning false and Storage Type set to DISK and Encryption set to false 
datanode_2    | 2019-10-25 10:33:21,776 WARN server.GrpcLogAppender: feb83b78-0c86-4182-a165-3ae9d513f3de@group-51E3AB081D8E->aeb8454a-54db-4c47-9c3d-f0c3cdf7090f-GrpcLogAppender: Wait interrupted by java.lang.InterruptedException
grafana_1     | t=2019-10-25T10:33:20+0000 lvl=info msg="Executing migration" logger=migrator id="Add index for epoch_end"
datanode_3    | 2019-10-25 10:33:22,270 INFO impl.RaftServerImpl: aeb8454a-54db-4c47-9c3d-f0c3cdf7090f@group-51E3AB081D8E: changes role from CANDIDATE to FOLLOWER at term 6 for DISCOVERED_A_NEW_TERM
datanode_1    | 2019-10-25 10:33:22,704 INFO impl.RaftServerImpl: 8c4e9bc3-0fcf-451e-bf65-caf529d599bb@group-51E3AB081D8E: changes role from  FOLLOWER to FOLLOWER at term 10 for recognizeCandidate:aeb8454a-54db-4c47-9c3d-f0c3cdf7090f
freon_1       | 2019-10-25 10:33:43,829 [pool-2-thread-2] INFO       - Creating Bucket: vol-2-68577/bucket-17-66450, with Versioning false and Storage Type set to DISK and Encryption set to false 
datanode_2    | 2019-10-25 10:33:21,777 WARN server.GrpcLogAppender: feb83b78-0c86-4182-a165-3ae9d513f3de@group-51E3AB081D8E->8c4e9bc3-0fcf-451e-bf65-caf529d599bb-GrpcLogAppender: Wait interrupted by java.lang.InterruptedException
grafana_1     | t=2019-10-25T10:33:20+0000 lvl=info msg="Executing migration" logger=migrator id="Make epoch_end the same as epoch"
datanode_3    | 2019-10-25 10:33:22,270 INFO impl.RoleInfo: aeb8454a-54db-4c47-9c3d-f0c3cdf7090f: shutdown LeaderElection
datanode_1    | 2019-10-25 10:33:22,704 INFO impl.RoleInfo: 8c4e9bc3-0fcf-451e-bf65-caf529d599bb: shutdown FollowerState
freon_1       | 2019-10-25 10:33:43,830 [pool-2-thread-7] INFO       - Creating Bucket: vol-3-49539/bucket-17-58376, with Versioning false and Storage Type set to DISK and Encryption set to false 
datanode_2    | 2019-10-25 10:33:21,779 INFO impl.PendingRequests: feb83b78-0c86-4182-a165-3ae9d513f3de@group-51E3AB081D8E-PendingRequests: sendNotLeaderResponses
grafana_1     | t=2019-10-25T10:33:20+0000 lvl=info msg="Executing migration" logger=migrator id="Move region to single row"
datanode_3    | 2019-10-25 10:33:22,270 INFO impl.RoleInfo: aeb8454a-54db-4c47-9c3d-f0c3cdf7090f: start FollowerState
datanode_1    | 2019-10-25 10:33:22,704 INFO impl.RoleInfo: 8c4e9bc3-0fcf-451e-bf65-caf529d599bb: start FollowerState
freon_1       | 2019-10-25 10:33:43,833 [pool-2-thread-9] INFO       - Creating Bucket: vol-4-72812/bucket-17-65684, with Versioning false and Storage Type set to DISK and Encryption set to false 
datanode_2    | 2019-10-25 10:33:21,782 INFO server.GrpcLogAppender: feb83b78-0c86-4182-a165-3ae9d513f3de@group-51E3AB081D8E->aeb8454a-54db-4c47-9c3d-f0c3cdf7090f-AppendLogResponseHandler: follower responses appendEntries COMPLETED
grafana_1     | t=2019-10-25T10:33:20+0000 lvl=info msg="Executing migration" logger=migrator id="create test_data table"
datanode_3    | 2019-10-25 10:33:22,335 INFO impl.FollowerState: aeb8454a-54db-4c47-9c3d-f0c3cdf7090f@group-51E3AB081D8E-FollowerState: change to CANDIDATE, lastRpcTime:64ms, electionTimeout:64ms
datanode_1    | 2019-10-25 10:33:22,705 INFO impl.FollowerState: 8c4e9bc3-0fcf-451e-bf65-caf529d599bb@group-51E3AB081D8E-FollowerState was interrupted: java.lang.InterruptedException: sleep interrupted
freon_1       | 2019-10-25 10:33:43,837 [pool-2-thread-5] INFO       - Creating Bucket: vol-5-17958/bucket-17-65480, with Versioning false and Storage Type set to DISK and Encryption set to false 
datanode_2    | 2019-10-25 10:33:21,784 INFO impl.RoleInfo: feb83b78-0c86-4182-a165-3ae9d513f3de: start FollowerState
grafana_1     | t=2019-10-25T10:33:20+0000 lvl=info msg="Executing migration" logger=migrator id="create dashboard_version table v1"
datanode_3    | 2019-10-25 10:33:22,336 INFO impl.RoleInfo: aeb8454a-54db-4c47-9c3d-f0c3cdf7090f: shutdown FollowerState
datanode_1    | 2019-10-25 10:33:22,814 INFO impl.RaftServerImpl: 8c4e9bc3-0fcf-451e-bf65-caf529d599bb@group-51E3AB081D8E: changes role from  FOLLOWER to FOLLOWER at term 11 for recognizeCandidate:aeb8454a-54db-4c47-9c3d-f0c3cdf7090f
freon_1       | 2019-10-25 10:33:43,839 [pool-2-thread-4] INFO       - Creating Bucket: vol-6-71718/bucket-17-32004, with Versioning false and Storage Type set to DISK and Encryption set to false 
datanode_2    | 2019-10-25 10:33:21,788 INFO impl.FollowerInfo: feb83b78-0c86-4182-a165-3ae9d513f3de@group-51E3AB081D8E->aeb8454a-54db-4c47-9c3d-f0c3cdf7090f: nextIndex: updateUnconditionally 0 -> 0
grafana_1     | t=2019-10-25T10:33:20+0000 lvl=info msg="Executing migration" logger=migrator id="add index dashboard_version.dashboard_id"
datanode_3    | 2019-10-25 10:33:22,336 INFO impl.RaftServerImpl: aeb8454a-54db-4c47-9c3d-f0c3cdf7090f@group-51E3AB081D8E: changes role from  FOLLOWER to CANDIDATE at term 6 for changeToCandidate
datanode_1    | 2019-10-25 10:33:22,814 INFO impl.RoleInfo: 8c4e9bc3-0fcf-451e-bf65-caf529d599bb: shutdown FollowerState
datanode_2    | 2019-10-25 10:33:21,791 INFO server.GrpcLogAppender: feb83b78-0c86-4182-a165-3ae9d513f3de@group-51E3AB081D8E->8c4e9bc3-0fcf-451e-bf65-caf529d599bb-AppendLogResponseHandler: follower responses appendEntries COMPLETED
freon_1       | 2019-10-25 10:33:43,841 [pool-2-thread-1] INFO       - Creating Bucket: vol-7-53368/bucket-17-94035, with Versioning false and Storage Type set to DISK and Encryption set to false 
grafana_1     | t=2019-10-25T10:33:20+0000 lvl=info msg="Executing migration" logger=migrator id="add unique index dashboard_version.dashboard_id and dashboard_version.version"
datanode_3    | 2019-10-25 10:33:22,336 INFO impl.RoleInfo: aeb8454a-54db-4c47-9c3d-f0c3cdf7090f: start LeaderElection
datanode_1    | 2019-10-25 10:33:22,814 INFO impl.RoleInfo: 8c4e9bc3-0fcf-451e-bf65-caf529d599bb: start FollowerState
datanode_2    | 2019-10-25 10:33:21,793 INFO impl.FollowerInfo: feb83b78-0c86-4182-a165-3ae9d513f3de@group-51E3AB081D8E->8c4e9bc3-0fcf-451e-bf65-caf529d599bb: nextIndex: updateUnconditionally 1 -> 0
freon_1       | 2019-10-25 10:33:43,842 [pool-2-thread-2] INFO       - Creating Bucket: vol-8-50694/bucket-17-15874, with Versioning false and Storage Type set to DISK and Encryption set to false 
grafana_1     | t=2019-10-25T10:33:20+0000 lvl=info msg="Executing migration" logger=migrator id="Set dashboard version to 1 where 0"
datanode_3    | 2019-10-25 10:33:22,350 INFO impl.LeaderElection: aeb8454a-54db-4c47-9c3d-f0c3cdf7090f@group-51E3AB081D8E-LeaderElection6: begin an election at term 7 for -1: [feb83b78-0c86-4182-a165-3ae9d513f3de:172.18.0.8:9858, aeb8454a-54db-4c47-9c3d-f0c3cdf7090f:172.18.0.2:9858, 8c4e9bc3-0fcf-451e-bf65-caf529d599bb:172.18.0.6:9858], old=null
datanode_1    | 2019-10-25 10:33:22,814 INFO impl.FollowerState: 8c4e9bc3-0fcf-451e-bf65-caf529d599bb@group-51E3AB081D8E-FollowerState was interrupted: java.lang.InterruptedException: sleep interrupted
datanode_2    | 2019-10-25 10:33:21,818 INFO impl.RaftServerImpl: feb83b78-0c86-4182-a165-3ae9d513f3de@group-51E3AB081D8E: changes role from  FOLLOWER to FOLLOWER at term 4 for recognizeCandidate:aeb8454a-54db-4c47-9c3d-f0c3cdf7090f
freon_1       | 2019-10-25 10:33:43,844 [pool-2-thread-6] INFO       - Creating Bucket: vol-9-39014/bucket-17-30656, with Versioning false and Storage Type set to DISK and Encryption set to false 
grafana_1     | t=2019-10-25T10:33:20+0000 lvl=info msg="Executing migration" logger=migrator id="save existing dashboard data in dashboard_version table v1"
datanode_3    | 2019-10-25 10:33:22,403 INFO impl.LeaderElection: aeb8454a-54db-4c47-9c3d-f0c3cdf7090f@group-51E3AB081D8E-LeaderElection6: Election REJECTED; received 2 response(s) [aeb8454a-54db-4c47-9c3d-f0c3cdf7090f<-feb83b78-0c86-4182-a165-3ae9d513f3de#0:FAIL-t7, aeb8454a-54db-4c47-9c3d-f0c3cdf7090f<-8c4e9bc3-0fcf-451e-bf65-caf529d599bb#0:FAIL-t7] and 0 exception(s); aeb8454a-54db-4c47-9c3d-f0c3cdf7090f@group-51E3AB081D8E:t7, leader=null, voted=aeb8454a-54db-4c47-9c3d-f0c3cdf7090f, raftlog=aeb8454a-54db-4c47-9c3d-f0c3cdf7090f@group-51E3AB081D8E-SegmentedRaftLog:OPENED:c-1,f-1,i0, conf=-1: [feb83b78-0c86-4182-a165-3ae9d513f3de:172.18.0.8:9858, aeb8454a-54db-4c47-9c3d-f0c3cdf7090f:172.18.0.2:9858, 8c4e9bc3-0fcf-451e-bf65-caf529d599bb:172.18.0.6:9858], old=null
datanode_1    | 2019-10-25 10:33:22,958 INFO impl.RaftServerImpl: 8c4e9bc3-0fcf-451e-bf65-caf529d599bb@group-51E3AB081D8E: changes role from  FOLLOWER to FOLLOWER at term 12 for recognizeCandidate:aeb8454a-54db-4c47-9c3d-f0c3cdf7090f
datanode_2    | 2019-10-25 10:33:21,818 INFO impl.RoleInfo: feb83b78-0c86-4182-a165-3ae9d513f3de: shutdown FollowerState
freon_1       | 2019-10-25 10:33:43,845 [pool-2-thread-10] INFO       - Creating Bucket: vol-0-55155/bucket-18-88202, with Versioning false and Storage Type set to DISK and Encryption set to false 
grafana_1     | t=2019-10-25T10:33:20+0000 lvl=info msg="Executing migration" logger=migrator id="alter dashboard_version.data to mediumtext v1"
datanode_1    | 2019-10-25 10:33:22,958 INFO impl.RoleInfo: 8c4e9bc3-0fcf-451e-bf65-caf529d599bb: shutdown FollowerState
datanode_3    | 2019-10-25 10:33:22,403 INFO impl.RaftServerImpl: aeb8454a-54db-4c47-9c3d-f0c3cdf7090f@group-51E3AB081D8E: changes role from CANDIDATE to FOLLOWER at term 7 for DISCOVERED_A_NEW_TERM
freon_1       | 2019-10-25 10:33:43,846 [pool-2-thread-8] INFO       - Creating Bucket: vol-2-68577/bucket-18-56046, with Versioning false and Storage Type set to DISK and Encryption set to false 
datanode_3    | 2019-10-25 10:33:22,404 INFO impl.RoleInfo: aeb8454a-54db-4c47-9c3d-f0c3cdf7090f: shutdown LeaderElection
grafana_1     | t=2019-10-25T10:33:20+0000 lvl=info msg="Executing migration" logger=migrator id="create team table"
datanode_1    | 2019-10-25 10:33:22,959 INFO impl.RoleInfo: 8c4e9bc3-0fcf-451e-bf65-caf529d599bb: start FollowerState
freon_1       | 2019-10-25 10:33:43,846 [pool-2-thread-5] INFO       - Creating Bucket: vol-3-49539/bucket-18-23711, with Versioning false and Storage Type set to DISK and Encryption set to false 
datanode_3    | 2019-10-25 10:33:22,404 INFO impl.RoleInfo: aeb8454a-54db-4c47-9c3d-f0c3cdf7090f: start FollowerState
datanode_2    | 2019-10-25 10:33:21,818 INFO impl.RoleInfo: feb83b78-0c86-4182-a165-3ae9d513f3de: start FollowerState
grafana_1     | t=2019-10-25T10:33:20+0000 lvl=info msg="Executing migration" logger=migrator id="add index team.org_id"
datanode_1    | 2019-10-25 10:33:22,959 INFO impl.FollowerState: 8c4e9bc3-0fcf-451e-bf65-caf529d599bb@group-51E3AB081D8E-FollowerState was interrupted: java.lang.InterruptedException: sleep interrupted
datanode_3    | 2019-10-25 10:33:22,550 INFO impl.FollowerState: aeb8454a-54db-4c47-9c3d-f0c3cdf7090f@group-51E3AB081D8E-FollowerState: change to CANDIDATE, lastRpcTime:145ms, electionTimeout:145ms
datanode_2    | 2019-10-25 10:33:21,819 INFO impl.FollowerState: feb83b78-0c86-4182-a165-3ae9d513f3de@group-51E3AB081D8E-FollowerState was interrupted: java.lang.InterruptedException: sleep interrupted
freon_1       | 2019-10-25 10:33:43,847 [pool-2-thread-9] INFO       - Creating Bucket: vol-4-72812/bucket-18-27084, with Versioning false and Storage Type set to DISK and Encryption set to false 
grafana_1     | t=2019-10-25T10:33:20+0000 lvl=info msg="Executing migration" logger=migrator id="add unique index team_org_id_name"
datanode_1    | 2019-10-25 10:33:23,049 INFO impl.RaftServerImpl: 8c4e9bc3-0fcf-451e-bf65-caf529d599bb@group-51E3AB081D8E: changes role from  FOLLOWER to FOLLOWER at term 13 for recognizeCandidate:aeb8454a-54db-4c47-9c3d-f0c3cdf7090f
datanode_3    | 2019-10-25 10:33:22,550 INFO impl.RoleInfo: aeb8454a-54db-4c47-9c3d-f0c3cdf7090f: shutdown FollowerState
datanode_2    | 2019-10-25 10:33:22,060 INFO impl.RaftServerImpl: feb83b78-0c86-4182-a165-3ae9d513f3de@group-51E3AB081D8E: changes role from  FOLLOWER to FOLLOWER at term 5 for recognizeCandidate:aeb8454a-54db-4c47-9c3d-f0c3cdf7090f
freon_1       | 2019-10-25 10:33:43,846 [pool-2-thread-3] INFO       - Creating Bucket: vol-1-02665/bucket-18-04008, with Versioning false and Storage Type set to DISK and Encryption set to false 
grafana_1     | t=2019-10-25T10:33:20+0000 lvl=info msg="Executing migration" logger=migrator id="create team member table"
datanode_1    | 2019-10-25 10:33:23,049 INFO impl.RoleInfo: 8c4e9bc3-0fcf-451e-bf65-caf529d599bb: shutdown FollowerState
datanode_3    | 2019-10-25 10:33:22,551 INFO impl.RaftServerImpl: aeb8454a-54db-4c47-9c3d-f0c3cdf7090f@group-51E3AB081D8E: changes role from  FOLLOWER to CANDIDATE at term 7 for changeToCandidate
datanode_2    | 2019-10-25 10:33:22,060 INFO impl.RoleInfo: feb83b78-0c86-4182-a165-3ae9d513f3de: shutdown FollowerState
freon_1       | 2019-10-25 10:33:43,851 [pool-2-thread-4] INFO       - Creating Bucket: vol-5-17958/bucket-18-52410, with Versioning false and Storage Type set to DISK and Encryption set to false 
grafana_1     | t=2019-10-25T10:33:20+0000 lvl=info msg="Executing migration" logger=migrator id="add index team_member.org_id"
datanode_3    | 2019-10-25 10:33:22,551 INFO impl.RoleInfo: aeb8454a-54db-4c47-9c3d-f0c3cdf7090f: start LeaderElection
datanode_2    | 2019-10-25 10:33:22,060 INFO impl.RoleInfo: feb83b78-0c86-4182-a165-3ae9d513f3de: start FollowerState
freon_1       | 2019-10-25 10:33:43,851 [pool-2-thread-7] INFO       - Creating Bucket: vol-6-71718/bucket-18-29025, with Versioning false and Storage Type set to DISK and Encryption set to false 
grafana_1     | t=2019-10-25T10:33:20+0000 lvl=info msg="Executing migration" logger=migrator id="add unique index team_member_org_id_team_id_user_id"
datanode_1    | 2019-10-25 10:33:23,049 INFO impl.RoleInfo: 8c4e9bc3-0fcf-451e-bf65-caf529d599bb: start FollowerState
datanode_3    | 2019-10-25 10:33:22,567 INFO impl.LeaderElection: aeb8454a-54db-4c47-9c3d-f0c3cdf7090f@group-51E3AB081D8E-LeaderElection7: begin an election at term 8 for -1: [feb83b78-0c86-4182-a165-3ae9d513f3de:172.18.0.8:9858, aeb8454a-54db-4c47-9c3d-f0c3cdf7090f:172.18.0.2:9858, 8c4e9bc3-0fcf-451e-bf65-caf529d599bb:172.18.0.6:9858], old=null
freon_1       | 2019-10-25 10:33:43,853 [pool-2-thread-6] INFO       - Creating Bucket: vol-7-53368/bucket-18-44802, with Versioning false and Storage Type set to DISK and Encryption set to false 
datanode_2    | 2019-10-25 10:33:22,060 INFO impl.FollowerState: feb83b78-0c86-4182-a165-3ae9d513f3de@group-51E3AB081D8E-FollowerState was interrupted: java.lang.InterruptedException: sleep interrupted
grafana_1     | t=2019-10-25T10:33:21+0000 lvl=info msg="Executing migration" logger=migrator id="Add column email to team table"
datanode_1    | 2019-10-25 10:33:23,049 INFO impl.FollowerState: 8c4e9bc3-0fcf-451e-bf65-caf529d599bb@group-51E3AB081D8E-FollowerState was interrupted: java.lang.InterruptedException: sleep interrupted
datanode_3    | 2019-10-25 10:33:22,592 INFO impl.LeaderElection: aeb8454a-54db-4c47-9c3d-f0c3cdf7090f@group-51E3AB081D8E-LeaderElection7: Election TIMEOUT; received 0 response(s) [] and 0 exception(s); aeb8454a-54db-4c47-9c3d-f0c3cdf7090f@group-51E3AB081D8E:t8, leader=null, voted=aeb8454a-54db-4c47-9c3d-f0c3cdf7090f, raftlog=aeb8454a-54db-4c47-9c3d-f0c3cdf7090f@group-51E3AB081D8E-SegmentedRaftLog:OPENED:c-1,f-1,i0, conf=-1: [feb83b78-0c86-4182-a165-3ae9d513f3de:172.18.0.8:9858, aeb8454a-54db-4c47-9c3d-f0c3cdf7090f:172.18.0.2:9858, 8c4e9bc3-0fcf-451e-bf65-caf529d599bb:172.18.0.6:9858], old=null
freon_1       | 2019-10-25 10:33:43,856 [pool-2-thread-1] INFO       - Creating Bucket: vol-8-50694/bucket-18-39110, with Versioning false and Storage Type set to DISK and Encryption set to false 
datanode_2    | 2019-10-25 10:33:22,246 INFO impl.RaftServerImpl: feb83b78-0c86-4182-a165-3ae9d513f3de@group-51E3AB081D8E: changes role from  FOLLOWER to FOLLOWER at term 6 for recognizeCandidate:aeb8454a-54db-4c47-9c3d-f0c3cdf7090f
grafana_1     | t=2019-10-25T10:33:21+0000 lvl=info msg="Executing migration" logger=migrator id="Add column external to team_member table"
datanode_1    | 2019-10-25 10:33:23,100 INFO impl.RaftServerImpl: 8c4e9bc3-0fcf-451e-bf65-caf529d599bb@group-51E3AB081D8E: changes role from  FOLLOWER to FOLLOWER at term 14 for recognizeCandidate:aeb8454a-54db-4c47-9c3d-f0c3cdf7090f
freon_1       | 2019-10-25 10:33:43,859 [pool-2-thread-10] INFO       - Creating Bucket: vol-9-39014/bucket-18-80515, with Versioning false and Storage Type set to DISK and Encryption set to false 
datanode_3    | 2019-10-25 10:33:22,622 INFO impl.LeaderElection: aeb8454a-54db-4c47-9c3d-f0c3cdf7090f@group-51E3AB081D8E-LeaderElection7: begin an election at term 9 for -1: [feb83b78-0c86-4182-a165-3ae9d513f3de:172.18.0.8:9858, aeb8454a-54db-4c47-9c3d-f0c3cdf7090f:172.18.0.2:9858, 8c4e9bc3-0fcf-451e-bf65-caf529d599bb:172.18.0.6:9858], old=null
datanode_2    | 2019-10-25 10:33:22,247 INFO impl.RoleInfo: feb83b78-0c86-4182-a165-3ae9d513f3de: shutdown FollowerState
grafana_1     | t=2019-10-25T10:33:21+0000 lvl=info msg="Executing migration" logger=migrator id="Add column permission to team_member table"
datanode_1    | 2019-10-25 10:33:23,100 INFO impl.RoleInfo: 8c4e9bc3-0fcf-451e-bf65-caf529d599bb: shutdown FollowerState
datanode_3    | 2019-10-25 10:33:22,671 INFO impl.LeaderElection: aeb8454a-54db-4c47-9c3d-f0c3cdf7090f@group-51E3AB081D8E-LeaderElection7: Election TIMEOUT; received 0 response(s) [] and 0 exception(s); aeb8454a-54db-4c47-9c3d-f0c3cdf7090f@group-51E3AB081D8E:t9, leader=null, voted=aeb8454a-54db-4c47-9c3d-f0c3cdf7090f, raftlog=aeb8454a-54db-4c47-9c3d-f0c3cdf7090f@group-51E3AB081D8E-SegmentedRaftLog:OPENED:c-1,f-1,i0, conf=-1: [feb83b78-0c86-4182-a165-3ae9d513f3de:172.18.0.8:9858, aeb8454a-54db-4c47-9c3d-f0c3cdf7090f:172.18.0.2:9858, 8c4e9bc3-0fcf-451e-bf65-caf529d599bb:172.18.0.6:9858], old=null
freon_1       | 2019-10-25 10:33:43,859 [pool-2-thread-9] INFO       - Creating Bucket: vol-1-02665/bucket-19-04938, with Versioning false and Storage Type set to DISK and Encryption set to false 
datanode_2    | 2019-10-25 10:33:22,247 INFO impl.FollowerState: feb83b78-0c86-4182-a165-3ae9d513f3de@group-51E3AB081D8E-FollowerState was interrupted: java.lang.InterruptedException: sleep interrupted
grafana_1     | t=2019-10-25T10:33:21+0000 lvl=info msg="Executing migration" logger=migrator id="create dashboard acl table"
datanode_1    | 2019-10-25 10:33:23,100 INFO impl.FollowerState: 8c4e9bc3-0fcf-451e-bf65-caf529d599bb@group-51E3AB081D8E-FollowerState was interrupted: java.lang.InterruptedException: sleep interrupted
freon_1       | 2019-10-25 10:33:43,859 [pool-2-thread-8] INFO       - Creating Bucket: vol-2-68577/bucket-19-33098, with Versioning false and Storage Type set to DISK and Encryption set to false 
datanode_3    | 2019-10-25 10:33:22,688 INFO impl.LeaderElection: aeb8454a-54db-4c47-9c3d-f0c3cdf7090f@group-51E3AB081D8E-LeaderElection7: begin an election at term 10 for -1: [feb83b78-0c86-4182-a165-3ae9d513f3de:172.18.0.8:9858, aeb8454a-54db-4c47-9c3d-f0c3cdf7090f:172.18.0.2:9858, 8c4e9bc3-0fcf-451e-bf65-caf529d599bb:172.18.0.6:9858], old=null
datanode_2    | 2019-10-25 10:33:22,247 INFO impl.RoleInfo: feb83b78-0c86-4182-a165-3ae9d513f3de: start FollowerState
grafana_1     | t=2019-10-25T10:33:21+0000 lvl=info msg="Executing migration" logger=migrator id="add index dashboard_acl_dashboard_id"
datanode_1    | 2019-10-25 10:33:23,100 INFO impl.RoleInfo: 8c4e9bc3-0fcf-451e-bf65-caf529d599bb: start FollowerState
freon_1       | 2019-10-25 10:33:43,859 [pool-2-thread-2] INFO       - Creating Bucket: vol-0-55155/bucket-19-35490, with Versioning false and Storage Type set to DISK and Encryption set to false 
datanode_3    | 2019-10-25 10:33:22,733 INFO impl.LeaderElection: aeb8454a-54db-4c47-9c3d-f0c3cdf7090f@group-51E3AB081D8E-LeaderElection7: Election REJECTED; received 2 response(s) [aeb8454a-54db-4c47-9c3d-f0c3cdf7090f<-feb83b78-0c86-4182-a165-3ae9d513f3de#0:FAIL-t10, aeb8454a-54db-4c47-9c3d-f0c3cdf7090f<-8c4e9bc3-0fcf-451e-bf65-caf529d599bb#0:FAIL-t10] and 0 exception(s); aeb8454a-54db-4c47-9c3d-f0c3cdf7090f@group-51E3AB081D8E:t10, leader=null, voted=aeb8454a-54db-4c47-9c3d-f0c3cdf7090f, raftlog=aeb8454a-54db-4c47-9c3d-f0c3cdf7090f@group-51E3AB081D8E-SegmentedRaftLog:OPENED:c-1,f-1,i0, conf=-1: [feb83b78-0c86-4182-a165-3ae9d513f3de:172.18.0.8:9858, aeb8454a-54db-4c47-9c3d-f0c3cdf7090f:172.18.0.2:9858, 8c4e9bc3-0fcf-451e-bf65-caf529d599bb:172.18.0.6:9858], old=null
datanode_2    | 2019-10-25 10:33:22,373 INFO impl.RaftServerImpl: feb83b78-0c86-4182-a165-3ae9d513f3de@group-51E3AB081D8E: changes role from  FOLLOWER to FOLLOWER at term 7 for recognizeCandidate:aeb8454a-54db-4c47-9c3d-f0c3cdf7090f
grafana_1     | t=2019-10-25T10:33:21+0000 lvl=info msg="Executing migration" logger=migrator id="add unique index dashboard_acl_dashboard_id_user_id"
datanode_1    | 2019-10-25 10:33:23,281 INFO impl.RaftServerImpl: 8c4e9bc3-0fcf-451e-bf65-caf529d599bb@group-51E3AB081D8E: changes role from  FOLLOWER to FOLLOWER at term 15 for recognizeCandidate:aeb8454a-54db-4c47-9c3d-f0c3cdf7090f
freon_1       | 2019-10-25 10:33:43,862 [pool-2-thread-7] INFO       - Creating Bucket: vol-3-49539/bucket-19-17711, with Versioning false and Storage Type set to DISK and Encryption set to false 
datanode_3    | 2019-10-25 10:33:22,733 INFO impl.RaftServerImpl: aeb8454a-54db-4c47-9c3d-f0c3cdf7090f@group-51E3AB081D8E: changes role from CANDIDATE to FOLLOWER at term 10 for DISCOVERED_A_NEW_TERM
datanode_2    | 2019-10-25 10:33:22,373 INFO impl.RoleInfo: feb83b78-0c86-4182-a165-3ae9d513f3de: shutdown FollowerState
datanode_1    | 2019-10-25 10:33:23,281 INFO impl.RoleInfo: 8c4e9bc3-0fcf-451e-bf65-caf529d599bb: shutdown FollowerState
grafana_1     | t=2019-10-25T10:33:21+0000 lvl=info msg="Executing migration" logger=migrator id="add unique index dashboard_acl_dashboard_id_team_id"
datanode_3    | 2019-10-25 10:33:22,734 INFO impl.RoleInfo: aeb8454a-54db-4c47-9c3d-f0c3cdf7090f: shutdown LeaderElection
freon_1       | 2019-10-25 10:33:43,862 [pool-2-thread-5] INFO       - Creating Bucket: vol-4-72812/bucket-19-15423, with Versioning false and Storage Type set to DISK and Encryption set to false 
datanode_2    | 2019-10-25 10:33:22,373 INFO impl.RoleInfo: feb83b78-0c86-4182-a165-3ae9d513f3de: start FollowerState
datanode_1    | 2019-10-25 10:33:23,282 INFO impl.FollowerState: 8c4e9bc3-0fcf-451e-bf65-caf529d599bb@group-51E3AB081D8E-FollowerState was interrupted: java.lang.InterruptedException: sleep interrupted
grafana_1     | t=2019-10-25T10:33:21+0000 lvl=info msg="Executing migration" logger=migrator id="save default acl rules in dashboard_acl table"
datanode_3    | 2019-10-25 10:33:22,734 INFO impl.RoleInfo: aeb8454a-54db-4c47-9c3d-f0c3cdf7090f: start FollowerState
freon_1       | 2019-10-25 10:33:43,863 [pool-2-thread-6] INFO       - Creating Bucket: vol-5-17958/bucket-19-79647, with Versioning false and Storage Type set to DISK and Encryption set to false 
datanode_1    | 2019-10-25 10:33:23,282 INFO impl.RoleInfo: 8c4e9bc3-0fcf-451e-bf65-caf529d599bb: start FollowerState
grafana_1     | t=2019-10-25T10:33:21+0000 lvl=info msg="Executing migration" logger=migrator id="create tag table"
datanode_3    | 2019-10-25 10:33:22,763 INFO impl.FollowerState: aeb8454a-54db-4c47-9c3d-f0c3cdf7090f@group-51E3AB081D8E-FollowerState: change to CANDIDATE, lastRpcTime:29ms, electionTimeout:29ms
freon_1       | 2019-10-25 10:33:43,864 [pool-2-thread-1] INFO       - Creating Bucket: vol-7-53368/bucket-19-15072, with Versioning false and Storage Type set to DISK and Encryption set to false 
datanode_2    | 2019-10-25 10:33:22,373 INFO impl.FollowerState: feb83b78-0c86-4182-a165-3ae9d513f3de@group-51E3AB081D8E-FollowerState was interrupted: java.lang.InterruptedException: sleep interrupted
datanode_1    | 2019-10-25 10:33:23,348 INFO impl.RaftServerImpl: 8c4e9bc3-0fcf-451e-bf65-caf529d599bb@group-51E3AB081D8E: changes role from  FOLLOWER to FOLLOWER at term 16 for recognizeCandidate:aeb8454a-54db-4c47-9c3d-f0c3cdf7090f
grafana_1     | t=2019-10-25T10:33:21+0000 lvl=info msg="Executing migration" logger=migrator id="add index tag.key_value"
datanode_3    | 2019-10-25 10:33:22,764 INFO impl.RoleInfo: aeb8454a-54db-4c47-9c3d-f0c3cdf7090f: shutdown FollowerState
freon_1       | 2019-10-25 10:33:43,863 [pool-2-thread-3] INFO       - Creating Bucket: vol-6-71718/bucket-19-20495, with Versioning false and Storage Type set to DISK and Encryption set to false 
datanode_2    | 2019-10-25 10:33:22,590 INFO impl.RaftServerImpl: feb83b78-0c86-4182-a165-3ae9d513f3de@group-51E3AB081D8E: changes role from  FOLLOWER to FOLLOWER at term 8 for recognizeCandidate:aeb8454a-54db-4c47-9c3d-f0c3cdf7090f
datanode_1    | 2019-10-25 10:33:23,348 INFO impl.RoleInfo: 8c4e9bc3-0fcf-451e-bf65-caf529d599bb: shutdown FollowerState
grafana_1     | t=2019-10-25T10:33:21+0000 lvl=info msg="Executing migration" logger=migrator id="create login attempt table"
datanode_3    | 2019-10-25 10:33:22,764 INFO impl.RaftServerImpl: aeb8454a-54db-4c47-9c3d-f0c3cdf7090f@group-51E3AB081D8E: changes role from  FOLLOWER to CANDIDATE at term 10 for changeToCandidate
freon_1       | 2019-10-25 10:33:43,864 [pool-2-thread-4] INFO       - Creating Bucket: vol-8-50694/bucket-19-69100, with Versioning false and Storage Type set to DISK and Encryption set to false 
datanode_2    | 2019-10-25 10:33:22,590 INFO impl.RoleInfo: feb83b78-0c86-4182-a165-3ae9d513f3de: shutdown FollowerState
datanode_1    | 2019-10-25 10:33:23,349 INFO impl.RoleInfo: 8c4e9bc3-0fcf-451e-bf65-caf529d599bb: start FollowerState
grafana_1     | t=2019-10-25T10:33:21+0000 lvl=info msg="Executing migration" logger=migrator id="add index login_attempt.username"
datanode_3    | 2019-10-25 10:33:22,764 INFO impl.RoleInfo: aeb8454a-54db-4c47-9c3d-f0c3cdf7090f: start LeaderElection
freon_1       | 2019-10-25 10:33:43,865 [pool-2-thread-2] INFO       - Creating Bucket: vol-9-39014/bucket-19-33434, with Versioning false and Storage Type set to DISK and Encryption set to false 
datanode_2    | 2019-10-25 10:33:22,591 INFO impl.FollowerState: feb83b78-0c86-4182-a165-3ae9d513f3de@group-51E3AB081D8E-FollowerState was interrupted: java.lang.InterruptedException: sleep interrupted
datanode_1    | 2019-10-25 10:33:23,349 INFO impl.FollowerState: 8c4e9bc3-0fcf-451e-bf65-caf529d599bb@group-51E3AB081D8E-FollowerState was interrupted: java.lang.InterruptedException: sleep interrupted
grafana_1     | t=2019-10-25T10:33:21+0000 lvl=info msg="Executing migration" logger=migrator id="drop index IDX_login_attempt_username - v1"
datanode_3    | 2019-10-25 10:33:22,789 INFO impl.LeaderElection: aeb8454a-54db-4c47-9c3d-f0c3cdf7090f@group-51E3AB081D8E-LeaderElection8: begin an election at term 11 for -1: [feb83b78-0c86-4182-a165-3ae9d513f3de:172.18.0.8:9858, aeb8454a-54db-4c47-9c3d-f0c3cdf7090f:172.18.0.2:9858, 8c4e9bc3-0fcf-451e-bf65-caf529d599bb:172.18.0.6:9858], old=null
freon_1       | 2019-10-25 10:33:43,870 [pool-2-thread-9] INFO       - Creating Bucket: vol-0-55155/bucket-20-39177, with Versioning false and Storage Type set to DISK and Encryption set to false 
datanode_2    | 2019-10-25 10:33:22,591 INFO impl.RoleInfo: feb83b78-0c86-4182-a165-3ae9d513f3de: start FollowerState
datanode_1    | 2019-10-25 10:33:23,476 INFO impl.RaftServerImpl: 8c4e9bc3-0fcf-451e-bf65-caf529d599bb@group-51E3AB081D8E: changes role from  FOLLOWER to FOLLOWER at term 17 for recognizeCandidate:aeb8454a-54db-4c47-9c3d-f0c3cdf7090f
grafana_1     | t=2019-10-25T10:33:21+0000 lvl=info msg="Executing migration" logger=migrator id="Rename table login_attempt to login_attempt_tmp_qwerty - v1"
datanode_3    | 2019-10-25 10:33:22,832 INFO impl.LeaderElection: aeb8454a-54db-4c47-9c3d-f0c3cdf7090f@group-51E3AB081D8E-LeaderElection8: Election REJECTED; received 2 response(s) [aeb8454a-54db-4c47-9c3d-f0c3cdf7090f<-feb83b78-0c86-4182-a165-3ae9d513f3de#0:FAIL-t11, aeb8454a-54db-4c47-9c3d-f0c3cdf7090f<-8c4e9bc3-0fcf-451e-bf65-caf529d599bb#0:FAIL-t11] and 0 exception(s); aeb8454a-54db-4c47-9c3d-f0c3cdf7090f@group-51E3AB081D8E:t11, leader=null, voted=aeb8454a-54db-4c47-9c3d-f0c3cdf7090f, raftlog=aeb8454a-54db-4c47-9c3d-f0c3cdf7090f@group-51E3AB081D8E-SegmentedRaftLog:OPENED:c-1,f-1,i0, conf=-1: [feb83b78-0c86-4182-a165-3ae9d513f3de:172.18.0.8:9858, aeb8454a-54db-4c47-9c3d-f0c3cdf7090f:172.18.0.2:9858, 8c4e9bc3-0fcf-451e-bf65-caf529d599bb:172.18.0.6:9858], old=null
freon_1       | 2019-10-25 10:33:43,872 [pool-2-thread-8] INFO       - Creating Bucket: vol-1-02665/bucket-20-42873, with Versioning false and Storage Type set to DISK and Encryption set to false 
datanode_2    | 2019-10-25 10:33:22,642 INFO impl.RaftServerImpl: feb83b78-0c86-4182-a165-3ae9d513f3de@group-51E3AB081D8E: changes role from  FOLLOWER to FOLLOWER at term 9 for recognizeCandidate:aeb8454a-54db-4c47-9c3d-f0c3cdf7090f
datanode_1    | 2019-10-25 10:33:23,476 INFO impl.RoleInfo: 8c4e9bc3-0fcf-451e-bf65-caf529d599bb: shutdown FollowerState
grafana_1     | t=2019-10-25T10:33:21+0000 lvl=info msg="Executing migration" logger=migrator id="create login_attempt v2"
datanode_3    | 2019-10-25 10:33:22,832 INFO impl.RaftServerImpl: aeb8454a-54db-4c47-9c3d-f0c3cdf7090f@group-51E3AB081D8E: changes role from CANDIDATE to FOLLOWER at term 11 for DISCOVERED_A_NEW_TERM
freon_1       | 2019-10-25 10:33:43,873 [pool-2-thread-10] INFO       - Creating Bucket: vol-2-68577/bucket-20-76305, with Versioning false and Storage Type set to DISK and Encryption set to false 
datanode_2    | 2019-10-25 10:33:22,642 INFO impl.RoleInfo: feb83b78-0c86-4182-a165-3ae9d513f3de: shutdown FollowerState
datanode_1    | 2019-10-25 10:33:23,476 INFO impl.FollowerState: 8c4e9bc3-0fcf-451e-bf65-caf529d599bb@group-51E3AB081D8E-FollowerState was interrupted: java.lang.InterruptedException: sleep interrupted
grafana_1     | t=2019-10-25T10:33:21+0000 lvl=info msg="Executing migration" logger=migrator id="create index IDX_login_attempt_username - v2"
datanode_3    | 2019-10-25 10:33:22,833 INFO impl.RoleInfo: aeb8454a-54db-4c47-9c3d-f0c3cdf7090f: shutdown LeaderElection
freon_1       | 2019-10-25 10:33:43,874 [pool-2-thread-4] INFO       - Creating Bucket: vol-3-49539/bucket-20-75231, with Versioning false and Storage Type set to DISK and Encryption set to false 
datanode_2    | 2019-10-25 10:33:22,642 INFO impl.FollowerState: feb83b78-0c86-4182-a165-3ae9d513f3de@group-51E3AB081D8E-FollowerState was interrupted: java.lang.InterruptedException: sleep interrupted
datanode_1    | 2019-10-25 10:33:23,476 INFO impl.RoleInfo: 8c4e9bc3-0fcf-451e-bf65-caf529d599bb: start FollowerState
grafana_1     | t=2019-10-25T10:33:21+0000 lvl=info msg="Executing migration" logger=migrator id="copy login_attempt v1 to v2"
datanode_3    | 2019-10-25 10:33:22,833 INFO impl.RoleInfo: aeb8454a-54db-4c47-9c3d-f0c3cdf7090f: start FollowerState
datanode_2    | 2019-10-25 10:33:22,642 INFO impl.RoleInfo: feb83b78-0c86-4182-a165-3ae9d513f3de: start FollowerState
datanode_1    | 2019-10-25 10:33:23,527 INFO impl.RaftServerImpl: 8c4e9bc3-0fcf-451e-bf65-caf529d599bb@group-51E3AB081D8E: changes role from  FOLLOWER to FOLLOWER at term 18 for recognizeCandidate:aeb8454a-54db-4c47-9c3d-f0c3cdf7090f
freon_1       | 2019-10-25 10:33:43,875 [pool-2-thread-6] INFO       - Creating Bucket: vol-4-72812/bucket-20-23106, with Versioning false and Storage Type set to DISK and Encryption set to false 
grafana_1     | t=2019-10-25T10:33:21+0000 lvl=info msg="Executing migration" logger=migrator id="drop login_attempt_tmp_qwerty"
datanode_3    | 2019-10-25 10:33:22,911 INFO impl.FollowerState: aeb8454a-54db-4c47-9c3d-f0c3cdf7090f@group-51E3AB081D8E-FollowerState: change to CANDIDATE, lastRpcTime:78ms, electionTimeout:77ms
datanode_2    | 2019-10-25 10:33:22,712 INFO impl.RaftServerImpl: feb83b78-0c86-4182-a165-3ae9d513f3de@group-51E3AB081D8E: changes role from  FOLLOWER to FOLLOWER at term 10 for recognizeCandidate:aeb8454a-54db-4c47-9c3d-f0c3cdf7090f
datanode_1    | 2019-10-25 10:33:23,527 INFO impl.RoleInfo: 8c4e9bc3-0fcf-451e-bf65-caf529d599bb: shutdown FollowerState
freon_1       | 2019-10-25 10:33:43,875 [pool-2-thread-3] INFO       - Creating Bucket: vol-5-17958/bucket-20-64835, with Versioning false and Storage Type set to DISK and Encryption set to false 
grafana_1     | t=2019-10-25T10:33:21+0000 lvl=info msg="Executing migration" logger=migrator id="create user auth table"
datanode_3    | 2019-10-25 10:33:22,912 INFO impl.RoleInfo: aeb8454a-54db-4c47-9c3d-f0c3cdf7090f: shutdown FollowerState
datanode_2    | 2019-10-25 10:33:22,712 INFO impl.RoleInfo: feb83b78-0c86-4182-a165-3ae9d513f3de: shutdown FollowerState
datanode_1    | 2019-10-25 10:33:23,527 INFO impl.RoleInfo: 8c4e9bc3-0fcf-451e-bf65-caf529d599bb: start FollowerState
freon_1       | 2019-10-25 10:33:43,875 [pool-2-thread-5] INFO       - Creating Bucket: vol-6-71718/bucket-20-64383, with Versioning false and Storage Type set to DISK and Encryption set to false 
grafana_1     | t=2019-10-25T10:33:21+0000 lvl=info msg="Executing migration" logger=migrator id="create index IDX_user_auth_auth_module_auth_id - v1"
datanode_3    | 2019-10-25 10:33:22,912 INFO impl.RaftServerImpl: aeb8454a-54db-4c47-9c3d-f0c3cdf7090f@group-51E3AB081D8E: changes role from  FOLLOWER to CANDIDATE at term 11 for changeToCandidate
datanode_2    | 2019-10-25 10:33:22,712 INFO impl.FollowerState: feb83b78-0c86-4182-a165-3ae9d513f3de@group-51E3AB081D8E-FollowerState was interrupted: java.lang.InterruptedException: sleep interrupted
datanode_1    | 2019-10-25 10:33:23,527 INFO impl.FollowerState: 8c4e9bc3-0fcf-451e-bf65-caf529d599bb@group-51E3AB081D8E-FollowerState was interrupted: java.lang.InterruptedException: sleep interrupted
freon_1       | 2019-10-25 10:33:43,876 [pool-2-thread-7] INFO       - Creating Bucket: vol-7-53368/bucket-20-39830, with Versioning false and Storage Type set to DISK and Encryption set to false 
grafana_1     | t=2019-10-25T10:33:21+0000 lvl=info msg="Executing migration" logger=migrator id="alter user_auth.auth_id to length 190"
datanode_3    | 2019-10-25 10:33:22,912 INFO impl.RoleInfo: aeb8454a-54db-4c47-9c3d-f0c3cdf7090f: start LeaderElection
datanode_2    | 2019-10-25 10:33:22,712 INFO impl.RoleInfo: feb83b78-0c86-4182-a165-3ae9d513f3de: start FollowerState
datanode_1    | 2019-10-25 10:33:23,703 INFO impl.RaftServerImpl: 8c4e9bc3-0fcf-451e-bf65-caf529d599bb@group-51E3AB081D8E: changes role from  FOLLOWER to FOLLOWER at term 19 for recognizeCandidate:aeb8454a-54db-4c47-9c3d-f0c3cdf7090f
freon_1       | 2019-10-25 10:33:43,876 [pool-2-thread-2] INFO       - Creating Bucket: vol-8-50694/bucket-20-36580, with Versioning false and Storage Type set to DISK and Encryption set to false 
grafana_1     | t=2019-10-25T10:33:21+0000 lvl=info msg="Executing migration" logger=migrator id="Add OAuth access token to user_auth"
datanode_3    | 2019-10-25 10:33:22,937 INFO impl.LeaderElection: aeb8454a-54db-4c47-9c3d-f0c3cdf7090f@group-51E3AB081D8E-LeaderElection9: begin an election at term 12 for -1: [feb83b78-0c86-4182-a165-3ae9d513f3de:172.18.0.8:9858, aeb8454a-54db-4c47-9c3d-f0c3cdf7090f:172.18.0.2:9858, 8c4e9bc3-0fcf-451e-bf65-caf529d599bb:172.18.0.6:9858], old=null
datanode_2    | 2019-10-25 10:33:22,810 INFO impl.RaftServerImpl: feb83b78-0c86-4182-a165-3ae9d513f3de@group-51E3AB081D8E: changes role from  FOLLOWER to FOLLOWER at term 11 for recognizeCandidate:aeb8454a-54db-4c47-9c3d-f0c3cdf7090f
datanode_1    | 2019-10-25 10:33:23,703 INFO impl.RoleInfo: 8c4e9bc3-0fcf-451e-bf65-caf529d599bb: shutdown FollowerState
freon_1       | 2019-10-25 10:33:43,879 [pool-2-thread-1] INFO       - Creating Bucket: vol-9-39014/bucket-20-27235, with Versioning false and Storage Type set to DISK and Encryption set to false 
grafana_1     | t=2019-10-25T10:33:22+0000 lvl=info msg="Executing migration" logger=migrator id="Add OAuth refresh token to user_auth"
datanode_3    | 2019-10-25 10:33:22,986 INFO impl.LeaderElection: aeb8454a-54db-4c47-9c3d-f0c3cdf7090f@group-51E3AB081D8E-LeaderElection9: Election REJECTED; received 2 response(s) [aeb8454a-54db-4c47-9c3d-f0c3cdf7090f<-feb83b78-0c86-4182-a165-3ae9d513f3de#0:FAIL-t12, aeb8454a-54db-4c47-9c3d-f0c3cdf7090f<-8c4e9bc3-0fcf-451e-bf65-caf529d599bb#0:FAIL-t12] and 0 exception(s); aeb8454a-54db-4c47-9c3d-f0c3cdf7090f@group-51E3AB081D8E:t12, leader=null, voted=aeb8454a-54db-4c47-9c3d-f0c3cdf7090f, raftlog=aeb8454a-54db-4c47-9c3d-f0c3cdf7090f@group-51E3AB081D8E-SegmentedRaftLog:OPENED:c-1,f-1,i0, conf=-1: [feb83b78-0c86-4182-a165-3ae9d513f3de:172.18.0.8:9858, aeb8454a-54db-4c47-9c3d-f0c3cdf7090f:172.18.0.2:9858, 8c4e9bc3-0fcf-451e-bf65-caf529d599bb:172.18.0.6:9858], old=null
datanode_2    | 2019-10-25 10:33:22,811 INFO impl.RoleInfo: feb83b78-0c86-4182-a165-3ae9d513f3de: shutdown FollowerState
datanode_1    | 2019-10-25 10:33:23,703 INFO impl.RoleInfo: 8c4e9bc3-0fcf-451e-bf65-caf529d599bb: start FollowerState
freon_1       | 2019-10-25 10:33:43,879 [pool-2-thread-9] INFO       - Creating Bucket: vol-0-55155/bucket-21-67937, with Versioning false and Storage Type set to DISK and Encryption set to false 
grafana_1     | t=2019-10-25T10:33:22+0000 lvl=info msg="Executing migration" logger=migrator id="Add OAuth token type to user_auth"
datanode_3    | 2019-10-25 10:33:22,987 INFO impl.RaftServerImpl: aeb8454a-54db-4c47-9c3d-f0c3cdf7090f@group-51E3AB081D8E: changes role from CANDIDATE to FOLLOWER at term 12 for DISCOVERED_A_NEW_TERM
datanode_2    | 2019-10-25 10:33:22,811 INFO impl.RoleInfo: feb83b78-0c86-4182-a165-3ae9d513f3de: start FollowerState
datanode_1    | 2019-10-25 10:33:23,703 INFO impl.FollowerState: 8c4e9bc3-0fcf-451e-bf65-caf529d599bb@group-51E3AB081D8E-FollowerState was interrupted: java.lang.InterruptedException: sleep interrupted
freon_1       | 2019-10-25 10:33:43,881 [pool-2-thread-4] INFO       - Creating Bucket: vol-1-02665/bucket-21-33765, with Versioning false and Storage Type set to DISK and Encryption set to false 
grafana_1     | t=2019-10-25T10:33:22+0000 lvl=info msg="Executing migration" logger=migrator id="Add OAuth expiry to user_auth"
datanode_3    | 2019-10-25 10:33:22,987 INFO impl.RoleInfo: aeb8454a-54db-4c47-9c3d-f0c3cdf7090f: shutdown LeaderElection
datanode_2    | 2019-10-25 10:33:22,811 INFO impl.FollowerState: feb83b78-0c86-4182-a165-3ae9d513f3de@group-51E3AB081D8E-FollowerState was interrupted: java.lang.InterruptedException: sleep interrupted
freon_1       | 2019-10-25 10:33:43,883 [pool-2-thread-6] INFO       - Creating Bucket: vol-2-68577/bucket-21-30988, with Versioning false and Storage Type set to DISK and Encryption set to false 
datanode_3    | 2019-10-25 10:33:22,987 INFO impl.RoleInfo: aeb8454a-54db-4c47-9c3d-f0c3cdf7090f: start FollowerState
grafana_1     | t=2019-10-25T10:33:22+0000 lvl=info msg="Executing migration" logger=migrator id="Add index to user_id column in user_auth"
datanode_2    | 2019-10-25 10:33:22,955 INFO impl.RaftServerImpl: feb83b78-0c86-4182-a165-3ae9d513f3de@group-51E3AB081D8E: changes role from  FOLLOWER to FOLLOWER at term 12 for recognizeCandidate:aeb8454a-54db-4c47-9c3d-f0c3cdf7090f
datanode_1    | 2019-10-25 10:33:23,756 INFO impl.RaftServerImpl: 8c4e9bc3-0fcf-451e-bf65-caf529d599bb@group-51E3AB081D8E: changes role from  FOLLOWER to FOLLOWER at term 20 for recognizeCandidate:aeb8454a-54db-4c47-9c3d-f0c3cdf7090f
freon_1       | 2019-10-25 10:33:43,884 [pool-2-thread-8] INFO       - Creating Bucket: vol-3-49539/bucket-21-18535, with Versioning false and Storage Type set to DISK and Encryption set to false 
datanode_3    | 2019-10-25 10:33:23,003 INFO impl.FollowerState: aeb8454a-54db-4c47-9c3d-f0c3cdf7090f@group-51E3AB081D8E-FollowerState: change to CANDIDATE, lastRpcTime:15ms, electionTimeout:15ms
grafana_1     | t=2019-10-25T10:33:22+0000 lvl=info msg="Executing migration" logger=migrator id="create server_lock table"
datanode_2    | 2019-10-25 10:33:22,956 INFO impl.RoleInfo: feb83b78-0c86-4182-a165-3ae9d513f3de: shutdown FollowerState
datanode_1    | 2019-10-25 10:33:23,756 INFO impl.RoleInfo: 8c4e9bc3-0fcf-451e-bf65-caf529d599bb: shutdown FollowerState
freon_1       | 2019-10-25 10:33:43,884 [pool-2-thread-5] INFO       - Creating Bucket: vol-4-72812/bucket-21-10800, with Versioning false and Storage Type set to DISK and Encryption set to false 
datanode_3    | 2019-10-25 10:33:23,004 INFO impl.RoleInfo: aeb8454a-54db-4c47-9c3d-f0c3cdf7090f: shutdown FollowerState
grafana_1     | t=2019-10-25T10:33:22+0000 lvl=info msg="Executing migration" logger=migrator id="add index server_lock.operation_uid"
datanode_2    | 2019-10-25 10:33:22,956 INFO impl.RoleInfo: feb83b78-0c86-4182-a165-3ae9d513f3de: start FollowerState
datanode_1    | 2019-10-25 10:33:23,756 INFO impl.FollowerState: 8c4e9bc3-0fcf-451e-bf65-caf529d599bb@group-51E3AB081D8E-FollowerState was interrupted: java.lang.InterruptedException: sleep interrupted
freon_1       | 2019-10-25 10:33:43,884 [pool-2-thread-3] INFO       - Creating Bucket: vol-5-17958/bucket-21-05801, with Versioning false and Storage Type set to DISK and Encryption set to false 
datanode_3    | 2019-10-25 10:33:23,004 INFO impl.RaftServerImpl: aeb8454a-54db-4c47-9c3d-f0c3cdf7090f@group-51E3AB081D8E: changes role from  FOLLOWER to CANDIDATE at term 12 for changeToCandidate
grafana_1     | t=2019-10-25T10:33:22+0000 lvl=info msg="Executing migration" logger=migrator id="create user auth token table"
datanode_2    | 2019-10-25 10:33:22,956 INFO impl.FollowerState: feb83b78-0c86-4182-a165-3ae9d513f3de@group-51E3AB081D8E-FollowerState was interrupted: java.lang.InterruptedException: sleep interrupted
datanode_1    | 2019-10-25 10:33:23,756 INFO impl.RoleInfo: 8c4e9bc3-0fcf-451e-bf65-caf529d599bb: start FollowerState
freon_1       | 2019-10-25 10:33:43,885 [pool-2-thread-10] INFO       - Creating Bucket: vol-6-71718/bucket-21-30931, with Versioning false and Storage Type set to DISK and Encryption set to false 
datanode_3    | 2019-10-25 10:33:23,004 INFO impl.RoleInfo: aeb8454a-54db-4c47-9c3d-f0c3cdf7090f: start LeaderElection
grafana_1     | t=2019-10-25T10:33:22+0000 lvl=info msg="Executing migration" logger=migrator id="add unique index user_auth_token.auth_token"
datanode_2    | 2019-10-25 10:33:23,051 INFO impl.RaftServerImpl: feb83b78-0c86-4182-a165-3ae9d513f3de@group-51E3AB081D8E: changes role from  FOLLOWER to FOLLOWER at term 13 for recognizeCandidate:aeb8454a-54db-4c47-9c3d-f0c3cdf7090f
datanode_1    | 2019-10-25 10:33:23,956 INFO impl.RaftServerImpl: 8c4e9bc3-0fcf-451e-bf65-caf529d599bb@group-51E3AB081D8E: changes role from  FOLLOWER to FOLLOWER at term 21 for recognizeCandidate:aeb8454a-54db-4c47-9c3d-f0c3cdf7090f
freon_1       | 2019-10-25 10:33:43,886 [pool-2-thread-7] INFO       - Creating Bucket: vol-7-53368/bucket-21-02313, with Versioning false and Storage Type set to DISK and Encryption set to false 
datanode_3    | 2019-10-25 10:33:23,028 INFO impl.LeaderElection: aeb8454a-54db-4c47-9c3d-f0c3cdf7090f@group-51E3AB081D8E-LeaderElection10: begin an election at term 13 for -1: [feb83b78-0c86-4182-a165-3ae9d513f3de:172.18.0.8:9858, aeb8454a-54db-4c47-9c3d-f0c3cdf7090f:172.18.0.2:9858, 8c4e9bc3-0fcf-451e-bf65-caf529d599bb:172.18.0.6:9858], old=null
grafana_1     | t=2019-10-25T10:33:22+0000 lvl=info msg="Executing migration" logger=migrator id="add unique index user_auth_token.prev_auth_token"
datanode_2    | 2019-10-25 10:33:23,051 INFO impl.RoleInfo: feb83b78-0c86-4182-a165-3ae9d513f3de: shutdown FollowerState
datanode_1    | 2019-10-25 10:33:23,956 INFO impl.RoleInfo: 8c4e9bc3-0fcf-451e-bf65-caf529d599bb: shutdown FollowerState
freon_1       | 2019-10-25 10:33:43,886 [pool-2-thread-2] INFO       - Creating Bucket: vol-8-50694/bucket-21-22255, with Versioning false and Storage Type set to DISK and Encryption set to false 
datanode_3    | 2019-10-25 10:33:23,060 INFO impl.LeaderElection: aeb8454a-54db-4c47-9c3d-f0c3cdf7090f@group-51E3AB081D8E-LeaderElection10: Election TIMEOUT; received 0 response(s) [] and 0 exception(s); aeb8454a-54db-4c47-9c3d-f0c3cdf7090f@group-51E3AB081D8E:t13, leader=null, voted=aeb8454a-54db-4c47-9c3d-f0c3cdf7090f, raftlog=aeb8454a-54db-4c47-9c3d-f0c3cdf7090f@group-51E3AB081D8E-SegmentedRaftLog:OPENED:c-1,f-1,i0, conf=-1: [feb83b78-0c86-4182-a165-3ae9d513f3de:172.18.0.8:9858, aeb8454a-54db-4c47-9c3d-f0c3cdf7090f:172.18.0.2:9858, 8c4e9bc3-0fcf-451e-bf65-caf529d599bb:172.18.0.6:9858], old=null
grafana_1     | t=2019-10-25T10:33:22+0000 lvl=info msg="Executing migration" logger=migrator id="create cache_data table"
datanode_1    | 2019-10-25 10:33:23,956 INFO impl.RoleInfo: 8c4e9bc3-0fcf-451e-bf65-caf529d599bb: start FollowerState
datanode_2    | 2019-10-25 10:33:23,051 INFO impl.FollowerState: feb83b78-0c86-4182-a165-3ae9d513f3de@group-51E3AB081D8E-FollowerState was interrupted: java.lang.InterruptedException: sleep interrupted
freon_1       | 2019-10-25 10:33:43,889 [pool-2-thread-9] INFO       - Creating Bucket: vol-9-39014/bucket-21-31165, with Versioning false and Storage Type set to DISK and Encryption set to false 
datanode_3    | 2019-10-25 10:33:23,074 INFO impl.LeaderElection: aeb8454a-54db-4c47-9c3d-f0c3cdf7090f@group-51E3AB081D8E-LeaderElection10: begin an election at term 14 for -1: [feb83b78-0c86-4182-a165-3ae9d513f3de:172.18.0.8:9858, aeb8454a-54db-4c47-9c3d-f0c3cdf7090f:172.18.0.2:9858, 8c4e9bc3-0fcf-451e-bf65-caf529d599bb:172.18.0.6:9858], old=null
datanode_1    | 2019-10-25 10:33:23,956 INFO impl.FollowerState: 8c4e9bc3-0fcf-451e-bf65-caf529d599bb@group-51E3AB081D8E-FollowerState was interrupted: java.lang.InterruptedException: sleep interrupted
datanode_2    | 2019-10-25 10:33:23,051 INFO impl.RoleInfo: feb83b78-0c86-4182-a165-3ae9d513f3de: start FollowerState
freon_1       | 2019-10-25 10:33:43,890 [pool-2-thread-6] INFO       - Creating Bucket: vol-0-55155/bucket-22-25932, with Versioning false and Storage Type set to DISK and Encryption set to false 
datanode_3    | 2019-10-25 10:33:23,128 INFO impl.LeaderElection: aeb8454a-54db-4c47-9c3d-f0c3cdf7090f@group-51E3AB081D8E-LeaderElection10: Election REJECTED; received 2 response(s) [aeb8454a-54db-4c47-9c3d-f0c3cdf7090f<-feb83b78-0c86-4182-a165-3ae9d513f3de#0:FAIL-t14, aeb8454a-54db-4c47-9c3d-f0c3cdf7090f<-8c4e9bc3-0fcf-451e-bf65-caf529d599bb#0:FAIL-t14] and 0 exception(s); aeb8454a-54db-4c47-9c3d-f0c3cdf7090f@group-51E3AB081D8E:t14, leader=null, voted=aeb8454a-54db-4c47-9c3d-f0c3cdf7090f, raftlog=aeb8454a-54db-4c47-9c3d-f0c3cdf7090f@group-51E3AB081D8E-SegmentedRaftLog:OPENED:c-1,f-1,i0, conf=-1: [feb83b78-0c86-4182-a165-3ae9d513f3de:172.18.0.8:9858, aeb8454a-54db-4c47-9c3d-f0c3cdf7090f:172.18.0.2:9858, 8c4e9bc3-0fcf-451e-bf65-caf529d599bb:172.18.0.6:9858], old=null
datanode_1    | 2019-10-25 10:33:24,072 INFO impl.RaftServerImpl: 8c4e9bc3-0fcf-451e-bf65-caf529d599bb@group-51E3AB081D8E: changes role from  FOLLOWER to FOLLOWER at term 22 for recognizeCandidate:aeb8454a-54db-4c47-9c3d-f0c3cdf7090f
datanode_2    | 2019-10-25 10:33:23,097 INFO impl.RaftServerImpl: feb83b78-0c86-4182-a165-3ae9d513f3de@group-51E3AB081D8E: changes role from  FOLLOWER to FOLLOWER at term 14 for recognizeCandidate:aeb8454a-54db-4c47-9c3d-f0c3cdf7090f
freon_1       | 2019-10-25 10:33:43,891 [pool-2-thread-5] INFO       - Creating Bucket: vol-1-02665/bucket-22-69797, with Versioning false and Storage Type set to DISK and Encryption set to false 
datanode_3    | 2019-10-25 10:33:23,128 INFO impl.RaftServerImpl: aeb8454a-54db-4c47-9c3d-f0c3cdf7090f@group-51E3AB081D8E: changes role from CANDIDATE to FOLLOWER at term 14 for DISCOVERED_A_NEW_TERM
datanode_1    | 2019-10-25 10:33:24,072 INFO impl.RoleInfo: 8c4e9bc3-0fcf-451e-bf65-caf529d599bb: shutdown FollowerState
freon_1       | 2019-10-25 10:33:43,893 [pool-2-thread-1] INFO       - Creating Bucket: vol-2-68577/bucket-22-76010, with Versioning false and Storage Type set to DISK and Encryption set to false 
datanode_2    | 2019-10-25 10:33:23,097 INFO impl.RoleInfo: feb83b78-0c86-4182-a165-3ae9d513f3de: shutdown FollowerState
grafana_1     | t=2019-10-25T10:33:22+0000 lvl=info msg="Executing migration" logger=migrator id="add unique index cache_data.cache_key"
datanode_3    | 2019-10-25 10:33:23,128 INFO impl.RoleInfo: aeb8454a-54db-4c47-9c3d-f0c3cdf7090f: shutdown LeaderElection
datanode_1    | 2019-10-25 10:33:24,073 INFO impl.RoleInfo: 8c4e9bc3-0fcf-451e-bf65-caf529d599bb: start FollowerState
freon_1       | 2019-10-25 10:33:43,893 [pool-2-thread-8] INFO       - Creating Bucket: vol-4-72812/bucket-22-78277, with Versioning false and Storage Type set to DISK and Encryption set to false 
datanode_2    | 2019-10-25 10:33:23,097 INFO impl.RoleInfo: feb83b78-0c86-4182-a165-3ae9d513f3de: start FollowerState
grafana_1     | t=2019-10-25T10:33:22+0000 lvl=info msg="Created default admin" logger=sqlstore user=admin
datanode_3    | 2019-10-25 10:33:23,129 INFO impl.RoleInfo: aeb8454a-54db-4c47-9c3d-f0c3cdf7090f: start FollowerState
