grafana_1     | t=2019-10-25T10:33:13+0000 lvl=info msg="Executing migration" logger=migrator id="create index IDX_temp_user_status - v1-7"
scm_1         | 2019-10-25 10:33:15,530 INFO db.DBStoreBuilder: Using default column profile:DBProfile.DISK for Table:revokedCerts
om_1          | 2019-10-25 10:33:19,735 WARN server.ServerUtils: ozone.om.db.dirs is not configured. We recommend adding this setting. Falling back to ozone.metadata.dirs instead.
datanode_3    | 2019-10-25 10:33:14,191 INFO server.Server: jetty-9.3.25.v20180904, build timestamp: 2018-09-04T21:11:46Z, git hash: 3ce520221d0240229c862b122d2b06c12a625732
datanode_2    | 2019-10-25 10:33:16,221 INFO server.AbstractConnector: Started ServerConnector@6e7c351d{HTTP/1.1,[http/1.1]}{0.0.0.0:9882}
datanode_1    | 2019-10-25 10:33:16,065 INFO handler.ContextHandler: Started o.e.j.s.ServletContextHandler@122d6c22{/static,jar:file:/opt/hadoop/share/ozone/lib/hadoop-hdds-container-service-0.5.0-SNAPSHOT.jar!/webapps/static,AVAILABLE}
freon_1       | 2019-10-25 10:33:43,590 [pool-2-thread-2] INFO       - Creating Bucket: vol-4-72812/bucket-1-17980, with Versioning false and Storage Type set to DISK and Encryption set to false 
grafana_1     | t=2019-10-25T10:33:13+0000 lvl=info msg="Executing migration" logger=migrator id="Update temp_user table charset"
scm_1         | 2019-10-25 10:33:15,542 INFO db.DBStoreBuilder: using custom profile for table: default
om_1          | 2019-10-25 10:33:19,744 WARN server.ServerUtils: ozone.om.db.dirs is not configured. We recommend adding this setting. Falling back to ozone.metadata.dirs instead.
datanode_2    | 2019-10-25 10:33:16,221 INFO server.Server: Started @3299ms
datanode_1    | 2019-10-25 10:33:16,183 INFO handler.ContextHandler: Started o.e.j.w.WebAppContext@3743539f{/,file:///tmp/jetty-0.0.0.0-9882-hddsDatanode-_-any-11636773059368386083.dir/webapp/,AVAILABLE}{/hddsDatanode}
datanode_3    | 2019-10-25 10:33:14,219 INFO handler.ContextHandler: Started o.e.j.s.ServletContextHandler@43e9089{/logs,file:///var/log/hadoop/,AVAILABLE}
freon_1       | 2019-10-25 10:33:43,590 [pool-2-thread-10] INFO       - Creating Bucket: vol-5-17958/bucket-1-77405, with Versioning false and Storage Type set to DISK and Encryption set to false 
grafana_1     | t=2019-10-25T10:33:13+0000 lvl=info msg="Executing migration" logger=migrator id="create star table"
scm_1         | 2019-10-25 10:33:15,542 INFO db.DBStoreBuilder: Using default column profile:DBProfile.DISK for Table:default
om_1          | 2019-10-25 10:33:20,563 WARN server.ServerUtils: ozone.om.db.dirs is not configured. We recommend adding this setting. Falling back to ozone.metadata.dirs instead.
datanode_1    | 2019-10-25 10:33:16,191 INFO server.AbstractConnector: Started ServerConnector@6e7c351d{HTTP/1.1,[http/1.1]}{0.0.0.0:9882}
datanode_2    | 2019-10-25 10:33:16,225 INFO impl.MetricsSinkAdapter: Sink prometheus started
datanode_3    | 2019-10-25 10:33:14,220 INFO handler.ContextHandler: Started o.e.j.s.ServletContextHandler@122d6c22{/static,jar:file:/opt/hadoop/share/ozone/lib/hadoop-hdds-container-service-0.5.0-SNAPSHOT.jar!/webapps/static,AVAILABLE}
freon_1       | 2019-10-25 10:33:43,593 [pool-2-thread-3] INFO       - Creating Bucket: vol-9-39014/bucket-1-16342, with Versioning false and Storage Type set to DISK and Encryption set to false 
grafana_1     | t=2019-10-25T10:33:13+0000 lvl=info msg="Executing migration" logger=migrator id="add unique index star.user_id_dashboard_id"
scm_1         | 2019-10-25 10:33:15,544 INFO db.DBStoreBuilder: Using default options. DBProfile.DISK
om_1          | 2019-10-25 10:33:20,589 INFO util.log: Logging initialized @2629ms
datanode_1    | 2019-10-25 10:33:16,191 INFO server.Server: Started @3245ms
datanode_3    | 2019-10-25 10:33:14,293 INFO handler.ContextHandler: Started o.e.j.w.WebAppContext@3743539f{/,file:///tmp/jetty-0.0.0.0-9882-hddsDatanode-_-any-12673692389700072081.dir/webapp/,AVAILABLE}{/hddsDatanode}
freon_1       | 2019-10-25 10:33:43,598 [pool-2-thread-4] INFO       - Creating Bucket: vol-0-55155/bucket-2-99566, with Versioning false and Storage Type set to DISK and Encryption set to false 
grafana_1     | t=2019-10-25T10:33:14+0000 lvl=info msg="Executing migration" logger=migrator id="create org table v1"
datanode_2    | 2019-10-25 10:33:16,225 INFO impl.MetricsSystemImpl: Registered sink prometheus
scm_1         | 2019-10-25 10:33:15,809 INFO net.NodeSchemaLoader: Loading file from java.lang.CompoundEnumeration@2fba3fc4
om_1          | 2019-10-25 10:33:20,712 INFO db.DBStoreBuilder: using custom profile for table: userTable
datanode_3    | 2019-10-25 10:33:14,305 INFO server.AbstractConnector: Started ServerConnector@464baf9e{HTTP/1.1,[http/1.1]}{0.0.0.0:9882}
datanode_1    | 2019-10-25 10:33:16,194 INFO impl.MetricsSinkAdapter: Sink prometheus started
freon_1       | 2019-10-25 10:33:43,602 [pool-2-thread-1] INFO       - Creating Bucket: vol-1-02665/bucket-2-03429, with Versioning false and Storage Type set to DISK and Encryption set to false 
grafana_1     | t=2019-10-25T10:33:14+0000 lvl=info msg="Executing migration" logger=migrator id="create index UQE_org_name - v1"
datanode_2    | 2019-10-25 10:33:16,227 INFO server.BaseHttpServer: HTTP server of HDDSDATANODE is listening at http://0.0.0.0:9882
scm_1         | 2019-10-25 10:33:15,811 INFO net.NodeSchemaLoader: Loading network topology layer schema file
om_1          | 2019-10-25 10:33:20,712 INFO db.DBStoreBuilder: Using default column profile:DBProfile.DISK for Table:userTable
datanode_3    | 2019-10-25 10:33:14,305 INFO server.Server: Started @3080ms
datanode_1    | 2019-10-25 10:33:16,194 INFO impl.MetricsSystemImpl: Registered sink prometheus
freon_1       | 2019-10-25 10:33:43,603 [pool-2-thread-7] INFO       - Creating Bucket: vol-2-68577/bucket-2-14869, with Versioning false and Storage Type set to DISK and Encryption set to false 
grafana_1     | t=2019-10-25T10:33:14+0000 lvl=info msg="Executing migration" logger=migrator id="create org_user table v1"
datanode_2    | 2019-10-25 10:33:16,254 INFO util.JvmPauseMonitor: Starting JVM pause monitor
scm_1         | 2019-10-25 10:33:15,906 INFO node.SCMNodeManager: Entering startup safe mode.
datanode_3    | 2019-10-25 10:33:14,310 INFO impl.MetricsSinkAdapter: Sink prometheus started
om_1          | 2019-10-25 10:33:20,713 INFO db.DBStoreBuilder: using custom profile for table: volumeTable
datanode_1    | 2019-10-25 10:33:16,197 INFO server.BaseHttpServer: HTTP server of HDDSDATANODE is listening at http://0.0.0.0:9882
freon_1       | 2019-10-25 10:33:43,605 [pool-2-thread-6] INFO       - Creating Bucket: vol-4-72812/bucket-2-56112, with Versioning false and Storage Type set to DISK and Encryption set to false 
grafana_1     | t=2019-10-25T10:33:14+0000 lvl=info msg="Executing migration" logger=migrator id="create index IDX_org_user_org_id - v1"
scm_1         | 2019-10-25 10:33:16,050 INFO algorithms.ContainerPlacementPolicyFactory: Create container placement policy of type org.apache.hadoop.hdds.scm.container.placement.algorithms.SCMContainerPlacementRandom
datanode_2    | 2019-10-25 10:33:16,406 [Datanode State Machine Thread - 0] INFO       - DatanodeDetails is persisted to /data/datanode.id
datanode_3    | 2019-10-25 10:33:14,310 INFO impl.MetricsSystemImpl: Registered sink prometheus
om_1          | 2019-10-25 10:33:20,713 INFO db.DBStoreBuilder: Using default column profile:DBProfile.DISK for Table:volumeTable
datanode_1    | 2019-10-25 10:33:16,211 INFO util.JvmPauseMonitor: Starting JVM pause monitor
freon_1       | 2019-10-25 10:33:43,605 [pool-2-thread-8] INFO       - Creating Bucket: vol-3-49539/bucket-2-46462, with Versioning false and Storage Type set to DISK and Encryption set to false 
grafana_1     | t=2019-10-25T10:33:14+0000 lvl=info msg="Executing migration" logger=migrator id="create index UQE_org_user_org_id_user_id - v1"
scm_1         | 2019-10-25 10:33:16,063 WARN server.ServerUtils: ozone.scm.db.dirs is not configured. We recommend adding this setting. Falling back to ozone.metadata.dirs instead.
datanode_2    | 2019-10-25 10:33:18,412 [Datanode State Machine Thread - 0] INFO       - Attempting to start container services.
datanode_3    | 2019-10-25 10:33:14,313 INFO server.BaseHttpServer: HTTP server of HDDSDATANODE is listening at http://0.0.0.0:9882
om_1          | 2019-10-25 10:33:20,713 INFO db.DBStoreBuilder: using custom profile for table: bucketTable
datanode_1    | 2019-10-25 10:33:16,352 [Datanode State Machine Thread - 0] INFO       - DatanodeDetails is persisted to /data/datanode.id
freon_1       | 2019-10-25 10:33:43,605 [pool-2-thread-3] INFO       - Creating Bucket: vol-5-17958/bucket-2-06777, with Versioning false and Storage Type set to DISK and Encryption set to false 
grafana_1     | t=2019-10-25T10:33:14+0000 lvl=info msg="Executing migration" logger=migrator id="Update org table charset"
scm_1         | 2019-10-25 10:33:16,174 INFO pipeline.SCMPipelineManager: No pipeline exists in current db
datanode_2    | 2019-10-25 10:33:18,415 [Datanode State Machine Thread - 0] INFO       - Background container scanner has been disabled.
datanode_3    | 2019-10-25 10:33:14,339 INFO util.JvmPauseMonitor: Starting JVM pause monitor
om_1          | 2019-10-25 10:33:20,713 INFO db.DBStoreBuilder: Using default column profile:DBProfile.DISK for Table:bucketTable
datanode_1    | 2019-10-25 10:33:18,351 [Datanode State Machine Thread - 0] INFO       - Attempting to start container services.
freon_1       | 2019-10-25 10:33:43,607 [pool-2-thread-2] INFO       - Creating Bucket: vol-7-53368/bucket-2-08103, with Versioning false and Storage Type set to DISK and Encryption set to false 
grafana_1     | t=2019-10-25T10:33:14+0000 lvl=info msg="Executing migration" logger=migrator id="Update org_user table charset"
scm_1         | 2019-10-25 10:33:16,177 WARN server.ServerUtils: ozone.scm.db.dirs is not configured. We recommend adding this setting. Falling back to ozone.metadata.dirs instead.
datanode_3    | 2019-10-25 10:33:14,504 [Datanode State Machine Thread - 0] INFO       - DatanodeDetails is persisted to /data/datanode.id
datanode_2    | 2019-10-25 10:33:18,415 [Datanode State Machine Thread - 0] INFO       - Starting XceiverServerRatis feb83b78-0c86-4182-a165-3ae9d513f3de at port 9858
om_1          | 2019-10-25 10:33:20,713 INFO db.DBStoreBuilder: using custom profile for table: keyTable
datanode_1    | 2019-10-25 10:33:18,354 [Datanode State Machine Thread - 0] INFO       - Background container scanner has been disabled.
freon_1       | 2019-10-25 10:33:43,610 [pool-2-thread-5] INFO       - Creating Bucket: vol-8-50694/bucket-2-08994, with Versioning false and Storage Type set to DISK and Encryption set to false 
scm_1         | 2019-10-25 10:33:16,317 WARN events.EventQueue: No event handler registered for event TypedEvent{payloadType=SafeModeStatus, name='SafeModeStatus'}
datanode_3    | 2019-10-25 10:33:17,406 INFO ipc.Client: Retrying connect to server: scm/172.18.0.7:9861. Already tried 0 time(s); retry policy is RetryUpToMaximumCountWithFixedSleep(maxRetries=2147483647, sleepTime=1000 MILLISECONDS)
datanode_2    | 2019-10-25 10:33:18,436 INFO impl.RaftServerProxy: feb83b78-0c86-4182-a165-3ae9d513f3de: start RPC server
om_1          | 2019-10-25 10:33:20,713 INFO db.DBStoreBuilder: Using default column profile:DBProfile.DISK for Table:keyTable
datanode_1    | 2019-10-25 10:33:18,355 [Datanode State Machine Thread - 0] INFO       - Starting XceiverServerRatis 8c4e9bc3-0fcf-451e-bf65-caf529d599bb at port 9858
grafana_1     | t=2019-10-25T10:33:14+0000 lvl=info msg="Executing migration" logger=migrator id="Migrate all Read Only Viewers to Viewers"
freon_1       | 2019-10-25 10:33:43,610 [pool-2-thread-9] INFO       - Creating Bucket: vol-6-71718/bucket-2-28079, with Versioning false and Storage Type set to DISK and Encryption set to false 
scm_1         | 2019-10-25 10:33:16,886 INFO ipc.CallQueueManager: Using callQueue: class java.util.concurrent.LinkedBlockingQueue, queueCapacity: 1000, scheduler: class org.apache.hadoop.ipc.DefaultRpcScheduler, ipcBackoff: false.
datanode_3    | 2019-10-25 10:33:17,695 [Datanode State Machine Thread - 0] INFO       - Attempting to start container services.
datanode_2    | 2019-10-25 10:33:18,550 INFO server.GrpcService: feb83b78-0c86-4182-a165-3ae9d513f3de: GrpcService started, listening on 0.0.0.0/0.0.0.0:9858
om_1          | 2019-10-25 10:33:20,713 INFO db.DBStoreBuilder: using custom profile for table: deletedTable
grafana_1     | t=2019-10-25T10:33:14+0000 lvl=info msg="Executing migration" logger=migrator id="create dashboard table"
datanode_1    | 2019-10-25 10:33:18,373 INFO impl.RaftServerProxy: 8c4e9bc3-0fcf-451e-bf65-caf529d599bb: start RPC server
freon_1       | 2019-10-25 10:33:43,610 [pool-2-thread-4] INFO       - Creating Bucket: vol-9-39014/bucket-2-98585, with Versioning false and Storage Type set to DISK and Encryption set to false 
scm_1         | 2019-10-25 10:33:16,906 INFO ipc.Server: Starting Socket Reader #1 for port 9861
datanode_3    | 2019-10-25 10:33:17,697 [Datanode State Machine Thread - 0] INFO       - Background container scanner has been disabled.
datanode_2    | WARNING: An illegal reflective access operation has occurred
om_1          | 2019-10-25 10:33:20,713 INFO db.DBStoreBuilder: Using default column profile:DBProfile.DISK for Table:deletedTable
grafana_1     | t=2019-10-25T10:33:14+0000 lvl=info msg="Executing migration" logger=migrator id="add index dashboard.account_id"
datanode_1    | 2019-10-25 10:33:18,482 INFO server.GrpcService: 8c4e9bc3-0fcf-451e-bf65-caf529d599bb: GrpcService started, listening on 0.0.0.0/0.0.0.0:9858
freon_1       | 2019-10-25 10:33:43,610 [pool-2-thread-10] INFO       - Creating Bucket: vol-0-55155/bucket-3-04077, with Versioning false and Storage Type set to DISK and Encryption set to false 
scm_1         | 2019-10-25 10:33:16,933 INFO ipc.CallQueueManager: Using callQueue: class java.util.concurrent.LinkedBlockingQueue, queueCapacity: 1000, scheduler: class org.apache.hadoop.ipc.DefaultRpcScheduler, ipcBackoff: false.
datanode_3    | 2019-10-25 10:33:17,698 [Datanode State Machine Thread - 0] INFO       - Starting XceiverServerRatis aeb8454a-54db-4c47-9c3d-f0c3cdf7090f at port 9858
datanode_2    | WARNING: Illegal reflective access by org.apache.ratis.thirdparty.com.google.protobuf.UnsafeUtil (file:/opt/hadoop/share/ozone/lib/ratis-thirdparty-misc-0.2.0.jar) to field java.nio.Buffer.address
om_1          | 2019-10-25 10:33:20,714 INFO db.DBStoreBuilder: using custom profile for table: openKeyTable
grafana_1     | t=2019-10-25T10:33:14+0000 lvl=info msg="Executing migration" logger=migrator id="add unique index dashboard_account_id_slug"
datanode_1    | WARNING: An illegal reflective access operation has occurred
scm_1         | 2019-10-25 10:33:16,933 INFO ipc.Server: Starting Socket Reader #1 for port 9863
freon_1       | 2019-10-25 10:33:43,612 [pool-2-thread-6] INFO       - Creating Bucket: vol-1-02665/bucket-3-66994, with Versioning false and Storage Type set to DISK and Encryption set to false 
datanode_3    | 2019-10-25 10:33:17,724 INFO impl.RaftServerProxy: aeb8454a-54db-4c47-9c3d-f0c3cdf7090f: start RPC server
datanode_2    | WARNING: Please consider reporting this to the maintainers of org.apache.ratis.thirdparty.com.google.protobuf.UnsafeUtil
om_1          | 2019-10-25 10:33:20,714 INFO db.DBStoreBuilder: Using default column profile:DBProfile.DISK for Table:openKeyTable
grafana_1     | t=2019-10-25T10:33:14+0000 lvl=info msg="Executing migration" logger=migrator id="create dashboard_tag table"
datanode_1    | WARNING: Illegal reflective access by org.apache.ratis.thirdparty.com.google.protobuf.UnsafeUtil (file:/opt/hadoop/share/ozone/lib/ratis-thirdparty-misc-0.2.0.jar) to field java.nio.Buffer.address
scm_1         | 2019-10-25 10:33:16,944 INFO ipc.CallQueueManager: Using callQueue: class java.util.concurrent.LinkedBlockingQueue, queueCapacity: 1000, scheduler: class org.apache.hadoop.ipc.DefaultRpcScheduler, ipcBackoff: false.
freon_1       | 2019-10-25 10:33:43,612 [pool-2-thread-1] INFO       - Creating Bucket: vol-2-68577/bucket-3-70836, with Versioning false and Storage Type set to DISK and Encryption set to false 
datanode_3    | 2019-10-25 10:33:17,849 INFO server.GrpcService: aeb8454a-54db-4c47-9c3d-f0c3cdf7090f: GrpcService started, listening on 0.0.0.0/0.0.0.0:9858
datanode_2    | WARNING: Use --illegal-access=warn to enable warnings of further illegal reflective access operations
om_1          | 2019-10-25 10:33:20,714 INFO db.DBStoreBuilder: using custom profile for table: s3Table
grafana_1     | t=2019-10-25T10:33:14+0000 lvl=info msg="Executing migration" logger=migrator id="add unique index dashboard_tag.dasboard_id_term"
datanode_1    | WARNING: Please consider reporting this to the maintainers of org.apache.ratis.thirdparty.com.google.protobuf.UnsafeUtil
scm_1         | 2019-10-25 10:33:16,945 INFO ipc.Server: Starting Socket Reader #1 for port 9860
datanode_3    | WARNING: An illegal reflective access operation has occurred
datanode_2    | WARNING: All illegal access operations will be denied in a future release
grafana_1     | t=2019-10-25T10:33:14+0000 lvl=info msg="Executing migration" logger=migrator id="drop index UQE_dashboard_tag_dashboard_id_term - v1"
om_1          | 2019-10-25 10:33:20,714 INFO db.DBStoreBuilder: Using default column profile:DBProfile.DISK for Table:s3Table
datanode_1    | WARNING: Use --illegal-access=warn to enable warnings of further illegal reflective access operations
scm_1         | 2019-10-25 10:33:16,980 INFO hdfs.DFSUtil: Starting Web-server for scm at: http://0.0.0.0:9876
datanode_3    | WARNING: Illegal reflective access by org.apache.ratis.thirdparty.com.google.protobuf.UnsafeUtil (file:/opt/hadoop/share/ozone/lib/ratis-thirdparty-misc-0.2.0.jar) to field java.nio.Buffer.address
datanode_2    | 2019-10-25 10:33:21,097 INFO impl.RaftServerProxy: feb83b78-0c86-4182-a165-3ae9d513f3de: addNew group-794E182EF8A3:[feb83b78-0c86-4182-a165-3ae9d513f3de:172.18.0.8:9858] returns group-794E182EF8A3:java.util.concurrent.CompletableFuture@21f1d022[Not completed]
freon_1       | 2019-10-25 10:33:43,613 [pool-2-thread-7] INFO       - Creating Bucket: vol-3-49539/bucket-3-70321, with Versioning false and Storage Type set to DISK and Encryption set to false 
grafana_1     | t=2019-10-25T10:33:14+0000 lvl=info msg="Executing migration" logger=migrator id="Rename table dashboard to dashboard_v1 - v1"
om_1          | 2019-10-25 10:33:20,714 INFO db.DBStoreBuilder: using custom profile for table: multipartInfoTable
datanode_1    | WARNING: All illegal access operations will be denied in a future release
scm_1         | 2019-10-25 10:33:17,148 INFO server.AuthenticationFilter: Unable to initialize FileSignerSecretProvider, falling back to use random secrets.
datanode_3    | WARNING: Please consider reporting this to the maintainers of org.apache.ratis.thirdparty.com.google.protobuf.UnsafeUtil
datanode_2    | 2019-10-25 10:33:21,115 INFO impl.RaftServerImpl: feb83b78-0c86-4182-a165-3ae9d513f3de: new RaftServerImpl for group-794E182EF8A3:[feb83b78-0c86-4182-a165-3ae9d513f3de:172.18.0.8:9858] with ContainerStateMachine:uninitialized
freon_1       | 2019-10-25 10:33:43,613 [pool-2-thread-8] INFO       - Creating Bucket: vol-4-72812/bucket-3-84215, with Versioning false and Storage Type set to DISK and Encryption set to false 
om_1          | 2019-10-25 10:33:20,714 INFO db.DBStoreBuilder: Using default column profile:DBProfile.DISK for Table:multipartInfoTable
datanode_1    | 2019-10-25 10:33:20,517 INFO impl.RaftServerProxy: 8c4e9bc3-0fcf-451e-bf65-caf529d599bb: addNew group-56EE692B5CDD:[8c4e9bc3-0fcf-451e-bf65-caf529d599bb:172.18.0.6:9858] returns group-56EE692B5CDD:java.util.concurrent.CompletableFuture@2810158a[Not completed]
scm_1         | 2019-10-25 10:33:17,161 INFO http.HttpRequestLog: Http request log for http.requests.scm is not defined
datanode_3    | WARNING: Use --illegal-access=warn to enable warnings of further illegal reflective access operations
datanode_2    | 2019-10-25 10:33:21,117 INFO server.RaftServerConfigKeys: raft.server.rpc.timeout.min = 5s (custom)
grafana_1     | t=2019-10-25T10:33:14+0000 lvl=info msg="Executing migration" logger=migrator id="create dashboard v2"
freon_1       | 2019-10-25 10:33:43,614 [pool-2-thread-3] INFO       - Creating Bucket: vol-5-17958/bucket-3-26996, with Versioning false and Storage Type set to DISK and Encryption set to false 
om_1          | 2019-10-25 10:33:20,715 INFO db.DBStoreBuilder: using custom profile for table: dTokenTable
datanode_1    | 2019-10-25 10:33:20,533 INFO impl.RaftServerImpl: 8c4e9bc3-0fcf-451e-bf65-caf529d599bb: new RaftServerImpl for group-56EE692B5CDD:[8c4e9bc3-0fcf-451e-bf65-caf529d599bb:172.18.0.6:9858] with ContainerStateMachine:uninitialized
scm_1         | 2019-10-25 10:33:17,169 INFO http.HttpServer2: Added global filter 'safety' (class=org.apache.hadoop.http.HttpServer2$QuotingInputFilter)
datanode_3    | WARNING: All illegal access operations will be denied in a future release
datanode_2    | 2019-10-25 10:33:21,117 INFO server.RaftServerConfigKeys: raft.server.rpc.timeout.max = 5200ms (custom)
grafana_1     | t=2019-10-25T10:33:14+0000 lvl=info msg="Executing migration" logger=migrator id="create index IDX_dashboard_org_id - v2"
om_1          | 2019-10-25 10:33:20,715 INFO db.DBStoreBuilder: Using default column profile:DBProfile.DISK for Table:dTokenTable
datanode_1    | 2019-10-25 10:33:20,534 INFO server.RaftServerConfigKeys: raft.server.rpc.timeout.min = 5s (custom)
freon_1       | 2019-10-25 10:33:43,619 [pool-2-thread-2] INFO       - Creating Bucket: vol-6-71718/bucket-3-64917, with Versioning false and Storage Type set to DISK and Encryption set to false 
scm_1         | 2019-10-25 10:33:17,171 INFO http.HttpServer2: Added filter static_user_filter (class=org.apache.hadoop.http.lib.StaticUserWebFilter$StaticUserFilter) to context scm
datanode_3    | 2019-10-25 10:33:19,256 INFO impl.RaftServerProxy: aeb8454a-54db-4c47-9c3d-f0c3cdf7090f: addNew group-39EF4461470D:[aeb8454a-54db-4c47-9c3d-f0c3cdf7090f:172.18.0.2:9858] returns group-39EF4461470D:java.util.concurrent.CompletableFuture@47518cbc[Not completed]
datanode_2    | 2019-10-25 10:33:21,117 INFO server.RaftServerConfigKeys: raft.server.rpcslowness.timeout = 120s (custom)
grafana_1     | t=2019-10-25T10:33:14+0000 lvl=info msg="Executing migration" logger=migrator id="create index UQE_dashboard_org_id_slug - v2"
om_1          | 2019-10-25 10:33:20,715 INFO db.DBStoreBuilder: using custom profile for table: s3SecretTable
datanode_1    | 2019-10-25 10:33:20,534 INFO server.RaftServerConfigKeys: raft.server.rpc.timeout.max = 5200ms (custom)
freon_1       | 2019-10-25 10:33:43,622 [pool-2-thread-5] INFO       - Creating Bucket: vol-7-53368/bucket-3-70395, with Versioning false and Storage Type set to DISK and Encryption set to false 
datanode_3    | 2019-10-25 10:33:19,271 INFO impl.RaftServerImpl: aeb8454a-54db-4c47-9c3d-f0c3cdf7090f: new RaftServerImpl for group-39EF4461470D:[aeb8454a-54db-4c47-9c3d-f0c3cdf7090f:172.18.0.2:9858] with ContainerStateMachine:uninitialized
scm_1         | 2019-10-25 10:33:17,171 INFO http.HttpServer2: Added filter static_user_filter (class=org.apache.hadoop.http.lib.StaticUserWebFilter$StaticUserFilter) to context logs
datanode_2    | 2019-10-25 10:33:21,118 INFO server.RaftServerConfigKeys: raft.server.sleep.deviation.threshold = 300 (default)
grafana_1     | t=2019-10-25T10:33:14+0000 lvl=info msg="Executing migration" logger=migrator id="copy dashboard v1 to v2"
om_1          | 2019-10-25 10:33:20,715 INFO db.DBStoreBuilder: Using default column profile:DBProfile.DISK for Table:s3SecretTable
datanode_1    | 2019-10-25 10:33:20,534 INFO server.RaftServerConfigKeys: raft.server.rpcslowness.timeout = 120s (custom)
freon_1       | 2019-10-25 10:33:43,623 [pool-2-thread-4] INFO       - Creating Bucket: vol-8-50694/bucket-3-90110, with Versioning false and Storage Type set to DISK and Encryption set to false 
datanode_3    | 2019-10-25 10:33:19,272 INFO server.RaftServerConfigKeys: raft.server.rpc.timeout.min = 5s (custom)
scm_1         | 2019-10-25 10:33:17,172 INFO http.HttpServer2: Added filter static_user_filter (class=org.apache.hadoop.http.lib.StaticUserWebFilter$StaticUserFilter) to context static
datanode_2    | 2019-10-25 10:33:21,119 INFO server.RaftServerConfigKeys: raft.server.log.appender.install.snapshot.enabled = false (custom)
grafana_1     | t=2019-10-25T10:33:14+0000 lvl=info msg="Executing migration" logger=migrator id="drop table dashboard_v1"
om_1          | 2019-10-25 10:33:20,715 INFO db.DBStoreBuilder: using custom profile for table: prefixTable
datanode_1    | 2019-10-25 10:33:20,535 INFO server.RaftServerConfigKeys: raft.server.sleep.deviation.threshold = 300 (default)
freon_1       | 2019-10-25 10:33:43,623 [pool-2-thread-1] INFO       - Creating Bucket: vol-9-39014/bucket-3-26296, with Versioning false and Storage Type set to DISK and Encryption set to false 
datanode_3    | 2019-10-25 10:33:19,272 INFO server.RaftServerConfigKeys: raft.server.rpc.timeout.max = 5200ms (custom)
scm_1         | 2019-10-25 10:33:17,191 WARN server.BaseHttpServer: /prof java profiling servlet is activated. Not safe for production!
datanode_2    | 2019-10-25 10:33:21,135 INFO impl.RaftServerImpl: feb83b78-0c86-4182-a165-3ae9d513f3de@group-794E182EF8A3: ConfigurationManager, init=-1: [feb83b78-0c86-4182-a165-3ae9d513f3de:172.18.0.8:9858], old=null, confs=<EMPTY_MAP>
grafana_1     | t=2019-10-25T10:33:14+0000 lvl=info msg="Executing migration" logger=migrator id="alter dashboard.data to mediumtext v1"
om_1          | 2019-10-25 10:33:20,715 INFO db.DBStoreBuilder: Using default column profile:DBProfile.DISK for Table:prefixTable
datanode_1    | 2019-10-25 10:33:20,535 INFO server.RaftServerConfigKeys: raft.server.log.appender.install.snapshot.enabled = false (custom)
freon_1       | 2019-10-25 10:33:43,624 [pool-2-thread-7] INFO       - Creating Bucket: vol-0-55155/bucket-4-34720, with Versioning false and Storage Type set to DISK and Encryption set to false 
datanode_3    | 2019-10-25 10:33:19,272 INFO server.RaftServerConfigKeys: raft.server.rpcslowness.timeout = 120s (custom)
scm_1         | 2019-10-25 10:33:17,197 INFO server.StorageContainerManager: StorageContainerLocationProtocol RPC server is listening at /0.0.0.0:9860
datanode_2    | 2019-10-25 10:33:21,135 INFO server.RaftServerConfigKeys: raft.server.storage.dir = [/data/metadata/ratis] (custom)
grafana_1     | t=2019-10-25T10:33:14+0000 lvl=info msg="Executing migration" logger=migrator id="Add column updated_by in dashboard - v2"
om_1          | 2019-10-25 10:33:20,725 INFO db.DBStoreBuilder: using custom profile for table: default
datanode_1    | 2019-10-25 10:33:20,554 INFO impl.RaftServerImpl: 8c4e9bc3-0fcf-451e-bf65-caf529d599bb@group-56EE692B5CDD: ConfigurationManager, init=-1: [8c4e9bc3-0fcf-451e-bf65-caf529d599bb:172.18.0.6:9858], old=null, confs=<EMPTY_MAP>
freon_1       | 2019-10-25 10:33:43,626 [pool-2-thread-9] INFO       - Creating Bucket: vol-2-68577/bucket-4-65929, with Versioning false and Storage Type set to DISK and Encryption set to false 
datanode_3    | 2019-10-25 10:33:19,273 INFO server.RaftServerConfigKeys: raft.server.sleep.deviation.threshold = 300 (default)
datanode_2    | 2019-10-25 10:33:21,140 INFO server.RaftServerConfigKeys: raft.server.log.corruption.policy = EXCEPTION (default)
grafana_1     | t=2019-10-25T10:33:14+0000 lvl=info msg="Executing migration" logger=migrator id="Add column created_by in dashboard - v2"
om_1          | 2019-10-25 10:33:20,726 INFO db.DBStoreBuilder: Using default column profile:DBProfile.DISK for Table:default
datanode_1    | 2019-10-25 10:33:20,555 INFO server.RaftServerConfigKeys: raft.server.storage.dir = [/data/metadata/ratis] (custom)
scm_1         | 2019-10-25 10:33:17,255 INFO impl.MetricsConfig: Loaded properties from hadoop-metrics2.properties
freon_1       | 2019-10-25 10:33:43,627 [pool-2-thread-6] INFO       - Creating Bucket: vol-1-02665/bucket-4-76127, with Versioning false and Storage Type set to DISK and Encryption set to false 
datanode_3    | 2019-10-25 10:33:19,273 INFO server.RaftServerConfigKeys: raft.server.log.appender.install.snapshot.enabled = false (custom)
datanode_2    | 2019-10-25 10:33:21,141 INFO storage.RaftStorageDirectory: The storage directory /data/metadata/ratis/b2fe3f86-6e71-4c57-9004-794e182ef8a3 does not exist. Creating ...
grafana_1     | t=2019-10-25T10:33:15+0000 lvl=info msg="Executing migration" logger=migrator id="Add column gnetId in dashboard"
om_1          | 2019-10-25 10:33:20,727 INFO db.DBStoreBuilder: Using default options. DBProfile.DISK
scm_1         | 2019-10-25 10:33:17,287 INFO impl.MetricsSystemImpl: Scheduled Metric snapshot period at 10 second(s).
datanode_1    | 2019-10-25 10:33:20,560 INFO server.RaftServerConfigKeys: raft.server.log.corruption.policy = EXCEPTION (default)
freon_1       | 2019-10-25 10:33:43,627 [pool-2-thread-3] INFO       - Creating Bucket: vol-3-49539/bucket-4-30185, with Versioning false and Storage Type set to DISK and Encryption set to false 
datanode_2    | 2019-10-25 10:33:21,157 INFO storage.RaftStorageDirectory: Lock on /data/metadata/ratis/b2fe3f86-6e71-4c57-9004-794e182ef8a3/in_use.lock acquired by nodename 7@5280cf0176c5
grafana_1     | t=2019-10-25T10:33:15+0000 lvl=info msg="Executing migration" logger=migrator id="Add index for gnetId in dashboard"
datanode_3    | 2019-10-25 10:33:19,319 INFO impl.RaftServerImpl: aeb8454a-54db-4c47-9c3d-f0c3cdf7090f@group-39EF4461470D: ConfigurationManager, init=-1: [aeb8454a-54db-4c47-9c3d-f0c3cdf7090f:172.18.0.2:9858], old=null, confs=<EMPTY_MAP>
om_1          | 2019-10-25 10:33:21,354 INFO ipc.CallQueueManager: Using callQueue: class java.util.concurrent.LinkedBlockingQueue, queueCapacity: 2000, scheduler: class org.apache.hadoop.ipc.DefaultRpcScheduler, ipcBackoff: false.
scm_1         | 2019-10-25 10:33:17,288 INFO impl.MetricsSystemImpl: StorageContainerManager metrics system started
datanode_1    | 2019-10-25 10:33:20,561 INFO storage.RaftStorageDirectory: The storage directory /data/metadata/ratis/936fcb91-071b-4581-9e8f-56ee692b5cdd does not exist. Creating ...
datanode_2    | 2019-10-25 10:33:21,172 INFO storage.RaftStorage: Storage directory /data/metadata/ratis/b2fe3f86-6e71-4c57-9004-794e182ef8a3 has been successfully formatted.
freon_1       | 2019-10-25 10:33:43,627 [pool-2-thread-8] INFO       - Creating Bucket: vol-4-72812/bucket-4-59903, with Versioning false and Storage Type set to DISK and Encryption set to false 
grafana_1     | t=2019-10-25T10:33:15+0000 lvl=info msg="Executing migration" logger=migrator id="Add column plugin_id in dashboard"
datanode_3    | 2019-10-25 10:33:19,319 INFO server.RaftServerConfigKeys: raft.server.storage.dir = [/data/metadata/ratis] (custom)
om_1          | 2019-10-25 10:33:21,363 INFO ipc.Server: Starting Socket Reader #1 for port 9862
scm_1         | 2019-10-25 10:33:17,466 INFO server.SCMClientProtocolServer: RPC server for Client  is listening at /0.0.0.0:9860
datanode_1    | 2019-10-25 10:33:20,584 INFO storage.RaftStorageDirectory: Lock on /data/metadata/ratis/936fcb91-071b-4581-9e8f-56ee692b5cdd/in_use.lock acquired by nodename 7@a901d511a364
freon_1       | 2019-10-25 10:33:43,628 [pool-2-thread-10] INFO       - Creating Bucket: vol-5-17958/bucket-4-57709, with Versioning false and Storage Type set to DISK and Encryption set to false 
grafana_1     | t=2019-10-25T10:33:15+0000 lvl=info msg="Executing migration" logger=migrator id="Add index for plugin_id in dashboard"
datanode_2    | 2019-10-25 10:33:21,177 [pool-8-thread-1] INFO       - group-794E182EF8A3: The snapshot info is null. Setting the last applied indexto:(t:0, i:~)
datanode_3    | 2019-10-25 10:33:19,324 INFO server.RaftServerConfigKeys: raft.server.log.corruption.policy = EXCEPTION (default)
om_1          | 2019-10-25 10:33:21,407 [main] INFO       - OzoneManager RPC server is listening at om/172.18.0.3:9862
scm_1         | 2019-10-25 10:33:17,467 INFO ipc.Server: IPC Server Responder: starting
freon_1       | 2019-10-25 10:33:43,628 [pool-2-thread-2] INFO       - Creating Bucket: vol-6-71718/bucket-4-85907, with Versioning false and Storage Type set to DISK and Encryption set to false 
datanode_1    | 2019-10-25 10:33:20,606 INFO storage.RaftStorage: Storage directory /data/metadata/ratis/936fcb91-071b-4581-9e8f-56ee692b5cdd has been successfully formatted.
grafana_1     | t=2019-10-25T10:33:15+0000 lvl=info msg="Executing migration" logger=migrator id="Add index for dashboard_id in dashboard_tag"
datanode_2    | 2019-10-25 10:33:21,177 INFO server.RaftServerConfigKeys: raft.server.notification.no-leader.timeout = 120s (custom)
om_1          | 2019-10-25 10:33:21,487 INFO impl.MetricsConfig: Loaded properties from hadoop-metrics2.properties
scm_1         | 2019-10-25 10:33:17,467 INFO ipc.Server: IPC Server listener on 9860: starting
grafana_1     | t=2019-10-25T10:33:15+0000 lvl=info msg="Executing migration" logger=migrator id="Update dashboard table charset"
freon_1       | 2019-10-25 10:33:43,632 [pool-2-thread-5] INFO       - Creating Bucket: vol-7-53368/bucket-4-65073, with Versioning false and Storage Type set to DISK and Encryption set to false 
datanode_3    | 2019-10-25 10:33:19,325 INFO storage.RaftStorageDirectory: The storage directory /data/metadata/ratis/745ac4d1-c65b-49d0-8b24-39ef4461470d does not exist. Creating ...
datanode_1    | 2019-10-25 10:33:20,609 [pool-8-thread-1] INFO       - group-56EE692B5CDD: The snapshot info is null. Setting the last applied indexto:(t:0, i:~)
datanode_2    | 2019-10-25 10:33:21,180 INFO server.RaftServerConfigKeys: raft.server.log.use.memory = false (default)
om_1          | 2019-10-25 10:33:21,527 INFO impl.MetricsSystemImpl: Scheduled Metric snapshot period at 10 second(s).
scm_1         | 2019-10-25 10:33:17,470 INFO server.StorageContainerManager: ScmBlockLocationProtocol RPC server is listening at /0.0.0.0:9863
grafana_1     | t=2019-10-25T10:33:15+0000 lvl=info msg="Executing migration" logger=migrator id="Update dashboard_tag table charset"
freon_1       | 2019-10-25 10:33:43,635 [pool-2-thread-1] INFO       - Creating Bucket: vol-8-50694/bucket-4-50006, with Versioning false and Storage Type set to DISK and Encryption set to false 
datanode_3    | 2019-10-25 10:33:19,341 INFO storage.RaftStorageDirectory: Lock on /data/metadata/ratis/745ac4d1-c65b-49d0-8b24-39ef4461470d/in_use.lock acquired by nodename 7@ed69d35b1d3c
datanode_1    | 2019-10-25 10:33:20,610 INFO server.RaftServerConfigKeys: raft.server.notification.no-leader.timeout = 120s (custom)
datanode_2    | 2019-10-25 10:33:21,185 INFO server.RaftServerConfigKeys: raft.server.log.purge.gap = 1000000 (custom)
om_1          | 2019-10-25 10:33:21,527 INFO impl.MetricsSystemImpl: OzoneManager metrics system started
scm_1         | 2019-10-25 10:33:17,471 INFO server.SCMBlockProtocolServer: RPC server for Block Protocol is listening at /0.0.0.0:9863
grafana_1     | t=2019-10-25T10:33:15+0000 lvl=info msg="Executing migration" logger=migrator id="Add column folder_id in dashboard"
freon_1       | 2019-10-25 10:33:43,638 [pool-2-thread-6] INFO       - Creating Bucket: vol-9-39014/bucket-4-91833, with Versioning false and Storage Type set to DISK and Encryption set to false 
datanode_3    | 2019-10-25 10:33:19,365 INFO storage.RaftStorage: Storage directory /data/metadata/ratis/745ac4d1-c65b-49d0-8b24-39ef4461470d has been successfully formatted.
datanode_1    | 2019-10-25 10:33:20,613 INFO server.RaftServerConfigKeys: raft.server.log.use.memory = false (default)
datanode_2    | 2019-10-25 10:33:21,185 INFO server.RaftServerConfigKeys: raft.server.log.appender.buffer.byte-limit = 33554432 (custom)
om_1          | 2019-10-25 10:33:21,572 INFO ipc.Server: IPC Server Responder: starting
scm_1         | 2019-10-25 10:33:17,471 INFO ipc.Server: IPC Server Responder: starting
grafana_1     | t=2019-10-25T10:33:15+0000 lvl=info msg="Executing migration" logger=migrator id="Add column isFolder in dashboard"
freon_1       | 2019-10-25 10:33:43,643 [pool-2-thread-4] INFO       - Creating Bucket: vol-1-02665/bucket-5-77562, with Versioning false and Storage Type set to DISK and Encryption set to false 
datanode_3    | 2019-10-25 10:33:19,369 [pool-8-thread-1] INFO       - group-39EF4461470D: The snapshot info is null. Setting the last applied indexto:(t:0, i:~)
datanode_1    | 2019-10-25 10:33:20,618 INFO server.RaftServerConfigKeys: raft.server.log.purge.gap = 1000000 (custom)
datanode_2    | 2019-10-25 10:33:21,187 INFO server.RaftServerConfigKeys: raft.server.log.segment.size.max = 1048576 (custom)
om_1          | 2019-10-25 10:33:21,573 INFO ipc.Server: IPC Server listener on 9862: starting
scm_1         | 2019-10-25 10:33:17,471 INFO ipc.Server: IPC Server listener on 9863: starting
grafana_1     | t=2019-10-25T10:33:15+0000 lvl=info msg="Executing migration" logger=migrator id="Add column has_acl in dashboard"
freon_1       | 2019-10-25 10:33:43,643 [pool-2-thread-10] INFO       - Creating Bucket: vol-2-68577/bucket-5-72687, with Versioning false and Storage Type set to DISK and Encryption set to false 
datanode_3    | 2019-10-25 10:33:19,370 INFO server.RaftServerConfigKeys: raft.server.notification.no-leader.timeout = 120s (custom)
datanode_1    | 2019-10-25 10:33:20,618 INFO server.RaftServerConfigKeys: raft.server.log.appender.buffer.byte-limit = 33554432 (custom)
datanode_2    | 2019-10-25 10:33:21,188 WARN impl.MetricsSystemImpl: HddsDatanode metrics system already initialized!
om_1          | 2019-10-25 10:33:21,602 INFO hdfs.DFSUtil: Starting Web-server for ozoneManager at: http://0.0.0.0:9874
scm_1         | 2019-10-25 10:33:17,474 INFO server.StorageContainerManager: ScmDatanodeProtocl RPC server is listening at /0.0.0.0:9861
grafana_1     | t=2019-10-25T10:33:15+0000 lvl=info msg="Executing migration" logger=migrator id="Add column uid in dashboard"
freon_1       | 2019-10-25 10:33:43,643 [pool-2-thread-7] INFO       - Creating Bucket: vol-0-55155/bucket-5-15579, with Versioning false and Storage Type set to DISK and Encryption set to false 
datanode_3    | 2019-10-25 10:33:19,373 INFO server.RaftServerConfigKeys: raft.server.log.use.memory = false (default)
datanode_1    | 2019-10-25 10:33:20,621 INFO server.RaftServerConfigKeys: raft.server.log.segment.size.max = 1048576 (custom)
datanode_2    | 2019-10-25 10:33:21,193 INFO metrics.MetricRegistries: Loaded MetricRegistries class org.apache.ratis.metrics.impl.MetricRegistriesImpl
scm_1         | 2019-10-25 10:33:17,474 INFO server.SCMDatanodeProtocolServer: RPC server for DataNodes is listening at /0.0.0.0:9861
om_1          | 2019-10-25 10:33:21,716 INFO server.AuthenticationFilter: Unable to initialize FileSignerSecretProvider, falling back to use random secrets.
grafana_1     | t=2019-10-25T10:33:15+0000 lvl=info msg="Executing migration" logger=migrator id="Update uid column values in dashboard"
freon_1       | 2019-10-25 10:33:43,646 [pool-2-thread-8] INFO       - Creating Bucket: vol-3-49539/bucket-5-56265, with Versioning false and Storage Type set to DISK and Encryption set to false 
datanode_3    | 2019-10-25 10:33:19,377 INFO server.RaftServerConfigKeys: raft.server.log.purge.gap = 1000000 (custom)
datanode_1    | 2019-10-25 10:33:20,622 WARN impl.MetricsSystemImpl: HddsDatanode metrics system already initialized!
scm_1         | 2019-10-25 10:33:17,476 INFO ipc.Server: IPC Server Responder: starting
om_1          | 2019-10-25 10:33:21,719 INFO http.HttpRequestLog: Http request log for http.requests.ozoneManager is not defined
grafana_1     | t=2019-10-25T10:33:15+0000 lvl=info msg="Executing migration" logger=migrator id="Add unique index dashboard_org_id_uid"
freon_1       | 2019-10-25 10:33:43,647 [pool-2-thread-9] INFO       - Creating Bucket: vol-4-72812/bucket-5-92741, with Versioning false and Storage Type set to DISK and Encryption set to false 
scm_1         | 2019-10-25 10:33:17,476 INFO ipc.Server: IPC Server listener on 9861: starting
om_1          | 2019-10-25 10:33:21,726 INFO http.HttpServer2: Added global filter 'safety' (class=org.apache.hadoop.http.HttpServer2$QuotingInputFilter)
datanode_2    | 2019-10-25 10:33:21,229 INFO server.RaftServerConfigKeys: raft.server.log.segment.cache.num.max = 2 (custom)
datanode_1    | 2019-10-25 10:33:20,627 INFO metrics.MetricRegistries: Loaded MetricRegistries class org.apache.ratis.metrics.impl.MetricRegistriesImpl
grafana_1     | t=2019-10-25T10:33:15+0000 lvl=info msg="Executing migration" logger=migrator id="Remove unique index org_id_slug"
freon_1       | 2019-10-25 10:33:43,649 [pool-2-thread-3] INFO       - Creating Bucket: vol-5-17958/bucket-5-41644, with Versioning false and Storage Type set to DISK and Encryption set to false 
datanode_3    | 2019-10-25 10:33:19,377 INFO server.RaftServerConfigKeys: raft.server.log.appender.buffer.byte-limit = 33554432 (custom)
scm_1         | 2019-10-25 10:33:17,479 INFO http.HttpServer2: Jetty bound to port 9876
om_1          | 2019-10-25 10:33:21,728 INFO http.HttpServer2: Added filter static_user_filter (class=org.apache.hadoop.http.lib.StaticUserWebFilter$StaticUserFilter) to context ozoneManager
datanode_2    | 2019-10-25 10:33:21,234 INFO segmented.SegmentedRaftLogWorker: new feb83b78-0c86-4182-a165-3ae9d513f3de@group-794E182EF8A3-SegmentedRaftLogWorker for RaftStorage:Storage Directory /data/metadata/ratis/b2fe3f86-6e71-4c57-9004-794e182ef8a3
datanode_1    | 2019-10-25 10:33:20,657 INFO server.RaftServerConfigKeys: raft.server.log.segment.cache.num.max = 2 (custom)
grafana_1     | t=2019-10-25T10:33:15+0000 lvl=info msg="Executing migration" logger=migrator id="Update dashboard title length"
freon_1       | 2019-10-25 10:33:43,650 [pool-2-thread-5] INFO       - Creating Bucket: vol-6-71718/bucket-5-20112, with Versioning false and Storage Type set to DISK and Encryption set to false 
datanode_3    | 2019-10-25 10:33:19,379 INFO server.RaftServerConfigKeys: raft.server.log.segment.size.max = 1048576 (custom)
scm_1         | 2019-10-25 10:33:17,481 INFO server.Server: jetty-9.3.25.v20180904, build timestamp: 2018-09-04T21:11:46Z, git hash: 3ce520221d0240229c862b122d2b06c12a625732
om_1          | 2019-10-25 10:33:21,728 INFO http.HttpServer2: Added filter static_user_filter (class=org.apache.hadoop.http.lib.StaticUserWebFilter$StaticUserFilter) to context logs
datanode_2    | 2019-10-25 10:33:21,234 INFO server.RaftServerConfigKeys: raft.server.log.queue.byte-limit = 2147483647 (custom)
datanode_1    | 2019-10-25 10:33:20,662 INFO segmented.SegmentedRaftLogWorker: new 8c4e9bc3-0fcf-451e-bf65-caf529d599bb@group-56EE692B5CDD-SegmentedRaftLogWorker for RaftStorage:Storage Directory /data/metadata/ratis/936fcb91-071b-4581-9e8f-56ee692b5cdd
grafana_1     | t=2019-10-25T10:33:15+0000 lvl=info msg="Executing migration" logger=migrator id="Add unique index for dashboard_org_id_title_folder_id"
freon_1       | 2019-10-25 10:33:43,652 [pool-2-thread-1] INFO       - Creating Bucket: vol-7-53368/bucket-5-33009, with Versioning false and Storage Type set to DISK and Encryption set to false 
datanode_3    | 2019-10-25 10:33:19,380 WARN impl.MetricsSystemImpl: HddsDatanode metrics system already initialized!
scm_1         | 2019-10-25 10:33:17,525 INFO handler.ContextHandler: Started o.e.j.s.ServletContextHandler@7ad54c55{/logs,file:///var/log/hadoop/,AVAILABLE}
om_1          | 2019-10-25 10:33:21,728 INFO http.HttpServer2: Added filter static_user_filter (class=org.apache.hadoop.http.lib.StaticUserWebFilter$StaticUserFilter) to context static
datanode_2    | 2019-10-25 10:33:21,234 INFO server.RaftServerConfigKeys: raft.server.log.queue.element-limit = 1024 (custom)
datanode_1    | 2019-10-25 10:33:20,662 INFO server.RaftServerConfigKeys: raft.server.log.queue.byte-limit = 2147483647 (custom)
grafana_1     | t=2019-10-25T10:33:15+0000 lvl=info msg="Executing migration" logger=migrator id="create dashboard_provisioning"
freon_1       | 2019-10-25 10:33:43,652 [pool-2-thread-7] INFO       - Creating Bucket: vol-8-50694/bucket-5-72984, with Versioning false and Storage Type set to DISK and Encryption set to false 
datanode_3    | 2019-10-25 10:33:19,384 INFO metrics.MetricRegistries: Loaded MetricRegistries class org.apache.ratis.metrics.impl.MetricRegistriesImpl
scm_1         | 2019-10-25 10:33:17,526 INFO handler.ContextHandler: Started o.e.j.s.ServletContextHandler@34a0ef00{/static,jar:file:/opt/hadoop/share/ozone/lib/hadoop-hdds-server-scm-0.5.0-SNAPSHOT.jar!/webapps/static,AVAILABLE}
om_1          | 2019-10-25 10:33:21,744 WARN server.BaseHttpServer: /prof java profiling servlet is activated. Not safe for production!
datanode_2    | 2019-10-25 10:33:21,235 INFO server.RaftServerConfigKeys: raft.server.log.segment.size.max = 1048576 (custom)
datanode_1    | 2019-10-25 10:33:20,662 INFO server.RaftServerConfigKeys: raft.server.log.queue.element-limit = 1024 (custom)
grafana_1     | t=2019-10-25T10:33:15+0000 lvl=info msg="Executing migration" logger=migrator id="Rename table dashboard_provisioning to dashboard_provisioning_tmp_qwerty - v1"
freon_1       | 2019-10-25 10:33:43,652 [pool-2-thread-2] INFO       - Creating Bucket: vol-9-39014/bucket-5-29239, with Versioning false and Storage Type set to DISK and Encryption set to false 
datanode_3    | 2019-10-25 10:33:19,416 INFO server.RaftServerConfigKeys: raft.server.log.segment.cache.num.max = 2 (custom)
om_1          | 2019-10-25 10:33:21,747 INFO http.HttpServer2: Jetty bound to port 9874
datanode_2    | 2019-10-25 10:33:21,236 INFO server.RaftServerConfigKeys: raft.server.log.preallocated.size = 16384 (custom)
datanode_1    | 2019-10-25 10:33:20,663 INFO server.RaftServerConfigKeys: raft.server.log.segment.size.max = 1048576 (custom)
scm_1         | 2019-10-25 10:33:17,624 INFO handler.ContextHandler: Started o.e.j.w.WebAppContext@4674d90{/,file:///tmp/jetty-0.0.0.0-9876-scm-_-any-17594134121234495845.dir/webapp/,AVAILABLE}{/scm}
grafana_1     | t=2019-10-25T10:33:15+0000 lvl=info msg="Executing migration" logger=migrator id="create dashboard_provisioning v2"
freon_1       | 2019-10-25 10:33:43,655 [pool-2-thread-6] INFO       - Creating Bucket: vol-0-55155/bucket-6-08569, with Versioning false and Storage Type set to DISK and Encryption set to false 
datanode_3    | 2019-10-25 10:33:19,420 INFO segmented.SegmentedRaftLogWorker: new aeb8454a-54db-4c47-9c3d-f0c3cdf7090f@group-39EF4461470D-SegmentedRaftLogWorker for RaftStorage:Storage Directory /data/metadata/ratis/745ac4d1-c65b-49d0-8b24-39ef4461470d
om_1          | 2019-10-25 10:33:21,748 INFO server.Server: jetty-9.3.25.v20180904, build timestamp: 2018-09-04T21:11:46Z, git hash: 3ce520221d0240229c862b122d2b06c12a625732
datanode_2    | 2019-10-25 10:33:21,236 INFO server.RaftServerConfigKeys: raft.server.log.write.buffer.size = 33554432 (custom)
scm_1         | 2019-10-25 10:33:17,636 INFO server.AbstractConnector: Started ServerConnector@5633ed82{HTTP/1.1,[http/1.1]}{0.0.0.0:9876}
grafana_1     | t=2019-10-25T10:33:15+0000 lvl=info msg="Executing migration" logger=migrator id="create index IDX_dashboard_provisioning_dashboard_id - v2"
datanode_1    | 2019-10-25 10:33:20,663 INFO server.RaftServerConfigKeys: raft.server.log.preallocated.size = 16384 (custom)
freon_1       | 2019-10-25 10:33:43,656 [pool-2-thread-10] INFO       - Creating Bucket: vol-1-02665/bucket-6-47783, with Versioning false and Storage Type set to DISK and Encryption set to false 
datanode_3    | 2019-10-25 10:33:19,420 INFO server.RaftServerConfigKeys: raft.server.log.queue.byte-limit = 2147483647 (custom)
om_1          | 2019-10-25 10:33:21,777 INFO handler.ContextHandler: Started o.e.j.s.ServletContextHandler@329bad59{/logs,file:///var/log/hadoop/,AVAILABLE}
datanode_2    | 2019-10-25 10:33:21,236 INFO server.RaftServerConfigKeys: raft.server.log.force.sync.num = 128 (default)
scm_1         | 2019-10-25 10:33:17,638 INFO server.Server: Started @3412ms
grafana_1     | t=2019-10-25T10:33:15+0000 lvl=info msg="Executing migration" logger=migrator id="create index IDX_dashboard_provisioning_dashboard_id_name - v2"
datanode_1    | 2019-10-25 10:33:20,664 INFO server.RaftServerConfigKeys: raft.server.log.write.buffer.size = 33554432 (custom)
freon_1       | 2019-10-25 10:33:43,658 [pool-2-thread-8] INFO       - Creating Bucket: vol-2-68577/bucket-6-99210, with Versioning false and Storage Type set to DISK and Encryption set to false 
datanode_3    | 2019-10-25 10:33:19,421 INFO server.RaftServerConfigKeys: raft.server.log.queue.element-limit = 1024 (custom)
om_1          | 2019-10-25 10:33:21,778 INFO handler.ContextHandler: Started o.e.j.s.ServletContextHandler@7bab5898{/static,jar:file:/opt/hadoop/share/ozone/lib/hadoop-ozone-ozone-manager-0.5.0-SNAPSHOT.jar!/webapps/static,AVAILABLE}
datanode_2    | 2019-10-25 10:33:21,237 INFO server.RaftServerConfigKeys: raft.server.log.statemachine.data.sync = true (default)
scm_1         | 2019-10-25 10:33:17,643 INFO impl.MetricsSinkAdapter: Sink prometheus started
grafana_1     | t=2019-10-25T10:33:15+0000 lvl=info msg="Executing migration" logger=migrator id="copy dashboard_provisioning v1 to v2"
datanode_1    | 2019-10-25 10:33:20,664 INFO server.RaftServerConfigKeys: raft.server.log.force.sync.num = 128 (default)
freon_1       | 2019-10-25 10:33:43,658 [pool-2-thread-4] INFO       - Creating Bucket: vol-3-49539/bucket-6-65262, with Versioning false and Storage Type set to DISK and Encryption set to false 
datanode_3    | 2019-10-25 10:33:19,422 INFO server.RaftServerConfigKeys: raft.server.log.segment.size.max = 1048576 (custom)
