om_1        | STARTUP_MSG:   classpath = /etc/hadoop:/opt/hadoop/share/hadoop/common/*:/opt/hadoop/share/ozone/lib/kerb-simplekdc-1.0.1.jar:/opt/hadoop/share/ozone/lib/protobuf-java-2.5.0.jar:/opt/hadoop/share/ozone/lib/bcpkix-jdk15on-1.60.jar:/opt/hadoop/share/ozone/lib/sqlite-jdbc-3.25.2.jar:/opt/hadoop/share/ozone/lib/netty-3.10.5.Final.jar:/opt/hadoop/share/ozone/lib/commons-validator-1.6.jar:/opt/hadoop/share/ozone/lib/jaxb-impl-2.3.0.1.jar:/opt/hadoop/share/ozone/lib/kerb-core-1.0.1.jar:/opt/hadoop/share/ozone/lib/hadoop-ozone-common-0.5.0-SNAPSHOT.jar:/opt/hadoop/share/ozone/lib/ratis-thirdparty-misc-0.2.0.jar:/opt/hadoop/share/ozone/lib/jsr305-3.0.0.jar:/opt/hadoop/share/ozone/lib/leveldbjni-all-1.8.jar:/opt/hadoop/share/ozone/lib/htrace-core4-4.1.0-incubating.jar:/opt/hadoop/share/ozone/lib/hadoop-annotations-3.2.0.jar:/opt/hadoop/share/ozone/lib/hadoop-hdds-tools-0.5.0-SNAPSHOT.jar:/opt/hadoop/share/ozone/lib/kerb-util-1.0.1.jar:/opt/hadoop/share/ozone/lib/jackson-jaxrs-1.9.13.jar:/opt/hadoop/share/ozone/lib/ratis-server-0.5.0-d6d58d0-SNAPSHOT.jar:/opt/hadoop/share/ozone/lib/kerby-xdr-1.0.1.jar:/opt/hadoop/share/ozone/lib/jetty-webapp-9.3.25.v20180904.jar:/opt/hadoop/share/ozone/lib/jackson-core-asl-1.9.13.jar:/opt/hadoop/share/ozone/lib/commons-net-3.6.jar:/opt/hadoop/share/ozone/lib/log4j-api-2.11.0.jar:/opt/hadoop/share/ozone/lib/netty-all-4.0.52.Final.jar:/opt/hadoop/share/ozone/lib/hadoop-hdfs-3.2.0.jar:/opt/hadoop/share/ozone/lib/jline-0.9.94.jar:/opt/hadoop/share/ozone/lib/opentracing-api-0.31.0.jar:/opt/hadoop/share/ozone/lib/hadoop-hdds-server-framework-0.5.0-SNAPSHOT.jar:/opt/hadoop/share/ozone/lib/slf4j-log4j12-1.7.25.jar:/opt/hadoop/share/ozone/lib/hadoop-hdfs-client-3.2.0.jar:/opt/hadoop/share/ozone/lib/kerby-config-1.0.1.jar:/opt/hadoop/share/ozone/lib/jetty-util-9.3.25.v20180904.jar:/opt/hadoop/share/ozone/lib/libthrift-0.12.0.jar:/opt/hadoop/share/ozone/lib/metrics-core-3.2.4.jar:/opt/hadoop/share/ozone/lib/kerby-pkix-1.0.1.jar:/opt/hadoop/share/ozone/lib/xz-1.0.jar:/opt/hadoop/share/ozone/lib/hadoop-hdds-config-0.5.0-SNAPSHOT.jar:/opt/hadoop/share/ozone/lib/nimbus-jose-jwt-4.41.1.jar:/opt/hadoop/share/ozone/lib/jsr311-api-1.1.1.jar:/opt/hadoop/share/ozone/lib/commons-beanutils-1.9.4.jar:/opt/hadoop/share/ozone/lib/ratis-grpc-0.5.0-d6d58d0-SNAPSHOT.jar:/opt/hadoop/share/ozone/lib/ratis-netty-0.5.0-d6d58d0-SNAPSHOT.jar:/opt/hadoop/share/ozone/lib/javax.servlet-api-3.1.0.jar:/opt/hadoop/share/ozone/lib/kerb-server-1.0.1.jar:/opt/hadoop/share/ozone/lib/zookeeper-3.4.13.jar:/opt/hadoop/share/ozone/lib/avro-1.7.7.jar:/opt/hadoop/share/ozone/lib/kerb-client-1.0.1.jar:/opt/hadoop/share/ozone/lib/jackson-xc-1.9.13.jar:/opt/hadoop/share/ozone/lib/disruptor-3.4.2.jar:/opt/hadoop/share/ozone/lib/guava-11.0.2.jar:/opt/hadoop/share/ozone/lib/ratis-client-0.5.0-d6d58d0-SNAPSHOT.jar:/opt/hadoop/share/ozone/lib/hadoop-hdds-common-0.5.0-SNAPSHOT.jar:/opt/hadoop/share/ozone/lib/curator-framework-2.12.0.jar:/opt/hadoop/share/ozone/lib/dnsjava-2.1.7.jar:/opt/hadoop/share/ozone/lib/commons-configuration2-2.1.1.jar:/opt/hadoop/share/ozone/lib/json-smart-2.3.jar:/opt/hadoop/share/ozone/lib/token-provider-1.0.1.jar:/opt/hadoop/share/ozone/lib/log4j-1.2.17.jar:/opt/hadoop/share/ozone/lib/commons-daemon-1.0.13.jar:/opt/hadoop/share/ozone/lib/bcprov-jdk15on-1.60.jar:/opt/hadoop/share/ozone/lib/ratis-metrics-0.5.0-d6d58d0-SNAPSHOT.jar:/opt/hadoop/share/ozone/lib/commons-lang3-3.7.jar:/opt/hadoop/share/ozone/lib/commons-compress-1.4.1.jar:/opt/hadoop/share/ozone/lib/jaeger-client-0.34.0.jar:/opt/hadoop/share/ozone/lib/jetty-server-9.3.25.v20180904.jar:/opt/hadoop/share/ozone/lib/accessors-smart-1.2.jar:/opt/hadoop/share/ozone/lib/re2j-1.1.jar:/opt/hadoop/share/ozone/lib/curator-recipes-2.12.0.jar:/opt/hadoop/share/ozone/lib/jackson-core-2.9.9.jar:/opt/hadoop/share/ozone/lib/commons-math3-3.1.1.jar:/opt/hadoop/share/ozone/lib/opentracing-noop-0.31.0.jar:/opt/hadoop/share/ozone/lib/httpclient-4.5.2.jar:/opt/hadoop/share/ozone/lib/jaeger-core-0.34.0.jar:/opt/hadoop/share/ozone/lib/asm-5.0.4.jar:/opt/hadoop/share/ozone/lib/curator-client-2.12.0.jar:/opt/hadoop/share/ozone/lib/audience-annotations-0.5.0.jar:/opt/hadoop/share/ozone/lib/kerby-util-1.0.1.jar:/opt/hadoop/share/ozone/lib/jackson-mapper-asl-1.9.13.jar:/opt/hadoop/share/ozone/lib/rocksdbjni-6.0.1.jar:/opt/hadoop/share/ozone/lib/jsp-api-2.1.jar:/opt/hadoop/share/ozone/lib/jsch-0.1.54.jar:/opt/hadoop/share/ozone/lib/opentracing-tracerresolver-0.1.5.jar:/opt/hadoop/share/ozone/lib/paranamer-2.3.jar:/opt/hadoop/share/ozone/lib/log4j-core-2.11.0.jar:/opt/hadoop/share/ozone/lib/jetty-io-9.3.25.v20180904.jar:/opt/hadoop/share/ozone/lib/jetty-xml-9.3.25.v20180904.jar:/opt/hadoop/share/ozone/lib/commons-codec-1.11.jar:/opt/hadoop/share/ozone/lib/commons-pool2-2.6.0.jar:/opt/hadoop/share/ozone/lib/gson-2.2.4.jar:/opt/hadoop/share/ozone/lib/jcip-annotations-1.0-1.jar:/opt/hadoop/share/ozone/lib/kerb-admin-1.0.1.jar:/opt/hadoop/share/ozone/lib/okio-1.13.0.jar:/opt/hadoop/share/ozone/lib/commons-io-2.5.jar:/opt/hadoop/share/ozone/lib/snakeyaml-1.16.jar:/opt/hadoop/share/ozone/lib/hadoop-ozone-client-0.5.0-SNAPSHOT.jar:/opt/hadoop/share/ozone/lib/jersey-core-1.19.jar:/opt/hadoop/share/ozone/lib/jackson-databind-2.9.9.jar:/opt/hadoop/share/ozone/lib/hadoop-hdds-container-service-0.5.0-SNAPSHOT.jar:/opt/hadoop/share/ozone/lib/picocli-3.9.6.jar:/opt/hadoop/share/ozone/lib/jaeger-thrift-0.34.0.jar:/opt/hadoop/share/ozone/lib/ratis-common-0.5.0-d6d58d0-SNAPSHOT.jar:/opt/hadoop/share/ozone/lib/jackson-annotations-2.9.9.jar:/opt/hadoop/share/ozone/lib/commons-cli-1.2.jar:/opt/hadoop/share/ozone/lib/hadoop-hdds-docs-0.5.0-SNAPSHOT.jar:/opt/hadoop/share/ozone/lib/woodstox-core-5.0.3.jar:/opt/hadoop/share/ozone/lib/javax.annotation-api-1.2.jar:/opt/hadoop/share/ozone/lib/snappy-java-1.0.5.jar:/opt/hadoop/share/ozone/lib/jaeger-tracerresolver-0.34.0.jar:/opt/hadoop/share/ozone/lib/jetty-security-9.3.25.v20180904.jar:/opt/hadoop/share/ozone/lib/jetty-http-9.3.25.v20180904.jar:/opt/hadoop/share/ozone/lib/kerby-asn1-1.0.1.jar:/opt/hadoop/share/ozone/lib/okhttp-3.9.0.jar:/opt/hadoop/share/ozone/lib/stax2-api-3.1.4.jar:/opt/hadoop/share/ozone/lib/commons-digester-1.8.1.jar:/opt/hadoop/share/ozone/lib/commons-collections-3.2.2.jar:/opt/hadoop/share/ozone/lib/jettison-1.1.jar:/opt/hadoop/share/ozone/lib/commons-text-1.4.jar:/opt/hadoop/share/ozone/lib/jersey-servlet-1.19.jar:/opt/hadoop/share/ozone/lib/jersey-json-1.19.jar:/opt/hadoop/share/ozone/lib/slf4j-api-1.7.25.jar:/opt/hadoop/share/ozone/lib/jetty-util-ajax-9.3.25.v20180904.jar:/opt/hadoop/share/ozone/lib/commons-logging-1.1.3.jar:/opt/hadoop/share/ozone/lib/hadoop-hdds-client-0.5.0-SNAPSHOT.jar:/opt/hadoop/share/ozone/lib/kerb-identity-1.0.1.jar:/opt/hadoop/share/ozone/lib/ratis-proto-0.5.0-d6d58d0-SNAPSHOT.jar:/opt/hadoop/share/ozone/lib/opentracing-util-0.31.0.jar:/opt/hadoop/share/ozone/lib/hadoop-common-3.2.0.jar:/opt/hadoop/share/ozone/lib/hadoop-auth-3.2.0.jar:/opt/hadoop/share/ozone/lib/kerb-common-1.0.1.jar:/opt/hadoop/share/ozone/lib/jetty-servlet-9.3.25.v20180904.jar:/opt/hadoop/share/ozone/lib/jersey-server-1.19.jar:/opt/hadoop/share/ozone/lib/kerb-crypto-1.0.1.jar:/opt/hadoop/share/ozone/lib/httpcore-4.4.4.jar:/opt/hadoop/share/ozone/web:/opt/hadoop/share/ozone/lib/hadoop-ozone-ozone-manager-0.5.0-SNAPSHOT.jar
rm_1        | 2019-11-04 17:20:52 INFO  Configuration:2427 - found resource core-site.xml at file:/opt/hadoop/etc/hadoop/core-site.xml
datanode_3  | 2019-11-04 17:20:59,278 INFO http.HttpServer2: Added filter static_user_filter (class=org.apache.hadoop.http.lib.StaticUserWebFilter$StaticUserFilter) to context hddsDatanode
datanode_1  | 2019-11-04 17:20:58,346 INFO http.HttpServer2: Added filter static_user_filter (class=org.apache.hadoop.http.lib.StaticUserWebFilter$StaticUserFilter) to context logs
scm_1       | 2019-11-04 17:20:57,054 WARN server.ServerUtils: ozone.scm.db.dirs is not configured. We recommend adding this setting. Falling back to ozone.metadata.dirs instead.
nm_1        | 2019-11-04 17:20:54 INFO  AsyncDispatcher:209 - Registering class org.apache.hadoop.yarn.server.nodemanager.containermanager.localizer.event.LocalizationEventType for class org.apache.hadoop.yarn.server.nodemanager.containermanager.localizer.ResourceLocalizationService
datanode_2  | 2019-11-04 17:20:58,742 INFO datanode.InitDatanodeState: DatanodeDetails is persisted to /data/metadata/datanode.id
rm_1        | 2019-11-04 17:20:52 INFO  Groups:387 - clearing userToGroupsMap cache
om_1        | STARTUP_MSG:   build = https://github.com/apache/hadoop.git -r e97acb3bd8f3befd27418996fa5d4b50bf2e17bf; compiled by 'sunilg' on 2019-01-15T17:34Z
datanode_3  | 2019-11-04 17:20:59,278 INFO http.HttpServer2: Added filter static_user_filter (class=org.apache.hadoop.http.lib.StaticUserWebFilter$StaticUserFilter) to context logs
datanode_1  | 2019-11-04 17:20:58,417 INFO http.HttpServer2: Jetty bound to port 9882
scm_1       | 2019-11-04 17:20:57,065 WARN server.ServerUtils: ozone.scm.db.dirs is not configured. We recommend adding this setting. Falling back to ozone.metadata.dirs instead.
nm_1        | 2019-11-04 17:20:54 INFO  AsyncDispatcher:209 - Registering class org.apache.hadoop.yarn.server.nodemanager.containermanager.AuxServicesEventType for class org.apache.hadoop.yarn.server.nodemanager.containermanager.AuxServices
datanode_2  | 2019-11-04 17:21:00,853 INFO ozoneimpl.OzoneContainer: Attempting to start container services.
rm_1        | 2019-11-04 17:20:52 INFO  Configuration:2427 - found resource yarn-site.xml at file:/opt/hadoop/etc/hadoop/yarn-site.xml
om_1        | STARTUP_MSG:   java = 11.0.3
datanode_3  | 2019-11-04 17:20:59,278 INFO http.HttpServer2: Added filter static_user_filter (class=org.apache.hadoop.http.lib.StaticUserWebFilter$StaticUserFilter) to context static
datanode_1  | 2019-11-04 17:20:58,419 INFO server.Server: jetty-9.3.25.v20180904, build timestamp: 2018-09-04T21:11:46Z, git hash: 3ce520221d0240229c862b122d2b06c12a625732
scm_1       | 2019-11-04 17:20:57,093 INFO util.log: Logging initialized @1855ms
nm_1        | 2019-11-04 17:20:54 INFO  AsyncDispatcher:209 - Registering class org.apache.hadoop.yarn.server.nodemanager.containermanager.monitor.ContainersMonitorEventType for class org.apache.hadoop.yarn.server.nodemanager.containermanager.monitor.ContainersMonitorImpl
datanode_2  | 2019-11-04 17:21:00,854 INFO ozoneimpl.OzoneContainer: Background container scanner has been disabled.
rm_1        | 2019-11-04 17:20:52 INFO  AsyncDispatcher:209 - Registering class org.apache.hadoop.yarn.server.resourcemanager.RMFatalEventType for class org.apache.hadoop.yarn.server.resourcemanager.ResourceManager$RMFatalEventDispatcher
om_1        | ************************************************************/
datanode_3  | 2019-11-04 17:20:59,303 INFO http.HttpServer2: Jetty bound to port 9882
datanode_1  | 2019-11-04 17:20:58,451 INFO handler.ContextHandler: Started o.e.j.s.ServletContextHandler@69fe0ed4{/logs,file:///var/log/hadoop/,AVAILABLE}
scm_1       | 2019-11-04 17:20:57,243 INFO db.DBStoreBuilder: using custom profile for table: deletedBlocks
nm_1        | 2019-11-04 17:20:54 INFO  AsyncDispatcher:209 - Registering class org.apache.hadoop.yarn.server.nodemanager.containermanager.launcher.ContainersLauncherEventType for class org.apache.hadoop.yarn.server.nodemanager.containermanager.launcher.ContainersLauncher
datanode_2  | 2019-11-04 17:21:00,854 INFO ratis.XceiverServerRatis: Starting XceiverServerRatis ef767328-b595-4d08-abc9-72908e2505da at port 9858
rm_1        | 2019-11-04 17:20:53 INFO  NMTokenSecretManagerInRM:75 - NMTokenKeyRollingInterval: 86400000ms and NMTokenKeyActivationDelay: 900000ms
om_1        | 2019-11-04 17:21:05,948 INFO om.OzoneManagerStarter: registered UNIX signal handlers for [TERM, HUP, INT]
datanode_3  | 2019-11-04 17:20:59,304 INFO server.Server: jetty-9.3.25.v20180904, build timestamp: 2018-09-04T21:11:46Z, git hash: 3ce520221d0240229c862b122d2b06c12a625732
datanode_1  | 2019-11-04 17:20:58,452 INFO handler.ContextHandler: Started o.e.j.s.ServletContextHandler@1fb2d5e{/static,jar:file:/opt/hadoop/share/ozone/lib/hadoop-hdds-container-service-0.5.0-SNAPSHOT.jar!/webapps/static,AVAILABLE}
scm_1       | 2019-11-04 17:20:57,244 INFO db.DBStoreBuilder: Using default column profile:DBProfile.DISK for Table:deletedBlocks
nm_1        | 2019-11-04 17:20:54 INFO  AsyncDispatcher:209 - Registering class org.apache.hadoop.yarn.server.nodemanager.ContainerManagerEventType for class org.apache.hadoop.yarn.server.nodemanager.containermanager.ContainerManagerImpl
datanode_2  | 2019-11-04 17:21:00,878 INFO impl.RaftServerProxy: ef767328-b595-4d08-abc9-72908e2505da: start RPC server
rm_1        | 2019-11-04 17:20:53 INFO  RMContainerTokenSecretManager:77 - ContainerTokenKeyRollingInterval: 86400000ms and ContainerTokenKeyActivationDelay: 900000ms
om_1        | 2019-11-04 17:21:06,867 INFO ha.OMHANodeDetails: Configuration either no ozone.om.address set. Falling back to the default OM address om/172.18.0.2:9862
datanode_3  | 2019-11-04 17:20:59,330 INFO handler.ContextHandler: Started o.e.j.s.ServletContextHandler@20ab3e3a{/logs,file:///var/log/hadoop/,AVAILABLE}
datanode_1  | 2019-11-04 17:20:58,537 INFO handler.ContextHandler: Started o.e.j.w.WebAppContext@71c17a57{/,file:///tmp/jetty-0.0.0.0-9882-hddsDatanode-_-any-1912714225218828894.dir/webapp/,AVAILABLE}{/hddsDatanode}
scm_1       | 2019-11-04 17:20:57,244 INFO db.DBStoreBuilder: using custom profile for table: validCerts
nm_1        | 2019-11-04 17:20:54 INFO  AsyncDispatcher:209 - Registering class org.apache.hadoop.yarn.server.nodemanager.NodeManagerEventType for class org.apache.hadoop.yarn.server.nodemanager.NodeManager
datanode_2  | 2019-11-04 17:21:00,981 INFO server.GrpcService: ef767328-b595-4d08-abc9-72908e2505da: GrpcService started, listening on 0.0.0.0/0.0.0.0:9858
rm_1        | 2019-11-04 17:20:53 INFO  AMRMTokenSecretManager:94 - AMRMTokenKeyRollingInterval: 86400000ms and AMRMTokenKeyActivationDelay: 900000 ms
om_1        | 2019-11-04 17:21:06,867 INFO ha.OMHANodeDetails: OM Service ID is not set. Setting it to the default ID: omServiceIdDefault
datanode_3  | 2019-11-04 17:20:59,331 INFO handler.ContextHandler: Started o.e.j.s.ServletContextHandler@1716e8c5{/static,jar:file:/opt/hadoop/share/ozone/lib/hadoop-hdds-container-service-0.5.0-SNAPSHOT.jar!/webapps/static,AVAILABLE}
datanode_1  | 2019-11-04 17:20:58,544 INFO server.AbstractConnector: Started ServerConnector@25673087{HTTP/1.1,[http/1.1]}{0.0.0.0:9882}
scm_1       | 2019-11-04 17:20:57,244 INFO db.DBStoreBuilder: Using default column profile:DBProfile.DISK for Table:validCerts
nm_1        | 2019-11-04 17:20:54 INFO  MetricsConfig:112 - loaded properties from hadoop-metrics2.properties
datanode_2  | WARNING: An illegal reflective access operation has occurred
rm_1        | 2019-11-04 17:20:53 INFO  AsyncDispatcher:209 - Registering class org.apache.hadoop.yarn.server.resourcemanager.recovery.RMStateStoreEventType for class org.apache.hadoop.yarn.server.resourcemanager.recovery.RMStateStore$ForwardingEventHandler
om_1        | 2019-11-04 17:21:06,873 WARN server.ServerUtils: ozone.om.db.dirs is not configured. We recommend adding this setting. Falling back to ozone.metadata.dirs instead.
datanode_3  | 2019-11-04 17:20:59,399 INFO handler.ContextHandler: Started o.e.j.w.WebAppContext@640ab13c{/,file:///tmp/jetty-0.0.0.0-9882-hddsDatanode-_-any-13996584222496189377.dir/webapp/,AVAILABLE}{/hddsDatanode}
datanode_1  | 2019-11-04 17:20:58,544 INFO server.Server: Started @4568ms
scm_1       | 2019-11-04 17:20:57,244 INFO db.DBStoreBuilder: using custom profile for table: revokedCerts
nm_1        | 2019-11-04 17:20:54 INFO  MetricsSystemImpl:376 - Scheduled snapshot period at 10 second(s).
datanode_2  | WARNING: Illegal reflective access by org.apache.ratis.thirdparty.com.google.protobuf.UnsafeUtil (file:/opt/hadoop/share/ozone/lib/ratis-thirdparty-misc-0.2.0.jar) to field java.nio.Buffer.address
rm_1        | 2019-11-04 17:20:53 INFO  AsyncDispatcher:209 - Registering class org.apache.hadoop.yarn.server.resourcemanager.NodesListManagerEventType for class org.apache.hadoop.yarn.server.resourcemanager.NodesListManager
om_1        | 2019-11-04 17:21:06,883 WARN server.ServerUtils: ozone.om.db.dirs is not configured. We recommend adding this setting. Falling back to ozone.metadata.dirs instead.
datanode_3  | 2019-11-04 17:20:59,405 INFO server.AbstractConnector: Started ServerConnector@7b27e8f4{HTTP/1.1,[http/1.1]}{0.0.0.0:9882}
datanode_1  | 2019-11-04 17:20:58,548 INFO impl.MetricsSinkAdapter: Sink prometheus started
scm_1       | 2019-11-04 17:20:57,244 INFO db.DBStoreBuilder: Using default column profile:DBProfile.DISK for Table:revokedCerts
nm_1        | 2019-11-04 17:20:54 INFO  MetricsSystemImpl:192 - NodeManager metrics system started
datanode_2  | WARNING: Please consider reporting this to the maintainers of org.apache.ratis.thirdparty.com.google.protobuf.UnsafeUtil
rm_1        | 2019-11-04 17:20:53 INFO  ResourceManager:293 - Using Scheduler: org.apache.hadoop.yarn.server.resourcemanager.scheduler.capacity.CapacityScheduler
om_1        | 2019-11-04 17:21:07,705 WARN server.ServerUtils: ozone.om.db.dirs is not configured. We recommend adding this setting. Falling back to ozone.metadata.dirs instead.
datanode_3  | 2019-11-04 17:20:59,405 INFO server.Server: Started @4359ms
datanode_1  | 2019-11-04 17:20:58,548 INFO impl.MetricsSystemImpl: Registered sink prometheus
scm_1       | 2019-11-04 17:20:57,263 INFO db.DBStoreBuilder: using custom profile for table: default
nm_1        | 2019-11-04 17:20:54 INFO  AsyncDispatcher:209 - Registering class org.apache.hadoop.yarn.server.nodemanager.containermanager.loghandler.event.LogHandlerEventType for class org.apache.hadoop.yarn.server.nodemanager.containermanager.loghandler.NonAggregatingLogHandler
datanode_2  | WARNING: Use --illegal-access=warn to enable warnings of further illegal reflective access operations
rm_1        | 2019-11-04 17:20:53 INFO  AsyncDispatcher:209 - Registering class org.apache.hadoop.yarn.server.resourcemanager.scheduler.event.SchedulerEventType for class org.apache.hadoop.yarn.server.resourcemanager.ResourceManager$SchedulerEventDispatcher
om_1        | 2019-11-04 17:21:07,730 INFO util.log: Logging initialized @2550ms
datanode_3  | 2019-11-04 17:20:59,409 INFO impl.MetricsSinkAdapter: Sink prometheus started
datanode_1  | 2019-11-04 17:20:58,550 INFO server.BaseHttpServer: HTTP server of HDDSDATANODE is listening at http://0.0.0.0:9882
scm_1       | 2019-11-04 17:20:57,263 INFO db.DBStoreBuilder: Using default column profile:DBProfile.DISK for Table:default
nm_1        | 2019-11-04 17:20:54 INFO  AsyncDispatcher:209 - Registering class org.apache.hadoop.yarn.server.nodemanager.containermanager.localizer.sharedcache.SharedCacheUploadEventType for class org.apache.hadoop.yarn.server.nodemanager.containermanager.localizer.sharedcache.SharedCacheUploadService
datanode_2  | WARNING: All illegal access operations will be denied in a future release
rm_1        | 2019-11-04 17:20:53 INFO  AsyncDispatcher:209 - Registering class org.apache.hadoop.yarn.server.resourcemanager.rmapp.RMAppEventType for class org.apache.hadoop.yarn.server.resourcemanager.ResourceManager$ApplicationEventDispatcher
om_1        | 2019-11-04 17:21:07,826 INFO db.DBStoreBuilder: using custom profile for table: userTable
datanode_1  | 2019-11-04 17:20:58,563 INFO util.JvmPauseMonitor: Starting JVM pause monitor
scm_1       | 2019-11-04 17:20:57,265 INFO db.DBStoreBuilder: Using default options. DBProfile.DISK
nm_1        | 2019-11-04 17:20:54 INFO  ResourceLocalizationService:219 - per directory file limit = 8192
datanode_2  | 2019-11-04 17:21:04,063 INFO impl.RaftServerProxy: ef767328-b595-4d08-abc9-72908e2505da: addNew group-F9E0929C356B:[ef767328-b595-4d08-abc9-72908e2505da:172.18.0.8:9858] returns group-F9E0929C356B:java.util.concurrent.CompletableFuture@70c4290[Not completed]
rm_1        | 2019-11-04 17:20:53 INFO  AsyncDispatcher:209 - Registering class org.apache.hadoop.yarn.server.resourcemanager.rmapp.attempt.RMAppAttemptEventType for class org.apache.hadoop.yarn.server.resourcemanager.ResourceManager$ApplicationAttemptEventDispatcher
om_1        | 2019-11-04 17:21:07,826 INFO db.DBStoreBuilder: Using default column profile:DBProfile.DISK for Table:userTable
datanode_3  | 2019-11-04 17:20:59,409 INFO impl.MetricsSystemImpl: Registered sink prometheus
datanode_1  | 2019-11-04 17:20:58,733 INFO datanode.InitDatanodeState: DatanodeDetails is persisted to /data/metadata/datanode.id
scm_1       | 2019-11-04 17:20:57,556 INFO net.NodeSchemaLoader: Loading file from java.lang.CompoundEnumeration@6692b6c6
datanode_2  | 2019-11-04 17:21:04,084 INFO impl.RaftServerImpl: ef767328-b595-4d08-abc9-72908e2505da: new RaftServerImpl for group-F9E0929C356B:[ef767328-b595-4d08-abc9-72908e2505da:172.18.0.8:9858] with ContainerStateMachine:uninitialized
rm_1        | 2019-11-04 17:20:53 INFO  AsyncDispatcher:209 - Registering class org.apache.hadoop.yarn.server.resourcemanager.rmnode.RMNodeEventType for class org.apache.hadoop.yarn.server.resourcemanager.ResourceManager$NodeEventDispatcher
nm_1        | 2019-11-04 17:20:54 INFO  AsyncDispatcher:209 - Registering class org.apache.hadoop.yarn.server.nodemanager.containermanager.localizer.event.LocalizerEventType for class org.apache.hadoop.yarn.server.nodemanager.containermanager.localizer.ResourceLocalizationService$LocalizerTracker
om_1        | 2019-11-04 17:21:07,826 INFO db.DBStoreBuilder: using custom profile for table: volumeTable
datanode_3  | 2019-11-04 17:20:59,411 INFO server.BaseHttpServer: HTTP server of HDDSDATANODE is listening at http://0.0.0.0:9882
datanode_1  | 2019-11-04 17:21:00,853 INFO ozoneimpl.OzoneContainer: Attempting to start container services.
scm_1       | 2019-11-04 17:20:57,557 INFO net.NodeSchemaLoader: Loading network topology layer schema file
datanode_2  | 2019-11-04 17:21:04,086 INFO server.RaftServerConfigKeys: raft.server.rpc.timeout.min = 5s (custom)
rm_1        | 2019-11-04 17:20:53 INFO  MetricsConfig:112 - loaded properties from hadoop-metrics2.properties
nm_1        | 2019-11-04 17:20:54 WARN  AuxServices:130 - The Auxilurary Service named 'mapreduce_shuffle' in the configuration is for class org.apache.hadoop.mapred.ShuffleHandler which has a name of 'httpshuffle'. Because these are not the same tools trying to send ServiceData and read Service Meta Data may have issues unless the refer to the name in the config.
om_1        | 2019-11-04 17:21:07,826 INFO db.DBStoreBuilder: Using default column profile:DBProfile.DISK for Table:volumeTable
datanode_3  | 2019-11-04 17:20:59,423 INFO util.JvmPauseMonitor: Starting JVM pause monitor
datanode_1  | 2019-11-04 17:21:00,854 INFO ozoneimpl.OzoneContainer: Background container scanner has been disabled.
scm_1       | 2019-11-04 17:20:57,685 INFO node.SCMNodeManager: Entering startup safe mode.
datanode_2  | 2019-11-04 17:21:04,086 INFO server.RaftServerConfigKeys: raft.server.rpc.timeout.max = 5200ms (custom)
rm_1        | 2019-11-04 17:20:53 INFO  MetricsSystemImpl:376 - Scheduled snapshot period at 10 second(s).
nm_1        | 2019-11-04 17:20:54 INFO  AuxServices:72 - Adding auxiliary service httpshuffle, "mapreduce_shuffle"
om_1        | 2019-11-04 17:21:07,826 INFO db.DBStoreBuilder: using custom profile for table: bucketTable
datanode_3  | 2019-11-04 17:20:59,574 INFO datanode.InitDatanodeState: DatanodeDetails is persisted to /data/metadata/datanode.id
datanode_1  | 2019-11-04 17:21:00,854 INFO ratis.XceiverServerRatis: Starting XceiverServerRatis 87d55af7-5ebd-401b-9865-dd1af9389a01 at port 9858
scm_1       | 2019-11-04 17:20:57,836 INFO algorithms.ContainerPlacementPolicyFactory: Create container placement policy of type org.apache.hadoop.hdds.scm.container.placement.algorithms.SCMContainerPlacementRandom
datanode_2  | 2019-11-04 17:21:04,087 INFO server.RaftServerConfigKeys: raft.server.rpcslowness.timeout = 120s (custom)
rm_1        | 2019-11-04 17:20:53 INFO  MetricsSystemImpl:192 - ResourceManager metrics system started
nm_1        | 2019-11-04 17:20:54 INFO  ContainersMonitorImpl:106 -  Using ResourceCalculatorPlugin : org.apache.hadoop.yarn.util.LinuxResourceCalculatorPlugin@264f218
om_1        | 2019-11-04 17:21:07,826 INFO db.DBStoreBuilder: Using default column profile:DBProfile.DISK for Table:bucketTable
datanode_3  | 2019-11-04 17:21:01,543 INFO ozoneimpl.OzoneContainer: Attempting to start container services.
datanode_1  | 2019-11-04 17:21:00,878 INFO impl.RaftServerProxy: 87d55af7-5ebd-401b-9865-dd1af9389a01: start RPC server
scm_1       | 2019-11-04 17:20:57,854 WARN server.ServerUtils: ozone.scm.db.dirs is not configured. We recommend adding this setting. Falling back to ozone.metadata.dirs instead.
datanode_2  | 2019-11-04 17:21:04,087 INFO server.RaftServerConfigKeys: raft.server.sleep.deviation.threshold = 300 (default)
rm_1        | 2019-11-04 17:20:53 INFO  AsyncDispatcher:209 - Registering class org.apache.hadoop.yarn.server.resourcemanager.RMAppManagerEventType for class org.apache.hadoop.yarn.server.resourcemanager.RMAppManager
nm_1        | 2019-11-04 17:20:54 INFO  ContainersMonitorImpl:111 -  Using ResourceCalculatorProcessTree : null
om_1        | 2019-11-04 17:21:07,827 INFO db.DBStoreBuilder: using custom profile for table: keyTable
datanode_3  | 2019-11-04 17:21:01,544 INFO ozoneimpl.OzoneContainer: Background container scanner has been disabled.
datanode_1  | 2019-11-04 17:21:01,011 INFO server.GrpcService: 87d55af7-5ebd-401b-9865-dd1af9389a01: GrpcService started, listening on 0.0.0.0/0.0.0.0:9858
scm_1       | 2019-11-04 17:20:57,985 INFO pipeline.SCMPipelineManager: No pipeline exists in current db
datanode_2  | 2019-11-04 17:21:04,088 INFO server.RaftServerConfigKeys: raft.server.log.appender.install.snapshot.enabled = false (custom)
rm_1        | 2019-11-04 17:20:53 INFO  AsyncDispatcher:209 - Registering class org.apache.hadoop.yarn.server.resourcemanager.amlauncher.AMLauncherEventType for class org.apache.hadoop.yarn.server.resourcemanager.amlauncher.ApplicationMasterLauncher
nm_1        | 2019-11-04 17:20:54 INFO  ContainersMonitorImpl:151 - Physical memory check enabled: false
om_1        | 2019-11-04 17:21:07,827 INFO db.DBStoreBuilder: Using default column profile:DBProfile.DISK for Table:keyTable
datanode_3  | 2019-11-04 17:21:01,544 INFO ratis.XceiverServerRatis: Starting XceiverServerRatis 95e6738c-32db-4c5f-b2ff-092f66a59c64 at port 9858
datanode_1  | WARNING: An illegal reflective access operation has occurred
scm_1       | 2019-11-04 17:20:57,987 WARN server.ServerUtils: ozone.scm.db.dirs is not configured. We recommend adding this setting. Falling back to ozone.metadata.dirs instead.
datanode_2  | 2019-11-04 17:21:04,096 INFO impl.RaftServerImpl: ef767328-b595-4d08-abc9-72908e2505da@group-F9E0929C356B: ConfigurationManager, init=-1: [ef767328-b595-4d08-abc9-72908e2505da:172.18.0.8:9858], old=null, confs=<EMPTY_MAP>
rm_1        | 2019-11-04 17:20:53 INFO  RMNMInfo:63 - Registered RMNMInfo MBean
nm_1        | 2019-11-04 17:20:54 INFO  ContainersMonitorImpl:152 - Virtual memory check enabled: false
om_1        | 2019-11-04 17:21:07,827 INFO db.DBStoreBuilder: using custom profile for table: deletedTable
datanode_3  | 2019-11-04 17:21:01,562 INFO impl.RaftServerProxy: 95e6738c-32db-4c5f-b2ff-092f66a59c64: start RPC server
scm_1       | 2019-11-04 17:20:58,086 WARN events.EventQueue: No event handler registered for event TypedEvent{payloadType=SafeModeStatus, name='SafeModeStatus'}
datanode_2  | 2019-11-04 17:21:04,097 INFO server.RaftServerConfigKeys: raft.server.storage.dir = [/data/metadata/ratis] (custom)
rm_1        | 2019-11-04 17:20:53 INFO  YarnAuthorizationProvider:57 - org.apache.hadoop.yarn.security.ConfiguredYarnAuthorizer is instiantiated.
nm_1        | 2019-11-04 17:20:54 INFO  NodeStatusUpdaterImpl:181 - Initialized nodemanager for null: physical-memory=8192 virtual-memory=17204 virtual-cores=8
datanode_1  | WARNING: Illegal reflective access by org.apache.ratis.thirdparty.com.google.protobuf.UnsafeUtil (file:/opt/hadoop/share/ozone/lib/ratis-thirdparty-misc-0.2.0.jar) to field java.nio.Buffer.address
om_1        | 2019-11-04 17:21:07,827 INFO db.DBStoreBuilder: Using default column profile:DBProfile.DISK for Table:deletedTable
datanode_3  | 2019-11-04 17:21:01,679 INFO server.GrpcService: 95e6738c-32db-4c5f-b2ff-092f66a59c64: GrpcService started, listening on 0.0.0.0/0.0.0.0:9858
scm_1       | 2019-11-04 17:20:58,736 INFO ipc.CallQueueManager: Using callQueue: class java.util.concurrent.LinkedBlockingQueue, queueCapacity: 1000, scheduler: class org.apache.hadoop.ipc.DefaultRpcScheduler, ipcBackoff: false.
datanode_2  | 2019-11-04 17:21:04,102 INFO server.RaftServerConfigKeys: raft.server.log.corruption.policy = EXCEPTION (default)
rm_1        | 2019-11-04 17:20:53 INFO  HostsFileReader:131 - Refreshing hosts (include/exclude) list
nm_1        | 2019-11-04 17:20:54 INFO  CallQueueManager:57 - Using callQueue: class java.util.concurrent.LinkedBlockingQueue queueCapacity: 2000
datanode_1  | WARNING: Please consider reporting this to the maintainers of org.apache.ratis.thirdparty.com.google.protobuf.UnsafeUtil
om_1        | 2019-11-04 17:21:07,827 INFO db.DBStoreBuilder: using custom profile for table: openKeyTable
datanode_3  | WARNING: An illegal reflective access operation has occurred
scm_1       | 2019-11-04 17:20:58,757 INFO ipc.Server: Starting Socket Reader #1 for port 9861
datanode_2  | 2019-11-04 17:21:04,103 INFO storage.RaftStorageDirectory: The storage directory /data/metadata/ratis/eb308725-a22a-4e78-8c9a-f9e0929c356b does not exist. Creating ...
rm_1        | 2019-11-04 17:20:53 INFO  Configuration:2427 - found resource capacity-scheduler.xml at file:/opt/hadoop/etc/hadoop/capacity-scheduler.xml
nm_1        | 2019-11-04 17:20:54 INFO  Server:722 - Starting Socket Reader #1 for port 39623
om_1        | 2019-11-04 17:21:07,827 INFO db.DBStoreBuilder: Using default column profile:DBProfile.DISK for Table:openKeyTable
datanode_1  | WARNING: Use --illegal-access=warn to enable warnings of further illegal reflective access operations
datanode_3  | WARNING: Illegal reflective access by org.apache.ratis.thirdparty.com.google.protobuf.UnsafeUtil (file:/opt/hadoop/share/ozone/lib/ratis-thirdparty-misc-0.2.0.jar) to field java.nio.Buffer.address
scm_1       | 2019-11-04 17:20:58,785 INFO ipc.CallQueueManager: Using callQueue: class java.util.concurrent.LinkedBlockingQueue, queueCapacity: 1000, scheduler: class org.apache.hadoop.ipc.DefaultRpcScheduler, ipcBackoff: false.
rm_1        | 2019-11-04 17:20:53 INFO  CapacitySchedulerConfiguration:603 - max alloc mb per queue for root is undefined
nm_1        | 2019-11-04 17:20:55 INFO  RpcServerFactoryPBImpl:174 - Adding protocol org.apache.hadoop.yarn.api.ContainerManagementProtocolPB to the server
om_1        | 2019-11-04 17:21:07,827 INFO db.DBStoreBuilder: using custom profile for table: s3Table
datanode_1  | WARNING: All illegal access operations will be denied in a future release
datanode_2  | 2019-11-04 17:21:04,131 INFO storage.RaftStorageDirectory: Lock on /data/metadata/ratis/eb308725-a22a-4e78-8c9a-f9e0929c356b/in_use.lock acquired by nodename 7@8142ffd9866a
datanode_3  | WARNING: Please consider reporting this to the maintainers of org.apache.ratis.thirdparty.com.google.protobuf.UnsafeUtil
scm_1       | 2019-11-04 17:20:58,786 INFO ipc.Server: Starting Socket Reader #1 for port 9863
rm_1        | 2019-11-04 17:20:53 INFO  CapacitySchedulerConfiguration:607 - max alloc vcore per queue for root is undefined
nm_1        | 2019-11-04 17:20:55 INFO  ContainerManagerImpl:427 - Blocking new container-requests as container manager rpc server is still starting.
om_1        | 2019-11-04 17:21:07,827 INFO db.DBStoreBuilder: Using default column profile:DBProfile.DISK for Table:s3Table
datanode_1  | 2019-11-04 17:21:03,543 INFO impl.RaftServerProxy: 87d55af7-5ebd-401b-9865-dd1af9389a01: addNew group-C081E778AEFC:[87d55af7-5ebd-401b-9865-dd1af9389a01:172.18.0.7:9858] returns group-C081E778AEFC:java.util.concurrent.CompletableFuture@2f26584d[Not completed]
datanode_2  | 2019-11-04 17:21:04,155 INFO storage.RaftStorage: Storage directory /data/metadata/ratis/eb308725-a22a-4e78-8c9a-f9e0929c356b has been successfully formatted.
scm_1       | 2019-11-04 17:20:58,795 INFO ipc.CallQueueManager: Using callQueue: class java.util.concurrent.LinkedBlockingQueue, queueCapacity: 1000, scheduler: class org.apache.hadoop.ipc.DefaultRpcScheduler, ipcBackoff: false.
datanode_3  | WARNING: Use --illegal-access=warn to enable warnings of further illegal reflective access operations
rm_1        | 2019-11-04 17:20:53 INFO  ParentQueue:121 - root, capacity=1.0, asboluteCapacity=1.0, maxCapacity=1.0, asboluteMaxCapacity=1.0, state=RUNNING, acls=SUBMIT_APP:*ADMINISTER_QUEUE:*, labels=*,
om_1        | 2019-11-04 17:21:07,828 INFO db.DBStoreBuilder: using custom profile for table: multipartInfoTable
nm_1        | 2019-11-04 17:20:55 INFO  Server:962 - IPC Server Responder: starting
datanode_1  | 2019-11-04 17:21:03,560 INFO impl.RaftServerImpl: 87d55af7-5ebd-401b-9865-dd1af9389a01: new RaftServerImpl for group-C081E778AEFC:[87d55af7-5ebd-401b-9865-dd1af9389a01:172.18.0.7:9858] with ContainerStateMachine:uninitialized
datanode_2  | 2019-11-04 17:21:04,159 INFO ratis.ContainerStateMachine: group-F9E0929C356B: The snapshot info is null. Setting the last applied indexto:(t:0, i:~)
scm_1       | 2019-11-04 17:20:58,796 INFO ipc.Server: Starting Socket Reader #1 for port 9860
datanode_3  | WARNING: All illegal access operations will be denied in a future release
rm_1        | , reservationsContinueLooking=true
om_1        | 2019-11-04 17:21:07,828 INFO db.DBStoreBuilder: Using default column profile:DBProfile.DISK for Table:multipartInfoTable
nm_1        | 2019-11-04 17:20:55 INFO  Server:801 - IPC Server listener on 39623: starting
datanode_1  | 2019-11-04 17:21:03,561 INFO server.RaftServerConfigKeys: raft.server.rpc.timeout.min = 5s (custom)
datanode_2  | 2019-11-04 17:21:04,159 INFO server.RaftServerConfigKeys: raft.server.notification.no-leader.timeout = 120s (custom)
scm_1       | 2019-11-04 17:20:58,820 INFO hdfs.DFSUtil: Starting Web-server for scm at: http://0.0.0.0:9876
datanode_3  | 2019-11-04 17:21:04,590 INFO impl.RaftServerProxy: 95e6738c-32db-4c5f-b2ff-092f66a59c64: addNew group-57F478C9A161:[95e6738c-32db-4c5f-b2ff-092f66a59c64:172.18.0.9:9858] returns group-57F478C9A161:java.util.concurrent.CompletableFuture@11ebded9[Not completed]
rm_1        | 2019-11-04 17:20:53 INFO  ParentQueue:100 - Initialized parent-queue root name=root, fullname=root
om_1        | 2019-11-04 17:21:07,828 INFO db.DBStoreBuilder: using custom profile for table: dTokenTable
nm_1        | 2019-11-04 17:20:55 INFO  NMContainerTokenSecretManager:260 - Updating node address : nm:39623
datanode_1  | 2019-11-04 17:21:03,562 INFO server.RaftServerConfigKeys: raft.server.rpc.timeout.max = 5200ms (custom)
scm_1       | 2019-11-04 17:20:59,015 INFO server.AuthenticationFilter: Unable to initialize FileSignerSecretProvider, falling back to use random secrets.
datanode_3  | 2019-11-04 17:21:04,612 INFO impl.RaftServerImpl: 95e6738c-32db-4c5f-b2ff-092f66a59c64: new RaftServerImpl for group-57F478C9A161:[95e6738c-32db-4c5f-b2ff-092f66a59c64:172.18.0.9:9858] with ContainerStateMachine:uninitialized
datanode_2  | 2019-11-04 17:21:04,161 INFO server.RaftServerConfigKeys: raft.server.log.use.memory = false (default)
om_1        | 2019-11-04 17:21:07,828 INFO db.DBStoreBuilder: Using default column profile:DBProfile.DISK for Table:dTokenTable
nm_1        | 2019-11-04 17:20:55 INFO  CallQueueManager:57 - Using callQueue: class java.util.concurrent.LinkedBlockingQueue queueCapacity: 500
scm_1       | 2019-11-04 17:20:59,030 INFO http.HttpRequestLog: Http request log for http.requests.scm is not defined
datanode_1  | 2019-11-04 17:21:03,562 INFO server.RaftServerConfigKeys: raft.server.rpcslowness.timeout = 120s (custom)
rm_1        | 2019-11-04 17:20:53 INFO  CapacitySchedulerConfiguration:603 - max alloc mb per queue for root.default is undefined
datanode_3  | 2019-11-04 17:21:04,613 INFO server.RaftServerConfigKeys: raft.server.rpc.timeout.min = 5s (custom)
datanode_2  | 2019-11-04 17:21:04,166 INFO server.RaftServerConfigKeys: raft.server.log.purge.gap = 1000000 (custom)
om_1        | 2019-11-04 17:21:07,828 INFO db.DBStoreBuilder: using custom profile for table: s3SecretTable
nm_1        | 2019-11-04 17:20:55 INFO  Server:722 - Starting Socket Reader #1 for port 8040
scm_1       | 2019-11-04 17:20:59,037 INFO http.HttpServer2: Added global filter 'safety' (class=org.apache.hadoop.http.HttpServer2$QuotingInputFilter)
datanode_1  | 2019-11-04 17:21:03,562 INFO server.RaftServerConfigKeys: raft.server.sleep.deviation.threshold = 300 (default)
rm_1        | 2019-11-04 17:20:53 INFO  CapacitySchedulerConfiguration:607 - max alloc vcore per queue for root.default is undefined
datanode_3  | 2019-11-04 17:21:04,613 INFO server.RaftServerConfigKeys: raft.server.rpc.timeout.max = 5200ms (custom)
datanode_2  | 2019-11-04 17:21:04,166 INFO server.RaftServerConfigKeys: raft.server.log.appender.buffer.byte-limit = 33554432 (custom)
om_1        | 2019-11-04 17:21:07,828 INFO db.DBStoreBuilder: Using default column profile:DBProfile.DISK for Table:s3SecretTable
nm_1        | 2019-11-04 17:20:55 INFO  RpcServerFactoryPBImpl:174 - Adding protocol org.apache.hadoop.yarn.server.nodemanager.api.LocalizationProtocolPB to the server
datanode_1  | 2019-11-04 17:21:03,563 INFO server.RaftServerConfigKeys: raft.server.log.appender.install.snapshot.enabled = false (custom)
scm_1       | 2019-11-04 17:20:59,039 INFO http.HttpServer2: Added filter static_user_filter (class=org.apache.hadoop.http.lib.StaticUserWebFilter$StaticUserFilter) to context scm
rm_1        | 2019-11-04 17:20:53 INFO  LeafQueue:215 - Initializing default
datanode_3  | 2019-11-04 17:21:04,614 INFO server.RaftServerConfigKeys: raft.server.rpcslowness.timeout = 120s (custom)
datanode_2  | 2019-11-04 17:21:04,168 INFO server.RaftServerConfigKeys: raft.server.log.segment.size.max = 1048576 (custom)
om_1        | 2019-11-04 17:21:07,829 INFO db.DBStoreBuilder: using custom profile for table: prefixTable
nm_1        | 2019-11-04 17:20:55 INFO  Server:962 - IPC Server Responder: starting
datanode_1  | 2019-11-04 17:21:03,568 INFO impl.RaftServerImpl: 87d55af7-5ebd-401b-9865-dd1af9389a01@group-C081E778AEFC: ConfigurationManager, init=-1: [87d55af7-5ebd-401b-9865-dd1af9389a01:172.18.0.7:9858], old=null, confs=<EMPTY_MAP>
scm_1       | 2019-11-04 17:20:59,039 INFO http.HttpServer2: Added filter static_user_filter (class=org.apache.hadoop.http.lib.StaticUserWebFilter$StaticUserFilter) to context logs
rm_1        | capacity = 1.0 [= (float) configuredCapacity / 100 ]
datanode_3  | 2019-11-04 17:21:04,614 INFO server.RaftServerConfigKeys: raft.server.sleep.deviation.threshold = 300 (default)
datanode_2  | 2019-11-04 17:21:04,173 INFO metrics.MetricRegistries: Loaded MetricRegistries class org.apache.ratis.metrics.impl.MetricRegistriesImpl
om_1        | 2019-11-04 17:21:07,829 INFO db.DBStoreBuilder: Using default column profile:DBProfile.DISK for Table:prefixTable
nm_1        | 2019-11-04 17:20:55 INFO  Server:801 - IPC Server listener on 8040: starting
datanode_1  | 2019-11-04 17:21:03,569 INFO server.RaftServerConfigKeys: raft.server.storage.dir = [/data/metadata/ratis] (custom)
scm_1       | 2019-11-04 17:20:59,039 INFO http.HttpServer2: Added filter static_user_filter (class=org.apache.hadoop.http.lib.StaticUserWebFilter$StaticUserFilter) to context static
rm_1        | asboluteCapacity = 1.0 [= parentAbsoluteCapacity * capacity ]
datanode_3  | 2019-11-04 17:21:04,614 INFO server.RaftServerConfigKeys: raft.server.log.appender.install.snapshot.enabled = false (custom)
datanode_2  | 2019-11-04 17:21:04,177 WARN impl.MetricRegistriesImpl: First MetricRegistry has been created without registering reporters. You may need to call MetricRegistries.global().addReportRegistration(...) before.
om_1        | 2019-11-04 17:21:07,843 INFO db.DBStoreBuilder: using custom profile for table: default
nm_1        | 2019-11-04 17:20:55 INFO  ResourceLocalizationService:344 - Localizer started on port 8040
datanode_1  | 2019-11-04 17:21:03,573 INFO server.RaftServerConfigKeys: raft.server.log.corruption.policy = EXCEPTION (default)
scm_1       | 2019-11-04 17:20:59,065 INFO server.StorageContainerManager: StorageContainerLocationProtocol RPC server is listening at /0.0.0.0:9860
rm_1        | maxCapacity = 1.0 [= configuredMaxCapacity ]
datanode_3  | 2019-11-04 17:21:04,620 INFO impl.RaftServerImpl: 95e6738c-32db-4c5f-b2ff-092f66a59c64@group-57F478C9A161: ConfigurationManager, init=-1: [95e6738c-32db-4c5f-b2ff-092f66a59c64:172.18.0.9:9858], old=null, confs=<EMPTY_MAP>
om_1        | 2019-11-04 17:21:07,843 INFO db.DBStoreBuilder: Using default column profile:DBProfile.DISK for Table:default
nm_1        | 2019-11-04 17:20:55 INFO  IndexCache:47 - IndexCache created with max memory = 10485760
datanode_1  | 2019-11-04 17:21:03,574 INFO storage.RaftStorageDirectory: The storage directory /data/metadata/ratis/7e104dc7-45e5-4af9-8bf4-c081e778aefc does not exist. Creating ...
datanode_2  | 2019-11-04 17:21:04,182 INFO server.RaftServerConfigKeys: raft.server.log.segment.cache.num.max = 2 (custom)
scm_1       | 2019-11-04 17:20:59,147 INFO impl.MetricsConfig: Loaded properties from hadoop-metrics2.properties
rm_1        | absoluteMaxCapacity = 1.0 [= 1.0 maximumCapacity undefined, (parentAbsoluteMaxCapacity * maximumCapacity) / 100 otherwise ]
datanode_3  | 2019-11-04 17:21:04,620 INFO server.RaftServerConfigKeys: raft.server.storage.dir = [/data/metadata/ratis] (custom)
om_1        | 2019-11-04 17:21:07,844 INFO db.DBStoreBuilder: Using default options. DBProfile.DISK
nm_1        | 2019-11-04 17:20:55 INFO  ShuffleHandler:510 - httpshuffle listening on port 13562
datanode_1  | 2019-11-04 17:21:03,602 INFO storage.RaftStorageDirectory: Lock on /data/metadata/ratis/7e104dc7-45e5-4af9-8bf4-c081e778aefc/in_use.lock acquired by nodename 7@0fce33f55d1b
datanode_2  | 2019-11-04 17:21:04,187 INFO segmented.SegmentedRaftLogWorker: new ef767328-b595-4d08-abc9-72908e2505da@group-F9E0929C356B-SegmentedRaftLogWorker for RaftStorage:Storage Directory /data/metadata/ratis/eb308725-a22a-4e78-8c9a-f9e0929c356b
rm_1        | userLimit = 100 [= configuredUserLimit ]
scm_1       | 2019-11-04 17:20:59,190 INFO impl.MetricsSystemImpl: Scheduled Metric snapshot period at 10 second(s).
datanode_3  | 2019-11-04 17:21:04,625 INFO server.RaftServerConfigKeys: raft.server.log.corruption.policy = EXCEPTION (default)
om_1        | 2019-11-04 17:21:30,177 INFO ipc.CallQueueManager: Using callQueue: class java.util.concurrent.LinkedBlockingQueue, queueCapacity: 2000, scheduler: class org.apache.hadoop.ipc.DefaultRpcScheduler, ipcBackoff: false.
nm_1        | 2019-11-04 17:20:55 INFO  ContainersMonitorImpl:196 - Neither virutal-memory nor physical-memory monitoring is needed. Not running the monitor-thread
datanode_1  | 2019-11-04 17:21:03,619 INFO storage.RaftStorage: Storage directory /data/metadata/ratis/7e104dc7-45e5-4af9-8bf4-c081e778aefc has been successfully formatted.
datanode_2  | 2019-11-04 17:21:04,187 INFO server.RaftServerConfigKeys: raft.server.log.queue.byte-limit = 2147483647 (custom)
rm_1        | userLimitFactor = 1.0 [= configuredUserLimitFactor ]
scm_1       | 2019-11-04 17:20:59,190 INFO impl.MetricsSystemImpl: StorageContainerManager metrics system started
datanode_3  | 2019-11-04 17:21:04,626 INFO storage.RaftStorageDirectory: The storage directory /data/metadata/ratis/f95bffd2-fa3d-4db2-8f18-57f478c9a161 does not exist. Creating ...
om_1        | 2019-11-04 17:21:30,189 INFO ipc.Server: Starting Socket Reader #1 for port 9862
nm_1        | 2019-11-04 17:20:55 INFO  ContainerManagerImpl:472 - ContainerManager started at nm/172.18.0.5:39623
datanode_2  | 2019-11-04 17:21:04,188 INFO server.RaftServerConfigKeys: raft.server.log.queue.element-limit = 1024 (custom)
datanode_1  | 2019-11-04 17:21:03,624 INFO ratis.ContainerStateMachine: group-C081E778AEFC: The snapshot info is null. Setting the last applied indexto:(t:0, i:~)
rm_1        | maxApplications = 10000 [= configuredMaximumSystemApplicationsPerQueue or (int)(configuredMaximumSystemApplications * absoluteCapacity)]
scm_1       | 2019-11-04 17:20:59,410 INFO server.SCMClientProtocolServer: RPC server for Client  is listening at /0.0.0.0:9860
datanode_3  | 2019-11-04 17:21:04,656 INFO storage.RaftStorageDirectory: Lock on /data/metadata/ratis/f95bffd2-fa3d-4db2-8f18-57f478c9a161/in_use.lock acquired by nodename 7@bfeafcda3e9e
om_1        | 2019-11-04 17:21:30,224 INFO om.OzoneManager: OzoneManager RPC server is listening at om/172.18.0.2:9862
nm_1        | 2019-11-04 17:20:55 INFO  ContainerManagerImpl:473 - ContainerManager bound to 0.0.0.0/0.0.0.0:0
datanode_2  | 2019-11-04 17:21:04,189 INFO server.RaftServerConfigKeys: raft.server.log.segment.size.max = 1048576 (custom)
rm_1        | maxApplicationsPerUser = 10000 [= (int)(maxApplications * (userLimit / 100.0f) * userLimitFactor) ]
datanode_1  | 2019-11-04 17:21:03,624 INFO server.RaftServerConfigKeys: raft.server.notification.no-leader.timeout = 120s (custom)
scm_1       | 2019-11-04 17:20:59,411 INFO ipc.Server: IPC Server Responder: starting
datanode_3  | 2019-11-04 17:21:04,676 INFO storage.RaftStorage: Storage directory /data/metadata/ratis/f95bffd2-fa3d-4db2-8f18-57f478c9a161 has been successfully formatted.
om_1        | 2019-11-04 17:21:30,302 INFO impl.MetricsConfig: Loaded properties from hadoop-metrics2.properties
nm_1        | 2019-11-04 17:20:55 INFO  WebServer:70 - Instantiating NMWebApp at 0.0.0.0:8042
datanode_2  | 2019-11-04 17:21:04,189 INFO server.RaftServerConfigKeys: raft.server.log.preallocated.size = 16384 (custom)
rm_1        | usedCapacity = 0.0 [= usedResourcesMemory / (clusterResourceMemory * absoluteCapacity)]
datanode_1  | 2019-11-04 17:21:03,627 INFO server.RaftServerConfigKeys: raft.server.log.use.memory = false (default)
scm_1       | 2019-11-04 17:20:59,411 INFO ipc.Server: IPC Server listener on 9860: starting
om_1        | 2019-11-04 17:21:30,355 INFO impl.MetricsSystemImpl: Scheduled Metric snapshot period at 10 second(s).
nm_1        | 2019-11-04 17:20:55 INFO  log:67 - Logging to org.slf4j.impl.Log4jLoggerAdapter(org.mortbay.log) via org.mortbay.log.Slf4jLog
datanode_2  | 2019-11-04 17:21:04,189 INFO server.RaftServerConfigKeys: raft.server.log.write.buffer.size = 33554432 (custom)
datanode_3  | 2019-11-04 17:21:04,680 INFO ratis.ContainerStateMachine: group-57F478C9A161: The snapshot info is null. Setting the last applied indexto:(t:0, i:~)
rm_1        | absoluteUsedCapacity = 0.0 [= usedResourcesMemory / clusterResourceMemory]
datanode_1  | 2019-11-04 17:21:03,634 INFO server.RaftServerConfigKeys: raft.server.log.purge.gap = 1000000 (custom)
scm_1       | 2019-11-04 17:20:59,414 INFO server.StorageContainerManager: ScmBlockLocationProtocol RPC server is listening at /0.0.0.0:9863
om_1        | 2019-11-04 17:21:30,357 INFO impl.MetricsSystemImpl: OzoneManager metrics system started
nm_1        | 2019-11-04 17:20:55 INFO  AuthenticationFilter:283 - Unable to initialize FileSignerSecretProvider, falling back to use random secrets.
datanode_2  | 2019-11-04 17:21:04,190 INFO server.RaftServerConfigKeys: raft.server.log.force.sync.num = 128 (default)
datanode_3  | 2019-11-04 17:21:04,680 INFO server.RaftServerConfigKeys: raft.server.notification.no-leader.timeout = 120s (custom)
rm_1        | maxAMResourcePerQueuePercent = 0.1 [= configuredMaximumAMResourcePercent ]
datanode_1  | 2019-11-04 17:21:03,634 INFO server.RaftServerConfigKeys: raft.server.log.appender.buffer.byte-limit = 33554432 (custom)
scm_1       | 2019-11-04 17:20:59,415 INFO server.SCMBlockProtocolServer: RPC server for Block Protocol is listening at /0.0.0.0:9863
om_1        | 2019-11-04 17:21:30,401 INFO ipc.Server: IPC Server Responder: starting
nm_1        | 2019-11-04 17:20:55 INFO  HttpRequestLog:80 - Http request log for http.requests.nodemanager is not defined
datanode_3  | 2019-11-04 17:21:04,683 INFO server.RaftServerConfigKeys: raft.server.log.use.memory = false (default)
rm_1        | minimumAllocationFactor = 0.875 [= (float)(maximumAllocationMemory - minimumAllocationMemory) / maximumAllocationMemory ]
datanode_1  | 2019-11-04 17:21:03,637 INFO server.RaftServerConfigKeys: raft.server.log.segment.size.max = 1048576 (custom)
datanode_2  | 2019-11-04 17:21:04,190 INFO server.RaftServerConfigKeys: raft.server.log.statemachine.data.sync = true (default)
scm_1       | 2019-11-04 17:20:59,415 INFO ipc.Server: IPC Server Responder: starting
nm_1        | 2019-11-04 17:20:55 INFO  HttpServer2:730 - Added global filter 'safety' (class=org.apache.hadoop.http.HttpServer2$QuotingInputFilter)
rm_1        | maximumAllocation = <memory:8192, vCores:32> [= configuredMaxAllocation ]
datanode_3  | 2019-11-04 17:21:04,687 INFO server.RaftServerConfigKeys: raft.server.log.purge.gap = 1000000 (custom)
om_1        | 2019-11-04 17:21:30,402 INFO ipc.Server: IPC Server listener on 9862: starting
datanode_1  | 2019-11-04 17:21:03,644 INFO metrics.MetricRegistries: Loaded MetricRegistries class org.apache.ratis.metrics.impl.MetricRegistriesImpl
nm_1        | 2019-11-04 17:20:55 INFO  HttpServer2:705 - Added filter static_user_filter (class=org.apache.hadoop.http.lib.StaticUserWebFilter$StaticUserFilter) to context node
scm_1       | 2019-11-04 17:20:59,415 INFO ipc.Server: IPC Server listener on 9863: starting
rm_1        | numContainers = 0 [= currentNumContainers ]
datanode_2  | 2019-11-04 17:21:04,191 INFO server.RaftServerConfigKeys: raft.server.log.statemachine.data.sync.timeout = 10s (default)
