scm_1       | 	at org.apache.ratis.grpc.client.GrpcClientProtocolClient.groupAdd(GrpcClientProtocolClient.java:153)
datanode_1  | 2019-11-14 00:09:38,546 INFO impl.FollowerState: 5059e4c6-4251-41b3-b1b9-8f9b0419aac6@group-48C84D26BDE9-FollowerState was interrupted: java.lang.InterruptedException: sleep interrupted
datanode_3  | 2019-11-14 00:11:34,197 INFO server.RaftServerConfigKeys: raft.server.log.corruption.policy = EXCEPTION (default)
s3g_1       | 	at org.apache.hadoop.ozone.client.rpc.RpcClient.completeMultipartUpload(RpcClient.java:914)
datanode_2  | 2019-11-14 00:09:38,598 INFO impl.LeaderElection: fb774225-5518-4c76-b0f1-1faebe7e1068@group-48C84D26BDE9-LeaderElection2: Election REJECTED; received 2 response(s) [fb774225-5518-4c76-b0f1-1faebe7e1068<-3e9fece0-6c8c-4036-8cb1-ad128c57e261#0:FAIL-t1, fb774225-5518-4c76-b0f1-1faebe7e1068<-5059e4c6-4251-41b3-b1b9-8f9b0419aac6#0:FAIL-t1] and 0 exception(s); fb774225-5518-4c76-b0f1-1faebe7e1068@group-48C84D26BDE9:t1, leader=null, voted=fb774225-5518-4c76-b0f1-1faebe7e1068, raftlog=fb774225-5518-4c76-b0f1-1faebe7e1068@group-48C84D26BDE9-SegmentedRaftLog:OPENED:c-1,f-1,i0, conf=-1: [3e9fece0-6c8c-4036-8cb1-ad128c57e261:172.19.0.7:9858, fb774225-5518-4c76-b0f1-1faebe7e1068:172.19.0.2:9858, 5059e4c6-4251-41b3-b1b9-8f9b0419aac6:172.19.0.3:9858], old=null
scm_1       | 	at org.apache.ratis.grpc.client.GrpcClientRpc.sendRequest(GrpcClientRpc.java:94)
datanode_1  | 2019-11-14 00:09:38,551 INFO impl.RoleInfo: 5059e4c6-4251-41b3-b1b9-8f9b0419aac6: start FollowerState
datanode_3  | 2019-11-14 00:11:34,197 INFO storage.RaftStorageDirectory: The storage directory /data/metadata/ratis/ef4ebfa0-a610-4ec0-92a4-64e3a6bce4a8 does not exist. Creating ...
s3g_1       | 	at org.apache.hadoop.ozone.client.OzoneBucket.completeMultipartUpload(OzoneBucket.java:445)
datanode_2  | 2019-11-14 00:09:38,599 INFO impl.RaftServerImpl: fb774225-5518-4c76-b0f1-1faebe7e1068@group-48C84D26BDE9: changes role from CANDIDATE to FOLLOWER at term 1 for DISCOVERED_A_NEW_TERM
scm_1       | 	at org.apache.ratis.client.impl.RaftClientImpl.sendRequest(RaftClientImpl.java:278)
datanode_1  | 2019-11-14 00:09:38,551 INFO impl.LeaderElection: 5059e4c6-4251-41b3-b1b9-8f9b0419aac6@group-E09E9A4691A7-LeaderElection1: begin an election at term 1 for -1: [5059e4c6-4251-41b3-b1b9-8f9b0419aac6:172.19.0.3:9858], old=null
datanode_3  | 2019-11-14 00:11:34,211 INFO storage.RaftStorageDirectory: Lock on /data/metadata/ratis/ef4ebfa0-a610-4ec0-92a4-64e3a6bce4a8/in_use.lock acquired by nodename 7@3324c5c8108a
s3g_1       | 	at org.apache.hadoop.ozone.s3.endpoint.ObjectEndpoint.completeMultipartUpload(ObjectEndpoint.java:500)
datanode_2  | 2019-11-14 00:09:38,599 INFO impl.RoleInfo: fb774225-5518-4c76-b0f1-1faebe7e1068: shutdown LeaderElection
scm_1       | 	at org.apache.ratis.client.impl.RaftClientImpl.groupAdd(RaftClientImpl.java:205)
datanode_1  | 2019-11-14 00:09:38,552 INFO impl.RoleInfo: 5059e4c6-4251-41b3-b1b9-8f9b0419aac6: shutdown LeaderElection
datanode_3  | 2019-11-14 00:11:34,225 INFO storage.RaftStorage: Storage directory /data/metadata/ratis/ef4ebfa0-a610-4ec0-92a4-64e3a6bce4a8 has been successfully formatted.
s3g_1       | 	at java.base/jdk.internal.reflect.NativeMethodAccessorImpl.invoke0(Native Method)
datanode_2  | 2019-11-14 00:09:38,599 INFO impl.RoleInfo: fb774225-5518-4c76-b0f1-1faebe7e1068: start FollowerState
scm_1       | 	at org.apache.hadoop.hdds.scm.pipeline.RatisPipelineProvider.lambda$initializePipeline$4(RatisPipelineProvider.java:191)
datanode_1  | 2019-11-14 00:09:38,553 INFO impl.RaftServerImpl: 5059e4c6-4251-41b3-b1b9-8f9b0419aac6@group-E09E9A4691A7: changes role from CANDIDATE to LEADER at term 1 for changeToLeader
datanode_3  | 2019-11-14 00:11:34,225 INFO ratis.ContainerStateMachine: group-64E3A6BCE4A8: The snapshot info is null. Setting the last applied indexto:(t:0, i:~)
s3g_1       | 	at java.base/jdk.internal.reflect.NativeMethodAccessorImpl.invoke(NativeMethodAccessorImpl.java:62)
datanode_2  | 2019-11-14 00:09:38,729 INFO ratis.XceiverServerRatis: Leader change notification received for group: group-48C84D26BDE9 with new leaderId: 3e9fece0-6c8c-4036-8cb1-ad128c57e261
scm_1       | 	at org.apache.hadoop.hdds.scm.pipeline.RatisPipelineProvider.lambda$null$5(RatisPipelineProvider.java:226)
datanode_1  | 2019-11-14 00:09:38,553 INFO ratis.XceiverServerRatis: Leader change notification received for group: group-E09E9A4691A7 with new leaderId: 5059e4c6-4251-41b3-b1b9-8f9b0419aac6
datanode_3  | 2019-11-14 00:11:34,226 INFO server.RaftServerConfigKeys: raft.server.notification.no-leader.timeout = 120s (custom)
s3g_1       | 	at java.base/jdk.internal.reflect.DelegatingMethodAccessorImpl.invoke(DelegatingMethodAccessorImpl.java:43)
datanode_2  | 2019-11-14 00:09:38,729 INFO impl.RaftServerImpl: fb774225-5518-4c76-b0f1-1faebe7e1068@group-48C84D26BDE9: change Leader from null to 3e9fece0-6c8c-4036-8cb1-ad128c57e261 at term 1 for appendEntries, leader elected after 5470ms
scm_1       | 	at java.base/java.util.stream.ForEachOps$ForEachOp$OfRef.accept(ForEachOps.java:183)
datanode_1  | 2019-11-14 00:09:38,558 INFO impl.RaftServerImpl: 5059e4c6-4251-41b3-b1b9-8f9b0419aac6@group-E09E9A4691A7: change Leader from null to 5059e4c6-4251-41b3-b1b9-8f9b0419aac6 at term 1 for becomeLeader, leader elected after 7908ms
datanode_3  | 2019-11-14 00:11:34,226 INFO server.RaftServerConfigKeys: raft.server.log.use.memory = false (default)
s3g_1       | 	at java.base/java.lang.reflect.Method.invoke(Method.java:566)
datanode_2  | 2019-11-14 00:09:38,774 INFO impl.RaftServerImpl: fb774225-5518-4c76-b0f1-1faebe7e1068@group-48C84D26BDE9: set configuration 0: [3e9fece0-6c8c-4036-8cb1-ad128c57e261:172.19.0.7:9858, fb774225-5518-4c76-b0f1-1faebe7e1068:172.19.0.2:9858, 5059e4c6-4251-41b3-b1b9-8f9b0419aac6:172.19.0.3:9858], old=null at 0
scm_1       | 	at java.base/java.util.ArrayList$ArrayListSpliterator.forEachRemaining(ArrayList.java:1654)
datanode_1  | 2019-11-14 00:09:38,561 INFO server.RaftServerConfigKeys: raft.server.staging.catchup.gap = 1000 (default)
s3g_1       | 	at org.glassfish.jersey.server.model.internal.ResourceMethodInvocationHandlerFactory.lambda$static$0(ResourceMethodInvocationHandlerFactory.java:76)
datanode_2  | 2019-11-14 00:09:38,774 INFO segmented.SegmentedRaftLogWorker: fb774225-5518-4c76-b0f1-1faebe7e1068@group-48C84D26BDE9-SegmentedRaftLogWorker: Starting segment from index:0
scm_1       | 	at java.base/java.util.stream.AbstractPipeline.copyInto(AbstractPipeline.java:484)
datanode_3  | 2019-11-14 00:11:34,226 INFO server.RaftServerConfigKeys: raft.server.log.purge.gap = 1000000 (custom)
datanode_1  | 2019-11-14 00:09:38,561 INFO server.RaftServerConfigKeys: raft.server.rpc.sleep.time = 25ms (default)
s3g_1       | 	at org.glassfish.jersey.server.model.internal.AbstractJavaResourceMethodDispatcher$1.run(AbstractJavaResourceMethodDispatcher.java:148)
datanode_2  | 2019-11-14 00:09:38,821 INFO segmented.SegmentedRaftLogWorker: fb774225-5518-4c76-b0f1-1faebe7e1068@group-48C84D26BDE9-SegmentedRaftLogWorker: created new log segment /data/metadata/ratis/07964593-4762-42f4-99aa-48c84d26bde9/current/log_inprogress_0
scm_1       | 	at java.base/java.util.stream.ForEachOps$ForEachTask.compute(ForEachOps.java:290)
datanode_3  | 2019-11-14 00:11:34,226 INFO server.RaftServerConfigKeys: raft.server.log.appender.buffer.byte-limit = 33554432 (custom)
datanode_1  | 2019-11-14 00:09:38,564 INFO server.RaftServerConfigKeys: raft.server.write.element-limit = 4096 (default)
s3g_1       | 	at org.glassfish.jersey.server.model.internal.AbstractJavaResourceMethodDispatcher.invoke(AbstractJavaResourceMethodDispatcher.java:191)
datanode_2  | 2019-11-14 00:09:38,927 INFO server.GrpcServerProtocolService: fb774225-5518-4c76-b0f1-1faebe7e1068: Completed APPEND_ENTRIES, lastRequest: 3e9fece0-6c8c-4036-8cb1-ad128c57e261->fb774225-5518-4c76-b0f1-1faebe7e1068#0-t1, previous=(t:0, i:0), leaderCommit=-1, initializing? false, entries: <empty>
datanode_3  | 2019-11-14 00:11:34,226 INFO server.RaftServerConfigKeys: raft.server.log.segment.size.max = 1048576 (custom)
datanode_1  | 2019-11-14 00:09:38,568 INFO server.RaftServerConfigKeys: raft.server.watch.timeout = 10s (default)
s3g_1       | 	at org.glassfish.jersey.server.model.internal.JavaResourceMethodDispatcherProvider$ResponseOutInvoker.doDispatch(JavaResourceMethodDispatcherProvider.java:200)
scm_1       | 	at java.base/java.util.concurrent.CountedCompleter.exec(CountedCompleter.java:746)
datanode_3  | 2019-11-14 00:11:34,226 INFO server.RaftServerConfigKeys: raft.server.log.segment.cache.num.max = 2 (custom)
datanode_1  | 2019-11-14 00:09:38,569 INFO server.RaftServerConfigKeys: raft.server.watch.timeout.denomination = 1s (default)
s3g_1       | 	at org.glassfish.jersey.server.model.internal.AbstractJavaResourceMethodDispatcher.dispatch(AbstractJavaResourceMethodDispatcher.java:103)
scm_1       | 	at java.base/java.util.concurrent.ForkJoinTask.doExec(ForkJoinTask.java:290)
datanode_3  | 2019-11-14 00:11:34,226 INFO segmented.SegmentedRaftLogWorker: new 3e9fece0-6c8c-4036-8cb1-ad128c57e261@group-64E3A6BCE4A8-SegmentedRaftLogWorker for RaftStorage:Storage Directory /data/metadata/ratis/ef4ebfa0-a610-4ec0-92a4-64e3a6bce4a8
datanode_1  | 2019-11-14 00:09:38,570 INFO server.RaftServerConfigKeys: raft.server.watch.element-limit = 65536 (default)
s3g_1       | 	at org.glassfish.jersey.server.model.ResourceMethodInvoker.invoke(ResourceMethodInvoker.java:493)
scm_1       | 	at java.base/java.util.concurrent.ForkJoinTask.doInvoke(ForkJoinTask.java:408)
datanode_3  | 2019-11-14 00:11:34,226 INFO server.RaftServerConfigKeys: raft.server.log.queue.byte-limit = 2147483647 (custom)
datanode_1  | 2019-11-14 00:09:38,602 INFO impl.RoleInfo: 5059e4c6-4251-41b3-b1b9-8f9b0419aac6: start LeaderState
s3g_1       | 	at org.glassfish.jersey.server.model.ResourceMethodInvoker.apply(ResourceMethodInvoker.java:415)
scm_1       | 	at java.base/java.util.concurrent.ForkJoinTask.invoke(ForkJoinTask.java:736)
datanode_3  | 2019-11-14 00:11:34,227 INFO server.RaftServerConfigKeys: raft.server.log.queue.element-limit = 1024 (custom)
datanode_1  | 2019-11-14 00:09:38,616 INFO segmented.SegmentedRaftLogWorker: 5059e4c6-4251-41b3-b1b9-8f9b0419aac6@group-E09E9A4691A7-SegmentedRaftLogWorker: Starting segment from index:0
s3g_1       | 	at org.glassfish.jersey.server.model.ResourceMethodInvoker.apply(ResourceMethodInvoker.java:104)
scm_1       | 	at java.base/java.util.stream.ForEachOps$ForEachOp.evaluateParallel(ForEachOps.java:159)
datanode_3  | 2019-11-14 00:11:34,227 INFO server.RaftServerConfigKeys: raft.server.log.segment.size.max = 1048576 (custom)
datanode_1  | 2019-11-14 00:09:38,625 INFO impl.RaftServerImpl: 5059e4c6-4251-41b3-b1b9-8f9b0419aac6@group-E09E9A4691A7: set configuration 0: [5059e4c6-4251-41b3-b1b9-8f9b0419aac6:172.19.0.3:9858], old=null at 0
s3g_1       | 	at org.glassfish.jersey.server.ServerRuntime$1.run(ServerRuntime.java:277)
scm_1       | 	at java.base/java.util.stream.ForEachOps$ForEachOp$OfRef.evaluateParallel(ForEachOps.java:173)
datanode_3  | 2019-11-14 00:11:34,227 INFO server.RaftServerConfigKeys: raft.server.log.preallocated.size = 16384 (custom)
datanode_1  | 2019-11-14 00:09:38,709 INFO impl.RaftServerProxy: 5059e4c6-4251-41b3-b1b9-8f9b0419aac6: remove    LEADER 5059e4c6-4251-41b3-b1b9-8f9b0419aac6@group-E09E9A4691A7:t1, leader=5059e4c6-4251-41b3-b1b9-8f9b0419aac6, voted=5059e4c6-4251-41b3-b1b9-8f9b0419aac6, raftlog=5059e4c6-4251-41b3-b1b9-8f9b0419aac6@group-E09E9A4691A7-SegmentedRaftLog:OPENED:c-1,f-1,i0, conf=0: [5059e4c6-4251-41b3-b1b9-8f9b0419aac6:172.19.0.3:9858], old=null RUNNING
s3g_1       | 	at org.glassfish.jersey.internal.Errors$1.call(Errors.java:272)
scm_1       | 	at java.base/java.util.stream.AbstractPipeline.evaluate(AbstractPipeline.java:233)
datanode_3  | 2019-11-14 00:11:34,227 INFO server.RaftServerConfigKeys: raft.server.log.write.buffer.size = 33554432 (custom)
datanode_1  | 2019-11-14 00:09:38,713 INFO impl.RaftServerImpl: 5059e4c6-4251-41b3-b1b9-8f9b0419aac6@group-E09E9A4691A7: shutdown
s3g_1       | 	at org.glassfish.jersey.internal.Errors$1.call(Errors.java:268)
datanode_3  | 2019-11-14 00:11:34,227 INFO server.RaftServerConfigKeys: raft.server.log.force.sync.num = 128 (default)
datanode_1  | 2019-11-14 00:09:38,713 INFO util.JmxRegister: Successfully un-registered JMX Bean with object name Ratis:service=RaftServer,group=group-E09E9A4691A7,id=5059e4c6-4251-41b3-b1b9-8f9b0419aac6
s3g_1       | 	at org.glassfish.jersey.internal.Errors.process(Errors.java:316)
scm_1       | 	at java.base/java.util.stream.ReferencePipeline.forEach(ReferencePipeline.java:497)
datanode_1  | 2019-11-14 00:09:38,740 INFO impl.RoleInfo: 5059e4c6-4251-41b3-b1b9-8f9b0419aac6: shutdown LeaderState
scm_1       | 	at java.base/java.util.stream.ReferencePipeline$Head.forEach(ReferencePipeline.java:661)
s3g_1       | 	at org.glassfish.jersey.internal.Errors.process(Errors.java:298)
datanode_3  | 2019-11-14 00:11:34,227 INFO server.RaftServerConfigKeys: raft.server.log.statemachine.data.sync = true (default)
datanode_1  | 2019-11-14 00:09:38,741 INFO impl.PendingRequests: 5059e4c6-4251-41b3-b1b9-8f9b0419aac6@group-E09E9A4691A7-PendingRequests: sendNotLeaderResponses
scm_1       | 	at org.apache.hadoop.hdds.scm.pipeline.RatisPipelineProvider.lambda$callRatisRpc$6(RatisPipelineProvider.java:220)
s3g_1       | 	at org.glassfish.jersey.internal.Errors.process(Errors.java:268)
datanode_3  | 2019-11-14 00:11:34,227 INFO server.RaftServerConfigKeys: raft.server.log.statemachine.data.sync.timeout = 10s (default)
datanode_1  | 2019-11-14 00:09:38,741 INFO ratis.XceiverServerRatis: Leader change notification received for group: group-EA547268C684 with new leaderId: 3e9fece0-6c8c-4036-8cb1-ad128c57e261
scm_1       | 	at java.base/java.util.concurrent.ForkJoinTask$AdaptedRunnableAction.exec(ForkJoinTask.java:1407)
s3g_1       | 	at org.glassfish.jersey.process.internal.RequestScope.runInScope(RequestScope.java:289)
datanode_3  | 2019-11-14 00:11:34,227 INFO server.RaftServerConfigKeys: raft.server.log.statemachine.data.sync.timeout.retry = -1 (default)
datanode_1  | 2019-11-14 00:09:38,742 INFO impl.RaftServerImpl: 5059e4c6-4251-41b3-b1b9-8f9b0419aac6@group-EA547268C684: change Leader from null to 3e9fece0-6c8c-4036-8cb1-ad128c57e261 at term 1 for appendEntries, leader elected after 5483ms
scm_1       | 	at java.base/java.util.concurrent.ForkJoinTask.doExec(ForkJoinTask.java:290)
s3g_1       | 	at org.glassfish.jersey.server.ServerRuntime.process(ServerRuntime.java:256)
datanode_3  | 2019-11-14 00:11:34,227 INFO server.RaftServerConfigKeys: raft.server.log.statemachine.data.caching.enabled = true (custom)
datanode_1  | 2019-11-14 00:09:38,742 INFO ratis.XceiverServerRatis: Leader change notification received for group: group-48C84D26BDE9 with new leaderId: 3e9fece0-6c8c-4036-8cb1-ad128c57e261
scm_1       | 	at java.base/java.util.concurrent.ForkJoinPool$WorkQueue.topLevelExec(ForkJoinPool.java:1020)
s3g_1       | 	at org.glassfish.jersey.server.ApplicationHandler.handle(ApplicationHandler.java:703)
datanode_3  | 2019-11-14 00:11:34,228 INFO segmented.SegmentedRaftLogWorker: 3e9fece0-6c8c-4036-8cb1-ad128c57e261@group-64E3A6BCE4A8-SegmentedRaftLogWorker: flushIndex: setUnconditionally 0 -> -1
datanode_1  | 2019-11-14 00:09:38,743 INFO impl.RaftServerImpl: 5059e4c6-4251-41b3-b1b9-8f9b0419aac6@group-48C84D26BDE9: change Leader from null to 3e9fece0-6c8c-4036-8cb1-ad128c57e261 at term 1 for appendEntries, leader elected after 4722ms
scm_1       | 	at java.base/java.util.concurrent.ForkJoinPool.scan(ForkJoinPool.java:1656)
s3g_1       | 	at org.glassfish.jersey.servlet.WebComponent.serviceImpl(WebComponent.java:416)
datanode_3  | 2019-11-14 00:11:34,228 INFO server.RaftServerConfigKeys: raft.server.snapshot.auto.trigger.enabled = true (custom)
datanode_1  | 2019-11-14 00:09:38,749 INFO impl.StateMachineUpdater: 5059e4c6-4251-41b3-b1b9-8f9b0419aac6@group-E09E9A4691A7-StateMachineUpdater: set stopIndex = -1
scm_1       | 	at java.base/java.util.concurrent.ForkJoinPool.runWorker(ForkJoinPool.java:1594)
s3g_1       | 	at org.glassfish.jersey.servlet.WebComponent.service(WebComponent.java:370)
datanode_3  | 2019-11-14 00:11:34,229 INFO server.RaftServerConfigKeys: raft.server.snapshot.auto.trigger.threshold = 10000 (custom)
datanode_1  | 2019-11-14 00:09:38,749 INFO impl.RaftServerImpl: 5059e4c6-4251-41b3-b1b9-8f9b0419aac6@group-E09E9A4691A7: closes. applyIndex: -1
scm_1       | 	at java.base/java.util.concurrent.ForkJoinWorkerThread.run(ForkJoinWorkerThread.java:177)
s3g_1       | 	at org.glassfish.jersey.servlet.ServletContainer.service(ServletContainer.java:389)
datanode_3  | 2019-11-14 00:11:34,229 INFO server.RaftServerConfigKeys: raft.server.snapshot.retention.file.num = 5 (custom)
datanode_1  | 2019-11-14 00:09:38,773 WARN segmented.SegmentedRaftLogOutputStream: Hit IOException while creating log segment /data/metadata/ratis/50aba8c8-adf9-4c50-83ad-e09e9a4691a7/current/log_inprogress_0, delete the partial file.
scm_1       | Caused by: org.apache.ratis.thirdparty.io.grpc.StatusRuntimeException: DEADLINE_EXCEEDED: deadline exceeded after 2999318340ns
s3g_1       | 	at org.glassfish.jersey.servlet.ServletContainer.service(ServletContainer.java:342)
datanode_3  | 2019-11-14 00:11:34,229 INFO server.RaftServerConfigKeys: raft.server.retrycache.expirytime = 600000ms (custom)
datanode_1  | 2019-11-14 00:09:38,778 INFO impl.RaftServerImpl: 5059e4c6-4251-41b3-b1b9-8f9b0419aac6@group-EA547268C684: set configuration 0: [3e9fece0-6c8c-4036-8cb1-ad128c57e261:172.19.0.7:9858, fb774225-5518-4c76-b0f1-1faebe7e1068:172.19.0.2:9858, 5059e4c6-4251-41b3-b1b9-8f9b0419aac6:172.19.0.3:9858], old=null at 0
scm_1       | 	at org.apache.ratis.thirdparty.io.grpc.stub.ClientCalls.toStatusRuntimeException(ClientCalls.java:233)
s3g_1       | 	at org.glassfish.jersey.servlet.ServletContainer.service(ServletContainer.java:229)
scm_1       | 	at org.apache.ratis.thirdparty.io.grpc.stub.ClientCalls.getUnchecked(ClientCalls.java:214)
datanode_1  | 2019-11-14 00:09:38,778 INFO segmented.SegmentedRaftLogWorker: 5059e4c6-4251-41b3-b1b9-8f9b0419aac6@group-EA547268C684-SegmentedRaftLogWorker: Starting segment from index:0
datanode_3  | 2019-11-14 00:11:34,229 WARN impl.MetricRegistriesImpl: First MetricRegistry has been created without registering reporters. You may need to call MetricRegistries.global().addReportRegistration(...) before.
s3g_1       | 	at org.eclipse.jetty.servlet.ServletHolder.handle(ServletHolder.java:840)
scm_1       | 	at org.apache.ratis.thirdparty.io.grpc.stub.ClientCalls.blockingUnaryCall(ClientCalls.java:139)
datanode_1  | 2019-11-14 00:09:38,778 INFO segmented.SegmentedRaftLogWorker: 5059e4c6-4251-41b3-b1b9-8f9b0419aac6@group-E09E9A4691A7-SegmentedRaftLogWorker close()
datanode_3  | 2019-11-14 00:11:34,229 WARN impl.MetricRegistriesImpl: First MetricRegistry has been created without registering reporters. You may need to call MetricRegistries.global().addReportRegistration(...) before.
s3g_1       | 	at org.eclipse.jetty.servlet.ServletHandler$CachedChain.doFilter(ServletHandler.java:1780)
scm_1       | 	at org.apache.ratis.proto.grpc.AdminProtocolServiceGrpc$AdminProtocolServiceBlockingStub.groupManagement(AdminProtocolServiceGrpc.java:274)
datanode_1  | 2019-11-14 00:09:38,802 INFO impl.RaftServerImpl: 5059e4c6-4251-41b3-b1b9-8f9b0419aac6@group-48C84D26BDE9: set configuration 0: [3e9fece0-6c8c-4036-8cb1-ad128c57e261:172.19.0.7:9858, fb774225-5518-4c76-b0f1-1faebe7e1068:172.19.0.2:9858, 5059e4c6-4251-41b3-b1b9-8f9b0419aac6:172.19.0.3:9858], old=null at 0
datanode_3  | 2019-11-14 00:11:34,229 INFO impl.RaftServerImpl: 3e9fece0-6c8c-4036-8cb1-ad128c57e261@group-64E3A6BCE4A8: start as a follower, conf=-1: [3e9fece0-6c8c-4036-8cb1-ad128c57e261:172.19.0.7:9858], old=null
s3g_1       | 	at org.apache.hadoop.http.HttpServer2$QuotingInputFilter.doFilter(HttpServer2.java:1609)
scm_1       | 	at org.apache.ratis.grpc.client.GrpcClientProtocolClient.lambda$groupAdd$3(GrpcClientProtocolClient.java:155)
datanode_3  | 2019-11-14 00:11:34,229 INFO impl.RaftServerImpl: 3e9fece0-6c8c-4036-8cb1-ad128c57e261@group-64E3A6BCE4A8: changes role from      null to FOLLOWER at term 0 for startAsFollower
datanode_1  | 2019-11-14 00:09:38,802 INFO segmented.SegmentedRaftLogWorker: 5059e4c6-4251-41b3-b1b9-8f9b0419aac6@group-48C84D26BDE9-SegmentedRaftLogWorker: Starting segment from index:0
s3g_1       | 	at org.eclipse.jetty.servlet.ServletHandler$CachedChain.doFilter(ServletHandler.java:1767)
scm_1       | 	at org.apache.ratis.grpc.client.GrpcClientProtocolClient.blockingCall(GrpcClientProtocolClient.java:182)
datanode_3  | 2019-11-14 00:11:34,229 INFO impl.RoleInfo: 3e9fece0-6c8c-4036-8cb1-ad128c57e261: start FollowerState
s3g_1       | 	at org.apache.hadoop.http.NoCacheFilter.doFilter(NoCacheFilter.java:45)
scm_1       | 	... 26 more
datanode_3  | 2019-11-14 00:11:34,230 INFO util.JmxRegister: Successfully registered JMX Bean with object name Ratis:service=RaftServer,group=group-64E3A6BCE4A8,id=3e9fece0-6c8c-4036-8cb1-ad128c57e261
s3g_1       | 	at org.eclipse.jetty.servlet.ServletHandler$CachedChain.doFilter(ServletHandler.java:1767)
scm_1       | 2019-11-14 00:09:34,073 INFO pipeline.PipelineStateManager: Created pipeline Pipeline[ Id: 07964593-4762-42f4-99aa-48c84d26bde9, Nodes: 5059e4c6-4251-41b3-b1b9-8f9b0419aac6{ip: 172.19.0.3, host: ozones3_datanode_1.ozones3_default, networkLocation: /default-rack, certSerialId: null}3e9fece0-6c8c-4036-8cb1-ad128c57e261{ip: 172.19.0.7, host: ozones3_datanode_3.ozones3_default, networkLocation: /default-rack, certSerialId: null}fb774225-5518-4c76-b0f1-1faebe7e1068{ip: 172.19.0.2, host: ozones3_datanode_2.ozones3_default, networkLocation: /default-rack, certSerialId: null}, Type:RATIS, Factor:THREE, State:ALLOCATED]
datanode_1  | 2019-11-14 00:09:38,825 INFO segmented.SegmentedRaftLogWorker: 5059e4c6-4251-41b3-b1b9-8f9b0419aac6@group-EA547268C684-SegmentedRaftLogWorker: created new log segment /data/metadata/ratis/ab4d7a02-80d7-42f9-b497-ea547268c684/current/log_inprogress_0
datanode_3  | 2019-11-14 00:11:34,230 WARN impl.MetricRegistriesImpl: First MetricRegistry has been created without registering reporters. You may need to call MetricRegistries.global().addReportRegistration(...) before.
s3g_1       | 	at org.eclipse.jetty.servlet.ServletHandler.doHandle(ServletHandler.java:583)
scm_1       | 2019-11-14 00:09:34,075 INFO pipeline.PipelineStateManager: Pipeline Pipeline[ Id: ee89583b-9547-4a3d-934f-2d11a82695f1, Nodes: fb774225-5518-4c76-b0f1-1faebe7e1068{ip: 172.19.0.2, host: ozones3_datanode_2.ozones3_default, networkLocation: /default-rack, certSerialId: null}, Type:RATIS, Factor:ONE, State:OPEN] moved to OPEN state
datanode_1  | 2019-11-14 00:09:38,839 INFO segmented.SegmentedRaftLogWorker: 5059e4c6-4251-41b3-b1b9-8f9b0419aac6@group-48C84D26BDE9-SegmentedRaftLogWorker: created new log segment /data/metadata/ratis/07964593-4762-42f4-99aa-48c84d26bde9/current/log_inprogress_0
datanode_3  | 2019-11-14 00:11:39,355 INFO impl.FollowerState: 3e9fece0-6c8c-4036-8cb1-ad128c57e261@group-64E3A6BCE4A8-FollowerState: change to CANDIDATE, lastRpcTime:5125ms, electionTimeout:5125ms
scm_1       | 2019-11-14 00:09:38,939 INFO pipeline.PipelineStateManager: Pipeline Pipeline[ Id: 07964593-4762-42f4-99aa-48c84d26bde9, Nodes: 5059e4c6-4251-41b3-b1b9-8f9b0419aac6{ip: 172.19.0.3, host: ozones3_datanode_1.ozones3_default, networkLocation: /default-rack, certSerialId: null}3e9fece0-6c8c-4036-8cb1-ad128c57e261{ip: 172.19.0.7, host: ozones3_datanode_3.ozones3_default, networkLocation: /default-rack, certSerialId: null}fb774225-5518-4c76-b0f1-1faebe7e1068{ip: 172.19.0.2, host: ozones3_datanode_2.ozones3_default, networkLocation: /default-rack, certSerialId: null}, Type:RATIS, Factor:THREE, State:OPEN] moved to OPEN state
s3g_1       | 	at org.eclipse.jetty.server.handler.ScopedHandler.handle(ScopedHandler.java:143)
datanode_1  | 2019-11-14 00:09:38,848 INFO impl.RaftServerProxy: 5059e4c6-4251-41b3-b1b9-8f9b0419aac6: remove  FOLLOWER 5059e4c6-4251-41b3-b1b9-8f9b0419aac6@group-A5E30CCC1F28:t0, leader=null, voted=null, raftlog=5059e4c6-4251-41b3-b1b9-8f9b0419aac6@group-A5E30CCC1F28-SegmentedRaftLog:OPENED:c-1,f-1,i0, conf=-1: [5059e4c6-4251-41b3-b1b9-8f9b0419aac6:172.19.0.3:9858], old=null RUNNING
datanode_3  | 2019-11-14 00:11:39,356 INFO impl.RoleInfo: 3e9fece0-6c8c-4036-8cb1-ad128c57e261: shutdown FollowerState
scm_1       | 2019-11-14 00:11:34,166 INFO pipeline.PipelineStateManager: Created pipeline Pipeline[ Id: cab50a30-5218-4e63-87cf-eccd6dfc9a2d, Nodes: 5059e4c6-4251-41b3-b1b9-8f9b0419aac6{ip: 172.19.0.3, host: ozones3_datanode_1.ozones3_default, networkLocation: /default-rack, certSerialId: null}, Type:RATIS, Factor:ONE, State:ALLOCATED]
s3g_1       | 	at org.eclipse.jetty.security.SecurityHandler.handle(SecurityHandler.java:548)
datanode_1  | 2019-11-14 00:09:38,848 INFO impl.RaftServerImpl: 5059e4c6-4251-41b3-b1b9-8f9b0419aac6@group-A5E30CCC1F28: shutdown
datanode_3  | 2019-11-14 00:11:39,356 INFO impl.RaftServerImpl: 3e9fece0-6c8c-4036-8cb1-ad128c57e261@group-64E3A6BCE4A8: changes role from  FOLLOWER to CANDIDATE at term 0 for changeToCandidate
scm_1       | 2019-11-14 00:11:34,237 INFO pipeline.PipelineStateManager: Created pipeline Pipeline[ Id: ef4ebfa0-a610-4ec0-92a4-64e3a6bce4a8, Nodes: 3e9fece0-6c8c-4036-8cb1-ad128c57e261{ip: 172.19.0.7, host: ozones3_datanode_3.ozones3_default, networkLocation: /default-rack, certSerialId: null}, Type:RATIS, Factor:ONE, State:ALLOCATED]
s3g_1       | 	at org.eclipse.jetty.server.session.SessionHandler.doHandle(SessionHandler.java:226)
datanode_1  | 2019-11-14 00:09:38,848 INFO util.JmxRegister: Successfully un-registered JMX Bean with object name Ratis:service=RaftServer,group=group-A5E30CCC1F28,id=5059e4c6-4251-41b3-b1b9-8f9b0419aac6
datanode_3  | 2019-11-14 00:11:39,356 INFO impl.RoleInfo: 3e9fece0-6c8c-4036-8cb1-ad128c57e261: start LeaderElection
scm_1       | 2019-11-14 00:11:34,685 INFO server.SCMBlockProtocolServer: SCM is informed by OM to delete 1 blocks
s3g_1       | 	at org.eclipse.jetty.server.handler.ContextHandler.doHandle(ContextHandler.java:1180)
datanode_1  | 2019-11-14 00:09:38,848 INFO impl.RoleInfo: 5059e4c6-4251-41b3-b1b9-8f9b0419aac6: shutdown FollowerState
datanode_3  | 2019-11-14 00:11:39,381 INFO impl.LeaderElection: 3e9fece0-6c8c-4036-8cb1-ad128c57e261@group-64E3A6BCE4A8-LeaderElection3: begin an election at term 1 for -1: [3e9fece0-6c8c-4036-8cb1-ad128c57e261:172.19.0.7:9858], old=null
scm_1       | 2019-11-14 00:11:34,686 INFO block.BlockManagerImpl: Deleting blocks conID: 2 locID: 103133366185820287 bcsId: 0
s3g_1       | 	at org.eclipse.jetty.servlet.ServletHandler.doScope(ServletHandler.java:513)
datanode_3  | 2019-11-14 00:11:39,382 INFO impl.RoleInfo: 3e9fece0-6c8c-4036-8cb1-ad128c57e261: shutdown LeaderElection
datanode_1  | 2019-11-14 00:09:38,848 INFO impl.StateMachineUpdater: 5059e4c6-4251-41b3-b1b9-8f9b0419aac6@group-A5E30CCC1F28-StateMachineUpdater: set stopIndex = -1
scm_1       | 2019-11-14 00:11:39,341 INFO pipeline.PipelineStateManager: Pipeline Pipeline[ Id: cab50a30-5218-4e63-87cf-eccd6dfc9a2d, Nodes: 5059e4c6-4251-41b3-b1b9-8f9b0419aac6{ip: 172.19.0.3, host: ozones3_datanode_1.ozones3_default, networkLocation: /default-rack, certSerialId: null}, Type:RATIS, Factor:ONE, State:OPEN] moved to OPEN state
s3g_1       | 	at org.eclipse.jetty.server.session.SessionHandler.doScope(SessionHandler.java:185)
datanode_1  | 2019-11-14 00:09:38,848 INFO impl.FollowerState: 5059e4c6-4251-41b3-b1b9-8f9b0419aac6@group-A5E30CCC1F28-FollowerState was interrupted: java.lang.InterruptedException: sleep interrupted
scm_1       | 2019-11-14 00:11:39,413 INFO pipeline.PipelineStateManager: Pipeline Pipeline[ Id: ef4ebfa0-a610-4ec0-92a4-64e3a6bce4a8, Nodes: 3e9fece0-6c8c-4036-8cb1-ad128c57e261{ip: 172.19.0.7, host: ozones3_datanode_3.ozones3_default, networkLocation: /default-rack, certSerialId: null}, Type:RATIS, Factor:ONE, State:OPEN] moved to OPEN state
datanode_3  | 2019-11-14 00:11:39,382 INFO impl.RaftServerImpl: 3e9fece0-6c8c-4036-8cb1-ad128c57e261@group-64E3A6BCE4A8: changes role from CANDIDATE to LEADER at term 1 for changeToLeader
s3g_1       | 	at org.eclipse.jetty.server.handler.ContextHandler.doScope(ContextHandler.java:1112)
datanode_1  | 2019-11-14 00:09:38,849 INFO impl.RaftServerImpl: 5059e4c6-4251-41b3-b1b9-8f9b0419aac6@group-A5E30CCC1F28: closes. applyIndex: -1
scm_1       | 2019-11-14 00:12:34,725 INFO server.SCMBlockProtocolServer: SCM is informed by OM to delete 4 blocks
datanode_3  | 2019-11-14 00:11:39,382 INFO ratis.XceiverServerRatis: Leader change notification received for group: group-64E3A6BCE4A8 with new leaderId: 3e9fece0-6c8c-4036-8cb1-ad128c57e261
s3g_1       | 	at org.eclipse.jetty.server.handler.ScopedHandler.handle(ScopedHandler.java:141)
datanode_1  | 2019-11-14 00:09:38,849 INFO segmented.SegmentedRaftLogWorker: 5059e4c6-4251-41b3-b1b9-8f9b0419aac6@group-A5E30CCC1F28-SegmentedRaftLogWorker was interrupted, exiting. There are 0 tasks remaining in the queue.
scm_1       | 2019-11-14 00:12:34,725 INFO block.BlockManagerImpl: Deleting blocks conID: 1 locID: 103133369593692298 bcsId: 0,conID: 3 locID: 103133369596117132 bcsId: 0,conID: 2 locID: 103133369594478731 bcsId: 0
s3g_1       | 	at org.eclipse.jetty.server.handler.HandlerCollection.handle(HandlerCollection.java:119)
datanode_3  | 2019-11-14 00:11:39,382 INFO impl.RaftServerImpl: 3e9fece0-6c8c-4036-8cb1-ad128c57e261@group-64E3A6BCE4A8: change Leader from null to 3e9fece0-6c8c-4036-8cb1-ad128c57e261 at term 1 for becomeLeader, leader elected after 5156ms
datanode_1  | 2019-11-14 00:09:38,850 INFO segmented.SegmentedRaftLogWorker: 5059e4c6-4251-41b3-b1b9-8f9b0419aac6@group-A5E30CCC1F28-SegmentedRaftLogWorker close()
scm_1       | 2019-11-14 00:12:34,726 INFO block.BlockManagerImpl: Deleting blocks conID: 3 locID: 103133367680368774 bcsId: 0
s3g_1       | 	at org.eclipse.jetty.server.handler.HandlerWrapper.handle(HandlerWrapper.java:134)
datanode_3  | 2019-11-14 00:11:39,382 INFO server.RaftServerConfigKeys: raft.server.staging.catchup.gap = 1000 (default)
datanode_1  | 2019-11-14 00:09:38,882 INFO impl.RaftServerProxy: 5059e4c6-4251-41b3-b1b9-8f9b0419aac6: remove  FOLLOWER 5059e4c6-4251-41b3-b1b9-8f9b0419aac6@group-EA547268C684:t1, leader=3e9fece0-6c8c-4036-8cb1-ad128c57e261, voted=3e9fece0-6c8c-4036-8cb1-ad128c57e261, raftlog=5059e4c6-4251-41b3-b1b9-8f9b0419aac6@group-EA547268C684-SegmentedRaftLog:OPENED:c-1,f0,i0, conf=0: [3e9fece0-6c8c-4036-8cb1-ad128c57e261:172.19.0.7:9858, fb774225-5518-4c76-b0f1-1faebe7e1068:172.19.0.2:9858, 5059e4c6-4251-41b3-b1b9-8f9b0419aac6:172.19.0.3:9858], old=null RUNNING
s3g_1       | 	at org.eclipse.jetty.server.Server.handle(Server.java:539)
datanode_3  | 2019-11-14 00:11:39,382 INFO server.RaftServerConfigKeys: raft.server.rpc.sleep.time = 25ms (default)
datanode_1  | 2019-11-14 00:09:38,882 INFO impl.RaftServerImpl: 5059e4c6-4251-41b3-b1b9-8f9b0419aac6@group-EA547268C684: shutdown
scm_1       | 2019-11-14 00:12:34,727 INFO block.BlockManagerImpl: Deleting blocks conID: 2 locID: 103133369074974856 bcsId: 0
s3g_1       | 	at org.eclipse.jetty.server.HttpChannel.handle(HttpChannel.java:333)
datanode_3  | 2019-11-14 00:11:39,383 INFO server.RaftServerConfigKeys: raft.server.write.element-limit = 4096 (default)
datanode_1  | 2019-11-14 00:09:38,883 INFO util.JmxRegister: Successfully un-registered JMX Bean with object name Ratis:service=RaftServer,group=group-EA547268C684,id=5059e4c6-4251-41b3-b1b9-8f9b0419aac6
scm_1       | 2019-11-14 00:12:34,727 INFO block.BlockManagerImpl: Deleting blocks conID: 3 locID: 103133369140510857 bcsId: 0
datanode_3  | 2019-11-14 00:11:39,383 INFO server.RaftServerConfigKeys: raft.server.watch.timeout = 10s (default)
datanode_1  | 2019-11-14 00:09:38,883 INFO impl.RoleInfo: 5059e4c6-4251-41b3-b1b9-8f9b0419aac6: shutdown FollowerState
datanode_3  | 2019-11-14 00:11:39,383 INFO server.RaftServerConfigKeys: raft.server.watch.timeout.denomination = 1s (default)
scm_1       | 2019-11-14 00:13:34,782 INFO server.SCMBlockProtocolServer: SCM is informed by OM to delete 3 blocks
s3g_1       | 	at org.eclipse.jetty.server.HttpConnection.onFillable(HttpConnection.java:251)
datanode_1  | 2019-11-14 00:09:38,883 INFO impl.StateMachineUpdater: 5059e4c6-4251-41b3-b1b9-8f9b0419aac6@group-EA547268C684-StateMachineUpdater: set stopIndex = -1
datanode_3  | 2019-11-14 00:11:39,383 INFO server.RaftServerConfigKeys: raft.server.watch.element-limit = 65536 (default)
scm_1       | 2019-11-14 00:13:34,782 INFO block.BlockManagerImpl: Deleting blocks conID: 3 locID: 103133372761899157 bcsId: 0
datanode_1  | 2019-11-14 00:09:38,883 INFO impl.FollowerState: 5059e4c6-4251-41b3-b1b9-8f9b0419aac6@group-EA547268C684-FollowerState was interrupted: java.lang.InterruptedException: sleep interrupted
s3g_1       | 	at org.eclipse.jetty.io.AbstractConnection$ReadCallback.succeeded(AbstractConnection.java:283)
datanode_3  | 2019-11-14 00:11:39,384 INFO impl.RoleInfo: 3e9fece0-6c8c-4036-8cb1-ad128c57e261: start LeaderState
scm_1       | 2019-11-14 00:13:34,783 INFO block.BlockManagerImpl: Deleting blocks conID: 1 locID: 103133373459005590 bcsId: 0
datanode_1  | 2019-11-14 00:09:38,883 INFO impl.RaftServerImpl: 5059e4c6-4251-41b3-b1b9-8f9b0419aac6@group-EA547268C684: closes. applyIndex: -1
datanode_3  | 2019-11-14 00:11:39,384 INFO segmented.SegmentedRaftLogWorker: 3e9fece0-6c8c-4036-8cb1-ad128c57e261@group-64E3A6BCE4A8-SegmentedRaftLogWorker: Starting segment from index:0
scm_1       | 2019-11-14 00:13:34,783 INFO block.BlockManagerImpl: Deleting blocks conID: 2 locID: 103133374142677143 bcsId: 0
datanode_1  | 2019-11-14 00:09:38,884 INFO segmented.SegmentedRaftLogWorker: 5059e4c6-4251-41b3-b1b9-8f9b0419aac6@group-EA547268C684-SegmentedRaftLogWorker was interrupted, exiting. There are 0 tasks remaining in the queue.
datanode_3  | 2019-11-14 00:11:39,411 INFO impl.RaftServerImpl: 3e9fece0-6c8c-4036-8cb1-ad128c57e261@group-64E3A6BCE4A8: set configuration 0: [3e9fece0-6c8c-4036-8cb1-ad128c57e261:172.19.0.7:9858], old=null at 0
scm_1       | 2019-11-14 00:14:19,649 INFO container.ReplicationManager: Starting Replication Monitor Thread.
datanode_1  | 2019-11-14 00:09:38,885 INFO segmented.SegmentedRaftLogWorker: 5059e4c6-4251-41b3-b1b9-8f9b0419aac6@group-EA547268C684-SegmentedRaftLogWorker close()
datanode_3  | 2019-11-14 00:11:39,422 INFO segmented.SegmentedRaftLogWorker: 3e9fece0-6c8c-4036-8cb1-ad128c57e261@group-64E3A6BCE4A8-SegmentedRaftLogWorker: created new log segment /data/metadata/ratis/ef4ebfa0-a610-4ec0-92a4-64e3a6bce4a8/current/log_inprogress_0
datanode_1  | 2019-11-14 00:09:38,928 INFO server.GrpcServerProtocolService: 5059e4c6-4251-41b3-b1b9-8f9b0419aac6: Completed APPEND_ENTRIES, lastRequest: 3e9fece0-6c8c-4036-8cb1-ad128c57e261->5059e4c6-4251-41b3-b1b9-8f9b0419aac6#1-t1, previous=(t:0, i:0), leaderCommit=-1, initializing? false, entries: size=1, first=(t:1, i:0), CONFIGURATIONENTRY
datanode_1  | 2019-11-14 00:11:34,111 INFO impl.RaftServerProxy: 5059e4c6-4251-41b3-b1b9-8f9b0419aac6: addNew group-ECCD6DFC9A2D:[5059e4c6-4251-41b3-b1b9-8f9b0419aac6:172.19.0.3:9858] returns group-ECCD6DFC9A2D:java.util.concurrent.CompletableFuture@31d5f305[Not completed]
datanode_1  | 2019-11-14 00:11:34,116 INFO impl.RaftServerImpl: 5059e4c6-4251-41b3-b1b9-8f9b0419aac6: new RaftServerImpl for group-ECCD6DFC9A2D:[5059e4c6-4251-41b3-b1b9-8f9b0419aac6:172.19.0.3:9858] with ContainerStateMachine:uninitialized
datanode_1  | 2019-11-14 00:11:34,116 INFO server.RaftServerConfigKeys: raft.server.rpc.timeout.min = 5s (custom)
datanode_1  | 2019-11-14 00:11:34,117 INFO server.RaftServerConfigKeys: raft.server.rpc.timeout.max = 5200ms (custom)
datanode_1  | 2019-11-14 00:11:34,117 INFO server.RaftServerConfigKeys: raft.server.rpcslowness.timeout = 120s (custom)
s3g_1       | 	at org.eclipse.jetty.io.FillInterest.fillable(FillInterest.java:108)
datanode_1  | 2019-11-14 00:11:34,117 INFO server.RaftServerConfigKeys: raft.server.sleep.deviation.threshold = 300 (default)
scm_1       | 2019-11-14 00:14:19,660 INFO container.ReplicationManager: Replication Monitor Thread took 8 milliseconds for processing 3 containers.
s3g_1       | 	at org.eclipse.jetty.io.SelectChannelEndPoint$2.run(SelectChannelEndPoint.java:93)
datanode_1  | 2019-11-14 00:11:34,117 INFO server.RaftServerConfigKeys: raft.server.log.appender.install.snapshot.enabled = false (custom)
scm_1       | 2019-11-14 00:14:34,904 INFO server.SCMBlockProtocolServer: SCM is informed by OM to delete 2 blocks
s3g_1       | 	at org.eclipse.jetty.util.thread.strategy.ExecuteProduceConsume.executeProduceConsume(ExecuteProduceConsume.java:303)
datanode_1  | 2019-11-14 00:11:34,117 INFO impl.RaftServerImpl: 5059e4c6-4251-41b3-b1b9-8f9b0419aac6@group-ECCD6DFC9A2D: ConfigurationManager, init=-1: [5059e4c6-4251-41b3-b1b9-8f9b0419aac6:172.19.0.3:9858], old=null, confs=<EMPTY_MAP>
scm_1       | 2019-11-14 00:14:34,904 INFO block.BlockManagerImpl: Deleting blocks conID: 3 locID: 103133374838276248 bcsId: 0
s3g_1       | 	at org.eclipse.jetty.util.thread.strategy.ExecuteProduceConsume.produceConsume(ExecuteProduceConsume.java:148)
datanode_1  | 2019-11-14 00:11:34,118 INFO server.RaftServerConfigKeys: raft.server.storage.dir = [/data/metadata/ratis] (custom)
scm_1       | 2019-11-14 00:14:34,904 INFO block.BlockManagerImpl: Deleting blocks conID: 1 locID: 103133374889459865 bcsId: 0
s3g_1       | 	at org.eclipse.jetty.util.thread.strategy.ExecuteProduceConsume.run(ExecuteProduceConsume.java:136)
datanode_1  | 2019-11-14 00:11:34,119 INFO server.RaftServerConfigKeys: raft.server.log.corruption.policy = EXCEPTION (default)
s3g_1       | 	at org.eclipse.jetty.util.thread.QueuedThreadPool.runJob(QueuedThreadPool.java:671)
datanode_1  | 2019-11-14 00:11:34,119 INFO storage.RaftStorageDirectory: The storage directory /data/metadata/ratis/cab50a30-5218-4e63-87cf-eccd6dfc9a2d does not exist. Creating ...
s3g_1       | 	at org.eclipse.jetty.util.thread.QueuedThreadPool$2.run(QueuedThreadPool.java:589)
datanode_1  | 2019-11-14 00:11:34,133 INFO storage.RaftStorageDirectory: Lock on /data/metadata/ratis/cab50a30-5218-4e63-87cf-eccd6dfc9a2d/in_use.lock acquired by nodename 7@72a699eb7eab
s3g_1       | 	at java.base/java.lang.Thread.run(Thread.java:834)
datanode_1  | 2019-11-14 00:11:34,155 INFO storage.RaftStorage: Storage directory /data/metadata/ratis/cab50a30-5218-4e63-87cf-eccd6dfc9a2d has been successfully formatted.
s3g_1       | 2019-11-14 00:11:41,789 INFO io.BlockOutputStreamEntryPool: Allocating block with ExcludeList {datanodes = [], containerIds = [], pipelineIds = []}
datanode_1  | 2019-11-14 00:11:34,156 INFO ratis.ContainerStateMachine: group-ECCD6DFC9A2D: The snapshot info is null. Setting the last applied indexto:(t:0, i:~)
datanode_1  | 2019-11-14 00:11:34,156 INFO server.RaftServerConfigKeys: raft.server.notification.no-leader.timeout = 120s (custom)
datanode_1  | 2019-11-14 00:11:34,156 INFO server.RaftServerConfigKeys: raft.server.log.use.memory = false (default)
datanode_1  | 2019-11-14 00:11:34,156 INFO server.RaftServerConfigKeys: raft.server.log.purge.gap = 1000000 (custom)
datanode_1  | 2019-11-14 00:11:34,156 INFO server.RaftServerConfigKeys: raft.server.log.appender.buffer.byte-limit = 33554432 (custom)
s3g_1       | 2019-11-14 00:11:42,737 INFO io.BlockOutputStreamEntryPool: Allocating block with ExcludeList {datanodes = [], containerIds = [], pipelineIds = []}
datanode_1  | 2019-11-14 00:11:34,156 INFO server.RaftServerConfigKeys: raft.server.log.segment.size.max = 1048576 (custom)
s3g_1       | 2019-11-14 00:11:43,691 INFO io.BlockOutputStreamEntryPool: Allocating block with ExcludeList {datanodes = [], containerIds = [], pipelineIds = []}
datanode_1  | 2019-11-14 00:11:34,157 INFO server.RaftServerConfigKeys: raft.server.log.segment.cache.num.max = 2 (custom)
s3g_1       | 2019-11-14 00:11:44,575 ERROR endpoint.ObjectEndpoint: Error in Complete Multipart Upload Request for bucket: bucket-21345, key: multipartKey3
datanode_1  | 2019-11-14 00:11:34,157 INFO segmented.SegmentedRaftLogWorker: new 5059e4c6-4251-41b3-b1b9-8f9b0419aac6@group-ECCD6DFC9A2D-SegmentedRaftLogWorker for RaftStorage:Storage Directory /data/metadata/ratis/cab50a30-5218-4e63-87cf-eccd6dfc9a2d
datanode_1  | 2019-11-14 00:11:34,157 INFO server.RaftServerConfigKeys: raft.server.log.queue.byte-limit = 2147483647 (custom)
datanode_1  | 2019-11-14 00:11:34,157 INFO server.RaftServerConfigKeys: raft.server.log.queue.element-limit = 1024 (custom)
datanode_1  | 2019-11-14 00:11:34,157 INFO server.RaftServerConfigKeys: raft.server.log.segment.size.max = 1048576 (custom)
s3g_1       | INVALID_PART org.apache.hadoop.ozone.om.exceptions.OMException: Complete Multipart Upload Failed: volume: s37c35ba70126b04fca007e4dbfab9c47cbucket: bucket-21345key: multipartKey3
datanode_1  | 2019-11-14 00:11:34,157 INFO server.RaftServerConfigKeys: raft.server.log.preallocated.size = 16384 (custom)
s3g_1       | 	at org.apache.hadoop.ozone.om.protocolPB.OzoneManagerProtocolClientSideTranslatorPB.handleError(OzoneManagerProtocolClientSideTranslatorPB.java:761)
s3g_1       | 	at org.apache.hadoop.ozone.om.protocolPB.OzoneManagerProtocolClientSideTranslatorPB.completeMultipartUpload(OzoneManagerProtocolClientSideTranslatorPB.java:1133)
s3g_1       | 	at java.base/jdk.internal.reflect.NativeMethodAccessorImpl.invoke0(Native Method)
s3g_1       | 	at java.base/jdk.internal.reflect.NativeMethodAccessorImpl.invoke(NativeMethodAccessorImpl.java:62)
s3g_1       | 	at java.base/jdk.internal.reflect.DelegatingMethodAccessorImpl.invoke(DelegatingMethodAccessorImpl.java:43)
s3g_1       | 	at java.base/java.lang.reflect.Method.invoke(Method.java:566)
datanode_1  | 2019-11-14 00:11:34,157 INFO server.RaftServerConfigKeys: raft.server.log.write.buffer.size = 33554432 (custom)
s3g_1       | 	at org.apache.hadoop.hdds.tracing.TraceAllMethod.invoke(TraceAllMethod.java:66)
s3g_1       | 	at com.sun.proxy.$Proxy84.completeMultipartUpload(Unknown Source)
datanode_1  | 2019-11-14 00:11:34,157 INFO server.RaftServerConfigKeys: raft.server.log.force.sync.num = 128 (default)
s3g_1       | 	at org.apache.hadoop.ozone.client.rpc.RpcClient.completeMultipartUpload(RpcClient.java:914)
datanode_1  | 2019-11-14 00:11:34,157 INFO server.RaftServerConfigKeys: raft.server.log.statemachine.data.sync = true (default)
datanode_1  | 2019-11-14 00:11:34,157 INFO server.RaftServerConfigKeys: raft.server.log.statemachine.data.sync.timeout = 10s (default)
s3g_1       | 	at org.apache.hadoop.ozone.client.OzoneBucket.completeMultipartUpload(OzoneBucket.java:445)
datanode_1  | 2019-11-14 00:11:34,157 INFO server.RaftServerConfigKeys: raft.server.log.statemachine.data.sync.timeout.retry = -1 (default)
s3g_1       | 	at org.apache.hadoop.ozone.s3.endpoint.ObjectEndpoint.completeMultipartUpload(ObjectEndpoint.java:500)
datanode_1  | 2019-11-14 00:11:34,157 INFO server.RaftServerConfigKeys: raft.server.log.statemachine.data.caching.enabled = true (custom)
s3g_1       | 	at java.base/jdk.internal.reflect.NativeMethodAccessorImpl.invoke0(Native Method)
datanode_1  | 2019-11-14 00:11:34,158 INFO segmented.SegmentedRaftLogWorker: 5059e4c6-4251-41b3-b1b9-8f9b0419aac6@group-ECCD6DFC9A2D-SegmentedRaftLogWorker: flushIndex: setUnconditionally 0 -> -1
datanode_1  | 2019-11-14 00:11:34,158 INFO server.RaftServerConfigKeys: raft.server.snapshot.auto.trigger.enabled = true (custom)
datanode_1  | 2019-11-14 00:11:34,158 INFO server.RaftServerConfigKeys: raft.server.snapshot.auto.trigger.threshold = 10000 (custom)
datanode_1  | 2019-11-14 00:11:34,159 INFO server.RaftServerConfigKeys: raft.server.snapshot.retention.file.num = 5 (custom)
datanode_1  | 2019-11-14 00:11:34,159 INFO server.RaftServerConfigKeys: raft.server.retrycache.expirytime = 600000ms (custom)
datanode_1  | 2019-11-14 00:11:34,159 WARN impl.MetricRegistriesImpl: First MetricRegistry has been created without registering reporters. You may need to call MetricRegistries.global().addReportRegistration(...) before.
datanode_1  | 2019-11-14 00:11:34,159 WARN impl.MetricRegistriesImpl: First MetricRegistry has been created without registering reporters. You may need to call MetricRegistries.global().addReportRegistration(...) before.
datanode_1  | 2019-11-14 00:11:34,159 INFO impl.RaftServerImpl: 5059e4c6-4251-41b3-b1b9-8f9b0419aac6@group-ECCD6DFC9A2D: start as a follower, conf=-1: [5059e4c6-4251-41b3-b1b9-8f9b0419aac6:172.19.0.3:9858], old=null
s3g_1       | 	at java.base/jdk.internal.reflect.NativeMethodAccessorImpl.invoke(NativeMethodAccessorImpl.java:62)
datanode_1  | 2019-11-14 00:11:34,160 INFO impl.RaftServerImpl: 5059e4c6-4251-41b3-b1b9-8f9b0419aac6@group-ECCD6DFC9A2D: changes role from      null to FOLLOWER at term 0 for startAsFollower
s3g_1       | 	at java.base/jdk.internal.reflect.DelegatingMethodAccessorImpl.invoke(DelegatingMethodAccessorImpl.java:43)
datanode_1  | 2019-11-14 00:11:34,160 INFO impl.RoleInfo: 5059e4c6-4251-41b3-b1b9-8f9b0419aac6: start FollowerState
s3g_1       | 	at java.base/java.lang.reflect.Method.invoke(Method.java:566)
datanode_1  | 2019-11-14 00:11:34,160 INFO util.JmxRegister: Successfully registered JMX Bean with object name Ratis:service=RaftServer,group=group-ECCD6DFC9A2D,id=5059e4c6-4251-41b3-b1b9-8f9b0419aac6
s3g_1       | 	at org.glassfish.jersey.server.model.internal.ResourceMethodInvocationHandlerFactory.lambda$static$0(ResourceMethodInvocationHandlerFactory.java:76)
datanode_1  | 2019-11-14 00:11:34,160 WARN impl.MetricRegistriesImpl: First MetricRegistry has been created without registering reporters. You may need to call MetricRegistries.global().addReportRegistration(...) before.
s3g_1       | 	at org.glassfish.jersey.server.model.internal.AbstractJavaResourceMethodDispatcher$1.run(AbstractJavaResourceMethodDispatcher.java:148)
datanode_1  | 2019-11-14 00:11:39,259 INFO impl.FollowerState: 5059e4c6-4251-41b3-b1b9-8f9b0419aac6@group-ECCD6DFC9A2D-FollowerState: change to CANDIDATE, lastRpcTime:5099ms, electionTimeout:5099ms
s3g_1       | 	at org.glassfish.jersey.server.model.internal.AbstractJavaResourceMethodDispatcher.invoke(AbstractJavaResourceMethodDispatcher.java:191)
datanode_1  | 2019-11-14 00:11:39,260 INFO impl.RoleInfo: 5059e4c6-4251-41b3-b1b9-8f9b0419aac6: shutdown FollowerState
s3g_1       | 	at org.glassfish.jersey.server.model.internal.JavaResourceMethodDispatcherProvider$ResponseOutInvoker.doDispatch(JavaResourceMethodDispatcherProvider.java:200)
datanode_1  | 2019-11-14 00:11:39,260 INFO impl.RaftServerImpl: 5059e4c6-4251-41b3-b1b9-8f9b0419aac6@group-ECCD6DFC9A2D: changes role from  FOLLOWER to CANDIDATE at term 0 for changeToCandidate
s3g_1       | 	at org.glassfish.jersey.server.model.internal.AbstractJavaResourceMethodDispatcher.dispatch(AbstractJavaResourceMethodDispatcher.java:103)
s3g_1       | 	at org.glassfish.jersey.server.model.ResourceMethodInvoker.invoke(ResourceMethodInvoker.java:493)
s3g_1       | 	at org.glassfish.jersey.server.model.ResourceMethodInvoker.apply(ResourceMethodInvoker.java:415)
datanode_1  | 2019-11-14 00:11:39,260 INFO impl.RoleInfo: 5059e4c6-4251-41b3-b1b9-8f9b0419aac6: start LeaderElection
s3g_1       | 	at org.glassfish.jersey.server.model.ResourceMethodInvoker.apply(ResourceMethodInvoker.java:104)
datanode_1  | 2019-11-14 00:11:39,297 INFO impl.LeaderElection: 5059e4c6-4251-41b3-b1b9-8f9b0419aac6@group-ECCD6DFC9A2D-LeaderElection2: begin an election at term 1 for -1: [5059e4c6-4251-41b3-b1b9-8f9b0419aac6:172.19.0.3:9858], old=null
s3g_1       | 	at org.glassfish.jersey.server.ServerRuntime$1.run(ServerRuntime.java:277)
datanode_1  | 2019-11-14 00:11:39,298 INFO impl.RoleInfo: 5059e4c6-4251-41b3-b1b9-8f9b0419aac6: shutdown LeaderElection
s3g_1       | 	at org.glassfish.jersey.internal.Errors$1.call(Errors.java:272)
datanode_1  | 2019-11-14 00:11:39,298 INFO impl.RaftServerImpl: 5059e4c6-4251-41b3-b1b9-8f9b0419aac6@group-ECCD6DFC9A2D: changes role from CANDIDATE to LEADER at term 1 for changeToLeader
s3g_1       | 	at org.glassfish.jersey.internal.Errors$1.call(Errors.java:268)
s3g_1       | 	at org.glassfish.jersey.internal.Errors.process(Errors.java:316)
datanode_1  | 2019-11-14 00:11:39,298 INFO ratis.XceiverServerRatis: Leader change notification received for group: group-ECCD6DFC9A2D with new leaderId: 5059e4c6-4251-41b3-b1b9-8f9b0419aac6
s3g_1       | 	at org.glassfish.jersey.internal.Errors.process(Errors.java:298)
s3g_1       | 	at org.glassfish.jersey.internal.Errors.process(Errors.java:268)
s3g_1       | 	at org.glassfish.jersey.process.internal.RequestScope.runInScope(RequestScope.java:289)
s3g_1       | 	at org.glassfish.jersey.server.ServerRuntime.process(ServerRuntime.java:256)
s3g_1       | 	at org.glassfish.jersey.server.ApplicationHandler.handle(ApplicationHandler.java:703)
datanode_1  | 2019-11-14 00:11:39,299 INFO impl.RaftServerImpl: 5059e4c6-4251-41b3-b1b9-8f9b0419aac6@group-ECCD6DFC9A2D: change Leader from null to 5059e4c6-4251-41b3-b1b9-8f9b0419aac6 at term 1 for becomeLeader, leader elected after 5142ms
s3g_1       | 	at org.glassfish.jersey.servlet.WebComponent.serviceImpl(WebComponent.java:416)
datanode_1  | 2019-11-14 00:11:39,299 INFO server.RaftServerConfigKeys: raft.server.staging.catchup.gap = 1000 (default)
datanode_1  | 2019-11-14 00:11:39,299 INFO server.RaftServerConfigKeys: raft.server.rpc.sleep.time = 25ms (default)
datanode_1  | 2019-11-14 00:11:39,300 INFO server.RaftServerConfigKeys: raft.server.write.element-limit = 4096 (default)
datanode_1  | 2019-11-14 00:11:39,300 INFO server.RaftServerConfigKeys: raft.server.watch.timeout = 10s (default)
datanode_1  | 2019-11-14 00:11:39,300 INFO server.RaftServerConfigKeys: raft.server.watch.timeout.denomination = 1s (default)
s3g_1       | 	at org.glassfish.jersey.servlet.WebComponent.service(WebComponent.java:370)
