om_1        | STARTUP_MSG:   classpath = /etc/hadoop:/opt/hadoop/share/hadoop/common/*:/opt/hadoop/share/ozone/lib/kerb-simplekdc-1.0.1.jar:/opt/hadoop/share/ozone/lib/protobuf-java-2.5.0.jar:/opt/hadoop/share/ozone/lib/bcpkix-jdk15on-1.60.jar:/opt/hadoop/share/ozone/lib/sqlite-jdbc-3.25.2.jar:/opt/hadoop/share/ozone/lib/netty-3.10.5.Final.jar:/opt/hadoop/share/ozone/lib/commons-validator-1.6.jar:/opt/hadoop/share/ozone/lib/jaxb-impl-2.3.0.1.jar:/opt/hadoop/share/ozone/lib/kerb-core-1.0.1.jar:/opt/hadoop/share/ozone/lib/hadoop-ozone-common-0.5.0-SNAPSHOT.jar:/opt/hadoop/share/ozone/lib/ratis-thirdparty-misc-0.2.0.jar:/opt/hadoop/share/ozone/lib/jsr305-3.0.0.jar:/opt/hadoop/share/ozone/lib/leveldbjni-all-1.8.jar:/opt/hadoop/share/ozone/lib/htrace-core4-4.1.0-incubating.jar:/opt/hadoop/share/ozone/lib/hadoop-annotations-3.2.0.jar:/opt/hadoop/share/ozone/lib/hadoop-hdds-tools-0.5.0-SNAPSHOT.jar:/opt/hadoop/share/ozone/lib/kerb-util-1.0.1.jar:/opt/hadoop/share/ozone/lib/jackson-jaxrs-1.9.13.jar:/opt/hadoop/share/ozone/lib/ratis-server-0.5.0-d6d58d0-SNAPSHOT.jar:/opt/hadoop/share/ozone/lib/kerby-xdr-1.0.1.jar:/opt/hadoop/share/ozone/lib/jetty-webapp-9.3.25.v20180904.jar:/opt/hadoop/share/ozone/lib/jackson-core-asl-1.9.13.jar:/opt/hadoop/share/ozone/lib/commons-net-3.6.jar:/opt/hadoop/share/ozone/lib/log4j-api-2.11.0.jar:/opt/hadoop/share/ozone/lib/netty-all-4.0.52.Final.jar:/opt/hadoop/share/ozone/lib/hadoop-hdfs-3.2.0.jar:/opt/hadoop/share/ozone/lib/jline-0.9.94.jar:/opt/hadoop/share/ozone/lib/opentracing-api-0.31.0.jar:/opt/hadoop/share/ozone/lib/hadoop-hdds-server-framework-0.5.0-SNAPSHOT.jar:/opt/hadoop/share/ozone/lib/slf4j-log4j12-1.7.25.jar:/opt/hadoop/share/ozone/lib/hadoop-hdfs-client-3.2.0.jar:/opt/hadoop/share/ozone/lib/kerby-config-1.0.1.jar:/opt/hadoop/share/ozone/lib/jetty-util-9.3.25.v20180904.jar:/opt/hadoop/share/ozone/lib/libthrift-0.12.0.jar:/opt/hadoop/share/ozone/lib/metrics-core-3.2.4.jar:/opt/hadoop/share/ozone/lib/kerby-pkix-1.0.1.jar:/opt/hadoop/share/ozone/lib/xz-1.0.jar:/opt/hadoop/share/ozone/lib/hadoop-hdds-config-0.5.0-SNAPSHOT.jar:/opt/hadoop/share/ozone/lib/nimbus-jose-jwt-4.41.1.jar:/opt/hadoop/share/ozone/lib/jsr311-api-1.1.1.jar:/opt/hadoop/share/ozone/lib/commons-beanutils-1.9.4.jar:/opt/hadoop/share/ozone/lib/ratis-grpc-0.5.0-d6d58d0-SNAPSHOT.jar:/opt/hadoop/share/ozone/lib/ratis-netty-0.5.0-d6d58d0-SNAPSHOT.jar:/opt/hadoop/share/ozone/lib/javax.servlet-api-3.1.0.jar:/opt/hadoop/share/ozone/lib/kerb-server-1.0.1.jar:/opt/hadoop/share/ozone/lib/zookeeper-3.4.13.jar:/opt/hadoop/share/ozone/lib/avro-1.7.7.jar:/opt/hadoop/share/ozone/lib/kerb-client-1.0.1.jar:/opt/hadoop/share/ozone/lib/jackson-xc-1.9.13.jar:/opt/hadoop/share/ozone/lib/disruptor-3.4.2.jar:/opt/hadoop/share/ozone/lib/guava-11.0.2.jar:/opt/hadoop/share/ozone/lib/ratis-client-0.5.0-d6d58d0-SNAPSHOT.jar:/opt/hadoop/share/ozone/lib/hadoop-hdds-common-0.5.0-SNAPSHOT.jar:/opt/hadoop/share/ozone/lib/curator-framework-2.12.0.jar:/opt/hadoop/share/ozone/lib/dnsjava-2.1.7.jar:/opt/hadoop/share/ozone/lib/commons-configuration2-2.1.1.jar:/opt/hadoop/share/ozone/lib/json-smart-2.3.jar:/opt/hadoop/share/ozone/lib/token-provider-1.0.1.jar:/opt/hadoop/share/ozone/lib/log4j-1.2.17.jar:/opt/hadoop/share/ozone/lib/commons-daemon-1.0.13.jar:/opt/hadoop/share/ozone/lib/bcprov-jdk15on-1.60.jar:/opt/hadoop/share/ozone/lib/ratis-metrics-0.5.0-d6d58d0-SNAPSHOT.jar:/opt/hadoop/share/ozone/lib/commons-lang3-3.7.jar:/opt/hadoop/share/ozone/lib/commons-compress-1.4.1.jar:/opt/hadoop/share/ozone/lib/jaeger-client-0.34.0.jar:/opt/hadoop/share/ozone/lib/jetty-server-9.3.25.v20180904.jar:/opt/hadoop/share/ozone/lib/accessors-smart-1.2.jar:/opt/hadoop/share/ozone/lib/re2j-1.1.jar:/opt/hadoop/share/ozone/lib/curator-recipes-2.12.0.jar:/opt/hadoop/share/ozone/lib/jackson-core-2.9.9.jar:/opt/hadoop/share/ozone/lib/commons-math3-3.1.1.jar:/opt/hadoop/share/ozone/lib/opentracing-noop-0.31.0.jar:/opt/hadoop/share/ozone/lib/httpclient-4.5.2.jar:/opt/hadoop/share/ozone/lib/jaeger-core-0.34.0.jar:/opt/hadoop/share/ozone/lib/asm-5.0.4.jar:/opt/hadoop/share/ozone/lib/curator-client-2.12.0.jar:/opt/hadoop/share/ozone/lib/audience-annotations-0.5.0.jar:/opt/hadoop/share/ozone/lib/kerby-util-1.0.1.jar:/opt/hadoop/share/ozone/lib/jackson-mapper-asl-1.9.13.jar:/opt/hadoop/share/ozone/lib/rocksdbjni-6.0.1.jar:/opt/hadoop/share/ozone/lib/jsp-api-2.1.jar:/opt/hadoop/share/ozone/lib/jsch-0.1.54.jar:/opt/hadoop/share/ozone/lib/opentracing-tracerresolver-0.1.5.jar:/opt/hadoop/share/ozone/lib/paranamer-2.3.jar:/opt/hadoop/share/ozone/lib/log4j-core-2.11.0.jar:/opt/hadoop/share/ozone/lib/jetty-io-9.3.25.v20180904.jar:/opt/hadoop/share/ozone/lib/jetty-xml-9.3.25.v20180904.jar:/opt/hadoop/share/ozone/lib/commons-codec-1.11.jar:/opt/hadoop/share/ozone/lib/commons-pool2-2.6.0.jar:/opt/hadoop/share/ozone/lib/gson-2.2.4.jar:/opt/hadoop/share/ozone/lib/jcip-annotations-1.0-1.jar:/opt/hadoop/share/ozone/lib/kerb-admin-1.0.1.jar:/opt/hadoop/share/ozone/lib/okio-1.13.0.jar:/opt/hadoop/share/ozone/lib/commons-io-2.5.jar:/opt/hadoop/share/ozone/lib/snakeyaml-1.16.jar:/opt/hadoop/share/ozone/lib/hadoop-ozone-client-0.5.0-SNAPSHOT.jar:/opt/hadoop/share/ozone/lib/jersey-core-1.19.jar:/opt/hadoop/share/ozone/lib/jackson-databind-2.9.9.jar:/opt/hadoop/share/ozone/lib/hadoop-hdds-container-service-0.5.0-SNAPSHOT.jar:/opt/hadoop/share/ozone/lib/picocli-3.9.6.jar:/opt/hadoop/share/ozone/lib/jaeger-thrift-0.34.0.jar:/opt/hadoop/share/ozone/lib/ratis-common-0.5.0-d6d58d0-SNAPSHOT.jar:/opt/hadoop/share/ozone/lib/jackson-annotations-2.9.9.jar:/opt/hadoop/share/ozone/lib/commons-cli-1.2.jar:/opt/hadoop/share/ozone/lib/hadoop-hdds-docs-0.5.0-SNAPSHOT.jar:/opt/hadoop/share/ozone/lib/woodstox-core-5.0.3.jar:/opt/hadoop/share/ozone/lib/javax.annotation-api-1.2.jar:/opt/hadoop/share/ozone/lib/snappy-java-1.0.5.jar:/opt/hadoop/share/ozone/lib/jaeger-tracerresolver-0.34.0.jar:/opt/hadoop/share/ozone/lib/jetty-security-9.3.25.v20180904.jar:/opt/hadoop/share/ozone/lib/jetty-http-9.3.25.v20180904.jar:/opt/hadoop/share/ozone/lib/kerby-asn1-1.0.1.jar:/opt/hadoop/share/ozone/lib/okhttp-3.9.0.jar:/opt/hadoop/share/ozone/lib/stax2-api-3.1.4.jar:/opt/hadoop/share/ozone/lib/commons-digester-1.8.1.jar:/opt/hadoop/share/ozone/lib/commons-collections-3.2.2.jar:/opt/hadoop/share/ozone/lib/jettison-1.1.jar:/opt/hadoop/share/ozone/lib/commons-text-1.4.jar:/opt/hadoop/share/ozone/lib/jersey-servlet-1.19.jar:/opt/hadoop/share/ozone/lib/jersey-json-1.19.jar:/opt/hadoop/share/ozone/lib/slf4j-api-1.7.25.jar:/opt/hadoop/share/ozone/lib/jetty-util-ajax-9.3.25.v20180904.jar:/opt/hadoop/share/ozone/lib/commons-logging-1.1.3.jar:/opt/hadoop/share/ozone/lib/hadoop-hdds-client-0.5.0-SNAPSHOT.jar:/opt/hadoop/share/ozone/lib/kerb-identity-1.0.1.jar:/opt/hadoop/share/ozone/lib/ratis-proto-0.5.0-d6d58d0-SNAPSHOT.jar:/opt/hadoop/share/ozone/lib/opentracing-util-0.31.0.jar:/opt/hadoop/share/ozone/lib/hadoop-common-3.2.0.jar:/opt/hadoop/share/ozone/lib/hadoop-auth-3.2.0.jar:/opt/hadoop/share/ozone/lib/kerb-common-1.0.1.jar:/opt/hadoop/share/ozone/lib/jetty-servlet-9.3.25.v20180904.jar:/opt/hadoop/share/ozone/lib/jersey-server-1.19.jar:/opt/hadoop/share/ozone/lib/kerb-crypto-1.0.1.jar:/opt/hadoop/share/ozone/lib/httpcore-4.4.4.jar:/opt/hadoop/share/ozone/web:/opt/hadoop/share/ozone/lib/hadoop-ozone-ozone-manager-0.5.0-SNAPSHOT.jar
datanode_2  | 2019-11-09 03:15:27,033 INFO util.log: Logging initialized @3423ms
datanode_3  | 2019-11-09 03:15:26,807 INFO hdfs.DFSUtil: Starting Web-server for hddsDatanode at: http://0.0.0.0:9882
datanode_1  | 2019-11-09 03:15:27,391 INFO server.Server: Started @3595ms
rm_1        | 2019-11-09 03:15:22 INFO  RMContainerTokenSecretManager:77 - ContainerTokenKeyRollingInterval: 86400000ms and ContainerTokenKeyActivationDelay: 900000ms
nm_1        | 2019-11-09 03:15:26 INFO  AsyncDispatcher:209 - Registering class org.apache.hadoop.yarn.server.nodemanager.containermanager.application.ApplicationEventType for class org.apache.hadoop.yarn.server.nodemanager.containermanager.ContainerManagerImpl$ApplicationEventDispatcher
scm_1       | STARTUP_MSG:   java = 11.0.3
datanode_2  | 2019-11-09 03:15:27,150 INFO server.AuthenticationFilter: Unable to initialize FileSignerSecretProvider, falling back to use random secrets.
om_1        | STARTUP_MSG:   build = https://github.com/apache/hadoop.git -r e97acb3bd8f3befd27418996fa5d4b50bf2e17bf; compiled by 'sunilg' on 2019-01-15T17:34Z
datanode_3  | 2019-11-09 03:15:26,841 INFO util.log: Logging initialized @3279ms
datanode_1  | 2019-11-09 03:15:27,396 INFO impl.MetricsSinkAdapter: Sink prometheus started
rm_1        | 2019-11-09 03:15:22 INFO  AMRMTokenSecretManager:94 - AMRMTokenKeyRollingInterval: 86400000ms and AMRMTokenKeyActivationDelay: 900000 ms
nm_1        | 2019-11-09 03:15:26 INFO  AsyncDispatcher:209 - Registering class org.apache.hadoop.yarn.server.nodemanager.containermanager.localizer.event.LocalizationEventType for class org.apache.hadoop.yarn.server.nodemanager.containermanager.localizer.ResourceLocalizationService
scm_1       | ************************************************************/
datanode_2  | 2019-11-09 03:15:27,154 INFO http.HttpRequestLog: Http request log for http.requests.hddsDatanode is not defined
om_1        | STARTUP_MSG:   java = 11.0.3
datanode_3  | 2019-11-09 03:15:26,937 INFO server.AuthenticationFilter: Unable to initialize FileSignerSecretProvider, falling back to use random secrets.
datanode_1  | 2019-11-09 03:15:27,396 INFO impl.MetricsSystemImpl: Registered sink prometheus
rm_1        | 2019-11-09 03:15:22 INFO  AsyncDispatcher:209 - Registering class org.apache.hadoop.yarn.server.resourcemanager.recovery.RMStateStoreEventType for class org.apache.hadoop.yarn.server.resourcemanager.recovery.RMStateStore$ForwardingEventHandler
nm_1        | 2019-11-09 03:15:26 INFO  AsyncDispatcher:209 - Registering class org.apache.hadoop.yarn.server.nodemanager.containermanager.AuxServicesEventType for class org.apache.hadoop.yarn.server.nodemanager.containermanager.AuxServices
scm_1       | 2019-11-09 03:15:25,997 INFO server.StorageContainerManagerStarter: registered UNIX signal handlers for [TERM, HUP, INT]
datanode_2  | 2019-11-09 03:15:27,161 INFO http.HttpServer2: Added global filter 'safety' (class=org.apache.hadoop.http.HttpServer2$QuotingInputFilter)
om_1        | ************************************************************/
datanode_3  | 2019-11-09 03:15:26,940 INFO http.HttpRequestLog: Http request log for http.requests.hddsDatanode is not defined
datanode_1  | 2019-11-09 03:15:27,398 INFO server.BaseHttpServer: HTTP server of HDDSDATANODE is listening at http://0.0.0.0:9882
rm_1        | 2019-11-09 03:15:22 INFO  AsyncDispatcher:209 - Registering class org.apache.hadoop.yarn.server.resourcemanager.NodesListManagerEventType for class org.apache.hadoop.yarn.server.resourcemanager.NodesListManager
nm_1        | 2019-11-09 03:15:26 INFO  AsyncDispatcher:209 - Registering class org.apache.hadoop.yarn.server.nodemanager.containermanager.monitor.ContainersMonitorEventType for class org.apache.hadoop.yarn.server.nodemanager.containermanager.monitor.ContainersMonitorImpl
datanode_2  | 2019-11-09 03:15:27,163 INFO http.HttpServer2: Added filter static_user_filter (class=org.apache.hadoop.http.lib.StaticUserWebFilter$StaticUserFilter) to context hddsDatanode
om_1        | 2019-11-09 03:15:31,755 INFO om.OzoneManagerStarter: registered UNIX signal handlers for [TERM, HUP, INT]
datanode_1  | 2019-11-09 03:15:27,410 INFO util.JvmPauseMonitor: Starting JVM pause monitor
datanode_3  | 2019-11-09 03:15:26,948 INFO http.HttpServer2: Added global filter 'safety' (class=org.apache.hadoop.http.HttpServer2$QuotingInputFilter)
scm_1       | 2019-11-09 03:15:26,230 WARN server.ServerUtils: ozone.scm.db.dirs is not configured. We recommend adding this setting. Falling back to ozone.metadata.dirs instead.
rm_1        | 2019-11-09 03:15:22 INFO  ResourceManager:293 - Using Scheduler: org.apache.hadoop.yarn.server.resourcemanager.scheduler.capacity.CapacityScheduler
nm_1        | 2019-11-09 03:15:26 INFO  AsyncDispatcher:209 - Registering class org.apache.hadoop.yarn.server.nodemanager.containermanager.launcher.ContainersLauncherEventType for class org.apache.hadoop.yarn.server.nodemanager.containermanager.launcher.ContainersLauncher
datanode_2  | 2019-11-09 03:15:27,163 INFO http.HttpServer2: Added filter static_user_filter (class=org.apache.hadoop.http.lib.StaticUserWebFilter$StaticUserFilter) to context static
om_1        | 2019-11-09 03:15:32,611 INFO ha.OMHANodeDetails: Configuration either no ozone.om.address set. Falling back to the default OM address om/172.18.0.6:9862
datanode_1  | 2019-11-09 03:15:27,556 INFO datanode.InitDatanodeState: DatanodeDetails is persisted to /data/metadata/datanode.id
datanode_3  | 2019-11-09 03:15:26,951 INFO http.HttpServer2: Added filter static_user_filter (class=org.apache.hadoop.http.lib.StaticUserWebFilter$StaticUserFilter) to context hddsDatanode
rm_1        | 2019-11-09 03:15:22 INFO  AsyncDispatcher:209 - Registering class org.apache.hadoop.yarn.server.resourcemanager.scheduler.event.SchedulerEventType for class org.apache.hadoop.yarn.server.resourcemanager.ResourceManager$SchedulerEventDispatcher
scm_1       | 2019-11-09 03:15:26,244 WARN server.ServerUtils: ozone.scm.db.dirs is not configured. We recommend adding this setting. Falling back to ozone.metadata.dirs instead.
nm_1        | 2019-11-09 03:15:26 INFO  AsyncDispatcher:209 - Registering class org.apache.hadoop.yarn.server.nodemanager.ContainerManagerEventType for class org.apache.hadoop.yarn.server.nodemanager.containermanager.ContainerManagerImpl
datanode_2  | 2019-11-09 03:15:27,163 INFO http.HttpServer2: Added filter static_user_filter (class=org.apache.hadoop.http.lib.StaticUserWebFilter$StaticUserFilter) to context logs
om_1        | 2019-11-09 03:15:32,611 INFO ha.OMHANodeDetails: OM Service ID is not set. Setting it to the default ID: omServiceIdDefault
datanode_1  | 2019-11-09 03:15:29,519 INFO ozoneimpl.OzoneContainer: Attempting to start container services.
rm_1        | 2019-11-09 03:15:22 INFO  AsyncDispatcher:209 - Registering class org.apache.hadoop.yarn.server.resourcemanager.rmapp.RMAppEventType for class org.apache.hadoop.yarn.server.resourcemanager.ResourceManager$ApplicationEventDispatcher
datanode_3  | 2019-11-09 03:15:26,951 INFO http.HttpServer2: Added filter static_user_filter (class=org.apache.hadoop.http.lib.StaticUserWebFilter$StaticUserFilter) to context static
scm_1       | 2019-11-09 03:15:26,276 INFO util.log: Logging initialized @1377ms
nm_1        | 2019-11-09 03:15:26 INFO  AsyncDispatcher:209 - Registering class org.apache.hadoop.yarn.server.nodemanager.NodeManagerEventType for class org.apache.hadoop.yarn.server.nodemanager.NodeManager
datanode_2  | 2019-11-09 03:15:27,188 INFO http.HttpServer2: Jetty bound to port 9882
om_1        | 2019-11-09 03:15:32,617 WARN server.ServerUtils: ozone.om.db.dirs is not configured. We recommend adding this setting. Falling back to ozone.metadata.dirs instead.
datanode_1  | 2019-11-09 03:15:29,521 INFO ozoneimpl.OzoneContainer: Background container scanner has been disabled.
rm_1        | 2019-11-09 03:15:22 INFO  AsyncDispatcher:209 - Registering class org.apache.hadoop.yarn.server.resourcemanager.rmapp.attempt.RMAppAttemptEventType for class org.apache.hadoop.yarn.server.resourcemanager.ResourceManager$ApplicationAttemptEventDispatcher
datanode_3  | 2019-11-09 03:15:26,951 INFO http.HttpServer2: Added filter static_user_filter (class=org.apache.hadoop.http.lib.StaticUserWebFilter$StaticUserFilter) to context logs
scm_1       | 2019-11-09 03:15:26,412 INFO db.DBStoreBuilder: using custom profile for table: deletedBlocks
nm_1        | 2019-11-09 03:15:26 INFO  MetricsConfig:112 - loaded properties from hadoop-metrics2.properties
om_1        | 2019-11-09 03:15:32,627 WARN server.ServerUtils: ozone.om.db.dirs is not configured. We recommend adding this setting. Falling back to ozone.metadata.dirs instead.
datanode_2  | 2019-11-09 03:15:27,189 INFO server.Server: jetty-9.3.25.v20180904, build timestamp: 2018-09-04T21:11:46Z, git hash: 3ce520221d0240229c862b122d2b06c12a625732
datanode_1  | 2019-11-09 03:15:29,521 INFO ratis.XceiverServerRatis: Starting XceiverServerRatis be00aab7-d833-42c6-a70c-95fd1b711226 at port 9858
rm_1        | 2019-11-09 03:15:22 INFO  AsyncDispatcher:209 - Registering class org.apache.hadoop.yarn.server.resourcemanager.rmnode.RMNodeEventType for class org.apache.hadoop.yarn.server.resourcemanager.ResourceManager$NodeEventDispatcher
datanode_3  | 2019-11-09 03:15:26,981 INFO http.HttpServer2: Jetty bound to port 9882
scm_1       | 2019-11-09 03:15:26,413 INFO db.DBStoreBuilder: Using default column profile:DBProfile.DISK for Table:deletedBlocks
nm_1        | 2019-11-09 03:15:26 INFO  MetricsSystemImpl:376 - Scheduled snapshot period at 10 second(s).
om_1        | 2019-11-09 03:15:33,372 WARN server.ServerUtils: ozone.om.db.dirs is not configured. We recommend adding this setting. Falling back to ozone.metadata.dirs instead.
datanode_2  | 2019-11-09 03:15:27,216 INFO handler.ContextHandler: Started o.e.j.s.ServletContextHandler@23f3da8b{/logs,file:///var/log/hadoop/,AVAILABLE}
datanode_1  | 2019-11-09 03:15:29,538 INFO impl.RaftServerProxy: be00aab7-d833-42c6-a70c-95fd1b711226: start RPC server
rm_1        | 2019-11-09 03:15:22 INFO  MetricsConfig:112 - loaded properties from hadoop-metrics2.properties
datanode_3  | 2019-11-09 03:15:26,982 INFO server.Server: jetty-9.3.25.v20180904, build timestamp: 2018-09-04T21:11:46Z, git hash: 3ce520221d0240229c862b122d2b06c12a625732
scm_1       | 2019-11-09 03:15:26,413 INFO db.DBStoreBuilder: using custom profile for table: validCerts
nm_1        | 2019-11-09 03:15:26 INFO  MetricsSystemImpl:192 - NodeManager metrics system started
om_1        | 2019-11-09 03:15:33,394 INFO util.log: Logging initialized @2471ms
datanode_2  | 2019-11-09 03:15:27,216 INFO handler.ContextHandler: Started o.e.j.s.ServletContextHandler@4e1a46fb{/static,jar:file:/opt/hadoop/share/ozone/lib/hadoop-hdds-container-service-0.5.0-SNAPSHOT.jar!/webapps/static,AVAILABLE}
datanode_1  | 2019-11-09 03:15:29,642 INFO server.GrpcService: be00aab7-d833-42c6-a70c-95fd1b711226: GrpcService started, listening on 0.0.0.0/0.0.0.0:9858
rm_1        | 2019-11-09 03:15:22 INFO  MetricsSystemImpl:376 - Scheduled snapshot period at 10 second(s).
datanode_3  | 2019-11-09 03:15:27,012 INFO handler.ContextHandler: Started o.e.j.s.ServletContextHandler@23f3da8b{/logs,file:///var/log/hadoop/,AVAILABLE}
scm_1       | 2019-11-09 03:15:26,413 INFO db.DBStoreBuilder: Using default column profile:DBProfile.DISK for Table:validCerts
nm_1        | 2019-11-09 03:15:26 INFO  AsyncDispatcher:209 - Registering class org.apache.hadoop.yarn.server.nodemanager.containermanager.loghandler.event.LogHandlerEventType for class org.apache.hadoop.yarn.server.nodemanager.containermanager.loghandler.NonAggregatingLogHandler
om_1        | 2019-11-09 03:15:33,502 INFO db.DBStoreBuilder: using custom profile for table: userTable
datanode_2  | 2019-11-09 03:15:27,283 INFO handler.ContextHandler: Started o.e.j.w.WebAppContext@80bfa9d{/,file:///tmp/jetty-0.0.0.0-9882-hddsDatanode-_-any-345336815896342621.dir/webapp/,AVAILABLE}{/hddsDatanode}
datanode_1  | WARNING: An illegal reflective access operation has occurred
rm_1        | 2019-11-09 03:15:22 INFO  MetricsSystemImpl:192 - ResourceManager metrics system started
datanode_3  | 2019-11-09 03:15:27,014 INFO handler.ContextHandler: Started o.e.j.s.ServletContextHandler@4e1a46fb{/static,jar:file:/opt/hadoop/share/ozone/lib/hadoop-hdds-container-service-0.5.0-SNAPSHOT.jar!/webapps/static,AVAILABLE}
scm_1       | 2019-11-09 03:15:26,413 INFO db.DBStoreBuilder: using custom profile for table: revokedCerts
nm_1        | 2019-11-09 03:15:26 INFO  AsyncDispatcher:209 - Registering class org.apache.hadoop.yarn.server.nodemanager.containermanager.localizer.sharedcache.SharedCacheUploadEventType for class org.apache.hadoop.yarn.server.nodemanager.containermanager.localizer.sharedcache.SharedCacheUploadService
om_1        | 2019-11-09 03:15:33,502 INFO db.DBStoreBuilder: Using default column profile:DBProfile.DISK for Table:userTable
datanode_2  | 2019-11-09 03:15:27,289 INFO server.AbstractConnector: Started ServerConnector@feb98ef{HTTP/1.1,[http/1.1]}{0.0.0.0:9882}
datanode_1  | WARNING: Illegal reflective access by org.apache.ratis.thirdparty.com.google.protobuf.UnsafeUtil (file:/opt/hadoop/share/ozone/lib/ratis-thirdparty-misc-0.2.0.jar) to field java.nio.Buffer.address
rm_1        | 2019-11-09 03:15:22 INFO  AsyncDispatcher:209 - Registering class org.apache.hadoop.yarn.server.resourcemanager.RMAppManagerEventType for class org.apache.hadoop.yarn.server.resourcemanager.RMAppManager
datanode_3  | 2019-11-09 03:15:27,131 INFO handler.ContextHandler: Started o.e.j.w.WebAppContext@80bfa9d{/,file:///tmp/jetty-0.0.0.0-9882-hddsDatanode-_-any-10496111934365426040.dir/webapp/,AVAILABLE}{/hddsDatanode}
scm_1       | 2019-11-09 03:15:26,413 INFO db.DBStoreBuilder: Using default column profile:DBProfile.DISK for Table:revokedCerts
nm_1        | 2019-11-09 03:15:26 INFO  ResourceLocalizationService:219 - per directory file limit = 8192
om_1        | 2019-11-09 03:15:33,503 INFO db.DBStoreBuilder: using custom profile for table: volumeTable
datanode_2  | 2019-11-09 03:15:27,290 INFO server.Server: Started @3679ms
datanode_1  | WARNING: Please consider reporting this to the maintainers of org.apache.ratis.thirdparty.com.google.protobuf.UnsafeUtil
rm_1        | 2019-11-09 03:15:22 INFO  AsyncDispatcher:209 - Registering class org.apache.hadoop.yarn.server.resourcemanager.amlauncher.AMLauncherEventType for class org.apache.hadoop.yarn.server.resourcemanager.amlauncher.ApplicationMasterLauncher
datanode_3  | 2019-11-09 03:15:27,137 INFO server.AbstractConnector: Started ServerConnector@6594bf4f{HTTP/1.1,[http/1.1]}{0.0.0.0:9882}
scm_1       | 2019-11-09 03:15:26,422 INFO db.DBStoreBuilder: using custom profile for table: default
nm_1        | 2019-11-09 03:15:26 INFO  AsyncDispatcher:209 - Registering class org.apache.hadoop.yarn.server.nodemanager.containermanager.localizer.event.LocalizerEventType for class org.apache.hadoop.yarn.server.nodemanager.containermanager.localizer.ResourceLocalizationService$LocalizerTracker
om_1        | 2019-11-09 03:15:33,503 INFO db.DBStoreBuilder: Using default column profile:DBProfile.DISK for Table:volumeTable
datanode_2  | 2019-11-09 03:15:27,292 INFO impl.MetricsSinkAdapter: Sink prometheus started
datanode_1  | WARNING: Use --illegal-access=warn to enable warnings of further illegal reflective access operations
datanode_3  | 2019-11-09 03:15:27,138 INFO server.Server: Started @3576ms
scm_1       | 2019-11-09 03:15:26,422 INFO db.DBStoreBuilder: Using default column profile:DBProfile.DISK for Table:default
nm_1        | 2019-11-09 03:15:26 WARN  AuxServices:130 - The Auxilurary Service named 'mapreduce_shuffle' in the configuration is for class org.apache.hadoop.mapred.ShuffleHandler which has a name of 'httpshuffle'. Because these are not the same tools trying to send ServiceData and read Service Meta Data may have issues unless the refer to the name in the config.
om_1        | 2019-11-09 03:15:33,503 INFO db.DBStoreBuilder: using custom profile for table: bucketTable
rm_1        | 2019-11-09 03:15:22 INFO  RMNMInfo:63 - Registered RMNMInfo MBean
datanode_2  | 2019-11-09 03:15:27,293 INFO impl.MetricsSystemImpl: Registered sink prometheus
datanode_1  | WARNING: All illegal access operations will be denied in a future release
datanode_3  | 2019-11-09 03:15:27,140 INFO impl.MetricsSinkAdapter: Sink prometheus started
scm_1       | 2019-11-09 03:15:26,423 INFO db.DBStoreBuilder: Using default options. DBProfile.DISK
nm_1        | 2019-11-09 03:15:26 INFO  AuxServices:72 - Adding auxiliary service httpshuffle, "mapreduce_shuffle"
om_1        | 2019-11-09 03:15:33,503 INFO db.DBStoreBuilder: Using default column profile:DBProfile.DISK for Table:bucketTable
rm_1        | 2019-11-09 03:15:22 INFO  YarnAuthorizationProvider:57 - org.apache.hadoop.yarn.security.ConfiguredYarnAuthorizer is instiantiated.
datanode_2  | 2019-11-09 03:15:27,294 INFO server.BaseHttpServer: HTTP server of HDDSDATANODE is listening at http://0.0.0.0:9882
datanode_1  | 2019-11-09 03:15:32,813 INFO impl.RaftServerProxy: be00aab7-d833-42c6-a70c-95fd1b711226: addNew group-8E296DDDAA35:[be00aab7-d833-42c6-a70c-95fd1b711226:172.18.0.8:9858] returns group-8E296DDDAA35:java.util.concurrent.CompletableFuture@49b26bf1[Not completed]
datanode_3  | 2019-11-09 03:15:27,140 INFO impl.MetricsSystemImpl: Registered sink prometheus
scm_1       | 2019-11-09 03:15:26,641 INFO net.NodeSchemaLoader: Loading file from java.lang.CompoundEnumeration@5456afaa
nm_1        | 2019-11-09 03:15:26 INFO  ContainersMonitorImpl:106 -  Using ResourceCalculatorPlugin : org.apache.hadoop.yarn.util.LinuxResourceCalculatorPlugin@264f218
om_1        | 2019-11-09 03:15:33,503 INFO db.DBStoreBuilder: using custom profile for table: keyTable
rm_1        | 2019-11-09 03:15:22 INFO  HostsFileReader:131 - Refreshing hosts (include/exclude) list
datanode_2  | 2019-11-09 03:15:27,307 INFO util.JvmPauseMonitor: Starting JVM pause monitor
datanode_1  | 2019-11-09 03:15:32,833 INFO impl.RaftServerImpl: be00aab7-d833-42c6-a70c-95fd1b711226: new RaftServerImpl for group-8E296DDDAA35:[be00aab7-d833-42c6-a70c-95fd1b711226:172.18.0.8:9858] with ContainerStateMachine:uninitialized
datanode_3  | 2019-11-09 03:15:27,143 INFO server.BaseHttpServer: HTTP server of HDDSDATANODE is listening at http://0.0.0.0:9882
scm_1       | 2019-11-09 03:15:26,642 INFO net.NodeSchemaLoader: Loading network topology layer schema file
nm_1        | 2019-11-09 03:15:26 INFO  ContainersMonitorImpl:111 -  Using ResourceCalculatorProcessTree : null
rm_1        | 2019-11-09 03:15:22 INFO  Configuration:2427 - found resource capacity-scheduler.xml at file:/opt/hadoop/etc/hadoop/capacity-scheduler.xml
datanode_2  | 2019-11-09 03:15:27,442 INFO datanode.InitDatanodeState: DatanodeDetails is persisted to /data/metadata/datanode.id
datanode_1  | 2019-11-09 03:15:32,834 INFO server.RaftServerConfigKeys: raft.server.rpc.timeout.min = 5s (custom)
datanode_3  | 2019-11-09 03:15:27,155 INFO util.JvmPauseMonitor: Starting JVM pause monitor
scm_1       | 2019-11-09 03:15:26,743 INFO node.SCMNodeManager: Entering startup safe mode.
nm_1        | 2019-11-09 03:15:26 INFO  ContainersMonitorImpl:151 - Physical memory check enabled: false
rm_1        | 2019-11-09 03:15:23 INFO  CapacitySchedulerConfiguration:603 - max alloc mb per queue for root is undefined
om_1        | 2019-11-09 03:15:33,503 INFO db.DBStoreBuilder: Using default column profile:DBProfile.DISK for Table:keyTable
datanode_2  | 2019-11-09 03:15:29,437 INFO ozoneimpl.OzoneContainer: Attempting to start container services.
datanode_1  | 2019-11-09 03:15:32,835 INFO server.RaftServerConfigKeys: raft.server.rpc.timeout.max = 5200ms (custom)
datanode_3  | 2019-11-09 03:15:27,308 INFO datanode.InitDatanodeState: DatanodeDetails is persisted to /data/metadata/datanode.id
scm_1       | 2019-11-09 03:15:26,857 INFO algorithms.ContainerPlacementPolicyFactory: Create container placement policy of type org.apache.hadoop.hdds.scm.container.placement.algorithms.SCMContainerPlacementRandom
nm_1        | 2019-11-09 03:15:26 INFO  ContainersMonitorImpl:152 - Virtual memory check enabled: false
rm_1        | 2019-11-09 03:15:23 INFO  CapacitySchedulerConfiguration:607 - max alloc vcore per queue for root is undefined
om_1        | 2019-11-09 03:15:33,504 INFO db.DBStoreBuilder: using custom profile for table: deletedTable
datanode_2  | 2019-11-09 03:15:29,438 INFO ozoneimpl.OzoneContainer: Background container scanner has been disabled.
datanode_3  | 2019-11-09 03:15:29,437 INFO ozoneimpl.OzoneContainer: Attempting to start container services.
scm_1       | 2019-11-09 03:15:26,867 WARN server.ServerUtils: ozone.scm.db.dirs is not configured. We recommend adding this setting. Falling back to ozone.metadata.dirs instead.
nm_1        | 2019-11-09 03:15:26 INFO  NodeStatusUpdaterImpl:181 - Initialized nodemanager for null: physical-memory=8192 virtual-memory=17204 virtual-cores=8
rm_1        | 2019-11-09 03:15:23 INFO  ParentQueue:121 - root, capacity=1.0, asboluteCapacity=1.0, maxCapacity=1.0, asboluteMaxCapacity=1.0, state=RUNNING, acls=SUBMIT_APP:*ADMINISTER_QUEUE:*, labels=*,
om_1        | 2019-11-09 03:15:33,504 INFO db.DBStoreBuilder: Using default column profile:DBProfile.DISK for Table:deletedTable
datanode_2  | 2019-11-09 03:15:29,439 INFO ratis.XceiverServerRatis: Starting XceiverServerRatis 33cdce29-62a2-4cb1-8e05-33df0e8557ee at port 9858
datanode_1  | 2019-11-09 03:15:32,835 INFO server.RaftServerConfigKeys: raft.server.rpcslowness.timeout = 120s (custom)
datanode_3  | 2019-11-09 03:15:29,439 INFO ozoneimpl.OzoneContainer: Background container scanner has been disabled.
nm_1        | 2019-11-09 03:15:26 INFO  CallQueueManager:57 - Using callQueue: class java.util.concurrent.LinkedBlockingQueue queueCapacity: 2000
rm_1        | , reservationsContinueLooking=true
om_1        | 2019-11-09 03:15:33,504 INFO db.DBStoreBuilder: using custom profile for table: openKeyTable
datanode_2  | 2019-11-09 03:15:29,459 INFO impl.RaftServerProxy: 33cdce29-62a2-4cb1-8e05-33df0e8557ee: start RPC server
scm_1       | 2019-11-09 03:15:27,166 INFO pipeline.SCMPipelineManager: No pipeline exists in current db
datanode_1  | 2019-11-09 03:15:32,836 INFO server.RaftServerConfigKeys: raft.server.sleep.deviation.threshold = 300 (default)
nm_1        | 2019-11-09 03:15:26 INFO  Server:722 - Starting Socket Reader #1 for port 35950
datanode_3  | 2019-11-09 03:15:29,439 INFO ratis.XceiverServerRatis: Starting XceiverServerRatis aa143869-b632-412e-b618-c3c139d18593 at port 9858
rm_1        | 2019-11-09 03:15:23 INFO  ParentQueue:100 - Initialized parent-queue root name=root, fullname=root
om_1        | 2019-11-09 03:15:33,504 INFO db.DBStoreBuilder: Using default column profile:DBProfile.DISK for Table:openKeyTable
datanode_2  | 2019-11-09 03:15:29,564 INFO server.GrpcService: 33cdce29-62a2-4cb1-8e05-33df0e8557ee: GrpcService started, listening on 0.0.0.0/0.0.0.0:9858
scm_1       | 2019-11-09 03:15:27,168 WARN server.ServerUtils: ozone.scm.db.dirs is not configured. We recommend adding this setting. Falling back to ozone.metadata.dirs instead.
datanode_1  | 2019-11-09 03:15:32,836 INFO server.RaftServerConfigKeys: raft.server.log.appender.install.snapshot.enabled = false (custom)
nm_1        | 2019-11-09 03:15:26 INFO  RpcServerFactoryPBImpl:174 - Adding protocol org.apache.hadoop.yarn.api.ContainerManagementProtocolPB to the server
datanode_3  | 2019-11-09 03:15:29,460 INFO impl.RaftServerProxy: aa143869-b632-412e-b618-c3c139d18593: start RPC server
rm_1        | 2019-11-09 03:15:23 INFO  CapacitySchedulerConfiguration:603 - max alloc mb per queue for root.default is undefined
om_1        | 2019-11-09 03:15:33,504 INFO db.DBStoreBuilder: using custom profile for table: s3Table
datanode_2  | WARNING: An illegal reflective access operation has occurred
scm_1       | 2019-11-09 03:15:27,279 WARN events.EventQueue: No event handler registered for event TypedEvent{payloadType=SafeModeStatus, name='SafeModeStatus'}
nm_1        | 2019-11-09 03:15:26 INFO  ContainerManagerImpl:427 - Blocking new container-requests as container manager rpc server is still starting.
datanode_3  | 2019-11-09 03:15:29,564 INFO server.GrpcService: aa143869-b632-412e-b618-c3c139d18593: GrpcService started, listening on 0.0.0.0/0.0.0.0:9858
datanode_1  | 2019-11-09 03:15:32,844 INFO impl.RaftServerImpl: be00aab7-d833-42c6-a70c-95fd1b711226@group-8E296DDDAA35: ConfigurationManager, init=-1: [be00aab7-d833-42c6-a70c-95fd1b711226:172.18.0.8:9858], old=null, confs=<EMPTY_MAP>
om_1        | 2019-11-09 03:15:33,504 INFO db.DBStoreBuilder: Using default column profile:DBProfile.DISK for Table:s3Table
rm_1        | 2019-11-09 03:15:23 INFO  CapacitySchedulerConfiguration:607 - max alloc vcore per queue for root.default is undefined
datanode_2  | WARNING: Illegal reflective access by org.apache.ratis.thirdparty.com.google.protobuf.UnsafeUtil (file:/opt/hadoop/share/ozone/lib/ratis-thirdparty-misc-0.2.0.jar) to field java.nio.Buffer.address
scm_1       | 2019-11-09 03:15:27,784 INFO ipc.CallQueueManager: Using callQueue: class java.util.concurrent.LinkedBlockingQueue, queueCapacity: 1000, scheduler: class org.apache.hadoop.ipc.DefaultRpcScheduler, ipcBackoff: false.
nm_1        | 2019-11-09 03:15:26 INFO  Server:962 - IPC Server Responder: starting
datanode_3  | WARNING: An illegal reflective access operation has occurred
datanode_1  | 2019-11-09 03:15:32,844 INFO server.RaftServerConfigKeys: raft.server.storage.dir = [/data/metadata/ratis] (custom)
om_1        | 2019-11-09 03:15:33,504 INFO db.DBStoreBuilder: using custom profile for table: multipartInfoTable
rm_1        | 2019-11-09 03:15:23 INFO  LeafQueue:215 - Initializing default
datanode_2  | WARNING: Please consider reporting this to the maintainers of org.apache.ratis.thirdparty.com.google.protobuf.UnsafeUtil
scm_1       | 2019-11-09 03:15:27,803 INFO ipc.Server: Starting Socket Reader #1 for port 9861
nm_1        | 2019-11-09 03:15:26 INFO  Server:801 - IPC Server listener on 35950: starting
datanode_3  | WARNING: Illegal reflective access by org.apache.ratis.thirdparty.com.google.protobuf.UnsafeUtil (file:/opt/hadoop/share/ozone/lib/ratis-thirdparty-misc-0.2.0.jar) to field java.nio.Buffer.address
datanode_1  | 2019-11-09 03:15:32,850 INFO server.RaftServerConfigKeys: raft.server.log.corruption.policy = EXCEPTION (default)
om_1        | 2019-11-09 03:15:33,504 INFO db.DBStoreBuilder: Using default column profile:DBProfile.DISK for Table:multipartInfoTable
rm_1        | capacity = 1.0 [= (float) configuredCapacity / 100 ]
scm_1       | 2019-11-09 03:15:27,829 INFO ipc.CallQueueManager: Using callQueue: class java.util.concurrent.LinkedBlockingQueue, queueCapacity: 1000, scheduler: class org.apache.hadoop.ipc.DefaultRpcScheduler, ipcBackoff: false.
datanode_2  | WARNING: Use --illegal-access=warn to enable warnings of further illegal reflective access operations
nm_1        | 2019-11-09 03:15:26 INFO  NMContainerTokenSecretManager:260 - Updating node address : nm:35950
datanode_3  | WARNING: Please consider reporting this to the maintainers of org.apache.ratis.thirdparty.com.google.protobuf.UnsafeUtil
datanode_1  | 2019-11-09 03:15:32,851 INFO storage.RaftStorageDirectory: The storage directory /data/metadata/ratis/60b58db5-a0da-45b3-8354-8e296dddaa35 does not exist. Creating ...
om_1        | 2019-11-09 03:15:33,504 INFO db.DBStoreBuilder: using custom profile for table: dTokenTable
rm_1        | asboluteCapacity = 1.0 [= parentAbsoluteCapacity * capacity ]
scm_1       | 2019-11-09 03:15:27,830 INFO ipc.Server: Starting Socket Reader #1 for port 9863
datanode_2  | WARNING: All illegal access operations will be denied in a future release
nm_1        | 2019-11-09 03:15:26 INFO  CallQueueManager:57 - Using callQueue: class java.util.concurrent.LinkedBlockingQueue queueCapacity: 500
datanode_3  | WARNING: Use --illegal-access=warn to enable warnings of further illegal reflective access operations
datanode_1  | 2019-11-09 03:15:32,904 INFO storage.RaftStorageDirectory: Lock on /data/metadata/ratis/60b58db5-a0da-45b3-8354-8e296dddaa35/in_use.lock acquired by nodename 7@f717ebb86b45
om_1        | 2019-11-09 03:15:33,505 INFO db.DBStoreBuilder: Using default column profile:DBProfile.DISK for Table:dTokenTable
rm_1        | maxCapacity = 1.0 [= configuredMaxCapacity ]
scm_1       | 2019-11-09 03:15:27,840 INFO ipc.CallQueueManager: Using callQueue: class java.util.concurrent.LinkedBlockingQueue, queueCapacity: 1000, scheduler: class org.apache.hadoop.ipc.DefaultRpcScheduler, ipcBackoff: false.
datanode_2  | 2019-11-09 03:15:33,460 INFO impl.RaftServerProxy: 33cdce29-62a2-4cb1-8e05-33df0e8557ee: addNew group-0A707406F17E:[33cdce29-62a2-4cb1-8e05-33df0e8557ee:172.18.0.3:9858] returns group-0A707406F17E:java.util.concurrent.CompletableFuture@789600aa[Not completed]
nm_1        | 2019-11-09 03:15:26 INFO  Server:722 - Starting Socket Reader #1 for port 8040
datanode_3  | WARNING: All illegal access operations will be denied in a future release
om_1        | 2019-11-09 03:15:33,505 INFO db.DBStoreBuilder: using custom profile for table: s3SecretTable
datanode_1  | 2019-11-09 03:15:32,959 INFO storage.RaftStorage: Storage directory /data/metadata/ratis/60b58db5-a0da-45b3-8354-8e296dddaa35 has been successfully formatted.
rm_1        | absoluteMaxCapacity = 1.0 [= 1.0 maximumCapacity undefined, (parentAbsoluteMaxCapacity * maximumCapacity) / 100 otherwise ]
scm_1       | 2019-11-09 03:15:27,841 INFO ipc.Server: Starting Socket Reader #1 for port 9860
datanode_2  | 2019-11-09 03:15:33,480 INFO impl.RaftServerImpl: 33cdce29-62a2-4cb1-8e05-33df0e8557ee: new RaftServerImpl for group-0A707406F17E:[33cdce29-62a2-4cb1-8e05-33df0e8557ee:172.18.0.3:9858] with ContainerStateMachine:uninitialized
nm_1        | 2019-11-09 03:15:26 INFO  RpcServerFactoryPBImpl:174 - Adding protocol org.apache.hadoop.yarn.server.nodemanager.api.LocalizationProtocolPB to the server
datanode_3  | 2019-11-09 03:15:32,117 INFO impl.RaftServerProxy: aa143869-b632-412e-b618-c3c139d18593: addNew group-A3BD473A1E03:[aa143869-b632-412e-b618-c3c139d18593:172.18.0.7:9858] returns group-A3BD473A1E03:java.util.concurrent.CompletableFuture@31801a0f[Not completed]
om_1        | 2019-11-09 03:15:33,505 INFO db.DBStoreBuilder: Using default column profile:DBProfile.DISK for Table:s3SecretTable
datanode_1  | 2019-11-09 03:15:32,964 INFO ratis.ContainerStateMachine: group-8E296DDDAA35: The snapshot info is null. Setting the last applied indexto:(t:0, i:~)
rm_1        | userLimit = 100 [= configuredUserLimit ]
scm_1       | 2019-11-09 03:15:27,861 INFO hdfs.DFSUtil: Starting Web-server for scm at: http://0.0.0.0:9876
nm_1        | 2019-11-09 03:15:26 INFO  Server:962 - IPC Server Responder: starting
datanode_2  | 2019-11-09 03:15:33,481 INFO server.RaftServerConfigKeys: raft.server.rpc.timeout.min = 5s (custom)
datanode_3  | 2019-11-09 03:15:32,133 INFO impl.RaftServerImpl: aa143869-b632-412e-b618-c3c139d18593: new RaftServerImpl for group-A3BD473A1E03:[aa143869-b632-412e-b618-c3c139d18593:172.18.0.7:9858] with ContainerStateMachine:uninitialized
om_1        | 2019-11-09 03:15:33,505 INFO db.DBStoreBuilder: using custom profile for table: prefixTable
datanode_1  | 2019-11-09 03:15:32,964 INFO server.RaftServerConfigKeys: raft.server.notification.no-leader.timeout = 120s (custom)
rm_1        | userLimitFactor = 1.0 [= configuredUserLimitFactor ]
scm_1       | 2019-11-09 03:15:28,017 INFO server.AuthenticationFilter: Unable to initialize FileSignerSecretProvider, falling back to use random secrets.
nm_1        | 2019-11-09 03:15:26 INFO  Server:801 - IPC Server listener on 8040: starting
datanode_2  | 2019-11-09 03:15:33,482 INFO server.RaftServerConfigKeys: raft.server.rpc.timeout.max = 5200ms (custom)
datanode_3  | 2019-11-09 03:15:32,134 INFO server.RaftServerConfigKeys: raft.server.rpc.timeout.min = 5s (custom)
rm_1        | maxApplications = 10000 [= configuredMaximumSystemApplicationsPerQueue or (int)(configuredMaximumSystemApplications * absoluteCapacity)]
scm_1       | 2019-11-09 03:15:28,036 INFO http.HttpRequestLog: Http request log for http.requests.scm is not defined
om_1        | 2019-11-09 03:15:33,505 INFO db.DBStoreBuilder: Using default column profile:DBProfile.DISK for Table:prefixTable
datanode_2  | 2019-11-09 03:15:33,482 INFO server.RaftServerConfigKeys: raft.server.rpcslowness.timeout = 120s (custom)
datanode_3  | 2019-11-09 03:15:32,134 INFO server.RaftServerConfigKeys: raft.server.rpc.timeout.max = 5200ms (custom)
nm_1        | 2019-11-09 03:15:26 INFO  ResourceLocalizationService:344 - Localizer started on port 8040
rm_1        | maxApplicationsPerUser = 10000 [= (int)(maxApplications * (userLimit / 100.0f) * userLimitFactor) ]
scm_1       | 2019-11-09 03:15:28,044 INFO http.HttpServer2: Added global filter 'safety' (class=org.apache.hadoop.http.HttpServer2$QuotingInputFilter)
om_1        | 2019-11-09 03:15:33,520 INFO db.DBStoreBuilder: using custom profile for table: default
datanode_1  | 2019-11-09 03:15:32,968 INFO server.RaftServerConfigKeys: raft.server.log.use.memory = false (default)
datanode_2  | 2019-11-09 03:15:33,482 INFO server.RaftServerConfigKeys: raft.server.sleep.deviation.threshold = 300 (default)
datanode_3  | 2019-11-09 03:15:32,135 INFO server.RaftServerConfigKeys: raft.server.rpcslowness.timeout = 120s (custom)
nm_1        | 2019-11-09 03:15:26 INFO  IndexCache:47 - IndexCache created with max memory = 10485760
rm_1        | usedCapacity = 0.0 [= usedResourcesMemory / (clusterResourceMemory * absoluteCapacity)]
scm_1       | 2019-11-09 03:15:28,046 INFO http.HttpServer2: Added filter static_user_filter (class=org.apache.hadoop.http.lib.StaticUserWebFilter$StaticUserFilter) to context scm
om_1        | 2019-11-09 03:15:33,521 INFO db.DBStoreBuilder: Using default column profile:DBProfile.DISK for Table:default
datanode_1  | 2019-11-09 03:15:32,974 INFO server.RaftServerConfigKeys: raft.server.log.purge.gap = 1000000 (custom)
datanode_2  | 2019-11-09 03:15:33,483 INFO server.RaftServerConfigKeys: raft.server.log.appender.install.snapshot.enabled = false (custom)
datanode_3  | 2019-11-09 03:15:32,135 INFO server.RaftServerConfigKeys: raft.server.sleep.deviation.threshold = 300 (default)
nm_1        | 2019-11-09 03:15:26 INFO  ShuffleHandler:510 - httpshuffle listening on port 13562
rm_1        | absoluteUsedCapacity = 0.0 [= usedResourcesMemory / clusterResourceMemory]
scm_1       | 2019-11-09 03:15:28,047 INFO http.HttpServer2: Added filter static_user_filter (class=org.apache.hadoop.http.lib.StaticUserWebFilter$StaticUserFilter) to context static
om_1        | 2019-11-09 03:15:33,522 INFO db.DBStoreBuilder: Using default options. DBProfile.DISK
datanode_1  | 2019-11-09 03:15:32,974 INFO server.RaftServerConfigKeys: raft.server.log.appender.buffer.byte-limit = 33554432 (custom)
datanode_2  | 2019-11-09 03:15:33,489 INFO impl.RaftServerImpl: 33cdce29-62a2-4cb1-8e05-33df0e8557ee@group-0A707406F17E: ConfigurationManager, init=-1: [33cdce29-62a2-4cb1-8e05-33df0e8557ee:172.18.0.3:9858], old=null, confs=<EMPTY_MAP>
datanode_3  | 2019-11-09 03:15:32,136 INFO server.RaftServerConfigKeys: raft.server.log.appender.install.snapshot.enabled = false (custom)
nm_1        | 2019-11-09 03:15:26 INFO  ContainersMonitorImpl:196 - Neither virutal-memory nor physical-memory monitoring is needed. Not running the monitor-thread
rm_1        | maxAMResourcePerQueuePercent = 0.1 [= configuredMaximumAMResourcePercent ]
scm_1       | 2019-11-09 03:15:28,047 INFO http.HttpServer2: Added filter static_user_filter (class=org.apache.hadoop.http.lib.StaticUserWebFilter$StaticUserFilter) to context logs
om_1        | 2019-11-09 03:15:34,560 INFO ipc.CallQueueManager: Using callQueue: class java.util.concurrent.LinkedBlockingQueue, queueCapacity: 2000, scheduler: class org.apache.hadoop.ipc.DefaultRpcScheduler, ipcBackoff: false.
datanode_1  | 2019-11-09 03:15:32,977 INFO server.RaftServerConfigKeys: raft.server.log.segment.size.max = 1048576 (custom)
datanode_2  | 2019-11-09 03:15:33,489 INFO server.RaftServerConfigKeys: raft.server.storage.dir = [/data/metadata/ratis] (custom)
datanode_3  | 2019-11-09 03:15:32,141 INFO impl.RaftServerImpl: aa143869-b632-412e-b618-c3c139d18593@group-A3BD473A1E03: ConfigurationManager, init=-1: [aa143869-b632-412e-b618-c3c139d18593:172.18.0.7:9858], old=null, confs=<EMPTY_MAP>
nm_1        | 2019-11-09 03:15:26 INFO  ContainerManagerImpl:472 - ContainerManager started at nm/172.18.0.4:35950
rm_1        | minimumAllocationFactor = 0.875 [= (float)(maximumAllocationMemory - minimumAllocationMemory) / maximumAllocationMemory ]
scm_1       | 2019-11-09 03:15:28,074 INFO server.StorageContainerManager: StorageContainerLocationProtocol RPC server is listening at /0.0.0.0:9860
om_1        | 2019-11-09 03:15:34,574 INFO ipc.Server: Starting Socket Reader #1 for port 9862
datanode_1  | 2019-11-09 03:15:32,986 INFO metrics.MetricRegistries: Loaded MetricRegistries class org.apache.ratis.metrics.impl.MetricRegistriesImpl
datanode_2  | 2019-11-09 03:15:33,494 INFO server.RaftServerConfigKeys: raft.server.log.corruption.policy = EXCEPTION (default)
nm_1        | 2019-11-09 03:15:26 INFO  ContainerManagerImpl:473 - ContainerManager bound to 0.0.0.0/0.0.0.0:0
rm_1        | maximumAllocation = <memory:8192, vCores:32> [= configuredMaxAllocation ]
om_1        | 2019-11-09 03:15:34,629 INFO om.OzoneManager: OzoneManager RPC server is listening at om/172.18.0.6:9862
scm_1       | 2019-11-09 03:15:28,151 INFO impl.MetricsConfig: Loaded properties from hadoop-metrics2.properties
datanode_3  | 2019-11-09 03:15:32,142 INFO server.RaftServerConfigKeys: raft.server.storage.dir = [/data/metadata/ratis] (custom)
datanode_1  | 2019-11-09 03:15:32,990 WARN impl.MetricRegistriesImpl: First MetricRegistry has been created without registering reporters. You may need to call MetricRegistries.global().addReportRegistration(...) before.
datanode_2  | 2019-11-09 03:15:33,496 INFO storage.RaftStorageDirectory: The storage directory /data/metadata/ratis/463f9ab1-d146-4314-a933-0a707406f17e does not exist. Creating ...
nm_1        | 2019-11-09 03:15:26 INFO  WebServer:70 - Instantiating NMWebApp at 0.0.0.0:8042
rm_1        | numContainers = 0 [= currentNumContainers ]
om_1        | 2019-11-09 03:15:34,735 INFO impl.MetricsConfig: Loaded properties from hadoop-metrics2.properties
scm_1       | 2019-11-09 03:15:28,202 INFO impl.MetricsSystemImpl: Scheduled Metric snapshot period at 10 second(s).
datanode_3  | 2019-11-09 03:15:32,146 INFO server.RaftServerConfigKeys: raft.server.log.corruption.policy = EXCEPTION (default)
datanode_1  | 2019-11-09 03:15:32,996 INFO server.RaftServerConfigKeys: raft.server.log.segment.cache.num.max = 2 (custom)
datanode_2  | 2019-11-09 03:15:33,540 INFO storage.RaftStorageDirectory: Lock on /data/metadata/ratis/463f9ab1-d146-4314-a933-0a707406f17e/in_use.lock acquired by nodename 8@60f85baffe85
nm_1        | 2019-11-09 03:15:27 INFO  log:67 - Logging to org.slf4j.impl.Log4jLoggerAdapter(org.mortbay.log) via org.mortbay.log.Slf4jLog
rm_1        | state = RUNNING [= configuredState ]
scm_1       | 2019-11-09 03:15:28,202 INFO impl.MetricsSystemImpl: StorageContainerManager metrics system started
om_1        | 2019-11-09 03:15:34,792 INFO impl.MetricsSystemImpl: Scheduled Metric snapshot period at 10 second(s).
datanode_3  | 2019-11-09 03:15:32,147 INFO storage.RaftStorageDirectory: The storage directory /data/metadata/ratis/845459ee-6920-4b9a-82bd-a3bd473a1e03 does not exist. Creating ...
datanode_1  | 2019-11-09 03:15:33,002 INFO segmented.SegmentedRaftLogWorker: new be00aab7-d833-42c6-a70c-95fd1b711226@group-8E296DDDAA35-SegmentedRaftLogWorker for RaftStorage:Storage Directory /data/metadata/ratis/60b58db5-a0da-45b3-8354-8e296dddaa35
datanode_2  | 2019-11-09 03:15:33,579 INFO storage.RaftStorage: Storage directory /data/metadata/ratis/463f9ab1-d146-4314-a933-0a707406f17e has been successfully formatted.
nm_1        | 2019-11-09 03:15:27 INFO  AuthenticationFilter:283 - Unable to initialize FileSignerSecretProvider, falling back to use random secrets.
rm_1        | acls = SUBMIT_APP:*ADMINISTER_QUEUE:* [= configuredAcls ]
scm_1       | 2019-11-09 03:15:28,476 INFO server.SCMClientProtocolServer: RPC server for Client  is listening at /0.0.0.0:9860
om_1        | 2019-11-09 03:15:34,792 INFO impl.MetricsSystemImpl: OzoneManager metrics system started
datanode_3  | 2019-11-09 03:15:32,217 INFO storage.RaftStorageDirectory: Lock on /data/metadata/ratis/845459ee-6920-4b9a-82bd-a3bd473a1e03/in_use.lock acquired by nodename 7@e0872647262e
datanode_1  | 2019-11-09 03:15:33,002 INFO server.RaftServerConfigKeys: raft.server.log.queue.byte-limit = 2147483647 (custom)
nm_1        | 2019-11-09 03:15:27 INFO  HttpRequestLog:80 - Http request log for http.requests.nodemanager is not defined
datanode_2  | 2019-11-09 03:15:33,584 INFO ratis.ContainerStateMachine: group-0A707406F17E: The snapshot info is null. Setting the last applied indexto:(t:0, i:~)
rm_1        | nodeLocalityDelay = 40
scm_1       | 2019-11-09 03:15:28,476 INFO ipc.Server: IPC Server Responder: starting
om_1        | 2019-11-09 03:15:34,852 INFO ipc.Server: IPC Server Responder: starting
datanode_3  | 2019-11-09 03:15:32,270 INFO storage.RaftStorage: Storage directory /data/metadata/ratis/845459ee-6920-4b9a-82bd-a3bd473a1e03 has been successfully formatted.
datanode_1  | 2019-11-09 03:15:33,003 INFO server.RaftServerConfigKeys: raft.server.log.queue.element-limit = 1024 (custom)
nm_1        | 2019-11-09 03:15:27 INFO  HttpServer2:730 - Added global filter 'safety' (class=org.apache.hadoop.http.HttpServer2$QuotingInputFilter)
rm_1        | labels=*,
datanode_2  | 2019-11-09 03:15:33,584 INFO server.RaftServerConfigKeys: raft.server.notification.no-leader.timeout = 120s (custom)
scm_1       | 2019-11-09 03:15:28,476 INFO ipc.Server: IPC Server listener on 9860: starting
om_1        | 2019-11-09 03:15:34,854 INFO ipc.Server: IPC Server listener on 9862: starting
datanode_1  | 2019-11-09 03:15:33,004 INFO server.RaftServerConfigKeys: raft.server.log.segment.size.max = 1048576 (custom)
nm_1        | 2019-11-09 03:15:27 INFO  HttpServer2:705 - Added filter static_user_filter (class=org.apache.hadoop.http.lib.StaticUserWebFilter$StaticUserFilter) to context node
rm_1        | nodeLocalityDelay = 40
datanode_3  | 2019-11-09 03:15:32,275 INFO ratis.ContainerStateMachine: group-A3BD473A1E03: The snapshot info is null. Setting the last applied indexto:(t:0, i:~)
