datanode_1  |    2 11/01/19 00:22:22 HTTP/dc19e0d39be5@EXAMPLE.COM
om_1        | Keytab name: FILE:/etc/security/keytabs/HTTP.keytab
jhs         | 
kdc_1       | Entry for principal om/scm@EXAMPLE.COM with kvno 2, encryption type aes128-cts-hmac-sha1-96 added to keytab WRFILE:/data/om.scm.keytab.
datanode_2  |    2 11/01/19 00:22:22 HTTP/774955fff6c8@EXAMPLE.COM
kms_1       | KVNO Timestamp         Principal
rm_1        | Saving to: '/etc/security/keytabs/testuser.keytab'
datanode_3  | Keytab name: FILE:/etc/security/keytabs/HTTP.keytab
nm_1        |    2 11/01/19 00:22:19 HTTP/nm@EXAMPLE.COM
s3g_1       | Resolving kdc (kdc)... 172.18.0.8
scm_1       | Keytab name: FILE:/etc/security/keytabs/HTTP.keytab
datanode_1  |    2 11/01/19 00:22:22 HTTP/dc19e0d39be5@EXAMPLE.COM
om_1        | KVNO Timestamp         Principal
jhs         | Keytab name: FILE:/etc/security/keytabs/HTTP.keytab
kdc_1       | Generiting keytab
datanode_2  |    2 11/01/19 00:22:22 HTTP/774955fff6c8@EXAMPLE.COM
kms_1       | ---- ----------------- --------------------------------------------------------
rm_1        | 
datanode_3  | KVNO Timestamp         Principal
nm_1        | Download testuser/nm@EXAMPLE.COM keytab file to /etc/security/keytabs/testuser.keytab
s3g_1       | Connecting to kdc (kdc)|172.18.0.8|:8081... connected.
scm_1       | KVNO Timestamp         Principal
datanode_1  | Download testuser/dc19e0d39be5@EXAMPLE.COM keytab file to /etc/security/keytabs/testuser.keytab
om_1        | ---- ----------------- --------------------------------------------------------
jhs         | KVNO Timestamp         Principal
kdc_1       | Authenticating as principal admin/admin with keytab /tmp/admin.keytab.
datanode_2  | Download testuser/774955fff6c8@EXAMPLE.COM keytab file to /etc/security/keytabs/testuser.keytab
kms_1       |    2 11/01/19 00:22:21 HTTP/b66c4bb77641@EXAMPLE.COM
rm_1        |      0K                                                       100% 20.8M=0s
datanode_3  | ---- ----------------- --------------------------------------------------------
nm_1        | --2019-11-01 00:22:19--  http://kdc:8081/keytab/nm/testuser
s3g_1       | HTTP request sent, awaiting response... 200 OK
scm_1       | ---- ----------------- --------------------------------------------------------
datanode_1  | --2019-11-01 00:22:22--  http://kdc:8081/keytab/dc19e0d39be5/testuser
om_1        |    2 11/01/19 00:22:17 HTTP/om@EXAMPLE.COM
jhs         | ---- ----------------- --------------------------------------------------------
kdc_1       | WARNING: no policy specified for dn/e105259bd859@EXAMPLE.COM; defaulting to no policy
datanode_2  | --2019-11-01 00:22:22--  http://kdc:8081/keytab/774955fff6c8/testuser
kms_1       |    2 11/01/19 00:22:21 HTTP/b66c4bb77641@EXAMPLE.COM
rm_1        | 
datanode_3  |    2 11/01/19 00:22:18 HTTP/e105259bd859@EXAMPLE.COM
nm_1        | Resolving kdc (kdc)... 172.18.0.8
s3g_1       | Length: 152 [application/octet-stream]
scm_1       |    2 11/01/19 00:22:17 HTTP/scm@EXAMPLE.COM
datanode_1  | Resolving kdc (kdc)... 172.18.0.8
om_1        |    2 11/01/19 00:22:17 HTTP/om@EXAMPLE.COM
kdc_1       | Principal "dn/e105259bd859@EXAMPLE.COM" created.
jhs         |    2 11/01/19 00:22:17 HTTP/jhs@EXAMPLE.COM
datanode_2  | Resolving kdc (kdc)... 172.18.0.8
kms_1       | Download testuser/b66c4bb77641@EXAMPLE.COM keytab file to /etc/security/keytabs/testuser.keytab
datanode_3  |    2 11/01/19 00:22:18 HTTP/e105259bd859@EXAMPLE.COM
rm_1        | 2019-11-01 00:22:23 (20.8 MB/s) - '/etc/security/keytabs/testuser.keytab' saved [150/150]
nm_1        | Connecting to kdc (kdc)|172.18.0.8|:8081... connected.
s3g_1       | Saving to: '/etc/security/keytabs/testuser.keytab'
scm_1       |    2 11/01/19 00:22:17 HTTP/scm@EXAMPLE.COM
datanode_1  | Connecting to kdc (kdc)|172.18.0.8|:8081... connected.
om_1        | Download testuser/om@EXAMPLE.COM keytab file to /etc/security/keytabs/testuser.keytab
kdc_1       | Authenticating as principal admin/admin with keytab /tmp/admin.keytab.
jhs         |    2 11/01/19 00:22:17 HTTP/jhs@EXAMPLE.COM
datanode_2  | Connecting to kdc (kdc)|172.18.0.8|:8081... connected.
kms_1       | --2019-11-01 00:22:21--  http://kdc:8081/keytab/b66c4bb77641/testuser
datanode_3  | Download testuser/e105259bd859@EXAMPLE.COM keytab file to /etc/security/keytabs/testuser.keytab
rm_1        | 
s3g_1       | 
scm_1       | Download testuser/scm@EXAMPLE.COM keytab file to /etc/security/keytabs/testuser.keytab
om_1        | --2019-11-01 00:22:17--  http://kdc:8081/keytab/om/testuser
datanode_1  | HTTP request sent, awaiting response... 200 OK
nm_1        | HTTP request sent, awaiting response... 200 OK
kdc_1       | Entry for principal dn/e105259bd859@EXAMPLE.COM with kvno 2, encryption type aes256-cts-hmac-sha1-96 added to keytab WRFILE:/data/dn.e105259bd859.keytab.
jhs         | Download testuser/jhs@EXAMPLE.COM keytab file to /etc/security/keytabs/testuser.keytab
datanode_2  | HTTP request sent, awaiting response... 200 OK
kms_1       | Resolving kdc (kdc)... 172.18.0.8
datanode_3  | --2019-11-01 00:22:18--  http://kdc:8081/keytab/e105259bd859/testuser
rm_1        | Keytab name: FILE:/etc/security/keytabs/testuser.keytab
s3g_1       |      0K                                                       100% 13.6M=0s
om_1        | Resolving kdc (kdc)... 172.18.0.8
scm_1       | --2019-11-01 00:22:17--  http://kdc:8081/keytab/scm/testuser
datanode_1  | Length: 170 [application/octet-stream]
nm_1        | Length: 150 [application/octet-stream]
jhs         | --2019-11-01 00:22:17--  http://kdc:8081/keytab/jhs/testuser
kdc_1       | Entry for principal dn/e105259bd859@EXAMPLE.COM with kvno 2, encryption type aes128-cts-hmac-sha1-96 added to keytab WRFILE:/data/dn.e105259bd859.keytab.
datanode_2  | Length: 170 [application/octet-stream]
kms_1       | Connecting to kdc (kdc)|172.18.0.8|:8081... connected.
datanode_3  | Resolving kdc (kdc)... 172.18.0.8
rm_1        | KVNO Timestamp         Principal
s3g_1       | 
om_1        | Connecting to kdc (kdc)|172.18.0.8|:8081... connected.
scm_1       | Resolving kdc (kdc)... 172.18.0.8
datanode_1  | Saving to: '/etc/security/keytabs/testuser.keytab'
jhs         | Resolving kdc (kdc)... 172.18.0.8
nm_1        | Saving to: '/etc/security/keytabs/testuser.keytab'
kdc_1       | Generiting keytab
datanode_2  | Saving to: '/etc/security/keytabs/testuser.keytab'
kms_1       | HTTP request sent, awaiting response... 200 OK
datanode_3  | Connecting to kdc (kdc)|172.18.0.8|:8081... connected.
rm_1        | ---- ----------------- --------------------------------------------------------
s3g_1       | 2019-11-01 00:22:24 (13.6 MB/s) - '/etc/security/keytabs/testuser.keytab' saved [152/152]
om_1        | HTTP request sent, awaiting response... 200 OK
scm_1       | Connecting to kdc (kdc)|172.18.0.8|:8081... connected.
datanode_1  | 
kdc_1       | Authenticating as principal admin/admin with keytab /tmp/admin.keytab.
datanode_2  | 
nm_1        | 
datanode_3  | HTTP request sent, awaiting response... 200 OK
rm_1        |    2 11/01/19 00:22:23 testuser/rm@EXAMPLE.COM
s3g_1       | 
om_1        | Length: 150 [application/octet-stream]
kms_1       | Length: 170 [application/octet-stream]
datanode_1  |      0K                                                       100% 9.51M=0s
scm_1       | HTTP request sent, awaiting response... 200 OK
kdc_1       | WARNING: no policy specified for om/jhs@EXAMPLE.COM; defaulting to no policy
datanode_2  |      0K                                                       100% 18.0M=0s
jhs         | Connecting to kdc (kdc)|172.18.0.8|:8081... connected.
nm_1        |      0K                                                       100% 22.1M=0s
datanode_3  | Length: 170 [application/octet-stream]
rm_1        |    2 11/01/19 00:22:23 testuser/rm@EXAMPLE.COM
s3g_1       | Keytab name: FILE:/etc/security/keytabs/testuser.keytab
om_1        | Saving to: '/etc/security/keytabs/testuser.keytab'
kms_1       | Saving to: '/etc/security/keytabs/testuser.keytab'
datanode_1  | 
scm_1       | Length: 152 [application/octet-stream]
kdc_1       | Principal "om/jhs@EXAMPLE.COM" created.
datanode_2  | 
jhs         | HTTP request sent, awaiting response... 200 OK
nm_1        | 
rm_1        | Download s3g/rm@EXAMPLE.COM keytab file to /etc/security/keytabs/s3g.keytab
datanode_3  | Saving to: '/etc/security/keytabs/testuser.keytab'
s3g_1       | KVNO Timestamp         Principal
om_1        | 
kms_1       | 
datanode_1  | 2019-11-01 00:22:23 (9.51 MB/s) - '/etc/security/keytabs/testuser.keytab' saved [170/170]
kdc_1       | Authenticating as principal admin/admin with keytab /tmp/admin.keytab.
scm_1       | Saving to: '/etc/security/keytabs/testuser.keytab'
datanode_2  | 2019-11-01 00:22:23 (18.0 MB/s) - '/etc/security/keytabs/testuser.keytab' saved [170/170]
jhs         | Length: 152 [application/octet-stream]
nm_1        | 2019-11-01 00:22:20 (22.1 MB/s) - '/etc/security/keytabs/testuser.keytab' saved [150/150]
rm_1        | --2019-11-01 00:22:23--  http://kdc:8081/keytab/rm/s3g
datanode_3  | 
s3g_1       | ---- ----------------- --------------------------------------------------------
om_1        |      0K                                                       100% 11.3M=0s
kms_1       |      0K                                                       100% 19.0M=0s
datanode_1  | 
scm_1       | 
datanode_2  | 
jhs         | Saving to: '/etc/security/keytabs/testuser.keytab'
kdc_1       | Entry for principal om/jhs@EXAMPLE.COM with kvno 2, encryption type aes256-cts-hmac-sha1-96 added to keytab WRFILE:/data/om.jhs.keytab.
nm_1        | 
rm_1        | Resolving kdc (kdc)... 172.18.0.8
datanode_3  |      0K                                                       100% 14.8M=0s
s3g_1       |    2 11/01/19 00:22:23 testuser/s3g@EXAMPLE.COM
om_1        | 
kms_1       | 
datanode_1  | Keytab name: FILE:/etc/security/keytabs/testuser.keytab
scm_1       |      0K                                                       100% 20.7M=0s
datanode_2  | Keytab name: FILE:/etc/security/keytabs/testuser.keytab
jhs         | 
kdc_1       | Entry for principal om/jhs@EXAMPLE.COM with kvno 2, encryption type aes128-cts-hmac-sha1-96 added to keytab WRFILE:/data/om.jhs.keytab.
nm_1        | Keytab name: FILE:/etc/security/keytabs/testuser.keytab
rm_1        | Connecting to kdc (kdc)|172.18.0.8|:8081... connected.
datanode_3  | 
s3g_1       |    2 11/01/19 00:22:24 testuser/s3g@EXAMPLE.COM
om_1        | 2019-11-01 00:22:18 (11.3 MB/s) - '/etc/security/keytabs/testuser.keytab' saved [150/150]
datanode_1  | KVNO Timestamp         Principal
kms_1       | 2019-11-01 00:22:23 (19.0 MB/s) - '/etc/security/keytabs/testuser.keytab' saved [170/170]
scm_1       | 
datanode_2  | KVNO Timestamp         Principal
jhs         |      0K                                                       100% 14.2M=0s
kdc_1       | Generiting keytab
nm_1        | KVNO Timestamp         Principal
rm_1        | HTTP request sent, awaiting response... 200 OK
datanode_3  | 2019-11-01 00:22:19 (14.8 MB/s) - '/etc/security/keytabs/testuser.keytab' saved [170/170]
s3g_1       | Download s3g/s3g@EXAMPLE.COM keytab file to /etc/security/keytabs/s3g.keytab
datanode_1  | ---- ----------------- --------------------------------------------------------
om_1        | 
kms_1       | 
scm_1       | 2019-11-01 00:22:18 (20.7 MB/s) - '/etc/security/keytabs/testuser.keytab' saved [152/152]
datanode_2  | ---- ----------------- --------------------------------------------------------
jhs         | 
kdc_1       | Authenticating as principal admin/admin with keytab /tmp/admin.keytab.
nm_1        | ---- ----------------- --------------------------------------------------------
rm_1        | Length: 140 [application/octet-stream]
datanode_3  | 
s3g_1       | --2019-11-01 00:22:24--  http://kdc:8081/keytab/s3g/s3g
datanode_1  |    2 11/01/19 00:22:23 testuser/dc19e0d39be5@EXAMPLE.COM
om_1        | Keytab name: FILE:/etc/security/keytabs/testuser.keytab
kms_1       | Keytab name: FILE:/etc/security/keytabs/testuser.keytab
scm_1       | 
datanode_2  |    2 11/01/19 00:22:23 testuser/774955fff6c8@EXAMPLE.COM
jhs         | 2019-11-01 00:22:18 (14.2 MB/s) - '/etc/security/keytabs/testuser.keytab' saved [152/152]
kdc_1       | WARNING: no policy specified for dn/nm@EXAMPLE.COM; defaulting to no policy
nm_1        |    2 11/01/19 00:22:20 testuser/nm@EXAMPLE.COM
rm_1        | Saving to: '/etc/security/keytabs/s3g.keytab'
datanode_3  | Keytab name: FILE:/etc/security/keytabs/testuser.keytab
s3g_1       | Resolving kdc (kdc)... 172.18.0.8
datanode_1  |    2 11/01/19 00:22:23 testuser/dc19e0d39be5@EXAMPLE.COM
om_1        | KVNO Timestamp         Principal
kms_1       | KVNO Timestamp         Principal
scm_1       | Keytab name: FILE:/etc/security/keytabs/testuser.keytab
datanode_2  |    2 11/01/19 00:22:23 testuser/774955fff6c8@EXAMPLE.COM
jhs         | 
kdc_1       | Principal "dn/nm@EXAMPLE.COM" created.
nm_1        |    2 11/01/19 00:22:20 testuser/nm@EXAMPLE.COM
rm_1        | 
datanode_3  | KVNO Timestamp         Principal
datanode_1  | Download s3g/dc19e0d39be5@EXAMPLE.COM keytab file to /etc/security/keytabs/s3g.keytab
om_1        | ---- ----------------- --------------------------------------------------------
s3g_1       | Connecting to kdc (kdc)|172.18.0.8|:8081... connected.
kms_1       | ---- ----------------- --------------------------------------------------------
scm_1       | KVNO Timestamp         Principal
datanode_2  | Download s3g/774955fff6c8@EXAMPLE.COM keytab file to /etc/security/keytabs/s3g.keytab
jhs         | Keytab name: FILE:/etc/security/keytabs/testuser.keytab
kdc_1       | Authenticating as principal admin/admin with keytab /tmp/admin.keytab.
nm_1        | Download s3g/nm@EXAMPLE.COM keytab file to /etc/security/keytabs/s3g.keytab
rm_1        |      0K                                                       100% 12.4M=0s
datanode_3  | ---- ----------------- --------------------------------------------------------
datanode_1  | --2019-11-01 00:22:23--  http://kdc:8081/keytab/dc19e0d39be5/s3g
om_1        |    2 11/01/19 00:22:18 testuser/om@EXAMPLE.COM
s3g_1       | HTTP request sent, awaiting response... 200 OK
kms_1       |    2 11/01/19 00:22:23 testuser/b66c4bb77641@EXAMPLE.COM
scm_1       | ---- ----------------- --------------------------------------------------------
datanode_2  | --2019-11-01 00:22:23--  http://kdc:8081/keytab/774955fff6c8/s3g
jhs         | KVNO Timestamp         Principal
kdc_1       | Entry for principal dn/nm@EXAMPLE.COM with kvno 2, encryption type aes256-cts-hmac-sha1-96 added to keytab WRFILE:/data/dn.nm.keytab.
nm_1        | --2019-11-01 00:22:20--  http://kdc:8081/keytab/nm/s3g
rm_1        | 
datanode_3  |    2 11/01/19 00:22:19 testuser/e105259bd859@EXAMPLE.COM
datanode_1  | Resolving kdc (kdc)... 172.18.0.8
om_1        |    2 11/01/19 00:22:18 testuser/om@EXAMPLE.COM
s3g_1       | Length: 142 [application/octet-stream]
kms_1       |    2 11/01/19 00:22:23 testuser/b66c4bb77641@EXAMPLE.COM
scm_1       |    2 11/01/19 00:22:18 testuser/scm@EXAMPLE.COM
datanode_2  | Resolving kdc (kdc)... 172.18.0.8
jhs         | ---- ----------------- --------------------------------------------------------
kdc_1       | Entry for principal dn/nm@EXAMPLE.COM with kvno 2, encryption type aes128-cts-hmac-sha1-96 added to keytab WRFILE:/data/dn.nm.keytab.
nm_1        | Resolving kdc (kdc)... 172.18.0.8
rm_1        | 2019-11-01 00:22:24 (12.4 MB/s) - '/etc/security/keytabs/s3g.keytab' saved [140/140]
datanode_3  |    2 11/01/19 00:22:19 testuser/e105259bd859@EXAMPLE.COM
datanode_1  | Connecting to kdc (kdc)|172.18.0.8|:8081... connected.
datanode_1  | HTTP request sent, awaiting response... 200 OK
s3g_1       | Saving to: '/etc/security/keytabs/s3g.keytab'
scm_1       |    2 11/01/19 00:22:18 testuser/scm@EXAMPLE.COM
kms_1       | Download s3g/b66c4bb77641@EXAMPLE.COM keytab file to /etc/security/keytabs/s3g.keytab
datanode_2  | Connecting to kdc (kdc)|172.18.0.8|:8081... connected.
jhs         |    2 11/01/19 00:22:18 testuser/jhs@EXAMPLE.COM
kdc_1       | Generiting keytab
nm_1        | Connecting to kdc (kdc)|172.18.0.8|:8081... connected.
rm_1        | 
datanode_3  | Download s3g/e105259bd859@EXAMPLE.COM keytab file to /etc/security/keytabs/s3g.keytab
datanode_1  | Length: 160 [application/octet-stream]
om_1        | Download s3g/om@EXAMPLE.COM keytab file to /etc/security/keytabs/s3g.keytab
s3g_1       | 
scm_1       | Download s3g/scm@EXAMPLE.COM keytab file to /etc/security/keytabs/s3g.keytab
kms_1       | --2019-11-01 00:22:23--  http://kdc:8081/keytab/b66c4bb77641/s3g
datanode_2  | HTTP request sent, awaiting response... 200 OK
jhs         |    2 11/01/19 00:22:18 testuser/jhs@EXAMPLE.COM
kdc_1       | Authenticating as principal admin/admin with keytab /tmp/admin.keytab.
nm_1        | HTTP request sent, awaiting response... 200 OK
rm_1        | Keytab name: FILE:/etc/security/keytabs/s3g.keytab
datanode_3  | --2019-11-01 00:22:19--  http://kdc:8081/keytab/e105259bd859/s3g
datanode_1  | Saving to: '/etc/security/keytabs/s3g.keytab'
om_1        | --2019-11-01 00:22:18--  http://kdc:8081/keytab/om/s3g
s3g_1       |      0K                                                       100% 12.1M=0s
scm_1       | --2019-11-01 00:22:18--  http://kdc:8081/keytab/scm/s3g
kms_1       | Resolving kdc (kdc)... 172.18.0.8
datanode_2  | Length: 160 [application/octet-stream]
jhs         | Download s3g/jhs@EXAMPLE.COM keytab file to /etc/security/keytabs/s3g.keytab
kdc_1       | WARNING: no policy specified for scm/om@EXAMPLE.COM; defaulting to no policy
nm_1        | Length: 140 [application/octet-stream]
rm_1        | KVNO Timestamp         Principal
datanode_3  | Resolving kdc (kdc)... 172.18.0.8
datanode_1  | 
om_1        | Resolving kdc (kdc)... 172.18.0.8
s3g_1       | 
scm_1       | Resolving kdc (kdc)... 172.18.0.8
kms_1       | Connecting to kdc (kdc)|172.18.0.8|:8081... connected.
datanode_2  | Saving to: '/etc/security/keytabs/s3g.keytab'
jhs         | --2019-11-01 00:22:18--  http://kdc:8081/keytab/jhs/s3g
kdc_1       | Principal "scm/om@EXAMPLE.COM" created.
nm_1        | Saving to: '/etc/security/keytabs/s3g.keytab'
rm_1        | ---- ----------------- --------------------------------------------------------
datanode_3  | Connecting to kdc (kdc)|172.18.0.8|:8081... connected.
datanode_1  |      0K                                                       100% 22.0M=0s
s3g_1       | 2019-11-01 00:22:25 (12.1 MB/s) - '/etc/security/keytabs/s3g.keytab' saved [142/142]
om_1        | Connecting to kdc (kdc)|172.18.0.8|:8081... connected.
scm_1       | Connecting to kdc (kdc)|172.18.0.8|:8081... connected.
kms_1       | HTTP request sent, awaiting response... 200 OK
jhs         | Resolving kdc (kdc)... 172.18.0.8
datanode_2  | 
kdc_1       | Authenticating as principal admin/admin with keytab /tmp/admin.keytab.
nm_1        | 
rm_1        |    2 11/01/19 00:22:24 s3g/rm@EXAMPLE.COM
datanode_3  | HTTP request sent, awaiting response... 200 OK
s3g_1       | 
om_1        | HTTP request sent, awaiting response... 200 OK
scm_1       | HTTP request sent, awaiting response... 200 OK
datanode_1  | 
kms_1       | Length: 160 [application/octet-stream]
jhs         | Connecting to kdc (kdc)|172.18.0.8|:8081... connected.
datanode_2  |      0K                                                       100% 18.6M=0s
kdc_1       | Entry for principal scm/om@EXAMPLE.COM with kvno 2, encryption type aes256-cts-hmac-sha1-96 added to keytab WRFILE:/data/scm.om.keytab.
nm_1        |      0K                                                       100% 12.1M=0s
rm_1        |    2 11/01/19 00:22:24 s3g/rm@EXAMPLE.COM
datanode_3  | Length: 160 [application/octet-stream]
s3g_1       | Keytab name: FILE:/etc/security/keytabs/s3g.keytab
om_1        | Length: 140 [application/octet-stream]
scm_1       | Length: 142 [application/octet-stream]
datanode_1  | 2019-11-01 00:22:25 (22.0 MB/s) - '/etc/security/keytabs/s3g.keytab' saved [160/160]
kms_1       | Saving to: '/etc/security/keytabs/s3g.keytab'
jhs         | HTTP request sent, awaiting response... 200 OK
datanode_2  | 
kdc_1       | Entry for principal scm/om@EXAMPLE.COM with kvno 2, encryption type aes128-cts-hmac-sha1-96 added to keytab WRFILE:/data/scm.om.keytab.
nm_1        | 
rm_1        | Download rm/rm@EXAMPLE.COM keytab file to /etc/security/keytabs/rm.keytab
datanode_3  | Saving to: '/etc/security/keytabs/s3g.keytab'
s3g_1       | KVNO Timestamp         Principal
om_1        | Saving to: '/etc/security/keytabs/s3g.keytab'
scm_1       | Saving to: '/etc/security/keytabs/s3g.keytab'
kms_1       | 
datanode_1  | 
jhs         | Length: 142 [application/octet-stream]
datanode_2  | 2019-11-01 00:22:24 (18.6 MB/s) - '/etc/security/keytabs/s3g.keytab' saved [160/160]
kdc_1       | Generiting keytab
nm_1        | 2019-11-01 00:22:21 (12.1 MB/s) - '/etc/security/keytabs/s3g.keytab' saved [140/140]
rm_1        | --2019-11-01 00:22:24--  http://kdc:8081/keytab/rm/rm
datanode_3  | 
s3g_1       | ---- ----------------- --------------------------------------------------------
om_1        | 
scm_1       | 
kms_1       |      0K                                                       100% 15.0M=0s
datanode_1  | Keytab name: FILE:/etc/security/keytabs/s3g.keytab
jhs         | Saving to: '/etc/security/keytabs/s3g.keytab'
datanode_2  | 
kdc_1       | Authenticating as principal admin/admin with keytab /tmp/admin.keytab.
nm_1        | 
rm_1        | Resolving kdc (kdc)... 172.18.0.8
datanode_3  |      0K                                                       100% 20.5M=0s
s3g_1       |    2 11/01/19 00:22:25 s3g/s3g@EXAMPLE.COM
om_1        |      0K                                                       100% 13.5M=0s
scm_1       |      0K                                                       100% 15.0M=0s
kms_1       | 
datanode_1  | KVNO Timestamp         Principal
jhs         | 
datanode_2  | Keytab name: FILE:/etc/security/keytabs/s3g.keytab
kdc_1       | WARNING: no policy specified for scm/scm@EXAMPLE.COM; defaulting to no policy
nm_1        | Keytab name: FILE:/etc/security/keytabs/s3g.keytab
rm_1        | Connecting to kdc (kdc)|172.18.0.8|:8081... connected.
datanode_3  | 
s3g_1       |    2 11/01/19 00:22:25 s3g/s3g@EXAMPLE.COM
scm_1       | 
kms_1       | 2019-11-01 00:22:24 (15.0 MB/s) - '/etc/security/keytabs/s3g.keytab' saved [160/160]
datanode_1  | ---- ----------------- --------------------------------------------------------
jhs         |      0K                                                       100% 9.34M=0s
om_1        | 
datanode_2  | KVNO Timestamp         Principal
kdc_1       | Principal "scm/scm@EXAMPLE.COM" created.
nm_1        | KVNO Timestamp         Principal
rm_1        | HTTP request sent, awaiting response... 200 OK
datanode_3  | 2019-11-01 00:22:20 (20.5 MB/s) - '/etc/security/keytabs/s3g.keytab' saved [160/160]
s3g_1       | Download rm/s3g@EXAMPLE.COM keytab file to /etc/security/keytabs/rm.keytab
scm_1       | 2019-11-01 00:22:19 (15.0 MB/s) - '/etc/security/keytabs/s3g.keytab' saved [142/142]
kms_1       | 
datanode_1  |    2 11/01/19 00:22:25 s3g/dc19e0d39be5@EXAMPLE.COM
jhs         | 
om_1        | 2019-11-01 00:22:19 (13.5 MB/s) - '/etc/security/keytabs/s3g.keytab' saved [140/140]
datanode_2  | ---- ----------------- --------------------------------------------------------
kdc_1       | Authenticating as principal admin/admin with keytab /tmp/admin.keytab.
nm_1        | ---- ----------------- --------------------------------------------------------
rm_1        | Length: 138 [application/octet-stream]
datanode_3  | 
s3g_1       | --2019-11-01 00:22:25--  http://kdc:8081/keytab/s3g/rm
scm_1       | 
kms_1       | Keytab name: FILE:/etc/security/keytabs/s3g.keytab
datanode_1  |    2 11/01/19 00:22:25 s3g/dc19e0d39be5@EXAMPLE.COM
jhs         | 2019-11-01 00:22:19 (9.34 MB/s) - '/etc/security/keytabs/s3g.keytab' saved [142/142]
om_1        | 
datanode_2  |    2 11/01/19 00:22:24 s3g/774955fff6c8@EXAMPLE.COM
kdc_1       | Nov 01 00:22:15 kdc kadmind[15](Notice): Request: kadm5_create_principal, dn/om@EXAMPLE.COM, success, client=admin/admin@EXAMPLE.COM, service=kadmin/admin@EXAMPLE.COM, addr=127.0.0.1
nm_1        |    2 11/01/19 00:22:21 s3g/nm@EXAMPLE.COM
datanode_3  | Keytab name: FILE:/etc/security/keytabs/s3g.keytab
s3g_1       | Resolving kdc (kdc)... 172.18.0.8
kms_1       | KVNO Timestamp         Principal
scm_1       | Keytab name: FILE:/etc/security/keytabs/s3g.keytab
rm_1        | Saving to: '/etc/security/keytabs/rm.keytab'
datanode_1  | Download rm/dc19e0d39be5@EXAMPLE.COM keytab file to /etc/security/keytabs/rm.keytab
jhs         | 
om_1        | Keytab name: FILE:/etc/security/keytabs/s3g.keytab
datanode_2  |    2 11/01/19 00:22:24 s3g/774955fff6c8@EXAMPLE.COM
kdc_1       | Nov 01 00:22:15 kdc kadmind[15](info): closing down fd 18
nm_1        |    2 11/01/19 00:22:21 s3g/nm@EXAMPLE.COM
datanode_3  | KVNO Timestamp         Principal
s3g_1       | Connecting to kdc (kdc)|172.18.0.8|:8081... connected.
kms_1       | ---- ----------------- --------------------------------------------------------
scm_1       | KVNO Timestamp         Principal
rm_1        | 
datanode_1  | --2019-11-01 00:22:25--  http://kdc:8081/keytab/dc19e0d39be5/rm
jhs         | Keytab name: FILE:/etc/security/keytabs/s3g.keytab
datanode_2  | Download rm/774955fff6c8@EXAMPLE.COM keytab file to /etc/security/keytabs/rm.keytab
om_1        | KVNO Timestamp         Principal
kdc_1       | Nov 01 00:22:15 kdc kadmind[15](Notice): Request: kadm5_init, admin/admin@EXAMPLE.COM, success, client=admin/admin@EXAMPLE.COM, service=kadmin/admin@EXAMPLE.COM, addr=127.0.0.1, vers=4, flavor=6
nm_1        | Download rm/nm@EXAMPLE.COM keytab file to /etc/security/keytabs/rm.keytab
datanode_3  | ---- ----------------- --------------------------------------------------------
s3g_1       | HTTP request sent, awaiting response... 200 OK
kms_1       |    2 11/01/19 00:22:24 s3g/b66c4bb77641@EXAMPLE.COM
scm_1       | ---- ----------------- --------------------------------------------------------
datanode_1  | Resolving kdc (kdc)... 172.18.0.8
rm_1        |      0K                                                       100% 14.8M=0s
jhs         | KVNO Timestamp         Principal
datanode_2  | --2019-11-01 00:22:24--  http://kdc:8081/keytab/774955fff6c8/rm
om_1        | ---- ----------------- --------------------------------------------------------
kdc_1       | Nov 01 00:22:15 kdc kadmind[15](Notice): Request: kadm5_randkey_principal, dn/om@EXAMPLE.COM, success, client=admin/admin@EXAMPLE.COM, service=kadmin/admin@EXAMPLE.COM, addr=127.0.0.1
nm_1        | --2019-11-01 00:22:21--  http://kdc:8081/keytab/nm/rm
datanode_3  |    2 11/01/19 00:22:20 s3g/e105259bd859@EXAMPLE.COM
s3g_1       | Length: 140 [application/octet-stream]
kms_1       |    2 11/01/19 00:22:24 s3g/b66c4bb77641@EXAMPLE.COM
datanode_1  | Connecting to kdc (kdc)|172.18.0.8|:8081... connected.
rm_1        | 
scm_1       |    2 11/01/19 00:22:19 s3g/scm@EXAMPLE.COM
jhs         | ---- ----------------- --------------------------------------------------------
datanode_2  | Resolving kdc (kdc)... 172.18.0.8
om_1        |    2 11/01/19 00:22:19 s3g/om@EXAMPLE.COM
kdc_1       | Nov 01 00:22:15 kdc kadmind[15](Notice): Request: kadm5_get_principal, dn/om@EXAMPLE.COM, success, client=admin/admin@EXAMPLE.COM, service=kadmin/admin@EXAMPLE.COM, addr=127.0.0.1
nm_1        | Resolving kdc (kdc)... 172.18.0.8
datanode_3  |    2 11/01/19 00:22:20 s3g/e105259bd859@EXAMPLE.COM
s3g_1       | Saving to: '/etc/security/keytabs/rm.keytab'
kms_1       | Download rm/b66c4bb77641@EXAMPLE.COM keytab file to /etc/security/keytabs/rm.keytab
datanode_1  | HTTP request sent, awaiting response... 200 OK
rm_1        | 2019-11-01 00:22:25 (14.8 MB/s) - '/etc/security/keytabs/rm.keytab' saved [138/138]
datanode_1  | Length: 158 [application/octet-stream]
jhs         |    2 11/01/19 00:22:19 s3g/jhs@EXAMPLE.COM
datanode_2  | Connecting to kdc (kdc)|172.18.0.8|:8081... connected.
om_1        |    2 11/01/19 00:22:19 s3g/om@EXAMPLE.COM
nm_1        | Connecting to kdc (kdc)|172.18.0.8|:8081... connected.
datanode_3  | Download rm/e105259bd859@EXAMPLE.COM keytab file to /etc/security/keytabs/rm.keytab
kdc_1       | Nov 01 00:22:15 kdc kadmind[15](info): closing down fd 18
s3g_1       | 
kms_1       | --2019-11-01 00:22:24--  http://kdc:8081/keytab/b66c4bb77641/rm
scm_1       |    2 11/01/19 00:22:19 s3g/scm@EXAMPLE.COM
rm_1        | 
datanode_1  | Saving to: '/etc/security/keytabs/rm.keytab'
jhs         |    2 11/01/19 00:22:19 s3g/jhs@EXAMPLE.COM
datanode_2  | HTTP request sent, awaiting response... 200 OK
om_1        | Download rm/om@EXAMPLE.COM keytab file to /etc/security/keytabs/rm.keytab
nm_1        | HTTP request sent, awaiting response... 200 OK
datanode_3  | --2019-11-01 00:22:20--  http://kdc:8081/keytab/e105259bd859/rm
kdc_1       | Nov 01 00:22:16 kdc kadmind[15](Notice): Request: kadm5_init, admin/admin@EXAMPLE.COM, success, client=admin/admin@EXAMPLE.COM, service=kadmin/admin@EXAMPLE.COM, addr=127.0.0.1, vers=4, flavor=6
s3g_1       |      0K                                                       100% 18.4M=0s
kms_1       | Resolving kdc (kdc)... 172.18.0.8
rm_1        | Keytab name: FILE:/etc/security/keytabs/rm.keytab
datanode_1  | 
scm_1       | Download rm/scm@EXAMPLE.COM keytab file to /etc/security/keytabs/rm.keytab
jhs         | Download rm/jhs@EXAMPLE.COM keytab file to /etc/security/keytabs/rm.keytab
datanode_2  | Length: 158 [application/octet-stream]
om_1        | --2019-11-01 00:22:19--  http://kdc:8081/keytab/om/rm
nm_1        | Length: 138 [application/octet-stream]
datanode_3  | Resolving kdc (kdc)... 172.18.0.8
kdc_1       | Nov 01 00:22:16 kdc kadmind[15](Notice): Request: kadm5_get_policy, default, Policy does not exist, client=admin/admin@EXAMPLE.COM, service=kadmin/admin@EXAMPLE.COM, addr=127.0.0.1
s3g_1       | 
kms_1       | Connecting to kdc (kdc)|172.18.0.8|:8081... connected.
rm_1        | KVNO Timestamp         Principal
datanode_1  |      0K                                                       100% 15.6M=0s
scm_1       | --2019-11-01 00:22:19--  http://kdc:8081/keytab/scm/rm
jhs         | --2019-11-01 00:22:19--  http://kdc:8081/keytab/jhs/rm
datanode_2  | Saving to: '/etc/security/keytabs/rm.keytab'
om_1        | Resolving kdc (kdc)... 172.18.0.8
nm_1        | Saving to: '/etc/security/keytabs/rm.keytab'
datanode_3  | Connecting to kdc (kdc)|172.18.0.8|:8081... connected.
s3g_1       | 2019-11-01 00:22:26 (18.4 MB/s) - '/etc/security/keytabs/rm.keytab' saved [140/140]
kms_1       | HTTP request sent, awaiting response... 200 OK
datanode_1  | 
kdc_1       | Nov 01 00:22:16 kdc kadmind[15](Notice): Request: kadm5_create_principal, dn/scm@EXAMPLE.COM, success, client=admin/admin@EXAMPLE.COM, service=kadmin/admin@EXAMPLE.COM, addr=127.0.0.1
scm_1       | Resolving kdc (kdc)... 172.18.0.8
rm_1        | ---- ----------------- --------------------------------------------------------
jhs         | Resolving kdc (kdc)... 172.18.0.8
datanode_2  | 
om_1        | Connecting to kdc (kdc)|172.18.0.8|:8081... connected.
nm_1        | 
datanode_3  | HTTP request sent, awaiting response... 200 OK
s3g_1       | 
kms_1       | Length: 158 [application/octet-stream]
kdc_1       | Nov 01 00:22:16 kdc kadmind[15](info): closing down fd 18
scm_1       | Connecting to kdc (kdc)|172.18.0.8|:8081... connected.
rm_1        |    2 11/01/19 00:22:25 rm/rm@EXAMPLE.COM
jhs         | Connecting to kdc (kdc)|172.18.0.8|:8081... connected.
om_1        | HTTP request sent, awaiting response... 200 OK
datanode_2  |      0K                                                       100% 11.8M=0s
datanode_1  | 2019-11-01 00:22:26 (15.6 MB/s) - '/etc/security/keytabs/rm.keytab' saved [158/158]
nm_1        |      0K                                                       100% 17.9M=0s
datanode_3  | Length: 158 [application/octet-stream]
s3g_1       | Keytab name: FILE:/etc/security/keytabs/rm.keytab
kms_1       | Saving to: '/etc/security/keytabs/rm.keytab'
kdc_1       | Nov 01 00:22:16 kdc kadmind[15](Notice): Request: kadm5_init, admin/admin@EXAMPLE.COM, success, client=admin/admin@EXAMPLE.COM, service=kadmin/admin@EXAMPLE.COM, addr=127.0.0.1, vers=4, flavor=6
scm_1       | HTTP request sent, awaiting response... 200 OK
rm_1        |    2 11/01/19 00:22:25 rm/rm@EXAMPLE.COM
jhs         | HTTP request sent, awaiting response... 200 OK
om_1        | Length: 138 [application/octet-stream]
datanode_2  | 
datanode_1  | 
nm_1        | 
datanode_3  | Saving to: '/etc/security/keytabs/rm.keytab'
s3g_1       | KVNO Timestamp         Principal
kms_1       | 
kdc_1       | Nov 01 00:22:16 kdc kadmind[15](Notice): Request: kadm5_randkey_principal, dn/scm@EXAMPLE.COM, success, client=admin/admin@EXAMPLE.COM, service=kadmin/admin@EXAMPLE.COM, addr=127.0.0.1
scm_1       | Length: 140 [application/octet-stream]
rm_1        | Download nm/rm@EXAMPLE.COM keytab file to /etc/security/keytabs/nm.keytab
jhs         | Length: 140 [application/octet-stream]
om_1        | Saving to: '/etc/security/keytabs/rm.keytab'
datanode_2  | 2019-11-01 00:22:25 (11.8 MB/s) - '/etc/security/keytabs/rm.keytab' saved [158/158]
datanode_1  | Keytab name: FILE:/etc/security/keytabs/rm.keytab
nm_1        | 2019-11-01 00:22:22 (17.9 MB/s) - '/etc/security/keytabs/rm.keytab' saved [138/138]
datanode_3  | 
s3g_1       | ---- ----------------- --------------------------------------------------------
kms_1       |      0K                                                       100% 15.2M=0s
kdc_1       | Nov 01 00:22:16 kdc kadmind[15](Notice): Request: kadm5_get_principal, dn/scm@EXAMPLE.COM, success, client=admin/admin@EXAMPLE.COM, service=kadmin/admin@EXAMPLE.COM, addr=127.0.0.1
scm_1       | Saving to: '/etc/security/keytabs/rm.keytab'
rm_1        | --2019-11-01 00:22:25--  http://kdc:8081/keytab/rm/nm
jhs         | Saving to: '/etc/security/keytabs/rm.keytab'
om_1        | 
datanode_2  | 
nm_1        | 
datanode_1  | KVNO Timestamp         Principal
datanode_3  |      0K                                                       100% 17.6M=0s
s3g_1       |    2 11/01/19 00:22:26 rm/s3g@EXAMPLE.COM
kms_1       | 
kdc_1       | Nov 01 00:22:16 kdc kadmind[15](info): closing down fd 18
rm_1        | Resolving kdc (kdc)... 172.18.0.8
jhs         | 
scm_1       | 
om_1        |      0K                                                       100% 8.42M=0s
datanode_2  | Keytab name: FILE:/etc/security/keytabs/rm.keytab
nm_1        | Keytab name: FILE:/etc/security/keytabs/rm.keytab
datanode_1  | ---- ----------------- --------------------------------------------------------
datanode_3  | 
s3g_1       |    2 11/01/19 00:22:26 rm/s3g@EXAMPLE.COM
kms_1       | 2019-11-01 00:22:25 (15.2 MB/s) - '/etc/security/keytabs/rm.keytab' saved [158/158]
kdc_1       | Nov 01 00:22:16 kdc kadmind[15](Notice): Request: kadm5_init, admin/admin@EXAMPLE.COM, success, client=admin/admin@EXAMPLE.COM, service=kadmin/admin@EXAMPLE.COM, addr=127.0.0.1, vers=4, flavor=6
rm_1        | Connecting to kdc (kdc)|172.18.0.8|:8081... connected.
jhs         |      0K                                                       100% 19.6M=0s
scm_1       |      0K                                                       100% 13.2M=0s
om_1        | 
datanode_2  | KVNO Timestamp         Principal
nm_1        | KVNO Timestamp         Principal
datanode_1  |    2 11/01/19 00:22:26 rm/dc19e0d39be5@EXAMPLE.COM
datanode_3  | 2019-11-01 00:22:21 (17.6 MB/s) - '/etc/security/keytabs/rm.keytab' saved [158/158]
s3g_1       | Download nm/s3g@EXAMPLE.COM keytab file to /etc/security/keytabs/nm.keytab
kms_1       | 
kdc_1       | Nov 01 00:22:16 kdc kadmind[15](Notice): Request: kadm5_get_policy, default, Policy does not exist, client=admin/admin@EXAMPLE.COM, service=kadmin/admin@EXAMPLE.COM, addr=127.0.0.1
rm_1        | HTTP request sent, awaiting response... 200 OK
jhs         | 
scm_1       | 
om_1        | 2019-11-01 00:22:20 (8.42 MB/s) - '/etc/security/keytabs/rm.keytab' saved [138/138]
datanode_2  | ---- ----------------- --------------------------------------------------------
nm_1        | ---- ----------------- --------------------------------------------------------
datanode_1  |    2 11/01/19 00:22:26 rm/dc19e0d39be5@EXAMPLE.COM
datanode_3  | 
s3g_1       | --2019-11-01 00:22:26--  http://kdc:8081/keytab/s3g/nm
kms_1       | Keytab name: FILE:/etc/security/keytabs/rm.keytab
kdc_1       | Nov 01 00:22:16 kdc kadmind[15](Notice): Request: kadm5_create_principal, dn/jhs@EXAMPLE.COM, success, client=admin/admin@EXAMPLE.COM, service=kadmin/admin@EXAMPLE.COM, addr=127.0.0.1
rm_1        | Length: 138 [application/octet-stream]
jhs         | 2019-11-01 00:22:20 (19.6 MB/s) - '/etc/security/keytabs/rm.keytab' saved [140/140]
om_1        | 
datanode_2  |    2 11/01/19 00:22:25 rm/774955fff6c8@EXAMPLE.COM
scm_1       | 2019-11-01 00:22:20 (13.2 MB/s) - '/etc/security/keytabs/rm.keytab' saved [140/140]
nm_1        |    2 11/01/19 00:22:22 rm/nm@EXAMPLE.COM
datanode_1  | Download nm/dc19e0d39be5@EXAMPLE.COM keytab file to /etc/security/keytabs/nm.keytab
datanode_3  | Keytab name: FILE:/etc/security/keytabs/rm.keytab
s3g_1       | Resolving kdc (kdc)... 172.18.0.8
kms_1       | KVNO Timestamp         Principal
kdc_1       | Nov 01 00:22:16 kdc kadmind[15](info): closing down fd 18
rm_1        | Saving to: '/etc/security/keytabs/nm.keytab'
jhs         | 
om_1        | Keytab name: FILE:/etc/security/keytabs/rm.keytab
datanode_2  |    2 11/01/19 00:22:25 rm/774955fff6c8@EXAMPLE.COM
scm_1       | 
nm_1        |    2 11/01/19 00:22:22 rm/nm@EXAMPLE.COM
datanode_1  | --2019-11-01 00:22:26--  http://kdc:8081/keytab/dc19e0d39be5/nm
datanode_3  | KVNO Timestamp         Principal
s3g_1       | Connecting to kdc (kdc)|172.18.0.8|:8081... connected.
kms_1       | ---- ----------------- --------------------------------------------------------
kdc_1       | Nov 01 00:22:16 kdc kadmind[15](Notice): Request: kadm5_init, admin/admin@EXAMPLE.COM, success, client=admin/admin@EXAMPLE.COM, service=kadmin/admin@EXAMPLE.COM, addr=127.0.0.1, vers=4, flavor=6
rm_1        | 
jhs         | Keytab name: FILE:/etc/security/keytabs/rm.keytab
om_1        | KVNO Timestamp         Principal
datanode_2  | Download nm/774955fff6c8@EXAMPLE.COM keytab file to /etc/security/keytabs/nm.keytab
scm_1       | Keytab name: FILE:/etc/security/keytabs/rm.keytab
nm_1        | Download nm/nm@EXAMPLE.COM keytab file to /etc/security/keytabs/nm.keytab
datanode_1  | Resolving kdc (kdc)... 172.18.0.8
datanode_3  | ---- ----------------- --------------------------------------------------------
s3g_1       | HTTP request sent, awaiting response... 200 OK
kms_1       |    2 11/01/19 00:22:25 rm/b66c4bb77641@EXAMPLE.COM
kdc_1       | Nov 01 00:22:16 kdc kadmind[15](Notice): Request: kadm5_randkey_principal, dn/jhs@EXAMPLE.COM, success, client=admin/admin@EXAMPLE.COM, service=kadmin/admin@EXAMPLE.COM, addr=127.0.0.1
jhs         | KVNO Timestamp         Principal
rm_1        |      0K                                                       100% 13.0M=0s
om_1        | ---- ----------------- --------------------------------------------------------
datanode_2  | --2019-11-01 00:22:25--  http://kdc:8081/keytab/774955fff6c8/nm
scm_1       | KVNO Timestamp         Principal
nm_1        | --2019-11-01 00:22:22--  http://kdc:8081/keytab/nm/nm
datanode_1  | Connecting to kdc (kdc)|172.18.0.8|:8081... connected.
datanode_3  |    2 11/01/19 00:22:21 rm/e105259bd859@EXAMPLE.COM
s3g_1       | Length: 140 [application/octet-stream]
kms_1       |    2 11/01/19 00:22:25 rm/b66c4bb77641@EXAMPLE.COM
kdc_1       | Nov 01 00:22:16 kdc kadmind[15](Notice): Request: kadm5_get_principal, dn/jhs@EXAMPLE.COM, success, client=admin/admin@EXAMPLE.COM, service=kadmin/admin@EXAMPLE.COM, addr=127.0.0.1
jhs         | ---- ----------------- --------------------------------------------------------
rm_1        | 
om_1        |    2 11/01/19 00:22:20 rm/om@EXAMPLE.COM
datanode_2  | Resolving kdc (kdc)... 172.18.0.8
scm_1       | ---- ----------------- --------------------------------------------------------
nm_1        | Resolving kdc (kdc)... 172.18.0.8
datanode_3  |    2 11/01/19 00:22:21 rm/e105259bd859@EXAMPLE.COM
datanode_1  | HTTP request sent, awaiting response... 200 OK
kms_1       | Download nm/b66c4bb77641@EXAMPLE.COM keytab file to /etc/security/keytabs/nm.keytab
kdc_1       | Nov 01 00:22:16 kdc kadmind[15](info): closing down fd 18
s3g_1       | Saving to: '/etc/security/keytabs/nm.keytab'
jhs         |    2 11/01/19 00:22:20 rm/jhs@EXAMPLE.COM
rm_1        | 2019-11-01 00:22:27 (13.0 MB/s) - '/etc/security/keytabs/nm.keytab' saved [138/138]
om_1        |    2 11/01/19 00:22:20 rm/om@EXAMPLE.COM
datanode_2  | Connecting to kdc (kdc)|172.18.0.8|:8081... connected.
scm_1       |    2 11/01/19 00:22:20 rm/scm@EXAMPLE.COM
nm_1        | Connecting to kdc (kdc)|172.18.0.8|:8081... connected.
datanode_3  | Download nm/e105259bd859@EXAMPLE.COM keytab file to /etc/security/keytabs/nm.keytab
datanode_1  | Length: 158 [application/octet-stream]
kdc_1       | Nov 01 00:22:16 kdc kadmind[15](Notice): Request: kadm5_init, admin/admin@EXAMPLE.COM, success, client=admin/admin@EXAMPLE.COM, service=kadmin/admin@EXAMPLE.COM, addr=127.0.0.1, vers=4, flavor=6
s3g_1       | 
rm_1        | 
jhs         |    2 11/01/19 00:22:20 rm/jhs@EXAMPLE.COM
om_1        | Download nm/om@EXAMPLE.COM keytab file to /etc/security/keytabs/nm.keytab
kms_1       | --2019-11-01 00:22:25--  http://kdc:8081/keytab/b66c4bb77641/nm
datanode_2  | HTTP request sent, awaiting response... 200 OK
scm_1       |    2 11/01/19 00:22:20 rm/scm@EXAMPLE.COM
nm_1        | HTTP request sent, awaiting response... 200 OK
datanode_3  | --2019-11-01 00:22:21--  http://kdc:8081/keytab/e105259bd859/nm
datanode_1  | Saving to: '/etc/security/keytabs/nm.keytab'
kdc_1       | Nov 01 00:22:16 kdc kadmind[15](Notice): Request: kadm5_get_policy, default, Policy does not exist, client=admin/admin@EXAMPLE.COM, service=kadmin/admin@EXAMPLE.COM, addr=127.0.0.1
s3g_1       |      0K                                                       100% 13.7M=0s
jhs         | Download nm/jhs@EXAMPLE.COM keytab file to /etc/security/keytabs/nm.keytab
rm_1        | Keytab name: FILE:/etc/security/keytabs/nm.keytab
om_1        | --2019-11-01 00:22:20--  http://kdc:8081/keytab/om/nm
kms_1       | Resolving kdc (kdc)... 172.18.0.8
datanode_2  | Length: 158 [application/octet-stream]
scm_1       | Download nm/scm@EXAMPLE.COM keytab file to /etc/security/keytabs/nm.keytab
nm_1        | Length: 138 [application/octet-stream]
datanode_3  | Resolving kdc (kdc)... 172.18.0.8
kdc_1       | Nov 01 00:22:16 kdc kadmind[15](Notice): Request: kadm5_create_principal, om/om@EXAMPLE.COM, success, client=admin/admin@EXAMPLE.COM, service=kadmin/admin@EXAMPLE.COM, addr=127.0.0.1
s3g_1       | 
datanode_1  | 
jhs         | --2019-11-01 00:22:20--  http://kdc:8081/keytab/jhs/nm
rm_1        | KVNO Timestamp         Principal
om_1        | Resolving kdc (kdc)... 172.18.0.8
kms_1       | Connecting to kdc (kdc)|172.18.0.8|:8081... connected.
datanode_2  | Saving to: '/etc/security/keytabs/nm.keytab'
scm_1       | --2019-11-01 00:22:20--  http://kdc:8081/keytab/scm/nm
nm_1        | Saving to: '/etc/security/keytabs/nm.keytab'
datanode_3  | Connecting to kdc (kdc)|172.18.0.8|:8081... connected.
kdc_1       | Nov 01 00:22:16 kdc kadmind[15](info): closing down fd 18
s3g_1       | 2019-11-01 00:22:27 (13.7 MB/s) - '/etc/security/keytabs/nm.keytab' saved [140/140]
datanode_1  |      0K                                                       100% 24.9M=0s
jhs         | Resolving kdc (kdc)... 172.18.0.8
rm_1        | ---- ----------------- --------------------------------------------------------
kms_1       | HTTP request sent, awaiting response... 200 OK
datanode_2  | 
om_1        | Connecting to kdc (kdc)|172.18.0.8|:8081... connected.
scm_1       | Resolving kdc (kdc)... 172.18.0.8
nm_1        | 
datanode_3  | HTTP request sent, awaiting response... 200 OK
kdc_1       | Nov 01 00:22:16 kdc kadmind[15](Notice): Request: kadm5_init, admin/admin@EXAMPLE.COM, success, client=admin/admin@EXAMPLE.COM, service=kadmin/admin@EXAMPLE.COM, addr=127.0.0.1, vers=4, flavor=6
s3g_1       | 
datanode_1  | 
jhs         | Connecting to kdc (kdc)|172.18.0.8|:8081... connected.
kms_1       | Length: 158 [application/octet-stream]
datanode_2  |      0K                                                       100% 9.70M=0s
scm_1       | Connecting to kdc (kdc)|172.18.0.8|:8081... connected.
om_1        | HTTP request sent, awaiting response... 200 OK
nm_1        |      0K                                                       100% 9.67M=0s
kdc_1       | Nov 01 00:22:16 kdc kadmind[15](Notice): Request: kadm5_randkey_principal, om/om@EXAMPLE.COM, success, client=admin/admin@EXAMPLE.COM, service=kadmin/admin@EXAMPLE.COM, addr=127.0.0.1
datanode_3  | Length: 158 [application/octet-stream]
rm_1        |    2 11/01/19 00:22:27 nm/rm@EXAMPLE.COM
jhs         | HTTP request sent, awaiting response... 200 OK
datanode_1  | 2019-11-01 00:22:27 (24.9 MB/s) - '/etc/security/keytabs/nm.keytab' saved [158/158]
s3g_1       | Keytab name: FILE:/etc/security/keytabs/nm.keytab
kms_1       | Saving to: '/etc/security/keytabs/nm.keytab'
datanode_2  | 
om_1        | Length: 138 [application/octet-stream]
scm_1       | HTTP request sent, awaiting response... 200 OK
nm_1        | 
kdc_1       | Nov 01 00:22:16 kdc kadmind[15](Notice): Request: kadm5_get_principal, om/om@EXAMPLE.COM, success, client=admin/admin@EXAMPLE.COM, service=kadmin/admin@EXAMPLE.COM, addr=127.0.0.1
datanode_3  | Saving to: '/etc/security/keytabs/nm.keytab'
rm_1        |    2 11/01/19 00:22:27 nm/rm@EXAMPLE.COM
jhs         | Length: 140 [application/octet-stream]
datanode_1  | 
kms_1       | 
datanode_2  | 2019-11-01 00:22:27 (9.70 MB/s) - '/etc/security/keytabs/nm.keytab' saved [158/158]
s3g_1       | KVNO Timestamp         Principal
om_1        | Saving to: '/etc/security/keytabs/nm.keytab'
scm_1       | Length: 140 [application/octet-stream]
nm_1        | 2019-11-01 00:22:23 (9.67 MB/s) - '/etc/security/keytabs/nm.keytab' saved [138/138]
kdc_1       | Nov 01 00:22:16 kdc kadmind[15](info): closing down fd 18
rm_1        | Download yarn/rm@EXAMPLE.COM keytab file to /etc/security/keytabs/yarn.keytab
datanode_3  | 
jhs         | Saving to: '/etc/security/keytabs/nm.keytab'
kms_1       |      0K                                                       100% 14.6M=0s
datanode_2  | 
s3g_1       | ---- ----------------- --------------------------------------------------------
om_1        | 
scm_1       | Saving to: '/etc/security/keytabs/nm.keytab'
datanode_1  | Keytab name: FILE:/etc/security/keytabs/nm.keytab
nm_1        | 
kdc_1       | Nov 01 00:22:16 kdc kadmind[15](Notice): Request: kadm5_init, admin/admin@EXAMPLE.COM, success, client=admin/admin@EXAMPLE.COM, service=kadmin/admin@EXAMPLE.COM, addr=127.0.0.1, vers=4, flavor=6
rm_1        | --2019-11-01 00:22:27--  http://kdc:8081/keytab/rm/yarn
jhs         | 
datanode_3  |      0K                                                       100% 19.8M=0s
kms_1       | 
s3g_1       |    2 11/01/19 00:22:27 nm/s3g@EXAMPLE.COM
om_1        |      0K                                                       100% 15.2M=0s
scm_1       | 
datanode_1  | KVNO Timestamp         Principal
kdc_1       | Nov 01 00:22:16 kdc kadmind[15](Notice): Request: kadm5_get_policy, default, Policy does not exist, client=admin/admin@EXAMPLE.COM, service=kadmin/admin@EXAMPLE.COM, addr=127.0.0.1
datanode_2  | Keytab name: FILE:/etc/security/keytabs/nm.keytab
nm_1        | Keytab name: FILE:/etc/security/keytabs/nm.keytab
rm_1        | Resolving kdc (kdc)... 172.18.0.8
jhs         |      0K                                                       100% 15.8M=0s
datanode_3  | 
kms_1       | 2019-11-01 00:22:26 (14.6 MB/s) - '/etc/security/keytabs/nm.keytab' saved [158/158]
s3g_1       |    2 11/01/19 00:22:27 nm/s3g@EXAMPLE.COM
om_1        | 
scm_1       |      0K                                                       100% 18.7M=0s
datanode_1  | ---- ----------------- --------------------------------------------------------
datanode_2  | KVNO Timestamp         Principal
rm_1        | Connecting to kdc (kdc)|172.18.0.8|:8081... connected.
kdc_1       | Nov 01 00:22:16 kdc kadmind[15](Notice): Request: kadm5_create_principal, om/scm@EXAMPLE.COM, success, client=admin/admin@EXAMPLE.COM, service=kadmin/admin@EXAMPLE.COM, addr=127.Nov 01 00:22:15 kdc krb5kdc[9](info): AS_REQ (8 etypes {18 17 20 19 16 23 25 26}) 127.0.0.1: SERVER_NOT_FOUND: admin/admin@EXAMPLE.COM for kadmin/localhost@EXAMPLE.COM, Server not found in Kerberos database
jhs         | 
nm_1        | KVNO Timestamp         Principal
datanode_3  | 2019-11-01 00:22:22 (19.8 MB/s) - '/etc/security/keytabs/nm.keytab' saved [158/158]
s3g_1       | Download yarn/s3g@EXAMPLE.COM keytab file to /etc/security/keytabs/yarn.keytab
kms_1       | 
scm_1       | 
datanode_1  |    2 11/01/19 00:22:27 nm/dc19e0d39be5@EXAMPLE.COM
rm_1        | HTTP request sent, awaiting response... 200 OK
datanode_2  | ---- ----------------- --------------------------------------------------------
om_1        | 2019-11-01 00:22:21 (15.2 MB/s) - '/etc/security/keytabs/nm.keytab' saved [138/138]
jhs         | 2019-11-01 00:22:21 (15.8 MB/s) - '/etc/security/keytabs/nm.keytab' saved [140/140]
kdc_1       | Nov 01 00:22:15 kdc krb5kdc[9](info): AS_REQ (8 etypes {18 17 20 19 16 23 25 26}) 127.0.0.1: ISSUE: authtime 1572567735, etypes {rep=18 tkt=18 ses=18}, admin/admin@EXAMPLE.COM for kadmin/admin@EXAMPLE.COM
nm_1        | ---- ----------------- --------------------------------------------------------
datanode_3  | 
s3g_1       | --2019-11-01 00:22:27--  http://kdc:8081/keytab/s3g/yarn
kms_1       | Keytab name: FILE:/etc/security/keytabs/nm.keytab
