scm_1       | 2019-10-25 16:20:44,758 INFO authorize.ServiceAuthorizationManager: Authorization successful for dn/49a5149ef0a9@EXAMPLE.COM (auth:KERBEROS) for protocol=interface org.apache.hadoop.ozone.protocol.StorageContainerDatanodeProtocol
om_1        | 2019-10-25 16:18:43,352 INFO authorize.ServiceAuthorizationManager: Authorization successful for testuser/scm@EXAMPLE.COM (auth:KERBEROS) for protocol=interface org.apache.hadoop.ozone.om.protocol.OzoneManagerProtocol
s3g_1       | 	at org.glassfish.jersey.servlet.WebComponent.service(WebComponent.java:370)
kdc_1       | Oct 25 16:16:11 kdc krb5kdc[9](info): AS_REQ (8 etypes {18 17 20 19 16 23 25 26}) 127.0.0.1: ISSUE: authtime 1572020171, etypes {rep=18 tkt=18 ses=18}, admin/admin@EXAMPLE.COM for kadmin/admin@EXAMPLE.COM
scm_1       | 2019-10-25 16:20:52,821 INFO ipc.Server: Auth successful for dn/36de2b6a1f2f@EXAMPLE.COM (auth:KERBEROS)
om_1        | 2019-10-25 16:18:46,241 INFO ipc.Server: Auth successful for testuser/scm@EXAMPLE.COM (auth:KERBEROS)
s3g_1       | 	at org.glassfish.jersey.servlet.ServletContainer.service(ServletContainer.java:389)
kdc_1       | Oct 25 16:16:10 kdc kadmind[15](info): closing down fd 18
scm_1       | 2019-10-25 16:20:52,825 INFO authorize.ServiceAuthorizationManager: Authorization successful for dn/36de2b6a1f2f@EXAMPLE.COM (auth:KERBEROS) for protocol=interface org.apache.hadoop.ozone.protocol.StorageContainerDatanodeProtocol
om_1        | 2019-10-25 16:18:46,253 INFO authorize.ServiceAuthorizationManager: Authorization successful for testuser/scm@EXAMPLE.COM (auth:KERBEROS) for protocol=interface org.apache.hadoop.ozone.om.protocol.OzoneManagerProtocol
s3g_1       | 	at org.glassfish.jersey.servlet.ServletContainer.service(ServletContainer.java:342)
scm_1       | 2019-10-25 16:21:05,100 INFO ipc.Server: Auth successful for dn/378742de3342@EXAMPLE.COM (auth:KERBEROS)
kdc_1       | Oct 25 16:16:10 kdc kadmind[15](Notice): Request: kadm5_init, admin/admin@EXAMPLE.COM, success, client=admin/admin@EXAMPLE.COM, service=kadmin/admin@EXAMPLE.COM, addr=127.0.0.1, vers=4, flavor=6
om_1        | 2019-10-25 16:18:49,037 INFO ipc.Server: Auth successful for testuser/scm@EXAMPLE.COM (auth:KERBEROS)
s3g_1       | 	at org.glassfish.jersey.servlet.ServletContainer.service(ServletContainer.java:229)
scm_1       | 2019-10-25 16:21:05,104 INFO authorize.ServiceAuthorizationManager: Authorization successful for dn/378742de3342@EXAMPLE.COM (auth:KERBEROS) for protocol=interface org.apache.hadoop.ozone.protocol.StorageContainerDatanodeProtocol
kdc_1       | Oct 25 16:16:10 kdc kadmind[15](Notice): Request: kadm5_get_policy, default, Policy does not exist, client=admin/admin@EXAMPLE.COM, service=kadmin/admin@EXAMPLE.COM, addr=127.0.0.1
om_1        | 2019-10-25 16:18:49,049 INFO authorize.ServiceAuthorizationManager: Authorization successful for testuser/scm@EXAMPLE.COM (auth:KERBEROS) for protocol=interface org.apache.hadoop.ozone.om.protocol.OzoneManagerProtocol
s3g_1       | 	at org.eclipse.jetty.servlet.ServletHolder.handle(ServletHolder.java:840)
scm_1       | 2019-10-25 16:21:14,754 INFO ipc.Server: Auth successful for dn/49a5149ef0a9@EXAMPLE.COM (auth:KERBEROS)
kdc_1       | Oct 25 16:16:10 kdc kadmind[15](Notice): Request: kadm5_create_principal, om/49a5149ef0a9@EXAMPLE.COM, success, client=admin/admin@EXAMPLE.COM, service=kadmin/admin@EXAMPLE.COM, addr=127.0.0.1
om_1        | 2019-10-25 16:18:51,890 INFO ipc.Server: Auth successful for testuser/scm@EXAMPLE.COM (auth:KERBEROS)
s3g_1       | 	at org.eclipse.jetty.servlet.ServletHandler$CachedChain.doFilter(ServletHandler.java:1780)
scm_1       | 2019-10-25 16:21:14,757 INFO authorize.ServiceAuthorizationManager: Authorization successful for dn/49a5149ef0a9@EXAMPLE.COM (auth:KERBEROS) for protocol=interface org.apache.hadoop.ozone.protocol.StorageContainerDatanodeProtocol
kdc_1       | Oct 25 16:16:10 kdc kadmind[15](info): closing down fd 18
om_1        | 2019-10-25 16:18:51,903 INFO authorize.ServiceAuthorizationManager: Authorization successful for testuser/scm@EXAMPLE.COM (auth:KERBEROS) for protocol=interface org.apache.hadoop.ozone.om.protocol.OzoneManagerProtocol
s3g_1       | 	at org.apache.hadoop.http.HttpServer2$QuotingInputFilter.doFilter(HttpServer2.java:1609)
scm_1       | 2019-10-25 16:21:22,829 INFO ipc.Server: Auth successful for dn/36de2b6a1f2f@EXAMPLE.COM (auth:KERBEROS)
kdc_1       | Oct 25 16:16:10 kdc kadmind[15](Notice): Request: kadm5_init, admin/admin@EXAMPLE.COM, success, client=admin/admin@EXAMPLE.COM, service=kadmin/admin@EXAMPLE.COM, addr=127.0.0.1, vers=4, flavor=6
om_1        | 2019-10-25 16:18:54,723 INFO ipc.Server: Auth successful for testuser/scm@EXAMPLE.COM (auth:KERBEROS)
s3g_1       | 	at org.eclipse.jetty.servlet.ServletHandler$CachedChain.doFilter(ServletHandler.java:1767)
scm_1       | 2019-10-25 16:21:22,833 INFO authorize.ServiceAuthorizationManager: Authorization successful for dn/36de2b6a1f2f@EXAMPLE.COM (auth:KERBEROS) for protocol=interface org.apache.hadoop.ozone.protocol.StorageContainerDatanodeProtocol
kdc_1       | Oct 25 16:16:10 kdc kadmind[15](Notice): Request: kadm5_randkey_principal, om/49a5149ef0a9@EXAMPLE.COM, success, client=admin/admin@EXAMPLE.COM, service=kadmin/admin@EXAMPLE.COM, addr=127.0.0.1
om_1        | 2019-10-25 16:18:54,735 INFO authorize.ServiceAuthorizationManager: Authorization successful for testuser/scm@EXAMPLE.COM (auth:KERBEROS) for protocol=interface org.apache.hadoop.ozone.om.protocol.OzoneManagerProtocol
s3g_1       | 	at org.apache.hadoop.http.NoCacheFilter.doFilter(NoCacheFilter.java:45)
scm_1       | 2019-10-25 16:21:25,846 INFO container.ReplicationManager: Starting Replication Monitor Thread.
kdc_1       | Oct 25 16:16:10 kdc kadmind[15](Notice): Request: kadm5_get_principal, om/49a5149ef0a9@EXAMPLE.COM, success, client=admin/admin@EXAMPLE.COM, service=kadmin/admin@EXAMPLE.COM, addr=127.0.0.1
om_1        | 2019-10-25 16:18:57,494 INFO ipc.Server: Auth successful for testuser/scm@EXAMPLE.COM (auth:KERBEROS)
s3g_1       | 	at org.eclipse.jetty.servlet.ServletHandler$CachedChain.doFilter(ServletHandler.java:1767)
scm_1       | 2019-10-25 16:21:25,861 INFO container.ReplicationManager: Replication Monitor Thread took 10 milliseconds for processing 7 containers.
kdc_1       | Oct 25 16:16:10 kdc kadmind[15](info): closing down fd 18
om_1        | 2019-10-25 16:18:57,506 INFO authorize.ServiceAuthorizationManager: Authorization successful for testuser/scm@EXAMPLE.COM (auth:KERBEROS) for protocol=interface org.apache.hadoop.ozone.om.protocol.OzoneManagerProtocol
s3g_1       | 	at org.eclipse.jetty.servlet.ServletHandler.doHandle(ServletHandler.java:583)
scm_1       | 2019-10-25 16:21:26,109 INFO ipc.Server: Auth successful for om/om@EXAMPLE.COM (auth:KERBEROS)
om_1        | 2019-10-25 16:18:58,272 [IPC Server handler 14 on 9862] INFO       - created volume:06411-rpcwport for user:testuser/scm@EXAMPLE.COM
kdc_1       | Oct 25 16:16:10 kdc kadmind[15](Notice): Request: kadm5_init, admin/admin@EXAMPLE.COM, success, client=admin/admin@EXAMPLE.COM, service=kadmin/admin@EXAMPLE.COM, addr=127.0.0.1, vers=4, flavor=6
s3g_1       | 	at org.eclipse.jetty.server.handler.ScopedHandler.handle(ScopedHandler.java:143)
om_1        | 2019-10-25 16:19:00,298 INFO ipc.Server: Auth successful for testuser/scm@EXAMPLE.COM (auth:KERBEROS)
scm_1       | 2019-10-25 16:21:26,112 INFO authorize.ServiceAuthorizationManager: Authorization successful for om/om@EXAMPLE.COM (auth:KERBEROS) for protocol=interface org.apache.hadoop.hdds.scm.protocol.ScmBlockLocationProtocol
kdc_1       | Oct 25 16:16:10 kdc kadmind[15](Notice): Request: kadm5_get_policy, default, Policy does not exist, client=admin/admin@EXAMPLE.COM, service=kadmin/admin@EXAMPLE.COM, addr=127.0.0.1
s3g_1       | 	at org.eclipse.jetty.security.SecurityHandler.handle(SecurityHandler.java:548)
om_1        | 2019-10-25 16:19:00,309 INFO authorize.ServiceAuthorizationManager: Authorization successful for testuser/scm@EXAMPLE.COM (auth:KERBEROS) for protocol=interface org.apache.hadoop.ozone.om.protocol.OzoneManagerProtocol
scm_1       | 2019-10-25 16:21:26,113 INFO server.SCMBlockProtocolServer: SCM is informed by OM to delete 1 blocks
kdc_1       | Oct 25 16:16:10 kdc kadmind[15](Notice): Request: kadm5_create_principal, scm/36de2b6a1f2f@EXAMPLE.COM, success, client=admin/admin@EXAMPLE.COM, service=kadmin/admin@EXAMPLE.COM, addr=127.0.0.1
om_1        | 2019-10-25 16:19:03,203 INFO ipc.Server: Auth successful for testuser/scm@EXAMPLE.COM (auth:KERBEROS)
s3g_1       | 	at org.eclipse.jetty.server.session.SessionHandler.doHandle(SessionHandler.java:226)
scm_1       | 2019-10-25 16:21:26,113 INFO block.BlockManagerImpl: Deleting blocks conID: 7 locID: 103023929810223232 bcsId: 0
kdc_1       | Oct 25 16:16:10 kdc kadmind[15](info): closing down fd 18
om_1        | 2019-10-25 16:19:03,215 INFO authorize.ServiceAuthorizationManager: Authorization successful for testuser/scm@EXAMPLE.COM (auth:KERBEROS) for protocol=interface org.apache.hadoop.ozone.om.protocol.OzoneManagerProtocol
scm_1       | 2019-10-25 16:21:35,103 INFO ipc.Server: Auth successful for dn/378742de3342@EXAMPLE.COM (auth:KERBEROS)
kdc_1       | Oct 25 16:16:10 kdc kadmind[15](Notice): Request: kadm5_init, admin/admin@EXAMPLE.COM, success, client=admin/admin@EXAMPLE.COM, service=kadmin/admin@EXAMPLE.COM, addr=127.0.0.1, vers=4, flavor=6
om_1        | 2019-10-25 16:19:05,896 INFO ipc.Server: Auth successful for testuser/scm@EXAMPLE.COM (auth:KERBEROS)
s3g_1       | 	at org.eclipse.jetty.server.handler.ContextHandler.doHandle(ContextHandler.java:1180)
scm_1       | 2019-10-25 16:21:35,105 INFO authorize.ServiceAuthorizationManager: Authorization successful for dn/378742de3342@EXAMPLE.COM (auth:KERBEROS) for protocol=interface org.apache.hadoop.ozone.protocol.StorageContainerDatanodeProtocol
kdc_1       | Oct 25 16:16:10 kdc kadmind[15](Notice): Request: kadm5_randkey_principal, scm/36de2b6a1f2f@EXAMPLE.COM, success, client=admin/admin@EXAMPLE.COM, service=kadmin/admin@EXAMPLE.COM, addr=127.0.0.1
om_1        | 2019-10-25 16:19:05,911 INFO authorize.ServiceAuthorizationManager: Authorization successful for testuser/scm@EXAMPLE.COM (auth:KERBEROS) for protocol=interface org.apache.hadoop.ozone.om.protocol.OzoneManagerProtocol
s3g_1       | 	at org.eclipse.jetty.servlet.ServletHandler.doScope(ServletHandler.java:513)
scm_1       | 2019-10-25 16:21:44,753 INFO ipc.Server: Auth successful for dn/49a5149ef0a9@EXAMPLE.COM (auth:KERBEROS)
kdc_1       | Oct 25 16:16:10 kdc kadmind[15](Notice): Request: kadm5_get_principal, scm/36de2b6a1f2f@EXAMPLE.COM, success, client=admin/admin@EXAMPLE.COM, service=kadmin/admin@EXAMPLE.COM, addr=127.0.0.1
s3g_1       | 	at org.eclipse.jetty.server.session.SessionHandler.doScope(SessionHandler.java:185)
om_1        | 2019-10-25 16:19:08,909 INFO ipc.Server: Auth successful for testuser/scm@EXAMPLE.COM (auth:KERBEROS)
scm_1       | 2019-10-25 16:21:44,757 INFO authorize.ServiceAuthorizationManager: Authorization successful for dn/49a5149ef0a9@EXAMPLE.COM (auth:KERBEROS) for protocol=interface org.apache.hadoop.ozone.protocol.StorageContainerDatanodeProtocol
s3g_1       | 	at org.eclipse.jetty.server.handler.ContextHandler.doScope(ContextHandler.java:1112)
kdc_1       | Oct 25 16:16:10 kdc kadmind[15](info): closing down fd 18
om_1        | 2019-10-25 16:19:08,923 INFO authorize.ServiceAuthorizationManager: Authorization successful for testuser/scm@EXAMPLE.COM (auth:KERBEROS) for protocol=interface org.apache.hadoop.ozone.om.protocol.OzoneManagerProtocol
scm_1       | 2019-10-25 16:21:48,002 INFO ipc.Server: Auth successful for om/om@EXAMPLE.COM (auth:KERBEROS)
s3g_1       | 	at org.eclipse.jetty.server.handler.ScopedHandler.handle(ScopedHandler.java:141)
kdc_1       | Oct 25 16:16:10 kdc kadmind[15](Notice): Request: kadm5_init, admin/admin@EXAMPLE.COM, success, client=admin/admin@EXAMPLE.COM, service=kadmin/admin@EXAMPLE.COM, addr=127.0.0.1, vers=4, flavor=6
om_1        | 2019-10-25 16:19:11,757 INFO ipc.Server: Auth successful for testuser/scm@EXAMPLE.COM (auth:KERBEROS)
scm_1       | 2019-10-25 16:21:48,005 INFO authorize.ServiceAuthorizationManager: Authorization successful for om/om@EXAMPLE.COM (auth:KERBEROS) for protocol=interface org.apache.hadoop.hdds.scm.protocol.ScmBlockLocationProtocol
s3g_1       | 	at org.eclipse.jetty.server.handler.HandlerCollection.handle(HandlerCollection.java:119)
kdc_1       | Oct 25 16:16:10 kdc kadmind[15](Notice): Request: kadm5_get_policy, default, Policy does not exist, client=admin/admin@EXAMPLE.COM, service=kadmin/admin@EXAMPLE.COM, addr=127.0.0.1
om_1        | 2019-10-25 16:19:11,772 INFO authorize.ServiceAuthorizationManager: Authorization successful for testuser/scm@EXAMPLE.COM (auth:KERBEROS) for protocol=interface org.apache.hadoop.ozone.om.protocol.OzoneManagerProtocol
scm_1       | 2019-10-25 16:21:52,816 INFO ipc.Server: Auth successful for dn/36de2b6a1f2f@EXAMPLE.COM (auth:KERBEROS)
s3g_1       | 	at org.eclipse.jetty.server.handler.HandlerWrapper.handle(HandlerWrapper.java:134)
kdc_1       | Oct 25 16:16:10 kdc kadmind[15](Notice): Request: kadm5_create_principal, om/scm@EXAMPLE.COM, success, client=admin/admin@EXAMPLE.COM, service=kadmin/admin@EXAMPLE.COM, addr=127.0.0.1
om_1        | 2019-10-25 16:19:14,674 INFO ipc.Server: Auth successful for testuser/scm@EXAMPLE.COM (auth:KERBEROS)
scm_1       | 2019-10-25 16:21:52,820 INFO authorize.ServiceAuthorizationManager: Authorization successful for dn/36de2b6a1f2f@EXAMPLE.COM (auth:KERBEROS) for protocol=interface org.apache.hadoop.ozone.protocol.StorageContainerDatanodeProtocol
s3g_1       | 	at org.eclipse.jetty.server.Server.handle(Server.java:539)
kdc_1       | Oct 25 16:16:10 kdc kadmind[15](info): closing down fd 18
om_1        | 2019-10-25 16:19:14,684 INFO authorize.ServiceAuthorizationManager: Authorization successful for testuser/scm@EXAMPLE.COM (auth:KERBEROS) for protocol=interface org.apache.hadoop.ozone.om.protocol.OzoneManagerProtocol
scm_1       | 2019-10-25 16:22:05,106 INFO ipc.Server: Auth successful for dn/378742de3342@EXAMPLE.COM (auth:KERBEROS)
kdc_1       | Oct 25 16:16:10 kdc kadmind[15](Notice): Request: kadm5_init, admin/admin@EXAMPLE.COM, success, client=admin/admin@EXAMPLE.COM, service=kadmin/admin@EXAMPLE.COM, addr=127.0.0.1, vers=4, flavor=6
om_1        | 2019-10-25 16:19:17,421 INFO ipc.Server: Auth successful for testuser/scm@EXAMPLE.COM (auth:KERBEROS)
scm_1       | 2019-10-25 16:22:05,109 INFO authorize.ServiceAuthorizationManager: Authorization successful for dn/378742de3342@EXAMPLE.COM (auth:KERBEROS) for protocol=interface org.apache.hadoop.ozone.protocol.StorageContainerDatanodeProtocol
s3g_1       | 	at org.eclipse.jetty.server.HttpChannel.handle(HttpChannel.java:333)
kdc_1       | Oct 25 16:16:10 kdc kadmind[15](Notice): Request: kadm5_randkey_principal, om/scm@EXAMPLE.COM, success, client=admin/admin@EXAMPLE.COM, service=kadmin/admin@EXAMPLE.COM, addr=127.0.0.1
om_1        | 2019-10-25 16:19:17,433 INFO authorize.ServiceAuthorizationManager: Authorization successful for testuser/scm@EXAMPLE.COM (auth:KERBEROS) for protocol=interface org.apache.hadoop.ozone.om.protocol.OzoneManagerProtocol
scm_1       | 2019-10-25 16:22:19,511 INFO ipc.Server: Auth successful for dn/49a5149ef0a9@EXAMPLE.COM (auth:KERBEROS)
s3g_1       | 	at org.eclipse.jetty.server.HttpConnection.onFillable(HttpConnection.java:251)
kdc_1       | Oct 25 16:16:10 kdc kadmind[15](Notice): Request: kadm5_get_principal, om/scm@EXAMPLE.COM, success, client=admin/admin@EXAMPLE.COM, service=kadmin/admin@EXAMPLE.COM, addr=127.0.0.1
om_1        | 2019-10-25 16:19:20,320 INFO ipc.Server: Auth successful for testuser/scm@EXAMPLE.COM (auth:KERBEROS)
scm_1       | 2019-10-25 16:22:19,515 INFO authorize.ServiceAuthorizationManager: Authorization successful for dn/49a5149ef0a9@EXAMPLE.COM (auth:KERBEROS) for protocol=interface org.apache.hadoop.ozone.protocol.StorageContainerDatanodeProtocol
s3g_1       | 	at org.eclipse.jetty.io.AbstractConnection$ReadCallback.succeeded(AbstractConnection.java:283)
kdc_1       | Oct 25 16:16:10 kdc kadmind[15](info): closing down fd 18
om_1        | 2019-10-25 16:19:20,332 INFO authorize.ServiceAuthorizationManager: Authorization successful for testuser/scm@EXAMPLE.COM (auth:KERBEROS) for protocol=interface org.apache.hadoop.ozone.om.protocol.OzoneManagerProtocol
scm_1       | 2019-10-25 16:22:22,821 INFO ipc.Server: Auth successful for dn/36de2b6a1f2f@EXAMPLE.COM (auth:KERBEROS)
s3g_1       | 	at org.eclipse.jetty.io.FillInterest.fillable(FillInterest.java:108)
kdc_1       | Oct 25 16:16:10 kdc kadmind[15](Notice): Request: kadm5_init, admin/admin@EXAMPLE.COM, success, client=admin/admin@EXAMPLE.COM, service=kadmin/admin@EXAMPLE.COM, addr=127.0.0.1, vers=4, flavor=6
om_1        | 2019-10-25 16:19:25,489 INFO ipc.Server: Auth successful for testuser/scm@EXAMPLE.COM (auth:KERBEROS)
scm_1       | 2019-10-25 16:22:22,825 INFO authorize.ServiceAuthorizationManager: Authorization successful for dn/36de2b6a1f2f@EXAMPLE.COM (auth:KERBEROS) for protocol=interface org.apache.hadoop.ozone.protocol.StorageContainerDatanodeProtocol
s3g_1       | 	at org.eclipse.jetty.io.SelectChannelEndPoint$2.run(SelectChannelEndPoint.java:93)
kdc_1       | Oct 25 16:16:10 kdc kadmind[15](Notice): Request: kadm5_get_policy, default, Policy does not exist, client=admin/admin@EXAMPLE.COM, service=kadmin/admin@EXAMPLE.COM, addr=127.0.0.1
om_1        | 2019-10-25 16:19:25,502 INFO authorize.ServiceAuthorizationManager: Authorization successful for testuser/scm@EXAMPLE.COM (auth:KERBEROS) for protocol=interface org.apache.hadoop.ozone.om.protocol.OzoneManagerProtocol
scm_1       | 2019-10-25 16:22:35,116 INFO ipc.Server: Auth successful for dn/378742de3342@EXAMPLE.COM (auth:KERBEROS)
s3g_1       | 	at org.eclipse.jetty.util.thread.strategy.ExecuteProduceConsume.executeProduceConsume(ExecuteProduceConsume.java:303)
kdc_1       | Oct 25 16:16:10 kdc kadmind[15](Notice): Request: kadm5_create_principal, scm/s3g@EXAMPLE.COM, success, client=admin/admin@EXAMPLE.COM, service=kadmin/admin@EXAMPLE.COM, addr=127.0.0.1
om_1        | 2019-10-25 16:19:29,984 INFO ipc.Server: Auth successful for testuser/scm@EXAMPLE.COM (auth:KERBEROS)
scm_1       | 2019-10-25 16:22:35,123 INFO authorize.ServiceAuthorizationManager: Authorization successful for dn/378742de3342@EXAMPLE.COM (auth:KERBEROS) for protocol=interface org.apache.hadoop.ozone.protocol.StorageContainerDatanodeProtocol
s3g_1       | 	at org.eclipse.jetty.util.thread.strategy.ExecuteProduceConsume.produceConsume(ExecuteProduceConsume.java:148)
kdc_1       | Oct 25 16:16:10 kdc kadmind[15](info): closing down fd 18
scm_1       | 2019-10-25 16:22:49,518 INFO ipc.Server: Auth successful for dn/49a5149ef0a9@EXAMPLE.COM (auth:KERBEROS)
om_1        | 2019-10-25 16:19:29,996 INFO authorize.ServiceAuthorizationManager: Authorization successful for testuser/scm@EXAMPLE.COM (auth:KERBEROS) for protocol=interface org.apache.hadoop.ozone.om.protocol.OzoneManagerProtocol
s3g_1       | 	at org.eclipse.jetty.util.thread.strategy.ExecuteProduceConsume.run(ExecuteProduceConsume.java:136)
kdc_1       | Oct 25 16:16:10 kdc kadmind[15](Notice): Request: kadm5_init, admin/admin@EXAMPLE.COM, success, client=admin/admin@EXAMPLE.COM, service=kadmin/admin@EXAMPLE.COM, addr=127.0.0.1, vers=4, flavor=6
scm_1       | 2019-10-25 16:22:49,524 INFO authorize.ServiceAuthorizationManager: Authorization successful for dn/49a5149ef0a9@EXAMPLE.COM (auth:KERBEROS) for protocol=interface org.apache.hadoop.ozone.protocol.StorageContainerDatanodeProtocol
om_1        | 2019-10-25 16:19:32,881 INFO ipc.Server: Auth successful for testuser/scm@EXAMPLE.COM (auth:KERBEROS)
s3g_1       | 	at org.eclipse.jetty.util.thread.QueuedThreadPool.runJob(QueuedThreadPool.java:671)
scm_1       | 2019-10-25 16:22:52,824 INFO ipc.Server: Auth successful for dn/36de2b6a1f2f@EXAMPLE.COM (auth:KERBEROS)
om_1        | 2019-10-25 16:19:32,894 INFO authorize.ServiceAuthorizationManager: Authorization successful for testuser/scm@EXAMPLE.COM (auth:KERBEROS) for protocol=interface org.apache.hadoop.ozone.om.protocol.OzoneManagerProtocol
s3g_1       | 	at org.eclipse.jetty.util.thread.QueuedThreadPool$2.run(QueuedThreadPool.java:589)
kdc_1       | Oct 25 16:16:10 kdc kadmind[15](Notice): Request: kadm5_randkey_principal, scm/s3g@EXAMPLE.COM, success, client=admin/admin@EXAMPLE.COM, service=kadmin/admin@EXAMPLE.COM, addr=127.0.0.1
scm_1       | 2019-10-25 16:22:52,830 INFO authorize.ServiceAuthorizationManager: Authorization successful for dn/36de2b6a1f2f@EXAMPLE.COM (auth:KERBEROS) for protocol=interface org.apache.hadoop.ozone.protocol.StorageContainerDatanodeProtocol
scm_1       | 2019-10-25 16:23:05,108 INFO ipc.Server: Auth successful for dn/378742de3342@EXAMPLE.COM (auth:KERBEROS)
s3g_1       | 	at java.base/java.lang.Thread.run(Thread.java:834)
kdc_1       | Oct 25 16:16:10 kdc kadmind[15](Notice): Request: kadm5_get_principal, scm/s3g@EXAMPLE.COM, success, client=admin/admin@EXAMPLE.COM, service=kadmin/admin@EXAMPLE.COM, addr=127.0.0.1
om_1        | 2019-10-25 16:19:35,721 INFO ipc.Server: Auth successful for testuser/scm@EXAMPLE.COM (auth:KERBEROS)
scm_1       | 2019-10-25 16:23:05,111 INFO authorize.ServiceAuthorizationManager: Authorization successful for dn/378742de3342@EXAMPLE.COM (auth:KERBEROS) for protocol=interface org.apache.hadoop.ozone.protocol.StorageContainerDatanodeProtocol
s3g_1       | Oct 25, 2019 4:23:28 PM org.glassfish.jersey.internal.Errors logErrors
kdc_1       | Oct 25 16:16:10 kdc kadmind[15](info): closing down fd 18
om_1        | 2019-10-25 16:19:35,733 INFO authorize.ServiceAuthorizationManager: Authorization successful for testuser/scm@EXAMPLE.COM (auth:KERBEROS) for protocol=interface org.apache.hadoop.ozone.om.protocol.OzoneManagerProtocol
scm_1       | 2019-10-25 16:23:19,513 INFO ipc.Server: Auth successful for dn/49a5149ef0a9@EXAMPLE.COM (auth:KERBEROS)
s3g_1       | WARNING: The following warnings have been detected: WARNING: Unknown HK2 failure detected:
kdc_1       | Oct 25 16:16:10 kdc kadmind[15](Notice): Request: kadm5_init, admin/admin@EXAMPLE.COM, success, client=admin/admin@EXAMPLE.COM, service=kadmin/admin@EXAMPLE.COM, addr=127.0.0.1, vers=4, flavor=6
om_1        | 2019-10-25 16:19:38,498 INFO ipc.Server: Auth successful for testuser/scm@EXAMPLE.COM (auth:KERBEROS)
s3g_1       | MultiException stack 1 of 1
scm_1       | 2019-10-25 16:23:19,519 INFO authorize.ServiceAuthorizationManager: Authorization successful for dn/49a5149ef0a9@EXAMPLE.COM (auth:KERBEROS) for protocol=interface org.apache.hadoop.ozone.protocol.StorageContainerDatanodeProtocol
kdc_1       | Oct 25 16:16:10 kdc kadmind[15](Notice): Request: kadm5_get_policy, default, Policy does not exist, client=admin/admin@EXAMPLE.COM, service=kadmin/admin@EXAMPLE.COM, addr=127.0.0.1
om_1        | 2019-10-25 16:19:38,511 INFO authorize.ServiceAuthorizationManager: Authorization successful for testuser/scm@EXAMPLE.COM (auth:KERBEROS) for protocol=interface org.apache.hadoop.ozone.om.protocol.OzoneManagerProtocol
scm_1       | 2019-10-25 16:23:20,123 INFO ipc.Server: Auth successful for om/om@EXAMPLE.COM (auth:KERBEROS)
kdc_1       | Oct 25 16:16:10 kdc kadmind[15](Notice): Request: kadm5_create_principal, HTTP/om@EXAMPLE.COM, success, client=admin/admin@EXAMPLE.COM, service=kadmin/admin@EXAMPLE.COM, addr=127.0.0.1
s3g_1       | javax.enterprise.inject.CreationException
om_1        | 2019-10-25 16:19:41,412 INFO ipc.Server: Auth successful for testuser/scm@EXAMPLE.COM (auth:KERBEROS)
scm_1       | 2019-10-25 16:23:20,126 INFO authorize.ServiceAuthorizationManager: Authorization successful for om/om@EXAMPLE.COM (auth:KERBEROS) for protocol=interface org.apache.hadoop.hdds.scm.protocol.StorageContainerLocationProtocol
kdc_1       | Oct 25 16:16:10 kdc kadmind[15](info): closing down fd 18
s3g_1       | 	at java.base/jdk.internal.reflect.NativeConstructorAccessorImpl.newInstance0(Native Method)
om_1        | 2019-10-25 16:19:41,427 INFO authorize.ServiceAuthorizationManager: Authorization successful for testuser/scm@EXAMPLE.COM (auth:KERBEROS) for protocol=interface org.apache.hadoop.ozone.om.protocol.OzoneManagerProtocol
scm_1       | 2019-10-25 16:23:22,829 INFO ipc.Server: Auth successful for dn/36de2b6a1f2f@EXAMPLE.COM (auth:KERBEROS)
kdc_1       | Oct 25 16:16:10 kdc kadmind[15](Notice): Request: kadm5_init, admin/admin@EXAMPLE.COM, success, client=admin/admin@EXAMPLE.COM, service=kadmin/admin@EXAMPLE.COM, addr=127.0.0.1, vers=4, flavor=6
s3g_1       | 	at java.base/jdk.internal.reflect.NativeConstructorAccessorImpl.newInstance(NativeConstructorAccessorImpl.java:62)
om_1        | 2019-10-25 16:19:44,270 INFO ipc.Server: Auth successful for testuser/scm@EXAMPLE.COM (auth:KERBEROS)
scm_1       | 2019-10-25 16:23:22,833 INFO authorize.ServiceAuthorizationManager: Authorization successful for dn/36de2b6a1f2f@EXAMPLE.COM (auth:KERBEROS) for protocol=interface org.apache.hadoop.ozone.protocol.StorageContainerDatanodeProtocol
kdc_1       | Oct 25 16:16:11 kdc kadmind[15](Notice): Request: kadm5_randkey_principal, HTTP/om@EXAMPLE.COM, success, client=admin/admin@EXAMPLE.COM, service=kadmin/admin@EXAMPLE.COM, addr=127.0.0.1
s3g_1       | 	at java.base/jdk.internal.reflect.DelegatingConstructorAccessorImpl.newInstance(DelegatingConstructorAccessorImpl.java:45)
om_1        | 2019-10-25 16:19:44,282 INFO authorize.ServiceAuthorizationManager: Authorization successful for testuser/scm@EXAMPLE.COM (auth:KERBEROS) for protocol=interface org.apache.hadoop.ozone.om.protocol.OzoneManagerProtocol
kdc_1       | Oct 25 16:16:11 kdc kadmind[15](Notice): Request: kadm5_get_principal, HTTP/om@EXAMPLE.COM, success, client=admin/admin@EXAMPLE.COM, service=kadmin/admin@EXAMPLE.COM, addr=127.0.0.1
scm_1       | 2019-10-25 16:23:35,122 INFO ipc.Server: Auth successful for dn/378742de3342@EXAMPLE.COM (auth:KERBEROS)
s3g_1       | 	at java.base/java.lang.reflect.Constructor.newInstance(Constructor.java:490)
om_1        | 2019-10-25 16:19:46,920 INFO ipc.Server: Auth successful for testuser/scm@EXAMPLE.COM (auth:KERBEROS)
kdc_1       | Oct 25 16:16:11 kdc kadmind[15](info): closing down fd 18
scm_1       | 2019-10-25 16:23:35,127 INFO authorize.ServiceAuthorizationManager: Authorization successful for dn/378742de3342@EXAMPLE.COM (auth:KERBEROS) for protocol=interface org.apache.hadoop.ozone.protocol.StorageContainerDatanodeProtocol
om_1        | 2019-10-25 16:19:46,932 INFO authorize.ServiceAuthorizationManager: Authorization successful for testuser/scm@EXAMPLE.COM (auth:KERBEROS) for protocol=interface org.apache.hadoop.ozone.om.protocol.OzoneManagerProtocol
kdc_1       | Oct 25 16:16:11 kdc kadmind[15](Notice): Request: kadm5_init, admin/admin@EXAMPLE.COM, success, client=admin/admin@EXAMPLE.COM, service=kadmin/admin@EXAMPLE.COM, addr=127.0.0.1, vers=4, flavor=6
scm_1       | 2019-10-25 16:23:43,987 INFO ipc.Server: Auth successful for om/om@EXAMPLE.COM (auth:KERBEROS)
s3g_1       | 	at java.base/java.lang.Class.newInstance(Class.java:584)
kdc_1       | Oct 25 16:16:11 kdc kadmind[15](Notice): Request: kadm5_get_policy, default, Policy does not exist, client=admin/admin@EXAMPLE.COM, service=kadmin/admin@EXAMPLE.COM, addr=127.0.0.1
om_1        | 2019-10-25 16:19:49,636 INFO ipc.Server: Auth successful for testuser/scm@EXAMPLE.COM (auth:KERBEROS)
s3g_1       | 	at org.jboss.weld.security.NewInstanceAction.run(NewInstanceAction.java:33)
kdc_1       | Oct 25 16:16:11 kdc kadmind[15](Notice): Request: kadm5_create_principal, om/428b19193c58@EXAMPLE.COM, success, client=admin/admin@EXAMPLE.COM, service=kadmin/admin@EXAMPLE.COM, addr=127.0.0.1
om_1        | 2019-10-25 16:19:49,651 INFO authorize.ServiceAuthorizationManager: Authorization successful for testuser/scm@EXAMPLE.COM (auth:KERBEROS) for protocol=interface org.apache.hadoop.ozone.om.protocol.OzoneManagerProtocol
scm_1       | 2019-10-25 16:23:43,990 INFO authorize.ServiceAuthorizationManager: Authorization successful for om/om@EXAMPLE.COM (auth:KERBEROS) for protocol=interface org.apache.hadoop.hdds.scm.protocol.StorageContainerLocationProtocol
s3g_1       | 	at java.base/java.security.AccessController.doPrivileged(Native Method)
kdc_1       | Oct 25 16:16:11 kdc kadmind[15](info): closing down fd 18
om_1        | 2019-10-25 16:19:50,462 [IPC Server handler 3 on 9862] INFO       - created volume:06411-rpcwoscheme for user:testuser/scm@EXAMPLE.COM
scm_1       | 2019-10-25 16:23:49,522 INFO ipc.Server: Auth successful for dn/49a5149ef0a9@EXAMPLE.COM (auth:KERBEROS)
s3g_1       | 	at org.jboss.weld.injection.Exceptions.rethrowException(Exceptions.java:40)
kdc_1       | Oct 25 16:16:11 kdc kadmind[15](Notice): Request: kadm5_init, admin/admin@EXAMPLE.COM, success, client=admin/admin@EXAMPLE.COM, service=kadmin/admin@EXAMPLE.COM, addr=127.0.0.1, vers=4, flavor=6
scm_1       | 2019-10-25 16:23:49,526 INFO authorize.ServiceAuthorizationManager: Authorization successful for dn/49a5149ef0a9@EXAMPLE.COM (auth:KERBEROS) for protocol=interface org.apache.hadoop.ozone.protocol.StorageContainerDatanodeProtocol
om_1        | 2019-10-25 16:19:52,557 INFO ipc.Server: Auth successful for testuser/scm@EXAMPLE.COM (auth:KERBEROS)
s3g_1       | 	at org.jboss.weld.injection.Exceptions.rethrowException(Exceptions.java:78)
kdc_1       | Oct 25 16:16:11 kdc kadmind[15](Notice): Request: kadm5_randkey_principal, om/428b19193c58@EXAMPLE.COM, success, client=admin/admin@EXAMPLE.COM, service=kadmin/admin@EXAMPLE.COM, addr=127.0.0.1
scm_1       | 2019-10-25 16:23:52,839 INFO ipc.Server: Auth successful for dn/36de2b6a1f2f@EXAMPLE.COM (auth:KERBEROS)
om_1        | 2019-10-25 16:19:52,570 INFO authorize.ServiceAuthorizationManager: Authorization successful for testuser/scm@EXAMPLE.COM (auth:KERBEROS) for protocol=interface org.apache.hadoop.ozone.om.protocol.OzoneManagerProtocol
s3g_1       | 	at org.jboss.weld.injection.StaticMethodInjectionPoint.invoke(StaticMethodInjectionPoint.java:96)
kdc_1       | Oct 25 16:16:11 kdc kadmind[15](Notice): Request: kadm5_get_principal, om/428b19193c58@EXAMPLE.COM, success, client=admin/admin@EXAMPLE.COM, service=kadmin/admin@EXAMPLE.COM, addr=127.0.0.1
scm_1       | 2019-10-25 16:23:52,847 INFO authorize.ServiceAuthorizationManager: Authorization successful for dn/36de2b6a1f2f@EXAMPLE.COM (auth:KERBEROS) for protocol=interface org.apache.hadoop.ozone.protocol.StorageContainerDatanodeProtocol
om_1        | 2019-10-25 16:19:55,481 INFO ipc.Server: Auth successful for testuser/scm@EXAMPLE.COM (auth:KERBEROS)
s3g_1       | 	at org.jboss.weld.injection.StaticMethodInjectionPoint.invoke(StaticMethodInjectionPoint.java:78)
kdc_1       | Oct 25 16:16:11 kdc kadmind[15](info): closing down fd 18
scm_1       | 2019-10-25 16:24:05,117 INFO ipc.Server: Auth successful for dn/378742de3342@EXAMPLE.COM (auth:KERBEROS)
om_1        | 2019-10-25 16:19:55,494 INFO authorize.ServiceAuthorizationManager: Authorization successful for testuser/scm@EXAMPLE.COM (auth:KERBEROS) for protocol=interface org.apache.hadoop.ozone.om.protocol.OzoneManagerProtocol
s3g_1       | 	at org.jboss.weld.injection.producer.ProducerMethodProducer.produce(ProducerMethodProducer.java:100)
kdc_1       | Oct 25 16:16:11 kdc kadmind[15](Notice): Request: kadm5_init, admin/admin@EXAMPLE.COM, success, client=admin/admin@EXAMPLE.COM, service=kadmin/admin@EXAMPLE.COM, addr=127.0.0.1, vers=4, flavor=6
scm_1       | 2019-10-25 16:24:05,120 INFO authorize.ServiceAuthorizationManager: Authorization successful for dn/378742de3342@EXAMPLE.COM (auth:KERBEROS) for protocol=interface org.apache.hadoop.ozone.protocol.StorageContainerDatanodeProtocol
om_1        | 2019-10-25 16:19:58,282 INFO ipc.Server: Auth successful for testuser/scm@EXAMPLE.COM (auth:KERBEROS)
s3g_1       | 	at org.jboss.weld.injection.producer.AbstractMemberProducer.produce(AbstractMemberProducer.java:161)
scm_1       | 2019-10-25 16:24:07,731 INFO ipc.Server: Auth successful for om/om@EXAMPLE.COM (auth:KERBEROS)
kdc_1       | Oct 25 16:16:11 kdc kadmind[15](Notice): Request: kadm5_get_policy, default, Policy does not exist, client=admin/admin@EXAMPLE.COM, service=kadmin/admin@EXAMPLE.COM, addr=127.0.0.1
s3g_1       | 	at org.jboss.weld.bean.AbstractProducerBean.create(AbstractProducerBean.java:180)
om_1        | 2019-10-25 16:19:58,293 INFO authorize.ServiceAuthorizationManager: Authorization successful for testuser/scm@EXAMPLE.COM (auth:KERBEROS) for protocol=interface org.apache.hadoop.ozone.om.protocol.OzoneManagerProtocol
scm_1       | 2019-10-25 16:24:07,733 INFO authorize.ServiceAuthorizationManager: Authorization successful for om/om@EXAMPLE.COM (auth:KERBEROS) for protocol=interface org.apache.hadoop.hdds.scm.protocol.ScmBlockLocationProtocol
s3g_1       | 	at org.jboss.weld.context.unbound.DependentContextImpl.get(DependentContextImpl.java:70)
om_1        | 2019-10-25 16:20:01,097 INFO ipc.Server: Auth successful for testuser/scm@EXAMPLE.COM (auth:KERBEROS)
kdc_1       | Oct 25 16:16:11 kdc kadmind[15](Notice): Request: kadm5_create_principal, scm/49a5149ef0a9@EXAMPLE.COM, success, client=admin/admin@EXAMPLE.COM, service=kadmin/admin@EXAMPLE.COM, addr=127.0.0.1
scm_1       | 2019-10-25 16:24:08,898 INFO ipc.Server: Auth successful for dn/36de2b6a1f2f@EXAMPLE.COM (auth:KERBEROS)
s3g_1       | 	at org.jboss.weld.bean.ContextualInstanceStrategy$DefaultContextualInstanceStrategy.get(ContextualInstanceStrategy.java:100)
om_1        | 2019-10-25 16:20:01,109 INFO authorize.ServiceAuthorizationManager: Authorization successful for testuser/scm@EXAMPLE.COM (auth:KERBEROS) for protocol=interface org.apache.hadoop.ozone.om.protocol.OzoneManagerProtocol
kdc_1       | Oct 25 16:16:11 kdc kadmind[15](info): closing down fd 18
scm_1       | 2019-10-25 16:24:08,902 INFO authorize.ServiceAuthorizationManager: Authorization successful for dn/36de2b6a1f2f@EXAMPLE.COM (auth:KERBEROS) for protocol=interface org.apache.hadoop.ozone.protocol.StorageContainerDatanodeProtocol
om_1        | 2019-10-25 16:20:04,037 INFO ipc.Server: Auth successful for testuser/scm@EXAMPLE.COM (auth:KERBEROS)
s3g_1       | 	at org.jboss.weld.bean.ContextualInstance.get(ContextualInstance.java:50)
om_1        | 2019-10-25 16:20:04,050 INFO authorize.ServiceAuthorizationManager: Authorization successful for testuser/scm@EXAMPLE.COM (auth:KERBEROS) for protocol=interface org.apache.hadoop.ozone.om.protocol.OzoneManagerProtocol
s3g_1       | 	at org.jboss.weld.manager.BeanManagerImpl.getReference(BeanManagerImpl.java:785)
om_1        | 2019-10-25 16:20:06,846 INFO ipc.Server: Auth successful for testuser/scm@EXAMPLE.COM (auth:KERBEROS)
scm_1       | 2019-10-25 16:24:19,515 INFO ipc.Server: Auth successful for dn/49a5149ef0a9@EXAMPLE.COM (auth:KERBEROS)
s3g_1       | 	at org.jboss.weld.manager.BeanManagerImpl.getInjectableReference(BeanManagerImpl.java:885)
om_1        | 2019-10-25 16:20:06,861 INFO authorize.ServiceAuthorizationManager: Authorization successful for testuser/scm@EXAMPLE.COM (auth:KERBEROS) for protocol=interface org.apache.hadoop.ozone.om.protocol.OzoneManagerProtocol
kdc_1       | Oct 25 16:16:11 kdc kadmind[15](Notice): Request: kadm5_init, admin/admin@EXAMPLE.COM, success, client=admin/admin@EXAMPLE.COM, service=kadmin/admin@EXAMPLE.COM, addr=127.0.0.1, vers=4, flavor=6
scm_1       | 2019-10-25 16:24:19,519 INFO authorize.ServiceAuthorizationManager: Authorization successful for dn/49a5149ef0a9@EXAMPLE.COM (auth:KERBEROS) for protocol=interface org.apache.hadoop.ozone.protocol.StorageContainerDatanodeProtocol
s3g_1       | 	at org.jboss.weld.injection.FieldInjectionPoint.inject(FieldInjectionPoint.java:92)
om_1        | 2019-10-25 16:20:09,796 INFO ipc.Server: Auth successful for testuser/scm@EXAMPLE.COM (auth:KERBEROS)
kdc_1       | Oct 25 16:16:11 kdc kadmind[15](Notice): Request: kadm5_randkey_principal, scm/49a5149ef0a9@EXAMPLE.COM, success, client=admin/admin@EXAMPLE.COM, service=kadmin/admin@EXAMPLE.COM, addr=127.0.0.1
scm_1       | 2019-10-25 16:24:35,111 INFO ipc.Server: Auth successful for dn/378742de3342@EXAMPLE.COM (auth:KERBEROS)
s3g_1       | 	at org.jboss.weld.util.Beans.injectBoundFields(Beans.java:358)
om_1        | 2019-10-25 16:20:09,808 INFO authorize.ServiceAuthorizationManager: Authorization successful for testuser/scm@EXAMPLE.COM (auth:KERBEROS) for protocol=interface org.apache.hadoop.ozone.om.protocol.OzoneManagerProtocol
kdc_1       | Oct 25 16:16:11 kdc kadmind[15](Notice): Request: kadm5_get_principal, scm/49a5149ef0a9@EXAMPLE.COM, success, client=admin/admin@EXAMPLE.COM, service=kadmin/admin@EXAMPLE.COM, addr=127.0.0.1
s3g_1       | 	at org.jboss.weld.util.Beans.injectFieldsAndInitializers(Beans.java:369)
scm_1       | 2019-10-25 16:24:35,119 INFO authorize.ServiceAuthorizationManager: Authorization successful for dn/378742de3342@EXAMPLE.COM (auth:KERBEROS) for protocol=interface org.apache.hadoop.ozone.protocol.StorageContainerDatanodeProtocol
om_1        | 2019-10-25 16:20:12,648 INFO ipc.Server: Auth successful for testuser/scm@EXAMPLE.COM (auth:KERBEROS)
kdc_1       | Oct 25 16:16:11 kdc kadmind[15](info): closing down fd 18
s3g_1       | 	at org.jboss.weld.injection.producer.ResourceInjector$1.proceed(ResourceInjector.java:70)
scm_1       | 2019-10-25 16:24:35,390 INFO ipc.Server: Auth successful for om/om@EXAMPLE.COM (auth:KERBEROS)
om_1        | 2019-10-25 16:20:12,664 INFO authorize.ServiceAuthorizationManager: Authorization successful for testuser/scm@EXAMPLE.COM (auth:KERBEROS) for protocol=interface org.apache.hadoop.ozone.om.protocol.OzoneManagerProtocol
kdc_1       | Oct 25 16:16:11 kdc kadmind[15](Notice): Request: kadm5_init, admin/admin@EXAMPLE.COM, success, client=admin/admin@EXAMPLE.COM, service=kadmin/admin@EXAMPLE.COM, addr=127.0.0.1, vers=4, flavor=6
s3g_1       | 	at org.jboss.weld.injection.InjectionContextImpl.run(InjectionContextImpl.java:48)
scm_1       | 2019-10-25 16:24:35,392 INFO authorize.ServiceAuthorizationManager: Authorization successful for om/om@EXAMPLE.COM (auth:KERBEROS) for protocol=interface org.apache.hadoop.hdds.scm.protocol.ScmBlockLocationProtocol
kdc_1       | Oct 25 16:16:11 kdc kadmind[15](Notice): Request: kadm5_get_policy, default, Policy does not exist, client=admin/admin@EXAMPLE.COM, service=kadmin/admin@EXAMPLE.COM, addr=127.0.0.1
om_1        | 2019-10-25 16:20:17,228 INFO ipc.Server: Auth successful for testuser/scm@EXAMPLE.COM (auth:KERBEROS)
s3g_1       | 	at org.jboss.weld.injection.producer.ResourceInjector.inject(ResourceInjector.java:72)
scm_1       | 2019-10-25 16:24:46,593 INFO ipc.Server: Auth successful for dn/36de2b6a1f2f@EXAMPLE.COM (auth:KERBEROS)
kdc_1       | Oct 25 16:16:11 kdc kadmind[15](Notice): Request: kadm5_create_principal, HTTP/36de2b6a1f2f@EXAMPLE.COM, success, client=admin/admin@EXAMPLE.COM, service=kadmin/admin@EXAMPLE.COM, addr=127.0.0.1
om_1        | 2019-10-25 16:20:17,240 INFO authorize.ServiceAuthorizationManager: Authorization successful for testuser/scm@EXAMPLE.COM (auth:KERBEROS) for protocol=interface org.apache.hadoop.ozone.om.protocol.OzoneManagerProtocol
s3g_1       | 	at org.jboss.weld.injection.producer.BasicInjectionTarget.inject(BasicInjectionTarget.java:117)
scm_1       | 2019-10-25 16:24:46,601 INFO authorize.ServiceAuthorizationManager: Authorization successful for dn/36de2b6a1f2f@EXAMPLE.COM (auth:KERBEROS) for protocol=interface org.apache.hadoop.ozone.protocol.StorageContainerDatanodeProtocol
om_1        | 2019-10-25 16:20:21,757 INFO ipc.Server: Auth successful for testuser/scm@EXAMPLE.COM (auth:KERBEROS)
kdc_1       | Oct 25 16:16:11 kdc kadmind[15](info): closing down fd 18
s3g_1       | 	at org.glassfish.jersey.ext.cdi1x.internal.CdiComponentProvider$InjectionManagerInjectedCdiTarget.inject(CdiComponentProvider.java:873)
scm_1       | 2019-10-25 16:24:49,529 INFO ipc.Server: Auth successful for dn/49a5149ef0a9@EXAMPLE.COM (auth:KERBEROS)
om_1        | 2019-10-25 16:20:21,770 INFO authorize.ServiceAuthorizationManager: Authorization successful for testuser/scm@EXAMPLE.COM (auth:KERBEROS) for protocol=interface org.apache.hadoop.ozone.om.protocol.OzoneManagerProtocol
kdc_1       | Oct 25 16:16:11 kdc kadmind[15](Notice): Request: kadm5_init, admin/admin@EXAMPLE.COM, success, client=admin/admin@EXAMPLE.COM, service=kadmin/admin@EXAMPLE.COM, addr=127.0.0.1, vers=4, flavor=6
s3g_1       | 	at org.jboss.weld.bean.ManagedBean.create(ManagedBean.java:159)
scm_1       | 2019-10-25 16:24:49,536 INFO authorize.ServiceAuthorizationManager: Authorization successful for dn/49a5149ef0a9@EXAMPLE.COM (auth:KERBEROS) for protocol=interface org.apache.hadoop.ozone.protocol.StorageContainerDatanodeProtocol
om_1        | 2019-10-25 16:20:24,546 INFO ipc.Server: Auth successful for testuser/scm@EXAMPLE.COM (auth:KERBEROS)
kdc_1       | Oct 25 16:16:11 kdc kadmind[15](Notice): Request: kadm5_randkey_principal, HTTP/36de2b6a1f2f@EXAMPLE.COM, success, client=admin/admin@EXAMPLE.COM, service=kadmin/admin@EXAMPLE.COM, addr=127.0.0.1
s3g_1       | 	at org.jboss.weld.context.unbound.DependentContextImpl.get(DependentContextImpl.java:70)
scm_1       | 2019-10-25 16:25:01,925 INFO ipc.Server: Auth successful for om/om@EXAMPLE.COM (auth:KERBEROS)
om_1        | 2019-10-25 16:20:24,557 INFO authorize.ServiceAuthorizationManager: Authorization successful for testuser/scm@EXAMPLE.COM (auth:KERBEROS) for protocol=interface org.apache.hadoop.ozone.om.protocol.OzoneManagerProtocol
kdc_1       | Oct 25 16:16:11 kdc kadmind[15](Notice): Request: kadm5_get_principal, HTTP/36de2b6a1f2f@EXAMPLE.COM, success, client=admin/admin@EXAMPLE.COM, service=kadmin/admin@EXAMPLE.COM, addr=127.0.0.1
s3g_1       | 	at org.jboss.weld.bean.ContextualInstanceStrategy$DefaultContextualInstanceStrategy.get(ContextualInstanceStrategy.java:100)
scm_1       | 2019-10-25 16:25:01,929 INFO authorize.ServiceAuthorizationManager: Authorization successful for om/om@EXAMPLE.COM (auth:KERBEROS) for protocol=interface org.apache.hadoop.hdds.scm.protocol.ScmBlockLocationProtocol
om_1        | 2019-10-25 16:20:27,416 INFO ipc.Server: Auth successful for testuser/scm@EXAMPLE.COM (auth:KERBEROS)
kdc_1       | Oct 25 16:16:11 kdc kadmind[15](info): closing down fd 18
s3g_1       | 	at org.jboss.weld.bean.ContextualInstance.get(ContextualInstance.java:50)
scm_1       | 2019-10-25 16:25:05,114 INFO ipc.Server: Auth successful for dn/378742de3342@EXAMPLE.COM (auth:KERBEROS)
om_1        | 2019-10-25 16:20:27,428 INFO authorize.ServiceAuthorizationManager: Authorization successful for testuser/scm@EXAMPLE.COM (auth:KERBEROS) for protocol=interface org.apache.hadoop.ozone.om.protocol.OzoneManagerProtocol
kdc_1       | Oct 25 16:16:11 kdc kadmind[15](Notice): Request: kadm5_init, admin/admin@EXAMPLE.COM, success, client=admin/admin@EXAMPLE.COM, service=kadmin/admin@EXAMPLE.COM, addr=127.0.0.1, vers=4, flavor=6
s3g_1       | 	at org.jboss.weld.manager.BeanManagerImpl.getReference(BeanManagerImpl.java:785)
scm_1       | 2019-10-25 16:25:05,119 INFO authorize.ServiceAuthorizationManager: Authorization successful for dn/378742de3342@EXAMPLE.COM (auth:KERBEROS) for protocol=interface org.apache.hadoop.ozone.protocol.StorageContainerDatanodeProtocol
om_1        | 2019-10-25 16:20:30,221 INFO ipc.Server: Auth successful for testuser/scm@EXAMPLE.COM (auth:KERBEROS)
kdc_1       | Oct 25 16:16:11 kdc kadmind[15](Notice): Request: kadm5_get_policy, default, Policy does not exist, client=admin/admin@EXAMPLE.COM, service=kadmin/admin@EXAMPLE.COM, addr=127.0.0.1
s3g_1       | 	at org.jboss.weld.manager.BeanManagerImpl.getReference(BeanManagerImpl.java:808)
scm_1       | 2019-10-25 16:25:16,595 INFO ipc.Server: Auth successful for dn/36de2b6a1f2f@EXAMPLE.COM (auth:KERBEROS)
om_1        | 2019-10-25 16:20:30,234 INFO authorize.ServiceAuthorizationManager: Authorization successful for testuser/scm@EXAMPLE.COM (auth:KERBEROS) for protocol=interface org.apache.hadoop.ozone.om.protocol.OzoneManagerProtocol
kdc_1       | Oct 25 16:16:11 kdc kadmind[15](Notice): Request: kadm5_create_principal, scm/scm@EXAMPLE.COM, success, client=admin/admin@EXAMPLE.COM, service=kadmin/admin@EXAMPLE.COM, addr=127.0.0.1
s3g_1       | 	at org.jboss.weld.util.ForwardingBeanManager.getReference(ForwardingBeanManager.java:61)
scm_1       | 2019-10-25 16:25:16,598 INFO authorize.ServiceAuthorizationManager: Authorization successful for dn/36de2b6a1f2f@EXAMPLE.COM (auth:KERBEROS) for protocol=interface org.apache.hadoop.ozone.protocol.StorageContainerDatanodeProtocol
kdc_1       | Oct 25 16:16:11 kdc kadmind[15](info): closing down fd 18
om_1        | 2019-10-25 16:20:33,123 INFO ipc.Server: Auth successful for testuser/scm@EXAMPLE.COM (auth:KERBEROS)
s3g_1       | 	at org.jboss.weld.bean.builtin.BeanManagerProxy.getReference(BeanManagerProxy.java:85)
scm_1       | 2019-10-25 16:25:16,940 INFO ipc.Server: Auth successful for om/om@EXAMPLE.COM (auth:KERBEROS)
kdc_1       | Oct 25 16:16:11 kdc kadmind[15](Notice): Request: kadm5_init, admin/admin@EXAMPLE.COM, success, client=admin/admin@EXAMPLE.COM, service=kadmin/admin@EXAMPLE.COM, addr=127.0.0.1, vers=4, flavor=6
om_1        | 2019-10-25 16:20:33,136 INFO authorize.ServiceAuthorizationManager: Authorization successful for testuser/scm@EXAMPLE.COM (auth:KERBEROS) for protocol=interface org.apache.hadoop.ozone.om.protocol.OzoneManagerProtocol
s3g_1       | 	at org.glassfish.jersey.ext.cdi1x.internal.CdiUtil.getBeanReference(CdiUtil.java:151)
scm_1       | 2019-10-25 16:25:16,944 INFO authorize.ServiceAuthorizationManager: Authorization successful for om/om@EXAMPLE.COM (auth:KERBEROS) for protocol=interface org.apache.hadoop.hdds.scm.protocol.ScmBlockLocationProtocol
kdc_1       | Oct 25 16:16:11 kdc kadmind[15](Notice): Request: kadm5_randkey_principal, scm/scm@EXAMPLE.COM, success, client=admin/admin@EXAMPLE.COM, service=kadmin/admin@EXAMPLE.COM, addr=127.0.0.1
om_1        | 2019-10-25 16:20:36,018 INFO ipc.Server: Auth successful for testuser/scm@EXAMPLE.COM (auth:KERBEROS)
s3g_1       | 	at org.glassfish.jersey.ext.cdi1x.internal.AbstractCdiBeanSupplier$1.getInstance(AbstractCdiBeanSupplier.java:93)
scm_1       | 2019-10-25 16:25:18,007 INFO ipc.Server: Auth successful for dn/378742de3342@EXAMPLE.COM (auth:KERBEROS)
kdc_1       | Oct 25 16:16:11 kdc kadmind[15](Notice): Request: kadm5_get_principal, scm/scm@EXAMPLE.COM, success, client=admin/admin@EXAMPLE.COM, service=kadmin/admin@EXAMPLE.COM, addr=127.0.0.1
om_1        | 2019-10-25 16:20:36,031 INFO authorize.ServiceAuthorizationManager: Authorization successful for testuser/scm@EXAMPLE.COM (auth:KERBEROS) for protocol=interface org.apache.hadoop.ozone.om.protocol.OzoneManagerProtocol
s3g_1       | 	at org.glassfish.jersey.ext.cdi1x.internal.AbstractCdiBeanSupplier._provide(AbstractCdiBeanSupplier.java:127)
scm_1       | 2019-10-25 16:25:18,009 INFO authorize.ServiceAuthorizationManager: Authorization successful for dn/378742de3342@EXAMPLE.COM (auth:KERBEROS) for protocol=interface org.apache.hadoop.ozone.protocol.StorageContainerDatanodeProtocol
kdc_1       | Oct 25 16:16:11 kdc kadmind[15](info): closing down fd 18
om_1        | 2019-10-25 16:20:38,843 INFO ipc.Server: Auth successful for testuser/scm@EXAMPLE.COM (auth:KERBEROS)
s3g_1       | 	at org.glassfish.jersey.ext.cdi1x.internal.RequestScopedCdiBeanSupplier.get(RequestScopedCdiBeanSupplier.java:70)
scm_1       | 2019-10-25 16:25:19,521 INFO ipc.Server: Auth successful for dn/49a5149ef0a9@EXAMPLE.COM (auth:KERBEROS)
kdc_1       | Oct 25 16:16:11 kdc kadmind[15](Notice): Request: kadm5_init, admin/admin@EXAMPLE.COM, success, client=admin/admin@EXAMPLE.COM, service=kadmin/admin@EXAMPLE.COM, addr=127.0.0.1, vers=4, flavor=6
om_1        | 2019-10-25 16:20:38,857 INFO authorize.ServiceAuthorizationManager: Authorization successful for testuser/scm@EXAMPLE.COM (auth:KERBEROS) for protocol=interface org.apache.hadoop.ozone.om.protocol.OzoneManagerProtocol
s3g_1       | 	at org.glassfish.jersey.inject.hk2.InstanceSupplierFactoryBridge.provide(InstanceSupplierFactoryBridge.java:77)
scm_1       | 2019-10-25 16:25:19,524 INFO authorize.ServiceAuthorizationManager: Authorization successful for dn/49a5149ef0a9@EXAMPLE.COM (auth:KERBEROS) for protocol=interface org.apache.hadoop.ozone.protocol.StorageContainerDatanodeProtocol
kdc_1       | Oct 25 16:16:11 kdc kadmind[15](Notice): Request: kadm5_get_policy, default, Policy does not exist, client=admin/admin@EXAMPLE.COM, service=kadmin/admin@EXAMPLE.COM, addr=127.0.0.1
om_1        | 2019-10-25 16:20:45,445 INFO ipc.Server: Auth successful for testuser/scm@EXAMPLE.COM (auth:KERBEROS)
s3g_1       | 	at org.jvnet.hk2.internal.FactoryCreator.create(FactoryCreator.java:153)
scm_1       | 2019-10-25 16:25:26,121 INFO server.SCMBlockProtocolServer: SCM is informed by OM to delete 3 blocks
kdc_1       | Oct 25 16:16:11 kdc kadmind[15](Notice): Request: kadm5_create_principal, HTTP/s3g@EXAMPLE.COM, success, client=admin/admin@EXAMPLE.COM, service=kadmin/admin@EXAMPLE.COM, addr=127.0.0.1
om_1        | 2019-10-25 16:20:45,457 INFO authorize.ServiceAuthorizationManager: Authorization successful for testuser/scm@EXAMPLE.COM (auth:KERBEROS) for protocol=interface org.apache.hadoop.ozone.om.protocol.OzoneManagerProtocol
s3g_1       | 	at org.jvnet.hk2.internal.SystemDescriptor.create(SystemDescriptor.java:487)
scm_1       | 2019-10-25 16:25:26,121 INFO block.BlockManagerImpl: Deleting blocks conID: 9 locID: 103023945170026626 bcsId: 0
kdc_1       | Oct 25 16:16:11 kdc kadmind[15](info): closing down fd 18
om_1        | 2019-10-25 16:20:46,135 [IPC Server handler 16 on 9862] INFO       - created volume:fstest11 for user:testuser/scm@EXAMPLE.COM
s3g_1       | 	at org.jvnet.hk2.internal.PerLookupContext.findOrCreate(PerLookupContext.java:70)
scm_1       | 2019-10-25 16:25:26,122 INFO block.BlockManagerImpl: Deleting blocks conID: 10 locID: 103023945673736323 bcsId: 0
