om3_1       | WARNING: Illegal reflective access by org.apache.ratis.thirdparty.com.google.protobuf.UnsafeUtil (file:/opt/hadoop/share/ozone/lib/ratis-thirdparty-misc-0.2.0.jar) to field java.nio.Buffer.address
om1_1       | 2019-11-13 21:29:14,683 INFO impl.FollowerState: om1@group-562213E44849-FollowerState: change to CANDIDATE, lastRpcTime:1061ms, electionTimeout:1061ms
datanode_3  | 2019-11-13 21:29:19,147 INFO server.RaftServerConfigKeys: raft.server.watch.timeout.denomination = 1s (default)
datanode_1  | 2019-11-13 21:29:19,135 INFO impl.RoleInfo: 11a81858-ccaa-4d0d-a0b0-5bfe71c6be9c: shutdown LeaderElection
datanode_2  | 2019-11-13 21:29:19,118 INFO impl.LeaderElection: 84e9d84a-7301-4597-81dc-b2aa09da2728@group-3CE4D0F73349-LeaderElection1: begin an election at term 1 for -1: [84e9d84a-7301-4597-81dc-b2aa09da2728:172.18.0.6:9858], old=null
s3g_1       | 	at org.eclipse.jetty.server.HttpConnection.onFillable(HttpConnection.java:251)
om2_1       | 2019-11-13 21:29:14,143 INFO handler.ContextHandler: Started o.e.j.s.ServletContextHandler@13ed066e{/logs,file:///var/log/hadoop/,AVAILABLE}
om3_1       | WARNING: Please consider reporting this to the maintainers of org.apache.ratis.thirdparty.com.google.protobuf.UnsafeUtil
om1_1       | 2019-11-13 21:29:14,684 INFO impl.RoleInfo: om1: shutdown FollowerState
datanode_1  | 2019-11-13 21:29:19,135 INFO impl.RaftServerImpl: 11a81858-ccaa-4d0d-a0b0-5bfe71c6be9c@group-8F1E3199F790: changes role from CANDIDATE to LEADER at term 1 for changeToLeader
datanode_3  | 2019-11-13 21:29:19,149 INFO server.RaftServerConfigKeys: raft.server.watch.element-limit = 65536 (default)
datanode_2  | 2019-11-13 21:29:19,120 INFO impl.RoleInfo: 84e9d84a-7301-4597-81dc-b2aa09da2728: shutdown LeaderElection
s3g_1       | 	at org.eclipse.jetty.io.AbstractConnection$ReadCallback.succeeded(AbstractConnection.java:283)
om2_1       | 2019-11-13 21:29:14,144 INFO handler.ContextHandler: Started o.e.j.s.ServletContextHandler@125d47c4{/static,jar:file:/opt/hadoop/share/ozone/lib/hadoop-ozone-ozone-manager-0.5.0-SNAPSHOT.jar!/webapps/static,AVAILABLE}
om3_1       | WARNING: Use --illegal-access=warn to enable warnings of further illegal reflective access operations
om1_1       | 2019-11-13 21:29:14,684 INFO impl.RaftServerImpl: om1@group-562213E44849: changes role from  FOLLOWER to CANDIDATE at term 0 for changeToCandidate
datanode_1  | 2019-11-13 21:29:19,135 INFO ratis.XceiverServerRatis: Leader change notification received for group: group-8F1E3199F790 with new leaderId: 11a81858-ccaa-4d0d-a0b0-5bfe71c6be9c
datanode_3  | 2019-11-13 21:29:19,159 INFO impl.RoleInfo: 11a1cd88-dd72-463e-875e-5b7c67480619: start LeaderState
datanode_2  | 2019-11-13 21:29:19,121 INFO impl.RaftServerImpl: 84e9d84a-7301-4597-81dc-b2aa09da2728@group-3CE4D0F73349: changes role from CANDIDATE to LEADER at term 1 for changeToLeader
s3g_1       | 	at org.eclipse.jetty.io.FillInterest.fillable(FillInterest.java:108)
om2_1       | 2019-11-13 21:29:14,221 INFO handler.ContextHandler: Started o.e.j.w.WebAppContext@5b1efaaf{/,file:///tmp/jetty-0.0.0.0-9874-ozoneManager-_-any-2032504262903408606.dir/webapp/,AVAILABLE}{/ozoneManager}
om3_1       | WARNING: All illegal access operations will be denied in a future release
om1_1       | 2019-11-13 21:29:14,687 INFO impl.RoleInfo: om1: start LeaderElection
datanode_1  | 2019-11-13 21:29:19,145 INFO impl.RaftServerImpl: 11a81858-ccaa-4d0d-a0b0-5bfe71c6be9c@group-8F1E3199F790: change Leader from null to 11a81858-ccaa-4d0d-a0b0-5bfe71c6be9c at term 1 for becomeLeader, leader elected after 5728ms
datanode_3  | 2019-11-13 21:29:19,180 INFO segmented.SegmentedRaftLogWorker: 11a1cd88-dd72-463e-875e-5b7c67480619@group-919347C60A7C-SegmentedRaftLogWorker: Starting segment from index:0
datanode_2  | 2019-11-13 21:29:19,121 INFO ratis.XceiverServerRatis: Leader change notification received for group: group-3CE4D0F73349 with new leaderId: 84e9d84a-7301-4597-81dc-b2aa09da2728
s3g_1       | 	at org.eclipse.jetty.io.SelectChannelEndPoint$2.run(SelectChannelEndPoint.java:93)
om3_1       | 2019-11-13 21:29:15,087 INFO impl.LeaderElection: om3@group-562213E44849-LeaderElection1: Election REJECTED; received 2 response(s) [om3<-om1#0:FAIL-t1, om3<-om2#0:FAIL-t1] and 0 exception(s); om3@group-562213E44849:t1, leader=null, voted=om3, raftlog=om3@group-562213E44849-SegmentedRaftLog:OPENED:c-1,f-1,i0, conf=-1: [om1:om1:9872, om3:om3:9872, om2:om2:9872], old=null
om2_1       | 2019-11-13 21:29:14,225 INFO server.AbstractConnector: Started ServerConnector@455540f7{HTTP/1.1,[http/1.1]}{0.0.0.0:9874}
om1_1       | 2019-11-13 21:29:14,712 INFO impl.LeaderElection: om1@group-562213E44849-LeaderElection1: begin an election at term 1 for -1: [om1:om1:9872, om3:om3:9872, om2:om2:9872], old=null
datanode_1  | 2019-11-13 21:29:19,151 INFO server.RaftServerConfigKeys: raft.server.staging.catchup.gap = 1000 (default)
datanode_3  | 2019-11-13 21:29:19,190 INFO impl.RaftServerImpl: 11a1cd88-dd72-463e-875e-5b7c67480619@group-919347C60A7C: set configuration 0: [11a1cd88-dd72-463e-875e-5b7c67480619:172.18.0.9:9858], old=null at 0
datanode_2  | 2019-11-13 21:29:19,130 INFO impl.RaftServerImpl: 84e9d84a-7301-4597-81dc-b2aa09da2728@group-3CE4D0F73349: change Leader from null to 84e9d84a-7301-4597-81dc-b2aa09da2728 at term 1 for becomeLeader, leader elected after 6238ms
s3g_1       | 	at org.eclipse.jetty.util.thread.strategy.ExecuteProduceConsume.executeProduceConsume(ExecuteProduceConsume.java:303)
om3_1       | 2019-11-13 21:29:15,089 INFO impl.RaftServerImpl: om3@group-562213E44849: changes role from CANDIDATE to FOLLOWER at term 1 for DISCOVERED_A_NEW_TERM
om2_1       | 2019-11-13 21:29:14,226 INFO server.Server: Started @4962ms
om1_1       | WARNING: An illegal reflective access operation has occurred
datanode_1  | 2019-11-13 21:29:19,152 INFO server.RaftServerConfigKeys: raft.server.rpc.sleep.time = 25ms (default)
datanode_3  | 2019-11-13 21:29:21,722 INFO segmented.SegmentedRaftLogWorker: 11a1cd88-dd72-463e-875e-5b7c67480619@group-919347C60A7C-SegmentedRaftLogWorker: created new log segment /data/metadata/ratis/414f1d2e-c791-463e-bffa-919347c60a7c/current/log_inprogress_0
s3g_1       | 	at org.eclipse.jetty.util.thread.strategy.ExecuteProduceConsume.produceConsume(ExecuteProduceConsume.java:148)
om3_1       | 2019-11-13 21:29:15,089 INFO impl.RoleInfo: om3: shutdown LeaderElection
om2_1       | 2019-11-13 21:29:14,229 INFO impl.MetricsSinkAdapter: Sink prometheus started
om1_1       | WARNING: Illegal reflective access by org.apache.ratis.thirdparty.com.google.protobuf.UnsafeUtil (file:/opt/hadoop/share/ozone/lib/ratis-thirdparty-misc-0.2.0.jar) to field java.nio.Buffer.address
datanode_1  | 2019-11-13 21:29:19,157 INFO server.RaftServerConfigKeys: raft.server.write.element-limit = 4096 (default)
datanode_3  | 2019-11-13 21:29:21,734 INFO impl.LeaderElection: 11a1cd88-dd72-463e-875e-5b7c67480619@group-9FC85213DB7A-LeaderElection2: begin an election at term 1 for -1: [11a1cd88-dd72-463e-875e-5b7c67480619:172.18.0.9:9858, 11a81858-ccaa-4d0d-a0b0-5bfe71c6be9c:172.18.0.8:9858, 84e9d84a-7301-4597-81dc-b2aa09da2728:172.18.0.6:9858], old=null
datanode_2  | 2019-11-13 21:29:19,136 INFO server.RaftServerConfigKeys: raft.server.staging.catchup.gap = 1000 (default)
s3g_1       | 	at org.eclipse.jetty.util.thread.strategy.ExecuteProduceConsume.run(ExecuteProduceConsume.java:136)
om3_1       | 2019-11-13 21:29:15,089 INFO impl.RoleInfo: om3: start FollowerState
om2_1       | 2019-11-13 21:29:14,229 INFO impl.MetricsSystemImpl: Registered sink prometheus
om1_1       | WARNING: Please consider reporting this to the maintainers of org.apache.ratis.thirdparty.com.google.protobuf.UnsafeUtil
datanode_1  | 2019-11-13 21:29:19,167 INFO server.RaftServerConfigKeys: raft.server.watch.timeout = 10s (default)
datanode_3  | 2019-11-13 21:29:21,924 INFO impl.LeaderElection: 11a1cd88-dd72-463e-875e-5b7c67480619@group-9FC85213DB7A-LeaderElection2: Election REJECTED; received 2 response(s) [11a1cd88-dd72-463e-875e-5b7c67480619<-11a81858-ccaa-4d0d-a0b0-5bfe71c6be9c#0:FAIL-t1, 11a1cd88-dd72-463e-875e-5b7c67480619<-84e9d84a-7301-4597-81dc-b2aa09da2728#0:FAIL-t1] and 0 exception(s); 11a1cd88-dd72-463e-875e-5b7c67480619@group-9FC85213DB7A:t1, leader=null, voted=11a1cd88-dd72-463e-875e-5b7c67480619, raftlog=11a1cd88-dd72-463e-875e-5b7c67480619@group-9FC85213DB7A-SegmentedRaftLog:OPENED:c-1,f-1,i0, conf=-1: [11a1cd88-dd72-463e-875e-5b7c67480619:172.18.0.9:9858, 11a81858-ccaa-4d0d-a0b0-5bfe71c6be9c:172.18.0.8:9858, 84e9d84a-7301-4597-81dc-b2aa09da2728:172.18.0.6:9858], old=null
datanode_2  | 2019-11-13 21:29:19,136 INFO server.RaftServerConfigKeys: raft.server.rpc.sleep.time = 25ms (default)
s3g_1       | 	at org.eclipse.jetty.util.thread.QueuedThreadPool.runJob(QueuedThreadPool.java:671)
om3_1       | 2019-11-13 21:29:16,156 INFO impl.RaftServerImpl: om3@group-562213E44849: changes role from  FOLLOWER to FOLLOWER at term 2 for recognizeCandidate:om2
om2_1       | 2019-11-13 21:29:14,231 INFO server.BaseHttpServer: HTTP server of OZONEMANAGER is listening at http://0.0.0.0:9874
om1_1       | WARNING: Use --illegal-access=warn to enable warnings of further illegal reflective access operations
datanode_1  | 2019-11-13 21:29:19,168 INFO server.RaftServerConfigKeys: raft.server.watch.timeout.denomination = 1s (default)
datanode_2  | 2019-11-13 21:29:19,140 INFO server.RaftServerConfigKeys: raft.server.write.element-limit = 4096 (default)
s3g_1       | 	at org.eclipse.jetty.util.thread.QueuedThreadPool$2.run(QueuedThreadPool.java:589)
om2_1       | 2019-11-13 21:29:14,794 INFO impl.FollowerState: om2@group-562213E44849-FollowerState: change to CANDIDATE, lastRpcTime:1060ms, electionTimeout:1059ms
om3_1       | 2019-11-13 21:29:16,157 INFO impl.RoleInfo: om3: shutdown FollowerState
datanode_3  | 2019-11-13 21:29:21,926 INFO impl.RaftServerImpl: 11a1cd88-dd72-463e-875e-5b7c67480619@group-9FC85213DB7A: changes role from CANDIDATE to FOLLOWER at term 1 for DISCOVERED_A_NEW_TERM
om1_1       | WARNING: All illegal access operations will be denied in a future release
datanode_1  | 2019-11-13 21:29:19,170 INFO server.RaftServerConfigKeys: raft.server.watch.element-limit = 65536 (default)
datanode_2  | 2019-11-13 21:29:19,146 INFO server.RaftServerConfigKeys: raft.server.watch.timeout = 10s (default)
s3g_1       | 	at java.base/java.lang.Thread.run(Thread.java:834)
om3_1       | 2019-11-13 21:29:16,157 INFO impl.RoleInfo: om3: start FollowerState
om2_1       | 2019-11-13 21:29:14,794 INFO impl.RoleInfo: om2: shutdown FollowerState
datanode_3  | 2019-11-13 21:29:21,926 INFO impl.RoleInfo: 11a1cd88-dd72-463e-875e-5b7c67480619: shutdown LeaderElection
om1_1       | 2019-11-13 21:29:15,079 INFO impl.LeaderElection: om1@group-562213E44849-LeaderElection1: Election REJECTED; received 2 response(s) [om1<-om3#0:FAIL-t1, om1<-om2#0:FAIL-t1] and 0 exception(s); om1@group-562213E44849:t1, leader=null, voted=om1, raftlog=om1@group-562213E44849-SegmentedRaftLog:OPENED:c-1,f-1,i0, conf=-1: [om1:om1:9872, om3:om3:9872, om2:om2:9872], old=null
datanode_1  | 2019-11-13 21:29:19,180 INFO impl.RoleInfo: 11a81858-ccaa-4d0d-a0b0-5bfe71c6be9c: start LeaderState
datanode_2  | 2019-11-13 21:29:19,147 INFO server.RaftServerConfigKeys: raft.server.watch.timeout.denomination = 1s (default)
s3g_1       | 2019-11-13 21:30:47,178 ERROR endpoint.ObjectEndpoint: Error in Complete Multipart Upload Request for bucket: bucket-23911, key: multipartKey3
om3_1       | 2019-11-13 21:29:16,157 INFO impl.FollowerState: om3@group-562213E44849-FollowerState was interrupted: java.lang.InterruptedException: sleep interrupted
om2_1       | 2019-11-13 21:29:14,795 INFO impl.RaftServerImpl: om2@group-562213E44849: changes role from  FOLLOWER to CANDIDATE at term 0 for changeToCandidate
datanode_3  | 2019-11-13 21:29:21,927 INFO impl.RoleInfo: 11a1cd88-dd72-463e-875e-5b7c67480619: start FollowerState
om1_1       | 2019-11-13 21:29:15,082 INFO impl.RaftServerImpl: om1@group-562213E44849: changes role from CANDIDATE to FOLLOWER at term 1 for DISCOVERED_A_NEW_TERM
datanode_2  | 2019-11-13 21:29:19,148 INFO server.RaftServerConfigKeys: raft.server.watch.element-limit = 65536 (default)
datanode_1  | 2019-11-13 21:29:19,208 INFO segmented.SegmentedRaftLogWorker: 11a81858-ccaa-4d0d-a0b0-5bfe71c6be9c@group-8F1E3199F790-SegmentedRaftLogWorker: Starting segment from index:0
s3g_1       | INVALID_PART org.apache.hadoop.ozone.om.exceptions.OMException: Complete Multipart Upload Failed: volume: s37c35ba70126b04fca007e4dbfab9c47cbucket: bucket-23911key: multipartKey3
om3_1       | 2019-11-13 21:29:16,329 INFO impl.RaftServerImpl: om3@group-562213E44849: change Leader from null to om2 at term 2 for appendEntries, leader elected after 2926ms
om2_1       | 2019-11-13 21:29:14,798 INFO impl.RoleInfo: om2: start LeaderElection
datanode_3  | 2019-11-13 21:29:26,851 INFO impl.RaftServerImpl: 11a1cd88-dd72-463e-875e-5b7c67480619@group-9FC85213DB7A: changes role from  FOLLOWER to FOLLOWER at term 2 for recognizeCandidate:11a81858-ccaa-4d0d-a0b0-5bfe71c6be9c
om1_1       | 2019-11-13 21:29:15,082 INFO impl.RoleInfo: om1: shutdown LeaderElection
datanode_2  | 2019-11-13 21:29:19,156 INFO impl.RoleInfo: 84e9d84a-7301-4597-81dc-b2aa09da2728: start LeaderState
datanode_1  | 2019-11-13 21:29:19,219 INFO impl.RaftServerImpl: 11a81858-ccaa-4d0d-a0b0-5bfe71c6be9c@group-8F1E3199F790: set configuration 0: [11a81858-ccaa-4d0d-a0b0-5bfe71c6be9c:172.18.0.8:9858], old=null at 0
s3g_1       | 	at org.apache.hadoop.ozone.om.protocolPB.OzoneManagerProtocolClientSideTranslatorPB.handleError(OzoneManagerProtocolClientSideTranslatorPB.java:761)
om3_1       | 2019-11-13 21:29:16,348 INFO impl.RaftServerImpl: om3@group-562213E44849: set configuration 0: [om1:om1:9872, om3:om3:9872, om2:om2:9872], old=null at 0
om2_1       | 2019-11-13 21:29:14,812 INFO impl.LeaderElection: om2@group-562213E44849-LeaderElection1: begin an election at term 1 for -1: [om1:om1:9872, om3:om3:9872, om2:om2:9872], old=null
datanode_3  | 2019-11-13 21:29:26,852 INFO impl.RoleInfo: 11a1cd88-dd72-463e-875e-5b7c67480619: shutdown FollowerState
om1_1       | 2019-11-13 21:29:15,083 INFO impl.RoleInfo: om1: start FollowerState
datanode_2  | 2019-11-13 21:29:19,175 INFO segmented.SegmentedRaftLogWorker: 84e9d84a-7301-4597-81dc-b2aa09da2728@group-3CE4D0F73349-SegmentedRaftLogWorker: Starting segment from index:0
datanode_1  | 2019-11-13 21:29:21,734 INFO segmented.SegmentedRaftLogWorker: 11a81858-ccaa-4d0d-a0b0-5bfe71c6be9c@group-8F1E3199F790-SegmentedRaftLogWorker: created new log segment /data/metadata/ratis/e7cd4e9d-c43f-442d-8b2c-8f1e3199f790/current/log_inprogress_0
s3g_1       | 	at org.apache.hadoop.ozone.om.protocolPB.OzoneManagerProtocolClientSideTranslatorPB.completeMultipartUpload(OzoneManagerProtocolClientSideTranslatorPB.java:1133)
om3_1       | 2019-11-13 21:29:16,352 INFO segmented.SegmentedRaftLogWorker: om3@group-562213E44849-SegmentedRaftLogWorker: Starting segment from index:0
om2_1       | WARNING: An illegal reflective access operation has occurred
datanode_3  | 2019-11-13 21:29:26,852 INFO impl.RoleInfo: 11a1cd88-dd72-463e-875e-5b7c67480619: start FollowerState
om1_1       | 2019-11-13 21:29:16,144 INFO impl.FollowerState: om1@group-562213E44849-FollowerState: change to CANDIDATE, lastRpcTime:1060ms, electionTimeout:1059ms
datanode_1  | 2019-11-13 21:29:21,764 INFO impl.LeaderElection: 11a81858-ccaa-4d0d-a0b0-5bfe71c6be9c@group-9FC85213DB7A-LeaderElection2: Election REJECTED; received 2 response(s) [11a81858-ccaa-4d0d-a0b0-5bfe71c6be9c<-11a1cd88-dd72-463e-875e-5b7c67480619#0:FAIL-t1, 11a81858-ccaa-4d0d-a0b0-5bfe71c6be9c<-84e9d84a-7301-4597-81dc-b2aa09da2728#0:FAIL-t1] and 0 exception(s); 11a81858-ccaa-4d0d-a0b0-5bfe71c6be9c@group-9FC85213DB7A:t1, leader=null, voted=11a81858-ccaa-4d0d-a0b0-5bfe71c6be9c, raftlog=11a81858-ccaa-4d0d-a0b0-5bfe71c6be9c@group-9FC85213DB7A-SegmentedRaftLog:OPENED:c-1,f-1,i0, conf=-1: [11a1cd88-dd72-463e-875e-5b7c67480619:172.18.0.9:9858, 11a81858-ccaa-4d0d-a0b0-5bfe71c6be9c:172.18.0.8:9858, 84e9d84a-7301-4597-81dc-b2aa09da2728:172.18.0.6:9858], old=null
datanode_2  | 2019-11-13 21:29:19,190 INFO impl.RaftServerImpl: 84e9d84a-7301-4597-81dc-b2aa09da2728@group-3CE4D0F73349: set configuration 0: [84e9d84a-7301-4597-81dc-b2aa09da2728:172.18.0.6:9858], old=null at 0
s3g_1       | 	at java.base/jdk.internal.reflect.NativeMethodAccessorImpl.invoke0(Native Method)
om3_1       | 2019-11-13 21:29:16,504 INFO segmented.SegmentedRaftLogWorker: om3@group-562213E44849-SegmentedRaftLogWorker: created new log segment /data/metadata/ratis/fafe1b60-c241-37cc-98f4-562213e44849/current/log_inprogress_0
om2_1       | WARNING: Illegal reflective access by org.apache.ratis.thirdparty.com.google.protobuf.UnsafeUtil (file:/opt/hadoop/share/ozone/lib/ratis-thirdparty-misc-0.2.0.jar) to field java.nio.Buffer.address
datanode_3  | 2019-11-13 21:29:26,852 INFO impl.FollowerState: 11a1cd88-dd72-463e-875e-5b7c67480619@group-9FC85213DB7A-FollowerState was interrupted: java.lang.InterruptedException: sleep interrupted
om1_1       | 2019-11-13 21:29:16,144 INFO impl.RoleInfo: om1: shutdown FollowerState
datanode_2  | 2019-11-13 21:29:21,722 INFO segmented.SegmentedRaftLogWorker: 84e9d84a-7301-4597-81dc-b2aa09da2728@group-3CE4D0F73349-SegmentedRaftLogWorker: created new log segment /data/metadata/ratis/fd07098b-004a-47d7-ad56-3ce4d0f73349/current/log_inprogress_0
datanode_1  | 2019-11-13 21:29:21,766 INFO impl.RaftServerImpl: 11a81858-ccaa-4d0d-a0b0-5bfe71c6be9c@group-9FC85213DB7A: changes role from CANDIDATE to FOLLOWER at term 1 for DISCOVERED_A_NEW_TERM
s3g_1       | 	at java.base/jdk.internal.reflect.NativeMethodAccessorImpl.invoke(NativeMethodAccessorImpl.java:62)
om3_1       | 2019-11-13 21:30:15,077 ERROR proto.OzoneManagerProtocolProtos$S3CreateBucketRequest: S3Bucket Creation Failed for userName: 7c35ba70126b04fca007e4dbfab9c47c, s3BucketName bucket-07466, VolumeName s37c35ba70126b04fca007e4dbfab9c47c
om2_1       | WARNING: Please consider reporting this to the maintainers of org.apache.ratis.thirdparty.com.google.protobuf.UnsafeUtil
datanode_3  | 2019-11-13 21:29:26,950 INFO ratis.XceiverServerRatis: Leader change notification received for group: group-9FC85213DB7A with new leaderId: 11a81858-ccaa-4d0d-a0b0-5bfe71c6be9c
om1_1       | 2019-11-13 21:29:16,144 INFO impl.RaftServerImpl: om1@group-562213E44849: changes role from  FOLLOWER to CANDIDATE at term 1 for changeToCandidate
datanode_2  | 2019-11-13 21:29:21,722 INFO impl.LeaderElection: 84e9d84a-7301-4597-81dc-b2aa09da2728@group-9FC85213DB7A-LeaderElection2: begin an election at term 1 for -1: [11a1cd88-dd72-463e-875e-5b7c67480619:172.18.0.9:9858, 11a81858-ccaa-4d0d-a0b0-5bfe71c6be9c:172.18.0.8:9858, 84e9d84a-7301-4597-81dc-b2aa09da2728:172.18.0.6:9858], old=null
datanode_1  | 2019-11-13 21:29:21,766 INFO impl.RoleInfo: 11a81858-ccaa-4d0d-a0b0-5bfe71c6be9c: shutdown LeaderElection
s3g_1       | 	at java.base/jdk.internal.reflect.DelegatingMethodAccessorImpl.invoke(DelegatingMethodAccessorImpl.java:43)
om3_1       | 2019-11-13 21:30:42,159 INFO segmented.SegmentedRaftLogWorker: om3@group-562213E44849-SegmentedRaftLogWorker: Rolling segment log-0_56 to index:56
om2_1       | WARNING: Use --illegal-access=warn to enable warnings of further illegal reflective access operations
datanode_3  | 2019-11-13 21:29:26,950 INFO impl.RaftServerImpl: 11a1cd88-dd72-463e-875e-5b7c67480619@group-9FC85213DB7A: change Leader from null to 11a81858-ccaa-4d0d-a0b0-5bfe71c6be9c at term 2 for appendEntries, leader elected after 13280ms
om1_1       | 2019-11-13 21:29:16,145 INFO impl.RoleInfo: om1: start LeaderElection
datanode_2  | 2019-11-13 21:29:21,916 INFO impl.LeaderElection: 84e9d84a-7301-4597-81dc-b2aa09da2728@group-9FC85213DB7A-LeaderElection2: Election REJECTED; received 2 response(s) [84e9d84a-7301-4597-81dc-b2aa09da2728<-11a1cd88-dd72-463e-875e-5b7c67480619#0:FAIL-t1, 84e9d84a-7301-4597-81dc-b2aa09da2728<-11a81858-ccaa-4d0d-a0b0-5bfe71c6be9c#0:FAIL-t1] and 0 exception(s); 84e9d84a-7301-4597-81dc-b2aa09da2728@group-9FC85213DB7A:t1, leader=null, voted=84e9d84a-7301-4597-81dc-b2aa09da2728, raftlog=84e9d84a-7301-4597-81dc-b2aa09da2728@group-9FC85213DB7A-SegmentedRaftLog:OPENED:c-1,f-1,i0, conf=-1: [11a1cd88-dd72-463e-875e-5b7c67480619:172.18.0.9:9858, 11a81858-ccaa-4d0d-a0b0-5bfe71c6be9c:172.18.0.8:9858, 84e9d84a-7301-4597-81dc-b2aa09da2728:172.18.0.6:9858], old=null
datanode_1  | 2019-11-13 21:29:21,766 INFO impl.RoleInfo: 11a81858-ccaa-4d0d-a0b0-5bfe71c6be9c: start FollowerState
om3_1       | 2019-11-13 21:30:42,161 INFO segmented.SegmentedRaftLogWorker: om3@group-562213E44849-SegmentedRaftLogWorker: Rolled log segment from /data/metadata/ratis/fafe1b60-c241-37cc-98f4-562213e44849/current/log_inprogress_0 to /data/metadata/ratis/fafe1b60-c241-37cc-98f4-562213e44849/current/log_0-56
om2_1       | WARNING: All illegal access operations will be denied in a future release
om1_1       | 2019-11-13 21:29:16,217 INFO impl.LeaderElection: om1@group-562213E44849-LeaderElection2: begin an election at term 2 for -1: [om1:om1:9872, om3:om3:9872, om2:om2:9872], old=null
datanode_3  | 2019-11-13 21:29:26,969 INFO impl.RaftServerImpl: 11a1cd88-dd72-463e-875e-5b7c67480619@group-9FC85213DB7A: set configuration 0: [11a1cd88-dd72-463e-875e-5b7c67480619:172.18.0.9:9858, 11a81858-ccaa-4d0d-a0b0-5bfe71c6be9c:172.18.0.8:9858, 84e9d84a-7301-4597-81dc-b2aa09da2728:172.18.0.6:9858], old=null at 0
s3g_1       | 	at java.base/java.lang.reflect.Method.invoke(Method.java:566)
datanode_2  | 2019-11-13 21:29:21,917 INFO impl.RaftServerImpl: 84e9d84a-7301-4597-81dc-b2aa09da2728@group-9FC85213DB7A: changes role from CANDIDATE to FOLLOWER at term 1 for DISCOVERED_A_NEW_TERM
datanode_1  | 2019-11-13 21:29:26,820 INFO impl.FollowerState: 11a81858-ccaa-4d0d-a0b0-5bfe71c6be9c@group-9FC85213DB7A-FollowerState: change to CANDIDATE, lastRpcTime:5053ms, electionTimeout:5053ms
om3_1       | 2019-11-13 21:30:42,174 INFO segmented.SegmentedRaftLogWorker: om3@group-562213E44849-SegmentedRaftLogWorker: created new log segment /data/metadata/ratis/fafe1b60-c241-37cc-98f4-562213e44849/current/log_inprogress_57
om1_1       | 2019-11-13 21:29:16,284 INFO impl.LeaderElection: om1@group-562213E44849-LeaderElection2: Election REJECTED; received 2 response(s) [om1<-om3#0:FAIL-t2, om1<-om2#0:FAIL-t2] and 0 exception(s); om1@group-562213E44849:t2, leader=null, voted=om1, raftlog=om1@group-562213E44849-SegmentedRaftLog:OPENED:c-1,f-1,i0, conf=-1: [om1:om1:9872, om3:om3:9872, om2:om2:9872], old=null
om2_1       | 2019-11-13 21:29:15,090 INFO impl.LeaderElection: om2@group-562213E44849-LeaderElection1: Election REJECTED; received 2 response(s) [om2<-om1#0:FAIL-t1, om2<-om3#0:FAIL-t1] and 0 exception(s); om2@group-562213E44849:t1, leader=null, voted=om2, raftlog=om2@group-562213E44849-SegmentedRaftLog:OPENED:c-1,f-1,i0, conf=-1: [om1:om1:9872, om3:om3:9872, om2:om2:9872], old=null
datanode_3  | 2019-11-13 21:29:26,969 INFO segmented.SegmentedRaftLogWorker: 11a1cd88-dd72-463e-875e-5b7c67480619@group-9FC85213DB7A-SegmentedRaftLogWorker: Starting segment from index:0
s3g_1       | 	at org.apache.hadoop.hdds.tracing.TraceAllMethod.invoke(TraceAllMethod.java:66)
datanode_2  | 2019-11-13 21:29:21,918 INFO impl.RoleInfo: 84e9d84a-7301-4597-81dc-b2aa09da2728: shutdown LeaderElection
datanode_1  | 2019-11-13 21:29:26,821 INFO impl.RoleInfo: 11a81858-ccaa-4d0d-a0b0-5bfe71c6be9c: shutdown FollowerState
om3_1       | 2019-11-13 21:30:43,599 ERROR multipart.S3MultipartUploadCompleteRequest: MultipartUpload: /s37c35ba70126b04fca007e4dbfab9c47c/bucket-23911/multipartKey2Part number: 1size 6 is less than minimum part size 5242880
om1_1       | 2019-11-13 21:29:16,285 INFO impl.RaftServerImpl: om1@group-562213E44849: changes role from CANDIDATE to FOLLOWER at term 2 for DISCOVERED_A_NEW_TERM
om2_1       | 2019-11-13 21:29:15,092 INFO impl.RaftServerImpl: om2@group-562213E44849: changes role from CANDIDATE to FOLLOWER at term 1 for DISCOVERED_A_NEW_TERM
datanode_3  | 2019-11-13 21:29:27,051 INFO segmented.SegmentedRaftLogWorker: 11a1cd88-dd72-463e-875e-5b7c67480619@group-9FC85213DB7A-SegmentedRaftLogWorker: created new log segment /data/metadata/ratis/783ca207-c0a0-43b8-8216-9fc85213db7a/current/log_inprogress_0
s3g_1       | 	at com.sun.proxy.$Proxy84.completeMultipartUpload(Unknown Source)
datanode_2  | 2019-11-13 21:29:21,918 INFO impl.RoleInfo: 84e9d84a-7301-4597-81dc-b2aa09da2728: start FollowerState
datanode_1  | 2019-11-13 21:29:26,821 INFO impl.RaftServerImpl: 11a81858-ccaa-4d0d-a0b0-5bfe71c6be9c@group-9FC85213DB7A: changes role from  FOLLOWER to CANDIDATE at term 1 for changeToCandidate
om1_1       | 2019-11-13 21:29:16,285 INFO impl.RoleInfo: om1: shutdown LeaderElection
om3_1       | 2019-11-13 21:30:43,602 ERROR multipart.S3MultipartUploadCompleteRequest: MultipartUpload Complete request failed for Key: multipartKey2 in Volume/Bucket s37c35ba70126b04fca007e4dbfab9c47c/bucket-23911
om2_1       | 2019-11-13 21:29:15,092 INFO impl.RoleInfo: om2: shutdown LeaderElection
datanode_3  | 2019-11-13 21:33:24,289 INFO util.JvmPauseMonitor: Detected pause in JVM or host machine (eg GC): pause of approximately 2268ms
datanode_2  | 2019-11-13 21:29:26,857 INFO impl.RaftServerImpl: 84e9d84a-7301-4597-81dc-b2aa09da2728@group-9FC85213DB7A: changes role from  FOLLOWER to FOLLOWER at term 2 for recognizeCandidate:11a81858-ccaa-4d0d-a0b0-5bfe71c6be9c
s3g_1       | 	at org.apache.hadoop.ozone.client.rpc.RpcClient.completeMultipartUpload(RpcClient.java:914)
datanode_1  | 2019-11-13 21:29:26,821 INFO impl.RoleInfo: 11a81858-ccaa-4d0d-a0b0-5bfe71c6be9c: start LeaderElection
om1_1       | 2019-11-13 21:29:16,285 INFO impl.RoleInfo: om1: start FollowerState
om3_1       | ENTITY_TOO_SMALL org.apache.hadoop.ozone.om.exceptions.OMException: Complete Multipart Upload Failed: Entity too small: volume: s37c35ba70126b04fca007e4dbfab9c47cbucket: bucket-23911key: multipartKey2
om2_1       | 2019-11-13 21:29:15,093 INFO impl.RoleInfo: om2: start FollowerState
datanode_3  | No GCs detected
datanode_2  | 2019-11-13 21:29:26,857 INFO impl.RoleInfo: 84e9d84a-7301-4597-81dc-b2aa09da2728: shutdown FollowerState
s3g_1       | 	at org.apache.hadoop.ozone.client.OzoneBucket.completeMultipartUpload(OzoneBucket.java:445)
datanode_1  | 2019-11-13 21:29:26,835 INFO impl.LeaderElection: 11a81858-ccaa-4d0d-a0b0-5bfe71c6be9c@group-9FC85213DB7A-LeaderElection3: begin an election at term 2 for -1: [11a1cd88-dd72-463e-875e-5b7c67480619:172.18.0.9:9858, 11a81858-ccaa-4d0d-a0b0-5bfe71c6be9c:172.18.0.8:9858, 84e9d84a-7301-4597-81dc-b2aa09da2728:172.18.0.6:9858], old=null
om3_1       | 	at org.apache.hadoop.ozone.om.request.s3.multipart.S3MultipartUploadCompleteRequest.validateAndUpdateCache(S3MultipartUploadCompleteRequest.java:207)
om1_1       | 2019-11-13 21:29:16,311 INFO impl.RaftServerImpl: om1@group-562213E44849: change Leader from null to om2 at term 2 for appendEntries, leader elected after 2876ms
om2_1       | 2019-11-13 21:29:16,110 INFO impl.FollowerState: om2@group-562213E44849-FollowerState: change to CANDIDATE, lastRpcTime:1017ms, electionTimeout:1014ms
datanode_3  | 2019-11-13 21:34:10,875 WARN server.GrpcServerProtocolService: 11a1cd88-dd72-463e-875e-5b7c67480619: installSnapshot onError, lastRequest: 11a81858-ccaa-4d0d-a0b0-5bfe71c6be9c->11a1cd88-dd72-463e-875e-5b7c67480619#219-t2, previous=(t:2, i:118), leaderCommit=118, initializing? false, entries: <empty>: org.apache.ratis.thirdparty.io.grpc.StatusRuntimeException: CANCELLED: cancelled before receiving half close
datanode_2  | 2019-11-13 21:29:26,857 INFO impl.RoleInfo: 84e9d84a-7301-4597-81dc-b2aa09da2728: start FollowerState
datanode_1  | 2019-11-13 21:29:26,875 INFO impl.LeaderElection: 11a81858-ccaa-4d0d-a0b0-5bfe71c6be9c@group-9FC85213DB7A-LeaderElection3: Election PASSED; received 1 response(s) [11a81858-ccaa-4d0d-a0b0-5bfe71c6be9c<-11a1cd88-dd72-463e-875e-5b7c67480619#0:OK-t2] and 0 exception(s); 11a81858-ccaa-4d0d-a0b0-5bfe71c6be9c@group-9FC85213DB7A:t2, leader=null, voted=11a81858-ccaa-4d0d-a0b0-5bfe71c6be9c, raftlog=11a81858-ccaa-4d0d-a0b0-5bfe71c6be9c@group-9FC85213DB7A-SegmentedRaftLog:OPENED:c-1,f-1,i0, conf=-1: [11a1cd88-dd72-463e-875e-5b7c67480619:172.18.0.9:9858, 11a81858-ccaa-4d0d-a0b0-5bfe71c6be9c:172.18.0.8:9858, 84e9d84a-7301-4597-81dc-b2aa09da2728:172.18.0.6:9858], old=null
om1_1       | 2019-11-13 21:29:16,338 INFO impl.RaftServerImpl: om1@group-562213E44849: set configuration 0: [om1:om1:9872, om3:om3:9872, om2:om2:9872], old=null at 0
om3_1       | 	at org.apache.hadoop.ozone.protocolPB.OzoneManagerHARequestHandlerImpl.handleApplyTransaction(OzoneManagerHARequestHandlerImpl.java:52)
s3g_1       | 	at org.apache.hadoop.ozone.s3.endpoint.ObjectEndpoint.completeMultipartUpload(ObjectEndpoint.java:500)
om2_1       | 2019-11-13 21:29:16,111 INFO impl.RoleInfo: om2: shutdown FollowerState
datanode_3  | Nov 13, 2019 9:34:10 PM org.apache.ratis.thirdparty.io.grpc.internal.SerializingExecutor run
datanode_2  | 2019-11-13 21:29:26,857 INFO impl.FollowerState: 84e9d84a-7301-4597-81dc-b2aa09da2728@group-9FC85213DB7A-FollowerState was interrupted: java.lang.InterruptedException: sleep interrupted
datanode_1  | 2019-11-13 21:29:26,876 INFO impl.RoleInfo: 11a81858-ccaa-4d0d-a0b0-5bfe71c6be9c: shutdown LeaderElection
om3_1       | 	at org.apache.hadoop.ozone.om.ratis.OzoneManagerStateMachine.runCommand(OzoneManagerStateMachine.java:327)
s3g_1       | 	at java.base/jdk.internal.reflect.NativeMethodAccessorImpl.invoke0(Native Method)
om2_1       | 2019-11-13 21:29:16,111 INFO impl.RaftServerImpl: om2@group-562213E44849: changes role from  FOLLOWER to CANDIDATE at term 1 for changeToCandidate
datanode_3  | SEVERE: Exception while executing runnable org.apache.ratis.thirdparty.io.grpc.internal.ServerImpl$JumpToApplicationThreadServerStreamListener$1Closed@66456777
om1_1       | 2019-11-13 21:29:16,342 INFO segmented.SegmentedRaftLogWorker: om1@group-562213E44849-SegmentedRaftLogWorker: Starting segment from index:0
datanode_2  | 2019-11-13 21:29:26,948 INFO ratis.XceiverServerRatis: Leader change notification received for group: group-9FC85213DB7A with new leaderId: 11a81858-ccaa-4d0d-a0b0-5bfe71c6be9c
datanode_1  | 2019-11-13 21:29:26,876 INFO impl.RaftServerImpl: 11a81858-ccaa-4d0d-a0b0-5bfe71c6be9c@group-9FC85213DB7A: changes role from CANDIDATE to LEADER at term 2 for changeToLeader
om3_1       | 	at org.apache.hadoop.ozone.om.ratis.OzoneManagerStateMachine.lambda$applyTransaction$1(OzoneManagerStateMachine.java:202)
s3g_1       | 	at java.base/jdk.internal.reflect.NativeMethodAccessorImpl.invoke(NativeMethodAccessorImpl.java:62)
om2_1       | 2019-11-13 21:29:16,111 INFO impl.RoleInfo: om2: start LeaderElection
om2_1       | 2019-11-13 21:29:16,134 INFO impl.LeaderElection: om2@group-562213E44849-LeaderElection2: begin an election at term 2 for -1: [om1:om1:9872, om3:om3:9872, om2:om2:9872], old=null
om2_1       | 2019-11-13 21:29:16,221 INFO impl.LeaderElection: om2@group-562213E44849-LeaderElection2: Election PASSED; received 2 response(s) [om2<-om1#0:FAIL-t2, om2<-om3#0:OK-t2] and 0 exception(s); om2@group-562213E44849:t2, leader=null, voted=om2, raftlog=om2@group-562213E44849-SegmentedRaftLog:OPENED:c-1,f-1,i0, conf=-1: [om1:om1:9872, om3:om3:9872, om2:om2:9872], old=null
om1_1       | 2019-11-13 21:29:16,426 INFO segmented.SegmentedRaftLogWorker: om1@group-562213E44849-SegmentedRaftLogWorker: created new log segment /data/metadata/ratis/fafe1b60-c241-37cc-98f4-562213e44849/current/log_inprogress_0
om1_1       | 2019-11-13 21:30:02,808 INFO ipc.Server: IPC Server handler 1 on 9862, call Call#0 Retry#0 org.apache.hadoop.ozone.om.protocol.OzoneManagerProtocol.submitRequest from 172.18.0.5:59254
datanode_1  | 2019-11-13 21:29:26,876 INFO ratis.XceiverServerRatis: Leader change notification received for group: group-9FC85213DB7A with new leaderId: 11a81858-ccaa-4d0d-a0b0-5bfe71c6be9c
om3_1       | 	at java.base/java.util.concurrent.CompletableFuture$AsyncSupply.run(CompletableFuture.java:1700)
s3g_1       | 	at java.base/jdk.internal.reflect.DelegatingMethodAccessorImpl.invoke(DelegatingMethodAccessorImpl.java:43)
om2_1       | 2019-11-13 21:29:16,221 INFO impl.RoleInfo: om2: shutdown LeaderElection
om2_1       | 2019-11-13 21:29:16,222 INFO impl.RaftServerImpl: om2@group-562213E44849: changes role from CANDIDATE to LEADER at term 2 for changeToLeader
om1_1       | org.apache.hadoop.ozone.om.exceptions.NotLeaderException: OM:om1 is not the leader. Suggested leader is OM:om2.
datanode_2  | 2019-11-13 21:29:26,948 INFO impl.RaftServerImpl: 84e9d84a-7301-4597-81dc-b2aa09da2728@group-9FC85213DB7A: change Leader from null to 11a81858-ccaa-4d0d-a0b0-5bfe71c6be9c at term 2 for appendEntries, leader elected after 13319ms
om3_1       | 	at java.base/java.util.concurrent.ThreadPoolExecutor.runWorker(ThreadPoolExecutor.java:1128)
s3g_1       | 	at java.base/java.lang.reflect.Method.invoke(Method.java:566)
datanode_3  | org.apache.ratis.thirdparty.io.grpc.StatusRuntimeException: CANCELLED: call already cancelled
datanode_1  | 2019-11-13 21:29:26,876 INFO impl.RaftServerImpl: 11a81858-ccaa-4d0d-a0b0-5bfe71c6be9c@group-9FC85213DB7A: change Leader from null to 11a81858-ccaa-4d0d-a0b0-5bfe71c6be9c at term 2 for becomeLeader, leader elected after 13249ms
om1_1       | 	at org.apache.hadoop.ozone.protocolPB.OzoneManagerProtocolServerSideTranslatorPB.createNotLeaderException(OzoneManagerProtocolServerSideTranslatorPB.java:188)
om2_1       | 2019-11-13 21:29:16,222 INFO impl.RaftServerImpl: om2@group-562213E44849: change Leader from null to om2 at term 2 for becomeLeader, leader elected after 2697ms
datanode_2  | 2019-11-13 21:29:26,969 INFO impl.RaftServerImpl: 84e9d84a-7301-4597-81dc-b2aa09da2728@group-9FC85213DB7A: set configuration 0: [11a1cd88-dd72-463e-875e-5b7c67480619:172.18.0.9:9858, 11a81858-ccaa-4d0d-a0b0-5bfe71c6be9c:172.18.0.8:9858, 84e9d84a-7301-4597-81dc-b2aa09da2728:172.18.0.6:9858], old=null at 0
om3_1       | 	at java.base/java.util.concurrent.ThreadPoolExecutor$Worker.run(ThreadPoolExecutor.java:628)
s3g_1       | 	at org.glassfish.jersey.server.model.internal.ResourceMethodInvocationHandlerFactory.lambda$static$0(ResourceMethodInvocationHandlerFactory.java:76)
datanode_3  | 	at org.apache.ratis.thirdparty.io.grpc.Status.asRuntimeException(Status.java:517)
datanode_1  | 2019-11-13 21:29:26,876 INFO server.RaftServerConfigKeys: raft.server.staging.catchup.gap = 1000 (default)
om1_1       | 	at org.apache.hadoop.ozone.protocolPB.OzoneManagerProtocolServerSideTranslatorPB.submitReadRequestToOM(OzoneManagerProtocolServerSideTranslatorPB.java:176)
om2_1       | 2019-11-13 21:29:16,226 INFO server.RaftServerConfigKeys: raft.server.staging.catchup.gap = 1000 (default)
datanode_2  | 2019-11-13 21:29:26,969 INFO segmented.SegmentedRaftLogWorker: 84e9d84a-7301-4597-81dc-b2aa09da2728@group-9FC85213DB7A-SegmentedRaftLogWorker: Starting segment from index:0
om3_1       | 	at java.base/java.lang.Thread.run(Thread.java:834)
s3g_1       | 	at org.glassfish.jersey.server.model.internal.AbstractJavaResourceMethodDispatcher$1.run(AbstractJavaResourceMethodDispatcher.java:148)
datanode_3  | 	at org.apache.ratis.thirdparty.io.grpc.stub.ServerCalls$ServerCallStreamObserverImpl.onCompleted(ServerCalls.java:356)
datanode_3  | 	at org.apache.ratis.grpc.server.GrpcServerProtocolService$ServerRequestStreamObserver.onError(GrpcServerProtocolService.java:121)
om1_1       | 	at org.apache.hadoop.ozone.protocolPB.OzoneManagerProtocolServerSideTranslatorPB.processRequest(OzoneManagerProtocolServerSideTranslatorPB.java:110)
om1_1       | 	at org.apache.hadoop.hdds.server.OzoneProtocolMessageDispatcher.processRequest(OzoneProtocolMessageDispatcher.java:72)
om1_1       | 	at org.apache.hadoop.ozone.protocolPB.OzoneManagerProtocolServerSideTranslatorPB.submitRequest(OzoneManagerProtocolServerSideTranslatorPB.java:100)
om3_1       | 2019-11-13 21:30:47,189 ERROR multipart.S3MultipartUploadCompleteRequest: Complete MultipartUpload failed for key /s37c35ba70126b04fca007e4dbfab9c47c/bucket-23911/multipartKey3 , MPU Key has no parts in OM, parts given to upload are [partNumber: 1
datanode_2  | 2019-11-13 21:29:27,051 INFO segmented.SegmentedRaftLogWorker: 84e9d84a-7301-4597-81dc-b2aa09da2728@group-9FC85213DB7A-SegmentedRaftLogWorker: created new log segment /data/metadata/ratis/783ca207-c0a0-43b8-8216-9fc85213db7a/current/log_inprogress_0
datanode_3  | 	at org.apache.ratis.thirdparty.io.grpc.stub.ServerCalls$StreamingServerCallHandler$StreamingServerCallListener.onCancel(ServerCalls.java:269)
datanode_1  | 2019-11-13 21:29:26,877 INFO server.RaftServerConfigKeys: raft.server.rpc.sleep.time = 25ms (default)
om1_1       | 	at org.apache.hadoop.ozone.protocol.proto.OzoneManagerProtocolProtos$OzoneManagerService$2.callBlockingMethod(OzoneManagerProtocolProtos.java)
s3g_1       | 	at org.glassfish.jersey.server.model.internal.AbstractJavaResourceMethodDispatcher.invoke(AbstractJavaResourceMethodDispatcher.java:191)
om2_1       | 2019-11-13 21:29:16,226 INFO server.RaftServerConfigKeys: raft.server.rpc.sleep.time = 25ms (default)
om3_1       | partName: "etag1"
datanode_3  | 	at org.apache.ratis.thirdparty.io.grpc.internal.ServerCallImpl$ServerStreamListenerImpl.closed(ServerCallImpl.java:293)
datanode_1  | 2019-11-13 21:29:26,877 INFO server.RaftServerConfigKeys: raft.server.write.element-limit = 4096 (default)
om1_1       | 	at org.apache.hadoop.ipc.ProtobufRpcEngine$Server$ProtoBufRpcInvoker.call(ProtobufRpcEngine.java:524)
s3g_1       | 	at org.glassfish.jersey.server.model.internal.JavaResourceMethodDispatcherProvider$ResponseOutInvoker.doDispatch(JavaResourceMethodDispatcherProvider.java:200)
om2_1       | 2019-11-13 21:29:16,228 INFO server.RaftServerConfigKeys: raft.server.write.element-limit = 4096 (default)
om3_1       | , partNumber: 2
datanode_3  | 	at org.apache.ratis.thirdparty.io.grpc.internal.ServerImpl$JumpToApplicationThreadServerStreamListener$1Closed.runInContext(ServerImpl.java:741)
datanode_1  | 2019-11-13 21:29:26,877 INFO server.RaftServerConfigKeys: raft.server.watch.timeout = 10s (default)
om1_1       | 	at org.apache.hadoop.ipc.RPC$Server.call(RPC.java:1025)
s3g_1       | 	at org.glassfish.jersey.server.model.internal.AbstractJavaResourceMethodDispatcher.dispatch(AbstractJavaResourceMethodDispatcher.java:103)
om2_1       | 2019-11-13 21:29:16,233 INFO server.RaftServerConfigKeys: raft.server.watch.timeout = 10s (default)
om3_1       | partName: "etag2"
datanode_3  | 	at org.apache.ratis.thirdparty.io.grpc.internal.ContextRunnable.run(ContextRunnable.java:37)
datanode_1  | 2019-11-13 21:29:26,877 INFO server.RaftServerConfigKeys: raft.server.watch.timeout.denomination = 1s (default)
om1_1       | 	at org.apache.hadoop.ipc.Server$RpcCall.run(Server.java:876)
s3g_1       | 	at org.glassfish.jersey.server.model.ResourceMethodInvoker.invoke(ResourceMethodInvoker.java:493)
om2_1       | 2019-11-13 21:29:16,234 INFO server.RaftServerConfigKeys: raft.server.watch.timeout.denomination = 1s (default)
om3_1       | ]
datanode_3  | 	at org.apache.ratis.thirdparty.io.grpc.internal.SerializingExecutor.run(SerializingExecutor.java:123)
datanode_1  | 2019-11-13 21:29:26,877 INFO server.RaftServerConfigKeys: raft.server.watch.element-limit = 65536 (default)
om1_1       | 	at org.apache.hadoop.ipc.Server$RpcCall.run(Server.java:822)
s3g_1       | 	at org.glassfish.jersey.server.model.ResourceMethodInvoker.apply(ResourceMethodInvoker.java:415)
om2_1       | 2019-11-13 21:29:16,235 INFO server.RaftServerConfigKeys: raft.server.watch.element-limit = 65536 (default)
om3_1       | 2019-11-13 21:30:47,190 ERROR multipart.S3MultipartUploadCompleteRequest: MultipartUpload Complete request failed for Key: multipartKey3 in Volume/Bucket s37c35ba70126b04fca007e4dbfab9c47c/bucket-23911
datanode_3  | 	at java.base/java.util.concurrent.ThreadPoolExecutor.runWorker(ThreadPoolExecutor.java:1128)
datanode_1  | 2019-11-13 21:29:26,881 INFO server.RaftServerConfigKeys: raft.server.log.appender.snapshot.chunk.size.max = 16MB (=16777216) (default)
om1_1       | 	at java.base/java.security.AccessController.doPrivileged(Native Method)
s3g_1       | 	at org.glassfish.jersey.server.model.ResourceMethodInvoker.apply(ResourceMethodInvoker.java:104)
om2_1       | 2019-11-13 21:29:16,245 INFO server.RaftServerConfigKeys: raft.server.log.appender.snapshot.chunk.size.max = 16MB (=16777216) (default)
datanode_3  | 	at java.base/java.util.concurrent.ThreadPoolExecutor$Worker.run(ThreadPoolExecutor.java:628)
datanode_1  | 2019-11-13 21:29:26,881 INFO server.RaftServerConfigKeys: raft.server.log.appender.buffer.byte-limit = 33554432 (custom)
s3g_1       | 	at org.glassfish.jersey.server.ServerRuntime$1.run(ServerRuntime.java:277)
om1_1       | 	at java.base/javax.security.auth.Subject.doAs(Subject.java:423)
om3_1       | INVALID_PART org.apache.hadoop.ozone.om.exceptions.OMException: Complete Multipart Upload Failed: volume: s37c35ba70126b04fca007e4dbfab9c47cbucket: bucket-23911key: multipartKey3
om2_1       | 2019-11-13 21:29:16,246 INFO server.RaftServerConfigKeys: raft.server.log.appender.buffer.byte-limit = 33554432 (custom)
datanode_3  | 	at java.base/java.lang.Thread.run(Thread.java:834)
datanode_1  | 2019-11-13 21:29:26,881 INFO server.RaftServerConfigKeys: raft.server.log.appender.buffer.element-limit = 1 (custom)
s3g_1       | 	at org.glassfish.jersey.internal.Errors$1.call(Errors.java:272)
om1_1       | 	at org.apache.hadoop.security.UserGroupInformation.doAs(UserGroupInformation.java:1730)
om3_1       | 	at org.apache.hadoop.ozone.om.request.s3.multipart.S3MultipartUploadCompleteRequest.validateAndUpdateCache(S3MultipartUploadCompleteRequest.java:146)
om2_1       | 2019-11-13 21:29:16,247 INFO server.RaftServerConfigKeys: raft.server.log.appender.buffer.element-limit = 1024 (custom)
datanode_3  | 
datanode_1  | 2019-11-13 21:29:26,885 INFO grpc.GrpcConfigKeys$Server: raft.grpc.server.leader.outstanding.appends.max = 128 (default)
s3g_1       | 	at org.glassfish.jersey.internal.Errors$1.call(Errors.java:268)
om1_1       | 	at org.apache.hadoop.ipc.Server$Handler.run(Server.java:2682)
om3_1       | 	at org.apache.hadoop.ozone.protocolPB.OzoneManagerHARequestHandlerImpl.handleApplyTransaction(OzoneManagerHARequestHandlerImpl.java:52)
om2_1       | 2019-11-13 21:29:16,253 INFO grpc.GrpcConfigKeys$Server: raft.grpc.server.leader.outstanding.appends.max = 128 (default)
datanode_1  | 2019-11-13 21:29:26,885 INFO server.RaftServerConfigKeys: raft.server.rpc.request.timeout = 3000ms (default)
s3g_1       | 	at org.glassfish.jersey.internal.Errors.process(Errors.java:316)
om1_1       | 2019-11-13 21:30:06,627 INFO ipc.Server: IPC Server handler 3 on 9862, call Call#3 Retry#0 org.apache.hadoop.ozone.om.protocol.OzoneManagerProtocol.submitRequest from 172.18.0.5:59254
om3_1       | 	at org.apache.hadoop.ozone.om.ratis.OzoneManagerStateMachine.runCommand(OzoneManagerStateMachine.java:327)
om2_1       | 2019-11-13 21:29:16,254 INFO server.RaftServerConfigKeys: raft.server.rpc.request.timeout = 3000ms (default)
datanode_1  | 2019-11-13 21:29:26,885 INFO server.RaftServerConfigKeys: raft.server.log.appender.install.snapshot.enabled = false (custom)
s3g_1       | 	at org.glassfish.jersey.internal.Errors.process(Errors.java:298)
om1_1       | org.apache.hadoop.ozone.om.exceptions.NotLeaderException: OM:om1 is not the leader. Suggested leader is OM:om2.
om3_1       | 	at org.apache.hadoop.ozone.om.ratis.OzoneManagerStateMachine.lambda$applyTransaction$1(OzoneManagerStateMachine.java:202)
datanode_1  | 2019-11-13 21:29:26,887 WARN impl.MetricRegistriesImpl: First MetricRegistry has been created without registering reporters. You may need to call MetricRegistries.global().addReportRegistration(...) before.
om2_1       | 2019-11-13 21:29:16,254 INFO server.RaftServerConfigKeys: raft.server.log.appender.install.snapshot.enabled = false (custom)
s3g_1       | 	at org.glassfish.jersey.internal.Errors.process(Errors.java:268)
om1_1       | 	at org.apache.hadoop.ozone.protocolPB.OzoneManagerProtocolServerSideTranslatorPB.createNotLeaderException(OzoneManagerProtocolServerSideTranslatorPB.java:188)
om3_1       | 	at java.base/java.util.concurrent.CompletableFuture$AsyncSupply.run(CompletableFuture.java:1700)
om2_1       | 2019-11-13 21:29:16,255 WARN impl.MetricRegistriesImpl: First MetricRegistry has been created without registering reporters. You may need to call MetricRegistries.global().addReportRegistration(...) before.
s3g_1       | 	at org.glassfish.jersey.process.internal.RequestScope.runInScope(RequestScope.java:289)
datanode_1  | 2019-11-13 21:29:26,888 INFO server.RaftServerConfigKeys: raft.server.log.appender.snapshot.chunk.size.max = 16MB (=16777216) (default)
om3_1       | 	at java.base/java.util.concurrent.ThreadPoolExecutor.runWorker(ThreadPoolExecutor.java:1128)
om2_1       | 2019-11-13 21:29:16,256 INFO server.RaftServerConfigKeys: raft.server.log.appender.snapshot.chunk.size.max = 16MB (=16777216) (default)
s3g_1       | 	at org.glassfish.jersey.server.ServerRuntime.process(ServerRuntime.java:256)
om1_1       | 	at org.apache.hadoop.ozone.protocolPB.OzoneManagerProtocolServerSideTranslatorPB.submitReadRequestToOM(OzoneManagerProtocolServerSideTranslatorPB.java:176)
datanode_1  | 2019-11-13 21:29:26,888 INFO server.RaftServerConfigKeys: raft.server.log.appender.buffer.byte-limit = 33554432 (custom)
om2_1       | 2019-11-13 21:29:16,256 INFO server.RaftServerConfigKeys: raft.server.log.appender.buffer.byte-limit = 33554432 (custom)
s3g_1       | 	at org.glassfish.jersey.server.ApplicationHandler.handle(ApplicationHandler.java:703)
om3_1       | 	at java.base/java.util.concurrent.ThreadPoolExecutor$Worker.run(ThreadPoolExecutor.java:628)
om1_1       | 	at org.apache.hadoop.ozone.protocolPB.OzoneManagerProtocolServerSideTranslatorPB.processRequest(OzoneManagerProtocolServerSideTranslatorPB.java:110)
datanode_1  | 2019-11-13 21:29:26,888 INFO server.RaftServerConfigKeys: raft.server.log.appender.buffer.element-limit = 1 (custom)
om2_1       | 2019-11-13 21:29:16,256 INFO server.RaftServerConfigKeys: raft.server.log.appender.buffer.element-limit = 1024 (custom)
s3g_1       | 	at org.glassfish.jersey.servlet.WebComponent.serviceImpl(WebComponent.java:416)
om3_1       | 	at java.base/java.lang.Thread.run(Thread.java:834)
om1_1       | 	at org.apache.hadoop.hdds.server.OzoneProtocolMessageDispatcher.processRequest(OzoneProtocolMessageDispatcher.java:72)
datanode_1  | 2019-11-13 21:29:26,888 INFO grpc.GrpcConfigKeys$Server: raft.grpc.server.leader.outstanding.appends.max = 128 (default)
om2_1       | 2019-11-13 21:29:16,256 INFO grpc.GrpcConfigKeys$Server: raft.grpc.server.leader.outstanding.appends.max = 128 (default)
s3g_1       | 	at org.glassfish.jersey.servlet.WebComponent.service(WebComponent.java:370)
om1_1       | 	at org.apache.hadoop.ozone.protocolPB.OzoneManagerProtocolServerSideTranslatorPB.submitRequest(OzoneManagerProtocolServerSideTranslatorPB.java:100)
datanode_1  | 2019-11-13 21:29:26,888 INFO server.RaftServerConfigKeys: raft.server.rpc.request.timeout = 3000ms (default)
om3_1       | 2019-11-13 21:30:47,734 ERROR multipart.S3MultipartUploadCompleteRequest: Complete MultipartUpload failed for key /s37c35ba70126b04fca007e4dbfab9c47c/bucket-23911/multipartKey3 , MPU Key has no parts in OM, parts given to upload are [partNumber: 2
om2_1       | 2019-11-13 21:29:16,256 INFO server.RaftServerConfigKeys: raft.server.rpc.request.timeout = 3000ms (default)
s3g_1       | 	at org.glassfish.jersey.servlet.ServletContainer.service(ServletContainer.java:389)
om1_1       | 	at org.apache.hadoop.ozone.protocol.proto.OzoneManagerProtocolProtos$OzoneManagerService$2.callBlockingMethod(OzoneManagerProtocolProtos.java)
datanode_1  | 2019-11-13 21:29:26,888 INFO server.RaftServerConfigKeys: raft.server.log.appender.install.snapshot.enabled = false (custom)
om2_1       | 2019-11-13 21:29:16,256 INFO server.RaftServerConfigKeys: raft.server.log.appender.install.snapshot.enabled = false (custom)
s3g_1       | 	at org.glassfish.jersey.servlet.ServletContainer.service(ServletContainer.java:342)
om1_1       | 	at org.apache.hadoop.ipc.ProtobufRpcEngine$Server$ProtoBufRpcInvoker.call(ProtobufRpcEngine.java:524)
datanode_1  | 2019-11-13 21:29:26,891 INFO impl.RoleInfo: 11a81858-ccaa-4d0d-a0b0-5bfe71c6be9c: start LeaderState
om3_1       | partName: "etag1"
om2_1       | 2019-11-13 21:29:16,259 INFO impl.RoleInfo: om2: start LeaderState
s3g_1       | 	at org.glassfish.jersey.servlet.ServletContainer.service(ServletContainer.java:229)
datanode_1  | 2019-11-13 21:29:26,891 INFO segmented.SegmentedRaftLogWorker: 11a81858-ccaa-4d0d-a0b0-5bfe71c6be9c@group-9FC85213DB7A-SegmentedRaftLogWorker: Starting segment from index:0
om1_1       | 	at org.apache.hadoop.ipc.RPC$Server.call(RPC.java:1025)
om3_1       | , partNumber: 1
om2_1       | 2019-11-13 21:29:16,271 INFO segmented.SegmentedRaftLogWorker: om2@group-562213E44849-SegmentedRaftLogWorker: Starting segment from index:0
s3g_1       | 	at org.eclipse.jetty.servlet.ServletHolder.handle(ServletHolder.java:840)
datanode_1  | 2019-11-13 21:29:26,893 INFO impl.RaftServerImpl: 11a81858-ccaa-4d0d-a0b0-5bfe71c6be9c@group-9FC85213DB7A: set configuration 0: [11a1cd88-dd72-463e-875e-5b7c67480619:172.18.0.9:9858, 11a81858-ccaa-4d0d-a0b0-5bfe71c6be9c:172.18.0.8:9858, 84e9d84a-7301-4597-81dc-b2aa09da2728:172.18.0.6:9858], old=null at 0
om3_1       | partName: "etag2"
om1_1       | 	at org.apache.hadoop.ipc.Server$RpcCall.run(Server.java:876)
om2_1       | 2019-11-13 21:29:16,281 INFO impl.RaftServerImpl: om2@group-562213E44849: set configuration 0: [om1:om1:9872, om3:om3:9872, om2:om2:9872], old=null at 0
s3g_1       | 	at org.eclipse.jetty.servlet.ServletHandler$CachedChain.doFilter(ServletHandler.java:1780)
