Attaching to ozonesecure-mr_om_1, ozonesecure-mr_kms_1, ozonesecure-mr_datanode_2, ozonesecure-mr_rm_1, ozonesecure-mr_datanode_3, jhs, ozonesecure-mr_kdc_1, ozonesecure-mr_nm_1, ozonesecure-mr_s3g_1, ozonesecure-mr_scm_1, ozonesecure-mr_datanode_1
om_1        | Sleeping for 5 seconds
om_1        | Setting up kerberos!!
om_1        | KDC ISSUER_SERVER => kdc:8081
om_1        | Sleeping for 5 seconds
om_1        | Got 200, KDC service ready!!
om_1        | Download dn/om@EXAMPLE.COM keytab file to /etc/security/keytabs/dn.keytab
om_1        | --2019-11-13 22:00:47--  http://kdc:8081/keytab/om/dn
om_1        | Resolving kdc (kdc)... 172.19.0.6
om_1        | Connecting to kdc (kdc)|172.19.0.6|:8081... connected.
rm_1        | Sleeping for 5 seconds
rm_1        | Setting up kerberos!!
rm_1        | KDC ISSUER_SERVER => kdc:8081
om_1        | HTTP request sent, awaiting response... 200 OK
rm_1        | /opt/starter.sh: line 66: SLEEP_SECONDS: command not found
om_1        | Length: 138 [application/octet-stream]
rm_1        | Sleeping for  seconds
om_1        | Saving to: '/etc/security/keytabs/dn.keytab'
rm_1        | Got 200, KDC service ready!!
kms_1       | Sleeping for 5 seconds
om_1        | 
rm_1        | Download dn/rm@EXAMPLE.COM keytab file to /etc/security/keytabs/dn.keytab
kms_1       | Setting up kerberos!!
om_1        |      0K                                                       100% 19.2M=0s
rm_1        | --2019-11-13 22:00:47--  http://kdc:8081/keytab/rm/dn
kms_1       | KDC ISSUER_SERVER => kdc:8081
om_1        | 
rm_1        | Resolving kdc (kdc)... 172.19.0.6
kms_1       | /opt/starter.sh: line 66: SLEEP_SECONDS: command not found
om_1        | 2019-11-13 22:00:48 (19.2 MB/s) - '/etc/security/keytabs/dn.keytab' saved [138/138]
rm_1        | Connecting to kdc (kdc)|172.19.0.6|:8081... connected.
kms_1       | Sleeping for  seconds
om_1        | 
datanode_2  | Sleeping for 5 seconds
jhs         | Sleeping for 5 seconds
datanode_3  | Sleeping for 5 seconds
kdc_1       | Issuer is listening on : 8081krb5kdc: starting...
rm_1        | HTTP request sent, awaiting response... 200 OK
kms_1       | Got 200, KDC service ready!!
om_1        | Keytab name: FILE:/etc/security/keytabs/dn.keytab
scm_1       | Sleeping for 5 seconds
datanode_2  | Setting up kerberos!!
jhs         | Setting up kerberos!!
nm_1        | Sleeping for 5 seconds
datanode_3  | Setting up kerberos!!
kdc_1       | kadmind: starting...
rm_1        | Length: 138 [application/octet-stream]
kms_1       | Download dn/1f2f6abaabe4@EXAMPLE.COM keytab file to /etc/security/keytabs/dn.keytab
om_1        | KVNO Timestamp         Principal
s3g_1       | Sleeping for 5 seconds
scm_1       | Setting up kerberos!!
datanode_2  | KDC ISSUER_SERVER => kdc:8081
jhs         | KDC ISSUER_SERVER => kdc:8081
nm_1        | Setting up kerberos!!
datanode_3  | KDC ISSUER_SERVER => kdc:8081
kdc_1       | otp: Loaded
rm_1        | Saving to: '/etc/security/keytabs/dn.keytab'
kms_1       | --2019-11-13 22:00:48--  http://kdc:8081/keytab/1f2f6abaabe4/dn
om_1        | ---- ----------------- --------------------------------------------------------
s3g_1       | Setting up kerberos!!
scm_1       | KDC ISSUER_SERVER => kdc:8081
datanode_1  | Sleeping for 5 seconds
datanode_2  | Sleeping for 5 seconds
jhs         | /opt/starter.sh: line 66: SLEEP_SECONDS: command not found
nm_1        | KDC ISSUER_SERVER => kdc:8081
datanode_3  | Sleeping for 5 seconds
kdc_1       | Nov 13 22:00:36 kdc krb5kdc[9](info): setting up network...
kms_1       | Resolving kdc (kdc)... 172.19.0.6
s3g_1       | KDC ISSUER_SERVER => kdc:8081
om_1        |    2 11/13/19 22:00:48 dn/om@EXAMPLE.COM
rm_1        | 
scm_1       | Sleeping for 5 seconds
datanode_1  | Setting up kerberos!!
datanode_2  | Got 200, KDC service ready!!
jhs         | Sleeping for  seconds
nm_1        | /opt/starter.sh: line 66: SLEEP_SECONDS: command not found
datanode_3  | Got 200, KDC service ready!!
kdc_1       | krb5kdc: setsockopt(9,IPV6_V6ONLY,1) worked
kms_1       | Connecting to kdc (kdc)|172.19.0.6|:8081... connected.
s3g_1       | Sleeping for 5 seconds
rm_1        |      0K                                                       100% 14.9M=0s
scm_1       | Got 200, KDC service ready!!
datanode_1  | KDC ISSUER_SERVER => kdc:8081
datanode_2  | Download dn/03881c4ae7fb@EXAMPLE.COM keytab file to /etc/security/keytabs/dn.keytab
jhs         | Got 200, KDC service ready!!
nm_1        | Sleeping for  seconds
kdc_1       | krb5kdc: setsockopt(11,IPV6_V6ONLY,1) worked
datanode_3  | Download dn/4a69f709b045@EXAMPLE.COM keytab file to /etc/security/keytabs/dn.keytab
kms_1       | HTTP request sent, awaiting response... 200 OK
s3g_1       | Got 200, KDC service ready!!
om_1        |    2 11/13/19 22:00:48 dn/om@EXAMPLE.COM
rm_1        | 
scm_1       | Download dn/scm@EXAMPLE.COM keytab file to /etc/security/keytabs/dn.keytab
datanode_1  | Sleeping for 5 seconds
datanode_2  | --2019-11-13 22:00:47--  http://kdc:8081/keytab/03881c4ae7fb/dn
jhs         | Download dn/jhs@EXAMPLE.COM keytab file to /etc/security/keytabs/dn.keytab
nm_1        | Got 200, KDC service ready!!
kdc_1       | Nov 13 22:00:36 kdc krb5kdc[9](info): set up 4 sockets
datanode_3  | --2019-11-13 22:00:47--  http://kdc:8081/keytab/4a69f709b045/dn
kms_1       | Length: 158 [application/octet-stream]
s3g_1       | Download dn/s3g@EXAMPLE.COM keytab file to /etc/security/keytabs/dn.keytab
om_1        | Download om/om@EXAMPLE.COM keytab file to /etc/security/keytabs/om.keytab
scm_1       | --2019-11-13 22:00:47--  http://kdc:8081/keytab/scm/dn
rm_1        | 2019-11-13 22:00:48 (14.9 MB/s) - '/etc/security/keytabs/dn.keytab' saved [138/138]
datanode_1  | Got 200, KDC service ready!!
datanode_2  | Resolving kdc (kdc)... 172.19.0.6
jhs         | --2019-11-13 22:00:47--  http://kdc:8081/keytab/jhs/dn
nm_1        | Download dn/nm@EXAMPLE.COM keytab file to /etc/security/keytabs/dn.keytab
kdc_1       | Nov 13 22:00:36 kdc krb5kdc[9](info): commencing operation
datanode_3  | Resolving kdc (kdc)... 172.19.0.6
kms_1       | Saving to: '/etc/security/keytabs/dn.keytab'
s3g_1       | --2019-11-13 22:00:47--  http://kdc:8081/keytab/s3g/dn
om_1        | --2019-11-13 22:00:48--  http://kdc:8081/keytab/om/om
scm_1       | Resolving kdc (kdc)... 172.19.0.6
rm_1        | 
datanode_2  | Connecting to kdc (kdc)|172.19.0.6|:8081... connected.
jhs         | Resolving kdc (kdc)... 172.19.0.6
nm_1        | --2019-11-13 22:00:47--  http://kdc:8081/keytab/nm/dn
datanode_1  | Download dn/605d3eff7247@EXAMPLE.COM keytab file to /etc/security/keytabs/dn.keytab
kdc_1       | Nov 13 22:00:23 45ce45d8ef8c kadmin.local[1](info): No dictionary file specified, continuing without one.
datanode_3  | Connecting to kdc (kdc)|172.19.0.6|:8081... connected.
kms_1       | 
s3g_1       | Resolving kdc (kdc)... 172.19.0.6
om_1        | Resolving kdc (kdc)... 172.19.0.6
scm_1       | Connecting to kdc (kdc)|172.19.0.6|:8081... connected.
rm_1        | Keytab name: FILE:/etc/security/keytabs/dn.keytab
datanode_2  | HTTP request sent, awaiting response... 200 OK
jhs         | Connecting to kdc (kdc)|172.19.0.6|:8081... connected.
nm_1        | Resolving kdc (kdc)... 172.19.0.6
datanode_1  | --2019-11-13 22:00:46--  http://kdc:8081/keytab/605d3eff7247/dn
datanode_3  | HTTP request sent, awaiting response... 200 OK
kdc_1       | Nov 13 22:00:25 03e7abba2ebe kadmin.local[1](info): No dictionary file specified, continuing without one.
kms_1       |      0K                                                       100% 15.2M=0s
om_1        | Connecting to kdc (kdc)|172.19.0.6|:8081... connected.
s3g_1       | Connecting to kdc (kdc)|172.19.0.6|:8081... connected.
scm_1       | HTTP request sent, awaiting response... 200 OK
datanode_2  | Length: 158 [application/octet-stream]
jhs         | HTTP request sent, awaiting response... 200 OK
nm_1        | Connecting to kdc (kdc)|172.19.0.6|:8081... connected.
datanode_3  | Length: 158 [application/octet-stream]
datanode_1  | Resolving kdc (kdc)... 172.19.0.6
rm_1        | KVNO Timestamp         Principal
kdc_1       | Nov 13 22:00:40 kdc kadmind[15](info): No dictionary file specified, continuing without one.
kms_1       | 
om_1        | HTTP request sent, awaiting response... 200 OK
s3g_1       | HTTP request sent, awaiting response... 200 OK
scm_1       | Length: 140 [application/octet-stream]
jhs         | Length: 140 [application/octet-stream]
datanode_2  | Saving to: '/etc/security/keytabs/dn.keytab'
nm_1        | HTTP request sent, awaiting response... 200 OK
datanode_3  | Saving to: '/etc/security/keytabs/dn.keytab'
datanode_1  | Connecting to kdc (kdc)|172.19.0.6|:8081... connected.
rm_1        | ---- ----------------- --------------------------------------------------------
kdc_1       | Nov 13 22:00:40 kdc kadmind[15](info): setting up network...
kms_1       | 2019-11-13 22:00:50 (15.2 MB/s) - '/etc/security/keytabs/dn.keytab' saved [158/158]
om_1        | Length: 138 [application/octet-stream]
s3g_1       | Length: 140 [application/octet-stream]
scm_1       | Saving to: '/etc/security/keytabs/dn.keytab'
jhs         | Saving to: '/etc/security/keytabs/dn.keytab'
datanode_2  | 
nm_1        | Length: 138 [application/octet-stream]
datanode_3  | 
rm_1        |    2 11/13/19 22:00:48 dn/rm@EXAMPLE.COM
kdc_1       | kadmind: setsockopt(9,IPV6_V6ONLY,1) worked
kms_1       | 
datanode_1  | HTTP request sent, awaiting response... 200 OK
om_1        | Saving to: '/etc/security/keytabs/om.keytab'
s3g_1       | Saving to: '/etc/security/keytabs/dn.keytab'
scm_1       | 
jhs         | 
datanode_2  |      0K                                                       100% 21.4M=0s
nm_1        | Saving to: '/etc/security/keytabs/dn.keytab'
datanode_3  |      0K                                                       100% 23.5M=0s
kdc_1       | kadmind: setsockopt(11,IPV6_V6ONLY,1) worked
kms_1       | Keytab name: FILE:/etc/security/keytabs/dn.keytab
datanode_1  | Length: 158 [application/octet-stream]
om_1        | 
rm_1        |    2 11/13/19 22:00:48 dn/rm@EXAMPLE.COM
scm_1       |      0K                                                       100% 15.7M=0s
s3g_1       | 
jhs         |      0K                                                       100% 19.6M=0s
datanode_2  | 
nm_1        | 
datanode_3  | 
kdc_1       | kadmind: setsockopt(13,IPV6_V6ONLY,1) worked
kms_1       | KVNO Timestamp         Principal
datanode_1  | Saving to: '/etc/security/keytabs/dn.keytab'
om_1        |      0K                                                       100% 10.1M=0s
rm_1        | Download om/rm@EXAMPLE.COM keytab file to /etc/security/keytabs/om.keytab
scm_1       | 
s3g_1       |      0K                                                       100% 13.3M=0s
jhs         | 
datanode_2  | 2019-11-13 22:00:47 (21.4 MB/s) - '/etc/security/keytabs/dn.keytab' saved [158/158]
datanode_3  | 2019-11-13 22:00:48 (23.5 MB/s) - '/etc/security/keytabs/dn.keytab' saved [158/158]
nm_1        |      0K                                                       100% 14.6M=0s
datanode_3  | 
kdc_1       | Nov 13 22:00:40 kdc kadmind[15](info): set up 6 sockets
kms_1       | ---- ----------------- --------------------------------------------------------
datanode_1  | 
om_1        | 
rm_1        | --2019-11-13 22:00:48--  http://kdc:8081/keytab/rm/om
scm_1       | 2019-11-13 22:00:47 (15.7 MB/s) - '/etc/security/keytabs/dn.keytab' saved [140/140]
s3g_1       | 
jhs         | 2019-11-13 22:00:48 (19.6 MB/s) - '/etc/security/keytabs/dn.keytab' saved [140/140]
datanode_2  | 
nm_1        | 
datanode_3  | Keytab name: FILE:/etc/security/keytabs/dn.keytab
kdc_1       | Nov 13 22:00:40 kdc kadmind[15](info): Seeding random number generator
kms_1       |    2 11/13/19 22:00:50 dn/1f2f6abaabe4@EXAMPLE.COM
datanode_1  |      0K                                                       100% 18.4M=0s
om_1        | 2019-11-13 22:01:10 (10.1 MB/s) - '/etc/security/keytabs/om.keytab' saved [138/138]
scm_1       | 
rm_1        | Resolving kdc (kdc)... 172.19.0.6
jhs         | 
s3g_1       | 2019-11-13 22:00:47 (13.3 MB/s) - '/etc/security/keytabs/dn.keytab' saved [140/140]
datanode_2  | Keytab name: FILE:/etc/security/keytabs/dn.keytab
nm_1        | 2019-11-13 22:00:47 (14.6 MB/s) - '/etc/security/keytabs/dn.keytab' saved [138/138]
datanode_3  | KVNO Timestamp         Principal
kdc_1       | Nov 13 22:00:40 kdc kadmind[15](info): starting
kms_1       |    2 11/13/19 22:00:50 dn/1f2f6abaabe4@EXAMPLE.COM
datanode_1  | 
om_1        | 
scm_1       | Keytab name: FILE:/etc/security/keytabs/dn.keytab
rm_1        | Connecting to kdc (kdc)|172.19.0.6|:8081... connected.
jhs         | Keytab name: FILE:/etc/security/keytabs/dn.keytab
s3g_1       | 
datanode_2  | KVNO Timestamp         Principal
datanode_3  | ---- ----------------- --------------------------------------------------------
kdc_1       | Generiting keytab
kms_1       | Download om/1f2f6abaabe4@EXAMPLE.COM keytab file to /etc/security/keytabs/om.keytab
datanode_1  | 2019-11-13 22:00:47 (18.4 MB/s) - '/etc/security/keytabs/dn.keytab' saved [158/158]
nm_1        | 
om_1        | Keytab name: FILE:/etc/security/keytabs/om.keytab
scm_1       | KVNO Timestamp         Principal
rm_1        | HTTP request sent, awaiting response... 200 OK
jhs         | KVNO Timestamp         Principal
s3g_1       | Keytab name: FILE:/etc/security/keytabs/dn.keytab
datanode_2  | ---- ----------------- --------------------------------------------------------
datanode_3  |    2 11/13/19 22:00:48 dn/4a69f709b045@EXAMPLE.COM
kdc_1       | Authenticating as principal admin/admin with keytab /tmp/admin.keytab.
kms_1       | --2019-11-13 22:00:50--  http://kdc:8081/keytab/1f2f6abaabe4/om
nm_1        | Keytab name: FILE:/etc/security/keytabs/dn.keytab
om_1        | KVNO Timestamp         Principal
datanode_1  | 
scm_1       | ---- ----------------- --------------------------------------------------------
rm_1        | Length: 138 [application/octet-stream]
jhs         | ---- ----------------- --------------------------------------------------------
s3g_1       | KVNO Timestamp         Principal
datanode_2  |    2 11/13/19 22:00:47 dn/03881c4ae7fb@EXAMPLE.COM
datanode_3  |    2 11/13/19 22:00:48 dn/4a69f709b045@EXAMPLE.COM
kdc_1       | Nov 13 22:00:45 kdc krb5kdc[9](info): AS_REQ (8 etypes {18 17 20 19 16 23 25 26}) 127.0.0.1: SERVER_NOT_FOUND: admin/admin@EXAMPLE.COM for kadmin/localhost@EXAMPLE.COM, Server not found in Kerberos database
kms_1       | Resolving kdc (kdc)... 172.19.0.6
nm_1        | KVNO Timestamp         Principal
om_1        | ---- ----------------- --------------------------------------------------------
datanode_1  | Keytab name: FILE:/etc/security/keytabs/dn.keytab
scm_1       |    2 11/13/19 22:00:47 dn/scm@EXAMPLE.COM
rm_1        | Saving to: '/etc/security/keytabs/om.keytab'
jhs         |    2 11/13/19 22:00:48 dn/jhs@EXAMPLE.COM
s3g_1       | ---- ----------------- --------------------------------------------------------
datanode_2  |    2 11/13/19 22:00:47 dn/03881c4ae7fb@EXAMPLE.COM
datanode_3  | Download om/4a69f709b045@EXAMPLE.COM keytab file to /etc/security/keytabs/om.keytab
kdc_1       | WARNING: no policy specified for test/test@EXAMPLE.COM; defaulting to no policy
kms_1       | Connecting to kdc (kdc)|172.19.0.6|:8081... connected.
nm_1        | ---- ----------------- --------------------------------------------------------
om_1        |    2 11/13/19 22:00:51 om/om@EXAMPLE.COM
scm_1       |    2 11/13/19 22:00:47 dn/scm@EXAMPLE.COM
datanode_1  | KVNO Timestamp         Principal
rm_1        | 
jhs         |    2 11/13/19 22:00:48 dn/jhs@EXAMPLE.COM
s3g_1       |    2 11/13/19 22:00:47 dn/s3g@EXAMPLE.COM
datanode_2  | Download om/03881c4ae7fb@EXAMPLE.COM keytab file to /etc/security/keytabs/om.keytab
datanode_3  | --2019-11-13 22:00:48--  http://kdc:8081/keytab/4a69f709b045/om
kdc_1       | Principal "test/test@EXAMPLE.COM" created.
kms_1       | HTTP request sent, awaiting response... 200 OK
nm_1        |    2 11/13/19 22:00:47 dn/nm@EXAMPLE.COM
om_1        |    2 11/13/19 22:01:01 om/om@EXAMPLE.COM
scm_1       | Download om/scm@EXAMPLE.COM keytab file to /etc/security/keytabs/om.keytab
datanode_1  | ---- ----------------- --------------------------------------------------------
rm_1        |      0K                                                       100% 12.6M=0s
jhs         | Download om/jhs@EXAMPLE.COM keytab file to /etc/security/keytabs/om.keytab
s3g_1       |    2 11/13/19 22:00:47 dn/s3g@EXAMPLE.COM
datanode_2  | --2019-11-13 22:00:47--  http://kdc:8081/keytab/03881c4ae7fb/om
datanode_3  | Resolving kdc (kdc)... 172.19.0.6
kdc_1       | Authenticating as principal admin/admin with keytab /tmp/admin.keytab.
kms_1       | Length: 158 [application/octet-stream]
nm_1        |    2 11/13/19 22:00:47 dn/nm@EXAMPLE.COM
om_1        | Download scm/om@EXAMPLE.COM keytab file to /etc/security/keytabs/scm.keytab
scm_1       | --2019-11-13 22:00:47--  http://kdc:8081/keytab/scm/om
datanode_1  |    2 11/13/19 22:00:47 dn/605d3eff7247@EXAMPLE.COM
rm_1        | 
jhs         | --2019-11-13 22:00:48--  http://kdc:8081/keytab/jhs/om
datanode_2  | Resolving kdc (kdc)... 172.19.0.6
s3g_1       | Download om/s3g@EXAMPLE.COM keytab file to /etc/security/keytabs/om.keytab
datanode_3  | Connecting to kdc (kdc)|172.19.0.6|:8081... connected.
kdc_1       | Entry for principal test/test@EXAMPLE.COM with kvno 2, encryption type aes256-cts-hmac-sha1-96 added to keytab WRFILE:/data/test.test.keytab.
kms_1       | Saving to: '/etc/security/keytabs/om.keytab'
nm_1        | Download om/nm@EXAMPLE.COM keytab file to /etc/security/keytabs/om.keytab
om_1        | --2019-11-13 22:01:10--  http://kdc:8081/keytab/om/scm
scm_1       | Resolving kdc (kdc)... 172.19.0.6
datanode_1  |    2 11/13/19 22:00:47 dn/605d3eff7247@EXAMPLE.COM
rm_1        | 2019-11-13 22:00:50 (12.6 MB/s) - '/etc/security/keytabs/om.keytab' saved [138/138]
jhs         | Resolving kdc (kdc)... 172.19.0.6
datanode_2  | Connecting to kdc (kdc)|172.19.0.6|:8081... connected.
s3g_1       | --2019-11-13 22:00:47--  http://kdc:8081/keytab/s3g/om
datanode_3  | HTTP request sent, awaiting response... 200 OK
kdc_1       | Entry for principal test/test@EXAMPLE.COM with kvno 2, encryption type aes128-cts-hmac-sha1-96 added to keytab WRFILE:/data/test.test.keytab.
nm_1        | --2019-11-13 22:00:47--  http://kdc:8081/keytab/nm/om
om_1        | Resolving kdc (kdc)... 172.19.0.6
kms_1       | 
scm_1       | Connecting to kdc (kdc)|172.19.0.6|:8081... connected.
datanode_1  | Download om/605d3eff7247@EXAMPLE.COM keytab file to /etc/security/keytabs/om.keytab
rm_1        | 
jhs         | Connecting to kdc (kdc)|172.19.0.6|:8081... connected.
datanode_2  | HTTP request sent, awaiting response... 200 OK
s3g_1       | Resolving kdc (kdc)... 172.19.0.6
datanode_3  | Length: 158 [application/octet-stream]
kdc_1       | Generiting keytab
nm_1        | Resolving kdc (kdc)... 172.19.0.6
om_1        | Connecting to kdc (kdc)|172.19.0.6|:8081... connected.
kms_1       |      0K                                                       100% 1.03M=0s
scm_1       | HTTP request sent, awaiting response... 200 OK
datanode_1  | --2019-11-13 22:00:47--  http://kdc:8081/keytab/605d3eff7247/om
rm_1        | Keytab name: FILE:/etc/security/keytabs/om.keytab
jhs         | HTTP request sent, awaiting response... 200 OK
datanode_2  | Length: 158 [application/octet-stream]
s3g_1       | Connecting to kdc (kdc)|172.19.0.6|:8081... connected.
datanode_3  | Saving to: '/etc/security/keytabs/om.keytab'
kdc_1       | Authenticating as principal admin/admin with keytab /tmp/admin.keytab.
nm_1        | Connecting to kdc (kdc)|172.19.0.6|:8081... connected.
om_1        | HTTP request sent, awaiting response... 200 OK
kms_1       | 
scm_1       | Length: 140 [application/octet-stream]
datanode_1  | Resolving kdc (kdc)... 172.19.0.6
rm_1        | KVNO Timestamp         Principal
jhs         | Length: 140 [application/octet-stream]
datanode_2  | Saving to: '/etc/security/keytabs/om.keytab'
s3g_1       | HTTP request sent, awaiting response... 200 OK
datanode_3  | 
kdc_1       | WARNING: no policy specified for test/test@EXAMPLE.COM; defaulting to no policy
nm_1        | HTTP request sent, awaiting response... 200 OK
om_1        | Length: 140 [application/octet-stream]
kms_1       | 2019-11-13 22:01:13 (1.03 MB/s) - '/etc/security/keytabs/om.keytab' saved [158/158]
scm_1       | Saving to: '/etc/security/keytabs/om.keytab'
rm_1        | ---- ----------------- --------------------------------------------------------
datanode_1  | Connecting to kdc (kdc)|172.19.0.6|:8081... connected.
jhs         | Saving to: '/etc/security/keytabs/om.keytab'
datanode_2  | 
s3g_1       | Length: 140 [application/octet-stream]
datanode_3  |      0K                                                       100% 18.2M=0s
kdc_1       | add_principal: Principal or policy already exists while creating "test/test@EXAMPLE.COM".
om_1        | Saving to: '/etc/security/keytabs/scm.keytab'
kms_1       | 
scm_1       | 
rm_1        |    2 11/13/19 22:00:50 om/rm@EXAMPLE.COM
datanode_1  | HTTP request sent, awaiting response... 200 OK
nm_1        | Length: 138 [application/octet-stream]
jhs         | 
datanode_2  |      0K                                                       100% 20.2M=0s
s3g_1       | Saving to: '/etc/security/keytabs/om.keytab'
datanode_3  | 
kdc_1       | Authenticating as principal admin/admin with keytab /tmp/admin.keytab.
om_1        | 
kms_1       | Keytab name: FILE:/etc/security/keytabs/om.keytab
scm_1       |      0K                                                       100% 15.4M=0s
rm_1        |    2 11/13/19 22:00:50 om/rm@EXAMPLE.COM
datanode_1  | Length: 158 [application/octet-stream]
nm_1        | Saving to: '/etc/security/keytabs/om.keytab'
jhs         |      0K                                                       100% 14.1M=0s
datanode_2  | 
s3g_1       | 
datanode_3  | 2019-11-13 22:00:49 (18.2 MB/s) - '/etc/security/keytabs/om.keytab' saved [158/158]
kdc_1       | Entry for principal test/test@EXAMPLE.COM with kvno 3, encryption type aes256-cts-hmac-sha1-96 added to keytab WRFILE:/data/test.test.keytab.
om_1        |      0K                                                       100% 16.7M=0s
kms_1       | KVNO Timestamp         Principal
scm_1       | 
rm_1        | Download scm/rm@EXAMPLE.COM keytab file to /etc/security/keytabs/scm.keytab
datanode_1  | Saving to: '/etc/security/keytabs/om.keytab'
nm_1        | 
jhs         | 
datanode_2  | 2019-11-13 22:00:49 (20.2 MB/s) - '/etc/security/keytabs/om.keytab' saved [158/158]
s3g_1       |      0K                                                       100% 21.4M=0s
datanode_3  | 
kdc_1       | Entry for principal test/test@EXAMPLE.COM with kvno 3, encryption type aes128-cts-hmac-sha1-96 added to keytab WRFILE:/data/test.test.keytab.
om_1        | 
kms_1       | ---- ----------------- --------------------------------------------------------
scm_1       | 2019-11-13 22:00:48 (15.4 MB/s) - '/etc/security/keytabs/om.keytab' saved [140/140]
rm_1        | --2019-11-13 22:00:50--  http://kdc:8081/keytab/rm/scm
datanode_1  | 
nm_1        |      0K                                                       100% 16.4M=0s
jhs         | 2019-11-13 22:00:50 (14.1 MB/s) - '/etc/security/keytabs/om.keytab' saved [140/140]
datanode_2  | 
s3g_1       | 
datanode_3  | Keytab name: FILE:/etc/security/keytabs/om.keytab
kdc_1       | Generiting keytab
om_1        | 2019-11-13 22:01:13 (16.7 MB/s) - '/etc/security/keytabs/scm.keytab' saved [140/140]
kms_1       |    2 11/13/19 22:01:12 om/1f2f6abaabe4@EXAMPLE.COM
scm_1       | 
rm_1        | Resolving kdc (kdc)... 172.19.0.6
datanode_1  |      0K                                                       100% 15.9M=0s
nm_1        | 
jhs         | 
datanode_2  | Keytab name: FILE:/etc/security/keytabs/om.keytab
s3g_1       | 2019-11-13 22:00:48 (21.4 MB/s) - '/etc/security/keytabs/om.keytab' saved [140/140]
datanode_3  | KVNO Timestamp         Principal
kdc_1       | Authenticating as principal admin/admin with keytab /tmp/admin.keytab.
om_1        | 
kms_1       |    2 11/13/19 22:01:13 om/1f2f6abaabe4@EXAMPLE.COM
scm_1       | Keytab name: FILE:/etc/security/keytabs/om.keytab
rm_1        | Connecting to kdc (kdc)|172.19.0.6|:8081... connected.
datanode_1  | 
nm_1        | 2019-11-13 22:00:49 (16.4 MB/s) - '/etc/security/keytabs/om.keytab' saved [138/138]
jhs         | Keytab name: FILE:/etc/security/keytabs/om.keytab
datanode_2  | KVNO Timestamp         Principal
s3g_1       | 
datanode_3  | ---- ----------------- --------------------------------------------------------
om_1        | Keytab name: FILE:/etc/security/keytabs/scm.keytab
scm_1       | KVNO Timestamp         Principal
rm_1        | HTTP request sent, awaiting response... 200 OK
datanode_1  | 2019-11-13 22:00:48 (15.9 MB/s) - '/etc/security/keytabs/om.keytab' saved [158/158]
nm_1        | 
jhs         | KVNO Timestamp         Principal
kdc_1       | WARNING: no policy specified for test/test@EXAMPLE.COM; defaulting to no policy
datanode_2  | ---- ----------------- --------------------------------------------------------
s3g_1       | Keytab name: FILE:/etc/security/keytabs/om.keytab
datanode_3  |    2 11/13/19 22:00:49 om/4a69f709b045@EXAMPLE.COM
om_1        | KVNO Timestamp         Principal
kms_1       | Download scm/1f2f6abaabe4@EXAMPLE.COM keytab file to /etc/security/keytabs/scm.keytab
scm_1       | ---- ----------------- --------------------------------------------------------
rm_1        | Length: 140 [application/octet-stream]
datanode_1  | 
nm_1        | Keytab name: FILE:/etc/security/keytabs/om.keytab
jhs         | ---- ----------------- --------------------------------------------------------
datanode_2  |    2 11/13/19 22:00:49 om/03881c4ae7fb@EXAMPLE.COM
kdc_1       | add_principal: Principal or policy already exists while creating "test/test@EXAMPLE.COM".
s3g_1       | KVNO Timestamp         Principal
datanode_3  |    2 11/13/19 22:00:49 om/4a69f709b045@EXAMPLE.COM
om_1        | ---- ----------------- --------------------------------------------------------
kms_1       | --2019-11-13 22:01:13--  http://kdc:8081/keytab/1f2f6abaabe4/scm
scm_1       |    2 11/13/19 22:00:48 om/scm@EXAMPLE.COM
rm_1        | Saving to: '/etc/security/keytabs/scm.keytab'
datanode_1  | Keytab name: FILE:/etc/security/keytabs/om.keytab
nm_1        | KVNO Timestamp         Principal
jhs         |    2 11/13/19 22:00:50 om/jhs@EXAMPLE.COM
datanode_2  |    2 11/13/19 22:00:49 om/03881c4ae7fb@EXAMPLE.COM
kdc_1       | Authenticating as principal admin/admin with keytab /tmp/admin.keytab.
s3g_1       | ---- ----------------- --------------------------------------------------------
datanode_3  | Download scm/4a69f709b045@EXAMPLE.COM keytab file to /etc/security/keytabs/scm.keytab
om_1        |    2 11/13/19 22:01:13 scm/om@EXAMPLE.COM
kms_1       | Resolving kdc (kdc)... 172.19.0.6
rm_1        | 
scm_1       |    2 11/13/19 22:00:48 om/scm@EXAMPLE.COM
datanode_1  | KVNO Timestamp         Principal
jhs         |    2 11/13/19 22:00:50 om/jhs@EXAMPLE.COM
nm_1        | ---- ----------------- --------------------------------------------------------
datanode_2  | Download scm/03881c4ae7fb@EXAMPLE.COM keytab file to /etc/security/keytabs/scm.keytab
kdc_1       | Entry for principal test/test@EXAMPLE.COM with kvno 4, encryption type aes256-cts-hmac-sha1-96 added to keytab WRFILE:/data/test.test.keytab.
s3g_1       |    2 11/13/19 22:00:48 om/s3g@EXAMPLE.COM
datanode_3  | --2019-11-13 22:00:49--  http://kdc:8081/keytab/4a69f709b045/scm
om_1        |    2 11/13/19 22:01:13 scm/om@EXAMPLE.COM
kms_1       | Connecting to kdc (kdc)|172.19.0.6|:8081... connected.
rm_1        |      0K                                                       100% 10.3M=0s
scm_1       | Download scm/scm@EXAMPLE.COM keytab file to /etc/security/keytabs/scm.keytab
datanode_1  | ---- ----------------- --------------------------------------------------------
nm_1        |    2 11/13/19 22:00:49 om/nm@EXAMPLE.COM
datanode_2  | --2019-11-13 22:00:49--  http://kdc:8081/keytab/03881c4ae7fb/scm
jhs         | Download scm/jhs@EXAMPLE.COM keytab file to /etc/security/keytabs/scm.keytab
kdc_1       | Entry for principal test/test@EXAMPLE.COM with kvno 4, encryption type aes128-cts-hmac-sha1-96 added to keytab WRFILE:/data/test.test.keytab.
s3g_1       |    2 11/13/19 22:00:48 om/s3g@EXAMPLE.COM
datanode_3  | Resolving kdc (kdc)... 172.19.0.6
om_1        | Download HTTP/om@EXAMPLE.COM keytab file to /etc/security/keytabs/HTTP.keytab
kms_1       | HTTP request sent, awaiting response... 200 OK
rm_1        | 
scm_1       | --2019-11-13 22:00:48--  http://kdc:8081/keytab/scm/scm
datanode_1  |    2 11/13/19 22:00:48 om/605d3eff7247@EXAMPLE.COM
nm_1        |    2 11/13/19 22:00:49 om/nm@EXAMPLE.COM
datanode_2  | Resolving kdc (kdc)... 172.19.0.6
kdc_1       | Generiting keytab
jhs         | --2019-11-13 22:00:50--  http://kdc:8081/keytab/jhs/scm
s3g_1       | Download scm/s3g@EXAMPLE.COM keytab file to /etc/security/keytabs/scm.keytab
datanode_3  | Connecting to kdc (kdc)|172.19.0.6|:8081... connected.
om_1        | --2019-11-13 22:01:13--  http://kdc:8081/keytab/om/HTTP
kms_1       | Length: 160 [application/octet-stream]
rm_1        | 2019-11-13 22:01:13 (10.3 MB/s) - '/etc/security/keytabs/scm.keytab' saved [140/140]
scm_1       | Resolving kdc (kdc)... 172.19.0.6
datanode_1  |    2 11/13/19 22:00:48 om/605d3eff7247@EXAMPLE.COM
nm_1        | Download scm/nm@EXAMPLE.COM keytab file to /etc/security/keytabs/scm.keytab
kdc_1       | Authenticating as principal admin/admin with keytab /tmp/admin.keytab.
datanode_2  | Connecting to kdc (kdc)|172.19.0.6|:8081... connected.
jhs         | Resolving kdc (kdc)... 172.19.0.6
s3g_1       | --2019-11-13 22:00:48--  http://kdc:8081/keytab/s3g/scm
datanode_3  | HTTP request sent, awaiting response... 200 OK
om_1        | Resolving kdc (kdc)... 172.19.0.6
kms_1       | Saving to: '/etc/security/keytabs/scm.keytab'
rm_1        | 
scm_1       | Connecting to kdc (kdc)|172.19.0.6|:8081... connected.
datanode_1  | Download scm/605d3eff7247@EXAMPLE.COM keytab file to /etc/security/keytabs/scm.keytab
nm_1        | --2019-11-13 22:00:49--  http://kdc:8081/keytab/nm/scm
kdc_1       | WARNING: no policy specified for test/test@EXAMPLE.COM; defaulting to no policy
datanode_2  | HTTP request sent, awaiting response... 200 OK
jhs         | Connecting to kdc (kdc)|172.19.0.6|:8081... connected.
s3g_1       | Resolving kdc (kdc)... 172.19.0.6
datanode_3  | Length: 160 [application/octet-stream]
om_1        | Connecting to kdc (kdc)|172.19.0.6|:8081... connected.
kms_1       | 
rm_1        | Keytab name: FILE:/etc/security/keytabs/scm.keytab
scm_1       | HTTP request sent, awaiting response... 200 OK
datanode_1  | --2019-11-13 22:00:48--  http://kdc:8081/keytab/605d3eff7247/scm
nm_1        | Resolving kdc (kdc)... 172.19.0.6
kdc_1       | add_principal: Principal or policy already exists while creating "test/test@EXAMPLE.COM".
datanode_2  | Length: 160 [application/octet-stream]
jhs         | HTTP request sent, awaiting response... 200 OK
s3g_1       | Connecting to kdc (kdc)|172.19.0.6|:8081... connected.
datanode_3  | Saving to: '/etc/security/keytabs/scm.keytab'
om_1        | HTTP request sent, awaiting response... 200 OK
kms_1       |      0K                                                       100% 21.8M=0s
rm_1        | KVNO Timestamp         Principal
scm_1       | Length: 142 [application/octet-stream]
datanode_1  | Resolving kdc (kdc)... 172.19.0.6
nm_1        | Connecting to kdc (kdc)|172.19.0.6|:8081... connected.
kdc_1       | Authenticating as principal admin/admin with keytab /tmp/admin.keytab.
datanode_2  | Saving to: '/etc/security/keytabs/scm.keytab'
jhs         | Length: 142 [application/octet-stream]
s3g_1       | HTTP request sent, awaiting response... 200 OK
om_1        | Length: 142 [application/octet-stream]
datanode_3  | 
rm_1        | ---- ----------------- --------------------------------------------------------
scm_1       | Saving to: '/etc/security/keytabs/scm.keytab'
kms_1       | 
nm_1        | HTTP request sent, awaiting response... 200 OK
datanode_1  | Connecting to kdc (kdc)|172.19.0.6|:8081... connected.
kdc_1       | Entry for principal test/test@EXAMPLE.COM with kvno 5, encryption type aes256-cts-hmac-sha1-96 added to keytab WRFILE:/data/test.test.keytab.
datanode_2  | 
jhs         | Saving to: '/etc/security/keytabs/scm.keytab'
s3g_1       | Length: 142 [application/octet-stream]
om_1        | Saving to: '/etc/security/keytabs/HTTP.keytab'
datanode_3  |      0K                                                       100% 22.6M=0s
rm_1        |    2 11/13/19 22:01:13 scm/rm@EXAMPLE.COM
scm_1       | 
kms_1       | 2019-11-13 22:01:14 (21.8 MB/s) - '/etc/security/keytabs/scm.keytab' saved [160/160]
nm_1        | Length: 140 [application/octet-stream]
datanode_1  | HTTP request sent, awaiting response... 200 OK
kdc_1       | Entry for principal test/test@EXAMPLE.COM with kvno 5, encryption type aes128-cts-hmac-sha1-96 added to keytab WRFILE:/data/test.test.keytab.
jhs         | 
s3g_1       | Saving to: '/etc/security/keytabs/scm.keytab'
om_1        | 
datanode_3  | 
rm_1        |    2 11/13/19 22:01:13 scm/rm@EXAMPLE.COM
datanode_2  |      0K                                                       100% 9.82M=0s
scm_1       |      0K                                                       100% 16.2M=0s
kms_1       | 
nm_1        | Saving to: '/etc/security/keytabs/scm.keytab'
datanode_1  | Length: 160 [application/octet-stream]
kdc_1       | Generiting keytab
jhs         |      0K                                                       100% 12.1M=0s
om_1        |      0K                                                       100% 9.73M=0s
s3g_1       | 
datanode_3  | 2019-11-13 22:01:12 (22.6 MB/s) - '/etc/security/keytabs/scm.keytab' saved [160/160]
rm_1        | Download HTTP/rm@EXAMPLE.COM keytab file to /etc/security/keytabs/HTTP.keytab
datanode_2  | 
scm_1       | 
kms_1       | Keytab name: FILE:/etc/security/keytabs/scm.keytab
datanode_1  | Saving to: '/etc/security/keytabs/scm.keytab'
kdc_1       | Authenticating as principal admin/admin with keytab /tmp/admin.keytab.
nm_1        | 
jhs         | 
s3g_1       |      0K                                                       100% 13.1M=0s
om_1        | 
datanode_3  | 
rm_1        | --2019-11-13 22:01:13--  http://kdc:8081/keytab/rm/HTTP
datanode_2  | 2019-11-13 22:01:12 (9.82 MB/s) - '/etc/security/keytabs/scm.keytab' saved [160/160]
scm_1       | 2019-11-13 22:00:49 (16.2 MB/s) - '/etc/security/keytabs/scm.keytab' saved [142/142]
kms_1       | KVNO Timestamp         Principal
kdc_1       | WARNING: no policy specified for dn/605d3eff7247@EXAMPLE.COM; defaulting to no policy
datanode_1  | 
nm_1        |      0K                                                       100% 9.85M=0s
jhs         | 2019-11-13 22:01:12 (12.1 MB/s) - '/etc/security/keytabs/scm.keytab' saved [142/142]
s3g_1       | 
om_1        | 2019-11-13 22:01:15 (9.73 MB/s) - '/etc/security/keytabs/HTTP.keytab' saved [142/142]
datanode_3  | Keytab name: FILE:/etc/security/keytabs/scm.keytab
rm_1        | Resolving kdc (kdc)... 172.19.0.6
datanode_2  | 
scm_1       | 
kms_1       | ---- ----------------- --------------------------------------------------------
kdc_1       | Principal "dn/605d3eff7247@EXAMPLE.COM" created.
datanode_1  |      0K                                                       100% 22.5M=0s
nm_1        | 
jhs         | 
s3g_1       | 2019-11-13 22:00:49 (13.1 MB/s) - '/etc/security/keytabs/scm.keytab' saved [142/142]
om_1        | 
datanode_3  | KVNO Timestamp         Principal
rm_1        | Connecting to kdc (kdc)|172.19.0.6|:8081... connected.
datanode_2  | Keytab name: FILE:/etc/security/keytabs/scm.keytab
scm_1       | Keytab name: FILE:/etc/security/keytabs/scm.keytab
kms_1       |    2 11/13/19 22:01:14 scm/1f2f6abaabe4@EXAMPLE.COM
kdc_1       | Authenticating as principal admin/admin with keytab /tmp/admin.keytab.
datanode_1  | 
nm_1        | 2019-11-13 22:01:11 (9.85 MB/s) - '/etc/security/keytabs/scm.keytab' saved [140/140]
jhs         | Keytab name: FILE:/etc/security/keytabs/scm.keytab
s3g_1       | 
om_1        | Keytab name: FILE:/etc/security/keytabs/HTTP.keytab
datanode_3  | ---- ----------------- --------------------------------------------------------
rm_1        | HTTP request sent, awaiting response... 200 OK
datanode_2  | KVNO Timestamp         Principal
scm_1       | KVNO Timestamp         Principal
kms_1       |    2 11/13/19 22:01:14 scm/1f2f6abaabe4@EXAMPLE.COM
kdc_1       | Entry for principal dn/605d3eff7247@EXAMPLE.COM with kvno 2, encryption type aes256-cts-hmac-sha1-96 added to keytab WRFILE:/data/dn.605d3eff7247.keytab.
datanode_1  | 2019-11-13 22:00:49 (22.5 MB/s) - '/etc/security/keytabs/scm.keytab' saved [160/160]
nm_1        | 
jhs         | KVNO Timestamp         Principal
s3g_1       | Keytab name: FILE:/etc/security/keytabs/scm.keytab
om_1        | KVNO Timestamp         Principal
datanode_3  |    2 11/13/19 22:01:12 scm/4a69f709b045@EXAMPLE.COM
rm_1        | Length: 142 [application/octet-stream]
scm_1       | ---- ----------------- --------------------------------------------------------
datanode_2  | ---- ----------------- --------------------------------------------------------
kms_1       | Download HTTP/1f2f6abaabe4@EXAMPLE.COM keytab file to /etc/security/keytabs/HTTP.keytab
kdc_1       | Entry for principal dn/605d3eff7247@EXAMPLE.COM with kvno 2, encryption type aes128-cts-hmac-sha1-96 added to keytab WRFILE:/data/dn.605d3eff7247.keytab.
datanode_1  | 
nm_1        | Keytab name: FILE:/etc/security/keytabs/scm.keytab
jhs         | ---- ----------------- --------------------------------------------------------
s3g_1       | KVNO Timestamp         Principal
om_1        | ---- ----------------- --------------------------------------------------------
datanode_3  |    2 11/13/19 22:01:12 scm/4a69f709b045@EXAMPLE.COM
rm_1        | Saving to: '/etc/security/keytabs/HTTP.keytab'
scm_1       |    2 11/13/19 22:00:49 scm/scm@EXAMPLE.COM
datanode_2  |    2 11/13/19 22:01:12 scm/03881c4ae7fb@EXAMPLE.COM
kms_1       | --2019-11-13 22:01:14--  http://kdc:8081/keytab/1f2f6abaabe4/HTTP
kdc_1       | Generiting keytab
datanode_1  | Keytab name: FILE:/etc/security/keytabs/scm.keytab
nm_1        | KVNO Timestamp         Principal
s3g_1       | ---- ----------------- --------------------------------------------------------
datanode_3  | Download HTTP/4a69f709b045@EXAMPLE.COM keytab file to /etc/security/keytabs/HTTP.keytab
om_1        |    2 11/13/19 22:01:15 HTTP/om@EXAMPLE.COM
jhs         |    2 11/13/19 22:01:12 scm/jhs@EXAMPLE.COM
rm_1        | 
scm_1       |    2 11/13/19 22:00:49 scm/scm@EXAMPLE.COM
datanode_2  |    2 11/13/19 22:01:12 scm/03881c4ae7fb@EXAMPLE.COM
kms_1       | Resolving kdc (kdc)... 172.19.0.6
kdc_1       | Authenticating as principal admin/admin with keytab /tmp/admin.keytab.
datanode_1  | KVNO Timestamp         Principal
s3g_1       |    2 11/13/19 22:00:49 scm/s3g@EXAMPLE.COM
nm_1        | ---- ----------------- --------------------------------------------------------
datanode_3  | --2019-11-13 22:01:12--  http://kdc:8081/keytab/4a69f709b045/HTTP
om_1        |    2 11/13/19 22:01:15 HTTP/om@EXAMPLE.COM
jhs         |    2 11/13/19 22:01:12 scm/jhs@EXAMPLE.COM
rm_1        |      0K                                                       100% 19.7M=0s
scm_1       | Download HTTP/scm@EXAMPLE.COM keytab file to /etc/security/keytabs/HTTP.keytab
datanode_2  | Download HTTP/03881c4ae7fb@EXAMPLE.COM keytab file to /etc/security/keytabs/HTTP.keytab
kms_1       | Connecting to kdc (kdc)|172.19.0.6|:8081... connected.
kdc_1       | WARNING: no policy specified for dn/scm@EXAMPLE.COM; defaulting to no policy
datanode_1  | ---- ----------------- --------------------------------------------------------
s3g_1       |    2 11/13/19 22:00:49 scm/s3g@EXAMPLE.COM
nm_1        |    2 11/13/19 22:01:11 scm/nm@EXAMPLE.COM
datanode_3  | Resolving kdc (kdc)... 172.19.0.6
jhs         | Download HTTP/jhs@EXAMPLE.COM keytab file to /etc/security/keytabs/HTTP.keytab
om_1        | Download testuser/om@EXAMPLE.COM keytab file to /etc/security/keytabs/testuser.keytab
rm_1        | 
scm_1       | --2019-11-13 22:00:49--  http://kdc:8081/keytab/scm/HTTP
datanode_2  | --2019-11-13 22:01:12--  http://kdc:8081/keytab/03881c4ae7fb/HTTP
kms_1       | HTTP request sent, awaiting response... 200 OK
kdc_1       | Principal "dn/scm@EXAMPLE.COM" created.
datanode_1  |    2 11/13/19 22:00:49 scm/605d3eff7247@EXAMPLE.COM
s3g_1       | Download HTTP/s3g@EXAMPLE.COM keytab file to /etc/security/keytabs/HTTP.keytab
nm_1        |    2 11/13/19 22:01:11 scm/nm@EXAMPLE.COM
datanode_3  | Connecting to kdc (kdc)|172.19.0.6|:8081... connected.
jhs         | --2019-11-13 22:01:12--  http://kdc:8081/keytab/jhs/HTTP
om_1        | --2019-11-13 22:01:15--  http://kdc:8081/keytab/om/testuser
rm_1        | 2019-11-13 22:01:14 (19.7 MB/s) - '/etc/security/keytabs/HTTP.keytab' saved [142/142]
scm_1       | Resolving kdc (kdc)... 172.19.0.6
datanode_2  | Resolving kdc (kdc)... 172.19.0.6
kms_1       | Length: 162 [application/octet-stream]
kdc_1       | Authenticating as principal admin/admin with keytab /tmp/admin.keytab.
datanode_1  |    2 11/13/19 22:00:49 scm/605d3eff7247@EXAMPLE.COM
s3g_1       | --2019-11-13 22:00:49--  http://kdc:8081/keytab/s3g/HTTP
nm_1        | Download HTTP/nm@EXAMPLE.COM keytab file to /etc/security/keytabs/HTTP.keytab
datanode_3  | HTTP request sent, awaiting response... 200 OK
jhs         | Resolving kdc (kdc)... 172.19.0.6
rm_1        | 
om_1        | Resolving kdc (kdc)... 172.19.0.6
scm_1       | Connecting to kdc (kdc)|172.19.0.6|:8081... connected.
datanode_2  | Connecting to kdc (kdc)|172.19.0.6|:8081... connected.
kms_1       | Saving to: '/etc/security/keytabs/HTTP.keytab'
kdc_1       | Nov 13 22:00:46 kdc krb5kdc[9](info): AS_REQ (8 etypes {18 17 20 19 16 23 25 26}) 127.0.0.1: ISSUE: authtime 1573682446, etypes {rep=18 tkt=18 ses=18}, admin/admin@EXAMPLE.COM for kadmin/admin@EXAMPLE.COM
datanode_1  | Download HTTP/605d3eff7247@EXAMPLE.COM keytab file to /etc/security/keytabs/HTTP.keytab
s3g_1       | Resolving kdc (kdc)... 172.19.0.6
nm_1        | --2019-11-13 22:01:11--  http://kdc:8081/keytab/nm/HTTP
datanode_3  | Length: 162 [application/octet-stream]
jhs         | Connecting to kdc (kdc)|172.19.0.6|:8081... connected.
rm_1        | Keytab name: FILE:/etc/security/keytabs/HTTP.keytab
om_1        | Connecting to kdc (kdc)|172.19.0.6|:8081... connected.
scm_1       | HTTP request sent, awaiting response... 200 OK
datanode_2  | HTTP request sent, awaiting response... 200 OK
kms_1       | 
kdc_1       | Nov 13 22:00:46 kdc krb5kdc[9](info): AS_REQ (8 etypes {18 17 20 19 16 23 25 26}) 127.0.0.1: SERVER_NOT_FOUND: admin/admin@EXAMPLE.COM for kadmin/localhost@EXAMPLE.COM, Server not found in Kerberos database
datanode_1  | --2019-11-13 22:00:49--  http://kdc:8081/keytab/605d3eff7247/HTTP
s3g_1       | Connecting to kdc (kdc)|172.19.0.6|:8081... connected.
nm_1        | Resolving kdc (kdc)... 172.19.0.6
datanode_3  | Saving to: '/etc/security/keytabs/HTTP.keytab'
jhs         | HTTP request sent, awaiting response... 200 OK
rm_1        | KVNO Timestamp         Principal
om_1        | HTTP request sent, awaiting response... 200 OK
scm_1       | Length: 144 [application/octet-stream]
datanode_2  | Length: 162 [application/octet-stream]
kms_1       |      0K                                                       100% 8.91M=0s
datanode_1  | Resolving kdc (kdc)... 172.19.0.6
s3g_1       | HTTP request sent, awaiting response... 200 OK
nm_1        | Connecting to kdc (kdc)|172.19.0.6|:8081... connected.
datanode_3  | 
jhs         | Length: 144 [application/octet-stream]
rm_1        | ---- ----------------- --------------------------------------------------------
om_1        | Length: 150 [application/octet-stream]
scm_1       | Saving to: '/etc/security/keytabs/HTTP.keytab'
datanode_2  | Saving to: '/etc/security/keytabs/HTTP.keytab'
kdc_1       | Nov 13 22:00:46 kdc krb5kdc[9](info): AS_REQ (8 etypes {18 17 20 19 16 23 25 26}) 127.0.0.1: ISSUE: authtime 1573682446, etypes {rep=18 tkt=18 ses=18}, admin/admin@EXAMPLE.COM for kadmin/admin@EXAMPLE.COM
kms_1       | 
datanode_1  | Connecting to kdc (kdc)|172.19.0.6|:8081... connected.
nm_1        | HTTP request sent, awaiting response... 200 OK
s3g_1       | Length: 144 [application/octet-stream]
datanode_3  |      0K                                                       100% 15.6M=0s
jhs         | Saving to: '/etc/security/keytabs/HTTP.keytab'
rm_1        |    2 11/13/19 22:01:14 HTTP/rm@EXAMPLE.COM
om_1        | Saving to: '/etc/security/keytabs/testuser.keytab'
scm_1       | 
datanode_2  | 
kms_1       | 2019-11-13 22:01:18 (8.91 MB/s) - '/etc/security/keytabs/HTTP.keytab' saved [162/162]
datanode_1  | HTTP request sent, awaiting response... 200 OK
kdc_1       | Nov 13 22:00:46 kdc krb5kdc[9](info): AS_REQ (8 etypes {18 17 20 19 16 23 25 26}) 127.0.0.1: SERVER_NOT_FOUND: admin/admin@EXAMPLE.COM for kadmin/localhost@EXAMPLE.COM, Server not found in Kerberos database
nm_1        | Length: 142 [application/octet-stream]
s3g_1       | Saving to: '/etc/security/keytabs/HTTP.keytab'
datanode_3  | 
rm_1        |    2 11/13/19 22:01:14 HTTP/rm@EXAMPLE.COM
scm_1       |      0K                                                       100% 12.9M=0s
om_1        | 
jhs         | 
datanode_2  |      0K                                                       100% 13.3M=0s
kms_1       | 
datanode_1  | Length: 162 [application/octet-stream]
kdc_1       | Nov 13 22:00:46 kdc krb5kdc[9](info): AS_REQ (8 etypes {18 17 20 19 16 23 25 26}) 127.0.0.1: ISSUE: authtime 1573682446, etypes {rep=18 tkt=18 ses=18}, admin/admin@EXAMPLE.COM for kadmin/admin@EXAMPLE.COM
nm_1        | Saving to: '/etc/security/keytabs/HTTP.keytab'
s3g_1       | 
datanode_3  | 2019-11-13 22:01:13 (15.6 MB/s) - '/etc/security/keytabs/HTTP.keytab' saved [162/162]
rm_1        | Download testuser/rm@EXAMPLE.COM keytab file to /etc/security/keytabs/testuser.keytab
scm_1       | 
om_1        |      0K                                                       100% 18.9M=0s
jhs         |      0K                                                       100% 17.0M=0s
datanode_2  | 
kms_1       | Keytab name: FILE:/etc/security/keytabs/HTTP.keytab
datanode_1  | Saving to: '/etc/security/keytabs/HTTP.keytab'
nm_1        | 
s3g_1       |      0K                                                       100% 11.6M=0s
kdc_1       | Nov 13 22:00:46 kdc krb5kdc[9](info): AS_REQ (8 etypes {18 17 20 19 16 23 25 26}) 127.0.0.1: SERVER_NOT_FOUND: admin/admin@EXAMPLE.COM for kadmin/localhost@EXAMPLE.COM, Server not found in Kerberos database
datanode_3  | 
rm_1        | --2019-11-13 22:01:14--  http://kdc:8081/keytab/rm/testuser
scm_1       | 2019-11-13 22:01:12 (12.9 MB/s) - '/etc/security/keytabs/HTTP.keytab' saved [144/144]
om_1        | 
jhs         | 
datanode_2  | 2019-11-13 22:01:13 (13.3 MB/s) - '/etc/security/keytabs/HTTP.keytab' saved [162/162]
kms_1       | KVNO Timestamp         Principal
datanode_1  | 
nm_1        |      0K                                                       100% 19.6M=0s
s3g_1       | 
kdc_1       | Nov 13 22:00:46 kdc krb5kdc[9](info): AS_REQ (8 etypes {18 17 20 19 16 23 25 26}) 127.0.0.1: ISSUE: authtime 1573682446, etypes {rep=18 tkt=18 ses=18}, admin/admin@EXAMPLE.COM for kadmin/admin@EXAMPLE.COM
datanode_3  | Keytab name: FILE:/etc/security/keytabs/HTTP.keytab
rm_1        | Resolving kdc (kdc)... 172.19.0.6
scm_1       | 
om_1        | 2019-11-13 22:01:19 (18.9 MB/s) - '/etc/security/keytabs/testuser.keytab' saved [150/150]
jhs         | 2019-11-13 22:01:14 (17.0 MB/s) - '/etc/security/keytabs/HTTP.keytab' saved [144/144]
datanode_2  | 
kms_1       | ---- ----------------- --------------------------------------------------------
datanode_1  |      0K                                                       100% 13.6M=0s
nm_1        | 
s3g_1       | 2019-11-13 22:01:12 (11.6 MB/s) - '/etc/security/keytabs/HTTP.keytab' saved [144/144]
kdc_1       | Nov 13 22:00:47 kdc krb5kdc[9](info): AS_REQ (8 etypes {18 17 20 19 16 23 25 26}) 127.0.0.1: SERVER_NOT_FOUND: admin/admin@EXAMPLE.COM for kadmin/localhost@EXAMPLE.COM, Server not found in Kerberos database
datanode_3  | KVNO Timestamp         Principal
scm_1       | Keytab name: FILE:/etc/security/keytabs/HTTP.keytab
rm_1        | Connecting to kdc (kdc)|172.19.0.6|:8081... connected.
om_1        | 
datanode_2  | Keytab name: FILE:/etc/security/keytabs/HTTP.keytab
kms_1       |    2 11/13/19 22:01:18 HTTP/1f2f6abaabe4@EXAMPLE.COM
datanode_1  | 
jhs         | 
nm_1        | 2019-11-13 22:01:13 (19.6 MB/s) - '/etc/security/keytabs/HTTP.keytab' saved [142/142]
s3g_1       | 
kdc_1       | Nov 13 22:00:47 kdc krb5kdc[9](info): AS_REQ (8 etypes {18 17 20 19 16 23 25 26}) 127.0.0.1: ISSUE: authtime 1573682447, etypes {rep=18 tkt=18 ses=18}, admin/admin@EXAMPLE.COM for kadmin/admin@EXAMPLE.COM
datanode_3  | ---- ----------------- --------------------------------------------------------
scm_1       | KVNO Timestamp         Principal
rm_1        | HTTP request sent, awaiting response... 200 OK
om_1        | Keytab name: FILE:/etc/security/keytabs/testuser.keytab
datanode_2  | KVNO Timestamp         Principal
kms_1       |    2 11/13/19 22:01:18 HTTP/1f2f6abaabe4@EXAMPLE.COM
datanode_1  | 2019-11-13 22:01:12 (13.6 MB/s) - '/etc/security/keytabs/HTTP.keytab' saved [162/162]
jhs         | Keytab name: FILE:/etc/security/keytabs/HTTP.keytab
nm_1        | 
s3g_1       | Keytab name: FILE:/etc/security/keytabs/HTTP.keytab
