scm_1       | 2019-11-13 03:26:01,378 INFO block.BlockManagerImpl: Deleting blocks conID: 3 locID: 103128466229166082 bcsId: 0
om2_1       | 2019-11-13 03:24:01,040 INFO server.RaftServerConfigKeys: raft.server.log.queue.element-limit = 4096 (default)
s3g_1       | 	at java.base/java.lang.reflect.Method.invoke(Method.java:566)
datanode_2  | 2019-11-13 03:24:01,775 INFO ratis.ContainerStateMachine: group-CF976795F3A1: The snapshot info is null. Setting the last applied indexto:(t:0, i:~)
om3_1       | 2019-11-13 03:24:02,143 INFO segmented.SegmentedRaftLogWorker: om3@group-562213E44849-SegmentedRaftLogWorker: flushIndex: setUnconditionally 0 -> -1
om1_1       | 2019-11-13 03:24:02,487 INFO server.AuthenticationFilter: Unable to initialize FileSignerSecretProvider, falling back to use random secrets.
datanode_1  | 2019-11-13 03:24:01,727 INFO impl.RaftServerImpl: e40361f8-bb95-4d65-88b9-1dbc9e19e5f2@group-CF976795F3A1: ConfigurationManager, init=-1: [5317dfee-a4a9-4be5-ab30-b2506e97d150:172.18.0.6:9858, 64dac783-844b-4748-9a97-0ff44469d1ed:172.18.0.8:9858, e40361f8-bb95-4d65-88b9-1dbc9e19e5f2:172.18.0.3:9858], old=null, confs=<EMPTY_MAP>
datanode_3  | 2019-11-13 03:24:01,732 INFO server.RaftServerConfigKeys: raft.server.sleep.deviation.threshold = 300 (default)
scm_1       | 2019-11-13 03:26:01,392 INFO block.BlockManagerImpl: Deleting blocks conID: 1 locID: 103128467620823049 bcsId: 0
om2_1       | 2019-11-13 03:24:01,042 INFO server.RaftServerConfigKeys: raft.server.log.segment.size.max = 16384 (custom)
s3g_1       | 	at org.apache.hadoop.hdds.tracing.TraceAllMethod.invoke(TraceAllMethod.java:66)
datanode_2  | 2019-11-13 03:24:01,776 INFO server.RaftServerConfigKeys: raft.server.notification.no-leader.timeout = 120s (custom)
om1_1       | 2019-11-13 03:24:02,489 INFO http.HttpRequestLog: Http request log for http.requests.ozoneManager is not defined
om3_1       | 2019-11-13 03:24:02,148 INFO server.RaftServerConfigKeys: raft.server.snapshot.auto.trigger.enabled = true (custom)
datanode_1  | 2019-11-13 03:24:01,728 INFO server.RaftServerConfigKeys: raft.server.storage.dir = [/data/metadata/ratis] (custom)
datanode_3  | 2019-11-13 03:24:01,732 INFO server.RaftServerConfigKeys: raft.server.log.appender.install.snapshot.enabled = false (custom)
scm_1       | 2019-11-13 03:26:01,392 INFO block.BlockManagerImpl: Deleting blocks conID: 3 locID: 103128468945305611 bcsId: 0
om2_1       | 2019-11-13 03:24:01,042 INFO server.RaftServerConfigKeys: raft.server.log.preallocated.size = 16384 (custom)
s3g_1       | 	at com.sun.proxy.$Proxy84.completeMultipartUpload(Unknown Source)
datanode_2  | 2019-11-13 03:24:01,776 INFO server.RaftServerConfigKeys: raft.server.log.use.memory = false (default)
om1_1       | 2019-11-13 03:24:02,496 INFO http.HttpServer2: Added global filter 'safety' (class=org.apache.hadoop.http.HttpServer2$QuotingInputFilter)
datanode_1  | 2019-11-13 03:24:01,728 INFO server.RaftServerConfigKeys: raft.server.log.corruption.policy = EXCEPTION (default)
om3_1       | 2019-11-13 03:24:02,149 INFO server.RaftServerConfigKeys: raft.server.snapshot.auto.trigger.threshold = 400000 (default)
scm_1       | 2019-11-13 03:26:01,392 INFO block.BlockManagerImpl: Deleting blocks conID: 1 locID: 103128469011431436 bcsId: 0
datanode_3  | 2019-11-13 03:24:01,732 INFO impl.RaftServerImpl: 5317dfee-a4a9-4be5-ab30-b2506e97d150@group-CF976795F3A1: ConfigurationManager, init=-1: [5317dfee-a4a9-4be5-ab30-b2506e97d150:172.18.0.6:9858, 64dac783-844b-4748-9a97-0ff44469d1ed:172.18.0.8:9858, e40361f8-bb95-4d65-88b9-1dbc9e19e5f2:172.18.0.3:9858], old=null, confs=<EMPTY_MAP>
om2_1       | 2019-11-13 03:24:01,043 INFO server.RaftServerConfigKeys: raft.server.log.write.buffer.size = 64KB (=65536) (default)
s3g_1       | 	at org.apache.hadoop.ozone.client.rpc.RpcClient.completeMultipartUpload(RpcClient.java:914)
datanode_2  | 2019-11-13 03:24:01,776 INFO server.RaftServerConfigKeys: raft.server.log.purge.gap = 1000000 (custom)
om1_1       | 2019-11-13 03:24:02,499 INFO http.HttpServer2: Added filter static_user_filter (class=org.apache.hadoop.http.lib.StaticUserWebFilter$StaticUserFilter) to context ozoneManager
datanode_1  | 2019-11-13 03:24:01,728 INFO storage.RaftStorageDirectory: The storage directory /data/metadata/ratis/afe9e849-f4e8-4f88-9edf-cf976795f3a1 does not exist. Creating ...
om3_1       | 2019-11-13 03:24:02,149 INFO server.RaftServerConfigKeys: raft.server.snapshot.retention.file.num = -1 (default)
scm_1       | 2019-11-13 03:27:01,436 INFO server.SCMBlockProtocolServer: SCM is informed by OM to delete 3 blocks
datanode_3  | 2019-11-13 03:24:01,733 INFO server.RaftServerConfigKeys: raft.server.storage.dir = [/data/metadata/ratis] (custom)
om2_1       | 2019-11-13 03:24:01,043 INFO server.RaftServerConfigKeys: raft.server.log.force.sync.num = 128 (default)
s3g_1       | 	at org.apache.hadoop.ozone.client.OzoneBucket.completeMultipartUpload(OzoneBucket.java:445)
datanode_2  | 2019-11-13 03:24:01,776 INFO server.RaftServerConfigKeys: raft.server.log.appender.buffer.byte-limit = 33554432 (custom)
om1_1       | 2019-11-13 03:24:02,499 INFO http.HttpServer2: Added filter static_user_filter (class=org.apache.hadoop.http.lib.StaticUserWebFilter$StaticUserFilter) to context static
datanode_1  | 2019-11-13 03:24:01,753 INFO storage.RaftStorageDirectory: Lock on /data/metadata/ratis/afe9e849-f4e8-4f88-9edf-cf976795f3a1/in_use.lock acquired by nodename 7@e287dfe3dc94
om3_1       | 2019-11-13 03:24:02,150 INFO server.RaftServerConfigKeys: raft.server.retrycache.expirytime = 600000ms (custom)
scm_1       | 2019-11-13 03:27:01,436 INFO block.BlockManagerImpl: Deleting blocks conID: 1 locID: 103128472461377560 bcsId: 0
om2_1       | 2019-11-13 03:24:01,045 INFO server.RaftServerConfigKeys: raft.server.log.statemachine.data.sync = true (default)
datanode_3  | 2019-11-13 03:24:01,733 INFO server.RaftServerConfigKeys: raft.server.log.corruption.policy = EXCEPTION (default)
s3g_1       | 	at org.apache.hadoop.ozone.s3.endpoint.ObjectEndpoint.completeMultipartUpload(ObjectEndpoint.java:500)
s3g_1       | 	at java.base/jdk.internal.reflect.NativeMethodAccessorImpl.invoke0(Native Method)
om1_1       | 2019-11-13 03:24:02,499 INFO http.HttpServer2: Added filter static_user_filter (class=org.apache.hadoop.http.lib.StaticUserWebFilter$StaticUserFilter) to context logs
datanode_1  | 2019-11-13 03:24:01,775 INFO storage.RaftStorage: Storage directory /data/metadata/ratis/afe9e849-f4e8-4f88-9edf-cf976795f3a1 has been successfully formatted.
datanode_1  | 2019-11-13 03:24:01,775 INFO ratis.ContainerStateMachine: group-CF976795F3A1: The snapshot info is null. Setting the last applied indexto:(t:0, i:~)
scm_1       | 2019-11-13 03:27:01,437 INFO block.BlockManagerImpl: Deleting blocks conID: 2 locID: 103128473117720601 bcsId: 0
om2_1       | 2019-11-13 03:24:01,045 INFO server.RaftServerConfigKeys: raft.server.log.statemachine.data.sync.timeout = 10s (default)
datanode_3  | 2019-11-13 03:24:01,733 INFO storage.RaftStorageDirectory: The storage directory /data/metadata/ratis/afe9e849-f4e8-4f88-9edf-cf976795f3a1 does not exist. Creating ...
om1_1       | 2019-11-13 03:24:02,517 WARN server.BaseHttpServer: /prof java profiling servlet is activated. Not safe for production!
om3_1       | 2019-11-13 03:24:02,160 INFO impl.MetricsSystemImpl: Scheduled Metric snapshot period at 10 second(s).
datanode_1  | 2019-11-13 03:24:01,776 INFO server.RaftServerConfigKeys: raft.server.notification.no-leader.timeout = 120s (custom)
scm_1       | 2019-11-13 03:27:01,438 INFO block.BlockManagerImpl: Deleting blocks conID: 3 locID: 103128469432565774 bcsId: 0,conID: 1 locID: 103128469432762383 bcsId: 0,conID: 2 locID: 103128469431713805 bcsId: 0
datanode_3  | 2019-11-13 03:24:01,753 INFO storage.RaftStorageDirectory: Lock on /data/metadata/ratis/afe9e849-f4e8-4f88-9edf-cf976795f3a1/in_use.lock acquired by nodename 7@663c243c24c8
om2_1       | 2019-11-13 03:24:01,045 INFO server.RaftServerConfigKeys: raft.server.log.statemachine.data.sync.timeout.retry = -1 (default)
s3g_1       | 	at java.base/jdk.internal.reflect.NativeMethodAccessorImpl.invoke(NativeMethodAccessorImpl.java:62)
om1_1       | 2019-11-13 03:24:02,519 INFO http.HttpServer2: Jetty bound to port 9874
om3_1       | 2019-11-13 03:24:02,160 INFO impl.MetricsSystemImpl: OzoneManager metrics system started
datanode_1  | 2019-11-13 03:24:01,776 INFO server.RaftServerConfigKeys: raft.server.log.use.memory = false (default)
scm_1       | 2019-11-13 03:28:01,465 INFO server.SCMBlockProtocolServer: SCM is informed by OM to delete 3 blocks
datanode_3  | 2019-11-13 03:24:01,775 INFO storage.RaftStorage: Storage directory /data/metadata/ratis/afe9e849-f4e8-4f88-9edf-cf976795f3a1 has been successfully formatted.
datanode_2  | 2019-11-13 03:24:01,776 INFO server.RaftServerConfigKeys: raft.server.log.segment.size.max = 1048576 (custom)
om2_1       | 2019-11-13 03:24:01,056 INFO server.RaftServerConfigKeys: raft.server.log.statemachine.data.caching.enabled = false (default)
s3g_1       | 	at java.base/jdk.internal.reflect.DelegatingMethodAccessorImpl.invoke(DelegatingMethodAccessorImpl.java:43)
om1_1       | 2019-11-13 03:24:02,520 INFO server.Server: jetty-9.3.25.v20180904, build timestamp: 2018-09-04T21:11:46Z, git hash: 3ce520221d0240229c862b122d2b06c12a625732
om3_1       | 2019-11-13 03:24:02,168 WARN impl.MetricRegistriesImpl: First MetricRegistry has been created without registering reporters. You may need to call MetricRegistries.global().addReportRegistration(...) before.
datanode_1  | 2019-11-13 03:24:01,776 INFO server.RaftServerConfigKeys: raft.server.log.purge.gap = 1000000 (custom)
scm_1       | 2019-11-13 03:28:01,466 INFO block.BlockManagerImpl: Deleting blocks conID: 3 locID: 103128473504972826 bcsId: 0
datanode_3  | 2019-11-13 03:24:01,775 INFO ratis.ContainerStateMachine: group-CF976795F3A1: The snapshot info is null. Setting the last applied indexto:(t:0, i:~)
datanode_2  | 2019-11-13 03:24:01,776 INFO server.RaftServerConfigKeys: raft.server.log.segment.cache.num.max = 2 (custom)
om2_1       | 2019-11-13 03:24:01,061 INFO segmented.SegmentedRaftLogWorker: om2@group-562213E44849-SegmentedRaftLogWorker: flushIndex: setUnconditionally 0 -> -1
s3g_1       | 	at java.base/java.lang.reflect.Method.invoke(Method.java:566)
om1_1       | 2019-11-13 03:24:02,547 INFO handler.ContextHandler: Started o.e.j.s.ServletContextHandler@626d2016{/logs,file:///var/log/hadoop/,AVAILABLE}
om3_1       | 2019-11-13 03:24:02,171 WARN impl.MetricRegistriesImpl: First MetricRegistry has been created without registering reporters. You may need to call MetricRegistries.global().addReportRegistration(...) before.
datanode_1  | 2019-11-13 03:24:01,776 INFO server.RaftServerConfigKeys: raft.server.log.appender.buffer.byte-limit = 33554432 (custom)
scm_1       | 2019-11-13 03:28:01,466 INFO block.BlockManagerImpl: Deleting blocks conID: 1 locID: 103128474225672219 bcsId: 0
datanode_3  | 2019-11-13 03:24:01,776 INFO server.RaftServerConfigKeys: raft.server.notification.no-leader.timeout = 120s (custom)
om2_1       | 2019-11-13 03:24:01,066 INFO server.RaftServerConfigKeys: raft.server.snapshot.auto.trigger.enabled = true (custom)
om2_1       | 2019-11-13 03:24:01,067 INFO server.RaftServerConfigKeys: raft.server.snapshot.auto.trigger.threshold = 400000 (default)
datanode_2  | 2019-11-13 03:24:01,776 INFO segmented.SegmentedRaftLogWorker: new 64dac783-844b-4748-9a97-0ff44469d1ed@group-CF976795F3A1-SegmentedRaftLogWorker for RaftStorage:Storage Directory /data/metadata/ratis/afe9e849-f4e8-4f88-9edf-cf976795f3a1
s3g_1       | 	at org.glassfish.jersey.server.model.internal.ResourceMethodInvocationHandlerFactory.lambda$static$0(ResourceMethodInvocationHandlerFactory.java:76)
om3_1       | 2019-11-13 03:24:02,190 INFO ratis.OzoneManagerRatisServer: Starting OzoneManagerRatisServer om3 at port 9872
scm_1       | 2019-11-13 03:28:01,467 INFO block.BlockManagerImpl: Deleting blocks conID: 2 locID: 103128474275676188 bcsId: 0
datanode_3  | 2019-11-13 03:24:01,776 INFO server.RaftServerConfigKeys: raft.server.log.use.memory = false (default)
datanode_1  | 2019-11-13 03:24:01,776 INFO server.RaftServerConfigKeys: raft.server.log.segment.size.max = 1048576 (custom)
datanode_1  | 2019-11-13 03:24:01,776 INFO server.RaftServerConfigKeys: raft.server.log.segment.cache.num.max = 2 (custom)
om2_1       | 2019-11-13 03:24:01,068 INFO server.RaftServerConfigKeys: raft.server.snapshot.retention.file.num = -1 (default)
om2_1       | 2019-11-13 03:24:01,068 INFO server.RaftServerConfigKeys: raft.server.retrycache.expirytime = 600000ms (custom)
datanode_2  | 2019-11-13 03:24:01,776 INFO server.RaftServerConfigKeys: raft.server.log.queue.byte-limit = 2147483647 (custom)
s3g_1       | 	at org.glassfish.jersey.server.model.internal.AbstractJavaResourceMethodDispatcher$1.run(AbstractJavaResourceMethodDispatcher.java:148)
om3_1       | 2019-11-13 03:24:02,192 INFO impl.RaftServerImpl: om3@group-562213E44849: start as a follower, conf=-1: [om1:om1:9872, om3:om3:9872, om2:om2:9872], old=null
datanode_3  | 2019-11-13 03:24:01,776 INFO server.RaftServerConfigKeys: raft.server.log.purge.gap = 1000000 (custom)
datanode_1  | 2019-11-13 03:24:01,776 INFO segmented.SegmentedRaftLogWorker: new e40361f8-bb95-4d65-88b9-1dbc9e19e5f2@group-CF976795F3A1-SegmentedRaftLogWorker for RaftStorage:Storage Directory /data/metadata/ratis/afe9e849-f4e8-4f88-9edf-cf976795f3a1
om1_1       | 2019-11-13 03:24:02,548 INFO handler.ContextHandler: Started o.e.j.s.ServletContextHandler@581b1c08{/static,jar:file:/opt/hadoop/share/ozone/lib/hadoop-ozone-ozone-manager-0.5.0-SNAPSHOT.jar!/webapps/static,AVAILABLE}
om2_1       | 2019-11-13 03:24:01,089 WARN impl.MetricRegistriesImpl: First MetricRegistry has been created without registering reporters. You may need to call MetricRegistries.global().addReportRegistration(...) before.
datanode_2  | 2019-11-13 03:24:01,777 INFO server.RaftServerConfigKeys: raft.server.log.queue.element-limit = 1024 (custom)
s3g_1       | 	at org.glassfish.jersey.server.model.internal.AbstractJavaResourceMethodDispatcher.invoke(AbstractJavaResourceMethodDispatcher.java:191)
om3_1       | 2019-11-13 03:24:02,194 INFO impl.RaftServerImpl: om3@group-562213E44849: changes role from      null to FOLLOWER at term 0 for startAsFollower
datanode_3  | 2019-11-13 03:24:01,776 INFO server.RaftServerConfigKeys: raft.server.log.appender.buffer.byte-limit = 33554432 (custom)
datanode_1  | 2019-11-13 03:24:01,776 INFO server.RaftServerConfigKeys: raft.server.log.queue.byte-limit = 2147483647 (custom)
om1_1       | 2019-11-13 03:24:02,626 INFO impl.RaftServerImpl: om1@group-562213E44849: changes role from  FOLLOWER to FOLLOWER at term 1 for recognizeCandidate:om2
om2_1       | 2019-11-13 03:24:01,092 WARN impl.MetricRegistriesImpl: First MetricRegistry has been created without registering reporters. You may need to call MetricRegistries.global().addReportRegistration(...) before.
datanode_2  | 2019-11-13 03:24:01,777 INFO server.RaftServerConfigKeys: raft.server.log.segment.size.max = 1048576 (custom)
s3g_1       | 	at org.glassfish.jersey.server.model.internal.JavaResourceMethodDispatcherProvider$ResponseOutInvoker.doDispatch(JavaResourceMethodDispatcherProvider.java:200)
om3_1       | 2019-11-13 03:24:02,195 INFO impl.RoleInfo: om3: start FollowerState
datanode_3  | 2019-11-13 03:24:01,776 INFO server.RaftServerConfigKeys: raft.server.log.segment.size.max = 1048576 (custom)
datanode_1  | 2019-11-13 03:24:01,777 INFO server.RaftServerConfigKeys: raft.server.log.queue.element-limit = 1024 (custom)
om1_1       | 2019-11-13 03:24:02,626 INFO impl.RoleInfo: om1: shutdown FollowerState
om2_1       | 2019-11-13 03:24:01,095 INFO impl.RaftServerImpl: om2@group-562213E44849: start as a follower, conf=-1: [om1:om1:9872, om3:om3:9872, om2:om2:9872], old=null
datanode_2  | 2019-11-13 03:24:01,777 INFO server.RaftServerConfigKeys: raft.server.log.preallocated.size = 16384 (custom)
s3g_1       | 	at org.glassfish.jersey.server.model.internal.AbstractJavaResourceMethodDispatcher.dispatch(AbstractJavaResourceMethodDispatcher.java:103)
om3_1       | 2019-11-13 03:24:02,197 INFO util.JmxRegister: Successfully registered JMX Bean with object name Ratis:service=RaftServer,group=group-562213E44849,id=om3
datanode_3  | 2019-11-13 03:24:01,776 INFO server.RaftServerConfigKeys: raft.server.log.segment.cache.num.max = 2 (custom)
datanode_1  | 2019-11-13 03:24:01,777 INFO server.RaftServerConfigKeys: raft.server.log.segment.size.max = 1048576 (custom)
om1_1       | 2019-11-13 03:24:02,627 INFO impl.FollowerState: om1@group-562213E44849-FollowerState was interrupted: java.lang.InterruptedException: sleep interrupted
om2_1       | 2019-11-13 03:24:01,098 INFO impl.RaftServerImpl: om2@group-562213E44849: changes role from      null to FOLLOWER at term 0 for startAsFollower
datanode_2  | 2019-11-13 03:24:01,777 INFO server.RaftServerConfigKeys: raft.server.log.write.buffer.size = 33554432 (custom)
s3g_1       | 	at org.glassfish.jersey.server.model.ResourceMethodInvoker.invoke(ResourceMethodInvoker.java:493)
om3_1       | 2019-11-13 03:24:02,199 WARN impl.MetricRegistriesImpl: First MetricRegistry has been created without registering reporters. You may need to call MetricRegistries.global().addReportRegistration(...) before.
datanode_1  | 2019-11-13 03:24:01,777 INFO server.RaftServerConfigKeys: raft.server.log.preallocated.size = 16384 (custom)
om2_1       | 2019-11-13 03:24:01,100 INFO impl.RoleInfo: om2: start FollowerState
datanode_2  | 2019-11-13 03:24:01,777 INFO server.RaftServerConfigKeys: raft.server.log.force.sync.num = 128 (default)
datanode_3  | 2019-11-13 03:24:01,777 INFO segmented.SegmentedRaftLogWorker: new 5317dfee-a4a9-4be5-ab30-b2506e97d150@group-CF976795F3A1-SegmentedRaftLogWorker for RaftStorage:Storage Directory /data/metadata/ratis/afe9e849-f4e8-4f88-9edf-cf976795f3a1
om1_1       | 2019-11-13 03:24:02,627 INFO impl.RoleInfo: om1: start FollowerState
om3_1       | 2019-11-13 03:24:02,200 INFO impl.RaftServerProxy: om3: start RPC server
om2_1       | 2019-11-13 03:24:01,103 INFO util.JmxRegister: Successfully registered JMX Bean with object name Ratis:service=RaftServer,group=group-562213E44849,id=om2
datanode_1  | 2019-11-13 03:24:01,777 INFO server.RaftServerConfigKeys: raft.server.log.write.buffer.size = 33554432 (custom)
s3g_1       | 	at org.glassfish.jersey.server.model.ResourceMethodInvoker.apply(ResourceMethodInvoker.java:415)
datanode_2  | 2019-11-13 03:24:01,777 INFO server.RaftServerConfigKeys: raft.server.log.statemachine.data.sync = true (default)
datanode_3  | 2019-11-13 03:24:01,777 INFO server.RaftServerConfigKeys: raft.server.log.queue.byte-limit = 2147483647 (custom)
om3_1       | 2019-11-13 03:24:02,291 INFO server.GrpcService: om3: GrpcService started, listening on 0.0.0.0/0.0.0.0:9872
om1_1       | 2019-11-13 03:24:02,646 INFO handler.ContextHandler: Started o.e.j.w.WebAppContext@29d405e6{/,file:///tmp/jetty-0.0.0.0-9874-ozoneManager-_-any-3822830344838383939.dir/webapp/,AVAILABLE}{/ozoneManager}
datanode_1  | 2019-11-13 03:24:01,777 INFO server.RaftServerConfigKeys: raft.server.log.force.sync.num = 128 (default)
s3g_1       | 	at org.glassfish.jersey.server.model.ResourceMethodInvoker.apply(ResourceMethodInvoker.java:104)
om2_1       | 2019-11-13 03:24:01,105 WARN impl.MetricRegistriesImpl: First MetricRegistry has been created without registering reporters. You may need to call MetricRegistries.global().addReportRegistration(...) before.
datanode_3  | 2019-11-13 03:24:01,777 INFO server.RaftServerConfigKeys: raft.server.log.queue.element-limit = 1024 (custom)
datanode_2  | 2019-11-13 03:24:01,777 INFO server.RaftServerConfigKeys: raft.server.log.statemachine.data.sync.timeout = 10s (default)
om3_1       | 2019-11-13 03:24:02,306 INFO ipc.Server: IPC Server Responder: starting
datanode_1  | 2019-11-13 03:24:01,777 INFO server.RaftServerConfigKeys: raft.server.log.statemachine.data.sync = true (default)
s3g_1       | 	at org.glassfish.jersey.server.ServerRuntime$1.run(ServerRuntime.java:277)
om1_1       | 2019-11-13 03:24:02,653 INFO server.AbstractConnector: Started ServerConnector@681c0ae6{HTTP/1.1,[http/1.1]}{0.0.0.0:9874}
datanode_3  | 2019-11-13 03:24:01,777 INFO server.RaftServerConfigKeys: raft.server.log.segment.size.max = 1048576 (custom)
om2_1       | 2019-11-13 03:24:01,107 INFO impl.RaftServerProxy: om2: start RPC server
datanode_2  | 2019-11-13 03:24:01,777 INFO server.RaftServerConfigKeys: raft.server.log.statemachine.data.sync.timeout.retry = -1 (default)
om3_1       | 2019-11-13 03:24:02,306 INFO ipc.Server: IPC Server listener on 9862: starting
datanode_1  | 2019-11-13 03:24:01,778 INFO server.RaftServerConfigKeys: raft.server.log.statemachine.data.sync.timeout = 10s (default)
s3g_1       | 	at org.glassfish.jersey.internal.Errors$1.call(Errors.java:272)
om1_1       | 2019-11-13 03:24:02,654 INFO server.Server: Started @6319ms
datanode_3  | 2019-11-13 03:24:01,777 INFO server.RaftServerConfigKeys: raft.server.log.preallocated.size = 16384 (custom)
om2_1       | 2019-11-13 03:24:01,211 INFO server.GrpcService: om2: GrpcService started, listening on 0.0.0.0/0.0.0.0:9872
datanode_2  | 2019-11-13 03:24:01,777 INFO server.RaftServerConfigKeys: raft.server.log.statemachine.data.caching.enabled = true (custom)
om3_1       | 2019-11-13 03:24:02,351 INFO hdfs.DFSUtil: Starting Web-server for ozoneManager at: http://0.0.0.0:9874
datanode_1  | 2019-11-13 03:24:01,778 INFO server.RaftServerConfigKeys: raft.server.log.statemachine.data.sync.timeout.retry = -1 (default)
s3g_1       | 	at org.glassfish.jersey.internal.Errors$1.call(Errors.java:268)
om1_1       | 2019-11-13 03:24:02,656 INFO impl.MetricsSinkAdapter: Sink prometheus started
datanode_3  | 2019-11-13 03:24:01,777 INFO server.RaftServerConfigKeys: raft.server.log.write.buffer.size = 33554432 (custom)
om2_1       | 2019-11-13 03:24:01,228 INFO ipc.Server: IPC Server Responder: starting
datanode_2  | 2019-11-13 03:24:01,778 INFO segmented.SegmentedRaftLogWorker: 64dac783-844b-4748-9a97-0ff44469d1ed@group-CF976795F3A1-SegmentedRaftLogWorker: flushIndex: setUnconditionally 0 -> -1
om3_1       | 2019-11-13 03:24:02,488 INFO server.AuthenticationFilter: Unable to initialize FileSignerSecretProvider, falling back to use random secrets.
datanode_1  | 2019-11-13 03:24:01,778 INFO server.RaftServerConfigKeys: raft.server.log.statemachine.data.caching.enabled = true (custom)
om1_1       | 2019-11-13 03:24:02,656 INFO impl.MetricsSystemImpl: Registered sink prometheus
datanode_3  | 2019-11-13 03:24:01,777 INFO server.RaftServerConfigKeys: raft.server.log.force.sync.num = 128 (default)
s3g_1       | 	at org.glassfish.jersey.internal.Errors.process(Errors.java:316)
datanode_2  | 2019-11-13 03:24:01,778 INFO server.RaftServerConfigKeys: raft.server.snapshot.auto.trigger.enabled = true (custom)
datanode_1  | 2019-11-13 03:24:01,779 INFO segmented.SegmentedRaftLogWorker: e40361f8-bb95-4d65-88b9-1dbc9e19e5f2@group-CF976795F3A1-SegmentedRaftLogWorker: flushIndex: setUnconditionally 0 -> -1
om3_1       | 2019-11-13 03:24:02,490 INFO http.HttpRequestLog: Http request log for http.requests.ozoneManager is not defined
om2_1       | 2019-11-13 03:24:01,228 INFO ipc.Server: IPC Server listener on 9862: starting
om1_1       | 2019-11-13 03:24:02,658 INFO server.BaseHttpServer: HTTP server of OZONEMANAGER is listening at http://0.0.0.0:9874
datanode_3  | 2019-11-13 03:24:01,778 INFO server.RaftServerConfigKeys: raft.server.log.statemachine.data.sync = true (default)
s3g_1       | 	at org.glassfish.jersey.internal.Errors.process(Errors.java:298)
datanode_2  | 2019-11-13 03:24:01,778 INFO server.RaftServerConfigKeys: raft.server.snapshot.auto.trigger.threshold = 10000 (custom)
datanode_1  | 2019-11-13 03:24:01,779 INFO server.RaftServerConfigKeys: raft.server.snapshot.auto.trigger.enabled = true (custom)
om3_1       | 2019-11-13 03:24:02,498 INFO http.HttpServer2: Added global filter 'safety' (class=org.apache.hadoop.http.HttpServer2$QuotingInputFilter)
om2_1       | 2019-11-13 03:24:01,274 INFO hdfs.DFSUtil: Starting Web-server for ozoneManager at: http://0.0.0.0:9874
om1_1       | WARNING: An illegal reflective access operation has occurred
datanode_3  | 2019-11-13 03:24:01,778 INFO server.RaftServerConfigKeys: raft.server.log.statemachine.data.sync.timeout = 10s (default)
datanode_2  | 2019-11-13 03:24:01,778 INFO server.RaftServerConfigKeys: raft.server.snapshot.retention.file.num = 5 (custom)
s3g_1       | 	at org.glassfish.jersey.internal.Errors.process(Errors.java:268)
datanode_1  | 2019-11-13 03:24:01,779 INFO server.RaftServerConfigKeys: raft.server.snapshot.auto.trigger.threshold = 10000 (custom)
om3_1       | 2019-11-13 03:24:02,500 INFO http.HttpServer2: Added filter static_user_filter (class=org.apache.hadoop.http.lib.StaticUserWebFilter$StaticUserFilter) to context ozoneManager
om2_1       | 2019-11-13 03:24:01,456 INFO server.AuthenticationFilter: Unable to initialize FileSignerSecretProvider, falling back to use random secrets.
om1_1       | WARNING: Illegal reflective access by org.apache.ratis.thirdparty.com.google.protobuf.UnsafeUtil (file:/opt/hadoop/share/ozone/lib/ratis-thirdparty-misc-0.2.0.jar) to field java.nio.Buffer.address
datanode_3  | 2019-11-13 03:24:01,778 INFO server.RaftServerConfigKeys: raft.server.log.statemachine.data.sync.timeout.retry = -1 (default)
datanode_2  | 2019-11-13 03:24:01,779 INFO server.RaftServerConfigKeys: raft.server.retrycache.expirytime = 600000ms (custom)
s3g_1       | 	at org.glassfish.jersey.process.internal.RequestScope.runInScope(RequestScope.java:289)
datanode_1  | 2019-11-13 03:24:01,779 INFO server.RaftServerConfigKeys: raft.server.snapshot.retention.file.num = 5 (custom)
om3_1       | 2019-11-13 03:24:02,500 INFO http.HttpServer2: Added filter static_user_filter (class=org.apache.hadoop.http.lib.StaticUserWebFilter$StaticUserFilter) to context logs
datanode_3  | 2019-11-13 03:24:01,778 INFO server.RaftServerConfigKeys: raft.server.log.statemachine.data.caching.enabled = true (custom)
datanode_2  | 2019-11-13 03:24:01,779 WARN impl.MetricRegistriesImpl: First MetricRegistry has been created without registering reporters. You may need to call MetricRegistries.global().addReportRegistration(...) before.
om2_1       | 2019-11-13 03:24:01,459 INFO http.HttpRequestLog: Http request log for http.requests.ozoneManager is not defined
om1_1       | WARNING: Please consider reporting this to the maintainers of org.apache.ratis.thirdparty.com.google.protobuf.UnsafeUtil
s3g_1       | 	at org.glassfish.jersey.server.ServerRuntime.process(ServerRuntime.java:256)
datanode_1  | 2019-11-13 03:24:01,780 INFO server.RaftServerConfigKeys: raft.server.retrycache.expirytime = 600000ms (custom)
om3_1       | 2019-11-13 03:24:02,501 INFO http.HttpServer2: Added filter static_user_filter (class=org.apache.hadoop.http.lib.StaticUserWebFilter$StaticUserFilter) to context static
datanode_3  | 2019-11-13 03:24:01,778 INFO segmented.SegmentedRaftLogWorker: 5317dfee-a4a9-4be5-ab30-b2506e97d150@group-CF976795F3A1-SegmentedRaftLogWorker: flushIndex: setUnconditionally 0 -> -1
datanode_2  | 2019-11-13 03:24:01,779 WARN impl.MetricRegistriesImpl: First MetricRegistry has been created without registering reporters. You may need to call MetricRegistries.global().addReportRegistration(...) before.
om2_1       | 2019-11-13 03:24:01,467 INFO http.HttpServer2: Added global filter 'safety' (class=org.apache.hadoop.http.HttpServer2$QuotingInputFilter)
om1_1       | WARNING: Use --illegal-access=warn to enable warnings of further illegal reflective access operations
s3g_1       | 	at org.glassfish.jersey.server.ApplicationHandler.handle(ApplicationHandler.java:703)
datanode_1  | 2019-11-13 03:24:01,780 WARN impl.MetricRegistriesImpl: First MetricRegistry has been created without registering reporters. You may need to call MetricRegistries.global().addReportRegistration(...) before.
om3_1       | 2019-11-13 03:24:02,517 WARN server.BaseHttpServer: /prof java profiling servlet is activated. Not safe for production!
datanode_3  | 2019-11-13 03:24:01,779 INFO server.RaftServerConfigKeys: raft.server.snapshot.auto.trigger.enabled = true (custom)
datanode_2  | 2019-11-13 03:24:01,779 INFO impl.RaftServerImpl: 64dac783-844b-4748-9a97-0ff44469d1ed@group-CF976795F3A1: start as a follower, conf=-1: [5317dfee-a4a9-4be5-ab30-b2506e97d150:172.18.0.6:9858, 64dac783-844b-4748-9a97-0ff44469d1ed:172.18.0.8:9858, e40361f8-bb95-4d65-88b9-1dbc9e19e5f2:172.18.0.3:9858], old=null
om2_1       | 2019-11-13 03:24:01,470 INFO http.HttpServer2: Added filter static_user_filter (class=org.apache.hadoop.http.lib.StaticUserWebFilter$StaticUserFilter) to context ozoneManager
om1_1       | WARNING: All illegal access operations will be denied in a future release
datanode_1  | 2019-11-13 03:24:01,780 WARN impl.MetricRegistriesImpl: First MetricRegistry has been created without registering reporters. You may need to call MetricRegistries.global().addReportRegistration(...) before.
om3_1       | 2019-11-13 03:24:02,519 INFO http.HttpServer2: Jetty bound to port 9874
s3g_1       | 	at org.glassfish.jersey.servlet.WebComponent.serviceImpl(WebComponent.java:416)
datanode_3  | 2019-11-13 03:24:01,779 INFO server.RaftServerConfigKeys: raft.server.snapshot.auto.trigger.threshold = 10000 (custom)
datanode_2  | 2019-11-13 03:24:01,779 INFO impl.RaftServerImpl: 64dac783-844b-4748-9a97-0ff44469d1ed@group-CF976795F3A1: changes role from      null to FOLLOWER at term 0 for startAsFollower
om2_1       | 2019-11-13 03:24:01,470 INFO http.HttpServer2: Added filter static_user_filter (class=org.apache.hadoop.http.lib.StaticUserWebFilter$StaticUserFilter) to context static
om1_1       | 2019-11-13 03:24:02,787 INFO impl.RaftServerImpl: om1@group-562213E44849: change Leader from null to om2 at term 1 for appendEntries, leader elected after 714ms
om3_1       | 2019-11-13 03:24:02,520 INFO server.Server: jetty-9.3.25.v20180904, build timestamp: 2018-09-04T21:11:46Z, git hash: 3ce520221d0240229c862b122d2b06c12a625732
s3g_1       | 	at org.glassfish.jersey.servlet.WebComponent.service(WebComponent.java:370)
datanode_3  | 2019-11-13 03:24:01,779 INFO server.RaftServerConfigKeys: raft.server.snapshot.retention.file.num = 5 (custom)
datanode_2  | 2019-11-13 03:24:01,779 INFO impl.RoleInfo: 64dac783-844b-4748-9a97-0ff44469d1ed: start FollowerState
om2_1       | 2019-11-13 03:24:01,470 INFO http.HttpServer2: Added filter static_user_filter (class=org.apache.hadoop.http.lib.StaticUserWebFilter$StaticUserFilter) to context logs
datanode_1  | 2019-11-13 03:24:01,780 INFO impl.RaftServerImpl: e40361f8-bb95-4d65-88b9-1dbc9e19e5f2@group-CF976795F3A1: start as a follower, conf=-1: [5317dfee-a4a9-4be5-ab30-b2506e97d150:172.18.0.6:9858, 64dac783-844b-4748-9a97-0ff44469d1ed:172.18.0.8:9858, e40361f8-bb95-4d65-88b9-1dbc9e19e5f2:172.18.0.3:9858], old=null
om1_1       | 2019-11-13 03:24:02,815 INFO impl.RaftServerImpl: om1@group-562213E44849: set configuration 0: [om1:om1:9872, om3:om3:9872, om2:om2:9872], old=null at 0
om3_1       | 2019-11-13 03:24:02,547 INFO handler.ContextHandler: Started o.e.j.s.ServletContextHandler@590765c4{/logs,file:///var/log/hadoop/,AVAILABLE}
s3g_1       | 	at org.glassfish.jersey.servlet.ServletContainer.service(ServletContainer.java:389)
datanode_3  | 2019-11-13 03:24:01,779 INFO server.RaftServerConfigKeys: raft.server.retrycache.expirytime = 600000ms (custom)
datanode_2  | 2019-11-13 03:24:01,780 INFO util.JmxRegister: Successfully registered JMX Bean with object name Ratis:service=RaftServer,group=group-CF976795F3A1,id=64dac783-844b-4748-9a97-0ff44469d1ed
om2_1       | 2019-11-13 03:24:01,489 WARN server.BaseHttpServer: /prof java profiling servlet is activated. Not safe for production!
datanode_1  | 2019-11-13 03:24:01,780 INFO impl.RaftServerImpl: e40361f8-bb95-4d65-88b9-1dbc9e19e5f2@group-CF976795F3A1: changes role from      null to FOLLOWER at term 0 for startAsFollower
om1_1       | 2019-11-13 03:24:02,819 INFO segmented.SegmentedRaftLogWorker: om1@group-562213E44849-SegmentedRaftLogWorker: Starting segment from index:0
om3_1       | 2019-11-13 03:24:02,547 INFO handler.ContextHandler: Started o.e.j.s.ServletContextHandler@64b018f3{/static,jar:file:/opt/hadoop/share/ozone/lib/hadoop-ozone-ozone-manager-0.5.0-SNAPSHOT.jar!/webapps/static,AVAILABLE}
s3g_1       | 	at org.glassfish.jersey.servlet.ServletContainer.service(ServletContainer.java:342)
datanode_3  | 2019-11-13 03:24:01,779 WARN impl.MetricRegistriesImpl: First MetricRegistry has been created without registering reporters. You may need to call MetricRegistries.global().addReportRegistration(...) before.
datanode_2  | 2019-11-13 03:24:01,780 WARN impl.MetricRegistriesImpl: First MetricRegistry has been created without registering reporters. You may need to call MetricRegistries.global().addReportRegistration(...) before.
om2_1       | 2019-11-13 03:24:01,491 INFO http.HttpServer2: Jetty bound to port 9874
datanode_1  | 2019-11-13 03:24:01,781 INFO impl.RoleInfo: e40361f8-bb95-4d65-88b9-1dbc9e19e5f2: start FollowerState
om1_1       | 2019-11-13 03:24:02,950 INFO segmented.SegmentedRaftLogWorker: om1@group-562213E44849-SegmentedRaftLogWorker: created new log segment /data/metadata/ratis/fafe1b60-c241-37cc-98f4-562213e44849/current/log_inprogress_0
om3_1       | 2019-11-13 03:24:02,636 INFO impl.RaftServerImpl: om3@group-562213E44849: changes role from  FOLLOWER to FOLLOWER at term 1 for recognizeCandidate:om2
s3g_1       | 	at org.glassfish.jersey.servlet.ServletContainer.service(ServletContainer.java:229)
datanode_3  | 2019-11-13 03:24:01,779 WARN impl.MetricRegistriesImpl: First MetricRegistry has been created without registering reporters. You may need to call MetricRegistries.global().addReportRegistration(...) before.
om2_1       | 2019-11-13 03:24:01,493 INFO server.Server: jetty-9.3.25.v20180904, build timestamp: 2018-09-04T21:11:46Z, git hash: 3ce520221d0240229c862b122d2b06c12a625732
datanode_2  | 2019-11-13 03:24:06,694 INFO impl.FollowerState: 64dac783-844b-4748-9a97-0ff44469d1ed@group-4D57254495FB-FollowerState: change to CANDIDATE, lastRpcTime:5061ms, electionTimeout:5061ms
datanode_1  | 2019-11-13 03:24:01,781 INFO util.JmxRegister: Successfully registered JMX Bean with object name Ratis:service=RaftServer,group=group-CF976795F3A1,id=e40361f8-bb95-4d65-88b9-1dbc9e19e5f2
om1_1       | 2019-11-13 03:24:43,634 INFO ipc.Server: IPC Server handler 0 on 9862, call Call#0 Retry#0 org.apache.hadoop.ozone.om.protocol.OzoneManagerProtocol.submitRequest from 172.18.0.5:45866
om3_1       | 2019-11-13 03:24:02,636 INFO impl.RoleInfo: om3: shutdown FollowerState
s3g_1       | 	at org.eclipse.jetty.servlet.ServletHolder.handle(ServletHolder.java:840)
datanode_3  | 2019-11-13 03:24:01,779 INFO impl.RaftServerImpl: 5317dfee-a4a9-4be5-ab30-b2506e97d150@group-CF976795F3A1: start as a follower, conf=-1: [5317dfee-a4a9-4be5-ab30-b2506e97d150:172.18.0.6:9858, 64dac783-844b-4748-9a97-0ff44469d1ed:172.18.0.8:9858, e40361f8-bb95-4d65-88b9-1dbc9e19e5f2:172.18.0.3:9858], old=null
om2_1       | 2019-11-13 03:24:01,524 INFO handler.ContextHandler: Started o.e.j.s.ServletContextHandler@4f116ca2{/logs,file:///var/log/hadoop/,AVAILABLE}
datanode_2  | 2019-11-13 03:24:06,696 INFO impl.RoleInfo: 64dac783-844b-4748-9a97-0ff44469d1ed: shutdown FollowerState
datanode_1  | 2019-11-13 03:24:01,781 WARN impl.MetricRegistriesImpl: First MetricRegistry has been created without registering reporters. You may need to call MetricRegistries.global().addReportRegistration(...) before.
om1_1       | org.apache.hadoop.ozone.om.exceptions.NotLeaderException: OM:om1 is not the leader. Suggested leader is OM:om2.
s3g_1       | 	at org.eclipse.jetty.servlet.ServletHandler$CachedChain.doFilter(ServletHandler.java:1780)
om3_1       | 2019-11-13 03:24:02,637 INFO impl.FollowerState: om3@group-562213E44849-FollowerState was interrupted: java.lang.InterruptedException: sleep interrupted
datanode_3  | 2019-11-13 03:24:01,780 INFO impl.RaftServerImpl: 5317dfee-a4a9-4be5-ab30-b2506e97d150@group-CF976795F3A1: changes role from      null to FOLLOWER at term 0 for startAsFollower
om2_1       | 2019-11-13 03:24:01,525 INFO handler.ContextHandler: Started o.e.j.s.ServletContextHandler@78b7f805{/static,jar:file:/opt/hadoop/share/ozone/lib/hadoop-ozone-ozone-manager-0.5.0-SNAPSHOT.jar!/webapps/static,AVAILABLE}
datanode_2  | 2019-11-13 03:24:06,697 INFO impl.RaftServerImpl: 64dac783-844b-4748-9a97-0ff44469d1ed@group-4D57254495FB: changes role from  FOLLOWER to CANDIDATE at term 0 for changeToCandidate
om1_1       | 	at org.apache.hadoop.ozone.protocolPB.OzoneManagerProtocolServerSideTranslatorPB.createNotLeaderException(OzoneManagerProtocolServerSideTranslatorPB.java:188)
datanode_1  | 2019-11-13 03:24:03,838 INFO impl.FollowerState: e40361f8-bb95-4d65-88b9-1dbc9e19e5f2@group-5BB3FC565D3A-FollowerState: change to CANDIDATE, lastRpcTime:5090ms, electionTimeout:5090ms
s3g_1       | 	at org.apache.hadoop.http.HttpServer2$QuotingInputFilter.doFilter(HttpServer2.java:1609)
datanode_3  | 2019-11-13 03:24:01,780 INFO impl.RoleInfo: 5317dfee-a4a9-4be5-ab30-b2506e97d150: start FollowerState
om3_1       | 2019-11-13 03:24:02,637 INFO impl.RoleInfo: om3: start FollowerState
om2_1       | 2019-11-13 03:24:01,609 INFO handler.ContextHandler: Started o.e.j.w.WebAppContext@56826a75{/,file:///tmp/jetty-0.0.0.0-9874-ozoneManager-_-any-7464793265031671663.dir/webapp/,AVAILABLE}{/ozoneManager}
datanode_2  | 2019-11-13 03:24:06,701 INFO impl.RoleInfo: 64dac783-844b-4748-9a97-0ff44469d1ed: start LeaderElection
datanode_1  | 2019-11-13 03:24:03,840 INFO impl.RoleInfo: e40361f8-bb95-4d65-88b9-1dbc9e19e5f2: shutdown FollowerState
om1_1       | 	at org.apache.hadoop.ozone.protocolPB.OzoneManagerProtocolServerSideTranslatorPB.submitReadRequestToOM(OzoneManagerProtocolServerSideTranslatorPB.java:176)
s3g_1       | 	at org.eclipse.jetty.servlet.ServletHandler$CachedChain.doFilter(ServletHandler.java:1767)
datanode_3  | 2019-11-13 03:24:01,780 INFO util.JmxRegister: Successfully registered JMX Bean with object name Ratis:service=RaftServer,group=group-CF976795F3A1,id=5317dfee-a4a9-4be5-ab30-b2506e97d150
om3_1       | 2019-11-13 03:24:02,644 INFO handler.ContextHandler: Started o.e.j.w.WebAppContext@2de6f1bc{/,file:///tmp/jetty-0.0.0.0-9874-ozoneManager-_-any-14079307588222776596.dir/webapp/,AVAILABLE}{/ozoneManager}
datanode_1  | 2019-11-13 03:24:03,841 INFO impl.RaftServerImpl: e40361f8-bb95-4d65-88b9-1dbc9e19e5f2@group-5BB3FC565D3A: changes role from  FOLLOWER to CANDIDATE at term 0 for changeToCandidate
s3g_1       | 	at org.apache.hadoop.http.NoCacheFilter.doFilter(NoCacheFilter.java:45)
datanode_2  | 2019-11-13 03:24:06,761 INFO impl.LeaderElection: 64dac783-844b-4748-9a97-0ff44469d1ed@group-4D57254495FB-LeaderElection1: begin an election at term 1 for -1: [64dac783-844b-4748-9a97-0ff44469d1ed:172.18.0.8:9858], old=null
datanode_3  | 2019-11-13 03:24:01,780 WARN impl.MetricRegistriesImpl: First MetricRegistry has been created without registering reporters. You may need to call MetricRegistries.global().addReportRegistration(...) before.
om3_1       | 2019-11-13 03:24:02,649 INFO server.AbstractConnector: Started ServerConnector@7673d645{HTTP/1.1,[http/1.1]}{0.0.0.0:9874}
datanode_1  | 2019-11-13 03:24:03,846 INFO impl.RoleInfo: e40361f8-bb95-4d65-88b9-1dbc9e19e5f2: start LeaderElection
om1_1       | 	at org.apache.hadoop.ozone.protocolPB.OzoneManagerProtocolServerSideTranslatorPB.processRequest(OzoneManagerProtocolServerSideTranslatorPB.java:110)
s3g_1       | 	at org.eclipse.jetty.servlet.ServletHandler$CachedChain.doFilter(ServletHandler.java:1767)
datanode_2  | 2019-11-13 03:24:06,763 INFO impl.RoleInfo: 64dac783-844b-4748-9a97-0ff44469d1ed: shutdown LeaderElection
datanode_3  | 2019-11-13 03:24:06,175 INFO impl.FollowerState: 5317dfee-a4a9-4be5-ab30-b2506e97d150@group-17382E409A8C-FollowerState: change to CANDIDATE, lastRpcTime:5056ms, electionTimeout:5056ms
om2_1       | 2019-11-13 03:24:01,614 INFO server.AbstractConnector: Started ServerConnector@4d98e41b{HTTP/1.1,[http/1.1]}{0.0.0.0:9874}
om3_1       | 2019-11-13 03:24:02,650 INFO server.Server: Started @6315ms
datanode_1  | 2019-11-13 03:24:03,862 INFO impl.LeaderElection: e40361f8-bb95-4d65-88b9-1dbc9e19e5f2@group-5BB3FC565D3A-LeaderElection1: begin an election at term 1 for -1: [e40361f8-bb95-4d65-88b9-1dbc9e19e5f2:172.18.0.3:9858], old=null
om1_1       | 	at org.apache.hadoop.hdds.server.OzoneProtocolMessageDispatcher.processRequest(OzoneProtocolMessageDispatcher.java:72)
s3g_1       | 	at org.eclipse.jetty.servlet.ServletHandler.doHandle(ServletHandler.java:583)
datanode_2  | 2019-11-13 03:24:06,764 INFO impl.RaftServerImpl: 64dac783-844b-4748-9a97-0ff44469d1ed@group-4D57254495FB: changes role from CANDIDATE to LEADER at term 1 for changeToLeader
datanode_3  | 2019-11-13 03:24:06,177 INFO impl.RoleInfo: 5317dfee-a4a9-4be5-ab30-b2506e97d150: shutdown FollowerState
om2_1       | 2019-11-13 03:24:01,614 INFO server.Server: Started @5334ms
om3_1       | 2019-11-13 03:24:02,653 INFO impl.MetricsSinkAdapter: Sink prometheus started
datanode_1  | 2019-11-13 03:24:03,864 INFO impl.RoleInfo: e40361f8-bb95-4d65-88b9-1dbc9e19e5f2: shutdown LeaderElection
om1_1       | 	at org.apache.hadoop.ozone.protocolPB.OzoneManagerProtocolServerSideTranslatorPB.submitRequest(OzoneManagerProtocolServerSideTranslatorPB.java:100)
s3g_1       | 	at org.eclipse.jetty.server.handler.ScopedHandler.handle(ScopedHandler.java:143)
datanode_2  | 2019-11-13 03:24:06,765 INFO ratis.XceiverServerRatis: Leader change notification received for group: group-4D57254495FB with new leaderId: 64dac783-844b-4748-9a97-0ff44469d1ed
datanode_3  | 2019-11-13 03:24:06,178 INFO impl.RaftServerImpl: 5317dfee-a4a9-4be5-ab30-b2506e97d150@group-17382E409A8C: changes role from  FOLLOWER to CANDIDATE at term 0 for changeToCandidate
om2_1       | 2019-11-13 03:24:01,618 INFO impl.MetricsSinkAdapter: Sink prometheus started
om3_1       | 2019-11-13 03:24:02,653 INFO impl.MetricsSystemImpl: Registered sink prometheus
datanode_1  | 2019-11-13 03:24:03,865 INFO impl.RaftServerImpl: e40361f8-bb95-4d65-88b9-1dbc9e19e5f2@group-5BB3FC565D3A: changes role from CANDIDATE to LEADER at term 1 for changeToLeader
om1_1       | 	at org.apache.hadoop.ozone.protocol.proto.OzoneManagerProtocolProtos$OzoneManagerService$2.callBlockingMethod(OzoneManagerProtocolProtos.java)
s3g_1       | 	at org.eclipse.jetty.security.SecurityHandler.handle(SecurityHandler.java:548)
datanode_2  | 2019-11-13 03:24:06,773 INFO impl.RaftServerImpl: 64dac783-844b-4748-9a97-0ff44469d1ed@group-4D57254495FB: change Leader from null to 64dac783-844b-4748-9a97-0ff44469d1ed at term 1 for becomeLeader, leader elected after 5195ms
om2_1       | 2019-11-13 03:24:01,618 INFO impl.MetricsSystemImpl: Registered sink prometheus
datanode_3  | 2019-11-13 03:24:06,183 INFO impl.RoleInfo: 5317dfee-a4a9-4be5-ab30-b2506e97d150: start LeaderElection
om3_1       | 2019-11-13 03:24:02,655 INFO server.BaseHttpServer: HTTP server of OZONEMANAGER is listening at http://0.0.0.0:9874
datanode_1  | 2019-11-13 03:24:03,865 INFO ratis.XceiverServerRatis: Leader change notification received for group: group-5BB3FC565D3A with new leaderId: e40361f8-bb95-4d65-88b9-1dbc9e19e5f2
s3g_1       | 	at org.eclipse.jetty.server.session.SessionHandler.doHandle(SessionHandler.java:226)
om1_1       | 	at org.apache.hadoop.ipc.ProtobufRpcEngine$Server$ProtoBufRpcInvoker.call(ProtobufRpcEngine.java:524)
datanode_2  | 2019-11-13 03:24:06,780 INFO server.RaftServerConfigKeys: raft.server.staging.catchup.gap = 1000 (default)
om2_1       | 2019-11-13 03:24:01,620 INFO server.BaseHttpServer: HTTP server of OZONEMANAGER is listening at http://0.0.0.0:9874
datanode_3  | 2019-11-13 03:24:06,236 INFO impl.LeaderElection: 5317dfee-a4a9-4be5-ab30-b2506e97d150@group-17382E409A8C-LeaderElection1: begin an election at term 1 for -1: [5317dfee-a4a9-4be5-ab30-b2506e97d150:172.18.0.6:9858], old=null
om3_1       | WARNING: An illegal reflective access operation has occurred
datanode_1  | 2019-11-13 03:24:03,874 INFO impl.RaftServerImpl: e40361f8-bb95-4d65-88b9-1dbc9e19e5f2@group-5BB3FC565D3A: change Leader from null to e40361f8-bb95-4d65-88b9-1dbc9e19e5f2 at term 1 for becomeLeader, leader elected after 5198ms
s3g_1       | 	at org.eclipse.jetty.server.handler.ContextHandler.doHandle(ContextHandler.java:1180)
om1_1       | 	at org.apache.hadoop.ipc.RPC$Server.call(RPC.java:1025)
datanode_2  | 2019-11-13 03:24:06,780 INFO server.RaftServerConfigKeys: raft.server.rpc.sleep.time = 25ms (default)
om2_1       | 2019-11-13 03:24:02,133 INFO impl.FollowerState: om2@group-562213E44849-FollowerState: change to CANDIDATE, lastRpcTime:1033ms, electionTimeout:1032ms
datanode_3  | 2019-11-13 03:24:06,237 INFO impl.RoleInfo: 5317dfee-a4a9-4be5-ab30-b2506e97d150: shutdown LeaderElection
om3_1       | WARNING: Illegal reflective access by org.apache.ratis.thirdparty.com.google.protobuf.UnsafeUtil (file:/opt/hadoop/share/ozone/lib/ratis-thirdparty-misc-0.2.0.jar) to field java.nio.Buffer.address
s3g_1       | 	at org.eclipse.jetty.servlet.ServletHandler.doScope(ServletHandler.java:513)
om1_1       | 	at org.apache.hadoop.ipc.Server$RpcCall.run(Server.java:876)
datanode_2  | 2019-11-13 03:24:06,786 INFO server.RaftServerConfigKeys: raft.server.write.element-limit = 4096 (default)
datanode_1  | 2019-11-13 03:24:03,880 INFO server.RaftServerConfigKeys: raft.server.staging.catchup.gap = 1000 (default)
om2_1       | 2019-11-13 03:24:02,134 INFO impl.RoleInfo: om2: shutdown FollowerState
datanode_3  | 2019-11-13 03:24:06,238 INFO impl.RaftServerImpl: 5317dfee-a4a9-4be5-ab30-b2506e97d150@group-17382E409A8C: changes role from CANDIDATE to LEADER at term 1 for changeToLeader
om3_1       | WARNING: Please consider reporting this to the maintainers of org.apache.ratis.thirdparty.com.google.protobuf.UnsafeUtil
s3g_1       | 	at org.eclipse.jetty.server.session.SessionHandler.doScope(SessionHandler.java:185)
om1_1       | 	at org.apache.hadoop.ipc.Server$RpcCall.run(Server.java:822)
datanode_1  | 2019-11-13 03:24:03,880 INFO server.RaftServerConfigKeys: raft.server.rpc.sleep.time = 25ms (default)
datanode_3  | 2019-11-13 03:24:06,238 INFO ratis.XceiverServerRatis: Leader change notification received for group: group-17382E409A8C with new leaderId: 5317dfee-a4a9-4be5-ab30-b2506e97d150
om2_1       | 2019-11-13 03:24:02,134 INFO impl.RaftServerImpl: om2@group-562213E44849: changes role from  FOLLOWER to CANDIDATE at term 0 for changeToCandidate
datanode_2  | 2019-11-13 03:24:06,794 INFO server.RaftServerConfigKeys: raft.server.watch.timeout = 10s (default)
om3_1       | WARNING: Use --illegal-access=warn to enable warnings of further illegal reflective access operations
s3g_1       | 	at org.eclipse.jetty.server.handler.ContextHandler.doScope(ContextHandler.java:1112)
om1_1       | 	at java.base/java.security.AccessController.doPrivileged(Native Method)
datanode_1  | 2019-11-13 03:24:03,885 INFO server.RaftServerConfigKeys: raft.server.write.element-limit = 4096 (default)
datanode_3  | 2019-11-13 03:24:06,247 INFO impl.RaftServerImpl: 5317dfee-a4a9-4be5-ab30-b2506e97d150@group-17382E409A8C: change Leader from null to 5317dfee-a4a9-4be5-ab30-b2506e97d150 at term 1 for becomeLeader, leader elected after 5191ms
om2_1       | 2019-11-13 03:24:02,136 INFO impl.RoleInfo: om2: start LeaderElection
datanode_2  | 2019-11-13 03:24:06,794 INFO server.RaftServerConfigKeys: raft.server.watch.timeout.denomination = 1s (default)
om3_1       | WARNING: All illegal access operations will be denied in a future release
s3g_1       | 	at org.eclipse.jetty.server.handler.ScopedHandler.handle(ScopedHandler.java:141)
om1_1       | 	at java.base/javax.security.auth.Subject.doAs(Subject.java:423)
datanode_1  | 2019-11-13 03:24:03,892 INFO server.RaftServerConfigKeys: raft.server.watch.timeout = 10s (default)
datanode_3  | 2019-11-13 03:24:06,252 INFO server.RaftServerConfigKeys: raft.server.staging.catchup.gap = 1000 (default)
om2_1       | 2019-11-13 03:24:02,166 INFO impl.LeaderElection: om2@group-562213E44849-LeaderElection1: begin an election at term 1 for -1: [om1:om1:9872, om3:om3:9872, om2:om2:9872], old=null
datanode_2  | 2019-11-13 03:24:06,795 INFO server.RaftServerConfigKeys: raft.server.watch.element-limit = 65536 (default)
om3_1       | 2019-11-13 03:24:02,783 INFO impl.RaftServerImpl: om3@group-562213E44849: change Leader from null to om2 at term 1 for appendEntries, leader elected after 710ms
s3g_1       | 	at org.eclipse.jetty.server.handler.HandlerCollection.handle(HandlerCollection.java:119)
om1_1       | 	at org.apache.hadoop.security.UserGroupInformation.doAs(UserGroupInformation.java:1730)
datanode_1  | 2019-11-13 03:24:03,892 INFO server.RaftServerConfigKeys: raft.server.watch.timeout.denomination = 1s (default)
datanode_3  | 2019-11-13 03:24:06,253 INFO server.RaftServerConfigKeys: raft.server.rpc.sleep.time = 25ms (default)
om2_1       | WARNING: An illegal reflective access operation has occurred
datanode_2  | 2019-11-13 03:24:06,806 INFO impl.RoleInfo: 64dac783-844b-4748-9a97-0ff44469d1ed: start LeaderState
om3_1       | 2019-11-13 03:24:02,817 INFO impl.RaftServerImpl: om3@group-562213E44849: set configuration 0: [om1:om1:9872, om3:om3:9872, om2:om2:9872], old=null at 0
s3g_1       | 	at org.eclipse.jetty.server.handler.HandlerWrapper.handle(HandlerWrapper.java:134)
datanode_1  | 2019-11-13 03:24:03,894 INFO server.RaftServerConfigKeys: raft.server.watch.element-limit = 65536 (default)
om2_1       | WARNING: Illegal reflective access by org.apache.ratis.thirdparty.com.google.protobuf.UnsafeUtil (file:/opt/hadoop/share/ozone/lib/ratis-thirdparty-misc-0.2.0.jar) to field java.nio.Buffer.address
datanode_3  | 2019-11-13 03:24:06,257 INFO server.RaftServerConfigKeys: raft.server.write.element-limit = 4096 (default)
