scm_1       | STARTUP_MSG:   classpath = /etc/hadoop:/opt/hadoop/share/hadoop/common/*:/opt/hadoop/share/ozone/lib/kerb-simplekdc-1.0.1.jar:/opt/hadoop/share/ozone/lib/protobuf-java-2.5.0.jar:/opt/hadoop/share/ozone/lib/bcpkix-jdk15on-1.60.jar:/opt/hadoop/share/ozone/lib/commons-validator-1.6.jar:/opt/hadoop/share/ozone/lib/netty-3.10.5.Final.jar:/opt/hadoop/share/ozone/lib/kerb-core-1.0.1.jar:/opt/hadoop/share/ozone/lib/ratis-thirdparty-misc-0.2.0.jar:/opt/hadoop/share/ozone/lib/jsr305-3.0.0.jar:/opt/hadoop/share/ozone/lib/leveldbjni-all-1.8.jar:/opt/hadoop/share/ozone/lib/htrace-core4-4.1.0-incubating.jar:/opt/hadoop/share/ozone/lib/ratis-metrics-0.5.0-3f446aa-SNAPSHOT.jar:/opt/hadoop/share/ozone/lib/hadoop-annotations-3.2.0.jar:/opt/hadoop/share/ozone/lib/kerb-util-1.0.1.jar:/opt/hadoop/share/ozone/lib/dropwizard-metrics-hadoop-metrics2-reporter-0.1.2.jar:/opt/hadoop/share/ozone/lib/jackson-jaxrs-1.9.13.jar:/opt/hadoop/share/ozone/lib/ratis-netty-0.5.0-3f446aa-SNAPSHOT.jar:/opt/hadoop/share/ozone/lib/kerby-xdr-1.0.1.jar:/opt/hadoop/share/ozone/lib/jetty-webapp-9.3.25.v20180904.jar:/opt/hadoop/share/ozone/lib/jackson-core-asl-1.9.13.jar:/opt/hadoop/share/ozone/lib/commons-net-3.6.jar:/opt/hadoop/share/ozone/lib/log4j-api-2.11.0.jar:/opt/hadoop/share/ozone/lib/netty-all-4.0.52.Final.jar:/opt/hadoop/share/ozone/lib/hamcrest-all-1.3.jar:/opt/hadoop/share/ozone/lib/jline-0.9.94.jar:/opt/hadoop/share/ozone/lib/hadoop-hdfs-3.2.0.jar:/opt/hadoop/share/ozone/lib/opentracing-api-0.31.0.jar:/opt/hadoop/share/ozone/lib/hadoop-hdds-server-framework-0.5.0-SNAPSHOT.jar:/opt/hadoop/share/ozone/lib/slf4j-log4j12-1.7.25.jar:/opt/hadoop/share/ozone/lib/hadoop-hdfs-client-3.2.0.jar:/opt/hadoop/share/ozone/lib/kerby-config-1.0.1.jar:/opt/hadoop/share/ozone/lib/jetty-util-9.3.25.v20180904.jar:/opt/hadoop/share/ozone/lib/metrics-ganglia-3.2.5.jar:/opt/hadoop/share/ozone/lib/libthrift-0.12.0.jar:/opt/hadoop/share/ozone/lib/metrics-core-3.2.4.jar:/opt/hadoop/share/ozone/lib/kerby-pkix-1.0.1.jar:/opt/hadoop/share/ozone/lib/xz-1.0.jar:/opt/hadoop/share/ozone/lib/hadoop-hdds-config-0.5.0-SNAPSHOT.jar:/opt/hadoop/share/ozone/lib/nimbus-jose-jwt-4.41.1.jar:/opt/hadoop/share/ozone/lib/jsr311-api-1.1.1.jar:/opt/hadoop/share/ozone/lib/commons-beanutils-1.9.4.jar:/opt/hadoop/share/ozone/lib/javax.servlet-api-3.1.0.jar:/opt/hadoop/share/ozone/lib/kerb-server-1.0.1.jar:/opt/hadoop/share/ozone/lib/zookeeper-3.4.13.jar:/opt/hadoop/share/ozone/lib/avro-1.7.7.jar:/opt/hadoop/share/ozone/lib/kerb-client-1.0.1.jar:/opt/hadoop/share/ozone/lib/jackson-xc-1.9.13.jar:/opt/hadoop/share/ozone/lib/disruptor-3.4.2.jar:/opt/hadoop/share/ozone/lib/guava-11.0.2.jar:/opt/hadoop/share/ozone/lib/hadoop-hdds-common-0.5.0-SNAPSHOT.jar:/opt/hadoop/share/ozone/lib/curator-framework-2.12.0.jar:/opt/hadoop/share/ozone/lib/dnsjava-2.1.7.jar:/opt/hadoop/share/ozone/lib/commons-configuration2-2.1.1.jar:/opt/hadoop/share/ozone/lib/json-smart-2.3.jar:/opt/hadoop/share/ozone/lib/token-provider-1.0.1.jar:/opt/hadoop/share/ozone/lib/log4j-1.2.17.jar:/opt/hadoop/share/ozone/lib/commons-daemon-1.0.13.jar:/opt/hadoop/share/ozone/lib/bcprov-jdk15on-1.60.jar:/opt/hadoop/share/ozone/lib/commons-lang3-3.7.jar:/opt/hadoop/share/ozone/lib/jaeger-client-0.34.0.jar:/opt/hadoop/share/ozone/lib/jetty-server-9.3.25.v20180904.jar:/opt/hadoop/share/ozone/lib/commons-compress-1.4.1.jar:/opt/hadoop/share/ozone/lib/accessors-smart-1.2.jar:/opt/hadoop/share/ozone/lib/re2j-1.1.jar:/opt/hadoop/share/ozone/lib/curator-recipes-2.12.0.jar:/opt/hadoop/share/ozone/lib/jackson-core-2.9.9.jar:/opt/hadoop/share/ozone/lib/commons-math3-3.1.1.jar:/opt/hadoop/share/ozone/lib/ratis-server-0.5.0-3f446aa-SNAPSHOT.jar:/opt/hadoop/share/ozone/lib/gmetric4j-1.0.7.jar:/opt/hadoop/share/ozone/lib/opentracing-noop-0.31.0.jar:/opt/hadoop/share/ozone/lib/httpclient-4.5.2.jar:/opt/hadoop/share/ozone/lib/jaeger-core-0.34.0.jar:/opt/hadoop/share/ozone/lib/asm-5.0.4.jar:/opt/hadoop/share/ozone/lib/ratis-proto-0.5.0-3f446aa-SNAPSHOT.jar:/opt/hadoop/share/ozone/lib/curator-client-2.12.0.jar:/opt/hadoop/share/ozone/lib/audience-annotations-0.5.0.jar:/opt/hadoop/share/ozone/lib/kerby-util-1.0.1.jar:/opt/hadoop/share/ozone/lib/jackson-mapper-asl-1.9.13.jar:/opt/hadoop/share/ozone/lib/rocksdbjni-6.0.1.jar:/opt/hadoop/share/ozone/lib/jsp-api-2.1.jar:/opt/hadoop/share/ozone/lib/jsch-0.1.54.jar:/opt/hadoop/share/ozone/lib/opentracing-tracerresolver-0.1.5.jar:/opt/hadoop/share/ozone/lib/ratis-client-0.5.0-3f446aa-SNAPSHOT.jar:/opt/hadoop/share/ozone/lib/paranamer-2.3.jar:/opt/hadoop/share/ozone/lib/log4j-core-2.11.0.jar:/opt/hadoop/share/ozone/lib/jetty-io-9.3.25.v20180904.jar:/opt/hadoop/share/ozone/lib/jetty-xml-9.3.25.v20180904.jar:/opt/hadoop/share/ozone/lib/commons-codec-1.11.jar:/opt/hadoop/share/ozone/lib/commons-pool2-2.6.0.jar:/opt/hadoop/share/ozone/lib/gson-2.2.4.jar:/opt/hadoop/share/ozone/lib/jcip-annotations-1.0-1.jar:/opt/hadoop/share/ozone/lib/kerb-admin-1.0.1.jar:/opt/hadoop/share/ozone/lib/okio-1.13.0.jar:/opt/hadoop/share/ozone/lib/commons-io-2.5.jar:/opt/hadoop/share/ozone/lib/snakeyaml-1.16.jar:/opt/hadoop/share/ozone/lib/jersey-core-1.19.jar:/opt/hadoop/share/ozone/lib/ratis-grpc-0.5.0-3f446aa-SNAPSHOT.jar:/opt/hadoop/share/ozone/lib/ratis-common-0.5.0-3f446aa-SNAPSHOT.jar:/opt/hadoop/share/ozone/lib/jackson-databind-2.9.9.jar:/opt/hadoop/share/ozone/lib/hadoop-hdds-container-service-0.5.0-SNAPSHOT.jar:/opt/hadoop/share/ozone/lib/picocli-3.9.6.jar:/opt/hadoop/share/ozone/lib/jaeger-thrift-0.34.0.jar:/opt/hadoop/share/ozone/lib/commons-cli-1.2.jar:/opt/hadoop/share/ozone/lib/jackson-annotations-2.9.9.jar:/opt/hadoop/share/ozone/lib/hadoop-hdds-docs-0.5.0-SNAPSHOT.jar:/opt/hadoop/share/ozone/lib/woodstox-core-5.0.3.jar:/opt/hadoop/share/ozone/lib/javax.annotation-api-1.2.jar:/opt/hadoop/share/ozone/lib/snappy-java-1.0.5.jar:/opt/hadoop/share/ozone/lib/jaeger-tracerresolver-0.34.0.jar:/opt/hadoop/share/ozone/lib/jetty-security-9.3.25.v20180904.jar:/opt/hadoop/share/ozone/lib/jetty-http-9.3.25.v20180904.jar:/opt/hadoop/share/ozone/lib/kerby-asn1-1.0.1.jar:/opt/hadoop/share/ozone/lib/okhttp-3.9.0.jar:/opt/hadoop/share/ozone/lib/stax2-api-3.1.4.jar:/opt/hadoop/share/ozone/lib/commons-digester-1.8.1.jar:/opt/hadoop/share/ozone/lib/commons-collections-3.2.2.jar:/opt/hadoop/share/ozone/lib/jettison-1.1.jar:/opt/hadoop/share/ozone/lib/commons-text-1.4.jar:/opt/hadoop/share/ozone/lib/jersey-servlet-1.19.jar:/opt/hadoop/share/ozone/lib/jersey-json-1.19.jar:/opt/hadoop/share/ozone/lib/slf4j-api-1.7.25.jar:/opt/hadoop/share/ozone/lib/commons-logging-1.1.3.jar:/opt/hadoop/share/ozone/lib/jetty-util-ajax-9.3.25.v20180904.jar:/opt/hadoop/share/ozone/lib/hadoop-hdds-client-0.5.0-SNAPSHOT.jar:/opt/hadoop/share/ozone/lib/kerb-identity-1.0.1.jar:/opt/hadoop/share/ozone/lib/opentracing-util-0.31.0.jar:/opt/hadoop/share/ozone/lib/hadoop-common-3.2.0.jar:/opt/hadoop/share/ozone/lib/hadoop-auth-3.2.0.jar:/opt/hadoop/share/ozone/lib/kerb-common-1.0.1.jar:/opt/hadoop/share/ozone/lib/jetty-servlet-9.3.25.v20180904.jar:/opt/hadoop/share/ozone/lib/jersey-server-1.19.jar:/opt/hadoop/share/ozone/lib/kerb-crypto-1.0.1.jar:/opt/hadoop/share/ozone/lib/httpcore-4.4.4.jar:/opt/hadoop/share/ozone/lib/metrics-jvm-3.2.5.jar:/opt/hadoop/share/ozone/web:/opt/hadoop/share/ozone/lib/hadoop-hdds-server-scm-0.5.0-SNAPSHOT.jar
nm_1        | 2019-10-23 11:54:10 INFO  NodeManager:51 - registered UNIX signal handlers for [TERM, HUP, INT]
datanode_2  | 2019-10-23 11:54:16,154 INFO server.AuthenticationFilter: Unable to initialize FileSignerSecretProvider, falling back to use random secrets.
om_1        | 2019-10-23 11:54:21,691 WARN server.ServerUtils: ozone.om.db.dirs is not configured. We recommend adding this setting. Falling back to ozone.metadata.dirs instead.
datanode_1  | 2019-10-23 11:54:13,492 INFO server.RaftServerConfigKeys: raft.server.storage.dir = [/data/metadata/ratis] (custom)
rm_1        | ************************************************************/
datanode_3  | 2019-10-23 11:54:15,567 INFO hdfs.DFSUtil: Starting Web-server for hddsDatanode at: http://0.0.0.0:9882
nm_1        | 2019-10-23 11:54:11 INFO  NodeManager:322 - Node Manager health check script is not available or doesn't have execute permission, so not starting the node health script runner.
datanode_2  | 2019-10-23 11:54:16,158 INFO http.HttpRequestLog: Http request log for http.requests.hddsDatanode is not defined
datanode_1  | 2019-10-23 11:54:13,716 INFO hdfs.DFSUtil: Starting Web-server for hddsDatanode at: http://0.0.0.0:9882
om_1        | 2019-10-23 11:54:21,718 INFO util.log: Logging initialized @2353ms
scm_1       | STARTUP_MSG:   build = https://github.com/apache/hadoop.git -r e97acb3bd8f3befd27418996fa5d4b50bf2e17bf; compiled by 'sunilg' on 2019-01-15T17:34Z
datanode_3  | 2019-10-23 11:54:15,619 INFO util.log: Logging initialized @3892ms
rm_1        | 2019-10-23 11:54:10 INFO  ResourceManager:49 - registered UNIX signal handlers for [TERM, HUP, INT]
nm_1        | 2019-10-23 11:54:11 INFO  AsyncDispatcher:223 - Registering class org.apache.hadoop.yarn.server.nodemanager.containermanager.container.ContainerEventType for class org.apache.hadoop.yarn.server.nodemanager.containermanager.ContainerManagerImpl$ContainerEventDispatcher
datanode_2  | 2019-10-23 11:54:16,166 INFO http.HttpServer2: Added global filter 'safety' (class=org.apache.hadoop.http.HttpServer2$QuotingInputFilter)
datanode_1  | 2019-10-23 11:54:13,756 INFO util.log: Logging initialized @3512ms
om_1        | 2019-10-23 11:54:21,815 INFO db.DBStoreBuilder: using custom profile for table: userTable
scm_1       | STARTUP_MSG:   java = 11.0.3
rm_1        | 2019-10-23 11:54:10 INFO  Configuration:2755 - found resource core-site.xml at file:/opt/hadoop/etc/hadoop/core-site.xml
nm_1        | 2019-10-23 11:54:11 INFO  AsyncDispatcher:223 - Registering class org.apache.hadoop.yarn.server.nodemanager.containermanager.application.ApplicationEventType for class org.apache.hadoop.yarn.server.nodemanager.containermanager.ContainerManagerImpl$ApplicationEventDispatcher
datanode_2  | 2019-10-23 11:54:16,168 INFO http.HttpServer2: Added filter static_user_filter (class=org.apache.hadoop.http.lib.StaticUserWebFilter$StaticUserFilter) to context hddsDatanode
datanode_1  | 2019-10-23 11:54:13,941 INFO server.AuthenticationFilter: Unable to initialize FileSignerSecretProvider, falling back to use random secrets.
om_1        | 2019-10-23 11:54:21,815 INFO db.DBStoreBuilder: Using default column profile:DBProfile.DISK for Table:userTable
scm_1       | ************************************************************/
rm_1        | 2019-10-23 11:54:10 INFO  Configuration:2752 - resource-types.xml not found
nm_1        | 2019-10-23 11:54:11 INFO  AsyncDispatcher:223 - Registering class org.apache.hadoop.yarn.server.nodemanager.containermanager.localizer.event.LocalizationEventType for class org.apache.hadoop.yarn.server.nodemanager.containermanager.ContainerManagerImpl$LocalizationEventHandlerWrapper
datanode_2  | 2019-10-23 11:54:16,168 INFO http.HttpServer2: Added filter static_user_filter (class=org.apache.hadoop.http.lib.StaticUserWebFilter$StaticUserFilter) to context logs
datanode_3  | 2019-10-23 11:54:15,734 INFO server.AuthenticationFilter: Unable to initialize FileSignerSecretProvider, falling back to use random secrets.
datanode_1  | 2019-10-23 11:54:13,945 INFO http.HttpRequestLog: Http request log for http.requests.hddsDatanode is not defined
om_1        | 2019-10-23 11:54:21,816 INFO db.DBStoreBuilder: using custom profile for table: volumeTable
scm_1       | 2019-10-23 11:54:13,092 INFO server.StorageContainerManagerStarter: registered UNIX signal handlers for [TERM, HUP, INT]
rm_1        | 2019-10-23 11:54:10 INFO  ResourceUtils:418 - Unable to find 'resource-types.xml'.
datanode_2  | 2019-10-23 11:54:16,168 INFO http.HttpServer2: Added filter static_user_filter (class=org.apache.hadoop.http.lib.StaticUserWebFilter$StaticUserFilter) to context static
datanode_3  | 2019-10-23 11:54:15,738 INFO http.HttpRequestLog: Http request log for http.requests.hddsDatanode is not defined
datanode_1  | 2019-10-23 11:54:13,956 INFO http.HttpServer2: Added global filter 'safety' (class=org.apache.hadoop.http.HttpServer2$QuotingInputFilter)
om_1        | 2019-10-23 11:54:21,816 INFO db.DBStoreBuilder: Using default column profile:DBProfile.DISK for Table:volumeTable
rm_1        | 2019-10-23 11:54:11 INFO  Configuration:2755 - found resource yarn-site.xml at file:/opt/hadoop/etc/hadoop/yarn-site.xml
scm_1       | 2019-10-23 11:54:13,510 WARN server.ServerUtils: ozone.scm.db.dirs is not configured. We recommend adding this setting. Falling back to ozone.metadata.dirs instead.
datanode_2  | 2019-10-23 11:54:16,194 INFO http.HttpServer2: Jetty bound to port 9882
datanode_3  | 2019-10-23 11:54:15,752 INFO http.HttpServer2: Added global filter 'safety' (class=org.apache.hadoop.http.HttpServer2$QuotingInputFilter)
datanode_1  | 2019-10-23 11:54:13,958 INFO http.HttpServer2: Added filter static_user_filter (class=org.apache.hadoop.http.lib.StaticUserWebFilter$StaticUserFilter) to context hddsDatanode
om_1        | 2019-10-23 11:54:21,816 INFO db.DBStoreBuilder: using custom profile for table: bucketTable
nm_1        | 2019-10-23 11:54:11 INFO  AsyncDispatcher:223 - Registering class org.apache.hadoop.yarn.server.nodemanager.containermanager.AuxServicesEventType for class org.apache.hadoop.yarn.server.nodemanager.containermanager.AuxServices
rm_1        | 2019-10-23 11:54:11 INFO  AsyncDispatcher:223 - Registering class org.apache.hadoop.yarn.server.resourcemanager.RMFatalEventType for class org.apache.hadoop.yarn.server.resourcemanager.ResourceManager$RMFatalEventDispatcher
scm_1       | 2019-10-23 11:54:13,526 WARN server.ServerUtils: ozone.scm.db.dirs is not configured. We recommend adding this setting. Falling back to ozone.metadata.dirs instead.
datanode_3  | 2019-10-23 11:54:15,756 INFO http.HttpServer2: Added filter static_user_filter (class=org.apache.hadoop.http.lib.StaticUserWebFilter$StaticUserFilter) to context hddsDatanode
datanode_1  | 2019-10-23 11:54:13,959 INFO http.HttpServer2: Added filter static_user_filter (class=org.apache.hadoop.http.lib.StaticUserWebFilter$StaticUserFilter) to context logs
om_1        | 2019-10-23 11:54:21,816 INFO db.DBStoreBuilder: Using default column profile:DBProfile.DISK for Table:bucketTable
nm_1        | 2019-10-23 11:54:11 INFO  AsyncDispatcher:223 - Registering class org.apache.hadoop.yarn.server.nodemanager.containermanager.monitor.ContainersMonitorEventType for class org.apache.hadoop.yarn.server.nodemanager.containermanager.monitor.ContainersMonitorImpl
datanode_2  | 2019-10-23 11:54:16,196 INFO server.Server: jetty-9.3.25.v20180904, build timestamp: 2018-09-04T21:11:46Z, git hash: 3ce520221d0240229c862b122d2b06c12a625732
rm_1        | 2019-10-23 11:54:11 INFO  NMTokenSecretManagerInRM:75 - NMTokenKeyRollingInterval: 86400000ms and NMTokenKeyActivationDelay: 900000ms
scm_1       | 2019-10-23 11:54:13,561 INFO util.log: Logging initialized @1563ms
datanode_3  | 2019-10-23 11:54:15,757 INFO http.HttpServer2: Added filter static_user_filter (class=org.apache.hadoop.http.lib.StaticUserWebFilter$StaticUserFilter) to context logs
datanode_1  | 2019-10-23 11:54:13,959 INFO http.HttpServer2: Added filter static_user_filter (class=org.apache.hadoop.http.lib.StaticUserWebFilter$StaticUserFilter) to context static
om_1        | 2019-10-23 11:54:21,817 INFO db.DBStoreBuilder: using custom profile for table: keyTable
nm_1        | 2019-10-23 11:54:11 INFO  AsyncDispatcher:223 - Registering class org.apache.hadoop.yarn.server.nodemanager.containermanager.launcher.ContainersLauncherEventType for class org.apache.hadoop.yarn.server.nodemanager.containermanager.launcher.ContainersLauncher
datanode_2  | 2019-10-23 11:54:16,228 INFO handler.ContextHandler: Started o.e.j.s.ServletContextHandler@50fb33a{/logs,file:///var/log/hadoop/,AVAILABLE}
rm_1        | 2019-10-23 11:54:11 INFO  RMContainerTokenSecretManager:81 - ContainerTokenKeyRollingInterval: 86400000ms and ContainerTokenKeyActivationDelay: 900000ms
scm_1       | 2019-10-23 11:54:13,722 INFO db.DBStoreBuilder: using custom profile for table: deletedBlocks
datanode_3  | 2019-10-23 11:54:15,757 INFO http.HttpServer2: Added filter static_user_filter (class=org.apache.hadoop.http.lib.StaticUserWebFilter$StaticUserFilter) to context static
datanode_1  | 2019-10-23 11:54:13,988 INFO http.HttpServer2: Jetty bound to port 9882
nm_1        | 2019-10-23 11:54:11 INFO  AsyncDispatcher:223 - Registering class org.apache.hadoop.yarn.server.nodemanager.containermanager.scheduler.ContainerSchedulerEventType for class org.apache.hadoop.yarn.server.nodemanager.containermanager.scheduler.ContainerScheduler
om_1        | 2019-10-23 11:54:21,817 INFO db.DBStoreBuilder: Using default column profile:DBProfile.DISK for Table:keyTable
datanode_2  | 2019-10-23 11:54:16,229 INFO handler.ContextHandler: Started o.e.j.s.ServletContextHandler@20b9d5d5{/static,jar:file:/opt/hadoop/share/ozone/lib/hadoop-hdds-container-service-0.5.0-SNAPSHOT.jar!/webapps/static,AVAILABLE}
rm_1        | 2019-10-23 11:54:11 INFO  AMRMTokenSecretManager:94 - AMRMTokenKeyRollingInterval: 86400000ms and AMRMTokenKeyActivationDelay: 900000 ms
scm_1       | 2019-10-23 11:54:13,722 INFO db.DBStoreBuilder: Using default column profile:DBProfile.DISK for Table:deletedBlocks
datanode_3  | 2019-10-23 11:54:15,791 INFO http.HttpServer2: Jetty bound to port 9882
datanode_1  | 2019-10-23 11:54:13,990 INFO server.Server: jetty-9.3.25.v20180904, build timestamp: 2018-09-04T21:11:46Z, git hash: 3ce520221d0240229c862b122d2b06c12a625732
nm_1        | 2019-10-23 11:54:11 INFO  NMLogAggregationStatusTracker:89 - the rolling interval seconds for the NodeManager Cached Log aggregation status is 600
om_1        | 2019-10-23 11:54:21,817 INFO db.DBStoreBuilder: using custom profile for table: deletedTable
datanode_2  | 2019-10-23 11:54:16,309 INFO handler.ContextHandler: Started o.e.j.w.WebAppContext@17dd671f{/,file:///tmp/jetty-0.0.0.0-9882-hddsDatanode-_-any-778493299412149862.dir/webapp/,AVAILABLE}{/hddsDatanode}
scm_1       | 2019-10-23 11:54:13,723 INFO db.DBStoreBuilder: using custom profile for table: validCerts
rm_1        | 2019-10-23 11:54:11 INFO  AsyncDispatcher:223 - Registering class org.apache.hadoop.yarn.server.resourcemanager.recovery.RMStateStoreEventType for class org.apache.hadoop.yarn.server.resourcemanager.recovery.RMStateStore$ForwardingEventHandler
datanode_3  | 2019-10-23 11:54:15,797 INFO server.Server: jetty-9.3.25.v20180904, build timestamp: 2018-09-04T21:11:46Z, git hash: 3ce520221d0240229c862b122d2b06c12a625732
datanode_1  | 2019-10-23 11:54:14,031 INFO handler.ContextHandler: Started o.e.j.s.ServletContextHandler@6f94fb9d{/logs,file:///var/log/hadoop/,AVAILABLE}
om_1        | 2019-10-23 11:54:21,817 INFO db.DBStoreBuilder: Using default column profile:DBProfile.DISK for Table:deletedTable
datanode_2  | 2019-10-23 11:54:16,318 INFO server.AbstractConnector: Started ServerConnector@74755f68{HTTP/1.1,[http/1.1]}{0.0.0.0:9882}
nm_1        | 2019-10-23 11:54:11 INFO  AsyncDispatcher:223 - Registering class org.apache.hadoop.yarn.server.nodemanager.ContainerManagerEventType for class org.apache.hadoop.yarn.server.nodemanager.containermanager.ContainerManagerImpl
scm_1       | 2019-10-23 11:54:13,723 INFO db.DBStoreBuilder: Using default column profile:DBProfile.DISK for Table:validCerts
rm_1        | 2019-10-23 11:54:11 INFO  AsyncDispatcher:223 - Registering class org.apache.hadoop.yarn.server.resourcemanager.NodesListManagerEventType for class org.apache.hadoop.yarn.server.resourcemanager.NodesListManager
datanode_3  | 2019-10-23 11:54:15,829 INFO handler.ContextHandler: Started o.e.j.s.ServletContextHandler@1cc680e{/logs,file:///var/log/hadoop/,AVAILABLE}
datanode_1  | 2019-10-23 11:54:14,032 INFO handler.ContextHandler: Started o.e.j.s.ServletContextHandler@44cffc25{/static,jar:file:/opt/hadoop/share/ozone/lib/hadoop-hdds-container-service-0.5.0-SNAPSHOT.jar!/webapps/static,AVAILABLE}
om_1        | 2019-10-23 11:54:21,817 INFO db.DBStoreBuilder: using custom profile for table: openKeyTable
nm_1        | 2019-10-23 11:54:11 INFO  AsyncDispatcher:223 - Registering class org.apache.hadoop.yarn.server.nodemanager.NodeManagerEventType for class org.apache.hadoop.yarn.server.nodemanager.NodeManager
datanode_2  | 2019-10-23 11:54:16,319 INFO server.Server: Started @4190ms
scm_1       | 2019-10-23 11:54:13,723 INFO db.DBStoreBuilder: using custom profile for table: revokedCerts
rm_1        | 2019-10-23 11:54:11 INFO  ResourceManager:440 - Using Scheduler: org.apache.hadoop.yarn.server.resourcemanager.scheduler.capacity.CapacityScheduler
datanode_3  | 2019-10-23 11:54:15,832 INFO handler.ContextHandler: Started o.e.j.s.ServletContextHandler@6f94fb9d{/static,jar:file:/opt/hadoop/share/ozone/lib/hadoop-hdds-container-service-0.5.0-SNAPSHOT.jar!/webapps/static,AVAILABLE}
datanode_1  | 2019-10-23 11:54:14,117 INFO handler.ContextHandler: Started o.e.j.w.WebAppContext@9b9a327{/,file:///tmp/jetty-0.0.0.0-9882-hddsDatanode-_-any-1426409463324218480.dir/webapp/,AVAILABLE}{/hddsDatanode}
om_1        | 2019-10-23 11:54:21,817 INFO db.DBStoreBuilder: Using default column profile:DBProfile.DISK for Table:openKeyTable
nm_1        | 2019-10-23 11:54:11 INFO  FluentPropertyBeanIntrospector:147 - Error when creating PropertyDescriptor for public final void org.apache.commons.configuration2.AbstractConfiguration.setProperty(java.lang.String,java.lang.Object)! Ignoring this property.
datanode_2  | 2019-10-23 11:54:16,322 INFO impl.MetricsSinkAdapter: Sink prometheus started
scm_1       | 2019-10-23 11:54:13,723 INFO db.DBStoreBuilder: Using default column profile:DBProfile.DISK for Table:revokedCerts
rm_1        | 2019-10-23 11:54:11 INFO  AsyncDispatcher:223 - Registering class org.apache.hadoop.yarn.server.resourcemanager.scheduler.event.SchedulerEventType for class org.apache.hadoop.yarn.event.EventDispatcher
datanode_1  | 2019-10-23 11:54:14,126 INFO server.AbstractConnector: Started ServerConnector@5a75ec37{HTTP/1.1,[http/1.1]}{0.0.0.0:9882}
datanode_3  | 2019-10-23 11:54:15,897 INFO handler.ContextHandler: Started o.e.j.w.WebAppContext@7f1ef916{/,file:///tmp/jetty-0.0.0.0-9882-hddsDatanode-_-any-18445649707376988806.dir/webapp/,AVAILABLE}{/hddsDatanode}
om_1        | 2019-10-23 11:54:21,818 INFO db.DBStoreBuilder: using custom profile for table: s3Table
nm_1        | 2019-10-23 11:54:11 INFO  MetricsConfig:121 - loaded properties from hadoop-metrics2.properties
datanode_2  | 2019-10-23 11:54:16,322 INFO impl.MetricsSystemImpl: Registered sink prometheus
scm_1       | 2019-10-23 11:54:13,736 INFO db.DBStoreBuilder: using custom profile for table: default
rm_1        | 2019-10-23 11:54:11 INFO  AsyncDispatcher:223 - Registering class org.apache.hadoop.yarn.server.resourcemanager.rmapp.RMAppEventType for class org.apache.hadoop.yarn.server.resourcemanager.ResourceManager$ApplicationEventDispatcher
datanode_1  | 2019-10-23 11:54:14,126 INFO server.Server: Started @3882ms
datanode_3  | 2019-10-23 11:54:15,904 INFO server.AbstractConnector: Started ServerConnector@350aae08{HTTP/1.1,[http/1.1]}{0.0.0.0:9882}
om_1        | 2019-10-23 11:54:21,818 INFO db.DBStoreBuilder: Using default column profile:DBProfile.DISK for Table:s3Table
datanode_2  | 2019-10-23 11:54:16,326 INFO server.BaseHttpServer: HTTP server of HDDSDATANODE is listening at http://0.0.0.0:9882
scm_1       | 2019-10-23 11:54:13,736 INFO db.DBStoreBuilder: Using default column profile:DBProfile.DISK for Table:default
datanode_1  | 2019-10-23 11:54:14,148 INFO impl.MetricsSinkAdapter: Sink prometheus started
rm_1        | 2019-10-23 11:54:11 INFO  AsyncDispatcher:223 - Registering class org.apache.hadoop.yarn.server.resourcemanager.rmapp.attempt.RMAppAttemptEventType for class org.apache.hadoop.yarn.server.resourcemanager.ResourceManager$ApplicationAttemptEventDispatcher
nm_1        | 2019-10-23 11:54:11 INFO  MetricsSystemImpl:374 - Scheduled Metric snapshot period at 10 second(s).
datanode_3  | 2019-10-23 11:54:15,904 INFO server.Server: Started @4178ms
om_1        | 2019-10-23 11:54:21,818 INFO db.DBStoreBuilder: using custom profile for table: multipartInfoTable
datanode_2  | 2019-10-23 11:54:16,339 INFO util.JvmPauseMonitor: Starting JVM pause monitor
scm_1       | 2019-10-23 11:54:13,737 INFO db.DBStoreBuilder: Using default options. DBProfile.DISK
datanode_1  | 2019-10-23 11:54:14,148 INFO impl.MetricsSystemImpl: Registered sink prometheus
rm_1        | 2019-10-23 11:54:11 INFO  AsyncDispatcher:223 - Registering class org.apache.hadoop.yarn.server.resourcemanager.rmnode.RMNodeEventType for class org.apache.hadoop.yarn.server.resourcemanager.ResourceManager$NodeEventDispatcher
nm_1        | 2019-10-23 11:54:11 INFO  MetricsSystemImpl:191 - NodeManager metrics system started
datanode_3  | 2019-10-23 11:54:15,908 INFO impl.MetricsSinkAdapter: Sink prometheus started
om_1        | 2019-10-23 11:54:21,818 INFO db.DBStoreBuilder: Using default column profile:DBProfile.DISK for Table:multipartInfoTable
scm_1       | 2019-10-23 11:54:14,112 INFO net.NodeSchemaLoader: Loading file from java.lang.CompoundEnumeration@4e07b95f
datanode_1  | 2019-10-23 11:54:14,151 INFO server.BaseHttpServer: HTTP server of HDDSDATANODE is listening at http://0.0.0.0:9882
rm_1        | 2019-10-23 11:54:11 INFO  FluentPropertyBeanIntrospector:147 - Error when creating PropertyDescriptor for public final void org.apache.commons.configuration2.AbstractConfiguration.setProperty(java.lang.String,java.lang.Object)! Ignoring this property.
datanode_2  | 2019-10-23 11:54:16,492 [Datanode State Machine Thread - 0] INFO       - DatanodeDetails is persisted to /data/metadata/datanode.id
nm_1        | 2019-10-23 11:54:11 INFO  DirectoryCollection:189 - Disk Validator: yarn.nodemanager.disk-validator is loaded.
om_1        | 2019-10-23 11:54:21,818 INFO db.DBStoreBuilder: using custom profile for table: dTokenTable
scm_1       | 2019-10-23 11:54:14,114 INFO net.NodeSchemaLoader: Loading network topology layer schema file
datanode_1  | 2019-10-23 11:54:14,166 INFO util.JvmPauseMonitor: Starting JVM pause monitor
rm_1        | 2019-10-23 11:54:11 INFO  MetricsConfig:121 - loaded properties from hadoop-metrics2.properties
datanode_2  | 2019-10-23 11:54:18,453 [Datanode State Machine Thread - 0] INFO       - Attempting to start container services.
nm_1        | 2019-10-23 11:54:11 INFO  DirectoryCollection:189 - Disk Validator: yarn.nodemanager.disk-validator is loaded.
datanode_3  | 2019-10-23 11:54:15,908 INFO impl.MetricsSystemImpl: Registered sink prometheus
om_1        | 2019-10-23 11:54:21,819 INFO db.DBStoreBuilder: Using default column profile:DBProfile.DISK for Table:dTokenTable
scm_1       | 2019-10-23 11:54:14,220 INFO node.SCMNodeManager: Entering startup safe mode.
datanode_1  | 2019-10-23 11:54:14,381 [Datanode State Machine Thread - 0] INFO       - DatanodeDetails is persisted to /data/metadata/datanode.id
datanode_2  | 2019-10-23 11:54:18,455 [Datanode State Machine Thread - 0] INFO       - Background container scanner has been disabled.
nm_1        | 2019-10-23 11:54:12 INFO  NodeResourceMonitorImpl:75 -  Using ResourceCalculatorPlugin : org.apache.hadoop.yarn.util.ResourceCalculatorPlugin@59e2d8e3
datanode_3  | 2019-10-23 11:54:15,911 INFO server.BaseHttpServer: HTTP server of HDDSDATANODE is listening at http://0.0.0.0:9882
om_1        | 2019-10-23 11:54:21,819 INFO db.DBStoreBuilder: using custom profile for table: s3SecretTable
scm_1       | 2019-10-23 11:54:14,391 INFO algorithms.ContainerPlacementPolicyFactory: Create container placement policy of type org.apache.hadoop.hdds.scm.container.placement.algorithms.SCMContainerPlacementRandom
datanode_1  | 2019-10-23 11:54:16,833 [Datanode State Machine Thread - 0] INFO       - Attempting to start container services.
rm_1        | 2019-10-23 11:54:12 INFO  MetricsSystemImpl:374 - Scheduled Metric snapshot period at 10 second(s).
datanode_2  | 2019-10-23 11:54:18,455 [Datanode State Machine Thread - 0] INFO       - Starting XceiverServerRatis 9293a5d6-13b9-49b2-a93c-7a0f4cb26805 at port 9858
nm_1        | 2019-10-23 11:54:12 INFO  AsyncDispatcher:223 - Registering class org.apache.hadoop.yarn.server.nodemanager.containermanager.loghandler.event.LogHandlerEventType for class org.apache.hadoop.yarn.server.nodemanager.containermanager.loghandler.NonAggregatingLogHandler
om_1        | 2019-10-23 11:54:21,819 INFO db.DBStoreBuilder: Using default column profile:DBProfile.DISK for Table:s3SecretTable
datanode_3  | 2019-10-23 11:54:15,925 INFO util.JvmPauseMonitor: Starting JVM pause monitor
scm_1       | 2019-10-23 11:54:14,407 WARN server.ServerUtils: ozone.scm.db.dirs is not configured. We recommend adding this setting. Falling back to ozone.metadata.dirs instead.
rm_1        | 2019-10-23 11:54:12 INFO  MetricsSystemImpl:191 - ResourceManager metrics system started
datanode_2  | 2019-10-23 11:54:18,472 INFO impl.RaftServerProxy: 9293a5d6-13b9-49b2-a93c-7a0f4cb26805: start RPC server
nm_1        | 2019-10-23 11:54:12 INFO  AsyncDispatcher:223 - Registering class org.apache.hadoop.yarn.server.nodemanager.containermanager.localizer.sharedcache.SharedCacheUploadEventType for class org.apache.hadoop.yarn.server.nodemanager.containermanager.localizer.sharedcache.SharedCacheUploadService
datanode_1  | 2019-10-23 11:54:16,835 [Datanode State Machine Thread - 0] INFO       - Background container scanner has been disabled.
om_1        | 2019-10-23 11:54:21,819 INFO db.DBStoreBuilder: using custom profile for table: prefixTable
datanode_3  | 2019-10-23 11:54:16,078 [Datanode State Machine Thread - 0] INFO       - DatanodeDetails is persisted to /data/metadata/datanode.id
scm_1       | 2019-10-23 11:54:14,895 INFO pipeline.SCMPipelineManager: No pipeline exists in current db
rm_1        | 2019-10-23 11:54:12 INFO  YarnAuthorizationProvider:58 - org.apache.hadoop.yarn.security.ConfiguredYarnAuthorizer is instantiated.
datanode_2  | 2019-10-23 11:54:18,581 INFO server.GrpcService: 9293a5d6-13b9-49b2-a93c-7a0f4cb26805: GrpcService started, listening on 0.0.0.0/0.0.0.0:9858
nm_1        | 2019-10-23 11:54:12 INFO  ContainerManagerImpl:336 - AMRMProxyService is disabled
om_1        | 2019-10-23 11:54:21,819 INFO db.DBStoreBuilder: Using default column profile:DBProfile.DISK for Table:prefixTable
datanode_1  | 2019-10-23 11:54:16,835 [Datanode State Machine Thread - 0] INFO       - Starting XceiverServerRatis f0aaa163-be34-42e7-a7d7-7645fc02c3ac at port 9858
datanode_3  | 2019-10-23 11:54:18,092 [Datanode State Machine Thread - 0] INFO       - Attempting to start container services.
scm_1       | 2019-10-23 11:54:14,899 WARN server.ServerUtils: ozone.scm.db.dirs is not configured. We recommend adding this setting. Falling back to ozone.metadata.dirs instead.
rm_1        | 2019-10-23 11:54:12 INFO  AsyncDispatcher:223 - Registering class org.apache.hadoop.yarn.server.resourcemanager.RMAppManagerEventType for class org.apache.hadoop.yarn.server.resourcemanager.RMAppManager
datanode_2  | WARNING: An illegal reflective access operation has occurred
nm_1        | 2019-10-23 11:54:12 INFO  ResourceLocalizationService:242 - per directory file limit = 8192
om_1        | 2019-10-23 11:54:21,832 INFO db.DBStoreBuilder: using custom profile for table: default
datanode_1  | 2019-10-23 11:54:16,857 INFO impl.RaftServerProxy: f0aaa163-be34-42e7-a7d7-7645fc02c3ac: start RPC server
datanode_3  | 2019-10-23 11:54:18,094 [Datanode State Machine Thread - 0] INFO       - Background container scanner has been disabled.
scm_1       | 2019-10-23 11:54:15,097 WARN events.EventQueue: No event handler registered for event TypedEvent{payloadType=SafeModeStatus, name='SafeModeStatus'}
rm_1        | 2019-10-23 11:54:12 INFO  AsyncDispatcher:223 - Registering class org.apache.hadoop.yarn.server.resourcemanager.amlauncher.AMLauncherEventType for class org.apache.hadoop.yarn.server.resourcemanager.amlauncher.ApplicationMasterLauncher
datanode_2  | WARNING: Illegal reflective access by org.apache.ratis.thirdparty.com.google.protobuf.UnsafeUtil (file:/opt/hadoop/share/ozone/lib/ratis-thirdparty-misc-0.2.0.jar) to field java.nio.Buffer.address
nm_1        | 2019-10-23 11:54:12 INFO  ResourceLocalizationService:271 - Disk Validator: yarn.nodemanager.disk-validator is loaded.
om_1        | 2019-10-23 11:54:21,833 INFO db.DBStoreBuilder: Using default column profile:DBProfile.DISK for Table:default
datanode_1  | 2019-10-23 11:54:16,956 INFO server.GrpcService: f0aaa163-be34-42e7-a7d7-7645fc02c3ac: GrpcService started, listening on 0.0.0.0/0.0.0.0:9858
datanode_3  | 2019-10-23 11:54:18,095 [Datanode State Machine Thread - 0] INFO       - Starting XceiverServerRatis b0dd0e7f-3aca-4104-9786-a913661f37e3 at port 9858
scm_1       | 2019-10-23 11:54:15,848 INFO ipc.CallQueueManager: Using callQueue: class java.util.concurrent.LinkedBlockingQueue, queueCapacity: 1000, scheduler: class org.apache.hadoop.ipc.DefaultRpcScheduler, ipcBackoff: false.
rm_1        | 2019-10-23 11:54:12 INFO  RMNMInfo:63 - Registered RMNMInfo MBean
datanode_2  | WARNING: Please consider reporting this to the maintainers of org.apache.ratis.thirdparty.com.google.protobuf.UnsafeUtil
nm_1        | 2019-10-23 11:54:12 INFO  AsyncDispatcher:223 - Registering class org.apache.hadoop.yarn.server.nodemanager.containermanager.localizer.event.LocalizerEventType for class org.apache.hadoop.yarn.server.nodemanager.containermanager.localizer.ResourceLocalizationService$LocalizerTracker
om_1        | 2019-10-23 11:54:21,834 INFO db.DBStoreBuilder: Using default options. DBProfile.DISK
datanode_1  | WARNING: An illegal reflective access operation has occurred
datanode_3  | 2019-10-23 11:54:18,114 INFO impl.RaftServerProxy: b0dd0e7f-3aca-4104-9786-a913661f37e3: start RPC server
scm_1       | 2019-10-23 11:54:15,877 INFO ipc.Server: Starting Socket Reader #1 for port 9861
rm_1        | 2019-10-23 11:54:12 INFO  RMAppLifetimeMonitor:66 - Application lifelime monitor interval set to 3000 ms.
datanode_2  | WARNING: Use --illegal-access=warn to enable warnings of further illegal reflective access operations
nm_1        | 2019-10-23 11:54:12 INFO  AuxServices:103 - Adding auxiliary service mapreduce_shuffle, "mapreduce_shuffle"
om_1        | 2019-10-23 11:54:22,510 INFO ipc.CallQueueManager: Using callQueue: class java.util.concurrent.LinkedBlockingQueue, queueCapacity: 2000, scheduler: class org.apache.hadoop.ipc.DefaultRpcScheduler, ipcBackoff: false.
datanode_1  | WARNING: Illegal reflective access by org.apache.ratis.thirdparty.com.google.protobuf.UnsafeUtil (file:/opt/hadoop/share/ozone/lib/ratis-thirdparty-misc-0.2.0.jar) to field java.nio.Buffer.address
datanode_3  | 2019-10-23 11:54:18,238 INFO server.GrpcService: b0dd0e7f-3aca-4104-9786-a913661f37e3: GrpcService started, listening on 0.0.0.0/0.0.0.0:9858
rm_1        | 2019-10-23 11:54:12 INFO  HostsFileReader:211 - Refreshing hosts (include/exclude) list
datanode_2  | WARNING: All illegal access operations will be denied in a future release
scm_1       | 2019-10-23 11:54:15,903 INFO ipc.CallQueueManager: Using callQueue: class java.util.concurrent.LinkedBlockingQueue, queueCapacity: 1000, scheduler: class org.apache.hadoop.ipc.DefaultRpcScheduler, ipcBackoff: false.
nm_1        | 2019-10-23 11:54:12 INFO  ContainersMonitorImpl:130 -  Using ResourceCalculatorPlugin : org.apache.hadoop.yarn.util.ResourceCalculatorPlugin@6c2ed0cd
om_1        | 2019-10-23 11:54:22,519 INFO ipc.Server: Starting Socket Reader #1 for port 9862
datanode_1  | WARNING: Please consider reporting this to the maintainers of org.apache.ratis.thirdparty.com.google.protobuf.UnsafeUtil
datanode_3  | WARNING: An illegal reflective access operation has occurred
rm_1        | 2019-10-23 11:54:12 INFO  Configuration:2755 - found resource capacity-scheduler.xml at file:/opt/hadoop/etc/hadoop/capacity-scheduler.xml
datanode_2  | 2019-10-23 11:54:20,797 INFO impl.RaftServerProxy: 9293a5d6-13b9-49b2-a93c-7a0f4cb26805: addNew group-44DD6449F24D:[9293a5d6-13b9-49b2-a93c-7a0f4cb26805:172.18.0.8:9858] returns group-44DD6449F24D:java.util.concurrent.CompletableFuture@318aef0[Not completed]
scm_1       | 2019-10-23 11:54:15,904 INFO ipc.Server: Starting Socket Reader #1 for port 9863
nm_1        | 2019-10-23 11:54:12 INFO  ContainersMonitorImpl:135 -  Using ResourceCalculatorProcessTree : null
om_1        | 2019-10-23 11:54:22,546 [main] INFO       - OzoneManager RPC server is listening at om/172.18.0.9:9862
datanode_1  | WARNING: Use --illegal-access=warn to enable warnings of further illegal reflective access operations
datanode_3  | WARNING: Illegal reflective access by org.apache.ratis.thirdparty.com.google.protobuf.UnsafeUtil (file:/opt/hadoop/share/ozone/lib/ratis-thirdparty-misc-0.2.0.jar) to field java.nio.Buffer.address
rm_1        | 2019-10-23 11:54:12 INFO  AbstractYarnScheduler:1371 - Minimum allocation = <memory:1024, vCores:1>
datanode_2  | 2019-10-23 11:54:20,813 INFO impl.RaftServerImpl: 9293a5d6-13b9-49b2-a93c-7a0f4cb26805: new RaftServerImpl for group-44DD6449F24D:[9293a5d6-13b9-49b2-a93c-7a0f4cb26805:172.18.0.8:9858] with ContainerStateMachine:uninitialized
scm_1       | 2019-10-23 11:54:15,915 INFO ipc.CallQueueManager: Using callQueue: class java.util.concurrent.LinkedBlockingQueue, queueCapacity: 1000, scheduler: class org.apache.hadoop.ipc.DefaultRpcScheduler, ipcBackoff: false.
nm_1        | 2019-10-23 11:54:12 INFO  ContainersMonitorImpl:176 - Physical memory check enabled: false
om_1        | 2019-10-23 11:54:22,623 INFO impl.MetricsConfig: Loaded properties from hadoop-metrics2.properties
datanode_1  | WARNING: All illegal access operations will be denied in a future release
datanode_3  | WARNING: Please consider reporting this to the maintainers of org.apache.ratis.thirdparty.com.google.protobuf.UnsafeUtil
rm_1        | 2019-10-23 11:54:12 INFO  AbstractYarnScheduler:1383 - Maximum allocation = <memory:8192, vCores:4>
datanode_2  | 2019-10-23 11:54:20,814 INFO server.RaftServerConfigKeys: raft.server.rpc.timeout.min = 5s (custom)
scm_1       | 2019-10-23 11:54:15,916 INFO ipc.Server: Starting Socket Reader #1 for port 9860
nm_1        | 2019-10-23 11:54:12 INFO  ContainersMonitorImpl:177 - Virtual memory check enabled: false
om_1        | 2019-10-23 11:54:22,662 INFO impl.MetricsSystemImpl: Scheduled Metric snapshot period at 10 second(s).
datanode_1  | 2019-10-23 11:54:19,212 INFO impl.RaftServerProxy: f0aaa163-be34-42e7-a7d7-7645fc02c3ac: addNew group-C7055E41CCB1:[f0aaa163-be34-42e7-a7d7-7645fc02c3ac:172.18.0.5:9858] returns group-C7055E41CCB1:java.util.concurrent.CompletableFuture@2b3535d0[Not completed]
datanode_3  | WARNING: Use --illegal-access=warn to enable warnings of further illegal reflective access operations
rm_1        | 2019-10-23 11:54:12 INFO  CapacitySchedulerConfiguration:912 - max alloc mb per queue for root is undefined
datanode_2  | 2019-10-23 11:54:20,815 INFO server.RaftServerConfigKeys: raft.server.rpc.timeout.max = 5200ms (custom)
scm_1       | 2019-10-23 11:54:15,939 INFO hdfs.DFSUtil: Starting Web-server for scm at: http://0.0.0.0:9876
nm_1        | 2019-10-23 11:54:12 INFO  ContainersMonitorImpl:181 - ContainersMonitor enabled: true
om_1        | 2019-10-23 11:54:22,662 INFO impl.MetricsSystemImpl: OzoneManager metrics system started
datanode_1  | 2019-10-23 11:54:19,230 INFO impl.RaftServerImpl: f0aaa163-be34-42e7-a7d7-7645fc02c3ac: new RaftServerImpl for group-C7055E41CCB1:[f0aaa163-be34-42e7-a7d7-7645fc02c3ac:172.18.0.5:9858] with ContainerStateMachine:uninitialized
datanode_3  | WARNING: All illegal access operations will be denied in a future release
rm_1        | 2019-10-23 11:54:12 INFO  CapacitySchedulerConfiguration:916 - max alloc vcore per queue for root is undefined
datanode_2  | 2019-10-23 11:54:20,815 INFO server.RaftServerConfigKeys: raft.server.rpcslowness.timeout = 120s (custom)
scm_1       | 2019-10-23 11:54:16,152 INFO server.AuthenticationFilter: Unable to initialize FileSignerSecretProvider, falling back to use random secrets.
nm_1        | 2019-10-23 11:54:12 INFO  ContainerManagerImpl:394 - Not a recoverable state store. Nothing to recover.
om_1        | 2019-10-23 11:54:22,701 INFO ipc.Server: IPC Server Responder: starting
datanode_1  | 2019-10-23 11:54:19,231 INFO server.RaftServerConfigKeys: raft.server.rpc.timeout.min = 5s (custom)
datanode_3  | 2019-10-23 11:54:20,199 INFO impl.RaftServerProxy: b0dd0e7f-3aca-4104-9786-a913661f37e3: addNew group-36D97CD62995:[b0dd0e7f-3aca-4104-9786-a913661f37e3:172.18.0.7:9858] returns group-36D97CD62995:java.util.concurrent.CompletableFuture@968166c[Not completed]
rm_1        | 2019-10-23 11:54:12 INFO  ParentQueue:151 - root, capacity=1.0, absoluteCapacity=1.0, maxCapacity=1.0, absoluteMaxCapacity=1.0, state=RUNNING, acls=ADMINISTER_QUEUE:*SUBMIT_APP:*, labels=*,
datanode_2  | 2019-10-23 11:54:20,815 INFO server.RaftServerConfigKeys: raft.server.sleep.deviation.threshold = 300 (default)
scm_1       | 2019-10-23 11:54:16,170 INFO http.HttpRequestLog: Http request log for http.requests.scm is not defined
nm_1        | 2019-10-23 11:54:12 INFO  Configuration:2752 - resource-types.xml not found
om_1        | 2019-10-23 11:54:22,701 INFO ipc.Server: IPC Server listener on 9862: starting
datanode_1  | 2019-10-23 11:54:19,232 INFO server.RaftServerConfigKeys: raft.server.rpc.timeout.max = 5200ms (custom)
datanode_3  | 2019-10-23 11:54:20,215 INFO impl.RaftServerImpl: b0dd0e7f-3aca-4104-9786-a913661f37e3: new RaftServerImpl for group-36D97CD62995:[b0dd0e7f-3aca-4104-9786-a913661f37e3:172.18.0.7:9858] with ContainerStateMachine:uninitialized
rm_1        | , reservationsContinueLooking=true, orderingPolicy=utilization, priority=0
scm_1       | 2019-10-23 11:54:16,176 INFO http.HttpServer2: Added global filter 'safety' (class=org.apache.hadoop.http.HttpServer2$QuotingInputFilter)
datanode_2  | 2019-10-23 11:54:20,816 INFO server.RaftServerConfigKeys: raft.server.log.appender.install.snapshot.enabled = false (custom)
nm_1        | 2019-10-23 11:54:12 INFO  ResourceUtils:418 - Unable to find 'resource-types.xml'.
om_1        | 2019-10-23 11:54:22,731 INFO hdfs.DFSUtil: Starting Web-server for ozoneManager at: http://0.0.0.0:9874
datanode_1  | 2019-10-23 11:54:19,232 INFO server.RaftServerConfigKeys: raft.server.rpcslowness.timeout = 120s (custom)
datanode_3  | 2019-10-23 11:54:20,217 INFO server.RaftServerConfigKeys: raft.server.rpc.timeout.min = 5s (custom)
rm_1        | 2019-10-23 11:54:12 INFO  ParentQueue:114 - Initialized parent-queue root name=root, fullname=root
scm_1       | 2019-10-23 11:54:16,178 INFO http.HttpServer2: Added filter static_user_filter (class=org.apache.hadoop.http.lib.StaticUserWebFilter$StaticUserFilter) to context scm
datanode_2  | 2019-10-23 11:54:20,822 INFO impl.RaftServerImpl: 9293a5d6-13b9-49b2-a93c-7a0f4cb26805@group-44DD6449F24D: ConfigurationManager, init=-1: [9293a5d6-13b9-49b2-a93c-7a0f4cb26805:172.18.0.8:9858], old=null, confs=<EMPTY_MAP>
om_1        | 2019-10-23 11:54:22,824 INFO server.AuthenticationFilter: Unable to initialize FileSignerSecretProvider, falling back to use random secrets.
datanode_1  | 2019-10-23 11:54:19,232 INFO server.RaftServerConfigKeys: raft.server.sleep.deviation.threshold = 300 (default)
nm_1        | 2019-10-23 11:54:12 INFO  Configuration:2752 - node-resources.xml not found
datanode_3  | 2019-10-23 11:54:20,217 INFO server.RaftServerConfigKeys: raft.server.rpc.timeout.max = 5200ms (custom)
rm_1        | 2019-10-23 11:54:12 INFO  CapacitySchedulerConfiguration:912 - max alloc mb per queue for root.default is undefined
scm_1       | 2019-10-23 11:54:16,178 INFO http.HttpServer2: Added filter static_user_filter (class=org.apache.hadoop.http.lib.StaticUserWebFilter$StaticUserFilter) to context static
datanode_2  | 2019-10-23 11:54:20,822 INFO server.RaftServerConfigKeys: raft.server.storage.dir = [/data/metadata/ratis] (custom)
om_1        | 2019-10-23 11:54:22,826 INFO http.HttpRequestLog: Http request log for http.requests.ozoneManager is not defined
datanode_1  | 2019-10-23 11:54:19,233 INFO server.RaftServerConfigKeys: raft.server.log.appender.install.snapshot.enabled = false (custom)
nm_1        | 2019-10-23 11:54:12 INFO  ResourceUtils:418 - Unable to find 'node-resources.xml'.
datanode_3  | 2019-10-23 11:54:20,217 INFO server.RaftServerConfigKeys: raft.server.rpcslowness.timeout = 120s (custom)
rm_1        | 2019-10-23 11:54:12 INFO  CapacitySchedulerConfiguration:916 - max alloc vcore per queue for root.default is undefined
scm_1       | 2019-10-23 11:54:16,178 INFO http.HttpServer2: Added filter static_user_filter (class=org.apache.hadoop.http.lib.StaticUserWebFilter$StaticUserFilter) to context logs
om_1        | 2019-10-23 11:54:22,832 INFO http.HttpServer2: Added global filter 'safety' (class=org.apache.hadoop.http.HttpServer2$QuotingInputFilter)
datanode_1  | 2019-10-23 11:54:19,238 INFO impl.RaftServerImpl: f0aaa163-be34-42e7-a7d7-7645fc02c3ac@group-C7055E41CCB1: ConfigurationManager, init=-1: [f0aaa163-be34-42e7-a7d7-7645fc02c3ac:172.18.0.5:9858], old=null, confs=<EMPTY_MAP>
datanode_2  | 2019-10-23 11:54:20,828 INFO server.RaftServerConfigKeys: raft.server.log.corruption.policy = EXCEPTION (default)
nm_1        | 2019-10-23 11:54:12 INFO  NodeStatusUpdaterImpl:192 - Nodemanager resources is set to: <memory:8192, vCores:8>
datanode_3  | 2019-10-23 11:54:20,218 INFO server.RaftServerConfigKeys: raft.server.sleep.deviation.threshold = 300 (default)
scm_1       | 2019-10-23 11:54:16,201 INFO server.StorageContainerManager: StorageContainerLocationProtocol RPC server is listening at /0.0.0.0:9860
om_1        | 2019-10-23 11:54:22,834 INFO http.HttpServer2: Added filter static_user_filter (class=org.apache.hadoop.http.lib.StaticUserWebFilter$StaticUserFilter) to context ozoneManager
datanode_1  | 2019-10-23 11:54:19,239 INFO server.RaftServerConfigKeys: raft.server.storage.dir = [/data/metadata/ratis] (custom)
datanode_2  | 2019-10-23 11:54:20,829 INFO storage.RaftStorageDirectory: The storage directory /data/metadata/ratis/0cb4b113-9c4c-40c6-a6fc-44dd6449f24d does not exist. Creating ...
rm_1        | 2019-10-23 11:54:12 INFO  LeafQueue:289 - Initializing default
nm_1        | 2019-10-23 11:54:12 INFO  NodeStatusUpdaterImpl:236 - Initialized nodemanager with : physical-memory=8192 virtual-memory=17204 virtual-cores=8
datanode_3  | 2019-10-23 11:54:20,218 INFO server.RaftServerConfigKeys: raft.server.log.appender.install.snapshot.enabled = false (custom)
scm_1       | 2019-10-23 11:54:16,286 INFO impl.MetricsConfig: Loaded properties from hadoop-metrics2.properties
om_1        | 2019-10-23 11:54:22,834 INFO http.HttpServer2: Added filter static_user_filter (class=org.apache.hadoop.http.lib.StaticUserWebFilter$StaticUserFilter) to context logs
datanode_1  | 2019-10-23 11:54:19,243 INFO server.RaftServerConfigKeys: raft.server.log.corruption.policy = EXCEPTION (default)
datanode_2  | 2019-10-23 11:54:20,857 INFO storage.RaftStorageDirectory: Lock on /data/metadata/ratis/0cb4b113-9c4c-40c6-a6fc-44dd6449f24d/in_use.lock acquired by nodename 7@fb508e9a626b
rm_1        | capacity = 1.0 [= (float) configuredCapacity / 100 ]
nm_1        | 2019-10-23 11:54:12 INFO  CallQueueManager:84 - Using callQueue: class java.util.concurrent.LinkedBlockingQueue queueCapacity: 2000 scheduler: class org.apache.hadoop.ipc.DefaultRpcScheduler
datanode_3  | 2019-10-23 11:54:20,224 INFO impl.RaftServerImpl: b0dd0e7f-3aca-4104-9786-a913661f37e3@group-36D97CD62995: ConfigurationManager, init=-1: [b0dd0e7f-3aca-4104-9786-a913661f37e3:172.18.0.7:9858], old=null, confs=<EMPTY_MAP>
scm_1       | 2019-10-23 11:54:16,330 INFO impl.MetricsSystemImpl: Scheduled Metric snapshot period at 10 second(s).
om_1        | 2019-10-23 11:54:22,835 INFO http.HttpServer2: Added filter static_user_filter (class=org.apache.hadoop.http.lib.StaticUserWebFilter$StaticUserFilter) to context static
datanode_2  | 2019-10-23 11:54:20,875 INFO storage.RaftStorage: Storage directory /data/metadata/ratis/0cb4b113-9c4c-40c6-a6fc-44dd6449f24d has been successfully formatted.
datanode_1  | 2019-10-23 11:54:19,244 INFO storage.RaftStorageDirectory: The storage directory /data/metadata/ratis/1080640f-b495-4767-8879-c7055e41ccb1 does not exist. Creating ...
rm_1        | absoluteCapacity = 1.0 [= parentAbsoluteCapacity * capacity ]
nm_1        | 2019-10-23 11:54:12 INFO  Server:1070 - Starting Socket Reader #1 for port 45876
datanode_3  | 2019-10-23 11:54:20,225 INFO server.RaftServerConfigKeys: raft.server.storage.dir = [/data/metadata/ratis] (custom)
scm_1       | 2019-10-23 11:54:16,330 INFO impl.MetricsSystemImpl: StorageContainerManager metrics system started
om_1        | 2019-10-23 11:54:22,854 INFO http.HttpServer2: Jetty bound to port 9874
datanode_1  | 2019-10-23 11:54:19,262 INFO storage.RaftStorageDirectory: Lock on /data/metadata/ratis/1080640f-b495-4767-8879-c7055e41ccb1/in_use.lock acquired by nodename 7@2e8c4e7febc6
datanode_2  | 2019-10-23 11:54:20,879 [pool-8-thread-1] INFO       - group-44DD6449F24D: The snapshot info is null. Setting the last applied indexto:(t:0, i:~)
rm_1        | maxCapacity = 1.0 [= configuredMaxCapacity ]
nm_1        | 2019-10-23 11:54:12 INFO  RpcServerFactoryPBImpl:173 - Adding protocol org.apache.hadoop.yarn.api.ContainerManagementProtocolPB to the server
datanode_3  | 2019-10-23 11:54:20,230 INFO server.RaftServerConfigKeys: raft.server.log.corruption.policy = EXCEPTION (default)
scm_1       | 2019-10-23 11:54:16,578 INFO server.SCMClientProtocolServer: RPC server for Client  is listening at /0.0.0.0:9860
om_1        | 2019-10-23 11:54:22,855 INFO server.Server: jetty-9.3.25.v20180904, build timestamp: 2018-09-04T21:11:46Z, git hash: 3ce520221d0240229c862b122d2b06c12a625732
