datanode_3  | 2019-11-14 11:43:41,571 INFO impl.LeaderElection: f47aad46-2930-4064-aed8-6cb30ef295af@group-7D8E9609AF05-LeaderElection2: Election REJECTED; received 2 response(s) [f47aad46-2930-4064-aed8-6cb30ef295af<-f9d0226d-1a24-4f30-9724-65aec4e447ec#0:FAIL-t1, f47aad46-2930-4064-aed8-6cb30ef295af<-f7fc201b-ef00-4dc9-855a-89615f3d0702#0:FAIL-t1] and 0 exception(s); f47aad46-2930-4064-aed8-6cb30ef295af@group-7D8E9609AF05:t1, leader=null, voted=f47aad46-2930-4064-aed8-6cb30ef295af, raftlog=f47aad46-2930-4064-aed8-6cb30ef295af@group-7D8E9609AF05-SegmentedRaftLog:OPENED:c-1,f-1,i0, conf=-1: [f9d0226d-1a24-4f30-9724-65aec4e447ec:172.18.0.6:9858, f7fc201b-ef00-4dc9-855a-89615f3d0702:172.18.0.8:9858, f47aad46-2930-4064-aed8-6cb30ef295af:172.18.0.5:9858], old=null
rm_1        | 2019-11-14 11:44:38 INFO  NMTokenSecretManagerInRM:146 - Clear node set for appattempt_1573731787606_0001_000001
nm_1        | 2019-11-14 11:45:12 INFO  NMAuditLogger:89 - USER=hadoop	IP=172.18.0.3	OPERATION=Start Container Request	TARGET=ContainerManageImpl	RESULT=SUCCESS	APPID=application_1573731787606_0001	CONTAINERID=container_1573731787606_0001_01_000004
datanode_2  | 2019-11-14 11:43:46,671 INFO impl.LeaderElection: f7fc201b-ef00-4dc9-855a-89615f3d0702@group-7D8E9609AF05-LeaderElection3: begin an election at term 2 for -1: [f9d0226d-1a24-4f30-9724-65aec4e447ec:172.18.0.6:9858, f7fc201b-ef00-4dc9-855a-89615f3d0702:172.18.0.8:9858, f47aad46-2930-4064-aed8-6cb30ef295af:172.18.0.5:9858], old=null
datanode_1  | 2019-11-14 11:43:41,513 INFO impl.RoleInfo: f9d0226d-1a24-4f30-9724-65aec4e447ec: shutdown LeaderElection
datanode_3  | 2019-11-14 11:43:41,572 INFO impl.RaftServerImpl: f47aad46-2930-4064-aed8-6cb30ef295af@group-7D8E9609AF05: changes role from CANDIDATE to FOLLOWER at term 1 for DISCOVERED_A_NEW_TERM
rm_1        | 2019-11-14 11:44:38 INFO  RMAppAttemptImpl:1924 - Storing attempt: AppId: application_1573731787606_0001 AttemptId: appattempt_1573731787606_0001_000001 MasterContainer: Container: [ContainerId: container_1573731787606_0001_01_000001, NodeId: nm:36583, NodeHttpAddress: nm:8042, Resource: <memory:2048, vCores:1>, Priority: 0, Token: Token { kind: ContainerToken, service: 172.18.0.3:36583 }, ]
nm_1        | 2019-11-14 11:45:12 INFO  ApplicationImpl:304 - Adding container_1573731787606_0001_01_000004 to application application_1573731787606_0001
datanode_2  | 2019-11-14 11:43:46,725 INFO impl.LeaderElection: f7fc201b-ef00-4dc9-855a-89615f3d0702@group-7D8E9609AF05-LeaderElection3: Election PASSED; received 2 response(s) [f7fc201b-ef00-4dc9-855a-89615f3d0702<-f9d0226d-1a24-4f30-9724-65aec4e447ec#0:FAIL-t2, f7fc201b-ef00-4dc9-855a-89615f3d0702<-f47aad46-2930-4064-aed8-6cb30ef295af#0:OK-t2] and 0 exception(s); f7fc201b-ef00-4dc9-855a-89615f3d0702@group-7D8E9609AF05:t2, leader=null, voted=f7fc201b-ef00-4dc9-855a-89615f3d0702, raftlog=f7fc201b-ef00-4dc9-855a-89615f3d0702@group-7D8E9609AF05-SegmentedRaftLog:OPENED:c-1,f-1,i0, conf=-1: [f9d0226d-1a24-4f30-9724-65aec4e447ec:172.18.0.6:9858, f7fc201b-ef00-4dc9-855a-89615f3d0702:172.18.0.8:9858, f47aad46-2930-4064-aed8-6cb30ef295af:172.18.0.5:9858], old=null
datanode_1  | 2019-11-14 11:43:41,514 INFO impl.RoleInfo: f9d0226d-1a24-4f30-9724-65aec4e447ec: start FollowerState
datanode_3  | 2019-11-14 11:43:41,572 INFO impl.RoleInfo: f47aad46-2930-4064-aed8-6cb30ef295af: shutdown LeaderElection
rm_1        | 2019-11-14 11:44:38 INFO  RMAppAttemptImpl:815 - appattempt_1573731787606_0001_000001 State change from SCHEDULED to ALLOCATED_SAVING
nm_1        | 2019-11-14 11:45:12 INFO  ContainerImpl:1135 - Container container_1573731787606_0001_01_000004 transitioned from NEW to LOCALIZING
datanode_2  | 2019-11-14 11:43:46,726 INFO impl.RoleInfo: f7fc201b-ef00-4dc9-855a-89615f3d0702: shutdown LeaderElection
datanode_1  | 2019-11-14 11:43:46,694 INFO impl.FollowerState: f9d0226d-1a24-4f30-9724-65aec4e447ec@group-7D8E9609AF05-FollowerState: change to CANDIDATE, lastRpcTime:5179ms, electionTimeout:5179ms
datanode_3  | 2019-11-14 11:43:41,573 INFO impl.RoleInfo: f47aad46-2930-4064-aed8-6cb30ef295af: start FollowerState
rm_1        | 2019-11-14 11:44:38 INFO  RMAppAttemptImpl:815 - appattempt_1573731787606_0001_000001 State change from ALLOCATED_SAVING to ALLOCATED
nm_1        | 2019-11-14 11:45:12 INFO  AuxServices:196 - Got event CONTAINER_INIT for appId application_1573731787606_0001
datanode_2  | 2019-11-14 11:43:46,726 INFO impl.RaftServerImpl: f7fc201b-ef00-4dc9-855a-89615f3d0702@group-7D8E9609AF05: changes role from CANDIDATE to LEADER at term 2 for changeToLeader
datanode_1  | 2019-11-14 11:43:46,695 INFO impl.RoleInfo: f9d0226d-1a24-4f30-9724-65aec4e447ec: shutdown FollowerState
datanode_3  | 2019-11-14 11:43:46,699 INFO impl.RaftServerImpl: f47aad46-2930-4064-aed8-6cb30ef295af@group-7D8E9609AF05: changes role from  FOLLOWER to FOLLOWER at term 2 for recognizeCandidate:f7fc201b-ef00-4dc9-855a-89615f3d0702
rm_1        | 2019-11-14 11:44:38 INFO  AMLauncher:249 - Launching masterappattempt_1573731787606_0001_000001
nm_1        | 2019-11-14 11:45:12 INFO  AuxServices:196 - Got event APPLICATION_INIT for appId application_1573731787606_0001
datanode_2  | 2019-11-14 11:43:46,726 INFO ratis.XceiverServerRatis: Leader change notification received for group: group-7D8E9609AF05 with new leaderId: f7fc201b-ef00-4dc9-855a-89615f3d0702
datanode_1  | 2019-11-14 11:43:46,695 INFO impl.RaftServerImpl: f9d0226d-1a24-4f30-9724-65aec4e447ec@group-7D8E9609AF05: changes role from  FOLLOWER to CANDIDATE at term 1 for changeToCandidate
datanode_3  | 2019-11-14 11:43:46,701 INFO impl.RoleInfo: f47aad46-2930-4064-aed8-6cb30ef295af: shutdown FollowerState
rm_1        | 2019-11-14 11:44:38 INFO  AMLauncher:105 - Setting up container Container: [ContainerId: container_1573731787606_0001_01_000001, NodeId: nm:36583, NodeHttpAddress: nm:8042, Resource: <memory:2048, vCores:1>, Priority: 0, Token: Token { kind: ContainerToken, service: 172.18.0.3:36583 }, ] for AM appattempt_1573731787606_0001_000001
nm_1        | 2019-11-14 11:45:12 INFO  AuxServices:200 - Got APPLICATION_INIT for service mapreduce_shuffle
datanode_2  | 2019-11-14 11:43:46,727 INFO impl.RaftServerImpl: f7fc201b-ef00-4dc9-855a-89615f3d0702@group-7D8E9609AF05: change Leader from null to f7fc201b-ef00-4dc9-855a-89615f3d0702 at term 2 for becomeLeader, leader elected after 10496ms
datanode_1  | 2019-11-14 11:43:46,696 INFO impl.RoleInfo: f9d0226d-1a24-4f30-9724-65aec4e447ec: start LeaderElection
datanode_3  | 2019-11-14 11:43:46,701 INFO impl.RoleInfo: f47aad46-2930-4064-aed8-6cb30ef295af: start FollowerState
rm_1        | 2019-11-14 11:44:38 INFO  AMLauncher:187 - Command to launch container container_1573731787606_0001_01_000001 : $JAVA_HOME/bin/java -Djava.io.tmpdir=$PWD/tmp -Dlog4j.configuration=container-log4j.properties -Dyarn.app.container.log.dir=<LOG_DIR> -Dyarn.app.container.log.filesize=0 -Dhadoop.root.logger=INFO,CLA -Dhadoop.root.logfile=syslog  -Xmx1024m org.apache.hadoop.mapreduce.v2.app.MRAppMaster 1><LOG_DIR>/stdout 2><LOG_DIR>/stderr 
nm_1        | 2019-11-14 11:45:12 INFO  ShuffleHandler:677 - Added token for job_1573731787606_0001
datanode_2  | 2019-11-14 11:43:46,727 INFO server.RaftServerConfigKeys: raft.server.staging.catchup.gap = 1000 (default)
datanode_1  | 2019-11-14 11:43:46,706 INFO impl.LeaderElection: f9d0226d-1a24-4f30-9724-65aec4e447ec@group-7D8E9609AF05-LeaderElection3: begin an election at term 2 for -1: [f9d0226d-1a24-4f30-9724-65aec4e447ec:172.18.0.6:9858, f7fc201b-ef00-4dc9-855a-89615f3d0702:172.18.0.8:9858, f47aad46-2930-4064-aed8-6cb30ef295af:172.18.0.5:9858], old=null
datanode_3  | 2019-11-14 11:43:46,701 INFO impl.FollowerState: f47aad46-2930-4064-aed8-6cb30ef295af@group-7D8E9609AF05-FollowerState was interrupted: java.lang.InterruptedException: sleep interrupted
rm_1        | 2019-11-14 11:44:38 INFO  AMRMTokenSecretManager:195 - Create AMRMToken for ApplicationAttempt: appattempt_1573731787606_0001_000001
datanode_2  | 2019-11-14 11:43:46,727 INFO server.RaftServerConfigKeys: raft.server.rpc.sleep.time = 25ms (default)
nm_1        | 2019-11-14 11:45:12 INFO  ContainerImpl:1135 - Container container_1573731787606_0001_01_000004 transitioned from LOCALIZING to LOCALIZED
datanode_1  | 2019-11-14 11:43:46,771 INFO impl.LeaderElection: f9d0226d-1a24-4f30-9724-65aec4e447ec@group-7D8E9609AF05-LeaderElection3: Election REJECTED; received 2 response(s) [f9d0226d-1a24-4f30-9724-65aec4e447ec<-f7fc201b-ef00-4dc9-855a-89615f3d0702#0:FAIL-t2, f9d0226d-1a24-4f30-9724-65aec4e447ec<-f47aad46-2930-4064-aed8-6cb30ef295af#0:FAIL-t2] and 0 exception(s); f9d0226d-1a24-4f30-9724-65aec4e447ec@group-7D8E9609AF05:t2, leader=null, voted=f9d0226d-1a24-4f30-9724-65aec4e447ec, raftlog=f9d0226d-1a24-4f30-9724-65aec4e447ec@group-7D8E9609AF05-SegmentedRaftLog:OPENED:c-1,f-1,i0, conf=-1: [f9d0226d-1a24-4f30-9724-65aec4e447ec:172.18.0.6:9858, f7fc201b-ef00-4dc9-855a-89615f3d0702:172.18.0.8:9858, f47aad46-2930-4064-aed8-6cb30ef295af:172.18.0.5:9858], old=null
datanode_3  | 2019-11-14 11:43:46,797 INFO ratis.XceiverServerRatis: Leader change notification received for group: group-7D8E9609AF05 with new leaderId: f7fc201b-ef00-4dc9-855a-89615f3d0702
rm_1        | 2019-11-14 11:44:38 INFO  AMRMTokenSecretManager:307 - Creating password for appattempt_1573731787606_0001_000001
datanode_2  | 2019-11-14 11:43:46,727 INFO server.RaftServerConfigKeys: raft.server.write.element-limit = 4096 (default)
nm_1        | 2019-11-14 11:45:12 INFO  ContainerImpl:1135 - Container container_1573731787606_0001_01_000004 transitioned from LOCALIZED to RUNNING
datanode_3  | 2019-11-14 11:43:46,797 INFO impl.RaftServerImpl: f47aad46-2930-4064-aed8-6cb30ef295af@group-7D8E9609AF05: change Leader from null to f7fc201b-ef00-4dc9-855a-89615f3d0702 at term 2 for appendEntries, leader elected after 10547ms
rm_1        | 2019-11-14 11:44:38 INFO  AMLauncher:126 - Done launching container Container: [ContainerId: container_1573731787606_0001_01_000001, NodeId: nm:36583, NodeHttpAddress: nm:8042, Resource: <memory:2048, vCores:1>, Priority: 0, Token: Token { kind: ContainerToken, service: 172.18.0.3:36583 }, ] for AM appattempt_1573731787606_0001_000001
datanode_1  | 2019-11-14 11:43:46,771 INFO impl.RaftServerImpl: f9d0226d-1a24-4f30-9724-65aec4e447ec@group-7D8E9609AF05: changes role from CANDIDATE to FOLLOWER at term 2 for DISCOVERED_A_NEW_TERM
datanode_2  | 2019-11-14 11:43:46,727 INFO server.RaftServerConfigKeys: raft.server.watch.timeout = 10s (default)
nm_1        | 2019-11-14 11:45:12 INFO  ContainersMonitorImpl:196 - Neither virutal-memory nor physical-memory monitoring is needed. Not running the monitor-thread
datanode_3  | 2019-11-14 11:43:46,821 INFO impl.RaftServerImpl: f47aad46-2930-4064-aed8-6cb30ef295af@group-7D8E9609AF05: set configuration 0: [f9d0226d-1a24-4f30-9724-65aec4e447ec:172.18.0.6:9858, f7fc201b-ef00-4dc9-855a-89615f3d0702:172.18.0.8:9858, f47aad46-2930-4064-aed8-6cb30ef295af:172.18.0.5:9858], old=null at 0
rm_1        | 2019-11-14 11:44:38 INFO  RMAppAttemptImpl:815 - appattempt_1573731787606_0001_000001 State change from ALLOCATED to LAUNCHED
datanode_2  | 2019-11-14 11:43:46,727 INFO server.RaftServerConfigKeys: raft.server.watch.timeout.denomination = 1s (default)
datanode_1  | 2019-11-14 11:43:46,771 INFO impl.RoleInfo: f9d0226d-1a24-4f30-9724-65aec4e447ec: shutdown LeaderElection
nm_1        | 2019-11-14 11:45:12 INFO  DefaultContainerExecutor:268 - launchContainer: [bash, /tmp/hadoop-hadoop/nm-local-dir/usercache/hadoop/appcache/application_1573731787606_0001/container_1573731787606_0001_01_000004/default_container_executor.sh]
datanode_3  | 2019-11-14 11:43:46,821 INFO segmented.SegmentedRaftLogWorker: f47aad46-2930-4064-aed8-6cb30ef295af@group-7D8E9609AF05-SegmentedRaftLogWorker: Starting segment from index:0
rm_1        | 2019-11-14 11:44:39 INFO  RMContainerImpl:410 - container_1573731787606_0001_01_000001 Container Transitioned from ACQUIRED to RUNNING
datanode_2  | 2019-11-14 11:43:46,727 INFO server.RaftServerConfigKeys: raft.server.watch.element-limit = 65536 (default)
datanode_1  | 2019-11-14 11:43:46,772 INFO impl.RoleInfo: f9d0226d-1a24-4f30-9724-65aec4e447ec: start FollowerState
nm_1        | 2019-11-14 11:45:12 INFO  NodeStatusUpdaterImpl:490 - Removed completed containers from NM context: [container_1573731787606_0001_01_000003]
datanode_3  | 2019-11-14 11:43:46,859 INFO segmented.SegmentedRaftLogWorker: f47aad46-2930-4064-aed8-6cb30ef295af@group-7D8E9609AF05-SegmentedRaftLogWorker: created new log segment /data/metadata/ratis/0e595d29-2a08-4493-8b63-7d8e9609af05/current/log_inprogress_0
datanode_2  | 2019-11-14 11:43:46,730 INFO server.RaftServerConfigKeys: raft.server.log.appender.snapshot.chunk.size.max = 16MB (=16777216) (default)
datanode_1  | 2019-11-14 11:43:46,797 INFO ratis.XceiverServerRatis: Leader change notification received for group: group-7D8E9609AF05 with new leaderId: f7fc201b-ef00-4dc9-855a-89615f3d0702
rm_1        | 2019-11-14 11:44:53 INFO  Server:1454 - Auth successful for appattempt_1573731787606_0001_000001 (auth:SIMPLE)
nm_1        | 2019-11-14 11:45:17 INFO  Server:1454 - Auth successful for appattempt_1573731787606_0001_000001 (auth:SIMPLE)
datanode_3  | 2019-11-14 11:46:25,535 WARN server.GrpcServerProtocolService: f47aad46-2930-4064-aed8-6cb30ef295af: installSnapshot onError, lastRequest: f7fc201b-ef00-4dc9-855a-89615f3d0702->f47aad46-2930-4064-aed8-6cb30ef295af#325-t2, previous=(t:2, i:274), leaderCommit=274, initializing? false, entries: <empty>: org.apache.ratis.thirdparty.io.grpc.StatusRuntimeException: CANCELLED: cancelled before receiving half close
datanode_2  | 2019-11-14 11:43:46,731 INFO server.RaftServerConfigKeys: raft.server.log.appender.buffer.byte-limit = 33554432 (custom)
datanode_1  | 2019-11-14 11:43:46,798 INFO impl.RaftServerImpl: f9d0226d-1a24-4f30-9724-65aec4e447ec@group-7D8E9609AF05: change Leader from null to f7fc201b-ef00-4dc9-855a-89615f3d0702 at term 2 for appendEntries, leader elected after 10566ms
rm_1        | 2019-11-14 11:44:53 INFO  ApplicationMasterService:274 - AM registration appattempt_1573731787606_0001_000001
nm_1        | 2019-11-14 11:45:17 INFO  ContainerManagerImpl:960 - Stopping container with container Id: container_1573731787606_0001_01_000004
datanode_3  | Nov 14, 2019 11:46:25 AM org.apache.ratis.thirdparty.io.grpc.internal.SerializingExecutor run
datanode_2  | 2019-11-14 11:43:46,731 INFO server.RaftServerConfigKeys: raft.server.log.appender.buffer.element-limit = 1 (custom)
datanode_1  | 2019-11-14 11:43:46,822 INFO impl.RaftServerImpl: f9d0226d-1a24-4f30-9724-65aec4e447ec@group-7D8E9609AF05: set configuration 0: [f9d0226d-1a24-4f30-9724-65aec4e447ec:172.18.0.6:9858, f7fc201b-ef00-4dc9-855a-89615f3d0702:172.18.0.8:9858, f47aad46-2930-4064-aed8-6cb30ef295af:172.18.0.5:9858], old=null at 0
rm_1        | 2019-11-14 11:44:53 INFO  RMAuditLogger:137 - USER=hadoop	IP=172.18.0.3	OPERATION=Register App Master	TARGET=ApplicationMasterService	RESULT=SUCCESS	APPID=application_1573731787606_0001	APPATTEMPTID=appattempt_1573731787606_0001_000001
nm_1        | 2019-11-14 11:45:17 INFO  NMAuditLogger:89 - USER=hadoop	IP=172.18.0.3	OPERATION=Stop Container Request	TARGET=ContainerManageImpl	RESULT=SUCCESS	APPID=application_1573731787606_0001	CONTAINERID=container_1573731787606_0001_01_000004
datanode_3  | SEVERE: Exception while executing runnable org.apache.ratis.thirdparty.io.grpc.internal.ServerImpl$JumpToApplicationThreadServerStreamListener$1Closed@757be06d
datanode_2  | 2019-11-14 11:43:46,734 INFO grpc.GrpcConfigKeys$Server: raft.grpc.server.leader.outstanding.appends.max = 128 (default)
datanode_1  | 2019-11-14 11:43:46,822 INFO segmented.SegmentedRaftLogWorker: f9d0226d-1a24-4f30-9724-65aec4e447ec@group-7D8E9609AF05-SegmentedRaftLogWorker: Starting segment from index:0
rm_1        | 2019-11-14 11:44:53 INFO  RMAppAttemptImpl:815 - appattempt_1573731787606_0001_000001 State change from LAUNCHED to RUNNING
nm_1        | 2019-11-14 11:45:17 INFO  ContainerImpl:1135 - Container container_1573731787606_0001_01_000004 transitioned from RUNNING to KILLING
datanode_3  | org.apache.ratis.thirdparty.io.grpc.StatusRuntimeException: CANCELLED: call already cancelled
datanode_2  | 2019-11-14 11:43:46,734 INFO server.RaftServerConfigKeys: raft.server.rpc.request.timeout = 3000ms (default)
datanode_1  | 2019-11-14 11:43:46,859 INFO segmented.SegmentedRaftLogWorker: f9d0226d-1a24-4f30-9724-65aec4e447ec@group-7D8E9609AF05-SegmentedRaftLogWorker: created new log segment /data/metadata/ratis/0e595d29-2a08-4493-8b63-7d8e9609af05/current/log_inprogress_0
rm_1        | 2019-11-14 11:44:53 INFO  RMAppImpl:718 - application_1573731787606_0001 State change from ACCEPTED to RUNNING on event=ATTEMPT_REGISTERED
nm_1        | 2019-11-14 11:45:17 INFO  ContainerLaunch:370 - Cleaning up container container_1573731787606_0001_01_000004
datanode_3  | 	at org.apache.ratis.thirdparty.io.grpc.Status.asRuntimeException(Status.java:517)
rm_1        | 2019-11-14 11:45:00 INFO  RMContainerImpl:410 - container_1573731787606_0001_01_000002 Container Transitioned from NEW to ALLOCATED
nm_1        | 2019-11-14 11:45:17 WARN  DefaultContainerExecutor:224 - Exit code from container container_1573731787606_0001_01_000004 is : 143
datanode_3  | 	at org.apache.ratis.thirdparty.io.grpc.stub.ServerCalls$ServerCallStreamObserverImpl.onCompleted(ServerCalls.java:356)
rm_1        | 2019-11-14 11:45:00 INFO  RMAuditLogger:116 - USER=hadoop	OPERATION=AM Allocated Container	TARGET=SchedulerApp	RESULT=SUCCESS	APPID=application_1573731787606_0001	CONTAINERID=container_1573731787606_0001_01_000002
datanode_2  | 2019-11-14 11:43:46,734 INFO server.RaftServerConfigKeys: raft.server.log.appender.install.snapshot.enabled = false (custom)
nm_1        | 2019-11-14 11:45:17 INFO  ContainerImpl:1135 - Container container_1573731787606_0001_01_000004 transitioned from KILLING to CONTAINER_CLEANEDUP_AFTER_KILL
datanode_3  | 	at org.apache.ratis.grpc.server.GrpcServerProtocolService$ServerRequestStreamObserver.onError(GrpcServerProtocolService.java:121)
rm_1        | 2019-11-14 11:45:00 INFO  SchedulerNode:153 - Assigned container container_1573731787606_0001_01_000002 of capacity <memory:4096, vCores:1> on host nm:36583, which has 2 containers, <memory:6144, vCores:2> used and <memory:2048, vCores:6> available after allocation
nm_1        | 2019-11-14 11:45:17 INFO  NMAuditLogger:89 - USER=hadoop	OPERATION=Container Finished - Killed	TARGET=ContainerImpl	RESULT=SUCCESS	APPID=application_1573731787606_0001	CONTAINERID=container_1573731787606_0001_01_000004
datanode_3  | 	at org.apache.ratis.thirdparty.io.grpc.stub.ServerCalls$StreamingServerCallHandler$StreamingServerCallListener.onCancel(ServerCalls.java:269)
rm_1        | 2019-11-14 11:45:00 INFO  LeafQueue:1558 - assignedContainer application attempt=appattempt_1573731787606_0001_000001 container=Container: [ContainerId: container_1573731787606_0001_01_000002, NodeId: nm:36583, NodeHttpAddress: nm:8042, Resource: <memory:4096, vCores:1>, Priority: 20, Token: null, ] queue=default: capacity=1.0, absoluteCapacity=1.0, usedResources=<memory:2048, vCores:1>, usedCapacity=0.25, absoluteUsedCapacity=0.25, numApps=1, numContainers=1 clusterResource=<memory:8192, vCores:8> type=RACK_LOCAL requestedPartition=
nm_1        | 2019-11-14 11:45:17 INFO  ContainerImpl:1135 - Container container_1573731787606_0001_01_000004 transitioned from CONTAINER_CLEANEDUP_AFTER_KILL to DONE
datanode_2  | 2019-11-14 11:43:46,735 WARN impl.MetricRegistriesImpl: First MetricRegistry has been created without registering reporters. You may need to call MetricRegistries.global().addReportRegistration(...) before.
datanode_3  | 	at org.apache.ratis.thirdparty.io.grpc.internal.ServerCallImpl$ServerStreamListenerImpl.closed(ServerCallImpl.java:293)
rm_1        | 2019-11-14 11:45:00 INFO  ParentQueue:523 - Re-sorting assigned queue: root.default stats: default: capacity=1.0, absoluteCapacity=1.0, usedResources=<memory:6144, vCores:2>, usedCapacity=0.75, absoluteUsedCapacity=0.75, numApps=1, numContainers=2
nm_1        | 2019-11-14 11:45:17 INFO  ApplicationImpl:347 - Removing container_1573731787606_0001_01_000004 from application application_1573731787606_0001
datanode_2  | 2019-11-14 11:43:46,736 INFO server.RaftServerConfigKeys: raft.server.log.appender.snapshot.chunk.size.max = 16MB (=16777216) (default)
datanode_3  | 	at org.apache.ratis.thirdparty.io.grpc.internal.ServerImpl$JumpToApplicationThreadServerStreamListener$1Closed.runInContext(ServerImpl.java:741)
rm_1        | 2019-11-14 11:45:00 INFO  ParentQueue:420 - assignedContainer queue=root usedCapacity=0.75 absoluteUsedCapacity=0.75 used=<memory:6144, vCores:2> cluster=<memory:8192, vCores:8>
nm_1        | 2019-11-14 11:45:17 INFO  ContainersMonitorImpl:196 - Neither virutal-memory nor physical-memory monitoring is needed. Not running the monitor-thread
datanode_2  | 2019-11-14 11:43:46,736 INFO server.RaftServerConfigKeys: raft.server.log.appender.buffer.byte-limit = 33554432 (custom)
rm_1        | 2019-11-14 11:45:00 INFO  NMTokenSecretManagerInRM:200 - Sending NMToken for nodeId : nm:36583 for container : container_1573731787606_0001_01_000002
nm_1        | 2019-11-14 11:45:17 INFO  AuxServices:196 - Got event CONTAINER_STOP for appId application_1573731787606_0001
datanode_2  | 2019-11-14 11:43:46,736 INFO server.RaftServerConfigKeys: raft.server.log.appender.buffer.element-limit = 1 (custom)
datanode_3  | 	at org.apache.ratis.thirdparty.io.grpc.internal.ContextRunnable.run(ContextRunnable.java:37)
rm_1        | 2019-11-14 11:45:00 INFO  RMContainerImpl:410 - container_1573731787606_0001_01_000002 Container Transitioned from ALLOCATED to ACQUIRED
nm_1        | 2019-11-14 11:45:17 INFO  Server:1454 - Auth successful for appattempt_1573731787606_0001_000001 (auth:SIMPLE)
datanode_2  | 2019-11-14 11:43:46,736 INFO grpc.GrpcConfigKeys$Server: raft.grpc.server.leader.outstanding.appends.max = 128 (default)
datanode_3  | 	at org.apache.ratis.thirdparty.io.grpc.internal.SerializingExecutor.run(SerializingExecutor.java:123)
rm_1        | 2019-11-14 11:45:01 INFO  RMContainerImpl:410 - container_1573731787606_0001_01_000002 Container Transitioned from ACQUIRED to RUNNING
nm_1        | 2019-11-14 11:45:17 INFO  ContainerManagerImpl:810 - Start request for container_1573731787606_0001_01_000005 by user hadoop
datanode_2  | 2019-11-14 11:43:46,736 INFO server.RaftServerConfigKeys: raft.server.rpc.request.timeout = 3000ms (default)
rm_1        | 2019-11-14 11:45:05 INFO  RMContainerImpl:410 - container_1573731787606_0001_01_000002 Container Transitioned from RUNNING to COMPLETED
datanode_3  | 	at java.base/java.util.concurrent.ThreadPoolExecutor.runWorker(ThreadPoolExecutor.java:1128)
nm_1        | 2019-11-14 11:45:17 INFO  NMAuditLogger:89 - USER=hadoop	IP=172.18.0.3	OPERATION=Start Container Request	TARGET=ContainerManageImpl	RESULT=SUCCESS	APPID=application_1573731787606_0001	CONTAINERID=container_1573731787606_0001_01_000005
datanode_2  | 2019-11-14 11:43:46,737 INFO server.RaftServerConfigKeys: raft.server.log.appender.install.snapshot.enabled = false (custom)
rm_1        | 2019-11-14 11:45:05 INFO  FiCaSchedulerApp:113 - Completed container: container_1573731787606_0001_01_000002 in state: COMPLETED event:FINISHED
datanode_3  | 	at java.base/java.util.concurrent.ThreadPoolExecutor$Worker.run(ThreadPoolExecutor.java:628)
datanode_2  | 2019-11-14 11:43:46,739 INFO impl.RoleInfo: f7fc201b-ef00-4dc9-855a-89615f3d0702: start LeaderState
rm_1        | 2019-11-14 11:45:05 INFO  RMAuditLogger:116 - USER=hadoop	OPERATION=AM Released Container	TARGET=SchedulerApp	RESULT=SUCCESS	APPID=application_1573731787606_0001	CONTAINERID=container_1573731787606_0001_01_000002
nm_1        | 2019-11-14 11:45:17 INFO  ApplicationImpl:304 - Adding container_1573731787606_0001_01_000005 to application application_1573731787606_0001
datanode_3  | 	at java.base/java.lang.Thread.run(Thread.java:834)
datanode_2  | 2019-11-14 11:43:46,739 INFO segmented.SegmentedRaftLogWorker: f7fc201b-ef00-4dc9-855a-89615f3d0702@group-7D8E9609AF05-SegmentedRaftLogWorker: Starting segment from index:0
rm_1        | 2019-11-14 11:45:05 INFO  SchedulerNode:216 - Released container container_1573731787606_0001_01_000002 of capacity <memory:4096, vCores:1> on host nm:36583, which currently has 1 containers, <memory:2048, vCores:1> used and <memory:6144, vCores:7> available, release resources=true
nm_1        | 2019-11-14 11:45:17 INFO  ContainerImpl:1135 - Container container_1573731787606_0001_01_000005 transitioned from NEW to LOCALIZING
datanode_3  | 
datanode_2  | 2019-11-14 11:43:46,741 INFO impl.RaftServerImpl: f7fc201b-ef00-4dc9-855a-89615f3d0702@group-7D8E9609AF05: set configuration 0: [f9d0226d-1a24-4f30-9724-65aec4e447ec:172.18.0.6:9858, f7fc201b-ef00-4dc9-855a-89615f3d0702:172.18.0.8:9858, f47aad46-2930-4064-aed8-6cb30ef295af:172.18.0.5:9858], old=null at 0
rm_1        | 2019-11-14 11:45:05 INFO  LeafQueue:1712 - default used=<memory:2048, vCores:1> numContainers=1 user=hadoop user-resources=<memory:2048, vCores:1>
nm_1        | 2019-11-14 11:45:17 INFO  AuxServices:196 - Got event CONTAINER_INIT for appId application_1573731787606_0001
datanode_3  | 2019-11-14 11:46:27,495 INFO client.GrpcClientProtocolService: Failed RaftClientRequest:client-6F129F03243B->f47aad46-2930-4064-aed8-6cb30ef295af@group-7D8E9609AF05, cid=3, seq=0, Watch-ALL_COMMITTED(272), Message:<EMPTY>, reply=RaftClientReply:client-6F129F03243B->f47aad46-2930-4064-aed8-6cb30ef295af@group-7D8E9609AF05, cid=3, FAILED org.apache.ratis.protocol.NotLeaderException: Server f47aad46-2930-4064-aed8-6cb30ef295af@group-7D8E9609AF05 is not the leader f7fc201b-ef00-4dc9-855a-89615f3d0702:172.18.0.8:9858, logIndex=0, commits[f47aad46-2930-4064-aed8-6cb30ef295af:c274, f9d0226d-1a24-4f30-9724-65aec4e447ec:c274, f7fc201b-ef00-4dc9-855a-89615f3d0702:c274]
rm_1        | 2019-11-14 11:45:05 INFO  LeafQueue:1663 - completedContainer container=Container: [ContainerId: container_1573731787606_0001_01_000002, NodeId: nm:36583, NodeHttpAddress: nm:8042, Resource: <memory:4096, vCores:1>, Priority: 20, Token: Token { kind: ContainerToken, service: 172.18.0.3:36583 }, ] queue=default: capacity=1.0, absoluteCapacity=1.0, usedResources=<memory:2048, vCores:1>, usedCapacity=0.25, absoluteUsedCapacity=0.25, numApps=1, numContainers=1 cluster=<memory:8192, vCores:8>
datanode_2  | 2019-11-14 11:43:46,766 INFO impl.RaftServerImpl: f7fc201b-ef00-4dc9-855a-89615f3d0702@group-7D8E9609AF05-   LEADER: Withhold vote from candidate f9d0226d-1a24-4f30-9724-65aec4e447ec with term 2. State: leader=f7fc201b-ef00-4dc9-855a-89615f3d0702, term=2, lastRpcElapsed=null
nm_1        | 2019-11-14 11:45:17 INFO  AuxServices:196 - Got event APPLICATION_INIT for appId application_1573731787606_0001
rm_1        | 2019-11-14 11:45:05 INFO  ParentQueue:568 - completedContainer queue=root usedCapacity=0.25 absoluteUsedCapacity=0.25 used=<memory:2048, vCores:1> cluster=<memory:8192, vCores:8>
datanode_2  | 2019-11-14 11:43:46,771 INFO segmented.SegmentedRaftLogWorker: f7fc201b-ef00-4dc9-855a-89615f3d0702@group-7D8E9609AF05-SegmentedRaftLogWorker: created new log segment /data/metadata/ratis/0e595d29-2a08-4493-8b63-7d8e9609af05/current/log_inprogress_0
nm_1        | 2019-11-14 11:45:17 INFO  AuxServices:200 - Got APPLICATION_INIT for service mapreduce_shuffle
rm_1        | 2019-11-14 11:45:05 INFO  ParentQueue:585 - Re-sorting completed queue: root.default stats: default: capacity=1.0, absoluteCapacity=1.0, usedResources=<memory:2048, vCores:1>, usedCapacity=0.25, absoluteUsedCapacity=0.25, numApps=1, numContainers=1
datanode_2  | 2019-11-14 11:44:01,880 WARN client.GrpcClientProtocolService: 0-OrderedRequestStreamObserver0: onError: org.apache.ratis.thirdparty.io.grpc.StatusRuntimeException: CANCELLED: cancelled before receiving half close
nm_1        | 2019-11-14 11:45:17 INFO  ShuffleHandler:677 - Added token for job_1573731787606_0001
rm_1        | 2019-11-14 11:45:05 INFO  CapacityScheduler:1443 - Application attempt appattempt_1573731787606_0001_000001 released container container_1573731787606_0001_01_000002 on node: host: nm:36583 #containers=1 available=<memory:6144, vCores:7> used=<memory:2048, vCores:1> with event: FINISHED
datanode_2  | 2019-11-14 11:46:24,349 WARN server.GrpcLogAppender: f7fc201b-ef00-4dc9-855a-89615f3d0702@group-7D8E9609AF05->f47aad46-2930-4064-aed8-6cb30ef295af-GrpcLogAppender: appendEntries Timeout, request=AppendEntriesRequest:cid=321,entriesCount=1,lastEntry=(t:2, i:271)
nm_1        | 2019-11-14 11:45:17 INFO  ContainerImpl:1135 - Container container_1573731787606_0001_01_000005 transitioned from LOCALIZING to LOCALIZED
rm_1        | 2019-11-14 11:45:06 INFO  RMContainerImpl:410 - container_1573731787606_0001_01_000003 Container Transitioned from NEW to ALLOCATED
datanode_2  | 2019-11-14 11:46:24,350 WARN server.GrpcLogAppender: f7fc201b-ef00-4dc9-855a-89615f3d0702@group-7D8E9609AF05->f47aad46-2930-4064-aed8-6cb30ef295af-GrpcLogAppender: appendEntries Timeout, request=AppendEntriesRequest:cid=322,entriesCount=1,lastEntry=(t:2, i:272)
nm_1        | 2019-11-14 11:45:17 INFO  ContainerImpl:1135 - Container container_1573731787606_0001_01_000005 transitioned from LOCALIZED to RUNNING
rm_1        | 2019-11-14 11:45:06 INFO  RMAuditLogger:116 - USER=hadoop	OPERATION=AM Allocated Container	TARGET=SchedulerApp	RESULT=SUCCESS	APPID=application_1573731787606_0001	CONTAINERID=container_1573731787606_0001_01_000003
datanode_2  | 2019-11-14 11:46:24,363 WARN server.GrpcLogAppender: f7fc201b-ef00-4dc9-855a-89615f3d0702@group-7D8E9609AF05->f47aad46-2930-4064-aed8-6cb30ef295af-GrpcLogAppender: appendEntries Timeout, request=AppendEntriesRequest:cid=323,entriesCount=1,lastEntry=(t:2, i:273)
nm_1        | 2019-11-14 11:45:17 INFO  ContainersMonitorImpl:196 - Neither virutal-memory nor physical-memory monitoring is needed. Not running the monitor-thread
rm_1        | 2019-11-14 11:45:06 INFO  SchedulerNode:153 - Assigned container container_1573731787606_0001_01_000003 of capacity <memory:4096, vCores:1> on host nm:36583, which has 2 containers, <memory:6144, vCores:2> used and <memory:2048, vCores:6> available after allocation
nm_1        | 2019-11-14 11:45:17 INFO  DefaultContainerExecutor:268 - launchContainer: [bash, /tmp/hadoop-hadoop/nm-local-dir/usercache/hadoop/appcache/application_1573731787606_0001/container_1573731787606_0001_01_000005/default_container_executor.sh]
datanode_2  | 2019-11-14 11:46:24,374 WARN server.GrpcLogAppender: f7fc201b-ef00-4dc9-855a-89615f3d0702@group-7D8E9609AF05->f47aad46-2930-4064-aed8-6cb30ef295af-GrpcLogAppender: appendEntries Timeout, request=AppendEntriesRequest:cid=324,entriesCount=1,lastEntry=(t:2, i:274)
rm_1        | 2019-11-14 11:45:06 INFO  LeafQueue:1558 - assignedContainer application attempt=appattempt_1573731787606_0001_000001 container=Container: [ContainerId: container_1573731787606_0001_01_000003, NodeId: nm:36583, NodeHttpAddress: nm:8042, Resource: <memory:4096, vCores:1>, Priority: 20, Token: null, ] queue=default: capacity=1.0, absoluteCapacity=1.0, usedResources=<memory:2048, vCores:1>, usedCapacity=0.25, absoluteUsedCapacity=0.25, numApps=1, numContainers=1 clusterResource=<memory:8192, vCores:8> type=RACK_LOCAL requestedPartition=
nm_1        | 2019-11-14 11:45:19 INFO  NodeStatusUpdaterImpl:490 - Removed completed containers from NM context: [container_1573731787606_0001_01_000004]
datanode_2  | 2019-11-14 11:46:25,530 WARN server.GrpcLogAppender: f7fc201b-ef00-4dc9-855a-89615f3d0702@group-7D8E9609AF05->f47aad46-2930-4064-aed8-6cb30ef295af-AppendLogResponseHandler: Failed appendEntries: org.apache.ratis.thirdparty.io.grpc.StatusRuntimeException: CANCELLED: Failed to read message.
rm_1        | 2019-11-14 11:45:06 INFO  ParentQueue:523 - Re-sorting assigned queue: root.default stats: default: capacity=1.0, absoluteCapacity=1.0, usedResources=<memory:6144, vCores:2>, usedCapacity=0.75, absoluteUsedCapacity=0.75, numApps=1, numContainers=2
nm_1        | 2019-11-14 11:45:21 INFO  ShuffleHandler:1053 - Setting connection close header...
rm_1        | 2019-11-14 11:45:06 INFO  ParentQueue:420 - assignedContainer queue=root usedCapacity=0.75 absoluteUsedCapacity=0.75 used=<memory:6144, vCores:2> cluster=<memory:8192, vCores:8>
nm_1        | 2019-11-14 11:45:21 INFO  ShuffleHandler:1053 - Setting connection close header...
datanode_2  | 2019-11-14 11:46:25,538 INFO impl.FollowerInfo: f7fc201b-ef00-4dc9-855a-89615f3d0702@group-7D8E9609AF05->f47aad46-2930-4064-aed8-6cb30ef295af: nextIndex: updateUnconditionally 275 -> 271
nm_1        | 2019-11-14 11:45:22 INFO  Server:1454 - Auth successful for appattempt_1573731787606_0001_000001 (auth:SIMPLE)
rm_1        | 2019-11-14 11:45:06 INFO  RMContainerImpl:410 - container_1573731787606_0001_01_000003 Container Transitioned from ALLOCATED to ACQUIRED
nm_1        | 2019-11-14 11:45:22 INFO  ContainerManagerImpl:960 - Stopping container with container Id: container_1573731787606_0001_01_000005
rm_1        | 2019-11-14 11:45:07 INFO  RMContainerImpl:410 - container_1573731787606_0001_01_000003 Container Transitioned from ACQUIRED to RUNNING
nm_1        | 2019-11-14 11:45:22 INFO  NMAuditLogger:89 - USER=hadoop	IP=172.18.0.3	OPERATION=Stop Container Request	TARGET=ContainerManageImpl	RESULT=SUCCESS	APPID=application_1573731787606_0001	CONTAINERID=container_1573731787606_0001_01_000005
rm_1        | 2019-11-14 11:45:10 INFO  RMContainerImpl:410 - container_1573731787606_0001_01_000003 Container Transitioned from RUNNING to COMPLETED
nm_1        | 2019-11-14 11:45:22 INFO  ContainerImpl:1135 - Container container_1573731787606_0001_01_000005 transitioned from RUNNING to KILLING
nm_1        | 2019-11-14 11:45:22 INFO  ContainerLaunch:370 - Cleaning up container container_1573731787606_0001_01_000005
nm_1        | 2019-11-14 11:45:22 WARN  DefaultContainerExecutor:224 - Exit code from container container_1573731787606_0001_01_000005 is : 143
rm_1        | 2019-11-14 11:45:10 INFO  FiCaSchedulerApp:113 - Completed container: container_1573731787606_0001_01_000003 in state: COMPLETED event:FINISHED
nm_1        | 2019-11-14 11:45:22 INFO  ContainerImpl:1135 - Container container_1573731787606_0001_01_000005 transitioned from KILLING to CONTAINER_CLEANEDUP_AFTER_KILL
rm_1        | 2019-11-14 11:45:10 INFO  RMAuditLogger:116 - USER=hadoop	OPERATION=AM Released Container	TARGET=SchedulerApp	RESULT=SUCCESS	APPID=application_1573731787606_0001	CONTAINERID=container_1573731787606_0001_01_000003
nm_1        | 2019-11-14 11:45:22 INFO  NMAuditLogger:89 - USER=hadoop	OPERATION=Container Finished - Killed	TARGET=ContainerImpl	RESULT=SUCCESS	APPID=application_1573731787606_0001	CONTAINERID=container_1573731787606_0001_01_000005
rm_1        | 2019-11-14 11:45:10 INFO  SchedulerNode:216 - Released container container_1573731787606_0001_01_000003 of capacity <memory:4096, vCores:1> on host nm:36583, which currently has 1 containers, <memory:2048, vCores:1> used and <memory:6144, vCores:7> available, release resources=true
nm_1        | 2019-11-14 11:45:22 INFO  ContainerImpl:1135 - Container container_1573731787606_0001_01_000005 transitioned from CONTAINER_CLEANEDUP_AFTER_KILL to DONE
rm_1        | 2019-11-14 11:45:10 INFO  LeafQueue:1712 - default used=<memory:2048, vCores:1> numContainers=1 user=hadoop user-resources=<memory:2048, vCores:1>
nm_1        | 2019-11-14 11:45:22 INFO  ApplicationImpl:347 - Removing container_1573731787606_0001_01_000005 from application application_1573731787606_0001
nm_1        | 2019-11-14 11:45:22 INFO  ContainersMonitorImpl:196 - Neither virutal-memory nor physical-memory monitoring is needed. Not running the monitor-thread
nm_1        | 2019-11-14 11:45:22 INFO  AuxServices:196 - Got event CONTAINER_STOP for appId application_1573731787606_0001
nm_1        | 2019-11-14 11:45:30 INFO  ContainerLaunch:346 - Container container_1573731787606_0001_01_000001 succeeded 
rm_1        | 2019-11-14 11:45:10 INFO  LeafQueue:1663 - completedContainer container=Container: [ContainerId: container_1573731787606_0001_01_000003, NodeId: nm:36583, NodeHttpAddress: nm:8042, Resource: <memory:4096, vCores:1>, Priority: 20, Token: Token { kind: ContainerToken, service: 172.18.0.3:36583 }, ] queue=default: capacity=1.0, absoluteCapacity=1.0, usedResources=<memory:2048, vCores:1>, usedCapacity=0.25, absoluteUsedCapacity=0.25, numApps=1, numContainers=1 cluster=<memory:8192, vCores:8>
nm_1        | 2019-11-14 11:45:30 INFO  ContainerImpl:1135 - Container container_1573731787606_0001_01_000001 transitioned from RUNNING to EXITED_WITH_SUCCESS
nm_1        | 2019-11-14 11:45:30 INFO  ContainerLaunch:370 - Cleaning up container container_1573731787606_0001_01_000001
rm_1        | 2019-11-14 11:45:10 INFO  ParentQueue:568 - completedContainer queue=root usedCapacity=0.25 absoluteUsedCapacity=0.25 used=<memory:2048, vCores:1> cluster=<memory:8192, vCores:8>
nm_1        | 2019-11-14 11:45:30 INFO  NMAuditLogger:89 - USER=hadoop	OPERATION=Container Finished - Succeeded	TARGET=ContainerImpl	RESULT=SUCCESS	APPID=application_1573731787606_0001	CONTAINERID=container_1573731787606_0001_01_000001
rm_1        | 2019-11-14 11:45:10 INFO  ParentQueue:585 - Re-sorting completed queue: root.default stats: default: capacity=1.0, absoluteCapacity=1.0, usedResources=<memory:2048, vCores:1>, usedCapacity=0.25, absoluteUsedCapacity=0.25, numApps=1, numContainers=1
nm_1        | 2019-11-14 11:45:30 INFO  ContainerImpl:1135 - Container container_1573731787606_0001_01_000001 transitioned from EXITED_WITH_SUCCESS to DONE
rm_1        | 2019-11-14 11:45:10 INFO  CapacityScheduler:1443 - Application attempt appattempt_1573731787606_0001_000001 released container container_1573731787606_0001_01_000003 on node: host: nm:36583 #containers=1 available=<memory:6144, vCores:7> used=<memory:2048, vCores:1> with event: FINISHED
nm_1        | 2019-11-14 11:45:30 INFO  ApplicationImpl:347 - Removing container_1573731787606_0001_01_000001 from application application_1573731787606_0001
rm_1        | 2019-11-14 11:45:11 INFO  RMContainerImpl:410 - container_1573731787606_0001_01_000004 Container Transitioned from NEW to ALLOCATED
nm_1        | 2019-11-14 11:45:30 INFO  ContainersMonitorImpl:196 - Neither virutal-memory nor physical-memory monitoring is needed. Not running the monitor-thread
rm_1        | 2019-11-14 11:45:11 INFO  RMAuditLogger:116 - USER=hadoop	OPERATION=AM Allocated Container	TARGET=SchedulerApp	RESULT=SUCCESS	APPID=application_1573731787606_0001	CONTAINERID=container_1573731787606_0001_01_000004
nm_1        | 2019-11-14 11:45:30 INFO  AuxServices:196 - Got event CONTAINER_STOP for appId application_1573731787606_0001
rm_1        | 2019-11-14 11:45:11 INFO  SchedulerNode:153 - Assigned container container_1573731787606_0001_01_000004 of capacity <memory:4096, vCores:1> on host nm:36583, which has 2 containers, <memory:6144, vCores:2> used and <memory:2048, vCores:6> available after allocation
nm_1        | 2019-11-14 11:45:30 INFO  Server:1454 - Auth successful for appattempt_1573731787606_0001_000001 (auth:SIMPLE)
rm_1        | 2019-11-14 11:45:11 INFO  LeafQueue:1558 - assignedContainer application attempt=appattempt_1573731787606_0001_000001 container=Container: [ContainerId: container_1573731787606_0001_01_000004, NodeId: nm:36583, NodeHttpAddress: nm:8042, Resource: <memory:4096, vCores:1>, Priority: 20, Token: null, ] queue=default: capacity=1.0, absoluteCapacity=1.0, usedResources=<memory:2048, vCores:1>, usedCapacity=0.25, absoluteUsedCapacity=0.25, numApps=1, numContainers=1 clusterResource=<memory:8192, vCores:8> type=RACK_LOCAL requestedPartition=
nm_1        | 2019-11-14 11:45:30 INFO  ContainerManagerImpl:960 - Stopping container with container Id: container_1573731787606_0001_01_000001
rm_1        | 2019-11-14 11:45:11 INFO  ParentQueue:523 - Re-sorting assigned queue: root.default stats: default: capacity=1.0, absoluteCapacity=1.0, usedResources=<memory:6144, vCores:2>, usedCapacity=0.75, absoluteUsedCapacity=0.75, numApps=1, numContainers=2
rm_1        | 2019-11-14 11:45:11 INFO  ParentQueue:420 - assignedContainer queue=root usedCapacity=0.75 absoluteUsedCapacity=0.75 used=<memory:6144, vCores:2> cluster=<memory:8192, vCores:8>
nm_1        | 2019-11-14 11:45:30 INFO  NMAuditLogger:89 - USER=hadoop	IP=172.18.0.9	OPERATION=Stop Container Request	TARGET=ContainerManageImpl	RESULT=SUCCESS	APPID=application_1573731787606_0001	CONTAINERID=container_1573731787606_0001_01_000001
rm_1        | 2019-11-14 11:45:12 INFO  RMContainerImpl:410 - container_1573731787606_0001_01_000004 Container Transitioned from ALLOCATED to ACQUIRED
nm_1        | 2019-11-14 11:45:31 INFO  NodeStatusUpdaterImpl:490 - Removed completed containers from NM context: [container_1573731787606_0001_01_000001, container_1573731787606_0001_01_000005]
rm_1        | 2019-11-14 11:45:12 INFO  RMContainerImpl:410 - container_1573731787606_0001_01_000004 Container Transitioned from ACQUIRED to RUNNING
nm_1        | 2019-11-14 11:45:31 INFO  ApplicationImpl:464 - Application application_1573731787606_0001 transitioned from RUNNING to APPLICATION_RESOURCES_CLEANINGUP
rm_1        | 2019-11-14 11:45:13 INFO  AppSchedulingInfo:204 - checking for deactivate of application :application_1573731787606_0001
nm_1        | 2019-11-14 11:45:31 INFO  AuxServices:196 - Got event APPLICATION_STOP for appId application_1573731787606_0001
rm_1        | 2019-11-14 11:45:17 INFO  RMContainerImpl:410 - container_1573731787606_0001_01_000004 Container Transitioned from RUNNING to COMPLETED
nm_1        | 2019-11-14 11:45:31 INFO  ApplicationImpl:464 - Application application_1573731787606_0001 transitioned from APPLICATION_RESOURCES_CLEANINGUP to FINISHED
rm_1        | 2019-11-14 11:45:17 INFO  FiCaSchedulerApp:113 - Completed container: container_1573731787606_0001_01_000004 in state: COMPLETED event:FINISHED
nm_1        | 2019-11-14 11:45:31 INFO  NonAggregatingLogHandler:167 - Scheduling Log Deletion for application: application_1573731787606_0001, with delay of 10800 seconds
rm_1        | 2019-11-14 11:45:17 INFO  RMAuditLogger:116 - USER=hadoop	OPERATION=AM Released Container	TARGET=SchedulerApp	RESULT=SUCCESS	APPID=application_1573731787606_0001	CONTAINERID=container_1573731787606_0001_01_000004
nm_1        | 2019-11-14 11:45:45 INFO  Server:1454 - Auth successful for appattempt_1573731787606_0002_000001 (auth:SIMPLE)
rm_1        | 2019-11-14 11:45:17 INFO  SchedulerNode:216 - Released container container_1573731787606_0001_01_000004 of capacity <memory:4096, vCores:1> on host nm:36583, which currently has 1 containers, <memory:2048, vCores:1> used and <memory:6144, vCores:7> available, release resources=true
nm_1        | 2019-11-14 11:45:45 INFO  ContainerManagerImpl:810 - Start request for container_1573731787606_0002_01_000001 by user hadoop
rm_1        | 2019-11-14 11:45:17 INFO  LeafQueue:1712 - default used=<memory:2048, vCores:1> numContainers=1 user=hadoop user-resources=<memory:2048, vCores:1>
nm_1        | 2019-11-14 11:45:45 INFO  ContainerManagerImpl:850 - Creating a new application reference for app application_1573731787606_0002
rm_1        | 2019-11-14 11:45:17 INFO  LeafQueue:1663 - completedContainer container=Container: [ContainerId: container_1573731787606_0001_01_000004, NodeId: nm:36583, NodeHttpAddress: nm:8042, Resource: <memory:4096, vCores:1>, Priority: 20, Token: Token { kind: ContainerToken, service: 172.18.0.3:36583 }, ] queue=default: capacity=1.0, absoluteCapacity=1.0, usedResources=<memory:2048, vCores:1>, usedCapacity=0.25, absoluteUsedCapacity=0.25, numApps=1, numContainers=1 cluster=<memory:8192, vCores:8>
nm_1        | 2019-11-14 11:45:45 INFO  NMAuditLogger:89 - USER=hadoop	IP=172.18.0.9	OPERATION=Start Container Request	TARGET=ContainerManageImpl	RESULT=SUCCESS	APPID=application_1573731787606_0002	CONTAINERID=container_1573731787606_0002_01_000001
rm_1        | 2019-11-14 11:45:17 INFO  ParentQueue:568 - completedContainer queue=root usedCapacity=0.25 absoluteUsedCapacity=0.25 used=<memory:2048, vCores:1> cluster=<memory:8192, vCores:8>
nm_1        | 2019-11-14 11:45:45 INFO  ApplicationImpl:464 - Application application_1573731787606_0002 transitioned from NEW to INITING
nm_1        | 2019-11-14 11:45:45 INFO  ApplicationImpl:304 - Adding container_1573731787606_0002_01_000001 to application application_1573731787606_0002
rm_1        | 2019-11-14 11:45:17 INFO  ParentQueue:585 - Re-sorting completed queue: root.default stats: default: capacity=1.0, absoluteCapacity=1.0, usedResources=<memory:2048, vCores:1>, usedCapacity=0.25, absoluteUsedCapacity=0.25, numApps=1, numContainers=1
nm_1        | 2019-11-14 11:45:45 INFO  ApplicationImpl:464 - Application application_1573731787606_0002 transitioned from INITING to RUNNING
rm_1        | 2019-11-14 11:45:17 INFO  CapacityScheduler:1443 - Application attempt appattempt_1573731787606_0001_000001 released container container_1573731787606_0001_01_000004 on node: host: nm:36583 #containers=1 available=<memory:6144, vCores:7> used=<memory:2048, vCores:1> with event: FINISHED
nm_1        | 2019-11-14 11:45:45 INFO  ContainerImpl:1135 - Container container_1573731787606_0002_01_000001 transitioned from NEW to LOCALIZING
rm_1        | 2019-11-14 11:45:17 INFO  RMContainerImpl:410 - container_1573731787606_0001_01_000005 Container Transitioned from NEW to ALLOCATED
nm_1        | 2019-11-14 11:45:45 INFO  AuxServices:196 - Got event CONTAINER_INIT for appId application_1573731787606_0002
rm_1        | 2019-11-14 11:45:17 INFO  RMAuditLogger:116 - USER=hadoop	OPERATION=AM Allocated Container	TARGET=SchedulerApp	RESULT=SUCCESS	APPID=application_1573731787606_0001	CONTAINERID=container_1573731787606_0001_01_000005
nm_1        | 2019-11-14 11:45:45 INFO  LocalizedResource:203 - Resource o3fs://bucket1.vol1/user/hadoop/.staging/job_1573731787606_0002/job.splitmetainfo transitioned from INIT to DOWNLOADING
rm_1        | 2019-11-14 11:45:17 INFO  SchedulerNode:153 - Assigned container container_1573731787606_0001_01_000005 of capacity <memory:4096, vCores:1> on host nm:36583, which has 2 containers, <memory:6144, vCores:2> used and <memory:2048, vCores:6> available after allocation
nm_1        | 2019-11-14 11:45:45 INFO  LocalizedResource:203 - Resource o3fs://bucket1.vol1/user/hadoop/.staging/job_1573731787606_0002/job.jar transitioned from INIT to DOWNLOADING
rm_1        | 2019-11-14 11:45:17 INFO  LeafQueue:1558 - assignedContainer application attempt=appattempt_1573731787606_0001_000001 container=Container: [ContainerId: container_1573731787606_0001_01_000005, NodeId: nm:36583, NodeHttpAddress: nm:8042, Resource: <memory:4096, vCores:1>, Priority: 10, Token: null, ] queue=default: capacity=1.0, absoluteCapacity=1.0, usedResources=<memory:2048, vCores:1>, usedCapacity=0.25, absoluteUsedCapacity=0.25, numApps=1, numContainers=1 clusterResource=<memory:8192, vCores:8> type=OFF_SWITCH requestedPartition=
nm_1        | 2019-11-14 11:45:45 INFO  LocalizedResource:203 - Resource o3fs://bucket1.vol1/user/hadoop/.staging/job_1573731787606_0002/job.split transitioned from INIT to DOWNLOADING
rm_1        | 2019-11-14 11:45:17 INFO  ParentQueue:523 - Re-sorting assigned queue: root.default stats: default: capacity=1.0, absoluteCapacity=1.0, usedResources=<memory:6144, vCores:2>, usedCapacity=0.75, absoluteUsedCapacity=0.75, numApps=1, numContainers=2
nm_1        | 2019-11-14 11:45:45 INFO  LocalizedResource:203 - Resource o3fs://bucket1.vol1/user/hadoop/.staging/job_1573731787606_0002/job.xml transitioned from INIT to DOWNLOADING
rm_1        | 2019-11-14 11:45:17 INFO  ParentQueue:420 - assignedContainer queue=root usedCapacity=0.75 absoluteUsedCapacity=0.75 used=<memory:6144, vCores:2> cluster=<memory:8192, vCores:8>
nm_1        | 2019-11-14 11:45:45 INFO  ResourceLocalizationService:711 - Created localizer for container_1573731787606_0002_01_000001
rm_1        | 2019-11-14 11:45:17 INFO  RMContainerImpl:410 - container_1573731787606_0001_01_000005 Container Transitioned from ALLOCATED to ACQUIRED
nm_1        | 2019-11-14 11:45:45 INFO  ResourceLocalizationService:1195 - Writing credentials to the nmPrivate file /tmp/hadoop-hadoop/nm-local-dir/nmPrivate/container_1573731787606_0002_01_000001.tokens. Credentials list: 
nm_1        | 2019-11-14 11:45:45 INFO  DefaultContainerExecutor:612 - Initializing user hadoop
nm_1        | 2019-11-14 11:45:45 INFO  DefaultContainerExecutor:117 - Copying from /tmp/hadoop-hadoop/nm-local-dir/nmPrivate/container_1573731787606_0002_01_000001.tokens to /tmp/hadoop-hadoop/nm-local-dir/usercache/hadoop/appcache/application_1573731787606_0002/container_1573731787606_0002_01_000001.tokens
rm_1        | 2019-11-14 11:45:18 INFO  RMContainerImpl:410 - container_1573731787606_0001_01_000005 Container Transitioned from ACQUIRED to RUNNING
rm_1        | 2019-11-14 11:45:18 INFO  AppSchedulingInfo:204 - checking for deactivate of application :application_1573731787606_0001
rm_1        | 2019-11-14 11:45:22 INFO  RMContainerImpl:410 - container_1573731787606_0001_01_000005 Container Transitioned from RUNNING to COMPLETED
nm_1        | 2019-11-14 11:45:45 INFO  DefaultContainerExecutor:124 - Localizer CWD set to /tmp/hadoop-hadoop/nm-local-dir/usercache/hadoop/appcache/application_1573731787606_0002 = file:/tmp/hadoop-hadoop/nm-local-dir/usercache/hadoop/appcache/application_1573731787606_0002
rm_1        | 2019-11-14 11:45:22 INFO  FiCaSchedulerApp:113 - Completed container: container_1573731787606_0001_01_000005 in state: COMPLETED event:FINISHED
nm_1        | 2019-11-14 11:45:46 WARN  NativeCodeLoader:60 - Unable to load native-hadoop library for your platform... using builtin-java classes where applicable
