datanode_3  | 2019-11-05 15:31:03,921 INFO server.RaftServerConfigKeys: raft.server.log.segment.size.max = 1048576 (custom)
datanode_3  | 2019-11-05 15:31:03,922 INFO server.RaftServerConfigKeys: raft.server.log.segment.cache.num.max = 2 (custom)
datanode_3  | 2019-11-05 15:31:03,922 INFO segmented.SegmentedRaftLogWorker: new 65b045d6-0798-4529-be79-23f96ebadc70@group-11D0E513CCB2-SegmentedRaftLogWorker for RaftStorage:Storage Directory /data/metadata/ratis/78f219c2-6d62-4efd-88b4-11d0e513ccb2
datanode_3  | 2019-11-05 15:31:03,923 INFO server.RaftServerConfigKeys: raft.server.log.queue.byte-limit = 2147483647 (custom)
datanode_3  | 2019-11-05 15:31:03,925 INFO server.RaftServerConfigKeys: raft.server.log.queue.element-limit = 1024 (custom)
scm_1       | 2019-11-05 15:17:45,645 INFO authorize.ServiceAuthorizationManager: Authorization successful for dn/ce2968deb6a8@EXAMPLE.COM (auth:KERBEROS) for protocol=interface org.apache.hadoop.ozone.protocol.StorageContainerDatanodeProtocol
kdc_1       | Nov 05 15:09:12 kdc kadmind[15](Notice): Request: kadm5_create_principal, scm/e0d99040740e@EXAMPLE.COM, success, client=admin/admin@EXAMPLE.COM, service=kadmin/admin@EXAMPLE.COM, addr=127.0.0.1
datanode_3  | 2019-11-05 15:31:03,928 INFO server.RaftServerConfigKeys: raft.server.log.segment.size.max = 1048576 (custom)
datanode_3  | 2019-11-05 15:31:03,931 INFO server.RaftServerConfigKeys: raft.server.log.preallocated.size = 16384 (custom)
datanode_3  | 2019-11-05 15:31:03,931 INFO server.RaftServerConfigKeys: raft.server.log.write.buffer.size = 33554432 (custom)
datanode_3  | 2019-11-05 15:31:03,931 INFO server.RaftServerConfigKeys: raft.server.log.force.sync.num = 128 (default)
om_1        | 2019-11-05 15:18:27,840 INFO volume.OMVolumeCreateRequest: created volume:fstest40 for user:testuser/scm@EXAMPLE.COM
scm_1       | 2019-11-05 15:17:45,703 INFO ipc.Server: Auth successful for dn/b02c10b648ec@EXAMPLE.COM (auth:KERBEROS)
datanode_3  | 2019-11-05 15:31:03,931 INFO server.RaftServerConfigKeys: raft.server.log.statemachine.data.sync = true (default)
kdc_1       | Nov 05 15:09:12 kdc kadmind[15](info): closing down fd 18
datanode_1  | 	at java.base/java.lang.Thread.run(Thread.java:834)
datanode_1  | 2019-11-05 15:30:16,798 ERROR commandhandler.CloseContainerCommandHandler: Can't close container #3
om_1        | 2019-11-05 15:18:31,284 INFO ipc.Server: Auth successful for testuser/scm@EXAMPLE.COM (auth:KERBEROS)
scm_1       | 2019-11-05 15:17:45,707 INFO authorize.ServiceAuthorizationManager: Authorization successful for dn/b02c10b648ec@EXAMPLE.COM (auth:KERBEROS) for protocol=interface org.apache.hadoop.ozone.protocol.StorageContainerDatanodeProtocol
datanode_2  | 2019-11-05 15:09:56,866 INFO impl.RoleInfo: 783dd527-56b6-43ff-bb0b-0439dfa614f2: shutdown FollowerState
datanode_3  | 2019-11-05 15:31:03,932 INFO server.RaftServerConfigKeys: raft.server.log.statemachine.data.sync.timeout = 10s (default)
datanode_3  | 2019-11-05 15:31:03,932 INFO server.RaftServerConfigKeys: raft.server.log.statemachine.data.sync.timeout.retry = -1 (default)
datanode_1  | org.apache.hadoop.hdds.security.token.BlockTokenException: Fail to find any token (empty or null.)
datanode_1  | 	at org.apache.hadoop.hdds.security.token.BlockTokenVerifier.verify(BlockTokenVerifier.java:64)
om_1        | 2019-11-05 15:18:31,327 INFO authorize.ServiceAuthorizationManager: Authorization successful for testuser/scm@EXAMPLE.COM (auth:KERBEROS) for protocol=interface org.apache.hadoop.ozone.om.protocol.OzoneManagerProtocol
datanode_2  | 2019-11-05 15:09:56,866 INFO impl.RoleInfo: 783dd527-56b6-43ff-bb0b-0439dfa614f2: start FollowerState
datanode_2  | 2019-11-05 15:09:56,926 INFO impl.FollowerState: 783dd527-56b6-43ff-bb0b-0439dfa614f2@group-A2D9CD99E696-FollowerState was interrupted: java.lang.InterruptedException: sleep interrupted
datanode_1  | 	at org.apache.hadoop.ozone.container.common.transport.server.XceiverServer.submitRequest(XceiverServer.java:68)
datanode_1  | 	at org.apache.hadoop.ozone.container.common.transport.server.ratis.XceiverServerRatis.submitRequest(XceiverServerRatis.java:496)
om_1        | 2019-11-05 15:18:32,496 INFO volume.OMVolumeCreateRequest: created volume:fstest240 for user:testuser/scm@EXAMPLE.COM
scm_1       | 2019-11-05 15:18:15,646 INFO ipc.Server: Auth successful for dn/e0d99040740e@EXAMPLE.COM (auth:KERBEROS)
datanode_3  | 2019-11-05 15:31:03,932 INFO server.RaftServerConfigKeys: raft.server.log.statemachine.data.caching.enabled = true (custom)
datanode_3  | 2019-11-05 15:31:03,935 INFO segmented.SegmentedRaftLogWorker: 65b045d6-0798-4529-be79-23f96ebadc70@group-11D0E513CCB2-SegmentedRaftLogWorker: flushIndex: setUnconditionally 0 -> -1
s3g_1       | WARNING: The following warnings have been detected: WARNING: Unknown HK2 failure detected:
datanode_2  | 2019-11-05 15:09:57,088 INFO impl.RaftServerImpl: 783dd527-56b6-43ff-bb0b-0439dfa614f2@group-A2D9CD99E696: change Leader from null to 17414fb0-0a88-4ed0-b338-a6bb54c0163a at term 2 for appendEntries, leader elected after 11392ms
datanode_1  | 	at org.apache.hadoop.ozone.container.common.statemachine.commandhandler.CloseContainerCommandHandler.handle(CloseContainerCommandHandler.java:102)
datanode_1  | 	at org.apache.hadoop.ozone.container.common.statemachine.commandhandler.CommandDispatcher.handle(CommandDispatcher.java:99)
datanode_1  | 	at org.apache.hadoop.ozone.container.common.statemachine.DatanodeStateMachine.lambda$initCommandHandlerThread$1(DatanodeStateMachine.java:432)
kdc_1       | Nov 05 15:09:12 kdc kadmind[15](Notice): Request: kadm5_init, admin/admin@EXAMPLE.COM, success, client=admin/admin@EXAMPLE.COM, service=kadmin/admin@EXAMPLE.COM, addr=127.0.0.1, vers=4, flavor=6
s3g_1       | MultiException stack 1 of 1
datanode_3  | 2019-11-05 15:31:03,937 INFO server.RaftServerConfigKeys: raft.server.snapshot.auto.trigger.enabled = true (custom)
datanode_3  | 2019-11-05 15:31:03,937 INFO server.RaftServerConfigKeys: raft.server.snapshot.auto.trigger.threshold = 10000 (custom)
scm_1       | 2019-11-05 15:18:15,684 INFO ipc.Server: Auth successful for dn/ce2968deb6a8@EXAMPLE.COM (auth:KERBEROS)
scm_1       | 2019-11-05 15:18:15,690 INFO authorize.ServiceAuthorizationManager: Authorization successful for dn/e0d99040740e@EXAMPLE.COM (auth:KERBEROS) for protocol=interface org.apache.hadoop.ozone.protocol.StorageContainerDatanodeProtocol
datanode_2  | 2019-11-05 15:09:57,173 INFO impl.RaftServerImpl: 783dd527-56b6-43ff-bb0b-0439dfa614f2@group-A2D9CD99E696: set configuration 0: [17414fb0-0a88-4ed0-b338-a6bb54c0163a:172.19.0.7:9858, 65b045d6-0798-4529-be79-23f96ebadc70:172.19.0.9:9858, 783dd527-56b6-43ff-bb0b-0439dfa614f2:172.19.0.6:9858], old=null at 0
datanode_2  | 2019-11-05 15:09:57,176 INFO segmented.SegmentedRaftLogWorker: 783dd527-56b6-43ff-bb0b-0439dfa614f2@group-A2D9CD99E696-SegmentedRaftLogWorker: Starting segment from index:0
om_1        | 2019-11-05 15:18:36,186 INFO ipc.Server: Auth successful for testuser/scm@EXAMPLE.COM (auth:KERBEROS)
datanode_1  | 	at java.base/java.lang.Thread.run(Thread.java:834)
datanode_2  | 2019-11-05 15:09:57,301 INFO segmented.SegmentedRaftLogWorker: 783dd527-56b6-43ff-bb0b-0439dfa614f2@group-A2D9CD99E696-SegmentedRaftLogWorker: created new log segment /data/metadata/ratis/2a067f73-5fe6-40d7-a797-a2d9cd99e696/current/log_inprogress_0
datanode_2  | 2019-11-05 15:10:03,423 INFO client.DNCertificateClient: Getting certificate with certSerialId:12165525450634590.
s3g_1       | javax.enterprise.inject.CreationException
kdc_1       | Nov 05 15:09:12 kdc kadmind[15](Notice): Request: kadm5_randkey_principal, scm/e0d99040740e@EXAMPLE.COM, success, client=admin/admin@EXAMPLE.COM, service=kadmin/admin@EXAMPLE.COM, addr=127.0.0.1
scm_1       | 2019-11-05 15:18:15,701 INFO authorize.ServiceAuthorizationManager: Authorization successful for dn/ce2968deb6a8@EXAMPLE.COM (auth:KERBEROS) for protocol=interface org.apache.hadoop.ozone.protocol.StorageContainerDatanodeProtocol
datanode_2  | 2019-11-05 15:10:13,046 WARN server.GrpcServerProtocolService: 783dd527-56b6-43ff-bb0b-0439dfa614f2: installSnapshot onError, lastRequest: 17414fb0-0a88-4ed0-b338-a6bb54c0163a->783dd527-56b6-43ff-bb0b-0439dfa614f2#8-t2, previous=(t:2, i:2), leaderCommit=0, initializing? false, entries: <empty>: org.apache.ratis.thirdparty.io.grpc.StatusRuntimeException: CANCELLED: cancelled before receiving half close
datanode_2  | Nov 05, 2019 3:10:13 PM org.apache.ratis.thirdparty.io.grpc.internal.SerializingExecutor run
s3g_1       | 	at java.base/jdk.internal.reflect.NativeConstructorAccessorImpl.newInstance0(Native Method)
s3g_1       | 	at java.base/jdk.internal.reflect.NativeConstructorAccessorImpl.newInstance(NativeConstructorAccessorImpl.java:62)
datanode_3  | 2019-11-05 15:31:03,938 INFO server.RaftServerConfigKeys: raft.server.snapshot.retention.file.num = 5 (custom)
kdc_1       | Nov 05 15:09:12 kdc kadmind[15](Notice): Request: kadm5_get_principal, scm/e0d99040740e@EXAMPLE.COM, success, client=admin/admin@EXAMPLE.COM, service=kadmin/admin@EXAMPLE.COM, addr=127.0.0.1
datanode_2  | SEVERE: Exception while executing runnable org.apache.ratis.thirdparty.io.grpc.internal.ServerImpl$JumpToApplicationThreadServerStreamListener$1Closed@41e5b3c6
s3g_1       | 	at java.base/jdk.internal.reflect.DelegatingConstructorAccessorImpl.newInstance(DelegatingConstructorAccessorImpl.java:45)
s3g_1       | 	at java.base/java.lang.reflect.Constructor.newInstance(Constructor.java:490)
datanode_3  | 2019-11-05 15:31:03,938 INFO server.RaftServerConfigKeys: raft.server.retrycache.expirytime = 600000ms (custom)
scm_1       | 2019-11-05 15:18:15,781 INFO ipc.Server: Auth successful for dn/b02c10b648ec@EXAMPLE.COM (auth:KERBEROS)
kdc_1       | Nov 05 15:09:12 kdc kadmind[15](info): closing down fd 18
datanode_2  | org.apache.ratis.thirdparty.io.grpc.StatusRuntimeException: CANCELLED: call already cancelled
datanode_2  | 	at org.apache.ratis.thirdparty.io.grpc.Status.asRuntimeException(Status.java:517)
datanode_1  | 2019-11-05 15:30:18,544 WARN server.GrpcLogAppender: 17414fb0-0a88-4ed0-b338-a6bb54c0163a@group-A2D9CD99E696->783dd527-56b6-43ff-bb0b-0439dfa614f2-GrpcLogAppender: appendEntries Timeout, request=AppendEntriesRequest:cid=1064,entriesCount=0,lastEntry=null
datanode_1  | 2019-11-05 15:30:18,548 WARN server.GrpcLogAppender: 17414fb0-0a88-4ed0-b338-a6bb54c0163a@group-A2D9CD99E696->65b045d6-0798-4529-be79-23f96ebadc70-GrpcLogAppender: appendEntries Timeout, request=AppendEntriesRequest:cid=1063,entriesCount=0,lastEntry=null
s3g_1       | 	at java.base/java.lang.Class.newInstance(Class.java:584)
scm_1       | 2019-11-05 15:18:15,801 INFO authorize.ServiceAuthorizationManager: Authorization successful for dn/b02c10b648ec@EXAMPLE.COM (auth:KERBEROS) for protocol=interface org.apache.hadoop.ozone.protocol.StorageContainerDatanodeProtocol
kdc_1       | Nov 05 15:09:12 kdc kadmind[15](Notice): Request: kadm5_init, admin/admin@EXAMPLE.COM, success, client=admin/admin@EXAMPLE.COM, service=kadmin/admin@EXAMPLE.COM, addr=127.0.0.1, vers=4, flavor=6
datanode_2  | 	at org.apache.ratis.thirdparty.io.grpc.stub.ServerCalls$ServerCallStreamObserverImpl.onCompleted(ServerCalls.java:356)
datanode_2  | 	at org.apache.ratis.grpc.server.GrpcServerProtocolService$ServerRequestStreamObserver.onError(GrpcServerProtocolService.java:121)
datanode_1  | 2019-11-05 15:30:21,045 WARN server.GrpcLogAppender: 17414fb0-0a88-4ed0-b338-a6bb54c0163a@group-A2D9CD99E696->783dd527-56b6-43ff-bb0b-0439dfa614f2-GrpcLogAppender: appendEntries Timeout, request=AppendEntriesRequest:cid=1065,entriesCount=0,lastEntry=null
datanode_1  | 2019-11-05 15:30:21,051 WARN server.GrpcLogAppender: 17414fb0-0a88-4ed0-b338-a6bb54c0163a@group-A2D9CD99E696->65b045d6-0798-4529-be79-23f96ebadc70-GrpcLogAppender: appendEntries Timeout, request=AppendEntriesRequest:cid=1064,entriesCount=0,lastEntry=null
s3g_1       | 	at org.jboss.weld.security.NewInstanceAction.run(NewInstanceAction.java:33)
scm_1       | 2019-11-05 15:18:26,386 INFO ipc.Server: Auth successful for om/om@EXAMPLE.COM (auth:KERBEROS)
kdc_1       | Nov 05 15:09:12 kdc kadmind[15](Notice): Request: kadm5_get_policy, default, Policy does not exist, client=admin/admin@EXAMPLE.COM, service=kadmin/admin@EXAMPLE.COM, addr=127.0.0.1
datanode_2  | 	at org.apache.ratis.thirdparty.io.grpc.stub.ServerCalls$StreamingServerCallHandler$StreamingServerCallListener.onCancel(ServerCalls.java:269)
datanode_2  | 	at org.apache.ratis.thirdparty.io.grpc.internal.ServerCallImpl$ServerStreamListenerImpl.closed(ServerCallImpl.java:293)
datanode_1  | 2019-11-05 15:30:23,545 WARN server.GrpcLogAppender: 17414fb0-0a88-4ed0-b338-a6bb54c0163a@group-A2D9CD99E696->783dd527-56b6-43ff-bb0b-0439dfa614f2-GrpcLogAppender: appendEntries Timeout, request=AppendEntriesRequest:cid=1066,entriesCount=0,lastEntry=null
datanode_1  | 2019-11-05 15:30:23,550 WARN server.GrpcLogAppender: 17414fb0-0a88-4ed0-b338-a6bb54c0163a@group-A2D9CD99E696->65b045d6-0798-4529-be79-23f96ebadc70-GrpcLogAppender: appendEntries Timeout, request=AppendEntriesRequest:cid=1065,entriesCount=0,lastEntry=null
datanode_1  | 2019-11-05 15:30:26,045 WARN server.GrpcLogAppender: 17414fb0-0a88-4ed0-b338-a6bb54c0163a@group-A2D9CD99E696->783dd527-56b6-43ff-bb0b-0439dfa614f2-GrpcLogAppender: appendEntries Timeout, request=AppendEntriesRequest:cid=1067,entriesCount=0,lastEntry=null
scm_1       | 2019-11-05 15:18:26,399 INFO authorize.ServiceAuthorizationManager: Authorization successful for om/om@EXAMPLE.COM (auth:KERBEROS) for protocol=interface org.apache.hadoop.hdds.scm.protocol.StorageContainerLocationProtocol
kdc_1       | Nov 05 15:09:12 kdc kadmind[15](Notice): Request: kadm5_create_principal, scm/om@EXAMPLE.COM, success, client=admin/admin@EXAMPLE.COM, service=kadmin/admin@EXAMPLE.COM, addr=127.0.0.1
datanode_2  | 	at org.apache.ratis.thirdparty.io.grpc.internal.ServerImpl$JumpToApplicationThreadServerStreamListener$1Closed.runInContext(ServerImpl.java:741)
datanode_2  | 	at org.apache.ratis.thirdparty.io.grpc.internal.ContextRunnable.run(ContextRunnable.java:37)
datanode_1  | 2019-11-05 15:30:26,050 WARN server.GrpcLogAppender: 17414fb0-0a88-4ed0-b338-a6bb54c0163a@group-A2D9CD99E696->65b045d6-0798-4529-be79-23f96ebadc70-GrpcLogAppender: appendEntries Timeout, request=AppendEntriesRequest:cid=1066,entriesCount=0,lastEntry=null
datanode_1  | 2019-11-05 15:30:28,546 WARN server.GrpcLogAppender: 17414fb0-0a88-4ed0-b338-a6bb54c0163a@group-A2D9CD99E696->783dd527-56b6-43ff-bb0b-0439dfa614f2-GrpcLogAppender: appendEntries Timeout, request=AppendEntriesRequest:cid=1068,entriesCount=0,lastEntry=null
datanode_1  | 2019-11-05 15:30:28,550 WARN server.GrpcLogAppender: 17414fb0-0a88-4ed0-b338-a6bb54c0163a@group-A2D9CD99E696->65b045d6-0798-4529-be79-23f96ebadc70-GrpcLogAppender: appendEntries Timeout, request=AppendEntriesRequest:cid=1067,entriesCount=0,lastEntry=null
scm_1       | 2019-11-05 15:18:45,682 INFO ipc.Server: Auth successful for dn/ce2968deb6a8@EXAMPLE.COM (auth:KERBEROS)
kdc_1       | Nov 05 15:09:12 kdc kadmind[15](info): closing down fd 18
datanode_2  | 	at org.apache.ratis.thirdparty.io.grpc.internal.SerializingExecutor.run(SerializingExecutor.java:123)
datanode_2  | 	at java.base/java.util.concurrent.ThreadPoolExecutor.runWorker(ThreadPoolExecutor.java:1128)
datanode_1  | 2019-11-05 15:30:31,046 WARN server.GrpcLogAppender: 17414fb0-0a88-4ed0-b338-a6bb54c0163a@group-A2D9CD99E696->783dd527-56b6-43ff-bb0b-0439dfa614f2-GrpcLogAppender: appendEntries Timeout, request=AppendEntriesRequest:cid=1069,entriesCount=0,lastEntry=null
datanode_1  | 2019-11-05 15:30:31,051 WARN server.GrpcLogAppender: 17414fb0-0a88-4ed0-b338-a6bb54c0163a@group-A2D9CD99E696->65b045d6-0798-4529-be79-23f96ebadc70-GrpcLogAppender: appendEntries Timeout, request=AppendEntriesRequest:cid=1068,entriesCount=0,lastEntry=null
datanode_1  | 2019-11-05 15:30:33,547 WARN server.GrpcLogAppender: 17414fb0-0a88-4ed0-b338-a6bb54c0163a@group-A2D9CD99E696->783dd527-56b6-43ff-bb0b-0439dfa614f2-GrpcLogAppender: appendEntries Timeout, request=AppendEntriesRequest:cid=1070,entriesCount=0,lastEntry=null
s3g_1       | 	at java.base/java.security.AccessController.doPrivileged(Native Method)
s3g_1       | 	at org.jboss.weld.injection.Exceptions.rethrowException(Exceptions.java:40)
datanode_2  | 	at java.base/java.util.concurrent.ThreadPoolExecutor$Worker.run(ThreadPoolExecutor.java:628)
datanode_2  | 	at java.base/java.lang.Thread.run(Thread.java:834)
datanode_3  | 2019-11-05 15:31:03,938 WARN impl.MetricRegistriesImpl: First MetricRegistry has been created without registering reporters. You may need to call MetricRegistries.global().addReportRegistration(...) before.
scm_1       | 2019-11-05 15:18:45,768 INFO ipc.Server: Auth successful for dn/b02c10b648ec@EXAMPLE.COM (auth:KERBEROS)
scm_1       | 2019-11-05 15:18:45,774 INFO ipc.Server: Auth successful for dn/e0d99040740e@EXAMPLE.COM (auth:KERBEROS)
s3g_1       | 	at org.jboss.weld.injection.Exceptions.rethrowException(Exceptions.java:78)
om_1        | 2019-11-05 15:18:36,219 INFO authorize.ServiceAuthorizationManager: Authorization successful for testuser/scm@EXAMPLE.COM (auth:KERBEROS) for protocol=interface org.apache.hadoop.ozone.om.protocol.OzoneManagerProtocol
kdc_1       | Nov 05 15:09:12 kdc kadmind[15](Notice): Request: kadm5_init, admin/admin@EXAMPLE.COM, success, client=admin/admin@EXAMPLE.COM, service=kadmin/admin@EXAMPLE.COM, addr=127.0.0.1, vers=4, flavor=6
datanode_2  | 
datanode_3  | 2019-11-05 15:31:03,938 WARN impl.MetricRegistriesImpl: First MetricRegistry has been created without registering reporters. You may need to call MetricRegistries.global().addReportRegistration(...) before.
scm_1       | 2019-11-05 15:18:45,774 INFO authorize.ServiceAuthorizationManager: Authorization successful for dn/ce2968deb6a8@EXAMPLE.COM (auth:KERBEROS) for protocol=interface org.apache.hadoop.ozone.protocol.StorageContainerDatanodeProtocol
s3g_1       | 	at org.jboss.weld.injection.StaticMethodInjectionPoint.invoke(StaticMethodInjectionPoint.java:96)
kdc_1       | Nov 05 15:09:12 kdc kadmind[15](Notice): Request: kadm5_randkey_principal, scm/om@EXAMPLE.COM, success, client=admin/admin@EXAMPLE.COM, service=kadmin/admin@EXAMPLE.COM, addr=127.0.0.1
kdc_1       | Nov 05 15:09:12 kdc kadmind[15](Notice): Request: kadm5_get_principal, scm/om@EXAMPLE.COM, success, client=admin/admin@EXAMPLE.COM, service=kadmin/admin@EXAMPLE.COM, addr=127.0.0.1
om_1        | 2019-11-05 15:18:40,190 INFO ipc.Server: Auth successful for testuser/scm@EXAMPLE.COM (auth:KERBEROS)
om_1        | 2019-11-05 15:18:40,202 INFO authorize.ServiceAuthorizationManager: Authorization successful for testuser/scm@EXAMPLE.COM (auth:KERBEROS) for protocol=interface org.apache.hadoop.ozone.om.protocol.OzoneManagerProtocol
s3g_1       | 	at org.jboss.weld.injection.StaticMethodInjectionPoint.invoke(StaticMethodInjectionPoint.java:78)
s3g_1       | 	at org.jboss.weld.injection.producer.ProducerMethodProducer.produce(ProducerMethodProducer.java:100)
s3g_1       | 	at org.jboss.weld.injection.producer.AbstractMemberProducer.produce(AbstractMemberProducer.java:161)
scm_1       | 2019-11-05 15:18:45,785 INFO authorize.ServiceAuthorizationManager: Authorization successful for dn/b02c10b648ec@EXAMPLE.COM (auth:KERBEROS) for protocol=interface org.apache.hadoop.ozone.protocol.StorageContainerDatanodeProtocol
datanode_1  | 2019-11-05 15:30:33,551 WARN server.GrpcLogAppender: 17414fb0-0a88-4ed0-b338-a6bb54c0163a@group-A2D9CD99E696->65b045d6-0798-4529-be79-23f96ebadc70-GrpcLogAppender: appendEntries Timeout, request=AppendEntriesRequest:cid=1069,entriesCount=0,lastEntry=null
kdc_1       | Nov 05 15:09:12 kdc kadmind[15](info): closing down fd 18
datanode_3  | 2019-11-05 15:31:03,939 INFO impl.RaftServerImpl: 65b045d6-0798-4529-be79-23f96ebadc70@group-11D0E513CCB2: start as a follower, conf=-1: [17414fb0-0a88-4ed0-b338-a6bb54c0163a:172.19.0.7:9858, 65b045d6-0798-4529-be79-23f96ebadc70:172.19.0.9:9858, 783dd527-56b6-43ff-bb0b-0439dfa614f2:172.19.0.6:9858], old=null
datanode_3  | 2019-11-05 15:31:03,939 INFO impl.RaftServerImpl: 65b045d6-0798-4529-be79-23f96ebadc70@group-11D0E513CCB2: changes role from      null to FOLLOWER at term 0 for startAsFollower
datanode_3  | 2019-11-05 15:31:03,939 INFO impl.RoleInfo: 65b045d6-0798-4529-be79-23f96ebadc70: start FollowerState
datanode_3  | 2019-11-05 15:31:03,939 INFO util.JmxRegister: Successfully registered JMX Bean with object name Ratis:service=RaftServer,group=group-11D0E513CCB2,id=65b045d6-0798-4529-be79-23f96ebadc70
datanode_3  | 2019-11-05 15:31:03,939 WARN impl.MetricRegistriesImpl: First MetricRegistry has been created without registering reporters. You may need to call MetricRegistries.global().addReportRegistration(...) before.
om_1        | 2019-11-05 15:18:46,739 INFO ipc.Server: Auth successful for testuser/scm@EXAMPLE.COM (auth:KERBEROS)
datanode_2  | 2019-11-05 15:11:45,806 INFO impl.RaftServerProxy: 783dd527-56b6-43ff-bb0b-0439dfa614f2: remove    LEADER 783dd527-56b6-43ff-bb0b-0439dfa614f2@group-673682BB43FA:t1, leader=783dd527-56b6-43ff-bb0b-0439dfa614f2, voted=783dd527-56b6-43ff-bb0b-0439dfa614f2, raftlog=783dd527-56b6-43ff-bb0b-0439dfa614f2@group-673682BB43FA-SegmentedRaftLog:OPENED:c0,f0,i0, conf=0: [783dd527-56b6-43ff-bb0b-0439dfa614f2:172.19.0.6:9858], old=null RUNNING
scm_1       | 2019-11-05 15:18:45,804 INFO authorize.ServiceAuthorizationManager: Authorization successful for dn/e0d99040740e@EXAMPLE.COM (auth:KERBEROS) for protocol=interface org.apache.hadoop.ozone.protocol.StorageContainerDatanodeProtocol
datanode_3  | 2019-11-05 15:31:08,923 INFO server.GrpcServerProtocolService: 65b045d6-0798-4529-be79-23f96ebadc70: Completed APPEND_ENTRIES, lastRequest: 17414fb0-0a88-4ed0-b338-a6bb54c0163a->65b045d6-0798-4529-be79-23f96ebadc70#1084-t2, previous=(t:2, i:599), leaderCommit=593, initializing? false, entries: <empty>
datanode_3  | 2019-11-05 15:31:09,063 INFO impl.FollowerState: 65b045d6-0798-4529-be79-23f96ebadc70@group-11D0E513CCB2-FollowerState: change to CANDIDATE, lastRpcTime:5124ms, electionTimeout:5124ms
s3g_1       | 	at org.jboss.weld.bean.AbstractProducerBean.create(AbstractProducerBean.java:180)
om_1        | 2019-11-05 15:18:46,757 INFO authorize.ServiceAuthorizationManager: Authorization successful for testuser/scm@EXAMPLE.COM (auth:KERBEROS) for protocol=interface org.apache.hadoop.ozone.om.protocol.OzoneManagerProtocol
datanode_2  | 2019-11-05 15:11:45,812 INFO impl.RaftServerImpl: 783dd527-56b6-43ff-bb0b-0439dfa614f2@group-673682BB43FA: shutdown
scm_1       | 2019-11-05 15:18:46,903 INFO ipc.Server: Auth successful for om/om@EXAMPLE.COM (auth:KERBEROS)
datanode_1  | 2019-11-05 15:30:36,048 WARN server.GrpcLogAppender: 17414fb0-0a88-4ed0-b338-a6bb54c0163a@group-A2D9CD99E696->783dd527-56b6-43ff-bb0b-0439dfa614f2-GrpcLogAppender: appendEntries Timeout, request=AppendEntriesRequest:cid=1071,entriesCount=0,lastEntry=null
datanode_3  | 2019-11-05 15:31:09,064 INFO impl.RoleInfo: 65b045d6-0798-4529-be79-23f96ebadc70: shutdown FollowerState
datanode_3  | 2019-11-05 15:31:09,064 INFO impl.RaftServerImpl: 65b045d6-0798-4529-be79-23f96ebadc70@group-11D0E513CCB2: changes role from  FOLLOWER to CANDIDATE at term 0 for changeToCandidate
datanode_2  | 2019-11-05 15:11:45,830 INFO util.JmxRegister: Successfully un-registered JMX Bean with object name Ratis:service=RaftServer,group=group-673682BB43FA,id=783dd527-56b6-43ff-bb0b-0439dfa614f2
datanode_2  | 2019-11-05 15:11:45,833 INFO impl.RoleInfo: 783dd527-56b6-43ff-bb0b-0439dfa614f2: shutdown LeaderState
datanode_2  | 2019-11-05 15:11:45,836 INFO impl.PendingRequests: 783dd527-56b6-43ff-bb0b-0439dfa614f2@group-673682BB43FA-PendingRequests: sendNotLeaderResponses
datanode_1  | 2019-11-05 15:30:36,053 WARN server.GrpcLogAppender: 17414fb0-0a88-4ed0-b338-a6bb54c0163a@group-A2D9CD99E696->65b045d6-0798-4529-be79-23f96ebadc70-GrpcLogAppender: appendEntries Timeout, request=AppendEntriesRequest:cid=1070,entriesCount=0,lastEntry=null
datanode_3  | 2019-11-05 15:31:09,065 INFO impl.RoleInfo: 65b045d6-0798-4529-be79-23f96ebadc70: start LeaderElection
kdc_1       | Nov 05 15:09:12 kdc kadmind[15](Notice): Request: kadm5_init, admin/admin@EXAMPLE.COM, success, client=admin/admin@EXAMPLE.COM, service=kadmin/admin@EXAMPLE.COM, addr=127.0.0.1, vers=4, flavor=6
om_1        | 2019-11-05 15:18:52,460 INFO ipc.Server: Auth successful for testuser/scm@EXAMPLE.COM (auth:KERBEROS)
datanode_2  | 2019-11-05 15:11:45,864 INFO impl.StateMachineUpdater: 783dd527-56b6-43ff-bb0b-0439dfa614f2@group-673682BB43FA-StateMachineUpdater: set stopIndex = 0
s3g_1       | 	at org.jboss.weld.context.unbound.DependentContextImpl.get(DependentContextImpl.java:70)
scm_1       | 2019-11-05 15:18:46,935 INFO authorize.ServiceAuthorizationManager: Authorization successful for om/om@EXAMPLE.COM (auth:KERBEROS) for protocol=interface org.apache.hadoop.hdds.scm.protocol.ScmBlockLocationProtocol
datanode_1  | 2019-11-05 15:30:38,547 WARN server.GrpcLogAppender: 17414fb0-0a88-4ed0-b338-a6bb54c0163a@group-A2D9CD99E696->783dd527-56b6-43ff-bb0b-0439dfa614f2-GrpcLogAppender: appendEntries Timeout, request=AppendEntriesRequest:cid=1072,entriesCount=0,lastEntry=null
datanode_1  | 2019-11-05 15:30:38,552 WARN server.GrpcLogAppender: 17414fb0-0a88-4ed0-b338-a6bb54c0163a@group-A2D9CD99E696->65b045d6-0798-4529-be79-23f96ebadc70-GrpcLogAppender: appendEntries Timeout, request=AppendEntriesRequest:cid=1071,entriesCount=0,lastEntry=null
kdc_1       | Nov 05 15:09:12 kdc kadmind[15](Notice): Request: kadm5_get_policy, default, Policy does not exist, client=admin/admin@EXAMPLE.COM, service=kadmin/admin@EXAMPLE.COM, addr=127.0.0.1
datanode_2  | 2019-11-05 15:11:45,866 INFO impl.RaftServerImpl: 783dd527-56b6-43ff-bb0b-0439dfa614f2@group-673682BB43FA: closes. applyIndex: 0
om_1        | 2019-11-05 15:18:52,482 INFO authorize.ServiceAuthorizationManager: Authorization successful for testuser/scm@EXAMPLE.COM (auth:KERBEROS) for protocol=interface org.apache.hadoop.ozone.om.protocol.OzoneManagerProtocol
s3g_1       | 	at org.jboss.weld.bean.ContextualInstanceStrategy$DefaultContextualInstanceStrategy.get(ContextualInstanceStrategy.java:100)
s3g_1       | 	at org.jboss.weld.bean.ContextualInstance.get(ContextualInstance.java:50)
s3g_1       | 	at org.jboss.weld.manager.BeanManagerImpl.getReference(BeanManagerImpl.java:785)
datanode_1  | 2019-11-05 15:30:41,048 WARN server.GrpcLogAppender: 17414fb0-0a88-4ed0-b338-a6bb54c0163a@group-A2D9CD99E696->783dd527-56b6-43ff-bb0b-0439dfa614f2-GrpcLogAppender: appendEntries Timeout, request=AppendEntriesRequest:cid=1073,entriesCount=0,lastEntry=null
kdc_1       | Nov 05 15:09:12 kdc kadmind[15](Notice): Request: kadm5_create_principal, scm/f0e7eb07dd27@EXAMPLE.COM, success, client=admin/admin@EXAMPLE.COM, service=kadmin/admin@EXAMPLE.COM, addr=127.0.0.1
datanode_2  | 2019-11-05 15:11:45,870 INFO segmented.SegmentedRaftLogWorker: 783dd527-56b6-43ff-bb0b-0439dfa614f2@group-673682BB43FA-SegmentedRaftLogWorker was interrupted, exiting. There are 0 tasks remaining in the queue.
om_1        | 2019-11-05 15:18:56,975 INFO ipc.Server: Auth successful for testuser/scm@EXAMPLE.COM (auth:KERBEROS)
scm_1       | 2019-11-05 15:18:46,942 INFO server.SCMBlockProtocolServer: SCM is informed by OM to delete 1 blocks
datanode_3  | 2019-11-05 15:31:09,087 INFO impl.LeaderElection: 65b045d6-0798-4529-be79-23f96ebadc70@group-11D0E513CCB2-LeaderElection4: begin an election at term 1 for -1: [17414fb0-0a88-4ed0-b338-a6bb54c0163a:172.19.0.7:9858, 65b045d6-0798-4529-be79-23f96ebadc70:172.19.0.9:9858, 783dd527-56b6-43ff-bb0b-0439dfa614f2:172.19.0.6:9858], old=null
datanode_1  | 2019-11-05 15:30:41,053 WARN server.GrpcLogAppender: 17414fb0-0a88-4ed0-b338-a6bb54c0163a@group-A2D9CD99E696->65b045d6-0798-4529-be79-23f96ebadc70-GrpcLogAppender: appendEntries Timeout, request=AppendEntriesRequest:cid=1072,entriesCount=0,lastEntry=null
s3g_1       | 	at org.jboss.weld.manager.BeanManagerImpl.getInjectableReference(BeanManagerImpl.java:885)
kdc_1       | Nov 05 15:09:12 kdc kadmind[15](info): closing down fd 18
datanode_2  | 2019-11-05 15:11:45,873 INFO segmented.SegmentedRaftLogWorker: 783dd527-56b6-43ff-bb0b-0439dfa614f2@group-673682BB43FA-SegmentedRaftLogWorker close()
datanode_2  | 2019-11-05 15:18:18,073 WARN util.JavaUtils: Unexpected long sleep: sleep(5096ms) actually took 5457ms which is over the threshold 300ms
scm_1       | 2019-11-05 15:18:46,942 INFO block.BlockManagerImpl: Deleting blocks conID: 3 locID: 103085968177692800 bcsId: 0
datanode_3  | 2019-11-05 15:31:09,236 INFO impl.LeaderElection: 65b045d6-0798-4529-be79-23f96ebadc70@group-11D0E513CCB2-LeaderElection4: Election REJECTED; received 2 response(s) [65b045d6-0798-4529-be79-23f96ebadc70<-17414fb0-0a88-4ed0-b338-a6bb54c0163a#0:FAIL-t1, 65b045d6-0798-4529-be79-23f96ebadc70<-783dd527-56b6-43ff-bb0b-0439dfa614f2#0:FAIL-t1] and 0 exception(s); 65b045d6-0798-4529-be79-23f96ebadc70@group-11D0E513CCB2:t1, leader=null, voted=65b045d6-0798-4529-be79-23f96ebadc70, raftlog=65b045d6-0798-4529-be79-23f96ebadc70@group-11D0E513CCB2-SegmentedRaftLog:OPENED:c-1,f-1,i0, conf=-1: [17414fb0-0a88-4ed0-b338-a6bb54c0163a:172.19.0.7:9858, 65b045d6-0798-4529-be79-23f96ebadc70:172.19.0.9:9858, 783dd527-56b6-43ff-bb0b-0439dfa614f2:172.19.0.6:9858], old=null
datanode_1  | 2019-11-05 15:30:43,548 WARN server.GrpcLogAppender: 17414fb0-0a88-4ed0-b338-a6bb54c0163a@group-A2D9CD99E696->783dd527-56b6-43ff-bb0b-0439dfa614f2-GrpcLogAppender: appendEntries Timeout, request=AppendEntriesRequest:cid=1074,entriesCount=0,lastEntry=null
s3g_1       | 	at org.jboss.weld.injection.FieldInjectionPoint.inject(FieldInjectionPoint.java:92)
kdc_1       | Nov 05 15:09:12 kdc kadmind[15](Notice): Request: kadm5_init, admin/admin@EXAMPLE.COM, success, client=admin/admin@EXAMPLE.COM, service=kadmin/admin@EXAMPLE.COM, addr=127.0.0.1, vers=4, flavor=6
datanode_2  | 2019-11-05 15:26:53,159 WARN util.JavaUtils: Unexpected long sleep: sleep(5008ms) actually took 5893ms which is over the threshold 300ms
om_1        | 2019-11-05 15:18:56,987 INFO authorize.ServiceAuthorizationManager: Authorization successful for testuser/scm@EXAMPLE.COM (auth:KERBEROS) for protocol=interface org.apache.hadoop.ozone.om.protocol.OzoneManagerProtocol
scm_1       | 2019-11-05 15:19:15,629 INFO ipc.Server: Auth successful for dn/ce2968deb6a8@EXAMPLE.COM (auth:KERBEROS)
datanode_1  | 2019-11-05 15:30:43,556 WARN server.GrpcLogAppender: 17414fb0-0a88-4ed0-b338-a6bb54c0163a@group-A2D9CD99E696->65b045d6-0798-4529-be79-23f96ebadc70-GrpcLogAppender: appendEntries Timeout, request=AppendEntriesRequest:cid=1073,entriesCount=0,lastEntry=null
s3g_1       | 	at org.jboss.weld.util.Beans.injectBoundFields(Beans.java:358)
kdc_1       | Nov 05 15:09:12 kdc kadmind[15](Notice): Request: kadm5_randkey_principal, scm/f0e7eb07dd27@EXAMPLE.COM, success, client=admin/admin@EXAMPLE.COM, service=kadmin/admin@EXAMPLE.COM, addr=127.0.0.1
datanode_2  | 2019-11-05 15:26:53,163 INFO util.JvmPauseMonitor: Detected pause in JVM or host machine (eg GC): pause of approximately 2373ms
om_1        | 2019-11-05 15:18:58,146 INFO volume.OMVolumeCreateRequest: created volume:fstest340 for user:testuser/scm@EXAMPLE.COM
datanode_3  | 2019-11-05 15:31:09,237 INFO impl.RaftServerImpl: 65b045d6-0798-4529-be79-23f96ebadc70@group-11D0E513CCB2: changes role from CANDIDATE to FOLLOWER at term 1 for DISCOVERED_A_NEW_TERM
scm_1       | 2019-11-05 15:19:15,666 INFO ipc.Server: Auth successful for dn/e0d99040740e@EXAMPLE.COM (auth:KERBEROS)
datanode_1  | 2019-11-05 15:30:46,049 WARN server.GrpcLogAppender: 17414fb0-0a88-4ed0-b338-a6bb54c0163a@group-A2D9CD99E696->783dd527-56b6-43ff-bb0b-0439dfa614f2-GrpcLogAppender: appendEntries Timeout, request=AppendEntriesRequest:cid=1075,entriesCount=0,lastEntry=null
s3g_1       | 	at org.jboss.weld.util.Beans.injectFieldsAndInitializers(Beans.java:369)
kdc_1       | Nov 05 15:09:12 kdc kadmind[15](Notice): Request: kadm5_get_principal, scm/f0e7eb07dd27@EXAMPLE.COM, success, client=admin/admin@EXAMPLE.COM, service=kadmin/admin@EXAMPLE.COM, addr=127.0.0.1
om_1        | 2019-11-05 15:19:02,241 INFO ipc.Server: Auth successful for testuser/scm@EXAMPLE.COM (auth:KERBEROS)
datanode_2  | No GCs detected
datanode_2  | 2019-11-05 15:30:02,964 INFO ratis.ContainerStateMachine: Operation: WriteChunk , Trace ID:  , Message: Block token verification failed. Fail to find any token (empty or null.) , Result: BLOCK_TOKEN_VERIFICATION_FAILED
scm_1       | 2019-11-05 15:19:15,668 INFO authorize.ServiceAuthorizationManager: Authorization successful for dn/ce2968deb6a8@EXAMPLE.COM (auth:KERBEROS) for protocol=interface org.apache.hadoop.ozone.protocol.StorageContainerDatanodeProtocol
datanode_1  | 2019-11-05 15:30:46,053 WARN server.GrpcLogAppender: 17414fb0-0a88-4ed0-b338-a6bb54c0163a@group-A2D9CD99E696->65b045d6-0798-4529-be79-23f96ebadc70-GrpcLogAppender: appendEntries Timeout, request=AppendEntriesRequest:cid=1074,entriesCount=0,lastEntry=null
datanode_1  | 2019-11-05 15:30:48,549 WARN server.GrpcLogAppender: 17414fb0-0a88-4ed0-b338-a6bb54c0163a@group-A2D9CD99E696->783dd527-56b6-43ff-bb0b-0439dfa614f2-GrpcLogAppender: appendEntries Timeout, request=AppendEntriesRequest:cid=1076,entriesCount=0,lastEntry=null
kdc_1       | Nov 05 15:09:12 kdc kadmind[15](info): closing down fd 18
om_1        | 2019-11-05 15:19:02,270 INFO authorize.ServiceAuthorizationManager: Authorization successful for testuser/scm@EXAMPLE.COM (auth:KERBEROS) for protocol=interface org.apache.hadoop.ozone.om.protocol.OzoneManagerProtocol
datanode_2  | 2019-11-05 15:30:02,970 ERROR ratis.ContainerStateMachine: group-A2D9CD99E696: writeChunk writeStateMachineData failed: blockIdcontainerID: 2
datanode_2  | localID: 103086017892581527
datanode_2  | blockCommitSequenceId: 0
datanode_1  | 2019-11-05 15:30:48,554 WARN server.GrpcLogAppender: 17414fb0-0a88-4ed0-b338-a6bb54c0163a@group-A2D9CD99E696->65b045d6-0798-4529-be79-23f96ebadc70-GrpcLogAppender: appendEntries Timeout, request=AppendEntriesRequest:cid=1075,entriesCount=0,lastEntry=null
datanode_1  | 2019-11-05 15:30:51,052 WARN server.GrpcLogAppender: 17414fb0-0a88-4ed0-b338-a6bb54c0163a@group-A2D9CD99E696->783dd527-56b6-43ff-bb0b-0439dfa614f2-GrpcLogAppender: appendEntries Timeout, request=AppendEntriesRequest:cid=1077,entriesCount=0,lastEntry=null
om_1        | 2019-11-05 15:19:07,282 INFO ipc.Server: Auth successful for testuser/scm@EXAMPLE.COM (auth:KERBEROS)
datanode_2  |  logIndex 594 chunkName 103086017892581527_chunk_1 Error message: Block token verification failed. Fail to find any token (empty or null.) Container Result: BLOCK_TOKEN_VERIFICATION_FAILED
datanode_3  | 2019-11-05 15:31:09,237 INFO impl.RoleInfo: 65b045d6-0798-4529-be79-23f96ebadc70: shutdown LeaderElection
scm_1       | 2019-11-05 15:19:15,690 INFO authorize.ServiceAuthorizationManager: Authorization successful for dn/e0d99040740e@EXAMPLE.COM (auth:KERBEROS) for protocol=interface org.apache.hadoop.ozone.protocol.StorageContainerDatanodeProtocol
scm_1       | 2019-11-05 15:19:15,733 INFO ipc.Server: Auth successful for dn/b02c10b648ec@EXAMPLE.COM (auth:KERBEROS)
datanode_2  | 2019-11-05 15:30:02,984 ERROR ratis.XceiverServerRatis: pipeline Action CLOSE  on pipeline PipelineID=2a067f73-5fe6-40d7-a797-a2d9cd99e696.Reason : Block token verification failed. Fail to find any token (empty or null.)
datanode_1  | 2019-11-05 15:30:51,054 WARN server.GrpcLogAppender: 17414fb0-0a88-4ed0-b338-a6bb54c0163a@group-A2D9CD99E696->65b045d6-0798-4529-be79-23f96ebadc70-GrpcLogAppender: appendEntries Timeout, request=AppendEntriesRequest:cid=1076,entriesCount=0,lastEntry=null
scm_1       | 2019-11-05 15:19:15,748 INFO authorize.ServiceAuthorizationManager: Authorization successful for dn/b02c10b648ec@EXAMPLE.COM (auth:KERBEROS) for protocol=interface org.apache.hadoop.ozone.protocol.StorageContainerDatanodeProtocol
scm_1       | 2019-11-05 15:19:37,112 INFO container.ReplicationManager: Replication Monitor Thread took 0 milliseconds for processing 3 containers.
s3g_1       | 	at org.jboss.weld.injection.producer.ResourceInjector$1.proceed(ResourceInjector.java:70)
s3g_1       | 	at org.jboss.weld.injection.InjectionContextImpl.run(InjectionContextImpl.java:48)
s3g_1       | 	at org.jboss.weld.injection.producer.ResourceInjector.inject(ResourceInjector.java:72)
datanode_2  | 2019-11-05 15:30:02,989 ERROR ratis.XceiverServerRatis: pipeline Action CLOSE  on pipeline PipelineID=2a067f73-5fe6-40d7-a797-a2d9cd99e696.Reason : Log already failed at index 594 for task WriteLog:594: (t:2, i:594), STATEMACHINELOGENTRY, client-B68AFD027321, cid=48
scm_1       | 2019-11-05 15:19:45,648 INFO ipc.Server: Auth successful for dn/ce2968deb6a8@EXAMPLE.COM (auth:KERBEROS)
scm_1       | 2019-11-05 15:19:45,680 INFO ipc.Server: Auth successful for dn/e0d99040740e@EXAMPLE.COM (auth:KERBEROS)
s3g_1       | 	at org.jboss.weld.injection.producer.BasicInjectionTarget.inject(BasicInjectionTarget.java:117)
datanode_3  | 2019-11-05 15:31:09,239 INFO impl.RoleInfo: 65b045d6-0798-4529-be79-23f96ebadc70: start FollowerState
om_1        | 2019-11-05 15:19:07,312 INFO authorize.ServiceAuthorizationManager: Authorization successful for testuser/scm@EXAMPLE.COM (auth:KERBEROS) for protocol=interface org.apache.hadoop.ozone.om.protocol.OzoneManagerProtocol
datanode_2  | 2019-11-05 15:30:03,101 ERROR ratis.XceiverServerRatis: pipeline Action CLOSE  on pipeline PipelineID=2a067f73-5fe6-40d7-a797-a2d9cd99e696.Reason : Log already failed at index 594 for task WriteLog:594: (t:2, i:594), STATEMACHINELOGENTRY, client-B68AFD027321, cid=48
kdc_1       | Nov 05 15:09:12 kdc kadmind[15](Notice): Request: kadm5_init, admin/admin@EXAMPLE.COM, success, client=admin/admin@EXAMPLE.COM, service=kadmin/admin@EXAMPLE.COM, addr=127.0.0.1, vers=4, flavor=6
kdc_1       | Nov 05 15:09:12 kdc kadmind[15](Notice): Request: kadm5_get_policy, default, Policy does not exist, client=admin/admin@EXAMPLE.COM, service=kadmin/admin@EXAMPLE.COM, addr=127.0.0.1
kdc_1       | Nov 05 15:09:12 kdc kadmind[15](Notice): Request: kadm5_create_principal, scm/ce2968deb6a8@EXAMPLE.COM, success, client=admin/admin@EXAMPLE.COM, service=kadmin/admin@EXAMPLE.COM, addr=127.0.0.1
kdc_1       | Nov 05 15:09:12 kdc kadmind[15](info): closing down fd 18
om_1        | 2019-11-05 15:19:11,827 INFO ipc.Server: Auth successful for testuser/scm@EXAMPLE.COM (auth:KERBEROS)
datanode_2  | 2019-11-05 15:30:03,104 ERROR ratis.XceiverServerRatis: pipeline Action CLOSE  on pipeline PipelineID=2a067f73-5fe6-40d7-a797-a2d9cd99e696.Reason : Log already failed at index 594 for task WriteLog:594: (t:2, i:594), STATEMACHINELOGENTRY, client-B68AFD027321, cid=48
datanode_1  | 2019-11-05 15:30:53,551 WARN server.GrpcLogAppender: 17414fb0-0a88-4ed0-b338-a6bb54c0163a@group-A2D9CD99E696->783dd527-56b6-43ff-bb0b-0439dfa614f2-GrpcLogAppender: appendEntries Timeout, request=AppendEntriesRequest:cid=1078,entriesCount=0,lastEntry=null
datanode_3  | 2019-11-05 15:31:12,815 INFO impl.RaftServerProxy: 65b045d6-0798-4529-be79-23f96ebadc70: remove  FOLLOWER 65b045d6-0798-4529-be79-23f96ebadc70@group-A2D9CD99E696:t2, leader=17414fb0-0a88-4ed0-b338-a6bb54c0163a, voted=65b045d6-0798-4529-be79-23f96ebadc70, raftlog=65b045d6-0798-4529-be79-23f96ebadc70@group-A2D9CD99E696-SegmentedRaftLog:OPENED:c593,f593,i599, conf=0: [17414fb0-0a88-4ed0-b338-a6bb54c0163a:172.19.0.7:9858, 65b045d6-0798-4529-be79-23f96ebadc70:172.19.0.9:9858, 783dd527-56b6-43ff-bb0b-0439dfa614f2:172.19.0.6:9858], old=null RUNNING
scm_1       | 2019-11-05 15:19:45,687 INFO authorize.ServiceAuthorizationManager: Authorization successful for dn/e0d99040740e@EXAMPLE.COM (auth:KERBEROS) for protocol=interface org.apache.hadoop.ozone.protocol.StorageContainerDatanodeProtocol
scm_1       | 2019-11-05 15:19:45,704 INFO authorize.ServiceAuthorizationManager: Authorization successful for dn/ce2968deb6a8@EXAMPLE.COM (auth:KERBEROS) for protocol=interface org.apache.hadoop.ozone.protocol.StorageContainerDatanodeProtocol
kdc_1       | Nov 05 15:09:12 kdc kadmind[15](Notice): Request: kadm5_init, admin/admin@EXAMPLE.COM, success, client=admin/admin@EXAMPLE.COM, service=kadmin/admin@EXAMPLE.COM, addr=127.0.0.1, vers=4, flavor=6
kdc_1       | tabase
datanode_2  | 2019-11-05 15:30:03,138 ERROR ratis.XceiverServerRatis: pipeline Action CLOSE  on pipeline PipelineID=2a067f73-5fe6-40d7-a797-a2d9cd99e696.Reason : Log already failed at index 594 for task WriteLog:594: (t:2, i:594), STATEMACHINELOGENTRY, client-B68AFD027321, cid=48
datanode_1  | 2019-11-05 15:30:53,554 WARN server.GrpcLogAppender: 17414fb0-0a88-4ed0-b338-a6bb54c0163a@group-A2D9CD99E696->65b045d6-0798-4529-be79-23f96ebadc70-GrpcLogAppender: appendEntries Timeout, request=AppendEntriesRequest:cid=1077,entriesCount=0,lastEntry=null
datanode_3  | 2019-11-05 15:31:12,819 INFO impl.RaftServerImpl: 65b045d6-0798-4529-be79-23f96ebadc70@group-A2D9CD99E696: shutdown
datanode_3  | 2019-11-05 15:31:12,819 INFO util.JmxRegister: Successfully un-registered JMX Bean with object name Ratis:service=RaftServer,group=group-A2D9CD99E696,id=65b045d6-0798-4529-be79-23f96ebadc70
datanode_3  | 2019-11-05 15:31:12,821 INFO impl.RoleInfo: 65b045d6-0798-4529-be79-23f96ebadc70: shutdown FollowerState
kdc_1       | Nov 05 15:09:12 kdc krb5kdc[9](info): AS_REQ (8 etypes {18 17 20 19 16 23 25 26}) 127.0.0.1: ISSUE: authtime 1572966552, etypes {rep=18 tkt=18 ses=18}, admin/admin@EXAMPLE.COM for kadmin/admin@EXAMPLE.COM
kdc_1       | Nov 05 15:09:12 kdc krb5kdc[9](info): AS_REQ (8 etypes {18 17 20 19 16 23 25 26}) 127.0.0.1: SERVER_NOT_FOUND: admin/admin@EXAMPLE.COM for kadmin/localhost@EXAMPLE.COM, Server not found in Kerberos database
datanode_2  | 2019-11-05 15:30:03,143 ERROR ratis.XceiverServerRatis: pipeline Action CLOSE  on pipeline PipelineID=2a067f73-5fe6-40d7-a797-a2d9cd99e696.Reason : Log already failed at index 594 for task WriteLog:594: (t:2, i:594), STATEMACHINELOGENTRY, client-B68AFD027321, cid=48
s3g_1       | 	at org.glassfish.jersey.ext.cdi1x.internal.CdiComponentProvider$InjectionManagerInjectedCdiTarget.inject(CdiComponentProvider.java:873)
s3g_1       | 	at org.jboss.weld.bean.ManagedBean.create(ManagedBean.java:159)
datanode_3  | 2019-11-05 15:31:12,821 INFO impl.FollowerState: 65b045d6-0798-4529-be79-23f96ebadc70@group-A2D9CD99E696-FollowerState was interrupted: java.lang.InterruptedException: sleep interrupted
om_1        | 2019-11-05 15:19:11,844 INFO authorize.ServiceAuthorizationManager: Authorization successful for testuser/scm@EXAMPLE.COM (auth:KERBEROS) for protocol=interface org.apache.hadoop.ozone.om.protocol.OzoneManagerProtocol
datanode_2  | 2019-11-05 15:30:16,645 ERROR commandhandler.CloseContainerCommandHandler: Can't close container #1
s3g_1       | 	at org.jboss.weld.context.unbound.DependentContextImpl.get(DependentContextImpl.java:70)
s3g_1       | 	at org.jboss.weld.bean.ContextualInstanceStrategy$DefaultContextualInstanceStrategy.get(ContextualInstanceStrategy.java:100)
s3g_1       | 	at org.jboss.weld.bean.ContextualInstance.get(ContextualInstance.java:50)
om_1        | 2019-11-05 15:19:16,587 INFO ipc.Server: Auth successful for testuser/scm@EXAMPLE.COM (auth:KERBEROS)
datanode_2  | org.apache.hadoop.hdds.security.token.BlockTokenException: Fail to find any token (empty or null.)
s3g_1       | 	at org.jboss.weld.manager.BeanManagerImpl.getReference(BeanManagerImpl.java:785)
scm_1       | 2019-11-05 15:19:45,728 INFO ipc.Server: Auth successful for dn/b02c10b648ec@EXAMPLE.COM (auth:KERBEROS)
datanode_3  | 2019-11-05 15:31:12,821 INFO impl.StateMachineUpdater: 65b045d6-0798-4529-be79-23f96ebadc70@group-A2D9CD99E696-StateMachineUpdater: set stopIndex = 593
om_1        | 2019-11-05 15:19:16,597 INFO authorize.ServiceAuthorizationManager: Authorization successful for testuser/scm@EXAMPLE.COM (auth:KERBEROS) for protocol=interface org.apache.hadoop.ozone.om.protocol.OzoneManagerProtocol
datanode_2  | 	at org.apache.hadoop.hdds.security.token.BlockTokenVerifier.verify(BlockTokenVerifier.java:64)
datanode_1  | 2019-11-05 15:30:56,051 WARN server.GrpcLogAppender: 17414fb0-0a88-4ed0-b338-a6bb54c0163a@group-A2D9CD99E696->783dd527-56b6-43ff-bb0b-0439dfa614f2-GrpcLogAppender: appendEntries Timeout, request=AppendEntriesRequest:cid=1079,entriesCount=0,lastEntry=null
kdc_1       | Nov 05 15:09:12 kdc krb5kdc[9](info): AS_REQ (8 etypes {18 17 20 19 16 23 25 26}) 127.0.0.1: ISSUE: authtime 1572966552, etypes {rep=18 tkt=18 ses=18}, admin/admin@EXAMPLE.COM for kadmin/admin@EXAMPLE.COM
s3g_1       | 	at org.jboss.weld.manager.BeanManagerImpl.getReference(BeanManagerImpl.java:808)
datanode_3  | 2019-11-05 15:31:12,823 ERROR ratis.ContainerStateMachine: Failed to take snapshot  for group-A2D9CD99E696 as the stateMachine is unhealthy. The last applied index is at (t:2, i:592)
scm_1       | 2019-11-05 15:19:45,741 INFO authorize.ServiceAuthorizationManager: Authorization successful for dn/b02c10b648ec@EXAMPLE.COM (auth:KERBEROS) for protocol=interface org.apache.hadoop.ozone.protocol.StorageContainerDatanodeProtocol
om_1        | 2019-11-05 15:19:21,965 INFO ipc.Server: Auth successful for testuser/scm@EXAMPLE.COM (auth:KERBEROS)
datanode_2  | 	at org.apache.hadoop.ozone.container.common.transport.server.XceiverServer.submitRequest(XceiverServer.java:68)
datanode_1  | 2019-11-05 15:30:56,055 WARN server.GrpcLogAppender: 17414fb0-0a88-4ed0-b338-a6bb54c0163a@group-A2D9CD99E696->65b045d6-0798-4529-be79-23f96ebadc70-GrpcLogAppender: appendEntries Timeout, request=AppendEntriesRequest:cid=1078,entriesCount=0,lastEntry=null
kdc_1       | Nov 05 15:09:12 kdc krb5kdc[9](info): AS_REQ (8 etypes {18 17 20 19 16 23 25 26}) 127.0.0.1: SERVER_NOT_FOUND: admin/admin@EXAMPLE.COM for kadmin/localhost@EXAMPLE.COM, Server not found in Kerberos database
s3g_1       | 	at org.jboss.weld.util.ForwardingBeanManager.getReference(ForwardingBeanManager.java:61)
datanode_3  | 2019-11-05 15:31:12,823 ERROR impl.StateMachineUpdater: 65b045d6-0798-4529-be79-23f96ebadc70@group-A2D9CD99E696-StateMachineUpdater: Failed to take snapshot
scm_1       | 2019-11-05 15:20:15,622 INFO ipc.Server: Auth successful for dn/ce2968deb6a8@EXAMPLE.COM (auth:KERBEROS)
om_1        | 2019-11-05 15:19:22,011 INFO authorize.ServiceAuthorizationManager: Authorization successful for testuser/scm@EXAMPLE.COM (auth:KERBEROS) for protocol=interface org.apache.hadoop.ozone.om.protocol.OzoneManagerProtocol
datanode_2  | 	at org.apache.hadoop.ozone.container.common.transport.server.ratis.XceiverServerRatis.submitRequest(XceiverServerRatis.java:496)
datanode_1  | 2019-11-05 15:30:58,551 WARN server.GrpcLogAppender: 17414fb0-0a88-4ed0-b338-a6bb54c0163a@group-A2D9CD99E696->783dd527-56b6-43ff-bb0b-0439dfa614f2-GrpcLogAppender: appendEntries Timeout, request=AppendEntriesRequest:cid=1080,entriesCount=0,lastEntry=null
kdc_1       | Nov 05 15:09:12 kdc krb5kdc[9](info): AS_REQ (8 etypes {18 17 20 19 16 23 25 26}) 127.0.0.1: ISSUE: authtime 1572966552, etypes {rep=18 tkt=18 ses=18}, admin/admin@EXAMPLE.COM for kadmin/admin@EXAMPLE.COM
s3g_1       | 	at org.jboss.weld.bean.builtin.BeanManagerProxy.getReference(BeanManagerProxy.java:85)
datanode_3  | org.apache.ratis.protocol.StateMachineException: Failed to take snapshot  for group-A2D9CD99E696 as the stateMachine is unhealthy. The last applied index is at (t:2, i:592)
scm_1       | 2019-11-05 15:20:15,633 INFO authorize.ServiceAuthorizationManager: Authorization successful for dn/ce2968deb6a8@EXAMPLE.COM (auth:KERBEROS) for protocol=interface org.apache.hadoop.ozone.protocol.StorageContainerDatanodeProtocol
om_1        | 2019-11-05 15:19:27,574 INFO ipc.Server: Auth successful for testuser/scm@EXAMPLE.COM (auth:KERBEROS)
datanode_2  | 	at org.apache.hadoop.ozone.container.common.statemachine.commandhandler.CloseContainerCommandHandler.handle(CloseContainerCommandHandler.java:102)
datanode_2  | 	at org.apache.hadoop.ozone.container.common.statemachine.commandhandler.CommandDispatcher.handle(CommandDispatcher.java:99)
datanode_2  | 	at org.apache.hadoop.ozone.container.common.statemachine.DatanodeStateMachine.lambda$initCommandHandlerThread$1(DatanodeStateMachine.java:432)
s3g_1       | 	at org.glassfish.jersey.ext.cdi1x.internal.CdiUtil.getBeanReference(CdiUtil.java:151)
datanode_3  | 	at org.apache.hadoop.ozone.container.common.transport.server.ratis.ContainerStateMachine.takeSnapshot(ContainerStateMachine.java:285)
datanode_3  | 	at org.apache.ratis.server.impl.StateMachineUpdater.takeSnapshot(StateMachineUpdater.java:254)
datanode_3  | 	at org.apache.ratis.server.impl.StateMachineUpdater.checkAndTakeSnapshot(StateMachineUpdater.java:247)
datanode_3  | 	at org.apache.ratis.server.impl.StateMachineUpdater.run(StateMachineUpdater.java:166)
datanode_3  | 	at java.base/java.lang.Thread.run(Thread.java:834)
datanode_3  | 2019-11-05 15:31:12,824 ERROR ratis.ContainerStateMachine: Failed to take snapshot  for group-A2D9CD99E696 as the stateMachine is unhealthy. The last applied index is at (t:2, i:592)
datanode_3  | 2019-11-05 15:31:12,824 ERROR impl.StateMachineUpdater: 65b045d6-0798-4529-be79-23f96ebadc70@group-A2D9CD99E696-StateMachineUpdater: Failed to take snapshot
scm_1       | 2019-11-05 15:20:15,651 INFO ipc.Server: Auth successful for dn/e0d99040740e@EXAMPLE.COM (auth:KERBEROS)
scm_1       | 2019-11-05 15:20:15,656 INFO authorize.ServiceAuthorizationManager: Authorization successful for dn/e0d99040740e@EXAMPLE.COM (auth:KERBEROS) for protocol=interface org.apache.hadoop.ozone.protocol.StorageContainerDatanodeProtocol
scm_1       | 2019-11-05 15:20:15,739 INFO ipc.Server: Auth successful for dn/b02c10b648ec@EXAMPLE.COM (auth:KERBEROS)
scm_1       | 2019-11-05 15:20:15,765 INFO authorize.ServiceAuthorizationManager: Authorization successful for dn/b02c10b648ec@EXAMPLE.COM (auth:KERBEROS) for protocol=interface org.apache.hadoop.ozone.protocol.StorageContainerDatanodeProtocol
s3g_1       | 	at org.glassfish.jersey.ext.cdi1x.internal.AbstractCdiBeanSupplier$1.getInstance(AbstractCdiBeanSupplier.java:93)
