rm_1        | --2019-10-30 17:35:03--  http://kdc:8081/keytab/rm/testuser
jhs         | 
s3g_1       | --2019-10-30 17:35:01--  http://kdc:8081/keytab/s3g/testuser
kms_1       |    2 10/30/19 17:34:59 HTTP/20eac8b8744e@EXAMPLE.COM
kdc_1       | Oct 30 17:34:55 kdc krb5kdc[9](info): AS_REQ (8 etypes {18 17 20 19 16 23 25 26}) 127.0.0.1: ISSUE: authtime 1572456895, etypes {rep=18 tkt=18 ses=18}, admin/admin@EXAMPLE.COM for kadmin/admin@EXAMPLE.COM
datanode_2  |    2 10/30/19 17:34:59 HTTP/eebd7cbc4bcd@EXAMPLE.COM
datanode_3  | --2019-10-30 17:35:00--  http://kdc:8081/keytab/1004cc79f193/testuser
datanode_1  |    2 10/30/19 17:35:01 HTTP/3c4bd144b174@EXAMPLE.COM
om_1        | Saving to: '/etc/security/keytabs/testuser.keytab'
scm_1       | ---- ----------------- --------------------------------------------------------
rm_1        | Resolving kdc (kdc)... 172.18.0.2
jhs         | Keytab name: FILE:/etc/security/keytabs/HTTP.keytab
s3g_1       | Resolving kdc (kdc)... 172.18.0.2
kms_1       |    2 10/30/19 17:34:59 HTTP/20eac8b8744e@EXAMPLE.COM
datanode_2  |    2 10/30/19 17:34:59 HTTP/eebd7cbc4bcd@EXAMPLE.COM
kdc_1       | Oct 30 17:34:55 kdc krb5kdc[9](info): AS_REQ (8 etypes {18 17 20 19 16 23 25 26}) 127.0.0.1: SERVER_NOT_FOUND: admin/admin@EXAMPLE.COM for kadmin/localhost@EXAMPLE.COM, Server not found in Kerberos database
nm_1        |    2 10/30/19 17:35:01 HTTP/nm@EXAMPLE.COM
datanode_3  | Resolving kdc (kdc)... 172.18.0.2
datanode_1  |    2 10/30/19 17:35:01 HTTP/3c4bd144b174@EXAMPLE.COM
om_1        | 
scm_1       |    2 10/30/19 17:34:59 HTTP/scm@EXAMPLE.COM
rm_1        | Connecting to kdc (kdc)|172.18.0.2|:8081... connected.
jhs         | KVNO Timestamp         Principal
s3g_1       | Connecting to kdc (kdc)|172.18.0.2|:8081... connected.
kms_1       | Download testuser/20eac8b8744e@EXAMPLE.COM keytab file to /etc/security/keytabs/testuser.keytab
datanode_2  | Download testuser/eebd7cbc4bcd@EXAMPLE.COM keytab file to /etc/security/keytabs/testuser.keytab
kdc_1       | Oct 30 17:34:55 kdc krb5kdc[9](info): AS_REQ (8 etypes {18 17 20 19 16 23 25 26}) 127.0.0.1: ISSUE: authtime 1572456895, etypes {rep=18 tkt=18 ses=18}, admin/admin@EXAMPLE.COM for kadmin/admin@EXAMPLE.COM
nm_1        |    2 10/30/19 17:35:01 HTTP/nm@EXAMPLE.COM
datanode_3  | Connecting to kdc (kdc)|172.18.0.2|:8081... connected.
datanode_1  | Download testuser/3c4bd144b174@EXAMPLE.COM keytab file to /etc/security/keytabs/testuser.keytab
om_1        |      0K                                                       100% 11.5M=0s
scm_1       |    2 10/30/19 17:34:59 HTTP/scm@EXAMPLE.COM
rm_1        | HTTP request sent, awaiting response... 200 OK
jhs         | ---- ----------------- --------------------------------------------------------
s3g_1       | HTTP request sent, awaiting response... 200 OK
kms_1       | --2019-10-30 17:34:59--  http://kdc:8081/keytab/20eac8b8744e/testuser
datanode_2  | --2019-10-30 17:34:59--  http://kdc:8081/keytab/eebd7cbc4bcd/testuser
kdc_1       | Oct 30 17:34:56 kdc krb5kdc[9](info): AS_REQ (8 etypes {18 17 20 19 16 23 25 26}) 127.0.0.1: SERVER_NOT_FOUND: admin/admin@EXAMPLE.COM for kadmin/localhost@EXAMPLE.COM, Server not found in Kerberos database
nm_1        | Download testuser/nm@EXAMPLE.COM keytab file to /etc/security/keytabs/testuser.keytab
datanode_3  | HTTP request sent, awaiting response... 200 OK
datanode_1  | --2019-10-30 17:35:01--  http://kdc:8081/keytab/3c4bd144b174/testuser
om_1        | 
scm_1       | Download testuser/scm@EXAMPLE.COM keytab file to /etc/security/keytabs/testuser.keytab
jhs         |    2 10/30/19 17:34:59 HTTP/jhs@EXAMPLE.COM
rm_1        | Length: 150 [application/octet-stream]
s3g_1       | Length: 152 [application/octet-stream]
kms_1       | Resolving kdc (kdc)... 172.18.0.2
datanode_2  | Resolving kdc (kdc)... 172.18.0.2
nm_1        | --2019-10-30 17:35:01--  http://kdc:8081/keytab/nm/testuser
datanode_3  | Length: 170 [application/octet-stream]
datanode_1  | Resolving kdc (kdc)... 172.18.0.2
om_1        | 2019-10-30 17:35:04 (11.5 MB/s) - '/etc/security/keytabs/testuser.keytab' saved [150/150]
scm_1       | --2019-10-30 17:34:59--  http://kdc:8081/keytab/scm/testuser
rm_1        | Saving to: '/etc/security/keytabs/testuser.keytab'
jhs         |    2 10/30/19 17:34:59 HTTP/jhs@EXAMPLE.COM
kdc_1       | Oct 30 17:34:56 kdc krb5kdc[9](info): AS_REQ (8 etypes {18 17 20 19 16 23 25 26}) 127.0.0.1: ISSUE: authtime 1572456896, etypes {rep=18 tkt=18 ses=18}, admin/admin@EXAMPLE.COM for kadmin/admin@EXAMPLE.COM
s3g_1       | Saving to: '/etc/security/keytabs/testuser.keytab'
kms_1       | Connecting to kdc (kdc)|172.18.0.2|:8081... connected.
datanode_2  | Connecting to kdc (kdc)|172.18.0.2|:8081... connected.
nm_1        | Resolving kdc (kdc)... 172.18.0.2
datanode_3  | Saving to: '/etc/security/keytabs/testuser.keytab'
datanode_1  | Connecting to kdc (kdc)|172.18.0.2|:8081... connected.
om_1        | 
scm_1       | Resolving kdc (kdc)... 172.18.0.2
rm_1        | 
jhs         | Download testuser/jhs@EXAMPLE.COM keytab file to /etc/security/keytabs/testuser.keytab
s3g_1       | 
kdc_1       | Oct 30 17:34:56 kdc krb5kdc[9](info): AS_REQ (8 etypes {18 17 20 19 16 23 25 26}) 127.0.0.1: SERVER_NOT_FOUND: admin/admin@EXAMPLE.COM for kadmin/localhost@EXAMPLE.COM, Server not found in Kerberos database
kms_1       | HTTP request sent, awaiting response... 200 OK
datanode_2  | HTTP request sent, awaiting response... 200 OK
nm_1        | Connecting to kdc (kdc)|172.18.0.2|:8081... connected.
datanode_3  | 
datanode_1  | HTTP request sent, awaiting response... 200 OK
om_1        | Keytab name: FILE:/etc/security/keytabs/testuser.keytab
scm_1       | Connecting to kdc (kdc)|172.18.0.2|:8081... connected.
rm_1        |      0K                                                       100% 14.7M=0s
jhs         | --2019-10-30 17:34:59--  http://kdc:8081/keytab/jhs/testuser
s3g_1       |      0K                                                       100% 8.84M=0s
kdc_1       | Oct 30 17:34:56 kdc krb5kdc[9](info): AS_REQ (8 etypes {18 17 20 19 16 23 25 26}) 127.0.0.1: ISSUE: authtime 1572456896, etypes {rep=18 tkt=18 ses=18}, admin/admin@EXAMPLE.COM for kadmin/admin@EXAMPLE.COM
kms_1       | Length: 170 [application/octet-stream]
datanode_2  | Length: 170 [application/octet-stream]
nm_1        | HTTP request sent, awaiting response... 200 OK
datanode_3  |      0K                                                       100% 9.91M=0s
datanode_1  | Length: 170 [application/octet-stream]
om_1        | KVNO Timestamp         Principal
scm_1       | HTTP request sent, awaiting response... 200 OK
rm_1        | 
jhs         | Resolving kdc (kdc)... 172.18.0.2
s3g_1       | 
kdc_1       | Oct 30 17:34:56 kdc krb5kdc[9](info): AS_REQ (8 etypes {18 17 20 19 16 23 25 26}) 127.0.0.1: SERVER_NOT_FOUND: admin/admin@EXAMPLE.COM for kadmin/localhost@EXAMPLE.COM, Server not found in Kerberos database
kms_1       | Saving to: '/etc/security/keytabs/testuser.keytab'
datanode_2  | Saving to: '/etc/security/keytabs/testuser.keytab'
nm_1        | Length: 150 [application/octet-stream]
datanode_3  | 
datanode_1  | Saving to: '/etc/security/keytabs/testuser.keytab'
scm_1       | Length: 152 [application/octet-stream]
rm_1        | 2019-10-30 17:35:04 (14.7 MB/s) - '/etc/security/keytabs/testuser.keytab' saved [150/150]
om_1        | ---- ----------------- --------------------------------------------------------
s3g_1       | 2019-10-30 17:35:02 (8.84 MB/s) - '/etc/security/keytabs/testuser.keytab' saved [152/152]
kdc_1       | Oct 30 17:34:56 kdc krb5kdc[9](info): AS_REQ (8 etypes {18 17 20 19 16 23 25 26}) 127.0.0.1: ISSUE: authtime 1572456896, etypes {rep=18 tkt=18 ses=18}, admin/admin@EXAMPLE.COM for kadmin/admin@EXAMPLE.COM
jhs         | Connecting to kdc (kdc)|172.18.0.2|:8081... connected.
kms_1       | 
datanode_2  | 
nm_1        | Saving to: '/etc/security/keytabs/testuser.keytab'
datanode_3  | 2019-10-30 17:35:02 (9.91 MB/s) - '/etc/security/keytabs/testuser.keytab' saved [170/170]
datanode_1  | 
scm_1       | Saving to: '/etc/security/keytabs/testuser.keytab'
rm_1        | 
om_1        |    2 10/30/19 17:35:04 testuser/om@EXAMPLE.COM
s3g_1       | 
kdc_1       | Oct 30 17:34:56 kdc krb5kdc[9](info): AS_REQ (8 etypes {18 17 20 19 16 23 25 26}) 127.0.0.1: SERVER_NOT_FOUND: admin/admin@EXAMPLE.COM for kadmin/localhost@EXAMPLE.COM, Server not found in Kerberos database
jhs         | HTTP request sent, awaiting response... 200 OK
kms_1       |      0K                                                       100% 15.0M=0s
datanode_2  |      0K                                                       100% 10.3M=0s
nm_1        | 
datanode_3  | 
datanode_1  |      0K                                                       100% 12.9M=0s
scm_1       | 
rm_1        | Keytab name: FILE:/etc/security/keytabs/testuser.keytab
om_1        |    2 10/30/19 17:35:04 testuser/om@EXAMPLE.COM
s3g_1       | Keytab name: FILE:/etc/security/keytabs/testuser.keytab
kdc_1       | Oct 30 17:34:56 kdc krb5kdc[9](info): AS_REQ (8 etypes {18 17 20 19 16 23 25 26}) 127.0.0.1: ISSUE: authtime 1572456896, etypes {rep=18 tkt=18 ses=18}, admin/admin@EXAMPLE.COM for kadmin/admin@EXAMPLE.COM
jhs         | Length: 152 [application/octet-stream]
kms_1       | 
datanode_2  | 
nm_1        |      0K                                                       100% 12.9M=0s
datanode_3  | Keytab name: FILE:/etc/security/keytabs/testuser.keytab
datanode_1  | 
scm_1       |      0K                                                       100% 14.9M=0s
rm_1        | KVNO Timestamp         Principal
om_1        | Download s3g/om@EXAMPLE.COM keytab file to /etc/security/keytabs/s3g.keytab
s3g_1       | KVNO Timestamp         Principal
kdc_1       | Oct 30 17:34:56 kdc krb5kdc[9](info): AS_REQ (8 etypes {18 17 20 19 16 23 25 26}) 127.0.0.1: SERVER_NOT_FOUND: admin/admin@EXAMPLE.COM for kadmin/localhost@EXAMPLE.COM, Server not found in Kerberos database
jhs         | Saving to: '/etc/security/keytabs/testuser.keytab'
datanode_2  | 2019-10-30 17:35:01 (10.3 MB/s) - '/etc/security/keytabs/testuser.keytab' saved [170/170]
kms_1       | 2019-10-30 17:35:00 (15.0 MB/s) - '/etc/security/keytabs/testuser.keytab' saved [170/170]
nm_1        | 
datanode_3  | KVNO Timestamp         Principal
datanode_1  | 2019-10-30 17:35:02 (12.9 MB/s) - '/etc/security/keytabs/testuser.keytab' saved [170/170]
scm_1       | 
rm_1        | ---- ----------------- --------------------------------------------------------
om_1        | --2019-10-30 17:35:04--  http://kdc:8081/keytab/om/s3g
s3g_1       | ---- ----------------- --------------------------------------------------------
kdc_1       | Oct 30 17:34:56 kdc krb5kdc[9](info): AS_REQ (8 etypes {18 17 20 19 16 23 25 26}) 127.0.0.1: ISSUE: authtime 1572456896, etypes {rep=18 tkt=18 ses=18}, admin/admin@EXAMPLE.COM for kadmin/admin@EXAMPLE.COM
jhs         | 
datanode_2  | 
kms_1       | 
nm_1        | 2019-10-30 17:35:03 (12.9 MB/s) - '/etc/security/keytabs/testuser.keytab' saved [150/150]
datanode_3  | ---- ----------------- --------------------------------------------------------
datanode_1  | 
scm_1       | 2019-10-30 17:35:01 (14.9 MB/s) - '/etc/security/keytabs/testuser.keytab' saved [152/152]
rm_1        |    2 10/30/19 17:35:04 testuser/rm@EXAMPLE.COM
om_1        | Resolving kdc (kdc)... 172.18.0.2
s3g_1       |    2 10/30/19 17:35:02 testuser/s3g@EXAMPLE.COM
kdc_1       | Oct 30 17:34:56 kdc krb5kdc[9](info): AS_REQ (8 etypes {18 17 20 19 16 23 25 26}) 127.0.0.1: SERVER_NOT_FOUND: admin/admin@EXAMPLE.COM for kadmin/localhost@EXAMPLE.COM, Server not found in Kerberos database
jhs         |      0K                                                       100% 11.1M=0s
datanode_2  | Keytab name: FILE:/etc/security/keytabs/testuser.keytab
kms_1       | Keytab name: FILE:/etc/security/keytabs/testuser.keytab
nm_1        | 
datanode_3  |    2 10/30/19 17:35:02 testuser/1004cc79f193@EXAMPLE.COM
datanode_1  | Keytab name: FILE:/etc/security/keytabs/testuser.keytab
scm_1       | 
rm_1        |    2 10/30/19 17:35:04 testuser/rm@EXAMPLE.COM
om_1        | Connecting to kdc (kdc)|172.18.0.2|:8081... connected.
s3g_1       |    2 10/30/19 17:35:02 testuser/s3g@EXAMPLE.COM
kdc_1       | Oct 30 17:34:56 kdc krb5kdc[9](info): AS_REQ (8 etypes {18 17 20 19 16 23 25 26}) 127.0.0.1: ISSUE: authtime 1572456896, etypes {rep=18 tkt=18 ses=18}, admin/admin@EXAMPLE.COM for kadmin/admin@EXAMPLE.COM
jhs         | 
datanode_2  | KVNO Timestamp         Principal
kms_1       | KVNO Timestamp         Principal
nm_1        | Keytab name: FILE:/etc/security/keytabs/testuser.keytab
datanode_3  |    2 10/30/19 17:35:02 testuser/1004cc79f193@EXAMPLE.COM
datanode_1  | KVNO Timestamp         Principal
scm_1       | Keytab name: FILE:/etc/security/keytabs/testuser.keytab
rm_1        | Download s3g/rm@EXAMPLE.COM keytab file to /etc/security/keytabs/s3g.keytab
om_1        | HTTP request sent, awaiting response... 200 OK
kdc_1       | Oct 30 17:34:56 kdc krb5kdc[9](info): AS_REQ (8 etypes {18 17 20 19 16 23 25 26}) 127.0.0.1: SERVER_NOT_FOUND: admin/admin@EXAMPLE.COM for kadmin/localhost@EXAMPLE.COM, Server not found in Kerberos database
jhs         | 2019-10-30 17:35:00 (11.1 MB/s) - '/etc/security/keytabs/testuser.keytab' saved [152/152]
s3g_1       | Download s3g/s3g@EXAMPLE.COM keytab file to /etc/security/keytabs/s3g.keytab
datanode_2  | ---- ----------------- --------------------------------------------------------
kms_1       | ---- ----------------- --------------------------------------------------------
nm_1        | KVNO Timestamp         Principal
datanode_3  | Download s3g/1004cc79f193@EXAMPLE.COM keytab file to /etc/security/keytabs/s3g.keytab
datanode_1  | ---- ----------------- --------------------------------------------------------
scm_1       | KVNO Timestamp         Principal
rm_1        | --2019-10-30 17:35:04--  http://kdc:8081/keytab/rm/s3g
om_1        | Length: 140 [application/octet-stream]
kdc_1       | Oct 30 17:34:56 kdc krb5kdc[9](info): AS_REQ (8 etypes {18 17 20 19 16 23 25 26}) 127.0.0.1: ISSUE: authtime 1572456896, etypes {rep=18 tkt=18 ses=18}, admin/admin@EXAMPLE.COM for kadmin/admin@EXAMPLE.COM
jhs         | 
s3g_1       | --2019-10-30 17:35:02--  http://kdc:8081/keytab/s3g/s3g
datanode_2  |    2 10/30/19 17:35:01 testuser/eebd7cbc4bcd@EXAMPLE.COM
kms_1       |    2 10/30/19 17:35:00 testuser/20eac8b8744e@EXAMPLE.COM
nm_1        | ---- ----------------- --------------------------------------------------------
datanode_3  | --2019-10-30 17:35:02--  http://kdc:8081/keytab/1004cc79f193/s3g
datanode_1  |    2 10/30/19 17:35:02 testuser/3c4bd144b174@EXAMPLE.COM
rm_1        | Resolving kdc (kdc)... 172.18.0.2
scm_1       | ---- ----------------- --------------------------------------------------------
om_1        | Saving to: '/etc/security/keytabs/s3g.keytab'
kdc_1       | Oct 30 17:34:56 kdc krb5kdc[9](info): AS_REQ (8 etypes {18 17 20 19 16 23 25 26}) 127.0.0.1: SERVER_NOT_FOUND: admin/admin@EXAMPLE.COM for kadmin/localhost@EXAMPLE.COM, Server Oct 30 17:34:55 kdc kadmind[15](Notice): Request: kadm5_init, admin/admin@EXAMPLE.COM, success, client=admin/admin@EXAMPLE.COM, service=kadmin/admin@EXAMPLE.COM, addr=127.0.0.1, vers=4, flavor=6
jhs         | Keytab name: FILE:/etc/security/keytabs/testuser.keytab
s3g_1       | Resolving kdc (kdc)... 172.18.0.2
kms_1       |    2 10/30/19 17:35:00 testuser/20eac8b8744e@EXAMPLE.COM
nm_1        |    2 10/30/19 17:35:02 testuser/nm@EXAMPLE.COM
datanode_2  |    2 10/30/19 17:35:01 testuser/eebd7cbc4bcd@EXAMPLE.COM
datanode_3  | Resolving kdc (kdc)... 172.18.0.2
datanode_1  |    2 10/30/19 17:35:02 testuser/3c4bd144b174@EXAMPLE.COM
rm_1        | Connecting to kdc (kdc)|172.18.0.2|:8081... connected.
scm_1       |    2 10/30/19 17:35:01 testuser/scm@EXAMPLE.COM
kdc_1       | Oct 30 17:34:55 kdc kadmind[15](Notice): Request: kadm5_get_policy, default, Policy does not exist, client=admin/admin@EXAMPLE.COM, service=kadmin/admin@EXAMPLE.COM, addr=127.0.0.1
om_1        | 
jhs         | KVNO Timestamp         Principal
s3g_1       | Connecting to kdc (kdc)|172.18.0.2|:8081... connected.
nm_1        |    2 10/30/19 17:35:03 testuser/nm@EXAMPLE.COM
datanode_2  | Download s3g/eebd7cbc4bcd@EXAMPLE.COM keytab file to /etc/security/keytabs/s3g.keytab
datanode_3  | Connecting to kdc (kdc)|172.18.0.2|:8081... connected.
datanode_1  | Download s3g/3c4bd144b174@EXAMPLE.COM keytab file to /etc/security/keytabs/s3g.keytab
scm_1       |    2 10/30/19 17:35:01 testuser/scm@EXAMPLE.COM
rm_1        | HTTP request sent, awaiting response... 200 OK
kms_1       | Download s3g/20eac8b8744e@EXAMPLE.COM keytab file to /etc/security/keytabs/s3g.keytab
kdc_1       | Oct 30 17:34:55 kdc kadmind[15](Notice): Request: kadm5_create_principal, test/test@EXAMPLE.COM, success, client=admin/admin@EXAMPLE.COM, service=kadmin/admin@EXAMPLE.COM, addr=127.0.0.1
om_1        |      0K                                                       100% 13.7M=0s
jhs         | ---- ----------------- --------------------------------------------------------
s3g_1       | HTTP request sent, awaiting response... 200 OK
nm_1        | Download s3g/nm@EXAMPLE.COM keytab file to /etc/security/keytabs/s3g.keytab
datanode_2  | --2019-10-30 17:35:01--  http://kdc:8081/keytab/eebd7cbc4bcd/s3g
datanode_3  | HTTP request sent, awaiting response... 200 OK
datanode_1  | --2019-10-30 17:35:02--  http://kdc:8081/keytab/3c4bd144b174/s3g
scm_1       | Download s3g/scm@EXAMPLE.COM keytab file to /etc/security/keytabs/s3g.keytab
rm_1        | Length: 140 [application/octet-stream]
kms_1       | --2019-10-30 17:35:00--  http://kdc:8081/keytab/20eac8b8744e/s3g
kdc_1       | Oct 30 17:34:55 kdc kadmind[15](info): closing down fd 18
om_1        | 
jhs         |    2 10/30/19 17:35:00 testuser/jhs@EXAMPLE.COM
s3g_1       | Length: 142 [application/octet-stream]
datanode_2  | Resolving kdc (kdc)... 172.18.0.2
datanode_3  | Length: 160 [application/octet-stream]
datanode_1  | Resolving kdc (kdc)... 172.18.0.2
scm_1       | --2019-10-30 17:35:01--  http://kdc:8081/keytab/scm/s3g
nm_1        | --2019-10-30 17:35:03--  http://kdc:8081/keytab/nm/s3g
kms_1       | Resolving kdc (kdc)... 172.18.0.2
rm_1        | Saving to: '/etc/security/keytabs/s3g.keytab'
om_1        | 2019-10-30 17:35:06 (13.7 MB/s) - '/etc/security/keytabs/s3g.keytab' saved [140/140]
kdc_1       | Oct 30 17:34:55 kdc kadmind[15](Notice): Request: kadm5_init, admin/admin@EXAMPLE.COM, success, client=admin/admin@EXAMPLE.COM, service=kadmin/admin@EXAMPLE.COM, addr=127.0.0.1, vers=4, flavor=6
jhs         |    2 10/30/19 17:35:00 testuser/jhs@EXAMPLE.COM
s3g_1       | Saving to: '/etc/security/keytabs/s3g.keytab'
datanode_2  | Connecting to kdc (kdc)|172.18.0.2|:8081... connected.
datanode_3  | Saving to: '/etc/security/keytabs/s3g.keytab'
datanode_1  | Connecting to kdc (kdc)|172.18.0.2|:8081... connected.
scm_1       | Resolving kdc (kdc)... 172.18.0.2
nm_1        | Resolving kdc (kdc)... 172.18.0.2
kms_1       | Connecting to kdc (kdc)|172.18.0.2|:8081... connected.
rm_1        | 
om_1        | 
kdc_1       | Oct 30 17:34:55 kdc kadmind[15](Notice): Request: kadm5_randkey_principal, test/test@EXAMPLE.COM, success, client=admin/admin@EXAMPLE.COM, service=kadmin/admin@EXAMPLE.COM, addr=127.0.0.1
jhs         | Download s3g/jhs@EXAMPLE.COM keytab file to /etc/security/keytabs/s3g.keytab
s3g_1       | 
datanode_2  | HTTP request sent, awaiting response... 200 OK
datanode_3  | 
datanode_1  | HTTP request sent, awaiting response... 200 OK
scm_1       | Connecting to kdc (kdc)|172.18.0.2|:8081... connected.
nm_1        | Connecting to kdc (kdc)|172.18.0.2|:8081... connected.
kms_1       | HTTP request sent, awaiting response... 200 OK
om_1        | Keytab name: FILE:/etc/security/keytabs/s3g.keytab
kdc_1       | Oct 30 17:34:55 kdc kadmind[15](Notice): Request: kadm5_get_principal, test/test@EXAMPLE.COM, success, client=admin/admin@EXAMPLE.COM, service=kadmin/admin@EXAMPLE.COM, addr=127.0.0.1
s3g_1       |      0K                                                       100% 7.74M=0s
jhs         | --2019-10-30 17:35:00--  http://kdc:8081/keytab/jhs/s3g
datanode_2  | Length: 160 [application/octet-stream]
datanode_3  |      0K                                                       100% 13.8M=0s
scm_1       | HTTP request sent, awaiting response... 200 OK
datanode_1  | Length: 160 [application/octet-stream]
rm_1        |      0K                                                       100% 18.1M=0s
nm_1        | HTTP request sent, awaiting response... 200 OK
kms_1       | Length: 160 [application/octet-stream]
om_1        | KVNO Timestamp         Principal
kdc_1       | Oct 30 17:34:55 kdc kadmind[15](info): closing down fd 18
s3g_1       | 
jhs         | Resolving kdc (kdc)... 172.18.0.2
datanode_2  | Saving to: '/etc/security/keytabs/s3g.keytab'
datanode_3  | 
scm_1       | Length: 142 [application/octet-stream]
datanode_1  | Saving to: '/etc/security/keytabs/s3g.keytab'
rm_1        | 
nm_1        | Length: 140 [application/octet-stream]
kms_1       | Saving to: '/etc/security/keytabs/s3g.keytab'
om_1        | ---- ----------------- --------------------------------------------------------
kdc_1       | Oct 30 17:34:55 kdc kadmind[15](Notice): Request: kadm5_init, admin/admin@EXAMPLE.COM, success, client=admin/admin@EXAMPLE.COM, service=kadmin/admin@EXAMPLE.COM, addr=127.0.0.1, vers=4, flavor=6
s3g_1       | 2019-10-30 17:35:04 (7.74 MB/s) - '/etc/security/keytabs/s3g.keytab' saved [142/142]
jhs         | Connecting to kdc (kdc)|172.18.0.2|:8081... connected.
datanode_2  | 
datanode_3  | 2019-10-30 17:35:03 (13.8 MB/s) - '/etc/security/keytabs/s3g.keytab' saved [160/160]
scm_1       | Saving to: '/etc/security/keytabs/s3g.keytab'
datanode_1  | 
rm_1        | 2019-10-30 17:35:06 (18.1 MB/s) - '/etc/security/keytabs/s3g.keytab' saved [140/140]
nm_1        | Saving to: '/etc/security/keytabs/s3g.keytab'
kms_1       | 
om_1        |    2 10/30/19 17:35:06 s3g/om@EXAMPLE.COM
s3g_1       | 
kdc_1       | Oct 30 17:34:55 kdc kadmind[15](Notice): Request: kadm5_get_policy, default, Policy does not exist, client=admin/admin@EXAMPLE.COM, service=kadmin/admin@EXAMPLE.COM, addr=127.0.0.1
jhs         | HTTP request sent, awaiting response... 200 OK
datanode_2  |      0K                                                       100% 12.4M=0s
datanode_3  | 
scm_1       | 
datanode_1  |      0K                                                       100% 12.2M=0s
rm_1        | 
nm_1        | 
kms_1       |      0K                                                       100% 11.1M=0s
om_1        |    2 10/30/19 17:35:06 s3g/om@EXAMPLE.COM
s3g_1       | Keytab name: FILE:/etc/security/keytabs/s3g.keytab
kdc_1       | Oct 30 17:34:55 kdc kadmind[15](Notice): Request: kadm5_create_principal, test/test@EXAMPLE.COM, Principal or policy already exists, client=admin/admin@EXAMPLE.COM, service=kadmin/admin@EXAMPLE.COM, addr=127.0.0.1
datanode_2  | 
jhs         | Length: 142 [application/octet-stream]
datanode_3  | Keytab name: FILE:/etc/security/keytabs/s3g.keytab
datanode_1  | 
scm_1       |      0K                                                       100% 10.2M=0s
rm_1        | Keytab name: FILE:/etc/security/keytabs/s3g.keytab
nm_1        |      0K                                                       100% 10.1M=0s
om_1        | Download rm/om@EXAMPLE.COM keytab file to /etc/security/keytabs/rm.keytab
kms_1       | 
s3g_1       | KVNO Timestamp         Principal
kdc_1       | Oct 30 17:34:55 kdc kadmind[15](info): closing down fd 18
datanode_2  | 2019-10-30 17:35:02 (12.4 MB/s) - '/etc/security/keytabs/s3g.keytab' saved [160/160]
jhs         | Saving to: '/etc/security/keytabs/s3g.keytab'
datanode_3  | KVNO Timestamp         Principal
datanode_1  | 2019-10-30 17:35:04 (12.2 MB/s) - '/etc/security/keytabs/s3g.keytab' saved [160/160]
scm_1       | 
rm_1        | KVNO Timestamp         Principal
nm_1        | 
om_1        | --2019-10-30 17:35:06--  http://kdc:8081/keytab/om/rm
kms_1       | 2019-10-30 17:35:02 (11.1 MB/s) - '/etc/security/keytabs/s3g.keytab' saved [160/160]
s3g_1       | ---- ----------------- --------------------------------------------------------
kdc_1       | Oct 30 17:34:55 kdc kadmind[15](Notice): Request: kadm5_init, admin/admin@EXAMPLE.COM, success, client=admin/admin@EXAMPLE.COM, service=kadmin/admin@EXAMPnot found in Kerberos database
datanode_2  | 
jhs         | 
datanode_3  | ---- ----------------- --------------------------------------------------------
datanode_1  | 
scm_1       | 2019-10-30 17:35:02 (10.2 MB/s) - '/etc/security/keytabs/s3g.keytab' saved [142/142]
rm_1        | ---- ----------------- --------------------------------------------------------
nm_1        | 2019-10-30 17:35:04 (10.1 MB/s) - '/etc/security/keytabs/s3g.keytab' saved [140/140]
om_1        | Resolving kdc (kdc)... 172.18.0.2
kms_1       | 
s3g_1       |    2 10/30/19 17:35:04 s3g/s3g@EXAMPLE.COM
kdc_1       | Oct 30 17:34:56 kdc krb5kdc[9](info): AS_REQ (8 etypes {18 17 20 19 16 23 25 26}) 127.0.0.1: ISSUE: authtime 1572456896, etypes {rep=18 tkt=18 ses=18}, admin/admin@EXAMPLE.COM for kadmin/admin@EXAMPLE.COM
datanode_2  | Keytab name: FILE:/etc/security/keytabs/s3g.keytab
jhs         |      0K                                                       100% 10.6M=0s
datanode_3  |    2 10/30/19 17:35:03 s3g/1004cc79f193@EXAMPLE.COM
datanode_1  | Keytab name: FILE:/etc/security/keytabs/s3g.keytab
scm_1       | 
rm_1        |    2 10/30/19 17:35:06 s3g/rm@EXAMPLE.COM
nm_1        | 
kms_1       | Keytab name: FILE:/etc/security/keytabs/s3g.keytab
om_1        | Connecting to kdc (kdc)|172.18.0.2|:8081... connected.
s3g_1       |    2 10/30/19 17:35:04 s3g/s3g@EXAMPLE.COM
kdc_1       | LE.COM, addr=127.0.0.1, vers=4, flavor=6
datanode_2  | KVNO Timestamp         Principal
jhs         | 
datanode_3  |    2 10/30/19 17:35:03 s3g/1004cc79f193@EXAMPLE.COM
datanode_1  | KVNO Timestamp         Principal
rm_1        |    2 10/30/19 17:35:06 s3g/rm@EXAMPLE.COM
nm_1        | Keytab name: FILE:/etc/security/keytabs/s3g.keytab
scm_1       | Keytab name: FILE:/etc/security/keytabs/s3g.keytab
kms_1       | KVNO Timestamp         Principal
s3g_1       | Download rm/s3g@EXAMPLE.COM keytab file to /etc/security/keytabs/rm.keytab
kdc_1       | Oct 30 17:34:55 kdc kadmind[15](Notice): Request: kadm5_randkey_principal, test/test@EXAMPLE.COM, success, client=admin/admin@EXAMPLE.COM, service=kadmin/admin@EXAMPLE.COM, addr=127.0.0.1
datanode_2  | ---- ----------------- --------------------------------------------------------
jhs         | 2019-10-30 17:35:02 (10.6 MB/s) - '/etc/security/keytabs/s3g.keytab' saved [142/142]
datanode_3  | Download rm/1004cc79f193@EXAMPLE.COM keytab file to /etc/security/keytabs/rm.keytab
om_1        | HTTP request sent, awaiting response... 200 OK
datanode_1  | ---- ----------------- --------------------------------------------------------
rm_1        | Download rm/rm@EXAMPLE.COM keytab file to /etc/security/keytabs/rm.keytab
nm_1        | KVNO Timestamp         Principal
scm_1       | KVNO Timestamp         Principal
kms_1       | ---- ----------------- --------------------------------------------------------
s3g_1       | --2019-10-30 17:35:04--  http://kdc:8081/keytab/s3g/rm
kdc_1       | Oct 30 17:34:55 kdc kadmind[15](Notice): Request: kadm5_get_principal, test/test@EXAMPLE.COM, success, client=admin/admin@EXAMPLE.COM, service=kadmin/admin@EXAMPLE.COM, addr=127.0.0.1
datanode_2  |    2 10/30/19 17:35:02 s3g/eebd7cbc4bcd@EXAMPLE.COM
jhs         | 
datanode_3  | --2019-10-30 17:35:03--  http://kdc:8081/keytab/1004cc79f193/rm
om_1        | Length: 138 [application/octet-stream]
datanode_1  |    2 10/30/19 17:35:04 s3g/3c4bd144b174@EXAMPLE.COM
rm_1        | --2019-10-30 17:35:06--  http://kdc:8081/keytab/rm/rm
nm_1        | ---- ----------------- --------------------------------------------------------
scm_1       | ---- ----------------- --------------------------------------------------------
kms_1       |    2 10/30/19 17:35:02 s3g/20eac8b8744e@EXAMPLE.COM
s3g_1       | Resolving kdc (kdc)... 172.18.0.2
kdc_1       | Oct 30 17:34:55 kdc kadmind[15](info): closing down fd 18
datanode_2  |    2 10/30/19 17:35:02 s3g/eebd7cbc4bcd@EXAMPLE.COM
jhs         | Keytab name: FILE:/etc/security/keytabs/s3g.keytab
datanode_3  | Resolving kdc (kdc)... 172.18.0.2
om_1        | Saving to: '/etc/security/keytabs/rm.keytab'
datanode_1  |    2 10/30/19 17:35:04 s3g/3c4bd144b174@EXAMPLE.COM
rm_1        | Resolving kdc (kdc)... 172.18.0.2
nm_1        |    2 10/30/19 17:35:04 s3g/nm@EXAMPLE.COM
scm_1       |    2 10/30/19 17:35:02 s3g/scm@EXAMPLE.COM
kms_1       |    2 10/30/19 17:35:02 s3g/20eac8b8744e@EXAMPLE.COM
s3g_1       | Connecting to kdc (kdc)|172.18.0.2|:8081... connected.
kdc_1       | Oct 30 17:34:56 kdc kadmind[15](Notice): Request: kadm5_init, admin/admin@EXAMPLE.COM, success, client=admin/admin@EXAMPLE.COM, service=kadmin/admin@EXAMPLE.COM, addr=127.0.0.1, vers=4, flavor=6
datanode_2  | Download rm/eebd7cbc4bcd@EXAMPLE.COM keytab file to /etc/security/keytabs/rm.keytab
datanode_3  | Connecting to kdc (kdc)|172.18.0.2|:8081... connected.
jhs         | KVNO Timestamp         Principal
om_1        | 
datanode_1  | Download rm/3c4bd144b174@EXAMPLE.COM keytab file to /etc/security/keytabs/rm.keytab
rm_1        | Connecting to kdc (kdc)|172.18.0.2|:8081... connected.
nm_1        |    2 10/30/19 17:35:04 s3g/nm@EXAMPLE.COM
scm_1       |    2 10/30/19 17:35:02 s3g/scm@EXAMPLE.COM
kms_1       | Download rm/20eac8b8744e@EXAMPLE.COM keytab file to /etc/security/keytabs/rm.keytab
s3g_1       | HTTP request sent, awaiting response... 200 OK
kdc_1       | Oct 30 17:34:56 kdc kadmind[15](Notice): Request: kadm5_get_policy, default, Policy does not exist, client=admin/admin@EXAMPLE.COM, service=kadmin/admin@EXAMPLE.COM, addr=127.0.0.1
datanode_2  | --2019-10-30 17:35:02--  http://kdc:8081/keytab/eebd7cbc4bcd/rm
datanode_3  | HTTP request sent, awaiting response... 200 OK
jhs         | ---- ----------------- --------------------------------------------------------
om_1        |      0K                                                       100% 3.37M=0s
datanode_1  | --2019-10-30 17:35:04--  http://kdc:8081/keytab/3c4bd144b174/rm
rm_1        | HTTP request sent, awaiting response... 200 OK
nm_1        | Download rm/nm@EXAMPLE.COM keytab file to /etc/security/keytabs/rm.keytab
scm_1       | Download rm/scm@EXAMPLE.COM keytab file to /etc/security/keytabs/rm.keytab
kms_1       | --2019-10-30 17:35:02--  http://kdc:8081/keytab/20eac8b8744e/rm
kdc_1       | Oct 30 17:34:56 kdc kadmind[15](Notice): Request: kadm5_create_principal, test/test@EXAMPLE.COM, Principal or policy already exists, client=admin/admin@EXAMPLE.COM, service=kadmin/admin@EXAMPLE.COM, addr=127.0.0.1
datanode_2  | Resolving kdc (kdc)... 172.18.0.2
datanode_3  | Length: 158 [application/octet-stream]
jhs         |    2 10/30/19 17:35:02 s3g/jhs@EXAMPLE.COM
s3g_1       | Length: 140 [application/octet-stream]
om_1        | 
datanode_1  | Resolving kdc (kdc)... 172.18.0.2
rm_1        | Length: 138 [application/octet-stream]
nm_1        | --2019-10-30 17:35:04--  http://kdc:8081/keytab/nm/rm
scm_1       | --2019-10-30 17:35:02--  http://kdc:8081/keytab/scm/rm
kms_1       | Resolving kdc (kdc)... 172.18.0.2
kdc_1       | Oct 30 17:34:56 kdc kadmind[15](info): closing down fd 18
datanode_2  | Connecting to kdc (kdc)|172.18.0.2|:8081... connected.
datanode_3  | Saving to: '/etc/security/keytabs/rm.keytab'
jhs         |    2 10/30/19 17:35:02 s3g/jhs@EXAMPLE.COM
s3g_1       | Saving to: '/etc/security/keytabs/rm.keytab'
datanode_1  | Connecting to kdc (kdc)|172.18.0.2|:8081... connected.
om_1        | 2019-10-30 17:35:07 (3.37 MB/s) - '/etc/security/keytabs/rm.keytab' saved [138/138]
scm_1       | Resolving kdc (kdc)... 172.18.0.2
nm_1        | Resolving kdc (kdc)... 172.18.0.2
rm_1        | Saving to: '/etc/security/keytabs/rm.keytab'
kms_1       | Connecting to kdc (kdc)|172.18.0.2|:8081... connected.
kdc_1       | Oct 30 17:34:56 kdc kadmind[15](Notice): Request: kadm5_init, admin/admin@EXAMPLE.COM, success, client=admin/admin@EXAMPLE.COM, service=kadmin/admin@EXAMPLE.COM, addr=127.0.0.1, vers=4, flavor=6
datanode_3  | 
jhs         | Download rm/jhs@EXAMPLE.COM keytab file to /etc/security/keytabs/rm.keytab
s3g_1       | 
datanode_1  | HTTP request sent, awaiting response... 200 OK
om_1        | 
scm_1       | Connecting to kdc (kdc)|172.18.0.2|:8081... connected.
nm_1        | Connecting to kdc (kdc)|172.18.0.2|:8081... connected.
rm_1        | 
kms_1       | HTTP request sent, awaiting response... 200 OK
datanode_2  | HTTP request sent, awaiting response... 200 OK
kdc_1       | Oct 30 17:34:56 kdc kadmind[15](Notice): Request: kadm5_randkey_principal, test/test@EXAMPLE.COM, success, client=admin/admin@EXAMPLE.COM, service=kadmin/admin@EXAMPLE.COM, addr=127.0.0.1
datanode_3  |      0K                                                       100% 13.3M=0s
jhs         | --2019-10-30 17:35:02--  http://kdc:8081/keytab/jhs/rm
s3g_1       |      0K                                                       100% 7.19M=0s
datanode_1  | Length: 158 [application/octet-stream]
om_1        | Keytab name: FILE:/etc/security/keytabs/rm.keytab
nm_1        | HTTP request sent, awaiting response... 200 OK
scm_1       | HTTP request sent, awaiting response... 200 OK
rm_1        |      0K                                                       100% 8.09M=0s
kms_1       | Length: 158 [application/octet-stream]
datanode_2  | Length: 158 [application/octet-stream]
kdc_1       | Oct 30 17:34:56 kdc kadmind[15](Notice): Request: kadm5_get_principal, test/test@EXAMPLE.COM, success, client=admin/admin@EXAMPLE.COM, service=kadmin/admin@EXAMPLE.COM, addr=127.0.0.1
datanode_3  | 
jhs         | Resolving kdc (kdc)... 172.18.0.2
s3g_1       | 
datanode_1  | Saving to: '/etc/security/keytabs/rm.keytab'
om_1        | KVNO Timestamp         Principal
nm_1        | Length: 138 [application/octet-stream]
scm_1       | Length: 140 [application/octet-stream]
rm_1        | 
kms_1       | Saving to: '/etc/security/keytabs/rm.keytab'
datanode_2  | Saving to: '/etc/security/keytabs/rm.keytab'
kdc_1       | Oct 30 17:34:56 kdc kadmind[15](info): closing down fd 18
datanode_3  | 2019-10-30 17:35:04 (13.3 MB/s) - '/etc/security/keytabs/rm.keytab' saved [158/158]
jhs         | Connecting to kdc (kdc)|172.18.0.2|:8081... connected.
s3g_1       | 2019-10-30 17:35:05 (7.19 MB/s) - '/etc/security/keytabs/rm.keytab' saved [140/140]
datanode_1  | 
om_1        | ---- ----------------- --------------------------------------------------------
nm_1        | Saving to: '/etc/security/keytabs/rm.keytab'
scm_1       | Saving to: '/etc/security/keytabs/rm.keytab'
rm_1        | 2019-10-30 17:35:08 (8.09 MB/s) - '/etc/security/keytabs/rm.keytab' saved [138/138]
kms_1       | 
datanode_2  | 
kdc_1       | Oct 30 17:34:56 kdc kadmind[15](Notice): Request: kadm5_init, admin/admin@EXAMPLE.COM, success, client=admin/admin@EXAMPLE.COM, service=kadmin/admin@EXAMPLE.COM, addr=127.0.0.1, vers=4, flavor=6
datanode_3  | 
jhs         | HTTP request sent, awaiting response... 200 OK
s3g_1       | 
datanode_1  |      0K                                                       100% 11.2M=0s
om_1        |    2 10/30/19 17:35:07 rm/om@EXAMPLE.COM
nm_1        | 
scm_1       | 
rm_1        | 
kms_1       |      0K                                                       100% 11.7M=0s
datanode_2  |      0K                                                       100% 12.4M=0s
kdc_1       | Oct 30 17:34:56 kdc kadmind[15](Notice): Request: kadm5_get_policy, default, Policy does not exist, client=admin/admin@EXAMPLE.COM, service=kadmin/admin@EXAMPLE.COM, addr=127.0.0.1
datanode_3  | Keytab name: FILE:/etc/security/keytabs/rm.keytab
jhs         | Length: 140 [application/octet-stream]
s3g_1       | Keytab name: FILE:/etc/security/keytabs/rm.keytab
datanode_1  | 
om_1        |    2 10/30/19 17:35:07 rm/om@EXAMPLE.COM
nm_1        |      0K                                                       100% 7.87M=0s
scm_1       |      0K                                                       100% 8.63M=0s
rm_1        | Keytab name: FILE:/etc/security/keytabs/rm.keytab
kms_1       | 
datanode_2  | 
kdc_1       | Oct 30 17:34:56 kdc kadmind[15](Notice): Request: kadm5_create_principal, test/test@EXAMPLE.COM, Principal or policy already exists, client=admin/admin@EXAMPLE.COM, service=kadmin/admin@EXAMPLE.COM, addr=127.0.0.1
datanode_3  | KVNO Timestamp         Principal
jhs         | Saving to: '/etc/security/keytabs/rm.keytab'
s3g_1       | KVNO Timestamp         Principal
datanode_1  | 2019-10-30 17:35:05 (11.2 MB/s) - '/etc/security/keytabs/rm.keytab' saved [158/158]
om_1        | Download nm/om@EXAMPLE.COM keytab file to /etc/security/keytabs/nm.keytab
nm_1        | 
scm_1       | 
rm_1        | KVNO Timestamp         Principal
kms_1       | 2019-10-30 17:35:03 (11.7 MB/s) - '/etc/security/keytabs/rm.keytab' saved [158/158]
datanode_2  | 2019-10-30 17:35:04 (12.4 MB/s) - '/etc/security/keytabs/rm.keytab' saved [158/158]
kdc_1       | Oct 30 17:34:56 kdc kadmind[15](info): closing down fd 18
datanode_3  | ---- ----------------- --------------------------------------------------------
jhs         | 
s3g_1       | ---- ----------------- --------------------------------------------------------
datanode_1  | 
om_1        | --2019-10-30 17:35:07--  http://kdc:8081/keytab/om/nm
nm_1        | 2019-10-30 17:35:05 (7.87 MB/s) - '/etc/security/keytabs/rm.keytab' saved [138/138]
scm_1       | 2019-10-30 17:35:03 (8.63 MB/s) - '/etc/security/keytabs/rm.keytab' saved [140/140]
rm_1        | ---- ----------------- --------------------------------------------------------
kms_1       | 
datanode_2  | 
kdc_1       | Oct 30 17:34:56 kdc kadmind[15](Notice): Request: kadm5_init, admin/admin@EXAMPLE.COM, success, client=admin/admin@EXAMPLE.COM, service=kadmin/admin@EXAMPLE.COM, addr=127.0.0.1, vers=4, flavor=6
datanode_3  |    2 10/30/19 17:35:04 rm/1004cc79f193@EXAMPLE.COM
jhs         |      0K                                                       100% 13.3M=0s
s3g_1       |    2 10/30/19 17:35:05 rm/s3g@EXAMPLE.COM
datanode_1  | Keytab name: FILE:/etc/security/keytabs/rm.keytab
om_1        | Resolving kdc (kdc)... 172.18.0.2
nm_1        | 
scm_1       | 
rm_1        |    2 10/30/19 17:35:08 rm/rm@EXAMPLE.COM
kms_1       | Keytab name: FILE:/etc/security/keytabs/rm.keytab
datanode_2  | Keytab name: FILE:/etc/security/keytabs/rm.keytab
datanode_3  |    2 10/30/19 17:35:04 rm/1004cc79f193@EXAMPLE.COM
jhs         | 
s3g_1       |    2 10/30/19 17:35:05 rm/s3g@EXAMPLE.COM
datanode_1  | KVNO Timestamp         Principal
kdc_1       | Oct 30 17:34:56 kdc kadmind[15](Notice): Request: kadm5_randkey_principal, test/test@EXAMPLE.COM, success, client=admin/admin@EXAMPLE.COM, service=kadmin/admin@EXAMPLE.COM, addr=127.0.0.1
om_1        | Connecting to kdc (kdc)|172.18.0.2|:8081... connected.
nm_1        | Keytab name: FILE:/etc/security/keytabs/rm.keytab
scm_1       | Keytab name: FILE:/etc/security/keytabs/rm.keytab
rm_1        |    2 10/30/19 17:35:08 rm/rm@EXAMPLE.COM
kms_1       | KVNO Timestamp         Principal
datanode_2  | KVNO Timestamp         Principal
datanode_3  | Download nm/1004cc79f193@EXAMPLE.COM keytab file to /etc/security/keytabs/nm.keytab
jhs         | 2019-10-30 17:35:03 (13.3 MB/s) - '/etc/security/keytabs/rm.keytab' saved [140/140]
s3g_1       | Download nm/s3g@EXAMPLE.COM keytab file to /etc/security/keytabs/nm.keytab
datanode_1  | ---- ----------------- --------------------------------------------------------
om_1        | HTTP request sent, awaiting response... 200 OK
kdc_1       | Oct 30 17:34:56 kdc kadmind[15](Notice): Request: kadm5_get_principal, test/test@EXAMPLE.COM, success, client=admin/admin@EXAMPLE.COM, service=kadmin/admin@EXAMPLE.COM, addr=127.0.0.1
nm_1        | KVNO Timestamp         Principal
scm_1       | KVNO Timestamp         Principal
rm_1        | Download nm/rm@EXAMPLE.COM keytab file to /etc/security/keytabs/nm.keytab
kms_1       | ---- ----------------- --------------------------------------------------------
datanode_2  | ---- ----------------- --------------------------------------------------------
datanode_3  | --2019-10-30 17:35:04--  http://kdc:8081/keytab/1004cc79f193/nm
jhs         | 
s3g_1       | --2019-10-30 17:35:05--  http://kdc:8081/keytab/s3g/nm
datanode_1  |    2 10/30/19 17:35:05 rm/3c4bd144b174@EXAMPLE.COM
om_1        | Length: 138 [application/octet-stream]
kdc_1       | Oct 30 17:34:56 kdc kadmind[15](info): closing down fd 18
scm_1       | ---- ----------------- --------------------------------------------------------
nm_1        | ---- ----------------- --------------------------------------------------------
rm_1        | --2019-10-30 17:35:08--  http://kdc:8081/keytab/rm/nm
kms_1       |    2 10/30/19 17:35:03 rm/20eac8b8744e@EXAMPLE.COM
datanode_2  |    2 10/30/19 17:35:04 rm/eebd7cbc4bcd@EXAMPLE.COM
datanode_3  | Resolving kdc (kdc)... 172.18.0.2
jhs         | Keytab name: FILE:/etc/security/keytabs/rm.keytab
s3g_1       | Resolving kdc (kdc)... 172.18.0.2
datanode_1  |    2 10/30/19 17:35:05 rm/3c4bd144b174@EXAMPLE.COM
om_1        | Saving to: '/etc/security/keytabs/nm.keytab'
kdc_1       | Oct 30 17:34:56 kdc kadmind[15](Notice): Request: kadm5_init, admin/admin@EXAMPLE.COM, success, client=admin/admin@EXAMPLE.COM, service=kadmin/admin@EXAMPLE.COM, addr=127.0.0.1, vers=4, flavor=6
scm_1       |    2 10/30/19 17:35:03 rm/scm@EXAMPLE.COM
nm_1        |    2 10/30/19 17:35:05 rm/nm@EXAMPLE.COM
rm_1        | Resolving kdc (kdc)... 172.18.0.2
kms_1       |    2 10/30/19 17:35:03 rm/20eac8b8744e@EXAMPLE.COM
datanode_2  |    2 10/30/19 17:35:04 rm/eebd7cbc4bcd@EXAMPLE.COM
datanode_3  | Connecting to kdc (kdc)|172.18.0.2|:8081... connected.
jhs         | KVNO Timestamp         Principal
s3g_1       | Connecting to kdc (kdc)|172.18.0.2|:8081... connected.
datanode_1  | Download nm/3c4bd144b174@EXAMPLE.COM keytab file to /etc/security/keytabs/nm.keytab
om_1        | 
kdc_1       | Oct 30 17:34:56 kdc kadmind[15](Notice): Request: kadm5_get_policy, default, Policy does not exist, client=admin/admin@EXAMPLE.COM, service=kadmin/admin@EXAMPLE.COM, addr=127.0.0.1
scm_1       |    2 10/30/19 17:35:03 rm/scm@EXAMPLE.COM
nm_1        |    2 10/30/19 17:35:05 rm/nm@EXAMPLE.COM
rm_1        | Connecting to kdc (kdc)|172.18.0.2|:8081... connected.
datanode_2  | Download nm/eebd7cbc4bcd@EXAMPLE.COM keytab file to /etc/security/keytabs/nm.keytab
kms_1       | Download nm/20eac8b8744e@EXAMPLE.COM keytab file to /etc/security/keytabs/nm.keytab
datanode_3  | HTTP request sent, awaiting response... 200 OK
jhs         | ---- ----------------- --------------------------------------------------------
s3g_1       | HTTP request sent, awaiting response... 200 OK
datanode_1  | --2019-10-30 17:35:05--  http://kdc:8081/keytab/3c4bd144b174/nm
om_1        |      0K                                                       100% 11.5M=0s
scm_1       | Download nm/scm@EXAMPLE.COM keytab file to /etc/security/keytabs/nm.keytab
nm_1        | Download nm/nm@EXAMPLE.COM keytab file to /etc/security/keytabs/nm.keytab
kdc_1       | Oct 30 17:34:56 kdc kadmind[15](Notice): Request: kadm5_create_principal, test/test@EXAMPLE.COM, Principal or policy already exists, client=admin/admin@EXAMPLE.COM, service=kadmin/admin@EXAMPLE.COM, addr=127.0.0.1
rm_1        | HTTP request sent, awaiting response... 200 OK
datanode_2  | --2019-10-30 17:35:04--  http://kdc:8081/keytab/eebd7cbc4bcd/nm
kms_1       | --2019-10-30 17:35:03--  http://kdc:8081/keytab/20eac8b8744e/nm
datanode_3  | Length: 158 [application/octet-stream]
jhs         |    2 10/30/19 17:35:03 rm/jhs@EXAMPLE.COM
s3g_1       | Length: 140 [application/octet-stream]
datanode_1  | Resolving kdc (kdc)... 172.18.0.2
om_1        | 
scm_1       | --2019-10-30 17:35:03--  http://kdc:8081/keytab/scm/nm
nm_1        | --2019-10-30 17:35:05--  http://kdc:8081/keytab/nm/nm
rm_1        | Length: 138 [application/octet-stream]
kdc_1       | Oct 30 17:34:56 kdc kadmind[15](info): closing down fd 18
datanode_2  | Resolving kdc (kdc)... 172.18.0.2
kms_1       | Resolving kdc (kdc)... 172.18.0.2
datanode_3  | Saving to: '/etc/security/keytabs/nm.keytab'
jhs         |    2 10/30/19 17:35:03 rm/jhs@EXAMPLE.COM
s3g_1       | Saving to: '/etc/security/keytabs/nm.keytab'
datanode_1  | Connecting to kdc (kdc)|172.18.0.2|:8081... connected.
om_1        | 2019-10-30 17:35:09 (11.5 MB/s) - '/etc/security/keytabs/nm.keytab' saved [138/138]
scm_1       | Resolving kdc (kdc)... 172.18.0.2
nm_1        | Resolving kdc (kdc)... 172.18.0.2
rm_1        | Saving to: '/etc/security/keytabs/nm.keytab'
kdc_1       | Oct 30 17:34:56 kdc kadmind[15](Notice): Request: kadm5_init, admin/admin@EXAMPLE.COM, success, client=admin/admin@EXAMPLE.COM, service=kadmin/admin@EXAMPLE.COM, addr=127.0.0.1, vers=4, flavor=6
datanode_2  | Connecting to kdc (kdc)|172.18.0.2|:8081... connected.
datanode_3  | 
kms_1       | Connecting to kdc (kdc)|172.18.0.2|:8081... connected.
jhs         | Download nm/jhs@EXAMPLE.COM keytab file to /etc/security/keytabs/nm.keytab
s3g_1       | 
datanode_1  | HTTP request sent, awaiting response... 200 OK
om_1        | 
scm_1       | Connecting to kdc (kdc)|172.18.0.2|:8081... connected.
nm_1        | Connecting to kdc (kdc)|172.18.0.2|:8081... connected.
rm_1        | 
kdc_1       | Oct 30 17:34:56 kdc kadmind[15](Notice): Request: kadm5_randkey_principal, test/test@EXAMPLE.COM, success, client=admin/admin@EXAMPLE.COM, service=kadmin/admin@EXAMPLE.COM, addr=127.0.0.1
datanode_2  | HTTP request sent, awaiting response... 200 OK
datanode_3  |      0K                                                       100% 14.0M=0s
kms_1       | HTTP request sent, awaiting response... 200 OK
jhs         | --2019-10-30 17:35:03--  http://kdc:8081/keytab/jhs/nm
s3g_1       |      0K                                                       100% 8.27M=0s
datanode_1  | Length: 158 [application/octet-stream]
om_1        | Keytab name: FILE:/etc/security/keytabs/nm.keytab
scm_1       | HTTP request sent, awaiting response... 200 OK
nm_1        | HTTP request sent, awaiting response... 200 OK
rm_1        |      0K                                                       100% 11.5M=0s
kdc_1       | Oct 30 17:34:56 kdc kadmind[15](Notice): Request: kadm5_get_principal, test/test@EXAMPLE.COM, success, client=admin/admin@EXAMPLE.COM, service=kadmin/admin@EXAMPLE.COM, addr=127.0.0.1
datanode_2  | Length: 158 [application/octet-stream]
datanode_3  | 
jhs         | Resolving kdc (kdc)... 172.18.0.2
s3g_1       | 
datanode_1  | Saving to: '/etc/security/keytabs/nm.keytab'
scm_1       | Length: 140 [application/octet-stream]
nm_1        | Length: 138 [application/octet-stream]
rm_1        | 
om_1        | KVNO Timestamp         Principal
kdc_1       | Oct 30 17:34:56 kdc kadmind[15](info): closing down fd 18
kms_1       | Length: 158 [application/octet-stream]
datanode_2  | Saving to: '/etc/security/keytabs/nm.keytab'
datanode_3  | 2019-10-30 17:35:06 (14.0 MB/s) - '/etc/security/keytabs/nm.keytab' saved [158/158]
s3g_1       | 2019-10-30 17:35:07 (8.27 MB/s) - '/etc/security/keytabs/nm.keytab' saved [140/140]
jhs         | Connecting to kdc (kdc)|172.18.0.2|:8081... connected.
datanode_1  | 
scm_1       | Saving to: '/etc/security/keytabs/nm.keytab'
nm_1        | Saving to: '/etc/security/keytabs/nm.keytab'
rm_1        | 2019-10-30 17:35:09 (11.5 MB/s) - '/etc/security/keytabs/nm.keytab' saved [138/138]
om_1        | ---- ----------------- --------------------------------------------------------
kdc_1       | Oct 30 17:34:56 kdc kadmind[15](Notice): Request: kadm5_init, admin/admin@EXAMPLE.COM, success, client=admin/admin@EXAMPLE.COM, service=kadmin/admin@EXAMPLE.COM, addr=127.0.0.1, vers=4, flavor=6
datanode_2  | 
kms_1       | Saving to: '/etc/security/keytabs/nm.keytab'
datanode_3  | 
s3g_1       | 
jhs         | HTTP request sent, awaiting response... 200 OK
datanode_1  |      0K                                                       100% 14.7M=0s
scm_1       | 
nm_1        | 
rm_1        | 
om_1        |    2 10/30/19 17:35:09 nm/om@EXAMPLE.COM
kdc_1       | Oct 30 17:34:56 kdc kadmind[15](Notice): Request: kadm5_get_policy, default, Policy does not exist, client=admin/admin@EXAMPLE.COM, service=kadmin/admin@EXAMPLE.COM, addr=127.0.0.1
datanode_2  |      0K                                                       100% 15.6M=0s
kms_1       | 
datanode_3  | Keytab name: FILE:/etc/security/keytabs/nm.keytab
s3g_1       | Keytab name: FILE:/etc/security/keytabs/nm.keytab
jhs         | Length: 140 [application/octet-stream]
datanode_1  | 
scm_1       |      0K                                                       100% 12.1M=0s
nm_1        |      0K                                                       100% 11.1M=0s
rm_1        | Keytab name: FILE:/etc/security/keytabs/nm.keytab
om_1        |    2 10/30/19 17:35:09 nm/om@EXAMPLE.COM
kdc_1       | Oct 30 17:34:56 kdc kadmind[15](Notice): Request: kadm5_create_principal, dn/20eac8b8744e@EXAMPLE.COM, success, client=admin/admin@EXAMPLE.COM, service=kadmin/admin@EXAMPLE.COM, addr=127.0.0.1
datanode_2  | 
kms_1       |      0K                                                       100% 14.5M=0s
datanode_3  | KVNO Timestamp         Principal
s3g_1       | KVNO Timestamp         Principal
jhs         | Saving to: '/etc/security/keytabs/nm.keytab'
datanode_1  | 2019-10-30 17:35:07 (14.7 MB/s) - '/etc/security/keytabs/nm.keytab' saved [158/158]
scm_1       | 
nm_1        | 
rm_1        | KVNO Timestamp         Principal
om_1        | Download yarn/om@EXAMPLE.COM keytab file to /etc/security/keytabs/yarn.keytab
kdc_1       | Oct 30 17:34:56 kdc kadmind[15](info): closing down fd 18
