datanode_1  | 2019-11-01 00:28:19,660 INFO segmented.SegmentedRaftLogWorker: cb5e4253-0f23-4d0f-b353-ebec15e6392d@group-AB6004411258-SegmentedRaftLogWorker: Starting segment from index:0
datanode_2  | 2019-11-01 00:28:25,090 INFO impl.RaftServerImpl: 0a13b9c5-978f-4fe8-8b70-777170ec0b48@group-A350A9F1F22F: change Leader from null to cb5e4253-0f23-4d0f-b353-ebec15e6392d at term 2 for appendEntries, leader elected after 10490ms
datanode_3  | 2019-11-01 00:28:19,088 INFO server.RaftServerConfigKeys: raft.server.watch.element-limit = 65536 (default)
datanode_1  | 2019-11-01 00:28:19,662 INFO impl.FollowerState: cb5e4253-0f23-4d0f-b353-ebec15e6392d@group-A350A9F1F22F-FollowerState: change to CANDIDATE, lastRpcTime:5055ms, electionTimeout:5055ms
datanode_2  | 2019-11-01 00:28:25,113 INFO impl.RaftServerImpl: 0a13b9c5-978f-4fe8-8b70-777170ec0b48@group-A350A9F1F22F: set configuration 0: [0a13b9c5-978f-4fe8-8b70-777170ec0b48:172.18.0.6:9858, cb5e4253-0f23-4d0f-b353-ebec15e6392d:172.18.0.2:9858, a65349a4-61d6-4848-8c21-21b127b9b200:172.18.0.5:9858], old=null at 0
datanode_3  | 2019-11-01 00:28:19,094 INFO impl.RoleInfo: a65349a4-61d6-4848-8c21-21b127b9b200: start LeaderState
datanode_1  | 2019-11-01 00:28:19,662 INFO impl.RoleInfo: cb5e4253-0f23-4d0f-b353-ebec15e6392d: shutdown FollowerState
datanode_3  | 2019-11-01 00:28:19,114 INFO segmented.SegmentedRaftLogWorker: a65349a4-61d6-4848-8c21-21b127b9b200@group-82DE2466B0DF-SegmentedRaftLogWorker: Starting segment from index:0
datanode_1  | 2019-11-01 00:28:19,662 INFO impl.RaftServerImpl: cb5e4253-0f23-4d0f-b353-ebec15e6392d@group-A350A9F1F22F: changes role from  FOLLOWER to CANDIDATE at term 0 for changeToCandidate
datanode_2  | 2019-11-01 00:28:25,113 INFO segmented.SegmentedRaftLogWorker: 0a13b9c5-978f-4fe8-8b70-777170ec0b48@group-A350A9F1F22F-SegmentedRaftLogWorker: Starting segment from index:0
datanode_3  | 2019-11-01 00:28:19,127 INFO impl.RaftServerImpl: a65349a4-61d6-4848-8c21-21b127b9b200@group-82DE2466B0DF: set configuration 0: [a65349a4-61d6-4848-8c21-21b127b9b200:172.18.0.5:9858], old=null at 0
datanode_1  | 2019-11-01 00:28:19,662 INFO impl.RoleInfo: cb5e4253-0f23-4d0f-b353-ebec15e6392d: start LeaderElection
datanode_2  | 2019-11-01 00:28:25,172 INFO segmented.SegmentedRaftLogWorker: 0a13b9c5-978f-4fe8-8b70-777170ec0b48@group-A350A9F1F22F-SegmentedRaftLogWorker: created new log segment /data/metadata/ratis/0d7e50f2-2381-4715-8d3c-a350a9f1f22f/current/log_inprogress_0
datanode_3  | 2019-11-01 00:28:19,245 INFO segmented.SegmentedRaftLogWorker: a65349a4-61d6-4848-8c21-21b127b9b200@group-82DE2466B0DF-SegmentedRaftLogWorker: created new log segment /data/metadata/ratis/3df7db15-169c-48c9-aee8-82de2466b0df/current/log_inprogress_0
datanode_3  | 2019-11-01 00:28:19,793 INFO impl.FollowerState: a65349a4-61d6-4848-8c21-21b127b9b200@group-A350A9F1F22F-FollowerState: change to CANDIDATE, lastRpcTime:5188ms, electionTimeout:5188ms
datanode_1  | 2019-11-01 00:28:19,670 INFO impl.RaftServerImpl: cb5e4253-0f23-4d0f-b353-ebec15e6392d@group-AB6004411258: set configuration 0: [cb5e4253-0f23-4d0f-b353-ebec15e6392d:172.18.0.2:9858], old=null at 0
datanode_3  | 2019-11-01 00:28:19,793 INFO impl.RoleInfo: a65349a4-61d6-4848-8c21-21b127b9b200: shutdown FollowerState
datanode_1  | 2019-11-01 00:28:19,689 INFO impl.LeaderElection: cb5e4253-0f23-4d0f-b353-ebec15e6392d@group-A350A9F1F22F-LeaderElection2: begin an election at term 1 for -1: [0a13b9c5-978f-4fe8-8b70-777170ec0b48:172.18.0.6:9858, cb5e4253-0f23-4d0f-b353-ebec15e6392d:172.18.0.2:9858, a65349a4-61d6-4848-8c21-21b127b9b200:172.18.0.5:9858], old=null
datanode_3  | 2019-11-01 00:28:19,793 INFO impl.RaftServerImpl: a65349a4-61d6-4848-8c21-21b127b9b200@group-A350A9F1F22F: changes role from  FOLLOWER to CANDIDATE at term 0 for changeToCandidate
datanode_1  | 2019-11-01 00:28:19,815 INFO segmented.SegmentedRaftLogWorker: cb5e4253-0f23-4d0f-b353-ebec15e6392d@group-AB6004411258-SegmentedRaftLogWorker: created new log segment /data/metadata/ratis/a391dc98-8490-4b8a-944a-ab6004411258/current/log_inprogress_0
datanode_3  | 2019-11-01 00:28:19,793 INFO impl.RoleInfo: a65349a4-61d6-4848-8c21-21b127b9b200: start LeaderElection
datanode_3  | 2019-11-01 00:28:19,815 INFO impl.LeaderElection: a65349a4-61d6-4848-8c21-21b127b9b200@group-A350A9F1F22F-LeaderElection2: begin an election at term 1 for -1: [0a13b9c5-978f-4fe8-8b70-777170ec0b48:172.18.0.6:9858, cb5e4253-0f23-4d0f-b353-ebec15e6392d:172.18.0.2:9858, a65349a4-61d6-4848-8c21-21b127b9b200:172.18.0.5:9858], old=null
datanode_1  | 2019-11-01 00:28:19,865 INFO impl.LeaderElection: cb5e4253-0f23-4d0f-b353-ebec15e6392d@group-A350A9F1F22F-LeaderElection2: Election REJECTED; received 2 response(s) [cb5e4253-0f23-4d0f-b353-ebec15e6392d<-0a13b9c5-978f-4fe8-8b70-777170ec0b48#0:FAIL-t1, cb5e4253-0f23-4d0f-b353-ebec15e6392d<-a65349a4-61d6-4848-8c21-21b127b9b200#0:FAIL-t1] and 0 exception(s); cb5e4253-0f23-4d0f-b353-ebec15e6392d@group-A350A9F1F22F:t1, leader=null, voted=cb5e4253-0f23-4d0f-b353-ebec15e6392d, raftlog=cb5e4253-0f23-4d0f-b353-ebec15e6392d@group-A350A9F1F22F-SegmentedRaftLog:OPENED:c-1,f-1,i0, conf=-1: [0a13b9c5-978f-4fe8-8b70-777170ec0b48:172.18.0.6:9858, cb5e4253-0f23-4d0f-b353-ebec15e6392d:172.18.0.2:9858, a65349a4-61d6-4848-8c21-21b127b9b200:172.18.0.5:9858], old=null
datanode_3  | 2019-11-01 00:28:19,996 INFO impl.LeaderElection: a65349a4-61d6-4848-8c21-21b127b9b200@group-A350A9F1F22F-LeaderElection2: Election REJECTED; received 2 response(s) [a65349a4-61d6-4848-8c21-21b127b9b200<-0a13b9c5-978f-4fe8-8b70-777170ec0b48#0:FAIL-t1, a65349a4-61d6-4848-8c21-21b127b9b200<-cb5e4253-0f23-4d0f-b353-ebec15e6392d#0:FAIL-t1] and 0 exception(s); a65349a4-61d6-4848-8c21-21b127b9b200@group-A350A9F1F22F:t1, leader=null, voted=a65349a4-61d6-4848-8c21-21b127b9b200, raftlog=a65349a4-61d6-4848-8c21-21b127b9b200@group-A350A9F1F22F-SegmentedRaftLog:OPENED:c-1,f-1,i0, conf=-1: [0a13b9c5-978f-4fe8-8b70-777170ec0b48:172.18.0.6:9858, cb5e4253-0f23-4d0f-b353-ebec15e6392d:172.18.0.2:9858, a65349a4-61d6-4848-8c21-21b127b9b200:172.18.0.5:9858], old=null
datanode_1  | 2019-11-01 00:28:19,868 INFO impl.RaftServerImpl: cb5e4253-0f23-4d0f-b353-ebec15e6392d@group-A350A9F1F22F: changes role from CANDIDATE to FOLLOWER at term 1 for DISCOVERED_A_NEW_TERM
datanode_1  | 2019-11-01 00:28:19,868 INFO impl.RoleInfo: cb5e4253-0f23-4d0f-b353-ebec15e6392d: shutdown LeaderElection
datanode_1  | 2019-11-01 00:28:19,868 INFO impl.RoleInfo: cb5e4253-0f23-4d0f-b353-ebec15e6392d: start FollowerState
datanode_3  | 2019-11-01 00:28:19,997 INFO impl.RaftServerImpl: a65349a4-61d6-4848-8c21-21b127b9b200@group-A350A9F1F22F: changes role from CANDIDATE to FOLLOWER at term 1 for DISCOVERED_A_NEW_TERM
datanode_1  | 2019-11-01 00:28:24,899 INFO impl.FollowerState: cb5e4253-0f23-4d0f-b353-ebec15e6392d@group-A350A9F1F22F-FollowerState: change to CANDIDATE, lastRpcTime:5030ms, electionTimeout:5030ms
datanode_1  | 2019-11-01 00:28:24,900 INFO impl.RoleInfo: cb5e4253-0f23-4d0f-b353-ebec15e6392d: shutdown FollowerState
datanode_1  | 2019-11-01 00:28:24,900 INFO impl.RaftServerImpl: cb5e4253-0f23-4d0f-b353-ebec15e6392d@group-A350A9F1F22F: changes role from  FOLLOWER to CANDIDATE at term 1 for changeToCandidate
datanode_1  | 2019-11-01 00:28:24,900 INFO impl.RoleInfo: cb5e4253-0f23-4d0f-b353-ebec15e6392d: start LeaderElection
datanode_1  | 2019-11-01 00:28:24,920 INFO impl.LeaderElection: cb5e4253-0f23-4d0f-b353-ebec15e6392d@group-A350A9F1F22F-LeaderElection3: begin an election at term 2 for -1: [0a13b9c5-978f-4fe8-8b70-777170ec0b48:172.18.0.6:9858, cb5e4253-0f23-4d0f-b353-ebec15e6392d:172.18.0.2:9858, a65349a4-61d6-4848-8c21-21b127b9b200:172.18.0.5:9858], old=null
datanode_1  | 2019-11-01 00:28:24,984 INFO impl.LeaderElection: cb5e4253-0f23-4d0f-b353-ebec15e6392d@group-A350A9F1F22F-LeaderElection3: Election PASSED; received 1 response(s) [cb5e4253-0f23-4d0f-b353-ebec15e6392d<-0a13b9c5-978f-4fe8-8b70-777170ec0b48#0:OK-t2] and 0 exception(s); cb5e4253-0f23-4d0f-b353-ebec15e6392d@group-A350A9F1F22F:t2, leader=null, voted=cb5e4253-0f23-4d0f-b353-ebec15e6392d, raftlog=cb5e4253-0f23-4d0f-b353-ebec15e6392d@group-A350A9F1F22F-SegmentedRaftLog:OPENED:c-1,f-1,i0, conf=-1: [0a13b9c5-978f-4fe8-8b70-777170ec0b48:172.18.0.6:9858, cb5e4253-0f23-4d0f-b353-ebec15e6392d:172.18.0.2:9858, a65349a4-61d6-4848-8c21-21b127b9b200:172.18.0.5:9858], old=null
datanode_1  | 2019-11-01 00:28:24,984 INFO impl.RoleInfo: cb5e4253-0f23-4d0f-b353-ebec15e6392d: shutdown LeaderElection
datanode_1  | 2019-11-01 00:28:24,985 INFO impl.RaftServerImpl: cb5e4253-0f23-4d0f-b353-ebec15e6392d@group-A350A9F1F22F: changes role from CANDIDATE to LEADER at term 2 for changeToLeader
datanode_1  | 2019-11-01 00:28:24,985 INFO impl.RaftServerImpl: cb5e4253-0f23-4d0f-b353-ebec15e6392d@group-A350A9F1F22F: change Leader from null to cb5e4253-0f23-4d0f-b353-ebec15e6392d at term 2 for becomeLeader, leader elected after 10384ms
datanode_1  | 2019-11-01 00:28:24,985 INFO server.RaftServerConfigKeys: raft.server.staging.catchup.gap = 1000 (default)
datanode_1  | 2019-11-01 00:28:24,985 INFO server.RaftServerConfigKeys: raft.server.rpc.sleep.time = 25ms (default)
datanode_3  | 2019-11-01 00:28:19,997 INFO impl.RoleInfo: a65349a4-61d6-4848-8c21-21b127b9b200: shutdown LeaderElection
datanode_1  | 2019-11-01 00:28:24,985 INFO server.RaftServerConfigKeys: raft.server.write.element-limit = 4096 (default)
datanode_3  | 2019-11-01 00:28:19,997 INFO impl.RoleInfo: a65349a4-61d6-4848-8c21-21b127b9b200: start FollowerState
datanode_1  | 2019-11-01 00:28:24,986 INFO server.RaftServerConfigKeys: raft.server.watch.timeout = 10s (default)
datanode_3  | 2019-11-01 00:28:24,948 INFO impl.RaftServerImpl: a65349a4-61d6-4848-8c21-21b127b9b200@group-A350A9F1F22F: changes role from  FOLLOWER to FOLLOWER at term 2 for recognizeCandidate:cb5e4253-0f23-4d0f-b353-ebec15e6392d
datanode_1  | 2019-11-01 00:28:24,986 INFO server.RaftServerConfigKeys: raft.server.watch.timeout.denomination = 1s (default)
datanode_3  | 2019-11-01 00:28:24,949 INFO impl.RoleInfo: a65349a4-61d6-4848-8c21-21b127b9b200: shutdown FollowerState
datanode_1  | 2019-11-01 00:28:24,986 INFO server.RaftServerConfigKeys: raft.server.watch.element-limit = 65536 (default)
datanode_3  | 2019-11-01 00:28:24,949 INFO impl.RoleInfo: a65349a4-61d6-4848-8c21-21b127b9b200: start FollowerState
datanode_1  | 2019-11-01 00:28:24,989 INFO server.RaftServerConfigKeys: raft.server.log.appender.snapshot.chunk.size.max = 16MB (=16777216) (default)
datanode_3  | 2019-11-01 00:28:24,949 INFO impl.FollowerState: a65349a4-61d6-4848-8c21-21b127b9b200@group-A350A9F1F22F-FollowerState was interrupted: java.lang.InterruptedException: sleep interrupted
datanode_1  | 2019-11-01 00:28:24,989 INFO server.RaftServerConfigKeys: raft.server.log.appender.buffer.byte-limit = 33554432 (custom)
datanode_3  | 2019-11-01 00:28:25,106 INFO impl.RaftServerImpl: a65349a4-61d6-4848-8c21-21b127b9b200@group-A350A9F1F22F: change Leader from null to cb5e4253-0f23-4d0f-b353-ebec15e6392d at term 2 for appendEntries, leader elected after 10506ms
datanode_1  | 2019-11-01 00:28:24,990 INFO server.RaftServerConfigKeys: raft.server.log.appender.buffer.element-limit = 1 (custom)
datanode_3  | 2019-11-01 00:28:25,123 INFO impl.RaftServerImpl: a65349a4-61d6-4848-8c21-21b127b9b200@group-A350A9F1F22F: set configuration 0: [0a13b9c5-978f-4fe8-8b70-777170ec0b48:172.18.0.6:9858, cb5e4253-0f23-4d0f-b353-ebec15e6392d:172.18.0.2:9858, a65349a4-61d6-4848-8c21-21b127b9b200:172.18.0.5:9858], old=null at 0
datanode_1  | 2019-11-01 00:28:24,994 INFO grpc.GrpcConfigKeys$Server: raft.grpc.server.leader.outstanding.appends.max = 128 (default)
datanode_3  | 2019-11-01 00:28:25,123 INFO segmented.SegmentedRaftLogWorker: a65349a4-61d6-4848-8c21-21b127b9b200@group-A350A9F1F22F-SegmentedRaftLogWorker: Starting segment from index:0
datanode_1  | 2019-11-01 00:28:24,994 INFO server.RaftServerConfigKeys: raft.server.rpc.request.timeout = 3000ms (default)
datanode_3  | 2019-11-01 00:28:25,172 INFO segmented.SegmentedRaftLogWorker: a65349a4-61d6-4848-8c21-21b127b9b200@group-A350A9F1F22F-SegmentedRaftLogWorker: created new log segment /data/metadata/ratis/0d7e50f2-2381-4715-8d3c-a350a9f1f22f/current/log_inprogress_0
datanode_1  | 2019-11-01 00:28:24,994 INFO server.RaftServerConfigKeys: raft.server.log.appender.install.snapshot.enabled = false (custom)
datanode_1  | 2019-11-01 00:28:24,996 WARN impl.MetricRegistriesImpl: First MetricRegistry has been created without registering reporters. You may need to call MetricRegistries.global().addReportRegistration(...) before.
datanode_1  | 2019-11-01 00:28:24,997 INFO server.RaftServerConfigKeys: raft.server.log.appender.snapshot.chunk.size.max = 16MB (=16777216) (default)
datanode_1  | 2019-11-01 00:28:24,998 INFO server.RaftServerConfigKeys: raft.server.log.appender.buffer.byte-limit = 33554432 (custom)
datanode_1  | 2019-11-01 00:28:24,998 INFO server.RaftServerConfigKeys: raft.server.log.appender.buffer.element-limit = 1 (custom)
datanode_1  | 2019-11-01 00:28:24,998 INFO grpc.GrpcConfigKeys$Server: raft.grpc.server.leader.outstanding.appends.max = 128 (default)
datanode_1  | 2019-11-01 00:28:24,998 INFO server.RaftServerConfigKeys: raft.server.rpc.request.timeout = 3000ms (default)
datanode_1  | 2019-11-01 00:28:24,998 INFO server.RaftServerConfigKeys: raft.server.log.appender.install.snapshot.enabled = false (custom)
datanode_1  | 2019-11-01 00:28:25,002 INFO impl.RoleInfo: cb5e4253-0f23-4d0f-b353-ebec15e6392d: start LeaderState
datanode_1  | 2019-11-01 00:28:25,003 INFO segmented.SegmentedRaftLogWorker: cb5e4253-0f23-4d0f-b353-ebec15e6392d@group-A350A9F1F22F-SegmentedRaftLogWorker: Starting segment from index:0
datanode_1  | 2019-11-01 00:28:25,004 INFO impl.RaftServerImpl: cb5e4253-0f23-4d0f-b353-ebec15e6392d@group-A350A9F1F22F: set configuration 0: [0a13b9c5-978f-4fe8-8b70-777170ec0b48:172.18.0.6:9858, cb5e4253-0f23-4d0f-b353-ebec15e6392d:172.18.0.2:9858, a65349a4-61d6-4848-8c21-21b127b9b200:172.18.0.5:9858], old=null at 0
datanode_1  | 2019-11-01 00:28:25,081 INFO segmented.SegmentedRaftLogWorker: cb5e4253-0f23-4d0f-b353-ebec15e6392d@group-A350A9F1F22F-SegmentedRaftLogWorker: created new log segment /data/metadata/ratis/0d7e50f2-2381-4715-8d3c-a350a9f1f22f/current/log_inprogress_0
datanode_1  | 2019-11-01 00:29:00,323 WARN client.GrpcClientProtocolService: 2-OrderedRequestStreamObserver2: onError: org.apache.ratis.thirdparty.io.grpc.StatusRuntimeException: CANCELLED: cancelled before receiving half close
datanode_1  | 2019-11-01 00:29:00,329 WARN client.GrpcClientProtocolService: 3-UnorderedRequestStreamObserver3: onError: org.apache.ratis.thirdparty.io.grpc.StatusRuntimeException: CANCELLED: cancelled before receiving half close
datanode_1  | 2019-11-01 00:29:13,465 WARN client.GrpcClientProtocolService: 4-OrderedRequestStreamObserver4: onError: org.apache.ratis.thirdparty.io.grpc.StatusRuntimeException: CANCELLED: cancelled before receiving half close
datanode_1  | 2019-11-01 00:29:13,466 WARN client.GrpcClientProtocolService: 5-UnorderedRequestStreamObserver5: onError: org.apache.ratis.thirdparty.io.grpc.StatusRuntimeException: CANCELLED: cancelled before receiving half close
datanode_1  | 2019-11-01 00:29:26,483 WARN client.GrpcClientProtocolService: 6-OrderedRequestStreamObserver6: onError: org.apache.ratis.thirdparty.io.grpc.StatusRuntimeException: CANCELLED: cancelled before receiving half close
datanode_1  | 2019-11-01 00:29:26,484 WARN client.GrpcClientProtocolService: 7-UnorderedRequestStreamObserver7: onError: org.apache.ratis.thirdparty.io.grpc.StatusRuntimeException: CANCELLED: cancelled before receiving half close
datanode_1  | 2019-11-01 00:29:39,411 WARN client.GrpcClientProtocolService: 8-OrderedRequestStreamObserver8: onError: org.apache.ratis.thirdparty.io.grpc.StatusRuntimeException: CANCELLED: cancelled before receiving half close
datanode_1  | 2019-11-01 00:29:39,411 WARN client.GrpcClientProtocolService: 9-UnorderedRequestStreamObserver9: onError: org.apache.ratis.thirdparty.io.grpc.StatusRuntimeException: CANCELLED: cancelled before receiving half close
