datanode_1  | 2019-11-01 00:42:56,091 INFO server.RaftServerConfigKeys: raft.server.storage.dir = [/data/metadata/ratis] (custom)
kdc_1       | Authenticating as principal admin/admin with keytab /tmp/admin.keytab.
scm_1       | 2019-11-01 00:42:49,426 INFO server.SCMClientProtocolServer: Processing CSR for om om, UUID: b2a8c906-6c00-4836-8a8a-7ddc68dc0a6f
datanode_2  | 2019-11-01 00:42:55,421 INFO impl.RoleInfo: 051be431-f6bd-413c-b452-327845c71c95: start FollowerState
om_1        | 2019-11-01 00:42:53,384 INFO hdfs.DFSUtil: Starting web server as: HTTP/om@EXAMPLE.COM
s3g_1       | 2019-11-01 00:49:30,502 ERROR client.OzoneClientFactory: Couldn't create RpcClient protocol exception: 
datanode_3  | 2019-11-01 00:42:56,092 INFO server.RaftServerConfigKeys: raft.server.rpc.timeout.max = 5200ms (custom)
datanode_1  | 2019-11-01 00:42:56,091 INFO server.RaftServerConfigKeys: raft.server.log.corruption.policy = EXCEPTION (default)
kdc_1       | Entry for principal scm/9cb2a8631d9d@EXAMPLE.COM with kvno 2, encryption type aes256-cts-hmac-sha1-96 added to keytab WRFILE:/data/scm.9cb2a8631d9d.keytab.
scm_1       | 2019-11-01 00:42:51,792 INFO ipc.Server: Auth successful for dn/4c7a70603ead@EXAMPLE.COM (auth:KERBEROS)
om_1        | 2019-11-01 00:42:53,385 INFO hdfs.DFSUtil: Starting Web-server for ozoneManager at: http://0.0.0.0:9874
s3g_1       | org.apache.hadoop.ipc.RemoteException(org.apache.hadoop.security.token.SecretManager$InvalidToken): No S3 secret found for S3 identifier:OzoneToken owner=dlfknslnfslf, renewer=, realUser=, issueDate=0, maxDate=0, sequenceNumber=0, masterKeyId=0, strToSign=AWS4-HMAC-SHA256
datanode_3  | 2019-11-01 00:42:56,092 INFO server.RaftServerConfigKeys: raft.server.rpcslowness.timeout = 120s (custom)
datanode_1  | 2019-11-01 00:42:56,091 INFO storage.RaftStorageDirectory: The storage directory /data/metadata/ratis/f44c9e31-701e-4ee9-924e-5eadb8f02415 does not exist. Creating ...
datanode_2  | 2019-11-01 00:42:55,427 INFO util.JmxRegister: Successfully registered JMX Bean with object name Ratis:service=RaftServer,group=group-D07C954D9715,id=051be431-f6bd-413c-b452-327845c71c95
kdc_1       | Entry for principal scm/9cb2a8631d9d@EXAMPLE.COM with kvno 2, encryption type aes128-cts-hmac-sha1-96 added to keytab WRFILE:/data/scm.9cb2a8631d9d.keytab.
scm_1       | 2019-11-01 00:42:51,796 INFO authorize.ServiceAuthorizationManager: Authorization successful for dn/4c7a70603ead@EXAMPLE.COM (auth:KERBEROS) for protocol=interface org.apache.hadoop.ozone.protocol.StorageContainerDatanodeProtocol
om_1        | 2019-11-01 00:42:53,511 INFO server.AuthenticationFilter: Unable to initialize FileSignerSecretProvider, falling back to use random secrets.
datanode_3  | 2019-11-01 00:42:56,092 INFO server.RaftServerConfigKeys: raft.server.sleep.deviation.threshold = 300 (default)
s3g_1       | 20191101T004930Z
datanode_1  | 2019-11-01 00:42:56,105 INFO storage.RaftStorageDirectory: Lock on /data/metadata/ratis/f44c9e31-701e-4ee9-924e-5eadb8f02415/in_use.lock acquired by nodename 7@d357d6fc1c5f
datanode_2  | 2019-11-01 00:42:55,429 WARN impl.MetricRegistriesImpl: First MetricRegistry has been created without registering reporters. You may need to call MetricRegistries.global().addReportRegistration(...) before.
kdc_1       | Generiting keytab
scm_1       | 2019-11-01 00:42:51,800 INFO ipc.Server: Auth successful for om/om@EXAMPLE.COM (auth:KERBEROS)
om_1        | 2019-11-01 00:42:53,513 INFO http.HttpRequestLog: Http request log for http.requests.ozoneManager is not defined
datanode_3  | 2019-11-01 00:42:56,092 INFO server.RaftServerConfigKeys: raft.server.log.appender.install.snapshot.enabled = false (custom)
s3g_1       | 20191101/us-west-1/s3/aws4_request
datanode_1  | 2019-11-01 00:42:56,123 INFO storage.RaftStorage: Storage directory /data/metadata/ratis/f44c9e31-701e-4ee9-924e-5eadb8f02415 has been successfully formatted.
datanode_2  | 2019-11-01 00:42:56,074 INFO impl.RaftServerProxy: 051be431-f6bd-413c-b452-327845c71c95: addNew group-5EADB8F02415:[9f0bb04f-ff13-4ee1-bb6c-dbca056bc76b:172.18.0.8:9858, 051be431-f6bd-413c-b452-327845c71c95:172.18.0.5:9858, cd5e1f93-2c31-4c28-ac6f-76814b50ef65:172.18.0.10:9858] returns group-5EADB8F02415:java.util.concurrent.CompletableFuture@188a13be[Not completed]
kdc_1       | Authenticating as principal admin/admin with keytab /tmp/admin.keytab.
scm_1       | 2019-11-01 00:42:51,809 INFO authorize.ServiceAuthorizationManager: Authorization successful for om/om@EXAMPLE.COM (auth:KERBEROS) for protocol=interface org.apache.hadoop.hdds.scm.protocol.ScmBlockLocationProtocol
datanode_3  | 2019-11-01 00:42:56,092 INFO impl.RaftServerImpl: 9f0bb04f-ff13-4ee1-bb6c-dbca056bc76b@group-5EADB8F02415: ConfigurationManager, init=-1: [9f0bb04f-ff13-4ee1-bb6c-dbca056bc76b:172.18.0.8:9858, 051be431-f6bd-413c-b452-327845c71c95:172.18.0.5:9858, cd5e1f93-2c31-4c28-ac6f-76814b50ef65:172.18.0.10:9858], old=null, confs=<EMPTY_MAP>
om_1        | 2019-11-01 00:42:53,519 INFO http.HttpServer2: Added global filter 'safety' (class=org.apache.hadoop.http.HttpServer2$QuotingInputFilter)
s3g_1       | 973bda4e3a028649804c5d91eddd50649a9948073b9820be7d79c6855a414abc, signature=65795ea51d60b247c38e704f0f3f234fef19558e75704e9d6c107d1dffb4c328, awsAccessKeyId=dlfknslnfslf
datanode_1  | 2019-11-01 00:42:56,124 INFO ratis.ContainerStateMachine: group-5EADB8F02415: The snapshot info is null. Setting the last applied indexto:(t:0, i:~)
datanode_2  | 2019-11-01 00:42:56,078 INFO impl.RaftServerImpl: 051be431-f6bd-413c-b452-327845c71c95: new RaftServerImpl for group-5EADB8F02415:[9f0bb04f-ff13-4ee1-bb6c-dbca056bc76b:172.18.0.8:9858, 051be431-f6bd-413c-b452-327845c71c95:172.18.0.5:9858, cd5e1f93-2c31-4c28-ac6f-76814b50ef65:172.18.0.10:9858] with ContainerStateMachine:uninitialized
kdc_1       | WARNING: no policy specified for scm/4c7a70603ead@EXAMPLE.COM; defaulting to no policy
scm_1       | 2019-11-01 00:42:51,824 INFO ipc.Server: Auth successful for dn/f0ca6d9f3a22@EXAMPLE.COM (auth:KERBEROS)
datanode_3  | 2019-11-01 00:42:56,093 INFO server.RaftServerConfigKeys: raft.server.storage.dir = [/data/metadata/ratis] (custom)
om_1        | 2019-11-01 00:42:53,521 INFO http.HttpServer2: Added filter authentication (class=org.apache.hadoop.security.authentication.server.AuthenticationFilter) to context ozoneManager
s3g_1       | 	at org.apache.hadoop.ipc.Client.getRpcResponse(Client.java:1511)
datanode_1  | 2019-11-01 00:42:56,124 INFO server.RaftServerConfigKeys: raft.server.notification.no-leader.timeout = 120s (custom)
datanode_2  | 2019-11-01 00:42:56,078 INFO server.RaftServerConfigKeys: raft.server.rpc.timeout.min = 5s (custom)
kdc_1       | Principal "scm/4c7a70603ead@EXAMPLE.COM" created.
scm_1       | 2019-11-01 00:42:51,827 INFO authorize.ServiceAuthorizationManager: Authorization successful for dn/f0ca6d9f3a22@EXAMPLE.COM (auth:KERBEROS) for protocol=interface org.apache.hadoop.ozone.protocol.StorageContainerDatanodeProtocol
datanode_3  | 2019-11-01 00:42:56,093 INFO server.RaftServerConfigKeys: raft.server.log.corruption.policy = EXCEPTION (default)
om_1        | 2019-11-01 00:42:53,521 INFO http.HttpServer2: Added filter authentication (class=org.apache.hadoop.security.authentication.server.AuthenticationFilter) to context static
datanode_1  | 2019-11-01 00:42:56,125 INFO server.RaftServerConfigKeys: raft.server.log.use.memory = false (default)
s3g_1       | 	at org.apache.hadoop.ipc.Client.call(Client.java:1457)
datanode_2  | 2019-11-01 00:42:56,079 INFO server.RaftServerConfigKeys: raft.server.rpc.timeout.max = 5200ms (custom)
kdc_1       | Authenticating as principal admin/admin with keytab /tmp/admin.keytab.
scm_1       | 2019-11-01 00:42:51,955 INFO ipc.Server: Auth successful for dn/d357d6fc1c5f@EXAMPLE.COM (auth:KERBEROS)
datanode_3  | 2019-11-01 00:42:56,093 INFO storage.RaftStorageDirectory: The storage directory /data/metadata/ratis/f44c9e31-701e-4ee9-924e-5eadb8f02415 does not exist. Creating ...
om_1        | 2019-11-01 00:42:53,521 INFO http.HttpServer2: Added filter authentication (class=org.apache.hadoop.security.authentication.server.AuthenticationFilter) to context logs
datanode_1  | 2019-11-01 00:42:56,125 INFO server.RaftServerConfigKeys: raft.server.log.purge.gap = 1000000 (custom)
s3g_1       | 	at org.apache.hadoop.ipc.Client.call(Client.java:1367)
datanode_2  | 2019-11-01 00:42:56,079 INFO server.RaftServerConfigKeys: raft.server.rpcslowness.timeout = 120s (custom)
scm_1       | 2019-11-01 00:42:51,958 INFO authorize.ServiceAuthorizationManager: Authorization successful for dn/d357d6fc1c5f@EXAMPLE.COM (auth:KERBEROS) for protocol=interface org.apache.hadoop.ozone.protocol.StorageContainerDatanodeProtocol
kdc_1       | Entry for principal scm/4c7a70603ead@EXAMPLE.COM with kvno 2, encryption type aes256-cts-hmac-sha1-96 added to keytab WRFILE:/data/scm.4c7a70603ead.keytab.
datanode_3  | 2019-11-01 00:42:56,106 INFO storage.RaftStorageDirectory: Lock on /data/metadata/ratis/f44c9e31-701e-4ee9-924e-5eadb8f02415/in_use.lock acquired by nodename 7@4c7a70603ead
om_1        | 2019-11-01 00:42:53,540 INFO http.HttpServer2: Jetty bound to port 9874
datanode_1  | 2019-11-01 00:42:56,125 INFO server.RaftServerConfigKeys: raft.server.log.appender.buffer.byte-limit = 33554432 (custom)
s3g_1       | 	at org.apache.hadoop.ipc.ProtobufRpcEngine$Invoker.invoke(ProtobufRpcEngine.java:228)
datanode_2  | 2019-11-01 00:42:56,079 INFO server.RaftServerConfigKeys: raft.server.sleep.deviation.threshold = 300 (default)
scm_1       | 2019-11-01 00:42:53,800 INFO net.NetworkTopology: Added a new node: /default-rack/9f0bb04f-ff13-4ee1-bb6c-dbca056bc76b
kdc_1       | Entry for principal scm/4c7a70603ead@EXAMPLE.COM with kvno 2, encryption type aes128-cts-hmac-sha1-96 added to keytab WRFILE:/data/scm.4c7a70603ead.keytab.
datanode_3  | 2019-11-01 00:42:56,123 INFO storage.RaftStorage: Storage directory /data/metadata/ratis/f44c9e31-701e-4ee9-924e-5eadb8f02415 has been successfully formatted.
om_1        | 2019-11-01 00:42:53,541 INFO server.Server: jetty-9.3.25.v20180904, build timestamp: 2018-09-04T21:11:46Z, git hash: 3ce520221d0240229c862b122d2b06c12a625732
datanode_1  | 2019-11-01 00:42:56,125 INFO server.RaftServerConfigKeys: raft.server.log.segment.size.max = 1048576 (custom)
s3g_1       | 	at org.apache.hadoop.ipc.ProtobufRpcEngine$Invoker.invoke(ProtobufRpcEngine.java:116)
datanode_2  | 2019-11-01 00:42:56,079 INFO server.RaftServerConfigKeys: raft.server.log.appender.install.snapshot.enabled = false (custom)
scm_1       | 2019-11-01 00:42:53,800 INFO node.SCMNodeManager: Registered Data node : 9f0bb04f-ff13-4ee1-bb6c-dbca056bc76b{ip: 172.18.0.8, host: ozonesecure_datanode_3.ozonesecure_default, networkLocation: /default-rack, certSerialId: 11767923786822131}
kdc_1       | Generiting keytab
datanode_3  | 2019-11-01 00:42:56,124 INFO ratis.ContainerStateMachine: group-5EADB8F02415: The snapshot info is null. Setting the last applied indexto:(t:0, i:~)
om_1        | 2019-11-01 00:42:53,570 INFO server.AuthenticationFilter: Unable to initialize FileSignerSecretProvider, falling back to use random secrets.
datanode_1  | 2019-11-01 00:42:56,126 INFO server.RaftServerConfigKeys: raft.server.log.segment.cache.num.max = 2 (custom)
s3g_1       | 	at com.sun.proxy.$Proxy83.submitRequest(Unknown Source)
datanode_2  | 2019-11-01 00:42:56,079 INFO impl.RaftServerImpl: 051be431-f6bd-413c-b452-327845c71c95@group-5EADB8F02415: ConfigurationManager, init=-1: [9f0bb04f-ff13-4ee1-bb6c-dbca056bc76b:172.18.0.8:9858, 051be431-f6bd-413c-b452-327845c71c95:172.18.0.5:9858, cd5e1f93-2c31-4c28-ac6f-76814b50ef65:172.18.0.10:9858], old=null, confs=<EMPTY_MAP>
scm_1       | 2019-11-01 00:42:53,805 INFO safemode.SCMSafeModeManager: SCM in safe mode. 1 DataNodes registered, 1 required.
kdc_1       | Authenticating as principal admin/admin with keytab /tmp/admin.keytab.
datanode_3  | 2019-11-01 00:42:56,124 INFO server.RaftServerConfigKeys: raft.server.notification.no-leader.timeout = 120s (custom)
om_1        | 2019-11-01 00:42:53,573 INFO server.KerberosAuthenticationHandler: Using keytab /etc/security/keytabs/HTTP.keytab, for principal HTTP/om@EXAMPLE.COM
datanode_1  | 2019-11-01 00:42:56,126 INFO segmented.SegmentedRaftLogWorker: new cd5e1f93-2c31-4c28-ac6f-76814b50ef65@group-5EADB8F02415-SegmentedRaftLogWorker for RaftStorage:Storage Directory /data/metadata/ratis/f44c9e31-701e-4ee9-924e-5eadb8f02415
s3g_1       | 	at jdk.internal.reflect.GeneratedMethodAccessor4.invoke(Unknown Source)
datanode_2  | 2019-11-01 00:42:56,080 INFO server.RaftServerConfigKeys: raft.server.storage.dir = [/data/metadata/ratis] (custom)
scm_1       | 2019-11-01 00:42:53,806 INFO safemode.SCMSafeModeManager: ScmSafeModeManager, all rules are successfully validated
kdc_1       | WARNING: no policy specified for scm/om@EXAMPLE.COM; defaulting to no policy
datanode_3  | 2019-11-01 00:42:56,124 INFO server.RaftServerConfigKeys: raft.server.log.use.memory = false (default)
om_1        | 2019-11-01 00:42:53,576 INFO handler.ContextHandler: Started o.e.j.s.ServletContextHandler@162c1dfb{/logs,file:///var/log/hadoop/,AVAILABLE}
datanode_1  | 2019-11-01 00:42:56,126 INFO server.RaftServerConfigKeys: raft.server.log.queue.byte-limit = 2147483647 (custom)
s3g_1       | 	at java.base/jdk.internal.reflect.DelegatingMethodAccessorImpl.invoke(DelegatingMethodAccessorImpl.java:43)
datanode_2  | 2019-11-01 00:42:56,080 INFO server.RaftServerConfigKeys: raft.server.log.corruption.policy = EXCEPTION (default)
scm_1       | 2019-11-01 00:42:53,806 INFO safemode.SCMSafeModeManager: SCM exiting safe mode.
kdc_1       | Principal "scm/om@EXAMPLE.COM" created.
datanode_3  | 2019-11-01 00:42:56,124 INFO server.RaftServerConfigKeys: raft.server.log.purge.gap = 1000000 (custom)
om_1        | 2019-11-01 00:42:53,577 INFO handler.ContextHandler: Started o.e.j.s.ServletContextHandler@7a9ceddf{/static,jar:file:/opt/hadoop/share/ozone/lib/hadoop-ozone-ozone-manager-0.5.0-SNAPSHOT.jar!/webapps/static,AVAILABLE}
datanode_1  | 2019-11-01 00:42:56,126 INFO server.RaftServerConfigKeys: raft.server.log.queue.element-limit = 1024 (custom)
s3g_1       | 	at java.base/java.lang.reflect.Method.invoke(Method.java:566)
datanode_2  | 2019-11-01 00:42:56,080 INFO storage.RaftStorageDirectory: The storage directory /data/metadata/ratis/f44c9e31-701e-4ee9-924e-5eadb8f02415 does not exist. Creating ...
scm_1       | 2019-11-01 00:42:53,820 INFO net.NetworkTopology: Added a new node: /default-rack/051be431-f6bd-413c-b452-327845c71c95
kdc_1       | Authenticating as principal admin/admin with keytab /tmp/admin.keytab.
datanode_3  | 2019-11-01 00:42:56,124 INFO server.RaftServerConfigKeys: raft.server.log.appender.buffer.byte-limit = 33554432 (custom)
om_1        | 2019-11-01 00:42:53,671 INFO server.KerberosAuthenticationHandler: Using keytab /etc/security/keytabs/HTTP.keytab, for principal HTTP/om@EXAMPLE.COM
datanode_1  | 2019-11-01 00:42:56,126 INFO server.RaftServerConfigKeys: raft.server.log.segment.size.max = 1048576 (custom)
s3g_1       | 	at org.apache.hadoop.io.retry.RetryInvocationHandler.invokeMethod(RetryInvocationHandler.java:422)
datanode_2  | 2019-11-01 00:42:56,105 INFO storage.RaftStorageDirectory: Lock on /data/metadata/ratis/f44c9e31-701e-4ee9-924e-5eadb8f02415/in_use.lock acquired by nodename 7@f0ca6d9f3a22
scm_1       | 2019-11-01 00:42:53,821 INFO node.SCMNodeManager: Registered Data node : 051be431-f6bd-413c-b452-327845c71c95{ip: 172.18.0.5, host: ozonesecure_datanode_2.ozonesecure_default, networkLocation: /default-rack, certSerialId: 11767923786837978}
kdc_1       | Entry for principal scm/om@EXAMPLE.COM with kvno 2, encryption type aes256-cts-hmac-sha1-96 added to keytab WRFILE:/data/scm.om.keytab.
om_1        | 2019-11-01 00:42:53,676 INFO handler.ContextHandler: Started o.e.j.w.WebAppContext@40c06358{/,file:///tmp/jetty-0.0.0.0-9874-ozoneManager-_-any-2679169479235279492.dir/webapp/,AVAILABLE}{/ozoneManager}
datanode_1  | 2019-11-01 00:42:56,126 INFO server.RaftServerConfigKeys: raft.server.log.preallocated.size = 16384 (custom)
s3g_1       | 	at org.apache.hadoop.io.retry.RetryInvocationHandler$Call.invokeMethod(RetryInvocationHandler.java:165)
datanode_2  | 2019-11-01 00:42:56,123 INFO storage.RaftStorage: Storage directory /data/metadata/ratis/f44c9e31-701e-4ee9-924e-5eadb8f02415 has been successfully formatted.
scm_1       | 2019-11-01 00:42:53,956 INFO net.NetworkTopology: Added a new node: /default-rack/cd5e1f93-2c31-4c28-ac6f-76814b50ef65
datanode_3  | 2019-11-01 00:42:56,125 INFO server.RaftServerConfigKeys: raft.server.log.segment.size.max = 1048576 (custom)
kdc_1       | Entry for principal scm/om@EXAMPLE.COM with kvno 2, encryption type aes128-cts-hmac-sha1-96 added to keytab WRFILE:/data/scm.om.keytab.
om_1        | 2019-11-01 00:42:53,681 INFO server.AbstractConnector: Started ServerConnector@24c685e7{HTTP/1.1,[http/1.1]}{0.0.0.0:9874}
s3g_1       | 	at org.apache.hadoop.io.retry.RetryInvocationHandler$Call.invoke(RetryInvocationHandler.java:157)
datanode_1  | 2019-11-01 00:42:56,126 INFO server.RaftServerConfigKeys: raft.server.log.write.buffer.size = 33554432 (custom)
datanode_2  | 2019-11-01 00:42:56,124 INFO ratis.ContainerStateMachine: group-5EADB8F02415: The snapshot info is null. Setting the last applied indexto:(t:0, i:~)
scm_1       | 2019-11-01 00:42:53,956 INFO node.SCMNodeManager: Registered Data node : cd5e1f93-2c31-4c28-ac6f-76814b50ef65{ip: 172.18.0.10, host: ozonesecure_datanode_1.ozonesecure_default, networkLocation: /default-rack, certSerialId: 11767923825199577}
datanode_3  | 2019-11-01 00:42:56,125 INFO server.RaftServerConfigKeys: raft.server.log.segment.cache.num.max = 2 (custom)
kdc_1       | Generiting keytab
om_1        | 2019-11-01 00:42:53,681 INFO server.Server: Started @4007ms
s3g_1       | 	at org.apache.hadoop.io.retry.RetryInvocationHandler$Call.invokeOnce(RetryInvocationHandler.java:95)
datanode_1  | 2019-11-01 00:42:56,126 INFO server.RaftServerConfigKeys: raft.server.log.force.sync.num = 128 (default)
datanode_2  | 2019-11-01 00:42:56,124 INFO server.RaftServerConfigKeys: raft.server.notification.no-leader.timeout = 120s (custom)
datanode_3  | 2019-11-01 00:42:56,125 INFO segmented.SegmentedRaftLogWorker: new 9f0bb04f-ff13-4ee1-bb6c-dbca056bc76b@group-5EADB8F02415-SegmentedRaftLogWorker for RaftStorage:Storage Directory /data/metadata/ratis/f44c9e31-701e-4ee9-924e-5eadb8f02415
scm_1       | 2019-11-01 00:42:55,000 INFO pipeline.PipelineStateManager: Created pipeline Pipeline[ Id: e955f86a-5318-4b83-b06d-121d2ec64e0e, Nodes: 9f0bb04f-ff13-4ee1-bb6c-dbca056bc76b{ip: 172.18.0.8, host: ozonesecure_datanode_3.ozonesecure_default, networkLocation: /default-rack, certSerialId: null}, Type:RATIS, Factor:ONE, State:OPEN]
kdc_1       | Authenticating as principal admin/admin with keytab /tmp/admin.keytab.
om_1        | 2019-11-01 00:42:53,709 INFO impl.MetricsSinkAdapter: Sink prometheus started
s3g_1       | 	at org.apache.hadoop.io.retry.RetryInvocationHandler.invoke(RetryInvocationHandler.java:359)
datanode_1  | 2019-11-01 00:42:56,127 INFO server.RaftServerConfigKeys: raft.server.log.statemachine.data.sync = true (default)
datanode_2  | 2019-11-01 00:42:56,124 INFO server.RaftServerConfigKeys: raft.server.log.use.memory = false (default)
datanode_3  | 2019-11-01 00:42:56,125 INFO server.RaftServerConfigKeys: raft.server.log.queue.byte-limit = 2147483647 (custom)
scm_1       | 2019-11-01 00:42:55,494 INFO pipeline.PipelineStateManager: Created pipeline Pipeline[ Id: 8cc264d8-dcb8-4baf-8abd-d07c954d9715, Nodes: 051be431-f6bd-413c-b452-327845c71c95{ip: 172.18.0.5, host: ozonesecure_datanode_2.ozonesecure_default, networkLocation: /default-rack, certSerialId: null}, Type:RATIS, Factor:ONE, State:OPEN]
kdc_1       | WARNING: no policy specified for HTTP/scm@EXAMPLE.COM; defaulting to no policy
om_1        | 2019-11-01 00:42:53,709 INFO impl.MetricsSystemImpl: Registered sink prometheus
s3g_1       | 	at com.sun.proxy.$Proxy83.submitRequest(Unknown Source)
datanode_1  | 2019-11-01 00:42:56,127 INFO server.RaftServerConfigKeys: raft.server.log.statemachine.data.sync.timeout = 10s (default)
datanode_2  | 2019-11-01 00:42:56,124 INFO server.RaftServerConfigKeys: raft.server.log.purge.gap = 1000000 (custom)
datanode_3  | 2019-11-01 00:42:56,125 INFO server.RaftServerConfigKeys: raft.server.log.queue.element-limit = 1024 (custom)
kdc_1       | Principal "HTTP/scm@EXAMPLE.COM" created.
om_1        | 2019-11-01 00:42:53,711 INFO server.BaseHttpServer: HTTP server of OZONEMANAGER is listening at http://0.0.0.0:9874
s3g_1       | 	at org.apache.hadoop.ozone.om.protocolPB.OzoneManagerProtocolClientSideTranslatorPB.submitRequest(OzoneManagerProtocolClientSideTranslatorPB.java:338)
datanode_1  | 2019-11-01 00:42:56,127 INFO server.RaftServerConfigKeys: raft.server.log.statemachine.data.sync.timeout.retry = -1 (default)
datanode_3  | 2019-11-01 00:42:56,125 INFO server.RaftServerConfigKeys: raft.server.log.segment.size.max = 1048576 (custom)
kdc_1       | Authenticating as principal admin/admin with keytab /tmp/admin.keytab.
datanode_2  | 2019-11-01 00:42:56,124 INFO server.RaftServerConfigKeys: raft.server.log.appender.buffer.byte-limit = 33554432 (custom)
scm_1       | 2019-11-01 00:42:56,003 INFO pipeline.PipelineStateManager: Created pipeline Pipeline[ Id: 56a33e83-b425-45fa-a68a-82815854bf8c, Nodes: cd5e1f93-2c31-4c28-ac6f-76814b50ef65{ip: 172.18.0.10, host: ozonesecure_datanode_1.ozonesecure_default, networkLocation: /default-rack, certSerialId: null}, Type:RATIS, Factor:ONE, State:OPEN]
om_1        | 2019-11-01 00:43:09,829 INFO ipc.Server: Auth successful for HTTP/scm@EXAMPLE.COM (auth:KERBEROS)
s3g_1       | 	at org.apache.hadoop.ozone.om.protocolPB.OzoneManagerProtocolClientSideTranslatorPB.getServiceInfo(OzoneManagerProtocolClientSideTranslatorPB.java:1223)
datanode_3  | 2019-11-01 00:42:56,125 INFO server.RaftServerConfigKeys: raft.server.log.preallocated.size = 16384 (custom)
kdc_1       | Nov 01 00:42:36 kdc krb5kdc[9](info): AS_REQ (8 etypes {18 17 20 19 16 23 25 26}) 127.0.0.1: SERVER_NOT_FOUND: admin/admin@EXAMPLE.COM for kadmin/localhost@EXAMPLE.COM, Server not found in Kerberos database
scm_1       | 2019-11-01 00:42:56,143 INFO pipeline.PipelineStateManager: Created pipeline Pipeline[ Id: f44c9e31-701e-4ee9-924e-5eadb8f02415, Nodes: 9f0bb04f-ff13-4ee1-bb6c-dbca056bc76b{ip: 172.18.0.8, host: ozonesecure_datanode_3.ozonesecure_default, networkLocation: /default-rack, certSerialId: null}051be431-f6bd-413c-b452-327845c71c95{ip: 172.18.0.5, host: ozonesecure_datanode_2.ozonesecure_default, networkLocation: /default-rack, certSerialId: null}cd5e1f93-2c31-4c28-ac6f-76814b50ef65{ip: 172.18.0.10, host: ozonesecure_datanode_1.ozonesecure_default, networkLocation: /default-rack, certSerialId: null}, Type:RATIS, Factor:THREE, State:OPEN]
om_1        | 2019-11-01 00:43:09,853 INFO authorize.ServiceAuthorizationManager: Authorization successful for HTTP/scm@EXAMPLE.COM (auth:KERBEROS) for protocol=interface org.apache.hadoop.ozone.om.protocol.OzoneManagerProtocol
datanode_1  | 2019-11-01 00:42:56,127 INFO server.RaftServerConfigKeys: raft.server.log.statemachine.data.caching.enabled = true (custom)
datanode_2  | 2019-11-01 00:42:56,125 INFO server.RaftServerConfigKeys: raft.server.log.segment.size.max = 1048576 (custom)
s3g_1       | 	at java.base/jdk.internal.reflect.NativeMethodAccessorImpl.invoke0(Native Method)
datanode_3  | 2019-11-01 00:42:56,126 INFO server.RaftServerConfigKeys: raft.server.log.write.buffer.size = 33554432 (custom)
kdc_1       | Nov 01 00:42:36 kdc krb5kdc[9](info): AS_REQ (8 etypes {18 17 20 19 16 23 25 26}) 127.0.0.1: ISSUE: authtime 1572568956, etypes {rep=18 tkt=18 ses=18}, admin/admin@EXAMPLE.COM for kadmin/admin@EXAMPLE.COM
scm_1       | 2019-11-01 00:43:10,266 INFO ipc.Server: Auth successful for om/om@EXAMPLE.COM (auth:KERBEROS)
datanode_1  | 2019-11-01 00:42:56,127 INFO segmented.SegmentedRaftLogWorker: cd5e1f93-2c31-4c28-ac6f-76814b50ef65@group-5EADB8F02415-SegmentedRaftLogWorker: flushIndex: setUnconditionally 0 -> -1
om_1        | 2019-11-01 00:43:11,226 INFO volume.OMVolumeCreateRequest: created volume:vol-0-54109 for user:HTTP/scm@EXAMPLE.COM
datanode_2  | 2019-11-01 00:42:56,125 INFO server.RaftServerConfigKeys: raft.server.log.segment.cache.num.max = 2 (custom)
s3g_1       | 	at java.base/jdk.internal.reflect.NativeMethodAccessorImpl.invoke(NativeMethodAccessorImpl.java:62)
datanode_3  | 2019-11-01 00:42:56,126 INFO server.RaftServerConfigKeys: raft.server.log.force.sync.num = 128 (default)
kdc_1       | Nov 01 00:42:36 kdc krb5kdc[9](info): AS_REQ (8 etypes {18 17 20 19 16 23 25 26}) 127.0.0.1: SERVER_NOT_FOUND: admin/admin@EXAMPLE.COM for kadmin/localhost@EXAMPLE.COM, Server not found in Kerberos database
scm_1       | 2019-11-01 00:43:10,270 INFO authorize.ServiceAuthorizationManager: Authorization successful for om/om@EXAMPLE.COM (auth:KERBEROS) for protocol=interface org.apache.hadoop.hdds.scm.protocol.StorageContainerLocationProtocol
datanode_1  | 2019-11-01 00:42:56,128 INFO server.RaftServerConfigKeys: raft.server.snapshot.auto.trigger.enabled = true (custom)
om_1        | 2019-11-01 00:43:11,263 INFO volume.OMVolumeCreateRequest: created volume:vol-1-17944 for user:HTTP/scm@EXAMPLE.COM
datanode_2  | 2019-11-01 00:42:56,125 INFO segmented.SegmentedRaftLogWorker: new 051be431-f6bd-413c-b452-327845c71c95@group-5EADB8F02415-SegmentedRaftLogWorker for RaftStorage:Storage Directory /data/metadata/ratis/f44c9e31-701e-4ee9-924e-5eadb8f02415
s3g_1       | 	at java.base/jdk.internal.reflect.DelegatingMethodAccessorImpl.invoke(DelegatingMethodAccessorImpl.java:43)
datanode_3  | 2019-11-01 00:42:56,126 INFO server.RaftServerConfigKeys: raft.server.log.statemachine.data.sync = true (default)
scm_1       | 2019-11-01 00:43:11,760 INFO ipc.Server: Auth successful for om/om@EXAMPLE.COM (auth:KERBEROS)
kdc_1       | Nov 01 00:42:36 kdc krb5kdc[9](info): AS_REQ (8 etypes {18 17 20 19 16 23 25 26}) 127.0.0.1: ISSUE: authtime 1572568956, etypes {rep=18 tkt=18 ses=18}, admin/admin@EXAMPLE.COM for kadmin/admin@EXAMPLE.COM
datanode_1  | 2019-11-01 00:42:56,128 INFO server.RaftServerConfigKeys: raft.server.snapshot.auto.trigger.threshold = 10000 (custom)
om_1        | 2019-11-01 00:43:11,283 INFO volume.OMVolumeCreateRequest: created volume:vol-2-93854 for user:HTTP/scm@EXAMPLE.COM
datanode_2  | 2019-11-01 00:42:56,125 INFO server.RaftServerConfigKeys: raft.server.log.queue.byte-limit = 2147483647 (custom)
s3g_1       | 	at java.base/java.lang.reflect.Method.invoke(Method.java:566)
datanode_3  | 2019-11-01 00:42:56,126 INFO server.RaftServerConfigKeys: raft.server.log.statemachine.data.sync.timeout = 10s (default)
scm_1       | 2019-11-01 00:43:11,764 INFO authorize.ServiceAuthorizationManager: Authorization successful for om/om@EXAMPLE.COM (auth:KERBEROS) for protocol=interface org.apache.hadoop.hdds.scm.protocol.ScmBlockLocationProtocol
kdc_1       | Nov 01 00:42:37 kdc krb5kdc[9](info): AS_REQ (8 etypes {18 17 20 19 16 23 25 26}) 127.0.0.1: SERVER_NOT_FOUND: admin/admin@EXAMPLE.COM for kadmin/localhost@EXAMPLE.COM, Server not found in Kerberos database
datanode_1  | 2019-11-01 00:42:56,128 INFO server.RaftServerConfigKeys: raft.server.snapshot.retention.file.num = 5 (custom)
datanode_2  | 2019-11-01 00:42:56,125 INFO server.RaftServerConfigKeys: raft.server.log.queue.element-limit = 1024 (custom)
s3g_1       | 	at org.apache.hadoop.hdds.tracing.TraceAllMethod.invoke(TraceAllMethod.java:66)
om_1        | 2019-11-01 00:43:11,294 INFO volume.OMVolumeCreateRequest: created volume:vol-3-14032 for user:HTTP/scm@EXAMPLE.COM
datanode_3  | 2019-11-01 00:42:56,126 INFO server.RaftServerConfigKeys: raft.server.log.statemachine.data.sync.timeout.retry = -1 (default)
scm_1       | 2019-11-01 00:43:13,139 INFO ipc.Server: Auth successful for dn/f0ca6d9f3a22@EXAMPLE.COM (auth:KERBEROS)
kdc_1       | Nov 01 00:42:37 kdc krb5kdc[9](info): AS_REQ (8 etypes {18 17 20 19 16 23 25 26}) 127.0.0.1: ISSUE: authtime 1572568957, etypes {rep=18 tkt=18 ses=18}, admin/admin@EXAMPLE.COM for kadmin/admin@EXAMPLE.COM
datanode_1  | 2019-11-01 00:42:56,129 INFO server.RaftServerConfigKeys: raft.server.retrycache.expirytime = 600000ms (custom)
s3g_1       | 	at com.sun.proxy.$Proxy84.getServiceInfo(Unknown Source)
om_1        | 2019-11-01 00:43:11,303 INFO volume.OMVolumeCreateRequest: created volume:vol-4-64442 for user:HTTP/scm@EXAMPLE.COM
datanode_3  | 2019-11-01 00:42:56,126 INFO server.RaftServerConfigKeys: raft.server.log.statemachine.data.caching.enabled = true (custom)
scm_1       | 2019-11-01 00:43:13,143 INFO authorize.ServiceAuthorizationManager: Authorization successful for dn/f0ca6d9f3a22@EXAMPLE.COM (auth:KERBEROS) for protocol=interface org.apache.hadoop.hdds.protocol.SCMSecurityProtocol
kdc_1       | Nov 01 00:42:37 kdc krb5kdc[9](info): AS_REQ (8 etypes {18 17 20 19 16 23 25 26}) 127.0.0.1: SERVER_NOT_FOUND: admin/admin@EXAMPLE.COM for kadmin/localhost@EXAMPLE.COM, Server not found in Kerberos database
datanode_1  | 2019-11-01 00:42:56,129 WARN impl.MetricRegistriesImpl: First MetricRegistry has been created without registering reporters. You may need to call MetricRegistries.global().addReportRegistration(...) before.
datanode_2  | 2019-11-01 00:42:56,127 INFO server.RaftServerConfigKeys: raft.server.log.segment.size.max = 1048576 (custom)
s3g_1       | 	at org.apache.hadoop.ozone.client.rpc.RpcClient.<init>(RpcClient.java:156)
om_1        | 2019-11-01 00:43:28,639 INFO ipc.Server: Auth successful for testuser/scm@EXAMPLE.COM (auth:KERBEROS)
datanode_3  | 2019-11-01 00:42:56,126 INFO segmented.SegmentedRaftLogWorker: 9f0bb04f-ff13-4ee1-bb6c-dbca056bc76b@group-5EADB8F02415-SegmentedRaftLogWorker: flushIndex: setUnconditionally 0 -> -1
scm_1       | 2019-11-01 00:43:13,166 INFO ipc.Server: Auth successful for dn/d357d6fc1c5f@EXAMPLE.COM (auth:KERBEROS)
kdc_1       | Nov 01 00:42:37 kdc krb5kdc[9](info): AS_REQ (8 etypes {18 17 20 19 16 23 25 26}) 127.0.0.1: ISSUE: authtime 1572568957, etypes {rep=18 tkt=18 ses=18}, admin/admin@EXAMPLE.COM for kadmin/admin@EXAMPLE.COM
datanode_1  | 2019-11-01 00:42:56,129 WARN impl.MetricRegistriesImpl: First MetricRegistry has been created without registering reporters. You may need to call MetricRegistries.global().addReportRegistration(...) before.
datanode_2  | 2019-11-01 00:42:56,127 INFO server.RaftServerConfigKeys: raft.server.log.preallocated.size = 16384 (custom)
s3g_1       | 	at org.apache.hadoop.ozone.client.OzoneClientFactory.getClientProtocol(OzoneClientFactory.java:256)
om_1        | 2019-11-01 00:43:28,654 INFO authorize.ServiceAuthorizationManager: Authorization successful for testuser/scm@EXAMPLE.COM (auth:KERBEROS) for protocol=interface org.apache.hadoop.ozone.om.protocol.OzoneManagerProtocol
datanode_3  | 2019-11-01 00:42:56,127 INFO server.RaftServerConfigKeys: raft.server.snapshot.auto.trigger.enabled = true (custom)
scm_1       | 2019-11-01 00:43:13,169 INFO authorize.ServiceAuthorizationManager: Authorization successful for dn/d357d6fc1c5f@EXAMPLE.COM (auth:KERBEROS) for protocol=interface org.apache.hadoop.hdds.protocol.SCMSecurityProtocol
kdc_1       | Nov 01 00:42:37 kdc krb5kdc[9](info): AS_REQ (8 etypes {18 17 20 19 16 23 25 26}) 127.0.0.1: SERVER_NOT_FOUND: admin/admin@EXAMPLE.COM for kadmin/localhost@EXAMPLE.COM, Server not found in Kerberos database
datanode_1  | 2019-11-01 00:42:56,129 INFO impl.RaftServerImpl: cd5e1f93-2c31-4c28-ac6f-76814b50ef65@group-5EADB8F02415: start as a follower, conf=-1: [9f0bb04f-ff13-4ee1-bb6c-dbca056bc76b:172.18.0.8:9858, 051be431-f6bd-413c-b452-327845c71c95:172.18.0.5:9858, cd5e1f93-2c31-4c28-ac6f-76814b50ef65:172.18.0.10:9858], old=null
datanode_2  | 2019-11-01 00:42:56,127 INFO server.RaftServerConfigKeys: raft.server.log.write.buffer.size = 33554432 (custom)
s3g_1       | 	at org.apache.hadoop.ozone.client.OzoneClientFactory.getClientProtocol(OzoneClientFactory.java:239)
om_1        | 2019-11-01 00:43:31,199 INFO ipc.Server: Auth successful for testuser/scm@EXAMPLE.COM (auth:KERBEROS)
datanode_3  | 2019-11-01 00:42:56,127 INFO server.RaftServerConfigKeys: raft.server.snapshot.auto.trigger.threshold = 10000 (custom)
kdc_1       | Nov 01 00:42:37 kdc krb5kdc[9](info): AS_REQ (8 etypes {18 17 20 19 16 23 25 26}) 127.0.0.1: ISSUE: authtime 1572568957, etypes {rep=18 tkt=18 ses=18}, admin/admin@EXAMPLE.COM for kadmin/admin@EXAMPLE.COM
scm_1       | 2019-11-01 00:43:13,178 INFO ipc.Server: Auth successful for dn/4c7a70603ead@EXAMPLE.COM (auth:KERBEROS)
datanode_1  | 2019-11-01 00:42:56,130 INFO impl.RaftServerImpl: cd5e1f93-2c31-4c28-ac6f-76814b50ef65@group-5EADB8F02415: changes role from      null to FOLLOWER at term 0 for startAsFollower
datanode_2  | 2019-11-01 00:42:56,127 INFO server.RaftServerConfigKeys: raft.server.log.force.sync.num = 128 (default)
s3g_1       | 	at org.apache.hadoop.ozone.client.OzoneClientFactory.getClient(OzoneClientFactory.java:75)
om_1        | 2019-11-01 00:43:31,216 INFO authorize.ServiceAuthorizationManager: Authorization successful for testuser/scm@EXAMPLE.COM (auth:KERBEROS) for protocol=interface org.apache.hadoop.ozone.om.protocol.OzoneManagerProtocol
datanode_3  | 2019-11-01 00:42:56,127 INFO server.RaftServerConfigKeys: raft.server.snapshot.retention.file.num = 5 (custom)
kdc_1       | Nov 01 00:42:37 kdc krb5kdc[9](info): AS_REQ (8 etypes {18 17 20 19 16 23 25 26}) 127.0.0.1: SERVER_NOT_FOUND: admin/admin@EXAMPLE.COM for kadmin/localhost@EXAMPLE.COM, Server not found in Kerberos database
scm_1       | 2019-11-01 00:43:13,181 INFO authorize.ServiceAuthorizationManager: Authorization successful for dn/4c7a70603ead@EXAMPLE.COM (auth:KERBEROS) for protocol=interface org.apache.hadoop.hdds.protocol.SCMSecurityProtocol
datanode_1  | 2019-11-01 00:42:56,130 INFO impl.RoleInfo: cd5e1f93-2c31-4c28-ac6f-76814b50ef65: start FollowerState
datanode_2  | 2019-11-01 00:42:56,127 INFO server.RaftServerConfigKeys: raft.server.log.statemachine.data.sync = true (default)
s3g_1       | 	at org.apache.hadoop.ozone.s3.OzoneClientProducer.getClient(OzoneClientProducer.java:114)
datanode_3  | 2019-11-01 00:42:56,128 INFO server.RaftServerConfigKeys: raft.server.retrycache.expirytime = 600000ms (custom)
kdc_1       | Nov 01 00:42:37 kdc krb5kdc[9](info): AS_REQ (8 etypes {18 17 20 19 16 23 25 26}) 127.0.0.1: ISSUE: authtime 1572568957, etypes {rep=18 tkt=18 ses=18}, admin/admin@EXAMPLE.COM for kadmin/admin@EXAMPLE.COM
scm_1       | 2019-11-01 00:43:13,622 INFO ipc.Server: Auth successful for dn/f0ca6d9f3a22@EXAMPLE.COM (auth:KERBEROS)
datanode_1  | 2019-11-01 00:42:56,130 INFO util.JmxRegister: Successfully registered JMX Bean with object name Ratis:service=RaftServer,group=group-5EADB8F02415,id=cd5e1f93-2c31-4c28-ac6f-76814b50ef65
datanode_2  | 2019-11-01 00:42:56,128 INFO server.RaftServerConfigKeys: raft.server.log.statemachine.data.sync.timeout = 10s (default)
s3g_1       | 	at org.apache.hadoop.ozone.s3.OzoneClientProducer.createClient(OzoneClientProducer.java:71)
datanode_3  | 2019-11-01 00:42:56,128 WARN impl.MetricRegistriesImpl: First MetricRegistry has been created without registering reporters. You may need to call MetricRegistries.global().addReportRegistration(...) before.
om_1        | 2019-11-01 00:43:31,991 INFO volume.OMVolumeCreateRequest: created volume:76347-rpcwoport for user:testuser/scm@EXAMPLE.COM
kdc_1       | Nov 01 00:42:37 kdc krb5kdc[9](info): AS_REQ (8 etypes {18 17 20 19 16 23 25 26}) 127.0.0.1: SERVER_NOT_FOUND: admin/admin@EXAMPLE.COM for kadmin/localhost@EXAMPLE.COM, Server not found in Kerberos database
scm_1       | 2019-11-01 00:43:13,628 INFO authorize.ServiceAuthorizationManager: Authorization successful for dn/f0ca6d9f3a22@EXAMPLE.COM (auth:KERBEROS) for protocol=interface org.apache.hadoop.ozone.protocol.StorageContainerDatanodeProtocol
datanode_1  | 2019-11-01 00:42:56,131 WARN impl.MetricRegistriesImpl: First MetricRegistry has been created without registering reporters. You may need to call MetricRegistries.global().addReportRegistration(...) before.
datanode_2  | 2019-11-01 00:42:56,128 INFO server.RaftServerConfigKeys: raft.server.log.statemachine.data.sync.timeout.retry = -1 (default)
s3g_1       | 	at java.base/jdk.internal.reflect.NativeMethodAccessorImpl.invoke0(Native Method)
datanode_3  | 2019-11-01 00:42:56,128 WARN impl.MetricRegistriesImpl: First MetricRegistry has been created without registering reporters. You may need to call MetricRegistries.global().addReportRegistration(...) before.
om_1        | 2019-11-01 00:43:33,979 INFO ipc.Server: Auth successful for testuser/scm@EXAMPLE.COM (auth:KERBEROS)
kdc_1       | Nov 01 00:42:37 kdc krb5kdc[9](info): AS_REQ (8 etypes {18 17 20 19 16 23 25 26}) 127.0.0.1: ISSUE: authtime 1572568957, etypes {rep=18 tkt=18 ses=18}, admin/admin@EXAMPLE.COM for kadmin/admin@EXAMPLE.COM
scm_1       | 2019-11-01 00:43:13,702 INFO ipc.Server: Auth successful for dn/d357d6fc1c5f@EXAMPLE.COM (auth:KERBEROS)
datanode_1  | 2019-11-01 00:43:00,976 INFO impl.FollowerState: cd5e1f93-2c31-4c28-ac6f-76814b50ef65@group-82815854BF8C-FollowerState: change to CANDIDATE, lastRpcTime:5052ms, electionTimeout:5051ms
datanode_2  | 2019-11-01 00:42:56,128 INFO server.RaftServerConfigKeys: raft.server.log.statemachine.data.caching.enabled = true (custom)
s3g_1       | 	at java.base/jdk.internal.reflect.NativeMethodAccessorImpl.invoke(NativeMethodAccessorImpl.java:62)
datanode_3  | 2019-11-01 00:42:56,128 INFO impl.RaftServerImpl: 9f0bb04f-ff13-4ee1-bb6c-dbca056bc76b@group-5EADB8F02415: start as a follower, conf=-1: [9f0bb04f-ff13-4ee1-bb6c-dbca056bc76b:172.18.0.8:9858, 051be431-f6bd-413c-b452-327845c71c95:172.18.0.5:9858, cd5e1f93-2c31-4c28-ac6f-76814b50ef65:172.18.0.10:9858], old=null
om_1        | 2019-11-01 00:43:33,990 INFO authorize.ServiceAuthorizationManager: Authorization successful for testuser/scm@EXAMPLE.COM (auth:KERBEROS) for protocol=interface org.apache.hadoop.ozone.om.protocol.OzoneManagerProtocol
scm_1       | 2019-11-01 00:43:13,703 INFO ipc.Server: Auth successful for dn/4c7a70603ead@EXAMPLE.COM (auth:KERBEROS)
datanode_1  | 2019-11-01 00:43:00,977 INFO impl.RoleInfo: cd5e1f93-2c31-4c28-ac6f-76814b50ef65: shutdown FollowerState
kdc_1       | Nov 01 00:42:37 kdc krb5kdc[9](info): AS_REQ (8 etypes {18 17 20 19 16 23 25 26}) 127.0.0.1: SERVER_NOT_FOUND: admin/admin@EXAMPLE.COM for kadmin/localhost@EXAMPLE.COM, Server not found in Kerberos database
s3g_1       | 	at java.base/jdk.internal.reflect.DelegatingMethodAccessorImpl.invoke(DelegatingMethodAccessorImpl.java:43)
om_1        | 2019-11-01 00:43:36,638 INFO ipc.Server: Auth successful for testuser/scm@EXAMPLE.COM (auth:KERBEROS)
datanode_3  | 2019-11-01 00:42:56,129 INFO impl.RaftServerImpl: 9f0bb04f-ff13-4ee1-bb6c-dbca056bc76b@group-5EADB8F02415: changes role from      null to FOLLOWER at term 0 for startAsFollower
datanode_2  | 2019-11-01 00:42:56,128 INFO segmented.SegmentedRaftLogWorker: 051be431-f6bd-413c-b452-327845c71c95@group-5EADB8F02415-SegmentedRaftLogWorker: flushIndex: setUnconditionally 0 -> -1
scm_1       | 2019-11-01 00:43:13,705 INFO authorize.ServiceAuthorizationManager: Authorization successful for dn/d357d6fc1c5f@EXAMPLE.COM (auth:KERBEROS) for protocol=interface org.apache.hadoop.ozone.protocol.StorageContainerDatanodeProtocol
datanode_1  | 2019-11-01 00:43:00,977 INFO impl.RaftServerImpl: cd5e1f93-2c31-4c28-ac6f-76814b50ef65@group-82815854BF8C: changes role from  FOLLOWER to CANDIDATE at term 0 for changeToCandidate
kdc_1       | Nov 01 00:42:37 kdc krb5kdc[9](info): AS_REQ (8 etypes {18 17 20 19 16 23 25 26}) 127.0.0.1: ISSUE: authtime 1572568957, etypes {rep=18 tkt=18 ses=18}, admin/admin@EXAMPLE.COM for kadmin/admin@EXAMPLE.COM
om_1        | 2019-11-01 00:43:36,647 INFO authorize.ServiceAuthorizationManager: Authorization successful for testuser/scm@EXAMPLE.COM (auth:KERBEROS) for protocol=interface org.apache.hadoop.ozone.om.protocol.OzoneManagerProtocol
s3g_1       | 	at java.base/java.lang.reflect.Method.invoke(Method.java:566)
datanode_3  | 2019-11-01 00:42:56,129 INFO impl.RoleInfo: 9f0bb04f-ff13-4ee1-bb6c-dbca056bc76b: start FollowerState
datanode_2  | 2019-11-01 00:42:56,129 INFO server.RaftServerConfigKeys: raft.server.snapshot.auto.trigger.enabled = true (custom)
scm_1       | 2019-11-01 00:43:13,706 INFO authorize.ServiceAuthorizationManager: Authorization successful for dn/4c7a70603ead@EXAMPLE.COM (auth:KERBEROS) for protocol=interface org.apache.hadoop.ozone.protocol.StorageContainerDatanodeProtocol
datanode_1  | 2019-11-01 00:43:00,980 INFO impl.RoleInfo: cd5e1f93-2c31-4c28-ac6f-76814b50ef65: start LeaderElection
kdc_1       | Nov 01 00:42:37 kdc krb5kdc[9](info): AS_REQ (8 etypes {18 17 20 19 16 23 25 26}) 127.0.0.1: SERVER_NOT_FOUND: admin/admin@EXAMPLE.COM for kadmin/localhost@EXAMPLE.COM, Server not found in Kerberos database
om_1        | 2019-11-01 00:43:39,309 INFO ipc.Server: Auth successful for testuser/scm@EXAMPLE.COM (auth:KERBEROS)
s3g_1       | 	at org.jboss.weld.injection.StaticMethodInjectionPoint.invoke(StaticMethodInjectionPoint.java:88)
datanode_3  | 2019-11-01 00:42:56,130 INFO util.JmxRegister: Successfully registered JMX Bean with object name Ratis:service=RaftServer,group=group-5EADB8F02415,id=9f0bb04f-ff13-4ee1-bb6c-dbca056bc76b
datanode_2  | 2019-11-01 00:42:56,129 INFO server.RaftServerConfigKeys: raft.server.snapshot.auto.trigger.threshold = 10000 (custom)
scm_1       | 2019-11-01 00:43:28,669 INFO ipc.Server: Auth successful for om/om@EXAMPLE.COM (auth:KERBEROS)
datanode_1  | 2019-11-01 00:43:01,005 INFO impl.LeaderElection: cd5e1f93-2c31-4c28-ac6f-76814b50ef65@group-82815854BF8C-LeaderElection1: begin an election at term 1 for -1: [cd5e1f93-2c31-4c28-ac6f-76814b50ef65:172.18.0.10:9858], old=null
kdc_1       | Nov 01 00:42:37 kdc krb5kdc[9](info): AS_REQ (8 etypes {18 17 20 19 16 23 25 26}) 127.0.0.1: ISSUE: authtime 1572568957, etypes {rep=18 tkt=18 ses=18}, admin/admin@EXAMPLE.COM for kadmin/admin@EXAMPLE.COM
om_1        | 2019-11-01 00:43:39,323 INFO authorize.ServiceAuthorizationManager: Authorization successful for testuser/scm@EXAMPLE.COM (auth:KERBEROS) for protocol=interface org.apache.hadoop.ozone.om.protocol.OzoneManagerProtocol
s3g_1       | 	at org.jboss.weld.injection.StaticMethodInjectionPoint.invoke(StaticMethodInjectionPoint.java:78)
datanode_3  | 2019-11-01 00:42:56,130 WARN impl.MetricRegistriesImpl: First MetricRegistry has been created without registering reporters. You may need to call MetricRegistries.global().addReportRegistration(...) before.
datanode_2  | 2019-11-01 00:42:56,129 INFO server.RaftServerConfigKeys: raft.server.snapshot.retention.file.num = 5 (custom)
scm_1       | 2019-11-01 00:43:28,672 INFO authorize.ServiceAuthorizationManager: Authorization successful for om/om@EXAMPLE.COM (auth:KERBEROS) for protocol=interface org.apache.hadoop.hdds.scm.protocol.StorageContainerLocationProtocol
datanode_1  | 2019-11-01 00:43:01,007 INFO impl.RoleInfo: cd5e1f93-2c31-4c28-ac6f-76814b50ef65: shutdown LeaderElection
kdc_1       | Entry for principal HTTP/scm@EXAMPLE.COM with kvno 2, encryption type aes256-cts-hmac-sha1-96 added to keytab WRFILE:/data/HTTP.scm.keytab.
om_1        | 2019-11-01 00:43:41,988 INFO ipc.Server: Auth successful for testuser/scm@EXAMPLE.COM (auth:KERBEROS)
s3g_1       | 	at org.jboss.weld.injection.producer.ProducerMethodProducer.produce(ProducerMethodProducer.java:100)
datanode_3  | 2019-11-01 00:43:00,065 INFO impl.FollowerState: 9f0bb04f-ff13-4ee1-bb6c-dbca056bc76b@group-121D2EC64E0E-FollowerState: change to CANDIDATE, lastRpcTime:5189ms, electionTimeout:5188ms
datanode_2  | 2019-11-01 00:42:56,129 INFO server.RaftServerConfigKeys: raft.server.retrycache.expirytime = 600000ms (custom)
scm_1       | 2019-11-01 00:43:44,274 INFO ipc.Server: Auth successful for dn/f0ca6d9f3a22@EXAMPLE.COM (auth:KERBEROS)
datanode_1  | 2019-11-01 00:43:01,008 INFO impl.RaftServerImpl: cd5e1f93-2c31-4c28-ac6f-76814b50ef65@group-82815854BF8C: changes role from CANDIDATE to LEADER at term 1 for changeToLeader
kdc_1       | Entry for principal HTTP/scm@EXAMPLE.COM with kvno 2, encryption type aes128-cts-hmac-sha1-96 added to keytab WRFILE:/data/HTTP.scm.keytab.
om_1        | 2019-11-01 00:43:42,000 INFO authorize.ServiceAuthorizationManager: Authorization successful for testuser/scm@EXAMPLE.COM (auth:KERBEROS) for protocol=interface org.apache.hadoop.ozone.om.protocol.OzoneManagerProtocol
s3g_1       | 	at org.jboss.weld.injection.producer.AbstractMemberProducer.produce(AbstractMemberProducer.java:161)
datanode_3  | 2019-11-01 00:43:00,066 INFO impl.RoleInfo: 9f0bb04f-ff13-4ee1-bb6c-dbca056bc76b: shutdown FollowerState
datanode_2  | 2019-11-01 00:42:56,129 WARN impl.MetricRegistriesImpl: First MetricRegistry has been created without registering reporters. You may need to call MetricRegistries.global().addReportRegistration(...) before.
scm_1       | 2019-11-01 00:43:44,276 INFO ipc.Server: Auth successful for dn/d357d6fc1c5f@EXAMPLE.COM (auth:KERBEROS)
datanode_1  | 2019-11-01 00:43:01,008 INFO impl.RaftServerImpl: cd5e1f93-2c31-4c28-ac6f-76814b50ef65@group-82815854BF8C: change Leader from null to cd5e1f93-2c31-4c28-ac6f-76814b50ef65 at term 1 for becomeLeader, leader elected after 5178ms
kdc_1       | Generiting keytab
om_1        | 2019-11-01 00:43:44,731 INFO ipc.Server: Auth successful for testuser/scm@EXAMPLE.COM (auth:KERBEROS)
s3g_1       | 	at org.jboss.weld.bean.AbstractProducerBean.create(AbstractProducerBean.java:180)
datanode_3  | 2019-11-01 00:43:00,067 INFO impl.RaftServerImpl: 9f0bb04f-ff13-4ee1-bb6c-dbca056bc76b@group-121D2EC64E0E: changes role from  FOLLOWER to CANDIDATE at term 0 for changeToCandidate
datanode_2  | 2019-11-01 00:42:56,129 WARN impl.MetricRegistriesImpl: First MetricRegistry has been created without registering reporters. You may need to call MetricRegistries.global().addReportRegistration(...) before.
scm_1       | 2019-11-01 00:43:44,277 INFO ipc.Server: Auth successful for dn/4c7a70603ead@EXAMPLE.COM (auth:KERBEROS)
datanode_1  | 2019-11-01 00:43:01,012 INFO server.RaftServerConfigKeys: raft.server.staging.catchup.gap = 1000 (default)
kdc_1       | Authenticating as principal admin/admin with keytab /tmp/admin.keytab.
om_1        | 2019-11-01 00:43:44,743 INFO authorize.ServiceAuthorizationManager: Authorization successful for testuser/scm@EXAMPLE.COM (auth:KERBEROS) for protocol=interface org.apache.hadoop.ozone.om.protocol.OzoneManagerProtocol
s3g_1       | 	at org.jboss.weld.context.unbound.DependentContextImpl.get(DependentContextImpl.java:70)
datanode_3  | 2019-11-01 00:43:00,071 INFO impl.RoleInfo: 9f0bb04f-ff13-4ee1-bb6c-dbca056bc76b: start LeaderElection
datanode_2  | 2019-11-01 00:42:56,130 INFO impl.RaftServerImpl: 051be431-f6bd-413c-b452-327845c71c95@group-5EADB8F02415: start as a follower, conf=-1: [9f0bb04f-ff13-4ee1-bb6c-dbca056bc76b:172.18.0.8:9858, 051be431-f6bd-413c-b452-327845c71c95:172.18.0.5:9858, cd5e1f93-2c31-4c28-ac6f-76814b50ef65:172.18.0.10:9858], old=null
scm_1       | 2019-11-01 00:43:44,278 INFO authorize.ServiceAuthorizationManager: Authorization successful for dn/f0ca6d9f3a22@EXAMPLE.COM (auth:KERBEROS) for protocol=interface org.apache.hadoop.ozone.protocol.StorageContainerDatanodeProtocol
datanode_1  | 2019-11-01 00:43:01,012 INFO server.RaftServerConfigKeys: raft.server.rpc.sleep.time = 25ms (default)
kdc_1       | WARNING: no policy specified for HTTP/f0ca6d9f3a22@EXAMPLE.COM; defaulting to no policy
om_1        | 2019-11-01 00:43:47,555 INFO ipc.Server: Auth successful for testuser/scm@EXAMPLE.COM (auth:KERBEROS)
datanode_3  | 2019-11-01 00:43:00,089 INFO impl.LeaderElection: 9f0bb04f-ff13-4ee1-bb6c-dbca056bc76b@group-121D2EC64E0E-LeaderElection1: begin an election at term 1 for -1: [9f0bb04f-ff13-4ee1-bb6c-dbca056bc76b:172.18.0.8:9858], old=null
datanode_2  | 2019-11-01 00:42:56,130 INFO impl.RaftServerImpl: 051be431-f6bd-413c-b452-327845c71c95@group-5EADB8F02415: changes role from      null to FOLLOWER at term 0 for startAsFollower
s3g_1       | 	at org.jboss.weld.bean.ContextualInstanceStrategy$DefaultContextualInstanceStrategy.get(ContextualInstanceStrategy.java:100)
scm_1       | 2019-11-01 00:43:44,279 INFO authorize.ServiceAuthorizationManager: Authorization successful for dn/d357d6fc1c5f@EXAMPLE.COM (auth:KERBEROS) for protocol=interface org.apache.hadoop.ozone.protocol.StorageContainerDatanodeProtocol
kdc_1       | Principal "HTTP/f0ca6d9f3a22@EXAMPLE.COM" created.
om_1        | 2019-11-01 00:43:47,567 INFO authorize.ServiceAuthorizationManager: Authorization successful for testuser/scm@EXAMPLE.COM (auth:KERBEROS) for protocol=interface org.apache.hadoop.ozone.om.protocol.OzoneManagerProtocol
datanode_1  | 2019-11-01 00:43:01,015 INFO server.RaftServerConfigKeys: raft.server.write.element-limit = 4096 (default)
datanode_3  | 2019-11-01 00:43:00,090 INFO impl.RoleInfo: 9f0bb04f-ff13-4ee1-bb6c-dbca056bc76b: shutdown LeaderElection
s3g_1       | 	at org.jboss.weld.bean.ContextualInstance.get(ContextualInstance.java:50)
datanode_2  | 2019-11-01 00:42:56,130 INFO impl.RoleInfo: 051be431-f6bd-413c-b452-327845c71c95: start FollowerState
scm_1       | 2019-11-01 00:43:44,280 INFO authorize.ServiceAuthorizationManager: Authorization successful for dn/4c7a70603ead@EXAMPLE.COM (auth:KERBEROS) for protocol=interface org.apache.hadoop.ozone.protocol.StorageContainerDatanodeProtocol
kdc_1       | Authenticating as principal admin/admin with keytab /tmp/admin.keytab.
om_1        | 2019-11-01 00:43:50,187 INFO ipc.Server: Auth successful for testuser/scm@EXAMPLE.COM (auth:KERBEROS)
datanode_1  | 2019-11-01 00:43:01,019 INFO server.RaftServerConfigKeys: raft.server.watch.timeout = 10s (default)
datanode_3  | 2019-11-01 00:43:00,091 INFO impl.RaftServerImpl: 9f0bb04f-ff13-4ee1-bb6c-dbca056bc76b@group-121D2EC64E0E: changes role from CANDIDATE to LEADER at term 1 for changeToLeader
