datanode_1  | 2019-11-15 20:18:29,703 INFO impl.RaftServerImpl: 135c47d2-c9c2-4a37-af16-5250d87b4f64@group-B942D3AC47CD: set configuration 0: [135c47d2-c9c2-4a37-af16-5250d87b4f64:172.19.0.4:9858], old=null at 0
datanode_3  | 2019-11-15 20:18:33,452 INFO server.RaftServerConfigKeys: raft.server.write.element-limit = 4096 (default)
datanode_2  | 2019-11-15 20:18:32,924 INFO impl.RaftServerImpl: 6ab7c28d-df60-4bd8-b103-04127e9a9c82@group-756AB7C805DC: set configuration 0: [6ab7c28d-df60-4bd8-b103-04127e9a9c82:172.19.0.5:9858], old=null at 0
datanode_1  | 2019-11-15 20:18:29,807 INFO segmented.SegmentedRaftLogWorker: 135c47d2-c9c2-4a37-af16-5250d87b4f64@group-B942D3AC47CD-SegmentedRaftLogWorker: created new log segment /data/metadata/ratis/97201329-b90b-407a-97e4-b942d3ac47cd/current/log_inprogress_0
datanode_3  | 2019-11-15 20:18:33,457 INFO server.RaftServerConfigKeys: raft.server.watch.timeout = 10s (default)
datanode_1  | 2019-11-15 20:18:33,569 INFO impl.FollowerState: 135c47d2-c9c2-4a37-af16-5250d87b4f64@group-98B3CE49897D-FollowerState: change to CANDIDATE, lastRpcTime:5169ms, electionTimeout:5169ms
datanode_3  | 2019-11-15 20:18:33,457 INFO server.RaftServerConfigKeys: raft.server.watch.timeout.denomination = 1s (default)
datanode_2  | 2019-11-15 20:18:33,054 INFO segmented.SegmentedRaftLogWorker: 6ab7c28d-df60-4bd8-b103-04127e9a9c82@group-756AB7C805DC-SegmentedRaftLogWorker: created new log segment /data/metadata/ratis/4a1947a1-3cda-4339-9e5e-756ab7c805dc/current/log_inprogress_0
datanode_1  | 2019-11-15 20:18:33,570 INFO impl.RoleInfo: 135c47d2-c9c2-4a37-af16-5250d87b4f64: shutdown FollowerState
datanode_3  | 2019-11-15 20:18:33,458 INFO server.RaftServerConfigKeys: raft.server.watch.element-limit = 65536 (default)
datanode_2  | 2019-11-15 20:18:33,595 INFO impl.RaftServerImpl: 6ab7c28d-df60-4bd8-b103-04127e9a9c82@group-98B3CE49897D: changes role from  FOLLOWER to FOLLOWER at term 1 for recognizeCandidate:6f07e3bb-e2e7-42ee-b480-2213bdbd311d
datanode_1  | 2019-11-15 20:18:33,570 INFO impl.RaftServerImpl: 135c47d2-c9c2-4a37-af16-5250d87b4f64@group-98B3CE49897D: changes role from  FOLLOWER to CANDIDATE at term 0 for changeToCandidate
datanode_2  | 2019-11-15 20:18:33,595 INFO impl.RoleInfo: 6ab7c28d-df60-4bd8-b103-04127e9a9c82: shutdown FollowerState
datanode_1  | 2019-11-15 20:18:33,570 INFO impl.RoleInfo: 135c47d2-c9c2-4a37-af16-5250d87b4f64: start LeaderElection
datanode_2  | 2019-11-15 20:18:33,596 INFO impl.FollowerState: 6ab7c28d-df60-4bd8-b103-04127e9a9c82@group-98B3CE49897D-FollowerState was interrupted: java.lang.InterruptedException: sleep interrupted
datanode_3  | 2019-11-15 20:18:33,467 INFO impl.RoleInfo: 6f07e3bb-e2e7-42ee-b480-2213bdbd311d: start LeaderState
datanode_1  | 2019-11-15 20:18:33,593 INFO impl.LeaderElection: 135c47d2-c9c2-4a37-af16-5250d87b4f64@group-98B3CE49897D-LeaderElection2: begin an election at term 1 for -1: [6ab7c28d-df60-4bd8-b103-04127e9a9c82:172.19.0.5:9858, 6f07e3bb-e2e7-42ee-b480-2213bdbd311d:172.19.0.6:9858, 135c47d2-c9c2-4a37-af16-5250d87b4f64:172.19.0.4:9858], old=null
datanode_2  | 2019-11-15 20:18:33,596 INFO impl.RoleInfo: 6ab7c28d-df60-4bd8-b103-04127e9a9c82: start FollowerState
datanode_3  | 2019-11-15 20:18:33,488 INFO segmented.SegmentedRaftLogWorker: 6f07e3bb-e2e7-42ee-b480-2213bdbd311d@group-B147197207A6-SegmentedRaftLogWorker: Starting segment from index:0
datanode_1  | 2019-11-15 20:18:33,685 INFO impl.RaftServerImpl: 135c47d2-c9c2-4a37-af16-5250d87b4f64@group-98B3CE49897D: changes role from CANDIDATE to FOLLOWER at term 1 for appendEntries
datanode_3  | 2019-11-15 20:18:33,497 INFO impl.RaftServerImpl: 6f07e3bb-e2e7-42ee-b480-2213bdbd311d@group-B147197207A6: set configuration 0: [6f07e3bb-e2e7-42ee-b480-2213bdbd311d:172.19.0.6:9858], old=null at 0
datanode_2  | 2019-11-15 20:18:33,684 INFO ratis.XceiverServerRatis: Leader change notification received for group: group-98B3CE49897D with new leaderId: 6f07e3bb-e2e7-42ee-b480-2213bdbd311d
datanode_3  | 2019-11-15 20:18:33,597 INFO segmented.SegmentedRaftLogWorker: 6f07e3bb-e2e7-42ee-b480-2213bdbd311d@group-B147197207A6-SegmentedRaftLogWorker: created new log segment /data/metadata/ratis/b497a787-56b2-4fe5-b682-b147197207a6/current/log_inprogress_0
datanode_2  | 2019-11-15 20:18:33,684 INFO impl.RaftServerImpl: 6ab7c28d-df60-4bd8-b103-04127e9a9c82@group-98B3CE49897D: change Leader from null to 6f07e3bb-e2e7-42ee-b480-2213bdbd311d at term 1 for appendEntries, leader elected after 5264ms
datanode_1  | 2019-11-15 20:18:33,685 INFO impl.RoleInfo: 135c47d2-c9c2-4a37-af16-5250d87b4f64: shutdown LeaderElection
datanode_2  | 2019-11-15 20:18:33,706 INFO impl.RaftServerImpl: 6ab7c28d-df60-4bd8-b103-04127e9a9c82@group-98B3CE49897D: set configuration 0: [6ab7c28d-df60-4bd8-b103-04127e9a9c82:172.19.0.5:9858, 6f07e3bb-e2e7-42ee-b480-2213bdbd311d:172.19.0.6:9858, 135c47d2-c9c2-4a37-af16-5250d87b4f64:172.19.0.4:9858], old=null at 0
datanode_3  | 2019-11-15 20:18:33,623 INFO impl.LeaderElection: 6f07e3bb-e2e7-42ee-b480-2213bdbd311d@group-98B3CE49897D-LeaderElection2: Election PASSED; received 2 response(s) [6f07e3bb-e2e7-42ee-b480-2213bdbd311d<-6ab7c28d-df60-4bd8-b103-04127e9a9c82#0:OK-t1, 6f07e3bb-e2e7-42ee-b480-2213bdbd311d<-135c47d2-c9c2-4a37-af16-5250d87b4f64#0:FAIL-t1] and 0 exception(s); 6f07e3bb-e2e7-42ee-b480-2213bdbd311d@group-98B3CE49897D:t1, leader=null, voted=6f07e3bb-e2e7-42ee-b480-2213bdbd311d, raftlog=6f07e3bb-e2e7-42ee-b480-2213bdbd311d@group-98B3CE49897D-SegmentedRaftLog:OPENED:c-1,f-1,i0, conf=-1: [6ab7c28d-df60-4bd8-b103-04127e9a9c82:172.19.0.5:9858, 6f07e3bb-e2e7-42ee-b480-2213bdbd311d:172.19.0.6:9858, 135c47d2-c9c2-4a37-af16-5250d87b4f64:172.19.0.4:9858], old=null
datanode_1  | 2019-11-15 20:18:33,686 INFO impl.RoleInfo: 135c47d2-c9c2-4a37-af16-5250d87b4f64: start FollowerState
datanode_2  | 2019-11-15 20:18:33,707 INFO segmented.SegmentedRaftLogWorker: 6ab7c28d-df60-4bd8-b103-04127e9a9c82@group-98B3CE49897D-SegmentedRaftLogWorker: Starting segment from index:0
datanode_3  | 2019-11-15 20:18:33,623 INFO impl.RoleInfo: 6f07e3bb-e2e7-42ee-b480-2213bdbd311d: shutdown LeaderElection
datanode_1  | 2019-11-15 20:18:33,686 INFO ratis.XceiverServerRatis: Leader change notification received for group: group-98B3CE49897D with new leaderId: 6f07e3bb-e2e7-42ee-b480-2213bdbd311d
datanode_3  | 2019-11-15 20:18:33,624 INFO impl.RaftServerImpl: 6f07e3bb-e2e7-42ee-b480-2213bdbd311d@group-98B3CE49897D: changes role from CANDIDATE to LEADER at term 1 for changeToLeader
datanode_1  | 2019-11-15 20:18:33,686 INFO impl.RaftServerImpl: 135c47d2-c9c2-4a37-af16-5250d87b4f64@group-98B3CE49897D: change Leader from null to 6f07e3bb-e2e7-42ee-b480-2213bdbd311d at term 1 for appendEntries, leader elected after 5289ms
datanode_2  | 2019-11-15 20:18:33,736 INFO impl.RaftServerImpl: 6ab7c28d-df60-4bd8-b103-04127e9a9c82@group-98B3CE49897D- FOLLOWER: Withhold vote from candidate 135c47d2-c9c2-4a37-af16-5250d87b4f64 with term 1. State: leader=6f07e3bb-e2e7-42ee-b480-2213bdbd311d, term=1, lastRpcElapsed=31ms
datanode_3  | 2019-11-15 20:18:33,624 INFO ratis.XceiverServerRatis: Leader change notification received for group: group-98B3CE49897D with new leaderId: 6f07e3bb-e2e7-42ee-b480-2213bdbd311d
datanode_1  | 2019-11-15 20:18:33,715 INFO impl.RaftServerImpl: 135c47d2-c9c2-4a37-af16-5250d87b4f64@group-98B3CE49897D: set configuration 0: [6ab7c28d-df60-4bd8-b103-04127e9a9c82:172.19.0.5:9858, 6f07e3bb-e2e7-42ee-b480-2213bdbd311d:172.19.0.6:9858, 135c47d2-c9c2-4a37-af16-5250d87b4f64:172.19.0.4:9858], old=null at 0
datanode_2  | 2019-11-15 20:18:33,754 INFO segmented.SegmentedRaftLogWorker: 6ab7c28d-df60-4bd8-b103-04127e9a9c82@group-98B3CE49897D-SegmentedRaftLogWorker: created new log segment /data/metadata/ratis/2b9b961d-84cc-4fc5-b505-98b3ce49897d/current/log_inprogress_0
datanode_1  | 2019-11-15 20:18:33,716 INFO segmented.SegmentedRaftLogWorker: 135c47d2-c9c2-4a37-af16-5250d87b4f64@group-98B3CE49897D-SegmentedRaftLogWorker: Starting segment from index:0
datanode_3  | 2019-11-15 20:18:33,624 INFO impl.RaftServerImpl: 6f07e3bb-e2e7-42ee-b480-2213bdbd311d@group-98B3CE49897D: change Leader from null to 6f07e3bb-e2e7-42ee-b480-2213bdbd311d at term 1 for becomeLeader, leader elected after 5227ms
datanode_1  | 2019-11-15 20:18:33,749 INFO impl.LeaderElection: 135c47d2-c9c2-4a37-af16-5250d87b4f64@group-98B3CE49897D-LeaderElection2: Election REJECTED; received 1 response(s) [135c47d2-c9c2-4a37-af16-5250d87b4f64<-6ab7c28d-df60-4bd8-b103-04127e9a9c82#0:FAIL-t1] and 0 exception(s); 135c47d2-c9c2-4a37-af16-5250d87b4f64@group-98B3CE49897D:t1, leader=6f07e3bb-e2e7-42ee-b480-2213bdbd311d, voted=135c47d2-c9c2-4a37-af16-5250d87b4f64, raftlog=135c47d2-c9c2-4a37-af16-5250d87b4f64@group-98B3CE49897D-SegmentedRaftLog:OPENED:c-1,f-1,i0, conf=0: [6ab7c28d-df60-4bd8-b103-04127e9a9c82:172.19.0.5:9858, 6f07e3bb-e2e7-42ee-b480-2213bdbd311d:172.19.0.6:9858, 135c47d2-c9c2-4a37-af16-5250d87b4f64:172.19.0.4:9858], old=null
datanode_3  | 2019-11-15 20:18:33,624 INFO server.RaftServerConfigKeys: raft.server.staging.catchup.gap = 1000 (default)
datanode_1  | 2019-11-15 20:18:33,768 INFO segmented.SegmentedRaftLogWorker: 135c47d2-c9c2-4a37-af16-5250d87b4f64@group-98B3CE49897D-SegmentedRaftLogWorker: created new log segment /data/metadata/ratis/2b9b961d-84cc-4fc5-b505-98b3ce49897d/current/log_inprogress_0
datanode_3  | 2019-11-15 20:18:33,624 INFO server.RaftServerConfigKeys: raft.server.rpc.sleep.time = 25ms (default)
datanode_3  | 2019-11-15 20:18:33,624 INFO server.RaftServerConfigKeys: raft.server.write.element-limit = 4096 (default)
datanode_3  | 2019-11-15 20:18:33,624 INFO server.RaftServerConfigKeys: raft.server.watch.timeout = 10s (default)
datanode_3  | 2019-11-15 20:18:33,624 INFO server.RaftServerConfigKeys: raft.server.watch.timeout.denomination = 1s (default)
datanode_3  | 2019-11-15 20:18:33,624 INFO server.RaftServerConfigKeys: raft.server.watch.element-limit = 65536 (default)
datanode_3  | 2019-11-15 20:18:33,627 INFO server.RaftServerConfigKeys: raft.server.log.appender.snapshot.chunk.size.max = 16MB (=16777216) (default)
datanode_3  | 2019-11-15 20:18:33,627 INFO server.RaftServerConfigKeys: raft.server.log.appender.buffer.byte-limit = 33554432 (custom)
datanode_3  | 2019-11-15 20:18:33,627 INFO server.RaftServerConfigKeys: raft.server.log.appender.buffer.element-limit = 1 (custom)
datanode_3  | 2019-11-15 20:18:33,629 INFO grpc.GrpcConfigKeys$Server: raft.grpc.server.leader.outstanding.appends.max = 128 (default)
datanode_3  | 2019-11-15 20:18:33,630 INFO server.RaftServerConfigKeys: raft.server.rpc.request.timeout = 3000ms (default)
datanode_3  | 2019-11-15 20:18:33,630 INFO server.RaftServerConfigKeys: raft.server.log.appender.install.snapshot.enabled = false (custom)
datanode_3  | 2019-11-15 20:18:33,631 WARN impl.MetricRegistriesImpl: First MetricRegistry has been created without registering reporters. You may need to call MetricRegistries.global().addReportRegistration(...) before.
datanode_3  | 2019-11-15 20:18:33,632 INFO server.RaftServerConfigKeys: raft.server.log.appender.snapshot.chunk.size.max = 16MB (=16777216) (default)
datanode_3  | 2019-11-15 20:18:33,632 INFO server.RaftServerConfigKeys: raft.server.log.appender.buffer.byte-limit = 33554432 (custom)
datanode_3  | 2019-11-15 20:18:33,632 INFO server.RaftServerConfigKeys: raft.server.log.appender.buffer.element-limit = 1 (custom)
datanode_3  | 2019-11-15 20:18:33,632 INFO grpc.GrpcConfigKeys$Server: raft.grpc.server.leader.outstanding.appends.max = 128 (default)
datanode_3  | 2019-11-15 20:18:33,632 INFO server.RaftServerConfigKeys: raft.server.rpc.request.timeout = 3000ms (default)
datanode_3  | 2019-11-15 20:18:33,632 INFO server.RaftServerConfigKeys: raft.server.log.appender.install.snapshot.enabled = false (custom)
datanode_3  | 2019-11-15 20:18:33,634 INFO impl.RoleInfo: 6f07e3bb-e2e7-42ee-b480-2213bdbd311d: start LeaderState
datanode_3  | 2019-11-15 20:18:33,634 INFO segmented.SegmentedRaftLogWorker: 6f07e3bb-e2e7-42ee-b480-2213bdbd311d@group-98B3CE49897D-SegmentedRaftLogWorker: Starting segment from index:0
datanode_3  | 2019-11-15 20:18:33,635 INFO impl.RaftServerImpl: 6f07e3bb-e2e7-42ee-b480-2213bdbd311d@group-98B3CE49897D: set configuration 0: [6ab7c28d-df60-4bd8-b103-04127e9a9c82:172.19.0.5:9858, 6f07e3bb-e2e7-42ee-b480-2213bdbd311d:172.19.0.6:9858, 135c47d2-c9c2-4a37-af16-5250d87b4f64:172.19.0.4:9858], old=null at 0
datanode_3  | 2019-11-15 20:18:33,660 INFO segmented.SegmentedRaftLogWorker: 6f07e3bb-e2e7-42ee-b480-2213bdbd311d@group-98B3CE49897D-SegmentedRaftLogWorker: created new log segment /data/metadata/ratis/2b9b961d-84cc-4fc5-b505-98b3ce49897d/current/log_inprogress_0
datanode_3  | 2019-11-15 20:18:33,737 INFO impl.RaftServerImpl: 6f07e3bb-e2e7-42ee-b480-2213bdbd311d@group-98B3CE49897D-   LEADER: Withhold vote from candidate 135c47d2-c9c2-4a37-af16-5250d87b4f64 with term 1. State: leader=6f07e3bb-e2e7-42ee-b480-2213bdbd311d, term=1, lastRpcElapsed=null
datanode_3  | 2019-11-15 20:19:29,315 WARN client.GrpcClientProtocolService: 2-OrderedRequestStreamObserver2: onError: org.apache.ratis.thirdparty.io.grpc.StatusRuntimeException: CANCELLED: cancelled before receiving half close
datanode_3  | 2019-11-15 20:19:29,316 WARN client.GrpcClientProtocolService: 3-UnorderedRequestStreamObserver3: onError: org.apache.ratis.thirdparty.io.grpc.StatusRuntimeException: CANCELLED: cancelled before receiving half close
datanode_3  | 2019-11-15 20:19:41,465 WARN client.GrpcClientProtocolService: 4-OrderedRequestStreamObserver4: onError: org.apache.ratis.thirdparty.io.grpc.StatusRuntimeException: CANCELLED: cancelled before receiving half close
datanode_3  | 2019-11-15 20:19:41,466 WARN client.GrpcClientProtocolService: 5-UnorderedRequestStreamObserver5: onError: org.apache.ratis.thirdparty.io.grpc.StatusRuntimeException: CANCELLED: cancelled before receiving half close
datanode_3  | 2019-11-15 20:19:53,700 WARN client.GrpcClientProtocolService: 7-UnorderedRequestStreamObserver7: onError: org.apache.ratis.thirdparty.io.grpc.StatusRuntimeException: CANCELLED: cancelled before receiving half close
datanode_3  | 2019-11-15 20:19:53,700 WARN client.GrpcClientProtocolService: 6-OrderedRequestStreamObserver6: onError: org.apache.ratis.thirdparty.io.grpc.StatusRuntimeException: CANCELLED: cancelled before receiving half close
datanode_3  | 2019-11-15 20:20:05,824 WARN client.GrpcClientProtocolService: 9-UnorderedRequestStreamObserver9: onError: org.apache.ratis.thirdparty.io.grpc.StatusRuntimeException: CANCELLED: cancelled before receiving half close
datanode_3  | 2019-11-15 20:20:05,824 WARN client.GrpcClientProtocolService: 8-OrderedRequestStreamObserver8: onError: org.apache.ratis.thirdparty.io.grpc.StatusRuntimeException: CANCELLED: cancelled before receiving half close
