kdc_1       | Oct 23 12:09:40 kdc kadmind[15](Notice): Request: kadm5_randkey_principal, scm/s3g@EXAMPLE.COM, success, client=admin/admin@EXAMPLE.COM, service=kadmin/admin@EXAMPLE.COM, addr=127.0.0.1
datanode_3  | 2019-10-23 12:10:05,824 INFO impl.RaftServerImpl: a6be1e01-27f7-4dcf-a7ff-3627abd11888@group-EC199D16C964: changes role from      null to FOLLOWER at term 0 for startAsFollower
jhs         | Oct 23, 2019 12:10:55 PM com.sun.jersey.server.wadl.generators.AbstractWadlGeneratorGrammarGenerator attachTypes
datanode_1  | 2019-10-23 12:10:06,289 INFO server.RaftServerConfigKeys: raft.server.log.statemachine.data.sync = true (default)
nm_1        | 2019-10-23 12:09:52 INFO  Server:1153 - IPC Server listener on 8040: starting
om_1        | 2019-10-23 12:10:03,601 [main] INFO       - Reading keypair and certificate from file system.
rm_1        | 2019-10-23 12:09:55 INFO  CapacitySchedulerQueueManager:163 - Initialized root queue root: numChildQueue= 1, capacity=1.0, absoluteCapacity=1.0, usedResources=<memory:0, vCores:0>usedCapacity=0.0, numApps=0, numContainers=0
datanode_2  | 2019-10-23 12:10:05,269 INFO server.RaftServerConfigKeys: raft.server.snapshot.auto.trigger.enabled = true (custom)
scm_1       | 2019-10-23 12:09:58,756 INFO ipc.Server: Auth successful for om/om@EXAMPLE.COM (auth:KERBEROS)
kms_1       | 	at org.eclipse.jetty.servlet.ServletHandler$CachedChain.doFilter(ServletHandler.java:1751)
kdc_1       | Oct 23 12:09:40 kdc kadmLE.COM for kadmin/admin@EXAMPLE.COM
datanode_3  | 2019-10-23 12:10:05,825 INFO impl.RoleInfo: a6be1e01-27f7-4dcf-a7ff-3627abd11888: start FollowerState
jhs         | INFO: Couldn't find grammar element for class javax.ws.rs.core.Response
datanode_1  | 2019-10-23 12:10:06,289 INFO server.RaftServerConfigKeys: raft.server.log.statemachine.data.sync.timeout = 10s (default)
nm_1        | 2019-10-23 12:09:52 INFO  ResourceLocalizationService:392 - Localizer started on port 8040
om_1        | 2019-10-23 12:10:03,630 [main] INFO       - Starting OM block token secret manager
rm_1        | 2019-10-23 12:09:55 INFO  UserGroupMappingPlacementRule:237 - Initialized queue mappings, override: false
datanode_2  | 2019-10-23 12:10:05,270 INFO server.RaftServerConfigKeys: raft.server.snapshot.auto.trigger.threshold = 10000 (custom)
scm_1       | 2019-10-23 12:09:58,893 INFO server.SCMClientProtocolServer: Processing CSR for dn 87d8cca8b8cc, UUID: e98525e7-f27c-43a3-9605-a523c1543a2d
kms_1       | 	at org.apache.hadoop.http.HttpServer2$QuotingInputFilter.doFilter(HttpServer2.java:1609)
kdc_1       | ind[15](Notice): Request: kadm5_get_principal, scm/s3g@EXAMPLE.COM, success, client=admin/admin@EXAMPLE.COM, service=kadmin/admin@EXAMPLE.COM, addr=127.0.0.1
datanode_3  | 2019-10-23 12:10:05,828 INFO util.JmxRegister: Successfully registered JMX Bean with object name Ratis:service=RaftServer,group=group-EC199D16C964,id=a6be1e01-27f7-4dcf-a7ff-3627abd11888
jhs         | Oct 23, 2019 12:10:55 PM com.sun.jersey.server.wadl.generators.AbstractWadlGeneratorGrammarGenerator attachTypes
nm_1        | 2019-10-23 12:09:52 INFO  IndexCache:47 - IndexCache created with max memory = 10485760
datanode_1  | 2019-10-23 12:10:06,290 INFO server.RaftServerConfigKeys: raft.server.log.statemachine.data.sync.timeout.retry = -1 (default)
om_1        | 2019-10-23 12:10:03,630 [main] INFO       - Updating the current master key for generating tokens
rm_1        | 2019-10-23 12:09:55 INFO  MultiNodeSortingManager:104 - MultiNode scheduling is 'false', and configured policies are 
datanode_2  | 2019-10-23 12:10:05,270 INFO server.RaftServerConfigKeys: raft.server.snapshot.retention.file.num = 5 (custom)
scm_1       | 2019-10-23 12:09:58,893 INFO server.SCMClientProtocolServer: Processing CSR for dn cb4abb2b2fed, UUID: 748848c2-8705-4475-a25e-8a446c20489a
kms_1       | 	at org.eclipse.jetty.servlet.ServletHandler$CachedChain.doFilter(ServletHandler.java:1759)
kdc_1       | Oct 23 12:09:40 kdc kadmind[15](info): closing down fd 18
datanode_3  | 2019-10-23 12:10:05,830 WARN impl.MetricRegistriesImpl: First MetricRegistry has been created without registering reporters. You may need to call MetricRegistries.global().addReportRegistration(...) before.
jhs         | INFO: Couldn't find grammar element for class javax.ws.rs.core.Response
nm_1        | 2019-10-23 12:09:52 INFO  ShuffleHandler:549 - mapreduce_shuffle listening on port 13562
datanode_1  | 2019-10-23 12:10:06,299 INFO server.RaftServerConfigKeys: raft.server.log.statemachine.data.caching.enabled = true (custom)
om_1        | 2019-10-23 12:10:03,632 [main] INFO       - Starting OM delegation token secret manager
rm_1        | 2019-10-23 12:09:55 INFO  CapacityScheduler:408 - Initialized CapacityScheduler with calculator=class org.apache.hadoop.yarn.util.resource.DefaultResourceCalculator, minimumAllocation=<<memory:1024, vCores:1>>, maximumAllocation=<<memory:8192, vCores:4>>, asynchronousScheduling=false, asyncScheduleInterval=5ms,multiNodePlacementEnabled=false
datanode_2  | 2019-10-23 12:10:05,271 INFO server.RaftServerConfigKeys: raft.server.retrycache.expirytime = 600000ms (custom)
scm_1       | 2019-10-23 12:09:58,980 INFO server.SCMClientProtocolServer: Processing CSR for dn 292c0145be8f, UUID: a6be1e01-27f7-4dcf-a7ff-3627abd11888
kms_1       | 	at org.apache.hadoop.http.NoCacheFilter.doFilter(NoCacheFilter.java:45)
kdc_1       | Oct 23 12:09:40 kdc kadmind[15](Notice): Request: kadm5_init, admin/admin@EXAMPLE.COM, success, client=admin/admin@EXAMPLE.COM, service=kadmin/admin@EXAMPLE.COM, addr=127.0.0.1, vers=4, flavor=6
jhs         | Oct 23, 2019 12:10:55 PM com.sun.jersey.server.wadl.generators.AbstractWadlGeneratorGrammarGenerator attachTypes
nm_1        | 2019-10-23 12:09:52 INFO  ContainerManagerImpl:666 - ContainerManager started at nm/172.18.0.2:45991
datanode_1  | 2019-10-23 12:10:06,303 INFO segmented.SegmentedRaftLogWorker: 748848c2-8705-4475-a25e-8a446c20489a@group-0F164A5CFBA9-SegmentedRaftLogWorker: flushIndex: setUnconditionally 0 -> -1
om_1        | 2019-10-23 12:10:03,632 [main] INFO       - Updating the current master key for generating tokens
rm_1        | 2019-10-23 12:09:55 INFO  Configuration:2752 - dynamic-resources.xml not found
datanode_2  | 2019-10-23 12:10:05,286 WARN impl.MetricRegistriesImpl: First MetricRegistry has been created without registering reporters. You may need to call MetricRegistries.global().addReportRegistration(...) before.
scm_1       | 2019-10-23 12:09:59,931 INFO ipc.Server: Auth successful for om/om@EXAMPLE.COM (auth:KERBEROS)
kms_1       | 	at org.eclipse.jetty.servlet.ServletHandler$CachedChain.doFilter(ServletHandler.java:1759)
kdc_1       | Oct 23 12:09:40 kdc kadmind[15](Notice): Request: kadm5_get_policy, default, Policy does not exist, client=admin/admin@EXAMPLE.COM, service=kadmin/admin@EXAMPLE.COM, addr=127.0.0.1
datanode_3  | 2019-10-23 12:10:06,445 INFO impl.RaftServerProxy: a6be1e01-27f7-4dcf-a7ff-3627abd11888: addNew group-E4682C4DAC18:[a6be1e01-27f7-4dcf-a7ff-3627abd11888:172.18.0.11:9858, e98525e7-f27c-43a3-9605-a523c1543a2d:172.18.0.8:9858, 748848c2-8705-4475-a25e-8a446c20489a:172.18.0.4:9858] returns group-E4682C4DAC18:java.util.concurrent.CompletableFuture@cee182a[Not completed]
jhs         | INFO: Couldn't find grammar element for class javax.ws.rs.core.Response
nm_1        | 2019-10-23 12:09:52 INFO  ContainerManagerImpl:667 - ContainerManager bound to 0.0.0.0/0.0.0.0:0
datanode_1  | 2019-10-23 12:10:06,310 INFO server.RaftServerConfigKeys: raft.server.snapshot.auto.trigger.enabled = true (custom)
om_1        | 2019-10-23 12:10:03,633 [Thread[Thread-11,5,main]] INFO       - Starting expired delegation token remover thread, tokenRemoverScanInterval=60 min(s)
rm_1        | 2019-10-23 12:09:55 INFO  AMSProcessingChain:62 - Initializing AMS Processing chain. Root Processor=[org.apache.hadoop.yarn.server.resourcemanager.DefaultAMSProcessor].
datanode_2  | 2019-10-23 12:10:05,288 WARN impl.MetricRegistriesImpl: First MetricRegistry has been created without registering reporters. You may need to call MetricRegistries.global().addReportRegistration(...) before.
scm_1       | 2019-10-23 12:09:59,936 INFO server.SCMClientProtocolServer: Processing CSR for om om, UUID: 3961d6e0-1e4a-4466-a984-cdcafa5d52f2
kms_1       | 	at org.eclipse.jetty.servlet.ServletHandler.doHandle(ServletHandler.java:582)
datanode_3  | 2019-10-23 12:10:06,448 INFO impl.RaftServerImpl: a6be1e01-27f7-4dcf-a7ff-3627abd11888: new RaftServerImpl for group-E4682C4DAC18:[a6be1e01-27f7-4dcf-a7ff-3627abd11888:172.18.0.11:9858, e98525e7-f27c-43a3-9605-a523c1543a2d:172.18.0.8:9858, 748848c2-8705-4475-a25e-8a446c20489a:172.18.0.4:9858] with ContainerStateMachine:uninitialized
kdc_1       | Oct 23 12:09:40 kdc kadmind[15](Notice): Request: kadm5_create_principal, om/scm@EXAMPLE.COM, success, client=admin/admin@EXAMPLE.COM, service=kadmin/admin@EXAMPLE.COM, addr=127.0.0.1
jhs         | Oct 23, 2019 12:10:55 PM com.sun.jersey.server.wadl.generators.AbstractWadlGeneratorGrammarGenerator attachTypes
nm_1        | 2019-10-23 12:09:52 INFO  WebServer:99 - Instantiating NMWebApp at 0.0.0.0:8042
datanode_1  | 2019-10-23 12:10:06,311 INFO server.RaftServerConfigKeys: raft.server.snapshot.auto.trigger.threshold = 10000 (custom)
om_1        | 2019-10-23 12:10:03,661 INFO ipc.Server: IPC Server Responder: starting
rm_1        | 2019-10-23 12:09:55 INFO  ApplicationMasterService:129 - disabled placement handler will be used, all scheduling requests will be rejected.
datanode_2  | 2019-10-23 12:10:05,290 INFO impl.RaftServerImpl: e98525e7-f27c-43a3-9605-a523c1543a2d@group-4D36C6603F54: start as a follower, conf=-1: [e98525e7-f27c-43a3-9605-a523c1543a2d:172.18.0.8:9858], old=null
scm_1       | 2019-10-23 12:10:02,267 INFO ipc.Server: Auth successful for dn/87d8cca8b8cc@EXAMPLE.COM (auth:KERBEROS)
kms_1       | 	at org.eclipse.jetty.server.handler.ScopedHandler.handle(ScopedHandler.java:143)
datanode_3  | 2019-10-23 12:10:06,448 INFO server.RaftServerConfigKeys: raft.server.rpc.timeout.min = 5s (custom)
kdc_1       | Oct 23 12:09:40 kdc kadmind[15](info): closing down fd 18
jhs         | INFO: Couldn't find grammar element for class javax.ws.rs.core.Response
nm_1        | 2019-10-23 12:09:52 INFO  log:192 - Logging initialized @2196ms
datanode_1  | 2019-10-23 12:10:06,312 INFO server.RaftServerConfigKeys: raft.server.snapshot.retention.file.num = 5 (custom)
om_1        | 2019-10-23 12:10:03,662 INFO ipc.Server: IPC Server listener on 9862: starting
rm_1        | 2019-10-23 12:09:55 INFO  AMSProcessingChain:75 - Adding [org.apache.hadoop.yarn.server.resourcemanager.scheduler.constraint.processor.DisabledPlacementProcessor] tp top of AMS Processing chain. 
datanode_2  | 2019-10-23 12:10:05,291 INFO impl.RaftServerImpl: e98525e7-f27c-43a3-9605-a523c1543a2d@group-4D36C6603F54: changes role from      null to FOLLOWER at term 0 for startAsFollower
scm_1       | 2019-10-23 12:10:02,281 INFO ipc.Server: Auth successful for dn/cb4abb2b2fed@EXAMPLE.COM (auth:KERBEROS)
kms_1       | 	at org.eclipse.jetty.security.SecurityHandler.handle(SecurityHandler.java:548)
datanode_3  | 2019-10-23 12:10:06,448 INFO server.RaftServerConfigKeys: raft.server.rpc.timeout.max = 5200ms (custom)
kdc_1       | Oct 23 12:09:40 kdc kadmind[15](Notice): Request: kadm5_init, admin/admin@EXAMPLE.COM, success, client=admin/admin@EXAMPLE.COM, service=kadmin/admin@EXAMPLE.COM, addr=127.0.0.1, vers=4, flavor=6
jhs         | 2019-10-23 12:10:55 INFO  AbstractDelegationTokenSecretManager:403 - Creating password for identifier: (TIMELINE_DELEGATION_TOKEN owner=hadoop, renewer=rm, realUser=, issueDate=1571832655712, maxDate=1572437455712, sequenceNumber=1, masterKeyId=2), currentKey: 2
datanode_1  | 2019-10-23 12:10:06,313 INFO server.RaftServerConfigKeys: raft.server.retrycache.expirytime = 600000ms (custom)
om_1        | 2019-10-23 12:10:03,702 INFO hdfs.DFSUtil: Starting web server as: HTTP/om@EXAMPLE.COM
rm_1        | 2019-10-23 12:09:55 INFO  TimelineClientImpl:129 - Timeline service address: jhs:8188
datanode_2  | 2019-10-23 12:10:05,292 INFO impl.RoleInfo: e98525e7-f27c-43a3-9605-a523c1543a2d: start FollowerState
scm_1       | 2019-10-23 12:10:02,368 INFO ipc.Server: Auth successful for dn/292c0145be8f@EXAMPLE.COM (auth:KERBEROS)
kms_1       | 	at org.eclipse.jetty.server.session.SessionHandler.doHandle(SessionHandler.java:226)
datanode_3  | 2019-10-23 12:10:06,448 INFO server.RaftServerConfigKeys: raft.server.rpcslowness.timeout = 120s (custom)
kdc_1       | Oct 23 12:09:40 kdc kadmind[15](Notice): Request: kadm5_randkey_principal, om/scm@EXAMPLE.COM, success, client=admin/admin@EXAMPLE.COM, service=kadmin/admin@EXAMPLE.COM, addr=127.0.0.1
nm_1        | 2019-10-23 12:09:52 INFO  AuthenticationFilter:240 - Unable to initialize FileSignerSecretProvider, falling back to use random secrets.
jhs         | Oct 23, 2019 12:10:56 PM com.sun.jersey.server.wadl.generators.AbstractWadlGeneratorGrammarGenerator attachTypes
om_1        | 2019-10-23 12:10:03,702 INFO hdfs.DFSUtil: Starting Web-server for ozoneManager at: http://0.0.0.0:9874
datanode_1  | 2019-10-23 12:10:06,337 WARN impl.MetricRegistriesImpl: First MetricRegistry has been created without registering reporters. You may need to call MetricRegistries.global().addReportRegistration(...) before.
rm_1        | 2019-10-23 12:09:56 INFO  AsyncDispatcher:223 - Registering class org.apache.hadoop.yarn.server.resourcemanager.metrics.AbstractSystemMetricsPublisher$SystemMetricsEventType for class org.apache.hadoop.yarn.server.resourcemanager.metrics.TimelineServiceV1Publisher$TimelineV1EventHandler
datanode_2  | 2019-10-23 12:10:05,295 INFO util.JmxRegister: Successfully registered JMX Bean with object name Ratis:service=RaftServer,group=group-4D36C6603F54,id=e98525e7-f27c-43a3-9605-a523c1543a2d
scm_1       | 2019-10-23 12:10:02,467 INFO ipc.Server: Auth successful for om/om@EXAMPLE.COM (auth:KERBEROS)
kms_1       | 	at org.eclipse.jetty.server.handler.ContextHandler.doHandle(ContextHandler.java:1180)
datanode_3  | 2019-10-23 12:10:06,448 INFO server.RaftServerConfigKeys: raft.server.sleep.deviation.threshold = 300 (default)
kdc_1       | Oct 23 12:09:40 kdc kadmind[15](Notice): Request: kadm5_get_principal, om/scm@EXAMPLE.COM, success, client=admin/admin@EXAMPLE.COM, service=kadmin/admin@EXAMPLE.COM, addr=127.0.0.1
nm_1        | 2019-10-23 12:09:52 INFO  HttpRequestLog:81 - Http request log for http.requests.nodemanager is not defined
jhs         | INFO: Couldn't find grammar element for class javax.ws.rs.core.Response
om_1        | 2019-10-23 12:10:03,844 INFO server.AuthenticationFilter: Unable to initialize FileSignerSecretProvider, falling back to use random secrets.
datanode_1  | 2019-10-23 12:10:06,340 WARN impl.MetricRegistriesImpl: First MetricRegistry has been created without registering reporters. You may need to call MetricRegistries.global().addReportRegistration(...) before.
rm_1        | 2019-10-23 12:09:56 INFO  AsyncDispatcher:223 - Registering class org.apache.hadoop.yarn.server.resourcemanager.metrics.AbstractSystemMetricsPublisher$SystemMetricsEventType for class org.apache.hadoop.yarn.server.resourcemanager.metrics.TimelineServiceV1Publisher$TimelineV1EventHandler
datanode_2  | 2019-10-23 12:10:05,297 WARN impl.MetricRegistriesImpl: First MetricRegistry has been created without registering reporters. You may need to call MetricRegistries.global().addReportRegistration(...) before.
scm_1       | 2019-10-23 12:10:04,277 INFO net.NetworkTopology: Added a new node: /default-rack/e98525e7-f27c-43a3-9605-a523c1543a2d
kms_1       | 	at org.eclipse.jetty.servlet.ServletHandler.doScope(ServletHandler.java:512)
kdc_1       | Oct 23 12:09:40 kdc kadmind[15](info): closing down fd 18
datanode_3  | 2019-10-23 12:10:06,448 INFO server.RaftServerConfigKeys: raft.server.log.appender.install.snapshot.enabled = false (custom)
nm_1        | 2019-10-23 12:09:52 INFO  HttpServer2:975 - Added global filter 'safety' (class=org.apache.hadoop.http.HttpServer2$QuotingInputFilter)
jhs         | Oct 23, 2019 12:10:56 PM com.sun.jersey.server.wadl.generators.AbstractWadlGeneratorGrammarGenerator attachTypes
om_1        | 2019-10-23 12:10:03,849 INFO http.HttpRequestLog: Http request log for http.requests.ozoneManager is not defined
datanode_1  | 2019-10-23 12:10:06,342 INFO impl.RaftServerImpl: 748848c2-8705-4475-a25e-8a446c20489a@group-0F164A5CFBA9: start as a follower, conf=-1: [748848c2-8705-4475-a25e-8a446c20489a:172.18.0.4:9858], old=null
rm_1        | 2019-10-23 12:09:56 INFO  AsyncDispatcher:223 - Registering class org.apache.hadoop.yarn.server.resourcemanager.metrics.AbstractSystemMetricsPublisher$SystemMetricsEventType for class org.apache.hadoop.yarn.server.resourcemanager.metrics.TimelineServiceV1Publisher$TimelineV1EventHandler
datanode_2  | 2019-10-23 12:10:06,459 INFO impl.RaftServerProxy: e98525e7-f27c-43a3-9605-a523c1543a2d: addNew group-E4682C4DAC18:[a6be1e01-27f7-4dcf-a7ff-3627abd11888:172.18.0.11:9858, e98525e7-f27c-43a3-9605-a523c1543a2d:172.18.0.8:9858, 748848c2-8705-4475-a25e-8a446c20489a:172.18.0.4:9858] returns group-E4682C4DAC18:java.util.concurrent.CompletableFuture@5fb5bd82[Not completed]
scm_1       | 2019-10-23 12:10:04,278 INFO node.SCMNodeManager: Registered Data node : e98525e7-f27c-43a3-9605-a523c1543a2d{ip: 172.18.0.8, host: ozonesecure-mr_datanode_2.ozone, networkLocation: /default-rack, certSerialId: 12179357273817932}
kms_1       | 	at org.eclipse.jetty.server.session.SessionHandler.doScope(SessionHandler.java:185)
kdc_1       | Oct 23 12:09:40 kdc kadmind[15](Notice): Request: kadm5_init, admin/admin@EXAMPLE.COM, success, client=admin/admin@EXAMPLE.COM, service=kadmin/admin@EXAMPLE.COM, addr=127.0.0.1, vers=4, flavor=6
nm_1        | 2019-10-23 12:09:52 INFO  HttpServer2:948 - Added filter static_user_filter (class=org.apache.hadoop.http.lib.StaticUserWebFilter$StaticUserFilter) to context node
om_1        | 2019-10-23 12:10:03,861 INFO http.HttpServer2: Added global filter 'safety' (class=org.apache.hadoop.http.HttpServer2$QuotingInputFilter)
jhs         | INFO: Couldn't find grammar element for class javax.ws.rs.core.Response
datanode_3  | 2019-10-23 12:10:06,448 INFO impl.RaftServerImpl: a6be1e01-27f7-4dcf-a7ff-3627abd11888@group-E4682C4DAC18: ConfigurationManager, init=-1: [a6be1e01-27f7-4dcf-a7ff-3627abd11888:172.18.0.11:9858, e98525e7-f27c-43a3-9605-a523c1543a2d:172.18.0.8:9858, 748848c2-8705-4475-a25e-8a446c20489a:172.18.0.4:9858], old=null, confs=<EMPTY_MAP>
datanode_1  | 2019-10-23 12:10:06,343 INFO impl.RaftServerImpl: 748848c2-8705-4475-a25e-8a446c20489a@group-0F164A5CFBA9: changes role from      null to FOLLOWER at term 0 for startAsFollower
rm_1        | 2019-10-23 12:09:56 INFO  AsyncDispatcher:223 - Registering class org.apache.hadoop.yarn.server.resourcemanager.metrics.AbstractSystemMetricsPublisher$SystemMetricsEventType for class org.apache.hadoop.yarn.server.resourcemanager.metrics.TimelineServiceV1Publisher$TimelineV1EventHandler
datanode_2  | 2019-10-23 12:10:06,463 INFO impl.RaftServerImpl: e98525e7-f27c-43a3-9605-a523c1543a2d: new RaftServerImpl for group-E4682C4DAC18:[a6be1e01-27f7-4dcf-a7ff-3627abd11888:172.18.0.11:9858, e98525e7-f27c-43a3-9605-a523c1543a2d:172.18.0.8:9858, 748848c2-8705-4475-a25e-8a446c20489a:172.18.0.4:9858] with ContainerStateMachine:uninitialized
scm_1       | 2019-10-23 12:10:04,283 INFO safemode.SCMSafeModeManager: SCM in safe mode. 1 DataNodes registered, 1 required.
kms_1       | 	at org.eclipse.jetty.server.handler.ContextHandler.doScope(ContextHandler.java:1112)
kdc_1       | Oct 23 12:09:40 kdc kadmind[15](Notice): Request: kadm5_get_policy, default, Policy does not exist, client=admin/admin@EXAMPLE.COM, service=kadmin/admin@EXAMPLE.COM, addr=127.0.0.1
nm_1        | 2019-10-23 12:09:52 INFO  HttpServer2:958 - Added filter static_user_filter (class=org.apache.hadoop.http.lib.StaticUserWebFilter$StaticUserFilter) to context static
om_1        | 2019-10-23 12:10:03,865 INFO http.HttpServer2: Added filter static_user_filter (class=org.apache.hadoop.http.lib.StaticUserWebFilter$StaticUserFilter) to context ozoneManager
jhs         | Oct 23, 2019 12:10:56 PM com.sun.jersey.server.wadl.generators.AbstractWadlGeneratorGrammarGenerator attachTypes
datanode_1  | 2019-10-23 12:10:06,345 INFO impl.RoleInfo: 748848c2-8705-4475-a25e-8a446c20489a: start FollowerState
datanode_3  | 2019-10-23 12:10:06,449 INFO server.RaftServerConfigKeys: raft.server.storage.dir = [/data/metadata/ratis] (custom)
rm_1        | 2019-10-23 12:09:56 INFO  AsyncDispatcher:223 - Registering class org.apache.hadoop.yarn.server.resourcemanager.metrics.AbstractSystemMetricsPublisher$SystemMetricsEventType for class org.apache.hadoop.yarn.server.resourcemanager.metrics.TimelineServiceV1Publisher$TimelineV1EventHandler
datanode_2  | 2019-10-23 12:10:06,463 INFO server.RaftServerConfigKeys: raft.server.rpc.timeout.min = 5s (custom)
scm_1       | 2019-10-23 12:10:04,284 INFO safemode.SCMSafeModeManager: ScmSafeModeManager, all rules are successfully validated
kdc_1       | Oct 23 12:09:40 kdc kadmind[15](Notice): Request: kadm5_create_principal, dn/87d8cca8b8cc@EXAMPLE.COM, success, client=admin/admin@EXAMPLE.COM, service=kadmin/admin@EXAMPLE.COM, addr=127.0.0.1
nm_1        | 2019-10-23 12:09:52 INFO  HttpServer2:958 - Added filter static_user_filter (class=org.apache.hadoop.http.lib.StaticUserWebFilter$StaticUserFilter) to context logs
kms_1       | 	at org.eclipse.jetty.server.handler.ScopedHandler.handle(ScopedHandler.java:141)
om_1        | 2019-10-23 12:10:03,865 INFO http.HttpServer2: Added filter static_user_filter (class=org.apache.hadoop.http.lib.StaticUserWebFilter$StaticUserFilter) to context logs
jhs         | INFO: Couldn't find grammar element for class javax.ws.rs.core.Response
datanode_1  | 2019-10-23 12:10:06,350 INFO util.JmxRegister: Successfully registered JMX Bean with object name Ratis:service=RaftServer,group=group-0F164A5CFBA9,id=748848c2-8705-4475-a25e-8a446c20489a
datanode_3  | 2019-10-23 12:10:06,449 INFO server.RaftServerConfigKeys: raft.server.log.corruption.policy = EXCEPTION (default)
rm_1        | 2019-10-23 12:09:56 INFO  AsyncDispatcher:223 - Registering class org.apache.hadoop.yarn.server.resourcemanager.metrics.AbstractSystemMetricsPublisher$SystemMetricsEventType for class org.apache.hadoop.yarn.server.resourcemanager.metrics.TimelineServiceV1Publisher$TimelineV1EventHandler
datanode_2  | 2019-10-23 12:10:06,463 INFO server.RaftServerConfigKeys: raft.server.rpc.timeout.max = 5200ms (custom)
scm_1       | 2019-10-23 12:10:04,284 INFO safemode.SCMSafeModeManager: SCM exiting safe mode.
kdc_1       | Oct 23 12:09:40 kdc kadmind[15](info): closing down fd 18
kms_1       | 	at org.eclipse.jetty.server.handler.HandlerCollection.handle(HandlerCollection.java:119)
nm_1        | 2019-10-23 12:09:52 INFO  HttpServer2:948 - Added filter authentication (class=org.apache.hadoop.security.authentication.server.AuthenticationFilter) to context node
om_1        | 2019-10-23 12:10:03,865 INFO http.HttpServer2: Added filter static_user_filter (class=org.apache.hadoop.http.lib.StaticUserWebFilter$StaticUserFilter) to context static
jhs         | Oct 23, 2019 12:10:56 PM com.sun.jersey.server.wadl.generators.AbstractWadlGeneratorGrammarGenerator attachTypes
datanode_1  | 2019-10-23 12:10:06,352 WARN impl.MetricRegistriesImpl: First MetricRegistry has been created without registering reporters. You may need to call MetricRegistries.global().addReportRegistration(...) before.
datanode_3  | 2019-10-23 12:10:06,449 INFO storage.RaftStorageDirectory: The storage directory /data/metadata/ratis/8f419748-39a9-446b-a065-e4682c4dac18 does not exist. Creating ...
rm_1        | 2019-10-23 12:09:56 INFO  AsyncDispatcher:223 - Registering class org.apache.hadoop.yarn.server.resourcemanager.metrics.AbstractSystemMetricsPublisher$SystemMetricsEventType for class org.apache.hadoop.yarn.server.resourcemanager.metrics.TimelineServiceV1Publisher$TimelineV1EventHandler
datanode_2  | 2019-10-23 12:10:06,464 INFO server.RaftServerConfigKeys: raft.server.rpcslowness.timeout = 120s (custom)
scm_1       | 2019-10-23 12:10:04,286 INFO net.NetworkTopology: Added a new node: /default-rack/748848c2-8705-4475-a25e-8a446c20489a
kdc_1       | Oct 23 12:09:40 kdc kadmind[15](Notice): Request: kadm5_init, admin/admin@EXAMPLE.COM, success, client=admin/admin@EXAMPLE.COM, service=kadmin/admin@EXAMPLE.COM, addr=127.0.0.1, vers=4, flavor=6
kms_1       | 	at org.eclipse.jetty.server.handler.HandlerWrapper.handle(HandlerWrapper.java:134)
nm_1        | 2019-10-23 12:09:52 INFO  HttpServer2:958 - Added filter authentication (class=org.apache.hadoop.security.authentication.server.AuthenticationFilter) to context static
om_1        | 2019-10-23 12:10:03,898 INFO http.HttpServer2: Jetty bound to port 9874
jhs         | INFO: Couldn't find grammar element for class javax.ws.rs.core.Response
datanode_1  | 2019-10-23 12:10:06,460 INFO impl.RaftServerProxy: 748848c2-8705-4475-a25e-8a446c20489a: addNew group-E4682C4DAC18:[a6be1e01-27f7-4dcf-a7ff-3627abd11888:172.18.0.11:9858, e98525e7-f27c-43a3-9605-a523c1543a2d:172.18.0.8:9858, 748848c2-8705-4475-a25e-8a446c20489a:172.18.0.4:9858] returns group-E4682C4DAC18:java.util.concurrent.CompletableFuture@759a75f2[Not completed]
datanode_3  | 2019-10-23 12:10:06,462 INFO storage.RaftStorageDirectory: Lock on /data/metadata/ratis/8f419748-39a9-446b-a065-e4682c4dac18/in_use.lock acquired by nodename 7@292c0145be8f
rm_1        | 2019-10-23 12:09:56 INFO  AsyncDispatcher:223 - Registering class org.apache.hadoop.yarn.server.resourcemanager.metrics.AbstractSystemMetricsPublisher$SystemMetricsEventType for class org.apache.hadoop.yarn.server.resourcemanager.metrics.TimelineServiceV1Publisher$TimelineV1EventHandler
scm_1       | 2019-10-23 12:10:04,287 INFO node.SCMNodeManager: Registered Data node : 748848c2-8705-4475-a25e-8a446c20489a{ip: 172.18.0.4, host: ozonesecure-mr_datanode_1.ozone, networkLocation: /default-rack, certSerialId: 12179357273829369}
datanode_2  | 2019-10-23 12:10:06,464 INFO server.RaftServerConfigKeys: raft.server.sleep.deviation.threshold = 300 (default)
kdc_1       | Oct 23 12:09:40 kdc kadmind[15](Notice): Request: kadm5_randkey_principal, dn/87d8cca8b8cc@EXAMPLE.COM, success, client=admin/admin@EXAMPLE.COM, service=kadmin/admin@EXAMPLE.COM, addr=127.0.0.1
kms_1       | 	at org.eclipse.jetty.server.Server.handle(Server.java:536)
nm_1        | 2019-10-23 12:09:52 INFO  HttpServer2:958 - Added filter authentication (class=org.apache.hadoop.security.authentication.server.AuthenticationFilter) to context logs
om_1        | 2019-10-23 12:10:03,900 INFO server.Server: jetty-9.3.25.v20180904, build timestamp: 2018-09-04T21:11:46Z, git hash: 3ce520221d0240229c862b122d2b06c12a625732
jhs         | 2019-10-23 12:10:56 INFO  AbstractDelegationTokenSecretManager:491 - Token renewal for identifier: (TIMELINE_DELEGATION_TOKEN owner=hadoop, renewer=rm, realUser=, issueDate=1571832655712, maxDate=1572437455712, sequenceNumber=1, masterKeyId=2); total currentTokens 1
datanode_3  | 2019-10-23 12:10:06,465 INFO storage.RaftStorage: Storage directory /data/metadata/ratis/8f419748-39a9-446b-a065-e4682c4dac18 has been successfully formatted.
datanode_1  | 2019-10-23 12:10:06,463 INFO impl.RaftServerImpl: 748848c2-8705-4475-a25e-8a446c20489a: new RaftServerImpl for group-E4682C4DAC18:[a6be1e01-27f7-4dcf-a7ff-3627abd11888:172.18.0.11:9858, e98525e7-f27c-43a3-9605-a523c1543a2d:172.18.0.8:9858, 748848c2-8705-4475-a25e-8a446c20489a:172.18.0.4:9858] with ContainerStateMachine:uninitialized
scm_1       | 2019-10-23 12:10:04,353 INFO net.NetworkTopology: Added a new node: /default-rack/a6be1e01-27f7-4dcf-a7ff-3627abd11888
kdc_1       | Oct 23 12:09:40 kdc kadmind[15](Notice): Request: kadm5_get_principal, dn/87d8cca8b8cc@EXAMPLE.COM, success, client=admin/admin@EXAMPLE.COM, service=kadmin/admin@EXAMPLE.COM, addr=127.0.0.1
datanode_2  | 2019-10-23 12:10:06,464 INFO server.RaftServerConfigKeys: raft.server.log.appender.install.snapshot.enabled = false (custom)
kms_1       | 	at org.eclipse.jetty.server.HttpChannel.handle(HttpChannel.java:333)
nm_1        | 2019-10-23 12:09:52 INFO  HttpServer2:613 - adding path spec: /node/*
om_1        | 2019-10-23 12:10:03,945 INFO handler.ContextHandler: Started o.e.j.s.ServletContextHandler@331ff3ac{/logs,file:///var/log/hadoop/,AVAILABLE}
jhs         | Oct 23, 2019 12:10:57 PM com.sun.jersey.server.wadl.generators.AbstractWadlGeneratorGrammarGenerator attachTypes
rm_1        | 2019-10-23 12:09:56 INFO  AsyncDispatcher:223 - Registering class org.apache.hadoop.yarn.server.resourcemanager.metrics.AbstractSystemMetricsPublisher$SystemMetricsEventType for class org.apache.hadoop.yarn.server.resourcemanager.metrics.TimelineServiceV1Publisher$TimelineV1EventHandler
datanode_3  | 2019-10-23 12:10:06,465 [pool-9-thread-1] INFO       - group-E4682C4DAC18: The snapshot info is null. Setting the last applied indexto:(t:0, i:~)
scm_1       | 2019-10-23 12:10:04,354 INFO node.SCMNodeManager: Registered Data node : a6be1e01-27f7-4dcf-a7ff-3627abd11888{ip: 172.18.0.11, host: ozonesecure-mr_datanode_3.ozone, networkLocation: /default-rack, certSerialId: 12179357305069478}
datanode_1  | 2019-10-23 12:10:06,463 INFO server.RaftServerConfigKeys: raft.server.rpc.timeout.min = 5s (custom)
kdc_1       | Oct 23 12:09:40 kdc kadmind[15](info): closing down fd 18
datanode_2  | 2019-10-23 12:10:06,464 INFO impl.RaftServerImpl: e98525e7-f27c-43a3-9605-a523c1543a2d@group-E4682C4DAC18: ConfigurationManager, init=-1: [a6be1e01-27f7-4dcf-a7ff-3627abd11888:172.18.0.11:9858, e98525e7-f27c-43a3-9605-a523c1543a2d:172.18.0.8:9858, 748848c2-8705-4475-a25e-8a446c20489a:172.18.0.4:9858], old=null, confs=<EMPTY_MAP>
kms_1       | 	at org.eclipse.jetty.server.HttpConnection.onFillable(HttpConnection.java:251)
nm_1        | 2019-10-23 12:09:52 INFO  HttpServer2:613 - adding path spec: /ws/*
om_1        | 2019-10-23 12:10:03,946 INFO handler.ContextHandler: Started o.e.j.s.ServletContextHandler@58324c9f{/static,jar:file:/opt/hadoop/share/ozone/lib/hadoop-ozone-ozone-manager-0.5.0-SNAPSHOT.jar!/webapps/static,AVAILABLE}
jhs         | INFO: Couldn't find grammar element for class javax.ws.rs.core.Response
rm_1        | 2019-10-23 12:09:56 INFO  AsyncDispatcher:223 - Registering class org.apache.hadoop.yarn.server.resourcemanager.metrics.AbstractSystemMetricsPublisher$SystemMetricsEventType for class org.apache.hadoop.yarn.server.resourcemanager.metrics.TimelineServiceV1Publisher$TimelineV1EventHandler
datanode_3  | 2019-10-23 12:10:06,465 INFO server.RaftServerConfigKeys: raft.server.notification.no-leader.timeout = 120s (custom)
scm_1       | 2019-10-23 12:10:05,391 INFO pipeline.PipelineStateManager: Created pipeline Pipeline[ Id: 4b6161a7-3bbf-4ec9-a2cd-4d36c6603f54, Nodes: e98525e7-f27c-43a3-9605-a523c1543a2d{ip: 172.18.0.8, host: ozonesecure-mr_datanode_2.ozone, networkLocation: /default-rack, certSerialId: null}, Type:RATIS, Factor:ONE, State:OPEN]
datanode_1  | 2019-10-23 12:10:06,464 INFO server.RaftServerConfigKeys: raft.server.rpc.timeout.max = 5200ms (custom)
kdc_1       | Oct 23 12:09:40 kdc kadmind[15](Notice): Request: kadm5_init, admin/admin@EXAMPLE.COM, success, client=admin/admin@EXAMPLE.COM, service=kadmin/admin@EXAMPLE.COM, addr=127.0.0.1, vers=4, flavor=6
datanode_2  | 2019-10-23 12:10:06,464 INFO server.RaftServerConfigKeys: raft.server.storage.dir = [/data/metadata/ratis] (custom)
nm_1        | 2019-10-23 12:09:52 INFO  WebApps:395 - Registered webapp guice modules
kms_1       | 	at org.eclipse.jetty.io.AbstractConnection$ReadCallback.succeeded(AbstractConnection.java:283)
om_1        | 2019-10-23 12:10:04,079 INFO server.KerberosAuthenticationHandler: Using keytab /etc/security/keytabs/HTTP.keytab, for principal HTTP/om@EXAMPLE.COM
jhs         | Oct 23, 2019 12:10:57 PM com.sun.jersey.server.wadl.generators.AbstractWadlGeneratorGrammarGenerator attachTypes
rm_1        | 2019-10-23 12:09:56 INFO  log:192 - Logging initialized @3048ms
datanode_3  | 2019-10-23 12:10:06,465 INFO server.RaftServerConfigKeys: raft.server.log.use.memory = false (default)
scm_1       | 2019-10-23 12:10:05,893 INFO pipeline.PipelineStateManager: Created pipeline Pipeline[ Id: 99c5891d-1cab-4f28-8baa-ec199d16c964, Nodes: a6be1e01-27f7-4dcf-a7ff-3627abd11888{ip: 172.18.0.11, host: ozonesecure-mr_datanode_3.ozone, networkLocation: /default-rack, certSerialId: null}, Type:RATIS, Factor:ONE, State:OPEN]
datanode_1  | 2019-10-23 12:10:06,464 INFO server.RaftServerConfigKeys: raft.server.rpcslowness.timeout = 120s (custom)
datanode_2  | 2019-10-23 12:10:06,465 INFO server.RaftServerConfigKeys: raft.server.log.corruption.policy = EXCEPTION (default)
nm_1        | 2019-10-23 12:09:52 INFO  HttpServer2:1191 - Jetty bound to port 8042
kms_1       | 	at org.eclipse.jetty.io.FillInterest.fillable(FillInterest.java:108)
om_1        | 2019-10-23 12:10:04,085 INFO handler.ContextHandler: Started o.e.j.w.WebAppContext@59498d94{/,file:///tmp/jetty-0.0.0.0-9874-ozoneManager-_-any-2790718740823667918.dir/webapp/,AVAILABLE}{/ozoneManager}
jhs         | INFO: Couldn't find grammar element for class javax.ws.rs.core.Response
kdc_1       | Oct 23 12:09:40 kdc kadmind[15](Notice): Request: kadm5_get_policy, default, Policy does not exist, client=admin/admin@EXAMPLE.COM, service=kadmin/admin@EXAMPLE.COM, addr=127.0.0.1
rm_1        | 2019-10-23 12:09:56 INFO  AuthenticationFilter:240 - Unable to initialize FileSignerSecretProvider, falling back to use random secrets.
datanode_3  | 2019-10-23 12:10:06,466 INFO server.RaftServerConfigKeys: raft.server.log.purge.gap = 1000000 (custom)
datanode_3  | 2019-10-23 12:10:06,466 INFO server.RaftServerConfigKeys: raft.server.log.appender.buffer.byte-limit = 33554432 (custom)
datanode_1  | 2019-10-23 12:10:06,464 INFO server.RaftServerConfigKeys: raft.server.sleep.deviation.threshold = 300 (default)
datanode_2  | 2019-10-23 12:10:06,465 INFO storage.RaftStorageDirectory: The storage directory /data/metadata/ratis/8f419748-39a9-446b-a065-e4682c4dac18 does not exist. Creating ...
datanode_2  | 2019-10-23 12:10:06,468 INFO storage.RaftStorageDirectory: Lock on /data/metadata/ratis/8f419748-39a9-446b-a065-e4682c4dac18/in_use.lock acquired by nodename 7@87d8cca8b8cc
kms_1       | 	at org.eclipse.jetty.io.SelectChannelEndPoint$2.run(SelectChannelEndPoint.java:93)
kms_1       | 	at org.eclipse.jetty.util.thread.strategy.ExecuteProduceConsume.executeProduceConsume(ExecuteProduceConsume.java:303)
om_1        | 2019-10-23 12:10:04,090 INFO server.AbstractConnector: Started ServerConnector@dd3f8aa{HTTP/1.1,[http/1.1]}{0.0.0.0:9874}
kdc_1       | Oct 23 12:09:40 kdc kadmind[15](Notice): Request: kadm5_create_principal, scm/cb4abb2b2fed@EXAMPLE.COM, success, client=admin/admin@EXAMPLE.COM, service=kadmin/admin@EXAMPLE.COM, addr=127.0.0.1
jhs         | Oct 23, 2019 12:10:57 PM com.sun.jersey.server.wadl.generators.AbstractWadlGeneratorGrammarGenerator attachTypes
datanode_3  | 2019-10-23 12:10:06,466 INFO server.RaftServerConfigKeys: raft.server.log.segment.size.max = 1048576 (custom)
datanode_1  | 2019-10-23 12:10:06,464 INFO server.RaftServerConfigKeys: raft.server.log.appender.install.snapshot.enabled = false (custom)
datanode_2  | 2019-10-23 12:10:06,472 INFO storage.RaftStorage: Storage directory /data/metadata/ratis/8f419748-39a9-446b-a065-e4682c4dac18 has been successfully formatted.
scm_1       | 2019-10-23 12:10:06,412 INFO pipeline.PipelineStateManager: Created pipeline Pipeline[ Id: f57342d4-a96b-4650-be2d-0f164a5cfba9, Nodes: 748848c2-8705-4475-a25e-8a446c20489a{ip: 172.18.0.4, host: ozonesecure-mr_datanode_1.ozone, networkLocation: /default-rack, certSerialId: null}, Type:RATIS, Factor:ONE, State:OPEN]
nm_1        | 2019-10-23 12:09:52 INFO  Server:351 - jetty-9.3.24.v20180605, build timestamp: 2018-06-05T17:11:56Z, git hash: 84205aa28f11a4f31f2a3b86d1bba2cc8ab69827
kms_1       | 	at org.eclipse.jetty.util.thread.strategy.ExecuteProduceConsume.produceConsume(ExecuteProduceConsume.java:148)
rm_1        | 2019-10-23 12:09:56 INFO  HttpRequestLog:81 - Http request log for http.requests.resourcemanager is not defined
om_1        | 2019-10-23 12:10:04,090 INFO server.Server: Started @3879ms
kdc_1       | Oct 23 12:09:40 kdc kadmind[15](info): closing down fd 18
jhs         | INFO: Couldn't find grammar element for class javax.ws.rs.core.Response
datanode_3  | 2019-10-23 12:10:06,466 INFO server.RaftServerConfigKeys: raft.server.log.segment.cache.num.max = 2 (custom)
datanode_1  | 2019-10-23 12:10:06,464 INFO impl.RaftServerImpl: 748848c2-8705-4475-a25e-8a446c20489a@group-E4682C4DAC18: ConfigurationManager, init=-1: [a6be1e01-27f7-4dcf-a7ff-3627abd11888:172.18.0.11:9858, e98525e7-f27c-43a3-9605-a523c1543a2d:172.18.0.8:9858, 748848c2-8705-4475-a25e-8a446c20489a:172.18.0.4:9858], old=null, confs=<EMPTY_MAP>
datanode_2  | 2019-10-23 12:10:06,472 [pool-9-thread-1] INFO       - group-E4682C4DAC18: The snapshot info is null. Setting the last applied indexto:(t:0, i:~)
scm_1       | 2019-10-23 12:10:06,486 INFO pipeline.PipelineStateManager: Created pipeline Pipeline[ Id: 8f419748-39a9-446b-a065-e4682c4dac18, Nodes: e98525e7-f27c-43a3-9605-a523c1543a2d{ip: 172.18.0.8, host: ozonesecure-mr_datanode_2.ozone, networkLocation: /default-rack, certSerialId: null}a6be1e01-27f7-4dcf-a7ff-3627abd11888{ip: 172.18.0.11, host: ozonesecure-mr_datanode_3.ozone, networkLocation: /default-rack, certSerialId: null}748848c2-8705-4475-a25e-8a446c20489a{ip: 172.18.0.4, host: ozonesecure-mr_datanode_1.ozone, networkLocation: /default-rack, certSerialId: null}, Type:RATIS, Factor:THREE, State:OPEN]
nm_1        | 2019-10-23 12:09:52 INFO  AuthenticationFilter:240 - Unable to initialize FileSignerSecretProvider, falling back to use random secrets.
kms_1       | 	at org.eclipse.jetty.util.thread.strategy.ExecuteProduceConsume.run(ExecuteProduceConsume.java:136)
rm_1        | 2019-10-23 12:09:56 INFO  HttpServer2:975 - Added global filter 'safety' (class=org.apache.hadoop.http.HttpServer2$QuotingInputFilter)
om_1        | 2019-10-23 12:10:04,092 INFO impl.MetricsSinkAdapter: Sink prometheus started
kdc_1       | Oct 23 12:09:40 kdc kadmind[15](Notice): Request: kadm5_init, admin/admin@EXAMPLE.COM, success, client=admin/admin@EXAMPLE.COM, service=kadmin/admin@EXAMPLE.COM, addr=127.0.0.1, vers=4, flavor=6
jhs         | Oct 23, 2019 12:10:57 PM com.sun.jersey.server.wadl.generators.AbstractWadlGeneratorGrammarGenerator attachTypes
datanode_3  | 2019-10-23 12:10:06,466 INFO segmented.SegmentedRaftLogWorker: new a6be1e01-27f7-4dcf-a7ff-3627abd11888@group-E4682C4DAC18-SegmentedRaftLogWorker for RaftStorage:Storage Directory /data/metadata/ratis/8f419748-39a9-446b-a065-e4682c4dac18
datanode_1  | 2019-10-23 12:10:06,464 INFO server.RaftServerConfigKeys: raft.server.storage.dir = [/data/metadata/ratis] (custom)
datanode_2  | 2019-10-23 12:10:06,473 INFO server.RaftServerConfigKeys: raft.server.notification.no-leader.timeout = 120s (custom)
scm_1       | 2019-10-23 12:10:21,575 INFO ipc.Server: Auth successful for om/om@EXAMPLE.COM (auth:KERBEROS)
nm_1        | 2019-10-23 12:09:52 INFO  ContextHandler:781 - Started o.e.j.s.ServletContextHandler@476b0ae6{/logs,file:///opt/hadoop/logs/,AVAILABLE}
kms_1       | 	at org.eclipse.jetty.util.thread.QueuedThreadPool.runJob(QueuedThreadPool.java:671)
rm_1        | 2019-10-23 12:09:56 INFO  HttpServer2:948 - Added filter static_user_filter (class=org.apache.hadoop.http.lib.StaticUserWebFilter$StaticUserFilter) to context cluster
om_1        | 2019-10-23 12:10:04,093 INFO impl.MetricsSystemImpl: Registered sink prometheus
kdc_1       | Oct 23 12:09:40 kdc kadmind[15](Notice): Request: kadm5_randkey_principal, scm/cb4abb2b2fed@EXAMPLE.COM, success, client=admin/admin@EXAMPLE.COM, service=kadmin/admin@EXAMPLE.COM, addr=127.0.0.1
jhs         | INFO: Couldn't find grammar element for class javax.ws.rs.core.Response
datanode_3  | 2019-10-23 12:10:06,466 INFO server.RaftServerConfigKeys: raft.server.log.queue.byte-limit = 2147483647 (custom)
datanode_1  | 2019-10-23 12:10:06,465 INFO server.RaftServerConfigKeys: raft.server.log.corruption.policy = EXCEPTION (default)
scm_1       | 2019-10-23 12:10:33,951 INFO ipc.Server: Auth successful for om/om@EXAMPLE.COM (auth:KERBEROS)
datanode_2  | 2019-10-23 12:10:06,473 INFO server.RaftServerConfigKeys: raft.server.log.use.memory = false (default)
kms_1       | 	at org.eclipse.jetty.util.thread.QueuedThreadPool$2.run(QueuedThreadPool.java:589)
rm_1        | 2019-10-23 12:09:56 INFO  HttpServer2:958 - Added filter static_user_filter (class=org.apache.hadoop.http.lib.StaticUserWebFilter$StaticUserFilter) to context static
nm_1        | 2019-10-23 12:09:52 INFO  ContextHandler:781 - Started o.e.j.s.ServletContextHandler@4b3a45f1{/static,jar:file:/opt/hadoop/share/hadoop/yarn/hadoop-yarn-common-3.2.0.jar!/webapps/static,AVAILABLE}
om_1        | 2019-10-23 12:10:04,095 INFO server.BaseHttpServer: HTTP server of OZONEMANAGER is listening at http://0.0.0.0:9874
jhs         | Oct 23, 2019 12:11:34 PM com.sun.jersey.server.wadl.generators.AbstractWadlGeneratorGrammarGenerator attachTypes
kdc_1       | Oct 23 12:09:40 kdc kadmind[15](Notice): Request: kadm5_get_principal, scm/cb4abb2b2fed@EXAMPLE.COM, success, client=admin/admin@EXAMPLE.COM, service=kadmin/admin@EXAMPLE.COM, addr=127.0.0.1
datanode_3  | 2019-10-23 12:10:06,466 INFO server.RaftServerConfigKeys: raft.server.log.queue.element-limit = 1024 (custom)
datanode_1  | 2019-10-23 12:10:06,465 INFO storage.RaftStorageDirectory: The storage directory /data/metadata/ratis/8f419748-39a9-446b-a065-e4682c4dac18 does not exist. Creating ...
datanode_2  | 2019-10-23 12:10:06,473 INFO server.RaftServerConfigKeys: raft.server.log.purge.gap = 1000000 (custom)
scm_1       | 2019-10-23 12:10:33,959 INFO server.SCMBlockProtocolServer: Allocating 1 blocks of size 268435456, with ExcludeList {datanodes = [], containerIds = [], pipelineIds = []}
kms_1       | 	at java.lang.Thread.run(Thread.java:748)
rm_1        | 2019-10-23 12:09:56 INFO  HttpServer2:958 - Added filter static_user_filter (class=org.apache.hadoop.http.lib.StaticUserWebFilter$StaticUserFilter) to context logs
nm_1        | Oct 23, 2019 12:09:52 PM com.sun.jersey.guice.spi.container.GuiceComponentProviderFactory register
om_1        | 2019-10-23 12:10:21,105 INFO ipc.Server: Auth successful for testuser/om@EXAMPLE.COM (auth:KERBEROS)
jhs         | INFO: Couldn't find grammar element for class javax.ws.rs.core.Response
kdc_1       | Oct 23 12:09:40 kdc kadmind[15](info): closing down fd 18
datanode_3  | 2019-10-23 12:10:06,466 INFO server.RaftServerConfigKeys: raft.server.log.segment.size.max = 1048576 (custom)
datanode_1  | 2019-10-23 12:10:06,468 INFO storage.RaftStorageDirectory: Lock on /data/metadata/ratis/8f419748-39a9-446b-a065-e4682c4dac18/in_use.lock acquired by nodename 7@cb4abb2b2fed
datanode_2  | 2019-10-23 12:10:06,473 INFO server.RaftServerConfigKeys: raft.server.log.appender.buffer.byte-limit = 33554432 (custom)
scm_1       | 2019-10-23 12:10:35,511 INFO ipc.Server: Auth successful for dn/87d8cca8b8cc@EXAMPLE.COM (auth:KERBEROS)
kms_1       | 
rm_1        | 2019-10-23 12:09:56 INFO  HttpServer2:613 - adding path spec: /cluster/*
nm_1        | INFO: Registering org.apache.hadoop.yarn.server.nodemanager.webapp.NMWebServices as a root resource class
om_1        | 2019-10-23 12:10:24,594 INFO ipc.Server: Auth successful for testuser/om@EXAMPLE.COM (auth:KERBEROS)
jhs         | Oct 23, 2019 12:11:34 PM com.sun.jersey.server.wadl.generators.AbstractWadlGeneratorGrammarGenerator attachTypes
kdc_1       | Oct 23 12:09:40 kdc kadmind[15](Notice): Request: kadm5_init, admin/admin@EXAMPLE.COM, success, client=admin/admin@EXAMPLE.COM, service=kadmin/admin@EXAMPLE.COM, addr=127.0.0.1, vers=4, flavor=6
datanode_3  | 2019-10-23 12:10:06,466 INFO server.RaftServerConfigKeys: raft.server.log.preallocated.size = 16384 (custom)
datanode_1  | 2019-10-23 12:10:06,472 INFO storage.RaftStorage: Storage directory /data/metadata/ratis/8f419748-39a9-446b-a065-e4682c4dac18 has been successfully formatted.
datanode_2  | 2019-10-23 12:10:06,473 INFO server.RaftServerConfigKeys: raft.server.log.segment.size.max = 1048576 (custom)
scm_1       | 2019-10-23 12:10:35,776 INFO ipc.Server: Auth successful for dn/87d8cca8b8cc@EXAMPLE.COM (auth:KERBEROS)
kms_1       | Oct 23, 2019 12:10:53 PM com.sun.jersey.server.wadl.generators.AbstractWadlGeneratorGrammarGenerator attachTypes
rm_1        | 2019-10-23 12:09:56 INFO  HttpServer2:613 - adding path spec: /ws/*
nm_1        | Oct 23, 2019 12:09:52 PM com.sun.jersey.guice.spi.container.GuiceComponentProviderFactory register
om_1        | 2019-10-23 12:10:25,397 [IPC Server handler 1 on 9862] INFO       - created volume:vol1 for user:hadoop
jhs         | INFO: Couldn't find grammar element for class javax.ws.rs.core.Response
kdc_1       | Oct 23 12:09:40 kdc kadmind[15](Notice): Request: kadm5_get_policy, default, Policy does not exist, client=admin/admin@EXAMPLE.COM, service=kadmin/admin@EXAMPLE.COM, addr=127.0.0.1
datanode_3  | 2019-10-23 12:10:06,466 INFO server.RaftServerConfigKeys: raft.server.log.write.buffer.size = 33554432 (custom)
datanode_1  | 2019-10-23 12:10:06,472 [pool-9-thread-1] INFO       - group-E4682C4DAC18: The snapshot info is null. Setting the last applied indexto:(t:0, i:~)
datanode_2  | 2019-10-23 12:10:06,474 INFO server.RaftServerConfigKeys: raft.server.log.segment.cache.num.max = 2 (custom)
scm_1       | 2019-10-23 12:10:36,283 INFO ipc.Server: Auth successful for dn/cb4abb2b2fed@EXAMPLE.COM (auth:KERBEROS)
kms_1       | INFO: Couldn't find grammar element for class java.util.Map
rm_1        | 2019-10-23 12:09:56 INFO  HttpServer2:613 - adding path spec: /app/*
nm_1        | INFO: Registering org.apache.hadoop.yarn.webapp.GenericExceptionHandler as a provider class
om_1        | 2019-10-23 12:10:27,462 INFO ipc.Server: Auth successful for testuser/om@EXAMPLE.COM (auth:KERBEROS)
jhs         | Oct 23, 2019 12:11:34 PM com.sun.jersey.server.wadl.generators.AbstractWadlGeneratorGrammarGenerator attachTypes
kdc_1       | Oct 23 12:09:40 kdc kadmind[15](Notice): Request: kadm5_create_principal, dn/jhs@EXAMPLE.COM, success, client=admin/admin@EXAMPLE.COM, service=kadmin/admin@EXAMPLE.COM, addr=127.0.0.1
datanode_3  | 2019-10-23 12:10:06,467 INFO server.RaftServerConfigKeys: raft.server.log.force.sync.num = 128 (default)
datanode_1  | 2019-10-23 12:10:06,473 INFO server.RaftServerConfigKeys: raft.server.notification.no-leader.timeout = 120s (custom)
datanode_2  | 2019-10-23 12:10:06,474 INFO segmented.SegmentedRaftLogWorker: new e98525e7-f27c-43a3-9605-a523c1543a2d@group-E4682C4DAC18-SegmentedRaftLogWorker for RaftStorage:Storage Directory /data/metadata/ratis/8f419748-39a9-446b-a065-e4682c4dac18
scm_1       | 2019-10-23 12:10:36,355 INFO ipc.Server: Auth successful for dn/292c0145be8f@EXAMPLE.COM (auth:KERBEROS)
kms_1       | Oct 23, 2019 12:10:53 PM com.sun.jersey.server.wadl.generators.AbstractWadlGeneratorGrammarGenerator attachTypes
rm_1        | 2019-10-23 12:09:57 INFO  WebApps:395 - Registered webapp guice modules
nm_1        | Oct 23, 2019 12:09:52 PM com.sun.jersey.guice.spi.container.GuiceComponentProviderFactory register
om_1        | 2019-10-23 12:10:30,501 INFO ipc.Server: Auth successful for testuser/om@EXAMPLE.COM (auth:KERBEROS)
jhs         | INFO: Couldn't find grammar element for class javax.ws.rs.core.Response
kdc_1       | Oct 23 12:09:40 kdc kadmind[15](info): closing down fd 18
datanode_3  | 2019-10-23 12:10:06,467 INFO server.RaftServerConfigKeys: raft.server.log.statemachine.data.sync = true (default)
datanode_1  | 2019-10-23 12:10:06,473 INFO server.RaftServerConfigKeys: raft.server.log.use.memory = false (default)
datanode_2  | 2019-10-23 12:10:06,474 INFO server.RaftServerConfigKeys: raft.server.log.queue.byte-limit = 2147483647 (custom)
scm_1       | 2019-10-23 12:10:49,432 INFO ipc.Server: Auth successful for om/om@EXAMPLE.COM (auth:KERBEROS)
kms_1       | INFO: Couldn't find grammar element for class java.util.Map
rm_1        | 2019-10-23 12:09:57 INFO  HttpServer2:1191 - Jetty bound to port 8088
nm_1        | INFO: Registering org.apache.hadoop.yarn.server.nodemanager.webapp.JAXBContextResolver as a provider class
om_1        | 2019-10-23 12:10:33,234 INFO ipc.Server: Auth successful for testuser/om@EXAMPLE.COM (auth:KERBEROS)
jhs         | Oct 23, 2019 12:11:34 PM com.sun.jersey.server.wadl.generators.AbstractWadlGeneratorGrammarGenerator attachTypes
kdc_1       | Oct 23 12:09:40 kdc kadmind[15](Notice): Request: kadm5_init, admin/admin@EXAMPLE.COM, success, client=admin/admin@EXAMPLE.COM, service=kadmin/admin@EXAMPLE.COM, addr=127.0.0.1, vers=4, flavor=6
datanode_3  | 2019-10-23 12:10:06,467 INFO server.RaftServerConfigKeys: raft.server.log.statemachine.data.sync.timeout = 10s (default)
datanode_1  | 2019-10-23 12:10:06,473 INFO server.RaftServerConfigKeys: raft.server.log.purge.gap = 1000000 (custom)
datanode_2  | 2019-10-23 12:10:06,474 INFO server.RaftServerConfigKeys: raft.server.log.queue.element-limit = 1024 (custom)
scm_1       | 2019-10-23 12:10:49,437 INFO server.SCMBlockProtocolServer: Allocating 1 blocks of size 268435456, with ExcludeList {datanodes = [], containerIds = [], pipelineIds = []}
kms_1       | Oct 23, 2019 12:10:53 PM com.sun.jersey.server.wadl.generators.AbstractWadlGeneratorGrammarGenerator attachTypes
rm_1        | 2019-10-23 12:09:57 INFO  Server:351 - jetty-9.3.24.v20180605, build timestamp: 2018-06-05T17:11:56Z, git hash: 84205aa28f11a4f31f2a3b86d1bba2cc8ab69827
nm_1        | Oct 23, 2019 12:09:52 PM com.sun.jersey.server.impl.application.WebApplicationImpl _initiate
om_1        | 2019-10-23 12:10:38,759 INFO ipc.Server: Auth successful for testuser/om@EXAMPLE.COM (auth:KERBEROS)
jhs         | INFO: Couldn't find grammar element for class javax.ws.rs.core.Response
