kdc_1       | Nov 08 16:52:31 kdc krb5kdc[9](info): AS_REQ (8 etypes {18 17 20 19 16 23 25 26}) 127.0.0.1: SERVER_NOT_FOUND: admin/admin@EXAMPLE.COM for kadmin/localhost@EXAMPLE.COM, Server not found in Kerberos database
datanode_3  | 2019-11-08 16:52:49,600 INFO impl.RaftServerImpl: b48da1da-2d7b-43f0-bf11-7d0a088ac877@group-3C476903AB92: changes role from      null to FOLLOWER at term 0 for startAsFollower
s3g_1       | 20191108T170007Z
datanode_2  | 2019-11-08 16:52:49,704 INFO impl.RaftServerProxy: 94dd74cb-07d6-45f5-b6f3-a357d9f4ce4c: addNew group-B243E07CE022:[b48da1da-2d7b-43f0-bf11-7d0a088ac877:172.19.0.8:9858, 94dd74cb-07d6-45f5-b6f3-a357d9f4ce4c:172.19.0.9:9858, fb0f2bfd-ab0d-4409-be2f-ea7a4488f78f:172.19.0.7:9858] returns group-B243E07CE022:java.util.concurrent.CompletableFuture@677c4240[Not completed]
scm_1       | 2019-11-08 16:52:43,331 INFO authorize.ServiceAuthorizationManager: Authorization successful for om/om@EXAMPLE.COM (auth:KERBEROS) for protocol=interface org.apache.hadoop.hdds.protocol.SCMSecurityProtocol
datanode_1  | 2019-11-08 16:52:49,722 INFO impl.RaftServerProxy: fb0f2bfd-ab0d-4409-be2f-ea7a4488f78f: addNew group-B243E07CE022:[b48da1da-2d7b-43f0-bf11-7d0a088ac877:172.19.0.8:9858, 94dd74cb-07d6-45f5-b6f3-a357d9f4ce4c:172.19.0.9:9858, fb0f2bfd-ab0d-4409-be2f-ea7a4488f78f:172.19.0.7:9858] returns group-B243E07CE022:java.util.concurrent.CompletableFuture@5934f416[Not completed]
om_1        | 2019-11-08 16:52:47,689 INFO hdfs.DFSUtil: Starting Web-server for ozoneManager at: http://0.0.0.0:9874
kdc_1       | Nov 08 16:52:31 kdc krb5kdc[9](info): AS_REQ (8 etypes {18 17 20 19 16 23 25 26}) 127.0.0.1: ISSUE: authtime 1573231951, etypes {rep=18 tkt=18 ses=18}, admin/admin@EXAMPLE.COM for kadmin/admin@EXAMPLE.COM
datanode_3  | 2019-11-08 16:52:49,601 INFO impl.RoleInfo: b48da1da-2d7b-43f0-bf11-7d0a088ac877: start FollowerState
s3g_1       | 20191108/us-west-1/s3/aws4_request
datanode_2  | 2019-11-08 16:52:49,707 INFO impl.RaftServerImpl: 94dd74cb-07d6-45f5-b6f3-a357d9f4ce4c: new RaftServerImpl for group-B243E07CE022:[b48da1da-2d7b-43f0-bf11-7d0a088ac877:172.19.0.8:9858, 94dd74cb-07d6-45f5-b6f3-a357d9f4ce4c:172.19.0.9:9858, fb0f2bfd-ab0d-4409-be2f-ea7a4488f78f:172.19.0.7:9858] with ContainerStateMachine:uninitialized
scm_1       | 2019-11-08 16:52:43,334 INFO server.SCMClientProtocolServer: Processing CSR for om om, UUID: cf69781f-43c0-4b7e-a8e7-328f8001377c
datanode_1  | 2019-11-08 16:52:49,726 INFO impl.RaftServerImpl: fb0f2bfd-ab0d-4409-be2f-ea7a4488f78f: new RaftServerImpl for group-B243E07CE022:[b48da1da-2d7b-43f0-bf11-7d0a088ac877:172.19.0.8:9858, 94dd74cb-07d6-45f5-b6f3-a357d9f4ce4c:172.19.0.9:9858, fb0f2bfd-ab0d-4409-be2f-ea7a4488f78f:172.19.0.7:9858] with ContainerStateMachine:uninitialized
kdc_1       | Nov 08 16:52:32 kdc krb5kdc[9](info): AS_REQ (8 etypes {18 17 20 19 16 23 25 26}) 127.0.0.1: SERVER_NOT_FOUND: admin/admin@EXAMPLE.COM for kadmin/localhost@EXAMPLE.COM, Server tice): Request: kadm5_init, admin/admin@EXAMPLE.COM, success, client=admin/admin@EXAMPLE.COM, service=kadmin/admin@EXAMPLE.COM, addr=127.0.0.1, vers=4, flavor=6
om_1        | 2019-11-08 16:52:47,798 INFO server.AuthenticationFilter: Unable to initialize FileSignerSecretProvider, falling back to use random secrets.
datanode_3  | 2019-11-08 16:52:49,606 INFO util.JmxRegister: Successfully registered JMX Bean with object name Ratis:service=RaftServer,group=group-3C476903AB92,id=b48da1da-2d7b-43f0-bf11-7d0a088ac877
s3g_1       | a2cb48bfe60a1adb1bb78e008d2053ca882562332e87c47bf3f199322037e16c, signature=bcf855a9b1e91bdee22b8e0b424963d5ce964bf9d7a5796b67af3997708e6873, awsAccessKeyId=dlfknslnfslf, while invoking $Proxy83.submitRequest over nodeId=null,nodeAddress=om:9862 after 10 failover attempts. Trying to failover immediately.
datanode_2  | 2019-11-08 16:52:49,707 INFO server.RaftServerConfigKeys: raft.server.rpc.timeout.min = 5s (custom)
scm_1       | 2019-11-08 16:52:45,636 INFO ipc.Server: Auth successful for dn/01d6bf9bdd81@EXAMPLE.COM (auth:KERBEROS)
kdc_1       | Nov 08 16:52:32 kdc kadmind[15](Notice): Request: kadm5_randkey_principal, s3g/om@EXAMPLE.COM, success, client=admin/admin@EXAMPLE.COM, service=kadmin/admin@EXAMPLE.COM, addr=127.0.0.1
om_1        | 2019-11-08 16:52:47,802 INFO http.HttpRequestLog: Http request log for http.requests.ozoneManager is not defined
datanode_3  | 2019-11-08 16:52:49,608 WARN impl.MetricRegistriesImpl: First MetricRegistry has been created without registering reporters. You may need to call MetricRegistries.global().addReportRegistration(...) before.
s3g_1       | 2019-11-08 17:00:07,983 WARN ipc.Client: Exception encountered while connecting to the server : org.apache.hadoop.ipc.RemoteException(org.apache.hadoop.security.token.SecretManager$InvalidToken): No S3 secret found for S3 identifier:OzoneToken owner=dlfknslnfslf, renewer=, realUser=, issueDate=0, maxDate=0, sequenceNumber=0, masterKeyId=0, strToSign=AWS4-HMAC-SHA256
scm_1       | 2019-11-08 16:52:45,639 INFO authorize.ServiceAuthorizationManager: Authorization successful for dn/01d6bf9bdd81@EXAMPLE.COM (auth:KERBEROS) for protocol=interface org.apache.hadoop.ozone.protocol.StorageContainerDatanodeProtocol
datanode_1  | 2019-11-08 16:52:49,726 INFO server.RaftServerConfigKeys: raft.server.rpc.timeout.min = 5s (custom)
kdc_1       | Nov 08 16:52:32 kdc kadmind[15](Notice): Request: kadm5_get_principal, s3g/om@EXAMPLE.COM, success, client=admin/admin@EXAMPLE.COM, service=kadmin/admin@EXAMPLE.COM, addr=127.0.0.1
datanode_2  | 2019-11-08 16:52:49,708 INFO server.RaftServerConfigKeys: raft.server.rpc.timeout.max = 5200ms (custom)
datanode_3  | 2019-11-08 16:52:49,722 INFO impl.RaftServerProxy: b48da1da-2d7b-43f0-bf11-7d0a088ac877: addNew group-B243E07CE022:[b48da1da-2d7b-43f0-bf11-7d0a088ac877:172.19.0.8:9858, 94dd74cb-07d6-45f5-b6f3-a357d9f4ce4c:172.19.0.9:9858, fb0f2bfd-ab0d-4409-be2f-ea7a4488f78f:172.19.0.7:9858] returns group-B243E07CE022:java.util.concurrent.CompletableFuture@c213735[Not completed]
om_1        | 2019-11-08 16:52:47,813 INFO http.HttpServer2: Added global filter 'safety' (class=org.apache.hadoop.http.HttpServer2$QuotingInputFilter)
s3g_1       | 20191108T170007Z
scm_1       | 2019-11-08 16:52:45,656 INFO ipc.Server: Auth successful for dn/fcf5da9991db@EXAMPLE.COM (auth:KERBEROS)
kdc_1       | Nov 08 16:52:32 kdc kadmind[15](info): closing down fd 18
datanode_2  | 2019-11-08 16:52:49,708 INFO server.RaftServerConfigKeys: raft.server.rpcslowness.timeout = 120s (custom)
om_1        | 2019-11-08 16:52:47,816 INFO http.HttpServer2: Added filter authentication (class=org.apache.hadoop.security.authentication.server.AuthenticationFilter) to context ozoneManager
s3g_1       | 20191108/us-west-1/s3/aws4_request
scm_1       | 2019-11-08 16:52:45,658 INFO ipc.Server: Auth successful for dn/f1b34bdf89d8@EXAMPLE.COM (auth:KERBEROS)
datanode_3  | 2019-11-08 16:52:49,725 INFO impl.RaftServerImpl: b48da1da-2d7b-43f0-bf11-7d0a088ac877: new RaftServerImpl for group-B243E07CE022:[b48da1da-2d7b-43f0-bf11-7d0a088ac877:172.19.0.8:9858, 94dd74cb-07d6-45f5-b6f3-a357d9f4ce4c:172.19.0.9:9858, fb0f2bfd-ab0d-4409-be2f-ea7a4488f78f:172.19.0.7:9858] with ContainerStateMachine:uninitialized
datanode_1  | 2019-11-08 16:52:49,726 INFO server.RaftServerConfigKeys: raft.server.rpc.timeout.max = 5200ms (custom)
datanode_2  | 2019-11-08 16:52:49,708 INFO server.RaftServerConfigKeys: raft.server.sleep.deviation.threshold = 300 (default)
s3g_1       | a2cb48bfe60a1adb1bb78e008d2053ca882562332e87c47bf3f199322037e16c, signature=bcf855a9b1e91bdee22b8e0b424963d5ce964bf9d7a5796b67af3997708e6873, awsAccessKeyId=dlfknslnfslf
om_1        | 2019-11-08 16:52:47,817 INFO http.HttpServer2: Added filter authentication (class=org.apache.hadoop.security.authentication.server.AuthenticationFilter) to context static
kdc_1       | not found in Kerberos database
scm_1       | 2019-11-08 16:52:45,659 INFO authorize.ServiceAuthorizationManager: Authorization successful for dn/fcf5da9991db@EXAMPLE.COM (auth:KERBEROS) for protocol=interface org.apache.hadoop.ozone.protocol.StorageContainerDatanodeProtocol
datanode_1  | 2019-11-08 16:52:49,726 INFO server.RaftServerConfigKeys: raft.server.rpcslowness.timeout = 120s (custom)
datanode_3  | 2019-11-08 16:52:49,725 INFO server.RaftServerConfigKeys: raft.server.rpc.timeout.min = 5s (custom)
datanode_2  | 2019-11-08 16:52:49,708 INFO server.RaftServerConfigKeys: raft.server.log.appender.install.snapshot.enabled = false (custom)
s3g_1       | 2019-11-08 17:00:07,983 INFO retry.RetryInvocationHandler: com.google.protobuf.ServiceException: org.apache.hadoop.ipc.RemoteException(org.apache.hadoop.security.token.SecretManager$InvalidToken): No S3 secret found for S3 identifier:OzoneToken owner=dlfknslnfslf, renewer=, realUser=, issueDate=0, maxDate=0, sequenceNumber=0, masterKeyId=0, strToSign=AWS4-HMAC-SHA256
om_1        | 2019-11-08 16:52:47,817 INFO http.HttpServer2: Added filter authentication (class=org.apache.hadoop.security.authentication.server.AuthenticationFilter) to context logs
kdc_1       | Nov 08 16:52:32 kdc krb5kdc[9](info): AS_REQ (8 etypes {18 17 20 19 16 23 25 26}) 127.0.0.1: ISSUE: authtime 1573231952, etypes {rep=18 tkt=18 ses=18}, admin/admin@EXAMPLE.COM for kadmin/admin@EXAMPLE.COM
scm_1       | 2019-11-08 16:52:45,661 INFO authorize.ServiceAuthorizationManager: Authorization successful for dn/f1b34bdf89d8@EXAMPLE.COM (auth:KERBEROS) for protocol=interface org.apache.hadoop.ozone.protocol.StorageContainerDatanodeProtocol
datanode_1  | 2019-11-08 16:52:49,726 INFO server.RaftServerConfigKeys: raft.server.sleep.deviation.threshold = 300 (default)
datanode_2  | 2019-11-08 16:52:49,708 INFO impl.RaftServerImpl: 94dd74cb-07d6-45f5-b6f3-a357d9f4ce4c@group-B243E07CE022: ConfigurationManager, init=-1: [b48da1da-2d7b-43f0-bf11-7d0a088ac877:172.19.0.8:9858, 94dd74cb-07d6-45f5-b6f3-a357d9f4ce4c:172.19.0.9:9858, fb0f2bfd-ab0d-4409-be2f-ea7a4488f78f:172.19.0.7:9858], old=null, confs=<EMPTY_MAP>
datanode_3  | 2019-11-08 16:52:49,725 INFO server.RaftServerConfigKeys: raft.server.rpc.timeout.max = 5200ms (custom)
om_1        | 2019-11-08 16:52:47,846 INFO http.HttpServer2: Jetty bound to port 9874
kdc_1       | Nov 08 16:52:32 kdc krb5kdc[9](info): AS_REQ (8 etypes {18 17 20 19 16 23 25 26}) 127.0.0.1: SERVER_NOT_FOUND: admin/admin@EXAMPLE.COM for kadmin/localhost@EXAMPLE.COM, Server not found in Kerberos database
s3g_1       | 20191108T170007Z
scm_1       | 2019-11-08 16:52:46,002 INFO ipc.Server: Auth successful for om/om@EXAMPLE.COM (auth:KERBEROS)
datanode_1  | 2019-11-08 16:52:49,727 INFO server.RaftServerConfigKeys: raft.server.log.appender.install.snapshot.enabled = false (custom)
datanode_2  | 2019-11-08 16:52:49,708 INFO server.RaftServerConfigKeys: raft.server.storage.dir = [/data/metadata/ratis] (custom)
datanode_3  | 2019-11-08 16:52:49,725 INFO server.RaftServerConfigKeys: raft.server.rpcslowness.timeout = 120s (custom)
om_1        | 2019-11-08 16:52:47,847 INFO server.Server: jetty-9.3.25.v20180904, build timestamp: 2018-09-04T21:11:46Z, git hash: 3ce520221d0240229c862b122d2b06c12a625732
kdc_1       | Nov 08 16:52:32 kdc krb5kdc[9](info): AS_REQ (8 etypes {18 17 20 19 16 23 25 26}) 127.0.0.1: ISSUE: authtime 1573231952, etypes {rep=18 tkt=18 ses=18}, admin/admin@EXAMPLE.COM for kadmin/admin@EXAMPLE.COM
scm_1       | 2019-11-08 16:52:46,022 INFO authorize.ServiceAuthorizationManager: Authorization successful for om/om@EXAMPLE.COM (auth:KERBEROS) for protocol=interface org.apache.hadoop.hdds.scm.protocol.ScmBlockLocationProtocol
s3g_1       | 20191108/us-west-1/s3/aws4_request
datanode_1  | 2019-11-08 16:52:49,727 INFO impl.RaftServerImpl: fb0f2bfd-ab0d-4409-be2f-ea7a4488f78f@group-B243E07CE022: ConfigurationManager, init=-1: [b48da1da-2d7b-43f0-bf11-7d0a088ac877:172.19.0.8:9858, 94dd74cb-07d6-45f5-b6f3-a357d9f4ce4c:172.19.0.9:9858, fb0f2bfd-ab0d-4409-be2f-ea7a4488f78f:172.19.0.7:9858], old=null, confs=<EMPTY_MAP>
datanode_2  | 2019-11-08 16:52:49,709 INFO server.RaftServerConfigKeys: raft.server.log.corruption.policy = EXCEPTION (default)
datanode_3  | 2019-11-08 16:52:49,725 INFO server.RaftServerConfigKeys: raft.server.sleep.deviation.threshold = 300 (default)
kdc_1       | Generiting keytab
scm_1       | 2019-11-08 16:52:47,635 INFO net.NetworkTopology: Added a new node: /default-rack/94dd74cb-07d6-45f5-b6f3-a357d9f4ce4c
om_1        | 2019-11-08 16:52:47,887 INFO server.AuthenticationFilter: Unable to initialize FileSignerSecretProvider, falling back to use random secrets.
s3g_1       | a2cb48bfe60a1adb1bb78e008d2053ca882562332e87c47bf3f199322037e16c, signature=bcf855a9b1e91bdee22b8e0b424963d5ce964bf9d7a5796b67af3997708e6873, awsAccessKeyId=dlfknslnfslf, while invoking $Proxy83.submitRequest over nodeId=null,nodeAddress=om:9862 after 11 failover attempts. Trying to failover immediately.
datanode_1  | 2019-11-08 16:52:49,727 INFO server.RaftServerConfigKeys: raft.server.storage.dir = [/data/metadata/ratis] (custom)
datanode_2  | 2019-11-08 16:52:49,709 INFO storage.RaftStorageDirectory: The storage directory /data/metadata/ratis/ebc46f4a-2a10-4693-bec1-b243e07ce022 does not exist. Creating ...
kdc_1       | Authenticating as principal admin/admin with keytab /tmp/admin.keytab.
scm_1       | 2019-11-08 16:52:47,636 INFO node.SCMNodeManager: Registered Data node : 94dd74cb-07d6-45f5-b6f3-a357d9f4ce4c{ip: 172.19.0.9, host: ozonesecure_datanode_2.ozonesecure_default, networkLocation: /default-rack, certSerialId: 13578753532566798}
datanode_3  | 2019-11-08 16:52:49,725 INFO server.RaftServerConfigKeys: raft.server.log.appender.install.snapshot.enabled = false (custom)
om_1        | 2019-11-08 16:52:47,889 INFO server.KerberosAuthenticationHandler: Using keytab /etc/security/keytabs/HTTP.keytab, for principal HTTP/om@EXAMPLE.COM
s3g_1       | 2019-11-08 17:00:07,988 WARN ipc.Client: Exception encountered while connecting to the server : org.apache.hadoop.ipc.RemoteException(org.apache.hadoop.security.token.SecretManager$InvalidToken): No S3 secret found for S3 identifier:OzoneToken owner=dlfknslnfslf, renewer=, realUser=, issueDate=0, maxDate=0, sequenceNumber=0, masterKeyId=0, strToSign=AWS4-HMAC-SHA256
datanode_1  | 2019-11-08 16:52:49,732 INFO server.RaftServerConfigKeys: raft.server.log.corruption.policy = EXCEPTION (default)
datanode_2  | 2019-11-08 16:52:49,732 INFO storage.RaftStorageDirectory: Lock on /data/metadata/ratis/ebc46f4a-2a10-4693-bec1-b243e07ce022/in_use.lock acquired by nodename 7@01d6bf9bdd81
kdc_1       | WARNING: no policy specified for scm/scm@EXAMPLE.COM; defaulting to no policy
datanode_3  | 2019-11-08 16:52:49,725 INFO impl.RaftServerImpl: b48da1da-2d7b-43f0-bf11-7d0a088ac877@group-B243E07CE022: ConfigurationManager, init=-1: [b48da1da-2d7b-43f0-bf11-7d0a088ac877:172.19.0.8:9858, 94dd74cb-07d6-45f5-b6f3-a357d9f4ce4c:172.19.0.9:9858, fb0f2bfd-ab0d-4409-be2f-ea7a4488f78f:172.19.0.7:9858], old=null, confs=<EMPTY_MAP>
scm_1       | 2019-11-08 16:52:47,641 INFO safemode.SCMSafeModeManager: SCM in safe mode. 1 DataNodes registered, 1 required.
om_1        | 2019-11-08 16:52:47,892 INFO handler.ContextHandler: Started o.e.j.s.ServletContextHandler@799f916e{/logs,file:///var/log/hadoop/,AVAILABLE}
s3g_1       | 20191108T170007Z
datanode_1  | 2019-11-08 16:52:49,732 INFO storage.RaftStorageDirectory: The storage directory /data/metadata/ratis/ebc46f4a-2a10-4693-bec1-b243e07ce022 does not exist. Creating ...
datanode_2  | 2019-11-08 16:52:49,755 INFO storage.RaftStorage: Storage directory /data/metadata/ratis/ebc46f4a-2a10-4693-bec1-b243e07ce022 has been successfully formatted.
kdc_1       | Principal "scm/scm@EXAMPLE.COM" created.
datanode_3  | 2019-11-08 16:52:49,726 INFO server.RaftServerConfigKeys: raft.server.storage.dir = [/data/metadata/ratis] (custom)
scm_1       | 2019-11-08 16:52:47,641 INFO safemode.SCMSafeModeManager: ScmSafeModeManager, all rules are successfully validated
om_1        | 2019-11-08 16:52:47,893 INFO handler.ContextHandler: Started o.e.j.s.ServletContextHandler@11c713b7{/static,jar:file:/opt/hadoop/share/ozone/lib/hadoop-ozone-ozone-manager-0.5.0-SNAPSHOT.jar!/webapps/static,AVAILABLE}
s3g_1       | 20191108/us-west-1/s3/aws4_request
datanode_1  | 2019-11-08 16:52:49,755 INFO storage.RaftStorageDirectory: Lock on /data/metadata/ratis/ebc46f4a-2a10-4693-bec1-b243e07ce022/in_use.lock acquired by nodename 7@f1b34bdf89d8
datanode_2  | 2019-11-08 16:52:49,755 INFO ratis.ContainerStateMachine: group-B243E07CE022: The snapshot info is null. Setting the last applied indexto:(t:0, i:~)
kdc_1       | Authenticating as principal admin/admin with keytab /tmp/admin.keytab.
datanode_3  | 2019-11-08 16:52:49,732 INFO server.RaftServerConfigKeys: raft.server.log.corruption.policy = EXCEPTION (default)
scm_1       | 2019-11-08 16:52:47,642 INFO safemode.SCMSafeModeManager: SCM exiting safe mode.
om_1        | 2019-11-08 16:52:47,980 INFO server.KerberosAuthenticationHandler: Using keytab /etc/security/keytabs/HTTP.keytab, for principal HTTP/om@EXAMPLE.COM
s3g_1       | a2cb48bfe60a1adb1bb78e008d2053ca882562332e87c47bf3f199322037e16c, signature=bcf855a9b1e91bdee22b8e0b424963d5ce964bf9d7a5796b67af3997708e6873, awsAccessKeyId=dlfknslnfslf
datanode_1  | 2019-11-08 16:52:49,770 INFO storage.RaftStorage: Storage directory /data/metadata/ratis/ebc46f4a-2a10-4693-bec1-b243e07ce022 has been successfully formatted.
datanode_2  | 2019-11-08 16:52:49,756 INFO server.RaftServerConfigKeys: raft.server.notification.no-leader.timeout = 120s (custom)
kdc_1       | Entry for principal scm/scm@EXAMPLE.COM with kvno 2, encryption type aes256-cts-hmac-sha1-96 added to keytab WRFILE:/data/scm.scm.keytab.
datanode_3  | 2019-11-08 16:52:49,732 INFO storage.RaftStorageDirectory: The storage directory /data/metadata/ratis/ebc46f4a-2a10-4693-bec1-b243e07ce022 does not exist. Creating ...
scm_1       | 2019-11-08 16:52:47,643 INFO net.NetworkTopology: Added a new node: /default-rack/b48da1da-2d7b-43f0-bf11-7d0a088ac877
om_1        | 2019-11-08 16:52:47,985 INFO handler.ContextHandler: Started o.e.j.w.WebAppContext@7f73ce28{/,file:///tmp/jetty-0.0.0.0-9874-ozoneManager-_-any-6650509707840132449.dir/webapp/,AVAILABLE}{/ozoneManager}
s3g_1       | 2019-11-08 17:00:07,989 INFO retry.RetryInvocationHandler: com.google.protobuf.ServiceException: org.apache.hadoop.ipc.RemoteException(org.apache.hadoop.security.token.SecretManager$InvalidToken): No S3 secret found for S3 identifier:OzoneToken owner=dlfknslnfslf, renewer=, realUser=, issueDate=0, maxDate=0, sequenceNumber=0, masterKeyId=0, strToSign=AWS4-HMAC-SHA256
datanode_1  | 2019-11-08 16:52:49,771 INFO ratis.ContainerStateMachine: group-B243E07CE022: The snapshot info is null. Setting the last applied indexto:(t:0, i:~)
datanode_2  | 2019-11-08 16:52:49,756 INFO server.RaftServerConfigKeys: raft.server.log.use.memory = false (default)
kdc_1       | Entry for principal scm/scm@EXAMPLE.COM with kvno 2, encryption type aes128-cts-hmac-sha1-96 added to keytab WRFILE:/data/scm.scm.keytab.
datanode_3  | 2019-11-08 16:52:49,755 INFO storage.RaftStorageDirectory: Lock on /data/metadata/ratis/ebc46f4a-2a10-4693-bec1-b243e07ce022/in_use.lock acquired by nodename 7@fcf5da9991db
scm_1       | 2019-11-08 16:52:47,644 INFO node.SCMNodeManager: Registered Data node : b48da1da-2d7b-43f0-bf11-7d0a088ac877{ip: 172.19.0.8, host: ozonesecure_datanode_3.ozonesecure_default, networkLocation: /default-rack, certSerialId: 13578753498413409}
om_1        | 2019-11-08 16:52:47,990 INFO server.AbstractConnector: Started ServerConnector@2ed9f6f8{HTTP/1.1,[http/1.1]}{0.0.0.0:9874}
s3g_1       | 20191108T170007Z
datanode_1  | 2019-11-08 16:52:49,771 INFO server.RaftServerConfigKeys: raft.server.notification.no-leader.timeout = 120s (custom)
datanode_2  | 2019-11-08 16:52:49,756 INFO server.RaftServerConfigKeys: raft.server.log.purge.gap = 1000000 (custom)
datanode_3  | 2019-11-08 16:52:49,770 INFO storage.RaftStorage: Storage directory /data/metadata/ratis/ebc46f4a-2a10-4693-bec1-b243e07ce022 has been successfully formatted.
kdc_1       | Generiting keytab
scm_1       | 2019-11-08 16:52:47,659 INFO net.NetworkTopology: Added a new node: /default-rack/fb0f2bfd-ab0d-4409-be2f-ea7a4488f78f
om_1        | 2019-11-08 16:52:47,990 INFO server.Server: Started @4381ms
s3g_1       | 20191108/us-west-1/s3/aws4_request
datanode_1  | 2019-11-08 16:52:49,771 INFO server.RaftServerConfigKeys: raft.server.log.use.memory = false (default)
datanode_2  | 2019-11-08 16:52:49,756 INFO server.RaftServerConfigKeys: raft.server.log.appender.buffer.byte-limit = 33554432 (custom)
kdc_1       | Authenticating as principal admin/admin with keytab /tmp/admin.keytab.
datanode_3  | 2019-11-08 16:52:49,771 INFO ratis.ContainerStateMachine: group-B243E07CE022: The snapshot info is null. Setting the last applied indexto:(t:0, i:~)
scm_1       | 2019-11-08 16:52:47,659 INFO node.SCMNodeManager: Registered Data node : fb0f2bfd-ab0d-4409-be2f-ea7a4488f78f{ip: 172.19.0.7, host: ozonesecure_datanode_1.ozonesecure_default, networkLocation: /default-rack, certSerialId: 13578753498343180}
om_1        | 2019-11-08 16:52:48,028 INFO impl.MetricsSinkAdapter: Sink prometheus started
datanode_1  | 2019-11-08 16:52:49,771 INFO server.RaftServerConfigKeys: raft.server.log.purge.gap = 1000000 (custom)
s3g_1       | a2cb48bfe60a1adb1bb78e008d2053ca882562332e87c47bf3f199322037e16c, signature=bcf855a9b1e91bdee22b8e0b424963d5ce964bf9d7a5796b67af3997708e6873, awsAccessKeyId=dlfknslnfslf, while invoking $Proxy83.submitRequest over nodeId=null,nodeAddress=om:9862 after 12 failover attempts. Trying to failover immediately.
datanode_2  | 2019-11-08 16:52:49,756 INFO server.RaftServerConfigKeys: raft.server.log.segment.size.max = 1048576 (custom)
datanode_3  | 2019-11-08 16:52:49,771 INFO server.RaftServerConfigKeys: raft.server.notification.no-leader.timeout = 120s (custom)
scm_1       | 2019-11-08 16:52:48,728 INFO pipeline.PipelineStateManager: Created pipeline Pipeline[ Id: b0a36e0d-ab51-414b-b48f-a14a2467ff54, Nodes: 94dd74cb-07d6-45f5-b6f3-a357d9f4ce4c{ip: 172.19.0.9, host: ozonesecure_datanode_2.ozonesecure_default, networkLocation: /default-rack, certSerialId: null}, Type:RATIS, Factor:ONE, State:OPEN]
kdc_1       | WARNING: no policy specified for om/fcf5da9991db@EXAMPLE.COM; defaulting to no policy
om_1        | 2019-11-08 16:52:48,029 INFO impl.MetricsSystemImpl: Registered sink prometheus
datanode_1  | 2019-11-08 16:52:49,772 INFO server.RaftServerConfigKeys: raft.server.log.appender.buffer.byte-limit = 33554432 (custom)
s3g_1       | 2019-11-08 17:00:07,994 WARN ipc.Client: Exception encountered while connecting to the server : org.apache.hadoop.ipc.RemoteException(org.apache.hadoop.security.token.SecretManager$InvalidToken): No S3 secret found for S3 identifier:OzoneToken owner=dlfknslnfslf, renewer=, realUser=, issueDate=0, maxDate=0, sequenceNumber=0, masterKeyId=0, strToSign=AWS4-HMAC-SHA256
datanode_2  | 2019-11-08 16:52:49,756 INFO server.RaftServerConfigKeys: raft.server.log.segment.cache.num.max = 2 (custom)
scm_1       | 2019-11-08 16:52:49,181 INFO pipeline.PipelineStateManager: Created pipeline Pipeline[ Id: 83002229-0aae-496a-8db0-e55ec10b9fb1, Nodes: fb0f2bfd-ab0d-4409-be2f-ea7a4488f78f{ip: 172.19.0.7, host: ozonesecure_datanode_1.ozonesecure_default, networkLocation: /default-rack, certSerialId: null}, Type:RATIS, Factor:ONE, State:OPEN]
datanode_3  | 2019-11-08 16:52:49,771 INFO server.RaftServerConfigKeys: raft.server.log.use.memory = false (default)
kdc_1       | Principal "om/fcf5da9991db@EXAMPLE.COM" created.
om_1        | 2019-11-08 16:52:48,032 INFO server.BaseHttpServer: HTTP server of OZONEMANAGER is listening at http://0.0.0.0:9874
s3g_1       | 20191108T170007Z
datanode_1  | 2019-11-08 16:52:49,772 INFO server.RaftServerConfigKeys: raft.server.log.segment.size.max = 1048576 (custom)
datanode_2  | 2019-11-08 16:52:49,756 INFO segmented.SegmentedRaftLogWorker: new 94dd74cb-07d6-45f5-b6f3-a357d9f4ce4c@group-B243E07CE022-SegmentedRaftLogWorker for RaftStorage:Storage Directory /data/metadata/ratis/ebc46f4a-2a10-4693-bec1-b243e07ce022
datanode_3  | 2019-11-08 16:52:49,771 INFO server.RaftServerConfigKeys: raft.server.log.purge.gap = 1000000 (custom)
kdc_1       | Authenticating as principal admin/admin with keytab /tmp/admin.keytab.
om_1        | 2019-11-08 16:53:04,497 INFO ipc.Server: Auth successful for HTTP/scm@EXAMPLE.COM (auth:KERBEROS)
scm_1       | 2019-11-08 16:52:49,667 INFO pipeline.PipelineStateManager: Created pipeline Pipeline[ Id: ab134c09-2090-4f4d-9bc1-3c476903ab92, Nodes: b48da1da-2d7b-43f0-bf11-7d0a088ac877{ip: 172.19.0.8, host: ozonesecure_datanode_3.ozonesecure_default, networkLocation: /default-rack, certSerialId: null}, Type:RATIS, Factor:ONE, State:OPEN]
s3g_1       | 20191108/us-west-1/s3/aws4_request
datanode_1  | 2019-11-08 16:52:49,772 INFO server.RaftServerConfigKeys: raft.server.log.segment.cache.num.max = 2 (custom)
datanode_2  | 2019-11-08 16:52:49,756 INFO server.RaftServerConfigKeys: raft.server.log.queue.byte-limit = 2147483647 (custom)
datanode_3  | 2019-11-08 16:52:49,772 INFO server.RaftServerConfigKeys: raft.server.log.appender.buffer.byte-limit = 33554432 (custom)
kdc_1       | Entry for principal om/fcf5da9991db@EXAMPLE.COM with kvno 2, encryption type aes256-cts-hmac-sha1-96 added to keytab WRFILE:/data/om.fcf5da9991db.keytab.
om_1        | 2019-11-08 16:53:04,512 INFO authorize.ServiceAuthorizationManager: Authorization successful for HTTP/scm@EXAMPLE.COM (auth:KERBEROS) for protocol=interface org.apache.hadoop.ozone.om.protocol.OzoneManagerProtocol
s3g_1       | a2cb48bfe60a1adb1bb78e008d2053ca882562332e87c47bf3f199322037e16c, signature=bcf855a9b1e91bdee22b8e0b424963d5ce964bf9d7a5796b67af3997708e6873, awsAccessKeyId=dlfknslnfslf
datanode_1  | 2019-11-08 16:52:49,772 INFO segmented.SegmentedRaftLogWorker: new fb0f2bfd-ab0d-4409-be2f-ea7a4488f78f@group-B243E07CE022-SegmentedRaftLogWorker for RaftStorage:Storage Directory /data/metadata/ratis/ebc46f4a-2a10-4693-bec1-b243e07ce022
scm_1       | 2019-11-08 16:52:49,787 INFO pipeline.PipelineStateManager: Created pipeline Pipeline[ Id: ebc46f4a-2a10-4693-bec1-b243e07ce022, Nodes: fb0f2bfd-ab0d-4409-be2f-ea7a4488f78f{ip: 172.19.0.7, host: ozonesecure_datanode_1.ozonesecure_default, networkLocation: /default-rack, certSerialId: null}94dd74cb-07d6-45f5-b6f3-a357d9f4ce4c{ip: 172.19.0.9, host: ozonesecure_datanode_2.ozonesecure_default, networkLocation: /default-rack, certSerialId: null}b48da1da-2d7b-43f0-bf11-7d0a088ac877{ip: 172.19.0.8, host: ozonesecure_datanode_3.ozonesecure_default, networkLocation: /default-rack, certSerialId: null}, Type:RATIS, Factor:THREE, State:OPEN]
datanode_2  | 2019-11-08 16:52:49,756 INFO server.RaftServerConfigKeys: raft.server.log.queue.element-limit = 1024 (custom)
datanode_3  | 2019-11-08 16:52:49,772 INFO server.RaftServerConfigKeys: raft.server.log.segment.size.max = 1048576 (custom)
kdc_1       | Entry for principal om/fcf5da9991db@EXAMPLE.COM with kvno 2, encryption type aes128-cts-hmac-sha1-96 added to keytab WRFILE:/data/om.fcf5da9991db.keytab.
om_1        | 2019-11-08 16:53:05,842 INFO volume.OMVolumeCreateRequest: created volume:vol-0-89045 for user:HTTP/scm@EXAMPLE.COM
s3g_1       | 2019-11-08 17:00:07,996 INFO retry.RetryInvocationHandler: com.google.protobuf.ServiceException: org.apache.hadoop.ipc.RemoteException(org.apache.hadoop.security.token.SecretManager$InvalidToken): No S3 secret found for S3 identifier:OzoneToken owner=dlfknslnfslf, renewer=, realUser=, issueDate=0, maxDate=0, sequenceNumber=0, masterKeyId=0, strToSign=AWS4-HMAC-SHA256
datanode_1  | 2019-11-08 16:52:49,772 INFO server.RaftServerConfigKeys: raft.server.log.queue.byte-limit = 2147483647 (custom)
datanode_2  | 2019-11-08 16:52:49,757 INFO server.RaftServerConfigKeys: raft.server.log.segment.size.max = 1048576 (custom)
datanode_3  | 2019-11-08 16:52:49,772 INFO server.RaftServerConfigKeys: raft.server.log.segment.cache.num.max = 2 (custom)
kdc_1       | Generiting keytab
scm_1       | 2019-11-08 16:53:04,848 INFO ipc.Server: Auth successful for om/om@EXAMPLE.COM (auth:KERBEROS)
om_1        | 2019-11-08 16:53:05,910 INFO volume.OMVolumeCreateRequest: created volume:vol-1-90984 for user:HTTP/scm@EXAMPLE.COM
s3g_1       | 20191108T170007Z
datanode_1  | 2019-11-08 16:52:49,772 INFO server.RaftServerConfigKeys: raft.server.log.queue.element-limit = 1024 (custom)
datanode_2  | 2019-11-08 16:52:49,757 INFO server.RaftServerConfigKeys: raft.server.log.preallocated.size = 16384 (custom)
datanode_3  | 2019-11-08 16:52:49,772 INFO segmented.SegmentedRaftLogWorker: new b48da1da-2d7b-43f0-bf11-7d0a088ac877@group-B243E07CE022-SegmentedRaftLogWorker for RaftStorage:Storage Directory /data/metadata/ratis/ebc46f4a-2a10-4693-bec1-b243e07ce022
kdc_1       | Authenticating as principal admin/admin with keytab /tmp/admin.keytab.
scm_1       | 2019-11-08 16:53:04,853 INFO authorize.ServiceAuthorizationManager: Authorization successful for om/om@EXAMPLE.COM (auth:KERBEROS) for protocol=interface org.apache.hadoop.hdds.scm.protocol.StorageContainerLocationProtocol
s3g_1       | 20191108/us-west-1/s3/aws4_request
om_1        | 2019-11-08 16:53:05,944 INFO volume.OMVolumeCreateRequest: created volume:vol-2-67513 for user:HTTP/scm@EXAMPLE.COM
datanode_1  | 2019-11-08 16:52:49,772 INFO server.RaftServerConfigKeys: raft.server.log.segment.size.max = 1048576 (custom)
datanode_2  | 2019-11-08 16:52:49,757 INFO server.RaftServerConfigKeys: raft.server.log.write.buffer.size = 33554432 (custom)
datanode_3  | 2019-11-08 16:52:49,772 INFO server.RaftServerConfigKeys: raft.server.log.queue.byte-limit = 2147483647 (custom)
kdc_1       | WARNING: no policy specified for dn/01d6bf9bdd81@EXAMPLE.COM; defaulting to no policy
scm_1       | 2019-11-08 16:53:06,941 INFO ipc.Server: Auth successful for om/om@EXAMPLE.COM (auth:KERBEROS)
s3g_1       | a2cb48bfe60a1adb1bb78e008d2053ca882562332e87c47bf3f199322037e16c, signature=bcf855a9b1e91bdee22b8e0b424963d5ce964bf9d7a5796b67af3997708e6873, awsAccessKeyId=dlfknslnfslf, while invoking $Proxy83.submitRequest over nodeId=null,nodeAddress=om:9862 after 13 failover attempts. Trying to failover immediately.
om_1        | 2019-11-08 16:53:05,975 INFO volume.OMVolumeCreateRequest: created volume:vol-3-32601 for user:HTTP/scm@EXAMPLE.COM
datanode_1  | 2019-11-08 16:52:49,773 INFO server.RaftServerConfigKeys: raft.server.log.preallocated.size = 16384 (custom)
datanode_2  | 2019-11-08 16:52:49,757 INFO server.RaftServerConfigKeys: raft.server.log.force.sync.num = 128 (default)
datanode_3  | 2019-11-08 16:52:49,773 INFO server.RaftServerConfigKeys: raft.server.log.queue.element-limit = 1024 (custom)
kdc_1       | Principal "dn/01d6bf9bdd81@EXAMPLE.COM" created.
scm_1       | 2019-11-08 16:53:06,946 INFO authorize.ServiceAuthorizationManager: Authorization successful for om/om@EXAMPLE.COM (auth:KERBEROS) for protocol=interface org.apache.hadoop.hdds.scm.protocol.ScmBlockLocationProtocol
s3g_1       | 2019-11-08 17:00:08,000 WARN ipc.Client: Exception encountered while connecting to the server : org.apache.hadoop.ipc.RemoteException(org.apache.hadoop.security.token.SecretManager$InvalidToken): No S3 secret found for S3 identifier:OzoneToken owner=dlfknslnfslf, renewer=, realUser=, issueDate=0, maxDate=0, sequenceNumber=0, masterKeyId=0, strToSign=AWS4-HMAC-SHA256
om_1        | 2019-11-08 16:53:05,995 INFO volume.OMVolumeCreateRequest: created volume:vol-4-02716 for user:HTTP/scm@EXAMPLE.COM
datanode_1  | 2019-11-08 16:52:49,773 INFO server.RaftServerConfigKeys: raft.server.log.write.buffer.size = 33554432 (custom)
datanode_2  | 2019-11-08 16:52:49,757 INFO server.RaftServerConfigKeys: raft.server.log.statemachine.data.sync = true (default)
datanode_3  | 2019-11-08 16:52:49,773 INFO server.RaftServerConfigKeys: raft.server.log.segment.size.max = 1048576 (custom)
kdc_1       | Authenticating as principal admin/admin with keytab /tmp/admin.keytab.
scm_1       | 2019-11-08 16:53:08,440 INFO ipc.Server: Auth successful for dn/01d6bf9bdd81@EXAMPLE.COM (auth:KERBEROS)
s3g_1       | 20191108T170007Z
om_1        | 2019-11-08 16:53:33,193 INFO ipc.Server: Auth successful for testuser/scm@EXAMPLE.COM (auth:KERBEROS)
datanode_1  | 2019-11-08 16:52:49,773 INFO server.RaftServerConfigKeys: raft.server.log.force.sync.num = 128 (default)
datanode_2  | 2019-11-08 16:52:49,757 INFO server.RaftServerConfigKeys: raft.server.log.statemachine.data.sync.timeout = 10s (default)
datanode_3  | 2019-11-08 16:52:49,773 INFO server.RaftServerConfigKeys: raft.server.log.preallocated.size = 16384 (custom)
kdc_1       | Entry for principal dn/01d6bf9bdd81@EXAMPLE.COM with kvno 2, encryption type aes256-cts-hmac-sha1-96 added to keytab WRFILE:/data/dn.01d6bf9bdd81.keytab.
scm_1       | 2019-11-08 16:53:08,444 INFO authorize.ServiceAuthorizationManager: Authorization successful for dn/01d6bf9bdd81@EXAMPLE.COM (auth:KERBEROS) for protocol=interface org.apache.hadoop.hdds.protocol.SCMSecurityProtocol
s3g_1       | 20191108/us-west-1/s3/aws4_request
om_1        | 2019-11-08 16:53:33,205 INFO authorize.ServiceAuthorizationManager: Authorization successful for testuser/scm@EXAMPLE.COM (auth:KERBEROS) for protocol=interface org.apache.hadoop.ozone.om.protocol.OzoneManagerProtocol
datanode_1  | 2019-11-08 16:52:49,773 INFO server.RaftServerConfigKeys: raft.server.log.statemachine.data.sync = true (default)
datanode_3  | 2019-11-08 16:52:49,773 INFO server.RaftServerConfigKeys: raft.server.log.write.buffer.size = 33554432 (custom)
datanode_2  | 2019-11-08 16:52:49,757 INFO server.RaftServerConfigKeys: raft.server.log.statemachine.data.sync.timeout.retry = -1 (default)
kdc_1       | Entry for principal dn/01d6bf9bdd81@EXAMPLE.COM with kvno 2, encryption type aes128-cts-hmac-sha1-96 added to keytab WRFILE:/data/dn.01d6bf9bdd81.keytab.
scm_1       | 2019-11-08 16:53:08,461 INFO ipc.Server: Auth successful for dn/fcf5da9991db@EXAMPLE.COM (auth:KERBEROS)
om_1        | 2019-11-08 16:53:35,745 INFO ipc.Server: Auth successful for testuser/scm@EXAMPLE.COM (auth:KERBEROS)
s3g_1       | a2cb48bfe60a1adb1bb78e008d2053ca882562332e87c47bf3f199322037e16c, signature=bcf855a9b1e91bdee22b8e0b424963d5ce964bf9d7a5796b67af3997708e6873, awsAccessKeyId=dlfknslnfslf
datanode_1  | 2019-11-08 16:52:49,773 INFO server.RaftServerConfigKeys: raft.server.log.statemachine.data.sync.timeout = 10s (default)
datanode_3  | 2019-11-08 16:52:49,773 INFO server.RaftServerConfigKeys: raft.server.log.force.sync.num = 128 (default)
datanode_2  | 2019-11-08 16:52:49,757 INFO server.RaftServerConfigKeys: raft.server.log.statemachine.data.caching.enabled = true (custom)
kdc_1       | Generiting keytab
scm_1       | 2019-11-08 16:53:08,465 INFO authorize.ServiceAuthorizationManager: Authorization successful for dn/fcf5da9991db@EXAMPLE.COM (auth:KERBEROS) for protocol=interface org.apache.hadoop.hdds.protocol.SCMSecurityProtocol
om_1        | 2019-11-08 16:53:35,757 INFO authorize.ServiceAuthorizationManager: Authorization successful for testuser/scm@EXAMPLE.COM (auth:KERBEROS) for protocol=interface org.apache.hadoop.ozone.om.protocol.OzoneManagerProtocol
s3g_1       | 2019-11-08 17:00:08,001 INFO retry.RetryInvocationHandler: com.google.protobuf.ServiceException: org.apache.hadoop.ipc.RemoteException(org.apache.hadoop.security.token.SecretManager$InvalidToken): No S3 secret found for S3 identifier:OzoneToken owner=dlfknslnfslf, renewer=, realUser=, issueDate=0, maxDate=0, sequenceNumber=0, masterKeyId=0, strToSign=AWS4-HMAC-SHA256
datanode_1  | 2019-11-08 16:52:49,773 INFO server.RaftServerConfigKeys: raft.server.log.statemachine.data.sync.timeout.retry = -1 (default)
datanode_3  | 2019-11-08 16:52:49,773 INFO server.RaftServerConfigKeys: raft.server.log.statemachine.data.sync = true (default)
datanode_2  | 2019-11-08 16:52:49,758 INFO segmented.SegmentedRaftLogWorker: 94dd74cb-07d6-45f5-b6f3-a357d9f4ce4c@group-B243E07CE022-SegmentedRaftLogWorker: flushIndex: setUnconditionally 0 -> -1
kdc_1       | Authenticating as principal admin/admin with keytab /tmp/admin.keytab.
scm_1       | 2019-11-08 16:53:08,472 INFO ipc.Server: Auth successful for dn/f1b34bdf89d8@EXAMPLE.COM (auth:KERBEROS)
om_1        | 2019-11-08 16:53:36,479 INFO volume.OMVolumeCreateRequest: created volume:35329-rpcwoport for user:testuser/scm@EXAMPLE.COM
s3g_1       | 20191108T170007Z
datanode_1  | 2019-11-08 16:52:49,773 INFO server.RaftServerConfigKeys: raft.server.log.statemachine.data.caching.enabled = true (custom)
datanode_3  | 2019-11-08 16:52:49,774 INFO server.RaftServerConfigKeys: raft.server.log.statemachine.data.sync.timeout = 10s (default)
kdc_1       | WARNING: no policy specified for om/s3g@EXAMPLE.COM; defaulting to no policy
scm_1       | 2019-11-08 16:53:08,476 INFO authorize.ServiceAuthorizationManager: Authorization successful for dn/f1b34bdf89d8@EXAMPLE.COM (auth:KERBEROS) for protocol=interface org.apache.hadoop.hdds.protocol.SCMSecurityProtocol
om_1        | 2019-11-08 16:53:38,585 INFO ipc.Server: Auth successful for testuser/scm@EXAMPLE.COM (auth:KERBEROS)
s3g_1       | 20191108/us-west-1/s3/aws4_request
datanode_1  | 2019-11-08 16:52:49,774 INFO segmented.SegmentedRaftLogWorker: fb0f2bfd-ab0d-4409-be2f-ea7a4488f78f@group-B243E07CE022-SegmentedRaftLogWorker: flushIndex: setUnconditionally 0 -> -1
datanode_3  | 2019-11-08 16:52:49,774 INFO server.RaftServerConfigKeys: raft.server.log.statemachine.data.sync.timeout.retry = -1 (default)
datanode_2  | 2019-11-08 16:52:49,758 INFO server.RaftServerConfigKeys: raft.server.snapshot.auto.trigger.enabled = true (custom)
kdc_1       | Principal "om/s3g@EXAMPLE.COM" created.
scm_1       | 2019-11-08 16:53:08,843 INFO ipc.Server: Auth successful for dn/01d6bf9bdd81@EXAMPLE.COM (auth:KERBEROS)
om_1        | 2019-11-08 16:53:38,598 INFO authorize.ServiceAuthorizationManager: Authorization successful for testuser/scm@EXAMPLE.COM (auth:KERBEROS) for protocol=interface org.apache.hadoop.ozone.om.protocol.OzoneManagerProtocol
s3g_1       | a2cb48bfe60a1adb1bb78e008d2053ca882562332e87c47bf3f199322037e16c, signature=bcf855a9b1e91bdee22b8e0b424963d5ce964bf9d7a5796b67af3997708e6873, awsAccessKeyId=dlfknslnfslf, while invoking $Proxy83.submitRequest over nodeId=null,nodeAddress=om:9862 after 14 failover attempts. Trying to failover immediately.
datanode_1  | 2019-11-08 16:52:49,774 INFO server.RaftServerConfigKeys: raft.server.snapshot.auto.trigger.enabled = true (custom)
datanode_3  | 2019-11-08 16:52:49,774 INFO server.RaftServerConfigKeys: raft.server.log.statemachine.data.caching.enabled = true (custom)
datanode_2  | 2019-11-08 16:52:49,759 INFO server.RaftServerConfigKeys: raft.server.snapshot.auto.trigger.threshold = 10000 (custom)
scm_1       | 2019-11-08 16:53:08,844 INFO ipc.Server: Auth successful for dn/f1b34bdf89d8@EXAMPLE.COM (auth:KERBEROS)
kdc_1       | Authenticating as principal admin/admin with keytab /tmp/admin.keytab.
om_1        | 2019-11-08 16:53:41,478 INFO ipc.Server: Auth successful for testuser/scm@EXAMPLE.COM (auth:KERBEROS)
s3g_1       | 2019-11-08 17:00:08,005 WARN ipc.Client: Exception encountered while connecting to the server : org.apache.hadoop.ipc.RemoteException(org.apache.hadoop.security.token.SecretManager$InvalidToken): No S3 secret found for S3 identifier:OzoneToken owner=dlfknslnfslf, renewer=, realUser=, issueDate=0, maxDate=0, sequenceNumber=0, masterKeyId=0, strToSign=AWS4-HMAC-SHA256
datanode_1  | 2019-11-08 16:52:49,774 INFO server.RaftServerConfigKeys: raft.server.snapshot.auto.trigger.threshold = 10000 (custom)
datanode_3  | 2019-11-08 16:52:49,774 INFO segmented.SegmentedRaftLogWorker: b48da1da-2d7b-43f0-bf11-7d0a088ac877@group-B243E07CE022-SegmentedRaftLogWorker: flushIndex: setUnconditionally 0 -> -1
datanode_2  | 2019-11-08 16:52:49,759 INFO server.RaftServerConfigKeys: raft.server.snapshot.retention.file.num = 5 (custom)
scm_1       | 2019-11-08 16:53:08,847 INFO authorize.ServiceAuthorizationManager: Authorization successful for dn/f1b34bdf89d8@EXAMPLE.COM (auth:KERBEROS) for protocol=interface org.apache.hadoop.ozone.protocol.StorageContainerDatanodeProtocol
kdc_1       | Entry for principal om/s3g@EXAMPLE.COM with kvno 2, encryption type aes256-cts-hmac-sha1-96 added to keytab WRFILE:/data/om.s3g.keytab.
om_1        | 2019-11-08 16:53:41,492 INFO authorize.ServiceAuthorizationManager: Authorization successful for testuser/scm@EXAMPLE.COM (auth:KERBEROS) for protocol=interface org.apache.hadoop.ozone.om.protocol.OzoneManagerProtocol
s3g_1       | 20191108T170007Z
datanode_1  | 2019-11-08 16:52:49,775 INFO server.RaftServerConfigKeys: raft.server.snapshot.retention.file.num = 5 (custom)
datanode_3  | 2019-11-08 16:52:49,775 INFO server.RaftServerConfigKeys: raft.server.snapshot.auto.trigger.enabled = true (custom)
datanode_2  | 2019-11-08 16:52:49,759 INFO server.RaftServerConfigKeys: raft.server.retrycache.expirytime = 600000ms (custom)
scm_1       | 2019-11-08 16:53:08,848 INFO authorize.ServiceAuthorizationManager: Authorization successful for dn/01d6bf9bdd81@EXAMPLE.COM (auth:KERBEROS) for protocol=interface org.apache.hadoop.ozone.protocol.StorageContainerDatanodeProtocol
kdc_1       | Entry for principal om/s3g@EXAMPLE.COM with kvno 2, encryption type aes128-cts-hmac-sha1-96 added to keytab WRFILE:/data/om.s3g.keytab.
s3g_1       | 20191108/us-west-1/s3/aws4_request
om_1        | 2019-11-08 16:53:44,281 INFO ipc.Server: Auth successful for testuser/scm@EXAMPLE.COM (auth:KERBEROS)
datanode_3  | 2019-11-08 16:52:49,775 INFO server.RaftServerConfigKeys: raft.server.snapshot.auto.trigger.threshold = 10000 (custom)
datanode_1  | 2019-11-08 16:52:49,775 INFO server.RaftServerConfigKeys: raft.server.retrycache.expirytime = 600000ms (custom)
datanode_2  | 2019-11-08 16:52:49,759 WARN impl.MetricRegistriesImpl: First MetricRegistry has been created without registering reporters. You may need to call MetricRegistries.global().addReportRegistration(...) before.
scm_1       | 2019-11-08 16:53:08,855 INFO ipc.Server: Auth successful for dn/fcf5da9991db@EXAMPLE.COM (auth:KERBEROS)
kdc_1       | Generiting keytab
s3g_1       | a2cb48bfe60a1adb1bb78e008d2053ca882562332e87c47bf3f199322037e16c, signature=bcf855a9b1e91bdee22b8e0b424963d5ce964bf9d7a5796b67af3997708e6873, awsAccessKeyId=dlfknslnfslf
om_1        | 2019-11-08 16:53:44,294 INFO authorize.ServiceAuthorizationManager: Authorization successful for testuser/scm@EXAMPLE.COM (auth:KERBEROS) for protocol=interface org.apache.hadoop.ozone.om.protocol.OzoneManagerProtocol
datanode_3  | 2019-11-08 16:52:49,775 INFO server.RaftServerConfigKeys: raft.server.snapshot.retention.file.num = 5 (custom)
datanode_1  | 2019-11-08 16:52:49,775 WARN impl.MetricRegistriesImpl: First MetricRegistry has been created without registering reporters. You may need to call MetricRegistries.global().addReportRegistration(...) before.
datanode_2  | 2019-11-08 16:52:49,759 WARN impl.MetricRegistriesImpl: First MetricRegistry has been created without registering reporters. You may need to call MetricRegistries.global().addReportRegistration(...) before.
kdc_1       | Authenticating as principal admin/admin with keytab /tmp/admin.keytab.
scm_1       | 2019-11-08 16:53:08,858 INFO authorize.ServiceAuthorizationManager: Authorization successful for dn/fcf5da9991db@EXAMPLE.COM (auth:KERBEROS) for protocol=interface org.apache.hadoop.ozone.protocol.StorageContainerDatanodeProtocol
om_1        | 2019-11-08 16:53:47,039 INFO ipc.Server: Auth successful for testuser/scm@EXAMPLE.COM (auth:KERBEROS)
s3g_1       | 2019-11-08 17:00:08,006 INFO retry.RetryInvocationHandler: com.google.protobuf.ServiceException: org.apache.hadoop.ipc.RemoteException(org.apache.hadoop.security.token.SecretManager$InvalidToken): No S3 secret found for S3 identifier:OzoneToken owner=dlfknslnfslf, renewer=, realUser=, issueDate=0, maxDate=0, sequenceNumber=0, masterKeyId=0, strToSign=AWS4-HMAC-SHA256
datanode_3  | 2019-11-08 16:52:49,776 INFO server.RaftServerConfigKeys: raft.server.retrycache.expirytime = 600000ms (custom)
datanode_1  | 2019-11-08 16:52:49,775 WARN impl.MetricRegistriesImpl: First MetricRegistry has been created without registering reporters. You may need to call MetricRegistries.global().addReportRegistration(...) before.
datanode_2  | 2019-11-08 16:52:49,760 INFO impl.RaftServerImpl: 94dd74cb-07d6-45f5-b6f3-a357d9f4ce4c@group-B243E07CE022: start as a follower, conf=-1: [b48da1da-2d7b-43f0-bf11-7d0a088ac877:172.19.0.8:9858, 94dd74cb-07d6-45f5-b6f3-a357d9f4ce4c:172.19.0.9:9858, fb0f2bfd-ab0d-4409-be2f-ea7a4488f78f:172.19.0.7:9858], old=null
kdc_1       | WARNING: no policy specified for HTTP/scm@EXAMPLE.COM; defaulting to no policy
scm_1       | 2019-11-08 16:53:33,229 INFO ipc.Server: Auth successful for om/om@EXAMPLE.COM (auth:KERBEROS)
om_1        | 2019-11-08 16:53:47,052 INFO authorize.ServiceAuthorizationManager: Authorization successful for testuser/scm@EXAMPLE.COM (auth:KERBEROS) for protocol=interface org.apache.hadoop.ozone.om.protocol.OzoneManagerProtocol
s3g_1       | 20191108T170007Z
datanode_3  | 2019-11-08 16:52:49,776 WARN impl.MetricRegistriesImpl: First MetricRegistry has been created without registering reporters. You may need to call MetricRegistries.global().addReportRegistration(...) before.
datanode_1  | 2019-11-08 16:52:49,776 INFO impl.RaftServerImpl: fb0f2bfd-ab0d-4409-be2f-ea7a4488f78f@group-B243E07CE022: start as a follower, conf=-1: [b48da1da-2d7b-43f0-bf11-7d0a088ac877:172.19.0.8:9858, 94dd74cb-07d6-45f5-b6f3-a357d9f4ce4c:172.19.0.9:9858, fb0f2bfd-ab0d-4409-be2f-ea7a4488f78f:172.19.0.7:9858], old=null
datanode_2  | 2019-11-08 16:52:49,760 INFO impl.RaftServerImpl: 94dd74cb-07d6-45f5-b6f3-a357d9f4ce4c@group-B243E07CE022: changes role from      null to FOLLOWER at term 0 for startAsFollower
kdc_1       | Principal "HTTP/scm@EXAMPLE.COM" created.
scm_1       | 2019-11-08 16:53:33,231 INFO authorize.ServiceAuthorizationManager: Authorization successful for om/om@EXAMPLE.COM (auth:KERBEROS) for protocol=interface org.apache.hadoop.hdds.scm.protocol.StorageContainerLocationProtocol
om_1        | 2019-11-08 16:53:49,856 INFO ipc.Server: Auth successful for testuser/scm@EXAMPLE.COM (auth:KERBEROS)
s3g_1       | 20191108/us-west-1/s3/aws4_request
datanode_1  | 2019-11-08 16:52:49,776 INFO impl.RaftServerImpl: fb0f2bfd-ab0d-4409-be2f-ea7a4488f78f@group-B243E07CE022: changes role from      null to FOLLOWER at term 0 for startAsFollower
datanode_3  | 2019-11-08 16:52:49,776 WARN impl.MetricRegistriesImpl: First MetricRegistry has been created without registering reporters. You may need to call MetricRegistries.global().addReportRegistration(...) before.
datanode_2  | 2019-11-08 16:52:49,760 INFO impl.RoleInfo: 94dd74cb-07d6-45f5-b6f3-a357d9f4ce4c: start FollowerState
kdc_1       | Authenticating as principal admin/admin with keytab /tmp/admin.keytab.
scm_1       | 2019-11-08 16:53:39,485 INFO ipc.Server: Auth successful for dn/f1b34bdf89d8@EXAMPLE.COM (auth:KERBEROS)
om_1        | 2019-11-08 16:53:49,868 INFO authorize.ServiceAuthorizationManager: Authorization successful for testuser/scm@EXAMPLE.COM (auth:KERBEROS) for protocol=interface org.apache.hadoop.ozone.om.protocol.OzoneManagerProtocol
s3g_1       | a2cb48bfe60a1adb1bb78e008d2053ca882562332e87c47bf3f199322037e16c, signature=bcf855a9b1e91bdee22b8e0b424963d5ce964bf9d7a5796b67af3997708e6873, awsAccessKeyId=dlfknslnfslf, while invoking $Proxy83.submitRequest over nodeId=null,nodeAddress=om:9862 after 15 failover attempts. Trying to failover immediately.
datanode_1  | 2019-11-08 16:52:49,776 INFO impl.RoleInfo: fb0f2bfd-ab0d-4409-be2f-ea7a4488f78f: start FollowerState
datanode_3  | 2019-11-08 16:52:49,776 INFO impl.RaftServerImpl: b48da1da-2d7b-43f0-bf11-7d0a088ac877@group-B243E07CE022: start as a follower, conf=-1: [b48da1da-2d7b-43f0-bf11-7d0a088ac877:172.19.0.8:9858, 94dd74cb-07d6-45f5-b6f3-a357d9f4ce4c:172.19.0.9:9858, fb0f2bfd-ab0d-4409-be2f-ea7a4488f78f:172.19.0.7:9858], old=null
datanode_2  | 2019-11-08 16:52:49,761 INFO util.JmxRegister: Successfully registered JMX Bean with object name Ratis:service=RaftServer,group=group-B243E07CE022,id=94dd74cb-07d6-45f5-b6f3-a357d9f4ce4c
kdc_1       | Entry for principal HTTP/scm@EXAMPLE.COM with kvno 2, encryption type aes256-cts-hmac-sha1-96 added to keytab WRFILE:/data/HTTP.scm.keytab.
scm_1       | 2019-11-08 16:53:39,485 INFO ipc.Server: Auth successful for dn/fcf5da9991db@EXAMPLE.COM (auth:KERBEROS)
om_1        | 2019-11-08 16:53:52,462 INFO ipc.Server: Auth successful for testuser/scm@EXAMPLE.COM (auth:KERBEROS)
s3g_1       | 2019-11-08 17:00:08,011 WARN ipc.Client: Exception encountered while connecting to the server : org.apache.hadoop.ipc.RemoteException(org.apache.hadoop.security.token.SecretManager$InvalidToken): No S3 secret found for S3 identifier:OzoneToken owner=dlfknslnfslf, renewer=, realUser=, issueDate=0, maxDate=0, sequenceNumber=0, masterKeyId=0, strToSign=AWS4-HMAC-SHA256
datanode_1  | 2019-11-08 16:52:49,777 INFO util.JmxRegister: Successfully registered JMX Bean with object name Ratis:service=RaftServer,group=group-B243E07CE022,id=fb0f2bfd-ab0d-4409-be2f-ea7a4488f78f
datanode_3  | 2019-11-08 16:52:49,776 INFO impl.RaftServerImpl: b48da1da-2d7b-43f0-bf11-7d0a088ac877@group-B243E07CE022: changes role from      null to FOLLOWER at term 0 for startAsFollower
datanode_2  | 2019-11-08 16:52:49,761 WARN impl.MetricRegistriesImpl: First MetricRegistry has been created without registering reporters. You may need to call MetricRegistries.global().addReportRegistration(...) before.
kdc_1       | Entry for principal HTTP/scm@EXAMPLE.COM with kvno 2, encryption type aes128-cts-hmac-sha1-96 added to keytab WRFILE:/data/HTTP.scm.keytab.
scm_1       | 2019-11-08 16:53:39,486 INFO ipc.Server: Auth successful for dn/01d6bf9bdd81@EXAMPLE.COM (auth:KERBEROS)
