s3g_1       | 2019-11-14 21:03:07,110 INFO retry.RetryInvocationHandler: com.google.protobuf.ServiceException: org.apache.hadoop.ipc.RemoteException(org.apache.hadoop.security.token.SecretManager$InvalidToken): No S3 secret found for S3 identifier:OzoneToken owner=dlfknslnfslf, renewer=, realUser=, issueDate=0, maxDate=0, sequenceNumber=0, masterKeyId=0, strToSign=AWS4-HMAC-SHA256
om_1        | 2019-11-14 20:53:13,550 INFO ipc.Server: Auth successful for testuser/scm@EXAMPLE.COM (auth:KERBEROS)
scm_1       | 2019-11-14 20:52:18,372 INFO authorize.ServiceAuthorizationManager: Authorization successful for dn/f1bdbefb9660@EXAMPLE.COM (auth:KERBEROS) for protocol=interface org.apache.hadoop.ozone.protocol.StorageContainerDatanodeProtocol
datanode_2  | 2019-11-14 20:52:04,466 INFO segmented.SegmentedRaftLogWorker: 1403b5e4-acde-4775-985c-d39ddac0a0a9@group-557880F399DD-SegmentedRaftLogWorker: Starting segment from index:0
datanode_3  | 2019-11-14 20:51:59,532 WARN impl.MetricRegistriesImpl: First MetricRegistry has been created without registering reporters. You may need to call MetricRegistries.global().addReportRegistration(...) before.
datanode_1  | 2019-11-14 20:51:59,548 INFO impl.RaftServerImpl: 797739be-4331-48d1-bcfd-85406fdc897b@group-C4D1E2485FE3: start as a follower, conf=-1: [1403b5e4-acde-4775-985c-d39ddac0a0a9:172.19.0.10:9858, 12b08bc9-e169-459b-9b48-eff3f310f119:172.19.0.8:9858, 797739be-4331-48d1-bcfd-85406fdc897b:172.19.0.7:9858], old=null
s3g_1       | 20191114T210306Z
om_1        | 2019-11-14 20:53:13,566 INFO authorize.ServiceAuthorizationManager: Authorization successful for testuser/scm@EXAMPLE.COM (auth:KERBEROS) for protocol=interface org.apache.hadoop.ozone.om.protocol.OzoneManagerProtocol
scm_1       | 2019-11-14 20:52:48,221 INFO ipc.Server: Auth successful for om/om@EXAMPLE.COM (auth:KERBEROS)
datanode_2  | 2019-11-14 20:52:04,476 INFO impl.RaftServerImpl: 1403b5e4-acde-4775-985c-d39ddac0a0a9@group-557880F399DD: set configuration 0: [1403b5e4-acde-4775-985c-d39ddac0a0a9:172.19.0.10:9858], old=null at 0
kdc_1       | Nov 14 20:51:39 kdc krb5kdc[9](info): AS_REQ (8 etypes {18 17 20 19 16 23 25 26}) 127.0.0.1: ISSUE: authtime 1573764699, etypes {rep=18 tkt=18 ses=18}, admin/admin@EXAMPLE.COM for kadmin/admin@EXAMPLE.COM
datanode_3  | 2019-11-14 20:52:03,336 INFO impl.FollowerState: 12b08bc9-e169-459b-9b48-eff3f310f119@group-094529858FCE-FollowerState: change to CANDIDATE, lastRpcTime:5084ms, electionTimeout:5083ms
datanode_1  | 2019-11-14 20:51:59,548 INFO impl.RaftServerImpl: 797739be-4331-48d1-bcfd-85406fdc897b@group-C4D1E2485FE3: changes role from      null to FOLLOWER at term 0 for startAsFollower
s3g_1       | 20191114/us-west-1/s3/aws4_request
om_1        | 2019-11-14 20:53:18,448 INFO ipc.Server: Auth successful for testuser/scm@EXAMPLE.COM (auth:KERBEROS)
scm_1       | 2019-11-14 20:52:48,225 INFO authorize.ServiceAuthorizationManager: Authorization successful for om/om@EXAMPLE.COM (auth:KERBEROS) for protocol=interface org.apache.hadoop.hdds.scm.protocol.StorageContainerLocationProtocol
datanode_2  | 2019-11-14 20:52:04,608 INFO impl.FollowerState: 1403b5e4-acde-4775-985c-d39ddac0a0a9@group-C4D1E2485FE3-FollowerState: change to CANDIDATE, lastRpcTime:5108ms, electionTimeout:5108ms
kdc_1       | Nov 14 20:51:39 kdc krb5kdc[9](info): AS_REQ (8 etypes {18 17 20 19 16 23 25 26}) 127.0.0.1: SERVER_NOT_FOUND: admin/admin@EXAMPLE.COM for kadmin/localhost@EXAMPLE.COM, Server not found in Kerberos database
datanode_3  | 2019-11-14 20:52:03,337 INFO impl.RoleInfo: 12b08bc9-e169-459b-9b48-eff3f310f119: shutdown FollowerState
datanode_1  | 2019-11-14 20:51:59,548 INFO impl.RoleInfo: 797739be-4331-48d1-bcfd-85406fdc897b: start FollowerState
s3g_1       | 1028d25b763bc4d14c699f4038efa8751ffe16efc65b10f974338b45370225bd, signature=3d12273ab7fc98f8ac8e5cfd909d065f88643b07b569f7313dbab582da31b96c, awsAccessKeyId=dlfknslnfslf, while invoking $Proxy83.submitRequest over nodeId=null,nodeAddress=om:9862 after 15 failover attempts. Trying to failover immediately.
om_1        | 2019-11-14 20:53:18,465 INFO authorize.ServiceAuthorizationManager: Authorization successful for testuser/scm@EXAMPLE.COM (auth:KERBEROS) for protocol=interface org.apache.hadoop.ozone.om.protocol.OzoneManagerProtocol
scm_1       | 2019-11-14 20:52:49,288 INFO ipc.Server: Auth successful for dn/d94c96f179bb@EXAMPLE.COM (auth:KERBEROS)
datanode_2  | 2019-11-14 20:52:04,609 INFO impl.RoleInfo: 1403b5e4-acde-4775-985c-d39ddac0a0a9: shutdown FollowerState
kdc_1       | Nov 14 20:51:39 kdc krb5kdc[9](info): AS_REQ (8 etypes {18 17 20 19 16 23 25 26}) 127.0.0.1: ISSUE: authtime 1573764699, etypes {rep=18 tkt=18 ses=18}, admin/admin@EXAMPLE.COM for kadmin/admin@EXAMPLE.COM
datanode_3  | 2019-11-14 20:52:03,338 INFO impl.RaftServerImpl: 12b08bc9-e169-459b-9b48-eff3f310f119@group-094529858FCE: changes role from  FOLLOWER to CANDIDATE at term 0 for changeToCandidate
datanode_1  | 2019-11-14 20:51:59,549 INFO util.JmxRegister: Successfully registered JMX Bean with object name Ratis:service=RaftServer,group=group-C4D1E2485FE3,id=797739be-4331-48d1-bcfd-85406fdc897b
s3g_1       | 2019-11-14 21:03:07,115 WARN ipc.Client: Exception encountered while connecting to the server : org.apache.hadoop.ipc.RemoteException(org.apache.hadoop.security.token.SecretManager$InvalidToken): No S3 secret found for S3 identifier:OzoneToken owner=dlfknslnfslf, renewer=, realUser=, issueDate=0, maxDate=0, sequenceNumber=0, masterKeyId=0, strToSign=AWS4-HMAC-SHA256
om_1        | 2019-11-14 20:53:22,852 INFO ipc.Server: Auth successful for testuser/scm@EXAMPLE.COM (auth:KERBEROS)
scm_1       | 2019-11-14 20:52:49,289 INFO ipc.Server: Auth successful for dn/f1bdbefb9660@EXAMPLE.COM (auth:KERBEROS)
datanode_2  | 2019-11-14 20:52:04,609 INFO impl.RaftServerImpl: 1403b5e4-acde-4775-985c-d39ddac0a0a9@group-C4D1E2485FE3: changes role from  FOLLOWER to CANDIDATE at term 0 for changeToCandidate
kdc_1       | Nov 14 20:51:39 kdc krb5kdc[9](info): AS_REQ (8 etypes {18 17 20 19 16 23 25 26}) 127.0.0.1: SERVER_NOT_FOUND: admin/admin@EXAMPLE.COM for kadmin/localhost@EXAMPLE.COM, Server not found in Kerberos database
datanode_3  | 2019-11-14 20:52:03,342 INFO impl.RoleInfo: 12b08bc9-e169-459b-9b48-eff3f310f119: start LeaderElection
datanode_1  | 2019-11-14 20:51:59,549 WARN impl.MetricRegistriesImpl: First MetricRegistry has been created without registering reporters. You may need to call MetricRegistries.global().addReportRegistration(...) before.
s3g_1       | 20191114T210306Z
om_1        | 2019-11-14 20:53:22,867 INFO authorize.ServiceAuthorizationManager: Authorization successful for testuser/scm@EXAMPLE.COM (auth:KERBEROS) for protocol=interface org.apache.hadoop.ozone.om.protocol.OzoneManagerProtocol
scm_1       | 2019-11-14 20:52:49,294 INFO authorize.ServiceAuthorizationManager: Authorization successful for dn/d94c96f179bb@EXAMPLE.COM (auth:KERBEROS) for protocol=interface org.apache.hadoop.ozone.protocol.StorageContainerDatanodeProtocol
datanode_2  | 2019-11-14 20:52:04,609 INFO impl.RoleInfo: 1403b5e4-acde-4775-985c-d39ddac0a0a9: start LeaderElection
kdc_1       | Nov 14 20:51:39 kdc krb5kdc[9](info): AS_REQ (8 etypes {18 17 20 19 16 23 25 26}) 127.0.0.1: ISSUE: authtime 1573764699, etypes {rep=18 tkt=18 ses=18}, admin/admin@EXAMPLE.COM for kadmin/admin@admin@EXAMPLE.COM, service=kadmin/admin@EXAMPLE.COM, addr=127.0.0.1, vers=4, flavor=6
datanode_3  | 2019-11-14 20:52:03,362 INFO impl.LeaderElection: 12b08bc9-e169-459b-9b48-eff3f310f119@group-094529858FCE-LeaderElection1: begin an election at term 1 for -1: [12b08bc9-e169-459b-9b48-eff3f310f119:172.19.0.8:9858], old=null
datanode_1  | 2019-11-14 20:52:03,828 INFO impl.FollowerState: 797739be-4331-48d1-bcfd-85406fdc897b@group-D892A1568C9B-FollowerState: change to CANDIDATE, lastRpcTime:5009ms, electionTimeout:5008ms
s3g_1       | 20191114/us-west-1/s3/aws4_request
om_1        | 2019-11-14 20:53:25,806 INFO ipc.Server: Auth successful for testuser/scm@EXAMPLE.COM (auth:KERBEROS)
scm_1       | 2019-11-14 20:52:49,294 INFO authorize.ServiceAuthorizationManager: Authorization successful for dn/f1bdbefb9660@EXAMPLE.COM (auth:KERBEROS) for protocol=interface org.apache.hadoop.ozone.protocol.StorageContainerDatanodeProtocol
datanode_2  | 2019-11-14 20:52:04,618 INFO segmented.SegmentedRaftLogWorker: 1403b5e4-acde-4775-985c-d39ddac0a0a9@group-557880F399DD-SegmentedRaftLogWorker: created new log segment /data/metadata/ratis/87d9512a-fb82-43df-b44e-557880f399dd/current/log_inprogress_0
datanode_3  | 2019-11-14 20:52:03,363 INFO impl.RoleInfo: 12b08bc9-e169-459b-9b48-eff3f310f119: shutdown LeaderElection
kdc_1       | Nov 14 20:51:39 kdc kadmind[15](Notice): Request: kadm5_randkey_principal, dn/om@EXAMPLE.COM, success, client=admin/admin@EXAMPLE.COM, service=kadmin/admin@EXAMPLE.COM, addr=127.0.0.1
datanode_1  | 2019-11-14 20:52:03,829 INFO impl.RoleInfo: 797739be-4331-48d1-bcfd-85406fdc897b: shutdown FollowerState
s3g_1       | 1028d25b763bc4d14c699f4038efa8751ffe16efc65b10f974338b45370225bd, signature=3d12273ab7fc98f8ac8e5cfd909d065f88643b07b569f7313dbab582da31b96c, awsAccessKeyId=dlfknslnfslf
om_1        | 2019-11-14 20:53:25,819 INFO authorize.ServiceAuthorizationManager: Authorization successful for testuser/scm@EXAMPLE.COM (auth:KERBEROS) for protocol=interface org.apache.hadoop.ozone.om.protocol.OzoneManagerProtocol
scm_1       | 2019-11-14 20:52:49,307 INFO ipc.Server: Auth successful for dn/f48c2f40e043@EXAMPLE.COM (auth:KERBEROS)
datanode_2  | 2019-11-14 20:52:04,630 INFO impl.LeaderElection: 1403b5e4-acde-4775-985c-d39ddac0a0a9@group-C4D1E2485FE3-LeaderElection2: begin an election at term 1 for -1: [1403b5e4-acde-4775-985c-d39ddac0a0a9:172.19.0.10:9858, 12b08bc9-e169-459b-9b48-eff3f310f119:172.19.0.8:9858, 797739be-4331-48d1-bcfd-85406fdc897b:172.19.0.7:9858], old=null
datanode_3  | 2019-11-14 20:52:03,364 INFO impl.RaftServerImpl: 12b08bc9-e169-459b-9b48-eff3f310f119@group-094529858FCE: changes role from CANDIDATE to LEADER at term 1 for changeToLeader
kdc_1       | Nov 14 20:51:39 kdc kadmind[15](Notice): Request: kadm5_get_principal, dn/om@EXAMPLE.COM, success, client=admin/admin@EXAMPLE.COM, service=kadmin/admin@EXAMPLE.COM, addr=127.0.0.1
datanode_1  | 2019-11-14 20:52:03,829 INFO impl.RaftServerImpl: 797739be-4331-48d1-bcfd-85406fdc897b@group-D892A1568C9B: changes role from  FOLLOWER to CANDIDATE at term 0 for changeToCandidate
scm_1       | 2019-11-14 20:52:49,310 INFO authorize.ServiceAuthorizationManager: Authorization successful for dn/f48c2f40e043@EXAMPLE.COM (auth:KERBEROS) for protocol=interface org.apache.hadoop.ozone.protocol.StorageContainerDatanodeProtocol
datanode_2  | 2019-11-14 20:52:04,821 INFO impl.LeaderElection: 1403b5e4-acde-4775-985c-d39ddac0a0a9@group-C4D1E2485FE3-LeaderElection2: Election REJECTED; received 2 response(s) [1403b5e4-acde-4775-985c-d39ddac0a0a9<-12b08bc9-e169-459b-9b48-eff3f310f119#0:FAIL-t1, 1403b5e4-acde-4775-985c-d39ddac0a0a9<-797739be-4331-48d1-bcfd-85406fdc897b#0:FAIL-t1] and 0 exception(s); 1403b5e4-acde-4775-985c-d39ddac0a0a9@group-C4D1E2485FE3:t1, leader=null, voted=1403b5e4-acde-4775-985c-d39ddac0a0a9, raftlog=1403b5e4-acde-4775-985c-d39ddac0a0a9@group-C4D1E2485FE3-SegmentedRaftLog:OPENED:c-1,f-1,i0, conf=-1: [1403b5e4-acde-4775-985c-d39ddac0a0a9:172.19.0.10:9858, 12b08bc9-e169-459b-9b48-eff3f310f119:172.19.0.8:9858, 797739be-4331-48d1-bcfd-85406fdc897b:172.19.0.7:9858], old=null
datanode_3  | 2019-11-14 20:52:03,364 INFO ratis.XceiverServerRatis: Leader change notification received for group: group-094529858FCE with new leaderId: 12b08bc9-e169-459b-9b48-eff3f310f119
om_1        | 2019-11-14 20:53:28,605 INFO ipc.Server: Auth successful for testuser/scm@EXAMPLE.COM (auth:KERBEROS)
kdc_1       | Nov 14 20:51:39 kdc kadmind[15](info): closing down fd 18
s3g_1       | 2019-11-14 21:03:07,116 ERROR ha.OMFailoverProxyProvider: Failed to connect to OMs: [nodeId=null,nodeAddress=om:9862]. Attempted 15 failovers.
datanode_1  | 2019-11-14 20:52:03,832 INFO impl.RoleInfo: 797739be-4331-48d1-bcfd-85406fdc897b: start LeaderElection
datanode_2  | 2019-11-14 20:52:04,823 INFO impl.RaftServerImpl: 1403b5e4-acde-4775-985c-d39ddac0a0a9@group-C4D1E2485FE3: changes role from CANDIDATE to FOLLOWER at term 1 for DISCOVERED_A_NEW_TERM
scm_1       | 2019-11-14 20:53:14,367 INFO ipc.Server: Auth successful for om/om@EXAMPLE.COM (auth:KERBEROS)
datanode_3  | 2019-11-14 20:52:03,371 INFO impl.RaftServerImpl: 12b08bc9-e169-459b-9b48-eff3f310f119@group-094529858FCE: change Leader from null to 12b08bc9-e169-459b-9b48-eff3f310f119 at term 1 for becomeLeader, leader elected after 5207ms
kdc_1       | Nov 14 20:51:39 kdc kadmind[15](Notice): Request: kadm5_init, admin/admin@EXAMPLE.COM, success, client=admin/admin@EXAMPLE.COM, service=kadmin/admin@EXAMPLE.COM, addr=127.0.0.1, vers=4, flavor=6
om_1        | 2019-11-14 20:53:28,616 INFO authorize.ServiceAuthorizationManager: Authorization successful for testuser/scm@EXAMPLE.COM (auth:KERBEROS) for protocol=interface org.apache.hadoop.ozone.om.protocol.OzoneManagerProtocol
s3g_1       | 2019-11-14 21:03:07,118 ERROR client.OzoneClientFactory: Couldn't create RpcClient protocol exception: 
datanode_1  | 2019-11-14 20:52:03,855 INFO impl.LeaderElection: 797739be-4331-48d1-bcfd-85406fdc897b@group-D892A1568C9B-LeaderElection1: begin an election at term 1 for -1: [797739be-4331-48d1-bcfd-85406fdc897b:172.19.0.7:9858], old=null
datanode_2  | 2019-11-14 20:52:04,824 INFO impl.RoleInfo: 1403b5e4-acde-4775-985c-d39ddac0a0a9: shutdown LeaderElection
scm_1       | 2019-11-14 20:53:14,369 INFO authorize.ServiceAuthorizationManager: Authorization successful for om/om@EXAMPLE.COM (auth:KERBEROS) for protocol=interface org.apache.hadoop.hdds.scm.protocol.ScmBlockLocationProtocol
datanode_3  | 2019-11-14 20:52:03,376 INFO server.RaftServerConfigKeys: raft.server.staging.catchup.gap = 1000 (default)
kdc_1       | Nov 14 20:51:39 kdc kadmind[15](Notice): Request: kadm5_get_policy, default, Policy does not exist, client=admin/admin@EXAMPLE.COM, service=kadmin/admin@EXAMPLE.COM, addr=127.0.0.1
om_1        | 2019-11-14 20:53:31,648 INFO ipc.Server: Auth successful for testuser/scm@EXAMPLE.COM (auth:KERBEROS)
s3g_1       | org.apache.hadoop.ipc.RemoteException(org.apache.hadoop.security.token.SecretManager$InvalidToken): No S3 secret found for S3 identifier:OzoneToken owner=dlfknslnfslf, renewer=, realUser=, issueDate=0, maxDate=0, sequenceNumber=0, masterKeyId=0, strToSign=AWS4-HMAC-SHA256
datanode_1  | 2019-11-14 20:52:03,857 INFO impl.RoleInfo: 797739be-4331-48d1-bcfd-85406fdc897b: shutdown LeaderElection
datanode_2  | 2019-11-14 20:52:04,824 INFO impl.RoleInfo: 1403b5e4-acde-4775-985c-d39ddac0a0a9: start FollowerState
scm_1       | 2019-11-14 20:53:19,281 INFO ipc.Server: Auth successful for dn/f1bdbefb9660@EXAMPLE.COM (auth:KERBEROS)
kdc_1       | Nov 14 20:51:39 kdc kadmind[15](Notice): Request: kadm5_create_principal, om/scm@EXAMPLE.COM, success, client=admin/admin@EXAMPLE.COM, serviEXAMPLE.COM
om_1        | 2019-11-14 20:53:31,660 INFO authorize.ServiceAuthorizationManager: Authorization successful for testuser/scm@EXAMPLE.COM (auth:KERBEROS) for protocol=interface org.apache.hadoop.ozone.om.protocol.OzoneManagerProtocol
datanode_1  | 2019-11-14 20:52:03,857 INFO impl.RaftServerImpl: 797739be-4331-48d1-bcfd-85406fdc897b@group-D892A1568C9B: changes role from CANDIDATE to LEADER at term 1 for changeToLeader
s3g_1       | 20191114T210306Z
datanode_3  | 2019-11-14 20:52:03,376 INFO server.RaftServerConfigKeys: raft.server.rpc.sleep.time = 25ms (default)
datanode_2  | 2019-11-14 20:52:09,865 INFO impl.FollowerState: 1403b5e4-acde-4775-985c-d39ddac0a0a9@group-C4D1E2485FE3-FollowerState: change to CANDIDATE, lastRpcTime:5040ms, electionTimeout:5040ms
scm_1       | 2019-11-14 20:53:19,283 INFO ipc.Server: Auth successful for dn/d94c96f179bb@EXAMPLE.COM (auth:KERBEROS)
kdc_1       | Nov 14 20:51:39 kdc krb5kdc[9](info): AS_REQ (8 etypes {18 17 20 19 16 23 25 26}) 127.0.0.1: SERVER_NOT_FOUND: admin/admin@EXAMPLE.COM for kadmin/localhost@EXAMPLE.COM, Server not found in Kerberos database
datanode_1  | 2019-11-14 20:52:03,857 INFO ratis.XceiverServerRatis: Leader change notification received for group: group-D892A1568C9B with new leaderId: 797739be-4331-48d1-bcfd-85406fdc897b
om_1        | 2019-11-14 20:53:34,508 INFO ipc.Server: Auth successful for testuser/scm@EXAMPLE.COM (auth:KERBEROS)
s3g_1       | 20191114/us-west-1/s3/aws4_request
datanode_2  | 2019-11-14 20:52:09,866 INFO impl.RoleInfo: 1403b5e4-acde-4775-985c-d39ddac0a0a9: shutdown FollowerState
scm_1       | 2019-11-14 20:53:19,285 INFO authorize.ServiceAuthorizationManager: Authorization successful for dn/f1bdbefb9660@EXAMPLE.COM (auth:KERBEROS) for protocol=interface org.apache.hadoop.ozone.protocol.StorageContainerDatanodeProtocol
datanode_3  | 2019-11-14 20:52:03,380 INFO server.RaftServerConfigKeys: raft.server.write.element-limit = 4096 (default)
kdc_1       | Nov 14 20:51:39 kdc krb5kdc[9](info): AS_REQ (8 etypes {18 17 20 19 16 23 25 26}) 127.0.0.1: ISSUE: authtime 1573764699, etypes {rep=18 tkt=18 ses=18}, admin/admin@EXAMPLE.COM for kadmin/admin@EXAMPLE.COM
datanode_1  | 2019-11-14 20:52:03,865 INFO impl.RaftServerImpl: 797739be-4331-48d1-bcfd-85406fdc897b@group-D892A1568C9B: change Leader from null to 797739be-4331-48d1-bcfd-85406fdc897b at term 1 for becomeLeader, leader elected after 5121ms
om_1        | 2019-11-14 20:53:34,523 INFO authorize.ServiceAuthorizationManager: Authorization successful for testuser/scm@EXAMPLE.COM (auth:KERBEROS) for protocol=interface org.apache.hadoop.ozone.om.protocol.OzoneManagerProtocol
s3g_1       | 1028d25b763bc4d14c699f4038efa8751ffe16efc65b10f974338b45370225bd, signature=3d12273ab7fc98f8ac8e5cfd909d065f88643b07b569f7313dbab582da31b96c, awsAccessKeyId=dlfknslnfslf
datanode_2  | 2019-11-14 20:52:09,866 INFO impl.RaftServerImpl: 1403b5e4-acde-4775-985c-d39ddac0a0a9@group-C4D1E2485FE3: changes role from  FOLLOWER to CANDIDATE at term 1 for changeToCandidate
scm_1       | 2019-11-14 20:53:19,287 INFO authorize.ServiceAuthorizationManager: Authorization successful for dn/d94c96f179bb@EXAMPLE.COM (auth:KERBEROS) for protocol=interface org.apache.hadoop.ozone.protocol.StorageContainerDatanodeProtocol
datanode_3  | 2019-11-14 20:52:03,385 INFO server.RaftServerConfigKeys: raft.server.watch.timeout = 10s (default)
kdc_1       | Nov 14 20:51:40 kdc krb5kdc[9](info): AS_REQ (8 etypes {18 17 20 19 16 23 25 26}) 127.0.0.1: SERVER_NOT_FOUND: admin/admin@EXAMPLE.COM for kadmin/localhost@EXAMPLE.COM, Server not found in Kerberos database
om_1        | 2019-11-14 20:53:37,215 INFO ipc.Server: Auth successful for testuser/scm@EXAMPLE.COM (auth:KERBEROS)
datanode_1  | 2019-11-14 20:52:03,869 INFO server.RaftServerConfigKeys: raft.server.staging.catchup.gap = 1000 (default)
s3g_1       | 	at org.apache.hadoop.ipc.Client.getRpcResponse(Client.java:1511)
datanode_2  | 2019-11-14 20:52:09,866 INFO impl.RoleInfo: 1403b5e4-acde-4775-985c-d39ddac0a0a9: start LeaderElection
scm_1       | 2019-11-14 20:53:19,303 INFO ipc.Server: Auth successful for dn/f48c2f40e043@EXAMPLE.COM (auth:KERBEROS)
om_1        | 2019-11-14 20:53:37,229 INFO authorize.ServiceAuthorizationManager: Authorization successful for testuser/scm@EXAMPLE.COM (auth:KERBEROS) for protocol=interface org.apache.hadoop.ozone.om.protocol.OzoneManagerProtocol
kdc_1       | Nov 14 20:51:40 kdc krb5kdc[9](info): AS_REQ (8 etypes {18 17 20 19 16 23 25 26}) 127.0.0.1: ISSUE: authtime 1573764700, etypes {rep=18 tkt=18 ses=18}, admin/admin@EXAMPLE.COM for kadmin/admin@EXAMPLE.COM
datanode_3  | 2019-11-14 20:52:03,385 INFO server.RaftServerConfigKeys: raft.server.watch.timeout.denomination = 1s (default)
datanode_1  | 2019-11-14 20:52:03,869 INFO server.RaftServerConfigKeys: raft.server.rpc.sleep.time = 25ms (default)
s3g_1       | 	at org.apache.hadoop.ipc.Client.call(Client.java:1457)
datanode_2  | 2019-11-14 20:52:09,892 INFO impl.LeaderElection: 1403b5e4-acde-4775-985c-d39ddac0a0a9@group-C4D1E2485FE3-LeaderElection3: begin an election at term 2 for -1: [1403b5e4-acde-4775-985c-d39ddac0a0a9:172.19.0.10:9858, 12b08bc9-e169-459b-9b48-eff3f310f119:172.19.0.8:9858, 797739be-4331-48d1-bcfd-85406fdc897b:172.19.0.7:9858], old=null
scm_1       | 2019-11-14 20:53:19,310 INFO authorize.ServiceAuthorizationManager: Authorization successful for dn/f48c2f40e043@EXAMPLE.COM (auth:KERBEROS) for protocol=interface org.apache.hadoop.ozone.protocol.StorageContainerDatanodeProtocol
om_1        | 2019-11-14 20:53:39,949 INFO ipc.Server: Auth successful for testuser/scm@EXAMPLE.COM (auth:KERBEROS)
datanode_3  | 2019-11-14 20:52:03,386 INFO server.RaftServerConfigKeys: raft.server.watch.element-limit = 65536 (default)
om_1        | 2019-11-14 20:53:39,968 INFO authorize.ServiceAuthorizationManager: Authorization successful for testuser/scm@EXAMPLE.COM (auth:KERBEROS) for protocol=interface org.apache.hadoop.ozone.om.protocol.OzoneManagerProtocol
kdc_1       | Nov 14 20:51:40 kdc krb5kdc[9](info): AS_REQ (8 etypes {18 17 20 19 16 23 25 26}) 127.0.0.1: SERVER_NOT_FOUND: admin/admin@EXAMPLE.COM for kadmin/localhost@EXAMPLE.COM, Server not found ince=kadmin/admin@EXAMPLE.COM, addr=127.0.0.1
datanode_1  | 2019-11-14 20:52:03,872 INFO server.RaftServerConfigKeys: raft.server.write.element-limit = 4096 (default)
s3g_1       | 	at org.apache.hadoop.ipc.Client.call(Client.java:1367)
datanode_2  | 2019-11-14 20:52:09,940 INFO impl.LeaderElection: 1403b5e4-acde-4775-985c-d39ddac0a0a9@group-C4D1E2485FE3-LeaderElection3: Election PASSED; received 1 response(s) [1403b5e4-acde-4775-985c-d39ddac0a0a9<-797739be-4331-48d1-bcfd-85406fdc897b#0:OK-t2] and 0 exception(s); 1403b5e4-acde-4775-985c-d39ddac0a0a9@group-C4D1E2485FE3:t2, leader=null, voted=1403b5e4-acde-4775-985c-d39ddac0a0a9, raftlog=1403b5e4-acde-4775-985c-d39ddac0a0a9@group-C4D1E2485FE3-SegmentedRaftLog:OPENED:c-1,f-1,i0, conf=-1: [1403b5e4-acde-4775-985c-d39ddac0a0a9:172.19.0.10:9858, 12b08bc9-e169-459b-9b48-eff3f310f119:172.19.0.8:9858, 797739be-4331-48d1-bcfd-85406fdc897b:172.19.0.7:9858], old=null
scm_1       | 2019-11-14 20:53:49,280 INFO ipc.Server: Auth successful for dn/f1bdbefb9660@EXAMPLE.COM (auth:KERBEROS)
datanode_3  | 2019-11-14 20:52:03,394 INFO impl.RoleInfo: 12b08bc9-e169-459b-9b48-eff3f310f119: start LeaderState
om_1        | 2019-11-14 20:53:42,867 INFO ipc.Server: Auth successful for testuser/scm@EXAMPLE.COM (auth:KERBEROS)
datanode_1  | 2019-11-14 20:52:03,876 INFO server.RaftServerConfigKeys: raft.server.watch.timeout = 10s (default)
s3g_1       | 	at org.apache.hadoop.ipc.ProtobufRpcEngine$Invoker.invoke(ProtobufRpcEngine.java:228)
kdc_1       | Nov 14 20:51:39 kdc kadmind[15](info): closing down fd 18
scm_1       | 2019-11-14 20:53:49,281 INFO ipc.Server: Auth successful for dn/d94c96f179bb@EXAMPLE.COM (auth:KERBEROS)
datanode_2  | 2019-11-14 20:52:09,940 INFO impl.RoleInfo: 1403b5e4-acde-4775-985c-d39ddac0a0a9: shutdown LeaderElection
datanode_3  | 2019-11-14 20:52:03,414 INFO segmented.SegmentedRaftLogWorker: 12b08bc9-e169-459b-9b48-eff3f310f119@group-094529858FCE-SegmentedRaftLogWorker: Starting segment from index:0
om_1        | 2019-11-14 20:53:42,881 INFO authorize.ServiceAuthorizationManager: Authorization successful for testuser/scm@EXAMPLE.COM (auth:KERBEROS) for protocol=interface org.apache.hadoop.ozone.om.protocol.OzoneManagerProtocol
datanode_1  | 2019-11-14 20:52:03,876 INFO server.RaftServerConfigKeys: raft.server.watch.timeout.denomination = 1s (default)
kdc_1       | Nov 14 20:51:39 kdc kadmind[15](Notice): Request: kadm5_init, admin/admin@EXAMPLE.COM, success, client=admin/admin@EXAMPLE.COM, service=kadmin/admin@EXAMPLE.COM, addr=127.0.0.1, vers=4, flavor=6
scm_1       | 2019-11-14 20:53:49,284 INFO authorize.ServiceAuthorizationManager: Authorization successful for dn/d94c96f179bb@EXAMPLE.COM (auth:KERBEROS) for protocol=interface org.apache.hadoop.ozone.protocol.StorageContainerDatanodeProtocol
datanode_2  | 2019-11-14 20:52:09,941 INFO impl.RaftServerImpl: 1403b5e4-acde-4775-985c-d39ddac0a0a9@group-C4D1E2485FE3: changes role from CANDIDATE to LEADER at term 2 for changeToLeader
s3g_1       | 	at org.apache.hadoop.ipc.ProtobufRpcEngine$Invoker.invoke(ProtobufRpcEngine.java:116)
datanode_3  | 2019-11-14 20:52:03,426 INFO impl.RaftServerImpl: 12b08bc9-e169-459b-9b48-eff3f310f119@group-094529858FCE: set configuration 0: [12b08bc9-e169-459b-9b48-eff3f310f119:172.19.0.8:9858], old=null at 0
om_1        | 2019-11-14 20:53:43,540 INFO volume.OMVolumeCreateRequest: created volume:92843-rpcwoport2 for user:testuser/scm@EXAMPLE.COM
kdc_1       | Nov 14 20:51:39 kdc kadmind[15](Notice): Request: kadm5_randkey_principal, om/scm@EXAMPLE.COM, success, client=admin/admin@EXAMPLE.COM, service=kadmin/admin@EXAMPLE.COM, addr=127.0.0.1
datanode_2  | 2019-11-14 20:52:09,941 INFO ratis.XceiverServerRatis: Leader change notification received for group: group-C4D1E2485FE3 with new leaderId: 1403b5e4-acde-4775-985c-d39ddac0a0a9
datanode_3  | 2019-11-14 20:52:03,563 INFO segmented.SegmentedRaftLogWorker: 12b08bc9-e169-459b-9b48-eff3f310f119@group-094529858FCE-SegmentedRaftLogWorker: created new log segment /data/metadata/ratis/4b3662c6-e190-427b-b50c-094529858fce/current/log_inprogress_0
s3g_1       | 	at com.sun.proxy.$Proxy83.submitRequest(Unknown Source)
scm_1       | 2019-11-14 20:53:49,284 INFO authorize.ServiceAuthorizationManager: Authorization successful for dn/f1bdbefb9660@EXAMPLE.COM (auth:KERBEROS) for protocol=interface org.apache.hadoop.ozone.protocol.StorageContainerDatanodeProtocol
datanode_1  | 2019-11-14 20:52:03,876 INFO server.RaftServerConfigKeys: raft.server.watch.element-limit = 65536 (default)
om_1        | 2019-11-14 20:53:45,598 INFO ipc.Server: Auth successful for testuser/scm@EXAMPLE.COM (auth:KERBEROS)
kdc_1       | Nov 14 20:51:39 kdc kadmind[15](Notice): Request: kadm5_get_principal, om/scm@EXAMPLE.COM, success, client=admin/admin@EXAMPLE.COM, service=kadmin/admin@EXAMPLE.COM, addr=127.0.0.1
datanode_2  | 2019-11-14 20:52:09,941 INFO impl.RaftServerImpl: 1403b5e4-acde-4775-985c-d39ddac0a0a9@group-C4D1E2485FE3: change Leader from null to 1403b5e4-acde-4775-985c-d39ddac0a0a9 at term 2 for becomeLeader, leader elected after 10446ms
datanode_3  | 2019-11-14 20:52:04,672 INFO impl.FollowerState: 12b08bc9-e169-459b-9b48-eff3f310f119@group-C4D1E2485FE3-FollowerState: change to CANDIDATE, lastRpcTime:5140ms, electionTimeout:5140ms
s3g_1       | 	at jdk.internal.reflect.GeneratedMethodAccessor4.invoke(Unknown Source)
scm_1       | 2019-11-14 20:53:49,308 INFO ipc.Server: Auth successful for dn/f48c2f40e043@EXAMPLE.COM (auth:KERBEROS)
datanode_1  | 2019-11-14 20:52:03,882 INFO impl.RoleInfo: 797739be-4331-48d1-bcfd-85406fdc897b: start LeaderState
om_1        | 2019-11-14 20:53:45,611 INFO authorize.ServiceAuthorizationManager: Authorization successful for testuser/scm@EXAMPLE.COM (auth:KERBEROS) for protocol=interface org.apache.hadoop.ozone.om.protocol.OzoneManagerProtocol
kdc_1       | Nov 14 20:51:40 kdc kadmind[15](info): closing down fd 18
datanode_2  | 2019-11-14 20:52:09,941 INFO server.RaftServerConfigKeys: raft.server.staging.catchup.gap = 1000 (default)
s3g_1       | 	at java.base/jdk.internal.reflect.DelegatingMethodAccessorImpl.invoke(DelegatingMethodAccessorImpl.java:43)
datanode_3  | 2019-11-14 20:52:04,673 INFO impl.RoleInfo: 12b08bc9-e169-459b-9b48-eff3f310f119: shutdown FollowerState
scm_1       | 2019-11-14 20:53:49,311 INFO authorize.ServiceAuthorizationManager: Authorization successful for dn/f48c2f40e043@EXAMPLE.COM (auth:KERBEROS) for protocol=interface org.apache.hadoop.ozone.protocol.StorageContainerDatanodeProtocol
datanode_1  | 2019-11-14 20:52:03,897 INFO segmented.SegmentedRaftLogWorker: 797739be-4331-48d1-bcfd-85406fdc897b@group-D892A1568C9B-SegmentedRaftLogWorker: Starting segment from index:0
om_1        | 2019-11-14 20:53:48,359 INFO ipc.Server: Auth successful for testuser/scm@EXAMPLE.COM (auth:KERBEROS)
kdc_1       | Nov 14 20:51:40 kdc kadmind[15](Notice): Request: kadm5_init, admin/admin@EXAMPLE.COM, success, client=admin/admin@EXAMPLE.COM, service=kadmin/admin@EXAMPLE.COM, addr=127.0.0.1, vers=4, flavor=6
datanode_2  | 2019-11-14 20:52:09,941 INFO server.RaftServerConfigKeys: raft.server.rpc.sleep.time = 25ms (default)
s3g_1       | 	at java.base/java.lang.reflect.Method.invoke(Method.java:566)
datanode_3  | 2019-11-14 20:52:04,673 INFO impl.RaftServerImpl: 12b08bc9-e169-459b-9b48-eff3f310f119@group-C4D1E2485FE3: changes role from  FOLLOWER to CANDIDATE at term 0 for changeToCandidate
scm_1       | 2019-11-14 20:53:57,084 INFO ipc.Server: Auth successful for om/om@EXAMPLE.COM (auth:KERBEROS)
datanode_1  | 2019-11-14 20:52:03,906 INFO impl.RaftServerImpl: 797739be-4331-48d1-bcfd-85406fdc897b@group-D892A1568C9B: set configuration 0: [797739be-4331-48d1-bcfd-85406fdc897b:172.19.0.7:9858], old=null at 0
kdc_1       | Nov 14 20:51:40 kdc kadmind[15](Notice): Request: kadm5_get_policy, default, Policy does not exist, client=a Kerberos database
om_1        | 2019-11-14 20:53:48,372 INFO authorize.ServiceAuthorizationManager: Authorization successful for testuser/scm@EXAMPLE.COM (auth:KERBEROS) for protocol=interface org.apache.hadoop.ozone.om.protocol.OzoneManagerProtocol
datanode_2  | 2019-11-14 20:52:09,942 INFO server.RaftServerConfigKeys: raft.server.write.element-limit = 4096 (default)
s3g_1       | 	at org.apache.hadoop.io.retry.RetryInvocationHandler.invokeMethod(RetryInvocationHandler.java:422)
datanode_3  | 2019-11-14 20:52:04,673 INFO impl.RoleInfo: 12b08bc9-e169-459b-9b48-eff3f310f119: start LeaderElection
scm_1       | 2019-11-14 20:53:57,094 INFO authorize.ServiceAuthorizationManager: Authorization successful for om/om@EXAMPLE.COM (auth:KERBEROS) for protocol=interface org.apache.hadoop.hdds.scm.protocol.ScmBlockLocationProtocol
datanode_1  | 2019-11-14 20:52:04,047 INFO segmented.SegmentedRaftLogWorker: 797739be-4331-48d1-bcfd-85406fdc897b@group-D892A1568C9B-SegmentedRaftLogWorker: created new log segment /data/metadata/ratis/801d046e-3079-4f1b-bcee-d892a1568c9b/current/log_inprogress_0
kdc_1       | Nov 14 20:51:40 kdc krb5kdc[9](info): AS_REQ (8 etypes {18 17 20 19 16 23 25 26}) 127.0.0.1: ISSUE: authtime 1573764700, etypes {rep=18 tkt=18 ses=18}, admin/admin@EXAMPLE.COM for kadmin/admin@EXAMPLE.COM
om_1        | 2019-11-14 20:53:51,169 INFO ipc.Server: Auth successful for testuser/scm@EXAMPLE.COM (auth:KERBEROS)
datanode_2  | 2019-11-14 20:52:09,942 INFO server.RaftServerConfigKeys: raft.server.watch.timeout = 10s (default)
s3g_1       | 	at org.apache.hadoop.io.retry.RetryInvocationHandler$Call.invokeMethod(RetryInvocationHandler.java:165)
scm_1       | 2019-11-14 20:53:57,107 INFO server.SCMBlockProtocolServer: SCM is informed by OM to delete 1 blocks
datanode_1  | 2019-11-14 20:52:04,664 INFO impl.FollowerState: 797739be-4331-48d1-bcfd-85406fdc897b@group-C4D1E2485FE3-FollowerState: change to CANDIDATE, lastRpcTime:5115ms, electionTimeout:5115ms
datanode_3  | 2019-11-14 20:52:04,680 INFO impl.LeaderElection: 12b08bc9-e169-459b-9b48-eff3f310f119@group-C4D1E2485FE3-LeaderElection2: begin an election at term 1 for -1: [1403b5e4-acde-4775-985c-d39ddac0a0a9:172.19.0.10:9858, 12b08bc9-e169-459b-9b48-eff3f310f119:172.19.0.8:9858, 797739be-4331-48d1-bcfd-85406fdc897b:172.19.0.7:9858], old=null
kdc_1       | Nov 14 20:51:40 kdc krb5kdc[9](info): AS_REQ (8 etypes {18 17 20 19 16 23 25 26}) 127.0.0.1: SERVER_NOT_FOUND: admin/admin@EXAMPLE.COM for kadmin/localhost@EXAMPLE.COM, Server not found in Kerberos database
om_1        | 2019-11-14 20:53:51,180 INFO authorize.ServiceAuthorizationManager: Authorization successful for testuser/scm@EXAMPLE.COM (auth:KERBEROS) for protocol=interface org.apache.hadoop.ozone.om.protocol.OzoneManagerProtocol
datanode_2  | 2019-11-14 20:52:09,942 INFO server.RaftServerConfigKeys: raft.server.watch.timeout.denomination = 1s (default)
s3g_1       | 	at org.apache.hadoop.io.retry.RetryInvocationHandler$Call.invoke(RetryInvocationHandler.java:157)
scm_1       | 2019-11-14 20:53:57,108 INFO block.BlockManagerImpl: Deleting blocks conID: 3 locID: 103138249563897981 bcsId: 0
datanode_1  | 2019-11-14 20:52:04,665 INFO impl.RoleInfo: 797739be-4331-48d1-bcfd-85406fdc897b: shutdown FollowerState
datanode_3  | 2019-11-14 20:52:04,869 INFO impl.LeaderElection: 12b08bc9-e169-459b-9b48-eff3f310f119@group-C4D1E2485FE3-LeaderElection2: Election REJECTED; received 2 response(s) [12b08bc9-e169-459b-9b48-eff3f310f119<-1403b5e4-acde-4775-985c-d39ddac0a0a9#0:FAIL-t1, 12b08bc9-e169-459b-9b48-eff3f310f119<-797739be-4331-48d1-bcfd-85406fdc897b#0:FAIL-t1] and 0 exception(s); 12b08bc9-e169-459b-9b48-eff3f310f119@group-C4D1E2485FE3:t1, leader=null, voted=12b08bc9-e169-459b-9b48-eff3f310f119, raftlog=12b08bc9-e169-459b-9b48-eff3f310f119@group-C4D1E2485FE3-SegmentedRaftLog:OPENED:c-1,f-1,i0, conf=-1: [1403b5e4-acde-4775-985c-d39ddac0a0a9:172.19.0.10:9858, 12b08bc9-e169-459b-9b48-eff3f310f119:172.19.0.8:9858, 797739be-4331-48d1-bcfd-85406fdc897b:172.19.0.7:9858], old=null
kdc_1       | Nov 14 20:51:40 kdc krb5kdc[9](info): AS_REQ (8 etypes {18 17 20 19 16 23 25 26}) 127.0.0.1: ISSUE: authtime 1573764700, etypes {rep=18 tkt=18 ses=18}, admin/admin@EXAMPLE.COM for kadmin/admin@EXAMPLE.COM
om_1        | 2019-11-14 20:53:53,851 INFO ipc.Server: Auth successful for testuser/scm@EXAMPLE.COM (auth:KERBEROS)
datanode_2  | 2019-11-14 20:52:09,942 INFO server.RaftServerConfigKeys: raft.server.watch.element-limit = 65536 (default)
s3g_1       | 	at org.apache.hadoop.io.retry.RetryInvocationHandler$Call.invokeOnce(RetryInvocationHandler.java:95)
scm_1       | 2019-11-14 20:54:19,281 INFO ipc.Server: Auth successful for dn/f1bdbefb9660@EXAMPLE.COM (auth:KERBEROS)
datanode_1  | 2019-11-14 20:52:04,665 INFO impl.RaftServerImpl: 797739be-4331-48d1-bcfd-85406fdc897b@group-C4D1E2485FE3: changes role from  FOLLOWER to CANDIDATE at term 0 for changeToCandidate
datanode_3  | 2019-11-14 20:52:04,870 INFO impl.RaftServerImpl: 12b08bc9-e169-459b-9b48-eff3f310f119@group-C4D1E2485FE3: changes role from CANDIDATE to FOLLOWER at term 1 for DISCOVERED_A_NEW_TERM
om_1        | 2019-11-14 20:53:53,865 INFO authorize.ServiceAuthorizationManager: Authorization successful for testuser/scm@EXAMPLE.COM (auth:KERBEROS) for protocol=interface org.apache.hadoop.ozone.om.protocol.OzoneManagerProtocol
datanode_2  | 2019-11-14 20:52:09,947 INFO server.RaftServerConfigKeys: raft.server.log.appender.snapshot.chunk.size.max = 16MB (=16777216) (default)
scm_1       | 2019-11-14 20:54:19,283 INFO authorize.ServiceAuthorizationManager: Authorization successful for dn/f1bdbefb9660@EXAMPLE.COM (auth:KERBEROS) for protocol=interface org.apache.hadoop.ozone.protocol.StorageContainerDatanodeProtocol
s3g_1       | 	at org.apache.hadoop.io.retry.RetryInvocationHandler.invoke(RetryInvocationHandler.java:359)
kdc_1       | Nov 14 20:51:40 kdc krb5kdc[9](info): AS_REQ (8 etypes {18 17 20 19 16 23 25 26}) 127.0.0.1: SERVER_NOT_FOUND: admin/admin@EXAMPLE.COM for kadmin/localhost@EXAMPLE.COM, Server not found in Kerberos database
datanode_1  | 2019-11-14 20:52:04,665 INFO impl.RoleInfo: 797739be-4331-48d1-bcfd-85406fdc897b: start LeaderElection
datanode_3  | 2019-11-14 20:52:04,870 INFO impl.RoleInfo: 12b08bc9-e169-459b-9b48-eff3f310f119: shutdown LeaderElection
om_1        | 2019-11-14 20:53:56,669 INFO ipc.Server: Auth successful for testuser/scm@EXAMPLE.COM (auth:KERBEROS)
datanode_2  | 2019-11-14 20:52:09,947 INFO server.RaftServerConfigKeys: raft.server.log.appender.buffer.byte-limit = 33554432 (custom)
scm_1       | 2019-11-14 20:54:19,284 INFO ipc.Server: Auth successful for dn/d94c96f179bb@EXAMPLE.COM (auth:KERBEROS)
s3g_1       | 	at com.sun.proxy.$Proxy83.submitRequest(Unknown Source)
kdc_1       | Nov 14 20:51:40 kdc krb5kdc[9](info): AS_REQ (8 etypes {18 17 20 19 16 23 25 26}) 127.0.0.1: ISSUE: authtime 1573764700, etypes {rep=18 tkt=18 ses=18}, admin/admin@EXAMPLE.COM for kdmin/admin@EXAMPLE.COM, service=kadmin/admin@EXAMPLE.COM, addr=127.0.0.1
datanode_1  | 2019-11-14 20:52:04,680 INFO impl.LeaderElection: 797739be-4331-48d1-bcfd-85406fdc897b@group-C4D1E2485FE3-LeaderElection2: begin an election at term 1 for -1: [1403b5e4-acde-4775-985c-d39ddac0a0a9:172.19.0.10:9858, 12b08bc9-e169-459b-9b48-eff3f310f119:172.19.0.8:9858, 797739be-4331-48d1-bcfd-85406fdc897b:172.19.0.7:9858], old=null
datanode_3  | 2019-11-14 20:52:04,870 INFO impl.RoleInfo: 12b08bc9-e169-459b-9b48-eff3f310f119: start FollowerState
om_1        | 2019-11-14 20:53:56,681 INFO authorize.ServiceAuthorizationManager: Authorization successful for testuser/scm@EXAMPLE.COM (auth:KERBEROS) for protocol=interface org.apache.hadoop.ozone.om.protocol.OzoneManagerProtocol
datanode_2  | 2019-11-14 20:52:09,947 INFO server.RaftServerConfigKeys: raft.server.log.appender.buffer.element-limit = 1 (custom)
scm_1       | 2019-11-14 20:54:19,287 INFO authorize.ServiceAuthorizationManager: Authorization successful for dn/d94c96f179bb@EXAMPLE.COM (auth:KERBEROS) for protocol=interface org.apache.hadoop.ozone.protocol.StorageContainerDatanodeProtocol
s3g_1       | 	at org.apache.hadoop.ozone.om.protocolPB.OzoneManagerProtocolClientSideTranslatorPB.submitRequest(OzoneManagerProtocolClientSideTranslatorPB.java:361)
kdc_1       | Nov 14 20:51:40 kdc kadmind[15](Notice): Request: kadm5_create_principal, om/s3g@EXAMPLE.COM, success, client=admin/admin@EXAMPLE.COM, service=kadmin/admin@EXAMPLE.COM, addr=127.0.0.1
datanode_1  | 2019-11-14 20:52:04,855 INFO impl.LeaderElection: 797739be-4331-48d1-bcfd-85406fdc897b@group-C4D1E2485FE3-LeaderElection2: Election REJECTED; received 2 response(s) [797739be-4331-48d1-bcfd-85406fdc897b<-12b08bc9-e169-459b-9b48-eff3f310f119#0:FAIL-t1, 797739be-4331-48d1-bcfd-85406fdc897b<-1403b5e4-acde-4775-985c-d39ddac0a0a9#0:FAIL-t1] and 0 exception(s); 797739be-4331-48d1-bcfd-85406fdc897b@group-C4D1E2485FE3:t1, leader=null, voted=797739be-4331-48d1-bcfd-85406fdc897b, raftlog=797739be-4331-48d1-bcfd-85406fdc897b@group-C4D1E2485FE3-SegmentedRaftLog:OPENED:c-1,f-1,i0, conf=-1: [1403b5e4-acde-4775-985c-d39ddac0a0a9:172.19.0.10:9858, 12b08bc9-e169-459b-9b48-eff3f310f119:172.19.0.8:9858, 797739be-4331-48d1-bcfd-85406fdc897b:172.19.0.7:9858], old=null
datanode_3  | 2019-11-14 20:52:09,921 INFO impl.RaftServerImpl: 12b08bc9-e169-459b-9b48-eff3f310f119@group-C4D1E2485FE3: changes role from  FOLLOWER to FOLLOWER at term 2 for recognizeCandidate:1403b5e4-acde-4775-985c-d39ddac0a0a9
om_1        | 2019-11-14 20:53:59,482 INFO ipc.Server: Auth successful for testuser/scm@EXAMPLE.COM (auth:KERBEROS)
datanode_2  | 2019-11-14 20:52:09,951 INFO grpc.GrpcConfigKeys$Server: raft.grpc.server.leader.outstanding.appends.max = 128 (default)
s3g_1       | 	at org.apache.hadoop.ozone.om.protocolPB.OzoneManagerProtocolClientSideTranslatorPB.getServiceInfo(OzoneManagerProtocolClientSideTranslatorPB.java:1252)
scm_1       | 2019-11-14 20:54:19,302 INFO ipc.Server: Auth successful for dn/f48c2f40e043@EXAMPLE.COM (auth:KERBEROS)
datanode_1  | 2019-11-14 20:52:04,856 INFO impl.RaftServerImpl: 797739be-4331-48d1-bcfd-85406fdc897b@group-C4D1E2485FE3: changes role from CANDIDATE to FOLLOWER at term 1 for DISCOVERED_A_NEW_TERM
kdc_1       | Nov 14 20:51:40 kdc kadmind[15](info): closing down fd 18
datanode_3  | 2019-11-14 20:52:09,922 INFO impl.RoleInfo: 12b08bc9-e169-459b-9b48-eff3f310f119: shutdown FollowerState
om_1        | 2019-11-14 20:53:59,495 INFO authorize.ServiceAuthorizationManager: Authorization successful for testuser/scm@EXAMPLE.COM (auth:KERBEROS) for protocol=interface org.apache.hadoop.ozone.om.protocol.OzoneManagerProtocol
datanode_2  | 2019-11-14 20:52:09,951 INFO server.RaftServerConfigKeys: raft.server.rpc.request.timeout = 3000ms (default)
s3g_1       | 	at java.base/jdk.internal.reflect.NativeMethodAccessorImpl.invoke0(Native Method)
scm_1       | 2019-11-14 20:54:19,304 INFO authorize.ServiceAuthorizationManager: Authorization successful for dn/f48c2f40e043@EXAMPLE.COM (auth:KERBEROS) for protocol=interface org.apache.hadoop.ozone.protocol.StorageContainerDatanodeProtocol
datanode_1  | 2019-11-14 20:52:04,856 INFO impl.RoleInfo: 797739be-4331-48d1-bcfd-85406fdc897b: shutdown LeaderElection
kdc_1       | Nov 14 20:51:40 kdc kadmind[15](Notice): Request: kadm5_init, admin/admin@EXAMPLE.COM, success, client=admin/admin@EXAMPLE.COM, service=kadmin/admin@EXAMPLE.COM, addr=127.0.0.1, vers=4, flavor=6
om_1        | 2019-11-14 20:54:02,326 INFO ipc.Server: Auth successful for testuser/scm@EXAMPLE.COM (auth:KERBEROS)
datanode_3  | 2019-11-14 20:52:09,922 INFO impl.RoleInfo: 12b08bc9-e169-459b-9b48-eff3f310f119: start FollowerState
datanode_2  | 2019-11-14 20:52:09,951 INFO server.RaftServerConfigKeys: raft.server.log.appender.install.snapshot.enabled = false (custom)
s3g_1       | 	at java.base/jdk.internal.reflect.NativeMethodAccessorImpl.invoke(NativeMethodAccessorImpl.java:62)
scm_1       | 2019-11-14 20:54:28,887 INFO ipc.Server: Auth successful for om/om@EXAMPLE.COM (auth:KERBEROS)
datanode_1  | 2019-11-14 20:52:04,857 INFO impl.RoleInfo: 797739be-4331-48d1-bcfd-85406fdc897b: start FollowerState
kdc_1       | Nov 14 20:51:40 kdc kadmind[15](Notice): Request: kadm5_randkey_principal, om/s3g@EXAMPLE.COM, success, client=admin/admin@EXAMPLE.COM, service=kadmin/admin@EXAMPLE.COM, addr=127.0.0.1
om_1        | 2019-11-14 20:54:02,341 INFO authorize.ServiceAuthorizationManager: Authorization successful for testuser/scm@EXAMPLE.COM (auth:KERBEROS) for protocol=interface org.apache.hadoop.ozone.om.protocol.OzoneManagerProtocol
datanode_3  | 2019-11-14 20:52:09,922 INFO impl.FollowerState: 12b08bc9-e169-459b-9b48-eff3f310f119@group-C4D1E2485FE3-FollowerState was interrupted: java.lang.InterruptedException: sleep interrupted
datanode_2  | 2019-11-14 20:52:09,953 WARN impl.MetricRegistriesImpl: First MetricRegistry has been created without registering reporters. You may need to call MetricRegistries.global().addReportRegistration(...) before.
s3g_1       | 	at java.base/jdk.internal.reflect.DelegatingMethodAccessorImpl.invoke(DelegatingMethodAccessorImpl.java:43)
scm_1       | 2019-11-14 20:54:28,891 INFO authorize.ServiceAuthorizationManager: Authorization successful for om/om@EXAMPLE.COM (auth:KERBEROS) for protocol=interface org.apache.hadoop.hdds.scm.protocol.ScmBlockLocationProtocol
datanode_1  | 2019-11-14 20:52:09,918 INFO impl.RaftServerImpl: 797739be-4331-48d1-bcfd-85406fdc897b@group-C4D1E2485FE3: changes role from  FOLLOWER to FOLLOWER at term 2 for recognizeCandidate:1403b5e4-acde-4775-985c-d39ddac0a0a9
kdc_1       | Nov 14 20:51:40 kdc kadmind[15](Notice): Request: kadm5_get_principal, om/s3g@EXAMPLE.COM, success, client=admin/admin@EXAMPLE.COM, service=kadmin/admin@EXAMPLE.COM, addr=127.0.0.1
om_1        | 2019-11-14 20:54:05,151 INFO ipc.Server: Auth successful for testuser/scm@EXAMPLE.COM (auth:KERBEROS)
datanode_2  | 2019-11-14 20:52:09,954 INFO server.RaftServerConfigKeys: raft.server.log.appender.snapshot.chunk.size.max = 16MB (=16777216) (default)
s3g_1       | 	at java.base/java.lang.reflect.Method.invoke(Method.java:566)
scm_1       | 2019-11-14 20:54:49,281 INFO ipc.Server: Auth successful for dn/f1bdbefb9660@EXAMPLE.COM (auth:KERBEROS)
datanode_1  | 2019-11-14 20:52:09,919 INFO impl.RoleInfo: 797739be-4331-48d1-bcfd-85406fdc897b: shutdown FollowerState
om_1        | 2019-11-14 20:54:05,162 INFO authorize.ServiceAuthorizationManager: Authorization successful for testuser/scm@EXAMPLE.COM (auth:KERBEROS) for protocol=interface org.apache.hadoop.ozone.om.protocol.OzoneManagerProtocol
kdc_1       | Nov 14 20:51:40 kdc kadmind[15](info): closing down fd 18
datanode_3  | 2019-11-14 20:52:10,021 INFO ratis.XceiverServerRatis: Leader change notification received for group: group-C4D1E2485FE3 with new leaderId: 1403b5e4-acde-4775-985c-d39ddac0a0a9
datanode_2  | 2019-11-14 20:52:09,954 INFO server.RaftServerConfigKeys: raft.server.log.appender.buffer.byte-limit = 33554432 (custom)
s3g_1       | 	at org.apache.hadoop.hdds.tracing.TraceAllMethod.invoke(TraceAllMethod.java:66)
scm_1       | 2019-11-14 20:54:49,281 INFO ipc.Server: Auth successful for dn/d94c96f179bb@EXAMPLE.COM (auth:KERBEROS)
datanode_1  | 2019-11-14 20:52:09,919 INFO impl.RoleInfo: 797739be-4331-48d1-bcfd-85406fdc897b: start FollowerState
om_1        | 2019-11-14 20:54:08,055 INFO ipc.Server: Auth successful for testuser/scm@EXAMPLE.COM (auth:KERBEROS)
kdc_1       | Nov 14 20:51:40 kdc kadmind[15](Notice): Request: kadm5_init, admin/admin@EXAMPLE.COM, sucadmin/admin@EXAMPLE.COM
datanode_3  | 2019-11-14 20:52:10,021 INFO impl.RaftServerImpl: 12b08bc9-e169-459b-9b48-eff3f310f119@group-C4D1E2485FE3: change Leader from null to 1403b5e4-acde-4775-985c-d39ddac0a0a9 at term 2 for appendEntries, leader elected after 10494ms
scm_1       | 2019-11-14 20:54:49,284 INFO authorize.ServiceAuthorizationManager: Authorization successful for dn/f1bdbefb9660@EXAMPLE.COM (auth:KERBEROS) for protocol=interface org.apache.hadoop.ozone.protocol.StorageContainerDatanodeProtocol
om_1        | 2019-11-14 20:54:08,070 INFO authorize.ServiceAuthorizationManager: Authorization successful for testuser/scm@EXAMPLE.COM (auth:KERBEROS) for protocol=interface org.apache.hadoop.ozone.om.protocol.OzoneManagerProtocol
kdc_1       | Nov 14 20:51:40 kdc krb5kdc[9](info): AS_REQ (8 etypes {18 17 20 19 16 23 25 26}) 127.0.0.1: SERVER_NOT_FOUND: admin/admin@EXAMPLE.COM for kadmin/localhost@EXAMPLE.COM, Server not found in Kerberos database
datanode_3  | 2019-11-14 20:52:10,043 INFO impl.RaftServerImpl: 12b08bc9-e169-459b-9b48-eff3f310f119@group-C4D1E2485FE3: set configuration 0: [1403b5e4-acde-4775-985c-d39ddac0a0a9:172.19.0.10:9858, 12b08bc9-e169-459b-9b48-eff3f310f119:172.19.0.8:9858, 797739be-4331-48d1-bcfd-85406fdc897b:172.19.0.7:9858], old=null at 0
scm_1       | 2019-11-14 20:54:49,285 INFO authorize.ServiceAuthorizationManager: Authorization successful for dn/d94c96f179bb@EXAMPLE.COM (auth:KERBEROS) for protocol=interface org.apache.hadoop.ozone.protocol.StorageContainerDatanodeProtocol
s3g_1       | 	at com.sun.proxy.$Proxy84.getServiceInfo(Unknown Source)
datanode_2  | 2019-11-14 20:52:09,954 INFO server.RaftServerConfigKeys: raft.server.log.appender.buffer.element-limit = 1 (custom)
datanode_1  | 2019-11-14 20:52:09,919 INFO impl.FollowerState: 797739be-4331-48d1-bcfd-85406fdc897b@group-C4D1E2485FE3-FollowerState was interrupted: java.lang.InterruptedException: sleep interrupted
om_1        | 2019-11-14 20:54:10,953 INFO ipc.Server: Auth successful for testuser/scm@EXAMPLE.COM (auth:KERBEROS)
kdc_1       | Nov 14 20:51:40 kdc krb5kdc[9](info): AS_REQ (8 etypes {18 17 20 19 16 23 25 26}) 127.0.0.1: ISSUE: authtime 1573764700, etypes {rep=18 tkt=18 ses=18}, admin/admin@EXAMPLE.COM for kadmin/admin@EXAMPLE.COM
datanode_3  | 2019-11-14 20:52:10,043 INFO segmented.SegmentedRaftLogWorker: 12b08bc9-e169-459b-9b48-eff3f310f119@group-C4D1E2485FE3-SegmentedRaftLogWorker: Starting segment from index:0
scm_1       | 2019-11-14 20:54:49,305 INFO ipc.Server: Auth successful for dn/f48c2f40e043@EXAMPLE.COM (auth:KERBEROS)
s3g_1       | 	at org.apache.hadoop.ozone.client.rpc.RpcClient.<init>(RpcClient.java:157)
datanode_1  | 2019-11-14 20:52:10,020 INFO ratis.XceiverServerRatis: Leader change notification received for group: group-C4D1E2485FE3 with new leaderId: 1403b5e4-acde-4775-985c-d39ddac0a0a9
om_1        | 2019-11-14 20:54:10,967 INFO authorize.ServiceAuthorizationManager: Authorization successful for testuser/scm@EXAMPLE.COM (auth:KERBEROS) for protocol=interface org.apache.hadoop.ozone.om.protocol.OzoneManagerProtocol
datanode_3  | 2019-11-14 20:52:10,080 INFO segmented.SegmentedRaftLogWorker: 12b08bc9-e169-459b-9b48-eff3f310f119@group-C4D1E2485FE3-SegmentedRaftLogWorker: created new log segment /data/metadata/ratis/5511d6af-0cf4-4857-a40f-c4d1e2485fe3/current/log_inprogress_0
kdc_1       | Nov 14 20:51:40 kdc krb5kdc[9](info): AS_REQ (8 etypes {18 17 20 19 16 23 25 26}) 127.0.0.1: SERVER_NOT_FOUND: admin/admin@EXAMPLE.COM for kadmin/localhost@EXAMPLE.COM, Server not found in Kerberos database
datanode_2  | 2019-11-14 20:52:09,954 INFO grpc.GrpcConfigKeys$Server: raft.grpc.server.leader.outstanding.appends.max = 128 (default)
scm_1       | 2019-11-14 20:54:49,307 INFO authorize.ServiceAuthorizationManager: Authorization successful for dn/f48c2f40e043@EXAMPLE.COM (auth:KERBEROS) for protocol=interface org.apache.hadoop.ozone.protocol.StorageContainerDatanodeProtocol
datanode_1  | 2019-11-14 20:52:10,020 INFO impl.RaftServerImpl: 797739be-4331-48d1-bcfd-85406fdc897b@group-C4D1E2485FE3: change Leader from null to 1403b5e4-acde-4775-985c-d39ddac0a0a9 at term 2 for appendEntries, leader elected after 10476ms
s3g_1       | 	at org.apache.hadoop.ozone.client.OzoneClientFactory.getClientProtocol(OzoneClientFactory.java:256)
om_1        | 2019-11-14 20:54:11,754 ERROR acl.OMBucketAddAclRequest: Add acl [user:superuser1:rwxy[ACCESS]] to path /92843-rpcwoport2/bb1 failed, because acl already exist
kdc_1       | Nov 14 20:51:40 kdc krb5kdc[9](info): AS_REQ (8 etypes {18 17 20 19 16 23 25 26}) 127.0.0.1: ISSUE: authtime 1573764700, etypes {rep=18 tkt=18 ses=18}, admin/admin@EXAMPLE.COM for kadmin/admin@EXAMPLE.COM
datanode_2  | 2019-11-14 20:52:09,954 INFO server.RaftServerConfigKeys: raft.server.rpc.request.timeout = 3000ms (default)
scm_1       | 2019-11-14 20:55:18,646 INFO ipc.Server: Auth successful for om/om@EXAMPLE.COM (auth:KERBEROS)
datanode_1  | 2019-11-14 20:52:10,044 INFO impl.RaftServerImpl: 797739be-4331-48d1-bcfd-85406fdc897b@group-C4D1E2485FE3: set configuration 0: [1403b5e4-acde-4775-985c-d39ddac0a0a9:172.19.0.10:9858, 12b08bc9-e169-459b-9b48-eff3f310f119:172.19.0.8:9858, 797739be-4331-48d1-bcfd-85406fdc897b:172.19.0.7:9858], old=null at 0
s3g_1       | 	at org.apache.hadoop.ozone.client.OzoneClientFactory.getClientProtocol(OzoneClientFactory.java:239)
