datanode_3  | 2019-10-30 21:51:38,649 INFO server.RaftServerConfigKeys: raft.server.log.statemachine.data.sync = true (default)
om1_1       | 2019-10-30 21:51:37,605 INFO server.RaftServerConfigKeys: raft.server.snapshot.auto.trigger.threshold = 400000 (default)
om3_1       | 2019-10-30 21:51:37,514 INFO metrics.MetricRegistries: Loaded MetricRegistries class org.apache.ratis.metrics.impl.MetricRegistriesImpl
s3g_1       | 	at java.base/javax.security.auth.Subject.doAs(Subject.java:423)
om2_1       | 2019-10-30 21:51:37,521 INFO segmented.SegmentedRaftLogWorker: new om2@group-562213E44849-SegmentedRaftLogWorker for RaftStorage:Storage Directory /data/metadata/ratis/fafe1b60-c241-37cc-98f4-562213e44849
datanode_2  | 2019-10-30 21:51:38,587 INFO server.RaftServerConfigKeys: raft.server.rpc.timeout.max = 5200ms (custom)
datanode_1  | 2019-10-30 21:51:38,604 INFO server.RaftServerConfigKeys: raft.server.log.appender.install.snapshot.enabled = false (custom)
scm_1       | 2019-10-30 21:51:38,546 INFO pipeline.PipelineStateManager: Created pipeline Pipeline[ Id: 8d3431e9-f43d-49ce-a4b4-3cafddc4927f, Nodes: 0cd5423d-1d5f-44dd-a06d-15ce3db2a0b0{ip: 172.18.0.9, host: ozone-om-ha-s3_datanode_3.ozone-om-ha-s3_default, networkLocation: /default-rack, certSerialId: null}, Type:RATIS, Factor:ONE, State:OPEN]
datanode_3  | 2019-10-30 21:51:38,649 INFO server.RaftServerConfigKeys: raft.server.log.statemachine.data.sync.timeout = 10s (default)
om1_1       | 2019-10-30 21:51:37,606 INFO server.RaftServerConfigKeys: raft.server.snapshot.retention.file.num = -1 (default)
om3_1       | 2019-10-30 21:51:37,517 WARN impl.MetricRegistriesImpl: First MetricRegistry has been created without registering reporters. You may need to call MetricRegistries.global().addReportRegistration(...) before.
s3g_1       | 	at org.apache.hadoop.security.UserGroupInformation.doAs(UserGroupInformation.java:1730)
om2_1       | 2019-10-30 21:51:37,522 INFO server.RaftServerConfigKeys: raft.server.log.queue.byte-limit = 64MB (=67108864) (default)
datanode_2  | 2019-10-30 21:51:38,587 INFO server.RaftServerConfigKeys: raft.server.rpcslowness.timeout = 120s (custom)
datanode_1  | 2019-10-30 21:51:38,604 INFO impl.RaftServerImpl: 68430a1c-a1d2-4b7d-8acd-dcfb82070289@group-C005EF1C1894: ConfigurationManager, init=-1: [9aeb21fa-ab07-49ce-9520-15fa7b8566de:172.18.0.3:9858, 68430a1c-a1d2-4b7d-8acd-dcfb82070289:172.18.0.7:9858, 0cd5423d-1d5f-44dd-a06d-15ce3db2a0b0:172.18.0.9:9858], old=null, confs=<EMPTY_MAP>
scm_1       | 2019-10-30 21:51:38,659 INFO pipeline.PipelineStateManager: Created pipeline Pipeline[ Id: ef956268-e75f-4fb7-bf43-c005ef1c1894, Nodes: 68430a1c-a1d2-4b7d-8acd-dcfb82070289{ip: 172.18.0.7, host: ozone-om-ha-s3_datanode_1.ozone-om-ha-s3_default, networkLocation: /default-rack, certSerialId: null}9aeb21fa-ab07-49ce-9520-15fa7b8566de{ip: 172.18.0.3, host: ozone-om-ha-s3_datanode_2.ozone-om-ha-s3_default, networkLocation: /default-rack, certSerialId: null}0cd5423d-1d5f-44dd-a06d-15ce3db2a0b0{ip: 172.18.0.9, host: ozone-om-ha-s3_datanode_3.ozone-om-ha-s3_default, networkLocation: /default-rack, certSerialId: null}, Type:RATIS, Factor:THREE, State:OPEN]
datanode_3  | 2019-10-30 21:51:38,650 INFO server.RaftServerConfigKeys: raft.server.log.statemachine.data.sync.timeout.retry = -1 (default)
om1_1       | 2019-10-30 21:51:37,606 INFO server.RaftServerConfigKeys: raft.server.retrycache.expirytime = 600000ms (custom)
om3_1       | 2019-10-30 21:51:37,522 INFO server.RaftServerConfigKeys: raft.server.log.segment.cache.num.max = 2 (custom)
s3g_1       | 	at org.apache.hadoop.ipc.Server$Handler.run(Server.java:2682)
om2_1       | 2019-10-30 21:51:37,522 INFO server.RaftServerConfigKeys: raft.server.log.queue.element-limit = 4096 (default)
datanode_2  | 2019-10-30 21:51:38,587 INFO server.RaftServerConfigKeys: raft.server.sleep.deviation.threshold = 300 (default)
datanode_1  | 2019-10-30 21:51:38,604 INFO server.RaftServerConfigKeys: raft.server.storage.dir = [/data/metadata/ratis] (custom)
scm_1       | 2019-10-30 21:53:37,976 INFO server.SCMBlockProtocolServer: SCM is informed by OM to delete 4 blocks
datanode_3  | 2019-10-30 21:51:38,650 INFO server.RaftServerConfigKeys: raft.server.log.statemachine.data.caching.enabled = true (custom)
om1_1       | 2019-10-30 21:51:37,623 INFO impl.MetricsConfig: Loaded properties from hadoop-metrics2.properties
om3_1       | 2019-10-30 21:51:37,526 INFO segmented.SegmentedRaftLogWorker: new om3@group-562213E44849-SegmentedRaftLogWorker for RaftStorage:Storage Directory /data/metadata/ratis/fafe1b60-c241-37cc-98f4-562213e44849
s3g_1       | , while invoking $Proxy83.submitRequest over nodeId=om2,nodeAddress=om2:9862 after 1 failover attempts. Trying to failover immediately.
om2_1       | 2019-10-30 21:51:37,524 INFO server.RaftServerConfigKeys: raft.server.log.segment.size.max = 16384 (custom)
datanode_2  | 2019-10-30 21:51:38,587 INFO server.RaftServerConfigKeys: raft.server.log.appender.install.snapshot.enabled = false (custom)
datanode_1  | 2019-10-30 21:51:38,605 INFO server.RaftServerConfigKeys: raft.server.log.corruption.policy = EXCEPTION (default)
scm_1       | 2019-10-30 21:53:37,977 INFO block.BlockManagerImpl: Deleting blocks conID: 2 locID: 103053551182348301 bcsId: 0,conID: 3 locID: 103053551183659022 bcsId: 0,conID: 1 locID: 103053551182217228 bcsId: 0
datanode_3  | 2019-10-30 21:51:38,650 INFO segmented.SegmentedRaftLogWorker: 0cd5423d-1d5f-44dd-a06d-15ce3db2a0b0@group-C005EF1C1894-SegmentedRaftLogWorker: flushIndex: setUnconditionally 0 -> -1
om1_1       | 2019-10-30 21:51:37,626 WARN impl.MetricRegistriesImpl: First MetricRegistry has been created without registering reporters. You may need to call MetricRegistries.global().addReportRegistration(...) before.
om3_1       | 2019-10-30 21:51:37,527 INFO server.RaftServerConfigKeys: raft.server.log.queue.byte-limit = 64MB (=67108864) (default)
s3g_1       | 2019-10-30 21:52:21,408 INFO retry.RetryInvocationHandler: com.google.protobuf.ServiceException: org.apache.hadoop.ipc.RemoteException(org.apache.hadoop.ozone.om.exceptions.NotLeaderException): OM om2 is not the leader. Suggested leader is om3
om2_1       | 2019-10-30 21:51:37,524 INFO server.RaftServerConfigKeys: raft.server.log.preallocated.size = 16384 (custom)
datanode_2  | 2019-10-30 21:51:38,588 INFO impl.RaftServerImpl: 9aeb21fa-ab07-49ce-9520-15fa7b8566de@group-C005EF1C1894: ConfigurationManager, init=-1: [9aeb21fa-ab07-49ce-9520-15fa7b8566de:172.18.0.3:9858, 68430a1c-a1d2-4b7d-8acd-dcfb82070289:172.18.0.7:9858, 0cd5423d-1d5f-44dd-a06d-15ce3db2a0b0:172.18.0.9:9858], old=null, confs=<EMPTY_MAP>
datanode_1  | 2019-10-30 21:51:38,605 INFO storage.RaftStorageDirectory: The storage directory /data/metadata/ratis/ef956268-e75f-4fb7-bf43-c005ef1c1894 does not exist. Creating ...
scm_1       | 2019-10-30 21:53:37,984 INFO block.BlockManagerImpl: Deleting blocks conID: 3 locID: 103053548500680706 bcsId: 0
datanode_3  | 2019-10-30 21:51:38,650 INFO server.RaftServerConfigKeys: raft.server.snapshot.auto.trigger.enabled = true (custom)
om3_1       | 2019-10-30 21:51:37,527 INFO server.RaftServerConfigKeys: raft.server.log.queue.element-limit = 4096 (default)
om1_1       | 2019-10-30 21:51:37,628 WARN impl.MetricRegistriesImpl: First MetricRegistry has been created without registering reporters. You may need to call MetricRegistries.global().addReportRegistration(...) before.
s3g_1       | 	at org.apache.hadoop.ozone.protocolPB.OzoneManagerProtocolServerSideTranslatorPB.createNotLeaderException(OzoneManagerProtocolServerSideTranslatorPB.java:190)
om2_1       | 2019-10-30 21:51:37,525 INFO server.RaftServerConfigKeys: raft.server.log.write.buffer.size = 64KB (=65536) (default)
datanode_2  | 2019-10-30 21:51:38,588 INFO server.RaftServerConfigKeys: raft.server.storage.dir = [/data/metadata/ratis] (custom)
datanode_1  | 2019-10-30 21:51:38,628 INFO storage.RaftStorageDirectory: Lock on /data/metadata/ratis/ef956268-e75f-4fb7-bf43-c005ef1c1894/in_use.lock acquired by nodename 7@9be7be720071
scm_1       | 2019-10-30 21:53:37,984 INFO block.BlockManagerImpl: Deleting blocks conID: 2 locID: 103053550716256266 bcsId: 0
datanode_3  | 2019-10-30 21:51:38,651 INFO server.RaftServerConfigKeys: raft.server.snapshot.auto.trigger.threshold = 10000 (custom)
om3_1       | 2019-10-30 21:51:37,529 INFO server.RaftServerConfigKeys: raft.server.log.segment.size.max = 16384 (custom)
om1_1       | 2019-10-30 21:51:37,674 INFO impl.MetricsSystemImpl: Scheduled Metric snapshot period at 10 second(s).
s3g_1       | 	at org.apache.hadoop.ozone.protocolPB.OzoneManagerProtocolServerSideTranslatorPB.submitReadRequestToOM(OzoneManagerProtocolServerSideTranslatorPB.java:176)
om2_1       | 2019-10-30 21:51:37,525 INFO server.RaftServerConfigKeys: raft.server.log.force.sync.num = 128 (default)
datanode_2  | 2019-10-30 21:51:38,588 INFO server.RaftServerConfigKeys: raft.server.log.corruption.policy = EXCEPTION (default)
datanode_1  | 2019-10-30 21:51:38,647 INFO storage.RaftStorage: Storage directory /data/metadata/ratis/ef956268-e75f-4fb7-bf43-c005ef1c1894 has been successfully formatted.
scm_1       | 2019-10-30 21:53:37,985 INFO block.BlockManagerImpl: Deleting blocks conID: 3 locID: 103053550772813835 bcsId: 0
datanode_3  | 2019-10-30 21:51:38,651 INFO server.RaftServerConfigKeys: raft.server.snapshot.retention.file.num = 5 (custom)
om3_1       | 2019-10-30 21:51:37,529 INFO server.RaftServerConfigKeys: raft.server.log.preallocated.size = 16384 (custom)
om1_1       | 2019-10-30 21:51:37,677 INFO impl.MetricsSystemImpl: OzoneManager metrics system started
s3g_1       | 	at org.apache.hadoop.ozone.protocolPB.OzoneManagerProtocolServerSideTranslatorPB.processRequest(OzoneManagerProtocolServerSideTranslatorPB.java:110)
om2_1       | 2019-10-30 21:51:37,527 INFO server.RaftServerConfigKeys: raft.server.log.statemachine.data.sync = true (default)
datanode_2  | 2019-10-30 21:51:38,588 INFO storage.RaftStorageDirectory: The storage directory /data/metadata/ratis/ef956268-e75f-4fb7-bf43-c005ef1c1894 does not exist. Creating ...
datanode_1  | 2019-10-30 21:51:38,647 [pool-8-thread-1] INFO       - group-C005EF1C1894: The snapshot info is null. Setting the last applied indexto:(t:0, i:~)
scm_1       | 2019-10-30 21:54:38,021 INFO server.SCMBlockProtocolServer: SCM is informed by OM to delete 5 blocks
datanode_3  | 2019-10-30 21:51:38,651 INFO server.RaftServerConfigKeys: raft.server.retrycache.expirytime = 600000ms (custom)
om3_1       | 2019-10-30 21:51:37,530 INFO server.RaftServerConfigKeys: raft.server.log.write.buffer.size = 64KB (=65536) (default)
om1_1       | 2019-10-30 21:51:37,708 [main] INFO       - Starting OzoneManagerRatisServer om1 at port 9872
s3g_1       | 	at org.apache.hadoop.hdds.server.OzoneProtocolMessageDispatcher.processRequest(OzoneProtocolMessageDispatcher.java:72)
om2_1       | 2019-10-30 21:51:37,527 INFO server.RaftServerConfigKeys: raft.server.log.statemachine.data.sync.timeout = 10s (default)
datanode_1  | 2019-10-30 21:51:38,647 INFO server.RaftServerConfigKeys: raft.server.notification.no-leader.timeout = 120s (custom)
datanode_2  | 2019-10-30 21:51:38,612 INFO storage.RaftStorageDirectory: Lock on /data/metadata/ratis/ef956268-e75f-4fb7-bf43-c005ef1c1894/in_use.lock acquired by nodename 7@83e8564a1a57
scm_1       | 2019-10-30 21:54:38,022 INFO block.BlockManagerImpl: Deleting blocks conID: 3 locID: 103053555678380058 bcsId: 0
datanode_3  | 2019-10-30 21:51:38,651 WARN impl.MetricRegistriesImpl: First MetricRegistry has been created without registering reporters. You may need to call MetricRegistries.global().addReportRegistration(...) before.
om3_1       | 2019-10-30 21:51:37,530 INFO server.RaftServerConfigKeys: raft.server.log.force.sync.num = 128 (default)
om1_1       | 2019-10-30 21:51:37,710 INFO impl.RaftServerImpl: om1@group-562213E44849: start as a follower, conf=-1: [om1:om1:9872, om3:om3:9872, om2:om2:9872], old=null
s3g_1       | 	at org.apache.hadoop.ozone.protocolPB.OzoneManagerProtocolServerSideTranslatorPB.submitRequest(OzoneManagerProtocolServerSideTranslatorPB.java:100)
om2_1       | 2019-10-30 21:51:37,528 INFO server.RaftServerConfigKeys: raft.server.log.statemachine.data.sync.timeout.retry = -1 (default)
datanode_1  | 2019-10-30 21:51:38,648 INFO server.RaftServerConfigKeys: raft.server.log.use.memory = false (default)
datanode_2  | 2019-10-30 21:51:38,628 INFO storage.RaftStorage: Storage directory /data/metadata/ratis/ef956268-e75f-4fb7-bf43-c005ef1c1894 has been successfully formatted.
scm_1       | 2019-10-30 21:54:38,023 INFO block.BlockManagerImpl: Deleting blocks conID: 1 locID: 103053555731071003 bcsId: 0
datanode_3  | 2019-10-30 21:51:38,651 WARN impl.MetricRegistriesImpl: First MetricRegistry has been created without registering reporters. You may need to call MetricRegistries.global().addReportRegistration(...) before.
om3_1       | 2019-10-30 21:51:37,532 INFO server.RaftServerConfigKeys: raft.server.log.statemachine.data.sync = true (default)
om1_1       | 2019-10-30 21:51:37,712 INFO impl.RaftServerImpl: om1@group-562213E44849: changes role from      null to FOLLOWER at term 0 for startAsFollower
s3g_1       | 	at org.apache.hadoop.ozone.protocol.proto.OzoneManagerProtocolProtos$OzoneManagerService$2.callBlockingMethod(OzoneManagerProtocolProtos.java)
om2_1       | 2019-10-30 21:51:37,538 INFO server.RaftServerConfigKeys: raft.server.log.statemachine.data.caching.enabled = false (default)
datanode_1  | 2019-10-30 21:51:38,648 INFO server.RaftServerConfigKeys: raft.server.log.purge.gap = 1000000 (custom)
datanode_2  | 2019-10-30 21:51:38,628 [pool-8-thread-1] INFO       - group-C005EF1C1894: The snapshot info is null. Setting the last applied indexto:(t:0, i:~)
scm_1       | 2019-10-30 21:54:38,023 INFO block.BlockManagerImpl: Deleting blocks conID: 3 locID: 103053554046992407 bcsId: 0
datanode_3  | 2019-10-30 21:51:38,651 INFO impl.RaftServerImpl: 0cd5423d-1d5f-44dd-a06d-15ce3db2a0b0@group-C005EF1C1894: start as a follower, conf=-1: [9aeb21fa-ab07-49ce-9520-15fa7b8566de:172.18.0.3:9858, 68430a1c-a1d2-4b7d-8acd-dcfb82070289:172.18.0.7:9858, 0cd5423d-1d5f-44dd-a06d-15ce3db2a0b0:172.18.0.9:9858], old=null
om3_1       | 2019-10-30 21:51:37,532 INFO server.RaftServerConfigKeys: raft.server.log.statemachine.data.sync.timeout = 10s (default)
om1_1       | 2019-10-30 21:51:37,713 INFO impl.RoleInfo: om1: start FollowerState
om2_1       | 2019-10-30 21:51:37,552 INFO segmented.SegmentedRaftLogWorker: om2@group-562213E44849-SegmentedRaftLogWorker: flushIndex: setUnconditionally 0 -> -1
s3g_1       | 	at org.apache.hadoop.ipc.ProtobufRpcEngine$Server$ProtoBufRpcInvoker.call(ProtobufRpcEngine.java:524)
datanode_1  | 2019-10-30 21:51:38,648 INFO server.RaftServerConfigKeys: raft.server.log.appender.buffer.byte-limit = 33554432 (custom)
datanode_2  | 2019-10-30 21:51:38,629 INFO server.RaftServerConfigKeys: raft.server.notification.no-leader.timeout = 120s (custom)
scm_1       | 2019-10-30 21:54:38,024 INFO block.BlockManagerImpl: Deleting blocks conID: 1 locID: 103053554667946008 bcsId: 0
datanode_3  | 2019-10-30 21:51:38,652 INFO impl.RaftServerImpl: 0cd5423d-1d5f-44dd-a06d-15ce3db2a0b0@group-C005EF1C1894: changes role from      null to FOLLOWER at term 0 for startAsFollower
om3_1       | 2019-10-30 21:51:37,533 INFO server.RaftServerConfigKeys: raft.server.log.statemachine.data.sync.timeout.retry = -1 (default)
om1_1       | 2019-10-30 21:51:37,714 INFO util.JmxRegister: Successfully registered JMX Bean with object name Ratis:service=RaftServer,group=group-562213E44849,id=om1
om2_1       | 2019-10-30 21:51:37,558 INFO server.RaftServerConfigKeys: raft.server.snapshot.auto.trigger.enabled = true (custom)
datanode_1  | 2019-10-30 21:51:38,648 INFO server.RaftServerConfigKeys: raft.server.log.segment.size.max = 1048576 (custom)
s3g_1       | 	at org.apache.hadoop.ipc.RPC$Server.call(RPC.java:1025)
datanode_2  | 2019-10-30 21:51:38,629 INFO server.RaftServerConfigKeys: raft.server.log.use.memory = false (default)
scm_1       | 2019-10-30 21:54:38,024 INFO block.BlockManagerImpl: Deleting blocks conID: 2 locID: 103053555053821977 bcsId: 0
datanode_3  | 2019-10-30 21:51:38,652 INFO impl.RoleInfo: 0cd5423d-1d5f-44dd-a06d-15ce3db2a0b0: start FollowerState
om1_1       | 2019-10-30 21:51:37,716 WARN impl.MetricRegistriesImpl: First MetricRegistry has been created without registering reporters. You may need to call MetricRegistries.global().addReportRegistration(...) before.
om3_1       | 2019-10-30 21:51:37,541 INFO server.RaftServerConfigKeys: raft.server.log.statemachine.data.caching.enabled = false (default)
datanode_1  | 2019-10-30 21:51:38,648 INFO server.RaftServerConfigKeys: raft.server.log.segment.cache.num.max = 2 (custom)
om2_1       | 2019-10-30 21:51:37,559 INFO server.RaftServerConfigKeys: raft.server.snapshot.auto.trigger.threshold = 400000 (default)
s3g_1       | 	at org.apache.hadoop.ipc.Server$RpcCall.run(Server.java:876)
datanode_2  | 2019-10-30 21:51:38,629 INFO server.RaftServerConfigKeys: raft.server.log.purge.gap = 1000000 (custom)
datanode_3  | 2019-10-30 21:51:38,652 INFO util.JmxRegister: Successfully registered JMX Bean with object name Ratis:service=RaftServer,group=group-C005EF1C1894,id=0cd5423d-1d5f-44dd-a06d-15ce3db2a0b0
om1_1       | 2019-10-30 21:51:37,717 INFO impl.RaftServerProxy: om1: start RPC server
om3_1       | 2019-10-30 21:51:37,553 INFO segmented.SegmentedRaftLogWorker: om3@group-562213E44849-SegmentedRaftLogWorker: flushIndex: setUnconditionally 0 -> -1
datanode_1  | 2019-10-30 21:51:38,648 INFO segmented.SegmentedRaftLogWorker: new 68430a1c-a1d2-4b7d-8acd-dcfb82070289@group-C005EF1C1894-SegmentedRaftLogWorker for RaftStorage:Storage Directory /data/metadata/ratis/ef956268-e75f-4fb7-bf43-c005ef1c1894
om2_1       | 2019-10-30 21:51:37,560 INFO server.RaftServerConfigKeys: raft.server.snapshot.retention.file.num = -1 (default)
s3g_1       | 	at org.apache.hadoop.ipc.Server$RpcCall.run(Server.java:822)
datanode_3  | 2019-10-30 21:51:38,652 WARN impl.MetricRegistriesImpl: First MetricRegistry has been created without registering reporters. You may need to call MetricRegistries.global().addReportRegistration(...) before.
datanode_2  | 2019-10-30 21:51:38,629 INFO server.RaftServerConfigKeys: raft.server.log.appender.buffer.byte-limit = 33554432 (custom)
om1_1       | 2019-10-30 21:51:37,823 INFO server.GrpcService: om1: GrpcService started, listening on 0.0.0.0/0.0.0.0:9872
om3_1       | 2019-10-30 21:51:37,558 INFO server.RaftServerConfigKeys: raft.server.snapshot.auto.trigger.enabled = true (custom)
om2_1       | 2019-10-30 21:51:37,560 INFO server.RaftServerConfigKeys: raft.server.retrycache.expirytime = 600000ms (custom)
s3g_1       | 	at java.base/java.security.AccessController.doPrivileged(Native Method)
datanode_3  | 2019-10-30 21:51:43,643 INFO impl.FollowerState: 0cd5423d-1d5f-44dd-a06d-15ce3db2a0b0@group-3CAFDDC4927F-FollowerState: change to CANDIDATE, lastRpcTime:5167ms, electionTimeout:5166ms
datanode_1  | 2019-10-30 21:51:38,648 INFO server.RaftServerConfigKeys: raft.server.log.queue.byte-limit = 2147483647 (custom)
datanode_2  | 2019-10-30 21:51:38,629 INFO server.RaftServerConfigKeys: raft.server.log.segment.size.max = 1048576 (custom)
om3_1       | 2019-10-30 21:51:37,560 INFO server.RaftServerConfigKeys: raft.server.snapshot.auto.trigger.threshold = 400000 (default)
om1_1       | 2019-10-30 21:51:37,842 INFO ipc.Server: IPC Server Responder: starting
om2_1       | 2019-10-30 21:51:37,582 WARN impl.MetricRegistriesImpl: First MetricRegistry has been created without registering reporters. You may need to call MetricRegistries.global().addReportRegistration(...) before.
s3g_1       | 	at java.base/javax.security.auth.Subject.doAs(Subject.java:423)
datanode_3  | 2019-10-30 21:51:43,645 INFO impl.RoleInfo: 0cd5423d-1d5f-44dd-a06d-15ce3db2a0b0: shutdown FollowerState
datanode_1  | 2019-10-30 21:51:38,648 INFO server.RaftServerConfigKeys: raft.server.log.queue.element-limit = 1024 (custom)
datanode_2  | 2019-10-30 21:51:38,629 INFO server.RaftServerConfigKeys: raft.server.log.segment.cache.num.max = 2 (custom)
om3_1       | 2019-10-30 21:51:37,561 INFO server.RaftServerConfigKeys: raft.server.snapshot.retention.file.num = -1 (default)
om1_1       | 2019-10-30 21:51:37,842 INFO ipc.Server: IPC Server listener on 9862: starting
om2_1       | 2019-10-30 21:51:37,584 WARN impl.MetricRegistriesImpl: First MetricRegistry has been created without registering reporters. You may need to call MetricRegistries.global().addReportRegistration(...) before.
s3g_1       | 	at org.apache.hadoop.security.UserGroupInformation.doAs(UserGroupInformation.java:1730)
datanode_3  | 2019-10-30 21:51:43,646 INFO impl.RaftServerImpl: 0cd5423d-1d5f-44dd-a06d-15ce3db2a0b0@group-3CAFDDC4927F: changes role from  FOLLOWER to CANDIDATE at term 0 for changeToCandidate
datanode_1  | 2019-10-30 21:51:38,648 INFO server.RaftServerConfigKeys: raft.server.log.segment.size.max = 1048576 (custom)
om3_1       | 2019-10-30 21:51:37,563 INFO server.RaftServerConfigKeys: raft.server.retrycache.expirytime = 600000ms (custom)
om1_1       | 2019-10-30 21:51:37,949 INFO hdfs.DFSUtil: Starting Web-server for ozoneManager at: http://0.0.0.0:9874
s3g_1       | 	at org.apache.hadoop.ipc.Server$Handler.run(Server.java:2682)
om2_1       | 2019-10-30 21:51:37,604 INFO impl.MetricsConfig: Loaded properties from hadoop-metrics2.properties
datanode_3  | 2019-10-30 21:51:43,650 INFO impl.RoleInfo: 0cd5423d-1d5f-44dd-a06d-15ce3db2a0b0: start LeaderElection
datanode_1  | 2019-10-30 21:51:38,649 INFO server.RaftServerConfigKeys: raft.server.log.preallocated.size = 16384 (custom)
datanode_2  | 2019-10-30 21:51:38,629 INFO segmented.SegmentedRaftLogWorker: new 9aeb21fa-ab07-49ce-9520-15fa7b8566de@group-C005EF1C1894-SegmentedRaftLogWorker for RaftStorage:Storage Directory /data/metadata/ratis/ef956268-e75f-4fb7-bf43-c005ef1c1894
om3_1       | 2019-10-30 21:51:37,583 WARN impl.MetricRegistriesImpl: First MetricRegistry has been created without registering reporters. You may need to call MetricRegistries.global().addReportRegistration(...) before.
om1_1       | 2019-10-30 21:51:38,083 INFO server.AuthenticationFilter: Unable to initialize FileSignerSecretProvider, falling back to use random secrets.
s3g_1       | , while invoking $Proxy83.submitRequest over nodeId=om2,nodeAddress=om2:9862 after 1 failover attempts. Trying to failover immediately.
om2_1       | 2019-10-30 21:51:37,667 INFO impl.MetricsSystemImpl: Scheduled Metric snapshot period at 10 second(s).
datanode_3  | 2019-10-30 21:51:43,666 INFO impl.LeaderElection: 0cd5423d-1d5f-44dd-a06d-15ce3db2a0b0@group-3CAFDDC4927F-LeaderElection1: begin an election at term 1 for -1: [0cd5423d-1d5f-44dd-a06d-15ce3db2a0b0:172.18.0.9:9858], old=null
datanode_2  | 2019-10-30 21:51:38,630 INFO server.RaftServerConfigKeys: raft.server.log.queue.byte-limit = 2147483647 (custom)
datanode_1  | 2019-10-30 21:51:38,649 INFO server.RaftServerConfigKeys: raft.server.log.write.buffer.size = 33554432 (custom)
om3_1       | 2019-10-30 21:51:37,585 WARN impl.MetricRegistriesImpl: First MetricRegistry has been created without registering reporters. You may need to call MetricRegistries.global().addReportRegistration(...) before.
om1_1       | 2019-10-30 21:51:38,085 INFO http.HttpRequestLog: Http request log for http.requests.ozoneManager is not defined
s3g_1       | 2019-10-30 21:52:24,379 INFO retry.RetryInvocationHandler: com.google.protobuf.ServiceException: org.apache.hadoop.ipc.RemoteException(org.apache.hadoop.ozone.om.exceptions.NotLeaderException): OM om2 is not the leader. Suggested leader is om3
om2_1       | 2019-10-30 21:51:37,667 INFO impl.MetricsSystemImpl: OzoneManager metrics system started
datanode_2  | 2019-10-30 21:51:38,630 INFO server.RaftServerConfigKeys: raft.server.log.queue.element-limit = 1024 (custom)
datanode_3  | 2019-10-30 21:51:43,667 INFO impl.RoleInfo: 0cd5423d-1d5f-44dd-a06d-15ce3db2a0b0: shutdown LeaderElection
datanode_1  | 2019-10-30 21:51:38,649 INFO server.RaftServerConfigKeys: raft.server.log.force.sync.num = 128 (default)
om3_1       | 2019-10-30 21:51:37,587 INFO impl.MetricsConfig: Loaded properties from hadoop-metrics2.properties
om1_1       | 2019-10-30 21:51:38,092 INFO http.HttpServer2: Added global filter 'safety' (class=org.apache.hadoop.http.HttpServer2$QuotingInputFilter)
s3g_1       | 	at org.apache.hadoop.ozone.protocolPB.OzoneManagerProtocolServerSideTranslatorPB.createNotLeaderException(OzoneManagerProtocolServerSideTranslatorPB.java:190)
om2_1       | 2019-10-30 21:51:37,711 [main] INFO       - Starting OzoneManagerRatisServer om2 at port 9872
datanode_2  | 2019-10-30 21:51:38,630 INFO server.RaftServerConfigKeys: raft.server.log.segment.size.max = 1048576 (custom)
datanode_3  | 2019-10-30 21:51:43,667 INFO impl.RaftServerImpl: 0cd5423d-1d5f-44dd-a06d-15ce3db2a0b0@group-3CAFDDC4927F: changes role from CANDIDATE to LEADER at term 1 for changeToLeader
datanode_1  | 2019-10-30 21:51:38,649 INFO server.RaftServerConfigKeys: raft.server.log.statemachine.data.sync = true (default)
om3_1       | 2019-10-30 21:51:37,627 INFO impl.MetricsSystemImpl: Scheduled Metric snapshot period at 10 second(s).
om1_1       | 2019-10-30 21:51:38,095 INFO http.HttpServer2: Added filter static_user_filter (class=org.apache.hadoop.http.lib.StaticUserWebFilter$StaticUserFilter) to context ozoneManager
s3g_1       | 	at org.apache.hadoop.ozone.protocolPB.OzoneManagerProtocolServerSideTranslatorPB.submitReadRequestToOM(OzoneManagerProtocolServerSideTranslatorPB.java:176)
om2_1       | 2019-10-30 21:51:37,714 INFO impl.RaftServerImpl: om2@group-562213E44849: start as a follower, conf=-1: [om1:om1:9872, om3:om3:9872, om2:om2:9872], old=null
datanode_2  | 2019-10-30 21:51:38,630 INFO server.RaftServerConfigKeys: raft.server.log.preallocated.size = 16384 (custom)
datanode_3  | 2019-10-30 21:51:43,668 INFO impl.RaftServerImpl: 0cd5423d-1d5f-44dd-a06d-15ce3db2a0b0@group-3CAFDDC4927F: change Leader from null to 0cd5423d-1d5f-44dd-a06d-15ce3db2a0b0 at term 1 for becomeLeader, leader elected after 5266ms
datanode_1  | 2019-10-30 21:51:38,649 INFO server.RaftServerConfigKeys: raft.server.log.statemachine.data.sync.timeout = 10s (default)
om3_1       | 2019-10-30 21:51:37,628 INFO impl.MetricsSystemImpl: OzoneManager metrics system started
om1_1       | 2019-10-30 21:51:38,095 INFO http.HttpServer2: Added filter static_user_filter (class=org.apache.hadoop.http.lib.StaticUserWebFilter$StaticUserFilter) to context static
s3g_1       | 	at org.apache.hadoop.ozone.protocolPB.OzoneManagerProtocolServerSideTranslatorPB.processRequest(OzoneManagerProtocolServerSideTranslatorPB.java:110)
om2_1       | 2019-10-30 21:51:37,716 INFO impl.RaftServerImpl: om2@group-562213E44849: changes role from      null to FOLLOWER at term 0 for startAsFollower
datanode_2  | 2019-10-30 21:51:38,630 INFO server.RaftServerConfigKeys: raft.server.log.write.buffer.size = 33554432 (custom)
datanode_3  | 2019-10-30 21:51:43,671 INFO server.RaftServerConfigKeys: raft.server.staging.catchup.gap = 1000 (default)
om3_1       | 2019-10-30 21:51:37,653 [main] INFO       - Starting OzoneManagerRatisServer om3 at port 9872
om1_1       | 2019-10-30 21:51:38,095 INFO http.HttpServer2: Added filter static_user_filter (class=org.apache.hadoop.http.lib.StaticUserWebFilter$StaticUserFilter) to context logs
datanode_1  | 2019-10-30 21:51:38,649 INFO server.RaftServerConfigKeys: raft.server.log.statemachine.data.sync.timeout.retry = -1 (default)
s3g_1       | 	at org.apache.hadoop.hdds.server.OzoneProtocolMessageDispatcher.processRequest(OzoneProtocolMessageDispatcher.java:72)
om2_1       | 2019-10-30 21:51:37,717 INFO impl.RoleInfo: om2: start FollowerState
datanode_2  | 2019-10-30 21:51:38,630 INFO server.RaftServerConfigKeys: raft.server.log.force.sync.num = 128 (default)
datanode_3  | 2019-10-30 21:51:43,671 INFO server.RaftServerConfigKeys: raft.server.rpc.sleep.time = 25ms (default)
om3_1       | 2019-10-30 21:51:37,655 INFO impl.RaftServerImpl: om3@group-562213E44849: start as a follower, conf=-1: [om1:om1:9872, om3:om3:9872, om2:om2:9872], old=null
om1_1       | 2019-10-30 21:51:38,114 WARN server.BaseHttpServer: /prof java profiling servlet is activated. Not safe for production!
datanode_1  | 2019-10-30 21:51:38,649 INFO server.RaftServerConfigKeys: raft.server.log.statemachine.data.caching.enabled = true (custom)
s3g_1       | 	at org.apache.hadoop.ozone.protocolPB.OzoneManagerProtocolServerSideTranslatorPB.submitRequest(OzoneManagerProtocolServerSideTranslatorPB.java:100)
om2_1       | 2019-10-30 21:51:37,719 INFO util.JmxRegister: Successfully registered JMX Bean with object name Ratis:service=RaftServer,group=group-562213E44849,id=om2
datanode_2  | 2019-10-30 21:51:38,630 INFO server.RaftServerConfigKeys: raft.server.log.statemachine.data.sync = true (default)
datanode_3  | 2019-10-30 21:51:43,674 INFO server.RaftServerConfigKeys: raft.server.write.element-limit = 4096 (default)
om3_1       | 2019-10-30 21:51:37,658 INFO impl.RaftServerImpl: om3@group-562213E44849: changes role from      null to FOLLOWER at term 0 for startAsFollower
om1_1       | 2019-10-30 21:51:38,118 INFO http.HttpServer2: Jetty bound to port 9874
datanode_1  | 2019-10-30 21:51:38,649 INFO segmented.SegmentedRaftLogWorker: 68430a1c-a1d2-4b7d-8acd-dcfb82070289@group-C005EF1C1894-SegmentedRaftLogWorker: flushIndex: setUnconditionally 0 -> -1
s3g_1       | 	at org.apache.hadoop.ozone.protocol.proto.OzoneManagerProtocolProtos$OzoneManagerService$2.callBlockingMethod(OzoneManagerProtocolProtos.java)
om2_1       | 2019-10-30 21:51:37,721 WARN impl.MetricRegistriesImpl: First MetricRegistry has been created without registering reporters. You may need to call MetricRegistries.global().addReportRegistration(...) before.
datanode_3  | 2019-10-30 21:51:43,679 INFO server.RaftServerConfigKeys: raft.server.watch.timeout = 10s (default)
datanode_2  | 2019-10-30 21:51:38,630 INFO server.RaftServerConfigKeys: raft.server.log.statemachine.data.sync.timeout = 10s (default)
om3_1       | 2019-10-30 21:51:37,659 INFO impl.RoleInfo: om3: start FollowerState
om1_1       | 2019-10-30 21:51:38,119 INFO server.Server: jetty-9.3.25.v20180904, build timestamp: 2018-09-04T21:11:46Z, git hash: 3ce520221d0240229c862b122d2b06c12a625732
datanode_1  | 2019-10-30 21:51:38,650 INFO server.RaftServerConfigKeys: raft.server.snapshot.auto.trigger.enabled = true (custom)
s3g_1       | 	at org.apache.hadoop.ipc.ProtobufRpcEngine$Server$ProtoBufRpcInvoker.call(ProtobufRpcEngine.java:524)
om2_1       | 2019-10-30 21:51:37,723 INFO impl.RaftServerProxy: om2: start RPC server
datanode_3  | 2019-10-30 21:51:43,679 INFO server.RaftServerConfigKeys: raft.server.watch.timeout.denomination = 1s (default)
datanode_2  | 2019-10-30 21:51:38,630 INFO server.RaftServerConfigKeys: raft.server.log.statemachine.data.sync.timeout.retry = -1 (default)
om3_1       | 2019-10-30 21:51:37,663 INFO util.JmxRegister: Successfully registered JMX Bean with object name Ratis:service=RaftServer,group=group-562213E44849,id=om3
om1_1       | 2019-10-30 21:51:38,158 INFO handler.ContextHandler: Started o.e.j.s.ServletContextHandler@12219f6a{/logs,file:///var/log/hadoop/,AVAILABLE}
s3g_1       | 	at org.apache.hadoop.ipc.RPC$Server.call(RPC.java:1025)
om2_1       | 2019-10-30 21:51:37,822 INFO server.GrpcService: om2: GrpcService started, listening on 0.0.0.0/0.0.0.0:9872
datanode_3  | 2019-10-30 21:51:43,679 INFO server.RaftServerConfigKeys: raft.server.watch.element-limit = 65536 (default)
datanode_2  | 2019-10-30 21:51:38,630 INFO server.RaftServerConfigKeys: raft.server.log.statemachine.data.caching.enabled = true (custom)
om3_1       | 2019-10-30 21:51:37,665 WARN impl.MetricRegistriesImpl: First MetricRegistry has been created without registering reporters. You may need to call MetricRegistries.global().addReportRegistration(...) before.
datanode_1  | 2019-10-30 21:51:38,650 INFO server.RaftServerConfigKeys: raft.server.snapshot.auto.trigger.threshold = 10000 (custom)
om1_1       | 2019-10-30 21:51:38,159 INFO handler.ContextHandler: Started o.e.j.s.ServletContextHandler@4bc6da03{/static,jar:file:/opt/hadoop/share/ozone/lib/hadoop-ozone-ozone-manager-0.5.0-SNAPSHOT.jar!/webapps/static,AVAILABLE}
om2_1       | 2019-10-30 21:51:37,838 INFO ipc.Server: IPC Server listener on 9862: starting
s3g_1       | 	at org.apache.hadoop.ipc.Server$RpcCall.run(Server.java:876)
datanode_3  | 2019-10-30 21:51:43,686 INFO impl.RoleInfo: 0cd5423d-1d5f-44dd-a06d-15ce3db2a0b0: start LeaderState
datanode_2  | 2019-10-30 21:51:38,631 INFO segmented.SegmentedRaftLogWorker: 9aeb21fa-ab07-49ce-9520-15fa7b8566de@group-C005EF1C1894-SegmentedRaftLogWorker: flushIndex: setUnconditionally 0 -> -1
om3_1       | 2019-10-30 21:51:37,669 INFO impl.RaftServerProxy: om3: start RPC server
datanode_1  | 2019-10-30 21:51:38,650 INFO server.RaftServerConfigKeys: raft.server.snapshot.retention.file.num = 5 (custom)
om1_1       | 2019-10-30 21:51:38,261 INFO handler.ContextHandler: Started o.e.j.w.WebAppContext@7eeb38b2{/,file:///tmp/jetty-0.0.0.0-9874-ozoneManager-_-any-1615870260509048622.dir/webapp/,AVAILABLE}{/ozoneManager}
om2_1       | 2019-10-30 21:51:37,838 INFO ipc.Server: IPC Server Responder: starting
s3g_1       | 	at org.apache.hadoop.ipc.Server$RpcCall.run(Server.java:822)
datanode_3  | 2019-10-30 21:51:43,707 INFO segmented.SegmentedRaftLogWorker: 0cd5423d-1d5f-44dd-a06d-15ce3db2a0b0@group-3CAFDDC4927F-SegmentedRaftLogWorker: Starting segment from index:0
datanode_2  | 2019-10-30 21:51:38,631 INFO server.RaftServerConfigKeys: raft.server.snapshot.auto.trigger.enabled = true (custom)
om3_1       | 2019-10-30 21:51:37,791 INFO server.GrpcService: om3: GrpcService started, listening on 0.0.0.0/0.0.0.0:9872
datanode_1  | 2019-10-30 21:51:38,650 INFO server.RaftServerConfigKeys: raft.server.retrycache.expirytime = 600000ms (custom)
om2_1       | 2019-10-30 21:51:37,969 INFO hdfs.DFSUtil: Starting Web-server for ozoneManager at: http://0.0.0.0:9874
om1_1       | 2019-10-30 21:51:38,267 INFO server.AbstractConnector: Started ServerConnector@124d26ba{HTTP/1.1,[http/1.1]}{0.0.0.0:9874}
s3g_1       | 	at java.base/java.security.AccessController.doPrivileged(Native Method)
datanode_3  | 2019-10-30 21:51:43,718 INFO impl.RaftServerImpl: 0cd5423d-1d5f-44dd-a06d-15ce3db2a0b0@group-3CAFDDC4927F: set configuration 0: [0cd5423d-1d5f-44dd-a06d-15ce3db2a0b0:172.18.0.9:9858], old=null at 0
datanode_2  | 2019-10-30 21:51:38,631 INFO server.RaftServerConfigKeys: raft.server.snapshot.auto.trigger.threshold = 10000 (custom)
om3_1       | 2019-10-30 21:51:37,811 INFO ipc.Server: IPC Server Responder: starting
datanode_1  | 2019-10-30 21:51:38,651 WARN impl.MetricRegistriesImpl: First MetricRegistry has been created without registering reporters. You may need to call MetricRegistries.global().addReportRegistration(...) before.
om2_1       | 2019-10-30 21:51:38,079 INFO server.AuthenticationFilter: Unable to initialize FileSignerSecretProvider, falling back to use random secrets.
s3g_1       | 	at java.base/javax.security.auth.Subject.doAs(Subject.java:423)
datanode_3  | 2019-10-30 21:51:43,742 INFO impl.FollowerState: 0cd5423d-1d5f-44dd-a06d-15ce3db2a0b0@group-C005EF1C1894-FollowerState: change to CANDIDATE, lastRpcTime:5090ms, electionTimeout:5090ms
om1_1       | 2019-10-30 21:51:38,267 INFO server.Server: Started @4162ms
datanode_2  | 2019-10-30 21:51:38,632 INFO server.RaftServerConfigKeys: raft.server.snapshot.retention.file.num = 5 (custom)
om3_1       | 2019-10-30 21:51:37,811 INFO ipc.Server: IPC Server listener on 9862: starting
datanode_1  | 2019-10-30 21:51:38,651 WARN impl.MetricRegistriesImpl: First MetricRegistry has been created without registering reporters. You may need to call MetricRegistries.global().addReportRegistration(...) before.
om2_1       | 2019-10-30 21:51:38,082 INFO http.HttpRequestLog: Http request log for http.requests.ozoneManager is not defined
s3g_1       | 	at org.apache.hadoop.security.UserGroupInformation.doAs(UserGroupInformation.java:1730)
datanode_3  | 2019-10-30 21:51:43,743 INFO impl.RoleInfo: 0cd5423d-1d5f-44dd-a06d-15ce3db2a0b0: shutdown FollowerState
om1_1       | 2019-10-30 21:51:38,270 INFO impl.MetricsSinkAdapter: Sink prometheus started
om3_1       | 2019-10-30 21:51:37,878 INFO hdfs.DFSUtil: Starting Web-server for ozoneManager at: http://0.0.0.0:9874
datanode_2  | 2019-10-30 21:51:38,632 INFO server.RaftServerConfigKeys: raft.server.retrycache.expirytime = 600000ms (custom)
datanode_1  | 2019-10-30 21:51:38,651 INFO impl.RaftServerImpl: 68430a1c-a1d2-4b7d-8acd-dcfb82070289@group-C005EF1C1894: start as a follower, conf=-1: [9aeb21fa-ab07-49ce-9520-15fa7b8566de:172.18.0.3:9858, 68430a1c-a1d2-4b7d-8acd-dcfb82070289:172.18.0.7:9858, 0cd5423d-1d5f-44dd-a06d-15ce3db2a0b0:172.18.0.9:9858], old=null
s3g_1       | 	at org.apache.hadoop.ipc.Server$Handler.run(Server.java:2682)
om2_1       | 2019-10-30 21:51:38,090 INFO http.HttpServer2: Added global filter 'safety' (class=org.apache.hadoop.http.HttpServer2$QuotingInputFilter)
datanode_3  | 2019-10-30 21:51:43,743 INFO impl.RaftServerImpl: 0cd5423d-1d5f-44dd-a06d-15ce3db2a0b0@group-C005EF1C1894: changes role from  FOLLOWER to CANDIDATE at term 0 for changeToCandidate
om1_1       | 2019-10-30 21:51:38,270 INFO impl.MetricsSystemImpl: Registered sink prometheus
om3_1       | 2019-10-30 21:51:38,025 INFO server.AuthenticationFilter: Unable to initialize FileSignerSecretProvider, falling back to use random secrets.
datanode_2  | 2019-10-30 21:51:38,632 WARN impl.MetricRegistriesImpl: First MetricRegistry has been created without registering reporters. You may need to call MetricRegistries.global().addReportRegistration(...) before.
datanode_1  | 2019-10-30 21:51:38,651 INFO impl.RaftServerImpl: 68430a1c-a1d2-4b7d-8acd-dcfb82070289@group-C005EF1C1894: changes role from      null to FOLLOWER at term 0 for startAsFollower
s3g_1       | , while invoking $Proxy83.submitRequest over nodeId=om2,nodeAddress=om2:9862 after 1 failover attempts. Trying to failover immediately.
om2_1       | 2019-10-30 21:51:38,093 INFO http.HttpServer2: Added filter static_user_filter (class=org.apache.hadoop.http.lib.StaticUserWebFilter$StaticUserFilter) to context ozoneManager
datanode_3  | 2019-10-30 21:51:43,743 INFO impl.RoleInfo: 0cd5423d-1d5f-44dd-a06d-15ce3db2a0b0: start LeaderElection
om1_1       | 2019-10-30 21:51:38,272 INFO server.BaseHttpServer: HTTP server of OZONEMANAGER is listening at http://0.0.0.0:9874
om3_1       | 2019-10-30 21:51:38,028 INFO http.HttpRequestLog: Http request log for http.requests.ozoneManager is not defined
datanode_2  | 2019-10-30 21:51:38,632 WARN impl.MetricRegistriesImpl: First MetricRegistry has been created without registering reporters. You may need to call MetricRegistries.global().addReportRegistration(...) before.
datanode_1  | 2019-10-30 21:51:38,651 INFO impl.RoleInfo: 68430a1c-a1d2-4b7d-8acd-dcfb82070289: start FollowerState
s3g_1       | 2019-10-30 21:52:24,435 [qtp702846463-29] INFO       - Location is /bucket-28879
om2_1       | 2019-10-30 21:51:38,093 INFO http.HttpServer2: Added filter static_user_filter (class=org.apache.hadoop.http.lib.StaticUserWebFilter$StaticUserFilter) to context static
datanode_3  | 2019-10-30 21:51:43,760 INFO impl.LeaderElection: 0cd5423d-1d5f-44dd-a06d-15ce3db2a0b0@group-C005EF1C1894-LeaderElection2: begin an election at term 1 for -1: [9aeb21fa-ab07-49ce-9520-15fa7b8566de:172.18.0.3:9858, 68430a1c-a1d2-4b7d-8acd-dcfb82070289:172.18.0.7:9858, 0cd5423d-1d5f-44dd-a06d-15ce3db2a0b0:172.18.0.9:9858], old=null
om1_1       | 2019-10-30 21:51:38,898 INFO impl.FollowerState: om1@group-562213E44849-FollowerState: change to CANDIDATE, lastRpcTime:1185ms, electionTimeout:1185ms
om3_1       | 2019-10-30 21:51:38,035 INFO http.HttpServer2: Added global filter 'safety' (class=org.apache.hadoop.http.HttpServer2$QuotingInputFilter)
datanode_2  | 2019-10-30 21:51:38,632 INFO impl.RaftServerImpl: 9aeb21fa-ab07-49ce-9520-15fa7b8566de@group-C005EF1C1894: start as a follower, conf=-1: [9aeb21fa-ab07-49ce-9520-15fa7b8566de:172.18.0.3:9858, 68430a1c-a1d2-4b7d-8acd-dcfb82070289:172.18.0.7:9858, 0cd5423d-1d5f-44dd-a06d-15ce3db2a0b0:172.18.0.9:9858], old=null
datanode_1  | 2019-10-30 21:51:38,651 INFO util.JmxRegister: Successfully registered JMX Bean with object name Ratis:service=RaftServer,group=group-C005EF1C1894,id=68430a1c-a1d2-4b7d-8acd-dcfb82070289
s3g_1       | 2019-10-30 21:52:25,022 INFO retry.RetryInvocationHandler: com.google.protobuf.ServiceException: org.apache.hadoop.ipc.RemoteException(org.apache.hadoop.ozone.om.exceptions.NotLeaderException): OM om2 is not the leader. Suggested leader is om3
om2_1       | 2019-10-30 21:51:38,093 INFO http.HttpServer2: Added filter static_user_filter (class=org.apache.hadoop.http.lib.StaticUserWebFilter$StaticUserFilter) to context logs
datanode_3  | 2019-10-30 21:51:43,872 INFO segmented.SegmentedRaftLogWorker: 0cd5423d-1d5f-44dd-a06d-15ce3db2a0b0@group-3CAFDDC4927F-SegmentedRaftLogWorker: created new log segment /data/metadata/ratis/8d3431e9-f43d-49ce-a4b4-3cafddc4927f/current/log_inprogress_0
om1_1       | 2019-10-30 21:51:38,899 INFO impl.RoleInfo: om1: shutdown FollowerState
om3_1       | 2019-10-30 21:51:38,036 INFO http.HttpServer2: Added filter static_user_filter (class=org.apache.hadoop.http.lib.StaticUserWebFilter$StaticUserFilter) to context ozoneManager
datanode_1  | 2019-10-30 21:51:38,651 WARN impl.MetricRegistriesImpl: First MetricRegistry has been created without registering reporters. You may need to call MetricRegistries.global().addReportRegistration(...) before.
datanode_2  | 2019-10-30 21:51:38,633 INFO impl.RaftServerImpl: 9aeb21fa-ab07-49ce-9520-15fa7b8566de@group-C005EF1C1894: changes role from      null to FOLLOWER at term 0 for startAsFollower
om2_1       | 2019-10-30 21:51:38,112 WARN server.BaseHttpServer: /prof java profiling servlet is activated. Not safe for production!
s3g_1       | 	at org.apache.hadoop.ozone.protocolPB.OzoneManagerProtocolServerSideTranslatorPB.createNotLeaderException(OzoneManagerProtocolServerSideTranslatorPB.java:190)
datanode_3  | 2019-10-30 21:51:43,975 INFO impl.LeaderElection: 0cd5423d-1d5f-44dd-a06d-15ce3db2a0b0@group-C005EF1C1894-LeaderElection2: Election REJECTED; received 2 response(s) [0cd5423d-1d5f-44dd-a06d-15ce3db2a0b0<-9aeb21fa-ab07-49ce-9520-15fa7b8566de#0:FAIL-t1, 0cd5423d-1d5f-44dd-a06d-15ce3db2a0b0<-68430a1c-a1d2-4b7d-8acd-dcfb82070289#0:FAIL-t1] and 0 exception(s); 0cd5423d-1d5f-44dd-a06d-15ce3db2a0b0@group-C005EF1C1894:t1, leader=null, voted=0cd5423d-1d5f-44dd-a06d-15ce3db2a0b0, raftlog=0cd5423d-1d5f-44dd-a06d-15ce3db2a0b0@group-C005EF1C1894-SegmentedRaftLog:OPENED:c-1,f-1,i0, conf=-1: [9aeb21fa-ab07-49ce-9520-15fa7b8566de:172.18.0.3:9858, 68430a1c-a1d2-4b7d-8acd-dcfb82070289:172.18.0.7:9858, 0cd5423d-1d5f-44dd-a06d-15ce3db2a0b0:172.18.0.9:9858], old=null
om1_1       | 2019-10-30 21:51:38,899 INFO impl.RaftServerImpl: om1@group-562213E44849: changes role from  FOLLOWER to CANDIDATE at term 0 for changeToCandidate
om3_1       | 2019-10-30 21:51:38,036 INFO http.HttpServer2: Added filter static_user_filter (class=org.apache.hadoop.http.lib.StaticUserWebFilter$StaticUserFilter) to context logs
datanode_1  | 2019-10-30 21:51:43,118 INFO impl.FollowerState: 68430a1c-a1d2-4b7d-8acd-dcfb82070289@group-5E8E1476376B-FollowerState: change to CANDIDATE, lastRpcTime:5113ms, electionTimeout:5113ms
datanode_2  | 2019-10-30 21:51:38,633 INFO impl.RoleInfo: 9aeb21fa-ab07-49ce-9520-15fa7b8566de: start FollowerState
om2_1       | 2019-10-30 21:51:38,115 INFO http.HttpServer2: Jetty bound to port 9874
s3g_1       | 	at org.apache.hadoop.ozone.protocolPB.OzoneManagerProtocolServerSideTranslatorPB.submitReadRequestToOM(OzoneManagerProtocolServerSideTranslatorPB.java:176)
om3_1       | 2019-10-30 21:51:38,037 INFO http.HttpServer2: Added filter static_user_filter (class=org.apache.hadoop.http.lib.StaticUserWebFilter$StaticUserFilter) to context static
om1_1       | 2019-10-30 21:51:38,902 INFO impl.RoleInfo: om1: start LeaderElection
datanode_1  | 2019-10-30 21:51:43,120 INFO impl.RoleInfo: 68430a1c-a1d2-4b7d-8acd-dcfb82070289: shutdown FollowerState
datanode_2  | 2019-10-30 21:51:38,634 INFO util.JmxRegister: Successfully registered JMX Bean with object name Ratis:service=RaftServer,group=group-C005EF1C1894,id=9aeb21fa-ab07-49ce-9520-15fa7b8566de
s3g_1       | 	at org.apache.hadoop.ozone.protocolPB.OzoneManagerProtocolServerSideTranslatorPB.processRequest(OzoneManagerProtocolServerSideTranslatorPB.java:110)
om3_1       | 2019-10-30 21:51:38,057 WARN server.BaseHttpServer: /prof java profiling servlet is activated. Not safe for production!
datanode_3  | 2019-10-30 21:51:43,976 INFO impl.RaftServerImpl: 0cd5423d-1d5f-44dd-a06d-15ce3db2a0b0@group-C005EF1C1894: changes role from CANDIDATE to FOLLOWER at term 1 for DISCOVERED_A_NEW_TERM
om2_1       | 2019-10-30 21:51:38,117 INFO server.Server: jetty-9.3.25.v20180904, build timestamp: 2018-09-04T21:11:46Z, git hash: 3ce520221d0240229c862b122d2b06c12a625732
om1_1       | 2019-10-30 21:51:38,916 INFO impl.LeaderElection: om1@group-562213E44849-LeaderElection1: begin an election at term 1 for -1: [om1:om1:9872, om3:om3:9872, om2:om2:9872], old=null
datanode_1  | 2019-10-30 21:51:43,121 INFO impl.RaftServerImpl: 68430a1c-a1d2-4b7d-8acd-dcfb82070289@group-5E8E1476376B: changes role from  FOLLOWER to CANDIDATE at term 0 for changeToCandidate
datanode_2  | 2019-10-30 21:51:38,634 WARN impl.MetricRegistriesImpl: First MetricRegistry has been created without registering reporters. You may need to call MetricRegistries.global().addReportRegistration(...) before.
s3g_1       | 	at org.apache.hadoop.hdds.server.OzoneProtocolMessageDispatcher.processRequest(OzoneProtocolMessageDispatcher.java:72)
om3_1       | 2019-10-30 21:51:38,060 INFO http.HttpServer2: Jetty bound to port 9874
om2_1       | 2019-10-30 21:51:38,144 INFO handler.ContextHandler: Started o.e.j.s.ServletContextHandler@12219f6a{/logs,file:///var/log/hadoop/,AVAILABLE}
datanode_1  | 2019-10-30 21:51:43,126 INFO impl.RoleInfo: 68430a1c-a1d2-4b7d-8acd-dcfb82070289: start LeaderElection
s3g_1       | 	at org.apache.hadoop.ozone.protocolPB.OzoneManagerProtocolServerSideTranslatorPB.submitRequest(OzoneManagerProtocolServerSideTranslatorPB.java:100)
om1_1       | WARNING: An illegal reflective access operation has occurred
om3_1       | 2019-10-30 21:51:38,061 INFO server.Server: jetty-9.3.25.v20180904, build timestamp: 2018-09-04T21:11:46Z, git hash: 3ce520221d0240229c862b122d2b06c12a625732
datanode_1  | 2019-10-30 21:51:43,142 INFO impl.LeaderElection: 68430a1c-a1d2-4b7d-8acd-dcfb82070289@group-5E8E1476376B-LeaderElection1: begin an election at term 1 for -1: [68430a1c-a1d2-4b7d-8acd-dcfb82070289:172.18.0.7:9858], old=null
datanode_3  | 2019-10-30 21:51:43,976 INFO impl.RoleInfo: 0cd5423d-1d5f-44dd-a06d-15ce3db2a0b0: shutdown LeaderElection
om2_1       | 2019-10-30 21:51:38,145 INFO handler.ContextHandler: Started o.e.j.s.ServletContextHandler@4bc6da03{/static,jar:file:/opt/hadoop/share/ozone/lib/hadoop-ozone-ozone-manager-0.5.0-SNAPSHOT.jar!/webapps/static,AVAILABLE}
s3g_1       | 	at org.apache.hadoop.ozone.protocol.proto.OzoneManagerProtocolProtos$OzoneManagerService$2.callBlockingMethod(OzoneManagerProtocolProtos.java)
om1_1       | WARNING: Illegal reflective access by org.apache.ratis.thirdparty.com.google.protobuf.UnsafeUtil (file:/opt/hadoop/share/ozone/lib/ratis-thirdparty-misc-0.2.0.jar) to field java.nio.Buffer.address
datanode_2  | 2019-10-30 21:51:42,471 INFO impl.FollowerState: 9aeb21fa-ab07-49ce-9520-15fa7b8566de@group-14ED0F6BA554-FollowerState: change to CANDIDATE, lastRpcTime:5042ms, electionTimeout:5041ms
om3_1       | 2019-10-30 21:51:38,093 INFO handler.ContextHandler: Started o.e.j.s.ServletContextHandler@5ae15{/logs,file:///var/log/hadoop/,AVAILABLE}
datanode_1  | 2019-10-30 21:51:43,143 INFO impl.RoleInfo: 68430a1c-a1d2-4b7d-8acd-dcfb82070289: shutdown LeaderElection
datanode_3  | 2019-10-30 21:51:43,976 INFO impl.RoleInfo: 0cd5423d-1d5f-44dd-a06d-15ce3db2a0b0: start FollowerState
om2_1       | 2019-10-30 21:51:38,263 INFO handler.ContextHandler: Started o.e.j.w.WebAppContext@7eeb38b2{/,file:///tmp/jetty-0.0.0.0-9874-ozoneManager-_-any-17665876076557935619.dir/webapp/,AVAILABLE}{/ozoneManager}
s3g_1       | 	at org.apache.hadoop.ipc.ProtobufRpcEngine$Server$ProtoBufRpcInvoker.call(ProtobufRpcEngine.java:524)
om1_1       | WARNING: Please consider reporting this to the maintainers of org.apache.ratis.thirdparty.com.google.protobuf.UnsafeUtil
datanode_2  | 2019-10-30 21:51:42,473 INFO impl.RoleInfo: 9aeb21fa-ab07-49ce-9520-15fa7b8566de: shutdown FollowerState
om3_1       | 2019-10-30 21:51:38,094 INFO handler.ContextHandler: Started o.e.j.s.ServletContextHandler@523a7801{/static,jar:file:/opt/hadoop/share/ozone/lib/hadoop-ozone-ozone-manager-0.5.0-SNAPSHOT.jar!/webapps/static,AVAILABLE}
datanode_1  | 2019-10-30 21:51:43,144 INFO impl.RaftServerImpl: 68430a1c-a1d2-4b7d-8acd-dcfb82070289@group-5E8E1476376B: changes role from CANDIDATE to LEADER at term 1 for changeToLeader
datanode_3  | 2019-10-30 21:51:49,126 INFO impl.FollowerState: 0cd5423d-1d5f-44dd-a06d-15ce3db2a0b0@group-C005EF1C1894-FollowerState: change to CANDIDATE, lastRpcTime:5149ms, electionTimeout:5149ms
s3g_1       | 	at org.apache.hadoop.ipc.RPC$Server.call(RPC.java:1025)
om2_1       | 2019-10-30 21:51:38,268 INFO server.AbstractConnector: Started ServerConnector@124d26ba{HTTP/1.1,[http/1.1]}{0.0.0.0:9874}
om1_1       | WARNING: Use --illegal-access=warn to enable warnings of further illegal reflective access operations
datanode_2  | 2019-10-30 21:51:42,474 INFO impl.RaftServerImpl: 9aeb21fa-ab07-49ce-9520-15fa7b8566de@group-14ED0F6BA554: changes role from  FOLLOWER to CANDIDATE at term 0 for changeToCandidate
