Attaching to ozonesecure_scm_1, ozonesecure_datanode_3, ozonesecure_recon_1, ozonesecure_om_1, ozonesecure_datanode_1, ozonesecure_datanode_2, ozonesecure_s3g_1, ozonesecure_kdc_1, ozonesecure_kms_1
datanode_3  | Sleeping for 5 seconds
datanode_3  | Setting up kerberos!!
datanode_3  | KDC ISSUER_SERVER => kdc:8081
scm_1       | Sleeping for 5 seconds
datanode_3  | Sleeping for 5 seconds
scm_1       | Setting up kerberos!!
datanode_3  | Got 200, KDC service ready!!
scm_1       | KDC ISSUER_SERVER => kdc:8081
datanode_3  | Download dn/2a50865dbc0d@EXAMPLE.COM keytab file to /etc/security/keytabs/dn.keytab
scm_1       | Sleeping for 5 seconds
datanode_3  | --2019-11-17 05:23:23--  http://kdc:8081/keytab/2a50865dbc0d/dn
om_1        | Sleeping for 5 seconds
scm_1       | Got 200, KDC service ready!!
datanode_3  | Resolving kdc (kdc)... 172.19.0.2
om_1        | Setting up kerberos!!
scm_1       | Download dn/scm@EXAMPLE.COM keytab file to /etc/security/keytabs/dn.keytab
recon_1     | Sleeping for 5 seconds
s3g_1       | Sleeping for 5 seconds
datanode_3  | Connecting to kdc (kdc)|172.19.0.2|:8081... connected.
om_1        | KDC ISSUER_SERVER => kdc:8081
scm_1       | --2019-11-17 05:23:24--  http://kdc:8081/keytab/scm/dn
datanode_1  | Sleeping for 5 seconds
recon_1     | Waiting for the service om:9874
s3g_1       | Setting up kerberos!!
datanode_3  | HTTP request sent, awaiting response... 200 OK
om_1        | Sleeping for 5 seconds
scm_1       | Resolving kdc (kdc)... 172.19.0.2
kdc_1       | Issuer is listening on : 8081krb5kdc: starting...
datanode_1  | Setting up kerberos!!
datanode_2  | Sleeping for 5 seconds
recon_1     | Setting up kerberos!!
s3g_1       | KDC ISSUER_SERVER => kdc:8081
datanode_3  | Length: 158 [application/octet-stream]
om_1        | Got 200, KDC service ready!!
scm_1       | Connecting to kdc (kdc)|172.19.0.2|:8081... connected.
kdc_1       | kadmind: starting...
datanode_1  | KDC ISSUER_SERVER => kdc:8081
kms_1       | Sleeping for 5 seconds
datanode_2  | Setting up kerberos!!
recon_1     | KDC ISSUER_SERVER => kdc:8081
s3g_1       | Sleeping for 5 seconds
datanode_3  | Saving to: '/etc/security/keytabs/dn.keytab'
om_1        | Download dn/om@EXAMPLE.COM keytab file to /etc/security/keytabs/dn.keytab
scm_1       | HTTP request sent, awaiting response... 200 OK
kdc_1       | otp: Loaded
datanode_1  | Sleeping for 5 seconds
datanode_2  | KDC ISSUER_SERVER => kdc:8081
recon_1     | Sleeping for 5 seconds
s3g_1       | Got 200, KDC service ready!!
kms_1       | Setting up kerberos!!
datanode_3  | 
om_1        | --2019-11-17 05:23:23--  http://kdc:8081/keytab/om/dn
scm_1       | Length: 140 [application/octet-stream]
kdc_1       | Nov 17 05:23:12 kdc krb5kdc[9](info): setting up network...
datanode_1  | Got 200, KDC service ready!!
datanode_2  | Sleeping for 5 seconds
recon_1     | Got 200, KDC service ready!!
s3g_1       | Download dn/s3g@EXAMPLE.COM keytab file to /etc/security/keytabs/dn.keytab
kms_1       | KDC ISSUER_SERVER => kdc:8081
datanode_3  |      0K                                                       100% 11.1M=0s
om_1        | Resolving kdc (kdc)... 172.19.0.2
scm_1       | Saving to: '/etc/security/keytabs/dn.keytab'
kdc_1       | krb5kdc: setsockopt(9,IPV6_V6ONLY,1) worked
datanode_1  | Download dn/3f4750b60666@EXAMPLE.COM keytab file to /etc/security/keytabs/dn.keytab
datanode_2  | Got 200, KDC service ready!!
recon_1     | Download dn/recon@EXAMPLE.COM keytab file to /etc/security/keytabs/dn.keytab
s3g_1       | --2019-11-17 05:23:23--  http://kdc:8081/keytab/s3g/dn
kms_1       | /opt/starter.sh: line 66: SLEEP_SECONDS: command not found
om_1        | Connecting to kdc (kdc)|172.19.0.2|:8081... connected.
scm_1       | 
kdc_1       | krb5kdc: setsockopt(11,IPV6_V6ONLY,1) worked
datanode_1  | --2019-11-17 05:23:23--  http://kdc:8081/keytab/3f4750b60666/dn
datanode_2  | Download dn/2cfda22e5a30@EXAMPLE.COM keytab file to /etc/security/keytabs/dn.keytab
datanode_3  | 
recon_1     | --2019-11-17 05:23:47--  http://kdc:8081/keytab/recon/dn
s3g_1       | Resolving kdc (kdc)... 172.19.0.2
kms_1       | Sleeping for  seconds
om_1        | HTTP request sent, awaiting response... 200 OK
kdc_1       | Nov 17 05:23:12 kdc krb5kdc[9](info): set up 4 sockets
scm_1       |      0K                                                       100% 7.72M=0s
datanode_1  | Resolving kdc (kdc)... 172.19.0.2
datanode_2  | --2019-11-17 05:23:23--  http://kdc:8081/keytab/2cfda22e5a30/dn
datanode_3  | 2019-11-17 05:23:24 (11.1 MB/s) - '/etc/security/keytabs/dn.keytab' saved [158/158]
recon_1     | Resolving kdc (kdc)... 172.19.0.2
s3g_1       | Connecting to kdc (kdc)|172.19.0.2|:8081... connected.
kms_1       | Got 200, KDC service ready!!
om_1        | Length: 138 [application/octet-stream]
kdc_1       | Nov 17 05:23:12 kdc krb5kdc[9](info): commencing operation
scm_1       | 
datanode_1  | Connecting to kdc (kdc)|172.19.0.2|:8081... connected.
datanode_2  | Resolving kdc (kdc)... 172.19.0.2
datanode_3  | 
recon_1     | Connecting to kdc (kdc)|172.19.0.2|:8081... connected.
s3g_1       | HTTP request sent, awaiting response... 200 OK
kms_1       | Download dn/8426fddf1aba@EXAMPLE.COM keytab file to /etc/security/keytabs/dn.keytab
om_1        | Saving to: '/etc/security/keytabs/dn.keytab'
kdc_1       | Nov 17 05:23:01 ac8ffe556472 kadmin.local[1](info): No dictionary file specified, continuing without one.
scm_1       | 2019-11-17 05:23:25 (7.72 MB/s) - '/etc/security/keytabs/dn.keytab' saved [140/140]
datanode_1  | HTTP request sent, awaiting response... 200 OK
recon_1     | HTTP request sent, awaiting response... 200 OK
datanode_3  | Keytab name: FILE:/etc/security/keytabs/dn.keytab
datanode_2  | Connecting to kdc (kdc)|172.19.0.2|:8081... connected.
s3g_1       | Length: 140 [application/octet-stream]
om_1        | 
kdc_1       | Nov 17 05:23:02 cb52fb3b51de kadmin.local[1](info): No dictionary file specified, continuing without one.
datanode_1  | Length: 158 [application/octet-stream]
scm_1       | 
kms_1       | --2019-11-17 05:23:22--  http://kdc:8081/keytab/8426fddf1aba/dn
recon_1     | Length: 144 [application/octet-stream]
datanode_3  | KVNO Timestamp         Principal
datanode_2  | HTTP request sent, awaiting response... 200 OK
s3g_1       | Saving to: '/etc/security/keytabs/dn.keytab'
om_1        |      0K                                                       100% 10.3M=0s
kdc_1       | Nov 17 05:23:16 kdc kadmind[15](info): No dictionary file specified, continuing without one.
scm_1       | Keytab name: FILE:/etc/security/keytabs/dn.keytab
datanode_1  | Saving to: '/etc/security/keytabs/dn.keytab'
kms_1       | Resolving kdc (kdc)... 172.19.0.2
recon_1     | Saving to: '/etc/security/keytabs/dn.keytab'
datanode_3  | ---- ----------------- --------------------------------------------------------
datanode_2  | Length: 158 [application/octet-stream]
s3g_1       | 
om_1        | 
kdc_1       | Nov 17 05:23:16 kdc kadmind[15](info): setting up network...
scm_1       | KVNO Timestamp         Principal
datanode_1  | 
recon_1     | 
datanode_3  |    2 11/17/19 05:23:24 dn/2a50865dbc0d@EXAMPLE.COM
kms_1       | Connecting to kdc (kdc)|172.19.0.2|:8081... connected.
datanode_2  | Saving to: '/etc/security/keytabs/dn.keytab'
s3g_1       |      0K                                                       100% 10.2M=0s
om_1        | 2019-11-17 05:23:23 (10.3 MB/s) - '/etc/security/keytabs/dn.keytab' saved [138/138]
kdc_1       | kadmind: setsockopt(9,IPV6_V6ONLY,1) worked
scm_1       | ---- ----------------- --------------------------------------------------------
datanode_1  |      0K                                                       100% 9.24M=0s
datanode_3  |    2 11/17/19 05:23:24 dn/2a50865dbc0d@EXAMPLE.COM
recon_1     |      0K                                                       100% 11.4M=0s
kms_1       | HTTP request sent, awaiting response... 200 OK
datanode_2  | 
s3g_1       | 
om_1        | 
scm_1       |    2 11/17/19 05:23:25 dn/scm@EXAMPLE.COM
kdc_1       | kadmind: setsockopt(11,IPV6_V6ONLY,1) worked
datanode_1  | 
datanode_3  | Download om/2a50865dbc0d@EXAMPLE.COM keytab file to /etc/security/keytabs/om.keytab
recon_1     | 
kms_1       | Length: 158 [application/octet-stream]
datanode_2  |      0K                                                       100% 11.7M=0s
s3g_1       | 2019-11-17 05:23:24 (10.2 MB/s) - '/etc/security/keytabs/dn.keytab' saved [140/140]
om_1        | Keytab name: FILE:/etc/security/keytabs/dn.keytab
scm_1       |    2 11/17/19 05:23:25 dn/scm@EXAMPLE.COM
kdc_1       | kadmind: setsockopt(13,IPV6_V6ONLY,1) worked
datanode_1  | 2019-11-17 05:23:23 (9.24 MB/s) - '/etc/security/keytabs/dn.keytab' saved [158/158]
datanode_3  | --2019-11-17 05:23:24--  http://kdc:8081/keytab/2a50865dbc0d/om
recon_1     | 2019-11-17 05:23:47 (11.4 MB/s) - '/etc/security/keytabs/dn.keytab' saved [144/144]
kms_1       | Saving to: '/etc/security/keytabs/dn.keytab'
datanode_2  | 
s3g_1       | 
om_1        | KVNO Timestamp         Principal
scm_1       | Download om/scm@EXAMPLE.COM keytab file to /etc/security/keytabs/om.keytab
kdc_1       | Nov 17 05:23:16 kdc kadmind[15](info): set up 6 sockets
datanode_1  | 
datanode_3  | Resolving kdc (kdc)... 172.19.0.2
recon_1     | 
kms_1       | 
datanode_2  | 2019-11-17 05:23:23 (11.7 MB/s) - '/etc/security/keytabs/dn.keytab' saved [158/158]
s3g_1       | Keytab name: FILE:/etc/security/keytabs/dn.keytab
scm_1       | --2019-11-17 05:23:25--  http://kdc:8081/keytab/scm/om
kdc_1       | Nov 17 05:23:16 kdc kadmind[15](info): Seeding random number generator
datanode_1  | Keytab name: FILE:/etc/security/keytabs/dn.keytab
om_1        | ---- ----------------- --------------------------------------------------------
datanode_3  | Connecting to kdc (kdc)|172.19.0.2|:8081... connected.
recon_1     | Keytab name: FILE:/etc/security/keytabs/dn.keytab
kms_1       |      0K                                                       100% 8.93M=0s
datanode_2  | 
s3g_1       | KVNO Timestamp         Principal
scm_1       | Resolving kdc (kdc)... 172.19.0.2
kdc_1       | Nov 17 05:23:16 kdc kadmind[15](info): starting
datanode_1  | KVNO Timestamp         Principal
om_1        |    2 11/17/19 05:23:23 dn/om@EXAMPLE.COM
recon_1     | KVNO Timestamp         Principal
datanode_3  | HTTP request sent, awaiting response... 200 OK
kms_1       | 
datanode_2  | Keytab name: FILE:/etc/security/keytabs/dn.keytab
s3g_1       | ---- ----------------- --------------------------------------------------------
scm_1       | Connecting to kdc (kdc)|172.19.0.2|:8081... connected.
kdc_1       | Generiting keytab
datanode_1  | ---- ----------------- --------------------------------------------------------
om_1        |    2 11/17/19 05:23:23 dn/om@EXAMPLE.COM
recon_1     | ---- ----------------- --------------------------------------------------------
datanode_3  | Length: 158 [application/octet-stream]
kms_1       | 2019-11-17 05:23:23 (8.93 MB/s) - '/etc/security/keytabs/dn.keytab' saved [158/158]
datanode_2  | KVNO Timestamp         Principal
s3g_1       |    2 11/17/19 05:23:24 dn/s3g@EXAMPLE.COM
scm_1       | HTTP request sent, awaiting response... 200 OK
kdc_1       | Authenticating as principal admin/admin with keytab /tmp/admin.keytab.
datanode_1  |    2 11/17/19 05:23:23 dn/3f4750b60666@EXAMPLE.COM
om_1        | Download om/om@EXAMPLE.COM keytab file to /etc/security/keytabs/om.keytab
recon_1     |    2 11/17/19 05:23:47 dn/recon@EXAMPLE.COM
datanode_3  | Saving to: '/etc/security/keytabs/om.keytab'
kms_1       | 
datanode_2  | ---- ----------------- --------------------------------------------------------
s3g_1       |    2 11/17/19 05:23:24 dn/s3g@EXAMPLE.COM
scm_1       | Length: 140 [application/octet-stream]
kdc_1       | WARNING: no policy specified for test/test@EXAMPLE.COM; defaulting to no policy
datanode_1  |    2 11/17/19 05:23:23 dn/3f4750b60666@EXAMPLE.COM
om_1        | --2019-11-17 05:23:23--  http://kdc:8081/keytab/om/om
recon_1     |    2 11/17/19 05:23:47 dn/recon@EXAMPLE.COM
datanode_3  | 
kms_1       | Keytab name: FILE:/etc/security/keytabs/dn.keytab
datanode_2  |    2 11/17/19 05:23:23 dn/2cfda22e5a30@EXAMPLE.COM
s3g_1       | Download om/s3g@EXAMPLE.COM keytab file to /etc/security/keytabs/om.keytab
scm_1       | Saving to: '/etc/security/keytabs/om.keytab'
kdc_1       | Principal "test/test@EXAMPLE.COM" created.
datanode_1  | Download om/3f4750b60666@EXAMPLE.COM keytab file to /etc/security/keytabs/om.keytab
om_1        | Resolving kdc (kdc)... 172.19.0.2
datanode_3  |      0K                                                       100% 10.8M=0s
recon_1     | Download om/recon@EXAMPLE.COM keytab file to /etc/security/keytabs/om.keytab
datanode_2  |    2 11/17/19 05:23:23 dn/2cfda22e5a30@EXAMPLE.COM
s3g_1       | --2019-11-17 05:23:24--  http://kdc:8081/keytab/s3g/om
kdc_1       | Authenticating as principal admin/admin with keytab /tmp/admin.keytab.
scm_1       | 
kms_1       | KVNO Timestamp         Principal
datanode_1  | --2019-11-17 05:23:23--  http://kdc:8081/keytab/3f4750b60666/om
om_1        | Connecting to kdc (kdc)|172.19.0.2|:8081... connected.
datanode_3  | 
recon_1     | --2019-11-17 05:23:47--  http://kdc:8081/keytab/recon/om
datanode_2  | Download om/2cfda22e5a30@EXAMPLE.COM keytab file to /etc/security/keytabs/om.keytab
s3g_1       | Resolving kdc (kdc)... 172.19.0.2
kdc_1       | Entry for principal test/test@EXAMPLE.COM with kvno 2, encryption type aes256-cts-hmac-sha1-96 added to keytab WRFILE:/data/test.test.keytab.
scm_1       |      0K                                                       100% 10.2M=0s
kms_1       | ---- ----------------- --------------------------------------------------------
datanode_1  | Resolving kdc (kdc)... 172.19.0.2
om_1        | HTTP request sent, awaiting response... 200 OK
datanode_3  | 2019-11-17 05:23:25 (10.8 MB/s) - '/etc/security/keytabs/om.keytab' saved [158/158]
recon_1     | Resolving kdc (kdc)... 172.19.0.2
datanode_2  | --2019-11-17 05:23:23--  http://kdc:8081/keytab/2cfda22e5a30/om
s3g_1       | Connecting to kdc (kdc)|172.19.0.2|:8081... connected.
kdc_1       | Entry for principal test/test@EXAMPLE.COM with kvno 2, encryption type aes128-cts-hmac-sha1-96 added to keytab WRFILE:/data/test.test.keytab.
scm_1       | 
kms_1       |    2 11/17/19 05:23:23 dn/8426fddf1aba@EXAMPLE.COM
datanode_1  | Connecting to kdc (kdc)|172.19.0.2|:8081... connected.
om_1        | Length: 138 [application/octet-stream]
datanode_3  | 
recon_1     | Connecting to kdc (kdc)|172.19.0.2|:8081... connected.
datanode_2  | Resolving kdc (kdc)... 172.19.0.2
s3g_1       | HTTP request sent, awaiting response... 200 OK
kdc_1       | Generiting keytab
scm_1       | 2019-11-17 05:23:27 (10.2 MB/s) - '/etc/security/keytabs/om.keytab' saved [140/140]
kms_1       |    2 11/17/19 05:23:23 dn/8426fddf1aba@EXAMPLE.COM
datanode_1  | HTTP request sent, awaiting response... 200 OK
om_1        | Saving to: '/etc/security/keytabs/om.keytab'
datanode_3  | Keytab name: FILE:/etc/security/keytabs/om.keytab
recon_1     | HTTP request sent, awaiting response... 200 OK
datanode_2  | Connecting to kdc (kdc)|172.19.0.2|:8081... connected.
s3g_1       | Length: 140 [application/octet-stream]
kdc_1       | Authenticating as principal admin/admin with keytab /tmp/admin.keytab.
scm_1       | 
kms_1       | Download om/8426fddf1aba@EXAMPLE.COM keytab file to /etc/security/keytabs/om.keytab
datanode_1  | Length: 158 [application/octet-stream]
om_1        | 
datanode_3  | KVNO Timestamp         Principal
recon_1     | Length: 144 [application/octet-stream]
datanode_2  | HTTP request sent, awaiting response... 200 OK
s3g_1       | Saving to: '/etc/security/keytabs/om.keytab'
kdc_1       | WARNING: no policy specified for test/test@EXAMPLE.COM; defaulting to no policy
scm_1       | Keytab name: FILE:/etc/security/keytabs/om.keytab
kms_1       | --2019-11-17 05:23:23--  http://kdc:8081/keytab/8426fddf1aba/om
om_1        |      0K                                                       100% 11.0M=0s
datanode_3  | ---- ----------------- --------------------------------------------------------
datanode_1  | Saving to: '/etc/security/keytabs/om.keytab'
recon_1     | Saving to: '/etc/security/keytabs/om.keytab'
datanode_2  | Length: 158 [application/octet-stream]
s3g_1       | 
kdc_1       | add_principal: Principal or policy already exists while creating "test/test@EXAMPLE.COM".
scm_1       | KVNO Timestamp         Principal
kms_1       | Resolving kdc (kdc)... 172.19.0.2
om_1        | 
datanode_3  |    2 11/17/19 05:23:25 om/2a50865dbc0d@EXAMPLE.COM
datanode_1  | 
recon_1     | 
datanode_2  | Saving to: '/etc/security/keytabs/om.keytab'
s3g_1       |      0K                                                       100% 19.1M=0s
kdc_1       | Authenticating as principal admin/admin with keytab /tmp/admin.keytab.
scm_1       | ---- ----------------- --------------------------------------------------------
kms_1       | Connecting to kdc (kdc)|172.19.0.2|:8081... connected.
datanode_3  |    2 11/17/19 05:23:25 om/2a50865dbc0d@EXAMPLE.COM
datanode_1  |      0K                                                       100% 8.26M=0s
recon_1     |      0K                                                       100% 17.3M=0s
datanode_2  | 
s3g_1       | 
om_1        | 2019-11-17 05:23:23 (11.0 MB/s) - '/etc/security/keytabs/om.keytab' saved [138/138]
kdc_1       | Entry for principal test/test@EXAMPLE.COM with kvno 3, encryption type aes256-cts-hmac-sha1-96 added to keytab WRFILE:/data/test.test.keytab.
scm_1       |    2 11/17/19 05:23:27 om/scm@EXAMPLE.COM
kms_1       | HTTP request sent, awaiting response... 200 OK
datanode_3  | Download scm/2a50865dbc0d@EXAMPLE.COM keytab file to /etc/security/keytabs/scm.keytab
datanode_1  | 
recon_1     | 
datanode_2  |      0K                                                       100% 11.7M=0s
om_1        | 
s3g_1       | 2019-11-17 05:23:25 (19.1 MB/s) - '/etc/security/keytabs/om.keytab' saved [140/140]
kdc_1       | Entry for principal test/test@EXAMPLE.COM with kvno 3, encryption type aes128-cts-hmac-sha1-96 added to keytab WRFILE:/data/test.test.keytab.
scm_1       |    2 11/17/19 05:23:27 om/scm@EXAMPLE.COM
kms_1       | Length: 158 [application/octet-stream]
datanode_3  | --2019-11-17 05:23:25--  http://kdc:8081/keytab/2a50865dbc0d/scm
datanode_1  | 2019-11-17 05:23:24 (8.26 MB/s) - '/etc/security/keytabs/om.keytab' saved [158/158]
recon_1     | 2019-11-17 05:23:47 (17.3 MB/s) - '/etc/security/keytabs/om.keytab' saved [144/144]
datanode_2  | 
om_1        | Keytab name: FILE:/etc/security/keytabs/om.keytab
s3g_1       | 
kdc_1       | Generiting keytab
kms_1       | Saving to: '/etc/security/keytabs/om.keytab'
datanode_3  | Resolving kdc (kdc)... 172.19.0.2
datanode_1  | 
scm_1       | Download scm/scm@EXAMPLE.COM keytab file to /etc/security/keytabs/scm.keytab
recon_1     | 
om_1        | KVNO Timestamp         Principal
s3g_1       | Keytab name: FILE:/etc/security/keytabs/om.keytab
kdc_1       | Authenticating as principal admin/admin with keytab /tmp/admin.keytab.
datanode_2  | 2019-11-17 05:23:24 (11.7 MB/s) - '/etc/security/keytabs/om.keytab' saved [158/158]
kms_1       | 
datanode_1  | Keytab name: FILE:/etc/security/keytabs/om.keytab
datanode_3  | Connecting to kdc (kdc)|172.19.0.2|:8081... connected.
scm_1       | --2019-11-17 05:23:27--  http://kdc:8081/keytab/scm/scm
recon_1     | Keytab name: FILE:/etc/security/keytabs/om.keytab
om_1        | ---- ----------------- --------------------------------------------------------
kdc_1       | WARNING: no policy specified for test/test@EXAMPLE.COM; defaulting to no policy
s3g_1       | KVNO Timestamp         Principal
datanode_2  | 
kms_1       |      0K                                                       100% 8.43M=0s
datanode_1  | KVNO Timestamp         Principal
datanode_3  | HTTP request sent, awaiting response... 200 OK
scm_1       | Resolving kdc (kdc)... 172.19.0.2
recon_1     | KVNO Timestamp         Principal
om_1        |    2 11/17/19 05:23:23 om/om@EXAMPLE.COM
s3g_1       | ---- ----------------- --------------------------------------------------------
kdc_1       | add_principal: Principal or policy already exists while creating "test/test@EXAMPLE.COM".
datanode_2  | Keytab name: FILE:/etc/security/keytabs/om.keytab
kms_1       | 
datanode_1  | ---- ----------------- --------------------------------------------------------
datanode_3  | Length: 160 [application/octet-stream]
scm_1       | Connecting to kdc (kdc)|172.19.0.2|:8081... connected.
recon_1     | ---- ----------------- --------------------------------------------------------
om_1        |    2 11/17/19 05:23:23 om/om@EXAMPLE.COM
s3g_1       |    2 11/17/19 05:23:25 om/s3g@EXAMPLE.COM
kdc_1       | Authenticating as principal admin/admin with keytab /tmp/admin.keytab.
kms_1       | 2019-11-17 05:23:23 (8.43 MB/s) - '/etc/security/keytabs/om.keytab' saved [158/158]
datanode_1  |    2 11/17/19 05:23:24 om/3f4750b60666@EXAMPLE.COM
datanode_3  | Saving to: '/etc/security/keytabs/scm.keytab'
scm_1       | HTTP request sent, awaiting response... 200 OK
recon_1     |    2 11/17/19 05:23:47 om/recon@EXAMPLE.COM
om_1        | Download scm/om@EXAMPLE.COM keytab file to /etc/security/keytabs/scm.keytab
s3g_1       |    2 11/17/19 05:23:25 om/s3g@EXAMPLE.COM
kdc_1       | Entry for principal test/test@EXAMPLE.COM with kvno 4, encryption type aes256-cts-hmac-sha1-96 added to keytab WRFILE:/data/test.test.keytab.
datanode_1  |    2 11/17/19 05:23:24 om/3f4750b60666@EXAMPLE.COM
datanode_3  | 
scm_1       | Length: 142 [application/octet-stream]
kms_1       | 
recon_1     |    2 11/17/19 05:23:47 om/recon@EXAMPLE.COM
datanode_2  | KVNO Timestamp         Principal
om_1        | --2019-11-17 05:23:23--  http://kdc:8081/keytab/om/scm
s3g_1       | Download scm/s3g@EXAMPLE.COM keytab file to /etc/security/keytabs/scm.keytab
kdc_1       | Entry for principal test/test@EXAMPLE.COM with kvno 4, encryption type aes128-cts-hmac-sha1-96 added to keytab WRFILE:/data/test.test.keytab.
datanode_1  | Download scm/3f4750b60666@EXAMPLE.COM keytab file to /etc/security/keytabs/scm.keytab
datanode_3  |      0K                                                       100% 12.6M=0s
kms_1       | Keytab name: FILE:/etc/security/keytabs/om.keytab
recon_1     | Download scm/recon@EXAMPLE.COM keytab file to /etc/security/keytabs/scm.keytab
scm_1       | Saving to: '/etc/security/keytabs/scm.keytab'
datanode_2  | ---- ----------------- --------------------------------------------------------
s3g_1       | --2019-11-17 05:23:25--  http://kdc:8081/keytab/s3g/scm
om_1        | Resolving kdc (kdc)... 172.19.0.2
kdc_1       | Generiting keytab
datanode_1  | --2019-11-17 05:23:24--  http://kdc:8081/keytab/3f4750b60666/scm
datanode_3  | 
kms_1       | KVNO Timestamp         Principal
recon_1     | --2019-11-17 05:23:47--  http://kdc:8081/keytab/recon/scm
scm_1       | 
datanode_2  |    2 11/17/19 05:23:24 om/2cfda22e5a30@EXAMPLE.COM
s3g_1       | Resolving kdc (kdc)... 172.19.0.2
om_1        | Connecting to kdc (kdc)|172.19.0.2|:8081... connected.
kdc_1       | Authenticating as principal admin/admin with keytab /tmp/admin.keytab.
datanode_1  | Resolving kdc (kdc)... 172.19.0.2
datanode_3  | 2019-11-17 05:23:26 (12.6 MB/s) - '/etc/security/keytabs/scm.keytab' saved [160/160]
kms_1       | ---- ----------------- --------------------------------------------------------
recon_1     | Resolving kdc (kdc)... 172.19.0.2
scm_1       |      0K                                                       100% 10.1M=0s
datanode_2  |    2 11/17/19 05:23:24 om/2cfda22e5a30@EXAMPLE.COM
s3g_1       | Connecting to kdc (kdc)|172.19.0.2|:8081... connected.
om_1        | HTTP request sent, awaiting response... 200 OK
kdc_1       | WARNING: no policy specified for test/test@EXAMPLE.COM; defaulting to no policy
datanode_1  | Connecting to kdc (kdc)|172.19.0.2|:8081... connected.
datanode_3  | 
kms_1       |    2 11/17/19 05:23:23 om/8426fddf1aba@EXAMPLE.COM
recon_1     | Connecting to kdc (kdc)|172.19.0.2|:8081... connected.
scm_1       | 
datanode_2  | Download scm/2cfda22e5a30@EXAMPLE.COM keytab file to /etc/security/keytabs/scm.keytab
s3g_1       | HTTP request sent, awaiting response... 200 OK
om_1        | Length: 140 [application/octet-stream]
datanode_1  | HTTP request sent, awaiting response... 200 OK
kdc_1       | add_principal: Principal or policy already exists while creating "test/test@EXAMPLE.COM".
datanode_3  | Keytab name: FILE:/etc/security/keytabs/scm.keytab
recon_1     | HTTP request sent, awaiting response... 200 OK
scm_1       | 2019-11-17 05:23:27 (10.1 MB/s) - '/etc/security/keytabs/scm.keytab' saved [142/142]
kms_1       |    2 11/17/19 05:23:23 om/8426fddf1aba@EXAMPLE.COM
s3g_1       | Length: 142 [application/octet-stream]
om_1        | Saving to: '/etc/security/keytabs/scm.keytab'
kdc_1       | Authenticating as principal admin/admin with keytab /tmp/admin.keytab.
datanode_1  | Length: 160 [application/octet-stream]
datanode_2  | --2019-11-17 05:23:24--  http://kdc:8081/keytab/2cfda22e5a30/scm
datanode_3  | KVNO Timestamp         Principal
recon_1     | Length: 146 [application/octet-stream]
scm_1       | 
kms_1       | Download scm/8426fddf1aba@EXAMPLE.COM keytab file to /etc/security/keytabs/scm.keytab
s3g_1       | Saving to: '/etc/security/keytabs/scm.keytab'
om_1        | 
kdc_1       | Entry for principal test/test@EXAMPLE.COM with kvno 5, encryption type aes256-cts-hmac-sha1-96 added to keytab WRFILE:/data/test.test.keytab.
datanode_1  | Saving to: '/etc/security/keytabs/scm.keytab'
datanode_2  | Resolving kdc (kdc)... 172.19.0.2
datanode_3  | ---- ----------------- --------------------------------------------------------
recon_1     | Saving to: '/etc/security/keytabs/scm.keytab'
scm_1       | Keytab name: FILE:/etc/security/keytabs/scm.keytab
kms_1       | --2019-11-17 05:23:23--  http://kdc:8081/keytab/8426fddf1aba/scm
s3g_1       | 
om_1        |      0K                                                       100% 10.6M=0s
kdc_1       | Entry for principal test/test@EXAMPLE.COM with kvno 5, encryption type aes128-cts-hmac-sha1-96 added to keytab WRFILE:/data/test.test.keytab.
datanode_1  | 
datanode_2  | Connecting to kdc (kdc)|172.19.0.2|:8081... connected.
datanode_3  |    2 11/17/19 05:23:26 scm/2a50865dbc0d@EXAMPLE.COM
scm_1       | KVNO Timestamp         Principal
recon_1     | 
kms_1       | Resolving kdc (kdc)... 172.19.0.2
s3g_1       |      0K                                                       100% 10.5M=0s
om_1        | 
kdc_1       | Generiting keytab
datanode_1  |      0K                                                       100% 11.9M=0s
datanode_2  | HTTP request sent, awaiting response... 200 OK
datanode_3  |    2 11/17/19 05:23:26 scm/2a50865dbc0d@EXAMPLE.COM
scm_1       | ---- ----------------- --------------------------------------------------------
recon_1     |      0K                                                       100% 11.0M=0s
kms_1       | Connecting to kdc (kdc)|172.19.0.2|:8081... connected.
s3g_1       | 
kdc_1       | Authenticating as principal admin/admin with keytab /tmp/admin.keytab.
om_1        | 2019-11-17 05:23:24 (10.6 MB/s) - '/etc/security/keytabs/scm.keytab' saved [140/140]
datanode_1  | 
datanode_2  | Length: 160 [application/octet-stream]
datanode_3  | Download HTTP/2a50865dbc0d@EXAMPLE.COM keytab file to /etc/security/keytabs/HTTP.keytab
scm_1       |    2 11/17/19 05:23:27 scm/scm@EXAMPLE.COM
recon_1     | 
kms_1       | HTTP request sent, awaiting response... 200 OK
s3g_1       | 2019-11-17 05:23:26 (10.5 MB/s) - '/etc/security/keytabs/scm.keytab' saved [142/142]
kdc_1       | WARNING: no policy specified for dn/8426fddf1aba@EXAMPLE.COM; defaulting to no policy
om_1        | 
datanode_1  | 2019-11-17 05:23:25 (11.9 MB/s) - '/etc/security/keytabs/scm.keytab' saved [160/160]
datanode_2  | Saving to: '/etc/security/keytabs/scm.keytab'
scm_1       |    2 11/17/19 05:23:27 scm/scm@EXAMPLE.COM
recon_1     | 2019-11-17 05:23:47 (11.0 MB/s) - '/etc/security/keytabs/scm.keytab' saved [146/146]
datanode_3  | --2019-11-17 05:23:26--  http://kdc:8081/keytab/2a50865dbc0d/HTTP
kms_1       | Length: 160 [application/octet-stream]
s3g_1       | 
kdc_1       | Principal "dn/8426fddf1aba@EXAMPLE.COM" created.
om_1        | Keytab name: FILE:/etc/security/keytabs/scm.keytab
datanode_1  | 
datanode_2  | 
scm_1       | Download HTTP/scm@EXAMPLE.COM keytab file to /etc/security/keytabs/HTTP.keytab
recon_1     | 
kms_1       | Saving to: '/etc/security/keytabs/scm.keytab'
datanode_3  | Resolving kdc (kdc)... 172.19.0.2
s3g_1       | Keytab name: FILE:/etc/security/keytabs/scm.keytab
kdc_1       | Authenticating as principal admin/admin with keytab /tmp/admin.keytab.
om_1        | KVNO Timestamp         Principal
datanode_2  |      0K                                                       100% 12.2M=0s
recon_1     | Keytab name: FILE:/etc/security/keytabs/scm.keytab
scm_1       | --2019-11-17 05:23:27--  http://kdc:8081/keytab/scm/HTTP
datanode_1  | Keytab name: FILE:/etc/security/keytabs/scm.keytab
kms_1       | 
datanode_3  | Connecting to kdc (kdc)|172.19.0.2|:8081... connected.
s3g_1       | KVNO Timestamp         Principal
kdc_1       | Entry for principal dn/8426fddf1aba@EXAMPLE.COM with kvno 2, encryption type aes256-cts-hmac-sha1-96 added to keytab WRFILE:/data/dn.8426fddf1aba.keytab.
om_1        | ---- ----------------- --------------------------------------------------------
datanode_2  | 
recon_1     | KVNO Timestamp         Principal
scm_1       | Resolving kdc (kdc)... 172.19.0.2
datanode_1  | KVNO Timestamp         Principal
kms_1       |      0K                                                       100% 10.5M=0s
datanode_3  | HTTP request sent, awaiting response... 200 OK
kdc_1       | Entry for principal dn/8426fddf1aba@EXAMPLE.COM with kvno 2, encryption type aes128-cts-hmac-sha1-96 added to keytab WRFILE:/data/dn.8426fddf1aba.keytab.
om_1        |    2 11/17/19 05:23:24 scm/om@EXAMPLE.COM
datanode_2  | 2019-11-17 05:23:25 (12.2 MB/s) - '/etc/security/keytabs/scm.keytab' saved [160/160]
recon_1     | ---- ----------------- --------------------------------------------------------
s3g_1       | ---- ----------------- --------------------------------------------------------
scm_1       | Connecting to kdc (kdc)|172.19.0.2|:8081... connected.
datanode_1  | ---- ----------------- --------------------------------------------------------
kms_1       | 
datanode_3  | Length: 162 [application/octet-stream]
kdc_1       | Generiting keytab
om_1        |    2 11/17/19 05:23:24 scm/om@EXAMPLE.COM
datanode_2  | 
s3g_1       |    2 11/17/19 05:23:26 scm/s3g@EXAMPLE.COM
recon_1     |    2 11/17/19 05:23:47 scm/recon@EXAMPLE.COM
scm_1       | HTTP request sent, awaiting response... 200 OK
datanode_1  |    2 11/17/19 05:23:25 scm/3f4750b60666@EXAMPLE.COM
kms_1       | 2019-11-17 05:23:24 (10.5 MB/s) - '/etc/security/keytabs/scm.keytab' saved [160/160]
datanode_3  | Saving to: '/etc/security/keytabs/HTTP.keytab'
kdc_1       | Authenticating as principal admin/admin with keytab /tmp/admin.keytab.
om_1        | Download HTTP/om@EXAMPLE.COM keytab file to /etc/security/keytabs/HTTP.keytab
s3g_1       |    2 11/17/19 05:23:26 scm/s3g@EXAMPLE.COM
recon_1     |    2 11/17/19 05:23:47 scm/recon@EXAMPLE.COM
datanode_2  | Keytab name: FILE:/etc/security/keytabs/scm.keytab
scm_1       | Length: 144 [application/octet-stream]
datanode_1  |    2 11/17/19 05:23:25 scm/3f4750b60666@EXAMPLE.COM
datanode_3  | 
kdc_1       | WARNING: no policy specified for dn/om@EXAMPLE.COM; defaulting to no policy
om_1        | --2019-11-17 05:23:24--  http://kdc:8081/keytab/om/HTTP
s3g_1       | Download HTTP/s3g@EXAMPLE.COM keytab file to /etc/security/keytabs/HTTP.keytab
kms_1       | 
recon_1     | Download HTTP/recon@EXAMPLE.COM keytab file to /etc/security/keytabs/HTTP.keytab
datanode_2  | KVNO Timestamp         Principal
scm_1       | Saving to: '/etc/security/keytabs/HTTP.keytab'
datanode_1  | Download HTTP/3f4750b60666@EXAMPLE.COM keytab file to /etc/security/keytabs/HTTP.keytab
datanode_3  |      0K                                                       100% 12.0M=0s
kdc_1       | Principal "dn/om@EXAMPLE.COM" created.
om_1        | Resolving kdc (kdc)... 172.19.0.2
kms_1       | Keytab name: FILE:/etc/security/keytabs/scm.keytab
recon_1     | --2019-11-17 05:23:47--  http://kdc:8081/keytab/recon/HTTP
s3g_1       | --2019-11-17 05:23:26--  http://kdc:8081/keytab/s3g/HTTP
datanode_2  | ---- ----------------- --------------------------------------------------------
scm_1       | 
datanode_1  | --2019-11-17 05:23:25--  http://kdc:8081/keytab/3f4750b60666/HTTP
datanode_3  | 
kdc_1       | Authenticating as principal admin/admin with keytab /tmp/admin.keytab.
kms_1       | KVNO Timestamp         Principal
recon_1     | Resolving kdc (kdc)... 172.19.0.2
s3g_1       | Resolving kdc (kdc)... 172.19.0.2
datanode_2  |    2 11/17/19 05:23:25 scm/2cfda22e5a30@EXAMPLE.COM
scm_1       |      0K                                                       100% 9.47M=0s
datanode_1  | Resolving kdc (kdc)... 172.19.0.2
datanode_3  | 2019-11-17 05:23:27 (12.0 MB/s) - '/etc/security/keytabs/HTTP.keytab' saved [162/162]
om_1        | Connecting to kdc (kdc)|172.19.0.2|:8081... connected.
kdc_1       | Entry for principal dn/om@EXAMPLE.COM with kvno 2, encryption type aes256-cts-hmac-sha1-96 added to keytab WRFILE:/data/dn.om.keytab.
kms_1       | ---- ----------------- --------------------------------------------------------
recon_1     | Connecting to kdc (kdc)|172.19.0.2|:8081... connected.
s3g_1       | Connecting to kdc (kdc)|172.19.0.2|:8081... connected.
datanode_2  |    2 11/17/19 05:23:25 scm/2cfda22e5a30@EXAMPLE.COM
scm_1       | 
datanode_1  | Connecting to kdc (kdc)|172.19.0.2|:8081... connected.
datanode_3  | 
om_1        | HTTP request sent, awaiting response... 200 OK
kdc_1       | Entry for principal dn/om@EXAMPLE.COM with kvno 2, encryption type aes128-cts-hmac-sha1-96 added to keytab WRFILE:/data/dn.om.keytab.
kms_1       |    2 11/17/19 05:23:24 scm/8426fddf1aba@EXAMPLE.COM
recon_1     | HTTP request sent, awaiting response... 200 OK
s3g_1       | HTTP request sent, awaiting response... 200 OK
datanode_2  | Download HTTP/2cfda22e5a30@EXAMPLE.COM keytab file to /etc/security/keytabs/HTTP.keytab
scm_1       | 2019-11-17 05:23:28 (9.47 MB/s) - '/etc/security/keytabs/HTTP.keytab' saved [144/144]
datanode_1  | HTTP request sent, awaiting response... 200 OK
datanode_3  | Keytab name: FILE:/etc/security/keytabs/HTTP.keytab
om_1        | Length: 142 [application/octet-stream]
kdc_1       | Generiting keytab
kms_1       |    2 11/17/19 05:23:24 scm/8426fddf1aba@EXAMPLE.COM
recon_1     | Length: 148 [application/octet-stream]
s3g_1       | Length: 144 [application/octet-stream]
datanode_2  | --2019-11-17 05:23:25--  http://kdc:8081/keytab/2cfda22e5a30/HTTP
scm_1       | 
datanode_3  | KVNO Timestamp         Principal
datanode_1  | Length: 162 [application/octet-stream]
om_1        | Saving to: '/etc/security/keytabs/HTTP.keytab'
kdc_1       | Authenticating as principal admin/admin with keytab /tmp/admin.keytab.
kms_1       | Download HTTP/8426fddf1aba@EXAMPLE.COM keytab file to /etc/security/keytabs/HTTP.keytab
recon_1     | Saving to: '/etc/security/keytabs/HTTP.keytab'
s3g_1       | Saving to: '/etc/security/keytabs/HTTP.keytab'
datanode_2  | Resolving kdc (kdc)... 172.19.0.2
scm_1       | Keytab name: FILE:/etc/security/keytabs/HTTP.keytab
datanode_1  | Saving to: '/etc/security/keytabs/HTTP.keytab'
datanode_3  | ---- ----------------- --------------------------------------------------------
kdc_1       | WARNING: no policy specified for dn/3f4750b60666@EXAMPLE.COM; defaulting to no policy
kms_1       | --2019-11-17 05:23:24--  http://kdc:8081/keytab/8426fddf1aba/HTTP
recon_1     | 
s3g_1       | 
scm_1       | KVNO Timestamp         Principal
datanode_2  | Connecting to kdc (kdc)|172.19.0.2|:8081... connected.
om_1        | 
datanode_1  | 
datanode_3  |    2 11/17/19 05:23:27 HTTP/2a50865dbc0d@EXAMPLE.COM
kdc_1       | Principal "dn/3f4750b60666@EXAMPLE.COM" created.
kms_1       | Resolving kdc (kdc)... 172.19.0.2
recon_1     |      0K                                                       100% 11.6M=0s
s3g_1       |      0K                                                       100% 10.1M=0s
scm_1       | ---- ----------------- --------------------------------------------------------
datanode_2  | HTTP request sent, awaiting response... 200 OK
om_1        |      0K                                                       100% 8.24M=0s
datanode_1  |      0K                                                       100% 9.17M=0s
datanode_3  |    2 11/17/19 05:23:27 HTTP/2a50865dbc0d@EXAMPLE.COM
kdc_1       | Authenticating as principal admin/admin with keytab /tmp/admin.keytab.
kms_1       | Connecting to kdc (kdc)|172.19.0.2|:8081... connected.
recon_1     | 
s3g_1       | 
scm_1       |    2 11/17/19 05:23:28 HTTP/scm@EXAMPLE.COM
datanode_2  | Length: 162 [application/octet-stream]
om_1        | 
datanode_1  | 
datanode_3  | Download testuser/2a50865dbc0d@EXAMPLE.COM keytab file to /etc/security/keytabs/testuser.keytab
kdc_1       | Entry for principal dn/3f4750b60666@EXAMPLE.COM with kvno 2, encryption type aes256-cts-hmac-sha1-96 added to keytab WRFILE:/data/dn.3f4750b60666.keytab.
kms_1       | HTTP request sent, awaiting response... 200 OK
recon_1     | 2019-11-17 05:23:47 (11.6 MB/s) - '/etc/security/keytabs/HTTP.keytab' saved [148/148]
s3g_1       | 2019-11-17 05:23:27 (10.1 MB/s) - '/etc/security/keytabs/HTTP.keytab' saved [144/144]
scm_1       |    2 11/17/19 05:23:28 HTTP/scm@EXAMPLE.COM
datanode_2  | Saving to: '/etc/security/keytabs/HTTP.keytab'
om_1        | 2019-11-17 05:23:25 (8.24 MB/s) - '/etc/security/keytabs/HTTP.keytab' saved [142/142]
datanode_1  | 2019-11-17 05:23:26 (9.17 MB/s) - '/etc/security/keytabs/HTTP.keytab' saved [162/162]
datanode_3  | --2019-11-17 05:23:27--  http://kdc:8081/keytab/2a50865dbc0d/testuser
kdc_1       | Entry for principal dn/3f4750b60666@EXAMPLE.COM with kvno 2, encryption type aes128-cts-hmac-sha1-96 added to keytab WRFILE:/data/dn.3f4750b60666.keytab.
kms_1       | Length: 162 [application/octet-stream]
s3g_1       | 
recon_1     | 
scm_1       | Download testuser/scm@EXAMPLE.COM keytab file to /etc/security/keytabs/testuser.keytab
datanode_2  | 
om_1        | 
datanode_1  | 
datanode_3  | Resolving kdc (kdc)... 172.19.0.2
kdc_1       | Generiting keytab
kms_1       | Saving to: '/etc/security/keytabs/HTTP.keytab'
s3g_1       | Keytab name: FILE:/etc/security/keytabs/HTTP.keytab
recon_1     | Keytab name: FILE:/etc/security/keytabs/HTTP.keytab
scm_1       | --2019-11-17 05:23:28--  http://kdc:8081/keytab/scm/testuser
datanode_2  |      0K                                                       100% 12.1M=0s
om_1        | Keytab name: FILE:/etc/security/keytabs/HTTP.keytab
datanode_1  | Keytab name: FILE:/etc/security/keytabs/HTTP.keytab
datanode_3  | Connecting to kdc (kdc)|172.19.0.2|:8081... connected.
kdc_1       | Authenticating as principal admin/admin with keytab /tmp/admin.keytab.
kms_1       | 
s3g_1       | KVNO Timestamp         Principal
recon_1     | KVNO Timestamp         Principal
scm_1       | Resolving kdc (kdc)... 172.19.0.2
datanode_2  | 
om_1        | KVNO Timestamp         Principal
datanode_3  | HTTP request sent, awaiting response... 200 OK
kdc_1       | WARNING: no policy specified for dn/2cfda22e5a30@EXAMPLE.COM; defaulting to no policy
kms_1       |      0K                                                       100% 13.1M=0s
datanode_1  | KVNO Timestamp         Principal
s3g_1       | ---- ----------------- --------------------------------------------------------
recon_1     | ---- ----------------- --------------------------------------------------------
scm_1       | Connecting to kdc (kdc)|172.19.0.2|:8081... connected.
datanode_2  | 2019-11-17 05:23:26 (12.1 MB/s) - '/etc/security/keytabs/HTTP.keytab' saved [162/162]
om_1        | ---- ----------------- --------------------------------------------------------
datanode_3  | Length: 170 [application/octet-stream]
kdc_1       | Principal "dn/2cfda22e5a30@EXAMPLE.COM" created.
kms_1       | 
datanode_1  | ---- ----------------- --------------------------------------------------------
s3g_1       |    2 11/17/19 05:23:27 HTTP/s3g@EXAMPLE.COM
recon_1     |    2 11/17/19 05:23:47 HTTP/recon@EXAMPLE.COM
scm_1       | HTTP request sent, awaiting response... 200 OK
datanode_2  | 
om_1        |    2 11/17/19 05:23:25 HTTP/om@EXAMPLE.COM
datanode_3  | Saving to: '/etc/security/keytabs/testuser.keytab'
kdc_1       | Authenticating as principal admin/admin with keytab /tmp/admin.keytab.
kms_1       | 2019-11-17 05:23:25 (13.1 MB/s) - '/etc/security/keytabs/HTTP.keytab' saved [162/162]
datanode_1  |    2 11/17/19 05:23:26 HTTP/3f4750b60666@EXAMPLE.COM
s3g_1       |    2 11/17/19 05:23:27 HTTP/s3g@EXAMPLE.COM
recon_1     |    2 11/17/19 05:23:47 HTTP/recon@EXAMPLE.COM
scm_1       | Length: 152 [application/octet-stream]
datanode_2  | Keytab name: FILE:/etc/security/keytabs/HTTP.keytab
om_1        |    2 11/17/19 05:23:25 HTTP/om@EXAMPLE.COM
datanode_3  | 
kdc_1       | Entry for principal dn/2cfda22e5a30@EXAMPLE.COM with kvno 2, encryption type aes256-cts-hmac-sha1-96 added to keytab WRFILE:/data/dn.2cfda22e5a30.keytab.
kms_1       | 
datanode_1  |    2 11/17/19 05:23:26 HTTP/3f4750b60666@EXAMPLE.COM
s3g_1       | Download testuser/s3g@EXAMPLE.COM keytab file to /etc/security/keytabs/testuser.keytab
recon_1     | Download testuser/recon@EXAMPLE.COM keytab file to /etc/security/keytabs/testuser.keytab
scm_1       | Saving to: '/etc/security/keytabs/testuser.keytab'
datanode_2  | KVNO Timestamp         Principal
om_1        | Download testuser/om@EXAMPLE.COM keytab file to /etc/security/keytabs/testuser.keytab
datanode_3  |      0K                                                       100% 12.6M=0s
kdc_1       | Entry for principal dn/2cfda22e5a30@EXAMPLE.COM with kvno 2, encryption type aes128-cts-hmac-sha1-96 added to keytab WRFILE:/data/dn.2cfda22e5a30.keytab.
kms_1       | Keytab name: FILE:/etc/security/keytabs/HTTP.keytab
datanode_1  | Download testuser/3f4750b60666@EXAMPLE.COM keytab file to /etc/security/keytabs/testuser.keytab
s3g_1       | --2019-11-17 05:23:27--  http://kdc:8081/keytab/s3g/testuser
recon_1     | --2019-11-17 05:23:47--  http://kdc:8081/keytab/recon/testuser
scm_1       | 
datanode_2  | ---- ----------------- --------------------------------------------------------
om_1        | --2019-11-17 05:23:25--  http://kdc:8081/keytab/om/testuser
datanode_3  | 
kdc_1       | Generiting keytab
kms_1       | KVNO Timestamp         Principal
datanode_1  | --2019-11-17 05:23:26--  http://kdc:8081/keytab/3f4750b60666/testuser
s3g_1       | Resolving kdc (kdc)... 172.19.0.2
recon_1     | Resolving kdc (kdc)... 172.19.0.2
scm_1       |      0K                                                       100% 6.64M=0s
om_1        | Resolving kdc (kdc)... 172.19.0.2
datanode_2  |    2 11/17/19 05:23:26 HTTP/2cfda22e5a30@EXAMPLE.COM
datanode_3  | 2019-11-17 05:23:28 (12.6 MB/s) - '/etc/security/keytabs/testuser.keytab' saved [170/170]
kdc_1       | Authenticating as principal admin/admin with keytab /tmp/admin.keytab.
kms_1       | ---- ----------------- --------------------------------------------------------
datanode_1  | Resolving kdc (kdc)... 172.19.0.2
s3g_1       | Connecting to kdc (kdc)|172.19.0.2|:8081... connected.
scm_1       | 
recon_1     | Connecting to kdc (kdc)|172.19.0.2|:8081... connected.
om_1        | Connecting to kdc (kdc)|172.19.0.2|:8081... connected.
datanode_2  |    2 11/17/19 05:23:26 HTTP/2cfda22e5a30@EXAMPLE.COM
datanode_3  | 
kdc_1       | WARNING: no policy specified for om/8426fddf1aba@EXAMPLE.COM; defaulting to no policy
kms_1       |    2 11/17/19 05:23:25 HTTP/8426fddf1aba@EXAMPLE.COM
datanode_1  | Connecting to kdc (kdc)|172.19.0.2|:8081... connected.
s3g_1       | HTTP request sent, awaiting response... 200 OK
scm_1       | 2019-11-17 05:23:29 (6.64 MB/s) - '/etc/security/keytabs/testuser.keytab' saved [152/152]
recon_1     | HTTP request sent, awaiting response... 200 OK
om_1        | HTTP request sent, awaiting response... 200 OK
datanode_2  | Download testuser/2cfda22e5a30@EXAMPLE.COM keytab file to /etc/security/keytabs/testuser.keytab
datanode_3  | Keytab name: FILE:/etc/security/keytabs/testuser.keytab
kdc_1       | Nov 17 05:23:22 kdc krb5kdc[9](info): AS_REQ (8 etypes {18 17 20 19 16 23 25 26}) 127.0.0.1: SERVER_NOT_FOUND: admin/admin@EXAMPLE.COM for kadmin/localhost@EXAMPLE.COM, Server not found in Kerberos database
kms_1       |    2 11/17/19 05:23:25 HTTP/8426fddf1aba@EXAMPLE.COM
s3g_1       | Length: 152 [application/octet-stream]
datanode_1  | HTTP request sent, awaiting response... 200 OK
scm_1       | 
om_1        | Length: 150 [application/octet-stream]
datanode_2  | --2019-11-17 05:23:26--  http://kdc:8081/keytab/2cfda22e5a30/testuser
datanode_3  | KVNO Timestamp         Principal
kdc_1       | Nov 17 05:23:22 kdc krb5kdc[9](info): AS_REQ (8 etypes {18 17 20 19 16 23 25 26}) 127.0.0.1: ISSUE: authtime 1573968202, etypes {rep=18 tkt=18 ses=18}, admin/admin@EXAMPLE.COM for kadmin/admin@EXAMPLE.COM
kms_1       | Download testuser/8426fddf1aba@EXAMPLE.COM keytab file to /etc/security/keytabs/testuser.keytab
s3g_1       | Saving to: '/etc/security/keytabs/testuser.keytab'
datanode_1  | Length: 170 [application/octet-stream]
recon_1     | Length: 156 [application/octet-stream]
om_1        | Saving to: '/etc/security/keytabs/testuser.keytab'
scm_1       | Keytab name: FILE:/etc/security/keytabs/testuser.keytab
datanode_2  | Resolving kdc (kdc)... 172.19.0.2
datanode_3  | ---- ----------------- --------------------------------------------------------
kdc_1       | Nov 17 05:23:22 kdc krb5kdc[9](info): AS_REQ (8 etypes {18 17 20 19 16 23 25 26}) 127.0.0.1: SERVER_NOT_FOUND: admin/admin@EXAMPLE.COM for kadmin/localhost@EXAMPLE.COM, Server not found in Kerberos database
kms_1       | --2019-11-17 05:23:25--  http://kdc:8081/keytab/8426fddf1aba/testuser
s3g_1       | 
datanode_1  | Saving to: '/etc/security/keytabs/testuser.keytab'
recon_1     | Saving to: '/etc/security/keytabs/testuser.keytab'
om_1        | 
scm_1       | KVNO Timestamp         Principal
datanode_2  | Connecting to kdc (kdc)|172.19.0.2|:8081... connected.
datanode_3  |    2 11/17/19 05:23:28 testuser/2a50865dbc0d@EXAMPLE.COM
kdc_1       | Nov 17 05:23:22 kdc krb5kdc[9](info): AS_REQ (8 etypes {18 17 20 19 16 23 25 26}) 127.0.0.1: ISSUE: authtime 1573968202, etypes {rep=18 tkt=18 ses=18}, admin/admin@EXAMPLE.COM for kadmin/admin@EXAMPLE.COM
kms_1       | Resolving kdc (kdc)... 172.19.0.2
s3g_1       |      0K                                                       100% 11.0M=0s
datanode_1  | 
recon_1     | 
om_1        |      0K                                                       100% 10.5M=0s
scm_1       | ---- ----------------- --------------------------------------------------------
datanode_2  | HTTP request sent, awaiting response... 200 OK
datanode_3  |    2 11/17/19 05:23:28 testuser/2a50865dbc0d@EXAMPLE.COM
kdc_1       | Nov 17 05:23:22 kdc krb5kdc[9](info): AS_REQ (8 etypes {18 17 20 19 16 23 25 26}) 127.0.0.1: SERVER_NOT_FOUND: admin/admin@EXAMPLE.COM for kadmin/localhost@EXAMPLE.COM, Server not found in Kerberos database
kms_1       | Connecting to kdc (kdc)|172.19.0.2|:8081... connected.
s3g_1       | 
datanode_1  |      0K                                                       100% 12.6M=0s
recon_1     |      0K                                                       100% 16.7M=0s
om_1        | 
scm_1       |    2 11/17/19 05:23:29 testuser/scm@EXAMPLE.COM
datanode_2  | Length: 170 [application/octet-stream]
datanode_3  | Download testuser2/2a50865dbc0d@EXAMPLE.COM keytab file to /etc/security/keytabs/testuser2.keytab
kdc_1       | Nov 17 05:23:22 kdc krb5kdc[9](info): AS_REQ (8 etypes {18 17 20 19 16 23 25 26}) 127.0.0.1: ISSUE: authtime 1573968202, etypes {rep=18 tkt=18 ses=18}, admin/admin@EXAMPLE.COM for kadmin/admin@EXAMPLE.COM
kms_1       | HTTP request sent, awaiting response... 200 OK
s3g_1       | 2019-11-17 05:23:28 (11.0 MB/s) - '/etc/security/keytabs/testuser.keytab' saved [152/152]
datanode_1  | 
recon_1     | 
om_1        | 2019-11-17 05:23:27 (10.5 MB/s) - '/etc/security/keytabs/testuser.keytab' saved [150/150]
scm_1       |    2 11/17/19 05:23:29 testuser/scm@EXAMPLE.COM
datanode_2  | Saving to: '/etc/security/keytabs/testuser.keytab'
datanode_3  | --2019-11-17 05:23:28--  http://kdc:8081/keytab/2a50865dbc0d/testuser2
kdc_1       | Nov 17 05:23:23 kdc krb5kdc[9](info): AS_REQ (8 etypes {18 17 20 19 16 23 25 26}) 127.0.0.1: SERVER_NOT_FOUND: admin/admin@EXAMPLE.COM for kadmin/localhost@EXAMPLE.COM, Server not found in Kerberos database
s3g_1       | 
datanode_1  | 2019-11-17 05:23:27 (12.6 MB/s) - '/etc/security/keytabs/testuser.keytab' saved [170/170]
recon_1     | 2019-11-17 05:23:48 (16.7 MB/s) - '/etc/security/keytabs/testuser.keytab' saved [156/156]
om_1        | 
kms_1       | Length: 170 [application/octet-stream]
scm_1       | Download testuser2/scm@EXAMPLE.COM keytab file to /etc/security/keytabs/testuser2.keytab
datanode_3  | Resolving kdc (kdc)... 172.19.0.2
datanode_2  | 
kdc_1       | Nov 17 05:23:23 kdc krb5kdc[9](info): AS_REQ (8 etypes {18 17 20 19 16 23 25 26}) 127.0.0.1: ISSUE: authtime 1573968203, etypes {rep=18 tkt=18 ses=18}, admin/admin@EXAMPLE.COM for kadmin/admin@EXAMPLE.COM
s3g_1       | Keytab name: FILE:/etc/security/keytabs/testuser.keytab
datanode_1  | 
recon_1     | 
om_1        | Keytab name: FILE:/etc/security/keytabs/testuser.keytab
kms_1       | Saving to: '/etc/security/keytabs/testuser.keytab'
scm_1       | --2019-11-17 05:23:29--  http://kdc:8081/keytab/scm/testuser2
