kdc_1       | Generiting keytab
datanode_2  | 2019-11-17 05:23:49,869 INFO server.RaftServerConfigKeys: raft.server.rpc.sleep.time = 25ms (default)
datanode_3  | 2019-11-17 05:23:55,310 INFO impl.FollowerState: bcaf688d-544f-4186-a3bf-d6b6c1fcca85@group-1DDF789BC3A4-FollowerState was interrupted: java.lang.InterruptedException: sleep interrupted
kdc_1       | Authenticating as principal admin/admin with keytab /tmp/admin.keytab.
datanode_1  | 2019-11-17 05:23:49,890 INFO impl.RaftServerImpl: 5180bcfb-fd4a-463f-b163-22eb13c57417@group-1DDF789BC3A4: changes role from  FOLLOWER to CANDIDATE at term 0 for changeToCandidate
datanode_2  | 2019-11-17 05:23:49,872 INFO server.RaftServerConfigKeys: raft.server.write.element-limit = 4096 (default)
datanode_3  | 2019-11-17 05:23:55,310 INFO impl.RoleInfo: bcaf688d-544f-4186-a3bf-d6b6c1fcca85: start FollowerState
kdc_1       | WARNING: no policy specified for scm/3f4750b60666@EXAMPLE.COM; defaulting to no policy
datanode_1  | 2019-11-17 05:23:49,890 INFO impl.RoleInfo: 5180bcfb-fd4a-463f-b163-22eb13c57417: start LeaderElection
datanode_2  | 2019-11-17 05:23:49,875 INFO server.RaftServerConfigKeys: raft.server.watch.timeout = 10s (default)
datanode_3  | 2019-11-17 05:23:55,434 INFO ratis.XceiverServerRatis: Leader change notification received for group: group-1DDF789BC3A4 with new leaderId: f8e3377e-16ad-4f87-807b-dc684ece6830
kdc_1       | Principal "scm/3f4750b60666@EXAMPLE.COM" created.
datanode_1  | 2019-11-17 05:23:49,904 INFO impl.LeaderElection: 5180bcfb-fd4a-463f-b163-22eb13c57417@group-1DDF789BC3A4-LeaderElection2: begin an election at term 1 for -1: [5180bcfb-fd4a-463f-b163-22eb13c57417:172.19.0.6:9858, bcaf688d-544f-4186-a3bf-d6b6c1fcca85:172.19.0.9:9858, f8e3377e-16ad-4f87-807b-dc684ece6830:172.19.0.5:9858], old=null
datanode_2  | 2019-11-17 05:23:49,876 INFO server.RaftServerConfigKeys: raft.server.watch.timeout.denomination = 1s (default)
datanode_3  | 2019-11-17 05:23:55,434 INFO impl.RaftServerImpl: bcaf688d-544f-4186-a3bf-d6b6c1fcca85@group-1DDF789BC3A4: change Leader from null to f8e3377e-16ad-4f87-807b-dc684ece6830 at term 2 for appendEntries, leader elected after 10684ms
kdc_1       | Authenticating as principal admin/admin with keytab /tmp/admin.keytab.
datanode_1  | 2019-11-17 05:23:49,964 INFO segmented.SegmentedRaftLogWorker: 5180bcfb-fd4a-463f-b163-22eb13c57417@group-9C83DAD394BE-SegmentedRaftLogWorker: created new log segment /data/metadata/ratis/d0b5e12e-df23-4ca8-ac10-9c83dad394be/current/log_inprogress_0
datanode_2  | 2019-11-17 05:23:49,876 INFO server.RaftServerConfigKeys: raft.server.watch.element-limit = 65536 (default)
datanode_3  | 2019-11-17 05:23:55,462 INFO impl.RaftServerImpl: bcaf688d-544f-4186-a3bf-d6b6c1fcca85@group-1DDF789BC3A4: set configuration 0: [5180bcfb-fd4a-463f-b163-22eb13c57417:172.19.0.6:9858, bcaf688d-544f-4186-a3bf-d6b6c1fcca85:172.19.0.9:9858, f8e3377e-16ad-4f87-807b-dc684ece6830:172.19.0.5:9858], old=null at 0
kdc_1       | Entry for principal scm/3f4750b60666@EXAMPLE.COM with kvno 2, encryption type aes256-cts-hmac-sha1-96 added to keytab WRFILE:/data/scm.3f4750b60666.keytab.
datanode_1  | 2019-11-17 05:23:50,235 INFO impl.LeaderElection: 5180bcfb-fd4a-463f-b163-22eb13c57417@group-1DDF789BC3A4-LeaderElection2: Election REJECTED; received 2 response(s) [5180bcfb-fd4a-463f-b163-22eb13c57417<-bcaf688d-544f-4186-a3bf-d6b6c1fcca85#0:FAIL-t1, 5180bcfb-fd4a-463f-b163-22eb13c57417<-f8e3377e-16ad-4f87-807b-dc684ece6830#0:FAIL-t1] and 0 exception(s); 5180bcfb-fd4a-463f-b163-22eb13c57417@group-1DDF789BC3A4:t1, leader=null, voted=5180bcfb-fd4a-463f-b163-22eb13c57417, raftlog=5180bcfb-fd4a-463f-b163-22eb13c57417@group-1DDF789BC3A4-SegmentedRaftLog:OPENED:c-1,f-1,i0, conf=-1: [5180bcfb-fd4a-463f-b163-22eb13c57417:172.19.0.6:9858, bcaf688d-544f-4186-a3bf-d6b6c1fcca85:172.19.0.9:9858, f8e3377e-16ad-4f87-807b-dc684ece6830:172.19.0.5:9858], old=null
datanode_2  | 2019-11-17 05:23:49,884 INFO impl.RoleInfo: f8e3377e-16ad-4f87-807b-dc684ece6830: start LeaderState
datanode_3  | 2019-11-17 05:23:55,462 INFO segmented.SegmentedRaftLogWorker: bcaf688d-544f-4186-a3bf-d6b6c1fcca85@group-1DDF789BC3A4-SegmentedRaftLogWorker: Starting segment from index:0
kdc_1       | Entry for principal scm/3f4750b60666@EXAMPLE.COM with kvno 2, encryption type aes128-cts-hmac-sha1-96 added to keytab WRFILE:/data/scm.3f4750b60666.keytab.
datanode_1  | 2019-11-17 05:23:50,236 INFO impl.RaftServerImpl: 5180bcfb-fd4a-463f-b163-22eb13c57417@group-1DDF789BC3A4: changes role from CANDIDATE to FOLLOWER at term 1 for DISCOVERED_A_NEW_TERM
datanode_2  | 2019-11-17 05:23:49,900 INFO segmented.SegmentedRaftLogWorker: f8e3377e-16ad-4f87-807b-dc684ece6830@group-8B1A97B851FB-SegmentedRaftLogWorker: Starting segment from index:0
datanode_3  | 2019-11-17 05:23:55,503 INFO segmented.SegmentedRaftLogWorker: bcaf688d-544f-4186-a3bf-d6b6c1fcca85@group-1DDF789BC3A4-SegmentedRaftLogWorker: created new log segment /data/metadata/ratis/879d8f35-3c75-40bd-b693-1ddf789bc3a4/current/log_inprogress_0
kdc_1       | Generiting keytab
datanode_1  | 2019-11-17 05:23:50,236 INFO impl.RoleInfo: 5180bcfb-fd4a-463f-b163-22eb13c57417: shutdown LeaderElection
datanode_2  | 2019-11-17 05:23:49,915 INFO impl.RaftServerImpl: f8e3377e-16ad-4f87-807b-dc684ece6830@group-8B1A97B851FB: set configuration 0: [f8e3377e-16ad-4f87-807b-dc684ece6830:172.19.0.5:9858], old=null at 0
kdc_1       | Authenticating as principal admin/admin with keytab /tmp/admin.keytab.
datanode_1  | 2019-11-17 05:23:50,237 INFO impl.RoleInfo: 5180bcfb-fd4a-463f-b163-22eb13c57417: start FollowerState
datanode_2  | 2019-11-17 05:23:50,032 INFO segmented.SegmentedRaftLogWorker: f8e3377e-16ad-4f87-807b-dc684ece6830@group-8B1A97B851FB-SegmentedRaftLogWorker: created new log segment /data/metadata/ratis/f41f5d1d-8e14-4e4c-9734-8b1a97b851fb/current/log_inprogress_0
kdc_1       | WARNING: no policy specified for scm/2cfda22e5a30@EXAMPLE.COM; defaulting to no policy
datanode_1  | 2019-11-17 05:23:55,308 INFO impl.RaftServerImpl: 5180bcfb-fd4a-463f-b163-22eb13c57417@group-1DDF789BC3A4: changes role from  FOLLOWER to FOLLOWER at term 2 for recognizeCandidate:f8e3377e-16ad-4f87-807b-dc684ece6830
datanode_2  | 2019-11-17 05:23:50,230 INFO impl.LeaderElection: f8e3377e-16ad-4f87-807b-dc684ece6830@group-1DDF789BC3A4-LeaderElection1: Election REJECTED; received 2 response(s) [f8e3377e-16ad-4f87-807b-dc684ece6830<-5180bcfb-fd4a-463f-b163-22eb13c57417#0:FAIL-t1, f8e3377e-16ad-4f87-807b-dc684ece6830<-bcaf688d-544f-4186-a3bf-d6b6c1fcca85#0:FAIL-t1] and 0 exception(s); f8e3377e-16ad-4f87-807b-dc684ece6830@group-1DDF789BC3A4:t1, leader=null, voted=f8e3377e-16ad-4f87-807b-dc684ece6830, raftlog=f8e3377e-16ad-4f87-807b-dc684ece6830@group-1DDF789BC3A4-SegmentedRaftLog:OPENED:c-1,f-1,i0, conf=-1: [5180bcfb-fd4a-463f-b163-22eb13c57417:172.19.0.6:9858, bcaf688d-544f-4186-a3bf-d6b6c1fcca85:172.19.0.9:9858, f8e3377e-16ad-4f87-807b-dc684ece6830:172.19.0.5:9858], old=null
kdc_1       | Principal "scm/2cfda22e5a30@EXAMPLE.COM" created.
datanode_1  | 2019-11-17 05:23:55,309 INFO impl.RoleInfo: 5180bcfb-fd4a-463f-b163-22eb13c57417: shutdown FollowerState
datanode_2  | 2019-11-17 05:23:50,231 INFO impl.RaftServerImpl: f8e3377e-16ad-4f87-807b-dc684ece6830@group-1DDF789BC3A4: changes role from CANDIDATE to FOLLOWER at term 1 for DISCOVERED_A_NEW_TERM
kdc_1       | Authenticating as principal admin/admin with keytab /tmp/admin.keytab.
datanode_1  | 2019-11-17 05:23:55,309 INFO impl.RoleInfo: 5180bcfb-fd4a-463f-b163-22eb13c57417: start FollowerState
datanode_2  | 2019-11-17 05:23:50,231 INFO impl.RoleInfo: f8e3377e-16ad-4f87-807b-dc684ece6830: shutdown LeaderElection
kdc_1       | Entry for principal scm/2cfda22e5a30@EXAMPLE.COM with kvno 2, encryption type aes256-cts-hmac-sha1-96 added to keytab WRFILE:/data/scm.2cfda22e5a30.keytab.
datanode_1  | 2019-11-17 05:23:55,309 INFO impl.FollowerState: 5180bcfb-fd4a-463f-b163-22eb13c57417@group-1DDF789BC3A4-FollowerState was interrupted: java.lang.InterruptedException: sleep interrupted
datanode_2  | 2019-11-17 05:23:50,231 INFO impl.RoleInfo: f8e3377e-16ad-4f87-807b-dc684ece6830: start FollowerState
kdc_1       | Entry for principal scm/2cfda22e5a30@EXAMPLE.COM with kvno 2, encryption type aes128-cts-hmac-sha1-96 added to keytab WRFILE:/data/scm.2cfda22e5a30.keytab.
datanode_1  | 2019-11-17 05:23:55,436 INFO ratis.XceiverServerRatis: Leader change notification received for group: group-1DDF789BC3A4 with new leaderId: f8e3377e-16ad-4f87-807b-dc684ece6830
datanode_2  | 2019-11-17 05:23:55,259 INFO impl.FollowerState: f8e3377e-16ad-4f87-807b-dc684ece6830@group-1DDF789BC3A4-FollowerState: change to CANDIDATE, lastRpcTime:5027ms, electionTimeout:5027ms
kdc_1       | Generiting keytab
datanode_1  | 2019-11-17 05:23:55,436 INFO impl.RaftServerImpl: 5180bcfb-fd4a-463f-b163-22eb13c57417@group-1DDF789BC3A4: change Leader from null to f8e3377e-16ad-4f87-807b-dc684ece6830 at term 2 for appendEntries, leader elected after 10721ms
datanode_2  | 2019-11-17 05:23:55,260 INFO impl.RoleInfo: f8e3377e-16ad-4f87-807b-dc684ece6830: shutdown FollowerState
datanode_1  | 2019-11-17 05:23:55,461 INFO impl.RaftServerImpl: 5180bcfb-fd4a-463f-b163-22eb13c57417@group-1DDF789BC3A4: set configuration 0: [5180bcfb-fd4a-463f-b163-22eb13c57417:172.19.0.6:9858, bcaf688d-544f-4186-a3bf-d6b6c1fcca85:172.19.0.9:9858, f8e3377e-16ad-4f87-807b-dc684ece6830:172.19.0.5:9858], old=null at 0
datanode_2  | 2019-11-17 05:23:55,260 INFO impl.RaftServerImpl: f8e3377e-16ad-4f87-807b-dc684ece6830@group-1DDF789BC3A4: changes role from  FOLLOWER to CANDIDATE at term 1 for changeToCandidate
kdc_1       | Authenticating as principal admin/admin with keytab /tmp/admin.keytab.
datanode_1  | 2019-11-17 05:23:55,461 INFO segmented.SegmentedRaftLogWorker: 5180bcfb-fd4a-463f-b163-22eb13c57417@group-1DDF789BC3A4-SegmentedRaftLogWorker: Starting segment from index:0
datanode_2  | 2019-11-17 05:23:55,260 INFO impl.RoleInfo: f8e3377e-16ad-4f87-807b-dc684ece6830: start LeaderElection
datanode_1  | 2019-11-17 05:23:55,503 INFO segmented.SegmentedRaftLogWorker: 5180bcfb-fd4a-463f-b163-22eb13c57417@group-1DDF789BC3A4-SegmentedRaftLogWorker: created new log segment /data/metadata/ratis/879d8f35-3c75-40bd-b693-1ddf789bc3a4/current/log_inprogress_0
datanode_2  | 2019-11-17 05:23:55,276 INFO impl.LeaderElection: f8e3377e-16ad-4f87-807b-dc684ece6830@group-1DDF789BC3A4-LeaderElection3: begin an election at term 2 for -1: [5180bcfb-fd4a-463f-b163-22eb13c57417:172.19.0.6:9858, bcaf688d-544f-4186-a3bf-d6b6c1fcca85:172.19.0.9:9858, f8e3377e-16ad-4f87-807b-dc684ece6830:172.19.0.5:9858], old=null
kdc_1       | WARNING: no policy specified for HTTP/8426fddf1aba@EXAMPLE.COM; defaulting to no policy
datanode_2  | 2019-11-17 05:23:55,332 INFO impl.LeaderElection: f8e3377e-16ad-4f87-807b-dc684ece6830@group-1DDF789BC3A4-LeaderElection3: Election PASSED; received 1 response(s) [f8e3377e-16ad-4f87-807b-dc684ece6830<-bcaf688d-544f-4186-a3bf-d6b6c1fcca85#0:OK-t2] and 0 exception(s); f8e3377e-16ad-4f87-807b-dc684ece6830@group-1DDF789BC3A4:t2, leader=null, voted=f8e3377e-16ad-4f87-807b-dc684ece6830, raftlog=f8e3377e-16ad-4f87-807b-dc684ece6830@group-1DDF789BC3A4-SegmentedRaftLog:OPENED:c-1,f-1,i0, conf=-1: [5180bcfb-fd4a-463f-b163-22eb13c57417:172.19.0.6:9858, bcaf688d-544f-4186-a3bf-d6b6c1fcca85:172.19.0.9:9858, f8e3377e-16ad-4f87-807b-dc684ece6830:172.19.0.5:9858], old=null
kdc_1       | Principal "HTTP/8426fddf1aba@EXAMPLE.COM" created.
datanode_2  | 2019-11-17 05:23:55,332 INFO impl.RoleInfo: f8e3377e-16ad-4f87-807b-dc684ece6830: shutdown LeaderElection
kdc_1       | Authenticating as principal admin/admin with keytab /tmp/admin.keytab.
datanode_2  | 2019-11-17 05:23:55,333 INFO impl.RaftServerImpl: f8e3377e-16ad-4f87-807b-dc684ece6830@group-1DDF789BC3A4: changes role from CANDIDATE to LEADER at term 2 for changeToLeader
kdc_1       | Entry for principal HTTP/8426fddf1aba@EXAMPLE.COM with kvno 2, encryption type aes256-cts-hmac-sha1-96 added to keytab WRFILE:/data/HTTP.8426fddf1aba.keytab.
datanode_2  | 2019-11-17 05:23:55,333 INFO ratis.XceiverServerRatis: Leader change notification received for group: group-1DDF789BC3A4 with new leaderId: f8e3377e-16ad-4f87-807b-dc684ece6830
kdc_1       | Entry for principal HTTP/8426fddf1aba@EXAMPLE.COM with kvno 2, encryption type aes128-cts-hmac-sha1-96 added to keytab WRFILE:/data/HTTP.8426fddf1aba.keytab.
datanode_2  | 2019-11-17 05:23:55,333 INFO impl.RaftServerImpl: f8e3377e-16ad-4f87-807b-dc684ece6830@group-1DDF789BC3A4: change Leader from null to f8e3377e-16ad-4f87-807b-dc684ece6830 at term 2 for becomeLeader, leader elected after 10585ms
kdc_1       | Generiting keytab
datanode_2  | 2019-11-17 05:23:55,335 INFO server.RaftServerConfigKeys: raft.server.staging.catchup.gap = 1000 (default)
kdc_1       | Authenticating as principal admin/admin with keytab /tmp/admin.keytab.
datanode_2  | 2019-11-17 05:23:55,335 INFO server.RaftServerConfigKeys: raft.server.rpc.sleep.time = 25ms (default)
kdc_1       | WARNING: no policy specified for om/s3g@EXAMPLE.COM; defaulting to no policy
datanode_2  | 2019-11-17 05:23:55,335 INFO server.RaftServerConfigKeys: raft.server.write.element-limit = 4096 (default)
datanode_2  | 2019-11-17 05:23:55,335 INFO server.RaftServerConfigKeys: raft.server.watch.timeout = 10s (default)
kdc_1       | Principal "om/s3g@EXAMPLE.COM" created.
datanode_2  | 2019-11-17 05:23:55,335 INFO server.RaftServerConfigKeys: raft.server.watch.timeout.denomination = 1s (default)
kdc_1       | Authenticating as principal admin/admin with keytab /tmp/admin.keytab.
datanode_2  | 2019-11-17 05:23:55,336 INFO server.RaftServerConfigKeys: raft.server.watch.element-limit = 65536 (default)
kdc_1       | Entry for principal om/s3g@EXAMPLE.COM with kvno 2, encryption type aes256-cts-hmac-sha1-96 added to keytab WRFILE:/data/om.s3g.keytab.
kdc_1       | Entry for principal om/s3g@EXAMPLE.COM with kvno 2, encryption type aes128-cts-hmac-sha1-96 added to keytab WRFILE:/data/om.s3g.keytab.
datanode_2  | 2019-11-17 05:23:55,341 INFO server.RaftServerConfigKeys: raft.server.log.appender.snapshot.chunk.size.max = 16MB (=16777216) (default)
kdc_1       | Generiting keytab
datanode_2  | 2019-11-17 05:23:55,342 INFO server.RaftServerConfigKeys: raft.server.log.appender.buffer.byte-limit = 33554432 (custom)
kdc_1       | Authenticating as principal admin/admin with keytab /tmp/admin.keytab.
datanode_2  | 2019-11-17 05:23:55,342 INFO server.RaftServerConfigKeys: raft.server.log.appender.buffer.element-limit = 1 (custom)
datanode_2  | 2019-11-17 05:23:55,347 INFO grpc.GrpcConfigKeys$Server: raft.grpc.server.leader.outstanding.appends.max = 128 (default)
kdc_1       | WARNING: no policy specified for om/2a50865dbc0d@EXAMPLE.COM; defaulting to no policy
datanode_2  | 2019-11-17 05:23:55,348 INFO server.RaftServerConfigKeys: raft.server.rpc.request.timeout = 3000ms (default)
kdc_1       | Principal "om/2a50865dbc0d@EXAMPLE.COM" created.
kdc_1       | Authenticating as principal admin/admin with keytab /tmp/admin.keytab.
datanode_2  | 2019-11-17 05:23:55,348 INFO server.RaftServerConfigKeys: raft.server.log.appender.install.snapshot.enabled = false (custom)
kdc_1       | Entry for principal om/2a50865dbc0d@EXAMPLE.COM with kvno 2, encryption type aes256-cts-hmac-sha1-96 added to keytab WRFILE:/data/om.2a50865dbc0d.keytab.
datanode_2  | 2019-11-17 05:23:55,350 WARN impl.MetricRegistriesImpl: First MetricRegistry has been created without registering reporters. You may need to call MetricRegistries.global().addReportRegistration(...) before.
kdc_1       | Entry for principal om/2a50865dbc0d@EXAMPLE.COM with kvno 2, encryption type aes128-cts-hmac-sha1-96 added to keytab WRFILE:/data/om.2a50865dbc0d.keytab.
datanode_2  | 2019-11-17 05:23:55,352 INFO server.RaftServerConfigKeys: raft.server.log.appender.snapshot.chunk.size.max = 16MB (=16777216) (default)
kdc_1       | Generiting keytab
kdc_1       | Authenticating as principal admin/admin with keytab /tmp/admin.keytab.
datanode_2  | 2019-11-17 05:23:55,352 INFO server.RaftServerConfigKeys: raft.server.log.appender.buffer.byte-limit = 33554432 (custom)
kdc_1       | WARNING: no policy specified for dn/scm@EXAMPLE.COM; defaulting to no policy
datanode_2  | 2019-11-17 05:23:55,352 INFO server.RaftServerConfigKeys: raft.server.log.appender.buffer.element-limit = 1 (custom)
kdc_1       | Principal "dn/scm@EXAMPLE.COM" created.
datanode_2  | 2019-11-17 05:23:55,352 INFO grpc.GrpcConfigKeys$Server: raft.grpc.server.leader.outstanding.appends.max = 128 (default)
kdc_1       | Authenticating as principal admin/admin with keytab /tmp/admin.keytab.
datanode_2  | 2019-11-17 05:23:55,352 INFO server.RaftServerConfigKeys: raft.server.rpc.request.timeout = 3000ms (default)
datanode_2  | 2019-11-17 05:23:55,353 INFO server.RaftServerConfigKeys: raft.server.log.appender.install.snapshot.enabled = false (custom)
kdc_1       | Nov 17 05:23:24 kdc kadmind[15](Notice): Request: kadm5_init, admin/admin@EXAMPLE.COM, success, client=admin/admin@EXAMPLE.COM, service=kadmin/admin@EXAMPLE.COM, addr=127.0.0.1, vers=4, flavor=6
datanode_2  | 2019-11-17 05:23:55,357 INFO impl.RoleInfo: f8e3377e-16ad-4f87-807b-dc684ece6830: start LeaderState
datanode_2  | 2019-11-17 05:23:55,357 INFO segmented.SegmentedRaftLogWorker: f8e3377e-16ad-4f87-807b-dc684ece6830@group-1DDF789BC3A4-SegmentedRaftLogWorker: Starting segment from index:0
datanode_2  | 2019-11-17 05:23:55,359 INFO impl.RaftServerImpl: f8e3377e-16ad-4f87-807b-dc684ece6830@group-1DDF789BC3A4: set configuration 0: [5180bcfb-fd4a-463f-b163-22eb13c57417:172.19.0.6:9858, bcaf688d-544f-4186-a3bf-d6b6c1fcca85:172.19.0.9:9858, f8e3377e-16ad-4f87-807b-dc684ece6830:172.19.0.5:9858], old=null at 0
datanode_2  | 2019-11-17 05:23:55,402 INFO segmented.SegmentedRaftLogWorker: f8e3377e-16ad-4f87-807b-dc684ece6830@group-1DDF789BC3A4-SegmentedRaftLogWorker: created new log segment /data/metadata/ratis/879d8f35-3c75-40bd-b693-1ddf789bc3a4/current/log_inprogress_0
kdc_1       | Nov 17 05:23:24 kdc kadmind[15](Notice): Request: kadm5_get_policy, default, Policy does not exist, client=admin/admin@EXAMPLE.COM, service=kadmin/admin@EXAMPLE.COM, addr=127.0.0.1
kdc_1       | Nov 17 05:23:24 kdc kadmind[15](Notice): Request: kadm5_create_principal, scm/om@EXAMPLE.COM, success, client=admin/admin@EXAMPLE.COM, service=kadmin/admin@EXAMPLE.COM, addr=127.0.0.1
kdc_1       | Nov 17 05:23:24 kdc kadmind[15](info): closing down fd 18
kdc_1       | Nov 17 05:23:24 kdc kadmind[15](Notice): Request: kadm5_init, admin/admin@EXAMPLE.COM, success, client=admin/admin@EXAMPLE.COM, service=kadmin/admin@EXAMPLE.COM, addr=127.0.0.1, vers=4, flavor=6
kdc_1       | Nov 17 05:23:24 kdc kadmind[15](Notice): Request: kadm5_randkey_principal, scm/om@EXAMPLE.COM, success, client=admin/admin@EXAMPLE.COM, service=kadmin/admin@EXAMPLE.COM, addr=127.0.0.1
kdc_1       | Nov 17 05:23:24 kdc kadmind[15](Notice): Request: kadm5_get_principal, scm/om@EXAMPLE.COM, success, client=admin/admin@EXAMPLE.COM, service=kadmin/admin@EXAMPLE.COM, addr=127.0.0.1
kdc_1       | Nov 17 05:23:24 kdc kadmind[15](info): closing down fd 18
kdc_1       | Nov 17 05:23:24 kdc kadmind[15](Notice): Request: kadm5_init, admin/admin@EXAMPLE.COM, success, client=admin/admin@EXAMPLE.COM, service=kadmin/admin@EXAMPLE.COM, addr=127.0.0.1, vers=4, flavor=6
kdc_1       | Nov 17 05:23:24 kdc kadmind[15](Notice): Request: kadm5_get_policy, default, Policy does not exist, client=admin/admin@EXAMPLE.COM, service=kadmin/admin@EXAMPLE.COM, addr=127.0.0.1
kdc_1       | Nov 17 05:23:24 kdc kadmind[15](Notice): Request: kadm5_create_principal, scm/3f4750b60666@EXAMPLE.COM, success, client=admin/admin@EXAMPLE.COM, service=kadmin/admin@EXAMPLE.COM, addr=127.0.0.1
kdc_1       | Nov 17 05:23:24 kdc kadmind[15](info): closing down fd 18
kdc_1       | Nov 17 05:23:24 kdc kadmind[15](Notice): Request: kadm5_init, admin/admin@EXAMPLE.COM, success, client=admin/admin@EXAMPLE.COM, service=kadmin/admin@EXAMPLE.COM, addr=127.0.0.1, vers=Nov 17 05:23:24 kdc krb5kdc[9](info): AS_REQ (8 etypes {18 17 20 19 16 23 25 26}) 127.0.0.1: SERVER_NOT_FOUND: admin/admin@EXAMPLE.COM for kadmin/localhost@EXAMPLE.COM, Server not found in Kerberos database
kdc_1       | Nov 17 05:23:24 kdc krb5kdc[9](info): AS_REQ (8 etypes {18 17 20 19 16 23 25 26}) 127.0.0.1: ISSUE: authtime 1573968204, etypes {rep=18 tkt=18 ses=18}, admin/admin@EXAMPLE.COM for kadmin/admin@EXAMPLE.COM
kdc_1       | Nov 17 05:23:24 kdc krb5kdc[9](info): AS_REQ (8 etypes {18 17 20 19 16 23 25 26}) 127.0.0.1: SERVER_NOT_FOUND: admin/admin@EXAMPLE.COM for kadmin/localhost@EXAMPLE.COM, Server not found in Kerberos database
kdc_1       | Nov 17 05:23:24 kdc krb5kdc[9](info): AS_REQ (8 etypes {18 17 20 19 16 23 25 26}) 127.0.0.1: ISSUE: authtime 1573968204, etypes {rep=18 tkt=18 ses=18}, admin/admin@EXAMPLE.COM for kadmin/admin@EXAMPLE.COM
kdc_1       | Nov 17 05:23:24 kdc krb5kdc[9](info): AS_REQ (8 etypes {18 17 20 19 16 23 25 26}) 127.0.0.1: SERVER_NOT_FOUND: admin/admin@EXAMPLE.COM for kadmin/localhost@EXAMPLE.COM, Server not found in Kerberos da4, flavor=6
kdc_1       | Nov 17 05:23:25 kdc kadmind[15](Notice): Request: kadm5_randkey_principal, scm/3f4750b60666@EXAMPLE.COM, success, client=admin/admin@EXAMPLE.COM, service=kadmin/admin@EXAMPLE.COM, addr=127.0.0.1
kdc_1       | Nov 17 05:23:25 kdc kadmind[15](Notice): Request: kadm5_get_principal, scm/3f4750b60666@EXAMPLE.COM, success, client=admin/admin@EXAMPLE.COM, service=kadmin/admin@EXAMPLE.COM, addr=127.0.0.1
kdc_1       | Nov 17 05:23:25 kdc kadmind[15](info): closing down fd 18
kdc_1       | Nov 17 05:23:25 kdc kadmind[15](Notice): Request: kadm5_init, admin/admin@EXAMPLE.COM, success, client=admin/admin@EXAMPLE.COM, service=kadmin/admin@EXAMPLE.COM, addr=127.0.0.1, vers=4, flavor=6
kdc_1       | Nov 17 05:23:25 kdc kadmind[15](Notice): Request: kadm5_get_policy, default, Policy does not exist, client=admin/admin@EXAMPLE.COM, service=kadmin/admin@EXAMPLE.COM, addr=127.0.0.1
kdc_1       | Nov 17 05:23:25 kdc kadmind[15](Notice): Request: kadm5_create_principal, scm/2cfda22e5a30@EXAMPLE.COM, success, client=admin/admin@EXAMPLE.COM, service=kadmin/admin@EXAMPLE.COM, addr=127.0.0.tabase
kdc_1       | Nov 17 05:23:24 kdc krb5kdc[9](info): AS_REQ (8 etypes {18 17 20 19 16 23 25 26}) 127.0.0.1: ISSUE: authtime 1573968204, etypes {rep=18 tkt=18 ses=18}, admin/admin@EXAMPLE.COM for kadmin/admin@EXAMPLE.COM
kdc_1       | Nov 17 05:23:24 kdc krb5kdc[9](info): AS_REQ (8 etypes {18 17 20 19 16 23 25 26}) 127.0.0.1: SERVER_NOT_FOUND: admin/admin@EXAMPLE.COM for kadmin/localhost@EXAMPLE.COM, Server not found in Kerberos database
kdc_1       | Nov 17 05:23:24 kdc krb5kdc[9](info): AS_REQ (8 etypes {18 17 20 19 16 23 25 26}) 127.0.0.1: ISSUE: authtime 1573968204, etypes {rep=18 tkt=18 ses=18}, admin/admin@EXAMPLE.COM for kadmin/admin@EXAMPLE.COM
kdc_1       | Nov 17 05:23:25 kdc krb5kdc[9](info): AS_REQ (8 etypes {18 17 20 19 16 23 25 26}) 127.0.0.1: SERVER_NOT_FOUND: admin/admin@EXAMPLE.COM for kadmin/localhost@EXAMPLE.COM, Server not found in Kerberos database
kdc_1       | Nov 17 05:23:25 kdc krb5kdc[9](info): AS_REQ (8 etypes {18 17 20 19 16 23 25 26}) 127.0.0.1: ISSUE: authtime 1573968205, etypes {rep=18 tkt=18 ses=18}, admin/admin@EXAMPLE.COM for kadmin/admin@1
kdc_1       | Nov 17 05:23:25 kdc kadmind[15](info): closing down fd 18
kdc_1       | Nov 17 05:23:25 kdc kadmind[15](Notice): Request: kadm5_init, admin/admin@EXAMPLE.COM, success, client=admin/admin@EXAMPLE.COM, service=kadmin/admin@EXAMPLE.COM, addr=127.0.0.1, vers=4, flavor=6
kdc_1       | Nov 17 05:23:25 kdc kadmind[15](Notice): Request: kadm5_randkey_principal, scm/2cfda22e5a30@EXAMPLE.COM, success, client=admin/admin@EXAMPLE.COM, service=kadmin/admin@EXAMPLE.COM, addr=127.0.0.1
kdc_1       | Nov 17 05:23:25 kdc kadmind[15](Notice): Request: kadm5_get_principal, scm/2cfda22e5a30@EXAMPLE.COM, success, client=admin/admin@EXAMPLE.COM, service=kadmin/admin@EXAMPLE.COM, addr=127.0.0.1
kdc_1       | Nov 17 05:23:25 kdc kadmind[15](info): closing down fd 18
kdc_1       | Nov 17 05:23:25 kdc kadmind[15](Notice): Request: kadm5_init, admin/admin@EXAMPLE.COM, success, client=admin/admin@EXAMPLE.COM, service=kadmin/admin@EXAMPLE.COM, addr=127.0.0.1, vers=4, flavor=6
kdc_1       | Nov 17 05:23:25 kdc kadmind[15](Notice): Request: kadm5_get_policy, default, Policy does not exist, client=admin/admin@EXAMPLE.COMEXAMPLE.COM
kdc_1       | Nov 17 05:23:25 kdc krb5kdc[9](info): AS_REQ (8 etypes {18 17 20 19 16 23 25 26}) 127.0.0.1: SERVER_NOT_FOUND: admin/admin@EXAMPLE.COM for kadmin/localhost@EXAMPLE.COM, Server not found in Kerberos database
kdc_1       | Nov 17 05:23:25 kdc krb5kdc[9](info): AS_REQ (8 etypes {18 17 20 19 16 23 25 26}) 127.0.0.1: ISSUE: authtime 1573968205, etypes {rep=18 tkt=18 ses=18}, admin/admin@EXAMPLE.COM for kadmin/admin@EXAMPLE.COM
kdc_1       | Nov 17 05:23:25 kdc krb5kdc[9](info): AS_REQ (8 etypes {18 17 20 19 16 23 25 26}) 127.0.0.1: SERVER_NOT_FOUND: admin/admin@EXAMPLE.COM for kadmin/localhost@EXAMPLE.COM, Server not found in Kerberos database
kdc_1       | Nov 17 05:23:25 kdc krb5kdc[9](info): AS_REQ (8 etypes {18 17 20 19 16 23 25 26}) 127.0.0.1: ISSUE: authtime 1573968205, etypes {rep=18 tkt=18 ses=18}, admin/admin@EXAMPLE.COM for kadmin/admin@EXAMPLE.COM
kdc_1       | Nov 17 05:23:25 kdc krb5kdc[9](info): AS_REQ (8 etypes {18 17 20 19 16 23 25 26}) 127.0.0.1: SERVER_NOT_FOUND: admin/admin@EXAMPLE.COM for kadmin/localhost@EXAMPLE.COM, Server not found in, service=kadmin/admin@EXAMPLE.COM, addr=127.0.0.1
kdc_1       | Nov 17 05:23:25 kdc kadmind[15](Notice): Request: kadm5_create_principal, HTTP/8426fddf1aba@EXAMPLE.COM, success, client=admin/admin@EXAMPLE.COM, service=kadmin/admin@EXAMPLE.COM, addr=127.0.0.1
kdc_1       | Nov 17 05:23:25 kdc kadmind[15](info): closing down fd 18
kdc_1       | Nov 17 05:23:25 kdc kadmind[15](Notice): Request: kadm5_init, admin/admin@EXAMPLE.COM, success, client=admin/admin@EXAMPLE.COM, service=kadmin/admin@EXAMPLE.COM, addr=127.0.0.1, vers=4, flavor=6
kdc_1       | Nov 17 05:23:25 kdc kadmind[15](Notice): Request: kadm5_randkey_principal, HTTP/8426fddf1aba@EXAMPLE.COM, success, client=admin/admin@EXAMPLE.COM, service=kadmin/admin@EXAMPLE.COM, addr=127.0.0.1
kdc_1       | Nov 17 05:23:25 kdc kadmind[15](Notice): Request: kadm5_get_principal, HTTP/8426fddf1aba@EXAMPLE.COM, success, client=admin/admin@EXAMPLE.COM, service=kadmin/admin@EXAMPLE.COM, addr=127.0.0.1
kdc_1       | Nov 17 05:23:25 kdc kadmind[15](info): closing down fd 18
kdc_1       | Nov 17 05:23:25 kdc kadmind[15](Notice): Request: kadm5_init, admin/admin@EXAMP Kerberos database
kdc_1       | Nov 17 05:23:25 kdc krb5kdc[9](info): AS_REQ (8 etypes {18 17 20 19 16 23 25 26}) 127.0.0.1: ISSUE: authtime 1573968205, etypes {rep=18 tkt=18 ses=18}, admin/admin@EXAMPLE.COM for kadmin/admin@EXAMPLE.COM
kdc_1       | Nov 17 05:23:25 kdc krb5kdc[9](info): AS_REQ (8 etypes {18 17 20 19 16 23 25 26}) 127.0.0.1: SERVER_NOT_FOUND: admin/admin@EXAMPLE.COM for kadmin/localhost@EXAMPLE.COM, Server not found in Kerberos database
kdc_1       | Nov 17 05:23:25 kdc krb5kdc[9](info): AS_REQ (8 etypes {18 17 20 19 16 23 25 26}) 127.0.0.1: ISSUE: authtime 1573968205, etypes {rep=18 tkt=18 ses=18}, admin/admin@EXAMPLE.COM for kadmin/admin@EXAMPLE.COM
kdc_1       | Nov 17 05:23:25 kdc krb5kdc[9](info): AS_REQ (8 etypes {18 17 20 19 16 23 25 26}) 127.0.0.1: SERVER_NOT_FOUND: admin/admin@EXAMPLE.COM for kadmin/localhost@EXAMPLE.COM, Server not found in Kerberos database
kdc_1       | Nov 17 05:23:25 kdc krb5kdc[9](info): AS_REQ (8 etypes {18 17 20 19 16 23 25 26}) 127.0.0.1: ISSUE: authtime 1573968205, etypes {rep=18 tkt=18 ses=18}, admin/admin@EXAMPLE.COM for kLE.COM, success, client=admin/admin@EXAMPLE.COM, service=kadmin/admin@EXAMPLE.COM, addr=127.0.0.1, vers=4, flavor=6
kdc_1       | Nov 17 05:23:25 kdc kadmind[15](Notice): Request: kadm5_get_policy, default, Policy does not exist, client=admin/admin@EXAMPLE.COM, service=kadmin/admin@EXAMPLE.COM, addr=127.0.0.1
kdc_1       | Nov 17 05:23:25 kdc kadmind[15](Notice): Request: kadm5_create_principal, om/s3g@EXAMPLE.COM, success, client=admin/admin@EXAMPLE.COM, service=kadmin/admin@EXAMPLE.COM, addr=127.0.0.1
kdc_1       | Nov 17 05:23:25 kdc kadmind[15](info): closing down fd 18
kdc_1       | Nov 17 05:23:25 kdc kadmind[15](Notice): Request: kadm5_init, admin/admin@EXAMPLE.COM, success, client=admin/admin@EXAMPLE.COM, service=kadmin/admin@EXAMPLE.COM, addr=127.0.0.1, vers=4, flavor=6
kdc_1       | Nov 17 05:23:25 kdc kadmind[15](Notice): Request: kadm5_randkey_principal, om/s3g@EXAMPLE.COM, success, client=admin/admin@EXAMPLE.COM, service=kadmin/admin@EXAMPLE.COM, addr=127.0.0.1
kdc_1       | Nov 17 05:23:25 kdc kadmind[15](Notice): Request: kadm5_get_principal, om/s3g@EXAMPLE.COM, success, clienadmin/admin@EXAMPLE.COM
kdc_1       | Nov 17 05:23:25 kdc krb5kdc[9](info): AS_REQ (8 etypes {18 17 20 19 16 23 25 26}) 127.0.0.1: SERVER_NOT_FOUND: admin/admin@EXAMPLE.COM for kadmin/localhost@EXAMPLE.COM, Server not found in Kerberos database
kdc_1       | Nov 17 05:23:25 kdc krb5kdc[9](info): AS_REQ (8 etypes {18 17 20 19 16 23 25 26}) 127.0.0.1: ISSUE: authtime 1573968205, etypes {rep=18 tkt=18 ses=18}, admin/admin@EXAMPLE.COM for kadmin/admin@EXAMPLE.COM
kdc_1       | Nov 17 05:23:25 kdc krb5kdc[9](info): AS_REQ (8 etypes {18 17 20 19 16 23 25 26}) 127.0.0.1: SERVER_NOT_FOUND: admin/admin@EXAMPLE.COM for kadmin/localhost@EXAMPLE.COM, Server not found in Kerberos database
kdc_1       | Nov 17 05:23:25 kdc krb5kdc[9](info): AS_REQ (8 etypes {18 17 20 19 16 23 25 26}) 127.0.0.1: ISSUE: authtime 1573968205, etypes {rep=18 tkt=18 ses=18}, admin/admin@EXAMPLE.COM for kadmin/admin@EXAMPLE.COM
kdc_1       | Nov 17 05:23:25 kdc krb5kdc[9](info): AS_REQ (8 etypes {18 17 20 19 16 23 25 26}) 127.0.0.1: SERVER_NOT_FOUND: admin/admin@EXAMPLE.COM for kadmin/localhost@EXAMPLE.COM, Server t=admin/admin@EXAMPLE.COM, service=kadmin/admin@EXAMPLE.COM, addr=127.0.0.1
kdc_1       | Nov 17 05:23:25 kdc kadmind[15](info): closing down fd 18
kdc_1       | Nov 17 05:23:25 kdc kadmind[15](Notice): Request: kadm5_init, admin/admin@EXAMPLE.COM, success, client=admin/admin@EXAMPLE.COM, service=kadmin/admin@EXAMPLE.COM, addr=127.0.0.1, vers=4, flavor=6
kdc_1       | Nov 17 05:23:25 kdc kadmind[15](Notice): Request: kadm5_get_policy, default, Policy does not exist, client=admin/admin@EXAMPLE.COM, service=kadmin/admin@EXAMPLE.COM, addr=127.0.0.1
kdc_1       | Nov 17 05:23:25 kdc kadmind[15](Notice): Request: kadm5_create_principal, om/2a50865dbc0d@EXAMPLE.COM, success, client=admin/admin@EXAMPLE.COM, service=kadmin/admin@EXAMPLE.COM, addr=127.0.0.1
kdc_1       | Nov 17 05:23:25 kdc kadmind[15](info): closing down fd 18
kdc_1       | Nov 17 05:23:25 kdc kadmind[15](Notice): Request: kadm5_init, admin/admin@EXAMPLE.COM, success, client=admin/admin@EXAMPLE.COM, service=kadmin/admin@EXAMPLE.COM, addr=127.0.0.1, vers=4, flavor=6
kdc_1       | Nov 17 05:23:25 kdc kadmind[15](Notice): Request: kadm5_randkey_prinnot found in Kerberos database
kdc_1       | Nov 17 05:23:25 kdc krb5kdc[9](info): AS_REQ (8 etypes {18 17 20 19 16 23 25 26}) 127.0.0.1: ISSUE: authtime 1573968205, etypes {rep=18 tkt=18 ses=18}, admin/admin@EXAMPLE.COM for kadmin/admin@EXAMPLE.COM
kdc_1       | Nov 17 05:23:25 kdc krb5kdc[9](info): AS_REQ (8 etypes {18 17 20 19 16 23 25 26}) 127.0.0.1: SERVER_NOT_FOUND: admin/admin@EXAMPLE.COM for kadmin/localhost@EXAMPLE.COM, Server not found in Kerberos database
kdc_1       | Nov 17 05:23:25 kdc krb5kdc[9](info): AS_REQ (8 etypes {18 17 20 19 16 23 25 26}) 127.0.0.1: ISSUE: authtime 1573968205, etypes {rep=18 tkt=18 ses=18}, admin/admin@EXAMPLE.COM for kadmin/admin@EXAMPLE.COM
kdc_1       | cipal, om/2a50865dbc0d@EXAMPLE.COM, success, client=admin/admin@EXAMPLE.COM, service=kadmin/admin@EXAMPLE.COM, addr=127.0.0.1
kdc_1       | Nov 17 05:23:25 kdc kadmind[15](Notice): Request: kadm5_get_principal, om/2a50865dbc0d@EXAMPLE.COM, success, client=admin/admin@EXAMPLE.COM, service=kadmin/admin@EXAMPLE.COM, addr=127.0.0.1
kdc_1       | Nov 17 05:23:25 kdc kadmind[15](info): closing down fd 18
kdc_1       | Nov 17 05:23:25 kdc kadmind[15](Notice): Request: kadm5_init, admin/admin@EXAMPLE.COM, success, client=admin/admin@EXAMPLE.COM, service=kadmin/admin@EXAMPLE.COM, addr=127.0.0.1, vers=4, flavor=6
kdc_1       | Nov 17 05:23:25 kdc kadmind[15](Notice): Request: kadm5_get_policy, default, Policy does not exist, client=admin/admin@EXAMPLE.COM, service=kadmin/admin@EXAMPLE.COM, addr=127.0.0.1
kdc_1       | Nov 17 05:23:25 kdc kadmind[15](Notice): Request: kadm5_create_principal, dn/scm@EXAMPLE.COM, success, client=admin/admin@EXAMPLE.COM, service=kadmin/admin@EXAMPLE.COM, addr=127.0.0.1
kdc_1       | Nov 17 05:23:25 kdc kadmind[15](info): closing down fd 18
kdc_1       | Nov 17 05:23:25 kdc kadmind[15](Notice): Request: kadm5_init, admin/admin@EXAMPLE.COM, success, client=admin/admin@EXAMPLE.COM, service=kadmin/admin@EXAMPLE.COM, addr=127.0.0.1, vers=4, flavor=6
kdc_1       | Nov 17 05:23:25 kdc kadmind[15](Notice): Request: kadm5_randkey_principal, dn/scm@EXAMPLE.COM, success, client=admin/admin@EXAMPLE.COM, service=kadmin/admin@EXAMPLE.COM, addr=127.0.0.1
kdc_1       | Nov 17 05:23:25 kdc kadmind[15](Notice): Request: kadm5_get_principal, dn/scm@EXAMPLE.COM, success, client=admin/admin@EXAMPLE.COM, service=kadmin/admin@EXAMPLE.COM, addr=127.0.0.1
kdc_1       | Entry for principal dn/scm@EXAMPLE.COM with kvno 2, encryption type aes256-cts-hmac-sha1-96 added to keytab WRFILE:/data/dn.scm.keytab.
kdc_1       | Entry for principal dn/scm@EXAMPLE.COM with kvno 2, encryption type aes128-cts-hmac-sha1-96 added to keytab WRFILE:/data/dn.scm.keytab.
kdc_1       | Generiting keytab
kdc_1       | Authenticating as principal admin/admin with keytab /tmp/admin.keytab.
kdc_1       | WARNING: no policy specified for HTTP/om@EXAMPLE.COM; defaulting to no policy
kdc_1       | Principal "HTTP/om@EXAMPLE.COM" created.
kdc_1       | Authenticating as principal admin/admin with keytab /tmp/admin.keytab.
kdc_1       | Entry for principal HTTP/om@EXAMPLE.COM with kvno 2, encryption type aes256-cts-hmac-sha1-96 added to keytab WRFILE:/data/HTTP.om.keytab.
kdc_1       | Entry for principal HTTP/om@EXAMPLE.COM with kvno 2, encryption type aes128-cts-hmac-sha1-96 added to keytab WRFILE:/data/HTTP.om.keytab.
kdc_1       | Generiting keytab
kdc_1       | Authenticating as principal admin/admin with keytab /tmp/admin.keytab.
kdc_1       | WARNING: no policy specified for HTTP/3f4750b60666@EXAMPLE.COM; defaulting to no policy
kdc_1       | Principal "HTTP/3f4750b60666@EXAMPLE.COM" created.
kdc_1       | Authenticating as principal admin/admin with keytab /tmp/admin.keytab.
kdc_1       | Entry for principal HTTP/3f4750b60666@EXAMPLE.COM with kvno 2, encryption type aes256-cts-hmac-sha1-96 added to keytab WRFILE:/data/HTTP.3f4750b60666.keytab.
kdc_1       | Entry for principal HTTP/3f4750b60666@EXAMPLE.COM with kvno 2, encryption type aes128-cts-hmac-sha1-96 added to keytab WRFILE:/data/HTTP.3f4750b60666.keytab.
kdc_1       | Generiting keytab
kdc_1       | Authenticating as principal admin/admin with keytab /tmp/admin.keytab.
kdc_1       | WARNING: no policy specified for HTTP/2cfda22e5a30@EXAMPLE.COM; defaulting to no policy
kdc_1       | Principal "HTTP/2cfda22e5a30@EXAMPLE.COM" created.
kdc_1       | Authenticating as principal admin/admin with keytab /tmp/admin.keytab.
kdc_1       | Entry for principal HTTP/2cfda22e5a30@EXAMPLE.COM with kvno 2, encryption type aes256-cts-hmac-sha1-96 added to keytab WRFILE:/data/HTTP.2cfda22e5a30.keytab.
kdc_1       | Entry for principal HTTP/2cfda22e5a30@EXAMPLE.COM with kvno 2, encryption type aes128-cts-hmac-sha1-96 added to keytab WRFILE:/data/HTTP.2cfda22e5a30.keytab.
kdc_1       | Generiting keytab
kdc_1       | Authenticating as principal admin/admin with keytab /tmp/admin.keytab.
kdc_1       | WARNING: no policy specified for testuser/8426fddf1aba@EXAMPLE.COM; defaulting to no policy
kdc_1       | Principal "testuser/8426fddf1aba@EXAMPLE.COM" created.
kdc_1       | Authenticating as principal admin/admin with keytab /tmp/admin.keytab.
kdc_1       | Entry for principal testuser/8426fddf1aba@EXAMPLE.COM with kvno 2, encryption type aes256-cts-hmac-sha1-96 added to keytab WRFILE:/data/testuser.8426fddf1aba.keytab.
kdc_1       | Entry for principal testuser/8426fddf1aba@EXAMPLE.COM with kvno 2, encryption type aes128-cts-hmac-sha1-96 added to keytab WRFILE:/data/testuser.8426fddf1aba.keytab.
kdc_1       | Generiting keytab
kdc_1       | Authenticating as principal admin/admin with keytab /tmp/admin.keytab.
kdc_1       | WARNING: no policy specified for scm/s3g@EXAMPLE.COM; defaulting to no policy
kdc_1       | Principal "scm/s3g@EXAMPLE.COM" created.
kdc_1       | Authenticating as principal admin/admin with keytab /tmp/admin.keytab.
kdc_1       | Entry for principal scm/s3g@EXAMPLE.COM with kvno 2, encryption type aes256-cts-hmac-sha1-96 added to keytab WRFILE:/data/scm.s3g.keytab.
kdc_1       | Entry for principal scm/s3g@EXAMPLE.COM with kvno 2, encryption type aes128-cts-hmac-sha1-96 added to keytab WRFILE:/data/scm.s3g.keytab.
kdc_1       | Nov 17 05:23:25 kdc krb5kdc[9](info): AS_REQ (8 etypes {18 17 20 19 16 23 25 26}) 127.0.0.1: SERVER_NOT_FOUND: admin/admin@EXAMPLE.COM for kadmin/localhost@EXAMPLE.COM, Server not found in Kerberos database
kdc_1       | Nov 17 05:23:25 kdc krb5kdc[9](info): AS_REQ (8 etypes {18 17 20 19 16 23 25 26}) 127.0.0.1: ISSUE: authtime 1573968205, etypes {rep=18 tkt=18 ses=18}, admin/admin@EXAMPLE.COM for kadmin/admin@EXAMPLE.COM
kdc_1       | Nov 17 05:23:25 kdc krb5kdc[9](info): AS_REQ (8 etypes {18 17 20 19 16 23 25 26}) 127.0.0.1: SERVER_NOT_FOUND: admin/admin@EXAMPLE.COM for kadmin/localhost@EXAMPLE.COM, Server not found in Kerberos database
kdc_1       | Nov 17 05:23:25 kdc krb5kdc[9](info): AS_REQ (8 etypes {18 17 20 19 16 23 25 26}) 127.0.0.1: ISSUE: authtime 1573968205, etypes {rep=18 tkt=18 ses=18}, admin/admin@EXAMPLE.COM for kadmin/admin@EXAMPLE.COM
kdc_1       | Nov 17 05:23:25 kdc krb5kdc[9](info): AS_REQ (8 etypes {18 17 20 19 16 23 25 26}) 127.0.0.1: SERVER_NOT_FOUND: admin/admin@EXAMPLE.COM for kadmin/localhost@EXAMPLE.COM, Server not found in Kerberos database
kdc_1       | Nov 17 05:23:25 kdc krb5kdc[9](info): AS_REQ (8 etypes {18 17 20 19 16 23 25 26}) 127.0.0.1: ISSUE: authtime 1573968205, etypes {rep=18 tkt=18 ses=18}, admin/admin@EXAMPLE.COM for kadmin/admin@EXAMPLE.COM
kdc_1       | Nov 17 05:23:26 kdc krb5kdc[9](info): AS_REQ (8 etypes {18 17 20 19 16 23 25 26}) 127.0.0.1: SERVER_NOT_FOUND: admin/admin@EXAMPLE.COM for kadmin/localhost@EXAMPLE.COM, Server not found in Kerberos database
kdc_1       | Nov 17 05:23:26 kdc krb5kdc[9](info): AS_REQ (8 etypes {18 17 20 19 16 23 25 26}) 127.0.0.1: ISSUE: authtime 1573968206, etypes {rep=18 tkt=18 ses=18}, admin/admin@EXAMPLE.COM for kadmin/admin@EXAMPLE.COM
kdc_1       | Nov 17 05:23:26 kdc krb5kdc[9](info): AS_REQ (8 etypes {18 17 20 19 16 23 25 26}) 127.0.0.1: SERVER_NOT_FOUND: admin/admin@EXAMPLE.COM for kadmin/localhost@EXAMPLE.COM, Server not found in Kerberos database
kdc_1       | Nov 17 05:23:26 kdc krb5kdc[9](info): AS_REQ (8 etypes {18 17 20 19 16 23 25 26}) 127.0.0.1: ISSUE: authtime 1573968206, etypes {rep=18 tkt=18 ses=18}, admin/admin@EXAMPLE.COM for kadmin/admin@EXAMPLE.COM
kdc_1       | Nov 17 05:23:26 kdc krb5kdc[9](info): AS_REQ (8 etypes {18 17 20 19 16 23 25 26}) 127.0.0.1: SERVER_NOT_FOUND: admin/admin@EXAMPLE.COM for kadmin/localhost@EXAMPLE.COM, Server not found in Kerberos database
kdc_1       | Nov 17 05:23:26 kdc krb5kdc[9](info): AS_REQ (8 etypes {18 17 20 19 16 23 25 26}) 127.0.0.1: ISSUE: authtime 1573968206, etypes {rep=18 tkt=18 ses=18}, admin/admin@EXAMPLE.COM for kadmin/admin@EXAMPLE.COM
kdc_1       | Nov 17 05:23:26 kdc krb5kdc[9](info): AS_REQ (8 etypes {18 17 20 19 16 23 25 26}) 127.0.0.1: SERVER_NOT_FOUND: admin/admin@EXAMPLE.COM for kadmin/localhost@EXAMPLE.COM, Server not found in Kerberos database
kdc_1       | Nov 17 05:23:26 kdc krb5kdc[9](info): AS_REQ (8 etypes {18 17 20 19 16 23 25 26}) 127.0.0.1: ISSUE: authtime 1573968206, etypes {rep=18 tkt=18 ses=18}, admin/admin@EXAMPLE.COM for kadmin/admin@EXAMPLE.COM
kdc_1       | Nov 17 05:23:26 kdc krb5kdc[9](info): AS_REQ (8 etypes {18 17 20 19 16 23 25 26}) 127.0.0.1: SERVER_NOT_FOUND: admin/admin@EXAMPLE.COM for kadmin/localhost@EXAMPLE.COM, Server not found in Kerberos database
kdc_1       | Nov 17 05:23:26 kdc krb5kdc[9](info): AS_REQ (8 etypes {18 17 20 19 16 23 25 26}) 127.0.0.1: ISSUE: authtime 1573968206, etypes {rep=18 tkt=18 ses=18}, admin/admin@EXAMPLE.COM for kadmin/admin@EXAMPLE.COM
kdc_1       | Nov 17 05:23:26 kdc krb5kdc[9](info): AS_REQ (8 etypes {18 17 20 19 16 23 25 26}) 127.0.0.1: SERVER_NOT_FOUND: admin/admin@EXAMPLE.COM for kadmin/localhost@EXAMPLE.COM, Server not found in Kerberos database
kdc_1       | Nov 17 05:23:26 kdc krb5kdc[9](info): AS_REQ (8 etypes {18 17 20 19 16 23 25 26}) 127.0.0.1: ISSUE: authtime 1573968206, etypes {rep=18 tkt=18 ses=18}, admin/admin@EXAMPLE.COM for kadmin/admin@EXAMPLE.COM
kdc_1       | Nov 17 05:23:26 kdc krb5kdc[9](info): AS_REQ (8 etypes {18 17 20 19 16 23 25 26}) 127.0.0.1: SERVER_NOT_FOUND: admin/admin@EXAMPLE.COM for kadmin/localhost@EXAMPLE.COM, Server not found in Kerberos database
kdc_1       | Nov 17 05:23:26 kdc krb5kdc[9](info): AS_REQ (8 etypes {18 17 20 19 16 23 25 26}) 127.0.0.1: ISSUE: authtime 1573968206, etypes {rep=18 tkt=18 ses=18}, admin/admin@EXAMPLE.COM for kNov 17 05:23:25 kdc kadmind[15](info): closing down fd 18
kdc_1       | Nov 17 05:23:25 kdc kadmind[15](Notice): Request: kadm5_init, admin/admin@EXAMPLE.COM, success, client=admin/admin@EXAMPLE.COM, service=kadmin/admin@EXAMPLE.COM, addr=127.0.0.1, vers=4, flavor=6
kdc_1       | Nov 17 05:23:25 kdc kadmind[15](Notice): Request: kadm5_get_policy, default, Policy does not exist, client=admin/admin@EXAMPLE.COM, service=kadmin/admin@EXAMPLE.COM, addr=127.0.0.1
kdc_1       | Nov 17 05:23:25 kdc kadmind[15](Notice): Request: kadm5_create_principal, HTTP/om@EXAMPLE.COM, success, client=admin/admin@EXAMPLE.COM, service=kadmin/admin@EXAMPLE.COM, addr=127.0.0.1
kdc_1       | Nov 17 05:23:25 kdc kadmind[15](info): closing down fd 18
kdc_1       | Nov 17 05:23:25 kdc kadmind[15](Notice): Request: kadm5_init, admin/admin@EXAMPLE.COM, success, client=admin/admin@EXAMPLE.COM, service=kadmin/admin@EXAMPLE.COM, addr=127.0.0.1, vers=4, flavor=6
kdc_1       | Nov 17 05:23:25 kdc kadmind[15](Notice): Request: kadm5_randkey_principal, HTTP/om@EXAMPLE.COM, success, client=admin/admin@EXAMPLE.COM, service=kadmin/admin/admin@EXAMPLE.COM
kdc_1       | admin@EXAMPLE.COM, addr=127.0.0.1
kdc_1       | Nov 17 05:23:25 kdc kadmind[15](Notice): Request: kadm5_get_principal, HTTP/om@EXAMPLE.COM, success, client=admin/admin@EXAMPLE.COM, service=kadmin/admin@EXAMPLE.COM, addr=127.0.0.1
kdc_1       | Nov 17 05:23:25 kdc kadmind[15](info): closing down fd 18
kdc_1       | Nov 17 05:23:26 kdc kadmind[15](Notice): Request: kadm5_init, admin/admin@EXAMPLE.COM, success, client=admin/admin@EXAMPLE.COM, service=kadmin/admin@EXAMPLE.COM, addr=127.0.0.1, vers=4, flavor=6
kdc_1       | Nov 17 05:23:26 kdc kadmind[15](Notice): Request: kadm5_get_policy, default, Policy does not exist, client=admin/admin@EXAMPLE.COM, service=kadmin/admin@EXAMPLE.COM, addr=127.0.0.1
kdc_1       | Nov 17 05:23:26 kdc kadmind[15](Notice): Request: kadm5_create_principal, HTTP/3f4750b60666@EXAMPLE.COM, success, client=admin/admin@EXAMPLE.COM, service=kadmin/admin@EXAMPLE.COM, addr=127.0.0.1
kdc_1       | Nov 17 05:23:26 kdc kadmind[15](info): closing down fd 18
kdc_1       | Nov 17 05:23:26 kdc kadmind[15](Notice): Request: kadm5_init, admin/admin@EXAMPLE.COM, success, client=admin/admin@EXAMPLE.COM, service=kadmin/admin@EXAMPLE.COM, addr=127.0.0.1, vers=4, flavor=6
kdc_1       | Nov 17 05:23:26 kdc kadmind[15](Notice): Request: kadm5_randkey_principal, HTTP/3f4750b60666@EXAMPLE.COM, success, client=admin/admin@EXAMPLE.COM, service=kadmin/admin@EXAMPLE.COM, addr=127.0.0.1
kdc_1       | Nov 17 05:23:26 kdc kadmind[15](Notice): Request: kadm5_get_principal, HTTP/3f4750b60666@EXAMPLE.COM, success, client=admin/admin@EXAMPLE.COM, service=kadmin/admin@EXAMPLE.COM, addr=127.0.0.1
kdc_1       | Nov 17 05:23:26 kdc kadmind[15](info): closing down fd 18
kdc_1       | Nov 17 05:23:26 kdc kadmind[15](Notice): Request: kadm5_init, admin/admin@EXAMPLE.COM, success, client=admin/admin@EXAMPLE.COM, service=kadmin/admin@EXAMPLE.COM, addr=127.0.0.1, vers=4, flavor=6
kdc_1       | Nov 17 05:23:26 kdc kadmind[15](Notice): Request: kadm5_get_policy, default, Policy does not exist, client=admin/admin@EXAMPLE.COM, service=kadmin/admin@EXAMPLE.COM, addr=127.0.0.1
kdc_1       | Nov 17 05:23:26 kdc kadmind[15](Notice): Request: kadm5_create_principal, HTTP/2cfda22e5a30@EXAMPLE.COM, success, client=admin/admin@EXAMPLE.COM, service=kadmin/admin@EXAMPLE.COM, addr=127.0.0.1
kdc_1       | Nov 17 05:23:26 kdc kadmind[15](info): closing down fd 18
kdc_1       | Nov 17 05:23:26 kdc kadmind[15](Notice): Request: kadm5_init, admin/admin@EXAMPLE.COM, success, client=admin/admin@EXAMPLE.COM, service=kadmin/admin@EXAMPLE.COM, addr=127.0.0.1, vers=4, flavor=6
kdc_1       | Nov 17 05:23:26 kdc kadmind[15](Notice): Request: kadm5_randkey_principal, HTTP/2cfda22e5a30@EXAMPLE.COM, success, client=admin/admin@EXAMPLE.COM, service=kadmin/admin@EXAMPLE.COM, addr=127.0.0.1
kdc_1       | Nov 17 05:23:26 kdc kadmind[15](Notice): Request: kadm5_get_principal, HTTP/2cfda22e5a30@EXAMPLE.COM, success, client=admin/admin@EXAMPLE.COM, service=kadmin/admin@EXAMPLE.COM, addr=127.0.0.1
kdc_1       | Nov 17 05:23:26 kdc kadmind[15](info): closing down fd 18
kdc_1       | Nov 17 05:23:26 kdc kadmind[15](Notice): Request: kadm5_init, admin/admin@EXAMPLE.COM, success, client=admin/admin@EXAMPLE.COM, service=kadmin/admin@EXAMPLE.COM, addr=127.0.0.1, vers=4, flavor=6
kdc_1       | Nov 17 05:23:26 kdc kadmind[15](Notice): Request: kadm5_get_policy, default, Policy does not exist, client=admin/admin@EXAMPLE.COM, service=kadmin/admin@EXAMPLE.COM, addr=127.0.0.1
kdc_1       | Nov 17 05:23:26 kdc kadmind[15](Notice): Request: kadm5_create_principal, testuser/8426fddf1aba@EXAMPLE.COM, success, client=admin/admin@EXAMPLE.COM, service=kadmin/admin@EXAMPLE.COM, addr=127.0.0.1
kdc_1       | Nov 17 05:23:26 kdc kadmind[15](info): closing down fd 18
kdc_1       | Nov 17 05:23:26 kdc kadmind[15](Notice): Request: kadm5_init, admin/admin@EXAMPLE.COM, success, client=admin/admin@EXAMPLE.COM, service=kadmin/admin@EXAMPLE.COM, addr=127.0.0.1, vers=4, flavor=6
kdc_1       | Nov 17 05:23:26 kdc kadmind[15](Notice): Request: kadm5_randkey_principal, testuser/8426fddf1aba@EXAMPLE.COM, success, client=admin/admin@EXAMPLE.COM, service=kadmin/admin@EXAMPLE.COM, addr=127.0.0.1
kdc_1       | Nov 17 05:23:26 kdc kadmind[15](Notice): Request: kadm5_get_principal, testuser/8426fddf1aba@EXAMPLE.COM, success, client=admin/admin@EXAMPLE.COM, service=kadmin/admin@EXAMPLE.COM, addr=127.0.0.1
kdc_1       | Nov 17 05:23:26 kdc kadmind[15](info): closing down fd 18
kdc_1       | Nov 17 05:23:26 kdc kadmind[15](Notice): Request: kadm5_init, admin/admin@EXAMPLE.COM, success, client=admin/admin@EXAMPLE.COM, service=kadmin/admin@EXAMPLE.COM, addr=127.0.0.1, vers=4, flavor=6
kdc_1       | Nov 17 05:23:26 kdc kadmind[15](Notice): Request: kadm5_get_policy, default, Policy does not exist, client=admin/admin@EXAMPLE.COM, service=kadmin/admin@EXAMPLE.COM, addr=127.0.0.1
kdc_1       | Nov 17 05:23:26 kdc kadmind[15](Notice): Request: kadm5_create_principal, scm/s3g@EXAMPLE.COM, success, client=admin/admin@EXAMPLE.COM, service=kadmin/admin@EXAMPLE.COM, addr=127.0.0.1
kdc_1       | Nov 17 05:23:26 kdc kadmind[15](info): closing down fd 18
kdc_1       | Nov 17 05:23:26 kdc kadmind[15](Notice): Request: kadm5_init, admin/admin@EXAMPLE.COM, success, client=admin/admin@EXAMPLE.COM, service=kadmin/admin@EXAMPLE.COM, addr=127.0.0.1, vers=4, flavor=6
kdc_1       | Nov 17 05:23:26 kdc kadmind[15](Notice): Request: kadm5_randkey_principal, scm/s3g@EXAMPLE.COM, success, client=admin/admin@EXAMPLE.COM, service=kadmin/admin@EXAMPLE.COM, addr=127.0.0.1
kdc_1       | Nov 17 05:23:26 kdc kadmind[15](Notice): Request: kadm5_get_principal, scm/s3g@EXAMPLE.COM, success, client=admin/admin@EXAMPLE.COM, service=kadmin/admin@EXAMPLE.COM, addr=127.0.0.1
kdc_1       | Nov 17 05:23:26 kdc kadmind[15](info): closing down fd 18
kdc_1       | Generiting keytab
kdc_1       | Authenticating as principal admin/admin with keytab /tmp/admin.keytab.
kdc_1       | WARNING: no policy specified for scm/2a50865dbc0d@EXAMPLE.COM; defaulting to no policy
kdc_1       | Principal "scm/2a50865dbc0d@EXAMPLE.COM" created.
kdc_1       | Authenticating as principal admin/admin with keytab /tmp/admin.keytab.
kdc_1       | Entry for principal scm/2a50865dbc0d@EXAMPLE.COM with kvno 2, encryption type aes256-cts-hmac-sha1-96 added to keytab WRFILE:/data/scm.2a50865dbc0d.keytab.
kdc_1       | Entry for principal scm/2a50865dbc0d@EXAMPLE.COM with kvno 2, encryption type aes128-cts-hmac-sha1-96 added to keytab WRFILE:/data/scm.2a50865dbc0d.keytab.
kdc_1       | Generiting keytab
kdc_1       | Authenticating as principal admin/admin with keytab /tmp/admin.keytab.
kdc_1       | WARNING: no policy specified for om/scm@EXAMPLE.COM; defaulting to no policy
kdc_1       | Principal "om/scm@EXAMPLE.COM" created.
kdc_1       | Authenticating as principal admin/admin with keytab /tmp/admin.keytab.
kdc_1       | Entry for principal om/scm@EXAMPLE.COM with kvno 2, encryption type aes256-cts-hmac-sha1-96 added to keytab WRFILE:/data/om.scm.keytab.
kdc_1       | Entry for principal om/scm@EXAMPLE.COM with kvno 2, encryption type aes128-cts-hmac-sha1-96 added to keytab WRFILE:/data/om.scm.keytab.
kdc_1       | Generiting keytab
kdc_1       | Authenticating as principal admin/admin with keytab /tmp/admin.keytab.
