kdc_1       | Nov 17 05:23:23 kdc kadmind[15](info): closing down fd 18
recon_1     | 	at org.apache.hadoop.hdds.cli.GenericCli.execute(GenericCli.java:65)
datanode_3  | 2019-11-17 05:23:36,363 INFO volume.VolumeSet: Added Volume : /data/hdds/hdds to VolumeSet
om_1        | 2019-11-17 05:23:36,475 ERROR client.OMCertificateClient: Default certificate serial id is not set. Can't locate the default certificate for this client.
scm_1       | WARNING: Use --illegal-access=warn to enable warnings of further illegal reflective access operations
datanode_1  | 2019-11-17 05:23:31,861 INFO ozone.HddsDatanodeService: Init response: GETCERT
datanode_2  | 2019-11-17 05:23:31,484 INFO security.UserGroupInformation: Login successful for user dn/2cfda22e5a30@EXAMPLE.COM using keytab file /etc/security/keytabs/dn.keytab
s3g_1       | 2019-11-17 05:23:33,776 INFO server.AbstractConnector: Started ServerConnector@31723307{HTTP/1.1,[http/1.1]}{0.0.0.0:9878}
kms_1       | 
kdc_1       | Nov 17 05:23:23 kdc kadmind[15](Notice): Request: kadm5_init, admin/admin@EXAMPLE.COM, success, client=admin/admin@EXAMPLE.COM, service=kadmin/admin@EXAMPLE.COM, addr=127.0.0.1, vers=4, flavor=6
recon_1     | 	at org.apache.hadoop.hdds.cli.GenericCli.run(GenericCli.java:56)
datanode_3  | 2019-11-17 05:23:36,371 INFO volume.ThrottledAsyncChecker: Scheduling a check for /data/hdds/hdds
om_1        | 2019-11-17 05:23:36,475 INFO client.OMCertificateClient: Certificate client init case: 0
scm_1       | WARNING: All illegal access operations will be denied in a future release
datanode_1  | 2019-11-17 05:23:31,877 INFO ozone.OzoneSecurityUtil: Adding ip:172.19.0.6,host:3f4750b60666
datanode_2  | 2019-11-17 05:23:31,484 INFO ozone.HddsDatanodeService: Hdds Datanode login successful.
s3g_1       | 2019-11-17 05:23:33,776 INFO server.Server: Started @4087ms
kms_1       | [libdefaults]
kdc_1       | Nov 17 05:23:23 kdc kadmind[15](Notice): Request: kadm5_get_policy, default, Policy does not exist, client=admin/admin@EXAMPLE.COM, service=kadmin/admin@EXAMPLE.COM, addr=127.0.0.1
recon_1     | 	at org.apache.hadoop.ozone.recon.ReconServer.main(ReconServer.java:52)
datanode_3  | 2019-11-17 05:23:36,392 INFO volume.HddsVolumeChecker: Scheduled health check for volume /data/hdds/hdds
om_1        | 2019-11-17 05:23:36,476 INFO client.OMCertificateClient: Creating keypair for client as keypair and certificate not found.
scm_1       | 2019-11-17 05:23:32,852 INFO security.UserGroupInformation: Login successful for user scm/scm@EXAMPLE.COM using keytab file /etc/security/keytabs/scm.keytab
datanode_1  | 2019-11-17 05:23:31,878 INFO ozone.OzoneSecurityUtil: ip:127.0.0.1,host:localhost not returned.
datanode_2  | 2019-11-17 05:23:31,484 INFO ozone.HddsDatanodeService: Initializing secure Datanode.
s3g_1       | 2019-11-17 05:23:33,779 INFO server.BaseHttpServer: HTTP server of S3GATEWAY is listening at http://0.0.0.0:9878
kms_1       |  dns_canonicalize_hostname = false
kdc_1       | Nov 17 05:23:23 kdc kadmind[15](Notice): Request: kadm5_create_principal, dn/om@EXAMPLE.COM, success, client=admin/admin@EXAMPLE.COM, service=kadmin/admin@EXAMPLE.COM, addr=127.0.0.1
recon_1     | 2019-11-17 05:23:49,808 INFO recon.ReconServer: Stopping Recon server
datanode_3  | 2019-11-17 05:23:36,863 WARN scm.HddsServerUtil: Storage directory for Ratis is not configured. It is a good idea to map this to an SSD disk. Falling back to ozone.metadata.dirs
om_1        | 2019-11-17 05:23:36,960 INFO om.OzoneManager: Init response: GETCERT
scm_1       | 2019-11-17 05:23:32,853 INFO server.StorageContainerManager: SCM login successful.
datanode_1  | 2019-11-17 05:23:31,883 INFO ozone.HddsDatanodeService: Creating csr for DN-> subject:root@3f4750b60666
datanode_2  | 2019-11-17 05:23:31,485 ERROR client.DNCertificateClient: Default certificate serial id is not set. Can't locate the default certificate for this client.
kms_1       |  dns_lookup_realm = false
kdc_1       | Nov 17 05:23:23 kdc kadmind[15](info): closing down fd 18
datanode_3  | 2019-11-17 05:23:36,889 INFO impl.RaftServerProxy: raft.rpc.type = GRPC (default)
om_1        | 2019-11-17 05:23:36,991 INFO ozone.OzoneSecurityUtil: Adding ip:172.19.0.7,host:om
scm_1       | 2019-11-17 05:23:32,854 WARN server.ServerUtils: ozone.scm.db.dirs is not configured. We recommend adding this setting. Falling back to ozone.metadata.dirs instead.
datanode_1  | 2019-11-17 05:23:33,102 INFO ipc.Client: Retrying connect to server: scm/172.19.0.10:9961. Already tried 0 time(s); retry policy is RetryUpToMaximumCountWithFixedSleep(maxRetries=2147483647, sleepTime=1000 MILLISECONDS)
datanode_2  | 2019-11-17 05:23:31,485 INFO client.DNCertificateClient: Certificate client init case: 0
kms_1       |  ticket_lifetime = 24h
kdc_1       | Nov 17 05:23:23 kdc kadmind[15](Notice): Request: kadm5_init, admin/admin@EXAMPLE.COM, success, client=admin/admin@EXAMPLE.COM, service=kadmin/admin@EXAMPLE.COM, addr=127.0.0.1, vers=4, flavor=6
datanode_3  | 2019-11-17 05:23:36,954 INFO grpc.GrpcConfigKeys$Server: raft.grpc.server.port = 9858 (custom)
recon_1     | java.lang.NullPointerException
om_1        | 2019-11-17 05:23:36,992 INFO ozone.OzoneSecurityUtil: ip:127.0.0.1,host:localhost not returned.
scm_1       | 2019-11-17 05:23:32,874 INFO util.log: Logging initialized @1283ms
datanode_1  | 2019-11-17 05:23:34,103 INFO ipc.Client: Retrying connect to server: scm/172.19.0.10:9961. Already tried 1 time(s); retry policy is RetryUpToMaximumCountWithFixedSleep(maxRetries=2147483647, sleepTime=1000 MILLISECONDS)
datanode_2  | 2019-11-17 05:23:31,486 INFO client.DNCertificateClient: Creating keypair for client as keypair and certificate not found.
kms_1       |  renew_lifetime = 7d
kdc_1       | Nov 17 05:23:23 kdc kadmind[15](Notice): Request: kadm5_randkey_principal, dn/om@EXAMPLE.COM, success, client=admin/admin@EXAMPLE.COM, service=kadmin/admin@EXAMPLE.COM, addr=127.0.0.1
recon_1     | 	at org.apache.hadoop.ozone.recon.ReconServer.stop(ReconServer.java:115)
datanode_3  | 2019-11-17 05:23:36,954 INFO server.GrpcService: raft.grpc.message.size.max = 33570816 (custom)
om_1        | 2019-11-17 05:23:36,996 INFO om.OzoneManager: Creating csr for OM->dns:om,ip:172.19.0.7,scmId:4ca5cbad-2736-4a71-be32-ddf61c99f8b6,clusterId:CID-2dd08911-e2f7-4dc5-a4ce-431c2d8f2d27,subject:root@om
datanode_1  | 2019-11-17 05:23:36,296 INFO ozone.HddsDatanodeService: Successfully stored SCM signed certificate, case:GETCERT.
scm_1       | 2019-11-17 05:23:32,957 INFO db.DBStoreBuilder: using custom profile for table: deletedBlocks
datanode_2  | 2019-11-17 05:23:32,010 INFO ozone.HddsDatanodeService: Init response: GETCERT
kms_1       |  forwardable = true
kdc_1       | Nov 17 05:23:23 kdc kadmind[15](Notice): Request: kadm5_get_principal, dn/om@EXAMPLE.COM, success, client=admin/admin@EXAMPLE.COM, service=kadmin/admin@EXAMPLE.COM, addr=127.0.0.1
recon_1     | 	at org.apache.hadoop.ozone.recon.ReconServer.call(ReconServer.java:100)
datanode_3  | 2019-11-17 05:23:36,956 INFO server.RaftServerConfigKeys: raft.server.log.appender.buffer.byte-limit = 33554432 (custom)
om_1        | 2019-11-17 05:23:37,104 INFO om.OzoneManager: OzoneManager ports added:[name: "RPC"
datanode_1  | 2019-11-17 05:23:36,371 INFO volume.HddsVolume: Creating Volume: /data/hdds/hdds of  storage type : DISK and capacity : 10908285698048
scm_1       | 2019-11-17 05:23:32,957 INFO db.DBStoreBuilder: Using default column profile:DBProfile.DISK for Table:deletedBlocks
datanode_2  | 2019-11-17 05:23:32,025 INFO ozone.OzoneSecurityUtil: Adding ip:172.19.0.5,host:2cfda22e5a30
kdc_1       | Nov 17 05:23:23 kdc kadmind[15](info): closing down fd 18
kms_1       |  rdns = false
recon_1     | 	at org.apache.hadoop.ozone.recon.ReconServer.call(ReconServer.java:41)
datanode_3  | 2019-11-17 05:23:36,957 INFO server.GrpcService: raft.grpc.flow.control.window = 1MB (=1048576) (default)
om_1        | value: 9862
datanode_1  | 2019-11-17 05:23:36,373 INFO volume.VolumeSet: Added Volume : /data/hdds/hdds to VolumeSet
scm_1       | 2019-11-17 05:23:32,957 INFO db.DBStoreBuilder: using custom profile for table: validCerts
datanode_2  | 2019-11-17 05:23:32,026 INFO ozone.OzoneSecurityUtil: ip:127.0.0.1,host:localhost not returned.
kdc_1       | Nov 17 05:23:23 kdc kadmind[15](Notice): Request: kadm5_init, admin/admin@EXAMPLE.COM, success, client=admin/admin@EXAMPLE.COM, service=kadmin/admin@EXAMPLE.COM, addr=127.0.0.1, vers=4, flavor=6
kms_1       |  default_realm = EXAMPLE.COM
recon_1     | 	at picocli.CommandLine.execute(CommandLine.java:1173)
datanode_3  | 2019-11-17 05:23:36,957 INFO server.RaftServerConfigKeys: raft.server.rpc.request.timeout = 3000ms (default)
om_1        | ]
datanode_1  | 2019-11-17 05:23:36,381 INFO volume.ThrottledAsyncChecker: Scheduling a check for /data/hdds/hdds
scm_1       | 2019-11-17 05:23:32,957 INFO db.DBStoreBuilder: Using default column profile:DBProfile.DISK for Table:validCerts
datanode_2  | 2019-11-17 05:23:32,031 INFO ozone.HddsDatanodeService: Creating csr for DN-> subject:root@2cfda22e5a30
kdc_1       | Nov 17 05:23:23 kdc kadmind[15](Notice): Request: kadm5_get_policy, default, Policy does not exist, client=admin/admin@EXAMPLE.COM, service=kadmin/admin@EXAMPLE.COM, addr=127.0.0.1
kms_1       | 
recon_1     | 	at picocli.CommandLine.access$800(CommandLine.java:141)
datanode_3  | 2019-11-17 05:23:37,090 INFO server.RaftServerConfigKeys: raft.server.storage.dir = [/data/metadata/ratis] (custom)
om_1        | 2019-11-17 05:23:37,182 INFO om.OzoneManager: Successfully stored SCM signed certificate.
datanode_1  | 2019-11-17 05:23:36,404 INFO volume.HddsVolumeChecker: Scheduled health check for volume /data/hdds/hdds
scm_1       | 2019-11-17 05:23:32,957 INFO db.DBStoreBuilder: using custom profile for table: revokedCerts
datanode_2  | 2019-11-17 05:23:33,235 INFO ipc.Client: Retrying connect to server: scm/172.19.0.10:9961. Already tried 0 time(s); retry policy is RetryUpToMaximumCountWithFixedSleep(maxRetries=2147483647, sleepTime=1000 MILLISECONDS)
kdc_1       | Nov 17 05:23:23 kdc kadmind[15](Notice): Request: kadm5_create_principal, dn/3f4750b60666@EXAMPLE.COM, success, client=admin/admin@EXAMPLE.COM, service=kadmin/admin@EXAMPLE.COM, addr=127.0.0.1
kms_1       | [realms]
datanode_3  | 2019-11-17 05:23:37,190 INFO hdfs.DFSUtil: Starting web server as: HTTP/2a50865dbc0d@EXAMPLE.COM
datanode_1  | 2019-11-17 05:23:36,830 WARN scm.HddsServerUtil: Storage directory for Ratis is not configured. It is a good idea to map this to an SSD disk. Falling back to ozone.metadata.dirs
om_1        | OM initialization succeeded.Current cluster id for sd=/data/metadata/om;cid=CID-2dd08911-e2f7-4dc5-a4ce-431c2d8f2d27
recon_1     | 	at picocli.CommandLine$RunLast.handle(CommandLine.java:1367)
scm_1       | 2019-11-17 05:23:32,957 INFO db.DBStoreBuilder: Using default column profile:DBProfile.DISK for Table:revokedCerts
datanode_2  | 2019-11-17 05:23:34,237 INFO ipc.Client: Retrying connect to server: scm/172.19.0.10:9961. Already tried 1 time(s); retry policy is RetryUpToMaximumCountWithFixedSleep(maxRetries=2147483647, sleepTime=1000 MILLISECONDS)
kdc_1       | Nov 17 05:23:23 kdc kadmind[15](info): closing down fd 18
kms_1       |  EXAMPLE.COM = {
datanode_3  | 2019-11-17 05:23:37,190 INFO hdfs.DFSUtil: Starting Web-server for hddsDatanode at: http://0.0.0.0:9882
datanode_1  | 2019-11-17 05:23:36,854 INFO impl.RaftServerProxy: raft.rpc.type = GRPC (default)
om_1        | 2019-11-17 05:23:37,242 INFO om.OzoneManagerStarter: SHUTDOWN_MSG: 
recon_1     | 	at picocli.CommandLine$RunLast.handle(CommandLine.java:1335)
datanode_2  | 2019-11-17 05:23:36,305 INFO ozone.HddsDatanodeService: Successfully stored SCM signed certificate, case:GETCERT.
kdc_1       | Nov 17 05:23:23 kdc kadmind[15](Notice): Request: kadm5_init, admin/admin@EXAMPLE.COM, success, client=admin/admin@EXAMPLE.COM, service=kadmin/admin@EXAMPLE.COM, addr=127.0.0.1, vers=4, flavor=6
datanode_3  | 2019-11-17 05:23:37,211 INFO util.log: Logging initialized @7394ms
kms_1       |   kdc = kdc
scm_1       | 2019-11-17 05:23:32,966 INFO db.DBStoreBuilder: using custom profile for table: default
datanode_1  | 2019-11-17 05:23:36,916 INFO grpc.GrpcConfigKeys$Server: raft.grpc.server.port = 9858 (custom)
om_1        | /************************************************************
recon_1     | 	at picocli.CommandLine$AbstractParseResultHandler.handleParseResult(CommandLine.java:1243)
datanode_2  | 2019-11-17 05:23:36,362 INFO volume.HddsVolume: Creating Volume: /data/hdds/hdds of  storage type : DISK and capacity : 10908285698048
kdc_1       | Nov 17 05:23:23 kdc kadmind[15](Notice): Request: kadm5_randkey_principal, dn/3f4750b60666@EXAMPLE.COM, success, client=admin/admin@EXAMPLE.COM, service=kadmin/admin@EXAMPLE.COM, addr=127.0.0.1
datanode_3  | 2019-11-17 05:23:37,297 INFO server.AuthenticationFilter: Unable to initialize FileSignerSecretProvider, falling back to use random secrets.
kms_1       |   admin_server = kdc
scm_1       | 2019-11-17 05:23:32,966 INFO db.DBStoreBuilder: Using default column profile:DBProfile.DISK for Table:default
datanode_1  | 2019-11-17 05:23:36,918 INFO server.GrpcService: raft.grpc.message.size.max = 33570816 (custom)
om_1        | SHUTDOWN_MSG: Shutting down OzoneManager at om/172.19.0.7
recon_1     | 	at picocli.CommandLine.parseWithHandlers(CommandLine.java:1526)
datanode_2  | 2019-11-17 05:23:36,363 INFO volume.VolumeSet: Added Volume : /data/hdds/hdds to VolumeSet
kdc_1       | Nov 17 05:23:23 kdc kadmind[15](Notice): Request: kadm5_get_principal, dn/3f4750b60666@EXAMPLE.COM, success, client=admin/admin@EXAMPLE.COM, service=kadmin/admin@EXAMPLE.COM, addr=127.0.0.1
datanode_3  | 2019-11-17 05:23:37,299 INFO http.HttpRequestLog: Http request log for http.requests.hddsDatanode is not defined
kms_1       |  }
scm_1       | 2019-11-17 05:23:32,967 INFO db.DBStoreBuilder: Using default options. DBProfile.DISK
datanode_1  | 2019-11-17 05:23:36,919 INFO server.RaftServerConfigKeys: raft.server.log.appender.buffer.byte-limit = 33554432 (custom)
om_1        | ************************************************************/
recon_1     | 	at picocli.CommandLine.parseWithHandler(CommandLine.java:1465)
datanode_2  | 2019-11-17 05:23:36,372 INFO volume.ThrottledAsyncChecker: Scheduling a check for /data/hdds/hdds
kdc_1       | Nov 17 05:23:23 kdc kadmind[15](info): closing down fd 18
datanode_3  | 2019-11-17 05:23:37,306 INFO http.HttpServer2: Added global filter 'safety' (class=org.apache.hadoop.http.HttpServer2$QuotingInputFilter)
kms_1       | 
scm_1       | 2019-11-17 05:23:34,014 INFO ipc.CallQueueManager: Using callQueue: class java.util.concurrent.LinkedBlockingQueue, queueCapacity: 200, scheduler: class org.apache.hadoop.ipc.DefaultRpcScheduler, ipcBackoff: false.
datanode_1  | 2019-11-17 05:23:36,920 INFO server.GrpcService: raft.grpc.flow.control.window = 1MB (=1048576) (default)
om_1        | 2019-11-17 05:23:38,250 INFO om.OzoneManagerStarter: STARTUP_MSG: 
recon_1     | 	at org.apache.hadoop.hdds.cli.GenericCli.execute(GenericCli.java:65)
datanode_2  | 2019-11-17 05:23:36,394 INFO volume.HddsVolumeChecker: Scheduled health check for volume /data/hdds/hdds
kdc_1       | Nov 17 05:23:23 kdc kadmind[15](Notice): Request: kadm5_init, admin/admin@EXAMPLE.COM, success, client=admin/admin@EXAMPLE.COM, service=kadmin/admin@EXAMPLE.COM, addr=127.0.0.1, vers=4, flavor=6
datanode_3  | 2019-11-17 05:23:37,308 INFO http.HttpServer2: Added filter authentication (class=org.apache.hadoop.security.authentication.server.AuthenticationFilter) to context hddsDatanode
kms_1       | [domain_realm]
scm_1       | 2019-11-17 05:23:34,044 INFO ipc.Server: Starting Socket Reader #1 for port 9961
datanode_1  | 2019-11-17 05:23:36,921 INFO server.RaftServerConfigKeys: raft.server.rpc.request.timeout = 3000ms (default)
om_1        | /************************************************************
recon_1     | 	at org.apache.hadoop.hdds.cli.GenericCli.run(GenericCli.java:56)
datanode_2  | 2019-11-17 05:23:36,851 WARN scm.HddsServerUtil: Storage directory for Ratis is not configured. It is a good idea to map this to an SSD disk. Falling back to ozone.metadata.dirs
kdc_1       | Nov 17 05:23:23 kdc kadmind[15](Notice): Request: kadm5_get_policy, default, Policy does not exist, client=admin/admin@EXAMPLE.COM, service=kadmin/admin@EXAMPLE.COM, addr=127.0.0.1
kms_1       |  .example.com = EXAMPLE.COM
scm_1       | 2019-11-17 05:23:34,157 INFO net.NodeSchemaLoader: Loading file from java.lang.CompoundEnumeration@2d84cb86
datanode_3  | 2019-11-17 05:23:37,308 INFO http.HttpServer2: Added filter authentication (class=org.apache.hadoop.security.authentication.server.AuthenticationFilter) to context static
datanode_1  | 2019-11-17 05:23:37,050 INFO server.RaftServerConfigKeys: raft.server.storage.dir = [/data/metadata/ratis] (custom)
om_1        | STARTUP_MSG: Starting OzoneManager
recon_1     | 	at org.apache.hadoop.ozone.recon.ReconServer.main(ReconServer.java:52)
datanode_2  | 2019-11-17 05:23:36,875 INFO impl.RaftServerProxy: raft.rpc.type = GRPC (default)
kdc_1       | Nov 17 05:23:23 kdc kadmind[15](Notice): Request: kadm5_create_principal, dn/2cfda22e5a30@EXAMPLE.COM, success, client=admin/admin@EXAMPLE.COM, service=kadmin/admin@EXAMPLE.COM, addr=127.0.0.1
kms_1       | WARNING: /opt/hadoop/temp does not exist. Creating.
scm_1       | 2019-11-17 05:23:34,158 INFO net.NodeSchemaLoader: Loading network topology layer schema file
datanode_3  | 2019-11-17 05:23:37,308 INFO http.HttpServer2: Added filter authentication (class=org.apache.hadoop.security.authentication.server.AuthenticationFilter) to context logs
datanode_1  | 2019-11-17 05:23:37,134 INFO hdfs.DFSUtil: Starting web server as: HTTP/3f4750b60666@EXAMPLE.COM
om_1        | STARTUP_MSG:   host = om/172.19.0.7
datanode_2  | 2019-11-17 05:23:36,952 INFO grpc.GrpcConfigKeys$Server: raft.grpc.server.port = 9858 (custom)
kdc_1       | Nov 17 05:23:23 kdc kadmind[15](info): closing down fd 18
kms_1       | WARNING: /opt/hadoop/logs does not exist. Creating.
scm_1       | 2019-11-17 05:23:34,227 INFO node.SCMNodeManager: Entering startup safe mode.
datanode_3  | 2019-11-17 05:23:37,328 INFO http.HttpServer2: Jetty bound to port 9882
datanode_1  | 2019-11-17 05:23:37,134 INFO hdfs.DFSUtil: Starting Web-server for hddsDatanode at: http://0.0.0.0:9882
om_1        | STARTUP_MSG:   args = []
datanode_2  | 2019-11-17 05:23:36,952 INFO server.GrpcService: raft.grpc.message.size.max = 33570816 (custom)
kdc_1       | Nov 17 05:23:23 kdc kadmind[15](Notice): Request: kadm5_init, admin/admin@EXAMPLE.COM, success, client=admin/admin@EXAMPLE.COM, service=kadmin/admin@EXAMPLE.COM, addr=127.0.0.1, vers=4, flavor=6
kms_1       | Nov 17, 2019 5:23:30 AM com.sun.jersey.api.core.PackagesResourceConfig init
scm_1       | 2019-11-17 05:23:34,345 INFO algorithms.ContainerPlacementPolicyFactory: Create container placement policy of type org.apache.hadoop.hdds.scm.container.placement.algorithms.SCMContainerPlacementRandom
datanode_3  | 2019-11-17 05:23:37,329 INFO server.Server: jetty-9.3.25.v20180904, build timestamp: 2018-09-04T21:11:46Z, git hash: 3ce520221d0240229c862b122d2b06c12a625732
datanode_1  | 2019-11-17 05:23:37,169 INFO util.log: Logging initialized @7973ms
om_1        | STARTUP_MSG:   version = 3.2.0
datanode_2  | 2019-11-17 05:23:36,954 INFO server.RaftServerConfigKeys: raft.server.log.appender.buffer.byte-limit = 33554432 (custom)
kms_1       | INFO: Scanning for root resource and provider classes in the packages:
scm_1       | 2019-11-17 05:23:34,361 WARN server.ServerUtils: ozone.scm.db.dirs is not configured. We recommend adding this setting. Falling back to ozone.metadata.dirs instead.
datanode_3  | 2019-11-17 05:23:37,357 INFO server.AuthenticationFilter: Unable to initialize FileSignerSecretProvider, falling back to use random secrets.
datanode_1  | 2019-11-17 05:23:37,256 INFO server.AuthenticationFilter: Unable to initialize FileSignerSecretProvider, falling back to use random secrets.
kms_1       |   org.apache.hadoop.crypto.key.kms.server
datanode_2  | 2019-11-17 05:23:36,954 INFO server.GrpcService: raft.grpc.flow.control.window = 1MB (=1048576) (default)
om_1        | STARTUP_MSG:   classpath = /etc/hadoop:/opt/hadoop/share/hadoop/common/*:/opt/hadoop/share/ozone/lib/kerb-simplekdc-1.0.1.jar:/opt/hadoop/share/ozone/lib/protobuf-java-2.5.0.jar:/opt/hadoop/share/ozone/lib/bcpkix-jdk15on-1.60.jar:/opt/hadoop/share/ozone/lib/sqlite-jdbc-3.25.2.jar:/opt/hadoop/share/ozone/lib/netty-3.10.5.Final.jar:/opt/hadoop/share/ozone/lib/commons-validator-1.6.jar:/opt/hadoop/share/ozone/lib/jaxb-impl-2.3.0.1.jar:/opt/hadoop/share/ozone/lib/kerb-core-1.0.1.jar:/opt/hadoop/share/ozone/lib/hadoop-ozone-common-0.5.0-SNAPSHOT.jar:/opt/hadoop/share/ozone/lib/ratis-thirdparty-misc-0.2.0.jar:/opt/hadoop/share/ozone/lib/jsr305-3.0.0.jar:/opt/hadoop/share/ozone/lib/leveldbjni-all-1.8.jar:/opt/hadoop/share/ozone/lib/htrace-core4-4.1.0-incubating.jar:/opt/hadoop/share/ozone/lib/hadoop-annotations-3.2.0.jar:/opt/hadoop/share/ozone/lib/hadoop-hdds-tools-0.5.0-SNAPSHOT.jar:/opt/hadoop/share/ozone/lib/kerb-util-1.0.1.jar:/opt/hadoop/share/ozone/lib/jackson-jaxrs-1.9.13.jar:/opt/hadoop/share/ozone/lib/ratis-server-0.5.0-d6d58d0-SNAPSHOT.jar:/opt/hadoop/share/ozone/lib/kerby-xdr-1.0.1.jar:/opt/hadoop/share/ozone/lib/jetty-webapp-9.3.25.v20180904.jar:/opt/hadoop/share/ozone/lib/jackson-core-asl-1.9.13.jar:/opt/hadoop/share/ozone/lib/commons-net-3.6.jar:/opt/hadoop/share/ozone/lib/log4j-api-2.11.0.jar:/opt/hadoop/share/ozone/lib/netty-all-4.0.52.Final.jar:/opt/hadoop/share/ozone/lib/hadoop-hdfs-3.2.0.jar:/opt/hadoop/share/ozone/lib/jline-0.9.94.jar:/opt/hadoop/share/ozone/lib/opentracing-api-0.31.0.jar:/opt/hadoop/share/ozone/lib/hadoop-hdds-server-framework-0.5.0-SNAPSHOT.jar:/opt/hadoop/share/ozone/lib/slf4j-log4j12-1.7.25.jar:/opt/hadoop/share/ozone/lib/hadoop-hdfs-client-3.2.0.jar:/opt/hadoop/share/ozone/lib/kerby-config-1.0.1.jar:/opt/hadoop/share/ozone/lib/jetty-util-9.3.25.v20180904.jar:/opt/hadoop/share/ozone/lib/libthrift-0.12.0.jar:/opt/hadoop/share/ozone/lib/metrics-core-3.2.4.jar:/opt/hadoop/share/ozone/lib/kerby-pkix-1.0.1.jar:/opt/hadoop/share/ozone/lib/xz-1.0.jar:/opt/hadoop/share/ozone/lib/hadoop-hdds-config-0.5.0-SNAPSHOT.jar:/opt/hadoop/share/ozone/lib/nimbus-jose-jwt-4.41.1.jar:/opt/hadoop/share/ozone/lib/jsr311-api-1.1.1.jar:/opt/hadoop/share/ozone/lib/commons-beanutils-1.9.4.jar:/opt/hadoop/share/ozone/lib/ratis-grpc-0.5.0-d6d58d0-SNAPSHOT.jar:/opt/hadoop/share/ozone/lib/ratis-netty-0.5.0-d6d58d0-SNAPSHOT.jar:/opt/hadoop/share/ozone/lib/javax.servlet-api-3.1.0.jar:/opt/hadoop/share/ozone/lib/kerb-server-1.0.1.jar:/opt/hadoop/share/ozone/lib/zookeeper-3.4.13.jar:/opt/hadoop/share/ozone/lib/avro-1.7.7.jar:/opt/hadoop/share/ozone/lib/kerb-client-1.0.1.jar:/opt/hadoop/share/ozone/lib/jackson-xc-1.9.13.jar:/opt/hadoop/share/ozone/lib/disruptor-3.4.2.jar:/opt/hadoop/share/ozone/lib/guava-11.0.2.jar:/opt/hadoop/share/ozone/lib/ratis-client-0.5.0-d6d58d0-SNAPSHOT.jar:/opt/hadoop/share/ozone/lib/hadoop-hdds-common-0.5.0-SNAPSHOT.jar:/opt/hadoop/share/ozone/lib/curator-framework-2.12.0.jar:/opt/hadoop/share/ozone/lib/dnsjava-2.1.7.jar:/opt/hadoop/share/ozone/lib/commons-configuration2-2.1.1.jar:/opt/hadoop/share/ozone/lib/json-smart-2.3.jar:/opt/hadoop/share/ozone/lib/token-provider-1.0.1.jar:/opt/hadoop/share/ozone/lib/log4j-1.2.17.jar:/opt/hadoop/share/ozone/lib/commons-daemon-1.0.13.jar:/opt/hadoop/share/ozone/lib/bcprov-jdk15on-1.60.jar:/opt/hadoop/share/ozone/lib/ratis-metrics-0.5.0-d6d58d0-SNAPSHOT.jar:/opt/hadoop/share/ozone/lib/commons-lang3-3.7.jar:/opt/hadoop/share/ozone/lib/commons-compress-1.4.1.jar:/opt/hadoop/share/ozone/lib/jaeger-client-0.34.0.jar:/opt/hadoop/share/ozone/lib/jetty-server-9.3.25.v20180904.jar:/opt/hadoop/share/ozone/lib/accessors-smart-1.2.jar:/opt/hadoop/share/ozone/lib/re2j-1.1.jar:/opt/hadoop/share/ozone/lib/curator-recipes-2.12.0.jar:/opt/hadoop/share/ozone/lib/jackson-core-2.9.9.jar:/opt/hadoop/share/ozone/lib/commons-math3-3.1.1.jar:/opt/hadoop/share/ozone/lib/opentracing-noop-0.31.0.jar:/opt/hadoop/share/ozone/lib/httpclient-4.5.2.jar:/opt/hadoop/share/ozone/lib/jaeger-core-0.34.0.jar:/opt/hadoop/share/ozone/lib/asm-5.0.4.jar:/opt/hadoop/share/ozone/lib/curator-client-2.12.0.jar:/opt/hadoop/share/ozone/lib/audience-annotations-0.5.0.jar:/opt/hadoop/share/ozone/lib/kerby-util-1.0.1.jar:/opt/hadoop/share/ozone/lib/jackson-mapper-asl-1.9.13.jar:/opt/hadoop/share/ozone/lib/rocksdbjni-6.0.1.jar:/opt/hadoop/share/ozone/lib/jsp-api-2.1.jar:/opt/hadoop/share/ozone/lib/jsch-0.1.54.jar:/opt/hadoop/share/ozone/lib/opentracing-tracerresolver-0.1.5.jar:/opt/hadoop/share/ozone/lib/paranamer-2.3.jar:/opt/hadoop/share/ozone/lib/log4j-core-2.11.0.jar:/opt/hadoop/share/ozone/lib/jetty-io-9.3.25.v20180904.jar:/opt/hadoop/share/ozone/lib/jetty-xml-9.3.25.v20180904.jar:/opt/hadoop/share/ozone/lib/commons-codec-1.11.jar:/opt/hadoop/share/ozone/lib/commons-pool2-2.6.0.jar:/opt/hadoop/share/ozone/lib/gson-2.2.4.jar:/opt/hadoop/share/ozone/lib/jcip-annotations-1.0-1.jar:/opt/hadoop/share/ozone/lib/kerb-admin-1.0.1.jar:/opt/hadoop/share/ozone/lib/okio-1.13.0.jar:/opt/hadoop/share/ozone/lib/commons-io-2.5.jar:/opt/hadoop/share/ozone/lib/snakeyaml-1.16.jar:/opt/hadoop/share/ozone/lib/hadoop-ozone-client-0.5.0-SNAPSHOT.jar:/opt/hadoop/share/ozone/lib/jersey-core-1.19.jar:/opt/hadoop/share/ozone/lib/jackson-databind-2.9.9.jar:/opt/hadoop/share/ozone/lib/hadoop-hdds-container-service-0.5.0-SNAPSHOT.jar:/opt/hadoop/share/ozone/lib/picocli-3.9.6.jar:/opt/hadoop/share/ozone/lib/jaeger-thrift-0.34.0.jar:/opt/hadoop/share/ozone/lib/ratis-common-0.5.0-d6d58d0-SNAPSHOT.jar:/opt/hadoop/share/ozone/lib/jackson-annotations-2.9.9.jar:/opt/hadoop/share/ozone/lib/commons-cli-1.2.jar:/opt/hadoop/share/ozone/lib/hadoop-hdds-docs-0.5.0-SNAPSHOT.jar:/opt/hadoop/share/ozone/lib/woodstox-core-5.0.3.jar:/opt/hadoop/share/ozone/lib/javax.annotation-api-1.2.jar:/opt/hadoop/share/ozone/lib/snappy-java-1.0.5.jar:/opt/hadoop/share/ozone/lib/jaeger-tracerresolver-0.34.0.jar:/opt/hadoop/share/ozone/lib/jetty-security-9.3.25.v20180904.jar:/opt/hadoop/share/ozone/lib/jetty-http-9.3.25.v20180904.jar:/opt/hadoop/share/ozone/lib/kerby-asn1-1.0.1.jar:/opt/hadoop/share/ozone/lib/okhttp-3.9.0.jar:/opt/hadoop/share/ozone/lib/stax2-api-3.1.4.jar:/opt/hadoop/share/ozone/lib/commons-digester-1.8.1.jar:/opt/hadoop/share/ozone/lib/commons-collections-3.2.2.jar:/opt/hadoop/share/ozone/lib/jettison-1.1.jar:/opt/hadoop/share/ozone/lib/commons-text-1.4.jar:/opt/hadoop/share/ozone/lib/jersey-servlet-1.19.jar:/opt/hadoop/share/ozone/lib/jersey-json-1.19.jar:/opt/hadoop/share/ozone/lib/slf4j-api-1.7.25.jar:/opt/hadoop/share/ozone/lib/jetty-util-ajax-9.3.25.v20180904.jar:/opt/hadoop/share/ozone/lib/commons-logging-1.1.3.jar:/opt/hadoop/share/ozone/lib/hadoop-hdds-client-0.5.0-SNAPSHOT.jar:/opt/hadoop/share/ozone/lib/kerb-identity-1.0.1.jar:/opt/hadoop/share/ozone/lib/ratis-proto-0.5.0-d6d58d0-SNAPSHOT.jar:/opt/hadoop/share/ozone/lib/opentracing-util-0.31.0.jar:/opt/hadoop/share/ozone/lib/hadoop-common-3.2.0.jar:/opt/hadoop/share/ozone/lib/hadoop-auth-3.2.0.jar:/opt/hadoop/share/ozone/lib/kerb-common-1.0.1.jar:/opt/hadoop/share/ozone/lib/jetty-servlet-9.3.25.v20180904.jar:/opt/hadoop/share/ozone/lib/jersey-server-1.19.jar:/opt/hadoop/share/ozone/lib/kerb-crypto-1.0.1.jar:/opt/hadoop/share/ozone/lib/httpcore-4.4.4.jar:/opt/hadoop/share/ozone/web:/opt/hadoop/share/ozone/lib/hadoop-ozone-ozone-manager-0.5.0-SNAPSHOT.jar
kdc_1       | Nov 17 05:23:23 kdc kadmind[15](Notice): Request: kadm5_randkey_principal, dn/2cfda22e5a30@EXAMPLE.COM, success, client=admin/admin@EXAMPLE.COM, service=kadmin/admin@EXAMPLE.COM, addr=127.0.0.1
scm_1       | 2019-11-17 05:23:34,456 INFO pipeline.SCMPipelineManager: No pipeline exists in current db
datanode_3  | 2019-11-17 05:23:37,359 INFO server.KerberosAuthenticationHandler: Using keytab /etc/security/keytabs/HTTP.keytab, for principal HTTP/2a50865dbc0d@EXAMPLE.COM
datanode_1  | 2019-11-17 05:23:37,258 INFO http.HttpRequestLog: Http request log for http.requests.hddsDatanode is not defined
kms_1       | Nov 17, 2019 5:23:30 AM com.sun.jersey.api.core.ScanningResourceConfig logClasses
datanode_2  | 2019-11-17 05:23:36,955 INFO server.RaftServerConfigKeys: raft.server.rpc.request.timeout = 3000ms (default)
scm_1       | 2019-11-17 05:23:34,458 WARN server.ServerUtils: ozone.scm.db.dirs is not configured. We recommend adding this setting. Falling back to ozone.metadata.dirs instead.
om_1        | STARTUP_MSG:   build = https://github.com/apache/hadoop.git -r e97acb3bd8f3befd27418996fa5d4b50bf2e17bf; compiled by 'sunilg' on 2019-01-15T17:34Z
kdc_1       | Nov 17 05:23:23 kdc kadmind[15](Notice): Request: kadm5_get_principal, dn/2cfda22e5a30@EXAMPLE.COM, success, client=admin/admin@EXAMPLE.COM, service=kadmin/admin@EXAMPLE.COM, addr=127.0.0.1
datanode_3  | 2019-11-17 05:23:37,361 INFO handler.ContextHandler: Started o.e.j.s.ServletContextHandler@23cd5d42{/logs,file:///var/log/hadoop/,AVAILABLE}
kms_1       | INFO: Root resource classes found:
datanode_1  | 2019-11-17 05:23:37,264 INFO http.HttpServer2: Added global filter 'safety' (class=org.apache.hadoop.http.HttpServer2$QuotingInputFilter)
datanode_2  | 2019-11-17 05:23:37,092 INFO server.RaftServerConfigKeys: raft.server.storage.dir = [/data/metadata/ratis] (custom)
scm_1       | 2019-11-17 05:23:34,562 INFO safemode.HealthyPipelineSafeModeRule:  Total pipeline count is 0, healthy pipeline threshold count is 1
om_1        | STARTUP_MSG:   java = 11.0.3
kdc_1       | Nov 17 05:23:23 kdc kadmind[15](info): closing down fd 18
datanode_3  | 2019-11-17 05:23:37,362 INFO handler.ContextHandler: Started o.e.j.s.ServletContextHandler@4b425577{/static,jar:file:/opt/hadoop/share/ozone/lib/hadoop-hdds-container-service-0.5.0-SNAPSHOT.jar!/webapps/static,AVAILABLE}
kms_1       |   class org.apache.hadoop.crypto.key.kms.server.KMS
datanode_1  | 2019-11-17 05:23:37,266 INFO http.HttpServer2: Added filter authentication (class=org.apache.hadoop.security.authentication.server.AuthenticationFilter) to context hddsDatanode
scm_1       | 2019-11-17 05:23:34,564 INFO safemode.OneReplicaPipelineSafeModeRule: Total pipeline count is 0, pipeline's with at least one datanode reported threshold count is 0
datanode_2  | 2019-11-17 05:23:37,171 INFO hdfs.DFSUtil: Starting web server as: HTTP/2cfda22e5a30@EXAMPLE.COM
om_1        | ************************************************************/
kdc_1       | Nov 17 05:23:23 kdc kadmind[15](Notice): Request: kadm5_init, admin/admin@EXAMPLE.COM, success, client=admin/admin@EXAMPLE.COM, service=kadmin/admin@EXAMPLE.COM, addr=127.0.0.1, vers=4, flavor=6
datanode_3  | 2019-11-17 05:23:37,436 INFO server.KerberosAuthenticationHandler: Using keytab /etc/security/keytabs/HTTP.keytab, for principal HTTP/2a50865dbc0d@EXAMPLE.COM
kms_1       | Nov 17, 2019 5:23:30 AM com.sun.jersey.api.core.ScanningResourceConfig logClasses
datanode_1  | 2019-11-17 05:23:37,266 INFO http.HttpServer2: Added filter authentication (class=org.apache.hadoop.security.authentication.server.AuthenticationFilter) to context logs
scm_1       | 2019-11-17 05:23:34,564 WARN events.EventQueue: No event handler registered for event TypedEvent{payloadType=SafeModeStatus, name='SafeModeStatus'}
datanode_2  | 2019-11-17 05:23:37,172 INFO hdfs.DFSUtil: Starting Web-server for hddsDatanode at: http://0.0.0.0:9882
om_1        | 2019-11-17 05:23:38,256 INFO om.OzoneManagerStarter: registered UNIX signal handlers for [TERM, HUP, INT]
kdc_1       | Nov 17 05:23:23 kdc kadmind[15](Notice): Request: kadm5_get_policy, default, Policy does not exist, client=admin/admin@EXAMPLE.COM, service=kadmin/admin@EXAMPLE.COM, addr=127.0.0.1
datanode_3  | 2019-11-17 05:23:37,441 INFO handler.ContextHandler: Started o.e.j.w.WebAppContext@421d54b3{/,file:///tmp/jetty-0.0.0.0-9882-hddsDatanode-_-any-78592416081265749.dir/webapp/,AVAILABLE}{/hddsDatanode}
kms_1       | INFO: Provider classes found:
datanode_1  | 2019-11-17 05:23:37,266 INFO http.HttpServer2: Added filter authentication (class=org.apache.hadoop.security.authentication.server.AuthenticationFilter) to context static
scm_1       | 2019-11-17 05:23:34,986 INFO ipc.CallQueueManager: Using callQueue: class java.util.concurrent.LinkedBlockingQueue, queueCapacity: 1000, scheduler: class org.apache.hadoop.ipc.DefaultRpcScheduler, ipcBackoff: false.
datanode_2  | 2019-11-17 05:23:37,195 INFO util.log: Logging initialized @7835ms
om_1        | 2019-11-17 05:23:39,064 INFO ha.OMHANodeDetails: Configuration either no ozone.om.address set. Falling back to the default OM address om/172.19.0.7:9862
datanode_3  | 2019-11-17 05:23:37,445 INFO server.AbstractConnector: Started ServerConnector@30a7653e{HTTP/1.1,[http/1.1]}{0.0.0.0:9882}
kdc_1       | Principal "om/8426fddf1aba@EXAMPLE.COM" created.
kms_1       |   class org.apache.hadoop.crypto.key.kms.server.KMSJSONWriter
datanode_1  | 2019-11-17 05:23:37,286 INFO http.HttpServer2: Jetty bound to port 9882
scm_1       | 2019-11-17 05:23:34,988 INFO ipc.Server: Starting Socket Reader #1 for port 9861
datanode_2  | 2019-11-17 05:23:37,305 INFO server.AuthenticationFilter: Unable to initialize FileSignerSecretProvider, falling back to use random secrets.
om_1        | 2019-11-17 05:23:39,064 INFO ha.OMHANodeDetails: OM Service ID is not set. Setting it to the default ID: omServiceIdDefault
datanode_3  | 2019-11-17 05:23:37,445 INFO server.Server: Started @7628ms
kms_1       |   class org.apache.hadoop.crypto.key.kms.server.KMSExceptionsProvider
kdc_1       | Authenticating as principal admin/admin with keytab /tmp/admin.keytab.
datanode_1  | 2019-11-17 05:23:37,288 INFO server.Server: jetty-9.3.25.v20180904, build timestamp: 2018-09-04T21:11:46Z, git hash: 3ce520221d0240229c862b122d2b06c12a625732
scm_1       | 2019-11-17 05:23:35,023 INFO ipc.CallQueueManager: Using callQueue: class java.util.concurrent.LinkedBlockingQueue, queueCapacity: 1000, scheduler: class org.apache.hadoop.ipc.DefaultRpcScheduler, ipcBackoff: false.
datanode_2  | 2019-11-17 05:23:37,307 INFO http.HttpRequestLog: Http request log for http.requests.hddsDatanode is not defined
om_1        | 2019-11-17 05:23:39,070 WARN server.ServerUtils: ozone.om.db.dirs is not configured. We recommend adding this setting. Falling back to ozone.metadata.dirs instead.
datanode_3  | 2019-11-17 05:23:37,449 INFO impl.MetricsSinkAdapter: Sink prometheus started
kms_1       |   class org.apache.hadoop.crypto.key.kms.server.KMSJSONReader
datanode_1  | 2019-11-17 05:23:37,315 INFO server.AuthenticationFilter: Unable to initialize FileSignerSecretProvider, falling back to use random secrets.
kdc_1       | Entry for principal om/8426fddf1aba@EXAMPLE.COM with kvno 2, encryption type aes256-cts-hmac-sha1-96 added to keytab WRFILE:/data/om.8426fddf1aba.keytab.
scm_1       | 2019-11-17 05:23:35,024 INFO ipc.Server: Starting Socket Reader #1 for port 9863
datanode_2  | 2019-11-17 05:23:37,315 INFO http.HttpServer2: Added global filter 'safety' (class=org.apache.hadoop.http.HttpServer2$QuotingInputFilter)
om_1        | WARNING: An illegal reflective access operation has occurred
datanode_3  | 2019-11-17 05:23:37,449 INFO impl.MetricsSystemImpl: Registered sink prometheus
kms_1       | Nov 17, 2019 5:23:30 AM com.sun.jersey.server.impl.application.WebApplicationImpl _initiate
datanode_1  | 2019-11-17 05:23:37,317 INFO server.KerberosAuthenticationHandler: Using keytab /etc/security/keytabs/HTTP.keytab, for principal HTTP/3f4750b60666@EXAMPLE.COM
kdc_1       | Entry for principal om/8426fddf1aba@EXAMPLE.COM with kvno 2, encryption type aes128-cts-hmac-sha1-96 added to keytab WRFILE:/data/om.8426fddf1aba.keytab.
scm_1       | 2019-11-17 05:23:35,066 INFO ipc.CallQueueManager: Using callQueue: class java.util.concurrent.LinkedBlockingQueue, queueCapacity: 1000, scheduler: class org.apache.hadoop.ipc.DefaultRpcScheduler, ipcBackoff: false.
datanode_2  | 2019-11-17 05:23:37,317 INFO http.HttpServer2: Added filter authentication (class=org.apache.hadoop.security.authentication.server.AuthenticationFilter) to context hddsDatanode
om_1        | WARNING: Illegal reflective access by org.apache.hadoop.security.authentication.util.KerberosUtil (file:/opt/hadoop/share/ozone/lib/hadoop-auth-3.2.0.jar) to method sun.security.krb5.Config.getInstance()
kms_1       | INFO: Initiating Jersey application, version 'Jersey: 1.19 02/11/2015 03:25 AM'
datanode_3  | 2019-11-17 05:23:37,450 INFO server.BaseHttpServer: HTTP server of HDDSDATANODE is listening at http://0.0.0.0:9882
datanode_1  | 2019-11-17 05:23:37,320 INFO handler.ContextHandler: Started o.e.j.s.ServletContextHandler@515b9d4a{/logs,file:///var/log/hadoop/,AVAILABLE}
scm_1       | 2019-11-17 05:23:35,067 INFO ipc.Server: Starting Socket Reader #1 for port 9860
datanode_2  | 2019-11-17 05:23:37,317 INFO http.HttpServer2: Added filter authentication (class=org.apache.hadoop.security.authentication.server.AuthenticationFilter) to context static
kdc_1       | Generiting keytab
om_1        | WARNING: Please consider reporting this to the maintainers of org.apache.hadoop.security.authentication.util.KerberosUtil
datanode_1  | 2019-11-17 05:23:37,321 INFO handler.ContextHandler: Started o.e.j.s.ServletContextHandler@196624bf{/static,jar:file:/opt/hadoop/share/ozone/lib/hadoop-hdds-container-service-0.5.0-SNAPSHOT.jar!/webapps/static,AVAILABLE}
datanode_2  | 2019-11-17 05:23:37,317 INFO http.HttpServer2: Added filter authentication (class=org.apache.hadoop.security.authentication.server.AuthenticationFilter) to context logs
datanode_3  | 2019-11-17 05:23:37,474 INFO util.JvmPauseMonitor: Starting JVM pause monitor
scm_1       | 2019-11-17 05:23:35,132 INFO hdfs.DFSUtil: Starting web server as: HTTP/scm@EXAMPLE.COM
kdc_1       | Authenticating as principal admin/admin with keytab /tmp/admin.keytab.
om_1        | WARNING: Use --illegal-access=warn to enable warnings of further illegal reflective access operations
datanode_2  | 2019-11-17 05:23:37,339 INFO http.HttpServer2: Jetty bound to port 9882
datanode_1  | 2019-11-17 05:23:37,386 INFO server.KerberosAuthenticationHandler: Using keytab /etc/security/keytabs/HTTP.keytab, for principal HTTP/3f4750b60666@EXAMPLE.COM
datanode_3  | 2019-11-17 05:23:39,630 INFO ozoneimpl.OzoneContainer: Attempting to start container services.
scm_1       | 2019-11-17 05:23:35,132 INFO hdfs.DFSUtil: Starting Web-server for scm at: http://0.0.0.0:9876
kdc_1       | WARNING: no policy specified for om/om@EXAMPLE.COM; defaulting to no policy
om_1        | WARNING: All illegal access operations will be denied in a future release
datanode_2  | 2019-11-17 05:23:37,340 INFO server.Server: jetty-9.3.25.v20180904, build timestamp: 2018-09-04T21:11:46Z, git hash: 3ce520221d0240229c862b122d2b06c12a625732
datanode_1  | 2019-11-17 05:23:37,390 INFO handler.ContextHandler: Started o.e.j.w.WebAppContext@6c538eb2{/,file:///tmp/jetty-0.0.0.0-9882-hddsDatanode-_-any-6761201692001535106.dir/webapp/,AVAILABLE}{/hddsDatanode}
datanode_3  | 2019-11-17 05:23:39,631 INFO ozoneimpl.OzoneContainer: Background container scanner has been disabled.
scm_1       | 2019-11-17 05:23:35,247 INFO server.AuthenticationFilter: Unable to initialize FileSignerSecretProvider, falling back to use random secrets.
kdc_1       | Principal "om/om@EXAMPLE.COM" created.
om_1        | 2019-11-17 05:23:39,329 INFO security.UserGroupInformation: Login successful for user om/om@EXAMPLE.COM using keytab file /etc/security/keytabs/om.keytab
datanode_2  | 2019-11-17 05:23:37,367 INFO server.AuthenticationFilter: Unable to initialize FileSignerSecretProvider, falling back to use random secrets.
datanode_1  | 2019-11-17 05:23:37,394 INFO server.AbstractConnector: Started ServerConnector@7c46c9c3{HTTP/1.1,[http/1.1]}{0.0.0.0:9882}
datanode_3  | 2019-11-17 05:23:39,631 INFO ratis.XceiverServerRatis: Starting XceiverServerRatis bcaf688d-544f-4186-a3bf-d6b6c1fcca85 at port 9858
scm_1       | 2019-11-17 05:23:35,260 INFO http.HttpRequestLog: Http request log for http.requests.scm is not defined
kdc_1       | Authenticating as principal admin/admin with keytab /tmp/admin.keytab.
om_1        | 2019-11-17 05:23:39,329 INFO om.OzoneManager: Ozone Manager login successful.
datanode_2  | 2019-11-17 05:23:37,369 INFO server.KerberosAuthenticationHandler: Using keytab /etc/security/keytabs/HTTP.keytab, for principal HTTP/2cfda22e5a30@EXAMPLE.COM
datanode_1  | 2019-11-17 05:23:37,395 INFO server.Server: Started @8200ms
scm_1       | 2019-11-17 05:23:35,267 INFO http.HttpServer2: Added global filter 'safety' (class=org.apache.hadoop.http.HttpServer2$QuotingInputFilter)
datanode_3  | 2019-11-17 05:23:39,649 INFO impl.RaftServerProxy: bcaf688d-544f-4186-a3bf-d6b6c1fcca85: start RPC server
kdc_1       | Entry for principal om/om@EXAMPLE.COM with kvno 2, encryption type aes256-cts-hmac-sha1-96 added to keytab WRFILE:/data/om.om.keytab.
om_1        | 2019-11-17 05:23:39,330 WARN server.ServerUtils: ozone.om.db.dirs is not configured. We recommend adding this setting. Falling back to ozone.metadata.dirs instead.
datanode_2  | 2019-11-17 05:23:37,372 INFO handler.ContextHandler: Started o.e.j.s.ServletContextHandler@2e71240b{/logs,file:///var/log/hadoop/,AVAILABLE}
datanode_1  | 2019-11-17 05:23:37,397 INFO impl.MetricsSinkAdapter: Sink prometheus started
scm_1       | 2019-11-17 05:23:35,269 INFO http.HttpServer2: Added filter authentication (class=org.apache.hadoop.security.authentication.server.AuthenticationFilter) to context scm
datanode_3  | 2019-11-17 05:23:39,816 INFO server.GrpcService: bcaf688d-544f-4186-a3bf-d6b6c1fcca85: GrpcService started, listening on 0.0.0.0/0.0.0.0:9858
kdc_1       | Entry for principal om/om@EXAMPLE.COM with kvno 2, encryption type aes128-cts-hmac-sha1-96 added to keytab WRFILE:/data/om.om.keytab.
om_1        | 2019-11-17 05:23:40,178 INFO client.OMCertificateClient: Loading certificate from location:/data/metadata/om/certs.
datanode_2  | 2019-11-17 05:23:37,373 INFO handler.ContextHandler: Started o.e.j.s.ServletContextHandler@63a9c661{/static,jar:file:/opt/hadoop/share/ozone/lib/hadoop-hdds-container-service-0.5.0-SNAPSHOT.jar!/webapps/static,AVAILABLE}
datanode_1  | 2019-11-17 05:23:37,397 INFO impl.MetricsSystemImpl: Registered sink prometheus
scm_1       | 2019-11-17 05:23:35,269 INFO http.HttpServer2: Added filter authentication (class=org.apache.hadoop.security.authentication.server.AuthenticationFilter) to context logs
kdc_1       | Generiting keytab
datanode_3  | 2019-11-17 05:23:44,502 INFO impl.RaftServerProxy: bcaf688d-544f-4186-a3bf-d6b6c1fcca85: addNew group-79A408613B69:[bcaf688d-544f-4186-a3bf-d6b6c1fcca85:172.19.0.9:9858] returns group-79A408613B69:java.util.concurrent.CompletableFuture@1913815a[Not completed]
om_1        | 2019-11-17 05:23:40,281 INFO client.OMCertificateClient: Added certificate from file:/data/metadata/om/certs/CA-1.crt.
datanode_2  | 2019-11-17 05:23:37,435 INFO server.KerberosAuthenticationHandler: Using keytab /etc/security/keytabs/HTTP.keytab, for principal HTTP/2cfda22e5a30@EXAMPLE.COM
scm_1       | 2019-11-17 05:23:35,269 INFO http.HttpServer2: Added filter authentication (class=org.apache.hadoop.security.authentication.server.AuthenticationFilter) to context static
kdc_1       | Authenticating as principal admin/admin with keytab /tmp/admin.keytab.
datanode_1  | 2019-11-17 05:23:37,399 INFO server.BaseHttpServer: HTTP server of HDDSDATANODE is listening at http://0.0.0.0:9882
datanode_3  | 2019-11-17 05:23:44,527 INFO impl.RaftServerImpl: bcaf688d-544f-4186-a3bf-d6b6c1fcca85: new RaftServerImpl for group-79A408613B69:[bcaf688d-544f-4186-a3bf-d6b6c1fcca85:172.19.0.9:9858] with ContainerStateMachine:uninitialized
datanode_2  | 2019-11-17 05:23:37,440 INFO handler.ContextHandler: Started o.e.j.w.WebAppContext@324b6a56{/,file:///tmp/jetty-0.0.0.0-9882-hddsDatanode-_-any-3336336544351654785.dir/webapp/,AVAILABLE}{/hddsDatanode}
scm_1       | 2019-11-17 05:23:35,294 INFO server.StorageContainerManager: StorageContainerLocationProtocol RPC server is listening at /0.0.0.0:9860
om_1        | 2019-11-17 05:23:40,285 INFO client.OMCertificateClient: Added certificate from file:/data/metadata/om/certs/14315003271102519.crt.
kdc_1       | WARNING: no policy specified for om/3f4750b60666@EXAMPLE.COM; defaulting to no policy
datanode_1  | 2019-11-17 05:23:37,410 INFO util.JvmPauseMonitor: Starting JVM pause monitor
datanode_3  | 2019-11-17 05:23:44,529 INFO server.RaftServerConfigKeys: raft.server.rpc.timeout.min = 5s (custom)
datanode_2  | 2019-11-17 05:23:37,445 INFO server.AbstractConnector: Started ServerConnector@7a65a360{HTTP/1.1,[http/1.1]}{0.0.0.0:9882}
scm_1       | 2019-11-17 05:23:35,357 INFO impl.MetricsConfig: Loaded properties from hadoop-metrics2.properties
om_1        | 2019-11-17 05:23:40,307 WARN server.ServerUtils: ozone.om.db.dirs is not configured. We recommend adding this setting. Falling back to ozone.metadata.dirs instead.
kdc_1       | Principal "om/3f4750b60666@EXAMPLE.COM" created.
datanode_1  | 2019-11-17 05:23:39,602 INFO ozoneimpl.OzoneContainer: Attempting to start container services.
datanode_3  | 2019-11-17 05:23:44,530 INFO server.RaftServerConfigKeys: raft.server.rpc.timeout.max = 5200ms (custom)
datanode_2  | 2019-11-17 05:23:37,445 INFO server.Server: Started @8085ms
scm_1       | 2019-11-17 05:23:35,401 INFO impl.MetricsSystemImpl: Scheduled Metric snapshot period at 10 second(s).
om_1        | 2019-11-17 05:23:40,334 INFO util.log: Logging initialized @2930ms
kdc_1       | Authenticating as principal admin/admin with keytab /tmp/admin.keytab.
datanode_1  | 2019-11-17 05:23:39,603 INFO ozoneimpl.OzoneContainer: Background container scanner has been disabled.
datanode_3  | 2019-11-17 05:23:44,530 INFO server.RaftServerConfigKeys: raft.server.rpcslowness.timeout = 120s (custom)
datanode_2  | 2019-11-17 05:23:37,448 INFO impl.MetricsSinkAdapter: Sink prometheus started
scm_1       | 2019-11-17 05:23:35,401 INFO impl.MetricsSystemImpl: StorageContainerManager metrics system started
om_1        | 2019-11-17 05:23:40,445 INFO db.DBStoreBuilder: using custom profile for table: userTable
kdc_1       | Entry for principal om/3f4750b60666@EXAMPLE.COM with kvno 2, encryption type aes256-cts-hmac-sha1-96 added to keytab WRFILE:/data/om.3f4750b60666.keytab.
datanode_3  | 2019-11-17 05:23:44,531 INFO server.RaftServerConfigKeys: raft.server.sleep.deviation.threshold = 300 (default)
datanode_2  | 2019-11-17 05:23:37,448 INFO impl.MetricsSystemImpl: Registered sink prometheus
scm_1       | 2019-11-17 05:23:35,638 INFO server.SCMClientProtocolServer: RPC server for Client  is listening at /0.0.0.0:9860
datanode_1  | 2019-11-17 05:23:39,603 INFO ratis.XceiverServerRatis: Starting XceiverServerRatis 5180bcfb-fd4a-463f-b163-22eb13c57417 at port 9858
om_1        | 2019-11-17 05:23:40,445 INFO db.DBStoreBuilder: Using default column profile:DBProfile.DISK for Table:userTable
kdc_1       | Entry for principal om/3f4750b60666@EXAMPLE.COM with kvno 2, encryption type aes128-cts-hmac-sha1-96 added to keytab WRFILE:/data/om.3f4750b60666.keytab.
datanode_3  | 2019-11-17 05:23:44,532 INFO server.RaftServerConfigKeys: raft.server.log.appender.install.snapshot.enabled = false (custom)
scm_1       | 2019-11-17 05:23:35,638 INFO ipc.Server: IPC Server Responder: starting
om_1        | 2019-11-17 05:23:40,445 INFO db.DBStoreBuilder: using custom profile for table: volumeTable
datanode_1  | 2019-11-17 05:23:39,623 INFO impl.RaftServerProxy: 5180bcfb-fd4a-463f-b163-22eb13c57417: start RPC server
datanode_2  | 2019-11-17 05:23:37,450 INFO server.BaseHttpServer: HTTP server of HDDSDATANODE is listening at http://0.0.0.0:9882
kdc_1       | Generiting keytab
datanode_3  | 2019-11-17 05:23:44,541 INFO impl.RaftServerImpl: bcaf688d-544f-4186-a3bf-d6b6c1fcca85@group-79A408613B69: ConfigurationManager, init=-1: [bcaf688d-544f-4186-a3bf-d6b6c1fcca85:172.19.0.9:9858], old=null, confs=<EMPTY_MAP>
scm_1       | 2019-11-17 05:23:35,639 INFO ipc.Server: IPC Server listener on 9860: starting
om_1        | 2019-11-17 05:23:40,445 INFO db.DBStoreBuilder: Using default column profile:DBProfile.DISK for Table:volumeTable
datanode_1  | 2019-11-17 05:23:39,765 INFO server.GrpcService: 5180bcfb-fd4a-463f-b163-22eb13c57417: GrpcService started, listening on 0.0.0.0/0.0.0.0:9858
kdc_1       | Authenticating as principal admin/admin with keytab /tmp/admin.keytab.
scm_1       | 2019-11-17 05:23:35,642 INFO server.StorageContainerManager: ScmBlockLocationProtocol RPC server is listening at /0.0.0.0:9863
datanode_3  | 2019-11-17 05:23:44,541 INFO server.RaftServerConfigKeys: raft.server.storage.dir = [/data/metadata/ratis] (custom)
datanode_2  | 2019-11-17 05:23:37,487 INFO util.JvmPauseMonitor: Starting JVM pause monitor
om_1        | 2019-11-17 05:23:40,446 INFO db.DBStoreBuilder: using custom profile for table: bucketTable
datanode_1  | 2019-11-17 05:23:44,444 INFO impl.RaftServerProxy: 5180bcfb-fd4a-463f-b163-22eb13c57417: addNew group-9C83DAD394BE:[5180bcfb-fd4a-463f-b163-22eb13c57417:172.19.0.6:9858] returns group-9C83DAD394BE:java.util.concurrent.CompletableFuture@2944f753[Not completed]
kdc_1       | WARNING: no policy specified for om/2cfda22e5a30@EXAMPLE.COM; defaulting to no policy
scm_1       | 2019-11-17 05:23:35,643 INFO server.SCMBlockProtocolServer: RPC server for Block Protocol is listening at /0.0.0.0:9863
datanode_3  | 2019-11-17 05:23:44,548 INFO server.RaftServerConfigKeys: raft.server.log.corruption.policy = EXCEPTION (default)
datanode_2  | 2019-11-17 05:23:39,601 INFO ozoneimpl.OzoneContainer: Attempting to start container services.
om_1        | 2019-11-17 05:23:40,446 INFO db.DBStoreBuilder: Using default column profile:DBProfile.DISK for Table:bucketTable
