datanode_2  | 2019-11-17 05:14:40,350 INFO storage.RaftStorage: Storage directory /data/metadata/ratis/9fd1728f-3c32-4dc4-b447-11707c5fd112 has been successfully formatted.
datanode_1  | 2019-11-17 05:14:40,431 INFO metrics.MetricRegistries: Loaded MetricRegistries class org.apache.ratis.metrics.impl.MetricRegistriesImpl
om_1        | 2019-11-17 05:14:37,760 INFO db.DBStoreBuilder: using custom profile for table: default
s3g_1       | 	at org.glassfish.jersey.servlet.ServletContainer.service(ServletContainer.java:342)
scm_1       | 2019-11-17 05:14:34,429 INFO ipc.Server: IPC Server Responder: starting
datanode_3  | 2019-11-17 05:14:40,473 INFO server.RaftServerConfigKeys: raft.server.log.segment.size.max = 1048576 (custom)
datanode_2  | 2019-11-17 05:14:40,354 INFO ratis.ContainerStateMachine: group-11707C5FD112: The snapshot info is null. Setting the last applied indexto:(t:0, i:~)
om_1        | 2019-11-17 05:14:37,760 INFO db.DBStoreBuilder: Using default column profile:DBProfile.DISK for Table:default
datanode_1  | 2019-11-17 05:14:40,434 WARN impl.MetricRegistriesImpl: First MetricRegistry has been created without registering reporters. You may need to call MetricRegistries.global().addReportRegistration(...) before.
s3g_1       | 	at org.glassfish.jersey.servlet.ServletContainer.service(ServletContainer.java:229)
scm_1       | 2019-11-17 05:14:34,429 INFO ipc.Server: IPC Server listener on 9860: starting
datanode_2  | 2019-11-17 05:14:40,355 INFO server.RaftServerConfigKeys: raft.server.notification.no-leader.timeout = 120s (custom)
om_1        | 2019-11-17 05:14:37,761 INFO db.DBStoreBuilder: Using default options. DBProfile.DISK
datanode_3  | 2019-11-17 05:14:40,482 INFO metrics.MetricRegistries: Loaded MetricRegistries class org.apache.ratis.metrics.impl.MetricRegistriesImpl
datanode_1  | 2019-11-17 05:14:40,439 INFO server.RaftServerConfigKeys: raft.server.log.segment.cache.num.max = 2 (custom)
s3g_1       | 	at org.eclipse.jetty.servlet.ServletHolder.handle(ServletHolder.java:840)
scm_1       | 2019-11-17 05:14:34,434 INFO server.StorageContainerManager: ScmBlockLocationProtocol RPC server is listening at /0.0.0.0:9863
datanode_2  | 2019-11-17 05:14:40,357 INFO server.RaftServerConfigKeys: raft.server.log.use.memory = false (default)
om_1        | 2019-11-17 05:14:38,182 INFO ipc.CallQueueManager: Using callQueue: class java.util.concurrent.LinkedBlockingQueue, queueCapacity: 2000, scheduler: class org.apache.hadoop.ipc.DefaultRpcScheduler, ipcBackoff: false.
datanode_3  | 2019-11-17 05:14:40,485 WARN impl.MetricRegistriesImpl: First MetricRegistry has been created without registering reporters. You may need to call MetricRegistries.global().addReportRegistration(...) before.
datanode_1  | 2019-11-17 05:14:40,485 INFO segmented.SegmentedRaftLogWorker: new 86ba53e8-7715-4807-b378-91932de3c616@group-1D6C4D224CCC-SegmentedRaftLogWorker for RaftStorage:Storage Directory /data/metadata/ratis/b3582080-d6d7-4573-ab16-1d6c4d224ccc
s3g_1       | 	at org.eclipse.jetty.servlet.ServletHandler$CachedChain.doFilter(ServletHandler.java:1780)
scm_1       | 2019-11-17 05:14:34,435 INFO server.SCMBlockProtocolServer: RPC server for Block Protocol is listening at /0.0.0.0:9863
datanode_2  | 2019-11-17 05:14:40,362 INFO server.RaftServerConfigKeys: raft.server.log.purge.gap = 1000000 (custom)
om_1        | 2019-11-17 05:14:38,192 INFO ipc.Server: Starting Socket Reader #1 for port 9862
datanode_3  | 2019-11-17 05:14:40,491 INFO server.RaftServerConfigKeys: raft.server.log.segment.cache.num.max = 2 (custom)
datanode_1  | 2019-11-17 05:14:40,485 INFO server.RaftServerConfigKeys: raft.server.log.queue.byte-limit = 2147483647 (custom)
s3g_1       | 	at org.apache.hadoop.http.HttpServer2$QuotingInputFilter.doFilter(HttpServer2.java:1609)
scm_1       | 2019-11-17 05:14:34,435 INFO ipc.Server: IPC Server Responder: starting
datanode_2  | 2019-11-17 05:14:40,362 INFO server.RaftServerConfigKeys: raft.server.log.appender.buffer.byte-limit = 33554432 (custom)
om_1        | 2019-11-17 05:14:38,233 INFO om.OzoneManager: OzoneManager RPC server is listening at om/172.19.0.3:9862
datanode_3  | 2019-11-17 05:14:40,497 INFO segmented.SegmentedRaftLogWorker: new 6cab823d-4704-465b-8374-5193d4e63741@group-A4F716B67845-SegmentedRaftLogWorker for RaftStorage:Storage Directory /data/metadata/ratis/c0d5972a-b173-4825-9e21-a4f716b67845
datanode_1  | 2019-11-17 05:14:40,486 INFO server.RaftServerConfigKeys: raft.server.log.queue.element-limit = 1024 (custom)
s3g_1       | 	at org.eclipse.jetty.servlet.ServletHandler$CachedChain.doFilter(ServletHandler.java:1767)
scm_1       | 2019-11-17 05:14:34,435 INFO ipc.Server: IPC Server listener on 9863: starting
om_1        | 2019-11-17 05:14:38,319 INFO impl.MetricsConfig: Loaded properties from hadoop-metrics2.properties
datanode_3  | 2019-11-17 05:14:40,498 INFO server.RaftServerConfigKeys: raft.server.log.queue.byte-limit = 2147483647 (custom)
datanode_1  | 2019-11-17 05:14:40,487 INFO server.RaftServerConfigKeys: raft.server.log.segment.size.max = 1048576 (custom)
s3g_1       | 	at org.apache.hadoop.http.NoCacheFilter.doFilter(NoCacheFilter.java:45)
datanode_2  | 2019-11-17 05:14:40,364 INFO server.RaftServerConfigKeys: raft.server.log.segment.size.max = 1048576 (custom)
datanode_3  | 2019-11-17 05:14:40,498 INFO server.RaftServerConfigKeys: raft.server.log.queue.element-limit = 1024 (custom)
om_1        | 2019-11-17 05:14:38,361 INFO impl.MetricsSystemImpl: Scheduled Metric snapshot period at 10 second(s).
scm_1       | 2019-11-17 05:14:34,439 INFO server.StorageContainerManager: ScmDatanodeProtocl RPC server is listening at /0.0.0.0:9861
datanode_1  | 2019-11-17 05:14:40,487 INFO server.RaftServerConfigKeys: raft.server.log.preallocated.size = 16384 (custom)
s3g_1       | 	at org.eclipse.jetty.servlet.ServletHandler$CachedChain.doFilter(ServletHandler.java:1767)
datanode_3  | 2019-11-17 05:14:40,499 INFO server.RaftServerConfigKeys: raft.server.log.segment.size.max = 1048576 (custom)
datanode_2  | 2019-11-17 05:14:40,371 INFO metrics.MetricRegistries: Loaded MetricRegistries class org.apache.ratis.metrics.impl.MetricRegistriesImpl
scm_1       | 2019-11-17 05:14:34,439 INFO server.SCMDatanodeProtocolServer: RPC server for DataNodes is listening at /0.0.0.0:9861
om_1        | 2019-11-17 05:14:38,361 INFO impl.MetricsSystemImpl: OzoneManager metrics system started
datanode_1  | 2019-11-17 05:14:40,487 INFO server.RaftServerConfigKeys: raft.server.log.write.buffer.size = 33554432 (custom)
s3g_1       | 	at org.eclipse.jetty.servlet.ServletHandler.doHandle(ServletHandler.java:583)
datanode_3  | 2019-11-17 05:14:40,499 INFO server.RaftServerConfigKeys: raft.server.log.preallocated.size = 16384 (custom)
datanode_2  | 2019-11-17 05:14:40,375 WARN impl.MetricRegistriesImpl: First MetricRegistry has been created without registering reporters. You may need to call MetricRegistries.global().addReportRegistration(...) before.
scm_1       | 2019-11-17 05:14:34,441 INFO ipc.Server: IPC Server Responder: starting
om_1        | 2019-11-17 05:14:38,400 INFO ipc.Server: IPC Server Responder: starting
datanode_1  | 2019-11-17 05:14:40,488 INFO server.RaftServerConfigKeys: raft.server.log.force.sync.num = 128 (default)
s3g_1       | 	at org.eclipse.jetty.server.handler.ScopedHandler.handle(ScopedHandler.java:143)
datanode_3  | 2019-11-17 05:14:40,500 INFO server.RaftServerConfigKeys: raft.server.log.write.buffer.size = 33554432 (custom)
datanode_2  | 2019-11-17 05:14:40,420 INFO server.RaftServerConfigKeys: raft.server.log.segment.cache.num.max = 2 (custom)
scm_1       | 2019-11-17 05:14:34,441 INFO ipc.Server: IPC Server listener on 9861: starting
om_1        | 2019-11-17 05:14:38,401 INFO ipc.Server: IPC Server listener on 9862: starting
s3g_1       | 	at org.eclipse.jetty.security.SecurityHandler.handle(SecurityHandler.java:548)
datanode_3  | 2019-11-17 05:14:40,500 INFO server.RaftServerConfigKeys: raft.server.log.force.sync.num = 128 (default)
datanode_2  | 2019-11-17 05:14:40,425 INFO segmented.SegmentedRaftLogWorker: new 3d759f73-5755-494e-9516-f159eb7ee311@group-11707C5FD112-SegmentedRaftLogWorker for RaftStorage:Storage Directory /data/metadata/ratis/9fd1728f-3c32-4dc4-b447-11707c5fd112
scm_1       | 2019-11-17 05:14:34,445 INFO http.HttpServer2: Jetty bound to port 9876
datanode_1  | 2019-11-17 05:14:40,489 INFO server.RaftServerConfigKeys: raft.server.log.statemachine.data.sync = true (default)
om_1        | 2019-11-17 05:14:38,434 INFO hdfs.DFSUtil: Starting Web-server for ozoneManager at: http://0.0.0.0:9874
s3g_1       | 	at org.eclipse.jetty.server.session.SessionHandler.doHandle(SessionHandler.java:226)
datanode_2  | 2019-11-17 05:14:40,425 INFO server.RaftServerConfigKeys: raft.server.log.queue.byte-limit = 2147483647 (custom)
datanode_3  | 2019-11-17 05:14:40,501 INFO server.RaftServerConfigKeys: raft.server.log.statemachine.data.sync = true (default)
scm_1       | 2019-11-17 05:14:34,447 INFO server.Server: jetty-9.3.25.v20180904, build timestamp: 2018-09-04T21:11:46Z, git hash: 3ce520221d0240229c862b122d2b06c12a625732
datanode_1  | 2019-11-17 05:14:40,489 INFO server.RaftServerConfigKeys: raft.server.log.statemachine.data.sync.timeout = 10s (default)
om_1        | 2019-11-17 05:14:38,530 INFO server.AuthenticationFilter: Unable to initialize FileSignerSecretProvider, falling back to use random secrets.
s3g_1       | 	at org.eclipse.jetty.server.handler.ContextHandler.doHandle(ContextHandler.java:1180)
datanode_2  | 2019-11-17 05:14:40,426 INFO server.RaftServerConfigKeys: raft.server.log.queue.element-limit = 1024 (custom)
scm_1       | 2019-11-17 05:14:34,488 INFO handler.ContextHandler: Started o.e.j.s.ServletContextHandler@5ce4369b{/logs,file:///var/log/hadoop/,AVAILABLE}
datanode_3  | 2019-11-17 05:14:40,501 INFO server.RaftServerConfigKeys: raft.server.log.statemachine.data.sync.timeout = 10s (default)
datanode_1  | 2019-11-17 05:14:40,489 INFO server.RaftServerConfigKeys: raft.server.log.statemachine.data.sync.timeout.retry = -1 (default)
om_1        | 2019-11-17 05:14:38,533 INFO http.HttpRequestLog: Http request log for http.requests.ozoneManager is not defined
s3g_1       | 	at org.eclipse.jetty.servlet.ServletHandler.doScope(ServletHandler.java:513)
datanode_2  | 2019-11-17 05:14:40,427 INFO server.RaftServerConfigKeys: raft.server.log.segment.size.max = 1048576 (custom)
scm_1       | 2019-11-17 05:14:34,488 INFO handler.ContextHandler: Started o.e.j.s.ServletContextHandler@73017a80{/static,jar:file:/opt/hadoop/share/ozone/lib/hadoop-hdds-server-scm-0.5.0-SNAPSHOT.jar!/webapps/static,AVAILABLE}
datanode_3  | 2019-11-17 05:14:40,502 INFO server.RaftServerConfigKeys: raft.server.log.statemachine.data.sync.timeout.retry = -1 (default)
datanode_1  | 2019-11-17 05:14:40,503 INFO server.RaftServerConfigKeys: raft.server.log.statemachine.data.caching.enabled = true (custom)
om_1        | 2019-11-17 05:14:38,542 INFO http.HttpServer2: Added global filter 'safety' (class=org.apache.hadoop.http.HttpServer2$QuotingInputFilter)
datanode_2  | 2019-11-17 05:14:40,428 INFO server.RaftServerConfigKeys: raft.server.log.preallocated.size = 16384 (custom)
s3g_1       | 	at org.eclipse.jetty.server.session.SessionHandler.doScope(SessionHandler.java:185)
scm_1       | 2019-11-17 05:14:34,575 INFO handler.ContextHandler: Started o.e.j.w.WebAppContext@de8039f{/,file:///tmp/jetty-0.0.0.0-9876-scm-_-any-5272228314388391875.dir/webapp/,AVAILABLE}{/scm}
datanode_3  | 2019-11-17 05:14:40,509 INFO server.RaftServerConfigKeys: raft.server.log.statemachine.data.caching.enabled = true (custom)
datanode_1  | 2019-11-17 05:14:40,507 INFO segmented.SegmentedRaftLogWorker: 86ba53e8-7715-4807-b378-91932de3c616@group-1D6C4D224CCC-SegmentedRaftLogWorker: flushIndex: setUnconditionally 0 -> -1
om_1        | 2019-11-17 05:14:38,545 INFO http.HttpServer2: Added filter static_user_filter (class=org.apache.hadoop.http.lib.StaticUserWebFilter$StaticUserFilter) to context ozoneManager
datanode_2  | 2019-11-17 05:14:40,428 INFO server.RaftServerConfigKeys: raft.server.log.write.buffer.size = 33554432 (custom)
s3g_1       | 	at org.eclipse.jetty.server.handler.ContextHandler.doScope(ContextHandler.java:1112)
scm_1       | 2019-11-17 05:14:34,581 INFO server.AbstractConnector: Started ServerConnector@b606cb6{HTTP/1.1,[http/1.1]}{0.0.0.0:9876}
datanode_3  | 2019-11-17 05:14:40,513 INFO segmented.SegmentedRaftLogWorker: 6cab823d-4704-465b-8374-5193d4e63741@group-A4F716B67845-SegmentedRaftLogWorker: flushIndex: setUnconditionally 0 -> -1
datanode_1  | 2019-11-17 05:14:40,511 INFO server.RaftServerConfigKeys: raft.server.snapshot.auto.trigger.enabled = true (custom)
om_1        | 2019-11-17 05:14:38,545 INFO http.HttpServer2: Added filter static_user_filter (class=org.apache.hadoop.http.lib.StaticUserWebFilter$StaticUserFilter) to context logs
datanode_2  | 2019-11-17 05:14:40,428 INFO server.RaftServerConfigKeys: raft.server.log.force.sync.num = 128 (default)
scm_1       | 2019-11-17 05:14:34,582 INFO server.Server: Started @3127ms
s3g_1       | 	at org.eclipse.jetty.server.handler.ScopedHandler.handle(ScopedHandler.java:141)
datanode_3  | 2019-11-17 05:14:40,517 INFO server.RaftServerConfigKeys: raft.server.snapshot.auto.trigger.enabled = true (custom)
om_1        | 2019-11-17 05:14:38,545 INFO http.HttpServer2: Added filter static_user_filter (class=org.apache.hadoop.http.lib.StaticUserWebFilter$StaticUserFilter) to context static
scm_1       | 2019-11-17 05:14:34,586 INFO impl.MetricsSinkAdapter: Sink prometheus started
datanode_2  | 2019-11-17 05:14:40,429 INFO server.RaftServerConfigKeys: raft.server.log.statemachine.data.sync = true (default)
datanode_1  | 2019-11-17 05:14:40,512 INFO server.RaftServerConfigKeys: raft.server.snapshot.auto.trigger.threshold = 10000 (custom)
datanode_3  | 2019-11-17 05:14:40,517 INFO server.RaftServerConfigKeys: raft.server.snapshot.auto.trigger.threshold = 10000 (custom)
s3g_1       | 	at org.eclipse.jetty.server.handler.HandlerCollection.handle(HandlerCollection.java:119)
om_1        | 2019-11-17 05:14:38,568 INFO http.HttpServer2: Jetty bound to port 9874
scm_1       | 2019-11-17 05:14:34,586 INFO impl.MetricsSystemImpl: Registered sink prometheus
datanode_2  | 2019-11-17 05:14:40,430 INFO server.RaftServerConfigKeys: raft.server.log.statemachine.data.sync.timeout = 10s (default)
datanode_1  | 2019-11-17 05:14:40,513 INFO server.RaftServerConfigKeys: raft.server.snapshot.retention.file.num = 5 (custom)
datanode_3  | 2019-11-17 05:14:40,518 INFO server.RaftServerConfigKeys: raft.server.snapshot.retention.file.num = 5 (custom)
s3g_1       | 	at org.eclipse.jetty.server.handler.HandlerWrapper.handle(HandlerWrapper.java:134)
om_1        | 2019-11-17 05:14:38,570 INFO server.Server: jetty-9.3.25.v20180904, build timestamp: 2018-09-04T21:11:46Z, git hash: 3ce520221d0240229c862b122d2b06c12a625732
scm_1       | 2019-11-17 05:14:34,588 INFO server.BaseHttpServer: HTTP server of SCM is listening at http://0.0.0.0:9876
datanode_2  | 2019-11-17 05:14:40,430 INFO server.RaftServerConfigKeys: raft.server.log.statemachine.data.sync.timeout.retry = -1 (default)
datanode_1  | 2019-11-17 05:14:40,513 INFO server.RaftServerConfigKeys: raft.server.retrycache.expirytime = 600000ms (custom)
datanode_3  | 2019-11-17 05:14:40,518 INFO server.RaftServerConfigKeys: raft.server.retrycache.expirytime = 600000ms (custom)
s3g_1       | 	at org.eclipse.jetty.server.Server.handle(Server.java:539)
om_1        | 2019-11-17 05:14:38,610 INFO handler.ContextHandler: Started o.e.j.s.ServletContextHandler@3b5c665c{/logs,file:///var/log/hadoop/,AVAILABLE}
scm_1       | 2019-11-17 05:14:34,601 INFO util.JvmPauseMonitor: Starting JVM pause monitor
datanode_2  | 2019-11-17 05:14:40,441 INFO server.RaftServerConfigKeys: raft.server.log.statemachine.data.caching.enabled = true (custom)
datanode_1  | 2019-11-17 05:14:40,532 WARN impl.MetricRegistriesImpl: First MetricRegistry has been created without registering reporters. You may need to call MetricRegistries.global().addReportRegistration(...) before.
s3g_1       | 	at org.eclipse.jetty.server.HttpChannel.handle(HttpChannel.java:333)
datanode_3  | 2019-11-17 05:14:40,533 WARN impl.MetricRegistriesImpl: First MetricRegistry has been created without registering reporters. You may need to call MetricRegistries.global().addReportRegistration(...) before.
om_1        | 2019-11-17 05:14:38,611 INFO handler.ContextHandler: Started o.e.j.s.ServletContextHandler@60d40ff4{/static,jar:file:/opt/hadoop/share/ozone/lib/hadoop-ozone-ozone-manager-0.5.0-SNAPSHOT.jar!/webapps/static,AVAILABLE}
scm_1       | 2019-11-17 05:14:37,275 INFO net.NetworkTopology: Added a new node: /default-rack/3d759f73-5755-494e-9516-f159eb7ee311
datanode_1  | 2019-11-17 05:14:40,534 WARN impl.MetricRegistriesImpl: First MetricRegistry has been created without registering reporters. You may need to call MetricRegistries.global().addReportRegistration(...) before.
s3g_1       | 	at org.eclipse.jetty.server.HttpConnection.onFillable(HttpConnection.java:251)
datanode_2  | 2019-11-17 05:14:40,463 INFO segmented.SegmentedRaftLogWorker: 3d759f73-5755-494e-9516-f159eb7ee311@group-11707C5FD112-SegmentedRaftLogWorker: flushIndex: setUnconditionally 0 -> -1
datanode_3  | 2019-11-17 05:14:40,535 WARN impl.MetricRegistriesImpl: First MetricRegistry has been created without registering reporters. You may need to call MetricRegistries.global().addReportRegistration(...) before.
om_1        | 2019-11-17 05:14:38,689 INFO handler.ContextHandler: Started o.e.j.w.WebAppContext@44af588b{/,file:///tmp/jetty-0.0.0.0-9874-ozoneManager-_-any-8083816264428758117.dir/webapp/,AVAILABLE}{/ozoneManager}
scm_1       | 2019-11-17 05:14:37,276 INFO node.SCMNodeManager: Registered Data node : 3d759f73-5755-494e-9516-f159eb7ee311{ip: 172.19.0.4, host: ozones3_datanode_2.ozones3_default, networkLocation: /default-rack, certSerialId: null}
datanode_1  | 2019-11-17 05:14:40,535 INFO impl.RaftServerImpl: 86ba53e8-7715-4807-b378-91932de3c616@group-1D6C4D224CCC: start as a follower, conf=-1: [86ba53e8-7715-4807-b378-91932de3c616:172.19.0.7:9858], old=null
s3g_1       | 	at org.eclipse.jetty.io.AbstractConnection$ReadCallback.succeeded(AbstractConnection.java:283)
datanode_3  | 2019-11-17 05:14:40,536 INFO impl.RaftServerImpl: 6cab823d-4704-465b-8374-5193d4e63741@group-A4F716B67845: start as a follower, conf=-1: [6cab823d-4704-465b-8374-5193d4e63741:172.19.0.5:9858], old=null
om_1        | 2019-11-17 05:14:38,695 INFO server.AbstractConnector: Started ServerConnector@332bcab0{HTTP/1.1,[http/1.1]}{0.0.0.0:9874}
datanode_1  | 2019-11-17 05:14:40,536 INFO impl.RaftServerImpl: 86ba53e8-7715-4807-b378-91932de3c616@group-1D6C4D224CCC: changes role from      null to FOLLOWER at term 0 for startAsFollower
scm_1       | 2019-11-17 05:14:37,279 INFO safemode.SCMSafeModeManager: ContainerSafeModeRule rule is successfully validated
datanode_2  | 2019-11-17 05:14:40,468 INFO server.RaftServerConfigKeys: raft.server.snapshot.auto.trigger.enabled = true (custom)
s3g_1       | 	at org.eclipse.jetty.io.FillInterest.fillable(FillInterest.java:108)
datanode_3  | 2019-11-17 05:14:40,537 INFO impl.RaftServerImpl: 6cab823d-4704-465b-8374-5193d4e63741@group-A4F716B67845: changes role from      null to FOLLOWER at term 0 for startAsFollower
om_1        | 2019-11-17 05:14:38,695 INFO server.Server: Started @3701ms
datanode_1  | 2019-11-17 05:14:40,537 INFO impl.RoleInfo: 86ba53e8-7715-4807-b378-91932de3c616: start FollowerState
scm_1       | 2019-11-17 05:14:37,279 INFO safemode.SCMSafeModeManager: SCM in safe mode. 1 DataNodes registered, 1 required.
datanode_2  | 2019-11-17 05:14:40,468 INFO server.RaftServerConfigKeys: raft.server.snapshot.auto.trigger.threshold = 10000 (custom)
s3g_1       | 	at org.eclipse.jetty.io.SelectChannelEndPoint$2.run(SelectChannelEndPoint.java:93)
datanode_3  | 2019-11-17 05:14:40,538 INFO impl.RoleInfo: 6cab823d-4704-465b-8374-5193d4e63741: start FollowerState
om_1        | 2019-11-17 05:14:38,699 INFO impl.MetricsSinkAdapter: Sink prometheus started
datanode_1  | 2019-11-17 05:14:40,541 INFO util.JmxRegister: Successfully registered JMX Bean with object name Ratis:service=RaftServer,group=group-1D6C4D224CCC,id=86ba53e8-7715-4807-b378-91932de3c616
scm_1       | 2019-11-17 05:14:37,283 INFO safemode.SCMSafeModeManager: DataNodeSafeModeRule rule is successfully validated
datanode_2  | 2019-11-17 05:14:40,469 INFO server.RaftServerConfigKeys: raft.server.snapshot.retention.file.num = 5 (custom)
s3g_1       | 	at org.eclipse.jetty.util.thread.strategy.ExecuteProduceConsume.executeProduceConsume(ExecuteProduceConsume.java:303)
om_1        | 2019-11-17 05:14:38,699 INFO impl.MetricsSystemImpl: Registered sink prometheus
datanode_3  | 2019-11-17 05:14:40,542 INFO util.JmxRegister: Successfully registered JMX Bean with object name Ratis:service=RaftServer,group=group-A4F716B67845,id=6cab823d-4704-465b-8374-5193d4e63741
datanode_1  | 2019-11-17 05:14:40,542 WARN impl.MetricRegistriesImpl: First MetricRegistry has been created without registering reporters. You may need to call MetricRegistries.global().addReportRegistration(...) before.
scm_1       | 2019-11-17 05:14:37,287 INFO pipeline.RatisPipelineProvider: Send pipeline:PipelineID=9fd1728f-3c32-4dc4-b447-11707c5fd112 create command to datanode 3d759f73-5755-494e-9516-f159eb7ee311
datanode_2  | 2019-11-17 05:14:40,469 INFO server.RaftServerConfigKeys: raft.server.retrycache.expirytime = 600000ms (custom)
s3g_1       | 	at org.eclipse.jetty.util.thread.strategy.ExecuteProduceConsume.produceConsume(ExecuteProduceConsume.java:148)
om_1        | 2019-11-17 05:14:38,702 INFO server.BaseHttpServer: HTTP server of OZONEMANAGER is listening at http://0.0.0.0:9874
datanode_3  | 2019-11-17 05:14:40,543 WARN impl.MetricRegistriesImpl: First MetricRegistry has been created without registering reporters. You may need to call MetricRegistries.global().addReportRegistration(...) before.
datanode_1  | 2019-11-17 05:14:40,600 INFO commandhandler.CreatePipelineCommandHandler: Create Pipeline RATIS ONE #id: "b3582080-d6d7-4573-ab16-1d6c4d224ccc"
scm_1       | 2019-11-17 05:14:37,297 INFO net.NetworkTopology: Added a new node: /default-rack/6cab823d-4704-465b-8374-5193d4e63741
datanode_2  | 2019-11-17 05:14:40,488 WARN impl.MetricRegistriesImpl: First MetricRegistry has been created without registering reporters. You may need to call MetricRegistries.global().addReportRegistration(...) before.
s3g_1       | 	at org.eclipse.jetty.util.thread.strategy.ExecuteProduceConsume.run(ExecuteProduceConsume.java:136)
om_1        | 2019-11-17 05:15:07,391 INFO volume.OMVolumeCreateRequest: created volume:vol-0-61431 for user:hadoop
datanode_3  | 2019-11-17 05:14:40,597 INFO commandhandler.CreatePipelineCommandHandler: Create Pipeline RATIS ONE #id: "c0d5972a-b173-4825-9e21-a4f716b67845"
datanode_1  |  command succeed on datanode 86ba53e8-7715-4807-b378-91932de3c616.
s3g_1       | 	at org.eclipse.jetty.util.thread.QueuedThreadPool.runJob(QueuedThreadPool.java:671)
datanode_2  | 2019-11-17 05:14:40,490 WARN impl.MetricRegistriesImpl: First MetricRegistry has been created without registering reporters. You may need to call MetricRegistries.global().addReportRegistration(...) before.
datanode_3  |  command succeed on datanode 6cab823d-4704-465b-8374-5193d4e63741.
om_1        | 2019-11-17 05:15:07,439 INFO volume.OMVolumeCreateRequest: created volume:vol-1-06028 for user:hadoop
scm_1       | 2019-11-17 05:14:37,298 INFO node.SCMNodeManager: Registered Data node : 6cab823d-4704-465b-8374-5193d4e63741{ip: 172.19.0.5, host: ozones3_datanode_3.ozones3_default, networkLocation: /default-rack, certSerialId: null}
datanode_1  | 2019-11-17 05:14:40,603 INFO impl.RaftServerProxy: 86ba53e8-7715-4807-b378-91932de3c616: addNew group-A223E7DB5E66:[6cab823d-4704-465b-8374-5193d4e63741:172.19.0.5:9858, 86ba53e8-7715-4807-b378-91932de3c616:172.19.0.7:9858, 3d759f73-5755-494e-9516-f159eb7ee311:172.19.0.4:9858] returns group-A223E7DB5E66:java.util.concurrent.CompletableFuture@3926649d[Not completed]
s3g_1       | 	at org.eclipse.jetty.util.thread.QueuedThreadPool$2.run(QueuedThreadPool.java:589)
datanode_2  | 2019-11-17 05:14:40,492 INFO impl.RaftServerImpl: 3d759f73-5755-494e-9516-f159eb7ee311@group-11707C5FD112: start as a follower, conf=-1: [3d759f73-5755-494e-9516-f159eb7ee311:172.19.0.4:9858], old=null
datanode_3  | 2019-11-17 05:14:40,600 INFO impl.RaftServerProxy: 6cab823d-4704-465b-8374-5193d4e63741: addNew group-A223E7DB5E66:[6cab823d-4704-465b-8374-5193d4e63741:172.19.0.5:9858, 86ba53e8-7715-4807-b378-91932de3c616:172.19.0.7:9858, 3d759f73-5755-494e-9516-f159eb7ee311:172.19.0.4:9858] returns group-A223E7DB5E66:java.util.concurrent.CompletableFuture@1cf40bb0[Not completed]
om_1        | 2019-11-17 05:15:07,458 INFO volume.OMVolumeCreateRequest: created volume:vol-2-57587 for user:hadoop
scm_1       | 2019-11-17 05:14:37,299 INFO safemode.SCMSafeModeManager: ContainerSafeModeRule rule is successfully validated
datanode_1  | 2019-11-17 05:14:40,605 INFO impl.RaftServerImpl: 86ba53e8-7715-4807-b378-91932de3c616: new RaftServerImpl for group-A223E7DB5E66:[6cab823d-4704-465b-8374-5193d4e63741:172.19.0.5:9858, 86ba53e8-7715-4807-b378-91932de3c616:172.19.0.7:9858, 3d759f73-5755-494e-9516-f159eb7ee311:172.19.0.4:9858] with ContainerStateMachine:uninitialized
s3g_1       | 	at java.base/java.lang.Thread.run(Thread.java:834)
datanode_2  | 2019-11-17 05:14:40,493 INFO impl.RaftServerImpl: 3d759f73-5755-494e-9516-f159eb7ee311@group-11707C5FD112: changes role from      null to FOLLOWER at term 0 for startAsFollower
datanode_3  | 2019-11-17 05:14:40,602 INFO impl.RaftServerImpl: 6cab823d-4704-465b-8374-5193d4e63741: new RaftServerImpl for group-A223E7DB5E66:[6cab823d-4704-465b-8374-5193d4e63741:172.19.0.5:9858, 86ba53e8-7715-4807-b378-91932de3c616:172.19.0.7:9858, 3d759f73-5755-494e-9516-f159eb7ee311:172.19.0.4:9858] with ContainerStateMachine:uninitialized
om_1        | 2019-11-17 05:15:07,476 INFO volume.OMVolumeCreateRequest: created volume:vol-3-30137 for user:hadoop
scm_1       | 2019-11-17 05:14:37,299 INFO safemode.SCMSafeModeManager: DataNodeSafeModeRule rule is successfully validated
datanode_1  | 2019-11-17 05:14:40,605 INFO server.RaftServerConfigKeys: raft.server.rpc.timeout.min = 5s (custom)
datanode_2  | 2019-11-17 05:14:40,494 INFO impl.RoleInfo: 3d759f73-5755-494e-9516-f159eb7ee311: start FollowerState
datanode_3  | 2019-11-17 05:14:40,603 INFO server.RaftServerConfigKeys: raft.server.rpc.timeout.min = 5s (custom)
s3g_1       | 2019-11-17 05:16:30,223 INFO endpoint.BucketEndpoint: Location is /bucket-66828
om_1        | 2019-11-17 05:15:07,494 INFO volume.OMVolumeCreateRequest: created volume:vol-4-88817 for user:hadoop
scm_1       | 2019-11-17 05:14:37,300 INFO pipeline.PipelineStateManager: Created pipeline Pipeline[ Id: 9fd1728f-3c32-4dc4-b447-11707c5fd112, Nodes: 3d759f73-5755-494e-9516-f159eb7ee311{ip: 172.19.0.4, host: ozones3_datanode_2.ozones3_default, networkLocation: /default-rack, certSerialId: null}, Type:RATIS, Factor:ONE, State:ALLOCATED]
datanode_1  | 2019-11-17 05:14:40,605 INFO server.RaftServerConfigKeys: raft.server.rpc.timeout.max = 5200ms (custom)
datanode_2  | 2019-11-17 05:14:40,498 INFO util.JmxRegister: Successfully registered JMX Bean with object name Ratis:service=RaftServer,group=group-11707C5FD112,id=3d759f73-5755-494e-9516-f159eb7ee311
datanode_3  | 2019-11-17 05:14:40,603 INFO server.RaftServerConfigKeys: raft.server.rpc.timeout.max = 5200ms (custom)
s3g_1       | 2019-11-17 05:16:34,528 INFO endpoint.BucketEndpoint: Location is /bucket-71215
scm_1       | 2019-11-17 05:14:37,302 INFO pipeline.RatisPipelineProvider: Send pipeline:PipelineID=c0d5972a-b173-4825-9e21-a4f716b67845 create command to datanode 6cab823d-4704-465b-8374-5193d4e63741
datanode_1  | 2019-11-17 05:14:40,605 INFO server.RaftServerConfigKeys: raft.server.rpcslowness.timeout = 120s (custom)
datanode_2  | 2019-11-17 05:14:40,500 WARN impl.MetricRegistriesImpl: First MetricRegistry has been created without registering reporters. You may need to call MetricRegistries.global().addReportRegistration(...) before.
om_1        | 2019-11-17 05:16:21,587 ERROR proto.OzoneManagerProtocolProtos$S3CreateBucketRequest: S3Bucket Creation Failed for userName: 7c35ba70126b04fca007e4dbfab9c47c, s3BucketName bucket-40035, VolumeName s37c35ba70126b04fca007e4dbfab9c47c
datanode_3  | 2019-11-17 05:14:40,603 INFO server.RaftServerConfigKeys: raft.server.rpcslowness.timeout = 120s (custom)
s3g_1       | 2019-11-17 05:16:36,714 INFO io.BlockOutputStreamEntryPool: Allocating block with ExcludeList {datanodes = [], containerIds = [], pipelineIds = []}
scm_1       | 2019-11-17 05:14:37,303 INFO pipeline.PipelineStateManager: Created pipeline Pipeline[ Id: c0d5972a-b173-4825-9e21-a4f716b67845, Nodes: 6cab823d-4704-465b-8374-5193d4e63741{ip: 172.19.0.5, host: ozones3_datanode_3.ozones3_default, networkLocation: /default-rack, certSerialId: null}, Type:RATIS, Factor:ONE, State:ALLOCATED]
datanode_1  | 2019-11-17 05:14:40,605 INFO server.RaftServerConfigKeys: raft.server.sleep.deviation.threshold = 300 (default)
datanode_2  | 2019-11-17 05:14:40,555 INFO commandhandler.CreatePipelineCommandHandler: Create Pipeline RATIS ONE #id: "9fd1728f-3c32-4dc4-b447-11707c5fd112"
om_1        | 2019-11-17 05:16:51,936 ERROR multipart.S3MultipartUploadCompleteRequest: MultipartUpload: /s37c35ba70126b04fca007e4dbfab9c47c/bucket-71215/multipartKey2Part number: 1size 6 is less than minimum part size 5242880
datanode_3  | 2019-11-17 05:14:40,603 INFO server.RaftServerConfigKeys: raft.server.sleep.deviation.threshold = 300 (default)
s3g_1       | 2019-11-17 05:16:37,989 INFO io.BlockOutputStreamEntryPool: Allocating block with ExcludeList {datanodes = [], containerIds = [], pipelineIds = []}
scm_1       | 2019-11-17 05:14:37,325 INFO net.NetworkTopology: Added a new node: /default-rack/86ba53e8-7715-4807-b378-91932de3c616
datanode_1  | 2019-11-17 05:14:40,605 INFO server.RaftServerConfigKeys: raft.server.log.appender.install.snapshot.enabled = false (custom)
datanode_2  |  command succeed on datanode 3d759f73-5755-494e-9516-f159eb7ee311.
om_1        | 2019-11-17 05:16:51,939 ERROR multipart.S3MultipartUploadCompleteRequest: MultipartUpload Complete request failed for Key: multipartKey2 in Volume/Bucket s37c35ba70126b04fca007e4dbfab9c47c/bucket-71215
datanode_3  | 2019-11-17 05:14:40,603 INFO server.RaftServerConfigKeys: raft.server.log.appender.install.snapshot.enabled = false (custom)
s3g_1       | 2019-11-17 05:16:42,749 INFO io.BlockOutputStreamEntryPool: Allocating block with ExcludeList {datanodes = [], containerIds = [], pipelineIds = []}
scm_1       | 2019-11-17 05:14:37,325 INFO node.SCMNodeManager: Registered Data node : 86ba53e8-7715-4807-b378-91932de3c616{ip: 172.19.0.7, host: ozones3_datanode_1.ozones3_default, networkLocation: /default-rack, certSerialId: null}
datanode_1  | 2019-11-17 05:14:40,606 INFO impl.RaftServerImpl: 86ba53e8-7715-4807-b378-91932de3c616@group-A223E7DB5E66: ConfigurationManager, init=-1: [6cab823d-4704-465b-8374-5193d4e63741:172.19.0.5:9858, 86ba53e8-7715-4807-b378-91932de3c616:172.19.0.7:9858, 3d759f73-5755-494e-9516-f159eb7ee311:172.19.0.4:9858], old=null, confs=<EMPTY_MAP>
datanode_2  | 2019-11-17 05:14:40,558 INFO impl.RaftServerProxy: 3d759f73-5755-494e-9516-f159eb7ee311: addNew group-A223E7DB5E66:[6cab823d-4704-465b-8374-5193d4e63741:172.19.0.5:9858, 86ba53e8-7715-4807-b378-91932de3c616:172.19.0.7:9858, 3d759f73-5755-494e-9516-f159eb7ee311:172.19.0.4:9858] returns group-A223E7DB5E66:java.util.concurrent.CompletableFuture@2c9bd730[Not completed]
om_1        | ENTITY_TOO_SMALL org.apache.hadoop.ozone.om.exceptions.OMException: Complete Multipart Upload Failed: Entity too small: volume: s37c35ba70126b04fca007e4dbfab9c47cbucket: bucket-71215key: multipartKey2
datanode_3  | 2019-11-17 05:14:40,603 INFO impl.RaftServerImpl: 6cab823d-4704-465b-8374-5193d4e63741@group-A223E7DB5E66: ConfigurationManager, init=-1: [6cab823d-4704-465b-8374-5193d4e63741:172.19.0.5:9858, 86ba53e8-7715-4807-b378-91932de3c616:172.19.0.7:9858, 3d759f73-5755-494e-9516-f159eb7ee311:172.19.0.4:9858], old=null, confs=<EMPTY_MAP>
s3g_1       | 2019-11-17 05:16:43,789 INFO io.BlockOutputStreamEntryPool: Allocating block with ExcludeList {datanodes = [], containerIds = [], pipelineIds = []}
scm_1       | 2019-11-17 05:14:37,325 INFO safemode.SCMSafeModeManager: ContainerSafeModeRule rule is successfully validated
datanode_1  | 2019-11-17 05:14:40,606 INFO server.RaftServerConfigKeys: raft.server.storage.dir = [/data/metadata/ratis] (custom)
datanode_2  | 2019-11-17 05:14:40,561 INFO impl.RaftServerImpl: 3d759f73-5755-494e-9516-f159eb7ee311: new RaftServerImpl for group-A223E7DB5E66:[6cab823d-4704-465b-8374-5193d4e63741:172.19.0.5:9858, 86ba53e8-7715-4807-b378-91932de3c616:172.19.0.7:9858, 3d759f73-5755-494e-9516-f159eb7ee311:172.19.0.4:9858] with ContainerStateMachine:uninitialized
om_1        | 	at org.apache.hadoop.ozone.om.request.s3.multipart.S3MultipartUploadCompleteRequest.validateAndUpdateCache(S3MultipartUploadCompleteRequest.java:207)
datanode_3  | 2019-11-17 05:14:40,603 INFO server.RaftServerConfigKeys: raft.server.storage.dir = [/data/metadata/ratis] (custom)
s3g_1       | 2019-11-17 05:16:50,204 INFO io.BlockOutputStreamEntryPool: Allocating block with ExcludeList {datanodes = [], containerIds = [], pipelineIds = []}
scm_1       | 2019-11-17 05:14:37,325 INFO safemode.SCMSafeModeManager: DataNodeSafeModeRule rule is successfully validated
datanode_1  | 2019-11-17 05:14:40,606 INFO server.RaftServerConfigKeys: raft.server.log.corruption.policy = EXCEPTION (default)
datanode_2  | 2019-11-17 05:14:40,561 INFO server.RaftServerConfigKeys: raft.server.rpc.timeout.min = 5s (custom)
om_1        | 	at org.apache.hadoop.ozone.protocolPB.OzoneManagerProtocolServerSideTranslatorPB.submitRequestDirectlyToOM(OzoneManagerProtocolServerSideTranslatorPB.java:217)
datanode_3  | 2019-11-17 05:14:40,604 INFO server.RaftServerConfigKeys: raft.server.log.corruption.policy = EXCEPTION (default)
s3g_1       | 2019-11-17 05:16:51,104 INFO io.BlockOutputStreamEntryPool: Allocating block with ExcludeList {datanodes = [], containerIds = [], pipelineIds = []}
scm_1       | 2019-11-17 05:14:37,326 INFO pipeline.RatisPipelineProvider: Send pipeline:PipelineID=b3582080-d6d7-4573-ab16-1d6c4d224ccc create command to datanode 86ba53e8-7715-4807-b378-91932de3c616
datanode_1  | 2019-11-17 05:14:40,606 INFO storage.RaftStorageDirectory: The storage directory /data/metadata/ratis/6d9bad6b-6190-400e-8c07-a223e7db5e66 does not exist. Creating ...
datanode_2  | 2019-11-17 05:14:40,561 INFO server.RaftServerConfigKeys: raft.server.rpc.timeout.max = 5200ms (custom)
om_1        | 	at org.apache.hadoop.ozone.protocolPB.OzoneManagerProtocolServerSideTranslatorPB.processRequest(OzoneManagerProtocolServerSideTranslatorPB.java:132)
datanode_3  | 2019-11-17 05:14:40,604 INFO storage.RaftStorageDirectory: The storage directory /data/metadata/ratis/6d9bad6b-6190-400e-8c07-a223e7db5e66 does not exist. Creating ...
s3g_1       | 2019-11-17 05:16:51,949 ERROR endpoint.ObjectEndpoint: Error in Complete Multipart Upload Request for bucket: bucket-71215, key: multipartKey2
scm_1       | 2019-11-17 05:14:37,327 INFO pipeline.PipelineStateManager: Created pipeline Pipeline[ Id: b3582080-d6d7-4573-ab16-1d6c4d224ccc, Nodes: 86ba53e8-7715-4807-b378-91932de3c616{ip: 172.19.0.7, host: ozones3_datanode_1.ozones3_default, networkLocation: /default-rack, certSerialId: null}, Type:RATIS, Factor:ONE, State:ALLOCATED]
datanode_1  | 2019-11-17 05:14:40,630 INFO storage.RaftStorageDirectory: Lock on /data/metadata/ratis/6d9bad6b-6190-400e-8c07-a223e7db5e66/in_use.lock acquired by nodename 7@ed972e81be25
datanode_2  | 2019-11-17 05:14:40,561 INFO server.RaftServerConfigKeys: raft.server.rpcslowness.timeout = 120s (custom)
om_1        | 	at org.apache.hadoop.hdds.server.OzoneProtocolMessageDispatcher.processRequest(OzoneProtocolMessageDispatcher.java:72)
datanode_3  | 2019-11-17 05:14:40,607 INFO storage.RaftStorageDirectory: Lock on /data/metadata/ratis/6d9bad6b-6190-400e-8c07-a223e7db5e66/in_use.lock acquired by nodename 7@05aa45b3d03a
s3g_1       | ENTITY_TOO_SMALL org.apache.hadoop.ozone.om.exceptions.OMException: Complete Multipart Upload Failed: Entity too small: volume: s37c35ba70126b04fca007e4dbfab9c47cbucket: bucket-71215key: multipartKey2
datanode_1  | 2019-11-17 05:14:40,640 INFO storage.RaftStorage: Storage directory /data/metadata/ratis/6d9bad6b-6190-400e-8c07-a223e7db5e66 has been successfully formatted.
om_1        | 	at org.apache.hadoop.ozone.protocolPB.OzoneManagerProtocolServerSideTranslatorPB.submitRequest(OzoneManagerProtocolServerSideTranslatorPB.java:100)
datanode_2  | 2019-11-17 05:14:40,561 INFO server.RaftServerConfigKeys: raft.server.sleep.deviation.threshold = 300 (default)
scm_1       | 2019-11-17 05:14:37,328 INFO pipeline.RatisPipelineProvider: Send pipeline:PipelineID=6d9bad6b-6190-400e-8c07-a223e7db5e66 create command to datanode 6cab823d-4704-465b-8374-5193d4e63741
datanode_3  | 2019-11-17 05:14:40,630 INFO storage.RaftStorage: Storage directory /data/metadata/ratis/6d9bad6b-6190-400e-8c07-a223e7db5e66 has been successfully formatted.
s3g_1       | 	at org.apache.hadoop.ozone.om.protocolPB.OzoneManagerProtocolClientSideTranslatorPB.handleError(OzoneManagerProtocolClientSideTranslatorPB.java:761)
datanode_1  | 2019-11-17 05:14:40,640 INFO ratis.ContainerStateMachine: group-A223E7DB5E66: The snapshot info is null. Setting the last applied indexto:(t:0, i:~)
om_1        | 	at org.apache.hadoop.ozone.protocol.proto.OzoneManagerProtocolProtos$OzoneManagerService$2.callBlockingMethod(OzoneManagerProtocolProtos.java)
datanode_2  | 2019-11-17 05:14:40,561 INFO server.RaftServerConfigKeys: raft.server.log.appender.install.snapshot.enabled = false (custom)
scm_1       | 2019-11-17 05:14:37,328 INFO pipeline.RatisPipelineProvider: Send pipeline:PipelineID=6d9bad6b-6190-400e-8c07-a223e7db5e66 create command to datanode 3d759f73-5755-494e-9516-f159eb7ee311
datanode_3  | 2019-11-17 05:14:40,631 INFO ratis.ContainerStateMachine: group-A223E7DB5E66: The snapshot info is null. Setting the last applied indexto:(t:0, i:~)
s3g_1       | 	at org.apache.hadoop.ozone.om.protocolPB.OzoneManagerProtocolClientSideTranslatorPB.completeMultipartUpload(OzoneManagerProtocolClientSideTranslatorPB.java:1133)
datanode_1  | 2019-11-17 05:14:40,641 INFO server.RaftServerConfigKeys: raft.server.notification.no-leader.timeout = 120s (custom)
om_1        | 	at org.apache.hadoop.ipc.ProtobufRpcEngine$Server$ProtoBufRpcInvoker.call(ProtobufRpcEngine.java:524)
datanode_2  | 2019-11-17 05:14:40,561 INFO impl.RaftServerImpl: 3d759f73-5755-494e-9516-f159eb7ee311@group-A223E7DB5E66: ConfigurationManager, init=-1: [6cab823d-4704-465b-8374-5193d4e63741:172.19.0.5:9858, 86ba53e8-7715-4807-b378-91932de3c616:172.19.0.7:9858, 3d759f73-5755-494e-9516-f159eb7ee311:172.19.0.4:9858], old=null, confs=<EMPTY_MAP>
scm_1       | 2019-11-17 05:14:37,328 INFO pipeline.RatisPipelineProvider: Send pipeline:PipelineID=6d9bad6b-6190-400e-8c07-a223e7db5e66 create command to datanode 86ba53e8-7715-4807-b378-91932de3c616
datanode_3  | 2019-11-17 05:14:40,631 INFO server.RaftServerConfigKeys: raft.server.notification.no-leader.timeout = 120s (custom)
s3g_1       | 	at java.base/jdk.internal.reflect.NativeMethodAccessorImpl.invoke0(Native Method)
datanode_1  | 2019-11-17 05:14:40,641 INFO server.RaftServerConfigKeys: raft.server.log.use.memory = false (default)
om_1        | 	at org.apache.hadoop.ipc.RPC$Server.call(RPC.java:1025)
datanode_2  | 2019-11-17 05:14:40,562 INFO server.RaftServerConfigKeys: raft.server.storage.dir = [/data/metadata/ratis] (custom)
scm_1       | 2019-11-17 05:14:37,328 INFO pipeline.PipelineStateManager: Created pipeline Pipeline[ Id: 6d9bad6b-6190-400e-8c07-a223e7db5e66, Nodes: 6cab823d-4704-465b-8374-5193d4e63741{ip: 172.19.0.5, host: ozones3_datanode_3.ozones3_default, networkLocation: /default-rack, certSerialId: null}3d759f73-5755-494e-9516-f159eb7ee311{ip: 172.19.0.4, host: ozones3_datanode_2.ozones3_default, networkLocation: /default-rack, certSerialId: null}86ba53e8-7715-4807-b378-91932de3c616{ip: 172.19.0.7, host: ozones3_datanode_1.ozones3_default, networkLocation: /default-rack, certSerialId: null}, Type:RATIS, Factor:THREE, State:ALLOCATED]
s3g_1       | 	at java.base/jdk.internal.reflect.NativeMethodAccessorImpl.invoke(NativeMethodAccessorImpl.java:62)
datanode_3  | 2019-11-17 05:14:40,631 INFO server.RaftServerConfigKeys: raft.server.log.use.memory = false (default)
datanode_1  | 2019-11-17 05:14:40,641 INFO server.RaftServerConfigKeys: raft.server.log.purge.gap = 1000000 (custom)
om_1        | 	at org.apache.hadoop.ipc.Server$RpcCall.run(Server.java:876)
datanode_2  | 2019-11-17 05:14:40,562 INFO server.RaftServerConfigKeys: raft.server.log.corruption.policy = EXCEPTION (default)
scm_1       | 2019-11-17 05:14:40,583 INFO pipeline.PipelineReportHandler: Pipeline ONE PipelineID=9fd1728f-3c32-4dc4-b447-11707c5fd112 reported by 3d759f73-5755-494e-9516-f159eb7ee311{ip: 172.19.0.4, host: ozones3_datanode_2.ozones3_default, networkLocation: /default-rack, certSerialId: null}
s3g_1       | 	at java.base/jdk.internal.reflect.DelegatingMethodAccessorImpl.invoke(DelegatingMethodAccessorImpl.java:43)
datanode_1  | 2019-11-17 05:14:40,641 INFO server.RaftServerConfigKeys: raft.server.log.appender.buffer.byte-limit = 33554432 (custom)
om_1        | 	at org.apache.hadoop.ipc.Server$RpcCall.run(Server.java:822)
datanode_3  | 2019-11-17 05:14:40,631 INFO server.RaftServerConfigKeys: raft.server.log.purge.gap = 1000000 (custom)
scm_1       | 2019-11-17 05:14:40,584 INFO pipeline.PipelineStateManager: Pipeline Pipeline[ Id: 9fd1728f-3c32-4dc4-b447-11707c5fd112, Nodes: 3d759f73-5755-494e-9516-f159eb7ee311{ip: 172.19.0.4, host: ozones3_datanode_2.ozones3_default, networkLocation: /default-rack, certSerialId: null}, Type:RATIS, Factor:ONE, State:ALLOCATED] moved to OPEN state
s3g_1       | 	at java.base/java.lang.reflect.Method.invoke(Method.java:566)
datanode_1  | 2019-11-17 05:14:40,641 INFO server.RaftServerConfigKeys: raft.server.log.segment.size.max = 1048576 (custom)
om_1        | 	at java.base/java.security.AccessController.doPrivileged(Native Method)
datanode_3  | 2019-11-17 05:14:40,631 INFO server.RaftServerConfigKeys: raft.server.log.appender.buffer.byte-limit = 33554432 (custom)
scm_1       | 2019-11-17 05:14:40,586 INFO safemode.SCMSafeModeManager: SCM in safe mode. Healthy pipelines reported count is 0, required healthy pipeline reported count is 1
datanode_2  | 2019-11-17 05:14:40,562 INFO storage.RaftStorageDirectory: The storage directory /data/metadata/ratis/6d9bad6b-6190-400e-8c07-a223e7db5e66 does not exist. Creating ...
s3g_1       | 	at org.apache.hadoop.hdds.tracing.TraceAllMethod.invoke(TraceAllMethod.java:66)
datanode_1  | 2019-11-17 05:14:40,641 INFO server.RaftServerConfigKeys: raft.server.log.segment.cache.num.max = 2 (custom)
om_1        | 	at java.base/javax.security.auth.Subject.doAs(Subject.java:423)
datanode_3  | 2019-11-17 05:14:40,631 INFO server.RaftServerConfigKeys: raft.server.log.segment.size.max = 1048576 (custom)
scm_1       | 2019-11-17 05:14:40,586 INFO safemode.SCMSafeModeManager: AtleastOneDatanodeReportedRule rule is successfully validated
datanode_2  | 2019-11-17 05:14:40,571 INFO storage.RaftStorageDirectory: Lock on /data/metadata/ratis/6d9bad6b-6190-400e-8c07-a223e7db5e66/in_use.lock acquired by nodename 7@61a33d9678e9
s3g_1       | 	at com.sun.proxy.$Proxy84.completeMultipartUpload(Unknown Source)
datanode_1  | 2019-11-17 05:14:40,641 INFO segmented.SegmentedRaftLogWorker: new 86ba53e8-7715-4807-b378-91932de3c616@group-A223E7DB5E66-SegmentedRaftLogWorker for RaftStorage:Storage Directory /data/metadata/ratis/6d9bad6b-6190-400e-8c07-a223e7db5e66
om_1        | 	at org.apache.hadoop.security.UserGroupInformation.doAs(UserGroupInformation.java:1730)
datanode_3  | 2019-11-17 05:14:40,631 INFO server.RaftServerConfigKeys: raft.server.log.segment.cache.num.max = 2 (custom)
scm_1       | 2019-11-17 05:14:40,588 INFO pipeline.PipelineReportHandler: Pipeline THREE PipelineID=6d9bad6b-6190-400e-8c07-a223e7db5e66 reported by 3d759f73-5755-494e-9516-f159eb7ee311{ip: 172.19.0.4, host: ozones3_datanode_2.ozones3_default, networkLocation: /default-rack, certSerialId: null}
datanode_2  | 2019-11-17 05:14:40,575 INFO storage.RaftStorage: Storage directory /data/metadata/ratis/6d9bad6b-6190-400e-8c07-a223e7db5e66 has been successfully formatted.
s3g_1       | 	at org.apache.hadoop.ozone.client.rpc.RpcClient.completeMultipartUpload(RpcClient.java:913)
om_1        | 	at org.apache.hadoop.ipc.Server$Handler.run(Server.java:2682)
datanode_3  | 2019-11-17 05:14:40,631 INFO segmented.SegmentedRaftLogWorker: new 6cab823d-4704-465b-8374-5193d4e63741@group-A223E7DB5E66-SegmentedRaftLogWorker for RaftStorage:Storage Directory /data/metadata/ratis/6d9bad6b-6190-400e-8c07-a223e7db5e66
scm_1       | 2019-11-17 05:14:40,623 INFO pipeline.PipelineReportHandler: Pipeline ONE PipelineID=c0d5972a-b173-4825-9e21-a4f716b67845 reported by 6cab823d-4704-465b-8374-5193d4e63741{ip: 172.19.0.5, host: ozones3_datanode_3.ozones3_default, networkLocation: /default-rack, certSerialId: null}
datanode_1  | 2019-11-17 05:14:40,641 INFO server.RaftServerConfigKeys: raft.server.log.queue.byte-limit = 2147483647 (custom)
datanode_2  | 2019-11-17 05:14:40,575 INFO ratis.ContainerStateMachine: group-A223E7DB5E66: The snapshot info is null. Setting the last applied indexto:(t:0, i:~)
s3g_1       | 	at org.apache.hadoop.ozone.client.OzoneBucket.completeMultipartUpload(OzoneBucket.java:445)
om_1        | 2019-11-17 05:16:56,535 ERROR multipart.S3MultipartUploadCompleteRequest: Complete MultipartUpload failed for key /s37c35ba70126b04fca007e4dbfab9c47c/bucket-71215/multipartKey3 , MPU Key has no parts in OM, parts given to upload are [partNumber: 1
datanode_3  | 2019-11-17 05:14:40,632 INFO server.RaftServerConfigKeys: raft.server.log.queue.byte-limit = 2147483647 (custom)
scm_1       | 2019-11-17 05:14:40,623 INFO pipeline.PipelineStateManager: Pipeline Pipeline[ Id: c0d5972a-b173-4825-9e21-a4f716b67845, Nodes: 6cab823d-4704-465b-8374-5193d4e63741{ip: 172.19.0.5, host: ozones3_datanode_3.ozones3_default, networkLocation: /default-rack, certSerialId: null}, Type:RATIS, Factor:ONE, State:ALLOCATED] moved to OPEN state
datanode_1  | 2019-11-17 05:14:40,642 INFO server.RaftServerConfigKeys: raft.server.log.queue.element-limit = 1024 (custom)
datanode_2  | 2019-11-17 05:14:40,575 INFO server.RaftServerConfigKeys: raft.server.notification.no-leader.timeout = 120s (custom)
s3g_1       | 	at org.apache.hadoop.ozone.s3.endpoint.ObjectEndpoint.completeMultipartUpload(ObjectEndpoint.java:500)
om_1        | partName: "etag1"
scm_1       | 2019-11-17 05:14:40,623 INFO safemode.SCMSafeModeManager: SCM in safe mode. Healthy pipelines reported count is 0, required healthy pipeline reported count is 1
datanode_3  | 2019-11-17 05:14:40,632 INFO server.RaftServerConfigKeys: raft.server.log.queue.element-limit = 1024 (custom)
datanode_1  | 2019-11-17 05:14:40,642 INFO server.RaftServerConfigKeys: raft.server.log.segment.size.max = 1048576 (custom)
datanode_2  | 2019-11-17 05:14:40,575 INFO server.RaftServerConfigKeys: raft.server.log.use.memory = false (default)
s3g_1       | 	at java.base/jdk.internal.reflect.NativeMethodAccessorImpl.invoke0(Native Method)
om_1        | , partNumber: 2
scm_1       | 2019-11-17 05:14:40,623 INFO safemode.SCMSafeModeManager: AtleastOneDatanodeReportedRule rule is successfully validated
datanode_3  | 2019-11-17 05:14:40,632 INFO server.RaftServerConfigKeys: raft.server.log.segment.size.max = 1048576 (custom)
datanode_1  | 2019-11-17 05:14:40,642 INFO server.RaftServerConfigKeys: raft.server.log.preallocated.size = 16384 (custom)
datanode_2  | 2019-11-17 05:14:40,576 INFO server.RaftServerConfigKeys: raft.server.log.purge.gap = 1000000 (custom)
s3g_1       | 	at java.base/jdk.internal.reflect.NativeMethodAccessorImpl.invoke(NativeMethodAccessorImpl.java:62)
om_1        | partName: "etag2"
scm_1       | 2019-11-17 05:14:40,626 INFO pipeline.PipelineReportHandler: Pipeline ONE PipelineID=b3582080-d6d7-4573-ab16-1d6c4d224ccc reported by 86ba53e8-7715-4807-b378-91932de3c616{ip: 172.19.0.7, host: ozones3_datanode_1.ozones3_default, networkLocation: /default-rack, certSerialId: null}
datanode_3  | 2019-11-17 05:14:40,632 INFO server.RaftServerConfigKeys: raft.server.log.preallocated.size = 16384 (custom)
s3g_1       | 	at java.base/jdk.internal.reflect.DelegatingMethodAccessorImpl.invoke(DelegatingMethodAccessorImpl.java:43)
datanode_2  | 2019-11-17 05:14:40,576 INFO server.RaftServerConfigKeys: raft.server.log.appender.buffer.byte-limit = 33554432 (custom)
datanode_1  | 2019-11-17 05:14:40,642 INFO server.RaftServerConfigKeys: raft.server.log.write.buffer.size = 33554432 (custom)
om_1        | ]
scm_1       | 2019-11-17 05:14:40,626 INFO pipeline.PipelineStateManager: Pipeline Pipeline[ Id: b3582080-d6d7-4573-ab16-1d6c4d224ccc, Nodes: 86ba53e8-7715-4807-b378-91932de3c616{ip: 172.19.0.7, host: ozones3_datanode_1.ozones3_default, networkLocation: /default-rack, certSerialId: null}, Type:RATIS, Factor:ONE, State:ALLOCATED] moved to OPEN state
datanode_3  | 2019-11-17 05:14:40,632 INFO server.RaftServerConfigKeys: raft.server.log.write.buffer.size = 33554432 (custom)
datanode_2  | 2019-11-17 05:14:40,576 INFO server.RaftServerConfigKeys: raft.server.log.segment.size.max = 1048576 (custom)
datanode_1  | 2019-11-17 05:14:40,642 INFO server.RaftServerConfigKeys: raft.server.log.force.sync.num = 128 (default)
s3g_1       | 	at java.base/java.lang.reflect.Method.invoke(Method.java:566)
