scm_1         | 2019-11-15 20:31:59,485 INFO http.HttpServer2: Added filter static_user_filter (class=org.apache.hadoop.http.lib.StaticUserWebFilter$StaticUserFilter) to context logs
grafana_1     | t=2019-11-15T20:31:53+0000 lvl=info msg="Executing migration" logger=migrator id="add index dashboard.account_id"
datanode_2    | WARNING: All illegal access operations will be denied in a future release
datanode_1    | WARNING: Illegal reflective access by org.apache.ratis.thirdparty.com.google.protobuf.UnsafeUtil (file:/opt/hadoop/share/ozone/lib/ratis-thirdparty-misc-0.2.0.jar) to field java.nio.Buffer.address
om_1          | 2019-11-15 20:32:02,976 INFO db.DBStoreBuilder: Using default column profile:DBProfile.DISK for Table:s3Table
datanode_3    | WARNING: An illegal reflective access operation has occurred
scm_1         | 2019-11-15 20:31:59,502 WARN server.BaseHttpServer: /prof java profiling servlet is activated. Not safe for production!
grafana_1     | t=2019-11-15T20:31:53+0000 lvl=info msg="Executing migration" logger=migrator id="add unique index dashboard_account_id_slug"
datanode_2    | 2019-11-15 20:32:03,334 INFO impl.RaftServerProxy: e8a97575-a880-4077-9572-e334ee70edf7: addNew group-3EE9370AA316:[e8a97575-a880-4077-9572-e334ee70edf7:172.19.0.9:9858] returns group-3EE9370AA316:java.util.concurrent.CompletableFuture@438bb701[Not completed]
datanode_1    | WARNING: Please consider reporting this to the maintainers of org.apache.ratis.thirdparty.com.google.protobuf.UnsafeUtil
om_1          | 2019-11-15 20:32:02,976 INFO db.DBStoreBuilder: using custom profile for table: multipartInfoTable
datanode_3    | WARNING: Illegal reflective access by org.apache.ratis.thirdparty.com.google.protobuf.UnsafeUtil (file:/opt/hadoop/share/ozone/lib/ratis-thirdparty-misc-0.2.0.jar) to field java.nio.Buffer.address
scm_1         | 2019-11-15 20:31:59,509 INFO server.StorageContainerManager: StorageContainerLocationProtocol RPC server is listening at /0.0.0.0:9860
grafana_1     | t=2019-11-15T20:31:54+0000 lvl=info msg="Executing migration" logger=migrator id="create dashboard_tag table"
datanode_1    | WARNING: Use --illegal-access=warn to enable warnings of further illegal reflective access operations
om_1          | 2019-11-15 20:32:02,976 INFO db.DBStoreBuilder: Using default column profile:DBProfile.DISK for Table:multipartInfoTable
datanode_3    | WARNING: Please consider reporting this to the maintainers of org.apache.ratis.thirdparty.com.google.protobuf.UnsafeUtil
datanode_2    | 2019-11-15 20:32:03,366 INFO impl.RaftServerImpl: e8a97575-a880-4077-9572-e334ee70edf7: new RaftServerImpl for group-3EE9370AA316:[e8a97575-a880-4077-9572-e334ee70edf7:172.19.0.9:9858] with ContainerStateMachine:uninitialized
scm_1         | 2019-11-15 20:31:59,576 INFO impl.MetricsConfig: Loaded properties from hadoop-metrics2.properties
grafana_1     | t=2019-11-15T20:31:54+0000 lvl=info msg="Executing migration" logger=migrator id="add unique index dashboard_tag.dasboard_id_term"
datanode_1    | WARNING: All illegal access operations will be denied in a future release
om_1          | 2019-11-15 20:32:02,977 INFO db.DBStoreBuilder: using custom profile for table: dTokenTable
datanode_3    | WARNING: Use --illegal-access=warn to enable warnings of further illegal reflective access operations
datanode_2    | 2019-11-15 20:32:03,367 INFO server.RaftServerConfigKeys: raft.server.rpc.timeout.min = 5s (custom)
scm_1         | 2019-11-15 20:31:59,619 INFO impl.MetricsSystemImpl: Scheduled Metric snapshot period at 10 second(s).
grafana_1     | t=2019-11-15T20:31:54+0000 lvl=info msg="Executing migration" logger=migrator id="drop index UQE_dashboard_tag_dashboard_id_term - v1"
datanode_1    | 2019-11-15 20:32:02,848 INFO impl.RaftServerProxy: 39148bab-92dd-49be-9edc-20e10ecfef52: addNew group-EF36FE4CC7DD:[39148bab-92dd-49be-9edc-20e10ecfef52:172.19.0.6:9858] returns group-EF36FE4CC7DD:java.util.concurrent.CompletableFuture@74e7e664[Not completed]
om_1          | 2019-11-15 20:32:02,977 INFO db.DBStoreBuilder: Using default column profile:DBProfile.DISK for Table:dTokenTable
datanode_3    | WARNING: All illegal access operations will be denied in a future release
datanode_2    | 2019-11-15 20:32:03,368 INFO server.RaftServerConfigKeys: raft.server.rpc.timeout.max = 5200ms (custom)
scm_1         | 2019-11-15 20:31:59,619 INFO impl.MetricsSystemImpl: StorageContainerManager metrics system started
grafana_1     | t=2019-11-15T20:31:54+0000 lvl=info msg="Executing migration" logger=migrator id="Rename table dashboard to dashboard_v1 - v1"
datanode_1    | 2019-11-15 20:32:02,865 INFO impl.RaftServerImpl: 39148bab-92dd-49be-9edc-20e10ecfef52: new RaftServerImpl for group-EF36FE4CC7DD:[39148bab-92dd-49be-9edc-20e10ecfef52:172.19.0.6:9858] with ContainerStateMachine:uninitialized
om_1          | 2019-11-15 20:32:02,977 INFO db.DBStoreBuilder: using custom profile for table: s3SecretTable
datanode_3    | 2019-11-15 20:32:03,819 INFO impl.RaftServerProxy: ef01aef2-1010-432b-8440-25d1fee15524: addNew group-463A8F88CFBD:[ef01aef2-1010-432b-8440-25d1fee15524:172.19.0.2:9858] returns group-463A8F88CFBD:java.util.concurrent.CompletableFuture@6c1f29d8[Not completed]
datanode_2    | 2019-11-15 20:32:03,368 INFO server.RaftServerConfigKeys: raft.server.rpcslowness.timeout = 120s (custom)
scm_1         | 2019-11-15 20:31:59,826 INFO server.SCMClientProtocolServer: RPC server for Client  is listening at /0.0.0.0:9860
om_1          | 2019-11-15 20:32:02,977 INFO db.DBStoreBuilder: Using default column profile:DBProfile.DISK for Table:s3SecretTable
datanode_1    | 2019-11-15 20:32:02,866 INFO server.RaftServerConfigKeys: raft.server.rpc.timeout.min = 5s (custom)
grafana_1     | t=2019-11-15T20:31:54+0000 lvl=info msg="Executing migration" logger=migrator id="create dashboard v2"
datanode_3    | 2019-11-15 20:32:03,831 INFO impl.RaftServerImpl: ef01aef2-1010-432b-8440-25d1fee15524: new RaftServerImpl for group-463A8F88CFBD:[ef01aef2-1010-432b-8440-25d1fee15524:172.19.0.2:9858] with ContainerStateMachine:uninitialized
datanode_2    | 2019-11-15 20:32:03,369 INFO server.RaftServerConfigKeys: raft.server.sleep.deviation.threshold = 300 (default)
scm_1         | 2019-11-15 20:31:59,826 INFO ipc.Server: IPC Server Responder: starting
om_1          | 2019-11-15 20:32:02,977 INFO db.DBStoreBuilder: using custom profile for table: prefixTable
grafana_1     | t=2019-11-15T20:31:54+0000 lvl=info msg="Executing migration" logger=migrator id="create index IDX_dashboard_org_id - v2"
datanode_1    | 2019-11-15 20:32:02,867 INFO server.RaftServerConfigKeys: raft.server.rpc.timeout.max = 5200ms (custom)
datanode_3    | 2019-11-15 20:32:03,832 INFO server.RaftServerConfigKeys: raft.server.rpc.timeout.min = 5s (custom)
datanode_2    | 2019-11-15 20:32:03,371 INFO server.RaftServerConfigKeys: raft.server.log.appender.install.snapshot.enabled = false (custom)
scm_1         | 2019-11-15 20:31:59,827 INFO ipc.Server: IPC Server listener on 9860: starting
om_1          | 2019-11-15 20:32:02,977 INFO db.DBStoreBuilder: Using default column profile:DBProfile.DISK for Table:prefixTable
grafana_1     | t=2019-11-15T20:31:54+0000 lvl=info msg="Executing migration" logger=migrator id="create index UQE_dashboard_org_id_slug - v2"
datanode_1    | 2019-11-15 20:32:02,867 INFO server.RaftServerConfigKeys: raft.server.rpcslowness.timeout = 120s (custom)
datanode_3    | 2019-11-15 20:32:03,833 INFO server.RaftServerConfigKeys: raft.server.rpc.timeout.max = 5200ms (custom)
datanode_2    | 2019-11-15 20:32:03,379 INFO impl.RaftServerImpl: e8a97575-a880-4077-9572-e334ee70edf7@group-3EE9370AA316: ConfigurationManager, init=-1: [e8a97575-a880-4077-9572-e334ee70edf7:172.19.0.9:9858], old=null, confs=<EMPTY_MAP>
scm_1         | 2019-11-15 20:31:59,829 INFO server.StorageContainerManager: ScmBlockLocationProtocol RPC server is listening at /0.0.0.0:9863
om_1          | 2019-11-15 20:32:02,989 INFO db.DBStoreBuilder: using custom profile for table: default
grafana_1     | t=2019-11-15T20:31:54+0000 lvl=info msg="Executing migration" logger=migrator id="copy dashboard v1 to v2"
datanode_1    | 2019-11-15 20:32:02,867 INFO server.RaftServerConfigKeys: raft.server.sleep.deviation.threshold = 300 (default)
datanode_3    | 2019-11-15 20:32:03,833 INFO server.RaftServerConfigKeys: raft.server.rpcslowness.timeout = 120s (custom)
datanode_2    | 2019-11-15 20:32:03,379 INFO server.RaftServerConfigKeys: raft.server.storage.dir = [/data/metadata/ratis] (custom)
scm_1         | 2019-11-15 20:31:59,830 INFO server.SCMBlockProtocolServer: RPC server for Block Protocol is listening at /0.0.0.0:9863
om_1          | 2019-11-15 20:32:02,989 INFO db.DBStoreBuilder: Using default column profile:DBProfile.DISK for Table:default
grafana_1     | t=2019-11-15T20:31:54+0000 lvl=info msg="Executing migration" logger=migrator id="drop table dashboard_v1"
datanode_1    | 2019-11-15 20:32:02,868 INFO server.RaftServerConfigKeys: raft.server.log.appender.install.snapshot.enabled = false (custom)
datanode_3    | 2019-11-15 20:32:03,833 INFO server.RaftServerConfigKeys: raft.server.sleep.deviation.threshold = 300 (default)
datanode_2    | 2019-11-15 20:32:03,386 INFO server.RaftServerConfigKeys: raft.server.log.corruption.policy = EXCEPTION (default)
scm_1         | 2019-11-15 20:31:59,830 INFO ipc.Server: IPC Server Responder: starting
om_1          | 2019-11-15 20:32:02,991 INFO db.DBStoreBuilder: Using default options. DBProfile.DISK
grafana_1     | t=2019-11-15T20:31:54+0000 lvl=info msg="Executing migration" logger=migrator id="alter dashboard.data to mediumtext v1"
datanode_1    | 2019-11-15 20:32:02,873 INFO impl.RaftServerImpl: 39148bab-92dd-49be-9edc-20e10ecfef52@group-EF36FE4CC7DD: ConfigurationManager, init=-1: [39148bab-92dd-49be-9edc-20e10ecfef52:172.19.0.6:9858], old=null, confs=<EMPTY_MAP>
datanode_3    | 2019-11-15 20:32:03,834 INFO server.RaftServerConfigKeys: raft.server.log.appender.install.snapshot.enabled = false (custom)
datanode_2    | 2019-11-15 20:32:03,388 INFO storage.RaftStorageDirectory: The storage directory /data/metadata/ratis/4363b2f7-c0e7-417c-bd47-3ee9370aa316 does not exist. Creating ...
scm_1         | 2019-11-15 20:31:59,830 INFO ipc.Server: IPC Server listener on 9863: starting
om_1          | 2019-11-15 20:32:03,745 INFO ipc.CallQueueManager: Using callQueue: class java.util.concurrent.LinkedBlockingQueue, queueCapacity: 2000, scheduler: class org.apache.hadoop.ipc.DefaultRpcScheduler, ipcBackoff: false.
grafana_1     | t=2019-11-15T20:31:54+0000 lvl=info msg="Executing migration" logger=migrator id="Add column updated_by in dashboard - v2"
datanode_1    | 2019-11-15 20:32:02,874 INFO server.RaftServerConfigKeys: raft.server.storage.dir = [/data/metadata/ratis] (custom)
datanode_3    | 2019-11-15 20:32:03,839 INFO impl.RaftServerImpl: ef01aef2-1010-432b-8440-25d1fee15524@group-463A8F88CFBD: ConfigurationManager, init=-1: [ef01aef2-1010-432b-8440-25d1fee15524:172.19.0.2:9858], old=null, confs=<EMPTY_MAP>
datanode_2    | 2019-11-15 20:32:03,414 INFO storage.RaftStorageDirectory: Lock on /data/metadata/ratis/4363b2f7-c0e7-417c-bd47-3ee9370aa316/in_use.lock acquired by nodename 7@a161244469cc
om_1          | 2019-11-15 20:32:03,754 INFO ipc.Server: Starting Socket Reader #1 for port 9862
scm_1         | 2019-11-15 20:31:59,832 INFO server.StorageContainerManager: ScmDatanodeProtocl RPC server is listening at /0.0.0.0:9861
datanode_1    | 2019-11-15 20:32:02,878 INFO server.RaftServerConfigKeys: raft.server.log.corruption.policy = EXCEPTION (default)
datanode_3    | 2019-11-15 20:32:03,839 INFO server.RaftServerConfigKeys: raft.server.storage.dir = [/data/metadata/ratis] (custom)
datanode_2    | 2019-11-15 20:32:03,439 INFO storage.RaftStorage: Storage directory /data/metadata/ratis/4363b2f7-c0e7-417c-bd47-3ee9370aa316 has been successfully formatted.
om_1          | 2019-11-15 20:32:03,795 INFO om.OzoneManager: OzoneManager RPC server is listening at om/172.19.0.4:9862
grafana_1     | t=2019-11-15T20:31:54+0000 lvl=info msg="Executing migration" logger=migrator id="Add column created_by in dashboard - v2"
scm_1         | 2019-11-15 20:31:59,832 INFO server.SCMDatanodeProtocolServer: RPC server for DataNodes is listening at /0.0.0.0:9861
datanode_3    | 2019-11-15 20:32:03,843 INFO server.RaftServerConfigKeys: raft.server.log.corruption.policy = EXCEPTION (default)
datanode_1    | 2019-11-15 20:32:02,880 INFO storage.RaftStorageDirectory: The storage directory /data/metadata/ratis/037fee12-ed3d-4388-92ec-ef36fe4cc7dd does not exist. Creating ...
datanode_2    | 2019-11-15 20:32:03,444 INFO ratis.ContainerStateMachine: group-3EE9370AA316: The snapshot info is null. Setting the last applied indexto:(t:0, i:~)
om_1          | 2019-11-15 20:32:03,893 INFO impl.MetricsConfig: Loaded properties from hadoop-metrics2.properties
grafana_1     | t=2019-11-15T20:31:54+0000 lvl=info msg="Executing migration" logger=migrator id="Add column gnetId in dashboard"
scm_1         | 2019-11-15 20:31:59,833 INFO ipc.Server: IPC Server Responder: starting
datanode_3    | 2019-11-15 20:32:03,844 INFO storage.RaftStorageDirectory: The storage directory /data/metadata/ratis/af711771-5d83-4697-b43c-463a8f88cfbd does not exist. Creating ...
datanode_1    | 2019-11-15 20:32:02,911 INFO storage.RaftStorageDirectory: Lock on /data/metadata/ratis/037fee12-ed3d-4388-92ec-ef36fe4cc7dd/in_use.lock acquired by nodename 7@0fe486e99bb4
om_1          | 2019-11-15 20:32:03,942 INFO impl.MetricsSystemImpl: Scheduled Metric snapshot period at 10 second(s).
grafana_1     | t=2019-11-15T20:31:54+0000 lvl=info msg="Executing migration" logger=migrator id="Add index for gnetId in dashboard"
datanode_2    | 2019-11-15 20:32:03,444 INFO server.RaftServerConfigKeys: raft.server.notification.no-leader.timeout = 120s (custom)
datanode_1    | 2019-11-15 20:32:02,926 INFO storage.RaftStorage: Storage directory /data/metadata/ratis/037fee12-ed3d-4388-92ec-ef36fe4cc7dd has been successfully formatted.
scm_1         | 2019-11-15 20:31:59,833 INFO ipc.Server: IPC Server listener on 9861: starting
datanode_3    | 2019-11-15 20:32:03,871 INFO storage.RaftStorageDirectory: Lock on /data/metadata/ratis/af711771-5d83-4697-b43c-463a8f88cfbd/in_use.lock acquired by nodename 7@f1cbbe079a67
om_1          | 2019-11-15 20:32:03,942 INFO impl.MetricsSystemImpl: OzoneManager metrics system started
grafana_1     | t=2019-11-15T20:31:54+0000 lvl=info msg="Executing migration" logger=migrator id="Add column plugin_id in dashboard"
datanode_1    | 2019-11-15 20:32:02,930 INFO ratis.ContainerStateMachine: group-EF36FE4CC7DD: The snapshot info is null. Setting the last applied indexto:(t:0, i:~)
scm_1         | 2019-11-15 20:31:59,844 INFO http.HttpServer2: Jetty bound to port 9876
datanode_2    | 2019-11-15 20:32:03,446 INFO server.RaftServerConfigKeys: raft.server.log.use.memory = false (default)
datanode_3    | 2019-11-15 20:32:03,892 INFO storage.RaftStorage: Storage directory /data/metadata/ratis/af711771-5d83-4697-b43c-463a8f88cfbd has been successfully formatted.
om_1          | 2019-11-15 20:32:03,982 INFO ipc.Server: IPC Server listener on 9862: starting
grafana_1     | t=2019-11-15T20:31:54+0000 lvl=info msg="Executing migration" logger=migrator id="Add index for plugin_id in dashboard"
datanode_2    | 2019-11-15 20:32:03,451 INFO server.RaftServerConfigKeys: raft.server.log.purge.gap = 1000000 (custom)
scm_1         | 2019-11-15 20:31:59,853 INFO server.Server: jetty-9.3.25.v20180904, build timestamp: 2018-09-04T21:11:46Z, git hash: 3ce520221d0240229c862b122d2b06c12a625732
datanode_3    | 2019-11-15 20:32:03,895 INFO ratis.ContainerStateMachine: group-463A8F88CFBD: The snapshot info is null. Setting the last applied indexto:(t:0, i:~)
datanode_1    | 2019-11-15 20:32:02,930 INFO server.RaftServerConfigKeys: raft.server.notification.no-leader.timeout = 120s (custom)
om_1          | 2019-11-15 20:32:03,980 INFO ipc.Server: IPC Server Responder: starting
datanode_2    | 2019-11-15 20:32:03,451 INFO server.RaftServerConfigKeys: raft.server.log.appender.buffer.byte-limit = 33554432 (custom)
scm_1         | 2019-11-15 20:31:59,905 INFO handler.ContextHandler: Started o.e.j.s.ServletContextHandler@1f193686{/logs,file:///var/log/hadoop/,AVAILABLE}
grafana_1     | t=2019-11-15T20:31:54+0000 lvl=info msg="Executing migration" logger=migrator id="Add index for dashboard_id in dashboard_tag"
datanode_3    | 2019-11-15 20:32:03,896 INFO server.RaftServerConfigKeys: raft.server.notification.no-leader.timeout = 120s (custom)
datanode_1    | 2019-11-15 20:32:02,933 INFO server.RaftServerConfigKeys: raft.server.log.use.memory = false (default)
om_1          | 2019-11-15 20:32:04,012 INFO hdfs.DFSUtil: Starting Web-server for ozoneManager at: http://0.0.0.0:9874
datanode_2    | 2019-11-15 20:32:03,453 INFO server.RaftServerConfigKeys: raft.server.log.segment.size.max = 1048576 (custom)
scm_1         | 2019-11-15 20:31:59,906 INFO handler.ContextHandler: Started o.e.j.s.ServletContextHandler@1d25c1c{/static,jar:file:/opt/hadoop/share/ozone/lib/hadoop-hdds-server-scm-0.5.0-SNAPSHOT.jar!/webapps/static,AVAILABLE}
grafana_1     | t=2019-11-15T20:31:54+0000 lvl=info msg="Executing migration" logger=migrator id="Update dashboard table charset"
datanode_3    | 2019-11-15 20:32:03,898 INFO server.RaftServerConfigKeys: raft.server.log.use.memory = false (default)
datanode_1    | 2019-11-15 20:32:02,937 INFO server.RaftServerConfigKeys: raft.server.log.purge.gap = 1000000 (custom)
om_1          | 2019-11-15 20:32:04,120 INFO server.AuthenticationFilter: Unable to initialize FileSignerSecretProvider, falling back to use random secrets.
datanode_2    | 2019-11-15 20:32:03,459 INFO metrics.MetricRegistries: Loaded MetricRegistries class org.apache.ratis.metrics.impl.MetricRegistriesImpl
scm_1         | 2019-11-15 20:32:00,039 INFO handler.ContextHandler: Started o.e.j.w.WebAppContext@5f038248{/,file:///tmp/jetty-0.0.0.0-9876-scm-_-any-12801871435986053873.dir/webapp/,AVAILABLE}{/scm}
grafana_1     | t=2019-11-15T20:31:54+0000 lvl=info msg="Executing migration" logger=migrator id="Update dashboard_tag table charset"
datanode_3    | 2019-11-15 20:32:03,902 INFO server.RaftServerConfigKeys: raft.server.log.purge.gap = 1000000 (custom)
datanode_1    | 2019-11-15 20:32:02,937 INFO server.RaftServerConfigKeys: raft.server.log.appender.buffer.byte-limit = 33554432 (custom)
om_1          | 2019-11-15 20:32:04,123 INFO http.HttpRequestLog: Http request log for http.requests.ozoneManager is not defined
datanode_2    | 2019-11-15 20:32:03,462 WARN impl.MetricRegistriesImpl: First MetricRegistry has been created without registering reporters. You may need to call MetricRegistries.global().addReportRegistration(...) before.
scm_1         | 2019-11-15 20:32:00,047 INFO server.AbstractConnector: Started ServerConnector@7fd29636{HTTP/1.1,[http/1.1]}{0.0.0.0:9876}
grafana_1     | t=2019-11-15T20:31:54+0000 lvl=info msg="Executing migration" logger=migrator id="Add column folder_id in dashboard"
datanode_3    | 2019-11-15 20:32:03,903 INFO server.RaftServerConfigKeys: raft.server.log.appender.buffer.byte-limit = 33554432 (custom)
datanode_1    | 2019-11-15 20:32:02,938 INFO server.RaftServerConfigKeys: raft.server.log.segment.size.max = 1048576 (custom)
om_1          | 2019-11-15 20:32:04,130 INFO http.HttpServer2: Added global filter 'safety' (class=org.apache.hadoop.http.HttpServer2$QuotingInputFilter)
datanode_2    | 2019-11-15 20:32:03,466 INFO server.RaftServerConfigKeys: raft.server.log.segment.cache.num.max = 2 (custom)
scm_1         | 2019-11-15 20:32:00,047 INFO server.Server: Started @4769ms
datanode_3    | 2019-11-15 20:32:03,905 INFO server.RaftServerConfigKeys: raft.server.log.segment.size.max = 1048576 (custom)
datanode_1    | 2019-11-15 20:32:02,943 INFO metrics.MetricRegistries: Loaded MetricRegistries class org.apache.ratis.metrics.impl.MetricRegistriesImpl
om_1          | 2019-11-15 20:32:04,132 INFO http.HttpServer2: Added filter static_user_filter (class=org.apache.hadoop.http.lib.StaticUserWebFilter$StaticUserFilter) to context ozoneManager
datanode_2    | 2019-11-15 20:32:03,470 INFO segmented.SegmentedRaftLogWorker: new e8a97575-a880-4077-9572-e334ee70edf7@group-3EE9370AA316-SegmentedRaftLogWorker for RaftStorage:Storage Directory /data/metadata/ratis/4363b2f7-c0e7-417c-bd47-3ee9370aa316
scm_1         | 2019-11-15 20:32:00,057 INFO impl.MetricsSinkAdapter: Sink prometheus started
grafana_1     | t=2019-11-15T20:31:55+0000 lvl=info msg="Executing migration" logger=migrator id="Add column isFolder in dashboard"
datanode_3    | 2019-11-15 20:32:03,909 INFO metrics.MetricRegistries: Loaded MetricRegistries class org.apache.ratis.metrics.impl.MetricRegistriesImpl
datanode_1    | 2019-11-15 20:32:02,945 WARN impl.MetricRegistriesImpl: First MetricRegistry has been created without registering reporters. You may need to call MetricRegistries.global().addReportRegistration(...) before.
om_1          | 2019-11-15 20:32:04,132 INFO http.HttpServer2: Added filter static_user_filter (class=org.apache.hadoop.http.lib.StaticUserWebFilter$StaticUserFilter) to context logs
datanode_2    | 2019-11-15 20:32:03,470 INFO server.RaftServerConfigKeys: raft.server.log.queue.byte-limit = 2147483647 (custom)
grafana_1     | t=2019-11-15T20:31:55+0000 lvl=info msg="Executing migration" logger=migrator id="Add column has_acl in dashboard"
datanode_1    | 2019-11-15 20:32:02,950 INFO server.RaftServerConfigKeys: raft.server.log.segment.cache.num.max = 2 (custom)
datanode_3    | 2019-11-15 20:32:03,911 WARN impl.MetricRegistriesImpl: First MetricRegistry has been created without registering reporters. You may need to call MetricRegistries.global().addReportRegistration(...) before.
scm_1         | 2019-11-15 20:32:00,057 INFO impl.MetricsSystemImpl: Registered sink prometheus
om_1          | 2019-11-15 20:32:04,132 INFO http.HttpServer2: Added filter static_user_filter (class=org.apache.hadoop.http.lib.StaticUserWebFilter$StaticUserFilter) to context static
datanode_2    | 2019-11-15 20:32:03,470 INFO server.RaftServerConfigKeys: raft.server.log.queue.element-limit = 1024 (custom)
grafana_1     | t=2019-11-15T20:31:55+0000 lvl=info msg="Executing migration" logger=migrator id="Add column uid in dashboard"
datanode_3    | 2019-11-15 20:32:03,916 INFO server.RaftServerConfigKeys: raft.server.log.segment.cache.num.max = 2 (custom)
datanode_1    | 2019-11-15 20:32:02,954 INFO segmented.SegmentedRaftLogWorker: new 39148bab-92dd-49be-9edc-20e10ecfef52@group-EF36FE4CC7DD-SegmentedRaftLogWorker for RaftStorage:Storage Directory /data/metadata/ratis/037fee12-ed3d-4388-92ec-ef36fe4cc7dd
scm_1         | 2019-11-15 20:32:00,059 INFO server.BaseHttpServer: HTTP server of SCM is listening at http://0.0.0.0:9876
om_1          | 2019-11-15 20:32:04,155 WARN server.BaseHttpServer: /prof java profiling servlet is activated. Not safe for production!
datanode_2    | 2019-11-15 20:32:03,471 INFO server.RaftServerConfigKeys: raft.server.log.segment.size.max = 1048576 (custom)
grafana_1     | t=2019-11-15T20:31:55+0000 lvl=info msg="Executing migration" logger=migrator id="Update uid column values in dashboard"
datanode_3    | 2019-11-15 20:32:03,920 INFO segmented.SegmentedRaftLogWorker: new ef01aef2-1010-432b-8440-25d1fee15524@group-463A8F88CFBD-SegmentedRaftLogWorker for RaftStorage:Storage Directory /data/metadata/ratis/af711771-5d83-4697-b43c-463a8f88cfbd
datanode_1    | 2019-11-15 20:32:02,955 INFO server.RaftServerConfigKeys: raft.server.log.queue.byte-limit = 2147483647 (custom)
scm_1         | 2019-11-15 20:32:00,067 INFO util.JvmPauseMonitor: Starting JVM pause monitor
om_1          | 2019-11-15 20:32:04,159 INFO http.HttpServer2: Jetty bound to port 9874
datanode_2    | 2019-11-15 20:32:03,472 INFO server.RaftServerConfigKeys: raft.server.log.preallocated.size = 16384 (custom)
grafana_1     | t=2019-11-15T20:31:55+0000 lvl=info msg="Executing migration" logger=migrator id="Add unique index dashboard_org_id_uid"
datanode_3    | 2019-11-15 20:32:03,920 INFO server.RaftServerConfigKeys: raft.server.log.queue.byte-limit = 2147483647 (custom)
datanode_1    | 2019-11-15 20:32:02,955 INFO server.RaftServerConfigKeys: raft.server.log.queue.element-limit = 1024 (custom)
scm_1         | 2019-11-15 20:32:01,788 INFO net.NetworkTopology: Added a new node: /default-rack/39148bab-92dd-49be-9edc-20e10ecfef52
om_1          | 2019-11-15 20:32:04,160 INFO server.Server: jetty-9.3.25.v20180904, build timestamp: 2018-09-04T21:11:46Z, git hash: 3ce520221d0240229c862b122d2b06c12a625732
grafana_1     | t=2019-11-15T20:31:55+0000 lvl=info msg="Executing migration" logger=migrator id="Remove unique index org_id_slug"
datanode_1    | 2019-11-15 20:32:02,956 INFO server.RaftServerConfigKeys: raft.server.log.segment.size.max = 1048576 (custom)
datanode_3    | 2019-11-15 20:32:03,920 INFO server.RaftServerConfigKeys: raft.server.log.queue.element-limit = 1024 (custom)
datanode_2    | 2019-11-15 20:32:03,472 INFO server.RaftServerConfigKeys: raft.server.log.write.buffer.size = 33554432 (custom)
om_1          | 2019-11-15 20:32:04,191 INFO handler.ContextHandler: Started o.e.j.s.ServletContextHandler@4364712f{/logs,file:///var/log/hadoop/,AVAILABLE}
grafana_1     | t=2019-11-15T20:31:55+0000 lvl=info msg="Executing migration" logger=migrator id="Update dashboard title length"
datanode_1    | 2019-11-15 20:32:02,956 INFO server.RaftServerConfigKeys: raft.server.log.preallocated.size = 16384 (custom)
datanode_3    | 2019-11-15 20:32:03,921 INFO server.RaftServerConfigKeys: raft.server.log.segment.size.max = 1048576 (custom)
datanode_2    | 2019-11-15 20:32:03,472 INFO server.RaftServerConfigKeys: raft.server.log.force.sync.num = 128 (default)
scm_1         | 2019-11-15 20:32:01,789 INFO node.SCMNodeManager: Registered Data node : 39148bab-92dd-49be-9edc-20e10ecfef52{ip: 172.19.0.6, host: ozoneperf_datanode_1.ozoneperf_default, networkLocation: /default-rack, certSerialId: null}
om_1          | 2019-11-15 20:32:04,192 INFO handler.ContextHandler: Started o.e.j.s.ServletContextHandler@6535117e{/static,jar:file:/opt/hadoop/share/ozone/lib/hadoop-ozone-ozone-manager-0.5.0-SNAPSHOT.jar!/webapps/static,AVAILABLE}
grafana_1     | t=2019-11-15T20:31:55+0000 lvl=info msg="Executing migration" logger=migrator id="Add unique index for dashboard_org_id_title_folder_id"
datanode_1    | 2019-11-15 20:32:02,956 INFO server.RaftServerConfigKeys: raft.server.log.write.buffer.size = 33554432 (custom)
datanode_3    | 2019-11-15 20:32:03,922 INFO server.RaftServerConfigKeys: raft.server.log.preallocated.size = 16384 (custom)
datanode_2    | 2019-11-15 20:32:03,473 INFO server.RaftServerConfigKeys: raft.server.log.statemachine.data.sync = true (default)
scm_1         | 2019-11-15 20:32:01,790 INFO net.NetworkTopology: Added a new node: /default-rack/ef01aef2-1010-432b-8440-25d1fee15524
om_1          | 2019-11-15 20:32:04,310 INFO handler.ContextHandler: Started o.e.j.w.WebAppContext@58a2b917{/,file:///tmp/jetty-0.0.0.0-9874-ozoneManager-_-any-7883546825359667218.dir/webapp/,AVAILABLE}{/ozoneManager}
grafana_1     | t=2019-11-15T20:31:55+0000 lvl=info msg="Executing migration" logger=migrator id="create dashboard_provisioning"
datanode_3    | 2019-11-15 20:32:03,922 INFO server.RaftServerConfigKeys: raft.server.log.write.buffer.size = 33554432 (custom)
datanode_2    | 2019-11-15 20:32:03,473 INFO server.RaftServerConfigKeys: raft.server.log.statemachine.data.sync.timeout = 10s (default)
datanode_1    | 2019-11-15 20:32:02,957 INFO server.RaftServerConfigKeys: raft.server.log.force.sync.num = 128 (default)
scm_1         | 2019-11-15 20:32:01,791 INFO node.SCMNodeManager: Registered Data node : ef01aef2-1010-432b-8440-25d1fee15524{ip: 172.19.0.2, host: ozoneperf_datanode_3.ozoneperf_default, networkLocation: /default-rack, certSerialId: null}
om_1          | 2019-11-15 20:32:04,315 INFO server.AbstractConnector: Started ServerConnector@5922d3e9{HTTP/1.1,[http/1.1]}{0.0.0.0:9874}
grafana_1     | t=2019-11-15T20:31:55+0000 lvl=info msg="Executing migration" logger=migrator id="Rename table dashboard_provisioning to dashboard_provisioning_tmp_qwerty - v1"
datanode_3    | 2019-11-15 20:32:03,922 INFO server.RaftServerConfigKeys: raft.server.log.force.sync.num = 128 (default)
datanode_2    | 2019-11-15 20:32:03,474 INFO server.RaftServerConfigKeys: raft.server.log.statemachine.data.sync.timeout.retry = -1 (default)
datanode_1    | 2019-11-15 20:32:02,957 INFO server.RaftServerConfigKeys: raft.server.log.statemachine.data.sync = true (default)
scm_1         | 2019-11-15 20:32:01,804 INFO safemode.SCMSafeModeManager: SCM in safe mode. 1 DataNodes registered, 1 required.
om_1          | 2019-11-15 20:32:04,315 INFO server.Server: Started @4047ms
grafana_1     | t=2019-11-15T20:31:55+0000 lvl=info msg="Executing migration" logger=migrator id="create dashboard_provisioning v2"
datanode_3    | 2019-11-15 20:32:03,923 INFO server.RaftServerConfigKeys: raft.server.log.statemachine.data.sync = true (default)
datanode_2    | 2019-11-15 20:32:03,480 INFO server.RaftServerConfigKeys: raft.server.log.statemachine.data.caching.enabled = true (custom)
datanode_1    | 2019-11-15 20:32:02,958 INFO server.RaftServerConfigKeys: raft.server.log.statemachine.data.sync.timeout = 10s (default)
scm_1         | 2019-11-15 20:32:01,805 INFO safemode.SCMSafeModeManager: ScmSafeModeManager, all rules are successfully validated
grafana_1     | t=2019-11-15T20:31:55+0000 lvl=info msg="Executing migration" logger=migrator id="create index IDX_dashboard_provisioning_dashboard_id - v2"
om_1          | 2019-11-15 20:32:04,318 INFO impl.MetricsSinkAdapter: Sink prometheus started
datanode_3    | 2019-11-15 20:32:03,923 INFO server.RaftServerConfigKeys: raft.server.log.statemachine.data.sync.timeout = 10s (default)
datanode_2    | 2019-11-15 20:32:03,484 INFO segmented.SegmentedRaftLogWorker: e8a97575-a880-4077-9572-e334ee70edf7@group-3EE9370AA316-SegmentedRaftLogWorker: flushIndex: setUnconditionally 0 -> -1
datanode_1    | 2019-11-15 20:32:02,958 INFO server.RaftServerConfigKeys: raft.server.log.statemachine.data.sync.timeout.retry = -1 (default)
scm_1         | 2019-11-15 20:32:01,805 INFO safemode.SCMSafeModeManager: SCM exiting safe mode.
grafana_1     | t=2019-11-15T20:31:55+0000 lvl=info msg="Executing migration" logger=migrator id="create index IDX_dashboard_provisioning_dashboard_id_name - v2"
om_1          | 2019-11-15 20:32:04,318 INFO impl.MetricsSystemImpl: Registered sink prometheus
datanode_3    | 2019-11-15 20:32:03,923 INFO server.RaftServerConfigKeys: raft.server.log.statemachine.data.sync.timeout.retry = -1 (default)
datanode_2    | 2019-11-15 20:32:03,488 INFO server.RaftServerConfigKeys: raft.server.snapshot.auto.trigger.enabled = true (custom)
datanode_1    | 2019-11-15 20:32:02,965 INFO server.RaftServerConfigKeys: raft.server.log.statemachine.data.caching.enabled = true (custom)
scm_1         | 2019-11-15 20:32:01,807 INFO safemode.SCMSafeModeManager: ScmSafeModeManager, all rules are successfully validated
grafana_1     | t=2019-11-15T20:31:56+0000 lvl=info msg="Executing migration" logger=migrator id="copy dashboard_provisioning v1 to v2"
om_1          | 2019-11-15 20:32:04,320 INFO server.BaseHttpServer: HTTP server of OZONEMANAGER is listening at http://0.0.0.0:9874
datanode_3    | 2019-11-15 20:32:03,930 INFO server.RaftServerConfigKeys: raft.server.log.statemachine.data.caching.enabled = true (custom)
datanode_2    | 2019-11-15 20:32:03,489 INFO server.RaftServerConfigKeys: raft.server.snapshot.auto.trigger.threshold = 10000 (custom)
datanode_1    | 2019-11-15 20:32:02,969 INFO segmented.SegmentedRaftLogWorker: 39148bab-92dd-49be-9edc-20e10ecfef52@group-EF36FE4CC7DD-SegmentedRaftLogWorker: flushIndex: setUnconditionally 0 -> -1
scm_1         | 2019-11-15 20:32:01,808 INFO safemode.SCMSafeModeManager: SCM exiting safe mode.
grafana_1     | t=2019-11-15T20:31:56+0000 lvl=info msg="Executing migration" logger=migrator id="drop dashboard_provisioning_tmp_qwerty"
om_1          | 2019-11-15 20:32:19,408 INFO volume.OMVolumeCreateRequest: created volume:vol-0-28079 for user:hadoop
datanode_3    | 2019-11-15 20:32:03,934 INFO segmented.SegmentedRaftLogWorker: ef01aef2-1010-432b-8440-25d1fee15524@group-463A8F88CFBD-SegmentedRaftLogWorker: flushIndex: setUnconditionally 0 -> -1
datanode_2    | 2019-11-15 20:32:03,489 INFO server.RaftServerConfigKeys: raft.server.snapshot.retention.file.num = 5 (custom)
datanode_1    | 2019-11-15 20:32:02,973 INFO server.RaftServerConfigKeys: raft.server.snapshot.auto.trigger.enabled = true (custom)
scm_1         | 2019-11-15 20:32:02,450 INFO net.NetworkTopology: Added a new node: /default-rack/e8a97575-a880-4077-9572-e334ee70edf7
grafana_1     | t=2019-11-15T20:31:56+0000 lvl=info msg="Executing migration" logger=migrator id="Add check_sum column"
om_1          | 2019-11-15 20:32:21,808 INFO volume.OMVolumeCreateRequest: created volume:vol-1-50229 for user:hadoop
datanode_3    | 2019-11-15 20:32:03,937 INFO server.RaftServerConfigKeys: raft.server.snapshot.auto.trigger.enabled = true (custom)
datanode_1    | 2019-11-15 20:32:02,973 INFO server.RaftServerConfigKeys: raft.server.snapshot.auto.trigger.threshold = 10000 (custom)
datanode_2    | 2019-11-15 20:32:03,490 INFO server.RaftServerConfigKeys: raft.server.retrycache.expirytime = 600000ms (custom)
scm_1         | 2019-11-15 20:32:02,450 INFO node.SCMNodeManager: Registered Data node : e8a97575-a880-4077-9572-e334ee70edf7{ip: 172.19.0.9, host: ozoneperf_datanode_2.ozoneperf_default, networkLocation: /default-rack, certSerialId: null}
grafana_1     | t=2019-11-15T20:31:56+0000 lvl=info msg="Executing migration" logger=migrator id="create data_source table"
om_1          | 2019-11-15 20:32:24,696 INFO volume.OMVolumeCreateRequest: created volume:vol-2-35340 for user:hadoop
datanode_3    | 2019-11-15 20:32:03,938 INFO server.RaftServerConfigKeys: raft.server.snapshot.auto.trigger.threshold = 10000 (custom)
datanode_1    | 2019-11-15 20:32:02,974 INFO server.RaftServerConfigKeys: raft.server.snapshot.retention.file.num = 5 (custom)
datanode_2    | 2019-11-15 20:32:03,505 WARN impl.MetricRegistriesImpl: First MetricRegistry has been created without registering reporters. You may need to call MetricRegistries.global().addReportRegistration(...) before.
grafana_1     | t=2019-11-15T20:31:56+0000 lvl=info msg="Executing migration" logger=migrator id="add index data_source.account_id"
scm_1         | WARNING: An illegal reflective access operation has occurred
om_1          | 2019-11-15 20:32:30,558 INFO volume.OMVolumeCreateRequest: created volume:vol-3-59605 for user:hadoop
datanode_3    | 2019-11-15 20:32:03,938 INFO server.RaftServerConfigKeys: raft.server.snapshot.retention.file.num = 5 (custom)
datanode_1    | 2019-11-15 20:32:02,974 INFO server.RaftServerConfigKeys: raft.server.retrycache.expirytime = 600000ms (custom)
datanode_2    | 2019-11-15 20:32:03,506 WARN impl.MetricRegistriesImpl: First MetricRegistry has been created without registering reporters. You may need to call MetricRegistries.global().addReportRegistration(...) before.
grafana_1     | t=2019-11-15T20:31:56+0000 lvl=info msg="Executing migration" logger=migrator id="add unique index data_source.account_id_name"
scm_1         | WARNING: Illegal reflective access by org.apache.ratis.thirdparty.com.google.protobuf.UnsafeUtil (file:/opt/hadoop/share/ozone/lib/ratis-thirdparty-misc-0.2.0.jar) to field java.nio.Buffer.address
datanode_3    | 2019-11-15 20:32:03,939 INFO server.RaftServerConfigKeys: raft.server.retrycache.expirytime = 600000ms (custom)
datanode_1    | 2019-11-15 20:32:02,988 WARN impl.MetricRegistriesImpl: First MetricRegistry has been created without registering reporters. You may need to call MetricRegistries.global().addReportRegistration(...) before.
datanode_2    | 2019-11-15 20:32:03,508 INFO impl.RaftServerImpl: e8a97575-a880-4077-9572-e334ee70edf7@group-3EE9370AA316: start as a follower, conf=-1: [e8a97575-a880-4077-9572-e334ee70edf7:172.19.0.9:9858], old=null
grafana_1     | t=2019-11-15T20:31:56+0000 lvl=info msg="Executing migration" logger=migrator id="drop index IDX_data_source_account_id - v1"
om_1          | 2019-11-15 20:32:33,298 INFO volume.OMVolumeCreateRequest: created volume:vol-4-57913 for user:hadoop
scm_1         | WARNING: Please consider reporting this to the maintainers of org.apache.ratis.thirdparty.com.google.protobuf.UnsafeUtil
datanode_3    | 2019-11-15 20:32:03,952 WARN impl.MetricRegistriesImpl: First MetricRegistry has been created without registering reporters. You may need to call MetricRegistries.global().addReportRegistration(...) before.
datanode_1    | 2019-11-15 20:32:02,990 WARN impl.MetricRegistriesImpl: First MetricRegistry has been created without registering reporters. You may need to call MetricRegistries.global().addReportRegistration(...) before.
datanode_2    | 2019-11-15 20:32:03,509 INFO impl.RaftServerImpl: e8a97575-a880-4077-9572-e334ee70edf7@group-3EE9370AA316: changes role from      null to FOLLOWER at term 0 for startAsFollower
grafana_1     | t=2019-11-15T20:31:56+0000 lvl=info msg="Executing migration" logger=migrator id="drop index UQE_data_source_account_id_name - v1"
scm_1         | WARNING: Use --illegal-access=warn to enable warnings of further illegal reflective access operations
datanode_3    | 2019-11-15 20:32:03,954 WARN impl.MetricRegistriesImpl: First MetricRegistry has been created without registering reporters. You may need to call MetricRegistries.global().addReportRegistration(...) before.
datanode_1    | 2019-11-15 20:32:02,991 INFO impl.RaftServerImpl: 39148bab-92dd-49be-9edc-20e10ecfef52@group-EF36FE4CC7DD: start as a follower, conf=-1: [39148bab-92dd-49be-9edc-20e10ecfef52:172.19.0.6:9858], old=null
datanode_2    | 2019-11-15 20:32:03,509 INFO impl.RoleInfo: e8a97575-a880-4077-9572-e334ee70edf7: start FollowerState
grafana_1     | t=2019-11-15T20:31:56+0000 lvl=info msg="Executing migration" logger=migrator id="Rename table data_source to data_source_v1 - v1"
scm_1         | WARNING: All illegal access operations will be denied in a future release
datanode_3    | 2019-11-15 20:32:03,955 INFO impl.RaftServerImpl: ef01aef2-1010-432b-8440-25d1fee15524@group-463A8F88CFBD: start as a follower, conf=-1: [ef01aef2-1010-432b-8440-25d1fee15524:172.19.0.2:9858], old=null
datanode_1    | 2019-11-15 20:32:02,992 INFO impl.RaftServerImpl: 39148bab-92dd-49be-9edc-20e10ecfef52@group-EF36FE4CC7DD: changes role from      null to FOLLOWER at term 0 for startAsFollower
datanode_2    | 2019-11-15 20:32:03,512 INFO util.JmxRegister: Successfully registered JMX Bean with object name Ratis:service=RaftServer,group=group-3EE9370AA316,id=e8a97575-a880-4077-9572-e334ee70edf7
grafana_1     | t=2019-11-15T20:31:56+0000 lvl=info msg="Executing migration" logger=migrator id="create data_source table v2"
scm_1         | 2019-11-15 20:32:03,077 INFO pipeline.PipelineStateManager: Created pipeline Pipeline[ Id: 037fee12-ed3d-4388-92ec-ef36fe4cc7dd, Nodes: 39148bab-92dd-49be-9edc-20e10ecfef52{ip: 172.19.0.6, host: ozoneperf_datanode_1.ozoneperf_default, networkLocation: /default-rack, certSerialId: null}, Type:RATIS, Factor:ONE, State:ALLOCATED]
datanode_3    | 2019-11-15 20:32:03,956 INFO impl.RaftServerImpl: ef01aef2-1010-432b-8440-25d1fee15524@group-463A8F88CFBD: changes role from      null to FOLLOWER at term 0 for startAsFollower
datanode_1    | 2019-11-15 20:32:02,993 INFO impl.RoleInfo: 39148bab-92dd-49be-9edc-20e10ecfef52: start FollowerState
datanode_2    | 2019-11-15 20:32:03,514 WARN impl.MetricRegistriesImpl: First MetricRegistry has been created without registering reporters. You may need to call MetricRegistries.global().addReportRegistration(...) before.
grafana_1     | t=2019-11-15T20:31:56+0000 lvl=info msg="Executing migration" logger=migrator id="create index IDX_data_source_org_id - v2"
scm_1         | 2019-11-15 20:32:03,559 INFO pipeline.PipelineStateManager: Created pipeline Pipeline[ Id: 4363b2f7-c0e7-417c-bd47-3ee9370aa316, Nodes: e8a97575-a880-4077-9572-e334ee70edf7{ip: 172.19.0.9, host: ozoneperf_datanode_2.ozoneperf_default, networkLocation: /default-rack, certSerialId: null}, Type:RATIS, Factor:ONE, State:ALLOCATED]
datanode_3    | 2019-11-15 20:32:03,957 INFO impl.RoleInfo: ef01aef2-1010-432b-8440-25d1fee15524: start FollowerState
datanode_1    | 2019-11-15 20:32:02,997 INFO util.JmxRegister: Successfully registered JMX Bean with object name Ratis:service=RaftServer,group=group-EF36FE4CC7DD,id=39148bab-92dd-49be-9edc-20e10ecfef52
datanode_2    | 2019-11-15 20:32:04,066 INFO impl.RaftServerProxy: e8a97575-a880-4077-9572-e334ee70edf7: addNew group-14571856A5AB:[39148bab-92dd-49be-9edc-20e10ecfef52:172.19.0.6:9858, ef01aef2-1010-432b-8440-25d1fee15524:172.19.0.2:9858, e8a97575-a880-4077-9572-e334ee70edf7:172.19.0.9:9858] returns group-14571856A5AB:java.util.concurrent.CompletableFuture@3c6a0b6a[Not completed]
grafana_1     | t=2019-11-15T20:31:57+0000 lvl=info msg="Executing migration" logger=migrator id="create index UQE_data_source_org_id_name - v2"
scm_1         | 2019-11-15 20:32:04,010 INFO pipeline.PipelineStateManager: Created pipeline Pipeline[ Id: af711771-5d83-4697-b43c-463a8f88cfbd, Nodes: ef01aef2-1010-432b-8440-25d1fee15524{ip: 172.19.0.2, host: ozoneperf_datanode_3.ozoneperf_default, networkLocation: /default-rack, certSerialId: null}, Type:RATIS, Factor:ONE, State:ALLOCATED]
datanode_3    | 2019-11-15 20:32:03,962 INFO util.JmxRegister: Successfully registered JMX Bean with object name Ratis:service=RaftServer,group=group-463A8F88CFBD,id=ef01aef2-1010-432b-8440-25d1fee15524
datanode_2    | 2019-11-15 20:32:04,070 INFO impl.RaftServerImpl: e8a97575-a880-4077-9572-e334ee70edf7: new RaftServerImpl for group-14571856A5AB:[39148bab-92dd-49be-9edc-20e10ecfef52:172.19.0.6:9858, ef01aef2-1010-432b-8440-25d1fee15524:172.19.0.2:9858, e8a97575-a880-4077-9572-e334ee70edf7:172.19.0.9:9858] with ContainerStateMachine:uninitialized
grafana_1     | t=2019-11-15T20:31:57+0000 lvl=info msg="Executing migration" logger=migrator id="copy data_source v1 to v2"
datanode_3    | 2019-11-15 20:32:03,963 WARN impl.MetricRegistriesImpl: First MetricRegistry has been created without registering reporters. You may need to call MetricRegistries.global().addReportRegistration(...) before.
scm_1         | 2019-11-15 20:32:04,163 INFO pipeline.PipelineStateManager: Created pipeline Pipeline[ Id: 2ff1e1ff-6d76-4274-9c3c-14571856a5ab, Nodes: e8a97575-a880-4077-9572-e334ee70edf7{ip: 172.19.0.9, host: ozoneperf_datanode_2.ozoneperf_default, networkLocation: /default-rack, certSerialId: null}39148bab-92dd-49be-9edc-20e10ecfef52{ip: 172.19.0.6, host: ozoneperf_datanode_1.ozoneperf_default, networkLocation: /default-rack, certSerialId: null}ef01aef2-1010-432b-8440-25d1fee15524{ip: 172.19.0.2, host: ozoneperf_datanode_3.ozoneperf_default, networkLocation: /default-rack, certSerialId: null}, Type:RATIS, Factor:THREE, State:ALLOCATED]
datanode_1    | 2019-11-15 20:32:02,999 WARN impl.MetricRegistriesImpl: First MetricRegistry has been created without registering reporters. You may need to call MetricRegistries.global().addReportRegistration(...) before.
grafana_1     | t=2019-11-15T20:31:57+0000 lvl=info msg="Executing migration" logger=migrator id="Drop old table data_source_v1 #2"
datanode_2    | 2019-11-15 20:32:04,070 INFO server.RaftServerConfigKeys: raft.server.rpc.timeout.min = 5s (custom)
datanode_3    | 2019-11-15 20:32:04,071 INFO impl.RaftServerProxy: ef01aef2-1010-432b-8440-25d1fee15524: addNew group-14571856A5AB:[39148bab-92dd-49be-9edc-20e10ecfef52:172.19.0.6:9858, ef01aef2-1010-432b-8440-25d1fee15524:172.19.0.2:9858, e8a97575-a880-4077-9572-e334ee70edf7:172.19.0.9:9858] returns group-14571856A5AB:java.util.concurrent.CompletableFuture@48a8fac6[Not completed]
scm_1         | 2019-11-15 20:32:08,355 INFO pipeline.PipelineStateManager: Pipeline Pipeline[ Id: 037fee12-ed3d-4388-92ec-ef36fe4cc7dd, Nodes: 39148bab-92dd-49be-9edc-20e10ecfef52{ip: 172.19.0.6, host: ozoneperf_datanode_1.ozoneperf_default, networkLocation: /default-rack, certSerialId: null}, Type:RATIS, Factor:ONE, State:OPEN] moved to OPEN state
datanode_1    | 2019-11-15 20:32:04,066 INFO impl.RaftServerProxy: 39148bab-92dd-49be-9edc-20e10ecfef52: addNew group-14571856A5AB:[39148bab-92dd-49be-9edc-20e10ecfef52:172.19.0.6:9858, ef01aef2-1010-432b-8440-25d1fee15524:172.19.0.2:9858, e8a97575-a880-4077-9572-e334ee70edf7:172.19.0.9:9858] returns group-14571856A5AB:java.util.concurrent.CompletableFuture@495b0f97[Not completed]
grafana_1     | t=2019-11-15T20:31:57+0000 lvl=info msg="Executing migration" logger=migrator id="Add column with_credentials"
datanode_2    | 2019-11-15 20:32:04,070 INFO server.RaftServerConfigKeys: raft.server.rpc.timeout.max = 5200ms (custom)
datanode_3    | 2019-11-15 20:32:04,074 INFO impl.RaftServerImpl: ef01aef2-1010-432b-8440-25d1fee15524: new RaftServerImpl for group-14571856A5AB:[39148bab-92dd-49be-9edc-20e10ecfef52:172.19.0.6:9858, ef01aef2-1010-432b-8440-25d1fee15524:172.19.0.2:9858, e8a97575-a880-4077-9572-e334ee70edf7:172.19.0.9:9858] with ContainerStateMachine:uninitialized
scm_1         | 2019-11-15 20:32:08,767 INFO pipeline.PipelineStateManager: Pipeline Pipeline[ Id: 4363b2f7-c0e7-417c-bd47-3ee9370aa316, Nodes: e8a97575-a880-4077-9572-e334ee70edf7{ip: 172.19.0.9, host: ozoneperf_datanode_2.ozoneperf_default, networkLocation: /default-rack, certSerialId: null}, Type:RATIS, Factor:ONE, State:OPEN] moved to OPEN state
datanode_1    | 2019-11-15 20:32:04,069 INFO impl.RaftServerImpl: 39148bab-92dd-49be-9edc-20e10ecfef52: new RaftServerImpl for group-14571856A5AB:[39148bab-92dd-49be-9edc-20e10ecfef52:172.19.0.6:9858, ef01aef2-1010-432b-8440-25d1fee15524:172.19.0.2:9858, e8a97575-a880-4077-9572-e334ee70edf7:172.19.0.9:9858] with ContainerStateMachine:uninitialized
grafana_1     | t=2019-11-15T20:31:57+0000 lvl=info msg="Executing migration" logger=migrator id="Add secure json data column"
datanode_2    | 2019-11-15 20:32:04,070 INFO server.RaftServerConfigKeys: raft.server.rpcslowness.timeout = 120s (custom)
scm_1         | 2019-11-15 20:32:09,189 INFO pipeline.PipelineStateManager: Pipeline Pipeline[ Id: af711771-5d83-4697-b43c-463a8f88cfbd, Nodes: ef01aef2-1010-432b-8440-25d1fee15524{ip: 172.19.0.2, host: ozoneperf_datanode_3.ozoneperf_default, networkLocation: /default-rack, certSerialId: null}, Type:RATIS, Factor:ONE, State:OPEN] moved to OPEN state
datanode_3    | 2019-11-15 20:32:04,075 INFO server.RaftServerConfigKeys: raft.server.rpc.timeout.min = 5s (custom)
datanode_1    | 2019-11-15 20:32:04,070 INFO server.RaftServerConfigKeys: raft.server.rpc.timeout.min = 5s (custom)
grafana_1     | t=2019-11-15T20:31:57+0000 lvl=info msg="Executing migration" logger=migrator id="Update data_source table charset"
datanode_2    | 2019-11-15 20:32:04,070 INFO server.RaftServerConfigKeys: raft.server.sleep.deviation.threshold = 300 (default)
scm_1         | 2019-11-15 20:32:35,590 WARN block.BlockManagerImpl: Pipeline creation failed for type:RATIS factor:THREE. Retrying get pipelines call once.
datanode_3    | 2019-11-15 20:32:04,075 INFO server.RaftServerConfigKeys: raft.server.rpc.timeout.max = 5200ms (custom)
datanode_1    | 2019-11-15 20:32:04,070 INFO server.RaftServerConfigKeys: raft.server.rpc.timeout.max = 5200ms (custom)
grafana_1     | t=2019-11-15T20:31:57+0000 lvl=info msg="Executing migration" logger=migrator id="Update initial version to 1"
datanode_2    | 2019-11-15 20:32:04,070 INFO server.RaftServerConfigKeys: raft.server.log.appender.install.snapshot.enabled = false (custom)
scm_1         | org.apache.hadoop.hdds.scm.pipeline.InsufficientDatanodesException: Cannot create pipeline of factor 3 using 0 nodes.
datanode_3    | 2019-11-15 20:32:04,075 INFO server.RaftServerConfigKeys: raft.server.rpcslowness.timeout = 120s (custom)
datanode_1    | 2019-11-15 20:32:04,070 INFO server.RaftServerConfigKeys: raft.server.rpcslowness.timeout = 120s (custom)
grafana_1     | t=2019-11-15T20:31:57+0000 lvl=info msg="Executing migration" logger=migrator id="Add read_only data column"
datanode_2    | 2019-11-15 20:32:04,070 INFO impl.RaftServerImpl: e8a97575-a880-4077-9572-e334ee70edf7@group-14571856A5AB: ConfigurationManager, init=-1: [39148bab-92dd-49be-9edc-20e10ecfef52:172.19.0.6:9858, ef01aef2-1010-432b-8440-25d1fee15524:172.19.0.2:9858, e8a97575-a880-4077-9572-e334ee70edf7:172.19.0.9:9858], old=null, confs=<EMPTY_MAP>
scm_1         | 	at org.apache.hadoop.hdds.scm.pipeline.RatisPipelineProvider.create(RatisPipelineProvider.java:153)
datanode_3    | 2019-11-15 20:32:04,075 INFO server.RaftServerConfigKeys: raft.server.sleep.deviation.threshold = 300 (default)
grafana_1     | t=2019-11-15T20:31:57+0000 lvl=info msg="Executing migration" logger=migrator id="Migrate logging ds to loki ds"
datanode_1    | 2019-11-15 20:32:04,070 INFO server.RaftServerConfigKeys: raft.server.sleep.deviation.threshold = 300 (default)
datanode_2    | 2019-11-15 20:32:04,071 INFO server.RaftServerConfigKeys: raft.server.storage.dir = [/data/metadata/ratis] (custom)
datanode_3    | 2019-11-15 20:32:04,075 INFO server.RaftServerConfigKeys: raft.server.log.appender.install.snapshot.enabled = false (custom)
scm_1         | 	at org.apache.hadoop.hdds.scm.pipeline.PipelineFactory.create(PipelineFactory.java:58)
datanode_1    | 2019-11-15 20:32:04,075 INFO server.RaftServerConfigKeys: raft.server.log.appender.install.snapshot.enabled = false (custom)
grafana_1     | t=2019-11-15T20:31:57+0000 lvl=info msg="Executing migration" logger=migrator id="Update json_data with nulls"
datanode_2    | 2019-11-15 20:32:04,071 INFO server.RaftServerConfigKeys: raft.server.log.corruption.policy = EXCEPTION (default)
