datanode_2  | 2019-11-15 20:11:08,183 WARN scm.HddsServerUtil: Storage directory for Ratis is not configured. It is a good idea to map this to an SSD disk. Falling back to ozone.metadata.dirs
datanode_3  | 2019-11-15 20:11:07,630 INFO http.HttpRequestLog: Http request log for http.requests.hddsDatanode is not defined
s3g_1       | 
om_1        | 2019-11-15 20:11:14,716 WARN server.ServerUtils: ozone.om.db.dirs is not configured. We recommend adding this setting. Falling back to ozone.metadata.dirs instead.
rm_1        | 2019-11-15 20:11:04 INFO  AMRMTokenSecretManager:94 - AMRMTokenKeyRollingInterval: 86400000ms and AMRMTokenKeyActivationDelay: 900000 ms
datanode_1  | 2019-11-15 20:11:06,794 INFO server.RaftServerConfigKeys: raft.server.log.appender.buffer.byte-limit = 33554432 (custom)
nm_1        | 2019-11-15 20:11:04 INFO  AsyncDispatcher:223 - Registering class org.apache.hadoop.yarn.server.nodemanager.containermanager.launcher.ContainersLauncherEventType for class org.apache.hadoop.yarn.server.nodemanager.containermanager.launcher.ContainersLauncher
scm_1       | STARTUP_MSG:   classpath = /etc/hadoop:/opt/hadoop/share/hadoop/common/*:/opt/hadoop/share/ozone/lib/kerb-simplekdc-1.0.1.jar:/opt/hadoop/share/ozone/lib/protobuf-java-2.5.0.jar:/opt/hadoop/share/ozone/lib/bcpkix-jdk15on-1.60.jar:/opt/hadoop/share/ozone/lib/commons-validator-1.6.jar:/opt/hadoop/share/ozone/lib/netty-3.10.5.Final.jar:/opt/hadoop/share/ozone/lib/kerb-core-1.0.1.jar:/opt/hadoop/share/ozone/lib/ratis-thirdparty-misc-0.2.0.jar:/opt/hadoop/share/ozone/lib/jsr305-3.0.0.jar:/opt/hadoop/share/ozone/lib/leveldbjni-all-1.8.jar:/opt/hadoop/share/ozone/lib/htrace-core4-4.1.0-incubating.jar:/opt/hadoop/share/ozone/lib/hadoop-annotations-3.2.0.jar:/opt/hadoop/share/ozone/lib/kerb-util-1.0.1.jar:/opt/hadoop/share/ozone/lib/jackson-jaxrs-1.9.13.jar:/opt/hadoop/share/ozone/lib/ratis-server-0.5.0-d6d58d0-SNAPSHOT.jar:/opt/hadoop/share/ozone/lib/kerby-xdr-1.0.1.jar:/opt/hadoop/share/ozone/lib/jetty-webapp-9.3.25.v20180904.jar:/opt/hadoop/share/ozone/lib/jackson-core-asl-1.9.13.jar:/opt/hadoop/share/ozone/lib/commons-net-3.6.jar:/opt/hadoop/share/ozone/lib/log4j-api-2.11.0.jar:/opt/hadoop/share/ozone/lib/netty-all-4.0.52.Final.jar:/opt/hadoop/share/ozone/lib/hamcrest-all-1.3.jar:/opt/hadoop/share/ozone/lib/jline-0.9.94.jar:/opt/hadoop/share/ozone/lib/hadoop-hdfs-3.2.0.jar:/opt/hadoop/share/ozone/lib/opentracing-api-0.31.0.jar:/opt/hadoop/share/ozone/lib/hadoop-hdds-server-framework-0.5.0-SNAPSHOT.jar:/opt/hadoop/share/ozone/lib/slf4j-log4j12-1.7.25.jar:/opt/hadoop/share/ozone/lib/hadoop-hdfs-client-3.2.0.jar:/opt/hadoop/share/ozone/lib/kerby-config-1.0.1.jar:/opt/hadoop/share/ozone/lib/jetty-util-9.3.25.v20180904.jar:/opt/hadoop/share/ozone/lib/libthrift-0.12.0.jar:/opt/hadoop/share/ozone/lib/metrics-core-3.2.4.jar:/opt/hadoop/share/ozone/lib/kerby-pkix-1.0.1.jar:/opt/hadoop/share/ozone/lib/xz-1.0.jar:/opt/hadoop/share/ozone/lib/hadoop-hdds-config-0.5.0-SNAPSHOT.jar:/opt/hadoop/share/ozone/lib/nimbus-jose-jwt-4.41.1.jar:/opt/hadoop/share/ozone/lib/jsr311-api-1.1.1.jar:/opt/hadoop/share/ozone/lib/commons-beanutils-1.9.4.jar:/opt/hadoop/share/ozone/lib/ratis-grpc-0.5.0-d6d58d0-SNAPSHOT.jar:/opt/hadoop/share/ozone/lib/ratis-netty-0.5.0-d6d58d0-SNAPSHOT.jar:/opt/hadoop/share/ozone/lib/javax.servlet-api-3.1.0.jar:/opt/hadoop/share/ozone/lib/kerb-server-1.0.1.jar:/opt/hadoop/share/ozone/lib/zookeeper-3.4.13.jar:/opt/hadoop/share/ozone/lib/avro-1.7.7.jar:/opt/hadoop/share/ozone/lib/kerb-client-1.0.1.jar:/opt/hadoop/share/ozone/lib/jackson-xc-1.9.13.jar:/opt/hadoop/share/ozone/lib/disruptor-3.4.2.jar:/opt/hadoop/share/ozone/lib/guava-11.0.2.jar:/opt/hadoop/share/ozone/lib/ratis-client-0.5.0-d6d58d0-SNAPSHOT.jar:/opt/hadoop/share/ozone/lib/hadoop-hdds-common-0.5.0-SNAPSHOT.jar:/opt/hadoop/share/ozone/lib/curator-framework-2.12.0.jar:/opt/hadoop/share/ozone/lib/dnsjava-2.1.7.jar:/opt/hadoop/share/ozone/lib/commons-configuration2-2.1.1.jar:/opt/hadoop/share/ozone/lib/json-smart-2.3.jar:/opt/hadoop/share/ozone/lib/token-provider-1.0.1.jar:/opt/hadoop/share/ozone/lib/log4j-1.2.17.jar:/opt/hadoop/share/ozone/lib/commons-daemon-1.0.13.jar:/opt/hadoop/share/ozone/lib/bcprov-jdk15on-1.60.jar:/opt/hadoop/share/ozone/lib/ratis-metrics-0.5.0-d6d58d0-SNAPSHOT.jar:/opt/hadoop/share/ozone/lib/commons-lang3-3.7.jar:/opt/hadoop/share/ozone/lib/jaeger-client-0.34.0.jar:/opt/hadoop/share/ozone/lib/jetty-server-9.3.25.v20180904.jar:/opt/hadoop/share/ozone/lib/commons-compress-1.4.1.jar:/opt/hadoop/share/ozone/lib/accessors-smart-1.2.jar:/opt/hadoop/share/ozone/lib/re2j-1.1.jar:/opt/hadoop/share/ozone/lib/curator-recipes-2.12.0.jar:/opt/hadoop/share/ozone/lib/jackson-core-2.9.9.jar:/opt/hadoop/share/ozone/lib/commons-math3-3.1.1.jar:/opt/hadoop/share/ozone/lib/opentracing-noop-0.31.0.jar:/opt/hadoop/share/ozone/lib/httpclient-4.5.2.jar:/opt/hadoop/share/ozone/lib/jaeger-core-0.34.0.jar:/opt/hadoop/share/ozone/lib/asm-5.0.4.jar:/opt/hadoop/share/ozone/lib/curator-client-2.12.0.jar:/opt/hadoop/share/ozone/lib/audience-annotations-0.5.0.jar:/opt/hadoop/share/ozone/lib/kerby-util-1.0.1.jar:/opt/hadoop/share/ozone/lib/jackson-mapper-asl-1.9.13.jar:/opt/hadoop/share/ozone/lib/rocksdbjni-6.0.1.jar:/opt/hadoop/share/ozone/lib/jsp-api-2.1.jar:/opt/hadoop/share/ozone/lib/jsch-0.1.54.jar:/opt/hadoop/share/ozone/lib/opentracing-tracerresolver-0.1.5.jar:/opt/hadoop/share/ozone/lib/paranamer-2.3.jar:/opt/hadoop/share/ozone/lib/log4j-core-2.11.0.jar:/opt/hadoop/share/ozone/lib/jetty-io-9.3.25.v20180904.jar:/opt/hadoop/share/ozone/lib/jetty-xml-9.3.25.v20180904.jar:/opt/hadoop/share/ozone/lib/commons-codec-1.11.jar:/opt/hadoop/share/ozone/lib/commons-pool2-2.6.0.jar:/opt/hadoop/share/ozone/lib/gson-2.2.4.jar:/opt/hadoop/share/ozone/lib/jcip-annotations-1.0-1.jar:/opt/hadoop/share/ozone/lib/kerb-admin-1.0.1.jar:/opt/hadoop/share/ozone/lib/okio-1.13.0.jar:/opt/hadoop/share/ozone/lib/commons-io-2.5.jar:/opt/hadoop/share/ozone/lib/snakeyaml-1.16.jar:/opt/hadoop/share/ozone/lib/jersey-core-1.19.jar:/opt/hadoop/share/ozone/lib/jackson-databind-2.9.9.jar:/opt/hadoop/share/ozone/lib/hadoop-hdds-container-service-0.5.0-SNAPSHOT.jar:/opt/hadoop/share/ozone/lib/picocli-3.9.6.jar:/opt/hadoop/share/ozone/lib/jaeger-thrift-0.34.0.jar:/opt/hadoop/share/ozone/lib/ratis-common-0.5.0-d6d58d0-SNAPSHOT.jar:/opt/hadoop/share/ozone/lib/commons-cli-1.2.jar:/opt/hadoop/share/ozone/lib/jackson-annotations-2.9.9.jar:/opt/hadoop/share/ozone/lib/hadoop-hdds-docs-0.5.0-SNAPSHOT.jar:/opt/hadoop/share/ozone/lib/woodstox-core-5.0.3.jar:/opt/hadoop/share/ozone/lib/javax.annotation-api-1.2.jar:/opt/hadoop/share/ozone/lib/snappy-java-1.0.5.jar:/opt/hadoop/share/ozone/lib/jaeger-tracerresolver-0.34.0.jar:/opt/hadoop/share/ozone/lib/jetty-security-9.3.25.v20180904.jar:/opt/hadoop/share/ozone/lib/jetty-http-9.3.25.v20180904.jar:/opt/hadoop/share/ozone/lib/kerby-asn1-1.0.1.jar:/opt/hadoop/share/ozone/lib/okhttp-3.9.0.jar:/opt/hadoop/share/ozone/lib/stax2-api-3.1.4.jar:/opt/hadoop/share/ozone/lib/commons-digester-1.8.1.jar:/opt/hadoop/share/ozone/lib/commons-collections-3.2.2.jar:/opt/hadoop/share/ozone/lib/jettison-1.1.jar:/opt/hadoop/share/ozone/lib/commons-text-1.4.jar:/opt/hadoop/share/ozone/lib/jersey-servlet-1.19.jar:/opt/hadoop/share/ozone/lib/jersey-json-1.19.jar:/opt/hadoop/share/ozone/lib/slf4j-api-1.7.25.jar:/opt/hadoop/share/ozone/lib/commons-logging-1.1.3.jar:/opt/hadoop/share/ozone/lib/jetty-util-ajax-9.3.25.v20180904.jar:/opt/hadoop/share/ozone/lib/hadoop-hdds-client-0.5.0-SNAPSHOT.jar:/opt/hadoop/share/ozone/lib/kerb-identity-1.0.1.jar:/opt/hadoop/share/ozone/lib/ratis-proto-0.5.0-d6d58d0-SNAPSHOT.jar:/opt/hadoop/share/ozone/lib/opentracing-util-0.31.0.jar:/opt/hadoop/share/ozone/lib/hadoop-common-3.2.0.jar:/opt/hadoop/share/ozone/lib/hadoop-auth-3.2.0.jar:/opt/hadoop/share/ozone/lib/kerb-common-1.0.1.jar:/opt/hadoop/share/ozone/lib/jetty-servlet-9.3.25.v20180904.jar:/opt/hadoop/share/ozone/lib/jersey-server-1.19.jar:/opt/hadoop/share/ozone/lib/kerb-crypto-1.0.1.jar:/opt/hadoop/share/ozone/lib/httpcore-4.4.4.jar:/opt/hadoop/share/ozone/web:/opt/hadoop/share/ozone/lib/hadoop-hdds-server-scm-0.5.0-SNAPSHOT.jar
datanode_2  | 2019-11-15 20:11:08,251 INFO impl.RaftServerProxy: raft.rpc.type = GRPC (default)
datanode_3  | 2019-11-15 20:11:07,644 INFO http.HttpServer2: Added global filter 'safety' (class=org.apache.hadoop.http.HttpServer2$QuotingInputFilter)
s3g_1       | 2019-11-15 20:11:08,570 INFO handler.ContextHandler: Started o.e.j.w.WebAppContext@77cb452c{/,file:///tmp/jetty-0.0.0.0-9878-s3gateway-_-any-9753403560550606100.dir/webapp/,AVAILABLE}{/s3gateway}
om_1        | 2019-11-15 20:11:14,724 WARN server.ServerUtils: ozone.om.db.dirs is not configured. We recommend adding this setting. Falling back to ozone.metadata.dirs instead.
rm_1        | 2019-11-15 20:11:04 INFO  AsyncDispatcher:223 - Registering class org.apache.hadoop.yarn.server.resourcemanager.recovery.RMStateStoreEventType for class org.apache.hadoop.yarn.server.resourcemanager.recovery.RMStateStore$ForwardingEventHandler
datanode_1  | 2019-11-15 20:11:06,795 INFO server.GrpcService: raft.grpc.flow.control.window = 1MB (=1048576) (default)
nm_1        | 2019-11-15 20:11:04 INFO  AsyncDispatcher:223 - Registering class org.apache.hadoop.yarn.server.nodemanager.containermanager.scheduler.ContainerSchedulerEventType for class org.apache.hadoop.yarn.server.nodemanager.containermanager.scheduler.ContainerScheduler
scm_1       | STARTUP_MSG:   build = https://github.com/apache/hadoop.git -r e97acb3bd8f3befd27418996fa5d4b50bf2e17bf; compiled by 'sunilg' on 2019-01-15T17:34Z
datanode_2  | 2019-11-15 20:11:08,631 INFO grpc.GrpcConfigKeys$Server: raft.grpc.server.port = 9858 (custom)
datanode_3  | 2019-11-15 20:11:07,647 INFO http.HttpServer2: Added filter static_user_filter (class=org.apache.hadoop.http.lib.StaticUserWebFilter$StaticUserFilter) to context hddsDatanode
s3g_1       | 2019-11-15 20:11:08,580 INFO server.AbstractConnector: Started ServerConnector@3ba1308d{HTTP/1.1,[http/1.1]}{0.0.0.0:9878}
om_1        | 2019-11-15 20:11:15,523 WARN server.ServerUtils: ozone.om.db.dirs is not configured. We recommend adding this setting. Falling back to ozone.metadata.dirs instead.
rm_1        | 2019-11-15 20:11:04 INFO  AsyncDispatcher:223 - Registering class org.apache.hadoop.yarn.server.resourcemanager.NodesListManagerEventType for class org.apache.hadoop.yarn.server.resourcemanager.NodesListManager
datanode_1  | 2019-11-15 20:11:06,795 INFO server.RaftServerConfigKeys: raft.server.rpc.request.timeout = 3000ms (default)
nm_1        | 2019-11-15 20:11:04 INFO  NMLogAggregationStatusTracker:89 - the rolling interval seconds for the NodeManager Cached Log aggregation status is 600
scm_1       | STARTUP_MSG:   java = 11.0.3
datanode_2  | 2019-11-15 20:11:08,635 INFO server.GrpcService: raft.grpc.message.size.max = 33570816 (custom)
datanode_3  | 2019-11-15 20:11:07,647 INFO http.HttpServer2: Added filter static_user_filter (class=org.apache.hadoop.http.lib.StaticUserWebFilter$StaticUserFilter) to context logs
s3g_1       | 2019-11-15 20:11:08,580 INFO server.Server: Started @6308ms
om_1        | 2019-11-15 20:11:15,546 INFO util.log: Logging initialized @2530ms
rm_1        | 2019-11-15 20:11:04 INFO  ResourceManager:444 - Using Scheduler: org.apache.hadoop.yarn.server.resourcemanager.scheduler.capacity.CapacityScheduler
datanode_1  | 2019-11-15 20:11:06,996 INFO server.RaftServerConfigKeys: raft.server.storage.dir = [/data/metadata/ratis] (custom)
nm_1        | 2019-11-15 20:11:04 INFO  AsyncDispatcher:223 - Registering class org.apache.hadoop.yarn.server.nodemanager.ContainerManagerEventType for class org.apache.hadoop.yarn.server.nodemanager.containermanager.ContainerManagerImpl
scm_1       | ************************************************************/
datanode_2  | 2019-11-15 20:11:08,638 INFO server.RaftServerConfigKeys: raft.server.log.appender.buffer.byte-limit = 33554432 (custom)
datanode_3  | 2019-11-15 20:11:07,648 INFO http.HttpServer2: Added filter static_user_filter (class=org.apache.hadoop.http.lib.StaticUserWebFilter$StaticUserFilter) to context static
s3g_1       | 2019-11-15 20:11:08,584 INFO server.BaseHttpServer: HTTP server of S3GATEWAY is listening at http://0.0.0.0:9878
om_1        | 2019-11-15 20:11:15,633 INFO db.DBStoreBuilder: using custom profile for table: userTable
rm_1        | 2019-11-15 20:11:04 INFO  AsyncDispatcher:223 - Registering class org.apache.hadoop.yarn.server.resourcemanager.scheduler.event.SchedulerEventType for class org.apache.hadoop.yarn.event.EventDispatcher
datanode_1  | 2019-11-15 20:11:07,241 INFO hdfs.DFSUtil: Starting Web-server for hddsDatanode at: http://0.0.0.0:9882
nm_1        | 2019-11-15 20:11:04 INFO  AsyncDispatcher:223 - Registering class org.apache.hadoop.yarn.server.nodemanager.NodeManagerEventType for class org.apache.hadoop.yarn.server.nodemanager.NodeManager
scm_1       | 2019-11-15 20:11:06,287 INFO server.StorageContainerManagerStarter: registered UNIX signal handlers for [TERM, HUP, INT]
datanode_2  | 2019-11-15 20:11:08,638 INFO server.GrpcService: raft.grpc.flow.control.window = 1MB (=1048576) (default)
datanode_3  | 2019-11-15 20:11:07,750 INFO http.HttpServer2: Jetty bound to port 9882
om_1        | 2019-11-15 20:11:15,634 INFO db.DBStoreBuilder: Using default column profile:DBProfile.DISK for Table:userTable
rm_1        | 2019-11-15 20:11:04 INFO  AsyncDispatcher:223 - Registering class org.apache.hadoop.yarn.server.resourcemanager.rmapp.RMAppEventType for class org.apache.hadoop.yarn.server.resourcemanager.ResourceManager$ApplicationEventDispatcher
nm_1        | 2019-11-15 20:11:04 INFO  MetricsConfig:118 - Loaded properties from hadoop-metrics2.properties
datanode_1  | 2019-11-15 20:11:07,306 INFO util.log: Logging initialized @4470ms
scm_1       | 2019-11-15 20:11:06,532 WARN server.ServerUtils: ozone.scm.db.dirs is not configured. We recommend adding this setting. Falling back to ozone.metadata.dirs instead.
datanode_2  | 2019-11-15 20:11:08,639 INFO server.RaftServerConfigKeys: raft.server.rpc.request.timeout = 3000ms (default)
datanode_3  | 2019-11-15 20:11:07,754 INFO server.Server: jetty-9.3.25.v20180904, build timestamp: 2018-09-04T21:11:46Z, git hash: 3ce520221d0240229c862b122d2b06c12a625732
om_1        | 2019-11-15 20:11:15,634 INFO db.DBStoreBuilder: using custom profile for table: volumeTable
rm_1        | 2019-11-15 20:11:04 INFO  AsyncDispatcher:223 - Registering class org.apache.hadoop.yarn.server.resourcemanager.rmapp.attempt.RMAppAttemptEventType for class org.apache.hadoop.yarn.server.resourcemanager.ResourceManager$ApplicationAttemptEventDispatcher
nm_1        | 2019-11-15 20:11:04 INFO  MetricsSystemImpl:374 - Scheduled Metric snapshot period at 10 second(s).
datanode_1  | 2019-11-15 20:11:07,446 INFO server.AuthenticationFilter: Unable to initialize FileSignerSecretProvider, falling back to use random secrets.
scm_1       | 2019-11-15 20:11:06,548 WARN server.ServerUtils: ozone.scm.db.dirs is not configured. We recommend adding this setting. Falling back to ozone.metadata.dirs instead.
datanode_2  | 2019-11-15 20:11:08,850 INFO server.RaftServerConfigKeys: raft.server.storage.dir = [/data/metadata/ratis] (custom)
datanode_3  | 2019-11-15 20:11:07,794 INFO handler.ContextHandler: Started o.e.j.s.ServletContextHandler@518bfd90{/logs,file:///var/log/hadoop/,AVAILABLE}
om_1        | 2019-11-15 20:11:15,634 INFO db.DBStoreBuilder: Using default column profile:DBProfile.DISK for Table:volumeTable
rm_1        | 2019-11-15 20:11:04 INFO  AsyncDispatcher:223 - Registering class org.apache.hadoop.yarn.server.resourcemanager.rmnode.RMNodeEventType for class org.apache.hadoop.yarn.server.resourcemanager.ResourceManager$NodeEventDispatcher
nm_1        | 2019-11-15 20:11:04 INFO  MetricsSystemImpl:191 - NodeManager metrics system started
datanode_1  | 2019-11-15 20:11:07,449 INFO http.HttpRequestLog: Http request log for http.requests.hddsDatanode is not defined
datanode_2  | 2019-11-15 20:11:08,999 INFO hdfs.DFSUtil: Starting Web-server for hddsDatanode at: http://0.0.0.0:9882
datanode_3  | 2019-11-15 20:11:07,795 INFO handler.ContextHandler: Started o.e.j.s.ServletContextHandler@18b8d173{/static,jar:file:/opt/hadoop/share/ozone/lib/hadoop-hdds-container-service-0.5.0-SNAPSHOT.jar!/webapps/static,AVAILABLE}
om_1        | 2019-11-15 20:11:15,634 INFO db.DBStoreBuilder: using custom profile for table: bucketTable
rm_1        | 2019-11-15 20:11:04 INFO  MetricsConfig:118 - Loaded properties from hadoop-metrics2.properties
nm_1        | 2019-11-15 20:11:04 INFO  DirectoryCollection:187 - Disk Validator 'basic' is loaded.
datanode_1  | 2019-11-15 20:11:07,462 INFO http.HttpServer2: Added global filter 'safety' (class=org.apache.hadoop.http.HttpServer2$QuotingInputFilter)
datanode_2  | 2019-11-15 20:11:09,040 INFO util.log: Logging initialized @5244ms
datanode_3  | 2019-11-15 20:11:07,926 INFO handler.ContextHandler: Started o.e.j.w.WebAppContext@862f408{/,file:///tmp/jetty-0.0.0.0-9882-hddsDatanode-_-any-9021679175275261124.dir/webapp/,AVAILABLE}{/hddsDatanode}
rm_1        | 2019-11-15 20:11:04 INFO  MetricsSystemImpl:374 - Scheduled Metric snapshot period at 10 second(s).
om_1        | 2019-11-15 20:11:15,634 INFO db.DBStoreBuilder: Using default column profile:DBProfile.DISK for Table:bucketTable
nm_1        | 2019-11-15 20:11:04 INFO  DirectoryCollection:187 - Disk Validator 'basic' is loaded.
scm_1       | 2019-11-15 20:11:06,629 INFO util.log: Logging initialized @2011ms
datanode_1  | 2019-11-15 20:11:07,465 INFO http.HttpServer2: Added filter static_user_filter (class=org.apache.hadoop.http.lib.StaticUserWebFilter$StaticUserFilter) to context hddsDatanode
datanode_2  | 2019-11-15 20:11:09,133 INFO server.AuthenticationFilter: Unable to initialize FileSignerSecretProvider, falling back to use random secrets.
datanode_3  | 2019-11-15 20:11:07,933 INFO server.AbstractConnector: Started ServerConnector@3c78e551{HTTP/1.1,[http/1.1]}{0.0.0.0:9882}
rm_1        | 2019-11-15 20:11:04 INFO  MetricsSystemImpl:191 - ResourceManager metrics system started
om_1        | 2019-11-15 20:11:15,634 INFO db.DBStoreBuilder: using custom profile for table: keyTable
nm_1        | 2019-11-15 20:11:04 INFO  NodeResourceMonitorImpl:75 -  Using ResourceCalculatorPlugin : org.apache.hadoop.yarn.util.ResourceCalculatorPlugin@5824a83d
scm_1       | 2019-11-15 20:11:06,868 INFO db.DBStoreBuilder: using custom profile for table: deletedBlocks
datanode_1  | 2019-11-15 20:11:07,466 INFO http.HttpServer2: Added filter static_user_filter (class=org.apache.hadoop.http.lib.StaticUserWebFilter$StaticUserFilter) to context static
datanode_2  | 2019-11-15 20:11:09,140 INFO http.HttpRequestLog: Http request log for http.requests.hddsDatanode is not defined
datanode_3  | 2019-11-15 20:11:07,934 INFO server.Server: Started @5154ms
rm_1        | 2019-11-15 20:11:04 INFO  YarnAuthorizationProvider:58 - org.apache.hadoop.yarn.security.ConfiguredYarnAuthorizer is instantiated.
om_1        | 2019-11-15 20:11:15,635 INFO db.DBStoreBuilder: Using default column profile:DBProfile.DISK for Table:keyTable
nm_1        | 2019-11-15 20:11:04 INFO  AsyncDispatcher:223 - Registering class org.apache.hadoop.yarn.server.nodemanager.containermanager.loghandler.event.LogHandlerEventType for class org.apache.hadoop.yarn.server.nodemanager.containermanager.loghandler.NonAggregatingLogHandler
scm_1       | 2019-11-15 20:11:06,868 INFO db.DBStoreBuilder: Using default column profile:DBProfile.DISK for Table:deletedBlocks
datanode_1  | 2019-11-15 20:11:07,466 INFO http.HttpServer2: Added filter static_user_filter (class=org.apache.hadoop.http.lib.StaticUserWebFilter$StaticUserFilter) to context logs
datanode_2  | 2019-11-15 20:11:09,150 INFO http.HttpServer2: Added global filter 'safety' (class=org.apache.hadoop.http.HttpServer2$QuotingInputFilter)
datanode_3  | 2019-11-15 20:11:07,939 INFO impl.MetricsSinkAdapter: Sink prometheus started
rm_1        | 2019-11-15 20:11:04 INFO  AsyncDispatcher:223 - Registering class org.apache.hadoop.yarn.server.resourcemanager.RMAppManagerEventType for class org.apache.hadoop.yarn.server.resourcemanager.RMAppManager
om_1        | 2019-11-15 20:11:15,635 INFO db.DBStoreBuilder: using custom profile for table: deletedTable
nm_1        | 2019-11-15 20:11:04 INFO  AsyncDispatcher:223 - Registering class org.apache.hadoop.yarn.server.nodemanager.containermanager.localizer.sharedcache.SharedCacheUploadEventType for class org.apache.hadoop.yarn.server.nodemanager.containermanager.localizer.sharedcache.SharedCacheUploadService
datanode_1  | 2019-11-15 20:11:07,582 INFO http.HttpServer2: Jetty bound to port 9882
scm_1       | 2019-11-15 20:11:06,868 INFO db.DBStoreBuilder: using custom profile for table: validCerts
datanode_3  | 2019-11-15 20:11:07,939 INFO impl.MetricsSystemImpl: Registered sink prometheus
datanode_2  | 2019-11-15 20:11:09,153 INFO http.HttpServer2: Added filter static_user_filter (class=org.apache.hadoop.http.lib.StaticUserWebFilter$StaticUserFilter) to context hddsDatanode
rm_1        | 2019-11-15 20:11:04 INFO  AsyncDispatcher:223 - Registering class org.apache.hadoop.yarn.server.resourcemanager.amlauncher.AMLauncherEventType for class org.apache.hadoop.yarn.server.resourcemanager.amlauncher.ApplicationMasterLauncher
om_1        | 2019-11-15 20:11:15,635 INFO db.DBStoreBuilder: Using default column profile:DBProfile.DISK for Table:deletedTable
nm_1        | 2019-11-15 20:11:04 INFO  ContainerManagerImpl:336 - AMRMProxyService is disabled
datanode_1  | 2019-11-15 20:11:07,585 INFO server.Server: jetty-9.3.25.v20180904, build timestamp: 2018-09-04T21:11:46Z, git hash: 3ce520221d0240229c862b122d2b06c12a625732
scm_1       | 2019-11-15 20:11:06,869 INFO db.DBStoreBuilder: Using default column profile:DBProfile.DISK for Table:validCerts
datanode_3  | 2019-11-15 20:11:07,942 INFO server.BaseHttpServer: HTTP server of HDDSDATANODE is listening at http://0.0.0.0:9882
datanode_2  | 2019-11-15 20:11:09,153 INFO http.HttpServer2: Added filter static_user_filter (class=org.apache.hadoop.http.lib.StaticUserWebFilter$StaticUserFilter) to context static
rm_1        | 2019-11-15 20:11:04 INFO  RMNMInfo:63 - Registered RMNMInfo MBean
om_1        | 2019-11-15 20:11:15,635 INFO db.DBStoreBuilder: using custom profile for table: openKeyTable
nm_1        | 2019-11-15 20:11:04 INFO  ResourceLocalizationService:242 - per directory file limit = 8192
scm_1       | 2019-11-15 20:11:06,869 INFO db.DBStoreBuilder: using custom profile for table: revokedCerts
datanode_1  | 2019-11-15 20:11:07,648 INFO handler.ContextHandler: Started o.e.j.s.ServletContextHandler@709ed6f3{/logs,file:///var/log/hadoop/,AVAILABLE}
datanode_3  | 2019-11-15 20:11:07,956 INFO util.JvmPauseMonitor: Starting JVM pause monitor
datanode_2  | 2019-11-15 20:11:09,153 INFO http.HttpServer2: Added filter static_user_filter (class=org.apache.hadoop.http.lib.StaticUserWebFilter$StaticUserFilter) to context logs
om_1        | 2019-11-15 20:11:15,635 INFO db.DBStoreBuilder: Using default column profile:DBProfile.DISK for Table:openKeyTable
rm_1        | 2019-11-15 20:11:04 INFO  RMAppLifetimeMonitor:66 - Application lifelime monitor interval set to 3000 ms.
nm_1        | 2019-11-15 20:11:04 INFO  AsyncDispatcher:223 - Registering class org.apache.hadoop.yarn.server.nodemanager.containermanager.localizer.event.LocalizerEventType for class org.apache.hadoop.yarn.server.nodemanager.containermanager.localizer.ResourceLocalizationService$LocalizerTracker
scm_1       | 2019-11-15 20:11:06,869 INFO db.DBStoreBuilder: Using default column profile:DBProfile.DISK for Table:revokedCerts
datanode_1  | 2019-11-15 20:11:07,650 INFO handler.ContextHandler: Started o.e.j.s.ServletContextHandler@4052c8c2{/static,jar:file:/opt/hadoop/share/ozone/lib/hadoop-hdds-container-service-0.5.0-SNAPSHOT.jar!/webapps/static,AVAILABLE}
datanode_3  | 2019-11-15 20:11:08,256 INFO datanode.InitDatanodeState: DatanodeDetails is persisted to /data/metadata/datanode.id
datanode_2  | 2019-11-15 20:11:09,191 INFO http.HttpServer2: Jetty bound to port 9882
om_1        | 2019-11-15 20:11:15,635 INFO db.DBStoreBuilder: using custom profile for table: s3Table
rm_1        | 2019-11-15 20:11:04 INFO  MultiNodeSortingManager:59 - Initializing NodeSortingService=MultiNodeSortingManager
nm_1        | 2019-11-15 20:11:04 INFO  ResourceHandlerModule:197 - Using traffic control bandwidth handler
scm_1       | 2019-11-15 20:11:06,883 INFO db.DBStoreBuilder: using custom profile for table: default
datanode_1  | 2019-11-15 20:11:07,812 INFO handler.ContextHandler: Started o.e.j.w.WebAppContext@440e3ce6{/,file:///tmp/jetty-0.0.0.0-9882-hddsDatanode-_-any-11835145054977086886.dir/webapp/,AVAILABLE}{/hddsDatanode}
datanode_3  | 2019-11-15 20:11:10,131 INFO ozoneimpl.OzoneContainer: Attempting to start container services.
datanode_2  | 2019-11-15 20:11:09,193 INFO server.Server: jetty-9.3.25.v20180904, build timestamp: 2018-09-04T21:11:46Z, git hash: 3ce520221d0240229c862b122d2b06c12a625732
om_1        | 2019-11-15 20:11:15,635 INFO db.DBStoreBuilder: Using default column profile:DBProfile.DISK for Table:s3Table
rm_1        | 2019-11-15 20:11:04 INFO  HostsFileReader:211 - Refreshing hosts (include/exclude) list
nm_1        | 2019-11-15 20:11:04 INFO  AuxServices:103 - Adding auxiliary service mapreduce_shuffle, "mapreduce_shuffle"
scm_1       | 2019-11-15 20:11:06,883 INFO db.DBStoreBuilder: Using default column profile:DBProfile.DISK for Table:default
datanode_1  | 2019-11-15 20:11:07,825 INFO server.AbstractConnector: Started ServerConnector@413fa0b9{HTTP/1.1,[http/1.1]}{0.0.0.0:9882}
datanode_3  | 2019-11-15 20:11:10,134 INFO ozoneimpl.OzoneContainer: Background container scanner has been disabled.
datanode_2  | 2019-11-15 20:11:09,235 INFO handler.ContextHandler: Started o.e.j.s.ServletContextHandler@7d44a19{/logs,file:///var/log/hadoop/,AVAILABLE}
om_1        | 2019-11-15 20:11:15,636 INFO db.DBStoreBuilder: using custom profile for table: multipartInfoTable
rm_1        | 2019-11-15 20:11:04 INFO  Configuration:2755 - found resource capacity-scheduler.xml at file:/opt/hadoop/etc/hadoop/capacity-scheduler.xml
nm_1        | 2019-11-15 20:11:04 INFO  ContainersMonitorImpl:138 -  Using ResourceCalculatorPlugin : org.apache.hadoop.yarn.util.ResourceCalculatorPlugin@69c81773
scm_1       | 2019-11-15 20:11:06,886 INFO db.DBStoreBuilder: Using default options. DBProfile.DISK
datanode_1  | 2019-11-15 20:11:07,826 INFO server.Server: Started @4990ms
datanode_3  | 2019-11-15 20:11:10,134 INFO ratis.XceiverServerRatis: Starting XceiverServerRatis 3c03ea54-4b27-43c5-a137-d676eed5412f at port 9858
datanode_2  | 2019-11-15 20:11:09,236 INFO handler.ContextHandler: Started o.e.j.s.ServletContextHandler@437486cd{/static,jar:file:/opt/hadoop/share/ozone/lib/hadoop-hdds-container-service-0.5.0-SNAPSHOT.jar!/webapps/static,AVAILABLE}
om_1        | 2019-11-15 20:11:15,636 INFO db.DBStoreBuilder: Using default column profile:DBProfile.DISK for Table:multipartInfoTable
rm_1        | 2019-11-15 20:11:04 INFO  AbstractYarnScheduler:1390 - Minimum allocation = <memory:1024, vCores:1>
nm_1        | 2019-11-15 20:11:04 INFO  ContainersMonitorImpl:143 -  Using ResourceCalculatorProcessTree : null
scm_1       | 2019-11-15 20:11:07,231 INFO net.NodeSchemaLoader: Loading file from java.lang.CompoundEnumeration@589da3f3
datanode_1  | 2019-11-15 20:11:07,837 INFO impl.MetricsSinkAdapter: Sink prometheus started
scm_1       | 2019-11-15 20:11:07,234 INFO net.NodeSchemaLoader: Loading network topology layer schema file
datanode_2  | 2019-11-15 20:11:09,325 INFO handler.ContextHandler: Started o.e.j.w.WebAppContext@4527f70a{/,file:///tmp/jetty-0.0.0.0-9882-hddsDatanode-_-any-16594444659592538369.dir/webapp/,AVAILABLE}{/hddsDatanode}
datanode_2  | 2019-11-15 20:11:09,335 INFO server.AbstractConnector: Started ServerConnector@69097eb0{HTTP/1.1,[http/1.1]}{0.0.0.0:9882}
rm_1        | 2019-11-15 20:11:04 INFO  AbstractYarnScheduler:1402 - Maximum allocation = <memory:8192, vCores:4>
nm_1        | 2019-11-15 20:11:04 INFO  ContainersMonitorImpl:190 - Physical memory check enabled: false
datanode_3  | 2019-11-15 20:11:10,153 INFO impl.RaftServerProxy: 3c03ea54-4b27-43c5-a137-d676eed5412f: start RPC server
datanode_1  | 2019-11-15 20:11:07,837 INFO impl.MetricsSystemImpl: Registered sink prometheus
scm_1       | 2019-11-15 20:11:07,412 INFO node.SCMNodeManager: Entering startup safe mode.
om_1        | 2019-11-15 20:11:15,636 INFO db.DBStoreBuilder: using custom profile for table: dTokenTable
rm_1        | 2019-11-15 20:11:04 INFO  CapacitySchedulerConfiguration:894 - max alloc mb per queue for root is undefined
datanode_2  | 2019-11-15 20:11:09,336 INFO server.Server: Started @5541ms
nm_1        | 2019-11-15 20:11:04 INFO  ContainersMonitorImpl:191 - Virtual memory check enabled: false
datanode_3  | 2019-11-15 20:11:10,259 INFO server.GrpcService: 3c03ea54-4b27-43c5-a137-d676eed5412f: GrpcService started, listening on 0.0.0.0/0.0.0.0:9858
datanode_1  | 2019-11-15 20:11:07,840 INFO server.BaseHttpServer: HTTP server of HDDSDATANODE is listening at http://0.0.0.0:9882
scm_1       | 2019-11-15 20:11:07,630 INFO algorithms.ContainerPlacementPolicyFactory: Create container placement policy of type org.apache.hadoop.hdds.scm.container.placement.algorithms.SCMContainerPlacementRandom
om_1        | 2019-11-15 20:11:15,636 INFO db.DBStoreBuilder: Using default column profile:DBProfile.DISK for Table:dTokenTable
rm_1        | 2019-11-15 20:11:04 INFO  CapacitySchedulerConfiguration:898 - max alloc vcore per queue for root is undefined
datanode_2  | 2019-11-15 20:11:09,339 INFO impl.MetricsSinkAdapter: Sink prometheus started
nm_1        | 2019-11-15 20:11:04 INFO  ContainersMonitorImpl:192 - Elastic memory control enabled: false
datanode_3  | WARNING: An illegal reflective access operation has occurred
datanode_1  | 2019-11-15 20:11:07,861 INFO util.JvmPauseMonitor: Starting JVM pause monitor
rm_1        | 2019-11-15 20:11:04 INFO  ParentQueue:151 - root, capacity=1.0, absoluteCapacity=1.0, maxCapacity=1.0, absoluteMaxCapacity=1.0, state=RUNNING, acls=ADMINISTER_QUEUE:*SUBMIT_APP:*, labels=*,
datanode_2  | 2019-11-15 20:11:09,339 INFO impl.MetricsSystemImpl: Registered sink prometheus
scm_1       | 2019-11-15 20:11:07,654 WARN server.ServerUtils: ozone.scm.db.dirs is not configured. We recommend adding this setting. Falling back to ozone.metadata.dirs instead.
nm_1        | 2019-11-15 20:11:04 INFO  ContainersMonitorImpl:193 - Strict memory control enabled: true
om_1        | 2019-11-15 20:11:15,636 INFO db.DBStoreBuilder: using custom profile for table: s3SecretTable
datanode_1  | 2019-11-15 20:11:08,135 INFO datanode.InitDatanodeState: DatanodeDetails is persisted to /data/metadata/datanode.id
datanode_3  | WARNING: Illegal reflective access by org.apache.ratis.thirdparty.com.google.protobuf.UnsafeUtil (file:/opt/hadoop/share/ozone/lib/ratis-thirdparty-misc-0.2.0.jar) to field java.nio.Buffer.address
rm_1        | , reservationsContinueLooking=true, orderingPolicy=utilization, priority=0
datanode_2  | 2019-11-15 20:11:09,341 INFO server.BaseHttpServer: HTTP server of HDDSDATANODE is listening at http://0.0.0.0:9882
scm_1       | 2019-11-15 20:11:07,813 INFO pipeline.SCMPipelineManager: No pipeline exists in current db
nm_1        | 2019-11-15 20:11:04 INFO  ContainersMonitorImpl:218 - ContainersMonitor enabled: true
om_1        | 2019-11-15 20:11:15,636 INFO db.DBStoreBuilder: Using default column profile:DBProfile.DISK for Table:s3SecretTable
datanode_1  | 2019-11-15 20:11:10,131 INFO ozoneimpl.OzoneContainer: Attempting to start container services.
datanode_3  | WARNING: Please consider reporting this to the maintainers of org.apache.ratis.thirdparty.com.google.protobuf.UnsafeUtil
rm_1        | 2019-11-15 20:11:04 INFO  ParentQueue:114 - Initialized parent-queue root name=root, fullname=root
datanode_2  | 2019-11-15 20:11:09,358 INFO util.JvmPauseMonitor: Starting JVM pause monitor
scm_1       | 2019-11-15 20:11:07,817 WARN server.ServerUtils: ozone.scm.db.dirs is not configured. We recommend adding this setting. Falling back to ozone.metadata.dirs instead.
nm_1        | 2019-11-15 20:11:04 INFO  ContainerManagerImpl:394 - Not a recoverable state store. Nothing to recover.
om_1        | 2019-11-15 20:11:15,637 INFO db.DBStoreBuilder: using custom profile for table: prefixTable
datanode_1  | 2019-11-15 20:11:10,133 INFO ozoneimpl.OzoneContainer: Background container scanner has been disabled.
datanode_3  | WARNING: Use --illegal-access=warn to enable warnings of further illegal reflective access operations
datanode_2  | 2019-11-15 20:11:09,547 INFO datanode.InitDatanodeState: DatanodeDetails is persisted to /data/metadata/datanode.id
rm_1        | 2019-11-15 20:11:04 INFO  CapacitySchedulerConfiguration:894 - max alloc mb per queue for root.default is undefined
scm_1       | 2019-11-15 20:11:08,025 WARN events.EventQueue: No event handler registered for event TypedEvent{payloadType=SafeModeStatus, name='SafeModeStatus'}
nm_1        | 2019-11-15 20:11:04 INFO  Configuration:2752 - resource-types.xml not found
om_1        | 2019-11-15 20:11:15,637 INFO db.DBStoreBuilder: Using default column profile:DBProfile.DISK for Table:prefixTable
datanode_1  | 2019-11-15 20:11:10,133 INFO ratis.XceiverServerRatis: Starting XceiverServerRatis 481a3b15-85de-4ee6-9ee0-7f20a6dd6c72 at port 9858
datanode_3  | WARNING: All illegal access operations will be denied in a future release
datanode_2  | 2019-11-15 20:11:11,652 INFO ozoneimpl.OzoneContainer: Attempting to start container services.
rm_1        | 2019-11-15 20:11:04 INFO  CapacitySchedulerConfiguration:898 - max alloc vcore per queue for root.default is undefined
scm_1       | 2019-11-15 20:11:08,941 INFO ipc.CallQueueManager: Using callQueue: class java.util.concurrent.LinkedBlockingQueue, queueCapacity: 1000, scheduler: class org.apache.hadoop.ipc.DefaultRpcScheduler, ipcBackoff: false.
nm_1        | 2019-11-15 20:11:04 INFO  ResourceUtils:419 - Unable to find 'resource-types.xml'.
om_1        | 2019-11-15 20:11:15,649 INFO db.DBStoreBuilder: using custom profile for table: default
datanode_1  | 2019-11-15 20:11:10,153 INFO impl.RaftServerProxy: 481a3b15-85de-4ee6-9ee0-7f20a6dd6c72: start RPC server
datanode_3  | 2019-11-15 20:11:13,412 INFO impl.RaftServerProxy: 3c03ea54-4b27-43c5-a137-d676eed5412f: addNew group-BEE6B52EE722:[3c03ea54-4b27-43c5-a137-d676eed5412f:172.18.0.9:9858] returns group-BEE6B52EE722:java.util.concurrent.CompletableFuture@7766098[Not completed]
datanode_2  | 2019-11-15 20:11:11,653 INFO ozoneimpl.OzoneContainer: Background container scanner has been disabled.
rm_1        | 2019-11-15 20:11:04 INFO  LeafQueue:285 - Initializing default
scm_1       | 2019-11-15 20:11:08,970 INFO ipc.Server: Starting Socket Reader #1 for port 9861
om_1        | 2019-11-15 20:11:15,649 INFO db.DBStoreBuilder: Using default column profile:DBProfile.DISK for Table:default
nm_1        | 2019-11-15 20:11:04 INFO  Configuration:2752 - node-resources.xml not found
datanode_1  | 2019-11-15 20:11:10,281 INFO server.GrpcService: 481a3b15-85de-4ee6-9ee0-7f20a6dd6c72: GrpcService started, listening on 0.0.0.0/0.0.0.0:9858
datanode_3  | 2019-11-15 20:11:13,425 INFO impl.RaftServerImpl: 3c03ea54-4b27-43c5-a137-d676eed5412f: new RaftServerImpl for group-BEE6B52EE722:[3c03ea54-4b27-43c5-a137-d676eed5412f:172.18.0.9:9858] with ContainerStateMachine:uninitialized
datanode_2  | 2019-11-15 20:11:11,653 INFO ratis.XceiverServerRatis: Starting XceiverServerRatis 5bc83dcb-07f6-4596-babd-8709f9805a07 at port 9858
rm_1        | capacity = 1.0 [= (float) configuredCapacity / 100 ]
scm_1       | 2019-11-15 20:11:09,011 INFO ipc.CallQueueManager: Using callQueue: class java.util.concurrent.LinkedBlockingQueue, queueCapacity: 1000, scheduler: class org.apache.hadoop.ipc.DefaultRpcScheduler, ipcBackoff: false.
nm_1        | 2019-11-15 20:11:04 INFO  ResourceUtils:419 - Unable to find 'node-resources.xml'.
om_1        | 2019-11-15 20:11:15,650 INFO db.DBStoreBuilder: Using default options. DBProfile.DISK
datanode_1  | WARNING: An illegal reflective access operation has occurred
datanode_2  | 2019-11-15 20:11:11,675 INFO impl.RaftServerProxy: 5bc83dcb-07f6-4596-babd-8709f9805a07: start RPC server
rm_1        | absoluteCapacity = 1.0 [= parentAbsoluteCapacity * capacity ]
scm_1       | 2019-11-15 20:11:09,012 INFO ipc.Server: Starting Socket Reader #1 for port 9863
nm_1        | 2019-11-15 20:11:04 INFO  NodeStatusUpdaterImpl:199 - Nodemanager resources is set to: <memory:8192, vCores:8>
datanode_3  | 2019-11-15 20:11:13,426 INFO server.RaftServerConfigKeys: raft.server.rpc.timeout.min = 5s (custom)
datanode_2  | 2019-11-15 20:11:11,843 INFO server.GrpcService: 5bc83dcb-07f6-4596-babd-8709f9805a07: GrpcService started, listening on 0.0.0.0/0.0.0.0:9858
rm_1        | maxCapacity = 1.0 [= configuredMaxCapacity ]
scm_1       | 2019-11-15 20:11:09,022 INFO ipc.CallQueueManager: Using callQueue: class java.util.concurrent.LinkedBlockingQueue, queueCapacity: 1000, scheduler: class org.apache.hadoop.ipc.DefaultRpcScheduler, ipcBackoff: false.
nm_1        | 2019-11-15 20:11:05 INFO  NodeStatusUpdaterImpl:247 - Initialized nodemanager with : physical-memory=8192 virtual-memory=17204 virtual-cores=8
datanode_3  | 2019-11-15 20:11:13,426 INFO server.RaftServerConfigKeys: raft.server.rpc.timeout.max = 5200ms (custom)
datanode_1  | WARNING: Illegal reflective access by org.apache.ratis.thirdparty.com.google.protobuf.UnsafeUtil (file:/opt/hadoop/share/ozone/lib/ratis-thirdparty-misc-0.2.0.jar) to field java.nio.Buffer.address
datanode_2  | WARNING: An illegal reflective access operation has occurred
om_1        | 2019-11-15 20:11:16,349 INFO ipc.CallQueueManager: Using callQueue: class java.util.concurrent.LinkedBlockingQueue, queueCapacity: 2000, scheduler: class org.apache.hadoop.ipc.DefaultRpcScheduler, ipcBackoff: false.
rm_1        | absoluteMaxCapacity = 1.0 [= 1.0 maximumCapacity undefined, (parentAbsoluteMaxCapacity * maximumCapacity) / 100 otherwise ]
scm_1       | 2019-11-15 20:11:09,023 INFO ipc.Server: Starting Socket Reader #1 for port 9860
nm_1        | 2019-11-15 20:11:05 INFO  CallQueueManager:84 - Using callQueue: class java.util.concurrent.LinkedBlockingQueue, queueCapacity: 2000, scheduler: class org.apache.hadoop.ipc.DefaultRpcScheduler, ipcBackoff: false.
datanode_3  | 2019-11-15 20:11:13,426 INFO server.RaftServerConfigKeys: raft.server.rpcslowness.timeout = 120s (custom)
datanode_1  | WARNING: Please consider reporting this to the maintainers of org.apache.ratis.thirdparty.com.google.protobuf.UnsafeUtil
om_1        | 2019-11-15 20:11:16,363 INFO ipc.Server: Starting Socket Reader #1 for port 9862
datanode_2  | WARNING: Illegal reflective access by org.apache.ratis.thirdparty.com.google.protobuf.UnsafeUtil (file:/opt/hadoop/share/ozone/lib/ratis-thirdparty-misc-0.2.0.jar) to field java.nio.Buffer.address
scm_1       | 2019-11-15 20:11:09,106 INFO hdfs.DFSUtil: Starting Web-server for scm at: http://0.0.0.0:9876
nm_1        | 2019-11-15 20:11:05 INFO  Server:1074 - Starting Socket Reader #1 for port 35819
rm_1        | effectiveMinResource=<memory:0, vCores:0>
datanode_3  | 2019-11-15 20:11:13,427 INFO server.RaftServerConfigKeys: raft.server.sleep.deviation.threshold = 300 (default)
datanode_1  | WARNING: Use --illegal-access=warn to enable warnings of further illegal reflective access operations
om_1        | 2019-11-15 20:11:16,410 INFO om.OzoneManager: OzoneManager RPC server is listening at om/172.18.0.8:9862
datanode_2  | WARNING: Please consider reporting this to the maintainers of org.apache.ratis.thirdparty.com.google.protobuf.UnsafeUtil
scm_1       | 2019-11-15 20:11:09,298 INFO server.AuthenticationFilter: Unable to initialize FileSignerSecretProvider, falling back to use random secrets.
nm_1        | 2019-11-15 20:11:05 INFO  RpcServerFactoryPBImpl:173 - Adding protocol org.apache.hadoop.yarn.api.ContainerManagementProtocolPB to the server
rm_1        |  , effectiveMaxResource=<memory:0, vCores:0>
datanode_3  | 2019-11-15 20:11:13,427 INFO server.RaftServerConfigKeys: raft.server.log.appender.install.snapshot.enabled = false (custom)
om_1        | 2019-11-15 20:11:16,498 INFO impl.MetricsConfig: Loaded properties from hadoop-metrics2.properties
datanode_1  | WARNING: All illegal access operations will be denied in a future release
datanode_2  | WARNING: Use --illegal-access=warn to enable warnings of further illegal reflective access operations
scm_1       | 2019-11-15 20:11:09,311 INFO http.HttpRequestLog: Http request log for http.requests.scm is not defined
nm_1        | 2019-11-15 20:11:05 INFO  Server:1314 - IPC Server Responder: starting
rm_1        | userLimit = 100 [= configuredUserLimit ]
om_1        | 2019-11-15 20:11:16,550 INFO impl.MetricsSystemImpl: Scheduled Metric snapshot period at 10 second(s).
datanode_3  | 2019-11-15 20:11:13,432 INFO impl.RaftServerImpl: 3c03ea54-4b27-43c5-a137-d676eed5412f@group-BEE6B52EE722: ConfigurationManager, init=-1: [3c03ea54-4b27-43c5-a137-d676eed5412f:172.18.0.9:9858], old=null, confs=<EMPTY_MAP>
datanode_1  | 2019-11-15 20:11:12,860 INFO impl.RaftServerProxy: 481a3b15-85de-4ee6-9ee0-7f20a6dd6c72: addNew group-1E636FAD9639:[481a3b15-85de-4ee6-9ee0-7f20a6dd6c72:172.18.0.5:9858] returns group-1E636FAD9639:java.util.concurrent.CompletableFuture@3f653e01[Not completed]
datanode_2  | WARNING: All illegal access operations will be denied in a future release
scm_1       | 2019-11-15 20:11:09,319 INFO http.HttpServer2: Added global filter 'safety' (class=org.apache.hadoop.http.HttpServer2$QuotingInputFilter)
nm_1        | 2019-11-15 20:11:05 INFO  Server:1153 - IPC Server listener on 35819: starting
rm_1        | userLimitFactor = 1.0 [= configuredUserLimitFactor ]
om_1        | 2019-11-15 20:11:16,551 INFO impl.MetricsSystemImpl: OzoneManager metrics system started
datanode_3  | 2019-11-15 20:11:13,433 INFO server.RaftServerConfigKeys: raft.server.storage.dir = [/data/metadata/ratis] (custom)
datanode_1  | 2019-11-15 20:11:12,878 INFO impl.RaftServerImpl: 481a3b15-85de-4ee6-9ee0-7f20a6dd6c72: new RaftServerImpl for group-1E636FAD9639:[481a3b15-85de-4ee6-9ee0-7f20a6dd6c72:172.18.0.5:9858] with ContainerStateMachine:uninitialized
datanode_2  | 2019-11-15 20:11:13,900 INFO impl.RaftServerProxy: 5bc83dcb-07f6-4596-babd-8709f9805a07: addNew group-D45666B49FB3:[5bc83dcb-07f6-4596-babd-8709f9805a07:172.18.0.6:9858] returns group-D45666B49FB3:java.util.concurrent.CompletableFuture@188afa25[Not completed]
scm_1       | 2019-11-15 20:11:09,323 INFO http.HttpServer2: Added filter static_user_filter (class=org.apache.hadoop.http.lib.StaticUserWebFilter$StaticUserFilter) to context scm
nm_1        | 2019-11-15 20:11:05 INFO  NMContainerTokenSecretManager:265 - Updating node address : nm:35819
om_1        | 2019-11-15 20:11:16,594 INFO ipc.Server: IPC Server Responder: starting
rm_1        | maxApplications = 10000 [= configuredMaximumSystemApplicationsPerQueue or (int)(configuredMaximumSystemApplications * absoluteCapacity)]
datanode_3  | 2019-11-15 20:11:13,437 INFO server.RaftServerConfigKeys: raft.server.log.corruption.policy = EXCEPTION (default)
datanode_1  | 2019-11-15 20:11:12,879 INFO server.RaftServerConfigKeys: raft.server.rpc.timeout.min = 5s (custom)
datanode_2  | 2019-11-15 20:11:13,914 INFO impl.RaftServerImpl: 5bc83dcb-07f6-4596-babd-8709f9805a07: new RaftServerImpl for group-D45666B49FB3:[5bc83dcb-07f6-4596-babd-8709f9805a07:172.18.0.6:9858] with ContainerStateMachine:uninitialized
scm_1       | 2019-11-15 20:11:09,323 INFO http.HttpServer2: Added filter static_user_filter (class=org.apache.hadoop.http.lib.StaticUserWebFilter$StaticUserFilter) to context logs
om_1        | 2019-11-15 20:11:16,594 INFO ipc.Server: IPC Server listener on 9862: starting
nm_1        | 2019-11-15 20:11:05 INFO  CallQueueManager:84 - Using callQueue: class java.util.concurrent.LinkedBlockingQueue, queueCapacity: 500, scheduler: class org.apache.hadoop.ipc.DefaultRpcScheduler, ipcBackoff: false.
rm_1        | maxApplicationsPerUser = 10000 [= (int)(maxApplications * (userLimit / 100.0f) * userLimitFactor) ]
datanode_3  | 2019-11-15 20:11:13,438 INFO storage.RaftStorageDirectory: The storage directory /data/metadata/ratis/2b01bef3-02de-43cc-8a6b-bee6b52ee722 does not exist. Creating ...
datanode_1  | 2019-11-15 20:11:12,880 INFO server.RaftServerConfigKeys: raft.server.rpc.timeout.max = 5200ms (custom)
datanode_2  | 2019-11-15 20:11:13,915 INFO server.RaftServerConfigKeys: raft.server.rpc.timeout.min = 5s (custom)
scm_1       | 2019-11-15 20:11:09,323 INFO http.HttpServer2: Added filter static_user_filter (class=org.apache.hadoop.http.lib.StaticUserWebFilter$StaticUserFilter) to context static
om_1        | 2019-11-15 20:11:16,622 INFO hdfs.DFSUtil: Starting Web-server for ozoneManager at: http://0.0.0.0:9874
datanode_3  | 2019-11-15 20:11:13,496 INFO storage.RaftStorageDirectory: Lock on /data/metadata/ratis/2b01bef3-02de-43cc-8a6b-bee6b52ee722/in_use.lock acquired by nodename 7@421f7cf15fc9
rm_1        | usedCapacity = 0.0 [= usedResourcesMemory / (clusterResourceMemory * absoluteCapacity)]
nm_1        | 2019-11-15 20:11:05 INFO  Server:1074 - Starting Socket Reader #1 for port 8040
datanode_1  | 2019-11-15 20:11:12,880 INFO server.RaftServerConfigKeys: raft.server.rpcslowness.timeout = 120s (custom)
datanode_2  | 2019-11-15 20:11:13,916 INFO server.RaftServerConfigKeys: raft.server.rpc.timeout.max = 5200ms (custom)
scm_1       | 2019-11-15 20:11:09,350 INFO server.StorageContainerManager: StorageContainerLocationProtocol RPC server is listening at /0.0.0.0:9860
om_1        | 2019-11-15 20:11:16,735 INFO server.AuthenticationFilter: Unable to initialize FileSignerSecretProvider, falling back to use random secrets.
datanode_3  | 2019-11-15 20:11:13,529 INFO storage.RaftStorage: Storage directory /data/metadata/ratis/2b01bef3-02de-43cc-8a6b-bee6b52ee722 has been successfully formatted.
rm_1        | absoluteUsedCapacity = 0.0 [= usedResourcesMemory / clusterResourceMemory]
nm_1        | 2019-11-15 20:11:05 INFO  RpcServerFactoryPBImpl:173 - Adding protocol org.apache.hadoop.yarn.server.nodemanager.api.LocalizationProtocolPB to the server
datanode_1  | 2019-11-15 20:11:12,880 INFO server.RaftServerConfigKeys: raft.server.sleep.deviation.threshold = 300 (default)
datanode_2  | 2019-11-15 20:11:13,916 INFO server.RaftServerConfigKeys: raft.server.rpcslowness.timeout = 120s (custom)
scm_1       | 2019-11-15 20:11:09,425 INFO impl.MetricsConfig: Loaded properties from hadoop-metrics2.properties
om_1        | 2019-11-15 20:11:16,738 INFO http.HttpRequestLog: Http request log for http.requests.ozoneManager is not defined
datanode_3  | 2019-11-15 20:11:13,533 INFO ratis.ContainerStateMachine: group-BEE6B52EE722: The snapshot info is null. Setting the last applied indexto:(t:0, i:~)
rm_1        | maxAMResourcePerQueuePercent = 0.1 [= configuredMaximumAMResourcePercent ]
nm_1        | 2019-11-15 20:11:05 INFO  Server:1314 - IPC Server Responder: starting
datanode_1  | 2019-11-15 20:11:12,881 INFO server.RaftServerConfigKeys: raft.server.log.appender.install.snapshot.enabled = false (custom)
datanode_2  | 2019-11-15 20:11:13,916 INFO server.RaftServerConfigKeys: raft.server.sleep.deviation.threshold = 300 (default)
scm_1       | 2019-11-15 20:11:09,478 INFO impl.MetricsSystemImpl: Scheduled Metric snapshot period at 10 second(s).
om_1        | 2019-11-15 20:11:16,744 INFO http.HttpServer2: Added global filter 'safety' (class=org.apache.hadoop.http.HttpServer2$QuotingInputFilter)
datanode_3  | 2019-11-15 20:11:13,533 INFO server.RaftServerConfigKeys: raft.server.notification.no-leader.timeout = 120s (custom)
rm_1        | minimumAllocationFactor = 0.875 [= (float)(maximumAllocationMemory - minimumAllocationMemory) / maximumAllocationMemory ]
nm_1        | 2019-11-15 20:11:05 INFO  Server:1153 - IPC Server listener on 8040: starting
datanode_1  | 2019-11-15 20:11:12,886 INFO impl.RaftServerImpl: 481a3b15-85de-4ee6-9ee0-7f20a6dd6c72@group-1E636FAD9639: ConfigurationManager, init=-1: [481a3b15-85de-4ee6-9ee0-7f20a6dd6c72:172.18.0.5:9858], old=null, confs=<EMPTY_MAP>
datanode_2  | 2019-11-15 20:11:13,917 INFO server.RaftServerConfigKeys: raft.server.log.appender.install.snapshot.enabled = false (custom)
scm_1       | 2019-11-15 20:11:09,478 INFO impl.MetricsSystemImpl: StorageContainerManager metrics system started
om_1        | 2019-11-15 20:11:16,746 INFO http.HttpServer2: Added filter static_user_filter (class=org.apache.hadoop.http.lib.StaticUserWebFilter$StaticUserFilter) to context ozoneManager
rm_1        | maximumAllocation = <memory:8192, vCores:4> [= configuredMaxAllocation ]
datanode_1  | 2019-11-15 20:11:12,886 INFO server.RaftServerConfigKeys: raft.server.storage.dir = [/data/metadata/ratis] (custom)
datanode_3  | 2019-11-15 20:11:13,535 INFO server.RaftServerConfigKeys: raft.server.log.use.memory = false (default)
datanode_2  | 2019-11-15 20:11:13,922 INFO impl.RaftServerImpl: 5bc83dcb-07f6-4596-babd-8709f9805a07@group-D45666B49FB3: ConfigurationManager, init=-1: [5bc83dcb-07f6-4596-babd-8709f9805a07:172.18.0.6:9858], old=null, confs=<EMPTY_MAP>
om_1        | 2019-11-15 20:11:16,746 INFO http.HttpServer2: Added filter static_user_filter (class=org.apache.hadoop.http.lib.StaticUserWebFilter$StaticUserFilter) to context static
scm_1       | 2019-11-15 20:11:09,760 INFO server.SCMClientProtocolServer: RPC server for Client  is listening at /0.0.0.0:9860
nm_1        | 2019-11-15 20:11:05 INFO  ResourceLocalizationService:392 - Localizer started on port 8040
rm_1        | numContainers = 0 [= currentNumContainers ]
datanode_1  | 2019-11-15 20:11:12,890 INFO server.RaftServerConfigKeys: raft.server.log.corruption.policy = EXCEPTION (default)
