Attaching to ozonesecure-mr_kms_1, ozonesecure-mr_nm_1, jhs, ozonesecure-mr_datanode_1, ozonesecure-mr_rm_1, ozonesecure-mr_kdc_1, ozonesecure-mr_om_1, ozonesecure-mr_scm_1, ozonesecure-mr_datanode_3, ozonesecure-mr_s3g_1, ozonesecure-mr_datanode_2
kms_1       | Sleeping for 5 seconds
datanode_1  | Sleeping for 5 seconds
kms_1       | Setting up kerberos!!
datanode_1  | Setting up kerberos!!
kms_1       | KDC ISSUER_SERVER => kdc:8081
datanode_1  | KDC ISSUER_SERVER => kdc:8081
kms_1       | /opt/starter.sh: line 66: SLEEP_SECONDS: command not found
datanode_1  | Sleeping for 5 seconds
datanode_1  | Got 200, KDC service ready!!
kms_1       | Sleeping for  seconds
rm_1        | Sleeping for 5 seconds
kms_1       | Got 200, KDC service ready!!
kms_1       | Download dn/d15033bbed55@EXAMPLE.COM keytab file to /etc/security/keytabs/dn.keytab
kms_1       | --2019-11-12 22:24:17--  http://kdc:8081/keytab/d15033bbed55/dn
kms_1       | Resolving kdc (kdc)... 172.19.0.7
datanode_1  | Download dn/bba766c4f7c2@EXAMPLE.COM keytab file to /etc/security/keytabs/dn.keytab
nm_1        | Sleeping for 5 seconds
kms_1       | Connecting to kdc (kdc)|172.19.0.7|:8081... connected.
jhs         | Sleeping for 5 seconds
rm_1        | Setting up kerberos!!
nm_1        | Setting up kerberos!!
datanode_1  | --2019-11-12 22:24:17--  http://kdc:8081/keytab/bba766c4f7c2/dn
kms_1       | HTTP request sent, awaiting response... 200 OK
rm_1        | KDC ISSUER_SERVER => kdc:8081
jhs         | Setting up kerberos!!
nm_1        | KDC ISSUER_SERVER => kdc:8081
datanode_1  | Resolving kdc (kdc)... 172.19.0.7
rm_1        | /opt/starter.sh: line 66: SLEEP_SECONDS: command not found
jhs         | KDC ISSUER_SERVER => kdc:8081
kms_1       | Length: 158 [application/octet-stream]
nm_1        | /opt/starter.sh: line 66: SLEEP_SECONDS: command not found
rm_1        | Sleeping for  seconds
kdc_1       | Issuer is listening on : 8081krb5kdc: starting...
jhs         | /opt/starter.sh: line 66: SLEEP_SECONDS: command not found
datanode_1  | Connecting to kdc (kdc)|172.19.0.7|:8081... connected.
kms_1       | Saving to: '/etc/security/keytabs/dn.keytab'
nm_1        | Sleeping for  seconds
scm_1       | Sleeping for 5 seconds
rm_1        | Got 200, KDC service ready!!
kdc_1       | kadmind: starting...
jhs         | Sleeping for  seconds
datanode_1  | HTTP request sent, awaiting response... 200 OK
kms_1       | 
nm_1        | Got 200, KDC service ready!!
scm_1       | Setting up kerberos!!
rm_1        | Download dn/rm@EXAMPLE.COM keytab file to /etc/security/keytabs/dn.keytab
kdc_1       | otp: Loaded
om_1        | Sleeping for 5 seconds
jhs         | Got 200, KDC service ready!!
datanode_1  | Length: 158 [application/octet-stream]
nm_1        | Download dn/nm@EXAMPLE.COM keytab file to /etc/security/keytabs/dn.keytab
scm_1       | KDC ISSUER_SERVER => kdc:8081
kdc_1       | Nov 12 22:24:07 kdc krb5kdc[9](info): setting up network...
rm_1        | --2019-11-12 22:24:17--  http://kdc:8081/keytab/rm/dn
kms_1       |      0K                                                       100% 15.9M=0s
om_1        | Setting up kerberos!!
datanode_1  | Saving to: '/etc/security/keytabs/dn.keytab'
nm_1        | --2019-11-12 22:24:18--  http://kdc:8081/keytab/nm/dn
kdc_1       | krb5kdc: setsockopt(9,IPV6_V6ONLY,1) worked
datanode_3  | Sleeping for 5 seconds
scm_1       | Sleeping for 5 seconds
jhs         | Download dn/jhs@EXAMPLE.COM keytab file to /etc/security/keytabs/dn.keytab
rm_1        | Resolving kdc (kdc)... 172.19.0.7
om_1        | KDC ISSUER_SERVER => kdc:8081
datanode_1  | 
nm_1        | Resolving kdc (kdc)... 172.19.0.7
kdc_1       | krb5kdc: setsockopt(11,IPV6_V6ONLY,1) worked
datanode_3  | Setting up kerberos!!
jhs         | --2019-11-12 22:24:17--  http://kdc:8081/keytab/jhs/dn
scm_1       | Got 200, KDC service ready!!
rm_1        | Connecting to kdc (kdc)|172.19.0.7|:8081... connected.
om_1        | Sleeping for 5 seconds
kms_1       | 
datanode_1  |      0K                                                       100% 19.8M=0s
nm_1        | Connecting to kdc (kdc)|172.19.0.7|:8081... connected.
kdc_1       | Nov 12 22:24:07 kdc krb5kdc[9](info): set up 4 sockets
datanode_2  | Sleeping for 5 seconds
datanode_3  | KDC ISSUER_SERVER => kdc:8081
jhs         | Resolving kdc (kdc)... 172.19.0.7
s3g_1       | Sleeping for 5 seconds
scm_1       | Download dn/scm@EXAMPLE.COM keytab file to /etc/security/keytabs/dn.keytab
rm_1        | HTTP request sent, awaiting response... 200 OK
om_1        | Got 200, KDC service ready!!
kms_1       | 2019-11-12 22:24:18 (15.9 MB/s) - '/etc/security/keytabs/dn.keytab' saved [158/158]
datanode_1  | 
nm_1        | HTTP request sent, awaiting response... 200 OK
kdc_1       | Nov 12 22:24:07 kdc krb5kdc[9](info): commencing operation
datanode_2  | Setting up kerberos!!
datanode_3  | Sleeping for 5 seconds
jhs         | Connecting to kdc (kdc)|172.19.0.7|:8081... connected.
s3g_1       | Setting up kerberos!!
scm_1       | --2019-11-12 22:24:17--  http://kdc:8081/keytab/scm/dn
rm_1        | Length: 138 [application/octet-stream]
om_1        | Download dn/om@EXAMPLE.COM keytab file to /etc/security/keytabs/dn.keytab
kms_1       | 
datanode_1  | 2019-11-12 22:24:18 (19.8 MB/s) - '/etc/security/keytabs/dn.keytab' saved [158/158]
nm_1        | Length: 138 [application/octet-stream]
kdc_1       | Nov 12 22:23:40 6b9360f5fcfe kadmin.local[1](info): No dictionary file specified, continuing without one.
datanode_2  | KDC ISSUER_SERVER => kdc:8081
datanode_3  | Got 200, KDC service ready!!
jhs         | HTTP request sent, awaiting response... 200 OK
s3g_1       | KDC ISSUER_SERVER => kdc:8081
scm_1       | Resolving kdc (kdc)... 172.19.0.7
rm_1        | Saving to: '/etc/security/keytabs/dn.keytab'
om_1        | --2019-11-12 22:24:17--  http://kdc:8081/keytab/om/dn
kms_1       | Keytab name: FILE:/etc/security/keytabs/dn.keytab
datanode_1  | 
nm_1        | Saving to: '/etc/security/keytabs/dn.keytab'
kdc_1       | Nov 12 22:23:44 0c36a02ee029 kadmin.local[1](info): No dictionary file specified, continuing without one.
datanode_2  | Sleeping for 5 seconds
datanode_3  | Download dn/565adcd529e8@EXAMPLE.COM keytab file to /etc/security/keytabs/dn.keytab
jhs         | Length: 140 [application/octet-stream]
s3g_1       | Sleeping for 5 seconds
scm_1       | Connecting to kdc (kdc)|172.19.0.7|:8081... connected.
om_1        | Resolving kdc (kdc)... 172.19.0.7
datanode_1  | Keytab name: FILE:/etc/security/keytabs/dn.keytab
kms_1       | KVNO Timestamp         Principal
rm_1        | 
nm_1        | 
datanode_2  | Got 200, KDC service ready!!
kdc_1       | Nov 12 22:24:11 kdc kadmind[15](info): No dictionary file specified, continuing without one.
datanode_3  | --2019-11-12 22:24:16--  http://kdc:8081/keytab/565adcd529e8/dn
jhs         | Saving to: '/etc/security/keytabs/dn.keytab'
s3g_1       | Got 200, KDC service ready!!
om_1        | Connecting to kdc (kdc)|172.19.0.7|:8081... connected.
kms_1       | ---- ----------------- --------------------------------------------------------
datanode_1  | KVNO Timestamp         Principal
scm_1       | HTTP request sent, awaiting response... 200 OK
rm_1        |      0K                                                       100% 13.2M=0s
nm_1        |      0K                                                       100% 20.8M=0s
datanode_2  | Download dn/24fa249972be@EXAMPLE.COM keytab file to /etc/security/keytabs/dn.keytab
kdc_1       | Nov 12 22:24:11 kdc kadmind[15](info): setting up network...
datanode_3  | Resolving kdc (kdc)... 172.19.0.7
jhs         | 
s3g_1       | Download dn/s3g@EXAMPLE.COM keytab file to /etc/security/keytabs/dn.keytab
kms_1       |    2 11/12/19 22:24:18 dn/d15033bbed55@EXAMPLE.COM
scm_1       | Length: 140 [application/octet-stream]
rm_1        | 
om_1        | HTTP request sent, awaiting response... 200 OK
datanode_2  | --2019-11-12 22:24:17--  http://kdc:8081/keytab/24fa249972be/dn
nm_1        | 
datanode_1  | ---- ----------------- --------------------------------------------------------
kdc_1       | kadmind: setsockopt(9,IPV6_V6ONLY,1) worked
datanode_3  | Connecting to kdc (kdc)|172.19.0.7|:8081... connected.
datanode_3  | HTTP request sent, awaiting response... 200 OK
s3g_1       | --2019-11-12 22:24:16--  http://kdc:8081/keytab/s3g/dn
s3g_1       | Resolving kdc (kdc)... 172.19.0.7
scm_1       | Saving to: '/etc/security/keytabs/dn.keytab'
om_1        | Length: 138 [application/octet-stream]
rm_1        | 2019-11-12 22:24:18 (13.2 MB/s) - '/etc/security/keytabs/dn.keytab' saved [138/138]
datanode_2  | Resolving kdc (kdc)... 172.19.0.7
nm_1        | 2019-11-12 22:24:19 (20.8 MB/s) - '/etc/security/keytabs/dn.keytab' saved [138/138]
nm_1        | 
nm_1        | Keytab name: FILE:/etc/security/keytabs/dn.keytab
datanode_3  | Length: 158 [application/octet-stream]
datanode_3  | Saving to: '/etc/security/keytabs/dn.keytab'
scm_1       | 
scm_1       |      0K                                                       100% 15.1M=0s
scm_1       | 
rm_1        | 
rm_1        | Keytab name: FILE:/etc/security/keytabs/dn.keytab
kdc_1       | kadmind: setsockopt(11,IPV6_V6ONLY,1) worked
datanode_1  |    2 11/12/19 22:24:18 dn/bba766c4f7c2@EXAMPLE.COM
om_1        | Saving to: '/etc/security/keytabs/dn.keytab'
kms_1       |    2 11/12/19 22:24:18 dn/d15033bbed55@EXAMPLE.COM
s3g_1       | Connecting to kdc (kdc)|172.19.0.7|:8081... connected.
scm_1       | 2019-11-12 22:24:17 (15.1 MB/s) - '/etc/security/keytabs/dn.keytab' saved [140/140]
jhs         |      0K                                                       100% 22.7M=0s
nm_1        | KVNO Timestamp         Principal
rm_1        | KVNO Timestamp         Principal
rm_1        | ---- ----------------- --------------------------------------------------------
rm_1        |    2 11/12/19 22:24:18 dn/rm@EXAMPLE.COM
om_1        | 
datanode_1  |    2 11/12/19 22:24:18 dn/bba766c4f7c2@EXAMPLE.COM
kdc_1       | kadmind: setsockopt(13,IPV6_V6ONLY,1) worked
kms_1       | Download om/d15033bbed55@EXAMPLE.COM keytab file to /etc/security/keytabs/om.keytab
scm_1       | 
jhs         | 
s3g_1       | HTTP request sent, awaiting response... 200 OK
nm_1        | ---- ----------------- --------------------------------------------------------
rm_1        |    2 11/12/19 22:24:18 dn/rm@EXAMPLE.COM
datanode_2  | Connecting to kdc (kdc)|172.19.0.7|:8081... connected.
datanode_3  | 
datanode_1  | Download om/bba766c4f7c2@EXAMPLE.COM keytab file to /etc/security/keytabs/om.keytab
kdc_1       | Nov 12 22:24:11 kdc kadmind[15](info): set up 6 sockets
kms_1       | --2019-11-12 22:24:18--  http://kdc:8081/keytab/d15033bbed55/om
scm_1       | Keytab name: FILE:/etc/security/keytabs/dn.keytab
om_1        |      0K                                                       100% 14.1M=0s
jhs         | 2019-11-12 22:24:18 (22.7 MB/s) - '/etc/security/keytabs/dn.keytab' saved [140/140]
s3g_1       | Length: 140 [application/octet-stream]
nm_1        |    2 11/12/19 22:24:19 dn/nm@EXAMPLE.COM
rm_1        | Download om/rm@EXAMPLE.COM keytab file to /etc/security/keytabs/om.keytab
datanode_2  | HTTP request sent, awaiting response... 200 OK
datanode_3  |      0K                                                       100% 17.0M=0s
datanode_1  | --2019-11-12 22:24:18--  http://kdc:8081/keytab/bba766c4f7c2/om
kdc_1       | Nov 12 22:24:11 kdc kadmind[15](info): Seeding random number generator
kms_1       | Resolving kdc (kdc)... 172.19.0.7
scm_1       | KVNO Timestamp         Principal
om_1        | 
jhs         | 
s3g_1       | Saving to: '/etc/security/keytabs/dn.keytab'
nm_1        |    2 11/12/19 22:24:19 dn/nm@EXAMPLE.COM
rm_1        | --2019-11-12 22:24:18--  http://kdc:8081/keytab/rm/om
datanode_2  | Length: 158 [application/octet-stream]
datanode_3  | 
datanode_1  | Resolving kdc (kdc)... 172.19.0.7
kdc_1       | Nov 12 22:24:11 kdc kadmind[15](info): starting
kms_1       | Connecting to kdc (kdc)|172.19.0.7|:8081... connected.
scm_1       | ---- ----------------- --------------------------------------------------------
om_1        | 2019-11-12 22:24:18 (14.1 MB/s) - '/etc/security/keytabs/dn.keytab' saved [138/138]
jhs         | Keytab name: FILE:/etc/security/keytabs/dn.keytab
s3g_1       | 
nm_1        | Download om/nm@EXAMPLE.COM keytab file to /etc/security/keytabs/om.keytab
rm_1        | Resolving kdc (kdc)... 172.19.0.7
datanode_2  | Saving to: '/etc/security/keytabs/dn.keytab'
datanode_3  | 2019-11-12 22:24:17 (17.0 MB/s) - '/etc/security/keytabs/dn.keytab' saved [158/158]
datanode_1  | Connecting to kdc (kdc)|172.19.0.7|:8081... connected.
kdc_1       | Generiting keytab
kms_1       | HTTP request sent, awaiting response... 200 OK
scm_1       |    2 11/12/19 22:24:17 dn/scm@EXAMPLE.COM
om_1        | 
jhs         | KVNO Timestamp         Principal
s3g_1       |      0K                                                       100% 9.57M=0s
nm_1        | --2019-11-12 22:24:19--  http://kdc:8081/keytab/nm/om
rm_1        | Connecting to kdc (kdc)|172.19.0.7|:8081... connected.
datanode_2  | 
datanode_3  | 
datanode_1  | HTTP request sent, awaiting response... 200 OK
kdc_1       | Authenticating as principal admin/admin with keytab /tmp/admin.keytab.
kms_1       | Length: 158 [application/octet-stream]
scm_1       |    2 11/12/19 22:24:17 dn/scm@EXAMPLE.COM
om_1        | Keytab name: FILE:/etc/security/keytabs/dn.keytab
jhs         | ---- ----------------- --------------------------------------------------------
s3g_1       | 
nm_1        | Resolving kdc (kdc)... 172.19.0.7
rm_1        | HTTP request sent, awaiting response... 200 OK
datanode_2  |      0K                                                       100% 13.8M=0s
datanode_3  | Keytab name: FILE:/etc/security/keytabs/dn.keytab
datanode_1  | Length: 158 [application/octet-stream]
kdc_1       | WARNING: no policy specified for test/test@EXAMPLE.COM; defaulting to no policy
kms_1       | Saving to: '/etc/security/keytabs/om.keytab'
om_1        | KVNO Timestamp         Principal
scm_1       | Download om/scm@EXAMPLE.COM keytab file to /etc/security/keytabs/om.keytab
jhs         |    2 11/12/19 22:24:18 dn/jhs@EXAMPLE.COM
s3g_1       | 2019-11-12 22:24:16 (9.57 MB/s) - '/etc/security/keytabs/dn.keytab' saved [140/140]
nm_1        | Connecting to kdc (kdc)|172.19.0.7|:8081... connected.
rm_1        | Length: 138 [application/octet-stream]
datanode_2  | 
datanode_3  | KVNO Timestamp         Principal
datanode_1  | Saving to: '/etc/security/keytabs/om.keytab'
kdc_1       | Principal "test/test@EXAMPLE.COM" created.
kms_1       | 
scm_1       | --2019-11-12 22:24:17--  http://kdc:8081/keytab/scm/om
jhs         |    2 11/12/19 22:24:18 dn/jhs@EXAMPLE.COM
om_1        | ---- ----------------- --------------------------------------------------------
s3g_1       | 
nm_1        | HTTP request sent, awaiting response... 200 OK
rm_1        | Saving to: '/etc/security/keytabs/om.keytab'
datanode_2  | 2019-11-12 22:24:17 (13.8 MB/s) - '/etc/security/keytabs/dn.keytab' saved [158/158]
datanode_3  | ---- ----------------- --------------------------------------------------------
datanode_1  | 
kdc_1       | Authenticating as principal admin/admin with keytab /tmp/admin.keytab.
kms_1       |      0K                                                       100% 7.71M=0s
scm_1       | Resolving kdc (kdc)... 172.19.0.7
jhs         | Download om/jhs@EXAMPLE.COM keytab file to /etc/security/keytabs/om.keytab
om_1        |    2 11/12/19 22:24:18 dn/om@EXAMPLE.COM
s3g_1       | Keytab name: FILE:/etc/security/keytabs/dn.keytab
rm_1        | 
datanode_2  | 
nm_1        | Length: 138 [application/octet-stream]
datanode_3  |    2 11/12/19 22:24:16 dn/565adcd529e8@EXAMPLE.COM
datanode_1  |      0K                                                       100% 24.5M=0s
kdc_1       | Nov 12 22:24:16 kdc krb5kdc[9](info): AS_REQ (8 etypes {18 17 20 19 16 23 25 26}) 127.0.0.1: SERVER_NOT_FOUND: admin/admin@EXAMPLE.COM for kadmin/localhost@EXAMPLE.COM, Server not found in Kerberos database
kms_1       | 
scm_1       | Connecting to kdc (kdc)|172.19.0.7|:8081... connected.
jhs         | --2019-11-12 22:24:18--  http://kdc:8081/keytab/jhs/om
om_1        |    2 11/12/19 22:24:18 dn/om@EXAMPLE.COM
s3g_1       | KVNO Timestamp         Principal
rm_1        |      0K                                                       100% 13.4M=0s
datanode_2  | Keytab name: FILE:/etc/security/keytabs/dn.keytab
nm_1        | Saving to: '/etc/security/keytabs/om.keytab'
datanode_3  |    2 11/12/19 22:24:17 dn/565adcd529e8@EXAMPLE.COM
datanode_1  | 
kdc_1       | Nov 12 22:24:16 kdc krb5kdc[9](info): AS_REQ (8 etypes {18 17 20 19 16 23 25 26}) 127.0.0.1: ISSUE: authtime 1573597456, etypes {rep=18 tkt=18 ses=18}, admin/admin@EXAMPLE.COM for kadmin/admin@EXAMPLE.COM
kms_1       | 2019-11-12 22:24:19 (7.71 MB/s) - '/etc/security/keytabs/om.keytab' saved [158/158]
scm_1       | HTTP request sent, awaiting response... 200 OK
jhs         | Resolving kdc (kdc)... 172.19.0.7
om_1        | Download om/om@EXAMPLE.COM keytab file to /etc/security/keytabs/om.keytab
s3g_1       | ---- ----------------- --------------------------------------------------------
rm_1        | 
datanode_2  | KVNO Timestamp         Principal
datanode_3  | Download om/565adcd529e8@EXAMPLE.COM keytab file to /etc/security/keytabs/om.keytab
nm_1        | 
kdc_1       | Nov 12 22:24:16 kdc krb5kdc[9](info): AS_REQ (8 etypes {18 17 20 19 16 23 25 26}) 127.0.0.1: SERVER_NOT_FOUND: admin/admin@EXAMPLE.COM for kadmin/localhost@EXAMPLE.COM, Server not found in Kerberos database
datanode_1  | 2019-11-12 22:24:19 (24.5 MB/s) - '/etc/security/keytabs/om.keytab' saved [158/158]
kms_1       | 
scm_1       | Length: 140 [application/octet-stream]
jhs         | Connecting to kdc (kdc)|172.19.0.7|:8081... connected.
om_1        | --2019-11-12 22:24:18--  http://kdc:8081/keytab/om/om
s3g_1       |    2 11/12/19 22:24:16 dn/s3g@EXAMPLE.COM
rm_1        | 2019-11-12 22:24:19 (13.4 MB/s) - '/etc/security/keytabs/om.keytab' saved [138/138]
datanode_2  | ---- ----------------- --------------------------------------------------------
datanode_3  | --2019-11-12 22:24:17--  http://kdc:8081/keytab/565adcd529e8/om
nm_1        |      0K                                                       100% 14.4M=0s
kdc_1       | Nov 12 22:24:16 kdc krb5kdc[9](info): AS_REQ (8 etypes {18 17 20 19 16 23 25 26}) 127.0.0.1: ISSUE: authtime 1573597456, etypes {rep=18 tkt=18 ses=18}, admin/admin@EXAMPLE.COM for kadmin/admin@EXAMPLE.COM
datanode_1  | 
kms_1       | Keytab name: FILE:/etc/security/keytabs/om.keytab
scm_1       | Saving to: '/etc/security/keytabs/om.keytab'
jhs         | HTTP request sent, awaiting response... 200 OK
om_1        | Resolving kdc (kdc)... 172.19.0.7
rm_1        | 
datanode_2  |    2 11/12/19 22:24:17 dn/24fa249972be@EXAMPLE.COM
s3g_1       |    2 11/12/19 22:24:16 dn/s3g@EXAMPLE.COM
datanode_3  | Resolving kdc (kdc)... 172.19.0.7
nm_1        | 
kdc_1       | Nov 12 22:24:16 kdc kadmind[15](Notice): Request: kadm5_init, admin/admin@EXAMPLE.COM, success, client=admin/admin@EXAMPLE.COM, service=kadmin/admin@EXAMPLE.COM, addr=127.0.0.1, vers=4, flavor=6
datanode_1  | Keytab name: FILE:/etc/security/keytabs/om.keytab
kms_1       | KVNO Timestamp         Principal
scm_1       | 
jhs         | Length: 140 [application/octet-stream]
om_1        | Connecting to kdc (kdc)|172.19.0.7|:8081... connected.
rm_1        | Keytab name: FILE:/etc/security/keytabs/om.keytab
datanode_2  |    2 11/12/19 22:24:17 dn/24fa249972be@EXAMPLE.COM
s3g_1       | Download om/s3g@EXAMPLE.COM keytab file to /etc/security/keytabs/om.keytab
datanode_3  | Connecting to kdc (kdc)|172.19.0.7|:8081... connected.
nm_1        | 2019-11-12 22:24:20 (14.4 MB/s) - '/etc/security/keytabs/om.keytab' saved [138/138]
kdc_1       | Nov 12 22:24:16 kdc kadmind[15](Notice): Request: kadm5_get_policy, default, Policy does not exist, client=admin/admin@EXAMPLE.COM, service=kadmin/admin@EXAMPLE.COM, addr=127.0.0.1
datanode_1  | KVNO Timestamp         Principal
kms_1       | ---- ----------------- --------------------------------------------------------
scm_1       |      0K                                                       100% 11.2M=0s
jhs         | Saving to: '/etc/security/keytabs/om.keytab'
om_1        | HTTP request sent, awaiting response... 200 OK
rm_1        | KVNO Timestamp         Principal
datanode_2  | Download om/24fa249972be@EXAMPLE.COM keytab file to /etc/security/keytabs/om.keytab
s3g_1       | --2019-11-12 22:24:16--  http://kdc:8081/keytab/s3g/om
datanode_3  | HTTP request sent, awaiting response... 200 OK
nm_1        | 
kdc_1       | Nov 12 22:24:16 kdc kadmind[15](Notice): Request: kadm5_create_principal, test/test@EXAMPLE.COM, success, client=admin/admin@EXAMPLE.COM, service=kadmin/admin@EXAMPLE.COM, addr=127.0.0.1
kms_1       |    2 11/12/19 22:24:19 om/d15033bbed55@EXAMPLE.COM
scm_1       | 
datanode_1  | ---- ----------------- --------------------------------------------------------
jhs         | 
om_1        | Length: 138 [application/octet-stream]
rm_1        | ---- ----------------- --------------------------------------------------------
datanode_2  | --2019-11-12 22:24:17--  http://kdc:8081/keytab/24fa249972be/om
s3g_1       | Resolving kdc (kdc)... 172.19.0.7
datanode_3  | Length: 158 [application/octet-stream]
nm_1        | Keytab name: FILE:/etc/security/keytabs/om.keytab
kdc_1       | Nov 12 22:24:16 kdc kadmind[15](info): closing down fd 18
kms_1       |    2 11/12/19 22:24:19 om/d15033bbed55@EXAMPLE.COM
datanode_1  |    2 11/12/19 22:24:19 om/bba766c4f7c2@EXAMPLE.COM
scm_1       | 2019-11-12 22:24:18 (11.2 MB/s) - '/etc/security/keytabs/om.keytab' saved [140/140]
jhs         |      0K                                                       100% 18.4M=0s
om_1        | Saving to: '/etc/security/keytabs/om.keytab'
rm_1        |    2 11/12/19 22:24:19 om/rm@EXAMPLE.COM
datanode_2  | Resolving kdc (kdc)... 172.19.0.7
s3g_1       | Connecting to kdc (kdc)|172.19.0.7|:8081... connected.
datanode_3  | Saving to: '/etc/security/keytabs/om.keytab'
nm_1        | KVNO Timestamp         Principal
kdc_1       | Nov 12 22:24:16 kdc kadmind[15](Notice): Request: kadm5_init, admin/admin@EXAMPLE.COM, success, client=admin/admin@EXAMPLE.COM, service=kadmin/admin@EXAMPLE.COM, addr=127.0.0.1, vers=4, flavor=6
datanode_1  |    2 11/12/19 22:24:19 om/bba766c4f7c2@EXAMPLE.COM
scm_1       | 
kms_1       | Download scm/d15033bbed55@EXAMPLE.COM keytab file to /etc/security/keytabs/scm.keytab
jhs         | 
om_1        | 
datanode_2  | Connecting to kdc (kdc)|172.19.0.7|:8081... connected.
rm_1        |    2 11/12/19 22:24:19 om/rm@EXAMPLE.COM
datanode_3  | 
nm_1        | ---- ----------------- --------------------------------------------------------
s3g_1       | HTTP request sent, awaiting response... 200 OK
kdc_1       | Nov 12 22:24:16 kdc kadmind[15](Notice): Request: kadm5_randkey_principal, test/test@EXAMPLE.COM, success, client=admin/admin@EXAMPLE.COM, service=kadmin/admin@EXAMPLE.COM, addr=127.0.0.1
datanode_1  | Download scm/bba766c4f7c2@EXAMPLE.COM keytab file to /etc/security/keytabs/scm.keytab
scm_1       | Keytab name: FILE:/etc/security/keytabs/om.keytab
kms_1       | --2019-11-12 22:24:19--  http://kdc:8081/keytab/d15033bbed55/scm
jhs         | 2019-11-12 22:24:19 (18.4 MB/s) - '/etc/security/keytabs/om.keytab' saved [140/140]
om_1        |      0K                                                       100% 17.1M=0s
datanode_2  | HTTP request sent, awaiting response... 200 OK
rm_1        | Download scm/rm@EXAMPLE.COM keytab file to /etc/security/keytabs/scm.keytab
nm_1        |    2 11/12/19 22:24:20 om/nm@EXAMPLE.COM
datanode_3  |      0K                                                       100% 14.1M=0s
s3g_1       | Length: 140 [application/octet-stream]
kdc_1       | Nov 12 22:24:16 kdc kadmind[15](Notice): Request: kadm5_get_principal, test/test@EXAMPLE.COM, success, client=admin/admin@EXAMPLE.COM, service=kadmin/admin@EXAMPLE.COM, addr=127.0.0.1
datanode_1  | --2019-11-12 22:24:19--  http://kdc:8081/keytab/bba766c4f7c2/scm
scm_1       | KVNO Timestamp         Principal
kms_1       | Resolving kdc (kdc)... 172.19.0.7
jhs         | 
om_1        | 
datanode_2  | Length: 158 [application/octet-stream]
rm_1        | --2019-11-12 22:24:19--  http://kdc:8081/keytab/rm/scm
nm_1        |    2 11/12/19 22:24:20 om/nm@EXAMPLE.COM
datanode_3  | 
s3g_1       | Saving to: '/etc/security/keytabs/om.keytab'
datanode_1  | Resolving kdc (kdc)... 172.19.0.7
scm_1       | ---- ----------------- --------------------------------------------------------
kms_1       | Connecting to kdc (kdc)|172.19.0.7|:8081... connected.
jhs         | Keytab name: FILE:/etc/security/keytabs/om.keytab
kdc_1       | Entry for principal test/test@EXAMPLE.COM with kvno 2, encryption type aes256-cts-hmac-sha1-96 added to keytab WRFILE:/data/test.test.keytab.
om_1        | 2019-11-12 22:24:19 (17.1 MB/s) - '/etc/security/keytabs/om.keytab' saved [138/138]
datanode_2  | Saving to: '/etc/security/keytabs/om.keytab'
rm_1        | Resolving kdc (kdc)... 172.19.0.7
nm_1        | Download scm/nm@EXAMPLE.COM keytab file to /etc/security/keytabs/scm.keytab
datanode_3  | 2019-11-12 22:24:17 (14.1 MB/s) - '/etc/security/keytabs/om.keytab' saved [158/158]
s3g_1       | 
datanode_1  | Connecting to kdc (kdc)|172.19.0.7|:8081... connected.
scm_1       |    2 11/12/19 22:24:18 om/scm@EXAMPLE.COM
kms_1       | HTTP request sent, awaiting response... 200 OK
jhs         | KVNO Timestamp         Principal
kdc_1       | Entry for principal test/test@EXAMPLE.COM with kvno 2, encryption type aes128-cts-hmac-sha1-96 added to keytab WRFILE:/data/test.test.keytab.
om_1        | 
datanode_2  | 
rm_1        | Connecting to kdc (kdc)|172.19.0.7|:8081... connected.
nm_1        | --2019-11-12 22:24:20--  http://kdc:8081/keytab/nm/scm
datanode_3  | 
s3g_1       |      0K                                                       100% 19.8M=0s
datanode_1  | HTTP request sent, awaiting response... 200 OK
scm_1       |    2 11/12/19 22:24:18 om/scm@EXAMPLE.COM
jhs         | ---- ----------------- --------------------------------------------------------
kms_1       | Length: 160 [application/octet-stream]
kdc_1       | Generiting keytab
om_1        | Keytab name: FILE:/etc/security/keytabs/om.keytab
datanode_2  |      0K                                                       100% 12.7M=0s
rm_1        | HTTP request sent, awaiting response... 200 OK
nm_1        | Resolving kdc (kdc)... 172.19.0.7
datanode_3  | Keytab name: FILE:/etc/security/keytabs/om.keytab
s3g_1       | 
datanode_1  | Length: 160 [application/octet-stream]
scm_1       | Download scm/scm@EXAMPLE.COM keytab file to /etc/security/keytabs/scm.keytab
jhs         |    2 11/12/19 22:24:19 om/jhs@EXAMPLE.COM
kms_1       | Saving to: '/etc/security/keytabs/scm.keytab'
kdc_1       | Authenticating as principal admin/admin with keytab /tmp/admin.keytab.
om_1        | KVNO Timestamp         Principal
datanode_2  | 
rm_1        | Length: 140 [application/octet-stream]
nm_1        | Connecting to kdc (kdc)|172.19.0.7|:8081... connected.
datanode_3  | KVNO Timestamp         Principal
s3g_1       | 2019-11-12 22:24:17 (19.8 MB/s) - '/etc/security/keytabs/om.keytab' saved [140/140]
datanode_1  | Saving to: '/etc/security/keytabs/scm.keytab'
scm_1       | --2019-11-12 22:24:18--  http://kdc:8081/keytab/scm/scm
jhs         |    2 11/12/19 22:24:19 om/jhs@EXAMPLE.COM
kms_1       | 
kdc_1       | WARNING: no policy specified for test/test@EXAMPLE.COM; defaulting to no policy
om_1        | ---- ----------------- --------------------------------------------------------
datanode_2  | 2019-11-12 22:24:18 (12.7 MB/s) - '/etc/security/keytabs/om.keytab' saved [158/158]
rm_1        | Saving to: '/etc/security/keytabs/scm.keytab'
nm_1        | HTTP request sent, awaiting response... 200 OK
datanode_3  | ---- ----------------- --------------------------------------------------------
s3g_1       | 
datanode_1  | 
scm_1       | Resolving kdc (kdc)... 172.19.0.7
jhs         | Download scm/jhs@EXAMPLE.COM keytab file to /etc/security/keytabs/scm.keytab
kms_1       |      0K                                                       100% 21.5M=0s
kdc_1       | add_principal: Principal or policy already exists while creating "test/test@EXAMPLE.COM".
om_1        |    2 11/12/19 22:24:19 om/om@EXAMPLE.COM
datanode_2  | 
rm_1        | 
nm_1        | Length: 140 [application/octet-stream]
datanode_3  |    2 11/12/19 22:24:17 om/565adcd529e8@EXAMPLE.COM
s3g_1       | Keytab name: FILE:/etc/security/keytabs/om.keytab
scm_1       | Connecting to kdc (kdc)|172.19.0.7|:8081... connected.
datanode_1  |      0K                                                       100% 21.7M=0s
jhs         | --2019-11-12 22:24:19--  http://kdc:8081/keytab/jhs/scm
kms_1       | 
kdc_1       | Authenticating as principal admin/admin with keytab /tmp/admin.keytab.
om_1        |    2 11/12/19 22:24:19 om/om@EXAMPLE.COM
datanode_2  | Keytab name: FILE:/etc/security/keytabs/om.keytab
rm_1        |      0K                                                       100% 12.0M=0s
nm_1        | Saving to: '/etc/security/keytabs/scm.keytab'
datanode_3  |    2 11/12/19 22:24:17 om/565adcd529e8@EXAMPLE.COM
s3g_1       | KVNO Timestamp         Principal
scm_1       | HTTP request sent, awaiting response... 200 OK
datanode_1  | 
jhs         | Resolving kdc (kdc)... 172.19.0.7
kms_1       | 2019-11-12 22:24:20 (21.5 MB/s) - '/etc/security/keytabs/scm.keytab' saved [160/160]
kdc_1       | Entry for principal test/test@EXAMPLE.COM with kvno 3, encryption type aes256-cts-hmac-sha1-96 added to keytab WRFILE:/data/test.test.keytab.
om_1        | Download scm/om@EXAMPLE.COM keytab file to /etc/security/keytabs/scm.keytab
datanode_2  | KVNO Timestamp         Principal
rm_1        | 
nm_1        | 
datanode_3  | Download scm/565adcd529e8@EXAMPLE.COM keytab file to /etc/security/keytabs/scm.keytab
s3g_1       | ---- ----------------- --------------------------------------------------------
scm_1       | Length: 142 [application/octet-stream]
datanode_1  | 2019-11-12 22:24:20 (21.7 MB/s) - '/etc/security/keytabs/scm.keytab' saved [160/160]
jhs         | Connecting to kdc (kdc)|172.19.0.7|:8081... connected.
kms_1       | 
kdc_1       | Entry for principal test/test@EXAMPLE.COM with kvno 3, encryption type aes128-cts-hmac-sha1-96 added to keytab WRFILE:/data/test.test.keytab.
om_1        | --2019-11-12 22:24:19--  http://kdc:8081/keytab/om/scm
datanode_2  | ---- ----------------- --------------------------------------------------------
rm_1        | 2019-11-12 22:24:20 (12.0 MB/s) - '/etc/security/keytabs/scm.keytab' saved [140/140]
nm_1        |      0K                                                       100% 6.45M=0s
datanode_3  | --2019-11-12 22:24:17--  http://kdc:8081/keytab/565adcd529e8/scm
s3g_1       |    2 11/12/19 22:24:17 om/s3g@EXAMPLE.COM
scm_1       | Saving to: '/etc/security/keytabs/scm.keytab'
datanode_1  | 
jhs         | HTTP request sent, awaiting response... 200 OK
kms_1       | Keytab name: FILE:/etc/security/keytabs/scm.keytab
kdc_1       | Generiting keytab
om_1        | Resolving kdc (kdc)... 172.19.0.7
datanode_2  |    2 11/12/19 22:24:18 om/24fa249972be@EXAMPLE.COM
rm_1        | 
nm_1        | 
datanode_3  | Resolving kdc (kdc)... 172.19.0.7
s3g_1       |    2 11/12/19 22:24:17 om/s3g@EXAMPLE.COM
scm_1       | 
datanode_1  | Keytab name: FILE:/etc/security/keytabs/scm.keytab
jhs         | Length: 142 [application/octet-stream]
kms_1       | KVNO Timestamp         Principal
kdc_1       | Authenticating as principal admin/admin with keytab /tmp/admin.keytab.
om_1        | Connecting to kdc (kdc)|172.19.0.7|:8081... connected.
datanode_2  |    2 11/12/19 22:24:18 om/24fa249972be@EXAMPLE.COM
rm_1        | Keytab name: FILE:/etc/security/keytabs/scm.keytab
nm_1        | 2019-11-12 22:24:21 (6.45 MB/s) - '/etc/security/keytabs/scm.keytab' saved [140/140]
datanode_3  | Connecting to kdc (kdc)|172.19.0.7|:8081... connected.
s3g_1       | Download scm/s3g@EXAMPLE.COM keytab file to /etc/security/keytabs/scm.keytab
scm_1       |      0K                                                       100% 13.9M=0s
datanode_1  | KVNO Timestamp         Principal
jhs         | Saving to: '/etc/security/keytabs/scm.keytab'
kms_1       | ---- ----------------- --------------------------------------------------------
kdc_1       | WARNING: no policy specified for dn/s3g@EXAMPLE.COM; defaulting to no policy
om_1        | HTTP request sent, awaiting response... 200 OK
datanode_2  | Download scm/24fa249972be@EXAMPLE.COM keytab file to /etc/security/keytabs/scm.keytab
rm_1        | KVNO Timestamp         Principal
nm_1        | 
datanode_3  | HTTP request sent, awaiting response... 200 OK
s3g_1       | --2019-11-12 22:24:17--  http://kdc:8081/keytab/s3g/scm
scm_1       | 
datanode_1  | ---- ----------------- --------------------------------------------------------
jhs         | 
kms_1       |    2 11/12/19 22:24:20 scm/d15033bbed55@EXAMPLE.COM
kdc_1       | Principal "dn/s3g@EXAMPLE.COM" created.
om_1        | Length: 140 [application/octet-stream]
datanode_2  | --2019-11-12 22:24:18--  http://kdc:8081/keytab/24fa249972be/scm
rm_1        | ---- ----------------- --------------------------------------------------------
nm_1        | Keytab name: FILE:/etc/security/keytabs/scm.keytab
datanode_3  | Length: 160 [application/octet-stream]
scm_1       | 2019-11-12 22:24:19 (13.9 MB/s) - '/etc/security/keytabs/scm.keytab' saved [142/142]
datanode_1  |    2 11/12/19 22:24:20 scm/bba766c4f7c2@EXAMPLE.COM
s3g_1       | Resolving kdc (kdc)... 172.19.0.7
jhs         |      0K                                                       100% 15.0M=0s
kms_1       |    2 11/12/19 22:24:20 scm/d15033bbed55@EXAMPLE.COM
kdc_1       | Authenticating as principal admin/admin with keytab /tmp/admin.keytab.
om_1        | Saving to: '/etc/security/keytabs/scm.keytab'
datanode_2  | Resolving kdc (kdc)... 172.19.0.7
rm_1        |    2 11/12/19 22:24:20 scm/rm@EXAMPLE.COM
nm_1        | KVNO Timestamp         Principal
datanode_3  | Saving to: '/etc/security/keytabs/scm.keytab'
scm_1       | 
datanode_1  |    2 11/12/19 22:24:20 scm/bba766c4f7c2@EXAMPLE.COM
s3g_1       | Connecting to kdc (kdc)|172.19.0.7|:8081... connected.
jhs         | 
kms_1       | Download HTTP/d15033bbed55@EXAMPLE.COM keytab file to /etc/security/keytabs/HTTP.keytab
kdc_1       | Entry for principal dn/s3g@EXAMPLE.COM with kvno 2, encryption type aes256-cts-hmac-sha1-96 added to keytab WRFILE:/data/dn.s3g.keytab.
om_1        | 
datanode_2  | Connecting to kdc (kdc)|172.19.0.7|:8081... connected.
rm_1        |    2 11/12/19 22:24:20 scm/rm@EXAMPLE.COM
nm_1        | ---- ----------------- --------------------------------------------------------
datanode_3  | 
scm_1       | Keytab name: FILE:/etc/security/keytabs/scm.keytab
datanode_1  | Download HTTP/bba766c4f7c2@EXAMPLE.COM keytab file to /etc/security/keytabs/HTTP.keytab
s3g_1       | HTTP request sent, awaiting response... 200 OK
jhs         | 2019-11-12 22:24:20 (15.0 MB/s) - '/etc/security/keytabs/scm.keytab' saved [142/142]
kms_1       | --2019-11-12 22:24:20--  http://kdc:8081/keytab/d15033bbed55/HTTP
kdc_1       | Entry for principal dn/s3g@EXAMPLE.COM with kvno 2, encryption type aes128-cts-hmac-sha1-96 added to keytab WRFILE:/data/dn.s3g.keytab.
om_1        |      0K                                                       100% 18.5M=0s
datanode_2  | HTTP request sent, awaiting response... 200 OK
rm_1        | Download HTTP/rm@EXAMPLE.COM keytab file to /etc/security/keytabs/HTTP.keytab
nm_1        |    2 11/12/19 22:24:21 scm/nm@EXAMPLE.COM
datanode_3  |      0K                                                       100% 22.7M=0s
scm_1       | KVNO Timestamp         Principal
datanode_1  | --2019-11-12 22:24:20--  http://kdc:8081/keytab/bba766c4f7c2/HTTP
s3g_1       | Length: 142 [application/octet-stream]
jhs         | 
kms_1       | Resolving kdc (kdc)... 172.19.0.7
kdc_1       | Generiting keytab
om_1        | 
datanode_2  | Length: 160 [application/octet-stream]
rm_1        | --2019-11-12 22:24:20--  http://kdc:8081/keytab/rm/HTTP
nm_1        |    2 11/12/19 22:24:21 scm/nm@EXAMPLE.COM
datanode_3  | 
scm_1       | ---- ----------------- --------------------------------------------------------
datanode_1  | Resolving kdc (kdc)... 172.19.0.7
s3g_1       | Saving to: '/etc/security/keytabs/scm.keytab'
jhs         | Keytab name: FILE:/etc/security/keytabs/scm.keytab
kms_1       | Connecting to kdc (kdc)|172.19.0.7|:8081... connected.
kdc_1       | Authenticating as principal admin/admin with keytab /tmp/admin.keytab.
om_1        | 2019-11-12 22:24:20 (18.5 MB/s) - '/etc/security/keytabs/scm.keytab' saved [140/140]
datanode_2  | Saving to: '/etc/security/keytabs/scm.keytab'
rm_1        | Resolving kdc (kdc)... 172.19.0.7
nm_1        | Download HTTP/nm@EXAMPLE.COM keytab file to /etc/security/keytabs/HTTP.keytab
datanode_3  | 2019-11-12 22:24:17 (22.7 MB/s) - '/etc/security/keytabs/scm.keytab' saved [160/160]
scm_1       |    2 11/12/19 22:24:19 scm/scm@EXAMPLE.COM
datanode_1  | Connecting to kdc (kdc)|172.19.0.7|:8081... connected.
s3g_1       | 
jhs         | KVNO Timestamp         Principal
kms_1       | HTTP request sent, awaiting response... 200 OK
kdc_1       | WARNING: no policy specified for dn/565adcd529e8@EXAMPLE.COM; defaulting to no policy
om_1        | 
datanode_2  | 
rm_1        | Connecting to kdc (kdc)|172.19.0.7|:8081... connected.
nm_1        | --2019-11-12 22:24:21--  http://kdc:8081/keytab/nm/HTTP
datanode_3  | 
scm_1       |    2 11/12/19 22:24:19 scm/scm@EXAMPLE.COM
datanode_1  | HTTP request sent, awaiting response... 200 OK
s3g_1       |      0K                                                       100% 14.8M=0s
jhs         | ---- ----------------- --------------------------------------------------------
kms_1       | Length: 162 [application/octet-stream]
kdc_1       | Principal "dn/565adcd529e8@EXAMPLE.COM" created.
om_1        | Keytab name: FILE:/etc/security/keytabs/scm.keytab
datanode_2  |      0K                                                       100% 17.1M=0s
rm_1        | HTTP request sent, awaiting response... 200 OK
nm_1        | Resolving kdc (kdc)... 172.19.0.7
datanode_3  | Keytab name: FILE:/etc/security/keytabs/scm.keytab
scm_1       | Download HTTP/scm@EXAMPLE.COM keytab file to /etc/security/keytabs/HTTP.keytab
datanode_1  | Length: 162 [application/octet-stream]
s3g_1       | 
jhs         |    2 11/12/19 22:24:20 scm/jhs@EXAMPLE.COM
kms_1       | Saving to: '/etc/security/keytabs/HTTP.keytab'
kdc_1       | Authenticating as principal admin/admin with keytab /tmp/admin.keytab.
om_1        | KVNO Timestamp         Principal
datanode_2  | 
rm_1        | Length: 142 [application/octet-stream]
nm_1        | Connecting to kdc (kdc)|172.19.0.7|:8081... connected.
datanode_3  | KVNO Timestamp         Principal
scm_1       | --2019-11-12 22:24:19--  http://kdc:8081/keytab/scm/HTTP
datanode_1  | Saving to: '/etc/security/keytabs/HTTP.keytab'
jhs         |    2 11/12/19 22:24:20 scm/jhs@EXAMPLE.COM
s3g_1       | 2019-11-12 22:24:17 (14.8 MB/s) - '/etc/security/keytabs/scm.keytab' saved [142/142]
kms_1       | 
kdc_1       | Entry for principal dn/565adcd529e8@EXAMPLE.COM with kvno 2, encryption type aes256-cts-hmac-sha1-96 added to keytab WRFILE:/data/dn.565adcd529e8.keytab.
datanode_2  | 2019-11-12 22:24:19 (17.1 MB/s) - '/etc/security/keytabs/scm.keytab' saved [160/160]
rm_1        | Saving to: '/etc/security/keytabs/HTTP.keytab'
om_1        | ---- ----------------- --------------------------------------------------------
datanode_3  | ---- ----------------- --------------------------------------------------------
nm_1        | HTTP request sent, awaiting response... 200 OK
scm_1       | Resolving kdc (kdc)... 172.19.0.7
datanode_1  | 
jhs         | Download HTTP/jhs@EXAMPLE.COM keytab file to /etc/security/keytabs/HTTP.keytab
s3g_1       | 
kms_1       |      0K                                                       100% 22.1M=0s
kdc_1       | Entry for principal dn/565adcd529e8@EXAMPLE.COM with kvno 2, encryption type aes128-cts-hmac-sha1-96 added to keytab WRFILE:/data/dn.565adcd529e8.keytab.
datanode_2  | 
rm_1        | 
om_1        |    2 11/12/19 22:24:20 scm/om@EXAMPLE.COM
datanode_3  |    2 11/12/19 22:24:17 scm/565adcd529e8@EXAMPLE.COM
nm_1        | Length: 142 [application/octet-stream]
scm_1       | Connecting to kdc (kdc)|172.19.0.7|:8081... connected.
datanode_1  |      0K                                                       100% 16.2M=0s
jhs         | --2019-11-12 22:24:20--  http://kdc:8081/keytab/jhs/HTTP
s3g_1       | Keytab name: FILE:/etc/security/keytabs/scm.keytab
kms_1       | 
kdc_1       | Generiting keytab
datanode_2  | Keytab name: FILE:/etc/security/keytabs/scm.keytab
rm_1        |      0K                                                       100% 20.1M=0s
om_1        |    2 11/12/19 22:24:20 scm/om@EXAMPLE.COM
datanode_3  |    2 11/12/19 22:24:17 scm/565adcd529e8@EXAMPLE.COM
nm_1        | Saving to: '/etc/security/keytabs/HTTP.keytab'
scm_1       | HTTP request sent, awaiting response... 200 OK
datanode_1  | 
jhs         | Resolving kdc (kdc)... 172.19.0.7
s3g_1       | KVNO Timestamp         Principal
kms_1       | 2019-11-12 22:24:21 (22.1 MB/s) - '/etc/security/keytabs/HTTP.keytab' saved [162/162]
kdc_1       | Authenticating as principal admin/admin with keytab /tmp/admin.keytab.
datanode_2  | KVNO Timestamp         Principal
rm_1        | 
om_1        | Download HTTP/om@EXAMPLE.COM keytab file to /etc/security/keytabs/HTTP.keytab
datanode_3  | Download HTTP/565adcd529e8@EXAMPLE.COM keytab file to /etc/security/keytabs/HTTP.keytab
nm_1        | 
scm_1       | Length: 144 [application/octet-stream]
datanode_1  | 2019-11-12 22:24:21 (16.2 MB/s) - '/etc/security/keytabs/HTTP.keytab' saved [162/162]
jhs         | Connecting to kdc (kdc)|172.19.0.7|:8081... connected.
s3g_1       | ---- ----------------- --------------------------------------------------------
kms_1       | 
kdc_1       | WARNING: no policy specified for om/s3g@EXAMPLE.COM; defaulting to no policy
datanode_2  | ---- ----------------- --------------------------------------------------------
rm_1        | 2019-11-12 22:24:21 (20.1 MB/s) - '/etc/security/keytabs/HTTP.keytab' saved [142/142]
om_1        | --2019-11-12 22:24:20--  http://kdc:8081/keytab/om/HTTP
datanode_3  | --2019-11-12 22:24:17--  http://kdc:8081/keytab/565adcd529e8/HTTP
scm_1       | Saving to: '/etc/security/keytabs/HTTP.keytab'
datanode_1  | 
jhs         | HTTP request sent, awaiting response... 200 OK
nm_1        |      0K                                                       100% 20.1M=0s
s3g_1       |    2 11/12/19 22:24:17 scm/s3g@EXAMPLE.COM
kms_1       | Keytab name: FILE:/etc/security/keytabs/HTTP.keytab
kdc_1       | Principal "om/s3g@EXAMPLE.COM" created.
datanode_2  |    2 11/12/19 22:24:19 scm/24fa249972be@EXAMPLE.COM
rm_1        | 
om_1        | Resolving kdc (kdc)... 172.19.0.7
datanode_3  | Resolving kdc (kdc)... 172.19.0.7
scm_1       | 
datanode_1  | Keytab name: FILE:/etc/security/keytabs/HTTP.keytab
jhs         | Length: 144 [application/octet-stream]
nm_1        | 
s3g_1       |    2 11/12/19 22:24:17 scm/s3g@EXAMPLE.COM
kms_1       | KVNO Timestamp         Principal
kdc_1       | Authenticating as principal admin/admin with keytab /tmp/admin.keytab.
datanode_2  |    2 11/12/19 22:24:19 scm/24fa249972be@EXAMPLE.COM
rm_1        | Keytab name: FILE:/etc/security/keytabs/HTTP.keytab
om_1        | Connecting to kdc (kdc)|172.19.0.7|:8081... connected.
datanode_3  | Connecting to kdc (kdc)|172.19.0.7|:8081... connected.
scm_1       |      0K                                                       100% 13.6M=0s
datanode_1  | KVNO Timestamp         Principal
jhs         | Saving to: '/etc/security/keytabs/HTTP.keytab'
nm_1        | 2019-11-12 22:24:22 (20.1 MB/s) - '/etc/security/keytabs/HTTP.keytab' saved [142/142]
s3g_1       | Download HTTP/s3g@EXAMPLE.COM keytab file to /etc/security/keytabs/HTTP.keytab
kms_1       | ---- ----------------- --------------------------------------------------------
kdc_1       | Entry for principal om/s3g@EXAMPLE.COM with kvno 2, encryption type aes256-cts-hmac-sha1-96 added to keytab WRFILE:/data/om.s3g.keytab.
rm_1        | KVNO Timestamp         Principal
om_1        | HTTP request sent, awaiting response... 200 OK
datanode_2  | Download HTTP/24fa249972be@EXAMPLE.COM keytab file to /etc/security/keytabs/HTTP.keytab
datanode_3  | HTTP request sent, awaiting response... 200 OK
scm_1       | 
datanode_1  | ---- ----------------- --------------------------------------------------------
jhs         | 
nm_1        | 
s3g_1       | --2019-11-12 22:24:17--  http://kdc:8081/keytab/s3g/HTTP
kms_1       |    2 11/12/19 22:24:21 HTTP/d15033bbed55@EXAMPLE.COM
om_1        | Length: 142 [application/octet-stream]
datanode_3  | Length: 162 [application/octet-stream]
kdc_1       | Entry for principal om/s3g@EXAMPLE.COM with kvno 2, encryption type aes128-cts-hmac-sha1-96 added to keytab WRFILE:/data/om.s3g.keytab.
datanode_1  |    2 11/12/19 22:24:20 HTTP/bba766c4f7c2@EXAMPLE.COM
rm_1        | ---- ----------------- --------------------------------------------------------
datanode_2  | --2019-11-12 22:24:19--  http://kdc:8081/keytab/24fa249972be/HTTP
jhs         |      0K                                                       100% 19.7M=0s
scm_1       | 2019-11-12 22:24:20 (13.6 MB/s) - '/etc/security/keytabs/HTTP.keytab' saved [144/144]
nm_1        | Keytab name: FILE:/etc/security/keytabs/HTTP.keytab
s3g_1       | Resolving kdc (kdc)... 172.19.0.7
kms_1       |    2 11/12/19 22:24:21 HTTP/d15033bbed55@EXAMPLE.COM
om_1        | Saving to: '/etc/security/keytabs/HTTP.keytab'
datanode_3  | Saving to: '/etc/security/keytabs/HTTP.keytab'
kdc_1       | Generiting keytab
datanode_1  |    2 11/12/19 22:24:20 HTTP/bba766c4f7c2@EXAMPLE.COM
rm_1        |    2 11/12/19 22:24:21 HTTP/rm@EXAMPLE.COM
datanode_2  | Resolving kdc (kdc)... 172.19.0.7
jhs         | 
scm_1       | 
nm_1        | KVNO Timestamp         Principal
s3g_1       | Connecting to kdc (kdc)|172.19.0.7|:8081... connected.
kms_1       | Download testuser/d15033bbed55@EXAMPLE.COM keytab file to /etc/security/keytabs/testuser.keytab
om_1        | 
kdc_1       | Authenticating as principal admin/admin with keytab /tmp/admin.keytab.
datanode_1  | Download testuser/bba766c4f7c2@EXAMPLE.COM keytab file to /etc/security/keytabs/testuser.keytab
datanode_3  | 
datanode_2  | Connecting to kdc (kdc)|172.19.0.7|:8081... connected.
datanode_2  | HTTP request sent, awaiting response... 200 OK
scm_1       | Keytab name: FILE:/etc/security/keytabs/HTTP.keytab
nm_1        | ---- ----------------- --------------------------------------------------------
s3g_1       | HTTP request sent, awaiting response... 200 OK
kms_1       | --2019-11-12 22:24:21--  http://kdc:8081/keytab/d15033bbed55/testuser
om_1        |      0K                                                       100% 15.8M=0s
rm_1        |    2 11/12/19 22:24:21 HTTP/rm@EXAMPLE.COM
datanode_1  | --2019-11-12 22:24:21--  http://kdc:8081/keytab/bba766c4f7c2/testuser
kdc_1       | WARNING: no policy specified for om/565adcd529e8@EXAMPLE.COM; defaulting to no policy
datanode_3  |      0K                                                       100% 9.87M=0s
datanode_2  | Length: 162 [application/octet-stream]
jhs         | 2019-11-12 22:24:21 (19.7 MB/s) - '/etc/security/keytabs/HTTP.keytab' saved [144/144]
scm_1       | KVNO Timestamp         Principal
nm_1        |    2 11/12/19 22:24:22 HTTP/nm@EXAMPLE.COM
s3g_1       | Length: 144 [application/octet-stream]
kms_1       | Resolving kdc (kdc)... 172.19.0.7
om_1        | 
rm_1        | Download testuser/rm@EXAMPLE.COM keytab file to /etc/security/keytabs/testuser.keytab
datanode_1  | Resolving kdc (kdc)... 172.19.0.7
kdc_1       | Principal "om/565adcd529e8@EXAMPLE.COM" created.
datanode_3  | 
datanode_2  | Saving to: '/etc/security/keytabs/HTTP.keytab'
jhs         | 
scm_1       | ---- ----------------- --------------------------------------------------------
nm_1        |    2 11/12/19 22:24:22 HTTP/nm@EXAMPLE.COM
s3g_1       | Saving to: '/etc/security/keytabs/HTTP.keytab'
om_1        | 2019-11-12 22:24:20 (15.8 MB/s) - '/etc/security/keytabs/HTTP.keytab' saved [142/142]
rm_1        | --2019-11-12 22:24:21--  http://kdc:8081/keytab/rm/testuser
datanode_1  | Connecting to kdc (kdc)|172.19.0.7|:8081... connected.
kdc_1       | Authenticating as principal admin/admin with keytab /tmp/admin.keytab.
datanode_3  | 2019-11-12 22:24:17 (9.87 MB/s) - '/etc/security/keytabs/HTTP.keytab' saved [162/162]
datanode_2  | 
kms_1       | Connecting to kdc (kdc)|172.19.0.7|:8081... connected.
jhs         | Keytab name: FILE:/etc/security/keytabs/HTTP.keytab
scm_1       |    2 11/12/19 22:24:20 HTTP/scm@EXAMPLE.COM
s3g_1       | 
om_1        | 
rm_1        | Resolving kdc (kdc)... 172.19.0.7
nm_1        | Download testuser/nm@EXAMPLE.COM keytab file to /etc/security/keytabs/testuser.keytab
datanode_1  | HTTP request sent, awaiting response... 200 OK
kdc_1       | Entry for principal om/565adcd529e8@EXAMPLE.COM with kvno 2, encryption type aes256-cts-hmac-sha1-96 added to keytab WRFILE:/data/om.565adcd529e8.keytab.
datanode_3  | 
datanode_2  |      0K                                                       100% 21.9M=0s
kms_1       | HTTP request sent, awaiting response... 200 OK
jhs         | KVNO Timestamp         Principal
scm_1       |    2 11/12/19 22:24:20 HTTP/scm@EXAMPLE.COM
s3g_1       |      0K                                                       100% 11.0M=0s
rm_1        | Connecting to kdc (kdc)|172.19.0.7|:8081... connected.
om_1        | Keytab name: FILE:/etc/security/keytabs/HTTP.keytab
