scm_1         | 2019-11-12 22:15:11,710 WARN block.BlockManagerImpl: Pipeline creation failed for type:RATIS factor:THREE. Retrying get pipelines call once.
grafana_1     | t=2019-11-12T22:14:51+0000 lvl=info msg="Executing migration" logger=migrator id="create index UQE_api_key_org_id_name - v2"
datanode_3    | 2019-11-12 22:14:58,294 INFO impl.RaftServerImpl: 8caeb718-9100-4f30-b7ab-b9e2dadd4f21: new RaftServerImpl for group-6CF0EF6FED3F:[8caeb718-9100-4f30-b7ab-b9e2dadd4f21:172.19.0.6:9858, 25c81fc5-5118-4cbe-857e-c604e23804d4:172.19.0.8:9858, 30d55e7b-3d3f-47a3-82ca-2791bbd6e78e:172.19.0.9:9858] with ContainerStateMachine:uninitialized
datanode_2    | 2019-11-12 22:14:58,310 INFO server.RaftServerConfigKeys: raft.server.log.corruption.policy = EXCEPTION (default)
scm_1         | org.apache.hadoop.hdds.scm.pipeline.InsufficientDatanodesException: Cannot create pipeline of factor 3 using 0 nodes.
grafana_1     | t=2019-11-12T22:14:51+0000 lvl=info msg="Executing migration" logger=migrator id="copy api_key v1 to v2"
datanode_3    | 2019-11-12 22:14:58,294 INFO server.RaftServerConfigKeys: raft.server.rpc.timeout.min = 5s (custom)
datanode_1    | 2019-11-12 22:14:58,342 INFO server.RaftServerConfigKeys: raft.server.log.appender.buffer.byte-limit = 33554432 (custom)
datanode_2    | 2019-11-12 22:14:58,310 INFO storage.RaftStorageDirectory: The storage directory /data/metadata/ratis/3607f264-54ea-4046-b753-6cf0ef6fed3f does not exist. Creating ...
scm_1         | 	at org.apache.hadoop.hdds.scm.pipeline.RatisPipelineProvider.create(RatisPipelineProvider.java:153)
grafana_1     | t=2019-11-12T22:14:51+0000 lvl=info msg="Executing migration" logger=migrator id="Drop old table api_key_v1"
datanode_3    | 2019-11-12 22:14:58,295 INFO server.RaftServerConfigKeys: raft.server.rpc.timeout.max = 5200ms (custom)
datanode_2    | 2019-11-12 22:14:58,333 INFO storage.RaftStorageDirectory: Lock on /data/metadata/ratis/3607f264-54ea-4046-b753-6cf0ef6fed3f/in_use.lock acquired by nodename 7@e0da1ddeec4a
scm_1         | 	at org.apache.hadoop.hdds.scm.pipeline.PipelineFactory.create(PipelineFactory.java:58)
datanode_1    | 2019-11-12 22:14:58,342 INFO server.RaftServerConfigKeys: raft.server.log.segment.size.max = 1048576 (custom)
grafana_1     | t=2019-11-12T22:14:51+0000 lvl=info msg="Executing migration" logger=migrator id="Update api_key table charset"
datanode_2    | 2019-11-12 22:14:58,340 INFO storage.RaftStorage: Storage directory /data/metadata/ratis/3607f264-54ea-4046-b753-6cf0ef6fed3f has been successfully formatted.
datanode_3    | 2019-11-12 22:14:58,295 INFO server.RaftServerConfigKeys: raft.server.rpcslowness.timeout = 120s (custom)
scm_1         | 	at org.apache.hadoop.hdds.scm.pipeline.SCMPipelineManager.createPipeline(SCMPipelineManager.java:155)
datanode_1    | 2019-11-12 22:14:58,342 INFO server.RaftServerConfigKeys: raft.server.log.segment.cache.num.max = 2 (custom)
grafana_1     | t=2019-11-12T22:14:51+0000 lvl=info msg="Executing migration" logger=migrator id="Add expires to api_key table"
datanode_3    | 2019-11-12 22:14:58,295 INFO server.RaftServerConfigKeys: raft.server.sleep.deviation.threshold = 300 (default)
scm_1         | 	at org.apache.hadoop.hdds.scm.block.BlockManagerImpl.allocateBlock(BlockManagerImpl.java:198)
datanode_1    | 2019-11-12 22:14:58,342 INFO segmented.SegmentedRaftLogWorker: new 30d55e7b-3d3f-47a3-82ca-2791bbd6e78e@group-6CF0EF6FED3F-SegmentedRaftLogWorker for RaftStorage:Storage Directory /data/metadata/ratis/3607f264-54ea-4046-b753-6cf0ef6fed3f
datanode_2    | 2019-11-12 22:14:58,341 INFO ratis.ContainerStateMachine: group-6CF0EF6FED3F: The snapshot info is null. Setting the last applied indexto:(t:0, i:~)
grafana_1     | t=2019-11-12T22:14:51+0000 lvl=info msg="Executing migration" logger=migrator id="create dashboard_snapshot table v4"
datanode_3    | 2019-11-12 22:14:58,295 INFO server.RaftServerConfigKeys: raft.server.log.appender.install.snapshot.enabled = false (custom)
datanode_1    | 2019-11-12 22:14:58,343 INFO server.RaftServerConfigKeys: raft.server.log.queue.byte-limit = 2147483647 (custom)
scm_1         | 	at org.apache.hadoop.hdds.scm.server.SCMBlockProtocolServer.allocateBlock(SCMBlockProtocolServer.java:187)
datanode_2    | 2019-11-12 22:14:58,341 INFO server.RaftServerConfigKeys: raft.server.notification.no-leader.timeout = 120s (custom)
grafana_1     | t=2019-11-12T22:14:51+0000 lvl=info msg="Executing migration" logger=migrator id="drop table dashboard_snapshot_v4 #1"
datanode_3    | 2019-11-12 22:14:58,295 INFO impl.RaftServerImpl: 8caeb718-9100-4f30-b7ab-b9e2dadd4f21@group-6CF0EF6FED3F: ConfigurationManager, init=-1: [8caeb718-9100-4f30-b7ab-b9e2dadd4f21:172.19.0.6:9858, 25c81fc5-5118-4cbe-857e-c604e23804d4:172.19.0.8:9858, 30d55e7b-3d3f-47a3-82ca-2791bbd6e78e:172.19.0.9:9858], old=null, confs=<EMPTY_MAP>
datanode_1    | 2019-11-12 22:14:58,345 INFO server.RaftServerConfigKeys: raft.server.log.queue.element-limit = 1024 (custom)
scm_1         | 	at org.apache.hadoop.hdds.scm.protocol.ScmBlockLocationProtocolServerSideTranslatorPB.allocateScmBlock(ScmBlockLocationProtocolServerSideTranslatorPB.java:159)
datanode_2    | 2019-11-12 22:14:58,341 INFO server.RaftServerConfigKeys: raft.server.log.use.memory = false (default)
grafana_1     | t=2019-11-12T22:14:51+0000 lvl=info msg="Executing migration" logger=migrator id="create dashboard_snapshot table v5 #2"
datanode_3    | 2019-11-12 22:14:58,296 INFO server.RaftServerConfigKeys: raft.server.storage.dir = [/data/metadata/ratis] (custom)
datanode_1    | 2019-11-12 22:14:58,345 INFO server.RaftServerConfigKeys: raft.server.log.segment.size.max = 1048576 (custom)
scm_1         | 	at org.apache.hadoop.hdds.scm.protocol.ScmBlockLocationProtocolServerSideTranslatorPB.processMessage(ScmBlockLocationProtocolServerSideTranslatorPB.java:117)
datanode_2    | 2019-11-12 22:14:58,341 INFO server.RaftServerConfigKeys: raft.server.log.purge.gap = 1000000 (custom)
grafana_1     | t=2019-11-12T22:14:51+0000 lvl=info msg="Executing migration" logger=migrator id="create index UQE_dashboard_snapshot_key - v5"
datanode_3    | 2019-11-12 22:14:58,296 INFO server.RaftServerConfigKeys: raft.server.log.corruption.policy = EXCEPTION (default)
datanode_1    | 2019-11-12 22:14:58,346 INFO server.RaftServerConfigKeys: raft.server.log.preallocated.size = 16384 (custom)
scm_1         | 	at org.apache.hadoop.hdds.server.OzoneProtocolMessageDispatcher.processRequest(OzoneProtocolMessageDispatcher.java:72)
datanode_2    | 2019-11-12 22:14:58,342 INFO server.RaftServerConfigKeys: raft.server.log.appender.buffer.byte-limit = 33554432 (custom)
datanode_3    | 2019-11-12 22:14:58,296 INFO storage.RaftStorageDirectory: The storage directory /data/metadata/ratis/3607f264-54ea-4046-b753-6cf0ef6fed3f does not exist. Creating ...
datanode_1    | 2019-11-12 22:14:58,346 INFO server.RaftServerConfigKeys: raft.server.log.write.buffer.size = 33554432 (custom)
grafana_1     | t=2019-11-12T22:14:51+0000 lvl=info msg="Executing migration" logger=migrator id="create index UQE_dashboard_snapshot_delete_key - v5"
scm_1         | 	at org.apache.hadoop.hdds.scm.protocol.ScmBlockLocationProtocolServerSideTranslatorPB.send(ScmBlockLocationProtocolServerSideTranslatorPB.java:98)
datanode_2    | 2019-11-12 22:14:58,342 INFO server.RaftServerConfigKeys: raft.server.log.segment.size.max = 1048576 (custom)
datanode_3    | 2019-11-12 22:14:58,310 INFO storage.RaftStorageDirectory: Lock on /data/metadata/ratis/3607f264-54ea-4046-b753-6cf0ef6fed3f/in_use.lock acquired by nodename 7@8f111cf727a7
datanode_1    | 2019-11-12 22:14:58,346 INFO server.RaftServerConfigKeys: raft.server.log.force.sync.num = 128 (default)
grafana_1     | t=2019-11-12T22:14:51+0000 lvl=info msg="Executing migration" logger=migrator id="create index IDX_dashboard_snapshot_user_id - v5"
scm_1         | 	at org.apache.hadoop.hdds.protocol.proto.ScmBlockLocationProtocolProtos$ScmBlockLocationProtocolService$2.callBlockingMethod(ScmBlockLocationProtocolProtos.java:13157)
datanode_2    | 2019-11-12 22:14:58,342 INFO server.RaftServerConfigKeys: raft.server.log.segment.cache.num.max = 2 (custom)
datanode_1    | 2019-11-12 22:14:58,346 INFO server.RaftServerConfigKeys: raft.server.log.statemachine.data.sync = true (default)
datanode_3    | 2019-11-12 22:14:58,334 INFO storage.RaftStorage: Storage directory /data/metadata/ratis/3607f264-54ea-4046-b753-6cf0ef6fed3f has been successfully formatted.
grafana_1     | t=2019-11-12T22:14:51+0000 lvl=info msg="Executing migration" logger=migrator id="alter dashboard_snapshot to mediumtext v2"
scm_1         | 	at org.apache.hadoop.ipc.ProtobufRpcEngine$Server$ProtoBufRpcInvoker.call(ProtobufRpcEngine.java:524)
datanode_2    | 2019-11-12 22:14:58,343 INFO segmented.SegmentedRaftLogWorker: new 25c81fc5-5118-4cbe-857e-c604e23804d4@group-6CF0EF6FED3F-SegmentedRaftLogWorker for RaftStorage:Storage Directory /data/metadata/ratis/3607f264-54ea-4046-b753-6cf0ef6fed3f
datanode_1    | 2019-11-12 22:14:58,346 INFO server.RaftServerConfigKeys: raft.server.log.statemachine.data.sync.timeout = 10s (default)
datanode_3    | 2019-11-12 22:14:58,334 INFO ratis.ContainerStateMachine: group-6CF0EF6FED3F: The snapshot info is null. Setting the last applied indexto:(t:0, i:~)
grafana_1     | t=2019-11-12T22:14:51+0000 lvl=info msg="Executing migration" logger=migrator id="Update dashboard_snapshot table charset"
scm_1         | 	at org.apache.hadoop.ipc.RPC$Server.call(RPC.java:1025)
datanode_2    | 2019-11-12 22:14:58,343 INFO server.RaftServerConfigKeys: raft.server.log.queue.byte-limit = 2147483647 (custom)
datanode_1    | 2019-11-12 22:14:58,347 INFO server.RaftServerConfigKeys: raft.server.log.statemachine.data.sync.timeout.retry = -1 (default)
datanode_3    | 2019-11-12 22:14:58,334 INFO server.RaftServerConfigKeys: raft.server.notification.no-leader.timeout = 120s (custom)
grafana_1     | t=2019-11-12T22:14:51+0000 lvl=info msg="Executing migration" logger=migrator id="Add column external_delete_url to dashboard_snapshots table"
datanode_2    | 2019-11-12 22:14:58,343 INFO server.RaftServerConfigKeys: raft.server.log.queue.element-limit = 1024 (custom)
datanode_1    | 2019-11-12 22:14:58,347 INFO server.RaftServerConfigKeys: raft.server.log.statemachine.data.caching.enabled = true (custom)
datanode_3    | 2019-11-12 22:14:58,335 INFO server.RaftServerConfigKeys: raft.server.log.use.memory = false (default)
grafana_1     | t=2019-11-12T22:14:51+0000 lvl=info msg="Executing migration" logger=migrator id="create quota table v1"
datanode_2    | 2019-11-12 22:14:58,344 INFO server.RaftServerConfigKeys: raft.server.log.segment.size.max = 1048576 (custom)
scm_1         | 	at org.apache.hadoop.ipc.Server$RpcCall.run(Server.java:876)
datanode_1    | 2019-11-12 22:14:58,348 INFO segmented.SegmentedRaftLogWorker: 30d55e7b-3d3f-47a3-82ca-2791bbd6e78e@group-6CF0EF6FED3F-SegmentedRaftLogWorker: flushIndex: setUnconditionally 0 -> -1
datanode_3    | 2019-11-12 22:14:58,335 INFO server.RaftServerConfigKeys: raft.server.log.purge.gap = 1000000 (custom)
grafana_1     | t=2019-11-12T22:14:51+0000 lvl=info msg="Executing migration" logger=migrator id="create index UQE_quota_org_id_user_id_target - v1"
datanode_2    | 2019-11-12 22:14:58,344 INFO server.RaftServerConfigKeys: raft.server.log.preallocated.size = 16384 (custom)
scm_1         | 	at org.apache.hadoop.ipc.Server$RpcCall.run(Server.java:822)
datanode_1    | 2019-11-12 22:14:58,348 INFO server.RaftServerConfigKeys: raft.server.snapshot.auto.trigger.enabled = true (custom)
datanode_3    | 2019-11-12 22:14:58,335 INFO server.RaftServerConfigKeys: raft.server.log.appender.buffer.byte-limit = 33554432 (custom)
grafana_1     | t=2019-11-12T22:14:51+0000 lvl=info msg="Executing migration" logger=migrator id="Update quota table charset"
datanode_2    | 2019-11-12 22:14:58,344 INFO server.RaftServerConfigKeys: raft.server.log.write.buffer.size = 33554432 (custom)
scm_1         | 	at java.base/java.security.AccessController.doPrivileged(Native Method)
datanode_1    | 2019-11-12 22:14:58,349 INFO server.RaftServerConfigKeys: raft.server.snapshot.auto.trigger.threshold = 10000 (custom)
grafana_1     | t=2019-11-12T22:14:51+0000 lvl=info msg="Executing migration" logger=migrator id="create plugin_setting table"
datanode_2    | 2019-11-12 22:14:58,344 INFO server.RaftServerConfigKeys: raft.server.log.force.sync.num = 128 (default)
scm_1         | 	at java.base/javax.security.auth.Subject.doAs(Subject.java:423)
grafana_1     | t=2019-11-12T22:14:51+0000 lvl=info msg="Executing migration" logger=migrator id="create index UQE_plugin_setting_org_id_plugin_id - v1"
datanode_1    | 2019-11-12 22:14:58,349 INFO server.RaftServerConfigKeys: raft.server.snapshot.retention.file.num = 5 (custom)
datanode_3    | 2019-11-12 22:14:58,335 INFO server.RaftServerConfigKeys: raft.server.log.segment.size.max = 1048576 (custom)
datanode_2    | 2019-11-12 22:14:58,345 INFO server.RaftServerConfigKeys: raft.server.log.statemachine.data.sync = true (default)
scm_1         | 	at org.apache.hadoop.security.UserGroupInformation.doAs(UserGroupInformation.java:1730)
grafana_1     | t=2019-11-12T22:14:51+0000 lvl=info msg="Executing migration" logger=migrator id="Add column plugin_version to plugin_settings"
datanode_1    | 2019-11-12 22:14:58,349 INFO server.RaftServerConfigKeys: raft.server.retrycache.expirytime = 600000ms (custom)
datanode_2    | 2019-11-12 22:14:58,345 INFO server.RaftServerConfigKeys: raft.server.log.statemachine.data.sync.timeout = 10s (default)
scm_1         | 	at org.apache.hadoop.ipc.Server$Handler.run(Server.java:2682)
datanode_3    | 2019-11-12 22:14:58,336 INFO server.RaftServerConfigKeys: raft.server.log.segment.cache.num.max = 2 (custom)
grafana_1     | t=2019-11-12T22:14:51+0000 lvl=info msg="Executing migration" logger=migrator id="Update plugin_setting table charset"
datanode_1    | 2019-11-12 22:14:58,350 WARN impl.MetricRegistriesImpl: First MetricRegistry has been created without registering reporters. You may need to call MetricRegistries.global().addReportRegistration(...) before.
datanode_2    | 2019-11-12 22:14:58,345 INFO server.RaftServerConfigKeys: raft.server.log.statemachine.data.sync.timeout.retry = -1 (default)
scm_1         | 2019-11-12 22:15:11,712 INFO block.BlockManagerImpl: Could not find available pipeline of type:RATIS and factor:THREE even after retrying
datanode_3    | 2019-11-12 22:14:58,336 INFO segmented.SegmentedRaftLogWorker: new 8caeb718-9100-4f30-b7ab-b9e2dadd4f21@group-6CF0EF6FED3F-SegmentedRaftLogWorker for RaftStorage:Storage Directory /data/metadata/ratis/3607f264-54ea-4046-b753-6cf0ef6fed3f
grafana_1     | t=2019-11-12T22:14:51+0000 lvl=info msg="Executing migration" logger=migrator id="create session table"
datanode_1    | 2019-11-12 22:14:58,350 WARN impl.MetricRegistriesImpl: First MetricRegistry has been created without registering reporters. You may need to call MetricRegistries.global().addReportRegistration(...) before.
scm_1         | 2019-11-12 22:15:11,712 ERROR block.BlockManagerImpl: Unable to allocate a block for the size: 268435456, type: RATIS, factor: THREE
datanode_2    | 2019-11-12 22:14:58,346 INFO server.RaftServerConfigKeys: raft.server.log.statemachine.data.caching.enabled = true (custom)
datanode_3    | 2019-11-12 22:14:58,336 INFO server.RaftServerConfigKeys: raft.server.log.queue.byte-limit = 2147483647 (custom)
grafana_1     | t=2019-11-12T22:14:51+0000 lvl=info msg="Executing migration" logger=migrator id="Drop old table playlist table"
datanode_1    | 2019-11-12 22:14:58,350 INFO impl.RaftServerImpl: 30d55e7b-3d3f-47a3-82ca-2791bbd6e78e@group-6CF0EF6FED3F: start as a follower, conf=-1: [8caeb718-9100-4f30-b7ab-b9e2dadd4f21:172.19.0.6:9858, 25c81fc5-5118-4cbe-857e-c604e23804d4:172.19.0.8:9858, 30d55e7b-3d3f-47a3-82ca-2791bbd6e78e:172.19.0.9:9858], old=null
datanode_2    | 2019-11-12 22:14:58,347 INFO segmented.SegmentedRaftLogWorker: 25c81fc5-5118-4cbe-857e-c604e23804d4@group-6CF0EF6FED3F-SegmentedRaftLogWorker: flushIndex: setUnconditionally 0 -> -1
datanode_3    | 2019-11-12 22:14:58,336 INFO server.RaftServerConfigKeys: raft.server.log.queue.element-limit = 1024 (custom)
grafana_1     | t=2019-11-12T22:14:51+0000 lvl=info msg="Executing migration" logger=migrator id="Drop old table playlist_item table"
datanode_1    | 2019-11-12 22:14:58,351 INFO impl.RaftServerImpl: 30d55e7b-3d3f-47a3-82ca-2791bbd6e78e@group-6CF0EF6FED3F: changes role from      null to FOLLOWER at term 0 for startAsFollower
datanode_2    | 2019-11-12 22:14:58,347 INFO server.RaftServerConfigKeys: raft.server.snapshot.auto.trigger.enabled = true (custom)
datanode_3    | 2019-11-12 22:14:58,336 INFO server.RaftServerConfigKeys: raft.server.log.segment.size.max = 1048576 (custom)
grafana_1     | t=2019-11-12T22:14:51+0000 lvl=info msg="Executing migration" logger=migrator id="create playlist table v2"
datanode_1    | 2019-11-12 22:14:58,351 INFO impl.RoleInfo: 30d55e7b-3d3f-47a3-82ca-2791bbd6e78e: start FollowerState
datanode_2    | 2019-11-12 22:14:58,348 INFO server.RaftServerConfigKeys: raft.server.snapshot.auto.trigger.threshold = 10000 (custom)
grafana_1     | t=2019-11-12T22:14:51+0000 lvl=info msg="Executing migration" logger=migrator id="create playlist item table v2"
datanode_3    | 2019-11-12 22:14:58,336 INFO server.RaftServerConfigKeys: raft.server.log.preallocated.size = 16384 (custom)
datanode_1    | 2019-11-12 22:14:58,352 INFO util.JmxRegister: Successfully registered JMX Bean with object name Ratis:service=RaftServer,group=group-6CF0EF6FED3F,id=30d55e7b-3d3f-47a3-82ca-2791bbd6e78e
datanode_2    | 2019-11-12 22:14:58,348 INFO server.RaftServerConfigKeys: raft.server.snapshot.retention.file.num = 5 (custom)
grafana_1     | t=2019-11-12T22:14:51+0000 lvl=info msg="Executing migration" logger=migrator id="Update playlist table charset"
datanode_3    | 2019-11-12 22:14:58,337 INFO server.RaftServerConfigKeys: raft.server.log.write.buffer.size = 33554432 (custom)
datanode_1    | 2019-11-12 22:14:58,352 WARN impl.MetricRegistriesImpl: First MetricRegistry has been created without registering reporters. You may need to call MetricRegistries.global().addReportRegistration(...) before.
datanode_2    | 2019-11-12 22:14:58,349 INFO server.RaftServerConfigKeys: raft.server.retrycache.expirytime = 600000ms (custom)
grafana_1     | t=2019-11-12T22:14:51+0000 lvl=info msg="Executing migration" logger=migrator id="Update playlist_item table charset"
datanode_3    | 2019-11-12 22:14:58,337 INFO server.RaftServerConfigKeys: raft.server.log.force.sync.num = 128 (default)
datanode_1    | 2019-11-12 22:15:02,774 INFO impl.FollowerState: 30d55e7b-3d3f-47a3-82ca-2791bbd6e78e@group-8D9CAF039710-FollowerState: change to CANDIDATE, lastRpcTime:5054ms, electionTimeout:5053ms
datanode_2    | 2019-11-12 22:14:58,349 WARN impl.MetricRegistriesImpl: First MetricRegistry has been created without registering reporters. You may need to call MetricRegistries.global().addReportRegistration(...) before.
grafana_1     | t=2019-11-12T22:14:51+0000 lvl=info msg="Executing migration" logger=migrator id="drop preferences table v2"
datanode_1    | 2019-11-12 22:15:02,776 INFO impl.RoleInfo: 30d55e7b-3d3f-47a3-82ca-2791bbd6e78e: shutdown FollowerState
datanode_3    | 2019-11-12 22:14:58,337 INFO server.RaftServerConfigKeys: raft.server.log.statemachine.data.sync = true (default)
datanode_2    | 2019-11-12 22:14:58,350 WARN impl.MetricRegistriesImpl: First MetricRegistry has been created without registering reporters. You may need to call MetricRegistries.global().addReportRegistration(...) before.
grafana_1     | t=2019-11-12T22:14:51+0000 lvl=info msg="Executing migration" logger=migrator id="drop preferences table v3"
datanode_1    | 2019-11-12 22:15:02,777 INFO impl.RaftServerImpl: 30d55e7b-3d3f-47a3-82ca-2791bbd6e78e@group-8D9CAF039710: changes role from  FOLLOWER to CANDIDATE at term 0 for changeToCandidate
datanode_3    | 2019-11-12 22:14:58,337 INFO server.RaftServerConfigKeys: raft.server.log.statemachine.data.sync.timeout = 10s (default)
datanode_2    | 2019-11-12 22:14:58,350 INFO impl.RaftServerImpl: 25c81fc5-5118-4cbe-857e-c604e23804d4@group-6CF0EF6FED3F: start as a follower, conf=-1: [8caeb718-9100-4f30-b7ab-b9e2dadd4f21:172.19.0.6:9858, 25c81fc5-5118-4cbe-857e-c604e23804d4:172.19.0.8:9858, 30d55e7b-3d3f-47a3-82ca-2791bbd6e78e:172.19.0.9:9858], old=null
grafana_1     | t=2019-11-12T22:14:51+0000 lvl=info msg="Executing migration" logger=migrator id="create preferences table v3"
datanode_1    | 2019-11-12 22:15:02,781 INFO impl.RoleInfo: 30d55e7b-3d3f-47a3-82ca-2791bbd6e78e: start LeaderElection
datanode_3    | 2019-11-12 22:14:58,338 INFO server.RaftServerConfigKeys: raft.server.log.statemachine.data.sync.timeout.retry = -1 (default)
grafana_1     | t=2019-11-12T22:14:51+0000 lvl=info msg="Executing migration" logger=migrator id="Update preferences table charset"
datanode_2    | 2019-11-12 22:14:58,351 INFO impl.RaftServerImpl: 25c81fc5-5118-4cbe-857e-c604e23804d4@group-6CF0EF6FED3F: changes role from      null to FOLLOWER at term 0 for startAsFollower
datanode_1    | 2019-11-12 22:15:03,065 INFO impl.LeaderElection: 30d55e7b-3d3f-47a3-82ca-2791bbd6e78e@group-8D9CAF039710-LeaderElection1: begin an election at term 1 for -1: [30d55e7b-3d3f-47a3-82ca-2791bbd6e78e:172.19.0.9:9858], old=null
datanode_3    | 2019-11-12 22:14:58,338 INFO server.RaftServerConfigKeys: raft.server.log.statemachine.data.caching.enabled = true (custom)
grafana_1     | t=2019-11-12T22:14:51+0000 lvl=info msg="Executing migration" logger=migrator id="Add column team_id in preferences"
datanode_2    | 2019-11-12 22:14:58,351 INFO impl.RoleInfo: 25c81fc5-5118-4cbe-857e-c604e23804d4: start FollowerState
datanode_1    | 2019-11-12 22:15:03,066 INFO impl.RoleInfo: 30d55e7b-3d3f-47a3-82ca-2791bbd6e78e: shutdown LeaderElection
grafana_1     | t=2019-11-12T22:14:51+0000 lvl=info msg="Executing migration" logger=migrator id="Update team_id column values in preferences"
datanode_2    | 2019-11-12 22:14:58,352 INFO util.JmxRegister: Successfully registered JMX Bean with object name Ratis:service=RaftServer,group=group-6CF0EF6FED3F,id=25c81fc5-5118-4cbe-857e-c604e23804d4
datanode_3    | 2019-11-12 22:14:58,339 INFO segmented.SegmentedRaftLogWorker: 8caeb718-9100-4f30-b7ab-b9e2dadd4f21@group-6CF0EF6FED3F-SegmentedRaftLogWorker: flushIndex: setUnconditionally 0 -> -1
datanode_1    | 2019-11-12 22:15:03,067 INFO impl.RaftServerImpl: 30d55e7b-3d3f-47a3-82ca-2791bbd6e78e@group-8D9CAF039710: changes role from CANDIDATE to LEADER at term 1 for changeToLeader
grafana_1     | t=2019-11-12T22:14:51+0000 lvl=info msg="Executing migration" logger=migrator id="create alert table v1"
datanode_2    | 2019-11-12 22:14:58,352 WARN impl.MetricRegistriesImpl: First MetricRegistry has been created without registering reporters. You may need to call MetricRegistries.global().addReportRegistration(...) before.
datanode_1    | 2019-11-12 22:15:03,068 INFO ratis.XceiverServerRatis: Leader change notification received for group: group-8D9CAF039710 with new leaderId: 30d55e7b-3d3f-47a3-82ca-2791bbd6e78e
grafana_1     | t=2019-11-12T22:14:51+0000 lvl=info msg="Executing migration" logger=migrator id="add index alert org_id & id "
grafana_1     | t=2019-11-12T22:14:51+0000 lvl=info msg="Executing migration" logger=migrator id="add index alert state"
grafana_1     | t=2019-11-12T22:14:51+0000 lvl=info msg="Executing migration" logger=migrator id="add index alert dashboard_id"
datanode_1    | 2019-11-12 22:15:03,074 INFO impl.RaftServerImpl: 30d55e7b-3d3f-47a3-82ca-2791bbd6e78e@group-8D9CAF039710: change Leader from null to 30d55e7b-3d3f-47a3-82ca-2791bbd6e78e at term 1 for becomeLeader, leader elected after 5431ms
grafana_1     | t=2019-11-12T22:14:51+0000 lvl=info msg="Executing migration" logger=migrator id="Create alert_rule_tag table v1"
datanode_1    | 2019-11-12 22:15:03,078 INFO server.RaftServerConfigKeys: raft.server.staging.catchup.gap = 1000 (default)
datanode_2    | 2019-11-12 22:15:03,341 INFO impl.FollowerState: 25c81fc5-5118-4cbe-857e-c604e23804d4@group-9572573DB66E-FollowerState: change to CANDIDATE, lastRpcTime:5151ms, electionTimeout:5150ms
grafana_1     | t=2019-11-12T22:14:51+0000 lvl=info msg="Executing migration" logger=migrator id="Add unique index alert_rule_tag.alert_id_tag_id"
datanode_1    | 2019-11-12 22:15:03,078 INFO server.RaftServerConfigKeys: raft.server.rpc.sleep.time = 25ms (default)
datanode_2    | 2019-11-12 22:15:03,343 INFO impl.RoleInfo: 25c81fc5-5118-4cbe-857e-c604e23804d4: shutdown FollowerState
grafana_1     | t=2019-11-12T22:14:51+0000 lvl=info msg="Executing migration" logger=migrator id="create alert_notification table v1"
datanode_1    | 2019-11-12 22:15:03,082 INFO server.RaftServerConfigKeys: raft.server.write.element-limit = 4096 (default)
datanode_3    | 2019-11-12 22:14:58,340 INFO server.RaftServerConfigKeys: raft.server.snapshot.auto.trigger.enabled = true (custom)
datanode_2    | 2019-11-12 22:15:03,343 INFO impl.RaftServerImpl: 25c81fc5-5118-4cbe-857e-c604e23804d4@group-9572573DB66E: changes role from  FOLLOWER to CANDIDATE at term 0 for changeToCandidate
grafana_1     | t=2019-11-12T22:14:51+0000 lvl=info msg="Executing migration" logger=migrator id="Add column is_default"
datanode_1    | 2019-11-12 22:15:03,088 INFO server.RaftServerConfigKeys: raft.server.watch.timeout = 10s (default)
datanode_3    | 2019-11-12 22:14:58,340 INFO server.RaftServerConfigKeys: raft.server.snapshot.auto.trigger.threshold = 10000 (custom)
datanode_2    | 2019-11-12 22:15:03,346 INFO impl.RoleInfo: 25c81fc5-5118-4cbe-857e-c604e23804d4: start LeaderElection
grafana_1     | t=2019-11-12T22:14:51+0000 lvl=info msg="Executing migration" logger=migrator id="Add column frequency"
datanode_1    | 2019-11-12 22:15:03,088 INFO server.RaftServerConfigKeys: raft.server.watch.timeout.denomination = 1s (default)
datanode_2    | 2019-11-12 22:15:03,357 INFO impl.LeaderElection: 25c81fc5-5118-4cbe-857e-c604e23804d4@group-9572573DB66E-LeaderElection1: begin an election at term 1 for -1: [25c81fc5-5118-4cbe-857e-c604e23804d4:172.19.0.8:9858], old=null
datanode_3    | 2019-11-12 22:14:58,341 INFO server.RaftServerConfigKeys: raft.server.snapshot.retention.file.num = 5 (custom)
grafana_1     | t=2019-11-12T22:14:51+0000 lvl=info msg="Executing migration" logger=migrator id="Add column send_reminder"
datanode_1    | 2019-11-12 22:15:03,089 INFO server.RaftServerConfigKeys: raft.server.watch.element-limit = 65536 (default)
datanode_2    | 2019-11-12 22:15:03,358 INFO impl.RoleInfo: 25c81fc5-5118-4cbe-857e-c604e23804d4: shutdown LeaderElection
datanode_3    | 2019-11-12 22:14:58,342 INFO server.RaftServerConfigKeys: raft.server.retrycache.expirytime = 600000ms (custom)
grafana_1     | t=2019-11-12T22:14:52+0000 lvl=info msg="Executing migration" logger=migrator id="Add column disable_resolve_message"
datanode_2    | 2019-11-12 22:15:03,359 INFO impl.RaftServerImpl: 25c81fc5-5118-4cbe-857e-c604e23804d4@group-9572573DB66E: changes role from CANDIDATE to LEADER at term 1 for changeToLeader
datanode_1    | 2019-11-12 22:15:03,099 INFO impl.RoleInfo: 30d55e7b-3d3f-47a3-82ca-2791bbd6e78e: start LeaderState
datanode_3    | 2019-11-12 22:14:58,342 WARN impl.MetricRegistriesImpl: First MetricRegistry has been created without registering reporters. You may need to call MetricRegistries.global().addReportRegistration(...) before.
datanode_2    | 2019-11-12 22:15:03,359 INFO ratis.XceiverServerRatis: Leader change notification received for group: group-9572573DB66E with new leaderId: 25c81fc5-5118-4cbe-857e-c604e23804d4
grafana_1     | t=2019-11-12T22:14:52+0000 lvl=info msg="Executing migration" logger=migrator id="add index alert_notification org_id & name"
datanode_3    | 2019-11-12 22:14:58,343 WARN impl.MetricRegistriesImpl: First MetricRegistry has been created without registering reporters. You may need to call MetricRegistries.global().addReportRegistration(...) before.
datanode_3    | 2019-11-12 22:14:58,343 INFO impl.RaftServerImpl: 8caeb718-9100-4f30-b7ab-b9e2dadd4f21@group-6CF0EF6FED3F: start as a follower, conf=-1: [8caeb718-9100-4f30-b7ab-b9e2dadd4f21:172.19.0.6:9858, 25c81fc5-5118-4cbe-857e-c604e23804d4:172.19.0.8:9858, 30d55e7b-3d3f-47a3-82ca-2791bbd6e78e:172.19.0.9:9858], old=null
datanode_2    | 2019-11-12 22:15:03,365 INFO impl.RaftServerImpl: 25c81fc5-5118-4cbe-857e-c604e23804d4@group-9572573DB66E: change Leader from null to 25c81fc5-5118-4cbe-857e-c604e23804d4 at term 1 for becomeLeader, leader elected after 5236ms
grafana_1     | t=2019-11-12T22:14:52+0000 lvl=info msg="Executing migration" logger=migrator id="Update alert table charset"
datanode_3    | 2019-11-12 22:14:58,343 INFO impl.RaftServerImpl: 8caeb718-9100-4f30-b7ab-b9e2dadd4f21@group-6CF0EF6FED3F: changes role from      null to FOLLOWER at term 0 for startAsFollower
datanode_2    | 2019-11-12 22:15:03,370 INFO server.RaftServerConfigKeys: raft.server.staging.catchup.gap = 1000 (default)
grafana_1     | t=2019-11-12T22:14:52+0000 lvl=info msg="Executing migration" logger=migrator id="Update alert_notification table charset"
datanode_1    | 2019-11-12 22:15:03,122 INFO segmented.SegmentedRaftLogWorker: 30d55e7b-3d3f-47a3-82ca-2791bbd6e78e@group-8D9CAF039710-SegmentedRaftLogWorker: Starting segment from index:0
datanode_3    | 2019-11-12 22:14:58,344 INFO impl.RoleInfo: 8caeb718-9100-4f30-b7ab-b9e2dadd4f21: start FollowerState
datanode_2    | 2019-11-12 22:15:03,370 INFO server.RaftServerConfigKeys: raft.server.rpc.sleep.time = 25ms (default)
grafana_1     | t=2019-11-12T22:14:52+0000 lvl=info msg="Executing migration" logger=migrator id="create notification_journal table v1"
datanode_1    | 2019-11-12 22:15:03,133 INFO impl.RaftServerImpl: 30d55e7b-3d3f-47a3-82ca-2791bbd6e78e@group-8D9CAF039710: set configuration 0: [30d55e7b-3d3f-47a3-82ca-2791bbd6e78e:172.19.0.9:9858], old=null at 0
datanode_3    | 2019-11-12 22:14:58,345 INFO util.JmxRegister: Successfully registered JMX Bean with object name Ratis:service=RaftServer,group=group-6CF0EF6FED3F,id=8caeb718-9100-4f30-b7ab-b9e2dadd4f21
datanode_2    | 2019-11-12 22:15:03,375 INFO server.RaftServerConfigKeys: raft.server.write.element-limit = 4096 (default)
grafana_1     | t=2019-11-12T22:14:52+0000 lvl=info msg="Executing migration" logger=migrator id="add index notification_journal org_id & alert_id & notifier_id"
datanode_1    | 2019-11-12 22:15:03,298 INFO segmented.SegmentedRaftLogWorker: 30d55e7b-3d3f-47a3-82ca-2791bbd6e78e@group-8D9CAF039710-SegmentedRaftLogWorker: created new log segment /data/metadata/ratis/e7703d21-9060-4987-85f1-8d9caf039710/current/log_inprogress_0
datanode_3    | 2019-11-12 22:14:58,345 WARN impl.MetricRegistriesImpl: First MetricRegistry has been created without registering reporters. You may need to call MetricRegistries.global().addReportRegistration(...) before.
datanode_2    | 2019-11-12 22:15:03,382 INFO server.RaftServerConfigKeys: raft.server.watch.timeout = 10s (default)
grafana_1     | t=2019-11-12T22:14:52+0000 lvl=info msg="Executing migration" logger=migrator id="drop alert_notification_journal"
datanode_1    | 2019-11-12 22:15:03,453 INFO impl.FollowerState: 30d55e7b-3d3f-47a3-82ca-2791bbd6e78e@group-6CF0EF6FED3F-FollowerState: change to CANDIDATE, lastRpcTime:5102ms, electionTimeout:5101ms
datanode_3    | 2019-11-12 22:15:02,265 INFO impl.FollowerState: 8caeb718-9100-4f30-b7ab-b9e2dadd4f21@group-387C69CCD0FD-FollowerState: change to CANDIDATE, lastRpcTime:5099ms, electionTimeout:5098ms
datanode_2    | 2019-11-12 22:15:03,382 INFO server.RaftServerConfigKeys: raft.server.watch.timeout.denomination = 1s (default)
grafana_1     | t=2019-11-12T22:14:52+0000 lvl=info msg="Executing migration" logger=migrator id="create alert_notification_state table v1"
datanode_1    | 2019-11-12 22:15:03,454 INFO impl.RoleInfo: 30d55e7b-3d3f-47a3-82ca-2791bbd6e78e: shutdown FollowerState
datanode_3    | 2019-11-12 22:15:02,267 INFO impl.RoleInfo: 8caeb718-9100-4f30-b7ab-b9e2dadd4f21: shutdown FollowerState
datanode_2    | 2019-11-12 22:15:03,383 INFO server.RaftServerConfigKeys: raft.server.watch.element-limit = 65536 (default)
grafana_1     | t=2019-11-12T22:14:52+0000 lvl=info msg="Executing migration" logger=migrator id="add index alert_notification_state org_id & alert_id & notifier_id"
datanode_1    | 2019-11-12 22:15:03,454 INFO impl.RaftServerImpl: 30d55e7b-3d3f-47a3-82ca-2791bbd6e78e@group-6CF0EF6FED3F: changes role from  FOLLOWER to CANDIDATE at term 0 for changeToCandidate
datanode_3    | 2019-11-12 22:15:02,268 INFO impl.RaftServerImpl: 8caeb718-9100-4f30-b7ab-b9e2dadd4f21@group-387C69CCD0FD: changes role from  FOLLOWER to CANDIDATE at term 0 for changeToCandidate
datanode_2    | 2019-11-12 22:15:03,393 INFO impl.RoleInfo: 25c81fc5-5118-4cbe-857e-c604e23804d4: start LeaderState
grafana_1     | t=2019-11-12T22:14:52+0000 lvl=info msg="Executing migration" logger=migrator id="Add for to alert table"
datanode_1    | 2019-11-12 22:15:03,454 INFO impl.RoleInfo: 30d55e7b-3d3f-47a3-82ca-2791bbd6e78e: start LeaderElection
datanode_3    | 2019-11-12 22:15:02,273 INFO impl.RoleInfo: 8caeb718-9100-4f30-b7ab-b9e2dadd4f21: start LeaderElection
datanode_2    | 2019-11-12 22:15:03,419 INFO segmented.SegmentedRaftLogWorker: 25c81fc5-5118-4cbe-857e-c604e23804d4@group-9572573DB66E-SegmentedRaftLogWorker: Starting segment from index:0
datanode_1    | 2019-11-12 22:15:03,470 INFO impl.LeaderElection: 30d55e7b-3d3f-47a3-82ca-2791bbd6e78e@group-6CF0EF6FED3F-LeaderElection2: begin an election at term 1 for -1: [8caeb718-9100-4f30-b7ab-b9e2dadd4f21:172.19.0.6:9858, 25c81fc5-5118-4cbe-857e-c604e23804d4:172.19.0.8:9858, 30d55e7b-3d3f-47a3-82ca-2791bbd6e78e:172.19.0.9:9858], old=null
grafana_1     | t=2019-11-12T22:14:52+0000 lvl=info msg="Executing migration" logger=migrator id="Add column uid in alert_notification"
datanode_3    | 2019-11-12 22:15:02,383 INFO impl.LeaderElection: 8caeb718-9100-4f30-b7ab-b9e2dadd4f21@group-387C69CCD0FD-LeaderElection1: begin an election at term 1 for -1: [8caeb718-9100-4f30-b7ab-b9e2dadd4f21:172.19.0.6:9858], old=null
datanode_2    | 2019-11-12 22:15:03,432 INFO impl.RaftServerImpl: 25c81fc5-5118-4cbe-857e-c604e23804d4@group-9572573DB66E: set configuration 0: [25c81fc5-5118-4cbe-857e-c604e23804d4:172.19.0.8:9858], old=null at 0
grafana_1     | t=2019-11-12T22:14:52+0000 lvl=info msg="Executing migration" logger=migrator id="Update uid column values in alert_notification"
datanode_3    | 2019-11-12 22:15:02,385 INFO impl.RoleInfo: 8caeb718-9100-4f30-b7ab-b9e2dadd4f21: shutdown LeaderElection
datanode_2    | 2019-11-12 22:15:03,538 INFO impl.FollowerState: 25c81fc5-5118-4cbe-857e-c604e23804d4@group-6CF0EF6FED3F-FollowerState: change to CANDIDATE, lastRpcTime:5186ms, electionTimeout:5185ms
datanode_1    | 2019-11-12 22:15:03,649 INFO impl.LeaderElection: 30d55e7b-3d3f-47a3-82ca-2791bbd6e78e@group-6CF0EF6FED3F-LeaderElection2: Election REJECTED; received 2 response(s) [30d55e7b-3d3f-47a3-82ca-2791bbd6e78e<-25c81fc5-5118-4cbe-857e-c604e23804d4#0:FAIL-t1, 30d55e7b-3d3f-47a3-82ca-2791bbd6e78e<-8caeb718-9100-4f30-b7ab-b9e2dadd4f21#0:FAIL-t1] and 0 exception(s); 30d55e7b-3d3f-47a3-82ca-2791bbd6e78e@group-6CF0EF6FED3F:t1, leader=null, voted=30d55e7b-3d3f-47a3-82ca-2791bbd6e78e, raftlog=30d55e7b-3d3f-47a3-82ca-2791bbd6e78e@group-6CF0EF6FED3F-SegmentedRaftLog:OPENED:c-1,f-1,i0, conf=-1: [8caeb718-9100-4f30-b7ab-b9e2dadd4f21:172.19.0.6:9858, 25c81fc5-5118-4cbe-857e-c604e23804d4:172.19.0.8:9858, 30d55e7b-3d3f-47a3-82ca-2791bbd6e78e:172.19.0.9:9858], old=null
grafana_1     | t=2019-11-12T22:14:52+0000 lvl=info msg="Executing migration" logger=migrator id="Add unique index alert_notification_org_id_uid"
datanode_3    | 2019-11-12 22:15:02,386 INFO impl.RaftServerImpl: 8caeb718-9100-4f30-b7ab-b9e2dadd4f21@group-387C69CCD0FD: changes role from CANDIDATE to LEADER at term 1 for changeToLeader
datanode_2    | 2019-11-12 22:15:03,539 INFO impl.RoleInfo: 25c81fc5-5118-4cbe-857e-c604e23804d4: shutdown FollowerState
grafana_1     | t=2019-11-12T22:14:52+0000 lvl=info msg="Executing migration" logger=migrator id="Remove unique index org_id_name"
datanode_3    | 2019-11-12 22:15:02,386 INFO ratis.XceiverServerRatis: Leader change notification received for group: group-387C69CCD0FD with new leaderId: 8caeb718-9100-4f30-b7ab-b9e2dadd4f21
datanode_2    | 2019-11-12 22:15:03,539 INFO impl.RaftServerImpl: 25c81fc5-5118-4cbe-857e-c604e23804d4@group-6CF0EF6FED3F: changes role from  FOLLOWER to CANDIDATE at term 0 for changeToCandidate
grafana_1     | t=2019-11-12T22:14:52+0000 lvl=info msg="Executing migration" logger=migrator id="Drop old annotation table v4"
datanode_1    | 2019-11-12 22:15:03,650 INFO impl.RaftServerImpl: 30d55e7b-3d3f-47a3-82ca-2791bbd6e78e@group-6CF0EF6FED3F: changes role from CANDIDATE to FOLLOWER at term 1 for DISCOVERED_A_NEW_TERM
datanode_3    | 2019-11-12 22:15:02,391 INFO impl.RaftServerImpl: 8caeb718-9100-4f30-b7ab-b9e2dadd4f21@group-387C69CCD0FD: change Leader from null to 8caeb718-9100-4f30-b7ab-b9e2dadd4f21 at term 1 for becomeLeader, leader elected after 5309ms
datanode_2    | 2019-11-12 22:15:03,539 INFO impl.RoleInfo: 25c81fc5-5118-4cbe-857e-c604e23804d4: start LeaderElection
grafana_1     | t=2019-11-12T22:14:52+0000 lvl=info msg="Executing migration" logger=migrator id="create annotation table v5"
datanode_1    | 2019-11-12 22:15:03,650 INFO impl.RoleInfo: 30d55e7b-3d3f-47a3-82ca-2791bbd6e78e: shutdown LeaderElection
datanode_3    | 2019-11-12 22:15:02,395 INFO server.RaftServerConfigKeys: raft.server.staging.catchup.gap = 1000 (default)
datanode_2    | 2019-11-12 22:15:03,548 INFO impl.LeaderElection: 25c81fc5-5118-4cbe-857e-c604e23804d4@group-6CF0EF6FED3F-LeaderElection2: begin an election at term 1 for -1: [8caeb718-9100-4f30-b7ab-b9e2dadd4f21:172.19.0.6:9858, 25c81fc5-5118-4cbe-857e-c604e23804d4:172.19.0.8:9858, 30d55e7b-3d3f-47a3-82ca-2791bbd6e78e:172.19.0.9:9858], old=null
datanode_1    | 2019-11-12 22:15:03,650 INFO impl.RoleInfo: 30d55e7b-3d3f-47a3-82ca-2791bbd6e78e: start FollowerState
datanode_3    | 2019-11-12 22:15:02,395 INFO server.RaftServerConfigKeys: raft.server.rpc.sleep.time = 25ms (default)
grafana_1     | t=2019-11-12T22:14:52+0000 lvl=info msg="Executing migration" logger=migrator id="add index annotation 0 v3"
datanode_2    | 2019-11-12 22:15:03,619 INFO segmented.SegmentedRaftLogWorker: 25c81fc5-5118-4cbe-857e-c604e23804d4@group-9572573DB66E-SegmentedRaftLogWorker: created new log segment /data/metadata/ratis/b4c48ff5-8f4b-4706-80a7-9572573db66e/current/log_inprogress_0
datanode_1    | 2019-11-12 22:15:08,724 INFO impl.FollowerState: 30d55e7b-3d3f-47a3-82ca-2791bbd6e78e@group-6CF0EF6FED3F-FollowerState: change to CANDIDATE, lastRpcTime:5073ms, electionTimeout:5073ms
datanode_3    | 2019-11-12 22:15:02,397 INFO server.RaftServerConfigKeys: raft.server.write.element-limit = 4096 (default)
datanode_1    | 2019-11-12 22:15:08,724 INFO impl.RoleInfo: 30d55e7b-3d3f-47a3-82ca-2791bbd6e78e: shutdown FollowerState
grafana_1     | t=2019-11-12T22:14:52+0000 lvl=info msg="Executing migration" logger=migrator id="add index annotation 1 v3"
datanode_3    | 2019-11-12 22:15:02,402 INFO server.RaftServerConfigKeys: raft.server.watch.timeout = 10s (default)
datanode_1    | 2019-11-12 22:15:08,725 INFO impl.RaftServerImpl: 30d55e7b-3d3f-47a3-82ca-2791bbd6e78e@group-6CF0EF6FED3F: changes role from  FOLLOWER to CANDIDATE at term 1 for changeToCandidate
datanode_2    | 2019-11-12 22:15:03,741 INFO impl.LeaderElection: 25c81fc5-5118-4cbe-857e-c604e23804d4@group-6CF0EF6FED3F-LeaderElection2: Election REJECTED; received 2 response(s) [25c81fc5-5118-4cbe-857e-c604e23804d4<-8caeb718-9100-4f30-b7ab-b9e2dadd4f21#0:FAIL-t1, 25c81fc5-5118-4cbe-857e-c604e23804d4<-30d55e7b-3d3f-47a3-82ca-2791bbd6e78e#0:FAIL-t1] and 0 exception(s); 25c81fc5-5118-4cbe-857e-c604e23804d4@group-6CF0EF6FED3F:t1, leader=null, voted=25c81fc5-5118-4cbe-857e-c604e23804d4, raftlog=25c81fc5-5118-4cbe-857e-c604e23804d4@group-6CF0EF6FED3F-SegmentedRaftLog:OPENED:c-1,f-1,i0, conf=-1: [8caeb718-9100-4f30-b7ab-b9e2dadd4f21:172.19.0.6:9858, 25c81fc5-5118-4cbe-857e-c604e23804d4:172.19.0.8:9858, 30d55e7b-3d3f-47a3-82ca-2791bbd6e78e:172.19.0.9:9858], old=null
datanode_3    | 2019-11-12 22:15:02,402 INFO server.RaftServerConfigKeys: raft.server.watch.timeout.denomination = 1s (default)
grafana_1     | t=2019-11-12T22:14:52+0000 lvl=info msg="Executing migration" logger=migrator id="add index annotation 2 v3"
datanode_1    | 2019-11-12 22:15:08,725 INFO impl.RoleInfo: 30d55e7b-3d3f-47a3-82ca-2791bbd6e78e: start LeaderElection
datanode_3    | 2019-11-12 22:15:02,402 INFO server.RaftServerConfigKeys: raft.server.watch.element-limit = 65536 (default)
grafana_1     | t=2019-11-12T22:14:52+0000 lvl=info msg="Executing migration" logger=migrator id="add index annotation 3 v3"
datanode_1    | 2019-11-12 22:15:09,321 INFO impl.LeaderElection: 30d55e7b-3d3f-47a3-82ca-2791bbd6e78e@group-6CF0EF6FED3F-LeaderElection3: begin an election at term 2 for -1: [8caeb718-9100-4f30-b7ab-b9e2dadd4f21:172.19.0.6:9858, 25c81fc5-5118-4cbe-857e-c604e23804d4:172.19.0.8:9858, 30d55e7b-3d3f-47a3-82ca-2791bbd6e78e:172.19.0.9:9858], old=null
datanode_2    | 2019-11-12 22:15:03,742 INFO impl.RaftServerImpl: 25c81fc5-5118-4cbe-857e-c604e23804d4@group-6CF0EF6FED3F: changes role from CANDIDATE to FOLLOWER at term 1 for DISCOVERED_A_NEW_TERM
datanode_3    | 2019-11-12 22:15:02,408 INFO impl.RoleInfo: 8caeb718-9100-4f30-b7ab-b9e2dadd4f21: start LeaderState
grafana_1     | t=2019-11-12T22:14:52+0000 lvl=info msg="Executing migration" logger=migrator id="add index annotation 4 v3"
datanode_1    | 2019-11-12 22:15:09,365 INFO impl.LeaderElection: 30d55e7b-3d3f-47a3-82ca-2791bbd6e78e@group-6CF0EF6FED3F-LeaderElection3: Election REJECTED; received 2 response(s) [30d55e7b-3d3f-47a3-82ca-2791bbd6e78e<-8caeb718-9100-4f30-b7ab-b9e2dadd4f21#0:FAIL-t2, 30d55e7b-3d3f-47a3-82ca-2791bbd6e78e<-25c81fc5-5118-4cbe-857e-c604e23804d4#0:FAIL-t2] and 0 exception(s); 30d55e7b-3d3f-47a3-82ca-2791bbd6e78e@group-6CF0EF6FED3F:t2, leader=null, voted=30d55e7b-3d3f-47a3-82ca-2791bbd6e78e, raftlog=30d55e7b-3d3f-47a3-82ca-2791bbd6e78e@group-6CF0EF6FED3F-SegmentedRaftLog:OPENED:c-1,f-1,i0, conf=-1: [8caeb718-9100-4f30-b7ab-b9e2dadd4f21:172.19.0.6:9858, 25c81fc5-5118-4cbe-857e-c604e23804d4:172.19.0.8:9858, 30d55e7b-3d3f-47a3-82ca-2791bbd6e78e:172.19.0.9:9858], old=null
datanode_2    | 2019-11-12 22:15:03,742 INFO impl.RoleInfo: 25c81fc5-5118-4cbe-857e-c604e23804d4: shutdown LeaderElection
datanode_3    | 2019-11-12 22:15:02,424 INFO segmented.SegmentedRaftLogWorker: 8caeb718-9100-4f30-b7ab-b9e2dadd4f21@group-387C69CCD0FD-SegmentedRaftLogWorker: Starting segment from index:0
grafana_1     | t=2019-11-12T22:14:52+0000 lvl=info msg="Executing migration" logger=migrator id="Update annotation table charset"
datanode_1    | 2019-11-12 22:15:09,366 INFO impl.RaftServerImpl: 30d55e7b-3d3f-47a3-82ca-2791bbd6e78e@group-6CF0EF6FED3F: changes role from CANDIDATE to FOLLOWER at term 2 for DISCOVERED_A_NEW_TERM
datanode_2    | 2019-11-12 22:15:03,742 INFO impl.RoleInfo: 25c81fc5-5118-4cbe-857e-c604e23804d4: start FollowerState
datanode_3    | 2019-11-12 22:15:02,435 INFO impl.RaftServerImpl: 8caeb718-9100-4f30-b7ab-b9e2dadd4f21@group-387C69CCD0FD: set configuration 0: [8caeb718-9100-4f30-b7ab-b9e2dadd4f21:172.19.0.6:9858], old=null at 0
datanode_1    | 2019-11-12 22:15:09,366 INFO impl.RoleInfo: 30d55e7b-3d3f-47a3-82ca-2791bbd6e78e: shutdown LeaderElection
datanode_2    | 2019-11-12 22:15:08,893 INFO impl.FollowerState: 25c81fc5-5118-4cbe-857e-c604e23804d4@group-6CF0EF6FED3F-FollowerState: change to CANDIDATE, lastRpcTime:5150ms, electionTimeout:5150ms
datanode_3    | 2019-11-12 22:15:02,938 INFO segmented.SegmentedRaftLogWorker: 8caeb718-9100-4f30-b7ab-b9e2dadd4f21@group-387C69CCD0FD-SegmentedRaftLogWorker: created new log segment /data/metadata/ratis/068cdb02-d61e-4626-87d6-387c69ccd0fd/current/log_inprogress_0
grafana_1     | t=2019-11-12T22:14:52+0000 lvl=info msg="Executing migration" logger=migrator id="Add column region_id to annotation table"
datanode_1    | 2019-11-12 22:15:09,366 INFO impl.RoleInfo: 30d55e7b-3d3f-47a3-82ca-2791bbd6e78e: start FollowerState
datanode_2    | 2019-11-12 22:15:08,894 INFO impl.RoleInfo: 25c81fc5-5118-4cbe-857e-c604e23804d4: shutdown FollowerState
datanode_3    | 2019-11-12 22:15:03,415 INFO impl.FollowerState: 8caeb718-9100-4f30-b7ab-b9e2dadd4f21@group-6CF0EF6FED3F-FollowerState: change to CANDIDATE, lastRpcTime:5071ms, electionTimeout:5070ms
grafana_1     | t=2019-11-12T22:14:52+0000 lvl=info msg="Executing migration" logger=migrator id="Drop category_id index"
datanode_2    | 2019-11-12 22:15:08,894 INFO impl.RaftServerImpl: 25c81fc5-5118-4cbe-857e-c604e23804d4@group-6CF0EF6FED3F: changes role from  FOLLOWER to CANDIDATE at term 1 for changeToCandidate
datanode_3    | 2019-11-12 22:15:03,416 INFO impl.RoleInfo: 8caeb718-9100-4f30-b7ab-b9e2dadd4f21: shutdown FollowerState
grafana_1     | t=2019-11-12T22:14:52+0000 lvl=info msg="Executing migration" logger=migrator id="Add column tags to annotation table"
datanode_1    | 2019-11-12 22:15:14,408 INFO impl.FollowerState: 30d55e7b-3d3f-47a3-82ca-2791bbd6e78e@group-6CF0EF6FED3F-FollowerState: change to CANDIDATE, lastRpcTime:5041ms, electionTimeout:5041ms
datanode_2    | 2019-11-12 22:15:08,894 INFO impl.RoleInfo: 25c81fc5-5118-4cbe-857e-c604e23804d4: start LeaderElection
datanode_3    | 2019-11-12 22:15:03,416 INFO impl.RaftServerImpl: 8caeb718-9100-4f30-b7ab-b9e2dadd4f21@group-6CF0EF6FED3F: changes role from  FOLLOWER to CANDIDATE at term 0 for changeToCandidate
grafana_1     | t=2019-11-12T22:14:52+0000 lvl=info msg="Executing migration" logger=migrator id="Create annotation_tag table v2"
datanode_1    | 2019-11-12 22:15:14,408 INFO impl.RoleInfo: 30d55e7b-3d3f-47a3-82ca-2791bbd6e78e: shutdown FollowerState
datanode_2    | 2019-11-12 22:15:09,322 INFO impl.LeaderElection: 25c81fc5-5118-4cbe-857e-c604e23804d4@group-6CF0EF6FED3F-LeaderElection3: begin an election at term 2 for -1: [8caeb718-9100-4f30-b7ab-b9e2dadd4f21:172.19.0.6:9858, 25c81fc5-5118-4cbe-857e-c604e23804d4:172.19.0.8:9858, 30d55e7b-3d3f-47a3-82ca-2791bbd6e78e:172.19.0.9:9858], old=null
datanode_3    | 2019-11-12 22:15:03,416 INFO impl.RoleInfo: 8caeb718-9100-4f30-b7ab-b9e2dadd4f21: start LeaderElection
grafana_1     | t=2019-11-12T22:14:52+0000 lvl=info msg="Executing migration" logger=migrator id="Add unique index annotation_tag.annotation_id_tag_id"
datanode_1    | 2019-11-12 22:15:14,408 INFO impl.RaftServerImpl: 30d55e7b-3d3f-47a3-82ca-2791bbd6e78e@group-6CF0EF6FED3F: changes role from  FOLLOWER to CANDIDATE at term 2 for changeToCandidate
datanode_2    | 2019-11-12 22:15:09,366 INFO impl.LeaderElection: 25c81fc5-5118-4cbe-857e-c604e23804d4@group-6CF0EF6FED3F-LeaderElection3: Election REJECTED; received 2 response(s) [25c81fc5-5118-4cbe-857e-c604e23804d4<-8caeb718-9100-4f30-b7ab-b9e2dadd4f21#0:FAIL-t2, 25c81fc5-5118-4cbe-857e-c604e23804d4<-30d55e7b-3d3f-47a3-82ca-2791bbd6e78e#0:FAIL-t2] and 0 exception(s); 25c81fc5-5118-4cbe-857e-c604e23804d4@group-6CF0EF6FED3F:t2, leader=null, voted=25c81fc5-5118-4cbe-857e-c604e23804d4, raftlog=25c81fc5-5118-4cbe-857e-c604e23804d4@group-6CF0EF6FED3F-SegmentedRaftLog:OPENED:c-1,f-1,i0, conf=-1: [8caeb718-9100-4f30-b7ab-b9e2dadd4f21:172.19.0.6:9858, 25c81fc5-5118-4cbe-857e-c604e23804d4:172.19.0.8:9858, 30d55e7b-3d3f-47a3-82ca-2791bbd6e78e:172.19.0.9:9858], old=null
datanode_3    | 2019-11-12 22:15:03,434 INFO impl.LeaderElection: 8caeb718-9100-4f30-b7ab-b9e2dadd4f21@group-6CF0EF6FED3F-LeaderElection2: begin an election at term 1 for -1: [8caeb718-9100-4f30-b7ab-b9e2dadd4f21:172.19.0.6:9858, 25c81fc5-5118-4cbe-857e-c604e23804d4:172.19.0.8:9858, 30d55e7b-3d3f-47a3-82ca-2791bbd6e78e:172.19.0.9:9858], old=null
grafana_1     | t=2019-11-12T22:14:52+0000 lvl=info msg="Executing migration" logger=migrator id="Update alert annotations and set TEXT to empty"
datanode_1    | 2019-11-12 22:15:14,409 INFO impl.RoleInfo: 30d55e7b-3d3f-47a3-82ca-2791bbd6e78e: start LeaderElection
datanode_2    | 2019-11-12 22:15:09,367 INFO impl.RaftServerImpl: 25c81fc5-5118-4cbe-857e-c604e23804d4@group-6CF0EF6FED3F: changes role from CANDIDATE to FOLLOWER at term 2 for DISCOVERED_A_NEW_TERM
grafana_1     | t=2019-11-12T22:14:52+0000 lvl=info msg="Executing migration" logger=migrator id="Add created time to annotation table"
datanode_1    | 2019-11-12 22:15:14,712 INFO impl.LeaderElection: 30d55e7b-3d3f-47a3-82ca-2791bbd6e78e@group-6CF0EF6FED3F-LeaderElection4: begin an election at term 3 for -1: [8caeb718-9100-4f30-b7ab-b9e2dadd4f21:172.19.0.6:9858, 25c81fc5-5118-4cbe-857e-c604e23804d4:172.19.0.8:9858, 30d55e7b-3d3f-47a3-82ca-2791bbd6e78e:172.19.0.9:9858], old=null
datanode_2    | 2019-11-12 22:15:09,367 INFO impl.RoleInfo: 25c81fc5-5118-4cbe-857e-c604e23804d4: shutdown LeaderElection
grafana_1     | t=2019-11-12T22:14:52+0000 lvl=info msg="Executing migration" logger=migrator id="Add updated time to annotation table"
datanode_3    | 2019-11-12 22:15:03,625 INFO impl.LeaderElection: 8caeb718-9100-4f30-b7ab-b9e2dadd4f21@group-6CF0EF6FED3F-LeaderElection2: Election REJECTED; received 2 response(s) [8caeb718-9100-4f30-b7ab-b9e2dadd4f21<-25c81fc5-5118-4cbe-857e-c604e23804d4#0:FAIL-t1, 8caeb718-9100-4f30-b7ab-b9e2dadd4f21<-30d55e7b-3d3f-47a3-82ca-2791bbd6e78e#0:FAIL-t1] and 0 exception(s); 8caeb718-9100-4f30-b7ab-b9e2dadd4f21@group-6CF0EF6FED3F:t1, leader=null, voted=8caeb718-9100-4f30-b7ab-b9e2dadd4f21, raftlog=8caeb718-9100-4f30-b7ab-b9e2dadd4f21@group-6CF0EF6FED3F-SegmentedRaftLog:OPENED:c-1,f-1,i0, conf=-1: [8caeb718-9100-4f30-b7ab-b9e2dadd4f21:172.19.0.6:9858, 25c81fc5-5118-4cbe-857e-c604e23804d4:172.19.0.8:9858, 30d55e7b-3d3f-47a3-82ca-2791bbd6e78e:172.19.0.9:9858], old=null
