s3g_1       | 	at org.eclipse.jetty.server.handler.ContextHandler.doHandle(ContextHandler.java:1180)
datanode_1  | 2019-11-14 21:18:17,974 INFO impl.RaftServerImpl: c026775d-0693-4598-867a-ce900f91ba3e@group-8563CA5C3B37: ConfigurationManager, init=-1: [c026775d-0693-4598-867a-ce900f91ba3e:172.18.0.4:9858], old=null, confs=<EMPTY_MAP>
om2_1       | 2019-11-14 21:18:18,020 INFO db.DBStoreBuilder: Using default options. DBProfile.DISK
datanode_2  | 2019-11-14 21:18:18,482 INFO server.RaftServerConfigKeys: raft.server.storage.dir = [/data/metadata/ratis] (custom)
scm_1       | 2019-11-14 21:18:14,227 INFO ipc.Server: IPC Server Responder: starting
datanode_3  | 2019-11-14 21:18:19,018 INFO server.RaftServerConfigKeys: raft.server.log.segment.cache.num.max = 2 (custom)
om3_1       | 2019-11-14 21:18:17,933 INFO db.DBStoreBuilder: Using default column profile:DBProfile.DISK for Table:default
om1_1       | 2019-11-14 21:18:18,532 WARN scm.HddsServerUtil: Storage directory for Ratis is not configured. It is a good idea to map this to an SSD disk. Falling back to ozone.metadata.dirs
s3g_1       | 	at org.eclipse.jetty.servlet.ServletHandler.doScope(ServletHandler.java:513)
datanode_1  | 2019-11-14 21:18:17,975 INFO server.RaftServerConfigKeys: raft.server.storage.dir = [/data/metadata/ratis] (custom)
om2_1       | 2019-11-14 21:18:18,547 WARN scm.HddsServerUtil: Storage directory for Ratis is not configured. It is a good idea to map this to an SSD disk. Falling back to ozone.metadata.dirs
datanode_2  | 2019-11-14 21:18:18,487 INFO server.RaftServerConfigKeys: raft.server.log.corruption.policy = EXCEPTION (default)
scm_1       | 2019-11-14 21:18:14,227 INFO ipc.Server: IPC Server listener on 9860: starting
datanode_3  | 2019-11-14 21:18:19,023 INFO segmented.SegmentedRaftLogWorker: new 5be0e66d-4f65-4055-8e3c-44767df04028@group-58F2C5188569-SegmentedRaftLogWorker for RaftStorage:Storage Directory /data/metadata/ratis/f9a071d9-dcef-4735-9578-58f2c5188569
om3_1       | 2019-11-14 21:18:17,935 INFO db.DBStoreBuilder: Using default options. DBProfile.DISK
om1_1       | 2019-11-14 21:18:18,566 INFO ratis.OzoneManagerRatisServer: Instantiating OM Ratis server with GroupID: id1 and Raft Peers: om1:9872, om2:9872, om3:9872
s3g_1       | 	at org.eclipse.jetty.server.session.SessionHandler.doScope(SessionHandler.java:185)
datanode_1  | 2019-11-14 21:18:17,979 INFO server.RaftServerConfigKeys: raft.server.log.corruption.policy = EXCEPTION (default)
datanode_2  | 2019-11-14 21:18:18,488 INFO storage.RaftStorageDirectory: The storage directory /data/metadata/ratis/35cf8c9c-dd4d-4d1c-8c03-9282abd5f463 does not exist. Creating ...
scm_1       | 2019-11-14 21:18:14,235 INFO server.StorageContainerManager: ScmBlockLocationProtocol RPC server is listening at /0.0.0.0:9863
om3_1       | 2019-11-14 21:18:18,537 WARN scm.HddsServerUtil: Storage directory for Ratis is not configured. It is a good idea to map this to an SSD disk. Falling back to ozone.metadata.dirs
datanode_3  | 2019-11-14 21:18:19,023 INFO server.RaftServerConfigKeys: raft.server.log.queue.byte-limit = 2147483647 (custom)
om2_1       | 2019-11-14 21:18:18,587 INFO ratis.OzoneManagerRatisServer: Instantiating OM Ratis server with GroupID: id1 and Raft Peers: om2:9872, om1:9872, om3:9872
om1_1       | 2019-11-14 21:18:18,606 INFO impl.RaftServerProxy: raft.rpc.type = GRPC (default)
datanode_1  | 2019-11-14 21:18:17,980 INFO storage.RaftStorageDirectory: The storage directory /data/metadata/ratis/f616462b-dba6-47e8-8d20-8563ca5c3b37 does not exist. Creating ...
datanode_2  | 2019-11-14 21:18:18,509 INFO storage.RaftStorageDirectory: Lock on /data/metadata/ratis/35cf8c9c-dd4d-4d1c-8c03-9282abd5f463/in_use.lock acquired by nodename 7@8607ae9da28f
s3g_1       | 	at org.eclipse.jetty.server.handler.ContextHandler.doScope(ContextHandler.java:1112)
scm_1       | 2019-11-14 21:18:14,236 INFO server.SCMBlockProtocolServer: RPC server for Block Protocol is listening at /0.0.0.0:9863
om3_1       | 2019-11-14 21:18:18,568 INFO ratis.OzoneManagerRatisServer: Instantiating OM Ratis server with GroupID: id1 and Raft Peers: om3:9872, om1:9872, om2:9872
datanode_3  | 2019-11-14 21:18:19,024 INFO server.RaftServerConfigKeys: raft.server.log.queue.element-limit = 1024 (custom)
om2_1       | 2019-11-14 21:18:18,619 INFO impl.RaftServerProxy: raft.rpc.type = GRPC (default)
om1_1       | 2019-11-14 21:18:18,683 INFO grpc.GrpcFactory: PERFORMANCE WARNING: useCacheForAllThreads is true that may cause Netty to create a lot garbage objects and, as a result, trigger GC.
datanode_1  | 2019-11-14 21:18:18,018 INFO storage.RaftStorageDirectory: Lock on /data/metadata/ratis/f616462b-dba6-47e8-8d20-8563ca5c3b37/in_use.lock acquired by nodename 7@d1418adb2d88
s3g_1       | 	at org.eclipse.jetty.server.handler.ScopedHandler.handle(ScopedHandler.java:141)
om3_1       | 2019-11-14 21:18:18,608 INFO impl.RaftServerProxy: raft.rpc.type = GRPC (default)
scm_1       | 2019-11-14 21:18:14,237 INFO ipc.Server: IPC Server Responder: starting
datanode_2  | 2019-11-14 21:18:18,523 INFO storage.RaftStorage: Storage directory /data/metadata/ratis/35cf8c9c-dd4d-4d1c-8c03-9282abd5f463 has been successfully formatted.
datanode_3  | 2019-11-14 21:18:19,025 INFO server.RaftServerConfigKeys: raft.server.log.segment.size.max = 1048576 (custom)
om2_1       | 2019-11-14 21:18:18,689 INFO grpc.GrpcFactory: PERFORMANCE WARNING: useCacheForAllThreads is true that may cause Netty to create a lot garbage objects and, as a result, trigger GC.
om1_1       | 	It is recommended to disable useCacheForAllThreads by setting -Dorg.apache.ratis.thirdparty.io.netty.allocator.useCacheForAllThreads=false in command line.
s3g_1       | 	at org.eclipse.jetty.server.handler.HandlerCollection.handle(HandlerCollection.java:119)
om3_1       | 2019-11-14 21:18:18,667 INFO grpc.GrpcFactory: PERFORMANCE WARNING: useCacheForAllThreads is true that may cause Netty to create a lot garbage objects and, as a result, trigger GC.
datanode_1  | 2019-11-14 21:18:18,036 INFO storage.RaftStorage: Storage directory /data/metadata/ratis/f616462b-dba6-47e8-8d20-8563ca5c3b37 has been successfully formatted.
scm_1       | 2019-11-14 21:18:14,237 INFO ipc.Server: IPC Server listener on 9863: starting
datanode_3  | 2019-11-14 21:18:19,025 INFO server.RaftServerConfigKeys: raft.server.log.preallocated.size = 16384 (custom)
om2_1       | 	It is recommended to disable useCacheForAllThreads by setting -Dorg.apache.ratis.thirdparty.io.netty.allocator.useCacheForAllThreads=false in command line.
om1_1       | 2019-11-14 21:18:18,688 INFO grpc.GrpcConfigKeys$Server: raft.grpc.server.port = 9872 (custom)
s3g_1       | 	at org.eclipse.jetty.server.handler.HandlerWrapper.handle(HandlerWrapper.java:134)
datanode_2  | 2019-11-14 21:18:18,528 INFO ratis.ContainerStateMachine: group-9282ABD5F463: The snapshot info is null. Setting the last applied indexto:(t:0, i:~)
scm_1       | 2019-11-14 21:18:14,243 INFO server.StorageContainerManager: ScmDatanodeProtocl RPC server is listening at /0.0.0.0:9861
datanode_3  | 2019-11-14 21:18:19,025 INFO server.RaftServerConfigKeys: raft.server.log.write.buffer.size = 33554432 (custom)
om2_1       | 2019-11-14 21:18:18,693 INFO grpc.GrpcConfigKeys$Server: raft.grpc.server.port = 9872 (custom)
datanode_1  | 2019-11-14 21:18:18,041 INFO ratis.ContainerStateMachine: group-8563CA5C3B37: The snapshot info is null. Setting the last applied indexto:(t:0, i:~)
om1_1       | 2019-11-14 21:18:18,689 INFO server.GrpcService: raft.grpc.message.size.max = 33554432 (custom)
s3g_1       | 	at org.eclipse.jetty.server.Server.handle(Server.java:539)
datanode_2  | 2019-11-14 21:18:18,528 INFO server.RaftServerConfigKeys: raft.server.notification.no-leader.timeout = 120s (custom)
om3_1       | 	It is recommended to disable useCacheForAllThreads by setting -Dorg.apache.ratis.thirdparty.io.netty.allocator.useCacheForAllThreads=false in command line.
scm_1       | 2019-11-14 21:18:14,243 INFO server.SCMDatanodeProtocolServer: RPC server for DataNodes is listening at /0.0.0.0:9861
datanode_3  | 2019-11-14 21:18:19,026 INFO server.RaftServerConfigKeys: raft.server.log.force.sync.num = 128 (default)
om2_1       | 2019-11-14 21:18:18,693 INFO server.GrpcService: raft.grpc.message.size.max = 33554432 (custom)
datanode_1  | 2019-11-14 21:18:18,041 INFO server.RaftServerConfigKeys: raft.server.notification.no-leader.timeout = 120s (custom)
om1_1       | 2019-11-14 21:18:18,691 INFO server.RaftServerConfigKeys: raft.server.log.appender.buffer.byte-limit = 33554432 (custom)
s3g_1       | 	at org.eclipse.jetty.server.HttpChannel.handle(HttpChannel.java:333)
datanode_2  | 2019-11-14 21:18:18,531 INFO server.RaftServerConfigKeys: raft.server.log.use.memory = false (default)
scm_1       | 2019-11-14 21:18:14,245 INFO ipc.Server: IPC Server Responder: starting
om2_1       | 2019-11-14 21:18:18,695 INFO server.RaftServerConfigKeys: raft.server.log.appender.buffer.byte-limit = 33554432 (custom)
datanode_3  | 2019-11-14 21:18:19,026 INFO server.RaftServerConfigKeys: raft.server.log.statemachine.data.sync = true (default)
om3_1       | 2019-11-14 21:18:18,672 INFO grpc.GrpcConfigKeys$Server: raft.grpc.server.port = 9872 (custom)
datanode_1  | 2019-11-14 21:18:18,044 INFO server.RaftServerConfigKeys: raft.server.log.use.memory = false (default)
om1_1       | 2019-11-14 21:18:18,691 INFO server.GrpcService: raft.grpc.flow.control.window = 1MB (=1048576) (default)
s3g_1       | 	at org.eclipse.jetty.server.HttpConnection.onFillable(HttpConnection.java:251)
datanode_2  | 2019-11-14 21:18:18,537 INFO server.RaftServerConfigKeys: raft.server.log.purge.gap = 1000000 (custom)
scm_1       | 2019-11-14 21:18:14,245 INFO ipc.Server: IPC Server listener on 9861: starting
om2_1       | 2019-11-14 21:18:18,696 INFO server.GrpcService: raft.grpc.flow.control.window = 1MB (=1048576) (default)
datanode_3  | 2019-11-14 21:18:19,026 INFO server.RaftServerConfigKeys: raft.server.log.statemachine.data.sync.timeout = 10s (default)
om3_1       | 2019-11-14 21:18:18,673 INFO server.GrpcService: raft.grpc.message.size.max = 33554432 (custom)
datanode_1  | 2019-11-14 21:18:18,048 INFO server.RaftServerConfigKeys: raft.server.log.purge.gap = 1000000 (custom)
om1_1       | 2019-11-14 21:18:18,693 INFO server.RaftServerConfigKeys: raft.server.rpc.request.timeout = 3000ms (default)
s3g_1       | 	at org.eclipse.jetty.io.AbstractConnection$ReadCallback.succeeded(AbstractConnection.java:283)
datanode_2  | 2019-11-14 21:18:18,537 INFO server.RaftServerConfigKeys: raft.server.log.appender.buffer.byte-limit = 33554432 (custom)
scm_1       | 2019-11-14 21:18:14,258 INFO http.HttpServer2: Jetty bound to port 9876
om2_1       | 2019-11-14 21:18:18,697 INFO server.RaftServerConfigKeys: raft.server.rpc.request.timeout = 3000ms (default)
datanode_3  | 2019-11-14 21:18:19,027 INFO server.RaftServerConfigKeys: raft.server.log.statemachine.data.sync.timeout.retry = -1 (default)
om3_1       | 2019-11-14 21:18:18,675 INFO server.RaftServerConfigKeys: raft.server.log.appender.buffer.byte-limit = 33554432 (custom)
datanode_1  | 2019-11-14 21:18:18,049 INFO server.RaftServerConfigKeys: raft.server.log.appender.buffer.byte-limit = 33554432 (custom)
om1_1       | 2019-11-14 21:18:18,846 INFO server.RaftServerConfigKeys: raft.server.storage.dir = [/data/metadata/ratis] (custom)
s3g_1       | 	at org.eclipse.jetty.io.FillInterest.fillable(FillInterest.java:108)
datanode_2  | 2019-11-14 21:18:18,539 INFO server.RaftServerConfigKeys: raft.server.log.segment.size.max = 1048576 (custom)
scm_1       | 2019-11-14 21:18:14,259 INFO server.Server: jetty-9.3.25.v20180904, build timestamp: 2018-09-04T21:11:46Z, git hash: 3ce520221d0240229c862b122d2b06c12a625732
om2_1       | 2019-11-14 21:18:18,825 INFO server.RaftServerConfigKeys: raft.server.storage.dir = [/data/metadata/ratis] (custom)
datanode_3  | 2019-11-14 21:18:19,035 INFO server.RaftServerConfigKeys: raft.server.log.statemachine.data.caching.enabled = true (custom)
om3_1       | 2019-11-14 21:18:18,676 INFO server.GrpcService: raft.grpc.flow.control.window = 1MB (=1048576) (default)
datanode_1  | 2019-11-14 21:18:18,051 INFO server.RaftServerConfigKeys: raft.server.log.segment.size.max = 1048576 (custom)
om1_1       | 2019-11-14 21:18:18,861 INFO impl.RaftServerProxy: om1: addNew group-562213E44849:[om1:om1:9872, om3:om3:9872, om2:om2:9872] returns group-562213E44849:java.util.concurrent.CompletableFuture@4ba6ec50[Not completed]
s3g_1       | 	at org.eclipse.jetty.io.SelectChannelEndPoint$2.run(SelectChannelEndPoint.java:93)
datanode_2  | 2019-11-14 21:18:18,549 INFO metrics.MetricRegistries: Loaded MetricRegistries class org.apache.ratis.metrics.impl.MetricRegistriesImpl
scm_1       | 2019-11-14 21:18:14,314 INFO handler.ContextHandler: Started o.e.j.s.ServletContextHandler@2e34384c{/logs,file:///var/log/hadoop/,AVAILABLE}
om2_1       | 2019-11-14 21:18:18,835 INFO impl.RaftServerProxy: om2: addNew group-562213E44849:[om1:om1:9872, om3:om3:9872, om2:om2:9872] returns group-562213E44849:java.util.concurrent.CompletableFuture@48f4713c[Not completed]
om3_1       | 2019-11-14 21:18:18,677 INFO server.RaftServerConfigKeys: raft.server.rpc.request.timeout = 3000ms (default)
datanode_1  | 2019-11-14 21:18:18,055 INFO metrics.MetricRegistries: Loaded MetricRegistries class org.apache.ratis.metrics.impl.MetricRegistriesImpl
datanode_3  | 2019-11-14 21:18:19,038 INFO segmented.SegmentedRaftLogWorker: 5be0e66d-4f65-4055-8e3c-44767df04028@group-58F2C5188569-SegmentedRaftLogWorker: flushIndex: setUnconditionally 0 -> -1
om1_1       | 2019-11-14 21:18:18,862 INFO om.OzoneManager: OzoneManager Ratis server initialized at port 9872
s3g_1       | 	at org.eclipse.jetty.util.thread.strategy.ExecuteProduceConsume.executeProduceConsume(ExecuteProduceConsume.java:303)
datanode_2  | 2019-11-14 21:18:18,554 WARN impl.MetricRegistriesImpl: First MetricRegistry has been created without registering reporters. You may need to call MetricRegistries.global().addReportRegistration(...) before.
scm_1       | 2019-11-14 21:18:14,315 INFO handler.ContextHandler: Started o.e.j.s.ServletContextHandler@3fa76c61{/static,jar:file:/opt/hadoop/share/ozone/lib/hadoop-hdds-server-scm-0.5.0-SNAPSHOT.jar!/webapps/static,AVAILABLE}
om2_1       | 2019-11-14 21:18:18,838 INFO om.OzoneManager: OzoneManager Ratis server initialized at port 9872
om3_1       | 2019-11-14 21:18:18,803 INFO server.RaftServerConfigKeys: raft.server.storage.dir = [/data/metadata/ratis] (custom)
datanode_1  | 2019-11-14 21:18:18,058 WARN impl.MetricRegistriesImpl: First MetricRegistry has been created without registering reporters. You may need to call MetricRegistries.global().addReportRegistration(...) before.
datanode_3  | 2019-11-14 21:18:19,042 INFO server.RaftServerConfigKeys: raft.server.snapshot.auto.trigger.enabled = true (custom)
om1_1       | 2019-11-14 21:18:18,867 WARN scm.HddsServerUtil: Storage directory for Ratis is not configured. It is a good idea to map this to an SSD disk. Falling back to ozone.metadata.dirs
s3g_1       | 	at org.eclipse.jetty.util.thread.strategy.ExecuteProduceConsume.produceConsume(ExecuteProduceConsume.java:148)
datanode_2  | 2019-11-14 21:18:18,561 INFO server.RaftServerConfigKeys: raft.server.log.segment.cache.num.max = 2 (custom)
om2_1       | 2019-11-14 21:18:18,841 WARN scm.HddsServerUtil: Storage directory for Ratis is not configured. It is a good idea to map this to an SSD disk. Falling back to ozone.metadata.dirs
om3_1       | 2019-11-14 21:18:18,812 INFO impl.RaftServerProxy: om3: addNew group-562213E44849:[om1:om1:9872, om3:om3:9872, om2:om2:9872] returns group-562213E44849:java.util.concurrent.CompletableFuture@4ba6ec50[Not completed]
scm_1       | 2019-11-14 21:18:14,420 INFO handler.ContextHandler: Started o.e.j.w.WebAppContext@472a11ae{/,file:///tmp/jetty-0.0.0.0-9876-scm-_-any-680947223903157988.dir/webapp/,AVAILABLE}{/scm}
datanode_1  | 2019-11-14 21:18:18,061 INFO server.RaftServerConfigKeys: raft.server.log.segment.cache.num.max = 2 (custom)
datanode_3  | 2019-11-14 21:18:19,043 INFO server.RaftServerConfigKeys: raft.server.snapshot.auto.trigger.threshold = 10000 (custom)
om1_1       | 2019-11-14 21:18:18,868 WARN scm.HddsServerUtil: Storage directory for Ratis is not configured. It is a good idea to map this to an SSD disk. Falling back to ozone.metadata.dirs
s3g_1       | 	at org.eclipse.jetty.util.thread.strategy.ExecuteProduceConsume.run(ExecuteProduceConsume.java:136)
datanode_2  | 2019-11-14 21:18:18,568 INFO segmented.SegmentedRaftLogWorker: new bce417c1-73dc-4e24-9374-9411fb534671@group-9282ABD5F463-SegmentedRaftLogWorker for RaftStorage:Storage Directory /data/metadata/ratis/35cf8c9c-dd4d-4d1c-8c03-9282abd5f463
om2_1       | 2019-11-14 21:18:18,842 WARN scm.HddsServerUtil: Storage directory for Ratis is not configured. It is a good idea to map this to an SSD disk. Falling back to ozone.metadata.dirs
om3_1       | 2019-11-14 21:18:18,814 INFO om.OzoneManager: OzoneManager Ratis server initialized at port 9872
datanode_1  | 2019-11-14 21:18:18,065 INFO segmented.SegmentedRaftLogWorker: new c026775d-0693-4598-867a-ce900f91ba3e@group-8563CA5C3B37-SegmentedRaftLogWorker for RaftStorage:Storage Directory /data/metadata/ratis/f616462b-dba6-47e8-8d20-8563ca5c3b37
datanode_3  | 2019-11-14 21:18:19,044 INFO server.RaftServerConfigKeys: raft.server.snapshot.retention.file.num = 5 (custom)
scm_1       | 2019-11-14 21:18:14,426 INFO server.AbstractConnector: Started ServerConnector@1ba359bd{HTTP/1.1,[http/1.1]}{0.0.0.0:9876}
om1_1       | 2019-11-14 21:18:18,874 INFO snapshot.OzoneManagerSnapshotProvider: Initializing OM Snapshot Provider
s3g_1       | 	at org.eclipse.jetty.util.thread.QueuedThreadPool.runJob(QueuedThreadPool.java:671)
datanode_2  | 2019-11-14 21:18:18,569 INFO server.RaftServerConfigKeys: raft.server.log.queue.byte-limit = 2147483647 (custom)
om2_1       | 2019-11-14 21:18:18,844 INFO snapshot.OzoneManagerSnapshotProvider: Initializing OM Snapshot Provider
om3_1       | 2019-11-14 21:18:18,817 WARN scm.HddsServerUtil: Storage directory for Ratis is not configured. It is a good idea to map this to an SSD disk. Falling back to ozone.metadata.dirs
datanode_1  | 2019-11-14 21:18:18,065 INFO server.RaftServerConfigKeys: raft.server.log.queue.byte-limit = 2147483647 (custom)
datanode_3  | 2019-11-14 21:18:19,044 INFO server.RaftServerConfigKeys: raft.server.retrycache.expirytime = 600000ms (custom)
scm_1       | 2019-11-14 21:18:14,427 INFO server.Server: Started @4340ms
om1_1       | 2019-11-14 21:18:18,884 INFO impl.RaftServerImpl: om1: new RaftServerImpl for group-562213E44849:[om1:om1:9872, om3:om3:9872, om2:om2:9872] with OzoneManagerStateMachine:uninitialized
s3g_1       | 	at org.eclipse.jetty.util.thread.QueuedThreadPool$2.run(QueuedThreadPool.java:589)
datanode_2  | 2019-11-14 21:18:18,569 INFO server.RaftServerConfigKeys: raft.server.log.queue.element-limit = 1024 (custom)
om2_1       | 2019-11-14 21:18:18,851 INFO impl.RaftServerImpl: om2: new RaftServerImpl for group-562213E44849:[om1:om1:9872, om3:om3:9872, om2:om2:9872] with OzoneManagerStateMachine:uninitialized
om3_1       | 2019-11-14 21:18:18,818 WARN scm.HddsServerUtil: Storage directory for Ratis is not configured. It is a good idea to map this to an SSD disk. Falling back to ozone.metadata.dirs
datanode_1  | 2019-11-14 21:18:18,066 INFO server.RaftServerConfigKeys: raft.server.log.queue.element-limit = 1024 (custom)
datanode_3  | 2019-11-14 21:18:19,059 WARN impl.MetricRegistriesImpl: First MetricRegistry has been created without registering reporters. You may need to call MetricRegistries.global().addReportRegistration(...) before.
scm_1       | 2019-11-14 21:18:14,430 INFO impl.MetricsSinkAdapter: Sink prometheus started
om1_1       | 2019-11-14 21:18:18,893 INFO server.RaftServerConfigKeys: raft.server.rpc.timeout.min = 1s (custom)
s3g_1       | 	at java.base/java.lang.Thread.run(Thread.java:834)
datanode_2  | 2019-11-14 21:18:18,570 INFO server.RaftServerConfigKeys: raft.server.log.segment.size.max = 1048576 (custom)
om2_1       | 2019-11-14 21:18:18,857 INFO server.RaftServerConfigKeys: raft.server.rpc.timeout.min = 1s (custom)
om3_1       | 2019-11-14 21:18:18,820 INFO snapshot.OzoneManagerSnapshotProvider: Initializing OM Snapshot Provider
datanode_1  | 2019-11-14 21:18:18,067 INFO server.RaftServerConfigKeys: raft.server.log.segment.size.max = 1048576 (custom)
datanode_3  | 2019-11-14 21:18:19,060 WARN impl.MetricRegistriesImpl: First MetricRegistry has been created without registering reporters. You may need to call MetricRegistries.global().addReportRegistration(...) before.
om1_1       | 2019-11-14 21:18:18,894 INFO server.RaftServerConfigKeys: raft.server.rpc.timeout.max = 1200ms (custom)
scm_1       | 2019-11-14 21:18:14,430 INFO impl.MetricsSystemImpl: Registered sink prometheus
s3g_1       | 2019-11-14 21:19:12,993 INFO endpoint.BucketEndpoint: Location is /bucket-65123
datanode_2  | 2019-11-14 21:18:18,571 INFO server.RaftServerConfigKeys: raft.server.log.preallocated.size = 16384 (custom)
om2_1       | 2019-11-14 21:18:18,857 INFO server.RaftServerConfigKeys: raft.server.rpc.timeout.max = 1200ms (custom)
om3_1       | 2019-11-14 21:18:18,823 INFO impl.RaftServerImpl: om3: new RaftServerImpl for group-562213E44849:[om1:om1:9872, om3:om3:9872, om2:om2:9872] with OzoneManagerStateMachine:uninitialized
datanode_1  | 2019-11-14 21:18:18,067 INFO server.RaftServerConfigKeys: raft.server.log.preallocated.size = 16384 (custom)
datanode_3  | 2019-11-14 21:18:19,062 INFO impl.RaftServerImpl: 5be0e66d-4f65-4055-8e3c-44767df04028@group-58F2C5188569: start as a follower, conf=-1: [5be0e66d-4f65-4055-8e3c-44767df04028:172.18.0.9:9858], old=null
om1_1       | 2019-11-14 21:18:18,894 INFO server.RaftServerConfigKeys: raft.server.rpcslowness.timeout = 120s (custom)
scm_1       | 2019-11-14 21:18:14,432 INFO server.BaseHttpServer: HTTP server of SCM is listening at http://0.0.0.0:9876
s3g_1       | 2019-11-14 21:19:16,783 INFO endpoint.BucketEndpoint: Location is /bucket-89371
datanode_2  | 2019-11-14 21:18:18,571 INFO server.RaftServerConfigKeys: raft.server.log.write.buffer.size = 33554432 (custom)
om2_1       | 2019-11-14 21:18:18,857 INFO server.RaftServerConfigKeys: raft.server.rpcslowness.timeout = 120s (custom)
om3_1       | 2019-11-14 21:18:18,829 INFO server.RaftServerConfigKeys: raft.server.rpc.timeout.min = 1s (custom)
datanode_1  | 2019-11-14 21:18:18,067 INFO server.RaftServerConfigKeys: raft.server.log.write.buffer.size = 33554432 (custom)
datanode_3  | 2019-11-14 21:18:19,063 INFO impl.RaftServerImpl: 5be0e66d-4f65-4055-8e3c-44767df04028@group-58F2C5188569: changes role from      null to FOLLOWER at term 0 for startAsFollower
om1_1       | 2019-11-14 21:18:18,895 INFO server.RaftServerConfigKeys: raft.server.sleep.deviation.threshold = 300 (default)
scm_1       | 2019-11-14 21:18:14,440 INFO util.JvmPauseMonitor: Starting JVM pause monitor
s3g_1       | 2019-11-14 21:19:18,538 INFO io.BlockOutputStreamEntryPool: Allocating block with ExcludeList {datanodes = [], containerIds = [], pipelineIds = []}
datanode_2  | 2019-11-14 21:18:18,572 INFO server.RaftServerConfigKeys: raft.server.log.force.sync.num = 128 (default)
om2_1       | 2019-11-14 21:18:18,858 INFO server.RaftServerConfigKeys: raft.server.sleep.deviation.threshold = 300 (default)
om3_1       | 2019-11-14 21:18:18,829 INFO server.RaftServerConfigKeys: raft.server.rpc.timeout.max = 1200ms (custom)
datanode_1  | 2019-11-14 21:18:18,067 INFO server.RaftServerConfigKeys: raft.server.log.force.sync.num = 128 (default)
datanode_3  | 2019-11-14 21:18:19,064 INFO impl.RoleInfo: 5be0e66d-4f65-4055-8e3c-44767df04028: start FollowerState
om1_1       | 2019-11-14 21:18:18,896 INFO server.RaftServerConfigKeys: raft.server.log.appender.install.snapshot.enabled = false (custom)
scm_1       | 2019-11-14 21:18:16,898 INFO net.NetworkTopology: Added a new node: /default-rack/c026775d-0693-4598-867a-ce900f91ba3e
s3g_1       | 2019-11-14 21:19:19,835 INFO io.BlockOutputStreamEntryPool: Allocating block with ExcludeList {datanodes = [], containerIds = [], pipelineIds = []}
datanode_2  | 2019-11-14 21:18:18,573 INFO server.RaftServerConfigKeys: raft.server.log.statemachine.data.sync = true (default)
om2_1       | 2019-11-14 21:18:18,858 INFO server.RaftServerConfigKeys: raft.server.log.appender.install.snapshot.enabled = false (custom)
om3_1       | 2019-11-14 21:18:18,829 INFO server.RaftServerConfigKeys: raft.server.rpcslowness.timeout = 120s (custom)
datanode_1  | 2019-11-14 21:18:18,068 INFO server.RaftServerConfigKeys: raft.server.log.statemachine.data.sync = true (default)
datanode_3  | 2019-11-14 21:18:19,067 INFO util.JmxRegister: Successfully registered JMX Bean with object name Ratis:service=RaftServer,group=group-58F2C5188569,id=5be0e66d-4f65-4055-8e3c-44767df04028
om1_1       | 2019-11-14 21:18:18,901 INFO impl.RaftServerImpl: om1@group-562213E44849: ConfigurationManager, init=-1: [om1:om1:9872, om3:om3:9872, om2:om2:9872], old=null, confs=<EMPTY_MAP>
s3g_1       | 2019-11-14 21:19:23,812 INFO io.BlockOutputStreamEntryPool: Allocating block with ExcludeList {datanodes = [], containerIds = [], pipelineIds = []}
scm_1       | 2019-11-14 21:18:16,899 INFO node.SCMNodeManager: Registered Data node : c026775d-0693-4598-867a-ce900f91ba3e{ip: 172.18.0.4, host: ozone-om-ha-s3_datanode_1.ozone-om-ha-s3_default, networkLocation: /default-rack, certSerialId: null}
datanode_2  | 2019-11-14 21:18:18,573 INFO server.RaftServerConfigKeys: raft.server.log.statemachine.data.sync.timeout = 10s (default)
om2_1       | 2019-11-14 21:18:18,865 INFO impl.RaftServerImpl: om2@group-562213E44849: ConfigurationManager, init=-1: [om1:om1:9872, om3:om3:9872, om2:om2:9872], old=null, confs=<EMPTY_MAP>
om3_1       | 2019-11-14 21:18:18,830 INFO server.RaftServerConfigKeys: raft.server.sleep.deviation.threshold = 300 (default)
datanode_3  | 2019-11-14 21:18:19,068 WARN impl.MetricRegistriesImpl: First MetricRegistry has been created without registering reporters. You may need to call MetricRegistries.global().addReportRegistration(...) before.
om1_1       | 2019-11-14 21:18:18,901 INFO server.RaftServerConfigKeys: raft.server.storage.dir = [/data/metadata/ratis] (custom)
datanode_1  | 2019-11-14 21:18:18,068 INFO server.RaftServerConfigKeys: raft.server.log.statemachine.data.sync.timeout = 10s (default)
s3g_1       | 2019-11-14 21:19:24,678 INFO io.BlockOutputStreamEntryPool: Allocating block with ExcludeList {datanodes = [], containerIds = [], pipelineIds = []}
datanode_2  | 2019-11-14 21:18:18,573 INFO server.RaftServerConfigKeys: raft.server.log.statemachine.data.sync.timeout.retry = -1 (default)
scm_1       | 2019-11-14 21:18:16,904 INFO safemode.SCMSafeModeManager: SCM in safe mode. 1 DataNodes registered, 1 required.
om2_1       | 2019-11-14 21:18:18,865 INFO server.RaftServerConfigKeys: raft.server.storage.dir = [/data/metadata/ratis] (custom)
om3_1       | 2019-11-14 21:18:18,831 INFO server.RaftServerConfigKeys: raft.server.log.appender.install.snapshot.enabled = false (custom)
datanode_3  | 2019-11-14 21:18:19,185 INFO impl.RaftServerProxy: 5be0e66d-4f65-4055-8e3c-44767df04028: addNew group-8CD25F0A7E4A:[c026775d-0693-4598-867a-ce900f91ba3e:172.18.0.4:9858, bce417c1-73dc-4e24-9374-9411fb534671:172.18.0.5:9858, 5be0e66d-4f65-4055-8e3c-44767df04028:172.18.0.9:9858] returns group-8CD25F0A7E4A:java.util.concurrent.CompletableFuture@472054d5[Not completed]
om1_1       | 2019-11-14 21:18:18,914 INFO server.RaftServerConfigKeys: raft.server.log.corruption.policy = EXCEPTION (default)
datanode_1  | 2019-11-14 21:18:18,068 INFO server.RaftServerConfigKeys: raft.server.log.statemachine.data.sync.timeout.retry = -1 (default)
s3g_1       | 2019-11-14 21:19:30,007 INFO io.BlockOutputStreamEntryPool: Allocating block with ExcludeList {datanodes = [], containerIds = [], pipelineIds = []}
scm_1       | 2019-11-14 21:18:16,905 INFO safemode.SCMSafeModeManager: ScmSafeModeManager, all rules are successfully validated
om2_1       | 2019-11-14 21:18:18,870 INFO server.RaftServerConfigKeys: raft.server.log.corruption.policy = EXCEPTION (default)
datanode_2  | 2019-11-14 21:18:18,585 INFO server.RaftServerConfigKeys: raft.server.log.statemachine.data.caching.enabled = true (custom)
om3_1       | 2019-11-14 21:18:18,836 INFO impl.RaftServerImpl: om3@group-562213E44849: ConfigurationManager, init=-1: [om1:om1:9872, om3:om3:9872, om2:om2:9872], old=null, confs=<EMPTY_MAP>
datanode_3  | 2019-11-14 21:18:19,188 INFO impl.RaftServerImpl: 5be0e66d-4f65-4055-8e3c-44767df04028: new RaftServerImpl for group-8CD25F0A7E4A:[c026775d-0693-4598-867a-ce900f91ba3e:172.18.0.4:9858, bce417c1-73dc-4e24-9374-9411fb534671:172.18.0.5:9858, 5be0e66d-4f65-4055-8e3c-44767df04028:172.18.0.9:9858] with ContainerStateMachine:uninitialized
om1_1       | 2019-11-14 21:18:18,916 INFO storage.RaftStorageDirectory: The storage directory /data/metadata/ratis/fafe1b60-c241-37cc-98f4-562213e44849 does not exist. Creating ...
datanode_1  | 2019-11-14 21:18:18,075 INFO server.RaftServerConfigKeys: raft.server.log.statemachine.data.caching.enabled = true (custom)
s3g_1       | 2019-11-14 21:19:30,702 INFO io.BlockOutputStreamEntryPool: Allocating block with ExcludeList {datanodes = [], containerIds = [], pipelineIds = []}
scm_1       | 2019-11-14 21:18:16,905 INFO safemode.SCMSafeModeManager: SCM exiting safe mode.
om2_1       | 2019-11-14 21:18:18,873 INFO storage.RaftStorageDirectory: The storage directory /data/metadata/ratis/fafe1b60-c241-37cc-98f4-562213e44849 does not exist. Creating ...
datanode_2  | 2019-11-14 21:18:18,590 INFO segmented.SegmentedRaftLogWorker: bce417c1-73dc-4e24-9374-9411fb534671@group-9282ABD5F463-SegmentedRaftLogWorker: flushIndex: setUnconditionally 0 -> -1
om3_1       | 2019-11-14 21:18:18,836 INFO server.RaftServerConfigKeys: raft.server.storage.dir = [/data/metadata/ratis] (custom)
datanode_3  | 2019-11-14 21:18:19,189 INFO server.RaftServerConfigKeys: raft.server.rpc.timeout.min = 5s (custom)
datanode_1  | 2019-11-14 21:18:18,078 INFO segmented.SegmentedRaftLogWorker: c026775d-0693-4598-867a-ce900f91ba3e@group-8563CA5C3B37-SegmentedRaftLogWorker: flushIndex: setUnconditionally 0 -> -1
s3g_1       | 2019-11-14 21:19:31,387 ERROR endpoint.ObjectEndpoint: Error in Complete Multipart Upload Request for bucket: bucket-89371, key: multipartKey2
om1_1       | 2019-11-14 21:18:18,921 INFO ipc.CallQueueManager: Using callQueue: class java.util.concurrent.LinkedBlockingQueue, queueCapacity: 2000, scheduler: class org.apache.hadoop.ipc.DefaultRpcScheduler, ipcBackoff: false.
scm_1       | 2019-11-14 21:18:16,942 INFO net.NetworkTopology: Added a new node: /default-rack/bce417c1-73dc-4e24-9374-9411fb534671
datanode_2  | 2019-11-14 21:18:18,594 INFO server.RaftServerConfigKeys: raft.server.snapshot.auto.trigger.enabled = true (custom)
om3_1       | 2019-11-14 21:18:18,843 INFO server.RaftServerConfigKeys: raft.server.log.corruption.policy = EXCEPTION (default)
om2_1       | 2019-11-14 21:18:18,886 INFO ipc.CallQueueManager: Using callQueue: class java.util.concurrent.LinkedBlockingQueue, queueCapacity: 2000, scheduler: class org.apache.hadoop.ipc.DefaultRpcScheduler, ipcBackoff: false.
datanode_3  | 2019-11-14 21:18:19,189 INFO server.RaftServerConfigKeys: raft.server.rpc.timeout.max = 5200ms (custom)
datanode_1  | 2019-11-14 21:18:18,082 INFO server.RaftServerConfigKeys: raft.server.snapshot.auto.trigger.enabled = true (custom)
s3g_1       | ENTITY_TOO_SMALL org.apache.hadoop.ozone.om.exceptions.OMException: Complete Multipart Upload Failed: Entity too small: volume: s37c35ba70126b04fca007e4dbfab9c47cbucket: bucket-89371key: multipartKey2
scm_1       | 2019-11-14 21:18:16,942 INFO node.SCMNodeManager: Registered Data node : bce417c1-73dc-4e24-9374-9411fb534671{ip: 172.18.0.5, host: ozone-om-ha-s3_datanode_2.ozone-om-ha-s3_default, networkLocation: /default-rack, certSerialId: null}
datanode_2  | 2019-11-14 21:18:18,595 INFO server.RaftServerConfigKeys: raft.server.snapshot.auto.trigger.threshold = 10000 (custom)
om3_1       | 2019-11-14 21:18:18,845 INFO storage.RaftStorageDirectory: The storage directory /data/metadata/ratis/fafe1b60-c241-37cc-98f4-562213e44849 does not exist. Creating ...
om1_1       | 2019-11-14 21:18:18,935 INFO storage.RaftStorageDirectory: Lock on /data/metadata/ratis/fafe1b60-c241-37cc-98f4-562213e44849/in_use.lock acquired by nodename 7@3220d67a0bb9
datanode_3  | 2019-11-14 21:18:19,189 INFO server.RaftServerConfigKeys: raft.server.rpcslowness.timeout = 120s (custom)
datanode_1  | 2019-11-14 21:18:18,082 INFO server.RaftServerConfigKeys: raft.server.snapshot.auto.trigger.threshold = 10000 (custom)
scm_1       | WARNING: An illegal reflective access operation has occurred
s3g_1       | 	at org.apache.hadoop.ozone.om.protocolPB.OzoneManagerProtocolClientSideTranslatorPB.handleError(OzoneManagerProtocolClientSideTranslatorPB.java:761)
datanode_2  | 2019-11-14 21:18:18,595 INFO server.RaftServerConfigKeys: raft.server.snapshot.retention.file.num = 5 (custom)
om1_1       | 2019-11-14 21:18:18,936 INFO ipc.Server: Starting Socket Reader #1 for port 9862
om2_1       | 2019-11-14 21:18:18,897 INFO ipc.Server: Starting Socket Reader #1 for port 9862
om3_1       | 2019-11-14 21:18:18,863 INFO ipc.CallQueueManager: Using callQueue: class java.util.concurrent.LinkedBlockingQueue, queueCapacity: 2000, scheduler: class org.apache.hadoop.ipc.DefaultRpcScheduler, ipcBackoff: false.
datanode_1  | 2019-11-14 21:18:18,082 INFO server.RaftServerConfigKeys: raft.server.snapshot.retention.file.num = 5 (custom)
scm_1       | WARNING: Illegal reflective access by org.apache.ratis.thirdparty.com.google.protobuf.UnsafeUtil (file:/opt/hadoop/share/ozone/lib/ratis-thirdparty-misc-0.2.0.jar) to field java.nio.Buffer.address
datanode_3  | 2019-11-14 21:18:19,189 INFO server.RaftServerConfigKeys: raft.server.sleep.deviation.threshold = 300 (default)
s3g_1       | 	at org.apache.hadoop.ozone.om.protocolPB.OzoneManagerProtocolClientSideTranslatorPB.completeMultipartUpload(OzoneManagerProtocolClientSideTranslatorPB.java:1133)
datanode_2  | 2019-11-14 21:18:18,596 INFO server.RaftServerConfigKeys: raft.server.retrycache.expirytime = 600000ms (custom)
om1_1       | 2019-11-14 21:18:18,969 INFO storage.RaftStorage: Storage directory /data/metadata/ratis/fafe1b60-c241-37cc-98f4-562213e44849 has been successfully formatted.
om2_1       | 2019-11-14 21:18:18,911 INFO storage.RaftStorageDirectory: Lock on /data/metadata/ratis/fafe1b60-c241-37cc-98f4-562213e44849/in_use.lock acquired by nodename 7@9db8cd390715
datanode_1  | 2019-11-14 21:18:18,083 INFO server.RaftServerConfigKeys: raft.server.retrycache.expirytime = 600000ms (custom)
scm_1       | WARNING: Please consider reporting this to the maintainers of org.apache.ratis.thirdparty.com.google.protobuf.UnsafeUtil
datanode_3  | 2019-11-14 21:18:19,189 INFO server.RaftServerConfigKeys: raft.server.log.appender.install.snapshot.enabled = false (custom)
s3g_1       | 	at java.base/jdk.internal.reflect.NativeMethodAccessorImpl.invoke0(Native Method)
om3_1       | 2019-11-14 21:18:18,873 INFO ipc.Server: Starting Socket Reader #1 for port 9862
datanode_2  | 2019-11-14 21:18:18,610 WARN impl.MetricRegistriesImpl: First MetricRegistry has been created without registering reporters. You may need to call MetricRegistries.global().addReportRegistration(...) before.
om1_1       | 2019-11-14 21:18:18,973 INFO server.RaftServerConfigKeys: raft.server.notification.no-leader.timeout = 120s (custom)
om2_1       | 2019-11-14 21:18:18,936 INFO storage.RaftStorage: Storage directory /data/metadata/ratis/fafe1b60-c241-37cc-98f4-562213e44849 has been successfully formatted.
datanode_1  | 2019-11-14 21:18:18,096 WARN impl.MetricRegistriesImpl: First MetricRegistry has been created without registering reporters. You may need to call MetricRegistries.global().addReportRegistration(...) before.
scm_1       | WARNING: Use --illegal-access=warn to enable warnings of further illegal reflective access operations
datanode_3  | 2019-11-14 21:18:19,189 INFO impl.RaftServerImpl: 5be0e66d-4f65-4055-8e3c-44767df04028@group-8CD25F0A7E4A: ConfigurationManager, init=-1: [c026775d-0693-4598-867a-ce900f91ba3e:172.18.0.4:9858, bce417c1-73dc-4e24-9374-9411fb534671:172.18.0.5:9858, 5be0e66d-4f65-4055-8e3c-44767df04028:172.18.0.9:9858], old=null, confs=<EMPTY_MAP>
s3g_1       | 	at java.base/jdk.internal.reflect.NativeMethodAccessorImpl.invoke(NativeMethodAccessorImpl.java:62)
om3_1       | 2019-11-14 21:18:18,882 INFO storage.RaftStorageDirectory: Lock on /data/metadata/ratis/fafe1b60-c241-37cc-98f4-562213e44849/in_use.lock acquired by nodename 7@a6c8bff59bbf
datanode_2  | 2019-11-14 21:18:18,612 WARN impl.MetricRegistriesImpl: First MetricRegistry has been created without registering reporters. You may need to call MetricRegistries.global().addReportRegistration(...) before.
om1_1       | 2019-11-14 21:18:18,976 INFO server.RaftServerConfigKeys: raft.server.log.use.memory = false (default)
om2_1       | 2019-11-14 21:18:18,936 INFO om.OzoneManager: OzoneManager RPC server is listening at om2/172.18.0.2:9862
datanode_1  | 2019-11-14 21:18:18,097 WARN impl.MetricRegistriesImpl: First MetricRegistry has been created without registering reporters. You may need to call MetricRegistries.global().addReportRegistration(...) before.
scm_1       | WARNING: All illegal access operations will be denied in a future release
datanode_3  | 2019-11-14 21:18:19,190 INFO server.RaftServerConfigKeys: raft.server.storage.dir = [/data/metadata/ratis] (custom)
s3g_1       | 	at java.base/jdk.internal.reflect.DelegatingMethodAccessorImpl.invoke(DelegatingMethodAccessorImpl.java:43)
om3_1       | 2019-11-14 21:18:18,906 INFO om.OzoneManager: OzoneManager RPC server is listening at om3/172.18.0.3:9862
datanode_2  | 2019-11-14 21:18:18,614 INFO impl.RaftServerImpl: bce417c1-73dc-4e24-9374-9411fb534671@group-9282ABD5F463: start as a follower, conf=-1: [bce417c1-73dc-4e24-9374-9411fb534671:172.18.0.5:9858], old=null
om1_1       | 2019-11-14 21:18:18,978 INFO om.OzoneManager: OzoneManager RPC server is listening at om1/172.18.0.7:9862
om2_1       | 2019-11-14 21:18:18,942 INFO server.RaftServerConfigKeys: raft.server.notification.no-leader.timeout = 120s (custom)
datanode_1  | 2019-11-14 21:18:18,099 INFO impl.RaftServerImpl: c026775d-0693-4598-867a-ce900f91ba3e@group-8563CA5C3B37: start as a follower, conf=-1: [c026775d-0693-4598-867a-ce900f91ba3e:172.18.0.4:9858], old=null
datanode_3  | 2019-11-14 21:18:19,191 INFO server.RaftServerConfigKeys: raft.server.log.corruption.policy = EXCEPTION (default)
s3g_1       | 	at java.base/java.lang.reflect.Method.invoke(Method.java:566)
s3g_1       | 	at org.apache.hadoop.hdds.tracing.TraceAllMethod.invoke(TraceAllMethod.java:66)
s3g_1       | 	at com.sun.proxy.$Proxy84.completeMultipartUpload(Unknown Source)
s3g_1       | 	at org.apache.hadoop.ozone.client.rpc.RpcClient.completeMultipartUpload(RpcClient.java:914)
s3g_1       | 	at org.apache.hadoop.ozone.client.OzoneBucket.completeMultipartUpload(OzoneBucket.java:445)
s3g_1       | 	at org.apache.hadoop.ozone.s3.endpoint.ObjectEndpoint.completeMultipartUpload(ObjectEndpoint.java:500)
s3g_1       | 	at java.base/jdk.internal.reflect.NativeMethodAccessorImpl.invoke0(Native Method)
s3g_1       | 	at java.base/jdk.internal.reflect.NativeMethodAccessorImpl.invoke(NativeMethodAccessorImpl.java:62)
s3g_1       | 	at java.base/jdk.internal.reflect.DelegatingMethodAccessorImpl.invoke(DelegatingMethodAccessorImpl.java:43)
om3_1       | 2019-11-14 21:18:18,911 INFO storage.RaftStorage: Storage directory /data/metadata/ratis/fafe1b60-c241-37cc-98f4-562213e44849 has been successfully formatted.
s3g_1       | 	at java.base/java.lang.reflect.Method.invoke(Method.java:566)
s3g_1       | 	at org.glassfish.jersey.server.model.internal.ResourceMethodInvocationHandlerFactory.lambda$static$0(ResourceMethodInvocationHandlerFactory.java:76)
om1_1       | 2019-11-14 21:18:18,981 INFO server.RaftServerConfigKeys: raft.server.log.purge.gap = 1000000 (custom)
datanode_2  | 2019-11-14 21:18:18,615 INFO impl.RaftServerImpl: bce417c1-73dc-4e24-9374-9411fb534671@group-9282ABD5F463: changes role from      null to FOLLOWER at term 0 for startAsFollower
om2_1       | 2019-11-14 21:18:18,946 INFO server.RaftServerConfigKeys: raft.server.log.use.memory = false (default)
om2_1       | 2019-11-14 21:18:18,951 INFO server.RaftServerConfigKeys: raft.server.log.purge.gap = 1000000 (custom)
s3g_1       | 	at org.glassfish.jersey.server.model.internal.AbstractJavaResourceMethodDispatcher$1.run(AbstractJavaResourceMethodDispatcher.java:148)
s3g_1       | 	at org.glassfish.jersey.server.model.internal.AbstractJavaResourceMethodDispatcher.invoke(AbstractJavaResourceMethodDispatcher.java:191)
s3g_1       | 	at org.glassfish.jersey.server.model.internal.JavaResourceMethodDispatcherProvider$ResponseOutInvoker.doDispatch(JavaResourceMethodDispatcherProvider.java:200)
s3g_1       | 	at org.glassfish.jersey.server.model.internal.AbstractJavaResourceMethodDispatcher.dispatch(AbstractJavaResourceMethodDispatcher.java:103)
om1_1       | 2019-11-14 21:18:18,981 INFO server.RaftServerConfigKeys: raft.server.log.appender.buffer.byte-limit = 33554432 (custom)
datanode_2  | 2019-11-14 21:18:18,616 INFO impl.RoleInfo: bce417c1-73dc-4e24-9374-9411fb534671: start FollowerState
om2_1       | 2019-11-14 21:18:18,951 INFO server.RaftServerConfigKeys: raft.server.log.appender.buffer.byte-limit = 33554432 (custom)
om2_1       | 2019-11-14 21:18:18,952 INFO server.RaftServerConfigKeys: raft.server.log.segment.size.max = 16384 (custom)
s3g_1       | 	at org.glassfish.jersey.server.model.ResourceMethodInvoker.invoke(ResourceMethodInvoker.java:493)
s3g_1       | 	at org.glassfish.jersey.server.model.ResourceMethodInvoker.apply(ResourceMethodInvoker.java:415)
s3g_1       | 	at org.glassfish.jersey.server.model.ResourceMethodInvoker.apply(ResourceMethodInvoker.java:104)
s3g_1       | 	at org.glassfish.jersey.server.ServerRuntime$1.run(ServerRuntime.java:277)
om1_1       | 2019-11-14 21:18:18,983 INFO server.RaftServerConfigKeys: raft.server.log.segment.size.max = 16384 (custom)
scm_1       | 2019-11-14 21:18:18,046 INFO net.NetworkTopology: Added a new node: /default-rack/5be0e66d-4f65-4055-8e3c-44767df04028
datanode_2  | 2019-11-14 21:18:18,619 INFO util.JmxRegister: Successfully registered JMX Bean with object name Ratis:service=RaftServer,group=group-9282ABD5F463,id=bce417c1-73dc-4e24-9374-9411fb534671
om2_1       | 2019-11-14 21:18:18,959 INFO metrics.MetricRegistries: Loaded MetricRegistries class org.apache.ratis.metrics.impl.MetricRegistriesImpl
om2_1       | 2019-11-14 21:18:18,963 WARN impl.MetricRegistriesImpl: First MetricRegistry has been created without registering reporters. You may need to call MetricRegistries.global().addReportRegistration(...) before.
s3g_1       | 	at org.glassfish.jersey.internal.Errors$1.call(Errors.java:272)
datanode_1  | 2019-11-14 21:18:18,100 INFO impl.RaftServerImpl: c026775d-0693-4598-867a-ce900f91ba3e@group-8563CA5C3B37: changes role from      null to FOLLOWER at term 0 for startAsFollower
datanode_1  | 2019-11-14 21:18:18,100 INFO impl.RoleInfo: c026775d-0693-4598-867a-ce900f91ba3e: start FollowerState
datanode_1  | 2019-11-14 21:18:18,104 INFO util.JmxRegister: Successfully registered JMX Bean with object name Ratis:service=RaftServer,group=group-8563CA5C3B37,id=c026775d-0693-4598-867a-ce900f91ba3e
om1_1       | 2019-11-14 21:18:18,995 INFO metrics.MetricRegistries: Loaded MetricRegistries class org.apache.ratis.metrics.impl.MetricRegistriesImpl
scm_1       | 2019-11-14 21:18:18,047 INFO node.SCMNodeManager: Registered Data node : 5be0e66d-4f65-4055-8e3c-44767df04028{ip: 172.18.0.9, host: ozone-om-ha-s3_datanode_3.ozone-om-ha-s3_default, networkLocation: /default-rack, certSerialId: null}
datanode_2  | 2019-11-14 21:18:18,621 WARN impl.MetricRegistriesImpl: First MetricRegistry has been created without registering reporters. You may need to call MetricRegistries.global().addReportRegistration(...) before.
om2_1       | 2019-11-14 21:18:18,969 INFO server.RaftServerConfigKeys: raft.server.log.segment.cache.num.max = 2 (custom)
datanode_3  | 2019-11-14 21:18:19,191 INFO storage.RaftStorageDirectory: The storage directory /data/metadata/ratis/fe5e51c6-a091-4cc0-8823-8cd25f0a7e4a does not exist. Creating ...
datanode_1  | 2019-11-14 21:18:18,105 WARN impl.MetricRegistriesImpl: First MetricRegistry has been created without registering reporters. You may need to call MetricRegistries.global().addReportRegistration(...) before.
datanode_1  | 2019-11-14 21:18:19,170 INFO impl.RaftServerProxy: c026775d-0693-4598-867a-ce900f91ba3e: addNew group-8CD25F0A7E4A:[c026775d-0693-4598-867a-ce900f91ba3e:172.18.0.4:9858, bce417c1-73dc-4e24-9374-9411fb534671:172.18.0.5:9858, 5be0e66d-4f65-4055-8e3c-44767df04028:172.18.0.9:9858] returns group-8CD25F0A7E4A:java.util.concurrent.CompletableFuture@758c4545[Not completed]
datanode_1  | 2019-11-14 21:18:19,173 INFO impl.RaftServerImpl: c026775d-0693-4598-867a-ce900f91ba3e: new RaftServerImpl for group-8CD25F0A7E4A:[c026775d-0693-4598-867a-ce900f91ba3e:172.18.0.4:9858, bce417c1-73dc-4e24-9374-9411fb534671:172.18.0.5:9858, 5be0e66d-4f65-4055-8e3c-44767df04028:172.18.0.9:9858] with ContainerStateMachine:uninitialized
om1_1       | 2019-11-14 21:18:19,002 WARN impl.MetricRegistriesImpl: First MetricRegistry has been created without registering reporters. You may need to call MetricRegistries.global().addReportRegistration(...) before.
scm_1       | 2019-11-14 21:18:18,190 INFO pipeline.PipelineStateManager: Created pipeline Pipeline[ Id: f616462b-dba6-47e8-8d20-8563ca5c3b37, Nodes: c026775d-0693-4598-867a-ce900f91ba3e{ip: 172.18.0.4, host: ozone-om-ha-s3_datanode_1.ozone-om-ha-s3_default, networkLocation: /default-rack, certSerialId: null}, Type:RATIS, Factor:ONE, State:OPEN]
datanode_2  | 2019-11-14 21:18:19,174 INFO impl.RaftServerProxy: bce417c1-73dc-4e24-9374-9411fb534671: addNew group-8CD25F0A7E4A:[c026775d-0693-4598-867a-ce900f91ba3e:172.18.0.4:9858, bce417c1-73dc-4e24-9374-9411fb534671:172.18.0.5:9858, 5be0e66d-4f65-4055-8e3c-44767df04028:172.18.0.9:9858] returns group-8CD25F0A7E4A:java.util.concurrent.CompletableFuture@6078f78f[Not completed]
s3g_1       | 	at org.glassfish.jersey.internal.Errors$1.call(Errors.java:268)
datanode_3  | 2019-11-14 21:18:19,205 INFO storage.RaftStorageDirectory: Lock on /data/metadata/ratis/fe5e51c6-a091-4cc0-8823-8cd25f0a7e4a/in_use.lock acquired by nodename 7@ddaddef0a92d
om3_1       | 2019-11-14 21:18:18,916 INFO server.RaftServerConfigKeys: raft.server.notification.no-leader.timeout = 120s (custom)
om2_1       | 2019-11-14 21:18:18,974 INFO segmented.SegmentedRaftLogWorker: new om2@group-562213E44849-SegmentedRaftLogWorker for RaftStorage:Storage Directory /data/metadata/ratis/fafe1b60-c241-37cc-98f4-562213e44849
datanode_1  | 2019-11-14 21:18:19,174 INFO server.RaftServerConfigKeys: raft.server.rpc.timeout.min = 5s (custom)
om1_1       | 2019-11-14 21:18:19,016 INFO server.RaftServerConfigKeys: raft.server.log.segment.cache.num.max = 2 (custom)
scm_1       | 2019-11-14 21:18:18,671 INFO pipeline.PipelineStateManager: Created pipeline Pipeline[ Id: 35cf8c9c-dd4d-4d1c-8c03-9282abd5f463, Nodes: bce417c1-73dc-4e24-9374-9411fb534671{ip: 172.18.0.5, host: ozone-om-ha-s3_datanode_2.ozone-om-ha-s3_default, networkLocation: /default-rack, certSerialId: null}, Type:RATIS, Factor:ONE, State:OPEN]
datanode_2  | 2019-11-14 21:18:19,177 INFO impl.RaftServerImpl: bce417c1-73dc-4e24-9374-9411fb534671: new RaftServerImpl for group-8CD25F0A7E4A:[c026775d-0693-4598-867a-ce900f91ba3e:172.18.0.4:9858, bce417c1-73dc-4e24-9374-9411fb534671:172.18.0.5:9858, 5be0e66d-4f65-4055-8e3c-44767df04028:172.18.0.9:9858] with ContainerStateMachine:uninitialized
s3g_1       | 	at org.glassfish.jersey.internal.Errors.process(Errors.java:316)
datanode_3  | 2019-11-14 21:18:19,228 INFO storage.RaftStorage: Storage directory /data/metadata/ratis/fe5e51c6-a091-4cc0-8823-8cd25f0a7e4a has been successfully formatted.
om3_1       | 2019-11-14 21:18:18,920 INFO server.RaftServerConfigKeys: raft.server.log.use.memory = false (default)
om2_1       | 2019-11-14 21:18:18,975 INFO server.RaftServerConfigKeys: raft.server.log.queue.byte-limit = 64MB (=67108864) (default)
datanode_1  | 2019-11-14 21:18:19,174 INFO server.RaftServerConfigKeys: raft.server.rpc.timeout.max = 5200ms (custom)
om1_1       | 2019-11-14 21:18:19,020 INFO segmented.SegmentedRaftLogWorker: new om1@group-562213E44849-SegmentedRaftLogWorker for RaftStorage:Storage Directory /data/metadata/ratis/fafe1b60-c241-37cc-98f4-562213e44849
scm_1       | 2019-11-14 21:18:19,118 INFO pipeline.PipelineStateManager: Created pipeline Pipeline[ Id: f9a071d9-dcef-4735-9578-58f2c5188569, Nodes: 5be0e66d-4f65-4055-8e3c-44767df04028{ip: 172.18.0.9, host: ozone-om-ha-s3_datanode_3.ozone-om-ha-s3_default, networkLocation: /default-rack, certSerialId: null}, Type:RATIS, Factor:ONE, State:OPEN]
datanode_2  | 2019-11-14 21:18:19,178 INFO server.RaftServerConfigKeys: raft.server.rpc.timeout.min = 5s (custom)
s3g_1       | 	at org.glassfish.jersey.internal.Errors.process(Errors.java:298)
datanode_3  | 2019-11-14 21:18:19,229 INFO ratis.ContainerStateMachine: group-8CD25F0A7E4A: The snapshot info is null. Setting the last applied indexto:(t:0, i:~)
om3_1       | 2019-11-14 21:18:18,931 INFO server.RaftServerConfigKeys: raft.server.log.purge.gap = 1000000 (custom)
om2_1       | 2019-11-14 21:18:18,975 INFO server.RaftServerConfigKeys: raft.server.log.queue.element-limit = 4096 (default)
datanode_1  | 2019-11-14 21:18:19,174 INFO server.RaftServerConfigKeys: raft.server.rpcslowness.timeout = 120s (custom)
om2_1       | 2019-11-14 21:18:18,977 INFO server.RaftServerConfigKeys: raft.server.log.segment.size.max = 16384 (custom)
