s3g_1       | 	at org.glassfish.jersey.process.internal.RequestScope.runInScope(RequestScope.java:289)
datanode_1  | 2019-11-08 12:44:58,423 INFO server.RaftServerConfigKeys: raft.server.log.queue.element-limit = 1024 (custom)
datanode_2  | 2019-11-08 12:44:58,397 INFO server.RaftServerConfigKeys: raft.server.log.write.buffer.size = 33554432 (custom)
om_1        | 	at org.apache.hadoop.ipc.ProtobufRpcEngine$Server$ProtoBufRpcInvoker.call(ProtobufRpcEngine.java:524)
s3g_1       | 	at org.glassfish.jersey.server.ServerRuntime.process(ServerRuntime.java:256)
datanode_1  | 2019-11-08 12:44:58,423 INFO server.RaftServerConfigKeys: raft.server.log.segment.size.max = 1048576 (custom)
datanode_2  | 2019-11-08 12:44:58,397 INFO server.RaftServerConfigKeys: raft.server.log.force.sync.num = 128 (default)
datanode_3  | 2019-11-08 12:44:58,422 INFO segmented.SegmentedRaftLogWorker: new 533dbdc3-71e8-437a-bdd8-9fbbd3de8acc@group-172C310331CA-SegmentedRaftLogWorker for RaftStorage:Storage Directory /data/metadata/ratis/cf40d725-15e1-463a-aafb-172c310331ca
om_1        | 	at org.apache.hadoop.ipc.RPC$Server.call(RPC.java:1025)
s3g_1       | 	at org.glassfish.jersey.server.ApplicationHandler.handle(ApplicationHandler.java:703)
datanode_1  | 2019-11-08 12:44:58,423 INFO server.RaftServerConfigKeys: raft.server.log.preallocated.size = 16384 (custom)
datanode_2  | 2019-11-08 12:44:58,397 INFO server.RaftServerConfigKeys: raft.server.log.statemachine.data.sync = true (default)
datanode_3  | 2019-11-08 12:44:58,422 INFO server.RaftServerConfigKeys: raft.server.log.queue.byte-limit = 2147483647 (custom)
om_1        | 	at org.apache.hadoop.ipc.Server$RpcCall.run(Server.java:876)
s3g_1       | 	at org.glassfish.jersey.servlet.WebComponent.serviceImpl(WebComponent.java:416)
datanode_1  | 2019-11-08 12:44:58,423 INFO server.RaftServerConfigKeys: raft.server.log.write.buffer.size = 33554432 (custom)
datanode_2  | 2019-11-08 12:44:58,397 INFO server.RaftServerConfigKeys: raft.server.log.statemachine.data.sync.timeout = 10s (default)
datanode_3  | 2019-11-08 12:44:58,423 INFO server.RaftServerConfigKeys: raft.server.log.queue.element-limit = 1024 (custom)
om_1        | 	at org.apache.hadoop.ipc.Server$RpcCall.run(Server.java:822)
s3g_1       | 	at org.glassfish.jersey.servlet.WebComponent.service(WebComponent.java:370)
datanode_1  | 2019-11-08 12:44:58,423 INFO server.RaftServerConfigKeys: raft.server.log.force.sync.num = 128 (default)
datanode_2  | 2019-11-08 12:44:58,397 INFO server.RaftServerConfigKeys: raft.server.log.statemachine.data.sync.timeout.retry = -1 (default)
datanode_3  | 2019-11-08 12:44:58,423 INFO server.RaftServerConfigKeys: raft.server.log.segment.size.max = 1048576 (custom)
s3g_1       | 	at org.glassfish.jersey.servlet.ServletContainer.service(ServletContainer.java:389)
om_1        | 	at java.base/java.security.AccessController.doPrivileged(Native Method)
datanode_1  | 2019-11-08 12:44:58,424 INFO server.RaftServerConfigKeys: raft.server.log.statemachine.data.sync = true (default)
datanode_2  | 2019-11-08 12:44:58,398 INFO server.RaftServerConfigKeys: raft.server.log.statemachine.data.caching.enabled = true (custom)
datanode_3  | 2019-11-08 12:44:58,423 INFO server.RaftServerConfigKeys: raft.server.log.preallocated.size = 16384 (custom)
s3g_1       | 	at org.glassfish.jersey.servlet.ServletContainer.service(ServletContainer.java:342)
om_1        | 	at java.base/javax.security.auth.Subject.doAs(Subject.java:423)
datanode_1  | 2019-11-08 12:44:58,424 INFO server.RaftServerConfigKeys: raft.server.log.statemachine.data.sync.timeout = 10s (default)
datanode_2  | 2019-11-08 12:44:58,398 INFO segmented.SegmentedRaftLogWorker: f9c77159-b570-4930-8c4f-12862ad94554@group-172C310331CA-SegmentedRaftLogWorker: flushIndex: setUnconditionally 0 -> -1
datanode_3  | 2019-11-08 12:44:58,423 INFO server.RaftServerConfigKeys: raft.server.log.write.buffer.size = 33554432 (custom)
s3g_1       | 	at org.glassfish.jersey.servlet.ServletContainer.service(ServletContainer.java:229)
om_1        | 	at org.apache.hadoop.security.UserGroupInformation.doAs(UserGroupInformation.java:1730)
datanode_2  | 2019-11-08 12:44:58,398 INFO server.RaftServerConfigKeys: raft.server.snapshot.auto.trigger.enabled = true (custom)
datanode_3  | 2019-11-08 12:44:58,423 INFO server.RaftServerConfigKeys: raft.server.log.force.sync.num = 128 (default)
om_1        | 	at org.apache.hadoop.ipc.Server$Handler.run(Server.java:2682)
s3g_1       | 	at org.eclipse.jetty.servlet.ServletHolder.handle(ServletHolder.java:840)
datanode_1  | 2019-11-08 12:44:58,424 INFO server.RaftServerConfigKeys: raft.server.log.statemachine.data.sync.timeout.retry = -1 (default)
datanode_2  | 2019-11-08 12:44:58,399 INFO server.RaftServerConfigKeys: raft.server.snapshot.auto.trigger.threshold = 10000 (custom)
datanode_3  | 2019-11-08 12:44:58,423 INFO server.RaftServerConfigKeys: raft.server.log.statemachine.data.sync = true (default)
om_1        | 2019-11-08 12:47:03,791 ERROR multipart.S3MultipartUploadAbortRequest: Abort Multipart request is failed for KeyName multipartKey5 in VolumeName/Bucket s37c35ba70126b04fca007e4dbfab9c47c/bucket-92233
datanode_1  | 2019-11-08 12:44:58,424 INFO server.RaftServerConfigKeys: raft.server.log.statemachine.data.caching.enabled = true (custom)
s3g_1       | 	at org.eclipse.jetty.servlet.ServletHandler$CachedChain.doFilter(ServletHandler.java:1780)
datanode_2  | 2019-11-08 12:44:58,399 INFO server.RaftServerConfigKeys: raft.server.snapshot.retention.file.num = 5 (custom)
datanode_3  | 2019-11-08 12:44:58,423 INFO server.RaftServerConfigKeys: raft.server.log.statemachine.data.sync.timeout = 10s (default)
om_1        | NO_SUCH_MULTIPART_UPLOAD_ERROR org.apache.hadoop.ozone.om.exceptions.OMException: Abort Multipart Upload Failed: volume: s37c35ba70126b04fca007e4dbfab9c47cbucket: bucket-92233key: multipartKey5
datanode_1  | 2019-11-08 12:44:58,424 INFO segmented.SegmentedRaftLogWorker: 4470e1ce-9086-4e92-9bba-745c202364a7@group-172C310331CA-SegmentedRaftLogWorker: flushIndex: setUnconditionally 0 -> -1
s3g_1       | 	at org.apache.hadoop.http.HttpServer2$QuotingInputFilter.doFilter(HttpServer2.java:1609)
datanode_2  | 2019-11-08 12:44:58,399 INFO server.RaftServerConfigKeys: raft.server.retrycache.expirytime = 600000ms (custom)
datanode_3  | 2019-11-08 12:44:58,423 INFO server.RaftServerConfigKeys: raft.server.log.statemachine.data.sync.timeout.retry = -1 (default)
om_1        | 	at org.apache.hadoop.ozone.om.request.s3.multipart.S3MultipartUploadAbortRequest.validateAndUpdateCache(S3MultipartUploadAbortRequest.java:116)
datanode_1  | 2019-11-08 12:44:58,425 INFO server.RaftServerConfigKeys: raft.server.snapshot.auto.trigger.enabled = true (custom)
s3g_1       | 	at org.eclipse.jetty.servlet.ServletHandler$CachedChain.doFilter(ServletHandler.java:1767)
datanode_2  | 2019-11-08 12:44:58,399 WARN impl.MetricRegistriesImpl: First MetricRegistry has been created without registering reporters. You may need to call MetricRegistries.global().addReportRegistration(...) before.
datanode_3  | 2019-11-08 12:44:58,424 INFO server.RaftServerConfigKeys: raft.server.log.statemachine.data.caching.enabled = true (custom)
datanode_1  | 2019-11-08 12:44:58,425 INFO server.RaftServerConfigKeys: raft.server.snapshot.auto.trigger.threshold = 10000 (custom)
om_1        | 	at org.apache.hadoop.ozone.protocolPB.OzoneManagerProtocolServerSideTranslatorPB.submitRequestDirectlyToOM(OzoneManagerProtocolServerSideTranslatorPB.java:217)
s3g_1       | 	at org.apache.hadoop.http.NoCacheFilter.doFilter(NoCacheFilter.java:45)
datanode_2  | 2019-11-08 12:44:58,399 WARN impl.MetricRegistriesImpl: First MetricRegistry has been created without registering reporters. You may need to call MetricRegistries.global().addReportRegistration(...) before.
datanode_3  | 2019-11-08 12:44:58,424 INFO segmented.SegmentedRaftLogWorker: 533dbdc3-71e8-437a-bdd8-9fbbd3de8acc@group-172C310331CA-SegmentedRaftLogWorker: flushIndex: setUnconditionally 0 -> -1
datanode_1  | 2019-11-08 12:44:58,425 INFO server.RaftServerConfigKeys: raft.server.snapshot.retention.file.num = 5 (custom)
om_1        | 	at org.apache.hadoop.ozone.protocolPB.OzoneManagerProtocolServerSideTranslatorPB.processRequest(OzoneManagerProtocolServerSideTranslatorPB.java:132)
datanode_2  | 2019-11-08 12:44:58,399 INFO impl.RaftServerImpl: f9c77159-b570-4930-8c4f-12862ad94554@group-172C310331CA: start as a follower, conf=-1: [4470e1ce-9086-4e92-9bba-745c202364a7:172.18.0.5:9858, f9c77159-b570-4930-8c4f-12862ad94554:172.18.0.6:9858, 533dbdc3-71e8-437a-bdd8-9fbbd3de8acc:172.18.0.4:9858], old=null
datanode_3  | 2019-11-08 12:44:58,424 INFO server.RaftServerConfigKeys: raft.server.snapshot.auto.trigger.enabled = true (custom)
s3g_1       | 	at org.eclipse.jetty.servlet.ServletHandler$CachedChain.doFilter(ServletHandler.java:1767)
datanode_1  | 2019-11-08 12:44:58,425 INFO server.RaftServerConfigKeys: raft.server.retrycache.expirytime = 600000ms (custom)
om_1        | 	at org.apache.hadoop.hdds.server.OzoneProtocolMessageDispatcher.processRequest(OzoneProtocolMessageDispatcher.java:72)
datanode_2  | 2019-11-08 12:44:58,399 INFO impl.RaftServerImpl: f9c77159-b570-4930-8c4f-12862ad94554@group-172C310331CA: changes role from      null to FOLLOWER at term 0 for startAsFollower
datanode_3  | 2019-11-08 12:44:58,425 INFO server.RaftServerConfigKeys: raft.server.snapshot.auto.trigger.threshold = 10000 (custom)
s3g_1       | 	at org.eclipse.jetty.servlet.ServletHandler.doHandle(ServletHandler.java:583)
datanode_1  | 2019-11-08 12:44:58,426 WARN impl.MetricRegistriesImpl: First MetricRegistry has been created without registering reporters. You may need to call MetricRegistries.global().addReportRegistration(...) before.
om_1        | 	at org.apache.hadoop.ozone.protocolPB.OzoneManagerProtocolServerSideTranslatorPB.submitRequest(OzoneManagerProtocolServerSideTranslatorPB.java:100)
datanode_2  | 2019-11-08 12:44:58,400 INFO impl.RoleInfo: f9c77159-b570-4930-8c4f-12862ad94554: start FollowerState
datanode_3  | 2019-11-08 12:44:58,425 INFO server.RaftServerConfigKeys: raft.server.snapshot.retention.file.num = 5 (custom)
s3g_1       | 	at org.eclipse.jetty.server.handler.ScopedHandler.handle(ScopedHandler.java:143)
datanode_1  | 2019-11-08 12:44:58,426 WARN impl.MetricRegistriesImpl: First MetricRegistry has been created without registering reporters. You may need to call MetricRegistries.global().addReportRegistration(...) before.
om_1        | 	at org.apache.hadoop.ozone.protocol.proto.OzoneManagerProtocolProtos$OzoneManagerService$2.callBlockingMethod(OzoneManagerProtocolProtos.java)
datanode_2  | 2019-11-08 12:44:58,400 INFO util.JmxRegister: Successfully registered JMX Bean with object name Ratis:service=RaftServer,group=group-172C310331CA,id=f9c77159-b570-4930-8c4f-12862ad94554
datanode_3  | 2019-11-08 12:44:58,425 INFO server.RaftServerConfigKeys: raft.server.retrycache.expirytime = 600000ms (custom)
s3g_1       | 	at org.eclipse.jetty.security.SecurityHandler.handle(SecurityHandler.java:548)
datanode_1  | 2019-11-08 12:44:58,426 INFO impl.RaftServerImpl: 4470e1ce-9086-4e92-9bba-745c202364a7@group-172C310331CA: start as a follower, conf=-1: [4470e1ce-9086-4e92-9bba-745c202364a7:172.18.0.5:9858, f9c77159-b570-4930-8c4f-12862ad94554:172.18.0.6:9858, 533dbdc3-71e8-437a-bdd8-9fbbd3de8acc:172.18.0.4:9858], old=null
om_1        | 	at org.apache.hadoop.ipc.ProtobufRpcEngine$Server$ProtoBufRpcInvoker.call(ProtobufRpcEngine.java:524)
datanode_2  | 2019-11-08 12:44:58,400 WARN impl.MetricRegistriesImpl: First MetricRegistry has been created without registering reporters. You may need to call MetricRegistries.global().addReportRegistration(...) before.
datanode_3  | 2019-11-08 12:44:58,425 WARN impl.MetricRegistriesImpl: First MetricRegistry has been created without registering reporters. You may need to call MetricRegistries.global().addReportRegistration(...) before.
s3g_1       | 	at org.eclipse.jetty.server.session.SessionHandler.doHandle(SessionHandler.java:226)
datanode_1  | 2019-11-08 12:44:58,426 INFO impl.RaftServerImpl: 4470e1ce-9086-4e92-9bba-745c202364a7@group-172C310331CA: changes role from      null to FOLLOWER at term 0 for startAsFollower
om_1        | 	at org.apache.hadoop.ipc.RPC$Server.call(RPC.java:1025)
datanode_2  | 2019-11-08 12:45:02,844 INFO impl.FollowerState: f9c77159-b570-4930-8c4f-12862ad94554@group-55366070476B-FollowerState: change to CANDIDATE, lastRpcTime:5092ms, electionTimeout:5091ms
datanode_3  | 2019-11-08 12:44:58,425 WARN impl.MetricRegistriesImpl: First MetricRegistry has been created without registering reporters. You may need to call MetricRegistries.global().addReportRegistration(...) before.
s3g_1       | 	at org.eclipse.jetty.server.handler.ContextHandler.doHandle(ContextHandler.java:1180)
om_1        | 	at org.apache.hadoop.ipc.Server$RpcCall.run(Server.java:876)
datanode_1  | 2019-11-08 12:44:58,427 INFO impl.RoleInfo: 4470e1ce-9086-4e92-9bba-745c202364a7: start FollowerState
datanode_2  | 2019-11-08 12:45:02,846 INFO impl.RoleInfo: f9c77159-b570-4930-8c4f-12862ad94554: shutdown FollowerState
datanode_3  | 2019-11-08 12:44:58,425 INFO impl.RaftServerImpl: 533dbdc3-71e8-437a-bdd8-9fbbd3de8acc@group-172C310331CA: start as a follower, conf=-1: [4470e1ce-9086-4e92-9bba-745c202364a7:172.18.0.5:9858, f9c77159-b570-4930-8c4f-12862ad94554:172.18.0.6:9858, 533dbdc3-71e8-437a-bdd8-9fbbd3de8acc:172.18.0.4:9858], old=null
s3g_1       | 	at org.eclipse.jetty.servlet.ServletHandler.doScope(ServletHandler.java:513)
om_1        | 	at org.apache.hadoop.ipc.Server$RpcCall.run(Server.java:822)
datanode_1  | 2019-11-08 12:44:58,427 INFO util.JmxRegister: Successfully registered JMX Bean with object name Ratis:service=RaftServer,group=group-172C310331CA,id=4470e1ce-9086-4e92-9bba-745c202364a7
datanode_2  | 2019-11-08 12:45:02,847 INFO impl.RaftServerImpl: f9c77159-b570-4930-8c4f-12862ad94554@group-55366070476B: changes role from  FOLLOWER to CANDIDATE at term 0 for changeToCandidate
datanode_3  | 2019-11-08 12:44:58,426 INFO impl.RaftServerImpl: 533dbdc3-71e8-437a-bdd8-9fbbd3de8acc@group-172C310331CA: changes role from      null to FOLLOWER at term 0 for startAsFollower
datanode_1  | 2019-11-08 12:44:58,427 WARN impl.MetricRegistriesImpl: First MetricRegistry has been created without registering reporters. You may need to call MetricRegistries.global().addReportRegistration(...) before.
om_1        | 	at java.base/java.security.AccessController.doPrivileged(Native Method)
s3g_1       | 	at org.eclipse.jetty.server.session.SessionHandler.doScope(SessionHandler.java:185)
datanode_2  | 2019-11-08 12:45:02,852 INFO impl.RoleInfo: f9c77159-b570-4930-8c4f-12862ad94554: start LeaderElection
datanode_3  | 2019-11-08 12:44:58,426 INFO impl.RoleInfo: 533dbdc3-71e8-437a-bdd8-9fbbd3de8acc: start FollowerState
datanode_1  | 2019-11-08 12:45:02,211 INFO impl.FollowerState: 4470e1ce-9086-4e92-9bba-745c202364a7@group-B33DF28F047D-FollowerState: change to CANDIDATE, lastRpcTime:5052ms, electionTimeout:5052ms
datanode_2  | 2019-11-08 12:45:02,906 INFO impl.LeaderElection: f9c77159-b570-4930-8c4f-12862ad94554@group-55366070476B-LeaderElection1: begin an election at term 1 for -1: [f9c77159-b570-4930-8c4f-12862ad94554:172.18.0.6:9858], old=null
om_1        | 	at java.base/javax.security.auth.Subject.doAs(Subject.java:423)
datanode_3  | 2019-11-08 12:44:58,426 INFO util.JmxRegister: Successfully registered JMX Bean with object name Ratis:service=RaftServer,group=group-172C310331CA,id=533dbdc3-71e8-437a-bdd8-9fbbd3de8acc
datanode_1  | 2019-11-08 12:45:02,213 INFO impl.RoleInfo: 4470e1ce-9086-4e92-9bba-745c202364a7: shutdown FollowerState
datanode_2  | 2019-11-08 12:45:02,907 INFO impl.RoleInfo: f9c77159-b570-4930-8c4f-12862ad94554: shutdown LeaderElection
om_1        | 	at org.apache.hadoop.security.UserGroupInformation.doAs(UserGroupInformation.java:1730)
datanode_3  | 2019-11-08 12:44:58,426 WARN impl.MetricRegistriesImpl: First MetricRegistry has been created without registering reporters. You may need to call MetricRegistries.global().addReportRegistration(...) before.
datanode_1  | 2019-11-08 12:45:02,214 INFO impl.RaftServerImpl: 4470e1ce-9086-4e92-9bba-745c202364a7@group-B33DF28F047D: changes role from  FOLLOWER to CANDIDATE at term 0 for changeToCandidate
s3g_1       | 	at org.eclipse.jetty.server.handler.ContextHandler.doScope(ContextHandler.java:1112)
om_1        | 	at org.apache.hadoop.ipc.Server$Handler.run(Server.java:2682)
datanode_2  | 2019-11-08 12:45:02,908 INFO impl.RaftServerImpl: f9c77159-b570-4930-8c4f-12862ad94554@group-55366070476B: changes role from CANDIDATE to LEADER at term 1 for changeToLeader
datanode_3  | 2019-11-08 12:45:03,406 INFO impl.FollowerState: 533dbdc3-71e8-437a-bdd8-9fbbd3de8acc@group-8EC0F9E128AD-FollowerState: change to CANDIDATE, lastRpcTime:5163ms, electionTimeout:5162ms
datanode_1  | 2019-11-08 12:45:02,219 INFO impl.RoleInfo: 4470e1ce-9086-4e92-9bba-745c202364a7: start LeaderElection
s3g_1       | 	at org.eclipse.jetty.server.handler.ScopedHandler.handle(ScopedHandler.java:141)
om_1        | 2019-11-08 12:47:07,063 ERROR key.OMKeyRequest: ALLOCATE_KEY failed for Key: multipartKey in volume/bucket:s37c35ba70126b04fca007e4dbfab9c47c/bucket-92233
datanode_2  | 2019-11-08 12:45:02,909 INFO impl.RaftServerImpl: f9c77159-b570-4930-8c4f-12862ad94554@group-55366070476B: change Leader from null to f9c77159-b570-4930-8c4f-12862ad94554 at term 1 for becomeLeader, leader elected after 5237ms
datanode_3  | 2019-11-08 12:45:03,409 INFO impl.RoleInfo: 533dbdc3-71e8-437a-bdd8-9fbbd3de8acc: shutdown FollowerState
datanode_1  | 2019-11-08 12:45:02,274 INFO impl.LeaderElection: 4470e1ce-9086-4e92-9bba-745c202364a7@group-B33DF28F047D-LeaderElection1: begin an election at term 1 for -1: [4470e1ce-9086-4e92-9bba-745c202364a7:172.18.0.5:9858], old=null
s3g_1       | 	at org.eclipse.jetty.server.handler.HandlerCollection.handle(HandlerCollection.java:119)
om_1        | NO_SUCH_MULTIPART_UPLOAD_ERROR org.apache.hadoop.ozone.om.exceptions.OMException: No such Multipart upload is with specified uploadId random
datanode_2  | 2019-11-08 12:45:02,915 INFO server.RaftServerConfigKeys: raft.server.staging.catchup.gap = 1000 (default)
datanode_1  | 2019-11-08 12:45:02,276 INFO impl.RoleInfo: 4470e1ce-9086-4e92-9bba-745c202364a7: shutdown LeaderElection
datanode_3  | 2019-11-08 12:45:03,409 INFO impl.RaftServerImpl: 533dbdc3-71e8-437a-bdd8-9fbbd3de8acc@group-8EC0F9E128AD: changes role from  FOLLOWER to CANDIDATE at term 0 for changeToCandidate
s3g_1       | 	at org.eclipse.jetty.server.handler.HandlerWrapper.handle(HandlerWrapper.java:134)
om_1        | 	at org.apache.hadoop.ozone.om.request.key.OMKeyRequest.prepareMultipartKeyInfo(OMKeyRequest.java:471)
datanode_2  | 2019-11-08 12:45:02,915 INFO server.RaftServerConfigKeys: raft.server.rpc.sleep.time = 25ms (default)
datanode_1  | 2019-11-08 12:45:02,277 INFO impl.RaftServerImpl: 4470e1ce-9086-4e92-9bba-745c202364a7@group-B33DF28F047D: changes role from CANDIDATE to LEADER at term 1 for changeToLeader
datanode_3  | 2019-11-08 12:45:03,414 INFO impl.RoleInfo: 533dbdc3-71e8-437a-bdd8-9fbbd3de8acc: start LeaderElection
om_1        | 	at org.apache.hadoop.ozone.om.request.key.OMKeyRequest.prepareKeyInfo(OMKeyRequest.java:423)
datanode_2  | 2019-11-08 12:45:02,920 INFO server.RaftServerConfigKeys: raft.server.write.element-limit = 4096 (default)
s3g_1       | 	at org.eclipse.jetty.server.Server.handle(Server.java:539)
datanode_3  | 2019-11-08 12:45:03,449 INFO impl.LeaderElection: 533dbdc3-71e8-437a-bdd8-9fbbd3de8acc@group-8EC0F9E128AD-LeaderElection1: begin an election at term 1 for -1: [533dbdc3-71e8-437a-bdd8-9fbbd3de8acc:172.18.0.4:9858], old=null
datanode_1  | 2019-11-08 12:45:02,277 INFO impl.RaftServerImpl: 4470e1ce-9086-4e92-9bba-745c202364a7@group-B33DF28F047D: change Leader from null to 4470e1ce-9086-4e92-9bba-745c202364a7 at term 1 for becomeLeader, leader elected after 5194ms
om_1        | 	at org.apache.hadoop.ozone.om.request.key.OMKeyCreateRequest.validateAndUpdateCache(OMKeyCreateRequest.java:182)
datanode_2  | 2019-11-08 12:45:02,927 INFO server.RaftServerConfigKeys: raft.server.watch.timeout = 10s (default)
s3g_1       | 	at org.eclipse.jetty.server.HttpChannel.handle(HttpChannel.java:333)
datanode_3  | 2019-11-08 12:45:03,451 INFO impl.RoleInfo: 533dbdc3-71e8-437a-bdd8-9fbbd3de8acc: shutdown LeaderElection
datanode_1  | 2019-11-08 12:45:02,282 INFO server.RaftServerConfigKeys: raft.server.staging.catchup.gap = 1000 (default)
om_1        | 	at org.apache.hadoop.ozone.protocolPB.OzoneManagerProtocolServerSideTranslatorPB.submitRequestDirectlyToOM(OzoneManagerProtocolServerSideTranslatorPB.java:217)
datanode_2  | 2019-11-08 12:45:02,928 INFO server.RaftServerConfigKeys: raft.server.watch.timeout.denomination = 1s (default)
s3g_1       | 	at org.eclipse.jetty.server.HttpConnection.onFillable(HttpConnection.java:251)
datanode_3  | 2019-11-08 12:45:03,452 INFO impl.RaftServerImpl: 533dbdc3-71e8-437a-bdd8-9fbbd3de8acc@group-8EC0F9E128AD: changes role from CANDIDATE to LEADER at term 1 for changeToLeader
datanode_1  | 2019-11-08 12:45:02,282 INFO server.RaftServerConfigKeys: raft.server.rpc.sleep.time = 25ms (default)
om_1        | 	at org.apache.hadoop.ozone.protocolPB.OzoneManagerProtocolServerSideTranslatorPB.processRequest(OzoneManagerProtocolServerSideTranslatorPB.java:132)
datanode_2  | 2019-11-08 12:45:02,929 INFO server.RaftServerConfigKeys: raft.server.watch.element-limit = 65536 (default)
s3g_1       | 	at org.eclipse.jetty.io.AbstractConnection$ReadCallback.succeeded(AbstractConnection.java:283)
datanode_3  | 2019-11-08 12:45:03,452 INFO impl.RaftServerImpl: 533dbdc3-71e8-437a-bdd8-9fbbd3de8acc@group-8EC0F9E128AD: change Leader from null to 533dbdc3-71e8-437a-bdd8-9fbbd3de8acc at term 1 for becomeLeader, leader elected after 5269ms
datanode_1  | 2019-11-08 12:45:02,286 INFO server.RaftServerConfigKeys: raft.server.write.element-limit = 4096 (default)
om_1        | 	at org.apache.hadoop.hdds.server.OzoneProtocolMessageDispatcher.processRequest(OzoneProtocolMessageDispatcher.java:72)
datanode_2  | 2019-11-08 12:45:02,940 INFO impl.RoleInfo: f9c77159-b570-4930-8c4f-12862ad94554: start LeaderState
s3g_1       | 	at org.eclipse.jetty.io.FillInterest.fillable(FillInterest.java:108)
datanode_1  | 2019-11-08 12:45:02,291 INFO server.RaftServerConfigKeys: raft.server.watch.timeout = 10s (default)
datanode_3  | 2019-11-08 12:45:03,459 INFO server.RaftServerConfigKeys: raft.server.staging.catchup.gap = 1000 (default)
om_1        | 	at org.apache.hadoop.ozone.protocolPB.OzoneManagerProtocolServerSideTranslatorPB.submitRequest(OzoneManagerProtocolServerSideTranslatorPB.java:100)
datanode_2  | 2019-11-08 12:45:02,964 INFO segmented.SegmentedRaftLogWorker: f9c77159-b570-4930-8c4f-12862ad94554@group-55366070476B-SegmentedRaftLogWorker: Starting segment from index:0
s3g_1       | 	at org.eclipse.jetty.io.SelectChannelEndPoint$2.run(SelectChannelEndPoint.java:93)
datanode_1  | 2019-11-08 12:45:02,291 INFO server.RaftServerConfigKeys: raft.server.watch.timeout.denomination = 1s (default)
datanode_3  | 2019-11-08 12:45:03,459 INFO server.RaftServerConfigKeys: raft.server.rpc.sleep.time = 25ms (default)
om_1        | 	at org.apache.hadoop.ozone.protocol.proto.OzoneManagerProtocolProtos$OzoneManagerService$2.callBlockingMethod(OzoneManagerProtocolProtos.java)
datanode_2  | 2019-11-08 12:45:02,975 INFO impl.RaftServerImpl: f9c77159-b570-4930-8c4f-12862ad94554@group-55366070476B: set configuration 0: [f9c77159-b570-4930-8c4f-12862ad94554:172.18.0.6:9858], old=null at 0
s3g_1       | 	at org.eclipse.jetty.util.thread.strategy.ExecuteProduceConsume.executeProduceConsume(ExecuteProduceConsume.java:303)
datanode_3  | 2019-11-08 12:45:03,463 INFO server.RaftServerConfigKeys: raft.server.write.element-limit = 4096 (default)
datanode_1  | 2019-11-08 12:45:02,292 INFO server.RaftServerConfigKeys: raft.server.watch.element-limit = 65536 (default)
om_1        | 	at org.apache.hadoop.ipc.ProtobufRpcEngine$Server$ProtoBufRpcInvoker.call(ProtobufRpcEngine.java:524)
datanode_2  | 2019-11-08 12:45:03,115 INFO segmented.SegmentedRaftLogWorker: f9c77159-b570-4930-8c4f-12862ad94554@group-55366070476B-SegmentedRaftLogWorker: created new log segment /data/metadata/ratis/a48b8a30-92c2-42cb-b439-55366070476b/current/log_inprogress_0
s3g_1       | 	at org.eclipse.jetty.util.thread.strategy.ExecuteProduceConsume.produceConsume(ExecuteProduceConsume.java:148)
datanode_3  | 2019-11-08 12:45:03,471 INFO server.RaftServerConfigKeys: raft.server.watch.timeout = 10s (default)
datanode_1  | 2019-11-08 12:45:02,300 INFO impl.RoleInfo: 4470e1ce-9086-4e92-9bba-745c202364a7: start LeaderState
om_1        | 	at org.apache.hadoop.ipc.RPC$Server.call(RPC.java:1025)
datanode_2  | 2019-11-08 12:45:03,508 INFO impl.FollowerState: f9c77159-b570-4930-8c4f-12862ad94554@group-172C310331CA-FollowerState: change to CANDIDATE, lastRpcTime:5108ms, electionTimeout:5108ms
s3g_1       | 	at org.eclipse.jetty.util.thread.strategy.ExecuteProduceConsume.run(ExecuteProduceConsume.java:136)
datanode_3  | 2019-11-08 12:45:03,471 INFO server.RaftServerConfigKeys: raft.server.watch.timeout.denomination = 1s (default)
datanode_1  | 2019-11-08 12:45:02,319 INFO segmented.SegmentedRaftLogWorker: 4470e1ce-9086-4e92-9bba-745c202364a7@group-B33DF28F047D-SegmentedRaftLogWorker: Starting segment from index:0
om_1        | 	at org.apache.hadoop.ipc.Server$RpcCall.run(Server.java:876)
datanode_2  | 2019-11-08 12:45:03,509 INFO impl.RoleInfo: f9c77159-b570-4930-8c4f-12862ad94554: shutdown FollowerState
s3g_1       | 	at org.eclipse.jetty.util.thread.QueuedThreadPool.runJob(QueuedThreadPool.java:671)
datanode_3  | 2019-11-08 12:45:03,472 INFO server.RaftServerConfigKeys: raft.server.watch.element-limit = 65536 (default)
datanode_1  | 2019-11-08 12:45:02,329 INFO impl.RaftServerImpl: 4470e1ce-9086-4e92-9bba-745c202364a7@group-B33DF28F047D: set configuration 0: [4470e1ce-9086-4e92-9bba-745c202364a7:172.18.0.5:9858], old=null at 0
om_1        | 	at org.apache.hadoop.ipc.Server$RpcCall.run(Server.java:822)
datanode_2  | 2019-11-08 12:45:03,509 INFO impl.RaftServerImpl: f9c77159-b570-4930-8c4f-12862ad94554@group-172C310331CA: changes role from  FOLLOWER to CANDIDATE at term 0 for changeToCandidate
s3g_1       | 	at org.eclipse.jetty.util.thread.QueuedThreadPool$2.run(QueuedThreadPool.java:589)
datanode_3  | 2019-11-08 12:45:03,481 INFO impl.RoleInfo: 533dbdc3-71e8-437a-bdd8-9fbbd3de8acc: start LeaderState
datanode_1  | 2019-11-08 12:45:02,456 INFO segmented.SegmentedRaftLogWorker: 4470e1ce-9086-4e92-9bba-745c202364a7@group-B33DF28F047D-SegmentedRaftLogWorker: created new log segment /data/metadata/ratis/e59661f8-fe52-463f-a51c-b33df28f047d/current/log_inprogress_0
om_1        | 	at java.base/java.security.AccessController.doPrivileged(Native Method)
datanode_2  | 2019-11-08 12:45:03,510 INFO impl.RoleInfo: f9c77159-b570-4930-8c4f-12862ad94554: start LeaderElection
s3g_1       | 	at java.base/java.lang.Thread.run(Thread.java:834)
datanode_3  | 2019-11-08 12:45:03,505 INFO segmented.SegmentedRaftLogWorker: 533dbdc3-71e8-437a-bdd8-9fbbd3de8acc@group-8EC0F9E128AD-SegmentedRaftLogWorker: Starting segment from index:0
datanode_1  | 2019-11-08 12:45:03,449 INFO impl.FollowerState: 4470e1ce-9086-4e92-9bba-745c202364a7@group-172C310331CA-FollowerState: change to CANDIDATE, lastRpcTime:5022ms, electionTimeout:5022ms
om_1        | 	at java.base/javax.security.auth.Subject.doAs(Subject.java:423)
datanode_2  | 2019-11-08 12:45:03,542 INFO impl.LeaderElection: f9c77159-b570-4930-8c4f-12862ad94554@group-172C310331CA-LeaderElection2: begin an election at term 1 for -1: [4470e1ce-9086-4e92-9bba-745c202364a7:172.18.0.5:9858, f9c77159-b570-4930-8c4f-12862ad94554:172.18.0.6:9858, 533dbdc3-71e8-437a-bdd8-9fbbd3de8acc:172.18.0.4:9858], old=null
s3g_1       | 2019-11-08 12:46:54,721 INFO io.BlockOutputStreamEntryPool: Allocating block with ExcludeList {datanodes = [], containerIds = [], pipelineIds = []}
datanode_1  | 2019-11-08 12:45:03,450 INFO impl.RoleInfo: 4470e1ce-9086-4e92-9bba-745c202364a7: shutdown FollowerState
datanode_3  | 2019-11-08 12:45:03,517 INFO impl.RaftServerImpl: 533dbdc3-71e8-437a-bdd8-9fbbd3de8acc@group-8EC0F9E128AD: set configuration 0: [533dbdc3-71e8-437a-bdd8-9fbbd3de8acc:172.18.0.4:9858], old=null at 0
om_1        | 	at org.apache.hadoop.security.UserGroupInformation.doAs(UserGroupInformation.java:1730)
datanode_2  | 2019-11-08 12:45:03,721 INFO impl.LeaderElection: f9c77159-b570-4930-8c4f-12862ad94554@group-172C310331CA-LeaderElection2: Election REJECTED; received 2 response(s) [f9c77159-b570-4930-8c4f-12862ad94554<-4470e1ce-9086-4e92-9bba-745c202364a7#0:FAIL-t1, f9c77159-b570-4930-8c4f-12862ad94554<-533dbdc3-71e8-437a-bdd8-9fbbd3de8acc#0:FAIL-t1] and 0 exception(s); f9c77159-b570-4930-8c4f-12862ad94554@group-172C310331CA:t1, leader=null, voted=f9c77159-b570-4930-8c4f-12862ad94554, raftlog=f9c77159-b570-4930-8c4f-12862ad94554@group-172C310331CA-SegmentedRaftLog:OPENED:c-1,f-1,i0, conf=-1: [4470e1ce-9086-4e92-9bba-745c202364a7:172.18.0.5:9858, f9c77159-b570-4930-8c4f-12862ad94554:172.18.0.6:9858, 533dbdc3-71e8-437a-bdd8-9fbbd3de8acc:172.18.0.4:9858], old=null
s3g_1       | 2019-11-08 12:46:55,664 INFO io.BlockOutputStreamEntryPool: Allocating block with ExcludeList {datanodes = [], containerIds = [], pipelineIds = []}
datanode_1  | 2019-11-08 12:45:03,450 INFO impl.RaftServerImpl: 4470e1ce-9086-4e92-9bba-745c202364a7@group-172C310331CA: changes role from  FOLLOWER to CANDIDATE at term 0 for changeToCandidate
datanode_3  | 2019-11-08 12:45:03,553 INFO impl.FollowerState: 533dbdc3-71e8-437a-bdd8-9fbbd3de8acc@group-172C310331CA-FollowerState: change to CANDIDATE, lastRpcTime:5127ms, electionTimeout:5127ms
om_1        | 	at org.apache.hadoop.ipc.Server$Handler.run(Server.java:2682)
s3g_1       | 2019-11-08 12:46:56,531 ERROR endpoint.ObjectEndpoint: Error in Complete Multipart Upload Request for bucket: bucket-92233, key: multipartKey3
datanode_1  | 2019-11-08 12:45:03,450 INFO impl.RoleInfo: 4470e1ce-9086-4e92-9bba-745c202364a7: start LeaderElection
datanode_3  | 2019-11-08 12:45:03,555 INFO impl.RoleInfo: 533dbdc3-71e8-437a-bdd8-9fbbd3de8acc: shutdown FollowerState
datanode_2  | 2019-11-08 12:45:03,723 INFO impl.RaftServerImpl: f9c77159-b570-4930-8c4f-12862ad94554@group-172C310331CA: changes role from CANDIDATE to FOLLOWER at term 1 for DISCOVERED_A_NEW_TERM
s3g_1       | MISMATCH_MULTIPART_LIST org.apache.hadoop.ozone.om.exceptions.OMException: Complete Multipart Upload Failed: volume: s37c35ba70126b04fca007e4dbfab9c47cbucket: bucket-92233key: multipartKey3
datanode_1  | 2019-11-08 12:45:03,483 INFO impl.LeaderElection: 4470e1ce-9086-4e92-9bba-745c202364a7@group-172C310331CA-LeaderElection2: begin an election at term 1 for -1: [4470e1ce-9086-4e92-9bba-745c202364a7:172.18.0.5:9858, f9c77159-b570-4930-8c4f-12862ad94554:172.18.0.6:9858, 533dbdc3-71e8-437a-bdd8-9fbbd3de8acc:172.18.0.4:9858], old=null
datanode_3  | 2019-11-08 12:45:03,556 INFO impl.RaftServerImpl: 533dbdc3-71e8-437a-bdd8-9fbbd3de8acc@group-172C310331CA: changes role from  FOLLOWER to CANDIDATE at term 0 for changeToCandidate
datanode_2  | 2019-11-08 12:45:03,723 INFO impl.RoleInfo: f9c77159-b570-4930-8c4f-12862ad94554: shutdown LeaderElection
s3g_1       | 	at org.apache.hadoop.ozone.om.protocolPB.OzoneManagerProtocolClientSideTranslatorPB.handleError(OzoneManagerProtocolClientSideTranslatorPB.java:758)
datanode_3  | 2019-11-08 12:45:03,557 INFO impl.RoleInfo: 533dbdc3-71e8-437a-bdd8-9fbbd3de8acc: start LeaderElection
datanode_1  | 2019-11-08 12:45:03,692 INFO impl.LeaderElection: 4470e1ce-9086-4e92-9bba-745c202364a7@group-172C310331CA-LeaderElection2: Election REJECTED; received 2 response(s) [4470e1ce-9086-4e92-9bba-745c202364a7<-f9c77159-b570-4930-8c4f-12862ad94554#0:FAIL-t1, 4470e1ce-9086-4e92-9bba-745c202364a7<-533dbdc3-71e8-437a-bdd8-9fbbd3de8acc#0:FAIL-t1] and 0 exception(s); 4470e1ce-9086-4e92-9bba-745c202364a7@group-172C310331CA:t1, leader=null, voted=4470e1ce-9086-4e92-9bba-745c202364a7, raftlog=4470e1ce-9086-4e92-9bba-745c202364a7@group-172C310331CA-SegmentedRaftLog:OPENED:c-1,f-1,i0, conf=-1: [4470e1ce-9086-4e92-9bba-745c202364a7:172.18.0.5:9858, f9c77159-b570-4930-8c4f-12862ad94554:172.18.0.6:9858, 533dbdc3-71e8-437a-bdd8-9fbbd3de8acc:172.18.0.4:9858], old=null
datanode_2  | 2019-11-08 12:45:03,723 INFO impl.RoleInfo: f9c77159-b570-4930-8c4f-12862ad94554: start FollowerState
datanode_3  | 2019-11-08 12:45:03,585 INFO impl.LeaderElection: 533dbdc3-71e8-437a-bdd8-9fbbd3de8acc@group-172C310331CA-LeaderElection2: begin an election at term 1 for -1: [4470e1ce-9086-4e92-9bba-745c202364a7:172.18.0.5:9858, f9c77159-b570-4930-8c4f-12862ad94554:172.18.0.6:9858, 533dbdc3-71e8-437a-bdd8-9fbbd3de8acc:172.18.0.4:9858], old=null
datanode_2  | 2019-11-08 12:45:08,778 INFO impl.FollowerState: f9c77159-b570-4930-8c4f-12862ad94554@group-172C310331CA-FollowerState: change to CANDIDATE, lastRpcTime:5054ms, electionTimeout:5054ms
datanode_3  | 2019-11-08 12:45:03,692 INFO segmented.SegmentedRaftLogWorker: 533dbdc3-71e8-437a-bdd8-9fbbd3de8acc@group-8EC0F9E128AD-SegmentedRaftLogWorker: created new log segment /data/metadata/ratis/c5089317-31d7-4c1b-b49f-8ec0f9e128ad/current/log_inprogress_0
s3g_1       | 	at org.apache.hadoop.ozone.om.protocolPB.OzoneManagerProtocolClientSideTranslatorPB.completeMultipartUpload(OzoneManagerProtocolClientSideTranslatorPB.java:1130)
datanode_2  | 2019-11-08 12:45:08,779 INFO impl.RoleInfo: f9c77159-b570-4930-8c4f-12862ad94554: shutdown FollowerState
datanode_1  | 2019-11-08 12:45:03,693 INFO impl.RaftServerImpl: 4470e1ce-9086-4e92-9bba-745c202364a7@group-172C310331CA: changes role from CANDIDATE to FOLLOWER at term 1 for DISCOVERED_A_NEW_TERM
datanode_3  | 2019-11-08 12:45:03,797 INFO impl.LeaderElection: 533dbdc3-71e8-437a-bdd8-9fbbd3de8acc@group-172C310331CA-LeaderElection2: Election REJECTED; received 2 response(s) [533dbdc3-71e8-437a-bdd8-9fbbd3de8acc<-4470e1ce-9086-4e92-9bba-745c202364a7#0:FAIL-t1, 533dbdc3-71e8-437a-bdd8-9fbbd3de8acc<-f9c77159-b570-4930-8c4f-12862ad94554#0:FAIL-t1] and 0 exception(s); 533dbdc3-71e8-437a-bdd8-9fbbd3de8acc@group-172C310331CA:t1, leader=null, voted=533dbdc3-71e8-437a-bdd8-9fbbd3de8acc, raftlog=533dbdc3-71e8-437a-bdd8-9fbbd3de8acc@group-172C310331CA-SegmentedRaftLog:OPENED:c-1,f-1,i0, conf=-1: [4470e1ce-9086-4e92-9bba-745c202364a7:172.18.0.5:9858, f9c77159-b570-4930-8c4f-12862ad94554:172.18.0.6:9858, 533dbdc3-71e8-437a-bdd8-9fbbd3de8acc:172.18.0.4:9858], old=null
s3g_1       | 	at java.base/jdk.internal.reflect.NativeMethodAccessorImpl.invoke0(Native Method)
datanode_2  | 2019-11-08 12:45:08,779 INFO impl.RaftServerImpl: f9c77159-b570-4930-8c4f-12862ad94554@group-172C310331CA: changes role from  FOLLOWER to CANDIDATE at term 1 for changeToCandidate
datanode_1  | 2019-11-08 12:45:03,693 INFO impl.RoleInfo: 4470e1ce-9086-4e92-9bba-745c202364a7: shutdown LeaderElection
s3g_1       | 	at java.base/jdk.internal.reflect.NativeMethodAccessorImpl.invoke(NativeMethodAccessorImpl.java:62)
datanode_3  | 2019-11-08 12:45:03,799 INFO impl.RaftServerImpl: 533dbdc3-71e8-437a-bdd8-9fbbd3de8acc@group-172C310331CA: changes role from CANDIDATE to FOLLOWER at term 1 for DISCOVERED_A_NEW_TERM
datanode_2  | 2019-11-08 12:45:08,780 INFO impl.RoleInfo: f9c77159-b570-4930-8c4f-12862ad94554: start LeaderElection
datanode_1  | 2019-11-08 12:45:03,693 INFO impl.RoleInfo: 4470e1ce-9086-4e92-9bba-745c202364a7: start FollowerState
s3g_1       | 	at java.base/jdk.internal.reflect.DelegatingMethodAccessorImpl.invoke(DelegatingMethodAccessorImpl.java:43)
datanode_3  | 2019-11-08 12:45:03,799 INFO impl.RoleInfo: 533dbdc3-71e8-437a-bdd8-9fbbd3de8acc: shutdown LeaderElection
datanode_2  | 2019-11-08 12:45:08,813 INFO impl.LeaderElection: f9c77159-b570-4930-8c4f-12862ad94554@group-172C310331CA-LeaderElection3: begin an election at term 2 for -1: [4470e1ce-9086-4e92-9bba-745c202364a7:172.18.0.5:9858, f9c77159-b570-4930-8c4f-12862ad94554:172.18.0.6:9858, 533dbdc3-71e8-437a-bdd8-9fbbd3de8acc:172.18.0.4:9858], old=null
datanode_1  | 2019-11-08 12:45:08,839 INFO impl.RaftServerImpl: 4470e1ce-9086-4e92-9bba-745c202364a7@group-172C310331CA: changes role from  FOLLOWER to FOLLOWER at term 2 for recognizeCandidate:f9c77159-b570-4930-8c4f-12862ad94554
s3g_1       | 	at java.base/java.lang.reflect.Method.invoke(Method.java:566)
datanode_3  | 2019-11-08 12:45:03,799 INFO impl.RoleInfo: 533dbdc3-71e8-437a-bdd8-9fbbd3de8acc: start FollowerState
datanode_1  | 2019-11-08 12:45:08,840 INFO impl.RoleInfo: 4470e1ce-9086-4e92-9bba-745c202364a7: shutdown FollowerState
s3g_1       | 	at org.apache.hadoop.hdds.tracing.TraceAllMethod.invoke(TraceAllMethod.java:66)
datanode_2  | 2019-11-08 12:45:08,862 INFO impl.LeaderElection: f9c77159-b570-4930-8c4f-12862ad94554@group-172C310331CA-LeaderElection3: Election PASSED; received 1 response(s) [f9c77159-b570-4930-8c4f-12862ad94554<-4470e1ce-9086-4e92-9bba-745c202364a7#0:OK-t2] and 0 exception(s); f9c77159-b570-4930-8c4f-12862ad94554@group-172C310331CA:t2, leader=null, voted=f9c77159-b570-4930-8c4f-12862ad94554, raftlog=f9c77159-b570-4930-8c4f-12862ad94554@group-172C310331CA-SegmentedRaftLog:OPENED:c-1,f-1,i0, conf=-1: [4470e1ce-9086-4e92-9bba-745c202364a7:172.18.0.5:9858, f9c77159-b570-4930-8c4f-12862ad94554:172.18.0.6:9858, 533dbdc3-71e8-437a-bdd8-9fbbd3de8acc:172.18.0.4:9858], old=null
s3g_1       | 	at com.sun.proxy.$Proxy84.completeMultipartUpload(Unknown Source)
datanode_1  | 2019-11-08 12:45:08,840 INFO impl.RoleInfo: 4470e1ce-9086-4e92-9bba-745c202364a7: start FollowerState
datanode_3  | 2019-11-08 12:45:08,841 INFO impl.RaftServerImpl: 533dbdc3-71e8-437a-bdd8-9fbbd3de8acc@group-172C310331CA: changes role from  FOLLOWER to FOLLOWER at term 2 for recognizeCandidate:f9c77159-b570-4930-8c4f-12862ad94554
datanode_2  | 2019-11-08 12:45:08,863 INFO impl.RoleInfo: f9c77159-b570-4930-8c4f-12862ad94554: shutdown LeaderElection
s3g_1       | 	at org.apache.hadoop.ozone.client.rpc.RpcClient.completeMultipartUpload(RpcClient.java:902)
datanode_1  | 2019-11-08 12:45:08,840 INFO impl.FollowerState: 4470e1ce-9086-4e92-9bba-745c202364a7@group-172C310331CA-FollowerState was interrupted: java.lang.InterruptedException: sleep interrupted
datanode_3  | 2019-11-08 12:45:08,841 INFO impl.RoleInfo: 533dbdc3-71e8-437a-bdd8-9fbbd3de8acc: shutdown FollowerState
datanode_2  | 2019-11-08 12:45:08,863 INFO impl.RaftServerImpl: f9c77159-b570-4930-8c4f-12862ad94554@group-172C310331CA: changes role from CANDIDATE to LEADER at term 2 for changeToLeader
s3g_1       | 	at org.apache.hadoop.ozone.client.OzoneBucket.completeMultipartUpload(OzoneBucket.java:445)
datanode_1  | 2019-11-08 12:45:08,944 INFO impl.RaftServerImpl: 4470e1ce-9086-4e92-9bba-745c202364a7@group-172C310331CA: change Leader from null to f9c77159-b570-4930-8c4f-12862ad94554 at term 2 for appendEntries, leader elected after 10522ms
datanode_3  | 2019-11-08 12:45:08,842 INFO impl.FollowerState: 533dbdc3-71e8-437a-bdd8-9fbbd3de8acc@group-172C310331CA-FollowerState was interrupted: java.lang.InterruptedException: sleep interrupted
datanode_2  | 2019-11-08 12:45:08,864 INFO impl.RaftServerImpl: f9c77159-b570-4930-8c4f-12862ad94554@group-172C310331CA: change Leader from null to f9c77159-b570-4930-8c4f-12862ad94554 at term 2 for becomeLeader, leader elected after 10468ms
s3g_1       | 	at org.apache.hadoop.ozone.s3.endpoint.ObjectEndpoint.completeMultipartUpload(ObjectEndpoint.java:498)
datanode_1  | 2019-11-08 12:45:08,965 INFO impl.RaftServerImpl: 4470e1ce-9086-4e92-9bba-745c202364a7@group-172C310331CA: set configuration 0: [4470e1ce-9086-4e92-9bba-745c202364a7:172.18.0.5:9858, f9c77159-b570-4930-8c4f-12862ad94554:172.18.0.6:9858, 533dbdc3-71e8-437a-bdd8-9fbbd3de8acc:172.18.0.4:9858], old=null at 0
datanode_3  | 2019-11-08 12:45:08,842 INFO impl.RoleInfo: 533dbdc3-71e8-437a-bdd8-9fbbd3de8acc: start FollowerState
datanode_2  | 2019-11-08 12:45:08,864 INFO server.RaftServerConfigKeys: raft.server.staging.catchup.gap = 1000 (default)
datanode_1  | 2019-11-08 12:45:08,965 INFO segmented.SegmentedRaftLogWorker: 4470e1ce-9086-4e92-9bba-745c202364a7@group-172C310331CA-SegmentedRaftLogWorker: Starting segment from index:0
datanode_3  | 2019-11-08 12:45:08,943 INFO impl.RaftServerImpl: 533dbdc3-71e8-437a-bdd8-9fbbd3de8acc@group-172C310331CA: change Leader from null to f9c77159-b570-4930-8c4f-12862ad94554 at term 2 for appendEntries, leader elected after 10521ms
s3g_1       | 	at java.base/jdk.internal.reflect.NativeMethodAccessorImpl.invoke0(Native Method)
datanode_2  | 2019-11-08 12:45:08,864 INFO server.RaftServerConfigKeys: raft.server.rpc.sleep.time = 25ms (default)
datanode_1  | 2019-11-08 12:45:09,018 INFO segmented.SegmentedRaftLogWorker: 4470e1ce-9086-4e92-9bba-745c202364a7@group-172C310331CA-SegmentedRaftLogWorker: created new log segment /data/metadata/ratis/cf40d725-15e1-463a-aafb-172c310331ca/current/log_inprogress_0
s3g_1       | 	at java.base/jdk.internal.reflect.NativeMethodAccessorImpl.invoke(NativeMethodAccessorImpl.java:62)
datanode_2  | 2019-11-08 12:45:08,864 INFO server.RaftServerConfigKeys: raft.server.write.element-limit = 4096 (default)
s3g_1       | 	at java.base/jdk.internal.reflect.DelegatingMethodAccessorImpl.invoke(DelegatingMethodAccessorImpl.java:43)
s3g_1       | 	at java.base/java.lang.reflect.Method.invoke(Method.java:566)
datanode_3  | 2019-11-08 12:45:08,966 INFO impl.RaftServerImpl: 533dbdc3-71e8-437a-bdd8-9fbbd3de8acc@group-172C310331CA: set configuration 0: [4470e1ce-9086-4e92-9bba-745c202364a7:172.18.0.5:9858, f9c77159-b570-4930-8c4f-12862ad94554:172.18.0.6:9858, 533dbdc3-71e8-437a-bdd8-9fbbd3de8acc:172.18.0.4:9858], old=null at 0
s3g_1       | 	at org.glassfish.jersey.server.model.internal.ResourceMethodInvocationHandlerFactory.lambda$static$0(ResourceMethodInvocationHandlerFactory.java:76)
datanode_3  | 2019-11-08 12:45:08,966 INFO segmented.SegmentedRaftLogWorker: 533dbdc3-71e8-437a-bdd8-9fbbd3de8acc@group-172C310331CA-SegmentedRaftLogWorker: Starting segment from index:0
s3g_1       | 	at org.glassfish.jersey.server.model.internal.AbstractJavaResourceMethodDispatcher$1.run(AbstractJavaResourceMethodDispatcher.java:148)
s3g_1       | 	at org.glassfish.jersey.server.model.internal.AbstractJavaResourceMethodDispatcher.invoke(AbstractJavaResourceMethodDispatcher.java:191)
datanode_2  | 2019-11-08 12:45:08,865 INFO server.RaftServerConfigKeys: raft.server.watch.timeout = 10s (default)
datanode_3  | 2019-11-08 12:45:09,018 INFO segmented.SegmentedRaftLogWorker: 533dbdc3-71e8-437a-bdd8-9fbbd3de8acc@group-172C310331CA-SegmentedRaftLogWorker: created new log segment /data/metadata/ratis/cf40d725-15e1-463a-aafb-172c310331ca/current/log_inprogress_0
s3g_1       | 	at org.glassfish.jersey.server.model.internal.JavaResourceMethodDispatcherProvider$ResponseOutInvoker.doDispatch(JavaResourceMethodDispatcherProvider.java:200)
datanode_2  | 2019-11-08 12:45:08,865 INFO server.RaftServerConfigKeys: raft.server.watch.timeout.denomination = 1s (default)
s3g_1       | 	at org.glassfish.jersey.server.model.internal.AbstractJavaResourceMethodDispatcher.dispatch(AbstractJavaResourceMethodDispatcher.java:103)
s3g_1       | 	at org.glassfish.jersey.server.model.ResourceMethodInvoker.invoke(ResourceMethodInvoker.java:493)
datanode_2  | 2019-11-08 12:45:08,865 INFO server.RaftServerConfigKeys: raft.server.watch.element-limit = 65536 (default)
s3g_1       | 	at org.glassfish.jersey.server.model.ResourceMethodInvoker.apply(ResourceMethodInvoker.java:415)
datanode_2  | 2019-11-08 12:45:08,869 INFO server.RaftServerConfigKeys: raft.server.log.appender.snapshot.chunk.size.max = 16MB (=16777216) (default)
datanode_2  | 2019-11-08 12:45:08,869 INFO server.RaftServerConfigKeys: raft.server.log.appender.buffer.byte-limit = 33554432 (custom)
s3g_1       | 	at org.glassfish.jersey.server.model.ResourceMethodInvoker.apply(ResourceMethodInvoker.java:104)
datanode_2  | 2019-11-08 12:45:08,870 INFO server.RaftServerConfigKeys: raft.server.log.appender.buffer.element-limit = 1 (custom)
s3g_1       | 	at org.glassfish.jersey.server.ServerRuntime$1.run(ServerRuntime.java:277)
datanode_2  | 2019-11-08 12:45:08,874 INFO grpc.GrpcConfigKeys$Server: raft.grpc.server.leader.outstanding.appends.max = 128 (default)
s3g_1       | 	at org.glassfish.jersey.internal.Errors$1.call(Errors.java:272)
datanode_2  | 2019-11-08 12:45:08,875 INFO server.RaftServerConfigKeys: raft.server.rpc.request.timeout = 3000ms (default)
s3g_1       | 	at org.glassfish.jersey.internal.Errors$1.call(Errors.java:268)
datanode_2  | 2019-11-08 12:45:08,875 INFO server.RaftServerConfigKeys: raft.server.log.appender.install.snapshot.enabled = false (custom)
s3g_1       | 	at org.glassfish.jersey.internal.Errors.process(Errors.java:316)
datanode_2  | 2019-11-08 12:45:08,877 WARN impl.MetricRegistriesImpl: First MetricRegistry has been created without registering reporters. You may need to call MetricRegistries.global().addReportRegistration(...) before.
s3g_1       | 	at org.glassfish.jersey.internal.Errors.process(Errors.java:298)
datanode_2  | 2019-11-08 12:45:08,879 INFO server.RaftServerConfigKeys: raft.server.log.appender.snapshot.chunk.size.max = 16MB (=16777216) (default)
s3g_1       | 	at org.glassfish.jersey.internal.Errors.process(Errors.java:268)
datanode_2  | 2019-11-08 12:45:08,879 INFO server.RaftServerConfigKeys: raft.server.log.appender.buffer.byte-limit = 33554432 (custom)
s3g_1       | 	at org.glassfish.jersey.process.internal.RequestScope.runInScope(RequestScope.java:289)
datanode_2  | 2019-11-08 12:45:08,879 INFO server.RaftServerConfigKeys: raft.server.log.appender.buffer.element-limit = 1 (custom)
s3g_1       | 	at org.glassfish.jersey.server.ServerRuntime.process(ServerRuntime.java:256)
datanode_2  | 2019-11-08 12:45:08,880 INFO grpc.GrpcConfigKeys$Server: raft.grpc.server.leader.outstanding.appends.max = 128 (default)
s3g_1       | 	at org.glassfish.jersey.server.ApplicationHandler.handle(ApplicationHandler.java:703)
datanode_2  | 2019-11-08 12:45:08,880 INFO server.RaftServerConfigKeys: raft.server.rpc.request.timeout = 3000ms (default)
s3g_1       | 	at org.glassfish.jersey.servlet.WebComponent.serviceImpl(WebComponent.java:416)
datanode_2  | 2019-11-08 12:45:08,880 INFO server.RaftServerConfigKeys: raft.server.log.appender.install.snapshot.enabled = false (custom)
s3g_1       | 	at org.glassfish.jersey.servlet.WebComponent.service(WebComponent.java:370)
datanode_2  | 2019-11-08 12:45:08,883 INFO impl.RoleInfo: f9c77159-b570-4930-8c4f-12862ad94554: start LeaderState
s3g_1       | 	at org.glassfish.jersey.servlet.ServletContainer.service(ServletContainer.java:389)
datanode_2  | 2019-11-08 12:45:08,884 INFO segmented.SegmentedRaftLogWorker: f9c77159-b570-4930-8c4f-12862ad94554@group-172C310331CA-SegmentedRaftLogWorker: Starting segment from index:0
s3g_1       | 	at org.glassfish.jersey.servlet.ServletContainer.service(ServletContainer.java:342)
datanode_2  | 2019-11-08 12:45:08,885 INFO impl.RaftServerImpl: f9c77159-b570-4930-8c4f-12862ad94554@group-172C310331CA: set configuration 0: [4470e1ce-9086-4e92-9bba-745c202364a7:172.18.0.5:9858, f9c77159-b570-4930-8c4f-12862ad94554:172.18.0.6:9858, 533dbdc3-71e8-437a-bdd8-9fbbd3de8acc:172.18.0.4:9858], old=null at 0
s3g_1       | 	at org.glassfish.jersey.servlet.ServletContainer.service(ServletContainer.java:229)
datanode_2  | 2019-11-08 12:45:08,936 INFO segmented.SegmentedRaftLogWorker: f9c77159-b570-4930-8c4f-12862ad94554@group-172C310331CA-SegmentedRaftLogWorker: created new log segment /data/metadata/ratis/cf40d725-15e1-463a-aafb-172c310331ca/current/log_inprogress_0
s3g_1       | 	at org.eclipse.jetty.servlet.ServletHolder.handle(ServletHolder.java:840)
s3g_1       | 	at org.eclipse.jetty.servlet.ServletHandler$CachedChain.doFilter(ServletHandler.java:1780)
s3g_1       | 	at org.apache.hadoop.http.HttpServer2$QuotingInputFilter.doFilter(HttpServer2.java:1609)
s3g_1       | 	at org.eclipse.jetty.servlet.ServletHandler$CachedChain.doFilter(ServletHandler.java:1767)
s3g_1       | 	at org.apache.hadoop.http.NoCacheFilter.doFilter(NoCacheFilter.java:45)
s3g_1       | 	at org.eclipse.jetty.servlet.ServletHandler$CachedChain.doFilter(ServletHandler.java:1767)
s3g_1       | 	at org.eclipse.jetty.servlet.ServletHandler.doHandle(ServletHandler.java:583)
s3g_1       | 	at org.eclipse.jetty.server.handler.ScopedHandler.handle(ScopedHandler.java:143)
s3g_1       | 	at org.eclipse.jetty.security.SecurityHandler.handle(SecurityHandler.java:548)
s3g_1       | 	at org.eclipse.jetty.server.session.SessionHandler.doHandle(SessionHandler.java:226)
s3g_1       | 	at org.eclipse.jetty.server.handler.ContextHandler.doHandle(ContextHandler.java:1180)
s3g_1       | 	at org.eclipse.jetty.servlet.ServletHandler.doScope(ServletHandler.java:513)
s3g_1       | 	at org.eclipse.jetty.server.session.SessionHandler.doScope(SessionHandler.java:185)
s3g_1       | 	at org.eclipse.jetty.server.handler.ContextHandler.doScope(ContextHandler.java:1112)
s3g_1       | 	at org.eclipse.jetty.server.handler.ScopedHandler.handle(ScopedHandler.java:141)
s3g_1       | 	at org.eclipse.jetty.server.handler.HandlerCollection.handle(HandlerCollection.java:119)
s3g_1       | 	at org.eclipse.jetty.server.handler.HandlerWrapper.handle(HandlerWrapper.java:134)
s3g_1       | 	at org.eclipse.jetty.server.Server.handle(Server.java:539)
s3g_1       | 	at org.eclipse.jetty.server.HttpChannel.handle(HttpChannel.java:333)
s3g_1       | 	at org.eclipse.jetty.server.HttpConnection.onFillable(HttpConnection.java:251)
s3g_1       | 	at org.eclipse.jetty.io.AbstractConnection$ReadCallback.succeeded(AbstractConnection.java:283)
s3g_1       | 	at org.eclipse.jetty.io.FillInterest.fillable(FillInterest.java:108)
s3g_1       | 	at org.eclipse.jetty.io.SelectChannelEndPoint$2.run(SelectChannelEndPoint.java:93)
