datanode_2  | 2019-11-16 01:02:46,507 INFO util.JvmPauseMonitor: Starting JVM pause monitor
kdc_1       | WARNING: no policy specified for om/31f287f918f6@EXAMPLE.COM; defaulting to no policy
s3g_1       | 2019-11-16 01:10:16,724 WARN ipc.Client: Exception encountered while connecting to the server : org.apache.hadoop.ipc.RemoteException(org.apache.hadoop.security.token.SecretManager$InvalidToken): No S3 secret found for S3 identifier:OzoneToken owner=dlfknslnfslf, renewer=, realUser=, issueDate=0, maxDate=0, sequenceNumber=0, masterKeyId=0, strToSign=AWS4-HMAC-SHA256
datanode_3  | 2019-11-16 01:02:48,716 INFO ratis.XceiverServerRatis: Starting XceiverServerRatis 620c3030-0b04-4d94-b8d2-42e31623b59a at port 9858
om_1        | 2019-11-16 01:02:49,426 INFO db.DBStoreBuilder: using custom profile for table: s3SecretTable
datanode_1  | 2019-11-16 01:02:46,484 INFO util.JvmPauseMonitor: Starting JVM pause monitor
scm_1       | 2019-11-16 01:02:44,244 INFO server.AuthenticationFilter: Unable to initialize FileSignerSecretProvider, falling back to use random secrets.
datanode_2  | 2019-11-16 01:02:48,668 INFO ozoneimpl.OzoneContainer: Attempting to start container services.
kdc_1       | Principal "om/31f287f918f6@EXAMPLE.COM" created.
s3g_1       | 20191116T011016Z
datanode_3  | 2019-11-16 01:02:48,739 INFO impl.RaftServerProxy: 620c3030-0b04-4d94-b8d2-42e31623b59a: start RPC server
om_1        | 2019-11-16 01:02:49,426 INFO db.DBStoreBuilder: Using default column profile:DBProfile.DISK for Table:s3SecretTable
datanode_1  | 2019-11-16 01:02:48,714 INFO ozoneimpl.OzoneContainer: Attempting to start container services.
scm_1       | 2019-11-16 01:02:44,257 INFO http.HttpRequestLog: Http request log for http.requests.scm is not defined
kdc_1       | Authenticating as principal admin/admin with keytab /tmp/admin.keytab.
s3g_1       | 20191116/us-west-1/s3/aws4_request
datanode_3  | 2019-11-16 01:02:48,968 INFO server.GrpcService: 620c3030-0b04-4d94-b8d2-42e31623b59a: GrpcService started, listening on 0.0.0.0/0.0.0.0:9858
om_1        | 2019-11-16 01:02:49,426 INFO db.DBStoreBuilder: using custom profile for table: prefixTable
datanode_1  | 2019-11-16 01:02:48,715 INFO ozoneimpl.OzoneContainer: Background container scanner has been disabled.
scm_1       | 2019-11-16 01:02:44,264 INFO http.HttpServer2: Added global filter 'safety' (class=org.apache.hadoop.http.HttpServer2$QuotingInputFilter)
datanode_2  | 2019-11-16 01:02:48,669 INFO ozoneimpl.OzoneContainer: Background container scanner has been disabled.
kdc_1       | Entry for principal om/31f287f918f6@EXAMPLE.COM with kvno 2, encryption type aes256-cts-hmac-sha1-96 added to keytab WRFILE:/data/om.31f287f918f6.keytab.
s3g_1       | 833bf5962c1f03254634aa36368a70ac17e9827dbf02fc077b997d2b4ffcab8c, signature=05c27c57d97c5637fb92844e2308ca8603da034b1305171feffe17292c13a88b, awsAccessKeyId=dlfknslnfslf
datanode_3  | 2019-11-16 01:02:52,310 INFO impl.RaftServerProxy: 620c3030-0b04-4d94-b8d2-42e31623b59a: addNew group-5746189E17D1:[620c3030-0b04-4d94-b8d2-42e31623b59a:172.19.0.5:9858] returns group-5746189E17D1:java.util.concurrent.CompletableFuture@6dfba9cb[Not completed]
om_1        | 2019-11-16 01:02:49,426 INFO db.DBStoreBuilder: Using default column profile:DBProfile.DISK for Table:prefixTable
datanode_1  | 2019-11-16 01:02:48,715 INFO ratis.XceiverServerRatis: Starting XceiverServerRatis 86e98bb2-4c11-44f0-812c-4c50a0345266 at port 9858
scm_1       | 2019-11-16 01:02:44,266 INFO http.HttpServer2: Added filter authentication (class=org.apache.hadoop.security.authentication.server.AuthenticationFilter) to context scm
kdc_1       | Entry for principal om/31f287f918f6@EXAMPLE.COM with kvno 2, encryption type aes128-cts-hmac-sha1-96 added to keytab WRFILE:/data/om.31f287f918f6.keytab.
datanode_2  | 2019-11-16 01:02:48,669 INFO ratis.XceiverServerRatis: Starting XceiverServerRatis 4fa1ef78-60fb-459b-8559-da7eb017ede8 at port 9858
s3g_1       | 2019-11-16 01:10:16,725 INFO retry.RetryInvocationHandler: com.google.protobuf.ServiceException: org.apache.hadoop.ipc.RemoteException(org.apache.hadoop.security.token.SecretManager$InvalidToken): No S3 secret found for S3 identifier:OzoneToken owner=dlfknslnfslf, renewer=, realUser=, issueDate=0, maxDate=0, sequenceNumber=0, masterKeyId=0, strToSign=AWS4-HMAC-SHA256
datanode_3  | 2019-11-16 01:02:52,329 INFO impl.RaftServerImpl: 620c3030-0b04-4d94-b8d2-42e31623b59a: new RaftServerImpl for group-5746189E17D1:[620c3030-0b04-4d94-b8d2-42e31623b59a:172.19.0.5:9858] with ContainerStateMachine:uninitialized
om_1        | 2019-11-16 01:02:49,435 INFO db.DBStoreBuilder: using custom profile for table: default
datanode_1  | 2019-11-16 01:02:48,736 INFO impl.RaftServerProxy: 86e98bb2-4c11-44f0-812c-4c50a0345266: start RPC server
scm_1       | 2019-11-16 01:02:44,266 INFO http.HttpServer2: Added filter authentication (class=org.apache.hadoop.security.authentication.server.AuthenticationFilter) to context logs
kdc_1       | Generiting keytab
datanode_2  | 2019-11-16 01:02:48,688 INFO impl.RaftServerProxy: 4fa1ef78-60fb-459b-8559-da7eb017ede8: start RPC server
s3g_1       | 20191116T011016Z
datanode_3  | 2019-11-16 01:02:52,331 INFO server.RaftServerConfigKeys: raft.server.rpc.timeout.min = 5s (custom)
om_1        | 2019-11-16 01:02:49,435 INFO db.DBStoreBuilder: Using default column profile:DBProfile.DISK for Table:default
datanode_1  | 2019-11-16 01:02:48,912 INFO server.GrpcService: 86e98bb2-4c11-44f0-812c-4c50a0345266: GrpcService started, listening on 0.0.0.0/0.0.0.0:9858
scm_1       | 2019-11-16 01:02:44,266 INFO http.HttpServer2: Added filter authentication (class=org.apache.hadoop.security.authentication.server.AuthenticationFilter) to context static
kdc_1       | Authenticating as principal admin/admin with keytab /tmp/admin.keytab.
datanode_2  | 2019-11-16 01:02:48,809 INFO server.GrpcService: 4fa1ef78-60fb-459b-8559-da7eb017ede8: GrpcService started, listening on 0.0.0.0/0.0.0.0:9858
s3g_1       | 20191116/us-west-1/s3/aws4_request
datanode_3  | 2019-11-16 01:02:52,332 INFO server.RaftServerConfigKeys: raft.server.rpc.timeout.max = 5200ms (custom)
om_1        | 2019-11-16 01:02:49,436 INFO db.DBStoreBuilder: Using default options. DBProfile.DISK
datanode_1  | 2019-11-16 01:02:51,825 INFO impl.RaftServerProxy: 86e98bb2-4c11-44f0-812c-4c50a0345266: addNew group-4B78BA65229D:[86e98bb2-4c11-44f0-812c-4c50a0345266:172.19.0.4:9858] returns group-4B78BA65229D:java.util.concurrent.CompletableFuture@22704ba0[Not completed]
scm_1       | 2019-11-16 01:02:44,291 INFO server.StorageContainerManager: StorageContainerLocationProtocol RPC server is listening at /0.0.0.0:9860
kdc_1       | WARNING: no policy specified for scm/b830b5e61883@EXAMPLE.COM; defaulting to no policy
datanode_2  | 2019-11-16 01:02:51,324 INFO impl.RaftServerProxy: 4fa1ef78-60fb-459b-8559-da7eb017ede8: addNew group-A94E9E27E676:[4fa1ef78-60fb-459b-8559-da7eb017ede8:172.19.0.9:9858] returns group-A94E9E27E676:java.util.concurrent.CompletableFuture@57fba14e[Not completed]
s3g_1       | 833bf5962c1f03254634aa36368a70ac17e9827dbf02fc077b997d2b4ffcab8c, signature=05c27c57d97c5637fb92844e2308ca8603da034b1305171feffe17292c13a88b, awsAccessKeyId=dlfknslnfslf, while invoking $Proxy83.submitRequest over nodeId=null,nodeAddress=om:9862 after 5 failover attempts. Trying to failover immediately.
datanode_3  | 2019-11-16 01:02:52,332 INFO server.RaftServerConfigKeys: raft.server.rpcslowness.timeout = 120s (custom)
om_1        | 2019-11-16 01:02:49,942 INFO Configuration.deprecation: No unit for ozone.manager.delegation.remover.scan.interval(3600000) assuming MILLISECONDS
datanode_1  | 2019-11-16 01:02:51,841 INFO impl.RaftServerImpl: 86e98bb2-4c11-44f0-812c-4c50a0345266: new RaftServerImpl for group-4B78BA65229D:[86e98bb2-4c11-44f0-812c-4c50a0345266:172.19.0.4:9858] with ContainerStateMachine:uninitialized
scm_1       | 2019-11-16 01:02:44,354 INFO impl.MetricsConfig: Loaded properties from hadoop-metrics2.properties
kdc_1       | Principal "scm/b830b5e61883@EXAMPLE.COM" created.
datanode_2  | 2019-11-16 01:02:51,340 INFO impl.RaftServerImpl: 4fa1ef78-60fb-459b-8559-da7eb017ede8: new RaftServerImpl for group-A94E9E27E676:[4fa1ef78-60fb-459b-8559-da7eb017ede8:172.19.0.9:9858] with ContainerStateMachine:uninitialized
s3g_1       | 2019-11-16 01:10:16,732 WARN ipc.Client: Exception encountered while connecting to the server : org.apache.hadoop.ipc.RemoteException(org.apache.hadoop.security.token.SecretManager$InvalidToken): No S3 secret found for S3 identifier:OzoneToken owner=dlfknslnfslf, renewer=, realUser=, issueDate=0, maxDate=0, sequenceNumber=0, masterKeyId=0, strToSign=AWS4-HMAC-SHA256
datanode_3  | 2019-11-16 01:02:52,333 INFO server.RaftServerConfigKeys: raft.server.sleep.deviation.threshold = 300 (default)
om_1        | 2019-11-16 01:02:49,944 INFO security.OzoneSecretStore: Loaded 0 tokens
datanode_1  | 2019-11-16 01:02:51,843 INFO server.RaftServerConfigKeys: raft.server.rpc.timeout.min = 5s (custom)
scm_1       | 2019-11-16 01:02:44,396 INFO impl.MetricsSystemImpl: Scheduled Metric snapshot period at 10 second(s).
kdc_1       | Authenticating as principal admin/admin with keytab /tmp/admin.keytab.
datanode_2  | 2019-11-16 01:02:51,341 INFO server.RaftServerConfigKeys: raft.server.rpc.timeout.min = 5s (custom)
s3g_1       | 20191116T011016Z
datanode_3  | 2019-11-16 01:02:52,333 INFO server.RaftServerConfigKeys: raft.server.log.appender.install.snapshot.enabled = false (custom)
om_1        | 2019-11-16 01:02:49,944 INFO security.OzoneDelegationTokenSecretManager: Loading token state into token manager.
datanode_1  | 2019-11-16 01:02:51,843 INFO server.RaftServerConfigKeys: raft.server.rpc.timeout.max = 5200ms (custom)
scm_1       | 2019-11-16 01:02:44,396 INFO impl.MetricsSystemImpl: StorageContainerManager metrics system started
datanode_2  | 2019-11-16 01:02:51,342 INFO server.RaftServerConfigKeys: raft.server.rpc.timeout.max = 5200ms (custom)
kdc_1       | Entry for principal scm/b830b5e61883@EXAMPLE.COM with kvno 2, encryption type aes256-cts-hmac-sha1-96 added to keytab WRFILE:/data/scm.b830b5e61883.keytab.
s3g_1       | 20191116/us-west-1/s3/aws4_request
datanode_3  | 2019-11-16 01:02:52,341 INFO impl.RaftServerImpl: 620c3030-0b04-4d94-b8d2-42e31623b59a@group-5746189E17D1: ConfigurationManager, init=-1: [620c3030-0b04-4d94-b8d2-42e31623b59a:172.19.0.5:9858], old=null, confs=<EMPTY_MAP>
om_1        | 2019-11-16 01:02:49,984 INFO ipc.CallQueueManager: Using callQueue: class java.util.concurrent.LinkedBlockingQueue, queueCapacity: 2000, scheduler: class org.apache.hadoop.ipc.DefaultRpcScheduler, ipcBackoff: false.
datanode_1  | 2019-11-16 01:02:51,843 INFO server.RaftServerConfigKeys: raft.server.rpcslowness.timeout = 120s (custom)
scm_1       | 2019-11-16 01:02:44,588 INFO server.SCMClientProtocolServer: RPC server for Client  is listening at /0.0.0.0:9860
datanode_2  | 2019-11-16 01:02:51,342 INFO server.RaftServerConfigKeys: raft.server.rpcslowness.timeout = 120s (custom)
kdc_1       | Entry for principal scm/b830b5e61883@EXAMPLE.COM with kvno 2, encryption type aes128-cts-hmac-sha1-96 added to keytab WRFILE:/data/scm.b830b5e61883.keytab.
s3g_1       | 833bf5962c1f03254634aa36368a70ac17e9827dbf02fc077b997d2b4ffcab8c, signature=05c27c57d97c5637fb92844e2308ca8603da034b1305171feffe17292c13a88b, awsAccessKeyId=dlfknslnfslf
datanode_3  | 2019-11-16 01:02:52,342 INFO server.RaftServerConfigKeys: raft.server.storage.dir = [/data/metadata/ratis] (custom)
om_1        | 2019-11-16 01:02:49,995 INFO ipc.Server: Starting Socket Reader #1 for port 9862
datanode_1  | 2019-11-16 01:02:51,844 INFO server.RaftServerConfigKeys: raft.server.sleep.deviation.threshold = 300 (default)
scm_1       | 2019-11-16 01:02:44,589 INFO ipc.Server: IPC Server Responder: starting
datanode_2  | 2019-11-16 01:02:51,343 INFO server.RaftServerConfigKeys: raft.server.sleep.deviation.threshold = 300 (default)
kdc_1       | Generiting keytab
s3g_1       | 2019-11-16 01:10:16,732 INFO retry.RetryInvocationHandler: com.google.protobuf.ServiceException: org.apache.hadoop.ipc.RemoteException(org.apache.hadoop.security.token.SecretManager$InvalidToken): No S3 secret found for S3 identifier:OzoneToken owner=dlfknslnfslf, renewer=, realUser=, issueDate=0, maxDate=0, sequenceNumber=0, masterKeyId=0, strToSign=AWS4-HMAC-SHA256
datanode_3  | 2019-11-16 01:02:52,348 INFO server.RaftServerConfigKeys: raft.server.log.corruption.policy = EXCEPTION (default)
om_1        | 2019-11-16 01:02:50,074 INFO om.OzoneManager: OzoneManager RPC server is listening at om/172.19.0.8:9862
datanode_1  | 2019-11-16 01:02:51,845 INFO server.RaftServerConfigKeys: raft.server.log.appender.install.snapshot.enabled = false (custom)
scm_1       | 2019-11-16 01:02:44,589 INFO ipc.Server: IPC Server listener on 9860: starting
datanode_2  | 2019-11-16 01:02:51,343 INFO server.RaftServerConfigKeys: raft.server.log.appender.install.snapshot.enabled = false (custom)
kdc_1       | Authenticating as principal admin/admin with keytab /tmp/admin.keytab.
s3g_1       | 20191116T011016Z
datanode_3  | 2019-11-16 01:02:52,349 INFO storage.RaftStorageDirectory: The storage directory /data/metadata/ratis/1292a39c-036b-458f-bc42-5746189e17d1 does not exist. Creating ...
om_1        | 2019-11-16 01:02:50,157 INFO impl.MetricsConfig: Loaded properties from hadoop-metrics2.properties
datanode_1  | 2019-11-16 01:02:51,853 INFO impl.RaftServerImpl: 86e98bb2-4c11-44f0-812c-4c50a0345266@group-4B78BA65229D: ConfigurationManager, init=-1: [86e98bb2-4c11-44f0-812c-4c50a0345266:172.19.0.4:9858], old=null, confs=<EMPTY_MAP>
scm_1       | 2019-11-16 01:02:44,592 INFO server.StorageContainerManager: ScmBlockLocationProtocol RPC server is listening at /0.0.0.0:9863
datanode_2  | 2019-11-16 01:02:51,349 INFO impl.RaftServerImpl: 4fa1ef78-60fb-459b-8559-da7eb017ede8@group-A94E9E27E676: ConfigurationManager, init=-1: [4fa1ef78-60fb-459b-8559-da7eb017ede8:172.19.0.9:9858], old=null, confs=<EMPTY_MAP>
kdc_1       | WARNING: no policy specified for dn/c3eaf4c808d4@EXAMPLE.COM; defaulting to no policy
datanode_3  | 2019-11-16 01:02:52,383 INFO storage.RaftStorageDirectory: Lock on /data/metadata/ratis/1292a39c-036b-458f-bc42-5746189e17d1/in_use.lock acquired by nodename 7@31f287f918f6
om_1        | 2019-11-16 01:02:50,221 INFO impl.MetricsSystemImpl: Scheduled Metric snapshot period at 10 second(s).
datanode_1  | 2019-11-16 01:02:51,854 INFO server.RaftServerConfigKeys: raft.server.storage.dir = [/data/metadata/ratis] (custom)
s3g_1       | 20191116/us-west-1/s3/aws4_request
datanode_2  | 2019-11-16 01:02:51,349 INFO server.RaftServerConfigKeys: raft.server.storage.dir = [/data/metadata/ratis] (custom)
kdc_1       | Principal "dn/c3eaf4c808d4@EXAMPLE.COM" created.
scm_1       | 2019-11-16 01:02:44,592 INFO server.SCMBlockProtocolServer: RPC server for Block Protocol is listening at /0.0.0.0:9863
datanode_3  | 2019-11-16 01:02:52,399 INFO storage.RaftStorage: Storage directory /data/metadata/ratis/1292a39c-036b-458f-bc42-5746189e17d1 has been successfully formatted.
om_1        | 2019-11-16 01:02:50,221 INFO impl.MetricsSystemImpl: OzoneManager metrics system started
datanode_1  | 2019-11-16 01:02:51,860 INFO server.RaftServerConfigKeys: raft.server.log.corruption.policy = EXCEPTION (default)
s3g_1       | 833bf5962c1f03254634aa36368a70ac17e9827dbf02fc077b997d2b4ffcab8c, signature=05c27c57d97c5637fb92844e2308ca8603da034b1305171feffe17292c13a88b, awsAccessKeyId=dlfknslnfslf, while invoking $Proxy83.submitRequest over nodeId=null,nodeAddress=om:9862 after 6 failover attempts. Trying to failover immediately.
datanode_2  | 2019-11-16 01:02:51,353 INFO server.RaftServerConfigKeys: raft.server.log.corruption.policy = EXCEPTION (default)
scm_1       | 2019-11-16 01:02:44,593 INFO ipc.Server: IPC Server Responder: starting
datanode_3  | 2019-11-16 01:02:52,402 INFO ratis.ContainerStateMachine: group-5746189E17D1: The snapshot info is null. Setting the last applied indexto:(t:0, i:~)
kdc_1       | Authenticating as principal admin/admin with keytab /tmp/admin.keytab.
om_1        | 2019-11-16 01:02:50,251 INFO om.OzoneManager: Reading keypair and certificate from file system.
s3g_1       | 2019-11-16 01:10:16,737 WARN ipc.Client: Exception encountered while connecting to the server : org.apache.hadoop.ipc.RemoteException(org.apache.hadoop.security.token.SecretManager$InvalidToken): No S3 secret found for S3 identifier:OzoneToken owner=dlfknslnfslf, renewer=, realUser=, issueDate=0, maxDate=0, sequenceNumber=0, masterKeyId=0, strToSign=AWS4-HMAC-SHA256
datanode_2  | 2019-11-16 01:02:51,355 INFO storage.RaftStorageDirectory: The storage directory /data/metadata/ratis/4fe7ecf9-bb50-422a-ba1b-a94e9e27e676 does not exist. Creating ...
datanode_1  | 2019-11-16 01:02:51,861 INFO storage.RaftStorageDirectory: The storage directory /data/metadata/ratis/a82f1faf-303b-4035-9109-4b78ba65229d does not exist. Creating ...
scm_1       | 2019-11-16 01:02:44,593 INFO ipc.Server: IPC Server listener on 9863: starting
datanode_3  | 2019-11-16 01:02:52,403 INFO server.RaftServerConfigKeys: raft.server.notification.no-leader.timeout = 120s (custom)
kdc_1       | Entry for principal dn/c3eaf4c808d4@EXAMPLE.COM with kvno 2, encryption type aes256-cts-hmac-sha1-96 added to keytab WRFILE:/data/dn.c3eaf4c808d4.keytab.
om_1        | 2019-11-16 01:02:50,263 INFO om.OzoneManager: Starting OM block token secret manager
s3g_1       | 20191116T011016Z
datanode_2  | 2019-11-16 01:02:51,398 INFO storage.RaftStorageDirectory: Lock on /data/metadata/ratis/4fe7ecf9-bb50-422a-ba1b-a94e9e27e676/in_use.lock acquired by nodename 7@a02ecda56632
datanode_1  | 2019-11-16 01:02:51,891 INFO storage.RaftStorageDirectory: Lock on /data/metadata/ratis/a82f1faf-303b-4035-9109-4b78ba65229d/in_use.lock acquired by nodename 7@b830b5e61883
scm_1       | 2019-11-16 01:02:44,596 INFO server.StorageContainerManager: ScmDatanodeProtocl RPC server is listening at /0.0.0.0:9861
datanode_3  | 2019-11-16 01:02:52,406 INFO server.RaftServerConfigKeys: raft.server.log.use.memory = false (default)
om_1        | 2019-11-16 01:02:50,263 INFO security.OzoneBlockTokenSecretManager: Updating the current master key for generating tokens
kdc_1       | Entry for principal dn/c3eaf4c808d4@EXAMPLE.COM with kvno 2, encryption type aes128-cts-hmac-sha1-96 added to keytab WRFILE:/data/dn.c3eaf4c808d4.keytab.
s3g_1       | 20191116/us-west-1/s3/aws4_request
datanode_2  | 2019-11-16 01:02:51,421 INFO storage.RaftStorage: Storage directory /data/metadata/ratis/4fe7ecf9-bb50-422a-ba1b-a94e9e27e676 has been successfully formatted.
datanode_1  | 2019-11-16 01:02:51,916 INFO storage.RaftStorage: Storage directory /data/metadata/ratis/a82f1faf-303b-4035-9109-4b78ba65229d has been successfully formatted.
scm_1       | 2019-11-16 01:02:44,596 INFO server.SCMDatanodeProtocolServer: RPC server for DataNodes is listening at /0.0.0.0:9861
om_1        | 2019-11-16 01:02:50,264 INFO om.OzoneManager: Starting OM delegation token secret manager
kdc_1       | Generiting keytab
datanode_3  | 2019-11-16 01:02:52,413 INFO server.RaftServerConfigKeys: raft.server.log.purge.gap = 1000000 (custom)
s3g_1       | 833bf5962c1f03254634aa36368a70ac17e9827dbf02fc077b997d2b4ffcab8c, signature=05c27c57d97c5637fb92844e2308ca8603da034b1305171feffe17292c13a88b, awsAccessKeyId=dlfknslnfslf
datanode_2  | 2019-11-16 01:02:51,424 INFO ratis.ContainerStateMachine: group-A94E9E27E676: The snapshot info is null. Setting the last applied indexto:(t:0, i:~)
scm_1       | 2019-11-16 01:02:44,597 INFO ipc.Server: IPC Server Responder: starting
datanode_1  | 2019-11-16 01:02:51,919 INFO ratis.ContainerStateMachine: group-4B78BA65229D: The snapshot info is null. Setting the last applied indexto:(t:0, i:~)
om_1        | 2019-11-16 01:02:50,264 INFO security.OzoneDelegationTokenSecretManager: Updating the current master key for generating tokens
kdc_1       | Authenticating as principal admin/admin with keytab /tmp/admin.keytab.
datanode_3  | 2019-11-16 01:02:52,413 INFO server.RaftServerConfigKeys: raft.server.log.appender.buffer.byte-limit = 33554432 (custom)
s3g_1       | 2019-11-16 01:10:16,738 INFO retry.RetryInvocationHandler: com.google.protobuf.ServiceException: org.apache.hadoop.ipc.RemoteException(org.apache.hadoop.security.token.SecretManager$InvalidToken): No S3 secret found for S3 identifier:OzoneToken owner=dlfknslnfslf, renewer=, realUser=, issueDate=0, maxDate=0, sequenceNumber=0, masterKeyId=0, strToSign=AWS4-HMAC-SHA256
datanode_2  | 2019-11-16 01:02:51,424 INFO server.RaftServerConfigKeys: raft.server.notification.no-leader.timeout = 120s (custom)
scm_1       | 2019-11-16 01:02:44,597 INFO ipc.Server: IPC Server listener on 9861: starting
datanode_1  | 2019-11-16 01:02:51,919 INFO server.RaftServerConfigKeys: raft.server.notification.no-leader.timeout = 120s (custom)
om_1        | 2019-11-16 01:02:50,265 INFO security.OzoneDelegationTokenSecretManager: Starting expired delegation token remover thread, tokenRemoverScanInterval=60 min(s)
kdc_1       | WARNING: no policy specified for dn/a02ecda56632@EXAMPLE.COM; defaulting to no policy
s3g_1       | 20191116T011016Z
datanode_2  | 2019-11-16 01:02:51,427 INFO server.RaftServerConfigKeys: raft.server.log.use.memory = false (default)
datanode_3  | 2019-11-16 01:02:52,416 INFO server.RaftServerConfigKeys: raft.server.log.segment.size.max = 1048576 (custom)
datanode_1  | 2019-11-16 01:02:51,921 INFO server.RaftServerConfigKeys: raft.server.log.use.memory = false (default)
scm_1       | 2019-11-16 01:02:44,600 INFO server.SCMClientProtocolServer: Starting RPC server for SCMSecurityProtocolServer. is listening at /0.0.0.0:9961
om_1        | 2019-11-16 01:02:50,282 INFO ipc.Server: IPC Server Responder: starting
kdc_1       | Principal "dn/a02ecda56632@EXAMPLE.COM" created.
s3g_1       | 20191116/us-west-1/s3/aws4_request
datanode_2  | 2019-11-16 01:02:51,432 INFO server.RaftServerConfigKeys: raft.server.log.purge.gap = 1000000 (custom)
datanode_3  | 2019-11-16 01:02:52,425 INFO metrics.MetricRegistries: Loaded MetricRegistries class org.apache.ratis.metrics.impl.MetricRegistriesImpl
datanode_1  | 2019-11-16 01:02:51,926 INFO server.RaftServerConfigKeys: raft.server.log.purge.gap = 1000000 (custom)
scm_1       | 2019-11-16 01:02:44,601 INFO ipc.Server: IPC Server Responder: starting
om_1        | 2019-11-16 01:02:50,282 INFO ipc.Server: IPC Server listener on 9862: starting
kdc_1       | Authenticating as principal admin/admin with keytab /tmp/admin.keytab.
s3g_1       | 833bf5962c1f03254634aa36368a70ac17e9827dbf02fc077b997d2b4ffcab8c, signature=05c27c57d97c5637fb92844e2308ca8603da034b1305171feffe17292c13a88b, awsAccessKeyId=dlfknslnfslf, while invoking $Proxy83.submitRequest over nodeId=null,nodeAddress=om:9862 after 7 failover attempts. Trying to failover immediately.
datanode_2  | 2019-11-16 01:02:51,432 INFO server.RaftServerConfigKeys: raft.server.log.appender.buffer.byte-limit = 33554432 (custom)
datanode_3  | 2019-11-16 01:02:52,430 WARN impl.MetricRegistriesImpl: First MetricRegistry has been created without registering reporters. You may need to call MetricRegistries.global().addReportRegistration(...) before.
datanode_1  | 2019-11-16 01:02:51,926 INFO server.RaftServerConfigKeys: raft.server.log.appender.buffer.byte-limit = 33554432 (custom)
scm_1       | 2019-11-16 01:02:44,601 INFO ipc.Server: IPC Server listener on 9961: starting
om_1        | 2019-11-16 01:02:50,308 INFO hdfs.DFSUtil: Starting web server as: HTTP/om@EXAMPLE.COM
kdc_1       | Entry for principal dn/a02ecda56632@EXAMPLE.COM with kvno 2, encryption type aes256-cts-hmac-sha1-96 added to keytab WRFILE:/data/dn.a02ecda56632.keytab.
datanode_3  | 2019-11-16 01:02:52,437 INFO server.RaftServerConfigKeys: raft.server.log.segment.cache.num.max = 2 (custom)
datanode_1  | 2019-11-16 01:02:51,928 INFO server.RaftServerConfigKeys: raft.server.log.segment.size.max = 1048576 (custom)
s3g_1       | 2019-11-16 01:10:16,743 WARN ipc.Client: Exception encountered while connecting to the server : org.apache.hadoop.ipc.RemoteException(org.apache.hadoop.security.token.SecretManager$InvalidToken): No S3 secret found for S3 identifier:OzoneToken owner=dlfknslnfslf, renewer=, realUser=, issueDate=0, maxDate=0, sequenceNumber=0, masterKeyId=0, strToSign=AWS4-HMAC-SHA256
scm_1       | 2019-11-16 01:02:44,605 INFO http.HttpServer2: Jetty bound to port 9876
datanode_2  | 2019-11-16 01:02:51,434 INFO server.RaftServerConfigKeys: raft.server.log.segment.size.max = 1048576 (custom)
om_1        | 2019-11-16 01:02:50,308 INFO hdfs.DFSUtil: Starting Web-server for ozoneManager at: http://0.0.0.0:9874
kdc_1       | Entry for principal dn/a02ecda56632@EXAMPLE.COM with kvno 2, encryption type aes128-cts-hmac-sha1-96 added to keytab WRFILE:/data/dn.a02ecda56632.keytab.
datanode_3  | 2019-11-16 01:02:52,443 INFO segmented.SegmentedRaftLogWorker: new 620c3030-0b04-4d94-b8d2-42e31623b59a@group-5746189E17D1-SegmentedRaftLogWorker for RaftStorage:Storage Directory /data/metadata/ratis/1292a39c-036b-458f-bc42-5746189e17d1
datanode_1  | 2019-11-16 01:02:51,936 INFO metrics.MetricRegistries: Loaded MetricRegistries class org.apache.ratis.metrics.impl.MetricRegistriesImpl
s3g_1       | 20191116T011016Z
scm_1       | 2019-11-16 01:02:44,607 INFO server.Server: jetty-9.3.25.v20180904, build timestamp: 2018-09-04T21:11:46Z, git hash: 3ce520221d0240229c862b122d2b06c12a625732
datanode_2  | 2019-11-16 01:02:51,441 INFO metrics.MetricRegistries: Loaded MetricRegistries class org.apache.ratis.metrics.impl.MetricRegistriesImpl
om_1        | 2019-11-16 01:02:50,410 INFO server.AuthenticationFilter: Unable to initialize FileSignerSecretProvider, falling back to use random secrets.
kdc_1       | Generiting keytab
datanode_3  | 2019-11-16 01:02:52,443 INFO server.RaftServerConfigKeys: raft.server.log.queue.byte-limit = 2147483647 (custom)
datanode_1  | 2019-11-16 01:02:51,941 WARN impl.MetricRegistriesImpl: First MetricRegistry has been created without registering reporters. You may need to call MetricRegistries.global().addReportRegistration(...) before.
s3g_1       | 20191116/us-west-1/s3/aws4_request
scm_1       | 2019-11-16 01:02:44,665 INFO server.AuthenticationFilter: Unable to initialize FileSignerSecretProvider, falling back to use random secrets.
datanode_2  | 2019-11-16 01:02:51,445 WARN impl.MetricRegistriesImpl: First MetricRegistry has been created without registering reporters. You may need to call MetricRegistries.global().addReportRegistration(...) before.
om_1        | 2019-11-16 01:02:50,414 INFO http.HttpRequestLog: Http request log for http.requests.ozoneManager is not defined
kdc_1       | Authenticating as principal admin/admin with keytab /tmp/admin.keytab.
datanode_1  | 2019-11-16 01:02:51,948 INFO server.RaftServerConfigKeys: raft.server.log.segment.cache.num.max = 2 (custom)
datanode_3  | 2019-11-16 01:02:52,444 INFO server.RaftServerConfigKeys: raft.server.log.queue.element-limit = 1024 (custom)
s3g_1       | 833bf5962c1f03254634aa36368a70ac17e9827dbf02fc077b997d2b4ffcab8c, signature=05c27c57d97c5637fb92844e2308ca8603da034b1305171feffe17292c13a88b, awsAccessKeyId=dlfknslnfslf
scm_1       | 2019-11-16 01:02:44,666 INFO server.KerberosAuthenticationHandler: Using keytab /etc/security/keytabs/HTTP.keytab, for principal HTTP/scm@EXAMPLE.COM
datanode_2  | 2019-11-16 01:02:51,450 INFO server.RaftServerConfigKeys: raft.server.log.segment.cache.num.max = 2 (custom)
datanode_1  | 2019-11-16 01:02:51,954 INFO segmented.SegmentedRaftLogWorker: new 86e98bb2-4c11-44f0-812c-4c50a0345266@group-4B78BA65229D-SegmentedRaftLogWorker for RaftStorage:Storage Directory /data/metadata/ratis/a82f1faf-303b-4035-9109-4b78ba65229d
kdc_1       | WARNING: no policy specified for scm/scm@EXAMPLE.COM; defaulting to no policy
om_1        | 2019-11-16 01:02:50,420 INFO http.HttpServer2: Added global filter 'safety' (class=org.apache.hadoop.http.HttpServer2$QuotingInputFilter)
datanode_3  | 2019-11-16 01:02:52,445 INFO server.RaftServerConfigKeys: raft.server.log.segment.size.max = 1048576 (custom)
s3g_1       | 2019-11-16 01:10:16,743 INFO retry.RetryInvocationHandler: com.google.protobuf.ServiceException: org.apache.hadoop.ipc.RemoteException(org.apache.hadoop.security.token.SecretManager$InvalidToken): No S3 secret found for S3 identifier:OzoneToken owner=dlfknslnfslf, renewer=, realUser=, issueDate=0, maxDate=0, sequenceNumber=0, masterKeyId=0, strToSign=AWS4-HMAC-SHA256
scm_1       | 2019-11-16 01:02:44,672 INFO handler.ContextHandler: Started o.e.j.s.ServletContextHandler@55651434{/logs,file:///var/log/hadoop/,AVAILABLE}
datanode_1  | 2019-11-16 01:02:51,955 INFO server.RaftServerConfigKeys: raft.server.log.queue.byte-limit = 2147483647 (custom)
datanode_2  | 2019-11-16 01:02:51,455 INFO segmented.SegmentedRaftLogWorker: new 4fa1ef78-60fb-459b-8559-da7eb017ede8@group-A94E9E27E676-SegmentedRaftLogWorker for RaftStorage:Storage Directory /data/metadata/ratis/4fe7ecf9-bb50-422a-ba1b-a94e9e27e676
kdc_1       | Principal "scm/scm@EXAMPLE.COM" created.
datanode_3  | 2019-11-16 01:02:52,446 INFO server.RaftServerConfigKeys: raft.server.log.preallocated.size = 16384 (custom)
scm_1       | 2019-11-16 01:02:44,673 INFO handler.ContextHandler: Started o.e.j.s.ServletContextHandler@30b975ad{/static,jar:file:/opt/hadoop/share/ozone/lib/hadoop-hdds-server-scm-0.5.0-SNAPSHOT.jar!/webapps/static,AVAILABLE}
s3g_1       | 20191116T011016Z
datanode_1  | 2019-11-16 01:02:51,955 INFO server.RaftServerConfigKeys: raft.server.log.queue.element-limit = 1024 (custom)
datanode_2  | 2019-11-16 01:02:51,455 INFO server.RaftServerConfigKeys: raft.server.log.queue.byte-limit = 2147483647 (custom)
om_1        | 2019-11-16 01:02:50,422 INFO http.HttpServer2: Added filter authentication (class=org.apache.hadoop.security.authentication.server.AuthenticationFilter) to context ozoneManager
kdc_1       | Authenticating as principal admin/admin with keytab /tmp/admin.keytab.
datanode_3  | 2019-11-16 01:02:52,446 INFO server.RaftServerConfigKeys: raft.server.log.write.buffer.size = 33554432 (custom)
s3g_1       | 20191116/us-west-1/s3/aws4_request
scm_1       | 2019-11-16 01:02:44,772 INFO server.KerberosAuthenticationHandler: Using keytab /etc/security/keytabs/HTTP.keytab, for principal HTTP/scm@EXAMPLE.COM
datanode_1  | 2019-11-16 01:02:51,957 INFO server.RaftServerConfigKeys: raft.server.log.segment.size.max = 1048576 (custom)
datanode_2  | 2019-11-16 01:02:51,456 INFO server.RaftServerConfigKeys: raft.server.log.queue.element-limit = 1024 (custom)
om_1        | 2019-11-16 01:02:50,422 INFO http.HttpServer2: Added filter authentication (class=org.apache.hadoop.security.authentication.server.AuthenticationFilter) to context logs
kdc_1       | Entry for principal scm/scm@EXAMPLE.COM with kvno 2, encryption type aes256-cts-hmac-sha1-96 added to keytab WRFILE:/data/scm.scm.keytab.
datanode_3  | 2019-11-16 01:02:52,447 INFO server.RaftServerConfigKeys: raft.server.log.force.sync.num = 128 (default)
s3g_1       | 833bf5962c1f03254634aa36368a70ac17e9827dbf02fc077b997d2b4ffcab8c, signature=05c27c57d97c5637fb92844e2308ca8603da034b1305171feffe17292c13a88b, awsAccessKeyId=dlfknslnfslf, while invoking $Proxy83.submitRequest over nodeId=null,nodeAddress=om:9862 after 8 failover attempts. Trying to failover immediately.
scm_1       | 2019-11-16 01:02:44,777 INFO handler.ContextHandler: Started o.e.j.w.WebAppContext@64bebd55{/,file:///tmp/jetty-0.0.0.0-9876-scm-_-any-8329223046817287337.dir/webapp/,AVAILABLE}{/scm}
datanode_2  | 2019-11-16 01:02:51,457 INFO server.RaftServerConfigKeys: raft.server.log.segment.size.max = 1048576 (custom)
om_1        | 2019-11-16 01:02:50,423 INFO http.HttpServer2: Added filter authentication (class=org.apache.hadoop.security.authentication.server.AuthenticationFilter) to context static
datanode_1  | 2019-11-16 01:02:51,957 INFO server.RaftServerConfigKeys: raft.server.log.preallocated.size = 16384 (custom)
datanode_3  | 2019-11-16 01:02:52,448 INFO server.RaftServerConfigKeys: raft.server.log.statemachine.data.sync = true (default)
s3g_1       | 2019-11-16 01:10:16,749 WARN ipc.Client: Exception encountered while connecting to the server : org.apache.hadoop.ipc.RemoteException(org.apache.hadoop.security.token.SecretManager$InvalidToken): No S3 secret found for S3 identifier:OzoneToken owner=dlfknslnfslf, renewer=, realUser=, issueDate=0, maxDate=0, sequenceNumber=0, masterKeyId=0, strToSign=AWS4-HMAC-SHA256
scm_1       | 2019-11-16 01:02:44,782 INFO ipc.Server: Auth successful for om/om@EXAMPLE.COM (auth:KERBEROS)
kdc_1       | Entry for principal scm/scm@EXAMPLE.COM with kvno 2, encryption type aes128-cts-hmac-sha1-96 added to keytab WRFILE:/data/scm.scm.keytab.
om_1        | 2019-11-16 01:02:50,442 INFO http.HttpServer2: Jetty bound to port 9874
datanode_1  | 2019-11-16 01:02:51,958 INFO server.RaftServerConfigKeys: raft.server.log.write.buffer.size = 33554432 (custom)
datanode_3  | 2019-11-16 01:02:52,448 INFO server.RaftServerConfigKeys: raft.server.log.statemachine.data.sync.timeout = 10s (default)
datanode_2  | 2019-11-16 01:02:51,457 INFO server.RaftServerConfigKeys: raft.server.log.preallocated.size = 16384 (custom)
s3g_1       | 20191116T011016Z
scm_1       | 2019-11-16 01:02:44,783 INFO server.AbstractConnector: Started ServerConnector@27fe059d{HTTP/1.1,[http/1.1]}{0.0.0.0:9876}
kdc_1       | Nov 16 01:02:32 kdc krb5kdc[9](info): AS_REQ (8 etypes {18 17 20 19 16 23 25 26}) 127.0.0.1: SERVER_NOT_FOUND: admin/admin@EXAMPLE.COM for kadmin/localhost@EXAMPLE.COM, Server not found in Kerberos database
om_1        | 2019-11-16 01:02:50,443 INFO server.Server: jetty-9.3.25.v20180904, build timestamp: 2018-09-04T21:11:46Z, git hash: 3ce520221d0240229c862b122d2b06c12a625732
datanode_1  | 2019-11-16 01:02:51,958 INFO server.RaftServerConfigKeys: raft.server.log.force.sync.num = 128 (default)
datanode_3  | 2019-11-16 01:02:52,448 INFO server.RaftServerConfigKeys: raft.server.log.statemachine.data.sync.timeout.retry = -1 (default)
datanode_2  | 2019-11-16 01:02:51,457 INFO server.RaftServerConfigKeys: raft.server.log.write.buffer.size = 33554432 (custom)
s3g_1       | 20191116/us-west-1/s3/aws4_request
scm_1       | 2019-11-16 01:02:44,783 INFO server.Server: Started @4796ms
kdc_1       | Nov 16 01:02:32 kdc krb5kdc[9](info): AS_REQ (8 etypes {18 17 20 19 16 23 25 26}) 127.0.0.1: ISSUE: authtime 1573866152, etypes {rep=18 tkt=18 ses=18}, admin/admin@EXAMPLE.COM for kadmin/admin@EXAMPLE.COM
om_1        | 2019-11-16 01:02:50,480 INFO server.AuthenticationFilter: Unable to initialize FileSignerSecretProvider, falling back to use random secrets.
datanode_1  | 2019-11-16 01:02:51,959 INFO server.RaftServerConfigKeys: raft.server.log.statemachine.data.sync = true (default)
datanode_3  | 2019-11-16 01:02:52,458 INFO server.RaftServerConfigKeys: raft.server.log.statemachine.data.caching.enabled = true (custom)
datanode_2  | 2019-11-16 01:02:51,458 INFO server.RaftServerConfigKeys: raft.server.log.force.sync.num = 128 (default)
s3g_1       | 833bf5962c1f03254634aa36368a70ac17e9827dbf02fc077b997d2b4ffcab8c, signature=05c27c57d97c5637fb92844e2308ca8603da034b1305171feffe17292c13a88b, awsAccessKeyId=dlfknslnfslf
scm_1       | 2019-11-16 01:02:44,785 INFO impl.MetricsSinkAdapter: Sink prometheus started
kdc_1       | Nov 16 01:02:32 kdc krb5kdc[9](info): AS_REQ (8 etypes {18 17 20 19 16 23 25 26}) 127.0.0.1: SERVER_NOT_FOUND: admin/admin@EXAMPLE.COM for kadmin/localhost@EXAMPLE.COM, Server not found in Kerberos database
om_1        | 2019-11-16 01:02:50,483 INFO server.KerberosAuthenticationHandler: Using keytab /etc/security/keytabs/HTTP.keytab, for principal HTTP/om@EXAMPLE.COM
datanode_1  | 2019-11-16 01:02:51,959 INFO server.RaftServerConfigKeys: raft.server.log.statemachine.data.sync.timeout = 10s (default)
datanode_3  | 2019-11-16 01:02:52,463 INFO segmented.SegmentedRaftLogWorker: 620c3030-0b04-4d94-b8d2-42e31623b59a@group-5746189E17D1-SegmentedRaftLogWorker: flushIndex: setUnconditionally 0 -> -1
datanode_2  | 2019-11-16 01:02:51,458 INFO server.RaftServerConfigKeys: raft.server.log.statemachine.data.sync = true (default)
s3g_1       | 2019-11-16 01:10:16,749 INFO retry.RetryInvocationHandler: com.google.protobuf.ServiceException: org.apache.hadoop.ipc.RemoteException(org.apache.hadoop.security.token.SecretManager$InvalidToken): No S3 secret found for S3 identifier:OzoneToken owner=dlfknslnfslf, renewer=, realUser=, issueDate=0, maxDate=0, sequenceNumber=0, masterKeyId=0, strToSign=AWS4-HMAC-SHA256
scm_1       | 2019-11-16 01:02:44,785 INFO impl.MetricsSystemImpl: Registered sink prometheus
om_1        | 2019-11-16 01:02:50,486 INFO handler.ContextHandler: Started o.e.j.s.ServletContextHandler@4dfe8b37{/logs,file:///var/log/hadoop/,AVAILABLE}
datanode_1  | 2019-11-16 01:02:51,960 INFO server.RaftServerConfigKeys: raft.server.log.statemachine.data.sync.timeout.retry = -1 (default)
datanode_3  | 2019-11-16 01:02:52,469 INFO server.RaftServerConfigKeys: raft.server.snapshot.auto.trigger.enabled = true (custom)
kdc_1       | Nov 16 01:02:32 kdc krb5kdc[9](info): AS_REQ (8 etypes {18 17 20 19 16 23 25 26}) 127.0.0.1: ISSUE: authtime 1573866152, etypes {rep=18 tkt=18 ses=18}, admin/admin@EXAMPLE.COM for kadmin/admin@EXAMPLE.COM
datanode_2  | 2019-11-16 01:02:51,459 INFO server.RaftServerConfigKeys: raft.server.log.statemachine.data.sync.timeout = 10s (default)
s3g_1       | 20191116T011016Z
scm_1       | 2019-11-16 01:02:44,786 INFO ipc.Server: Auth successful for dn/b830b5e61883@EXAMPLE.COM (auth:KERBEROS)
om_1        | 2019-11-16 01:02:50,486 INFO handler.ContextHandler: Started o.e.j.s.ServletContextHandler@5ff6dd3c{/static,jar:file:/opt/hadoop/share/ozone/lib/hadoop-ozone-ozone-manager-0.5.0-SNAPSHOT.jar!/webapps/static,AVAILABLE}
datanode_3  | 2019-11-16 01:02:52,470 INFO server.RaftServerConfigKeys: raft.server.snapshot.auto.trigger.threshold = 10000 (custom)
datanode_1  | 2019-11-16 01:02:51,969 INFO server.RaftServerConfigKeys: raft.server.log.statemachine.data.caching.enabled = true (custom)
s3g_1       | 20191116/us-west-1/s3/aws4_request
datanode_2  | 2019-11-16 01:02:51,459 INFO server.RaftServerConfigKeys: raft.server.log.statemachine.data.sync.timeout.retry = -1 (default)
kdc_1       | Nov 16 01:02:33 kdc krb5kdc[9](info): AS_REQ (8 etypes {18 17 20 19 16 23 25 26}) 127.0.0.1: SERVER_NOT_FOUND: admin/admin@EXAMPLE.COM for kadmin/localhost@EXAMPLE.COM, Server not found in Kerberos database
scm_1       | 2019-11-16 01:02:44,787 INFO server.BaseHttpServer: HTTP server of SCM is listening at http://0.0.0.0:9876
om_1        | 2019-11-16 01:02:50,587 INFO server.KerberosAuthenticationHandler: Using keytab /etc/security/keytabs/HTTP.keytab, for principal HTTP/om@EXAMPLE.COM
datanode_3  | 2019-11-16 01:02:52,471 INFO server.RaftServerConfigKeys: raft.server.snapshot.retention.file.num = 5 (custom)
datanode_1  | 2019-11-16 01:02:51,974 INFO segmented.SegmentedRaftLogWorker: 86e98bb2-4c11-44f0-812c-4c50a0345266@group-4B78BA65229D-SegmentedRaftLogWorker: flushIndex: setUnconditionally 0 -> -1
datanode_2  | 2019-11-16 01:02:51,466 INFO server.RaftServerConfigKeys: raft.server.log.statemachine.data.caching.enabled = true (custom)
kdc_1       | Nov 16 01:02:33 kdc krb5kdc[9](info): AS_REQ (8 etypes {18 17 20 19 16 23 25 26}) 127.0.0.1: ISSUE: authtime 1573866153, etypes {rep=18 tkt=18 ses=18}, admin/admin@EXAMPLE.COM for kadmin/admin@EXAMPLE.COM
s3g_1       | 833bf5962c1f03254634aa36368a70ac17e9827dbf02fc077b997d2b4ffcab8c, signature=05c27c57d97c5637fb92844e2308ca8603da034b1305171feffe17292c13a88b, awsAccessKeyId=dlfknslnfslf, while invoking $Proxy83.submitRequest over nodeId=null,nodeAddress=om:9862 after 9 failover attempts. Trying to failover immediately.
scm_1       | 2019-11-16 01:02:44,787 INFO ipc.Server: Auth successful for dn/31f287f918f6@EXAMPLE.COM (auth:KERBEROS)
datanode_3  | 2019-11-16 01:02:52,472 INFO server.RaftServerConfigKeys: raft.server.retrycache.expirytime = 600000ms (custom)
datanode_1  | 2019-11-16 01:02:51,978 INFO server.RaftServerConfigKeys: raft.server.snapshot.auto.trigger.enabled = true (custom)
om_1        | 2019-11-16 01:02:50,593 INFO handler.ContextHandler: Started o.e.j.w.WebAppContext@2eda4eeb{/,file:///tmp/jetty-0.0.0.0-9874-ozoneManager-_-any-17811150062969923847.dir/webapp/,AVAILABLE}{/ozoneManager}
datanode_2  | 2019-11-16 01:02:51,469 INFO segmented.SegmentedRaftLogWorker: 4fa1ef78-60fb-459b-8559-da7eb017ede8@group-A94E9E27E676-SegmentedRaftLogWorker: flushIndex: setUnconditionally 0 -> -1
kdc_1       | Nov 16 01:02:33 kdc krb5kdc[9](info): AS_REQ (8 etypes {18 17 20 19 16 23 25 26}) 127.0.0.1: SERVER_NOT_FOUND: admin/admin@EXAMPLE.COM for kadmin/localhost@EXAMPLE.COM, Server not found in Kerberos database
s3g_1       | 2019-11-16 01:10:16,754 WARN ipc.Client: Exception encountered while connecting to the server : org.apache.hadoop.ipc.RemoteException(org.apache.hadoop.security.token.SecretManager$InvalidToken): No S3 secret found for S3 identifier:OzoneToken owner=dlfknslnfslf, renewer=, realUser=, issueDate=0, maxDate=0, sequenceNumber=0, masterKeyId=0, strToSign=AWS4-HMAC-SHA256
scm_1       | 2019-11-16 01:02:44,788 INFO ipc.Server: Auth successful for dn/a02ecda56632@EXAMPLE.COM (auth:KERBEROS)
datanode_3  | 2019-11-16 01:02:52,495 WARN impl.MetricRegistriesImpl: First MetricRegistry has been created without registering reporters. You may need to call MetricRegistries.global().addReportRegistration(...) before.
datanode_1  | 2019-11-16 01:02:51,979 INFO server.RaftServerConfigKeys: raft.server.snapshot.auto.trigger.threshold = 10000 (custom)
om_1        | 2019-11-16 01:02:50,599 INFO server.AbstractConnector: Started ServerConnector@5d05f453{HTTP/1.1,[http/1.1]}{0.0.0.0:9874}
datanode_2  | 2019-11-16 01:02:51,473 INFO server.RaftServerConfigKeys: raft.server.snapshot.auto.trigger.enabled = true (custom)
kdc_1       | Nov 16 01:02:33 kdc krb5kdc[9](info): AS_REQ (8 etypes {18 17 20 19 16 23 25 26}) 127.0.0.1: ISSUE: authtime 1573866153, etypes {rep=18 tkt=18 ses=18}, admin/admin@EXAMPLE.COM for kadmin/admin@EXAMPLE.COM
s3g_1       | 20191116T011016Z
scm_1       | 2019-11-16 01:02:44,795 INFO util.JvmPauseMonitor: Starting JVM pause monitor
datanode_3  | 2019-11-16 01:02:52,498 WARN impl.MetricRegistriesImpl: First MetricRegistry has been created without registering reporters. You may need to call MetricRegistries.global().addReportRegistration(...) before.
datanode_1  | 2019-11-16 01:02:51,979 INFO server.RaftServerConfigKeys: raft.server.snapshot.retention.file.num = 5 (custom)
om_1        | 2019-11-16 01:02:50,599 INFO server.Server: Started @4101ms
datanode_2  | 2019-11-16 01:02:51,473 INFO server.RaftServerConfigKeys: raft.server.snapshot.auto.trigger.threshold = 10000 (custom)
kdc_1       | Nov 16 01:02:33 kdc krb5kdc[9](info): AS_REQ (8 etypes {18 17 20 19 16 23 25 26}) 127.0.0.1: SERVER_NOT_FOUND: admin/admin@EXAMPLE.COM for kadmin/localhost@EXAMPLE.COM, Server not found in Kerberos database
s3g_1       | 20191116/us-west-1/s3/aws4_request
scm_1       | 2019-11-16 01:02:44,802 INFO authorize.ServiceAuthorizationManager: Authorization successful for om/om@EXAMPLE.COM (auth:KERBEROS) for protocol=interface org.apache.hadoop.hdds.scm.protocol.ScmBlockLocationProtocol
datanode_3  | 2019-11-16 01:02:52,500 INFO impl.RaftServerImpl: 620c3030-0b04-4d94-b8d2-42e31623b59a@group-5746189E17D1: start as a follower, conf=-1: [620c3030-0b04-4d94-b8d2-42e31623b59a:172.19.0.5:9858], old=null
datanode_1  | 2019-11-16 01:02:51,980 INFO server.RaftServerConfigKeys: raft.server.retrycache.expirytime = 600000ms (custom)
om_1        | 2019-11-16 01:02:50,624 INFO impl.MetricsSinkAdapter: Sink prometheus started
datanode_2  | 2019-11-16 01:02:51,474 INFO server.RaftServerConfigKeys: raft.server.snapshot.retention.file.num = 5 (custom)
kdc_1       | Nov 16 01:02:33 kdc krb5kdc[9](info): AS_REQ (8 etypes {18 17 20 19 16 23 25 26}) 127.0.0.1: ISSUE: authtime 1573866153, etypes {rep=18 tkt=18 ses=18}, admin/admin@EXAMPLE.COM for kadmin/admin@EXAMPLE.COM
s3g_1       | 833bf5962c1f03254634aa36368a70ac17e9827dbf02fc077b997d2b4ffcab8c, signature=05c27c57d97c5637fb92844e2308ca8603da034b1305171feffe17292c13a88b, awsAccessKeyId=dlfknslnfslf
scm_1       | 2019-11-16 01:02:44,802 INFO authorize.ServiceAuthorizationManager: Authorization successful for dn/b830b5e61883@EXAMPLE.COM (auth:KERBEROS) for protocol=interface org.apache.hadoop.hdds.protocol.SCMSecurityProtocol
datanode_3  | 2019-11-16 01:02:52,501 INFO impl.RaftServerImpl: 620c3030-0b04-4d94-b8d2-42e31623b59a@group-5746189E17D1: changes role from      null to FOLLOWER at term 0 for startAsFollower
datanode_1  | 2019-11-16 01:02:51,996 WARN impl.MetricRegistriesImpl: First MetricRegistry has been created without registering reporters. You may need to call MetricRegistries.global().addReportRegistration(...) before.
om_1        | 2019-11-16 01:02:50,624 INFO impl.MetricsSystemImpl: Registered sink prometheus
datanode_2  | 2019-11-16 01:02:51,474 INFO server.RaftServerConfigKeys: raft.server.retrycache.expirytime = 600000ms (custom)
kdc_1       | Nov 16 01:02:33 kdc krb5kdc[9](info): AS_REQ (8 etypes {18 17 20 19 16 23 25 26}) 127.0.0.1: SERVER_NOT_FOUND: admin/admin@EXAMPLE.COM for kadmin/localhost@EXAMPLE.COM, Server not found in Kerberos database
s3g_1       | 2019-11-16 01:10:16,755 INFO retry.RetryInvocationHandler: com.google.protobuf.ServiceException: org.apache.hadoop.ipc.RemoteException(org.apache.hadoop.security.token.SecretManager$InvalidToken): No S3 secret found for S3 identifier:OzoneToken owner=dlfknslnfslf, renewer=, realUser=, issueDate=0, maxDate=0, sequenceNumber=0, masterKeyId=0, strToSign=AWS4-HMAC-SHA256
scm_1       | 2019-11-16 01:02:44,804 INFO authorize.ServiceAuthorizationManager: Authorization successful for dn/a02ecda56632@EXAMPLE.COM (auth:KERBEROS) for protocol=interface org.apache.hadoop.hdds.protocol.SCMSecurityProtocol
datanode_3  | 2019-11-16 01:02:52,502 INFO impl.RoleInfo: 620c3030-0b04-4d94-b8d2-42e31623b59a: start FollowerState
datanode_1  | 2019-11-16 01:02:51,997 WARN impl.MetricRegistriesImpl: First MetricRegistry has been created without registering reporters. You may need to call MetricRegistries.global().addReportRegistration(...) before.
om_1        | 2019-11-16 01:02:50,626 INFO server.BaseHttpServer: HTTP server of OZONEMANAGER is listening at http://0.0.0.0:9874
datanode_2  | 2019-11-16 01:02:51,489 WARN impl.MetricRegistriesImpl: First MetricRegistry has been created without registering reporters. You may need to call MetricRegistries.global().addReportRegistration(...) before.
kdc_1       | Nov 16 01:02:33 kdc krb5kdc[9](info): AS_REQ (8 etypes {18 17 20 19 16 23 25 26}) 127.0.0.1: ISSUE: authtime 1573866153, etypes {rep=18 tkt=18 ses=18}, admin/admin@EXAMPLE.COM for kadmin/admin@EXAMPLE.COM
s3g_1       | 20191116T011016Z
scm_1       | 2019-11-16 01:02:44,804 INFO authorize.ServiceAuthorizationManager: Authorization successful for dn/31f287f918f6@EXAMPLE.COM (auth:KERBEROS) for protocol=interface org.apache.hadoop.hdds.protocol.SCMSecurityProtocol
datanode_3  | 2019-11-16 01:02:52,507 INFO util.JmxRegister: Successfully registered JMX Bean with object name Ratis:service=RaftServer,group=group-5746189E17D1,id=620c3030-0b04-4d94-b8d2-42e31623b59a
datanode_1  | 2019-11-16 01:02:51,999 INFO impl.RaftServerImpl: 86e98bb2-4c11-44f0-812c-4c50a0345266@group-4B78BA65229D: start as a follower, conf=-1: [86e98bb2-4c11-44f0-812c-4c50a0345266:172.19.0.4:9858], old=null
om_1        | 2019-11-16 01:03:07,581 INFO ipc.Server: Auth successful for HTTP/scm@EXAMPLE.COM (auth:KERBEROS)
datanode_2  | 2019-11-16 01:02:51,490 WARN impl.MetricRegistriesImpl: First MetricRegistry has been created without registering reporters. You may need to call MetricRegistries.global().addReportRegistration(...) before.
kdc_1       | Nov 16 01:02:33 kdc krb5kdc[9](info): AS_REQ (8 etypes {18 17 20 19 16 23 25 26}) 127.0.0.1: SERVER_NOT_FOUND: admin/admin@EXAMPLE.COM for kadmin/localhost@EXAMPLE.COM, Server not found in Kerberos database
s3g_1       | 20191116/us-west-1/s3/aws4_request
scm_1       | 2019-11-16 01:02:44,949 INFO server.SCMClientProtocolServer: Processing CSR for dn a02ecda56632, UUID: 4fa1ef78-60fb-459b-8559-da7eb017ede8
datanode_3  | 2019-11-16 01:02:52,508 WARN impl.MetricRegistriesImpl: First MetricRegistry has been created without registering reporters. You may need to call MetricRegistries.global().addReportRegistration(...) before.
datanode_1  | 2019-11-16 01:02:52,000 INFO impl.RaftServerImpl: 86e98bb2-4c11-44f0-812c-4c50a0345266@group-4B78BA65229D: changes role from      null to FOLLOWER at term 0 for startAsFollower
om_1        | 2019-11-16 01:03:07,602 INFO authorize.ServiceAuthorizationManager: Authorization successful for HTTP/scm@EXAMPLE.COM (auth:KERBEROS) for protocol=interface org.apache.hadoop.ozone.om.protocol.OzoneManagerProtocol
datanode_2  | 2019-11-16 01:02:51,491 INFO impl.RaftServerImpl: 4fa1ef78-60fb-459b-8559-da7eb017ede8@group-A94E9E27E676: start as a follower, conf=-1: [4fa1ef78-60fb-459b-8559-da7eb017ede8:172.19.0.9:9858], old=null
kdc_1       | Nov 16 01:02:33 kdc krb5kdc[9](info): AS_REQ (8 etypes {18 17 20 19 16 23 25 26}) 127.0.0.1: ISSUE: authtime 1573866153, etypes {rep=18 tkt=18 ses=18}, admin/admin@EXAMPLE.COM for kadmin/admin@EXAMPLE.COM
s3g_1       | 833bf5962c1f03254634aa36368a70ac17e9827dbf02fc077b997d2b4ffcab8c, signature=05c27c57d97c5637fb92844e2308ca8603da034b1305171feffe17292c13a88b, awsAccessKeyId=dlfknslnfslf, while invoking $Proxy83.submitRequest over nodeId=null,nodeAddress=om:9862 after 10 failover attempts. Trying to failover immediately.
scm_1       | 2019-11-16 01:02:44,949 INFO server.SCMClientProtocolServer: Processing CSR for dn b830b5e61883, UUID: 86e98bb2-4c11-44f0-812c-4c50a0345266
