Attaching to ozonesecure_datanode_2, ozonesecure_datanode_1, ozonesecure_kms_1, ozonesecure_recon_1, ozonesecure_datanode_3, ozonesecure_scm_1, ozonesecure_om_1, ozonesecure_kdc_1, ozonesecure_s3g_1
datanode_2  | Sleeping for 5 seconds
datanode_2  | Setting up kerberos!!
datanode_2  | KDC ISSUER_SERVER => kdc:8081
datanode_2  | Sleeping for 5 seconds
datanode_1  | Sleeping for 5 seconds
kms_1       | Sleeping for 5 seconds
datanode_2  | Got 200, KDC service ready!!
kms_1       | Setting up kerberos!!
datanode_2  | Download dn/6360e6b2725f@EXAMPLE.COM keytab file to /etc/security/keytabs/dn.keytab
kms_1       | KDC ISSUER_SERVER => kdc:8081
datanode_2  | --2019-11-12 23:21:21--  http://kdc:8081/keytab/6360e6b2725f/dn
datanode_1  | Setting up kerberos!!
kms_1       | /opt/starter.sh: line 66: SLEEP_SECONDS: command not found
datanode_1  | KDC ISSUER_SERVER => kdc:8081
datanode_2  | Resolving kdc (kdc)... 172.18.0.3
kms_1       | Sleeping for  seconds
datanode_1  | Sleeping for 5 seconds
datanode_2  | Connecting to kdc (kdc)|172.18.0.3|:8081... connected.
kms_1       | Got 200, KDC service ready!!
scm_1       | Sleeping for 5 seconds
datanode_1  | Got 200, KDC service ready!!
kms_1       | Download dn/b17a25edbaf5@EXAMPLE.COM keytab file to /etc/security/keytabs/dn.keytab
datanode_2  | HTTP request sent, awaiting response... 200 OK
recon_1     | Sleeping for 5 seconds
datanode_3  | Sleeping for 5 seconds
scm_1       | Setting up kerberos!!
datanode_1  | Download dn/d1f2ac7c3073@EXAMPLE.COM keytab file to /etc/security/keytabs/dn.keytab
kms_1       | --2019-11-12 23:21:22--  http://kdc:8081/keytab/b17a25edbaf5/dn
recon_1     | Waiting for the service om:9874
datanode_3  | Setting up kerberos!!
datanode_2  | Length: 158 [application/octet-stream]
scm_1       | KDC ISSUER_SERVER => kdc:8081
datanode_1  | --2019-11-12 23:21:21--  http://kdc:8081/keytab/d1f2ac7c3073/dn
kms_1       | Resolving kdc (kdc)... 172.18.0.3
recon_1     | Setting up kerberos!!
datanode_3  | KDC ISSUER_SERVER => kdc:8081
datanode_2  | Saving to: '/etc/security/keytabs/dn.keytab'
scm_1       | Sleeping for 5 seconds
datanode_1  | Resolving kdc (kdc)... 172.18.0.3
kms_1       | Connecting to kdc (kdc)|172.18.0.3|:8081... connected.
recon_1     | KDC ISSUER_SERVER => kdc:8081
kdc_1       | Issuer is listening on : 8081krb5kdc: starting...
datanode_3  | Sleeping for 5 seconds
datanode_2  | 
scm_1       | Got 200, KDC service ready!!
datanode_1  | Connecting to kdc (kdc)|172.18.0.3|:8081... connected.
kms_1       | HTTP request sent, awaiting response... 200 OK
om_1        | Sleeping for 5 seconds
recon_1     | Sleeping for 5 seconds
datanode_3  | Got 200, KDC service ready!!
datanode_2  |      0K                                                       100% 11.4M=0s
kdc_1       | kadmind: starting...
scm_1       | Download dn/scm@EXAMPLE.COM keytab file to /etc/security/keytabs/dn.keytab
datanode_1  | HTTP request sent, awaiting response... 200 OK
om_1        | Setting up kerberos!!
kms_1       | Length: 158 [application/octet-stream]
datanode_3  | Download dn/6687fb6a4a4a@EXAMPLE.COM keytab file to /etc/security/keytabs/dn.keytab
recon_1     | Got 200, KDC service ready!!
kdc_1       | otp: Loaded
datanode_2  | 
scm_1       | --2019-11-12 23:21:19--  http://kdc:8081/keytab/scm/dn
s3g_1       | Sleeping for 5 seconds
datanode_1  | Length: 158 [application/octet-stream]
om_1        | KDC ISSUER_SERVER => kdc:8081
datanode_3  | --2019-11-12 23:21:20--  http://kdc:8081/keytab/6687fb6a4a4a/dn
recon_1     | Download dn/recon@EXAMPLE.COM keytab file to /etc/security/keytabs/dn.keytab
kdc_1       | Nov 12 23:21:09 kdc krb5kdc[9](info): setting up network...
datanode_2  | 2019-11-12 23:21:22 (11.4 MB/s) - '/etc/security/keytabs/dn.keytab' saved [158/158]
scm_1       | Resolving kdc (kdc)... 172.18.0.3
s3g_1       | Setting up kerberos!!
datanode_1  | Saving to: '/etc/security/keytabs/dn.keytab'
om_1        | Sleeping for 5 seconds
kms_1       | Saving to: '/etc/security/keytabs/dn.keytab'
recon_1     | --2019-11-12 23:21:39--  http://kdc:8081/keytab/recon/dn
datanode_3  | Resolving kdc (kdc)... 172.18.0.3
kdc_1       | krb5kdc: setsockopt(9,IPV6_V6ONLY,1) worked
datanode_2  | 
scm_1       | Connecting to kdc (kdc)|172.18.0.3|:8081... connected.
s3g_1       | KDC ISSUER_SERVER => kdc:8081
datanode_1  | 
om_1        | Got 200, KDC service ready!!
kms_1       | 
recon_1     | Resolving kdc (kdc)... 172.18.0.3
datanode_3  | Connecting to kdc (kdc)|172.18.0.3|:8081... connected.
kdc_1       | krb5kdc: setsockopt(11,IPV6_V6ONLY,1) worked
datanode_2  | Keytab name: FILE:/etc/security/keytabs/dn.keytab
scm_1       | HTTP request sent, awaiting response... 200 OK
s3g_1       | Sleeping for 5 seconds
datanode_1  |      0K                                                       100% 14.0M=0s
om_1        | Download dn/om@EXAMPLE.COM keytab file to /etc/security/keytabs/dn.keytab
kms_1       |      0K                                                       100% 9.23M=0s
recon_1     | Connecting to kdc (kdc)|172.18.0.3|:8081... connected.
datanode_3  | HTTP request sent, awaiting response... 200 OK
kdc_1       | Nov 12 23:21:09 kdc krb5kdc[9](info): set up 4 sockets
datanode_2  | KVNO Timestamp         Principal
scm_1       | Length: 140 [application/octet-stream]
s3g_1       | Got 200, KDC service ready!!
datanode_1  | 
om_1        | --2019-11-12 23:21:19--  http://kdc:8081/keytab/om/dn
kms_1       | 
recon_1     | HTTP request sent, awaiting response... 200 OK
datanode_3  | Length: 158 [application/octet-stream]
kdc_1       | Nov 12 23:21:09 kdc krb5kdc[9](info): commencing operation
datanode_2  | ---- ----------------- --------------------------------------------------------
scm_1       | Saving to: '/etc/security/keytabs/dn.keytab'
s3g_1       | Download dn/s3g@EXAMPLE.COM keytab file to /etc/security/keytabs/dn.keytab
datanode_1  | 2019-11-12 23:21:21 (14.0 MB/s) - '/etc/security/keytabs/dn.keytab' saved [158/158]
om_1        | Resolving kdc (kdc)... 172.18.0.3
kms_1       | 2019-11-12 23:21:22 (9.23 MB/s) - '/etc/security/keytabs/dn.keytab' saved [158/158]
recon_1     | Length: 144 [application/octet-stream]
datanode_3  | Saving to: '/etc/security/keytabs/dn.keytab'
kdc_1       | Nov 12 23:20:57 431c8c751282 kadmin.local[1](info): No dictionary file specified, continuing without one.
datanode_2  |    2 11/12/19 23:21:22 dn/6360e6b2725f@EXAMPLE.COM
scm_1       | 
datanode_1  | 
s3g_1       | --2019-11-12 23:21:19--  http://kdc:8081/keytab/s3g/dn
om_1        | Connecting to kdc (kdc)|172.18.0.3|:8081... connected.
kms_1       | 
recon_1     | Saving to: '/etc/security/keytabs/dn.keytab'
datanode_3  | 
kdc_1       | Nov 12 23:20:58 b93f59949186 kadmin.local[1](info): No dictionary file specified, continuing without one.
datanode_2  |    2 11/12/19 23:21:22 dn/6360e6b2725f@EXAMPLE.COM
scm_1       |      0K                                                       100% 12.9M=0s
datanode_1  | Keytab name: FILE:/etc/security/keytabs/dn.keytab
s3g_1       | Resolving kdc (kdc)... 172.18.0.3
om_1        | HTTP request sent, awaiting response... 200 OK
kms_1       | Keytab name: FILE:/etc/security/keytabs/dn.keytab
recon_1     | 
datanode_3  |      0K                                                       100% 11.8M=0s
kdc_1       | Nov 12 23:21:13 kdc kadmind[15](info): No dictionary file specified, continuing without one.
datanode_2  | Download om/6360e6b2725f@EXAMPLE.COM keytab file to /etc/security/keytabs/om.keytab
datanode_1  | KVNO Timestamp         Principal
scm_1       | 
s3g_1       | Connecting to kdc (kdc)|172.18.0.3|:8081... connected.
om_1        | Length: 138 [application/octet-stream]
kms_1       | KVNO Timestamp         Principal
recon_1     |      0K                                                       100% 11.2M=0s
datanode_3  | 
kdc_1       | Nov 12 23:21:13 kdc kadmind[15](info): setting up network...
datanode_2  | --2019-11-12 23:21:22--  http://kdc:8081/keytab/6360e6b2725f/om
datanode_1  | ---- ----------------- --------------------------------------------------------
scm_1       | 2019-11-12 23:21:19 (12.9 MB/s) - '/etc/security/keytabs/dn.keytab' saved [140/140]
s3g_1       | HTTP request sent, awaiting response... 200 OK
om_1        | Saving to: '/etc/security/keytabs/dn.keytab'
kms_1       | ---- ----------------- --------------------------------------------------------
recon_1     | 
datanode_3  | 2019-11-12 23:21:21 (11.8 MB/s) - '/etc/security/keytabs/dn.keytab' saved [158/158]
kdc_1       | kadmind: setsockopt(9,IPV6_V6ONLY,1) worked
datanode_2  | Resolving kdc (kdc)... 172.18.0.3
datanode_1  |    2 11/12/19 23:21:21 dn/d1f2ac7c3073@EXAMPLE.COM
scm_1       | 
s3g_1       | Length: 140 [application/octet-stream]
om_1        | 
kms_1       |    2 11/12/19 23:21:22 dn/b17a25edbaf5@EXAMPLE.COM
datanode_3  | 
recon_1     | 2019-11-12 23:21:40 (11.2 MB/s) - '/etc/security/keytabs/dn.keytab' saved [144/144]
kdc_1       | kadmind: setsockopt(11,IPV6_V6ONLY,1) worked
datanode_2  | Connecting to kdc (kdc)|172.18.0.3|:8081... connected.
datanode_1  |    2 11/12/19 23:21:21 dn/d1f2ac7c3073@EXAMPLE.COM
scm_1       | Keytab name: FILE:/etc/security/keytabs/dn.keytab
s3g_1       | Saving to: '/etc/security/keytabs/dn.keytab'
om_1        |      0K                                                       100% 10.5M=0s
kms_1       |    2 11/12/19 23:21:22 dn/b17a25edbaf5@EXAMPLE.COM
datanode_3  | Keytab name: FILE:/etc/security/keytabs/dn.keytab
recon_1     | 
kdc_1       | kadmind: setsockopt(13,IPV6_V6ONLY,1) worked
datanode_2  | HTTP request sent, awaiting response... 200 OK
datanode_1  | Download om/d1f2ac7c3073@EXAMPLE.COM keytab file to /etc/security/keytabs/om.keytab
scm_1       | KVNO Timestamp         Principal
s3g_1       | 
om_1        | 
kms_1       | Download om/b17a25edbaf5@EXAMPLE.COM keytab file to /etc/security/keytabs/om.keytab
datanode_3  | KVNO Timestamp         Principal
recon_1     | Keytab name: FILE:/etc/security/keytabs/dn.keytab
datanode_2  | Length: 158 [application/octet-stream]
kdc_1       | Nov 12 23:21:13 kdc kadmind[15](info): set up 6 sockets
datanode_1  | --2019-11-12 23:21:21--  http://kdc:8081/keytab/d1f2ac7c3073/om
scm_1       | ---- ----------------- --------------------------------------------------------
s3g_1       |      0K                                                       100% 16.2M=0s
om_1        | 2019-11-12 23:21:19 (10.5 MB/s) - '/etc/security/keytabs/dn.keytab' saved [138/138]
kms_1       | --2019-11-12 23:21:22--  http://kdc:8081/keytab/b17a25edbaf5/om
datanode_3  | ---- ----------------- --------------------------------------------------------
recon_1     | KVNO Timestamp         Principal
datanode_2  | Saving to: '/etc/security/keytabs/om.keytab'
kdc_1       | Nov 12 23:21:13 kdc kadmind[15](info): Seeding random number generator
datanode_1  | Resolving kdc (kdc)... 172.18.0.3
scm_1       |    2 11/12/19 23:21:19 dn/scm@EXAMPLE.COM
s3g_1       | 
om_1        | 
kms_1       | Resolving kdc (kdc)... 172.18.0.3
datanode_3  |    2 11/12/19 23:21:21 dn/6687fb6a4a4a@EXAMPLE.COM
recon_1     | ---- ----------------- --------------------------------------------------------
datanode_2  | 
kdc_1       | Nov 12 23:21:13 kdc kadmind[15](info): starting
datanode_1  | Connecting to kdc (kdc)|172.18.0.3|:8081... connected.
scm_1       |    2 11/12/19 23:21:19 dn/scm@EXAMPLE.COM
s3g_1       | 2019-11-12 23:21:19 (16.2 MB/s) - '/etc/security/keytabs/dn.keytab' saved [140/140]
om_1        | Keytab name: FILE:/etc/security/keytabs/dn.keytab
kms_1       | Connecting to kdc (kdc)|172.18.0.3|:8081... connected.
datanode_3  |    2 11/12/19 23:21:21 dn/6687fb6a4a4a@EXAMPLE.COM
recon_1     |    2 11/12/19 23:21:40 dn/recon@EXAMPLE.COM
datanode_2  |      0K                                                       100% 16.5M=0s
kdc_1       | Generiting keytab
datanode_1  | HTTP request sent, awaiting response... 200 OK
scm_1       | Download om/scm@EXAMPLE.COM keytab file to /etc/security/keytabs/om.keytab
s3g_1       | 
om_1        | KVNO Timestamp         Principal
kms_1       | HTTP request sent, awaiting response... 200 OK
datanode_3  | Download om/6687fb6a4a4a@EXAMPLE.COM keytab file to /etc/security/keytabs/om.keytab
recon_1     |    2 11/12/19 23:21:40 dn/recon@EXAMPLE.COM
datanode_2  | 
kdc_1       | Authenticating as principal admin/admin with keytab /tmp/admin.keytab.
datanode_1  | Length: 158 [application/octet-stream]
scm_1       | --2019-11-12 23:21:19--  http://kdc:8081/keytab/scm/om
s3g_1       | Keytab name: FILE:/etc/security/keytabs/dn.keytab
om_1        | ---- ----------------- --------------------------------------------------------
kms_1       | Length: 158 [application/octet-stream]
recon_1     | Download om/recon@EXAMPLE.COM keytab file to /etc/security/keytabs/om.keytab
datanode_3  | --2019-11-12 23:21:21--  http://kdc:8081/keytab/6687fb6a4a4a/om
datanode_2  | 2019-11-12 23:21:22 (16.5 MB/s) - '/etc/security/keytabs/om.keytab' saved [158/158]
kdc_1       | WARNING: no policy specified for test/test@EXAMPLE.COM; defaulting to no policy
datanode_1  | Saving to: '/etc/security/keytabs/om.keytab'
scm_1       | Resolving kdc (kdc)... 172.18.0.3
s3g_1       | KVNO Timestamp         Principal
om_1        |    2 11/12/19 23:21:19 dn/om@EXAMPLE.COM
kms_1       | Saving to: '/etc/security/keytabs/om.keytab'
datanode_3  | Resolving kdc (kdc)... 172.18.0.3
datanode_2  | 
kdc_1       | Principal "test/test@EXAMPLE.COM" created.
recon_1     | --2019-11-12 23:21:40--  http://kdc:8081/keytab/recon/om
datanode_1  | 
scm_1       | Connecting to kdc (kdc)|172.18.0.3|:8081... connected.
s3g_1       | ---- ----------------- --------------------------------------------------------
om_1        |    2 11/12/19 23:21:19 dn/om@EXAMPLE.COM
kms_1       | 
datanode_3  | Connecting to kdc (kdc)|172.18.0.3|:8081... connected.
datanode_2  | Keytab name: FILE:/etc/security/keytabs/om.keytab
kdc_1       | Authenticating as principal admin/admin with keytab /tmp/admin.keytab.
recon_1     | Resolving kdc (kdc)... 172.18.0.3
datanode_1  |      0K                                                       100% 17.4M=0s
scm_1       | HTTP request sent, awaiting response... 200 OK
s3g_1       |    2 11/12/19 23:21:19 dn/s3g@EXAMPLE.COM
om_1        | Download om/om@EXAMPLE.COM keytab file to /etc/security/keytabs/om.keytab
datanode_3  | HTTP request sent, awaiting response... 200 OK
kms_1       |      0K                                                       100% 15.8M=0s
datanode_2  | KVNO Timestamp         Principal
kdc_1       | Entry for principal test/test@EXAMPLE.COM with kvno 2, encryption type aes256-cts-hmac-sha1-96 added to keytab WRFILE:/data/test.test.keytab.
recon_1     | Connecting to kdc (kdc)|172.18.0.3|:8081... connected.
datanode_1  | 
scm_1       | Length: 140 [application/octet-stream]
s3g_1       |    2 11/12/19 23:21:19 dn/s3g@EXAMPLE.COM
om_1        | --2019-11-12 23:21:19--  http://kdc:8081/keytab/om/om
datanode_3  | Length: 158 [application/octet-stream]
kms_1       | 
datanode_2  | ---- ----------------- --------------------------------------------------------
kdc_1       | Entry for principal test/test@EXAMPLE.COM with kvno 2, encryption type aes128-cts-hmac-sha1-96 added to keytab WRFILE:/data/test.test.keytab.
recon_1     | HTTP request sent, awaiting response... 200 OK
datanode_1  | 2019-11-12 23:21:22 (17.4 MB/s) - '/etc/security/keytabs/om.keytab' saved [158/158]
s3g_1       | Download om/s3g@EXAMPLE.COM keytab file to /etc/security/keytabs/om.keytab
om_1        | Resolving kdc (kdc)... 172.18.0.3
scm_1       | Saving to: '/etc/security/keytabs/om.keytab'
datanode_3  | Saving to: '/etc/security/keytabs/om.keytab'
kms_1       | 2019-11-12 23:21:23 (15.8 MB/s) - '/etc/security/keytabs/om.keytab' saved [158/158]
datanode_2  |    2 11/12/19 23:21:22 om/6360e6b2725f@EXAMPLE.COM
kdc_1       | Generiting keytab
recon_1     | Length: 144 [application/octet-stream]
s3g_1       | --2019-11-12 23:21:19--  http://kdc:8081/keytab/s3g/om
datanode_1  | 
om_1        | Connecting to kdc (kdc)|172.18.0.3|:8081... connected.
scm_1       | 
datanode_3  | 
kms_1       | 
datanode_2  |    2 11/12/19 23:21:22 om/6360e6b2725f@EXAMPLE.COM
kdc_1       | Authenticating as principal admin/admin with keytab /tmp/admin.keytab.
recon_1     | Saving to: '/etc/security/keytabs/om.keytab'
s3g_1       | Resolving kdc (kdc)... 172.18.0.3
datanode_1  | Keytab name: FILE:/etc/security/keytabs/om.keytab
om_1        | HTTP request sent, awaiting response... 200 OK
scm_1       |      0K                                                       100% 10.1M=0s
datanode_3  |      0K                                                       100% 20.2M=0s
kms_1       | Keytab name: FILE:/etc/security/keytabs/om.keytab
datanode_2  | Download scm/6360e6b2725f@EXAMPLE.COM keytab file to /etc/security/keytabs/scm.keytab
kdc_1       | WARNING: no policy specified for dn/s3g@EXAMPLE.COM; defaulting to no policy
recon_1     | 
s3g_1       | Connecting to kdc (kdc)|172.18.0.3|:8081... connected.
datanode_1  | KVNO Timestamp         Principal
om_1        | Length: 138 [application/octet-stream]
scm_1       | 
datanode_3  | 
kms_1       | KVNO Timestamp         Principal
datanode_2  | --2019-11-12 23:21:22--  http://kdc:8081/keytab/6360e6b2725f/scm
kdc_1       | Principal "dn/s3g@EXAMPLE.COM" created.
recon_1     |      0K                                                       100% 14.2M=0s
s3g_1       | HTTP request sent, awaiting response... 200 OK
datanode_1  | ---- ----------------- --------------------------------------------------------
om_1        | Saving to: '/etc/security/keytabs/om.keytab'
scm_1       | 2019-11-12 23:21:20 (10.1 MB/s) - '/etc/security/keytabs/om.keytab' saved [140/140]
datanode_3  | 2019-11-12 23:21:21 (20.2 MB/s) - '/etc/security/keytabs/om.keytab' saved [158/158]
kms_1       | ---- ----------------- --------------------------------------------------------
datanode_2  | Resolving kdc (kdc)... 172.18.0.3
kdc_1       | Authenticating as principal admin/admin with keytab /tmp/admin.keytab.
s3g_1       | Length: 140 [application/octet-stream]
recon_1     | 
datanode_1  |    2 11/12/19 23:21:22 om/d1f2ac7c3073@EXAMPLE.COM
om_1        | 
scm_1       | 
datanode_3  | 
kms_1       |    2 11/12/19 23:21:23 om/b17a25edbaf5@EXAMPLE.COM
datanode_2  | Connecting to kdc (kdc)|172.18.0.3|:8081... connected.
kdc_1       | Entry for principal dn/s3g@EXAMPLE.COM with kvno 2, encryption type aes256-cts-hmac-sha1-96 added to keytab WRFILE:/data/dn.s3g.keytab.
s3g_1       | Saving to: '/etc/security/keytabs/om.keytab'
recon_1     | 2019-11-12 23:21:40 (14.2 MB/s) - '/etc/security/keytabs/om.keytab' saved [144/144]
datanode_1  |    2 11/12/19 23:21:22 om/d1f2ac7c3073@EXAMPLE.COM
om_1        |      0K                                                       100% 14.4M=0s
scm_1       | Keytab name: FILE:/etc/security/keytabs/om.keytab
datanode_3  | Keytab name: FILE:/etc/security/keytabs/om.keytab
kms_1       |    2 11/12/19 23:21:23 om/b17a25edbaf5@EXAMPLE.COM
datanode_2  | HTTP request sent, awaiting response... 200 OK
kdc_1       | Entry for principal dn/s3g@EXAMPLE.COM with kvno 2, encryption type aes128-cts-hmac-sha1-96 added to keytab WRFILE:/data/dn.s3g.keytab.
s3g_1       | 
recon_1     | 
datanode_1  | Download scm/d1f2ac7c3073@EXAMPLE.COM keytab file to /etc/security/keytabs/scm.keytab
om_1        | 
scm_1       | KVNO Timestamp         Principal
datanode_3  | KVNO Timestamp         Principal
kms_1       | Download scm/b17a25edbaf5@EXAMPLE.COM keytab file to /etc/security/keytabs/scm.keytab
datanode_2  | Length: 160 [application/octet-stream]
kdc_1       | Generiting keytab
s3g_1       |      0K                                                       100% 18.5M=0s
datanode_1  | --2019-11-12 23:21:22--  http://kdc:8081/keytab/d1f2ac7c3073/scm
recon_1     | Keytab name: FILE:/etc/security/keytabs/om.keytab
om_1        | 2019-11-12 23:21:20 (14.4 MB/s) - '/etc/security/keytabs/om.keytab' saved [138/138]
scm_1       | ---- ----------------- --------------------------------------------------------
datanode_3  | ---- ----------------- --------------------------------------------------------
datanode_2  | Saving to: '/etc/security/keytabs/scm.keytab'
kdc_1       | Authenticating as principal admin/admin with keytab /tmp/admin.keytab.
kms_1       | --2019-11-12 23:21:23--  http://kdc:8081/keytab/b17a25edbaf5/scm
s3g_1       | 
datanode_1  | Resolving kdc (kdc)... 172.18.0.3
recon_1     | KVNO Timestamp         Principal
om_1        | 
scm_1       |    2 11/12/19 23:21:20 om/scm@EXAMPLE.COM
datanode_3  |    2 11/12/19 23:21:21 om/6687fb6a4a4a@EXAMPLE.COM
datanode_2  | 
kdc_1       | WARNING: no policy specified for dn/om@EXAMPLE.COM; defaulting to no policy
kms_1       | Resolving kdc (kdc)... 172.18.0.3
s3g_1       | 2019-11-12 23:21:19 (18.5 MB/s) - '/etc/security/keytabs/om.keytab' saved [140/140]
datanode_1  | Connecting to kdc (kdc)|172.18.0.3|:8081... connected.
recon_1     | ---- ----------------- --------------------------------------------------------
om_1        | Keytab name: FILE:/etc/security/keytabs/om.keytab
scm_1       |    2 11/12/19 23:21:20 om/scm@EXAMPLE.COM
datanode_3  |    2 11/12/19 23:21:21 om/6687fb6a4a4a@EXAMPLE.COM
datanode_2  |      0K                                                       100% 22.8M=0s
kdc_1       | Principal "dn/om@EXAMPLE.COM" created.
kms_1       | Connecting to kdc (kdc)|172.18.0.3|:8081... connected.
s3g_1       | 
datanode_1  | HTTP request sent, awaiting response... 200 OK
recon_1     |    2 11/12/19 23:21:40 om/recon@EXAMPLE.COM
scm_1       | Download scm/scm@EXAMPLE.COM keytab file to /etc/security/keytabs/scm.keytab
om_1        | KVNO Timestamp         Principal
datanode_3  | Download scm/6687fb6a4a4a@EXAMPLE.COM keytab file to /etc/security/keytabs/scm.keytab
datanode_2  | 
kdc_1       | Authenticating as principal admin/admin with keytab /tmp/admin.keytab.
kms_1       | HTTP request sent, awaiting response... 200 OK
s3g_1       | Keytab name: FILE:/etc/security/keytabs/om.keytab
datanode_1  | Length: 160 [application/octet-stream]
recon_1     |    2 11/12/19 23:21:40 om/recon@EXAMPLE.COM
scm_1       | --2019-11-12 23:21:20--  http://kdc:8081/keytab/scm/scm
om_1        | ---- ----------------- --------------------------------------------------------
datanode_2  | 2019-11-12 23:21:23 (22.8 MB/s) - '/etc/security/keytabs/scm.keytab' saved [160/160]
kdc_1       | Entry for principal dn/om@EXAMPLE.COM with kvno 2, encryption type aes256-cts-hmac-sha1-96 added to keytab WRFILE:/data/dn.om.keytab.
s3g_1       | KVNO Timestamp         Principal
kms_1       | Length: 160 [application/octet-stream]
datanode_3  | --2019-11-12 23:21:21--  http://kdc:8081/keytab/6687fb6a4a4a/scm
datanode_1  | Saving to: '/etc/security/keytabs/scm.keytab'
recon_1     | Download scm/recon@EXAMPLE.COM keytab file to /etc/security/keytabs/scm.keytab
scm_1       | Resolving kdc (kdc)... 172.18.0.3
om_1        |    2 11/12/19 23:21:19 om/om@EXAMPLE.COM
datanode_2  | 
kdc_1       | Entry for principal dn/om@EXAMPLE.COM with kvno 2, encryption type aes128-cts-hmac-sha1-96 added to keytab WRFILE:/data/dn.om.keytab.
s3g_1       | ---- ----------------- --------------------------------------------------------
kms_1       | Saving to: '/etc/security/keytabs/scm.keytab'
datanode_3  | Resolving kdc (kdc)... 172.18.0.3
datanode_1  | 
recon_1     | --2019-11-12 23:21:40--  http://kdc:8081/keytab/recon/scm
scm_1       | Connecting to kdc (kdc)|172.18.0.3|:8081... connected.
om_1        |    2 11/12/19 23:21:20 om/om@EXAMPLE.COM
datanode_2  | Keytab name: FILE:/etc/security/keytabs/scm.keytab
kdc_1       | Generiting keytab
s3g_1       |    2 11/12/19 23:21:19 om/s3g@EXAMPLE.COM
kms_1       | 
datanode_3  | Connecting to kdc (kdc)|172.18.0.3|:8081... connected.
datanode_1  |      0K                                                       100% 21.0M=0s
scm_1       | HTTP request sent, awaiting response... 200 OK
om_1        | Download scm/om@EXAMPLE.COM keytab file to /etc/security/keytabs/scm.keytab
recon_1     | Resolving kdc (kdc)... 172.18.0.3
kdc_1       | Authenticating as principal admin/admin with keytab /tmp/admin.keytab.
datanode_2  | KVNO Timestamp         Principal
s3g_1       |    2 11/12/19 23:21:19 om/s3g@EXAMPLE.COM
kms_1       |      0K                                                       100% 16.7M=0s
datanode_3  | HTTP request sent, awaiting response... 200 OK
datanode_1  | 
scm_1       | Length: 142 [application/octet-stream]
om_1        | --2019-11-12 23:21:20--  http://kdc:8081/keytab/om/scm
recon_1     | Connecting to kdc (kdc)|172.18.0.3|:8081... connected.
kdc_1       | WARNING: no policy specified for dn/scm@EXAMPLE.COM; defaulting to no policy
datanode_2  | ---- ----------------- --------------------------------------------------------
s3g_1       | Download scm/s3g@EXAMPLE.COM keytab file to /etc/security/keytabs/scm.keytab
kms_1       | 
datanode_3  | Length: 160 [application/octet-stream]
scm_1       | Saving to: '/etc/security/keytabs/scm.keytab'
datanode_1  | 2019-11-12 23:21:23 (21.0 MB/s) - '/etc/security/keytabs/scm.keytab' saved [160/160]
datanode_1  | 
recon_1     | HTTP request sent, awaiting response... 200 OK
kdc_1       | Principal "dn/scm@EXAMPLE.COM" created.
s3g_1       | --2019-11-12 23:21:19--  http://kdc:8081/keytab/s3g/scm
kms_1       | 2019-11-12 23:21:23 (16.7 MB/s) - '/etc/security/keytabs/scm.keytab' saved [160/160]
datanode_2  |    2 11/12/19 23:21:23 scm/6360e6b2725f@EXAMPLE.COM
datanode_3  | Saving to: '/etc/security/keytabs/scm.keytab'
scm_1       | 
om_1        | Resolving kdc (kdc)... 172.18.0.3
datanode_1  | Keytab name: FILE:/etc/security/keytabs/scm.keytab
recon_1     | Length: 146 [application/octet-stream]
kdc_1       | Authenticating as principal admin/admin with keytab /tmp/admin.keytab.
kms_1       | 
datanode_2  |    2 11/12/19 23:21:23 scm/6360e6b2725f@EXAMPLE.COM
datanode_3  | 
s3g_1       | Resolving kdc (kdc)... 172.18.0.3
scm_1       |      0K                                                       100% 10.2M=0s
om_1        | Connecting to kdc (kdc)|172.18.0.3|:8081... connected.
datanode_1  | KVNO Timestamp         Principal
recon_1     | Saving to: '/etc/security/keytabs/scm.keytab'
kdc_1       | Entry for principal dn/scm@EXAMPLE.COM with kvno 2, encryption type aes256-cts-hmac-sha1-96 added to keytab WRFILE:/data/dn.scm.keytab.
kms_1       | Keytab name: FILE:/etc/security/keytabs/scm.keytab
datanode_2  | Download HTTP/6360e6b2725f@EXAMPLE.COM keytab file to /etc/security/keytabs/HTTP.keytab
datanode_3  |      0K                                                       100% 14.9M=0s
s3g_1       | Connecting to kdc (kdc)|172.18.0.3|:8081... connected.
scm_1       | 
om_1        | HTTP request sent, awaiting response... 200 OK
datanode_1  | ---- ----------------- --------------------------------------------------------
recon_1     | 
kdc_1       | Entry for principal dn/scm@EXAMPLE.COM with kvno 2, encryption type aes128-cts-hmac-sha1-96 added to keytab WRFILE:/data/dn.scm.keytab.
datanode_2  | --2019-11-12 23:21:23--  http://kdc:8081/keytab/6360e6b2725f/HTTP
kms_1       | KVNO Timestamp         Principal
datanode_3  | 
s3g_1       | HTTP request sent, awaiting response... 200 OK
scm_1       | 2019-11-12 23:21:20 (10.2 MB/s) - '/etc/security/keytabs/scm.keytab' saved [142/142]
om_1        | Length: 140 [application/octet-stream]
datanode_1  |    2 11/12/19 23:21:23 scm/d1f2ac7c3073@EXAMPLE.COM
recon_1     |      0K                                                       100% 18.1M=0s
kdc_1       | Generiting keytab
datanode_2  | Resolving kdc (kdc)... 172.18.0.3
kms_1       | ---- ----------------- --------------------------------------------------------
datanode_3  | 2019-11-12 23:21:22 (14.9 MB/s) - '/etc/security/keytabs/scm.keytab' saved [160/160]
s3g_1       | Length: 142 [application/octet-stream]
scm_1       | 
om_1        | Saving to: '/etc/security/keytabs/scm.keytab'
datanode_1  |    2 11/12/19 23:21:23 scm/d1f2ac7c3073@EXAMPLE.COM
recon_1     | 
kdc_1       | Authenticating as principal admin/admin with keytab /tmp/admin.keytab.
datanode_2  | Connecting to kdc (kdc)|172.18.0.3|:8081... connected.
kms_1       |    2 11/12/19 23:21:23 scm/b17a25edbaf5@EXAMPLE.COM
s3g_1       | Saving to: '/etc/security/keytabs/scm.keytab'
datanode_3  | 
scm_1       | Keytab name: FILE:/etc/security/keytabs/scm.keytab
om_1        | 
datanode_1  | Download HTTP/d1f2ac7c3073@EXAMPLE.COM keytab file to /etc/security/keytabs/HTTP.keytab
recon_1     | 2019-11-12 23:21:40 (18.1 MB/s) - '/etc/security/keytabs/scm.keytab' saved [146/146]
kdc_1       | WARNING: no policy specified for om/s3g@EXAMPLE.COM; defaulting to no policy
datanode_2  | HTTP request sent, awaiting response... 200 OK
s3g_1       | 
datanode_3  | Keytab name: FILE:/etc/security/keytabs/scm.keytab
kms_1       |    2 11/12/19 23:21:23 scm/b17a25edbaf5@EXAMPLE.COM
scm_1       | KVNO Timestamp         Principal
om_1        |      0K                                                       100% 3.60M=0s
datanode_1  | --2019-11-12 23:21:23--  http://kdc:8081/keytab/d1f2ac7c3073/HTTP
recon_1     | 
kdc_1       | Principal "om/s3g@EXAMPLE.COM" created.
datanode_2  | Length: 162 [application/octet-stream]
s3g_1       |      0K                                                       100% 8.41M=0s
datanode_3  | KVNO Timestamp         Principal
kms_1       | Download HTTP/b17a25edbaf5@EXAMPLE.COM keytab file to /etc/security/keytabs/HTTP.keytab
scm_1       | ---- ----------------- --------------------------------------------------------
om_1        | 
datanode_1  | Resolving kdc (kdc)... 172.18.0.3
recon_1     | Keytab name: FILE:/etc/security/keytabs/scm.keytab
kdc_1       | Authenticating as principal admin/admin with keytab /tmp/admin.keytab.
datanode_2  | Saving to: '/etc/security/keytabs/HTTP.keytab'
s3g_1       | 
datanode_3  | ---- ----------------- --------------------------------------------------------
kms_1       | --2019-11-12 23:21:23--  http://kdc:8081/keytab/b17a25edbaf5/HTTP
scm_1       |    2 11/12/19 23:21:20 scm/scm@EXAMPLE.COM
om_1        | 2019-11-12 23:21:20 (3.60 MB/s) - '/etc/security/keytabs/scm.keytab' saved [140/140]
datanode_1  | Connecting to kdc (kdc)|172.18.0.3|:8081... connected.
recon_1     | KVNO Timestamp         Principal
kdc_1       | Entry for principal om/s3g@EXAMPLE.COM with kvno 2, encryption type aes256-cts-hmac-sha1-96 added to keytab WRFILE:/data/om.s3g.keytab.
datanode_2  | 
s3g_1       | 2019-11-12 23:21:20 (8.41 MB/s) - '/etc/security/keytabs/scm.keytab' saved [142/142]
datanode_3  |    2 11/12/19 23:21:22 scm/6687fb6a4a4a@EXAMPLE.COM
kms_1       | Resolving kdc (kdc)... 172.18.0.3
scm_1       |    2 11/12/19 23:21:20 scm/scm@EXAMPLE.COM
om_1        | 
datanode_1  | HTTP request sent, awaiting response... 200 OK
recon_1     | ---- ----------------- --------------------------------------------------------
kdc_1       | Entry for principal om/s3g@EXAMPLE.COM with kvno 2, encryption type aes128-cts-hmac-sha1-96 added to keytab WRFILE:/data/om.s3g.keytab.
datanode_2  |      0K                                                       100% 15.9M=0s
s3g_1       | 
datanode_3  |    2 11/12/19 23:21:22 scm/6687fb6a4a4a@EXAMPLE.COM
kms_1       | Connecting to kdc (kdc)|172.18.0.3|:8081... connected.
scm_1       | Download HTTP/scm@EXAMPLE.COM keytab file to /etc/security/keytabs/HTTP.keytab
om_1        | Keytab name: FILE:/etc/security/keytabs/scm.keytab
recon_1     |    2 11/12/19 23:21:40 scm/recon@EXAMPLE.COM
datanode_1  | Length: 162 [application/octet-stream]
kdc_1       | Generiting keytab
datanode_2  | 
s3g_1       | Keytab name: FILE:/etc/security/keytabs/scm.keytab
datanode_3  | Download HTTP/6687fb6a4a4a@EXAMPLE.COM keytab file to /etc/security/keytabs/HTTP.keytab
kms_1       | HTTP request sent, awaiting response... 200 OK
scm_1       | --2019-11-12 23:21:20--  http://kdc:8081/keytab/scm/HTTP
om_1        | KVNO Timestamp         Principal
recon_1     |    2 11/12/19 23:21:40 scm/recon@EXAMPLE.COM
datanode_1  | Saving to: '/etc/security/keytabs/HTTP.keytab'
kdc_1       | Authenticating as principal admin/admin with keytab /tmp/admin.keytab.
datanode_2  | 2019-11-12 23:21:23 (15.9 MB/s) - '/etc/security/keytabs/HTTP.keytab' saved [162/162]
s3g_1       | KVNO Timestamp         Principal
datanode_3  | --2019-11-12 23:21:22--  http://kdc:8081/keytab/6687fb6a4a4a/HTTP
kms_1       | Length: 162 [application/octet-stream]
scm_1       | Resolving kdc (kdc)... 172.18.0.3
om_1        | ---- ----------------- --------------------------------------------------------
recon_1     | Download HTTP/recon@EXAMPLE.COM keytab file to /etc/security/keytabs/HTTP.keytab
datanode_1  | 
kdc_1       | WARNING: no policy specified for om/om@EXAMPLE.COM; defaulting to no policy
datanode_2  | 
s3g_1       | ---- ----------------- --------------------------------------------------------
datanode_3  | Resolving kdc (kdc)... 172.18.0.3
kms_1       | Saving to: '/etc/security/keytabs/HTTP.keytab'
scm_1       | Connecting to kdc (kdc)|172.18.0.3|:8081... connected.
om_1        |    2 11/12/19 23:21:20 scm/om@EXAMPLE.COM
recon_1     | --2019-11-12 23:21:40--  http://kdc:8081/keytab/recon/HTTP
datanode_1  |      0K                                                       100% 16.5M=0s
datanode_2  | Keytab name: FILE:/etc/security/keytabs/HTTP.keytab
datanode_3  | Connecting to kdc (kdc)|172.18.0.3|:8081... connected.
s3g_1       |    2 11/12/19 23:21:20 scm/s3g@EXAMPLE.COM
kdc_1       | Nov 12 23:21:19 kdc kadmind[15](Notice): Request: kadm5_init, admin/admin@EXAMPLE.COM, success, client=admin/admin@EXAMPLE.COM, service=kadmin/admin@EXAMPLE.COM, addr=127.0.0.1, vers=4, flavor=6
kms_1       | 
scm_1       | HTTP request sent, awaiting response... 200 OK
om_1        |    2 11/12/19 23:21:20 scm/om@EXAMPLE.COM
recon_1     | Resolving kdc (kdc)... 172.18.0.3
datanode_1  | 
datanode_2  | KVNO Timestamp         Principal
datanode_3  | HTTP request sent, awaiting response... 200 OK
kdc_1       | Nov 12 23:21:19 kdc kadmind[15](Notice): Request: kadm5_get_policy, default, Policy does not exist, client=admin/admin@EXAMPLE.COM, service=kadmin/admin@EXAMPLE.COM, addr=127.0.0.1
s3g_1       |    2 11/12/19 23:21:20 scm/s3g@EXAMPLE.COM
kms_1       |      0K                                                       100% 21.5M=0s
scm_1       | Length: 144 [application/octet-stream]
om_1        | Download HTTP/om@EXAMPLE.COM keytab file to /etc/security/keytabs/HTTP.keytab
recon_1     | Connecting to kdc (kdc)|172.18.0.3|:8081... connected.
datanode_1  | 2019-11-12 23:21:23 (16.5 MB/s) - '/etc/security/keytabs/HTTP.keytab' saved [162/162]
datanode_2  | ---- ----------------- --------------------------------------------------------
datanode_3  | Length: 162 [application/octet-stream]
kdc_1       | Nov 12 23:21:19 kdc kadmind[15](Notice): Request: kadm5_create_principal, test/test@EXAMPLE.COM, success, client=admin/admin@EXAMPLE.COM, service=kadmin/admin@EXAMPLE.COM, addr=127.0.0.1
kms_1       | 
s3g_1       | Download HTTP/s3g@EXAMPLE.COM keytab file to /etc/security/keytabs/HTTP.keytab
scm_1       | Saving to: '/etc/security/keytabs/HTTP.keytab'
om_1        | --2019-11-12 23:21:20--  http://kdc:8081/keytab/om/HTTP
recon_1     | HTTP request sent, awaiting response... 200 OK
datanode_1  | 
datanode_2  |    2 11/12/19 23:21:23 HTTP/6360e6b2725f@EXAMPLE.COM
datanode_3  | Saving to: '/etc/security/keytabs/HTTP.keytab'
kdc_1       | Nov 12 23:21:19 kdc kadmind[15](info): closing down fd 18
kms_1       | 2019-11-12 23:21:24 (21.5 MB/s) - '/etc/security/keytabs/HTTP.keytab' saved [162/162]
s3g_1       | --2019-11-12 23:21:20--  http://kdc:8081/keytab/s3g/HTTP
scm_1       | 
om_1        | Resolving kdc (kdc)... 172.18.0.3
recon_1     | Length: 148 [application/octet-stream]
datanode_1  | Keytab name: FILE:/etc/security/keytabs/HTTP.keytab
datanode_2  |    2 11/12/19 23:21:23 HTTP/6360e6b2725f@EXAMPLE.COM
datanode_3  | 
kdc_1       | Nov 12 23:21:19 kdc kadmind[15](Notice): Request: kadm5_init, admin/admin@EXAMPLE.COM, success, client=admin/admin@EXAMPLE.COM, service=kadmin/admin@EXAMPLE.COM, addr=127.0.0.1, vers=4, flavor=6
kms_1       | 
s3g_1       | Resolving kdc (kdc)... 172.18.0.3
scm_1       |      0K                                                       100% 8.77M=0s
om_1        | Connecting to kdc (kdc)|172.18.0.3|:8081... connected.
recon_1     | Saving to: '/etc/security/keytabs/HTTP.keytab'
datanode_1  | KVNO Timestamp         Principal
datanode_2  | Download testuser/6360e6b2725f@EXAMPLE.COM keytab file to /etc/security/keytabs/testuser.keytab
datanode_3  |      0K                                                       100% 10.8M=0s
kdc_1       | Nov 12 23:21:19 kdc kadmind[15](Notice): Request: kadm5_randkey_principal, test/test@EXAMPLE.COM, success, client=admin/admin@EXAMPLE.COM, service=kadmin/admin@EXAMPLE.COM, addr=127.0.0.1
kms_1       | Keytab name: FILE:/etc/security/keytabs/HTTP.keytab
s3g_1       | Connecting to kdc (kdc)|172.18.0.3|:8081... connected.
scm_1       | 
om_1        | HTTP request sent, awaiting response... 200 OK
recon_1     | 
datanode_1  | ---- ----------------- --------------------------------------------------------
datanode_2  | --2019-11-12 23:21:23--  http://kdc:8081/keytab/6360e6b2725f/testuser
datanode_3  | 
kdc_1       | Nov 12 23:21:19 kdc Nov 12 23:21:19 kdc krb5kdc[9](info): AS_REQ (8 etypes {18 17 20 19 16 23 25 26}) 127.0.0.1: SERVER_NOT_FOUND: admin/admin@EXAMPLE.COM for kadmin/localhost@EXAMPLE.COM, Server not found in Kerberos database
kms_1       | KVNO Timestamp         Principal
s3g_1       | HTTP request sent, awaiting response... 200 OK
scm_1       | 2019-11-12 23:21:20 (8.77 MB/s) - '/etc/security/keytabs/HTTP.keytab' saved [144/144]
om_1        | Length: 142 [application/octet-stream]
recon_1     |      0K                                                       100% 11.9M=0s
datanode_1  |    2 11/12/19 23:21:23 HTTP/d1f2ac7c3073@EXAMPLE.COM
datanode_2  | Resolving kdc (kdc)... 172.18.0.3
datanode_3  | 2019-11-12 23:21:22 (10.8 MB/s) - '/etc/security/keytabs/HTTP.keytab' saved [162/162]
kdc_1       | Nov 12 23:21:19 kdc krb5kdc[9](info): AS_REQ (8 etypes {18 17 20 19 16 23 25 26}) 127.0.0.1: ISSUE: authtime 1573600879, etypes {rep=18 tkt=18 ses=18}, admin/admin@EXAMPLE.COM for kadmin/admin@EXAMPLE.COM
kms_1       | ---- ----------------- --------------------------------------------------------
s3g_1       | Length: 144 [application/octet-stream]
scm_1       | 
om_1        | Saving to: '/etc/security/keytabs/HTTP.keytab'
recon_1     | 
datanode_1  |    2 11/12/19 23:21:23 HTTP/d1f2ac7c3073@EXAMPLE.COM
datanode_2  | Connecting to kdc (kdc)|172.18.0.3|:8081... connected.
datanode_3  | 
kms_1       |    2 11/12/19 23:21:24 HTTP/b17a25edbaf5@EXAMPLE.COM
kdc_1       | Nov 12 23:21:19 kdc krb5kdc[9](info): AS_REQ (8 etypes {18 17 20 19 16 23 25 26}) 127.0.0.1: SERVER_NOT_FOUND: admin/admin@EXAMPLE.COM for kadmin/localhost@EXAMPLE.COM, Server not found in Kerberos database
s3g_1       | Saving to: '/etc/security/keytabs/HTTP.keytab'
scm_1       | Keytab name: FILE:/etc/security/keytabs/HTTP.keytab
om_1        | 
recon_1     | 2019-11-12 23:21:40 (11.9 MB/s) - '/etc/security/keytabs/HTTP.keytab' saved [148/148]
datanode_1  | Download testuser/d1f2ac7c3073@EXAMPLE.COM keytab file to /etc/security/keytabs/testuser.keytab
datanode_2  | HTTP request sent, awaiting response... 200 OK
datanode_3  | Keytab name: FILE:/etc/security/keytabs/HTTP.keytab
kms_1       |    2 11/12/19 23:21:24 HTTP/b17a25edbaf5@EXAMPLE.COM
kdc_1       | Nov 12 23:21:19 kdc krb5kdc[9](info): AS_REQ (8 etypes {18 17 20 19 16 23 25 26}) 127.0.0.1: ISSUE: authtime 1573600879, etypes {rep=18 tkt=18 ses=18}, admin/admin@EXAMPLE.COM for kadmin/admin@EXAMPLE.COM
s3g_1       | 
scm_1       | KVNO Timestamp         Principal
om_1        |      0K                                                       100% 9.88M=0s
recon_1     | 
datanode_2  | Length: 170 [application/octet-stream]
datanode_1  | --2019-11-12 23:21:23--  http://kdc:8081/keytab/d1f2ac7c3073/testuser
datanode_3  | KVNO Timestamp         Principal
kms_1       | Download testuser/b17a25edbaf5@EXAMPLE.COM keytab file to /etc/security/keytabs/testuser.keytab
kdc_1       | Nov 12 23:21:19 kdc krb5kdc[9](info): AS_REQ (8 etypes {18 17 20 19 16 23 25 26}) 127.0.0.1: SERVER_NOT_FOUND: admin/admin@EXAMPLE.COM for kadmin/localhost@EXAMPLE.COM, Server not found in Kerberos database
s3g_1       |      0K                                                       100% 9.49M=0s
scm_1       | ---- ----------------- --------------------------------------------------------
om_1        | 
recon_1     | Keytab name: FILE:/etc/security/keytabs/HTTP.keytab
datanode_2  | Saving to: '/etc/security/keytabs/testuser.keytab'
datanode_1  | Resolving kdc (kdc)... 172.18.0.3
datanode_3  | ---- ----------------- --------------------------------------------------------
kdc_1       | Nov 12 23:21:19 kdc krb5kdc[9](info): AS_REQ (8 etypes {18 17 20 19 16 23 25 26}) 127.0.0.1: ISSUE: authtime 1573600879, etypes {rep=18 tkt=18 ses=18}, admin/admin@EXAMPLE.COM for kadmin/admin@EXAMPLE.COM
s3g_1       | 
kms_1       | --2019-11-12 23:21:24--  http://kdc:8081/keytab/b17a25edbaf5/testuser
scm_1       |    2 11/12/19 23:21:20 HTTP/scm@EXAMPLE.COM
om_1        | 2019-11-12 23:21:20 (9.88 MB/s) - '/etc/security/keytabs/HTTP.keytab' saved [142/142]
recon_1     | KVNO Timestamp         Principal
datanode_2  | 
datanode_1  | Connecting to kdc (kdc)|172.18.0.3|:8081... connected.
datanode_3  |    2 11/12/19 23:21:22 HTTP/6687fb6a4a4a@EXAMPLE.COM
kdc_1       | Nov 12 23:21:19 kdc krb5kdc[9](info): AS_REQ (8 etypes {18 17 20 19 16 23 25 26}) 127.0.0.1: SERVER_NOT_FOUND: admin/admin@EXAMPLE.COM for kadmin/localhost@EXAMPLE.COM, Server not found in Kerberos database
s3g_1       | 2019-11-12 23:21:20 (9.49 MB/s) - '/etc/security/keytabs/HTTP.keytab' saved [144/144]
kms_1       | Resolving kdc (kdc)... 172.18.0.3
scm_1       |    2 11/12/19 23:21:20 HTTP/scm@EXAMPLE.COM
om_1        | 
recon_1     | ---- ----------------- --------------------------------------------------------
datanode_2  |      0K                                                       100% 25.1M=0s
datanode_1  | HTTP request sent, awaiting response... 200 OK
datanode_3  |    2 11/12/19 23:21:22 HTTP/6687fb6a4a4a@EXAMPLE.COM
kdc_1       | Nov 12 23:21:19 kdc krb5kdc[9](info): AS_REQ (8 etypes {18 17 20 19 16 23 25 26}) 127.0.0.1: ISSUE: authtime 1573600879, etypes {rep=18 tkt=18 ses=18}, admin/admin@EXAMPLE.COM for kadmin/admin@EXAMPLE.COM
s3g_1       | 
kms_1       | Connecting to kdc (kdc)|172.18.0.3|:8081... connected.
scm_1       | Download testuser/scm@EXAMPLE.COM keytab file to /etc/security/keytabs/testuser.keytab
om_1        | Keytab name: FILE:/etc/security/keytabs/HTTP.keytab
recon_1     |    2 11/12/19 23:21:40 HTTP/recon@EXAMPLE.COM
datanode_2  | 
datanode_1  | Length: 170 [application/octet-stream]
datanode_3  | Download testuser/6687fb6a4a4a@EXAMPLE.COM keytab file to /etc/security/keytabs/testuser.keytab
kdc_1       | Nov 12 23:21:19 kdc krb5kdc[9](info): AS_REQ (8 etypes {18 17 20 19 16 23 25 26}) 127.0.0.1: SERVER_NOT_FOUND: admin/admin@EXAMPLE.COM for kadmin/localhost@EXAMPLE.COM, Server not found in Kerberos database
kms_1       | HTTP request sent, awaiting response... 200 OK
scm_1       | --2019-11-12 23:21:20--  http://kdc:8081/keytab/scm/testuser
om_1        | KVNO Timestamp         Principal
recon_1     |    2 11/12/19 23:21:40 HTTP/recon@EXAMPLE.COM
s3g_1       | Keytab name: FILE:/etc/security/keytabs/HTTP.keytab
datanode_2  | 2019-11-12 23:21:24 (25.1 MB/s) - '/etc/security/keytabs/testuser.keytab' saved [170/170]
datanode_1  | Saving to: '/etc/security/keytabs/testuser.keytab'
datanode_3  | --2019-11-12 23:21:22--  http://kdc:8081/keytab/6687fb6a4a4a/testuser
kdc_1       | Nov 12 23:21:19 kdc krb5kdc[9](info): AS_REQ (8 etypes {18 17 20 19 16 23 25 26}) 127.0.0.1: ISSUE: authtime 1573600879, etypes {rep=18 tkt=18 ses=18}, admin/admin@EXAMPLE.COM for kadmin/admin@kadmind[15](Notice): Request: kadm5_get_principal, test/test@EXAMPLE.COM, success, client=admin/admin@EXAMPLE.COM, service=kadmin/admin@EXAMPLE.COM, addr=127.0.0.1
scm_1       | Resolving kdc (kdc)... 172.18.0.3
kms_1       | Length: 170 [application/octet-stream]
om_1        | ---- ----------------- --------------------------------------------------------
recon_1     | Download testuser/recon@EXAMPLE.COM keytab file to /etc/security/keytabs/testuser.keytab
s3g_1       | KVNO Timestamp         Principal
datanode_2  | 
datanode_1  | 
datanode_3  | Resolving kdc (kdc)... 172.18.0.3
kdc_1       | Nov 12 23:21:19 kdc kadmind[15](info): closing down fd 18
kms_1       | Saving to: '/etc/security/keytabs/testuser.keytab'
om_1        |    2 11/12/19 23:21:20 HTTP/om@EXAMPLE.COM
recon_1     | --2019-11-12 23:21:40--  http://kdc:8081/keytab/recon/testuser
datanode_2  | Keytab name: FILE:/etc/security/keytabs/testuser.keytab
s3g_1       | ---- ----------------- --------------------------------------------------------
scm_1       | Connecting to kdc (kdc)|172.18.0.3|:8081... connected.
datanode_1  |      0K                                                       100% 16.3M=0s
datanode_3  | Connecting to kdc (kdc)|172.18.0.3|:8081... connected.
kdc_1       | Nov 12 23:21:19 kdc kadmind[15](Notice): Request: kadm5_init, admin/admin@EXAMPLE.COM, success, client=admin/admin@EXAMPLE.COM, service=kadmin/admin@EXAMPLE.COM, addr=127.0.0.1, vers=4, flavor=6
kms_1       | 
om_1        |    2 11/12/19 23:21:20 HTTP/om@EXAMPLE.COM
recon_1     | Resolving kdc (kdc)... 172.18.0.3
s3g_1       |    2 11/12/19 23:21:20 HTTP/s3g@EXAMPLE.COM
datanode_2  | KVNO Timestamp         Principal
scm_1       | HTTP request sent, awaiting response... 200 OK
datanode_1  | 
datanode_3  | HTTP request sent, awaiting response... 200 OK
kdc_1       | Nov 12 23:21:19 kdc kadmind[15](Notice): Request: kadm5_get_policy, default, Policy does not exist, client=admin/admin@EXAMPLE.COM, service=kadmin/admin@EXAMPLE.COM, addr=127.0.0.1
kms_1       |      0K                                                       100% 17.1M=0s
om_1        | Download testuser/om@EXAMPLE.COM keytab file to /etc/security/keytabs/testuser.keytab
recon_1     | Connecting to kdc (kdc)|172.18.0.3|:8081... connected.
s3g_1       |    2 11/12/19 23:21:20 HTTP/s3g@EXAMPLE.COM
datanode_2  | ---- ----------------- --------------------------------------------------------
scm_1       | Length: 152 [application/octet-stream]
datanode_1  | 2019-11-12 23:21:24 (16.3 MB/s) - '/etc/security/keytabs/testuser.keytab' saved [170/170]
datanode_3  | Length: 170 [application/octet-stream]
kdc_1       | Nov 12 23:21:19 kdc kadmind[15](Notice): Request: kadm5_create_principal, dn/s3g@EXAMPLE.COM, success, client=admin/admin@EXAMPLE.COM, service=kadmin/admin@EXAMPLE.COM, addr=127.0.0.1
kms_1       | 
om_1        | --2019-11-12 23:21:20--  http://kdc:8081/keytab/om/testuser
recon_1     | HTTP request sent, awaiting response... 200 OK
s3g_1       | Download testuser/s3g@EXAMPLE.COM keytab file to /etc/security/keytabs/testuser.keytab
datanode_2  |    2 11/12/19 23:21:24 testuser/6360e6b2725f@EXAMPLE.COM
scm_1       | Saving to: '/etc/security/keytabs/testuser.keytab'
datanode_1  | 
datanode_3  | Saving to: '/etc/security/keytabs/testuser.keytab'
kms_1       | 2019-11-12 23:21:24 (17.1 MB/s) - '/etc/security/keytabs/testuser.keytab' saved [170/170]
kdc_1       | Nov 12 23:21:19 kdc kadmind[15](info): closing down fd 18
om_1        | Resolving kdc (kdc)... 172.18.0.3
recon_1     | Length: 156 [application/octet-stream]
s3g_1       | --2019-11-12 23:21:20--  http://kdc:8081/keytab/s3g/testuser
datanode_2  |    2 11/12/19 23:21:24 testuser/6360e6b2725f@EXAMPLE.COM
scm_1       | 
datanode_1  | Keytab name: FILE:/etc/security/keytabs/testuser.keytab
datanode_3  | 
kms_1       | 
kdc_1       | Nov 12 23:21:19 kdc kadmind[15](Notice): Request: kadm5_init, admin/admin@EXAMPLE.COM, success, client=admin/admin@EXAMPLE.COM, service=kadmin/admin@EXAMPLE.COM, addr=127.0.0.1, vers=4EXAMPLE.COM
recon_1     | Saving to: '/etc/security/keytabs/testuser.keytab'
om_1        | Connecting to kdc (kdc)|172.18.0.3|:8081... connected.
s3g_1       | Resolving kdc (kdc)... 172.18.0.3
datanode_2  | Download testuser2/6360e6b2725f@EXAMPLE.COM keytab file to /etc/security/keytabs/testuser2.keytab
scm_1       |      0K                                                       100% 13.6M=0s
datanode_1  | KVNO Timestamp         Principal
datanode_3  |      0K                                                       100% 17.3M=0s
kms_1       | Keytab name: FILE:/etc/security/keytabs/testuser.keytab
kdc_1       | Nov 12 23:21:19 kdc krb5kdc[9](info): AS_REQ (8 etypes {18 17 20 19 16 23 25 26}) 127.0.0.1: SERVER_NOT_FOUND: admin/admin@EXAMPLE.COM for kadmin/localhost@EXAMPLE.COM, Server not found in Kerberos database
recon_1     | 
om_1        | HTTP request sent, awaiting response... 200 OK
s3g_1       | Connecting to kdc (kdc)|172.18.0.3|:8081... connected.
scm_1       | 
datanode_2  | --2019-11-12 23:21:24--  http://kdc:8081/keytab/6360e6b2725f/testuser2
datanode_1  | ---- ----------------- --------------------------------------------------------
datanode_3  | 
kms_1       | KVNO Timestamp         Principal
kdc_1       | Nov 12 23:21:19 kdc krb5kdc[9](info): AS_REQ (8 etypes {18 17 20 19 16 23 25 26}) 127.0.0.1: ISSUE: authtime 1573600879, etypes {rep=18 tkt=18 ses=18}, admin/admin@EXAMPLE.COM for kadmin/admin@EXAMPLE.COM
recon_1     |      0K                                                       100% 15.1M=0s
om_1        | Length: 150 [application/octet-stream]
s3g_1       | HTTP request sent, awaiting response... 200 OK
scm_1       | 2019-11-12 23:21:21 (13.6 MB/s) - '/etc/security/keytabs/testuser.keytab' saved [152/152]
datanode_2  | Resolving kdc (kdc)... 172.18.0.3
