om_1        | STARTUP_MSG:   classpath = /etc/hadoop:/opt/hadoop/share/hadoop/common/*:/opt/hadoop/share/ozone/lib/kerb-simplekdc-1.0.1.jar:/opt/hadoop/share/ozone/lib/protobuf-java-2.5.0.jar:/opt/hadoop/share/ozone/lib/bcpkix-jdk15on-1.60.jar:/opt/hadoop/share/ozone/lib/sqlite-jdbc-3.25.2.jar:/opt/hadoop/share/ozone/lib/netty-3.10.5.Final.jar:/opt/hadoop/share/ozone/lib/commons-validator-1.6.jar:/opt/hadoop/share/ozone/lib/jaxb-impl-2.3.0.1.jar:/opt/hadoop/share/ozone/lib/kerb-core-1.0.1.jar:/opt/hadoop/share/ozone/lib/hadoop-ozone-common-0.5.0-SNAPSHOT.jar:/opt/hadoop/share/ozone/lib/ratis-thirdparty-misc-0.2.0.jar:/opt/hadoop/share/ozone/lib/jsr305-3.0.0.jar:/opt/hadoop/share/ozone/lib/leveldbjni-all-1.8.jar:/opt/hadoop/share/ozone/lib/htrace-core4-4.1.0-incubating.jar:/opt/hadoop/share/ozone/lib/hadoop-annotations-3.2.0.jar:/opt/hadoop/share/ozone/lib/hadoop-hdds-tools-0.5.0-SNAPSHOT.jar:/opt/hadoop/share/ozone/lib/kerb-util-1.0.1.jar:/opt/hadoop/share/ozone/lib/jackson-jaxrs-1.9.13.jar:/opt/hadoop/share/ozone/lib/ratis-server-0.5.0-d6d58d0-SNAPSHOT.jar:/opt/hadoop/share/ozone/lib/kerby-xdr-1.0.1.jar:/opt/hadoop/share/ozone/lib/jetty-webapp-9.3.25.v20180904.jar:/opt/hadoop/share/ozone/lib/jackson-core-asl-1.9.13.jar:/opt/hadoop/share/ozone/lib/commons-net-3.6.jar:/opt/hadoop/share/ozone/lib/log4j-api-2.11.0.jar:/opt/hadoop/share/ozone/lib/netty-all-4.0.52.Final.jar:/opt/hadoop/share/ozone/lib/hadoop-hdfs-3.2.0.jar:/opt/hadoop/share/ozone/lib/jline-0.9.94.jar:/opt/hadoop/share/ozone/lib/opentracing-api-0.31.0.jar:/opt/hadoop/share/ozone/lib/hadoop-hdds-server-framework-0.5.0-SNAPSHOT.jar:/opt/hadoop/share/ozone/lib/slf4j-log4j12-1.7.25.jar:/opt/hadoop/share/ozone/lib/hadoop-hdfs-client-3.2.0.jar:/opt/hadoop/share/ozone/lib/kerby-config-1.0.1.jar:/opt/hadoop/share/ozone/lib/jetty-util-9.3.25.v20180904.jar:/opt/hadoop/share/ozone/lib/libthrift-0.12.0.jar:/opt/hadoop/share/ozone/lib/metrics-core-3.2.4.jar:/opt/hadoop/share/ozone/lib/kerby-pkix-1.0.1.jar:/opt/hadoop/share/ozone/lib/xz-1.0.jar:/opt/hadoop/share/ozone/lib/hadoop-hdds-config-0.5.0-SNAPSHOT.jar:/opt/hadoop/share/ozone/lib/nimbus-jose-jwt-4.41.1.jar:/opt/hadoop/share/ozone/lib/jsr311-api-1.1.1.jar:/opt/hadoop/share/ozone/lib/commons-beanutils-1.9.4.jar:/opt/hadoop/share/ozone/lib/ratis-grpc-0.5.0-d6d58d0-SNAPSHOT.jar:/opt/hadoop/share/ozone/lib/ratis-netty-0.5.0-d6d58d0-SNAPSHOT.jar:/opt/hadoop/share/ozone/lib/javax.servlet-api-3.1.0.jar:/opt/hadoop/share/ozone/lib/kerb-server-1.0.1.jar:/opt/hadoop/share/ozone/lib/zookeeper-3.4.13.jar:/opt/hadoop/share/ozone/lib/avro-1.7.7.jar:/opt/hadoop/share/ozone/lib/kerb-client-1.0.1.jar:/opt/hadoop/share/ozone/lib/jackson-xc-1.9.13.jar:/opt/hadoop/share/ozone/lib/disruptor-3.4.2.jar:/opt/hadoop/share/ozone/lib/guava-11.0.2.jar:/opt/hadoop/share/ozone/lib/ratis-client-0.5.0-d6d58d0-SNAPSHOT.jar:/opt/hadoop/share/ozone/lib/hadoop-hdds-common-0.5.0-SNAPSHOT.jar:/opt/hadoop/share/ozone/lib/curator-framework-2.12.0.jar:/opt/hadoop/share/ozone/lib/dnsjava-2.1.7.jar:/opt/hadoop/share/ozone/lib/commons-configuration2-2.1.1.jar:/opt/hadoop/share/ozone/lib/json-smart-2.3.jar:/opt/hadoop/share/ozone/lib/token-provider-1.0.1.jar:/opt/hadoop/share/ozone/lib/log4j-1.2.17.jar:/opt/hadoop/share/ozone/lib/commons-daemon-1.0.13.jar:/opt/hadoop/share/ozone/lib/bcprov-jdk15on-1.60.jar:/opt/hadoop/share/ozone/lib/ratis-metrics-0.5.0-d6d58d0-SNAPSHOT.jar:/opt/hadoop/share/ozone/lib/commons-lang3-3.7.jar:/opt/hadoop/share/ozone/lib/commons-compress-1.4.1.jar:/opt/hadoop/share/ozone/lib/jaeger-client-0.34.0.jar:/opt/hadoop/share/ozone/lib/jetty-server-9.3.25.v20180904.jar:/opt/hadoop/share/ozone/lib/accessors-smart-1.2.jar:/opt/hadoop/share/ozone/lib/re2j-1.1.jar:/opt/hadoop/share/ozone/lib/curator-recipes-2.12.0.jar:/opt/hadoop/share/ozone/lib/jackson-core-2.9.9.jar:/opt/hadoop/share/ozone/lib/commons-math3-3.1.1.jar:/opt/hadoop/share/ozone/lib/opentracing-noop-0.31.0.jar:/opt/hadoop/share/ozone/lib/httpclient-4.5.2.jar:/opt/hadoop/share/ozone/lib/jaeger-core-0.34.0.jar:/opt/hadoop/share/ozone/lib/asm-5.0.4.jar:/opt/hadoop/share/ozone/lib/curator-client-2.12.0.jar:/opt/hadoop/share/ozone/lib/audience-annotations-0.5.0.jar:/opt/hadoop/share/ozone/lib/kerby-util-1.0.1.jar:/opt/hadoop/share/ozone/lib/jackson-mapper-asl-1.9.13.jar:/opt/hadoop/share/ozone/lib/rocksdbjni-6.0.1.jar:/opt/hadoop/share/ozone/lib/jsp-api-2.1.jar:/opt/hadoop/share/ozone/lib/jsch-0.1.54.jar:/opt/hadoop/share/ozone/lib/opentracing-tracerresolver-0.1.5.jar:/opt/hadoop/share/ozone/lib/paranamer-2.3.jar:/opt/hadoop/share/ozone/lib/log4j-core-2.11.0.jar:/opt/hadoop/share/ozone/lib/jetty-io-9.3.25.v20180904.jar:/opt/hadoop/share/ozone/lib/jetty-xml-9.3.25.v20180904.jar:/opt/hadoop/share/ozone/lib/commons-codec-1.11.jar:/opt/hadoop/share/ozone/lib/commons-pool2-2.6.0.jar:/opt/hadoop/share/ozone/lib/gson-2.2.4.jar:/opt/hadoop/share/ozone/lib/jcip-annotations-1.0-1.jar:/opt/hadoop/share/ozone/lib/kerb-admin-1.0.1.jar:/opt/hadoop/share/ozone/lib/okio-1.13.0.jar:/opt/hadoop/share/ozone/lib/commons-io-2.5.jar:/opt/hadoop/share/ozone/lib/snakeyaml-1.16.jar:/opt/hadoop/share/ozone/lib/hadoop-ozone-client-0.5.0-SNAPSHOT.jar:/opt/hadoop/share/ozone/lib/jersey-core-1.19.jar:/opt/hadoop/share/ozone/lib/jackson-databind-2.9.9.jar:/opt/hadoop/share/ozone/lib/hadoop-hdds-container-service-0.5.0-SNAPSHOT.jar:/opt/hadoop/share/ozone/lib/picocli-3.9.6.jar:/opt/hadoop/share/ozone/lib/jaeger-thrift-0.34.0.jar:/opt/hadoop/share/ozone/lib/ratis-common-0.5.0-d6d58d0-SNAPSHOT.jar:/opt/hadoop/share/ozone/lib/jackson-annotations-2.9.9.jar:/opt/hadoop/share/ozone/lib/commons-cli-1.2.jar:/opt/hadoop/share/ozone/lib/hadoop-hdds-docs-0.5.0-SNAPSHOT.jar:/opt/hadoop/share/ozone/lib/woodstox-core-5.0.3.jar:/opt/hadoop/share/ozone/lib/javax.annotation-api-1.2.jar:/opt/hadoop/share/ozone/lib/snappy-java-1.0.5.jar:/opt/hadoop/share/ozone/lib/jaeger-tracerresolver-0.34.0.jar:/opt/hadoop/share/ozone/lib/jetty-security-9.3.25.v20180904.jar:/opt/hadoop/share/ozone/lib/jetty-http-9.3.25.v20180904.jar:/opt/hadoop/share/ozone/lib/kerby-asn1-1.0.1.jar:/opt/hadoop/share/ozone/lib/okhttp-3.9.0.jar:/opt/hadoop/share/ozone/lib/stax2-api-3.1.4.jar:/opt/hadoop/share/ozone/lib/commons-digester-1.8.1.jar:/opt/hadoop/share/ozone/lib/commons-collections-3.2.2.jar:/opt/hadoop/share/ozone/lib/jettison-1.1.jar:/opt/hadoop/share/ozone/lib/commons-text-1.4.jar:/opt/hadoop/share/ozone/lib/jersey-servlet-1.19.jar:/opt/hadoop/share/ozone/lib/jersey-json-1.19.jar:/opt/hadoop/share/ozone/lib/slf4j-api-1.7.25.jar:/opt/hadoop/share/ozone/lib/jetty-util-ajax-9.3.25.v20180904.jar:/opt/hadoop/share/ozone/lib/commons-logging-1.1.3.jar:/opt/hadoop/share/ozone/lib/hadoop-hdds-client-0.5.0-SNAPSHOT.jar:/opt/hadoop/share/ozone/lib/kerb-identity-1.0.1.jar:/opt/hadoop/share/ozone/lib/ratis-proto-0.5.0-d6d58d0-SNAPSHOT.jar:/opt/hadoop/share/ozone/lib/opentracing-util-0.31.0.jar:/opt/hadoop/share/ozone/lib/hadoop-common-3.2.0.jar:/opt/hadoop/share/ozone/lib/hadoop-auth-3.2.0.jar:/opt/hadoop/share/ozone/lib/kerb-common-1.0.1.jar:/opt/hadoop/share/ozone/lib/jetty-servlet-9.3.25.v20180904.jar:/opt/hadoop/share/ozone/lib/jersey-server-1.19.jar:/opt/hadoop/share/ozone/lib/kerb-crypto-1.0.1.jar:/opt/hadoop/share/ozone/lib/httpcore-4.4.4.jar:/opt/hadoop/share/ozone/web:/opt/hadoop/share/ozone/lib/hadoop-ozone-ozone-manager-0.5.0-SNAPSHOT.jar
rm_1        | 2019-10-29 19:12:47 INFO  ResourceManager:49 - registered UNIX signal handlers for [TERM, HUP, INT]
datanode_3  | 2019-10-29 19:12:50,979 INFO handler.ContextHandler: Started o.e.j.s.ServletContextHandler@1cc680e{/logs,file:///var/log/hadoop/,AVAILABLE}
datanode_1  | 2019-10-29 19:12:50,673 INFO http.HttpServer2: Added filter static_user_filter (class=org.apache.hadoop.http.lib.StaticUserWebFilter$StaticUserFilter) to context logs
datanode_2  | 2019-10-29 19:12:51,289 INFO http.HttpServer2: Added filter static_user_filter (class=org.apache.hadoop.http.lib.StaticUserWebFilter$StaticUserFilter) to context static
nm_1        | ************************************************************/
scm_1       | 2019-10-29 19:12:50,635 INFO server.StorageContainerManagerStarter: registered UNIX signal handlers for [TERM, HUP, INT]
om_1        | STARTUP_MSG:   build = https://github.com/apache/hadoop.git -r e97acb3bd8f3befd27418996fa5d4b50bf2e17bf; compiled by 'sunilg' on 2019-01-15T17:34Z
rm_1        | 2019-10-29 19:12:47 INFO  Configuration:2755 - found resource core-site.xml at file:/opt/hadoop/etc/hadoop/core-site.xml
datanode_3  | 2019-10-29 19:12:50,980 INFO handler.ContextHandler: Started o.e.j.s.ServletContextHandler@6f94fb9d{/static,jar:file:/opt/hadoop/share/ozone/lib/hadoop-hdds-container-service-0.5.0-SNAPSHOT.jar!/webapps/static,AVAILABLE}
datanode_1  | 2019-10-29 19:12:50,673 INFO http.HttpServer2: Added filter static_user_filter (class=org.apache.hadoop.http.lib.StaticUserWebFilter$StaticUserFilter) to context static
datanode_2  | 2019-10-29 19:12:51,315 INFO http.HttpServer2: Jetty bound to port 9882
nm_1        | 2019-10-29 19:12:46 INFO  NodeManager:51 - registered UNIX signal handlers for [TERM, HUP, INT]
scm_1       | 2019-10-29 19:12:51,120 WARN server.ServerUtils: ozone.scm.db.dirs is not configured. We recommend adding this setting. Falling back to ozone.metadata.dirs instead.
om_1        | STARTUP_MSG:   java = 11.0.3
rm_1        | 2019-10-29 19:12:47 INFO  Configuration:2752 - resource-types.xml not found
datanode_3  | 2019-10-29 19:12:51,093 INFO handler.ContextHandler: Started o.e.j.w.WebAppContext@7f1ef916{/,file:///tmp/jetty-0.0.0.0-9882-hddsDatanode-_-any-7879344684237032285.dir/webapp/,AVAILABLE}{/hddsDatanode}
datanode_1  | 2019-10-29 19:12:50,703 INFO http.HttpServer2: Jetty bound to port 9882
datanode_2  | 2019-10-29 19:12:51,318 INFO server.Server: jetty-9.3.25.v20180904, build timestamp: 2018-09-04T21:11:46Z, git hash: 3ce520221d0240229c862b122d2b06c12a625732
nm_1        | 2019-10-29 19:12:48 INFO  NodeManager:322 - Node Manager health check script is not available or doesn't have execute permission, so not starting the node health script runner.
scm_1       | 2019-10-29 19:12:51,136 WARN server.ServerUtils: ozone.scm.db.dirs is not configured. We recommend adding this setting. Falling back to ozone.metadata.dirs instead.
om_1        | ************************************************************/
rm_1        | 2019-10-29 19:12:47 INFO  ResourceUtils:418 - Unable to find 'resource-types.xml'.
datanode_3  | 2019-10-29 19:12:51,104 INFO server.AbstractConnector: Started ServerConnector@4277127c{HTTP/1.1,[http/1.1]}{0.0.0.0:9882}
datanode_1  | 2019-10-29 19:12:50,705 INFO server.Server: jetty-9.3.25.v20180904, build timestamp: 2018-09-04T21:11:46Z, git hash: 3ce520221d0240229c862b122d2b06c12a625732
datanode_2  | 2019-10-29 19:12:51,348 INFO handler.ContextHandler: Started o.e.j.s.ServletContextHandler@67e13bd0{/logs,file:///var/log/hadoop/,AVAILABLE}
nm_1        | 2019-10-29 19:12:48 INFO  AsyncDispatcher:223 - Registering class org.apache.hadoop.yarn.server.nodemanager.containermanager.container.ContainerEventType for class org.apache.hadoop.yarn.server.nodemanager.containermanager.ContainerManagerImpl$ContainerEventDispatcher
om_1        | 2019-10-29 19:12:57,433 [main] INFO       - registered UNIX signal handlers for [TERM, HUP, INT]
rm_1        | 2019-10-29 19:12:47 INFO  Configuration:2755 - found resource yarn-site.xml at file:/opt/hadoop/etc/hadoop/yarn-site.xml
scm_1       | 2019-10-29 19:12:51,180 INFO util.log: Logging initialized @1857ms
datanode_3  | 2019-10-29 19:12:51,104 INFO server.Server: Started @4623ms
datanode_1  | 2019-10-29 19:12:50,745 INFO handler.ContextHandler: Started o.e.j.s.ServletContextHandler@2f4c2cd4{/logs,file:///var/log/hadoop/,AVAILABLE}
datanode_2  | 2019-10-29 19:12:51,349 INFO handler.ContextHandler: Started o.e.j.s.ServletContextHandler@68b9834c{/static,jar:file:/opt/hadoop/share/ozone/lib/hadoop-hdds-container-service-0.5.0-SNAPSHOT.jar!/webapps/static,AVAILABLE}
nm_1        | 2019-10-29 19:12:48 INFO  AsyncDispatcher:223 - Registering class org.apache.hadoop.yarn.server.nodemanager.containermanager.application.ApplicationEventType for class org.apache.hadoop.yarn.server.nodemanager.containermanager.ContainerManagerImpl$ApplicationEventDispatcher
om_1        | 2019-10-29 19:12:58,292 [main] INFO       - Configuration either no ozone.om.address set. Falling back to the default OM address om/172.18.0.2:9862
rm_1        | 2019-10-29 19:12:47 INFO  AsyncDispatcher:223 - Registering class org.apache.hadoop.yarn.server.resourcemanager.RMFatalEventType for class org.apache.hadoop.yarn.server.resourcemanager.ResourceManager$RMFatalEventDispatcher
datanode_3  | 2019-10-29 19:12:51,111 INFO impl.MetricsSinkAdapter: Sink prometheus started
datanode_1  | 2019-10-29 19:12:50,748 INFO handler.ContextHandler: Started o.e.j.s.ServletContextHandler@1dc3502b{/static,jar:file:/opt/hadoop/share/ozone/lib/hadoop-hdds-container-service-0.5.0-SNAPSHOT.jar!/webapps/static,AVAILABLE}
datanode_2  | 2019-10-29 19:12:51,445 INFO handler.ContextHandler: Started o.e.j.w.WebAppContext@1f03fba0{/,file:///tmp/jetty-0.0.0.0-9882-hddsDatanode-_-any-10029434389090073100.dir/webapp/,AVAILABLE}{/hddsDatanode}
scm_1       | 2019-10-29 19:12:51,322 INFO db.DBStoreBuilder: using custom profile for table: deletedBlocks
om_1        | 2019-10-29 19:12:58,292 [main] INFO       - OM Service ID is not set. Setting it to the default ID: omServiceIdDefault
nm_1        | 2019-10-29 19:12:48 INFO  AsyncDispatcher:223 - Registering class org.apache.hadoop.yarn.server.nodemanager.containermanager.localizer.event.LocalizationEventType for class org.apache.hadoop.yarn.server.nodemanager.containermanager.ContainerManagerImpl$LocalizationEventHandlerWrapper
rm_1        | 2019-10-29 19:12:48 INFO  NMTokenSecretManagerInRM:75 - NMTokenKeyRollingInterval: 86400000ms and NMTokenKeyActivationDelay: 900000ms
datanode_3  | 2019-10-29 19:12:51,112 INFO impl.MetricsSystemImpl: Registered sink prometheus
datanode_1  | 2019-10-29 19:12:50,890 INFO handler.ContextHandler: Started o.e.j.w.WebAppContext@69923ac3{/,file:///tmp/jetty-0.0.0.0-9882-hddsDatanode-_-any-11481848648703783180.dir/webapp/,AVAILABLE}{/hddsDatanode}
datanode_2  | 2019-10-29 19:12:51,457 INFO server.AbstractConnector: Started ServerConnector@22ebccb9{HTTP/1.1,[http/1.1]}{0.0.0.0:9882}
scm_1       | 2019-10-29 19:12:51,323 INFO db.DBStoreBuilder: Using default column profile:DBProfile.DISK for Table:deletedBlocks
om_1        | 2019-10-29 19:12:58,299 WARN server.ServerUtils: ozone.om.db.dirs is not configured. We recommend adding this setting. Falling back to ozone.metadata.dirs instead.
nm_1        | 2019-10-29 19:12:48 INFO  AsyncDispatcher:223 - Registering class org.apache.hadoop.yarn.server.nodemanager.containermanager.AuxServicesEventType for class org.apache.hadoop.yarn.server.nodemanager.containermanager.AuxServices
datanode_3  | 2019-10-29 19:12:51,114 INFO server.BaseHttpServer: HTTP server of HDDSDATANODE is listening at http://0.0.0.0:9882
rm_1        | 2019-10-29 19:12:48 INFO  RMContainerTokenSecretManager:81 - ContainerTokenKeyRollingInterval: 86400000ms and ContainerTokenKeyActivationDelay: 900000ms
datanode_1  | 2019-10-29 19:12:50,901 INFO server.AbstractConnector: Started ServerConnector@20d87335{HTTP/1.1,[http/1.1]}{0.0.0.0:9882}
datanode_2  | 2019-10-29 19:12:51,458 INFO server.Server: Started @4945ms
scm_1       | 2019-10-29 19:12:51,323 INFO db.DBStoreBuilder: using custom profile for table: validCerts
om_1        | 2019-10-29 19:12:58,310 WARN server.ServerUtils: ozone.om.db.dirs is not configured. We recommend adding this setting. Falling back to ozone.metadata.dirs instead.
nm_1        | 2019-10-29 19:12:48 INFO  AsyncDispatcher:223 - Registering class org.apache.hadoop.yarn.server.nodemanager.containermanager.monitor.ContainersMonitorEventType for class org.apache.hadoop.yarn.server.nodemanager.containermanager.monitor.ContainersMonitorImpl
datanode_3  | 2019-10-29 19:12:51,166 INFO util.JvmPauseMonitor: Starting JVM pause monitor
rm_1        | 2019-10-29 19:12:48 INFO  AMRMTokenSecretManager:94 - AMRMTokenKeyRollingInterval: 86400000ms and AMRMTokenKeyActivationDelay: 900000 ms
datanode_1  | 2019-10-29 19:12:50,905 INFO server.Server: Started @4516ms
datanode_2  | 2019-10-29 19:12:51,463 INFO impl.MetricsSinkAdapter: Sink prometheus started
scm_1       | 2019-10-29 19:12:51,324 INFO db.DBStoreBuilder: Using default column profile:DBProfile.DISK for Table:validCerts
om_1        | 2019-10-29 19:12:59,081 WARN server.ServerUtils: ozone.om.db.dirs is not configured. We recommend adding this setting. Falling back to ozone.metadata.dirs instead.
nm_1        | 2019-10-29 19:12:48 INFO  AsyncDispatcher:223 - Registering class org.apache.hadoop.yarn.server.nodemanager.containermanager.launcher.ContainersLauncherEventType for class org.apache.hadoop.yarn.server.nodemanager.containermanager.launcher.ContainersLauncher
datanode_3  | 2019-10-29 19:12:51,357 [Datanode State Machine Thread - 0] INFO       - DatanodeDetails is persisted to /data/metadata/datanode.id
rm_1        | 2019-10-29 19:12:48 INFO  AsyncDispatcher:223 - Registering class org.apache.hadoop.yarn.server.resourcemanager.recovery.RMStateStoreEventType for class org.apache.hadoop.yarn.server.resourcemanager.recovery.RMStateStore$ForwardingEventHandler
datanode_1  | 2019-10-29 19:12:50,921 INFO impl.MetricsSinkAdapter: Sink prometheus started
datanode_2  | 2019-10-29 19:12:51,463 INFO impl.MetricsSystemImpl: Registered sink prometheus
scm_1       | 2019-10-29 19:12:51,324 INFO db.DBStoreBuilder: using custom profile for table: revokedCerts
om_1        | 2019-10-29 19:12:59,121 INFO util.log: Logging initialized @2476ms
nm_1        | 2019-10-29 19:12:48 INFO  AsyncDispatcher:223 - Registering class org.apache.hadoop.yarn.server.nodemanager.containermanager.scheduler.ContainerSchedulerEventType for class org.apache.hadoop.yarn.server.nodemanager.containermanager.scheduler.ContainerScheduler
datanode_3  | 2019-10-29 19:12:53,763 [Datanode State Machine Thread - 0] INFO       - Attempting to start container services.
rm_1        | 2019-10-29 19:12:48 INFO  AsyncDispatcher:223 - Registering class org.apache.hadoop.yarn.server.resourcemanager.NodesListManagerEventType for class org.apache.hadoop.yarn.server.resourcemanager.NodesListManager
datanode_1  | 2019-10-29 19:12:50,921 INFO impl.MetricsSystemImpl: Registered sink prometheus
datanode_2  | 2019-10-29 19:12:51,466 INFO server.BaseHttpServer: HTTP server of HDDSDATANODE is listening at http://0.0.0.0:9882
scm_1       | 2019-10-29 19:12:51,324 INFO db.DBStoreBuilder: Using default column profile:DBProfile.DISK for Table:revokedCerts
nm_1        | 2019-10-29 19:12:48 INFO  NMLogAggregationStatusTracker:89 - the rolling interval seconds for the NodeManager Cached Log aggregation status is 600
om_1        | 2019-10-29 19:12:59,248 INFO db.DBStoreBuilder: using custom profile for table: userTable
datanode_3  | 2019-10-29 19:12:53,766 [Datanode State Machine Thread - 0] INFO       - Background container scanner has been disabled.
rm_1        | 2019-10-29 19:12:48 INFO  ResourceManager:440 - Using Scheduler: org.apache.hadoop.yarn.server.resourcemanager.scheduler.capacity.CapacityScheduler
datanode_1  | 2019-10-29 19:12:50,924 INFO server.BaseHttpServer: HTTP server of HDDSDATANODE is listening at http://0.0.0.0:9882
datanode_2  | 2019-10-29 19:12:51,480 INFO util.JvmPauseMonitor: Starting JVM pause monitor
scm_1       | 2019-10-29 19:12:51,340 INFO db.DBStoreBuilder: using custom profile for table: default
nm_1        | 2019-10-29 19:12:48 INFO  AsyncDispatcher:223 - Registering class org.apache.hadoop.yarn.server.nodemanager.ContainerManagerEventType for class org.apache.hadoop.yarn.server.nodemanager.containermanager.ContainerManagerImpl
om_1        | 2019-10-29 19:12:59,249 INFO db.DBStoreBuilder: Using default column profile:DBProfile.DISK for Table:userTable
datanode_3  | 2019-10-29 19:12:53,766 [Datanode State Machine Thread - 0] INFO       - Starting XceiverServerRatis ef6a0f03-1a38-4e10-ab65-f31c7b5bd539 at port 9858
rm_1        | 2019-10-29 19:12:48 INFO  AsyncDispatcher:223 - Registering class org.apache.hadoop.yarn.server.resourcemanager.scheduler.event.SchedulerEventType for class org.apache.hadoop.yarn.event.EventDispatcher
datanode_1  | 2019-10-29 19:12:50,947 INFO util.JvmPauseMonitor: Starting JVM pause monitor
datanode_2  | 2019-10-29 19:12:51,717 [Datanode State Machine Thread - 0] INFO       - DatanodeDetails is persisted to /data/metadata/datanode.id
scm_1       | 2019-10-29 19:12:51,340 INFO db.DBStoreBuilder: Using default column profile:DBProfile.DISK for Table:default
nm_1        | 2019-10-29 19:12:48 INFO  AsyncDispatcher:223 - Registering class org.apache.hadoop.yarn.server.nodemanager.NodeManagerEventType for class org.apache.hadoop.yarn.server.nodemanager.NodeManager
om_1        | 2019-10-29 19:12:59,250 INFO db.DBStoreBuilder: using custom profile for table: volumeTable
datanode_3  | 2019-10-29 19:12:53,785 INFO impl.RaftServerProxy: ef6a0f03-1a38-4e10-ab65-f31c7b5bd539: start RPC server
rm_1        | 2019-10-29 19:12:48 INFO  AsyncDispatcher:223 - Registering class org.apache.hadoop.yarn.server.resourcemanager.rmapp.RMAppEventType for class org.apache.hadoop.yarn.server.resourcemanager.ResourceManager$ApplicationEventDispatcher
datanode_1  | 2019-10-29 19:12:51,208 [Datanode State Machine Thread - 0] INFO       - DatanodeDetails is persisted to /data/metadata/datanode.id
scm_1       | 2019-10-29 19:12:51,343 INFO db.DBStoreBuilder: Using default options. DBProfile.DISK
nm_1        | 2019-10-29 19:12:48 INFO  FluentPropertyBeanIntrospector:147 - Error when creating PropertyDescriptor for public final void org.apache.commons.configuration2.AbstractConfiguration.setProperty(java.lang.String,java.lang.Object)! Ignoring this property.
om_1        | 2019-10-29 19:12:59,250 INFO db.DBStoreBuilder: Using default column profile:DBProfile.DISK for Table:volumeTable
datanode_2  | 2019-10-29 19:12:53,763 [Datanode State Machine Thread - 0] INFO       - Attempting to start container services.
datanode_3  | 2019-10-29 19:12:53,880 INFO server.GrpcService: ef6a0f03-1a38-4e10-ab65-f31c7b5bd539: GrpcService started, listening on 0.0.0.0/0.0.0.0:9858
rm_1        | 2019-10-29 19:12:48 INFO  AsyncDispatcher:223 - Registering class org.apache.hadoop.yarn.server.resourcemanager.rmapp.attempt.RMAppAttemptEventType for class org.apache.hadoop.yarn.server.resourcemanager.ResourceManager$ApplicationAttemptEventDispatcher
datanode_1  | 2019-10-29 19:12:53,763 [Datanode State Machine Thread - 0] INFO       - Attempting to start container services.
scm_1       | 2019-10-29 19:12:51,574 INFO net.NodeSchemaLoader: Loading file from java.lang.CompoundEnumeration@62833051
nm_1        | 2019-10-29 19:12:48 INFO  MetricsConfig:121 - loaded properties from hadoop-metrics2.properties
om_1        | 2019-10-29 19:12:59,250 INFO db.DBStoreBuilder: using custom profile for table: bucketTable
datanode_2  | 2019-10-29 19:12:53,765 [Datanode State Machine Thread - 0] INFO       - Background container scanner has been disabled.
datanode_3  | WARNING: An illegal reflective access operation has occurred
rm_1        | 2019-10-29 19:12:48 INFO  AsyncDispatcher:223 - Registering class org.apache.hadoop.yarn.server.resourcemanager.rmnode.RMNodeEventType for class org.apache.hadoop.yarn.server.resourcemanager.ResourceManager$NodeEventDispatcher
datanode_1  | 2019-10-29 19:12:53,766 [Datanode State Machine Thread - 0] INFO       - Background container scanner has been disabled.
scm_1       | 2019-10-29 19:12:51,577 INFO net.NodeSchemaLoader: Loading network topology layer schema file
nm_1        | 2019-10-29 19:12:48 INFO  MetricsSystemImpl:374 - Scheduled Metric snapshot period at 10 second(s).
datanode_2  | 2019-10-29 19:12:53,765 [Datanode State Machine Thread - 0] INFO       - Starting XceiverServerRatis d42f90dc-c1a5-4e78-8556-aa2ad1574099 at port 9858
om_1        | 2019-10-29 19:12:59,250 INFO db.DBStoreBuilder: Using default column profile:DBProfile.DISK for Table:bucketTable
datanode_3  | WARNING: Illegal reflective access by org.apache.ratis.thirdparty.com.google.protobuf.UnsafeUtil (file:/opt/hadoop/share/ozone/lib/ratis-thirdparty-misc-0.2.0.jar) to field java.nio.Buffer.address
rm_1        | 2019-10-29 19:12:48 INFO  FluentPropertyBeanIntrospector:147 - Error when creating PropertyDescriptor for public final void org.apache.commons.configuration2.AbstractConfiguration.setProperty(java.lang.String,java.lang.Object)! Ignoring this property.
datanode_1  | 2019-10-29 19:12:53,766 [Datanode State Machine Thread - 0] INFO       - Starting XceiverServerRatis c07a99f9-faec-41dc-9a5c-391f3c822e54 at port 9858
scm_1       | 2019-10-29 19:12:51,708 INFO node.SCMNodeManager: Entering startup safe mode.
nm_1        | 2019-10-29 19:12:48 INFO  MetricsSystemImpl:191 - NodeManager metrics system started
datanode_2  | 2019-10-29 19:12:53,784 INFO impl.RaftServerProxy: d42f90dc-c1a5-4e78-8556-aa2ad1574099: start RPC server
om_1        | 2019-10-29 19:12:59,251 INFO db.DBStoreBuilder: using custom profile for table: keyTable
datanode_3  | WARNING: Please consider reporting this to the maintainers of org.apache.ratis.thirdparty.com.google.protobuf.UnsafeUtil
rm_1        | 2019-10-29 19:12:48 INFO  MetricsConfig:121 - loaded properties from hadoop-metrics2.properties
datanode_1  | 2019-10-29 19:12:53,785 INFO impl.RaftServerProxy: c07a99f9-faec-41dc-9a5c-391f3c822e54: start RPC server
scm_1       | 2019-10-29 19:12:51,867 INFO algorithms.ContainerPlacementPolicyFactory: Create container placement policy of type org.apache.hadoop.hdds.scm.container.placement.algorithms.SCMContainerPlacementRandom
nm_1        | 2019-10-29 19:12:48 INFO  DirectoryCollection:189 - Disk Validator: yarn.nodemanager.disk-validator is loaded.
datanode_2  | 2019-10-29 19:12:53,887 INFO server.GrpcService: d42f90dc-c1a5-4e78-8556-aa2ad1574099: GrpcService started, listening on 0.0.0.0/0.0.0.0:9858
om_1        | 2019-10-29 19:12:59,251 INFO db.DBStoreBuilder: Using default column profile:DBProfile.DISK for Table:keyTable
datanode_3  | WARNING: Use --illegal-access=warn to enable warnings of further illegal reflective access operations
rm_1        | 2019-10-29 19:12:48 INFO  MetricsSystemImpl:374 - Scheduled Metric snapshot period at 10 second(s).
datanode_1  | 2019-10-29 19:12:53,885 INFO server.GrpcService: c07a99f9-faec-41dc-9a5c-391f3c822e54: GrpcService started, listening on 0.0.0.0/0.0.0.0:9858
scm_1       | 2019-10-29 19:12:51,883 WARN server.ServerUtils: ozone.scm.db.dirs is not configured. We recommend adding this setting. Falling back to ozone.metadata.dirs instead.
nm_1        | 2019-10-29 19:12:48 INFO  DirectoryCollection:189 - Disk Validator: yarn.nodemanager.disk-validator is loaded.
datanode_2  | WARNING: An illegal reflective access operation has occurred
om_1        | 2019-10-29 19:12:59,251 INFO db.DBStoreBuilder: using custom profile for table: deletedTable
datanode_3  | WARNING: All illegal access operations will be denied in a future release
rm_1        | 2019-10-29 19:12:48 INFO  MetricsSystemImpl:191 - ResourceManager metrics system started
datanode_1  | WARNING: An illegal reflective access operation has occurred
scm_1       | 2019-10-29 19:12:51,968 INFO pipeline.SCMPipelineManager: No pipeline exists in current db
datanode_2  | WARNING: Illegal reflective access by org.apache.ratis.thirdparty.com.google.protobuf.UnsafeUtil (file:/opt/hadoop/share/ozone/lib/ratis-thirdparty-misc-0.2.0.jar) to field java.nio.Buffer.address
nm_1        | 2019-10-29 19:12:48 INFO  NodeResourceMonitorImpl:75 -  Using ResourceCalculatorPlugin : org.apache.hadoop.yarn.util.ResourceCalculatorPlugin@59e2d8e3
om_1        | 2019-10-29 19:12:59,251 INFO db.DBStoreBuilder: Using default column profile:DBProfile.DISK for Table:deletedTable
datanode_3  | 2019-10-29 19:12:56,432 INFO impl.RaftServerProxy: ef6a0f03-1a38-4e10-ab65-f31c7b5bd539: addNew group-7D7F645E35B4:[ef6a0f03-1a38-4e10-ab65-f31c7b5bd539:172.18.0.9:9858] returns group-7D7F645E35B4:java.util.concurrent.CompletableFuture@dca30c5[Not completed]
rm_1        | 2019-10-29 19:12:48 INFO  YarnAuthorizationProvider:58 - org.apache.hadoop.yarn.security.ConfiguredYarnAuthorizer is instantiated.
datanode_1  | WARNING: Illegal reflective access by org.apache.ratis.thirdparty.com.google.protobuf.UnsafeUtil (file:/opt/hadoop/share/ozone/lib/ratis-thirdparty-misc-0.2.0.jar) to field java.nio.Buffer.address
scm_1       | 2019-10-29 19:12:51,970 WARN server.ServerUtils: ozone.scm.db.dirs is not configured. We recommend adding this setting. Falling back to ozone.metadata.dirs instead.
datanode_2  | WARNING: Please consider reporting this to the maintainers of org.apache.ratis.thirdparty.com.google.protobuf.UnsafeUtil
nm_1        | 2019-10-29 19:12:48 INFO  AsyncDispatcher:223 - Registering class org.apache.hadoop.yarn.server.nodemanager.containermanager.loghandler.event.LogHandlerEventType for class org.apache.hadoop.yarn.server.nodemanager.containermanager.loghandler.NonAggregatingLogHandler
om_1        | 2019-10-29 19:12:59,252 INFO db.DBStoreBuilder: using custom profile for table: openKeyTable
datanode_3  | 2019-10-29 19:12:56,447 INFO impl.RaftServerImpl: ef6a0f03-1a38-4e10-ab65-f31c7b5bd539: new RaftServerImpl for group-7D7F645E35B4:[ef6a0f03-1a38-4e10-ab65-f31c7b5bd539:172.18.0.9:9858] with ContainerStateMachine:uninitialized
rm_1        | 2019-10-29 19:12:48 INFO  AsyncDispatcher:223 - Registering class org.apache.hadoop.yarn.server.resourcemanager.RMAppManagerEventType for class org.apache.hadoop.yarn.server.resourcemanager.RMAppManager
datanode_1  | WARNING: Please consider reporting this to the maintainers of org.apache.ratis.thirdparty.com.google.protobuf.UnsafeUtil
datanode_2  | WARNING: Use --illegal-access=warn to enable warnings of further illegal reflective access operations
scm_1       | 2019-10-29 19:12:52,081 WARN events.EventQueue: No event handler registered for event TypedEvent{payloadType=SafeModeStatus, name='SafeModeStatus'}
nm_1        | 2019-10-29 19:12:48 INFO  AsyncDispatcher:223 - Registering class org.apache.hadoop.yarn.server.nodemanager.containermanager.localizer.sharedcache.SharedCacheUploadEventType for class org.apache.hadoop.yarn.server.nodemanager.containermanager.localizer.sharedcache.SharedCacheUploadService
om_1        | 2019-10-29 19:12:59,252 INFO db.DBStoreBuilder: Using default column profile:DBProfile.DISK for Table:openKeyTable
datanode_3  | 2019-10-29 19:12:56,448 INFO server.RaftServerConfigKeys: raft.server.rpc.timeout.min = 5s (custom)
rm_1        | 2019-10-29 19:12:48 INFO  AsyncDispatcher:223 - Registering class org.apache.hadoop.yarn.server.resourcemanager.amlauncher.AMLauncherEventType for class org.apache.hadoop.yarn.server.resourcemanager.amlauncher.ApplicationMasterLauncher
datanode_1  | WARNING: Use --illegal-access=warn to enable warnings of further illegal reflective access operations
datanode_2  | WARNING: All illegal access operations will be denied in a future release
scm_1       | 2019-10-29 19:12:52,890 INFO ipc.CallQueueManager: Using callQueue: class java.util.concurrent.LinkedBlockingQueue, queueCapacity: 1000, scheduler: class org.apache.hadoop.ipc.DefaultRpcScheduler, ipcBackoff: false.
nm_1        | 2019-10-29 19:12:48 INFO  ContainerManagerImpl:336 - AMRMProxyService is disabled
om_1        | 2019-10-29 19:12:59,253 INFO db.DBStoreBuilder: using custom profile for table: s3Table
rm_1        | 2019-10-29 19:12:48 INFO  RMNMInfo:63 - Registered RMNMInfo MBean
datanode_3  | 2019-10-29 19:12:56,448 INFO server.RaftServerConfigKeys: raft.server.rpc.timeout.max = 5200ms (custom)
datanode_1  | WARNING: All illegal access operations will be denied in a future release
datanode_2  | 2019-10-29 19:12:56,895 INFO impl.RaftServerProxy: d42f90dc-c1a5-4e78-8556-aa2ad1574099: addNew group-A2C5FB50E9CF:[d42f90dc-c1a5-4e78-8556-aa2ad1574099:172.18.0.7:9858] returns group-A2C5FB50E9CF:java.util.concurrent.CompletableFuture@8a56390[Not completed]
scm_1       | 2019-10-29 19:12:52,912 INFO ipc.Server: Starting Socket Reader #1 for port 9861
nm_1        | 2019-10-29 19:12:48 INFO  ResourceLocalizationService:242 - per directory file limit = 8192
om_1        | 2019-10-29 19:12:59,253 INFO db.DBStoreBuilder: Using default column profile:DBProfile.DISK for Table:s3Table
rm_1        | 2019-10-29 19:12:48 INFO  RMAppLifetimeMonitor:66 - Application lifelime monitor interval set to 3000 ms.
datanode_3  | 2019-10-29 19:12:56,449 INFO server.RaftServerConfigKeys: raft.server.rpcslowness.timeout = 120s (custom)
datanode_1  | 2019-10-29 19:12:55,930 INFO impl.RaftServerProxy: c07a99f9-faec-41dc-9a5c-391f3c822e54: addNew group-778169786676:[c07a99f9-faec-41dc-9a5c-391f3c822e54:172.18.0.5:9858] returns group-778169786676:java.util.concurrent.CompletableFuture@2e120b7d[Not completed]
datanode_2  | 2019-10-29 19:12:56,926 INFO impl.RaftServerImpl: d42f90dc-c1a5-4e78-8556-aa2ad1574099: new RaftServerImpl for group-A2C5FB50E9CF:[d42f90dc-c1a5-4e78-8556-aa2ad1574099:172.18.0.7:9858] with ContainerStateMachine:uninitialized
nm_1        | 2019-10-29 19:12:48 INFO  ResourceLocalizationService:271 - Disk Validator: yarn.nodemanager.disk-validator is loaded.
om_1        | 2019-10-29 19:12:59,253 INFO db.DBStoreBuilder: using custom profile for table: multipartInfoTable
scm_1       | 2019-10-29 19:12:52,937 INFO ipc.CallQueueManager: Using callQueue: class java.util.concurrent.LinkedBlockingQueue, queueCapacity: 1000, scheduler: class org.apache.hadoop.ipc.DefaultRpcScheduler, ipcBackoff: false.
rm_1        | 2019-10-29 19:12:48 INFO  HostsFileReader:211 - Refreshing hosts (include/exclude) list
datanode_3  | 2019-10-29 19:12:56,449 INFO server.RaftServerConfigKeys: raft.server.sleep.deviation.threshold = 300 (default)
datanode_1  | 2019-10-29 19:12:55,963 INFO impl.RaftServerImpl: c07a99f9-faec-41dc-9a5c-391f3c822e54: new RaftServerImpl for group-778169786676:[c07a99f9-faec-41dc-9a5c-391f3c822e54:172.18.0.5:9858] with ContainerStateMachine:uninitialized
datanode_2  | 2019-10-29 19:12:56,927 INFO server.RaftServerConfigKeys: raft.server.rpc.timeout.min = 5s (custom)
nm_1        | 2019-10-29 19:12:48 INFO  AsyncDispatcher:223 - Registering class org.apache.hadoop.yarn.server.nodemanager.containermanager.localizer.event.LocalizerEventType for class org.apache.hadoop.yarn.server.nodemanager.containermanager.localizer.ResourceLocalizationService$LocalizerTracker
om_1        | 2019-10-29 19:12:59,253 INFO db.DBStoreBuilder: Using default column profile:DBProfile.DISK for Table:multipartInfoTable
scm_1       | 2019-10-29 19:12:52,938 INFO ipc.Server: Starting Socket Reader #1 for port 9863
rm_1        | 2019-10-29 19:12:48 INFO  Configuration:2755 - found resource capacity-scheduler.xml at file:/opt/hadoop/etc/hadoop/capacity-scheduler.xml
datanode_3  | 2019-10-29 19:12:56,450 INFO server.RaftServerConfigKeys: raft.server.log.appender.install.snapshot.enabled = false (custom)
datanode_1  | 2019-10-29 19:12:55,964 INFO server.RaftServerConfigKeys: raft.server.rpc.timeout.min = 5s (custom)
datanode_2  | 2019-10-29 19:12:56,928 INFO server.RaftServerConfigKeys: raft.server.rpc.timeout.max = 5200ms (custom)
nm_1        | 2019-10-29 19:12:48 INFO  AuxServices:103 - Adding auxiliary service mapreduce_shuffle, "mapreduce_shuffle"
om_1        | 2019-10-29 19:12:59,254 INFO db.DBStoreBuilder: using custom profile for table: dTokenTable
scm_1       | 2019-10-29 19:12:52,947 INFO ipc.CallQueueManager: Using callQueue: class java.util.concurrent.LinkedBlockingQueue, queueCapacity: 1000, scheduler: class org.apache.hadoop.ipc.DefaultRpcScheduler, ipcBackoff: false.
rm_1        | 2019-10-29 19:12:48 INFO  AbstractYarnScheduler:1371 - Minimum allocation = <memory:1024, vCores:1>
datanode_3  | 2019-10-29 19:12:56,455 INFO impl.RaftServerImpl: ef6a0f03-1a38-4e10-ab65-f31c7b5bd539@group-7D7F645E35B4: ConfigurationManager, init=-1: [ef6a0f03-1a38-4e10-ab65-f31c7b5bd539:172.18.0.9:9858], old=null, confs=<EMPTY_MAP>
datanode_1  | 2019-10-29 19:12:55,964 INFO server.RaftServerConfigKeys: raft.server.rpc.timeout.max = 5200ms (custom)
datanode_2  | 2019-10-29 19:12:56,929 INFO server.RaftServerConfigKeys: raft.server.rpcslowness.timeout = 120s (custom)
nm_1        | 2019-10-29 19:12:48 INFO  ContainersMonitorImpl:130 -  Using ResourceCalculatorPlugin : org.apache.hadoop.yarn.util.ResourceCalculatorPlugin@6c2ed0cd
om_1        | 2019-10-29 19:12:59,254 INFO db.DBStoreBuilder: Using default column profile:DBProfile.DISK for Table:dTokenTable
scm_1       | 2019-10-29 19:12:52,948 INFO ipc.Server: Starting Socket Reader #1 for port 9860
rm_1        | 2019-10-29 19:12:48 INFO  AbstractYarnScheduler:1383 - Maximum allocation = <memory:8192, vCores:4>
datanode_3  | 2019-10-29 19:12:56,455 INFO server.RaftServerConfigKeys: raft.server.storage.dir = [/data/metadata/ratis] (custom)
datanode_1  | 2019-10-29 19:12:55,965 INFO server.RaftServerConfigKeys: raft.server.rpcslowness.timeout = 120s (custom)
datanode_2  | 2019-10-29 19:12:56,929 INFO server.RaftServerConfigKeys: raft.server.sleep.deviation.threshold = 300 (default)
nm_1        | 2019-10-29 19:12:48 INFO  ContainersMonitorImpl:135 -  Using ResourceCalculatorProcessTree : null
om_1        | 2019-10-29 19:12:59,254 INFO db.DBStoreBuilder: using custom profile for table: s3SecretTable
rm_1        | 2019-10-29 19:12:48 INFO  CapacitySchedulerConfiguration:912 - max alloc mb per queue for root is undefined
scm_1       | 2019-10-29 19:12:52,970 INFO hdfs.DFSUtil: Starting Web-server for scm at: http://0.0.0.0:9876
datanode_1  | 2019-10-29 19:12:55,965 INFO server.RaftServerConfigKeys: raft.server.sleep.deviation.threshold = 300 (default)
datanode_2  | 2019-10-29 19:12:56,930 INFO server.RaftServerConfigKeys: raft.server.log.appender.install.snapshot.enabled = false (custom)
nm_1        | 2019-10-29 19:12:48 INFO  ContainersMonitorImpl:176 - Physical memory check enabled: false
om_1        | 2019-10-29 19:12:59,254 INFO db.DBStoreBuilder: Using default column profile:DBProfile.DISK for Table:s3SecretTable
rm_1        | 2019-10-29 19:12:48 INFO  CapacitySchedulerConfiguration:916 - max alloc vcore per queue for root is undefined
scm_1       | 2019-10-29 19:12:53,127 INFO server.AuthenticationFilter: Unable to initialize FileSignerSecretProvider, falling back to use random secrets.
datanode_3  | 2019-10-29 19:12:56,459 INFO server.RaftServerConfigKeys: raft.server.log.corruption.policy = EXCEPTION (default)
datanode_1  | 2019-10-29 19:12:55,966 INFO server.RaftServerConfigKeys: raft.server.log.appender.install.snapshot.enabled = false (custom)
datanode_2  | 2019-10-29 19:12:56,939 INFO impl.RaftServerImpl: d42f90dc-c1a5-4e78-8556-aa2ad1574099@group-A2C5FB50E9CF: ConfigurationManager, init=-1: [d42f90dc-c1a5-4e78-8556-aa2ad1574099:172.18.0.7:9858], old=null, confs=<EMPTY_MAP>
nm_1        | 2019-10-29 19:12:48 INFO  ContainersMonitorImpl:177 - Virtual memory check enabled: false
om_1        | 2019-10-29 19:12:59,255 INFO db.DBStoreBuilder: using custom profile for table: prefixTable
rm_1        | 2019-10-29 19:12:48 INFO  ParentQueue:151 - root, capacity=1.0, absoluteCapacity=1.0, maxCapacity=1.0, absoluteMaxCapacity=1.0, state=RUNNING, acls=ADMINISTER_QUEUE:*SUBMIT_APP:*, labels=*,
scm_1       | 2019-10-29 19:12:53,140 INFO http.HttpRequestLog: Http request log for http.requests.scm is not defined
datanode_3  | 2019-10-29 19:12:56,460 INFO storage.RaftStorageDirectory: The storage directory /data/metadata/ratis/aab19dfd-1824-4622-bed9-7d7f645e35b4 does not exist. Creating ...
datanode_1  | 2019-10-29 19:12:55,971 INFO impl.RaftServerImpl: c07a99f9-faec-41dc-9a5c-391f3c822e54@group-778169786676: ConfigurationManager, init=-1: [c07a99f9-faec-41dc-9a5c-391f3c822e54:172.18.0.5:9858], old=null, confs=<EMPTY_MAP>
datanode_2  | 2019-10-29 19:12:56,939 INFO server.RaftServerConfigKeys: raft.server.storage.dir = [/data/metadata/ratis] (custom)
nm_1        | 2019-10-29 19:12:48 INFO  ContainersMonitorImpl:181 - ContainersMonitor enabled: true
om_1        | 2019-10-29 19:12:59,255 INFO db.DBStoreBuilder: Using default column profile:DBProfile.DISK for Table:prefixTable
rm_1        | , reservationsContinueLooking=true, orderingPolicy=utilization, priority=0
scm_1       | 2019-10-29 19:12:53,147 INFO http.HttpServer2: Added global filter 'safety' (class=org.apache.hadoop.http.HttpServer2$QuotingInputFilter)
datanode_1  | 2019-10-29 19:12:55,971 INFO server.RaftServerConfigKeys: raft.server.storage.dir = [/data/metadata/ratis] (custom)
datanode_3  | 2019-10-29 19:12:56,478 INFO storage.RaftStorageDirectory: Lock on /data/metadata/ratis/aab19dfd-1824-4622-bed9-7d7f645e35b4/in_use.lock acquired by nodename 7@8080aadab850
nm_1        | 2019-10-29 19:12:48 INFO  ContainerManagerImpl:394 - Not a recoverable state store. Nothing to recover.
om_1        | 2019-10-29 19:12:59,266 INFO db.DBStoreBuilder: using custom profile for table: default
scm_1       | 2019-10-29 19:12:53,148 INFO http.HttpServer2: Added filter static_user_filter (class=org.apache.hadoop.http.lib.StaticUserWebFilter$StaticUserFilter) to context scm
rm_1        | 2019-10-29 19:12:48 INFO  ParentQueue:114 - Initialized parent-queue root name=root, fullname=root
datanode_2  | 2019-10-29 19:12:56,944 INFO server.RaftServerConfigKeys: raft.server.log.corruption.policy = EXCEPTION (default)
datanode_3  | 2019-10-29 19:12:56,489 INFO storage.RaftStorage: Storage directory /data/metadata/ratis/aab19dfd-1824-4622-bed9-7d7f645e35b4 has been successfully formatted.
datanode_1  | 2019-10-29 19:12:55,975 INFO server.RaftServerConfigKeys: raft.server.log.corruption.policy = EXCEPTION (default)
nm_1        | 2019-10-29 19:12:48 INFO  Configuration:2752 - resource-types.xml not found
om_1        | 2019-10-29 19:12:59,266 INFO db.DBStoreBuilder: Using default column profile:DBProfile.DISK for Table:default
rm_1        | 2019-10-29 19:12:49 INFO  CapacitySchedulerConfiguration:912 - max alloc mb per queue for root.default is undefined
datanode_3  | 2019-10-29 19:12:56,494 [pool-8-thread-1] INFO       - group-7D7F645E35B4: The snapshot info is null. Setting the last applied indexto:(t:0, i:~)
datanode_1  | 2019-10-29 19:12:55,976 INFO storage.RaftStorageDirectory: The storage directory /data/metadata/ratis/4c95f1b1-36c1-4f12-b166-778169786676 does not exist. Creating ...
nm_1        | 2019-10-29 19:12:48 INFO  ResourceUtils:418 - Unable to find 'resource-types.xml'.
scm_1       | 2019-10-29 19:12:53,148 INFO http.HttpServer2: Added filter static_user_filter (class=org.apache.hadoop.http.lib.StaticUserWebFilter$StaticUserFilter) to context static
om_1        | 2019-10-29 19:12:59,267 INFO db.DBStoreBuilder: Using default options. DBProfile.DISK
datanode_3  | 2019-10-29 19:12:56,494 INFO server.RaftServerConfigKeys: raft.server.notification.no-leader.timeout = 120s (custom)
rm_1        | 2019-10-29 19:12:49 INFO  CapacitySchedulerConfiguration:916 - max alloc vcore per queue for root.default is undefined
datanode_2  | 2019-10-29 19:12:56,945 INFO storage.RaftStorageDirectory: The storage directory /data/metadata/ratis/322b4ee0-0961-4afe-9d37-a2c5fb50e9cf does not exist. Creating ...
datanode_1  | 2019-10-29 19:12:55,994 INFO storage.RaftStorageDirectory: Lock on /data/metadata/ratis/4c95f1b1-36c1-4f12-b166-778169786676/in_use.lock acquired by nodename 7@64cf18b44c93
nm_1        | 2019-10-29 19:12:48 INFO  Configuration:2752 - node-resources.xml not found
scm_1       | 2019-10-29 19:12:53,148 INFO http.HttpServer2: Added filter static_user_filter (class=org.apache.hadoop.http.lib.StaticUserWebFilter$StaticUserFilter) to context logs
om_1        | 2019-10-29 19:12:59,617 INFO ipc.CallQueueManager: Using callQueue: class java.util.concurrent.LinkedBlockingQueue, queueCapacity: 2000, scheduler: class org.apache.hadoop.ipc.DefaultRpcScheduler, ipcBackoff: false.
datanode_3  | 2019-10-29 19:12:56,497 INFO server.RaftServerConfigKeys: raft.server.log.use.memory = false (default)
rm_1        | 2019-10-29 19:12:49 INFO  LeafQueue:289 - Initializing default
nm_1        | 2019-10-29 19:12:48 INFO  ResourceUtils:418 - Unable to find 'node-resources.xml'.
datanode_1  | 2019-10-29 19:12:56,009 INFO storage.RaftStorage: Storage directory /data/metadata/ratis/4c95f1b1-36c1-4f12-b166-778169786676 has been successfully formatted.
datanode_2  | 2019-10-29 19:12:56,963 INFO storage.RaftStorageDirectory: Lock on /data/metadata/ratis/322b4ee0-0961-4afe-9d37-a2c5fb50e9cf/in_use.lock acquired by nodename 7@013f392e7a1b
scm_1       | 2019-10-29 19:12:53,171 INFO server.StorageContainerManager: StorageContainerLocationProtocol RPC server is listening at /0.0.0.0:9860
om_1        | 2019-10-29 19:12:59,624 INFO ipc.Server: Starting Socket Reader #1 for port 9862
datanode_3  | 2019-10-29 19:12:56,501 INFO server.RaftServerConfigKeys: raft.server.log.purge.gap = 1000000 (custom)
rm_1        | capacity = 1.0 [= (float) configuredCapacity / 100 ]
datanode_1  | 2019-10-29 19:12:56,012 [pool-8-thread-1] INFO       - group-778169786676: The snapshot info is null. Setting the last applied indexto:(t:0, i:~)
nm_1        | 2019-10-29 19:12:48 INFO  NodeStatusUpdaterImpl:192 - Nodemanager resources is set to: <memory:8192, vCores:8>
datanode_2  | 2019-10-29 19:12:57,019 INFO storage.RaftStorage: Storage directory /data/metadata/ratis/322b4ee0-0961-4afe-9d37-a2c5fb50e9cf has been successfully formatted.
scm_1       | 2019-10-29 19:12:53,249 INFO impl.MetricsConfig: Loaded properties from hadoop-metrics2.properties
om_1        | 2019-10-29 19:12:59,657 [main] INFO       - OzoneManager RPC server is listening at om/172.18.0.2:9862
datanode_3  | 2019-10-29 19:12:56,501 INFO server.RaftServerConfigKeys: raft.server.log.appender.buffer.byte-limit = 33554432 (custom)
rm_1        | absoluteCapacity = 1.0 [= parentAbsoluteCapacity * capacity ]
datanode_1  | 2019-10-29 19:12:56,013 INFO server.RaftServerConfigKeys: raft.server.notification.no-leader.timeout = 120s (custom)
nm_1        | 2019-10-29 19:12:48 INFO  NodeStatusUpdaterImpl:236 - Initialized nodemanager with : physical-memory=8192 virtual-memory=17204 virtual-cores=8
datanode_2  | 2019-10-29 19:12:57,023 [pool-8-thread-1] INFO       - group-A2C5FB50E9CF: The snapshot info is null. Setting the last applied indexto:(t:0, i:~)
om_1        | 2019-10-29 19:12:59,744 INFO impl.MetricsConfig: Loaded properties from hadoop-metrics2.properties
scm_1       | 2019-10-29 19:12:53,281 INFO impl.MetricsSystemImpl: Scheduled Metric snapshot period at 10 second(s).
datanode_3  | 2019-10-29 19:12:56,503 INFO server.RaftServerConfigKeys: raft.server.log.segment.size.max = 1048576 (custom)
rm_1        | maxCapacity = 1.0 [= configuredMaxCapacity ]
datanode_1  | 2019-10-29 19:12:56,015 INFO server.RaftServerConfigKeys: raft.server.log.use.memory = false (default)
nm_1        | 2019-10-29 19:12:48 INFO  CallQueueManager:84 - Using callQueue: class java.util.concurrent.LinkedBlockingQueue queueCapacity: 2000 scheduler: class org.apache.hadoop.ipc.DefaultRpcScheduler
datanode_2  | 2019-10-29 19:12:57,023 INFO server.RaftServerConfigKeys: raft.server.notification.no-leader.timeout = 120s (custom)
om_1        | 2019-10-29 19:12:59,797 INFO impl.MetricsSystemImpl: Scheduled Metric snapshot period at 10 second(s).
scm_1       | 2019-10-29 19:12:53,284 INFO impl.MetricsSystemImpl: StorageContainerManager metrics system started
datanode_3  | 2019-10-29 19:12:56,511 INFO metrics.MetricRegistries: Loaded MetricRegistries class org.apache.ratis.metrics.impl.MetricRegistriesImpl
rm_1        | absoluteMaxCapacity = 1.0 [= 1.0 maximumCapacity undefined, (parentAbsoluteMaxCapacity * maximumCapacity) / 100 otherwise ]
datanode_2  | 2019-10-29 19:12:57,026 INFO server.RaftServerConfigKeys: raft.server.log.use.memory = false (default)
nm_1        | 2019-10-29 19:12:48 INFO  Server:1070 - Starting Socket Reader #1 for port 37596
om_1        | 2019-10-29 19:12:59,797 INFO impl.MetricsSystemImpl: OzoneManager metrics system started
scm_1       | 2019-10-29 19:12:53,502 INFO server.SCMClientProtocolServer: RPC server for Client  is listening at /0.0.0.0:9860
datanode_3  | 2019-10-29 19:12:56,513 WARN impl.MetricRegistriesImpl: First MetricRegistry has been created without registering reporters. You may need to call MetricRegistries.global().addReportRegistration(...) before.
datanode_1  | 2019-10-29 19:12:56,020 INFO server.RaftServerConfigKeys: raft.server.log.purge.gap = 1000000 (custom)
rm_1        | effectiveMinResource=<memory:0, vCores:0>
datanode_2  | 2019-10-29 19:12:57,031 INFO server.RaftServerConfigKeys: raft.server.log.purge.gap = 1000000 (custom)
nm_1        | 2019-10-29 19:12:49 INFO  RpcServerFactoryPBImpl:173 - Adding protocol org.apache.hadoop.yarn.api.ContainerManagementProtocolPB to the server
om_1        | 2019-10-29 19:12:59,846 INFO ipc.Server: IPC Server Responder: starting
scm_1       | 2019-10-29 19:12:53,502 INFO ipc.Server: IPC Server Responder: starting
datanode_3  | 2019-10-29 19:12:56,517 INFO server.RaftServerConfigKeys: raft.server.log.segment.cache.num.max = 2 (custom)
datanode_1  | 2019-10-29 19:12:56,020 INFO server.RaftServerConfigKeys: raft.server.log.appender.buffer.byte-limit = 33554432 (custom)
rm_1        |  , effectiveMaxResource=<memory:0, vCores:0>
datanode_2  | 2019-10-29 19:12:57,031 INFO server.RaftServerConfigKeys: raft.server.log.appender.buffer.byte-limit = 33554432 (custom)
nm_1        | 2019-10-29 19:12:49 INFO  Server:1310 - IPC Server Responder: starting
om_1        | 2019-10-29 19:12:59,847 INFO ipc.Server: IPC Server listener on 9862: starting
scm_1       | 2019-10-29 19:12:53,503 INFO ipc.Server: IPC Server listener on 9860: starting
