om_1        | 2019-11-15 14:12:57,398 INFO http.HttpServer2: Added filter static_user_filter (class=org.apache.hadoop.http.lib.StaticUserWebFilter$StaticUserFilter) to context logs
datanode_1  | 2019-11-15 14:12:59,134 INFO server.RaftServerConfigKeys: raft.server.log.queue.byte-limit = 2147483647 (custom)
datanode_3  | 2019-11-15 14:12:59,685 INFO server.RaftServerConfigKeys: raft.server.log.write.buffer.size = 33554432 (custom)
datanode_2  | 2019-11-15 14:12:59,883 INFO server.RaftServerConfigKeys: raft.server.log.statemachine.data.sync.timeout = 10s (default)
scm_1       | 2019-11-15 14:12:53,296 INFO ipc.Server: IPC Server listener on 9863: starting
om_1        | 2019-11-15 14:12:57,398 INFO http.HttpServer2: Added filter static_user_filter (class=org.apache.hadoop.http.lib.StaticUserWebFilter$StaticUserFilter) to context static
datanode_1  | 2019-11-15 14:12:59,135 INFO server.RaftServerConfigKeys: raft.server.log.queue.element-limit = 1024 (custom)
datanode_3  | 2019-11-15 14:12:59,686 INFO server.RaftServerConfigKeys: raft.server.log.force.sync.num = 128 (default)
datanode_2  | 2019-11-15 14:12:59,884 INFO server.RaftServerConfigKeys: raft.server.log.statemachine.data.sync.timeout.retry = -1 (default)
scm_1       | 2019-11-15 14:12:53,299 INFO server.StorageContainerManager: ScmDatanodeProtocl RPC server is listening at /0.0.0.0:9861
om_1        | 2019-11-15 14:12:57,418 WARN server.BaseHttpServer: /prof java profiling servlet is activated. Not safe for production!
datanode_1  | 2019-11-15 14:12:59,136 INFO server.RaftServerConfigKeys: raft.server.log.segment.size.max = 1048576 (custom)
datanode_3  | 2019-11-15 14:12:59,687 INFO server.RaftServerConfigKeys: raft.server.log.statemachine.data.sync = true (default)
datanode_2  | 2019-11-15 14:12:59,918 INFO server.RaftServerConfigKeys: raft.server.log.statemachine.data.caching.enabled = true (custom)
scm_1       | 2019-11-15 14:12:53,299 INFO server.SCMDatanodeProtocolServer: RPC server for DataNodes is listening at /0.0.0.0:9861
om_1        | 2019-11-15 14:12:57,421 INFO http.HttpServer2: Jetty bound to port 9874
datanode_1  | 2019-11-15 14:12:59,137 INFO server.RaftServerConfigKeys: raft.server.log.preallocated.size = 16384 (custom)
datanode_3  | 2019-11-15 14:12:59,687 INFO server.RaftServerConfigKeys: raft.server.log.statemachine.data.sync.timeout = 10s (default)
datanode_2  | 2019-11-15 14:12:59,922 INFO segmented.SegmentedRaftLogWorker: d3b35b33-e250-47bb-a45b-e89fe1065424@group-AA4DCCCF64CF-SegmentedRaftLogWorker: flushIndex: setUnconditionally 0 -> -1
scm_1       | 2019-11-15 14:12:53,300 INFO ipc.Server: IPC Server Responder: starting
om_1        | 2019-11-15 14:12:57,422 INFO server.Server: jetty-9.3.25.v20180904, build timestamp: 2018-09-04T21:11:46Z, git hash: 3ce520221d0240229c862b122d2b06c12a625732
datanode_1  | 2019-11-15 14:12:59,137 INFO server.RaftServerConfigKeys: raft.server.log.write.buffer.size = 33554432 (custom)
datanode_3  | 2019-11-15 14:12:59,688 INFO server.RaftServerConfigKeys: raft.server.log.statemachine.data.sync.timeout.retry = -1 (default)
datanode_2  | 2019-11-15 14:12:59,928 INFO server.RaftServerConfigKeys: raft.server.snapshot.auto.trigger.enabled = true (custom)
scm_1       | 2019-11-15 14:12:53,301 INFO ipc.Server: IPC Server listener on 9861: starting
om_1        | 2019-11-15 14:12:57,449 INFO handler.ContextHandler: Started o.e.j.s.ServletContextHandler@3b5c665c{/logs,file:///var/log/hadoop/,AVAILABLE}
datanode_1  | 2019-11-15 14:12:59,138 INFO server.RaftServerConfigKeys: raft.server.log.force.sync.num = 128 (default)
datanode_3  | 2019-11-15 14:12:59,697 INFO server.RaftServerConfigKeys: raft.server.log.statemachine.data.caching.enabled = true (custom)
datanode_2  | 2019-11-15 14:12:59,929 INFO server.RaftServerConfigKeys: raft.server.snapshot.auto.trigger.threshold = 10000 (custom)
scm_1       | 2019-11-15 14:12:53,305 INFO http.HttpServer2: Jetty bound to port 9876
om_1        | 2019-11-15 14:12:57,449 INFO handler.ContextHandler: Started o.e.j.s.ServletContextHandler@60d40ff4{/static,jar:file:/opt/hadoop/share/ozone/lib/hadoop-ozone-ozone-manager-0.5.0-SNAPSHOT.jar!/webapps/static,AVAILABLE}
datanode_3  | 2019-11-15 14:12:59,701 INFO segmented.SegmentedRaftLogWorker: 674607c2-4092-4328-aed3-088ae1afe93b@group-CB116152015D-SegmentedRaftLogWorker: flushIndex: setUnconditionally 0 -> -1
datanode_2  | 2019-11-15 14:12:59,930 INFO server.RaftServerConfigKeys: raft.server.snapshot.retention.file.num = 5 (custom)
datanode_1  | 2019-11-15 14:12:59,139 INFO server.RaftServerConfigKeys: raft.server.log.statemachine.data.sync = true (default)
scm_1       | 2019-11-15 14:12:53,307 INFO server.Server: jetty-9.3.25.v20180904, build timestamp: 2018-09-04T21:11:46Z, git hash: 3ce520221d0240229c862b122d2b06c12a625732
om_1        | 2019-11-15 14:12:57,530 INFO handler.ContextHandler: Started o.e.j.w.WebAppContext@68ed3f30{/,file:///tmp/jetty-0.0.0.0-9874-ozoneManager-_-any-1184911143922895115.dir/webapp/,AVAILABLE}{/ozoneManager}
datanode_3  | 2019-11-15 14:12:59,705 INFO server.RaftServerConfigKeys: raft.server.snapshot.auto.trigger.enabled = true (custom)
datanode_2  | 2019-11-15 14:12:59,930 INFO server.RaftServerConfigKeys: raft.server.retrycache.expirytime = 600000ms (custom)
datanode_1  | 2019-11-15 14:12:59,139 INFO server.RaftServerConfigKeys: raft.server.log.statemachine.data.sync.timeout = 10s (default)
scm_1       | 2019-11-15 14:12:53,338 INFO handler.ContextHandler: Started o.e.j.s.ServletContextHandler@5ce4369b{/logs,file:///var/log/hadoop/,AVAILABLE}
om_1        | 2019-11-15 14:12:57,534 INFO server.AbstractConnector: Started ServerConnector@403c3a01{HTTP/1.1,[http/1.1]}{0.0.0.0:9874}
datanode_3  | 2019-11-15 14:12:59,706 INFO server.RaftServerConfigKeys: raft.server.snapshot.auto.trigger.threshold = 10000 (custom)
datanode_2  | 2019-11-15 14:12:59,953 WARN impl.MetricRegistriesImpl: First MetricRegistry has been created without registering reporters. You may need to call MetricRegistries.global().addReportRegistration(...) before.
datanode_1  | 2019-11-15 14:12:59,140 INFO server.RaftServerConfigKeys: raft.server.log.statemachine.data.sync.timeout.retry = -1 (default)
scm_1       | 2019-11-15 14:12:53,339 INFO handler.ContextHandler: Started o.e.j.s.ServletContextHandler@73017a80{/static,jar:file:/opt/hadoop/share/ozone/lib/hadoop-hdds-server-scm-0.5.0-SNAPSHOT.jar!/webapps/static,AVAILABLE}
om_1        | 2019-11-15 14:12:57,534 INFO server.Server: Started @3709ms
datanode_3  | 2019-11-15 14:12:59,707 INFO server.RaftServerConfigKeys: raft.server.snapshot.retention.file.num = 5 (custom)
datanode_2  | 2019-11-15 14:12:59,955 WARN impl.MetricRegistriesImpl: First MetricRegistry has been created without registering reporters. You may need to call MetricRegistries.global().addReportRegistration(...) before.
scm_1       | 2019-11-15 14:12:53,420 INFO handler.ContextHandler: Started o.e.j.w.WebAppContext@62db3891{/,file:///tmp/jetty-0.0.0.0-9876-scm-_-any-12509836371012964168.dir/webapp/,AVAILABLE}{/scm}
datanode_1  | 2019-11-15 14:12:59,177 INFO server.RaftServerConfigKeys: raft.server.log.statemachine.data.caching.enabled = true (custom)
datanode_3  | 2019-11-15 14:12:59,707 INFO server.RaftServerConfigKeys: raft.server.retrycache.expirytime = 600000ms (custom)
om_1        | 2019-11-15 14:12:57,536 INFO impl.MetricsSinkAdapter: Sink prometheus started
datanode_2  | 2019-11-15 14:12:59,957 INFO impl.RaftServerImpl: d3b35b33-e250-47bb-a45b-e89fe1065424@group-AA4DCCCF64CF: start as a follower, conf=-1: [d3b35b33-e250-47bb-a45b-e89fe1065424:172.19.0.5:9858], old=null
scm_1       | 2019-11-15 14:12:53,427 INFO server.AbstractConnector: Started ServerConnector@761e788f{HTTP/1.1,[http/1.1]}{0.0.0.0:9876}
datanode_1  | 2019-11-15 14:12:59,181 INFO segmented.SegmentedRaftLogWorker: 6296b118-5d71-4226-a54f-3c235f4ab2a3@group-2774D985A5FF-SegmentedRaftLogWorker: flushIndex: setUnconditionally 0 -> -1
datanode_3  | 2019-11-15 14:12:59,754 WARN impl.MetricRegistriesImpl: First MetricRegistry has been created without registering reporters. You may need to call MetricRegistries.global().addReportRegistration(...) before.
om_1        | 2019-11-15 14:12:57,537 INFO impl.MetricsSystemImpl: Registered sink prometheus
datanode_2  | 2019-11-15 14:12:59,958 INFO impl.RaftServerImpl: d3b35b33-e250-47bb-a45b-e89fe1065424@group-AA4DCCCF64CF: changes role from      null to FOLLOWER at term 0 for startAsFollower
scm_1       | 2019-11-15 14:12:53,428 INFO server.Server: Started @3203ms
datanode_1  | 2019-11-15 14:12:59,188 INFO server.RaftServerConfigKeys: raft.server.snapshot.auto.trigger.enabled = true (custom)
datanode_3  | 2019-11-15 14:12:59,756 WARN impl.MetricRegistriesImpl: First MetricRegistry has been created without registering reporters. You may need to call MetricRegistries.global().addReportRegistration(...) before.
om_1        | 2019-11-15 14:12:57,539 INFO server.BaseHttpServer: HTTP server of OZONEMANAGER is listening at http://0.0.0.0:9874
datanode_2  | 2019-11-15 14:12:59,960 INFO impl.RoleInfo: d3b35b33-e250-47bb-a45b-e89fe1065424: start FollowerState
scm_1       | 2019-11-15 14:12:53,430 INFO impl.MetricsSinkAdapter: Sink prometheus started
datanode_1  | 2019-11-15 14:12:59,189 INFO server.RaftServerConfigKeys: raft.server.snapshot.auto.trigger.threshold = 10000 (custom)
datanode_3  | 2019-11-15 14:12:59,757 INFO impl.RaftServerImpl: 674607c2-4092-4328-aed3-088ae1afe93b@group-CB116152015D: start as a follower, conf=-1: [674607c2-4092-4328-aed3-088ae1afe93b:172.19.0.6:9858], old=null
om_1        | 2019-11-15 14:13:20,956 INFO volume.OMVolumeCreateRequest: created volume:vol-0-35167 for user:hadoop
datanode_2  | 2019-11-15 14:12:59,964 INFO util.JmxRegister: Successfully registered JMX Bean with object name Ratis:service=RaftServer,group=group-AA4DCCCF64CF,id=d3b35b33-e250-47bb-a45b-e89fe1065424
scm_1       | 2019-11-15 14:12:53,431 INFO impl.MetricsSystemImpl: Registered sink prometheus
datanode_1  | 2019-11-15 14:12:59,189 INFO server.RaftServerConfigKeys: raft.server.snapshot.retention.file.num = 5 (custom)
datanode_3  | 2019-11-15 14:12:59,758 INFO impl.RaftServerImpl: 674607c2-4092-4328-aed3-088ae1afe93b@group-CB116152015D: changes role from      null to FOLLOWER at term 0 for startAsFollower
om_1        | 2019-11-15 14:13:20,990 INFO volume.OMVolumeCreateRequest: created volume:vol-1-83350 for user:hadoop
datanode_2  | 2019-11-15 14:12:59,965 WARN impl.MetricRegistriesImpl: First MetricRegistry has been created without registering reporters. You may need to call MetricRegistries.global().addReportRegistration(...) before.
datanode_1  | 2019-11-15 14:12:59,189 INFO server.RaftServerConfigKeys: raft.server.retrycache.expirytime = 600000ms (custom)
datanode_3  | 2019-11-15 14:12:59,759 INFO impl.RoleInfo: 674607c2-4092-4328-aed3-088ae1afe93b: start FollowerState
scm_1       | 2019-11-15 14:12:53,432 INFO server.BaseHttpServer: HTTP server of SCM is listening at http://0.0.0.0:9876
om_1        | 2019-11-15 14:13:21,009 INFO volume.OMVolumeCreateRequest: created volume:vol-2-73800 for user:hadoop
datanode_2  | 2019-11-15 14:13:00,081 INFO commandhandler.CreatePipelineCommandHandler: Create Pipeline RATIS ONE #id: "9b9f893d-7879-4d2b-862b-aa4dcccf64cf"
datanode_1  | 2019-11-15 14:12:59,207 WARN impl.MetricRegistriesImpl: First MetricRegistry has been created without registering reporters. You may need to call MetricRegistries.global().addReportRegistration(...) before.
datanode_3  | 2019-11-15 14:12:59,763 INFO util.JmxRegister: Successfully registered JMX Bean with object name Ratis:service=RaftServer,group=group-CB116152015D,id=674607c2-4092-4328-aed3-088ae1afe93b
scm_1       | 2019-11-15 14:12:53,442 INFO util.JvmPauseMonitor: Starting JVM pause monitor
datanode_2  |  command succeed on datanode d3b35b33-e250-47bb-a45b-e89fe1065424.
datanode_1  | 2019-11-15 14:12:59,209 WARN impl.MetricRegistriesImpl: First MetricRegistry has been created without registering reporters. You may need to call MetricRegistries.global().addReportRegistration(...) before.
om_1        | 2019-11-15 14:13:21,030 INFO volume.OMVolumeCreateRequest: created volume:vol-3-59825 for user:hadoop
datanode_3  | 2019-11-15 14:12:59,764 WARN impl.MetricRegistriesImpl: First MetricRegistry has been created without registering reporters. You may need to call MetricRegistries.global().addReportRegistration(...) before.
scm_1       | 2019-11-15 14:12:56,021 INFO net.NetworkTopology: Added a new node: /default-rack/6296b118-5d71-4226-a54f-3c235f4ab2a3
datanode_2  | 2019-11-15 14:13:00,085 INFO impl.RaftServerProxy: d3b35b33-e250-47bb-a45b-e89fe1065424: addNew group-B0D3128202C7:[d3b35b33-e250-47bb-a45b-e89fe1065424:172.19.0.5:9858, 6296b118-5d71-4226-a54f-3c235f4ab2a3:172.19.0.2:9858, 674607c2-4092-4328-aed3-088ae1afe93b:172.19.0.6:9858] returns group-B0D3128202C7:java.util.concurrent.CompletableFuture@56810fcd[Not completed]
datanode_1  | 2019-11-15 14:12:59,211 INFO impl.RaftServerImpl: 6296b118-5d71-4226-a54f-3c235f4ab2a3@group-2774D985A5FF: start as a follower, conf=-1: [6296b118-5d71-4226-a54f-3c235f4ab2a3:172.19.0.2:9858], old=null
om_1        | 2019-11-15 14:13:21,049 INFO volume.OMVolumeCreateRequest: created volume:vol-4-49939 for user:hadoop
datanode_3  | 2019-11-15 14:12:59,822 INFO commandhandler.CreatePipelineCommandHandler: Create Pipeline RATIS ONE #id: "95498402-09da-4d0e-b3d1-cb116152015d"
scm_1       | 2019-11-15 14:12:56,022 INFO node.SCMNodeManager: Registered Data node : 6296b118-5d71-4226-a54f-3c235f4ab2a3{ip: 172.19.0.2, host: ozone_datanode_1.ozone_default, networkLocation: /default-rack, certSerialId: null}
datanode_2  | 2019-11-15 14:13:00,088 INFO impl.RaftServerImpl: d3b35b33-e250-47bb-a45b-e89fe1065424: new RaftServerImpl for group-B0D3128202C7:[d3b35b33-e250-47bb-a45b-e89fe1065424:172.19.0.5:9858, 6296b118-5d71-4226-a54f-3c235f4ab2a3:172.19.0.2:9858, 674607c2-4092-4328-aed3-088ae1afe93b:172.19.0.6:9858] with ContainerStateMachine:uninitialized
datanode_1  | 2019-11-15 14:12:59,212 INFO impl.RaftServerImpl: 6296b118-5d71-4226-a54f-3c235f4ab2a3@group-2774D985A5FF: changes role from      null to FOLLOWER at term 0 for startAsFollower
om_1        | 2019-11-15 14:14:10,208 INFO volume.OMVolumeCreateRequest: created volume:hdvsx for user:hadoop
datanode_3  |  command succeed on datanode 674607c2-4092-4328-aed3-088ae1afe93b.
scm_1       | 2019-11-15 14:12:56,024 INFO safemode.SCMSafeModeManager: ContainerSafeModeRule rule is successfully validated
datanode_2  | 2019-11-15 14:13:00,088 INFO server.RaftServerConfigKeys: raft.server.rpc.timeout.min = 5s (custom)
datanode_1  | 2019-11-15 14:12:59,213 INFO impl.RoleInfo: 6296b118-5d71-4226-a54f-3c235f4ab2a3: start FollowerState
datanode_3  | 2019-11-15 14:12:59,825 INFO impl.RaftServerProxy: 674607c2-4092-4328-aed3-088ae1afe93b: addNew group-B0D3128202C7:[d3b35b33-e250-47bb-a45b-e89fe1065424:172.19.0.5:9858, 6296b118-5d71-4226-a54f-3c235f4ab2a3:172.19.0.2:9858, 674607c2-4092-4328-aed3-088ae1afe93b:172.19.0.6:9858] returns group-B0D3128202C7:java.util.concurrent.CompletableFuture@2ee72a45[Not completed]
scm_1       | 2019-11-15 14:12:56,025 INFO safemode.SCMSafeModeManager: SCM in safe mode. 1 DataNodes registered, 1 required.
datanode_2  | 2019-11-15 14:13:00,088 INFO server.RaftServerConfigKeys: raft.server.rpc.timeout.max = 5200ms (custom)
datanode_1  | 2019-11-15 14:12:59,216 INFO util.JmxRegister: Successfully registered JMX Bean with object name Ratis:service=RaftServer,group=group-2774D985A5FF,id=6296b118-5d71-4226-a54f-3c235f4ab2a3
datanode_3  | 2019-11-15 14:12:59,828 INFO impl.RaftServerImpl: 674607c2-4092-4328-aed3-088ae1afe93b: new RaftServerImpl for group-B0D3128202C7:[d3b35b33-e250-47bb-a45b-e89fe1065424:172.19.0.5:9858, 6296b118-5d71-4226-a54f-3c235f4ab2a3:172.19.0.2:9858, 674607c2-4092-4328-aed3-088ae1afe93b:172.19.0.6:9858] with ContainerStateMachine:uninitialized
scm_1       | 2019-11-15 14:12:56,026 INFO safemode.SCMSafeModeManager: DataNodeSafeModeRule rule is successfully validated
datanode_2  | 2019-11-15 14:13:00,088 INFO server.RaftServerConfigKeys: raft.server.rpcslowness.timeout = 120s (custom)
datanode_1  | 2019-11-15 14:12:59,217 WARN impl.MetricRegistriesImpl: First MetricRegistry has been created without registering reporters. You may need to call MetricRegistries.global().addReportRegistration(...) before.
datanode_3  | 2019-11-15 14:12:59,828 INFO server.RaftServerConfigKeys: raft.server.rpc.timeout.min = 5s (custom)
scm_1       | 2019-11-15 14:12:56,028 INFO pipeline.RatisPipelineProvider: Send pipeline:PipelineID=fe92a76d-2ff9-4b82-8cc6-2774d985a5ff create command to datanode 6296b118-5d71-4226-a54f-3c235f4ab2a3
datanode_1  | 2019-11-15 14:12:59,272 INFO commandhandler.CreatePipelineCommandHandler: Create Pipeline RATIS ONE #id: "fe92a76d-2ff9-4b82-8cc6-2774d985a5ff"
datanode_3  | 2019-11-15 14:12:59,828 INFO server.RaftServerConfigKeys: raft.server.rpc.timeout.max = 5200ms (custom)
scm_1       | 2019-11-15 14:12:56,046 INFO pipeline.PipelineStateManager: Created pipeline Pipeline[ Id: fe92a76d-2ff9-4b82-8cc6-2774d985a5ff, Nodes: 6296b118-5d71-4226-a54f-3c235f4ab2a3{ip: 172.19.0.2, host: ozone_datanode_1.ozone_default, networkLocation: /default-rack, certSerialId: null}, Type:RATIS, Factor:ONE, State:ALLOCATED]
datanode_2  | 2019-11-15 14:13:00,088 INFO server.RaftServerConfigKeys: raft.server.sleep.deviation.threshold = 300 (default)
datanode_1  |  command succeed on datanode 6296b118-5d71-4226-a54f-3c235f4ab2a3.
datanode_3  | 2019-11-15 14:12:59,828 INFO server.RaftServerConfigKeys: raft.server.rpcslowness.timeout = 120s (custom)
scm_1       | 2019-11-15 14:12:56,541 INFO net.NetworkTopology: Added a new node: /default-rack/674607c2-4092-4328-aed3-088ae1afe93b
datanode_2  | 2019-11-15 14:13:00,088 INFO server.RaftServerConfigKeys: raft.server.log.appender.install.snapshot.enabled = false (custom)
datanode_1  | 2019-11-15 14:12:59,275 INFO impl.RaftServerProxy: 6296b118-5d71-4226-a54f-3c235f4ab2a3: addNew group-B0D3128202C7:[d3b35b33-e250-47bb-a45b-e89fe1065424:172.19.0.5:9858, 6296b118-5d71-4226-a54f-3c235f4ab2a3:172.19.0.2:9858, 674607c2-4092-4328-aed3-088ae1afe93b:172.19.0.6:9858] returns group-B0D3128202C7:java.util.concurrent.CompletableFuture@77691361[Not completed]
datanode_3  | 2019-11-15 14:12:59,828 INFO server.RaftServerConfigKeys: raft.server.sleep.deviation.threshold = 300 (default)
scm_1       | 2019-11-15 14:12:56,541 INFO node.SCMNodeManager: Registered Data node : 674607c2-4092-4328-aed3-088ae1afe93b{ip: 172.19.0.6, host: ozone_datanode_3.ozone_default, networkLocation: /default-rack, certSerialId: null}
datanode_2  | 2019-11-15 14:13:00,089 INFO impl.RaftServerImpl: d3b35b33-e250-47bb-a45b-e89fe1065424@group-B0D3128202C7: ConfigurationManager, init=-1: [d3b35b33-e250-47bb-a45b-e89fe1065424:172.19.0.5:9858, 6296b118-5d71-4226-a54f-3c235f4ab2a3:172.19.0.2:9858, 674607c2-4092-4328-aed3-088ae1afe93b:172.19.0.6:9858], old=null, confs=<EMPTY_MAP>
datanode_1  | 2019-11-15 14:12:59,279 INFO impl.RaftServerImpl: 6296b118-5d71-4226-a54f-3c235f4ab2a3: new RaftServerImpl for group-B0D3128202C7:[d3b35b33-e250-47bb-a45b-e89fe1065424:172.19.0.5:9858, 6296b118-5d71-4226-a54f-3c235f4ab2a3:172.19.0.2:9858, 674607c2-4092-4328-aed3-088ae1afe93b:172.19.0.6:9858] with ContainerStateMachine:uninitialized
datanode_3  | 2019-11-15 14:12:59,828 INFO server.RaftServerConfigKeys: raft.server.log.appender.install.snapshot.enabled = false (custom)
scm_1       | 2019-11-15 14:12:56,542 INFO safemode.SCMSafeModeManager: ContainerSafeModeRule rule is successfully validated
datanode_2  | 2019-11-15 14:13:00,089 INFO server.RaftServerConfigKeys: raft.server.storage.dir = [/data/metadata/ratis] (custom)
datanode_1  | 2019-11-15 14:12:59,279 INFO server.RaftServerConfigKeys: raft.server.rpc.timeout.min = 5s (custom)
datanode_3  | 2019-11-15 14:12:59,829 INFO impl.RaftServerImpl: 674607c2-4092-4328-aed3-088ae1afe93b@group-B0D3128202C7: ConfigurationManager, init=-1: [d3b35b33-e250-47bb-a45b-e89fe1065424:172.19.0.5:9858, 6296b118-5d71-4226-a54f-3c235f4ab2a3:172.19.0.2:9858, 674607c2-4092-4328-aed3-088ae1afe93b:172.19.0.6:9858], old=null, confs=<EMPTY_MAP>
scm_1       | 2019-11-15 14:12:56,542 INFO safemode.SCMSafeModeManager: DataNodeSafeModeRule rule is successfully validated
datanode_1  | 2019-11-15 14:12:59,279 INFO server.RaftServerConfigKeys: raft.server.rpc.timeout.max = 5200ms (custom)
datanode_2  | 2019-11-15 14:13:00,089 INFO server.RaftServerConfigKeys: raft.server.log.corruption.policy = EXCEPTION (default)
datanode_3  | 2019-11-15 14:12:59,829 INFO server.RaftServerConfigKeys: raft.server.storage.dir = [/data/metadata/ratis] (custom)
scm_1       | 2019-11-15 14:12:56,544 INFO pipeline.RatisPipelineProvider: Send pipeline:PipelineID=95498402-09da-4d0e-b3d1-cb116152015d create command to datanode 674607c2-4092-4328-aed3-088ae1afe93b
datanode_1  | 2019-11-15 14:12:59,279 INFO server.RaftServerConfigKeys: raft.server.rpcslowness.timeout = 120s (custom)
datanode_2  | 2019-11-15 14:13:00,089 INFO storage.RaftStorageDirectory: The storage directory /data/metadata/ratis/95cb99f1-fd23-4935-879a-b0d3128202c7 does not exist. Creating ...
datanode_3  | 2019-11-15 14:12:59,829 INFO server.RaftServerConfigKeys: raft.server.log.corruption.policy = EXCEPTION (default)
scm_1       | 2019-11-15 14:12:56,544 INFO pipeline.PipelineStateManager: Created pipeline Pipeline[ Id: 95498402-09da-4d0e-b3d1-cb116152015d, Nodes: 674607c2-4092-4328-aed3-088ae1afe93b{ip: 172.19.0.6, host: ozone_datanode_3.ozone_default, networkLocation: /default-rack, certSerialId: null}, Type:RATIS, Factor:ONE, State:ALLOCATED]
datanode_1  | 2019-11-15 14:12:59,280 INFO server.RaftServerConfigKeys: raft.server.sleep.deviation.threshold = 300 (default)
datanode_2  | 2019-11-15 14:13:00,103 INFO storage.RaftStorageDirectory: Lock on /data/metadata/ratis/95cb99f1-fd23-4935-879a-b0d3128202c7/in_use.lock acquired by nodename 7@a8bcce0aafd2
datanode_3  | 2019-11-15 14:12:59,829 INFO storage.RaftStorageDirectory: The storage directory /data/metadata/ratis/95cb99f1-fd23-4935-879a-b0d3128202c7 does not exist. Creating ...
datanode_1  | 2019-11-15 14:12:59,280 INFO server.RaftServerConfigKeys: raft.server.log.appender.install.snapshot.enabled = false (custom)
datanode_2  | 2019-11-15 14:13:00,120 INFO storage.RaftStorage: Storage directory /data/metadata/ratis/95cb99f1-fd23-4935-879a-b0d3128202c7 has been successfully formatted.
datanode_3  | 2019-11-15 14:12:59,837 INFO storage.RaftStorageDirectory: Lock on /data/metadata/ratis/95cb99f1-fd23-4935-879a-b0d3128202c7/in_use.lock acquired by nodename 7@f350417969c2
scm_1       | 2019-11-15 14:12:56,792 INFO net.NetworkTopology: Added a new node: /default-rack/d3b35b33-e250-47bb-a45b-e89fe1065424
datanode_2  | 2019-11-15 14:13:00,121 INFO ratis.ContainerStateMachine: group-B0D3128202C7: The snapshot info is null. Setting the last applied indexto:(t:0, i:~)
datanode_1  | 2019-11-15 14:12:59,280 INFO impl.RaftServerImpl: 6296b118-5d71-4226-a54f-3c235f4ab2a3@group-B0D3128202C7: ConfigurationManager, init=-1: [d3b35b33-e250-47bb-a45b-e89fe1065424:172.19.0.5:9858, 6296b118-5d71-4226-a54f-3c235f4ab2a3:172.19.0.2:9858, 674607c2-4092-4328-aed3-088ae1afe93b:172.19.0.6:9858], old=null, confs=<EMPTY_MAP>
datanode_3  | 2019-11-15 14:12:59,851 INFO storage.RaftStorage: Storage directory /data/metadata/ratis/95cb99f1-fd23-4935-879a-b0d3128202c7 has been successfully formatted.
scm_1       | 2019-11-15 14:12:56,792 INFO node.SCMNodeManager: Registered Data node : d3b35b33-e250-47bb-a45b-e89fe1065424{ip: 172.19.0.5, host: ozone_datanode_2.ozone_default, networkLocation: /default-rack, certSerialId: null}
datanode_2  | 2019-11-15 14:13:00,121 INFO server.RaftServerConfigKeys: raft.server.notification.no-leader.timeout = 120s (custom)
datanode_1  | 2019-11-15 14:12:59,280 INFO server.RaftServerConfigKeys: raft.server.storage.dir = [/data/metadata/ratis] (custom)
scm_1       | 2019-11-15 14:12:56,793 INFO safemode.SCMSafeModeManager: ContainerSafeModeRule rule is successfully validated
datanode_3  | 2019-11-15 14:12:59,851 INFO ratis.ContainerStateMachine: group-B0D3128202C7: The snapshot info is null. Setting the last applied indexto:(t:0, i:~)
datanode_2  | 2019-11-15 14:13:00,121 INFO server.RaftServerConfigKeys: raft.server.log.use.memory = false (default)
datanode_1  | 2019-11-15 14:12:59,281 INFO server.RaftServerConfigKeys: raft.server.log.corruption.policy = EXCEPTION (default)
scm_1       | 2019-11-15 14:12:56,793 INFO safemode.SCMSafeModeManager: DataNodeSafeModeRule rule is successfully validated
datanode_3  | 2019-11-15 14:12:59,851 INFO server.RaftServerConfigKeys: raft.server.notification.no-leader.timeout = 120s (custom)
datanode_2  | 2019-11-15 14:13:00,121 INFO server.RaftServerConfigKeys: raft.server.log.purge.gap = 1000000 (custom)
datanode_1  | 2019-11-15 14:12:59,281 INFO storage.RaftStorageDirectory: The storage directory /data/metadata/ratis/95cb99f1-fd23-4935-879a-b0d3128202c7 does not exist. Creating ...
scm_1       | 2019-11-15 14:12:56,794 INFO pipeline.RatisPipelineProvider: Send pipeline:PipelineID=9b9f893d-7879-4d2b-862b-aa4dcccf64cf create command to datanode d3b35b33-e250-47bb-a45b-e89fe1065424
datanode_3  | 2019-11-15 14:12:59,851 INFO server.RaftServerConfigKeys: raft.server.log.use.memory = false (default)
datanode_2  | 2019-11-15 14:13:00,121 INFO server.RaftServerConfigKeys: raft.server.log.appender.buffer.byte-limit = 33554432 (custom)
datanode_1  | 2019-11-15 14:12:59,294 INFO storage.RaftStorageDirectory: Lock on /data/metadata/ratis/95cb99f1-fd23-4935-879a-b0d3128202c7/in_use.lock acquired by nodename 7@0e6e83734b41
scm_1       | 2019-11-15 14:12:56,795 INFO pipeline.PipelineStateManager: Created pipeline Pipeline[ Id: 9b9f893d-7879-4d2b-862b-aa4dcccf64cf, Nodes: d3b35b33-e250-47bb-a45b-e89fe1065424{ip: 172.19.0.5, host: ozone_datanode_2.ozone_default, networkLocation: /default-rack, certSerialId: null}, Type:RATIS, Factor:ONE, State:ALLOCATED]
datanode_3  | 2019-11-15 14:12:59,851 INFO server.RaftServerConfigKeys: raft.server.log.purge.gap = 1000000 (custom)
datanode_2  | 2019-11-15 14:13:00,121 INFO server.RaftServerConfigKeys: raft.server.log.segment.size.max = 1048576 (custom)
datanode_1  | 2019-11-15 14:12:59,308 INFO storage.RaftStorage: Storage directory /data/metadata/ratis/95cb99f1-fd23-4935-879a-b0d3128202c7 has been successfully formatted.
scm_1       | 2019-11-15 14:12:56,796 INFO pipeline.RatisPipelineProvider: Send pipeline:PipelineID=95cb99f1-fd23-4935-879a-b0d3128202c7 create command to datanode 674607c2-4092-4328-aed3-088ae1afe93b
datanode_3  | 2019-11-15 14:12:59,851 INFO server.RaftServerConfigKeys: raft.server.log.appender.buffer.byte-limit = 33554432 (custom)
datanode_1  | 2019-11-15 14:12:59,308 INFO ratis.ContainerStateMachine: group-B0D3128202C7: The snapshot info is null. Setting the last applied indexto:(t:0, i:~)
datanode_2  | 2019-11-15 14:13:00,121 INFO server.RaftServerConfigKeys: raft.server.log.segment.cache.num.max = 2 (custom)
scm_1       | 2019-11-15 14:12:56,796 INFO pipeline.RatisPipelineProvider: Send pipeline:PipelineID=95cb99f1-fd23-4935-879a-b0d3128202c7 create command to datanode 6296b118-5d71-4226-a54f-3c235f4ab2a3
datanode_3  | 2019-11-15 14:12:59,851 INFO server.RaftServerConfigKeys: raft.server.log.segment.size.max = 1048576 (custom)
datanode_1  | 2019-11-15 14:12:59,308 INFO server.RaftServerConfigKeys: raft.server.notification.no-leader.timeout = 120s (custom)
datanode_2  | 2019-11-15 14:13:00,121 INFO segmented.SegmentedRaftLogWorker: new d3b35b33-e250-47bb-a45b-e89fe1065424@group-B0D3128202C7-SegmentedRaftLogWorker for RaftStorage:Storage Directory /data/metadata/ratis/95cb99f1-fd23-4935-879a-b0d3128202c7
scm_1       | 2019-11-15 14:12:56,796 INFO pipeline.RatisPipelineProvider: Send pipeline:PipelineID=95cb99f1-fd23-4935-879a-b0d3128202c7 create command to datanode d3b35b33-e250-47bb-a45b-e89fe1065424
datanode_3  | 2019-11-15 14:12:59,852 INFO server.RaftServerConfigKeys: raft.server.log.segment.cache.num.max = 2 (custom)
datanode_1  | 2019-11-15 14:12:59,309 INFO server.RaftServerConfigKeys: raft.server.log.use.memory = false (default)
datanode_2  | 2019-11-15 14:13:00,121 INFO server.RaftServerConfigKeys: raft.server.log.queue.byte-limit = 2147483647 (custom)
scm_1       | 2019-11-15 14:12:56,797 INFO pipeline.PipelineStateManager: Created pipeline Pipeline[ Id: 95cb99f1-fd23-4935-879a-b0d3128202c7, Nodes: 674607c2-4092-4328-aed3-088ae1afe93b{ip: 172.19.0.6, host: ozone_datanode_3.ozone_default, networkLocation: /default-rack, certSerialId: null}6296b118-5d71-4226-a54f-3c235f4ab2a3{ip: 172.19.0.2, host: ozone_datanode_1.ozone_default, networkLocation: /default-rack, certSerialId: null}d3b35b33-e250-47bb-a45b-e89fe1065424{ip: 172.19.0.5, host: ozone_datanode_2.ozone_default, networkLocation: /default-rack, certSerialId: null}, Type:RATIS, Factor:THREE, State:ALLOCATED]
datanode_1  | 2019-11-15 14:12:59,309 INFO server.RaftServerConfigKeys: raft.server.log.purge.gap = 1000000 (custom)
datanode_1  | 2019-11-15 14:12:59,309 INFO server.RaftServerConfigKeys: raft.server.log.appender.buffer.byte-limit = 33554432 (custom)
scm_1       | 2019-11-15 14:12:59,319 INFO pipeline.PipelineReportHandler: Pipeline ONE PipelineID=fe92a76d-2ff9-4b82-8cc6-2774d985a5ff reported by 6296b118-5d71-4226-a54f-3c235f4ab2a3{ip: 172.19.0.2, host: ozone_datanode_1.ozone_default, networkLocation: /default-rack, certSerialId: null}
datanode_1  | 2019-11-15 14:12:59,309 INFO server.RaftServerConfigKeys: raft.server.log.segment.size.max = 1048576 (custom)
datanode_3  | 2019-11-15 14:12:59,852 INFO segmented.SegmentedRaftLogWorker: new 674607c2-4092-4328-aed3-088ae1afe93b@group-B0D3128202C7-SegmentedRaftLogWorker for RaftStorage:Storage Directory /data/metadata/ratis/95cb99f1-fd23-4935-879a-b0d3128202c7
scm_1       | 2019-11-15 14:12:59,320 INFO pipeline.PipelineStateManager: Pipeline Pipeline[ Id: fe92a76d-2ff9-4b82-8cc6-2774d985a5ff, Nodes: 6296b118-5d71-4226-a54f-3c235f4ab2a3{ip: 172.19.0.2, host: ozone_datanode_1.ozone_default, networkLocation: /default-rack, certSerialId: null}, Type:RATIS, Factor:ONE, State:ALLOCATED] moved to OPEN state
datanode_1  | 2019-11-15 14:12:59,309 INFO server.RaftServerConfigKeys: raft.server.log.segment.cache.num.max = 2 (custom)
datanode_2  | 2019-11-15 14:13:00,122 INFO server.RaftServerConfigKeys: raft.server.log.queue.element-limit = 1024 (custom)
scm_1       | 2019-11-15 14:12:59,324 INFO safemode.SCMSafeModeManager: SCM in safe mode. Healthy pipelines reported count is 0, required healthy pipeline reported count is 1
datanode_1  | 2019-11-15 14:12:59,309 INFO segmented.SegmentedRaftLogWorker: new 6296b118-5d71-4226-a54f-3c235f4ab2a3@group-B0D3128202C7-SegmentedRaftLogWorker for RaftStorage:Storage Directory /data/metadata/ratis/95cb99f1-fd23-4935-879a-b0d3128202c7
datanode_2  | 2019-11-15 14:13:00,122 INFO server.RaftServerConfigKeys: raft.server.log.segment.size.max = 1048576 (custom)
scm_1       | 2019-11-15 14:12:59,329 INFO safemode.SCMSafeModeManager: AtleastOneDatanodeReportedRule rule is successfully validated
datanode_1  | 2019-11-15 14:12:59,309 INFO server.RaftServerConfigKeys: raft.server.log.queue.byte-limit = 2147483647 (custom)
datanode_3  | 2019-11-15 14:12:59,852 INFO server.RaftServerConfigKeys: raft.server.log.queue.byte-limit = 2147483647 (custom)
datanode_2  | 2019-11-15 14:13:00,122 INFO server.RaftServerConfigKeys: raft.server.log.preallocated.size = 16384 (custom)
scm_1       | 2019-11-15 14:12:59,330 INFO pipeline.PipelineReportHandler: Pipeline THREE PipelineID=95cb99f1-fd23-4935-879a-b0d3128202c7 reported by 6296b118-5d71-4226-a54f-3c235f4ab2a3{ip: 172.19.0.2, host: ozone_datanode_1.ozone_default, networkLocation: /default-rack, certSerialId: null}
datanode_1  | 2019-11-15 14:12:59,309 INFO server.RaftServerConfigKeys: raft.server.log.queue.element-limit = 1024 (custom)
datanode_3  | 2019-11-15 14:12:59,852 INFO server.RaftServerConfigKeys: raft.server.log.queue.element-limit = 1024 (custom)
datanode_2  | 2019-11-15 14:13:00,122 INFO server.RaftServerConfigKeys: raft.server.log.write.buffer.size = 33554432 (custom)
scm_1       | 2019-11-15 14:12:59,849 INFO pipeline.PipelineReportHandler: Pipeline ONE PipelineID=95498402-09da-4d0e-b3d1-cb116152015d reported by 674607c2-4092-4328-aed3-088ae1afe93b{ip: 172.19.0.6, host: ozone_datanode_3.ozone_default, networkLocation: /default-rack, certSerialId: null}
datanode_3  | 2019-11-15 14:12:59,852 INFO server.RaftServerConfigKeys: raft.server.log.segment.size.max = 1048576 (custom)
datanode_2  | 2019-11-15 14:13:00,122 INFO server.RaftServerConfigKeys: raft.server.log.force.sync.num = 128 (default)
datanode_1  | 2019-11-15 14:12:59,309 INFO server.RaftServerConfigKeys: raft.server.log.segment.size.max = 1048576 (custom)
scm_1       | 2019-11-15 14:12:59,849 INFO pipeline.PipelineStateManager: Pipeline Pipeline[ Id: 95498402-09da-4d0e-b3d1-cb116152015d, Nodes: 674607c2-4092-4328-aed3-088ae1afe93b{ip: 172.19.0.6, host: ozone_datanode_3.ozone_default, networkLocation: /default-rack, certSerialId: null}, Type:RATIS, Factor:ONE, State:ALLOCATED] moved to OPEN state
datanode_3  | 2019-11-15 14:12:59,852 INFO server.RaftServerConfigKeys: raft.server.log.preallocated.size = 16384 (custom)
datanode_2  | 2019-11-15 14:13:00,122 INFO server.RaftServerConfigKeys: raft.server.log.statemachine.data.sync = true (default)
datanode_1  | 2019-11-15 14:12:59,310 INFO server.RaftServerConfigKeys: raft.server.log.preallocated.size = 16384 (custom)
scm_1       | 2019-11-15 14:12:59,850 INFO safemode.SCMSafeModeManager: AtleastOneDatanodeReportedRule rule is successfully validated
datanode_3  | 2019-11-15 14:12:59,852 INFO server.RaftServerConfigKeys: raft.server.log.write.buffer.size = 33554432 (custom)
datanode_2  | 2019-11-15 14:13:00,122 INFO server.RaftServerConfigKeys: raft.server.log.statemachine.data.sync.timeout = 10s (default)
scm_1       | 2019-11-15 14:12:59,850 INFO safemode.SCMSafeModeManager: SCM in safe mode. Healthy pipelines reported count is 0, required healthy pipeline reported count is 1
datanode_1  | 2019-11-15 14:12:59,310 INFO server.RaftServerConfigKeys: raft.server.log.write.buffer.size = 33554432 (custom)
datanode_2  | 2019-11-15 14:13:00,122 INFO server.RaftServerConfigKeys: raft.server.log.statemachine.data.sync.timeout.retry = -1 (default)
scm_1       | 2019-11-15 14:12:59,859 INFO pipeline.PipelineReportHandler: Pipeline THREE PipelineID=95cb99f1-fd23-4935-879a-b0d3128202c7 reported by 674607c2-4092-4328-aed3-088ae1afe93b{ip: 172.19.0.6, host: ozone_datanode_3.ozone_default, networkLocation: /default-rack, certSerialId: null}
datanode_1  | 2019-11-15 14:12:59,310 INFO server.RaftServerConfigKeys: raft.server.log.force.sync.num = 128 (default)
datanode_2  | 2019-11-15 14:13:00,123 INFO server.RaftServerConfigKeys: raft.server.log.statemachine.data.caching.enabled = true (custom)
datanode_3  | 2019-11-15 14:12:59,852 INFO server.RaftServerConfigKeys: raft.server.log.force.sync.num = 128 (default)
scm_1       | 2019-11-15 14:13:00,121 INFO pipeline.PipelineReportHandler: Pipeline ONE PipelineID=9b9f893d-7879-4d2b-862b-aa4dcccf64cf reported by d3b35b33-e250-47bb-a45b-e89fe1065424{ip: 172.19.0.5, host: ozone_datanode_2.ozone_default, networkLocation: /default-rack, certSerialId: null}
datanode_1  | 2019-11-15 14:12:59,310 INFO server.RaftServerConfigKeys: raft.server.log.statemachine.data.sync = true (default)
datanode_2  | 2019-11-15 14:13:00,123 INFO segmented.SegmentedRaftLogWorker: d3b35b33-e250-47bb-a45b-e89fe1065424@group-B0D3128202C7-SegmentedRaftLogWorker: flushIndex: setUnconditionally 0 -> -1
datanode_3  | 2019-11-15 14:12:59,852 INFO server.RaftServerConfigKeys: raft.server.log.statemachine.data.sync = true (default)
scm_1       | 2019-11-15 14:13:00,121 INFO pipeline.PipelineStateManager: Pipeline Pipeline[ Id: 9b9f893d-7879-4d2b-862b-aa4dcccf64cf, Nodes: d3b35b33-e250-47bb-a45b-e89fe1065424{ip: 172.19.0.5, host: ozone_datanode_2.ozone_default, networkLocation: /default-rack, certSerialId: null}, Type:RATIS, Factor:ONE, State:ALLOCATED] moved to OPEN state
datanode_1  | 2019-11-15 14:12:59,310 INFO server.RaftServerConfigKeys: raft.server.log.statemachine.data.sync.timeout = 10s (default)
datanode_2  | 2019-11-15 14:13:00,123 INFO server.RaftServerConfigKeys: raft.server.snapshot.auto.trigger.enabled = true (custom)
datanode_3  | 2019-11-15 14:12:59,853 INFO server.RaftServerConfigKeys: raft.server.log.statemachine.data.sync.timeout = 10s (default)
datanode_1  | 2019-11-15 14:12:59,310 INFO server.RaftServerConfigKeys: raft.server.log.statemachine.data.sync.timeout.retry = -1 (default)
datanode_2  | 2019-11-15 14:13:00,123 INFO server.RaftServerConfigKeys: raft.server.snapshot.auto.trigger.threshold = 10000 (custom)
datanode_3  | 2019-11-15 14:12:59,853 INFO server.RaftServerConfigKeys: raft.server.log.statemachine.data.sync.timeout.retry = -1 (default)
scm_1       | 2019-11-15 14:13:00,122 INFO safemode.SCMSafeModeManager: AtleastOneDatanodeReportedRule rule is successfully validated
datanode_1  | 2019-11-15 14:12:59,310 INFO server.RaftServerConfigKeys: raft.server.log.statemachine.data.caching.enabled = true (custom)
datanode_2  | 2019-11-15 14:13:00,124 INFO server.RaftServerConfigKeys: raft.server.snapshot.retention.file.num = 5 (custom)
datanode_3  | 2019-11-15 14:12:59,853 INFO server.RaftServerConfigKeys: raft.server.log.statemachine.data.caching.enabled = true (custom)
datanode_1  | 2019-11-15 14:12:59,310 INFO segmented.SegmentedRaftLogWorker: 6296b118-5d71-4226-a54f-3c235f4ab2a3@group-B0D3128202C7-SegmentedRaftLogWorker: flushIndex: setUnconditionally 0 -> -1
datanode_2  | 2019-11-15 14:13:00,124 INFO server.RaftServerConfigKeys: raft.server.retrycache.expirytime = 600000ms (custom)
scm_1       | 2019-11-15 14:13:00,122 INFO safemode.SCMSafeModeManager: SCM in safe mode. Healthy pipelines reported count is 0, required healthy pipeline reported count is 1
datanode_3  | 2019-11-15 14:12:59,853 INFO segmented.SegmentedRaftLogWorker: 674607c2-4092-4328-aed3-088ae1afe93b@group-B0D3128202C7-SegmentedRaftLogWorker: flushIndex: setUnconditionally 0 -> -1
datanode_1  | 2019-11-15 14:12:59,311 INFO server.RaftServerConfigKeys: raft.server.snapshot.auto.trigger.enabled = true (custom)
datanode_2  | 2019-11-15 14:13:00,124 WARN impl.MetricRegistriesImpl: First MetricRegistry has been created without registering reporters. You may need to call MetricRegistries.global().addReportRegistration(...) before.
scm_1       | 2019-11-15 14:13:00,128 INFO pipeline.PipelineReportHandler: Pipeline THREE PipelineID=95cb99f1-fd23-4935-879a-b0d3128202c7 reported by d3b35b33-e250-47bb-a45b-e89fe1065424{ip: 172.19.0.5, host: ozone_datanode_2.ozone_default, networkLocation: /default-rack, certSerialId: null}
datanode_3  | 2019-11-15 14:12:59,853 INFO server.RaftServerConfigKeys: raft.server.snapshot.auto.trigger.enabled = true (custom)
datanode_1  | 2019-11-15 14:12:59,312 INFO server.RaftServerConfigKeys: raft.server.snapshot.auto.trigger.threshold = 10000 (custom)
datanode_2  | 2019-11-15 14:13:00,124 WARN impl.MetricRegistriesImpl: First MetricRegistry has been created without registering reporters. You may need to call MetricRegistries.global().addReportRegistration(...) before.
scm_1       | 2019-11-15 14:13:04,359 INFO pipeline.PipelineReportHandler: Pipeline THREE PipelineID=95cb99f1-fd23-4935-879a-b0d3128202c7 reported by 6296b118-5d71-4226-a54f-3c235f4ab2a3{ip: 172.19.0.2, host: ozone_datanode_1.ozone_default, networkLocation: /default-rack, certSerialId: null}
datanode_3  | 2019-11-15 14:12:59,854 INFO server.RaftServerConfigKeys: raft.server.snapshot.auto.trigger.threshold = 10000 (custom)
datanode_1  | 2019-11-15 14:12:59,312 INFO server.RaftServerConfigKeys: raft.server.snapshot.retention.file.num = 5 (custom)
datanode_2  | 2019-11-15 14:13:00,124 INFO impl.RaftServerImpl: d3b35b33-e250-47bb-a45b-e89fe1065424@group-B0D3128202C7: start as a follower, conf=-1: [d3b35b33-e250-47bb-a45b-e89fe1065424:172.19.0.5:9858, 6296b118-5d71-4226-a54f-3c235f4ab2a3:172.19.0.2:9858, 674607c2-4092-4328-aed3-088ae1afe93b:172.19.0.6:9858], old=null
scm_1       | 2019-11-15 14:13:04,817 INFO pipeline.PipelineReportHandler: Pipeline THREE PipelineID=95cb99f1-fd23-4935-879a-b0d3128202c7 reported by 674607c2-4092-4328-aed3-088ae1afe93b{ip: 172.19.0.6, host: ozone_datanode_3.ozone_default, networkLocation: /default-rack, certSerialId: null}
datanode_3  | 2019-11-15 14:12:59,854 INFO server.RaftServerConfigKeys: raft.server.snapshot.retention.file.num = 5 (custom)
datanode_1  | 2019-11-15 14:12:59,313 INFO server.RaftServerConfigKeys: raft.server.retrycache.expirytime = 600000ms (custom)
datanode_2  | 2019-11-15 14:13:00,125 INFO impl.RaftServerImpl: d3b35b33-e250-47bb-a45b-e89fe1065424@group-B0D3128202C7: changes role from      null to FOLLOWER at term 0 for startAsFollower
scm_1       | 2019-11-15 14:13:04,900 INFO pipeline.PipelineReportHandler: Pipeline THREE PipelineID=95cb99f1-fd23-4935-879a-b0d3128202c7 reported by 6296b118-5d71-4226-a54f-3c235f4ab2a3{ip: 172.19.0.2, host: ozone_datanode_1.ozone_default, networkLocation: /default-rack, certSerialId: null}
datanode_3  | 2019-11-15 14:12:59,854 INFO server.RaftServerConfigKeys: raft.server.retrycache.expirytime = 600000ms (custom)
datanode_1  | 2019-11-15 14:12:59,313 WARN impl.MetricRegistriesImpl: First MetricRegistry has been created without registering reporters. You may need to call MetricRegistries.global().addReportRegistration(...) before.
datanode_2  | 2019-11-15 14:13:00,125 INFO impl.RoleInfo: d3b35b33-e250-47bb-a45b-e89fe1065424: start FollowerState
scm_1       | 2019-11-15 14:13:04,900 INFO pipeline.PipelineStateManager: Pipeline Pipeline[ Id: 95cb99f1-fd23-4935-879a-b0d3128202c7, Nodes: 674607c2-4092-4328-aed3-088ae1afe93b{ip: 172.19.0.6, host: ozone_datanode_3.ozone_default, networkLocation: /default-rack, certSerialId: null}6296b118-5d71-4226-a54f-3c235f4ab2a3{ip: 172.19.0.2, host: ozone_datanode_1.ozone_default, networkLocation: /default-rack, certSerialId: null}d3b35b33-e250-47bb-a45b-e89fe1065424{ip: 172.19.0.5, host: ozone_datanode_2.ozone_default, networkLocation: /default-rack, certSerialId: null}, Type:RATIS, Factor:THREE, State:ALLOCATED] moved to OPEN state
datanode_3  | 2019-11-15 14:12:59,854 WARN impl.MetricRegistriesImpl: First MetricRegistry has been created without registering reporters. You may need to call MetricRegistries.global().addReportRegistration(...) before.
datanode_1  | 2019-11-15 14:12:59,317 WARN impl.MetricRegistriesImpl: First MetricRegistry has been created without registering reporters. You may need to call MetricRegistries.global().addReportRegistration(...) before.
datanode_2  | 2019-11-15 14:13:00,125 INFO util.JmxRegister: Successfully registered JMX Bean with object name Ratis:service=RaftServer,group=group-B0D3128202C7,id=d3b35b33-e250-47bb-a45b-e89fe1065424
scm_1       | 2019-11-15 14:13:04,901 INFO safemode.SCMSafeModeManager: AtleastOneDatanodeReportedRule rule is successfully validated
datanode_3  | 2019-11-15 14:12:59,854 WARN impl.MetricRegistriesImpl: First MetricRegistry has been created without registering reporters. You may need to call MetricRegistries.global().addReportRegistration(...) before.
datanode_1  | 2019-11-15 14:12:59,318 INFO impl.RaftServerImpl: 6296b118-5d71-4226-a54f-3c235f4ab2a3@group-B0D3128202C7: start as a follower, conf=-1: [d3b35b33-e250-47bb-a45b-e89fe1065424:172.19.0.5:9858, 6296b118-5d71-4226-a54f-3c235f4ab2a3:172.19.0.2:9858, 674607c2-4092-4328-aed3-088ae1afe93b:172.19.0.6:9858], old=null
datanode_2  | 2019-11-15 14:13:00,125 WARN impl.MetricRegistriesImpl: First MetricRegistry has been created without registering reporters. You may need to call MetricRegistries.global().addReportRegistration(...) before.
scm_1       | 2019-11-15 14:13:04,901 INFO safemode.SCMSafeModeManager: SCM in safe mode. Healthy pipelines reported count is 1, required healthy pipeline reported count is 1
datanode_3  | 2019-11-15 14:12:59,854 INFO impl.RaftServerImpl: 674607c2-4092-4328-aed3-088ae1afe93b@group-B0D3128202C7: start as a follower, conf=-1: [d3b35b33-e250-47bb-a45b-e89fe1065424:172.19.0.5:9858, 6296b118-5d71-4226-a54f-3c235f4ab2a3:172.19.0.2:9858, 674607c2-4092-4328-aed3-088ae1afe93b:172.19.0.6:9858], old=null
datanode_1  | 2019-11-15 14:12:59,318 INFO impl.RaftServerImpl: 6296b118-5d71-4226-a54f-3c235f4ab2a3@group-B0D3128202C7: changes role from      null to FOLLOWER at term 0 for startAsFollower
scm_1       | 2019-11-15 14:13:04,901 INFO safemode.SCMSafeModeManager: HealthyPipelineSafeModeRule rule is successfully validated
datanode_3  | 2019-11-15 14:12:59,855 INFO impl.RaftServerImpl: 674607c2-4092-4328-aed3-088ae1afe93b@group-B0D3128202C7: changes role from      null to FOLLOWER at term 0 for startAsFollower
datanode_1  | 2019-11-15 14:12:59,318 INFO impl.RoleInfo: 6296b118-5d71-4226-a54f-3c235f4ab2a3: start FollowerState
scm_1       | 2019-11-15 14:13:04,901 INFO safemode.SCMSafeModeManager: ScmSafeModeManager, all rules are successfully validated
datanode_2  | 2019-11-15 14:13:00,126 INFO commandhandler.CreatePipelineCommandHandler: Create Pipeline RATIS THREE #id: "95cb99f1-fd23-4935-879a-b0d3128202c7"
datanode_3  | 2019-11-15 14:12:59,855 INFO impl.RoleInfo: 674607c2-4092-4328-aed3-088ae1afe93b: start FollowerState
datanode_1  | 2019-11-15 14:12:59,319 INFO util.JmxRegister: Successfully registered JMX Bean with object name Ratis:service=RaftServer,group=group-B0D3128202C7,id=6296b118-5d71-4226-a54f-3c235f4ab2a3
scm_1       | 2019-11-15 14:13:04,901 INFO safemode.SCMSafeModeManager: SCM exiting safe mode.
datanode_2  |  command succeed on datanode d3b35b33-e250-47bb-a45b-e89fe1065424.
datanode_3  | 2019-11-15 14:12:59,855 INFO util.JmxRegister: Successfully registered JMX Bean with object name Ratis:service=RaftServer,group=group-B0D3128202C7,id=674607c2-4092-4328-aed3-088ae1afe93b
datanode_1  | 2019-11-15 14:12:59,319 WARN impl.MetricRegistriesImpl: First MetricRegistry has been created without registering reporters. You may need to call MetricRegistries.global().addReportRegistration(...) before.
scm_1       | 2019-11-15 14:14:57,250 INFO server.SCMBlockProtocolServer: SCM is informed by OM to delete 3 blocks
datanode_2  | 2019-11-15 14:13:04,841 INFO impl.RaftServerImpl: d3b35b33-e250-47bb-a45b-e89fe1065424@group-B0D3128202C7: changes role from  FOLLOWER to FOLLOWER at term 1 for recognizeCandidate:6296b118-5d71-4226-a54f-3c235f4ab2a3
datanode_3  | 2019-11-15 14:12:59,856 WARN impl.MetricRegistriesImpl: First MetricRegistry has been created without registering reporters. You may need to call MetricRegistries.global().addReportRegistration(...) before.
datanode_1  | 2019-11-15 14:12:59,320 INFO commandhandler.CreatePipelineCommandHandler: Create Pipeline RATIS THREE #id: "95cb99f1-fd23-4935-879a-b0d3128202c7"
scm_1       | 2019-11-15 14:14:57,251 INFO block.BlockManagerImpl: Deleting blocks conID: 3 locID: 103142343087751293 bcsId: 0
datanode_2  | 2019-11-15 14:13:04,841 INFO impl.RoleInfo: d3b35b33-e250-47bb-a45b-e89fe1065424: shutdown FollowerState
datanode_3  | 2019-11-15 14:12:59,856 INFO commandhandler.CreatePipelineCommandHandler: Create Pipeline RATIS THREE #id: "95cb99f1-fd23-4935-879a-b0d3128202c7"
datanode_1  |  command succeed on datanode 6296b118-5d71-4226-a54f-3c235f4ab2a3.
scm_1       | 2019-11-15 14:14:57,258 INFO block.BlockManagerImpl: Deleting blocks conID: 1 locID: 103142343927660670 bcsId: 0
datanode_3  |  command succeed on datanode 674607c2-4092-4328-aed3-088ae1afe93b.
datanode_1  | 2019-11-15 14:13:04,328 INFO impl.FollowerState: 6296b118-5d71-4226-a54f-3c235f4ab2a3@group-2774D985A5FF-FollowerState: change to CANDIDATE, lastRpcTime:5115ms, electionTimeout:5115ms
datanode_2  | 2019-11-15 14:13:04,841 INFO impl.RoleInfo: d3b35b33-e250-47bb-a45b-e89fe1065424: start FollowerState
scm_1       | 2019-11-15 14:14:57,258 INFO block.BlockManagerImpl: Deleting blocks conID: 2 locID: 103142344774582399 bcsId: 0
datanode_3  | 2019-11-15 14:13:04,773 INFO impl.FollowerState: 674607c2-4092-4328-aed3-088ae1afe93b@group-CB116152015D-FollowerState: change to CANDIDATE, lastRpcTime:5014ms, electionTimeout:5013ms
datanode_1  | 2019-11-15 14:13:04,330 INFO impl.RoleInfo: 6296b118-5d71-4226-a54f-3c235f4ab2a3: shutdown FollowerState
datanode_2  | 2019-11-15 14:13:04,841 INFO impl.FollowerState: d3b35b33-e250-47bb-a45b-e89fe1065424@group-B0D3128202C7-FollowerState was interrupted: java.lang.InterruptedException: sleep interrupted
datanode_3  | 2019-11-15 14:13:04,774 INFO impl.RoleInfo: 674607c2-4092-4328-aed3-088ae1afe93b: shutdown FollowerState
datanode_1  | 2019-11-15 14:13:04,331 INFO impl.RaftServerImpl: 6296b118-5d71-4226-a54f-3c235f4ab2a3@group-2774D985A5FF: changes role from  FOLLOWER to CANDIDATE at term 0 for changeToCandidate
datanode_2  | WARNING: An illegal reflective access operation has occurred
datanode_3  | 2019-11-15 14:13:04,775 INFO impl.RaftServerImpl: 674607c2-4092-4328-aed3-088ae1afe93b@group-CB116152015D: changes role from  FOLLOWER to CANDIDATE at term 0 for changeToCandidate
datanode_1  | 2019-11-15 14:13:04,335 INFO impl.FollowerState: 6296b118-5d71-4226-a54f-3c235f4ab2a3@group-B0D3128202C7-FollowerState: change to CANDIDATE, lastRpcTime:5016ms, electionTimeout:5008ms
datanode_2  | WARNING: Illegal reflective access by org.apache.ratis.thirdparty.com.google.protobuf.UnsafeUtil (file:/opt/hadoop/share/ozone/lib/ratis-thirdparty-misc-0.2.0.jar) to field java.nio.Buffer.address
datanode_3  | 2019-11-15 14:13:04,778 INFO impl.RoleInfo: 674607c2-4092-4328-aed3-088ae1afe93b: start LeaderElection
datanode_1  | 2019-11-15 14:13:04,335 INFO impl.RoleInfo: 6296b118-5d71-4226-a54f-3c235f4ab2a3: start LeaderElection
datanode_2  | WARNING: Please consider reporting this to the maintainers of org.apache.ratis.thirdparty.com.google.protobuf.UnsafeUtil
