datanode_1  | STARTUP_MSG:   java = 11.0.3
kms_1       | #     http://www.apache.org/licenses/LICENSE-2.0
kdc_1       | Authenticating as principal admin/admin with keytab /tmp/admin.keytab.
rm_1        | 
s3g_1       | 2019-11-14 02:07:55,472 INFO server.AuthenticationFilter: Unable to initialize FileSignerSecretProvider, falling back to use random secrets.
om_1        | STARTUP_MSG:   java = 11.0.3
jhs         | #
datanode_3  | WARNING: An illegal reflective access operation has occurred
datanode_2  | WARNING: Please consider reporting this to the maintainers of org.apache.hadoop.security.authentication.util.KerberosUtil
scm_1       | STARTUP_MSG:   java = 11.0.3
nm_1        | # distributed under the License is distributed on an "AS IS" BASIS,
datanode_1  | ************************************************************/
kms_1       | #
kdc_1       | Entry for principal spark/scm@EXAMPLE.COM with kvno 2, encryption type aes256-cts-hmac-sha1-96 added to keytab WRFILE:/data/spark.scm.keytab.
rm_1        | [logging]
s3g_1       | 2019-11-14 02:07:55,500 INFO http.HttpRequestLog: Http request log for http.requests.s3gateway is not defined
jhs         | #     http://www.apache.org/licenses/LICENSE-2.0
om_1        | ************************************************************/
datanode_3  | WARNING: Illegal reflective access by org.apache.hadoop.security.authentication.util.KerberosUtil (file:/opt/hadoop/share/ozone/lib/hadoop-auth-3.2.0.jar) to method sun.security.krb5.Config.getInstance()
datanode_2  | WARNING: Use --illegal-access=warn to enable warnings of further illegal reflective access operations
scm_1       | ************************************************************/
nm_1        | # WITHOUT WARRANTIES OR CONDITIONS OF ANY KIND, either express or implied.
datanode_1  | 2019-11-14 02:07:53,443 INFO ozone.HddsDatanodeService: registered UNIX signal handlers for [TERM, HUP, INT]
kms_1       | # Unless required by applicable law or agreed to in writing, software
kdc_1       | Entry for principal spark/scm@EXAMPLE.COM with kvno 2, encryption type aes128-cts-hmac-sha1-96 added to keytab WRFILE:/data/spark.scm.keytab.
rm_1        |  default = FILE:/var/log/krb5libs.log
jhs         | #
s3g_1       | 2019-11-14 02:07:55,512 INFO http.HttpServer2: Added global filter 'safety' (class=org.apache.hadoop.http.HttpServer2$QuotingInputFilter)
om_1        | 2019-11-14 02:07:53,025 INFO om.OzoneManagerStarter: registered UNIX signal handlers for [TERM, HUP, INT]
datanode_3  | WARNING: Please consider reporting this to the maintainers of org.apache.hadoop.security.authentication.util.KerberosUtil
datanode_2  | WARNING: All illegal access operations will be denied in a future release
scm_1       | 2019-11-14 02:07:34,494 INFO server.StorageContainerManagerStarter: registered UNIX signal handlers for [TERM, HUP, INT]
nm_1        | # See the License for the specific language governing permissions and
datanode_1  | 2019-11-14 02:07:53,878 INFO impl.MetricsConfig: Loaded properties from hadoop-metrics2.properties
kms_1       | # distributed under the License is distributed on an "AS IS" BASIS,
kdc_1       | Nov 14 02:07:32 kdc krb5kdc[9](info): AS_REQ (8 etypes {18 17 20 19 16 23 25 26}) 127.0.0.1: SERVER_NOT_FOUND: admin/admin@EXAMPLE.COM for kadmin/localhost@EXAMPLE.COM, Server not found in Kerberos database
rm_1        |  kdc = FILE:/var/log/krb5kdc.log
jhs         | # Unless required by applicable law or agreed to in writing, software
s3g_1       | 2019-11-14 02:07:55,515 INFO http.HttpServer2: Added filter static_user_filter (class=org.apache.hadoop.http.lib.StaticUserWebFilter$StaticUserFilter) to context s3gateway
datanode_3  | WARNING: Use --illegal-access=warn to enable warnings of further illegal reflective access operations
datanode_2  | 2019-11-14 02:07:55,659 INFO security.UserGroupInformation: Login successful for user dn/973f4f4b70c5@EXAMPLE.COM using keytab file /etc/security/keytabs/dn.keytab
om_1        | 2019-11-14 02:07:54,001 INFO ha.OMHANodeDetails: Configuration either no ozone.om.address set. Falling back to the default OM address om/172.19.0.2:9862
nm_1        | # limitations under the License.
datanode_1  | 2019-11-14 02:07:54,127 INFO impl.MetricsSystemImpl: Scheduled Metric snapshot period at 10 second(s).
scm_1       | 2019-11-14 02:07:34,539 WARN server.ServerUtils: ozone.scm.db.dirs is not configured. We recommend adding this setting. Falling back to ozone.metadata.dirs instead.
kdc_1       | Nov 14 02:07:32 kdc krb5kdc[9](info): AS_REQ (8 etypes {18 17 20 19 16 23 25 26}) 127.0.0.1: ISSUE: authtime 1573697252, etypes {rep=18 tkt=18 ses=18}, admin/admin@EXAMPLE.COM for kadmin/admin@EXAMPLE.COM
rm_1        |  admin_server = FILE:/var/log/kadmind.log
kms_1       | # WITHOUT WARRANTIES OR CONDITIONS OF ANY KIND, either express or implied.
jhs         | # distributed under the License is distributed on an "AS IS" BASIS,
s3g_1       | 2019-11-14 02:07:55,515 INFO http.HttpServer2: Added filter static_user_filter (class=org.apache.hadoop.http.lib.StaticUserWebFilter$StaticUserFilter) to context static
datanode_3  | WARNING: All illegal access operations will be denied in a future release
datanode_2  | 2019-11-14 02:07:55,659 INFO ozone.HddsDatanodeService: Hdds Datanode login successful.
om_1        | 2019-11-14 02:07:54,002 INFO ha.OMHANodeDetails: OM Service ID is not set. Setting it to the default ID: omServiceIdDefault
nm_1        | 
datanode_1  | 2019-11-14 02:07:54,127 INFO impl.MetricsSystemImpl: HddsDatanode metrics system started
scm_1       | SCM initialization succeeded.Current cluster id for sd=/data/metadata/scm;cid=CID-88d1e886-bc9f-4927-ac0b-89c808e9b30f
kdc_1       | Nov 14 02:07:32 kdc krb5kdc[9](info): AS_REQ (8 etypes {18 17 20 19 16 23 25 26}) 127.0.0.1: SERVER_NOT_FOUND: admin/admin@EXAMPLE.COM for kadmin/localhost@EXAMPLE.COM, Server not found in Kerberos database
rm_1        | 
kms_1       | # See the License for the specific language governing permissions and
s3g_1       | 2019-11-14 02:07:55,516 INFO http.HttpServer2: Added filter static_user_filter (class=org.apache.hadoop.http.lib.StaticUserWebFilter$StaticUserFilter) to context logs
datanode_3  | 2019-11-14 02:07:55,788 INFO security.UserGroupInformation: Login successful for user dn/25a76e933392@EXAMPLE.COM using keytab file /etc/security/keytabs/dn.keytab
jhs         | # WITHOUT WARRANTIES OR CONDITIONS OF ANY KIND, either express or implied.
datanode_2  | 2019-11-14 02:07:55,659 INFO ozone.HddsDatanodeService: Initializing secure Datanode.
om_1        | WARNING: An illegal reflective access operation has occurred
nm_1        | [logging]
scm_1       | 2019-11-14 02:07:34,594 INFO server.StorageContainerManagerStarter: SHUTDOWN_MSG: 
kdc_1       | Nov 14 02:07:32 kdc krb5kdc[9](info): AS_REQ (8 etypes {18 17 20 19 16 23 25 26}) 127.0.0.1: ISSUE: authtime 1573697252, etypes {rep=18 tkt=18 ses=18}, admin/admin@EXAMPLE.COM for kadmin/admin@EXAMPLE.COM
kms_1       | # limitations under the License.
rm_1        | [libdefaults]
datanode_1  | 2019-11-14 02:07:54,427 INFO ozone.HddsDatanodeService: HddsDatanodeService host:7f987f596f3c ip:172.19.0.8
s3g_1       | 2019-11-14 02:07:55,544 INFO s3.Gateway: Starting Ozone S3 gateway
jhs         | # See the License for the specific language governing permissions and
datanode_3  | 2019-11-14 02:07:55,788 INFO ozone.HddsDatanodeService: Hdds Datanode login successful.
datanode_2  | 2019-11-14 02:07:55,659 ERROR client.DNCertificateClient: Default certificate serial id is not set. Can't locate the default certificate for this client.
om_1        | WARNING: Illegal reflective access by org.apache.hadoop.security.authentication.util.KerberosUtil (file:/opt/hadoop/share/ozone/lib/hadoop-auth-3.2.0.jar) to method sun.security.krb5.Config.getInstance()
nm_1        |  default = FILE:/var/log/krb5libs.log
scm_1       | /************************************************************
kdc_1       | Nov 14 02:07:32 kdc krb5kdc[9](info): AS_REQ (8 etypes {18 17 20 19 16 23 25 26}) 127.0.0.1: SERVER_NOT_FOUND: admin/admin@EXAMPLE.COM for kadmin/localhost@EXAMPLE.COM, Server not found in Kerberos database
kms_1       | 
rm_1        |  dns_canonicalize_hostname = false
datanode_1  | 2019-11-14 02:07:55,016 INFO ozone.HddsDatanodeService: Ozone security is enabled. Attempting login for Hdds Datanode user. Principal: dn/_HOST@EXAMPLE.COM,keytab: /etc/security/keytabs/dn.keytab
s3g_1       | 2019-11-14 02:07:55,557 INFO http.HttpServer2: Jetty bound to port 9878
jhs         | # limitations under the License.
datanode_3  | 2019-11-14 02:07:55,788 INFO ozone.HddsDatanodeService: Initializing secure Datanode.
datanode_2  | 2019-11-14 02:07:55,659 INFO client.DNCertificateClient: Certificate client init case: 0
om_1        | WARNING: Please consider reporting this to the maintainers of org.apache.hadoop.security.authentication.util.KerberosUtil
nm_1        |  kdc = FILE:/var/log/krb5kdc.log
scm_1       | SHUTDOWN_MSG: Shutting down StorageContainerManager at scm/172.19.0.3
kdc_1       | Nov 14 02:07:32 kdc krb5kdc[9](info): AS_REQ (8 etypes {18 17 20 19 16 23 25 26}) 127.0.0.1: ISSUE: authtime 1573697252, etypes {rep=18 tkt=18 ses=18}, admin/admin@EXAMPLE.COM for kadmin/admin@EXAMPLE.COM
kms_1       | [logging]
rm_1        |  dns_lookup_realm = false
datanode_1  | WARNING: An illegal reflective access operation has occurred
s3g_1       | 2019-11-14 02:07:55,559 INFO server.Server: jetty-9.3.25.v20180904, build timestamp: 2018-09-04T21:11:46Z, git hash: 3ce520221d0240229c862b122d2b06c12a625732
jhs         | 
datanode_3  | 2019-11-14 02:07:55,789 ERROR client.DNCertificateClient: Default certificate serial id is not set. Can't locate the default certificate for this client.
om_1        | WARNING: Use --illegal-access=warn to enable warnings of further illegal reflective access operations
nm_1        |  admin_server = FILE:/var/log/kadmind.log
datanode_2  | 2019-11-14 02:07:55,660 INFO client.DNCertificateClient: Creating keypair for client as keypair and certificate not found.
kdc_1       | Nov 14 02:07:32 kdc krb5kdc[9](info): AS_REQ (8 etypes {18 17 20 19 16 23 25 26}) 127.0.0.1: SERVER_NOT_FOUND: admin/admin@EXAMPLE.COM for kadmin/localhost@EXAMPLE.COM, Server not found in Kerberos database
scm_1       | ************************************************************/
kms_1       |  default = FILE:/var/log/krb5libs.log
rm_1        |  ticket_lifetime = 24h
datanode_1  | WARNING: Illegal reflective access by org.apache.hadoop.security.authentication.util.KerberosUtil (file:/opt/hadoop/share/ozone/lib/hadoop-auth-3.2.0.jar) to method sun.security.krb5.Config.getInstance()
s3g_1       | 2019-11-14 02:07:55,608 INFO handler.ContextHandler: Started o.e.j.s.ServletContextHandler@3e78b6a5{/logs,file:///var/log/hadoop/,AVAILABLE}
jhs         | [logging]
datanode_3  | 2019-11-14 02:07:55,789 INFO client.DNCertificateClient: Certificate client init case: 0
om_1        | WARNING: All illegal access operations will be denied in a future release
nm_1        | 
datanode_2  | 2019-11-14 02:07:56,055 INFO ozone.HddsDatanodeService: Init response: GETCERT
kdc_1       | Nov 14 02:07:32 kdc krb5kdc[9](info): AS_REQ (8 etypes {18 17 20 19 16 23 25 26}) 127.0.0.1: ISSUE: authtime 1573697252, etypes {rep=18 tkt=18 ses=18}, admin/admin@EXAMPLE.COM for kadmin/admin@EXAMPLE.COM
scm_1       | 2019-11-14 02:07:35,755 INFO server.StorageContainerManagerStarter: STARTUP_MSG: 
kms_1       |  kdc = FILE:/var/log/krb5kdc.log
rm_1        |  renew_lifetime = 7d
datanode_1  | WARNING: Please consider reporting this to the maintainers of org.apache.hadoop.security.authentication.util.KerberosUtil
s3g_1       | 2019-11-14 02:07:55,614 INFO handler.ContextHandler: Started o.e.j.s.ServletContextHandler@64b0598{/static,jar:file:/opt/hadoop/share/ozone/lib/hadoop-ozone-s3gateway-0.5.0-SNAPSHOT.jar!/webapps/static,AVAILABLE}
jhs         |  default = FILE:/var/log/krb5libs.log
datanode_3  | 2019-11-14 02:07:55,790 INFO client.DNCertificateClient: Creating keypair for client as keypair and certificate not found.
om_1        | 2019-11-14 02:07:54,344 INFO security.UserGroupInformation: Login successful for user om/om@EXAMPLE.COM using keytab file /etc/security/keytabs/om.keytab
om_1        | 2019-11-14 02:07:54,344 INFO om.OzoneManager: Ozone Manager login successful.
datanode_2  | 2019-11-14 02:07:56,067 INFO ozone.OzoneSecurityUtil: Adding ip:172.19.0.9,host:973f4f4b70c5
datanode_2  | 2019-11-14 02:07:56,067 INFO ozone.OzoneSecurityUtil: ip:127.0.0.1,host:localhost not returned.
scm_1       | /************************************************************
kms_1       |  admin_server = FILE:/var/log/kadmind.log
rm_1        |  forwardable = true
datanode_1  | WARNING: Use --illegal-access=warn to enable warnings of further illegal reflective access operations
datanode_1  | WARNING: All illegal access operations will be denied in a future release
jhs         |  kdc = FILE:/var/log/krb5kdc.log
datanode_3  | 2019-11-14 02:07:56,673 INFO ozone.HddsDatanodeService: Init response: GETCERT
om_1        | 2019-11-14 02:07:54,350 WARN server.ServerUtils: ozone.om.db.dirs is not configured. We recommend adding this setting. Falling back to ozone.metadata.dirs instead.
nm_1        | [libdefaults]
kdc_1       | Nov 14 02:07:32 kdc krb5kdc[9](info): AS_REQ (8 etypes {18 17 20 19 16 23 25 26}) 127.0.0.1: SERVER_NOT_FOUND: admin/admin@EXAMPLE.COM for kadmin/localhost@EXAMPLE.COM, Server not found in Kerberos database
scm_1       | STARTUP_MSG: Starting StorageContainerManager
kms_1       | 
rm_1        |  rdns = false
datanode_1  | 2019-11-14 02:07:55,357 INFO security.UserGroupInformation: Login successful for user dn/7f987f596f3c@EXAMPLE.COM using keytab file /etc/security/keytabs/dn.keytab
jhs         |  admin_server = FILE:/var/log/kadmind.log
datanode_3  | 2019-11-14 02:07:56,681 INFO ozone.OzoneSecurityUtil: Adding ip:172.19.0.10,host:25a76e933392
om_1        | 2019-11-14 02:07:55,517 INFO om.OzoneManager: Initializing secure OzoneManager.
nm_1        |  dns_canonicalize_hostname = false
scm_1       | STARTUP_MSG:   host = scm/172.19.0.3
kdc_1       | Nov 14 02:07:32 kdc krb5kdc[9](info): AS_REQ (8 etypes {18 17 20 19 16 23 25 26}) 127.0.0.1: ISSUE: authtime 1573697252, etypes {rep=18 tkt=18 ses=18}, admin/admin@EXAMPLE.COM for kadmin/admin@EXAMPLE.COM
s3g_1       | ERROR StatusLogger No Log4j 2 configuration file found. Using default configuration (logging only errors to the console), or user programmatically provided configurations. Set system property 'log4j2.debug' to show Log4j 2 internal initialization logging. See https://logging.apache.org/log4j/2.x/manual/configuration.html for instructions on how to configure Log4j 2
kms_1       | [libdefaults]
rm_1        |  default_realm = EXAMPLE.COM
datanode_1  | 2019-11-14 02:07:55,357 INFO ozone.HddsDatanodeService: Hdds Datanode login successful.
datanode_2  | 2019-11-14 02:07:56,071 INFO ozone.HddsDatanodeService: Creating csr for DN-> subject:dn@973f4f4b70c5
jhs         | 
datanode_3  | 2019-11-14 02:07:56,682 INFO ozone.OzoneSecurityUtil: ip:127.0.0.1,host:localhost not returned.
om_1        | 2019-11-14 02:07:55,940 ERROR client.OMCertificateClient: Default certificate serial id is not set. Can't locate the default certificate for this client.
nm_1        |  dns_lookup_realm = false
scm_1       | STARTUP_MSG:   args = []
kdc_1       | Nov 14 02:07:33 kdc krb5kdc[9](info): AS_REQ (8 etypes {18 17 20 19 16 23 25 26}) 127.0.0.1: SERVER_NOT_FOUND: admin/admin@EXAMPLE.COM for kadmin/localhost@EXAMPLE.COM, Server not found in Kerberos database
kms_1       |  dns_canonicalize_hostname = false
rm_1        | 
datanode_2  | 2019-11-14 02:07:56,846 INFO ozone.HddsDatanodeService: Successfully stored SCM signed certificate, case:GETCERT.
datanode_1  | 2019-11-14 02:07:55,357 INFO ozone.HddsDatanodeService: Initializing secure Datanode.
s3g_1       | 2019-11-14 02:07:58,003 INFO server.KerberosAuthenticationHandler: Using keytab /etc/security/keytabs/HTTP.keytab, for principal HTTP/s3g@EXAMPLE.COM
jhs         | [libdefaults]
om_1        | 2019-11-14 02:07:55,941 INFO client.OMCertificateClient: Certificate client init case: 0
datanode_3  | 2019-11-14 02:07:56,685 INFO ozone.HddsDatanodeService: Creating csr for DN-> subject:dn@25a76e933392
nm_1        |  ticket_lifetime = 24h
scm_1       | STARTUP_MSG:   version = 3.2.0
kdc_1       | Nov 14 02:07:33 kdc krb5kdc[9](info): AS_REQ (8 etypes {18 17 20 19 16 23 25 26}) 127.0.0.1: ISSUE: authtime 1573697253, etypes {rep=18 tkt=18 ses=18}, admin/admin@EXAMPLE.COM for kadmin/admin@EXAMPLE.COM
kms_1       |  dns_lookup_realm = false
rm_1        | [realms]
datanode_2  | 2019-11-14 02:07:56,957 INFO volume.HddsVolume: Creating Volume: /data/hdds/hdds of  storage type : DISK and capacity : 10908285698048
datanode_1  | 2019-11-14 02:07:55,357 ERROR client.DNCertificateClient: Default certificate serial id is not set. Can't locate the default certificate for this client.
s3g_1       | Nov 14, 2019 2:07:58 AM org.glassfish.jersey.internal.Errors logErrors
jhs         |  dns_canonicalize_hostname = false
om_1        | 2019-11-14 02:07:55,943 INFO client.OMCertificateClient: Creating keypair for client as keypair and certificate not found.
datanode_3  | 2019-11-14 02:07:57,305 INFO ozone.HddsDatanodeService: Successfully stored SCM signed certificate, case:GETCERT.
nm_1        |  renew_lifetime = 7d
kdc_1       | Nov 14 02:07:33 kdc krb5kdc[9](info): AS_REQ (8 etypes {18 17 20 19 16 23 25 26}) 127.0.0.1: SERVER_NOT_FOUND: admin/admin@EXAMPLE.COM for kadmin/localhost@EXAMPLE.COM, Server not found in Kerberos database
kms_1       |  ticket_lifetime = 24h
rm_1        |  EXAMPLE.COM = {
datanode_2  | 2019-11-14 02:07:56,958 INFO volume.VolumeSet: Added Volume : /data/hdds/hdds to VolumeSet
datanode_1  | 2019-11-14 02:07:55,357 INFO client.DNCertificateClient: Certificate client init case: 0
s3g_1       | WARNING: The following warnings have been detected: WARNING: A HTTP GET method, public javax.ws.rs.core.Response org.apache.hadoop.ozone.s3.endpoint.ObjectEndpoint.get(java.lang.String,java.lang.String,java.lang.String,int,java.lang.String,java.io.InputStream) throws java.io.IOException,org.apache.hadoop.ozone.s3.exception.OS3Exception, should not consume any entity.
jhs         |  dns_lookup_realm = false
om_1        | 2019-11-14 02:07:56,430 INFO om.OzoneManager: Init response: GETCERT
datanode_3  | 2019-11-14 02:07:57,423 INFO volume.HddsVolume: Creating Volume: /data/hdds/hdds of  storage type : DISK and capacity : 10908285698048
nm_1        |  forwardable = true
kdc_1       | Nov 14 02:07:33 kdc krb5kdc[9](info): AS_REQ (8 etypes {18 17 20 19 16 23 25 26}) 127.0.0.1: ISSUE: authtime 1573697253, etypes {rep=18 tkt=18 ses=18}, admin/admin@EXAMPLE.COM for kadmin/admin@EXAMPLE.COM
kms_1       |  renew_lifetime = 7d
rm_1        |   kdc = kdc
datanode_2  | 2019-11-14 02:07:56,968 INFO volume.ThrottledAsyncChecker: Scheduling a check for /data/hdds/hdds
datanode_1  | 2019-11-14 02:07:55,358 INFO client.DNCertificateClient: Creating keypair for client as keypair and certificate not found.
scm_1       | STARTUP_MSG:   classpath = /etc/hadoop:/opt/hadoop/share/hadoop/common/*:/opt/hadoop/share/ozone/lib/kerb-simplekdc-1.0.1.jar:/opt/hadoop/share/ozone/lib/protobuf-java-2.5.0.jar:/opt/hadoop/share/ozone/lib/bcpkix-jdk15on-1.60.jar:/opt/hadoop/share/ozone/lib/commons-validator-1.6.jar:/opt/hadoop/share/ozone/lib/netty-3.10.5.Final.jar:/opt/hadoop/share/ozone/lib/kerb-core-1.0.1.jar:/opt/hadoop/share/ozone/lib/ratis-thirdparty-misc-0.2.0.jar:/opt/hadoop/share/ozone/lib/jsr305-3.0.0.jar:/opt/hadoop/share/ozone/lib/leveldbjni-all-1.8.jar:/opt/hadoop/share/ozone/lib/htrace-core4-4.1.0-incubating.jar:/opt/hadoop/share/ozone/lib/hadoop-annotations-3.2.0.jar:/opt/hadoop/share/ozone/lib/kerb-util-1.0.1.jar:/opt/hadoop/share/ozone/lib/jackson-jaxrs-1.9.13.jar:/opt/hadoop/share/ozone/lib/ratis-server-0.5.0-d6d58d0-SNAPSHOT.jar:/opt/hadoop/share/ozone/lib/kerby-xdr-1.0.1.jar:/opt/hadoop/share/ozone/lib/jetty-webapp-9.3.25.v20180904.jar:/opt/hadoop/share/ozone/lib/jackson-core-asl-1.9.13.jar:/opt/hadoop/share/ozone/lib/commons-net-3.6.jar:/opt/hadoop/share/ozone/lib/log4j-api-2.11.0.jar:/opt/hadoop/share/ozone/lib/netty-all-4.0.52.Final.jar:/opt/hadoop/share/ozone/lib/hamcrest-all-1.3.jar:/opt/hadoop/share/ozone/lib/jline-0.9.94.jar:/opt/hadoop/share/ozone/lib/hadoop-hdfs-3.2.0.jar:/opt/hadoop/share/ozone/lib/opentracing-api-0.31.0.jar:/opt/hadoop/share/ozone/lib/hadoop-hdds-server-framework-0.5.0-SNAPSHOT.jar:/opt/hadoop/share/ozone/lib/slf4j-log4j12-1.7.25.jar:/opt/hadoop/share/ozone/lib/hadoop-hdfs-client-3.2.0.jar:/opt/hadoop/share/ozone/lib/kerby-config-1.0.1.jar:/opt/hadoop/share/ozone/lib/jetty-util-9.3.25.v20180904.jar:/opt/hadoop/share/ozone/lib/libthrift-0.12.0.jar:/opt/hadoop/share/ozone/lib/metrics-core-3.2.4.jar:/opt/hadoop/share/ozone/lib/kerby-pkix-1.0.1.jar:/opt/hadoop/share/ozone/lib/xz-1.0.jar:/opt/hadoop/share/ozone/lib/hadoop-hdds-config-0.5.0-SNAPSHOT.jar:/opt/hadoop/share/ozone/lib/nimbus-jose-jwt-4.41.1.jar:/opt/hadoop/share/ozone/lib/jsr311-api-1.1.1.jar:/opt/hadoop/share/ozone/lib/commons-beanutils-1.9.4.jar:/opt/hadoop/share/ozone/lib/ratis-grpc-0.5.0-d6d58d0-SNAPSHOT.jar:/opt/hadoop/share/ozone/lib/ratis-netty-0.5.0-d6d58d0-SNAPSHOT.jar:/opt/hadoop/share/ozone/lib/javax.servlet-api-3.1.0.jar:/opt/hadoop/share/ozone/lib/kerb-server-1.0.1.jar:/opt/hadoop/share/ozone/lib/zookeeper-3.4.13.jar:/opt/hadoop/share/ozone/lib/avro-1.7.7.jar:/opt/hadoop/share/ozone/lib/kerb-client-1.0.1.jar:/opt/hadoop/share/ozone/lib/jackson-xc-1.9.13.jar:/opt/hadoop/share/ozone/lib/disruptor-3.4.2.jar:/opt/hadoop/share/ozone/lib/guava-11.0.2.jar:/opt/hadoop/share/ozone/lib/ratis-client-0.5.0-d6d58d0-SNAPSHOT.jar:/opt/hadoop/share/ozone/lib/hadoop-hdds-common-0.5.0-SNAPSHOT.jar:/opt/hadoop/share/ozone/lib/curator-framework-2.12.0.jar:/opt/hadoop/share/ozone/lib/dnsjava-2.1.7.jar:/opt/hadoop/share/ozone/lib/commons-configuration2-2.1.1.jar:/opt/hadoop/share/ozone/lib/json-smart-2.3.jar:/opt/hadoop/share/ozone/lib/token-provider-1.0.1.jar:/opt/hadoop/share/ozone/lib/log4j-1.2.17.jar:/opt/hadoop/share/ozone/lib/commons-daemon-1.0.13.jar:/opt/hadoop/share/ozone/lib/bcprov-jdk15on-1.60.jar:/opt/hadoop/share/ozone/lib/ratis-metrics-0.5.0-d6d58d0-SNAPSHOT.jar:/opt/hadoop/share/ozone/lib/commons-lang3-3.7.jar:/opt/hadoop/share/ozone/lib/jaeger-client-0.34.0.jar:/opt/hadoop/share/ozone/lib/jetty-server-9.3.25.v20180904.jar:/opt/hadoop/share/ozone/lib/commons-compress-1.4.1.jar:/opt/hadoop/share/ozone/lib/accessors-smart-1.2.jar:/opt/hadoop/share/ozone/lib/re2j-1.1.jar:/opt/hadoop/share/ozone/lib/curator-recipes-2.12.0.jar:/opt/hadoop/share/ozone/lib/jackson-core-2.9.9.jar:/opt/hadoop/share/ozone/lib/commons-math3-3.1.1.jar:/opt/hadoop/share/ozone/lib/opentracing-noop-0.31.0.jar:/opt/hadoop/share/ozone/lib/httpclient-4.5.2.jar:/opt/hadoop/share/ozone/lib/jaeger-core-0.34.0.jar:/opt/hadoop/share/ozone/lib/asm-5.0.4.jar:/opt/hadoop/share/ozone/lib/curator-client-2.12.0.jar:/opt/hadoop/share/ozone/lib/audience-annotations-0.5.0.jar:/opt/hadoop/share/ozone/lib/kerby-util-1.0.1.jar:/opt/hadoop/share/ozone/lib/jackson-mapper-asl-1.9.13.jar:/opt/hadoop/share/ozone/lib/rocksdbjni-6.0.1.jar:/opt/hadoop/share/ozone/lib/jsp-api-2.1.jar:/opt/hadoop/share/ozone/lib/jsch-0.1.54.jar:/opt/hadoop/share/ozone/lib/opentracing-tracerresolver-0.1.5.jar:/opt/hadoop/share/ozone/lib/paranamer-2.3.jar:/opt/hadoop/share/ozone/lib/log4j-core-2.11.0.jar:/opt/hadoop/share/ozone/lib/jetty-io-9.3.25.v20180904.jar:/opt/hadoop/share/ozone/lib/jetty-xml-9.3.25.v20180904.jar:/opt/hadoop/share/ozone/lib/commons-codec-1.11.jar:/opt/hadoop/share/ozone/lib/commons-pool2-2.6.0.jar:/opt/hadoop/share/ozone/lib/gson-2.2.4.jar:/opt/hadoop/share/ozone/lib/jcip-annotations-1.0-1.jar:/opt/hadoop/share/ozone/lib/kerb-admin-1.0.1.jar:/opt/hadoop/share/ozone/lib/okio-1.13.0.jar:/opt/hadoop/share/ozone/lib/commons-io-2.5.jar:/opt/hadoop/share/ozone/lib/snakeyaml-1.16.jar:/opt/hadoop/share/ozone/lib/jersey-core-1.19.jar:/opt/hadoop/share/ozone/lib/jackson-databind-2.9.9.jar:/opt/hadoop/share/ozone/lib/hadoop-hdds-container-service-0.5.0-SNAPSHOT.jar:/opt/hadoop/share/ozone/lib/picocli-3.9.6.jar:/opt/hadoop/share/ozone/lib/jaeger-thrift-0.34.0.jar:/opt/hadoop/share/ozone/lib/ratis-common-0.5.0-d6d58d0-SNAPSHOT.jar:/opt/hadoop/share/ozone/lib/commons-cli-1.2.jar:/opt/hadoop/share/ozone/lib/jackson-annotations-2.9.9.jar:/opt/hadoop/share/ozone/lib/hadoop-hdds-docs-0.5.0-SNAPSHOT.jar:/opt/hadoop/share/ozone/lib/woodstox-core-5.0.3.jar:/opt/hadoop/share/ozone/lib/javax.annotation-api-1.2.jar:/opt/hadoop/share/ozone/lib/snappy-java-1.0.5.jar:/opt/hadoop/share/ozone/lib/jaeger-tracerresolver-0.34.0.jar:/opt/hadoop/share/ozone/lib/jetty-security-9.3.25.v20180904.jar:/opt/hadoop/share/ozone/lib/jetty-http-9.3.25.v20180904.jar:/opt/hadoop/share/ozone/lib/kerby-asn1-1.0.1.jar:/opt/hadoop/share/ozone/lib/okhttp-3.9.0.jar:/opt/hadoop/share/ozone/lib/stax2-api-3.1.4.jar:/opt/hadoop/share/ozone/lib/commons-digester-1.8.1.jar:/opt/hadoop/share/ozone/lib/commons-collections-3.2.2.jar:/opt/hadoop/share/ozone/lib/jettison-1.1.jar:/opt/hadoop/share/ozone/lib/commons-text-1.4.jar:/opt/hadoop/share/ozone/lib/jersey-servlet-1.19.jar:/opt/hadoop/share/ozone/lib/jersey-json-1.19.jar:/opt/hadoop/share/ozone/lib/slf4j-api-1.7.25.jar:/opt/hadoop/share/ozone/lib/commons-logging-1.1.3.jar:/opt/hadoop/share/ozone/lib/jetty-util-ajax-9.3.25.v20180904.jar:/opt/hadoop/share/ozone/lib/hadoop-hdds-client-0.5.0-SNAPSHOT.jar:/opt/hadoop/share/ozone/lib/kerb-identity-1.0.1.jar:/opt/hadoop/share/ozone/lib/ratis-proto-0.5.0-d6d58d0-SNAPSHOT.jar:/opt/hadoop/share/ozone/lib/opentracing-util-0.31.0.jar:/opt/hadoop/share/ozone/lib/hadoop-common-3.2.0.jar:/opt/hadoop/share/ozone/lib/hadoop-auth-3.2.0.jar:/opt/hadoop/share/ozone/lib/kerb-common-1.0.1.jar:/opt/hadoop/share/ozone/lib/jetty-servlet-9.3.25.v20180904.jar:/opt/hadoop/share/ozone/lib/jersey-server-1.19.jar:/opt/hadoop/share/ozone/lib/kerb-crypto-1.0.1.jar:/opt/hadoop/share/ozone/lib/httpcore-4.4.4.jar:/opt/hadoop/share/ozone/web:/opt/hadoop/share/ozone/lib/hadoop-hdds-server-scm-0.5.0-SNAPSHOT.jar
s3g_1       | 
jhs         |  ticket_lifetime = 24h
om_1        | 2019-11-14 02:07:56,460 INFO ozone.OzoneSecurityUtil: Adding ip:172.19.0.2,host:om
datanode_3  | 2019-11-14 02:07:57,425 INFO volume.VolumeSet: Added Volume : /data/hdds/hdds to VolumeSet
nm_1        |  rdns = false
kdc_1       | Nov 14 02:07:32 kdc kadmind[15](Notice): Request: kadm5_create_principal, yarn/scm@EXAMPLE.COM, success, client=admin/admin@EXAMPLE.COM, service=kadmin/admin@EXAMPLE.COM, addr=127.0.0.1
kms_1       |  forwardable = true
rm_1        |   admin_server = kdc
datanode_2  | 2019-11-14 02:07:56,995 INFO volume.HddsVolumeChecker: Scheduled health check for volume /data/hdds/hdds
datanode_1  | 2019-11-14 02:07:56,145 INFO ozone.HddsDatanodeService: Init response: GETCERT
s3g_1       | 2019-11-14 02:07:58,995 INFO handler.ContextHandler: Started o.e.j.w.WebAppContext@733fb462{/,file:///tmp/jetty-0.0.0.0-9878-s3gateway-_-any-1893174251901249383.dir/webapp/,AVAILABLE}{/s3gateway}
jhs         |  renew_lifetime = 7d
scm_1       | STARTUP_MSG:   build = https://github.com/apache/hadoop.git -r e97acb3bd8f3befd27418996fa5d4b50bf2e17bf; compiled by 'sunilg' on 2019-01-15T17:34Z
om_1        | 2019-11-14 02:07:56,461 INFO ozone.OzoneSecurityUtil: ip:127.0.0.1,host:localhost not returned.
datanode_3  | 2019-11-14 02:07:57,433 INFO volume.ThrottledAsyncChecker: Scheduling a check for /data/hdds/hdds
nm_1        |  default_realm = EXAMPLE.COM
kdc_1       | Nov 14 02:07:32 kdc kadmind[15](info): closing down fd 18
kms_1       |  rdns = false
rm_1        |  }
datanode_2  | 2019-11-14 02:07:57,550 WARN scm.HddsServerUtil: Storage directory for Ratis is not configured. It is a good idea to map this to an SSD disk. Falling back to ozone.metadata.dirs
datanode_1  | 2019-11-14 02:07:56,159 INFO ozone.OzoneSecurityUtil: Adding ip:172.19.0.8,host:7f987f596f3c
s3g_1       | 2019-11-14 02:07:59,002 INFO server.AbstractConnector: Started ServerConnector@4e8b357d{HTTP/1.1,[http/1.1]}{0.0.0.0:9878}
scm_1       | STARTUP_MSG:   java = 11.0.3
jhs         |  forwardable = true
om_1        | 2019-11-14 02:07:56,467 INFO om.OzoneManager: Creating csr for OM->dns:om,ip:172.19.0.2,scmId:4da0e5d6-e69e-4103-b86f-d0e519863d0f,clusterId:CID-88d1e886-bc9f-4927-ac0b-89c808e9b30f,subject:om@om
datanode_3  | 2019-11-14 02:07:57,453 INFO volume.HddsVolumeChecker: Scheduled health check for volume /data/hdds/hdds
nm_1        | 
kdc_1       | Nov 14 02:07:32 kdc kadmind[15](Notice): Request: kadm5_init, admin/admin@EXAMPLE.COM, success, client=admin/admin@EXAMPLE.COM, service=kadmin/admin@EXAMPLE.COM, addr=127.0.0.1, vers=4, flavor=6
kms_1       |  default_realm = EXAMPLE.COM
rm_1        | 
datanode_2  | 2019-11-14 02:07:57,579 INFO impl.RaftServerProxy: raft.rpc.type = GRPC (default)
datanode_1  | 2019-11-14 02:07:56,160 INFO ozone.OzoneSecurityUtil: ip:127.0.0.1,host:localhost not returned.
s3g_1       | 2019-11-14 02:07:59,002 INFO server.Server: Started @5330ms
scm_1       | ************************************************************/
jhs         |  rdns = false
om_1        | 2019-11-14 02:07:56,615 INFO om.OzoneManager: OzoneManager ports added:[name: "RPC"
datanode_3  | 2019-11-14 02:07:57,938 WARN scm.HddsServerUtil: Storage directory for Ratis is not configured. It is a good idea to map this to an SSD disk. Falling back to ozone.metadata.dirs
nm_1        | [realms]
kdc_1       | Nov 14 02:07:32 kdc kadmind[15](Notice): Request: kadm5_randkey_principal, yarn/scm@EXAMPLE.COM, success, client=admin/admin@EXAMPLE.COM, service=kadmin/admin@EXAMPLE.COM, addr=127.0.0.1
kms_1       | 
rm_1        | [domain_realm]
datanode_2  | 2019-11-14 02:07:57,662 INFO grpc.GrpcConfigKeys$Server: raft.grpc.server.port = 9858 (custom)
datanode_1  | 2019-11-14 02:07:56,164 INFO ozone.HddsDatanodeService: Creating csr for DN-> subject:dn@7f987f596f3c
s3g_1       | 2019-11-14 02:07:59,005 INFO server.BaseHttpServer: HTTP server of S3GATEWAY is listening at http://0.0.0.0:9878
scm_1       | 2019-11-14 02:07:35,762 INFO server.StorageContainerManagerStarter: registered UNIX signal handlers for [TERM, HUP, INT]
jhs         |  default_realm = EXAMPLE.COM
om_1        | value: 9862
datanode_3  | 2019-11-14 02:07:57,970 INFO impl.RaftServerProxy: raft.rpc.type = GRPC (default)
nm_1        |  EXAMPLE.COM = {
kdc_1       | Nov 14 02:07:32 kdc kadmind[15](Notice): Request: kadm5_get_principal, yarn/scm@EXAMPLE.COM, success, client=admin/admin@EXAMPLE.COM, service=kadmin/admin@EXAMPLE.COM, addr=127.0.0.1
kms_1       | [realms]
rm_1        |  .example.com = EXAMPLE.COM
datanode_2  | 2019-11-14 02:07:57,663 INFO server.GrpcService: raft.grpc.message.size.max = 33570816 (custom)
datanode_1  | 2019-11-14 02:07:56,702 INFO ozone.HddsDatanodeService: Successfully stored SCM signed certificate, case:GETCERT.
scm_1       | 2019-11-14 02:07:35,830 WARN server.ServerUtils: ozone.scm.db.dirs is not configured. We recommend adding this setting. Falling back to ozone.metadata.dirs instead.
jhs         | 
om_1        | ]
datanode_3  | 2019-11-14 02:07:58,030 INFO grpc.GrpcConfigKeys$Server: raft.grpc.server.port = 9858 (custom)
nm_1        |   kdc = kdc
kms_1       |  EXAMPLE.COM = {
rm_1        | WARNING: /opt/hadoop/logs does not exist. Creating.
datanode_2  | 2019-11-14 02:07:57,665 INFO server.RaftServerConfigKeys: raft.server.log.appender.buffer.byte-limit = 33554432 (custom)
datanode_1  | 2019-11-14 02:07:56,946 INFO volume.HddsVolume: Creating Volume: /data/hdds/hdds of  storage type : DISK and capacity : 10908285698048
scm_1       | WARNING: An illegal reflective access operation has occurred
om_1        | 2019-11-14 02:07:56,718 INFO om.OzoneManager: Successfully stored SCM signed certificate.
kdc_1       | Nov 14 02:07:32 kdc kadmind[15](info): closing down fd 18
nm_1        |   admin_server = kdc
jhs         | [realms]
datanode_3  | 2019-11-14 02:07:58,031 INFO server.GrpcService: raft.grpc.message.size.max = 33570816 (custom)
kms_1       |   kdc = kdc
rm_1        |  example.com = EXAMPLE.COM2019-11-14 02:07:52 INFO  ResourceManager:49 - STARTUP_MSG: 
datanode_2  | 2019-11-14 02:07:57,666 INFO server.GrpcService: raft.grpc.flow.control.window = 1MB (=1048576) (default)
datanode_1  | 2019-11-14 02:07:56,948 INFO volume.VolumeSet: Added Volume : /data/hdds/hdds to VolumeSet
scm_1       | WARNING: Illegal reflective access by org.apache.hadoop.security.authentication.util.KerberosUtil (file:/opt/hadoop/share/ozone/lib/hadoop-auth-3.2.0.jar) to method sun.security.krb5.Config.getInstance()
om_1        | OM initialization succeeded.Current cluster id for sd=/data/metadata/om;cid=CID-88d1e886-bc9f-4927-ac0b-89c808e9b30f
kdc_1       | Nov 14 02:07:32 kdc kadmind[15](Notice): Request: kadm5_init, admin/admin@EXAMPLE.COM, success, client=admin/admin@EXAMPLE.COM, service=kadmin/admin@EXAMPLE.COM, addr=127.0.0.1, vers=4, flavor=6
nm_1        |  }
jhs         |  EXAMPLE.COM = {
datanode_3  | 2019-11-14 02:07:58,033 INFO server.RaftServerConfigKeys: raft.server.log.appender.buffer.byte-limit = 33554432 (custom)
kms_1       |   admin_server = kdc
rm_1        | /************************************************************
datanode_1  | 2019-11-14 02:07:56,956 INFO volume.ThrottledAsyncChecker: Scheduling a check for /data/hdds/hdds
scm_1       | WARNING: Please consider reporting this to the maintainers of org.apache.hadoop.security.authentication.util.KerberosUtil
datanode_2  | 2019-11-14 02:07:57,666 INFO server.RaftServerConfigKeys: raft.server.rpc.request.timeout = 3000ms (default)
om_1        | 2019-11-14 02:07:56,789 INFO om.OzoneManagerStarter: SHUTDOWN_MSG: 
kdc_1       | Nov 14 02:07:32 kdc kadmind[15](Notice): Request: kadm5_get_policy, default, Policy does not exist, client=admin/admin@EXAMPLE.COM, service=kadmin/admin@EXAMPLE.COM, addr=127.0.0.1
jhs         |   kdc = kdc
nm_1        | 
datanode_3  | 2019-11-14 02:07:58,034 INFO server.GrpcService: raft.grpc.flow.control.window = 1MB (=1048576) (default)
kms_1       |  }
rm_1        | STARTUP_MSG: Starting ResourceManager
datanode_1  | 2019-11-14 02:07:56,982 INFO volume.HddsVolumeChecker: Scheduled health check for volume /data/hdds/hdds
scm_1       | WARNING: Use --illegal-access=warn to enable warnings of further illegal reflective access operations
datanode_2  | 2019-11-14 02:07:57,803 INFO server.RaftServerConfigKeys: raft.server.storage.dir = [/data/metadata/ratis] (custom)
om_1        | /************************************************************
kdc_1       | Nov 14 02:07:32 kdc kadmind[15](Notice): Request: kadm5_create_principal, jhs/scm@EXAMPLE.COM, success, client=admin/admin@EXAMPLE.COM, service=kadmin/admin@EXAMPLE.COM, addr=127.0.0.1
jhs         |   admin_server = kdc
nm_1        | [domain_realm]
datanode_3  | 2019-11-14 02:07:58,034 INFO server.RaftServerConfigKeys: raft.server.rpc.request.timeout = 3000ms (default)
kms_1       | 
rm_1        | STARTUP_MSG:   host = rm/172.19.0.7
datanode_1  | 2019-11-14 02:07:57,497 WARN scm.HddsServerUtil: Storage directory for Ratis is not configured. It is a good idea to map this to an SSD disk. Falling back to ozone.metadata.dirs
scm_1       | WARNING: All illegal access operations will be denied in a future release
datanode_2  | 2019-11-14 02:07:57,901 INFO hdfs.DFSUtil: Starting web server as: HTTP/973f4f4b70c5@EXAMPLE.COM
om_1        | SHUTDOWN_MSG: Shutting down OzoneManager at om/172.19.0.2
kdc_1       | Nov 14 02:07:32 kdc kadmind[15](info): closing down fd 18
jhs         |  }
nm_1        |  .example.com = EXAMPLE.COM
datanode_3  | 2019-11-14 02:07:58,167 INFO server.RaftServerConfigKeys: raft.server.storage.dir = [/data/metadata/ratis] (custom)
rm_1        | STARTUP_MSG:   args = []
datanode_1  | 2019-11-14 02:07:57,534 INFO impl.RaftServerProxy: raft.rpc.type = GRPC (default)
datanode_2  | 2019-11-14 02:07:57,902 INFO hdfs.DFSUtil: Starting Web-server for hddsDatanode at: http://0.0.0.0:9882
scm_1       | 2019-11-14 02:07:36,130 INFO security.UserGroupInformation: Login successful for user scm/scm@EXAMPLE.COM using keytab file /etc/security/keytabs/scm.keytab
kms_1       | [domain_realm]
om_1        | ************************************************************/
kdc_1       | Nov 14 02:07:32 kdc kadmind[15](Notice): Request: kadm5_init, admin/admin@EXAMPLE.COM, success, client=admin/admin@EXAMPLE.COM, service=kadmin/admin@EXAMPLE.COM, addr=127.0.0.1, vers=4, flavor=6
jhs         | 
nm_1        | WARNING: /opt/hadoop/logs does not exist. Creating.
datanode_3  | 2019-11-14 02:07:58,258 INFO hdfs.DFSUtil: Starting web server as: HTTP/25a76e933392@EXAMPLE.COM
rm_1        | STARTUP_MSG:   version = 3.2.0
datanode_2  | 2019-11-14 02:07:57,936 INFO util.log: Logging initialized @5118ms
scm_1       | 2019-11-14 02:07:36,131 INFO server.StorageContainerManager: SCM login successful.
kms_1       |  .example.com = EXAMPLE.COM
datanode_1  | 2019-11-14 02:07:57,605 INFO grpc.GrpcConfigKeys$Server: raft.grpc.server.port = 9858 (custom)
om_1        | 2019-11-14 02:07:58,135 INFO om.OzoneManagerStarter: STARTUP_MSG: 
kdc_1       | Nov 14 02:07:32 kdc kadmind[15](Notice): Request: kadm5_randkey_principal, jhs/scm@EXAMPLE.COM, success, client=admin/admin@EXAMPLE.COM, service=kadmin/admin@EXAMPLE.COM, addr=127.0.0.1
jhs         | [domain_realm]
nm_1        |  example.com = EXAMPLE.COM2019-11-14 02:07:53 INFO  NodeManager:51 - STARTUP_MSG: 
datanode_3  | 2019-11-14 02:07:58,259 INFO hdfs.DFSUtil: Starting Web-server for hddsDatanode at: http://0.0.0.0:9882
datanode_2  | 2019-11-14 02:07:58,047 INFO server.AuthenticationFilter: Unable to initialize FileSignerSecretProvider, falling back to use random secrets.
scm_1       | 2019-11-14 02:07:36,132 WARN server.ServerUtils: ozone.scm.db.dirs is not configured. We recommend adding this setting. Falling back to ozone.metadata.dirs instead.
