datanode_2  | 2019-11-14 02:08:04,654 INFO impl.RaftServerImpl: 86f6ba50-d505-4bdb-a48e-702aab398a36@group-F0AE2C42477F: ConfigurationManager, init=-1: [86f6ba50-d505-4bdb-a48e-702aab398a36:172.19.0.9:9858, b0f29a55-54f7-4bed-a7d6-64c7c2f5f2ad:172.19.0.10:9858, 7b2d8fe2-d0f4-4383-b856-11bf1d0bfa02:172.19.0.8:9858], old=null, confs=<EMPTY_MAP>
kdc_1       | Nov 14 02:07:33 kdc kadmind[15](Notice): Request: kadm5_create_principal, dn/jhs@EXAMPLE.COM, success, client=admin/admin@EXAMPLE.COM, service=kadmin/admin@EXAMPLE.COM, addr=127.0.0.1
datanode_1  | 2019-11-14 02:08:04,522 WARN impl.MetricRegistriesImpl: First MetricRegistry has been created without registering reporters. You may need to call MetricRegistries.global().addReportRegistration(...) before.
datanode_3  | 2019-11-14 02:08:04,641 INFO server.RaftServerConfigKeys: raft.server.log.appender.install.snapshot.enabled = false (custom)
om_1        | 2019-11-14 02:08:01,001 INFO http.HttpServer2: Added filter static_user_filter (class=org.apache.hadoop.http.lib.StaticUserWebFilter$StaticUserFilter) to context logs
nm_1        | 2019-11-14 02:07:56 INFO  HttpServer2:948 - Added filter authentication (class=org.apache.hadoop.security.authentication.server.AuthenticationFilter) to context node
rm_1        | 2019-11-14 02:07:53 INFO  ApplicationMasterService:129 - disabled placement handler will be used, all scheduling requests will be rejected.
scm_1       | 2019-11-14 02:08:00,283 INFO ipc.Server: Auth successful for dn/7f987f596f3c@EXAMPLE.COM (auth:KERBEROS)
kdc_1       | Nov 14 02:07:33 kdc kadmind[15](info): closing down fd 18
datanode_2  | 2019-11-14 02:08:04,655 INFO server.RaftServerConfigKeys: raft.server.storage.dir = [/data/metadata/ratis] (custom)
datanode_1  | 2019-11-14 02:08:04,664 INFO impl.RaftServerProxy: 7b2d8fe2-d0f4-4383-b856-11bf1d0bfa02: addNew group-F0AE2C42477F:[86f6ba50-d505-4bdb-a48e-702aab398a36:172.19.0.9:9858, b0f29a55-54f7-4bed-a7d6-64c7c2f5f2ad:172.19.0.10:9858, 7b2d8fe2-d0f4-4383-b856-11bf1d0bfa02:172.19.0.8:9858] returns group-F0AE2C42477F:java.util.concurrent.CompletableFuture@59c755da[Not completed]
om_1        | 2019-11-14 02:08:01,022 INFO http.HttpServer2: Jetty bound to port 9874
nm_1        | 2019-11-14 02:07:56 INFO  HttpServer2:958 - Added filter authentication (class=org.apache.hadoop.security.authentication.server.AuthenticationFilter) to context static
scm_1       | 2019-11-14 02:08:00,654 INFO ipc.Server: Auth successful for dn/25a76e933392@EXAMPLE.COM (auth:KERBEROS)
datanode_3  | 2019-11-14 02:08:04,641 INFO impl.RaftServerImpl: b0f29a55-54f7-4bed-a7d6-64c7c2f5f2ad@group-F0AE2C42477F: ConfigurationManager, init=-1: [86f6ba50-d505-4bdb-a48e-702aab398a36:172.19.0.9:9858, b0f29a55-54f7-4bed-a7d6-64c7c2f5f2ad:172.19.0.10:9858, 7b2d8fe2-d0f4-4383-b856-11bf1d0bfa02:172.19.0.8:9858], old=null, confs=<EMPTY_MAP>
rm_1        | 2019-11-14 02:07:53 INFO  AMSProcessingChain:75 - Adding [org.apache.hadoop.yarn.server.resourcemanager.scheduler.constraint.processor.DisabledPlacementProcessor] tp top of AMS Processing chain. 
kdc_1       | Nov 14 02:07:33 kdc kadmind[15](Notice): Request: kadm5_init, admin/admin@EXAMPLE.COM, success, client=admin/admin@EXAMPLE.COM, service=kadmin/admin@EXAMPLE.COM, addr=127.0.0.1, vers=4, flavor=6
datanode_2  | 2019-11-14 02:08:04,655 INFO server.RaftServerConfigKeys: raft.server.log.corruption.policy = EXCEPTION (default)
datanode_1  | 2019-11-14 02:08:04,667 INFO impl.RaftServerImpl: 7b2d8fe2-d0f4-4383-b856-11bf1d0bfa02: new RaftServerImpl for group-F0AE2C42477F:[86f6ba50-d505-4bdb-a48e-702aab398a36:172.19.0.9:9858, b0f29a55-54f7-4bed-a7d6-64c7c2f5f2ad:172.19.0.10:9858, 7b2d8fe2-d0f4-4383-b856-11bf1d0bfa02:172.19.0.8:9858] with ContainerStateMachine:uninitialized
om_1        | 2019-11-14 02:08:01,024 INFO server.Server: jetty-9.3.25.v20180904, build timestamp: 2018-09-04T21:11:46Z, git hash: 3ce520221d0240229c862b122d2b06c12a625732
nm_1        | 2019-11-14 02:07:56 INFO  HttpServer2:958 - Added filter authentication (class=org.apache.hadoop.security.authentication.server.AuthenticationFilter) to context logs
scm_1       | 2019-11-14 02:08:02,281 INFO net.NetworkTopology: Added a new node: /default-rack/86f6ba50-d505-4bdb-a48e-702aab398a36
rm_1        | 2019-11-14 02:07:53 INFO  TimelineClientImpl:129 - Timeline service address: jhs:8188
kdc_1       | Nov 14 02:07:33 kdc kadmind[15](Notice): Request: kadm5_randkey_principal, dn/jhs@EXAMPLE.COM, success, client=admin/admin@EXAMPLE.COM, service=kadmin/admin@EXAMPLE.COM, addr=127.0.0.1
datanode_3  | 2019-11-14 02:08:04,641 INFO server.RaftServerConfigKeys: raft.server.storage.dir = [/data/metadata/ratis] (custom)
om_1        | 2019-11-14 02:08:01,050 INFO handler.ContextHandler: Started o.e.j.s.ServletContextHandler@67bb4dcd{/logs,file:///var/log/hadoop/,AVAILABLE}
datanode_2  | 2019-11-14 02:08:04,655 INFO storage.RaftStorageDirectory: The storage directory /data/metadata/ratis/ec77e4eb-ecc1-4e4a-961d-f0ae2c42477f does not exist. Creating ...
datanode_1  | 2019-11-14 02:08:04,667 INFO server.RaftServerConfigKeys: raft.server.rpc.timeout.min = 5s (custom)
nm_1        | 2019-11-14 02:07:56 INFO  HttpServer2:613 - adding path spec: /node/*
scm_1       | 2019-11-14 02:08:02,281 INFO net.NetworkTopology: Added a new node: /default-rack/7b2d8fe2-d0f4-4383-b856-11bf1d0bfa02
rm_1        | 2019-11-14 02:07:54 INFO  AsyncDispatcher:223 - Registering class org.apache.hadoop.yarn.server.resourcemanager.metrics.AbstractSystemMetricsPublisher$SystemMetricsEventType for class org.apache.hadoop.yarn.server.resourcemanager.metrics.TimelineServiceV1Publisher$TimelineV1EventHandler
kdc_1       | Nov 14 02:07:33 kdc kadmind[15](Notice): Request: kadm5_get_principal, dn/jhs@EXAMPLE.COM, success, client=admin/admin@EXAMPLE.COM, service=kadmin/admin@EXAMPLE.COM, addr=127.0.0.1
datanode_3  | 2019-11-14 02:08:04,641 INFO server.RaftServerConfigKeys: raft.server.log.corruption.policy = EXCEPTION (default)
om_1        | 2019-11-14 02:08:01,050 INFO handler.ContextHandler: Started o.e.j.s.ServletContextHandler@270a620{/static,jar:file:/opt/hadoop/share/ozone/lib/hadoop-ozone-ozone-manager-0.5.0-SNAPSHOT.jar!/webapps/static,AVAILABLE}
datanode_2  | 2019-11-14 02:08:04,681 INFO storage.RaftStorageDirectory: Lock on /data/metadata/ratis/ec77e4eb-ecc1-4e4a-961d-f0ae2c42477f/in_use.lock acquired by nodename 7@973f4f4b70c5
nm_1        | 2019-11-14 02:07:56 INFO  HttpServer2:613 - adding path spec: /ws/*
scm_1       | 2019-11-14 02:08:02,282 INFO node.SCMNodeManager: Registered Data node : 7b2d8fe2-d0f4-4383-b856-11bf1d0bfa02{ip: 172.19.0.8, host: ozonesecure-mr_datanode_1.ozone, networkLocation: /default-rack, certSerialId: 14044062720789938}
rm_1        | 2019-11-14 02:07:54 INFO  AsyncDispatcher:223 - Registering class org.apache.hadoop.yarn.server.resourcemanager.metrics.AbstractSystemMetricsPublisher$SystemMetricsEventType for class org.apache.hadoop.yarn.server.resourcemanager.metrics.TimelineServiceV1Publisher$TimelineV1EventHandler
kdc_1       | Nov 14 02:07:33 kdc kadmind[15](info): closing down fd 18
datanode_1  | 2019-11-14 02:08:04,667 INFO server.RaftServerConfigKeys: raft.server.rpc.timeout.max = 5200ms (custom)
datanode_3  | 2019-11-14 02:08:04,642 INFO storage.RaftStorageDirectory: The storage directory /data/metadata/ratis/ec77e4eb-ecc1-4e4a-961d-f0ae2c42477f does not exist. Creating ...
om_1        | 2019-11-14 02:08:01,120 INFO server.KerberosAuthenticationHandler: Using keytab /etc/security/keytabs/HTTP.keytab, for principal HTTP/om@EXAMPLE.COM
datanode_2  | 2019-11-14 02:08:04,694 INFO storage.RaftStorage: Storage directory /data/metadata/ratis/ec77e4eb-ecc1-4e4a-961d-f0ae2c42477f has been successfully formatted.
nm_1        | 2019-11-14 02:07:57 INFO  WebApps:395 - Registered webapp guice modules
scm_1       | 2019-11-14 02:08:02,282 INFO node.SCMNodeManager: Registered Data node : 86f6ba50-d505-4bdb-a48e-702aab398a36{ip: 172.19.0.9, host: ozonesecure-mr_datanode_2.ozone, networkLocation: /default-rack, certSerialId: 14044062706506126}
rm_1        | 2019-11-14 02:07:54 INFO  AsyncDispatcher:223 - Registering class org.apache.hadoop.yarn.server.resourcemanager.metrics.AbstractSystemMetricsPublisher$SystemMetricsEventType for class org.apache.hadoop.yarn.server.resourcemanager.metrics.TimelineServiceV1Publisher$TimelineV1EventHandler
kdc_1       | Nov 14 02:07:33 kdc kadmind[15](Notice): Request: kadm5_init, admin/admin@EXAMPLE.COM, success, client=admin/admin@EXAMPLE.COM, service=kadmin/admin@EXAMPLE.COM, addr=127.0.0.1, vers=4, flavor=6
datanode_1  | 2019-11-14 02:08:04,667 INFO server.RaftServerConfigKeys: raft.server.rpcslowness.timeout = 120s (custom)
datanode_3  | 2019-11-14 02:08:04,655 INFO storage.RaftStorageDirectory: Lock on /data/metadata/ratis/ec77e4eb-ecc1-4e4a-961d-f0ae2c42477f/in_use.lock acquired by nodename 7@25a76e933392
om_1        | 2019-11-14 02:08:01,125 INFO handler.ContextHandler: Started o.e.j.w.WebAppContext@73c48264{/,file:///tmp/jetty-0.0.0.0-9874-ozoneManager-_-any-5941660023911770236.dir/webapp/,AVAILABLE}{/ozoneManager}
datanode_2  | 2019-11-14 02:08:04,695 INFO ratis.ContainerStateMachine: group-F0AE2C42477F: The snapshot info is null. Setting the last applied indexto:(t:0, i:~)
nm_1        | 2019-11-14 02:07:57 INFO  HttpServer2:1191 - Jetty bound to port 8042
scm_1       | 2019-11-14 02:08:02,288 INFO safemode.SCMSafeModeManager: SCM in safe mode. 1 DataNodes registered, 1 required.
rm_1        | 2019-11-14 02:07:54 INFO  AsyncDispatcher:223 - Registering class org.apache.hadoop.yarn.server.resourcemanager.metrics.AbstractSystemMetricsPublisher$SystemMetricsEventType for class org.apache.hadoop.yarn.server.resourcemanager.metrics.TimelineServiceV1Publisher$TimelineV1EventHandler
datanode_1  | 2019-11-14 02:08:04,667 INFO server.RaftServerConfigKeys: raft.server.sleep.deviation.threshold = 300 (default)
datanode_3  | 2019-11-14 02:08:04,681 INFO storage.RaftStorage: Storage directory /data/metadata/ratis/ec77e4eb-ecc1-4e4a-961d-f0ae2c42477f has been successfully formatted.
kdc_1       | Nov 14 02:07:33 kdc kadmind[15](Notice): Request: kadm5_get_policy, default, Policy does not exist, client=admin/admin@EXAMPLE.COM, service=kadmin/admin@EXAMPLE.COM, addr=127.0.0.1
om_1        | 2019-11-14 02:08:01,129 INFO server.AbstractConnector: Started ServerConnector@100ad67e{HTTP/1.1,[http/1.1]}{0.0.0.0:9874}
datanode_2  | 2019-11-14 02:08:04,695 INFO server.RaftServerConfigKeys: raft.server.notification.no-leader.timeout = 120s (custom)
nm_1        | 2019-11-14 02:07:57 INFO  Server:351 - jetty-9.3.24.v20180605, build timestamp: 2018-06-05T17:11:56Z, git hash: 84205aa28f11a4f31f2a3b86d1bba2cc8ab69827
scm_1       | 2019-11-14 02:08:02,288 INFO safemode.SCMSafeModeManager: ScmSafeModeManager, all rules are successfully validated
rm_1        | 2019-11-14 02:07:54 INFO  AsyncDispatcher:223 - Registering class org.apache.hadoop.yarn.server.resourcemanager.metrics.AbstractSystemMetricsPublisher$SystemMetricsEventType for class org.apache.hadoop.yarn.server.resourcemanager.metrics.TimelineServiceV1Publisher$TimelineV1EventHandler
datanode_1  | 2019-11-14 02:08:04,668 INFO server.RaftServerConfigKeys: raft.server.log.appender.install.snapshot.enabled = false (custom)
datanode_3  | 2019-11-14 02:08:04,681 INFO ratis.ContainerStateMachine: group-F0AE2C42477F: The snapshot info is null. Setting the last applied indexto:(t:0, i:~)
kdc_1       | Nov 14 02:07:33 kdc kadmind[15](Notice): Request: kadm5_create_principal, om/jhs@EXAMPLE.COM, success, client=admin/admin@EXAMPLE.COM, service=kadmin/admin@EXAMPLE.COM, addr=127.0.0.1
om_1        | 2019-11-14 02:08:01,130 INFO server.Server: Started @4108ms
datanode_2  | 2019-11-14 02:08:04,695 INFO server.RaftServerConfigKeys: raft.server.log.use.memory = false (default)
nm_1        | 2019-11-14 02:07:57 INFO  AuthenticationFilter:240 - Unable to initialize FileSignerSecretProvider, falling back to use random secrets.
scm_1       | 2019-11-14 02:08:02,289 INFO safemode.SCMSafeModeManager: SCM exiting safe mode.
rm_1        | 2019-11-14 02:07:54 INFO  AsyncDispatcher:223 - Registering class org.apache.hadoop.yarn.server.resourcemanager.metrics.AbstractSystemMetricsPublisher$SystemMetricsEventType for class org.apache.hadoop.yarn.server.resourcemanager.metrics.TimelineServiceV1Publisher$TimelineV1EventHandler
datanode_3  | 2019-11-14 02:08:04,682 INFO server.RaftServerConfigKeys: raft.server.notification.no-leader.timeout = 120s (custom)
kdc_1       | Nov 14 02:07:33 kdc kadmind[15](info): closing down fd 18
datanode_1  | 2019-11-14 02:08:04,668 INFO impl.RaftServerImpl: 7b2d8fe2-d0f4-4383-b856-11bf1d0bfa02@group-F0AE2C42477F: ConfigurationManager, init=-1: [86f6ba50-d505-4bdb-a48e-702aab398a36:172.19.0.9:9858, b0f29a55-54f7-4bed-a7d6-64c7c2f5f2ad:172.19.0.10:9858, 7b2d8fe2-d0f4-4383-b856-11bf1d0bfa02:172.19.0.8:9858], old=null, confs=<EMPTY_MAP>
om_1        | 2019-11-14 02:08:01,132 INFO impl.MetricsSinkAdapter: Sink prometheus started
datanode_2  | 2019-11-14 02:08:04,695 INFO server.RaftServerConfigKeys: raft.server.log.purge.gap = 1000000 (custom)
nm_1        | 2019-11-14 02:07:57 INFO  ContextHandler:781 - Started o.e.j.s.ServletContextHandler@476b0ae6{/logs,file:///opt/hadoop/logs/,AVAILABLE}
scm_1       | 2019-11-14 02:08:02,659 INFO net.NetworkTopology: Added a new node: /default-rack/b0f29a55-54f7-4bed-a7d6-64c7c2f5f2ad
rm_1        | 2019-11-14 02:07:54 INFO  AsyncDispatcher:223 - Registering class org.apache.hadoop.yarn.server.resourcemanager.metrics.AbstractSystemMetricsPublisher$SystemMetricsEventType for class org.apache.hadoop.yarn.server.resourcemanager.metrics.TimelineServiceV1Publisher$TimelineV1EventHandler
datanode_3  | 2019-11-14 02:08:04,682 INFO server.RaftServerConfigKeys: raft.server.log.use.memory = false (default)
kdc_1       | Nov 14 02:07:33 kdc kadmind[15](Notice): Request: kadm5_init, admin/admin@EXAMPLE.COM, success, client=admin/admin@EXAMPLE.COM, service=kadmin/admin@EXAMPLE.COM, addr=127.0.0.1, vers=4, flavor=6
om_1        | 2019-11-14 02:08:01,132 INFO impl.MetricsSystemImpl: Registered sink prometheus
datanode_1  | 2019-11-14 02:08:04,668 INFO server.RaftServerConfigKeys: raft.server.storage.dir = [/data/metadata/ratis] (custom)
datanode_2  | 2019-11-14 02:08:04,695 INFO server.RaftServerConfigKeys: raft.server.log.appender.buffer.byte-limit = 33554432 (custom)
nm_1        | 2019-11-14 02:07:57 INFO  ContextHandler:781 - Started o.e.j.s.ServletContextHandler@4b3a45f1{/static,jar:file:/opt/hadoop/share/hadoop/yarn/hadoop-yarn-common-3.2.0.jar!/webapps/static,AVAILABLE}
scm_1       | 2019-11-14 02:08:02,660 INFO node.SCMNodeManager: Registered Data node : b0f29a55-54f7-4bed-a7d6-64c7c2f5f2ad{ip: 172.19.0.10, host: ozonesecure-mr_datanode_3.ozone, networkLocation: /default-rack, certSerialId: 14044063219300979}
rm_1        | 2019-11-14 02:07:54 INFO  AsyncDispatcher:223 - Registering class org.apache.hadoop.yarn.server.resourcemanager.metrics.AbstractSystemMetricsPublisher$SystemMetricsEventType for class org.apache.hadoop.yarn.server.resourcemanager.metrics.TimelineServiceV1Publisher$TimelineV1EventHandler
datanode_3  | 2019-11-14 02:08:04,682 INFO server.RaftServerConfigKeys: raft.server.log.purge.gap = 1000000 (custom)
kdc_1       | Nov 14 02:07:33 kdc kadmind[15](Notice): Request: kadm5_randkey_principal, om/jhs@EXAMPLE.COM, success, client=admin/admin@EXAMPLE.COM, service=kadmin/admin@EXAMPLE.COM, addr=127.0.0.1
om_1        | 2019-11-14 02:08:01,134 INFO server.BaseHttpServer: HTTP server of OZONEMANAGER is listening at http://0.0.0.0:9874
datanode_1  | 2019-11-14 02:08:04,668 INFO server.RaftServerConfigKeys: raft.server.log.corruption.policy = EXCEPTION (default)
datanode_2  | 2019-11-14 02:08:04,696 INFO server.RaftServerConfigKeys: raft.server.log.segment.size.max = 1048576 (custom)
nm_1        | Nov 14, 2019 2:07:57 AM com.sun.jersey.guice.spi.container.GuiceComponentProviderFactory register
scm_1       | 2019-11-14 02:08:03,608 INFO pipeline.PipelineStateManager: Created pipeline Pipeline[ Id: 9a85f60c-8a3f-4085-af9c-0044e4f7d9b2, Nodes: 86f6ba50-d505-4bdb-a48e-702aab398a36{ip: 172.19.0.9, host: ozonesecure-mr_datanode_2.ozone, networkLocation: /default-rack, certSerialId: null}, Type:RATIS, Factor:ONE, State:ALLOCATED]
rm_1        | 2019-11-14 02:07:54 INFO  AsyncDispatcher:223 - Registering class org.apache.hadoop.yarn.server.resourcemanager.metrics.AbstractSystemMetricsPublisher$SystemMetricsEventType for class org.apache.hadoop.yarn.server.resourcemanager.metrics.TimelineServiceV1Publisher$TimelineV1EventHandler
datanode_3  | 2019-11-14 02:08:04,682 INFO server.RaftServerConfigKeys: raft.server.log.appender.buffer.byte-limit = 33554432 (custom)
kdc_1       | Nov 14 02:07:33 kdc kadmind[15](Notice): Request: kadm5_get_principal, om/jhs@EXAMPLE.COM, success, client=admin/admin@EXAMPLE.COM, service=kadmin/admin@EXAMPLE.COM, addr=127.0.0.1
om_1        | 2019-11-14 02:08:19,130 INFO ipc.Server: Auth successful for testuser/om@EXAMPLE.COM (auth:KERBEROS)
datanode_1  | 2019-11-14 02:08:04,668 INFO storage.RaftStorageDirectory: The storage directory /data/metadata/ratis/ec77e4eb-ecc1-4e4a-961d-f0ae2c42477f does not exist. Creating ...
datanode_2  | 2019-11-14 02:08:04,696 INFO server.RaftServerConfigKeys: raft.server.log.segment.cache.num.max = 2 (custom)
nm_1        | INFO: Registering org.apache.hadoop.yarn.server.nodemanager.webapp.NMWebServices as a root resource class
scm_1       | 2019-11-14 02:08:04,080 INFO pipeline.PipelineStateManager: Created pipeline Pipeline[ Id: 7a2d26d8-7ba0-44f4-bb28-47e9f0b98c9b, Nodes: b0f29a55-54f7-4bed-a7d6-64c7c2f5f2ad{ip: 172.19.0.10, host: ozonesecure-mr_datanode_3.ozone, networkLocation: /default-rack, certSerialId: null}, Type:RATIS, Factor:ONE, State:ALLOCATED]
rm_1        | 2019-11-14 02:07:54 INFO  AsyncDispatcher:223 - Registering class org.apache.hadoop.yarn.server.resourcemanager.metrics.AbstractSystemMetricsPublisher$SystemMetricsEventType for class org.apache.hadoop.yarn.server.resourcemanager.metrics.TimelineServiceV1Publisher$TimelineV1EventHandler
datanode_3  | 2019-11-14 02:08:04,682 INFO server.RaftServerConfigKeys: raft.server.log.segment.size.max = 1048576 (custom)
kdc_1       | Nov 14 02:07:33 kdc kadmind[15](info): closing down fd 18
om_1        | 2019-11-14 02:08:22,217 INFO ipc.Server: Auth successful for testuser/om@EXAMPLE.COM (auth:KERBEROS)
datanode_1  | 2019-11-14 02:08:04,681 INFO storage.RaftStorageDirectory: Lock on /data/metadata/ratis/ec77e4eb-ecc1-4e4a-961d-f0ae2c42477f/in_use.lock acquired by nodename 7@7f987f596f3c
datanode_2  | 2019-11-14 02:08:04,696 INFO segmented.SegmentedRaftLogWorker: new 86f6ba50-d505-4bdb-a48e-702aab398a36@group-F0AE2C42477F-SegmentedRaftLogWorker for RaftStorage:Storage Directory /data/metadata/ratis/ec77e4eb-ecc1-4e4a-961d-f0ae2c42477f
nm_1        | Nov 14, 2019 2:07:57 AM com.sun.jersey.guice.spi.container.GuiceComponentProviderFactory register
scm_1       | 2019-11-14 02:08:04,590 INFO pipeline.PipelineStateManager: Created pipeline Pipeline[ Id: aa2febbb-cf9a-4504-8550-1cf6e879d684, Nodes: 7b2d8fe2-d0f4-4383-b856-11bf1d0bfa02{ip: 172.19.0.8, host: ozonesecure-mr_datanode_1.ozone, networkLocation: /default-rack, certSerialId: null}, Type:RATIS, Factor:ONE, State:ALLOCATED]
rm_1        | 2019-11-14 02:07:54 INFO  log:192 - Logging initialized @2541ms
datanode_3  | 2019-11-14 02:08:04,682 INFO server.RaftServerConfigKeys: raft.server.log.segment.cache.num.max = 2 (custom)
om_1        | 2019-11-14 02:08:23,044 INFO volume.OMVolumeCreateRequest: created volume:vol1 for user:hadoop
datanode_1  | 2019-11-14 02:08:04,694 INFO storage.RaftStorage: Storage directory /data/metadata/ratis/ec77e4eb-ecc1-4e4a-961d-f0ae2c42477f has been successfully formatted.
datanode_2  | 2019-11-14 02:08:04,696 INFO server.RaftServerConfigKeys: raft.server.log.queue.byte-limit = 2147483647 (custom)
nm_1        | INFO: Registering org.apache.hadoop.yarn.webapp.GenericExceptionHandler as a provider class
kdc_1       | Nov 14 02:07:34 kdc kadmind[15](Notice): Request: kadm5_init, admin/admin@EXAMPLE.COM, success, client=admin/admin@EXAMPLE.COM, service=kadmin/admin@EXAMPLE.COM, addr=127.0.0.1, vers=4, flavor=6
scm_1       | 2019-11-14 02:08:04,710 INFO pipeline.PipelineStateManager: Created pipeline Pipeline[ Id: ec77e4eb-ecc1-4e4a-961d-f0ae2c42477f, Nodes: 86f6ba50-d505-4bdb-a48e-702aab398a36{ip: 172.19.0.9, host: ozonesecure-mr_datanode_2.ozone, networkLocation: /default-rack, certSerialId: null}b0f29a55-54f7-4bed-a7d6-64c7c2f5f2ad{ip: 172.19.0.10, host: ozonesecure-mr_datanode_3.ozone, networkLocation: /default-rack, certSerialId: null}7b2d8fe2-d0f4-4383-b856-11bf1d0bfa02{ip: 172.19.0.8, host: ozonesecure-mr_datanode_1.ozone, networkLocation: /default-rack, certSerialId: null}, Type:RATIS, Factor:THREE, State:ALLOCATED]
rm_1        | 2019-11-14 02:07:54 INFO  AuthenticationFilter:240 - Unable to initialize FileSignerSecretProvider, falling back to use random secrets.
datanode_3  | 2019-11-14 02:08:04,682 INFO segmented.SegmentedRaftLogWorker: new b0f29a55-54f7-4bed-a7d6-64c7c2f5f2ad@group-F0AE2C42477F-SegmentedRaftLogWorker for RaftStorage:Storage Directory /data/metadata/ratis/ec77e4eb-ecc1-4e4a-961d-f0ae2c42477f
om_1        | 2019-11-14 02:08:23,096 ERROR ratis.OzoneManagerDoubleBuffer: Terminating with exit status 2: OMDoubleBuffer flush threadOMDoubleBufferFlushThreadencountered Throwable error
datanode_1  | 2019-11-14 02:08:04,695 INFO ratis.ContainerStateMachine: group-F0AE2C42477F: The snapshot info is null. Setting the last applied indexto:(t:0, i:~)
datanode_2  | 2019-11-14 02:08:04,696 INFO server.RaftServerConfigKeys: raft.server.log.queue.element-limit = 1024 (custom)
nm_1        | Nov 14, 2019 2:07:57 AM com.sun.jersey.guice.spi.container.GuiceComponentProviderFactory register
kdc_1       | Nov 14 02:07:34 kdc kadmind[15](Notice): Request: kadm5_get_policy, default, Policy does not exist, client=admin/admin@EXAMPLE.COM, service=kadmin/admin@EXAMPLE.COM, addr=127.0.0.1
rm_1        | 2019-11-14 02:07:54 INFO  HttpRequestLog:81 - Http request log for http.requests.resourcemanager is not defined
scm_1       | 2019-11-14 02:08:08,882 INFO pipeline.PipelineStateManager: Pipeline Pipeline[ Id: 9a85f60c-8a3f-4085-af9c-0044e4f7d9b2, Nodes: 86f6ba50-d505-4bdb-a48e-702aab398a36{ip: 172.19.0.9, host: ozonesecure-mr_datanode_2.ozone, networkLocation: /default-rack, certSerialId: null}, Type:RATIS, Factor:ONE, State:OPEN] moved to OPEN state
datanode_3  | 2019-11-14 02:08:04,682 INFO server.RaftServerConfigKeys: raft.server.log.queue.byte-limit = 2147483647 (custom)
om_1        | java.util.NoSuchElementException: No value present
datanode_1  | 2019-11-14 02:08:04,695 INFO server.RaftServerConfigKeys: raft.server.notification.no-leader.timeout = 120s (custom)
datanode_2  | 2019-11-14 02:08:04,696 INFO server.RaftServerConfigKeys: raft.server.log.segment.size.max = 1048576 (custom)
nm_1        | INFO: Registering org.apache.hadoop.yarn.server.nodemanager.webapp.JAXBContextResolver as a provider class
kdc_1       | Nov 14 02:07:34 kdc kadmind[15](Notice): Request: kadm5_create_principal, scm/jhs@EXAMPLE.COM, success, client=admin/admin@EXAMPLE.COM, service=kadmin/admin@EXAMPLE.COM, addr=127.0.0.1
rm_1        | 2019-11-14 02:07:54 INFO  HttpServer2:975 - Added global filter 'safety' (class=org.apache.hadoop.http.HttpServer2$QuotingInputFilter)
scm_1       | 2019-11-14 02:08:09,238 INFO pipeline.PipelineStateManager: Pipeline Pipeline[ Id: 7a2d26d8-7ba0-44f4-bb28-47e9f0b98c9b, Nodes: b0f29a55-54f7-4bed-a7d6-64c7c2f5f2ad{ip: 172.19.0.10, host: ozonesecure-mr_datanode_3.ozone, networkLocation: /default-rack, certSerialId: null}, Type:RATIS, Factor:ONE, State:OPEN] moved to OPEN state
datanode_3  | 2019-11-14 02:08:04,683 INFO server.RaftServerConfigKeys: raft.server.log.queue.element-limit = 1024 (custom)
om_1        | 	at java.base/java.util.Optional.get(Optional.java:148)
datanode_2  | 2019-11-14 02:08:04,696 INFO server.RaftServerConfigKeys: raft.server.log.preallocated.size = 16384 (custom)
nm_1        | Nov 14, 2019 2:07:57 AM com.sun.jersey.server.impl.application.WebApplicationImpl _initiate
datanode_1  | 2019-11-14 02:08:04,695 INFO server.RaftServerConfigKeys: raft.server.log.use.memory = false (default)
kdc_1       | Nov 14 02:07:34 kdc kadmind[15](info): closing down fd 18
rm_1        | 2019-11-14 02:07:54 INFO  HttpServer2:948 - Added filter static_user_filter (class=org.apache.hadoop.http.lib.StaticUserWebFilter$StaticUserFilter) to context cluster
datanode_3  | 2019-11-14 02:08:04,683 INFO server.RaftServerConfigKeys: raft.server.log.segment.size.max = 1048576 (custom)
scm_1       | 2019-11-14 02:08:09,714 INFO pipeline.PipelineStateManager: Pipeline Pipeline[ Id: aa2febbb-cf9a-4504-8550-1cf6e879d684, Nodes: 7b2d8fe2-d0f4-4383-b856-11bf1d0bfa02{ip: 172.19.0.8, host: ozonesecure-mr_datanode_1.ozone, networkLocation: /default-rack, certSerialId: null}, Type:RATIS, Factor:ONE, State:OPEN] moved to OPEN state
om_1        | 	at org.apache.hadoop.ozone.om.ratis.OzoneManagerDoubleBuffer.flushTransactions(OzoneManagerDoubleBuffer.java:176)
nm_1        | INFO: Initiating Jersey application, version 'Jersey: 1.19 02/11/2015 03:25 AM'
datanode_2  | 2019-11-14 02:08:04,696 INFO server.RaftServerConfigKeys: raft.server.log.write.buffer.size = 33554432 (custom)
datanode_1  | 2019-11-14 02:08:04,695 INFO server.RaftServerConfigKeys: raft.server.log.purge.gap = 1000000 (custom)
kdc_1       | Nov 14 02:07:34 kdc kadmind[15](Notice): Request: kadm5_init, admin/admin@EXAMPLE.COM, success, client=admin/admin@EXAMPLE.COM, service=kadmin/admin@EXAMPLE.COM, addr=127.0.0.1, vers=4, flavor=6
rm_1        | 2019-11-14 02:07:54 INFO  HttpServer2:958 - Added filter static_user_filter (class=org.apache.hadoop.http.lib.StaticUserWebFilter$StaticUserFilter) to context static
datanode_3  | 2019-11-14 02:08:04,683 INFO server.RaftServerConfigKeys: raft.server.log.preallocated.size = 16384 (custom)
om_1        | 	at java.base/java.lang.Thread.run(Thread.java:834)
scm_1       | 2019-11-14 02:08:15,136 INFO pipeline.PipelineStateManager: Pipeline Pipeline[ Id: ec77e4eb-ecc1-4e4a-961d-f0ae2c42477f, Nodes: 86f6ba50-d505-4bdb-a48e-702aab398a36{ip: 172.19.0.9, host: ozonesecure-mr_datanode_2.ozone, networkLocation: /default-rack, certSerialId: null}b0f29a55-54f7-4bed-a7d6-64c7c2f5f2ad{ip: 172.19.0.10, host: ozonesecure-mr_datanode_3.ozone, networkLocation: /default-rack, certSerialId: null}7b2d8fe2-d0f4-4383-b856-11bf1d0bfa02{ip: 172.19.0.8, host: ozonesecure-mr_datanode_1.ozone, networkLocation: /default-rack, certSerialId: null}, Type:RATIS, Factor:THREE, State:OPEN] moved to OPEN state
nm_1        | Nov 14, 2019 2:07:57 AM com.sun.jersey.guice.spi.container.GuiceComponentProviderFactory getComponentProvider
datanode_2  | 2019-11-14 02:08:04,697 INFO server.RaftServerConfigKeys: raft.server.log.force.sync.num = 128 (default)
datanode_1  | 2019-11-14 02:08:04,695 INFO server.RaftServerConfigKeys: raft.server.log.appender.buffer.byte-limit = 33554432 (custom)
kdc_1       | Nov 14 02:07:34 kdc kadmind[15](Notice): Request: kadm5_randkey_principal, scm/jhs@EXAMPLE.COM, success, client=admin/admin@EXAMPLE.COM, service=kadmin/admin@EXAMPLE.COM, addr=127.0.0.1
rm_1        | 2019-11-14 02:07:54 INFO  HttpServer2:958 - Added filter static_user_filter (class=org.apache.hadoop.http.lib.StaticUserWebFilter$StaticUserFilter) to context logs
datanode_3  | 2019-11-14 02:08:04,683 INFO server.RaftServerConfigKeys: raft.server.log.write.buffer.size = 33554432 (custom)
om_1        | 2019-11-14 02:08:23,105 INFO om.OzoneManagerStarter: SHUTDOWN_MSG: 
nm_1        | INFO: Binding org.apache.hadoop.yarn.server.nodemanager.webapp.JAXBContextResolver to GuiceManagedComponentProvider with the scope "Singleton"
scm_1       | 2019-11-14 02:08:19,512 INFO ipc.Server: Auth successful for om/om@EXAMPLE.COM (auth:KERBEROS)
datanode_1  | 2019-11-14 02:08:04,695 INFO server.RaftServerConfigKeys: raft.server.log.segment.size.max = 1048576 (custom)
kdc_1       | Nov 14 02:07:34 kdc kadmind[15](Notice): Request: kadm5_get_principal, scm/jhs@EXAMPLE.COM, success, client=admin/admin@EXAMPLE.COM, service=kadmin/admin@EXAMPLE.COM, addr=127.0.0.1
rm_1        | 2019-11-14 02:07:54 INFO  HttpServer2:613 - adding path spec: /cluster/*
datanode_2  | 2019-11-14 02:08:04,697 INFO server.RaftServerConfigKeys: raft.server.log.statemachine.data.sync = true (default)
om_1        | /************************************************************
nm_1        | Nov 14, 2019 2:07:57 AM com.sun.jersey.guice.spi.container.GuiceComponentProviderFactory getComponentProvider
datanode_3  | 2019-11-14 02:08:04,683 INFO server.RaftServerConfigKeys: raft.server.log.force.sync.num = 128 (default)
scm_1       | 2019-11-14 02:08:38,803 INFO ipc.Server: Auth successful for dn/973f4f4b70c5@EXAMPLE.COM (auth:KERBEROS)
datanode_1  | 2019-11-14 02:08:04,695 INFO server.RaftServerConfigKeys: raft.server.log.segment.cache.num.max = 2 (custom)
kdc_1       | Nov 14 02:07:34 kdc kadmind[15](info): closing down fd 18
rm_1        | 2019-11-14 02:07:54 INFO  HttpServer2:613 - adding path spec: /ws/*
datanode_2  | 2019-11-14 02:08:04,697 INFO server.RaftServerConfigKeys: raft.server.log.statemachine.data.sync.timeout = 10s (default)
om_1        | SHUTDOWN_MSG: Shutting down OzoneManager at om/172.19.0.2
nm_1        | INFO: Binding org.apache.hadoop.yarn.webapp.GenericExceptionHandler to GuiceManagedComponentProvider with the scope "Singleton"
datanode_3  | 2019-11-14 02:08:04,683 INFO server.RaftServerConfigKeys: raft.server.log.statemachine.data.sync = true (default)
scm_1       | 2019-11-14 02:08:39,627 INFO ipc.Server: Auth successful for dn/7f987f596f3c@EXAMPLE.COM (auth:KERBEROS)
datanode_1  | 2019-11-14 02:08:04,696 INFO segmented.SegmentedRaftLogWorker: new 7b2d8fe2-d0f4-4383-b856-11bf1d0bfa02@group-F0AE2C42477F-SegmentedRaftLogWorker for RaftStorage:Storage Directory /data/metadata/ratis/ec77e4eb-ecc1-4e4a-961d-f0ae2c42477f
kdc_1       | Nov 14 02:07:34 kdc kadmind[15](Notice): Request: kadm5_init, admin/admin@EXAMPLE.COM, success, client=admin/admin@EXAMPLE.COM, service=kadmin/admin@EXAMPLE.COM, addr=127.0.0.1, vers=4, flavor=6
rm_1        | 2019-11-14 02:07:54 INFO  HttpServer2:613 - adding path spec: /app/*
datanode_2  | 2019-11-14 02:08:04,697 INFO server.RaftServerConfigKeys: raft.server.log.statemachine.data.sync.timeout.retry = -1 (default)
om_1        | ************************************************************/
nm_1        | Nov 14, 2019 2:07:58 AM com.sun.jersey.guice.spi.container.GuiceComponentProviderFactory getComponentProvider
datanode_3  | 2019-11-14 02:08:04,683 INFO server.RaftServerConfigKeys: raft.server.log.statemachine.data.sync.timeout = 10s (default)
datanode_1  | 2019-11-14 02:08:04,696 INFO server.RaftServerConfigKeys: raft.server.log.queue.byte-limit = 2147483647 (custom)
kdc_1       | Nov 14 02:07:34 kdc kadmind[15](Notice): Request: kadm5_get_policy, default, Policy does not exist, client=admin/admin@EXAMPLE.COM, service=kadmin/admin@EXAMPLE.COM, addr=127.0.0.1
scm_1       | 2019-11-14 02:08:45,154 INFO ipc.Server: Auth successful for dn/25a76e933392@EXAMPLE.COM (auth:KERBEROS)
rm_1        | 2019-11-14 02:07:54 INFO  WebApps:395 - Registered webapp guice modules
datanode_2  | 2019-11-14 02:08:04,697 INFO server.RaftServerConfigKeys: raft.server.log.statemachine.data.caching.enabled = true (custom)
nm_1        | INFO: Binding org.apache.hadoop.yarn.server.nodemanager.webapp.NMWebServices to GuiceManagedComponentProvider with the scope "Singleton"
datanode_3  | 2019-11-14 02:08:04,683 INFO server.RaftServerConfigKeys: raft.server.log.statemachine.data.sync.timeout.retry = -1 (default)
datanode_1  | 2019-11-14 02:08:04,696 INFO server.RaftServerConfigKeys: raft.server.log.queue.element-limit = 1024 (custom)
kdc_1       | Nov 14 02:07:34 kdc kadmind[15](Notice): Request: kadm5_create_principal, HTTP/jhs@EXAMPLE.COM, success, client=admin/admin@EXAMPLE.COM, service=kadmin/admin@EXAMPLE.COM, addr=127.0.0.1
scm_1       | 2019-11-14 02:09:08,804 INFO ipc.Server: Auth successful for dn/973f4f4b70c5@EXAMPLE.COM (auth:KERBEROS)
rm_1        | 2019-11-14 02:07:54 INFO  HttpServer2:1191 - Jetty bound to port 8088
datanode_2  | 2019-11-14 02:08:04,697 INFO segmented.SegmentedRaftLogWorker: 86f6ba50-d505-4bdb-a48e-702aab398a36@group-F0AE2C42477F-SegmentedRaftLogWorker: flushIndex: setUnconditionally 0 -> -1
nm_1        | 2019-11-14 02:07:58 INFO  ContextHandler:781 - Started o.e.j.w.WebAppContext@6e1b9411{/,file:///tmp/jetty-0.0.0.0-8042-node-_-any-453037357071279155.dir/webapp/,AVAILABLE}{/node}
datanode_1  | 2019-11-14 02:08:04,696 INFO server.RaftServerConfigKeys: raft.server.log.segment.size.max = 1048576 (custom)
datanode_3  | 2019-11-14 02:08:04,683 INFO server.RaftServerConfigKeys: raft.server.log.statemachine.data.caching.enabled = true (custom)
kdc_1       | Nov 14 02:07:34 kdc kadmind[15](info): closing down fd 18
scm_1       | 2019-11-14 02:09:09,627 INFO ipc.Server: Auth successful for dn/7f987f596f3c@EXAMPLE.COM (auth:KERBEROS)
rm_1        | 2019-11-14 02:07:54 INFO  Server:351 - jetty-9.3.24.v20180605, build timestamp: 2018-06-05T17:11:56Z, git hash: 84205aa28f11a4f31f2a3b86d1bba2cc8ab69827
datanode_2  | 2019-11-14 02:08:04,698 INFO server.RaftServerConfigKeys: raft.server.snapshot.auto.trigger.enabled = true (custom)
nm_1        | 2019-11-14 02:07:58 INFO  AbstractConnector:278 - Started ServerConnector@7b78ed6a{HTTP/1.1,[http/1.1]}{0.0.0.0:8042}
datanode_1  | 2019-11-14 02:08:04,696 INFO server.RaftServerConfigKeys: raft.server.log.preallocated.size = 16384 (custom)
kdc_1       | Nov 14 02:07:34 kdc kadmind[15](Notice): Request: kadm5_init, admin/admin@EXAMPLE.COM, success, client=admin/admin@EXAMPLE.COM, service=kadmin/admin@EXAMPLE.COM, addr=127.0.0.1, vers=4, flavor=6
scm_1       | 2019-11-14 02:09:15,159 INFO ipc.Server: Auth successful for dn/25a76e933392@EXAMPLE.COM (auth:KERBEROS)
rm_1        | 2019-11-14 02:07:55 INFO  ContextHandler:781 - Started o.e.j.s.ServletContextHandler@3234f74e{/logs,file:///opt/hadoop/logs/,AVAILABLE}
datanode_2  | 2019-11-14 02:08:04,698 INFO server.RaftServerConfigKeys: raft.server.snapshot.auto.trigger.threshold = 10000 (custom)
nm_1        | 2019-11-14 02:07:58 INFO  Server:419 - Started @5188ms
datanode_3  | 2019-11-14 02:08:04,684 INFO segmented.SegmentedRaftLogWorker: b0f29a55-54f7-4bed-a7d6-64c7c2f5f2ad@group-F0AE2C42477F-SegmentedRaftLogWorker: flushIndex: setUnconditionally 0 -> -1
datanode_1  | 2019-11-14 02:08:04,696 INFO server.RaftServerConfigKeys: raft.server.log.write.buffer.size = 33554432 (custom)
kdc_1       | Nov 14 02:07:34 kdc kadmind[15](Notice): Request: kadm5_randkey_principal, HTTP/jhs@EXAMPLE.COM, success, client=admin/admin@EXAMPLE.COM, service=kadmin/admin@EXAMPLE.COM, addr=127.0.0.1
scm_1       | 2019-11-14 02:09:38,805 INFO ipc.Server: Auth successful for dn/973f4f4b70c5@EXAMPLE.COM (auth:KERBEROS)
rm_1        | 2019-11-14 02:07:55 INFO  ContextHandler:781 - Started o.e.j.s.ServletContextHandler@557a1e2d{/static,jar:file:/opt/hadoop/share/hadoop/yarn/hadoop-yarn-common-3.2.0.jar!/webapps/static,AVAILABLE}
datanode_2  | 2019-11-14 02:08:04,698 INFO server.RaftServerConfigKeys: raft.server.snapshot.retention.file.num = 5 (custom)
nm_1        | 2019-11-14 02:07:58 INFO  WebApps:440 - Web app node started at 8042
datanode_3  | 2019-11-14 02:08:04,684 INFO server.RaftServerConfigKeys: raft.server.snapshot.auto.trigger.enabled = true (custom)
datanode_1  | 2019-11-14 02:08:04,696 INFO server.RaftServerConfigKeys: raft.server.log.force.sync.num = 128 (default)
kdc_1       | Nov 14 02:07:34 kdc kadmind[15](Notice): Request: kadm5_get_principal, HTTP/jhs@EXAMPLE.COM, success, client=admin/admin@EXAMPLE.COM, service=kadmin/admin@EXAMPLE.COM, addr=127.0.0.1
scm_1       | 2019-11-14 02:09:39,625 INFO ipc.Server: Auth successful for dn/7f987f596f3c@EXAMPLE.COM (auth:KERBEROS)
rm_1        | Nov 14, 2019 2:07:55 AM com.sun.jersey.guice.spi.container.GuiceComponentProviderFactory register
datanode_2  | 2019-11-14 02:08:04,699 INFO server.RaftServerConfigKeys: raft.server.retrycache.expirytime = 600000ms (custom)
nm_1        | 2019-11-14 02:07:58 INFO  NodeStatusUpdaterImpl:261 - Node ID assigned is : nm:40314
datanode_3  | 2019-11-14 02:08:04,684 INFO server.RaftServerConfigKeys: raft.server.snapshot.auto.trigger.threshold = 10000 (custom)
datanode_1  | 2019-11-14 02:08:04,696 INFO server.RaftServerConfigKeys: raft.server.log.statemachine.data.sync = true (default)
kdc_1       | Nov 14 02:07:34 kdc kadmind[15](info): closing down fd 18
scm_1       | 2019-11-14 02:09:45,153 INFO ipc.Server: Auth successful for dn/25a76e933392@EXAMPLE.COM (auth:KERBEROS)
rm_1        | INFO: Registering org.apache.hadoop.yarn.server.resourcemanager.webapp.JAXBContextResolver as a provider class
datanode_2  | 2019-11-14 02:08:04,699 WARN impl.MetricRegistriesImpl: First MetricRegistry has been created without registering reporters. You may need to call MetricRegistries.global().addReportRegistration(...) before.
nm_1        | 2019-11-14 02:07:58 INFO  JvmPauseMonitor:188 - Starting JVM pause monitor
datanode_3  | 2019-11-14 02:08:04,684 INFO server.RaftServerConfigKeys: raft.server.snapshot.retention.file.num = 5 (custom)
kdc_1       | Nov 14 02:07:34 kdc kadmind[15](Notice): Request: kadm5_init, admin/admin@EXAMPLE.COM, success, client=admin/admin@EXAMPLE.COM, service=kadmin/admin@EXAMPLE.COM, addr=127.0.0.1, vers=4, flavor=6
datanode_1  | 2019-11-14 02:08:04,696 INFO server.RaftServerConfigKeys: raft.server.log.statemachine.data.sync.timeout = 10s (default)
scm_1       | 2019-11-14 02:10:08,798 INFO ipc.Server: Auth successful for dn/973f4f4b70c5@EXAMPLE.COM (auth:KERBEROS)
rm_1        | Nov 14, 2019 2:07:55 AM com.sun.jersey.guice.spi.container.GuiceComponentProviderFactory register
datanode_2  | 2019-11-14 02:08:04,699 WARN impl.MetricRegistriesImpl: First MetricRegistry has been created without registering reporters. You may need to call MetricRegistries.global().addReportRegistration(...) before.
nm_1        | 2019-11-14 02:07:58 INFO  RMProxy:133 - Connecting to ResourceManager at rm/172.19.0.7:8031
datanode_3  | 2019-11-14 02:08:04,684 INFO server.RaftServerConfigKeys: raft.server.retrycache.expirytime = 600000ms (custom)
kdc_1       | Nov 14 02:07:34 kdc kadmind[15](Notice): Request: kadm5_get_policy, default, Policy does not exist, client=admin/admin@EXAMPLE.COM, service=kadmin/admin@EXAMPLE.COM, addr=127.0.0.1
datanode_1  | 2019-11-14 02:08:04,697 INFO server.RaftServerConfigKeys: raft.server.log.statemachine.data.sync.timeout.retry = -1 (default)
scm_1       | 2019-11-14 02:10:09,635 INFO ipc.Server: Auth successful for dn/7f987f596f3c@EXAMPLE.COM (auth:KERBEROS)
rm_1        | INFO: Registering org.apache.hadoop.yarn.server.resourcemanager.webapp.RMWebServices as a root resource class
nm_1        | 2019-11-14 02:07:58 INFO  NodeStatusUpdaterImpl:652 - Sending out 0 NM container statuses: []
datanode_2  | 2019-11-14 02:08:04,699 INFO impl.RaftServerImpl: 86f6ba50-d505-4bdb-a48e-702aab398a36@group-F0AE2C42477F: start as a follower, conf=-1: [86f6ba50-d505-4bdb-a48e-702aab398a36:172.19.0.9:9858, b0f29a55-54f7-4bed-a7d6-64c7c2f5f2ad:172.19.0.10:9858, 7b2d8fe2-d0f4-4383-b856-11bf1d0bfa02:172.19.0.8:9858], old=null
datanode_3  | 2019-11-14 02:08:04,684 WARN impl.MetricRegistriesImpl: First MetricRegistry has been created without registering reporters. You may need to call MetricRegistries.global().addReportRegistration(...) before.
datanode_1  | 2019-11-14 02:08:04,697 INFO server.RaftServerConfigKeys: raft.server.log.statemachine.data.caching.enabled = true (custom)
kdc_1       | Nov 14 02:07:34 kdc kadmind[15](Notice): Request: kadm5_create_principal, testuser/jhs@EXAMPLE.COM, success, client=admin/admin@EXAMPLE.COM, service=kadmin/admin@EXAMPLE.COM, addr=127.0.0.1
scm_1       | 2019-11-14 02:10:15,167 INFO ipc.Server: Auth successful for dn/25a76e933392@EXAMPLE.COM (auth:KERBEROS)
rm_1        | Nov 14, 2019 2:07:55 AM com.sun.jersey.guice.spi.container.GuiceComponentProviderFactory register
nm_1        | 2019-11-14 02:07:58 INFO  NodeStatusUpdaterImpl:393 - Registering with RM using containers :[]
datanode_2  | 2019-11-14 02:08:04,699 INFO impl.RaftServerImpl: 86f6ba50-d505-4bdb-a48e-702aab398a36@group-F0AE2C42477F: changes role from      null to FOLLOWER at term 0 for startAsFollower
datanode_3  | 2019-11-14 02:08:04,685 WARN impl.MetricRegistriesImpl: First MetricRegistry has been created without registering reporters. You may need to call MetricRegistries.global().addReportRegistration(...) before.
datanode_1  | 2019-11-14 02:08:04,697 INFO segmented.SegmentedRaftLogWorker: 7b2d8fe2-d0f4-4383-b856-11bf1d0bfa02@group-F0AE2C42477F-SegmentedRaftLogWorker: flushIndex: setUnconditionally 0 -> -1
kdc_1       | Nov 14 02:07:34 kdc kadmind[15](info): closing down fd 18
scm_1       | 2019-11-14 02:10:38,801 INFO ipc.Server: Auth successful for dn/973f4f4b70c5@EXAMPLE.COM (auth:KERBEROS)
rm_1        | INFO: Registering org.apache.hadoop.yarn.webapp.GenericExceptionHandler as a provider class
nm_1        | 2019-11-14 02:07:58 INFO  NMContainerTokenSecretManager:143 - Rolling master-key for container-tokens, got key with id -412821754
datanode_2  | 2019-11-14 02:08:04,700 INFO impl.RoleInfo: 86f6ba50-d505-4bdb-a48e-702aab398a36: start FollowerState
datanode_3  | 2019-11-14 02:08:04,685 INFO impl.RaftServerImpl: b0f29a55-54f7-4bed-a7d6-64c7c2f5f2ad@group-F0AE2C42477F: start as a follower, conf=-1: [86f6ba50-d505-4bdb-a48e-702aab398a36:172.19.0.9:9858, b0f29a55-54f7-4bed-a7d6-64c7c2f5f2ad:172.19.0.10:9858, 7b2d8fe2-d0f4-4383-b856-11bf1d0bfa02:172.19.0.8:9858], old=null
datanode_1  | 2019-11-14 02:08:04,698 INFO server.RaftServerConfigKeys: raft.server.snapshot.auto.trigger.enabled = true (custom)
kdc_1       | Nov 14 02:07:34 kdc kadmind[15](Notice): Request: kadm5_init, admin/admin@EXAMPLE.COM, success, client=admin/admin@EXAMPLE.COM, service=kadmin/admin@EXAMPLE.COM, addr=127.0.0.1, vers=4, flavor=6
scm_1       | 2019-11-14 02:10:39,627 INFO ipc.Server: Auth successful for dn/7f987f596f3c@EXAMPLE.COM (auth:KERBEROS)
rm_1        | Nov 14, 2019 2:07:55 AM com.sun.jersey.server.impl.application.WebApplicationImpl _initiate
nm_1        | 2019-11-14 02:07:58 INFO  NMTokenSecretManagerInNM:143 - Rolling master-key for container-tokens, got key with id -463178394
datanode_2  | 2019-11-14 02:08:04,700 INFO util.JmxRegister: Successfully registered JMX Bean with object name Ratis:service=RaftServer,group=group-F0AE2C42477F,id=86f6ba50-d505-4bdb-a48e-702aab398a36
datanode_3  | 2019-11-14 02:08:04,685 INFO impl.RaftServerImpl: b0f29a55-54f7-4bed-a7d6-64c7c2f5f2ad@group-F0AE2C42477F: changes role from      null to FOLLOWER at term 0 for startAsFollower
kdc_1       | Nov 14 02:07:34 kdc kadmind[15](Notice): Request: kadm5_randkey_principal, testuser/jhs@EXAMPLE.COM, success, client=admin/admin@EXAMPLE.COM, service=kadmin/admin@EXAMPLE.COM, addr=127.0.0.1
datanode_1  | 2019-11-14 02:08:04,698 INFO server.RaftServerConfigKeys: raft.server.snapshot.auto.trigger.threshold = 10000 (custom)
scm_1       | 2019-11-14 02:10:45,160 INFO ipc.Server: Auth successful for dn/25a76e933392@EXAMPLE.COM (auth:KERBEROS)
rm_1        | INFO: Initiating Jersey application, version 'Jersey: 1.19 02/11/2015 03:25 AM'
nm_1        | 2019-11-14 02:07:58 INFO  NodeStatusUpdaterImpl:477 - Registered with ResourceManager as nm:40314 with total resource of <memory:8192, vCores:8>
datanode_2  | 2019-11-14 02:08:04,701 WARN impl.MetricRegistriesImpl: First MetricRegistry has been created without registering reporters. You may need to call MetricRegistries.global().addReportRegistration(...) before.
datanode_3  | 2019-11-14 02:08:04,685 INFO impl.RoleInfo: b0f29a55-54f7-4bed-a7d6-64c7c2f5f2ad: start FollowerState
kdc_1       | Nov 14 02:07:34 kdc kadmind[15](Notice): Request: kadm5_get_principal, testuser/jhs@EXAMPLE.COM, success, client=admin/admin@EXAMPLE.COM, service=kadmin/admin@EXAMPLE.COM, addr=127.0.0.1
datanode_1  | 2019-11-14 02:08:04,698 INFO server.RaftServerConfigKeys: raft.server.snapshot.retention.file.num = 5 (custom)
scm_1       | 2019-11-14 02:11:08,805 INFO ipc.Server: Auth successful for dn/973f4f4b70c5@EXAMPLE.COM (auth:KERBEROS)
rm_1        | Nov 14, 2019 2:07:55 AM com.sun.jersey.guice.spi.container.GuiceComponentProviderFactory getComponentProvider
datanode_2  | 2019-11-14 02:08:08,693 INFO impl.FollowerState: 86f6ba50-d505-4bdb-a48e-702aab398a36@group-0044E4F7D9B2-FollowerState: change to CANDIDATE, lastRpcTime:5191ms, electionTimeout:5190ms
datanode_3  | 2019-11-14 02:08:04,686 INFO util.JmxRegister: Successfully registered JMX Bean with object name Ratis:service=RaftServer,group=group-F0AE2C42477F,id=b0f29a55-54f7-4bed-a7d6-64c7c2f5f2ad
rm_1        | INFO: Binding org.apache.hadoop.yarn.server.resourcemanager.webapp.JAXBContextResolver to GuiceManagedComponentProvider with the scope "Singleton"
datanode_1  | 2019-11-14 02:08:04,698 INFO server.RaftServerConfigKeys: raft.server.retrycache.expirytime = 600000ms (custom)
scm_1       | 2019-11-14 02:11:09,625 INFO ipc.Server: Auth successful for dn/7f987f596f3c@EXAMPLE.COM (auth:KERBEROS)
kdc_1       | Nov 14 02:07:34 kdc kadmind[15](info): closing down fd 18
datanode_2  | 2019-11-14 02:08:08,694 INFO impl.RoleInfo: 86f6ba50-d505-4bdb-a48e-702aab398a36: shutdown FollowerState
datanode_3  | 2019-11-14 02:08:04,686 WARN impl.MetricRegistriesImpl: First MetricRegistry has been created without registering reporters. You may need to call MetricRegistries.global().addReportRegistration(...) before.
rm_1        | Nov 14, 2019 2:07:55 AM com.sun.jersey.guice.spi.container.GuiceComponentProviderFactory getComponentProvider
datanode_1  | 2019-11-14 02:08:04,698 WARN impl.MetricRegistriesImpl: First MetricRegistry has been created without registering reporters. You may need to call MetricRegistries.global().addReportRegistration(...) before.
scm_1       | 2019-11-14 02:11:15,153 INFO ipc.Server: Auth successful for dn/25a76e933392@EXAMPLE.COM (auth:KERBEROS)
kdc_1       | Generiting keytab
datanode_2  | 2019-11-14 02:08:08,695 INFO impl.RaftServerImpl: 86f6ba50-d505-4bdb-a48e-702aab398a36@group-0044E4F7D9B2: changes role from  FOLLOWER to CANDIDATE at term 0 for changeToCandidate
datanode_3  | 2019-11-14 02:08:09,114 INFO impl.FollowerState: b0f29a55-54f7-4bed-a7d6-64c7c2f5f2ad@group-47E9F0B98C9B-FollowerState: change to CANDIDATE, lastRpcTime:5111ms, electionTimeout:5110ms
datanode_1  | 2019-11-14 02:08:04,699 WARN impl.MetricRegistriesImpl: First MetricRegistry has been created without registering reporters. You may need to call MetricRegistries.global().addReportRegistration(...) before.
rm_1        | INFO: Binding org.apache.hadoop.yarn.webapp.GenericExceptionHandler to GuiceManagedComponentProvider with the scope "Singleton"
scm_1       | 2019-11-14 02:11:38,798 INFO ipc.Server: Auth successful for dn/973f4f4b70c5@EXAMPLE.COM (auth:KERBEROS)
kdc_1       | Authenticating as principal admin/admin with keytab /tmp/admin.keytab.
datanode_2  | 2019-11-14 02:08:08,700 INFO impl.RoleInfo: 86f6ba50-d505-4bdb-a48e-702aab398a36: start LeaderElection
datanode_3  | 2019-11-14 02:08:09,115 INFO impl.RoleInfo: b0f29a55-54f7-4bed-a7d6-64c7c2f5f2ad: shutdown FollowerState
datanode_1  | 2019-11-14 02:08:04,699 INFO impl.RaftServerImpl: 7b2d8fe2-d0f4-4383-b856-11bf1d0bfa02@group-F0AE2C42477F: start as a follower, conf=-1: [86f6ba50-d505-4bdb-a48e-702aab398a36:172.19.0.9:9858, b0f29a55-54f7-4bed-a7d6-64c7c2f5f2ad:172.19.0.10:9858, 7b2d8fe2-d0f4-4383-b856-11bf1d0bfa02:172.19.0.8:9858], old=null
kdc_1       | WARNING: no policy specified for s3g/jhs@EXAMPLE.COM; defaulting to no policy
datanode_3  | 2019-11-14 02:08:09,117 INFO impl.RaftServerImpl: b0f29a55-54f7-4bed-a7d6-64c7c2f5f2ad@group-47E9F0B98C9B: changes role from  FOLLOWER to CANDIDATE at term 0 for changeToCandidate
rm_1        | Nov 14, 2019 2:07:56 AM com.sun.jersey.guice.spi.container.GuiceComponentProviderFactory getComponentProvider
scm_1       | 2019-11-14 02:11:39,621 INFO ipc.Server: Auth successful for dn/7f987f596f3c@EXAMPLE.COM (auth:KERBEROS)
datanode_1  | 2019-11-14 02:08:04,699 INFO impl.RaftServerImpl: 7b2d8fe2-d0f4-4383-b856-11bf1d0bfa02@group-F0AE2C42477F: changes role from      null to FOLLOWER at term 0 for startAsFollower
kdc_1       | Principal "s3g/jhs@EXAMPLE.COM" created.
datanode_2  | 2019-11-14 02:08:08,767 INFO impl.LeaderElection: 86f6ba50-d505-4bdb-a48e-702aab398a36@group-0044E4F7D9B2-LeaderElection1: begin an election at term 1 for -1: [86f6ba50-d505-4bdb-a48e-702aab398a36:172.19.0.9:9858], old=null
datanode_3  | 2019-11-14 02:08:09,121 INFO impl.RoleInfo: b0f29a55-54f7-4bed-a7d6-64c7c2f5f2ad: start LeaderElection
rm_1        | INFO: Binding org.apache.hadoop.yarn.server.resourcemanager.webapp.RMWebServices to GuiceManagedComponentProvider with the scope "Singleton"
scm_1       | 2019-11-14 02:11:45,156 INFO ipc.Server: Auth successful for dn/25a76e933392@EXAMPLE.COM (auth:KERBEROS)
datanode_1  | 2019-11-14 02:08:04,699 INFO impl.RoleInfo: 7b2d8fe2-d0f4-4383-b856-11bf1d0bfa02: start FollowerState
kdc_1       | Authenticating as principal admin/admin with keytab /tmp/admin.keytab.
datanode_2  | 2019-11-14 02:08:08,769 INFO impl.RoleInfo: 86f6ba50-d505-4bdb-a48e-702aab398a36: shutdown LeaderElection
datanode_3  | 2019-11-14 02:08:09,129 INFO impl.LeaderElection: b0f29a55-54f7-4bed-a7d6-64c7c2f5f2ad@group-47E9F0B98C9B-LeaderElection1: begin an election at term 1 for -1: [b0f29a55-54f7-4bed-a7d6-64c7c2f5f2ad:172.19.0.10:9858], old=null
rm_1        | 2019-11-14 02:07:56 INFO  ContextHandler:781 - Started o.e.j.w.WebAppContext@64524dd{/,file:///tmp/jetty-rm-8088-cluster-_-any-8408552530270965679.dir/webapp/,AVAILABLE}{/cluster}
scm_1       | 2019-11-14 02:12:08,798 INFO ipc.Server: Auth successful for dn/973f4f4b70c5@EXAMPLE.COM (auth:KERBEROS)
