datanode_3  | 2019-11-14 01:47:12,815 INFO server.RaftServerConfigKeys: raft.server.log.use.memory = false (default)
om_1        | 2019-11-14 01:47:11,814 INFO ipc.Server: IPC Server listener on 9862: starting
datanode_2  | 2019-11-14 01:47:12,229 INFO server.RaftServerConfigKeys: raft.server.log.appender.buffer.byte-limit = 33554432 (custom)
scm_1       | 2019-11-14 01:47:08,076 INFO server.BaseHttpServer: HTTP server of SCM is listening at http://0.0.0.0:9876
datanode_1  | 2019-11-14 01:47:13,393 INFO ratis.ContainerStateMachine: group-4F340F6C988E: The snapshot info is null. Setting the last applied indexto:(t:0, i:~)
datanode_3  | 2019-11-14 01:47:12,820 INFO server.RaftServerConfigKeys: raft.server.log.purge.gap = 1000000 (custom)
om_1        | 2019-11-14 01:47:11,842 INFO hdfs.DFSUtil: Starting Web-server for ozoneManager at: http://0.0.0.0:9874
datanode_2  | 2019-11-14 01:47:12,231 INFO server.RaftServerConfigKeys: raft.server.log.segment.size.max = 1048576 (custom)
scm_1       | 2019-11-14 01:47:08,085 INFO util.JvmPauseMonitor: Starting JVM pause monitor
datanode_3  | 2019-11-14 01:47:12,820 INFO server.RaftServerConfigKeys: raft.server.log.appender.buffer.byte-limit = 33554432 (custom)
om_1        | 2019-11-14 01:47:11,951 INFO server.AuthenticationFilter: Unable to initialize FileSignerSecretProvider, falling back to use random secrets.
datanode_2  | 2019-11-14 01:47:12,239 INFO metrics.MetricRegistries: Loaded MetricRegistries class org.apache.ratis.metrics.impl.MetricRegistriesImpl
datanode_1  | 2019-11-14 01:47:13,393 INFO server.RaftServerConfigKeys: raft.server.notification.no-leader.timeout = 120s (custom)
scm_1       | 2019-11-14 01:47:11,191 INFO net.NetworkTopology: Added a new node: /default-rack/1a54bd41-5d0e-48e6-9512-cc7bd91cb398
datanode_3  | 2019-11-14 01:47:12,822 INFO server.RaftServerConfigKeys: raft.server.log.segment.size.max = 1048576 (custom)
om_1        | 2019-11-14 01:47:11,956 INFO http.HttpRequestLog: Http request log for http.requests.ozoneManager is not defined
datanode_2  | 2019-11-14 01:47:12,243 WARN impl.MetricRegistriesImpl: First MetricRegistry has been created without registering reporters. You may need to call MetricRegistries.global().addReportRegistration(...) before.
datanode_1  | 2019-11-14 01:47:13,396 INFO server.RaftServerConfigKeys: raft.server.log.use.memory = false (default)
datanode_3  | 2019-11-14 01:47:12,829 INFO metrics.MetricRegistries: Loaded MetricRegistries class org.apache.ratis.metrics.impl.MetricRegistriesImpl
om_1        | 2019-11-14 01:47:11,967 INFO http.HttpServer2: Added global filter 'safety' (class=org.apache.hadoop.http.HttpServer2$QuotingInputFilter)
datanode_2  | 2019-11-14 01:47:12,250 INFO server.RaftServerConfigKeys: raft.server.log.segment.cache.num.max = 2 (custom)
scm_1       | 2019-11-14 01:47:11,191 INFO node.SCMNodeManager: Registered Data node : 1a54bd41-5d0e-48e6-9512-cc7bd91cb398{ip: 172.19.0.7, host: ozone-recon_datanode_2.ozone-recon_default, networkLocation: /default-rack, certSerialId: null}
datanode_1  | 2019-11-14 01:47:13,402 INFO server.RaftServerConfigKeys: raft.server.log.purge.gap = 1000000 (custom)
datanode_3  | 2019-11-14 01:47:12,833 WARN impl.MetricRegistriesImpl: First MetricRegistry has been created without registering reporters. You may need to call MetricRegistries.global().addReportRegistration(...) before.
om_1        | 2019-11-14 01:47:11,970 INFO http.HttpServer2: Added filter static_user_filter (class=org.apache.hadoop.http.lib.StaticUserWebFilter$StaticUserFilter) to context ozoneManager
scm_1       | 2019-11-14 01:47:11,194 INFO safemode.SCMSafeModeManager: SCM in safe mode. 1 DataNodes registered, 1 required.
datanode_3  | 2019-11-14 01:47:12,837 INFO server.RaftServerConfigKeys: raft.server.log.segment.cache.num.max = 2 (custom)
datanode_1  | 2019-11-14 01:47:13,402 INFO server.RaftServerConfigKeys: raft.server.log.appender.buffer.byte-limit = 33554432 (custom)
datanode_2  | 2019-11-14 01:47:12,256 INFO segmented.SegmentedRaftLogWorker: new 1a54bd41-5d0e-48e6-9512-cc7bd91cb398@group-6796BC445A28-SegmentedRaftLogWorker for RaftStorage:Storage Directory /data/metadata/ratis/c8b692df-7fc6-4f52-b617-6796bc445a28
om_1        | 2019-11-14 01:47:11,970 INFO http.HttpServer2: Added filter static_user_filter (class=org.apache.hadoop.http.lib.StaticUserWebFilter$StaticUserFilter) to context logs
scm_1       | 2019-11-14 01:47:11,195 INFO safemode.SCMSafeModeManager: ScmSafeModeManager, all rules are successfully validated
datanode_1  | 2019-11-14 01:47:13,405 INFO server.RaftServerConfigKeys: raft.server.log.segment.size.max = 1048576 (custom)
datanode_3  | 2019-11-14 01:47:12,842 INFO segmented.SegmentedRaftLogWorker: new 5912cb8f-de8c-47bc-9b2b-bbdcf4a842e6@group-4BE57872D5F3-SegmentedRaftLogWorker for RaftStorage:Storage Directory /data/metadata/ratis/e07196f1-2faf-4df2-ac96-4be57872d5f3
datanode_2  | 2019-11-14 01:47:12,257 INFO server.RaftServerConfigKeys: raft.server.log.queue.byte-limit = 2147483647 (custom)
om_1        | 2019-11-14 01:47:11,970 INFO http.HttpServer2: Added filter static_user_filter (class=org.apache.hadoop.http.lib.StaticUserWebFilter$StaticUserFilter) to context static
scm_1       | 2019-11-14 01:47:11,195 INFO safemode.SCMSafeModeManager: SCM exiting safe mode.
datanode_1  | 2019-11-14 01:47:13,413 INFO metrics.MetricRegistries: Loaded MetricRegistries class org.apache.ratis.metrics.impl.MetricRegistriesImpl
datanode_3  | 2019-11-14 01:47:12,842 INFO server.RaftServerConfigKeys: raft.server.log.queue.byte-limit = 2147483647 (custom)
datanode_2  | 2019-11-14 01:47:12,257 INFO server.RaftServerConfigKeys: raft.server.log.queue.element-limit = 1024 (custom)
om_1        | 2019-11-14 01:47:11,997 WARN server.BaseHttpServer: /prof java profiling servlet is activated. Not safe for production!
scm_1       | 2019-11-14 01:47:11,775 INFO net.NetworkTopology: Added a new node: /default-rack/5912cb8f-de8c-47bc-9b2b-bbdcf4a842e6
datanode_1  | 2019-11-14 01:47:13,417 WARN impl.MetricRegistriesImpl: First MetricRegistry has been created without registering reporters. You may need to call MetricRegistries.global().addReportRegistration(...) before.
datanode_3  | 2019-11-14 01:47:12,842 INFO server.RaftServerConfigKeys: raft.server.log.queue.element-limit = 1024 (custom)
datanode_2  | 2019-11-14 01:47:12,259 INFO server.RaftServerConfigKeys: raft.server.log.segment.size.max = 1048576 (custom)
om_1        | 2019-11-14 01:47:12,001 INFO http.HttpServer2: Jetty bound to port 9874
scm_1       | 2019-11-14 01:47:11,776 INFO node.SCMNodeManager: Registered Data node : 5912cb8f-de8c-47bc-9b2b-bbdcf4a842e6{ip: 172.19.0.6, host: ozone-recon_datanode_3.ozone-recon_default, networkLocation: /default-rack, certSerialId: null}
datanode_1  | 2019-11-14 01:47:13,424 INFO server.RaftServerConfigKeys: raft.server.log.segment.cache.num.max = 2 (custom)
datanode_3  | 2019-11-14 01:47:12,843 INFO server.RaftServerConfigKeys: raft.server.log.segment.size.max = 1048576 (custom)
datanode_2  | 2019-11-14 01:47:12,259 INFO server.RaftServerConfigKeys: raft.server.log.preallocated.size = 16384 (custom)
om_1        | 2019-11-14 01:47:12,003 INFO server.Server: jetty-9.3.25.v20180904, build timestamp: 2018-09-04T21:11:46Z, git hash: 3ce520221d0240229c862b122d2b06c12a625732
scm_1       | WARNING: An illegal reflective access operation has occurred
datanode_1  | 2019-11-14 01:47:13,430 INFO segmented.SegmentedRaftLogWorker: new d8865c08-7c2f-4e03-818e-6936239a363b@group-4F340F6C988E-SegmentedRaftLogWorker for RaftStorage:Storage Directory /data/metadata/ratis/4d027d08-51dd-4f7f-8c61-4f340f6c988e
datanode_3  | 2019-11-14 01:47:12,844 INFO server.RaftServerConfigKeys: raft.server.log.preallocated.size = 16384 (custom)
om_1        | 2019-11-14 01:47:12,035 INFO handler.ContextHandler: Started o.e.j.s.ServletContextHandler@7ab4ae59{/logs,file:///var/log/hadoop/,AVAILABLE}
datanode_2  | 2019-11-14 01:47:12,260 INFO server.RaftServerConfigKeys: raft.server.log.write.buffer.size = 33554432 (custom)
scm_1       | WARNING: Illegal reflective access by org.apache.ratis.thirdparty.com.google.protobuf.UnsafeUtil (file:/opt/hadoop/share/ozone/lib/ratis-thirdparty-misc-0.2.0.jar) to field java.nio.Buffer.address
datanode_1  | 2019-11-14 01:47:13,430 INFO server.RaftServerConfigKeys: raft.server.log.queue.byte-limit = 2147483647 (custom)
datanode_3  | 2019-11-14 01:47:12,844 INFO server.RaftServerConfigKeys: raft.server.log.write.buffer.size = 33554432 (custom)
om_1        | 2019-11-14 01:47:12,036 INFO handler.ContextHandler: Started o.e.j.s.ServletContextHandler@367f0121{/static,jar:file:/opt/hadoop/share/ozone/lib/hadoop-ozone-ozone-manager-0.5.0-SNAPSHOT.jar!/webapps/static,AVAILABLE}
datanode_2  | 2019-11-14 01:47:12,260 INFO server.RaftServerConfigKeys: raft.server.log.force.sync.num = 128 (default)
scm_1       | WARNING: Please consider reporting this to the maintainers of org.apache.ratis.thirdparty.com.google.protobuf.UnsafeUtil
datanode_1  | 2019-11-14 01:47:13,431 INFO server.RaftServerConfigKeys: raft.server.log.queue.element-limit = 1024 (custom)
datanode_3  | 2019-11-14 01:47:12,844 INFO server.RaftServerConfigKeys: raft.server.log.force.sync.num = 128 (default)
datanode_2  | 2019-11-14 01:47:12,261 INFO server.RaftServerConfigKeys: raft.server.log.statemachine.data.sync = true (default)
om_1        | 2019-11-14 01:47:12,111 INFO handler.ContextHandler: Started o.e.j.w.WebAppContext@6cbe7d4d{/,file:///tmp/jetty-0.0.0.0-9874-ozoneManager-_-any-4837707176503276431.dir/webapp/,AVAILABLE}{/ozoneManager}
scm_1       | WARNING: Use --illegal-access=warn to enable warnings of further illegal reflective access operations
datanode_1  | 2019-11-14 01:47:13,432 INFO server.RaftServerConfigKeys: raft.server.log.segment.size.max = 1048576 (custom)
datanode_3  | 2019-11-14 01:47:12,845 INFO server.RaftServerConfigKeys: raft.server.log.statemachine.data.sync = true (default)
datanode_2  | 2019-11-14 01:47:12,261 INFO server.RaftServerConfigKeys: raft.server.log.statemachine.data.sync.timeout = 10s (default)
om_1        | 2019-11-14 01:47:12,115 INFO server.AbstractConnector: Started ServerConnector@2db4ad1{HTTP/1.1,[http/1.1]}{0.0.0.0:9874}
scm_1       | WARNING: All illegal access operations will be denied in a future release
datanode_1  | 2019-11-14 01:47:13,432 INFO server.RaftServerConfigKeys: raft.server.log.preallocated.size = 16384 (custom)
datanode_3  | 2019-11-14 01:47:12,845 INFO server.RaftServerConfigKeys: raft.server.log.statemachine.data.sync.timeout = 10s (default)
om_1        | 2019-11-14 01:47:12,116 INFO server.Server: Started @3686ms
datanode_2  | 2019-11-14 01:47:12,262 INFO server.RaftServerConfigKeys: raft.server.log.statemachine.data.sync.timeout.retry = -1 (default)
scm_1       | 2019-11-14 01:47:12,195 INFO net.NetworkTopology: Added a new node: /default-rack/d8865c08-7c2f-4e03-818e-6936239a363b
datanode_1  | 2019-11-14 01:47:13,433 INFO server.RaftServerConfigKeys: raft.server.log.write.buffer.size = 33554432 (custom)
datanode_3  | 2019-11-14 01:47:12,845 INFO server.RaftServerConfigKeys: raft.server.log.statemachine.data.sync.timeout.retry = -1 (default)
om_1        | 2019-11-14 01:47:12,118 INFO impl.MetricsSinkAdapter: Sink prometheus started
datanode_2  | 2019-11-14 01:47:12,271 INFO server.RaftServerConfigKeys: raft.server.log.statemachine.data.caching.enabled = true (custom)
scm_1       | 2019-11-14 01:47:12,195 INFO node.SCMNodeManager: Registered Data node : d8865c08-7c2f-4e03-818e-6936239a363b{ip: 172.19.0.5, host: ozone-recon_datanode_1.ozone-recon_default, networkLocation: /default-rack, certSerialId: null}
datanode_1  | 2019-11-14 01:47:13,433 INFO server.RaftServerConfigKeys: raft.server.log.force.sync.num = 128 (default)
datanode_3  | 2019-11-14 01:47:12,852 INFO server.RaftServerConfigKeys: raft.server.log.statemachine.data.caching.enabled = true (custom)
om_1        | 2019-11-14 01:47:12,118 INFO impl.MetricsSystemImpl: Registered sink prometheus
datanode_2  | 2019-11-14 01:47:12,276 INFO segmented.SegmentedRaftLogWorker: 1a54bd41-5d0e-48e6-9512-cc7bd91cb398@group-6796BC445A28-SegmentedRaftLogWorker: flushIndex: setUnconditionally 0 -> -1
scm_1       | 2019-11-14 01:47:12,410 INFO pipeline.PipelineStateManager: Created pipeline Pipeline[ Id: c8b692df-7fc6-4f52-b617-6796bc445a28, Nodes: 1a54bd41-5d0e-48e6-9512-cc7bd91cb398{ip: 172.19.0.7, host: ozone-recon_datanode_2.ozone-recon_default, networkLocation: /default-rack, certSerialId: null}, Type:RATIS, Factor:ONE, State:ALLOCATED]
datanode_1  | 2019-11-14 01:47:13,434 INFO server.RaftServerConfigKeys: raft.server.log.statemachine.data.sync = true (default)
om_1        | 2019-11-14 01:47:12,120 INFO server.BaseHttpServer: HTTP server of OZONEMANAGER is listening at http://0.0.0.0:9874
datanode_3  | 2019-11-14 01:47:12,857 INFO segmented.SegmentedRaftLogWorker: 5912cb8f-de8c-47bc-9b2b-bbdcf4a842e6@group-4BE57872D5F3-SegmentedRaftLogWorker: flushIndex: setUnconditionally 0 -> -1
datanode_2  | 2019-11-14 01:47:12,281 INFO server.RaftServerConfigKeys: raft.server.snapshot.auto.trigger.enabled = true (custom)
scm_1       | 2019-11-14 01:47:12,952 INFO pipeline.PipelineStateManager: Created pipeline Pipeline[ Id: e07196f1-2faf-4df2-ac96-4be57872d5f3, Nodes: 5912cb8f-de8c-47bc-9b2b-bbdcf4a842e6{ip: 172.19.0.6, host: ozone-recon_datanode_3.ozone-recon_default, networkLocation: /default-rack, certSerialId: null}, Type:RATIS, Factor:ONE, State:ALLOCATED]
datanode_1  | 2019-11-14 01:47:13,434 INFO server.RaftServerConfigKeys: raft.server.log.statemachine.data.sync.timeout = 10s (default)
om_1        | 2019-11-14 01:47:27,752 INFO volume.OMVolumeCreateRequest: created volume:vol-0-79422 for user:hadoop
datanode_3  | 2019-11-14 01:47:12,860 INFO server.RaftServerConfigKeys: raft.server.snapshot.auto.trigger.enabled = true (custom)
scm_1       | 2019-11-14 01:47:13,540 INFO pipeline.PipelineStateManager: Created pipeline Pipeline[ Id: 4d027d08-51dd-4f7f-8c61-4f340f6c988e, Nodes: d8865c08-7c2f-4e03-818e-6936239a363b{ip: 172.19.0.5, host: ozone-recon_datanode_1.ozone-recon_default, networkLocation: /default-rack, certSerialId: null}, Type:RATIS, Factor:ONE, State:ALLOCATED]
datanode_2  | 2019-11-14 01:47:12,282 INFO server.RaftServerConfigKeys: raft.server.snapshot.auto.trigger.threshold = 10000 (custom)
om_1        | 2019-11-14 01:47:27,767 ERROR ratis.OzoneManagerDoubleBuffer: Terminating with exit status 2: OMDoubleBuffer flush threadOMDoubleBufferFlushThreadencountered Throwable error
datanode_1  | 2019-11-14 01:47:13,435 INFO server.RaftServerConfigKeys: raft.server.log.statemachine.data.sync.timeout.retry = -1 (default)
datanode_3  | 2019-11-14 01:47:12,861 INFO server.RaftServerConfigKeys: raft.server.snapshot.auto.trigger.threshold = 10000 (custom)
scm_1       | 2019-11-14 01:47:13,692 INFO pipeline.PipelineStateManager: Created pipeline Pipeline[ Id: 3cbe2a7f-b3b1-4461-b61d-84e953b64633, Nodes: 1a54bd41-5d0e-48e6-9512-cc7bd91cb398{ip: 172.19.0.7, host: ozone-recon_datanode_2.ozone-recon_default, networkLocation: /default-rack, certSerialId: null}5912cb8f-de8c-47bc-9b2b-bbdcf4a842e6{ip: 172.19.0.6, host: ozone-recon_datanode_3.ozone-recon_default, networkLocation: /default-rack, certSerialId: null}d8865c08-7c2f-4e03-818e-6936239a363b{ip: 172.19.0.5, host: ozone-recon_datanode_1.ozone-recon_default, networkLocation: /default-rack, certSerialId: null}, Type:RATIS, Factor:THREE, State:ALLOCATED]
datanode_2  | 2019-11-14 01:47:12,282 INFO server.RaftServerConfigKeys: raft.server.snapshot.retention.file.num = 5 (custom)
om_1        | java.util.NoSuchElementException: No value present
datanode_1  | 2019-11-14 01:47:13,445 INFO server.RaftServerConfigKeys: raft.server.log.statemachine.data.caching.enabled = true (custom)
datanode_3  | 2019-11-14 01:47:12,861 INFO server.RaftServerConfigKeys: raft.server.snapshot.retention.file.num = 5 (custom)
scm_1       | 2019-11-14 01:47:17,541 INFO pipeline.PipelineStateManager: Pipeline Pipeline[ Id: c8b692df-7fc6-4f52-b617-6796bc445a28, Nodes: 1a54bd41-5d0e-48e6-9512-cc7bd91cb398{ip: 172.19.0.7, host: ozone-recon_datanode_2.ozone-recon_default, networkLocation: /default-rack, certSerialId: null}, Type:RATIS, Factor:ONE, State:OPEN] moved to OPEN state
datanode_2  | 2019-11-14 01:47:12,283 INFO server.RaftServerConfigKeys: raft.server.retrycache.expirytime = 600000ms (custom)
om_1        | 	at java.base/java.util.Optional.get(Optional.java:148)
datanode_1  | 2019-11-14 01:47:13,449 INFO segmented.SegmentedRaftLogWorker: d8865c08-7c2f-4e03-818e-6936239a363b@group-4F340F6C988E-SegmentedRaftLogWorker: flushIndex: setUnconditionally 0 -> -1
datanode_3  | 2019-11-14 01:47:12,862 INFO server.RaftServerConfigKeys: raft.server.retrycache.expirytime = 600000ms (custom)
scm_1       | 2019-11-14 01:47:18,205 INFO pipeline.PipelineStateManager: Pipeline Pipeline[ Id: e07196f1-2faf-4df2-ac96-4be57872d5f3, Nodes: 5912cb8f-de8c-47bc-9b2b-bbdcf4a842e6{ip: 172.19.0.6, host: ozone-recon_datanode_3.ozone-recon_default, networkLocation: /default-rack, certSerialId: null}, Type:RATIS, Factor:ONE, State:OPEN] moved to OPEN state
datanode_2  | 2019-11-14 01:47:12,298 WARN impl.MetricRegistriesImpl: First MetricRegistry has been created without registering reporters. You may need to call MetricRegistries.global().addReportRegistration(...) before.
om_1        | 	at org.apache.hadoop.ozone.om.ratis.OzoneManagerDoubleBuffer.flushTransactions(OzoneManagerDoubleBuffer.java:176)
datanode_1  | 2019-11-14 01:47:13,454 INFO server.RaftServerConfigKeys: raft.server.snapshot.auto.trigger.enabled = true (custom)
scm_1       | 2019-11-14 01:47:18,735 INFO pipeline.PipelineStateManager: Pipeline Pipeline[ Id: 4d027d08-51dd-4f7f-8c61-4f340f6c988e, Nodes: d8865c08-7c2f-4e03-818e-6936239a363b{ip: 172.19.0.5, host: ozone-recon_datanode_1.ozone-recon_default, networkLocation: /default-rack, certSerialId: null}, Type:RATIS, Factor:ONE, State:OPEN] moved to OPEN state
datanode_3  | 2019-11-14 01:47:12,877 WARN impl.MetricRegistriesImpl: First MetricRegistry has been created without registering reporters. You may need to call MetricRegistries.global().addReportRegistration(...) before.
datanode_2  | 2019-11-14 01:47:12,299 WARN impl.MetricRegistriesImpl: First MetricRegistry has been created without registering reporters. You may need to call MetricRegistries.global().addReportRegistration(...) before.
om_1        | 	at java.base/java.lang.Thread.run(Thread.java:834)
scm_1       | 2019-11-14 01:47:24,189 INFO pipeline.PipelineStateManager: Pipeline Pipeline[ Id: 3cbe2a7f-b3b1-4461-b61d-84e953b64633, Nodes: 1a54bd41-5d0e-48e6-9512-cc7bd91cb398{ip: 172.19.0.7, host: ozone-recon_datanode_2.ozone-recon_default, networkLocation: /default-rack, certSerialId: null}5912cb8f-de8c-47bc-9b2b-bbdcf4a842e6{ip: 172.19.0.6, host: ozone-recon_datanode_3.ozone-recon_default, networkLocation: /default-rack, certSerialId: null}d8865c08-7c2f-4e03-818e-6936239a363b{ip: 172.19.0.5, host: ozone-recon_datanode_1.ozone-recon_default, networkLocation: /default-rack, certSerialId: null}, Type:RATIS, Factor:THREE, State:OPEN] moved to OPEN state
datanode_1  | 2019-11-14 01:47:13,455 INFO server.RaftServerConfigKeys: raft.server.snapshot.auto.trigger.threshold = 10000 (custom)
datanode_3  | 2019-11-14 01:47:12,879 WARN impl.MetricRegistriesImpl: First MetricRegistry has been created without registering reporters. You may need to call MetricRegistries.global().addReportRegistration(...) before.
datanode_2  | 2019-11-14 01:47:12,301 INFO impl.RaftServerImpl: 1a54bd41-5d0e-48e6-9512-cc7bd91cb398@group-6796BC445A28: start as a follower, conf=-1: [1a54bd41-5d0e-48e6-9512-cc7bd91cb398:172.19.0.7:9858], old=null
om_1        | 2019-11-14 01:47:27,776 INFO om.OzoneManagerStarter: SHUTDOWN_MSG: 
datanode_1  | 2019-11-14 01:47:13,455 INFO server.RaftServerConfigKeys: raft.server.snapshot.retention.file.num = 5 (custom)
datanode_3  | 2019-11-14 01:47:12,880 INFO impl.RaftServerImpl: 5912cb8f-de8c-47bc-9b2b-bbdcf4a842e6@group-4BE57872D5F3: start as a follower, conf=-1: [5912cb8f-de8c-47bc-9b2b-bbdcf4a842e6:172.19.0.6:9858], old=null
datanode_2  | 2019-11-14 01:47:12,302 INFO impl.RaftServerImpl: 1a54bd41-5d0e-48e6-9512-cc7bd91cb398@group-6796BC445A28: changes role from      null to FOLLOWER at term 0 for startAsFollower
om_1        | /************************************************************
datanode_1  | 2019-11-14 01:47:13,455 INFO server.RaftServerConfigKeys: raft.server.retrycache.expirytime = 600000ms (custom)
datanode_3  | 2019-11-14 01:47:12,881 INFO impl.RaftServerImpl: 5912cb8f-de8c-47bc-9b2b-bbdcf4a842e6@group-4BE57872D5F3: changes role from      null to FOLLOWER at term 0 for startAsFollower
datanode_2  | 2019-11-14 01:47:12,303 INFO impl.RoleInfo: 1a54bd41-5d0e-48e6-9512-cc7bd91cb398: start FollowerState
datanode_1  | 2019-11-14 01:47:13,471 WARN impl.MetricRegistriesImpl: First MetricRegistry has been created without registering reporters. You may need to call MetricRegistries.global().addReportRegistration(...) before.
datanode_3  | 2019-11-14 01:47:12,882 INFO impl.RoleInfo: 5912cb8f-de8c-47bc-9b2b-bbdcf4a842e6: start FollowerState
datanode_2  | 2019-11-14 01:47:12,307 INFO util.JmxRegister: Successfully registered JMX Bean with object name Ratis:service=RaftServer,group=group-6796BC445A28,id=1a54bd41-5d0e-48e6-9512-cc7bd91cb398
om_1        | SHUTDOWN_MSG: Shutting down OzoneManager at 8e85346745fb/172.19.0.3
datanode_1  | 2019-11-14 01:47:13,472 WARN impl.MetricRegistriesImpl: First MetricRegistry has been created without registering reporters. You may need to call MetricRegistries.global().addReportRegistration(...) before.
datanode_3  | 2019-11-14 01:47:12,886 INFO util.JmxRegister: Successfully registered JMX Bean with object name Ratis:service=RaftServer,group=group-4BE57872D5F3,id=5912cb8f-de8c-47bc-9b2b-bbdcf4a842e6
datanode_2  | 2019-11-14 01:47:12,308 WARN impl.MetricRegistriesImpl: First MetricRegistry has been created without registering reporters. You may need to call MetricRegistries.global().addReportRegistration(...) before.
om_1        | ************************************************************/
datanode_1  | 2019-11-14 01:47:13,474 INFO impl.RaftServerImpl: d8865c08-7c2f-4e03-818e-6936239a363b@group-4F340F6C988E: start as a follower, conf=-1: [d8865c08-7c2f-4e03-818e-6936239a363b:172.19.0.5:9858], old=null
datanode_3  | 2019-11-14 01:47:12,887 WARN impl.MetricRegistriesImpl: First MetricRegistry has been created without registering reporters. You may need to call MetricRegistries.global().addReportRegistration(...) before.
datanode_2  | 2019-11-14 01:47:13,587 INFO impl.RaftServerProxy: 1a54bd41-5d0e-48e6-9512-cc7bd91cb398: addNew group-84E953B64633:[1a54bd41-5d0e-48e6-9512-cc7bd91cb398:172.19.0.7:9858, 5912cb8f-de8c-47bc-9b2b-bbdcf4a842e6:172.19.0.6:9858, d8865c08-7c2f-4e03-818e-6936239a363b:172.19.0.5:9858] returns group-84E953B64633:java.util.concurrent.CompletableFuture@5c4509e9[Not completed]
om_1        | 2019-11-14 01:47:27,788 INFO volume.OMVolumeCreateRequest: created volume:vol-1-59556 for user:hadoop
datanode_1  | 2019-11-14 01:47:13,475 INFO impl.RaftServerImpl: d8865c08-7c2f-4e03-818e-6936239a363b@group-4F340F6C988E: changes role from      null to FOLLOWER at term 0 for startAsFollower
datanode_3  | 2019-11-14 01:47:13,578 INFO impl.RaftServerProxy: 5912cb8f-de8c-47bc-9b2b-bbdcf4a842e6: addNew group-84E953B64633:[1a54bd41-5d0e-48e6-9512-cc7bd91cb398:172.19.0.7:9858, 5912cb8f-de8c-47bc-9b2b-bbdcf4a842e6:172.19.0.6:9858, d8865c08-7c2f-4e03-818e-6936239a363b:172.19.0.5:9858] returns group-84E953B64633:java.util.concurrent.CompletableFuture@30dacb0c[Not completed]
datanode_2  | 2019-11-14 01:47:13,591 INFO impl.RaftServerImpl: 1a54bd41-5d0e-48e6-9512-cc7bd91cb398: new RaftServerImpl for group-84E953B64633:[1a54bd41-5d0e-48e6-9512-cc7bd91cb398:172.19.0.7:9858, 5912cb8f-de8c-47bc-9b2b-bbdcf4a842e6:172.19.0.6:9858, d8865c08-7c2f-4e03-818e-6936239a363b:172.19.0.5:9858] with ContainerStateMachine:uninitialized
datanode_1  | 2019-11-14 01:47:13,476 INFO impl.RoleInfo: d8865c08-7c2f-4e03-818e-6936239a363b: start FollowerState
datanode_3  | 2019-11-14 01:47:13,581 INFO impl.RaftServerImpl: 5912cb8f-de8c-47bc-9b2b-bbdcf4a842e6: new RaftServerImpl for group-84E953B64633:[1a54bd41-5d0e-48e6-9512-cc7bd91cb398:172.19.0.7:9858, 5912cb8f-de8c-47bc-9b2b-bbdcf4a842e6:172.19.0.6:9858, d8865c08-7c2f-4e03-818e-6936239a363b:172.19.0.5:9858] with ContainerStateMachine:uninitialized
datanode_2  | 2019-11-14 01:47:13,591 INFO server.RaftServerConfigKeys: raft.server.rpc.timeout.min = 5s (custom)
datanode_1  | 2019-11-14 01:47:13,482 INFO util.JmxRegister: Successfully registered JMX Bean with object name Ratis:service=RaftServer,group=group-4F340F6C988E,id=d8865c08-7c2f-4e03-818e-6936239a363b
datanode_3  | 2019-11-14 01:47:13,581 INFO server.RaftServerConfigKeys: raft.server.rpc.timeout.min = 5s (custom)
datanode_2  | 2019-11-14 01:47:13,591 INFO server.RaftServerConfigKeys: raft.server.rpc.timeout.max = 5200ms (custom)
datanode_1  | 2019-11-14 01:47:13,484 WARN impl.MetricRegistriesImpl: First MetricRegistry has been created without registering reporters. You may need to call MetricRegistries.global().addReportRegistration(...) before.
datanode_3  | 2019-11-14 01:47:13,581 INFO server.RaftServerConfigKeys: raft.server.rpc.timeout.max = 5200ms (custom)
datanode_2  | 2019-11-14 01:47:13,591 INFO server.RaftServerConfigKeys: raft.server.rpcslowness.timeout = 120s (custom)
datanode_1  | 2019-11-14 01:47:13,589 INFO impl.RaftServerProxy: d8865c08-7c2f-4e03-818e-6936239a363b: addNew group-84E953B64633:[1a54bd41-5d0e-48e6-9512-cc7bd91cb398:172.19.0.7:9858, 5912cb8f-de8c-47bc-9b2b-bbdcf4a842e6:172.19.0.6:9858, d8865c08-7c2f-4e03-818e-6936239a363b:172.19.0.5:9858] returns group-84E953B64633:java.util.concurrent.CompletableFuture@5e0c215d[Not completed]
datanode_3  | 2019-11-14 01:47:13,582 INFO server.RaftServerConfigKeys: raft.server.rpcslowness.timeout = 120s (custom)
datanode_2  | 2019-11-14 01:47:13,592 INFO server.RaftServerConfigKeys: raft.server.sleep.deviation.threshold = 300 (default)
datanode_1  | 2019-11-14 01:47:13,593 INFO impl.RaftServerImpl: d8865c08-7c2f-4e03-818e-6936239a363b: new RaftServerImpl for group-84E953B64633:[1a54bd41-5d0e-48e6-9512-cc7bd91cb398:172.19.0.7:9858, 5912cb8f-de8c-47bc-9b2b-bbdcf4a842e6:172.19.0.6:9858, d8865c08-7c2f-4e03-818e-6936239a363b:172.19.0.5:9858] with ContainerStateMachine:uninitialized
datanode_3  | 2019-11-14 01:47:13,582 INFO server.RaftServerConfigKeys: raft.server.sleep.deviation.threshold = 300 (default)
datanode_2  | 2019-11-14 01:47:13,592 INFO server.RaftServerConfigKeys: raft.server.log.appender.install.snapshot.enabled = false (custom)
datanode_1  | 2019-11-14 01:47:13,594 INFO server.RaftServerConfigKeys: raft.server.rpc.timeout.min = 5s (custom)
datanode_3  | 2019-11-14 01:47:13,582 INFO server.RaftServerConfigKeys: raft.server.log.appender.install.snapshot.enabled = false (custom)
datanode_2  | 2019-11-14 01:47:13,592 INFO impl.RaftServerImpl: 1a54bd41-5d0e-48e6-9512-cc7bd91cb398@group-84E953B64633: ConfigurationManager, init=-1: [1a54bd41-5d0e-48e6-9512-cc7bd91cb398:172.19.0.7:9858, 5912cb8f-de8c-47bc-9b2b-bbdcf4a842e6:172.19.0.6:9858, d8865c08-7c2f-4e03-818e-6936239a363b:172.19.0.5:9858], old=null, confs=<EMPTY_MAP>
datanode_1  | 2019-11-14 01:47:13,594 INFO server.RaftServerConfigKeys: raft.server.rpc.timeout.max = 5200ms (custom)
datanode_3  | 2019-11-14 01:47:13,582 INFO impl.RaftServerImpl: 5912cb8f-de8c-47bc-9b2b-bbdcf4a842e6@group-84E953B64633: ConfigurationManager, init=-1: [1a54bd41-5d0e-48e6-9512-cc7bd91cb398:172.19.0.7:9858, 5912cb8f-de8c-47bc-9b2b-bbdcf4a842e6:172.19.0.6:9858, d8865c08-7c2f-4e03-818e-6936239a363b:172.19.0.5:9858], old=null, confs=<EMPTY_MAP>
datanode_2  | 2019-11-14 01:47:13,592 INFO server.RaftServerConfigKeys: raft.server.storage.dir = [/data/metadata/ratis] (custom)
datanode_1  | 2019-11-14 01:47:13,594 INFO server.RaftServerConfigKeys: raft.server.rpcslowness.timeout = 120s (custom)
datanode_3  | 2019-11-14 01:47:13,582 INFO server.RaftServerConfigKeys: raft.server.storage.dir = [/data/metadata/ratis] (custom)
datanode_2  | 2019-11-14 01:47:13,592 INFO server.RaftServerConfigKeys: raft.server.log.corruption.policy = EXCEPTION (default)
datanode_1  | 2019-11-14 01:47:13,594 INFO server.RaftServerConfigKeys: raft.server.sleep.deviation.threshold = 300 (default)
datanode_3  | 2019-11-14 01:47:13,582 INFO server.RaftServerConfigKeys: raft.server.log.corruption.policy = EXCEPTION (default)
datanode_2  | 2019-11-14 01:47:13,593 INFO storage.RaftStorageDirectory: The storage directory /data/metadata/ratis/3cbe2a7f-b3b1-4461-b61d-84e953b64633 does not exist. Creating ...
datanode_1  | 2019-11-14 01:47:13,594 INFO server.RaftServerConfigKeys: raft.server.log.appender.install.snapshot.enabled = false (custom)
datanode_3  | 2019-11-14 01:47:13,583 INFO storage.RaftStorageDirectory: The storage directory /data/metadata/ratis/3cbe2a7f-b3b1-4461-b61d-84e953b64633 does not exist. Creating ...
datanode_2  | 2019-11-14 01:47:13,637 INFO storage.RaftStorageDirectory: Lock on /data/metadata/ratis/3cbe2a7f-b3b1-4461-b61d-84e953b64633/in_use.lock acquired by nodename 7@0e5a72b09de6
datanode_1  | 2019-11-14 01:47:13,594 INFO impl.RaftServerImpl: d8865c08-7c2f-4e03-818e-6936239a363b@group-84E953B64633: ConfigurationManager, init=-1: [1a54bd41-5d0e-48e6-9512-cc7bd91cb398:172.19.0.7:9858, 5912cb8f-de8c-47bc-9b2b-bbdcf4a842e6:172.19.0.6:9858, d8865c08-7c2f-4e03-818e-6936239a363b:172.19.0.5:9858], old=null, confs=<EMPTY_MAP>
datanode_3  | 2019-11-14 01:47:13,637 INFO storage.RaftStorageDirectory: Lock on /data/metadata/ratis/3cbe2a7f-b3b1-4461-b61d-84e953b64633/in_use.lock acquired by nodename 7@932ef017b655
datanode_2  | 2019-11-14 01:47:13,655 INFO storage.RaftStorage: Storage directory /data/metadata/ratis/3cbe2a7f-b3b1-4461-b61d-84e953b64633 has been successfully formatted.
datanode_1  | 2019-11-14 01:47:13,594 INFO server.RaftServerConfigKeys: raft.server.storage.dir = [/data/metadata/ratis] (custom)
datanode_3  | 2019-11-14 01:47:13,655 INFO storage.RaftStorage: Storage directory /data/metadata/ratis/3cbe2a7f-b3b1-4461-b61d-84e953b64633 has been successfully formatted.
datanode_1  | 2019-11-14 01:47:13,629 INFO server.RaftServerConfigKeys: raft.server.log.corruption.policy = EXCEPTION (default)
datanode_3  | 2019-11-14 01:47:13,655 INFO ratis.ContainerStateMachine: group-84E953B64633: The snapshot info is null. Setting the last applied indexto:(t:0, i:~)
datanode_1  | 2019-11-14 01:47:13,629 INFO storage.RaftStorageDirectory: The storage directory /data/metadata/ratis/3cbe2a7f-b3b1-4461-b61d-84e953b64633 does not exist. Creating ...
datanode_3  | 2019-11-14 01:47:13,656 INFO server.RaftServerConfigKeys: raft.server.notification.no-leader.timeout = 120s (custom)
datanode_1  | 2019-11-14 01:47:13,655 INFO storage.RaftStorageDirectory: Lock on /data/metadata/ratis/3cbe2a7f-b3b1-4461-b61d-84e953b64633/in_use.lock acquired by nodename 7@d50ea76d7099
datanode_3  | 2019-11-14 01:47:13,656 INFO server.RaftServerConfigKeys: raft.server.log.use.memory = false (default)
datanode_2  | 2019-11-14 01:47:13,655 INFO ratis.ContainerStateMachine: group-84E953B64633: The snapshot info is null. Setting the last applied indexto:(t:0, i:~)
datanode_1  | 2019-11-14 01:47:13,681 INFO storage.RaftStorage: Storage directory /data/metadata/ratis/3cbe2a7f-b3b1-4461-b61d-84e953b64633 has been successfully formatted.
datanode_3  | 2019-11-14 01:47:13,656 INFO server.RaftServerConfigKeys: raft.server.log.purge.gap = 1000000 (custom)
datanode_2  | 2019-11-14 01:47:13,656 INFO server.RaftServerConfigKeys: raft.server.notification.no-leader.timeout = 120s (custom)
datanode_1  | 2019-11-14 01:47:13,682 INFO ratis.ContainerStateMachine: group-84E953B64633: The snapshot info is null. Setting the last applied indexto:(t:0, i:~)
datanode_2  | 2019-11-14 01:47:13,656 INFO server.RaftServerConfigKeys: raft.server.log.use.memory = false (default)
datanode_3  | 2019-11-14 01:47:13,656 INFO server.RaftServerConfigKeys: raft.server.log.appender.buffer.byte-limit = 33554432 (custom)
datanode_1  | 2019-11-14 01:47:13,682 INFO server.RaftServerConfigKeys: raft.server.notification.no-leader.timeout = 120s (custom)
datanode_2  | 2019-11-14 01:47:13,656 INFO server.RaftServerConfigKeys: raft.server.log.purge.gap = 1000000 (custom)
datanode_3  | 2019-11-14 01:47:13,656 INFO server.RaftServerConfigKeys: raft.server.log.segment.size.max = 1048576 (custom)
datanode_1  | 2019-11-14 01:47:13,682 INFO server.RaftServerConfigKeys: raft.server.log.use.memory = false (default)
datanode_2  | 2019-11-14 01:47:13,657 INFO server.RaftServerConfigKeys: raft.server.log.appender.buffer.byte-limit = 33554432 (custom)
datanode_3  | 2019-11-14 01:47:13,656 INFO server.RaftServerConfigKeys: raft.server.log.segment.cache.num.max = 2 (custom)
datanode_1  | 2019-11-14 01:47:13,682 INFO server.RaftServerConfigKeys: raft.server.log.purge.gap = 1000000 (custom)
datanode_2  | 2019-11-14 01:47:13,657 INFO server.RaftServerConfigKeys: raft.server.log.segment.size.max = 1048576 (custom)
datanode_3  | 2019-11-14 01:47:13,656 INFO segmented.SegmentedRaftLogWorker: new 5912cb8f-de8c-47bc-9b2b-bbdcf4a842e6@group-84E953B64633-SegmentedRaftLogWorker for RaftStorage:Storage Directory /data/metadata/ratis/3cbe2a7f-b3b1-4461-b61d-84e953b64633
datanode_1  | 2019-11-14 01:47:13,682 INFO server.RaftServerConfigKeys: raft.server.log.appender.buffer.byte-limit = 33554432 (custom)
datanode_3  | 2019-11-14 01:47:13,656 INFO server.RaftServerConfigKeys: raft.server.log.queue.byte-limit = 2147483647 (custom)
datanode_1  | 2019-11-14 01:47:13,682 INFO server.RaftServerConfigKeys: raft.server.log.segment.size.max = 1048576 (custom)
datanode_3  | 2019-11-14 01:47:13,657 INFO server.RaftServerConfigKeys: raft.server.log.queue.element-limit = 1024 (custom)
datanode_2  | 2019-11-14 01:47:13,657 INFO server.RaftServerConfigKeys: raft.server.log.segment.cache.num.max = 2 (custom)
datanode_1  | 2019-11-14 01:47:13,682 INFO server.RaftServerConfigKeys: raft.server.log.segment.cache.num.max = 2 (custom)
datanode_3  | 2019-11-14 01:47:13,657 INFO server.RaftServerConfigKeys: raft.server.log.segment.size.max = 1048576 (custom)
datanode_2  | 2019-11-14 01:47:13,657 INFO segmented.SegmentedRaftLogWorker: new 1a54bd41-5d0e-48e6-9512-cc7bd91cb398@group-84E953B64633-SegmentedRaftLogWorker for RaftStorage:Storage Directory /data/metadata/ratis/3cbe2a7f-b3b1-4461-b61d-84e953b64633
datanode_3  | 2019-11-14 01:47:13,657 INFO server.RaftServerConfigKeys: raft.server.log.preallocated.size = 16384 (custom)
datanode_2  | 2019-11-14 01:47:13,657 INFO server.RaftServerConfigKeys: raft.server.log.queue.byte-limit = 2147483647 (custom)
datanode_3  | 2019-11-14 01:47:13,657 INFO server.RaftServerConfigKeys: raft.server.log.write.buffer.size = 33554432 (custom)
datanode_2  | 2019-11-14 01:47:13,657 INFO server.RaftServerConfigKeys: raft.server.log.queue.element-limit = 1024 (custom)
datanode_1  | 2019-11-14 01:47:13,682 INFO segmented.SegmentedRaftLogWorker: new d8865c08-7c2f-4e03-818e-6936239a363b@group-84E953B64633-SegmentedRaftLogWorker for RaftStorage:Storage Directory /data/metadata/ratis/3cbe2a7f-b3b1-4461-b61d-84e953b64633
datanode_3  | 2019-11-14 01:47:13,657 INFO server.RaftServerConfigKeys: raft.server.log.force.sync.num = 128 (default)
datanode_2  | 2019-11-14 01:47:13,657 INFO server.RaftServerConfigKeys: raft.server.log.segment.size.max = 1048576 (custom)
datanode_1  | 2019-11-14 01:47:13,682 INFO server.RaftServerConfigKeys: raft.server.log.queue.byte-limit = 2147483647 (custom)
datanode_3  | 2019-11-14 01:47:13,657 INFO server.RaftServerConfigKeys: raft.server.log.statemachine.data.sync = true (default)
datanode_2  | 2019-11-14 01:47:13,658 INFO server.RaftServerConfigKeys: raft.server.log.preallocated.size = 16384 (custom)
datanode_1  | 2019-11-14 01:47:13,683 INFO server.RaftServerConfigKeys: raft.server.log.queue.element-limit = 1024 (custom)
datanode_3  | 2019-11-14 01:47:13,657 INFO server.RaftServerConfigKeys: raft.server.log.statemachine.data.sync.timeout = 10s (default)
datanode_2  | 2019-11-14 01:47:13,658 INFO server.RaftServerConfigKeys: raft.server.log.write.buffer.size = 33554432 (custom)
datanode_1  | 2019-11-14 01:47:13,683 INFO server.RaftServerConfigKeys: raft.server.log.segment.size.max = 1048576 (custom)
datanode_2  | 2019-11-14 01:47:13,658 INFO server.RaftServerConfigKeys: raft.server.log.force.sync.num = 128 (default)
datanode_1  | 2019-11-14 01:47:13,683 INFO server.RaftServerConfigKeys: raft.server.log.preallocated.size = 16384 (custom)
datanode_3  | 2019-11-14 01:47:13,657 INFO server.RaftServerConfigKeys: raft.server.log.statemachine.data.sync.timeout.retry = -1 (default)
datanode_2  | 2019-11-14 01:47:13,658 INFO server.RaftServerConfigKeys: raft.server.log.statemachine.data.sync = true (default)
datanode_1  | 2019-11-14 01:47:13,683 INFO server.RaftServerConfigKeys: raft.server.log.write.buffer.size = 33554432 (custom)
datanode_3  | 2019-11-14 01:47:13,657 INFO server.RaftServerConfigKeys: raft.server.log.statemachine.data.caching.enabled = true (custom)
datanode_2  | 2019-11-14 01:47:13,658 INFO server.RaftServerConfigKeys: raft.server.log.statemachine.data.sync.timeout = 10s (default)
datanode_1  | 2019-11-14 01:47:13,683 INFO server.RaftServerConfigKeys: raft.server.log.force.sync.num = 128 (default)
datanode_2  | 2019-11-14 01:47:13,658 INFO server.RaftServerConfigKeys: raft.server.log.statemachine.data.sync.timeout.retry = -1 (default)
datanode_3  | 2019-11-14 01:47:13,658 INFO segmented.SegmentedRaftLogWorker: 5912cb8f-de8c-47bc-9b2b-bbdcf4a842e6@group-84E953B64633-SegmentedRaftLogWorker: flushIndex: setUnconditionally 0 -> -1
datanode_1  | 2019-11-14 01:47:13,683 INFO server.RaftServerConfigKeys: raft.server.log.statemachine.data.sync = true (default)
datanode_2  | 2019-11-14 01:47:13,658 INFO server.RaftServerConfigKeys: raft.server.log.statemachine.data.caching.enabled = true (custom)
datanode_3  | 2019-11-14 01:47:13,658 INFO server.RaftServerConfigKeys: raft.server.snapshot.auto.trigger.enabled = true (custom)
datanode_1  | 2019-11-14 01:47:13,683 INFO server.RaftServerConfigKeys: raft.server.log.statemachine.data.sync.timeout = 10s (default)
datanode_2  | 2019-11-14 01:47:13,658 INFO segmented.SegmentedRaftLogWorker: 1a54bd41-5d0e-48e6-9512-cc7bd91cb398@group-84E953B64633-SegmentedRaftLogWorker: flushIndex: setUnconditionally 0 -> -1
datanode_3  | 2019-11-14 01:47:13,658 INFO server.RaftServerConfigKeys: raft.server.snapshot.auto.trigger.threshold = 10000 (custom)
datanode_1  | 2019-11-14 01:47:13,683 INFO server.RaftServerConfigKeys: raft.server.log.statemachine.data.sync.timeout.retry = -1 (default)
datanode_2  | 2019-11-14 01:47:13,659 INFO server.RaftServerConfigKeys: raft.server.snapshot.auto.trigger.enabled = true (custom)
datanode_3  | 2019-11-14 01:47:13,658 INFO server.RaftServerConfigKeys: raft.server.snapshot.retention.file.num = 5 (custom)
datanode_1  | 2019-11-14 01:47:13,683 INFO server.RaftServerConfigKeys: raft.server.log.statemachine.data.caching.enabled = true (custom)
datanode_2  | 2019-11-14 01:47:13,659 INFO server.RaftServerConfigKeys: raft.server.snapshot.auto.trigger.threshold = 10000 (custom)
datanode_3  | 2019-11-14 01:47:13,659 INFO server.RaftServerConfigKeys: raft.server.retrycache.expirytime = 600000ms (custom)
datanode_1  | 2019-11-14 01:47:13,684 INFO segmented.SegmentedRaftLogWorker: d8865c08-7c2f-4e03-818e-6936239a363b@group-84E953B64633-SegmentedRaftLogWorker: flushIndex: setUnconditionally 0 -> -1
datanode_2  | 2019-11-14 01:47:13,659 INFO server.RaftServerConfigKeys: raft.server.snapshot.retention.file.num = 5 (custom)
datanode_3  | 2019-11-14 01:47:13,659 WARN impl.MetricRegistriesImpl: First MetricRegistry has been created without registering reporters. You may need to call MetricRegistries.global().addReportRegistration(...) before.
datanode_2  | 2019-11-14 01:47:13,659 INFO server.RaftServerConfigKeys: raft.server.retrycache.expirytime = 600000ms (custom)
datanode_1  | 2019-11-14 01:47:13,684 INFO server.RaftServerConfigKeys: raft.server.snapshot.auto.trigger.enabled = true (custom)
datanode_2  | 2019-11-14 01:47:13,659 WARN impl.MetricRegistriesImpl: First MetricRegistry has been created without registering reporters. You may need to call MetricRegistries.global().addReportRegistration(...) before.
datanode_1  | 2019-11-14 01:47:13,684 INFO server.RaftServerConfigKeys: raft.server.snapshot.auto.trigger.threshold = 10000 (custom)
datanode_3  | 2019-11-14 01:47:13,659 WARN impl.MetricRegistriesImpl: First MetricRegistry has been created without registering reporters. You may need to call MetricRegistries.global().addReportRegistration(...) before.
datanode_2  | 2019-11-14 01:47:13,659 WARN impl.MetricRegistriesImpl: First MetricRegistry has been created without registering reporters. You may need to call MetricRegistries.global().addReportRegistration(...) before.
datanode_1  | 2019-11-14 01:47:13,684 INFO server.RaftServerConfigKeys: raft.server.snapshot.retention.file.num = 5 (custom)
datanode_3  | 2019-11-14 01:47:13,659 INFO impl.RaftServerImpl: 5912cb8f-de8c-47bc-9b2b-bbdcf4a842e6@group-84E953B64633: start as a follower, conf=-1: [1a54bd41-5d0e-48e6-9512-cc7bd91cb398:172.19.0.7:9858, 5912cb8f-de8c-47bc-9b2b-bbdcf4a842e6:172.19.0.6:9858, d8865c08-7c2f-4e03-818e-6936239a363b:172.19.0.5:9858], old=null
datanode_2  | 2019-11-14 01:47:13,660 INFO impl.RaftServerImpl: 1a54bd41-5d0e-48e6-9512-cc7bd91cb398@group-84E953B64633: start as a follower, conf=-1: [1a54bd41-5d0e-48e6-9512-cc7bd91cb398:172.19.0.7:9858, 5912cb8f-de8c-47bc-9b2b-bbdcf4a842e6:172.19.0.6:9858, d8865c08-7c2f-4e03-818e-6936239a363b:172.19.0.5:9858], old=null
datanode_1  | 2019-11-14 01:47:13,685 INFO server.RaftServerConfigKeys: raft.server.retrycache.expirytime = 600000ms (custom)
datanode_3  | 2019-11-14 01:47:13,659 INFO impl.RaftServerImpl: 5912cb8f-de8c-47bc-9b2b-bbdcf4a842e6@group-84E953B64633: changes role from      null to FOLLOWER at term 0 for startAsFollower
datanode_2  | 2019-11-14 01:47:13,660 INFO impl.RaftServerImpl: 1a54bd41-5d0e-48e6-9512-cc7bd91cb398@group-84E953B64633: changes role from      null to FOLLOWER at term 0 for startAsFollower
datanode_1  | 2019-11-14 01:47:13,685 WARN impl.MetricRegistriesImpl: First MetricRegistry has been created without registering reporters. You may need to call MetricRegistries.global().addReportRegistration(...) before.
datanode_3  | 2019-11-14 01:47:13,659 INFO impl.RoleInfo: 5912cb8f-de8c-47bc-9b2b-bbdcf4a842e6: start FollowerState
datanode_2  | 2019-11-14 01:47:13,660 INFO impl.RoleInfo: 1a54bd41-5d0e-48e6-9512-cc7bd91cb398: start FollowerState
datanode_1  | 2019-11-14 01:47:13,685 WARN impl.MetricRegistriesImpl: First MetricRegistry has been created without registering reporters. You may need to call MetricRegistries.global().addReportRegistration(...) before.
datanode_3  | 2019-11-14 01:47:13,660 INFO util.JmxRegister: Successfully registered JMX Bean with object name Ratis:service=RaftServer,group=group-84E953B64633,id=5912cb8f-de8c-47bc-9b2b-bbdcf4a842e6
datanode_1  | 2019-11-14 01:47:13,685 INFO impl.RaftServerImpl: d8865c08-7c2f-4e03-818e-6936239a363b@group-84E953B64633: start as a follower, conf=-1: [1a54bd41-5d0e-48e6-9512-cc7bd91cb398:172.19.0.7:9858, 5912cb8f-de8c-47bc-9b2b-bbdcf4a842e6:172.19.0.6:9858, d8865c08-7c2f-4e03-818e-6936239a363b:172.19.0.5:9858], old=null
datanode_2  | 2019-11-14 01:47:13,661 INFO util.JmxRegister: Successfully registered JMX Bean with object name Ratis:service=RaftServer,group=group-84E953B64633,id=1a54bd41-5d0e-48e6-9512-cc7bd91cb398
datanode_3  | 2019-11-14 01:47:13,660 WARN impl.MetricRegistriesImpl: First MetricRegistry has been created without registering reporters. You may need to call MetricRegistries.global().addReportRegistration(...) before.
datanode_1  | 2019-11-14 01:47:13,685 INFO impl.RaftServerImpl: d8865c08-7c2f-4e03-818e-6936239a363b@group-84E953B64633: changes role from      null to FOLLOWER at term 0 for startAsFollower
datanode_2  | 2019-11-14 01:47:13,661 WARN impl.MetricRegistriesImpl: First MetricRegistry has been created without registering reporters. You may need to call MetricRegistries.global().addReportRegistration(...) before.
datanode_3  | 2019-11-14 01:47:18,048 INFO impl.FollowerState: 5912cb8f-de8c-47bc-9b2b-bbdcf4a842e6@group-4BE57872D5F3-FollowerState: change to CANDIDATE, lastRpcTime:5165ms, electionTimeout:5165ms
datanode_2  | 2019-11-14 01:47:17,416 INFO impl.FollowerState: 1a54bd41-5d0e-48e6-9512-cc7bd91cb398@group-6796BC445A28-FollowerState: change to CANDIDATE, lastRpcTime:5114ms, electionTimeout:5113ms
datanode_1  | 2019-11-14 01:47:13,685 INFO impl.RoleInfo: d8865c08-7c2f-4e03-818e-6936239a363b: start FollowerState
datanode_3  | 2019-11-14 01:47:18,050 INFO impl.RoleInfo: 5912cb8f-de8c-47bc-9b2b-bbdcf4a842e6: shutdown FollowerState
datanode_1  | 2019-11-14 01:47:13,686 INFO util.JmxRegister: Successfully registered JMX Bean with object name Ratis:service=RaftServer,group=group-84E953B64633,id=d8865c08-7c2f-4e03-818e-6936239a363b
datanode_3  | 2019-11-14 01:47:18,051 INFO impl.RaftServerImpl: 5912cb8f-de8c-47bc-9b2b-bbdcf4a842e6@group-4BE57872D5F3: changes role from  FOLLOWER to CANDIDATE at term 0 for changeToCandidate
datanode_2  | 2019-11-14 01:47:17,418 INFO impl.RoleInfo: 1a54bd41-5d0e-48e6-9512-cc7bd91cb398: shutdown FollowerState
datanode_1  | 2019-11-14 01:47:13,686 WARN impl.MetricRegistriesImpl: First MetricRegistry has been created without registering reporters. You may need to call MetricRegistries.global().addReportRegistration(...) before.
datanode_3  | 2019-11-14 01:47:18,055 INFO impl.RoleInfo: 5912cb8f-de8c-47bc-9b2b-bbdcf4a842e6: start LeaderElection
datanode_2  | 2019-11-14 01:47:17,419 INFO impl.RaftServerImpl: 1a54bd41-5d0e-48e6-9512-cc7bd91cb398@group-6796BC445A28: changes role from  FOLLOWER to CANDIDATE at term 0 for changeToCandidate
datanode_1  | 2019-11-14 01:47:18,577 INFO impl.FollowerState: d8865c08-7c2f-4e03-818e-6936239a363b@group-4F340F6C988E-FollowerState: change to CANDIDATE, lastRpcTime:5101ms, electionTimeout:5101ms
datanode_3  | 2019-11-14 01:47:18,088 INFO impl.LeaderElection: 5912cb8f-de8c-47bc-9b2b-bbdcf4a842e6@group-4BE57872D5F3-LeaderElection1: begin an election at term 1 for -1: [5912cb8f-de8c-47bc-9b2b-bbdcf4a842e6:172.19.0.6:9858], old=null
datanode_2  | 2019-11-14 01:47:17,425 INFO impl.RoleInfo: 1a54bd41-5d0e-48e6-9512-cc7bd91cb398: start LeaderElection
datanode_3  | 2019-11-14 01:47:18,090 INFO impl.RoleInfo: 5912cb8f-de8c-47bc-9b2b-bbdcf4a842e6: shutdown LeaderElection
datanode_1  | 2019-11-14 01:47:18,579 INFO impl.RoleInfo: d8865c08-7c2f-4e03-818e-6936239a363b: shutdown FollowerState
datanode_2  | 2019-11-14 01:47:17,452 INFO impl.LeaderElection: 1a54bd41-5d0e-48e6-9512-cc7bd91cb398@group-6796BC445A28-LeaderElection1: begin an election at term 1 for -1: [1a54bd41-5d0e-48e6-9512-cc7bd91cb398:172.19.0.7:9858], old=null
datanode_3  | 2019-11-14 01:47:18,091 INFO impl.RaftServerImpl: 5912cb8f-de8c-47bc-9b2b-bbdcf4a842e6@group-4BE57872D5F3: changes role from CANDIDATE to LEADER at term 1 for changeToLeader
datanode_1  | 2019-11-14 01:47:18,580 INFO impl.RaftServerImpl: d8865c08-7c2f-4e03-818e-6936239a363b@group-4F340F6C988E: changes role from  FOLLOWER to CANDIDATE at term 0 for changeToCandidate
datanode_2  | 2019-11-14 01:47:17,454 INFO impl.RoleInfo: 1a54bd41-5d0e-48e6-9512-cc7bd91cb398: shutdown LeaderElection
datanode_3  | 2019-11-14 01:47:18,092 INFO ratis.XceiverServerRatis: Leader change notification received for group: group-4BE57872D5F3 with new leaderId: 5912cb8f-de8c-47bc-9b2b-bbdcf4a842e6
datanode_1  | 2019-11-14 01:47:18,584 INFO impl.RoleInfo: d8865c08-7c2f-4e03-818e-6936239a363b: start LeaderElection
datanode_2  | 2019-11-14 01:47:17,454 INFO impl.RaftServerImpl: 1a54bd41-5d0e-48e6-9512-cc7bd91cb398@group-6796BC445A28: changes role from CANDIDATE to LEADER at term 1 for changeToLeader
datanode_1  | 2019-11-14 01:47:18,621 INFO impl.LeaderElection: d8865c08-7c2f-4e03-818e-6936239a363b@group-4F340F6C988E-LeaderElection1: begin an election at term 1 for -1: [d8865c08-7c2f-4e03-818e-6936239a363b:172.19.0.5:9858], old=null
datanode_3  | 2019-11-14 01:47:18,102 INFO impl.RaftServerImpl: 5912cb8f-de8c-47bc-9b2b-bbdcf4a842e6@group-4BE57872D5F3: change Leader from null to 5912cb8f-de8c-47bc-9b2b-bbdcf4a842e6 at term 1 for becomeLeader, leader elected after 5279ms
datanode_2  | 2019-11-14 01:47:17,454 INFO ratis.XceiverServerRatis: Leader change notification received for group: group-6796BC445A28 with new leaderId: 1a54bd41-5d0e-48e6-9512-cc7bd91cb398
datanode_1  | 2019-11-14 01:47:18,622 INFO impl.RoleInfo: d8865c08-7c2f-4e03-818e-6936239a363b: shutdown LeaderElection
datanode_3  | 2019-11-14 01:47:18,109 INFO server.RaftServerConfigKeys: raft.server.staging.catchup.gap = 1000 (default)
datanode_2  | 2019-11-14 01:47:17,461 INFO impl.RaftServerImpl: 1a54bd41-5d0e-48e6-9512-cc7bd91cb398@group-6796BC445A28: change Leader from null to 1a54bd41-5d0e-48e6-9512-cc7bd91cb398 at term 1 for becomeLeader, leader elected after 5235ms
datanode_1  | 2019-11-14 01:47:18,623 INFO impl.RaftServerImpl: d8865c08-7c2f-4e03-818e-6936239a363b@group-4F340F6C988E: changes role from CANDIDATE to LEADER at term 1 for changeToLeader
datanode_3  | 2019-11-14 01:47:18,110 INFO server.RaftServerConfigKeys: raft.server.rpc.sleep.time = 25ms (default)
datanode_2  | 2019-11-14 01:47:17,466 INFO server.RaftServerConfigKeys: raft.server.staging.catchup.gap = 1000 (default)
datanode_1  | 2019-11-14 01:47:18,624 INFO ratis.XceiverServerRatis: Leader change notification received for group: group-4F340F6C988E with new leaderId: d8865c08-7c2f-4e03-818e-6936239a363b
datanode_3  | 2019-11-14 01:47:18,115 INFO server.RaftServerConfigKeys: raft.server.write.element-limit = 4096 (default)
