datanode_1  | 2019-11-15 09:33:01,282 INFO storage.RaftStorageDirectory: The storage directory /data/metadata/ratis/6c99d6a1-0d1c-4cca-a0e2-4c90cc080860 does not exist. Creating ...
scm_1       | 2019-11-15 09:32:58,048 INFO net.NetworkTopology: Added a new node: /default-rack/a84080f8-6632-49f5-aca4-5ca49aeeea5a
kdc_1       | WARNING: no policy specified for om/76d46bf9043c@EXAMPLE.COM; defaulting to no policy
datanode_2  | 2019-11-15 09:33:01,315 INFO server.RaftServerConfigKeys: raft.server.log.segment.size.max = 1048576 (custom)
datanode_3  | 2019-11-15 09:33:01,277 INFO server.RaftServerConfigKeys: raft.server.storage.dir = [/data/metadata/ratis] (custom)
om_1        | 2019-11-15 09:32:58,288 INFO server.AbstractConnector: Started ServerConnector@40ce9049{HTTP/1.1,[http/1.1]}{0.0.0.0:9874}
datanode_1  | 2019-11-15 09:33:01,296 INFO storage.RaftStorageDirectory: Lock on /data/metadata/ratis/6c99d6a1-0d1c-4cca-a0e2-4c90cc080860/in_use.lock acquired by nodename 7@fdbfe6a847ba
scm_1       | 2019-11-15 09:32:58,048 INFO net.NetworkTopology: Added a new node: /default-rack/a3efa8d5-6d26-4070-8d25-524d3e1ba695
kdc_1       | Principal "om/76d46bf9043c@EXAMPLE.COM" created.
datanode_2  | 2019-11-15 09:33:01,316 INFO server.RaftServerConfigKeys: raft.server.log.preallocated.size = 16384 (custom)
datanode_3  | 2019-11-15 09:33:01,277 INFO server.RaftServerConfigKeys: raft.server.log.corruption.policy = EXCEPTION (default)
om_1        | 2019-11-15 09:32:58,288 INFO server.Server: Started @4350ms
datanode_1  | 2019-11-15 09:33:01,313 INFO storage.RaftStorage: Storage directory /data/metadata/ratis/6c99d6a1-0d1c-4cca-a0e2-4c90cc080860 has been successfully formatted.
scm_1       | 2019-11-15 09:32:58,049 INFO node.SCMNodeManager: Registered Data node : a84080f8-6632-49f5-aca4-5ca49aeeea5a{ip: 172.19.0.6, host: ozonesecure_datanode_2.ozonesecure_default, networkLocation: /default-rack, certSerialId: 14157163867759975}
kdc_1       | Authenticating as principal admin/admin with keytab /tmp/admin.keytab.
datanode_2  | 2019-11-15 09:33:01,316 INFO server.RaftServerConfigKeys: raft.server.log.write.buffer.size = 33554432 (custom)
datanode_3  | 2019-11-15 09:33:01,277 INFO storage.RaftStorageDirectory: The storage directory /data/metadata/ratis/6c99d6a1-0d1c-4cca-a0e2-4c90cc080860 does not exist. Creating ...
datanode_1  | 2019-11-15 09:33:01,313 INFO ratis.ContainerStateMachine: group-4C90CC080860: The snapshot info is null. Setting the last applied indexto:(t:0, i:~)
om_1        | 2019-11-15 09:32:58,313 INFO impl.MetricsSinkAdapter: Sink prometheus started
scm_1       | 2019-11-15 09:32:58,049 INFO node.SCMNodeManager: Registered Data node : 6b8d5a1f-b0dd-473e-9968-e0d104f6ca81{ip: 172.19.0.8, host: ozonesecure_datanode_3.ozonesecure_default, networkLocation: /default-rack, certSerialId: 14157163867760433}
kdc_1       | Entry for principal om/76d46bf9043c@EXAMPLE.COM with kvno 2, encryption type aes256-cts-hmac-sha1-96 added to keytab WRFILE:/data/om.76d46bf9043c.keytab.
datanode_2  | 2019-11-15 09:33:01,316 INFO server.RaftServerConfigKeys: raft.server.log.force.sync.num = 128 (default)
datanode_3  | 2019-11-15 09:33:01,296 INFO storage.RaftStorageDirectory: Lock on /data/metadata/ratis/6c99d6a1-0d1c-4cca-a0e2-4c90cc080860/in_use.lock acquired by nodename 7@3ec8929a822f
datanode_1  | 2019-11-15 09:33:01,313 INFO server.RaftServerConfigKeys: raft.server.notification.no-leader.timeout = 120s (custom)
om_1        | 2019-11-15 09:32:58,313 INFO impl.MetricsSystemImpl: Registered sink prometheus
scm_1       | 2019-11-15 09:32:58,049 INFO node.SCMNodeManager: Registered Data node : a3efa8d5-6d26-4070-8d25-524d3e1ba695{ip: 172.19.0.9, host: ozonesecure_datanode_1.ozonesecure_default, networkLocation: /default-rack, certSerialId: 14157163900405718}
kdc_1       | Entry for principal om/76d46bf9043c@EXAMPLE.COM with kvno 2, encryption type aes128-cts-hmac-sha1-96 added to keytab WRFILE:/data/om.76d46bf9043c.keytab.
datanode_2  | 2019-11-15 09:33:01,316 INFO server.RaftServerConfigKeys: raft.server.log.statemachine.data.sync = true (default)
datanode_3  | 2019-11-15 09:33:01,313 INFO storage.RaftStorage: Storage directory /data/metadata/ratis/6c99d6a1-0d1c-4cca-a0e2-4c90cc080860 has been successfully formatted.
datanode_1  | 2019-11-15 09:33:01,313 INFO server.RaftServerConfigKeys: raft.server.log.use.memory = false (default)
om_1        | 2019-11-15 09:32:58,316 INFO server.BaseHttpServer: HTTP server of OZONEMANAGER is listening at http://0.0.0.0:9874
scm_1       | 2019-11-15 09:32:58,053 INFO safemode.SCMSafeModeManager: ContainerSafeModeRule rule is successfully validated
kdc_1       | Generiting keytab
datanode_2  | 2019-11-15 09:33:01,316 INFO server.RaftServerConfigKeys: raft.server.log.statemachine.data.sync.timeout = 10s (default)
datanode_3  | 2019-11-15 09:33:01,313 INFO ratis.ContainerStateMachine: group-4C90CC080860: The snapshot info is null. Setting the last applied indexto:(t:0, i:~)
scm_1       | 2019-11-15 09:32:58,056 INFO safemode.SCMSafeModeManager: ContainerSafeModeRule rule is successfully validated
datanode_2  | 2019-11-15 09:33:01,316 INFO server.RaftServerConfigKeys: raft.server.log.statemachine.data.sync.timeout.retry = -1 (default)
datanode_1  | 2019-11-15 09:33:01,314 INFO server.RaftServerConfigKeys: raft.server.log.purge.gap = 1000000 (custom)
kdc_1       | Authenticating as principal admin/admin with keytab /tmp/admin.keytab.
datanode_3  | 2019-11-15 09:33:01,313 INFO server.RaftServerConfigKeys: raft.server.notification.no-leader.timeout = 120s (custom)
scm_1       | 2019-11-15 09:32:58,056 INFO safemode.SCMSafeModeManager: ContainerSafeModeRule rule is successfully validated
datanode_2  | 2019-11-15 09:33:01,317 INFO server.RaftServerConfigKeys: raft.server.log.statemachine.data.caching.enabled = true (custom)
datanode_1  | 2019-11-15 09:33:01,314 INFO server.RaftServerConfigKeys: raft.server.log.appender.buffer.byte-limit = 33554432 (custom)
kdc_1       | WARNING: no policy specified for om/a8bbf6b2392b@EXAMPLE.COM; defaulting to no policy
datanode_3  | 2019-11-15 09:33:01,313 INFO server.RaftServerConfigKeys: raft.server.log.use.memory = false (default)
scm_1       | 2019-11-15 09:32:58,056 INFO safemode.SCMSafeModeManager: SCM in safe mode. 1 DataNodes registered, 1 required.
datanode_2  | 2019-11-15 09:33:01,317 INFO segmented.SegmentedRaftLogWorker: a84080f8-6632-49f5-aca4-5ca49aeeea5a@group-4C90CC080860-SegmentedRaftLogWorker: flushIndex: setUnconditionally 0 -> -1
datanode_1  | 2019-11-15 09:33:01,314 INFO server.RaftServerConfigKeys: raft.server.log.segment.size.max = 1048576 (custom)
kdc_1       | Principal "om/a8bbf6b2392b@EXAMPLE.COM" created.
datanode_3  | 2019-11-15 09:33:01,314 INFO server.RaftServerConfigKeys: raft.server.log.purge.gap = 1000000 (custom)
scm_1       | 2019-11-15 09:32:58,059 INFO safemode.SCMSafeModeManager: DataNodeSafeModeRule rule is successfully validated
datanode_2  | 2019-11-15 09:33:01,318 INFO server.RaftServerConfigKeys: raft.server.snapshot.auto.trigger.enabled = true (custom)
kdc_1       | Authenticating as principal admin/admin with keytab /tmp/admin.keytab.
datanode_1  | 2019-11-15 09:33:01,314 INFO server.RaftServerConfigKeys: raft.server.log.segment.cache.num.max = 2 (custom)
datanode_3  | 2019-11-15 09:33:01,314 INFO server.RaftServerConfigKeys: raft.server.log.appender.buffer.byte-limit = 33554432 (custom)
scm_1       | 2019-11-15 09:32:58,059 INFO safemode.SCMSafeModeManager: DataNodeSafeModeRule rule is successfully validated
datanode_2  | 2019-11-15 09:33:01,318 INFO server.RaftServerConfigKeys: raft.server.snapshot.auto.trigger.threshold = 10000 (custom)
kdc_1       | Entry for principal om/a8bbf6b2392b@EXAMPLE.COM with kvno 2, encryption type aes256-cts-hmac-sha1-96 added to keytab WRFILE:/data/om.a8bbf6b2392b.keytab.
datanode_1  | 2019-11-15 09:33:01,314 INFO segmented.SegmentedRaftLogWorker: new a3efa8d5-6d26-4070-8d25-524d3e1ba695@group-4C90CC080860-SegmentedRaftLogWorker for RaftStorage:Storage Directory /data/metadata/ratis/6c99d6a1-0d1c-4cca-a0e2-4c90cc080860
datanode_3  | 2019-11-15 09:33:01,314 INFO server.RaftServerConfigKeys: raft.server.log.segment.size.max = 1048576 (custom)
datanode_2  | 2019-11-15 09:33:01,318 INFO server.RaftServerConfigKeys: raft.server.snapshot.retention.file.num = 5 (custom)
kdc_1       | Entry for principal om/a8bbf6b2392b@EXAMPLE.COM with kvno 2, encryption type aes128-cts-hmac-sha1-96 added to keytab WRFILE:/data/om.a8bbf6b2392b.keytab.
scm_1       | 2019-11-15 09:32:58,059 INFO safemode.SCMSafeModeManager: DataNodeSafeModeRule rule is successfully validated
datanode_1  | 2019-11-15 09:33:01,314 INFO server.RaftServerConfigKeys: raft.server.log.queue.byte-limit = 2147483647 (custom)
datanode_3  | 2019-11-15 09:33:01,314 INFO server.RaftServerConfigKeys: raft.server.log.segment.cache.num.max = 2 (custom)
datanode_2  | 2019-11-15 09:33:01,318 INFO server.RaftServerConfigKeys: raft.server.retrycache.expirytime = 600000ms (custom)
kdc_1       | Generiting keytab
scm_1       | 2019-11-15 09:32:58,065 INFO pipeline.RatisPipelineProvider: Send pipeline:PipelineID=422baca0-892c-4f39-8910-8bd35a131655 create command to datanode a3efa8d5-6d26-4070-8d25-524d3e1ba695
datanode_1  | 2019-11-15 09:33:01,314 INFO server.RaftServerConfigKeys: raft.server.log.queue.element-limit = 1024 (custom)
datanode_3  | 2019-11-15 09:33:01,314 INFO segmented.SegmentedRaftLogWorker: new 6b8d5a1f-b0dd-473e-9968-e0d104f6ca81@group-4C90CC080860-SegmentedRaftLogWorker for RaftStorage:Storage Directory /data/metadata/ratis/6c99d6a1-0d1c-4cca-a0e2-4c90cc080860
datanode_2  | 2019-11-15 09:33:01,318 WARN impl.MetricRegistriesImpl: First MetricRegistry has been created without registering reporters. You may need to call MetricRegistries.global().addReportRegistration(...) before.
kdc_1       | Authenticating as principal admin/admin with keytab /tmp/admin.keytab.
scm_1       | 2019-11-15 09:32:58,079 INFO pipeline.PipelineStateManager: Created pipeline Pipeline[ Id: 422baca0-892c-4f39-8910-8bd35a131655, Nodes: a3efa8d5-6d26-4070-8d25-524d3e1ba695{ip: 172.19.0.9, host: ozonesecure_datanode_1.ozonesecure_default, networkLocation: /default-rack, certSerialId: null}, Type:RATIS, Factor:ONE, State:ALLOCATED]
datanode_1  | 2019-11-15 09:33:01,314 INFO server.RaftServerConfigKeys: raft.server.log.segment.size.max = 1048576 (custom)
datanode_3  | 2019-11-15 09:33:01,314 INFO server.RaftServerConfigKeys: raft.server.log.queue.byte-limit = 2147483647 (custom)
kdc_1       | Nov 15 09:32:39 kdc krb5kdc[9](info): AS_REQ (8 etypes {18 17 20 19 16 23 25 26}) 127.0.0.1: SERVER_NOT_FOUND: admin/admin@EXAMPLE.COM for kadmin/localhost@EXAMPLE.COM, Server not found in Kerberos database
scm_1       | 2019-11-15 09:32:58,080 INFO pipeline.RatisPipelineProvider: Send pipeline:PipelineID=a4dfbff1-5d8c-46cb-9a62-536ca0c3c4f5 create command to datanode a84080f8-6632-49f5-aca4-5ca49aeeea5a
datanode_1  | 2019-11-15 09:33:01,314 INFO server.RaftServerConfigKeys: raft.server.log.preallocated.size = 16384 (custom)
datanode_2  | 2019-11-15 09:33:01,318 WARN impl.MetricRegistriesImpl: First MetricRegistry has been created without registering reporters. You may need to call MetricRegistries.global().addReportRegistration(...) before.
kdc_1       | Nov 15 09:32:39 kdc krb5kdc[9](info): AS_REQ (8 etypes {18 17 20 19 16 23 25 26}) 127.0.0.1: ISSUE: authtime 1573810359, etypes {rep=18 tkt=18 ses=18}, admin/admin@EXAMPLE.COM for kadmin/admin@EXAMPLE.COM
datanode_3  | 2019-11-15 09:33:01,314 INFO server.RaftServerConfigKeys: raft.server.log.queue.element-limit = 1024 (custom)
scm_1       | 2019-11-15 09:32:58,081 INFO pipeline.PipelineStateManager: Created pipeline Pipeline[ Id: a4dfbff1-5d8c-46cb-9a62-536ca0c3c4f5, Nodes: a84080f8-6632-49f5-aca4-5ca49aeeea5a{ip: 172.19.0.6, host: ozonesecure_datanode_2.ozonesecure_default, networkLocation: /default-rack, certSerialId: null}, Type:RATIS, Factor:ONE, State:ALLOCATED]
datanode_1  | 2019-11-15 09:33:01,315 INFO server.RaftServerConfigKeys: raft.server.log.write.buffer.size = 33554432 (custom)
datanode_2  | 2019-11-15 09:33:01,319 INFO impl.RaftServerImpl: a84080f8-6632-49f5-aca4-5ca49aeeea5a@group-4C90CC080860: start as a follower, conf=-1: [a84080f8-6632-49f5-aca4-5ca49aeeea5a:172.19.0.6:9858, a3efa8d5-6d26-4070-8d25-524d3e1ba695:172.19.0.9:9858, 6b8d5a1f-b0dd-473e-9968-e0d104f6ca81:172.19.0.8:9858], old=null
kdc_1       | Nov 15 09:32:39 kdc krb5kdc[9](info): AS_REQ (8 etypes {18 17 20 19 16 23 25 26}) 127.0.0.1: SERVER_NOT_FOUND: admin/admin@EXAMPLE.COM for kadmin/localhost@EXAMPLE.COM, Server not found in Kerberos database
datanode_3  | 2019-11-15 09:33:01,315 INFO server.RaftServerConfigKeys: raft.server.log.segment.size.max = 1048576 (custom)
scm_1       | 2019-11-15 09:32:58,081 INFO pipeline.RatisPipelineProvider: Send pipeline:PipelineID=e2acc2bd-d19a-408e-8b08-c873ce577367 create command to datanode 6b8d5a1f-b0dd-473e-9968-e0d104f6ca81
datanode_2  | 2019-11-15 09:33:01,319 INFO impl.RaftServerImpl: a84080f8-6632-49f5-aca4-5ca49aeeea5a@group-4C90CC080860: changes role from      null to FOLLOWER at term 0 for startAsFollower
kdc_1       | Nov 15 09:32:39 kdc krb5kdc[9](info): AS_REQ (8 etypes {18 17 20 19 16 23 25 26}) 127.0.0.1: ISSUE: authtime 1573810359, etypes {rep=18 tkt=18 ses=18}, admin/admin@EXAMPLE.COM for kadmin/admin@EXAMPLE.COM
datanode_1  | 2019-11-15 09:33:01,315 INFO server.RaftServerConfigKeys: raft.server.log.force.sync.num = 128 (default)
datanode_3  | 2019-11-15 09:33:01,315 INFO server.RaftServerConfigKeys: raft.server.log.preallocated.size = 16384 (custom)
scm_1       | 2019-11-15 09:32:58,082 INFO pipeline.PipelineStateManager: Created pipeline Pipeline[ Id: e2acc2bd-d19a-408e-8b08-c873ce577367, Nodes: 6b8d5a1f-b0dd-473e-9968-e0d104f6ca81{ip: 172.19.0.8, host: ozonesecure_datanode_3.ozonesecure_default, networkLocation: /default-rack, certSerialId: null}, Type:RATIS, Factor:ONE, State:ALLOCATED]
datanode_2  | 2019-11-15 09:33:01,319 INFO impl.RoleInfo: a84080f8-6632-49f5-aca4-5ca49aeeea5a: start FollowerState
kdc_1       | Nov 15 09:32:39 kdc krb5kdc[9](info): AS_REQ (8 etypes {18 17 20 19 16 23 25 26}) 127.0.0.1: SERVER_NOT_FOUND: admin/admin@EXAMPLE.COM for kadmin/localhost@EXAMPLE.COM, Server not found in Kerberos database
datanode_1  | 2019-11-15 09:33:01,315 INFO server.RaftServerConfigKeys: raft.server.log.statemachine.data.sync = true (default)
datanode_3  | 2019-11-15 09:33:01,315 INFO server.RaftServerConfigKeys: raft.server.log.write.buffer.size = 33554432 (custom)
scm_1       | 2019-11-15 09:32:58,083 INFO pipeline.RatisPipelineProvider: Send pipeline:PipelineID=6c99d6a1-0d1c-4cca-a0e2-4c90cc080860 create command to datanode a3efa8d5-6d26-4070-8d25-524d3e1ba695
datanode_2  | 2019-11-15 09:33:01,319 INFO util.JmxRegister: Successfully registered JMX Bean with object name Ratis:service=RaftServer,group=group-4C90CC080860,id=a84080f8-6632-49f5-aca4-5ca49aeeea5a
datanode_1  | 2019-11-15 09:33:01,315 INFO server.RaftServerConfigKeys: raft.server.log.statemachine.data.sync.timeout = 10s (default)
kdc_1       | Nov 15 09:32:39 kdc krb5kdc[9](info): AS_REQ (8 etypes {18 17 20 19 16 23 25 26}) 127.0.0.1: ISSUE: authtime 1573810359, etypes {rep=18 tkt=18 ses=18}, admin/admin@EXAMPLE.COM for kadmin/admin@EXAMPLE.COM
scm_1       | 2019-11-15 09:32:58,084 INFO pipeline.RatisPipelineProvider: Send pipeline:PipelineID=6c99d6a1-0d1c-4cca-a0e2-4c90cc080860 create command to datanode a84080f8-6632-49f5-aca4-5ca49aeeea5a
datanode_2  | 2019-11-15 09:33:01,320 WARN impl.MetricRegistriesImpl: First MetricRegistry has been created without registering reporters. You may need to call MetricRegistries.global().addReportRegistration(...) before.
datanode_1  | 2019-11-15 09:33:01,315 INFO server.RaftServerConfigKeys: raft.server.log.statemachine.data.sync.timeout.retry = -1 (default)
kdc_1       | Nov 15 09:32:39 kdc krb5kdc[9](info): AS_REQ (8 etypes {18 17 20 19 16 23 25 26}) 127.0.0.1: SERVER_NOT_FOUND: admin/admin@EXAMPLE.COM for kadmin/localhost@EXAMPLE.COM, Server not found in Kerberos database
datanode_3  | 2019-11-15 09:33:01,315 INFO server.RaftServerConfigKeys: raft.server.log.force.sync.num = 128 (default)
scm_1       | 2019-11-15 09:32:58,084 INFO pipeline.RatisPipelineProvider: Send pipeline:PipelineID=6c99d6a1-0d1c-4cca-a0e2-4c90cc080860 create command to datanode 6b8d5a1f-b0dd-473e-9968-e0d104f6ca81
datanode_2  | 2019-11-15 09:33:01,320 INFO commandhandler.CreatePipelineCommandHandler: Create Pipeline RATIS THREE #id: "6c99d6a1-0d1c-4cca-a0e2-4c90cc080860"
datanode_1  | 2019-11-15 09:33:01,315 INFO server.RaftServerConfigKeys: raft.server.log.statemachine.data.caching.enabled = true (custom)
kdc_1       | Nov 15 09:32:39 kdc krb5kdc[9](info): AS_REQ (8 etypes {18 17 20 19 16 23 25 26}) 127.0.0.1: ISSUE: authtime 1573810359, etypes {rep=18 tkt=18 ses=18}, admin/admin@EXAMPLE.COM for kadmin/admin@EXAMPLE.COM
datanode_3  | 2019-11-15 09:33:01,315 INFO server.RaftServerConfigKeys: raft.server.log.statemachine.data.sync = true (default)
scm_1       | 2019-11-15 09:32:58,084 INFO pipeline.PipelineStateManager: Created pipeline Pipeline[ Id: 6c99d6a1-0d1c-4cca-a0e2-4c90cc080860, Nodes: a3efa8d5-6d26-4070-8d25-524d3e1ba695{ip: 172.19.0.9, host: ozonesecure_datanode_1.ozonesecure_default, networkLocation: /default-rack, certSerialId: null}a84080f8-6632-49f5-aca4-5ca49aeeea5a{ip: 172.19.0.6, host: ozonesecure_datanode_2.ozonesecure_default, networkLocation: /default-rack, certSerialId: null}6b8d5a1f-b0dd-473e-9968-e0d104f6ca81{ip: 172.19.0.8, host: ozonesecure_datanode_3.ozonesecure_default, networkLocation: /default-rack, certSerialId: null}, Type:RATIS, Factor:THREE, State:ALLOCATED]
datanode_2  |  command succeed on datanode a84080f8-6632-49f5-aca4-5ca49aeeea5a.
datanode_1  | 2019-11-15 09:33:01,315 INFO segmented.SegmentedRaftLogWorker: a3efa8d5-6d26-4070-8d25-524d3e1ba695@group-4C90CC080860-SegmentedRaftLogWorker: flushIndex: setUnconditionally 0 -> -1
kdc_1       | Nov 15 09:32:40 kdc krb5kdc[9](info): AS_REQ (8 etypes {18 17 20 19 16 23 25 26}) 127.0.0.1: SERVER_NOT_FOUND: admin/admin@EXAMPLE.COM for kadmin/localhost@EXAMPLE.COM, Server not found in Kerberos database
scm_1       | 2019-11-15 09:33:01,297 INFO pipeline.PipelineReportHandler: Pipeline ONE PipelineID=a4dfbff1-5d8c-46cb-9a62-536ca0c3c4f5 reported by a84080f8-6632-49f5-aca4-5ca49aeeea5a{ip: 172.19.0.6, host: ozonesecure_datanode_2.ozonesecure_default, networkLocation: /default-rack, certSerialId: 14157163867759975}
datanode_3  | 2019-11-15 09:33:01,315 INFO server.RaftServerConfigKeys: raft.server.log.statemachine.data.sync.timeout = 10s (default)
datanode_2  | 2019-11-15 09:33:06,335 INFO impl.FollowerState: a84080f8-6632-49f5-aca4-5ca49aeeea5a@group-536CA0C3C4F5-FollowerState: change to CANDIDATE, lastRpcTime:5126ms, electionTimeout:5126ms
datanode_1  | 2019-11-15 09:33:01,316 INFO server.RaftServerConfigKeys: raft.server.snapshot.auto.trigger.enabled = true (custom)
kdc_1       | Nov 15 09:32:40 kdc krb5kdc[9](info): AS_REQ (8 etypes {18 17 20 19 16 23 25 26}) 127.0.0.1: ISSUE: authtime 1573810360, etypes {rep=18 tkt=18 ses=18}, admin/admin@EXAMPLE.COM for kadmin/admin@Nov 15 09:32:39 kdc kadmind[15](Notice): Request: kadm5_randkey_principal, dn/76d46bf9043c@EXAMPLE.COM, success, client=admin/admin@EXAMPLE.COM, service=kadmin/admin@EXAMPLE.COM, addr=127.0.0.1
scm_1       | 2019-11-15 09:33:01,297 INFO pipeline.PipelineStateManager: Pipeline Pipeline[ Id: a4dfbff1-5d8c-46cb-9a62-536ca0c3c4f5, Nodes: a84080f8-6632-49f5-aca4-5ca49aeeea5a{ip: 172.19.0.6, host: ozonesecure_datanode_2.ozonesecure_default, networkLocation: /default-rack, certSerialId: null}, Type:RATIS, Factor:ONE, State:ALLOCATED] moved to OPEN state
datanode_3  | 2019-11-15 09:33:01,316 INFO server.RaftServerConfigKeys: raft.server.log.statemachine.data.sync.timeout.retry = -1 (default)
datanode_2  | 2019-11-15 09:33:06,336 INFO impl.RoleInfo: a84080f8-6632-49f5-aca4-5ca49aeeea5a: shutdown FollowerState
datanode_1  | 2019-11-15 09:33:01,316 INFO server.RaftServerConfigKeys: raft.server.snapshot.auto.trigger.threshold = 10000 (custom)
kdc_1       | Nov 15 09:32:39 kdc kadmind[15](Notice): Request: kadm5_get_principal, dn/76d46bf9043c@EXAMPLE.COM, success, client=admin/admin@EXAMPLE.COM, service=kadmin/admin@EXAMPLE.COM, addr=127.0.0.1
scm_1       | 2019-11-15 09:33:01,300 INFO safemode.SCMSafeModeManager: SCM in safe mode. Healthy pipelines reported count is 0, required healthy pipeline reported count is 1
datanode_3  | 2019-11-15 09:33:01,316 INFO server.RaftServerConfigKeys: raft.server.log.statemachine.data.caching.enabled = true (custom)
datanode_2  | 2019-11-15 09:33:06,337 INFO impl.RaftServerImpl: a84080f8-6632-49f5-aca4-5ca49aeeea5a@group-536CA0C3C4F5: changes role from  FOLLOWER to CANDIDATE at term 0 for changeToCandidate
datanode_1  | 2019-11-15 09:33:01,316 INFO server.RaftServerConfigKeys: raft.server.snapshot.retention.file.num = 5 (custom)
kdc_1       | Nov 15 09:32:39 kdc kadmind[15](info): closing down fd 18
scm_1       | 2019-11-15 09:33:01,300 INFO pipeline.PipelineReportHandler: Pipeline ONE PipelineID=e2acc2bd-d19a-408e-8b08-c873ce577367 reported by 6b8d5a1f-b0dd-473e-9968-e0d104f6ca81{ip: 172.19.0.8, host: ozonesecure_datanode_3.ozonesecure_default, networkLocation: /default-rack, certSerialId: 14157163867760433}
datanode_3  | 2019-11-15 09:33:01,316 INFO segmented.SegmentedRaftLogWorker: 6b8d5a1f-b0dd-473e-9968-e0d104f6ca81@group-4C90CC080860-SegmentedRaftLogWorker: flushIndex: setUnconditionally 0 -> -1
datanode_1  | 2019-11-15 09:33:01,316 INFO server.RaftServerConfigKeys: raft.server.retrycache.expirytime = 600000ms (custom)
kdc_1       | Nov 15 09:32:39 kdc kadmind[15](Notice): Request: kadm5_init, admin/admin@EXAMPLE.COM, success, client=admin/admin@EXAMPLE.COM, service=kadmin/admin@EXAMPLE.COM, addr=127.0.0.1, vers=4, flavor=6
datanode_2  | 2019-11-15 09:33:06,341 INFO impl.RoleInfo: a84080f8-6632-49f5-aca4-5ca49aeeea5a: start LeaderElection
scm_1       | 2019-11-15 09:33:01,300 INFO safemode.SCMSafeModeManager: AtleastOneDatanodeReportedRule rule is successfully validated
datanode_3  | 2019-11-15 09:33:01,317 INFO server.RaftServerConfigKeys: raft.server.snapshot.auto.trigger.enabled = true (custom)
datanode_1  | 2019-11-15 09:33:01,316 WARN impl.MetricRegistriesImpl: First MetricRegistry has been created without registering reporters. You may need to call MetricRegistries.global().addReportRegistration(...) before.
kdc_1       | Nov 15 09:32:39 kdc kadmind[15](Notice): Request: kadm5_get_policy, default, Policy does not exist, client=admin/admin@EXAMPLE.COM, service=kadmin/admin@EXAMPLE.COM, addr=127.0.0.1
datanode_2  | 2019-11-15 09:33:06,357 INFO impl.LeaderElection: a84080f8-6632-49f5-aca4-5ca49aeeea5a@group-536CA0C3C4F5-LeaderElection1: begin an election at term 1 for -1: [a84080f8-6632-49f5-aca4-5ca49aeeea5a:172.19.0.6:9858], old=null
scm_1       | 2019-11-15 09:33:01,300 INFO pipeline.PipelineStateManager: Pipeline Pipeline[ Id: e2acc2bd-d19a-408e-8b08-c873ce577367, Nodes: 6b8d5a1f-b0dd-473e-9968-e0d104f6ca81{ip: 172.19.0.8, host: ozonesecure_datanode_3.ozonesecure_default, networkLocation: /default-rack, certSerialId: null}, Type:RATIS, Factor:ONE, State:ALLOCATED] moved to OPEN state
datanode_3  | 2019-11-15 09:33:01,317 INFO server.RaftServerConfigKeys: raft.server.snapshot.auto.trigger.threshold = 10000 (custom)
datanode_1  | 2019-11-15 09:33:01,316 WARN impl.MetricRegistriesImpl: First MetricRegistry has been created without registering reporters. You may need to call MetricRegistries.global().addReportRegistration(...) before.
kdc_1       | Nov 15 09:32:39 kdc kadmind[15](Notice): Request: kadm5_create_principal, dn/a8bbf6b2392b@EXAMPLE.COM, success, client=admin/admin@EXAMPLE.COM, service=kadmin/admin@EXAMPLE.COM, addr=127.0.0.1
datanode_2  | 2019-11-15 09:33:06,358 INFO impl.RoleInfo: a84080f8-6632-49f5-aca4-5ca49aeeea5a: shutdown LeaderElection
scm_1       | 2019-11-15 09:33:01,300 INFO safemode.SCMSafeModeManager: SCM in safe mode. Healthy pipelines reported count is 0, required healthy pipeline reported count is 1
datanode_3  | 2019-11-15 09:33:01,317 INFO server.RaftServerConfigKeys: raft.server.snapshot.retention.file.num = 5 (custom)
kdc_1       | Nov 15 09:32:EXAMPLE.COM
datanode_1  | 2019-11-15 09:33:01,317 INFO impl.RaftServerImpl: a3efa8d5-6d26-4070-8d25-524d3e1ba695@group-4C90CC080860: start as a follower, conf=-1: [a84080f8-6632-49f5-aca4-5ca49aeeea5a:172.19.0.6:9858, a3efa8d5-6d26-4070-8d25-524d3e1ba695:172.19.0.9:9858, 6b8d5a1f-b0dd-473e-9968-e0d104f6ca81:172.19.0.8:9858], old=null
datanode_2  | 2019-11-15 09:33:06,359 INFO impl.RaftServerImpl: a84080f8-6632-49f5-aca4-5ca49aeeea5a@group-536CA0C3C4F5: changes role from CANDIDATE to LEADER at term 1 for changeToLeader
scm_1       | 2019-11-15 09:33:01,300 INFO safemode.SCMSafeModeManager: AtleastOneDatanodeReportedRule rule is successfully validated
datanode_3  | 2019-11-15 09:33:01,317 INFO server.RaftServerConfigKeys: raft.server.retrycache.expirytime = 600000ms (custom)
kdc_1       | Nov 15 09:32:40 kdc krb5kdc[9](info): AS_REQ (8 etypes {18 17 20 19 16 23 25 26}) 127.0.0.1: SERVER_NOT_FOUND: admin/admin@EXAMPLE.COM for kadmin/localhost@EXAMPLE.COM, Server not found in Kerberos database
datanode_1  | 2019-11-15 09:33:01,317 INFO impl.RaftServerImpl: a3efa8d5-6d26-4070-8d25-524d3e1ba695@group-4C90CC080860: changes role from      null to FOLLOWER at term 0 for startAsFollower
scm_1       | 2019-11-15 09:33:01,305 INFO pipeline.PipelineReportHandler: Pipeline ONE PipelineID=422baca0-892c-4f39-8910-8bd35a131655 reported by a3efa8d5-6d26-4070-8d25-524d3e1ba695{ip: 172.19.0.9, host: ozonesecure_datanode_1.ozonesecure_default, networkLocation: /default-rack, certSerialId: 14157163900405718}
kdc_1       | Nov 15 09:32:40 kdc krb5kdc[9](info): AS_REQ (8 etypes {18 17 20 19 16 23 25 26}) 127.0.0.1: ISSUE: authtime 1573810360, etypes {rep=18 tkt=18 ses=18}, admin/admin@EXAMPLE.COM for kadmin/admin@EXAMPLE.COM
datanode_3  | 2019-11-15 09:33:01,317 WARN impl.MetricRegistriesImpl: First MetricRegistry has been created without registering reporters. You may need to call MetricRegistries.global().addReportRegistration(...) before.
datanode_2  | 2019-11-15 09:33:06,359 INFO ratis.XceiverServerRatis: Leader change notification received for group: group-536CA0C3C4F5 with new leaderId: a84080f8-6632-49f5-aca4-5ca49aeeea5a
datanode_1  | 2019-11-15 09:33:01,317 INFO impl.RoleInfo: a3efa8d5-6d26-4070-8d25-524d3e1ba695: start FollowerState
scm_1       | 2019-11-15 09:33:01,305 INFO pipeline.PipelineStateManager: Pipeline Pipeline[ Id: 422baca0-892c-4f39-8910-8bd35a131655, Nodes: a3efa8d5-6d26-4070-8d25-524d3e1ba695{ip: 172.19.0.9, host: ozonesecure_datanode_1.ozonesecure_default, networkLocation: /default-rack, certSerialId: null}, Type:RATIS, Factor:ONE, State:ALLOCATED] moved to OPEN state
kdc_1       | Nov 15 09:32:40 kdc krb5kdc[9](info): AS_REQ (8 etypes {18 17 20 19 16 23 25 26}) 127.0.0.1: SERVER_NOT_FOUND: admin/admin@EXAMPLE.COM for kadmin/localhost@EXAMPLE.COM, Server not found in Kerberos database
datanode_3  | 2019-11-15 09:33:01,318 WARN impl.MetricRegistriesImpl: First MetricRegistry has been created without registering reporters. You may need to call MetricRegistries.global().addReportRegistration(...) before.
datanode_1  | 2019-11-15 09:33:01,317 INFO util.JmxRegister: Successfully registered JMX Bean with object name Ratis:service=RaftServer,group=group-4C90CC080860,id=a3efa8d5-6d26-4070-8d25-524d3e1ba695
scm_1       | 2019-11-15 09:33:01,305 INFO safemode.SCMSafeModeManager: SCM in safe mode. Healthy pipelines reported count is 0, required healthy pipeline reported count is 1
kdc_1       | Nov 15 09:32:40 kdc krb5kdc[9](info): AS_REQ (8 etypes {18 17 20 19 16 23 25 26}) 127.0.0.1: ISSUE: authtime 1573810360, etypes {rep=18 tkt=18 ses=18}, admin/admin@EXAMPLE.COM for kadmin/admin@EXAMPLE.COM
datanode_2  | 2019-11-15 09:33:06,360 INFO impl.RaftServerImpl: a84080f8-6632-49f5-aca4-5ca49aeeea5a@group-536CA0C3C4F5: change Leader from null to a84080f8-6632-49f5-aca4-5ca49aeeea5a at term 1 for becomeLeader, leader elected after 5221ms
datanode_3  | 2019-11-15 09:33:01,318 INFO impl.RaftServerImpl: 6b8d5a1f-b0dd-473e-9968-e0d104f6ca81@group-4C90CC080860: start as a follower, conf=-1: [a84080f8-6632-49f5-aca4-5ca49aeeea5a:172.19.0.6:9858, a3efa8d5-6d26-4070-8d25-524d3e1ba695:172.19.0.9:9858, 6b8d5a1f-b0dd-473e-9968-e0d104f6ca81:172.19.0.8:9858], old=null
datanode_1  | 2019-11-15 09:33:01,317 WARN impl.MetricRegistriesImpl: First MetricRegistry has been created without registering reporters. You may need to call MetricRegistries.global().addReportRegistration(...) before.
scm_1       | 2019-11-15 09:33:01,305 INFO safemode.SCMSafeModeManager: AtleastOneDatanodeReportedRule rule is successfully validated
datanode_2  | 2019-11-15 09:33:06,366 INFO server.RaftServerConfigKeys: raft.server.staging.catchup.gap = 1000 (default)
datanode_3  | 2019-11-15 09:33:01,318 INFO impl.RaftServerImpl: 6b8d5a1f-b0dd-473e-9968-e0d104f6ca81@group-4C90CC080860: changes role from      null to FOLLOWER at term 0 for startAsFollower
kdc_1       | Nov 15 09:32:40 kdc krb5kdc[9](info): AS_REQ (8 etypes {18 17 20 19 16 23 25 26}) 127.0.0.1: SERVER_NOT_FOUND: admin/admin@EXAMPLE.COM for kadmin/localhost@EXAMPLE.COM, Server not found in39 kdc kadmind[15](info): closing down fd 18
datanode_1  | 2019-11-15 09:33:01,318 INFO commandhandler.CreatePipelineCommandHandler: Create Pipeline RATIS THREE #id: "6c99d6a1-0d1c-4cca-a0e2-4c90cc080860"
scm_1       | 2019-11-15 09:33:01,320 INFO pipeline.PipelineReportHandler: Pipeline THREE PipelineID=6c99d6a1-0d1c-4cca-a0e2-4c90cc080860 reported by a3efa8d5-6d26-4070-8d25-524d3e1ba695{ip: 172.19.0.9, host: ozonesecure_datanode_1.ozonesecure_default, networkLocation: /default-rack, certSerialId: 14157163900405718}
datanode_2  | 2019-11-15 09:33:06,366 INFO server.RaftServerConfigKeys: raft.server.rpc.sleep.time = 25ms (default)
datanode_3  | 2019-11-15 09:33:01,318 INFO impl.RoleInfo: 6b8d5a1f-b0dd-473e-9968-e0d104f6ca81: start FollowerState
kdc_1       | Nov 15 09:32:39 kdc kadmind[15](Notice): Request: kadm5_init, admin/admin@EXAMPLE.COM, success, client=admin/admin@EXAMPLE.COM, service=kadmin/admin@EXAMPLE.COM, addr=127.0.0.1, vers=4, flavor=6
scm_1       | 2019-11-15 09:33:01,321 INFO pipeline.PipelineReportHandler: Pipeline THREE PipelineID=6c99d6a1-0d1c-4cca-a0e2-4c90cc080860 reported by 6b8d5a1f-b0dd-473e-9968-e0d104f6ca81{ip: 172.19.0.8, host: ozonesecure_datanode_3.ozonesecure_default, networkLocation: /default-rack, certSerialId: 14157163867760433}
datanode_1  |  command succeed on datanode a3efa8d5-6d26-4070-8d25-524d3e1ba695.
datanode_2  | 2019-11-15 09:33:06,370 INFO server.RaftServerConfigKeys: raft.server.write.element-limit = 4096 (default)
datanode_3  | 2019-11-15 09:33:01,319 INFO util.JmxRegister: Successfully registered JMX Bean with object name Ratis:service=RaftServer,group=group-4C90CC080860,id=6b8d5a1f-b0dd-473e-9968-e0d104f6ca81
kdc_1       | Nov 15 09:32:39 kdc kadmind[15](Notice): Request: kadm5_randkey_principal, dn/a8bbf6b2392b@EXAMPLE.COM, success, client=admin/admin@EXAMPLE.COM, service=kadmin/admin@EXAMPLE.COM, addr=127.0.0.1
scm_1       | 2019-11-15 09:33:01,322 INFO pipeline.PipelineReportHandler: Pipeline THREE PipelineID=6c99d6a1-0d1c-4cca-a0e2-4c90cc080860 reported by a84080f8-6632-49f5-aca4-5ca49aeeea5a{ip: 172.19.0.6, host: ozonesecure_datanode_2.ozonesecure_default, networkLocation: /default-rack, certSerialId: 14157163867759975}
datanode_1  | 2019-11-15 09:33:06,276 INFO impl.FollowerState: a3efa8d5-6d26-4070-8d25-524d3e1ba695@group-8BD35A131655-FollowerState: change to CANDIDATE, lastRpcTime:5062ms, electionTimeout:5061ms
datanode_3  | 2019-11-15 09:33:01,319 WARN impl.MetricRegistriesImpl: First MetricRegistry has been created without registering reporters. You may need to call MetricRegistries.global().addReportRegistration(...) before.
kdc_1       | Nov 15 09:32:39 kdc kadmind[15](Notice): Request: kadm5_get_principal, dn/a8bbf6b2392b@EXAMPLE.COM, success, client=admin/admin@EXAMPLE.COM, service=kadmin/admin@EXAMPLE.COM, addr=127.0.0.1
datanode_2  | 2019-11-15 09:33:06,375 INFO server.RaftServerConfigKeys: raft.server.watch.timeout = 10s (default)
scm_1       | 2019-11-15 09:33:06,307 INFO pipeline.PipelineReportHandler: Pipeline THREE PipelineID=6c99d6a1-0d1c-4cca-a0e2-4c90cc080860 reported by a3efa8d5-6d26-4070-8d25-524d3e1ba695{ip: 172.19.0.9, host: ozonesecure_datanode_1.ozonesecure_default, networkLocation: /default-rack, certSerialId: 14157163900405718}
datanode_1  | 2019-11-15 09:33:06,277 INFO impl.RoleInfo: a3efa8d5-6d26-4070-8d25-524d3e1ba695: shutdown FollowerState
kdc_1       | Nov 15 09:32:39 kdc kadmind[15](info): closing down fd 18
datanode_3  | 2019-11-15 09:33:01,319 INFO commandhandler.CreatePipelineCommandHandler: Create Pipeline RATIS THREE #id: "6c99d6a1-0d1c-4cca-a0e2-4c90cc080860"
scm_1       | 2019-11-15 09:33:06,364 INFO pipeline.PipelineReportHandler: Pipeline THREE PipelineID=6c99d6a1-0d1c-4cca-a0e2-4c90cc080860 reported by a84080f8-6632-49f5-aca4-5ca49aeeea5a{ip: 172.19.0.6, host: ozonesecure_datanode_2.ozonesecure_default, networkLocation: /default-rack, certSerialId: 14157163867759975}
datanode_2  | 2019-11-15 09:33:06,376 INFO server.RaftServerConfigKeys: raft.server.watch.timeout.denomination = 1s (default)
datanode_1  | 2019-11-15 09:33:06,278 INFO impl.RaftServerImpl: a3efa8d5-6d26-4070-8d25-524d3e1ba695@group-8BD35A131655: changes role from  FOLLOWER to CANDIDATE at term 0 for changeToCandidate
kdc_1       | Nov 15 09:32:39 kdc kadmind[15](Notice): Request: kadm5_init, admin/admin@EXAMPLE.COM, success, client=admin/admin@EXAMPLE.COM, service=kadmin/admin@EXAMPLE.COM, addr=127.0.0.1, vers=4, flavor=6
datanode_3  |  command succeed on datanode 6b8d5a1f-b0dd-473e-9968-e0d104f6ca81.
scm_1       | 2019-11-15 09:33:06,399 INFO pipeline.PipelineReportHandler: Pipeline THREE PipelineID=6c99d6a1-0d1c-4cca-a0e2-4c90cc080860 reported by 6b8d5a1f-b0dd-473e-9968-e0d104f6ca81{ip: 172.19.0.8, host: ozonesecure_datanode_3.ozonesecure_default, networkLocation: /default-rack, certSerialId: 14157163867760433}
datanode_2  | 2019-11-15 09:33:06,377 INFO server.RaftServerConfigKeys: raft.server.watch.element-limit = 65536 (default)
datanode_1  | 2019-11-15 09:33:06,282 INFO impl.RoleInfo: a3efa8d5-6d26-4070-8d25-524d3e1ba695: start LeaderElection
kdc_1       | Nov 15 09:32:39 kdc kadmind[15](Notice): Request: kadm5_get_policy, default, Policy does not exist, client=admin/admin@EXAMPLE.COM, service=kadmin/ Kerberos database
datanode_3  | 2019-11-15 09:33:06,372 INFO impl.FollowerState: 6b8d5a1f-b0dd-473e-9968-e0d104f6ca81@group-C873CE577367-FollowerState: change to CANDIDATE, lastRpcTime:5165ms, electionTimeout:5165ms
scm_1       | 2019-11-15 09:33:11,983 INFO pipeline.PipelineReportHandler: Pipeline THREE PipelineID=6c99d6a1-0d1c-4cca-a0e2-4c90cc080860 reported by 6b8d5a1f-b0dd-473e-9968-e0d104f6ca81{ip: 172.19.0.8, host: ozonesecure_datanode_3.ozonesecure_default, networkLocation: /default-rack, certSerialId: 14157163867760433}
datanode_2  | 2019-11-15 09:33:06,385 INFO impl.RoleInfo: a84080f8-6632-49f5-aca4-5ca49aeeea5a: start LeaderState
datanode_1  | 2019-11-15 09:33:06,299 INFO impl.LeaderElection: a3efa8d5-6d26-4070-8d25-524d3e1ba695@group-8BD35A131655-LeaderElection1: begin an election at term 1 for -1: [a3efa8d5-6d26-4070-8d25-524d3e1ba695:172.19.0.9:9858], old=null
kdc_1       | Nov 15 09:32:40 kdc krb5kdc[9](info): AS_REQ (8 etypes {18 17 20 19 16 23 25 26}) 127.0.0.1: ISSUE: authtime 1573810360, etypes {rep=18 tkt=18 ses=18}, admin/admin@EXAMPLE.COM for kadmin/admin@EXAMPLE.COM
datanode_3  | 2019-11-15 09:33:06,373 INFO impl.RoleInfo: 6b8d5a1f-b0dd-473e-9968-e0d104f6ca81: shutdown FollowerState
datanode_2  | 2019-11-15 09:33:06,405 INFO segmented.SegmentedRaftLogWorker: a84080f8-6632-49f5-aca4-5ca49aeeea5a@group-536CA0C3C4F5-SegmentedRaftLogWorker: Starting segment from index:0
datanode_1  | 2019-11-15 09:33:06,301 INFO impl.RoleInfo: a3efa8d5-6d26-4070-8d25-524d3e1ba695: shutdown LeaderElection
kdc_1       | Nov 15 09:32:40 kdc krb5kdc[9](info): AS_REQ (8 etypes {18 17 20 19 16 23 25 26}) 127.0.0.1: SERVER_NOT_FOUND: admin/admin@EXAMPLE.COM for kadmin/localhost@EXAMPLE.COM, Server not found in Kerberos database
datanode_2  | 2019-11-15 09:33:06,424 INFO impl.RaftServerImpl: a84080f8-6632-49f5-aca4-5ca49aeeea5a@group-536CA0C3C4F5: set configuration 0: [a84080f8-6632-49f5-aca4-5ca49aeeea5a:172.19.0.6:9858], old=null at 0
datanode_3  | 2019-11-15 09:33:06,374 INFO impl.RaftServerImpl: 6b8d5a1f-b0dd-473e-9968-e0d104f6ca81@group-C873CE577367: changes role from  FOLLOWER to CANDIDATE at term 0 for changeToCandidate
scm_1       | 2019-11-15 09:33:11,983 INFO pipeline.PipelineStateManager: Pipeline Pipeline[ Id: 6c99d6a1-0d1c-4cca-a0e2-4c90cc080860, Nodes: a3efa8d5-6d26-4070-8d25-524d3e1ba695{ip: 172.19.0.9, host: ozonesecure_datanode_1.ozonesecure_default, networkLocation: /default-rack, certSerialId: null}a84080f8-6632-49f5-aca4-5ca49aeeea5a{ip: 172.19.0.6, host: ozonesecure_datanode_2.ozonesecure_default, networkLocation: /default-rack, certSerialId: null}6b8d5a1f-b0dd-473e-9968-e0d104f6ca81{ip: 172.19.0.8, host: ozonesecure_datanode_3.ozonesecure_default, networkLocation: /default-rack, certSerialId: null}, Type:RATIS, Factor:THREE, State:ALLOCATED] moved to OPEN state
datanode_1  | 2019-11-15 09:33:06,301 INFO impl.RaftServerImpl: a3efa8d5-6d26-4070-8d25-524d3e1ba695@group-8BD35A131655: changes role from CANDIDATE to LEADER at term 1 for changeToLeader
kdc_1       | Nov 15 09:32:40 kdc krb5kdc[9](info): AS_REQ (8 etypes {18 17 20 19 16 23 25 26}) 127.0.0.1: ISSUE: authtime 1573810360, etypes {rep=18 tkt=18 ses=18}, admin/admin@EXAMPLE.COM for kadmin/admin@EXAMPLE.COM
datanode_3  | 2019-11-15 09:33:06,377 INFO impl.RoleInfo: 6b8d5a1f-b0dd-473e-9968-e0d104f6ca81: start LeaderElection
datanode_2  | 2019-11-15 09:33:06,519 INFO impl.FollowerState: a84080f8-6632-49f5-aca4-5ca49aeeea5a@group-4C90CC080860-FollowerState: change to CANDIDATE, lastRpcTime:5200ms, electionTimeout:5200ms
scm_1       | 2019-11-15 09:33:11,983 INFO safemode.SCMSafeModeManager: AtleastOneDatanodeReportedRule rule is successfully validated
datanode_1  | 2019-11-15 09:33:06,301 INFO ratis.XceiverServerRatis: Leader change notification received for group: group-8BD35A131655 with new leaderId: a3efa8d5-6d26-4070-8d25-524d3e1ba695
kdc_1       | Nov 15 09:32:40 kdc krb5kdc[9](info): AS_REQ (8 etypes {18 17 20 19 16 23 25 26}) 127.0.0.1: SERVER_NOT_FOUND: admin/admin@EXAMPLE.COM for kadmin/localhost@EXAMPLE.COM, Server not found in Kerberos database
datanode_2  | 2019-11-15 09:33:06,520 INFO impl.RoleInfo: a84080f8-6632-49f5-aca4-5ca49aeeea5a: shutdown FollowerState
datanode_3  | 2019-11-15 09:33:06,384 INFO impl.FollowerState: 6b8d5a1f-b0dd-473e-9968-e0d104f6ca81@group-4C90CC080860-FollowerState: change to CANDIDATE, lastRpcTime:5065ms, electionTimeout:5065ms
scm_1       | 2019-11-15 09:33:11,983 INFO safemode.SCMSafeModeManager: SCM in safe mode. Healthy pipelines reported count is 1, required healthy pipeline reported count is 1
kdc_1       | Nov 15 09:32:40 kdc krb5kdc[9](info): AS_REQ (8 etypes {18 17 20 19 16 23 25 26}) 127.0.0.1: ISSUE: authtime 1573810360, etypes {rep=18 tkt=18 ses=18}, admin/admin@EXAMPLE.COM for kadmin/admin@EXAMPLE.COM
datanode_1  | 2019-11-15 09:33:06,303 INFO impl.RaftServerImpl: a3efa8d5-6d26-4070-8d25-524d3e1ba695@group-8BD35A131655: change Leader from null to a3efa8d5-6d26-4070-8d25-524d3e1ba695 at term 1 for becomeLeader, leader elected after 5171ms
datanode_2  | 2019-11-15 09:33:06,520 INFO impl.RaftServerImpl: a84080f8-6632-49f5-aca4-5ca49aeeea5a@group-4C90CC080860: changes role from  FOLLOWER to CANDIDATE at term 0 for changeToCandidate
datanode_3  | 2019-11-15 09:33:06,384 INFO impl.RoleInfo: 6b8d5a1f-b0dd-473e-9968-e0d104f6ca81: shutdown FollowerState
scm_1       | 2019-11-15 09:33:11,984 INFO safemode.SCMSafeModeManager: HealthyPipelineSafeModeRule rule is successfully validated
kdc_1       | Nov 15 09:32:40 kdc krb5kdc[9](info): AS_REQ (8 etypes {18 17 20 19 16 23 25 26}) 127.0.0.1: SERVER_NOT_FOUND: admin/admin@EXAMPLE.COM for kadmin/localhost@EXAMPLE.COM, Server not found in Kerberos database
datanode_1  | 2019-11-15 09:33:06,309 INFO server.RaftServerConfigKeys: raft.server.staging.catchup.gap = 1000 (default)
datanode_3  | 2019-11-15 09:33:06,384 INFO impl.RaftServerImpl: 6b8d5a1f-b0dd-473e-9968-e0d104f6ca81@group-4C90CC080860: changes role from  FOLLOWER to CANDIDATE at term 0 for changeToCandidate
scm_1       | 2019-11-15 09:33:11,985 INFO safemode.SCMSafeModeManager: ScmSafeModeManager, all rules are successfully validated
kdc_1       | Nov 15 09:32:40 kdc krb5kdc[9](info): AS_REQ (8 etypes {18 17 20 19 16 23 25 26}) 127.0.0.1: ISSUE: authtime 1573810360, etypes {rep=18 tkt=18 ses=18}, admin/admin@EXAMPLE.COM for kadmin/admin@EXAMPLE.COM
datanode_1  | 2019-11-15 09:33:06,309 INFO server.RaftServerConfigKeys: raft.server.rpc.sleep.time = 25ms (default)
datanode_2  | 2019-11-15 09:33:06,520 INFO impl.RoleInfo: a84080f8-6632-49f5-aca4-5ca49aeeea5a: start LeaderElection
scm_1       | 2019-11-15 09:33:11,985 INFO safemode.SCMSafeModeManager: SCM exiting safe mode.
kdc_1       | Nov 15 09:32:40 kdc krb5kdc[9](info): AS_REQ (8 etypes {18 17 20 19 16 23 25 26}) 127.0.0.1: SERVER_NOT_FOUND: admin/admin@EXAMPLE.COM for kadmin/localhost@EXAMPLE.COM, Server not found in Kerberos database
datanode_1  | 2019-11-15 09:33:06,313 INFO server.RaftServerConfigKeys: raft.server.write.element-limit = 4096 (default)
datanode_2  | 2019-11-15 09:33:06,533 INFO segmented.SegmentedRaftLogWorker: a84080f8-6632-49f5-aca4-5ca49aeeea5a@group-536CA0C3C4F5-SegmentedRaftLogWorker: created new log segment /data/metadata/ratis/a4dfbff1-5d8c-46cb-9a62-536ca0c3c4f5/current/log_inprogress_0
datanode_3  | 2019-11-15 09:33:06,385 INFO impl.RoleInfo: 6b8d5a1f-b0dd-473e-9968-e0d104f6ca81: start LeaderElection
scm_1       | 2019-11-15 09:33:36,329 INFO ipc.Server: Auth successful for dn/fdbfe6a847ba@EXAMPLE.COM (auth:KERBEROS)
kdc_1       | Nov 15 09:32:40 kdc krb5kdc[9](info): AS_REQ (8 etypes {18 17 20 19 16 23 25 26}) 127.0.0.1: ISSUE: authtime 1573810360, etypes {rep=18 tkt=18 ses=18}, admin/admin@EXAMPLE.COM for kadmin/admin@EXAMPLE.COM
datanode_1  | 2019-11-15 09:33:06,319 INFO server.RaftServerConfigKeys: raft.server.watch.timeout = 10s (default)
datanode_2  | 2019-11-15 09:33:06,534 INFO impl.LeaderElection: a84080f8-6632-49f5-aca4-5ca49aeeea5a@group-4C90CC080860-LeaderElection2: begin an election at term 1 for -1: [a84080f8-6632-49f5-aca4-5ca49aeeea5a:172.19.0.6:9858, a3efa8d5-6d26-4070-8d25-524d3e1ba695:172.19.0.9:9858, 6b8d5a1f-b0dd-473e-9968-e0d104f6ca81:172.19.0.8:9858], old=null
datanode_3  | 2019-11-15 09:33:06,392 INFO impl.LeaderElection: 6b8d5a1f-b0dd-473e-9968-e0d104f6ca81@group-C873CE577367-LeaderElection1: begin an election at term 1 for -1: [6b8d5a1f-b0dd-473e-9968-e0d104f6ca81:172.19.0.8:9858], old=null
scm_1       | 2019-11-15 09:33:36,334 INFO authorize.ServiceAuthorizationManager: Authorization successful for dn/fdbfe6a847ba@EXAMPLE.COM (auth:KERBEROS) for protocol=interface org.apache.hadoop.ozone.protocol.StorageContainerDatanodeProtocol
kdc_1       | Nov 15 09:32:40 kdc krb5kdc[9](info): AS_REQ (8 etypes {18 17 20 19 16 23 25 26}) 127.0.0.1: SERVER_NOT_FOUND: admin/admin@EXAMPLE.COM for kadmin/localhost@EXAMPLE.COM, Server admin@EXAMPLE.COM, addr=127.0.0.1
datanode_1  | 2019-11-15 09:33:06,319 INFO server.RaftServerConfigKeys: raft.server.watch.timeout.denomination = 1s (default)
datanode_2  | 2019-11-15 09:33:06,818 INFO impl.LeaderElection: a84080f8-6632-49f5-aca4-5ca49aeeea5a@group-4C90CC080860-LeaderElection2: Election REJECTED; received 2 response(s) [a84080f8-6632-49f5-aca4-5ca49aeeea5a<-a3efa8d5-6d26-4070-8d25-524d3e1ba695#0:FAIL-t1, a84080f8-6632-49f5-aca4-5ca49aeeea5a<-6b8d5a1f-b0dd-473e-9968-e0d104f6ca81#0:FAIL-t1] and 0 exception(s); a84080f8-6632-49f5-aca4-5ca49aeeea5a@group-4C90CC080860:t1, leader=null, voted=a84080f8-6632-49f5-aca4-5ca49aeeea5a, raftlog=a84080f8-6632-49f5-aca4-5ca49aeeea5a@group-4C90CC080860-SegmentedRaftLog:OPENED:c-1,f-1,i0, conf=-1: [a84080f8-6632-49f5-aca4-5ca49aeeea5a:172.19.0.6:9858, a3efa8d5-6d26-4070-8d25-524d3e1ba695:172.19.0.9:9858, 6b8d5a1f-b0dd-473e-9968-e0d104f6ca81:172.19.0.8:9858], old=null
datanode_3  | 2019-11-15 09:33:06,392 INFO impl.LeaderElection: 6b8d5a1f-b0dd-473e-9968-e0d104f6ca81@group-4C90CC080860-LeaderElection2: begin an election at term 1 for -1: [a84080f8-6632-49f5-aca4-5ca49aeeea5a:172.19.0.6:9858, a3efa8d5-6d26-4070-8d25-524d3e1ba695:172.19.0.9:9858, 6b8d5a1f-b0dd-473e-9968-e0d104f6ca81:172.19.0.8:9858], old=null
scm_1       | 2019-11-15 09:33:36,386 INFO ipc.Server: Auth successful for dn/76d46bf9043c@EXAMPLE.COM (auth:KERBEROS)
kdc_1       | Nov 15 09:32:39 kdc kadmind[15](Notice): Request: kadm5_create_principal, dn/3ec8929a822f@EXAMPLE.COM, success, client=admin/admin@EXAMPLE.COM, service=kadmin/admin@EXAMPLE.COM, addr=127.0.0.1
datanode_1  | 2019-11-15 09:33:06,320 INFO server.RaftServerConfigKeys: raft.server.watch.element-limit = 65536 (default)
datanode_2  | 2019-11-15 09:33:06,819 INFO impl.RaftServerImpl: a84080f8-6632-49f5-aca4-5ca49aeeea5a@group-4C90CC080860: changes role from CANDIDATE to FOLLOWER at term 1 for DISCOVERED_A_NEW_TERM
datanode_3  | 2019-11-15 09:33:06,394 INFO impl.RoleInfo: 6b8d5a1f-b0dd-473e-9968-e0d104f6ca81: shutdown LeaderElection
scm_1       | 2019-11-15 09:33:36,390 INFO authorize.ServiceAuthorizationManager: Authorization successful for dn/76d46bf9043c@EXAMPLE.COM (auth:KERBEROS) for protocol=interface org.apache.hadoop.ozone.protocol.StorageContainerDatanodeProtocol
kdc_1       | Nov 15 09:32:39 kdc kadmind[15](info): closing down fd 18
datanode_1  | 2019-11-15 09:33:06,329 INFO impl.RoleInfo: a3efa8d5-6d26-4070-8d25-524d3e1ba695: start LeaderState
datanode_2  | 2019-11-15 09:33:06,819 INFO impl.RoleInfo: a84080f8-6632-49f5-aca4-5ca49aeeea5a: shutdown LeaderElection
datanode_3  | 2019-11-15 09:33:06,394 INFO impl.RaftServerImpl: 6b8d5a1f-b0dd-473e-9968-e0d104f6ca81@group-C873CE577367: changes role from CANDIDATE to LEADER at term 1 for changeToLeader
scm_1       | 2019-11-15 09:33:42,006 INFO ipc.Server: Auth successful for dn/3ec8929a822f@EXAMPLE.COM (auth:KERBEROS)
kdc_1       | Nov 15 09:32:39 kdc kadmind[15](Notice): Request: kadm5_init, admin/admin@EXAMPLE.COM, success, client=admin/admin@EXAMPLE.COM, service=kadmin/admin@EXAMPLE.COM, addr=127.0.0.1, vers=4, flavor=6
datanode_1  | 2019-11-15 09:33:06,352 INFO segmented.SegmentedRaftLogWorker: a3efa8d5-6d26-4070-8d25-524d3e1ba695@group-8BD35A131655-SegmentedRaftLogWorker: Starting segment from index:0
datanode_2  | 2019-11-15 09:33:06,820 INFO impl.RoleInfo: a84080f8-6632-49f5-aca4-5ca49aeeea5a: start FollowerState
scm_1       | 2019-11-15 09:33:42,010 INFO authorize.ServiceAuthorizationManager: Authorization successful for dn/3ec8929a822f@EXAMPLE.COM (auth:KERBEROS) for protocol=interface org.apache.hadoop.ozone.protocol.StorageContainerDatanodeProtocol
kdc_1       | Nov 15 09:32:39 kdc kadmind[15](Notice): Request: kadm5_randkey_principal, dn/3ec8929a822f@EXAMPLE.COM, success, client=admin/admin@EXAMPLE.COM, service=kadmin/admin@EXAMPLE.COM, addr=127.0.0.1
datanode_1  | 2019-11-15 09:33:06,371 INFO impl.RaftServerImpl: a3efa8d5-6d26-4070-8d25-524d3e1ba695@group-8BD35A131655: set configuration 0: [a3efa8d5-6d26-4070-8d25-524d3e1ba695:172.19.0.9:9858], old=null at 0
datanode_2  | 2019-11-15 09:33:11,940 INFO impl.RaftServerImpl: a84080f8-6632-49f5-aca4-5ca49aeeea5a@group-4C90CC080860: changes role from  FOLLOWER to FOLLOWER at term 2 for recognizeCandidate:6b8d5a1f-b0dd-473e-9968-e0d104f6ca81
datanode_3  | 2019-11-15 09:33:06,394 INFO ratis.XceiverServerRatis: Leader change notification received for group: group-C873CE577367 with new leaderId: 6b8d5a1f-b0dd-473e-9968-e0d104f6ca81
scm_1       | 2019-11-15 09:34:06,328 INFO ipc.Server: Auth successful for dn/fdbfe6a847ba@EXAMPLE.COM (auth:KERBEROS)
kdc_1       | Nov 15 09:32:39 kdc kadmind[15](Notice): Request: kadm5_get_principal, dn/3ec8929a822f@EXAMPLE.COM, success, client=admin/admin@EXAMPLE.COM, service=kadmin/admin@EXAMPLE.COM, addr=127.0.0.1
datanode_1  | 2019-11-15 09:33:06,422 INFO impl.FollowerState: a3efa8d5-6d26-4070-8d25-524d3e1ba695@group-4C90CC080860-FollowerState: change to CANDIDATE, lastRpcTime:5105ms, electionTimeout:5105ms
datanode_2  | 2019-11-15 09:33:11,941 INFO impl.RoleInfo: a84080f8-6632-49f5-aca4-5ca49aeeea5a: shutdown FollowerState
datanode_3  | 2019-11-15 09:33:06,395 INFO impl.RaftServerImpl: 6b8d5a1f-b0dd-473e-9968-e0d104f6ca81@group-C873CE577367: change Leader from null to 6b8d5a1f-b0dd-473e-9968-e0d104f6ca81 at term 1 for becomeLeader, leader elected after 5257ms
scm_1       | 2019-11-15 09:34:06,332 INFO authorize.ServiceAuthorizationManager: Authorization successful for dn/fdbfe6a847ba@EXAMPLE.COM (auth:KERBEROS) for protocol=interface org.apache.hadoop.ozone.protocol.StorageContainerDatanodeProtocol
kdc_1       | Nov 15 09:32:39 kdc kadmind[15](info): closing down fd 18
datanode_1  | 2019-11-15 09:33:06,423 INFO impl.RoleInfo: a3efa8d5-6d26-4070-8d25-524d3e1ba695: shutdown FollowerState
datanode_2  | 2019-11-15 09:33:11,941 INFO impl.RoleInfo: a84080f8-6632-49f5-aca4-5ca49aeeea5a: start FollowerState
datanode_3  | 2019-11-15 09:33:06,401 INFO server.RaftServerConfigKeys: raft.server.staging.catchup.gap = 1000 (default)
scm_1       | 2019-11-15 09:34:06,386 INFO ipc.Server: Auth successful for dn/76d46bf9043c@EXAMPLE.COM (auth:KERBEROS)
kdc_1       | Nov 15 09:32:40 kdc kadmind[15](Notice): Request: kadm5_init, admin/admin@EXAMPLE.COM, success, clientnot found in Kerberos database
