datanode_1  | 2019-11-15 08:59:39,452 INFO impl.LeaderElection: ba7afce0-c739-4de0-aef4-14f86e042cc8@group-6DBBE0072802-LeaderElection2: Election PASSED; received 2 response(s) [ba7afce0-c739-4de0-aef4-14f86e042cc8<-202e4854-3445-4806-afbf-ca2f9c49f866#0:OK-t1, ba7afce0-c739-4de0-aef4-14f86e042cc8<-93b5925d-726c-431f-a49f-1088865f142e#0:FAIL-t1] and 0 exception(s); ba7afce0-c739-4de0-aef4-14f86e042cc8@group-6DBBE0072802:t1, leader=null, voted=ba7afce0-c739-4de0-aef4-14f86e042cc8, raftlog=ba7afce0-c739-4de0-aef4-14f86e042cc8@group-6DBBE0072802-SegmentedRaftLog:OPENED:c-1,f-1,i0, conf=-1: [202e4854-3445-4806-afbf-ca2f9c49f866:172.18.0.7:9858, 93b5925d-726c-431f-a49f-1088865f142e:172.18.0.5:9858, ba7afce0-c739-4de0-aef4-14f86e042cc8:172.18.0.6:9858], old=null
datanode_2  | 2019-11-15 08:59:39,529 INFO impl.RaftServerImpl: 93b5925d-726c-431f-a49f-1088865f142e@group-6DBBE0072802: change Leader from null to ba7afce0-c739-4de0-aef4-14f86e042cc8 at term 1 for appendEntries, leader elected after 5693ms
rm_1        | 2019-11-15 09:00:46 INFO  CapacityScheduler:2641 - Application 'application_1573808367118_0001' is submitted without priority hence considering default queue/cluster priority: 0
nm_1        | 2019-11-15 09:01:08 INFO  ContainerScheduler:541 - Starting container [container_1573808367118_0001_01_000003]
datanode_1  | 2019-11-15 08:59:39,453 INFO impl.RoleInfo: ba7afce0-c739-4de0-aef4-14f86e042cc8: shutdown LeaderElection
datanode_2  | 2019-11-15 08:59:39,551 INFO impl.RaftServerImpl: 93b5925d-726c-431f-a49f-1088865f142e@group-6DBBE0072802: set configuration 0: [202e4854-3445-4806-afbf-ca2f9c49f866:172.18.0.7:9858, 93b5925d-726c-431f-a49f-1088865f142e:172.18.0.5:9858, ba7afce0-c739-4de0-aef4-14f86e042cc8:172.18.0.6:9858], old=null at 0
rm_1        | 2019-11-15 09:00:46 INFO  CapacityScheduler:2662 - Priority '0' is acceptable in queue : default for application: application_1573808367118_0001
nm_1        | 2019-11-15 09:01:08 INFO  ContainerImpl:2112 - Container container_1573808367118_0001_01_000003 transitioned from SCHEDULED to RUNNING
datanode_1  | 2019-11-15 08:59:39,454 INFO impl.RaftServerImpl: ba7afce0-c739-4de0-aef4-14f86e042cc8@group-6DBBE0072802: changes role from CANDIDATE to LEADER at term 1 for changeToLeader
datanode_2  | 2019-11-15 08:59:39,551 INFO segmented.SegmentedRaftLogWorker: 93b5925d-726c-431f-a49f-1088865f142e@group-6DBBE0072802-SegmentedRaftLogWorker: Starting segment from index:0
rm_1        | 2019-11-15 09:00:46 INFO  ClientRMService:662 - Application with id 1 submitted by user hadoop
datanode_1  | 2019-11-15 08:59:39,454 INFO ratis.XceiverServerRatis: Leader change notification received for group: group-6DBBE0072802 with new leaderId: ba7afce0-c739-4de0-aef4-14f86e042cc8
datanode_2  | 2019-11-15 08:59:39,591 INFO segmented.SegmentedRaftLogWorker: 93b5925d-726c-431f-a49f-1088865f142e@group-6DBBE0072802-SegmentedRaftLogWorker: created new log segment /data/metadata/ratis/9470b1f5-2417-4e73-a2cc-6dbbe0072802/current/log_inprogress_0
rm_1        | 2019-11-15 09:00:46 INFO  RMAppImpl:1291 - Storing application with id application_1573808367118_0001
nm_1        | 2019-11-15 09:01:08 INFO  ContainersMonitorImpl:1013 - Starting resource-monitoring for container_1573808367118_0001_01_000003
datanode_1  | 2019-11-15 08:59:39,454 INFO impl.RaftServerImpl: ba7afce0-c739-4de0-aef4-14f86e042cc8@group-6DBBE0072802: change Leader from null to ba7afce0-c739-4de0-aef4-14f86e042cc8 at term 1 for becomeLeader, leader elected after 5469ms
rm_1        | 2019-11-15 09:00:46 INFO  RMAuditLogger:270 - USER=hadoop	IP=172.18.0.4	OPERATION=Submit Application Request	TARGET=ClientRMService	RESULT=SUCCESS	APPID=application_1573808367118_0001	CALLERCONTEXT=CLI
nm_1        | 2019-11-15 09:01:08 INFO  DefaultContainerExecutor:370 - launchContainer: [bash, /tmp/hadoop-hadoop/nm-local-dir/usercache/hadoop/appcache/application_1573808367118_0001/container_1573808367118_0001_01_000003/default_container_executor.sh]
datanode_1  | 2019-11-15 08:59:39,454 INFO server.RaftServerConfigKeys: raft.server.staging.catchup.gap = 1000 (default)
rm_1        | 2019-11-15 09:00:46 INFO  RMStateStore:223 - Storing info for app: application_1573808367118_0001
nm_1        | 2019-11-15 09:01:08 INFO  NodeStatusUpdaterImpl:707 - Removed completed containers from NM context: [container_1573808367118_0001_01_000002]
datanode_1  | 2019-11-15 08:59:39,454 INFO server.RaftServerConfigKeys: raft.server.rpc.sleep.time = 25ms (default)
rm_1        | 2019-11-15 09:00:46 INFO  RMAppImpl:928 - application_1573808367118_0001 State change from NEW to NEW_SAVING on event = START
nm_1        | 2019-11-15 09:01:11 INFO  ContainersMonitorImpl:615 - container_1573808367118_0001_01_000003's ip = 172.18.0.2, and hostname = nm
datanode_1  | 2019-11-15 08:59:39,454 INFO server.RaftServerConfigKeys: raft.server.write.element-limit = 4096 (default)
rm_1        | 2019-11-15 09:00:46 INFO  RMAppImpl:928 - application_1573808367118_0001 State change from NEW_SAVING to SUBMITTED on event = APP_NEW_SAVED
nm_1        | 2019-11-15 09:01:13 INFO  ContainerLaunch:595 - Container container_1573808367118_0001_01_000003 succeeded 
datanode_1  | 2019-11-15 08:59:39,454 INFO server.RaftServerConfigKeys: raft.server.watch.timeout = 10s (default)
rm_1        | 2019-11-15 09:00:46 INFO  ParentQueue:494 - Application added - appId: application_1573808367118_0001 user: hadoop leaf-queue of parent: root #applications: 1
nm_1        | 2019-11-15 09:01:13 INFO  ContainerImpl:2112 - Container container_1573808367118_0001_01_000003 transitioned from RUNNING to EXITED_WITH_SUCCESS
datanode_1  | 2019-11-15 08:59:39,455 INFO server.RaftServerConfigKeys: raft.server.watch.timeout.denomination = 1s (default)
rm_1        | 2019-11-15 09:00:46 INFO  CapacityScheduler:1006 - Accepted application application_1573808367118_0001 from user: hadoop, in queue: default
nm_1        | 2019-11-15 09:01:13 INFO  ContainerCleanup:87 - Cleaning up container container_1573808367118_0001_01_000003
datanode_1  | 2019-11-15 08:59:39,455 INFO server.RaftServerConfigKeys: raft.server.watch.element-limit = 65536 (default)
rm_1        | 2019-11-15 09:00:47 INFO  RMAppImpl:928 - application_1573808367118_0001 State change from SUBMITTED to ACCEPTED on event = APP_ACCEPTED
datanode_1  | 2019-11-15 08:59:39,458 INFO server.RaftServerConfigKeys: raft.server.log.appender.snapshot.chunk.size.max = 16MB (=16777216) (default)
nm_1        | 2019-11-15 09:01:13 INFO  NMAuditLogger:94 - USER=hadoop	OPERATION=Container Finished - Succeeded	TARGET=ContainerImpl	RESULT=SUCCESS	APPID=application_1573808367118_0001	CONTAINERID=container_1573808367118_0001_01_000003
rm_1        | 2019-11-15 09:00:47 INFO  ApplicationMasterService:471 - Registering app attempt : appattempt_1573808367118_0001_000001
datanode_1  | 2019-11-15 08:59:39,458 INFO server.RaftServerConfigKeys: raft.server.log.appender.buffer.byte-limit = 33554432 (custom)
nm_1        | 2019-11-15 09:01:13 INFO  ContainerImpl:2112 - Container container_1573808367118_0001_01_000003 transitioned from EXITED_WITH_SUCCESS to DONE
rm_1        | 2019-11-15 09:00:47 INFO  RMAppAttemptImpl:925 - appattempt_1573808367118_0001_000001 State change from NEW to SUBMITTED on event = START
datanode_1  | 2019-11-15 08:59:39,459 INFO server.RaftServerConfigKeys: raft.server.log.appender.buffer.element-limit = 1 (custom)
nm_1        | 2019-11-15 09:01:13 INFO  ApplicationImpl:512 - Removing container_1573808367118_0001_01_000003 from application application_1573808367118_0001
rm_1        | 2019-11-15 09:00:47 WARN  LeafQueue:842 - maximum-am-resource-percent is insufficient to start a single application in queue, it is likely set too low. skipping enforcement to allow at least one application to start
datanode_1  | 2019-11-15 08:59:39,463 INFO grpc.GrpcConfigKeys$Server: raft.grpc.server.leader.outstanding.appends.max = 128 (default)
nm_1        | 2019-11-15 09:01:13 INFO  ContainersMonitorImpl:1004 - Stopping resource-monitoring for container_1573808367118_0001_01_000003
rm_1        | 2019-11-15 09:00:47 WARN  LeafQueue:878 - maximum-am-resource-percent is insufficient to start a single application in queue for user, it is likely set too low. skipping enforcement to allow at least one application to start
datanode_1  | 2019-11-15 08:59:39,463 INFO server.RaftServerConfigKeys: raft.server.rpc.request.timeout = 3000ms (default)
nm_1        | 2019-11-15 09:01:13 INFO  AuxServices:350 - Got event CONTAINER_STOP for appId application_1573808367118_0001
rm_1        | 2019-11-15 09:00:47 INFO  LeafQueue:907 - Application application_1573808367118_0001 from user: hadoop activated in queue: default
datanode_1  | 2019-11-15 08:59:39,463 INFO server.RaftServerConfigKeys: raft.server.log.appender.install.snapshot.enabled = false (custom)
nm_1        | 2019-11-15 09:01:13 INFO  DefaultContainerExecutor:634 - Deleting absolute path : /tmp/hadoop-hadoop/nm-local-dir/usercache/hadoop/appcache/application_1573808367118_0001/container_1573808367118_0001_01_000003/launch_container.sh
datanode_1  | 2019-11-15 08:59:39,465 WARN impl.MetricRegistriesImpl: First MetricRegistry has been created without registering reporters. You may need to call MetricRegistries.global().addReportRegistration(...) before.
nm_1        | 2019-11-15 09:01:13 INFO  DefaultContainerExecutor:634 - Deleting absolute path : /tmp/hadoop-hadoop/nm-local-dir/usercache/hadoop/appcache/application_1573808367118_0001/container_1573808367118_0001_01_000003/container_tokens
rm_1        | 2019-11-15 09:00:47 INFO  LeafQueue:937 - Application added - appId: application_1573808367118_0001 user: hadoop, leaf-queue: default #user-pending-applications: 0 #user-active-applications: 1 #queue-pending-applications: 0 #queue-active-applications: 1
datanode_1  | 2019-11-15 08:59:39,466 INFO server.RaftServerConfigKeys: raft.server.log.appender.snapshot.chunk.size.max = 16MB (=16777216) (default)
nm_1        | 2019-11-15 09:01:14 INFO  Server:1849 - Auth successful for appattempt_1573808367118_0001_000001 (auth:SIMPLE)
rm_1        | 2019-11-15 09:00:47 INFO  CapacityScheduler:1052 - Added Application Attempt appattempt_1573808367118_0001_000001 to scheduler from user hadoop in queue default
datanode_1  | 2019-11-15 08:59:39,466 INFO server.RaftServerConfigKeys: raft.server.log.appender.buffer.byte-limit = 33554432 (custom)
rm_1        | 2019-11-15 09:00:47 INFO  RMAppAttemptImpl:925 - appattempt_1573808367118_0001_000001 State change from SUBMITTED to SCHEDULED on event = ATTEMPT_ADDED
nm_1        | 2019-11-15 09:01:14 INFO  ContainerManagerImpl:1070 - Start request for container_1573808367118_0001_01_000004 by user hadoop
datanode_1  | 2019-11-15 08:59:39,466 INFO server.RaftServerConfigKeys: raft.server.log.appender.buffer.element-limit = 1 (custom)
rm_1        | 2019-11-15 09:00:47 INFO  AbstractContainerAllocator:129 - assignedContainer application attempt=appattempt_1573808367118_0001_000001 container=null queue=default clusterResource=<memory:8192, vCores:8> type=OFF_SWITCH requestedPartition=
datanode_1  | 2019-11-15 08:59:39,467 INFO grpc.GrpcConfigKeys$Server: raft.grpc.server.leader.outstanding.appends.max = 128 (default)
rm_1        | 2019-11-15 09:00:47 INFO  RMContainerImpl:480 - container_1573808367118_0001_01_000001 Container Transitioned from NEW to ALLOCATED
nm_1        | 2019-11-15 09:01:14 INFO  NMAuditLogger:94 - USER=hadoop	IP=172.18.0.2	OPERATION=Start Container Request	TARGET=ContainerManageImpl	RESULT=SUCCESS	APPID=application_1573808367118_0001	CONTAINERID=container_1573808367118_0001_01_000004
datanode_1  | 2019-11-15 08:59:39,467 INFO server.RaftServerConfigKeys: raft.server.rpc.request.timeout = 3000ms (default)
nm_1        | 2019-11-15 09:01:14 INFO  ApplicationImpl:463 - Adding container_1573808367118_0001_01_000004 to application application_1573808367118_0001
datanode_1  | 2019-11-15 08:59:39,467 INFO server.RaftServerConfigKeys: raft.server.log.appender.install.snapshot.enabled = false (custom)
rm_1        | 2019-11-15 09:00:47 INFO  FiCaSchedulerNode:169 - Assigned container container_1573808367118_0001_01_000001 of capacity <memory:2048, vCores:1> on host nm:34533, which has 1 containers, <memory:2048, vCores:1> used and <memory:6144, vCores:7> available after allocation
nm_1        | 2019-11-15 09:01:14 INFO  ContainerImpl:2112 - Container container_1573808367118_0001_01_000004 transitioned from NEW to LOCALIZING
datanode_1  | 2019-11-15 08:59:39,470 INFO impl.RoleInfo: ba7afce0-c739-4de0-aef4-14f86e042cc8: start LeaderState
nm_1        | 2019-11-15 09:01:14 INFO  AuxServices:350 - Got event CONTAINER_INIT for appId application_1573808367118_0001
datanode_1  | 2019-11-15 08:59:39,471 INFO segmented.SegmentedRaftLogWorker: ba7afce0-c739-4de0-aef4-14f86e042cc8@group-6DBBE0072802-SegmentedRaftLogWorker: Starting segment from index:0
rm_1        | 2019-11-15 09:00:47 INFO  RMAuditLogger:200 - USER=hadoop	OPERATION=AM Allocated Container	TARGET=SchedulerApp	RESULT=SUCCESS	APPID=application_1573808367118_0001	CONTAINERID=container_1573808367118_0001_01_000001	RESOURCE=<memory:2048, vCores:1>
nm_1        | 2019-11-15 09:01:14 INFO  AuxServices:350 - Got event APPLICATION_INIT for appId application_1573808367118_0001
datanode_1  | 2019-11-15 08:59:39,472 INFO impl.RaftServerImpl: ba7afce0-c739-4de0-aef4-14f86e042cc8@group-6DBBE0072802: set configuration 0: [202e4854-3445-4806-afbf-ca2f9c49f866:172.18.0.7:9858, 93b5925d-726c-431f-a49f-1088865f142e:172.18.0.5:9858, ba7afce0-c739-4de0-aef4-14f86e042cc8:172.18.0.6:9858], old=null at 0
rm_1        | 2019-11-15 09:00:48 INFO  NMTokenSecretManagerInRM:200 - Sending NMToken for nodeId : nm:34533 for container : container_1573808367118_0001_01_000001
datanode_1  | 2019-11-15 08:59:39,518 INFO segmented.SegmentedRaftLogWorker: ba7afce0-c739-4de0-aef4-14f86e042cc8@group-6DBBE0072802-SegmentedRaftLogWorker: created new log segment /data/metadata/ratis/9470b1f5-2417-4e73-a2cc-6dbbe0072802/current/log_inprogress_0
nm_1        | 2019-11-15 09:01:14 INFO  AuxServices:354 - Got APPLICATION_INIT for service mapreduce_shuffle
rm_1        | 2019-11-15 09:00:48 INFO  RMContainerImpl:480 - container_1573808367118_0001_01_000001 Container Transitioned from ALLOCATED to ACQUIRED
nm_1        | 2019-11-15 09:01:14 INFO  ShuffleHandler:719 - Added token for job_1573808367118_0001
datanode_1  | 2019-11-15 09:00:23,424 WARN client.GrpcClientProtocolService: 0-OrderedRequestStreamObserver0: onError: org.apache.ratis.thirdparty.io.grpc.StatusRuntimeException: CANCELLED: cancelled before receiving half close
rm_1        | 2019-11-15 09:00:48 INFO  NMTokenSecretManagerInRM:146 - Clear node set for appattempt_1573808367118_0001_000001
nm_1        | 2019-11-15 09:01:14 INFO  ContainerImpl:2112 - Container container_1573808367118_0001_01_000004 transitioned from LOCALIZING to SCHEDULED
rm_1        | 2019-11-15 09:00:48 INFO  ParentQueue:1336 - assignedContainer queue=root usedCapacity=0.25 absoluteUsedCapacity=0.25 used=<memory:2048, vCores:1> cluster=<memory:8192, vCores:8>
nm_1        | 2019-11-15 09:01:14 INFO  ContainerScheduler:541 - Starting container [container_1573808367118_0001_01_000004]
rm_1        | 2019-11-15 09:00:48 INFO  RMAppAttemptImpl:2215 - Storing attempt: AppId: application_1573808367118_0001 AttemptId: appattempt_1573808367118_0001_000001 MasterContainer: Container: [ContainerId: container_1573808367118_0001_01_000001, AllocationRequestId: -1, Version: 0, NodeId: nm:34533, NodeHttpAddress: nm:8042, Resource: <memory:2048, vCores:1>, Priority: 0, Token: Token { kind: ContainerToken, service: 172.18.0.2:34533 }, ExecutionType: GUARANTEED, ]
nm_1        | 2019-11-15 09:01:14 INFO  ContainerImpl:2112 - Container container_1573808367118_0001_01_000004 transitioned from SCHEDULED to RUNNING
rm_1        | 2019-11-15 09:00:48 INFO  CapacityScheduler:3005 - Allocation proposal accepted
nm_1        | 2019-11-15 09:01:14 INFO  ContainersMonitorImpl:1013 - Starting resource-monitoring for container_1573808367118_0001_01_000004
rm_1        | 2019-11-15 09:00:48 INFO  RMAppAttemptImpl:925 - appattempt_1573808367118_0001_000001 State change from SCHEDULED to ALLOCATED_SAVING on event = CONTAINER_ALLOCATED
nm_1        | 2019-11-15 09:01:14 INFO  DefaultContainerExecutor:370 - launchContainer: [bash, /tmp/hadoop-hadoop/nm-local-dir/usercache/hadoop/appcache/application_1573808367118_0001/container_1573808367118_0001_01_000004/default_container_executor.sh]
rm_1        | 2019-11-15 09:00:48 INFO  RMAppAttemptImpl:925 - appattempt_1573808367118_0001_000001 State change from ALLOCATED_SAVING to ALLOCATED on event = ATTEMPT_NEW_SAVED
nm_1        | 2019-11-15 09:01:15 INFO  NodeStatusUpdaterImpl:707 - Removed completed containers from NM context: [container_1573808367118_0001_01_000003]
rm_1        | 2019-11-15 09:00:48 INFO  AMLauncher:307 - Launching masterappattempt_1573808367118_0001_000001
nm_1        | 2019-11-15 09:01:17 INFO  ContainersMonitorImpl:615 - container_1573808367118_0001_01_000004's ip = 172.18.0.2, and hostname = nm
rm_1        | 2019-11-15 09:00:48 INFO  AMLauncher:109 - Setting up container Container: [ContainerId: container_1573808367118_0001_01_000001, AllocationRequestId: -1, Version: 0, NodeId: nm:34533, NodeHttpAddress: nm:8042, Resource: <memory:2048, vCores:1>, Priority: 0, Token: Token { kind: ContainerToken, service: 172.18.0.2:34533 }, ExecutionType: GUARANTEED, ] for AM appattempt_1573808367118_0001_000001
nm_1        | 2019-11-15 09:01:19 INFO  ContainerLaunch:595 - Container container_1573808367118_0001_01_000004 succeeded 
rm_1        | 2019-11-15 09:00:48 INFO  AMRMTokenSecretManager:195 - Create AMRMToken for ApplicationAttempt: appattempt_1573808367118_0001_000001
nm_1        | 2019-11-15 09:01:19 INFO  ContainerImpl:2112 - Container container_1573808367118_0001_01_000004 transitioned from RUNNING to EXITED_WITH_SUCCESS
rm_1        | 2019-11-15 09:00:48 INFO  AMRMTokenSecretManager:307 - Creating password for appattempt_1573808367118_0001_000001
nm_1        | 2019-11-15 09:01:19 INFO  ContainerCleanup:87 - Cleaning up container container_1573808367118_0001_01_000004
rm_1        | 2019-11-15 09:00:48 INFO  AMLauncher:130 - Done launching container Container: [ContainerId: container_1573808367118_0001_01_000001, AllocationRequestId: -1, Version: 0, NodeId: nm:34533, NodeHttpAddress: nm:8042, Resource: <memory:2048, vCores:1>, Priority: 0, Token: Token { kind: ContainerToken, service: 172.18.0.2:34533 }, ExecutionType: GUARANTEED, ] for AM appattempt_1573808367118_0001_000001
rm_1        | 2019-11-15 09:00:48 INFO  RMAppAttemptImpl:925 - appattempt_1573808367118_0001_000001 State change from ALLOCATED to LAUNCHED on event = LAUNCHED
nm_1        | 2019-11-15 09:01:19 INFO  NMAuditLogger:94 - USER=hadoop	OPERATION=Container Finished - Succeeded	TARGET=ContainerImpl	RESULT=SUCCESS	APPID=application_1573808367118_0001	CONTAINERID=container_1573808367118_0001_01_000004
rm_1        | 2019-11-15 09:00:48 INFO  RMAppImpl:1066 - update the launch time for applicationId: application_1573808367118_0001, attemptId: appattempt_1573808367118_0001_000001launchTime: 1573808448759
nm_1        | 2019-11-15 09:01:19 INFO  ContainerImpl:2112 - Container container_1573808367118_0001_01_000004 transitioned from EXITED_WITH_SUCCESS to DONE
rm_1        | 2019-11-15 09:00:48 INFO  RMContainerImpl:480 - container_1573808367118_0001_01_000001 Container Transitioned from ACQUIRED to RUNNING
nm_1        | 2019-11-15 09:01:19 INFO  ApplicationImpl:512 - Removing container_1573808367118_0001_01_000004 from application application_1573808367118_0001
rm_1        | 2019-11-15 09:00:58 INFO  Server:1849 - Auth successful for appattempt_1573808367118_0001_000001 (auth:SIMPLE)
rm_1        | 2019-11-15 09:00:58 INFO  DefaultAMSProcessor:135 - AM registration appattempt_1573808367118_0001_000001
rm_1        | 2019-11-15 09:00:58 INFO  RMAuditLogger:262 - USER=hadoop	IP=172.18.0.2	OPERATION=Register App Master	TARGET=ApplicationMasterService	RESULT=SUCCESS	APPID=application_1573808367118_0001	APPATTEMPTID=appattempt_1573808367118_0001_000001
nm_1        | 2019-11-15 09:01:19 INFO  ContainersMonitorImpl:1004 - Stopping resource-monitoring for container_1573808367118_0001_01_000004
rm_1        | 2019-11-15 09:00:58 INFO  RMAppAttemptImpl:925 - appattempt_1573808367118_0001_000001 State change from LAUNCHED to RUNNING on event = REGISTERED
nm_1        | 2019-11-15 09:01:19 INFO  AuxServices:350 - Got event CONTAINER_STOP for appId application_1573808367118_0001
rm_1        | 2019-11-15 09:00:58 INFO  RMAppImpl:928 - application_1573808367118_0001 State change from ACCEPTED to RUNNING on event = ATTEMPT_REGISTERED
nm_1        | 2019-11-15 09:01:19 INFO  DefaultContainerExecutor:634 - Deleting absolute path : /tmp/hadoop-hadoop/nm-local-dir/usercache/hadoop/appcache/application_1573808367118_0001/container_1573808367118_0001_01_000004/launch_container.sh
rm_1        | 2019-11-15 09:01:01 INFO  AbstractContainerAllocator:129 - assignedContainer application attempt=appattempt_1573808367118_0001_000001 container=null queue=default clusterResource=<memory:8192, vCores:8> type=RACK_LOCAL requestedPartition=
nm_1        | 2019-11-15 09:01:19 INFO  DefaultContainerExecutor:634 - Deleting absolute path : /tmp/hadoop-hadoop/nm-local-dir/usercache/hadoop/appcache/application_1573808367118_0001/container_1573808367118_0001_01_000004/container_tokens
rm_1        | 2019-11-15 09:01:01 INFO  RMContainerImpl:480 - container_1573808367118_0001_01_000002 Container Transitioned from NEW to ALLOCATED
nm_1        | 2019-11-15 09:01:19 INFO  Server:1849 - Auth successful for appattempt_1573808367118_0001_000001 (auth:SIMPLE)
nm_1        | 2019-11-15 09:01:19 INFO  ContainerManagerImpl:1070 - Start request for container_1573808367118_0001_01_000005 by user hadoop
rm_1        | 2019-11-15 09:01:01 INFO  FiCaSchedulerNode:169 - Assigned container container_1573808367118_0001_01_000002 of capacity <memory:4096, vCores:1> on host nm:34533, which has 2 containers, <memory:6144, vCores:2> used and <memory:2048, vCores:6> available after allocation
nm_1        | 2019-11-15 09:01:19 INFO  NMAuditLogger:94 - USER=hadoop	IP=172.18.0.2	OPERATION=Start Container Request	TARGET=ContainerManageImpl	RESULT=SUCCESS	APPID=application_1573808367118_0001	CONTAINERID=container_1573808367118_0001_01_000005
rm_1        | 2019-11-15 09:01:01 INFO  RMAuditLogger:200 - USER=hadoop	OPERATION=AM Allocated Container	TARGET=SchedulerApp	RESULT=SUCCESS	APPID=application_1573808367118_0001	CONTAINERID=container_1573808367118_0001_01_000002	RESOURCE=<memory:4096, vCores:1>
nm_1        | 2019-11-15 09:01:19 INFO  ApplicationImpl:463 - Adding container_1573808367118_0001_01_000005 to application application_1573808367118_0001
nm_1        | 2019-11-15 09:01:19 INFO  ContainerImpl:2112 - Container container_1573808367118_0001_01_000005 transitioned from NEW to LOCALIZING
rm_1        | 2019-11-15 09:01:01 INFO  ParentQueue:1336 - assignedContainer queue=root usedCapacity=0.75 absoluteUsedCapacity=0.75 used=<memory:6144, vCores:2> cluster=<memory:8192, vCores:8>
nm_1        | 2019-11-15 09:01:19 INFO  AuxServices:350 - Got event CONTAINER_INIT for appId application_1573808367118_0001
rm_1        | 2019-11-15 09:01:01 INFO  CapacityScheduler:3005 - Allocation proposal accepted
nm_1        | 2019-11-15 09:01:19 INFO  AuxServices:350 - Got event APPLICATION_INIT for appId application_1573808367118_0001
rm_1        | 2019-11-15 09:01:01 INFO  NMTokenSecretManagerInRM:200 - Sending NMToken for nodeId : nm:34533 for container : container_1573808367118_0001_01_000002
nm_1        | 2019-11-15 09:01:19 INFO  AuxServices:354 - Got APPLICATION_INIT for service mapreduce_shuffle
rm_1        | 2019-11-15 09:01:01 INFO  RMContainerImpl:480 - container_1573808367118_0001_01_000002 Container Transitioned from ALLOCATED to ACQUIRED
nm_1        | 2019-11-15 09:01:19 INFO  ShuffleHandler:719 - Added token for job_1573808367118_0001
rm_1        | 2019-11-15 09:01:02 INFO  RMContainerImpl:480 - container_1573808367118_0001_01_000002 Container Transitioned from ACQUIRED to RUNNING
nm_1        | 2019-11-15 09:01:19 INFO  ContainerImpl:2112 - Container container_1573808367118_0001_01_000005 transitioned from LOCALIZING to SCHEDULED
rm_1        | 2019-11-15 09:01:06 INFO  RMContainerImpl:480 - container_1573808367118_0001_01_000002 Container Transitioned from RUNNING to COMPLETED
nm_1        | 2019-11-15 09:01:19 INFO  ContainerScheduler:541 - Starting container [container_1573808367118_0001_01_000005]
rm_1        | 2019-11-15 09:01:06 INFO  RMAuditLogger:200 - USER=hadoop	OPERATION=AM Released Container	TARGET=SchedulerApp	RESULT=SUCCESS	APPID=application_1573808367118_0001	CONTAINERID=container_1573808367118_0001_01_000002	RESOURCE=<memory:4096, vCores:1>
rm_1        | 2019-11-15 09:01:07 INFO  AbstractContainerAllocator:129 - assignedContainer application attempt=appattempt_1573808367118_0001_000001 container=null queue=default clusterResource=<memory:8192, vCores:8> type=RACK_LOCAL requestedPartition=
rm_1        | 2019-11-15 09:01:07 INFO  RMContainerImpl:480 - container_1573808367118_0001_01_000003 Container Transitioned from NEW to ALLOCATED
nm_1        | 2019-11-15 09:01:19 INFO  ContainerImpl:2112 - Container container_1573808367118_0001_01_000005 transitioned from SCHEDULED to RUNNING
rm_1        | 2019-11-15 09:01:07 INFO  FiCaSchedulerNode:169 - Assigned container container_1573808367118_0001_01_000003 of capacity <memory:4096, vCores:1> on host nm:34533, which has 2 containers, <memory:6144, vCores:2> used and <memory:2048, vCores:6> available after allocation
rm_1        | 2019-11-15 09:01:07 INFO  RMAuditLogger:200 - USER=hadoop	OPERATION=AM Allocated Container	TARGET=SchedulerApp	RESULT=SUCCESS	APPID=application_1573808367118_0001	CONTAINERID=container_1573808367118_0001_01_000003	RESOURCE=<memory:4096, vCores:1>
nm_1        | 2019-11-15 09:01:19 INFO  ContainersMonitorImpl:1013 - Starting resource-monitoring for container_1573808367118_0001_01_000005
rm_1        | 2019-11-15 09:01:07 INFO  ParentQueue:1336 - assignedContainer queue=root usedCapacity=0.75 absoluteUsedCapacity=0.75 used=<memory:6144, vCores:2> cluster=<memory:8192, vCores:8>
nm_1        | 2019-11-15 09:01:19 INFO  DefaultContainerExecutor:370 - launchContainer: [bash, /tmp/hadoop-hadoop/nm-local-dir/usercache/hadoop/appcache/application_1573808367118_0001/container_1573808367118_0001_01_000005/default_container_executor.sh]
rm_1        | 2019-11-15 09:01:07 INFO  CapacityScheduler:3005 - Allocation proposal accepted
nm_1        | 2019-11-15 09:01:20 INFO  ContainersMonitorImpl:615 - container_1573808367118_0001_01_000005's ip = 172.18.0.2, and hostname = nm
rm_1        | 2019-11-15 09:01:08 INFO  RMContainerImpl:480 - container_1573808367118_0001_01_000003 Container Transitioned from ALLOCATED to ACQUIRED
nm_1        | 2019-11-15 09:01:21 INFO  NodeStatusUpdaterImpl:707 - Removed completed containers from NM context: [container_1573808367118_0001_01_000004]
rm_1        | 2019-11-15 09:01:08 INFO  RMContainerImpl:480 - container_1573808367118_0001_01_000003 Container Transitioned from ACQUIRED to RUNNING
nm_1        | 2019-11-15 09:01:23 INFO  ContainersMonitorImpl:516 - Skipping monitoring container container_1573808367118_0001_01_000005 since CPU usage is not yet available.
rm_1        | 2019-11-15 09:01:13 INFO  RMContainerImpl:480 - container_1573808367118_0001_01_000003 Container Transitioned from RUNNING to COMPLETED
nm_1        | 2019-11-15 09:01:25 INFO  ContainerLaunch:595 - Container container_1573808367118_0001_01_000005 succeeded 
rm_1        | 2019-11-15 09:01:13 INFO  RMAuditLogger:200 - USER=hadoop	OPERATION=AM Released Container	TARGET=SchedulerApp	RESULT=SUCCESS	APPID=application_1573808367118_0001	CONTAINERID=container_1573808367118_0001_01_000003	RESOURCE=<memory:4096, vCores:1>
nm_1        | 2019-11-15 09:01:25 INFO  ContainerImpl:2112 - Container container_1573808367118_0001_01_000005 transitioned from RUNNING to EXITED_WITH_SUCCESS
rm_1        | 2019-11-15 09:01:14 INFO  AbstractContainerAllocator:129 - assignedContainer application attempt=appattempt_1573808367118_0001_000001 container=null queue=default clusterResource=<memory:8192, vCores:8> type=RACK_LOCAL requestedPartition=
nm_1        | 2019-11-15 09:01:25 INFO  ContainerCleanup:87 - Cleaning up container container_1573808367118_0001_01_000005
rm_1        | 2019-11-15 09:01:14 INFO  RMContainerImpl:480 - container_1573808367118_0001_01_000004 Container Transitioned from NEW to ALLOCATED
nm_1        | 2019-11-15 09:01:25 INFO  NMAuditLogger:94 - USER=hadoop	OPERATION=Container Finished - Succeeded	TARGET=ContainerImpl	RESULT=SUCCESS	APPID=application_1573808367118_0001	CONTAINERID=container_1573808367118_0001_01_000005
rm_1        | 2019-11-15 09:01:14 INFO  FiCaSchedulerNode:169 - Assigned container container_1573808367118_0001_01_000004 of capacity <memory:4096, vCores:1> on host nm:34533, which has 2 containers, <memory:6144, vCores:2> used and <memory:2048, vCores:6> available after allocation
nm_1        | 2019-11-15 09:01:25 INFO  ContainerImpl:2112 - Container container_1573808367118_0001_01_000005 transitioned from EXITED_WITH_SUCCESS to DONE
rm_1        | 2019-11-15 09:01:14 INFO  RMAuditLogger:200 - USER=hadoop	OPERATION=AM Allocated Container	TARGET=SchedulerApp	RESULT=SUCCESS	APPID=application_1573808367118_0001	CONTAINERID=container_1573808367118_0001_01_000004	RESOURCE=<memory:4096, vCores:1>
rm_1        | 2019-11-15 09:01:14 INFO  ParentQueue:1336 - assignedContainer queue=root usedCapacity=0.75 absoluteUsedCapacity=0.75 used=<memory:6144, vCores:2> cluster=<memory:8192, vCores:8>
rm_1        | 2019-11-15 09:01:14 INFO  CapacityScheduler:3005 - Allocation proposal accepted
rm_1        | 2019-11-15 09:01:14 INFO  RMContainerImpl:480 - container_1573808367118_0001_01_000004 Container Transitioned from ALLOCATED to ACQUIRED
nm_1        | 2019-11-15 09:01:25 INFO  ApplicationImpl:512 - Removing container_1573808367118_0001_01_000005 from application application_1573808367118_0001
rm_1        | 2019-11-15 09:01:15 INFO  RMContainerImpl:480 - container_1573808367118_0001_01_000004 Container Transitioned from ACQUIRED to RUNNING
nm_1        | 2019-11-15 09:01:25 INFO  ContainersMonitorImpl:1004 - Stopping resource-monitoring for container_1573808367118_0001_01_000005
rm_1        | 2019-11-15 09:01:15 INFO  AppSchedulingInfo:367 - checking for deactivate of application :application_1573808367118_0001
nm_1        | 2019-11-15 09:01:25 INFO  AuxServices:350 - Got event CONTAINER_STOP for appId application_1573808367118_0001
rm_1        | 2019-11-15 09:01:19 INFO  RMContainerImpl:480 - container_1573808367118_0001_01_000004 Container Transitioned from RUNNING to COMPLETED
nm_1        | 2019-11-15 09:01:25 INFO  DefaultContainerExecutor:634 - Deleting absolute path : /tmp/hadoop-hadoop/nm-local-dir/usercache/hadoop/appcache/application_1573808367118_0001/container_1573808367118_0001_01_000005/launch_container.sh
rm_1        | 2019-11-15 09:01:19 INFO  RMAuditLogger:200 - USER=hadoop	OPERATION=AM Released Container	TARGET=SchedulerApp	RESULT=SUCCESS	APPID=application_1573808367118_0001	CONTAINERID=container_1573808367118_0001_01_000004	RESOURCE=<memory:4096, vCores:1>
nm_1        | 2019-11-15 09:01:25 INFO  DefaultContainerExecutor:634 - Deleting absolute path : /tmp/hadoop-hadoop/nm-local-dir/usercache/hadoop/appcache/application_1573808367118_0001/container_1573808367118_0001_01_000005/container_tokens
rm_1        | 2019-11-15 09:01:19 INFO  AbstractContainerAllocator:129 - assignedContainer application attempt=appattempt_1573808367118_0001_000001 container=null queue=default clusterResource=<memory:8192, vCores:8> type=OFF_SWITCH requestedPartition=
rm_1        | 2019-11-15 09:01:19 INFO  RMContainerImpl:480 - container_1573808367118_0001_01_000005 Container Transitioned from NEW to ALLOCATED
rm_1        | 2019-11-15 09:01:19 INFO  FiCaSchedulerNode:169 - Assigned container container_1573808367118_0001_01_000005 of capacity <memory:4096, vCores:1> on host nm:34533, which has 2 containers, <memory:6144, vCores:2> used and <memory:2048, vCores:6> available after allocation
nm_1        | 2019-11-15 09:01:25 INFO  Server:1849 - Auth successful for appattempt_1573808367118_0001_000001 (auth:SIMPLE)
rm_1        | 2019-11-15 09:01:19 INFO  RMAuditLogger:200 - USER=hadoop	OPERATION=AM Allocated Container	TARGET=SchedulerApp	RESULT=SUCCESS	APPID=application_1573808367118_0001	CONTAINERID=container_1573808367118_0001_01_000005	RESOURCE=<memory:4096, vCores:1>
nm_1        | 2019-11-15 09:01:25 INFO  ContainerManagerImpl:1409 - Stopping container with container Id: container_1573808367118_0001_01_000005
rm_1        | 2019-11-15 09:01:19 INFO  ParentQueue:1336 - assignedContainer queue=root usedCapacity=0.75 absoluteUsedCapacity=0.75 used=<memory:6144, vCores:2> cluster=<memory:8192, vCores:8>
nm_1        | 2019-11-15 09:01:25 INFO  NMAuditLogger:94 - USER=hadoop	IP=172.18.0.2	OPERATION=Stop Container Request	TARGET=ContainerManageImpl	RESULT=SUCCESS	APPID=application_1573808367118_0001	CONTAINERID=container_1573808367118_0001_01_000005
rm_1        | 2019-11-15 09:01:19 INFO  CapacityScheduler:3005 - Allocation proposal accepted
nm_1        | 2019-11-15 09:01:32 INFO  ContainerLaunch:595 - Container container_1573808367118_0001_01_000001 succeeded 
rm_1        | 2019-11-15 09:01:19 INFO  RMContainerImpl:480 - container_1573808367118_0001_01_000005 Container Transitioned from ALLOCATED to ACQUIRED
nm_1        | 2019-11-15 09:01:32 INFO  ContainerImpl:2112 - Container container_1573808367118_0001_01_000001 transitioned from RUNNING to EXITED_WITH_SUCCESS
rm_1        | 2019-11-15 09:01:20 INFO  RMContainerImpl:480 - container_1573808367118_0001_01_000005 Container Transitioned from ACQUIRED to RUNNING
nm_1        | 2019-11-15 09:01:32 INFO  ContainerCleanup:87 - Cleaning up container container_1573808367118_0001_01_000001
rm_1        | 2019-11-15 09:01:20 INFO  AppSchedulingInfo:367 - checking for deactivate of application :application_1573808367118_0001
nm_1        | 2019-11-15 09:01:32 INFO  NMAuditLogger:94 - USER=hadoop	OPERATION=Container Finished - Succeeded	TARGET=ContainerImpl	RESULT=SUCCESS	APPID=application_1573808367118_0001	CONTAINERID=container_1573808367118_0001_01_000001
rm_1        | 2019-11-15 09:01:25 INFO  RMContainerImpl:480 - container_1573808367118_0001_01_000005 Container Transitioned from RUNNING to COMPLETED
nm_1        | 2019-11-15 09:01:32 INFO  ContainerImpl:2112 - Container container_1573808367118_0001_01_000001 transitioned from EXITED_WITH_SUCCESS to DONE
nm_1        | 2019-11-15 09:01:32 INFO  ApplicationImpl:512 - Removing container_1573808367118_0001_01_000001 from application application_1573808367118_0001
rm_1        | 2019-11-15 09:01:25 INFO  RMAuditLogger:200 - USER=hadoop	OPERATION=AM Released Container	TARGET=SchedulerApp	RESULT=SUCCESS	APPID=application_1573808367118_0001	CONTAINERID=container_1573808367118_0001_01_000005	RESOURCE=<memory:4096, vCores:1>
nm_1        | 2019-11-15 09:01:32 INFO  ContainersMonitorImpl:1004 - Stopping resource-monitoring for container_1573808367118_0001_01_000001
rm_1        | 2019-11-15 09:01:25 INFO  RMAppAttemptImpl:1412 - Updating application attempt appattempt_1573808367118_0001_000001 with final state: FINISHING, and exit status: -1000
nm_1        | 2019-11-15 09:01:32 INFO  AuxServices:350 - Got event CONTAINER_STOP for appId application_1573808367118_0001
rm_1        | 2019-11-15 09:01:25 INFO  RMAppAttemptImpl:925 - appattempt_1573808367118_0001_000001 State change from RUNNING to FINAL_SAVING on event = UNREGISTERED
nm_1        | 2019-11-15 09:01:32 INFO  DefaultContainerExecutor:634 - Deleting absolute path : /tmp/hadoop-hadoop/nm-local-dir/usercache/hadoop/appcache/application_1573808367118_0001/container_1573808367118_0001_01_000001/launch_container.sh
nm_1        | 2019-11-15 09:01:32 INFO  DefaultContainerExecutor:634 - Deleting absolute path : /tmp/hadoop-hadoop/nm-local-dir/usercache/hadoop/appcache/application_1573808367118_0001/container_1573808367118_0001_01_000001/container_tokens
rm_1        | 2019-11-15 09:01:25 INFO  RMAppImpl:1310 - Updating application application_1573808367118_0001 with final state: FINISHING
rm_1        | 2019-11-15 09:01:25 INFO  RMAppImpl:928 - application_1573808367118_0001 State change from RUNNING to FINAL_SAVING on event = ATTEMPT_UNREGISTERED
nm_1        | 2019-11-15 09:01:32 INFO  Server:1849 - Auth successful for appattempt_1573808367118_0001_000001 (auth:SIMPLE)
rm_1        | 2019-11-15 09:01:25 INFO  RMStateStore:261 - Updating info for app: application_1573808367118_0001
nm_1        | 2019-11-15 09:01:32 INFO  ContainerManagerImpl:1409 - Stopping container with container Id: container_1573808367118_0001_01_000001
nm_1        | 2019-11-15 09:01:32 INFO  NMAuditLogger:94 - USER=hadoop	IP=172.18.0.4	OPERATION=Stop Container Request	TARGET=ContainerManageImpl	RESULT=SUCCESS	APPID=application_1573808367118_0001	CONTAINERID=container_1573808367118_0001_01_000001
rm_1        | 2019-11-15 09:01:25 INFO  RMAppAttemptImpl:925 - appattempt_1573808367118_0001_000001 State change from FINAL_SAVING to FINISHING on event = ATTEMPT_UPDATE_SAVED
nm_1        | 2019-11-15 09:01:33 INFO  NodeStatusUpdaterImpl:707 - Removed completed containers from NM context: [container_1573808367118_0001_01_000001]
rm_1        | 2019-11-15 09:01:25 INFO  RMAppImpl:928 - application_1573808367118_0001 State change from FINAL_SAVING to FINISHING on event = APP_UPDATE_SAVED
nm_1        | 2019-11-15 09:01:33 INFO  ApplicationImpl:655 - Application application_1573808367118_0001 transitioned from RUNNING to APPLICATION_RESOURCES_CLEANINGUP
rm_1        | 2019-11-15 09:01:26 INFO  ApplicationMasterService:312 - application_1573808367118_0001 unregistered successfully. 
nm_1        | 2019-11-15 09:01:33 INFO  AuxServices:350 - Got event APPLICATION_STOP for appId application_1573808367118_0001
rm_1        | 2019-11-15 09:01:30 INFO  ClientRMService:355 - Allocated new applicationId: 2
rm_1        | 2019-11-15 09:01:32 INFO  RMContainerImpl:480 - container_1573808367118_0001_01_000001 Container Transitioned from RUNNING to COMPLETED
nm_1        | 2019-11-15 09:01:33 INFO  ApplicationImpl:655 - Application application_1573808367118_0001 transitioned from APPLICATION_RESOURCES_CLEANINGUP to FINISHED
rm_1        | 2019-11-15 09:01:32 INFO  ApplicationMasterService:488 - Unregistering app attempt : appattempt_1573808367118_0001_000001
nm_1        | 2019-11-15 09:01:33 INFO  NonAggregatingLogHandler:173 - Scheduling Log Deletion for application: application_1573808367118_0001, with delay of 10800 seconds
rm_1        | 2019-11-15 09:01:32 INFO  RMAuditLogger:200 - USER=hadoop	OPERATION=AM Released Container	TARGET=SchedulerApp	RESULT=SUCCESS	APPID=application_1573808367118_0001	CONTAINERID=container_1573808367118_0001_01_000001	RESOURCE=<memory:2048, vCores:1>
nm_1        | 2019-11-15 09:01:34 INFO  Server:1849 - Auth successful for appattempt_1573808367118_0002_000001 (auth:SIMPLE)
rm_1        | 2019-11-15 09:01:32 INFO  AMRMTokenSecretManager:124 - Application finished, removing password for appattempt_1573808367118_0001_000001
nm_1        | 2019-11-15 09:01:34 INFO  ContainerManagerImpl:1070 - Start request for container_1573808367118_0002_01_000001 by user hadoop
rm_1        | 2019-11-15 09:01:32 INFO  RMAppAttemptImpl:925 - appattempt_1573808367118_0001_000001 State change from FINISHING to FINISHED on event = CONTAINER_FINISHED
nm_1        | 2019-11-15 09:01:34 INFO  ContainerManagerImpl:1122 - Creating a new application reference for app application_1573808367118_0002
rm_1        | 2019-11-15 09:01:32 INFO  RMAppImpl:928 - application_1573808367118_0001 State change from FINISHING to FINISHED on event = ATTEMPT_FINISHED
nm_1        | 2019-11-15 09:01:34 INFO  NMAuditLogger:94 - USER=hadoop	IP=172.18.0.4	OPERATION=Start Container Request	TARGET=ContainerManageImpl	RESULT=SUCCESS	APPID=application_1573808367118_0002	CONTAINERID=container_1573808367118_0002_01_000001
rm_1        | 2019-11-15 09:01:32 INFO  CapacityScheduler:1101 - Application Attempt appattempt_1573808367118_0001_000001 is done. finalState=FINISHED
nm_1        | 2019-11-15 09:01:34 INFO  ApplicationImpl:655 - Application application_1573808367118_0002 transitioned from NEW to INITING
rm_1        | 2019-11-15 09:01:32 INFO  AppSchedulingInfo:159 - Application application_1573808367118_0001 requests cleared
nm_1        | 2019-11-15 09:01:34 INFO  ApplicationImpl:463 - Adding container_1573808367118_0002_01_000001 to application application_1573808367118_0002
rm_1        | 2019-11-15 09:01:32 INFO  AMLauncher:317 - Cleaning master appattempt_1573808367118_0001_000001
nm_1        | 2019-11-15 09:01:34 INFO  ApplicationImpl:655 - Application application_1573808367118_0002 transitioned from INITING to RUNNING
rm_1        | 2019-11-15 09:01:32 INFO  LeafQueue:999 - Application removed - appId: application_1573808367118_0001 user: hadoop queue: default #user-pending-applications: 0 #user-active-applications: 0 #queue-pending-applications: 0 #queue-active-applications: 0
rm_1        | 2019-11-15 09:01:32 INFO  ParentQueue:522 - Application removed - appId: application_1573808367118_0001 user: hadoop leaf-queue of parent: root #applications: 0
nm_1        | 2019-11-15 09:01:34 INFO  ContainerImpl:2112 - Container container_1573808367118_0002_01_000001 transitioned from NEW to LOCALIZING
rm_1        | 2019-11-15 09:01:32 INFO  RMAuditLogger:318 - USER=hadoop	OPERATION=Application Finished - Succeeded	TARGET=RMAppManager	RESULT=SUCCESS	APPID=application_1573808367118_0001
nm_1        | 2019-11-15 09:01:34 INFO  AuxServices:350 - Got event CONTAINER_INIT for appId application_1573808367118_0002
rm_1        | 2019-11-15 09:01:32 INFO  RMAppManager$ApplicationSummary:213 - appId=application_1573808367118_0001,name=QuasiMonteCarlo,user=hadoop,queue=default,state=FINISHED,trackingUrl=http://rm:8088/proxy/application_1573808367118_0001/,appMasterHost=nm,submitTime=1573808446874,startTime=1573808446965,finishTime=1573808485418,finalStatus=SUCCEEDED,memorySeconds=180727,vcoreSeconds=64,preemptedMemorySeconds=0,preemptedVcoreSeconds=0,preemptedAMContainers=0,preemptedNonAMContainers=0,preemptedResources=<memory:0\, vCores:0>,applicationType=MAPREDUCE,resourceSeconds=180727 MB-seconds\, 64 vcore-seconds,preemptedResourceSeconds=0 MB-seconds\, 0 vcore-seconds
nm_1        | 2019-11-15 09:01:34 INFO  ResourceLocalizationService:798 - Created localizer for container_1573808367118_0002_01_000001
nm_1        | 2019-11-15 09:01:34 INFO  ResourceLocalizationService:1328 - Writing credentials to the nmPrivate file /tmp/hadoop-hadoop/nm-local-dir/nmPrivate/container_1573808367118_0002_01_000001.tokens
nm_1        | 2019-11-15 09:01:34 INFO  DefaultContainerExecutor:836 - Initializing user hadoop
rm_1        | 2019-11-15 09:01:33 INFO  CapacityScheduler:2641 - Application 'application_1573808367118_0002' is submitted without priority hence considering default queue/cluster priority: 0
nm_1        | 2019-11-15 09:01:34 INFO  DefaultContainerExecutor:166 - Copying from /tmp/hadoop-hadoop/nm-local-dir/nmPrivate/container_1573808367118_0002_01_000001.tokens to /tmp/hadoop-hadoop/nm-local-dir/usercache/hadoop/appcache/application_1573808367118_0002/container_1573808367118_0002_01_000001.tokens
rm_1        | 2019-11-15 09:01:33 INFO  CapacityScheduler:2662 - Priority '0' is acceptable in queue : default for application: application_1573808367118_0002
rm_1        | 2019-11-15 09:01:33 INFO  ClientRMService:662 - Application with id 2 submitted by user hadoop
rm_1        | 2019-11-15 09:01:33 INFO  RMAuditLogger:270 - USER=hadoop	IP=172.18.0.4	OPERATION=Submit Application Request	TARGET=ClientRMService	RESULT=SUCCESS	APPID=application_1573808367118_0002
rm_1        | 2019-11-15 09:01:33 INFO  RMAppImpl:1291 - Storing application with id application_1573808367118_0002
rm_1        | 2019-11-15 09:01:33 INFO  RMStateStore:223 - Storing info for app: application_1573808367118_0002
nm_1        | 2019-11-15 09:01:34 INFO  DefaultContainerExecutor:174 - Localizer CWD set to /tmp/hadoop-hadoop/nm-local-dir/usercache/hadoop/appcache/application_1573808367118_0002 = file:/tmp/hadoop-hadoop/nm-local-dir/usercache/hadoop/appcache/application_1573808367118_0002
rm_1        | 2019-11-15 09:01:33 INFO  RMAppImpl:928 - application_1573808367118_0002 State change from NEW to NEW_SAVING on event = START
nm_1        | 2019-11-15 09:01:34 INFO  ContainerImpl:2112 - Container container_1573808367118_0002_01_000001 transitioned from LOCALIZING to SCHEDULED
rm_1        | 2019-11-15 09:01:33 INFO  RMAppImpl:928 - application_1573808367118_0002 State change from NEW_SAVING to SUBMITTED on event = APP_NEW_SAVED
nm_1        | 2019-11-15 09:01:34 INFO  ContainerScheduler:541 - Starting container [container_1573808367118_0002_01_000001]
rm_1        | 2019-11-15 09:01:33 INFO  ParentQueue:494 - Application added - appId: application_1573808367118_0002 user: hadoop leaf-queue of parent: root #applications: 1
nm_1        | 2019-11-15 09:01:34 INFO  ContainerImpl:2112 - Container container_1573808367118_0002_01_000001 transitioned from SCHEDULED to RUNNING
rm_1        | 2019-11-15 09:01:33 INFO  CapacityScheduler:1006 - Accepted application application_1573808367118_0002 from user: hadoop, in queue: default
nm_1        | 2019-11-15 09:01:34 INFO  ContainersMonitorImpl:1013 - Starting resource-monitoring for container_1573808367118_0002_01_000001
rm_1        | 2019-11-15 09:01:33 INFO  RMAppImpl:928 - application_1573808367118_0002 State change from SUBMITTED to ACCEPTED on event = APP_ACCEPTED
nm_1        | 2019-11-15 09:01:34 INFO  DefaultContainerExecutor:370 - launchContainer: [bash, /tmp/hadoop-hadoop/nm-local-dir/usercache/hadoop/appcache/application_1573808367118_0002/container_1573808367118_0002_01_000001/default_container_executor.sh]
rm_1        | 2019-11-15 09:01:33 INFO  ApplicationMasterService:471 - Registering app attempt : appattempt_1573808367118_0002_000001
nm_1        | 2019-11-15 09:01:35 INFO  ContainersMonitorImpl:615 - container_1573808367118_0002_01_000001's ip = 172.18.0.2, and hostname = nm
rm_1        | 2019-11-15 09:01:33 INFO  RMAppAttemptImpl:925 - appattempt_1573808367118_0002_000001 State change from NEW to SUBMITTED on event = START
nm_1        | 2019-11-15 09:01:38 INFO  ContainersMonitorImpl:516 - Skipping monitoring container container_1573808367118_0002_01_000001 since CPU usage is not yet available.
nm_1        | 2019-11-15 09:01:44 INFO  Server:1849 - Auth successful for appattempt_1573808367118_0002_000001 (auth:SIMPLE)
nm_1        | 2019-11-15 09:01:44 INFO  ContainerManagerImpl:1070 - Start request for container_1573808367118_0002_01_000002 by user hadoop
rm_1        | 2019-11-15 09:01:33 WARN  LeafQueue:842 - maximum-am-resource-percent is insufficient to start a single application in queue, it is likely set too low. skipping enforcement to allow at least one application to start
nm_1        | 2019-11-15 09:01:44 INFO  ApplicationImpl:463 - Adding container_1573808367118_0002_01_000002 to application application_1573808367118_0002
rm_1        | 2019-11-15 09:01:33 WARN  LeafQueue:878 - maximum-am-resource-percent is insufficient to start a single application in queue for user, it is likely set too low. skipping enforcement to allow at least one application to start
nm_1        | 2019-11-15 09:01:44 INFO  NMAuditLogger:94 - USER=hadoop	IP=172.18.0.2	OPERATION=Start Container Request	TARGET=ContainerManageImpl	RESULT=SUCCESS	APPID=application_1573808367118_0002	CONTAINERID=container_1573808367118_0002_01_000002
nm_1        | 2019-11-15 09:01:44 INFO  ContainerImpl:2112 - Container container_1573808367118_0002_01_000002 transitioned from NEW to LOCALIZING
rm_1        | 2019-11-15 09:01:33 INFO  LeafQueue:907 - Application application_1573808367118_0002 from user: hadoop activated in queue: default
nm_1        | 2019-11-15 09:01:44 INFO  AuxServices:350 - Got event CONTAINER_INIT for appId application_1573808367118_0002
rm_1        | 2019-11-15 09:01:33 INFO  LeafQueue:937 - Application added - appId: application_1573808367118_0002 user: hadoop, leaf-queue: default #user-pending-applications: 0 #user-active-applications: 1 #queue-pending-applications: 0 #queue-active-applications: 1
nm_1        | 2019-11-15 09:01:44 INFO  AuxServices:350 - Got event APPLICATION_INIT for appId application_1573808367118_0002
rm_1        | 2019-11-15 09:01:33 INFO  CapacityScheduler:1052 - Added Application Attempt appattempt_1573808367118_0002_000001 to scheduler from user hadoop in queue default
nm_1        | 2019-11-15 09:01:44 INFO  AuxServices:354 - Got APPLICATION_INIT for service mapreduce_shuffle
nm_1        | 2019-11-15 09:01:44 INFO  ShuffleHandler:719 - Added token for job_1573808367118_0002
nm_1        | 2019-11-15 09:01:44 INFO  ContainerImpl:2112 - Container container_1573808367118_0002_01_000002 transitioned from LOCALIZING to SCHEDULED
rm_1        | 2019-11-15 09:01:33 INFO  RMAppAttemptImpl:925 - appattempt_1573808367118_0002_000001 State change from SUBMITTED to SCHEDULED on event = ATTEMPT_ADDED
nm_1        | 2019-11-15 09:01:44 INFO  ContainerScheduler:541 - Starting container [container_1573808367118_0002_01_000002]
rm_1        | 2019-11-15 09:01:34 INFO  AbstractContainerAllocator:129 - assignedContainer application attempt=appattempt_1573808367118_0002_000001 container=null queue=default clusterResource=<memory:8192, vCores:8> type=OFF_SWITCH requestedPartition=
nm_1        | 2019-11-15 09:01:44 INFO  ContainerImpl:2112 - Container container_1573808367118_0002_01_000002 transitioned from SCHEDULED to RUNNING
rm_1        | 2019-11-15 09:01:34 INFO  RMContainerImpl:480 - container_1573808367118_0002_01_000001 Container Transitioned from NEW to ALLOCATED
