Attaching to ozonesecure_kms_1, ozonesecure_datanode_2, ozonesecure_datanode_3, ozonesecure_recon_1, ozonesecure_om_1, ozonesecure_kdc_1, ozonesecure_datanode_1, ozonesecure_scm_1, ozonesecure_s3g_1
kms_1       | Sleeping for 5 seconds
kms_1       | Setting up kerberos!!
kms_1       | KDC ISSUER_SERVER => kdc:8081
kms_1       | /opt/starter.sh: line 66: SLEEP_SECONDS: command not found
kms_1       | Sleeping for  seconds
kms_1       | Got 200, KDC service ready!!
kms_1       | Download dn/3c52595d9b8d@EXAMPLE.COM keytab file to /etc/security/keytabs/dn.keytab
kms_1       | --2019-11-04 16:15:06--  http://kdc:8081/keytab/3c52595d9b8d/dn
kms_1       | Resolving kdc (kdc)... 172.18.0.5
kms_1       | Connecting to kdc (kdc)|172.18.0.5|:8081... connected.
kms_1       | HTTP request sent, awaiting response... 200 OK
kms_1       | Length: 158 [application/octet-stream]
kms_1       | Saving to: '/etc/security/keytabs/dn.keytab'
recon_1     | Sleeping for 5 seconds
datanode_2  | Sleeping for 5 seconds
kms_1       | 
recon_1     | Waiting for the service om:9874
datanode_2  | Setting up kerberos!!
datanode_3  | Sleeping for 5 seconds
om_1        | Sleeping for 5 seconds
kms_1       |      0K                                                       100% 9.78M=0s
recon_1     | Setting up kerberos!!
kdc_1       | Issuer is listening on : 8081krb5kdc: starting...
datanode_2  | KDC ISSUER_SERVER => kdc:8081
datanode_3  | Setting up kerberos!!
om_1        | Setting up kerberos!!
kms_1       | 
recon_1     | KDC ISSUER_SERVER => kdc:8081
kdc_1       | kadmind: starting...
datanode_2  | Sleeping for 5 seconds
datanode_3  | KDC ISSUER_SERVER => kdc:8081
om_1        | KDC ISSUER_SERVER => kdc:8081
scm_1       | Sleeping for 5 seconds
kms_1       | 2019-11-04 16:15:07 (9.78 MB/s) - '/etc/security/keytabs/dn.keytab' saved [158/158]
datanode_1  | Sleeping for 5 seconds
recon_1     | Sleeping for 5 seconds
kdc_1       | otp: Loaded
datanode_2  | Got 200, KDC service ready!!
datanode_3  | Sleeping for 5 seconds
om_1        | Sleeping for 5 seconds
scm_1       | Setting up kerberos!!
s3g_1       | Sleeping for 5 seconds
kms_1       | 
datanode_1  | Setting up kerberos!!
recon_1     | Got 200, KDC service ready!!
kdc_1       | Nov 04 16:14:56 kdc krb5kdc[9](info): setting up network...
datanode_2  | Download dn/571675d417c0@EXAMPLE.COM keytab file to /etc/security/keytabs/dn.keytab
datanode_3  | Got 200, KDC service ready!!
om_1        | Got 200, KDC service ready!!
s3g_1       | Setting up kerberos!!
scm_1       | KDC ISSUER_SERVER => kdc:8081
kms_1       | Keytab name: FILE:/etc/security/keytabs/dn.keytab
datanode_1  | KDC ISSUER_SERVER => kdc:8081
recon_1     | Download dn/recon@EXAMPLE.COM keytab file to /etc/security/keytabs/dn.keytab
kdc_1       | krb5kdc: setsockopt(9,IPV6_V6ONLY,1) worked
datanode_2  | --2019-11-04 16:15:06--  http://kdc:8081/keytab/571675d417c0/dn
datanode_3  | Download dn/da5ea24a4551@EXAMPLE.COM keytab file to /etc/security/keytabs/dn.keytab
om_1        | Download dn/om@EXAMPLE.COM keytab file to /etc/security/keytabs/dn.keytab
s3g_1       | KDC ISSUER_SERVER => kdc:8081
scm_1       | Sleeping for 5 seconds
kms_1       | KVNO Timestamp         Principal
datanode_1  | Sleeping for 5 seconds
recon_1     | --2019-11-04 16:15:30--  http://kdc:8081/keytab/recon/dn
kdc_1       | krb5kdc: setsockopt(11,IPV6_V6ONLY,1) worked
datanode_2  | Resolving kdc (kdc)... 172.18.0.5
datanode_3  | --2019-11-04 16:15:06--  http://kdc:8081/keytab/da5ea24a4551/dn
om_1        | --2019-11-04 16:15:06--  http://kdc:8081/keytab/om/dn
s3g_1       | Sleeping for 5 seconds
scm_1       | Got 200, KDC service ready!!
kms_1       | ---- ----------------- --------------------------------------------------------
recon_1     | Resolving kdc (kdc)... 172.18.0.5
kdc_1       | Nov 04 16:14:56 kdc krb5kdc[9](info): set up 4 sockets
datanode_2  | Connecting to kdc (kdc)|172.18.0.5|:8081... connected.
datanode_1  | Got 200, KDC service ready!!
datanode_3  | Resolving kdc (kdc)... 172.18.0.5
s3g_1       | Got 200, KDC service ready!!
om_1        | Resolving kdc (kdc)... 172.18.0.5
scm_1       | Download dn/scm@EXAMPLE.COM keytab file to /etc/security/keytabs/dn.keytab
kms_1       |    2 11/04/19 16:15:07 dn/3c52595d9b8d@EXAMPLE.COM
recon_1     | Connecting to kdc (kdc)|172.18.0.5|:8081... connected.
kdc_1       | Nov 04 16:14:56 kdc krb5kdc[9](info): commencing operation
datanode_2  | HTTP request sent, awaiting response... 200 OK
datanode_1  | Download dn/4532fb4e4ebf@EXAMPLE.COM keytab file to /etc/security/keytabs/dn.keytab
datanode_3  | Connecting to kdc (kdc)|172.18.0.5|:8081... connected.
s3g_1       | Download dn/s3g@EXAMPLE.COM keytab file to /etc/security/keytabs/dn.keytab
om_1        | Connecting to kdc (kdc)|172.18.0.5|:8081... connected.
scm_1       | --2019-11-04 16:15:06--  http://kdc:8081/keytab/scm/dn
kms_1       |    2 11/04/19 16:15:07 dn/3c52595d9b8d@EXAMPLE.COM
recon_1     | HTTP request sent, awaiting response... 200 OK
kdc_1       | Nov 04 16:14:46 ab3609a6d8f4 kadmin.local[1](info): No dictionary file specified, continuing without one.
datanode_2  | Length: 158 [application/octet-stream]
datanode_3  | HTTP request sent, awaiting response... 200 OK
om_1        | HTTP request sent, awaiting response... 200 OK
s3g_1       | --2019-11-04 16:15:07--  http://kdc:8081/keytab/s3g/dn
scm_1       | Resolving kdc (kdc)... 172.18.0.5
kms_1       | Download om/3c52595d9b8d@EXAMPLE.COM keytab file to /etc/security/keytabs/om.keytab
recon_1     | Length: 144 [application/octet-stream]
datanode_1  | --2019-11-04 16:15:06--  http://kdc:8081/keytab/4532fb4e4ebf/dn
kdc_1       | Nov 04 16:14:48 9a1c037b6fa0 kadmin.local[1](info): No dictionary file specified, continuing without one.
datanode_2  | Saving to: '/etc/security/keytabs/dn.keytab'
datanode_3  | Length: 158 [application/octet-stream]
om_1        | Length: 138 [application/octet-stream]
s3g_1       | Resolving kdc (kdc)... 172.18.0.5
scm_1       | Connecting to kdc (kdc)|172.18.0.5|:8081... connected.
kms_1       | --2019-11-04 16:15:07--  http://kdc:8081/keytab/3c52595d9b8d/om
recon_1     | Saving to: '/etc/security/keytabs/dn.keytab'
datanode_1  | Resolving kdc (kdc)... 172.18.0.5
datanode_2  | 
kdc_1       | Nov 04 16:15:00 kdc kadmind[15](info): No dictionary file specified, continuing without one.
datanode_3  | Saving to: '/etc/security/keytabs/dn.keytab'
s3g_1       | Connecting to kdc (kdc)|172.18.0.5|:8081... connected.
scm_1       | HTTP request sent, awaiting response... 200 OK
om_1        | Saving to: '/etc/security/keytabs/dn.keytab'
kms_1       | Resolving kdc (kdc)... 172.18.0.5
recon_1     | 
datanode_1  | Connecting to kdc (kdc)|172.18.0.5|:8081... connected.
datanode_2  |      0K                                                       100% 14.1M=0s
kdc_1       | Nov 04 16:15:00 kdc kadmind[15](info): setting up network...
datanode_3  | 
s3g_1       | HTTP request sent, awaiting response... 200 OK
scm_1       | Length: 140 [application/octet-stream]
kms_1       | Connecting to kdc (kdc)|172.18.0.5|:8081... connected.
om_1        | 
recon_1     |      0K                                                       100% 13.1M=0s
datanode_2  | 
kdc_1       | kadmind: setsockopt(9,IPV6_V6ONLY,1) worked
datanode_1  | HTTP request sent, awaiting response... 200 OK
s3g_1       | Length: 140 [application/octet-stream]
datanode_3  |      0K                                                       100% 9.76M=0s
scm_1       | Saving to: '/etc/security/keytabs/dn.keytab'
kms_1       | HTTP request sent, awaiting response... 200 OK
om_1        |      0K                                                       100% 11.1M=0s
recon_1     | 
kdc_1       | kadmind: setsockopt(11,IPV6_V6ONLY,1) worked
datanode_2  | 2019-11-04 16:15:07 (14.1 MB/s) - '/etc/security/keytabs/dn.keytab' saved [158/158]
datanode_1  | Length: 158 [application/octet-stream]
s3g_1       | Saving to: '/etc/security/keytabs/dn.keytab'
datanode_3  | 
scm_1       | 
kms_1       | Length: 158 [application/octet-stream]
om_1        | 
recon_1     | 2019-11-04 16:15:30 (13.1 MB/s) - '/etc/security/keytabs/dn.keytab' saved [144/144]
kdc_1       | kadmind: setsockopt(13,IPV6_V6ONLY,1) worked
datanode_2  | 
datanode_1  | Saving to: '/etc/security/keytabs/dn.keytab'
s3g_1       | 
datanode_3  | 2019-11-04 16:15:06 (9.76 MB/s) - '/etc/security/keytabs/dn.keytab' saved [158/158]
scm_1       |      0K                                                       100% 13.7M=0s
kms_1       | Saving to: '/etc/security/keytabs/om.keytab'
om_1        | 2019-11-04 16:15:06 (11.1 MB/s) - '/etc/security/keytabs/dn.keytab' saved [138/138]
recon_1     | 
kdc_1       | Nov 04 16:15:00 kdc kadmind[15](info): set up 6 sockets
datanode_2  | Keytab name: FILE:/etc/security/keytabs/dn.keytab
datanode_1  | 
s3g_1       |      0K                                                       100% 11.0M=0s
datanode_3  | 
scm_1       | 
kms_1       | 
om_1        | 
recon_1     | Keytab name: FILE:/etc/security/keytabs/dn.keytab
kdc_1       | Nov 04 16:15:00 kdc kadmind[15](info): Seeding random number generator
datanode_2  | KVNO Timestamp         Principal
datanode_1  |      0K                                                       100% 13.0M=0s
s3g_1       | 
datanode_3  | Keytab name: FILE:/etc/security/keytabs/dn.keytab
scm_1       | 2019-11-04 16:15:06 (13.7 MB/s) - '/etc/security/keytabs/dn.keytab' saved [140/140]
kms_1       |      0K                                                       100% 13.4M=0s
om_1        | Keytab name: FILE:/etc/security/keytabs/dn.keytab
recon_1     | KVNO Timestamp         Principal
kdc_1       | Nov 04 16:15:00 kdc kadmind[15](info): starting
datanode_2  | ---- ----------------- --------------------------------------------------------
s3g_1       | 2019-11-04 16:15:08 (11.0 MB/s) - '/etc/security/keytabs/dn.keytab' saved [140/140]
datanode_3  | KVNO Timestamp         Principal
datanode_1  | 
scm_1       | 
kms_1       | 
om_1        | KVNO Timestamp         Principal
recon_1     | ---- ----------------- --------------------------------------------------------
kdc_1       | Generiting keytab
datanode_2  |    2 11/04/19 16:15:07 dn/571675d417c0@EXAMPLE.COM
s3g_1       | 
datanode_3  | ---- ----------------- --------------------------------------------------------
datanode_1  | 2019-11-04 16:15:07 (13.0 MB/s) - '/etc/security/keytabs/dn.keytab' saved [158/158]
scm_1       | Keytab name: FILE:/etc/security/keytabs/dn.keytab
kms_1       | 2019-11-04 16:15:08 (13.4 MB/s) - '/etc/security/keytabs/om.keytab' saved [158/158]
om_1        | ---- ----------------- --------------------------------------------------------
recon_1     |    2 11/04/19 16:15:30 dn/recon@EXAMPLE.COM
kdc_1       | Authenticating as principal admin/admin with keytab /tmp/admin.keytab.
datanode_2  |    2 11/04/19 16:15:07 dn/571675d417c0@EXAMPLE.COM
s3g_1       | Keytab name: FILE:/etc/security/keytabs/dn.keytab
datanode_3  |    2 11/04/19 16:15:06 dn/da5ea24a4551@EXAMPLE.COM
datanode_1  | 
scm_1       | KVNO Timestamp         Principal
kms_1       | 
recon_1     |    2 11/04/19 16:15:30 dn/recon@EXAMPLE.COM
datanode_2  | Download om/571675d417c0@EXAMPLE.COM keytab file to /etc/security/keytabs/om.keytab
kdc_1       | Nov 04 16:15:06 kdc krb5kdc[9](info): AS_REQ (8 etypes {18 17 20 19 16 23 25 26}) 127.0.0.1: SERVER_NOT_FOUND: admin/admin@EXAMPLE.COM for kadmin/localhost@EXAMPLE.COM, Server not found in Kerberos database
om_1        |    2 11/04/19 16:15:06 dn/om@EXAMPLE.COM
s3g_1       | KVNO Timestamp         Principal
datanode_3  |    2 11/04/19 16:15:06 dn/da5ea24a4551@EXAMPLE.COM
datanode_1  | Keytab name: FILE:/etc/security/keytabs/dn.keytab
scm_1       | ---- ----------------- --------------------------------------------------------
kms_1       | Keytab name: FILE:/etc/security/keytabs/om.keytab
recon_1     | Download om/recon@EXAMPLE.COM keytab file to /etc/security/keytabs/om.keytab
datanode_2  | --2019-11-04 16:15:07--  http://kdc:8081/keytab/571675d417c0/om
kdc_1       | Nov 04 16:15:06 kdc krb5kdc[9](info): AS_REQ (8 etypes {18 17 20 19 16 23 25 26}) 127.0.0.1: ISSUE: authtime 1572884106, etypes {rep=18 tkt=18 ses=18}, admin/admin@EXAMPLE.COM for kadmin/admin@EXAMPLE.COM
om_1        |    2 11/04/19 16:15:06 dn/om@EXAMPLE.COM
s3g_1       | ---- ----------------- --------------------------------------------------------
datanode_3  | Download om/da5ea24a4551@EXAMPLE.COM keytab file to /etc/security/keytabs/om.keytab
datanode_1  | KVNO Timestamp         Principal
scm_1       |    2 11/04/19 16:15:06 dn/scm@EXAMPLE.COM
kms_1       | KVNO Timestamp         Principal
recon_1     | --2019-11-04 16:15:30--  http://kdc:8081/keytab/recon/om
datanode_2  | Resolving kdc (kdc)... 172.18.0.5
kdc_1       | WARNING: no policy specified for test/test@EXAMPLE.COM; defaulting to no policy
om_1        | Download om/om@EXAMPLE.COM keytab file to /etc/security/keytabs/om.keytab
s3g_1       |    2 11/04/19 16:15:08 dn/s3g@EXAMPLE.COM
datanode_3  | --2019-11-04 16:15:06--  http://kdc:8081/keytab/da5ea24a4551/om
datanode_1  | ---- ----------------- --------------------------------------------------------
scm_1       |    2 11/04/19 16:15:06 dn/scm@EXAMPLE.COM
kms_1       | ---- ----------------- --------------------------------------------------------
recon_1     | Resolving kdc (kdc)... 172.18.0.5
datanode_2  | Connecting to kdc (kdc)|172.18.0.5|:8081... connected.
kdc_1       | Principal "test/test@EXAMPLE.COM" created.
om_1        | --2019-11-04 16:15:06--  http://kdc:8081/keytab/om/om
s3g_1       |    2 11/04/19 16:15:08 dn/s3g@EXAMPLE.COM
datanode_3  | Resolving kdc (kdc)... 172.18.0.5
datanode_1  |    2 11/04/19 16:15:07 dn/4532fb4e4ebf@EXAMPLE.COM
kms_1       |    2 11/04/19 16:15:08 om/3c52595d9b8d@EXAMPLE.COM
scm_1       | Download om/scm@EXAMPLE.COM keytab file to /etc/security/keytabs/om.keytab
recon_1     | Connecting to kdc (kdc)|172.18.0.5|:8081... connected.
datanode_2  | HTTP request sent, awaiting response... 200 OK
kdc_1       | Authenticating as principal admin/admin with keytab /tmp/admin.keytab.
om_1        | Resolving kdc (kdc)... 172.18.0.5
s3g_1       | Download om/s3g@EXAMPLE.COM keytab file to /etc/security/keytabs/om.keytab
datanode_3  | Connecting to kdc (kdc)|172.18.0.5|:8081... connected.
datanode_1  |    2 11/04/19 16:15:07 dn/4532fb4e4ebf@EXAMPLE.COM
kms_1       |    2 11/04/19 16:15:08 om/3c52595d9b8d@EXAMPLE.COM
scm_1       | --2019-11-04 16:15:06--  http://kdc:8081/keytab/scm/om
recon_1     | HTTP request sent, awaiting response... 200 OK
datanode_2  | Length: 158 [application/octet-stream]
kdc_1       | Entry for principal test/test@EXAMPLE.COM with kvno 2, encryption type aes256-cts-hmac-sha1-96 added to keytab WRFILE:/data/test.test.keytab.
om_1        | Connecting to kdc (kdc)|172.18.0.5|:8081... connected.
s3g_1       | --2019-11-04 16:15:08--  http://kdc:8081/keytab/s3g/om
datanode_3  | HTTP request sent, awaiting response... 200 OK
datanode_1  | Download om/4532fb4e4ebf@EXAMPLE.COM keytab file to /etc/security/keytabs/om.keytab
kms_1       | Download scm/3c52595d9b8d@EXAMPLE.COM keytab file to /etc/security/keytabs/scm.keytab
scm_1       | Resolving kdc (kdc)... 172.18.0.5
recon_1     | Length: 144 [application/octet-stream]
datanode_2  | Saving to: '/etc/security/keytabs/om.keytab'
kdc_1       | Entry for principal test/test@EXAMPLE.COM with kvno 2, encryption type aes128-cts-hmac-sha1-96 added to keytab WRFILE:/data/test.test.keytab.
om_1        | HTTP request sent, awaiting response... 200 OK
s3g_1       | Resolving kdc (kdc)... 172.18.0.5
datanode_3  | Length: 158 [application/octet-stream]
datanode_1  | --2019-11-04 16:15:07--  http://kdc:8081/keytab/4532fb4e4ebf/om
kms_1       | --2019-11-04 16:15:08--  http://kdc:8081/keytab/3c52595d9b8d/scm
scm_1       | Connecting to kdc (kdc)|172.18.0.5|:8081... connected.
recon_1     | Saving to: '/etc/security/keytabs/om.keytab'
datanode_2  | 
kdc_1       | Generiting keytab
om_1        | Length: 138 [application/octet-stream]
datanode_3  | Saving to: '/etc/security/keytabs/om.keytab'
s3g_1       | Connecting to kdc (kdc)|172.18.0.5|:8081... connected.
datanode_1  | Resolving kdc (kdc)... 172.18.0.5
kms_1       | Resolving kdc (kdc)... 172.18.0.5
scm_1       | HTTP request sent, awaiting response... 200 OK
recon_1     | 
datanode_2  |      0K                                                       100% 12.0M=0s
kdc_1       | Authenticating as principal admin/admin with keytab /tmp/admin.keytab.
om_1        | Saving to: '/etc/security/keytabs/om.keytab'
datanode_3  | 
s3g_1       | HTTP request sent, awaiting response... 200 OK
datanode_1  | Connecting to kdc (kdc)|172.18.0.5|:8081... connected.
kms_1       | Connecting to kdc (kdc)|172.18.0.5|:8081... connected.
scm_1       | Length: 140 [application/octet-stream]
recon_1     |      0K                                                       100% 7.92M=0s
datanode_2  | 
kdc_1       | WARNING: no policy specified for test/test@EXAMPLE.COM; defaulting to no policy
om_1        | 
datanode_3  |      0K                                                       100% 16.8M=0s
s3g_1       | Length: 140 [application/octet-stream]
datanode_1  | HTTP request sent, awaiting response... 200 OK
kms_1       | HTTP request sent, awaiting response... 200 OK
scm_1       | Saving to: '/etc/security/keytabs/om.keytab'
recon_1     | 
datanode_2  | 2019-11-04 16:15:08 (12.0 MB/s) - '/etc/security/keytabs/om.keytab' saved [158/158]
kdc_1       | add_principal: Principal or policy already exists while creating "test/test@EXAMPLE.COM".
om_1        |      0K                                                       100% 11.5M=0s
datanode_3  | 
s3g_1       | Saving to: '/etc/security/keytabs/om.keytab'
datanode_1  | Length: 158 [application/octet-stream]
kms_1       | Length: 160 [application/octet-stream]
scm_1       | 
recon_1     | 2019-11-04 16:15:30 (7.92 MB/s) - '/etc/security/keytabs/om.keytab' saved [144/144]
datanode_2  | 
kdc_1       | Authenticating as principal admin/admin with keytab /tmp/admin.keytab.
om_1        | 
datanode_3  | 2019-11-04 16:15:07 (16.8 MB/s) - '/etc/security/keytabs/om.keytab' saved [158/158]
s3g_1       | 
datanode_1  | Saving to: '/etc/security/keytabs/om.keytab'
kms_1       | Saving to: '/etc/security/keytabs/scm.keytab'
scm_1       |      0K                                                       100% 12.0M=0s
recon_1     | 
datanode_2  | Keytab name: FILE:/etc/security/keytabs/om.keytab
kdc_1       | Entry for principal test/test@EXAMPLE.COM with kvno 3, encryption type aes256-cts-hmac-sha1-96 added to keytab WRFILE:/data/test.test.keytab.
om_1        | 2019-11-04 16:15:07 (11.5 MB/s) - '/etc/security/keytabs/om.keytab' saved [138/138]
datanode_3  | 
s3g_1       |      0K                                                       100% 12.0M=0s
datanode_1  | 
kms_1       | 
scm_1       | 
recon_1     | Keytab name: FILE:/etc/security/keytabs/om.keytab
kdc_1       | Entry for principal test/test@EXAMPLE.COM with kvno 3, encryption type aes128-cts-hmac-sha1-96 added to keytab WRFILE:/data/test.test.keytab.
datanode_2  | KVNO Timestamp         Principal
om_1        | 
datanode_3  | Keytab name: FILE:/etc/security/keytabs/om.keytab
s3g_1       | 
datanode_1  |      0K                                                       100% 9.57M=0s
kms_1       |      0K                                                       100% 11.2M=0s
scm_1       | 2019-11-04 16:15:07 (12.0 MB/s) - '/etc/security/keytabs/om.keytab' saved [140/140]
recon_1     | KVNO Timestamp         Principal
kdc_1       | Generiting keytab
datanode_2  | ---- ----------------- --------------------------------------------------------
om_1        | Keytab name: FILE:/etc/security/keytabs/om.keytab
datanode_3  | KVNO Timestamp         Principal
s3g_1       | 2019-11-04 16:15:10 (12.0 MB/s) - '/etc/security/keytabs/om.keytab' saved [140/140]
datanode_1  | 
kms_1       | 
scm_1       | 
recon_1     | ---- ----------------- --------------------------------------------------------
kdc_1       | Authenticating as principal admin/admin with keytab /tmp/admin.keytab.
datanode_2  |    2 11/04/19 16:15:08 om/571675d417c0@EXAMPLE.COM
om_1        | KVNO Timestamp         Principal
datanode_3  | ---- ----------------- --------------------------------------------------------
s3g_1       | 
datanode_1  | 2019-11-04 16:15:07 (9.57 MB/s) - '/etc/security/keytabs/om.keytab' saved [158/158]
kms_1       | 2019-11-04 16:15:10 (11.2 MB/s) - '/etc/security/keytabs/scm.keytab' saved [160/160]
scm_1       | Keytab name: FILE:/etc/security/keytabs/om.keytab
recon_1     |    2 11/04/19 16:15:30 om/recon@EXAMPLE.COM
kdc_1       | WARNING: no policy specified for dn/scm@EXAMPLE.COM; defaulting to no policy
datanode_2  |    2 11/04/19 16:15:08 om/571675d417c0@EXAMPLE.COM
om_1        | ---- ----------------- --------------------------------------------------------
datanode_3  |    2 11/04/19 16:15:07 om/da5ea24a4551@EXAMPLE.COM
s3g_1       | Keytab name: FILE:/etc/security/keytabs/om.keytab
kms_1       | 
recon_1     |    2 11/04/19 16:15:30 om/recon@EXAMPLE.COM
scm_1       | KVNO Timestamp         Principal
datanode_1  | 
kdc_1       | Principal "dn/scm@EXAMPLE.COM" created.
datanode_2  | Download scm/571675d417c0@EXAMPLE.COM keytab file to /etc/security/keytabs/scm.keytab
om_1        |    2 11/04/19 16:15:07 om/om@EXAMPLE.COM
datanode_3  |    2 11/04/19 16:15:07 om/da5ea24a4551@EXAMPLE.COM
s3g_1       | KVNO Timestamp         Principal
kms_1       | Keytab name: FILE:/etc/security/keytabs/scm.keytab
recon_1     | Download scm/recon@EXAMPLE.COM keytab file to /etc/security/keytabs/scm.keytab
scm_1       | ---- ----------------- --------------------------------------------------------
datanode_1  | Keytab name: FILE:/etc/security/keytabs/om.keytab
kdc_1       | Authenticating as principal admin/admin with keytab /tmp/admin.keytab.
datanode_2  | --2019-11-04 16:15:08--  http://kdc:8081/keytab/571675d417c0/scm
om_1        |    2 11/04/19 16:15:07 om/om@EXAMPLE.COM
datanode_3  | Download scm/da5ea24a4551@EXAMPLE.COM keytab file to /etc/security/keytabs/scm.keytab
s3g_1       | ---- ----------------- --------------------------------------------------------
kms_1       | KVNO Timestamp         Principal
recon_1     | --2019-11-04 16:15:30--  http://kdc:8081/keytab/recon/scm
scm_1       |    2 11/04/19 16:15:07 om/scm@EXAMPLE.COM
datanode_1  | KVNO Timestamp         Principal
kdc_1       | Entry for principal dn/scm@EXAMPLE.COM with kvno 2, encryption type aes256-cts-hmac-sha1-96 added to keytab WRFILE:/data/dn.scm.keytab.
om_1        | Download scm/om@EXAMPLE.COM keytab file to /etc/security/keytabs/scm.keytab
s3g_1       |    2 11/04/19 16:15:10 om/s3g@EXAMPLE.COM
datanode_3  | --2019-11-04 16:15:07--  http://kdc:8081/keytab/da5ea24a4551/scm
datanode_2  | Resolving kdc (kdc)... 172.18.0.5
kms_1       | ---- ----------------- --------------------------------------------------------
recon_1     | Resolving kdc (kdc)... 172.18.0.5
scm_1       |    2 11/04/19 16:15:07 om/scm@EXAMPLE.COM
datanode_1  | ---- ----------------- --------------------------------------------------------
kdc_1       | Entry for principal dn/scm@EXAMPLE.COM with kvno 2, encryption type aes128-cts-hmac-sha1-96 added to keytab WRFILE:/data/dn.scm.keytab.
om_1        | --2019-11-04 16:15:07--  http://kdc:8081/keytab/om/scm
s3g_1       |    2 11/04/19 16:15:10 om/s3g@EXAMPLE.COM
datanode_3  | Resolving kdc (kdc)... 172.18.0.5
datanode_2  | Connecting to kdc (kdc)|172.18.0.5|:8081... connected.
kms_1       |    2 11/04/19 16:15:10 scm/3c52595d9b8d@EXAMPLE.COM
recon_1     | Connecting to kdc (kdc)|172.18.0.5|:8081... connected.
scm_1       | Download scm/scm@EXAMPLE.COM keytab file to /etc/security/keytabs/scm.keytab
datanode_1  |    2 11/04/19 16:15:07 om/4532fb4e4ebf@EXAMPLE.COM
kdc_1       | Generiting keytab
om_1        | Resolving kdc (kdc)... 172.18.0.5
s3g_1       | Download scm/s3g@EXAMPLE.COM keytab file to /etc/security/keytabs/scm.keytab
datanode_3  | Connecting to kdc (kdc)|172.18.0.5|:8081... connected.
datanode_2  | HTTP request sent, awaiting response... 200 OK
kms_1       |    2 11/04/19 16:15:10 scm/3c52595d9b8d@EXAMPLE.COM
recon_1     | HTTP request sent, awaiting response... 200 OK
scm_1       | --2019-11-04 16:15:07--  http://kdc:8081/keytab/scm/scm
datanode_1  |    2 11/04/19 16:15:07 om/4532fb4e4ebf@EXAMPLE.COM
kdc_1       | Authenticating as principal admin/admin with keytab /tmp/admin.keytab.
om_1        | Connecting to kdc (kdc)|172.18.0.5|:8081... connected.
s3g_1       | --2019-11-04 16:15:10--  http://kdc:8081/keytab/s3g/scm
datanode_3  | HTTP request sent, awaiting response... 200 OK
datanode_2  | Length: 160 [application/octet-stream]
kms_1       | Download HTTP/3c52595d9b8d@EXAMPLE.COM keytab file to /etc/security/keytabs/HTTP.keytab
recon_1     | Length: 146 [application/octet-stream]
scm_1       | Resolving kdc (kdc)... 172.18.0.5
datanode_1  | Download scm/4532fb4e4ebf@EXAMPLE.COM keytab file to /etc/security/keytabs/scm.keytab
kdc_1       | WARNING: no policy specified for dn/om@EXAMPLE.COM; defaulting to no policy
om_1        | HTTP request sent, awaiting response... 200 OK
s3g_1       | Resolving kdc (kdc)... 172.18.0.5
datanode_3  | Length: 160 [application/octet-stream]
datanode_2  | Saving to: '/etc/security/keytabs/scm.keytab'
kms_1       | --2019-11-04 16:15:10--  http://kdc:8081/keytab/3c52595d9b8d/HTTP
recon_1     | Saving to: '/etc/security/keytabs/scm.keytab'
scm_1       | Connecting to kdc (kdc)|172.18.0.5|:8081... connected.
datanode_1  | --2019-11-04 16:15:07--  http://kdc:8081/keytab/4532fb4e4ebf/scm
kdc_1       | Principal "dn/om@EXAMPLE.COM" created.
om_1        | Length: 140 [application/octet-stream]
s3g_1       | Connecting to kdc (kdc)|172.18.0.5|:8081... connected.
datanode_3  | Saving to: '/etc/security/keytabs/scm.keytab'
datanode_2  | 
kms_1       | Resolving kdc (kdc)... 172.18.0.5
recon_1     | 
scm_1       | HTTP request sent, awaiting response... 200 OK
datanode_1  | Resolving kdc (kdc)... 172.18.0.5
kdc_1       | Authenticating as principal admin/admin with keytab /tmp/admin.keytab.
om_1        | Saving to: '/etc/security/keytabs/scm.keytab'
s3g_1       | HTTP request sent, awaiting response... 200 OK
datanode_3  | 
datanode_2  |      0K                                                       100% 19.9M=0s
kms_1       | Connecting to kdc (kdc)|172.18.0.5|:8081... connected.
recon_1     |      0K                                                       100% 12.9M=0s
scm_1       | Length: 142 [application/octet-stream]
datanode_1  | Connecting to kdc (kdc)|172.18.0.5|:8081... connected.
kdc_1       | Entry for principal dn/om@EXAMPLE.COM with kvno 2, encryption type aes256-cts-hmac-sha1-96 added to keytab WRFILE:/data/dn.om.keytab.
om_1        | 
s3g_1       | Length: 142 [application/octet-stream]
datanode_3  |      0K                                                       100% 5.36M=0s
datanode_2  | 
kms_1       | HTTP request sent, awaiting response... 200 OK
recon_1     | 
scm_1       | Saving to: '/etc/security/keytabs/scm.keytab'
datanode_1  | HTTP request sent, awaiting response... 200 OK
kdc_1       | Entry for principal dn/om@EXAMPLE.COM with kvno 2, encryption type aes128-cts-hmac-sha1-96 added to keytab WRFILE:/data/dn.om.keytab.
om_1        |      0K                                                       100% 12.3M=0s
s3g_1       | Saving to: '/etc/security/keytabs/scm.keytab'
datanode_3  | 
datanode_2  | 2019-11-04 16:15:10 (19.9 MB/s) - '/etc/security/keytabs/scm.keytab' saved [160/160]
kms_1       | Length: 162 [application/octet-stream]
recon_1     | 2019-11-04 16:15:30 (12.9 MB/s) - '/etc/security/keytabs/scm.keytab' saved [146/146]
scm_1       | 
datanode_1  | Length: 160 [application/octet-stream]
kdc_1       | Generiting keytab
om_1        | 
s3g_1       | 
datanode_3  | 2019-11-04 16:15:09 (5.36 MB/s) - '/etc/security/keytabs/scm.keytab' saved [160/160]
datanode_2  | 
recon_1     | 
kms_1       | Saving to: '/etc/security/keytabs/HTTP.keytab'
scm_1       |      0K                                                       100% 12.0M=0s
datanode_1  | Saving to: '/etc/security/keytabs/scm.keytab'
kdc_1       | Authenticating as principal admin/admin with keytab /tmp/admin.keytab.
om_1        | 2019-11-04 16:15:09 (12.3 MB/s) - '/etc/security/keytabs/scm.keytab' saved [140/140]
s3g_1       |      0K                                                       100% 17.3M=0s
datanode_3  | 
datanode_2  | Keytab name: FILE:/etc/security/keytabs/scm.keytab
recon_1     | Keytab name: FILE:/etc/security/keytabs/scm.keytab
kms_1       | 
scm_1       | 
datanode_1  | 
kdc_1       | WARNING: no policy specified for dn/da5ea24a4551@EXAMPLE.COM; defaulting to no policy
om_1        | 
s3g_1       | 
datanode_2  | KVNO Timestamp         Principal
recon_1     | KVNO Timestamp         Principal
datanode_3  | Keytab name: FILE:/etc/security/keytabs/scm.keytab
kms_1       |      0K                                                       100% 22.1M=0s
scm_1       | 2019-11-04 16:15:08 (12.0 MB/s) - '/etc/security/keytabs/scm.keytab' saved [142/142]
datanode_1  |      0K                                                       100% 19.7M=0s
kdc_1       | Principal "dn/da5ea24a4551@EXAMPLE.COM" created.
om_1        | Keytab name: FILE:/etc/security/keytabs/scm.keytab
datanode_2  | ---- ----------------- --------------------------------------------------------
s3g_1       | 2019-11-04 16:15:11 (17.3 MB/s) - '/etc/security/keytabs/scm.keytab' saved [142/142]
recon_1     | ---- ----------------- --------------------------------------------------------
datanode_3  | KVNO Timestamp         Principal
kms_1       | 
scm_1       | 
kdc_1       | Authenticating as principal admin/admin with keytab /tmp/admin.keytab.
datanode_2  |    2 11/04/19 16:15:10 scm/571675d417c0@EXAMPLE.COM
om_1        | KVNO Timestamp         Principal
datanode_1  | 
s3g_1       | 
recon_1     |    2 11/04/19 16:15:30 scm/recon@EXAMPLE.COM
datanode_3  | ---- ----------------- --------------------------------------------------------
kms_1       | 2019-11-04 16:15:11 (22.1 MB/s) - '/etc/security/keytabs/HTTP.keytab' saved [162/162]
scm_1       | Keytab name: FILE:/etc/security/keytabs/scm.keytab
kdc_1       | Entry for principal dn/da5ea24a4551@EXAMPLE.COM with kvno 2, encryption type aes256-cts-hmac-sha1-96 added to keytab WRFILE:/data/dn.da5ea24a4551.keytab.
datanode_2  |    2 11/04/19 16:15:10 scm/571675d417c0@EXAMPLE.COM
datanode_1  | 2019-11-04 16:15:09 (19.7 MB/s) - '/etc/security/keytabs/scm.keytab' saved [160/160]
om_1        | ---- ----------------- --------------------------------------------------------
s3g_1       | Keytab name: FILE:/etc/security/keytabs/scm.keytab
recon_1     |    2 11/04/19 16:15:30 scm/recon@EXAMPLE.COM
datanode_3  |    2 11/04/19 16:15:09 scm/da5ea24a4551@EXAMPLE.COM
kms_1       | 
scm_1       | KVNO Timestamp         Principal
kdc_1       | Entry for principal dn/da5ea24a4551@EXAMPLE.COM with kvno 2, encryption type aes128-cts-hmac-sha1-96 added to keytab WRFILE:/data/dn.da5ea24a4551.keytab.
datanode_2  | Download HTTP/571675d417c0@EXAMPLE.COM keytab file to /etc/security/keytabs/HTTP.keytab
datanode_1  | 
om_1        |    2 11/04/19 16:15:08 scm/om@EXAMPLE.COM
s3g_1       | KVNO Timestamp         Principal
recon_1     | Download HTTP/recon@EXAMPLE.COM keytab file to /etc/security/keytabs/HTTP.keytab
kms_1       | Keytab name: FILE:/etc/security/keytabs/HTTP.keytab
scm_1       | ---- ----------------- --------------------------------------------------------
kdc_1       | Generiting keytab
datanode_3  |    2 11/04/19 16:15:09 scm/da5ea24a4551@EXAMPLE.COM
datanode_2  | --2019-11-04 16:15:10--  http://kdc:8081/keytab/571675d417c0/HTTP
datanode_1  | Keytab name: FILE:/etc/security/keytabs/scm.keytab
om_1        |    2 11/04/19 16:15:08 scm/om@EXAMPLE.COM
s3g_1       | ---- ----------------- --------------------------------------------------------
recon_1     | --2019-11-04 16:15:30--  http://kdc:8081/keytab/recon/HTTP
kms_1       | KVNO Timestamp         Principal
kdc_1       | Authenticating as principal admin/admin with keytab /tmp/admin.keytab.
scm_1       |    2 11/04/19 16:15:08 scm/scm@EXAMPLE.COM
datanode_3  | Download HTTP/da5ea24a4551@EXAMPLE.COM keytab file to /etc/security/keytabs/HTTP.keytab
datanode_2  | Resolving kdc (kdc)... 172.18.0.5
datanode_1  | KVNO Timestamp         Principal
om_1        | Download HTTP/om@EXAMPLE.COM keytab file to /etc/security/keytabs/HTTP.keytab
s3g_1       |    2 11/04/19 16:15:11 scm/s3g@EXAMPLE.COM
recon_1     | Resolving kdc (kdc)... 172.18.0.5
kms_1       | ---- ----------------- --------------------------------------------------------
kdc_1       | WARNING: no policy specified for dn/4532fb4e4ebf@EXAMPLE.COM; defaulting to no policy
scm_1       |    2 11/04/19 16:15:08 scm/scm@EXAMPLE.COM
datanode_3  | --2019-11-04 16:15:09--  http://kdc:8081/keytab/da5ea24a4551/HTTP
datanode_2  | Connecting to kdc (kdc)|172.18.0.5|:8081... connected.
datanode_1  | ---- ----------------- --------------------------------------------------------
om_1        | --2019-11-04 16:15:09--  http://kdc:8081/keytab/om/HTTP
s3g_1       |    2 11/04/19 16:15:11 scm/s3g@EXAMPLE.COM
recon_1     | Connecting to kdc (kdc)|172.18.0.5|:8081... connected.
kms_1       |    2 11/04/19 16:15:11 HTTP/3c52595d9b8d@EXAMPLE.COM
kdc_1       | Principal "dn/4532fb4e4ebf@EXAMPLE.COM" created.
scm_1       | Download HTTP/scm@EXAMPLE.COM keytab file to /etc/security/keytabs/HTTP.keytab
datanode_2  | HTTP request sent, awaiting response... 200 OK
datanode_3  | Resolving kdc (kdc)... 172.18.0.5
datanode_1  |    2 11/04/19 16:15:09 scm/4532fb4e4ebf@EXAMPLE.COM
om_1        | Resolving kdc (kdc)... 172.18.0.5
s3g_1       | Download HTTP/s3g@EXAMPLE.COM keytab file to /etc/security/keytabs/HTTP.keytab
recon_1     | HTTP request sent, awaiting response... 200 OK
kms_1       |    2 11/04/19 16:15:11 HTTP/3c52595d9b8d@EXAMPLE.COM
kdc_1       | Authenticating as principal admin/admin with keytab /tmp/admin.keytab.
scm_1       | --2019-11-04 16:15:08--  http://kdc:8081/keytab/scm/HTTP
datanode_2  | Length: 162 [application/octet-stream]
datanode_3  | Connecting to kdc (kdc)|172.18.0.5|:8081... connected.
datanode_1  |    2 11/04/19 16:15:09 scm/4532fb4e4ebf@EXAMPLE.COM
om_1        | Connecting to kdc (kdc)|172.18.0.5|:8081... connected.
s3g_1       | --2019-11-04 16:15:11--  http://kdc:8081/keytab/s3g/HTTP
recon_1     | Length: 148 [application/octet-stream]
kdc_1       | Entry for principal dn/4532fb4e4ebf@EXAMPLE.COM with kvno 2, encryption type aes256-cts-hmac-sha1-96 added to keytab WRFILE:/data/dn.4532fb4e4ebf.keytab.
scm_1       | Resolving kdc (kdc)... 172.18.0.5
kms_1       | Download testuser/3c52595d9b8d@EXAMPLE.COM keytab file to /etc/security/keytabs/testuser.keytab
datanode_2  | Saving to: '/etc/security/keytabs/HTTP.keytab'
datanode_3  | HTTP request sent, awaiting response... 200 OK
datanode_1  | Download HTTP/4532fb4e4ebf@EXAMPLE.COM keytab file to /etc/security/keytabs/HTTP.keytab
om_1        | HTTP request sent, awaiting response... 200 OK
s3g_1       | Resolving kdc (kdc)... 172.18.0.5
recon_1     | Saving to: '/etc/security/keytabs/HTTP.keytab'
kdc_1       | Entry for principal dn/4532fb4e4ebf@EXAMPLE.COM with kvno 2, encryption type aes128-cts-hmac-sha1-96 added to keytab WRFILE:/data/dn.4532fb4e4ebf.keytab.
scm_1       | Connecting to kdc (kdc)|172.18.0.5|:8081... connected.
kms_1       | --2019-11-04 16:15:11--  http://kdc:8081/keytab/3c52595d9b8d/testuser
datanode_2  | 
datanode_3  | Length: 162 [application/octet-stream]
datanode_1  | --2019-11-04 16:15:09--  http://kdc:8081/keytab/4532fb4e4ebf/HTTP
om_1        | Length: 142 [application/octet-stream]
s3g_1       | Connecting to kdc (kdc)|172.18.0.5|:8081... connected.
recon_1     | 
kdc_1       | Generiting keytab
scm_1       | HTTP request sent, awaiting response... 200 OK
kms_1       | Resolving kdc (kdc)... 172.18.0.5
datanode_2  |      0K                                                       100% 23.6M=0s
datanode_3  | Saving to: '/etc/security/keytabs/HTTP.keytab'
datanode_1  | Resolving kdc (kdc)... 172.18.0.5
om_1        | Saving to: '/etc/security/keytabs/HTTP.keytab'
s3g_1       | HTTP request sent, awaiting response... 200 OK
recon_1     |      0K                                                       100% 13.7M=0s
kdc_1       | Authenticating as principal admin/admin with keytab /tmp/admin.keytab.
scm_1       | Length: 144 [application/octet-stream]
kms_1       | Connecting to kdc (kdc)|172.18.0.5|:8081... connected.
datanode_2  | 
datanode_3  | 
datanode_1  | Connecting to kdc (kdc)|172.18.0.5|:8081... connected.
om_1        | 
s3g_1       | Length: 144 [application/octet-stream]
recon_1     | 
kdc_1       | WARNING: no policy specified for om/scm@EXAMPLE.COM; defaulting to no policy
kms_1       | HTTP request sent, awaiting response... 200 OK
scm_1       | Saving to: '/etc/security/keytabs/HTTP.keytab'
datanode_2  | 2019-11-04 16:15:11 (23.6 MB/s) - '/etc/security/keytabs/HTTP.keytab' saved [162/162]
datanode_3  |      0K                                                       100% 20.0M=0s
datanode_1  | HTTP request sent, awaiting response... 200 OK
om_1        |      0K                                                       100% 13.2M=0s
s3g_1       | Saving to: '/etc/security/keytabs/HTTP.keytab'
recon_1     | 2019-11-04 16:15:30 (13.7 MB/s) - '/etc/security/keytabs/HTTP.keytab' saved [148/148]
kdc_1       | Principal "om/scm@EXAMPLE.COM" created.
kms_1       | Length: 170 [application/octet-stream]
scm_1       | 
datanode_2  | 
datanode_1  | Length: 162 [application/octet-stream]
datanode_3  | 
om_1        | 
s3g_1       | 
recon_1     | 
kdc_1       | Authenticating as principal admin/admin with keytab /tmp/admin.keytab.
kms_1       | Saving to: '/etc/security/keytabs/testuser.keytab'
scm_1       |      0K                                                       100% 13.3M=0s
datanode_2  | Keytab name: FILE:/etc/security/keytabs/HTTP.keytab
datanode_1  | Saving to: '/etc/security/keytabs/HTTP.keytab'
datanode_3  | 2019-11-04 16:15:10 (20.0 MB/s) - '/etc/security/keytabs/HTTP.keytab' saved [162/162]
s3g_1       |      0K                                                       100% 12.8M=0s
om_1        | 2019-11-04 16:15:10 (13.2 MB/s) - '/etc/security/keytabs/HTTP.keytab' saved [142/142]
recon_1     | Keytab name: FILE:/etc/security/keytabs/HTTP.keytab
kdc_1       | Entry for principal om/scm@EXAMPLE.COM with kvno 2, encryption type aes256-cts-hmac-sha1-96 added to keytab WRFILE:/data/om.scm.keytab.
kms_1       | 
scm_1       | 
datanode_2  | KVNO Timestamp         Principal
datanode_1  | 
datanode_3  | 
s3g_1       | 
om_1        | 
recon_1     | KVNO Timestamp         Principal
kdc_1       | Entry for principal om/scm@EXAMPLE.COM with kvno 2, encryption type aes128-cts-hmac-sha1-96 added to keytab WRFILE:/data/om.scm.keytab.
kms_1       |      0K                                                       100% 13.5M=0s
scm_1       | 2019-11-04 16:15:10 (13.3 MB/s) - '/etc/security/keytabs/HTTP.keytab' saved [144/144]
datanode_2  | ---- ----------------- --------------------------------------------------------
datanode_1  |      0K                                                       100% 24.6M=0s
datanode_3  | Keytab name: FILE:/etc/security/keytabs/HTTP.keytab
s3g_1       | 2019-11-04 16:15:12 (12.8 MB/s) - '/etc/security/keytabs/HTTP.keytab' saved [144/144]
om_1        | Keytab name: FILE:/etc/security/keytabs/HTTP.keytab
recon_1     | ---- ----------------- --------------------------------------------------------
kdc_1       | Generiting keytab
kms_1       | 
scm_1       | 
datanode_2  |    2 11/04/19 16:15:11 HTTP/571675d417c0@EXAMPLE.COM
datanode_1  | 
s3g_1       | 
datanode_3  | KVNO Timestamp         Principal
om_1        | KVNO Timestamp         Principal
recon_1     |    2 11/04/19 16:15:30 HTTP/recon@EXAMPLE.COM
kdc_1       | Authenticating as principal admin/admin with keytab /tmp/admin.keytab.
kms_1       | 2019-11-04 16:15:12 (13.5 MB/s) - '/etc/security/keytabs/testuser.keytab' saved [170/170]
scm_1       | Keytab name: FILE:/etc/security/keytabs/HTTP.keytab
datanode_2  |    2 11/04/19 16:15:11 HTTP/571675d417c0@EXAMPLE.COM
datanode_1  | 2019-11-04 16:15:10 (24.6 MB/s) - '/etc/security/keytabs/HTTP.keytab' saved [162/162]
s3g_1       | Keytab name: FILE:/etc/security/keytabs/HTTP.keytab
datanode_3  | ---- ----------------- --------------------------------------------------------
om_1        | ---- ----------------- --------------------------------------------------------
recon_1     |    2 11/04/19 16:15:30 HTTP/recon@EXAMPLE.COM
kdc_1       | WARNING: no policy specified for dn/3c52595d9b8d@EXAMPLE.COM; defaulting to no policy
scm_1       | KVNO Timestamp         Principal
kms_1       | 
datanode_2  | Download testuser/571675d417c0@EXAMPLE.COM keytab file to /etc/security/keytabs/testuser.keytab
datanode_1  | 
s3g_1       | KVNO Timestamp         Principal
datanode_3  |    2 11/04/19 16:15:10 HTTP/da5ea24a4551@EXAMPLE.COM
om_1        |    2 11/04/19 16:15:10 HTTP/om@EXAMPLE.COM
recon_1     | Download testuser/recon@EXAMPLE.COM keytab file to /etc/security/keytabs/testuser.keytab
kdc_1       | Principal "dn/3c52595d9b8d@EXAMPLE.COM" created.
scm_1       | ---- ----------------- --------------------------------------------------------
kms_1       | Keytab name: FILE:/etc/security/keytabs/testuser.keytab
datanode_2  | --2019-11-04 16:15:11--  http://kdc:8081/keytab/571675d417c0/testuser
datanode_1  | Keytab name: FILE:/etc/security/keytabs/HTTP.keytab
s3g_1       | ---- ----------------- --------------------------------------------------------
datanode_3  |    2 11/04/19 16:15:10 HTTP/da5ea24a4551@EXAMPLE.COM
om_1        |    2 11/04/19 16:15:10 HTTP/om@EXAMPLE.COM
recon_1     | --2019-11-04 16:15:30--  http://kdc:8081/keytab/recon/testuser
kdc_1       | Authenticating as principal admin/admin with keytab /tmp/admin.keytab.
scm_1       |    2 11/04/19 16:15:09 HTTP/scm@EXAMPLE.COM
kms_1       | KVNO Timestamp         Principal
datanode_2  | Resolving kdc (kdc)... 172.18.0.5
datanode_1  | KVNO Timestamp         Principal
s3g_1       |    2 11/04/19 16:15:12 HTTP/s3g@EXAMPLE.COM
datanode_3  | Download testuser/da5ea24a4551@EXAMPLE.COM keytab file to /etc/security/keytabs/testuser.keytab
om_1        | Download testuser/om@EXAMPLE.COM keytab file to /etc/security/keytabs/testuser.keytab
recon_1     | Resolving kdc (kdc)... 172.18.0.5
scm_1       |    2 11/04/19 16:15:09 HTTP/scm@EXAMPLE.COM
kms_1       | ---- ----------------- --------------------------------------------------------
datanode_2  | Connecting to kdc (kdc)|172.18.0.5|:8081... connected.
datanode_1  | ---- ----------------- --------------------------------------------------------
s3g_1       |    2 11/04/19 16:15:12 HTTP/s3g@EXAMPLE.COM
om_1        | --2019-11-04 16:15:10--  http://kdc:8081/keytab/om/testuser
datanode_3  | --2019-11-04 16:15:10--  http://kdc:8081/keytab/da5ea24a4551/testuser
kdc_1       | Entry for principal dn/3c52595d9b8d@EXAMPLE.COM with kvno 2, encryption type aes256-cts-hmac-sha1-96 added to keytab WRFILE:/data/dn.3c52595d9b8d.keytab.
recon_1     | Connecting to kdc (kdc)|172.18.0.5|:8081... connected.
scm_1       | Download testuser/scm@EXAMPLE.COM keytab file to /etc/security/keytabs/testuser.keytab
kms_1       |    2 11/04/19 16:15:12 testuser/3c52595d9b8d@EXAMPLE.COM
datanode_2  | HTTP request sent, awaiting response... 200 OK
datanode_1  |    2 11/04/19 16:15:10 HTTP/4532fb4e4ebf@EXAMPLE.COM
s3g_1       | Download testuser/s3g@EXAMPLE.COM keytab file to /etc/security/keytabs/testuser.keytab
om_1        | Resolving kdc (kdc)... 172.18.0.5
datanode_3  | Resolving kdc (kdc)... 172.18.0.5
kdc_1       | Entry for principal dn/3c52595d9b8d@EXAMPLE.COM with kvno 2, encryption type aes128-cts-hmac-sha1-96 added to keytab WRFILE:/data/dn.3c52595d9b8d.keytab.
recon_1     | HTTP request sent, awaiting response... 200 OK
kms_1       |    2 11/04/19 16:15:12 testuser/3c52595d9b8d@EXAMPLE.COM
datanode_1  |    2 11/04/19 16:15:10 HTTP/4532fb4e4ebf@EXAMPLE.COM
datanode_2  | Length: 170 [application/octet-stream]
scm_1       | --2019-11-04 16:15:10--  http://kdc:8081/keytab/scm/testuser
om_1        | Connecting to kdc (kdc)|172.18.0.5|:8081... connected.
s3g_1       | --2019-11-04 16:15:12--  http://kdc:8081/keytab/s3g/testuser
datanode_3  | Connecting to kdc (kdc)|172.18.0.5|:8081... connected.
kdc_1       | Generiting keytab
recon_1     | Length: 156 [application/octet-stream]
kms_1       | Download testuser2/3c52595d9b8d@EXAMPLE.COM keytab file to /etc/security/keytabs/testuser2.keytab
datanode_1  | Download testuser/4532fb4e4ebf@EXAMPLE.COM keytab file to /etc/security/keytabs/testuser.keytab
datanode_2  | Saving to: '/etc/security/keytabs/testuser.keytab'
scm_1       | Resolving kdc (kdc)... 172.18.0.5
om_1        | HTTP request sent, awaiting response... 200 OK
s3g_1       | Resolving kdc (kdc)... 172.18.0.5
datanode_3  | HTTP request sent, awaiting response... 200 OK
kdc_1       | Authenticating as principal admin/admin with keytab /tmp/admin.keytab.
recon_1     | Saving to: '/etc/security/keytabs/testuser.keytab'
kms_1       | --2019-11-04 16:15:12--  http://kdc:8081/keytab/3c52595d9b8d/testuser2
datanode_1  | --2019-11-04 16:15:10--  http://kdc:8081/keytab/4532fb4e4ebf/testuser
datanode_2  | 
scm_1       | Connecting to kdc (kdc)|172.18.0.5|:8081... connected.
om_1        | Length: 150 [application/octet-stream]
s3g_1       | Connecting to kdc (kdc)|172.18.0.5|:8081... connected.
datanode_3  | Length: 170 [application/octet-stream]
kdc_1       | Nov 04 16:15:06 kdc kadmind[15](Notice): Request: kadm5_init, admin/admin@EXAMPLE.COM, success, client=admin/admin@EXAMPLE.COM, service=kadmin/admin@EXAMPLE.COM, addr=127.0.0.1, vers=4, flavor=6
recon_1     | 
kms_1       | Resolving kdc (kdc)... 172.18.0.5
datanode_1  | Resolving kdc (kdc)... 172.18.0.5
datanode_2  |      0K                                                       100% 8.21M=0s
scm_1       | HTTP request sent, awaiting response... 200 OK
om_1        | Saving to: '/etc/security/keytabs/testuser.keytab'
s3g_1       | HTTP request sent, awaiting response... 200 OK
datanode_3  | Saving to: '/etc/security/keytabs/testuser.keytab'
kdc_1       | Nov 04 16:15:06 kdc kadmind[15](Notice): Request: kadm5_get_policy, default, Policy does not exist, client=admin/admin@EXAMPLE.COM, service=kadmin/admin@EXAMPLE.COM, addr=127.0.0.1
recon_1     |      0K                                                       100% 12.6M=0s
kms_1       | Connecting to kdc (kdc)|172.18.0.5|:8081... connected.
datanode_1  | Connecting to kdc (kdc)|172.18.0.5|:8081... connected.
datanode_2  | 
scm_1       | Length: 152 [application/octet-stream]
s3g_1       | Length: 152 [application/octet-stream]
datanode_3  | 
om_1        | 
kdc_1       | Nov 04 16:15:06 kdc kadmind[15](Notice): Request: kadm5_create_principal, test/test@EXAMPLE.COM, success, client=admin/admin@EXAMPLE.COM, service=kadmin/admin@EXAMPLE.COM, addr=127.0.0.1
recon_1     | 
kms_1       | HTTP request sent, awaiting response... 200 OK
datanode_1  | HTTP request sent, awaiting response... 200 OK
scm_1       | Saving to: '/etc/security/keytabs/testuser.keytab'
datanode_2  | 2019-11-04 16:15:12 (8.21 MB/s) - '/etc/security/keytabs/testuser.keytab' saved [170/170]
s3g_1       | Saving to: '/etc/security/keytabs/testuser.keytab'
datanode_3  |      0K                                                       100% 13.4M=0s
om_1        |      0K                                                       100% 10.3M=0s
kdc_1       | Nov 04 16:15:06 kdc kadmind[15](info): closing down fd 18
recon_1     | 2019-11-04 16:15:30 (12.6 MB/s) - '/etc/security/keytabs/testuser.keytab' saved [156/156]
kms_1       | Length: 172 [application/octet-stream]
datanode_1  | Length: 170 [application/octet-stream]
scm_1       | 
datanode_2  | 
s3g_1       | 
datanode_3  | 
om_1        | 
kdc_1       | Nov 04 16:15:06 kdc kadmind[15](Notice): Request: kadm5_init, admin/admin@EXAMPLE.COM, success, client=admin/admin@EXAMPLE.COM, service=kadmin/admin@EXAMPLE.COM, addr=127.0.0.1, vers=4, flavor=6
recon_1     | 
kms_1       | Saving to: '/etc/security/keytabs/testuser2.keytab'
datanode_1  | Saving to: '/etc/security/keytabs/testuser.keytab'
scm_1       |      0K                                                       100% 12.5M=0s
datanode_2  | Keytab name: FILE:/etc/security/keytabs/testuser.keytab
s3g_1       |      0K                                                       100% 14.4M=0s
datanode_3  | 2019-11-04 16:15:11 (13.4 MB/s) - '/etc/security/keytabs/testuser.keytab' saved [170/170]
om_1        | 2019-11-04 16:15:11 (10.3 MB/s) - '/etc/security/keytabs/testuser.keytab' saved [150/150]
kdc_1       | Nov 04 16:15:06 kdc kadmind[15](Notice): Request: kadm5_randkey_principal, test/test@EXAMPLE.COM, success, client=admin/admin@EXAMPLE.COM, service=kadmin/admin@EXAMPLE.COM, addr=127.0.0.1
recon_1     | Keytab name: FILE:/etc/security/keytabs/testuser.keytab
kms_1       | 
datanode_1  | 
datanode_2  | KVNO Timestamp         Principal
datanode_3  | 
s3g_1       | 
scm_1       | 
om_1        | 
kdc_1       | Nov 04 16:15:06 kdc kadmind[15](Notice): Request: kadm5_get_principal, test/test@EXAMPLE.COM, success, client=admin/admin@EXAMPLE.COM, service=kadmin/admin@EXAMPLE.COM, addr=127.0.0.1
recon_1     | KVNO Timestamp         Principal
datanode_1  |      0K                                                       100% 16.1M=0s
kms_1       |      0K                                                       100% 10.7M=0s
datanode_2  | ---- ----------------- --------------------------------------------------------
datanode_3  | Keytab name: FILE:/etc/security/keytabs/testuser.keytab
s3g_1       | 2019-11-04 16:15:13 (14.4 MB/s) - '/etc/security/keytabs/testuser.keytab' saved [152/152]
