om_1        | STARTUP_MSG:   classpath = /etc/hadoop:/opt/hadoop/share/hadoop/common/*:/opt/hadoop/share/ozone/lib/kerb-simplekdc-1.0.1.jar:/opt/hadoop/share/ozone/lib/protobuf-java-2.5.0.jar:/opt/hadoop/share/ozone/lib/bcpkix-jdk15on-1.60.jar:/opt/hadoop/share/ozone/lib/sqlite-jdbc-3.25.2.jar:/opt/hadoop/share/ozone/lib/netty-3.10.5.Final.jar:/opt/hadoop/share/ozone/lib/commons-validator-1.6.jar:/opt/hadoop/share/ozone/lib/jaxb-impl-2.3.0.1.jar:/opt/hadoop/share/ozone/lib/kerb-core-1.0.1.jar:/opt/hadoop/share/ozone/lib/hadoop-ozone-common-0.5.0-SNAPSHOT.jar:/opt/hadoop/share/ozone/lib/ratis-thirdparty-misc-0.2.0.jar:/opt/hadoop/share/ozone/lib/jsr305-3.0.0.jar:/opt/hadoop/share/ozone/lib/leveldbjni-all-1.8.jar:/opt/hadoop/share/ozone/lib/htrace-core4-4.1.0-incubating.jar:/opt/hadoop/share/ozone/lib/hadoop-annotations-3.2.0.jar:/opt/hadoop/share/ozone/lib/hadoop-hdds-tools-0.5.0-SNAPSHOT.jar:/opt/hadoop/share/ozone/lib/kerb-util-1.0.1.jar:/opt/hadoop/share/ozone/lib/jackson-jaxrs-1.9.13.jar:/opt/hadoop/share/ozone/lib/ratis-server-0.5.0-d6d58d0-SNAPSHOT.jar:/opt/hadoop/share/ozone/lib/kerby-xdr-1.0.1.jar:/opt/hadoop/share/ozone/lib/jetty-webapp-9.3.25.v20180904.jar:/opt/hadoop/share/ozone/lib/jackson-core-asl-1.9.13.jar:/opt/hadoop/share/ozone/lib/commons-net-3.6.jar:/opt/hadoop/share/ozone/lib/log4j-api-2.11.0.jar:/opt/hadoop/share/ozone/lib/netty-all-4.0.52.Final.jar:/opt/hadoop/share/ozone/lib/hadoop-hdfs-3.2.0.jar:/opt/hadoop/share/ozone/lib/jline-0.9.94.jar:/opt/hadoop/share/ozone/lib/opentracing-api-0.31.0.jar:/opt/hadoop/share/ozone/lib/hadoop-hdds-server-framework-0.5.0-SNAPSHOT.jar:/opt/hadoop/share/ozone/lib/slf4j-log4j12-1.7.25.jar:/opt/hadoop/share/ozone/lib/hadoop-hdfs-client-3.2.0.jar:/opt/hadoop/share/ozone/lib/kerby-config-1.0.1.jar:/opt/hadoop/share/ozone/lib/jetty-util-9.3.25.v20180904.jar:/opt/hadoop/share/ozone/lib/libthrift-0.12.0.jar:/opt/hadoop/share/ozone/lib/metrics-core-3.2.4.jar:/opt/hadoop/share/ozone/lib/kerby-pkix-1.0.1.jar:/opt/hadoop/share/ozone/lib/xz-1.0.jar:/opt/hadoop/share/ozone/lib/hadoop-hdds-config-0.5.0-SNAPSHOT.jar:/opt/hadoop/share/ozone/lib/nimbus-jose-jwt-4.41.1.jar:/opt/hadoop/share/ozone/lib/jsr311-api-1.1.1.jar:/opt/hadoop/share/ozone/lib/commons-beanutils-1.9.4.jar:/opt/hadoop/share/ozone/lib/ratis-grpc-0.5.0-d6d58d0-SNAPSHOT.jar:/opt/hadoop/share/ozone/lib/ratis-netty-0.5.0-d6d58d0-SNAPSHOT.jar:/opt/hadoop/share/ozone/lib/javax.servlet-api-3.1.0.jar:/opt/hadoop/share/ozone/lib/kerb-server-1.0.1.jar:/opt/hadoop/share/ozone/lib/zookeeper-3.4.13.jar:/opt/hadoop/share/ozone/lib/avro-1.7.7.jar:/opt/hadoop/share/ozone/lib/kerb-client-1.0.1.jar:/opt/hadoop/share/ozone/lib/jackson-xc-1.9.13.jar:/opt/hadoop/share/ozone/lib/disruptor-3.4.2.jar:/opt/hadoop/share/ozone/lib/guava-11.0.2.jar:/opt/hadoop/share/ozone/lib/ratis-client-0.5.0-d6d58d0-SNAPSHOT.jar:/opt/hadoop/share/ozone/lib/hadoop-hdds-common-0.5.0-SNAPSHOT.jar:/opt/hadoop/share/ozone/lib/curator-framework-2.12.0.jar:/opt/hadoop/share/ozone/lib/dnsjava-2.1.7.jar:/opt/hadoop/share/ozone/lib/commons-configuration2-2.1.1.jar:/opt/hadoop/share/ozone/lib/json-smart-2.3.jar:/opt/hadoop/share/ozone/lib/token-provider-1.0.1.jar:/opt/hadoop/share/ozone/lib/log4j-1.2.17.jar:/opt/hadoop/share/ozone/lib/commons-daemon-1.0.13.jar:/opt/hadoop/share/ozone/lib/bcprov-jdk15on-1.60.jar:/opt/hadoop/share/ozone/lib/ratis-metrics-0.5.0-d6d58d0-SNAPSHOT.jar:/opt/hadoop/share/ozone/lib/commons-lang3-3.7.jar:/opt/hadoop/share/ozone/lib/commons-compress-1.4.1.jar:/opt/hadoop/share/ozone/lib/jaeger-client-0.34.0.jar:/opt/hadoop/share/ozone/lib/jetty-server-9.3.25.v20180904.jar:/opt/hadoop/share/ozone/lib/accessors-smart-1.2.jar:/opt/hadoop/share/ozone/lib/re2j-1.1.jar:/opt/hadoop/share/ozone/lib/curator-recipes-2.12.0.jar:/opt/hadoop/share/ozone/lib/jackson-core-2.9.9.jar:/opt/hadoop/share/ozone/lib/commons-math3-3.1.1.jar:/opt/hadoop/share/ozone/lib/opentracing-noop-0.31.0.jar:/opt/hadoop/share/ozone/lib/httpclient-4.5.2.jar:/opt/hadoop/share/ozone/lib/jaeger-core-0.34.0.jar:/opt/hadoop/share/ozone/lib/asm-5.0.4.jar:/opt/hadoop/share/ozone/lib/curator-client-2.12.0.jar:/opt/hadoop/share/ozone/lib/audience-annotations-0.5.0.jar:/opt/hadoop/share/ozone/lib/kerby-util-1.0.1.jar:/opt/hadoop/share/ozone/lib/jackson-mapper-asl-1.9.13.jar:/opt/hadoop/share/ozone/lib/rocksdbjni-6.0.1.jar:/opt/hadoop/share/ozone/lib/jsp-api-2.1.jar:/opt/hadoop/share/ozone/lib/jsch-0.1.54.jar:/opt/hadoop/share/ozone/lib/opentracing-tracerresolver-0.1.5.jar:/opt/hadoop/share/ozone/lib/paranamer-2.3.jar:/opt/hadoop/share/ozone/lib/log4j-core-2.11.0.jar:/opt/hadoop/share/ozone/lib/jetty-io-9.3.25.v20180904.jar:/opt/hadoop/share/ozone/lib/jetty-xml-9.3.25.v20180904.jar:/opt/hadoop/share/ozone/lib/commons-codec-1.11.jar:/opt/hadoop/share/ozone/lib/commons-pool2-2.6.0.jar:/opt/hadoop/share/ozone/lib/gson-2.2.4.jar:/opt/hadoop/share/ozone/lib/jcip-annotations-1.0-1.jar:/opt/hadoop/share/ozone/lib/kerb-admin-1.0.1.jar:/opt/hadoop/share/ozone/lib/okio-1.13.0.jar:/opt/hadoop/share/ozone/lib/commons-io-2.5.jar:/opt/hadoop/share/ozone/lib/snakeyaml-1.16.jar:/opt/hadoop/share/ozone/lib/hadoop-ozone-client-0.5.0-SNAPSHOT.jar:/opt/hadoop/share/ozone/lib/jersey-core-1.19.jar:/opt/hadoop/share/ozone/lib/jackson-databind-2.9.9.jar:/opt/hadoop/share/ozone/lib/hadoop-hdds-container-service-0.5.0-SNAPSHOT.jar:/opt/hadoop/share/ozone/lib/picocli-3.9.6.jar:/opt/hadoop/share/ozone/lib/jaeger-thrift-0.34.0.jar:/opt/hadoop/share/ozone/lib/ratis-common-0.5.0-d6d58d0-SNAPSHOT.jar:/opt/hadoop/share/ozone/lib/jackson-annotations-2.9.9.jar:/opt/hadoop/share/ozone/lib/commons-cli-1.2.jar:/opt/hadoop/share/ozone/lib/hadoop-hdds-docs-0.5.0-SNAPSHOT.jar:/opt/hadoop/share/ozone/lib/woodstox-core-5.0.3.jar:/opt/hadoop/share/ozone/lib/javax.annotation-api-1.2.jar:/opt/hadoop/share/ozone/lib/snappy-java-1.0.5.jar:/opt/hadoop/share/ozone/lib/jaeger-tracerresolver-0.34.0.jar:/opt/hadoop/share/ozone/lib/jetty-security-9.3.25.v20180904.jar:/opt/hadoop/share/ozone/lib/jetty-http-9.3.25.v20180904.jar:/opt/hadoop/share/ozone/lib/kerby-asn1-1.0.1.jar:/opt/hadoop/share/ozone/lib/okhttp-3.9.0.jar:/opt/hadoop/share/ozone/lib/stax2-api-3.1.4.jar:/opt/hadoop/share/ozone/lib/commons-digester-1.8.1.jar:/opt/hadoop/share/ozone/lib/commons-collections-3.2.2.jar:/opt/hadoop/share/ozone/lib/jettison-1.1.jar:/opt/hadoop/share/ozone/lib/commons-text-1.4.jar:/opt/hadoop/share/ozone/lib/jersey-servlet-1.19.jar:/opt/hadoop/share/ozone/lib/jersey-json-1.19.jar:/opt/hadoop/share/ozone/lib/slf4j-api-1.7.25.jar:/opt/hadoop/share/ozone/lib/jetty-util-ajax-9.3.25.v20180904.jar:/opt/hadoop/share/ozone/lib/commons-logging-1.1.3.jar:/opt/hadoop/share/ozone/lib/hadoop-hdds-client-0.5.0-SNAPSHOT.jar:/opt/hadoop/share/ozone/lib/kerb-identity-1.0.1.jar:/opt/hadoop/share/ozone/lib/ratis-proto-0.5.0-d6d58d0-SNAPSHOT.jar:/opt/hadoop/share/ozone/lib/opentracing-util-0.31.0.jar:/opt/hadoop/share/ozone/lib/hadoop-common-3.2.0.jar:/opt/hadoop/share/ozone/lib/hadoop-auth-3.2.0.jar:/opt/hadoop/share/ozone/lib/kerb-common-1.0.1.jar:/opt/hadoop/share/ozone/lib/jetty-servlet-9.3.25.v20180904.jar:/opt/hadoop/share/ozone/lib/jersey-server-1.19.jar:/opt/hadoop/share/ozone/lib/kerb-crypto-1.0.1.jar:/opt/hadoop/share/ozone/lib/httpcore-4.4.4.jar:/opt/hadoop/share/ozone/web:/opt/hadoop/share/ozone/lib/hadoop-ozone-ozone-manager-0.5.0-SNAPSHOT.jar
datanode_1  | 2019-10-30 05:03:53,471 INFO http.HttpServer2: Added global filter 'safety' (class=org.apache.hadoop.http.HttpServer2$QuotingInputFilter)
rm_1        | 2019-10-30 05:03:51 INFO  Configuration:2755 - found resource yarn-site.xml at file:/opt/hadoop/etc/hadoop/yarn-site.xml
datanode_2  | 2019-10-30 05:03:54,126 INFO handler.ContextHandler: Started o.e.j.w.WebAppContext@17dd671f{/,file:///tmp/jetty-0.0.0.0-9882-hddsDatanode-_-any-5974739863767780550.dir/webapp/,AVAILABLE}{/hddsDatanode}
datanode_3  | 2019-10-30 05:03:54,003 INFO http.HttpServer2: Added filter static_user_filter (class=org.apache.hadoop.http.lib.StaticUserWebFilter$StaticUserFilter) to context hddsDatanode
nm_1        | 2019-10-30 05:03:51 INFO  NodeManager:51 - registered UNIX signal handlers for [TERM, HUP, INT]
scm_1       | 2019-10-30 05:03:53,192 INFO db.DBStoreBuilder: using custom profile for table: deletedBlocks
om_1        | STARTUP_MSG:   build = https://github.com/apache/hadoop.git -r e97acb3bd8f3befd27418996fa5d4b50bf2e17bf; compiled by 'sunilg' on 2019-01-15T17:34Z
datanode_1  | 2019-10-30 05:03:53,473 INFO http.HttpServer2: Added filter static_user_filter (class=org.apache.hadoop.http.lib.StaticUserWebFilter$StaticUserFilter) to context hddsDatanode
rm_1        | 2019-10-30 05:03:51 INFO  AsyncDispatcher:223 - Registering class org.apache.hadoop.yarn.server.resourcemanager.RMFatalEventType for class org.apache.hadoop.yarn.server.resourcemanager.ResourceManager$RMFatalEventDispatcher
datanode_2  | 2019-10-30 05:03:54,135 INFO server.AbstractConnector: Started ServerConnector@5875de6a{HTTP/1.1,[http/1.1]}{0.0.0.0:9882}
datanode_3  | 2019-10-30 05:03:54,004 INFO http.HttpServer2: Added filter static_user_filter (class=org.apache.hadoop.http.lib.StaticUserWebFilter$StaticUserFilter) to context logs
nm_1        | 2019-10-30 05:03:52 INFO  NodeManager:322 - Node Manager health check script is not available or doesn't have execute permission, so not starting the node health script runner.
scm_1       | 2019-10-30 05:03:53,192 INFO db.DBStoreBuilder: Using default column profile:DBProfile.DISK for Table:deletedBlocks
rm_1        | 2019-10-30 05:03:51 INFO  NMTokenSecretManagerInRM:75 - NMTokenKeyRollingInterval: 86400000ms and NMTokenKeyActivationDelay: 900000ms
datanode_1  | 2019-10-30 05:03:53,473 INFO http.HttpServer2: Added filter static_user_filter (class=org.apache.hadoop.http.lib.StaticUserWebFilter$StaticUserFilter) to context logs
om_1        | STARTUP_MSG:   java = 11.0.3
datanode_2  | 2019-10-30 05:03:54,136 INFO server.Server: Started @3856ms
datanode_3  | 2019-10-30 05:03:54,004 INFO http.HttpServer2: Added filter static_user_filter (class=org.apache.hadoop.http.lib.StaticUserWebFilter$StaticUserFilter) to context static
nm_1        | 2019-10-30 05:03:52 INFO  AsyncDispatcher:223 - Registering class org.apache.hadoop.yarn.server.nodemanager.containermanager.container.ContainerEventType for class org.apache.hadoop.yarn.server.nodemanager.containermanager.ContainerManagerImpl$ContainerEventDispatcher
scm_1       | 2019-10-30 05:03:53,192 INFO db.DBStoreBuilder: using custom profile for table: validCerts
rm_1        | 2019-10-30 05:03:51 INFO  RMContainerTokenSecretManager:81 - ContainerTokenKeyRollingInterval: 86400000ms and ContainerTokenKeyActivationDelay: 900000ms
datanode_1  | 2019-10-30 05:03:53,473 INFO http.HttpServer2: Added filter static_user_filter (class=org.apache.hadoop.http.lib.StaticUserWebFilter$StaticUserFilter) to context static
om_1        | ************************************************************/
datanode_2  | 2019-10-30 05:03:54,139 INFO impl.MetricsSinkAdapter: Sink prometheus started
datanode_3  | 2019-10-30 05:03:54,041 INFO http.HttpServer2: Jetty bound to port 9882
nm_1        | 2019-10-30 05:03:52 INFO  AsyncDispatcher:223 - Registering class org.apache.hadoop.yarn.server.nodemanager.containermanager.application.ApplicationEventType for class org.apache.hadoop.yarn.server.nodemanager.containermanager.ContainerManagerImpl$ApplicationEventDispatcher
scm_1       | 2019-10-30 05:03:53,192 INFO db.DBStoreBuilder: Using default column profile:DBProfile.DISK for Table:validCerts
rm_1        | 2019-10-30 05:03:51 INFO  AMRMTokenSecretManager:94 - AMRMTokenKeyRollingInterval: 86400000ms and AMRMTokenKeyActivationDelay: 900000 ms
datanode_1  | 2019-10-30 05:03:53,508 INFO http.HttpServer2: Jetty bound to port 9882
om_1        | 2019-10-30 05:03:59,039 [main] INFO       - registered UNIX signal handlers for [TERM, HUP, INT]
datanode_2  | 2019-10-30 05:03:54,139 INFO impl.MetricsSystemImpl: Registered sink prometheus
datanode_3  | 2019-10-30 05:03:54,043 INFO server.Server: jetty-9.3.25.v20180904, build timestamp: 2018-09-04T21:11:46Z, git hash: 3ce520221d0240229c862b122d2b06c12a625732
nm_1        | 2019-10-30 05:03:52 INFO  AsyncDispatcher:223 - Registering class org.apache.hadoop.yarn.server.nodemanager.containermanager.localizer.event.LocalizationEventType for class org.apache.hadoop.yarn.server.nodemanager.containermanager.ContainerManagerImpl$LocalizationEventHandlerWrapper
scm_1       | 2019-10-30 05:03:53,193 INFO db.DBStoreBuilder: using custom profile for table: revokedCerts
rm_1        | 2019-10-30 05:03:51 INFO  AsyncDispatcher:223 - Registering class org.apache.hadoop.yarn.server.resourcemanager.recovery.RMStateStoreEventType for class org.apache.hadoop.yarn.server.resourcemanager.recovery.RMStateStore$ForwardingEventHandler
om_1        | 2019-10-30 05:03:59,999 [main] INFO       - Configuration either no ozone.om.address set. Falling back to the default OM address om/172.18.0.2:9862
datanode_2  | 2019-10-30 05:03:54,141 INFO server.BaseHttpServer: HTTP server of HDDSDATANODE is listening at http://0.0.0.0:9882
datanode_3  | 2019-10-30 05:03:54,079 INFO handler.ContextHandler: Started o.e.j.s.ServletContextHandler@1cc680e{/logs,file:///var/log/hadoop/,AVAILABLE}
nm_1        | 2019-10-30 05:03:52 INFO  AsyncDispatcher:223 - Registering class org.apache.hadoop.yarn.server.nodemanager.containermanager.AuxServicesEventType for class org.apache.hadoop.yarn.server.nodemanager.containermanager.AuxServices
scm_1       | 2019-10-30 05:03:53,193 INFO db.DBStoreBuilder: Using default column profile:DBProfile.DISK for Table:revokedCerts
rm_1        | 2019-10-30 05:03:51 INFO  AsyncDispatcher:223 - Registering class org.apache.hadoop.yarn.server.resourcemanager.NodesListManagerEventType for class org.apache.hadoop.yarn.server.resourcemanager.NodesListManager
om_1        | 2019-10-30 05:04:00,000 [main] INFO       - OM Service ID is not set. Setting it to the default ID: omServiceIdDefault
datanode_2  | 2019-10-30 05:03:54,157 INFO util.JvmPauseMonitor: Starting JVM pause monitor
datanode_1  | 2019-10-30 05:03:53,509 INFO server.Server: jetty-9.3.25.v20180904, build timestamp: 2018-09-04T21:11:46Z, git hash: 3ce520221d0240229c862b122d2b06c12a625732
datanode_3  | 2019-10-30 05:03:54,080 INFO handler.ContextHandler: Started o.e.j.s.ServletContextHandler@6f94fb9d{/static,jar:file:/opt/hadoop/share/ozone/lib/hadoop-hdds-container-service-0.5.0-SNAPSHOT.jar!/webapps/static,AVAILABLE}
nm_1        | 2019-10-30 05:03:52 INFO  AsyncDispatcher:223 - Registering class org.apache.hadoop.yarn.server.nodemanager.containermanager.monitor.ContainersMonitorEventType for class org.apache.hadoop.yarn.server.nodemanager.containermanager.monitor.ContainersMonitorImpl
rm_1        | 2019-10-30 05:03:51 INFO  ResourceManager:440 - Using Scheduler: org.apache.hadoop.yarn.server.resourcemanager.scheduler.capacity.CapacityScheduler
datanode_2  | 2019-10-30 05:03:54,351 [Datanode State Machine Thread - 0] INFO       - DatanodeDetails is persisted to /data/metadata/datanode.id
om_1        | 2019-10-30 05:04:00,007 WARN server.ServerUtils: ozone.om.db.dirs is not configured. We recommend adding this setting. Falling back to ozone.metadata.dirs instead.
datanode_1  | 2019-10-30 05:03:53,551 INFO handler.ContextHandler: Started o.e.j.s.ServletContextHandler@50fb33a{/logs,file:///var/log/hadoop/,AVAILABLE}
datanode_3  | 2019-10-30 05:03:54,157 INFO handler.ContextHandler: Started o.e.j.w.WebAppContext@7f1ef916{/,file:///tmp/jetty-0.0.0.0-9882-hddsDatanode-_-any-16266269796400790020.dir/webapp/,AVAILABLE}{/hddsDatanode}
nm_1        | 2019-10-30 05:03:52 INFO  AsyncDispatcher:223 - Registering class org.apache.hadoop.yarn.server.nodemanager.containermanager.launcher.ContainersLauncherEventType for class org.apache.hadoop.yarn.server.nodemanager.containermanager.launcher.ContainersLauncher
scm_1       | 2019-10-30 05:03:53,204 INFO db.DBStoreBuilder: using custom profile for table: default
rm_1        | 2019-10-30 05:03:51 INFO  AsyncDispatcher:223 - Registering class org.apache.hadoop.yarn.server.resourcemanager.scheduler.event.SchedulerEventType for class org.apache.hadoop.yarn.event.EventDispatcher
datanode_2  | 2019-10-30 05:03:56,294 [Datanode State Machine Thread - 0] INFO       - Attempting to start container services.
om_1        | 2019-10-30 05:04:00,019 WARN server.ServerUtils: ozone.om.db.dirs is not configured. We recommend adding this setting. Falling back to ozone.metadata.dirs instead.
datanode_1  | 2019-10-30 05:03:53,556 INFO handler.ContextHandler: Started o.e.j.s.ServletContextHandler@20b9d5d5{/static,jar:file:/opt/hadoop/share/ozone/lib/hadoop-hdds-container-service-0.5.0-SNAPSHOT.jar!/webapps/static,AVAILABLE}
datanode_3  | 2019-10-30 05:03:54,165 INFO server.AbstractConnector: Started ServerConnector@22ab4599{HTTP/1.1,[http/1.1]}{0.0.0.0:9882}
nm_1        | 2019-10-30 05:03:52 INFO  AsyncDispatcher:223 - Registering class org.apache.hadoop.yarn.server.nodemanager.containermanager.scheduler.ContainerSchedulerEventType for class org.apache.hadoop.yarn.server.nodemanager.containermanager.scheduler.ContainerScheduler
scm_1       | 2019-10-30 05:03:53,204 INFO db.DBStoreBuilder: Using default column profile:DBProfile.DISK for Table:default
rm_1        | 2019-10-30 05:03:51 INFO  AsyncDispatcher:223 - Registering class org.apache.hadoop.yarn.server.resourcemanager.rmapp.RMAppEventType for class org.apache.hadoop.yarn.server.resourcemanager.ResourceManager$ApplicationEventDispatcher
datanode_2  | 2019-10-30 05:03:56,296 [Datanode State Machine Thread - 0] INFO       - Background container scanner has been disabled.
datanode_1  | 2019-10-30 05:03:53,680 INFO handler.ContextHandler: Started o.e.j.w.WebAppContext@17dd671f{/,file:///tmp/jetty-0.0.0.0-9882-hddsDatanode-_-any-7234544004376127462.dir/webapp/,AVAILABLE}{/hddsDatanode}
om_1        | 2019-10-30 05:04:00,780 WARN server.ServerUtils: ozone.om.db.dirs is not configured. We recommend adding this setting. Falling back to ozone.metadata.dirs instead.
datanode_3  | 2019-10-30 05:03:54,166 INFO server.Server: Started @3821ms
nm_1        | 2019-10-30 05:03:52 INFO  NMLogAggregationStatusTracker:89 - the rolling interval seconds for the NodeManager Cached Log aggregation status is 600
scm_1       | 2019-10-30 05:03:53,206 INFO db.DBStoreBuilder: Using default options. DBProfile.DISK
rm_1        | 2019-10-30 05:03:51 INFO  AsyncDispatcher:223 - Registering class org.apache.hadoop.yarn.server.resourcemanager.rmapp.attempt.RMAppAttemptEventType for class org.apache.hadoop.yarn.server.resourcemanager.ResourceManager$ApplicationAttemptEventDispatcher
datanode_2  | 2019-10-30 05:03:56,297 [Datanode State Machine Thread - 0] INFO       - Starting XceiverServerRatis 2e44fb3f-a002-4751-ab2b-b9124b895a75 at port 9858
datanode_1  | 2019-10-30 05:03:53,687 INFO server.AbstractConnector: Started ServerConnector@5875de6a{HTTP/1.1,[http/1.1]}{0.0.0.0:9882}
datanode_3  | 2019-10-30 05:03:54,174 INFO impl.MetricsSinkAdapter: Sink prometheus started
om_1        | 2019-10-30 05:04:00,804 INFO util.log: Logging initialized @2582ms
nm_1        | 2019-10-30 05:03:52 INFO  AsyncDispatcher:223 - Registering class org.apache.hadoop.yarn.server.nodemanager.ContainerManagerEventType for class org.apache.hadoop.yarn.server.nodemanager.containermanager.ContainerManagerImpl
scm_1       | 2019-10-30 05:03:53,388 INFO net.NodeSchemaLoader: Loading file from java.lang.CompoundEnumeration@420a85c4
rm_1        | 2019-10-30 05:03:51 INFO  AsyncDispatcher:223 - Registering class org.apache.hadoop.yarn.server.resourcemanager.rmnode.RMNodeEventType for class org.apache.hadoop.yarn.server.resourcemanager.ResourceManager$NodeEventDispatcher
datanode_2  | 2019-10-30 05:03:56,313 INFO impl.RaftServerProxy: 2e44fb3f-a002-4751-ab2b-b9124b895a75: start RPC server
datanode_1  | 2019-10-30 05:03:53,688 INFO server.Server: Started @3712ms
datanode_3  | 2019-10-30 05:03:54,174 INFO impl.MetricsSystemImpl: Registered sink prometheus
om_1        | 2019-10-30 05:04:00,898 INFO db.DBStoreBuilder: using custom profile for table: userTable
nm_1        | 2019-10-30 05:03:52 INFO  AsyncDispatcher:223 - Registering class org.apache.hadoop.yarn.server.nodemanager.NodeManagerEventType for class org.apache.hadoop.yarn.server.nodemanager.NodeManager
scm_1       | 2019-10-30 05:03:53,391 INFO net.NodeSchemaLoader: Loading network topology layer schema file
rm_1        | 2019-10-30 05:03:51 INFO  FluentPropertyBeanIntrospector:147 - Error when creating PropertyDescriptor for public final void org.apache.commons.configuration2.AbstractConfiguration.setProperty(java.lang.String,java.lang.Object)! Ignoring this property.
datanode_2  | 2019-10-30 05:03:56,418 INFO server.GrpcService: 2e44fb3f-a002-4751-ab2b-b9124b895a75: GrpcService started, listening on 0.0.0.0/0.0.0.0:9858
datanode_1  | 2019-10-30 05:03:53,694 INFO impl.MetricsSinkAdapter: Sink prometheus started
datanode_3  | 2019-10-30 05:03:54,176 INFO server.BaseHttpServer: HTTP server of HDDSDATANODE is listening at http://0.0.0.0:9882
om_1        | 2019-10-30 05:04:00,898 INFO db.DBStoreBuilder: Using default column profile:DBProfile.DISK for Table:userTable
nm_1        | 2019-10-30 05:03:53 INFO  FluentPropertyBeanIntrospector:147 - Error when creating PropertyDescriptor for public final void org.apache.commons.configuration2.AbstractConfiguration.setProperty(java.lang.String,java.lang.Object)! Ignoring this property.
scm_1       | 2019-10-30 05:03:53,499 INFO node.SCMNodeManager: Entering startup safe mode.
rm_1        | 2019-10-30 05:03:51 INFO  MetricsConfig:121 - loaded properties from hadoop-metrics2.properties
datanode_2  | WARNING: An illegal reflective access operation has occurred
datanode_1  | 2019-10-30 05:03:53,694 INFO impl.MetricsSystemImpl: Registered sink prometheus
datanode_3  | 2019-10-30 05:03:54,204 INFO util.JvmPauseMonitor: Starting JVM pause monitor
nm_1        | 2019-10-30 05:03:53 INFO  MetricsConfig:121 - loaded properties from hadoop-metrics2.properties
scm_1       | 2019-10-30 05:03:53,684 INFO algorithms.ContainerPlacementPolicyFactory: Create container placement policy of type org.apache.hadoop.hdds.scm.container.placement.algorithms.SCMContainerPlacementRandom
om_1        | 2019-10-30 05:04:00,898 INFO db.DBStoreBuilder: using custom profile for table: volumeTable
rm_1        | 2019-10-30 05:03:52 INFO  MetricsSystemImpl:374 - Scheduled Metric snapshot period at 10 second(s).
datanode_2  | WARNING: Illegal reflective access by org.apache.ratis.thirdparty.com.google.protobuf.UnsafeUtil (file:/opt/hadoop/share/ozone/lib/ratis-thirdparty-misc-0.2.0.jar) to field java.nio.Buffer.address
datanode_1  | 2019-10-30 05:03:53,697 INFO server.BaseHttpServer: HTTP server of HDDSDATANODE is listening at http://0.0.0.0:9882
datanode_3  | 2019-10-30 05:03:54,431 [Datanode State Machine Thread - 0] INFO       - DatanodeDetails is persisted to /data/metadata/datanode.id
nm_1        | 2019-10-30 05:03:53 INFO  MetricsSystemImpl:374 - Scheduled Metric snapshot period at 10 second(s).
scm_1       | 2019-10-30 05:03:53,703 WARN server.ServerUtils: ozone.scm.db.dirs is not configured. We recommend adding this setting. Falling back to ozone.metadata.dirs instead.
om_1        | 2019-10-30 05:04:00,898 INFO db.DBStoreBuilder: Using default column profile:DBProfile.DISK for Table:volumeTable
rm_1        | 2019-10-30 05:03:52 INFO  MetricsSystemImpl:191 - ResourceManager metrics system started
datanode_2  | WARNING: Please consider reporting this to the maintainers of org.apache.ratis.thirdparty.com.google.protobuf.UnsafeUtil
datanode_1  | 2019-10-30 05:03:53,714 INFO util.JvmPauseMonitor: Starting JVM pause monitor
datanode_3  | 2019-10-30 05:03:56,305 [Datanode State Machine Thread - 0] INFO       - Attempting to start container services.
nm_1        | 2019-10-30 05:03:53 INFO  MetricsSystemImpl:191 - NodeManager metrics system started
scm_1       | 2019-10-30 05:03:53,767 INFO pipeline.SCMPipelineManager: No pipeline exists in current db
om_1        | 2019-10-30 05:04:00,898 INFO db.DBStoreBuilder: using custom profile for table: bucketTable
rm_1        | 2019-10-30 05:03:52 INFO  YarnAuthorizationProvider:58 - org.apache.hadoop.yarn.security.ConfiguredYarnAuthorizer is instantiated.
datanode_2  | WARNING: Use --illegal-access=warn to enable warnings of further illegal reflective access operations
datanode_1  | 2019-10-30 05:03:53,919 [Datanode State Machine Thread - 0] INFO       - DatanodeDetails is persisted to /data/metadata/datanode.id
datanode_3  | 2019-10-30 05:03:56,307 [Datanode State Machine Thread - 0] INFO       - Background container scanner has been disabled.
nm_1        | 2019-10-30 05:03:53 INFO  DirectoryCollection:189 - Disk Validator: yarn.nodemanager.disk-validator is loaded.
scm_1       | 2019-10-30 05:03:53,769 WARN server.ServerUtils: ozone.scm.db.dirs is not configured. We recommend adding this setting. Falling back to ozone.metadata.dirs instead.
om_1        | 2019-10-30 05:04:00,898 INFO db.DBStoreBuilder: Using default column profile:DBProfile.DISK for Table:bucketTable
rm_1        | 2019-10-30 05:03:52 INFO  AsyncDispatcher:223 - Registering class org.apache.hadoop.yarn.server.resourcemanager.RMAppManagerEventType for class org.apache.hadoop.yarn.server.resourcemanager.RMAppManager
datanode_2  | WARNING: All illegal access operations will be denied in a future release
datanode_1  | 2019-10-30 05:03:55,979 [Datanode State Machine Thread - 0] INFO       - Attempting to start container services.
nm_1        | 2019-10-30 05:03:53 INFO  DirectoryCollection:189 - Disk Validator: yarn.nodemanager.disk-validator is loaded.
datanode_3  | 2019-10-30 05:03:56,307 [Datanode State Machine Thread - 0] INFO       - Starting XceiverServerRatis 3af3e1e2-528d-4dff-a371-f191cf1d8f9b at port 9858
scm_1       | 2019-10-30 05:03:53,867 WARN events.EventQueue: No event handler registered for event TypedEvent{payloadType=SafeModeStatus, name='SafeModeStatus'}
om_1        | 2019-10-30 05:04:00,898 INFO db.DBStoreBuilder: using custom profile for table: keyTable
datanode_2  | 2019-10-30 05:03:59,807 INFO impl.RaftServerProxy: 2e44fb3f-a002-4751-ab2b-b9124b895a75: addNew group-254210AA46ED:[2e44fb3f-a002-4751-ab2b-b9124b895a75:172.18.0.9:9858] returns group-254210AA46ED:java.util.concurrent.CompletableFuture@534effc2[Not completed]
rm_1        | 2019-10-30 05:03:52 INFO  AsyncDispatcher:223 - Registering class org.apache.hadoop.yarn.server.resourcemanager.amlauncher.AMLauncherEventType for class org.apache.hadoop.yarn.server.resourcemanager.amlauncher.ApplicationMasterLauncher
datanode_1  | 2019-10-30 05:03:55,985 [Datanode State Machine Thread - 0] INFO       - Background container scanner has been disabled.
nm_1        | 2019-10-30 05:03:53 INFO  NodeResourceMonitorImpl:75 -  Using ResourceCalculatorPlugin : org.apache.hadoop.yarn.util.ResourceCalculatorPlugin@59e2d8e3
datanode_3  | 2019-10-30 05:03:56,325 INFO impl.RaftServerProxy: 3af3e1e2-528d-4dff-a371-f191cf1d8f9b: start RPC server
scm_1       | 2019-10-30 05:03:54,548 INFO ipc.CallQueueManager: Using callQueue: class java.util.concurrent.LinkedBlockingQueue, queueCapacity: 1000, scheduler: class org.apache.hadoop.ipc.DefaultRpcScheduler, ipcBackoff: false.
om_1        | 2019-10-30 05:04:00,898 INFO db.DBStoreBuilder: Using default column profile:DBProfile.DISK for Table:keyTable
datanode_2  | 2019-10-30 05:03:59,820 INFO impl.RaftServerImpl: 2e44fb3f-a002-4751-ab2b-b9124b895a75: new RaftServerImpl for group-254210AA46ED:[2e44fb3f-a002-4751-ab2b-b9124b895a75:172.18.0.9:9858] with ContainerStateMachine:uninitialized
rm_1        | 2019-10-30 05:03:52 INFO  RMNMInfo:63 - Registered RMNMInfo MBean
datanode_1  | 2019-10-30 05:03:55,985 [Datanode State Machine Thread - 0] INFO       - Starting XceiverServerRatis 3b1d0cec-eb1c-4dfc-859a-353ff593eaef at port 9858
nm_1        | 2019-10-30 05:03:53 INFO  AsyncDispatcher:223 - Registering class org.apache.hadoop.yarn.server.nodemanager.containermanager.loghandler.event.LogHandlerEventType for class org.apache.hadoop.yarn.server.nodemanager.containermanager.loghandler.NonAggregatingLogHandler
datanode_3  | 2019-10-30 05:03:56,425 INFO server.GrpcService: 3af3e1e2-528d-4dff-a371-f191cf1d8f9b: GrpcService started, listening on 0.0.0.0/0.0.0.0:9858
scm_1       | 2019-10-30 05:03:54,568 INFO ipc.Server: Starting Socket Reader #1 for port 9861
om_1        | 2019-10-30 05:04:00,899 INFO db.DBStoreBuilder: using custom profile for table: deletedTable
datanode_2  | 2019-10-30 05:03:59,821 INFO server.RaftServerConfigKeys: raft.server.rpc.timeout.min = 5s (custom)
rm_1        | 2019-10-30 05:03:52 INFO  RMAppLifetimeMonitor:66 - Application lifelime monitor interval set to 3000 ms.
datanode_1  | 2019-10-30 05:03:56,011 INFO impl.RaftServerProxy: 3b1d0cec-eb1c-4dfc-859a-353ff593eaef: start RPC server
nm_1        | 2019-10-30 05:03:53 INFO  AsyncDispatcher:223 - Registering class org.apache.hadoop.yarn.server.nodemanager.containermanager.localizer.sharedcache.SharedCacheUploadEventType for class org.apache.hadoop.yarn.server.nodemanager.containermanager.localizer.sharedcache.SharedCacheUploadService
datanode_3  | WARNING: An illegal reflective access operation has occurred
scm_1       | 2019-10-30 05:03:54,591 INFO ipc.CallQueueManager: Using callQueue: class java.util.concurrent.LinkedBlockingQueue, queueCapacity: 1000, scheduler: class org.apache.hadoop.ipc.DefaultRpcScheduler, ipcBackoff: false.
om_1        | 2019-10-30 05:04:00,899 INFO db.DBStoreBuilder: Using default column profile:DBProfile.DISK for Table:deletedTable
datanode_2  | 2019-10-30 05:03:59,822 INFO server.RaftServerConfigKeys: raft.server.rpc.timeout.max = 5200ms (custom)
rm_1        | 2019-10-30 05:03:52 INFO  HostsFileReader:211 - Refreshing hosts (include/exclude) list
datanode_1  | 2019-10-30 05:03:56,140 INFO server.GrpcService: 3b1d0cec-eb1c-4dfc-859a-353ff593eaef: GrpcService started, listening on 0.0.0.0/0.0.0.0:9858
nm_1        | 2019-10-30 05:03:53 INFO  ContainerManagerImpl:336 - AMRMProxyService is disabled
datanode_3  | WARNING: Illegal reflective access by org.apache.ratis.thirdparty.com.google.protobuf.UnsafeUtil (file:/opt/hadoop/share/ozone/lib/ratis-thirdparty-misc-0.2.0.jar) to field java.nio.Buffer.address
scm_1       | 2019-10-30 05:03:54,591 INFO ipc.Server: Starting Socket Reader #1 for port 9863
om_1        | 2019-10-30 05:04:00,899 INFO db.DBStoreBuilder: using custom profile for table: openKeyTable
datanode_2  | 2019-10-30 05:03:59,822 INFO server.RaftServerConfigKeys: raft.server.rpcslowness.timeout = 120s (custom)
rm_1        | 2019-10-30 05:03:52 INFO  Configuration:2755 - found resource capacity-scheduler.xml at file:/opt/hadoop/etc/hadoop/capacity-scheduler.xml
datanode_1  | WARNING: An illegal reflective access operation has occurred
nm_1        | 2019-10-30 05:03:53 INFO  ResourceLocalizationService:242 - per directory file limit = 8192
datanode_3  | WARNING: Please consider reporting this to the maintainers of org.apache.ratis.thirdparty.com.google.protobuf.UnsafeUtil
scm_1       | 2019-10-30 05:03:54,603 INFO ipc.CallQueueManager: Using callQueue: class java.util.concurrent.LinkedBlockingQueue, queueCapacity: 1000, scheduler: class org.apache.hadoop.ipc.DefaultRpcScheduler, ipcBackoff: false.
om_1        | 2019-10-30 05:04:00,899 INFO db.DBStoreBuilder: Using default column profile:DBProfile.DISK for Table:openKeyTable
datanode_2  | 2019-10-30 05:03:59,822 INFO server.RaftServerConfigKeys: raft.server.sleep.deviation.threshold = 300 (default)
rm_1        | 2019-10-30 05:03:52 INFO  AbstractYarnScheduler:1371 - Minimum allocation = <memory:1024, vCores:1>
datanode_1  | WARNING: Illegal reflective access by org.apache.ratis.thirdparty.com.google.protobuf.UnsafeUtil (file:/opt/hadoop/share/ozone/lib/ratis-thirdparty-misc-0.2.0.jar) to field java.nio.Buffer.address
nm_1        | 2019-10-30 05:03:53 INFO  ResourceLocalizationService:271 - Disk Validator: yarn.nodemanager.disk-validator is loaded.
datanode_3  | WARNING: Use --illegal-access=warn to enable warnings of further illegal reflective access operations
scm_1       | 2019-10-30 05:03:54,603 INFO ipc.Server: Starting Socket Reader #1 for port 9860
om_1        | 2019-10-30 05:04:00,899 INFO db.DBStoreBuilder: using custom profile for table: s3Table
datanode_2  | 2019-10-30 05:03:59,823 INFO server.RaftServerConfigKeys: raft.server.log.appender.install.snapshot.enabled = false (custom)
datanode_1  | WARNING: Please consider reporting this to the maintainers of org.apache.ratis.thirdparty.com.google.protobuf.UnsafeUtil
nm_1        | 2019-10-30 05:03:53 INFO  AsyncDispatcher:223 - Registering class org.apache.hadoop.yarn.server.nodemanager.containermanager.localizer.event.LocalizerEventType for class org.apache.hadoop.yarn.server.nodemanager.containermanager.localizer.ResourceLocalizationService$LocalizerTracker
scm_1       | 2019-10-30 05:03:54,626 INFO hdfs.DFSUtil: Starting Web-server for scm at: http://0.0.0.0:9876
datanode_3  | WARNING: All illegal access operations will be denied in a future release
rm_1        | 2019-10-30 05:03:52 INFO  AbstractYarnScheduler:1383 - Maximum allocation = <memory:8192, vCores:4>
om_1        | 2019-10-30 05:04:00,899 INFO db.DBStoreBuilder: Using default column profile:DBProfile.DISK for Table:s3Table
datanode_2  | 2019-10-30 05:03:59,828 INFO impl.RaftServerImpl: 2e44fb3f-a002-4751-ab2b-b9124b895a75@group-254210AA46ED: ConfigurationManager, init=-1: [2e44fb3f-a002-4751-ab2b-b9124b895a75:172.18.0.9:9858], old=null, confs=<EMPTY_MAP>
datanode_1  | WARNING: Use --illegal-access=warn to enable warnings of further illegal reflective access operations
scm_1       | 2019-10-30 05:03:54,842 INFO server.AuthenticationFilter: Unable to initialize FileSignerSecretProvider, falling back to use random secrets.
nm_1        | 2019-10-30 05:03:53 INFO  AuxServices:103 - Adding auxiliary service mapreduce_shuffle, "mapreduce_shuffle"
datanode_3  | 2019-10-30 05:03:59,252 INFO impl.RaftServerProxy: 3af3e1e2-528d-4dff-a371-f191cf1d8f9b: addNew group-7A674E4FF9E6:[3af3e1e2-528d-4dff-a371-f191cf1d8f9b:172.18.0.8:9858] returns group-7A674E4FF9E6:java.util.concurrent.CompletableFuture@3ea09a88[Not completed]
rm_1        | 2019-10-30 05:03:52 INFO  CapacitySchedulerConfiguration:912 - max alloc mb per queue for root is undefined
datanode_1  | WARNING: All illegal access operations will be denied in a future release
datanode_2  | 2019-10-30 05:03:59,828 INFO server.RaftServerConfigKeys: raft.server.storage.dir = [/data/metadata/ratis] (custom)
scm_1       | 2019-10-30 05:03:54,861 INFO http.HttpRequestLog: Http request log for http.requests.scm is not defined
nm_1        | 2019-10-30 05:03:53 INFO  ContainersMonitorImpl:130 -  Using ResourceCalculatorPlugin : org.apache.hadoop.yarn.util.ResourceCalculatorPlugin@6c2ed0cd
datanode_3  | 2019-10-30 05:03:59,268 INFO impl.RaftServerImpl: 3af3e1e2-528d-4dff-a371-f191cf1d8f9b: new RaftServerImpl for group-7A674E4FF9E6:[3af3e1e2-528d-4dff-a371-f191cf1d8f9b:172.18.0.8:9858] with ContainerStateMachine:uninitialized
om_1        | 2019-10-30 05:04:00,899 INFO db.DBStoreBuilder: using custom profile for table: multipartInfoTable
rm_1        | 2019-10-30 05:03:52 INFO  CapacitySchedulerConfiguration:916 - max alloc vcore per queue for root is undefined
datanode_1  | 2019-10-30 05:03:58,748 INFO impl.RaftServerProxy: 3b1d0cec-eb1c-4dfc-859a-353ff593eaef: addNew group-8EA02D83E8CC:[3b1d0cec-eb1c-4dfc-859a-353ff593eaef:172.18.0.6:9858] returns group-8EA02D83E8CC:java.util.concurrent.CompletableFuture@2e120b7d[Not completed]
datanode_2  | 2019-10-30 05:03:59,832 INFO server.RaftServerConfigKeys: raft.server.log.corruption.policy = EXCEPTION (default)
scm_1       | 2019-10-30 05:03:54,869 INFO http.HttpServer2: Added global filter 'safety' (class=org.apache.hadoop.http.HttpServer2$QuotingInputFilter)
nm_1        | 2019-10-30 05:03:53 INFO  ContainersMonitorImpl:135 -  Using ResourceCalculatorProcessTree : null
datanode_3  | 2019-10-30 05:03:59,269 INFO server.RaftServerConfigKeys: raft.server.rpc.timeout.min = 5s (custom)
om_1        | 2019-10-30 05:04:00,899 INFO db.DBStoreBuilder: Using default column profile:DBProfile.DISK for Table:multipartInfoTable
rm_1        | 2019-10-30 05:03:52 INFO  ParentQueue:151 - root, capacity=1.0, absoluteCapacity=1.0, maxCapacity=1.0, absoluteMaxCapacity=1.0, state=RUNNING, acls=ADMINISTER_QUEUE:*SUBMIT_APP:*, labels=*,
datanode_1  | 2019-10-30 05:03:58,765 INFO impl.RaftServerImpl: 3b1d0cec-eb1c-4dfc-859a-353ff593eaef: new RaftServerImpl for group-8EA02D83E8CC:[3b1d0cec-eb1c-4dfc-859a-353ff593eaef:172.18.0.6:9858] with ContainerStateMachine:uninitialized
datanode_2  | 2019-10-30 05:03:59,833 INFO storage.RaftStorageDirectory: The storage directory /data/metadata/ratis/dfb3ffa9-f388-49bf-91aa-254210aa46ed does not exist. Creating ...
scm_1       | 2019-10-30 05:03:54,872 INFO http.HttpServer2: Added filter static_user_filter (class=org.apache.hadoop.http.lib.StaticUserWebFilter$StaticUserFilter) to context scm
nm_1        | 2019-10-30 05:03:53 INFO  ContainersMonitorImpl:176 - Physical memory check enabled: false
datanode_3  | 2019-10-30 05:03:59,270 INFO server.RaftServerConfigKeys: raft.server.rpc.timeout.max = 5200ms (custom)
om_1        | 2019-10-30 05:04:00,900 INFO db.DBStoreBuilder: using custom profile for table: dTokenTable
rm_1        | , reservationsContinueLooking=true, orderingPolicy=utilization, priority=0
scm_1       | 2019-10-30 05:03:54,872 INFO http.HttpServer2: Added filter static_user_filter (class=org.apache.hadoop.http.lib.StaticUserWebFilter$StaticUserFilter) to context static
datanode_2  | 2019-10-30 05:03:59,859 INFO storage.RaftStorageDirectory: Lock on /data/metadata/ratis/dfb3ffa9-f388-49bf-91aa-254210aa46ed/in_use.lock acquired by nodename 7@1250194685df
datanode_3  | 2019-10-30 05:03:59,270 INFO server.RaftServerConfigKeys: raft.server.rpcslowness.timeout = 120s (custom)
nm_1        | 2019-10-30 05:03:53 INFO  ContainersMonitorImpl:177 - Virtual memory check enabled: false
datanode_1  | 2019-10-30 05:03:58,766 INFO server.RaftServerConfigKeys: raft.server.rpc.timeout.min = 5s (custom)
om_1        | 2019-10-30 05:04:00,900 INFO db.DBStoreBuilder: Using default column profile:DBProfile.DISK for Table:dTokenTable
rm_1        | 2019-10-30 05:03:52 INFO  ParentQueue:114 - Initialized parent-queue root name=root, fullname=root
scm_1       | 2019-10-30 05:03:54,872 INFO http.HttpServer2: Added filter static_user_filter (class=org.apache.hadoop.http.lib.StaticUserWebFilter$StaticUserFilter) to context logs
datanode_2  | 2019-10-30 05:03:59,881 INFO storage.RaftStorage: Storage directory /data/metadata/ratis/dfb3ffa9-f388-49bf-91aa-254210aa46ed has been successfully formatted.
datanode_3  | 2019-10-30 05:03:59,271 INFO server.RaftServerConfigKeys: raft.server.sleep.deviation.threshold = 300 (default)
nm_1        | 2019-10-30 05:03:53 INFO  ContainersMonitorImpl:181 - ContainersMonitor enabled: true
om_1        | 2019-10-30 05:04:00,900 INFO db.DBStoreBuilder: using custom profile for table: s3SecretTable
datanode_1  | 2019-10-30 05:03:58,767 INFO server.RaftServerConfigKeys: raft.server.rpc.timeout.max = 5200ms (custom)
rm_1        | 2019-10-30 05:03:52 INFO  CapacitySchedulerConfiguration:912 - max alloc mb per queue for root.default is undefined
scm_1       | 2019-10-30 05:03:54,904 INFO server.StorageContainerManager: StorageContainerLocationProtocol RPC server is listening at /0.0.0.0:9860
datanode_2  | 2019-10-30 05:03:59,884 [pool-8-thread-1] INFO       - group-254210AA46ED: The snapshot info is null. Setting the last applied indexto:(t:0, i:~)
datanode_3  | 2019-10-30 05:03:59,271 INFO server.RaftServerConfigKeys: raft.server.log.appender.install.snapshot.enabled = false (custom)
nm_1        | 2019-10-30 05:03:53 INFO  ContainerManagerImpl:394 - Not a recoverable state store. Nothing to recover.
om_1        | 2019-10-30 05:04:00,900 INFO db.DBStoreBuilder: Using default column profile:DBProfile.DISK for Table:s3SecretTable
datanode_1  | 2019-10-30 05:03:58,767 INFO server.RaftServerConfigKeys: raft.server.rpcslowness.timeout = 120s (custom)
rm_1        | 2019-10-30 05:03:52 INFO  CapacitySchedulerConfiguration:916 - max alloc vcore per queue for root.default is undefined
scm_1       | 2019-10-30 05:03:54,969 INFO impl.MetricsConfig: Loaded properties from hadoop-metrics2.properties
datanode_3  | 2019-10-30 05:03:59,277 INFO impl.RaftServerImpl: 3af3e1e2-528d-4dff-a371-f191cf1d8f9b@group-7A674E4FF9E6: ConfigurationManager, init=-1: [3af3e1e2-528d-4dff-a371-f191cf1d8f9b:172.18.0.8:9858], old=null, confs=<EMPTY_MAP>
datanode_2  | 2019-10-30 05:03:59,884 INFO server.RaftServerConfigKeys: raft.server.notification.no-leader.timeout = 120s (custom)
nm_1        | 2019-10-30 05:03:53 INFO  Configuration:2752 - resource-types.xml not found
om_1        | 2019-10-30 05:04:00,900 INFO db.DBStoreBuilder: using custom profile for table: prefixTable
datanode_1  | 2019-10-30 05:03:58,767 INFO server.RaftServerConfigKeys: raft.server.sleep.deviation.threshold = 300 (default)
rm_1        | 2019-10-30 05:03:52 INFO  LeafQueue:289 - Initializing default
scm_1       | 2019-10-30 05:03:55,017 INFO impl.MetricsSystemImpl: Scheduled Metric snapshot period at 10 second(s).
datanode_3  | 2019-10-30 05:03:59,277 INFO server.RaftServerConfigKeys: raft.server.storage.dir = [/data/metadata/ratis] (custom)
datanode_2  | 2019-10-30 05:03:59,886 INFO server.RaftServerConfigKeys: raft.server.log.use.memory = false (default)
nm_1        | 2019-10-30 05:03:53 INFO  ResourceUtils:418 - Unable to find 'resource-types.xml'.
om_1        | 2019-10-30 05:04:00,900 INFO db.DBStoreBuilder: Using default column profile:DBProfile.DISK for Table:prefixTable
datanode_1  | 2019-10-30 05:03:58,768 INFO server.RaftServerConfigKeys: raft.server.log.appender.install.snapshot.enabled = false (custom)
rm_1        | capacity = 1.0 [= (float) configuredCapacity / 100 ]
scm_1       | 2019-10-30 05:03:55,017 INFO impl.MetricsSystemImpl: StorageContainerManager metrics system started
datanode_3  | 2019-10-30 05:03:59,281 INFO server.RaftServerConfigKeys: raft.server.log.corruption.policy = EXCEPTION (default)
datanode_2  | 2019-10-30 05:03:59,890 INFO server.RaftServerConfigKeys: raft.server.log.purge.gap = 1000000 (custom)
nm_1        | 2019-10-30 05:03:53 INFO  Configuration:2752 - node-resources.xml not found
om_1        | 2019-10-30 05:04:00,909 INFO db.DBStoreBuilder: using custom profile for table: default
datanode_1  | 2019-10-30 05:03:58,774 INFO impl.RaftServerImpl: 3b1d0cec-eb1c-4dfc-859a-353ff593eaef@group-8EA02D83E8CC: ConfigurationManager, init=-1: [3b1d0cec-eb1c-4dfc-859a-353ff593eaef:172.18.0.6:9858], old=null, confs=<EMPTY_MAP>
rm_1        | absoluteCapacity = 1.0 [= parentAbsoluteCapacity * capacity ]
scm_1       | 2019-10-30 05:03:55,312 INFO server.SCMClientProtocolServer: RPC server for Client  is listening at /0.0.0.0:9860
datanode_3  | 2019-10-30 05:03:59,282 INFO storage.RaftStorageDirectory: The storage directory /data/metadata/ratis/de343988-dcdf-4143-b5d6-7a674e4ff9e6 does not exist. Creating ...
datanode_2  | 2019-10-30 05:03:59,890 INFO server.RaftServerConfigKeys: raft.server.log.appender.buffer.byte-limit = 33554432 (custom)
nm_1        | 2019-10-30 05:03:53 INFO  ResourceUtils:418 - Unable to find 'node-resources.xml'.
om_1        | 2019-10-30 05:04:00,910 INFO db.DBStoreBuilder: Using default column profile:DBProfile.DISK for Table:default
datanode_1  | 2019-10-30 05:03:58,774 INFO server.RaftServerConfigKeys: raft.server.storage.dir = [/data/metadata/ratis] (custom)
rm_1        | maxCapacity = 1.0 [= configuredMaxCapacity ]
scm_1       | 2019-10-30 05:03:55,313 INFO ipc.Server: IPC Server Responder: starting
datanode_3  | 2019-10-30 05:03:59,324 INFO storage.RaftStorageDirectory: Lock on /data/metadata/ratis/de343988-dcdf-4143-b5d6-7a674e4ff9e6/in_use.lock acquired by nodename 7@2bef73ebd307
datanode_2  | 2019-10-30 05:03:59,891 INFO server.RaftServerConfigKeys: raft.server.log.segment.size.max = 1048576 (custom)
nm_1        | 2019-10-30 05:03:53 INFO  NodeStatusUpdaterImpl:192 - Nodemanager resources is set to: <memory:8192, vCores:8>
om_1        | 2019-10-30 05:04:00,911 INFO db.DBStoreBuilder: Using default options. DBProfile.DISK
datanode_1  | 2019-10-30 05:03:58,778 INFO server.RaftServerConfigKeys: raft.server.log.corruption.policy = EXCEPTION (default)
rm_1        | absoluteMaxCapacity = 1.0 [= 1.0 maximumCapacity undefined, (parentAbsoluteMaxCapacity * maximumCapacity) / 100 otherwise ]
scm_1       | 2019-10-30 05:03:55,313 INFO ipc.Server: IPC Server listener on 9860: starting
datanode_3  | 2019-10-30 05:03:59,340 INFO storage.RaftStorage: Storage directory /data/metadata/ratis/de343988-dcdf-4143-b5d6-7a674e4ff9e6 has been successfully formatted.
datanode_2  | 2019-10-30 05:03:59,896 INFO metrics.MetricRegistries: Loaded MetricRegistries class org.apache.ratis.metrics.impl.MetricRegistriesImpl
nm_1        | 2019-10-30 05:03:53 INFO  NodeStatusUpdaterImpl:236 - Initialized nodemanager with : physical-memory=8192 virtual-memory=17204 virtual-cores=8
om_1        | 2019-10-30 05:04:01,433 INFO ipc.CallQueueManager: Using callQueue: class java.util.concurrent.LinkedBlockingQueue, queueCapacity: 2000, scheduler: class org.apache.hadoop.ipc.DefaultRpcScheduler, ipcBackoff: false.
datanode_1  | 2019-10-30 05:03:58,779 INFO storage.RaftStorageDirectory: The storage directory /data/metadata/ratis/ca1bcfe8-695a-4de1-bed4-8ea02d83e8cc does not exist. Creating ...
rm_1        | effectiveMinResource=<memory:0, vCores:0>
scm_1       | 2019-10-30 05:03:55,316 INFO server.StorageContainerManager: ScmBlockLocationProtocol RPC server is listening at /0.0.0.0:9863
datanode_3  | 2019-10-30 05:03:59,344 [pool-8-thread-1] INFO       - group-7A674E4FF9E6: The snapshot info is null. Setting the last applied indexto:(t:0, i:~)
nm_1        | 2019-10-30 05:03:53 INFO  CallQueueManager:84 - Using callQueue: class java.util.concurrent.LinkedBlockingQueue queueCapacity: 2000 scheduler: class org.apache.hadoop.ipc.DefaultRpcScheduler
datanode_2  | 2019-10-30 05:03:59,898 WARN impl.MetricRegistriesImpl: First MetricRegistry has been created without registering reporters. You may need to call MetricRegistries.global().addReportRegistration(...) before.
om_1        | 2019-10-30 05:04:01,447 INFO ipc.Server: Starting Socket Reader #1 for port 9862
datanode_1  | 2019-10-30 05:03:58,797 INFO storage.RaftStorageDirectory: Lock on /data/metadata/ratis/ca1bcfe8-695a-4de1-bed4-8ea02d83e8cc/in_use.lock acquired by nodename 7@b56cc4ef02ca
rm_1        |  , effectiveMaxResource=<memory:0, vCores:0>
scm_1       | 2019-10-30 05:03:55,317 INFO server.SCMBlockProtocolServer: RPC server for Block Protocol is listening at /0.0.0.0:9863
datanode_3  | 2019-10-30 05:03:59,344 INFO server.RaftServerConfigKeys: raft.server.notification.no-leader.timeout = 120s (custom)
nm_1        | 2019-10-30 05:03:53 INFO  Server:1070 - Starting Socket Reader #1 for port 41339
datanode_2  | 2019-10-30 05:03:59,902 INFO server.RaftServerConfigKeys: raft.server.log.segment.cache.num.max = 2 (custom)
om_1        | 2019-10-30 05:04:01,491 [main] INFO       - OzoneManager RPC server is listening at om/172.18.0.2:9862
rm_1        | userLimit = 100 [= configuredUserLimit ]
datanode_1  | 2019-10-30 05:03:58,829 INFO storage.RaftStorage: Storage directory /data/metadata/ratis/ca1bcfe8-695a-4de1-bed4-8ea02d83e8cc has been successfully formatted.
scm_1       | 2019-10-30 05:03:55,317 INFO ipc.Server: IPC Server Responder: starting
datanode_3  | 2019-10-30 05:03:59,347 INFO server.RaftServerConfigKeys: raft.server.log.use.memory = false (default)
nm_1        | 2019-10-30 05:03:54 INFO  RpcServerFactoryPBImpl:173 - Adding protocol org.apache.hadoop.yarn.api.ContainerManagementProtocolPB to the server
datanode_2  | 2019-10-30 05:03:59,906 INFO segmented.SegmentedRaftLogWorker: new 2e44fb3f-a002-4751-ab2b-b9124b895a75@group-254210AA46ED-SegmentedRaftLogWorker for RaftStorage:Storage Directory /data/metadata/ratis/dfb3ffa9-f388-49bf-91aa-254210aa46ed
om_1        | 2019-10-30 05:04:01,578 INFO impl.MetricsConfig: Loaded properties from hadoop-metrics2.properties
rm_1        | userLimitFactor = 1.0 [= configuredUserLimitFactor ]
datanode_1  | 2019-10-30 05:03:58,833 [pool-8-thread-1] INFO       - group-8EA02D83E8CC: The snapshot info is null. Setting the last applied indexto:(t:0, i:~)
scm_1       | 2019-10-30 05:03:55,318 INFO ipc.Server: IPC Server listener on 9863: starting
datanode_3  | 2019-10-30 05:03:59,351 INFO server.RaftServerConfigKeys: raft.server.log.purge.gap = 1000000 (custom)
nm_1        | 2019-10-30 05:03:54 INFO  Server:1310 - IPC Server Responder: starting
om_1        | 2019-10-30 05:04:01,626 INFO impl.MetricsSystemImpl: Scheduled Metric snapshot period at 10 second(s).
datanode_2  | 2019-10-30 05:03:59,907 INFO server.RaftServerConfigKeys: raft.server.log.queue.byte-limit = 2147483647 (custom)
rm_1        | maxApplications = 10000 [= configuredMaximumSystemApplicationsPerQueue or (int)(configuredMaximumSystemApplications * absoluteCapacity)]
datanode_1  | 2019-10-30 05:03:58,834 INFO server.RaftServerConfigKeys: raft.server.notification.no-leader.timeout = 120s (custom)
scm_1       | 2019-10-30 05:03:55,320 INFO server.StorageContainerManager: ScmDatanodeProtocl RPC server is listening at /0.0.0.0:9861
datanode_3  | 2019-10-30 05:03:59,351 INFO server.RaftServerConfigKeys: raft.server.log.appender.buffer.byte-limit = 33554432 (custom)
nm_1        | 2019-10-30 05:03:54 INFO  Server:1149 - IPC Server listener on 41339: starting
om_1        | 2019-10-30 05:04:01,627 INFO impl.MetricsSystemImpl: OzoneManager metrics system started
datanode_2  | 2019-10-30 05:03:59,907 INFO server.RaftServerConfigKeys: raft.server.log.queue.element-limit = 1024 (custom)
