datanode_2  | 2019-11-11 15:18:10,449 INFO segmented.SegmentedRaftLogWorker: new 0778d3ca-dc86-48a3-bcd0-5e2be7269486@group-AA2612DF78AF-SegmentedRaftLogWorker for RaftStorage:Storage Directory /data/metadata/ratis/19aba365-3a32-460b-b184-aa2612df78af
om_1        | 	at java.base/java.security.AccessController.doPrivileged(Native Method)
datanode_3  | 2019-11-11 15:18:10,466 INFO server.RaftServerConfigKeys: raft.server.log.queue.byte-limit = 2147483647 (custom)
datanode_1  | 2019-11-11 15:18:10,451 INFO server.RaftServerConfigKeys: raft.server.log.purge.gap = 1000000 (custom)
s3g_1       | 	at org.glassfish.jersey.server.ServerRuntime$1.run(ServerRuntime.java:277)
datanode_2  | 2019-11-11 15:18:10,449 INFO server.RaftServerConfigKeys: raft.server.log.queue.byte-limit = 2147483647 (custom)
om_1        | 	at java.base/javax.security.auth.Subject.doAs(Subject.java:423)
datanode_3  | 2019-11-11 15:18:10,466 INFO server.RaftServerConfigKeys: raft.server.log.queue.element-limit = 1024 (custom)
s3g_1       | 	at org.glassfish.jersey.internal.Errors$1.call(Errors.java:272)
datanode_1  | 2019-11-11 15:18:10,451 INFO server.RaftServerConfigKeys: raft.server.log.appender.buffer.byte-limit = 33554432 (custom)
datanode_2  | 2019-11-11 15:18:10,450 INFO server.RaftServerConfigKeys: raft.server.log.queue.element-limit = 1024 (custom)
om_1        | 	at org.apache.hadoop.security.UserGroupInformation.doAs(UserGroupInformation.java:1730)
datanode_3  | 2019-11-11 15:18:10,466 INFO server.RaftServerConfigKeys: raft.server.log.segment.size.max = 1048576 (custom)
datanode_2  | 2019-11-11 15:18:10,450 INFO server.RaftServerConfigKeys: raft.server.log.segment.size.max = 1048576 (custom)
datanode_1  | 2019-11-11 15:18:10,451 INFO server.RaftServerConfigKeys: raft.server.log.segment.size.max = 1048576 (custom)
om_1        | 	at org.apache.hadoop.ipc.Server$Handler.run(Server.java:2682)
datanode_3  | 2019-11-11 15:18:10,466 INFO server.RaftServerConfigKeys: raft.server.log.preallocated.size = 16384 (custom)
s3g_1       | 	at org.glassfish.jersey.internal.Errors$1.call(Errors.java:268)
datanode_2  | 2019-11-11 15:18:10,450 INFO server.RaftServerConfigKeys: raft.server.log.preallocated.size = 16384 (custom)
datanode_1  | 2019-11-11 15:18:10,451 INFO server.RaftServerConfigKeys: raft.server.log.segment.cache.num.max = 2 (custom)
om_1        | 2019-11-11 15:20:07,809 ERROR multipart.S3MultipartUploadCompleteRequest: Complete MultipartUpload failed for key /s37c35ba70126b04fca007e4dbfab9c47c/bucket-94209/multipartKey3 , MPU Key has no parts in OM, parts given to upload are [partNumber: 2
datanode_3  | 2019-11-11 15:18:10,466 INFO server.RaftServerConfigKeys: raft.server.log.write.buffer.size = 33554432 (custom)
s3g_1       | 	at org.glassfish.jersey.internal.Errors.process(Errors.java:316)
datanode_2  | 2019-11-11 15:18:10,450 INFO server.RaftServerConfigKeys: raft.server.log.write.buffer.size = 33554432 (custom)
datanode_1  | 2019-11-11 15:18:10,451 INFO segmented.SegmentedRaftLogWorker: new 8a2faff8-0089-418d-8c06-8961415a74d0@group-AA2612DF78AF-SegmentedRaftLogWorker for RaftStorage:Storage Directory /data/metadata/ratis/19aba365-3a32-460b-b184-aa2612df78af
om_1        | partName: "etag1"
datanode_3  | 2019-11-11 15:18:10,466 INFO server.RaftServerConfigKeys: raft.server.log.force.sync.num = 128 (default)
s3g_1       | 	at org.glassfish.jersey.internal.Errors.process(Errors.java:298)
datanode_2  | 2019-11-11 15:18:10,450 INFO server.RaftServerConfigKeys: raft.server.log.force.sync.num = 128 (default)
datanode_1  | 2019-11-11 15:18:10,451 INFO server.RaftServerConfigKeys: raft.server.log.queue.byte-limit = 2147483647 (custom)
om_1        | , partNumber: 1
datanode_3  | 2019-11-11 15:18:10,466 INFO server.RaftServerConfigKeys: raft.server.log.statemachine.data.sync = true (default)
s3g_1       | 	at org.glassfish.jersey.internal.Errors.process(Errors.java:268)
datanode_2  | 2019-11-11 15:18:10,450 INFO server.RaftServerConfigKeys: raft.server.log.statemachine.data.sync = true (default)
datanode_1  | 2019-11-11 15:18:10,452 INFO server.RaftServerConfigKeys: raft.server.log.queue.element-limit = 1024 (custom)
om_1        | partName: "etag2"
s3g_1       | 	at org.glassfish.jersey.process.internal.RequestScope.runInScope(RequestScope.java:289)
datanode_2  | 2019-11-11 15:18:10,451 INFO server.RaftServerConfigKeys: raft.server.log.statemachine.data.sync.timeout = 10s (default)
datanode_1  | 2019-11-11 15:18:10,452 INFO server.RaftServerConfigKeys: raft.server.log.segment.size.max = 1048576 (custom)
om_1        | ]
s3g_1       | 	at org.glassfish.jersey.server.ServerRuntime.process(ServerRuntime.java:256)
datanode_2  | 2019-11-11 15:18:10,451 INFO server.RaftServerConfigKeys: raft.server.log.statemachine.data.sync.timeout.retry = -1 (default)
datanode_3  | 2019-11-11 15:18:10,467 INFO server.RaftServerConfigKeys: raft.server.log.statemachine.data.sync.timeout = 10s (default)
datanode_1  | 2019-11-11 15:18:10,452 INFO server.RaftServerConfigKeys: raft.server.log.preallocated.size = 16384 (custom)
om_1        | 2019-11-11 15:20:07,810 ERROR multipart.S3MultipartUploadCompleteRequest: MultipartUpload Complete request failed for Key: multipartKey3 in Volume/Bucket s37c35ba70126b04fca007e4dbfab9c47c/bucket-94209
s3g_1       | 	at org.glassfish.jersey.server.ApplicationHandler.handle(ApplicationHandler.java:703)
datanode_2  | 2019-11-11 15:18:10,451 INFO server.RaftServerConfigKeys: raft.server.log.statemachine.data.caching.enabled = true (custom)
datanode_3  | 2019-11-11 15:18:10,467 INFO server.RaftServerConfigKeys: raft.server.log.statemachine.data.sync.timeout.retry = -1 (default)
datanode_1  | 2019-11-11 15:18:10,452 INFO server.RaftServerConfigKeys: raft.server.log.write.buffer.size = 33554432 (custom)
om_1        | INVALID_PART org.apache.hadoop.ozone.om.exceptions.OMException: Complete Multipart Upload Failed: volume: s37c35ba70126b04fca007e4dbfab9c47cbucket: bucket-94209key: multipartKey3
s3g_1       | 	at org.glassfish.jersey.servlet.WebComponent.serviceImpl(WebComponent.java:416)
datanode_2  | 2019-11-11 15:18:10,452 INFO segmented.SegmentedRaftLogWorker: 0778d3ca-dc86-48a3-bcd0-5e2be7269486@group-AA2612DF78AF-SegmentedRaftLogWorker: flushIndex: setUnconditionally 0 -> -1
datanode_3  | 2019-11-11 15:18:10,467 INFO server.RaftServerConfigKeys: raft.server.log.statemachine.data.caching.enabled = true (custom)
datanode_1  | 2019-11-11 15:18:10,452 INFO server.RaftServerConfigKeys: raft.server.log.force.sync.num = 128 (default)
om_1        | 	at org.apache.hadoop.ozone.om.request.s3.multipart.S3MultipartUploadCompleteRequest.validateAndUpdateCache(S3MultipartUploadCompleteRequest.java:146)
s3g_1       | 	at org.glassfish.jersey.servlet.WebComponent.service(WebComponent.java:370)
datanode_2  | 2019-11-11 15:18:10,452 INFO server.RaftServerConfigKeys: raft.server.snapshot.auto.trigger.enabled = true (custom)
datanode_3  | 2019-11-11 15:18:10,467 INFO segmented.SegmentedRaftLogWorker: ca2f3d97-aeff-42db-8b09-8e1bc412e3f9@group-AA2612DF78AF-SegmentedRaftLogWorker: flushIndex: setUnconditionally 0 -> -1
om_1        | 	at org.apache.hadoop.ozone.protocolPB.OzoneManagerProtocolServerSideTranslatorPB.submitRequestDirectlyToOM(OzoneManagerProtocolServerSideTranslatorPB.java:217)
datanode_1  | 2019-11-11 15:18:10,452 INFO server.RaftServerConfigKeys: raft.server.log.statemachine.data.sync = true (default)
s3g_1       | 	at org.glassfish.jersey.servlet.ServletContainer.service(ServletContainer.java:389)
datanode_2  | 2019-11-11 15:18:10,452 INFO server.RaftServerConfigKeys: raft.server.snapshot.auto.trigger.threshold = 10000 (custom)
om_1        | 	at org.apache.hadoop.ozone.protocolPB.OzoneManagerProtocolServerSideTranslatorPB.processRequest(OzoneManagerProtocolServerSideTranslatorPB.java:132)
datanode_1  | 2019-11-11 15:18:10,453 INFO server.RaftServerConfigKeys: raft.server.log.statemachine.data.sync.timeout = 10s (default)
datanode_3  | 2019-11-11 15:18:10,468 INFO server.RaftServerConfigKeys: raft.server.snapshot.auto.trigger.enabled = true (custom)
s3g_1       | 	at org.glassfish.jersey.servlet.ServletContainer.service(ServletContainer.java:342)
datanode_2  | 2019-11-11 15:18:10,452 INFO server.RaftServerConfigKeys: raft.server.snapshot.retention.file.num = 5 (custom)
om_1        | 	at org.apache.hadoop.hdds.server.OzoneProtocolMessageDispatcher.processRequest(OzoneProtocolMessageDispatcher.java:72)
datanode_1  | 2019-11-11 15:18:10,453 INFO server.RaftServerConfigKeys: raft.server.log.statemachine.data.sync.timeout.retry = -1 (default)
datanode_3  | 2019-11-11 15:18:10,468 INFO server.RaftServerConfigKeys: raft.server.snapshot.auto.trigger.threshold = 10000 (custom)
s3g_1       | 	at org.glassfish.jersey.servlet.ServletContainer.service(ServletContainer.java:229)
datanode_2  | 2019-11-11 15:18:10,453 INFO server.RaftServerConfigKeys: raft.server.retrycache.expirytime = 600000ms (custom)
om_1        | 	at org.apache.hadoop.ozone.protocolPB.OzoneManagerProtocolServerSideTranslatorPB.submitRequest(OzoneManagerProtocolServerSideTranslatorPB.java:100)
datanode_1  | 2019-11-11 15:18:10,453 INFO server.RaftServerConfigKeys: raft.server.log.statemachine.data.caching.enabled = true (custom)
datanode_3  | 2019-11-11 15:18:10,468 INFO server.RaftServerConfigKeys: raft.server.snapshot.retention.file.num = 5 (custom)
s3g_1       | 	at org.eclipse.jetty.servlet.ServletHolder.handle(ServletHolder.java:840)
datanode_2  | 2019-11-11 15:18:10,453 WARN impl.MetricRegistriesImpl: First MetricRegistry has been created without registering reporters. You may need to call MetricRegistries.global().addReportRegistration(...) before.
datanode_2  | 2019-11-11 15:18:10,453 WARN impl.MetricRegistriesImpl: First MetricRegistry has been created without registering reporters. You may need to call MetricRegistries.global().addReportRegistration(...) before.
datanode_1  | 2019-11-11 15:18:10,453 INFO segmented.SegmentedRaftLogWorker: 8a2faff8-0089-418d-8c06-8961415a74d0@group-AA2612DF78AF-SegmentedRaftLogWorker: flushIndex: setUnconditionally 0 -> -1
datanode_3  | 2019-11-11 15:18:10,468 INFO server.RaftServerConfigKeys: raft.server.retrycache.expirytime = 600000ms (custom)
s3g_1       | 	at org.eclipse.jetty.servlet.ServletHandler$CachedChain.doFilter(ServletHandler.java:1780)
om_1        | 	at org.apache.hadoop.ozone.protocol.proto.OzoneManagerProtocolProtos$OzoneManagerService$2.callBlockingMethod(OzoneManagerProtocolProtos.java)
datanode_2  | 2019-11-11 15:18:10,454 INFO impl.RaftServerImpl: 0778d3ca-dc86-48a3-bcd0-5e2be7269486@group-AA2612DF78AF: start as a follower, conf=-1: [ca2f3d97-aeff-42db-8b09-8e1bc412e3f9:172.18.0.4:9858, 0778d3ca-dc86-48a3-bcd0-5e2be7269486:172.18.0.2:9858, 8a2faff8-0089-418d-8c06-8961415a74d0:172.18.0.3:9858], old=null
datanode_1  | 2019-11-11 15:18:10,454 INFO server.RaftServerConfigKeys: raft.server.snapshot.auto.trigger.enabled = true (custom)
datanode_1  | 2019-11-11 15:18:10,454 INFO server.RaftServerConfigKeys: raft.server.snapshot.auto.trigger.threshold = 10000 (custom)
s3g_1       | 	at org.apache.hadoop.http.HttpServer2$QuotingInputFilter.doFilter(HttpServer2.java:1609)
datanode_3  | 2019-11-11 15:18:10,468 WARN impl.MetricRegistriesImpl: First MetricRegistry has been created without registering reporters. You may need to call MetricRegistries.global().addReportRegistration(...) before.
om_1        | 	at org.apache.hadoop.ipc.ProtobufRpcEngine$Server$ProtoBufRpcInvoker.call(ProtobufRpcEngine.java:524)
datanode_2  | 2019-11-11 15:18:10,454 INFO impl.RaftServerImpl: 0778d3ca-dc86-48a3-bcd0-5e2be7269486@group-AA2612DF78AF: changes role from      null to FOLLOWER at term 0 for startAsFollower
datanode_1  | 2019-11-11 15:18:10,454 INFO server.RaftServerConfigKeys: raft.server.snapshot.retention.file.num = 5 (custom)
s3g_1       | 	at org.eclipse.jetty.servlet.ServletHandler$CachedChain.doFilter(ServletHandler.java:1767)
datanode_3  | 2019-11-11 15:18:10,468 WARN impl.MetricRegistriesImpl: First MetricRegistry has been created without registering reporters. You may need to call MetricRegistries.global().addReportRegistration(...) before.
om_1        | 	at org.apache.hadoop.ipc.RPC$Server.call(RPC.java:1025)
datanode_2  | 2019-11-11 15:18:10,454 INFO impl.RoleInfo: 0778d3ca-dc86-48a3-bcd0-5e2be7269486: start FollowerState
datanode_1  | 2019-11-11 15:18:10,454 INFO server.RaftServerConfigKeys: raft.server.retrycache.expirytime = 600000ms (custom)
s3g_1       | 	at org.apache.hadoop.http.NoCacheFilter.doFilter(NoCacheFilter.java:45)
datanode_3  | 2019-11-11 15:18:10,469 INFO impl.RaftServerImpl: ca2f3d97-aeff-42db-8b09-8e1bc412e3f9@group-AA2612DF78AF: start as a follower, conf=-1: [ca2f3d97-aeff-42db-8b09-8e1bc412e3f9:172.18.0.4:9858, 0778d3ca-dc86-48a3-bcd0-5e2be7269486:172.18.0.2:9858, 8a2faff8-0089-418d-8c06-8961415a74d0:172.18.0.3:9858], old=null
om_1        | 	at org.apache.hadoop.ipc.Server$RpcCall.run(Server.java:876)
datanode_2  | 2019-11-11 15:18:10,455 INFO util.JmxRegister: Successfully registered JMX Bean with object name Ratis:service=RaftServer,group=group-AA2612DF78AF,id=0778d3ca-dc86-48a3-bcd0-5e2be7269486
datanode_1  | 2019-11-11 15:18:10,455 WARN impl.MetricRegistriesImpl: First MetricRegistry has been created without registering reporters. You may need to call MetricRegistries.global().addReportRegistration(...) before.
s3g_1       | 	at org.eclipse.jetty.servlet.ServletHandler$CachedChain.doFilter(ServletHandler.java:1767)
datanode_3  | 2019-11-11 15:18:10,469 INFO impl.RaftServerImpl: ca2f3d97-aeff-42db-8b09-8e1bc412e3f9@group-AA2612DF78AF: changes role from      null to FOLLOWER at term 0 for startAsFollower
om_1        | 	at org.apache.hadoop.ipc.Server$RpcCall.run(Server.java:822)
datanode_2  | 2019-11-11 15:18:10,455 WARN impl.MetricRegistriesImpl: First MetricRegistry has been created without registering reporters. You may need to call MetricRegistries.global().addReportRegistration(...) before.
datanode_1  | 2019-11-11 15:18:10,455 WARN impl.MetricRegistriesImpl: First MetricRegistry has been created without registering reporters. You may need to call MetricRegistries.global().addReportRegistration(...) before.
s3g_1       | 	at org.eclipse.jetty.servlet.ServletHandler.doHandle(ServletHandler.java:583)
datanode_3  | 2019-11-11 15:18:10,469 INFO impl.RoleInfo: ca2f3d97-aeff-42db-8b09-8e1bc412e3f9: start FollowerState
datanode_2  | 2019-11-11 15:18:14,262 INFO impl.FollowerState: 0778d3ca-dc86-48a3-bcd0-5e2be7269486@group-B7403C12E80F-FollowerState: change to CANDIDATE, lastRpcTime:5163ms, electionTimeout:5160ms
om_1        | 	at java.base/java.security.AccessController.doPrivileged(Native Method)
datanode_1  | 2019-11-11 15:18:10,455 INFO impl.RaftServerImpl: 8a2faff8-0089-418d-8c06-8961415a74d0@group-AA2612DF78AF: start as a follower, conf=-1: [ca2f3d97-aeff-42db-8b09-8e1bc412e3f9:172.18.0.4:9858, 0778d3ca-dc86-48a3-bcd0-5e2be7269486:172.18.0.2:9858, 8a2faff8-0089-418d-8c06-8961415a74d0:172.18.0.3:9858], old=null
s3g_1       | 	at org.eclipse.jetty.server.handler.ScopedHandler.handle(ScopedHandler.java:143)
datanode_3  | 2019-11-11 15:18:10,470 INFO util.JmxRegister: Successfully registered JMX Bean with object name Ratis:service=RaftServer,group=group-AA2612DF78AF,id=ca2f3d97-aeff-42db-8b09-8e1bc412e3f9
datanode_2  | 2019-11-11 15:18:14,264 INFO impl.RoleInfo: 0778d3ca-dc86-48a3-bcd0-5e2be7269486: shutdown FollowerState
om_1        | 	at java.base/javax.security.auth.Subject.doAs(Subject.java:423)
datanode_1  | 2019-11-11 15:18:10,455 INFO impl.RaftServerImpl: 8a2faff8-0089-418d-8c06-8961415a74d0@group-AA2612DF78AF: changes role from      null to FOLLOWER at term 0 for startAsFollower
s3g_1       | 	at org.eclipse.jetty.security.SecurityHandler.handle(SecurityHandler.java:548)
datanode_3  | 2019-11-11 15:18:10,470 WARN impl.MetricRegistriesImpl: First MetricRegistry has been created without registering reporters. You may need to call MetricRegistries.global().addReportRegistration(...) before.
datanode_2  | 2019-11-11 15:18:14,265 INFO impl.RaftServerImpl: 0778d3ca-dc86-48a3-bcd0-5e2be7269486@group-B7403C12E80F: changes role from  FOLLOWER to CANDIDATE at term 0 for changeToCandidate
om_1        | 	at org.apache.hadoop.security.UserGroupInformation.doAs(UserGroupInformation.java:1730)
datanode_1  | 2019-11-11 15:18:10,456 INFO impl.RoleInfo: 8a2faff8-0089-418d-8c06-8961415a74d0: start FollowerState
s3g_1       | 	at org.eclipse.jetty.server.session.SessionHandler.doHandle(SessionHandler.java:226)
datanode_3  | 2019-11-11 15:18:14,742 INFO impl.FollowerState: ca2f3d97-aeff-42db-8b09-8e1bc412e3f9@group-BE3776C409C2-FollowerState: change to CANDIDATE, lastRpcTime:5001ms, electionTimeout:5001ms
om_1        | 	at org.apache.hadoop.ipc.Server$Handler.run(Server.java:2682)
datanode_2  | 2019-11-11 15:18:14,270 INFO impl.RoleInfo: 0778d3ca-dc86-48a3-bcd0-5e2be7269486: start LeaderElection
s3g_1       | 	at org.eclipse.jetty.server.handler.ContextHandler.doHandle(ContextHandler.java:1180)
datanode_3  | 2019-11-11 15:18:14,744 INFO impl.RoleInfo: ca2f3d97-aeff-42db-8b09-8e1bc412e3f9: shutdown FollowerState
om_1        | 2019-11-11 15:20:11,398 ERROR multipart.S3MultipartUploadCompleteRequest: MultipartUpload Complete request failed for Key: multipartKey3 in Volume/Bucket s37c35ba70126b04fca007e4dbfab9c47c/bucket-94209
datanode_2  | 2019-11-11 15:18:14,288 INFO impl.LeaderElection: 0778d3ca-dc86-48a3-bcd0-5e2be7269486@group-B7403C12E80F-LeaderElection1: begin an election at term 1 for -1: [0778d3ca-dc86-48a3-bcd0-5e2be7269486:172.18.0.2:9858], old=null
datanode_1  | 2019-11-11 15:18:10,456 INFO util.JmxRegister: Successfully registered JMX Bean with object name Ratis:service=RaftServer,group=group-AA2612DF78AF,id=8a2faff8-0089-418d-8c06-8961415a74d0
s3g_1       | 	at org.eclipse.jetty.servlet.ServletHandler.doScope(ServletHandler.java:513)
datanode_3  | 2019-11-11 15:18:14,745 INFO impl.RaftServerImpl: ca2f3d97-aeff-42db-8b09-8e1bc412e3f9@group-BE3776C409C2: changes role from  FOLLOWER to CANDIDATE at term 0 for changeToCandidate
om_1        | INVALID_PART org.apache.hadoop.ozone.om.exceptions.OMException: Complete Multipart Upload Failed: volume: s37c35ba70126b04fca007e4dbfab9c47cbucket: bucket-94209key: multipartKey3
datanode_2  | 2019-11-11 15:18:14,290 INFO impl.RoleInfo: 0778d3ca-dc86-48a3-bcd0-5e2be7269486: shutdown LeaderElection
datanode_1  | 2019-11-11 15:18:10,456 WARN impl.MetricRegistriesImpl: First MetricRegistry has been created without registering reporters. You may need to call MetricRegistries.global().addReportRegistration(...) before.
s3g_1       | 	at org.eclipse.jetty.server.session.SessionHandler.doScope(SessionHandler.java:185)
om_1        | 	at org.apache.hadoop.ozone.om.request.s3.multipart.S3MultipartUploadCompleteRequest.validateAndUpdateCache(S3MultipartUploadCompleteRequest.java:187)
datanode_3  | 2019-11-11 15:18:14,749 INFO impl.RoleInfo: ca2f3d97-aeff-42db-8b09-8e1bc412e3f9: start LeaderElection
datanode_2  | 2019-11-11 15:18:14,291 INFO impl.RaftServerImpl: 0778d3ca-dc86-48a3-bcd0-5e2be7269486@group-B7403C12E80F: changes role from CANDIDATE to LEADER at term 1 for changeToLeader
datanode_1  | 2019-11-11 15:18:15,286 INFO impl.FollowerState: 8a2faff8-0089-418d-8c06-8961415a74d0@group-1CDA2A07289D-FollowerState: change to CANDIDATE, lastRpcTime:5035ms, electionTimeout:5034ms
s3g_1       | 	at org.eclipse.jetty.server.handler.ContextHandler.doScope(ContextHandler.java:1112)
om_1        | 	at org.apache.hadoop.ozone.protocolPB.OzoneManagerProtocolServerSideTranslatorPB.submitRequestDirectlyToOM(OzoneManagerProtocolServerSideTranslatorPB.java:217)
datanode_3  | 2019-11-11 15:18:14,765 INFO impl.LeaderElection: ca2f3d97-aeff-42db-8b09-8e1bc412e3f9@group-BE3776C409C2-LeaderElection1: begin an election at term 1 for -1: [ca2f3d97-aeff-42db-8b09-8e1bc412e3f9:172.18.0.4:9858], old=null
datanode_2  | 2019-11-11 15:18:14,291 INFO impl.RaftServerImpl: 0778d3ca-dc86-48a3-bcd0-5e2be7269486@group-B7403C12E80F: change Leader from null to 0778d3ca-dc86-48a3-bcd0-5e2be7269486 at term 1 for becomeLeader, leader elected after 5258ms
datanode_1  | 2019-11-11 15:18:15,287 INFO impl.RoleInfo: 8a2faff8-0089-418d-8c06-8961415a74d0: shutdown FollowerState
s3g_1       | 	at org.eclipse.jetty.server.handler.ScopedHandler.handle(ScopedHandler.java:141)
datanode_3  | 2019-11-11 15:18:14,767 INFO impl.RoleInfo: ca2f3d97-aeff-42db-8b09-8e1bc412e3f9: shutdown LeaderElection
om_1        | 	at org.apache.hadoop.ozone.protocolPB.OzoneManagerProtocolServerSideTranslatorPB.processRequest(OzoneManagerProtocolServerSideTranslatorPB.java:132)
datanode_2  | 2019-11-11 15:18:14,297 INFO server.RaftServerConfigKeys: raft.server.staging.catchup.gap = 1000 (default)
datanode_1  | 2019-11-11 15:18:15,288 INFO impl.RaftServerImpl: 8a2faff8-0089-418d-8c06-8961415a74d0@group-1CDA2A07289D: changes role from  FOLLOWER to CANDIDATE at term 0 for changeToCandidate
s3g_1       | 	at org.eclipse.jetty.server.handler.HandlerCollection.handle(HandlerCollection.java:119)
datanode_3  | 2019-11-11 15:18:14,768 INFO impl.RaftServerImpl: ca2f3d97-aeff-42db-8b09-8e1bc412e3f9@group-BE3776C409C2: changes role from CANDIDATE to LEADER at term 1 for changeToLeader
datanode_2  | 2019-11-11 15:18:14,297 INFO server.RaftServerConfigKeys: raft.server.rpc.sleep.time = 25ms (default)
om_1        | 	at org.apache.hadoop.hdds.server.OzoneProtocolMessageDispatcher.processRequest(OzoneProtocolMessageDispatcher.java:72)
s3g_1       | 	at org.eclipse.jetty.server.handler.HandlerWrapper.handle(HandlerWrapper.java:134)
datanode_1  | 2019-11-11 15:18:15,292 INFO impl.RoleInfo: 8a2faff8-0089-418d-8c06-8961415a74d0: start LeaderElection
datanode_3  | 2019-11-11 15:18:14,768 INFO impl.RaftServerImpl: ca2f3d97-aeff-42db-8b09-8e1bc412e3f9@group-BE3776C409C2: change Leader from null to ca2f3d97-aeff-42db-8b09-8e1bc412e3f9 at term 1 for becomeLeader, leader elected after 5102ms
datanode_2  | 2019-11-11 15:18:14,301 INFO server.RaftServerConfigKeys: raft.server.write.element-limit = 4096 (default)
om_1        | 	at org.apache.hadoop.ozone.protocolPB.OzoneManagerProtocolServerSideTranslatorPB.submitRequest(OzoneManagerProtocolServerSideTranslatorPB.java:100)
s3g_1       | 	at org.eclipse.jetty.server.Server.handle(Server.java:539)
datanode_1  | 2019-11-11 15:18:15,308 INFO impl.LeaderElection: 8a2faff8-0089-418d-8c06-8961415a74d0@group-1CDA2A07289D-LeaderElection1: begin an election at term 1 for -1: [8a2faff8-0089-418d-8c06-8961415a74d0:172.18.0.3:9858], old=null
datanode_3  | 2019-11-11 15:18:14,773 INFO server.RaftServerConfigKeys: raft.server.staging.catchup.gap = 1000 (default)
datanode_2  | 2019-11-11 15:18:14,308 INFO server.RaftServerConfigKeys: raft.server.watch.timeout = 10s (default)
om_1        | 	at org.apache.hadoop.ozone.protocol.proto.OzoneManagerProtocolProtos$OzoneManagerService$2.callBlockingMethod(OzoneManagerProtocolProtos.java)
s3g_1       | 	at org.eclipse.jetty.server.HttpChannel.handle(HttpChannel.java:333)
datanode_1  | 2019-11-11 15:18:15,309 INFO impl.RoleInfo: 8a2faff8-0089-418d-8c06-8961415a74d0: shutdown LeaderElection
datanode_3  | 2019-11-11 15:18:14,773 INFO server.RaftServerConfigKeys: raft.server.rpc.sleep.time = 25ms (default)
datanode_2  | 2019-11-11 15:18:14,308 INFO server.RaftServerConfigKeys: raft.server.watch.timeout.denomination = 1s (default)
om_1        | 	at org.apache.hadoop.ipc.ProtobufRpcEngine$Server$ProtoBufRpcInvoker.call(ProtobufRpcEngine.java:524)
s3g_1       | 	at org.eclipse.jetty.server.HttpConnection.onFillable(HttpConnection.java:251)
datanode_1  | 2019-11-11 15:18:15,310 INFO impl.RaftServerImpl: 8a2faff8-0089-418d-8c06-8961415a74d0@group-1CDA2A07289D: changes role from CANDIDATE to LEADER at term 1 for changeToLeader
datanode_3  | 2019-11-11 15:18:14,777 INFO server.RaftServerConfigKeys: raft.server.write.element-limit = 4096 (default)
datanode_2  | 2019-11-11 15:18:14,309 INFO server.RaftServerConfigKeys: raft.server.watch.element-limit = 65536 (default)
om_1        | 	at org.apache.hadoop.ipc.RPC$Server.call(RPC.java:1025)
s3g_1       | 	at org.eclipse.jetty.io.AbstractConnection$ReadCallback.succeeded(AbstractConnection.java:283)
datanode_1  | 2019-11-11 15:18:15,310 INFO impl.RaftServerImpl: 8a2faff8-0089-418d-8c06-8961415a74d0@group-1CDA2A07289D: change Leader from null to 8a2faff8-0089-418d-8c06-8961415a74d0 at term 1 for becomeLeader, leader elected after 5140ms
datanode_3  | 2019-11-11 15:18:14,785 INFO server.RaftServerConfigKeys: raft.server.watch.timeout = 10s (default)
datanode_2  | 2019-11-11 15:18:14,318 INFO impl.RoleInfo: 0778d3ca-dc86-48a3-bcd0-5e2be7269486: start LeaderState
om_1        | 	at org.apache.hadoop.ipc.Server$RpcCall.run(Server.java:876)
s3g_1       | 	at org.eclipse.jetty.io.FillInterest.fillable(FillInterest.java:108)
datanode_1  | 2019-11-11 15:18:15,314 INFO server.RaftServerConfigKeys: raft.server.staging.catchup.gap = 1000 (default)
datanode_3  | 2019-11-11 15:18:14,786 INFO server.RaftServerConfigKeys: raft.server.watch.timeout.denomination = 1s (default)
datanode_2  | 2019-11-11 15:18:14,338 INFO segmented.SegmentedRaftLogWorker: 0778d3ca-dc86-48a3-bcd0-5e2be7269486@group-B7403C12E80F-SegmentedRaftLogWorker: Starting segment from index:0
s3g_1       | 	at org.eclipse.jetty.io.SelectChannelEndPoint$2.run(SelectChannelEndPoint.java:93)
datanode_1  | 2019-11-11 15:18:15,314 INFO server.RaftServerConfigKeys: raft.server.rpc.sleep.time = 25ms (default)
datanode_3  | 2019-11-11 15:18:14,787 INFO server.RaftServerConfigKeys: raft.server.watch.element-limit = 65536 (default)
om_1        | 	at org.apache.hadoop.ipc.Server$RpcCall.run(Server.java:822)
datanode_2  | 2019-11-11 15:18:14,348 INFO impl.RaftServerImpl: 0778d3ca-dc86-48a3-bcd0-5e2be7269486@group-B7403C12E80F: set configuration 0: [0778d3ca-dc86-48a3-bcd0-5e2be7269486:172.18.0.2:9858], old=null at 0
s3g_1       | 	at org.eclipse.jetty.util.thread.strategy.ExecuteProduceConsume.executeProduceConsume(ExecuteProduceConsume.java:303)
datanode_1  | 2019-11-11 15:18:15,317 INFO server.RaftServerConfigKeys: raft.server.write.element-limit = 4096 (default)
datanode_3  | 2019-11-11 15:18:14,797 INFO impl.RoleInfo: ca2f3d97-aeff-42db-8b09-8e1bc412e3f9: start LeaderState
om_1        | 	at java.base/java.security.AccessController.doPrivileged(Native Method)
datanode_2  | 2019-11-11 15:18:14,529 INFO segmented.SegmentedRaftLogWorker: 0778d3ca-dc86-48a3-bcd0-5e2be7269486@group-B7403C12E80F-SegmentedRaftLogWorker: created new log segment /data/metadata/ratis/9aac0617-d665-4ca7-a342-b7403c12e80f/current/log_inprogress_0
s3g_1       | 	at org.eclipse.jetty.util.thread.strategy.ExecuteProduceConsume.produceConsume(ExecuteProduceConsume.java:148)
datanode_1  | 2019-11-11 15:18:15,321 INFO server.RaftServerConfigKeys: raft.server.watch.timeout = 10s (default)
datanode_3  | 2019-11-11 15:18:14,818 INFO segmented.SegmentedRaftLogWorker: ca2f3d97-aeff-42db-8b09-8e1bc412e3f9@group-BE3776C409C2-SegmentedRaftLogWorker: Starting segment from index:0
om_1        | 	at java.base/javax.security.auth.Subject.doAs(Subject.java:423)
datanode_2  | 2019-11-11 15:18:15,504 INFO impl.FollowerState: 0778d3ca-dc86-48a3-bcd0-5e2be7269486@group-AA2612DF78AF-FollowerState: change to CANDIDATE, lastRpcTime:5049ms, electionTimeout:5049ms
s3g_1       | 	at org.eclipse.jetty.util.thread.strategy.ExecuteProduceConsume.run(ExecuteProduceConsume.java:136)
datanode_1  | 2019-11-11 15:18:15,321 INFO server.RaftServerConfigKeys: raft.server.watch.timeout.denomination = 1s (default)
datanode_3  | 2019-11-11 15:18:14,828 INFO impl.RaftServerImpl: ca2f3d97-aeff-42db-8b09-8e1bc412e3f9@group-BE3776C409C2: set configuration 0: [ca2f3d97-aeff-42db-8b09-8e1bc412e3f9:172.18.0.4:9858], old=null at 0
om_1        | 	at org.apache.hadoop.security.UserGroupInformation.doAs(UserGroupInformation.java:1730)
datanode_2  | 2019-11-11 15:18:15,504 INFO impl.RoleInfo: 0778d3ca-dc86-48a3-bcd0-5e2be7269486: shutdown FollowerState
s3g_1       | 	at org.eclipse.jetty.util.thread.QueuedThreadPool.runJob(QueuedThreadPool.java:671)
datanode_3  | 2019-11-11 15:18:14,973 INFO segmented.SegmentedRaftLogWorker: ca2f3d97-aeff-42db-8b09-8e1bc412e3f9@group-BE3776C409C2-SegmentedRaftLogWorker: created new log segment /data/metadata/ratis/0ccd50c2-102e-4dd6-b7a8-be3776c409c2/current/log_inprogress_0
datanode_1  | 2019-11-11 15:18:15,322 INFO server.RaftServerConfigKeys: raft.server.watch.element-limit = 65536 (default)
om_1        | 	at org.apache.hadoop.ipc.Server$Handler.run(Server.java:2682)
datanode_2  | 2019-11-11 15:18:15,505 INFO impl.RaftServerImpl: 0778d3ca-dc86-48a3-bcd0-5e2be7269486@group-AA2612DF78AF: changes role from  FOLLOWER to CANDIDATE at term 0 for changeToCandidate
s3g_1       | 	at org.eclipse.jetty.util.thread.QueuedThreadPool$2.run(QueuedThreadPool.java:589)
datanode_3  | 2019-11-11 15:18:15,476 INFO impl.FollowerState: ca2f3d97-aeff-42db-8b09-8e1bc412e3f9@group-AA2612DF78AF-FollowerState: change to CANDIDATE, lastRpcTime:5007ms, electionTimeout:5007ms
datanode_1  | 2019-11-11 15:18:15,328 INFO impl.RoleInfo: 8a2faff8-0089-418d-8c06-8961415a74d0: start LeaderState
om_1        | 2019-11-11 15:20:12,111 ERROR multipart.S3MultipartUploadCompleteRequest: MultipartUpload Complete request failed for Key: multipartKey3 in Volume/Bucket s37c35ba70126b04fca007e4dbfab9c47c/bucket-94209
datanode_2  | 2019-11-11 15:18:15,505 INFO impl.RoleInfo: 0778d3ca-dc86-48a3-bcd0-5e2be7269486: start LeaderElection
s3g_1       | 	at java.base/java.lang.Thread.run(Thread.java:834)
datanode_3  | 2019-11-11 15:18:15,477 INFO impl.RoleInfo: ca2f3d97-aeff-42db-8b09-8e1bc412e3f9: shutdown FollowerState
datanode_1  | 2019-11-11 15:18:15,344 INFO segmented.SegmentedRaftLogWorker: 8a2faff8-0089-418d-8c06-8961415a74d0@group-1CDA2A07289D-SegmentedRaftLogWorker: Starting segment from index:0
om_1        | INVALID_PART org.apache.hadoop.ozone.om.exceptions.OMException: Complete Multipart Upload Failed: volume: s37c35ba70126b04fca007e4dbfab9c47cbucket: bucket-94209key: multipartKey3
datanode_2  | 2019-11-11 15:18:15,520 INFO impl.LeaderElection: 0778d3ca-dc86-48a3-bcd0-5e2be7269486@group-AA2612DF78AF-LeaderElection2: begin an election at term 1 for -1: [ca2f3d97-aeff-42db-8b09-8e1bc412e3f9:172.18.0.4:9858, 0778d3ca-dc86-48a3-bcd0-5e2be7269486:172.18.0.2:9858, 8a2faff8-0089-418d-8c06-8961415a74d0:172.18.0.3:9858], old=null
s3g_1       | 2019-11-11 15:20:07,149 ERROR endpoint.ObjectEndpoint: Error in Complete Multipart Upload Request for bucket: bucket-94209, key: multipartKey3
datanode_3  | 2019-11-11 15:18:15,478 INFO impl.RaftServerImpl: ca2f3d97-aeff-42db-8b09-8e1bc412e3f9@group-AA2612DF78AF: changes role from  FOLLOWER to CANDIDATE at term 0 for changeToCandidate
datanode_1  | 2019-11-11 15:18:15,353 INFO impl.RaftServerImpl: 8a2faff8-0089-418d-8c06-8961415a74d0@group-1CDA2A07289D: set configuration 0: [8a2faff8-0089-418d-8c06-8961415a74d0:172.18.0.3:9858], old=null at 0
om_1        | 	at org.apache.hadoop.ozone.om.request.s3.multipart.S3MultipartUploadCompleteRequest.validateAndUpdateCache(S3MultipartUploadCompleteRequest.java:187)
datanode_3  | 2019-11-11 15:18:15,478 INFO impl.RoleInfo: ca2f3d97-aeff-42db-8b09-8e1bc412e3f9: start LeaderElection
s3g_1       | INVALID_PART org.apache.hadoop.ozone.om.exceptions.OMException: Complete Multipart Upload Failed: volume: s37c35ba70126b04fca007e4dbfab9c47cbucket: bucket-94209key: multipartKey3
om_1        | 	at org.apache.hadoop.ozone.protocolPB.OzoneManagerProtocolServerSideTranslatorPB.submitRequestDirectlyToOM(OzoneManagerProtocolServerSideTranslatorPB.java:217)
datanode_1  | 2019-11-11 15:18:15,500 INFO segmented.SegmentedRaftLogWorker: 8a2faff8-0089-418d-8c06-8961415a74d0@group-1CDA2A07289D-SegmentedRaftLogWorker: created new log segment /data/metadata/ratis/d50a4687-d3ff-4b58-822e-1cda2a07289d/current/log_inprogress_0
datanode_3  | 2019-11-11 15:18:15,500 INFO impl.LeaderElection: ca2f3d97-aeff-42db-8b09-8e1bc412e3f9@group-AA2612DF78AF-LeaderElection2: begin an election at term 1 for -1: [ca2f3d97-aeff-42db-8b09-8e1bc412e3f9:172.18.0.4:9858, 0778d3ca-dc86-48a3-bcd0-5e2be7269486:172.18.0.2:9858, 8a2faff8-0089-418d-8c06-8961415a74d0:172.18.0.3:9858], old=null
s3g_1       | 	at org.apache.hadoop.ozone.om.protocolPB.OzoneManagerProtocolClientSideTranslatorPB.handleError(OzoneManagerProtocolClientSideTranslatorPB.java:758)
om_1        | 	at org.apache.hadoop.ozone.protocolPB.OzoneManagerProtocolServerSideTranslatorPB.processRequest(OzoneManagerProtocolServerSideTranslatorPB.java:132)
datanode_2  | 2019-11-11 15:18:15,721 INFO impl.LeaderElection: 0778d3ca-dc86-48a3-bcd0-5e2be7269486@group-AA2612DF78AF-LeaderElection2: Election REJECTED; received 2 response(s) [0778d3ca-dc86-48a3-bcd0-5e2be7269486<-ca2f3d97-aeff-42db-8b09-8e1bc412e3f9#0:FAIL-t1, 0778d3ca-dc86-48a3-bcd0-5e2be7269486<-8a2faff8-0089-418d-8c06-8961415a74d0#0:FAIL-t1] and 0 exception(s); 0778d3ca-dc86-48a3-bcd0-5e2be7269486@group-AA2612DF78AF:t1, leader=null, voted=0778d3ca-dc86-48a3-bcd0-5e2be7269486, raftlog=0778d3ca-dc86-48a3-bcd0-5e2be7269486@group-AA2612DF78AF-SegmentedRaftLog:OPENED:c-1,f-1,i0, conf=-1: [ca2f3d97-aeff-42db-8b09-8e1bc412e3f9:172.18.0.4:9858, 0778d3ca-dc86-48a3-bcd0-5e2be7269486:172.18.0.2:9858, 8a2faff8-0089-418d-8c06-8961415a74d0:172.18.0.3:9858], old=null
datanode_1  | 2019-11-11 15:18:15,554 INFO impl.FollowerState: 8a2faff8-0089-418d-8c06-8961415a74d0@group-AA2612DF78AF-FollowerState: change to CANDIDATE, lastRpcTime:5098ms, electionTimeout:5098ms
s3g_1       | 	at org.apache.hadoop.ozone.om.protocolPB.OzoneManagerProtocolClientSideTranslatorPB.completeMultipartUpload(OzoneManagerProtocolClientSideTranslatorPB.java:1130)
datanode_3  | 2019-11-11 15:18:15,715 INFO impl.LeaderElection: ca2f3d97-aeff-42db-8b09-8e1bc412e3f9@group-AA2612DF78AF-LeaderElection2: Election REJECTED; received 2 response(s) [ca2f3d97-aeff-42db-8b09-8e1bc412e3f9<-0778d3ca-dc86-48a3-bcd0-5e2be7269486#0:FAIL-t1, ca2f3d97-aeff-42db-8b09-8e1bc412e3f9<-8a2faff8-0089-418d-8c06-8961415a74d0#0:FAIL-t1] and 0 exception(s); ca2f3d97-aeff-42db-8b09-8e1bc412e3f9@group-AA2612DF78AF:t1, leader=null, voted=ca2f3d97-aeff-42db-8b09-8e1bc412e3f9, raftlog=ca2f3d97-aeff-42db-8b09-8e1bc412e3f9@group-AA2612DF78AF-SegmentedRaftLog:OPENED:c-1,f-1,i0, conf=-1: [ca2f3d97-aeff-42db-8b09-8e1bc412e3f9:172.18.0.4:9858, 0778d3ca-dc86-48a3-bcd0-5e2be7269486:172.18.0.2:9858, 8a2faff8-0089-418d-8c06-8961415a74d0:172.18.0.3:9858], old=null
om_1        | 	at org.apache.hadoop.hdds.server.OzoneProtocolMessageDispatcher.processRequest(OzoneProtocolMessageDispatcher.java:72)
datanode_2  | 2019-11-11 15:18:15,723 INFO impl.RaftServerImpl: 0778d3ca-dc86-48a3-bcd0-5e2be7269486@group-AA2612DF78AF: changes role from CANDIDATE to FOLLOWER at term 1 for DISCOVERED_A_NEW_TERM
datanode_1  | 2019-11-11 15:18:15,555 INFO impl.RoleInfo: 8a2faff8-0089-418d-8c06-8961415a74d0: shutdown FollowerState
s3g_1       | 	at java.base/jdk.internal.reflect.NativeMethodAccessorImpl.invoke0(Native Method)
datanode_3  | 2019-11-11 15:18:15,716 INFO impl.RaftServerImpl: ca2f3d97-aeff-42db-8b09-8e1bc412e3f9@group-AA2612DF78AF: changes role from CANDIDATE to FOLLOWER at term 1 for DISCOVERED_A_NEW_TERM
om_1        | 	at org.apache.hadoop.ozone.protocolPB.OzoneManagerProtocolServerSideTranslatorPB.submitRequest(OzoneManagerProtocolServerSideTranslatorPB.java:100)
datanode_2  | 2019-11-11 15:18:15,723 INFO impl.RoleInfo: 0778d3ca-dc86-48a3-bcd0-5e2be7269486: shutdown LeaderElection
datanode_1  | 2019-11-11 15:18:15,555 INFO impl.RaftServerImpl: 8a2faff8-0089-418d-8c06-8961415a74d0@group-AA2612DF78AF: changes role from  FOLLOWER to CANDIDATE at term 0 for changeToCandidate
s3g_1       | 	at java.base/jdk.internal.reflect.NativeMethodAccessorImpl.invoke(NativeMethodAccessorImpl.java:62)
datanode_3  | 2019-11-11 15:18:15,716 INFO impl.RoleInfo: ca2f3d97-aeff-42db-8b09-8e1bc412e3f9: shutdown LeaderElection
om_1        | 	at org.apache.hadoop.ozone.protocol.proto.OzoneManagerProtocolProtos$OzoneManagerService$2.callBlockingMethod(OzoneManagerProtocolProtos.java)
datanode_2  | 2019-11-11 15:18:15,723 INFO impl.RoleInfo: 0778d3ca-dc86-48a3-bcd0-5e2be7269486: start FollowerState
datanode_1  | 2019-11-11 15:18:15,555 INFO impl.RoleInfo: 8a2faff8-0089-418d-8c06-8961415a74d0: start LeaderElection
s3g_1       | 	at java.base/jdk.internal.reflect.DelegatingMethodAccessorImpl.invoke(DelegatingMethodAccessorImpl.java:43)
om_1        | 	at org.apache.hadoop.ipc.ProtobufRpcEngine$Server$ProtoBufRpcInvoker.call(ProtobufRpcEngine.java:524)
datanode_2  | 2019-11-11 15:18:20,845 INFO impl.FollowerState: 0778d3ca-dc86-48a3-bcd0-5e2be7269486@group-AA2612DF78AF-FollowerState: change to CANDIDATE, lastRpcTime:5122ms, electionTimeout:5121ms
datanode_3  | 2019-11-11 15:18:15,717 INFO impl.RoleInfo: ca2f3d97-aeff-42db-8b09-8e1bc412e3f9: start FollowerState
datanode_1  | 2019-11-11 15:18:15,572 INFO impl.LeaderElection: 8a2faff8-0089-418d-8c06-8961415a74d0@group-AA2612DF78AF-LeaderElection2: begin an election at term 1 for -1: [ca2f3d97-aeff-42db-8b09-8e1bc412e3f9:172.18.0.4:9858, 0778d3ca-dc86-48a3-bcd0-5e2be7269486:172.18.0.2:9858, 8a2faff8-0089-418d-8c06-8961415a74d0:172.18.0.3:9858], old=null
om_1        | 	at org.apache.hadoop.ipc.RPC$Server.call(RPC.java:1025)
s3g_1       | 	at java.base/java.lang.reflect.Method.invoke(Method.java:566)
datanode_2  | 2019-11-11 15:18:20,846 INFO impl.RoleInfo: 0778d3ca-dc86-48a3-bcd0-5e2be7269486: shutdown FollowerState
datanode_3  | 2019-11-11 15:18:20,888 INFO impl.RaftServerImpl: ca2f3d97-aeff-42db-8b09-8e1bc412e3f9@group-AA2612DF78AF: changes role from  FOLLOWER to FOLLOWER at term 2 for recognizeCandidate:0778d3ca-dc86-48a3-bcd0-5e2be7269486
om_1        | 	at org.apache.hadoop.ipc.Server$RpcCall.run(Server.java:876)
s3g_1       | 	at org.apache.hadoop.hdds.tracing.TraceAllMethod.invoke(TraceAllMethod.java:66)
datanode_2  | 2019-11-11 15:18:20,846 INFO impl.RaftServerImpl: 0778d3ca-dc86-48a3-bcd0-5e2be7269486@group-AA2612DF78AF: changes role from  FOLLOWER to CANDIDATE at term 1 for changeToCandidate
datanode_3  | 2019-11-11 15:18:20,889 INFO impl.RoleInfo: ca2f3d97-aeff-42db-8b09-8e1bc412e3f9: shutdown FollowerState
om_1        | 	at org.apache.hadoop.ipc.Server$RpcCall.run(Server.java:822)
datanode_2  | 2019-11-11 15:18:20,846 INFO impl.RoleInfo: 0778d3ca-dc86-48a3-bcd0-5e2be7269486: start LeaderElection
s3g_1       | 	at com.sun.proxy.$Proxy84.completeMultipartUpload(Unknown Source)
datanode_1  | 2019-11-11 15:18:15,748 INFO impl.LeaderElection: 8a2faff8-0089-418d-8c06-8961415a74d0@group-AA2612DF78AF-LeaderElection2: Election REJECTED; received 2 response(s) [8a2faff8-0089-418d-8c06-8961415a74d0<-0778d3ca-dc86-48a3-bcd0-5e2be7269486#0:FAIL-t1, 8a2faff8-0089-418d-8c06-8961415a74d0<-ca2f3d97-aeff-42db-8b09-8e1bc412e3f9#0:FAIL-t1] and 0 exception(s); 8a2faff8-0089-418d-8c06-8961415a74d0@group-AA2612DF78AF:t1, leader=null, voted=8a2faff8-0089-418d-8c06-8961415a74d0, raftlog=8a2faff8-0089-418d-8c06-8961415a74d0@group-AA2612DF78AF-SegmentedRaftLog:OPENED:c-1,f-1,i0, conf=-1: [ca2f3d97-aeff-42db-8b09-8e1bc412e3f9:172.18.0.4:9858, 0778d3ca-dc86-48a3-bcd0-5e2be7269486:172.18.0.2:9858, 8a2faff8-0089-418d-8c06-8961415a74d0:172.18.0.3:9858], old=null
datanode_3  | 2019-11-11 15:18:20,889 INFO impl.FollowerState: ca2f3d97-aeff-42db-8b09-8e1bc412e3f9@group-AA2612DF78AF-FollowerState was interrupted: java.lang.InterruptedException: sleep interrupted
om_1        | 	at java.base/java.security.AccessController.doPrivileged(Native Method)
datanode_2  | 2019-11-11 15:18:20,861 INFO impl.LeaderElection: 0778d3ca-dc86-48a3-bcd0-5e2be7269486@group-AA2612DF78AF-LeaderElection3: begin an election at term 2 for -1: [ca2f3d97-aeff-42db-8b09-8e1bc412e3f9:172.18.0.4:9858, 0778d3ca-dc86-48a3-bcd0-5e2be7269486:172.18.0.2:9858, 8a2faff8-0089-418d-8c06-8961415a74d0:172.18.0.3:9858], old=null
s3g_1       | 	at org.apache.hadoop.ozone.client.rpc.RpcClient.completeMultipartUpload(RpcClient.java:902)
datanode_3  | 2019-11-11 15:18:20,889 INFO impl.RoleInfo: ca2f3d97-aeff-42db-8b09-8e1bc412e3f9: start FollowerState
datanode_1  | 2019-11-11 15:18:15,750 INFO impl.RaftServerImpl: 8a2faff8-0089-418d-8c06-8961415a74d0@group-AA2612DF78AF: changes role from CANDIDATE to FOLLOWER at term 1 for DISCOVERED_A_NEW_TERM
om_1        | 	at java.base/javax.security.auth.Subject.doAs(Subject.java:423)
datanode_2  | 2019-11-11 15:18:20,923 INFO impl.LeaderElection: 0778d3ca-dc86-48a3-bcd0-5e2be7269486@group-AA2612DF78AF-LeaderElection3: Election PASSED; received 1 response(s) [0778d3ca-dc86-48a3-bcd0-5e2be7269486<-ca2f3d97-aeff-42db-8b09-8e1bc412e3f9#0:OK-t2] and 0 exception(s); 0778d3ca-dc86-48a3-bcd0-5e2be7269486@group-AA2612DF78AF:t2, leader=null, voted=0778d3ca-dc86-48a3-bcd0-5e2be7269486, raftlog=0778d3ca-dc86-48a3-bcd0-5e2be7269486@group-AA2612DF78AF-SegmentedRaftLog:OPENED:c-1,f-1,i0, conf=-1: [ca2f3d97-aeff-42db-8b09-8e1bc412e3f9:172.18.0.4:9858, 0778d3ca-dc86-48a3-bcd0-5e2be7269486:172.18.0.2:9858, 8a2faff8-0089-418d-8c06-8961415a74d0:172.18.0.3:9858], old=null
datanode_3  | 2019-11-11 15:18:21,007 INFO impl.RaftServerImpl: ca2f3d97-aeff-42db-8b09-8e1bc412e3f9@group-AA2612DF78AF: change Leader from null to 0778d3ca-dc86-48a3-bcd0-5e2be7269486 at term 2 for appendEntries, leader elected after 10542ms
s3g_1       | 	at org.apache.hadoop.ozone.client.OzoneBucket.completeMultipartUpload(OzoneBucket.java:445)
datanode_1  | 2019-11-11 15:18:15,750 INFO impl.RoleInfo: 8a2faff8-0089-418d-8c06-8961415a74d0: shutdown LeaderElection
om_1        | 	at org.apache.hadoop.security.UserGroupInformation.doAs(UserGroupInformation.java:1730)
datanode_2  | 2019-11-11 15:18:20,924 INFO impl.RoleInfo: 0778d3ca-dc86-48a3-bcd0-5e2be7269486: shutdown LeaderElection
datanode_3  | 2019-11-11 15:18:21,030 INFO impl.RaftServerImpl: ca2f3d97-aeff-42db-8b09-8e1bc412e3f9@group-AA2612DF78AF: set configuration 0: [ca2f3d97-aeff-42db-8b09-8e1bc412e3f9:172.18.0.4:9858, 0778d3ca-dc86-48a3-bcd0-5e2be7269486:172.18.0.2:9858, 8a2faff8-0089-418d-8c06-8961415a74d0:172.18.0.3:9858], old=null at 0
s3g_1       | 	at org.apache.hadoop.ozone.s3.endpoint.ObjectEndpoint.completeMultipartUpload(ObjectEndpoint.java:500)
datanode_1  | 2019-11-11 15:18:15,750 INFO impl.RoleInfo: 8a2faff8-0089-418d-8c06-8961415a74d0: start FollowerState
om_1        | 	at org.apache.hadoop.ipc.Server$Handler.run(Server.java:2682)
datanode_2  | 2019-11-11 15:18:20,924 INFO impl.RaftServerImpl: 0778d3ca-dc86-48a3-bcd0-5e2be7269486@group-AA2612DF78AF: changes role from CANDIDATE to LEADER at term 2 for changeToLeader
datanode_3  | 2019-11-11 15:18:21,030 INFO segmented.SegmentedRaftLogWorker: ca2f3d97-aeff-42db-8b09-8e1bc412e3f9@group-AA2612DF78AF-SegmentedRaftLogWorker: Starting segment from index:0
s3g_1       | 	at java.base/jdk.internal.reflect.NativeMethodAccessorImpl.invoke0(Native Method)
datanode_1  | 2019-11-11 15:18:20,888 INFO impl.RaftServerImpl: 8a2faff8-0089-418d-8c06-8961415a74d0@group-AA2612DF78AF: changes role from  FOLLOWER to FOLLOWER at term 2 for recognizeCandidate:0778d3ca-dc86-48a3-bcd0-5e2be7269486
om_1        | 2019-11-11 15:20:12,792 ERROR multipart.S3MultipartUploadCompleteRequest: PartNumber at index 1 is 2, and its previous partNumber at index 0 is 4 for ozonekey is /s37c35ba70126b04fca007e4dbfab9c47c/bucket-94209/multipartKey3
datanode_2  | 2019-11-11 15:18:20,924 INFO impl.RaftServerImpl: 0778d3ca-dc86-48a3-bcd0-5e2be7269486@group-AA2612DF78AF: change Leader from null to 0778d3ca-dc86-48a3-bcd0-5e2be7269486 at term 2 for becomeLeader, leader elected after 10475ms
datanode_3  | 2019-11-11 15:18:21,069 INFO segmented.SegmentedRaftLogWorker: ca2f3d97-aeff-42db-8b09-8e1bc412e3f9@group-AA2612DF78AF-SegmentedRaftLogWorker: created new log segment /data/metadata/ratis/19aba365-3a32-460b-b184-aa2612df78af/current/log_inprogress_0
s3g_1       | 	at java.base/jdk.internal.reflect.NativeMethodAccessorImpl.invoke(NativeMethodAccessorImpl.java:62)
datanode_1  | 2019-11-11 15:18:20,888 INFO impl.RoleInfo: 8a2faff8-0089-418d-8c06-8961415a74d0: shutdown FollowerState
om_1        | 2019-11-11 15:20:12,793 ERROR multipart.S3MultipartUploadCompleteRequest: MultipartUpload Complete request failed for Key: multipartKey3 in Volume/Bucket s37c35ba70126b04fca007e4dbfab9c47c/bucket-94209
datanode_2  | 2019-11-11 15:18:20,925 INFO server.RaftServerConfigKeys: raft.server.staging.catchup.gap = 1000 (default)
s3g_1       | 	at java.base/jdk.internal.reflect.DelegatingMethodAccessorImpl.invoke(DelegatingMethodAccessorImpl.java:43)
datanode_1  | 2019-11-11 15:18:20,888 INFO impl.RoleInfo: 8a2faff8-0089-418d-8c06-8961415a74d0: start FollowerState
om_1        | INVALID_PART_ORDER org.apache.hadoop.ozone.om.exceptions.OMException: Complete Multipart Upload Failed: volume: s37c35ba70126b04fca007e4dbfab9c47cbucket: bucket-94209key: multipartKey3because parts are in Invalid order.
datanode_2  | 2019-11-11 15:18:20,925 INFO server.RaftServerConfigKeys: raft.server.rpc.sleep.time = 25ms (default)
s3g_1       | 	at java.base/java.lang.reflect.Method.invoke(Method.java:566)
datanode_1  | 2019-11-11 15:18:20,888 INFO impl.FollowerState: 8a2faff8-0089-418d-8c06-8961415a74d0@group-AA2612DF78AF-FollowerState was interrupted: java.lang.InterruptedException: sleep interrupted
om_1        | 	at org.apache.hadoop.ozone.om.request.s3.multipart.S3MultipartUploadCompleteRequest.validateAndUpdateCache(S3MultipartUploadCompleteRequest.java:164)
s3g_1       | 	at org.glassfish.jersey.server.model.internal.ResourceMethodInvocationHandlerFactory.lambda$static$0(ResourceMethodInvocationHandlerFactory.java:76)
datanode_2  | 2019-11-11 15:18:20,925 INFO server.RaftServerConfigKeys: raft.server.write.element-limit = 4096 (default)
om_1        | 	at org.apache.hadoop.ozone.protocolPB.OzoneManagerProtocolServerSideTranslatorPB.submitRequestDirectlyToOM(OzoneManagerProtocolServerSideTranslatorPB.java:217)
s3g_1       | 	at org.glassfish.jersey.server.model.internal.AbstractJavaResourceMethodDispatcher$1.run(AbstractJavaResourceMethodDispatcher.java:148)
datanode_2  | 2019-11-11 15:18:20,925 INFO server.RaftServerConfigKeys: raft.server.watch.timeout = 10s (default)
datanode_1  | 2019-11-11 15:18:21,007 INFO impl.RaftServerImpl: 8a2faff8-0089-418d-8c06-8961415a74d0@group-AA2612DF78AF: change Leader from null to 0778d3ca-dc86-48a3-bcd0-5e2be7269486 at term 2 for appendEntries, leader elected after 10556ms
om_1        | 	at org.apache.hadoop.ozone.protocolPB.OzoneManagerProtocolServerSideTranslatorPB.processRequest(OzoneManagerProtocolServerSideTranslatorPB.java:132)
s3g_1       | 	at org.glassfish.jersey.server.model.internal.AbstractJavaResourceMethodDispatcher.invoke(AbstractJavaResourceMethodDispatcher.java:191)
datanode_2  | 2019-11-11 15:18:20,925 INFO server.RaftServerConfigKeys: raft.server.watch.timeout.denomination = 1s (default)
datanode_1  | 2019-11-11 15:18:21,029 INFO impl.RaftServerImpl: 8a2faff8-0089-418d-8c06-8961415a74d0@group-AA2612DF78AF: set configuration 0: [ca2f3d97-aeff-42db-8b09-8e1bc412e3f9:172.18.0.4:9858, 0778d3ca-dc86-48a3-bcd0-5e2be7269486:172.18.0.2:9858, 8a2faff8-0089-418d-8c06-8961415a74d0:172.18.0.3:9858], old=null at 0
om_1        | 	at org.apache.hadoop.hdds.server.OzoneProtocolMessageDispatcher.processRequest(OzoneProtocolMessageDispatcher.java:72)
s3g_1       | 	at org.glassfish.jersey.server.model.internal.JavaResourceMethodDispatcherProvider$ResponseOutInvoker.doDispatch(JavaResourceMethodDispatcherProvider.java:200)
datanode_2  | 2019-11-11 15:18:20,925 INFO server.RaftServerConfigKeys: raft.server.watch.element-limit = 65536 (default)
datanode_1  | 2019-11-11 15:18:21,029 INFO segmented.SegmentedRaftLogWorker: 8a2faff8-0089-418d-8c06-8961415a74d0@group-AA2612DF78AF-SegmentedRaftLogWorker: Starting segment from index:0
s3g_1       | 	at org.glassfish.jersey.server.model.internal.AbstractJavaResourceMethodDispatcher.dispatch(AbstractJavaResourceMethodDispatcher.java:103)
om_1        | 	at org.apache.hadoop.ozone.protocolPB.OzoneManagerProtocolServerSideTranslatorPB.submitRequest(OzoneManagerProtocolServerSideTranslatorPB.java:100)
datanode_2  | 2019-11-11 15:18:20,929 INFO server.RaftServerConfigKeys: raft.server.log.appender.snapshot.chunk.size.max = 16MB (=16777216) (default)
datanode_1  | 2019-11-11 15:18:21,069 INFO segmented.SegmentedRaftLogWorker: 8a2faff8-0089-418d-8c06-8961415a74d0@group-AA2612DF78AF-SegmentedRaftLogWorker: created new log segment /data/metadata/ratis/19aba365-3a32-460b-b184-aa2612df78af/current/log_inprogress_0
s3g_1       | 	at org.glassfish.jersey.server.model.ResourceMethodInvoker.invoke(ResourceMethodInvoker.java:493)
om_1        | 	at org.apache.hadoop.ozone.protocol.proto.OzoneManagerProtocolProtos$OzoneManagerService$2.callBlockingMethod(OzoneManagerProtocolProtos.java)
datanode_2  | 2019-11-11 15:18:20,929 INFO server.RaftServerConfigKeys: raft.server.log.appender.buffer.byte-limit = 33554432 (custom)
s3g_1       | 	at org.glassfish.jersey.server.model.ResourceMethodInvoker.apply(ResourceMethodInvoker.java:415)
datanode_2  | 2019-11-11 15:18:20,929 INFO server.RaftServerConfigKeys: raft.server.log.appender.buffer.element-limit = 1 (custom)
s3g_1       | 	at org.glassfish.jersey.server.model.ResourceMethodInvoker.apply(ResourceMethodInvoker.java:104)
om_1        | 	at org.apache.hadoop.ipc.ProtobufRpcEngine$Server$ProtoBufRpcInvoker.call(ProtobufRpcEngine.java:524)
datanode_2  | 2019-11-11 15:18:20,933 INFO grpc.GrpcConfigKeys$Server: raft.grpc.server.leader.outstanding.appends.max = 128 (default)
s3g_1       | 	at org.glassfish.jersey.server.ServerRuntime$1.run(ServerRuntime.java:277)
datanode_2  | 2019-11-11 15:18:20,933 INFO server.RaftServerConfigKeys: raft.server.rpc.request.timeout = 3000ms (default)
om_1        | 	at org.apache.hadoop.ipc.RPC$Server.call(RPC.java:1025)
s3g_1       | 	at org.glassfish.jersey.internal.Errors$1.call(Errors.java:272)
datanode_2  | 2019-11-11 15:18:20,933 INFO server.RaftServerConfigKeys: raft.server.log.appender.install.snapshot.enabled = false (custom)
