scm_1       | 2019-11-15 04:39:50,061 INFO pipeline.SCMPipelineManager: destroying pipeline:Pipeline[ Id: cc9adef9-8478-49f8-a10c-717d99a3f9cd, Nodes: 88f71669-b763-4f70-8281-e4f93a985b54{ip: 172.18.0.8, host: hadoop32_datanode_3.hadoop32_default, networkLocation: /default-rack, certSerialId: null}392283af-ccd1-4730-a9e1-baed07c711db{ip: 172.18.0.6, host: hadoop32_datanode_1.hadoop32_default, networkLocation: /default-rack, certSerialId: null}93f310a3-c036-44b2-893a-46f723ece428{ip: 172.18.0.9, host: hadoop32_datanode_2.hadoop32_default, networkLocation: /default-rack, certSerialId: null}, Type:RATIS, Factor:THREE, State:CLOSED]
nm_1        | 2019-11-15 04:40:18 INFO  ContainerImpl:2112 - Container container_1573792624926_0001_01_000002 transitioned from EXITED_WITH_SUCCESS to DONE
datanode_2  | 2019-11-15 04:37:40,754 INFO server.RaftServerConfigKeys: raft.server.log.segment.size.max = 1048576 (custom)
datanode_1  | 2019-11-15 04:37:17,147 INFO impl.RoleInfo: 392283af-ccd1-4730-a9e1-baed07c711db: start LeaderState
datanode_3  | 2019-11-15 04:37:18,180 INFO segmented.SegmentedRaftLogWorker: 88f71669-b763-4f70-8281-e4f93a985b54@group-7556086DA365-SegmentedRaftLogWorker: Starting segment from index:0
scm_1       | 2019-11-15 04:39:50,118 INFO pipeline.PipelineReportHandler: Pipeline THREE PipelineID=c8da6510-a343-4d5b-af2b-1905fc5672c3 reported by 392283af-ccd1-4730-a9e1-baed07c711db{ip: 172.18.0.6, host: hadoop32_datanode_1.hadoop32_default, networkLocation: /default-rack, certSerialId: null}
rm_1        | 2019-11-15 04:37:05 INFO  RpcServerFactoryPBImpl:173 - Adding protocol org.apache.hadoop.yarn.server.api.ResourceTrackerPB to the server
nm_1        | 2019-11-15 04:40:18 INFO  ApplicationImpl:512 - Removing container_1573792624926_0001_01_000002 from application application_1573792624926_0001
datanode_2  | 2019-11-15 04:37:40,754 INFO server.RaftServerConfigKeys: raft.server.log.preallocated.size = 16384 (custom)
datanode_1  | 2019-11-15 04:37:17,165 INFO segmented.SegmentedRaftLogWorker: 392283af-ccd1-4730-a9e1-baed07c711db@group-C2AA113C0B42-SegmentedRaftLogWorker: Starting segment from index:0
rm_1        | 2019-11-15 04:37:05 INFO  Server:1314 - IPC Server Responder: starting
scm_1       | 2019-11-15 04:39:52,395 INFO pipeline.PipelineReportHandler: Pipeline THREE PipelineID=c8da6510-a343-4d5b-af2b-1905fc5672c3 reported by 93f310a3-c036-44b2-893a-46f723ece428{ip: 172.18.0.9, host: hadoop32_datanode_2.hadoop32_default, networkLocation: /default-rack, certSerialId: null}
datanode_3  | 2019-11-15 04:37:18,181 INFO impl.RaftServerImpl: 88f71669-b763-4f70-8281-e4f93a985b54@group-7556086DA365: set configuration 0: [88f71669-b763-4f70-8281-e4f93a985b54:172.18.0.8:9858], old=null at 0
nm_1        | 2019-11-15 04:40:18 INFO  ContainersMonitorImpl:1004 - Stopping resource-monitoring for container_1573792624926_0001_01_000002
datanode_2  | 2019-11-15 04:37:40,754 INFO server.RaftServerConfigKeys: raft.server.log.write.buffer.size = 33554432 (custom)
rm_1        | 2019-11-15 04:37:05 INFO  Server:1153 - IPC Server listener on 8031: starting
datanode_1  | WARNING: An illegal reflective access operation has occurred
scm_1       | 2019-11-15 04:39:52,396 INFO pipeline.PipelineStateManager: Pipeline Pipeline[ Id: c8da6510-a343-4d5b-af2b-1905fc5672c3, Nodes: 88f71669-b763-4f70-8281-e4f93a985b54{ip: 172.18.0.8, host: hadoop32_datanode_3.hadoop32_default, networkLocation: /default-rack, certSerialId: null}392283af-ccd1-4730-a9e1-baed07c711db{ip: 172.18.0.6, host: hadoop32_datanode_1.hadoop32_default, networkLocation: /default-rack, certSerialId: null}93f310a3-c036-44b2-893a-46f723ece428{ip: 172.18.0.9, host: hadoop32_datanode_2.hadoop32_default, networkLocation: /default-rack, certSerialId: null}, Type:RATIS, Factor:THREE, State:ALLOCATED] moved to OPEN state
nm_1        | 2019-11-15 04:40:18 INFO  AuxServices:350 - Got event CONTAINER_STOP for appId application_1573792624926_0001
datanode_2  | 2019-11-15 04:37:40,754 INFO server.RaftServerConfigKeys: raft.server.log.force.sync.num = 128 (default)
rm_1        | 2019-11-15 04:37:05 INFO  JvmPauseMonitor:188 - Starting JVM pause monitor
datanode_1  | WARNING: Illegal reflective access by org.apache.ratis.thirdparty.com.google.protobuf.UnsafeUtil (file:/opt/hadoop/share/ozone/lib/ratis-thirdparty-misc-0.2.0.jar) to field java.nio.Buffer.address
scm_1       | 2019-11-15 04:39:54,299 ERROR pipeline.PipelineActionHandler: Received pipeline action CLOSE for Pipeline[ Id: cc9adef9-8478-49f8-a10c-717d99a3f9cd, Nodes: 88f71669-b763-4f70-8281-e4f93a985b54{ip: 172.18.0.8, host: hadoop32_datanode_3.hadoop32_default, networkLocation: /default-rack, certSerialId: null}392283af-ccd1-4730-a9e1-baed07c711db{ip: 172.18.0.6, host: hadoop32_datanode_1.hadoop32_default, networkLocation: /default-rack, certSerialId: null}93f310a3-c036-44b2-893a-46f723ece428{ip: 172.18.0.9, host: hadoop32_datanode_2.hadoop32_default, networkLocation: /default-rack, certSerialId: null}, Type:RATIS, Factor:THREE, State:CLOSED] from datanode 392283af-ccd1-4730-a9e1-baed07c711db{ip: 172.18.0.6, host: hadoop32_datanode_1.hadoop32_default, networkLocation: /default-rack, certSerialId: null}. Reason : 392283af-ccd1-4730-a9e1-baed07c711db has not seen follower/s 93f310a3-c036-44b2-893a-46f723ece428 for 159955ms
datanode_2  | 2019-11-15 04:37:40,755 INFO server.RaftServerConfigKeys: raft.server.log.statemachine.data.sync = true (default)
rm_1        | 2019-11-15 04:37:05 INFO  CallQueueManager:84 - Using callQueue: class java.util.concurrent.LinkedBlockingQueue, queueCapacity: 5000, scheduler: class org.apache.hadoop.ipc.DefaultRpcScheduler, ipcBackoff: false.
datanode_3  | 2019-11-15 04:37:18,231 INFO segmented.SegmentedRaftLogWorker: 88f71669-b763-4f70-8281-e4f93a985b54@group-7556086DA365-SegmentedRaftLogWorker: created new log segment /data/metadata/ratis/c65be9a4-2258-4cc2-bfa8-7556086da365/current/log_inprogress_0
nm_1        | 2019-11-15 04:40:18 INFO  DefaultContainerExecutor:634 - Deleting absolute path : /tmp/hadoop-hadoop/nm-local-dir/usercache/hadoop/appcache/application_1573792624926_0001/container_1573792624926_0001_01_000002/launch_container.sh
datanode_1  | WARNING: Please consider reporting this to the maintainers of org.apache.ratis.thirdparty.com.google.protobuf.UnsafeUtil
scm_1       | 2019-11-15 04:39:54,300 INFO pipeline.SCMPipelineManager: destroying pipeline:Pipeline[ Id: cc9adef9-8478-49f8-a10c-717d99a3f9cd, Nodes: 88f71669-b763-4f70-8281-e4f93a985b54{ip: 172.18.0.8, host: hadoop32_datanode_3.hadoop32_default, networkLocation: /default-rack, certSerialId: null}392283af-ccd1-4730-a9e1-baed07c711db{ip: 172.18.0.6, host: hadoop32_datanode_1.hadoop32_default, networkLocation: /default-rack, certSerialId: null}93f310a3-c036-44b2-893a-46f723ece428{ip: 172.18.0.9, host: hadoop32_datanode_2.hadoop32_default, networkLocation: /default-rack, certSerialId: null}, Type:RATIS, Factor:THREE, State:CLOSED]
datanode_2  | 2019-11-15 04:37:40,755 INFO server.RaftServerConfigKeys: raft.server.log.statemachine.data.sync.timeout = 10s (default)
rm_1        | 2019-11-15 04:37:05 INFO  Server:1074 - Starting Socket Reader #1 for port 8030
datanode_3  | 2019-11-15 04:38:34,147 INFO client.GrpcClientProtocolService: Failed RaftClientRequest:client-94306948EFEC->88f71669-b763-4f70-8281-e4f93a985b54@group-717D99A3F9CD, cid=3, seq=0, Watch-ALL_COMMITTED(2), Message:<EMPTY>, reply=RaftClientReply:client-94306948EFEC->88f71669-b763-4f70-8281-e4f93a985b54@group-717D99A3F9CD, cid=3, FAILED org.apache.ratis.protocol.NotLeaderException: Server 88f71669-b763-4f70-8281-e4f93a985b54@group-717D99A3F9CD is not the leader 392283af-ccd1-4730-a9e1-baed07c711db:172.18.0.6:9858, logIndex=0, commits[88f71669-b763-4f70-8281-e4f93a985b54:c4, 93f310a3-c036-44b2-893a-46f723ece428:c-1, 392283af-ccd1-4730-a9e1-baed07c711db:c4]
nm_1        | 2019-11-15 04:40:18 INFO  DefaultContainerExecutor:634 - Deleting absolute path : /tmp/hadoop-hadoop/nm-local-dir/usercache/hadoop/appcache/application_1573792624926_0001/container_1573792624926_0001_01_000002/container_tokens
datanode_1  | WARNING: Use --illegal-access=warn to enable warnings of further illegal reflective access operations
scm_1       | 2019-11-15 04:39:57,285 ERROR pipeline.PipelineActionHandler: Received pipeline action CLOSE for Pipeline[ Id: cc9adef9-8478-49f8-a10c-717d99a3f9cd, Nodes: 88f71669-b763-4f70-8281-e4f93a985b54{ip: 172.18.0.8, host: hadoop32_datanode_3.hadoop32_default, networkLocation: /default-rack, certSerialId: null}392283af-ccd1-4730-a9e1-baed07c711db{ip: 172.18.0.6, host: hadoop32_datanode_1.hadoop32_default, networkLocation: /default-rack, certSerialId: null}93f310a3-c036-44b2-893a-46f723ece428{ip: 172.18.0.9, host: hadoop32_datanode_2.hadoop32_default, networkLocation: /default-rack, certSerialId: null}, Type:RATIS, Factor:THREE, State:CLOSED] from datanode 392283af-ccd1-4730-a9e1-baed07c711db{ip: 172.18.0.6, host: hadoop32_datanode_1.hadoop32_default, networkLocation: /default-rack, certSerialId: null}. Reason : 392283af-ccd1-4730-a9e1-baed07c711db has not seen follower/s 93f310a3-c036-44b2-893a-46f723ece428 for 162456ms
datanode_2  | 2019-11-15 04:37:40,755 INFO server.RaftServerConfigKeys: raft.server.log.statemachine.data.sync.timeout.retry = -1 (default)
rm_1        | 2019-11-15 04:37:05 INFO  RpcServerFactoryPBImpl:173 - Adding protocol org.apache.hadoop.yarn.api.ApplicationMasterProtocolPB to the server
datanode_3  | 2019-11-15 04:38:57,970 INFO client.GrpcClientProtocolService: Failed RaftClientRequest:client-9A08E0FD774B->88f71669-b763-4f70-8281-e4f93a985b54@group-717D99A3F9CD, cid=3, seq=0, Watch-ALL_COMMITTED(6), Message:<EMPTY>, reply=RaftClientReply:client-9A08E0FD774B->88f71669-b763-4f70-8281-e4f93a985b54@group-717D99A3F9CD, cid=3, FAILED org.apache.ratis.protocol.NotLeaderException: Server 88f71669-b763-4f70-8281-e4f93a985b54@group-717D99A3F9CD is not the leader 392283af-ccd1-4730-a9e1-baed07c711db:172.18.0.6:9858, logIndex=0, commits[88f71669-b763-4f70-8281-e4f93a985b54:c8, 93f310a3-c036-44b2-893a-46f723ece428:c-1, 392283af-ccd1-4730-a9e1-baed07c711db:c8]
nm_1        | 2019-11-15 04:40:20 INFO  Server:1849 - Auth successful for appattempt_1573792624926_0001_000001 (auth:SIMPLE)
datanode_1  | WARNING: All illegal access operations will be denied in a future release
scm_1       | 2019-11-15 04:39:57,286 INFO pipeline.SCMPipelineManager: destroying pipeline:Pipeline[ Id: cc9adef9-8478-49f8-a10c-717d99a3f9cd, Nodes: 88f71669-b763-4f70-8281-e4f93a985b54{ip: 172.18.0.8, host: hadoop32_datanode_3.hadoop32_default, networkLocation: /default-rack, certSerialId: null}392283af-ccd1-4730-a9e1-baed07c711db{ip: 172.18.0.6, host: hadoop32_datanode_1.hadoop32_default, networkLocation: /default-rack, certSerialId: null}93f310a3-c036-44b2-893a-46f723ece428{ip: 172.18.0.9, host: hadoop32_datanode_2.hadoop32_default, networkLocation: /default-rack, certSerialId: null}, Type:RATIS, Factor:THREE, State:CLOSED]
datanode_2  | 2019-11-15 04:37:40,755 INFO server.RaftServerConfigKeys: raft.server.log.statemachine.data.caching.enabled = true (custom)
rm_1        | 2019-11-15 04:37:05 INFO  Server:1314 - IPC Server Responder: starting
nm_1        | 2019-11-15 04:40:20 INFO  ContainerManagerImpl:1070 - Start request for container_1573792624926_0001_01_000003 by user hadoop
datanode_1  | 2019-11-15 04:37:17,185 INFO impl.RaftServerImpl: 392283af-ccd1-4730-a9e1-baed07c711db@group-C2AA113C0B42: set configuration 0: [392283af-ccd1-4730-a9e1-baed07c711db:172.18.0.6:9858], old=null at 0
datanode_2  | 2019-11-15 04:37:40,756 INFO segmented.SegmentedRaftLogWorker: 93f310a3-c036-44b2-893a-46f723ece428@group-717D99A3F9CD-SegmentedRaftLogWorker: flushIndex: setUnconditionally 0 -> -1
scm_1       | 2019-11-15 04:40:24,871 INFO pipeline.RatisPipelineProvider: Send pipeline:PipelineID=cc9adef9-8478-49f8-a10c-717d99a3f9cd close command to datanode 88f71669-b763-4f70-8281-e4f93a985b54
datanode_3  | 2019-11-15 04:39:07,026 INFO client.GrpcClientProtocolService: Failed RaftClientRequest:client-9A08E0FD774B->88f71669-b763-4f70-8281-e4f93a985b54@group-717D99A3F9CD, cid=3, seq=0, Watch-ALL_COMMITTED(6), Message:<EMPTY>, reply=RaftClientReply:client-9A08E0FD774B->88f71669-b763-4f70-8281-e4f93a985b54@group-717D99A3F9CD, cid=3, FAILED org.apache.ratis.protocol.NotLeaderException: Server 88f71669-b763-4f70-8281-e4f93a985b54@group-717D99A3F9CD is not the leader 392283af-ccd1-4730-a9e1-baed07c711db:172.18.0.6:9858, logIndex=0, commits[88f71669-b763-4f70-8281-e4f93a985b54:c8, 93f310a3-c036-44b2-893a-46f723ece428:c-1, 392283af-ccd1-4730-a9e1-baed07c711db:c8]
rm_1        | 2019-11-15 04:37:05 INFO  Server:1153 - IPC Server listener on 8030: starting
nm_1        | 2019-11-15 04:40:20 INFO  NMAuditLogger:94 - USER=hadoop	IP=172.18.0.3	OPERATION=Start Container Request	TARGET=ContainerManageImpl	RESULT=SUCCESS	APPID=application_1573792624926_0001	CONTAINERID=container_1573792624926_0001_01_000003
datanode_1  | 2019-11-15 04:37:17,250 INFO impl.FollowerState: 392283af-ccd1-4730-a9e1-baed07c711db@group-717D99A3F9CD-FollowerState: change to CANDIDATE, lastRpcTime:5112ms, electionTimeout:5112ms
datanode_2  | 2019-11-15 04:37:40,756 INFO server.RaftServerConfigKeys: raft.server.snapshot.auto.trigger.enabled = true (custom)
scm_1       | 2019-11-15 04:40:24,872 INFO pipeline.RatisPipelineProvider: Send pipeline:PipelineID=cc9adef9-8478-49f8-a10c-717d99a3f9cd close command to datanode 392283af-ccd1-4730-a9e1-baed07c711db
datanode_3  | 2019-11-15 04:39:16,101 INFO client.GrpcClientProtocolService: Failed RaftClientRequest:client-9A08E0FD774B->88f71669-b763-4f70-8281-e4f93a985b54@group-717D99A3F9CD, cid=3, seq=0, Watch-ALL_COMMITTED(6), Message:<EMPTY>, reply=RaftClientReply:client-9A08E0FD774B->88f71669-b763-4f70-8281-e4f93a985b54@group-717D99A3F9CD, cid=3, FAILED org.apache.ratis.protocol.NotLeaderException: Server 88f71669-b763-4f70-8281-e4f93a985b54@group-717D99A3F9CD is not the leader 392283af-ccd1-4730-a9e1-baed07c711db:172.18.0.6:9858, logIndex=0, commits[88f71669-b763-4f70-8281-e4f93a985b54:c8, 93f310a3-c036-44b2-893a-46f723ece428:c-1, 392283af-ccd1-4730-a9e1-baed07c711db:c8]
rm_1        | 2019-11-15 04:37:05 INFO  CallQueueManager:84 - Using callQueue: class java.util.concurrent.LinkedBlockingQueue, queueCapacity: 5000, scheduler: class org.apache.hadoop.ipc.DefaultRpcScheduler, ipcBackoff: false.
datanode_1  | 2019-11-15 04:37:17,265 INFO impl.RoleInfo: 392283af-ccd1-4730-a9e1-baed07c711db: shutdown FollowerState
nm_1        | 2019-11-15 04:40:20 INFO  ApplicationImpl:463 - Adding container_1573792624926_0001_01_000003 to application application_1573792624926_0001
datanode_2  | 2019-11-15 04:37:40,756 INFO server.RaftServerConfigKeys: raft.server.snapshot.auto.trigger.threshold = 10000 (custom)
scm_1       | 2019-11-15 04:40:24,872 INFO pipeline.RatisPipelineProvider: Send pipeline:PipelineID=cc9adef9-8478-49f8-a10c-717d99a3f9cd close command to datanode 93f310a3-c036-44b2-893a-46f723ece428
datanode_3  | 2019-11-15 04:39:47,186 WARN server.GrpcServerProtocolService: 88f71669-b763-4f70-8281-e4f93a985b54: Failed requestVote 93f310a3-c036-44b2-893a-46f723ece428->88f71669-b763-4f70-8281-e4f93a985b54#0
rm_1        | 2019-11-15 04:37:05 INFO  Server:1074 - Starting Socket Reader #1 for port 8032
datanode_1  | 2019-11-15 04:37:17,265 INFO impl.RaftServerImpl: 392283af-ccd1-4730-a9e1-baed07c711db@group-717D99A3F9CD: changes role from  FOLLOWER to CANDIDATE at term 0 for changeToCandidate
scm_1       | 2019-11-15 04:40:24,873 INFO pipeline.PipelineStateManager: Pipeline Pipeline[ Id: cc9adef9-8478-49f8-a10c-717d99a3f9cd, Nodes: 88f71669-b763-4f70-8281-e4f93a985b54{ip: 172.18.0.8, host: hadoop32_datanode_3.hadoop32_default, networkLocation: /default-rack, certSerialId: null}392283af-ccd1-4730-a9e1-baed07c711db{ip: 172.18.0.6, host: hadoop32_datanode_1.hadoop32_default, networkLocation: /default-rack, certSerialId: null}93f310a3-c036-44b2-893a-46f723ece428{ip: 172.18.0.9, host: hadoop32_datanode_2.hadoop32_default, networkLocation: /default-rack, certSerialId: null}, Type:RATIS, Factor:THREE, State:CLOSED] removed from db
datanode_3  | org.apache.ratis.protocol.GroupMismatchException: 88f71669-b763-4f70-8281-e4f93a985b54: group-1905FC5672C3 not found.
datanode_2  | 2019-11-15 04:37:40,756 INFO server.RaftServerConfigKeys: raft.server.snapshot.retention.file.num = 5 (custom)
nm_1        | 2019-11-15 04:40:20 INFO  ContainerImpl:2112 - Container container_1573792624926_0001_01_000003 transitioned from NEW to LOCALIZING
rm_1        | 2019-11-15 04:37:05 INFO  RpcServerFactoryPBImpl:173 - Adding protocol org.apache.hadoop.yarn.api.ApplicationClientProtocolPB to the server
datanode_1  | 2019-11-15 04:37:17,265 INFO impl.RoleInfo: 392283af-ccd1-4730-a9e1-baed07c711db: start LeaderElection
scm_1       | 2019-11-15 04:40:27,545 ERROR pipeline.PipelineActionHandler: Could not execute pipeline action=action: CLOSE
datanode_3  | 	at org.apache.ratis.server.impl.RaftServerProxy$ImplMap.get(RaftServerProxy.java:122)
datanode_2  | 2019-11-15 04:37:40,757 INFO server.RaftServerConfigKeys: raft.server.retrycache.expirytime = 600000ms (custom)
nm_1        | 2019-11-15 04:40:20 INFO  AuxServices:350 - Got event CONTAINER_INIT for appId application_1573792624926_0001
rm_1        | 2019-11-15 04:37:05 INFO  Server:1314 - IPC Server Responder: starting
datanode_1  | 2019-11-15 04:37:17,281 INFO segmented.SegmentedRaftLogWorker: 392283af-ccd1-4730-a9e1-baed07c711db@group-C2AA113C0B42-SegmentedRaftLogWorker: created new log segment /data/metadata/ratis/c1d1bc70-ccdf-48a8-b7a7-c2aa113c0b42/current/log_inprogress_0
scm_1       | closePipeline {
datanode_3  | 	at org.apache.ratis.server.impl.RaftServerProxy.getImplFuture(RaftServerProxy.java:269)
nm_1        | 2019-11-15 04:40:20 INFO  AuxServices:350 - Got event APPLICATION_INIT for appId application_1573792624926_0001
rm_1        | 2019-11-15 04:37:05 INFO  Server:1153 - IPC Server listener on 8032: starting
datanode_2  | 2019-11-15 04:37:40,757 WARN impl.MetricRegistriesImpl: First MetricRegistry has been created without registering reporters. You may need to call MetricRegistries.global().addReportRegistration(...) before.
datanode_1  | 2019-11-15 04:37:17,281 INFO impl.LeaderElection: 392283af-ccd1-4730-a9e1-baed07c711db@group-717D99A3F9CD-LeaderElection2: begin an election at term 1 for -1: [88f71669-b763-4f70-8281-e4f93a985b54:172.18.0.8:9858, 93f310a3-c036-44b2-893a-46f723ece428:172.18.0.9:9858, 392283af-ccd1-4730-a9e1-baed07c711db:172.18.0.6:9858], old=null
scm_1       |   pipelineID {
datanode_3  | 	at org.apache.ratis.server.impl.RaftServerProxy.getImpl(RaftServerProxy.java:278)
nm_1        | 2019-11-15 04:40:20 INFO  AuxServices:354 - Got APPLICATION_INIT for service mapreduce_shuffle
rm_1        | 2019-11-15 04:37:05 INFO  ResourceManager:1308 - Transitioned to active state
datanode_2  | 2019-11-15 04:37:40,757 WARN impl.MetricRegistriesImpl: First MetricRegistry has been created without registering reporters. You may need to call MetricRegistries.global().addReportRegistration(...) before.
scm_1       |     id: "cc9adef9-8478-49f8-a10c-717d99a3f9cd"
datanode_3  | 	at org.apache.ratis.server.impl.RaftServerProxy.getImpl(RaftServerProxy.java:273)
nm_1        | 2019-11-15 04:40:20 INFO  ShuffleHandler:719 - Added token for job_1573792624926_0001
datanode_1  | 2019-11-15 04:37:17,769 INFO impl.LeaderElection: 392283af-ccd1-4730-a9e1-baed07c711db@group-717D99A3F9CD-LeaderElection2: Election PASSED; received 1 response(s) [392283af-ccd1-4730-a9e1-baed07c711db<-88f71669-b763-4f70-8281-e4f93a985b54#0:OK-t1] and 0 exception(s); 392283af-ccd1-4730-a9e1-baed07c711db@group-717D99A3F9CD:t1, leader=null, voted=392283af-ccd1-4730-a9e1-baed07c711db, raftlog=392283af-ccd1-4730-a9e1-baed07c711db@group-717D99A3F9CD-SegmentedRaftLog:OPENED:c-1,f-1,i0, conf=-1: [88f71669-b763-4f70-8281-e4f93a985b54:172.18.0.8:9858, 93f310a3-c036-44b2-893a-46f723ece428:172.18.0.9:9858, 392283af-ccd1-4730-a9e1-baed07c711db:172.18.0.6:9858], old=null
rm_1        | 2019-11-15 04:37:06 INFO  ResourceTrackerService:497 - NodeManager from node nm(cmPort: 46677 httpPort: 8042) registered with capability: <memory:8192, vCores:8>, assigned nodeId nm:46677
scm_1       |   }
datanode_2  | 2019-11-15 04:37:40,757 INFO impl.RaftServerImpl: 93f310a3-c036-44b2-893a-46f723ece428@group-717D99A3F9CD: start as a follower, conf=-1: [88f71669-b763-4f70-8281-e4f93a985b54:172.18.0.8:9858, 93f310a3-c036-44b2-893a-46f723ece428:172.18.0.9:9858, 392283af-ccd1-4730-a9e1-baed07c711db:172.18.0.6:9858], old=null
datanode_3  | 	at org.apache.ratis.server.impl.RaftServerProxy.requestVote(RaftServerProxy.java:443)
nm_1        | 2019-11-15 04:40:20 INFO  ContainerImpl:2112 - Container container_1573792624926_0001_01_000003 transitioned from LOCALIZING to SCHEDULED
rm_1        | 2019-11-15 04:37:06 INFO  RMNodeImpl:674 - nm:46677 Node Transitioned from NEW to RUNNING
datanode_1  | 2019-11-15 04:37:17,769 INFO impl.RoleInfo: 392283af-ccd1-4730-a9e1-baed07c711db: shutdown LeaderElection
datanode_2  | 2019-11-15 04:37:40,757 INFO impl.RaftServerImpl: 93f310a3-c036-44b2-893a-46f723ece428@group-717D99A3F9CD: changes role from      null to FOLLOWER at term 0 for startAsFollower
scm_1       |   reason: PIPELINE_FAILED
datanode_3  | 	at org.apache.ratis.grpc.server.GrpcServerProtocolService.requestVote(GrpcServerProtocolService.java:142)
nm_1        | 2019-11-15 04:40:20 INFO  ContainerScheduler:541 - Starting container [container_1573792624926_0001_01_000003]
rm_1        | 2019-11-15 04:37:06 INFO  CapacityScheduler:2004 - Added node nm:46677 clusterResource: <memory:8192, vCores:8>
datanode_2  | 2019-11-15 04:37:40,757 INFO impl.RoleInfo: 93f310a3-c036-44b2-893a-46f723ece428: start FollowerState
datanode_1  | 2019-11-15 04:37:17,770 INFO impl.RaftServerImpl: 392283af-ccd1-4730-a9e1-baed07c711db@group-717D99A3F9CD: changes role from CANDIDATE to LEADER at term 1 for changeToLeader
scm_1       |   detailedReason: "392283af-ccd1-4730-a9e1-baed07c711db has not seen follower/s 93f310a3-c036-44b2-893a-46f723ece428 for 164957ms"
datanode_3  | 	at org.apache.ratis.proto.grpc.RaftServerProtocolServiceGrpc$MethodHandlers.invoke(RaftServerProtocolServiceGrpc.java:319)
nm_1        | 2019-11-15 04:40:20 INFO  ContainerImpl:2112 - Container container_1573792624926_0001_01_000003 transitioned from SCHEDULED to RUNNING
rm_1        | 2019-11-15 04:39:58 INFO  ClientRMService:355 - Allocated new applicationId: 1
datanode_2  | 2019-11-15 04:37:40,758 INFO util.JmxRegister: Successfully registered JMX Bean with object name Ratis:service=RaftServer,group=group-717D99A3F9CD,id=93f310a3-c036-44b2-893a-46f723ece428
datanode_1  | 2019-11-15 04:37:17,770 INFO ratis.XceiverServerRatis: Leader change notification received for group: group-717D99A3F9CD with new leaderId: 392283af-ccd1-4730-a9e1-baed07c711db
datanode_3  | 	at org.apache.ratis.thirdparty.io.grpc.stub.ServerCalls$UnaryServerCallHandler$UnaryServerCallListener.onHalfClose(ServerCalls.java:171)
scm_1       | }
nm_1        | 2019-11-15 04:40:20 INFO  ContainersMonitorImpl:1013 - Starting resource-monitoring for container_1573792624926_0001_01_000003
rm_1        | 2019-11-15 04:39:59 INFO  CapacityScheduler:2641 - Application 'application_1573792624926_0001' is submitted without priority hence considering default queue/cluster priority: 0
datanode_2  | 2019-11-15 04:37:40,758 WARN impl.MetricRegistriesImpl: First MetricRegistry has been created without registering reporters. You may need to call MetricRegistries.global().addReportRegistration(...) before.
datanode_1  | 2019-11-15 04:37:17,770 INFO impl.RaftServerImpl: 392283af-ccd1-4730-a9e1-baed07c711db@group-717D99A3F9CD: change Leader from null to 392283af-ccd1-4730-a9e1-baed07c711db at term 1 for becomeLeader, leader elected after 5635ms
datanode_3  | 	at org.apache.ratis.thirdparty.io.grpc.internal.ServerCallImpl$ServerStreamListenerImpl.halfClosed(ServerCallImpl.java:283)
scm_1       |  pipeline=PipelineID=cc9adef9-8478-49f8-a10c-717d99a3f9cd {}
nm_1        | 2019-11-15 04:40:20 INFO  DefaultContainerExecutor:370 - launchContainer: [bash, /tmp/hadoop-hadoop/nm-local-dir/usercache/hadoop/appcache/application_1573792624926_0001/container_1573792624926_0001_01_000003/default_container_executor.sh]
rm_1        | 2019-11-15 04:39:59 INFO  CapacityScheduler:2662 - Priority '0' is acceptable in queue : default for application: application_1573792624926_0001
datanode_2  | 2019-11-15 04:37:40,759 INFO commandhandler.CreatePipelineCommandHandler: Create Pipeline RATIS THREE #id: "cc9adef9-8478-49f8-a10c-717d99a3f9cd"
datanode_1  | 2019-11-15 04:37:17,770 INFO server.RaftServerConfigKeys: raft.server.staging.catchup.gap = 1000 (default)
datanode_3  | 	at org.apache.ratis.thirdparty.io.grpc.internal.ServerImpl$JumpToApplicationThreadServerStreamListener$1HalfClosed.runInContext(ServerImpl.java:710)
scm_1       | org.apache.hadoop.hdds.scm.pipeline.PipelineNotFoundException: PipelineID=cc9adef9-8478-49f8-a10c-717d99a3f9cd not found
rm_1        | 2019-11-15 04:39:59 INFO  ClientRMService:662 - Application with id 1 submitted by user hadoop
datanode_2  |  command succeed on datanode 93f310a3-c036-44b2-893a-46f723ece428.
nm_1        | 2019-11-15 04:40:20 INFO  NodeStatusUpdaterImpl:707 - Removed completed containers from NM context: [container_1573792624926_0001_01_000002]
datanode_1  | 2019-11-15 04:37:17,770 INFO server.RaftServerConfigKeys: raft.server.rpc.sleep.time = 25ms (default)
datanode_3  | 	at org.apache.ratis.thirdparty.io.grpc.internal.ContextRunnable.run(ContextRunnable.java:37)
rm_1        | 2019-11-15 04:39:59 INFO  RMAppImpl:1291 - Storing application with id application_1573792624926_0001
scm_1       | 	at org.apache.hadoop.hdds.scm.pipeline.PipelineStateMap.getPipeline(PipelineStateMap.java:132)
datanode_2  | 2019-11-15 04:37:42,880 INFO ratis.XceiverServerRatis: Leader change notification received for group: group-717D99A3F9CD with new leaderId: 392283af-ccd1-4730-a9e1-baed07c711db
datanode_1  | 2019-11-15 04:37:17,771 INFO server.RaftServerConfigKeys: raft.server.write.element-limit = 4096 (default)
datanode_3  | 	at org.apache.ratis.thirdparty.io.grpc.internal.SerializingExecutor.run(SerializingExecutor.java:123)
nm_1        | 2019-11-15 04:40:20 INFO  ContainersMonitorImpl:615 - container_1573792624926_0001_01_000003's ip = 172.18.0.3, and hostname = nm
rm_1        | 2019-11-15 04:39:59 INFO  RMAuditLogger:270 - USER=hadoop	IP=172.18.0.2	OPERATION=Submit Application Request	TARGET=ClientRMService	RESULT=SUCCESS	APPID=application_1573792624926_0001	CALLERCONTEXT=CLI
scm_1       | 	at org.apache.hadoop.hdds.scm.pipeline.PipelineStateManager.getPipeline(PipelineStateManager.java:64)
datanode_2  | 2019-11-15 04:37:42,880 INFO impl.RaftServerImpl: 93f310a3-c036-44b2-893a-46f723ece428@group-717D99A3F9CD: change Leader from null to 392283af-ccd1-4730-a9e1-baed07c711db at term 1 for appendEntries, leader elected after 2127ms
datanode_1  | 2019-11-15 04:37:17,771 INFO server.RaftServerConfigKeys: raft.server.watch.timeout = 10s (default)
datanode_3  | 	at java.base/java.util.concurrent.ThreadPoolExecutor.runWorker(ThreadPoolExecutor.java:1128)
nm_1        | 2019-11-15 04:40:23 INFO  ContainersMonitorImpl:516 - Skipping monitoring container container_1573792624926_0001_01_000003 since CPU usage is not yet available.
rm_1        | 2019-11-15 04:39:59 INFO  RMStateStore:223 - Storing info for app: application_1573792624926_0001
scm_1       | 	at org.apache.hadoop.hdds.scm.pipeline.SCMPipelineManager.getPipeline(SCMPipelineManager.java:198)
datanode_2  | 2019-11-15 04:38:15,991 INFO client.GrpcClientProtocolService: Failed RaftClientRequest:client-94306948EFEC->93f310a3-c036-44b2-893a-46f723ece428@group-717D99A3F9CD, cid=3, seq=0, Watch-ALL_COMMITTED(2), Message:<EMPTY>, reply=RaftClientReply:client-94306948EFEC->93f310a3-c036-44b2-893a-46f723ece428@group-717D99A3F9CD, cid=3, FAILED org.apache.ratis.protocol.NotLeaderException: Server 93f310a3-c036-44b2-893a-46f723ece428@group-717D99A3F9CD is not the leader 392283af-ccd1-4730-a9e1-baed07c711db:172.18.0.6:9858, logIndex=0, commits[93f310a3-c036-44b2-893a-46f723ece428:c-1, 88f71669-b763-4f70-8281-e4f93a985b54:c4, 392283af-ccd1-4730-a9e1-baed07c711db:c4]
datanode_1  | 2019-11-15 04:37:17,771 INFO server.RaftServerConfigKeys: raft.server.watch.timeout.denomination = 1s (default)
datanode_3  | 	at java.base/java.util.concurrent.ThreadPoolExecutor$Worker.run(ThreadPoolExecutor.java:628)
nm_1        | 2019-11-15 04:40:24 INFO  ContainerLaunch:595 - Container container_1573792624926_0001_01_000003 succeeded 
rm_1        | 2019-11-15 04:39:59 INFO  RMAppImpl:928 - application_1573792624926_0001 State change from NEW to NEW_SAVING on event = START
scm_1       | 	at org.apache.hadoop.hdds.scm.pipeline.PipelineActionHandler.onMessage(PipelineActionHandler.java:59)
datanode_2  | 2019-11-15 04:38:25,085 INFO client.GrpcClientProtocolService: Failed RaftClientRequest:client-94306948EFEC->93f310a3-c036-44b2-893a-46f723ece428@group-717D99A3F9CD, cid=3, seq=0, Watch-ALL_COMMITTED(2), Message:<EMPTY>, reply=RaftClientReply:client-94306948EFEC->93f310a3-c036-44b2-893a-46f723ece428@group-717D99A3F9CD, cid=3, FAILED org.apache.ratis.protocol.NotLeaderException: Server 93f310a3-c036-44b2-893a-46f723ece428@group-717D99A3F9CD is not the leader 392283af-ccd1-4730-a9e1-baed07c711db:172.18.0.6:9858, logIndex=0, commits[93f310a3-c036-44b2-893a-46f723ece428:c-1, 88f71669-b763-4f70-8281-e4f93a985b54:c4, 392283af-ccd1-4730-a9e1-baed07c711db:c4]
datanode_3  | 	at java.base/java.lang.Thread.run(Thread.java:834)
datanode_1  | 2019-11-15 04:37:17,771 INFO server.RaftServerConfigKeys: raft.server.watch.element-limit = 65536 (default)
nm_1        | 2019-11-15 04:40:24 INFO  ContainerImpl:2112 - Container container_1573792624926_0001_01_000003 transitioned from RUNNING to EXITED_WITH_SUCCESS
rm_1        | 2019-11-15 04:39:59 INFO  RMAppImpl:928 - application_1573792624926_0001 State change from NEW_SAVING to SUBMITTED on event = APP_NEW_SAVED
scm_1       | 	at org.apache.hadoop.hdds.scm.pipeline.PipelineActionHandler.onMessage(PipelineActionHandler.java:35)
datanode_2  | 2019-11-15 04:39:41,763 ERROR commandhandler.CloseContainerCommandHandler: Container #1 does not exist in datanode. Container close failed.
datanode_3  | 2019-11-15 04:39:49,914 INFO impl.RaftServerProxy: 88f71669-b763-4f70-8281-e4f93a985b54: addNew group-1905FC5672C3:[88f71669-b763-4f70-8281-e4f93a985b54:172.18.0.8:9858, 93f310a3-c036-44b2-893a-46f723ece428:172.18.0.9:9858, 392283af-ccd1-4730-a9e1-baed07c711db:172.18.0.6:9858] returns group-1905FC5672C3:java.util.concurrent.CompletableFuture@1f281ded[Not completed]
datanode_1  | 2019-11-15 04:37:17,773 INFO server.RaftServerConfigKeys: raft.server.log.appender.snapshot.chunk.size.max = 16MB (=16777216) (default)
nm_1        | 2019-11-15 04:40:24 INFO  ContainerCleanup:87 - Cleaning up container container_1573792624926_0001_01_000003
rm_1        | 2019-11-15 04:39:59 INFO  ParentQueue:494 - Application added - appId: application_1573792624926_0001 user: hadoop leaf-queue of parent: root #applications: 1
scm_1       | 	at org.apache.hadoop.hdds.server.events.SingleThreadExecutor.lambda$onMessage$1(SingleThreadExecutor.java:85)
datanode_2  | 2019-11-15 04:39:41,764 ERROR commandhandler.CloseContainerCommandHandler: Container #2 does not exist in datanode. Container close failed.
datanode_3  | 2019-11-15 04:39:49,919 INFO impl.RaftServerImpl: 88f71669-b763-4f70-8281-e4f93a985b54: new RaftServerImpl for group-1905FC5672C3:[88f71669-b763-4f70-8281-e4f93a985b54:172.18.0.8:9858, 93f310a3-c036-44b2-893a-46f723ece428:172.18.0.9:9858, 392283af-ccd1-4730-a9e1-baed07c711db:172.18.0.6:9858] with ContainerStateMachine:uninitialized
datanode_1  | 2019-11-15 04:37:17,774 INFO server.RaftServerConfigKeys: raft.server.log.appender.buffer.byte-limit = 33554432 (custom)
nm_1        | 2019-11-15 04:40:24 INFO  NMAuditLogger:94 - USER=hadoop	OPERATION=Container Finished - Succeeded	TARGET=ContainerImpl	RESULT=SUCCESS	APPID=application_1573792624926_0001	CONTAINERID=container_1573792624926_0001_01_000003
rm_1        | 2019-11-15 04:39:59 INFO  CapacityScheduler:1006 - Accepted application application_1573792624926_0001 from user: hadoop, in queue: default
scm_1       | 	at java.base/java.util.concurrent.ThreadPoolExecutor.runWorker(ThreadPoolExecutor.java:1128)
datanode_2  | 2019-11-15 04:39:41,766 INFO impl.RaftServerProxy: 93f310a3-c036-44b2-893a-46f723ece428: addNew group-1905FC5672C3:[88f71669-b763-4f70-8281-e4f93a985b54:172.18.0.8:9858, 93f310a3-c036-44b2-893a-46f723ece428:172.18.0.9:9858, 392283af-ccd1-4730-a9e1-baed07c711db:172.18.0.6:9858] returns group-1905FC5672C3:java.util.concurrent.CompletableFuture@14c260f3[Not completed]
datanode_3  | 2019-11-15 04:39:49,920 INFO server.RaftServerConfigKeys: raft.server.rpc.timeout.min = 5s (custom)
datanode_1  | 2019-11-15 04:37:17,774 INFO server.RaftServerConfigKeys: raft.server.log.appender.buffer.element-limit = 1 (custom)
nm_1        | 2019-11-15 04:40:24 INFO  ContainerImpl:2112 - Container container_1573792624926_0001_01_000003 transitioned from EXITED_WITH_SUCCESS to DONE
rm_1        | 2019-11-15 04:39:59 INFO  RMAppImpl:928 - application_1573792624926_0001 State change from SUBMITTED to ACCEPTED on event = APP_ACCEPTED
scm_1       | 	at java.base/java.util.concurrent.ThreadPoolExecutor$Worker.run(ThreadPoolExecutor.java:628)
datanode_2  | 2019-11-15 04:39:41,771 INFO impl.RaftServerImpl: 93f310a3-c036-44b2-893a-46f723ece428: new RaftServerImpl for group-1905FC5672C3:[88f71669-b763-4f70-8281-e4f93a985b54:172.18.0.8:9858, 93f310a3-c036-44b2-893a-46f723ece428:172.18.0.9:9858, 392283af-ccd1-4730-a9e1-baed07c711db:172.18.0.6:9858] with ContainerStateMachine:uninitialized
datanode_3  | 2019-11-15 04:39:49,921 INFO server.RaftServerConfigKeys: raft.server.rpc.timeout.max = 5200ms (custom)
datanode_1  | 2019-11-15 04:37:17,776 INFO grpc.GrpcConfigKeys$Server: raft.grpc.server.leader.outstanding.appends.max = 128 (default)
nm_1        | 2019-11-15 04:40:24 INFO  ApplicationImpl:512 - Removing container_1573792624926_0001_01_000003 from application application_1573792624926_0001
rm_1        | 2019-11-15 04:39:59 INFO  ApplicationMasterService:471 - Registering app attempt : appattempt_1573792624926_0001_000001
scm_1       | 	at java.base/java.lang.Thread.run(Thread.java:834)
datanode_2  | 2019-11-15 04:39:41,772 INFO server.RaftServerConfigKeys: raft.server.rpc.timeout.min = 5s (custom)
datanode_3  | 2019-11-15 04:39:49,922 INFO server.RaftServerConfigKeys: raft.server.rpcslowness.timeout = 120s (custom)
datanode_1  | 2019-11-15 04:37:17,777 INFO server.RaftServerConfigKeys: raft.server.rpc.request.timeout = 3000ms (default)
nm_1        | 2019-11-15 04:40:24 INFO  ContainersMonitorImpl:1004 - Stopping resource-monitoring for container_1573792624926_0001_01_000003
rm_1        | 2019-11-15 04:39:59 INFO  RMAppAttemptImpl:925 - appattempt_1573792624926_0001_000001 State change from NEW to SUBMITTED on event = START
scm_1       | 2019-11-15 04:40:54,855 INFO pipeline.RatisPipelineProvider: Send pipeline:PipelineID=cc9adef9-8478-49f8-a10c-717d99a3f9cd close command to datanode 88f71669-b763-4f70-8281-e4f93a985b54
datanode_2  | 2019-11-15 04:39:41,772 INFO server.RaftServerConfigKeys: raft.server.rpc.timeout.max = 5200ms (custom)
datanode_3  | 2019-11-15 04:39:49,923 INFO server.RaftServerConfigKeys: raft.server.sleep.deviation.threshold = 300 (default)
datanode_1  | 2019-11-15 04:37:17,777 INFO server.RaftServerConfigKeys: raft.server.log.appender.install.snapshot.enabled = false (custom)
nm_1        | 2019-11-15 04:40:24 INFO  AuxServices:350 - Got event CONTAINER_STOP for appId application_1573792624926_0001
rm_1        | 2019-11-15 04:39:59 WARN  LeafQueue:842 - maximum-am-resource-percent is insufficient to start a single application in queue, it is likely set too low. skipping enforcement to allow at least one application to start
scm_1       | 2019-11-15 04:40:54,856 INFO pipeline.RatisPipelineProvider: Send pipeline:PipelineID=cc9adef9-8478-49f8-a10c-717d99a3f9cd close command to datanode 392283af-ccd1-4730-a9e1-baed07c711db
datanode_2  | 2019-11-15 04:39:41,773 INFO server.RaftServerConfigKeys: raft.server.rpcslowness.timeout = 120s (custom)
datanode_3  | 2019-11-15 04:39:49,923 INFO server.RaftServerConfigKeys: raft.server.log.appender.install.snapshot.enabled = false (custom)
nm_1        | 2019-11-15 04:40:24 INFO  DefaultContainerExecutor:634 - Deleting absolute path : /tmp/hadoop-hadoop/nm-local-dir/usercache/hadoop/appcache/application_1573792624926_0001/container_1573792624926_0001_01_000003/launch_container.sh
rm_1        | 2019-11-15 04:39:59 WARN  LeafQueue:878 - maximum-am-resource-percent is insufficient to start a single application in queue for user, it is likely set too low. skipping enforcement to allow at least one application to start
datanode_1  | 2019-11-15 04:37:17,778 WARN impl.MetricRegistriesImpl: First MetricRegistry has been created without registering reporters. You may need to call MetricRegistries.global().addReportRegistration(...) before.
scm_1       | 2019-11-15 04:40:54,856 INFO pipeline.RatisPipelineProvider: Send pipeline:PipelineID=cc9adef9-8478-49f8-a10c-717d99a3f9cd close command to datanode 93f310a3-c036-44b2-893a-46f723ece428
datanode_2  | 2019-11-15 04:39:41,773 INFO server.RaftServerConfigKeys: raft.server.sleep.deviation.threshold = 300 (default)
datanode_3  | 2019-11-15 04:39:49,926 INFO impl.RaftServerImpl: 88f71669-b763-4f70-8281-e4f93a985b54@group-1905FC5672C3: ConfigurationManager, init=-1: [88f71669-b763-4f70-8281-e4f93a985b54:172.18.0.8:9858, 93f310a3-c036-44b2-893a-46f723ece428:172.18.0.9:9858, 392283af-ccd1-4730-a9e1-baed07c711db:172.18.0.6:9858], old=null, confs=<EMPTY_MAP>
nm_1        | 2019-11-15 04:40:24 INFO  DefaultContainerExecutor:634 - Deleting absolute path : /tmp/hadoop-hadoop/nm-local-dir/usercache/hadoop/appcache/application_1573792624926_0001/container_1573792624926_0001_01_000003/container_tokens
rm_1        | 2019-11-15 04:39:59 INFO  LeafQueue:907 - Application application_1573792624926_0001 from user: hadoop activated in queue: default
datanode_1  | 2019-11-15 04:37:17,779 INFO server.RaftServerConfigKeys: raft.server.log.appender.snapshot.chunk.size.max = 16MB (=16777216) (default)
scm_1       | 2019-11-15 04:40:54,856 ERROR pipeline.SCMPipelineManager: Destroy pipeline failed for pipeline:Pipeline[ Id: cc9adef9-8478-49f8-a10c-717d99a3f9cd, Nodes: 88f71669-b763-4f70-8281-e4f93a985b54{ip: 172.18.0.8, host: hadoop32_datanode_3.hadoop32_default, networkLocation: /default-rack, certSerialId: null}392283af-ccd1-4730-a9e1-baed07c711db{ip: 172.18.0.6, host: hadoop32_datanode_1.hadoop32_default, networkLocation: /default-rack, certSerialId: null}93f310a3-c036-44b2-893a-46f723ece428{ip: 172.18.0.9, host: hadoop32_datanode_2.hadoop32_default, networkLocation: /default-rack, certSerialId: null}, Type:RATIS, Factor:THREE, State:CLOSED]
datanode_2  | 2019-11-15 04:39:41,773 INFO server.RaftServerConfigKeys: raft.server.log.appender.install.snapshot.enabled = false (custom)
datanode_3  | 2019-11-15 04:39:49,930 INFO server.RaftServerConfigKeys: raft.server.storage.dir = [/data/metadata/ratis] (custom)
nm_1        | 2019-11-15 04:40:26 INFO  Server:1849 - Auth successful for appattempt_1573792624926_0001_000001 (auth:SIMPLE)
rm_1        | 2019-11-15 04:39:59 INFO  LeafQueue:937 - Application added - appId: application_1573792624926_0001 user: hadoop, leaf-queue: default #user-pending-applications: 0 #user-active-applications: 1 #queue-pending-applications: 0 #queue-active-applications: 1
datanode_1  | 2019-11-15 04:37:17,779 INFO server.RaftServerConfigKeys: raft.server.log.appender.buffer.byte-limit = 33554432 (custom)
scm_1       | org.apache.hadoop.hdds.scm.pipeline.PipelineNotFoundException: PipelineID=cc9adef9-8478-49f8-a10c-717d99a3f9cd not found
datanode_2  | 2019-11-15 04:39:41,773 INFO impl.RaftServerImpl: 93f310a3-c036-44b2-893a-46f723ece428@group-1905FC5672C3: ConfigurationManager, init=-1: [88f71669-b763-4f70-8281-e4f93a985b54:172.18.0.8:9858, 93f310a3-c036-44b2-893a-46f723ece428:172.18.0.9:9858, 392283af-ccd1-4730-a9e1-baed07c711db:172.18.0.6:9858], old=null, confs=<EMPTY_MAP>
datanode_3  | 2019-11-15 04:39:49,930 INFO server.RaftServerConfigKeys: raft.server.log.corruption.policy = EXCEPTION (default)
nm_1        | 2019-11-15 04:40:26 INFO  ContainerManagerImpl:1070 - Start request for container_1573792624926_0001_01_000004 by user hadoop
rm_1        | 2019-11-15 04:39:59 INFO  CapacityScheduler:1052 - Added Application Attempt appattempt_1573792624926_0001_000001 to scheduler from user hadoop in queue default
datanode_1  | 2019-11-15 04:37:17,779 INFO server.RaftServerConfigKeys: raft.server.log.appender.buffer.element-limit = 1 (custom)
scm_1       | 	at org.apache.hadoop.hdds.scm.pipeline.PipelineStateMap.getPipeline(PipelineStateMap.java:132)
datanode_2  | 2019-11-15 04:39:41,774 INFO server.RaftServerConfigKeys: raft.server.storage.dir = [/data/metadata/ratis] (custom)
datanode_3  | 2019-11-15 04:39:49,931 INFO storage.RaftStorageDirectory: The storage directory /data/metadata/ratis/c8da6510-a343-4d5b-af2b-1905fc5672c3 does not exist. Creating ...
datanode_1  | 2019-11-15 04:37:17,779 INFO grpc.GrpcConfigKeys$Server: raft.grpc.server.leader.outstanding.appends.max = 128 (default)
nm_1        | 2019-11-15 04:40:26 INFO  NMAuditLogger:94 - USER=hadoop	IP=172.18.0.3	OPERATION=Start Container Request	TARGET=ContainerManageImpl	RESULT=SUCCESS	APPID=application_1573792624926_0001	CONTAINERID=container_1573792624926_0001_01_000004
scm_1       | 	at org.apache.hadoop.hdds.scm.pipeline.PipelineStateMap.removePipeline(PipelineStateMap.java:322)
datanode_2  | 2019-11-15 04:39:41,774 INFO server.RaftServerConfigKeys: raft.server.log.corruption.policy = EXCEPTION (default)
rm_1        | 2019-11-15 04:39:59 INFO  RMAppAttemptImpl:925 - appattempt_1573792624926_0001_000001 State change from SUBMITTED to SCHEDULED on event = ATTEMPT_ADDED
datanode_3  | 2019-11-15 04:39:49,946 INFO interfaces.Container: Container 1 is synced with bcsId 2.
nm_1        | 2019-11-15 04:40:26 INFO  ApplicationImpl:463 - Adding container_1573792624926_0001_01_000004 to application application_1573792624926_0001
datanode_1  | 2019-11-15 04:37:17,779 INFO server.RaftServerConfigKeys: raft.server.rpc.request.timeout = 3000ms (default)
scm_1       | 	at org.apache.hadoop.hdds.scm.pipeline.PipelineStateManager.removePipeline(PipelineStateManager.java:105)
datanode_2  | 2019-11-15 04:39:41,774 INFO storage.RaftStorageDirectory: The storage directory /data/metadata/ratis/c8da6510-a343-4d5b-af2b-1905fc5672c3 does not exist. Creating ...
rm_1        | 2019-11-15 04:39:59 INFO  AbstractContainerAllocator:129 - assignedContainer application attempt=appattempt_1573792624926_0001_000001 container=null queue=default clusterResource=<memory:8192, vCores:8> type=OFF_SWITCH requestedPartition=
datanode_3  | 2019-11-15 04:39:49,947 INFO interfaces.Container: Container 1 is synced with bcsId 2.
nm_1        | 2019-11-15 04:40:26 INFO  ContainerImpl:2112 - Container container_1573792624926_0001_01_000004 transitioned from NEW to LOCALIZING
datanode_1  | 2019-11-15 04:37:17,779 INFO server.RaftServerConfigKeys: raft.server.log.appender.install.snapshot.enabled = false (custom)
scm_1       | 	at org.apache.hadoop.hdds.scm.pipeline.SCMPipelineManager.removePipeline(SCMPipelineManager.java:484)
datanode_2  | 2019-11-15 04:39:41,791 INFO storage.RaftStorageDirectory: Lock on /data/metadata/ratis/c8da6510-a343-4d5b-af2b-1905fc5672c3/in_use.lock acquired by nodename 7@596872188ee6
rm_1        | 2019-11-15 04:39:59 INFO  RMContainerImpl:480 - container_1573792624926_0001_01_000001 Container Transitioned from NEW to ALLOCATED
datanode_3  | 2019-11-15 04:39:49,963 INFO storage.RaftStorageDirectory: Lock on /data/metadata/ratis/c8da6510-a343-4d5b-af2b-1905fc5672c3/in_use.lock acquired by nodename 7@eba6585fa663
nm_1        | 2019-11-15 04:40:26 INFO  AuxServices:350 - Got event CONTAINER_INIT for appId application_1573792624926_0001
datanode_1  | 2019-11-15 04:37:17,781 INFO impl.RoleInfo: 392283af-ccd1-4730-a9e1-baed07c711db: start LeaderState
scm_1       | 	at org.apache.hadoop.hdds.scm.pipeline.SCMPipelineManager.destroyPipeline(SCMPipelineManager.java:470)
datanode_2  | 2019-11-15 04:39:41,806 INFO storage.RaftStorage: Storage directory /data/metadata/ratis/c8da6510-a343-4d5b-af2b-1905fc5672c3 has been successfully formatted.
datanode_3  | 2019-11-15 04:39:49,981 INFO storage.RaftStorage: Storage directory /data/metadata/ratis/c8da6510-a343-4d5b-af2b-1905fc5672c3 has been successfully formatted.
nm_1        | 2019-11-15 04:40:26 INFO  AuxServices:350 - Got event APPLICATION_INIT for appId application_1573792624926_0001
rm_1        | 2019-11-15 04:39:59 INFO  FiCaSchedulerNode:169 - Assigned container container_1573792624926_0001_01_000001 of capacity <memory:2048, vCores:1> on host nm:46677, which has 1 containers, <memory:2048, vCores:1> used and <memory:6144, vCores:7> available after allocation
datanode_1  | 2019-11-15 04:37:17,782 INFO segmented.SegmentedRaftLogWorker: 392283af-ccd1-4730-a9e1-baed07c711db@group-717D99A3F9CD-SegmentedRaftLogWorker: Starting segment from index:0
scm_1       | 	at org.apache.hadoop.hdds.scm.pipeline.SCMPipelineManager.lambda$finalizeAndDestroyPipeline$0(SCMPipelineManager.java:340)
datanode_2  | 2019-11-15 04:39:41,807 INFO ratis.ContainerStateMachine: group-1905FC5672C3: The snapshot info is null. Setting the last applied indexto:(t:0, i:~)
datanode_3  | 2019-11-15 04:39:49,981 INFO interfaces.Container: Container 1 is closed with bcsId 2.
nm_1        | 2019-11-15 04:40:26 INFO  AuxServices:354 - Got APPLICATION_INIT for service mapreduce_shuffle
datanode_1  | 2019-11-15 04:37:17,783 INFO impl.RaftServerImpl: 392283af-ccd1-4730-a9e1-baed07c711db@group-717D99A3F9CD: set configuration 0: [88f71669-b763-4f70-8281-e4f93a985b54:172.18.0.8:9858, 93f310a3-c036-44b2-893a-46f723ece428:172.18.0.9:9858, 392283af-ccd1-4730-a9e1-baed07c711db:172.18.0.6:9858], old=null at 0
rm_1        | 2019-11-15 04:39:59 INFO  RMAuditLogger:200 - USER=hadoop	OPERATION=AM Allocated Container	TARGET=SchedulerApp	RESULT=SUCCESS	APPID=application_1573792624926_0001	CONTAINERID=container_1573792624926_0001_01_000001	RESOURCE=<memory:2048, vCores:1>
scm_1       | 	at org.apache.hadoop.hdds.utils.Scheduler.lambda$schedule$1(Scheduler.java:69)
datanode_2  | 2019-11-15 04:39:41,807 INFO server.RaftServerConfigKeys: raft.server.notification.no-leader.timeout = 120s (custom)
datanode_3  | 2019-11-15 04:39:49,982 INFO ratis.ContainerStateMachine: group-1905FC5672C3: The snapshot info is null. Setting the last applied indexto:(t:0, i:~)
nm_1        | 2019-11-15 04:40:26 INFO  ShuffleHandler:719 - Added token for job_1573792624926_0001
datanode_1  | 2019-11-15 04:37:17,828 INFO segmented.SegmentedRaftLogWorker: 392283af-ccd1-4730-a9e1-baed07c711db@group-717D99A3F9CD-SegmentedRaftLogWorker: created new log segment /data/metadata/ratis/cc9adef9-8478-49f8-a10c-717d99a3f9cd/current/log_inprogress_0
rm_1        | 2019-11-15 04:39:59 INFO  NMTokenSecretManagerInRM:200 - Sending NMToken for nodeId : nm:46677 for container : container_1573792624926_0001_01_000001
scm_1       | 	at java.base/java.util.concurrent.Executors$RunnableAdapter.call(Executors.java:515)
datanode_2  | 2019-11-15 04:39:41,807 INFO server.RaftServerConfigKeys: raft.server.log.use.memory = false (default)
datanode_3  | 2019-11-15 04:39:49,982 INFO server.RaftServerConfigKeys: raft.server.notification.no-leader.timeout = 120s (custom)
nm_1        | 2019-11-15 04:40:26 INFO  ContainerImpl:2112 - Container container_1573792624926_0001_01_000004 transitioned from LOCALIZING to SCHEDULED
datanode_1  | 2019-11-15 04:37:20,832 WARN server.GrpcLogAppender: 392283af-ccd1-4730-a9e1-baed07c711db@group-717D99A3F9CD->93f310a3-c036-44b2-893a-46f723ece428-GrpcLogAppender: appendEntries Timeout, request=AppendEntriesRequest:cid=0,entriesCount=0,lastEntry=null
scm_1       | 	at java.base/java.util.concurrent.FutureTask.run(FutureTask.java:264)
rm_1        | 2019-11-15 04:39:59 INFO  RMContainerImpl:480 - container_1573792624926_0001_01_000001 Container Transitioned from ALLOCATED to ACQUIRED
datanode_2  | 2019-11-15 04:39:41,807 INFO server.RaftServerConfigKeys: raft.server.log.purge.gap = 1000000 (custom)
datanode_3  | 2019-11-15 04:39:49,982 INFO server.RaftServerConfigKeys: raft.server.log.use.memory = false (default)
nm_1        | 2019-11-15 04:40:26 INFO  ContainerScheduler:541 - Starting container [container_1573792624926_0001_01_000004]
datanode_1  | 2019-11-15 04:37:25,843 WARN server.GrpcLogAppender: 392283af-ccd1-4730-a9e1-baed07c711db@group-717D99A3F9CD->93f310a3-c036-44b2-893a-46f723ece428-GrpcLogAppender: appendEntries Timeout, request=AppendEntriesRequest:cid=1,entriesCount=0,lastEntry=null
rm_1        | 2019-11-15 04:39:59 INFO  NMTokenSecretManagerInRM:146 - Clear node set for appattempt_1573792624926_0001_000001
scm_1       | 	at java.base/java.util.concurrent.ScheduledThreadPoolExecutor$ScheduledFutureTask.run(ScheduledThreadPoolExecutor.java:304)
datanode_2  | 2019-11-15 04:39:41,808 INFO server.RaftServerConfigKeys: raft.server.log.appender.buffer.byte-limit = 33554432 (custom)
nm_1        | 2019-11-15 04:40:26 INFO  ContainerImpl:2112 - Container container_1573792624926_0001_01_000004 transitioned from SCHEDULED to RUNNING
datanode_3  | 2019-11-15 04:39:49,983 INFO server.RaftServerConfigKeys: raft.server.log.purge.gap = 1000000 (custom)
datanode_1  | 2019-11-15 04:37:30,845 WARN server.GrpcLogAppender: 392283af-ccd1-4730-a9e1-baed07c711db@group-717D99A3F9CD->93f310a3-c036-44b2-893a-46f723ece428-GrpcLogAppender: appendEntries Timeout, request=AppendEntriesRequest:cid=2,entriesCount=0,lastEntry=null
