datanode_2  | 2019-11-15 04:57:12,314 INFO impl.LeaderElection: ab2a3f01-2d9c-410e-8631-65eeeb5c4a55@group-8B5DC141F57B-LeaderElection3: Election REJECTED; received 2 response(s) [ab2a3f01-2d9c-410e-8631-65eeeb5c4a55<-5f01d894-cd1b-4f09-9666-4913a1ccef64#0:FAIL-t2, ab2a3f01-2d9c-410e-8631-65eeeb5c4a55<-72f33caf-1b14-46fb-b37a-bdb496ee33d0#0:FAIL-t2] and 0 exception(s); ab2a3f01-2d9c-410e-8631-65eeeb5c4a55@group-8B5DC141F57B:t2, leader=null, voted=ab2a3f01-2d9c-410e-8631-65eeeb5c4a55, raftlog=ab2a3f01-2d9c-410e-8631-65eeeb5c4a55@group-8B5DC141F57B-SegmentedRaftLog:OPENED:c-1,f-1,i0, conf=-1: [5f01d894-cd1b-4f09-9666-4913a1ccef64:172.19.0.6:9858, 72f33caf-1b14-46fb-b37a-bdb496ee33d0:172.19.0.7:9858, ab2a3f01-2d9c-410e-8631-65eeeb5c4a55:172.19.0.5:9858], old=null
datanode_3  | 2019-11-15 04:57:12,313 INFO impl.LeaderElection: 5f01d894-cd1b-4f09-9666-4913a1ccef64@group-8B5DC141F57B-LeaderElection3: Election REJECTED; received 2 response(s) [5f01d894-cd1b-4f09-9666-4913a1ccef64<-72f33caf-1b14-46fb-b37a-bdb496ee33d0#0:FAIL-t2, 5f01d894-cd1b-4f09-9666-4913a1ccef64<-ab2a3f01-2d9c-410e-8631-65eeeb5c4a55#0:FAIL-t2] and 0 exception(s); 5f01d894-cd1b-4f09-9666-4913a1ccef64@group-8B5DC141F57B:t2, leader=null, voted=5f01d894-cd1b-4f09-9666-4913a1ccef64, raftlog=5f01d894-cd1b-4f09-9666-4913a1ccef64@group-8B5DC141F57B-SegmentedRaftLog:OPENED:c-1,f-1,i0, conf=-1: [5f01d894-cd1b-4f09-9666-4913a1ccef64:172.19.0.6:9858, 72f33caf-1b14-46fb-b37a-bdb496ee33d0:172.19.0.7:9858, ab2a3f01-2d9c-410e-8631-65eeeb5c4a55:172.19.0.5:9858], old=null
s3g_1       | 	at java.base/jdk.internal.reflect.NativeMethodAccessorImpl.invoke0(Native Method)
datanode_1  | 2019-11-15 04:57:17,368 INFO impl.RoleInfo: 72f33caf-1b14-46fb-b37a-bdb496ee33d0: shutdown FollowerState
om_1        | 	at org.apache.hadoop.ozone.protocolPB.OzoneManagerProtocolServerSideTranslatorPB.submitRequest(OzoneManagerProtocolServerSideTranslatorPB.java:100)
datanode_3  | 2019-11-15 04:57:12,314 INFO impl.RaftServerImpl: 5f01d894-cd1b-4f09-9666-4913a1ccef64@group-8B5DC141F57B: changes role from CANDIDATE to FOLLOWER at term 2 for DISCOVERED_A_NEW_TERM
s3g_1       | 	at java.base/jdk.internal.reflect.NativeMethodAccessorImpl.invoke(NativeMethodAccessorImpl.java:62)
datanode_1  | 2019-11-15 04:57:17,368 INFO impl.RoleInfo: 72f33caf-1b14-46fb-b37a-bdb496ee33d0: start FollowerState
om_1        | 	at org.apache.hadoop.ozone.protocol.proto.OzoneManagerProtocolProtos$OzoneManagerService$2.callBlockingMethod(OzoneManagerProtocolProtos.java)
datanode_2  | 2019-11-15 04:57:12,315 INFO impl.RaftServerImpl: ab2a3f01-2d9c-410e-8631-65eeeb5c4a55@group-8B5DC141F57B: changes role from CANDIDATE to FOLLOWER at term 2 for DISCOVERED_A_NEW_TERM
s3g_1       | 	at java.base/jdk.internal.reflect.DelegatingMethodAccessorImpl.invoke(DelegatingMethodAccessorImpl.java:43)
om_1        | 	at org.apache.hadoop.ipc.ProtobufRpcEngine$Server$ProtoBufRpcInvoker.call(ProtobufRpcEngine.java:524)
datanode_1  | 2019-11-15 04:57:17,368 INFO impl.FollowerState: 72f33caf-1b14-46fb-b37a-bdb496ee33d0@group-8B5DC141F57B-FollowerState was interrupted: java.lang.InterruptedException: sleep interrupted
datanode_3  | 2019-11-15 04:57:12,314 INFO impl.RoleInfo: 5f01d894-cd1b-4f09-9666-4913a1ccef64: shutdown LeaderElection
datanode_2  | 2019-11-15 04:57:12,315 INFO impl.RoleInfo: ab2a3f01-2d9c-410e-8631-65eeeb5c4a55: shutdown LeaderElection
s3g_1       | 	at java.base/java.lang.reflect.Method.invoke(Method.java:566)
om_1        | 	at org.apache.hadoop.ipc.RPC$Server.call(RPC.java:1025)
datanode_1  | 2019-11-15 04:57:17,469 INFO ratis.XceiverServerRatis: Leader change notification received for group: group-8B5DC141F57B with new leaderId: ab2a3f01-2d9c-410e-8631-65eeeb5c4a55
datanode_3  | 2019-11-15 04:57:12,314 INFO impl.RoleInfo: 5f01d894-cd1b-4f09-9666-4913a1ccef64: start FollowerState
datanode_2  | 2019-11-15 04:57:12,315 INFO impl.RoleInfo: ab2a3f01-2d9c-410e-8631-65eeeb5c4a55: start FollowerState
s3g_1       | 	at org.apache.hadoop.hdds.tracing.TraceAllMethod.invoke(TraceAllMethod.java:66)
om_1        | 	at org.apache.hadoop.ipc.Server$RpcCall.run(Server.java:876)
datanode_1  | 2019-11-15 04:57:17,469 INFO impl.RaftServerImpl: 72f33caf-1b14-46fb-b37a-bdb496ee33d0@group-8B5DC141F57B: change Leader from null to ab2a3f01-2d9c-410e-8631-65eeeb5c4a55 at term 3 for appendEntries, leader elected after 15793ms
datanode_3  | 2019-11-15 04:57:17,336 INFO impl.FollowerState: 5f01d894-cd1b-4f09-9666-4913a1ccef64@group-8B5DC141F57B-FollowerState: change to CANDIDATE, lastRpcTime:5021ms, electionTimeout:5021ms
s3g_1       | 	at com.sun.proxy.$Proxy84.completeMultipartUpload(Unknown Source)
datanode_2  | 2019-11-15 04:57:17,319 INFO impl.FollowerState: ab2a3f01-2d9c-410e-8631-65eeeb5c4a55@group-8B5DC141F57B-FollowerState: change to CANDIDATE, lastRpcTime:5003ms, electionTimeout:5003ms
om_1        | 	at org.apache.hadoop.ipc.Server$RpcCall.run(Server.java:822)
datanode_1  | 2019-11-15 04:57:17,490 INFO impl.RaftServerImpl: 72f33caf-1b14-46fb-b37a-bdb496ee33d0@group-8B5DC141F57B: set configuration 0: [5f01d894-cd1b-4f09-9666-4913a1ccef64:172.19.0.6:9858, 72f33caf-1b14-46fb-b37a-bdb496ee33d0:172.19.0.7:9858, ab2a3f01-2d9c-410e-8631-65eeeb5c4a55:172.19.0.5:9858], old=null at 0
datanode_3  | 2019-11-15 04:57:17,337 INFO impl.RoleInfo: 5f01d894-cd1b-4f09-9666-4913a1ccef64: shutdown FollowerState
s3g_1       | 	at org.apache.hadoop.ozone.client.rpc.RpcClient.completeMultipartUpload(RpcClient.java:913)
datanode_2  | 2019-11-15 04:57:17,320 INFO impl.RoleInfo: ab2a3f01-2d9c-410e-8631-65eeeb5c4a55: shutdown FollowerState
om_1        | 	at java.base/java.security.AccessController.doPrivileged(Native Method)
datanode_1  | 2019-11-15 04:57:17,491 INFO segmented.SegmentedRaftLogWorker: 72f33caf-1b14-46fb-b37a-bdb496ee33d0@group-8B5DC141F57B-SegmentedRaftLogWorker: Starting segment from index:0
datanode_3  | 2019-11-15 04:57:17,338 INFO impl.RaftServerImpl: 5f01d894-cd1b-4f09-9666-4913a1ccef64@group-8B5DC141F57B: changes role from  FOLLOWER to CANDIDATE at term 2 for changeToCandidate
datanode_2  | 2019-11-15 04:57:17,320 INFO impl.RaftServerImpl: ab2a3f01-2d9c-410e-8631-65eeeb5c4a55@group-8B5DC141F57B: changes role from  FOLLOWER to CANDIDATE at term 2 for changeToCandidate
om_1        | 	at java.base/javax.security.auth.Subject.doAs(Subject.java:423)
datanode_1  | 2019-11-15 04:57:17,526 INFO segmented.SegmentedRaftLogWorker: 72f33caf-1b14-46fb-b37a-bdb496ee33d0@group-8B5DC141F57B-SegmentedRaftLogWorker: created new log segment /data/metadata/ratis/539fc54c-6f02-4eee-985a-8b5dc141f57b/current/log_inprogress_0
datanode_3  | 2019-11-15 04:57:17,338 INFO impl.RoleInfo: 5f01d894-cd1b-4f09-9666-4913a1ccef64: start LeaderElection
s3g_1       | 	at org.apache.hadoop.ozone.client.OzoneBucket.completeMultipartUpload(OzoneBucket.java:445)
datanode_2  | 2019-11-15 04:57:17,320 INFO impl.RoleInfo: ab2a3f01-2d9c-410e-8631-65eeeb5c4a55: start LeaderElection
om_1        | 	at org.apache.hadoop.security.UserGroupInformation.doAs(UserGroupInformation.java:1730)
datanode_3  | 2019-11-15 04:57:17,368 INFO impl.LeaderElection: 5f01d894-cd1b-4f09-9666-4913a1ccef64@group-8B5DC141F57B-LeaderElection4: begin an election at term 3 for -1: [5f01d894-cd1b-4f09-9666-4913a1ccef64:172.19.0.6:9858, 72f33caf-1b14-46fb-b37a-bdb496ee33d0:172.19.0.7:9858, ab2a3f01-2d9c-410e-8631-65eeeb5c4a55:172.19.0.5:9858], old=null
s3g_1       | 	at org.apache.hadoop.ozone.s3.endpoint.ObjectEndpoint.completeMultipartUpload(ObjectEndpoint.java:500)
datanode_2  | 2019-11-15 04:57:17,346 INFO impl.LeaderElection: ab2a3f01-2d9c-410e-8631-65eeeb5c4a55@group-8B5DC141F57B-LeaderElection4: begin an election at term 3 for -1: [5f01d894-cd1b-4f09-9666-4913a1ccef64:172.19.0.6:9858, 72f33caf-1b14-46fb-b37a-bdb496ee33d0:172.19.0.7:9858, ab2a3f01-2d9c-410e-8631-65eeeb5c4a55:172.19.0.5:9858], old=null
om_1        | 	at org.apache.hadoop.ipc.Server$Handler.run(Server.java:2682)
datanode_3  | 2019-11-15 04:57:17,441 INFO impl.LeaderElection: 5f01d894-cd1b-4f09-9666-4913a1ccef64@group-8B5DC141F57B-LeaderElection4: Election REJECTED; received 2 response(s) [5f01d894-cd1b-4f09-9666-4913a1ccef64<-72f33caf-1b14-46fb-b37a-bdb496ee33d0#0:FAIL-t3, 5f01d894-cd1b-4f09-9666-4913a1ccef64<-ab2a3f01-2d9c-410e-8631-65eeeb5c4a55#0:FAIL-t3] and 0 exception(s); 5f01d894-cd1b-4f09-9666-4913a1ccef64@group-8B5DC141F57B:t3, leader=null, voted=5f01d894-cd1b-4f09-9666-4913a1ccef64, raftlog=5f01d894-cd1b-4f09-9666-4913a1ccef64@group-8B5DC141F57B-SegmentedRaftLog:OPENED:c-1,f-1,i0, conf=-1: [5f01d894-cd1b-4f09-9666-4913a1ccef64:172.19.0.6:9858, 72f33caf-1b14-46fb-b37a-bdb496ee33d0:172.19.0.7:9858, ab2a3f01-2d9c-410e-8631-65eeeb5c4a55:172.19.0.5:9858], old=null
s3g_1       | 	at java.base/jdk.internal.reflect.NativeMethodAccessorImpl.invoke0(Native Method)
datanode_2  | 2019-11-15 04:57:17,390 INFO impl.LeaderElection: ab2a3f01-2d9c-410e-8631-65eeeb5c4a55@group-8B5DC141F57B-LeaderElection4: Election PASSED; received 2 response(s) [ab2a3f01-2d9c-410e-8631-65eeeb5c4a55<-5f01d894-cd1b-4f09-9666-4913a1ccef64#0:FAIL-t3, ab2a3f01-2d9c-410e-8631-65eeeb5c4a55<-72f33caf-1b14-46fb-b37a-bdb496ee33d0#0:OK-t3] and 0 exception(s); ab2a3f01-2d9c-410e-8631-65eeeb5c4a55@group-8B5DC141F57B:t3, leader=null, voted=ab2a3f01-2d9c-410e-8631-65eeeb5c4a55, raftlog=ab2a3f01-2d9c-410e-8631-65eeeb5c4a55@group-8B5DC141F57B-SegmentedRaftLog:OPENED:c-1,f-1,i0, conf=-1: [5f01d894-cd1b-4f09-9666-4913a1ccef64:172.19.0.6:9858, 72f33caf-1b14-46fb-b37a-bdb496ee33d0:172.19.0.7:9858, ab2a3f01-2d9c-410e-8631-65eeeb5c4a55:172.19.0.5:9858], old=null
om_1        | 2019-11-15 04:59:25,566 ERROR multipart.S3MultipartUploadCompleteRequest: PartNumber at index 1 is 2, and its previous partNumber at index 0 is 4 for ozonekey is /s37c35ba70126b04fca007e4dbfab9c47c/bucket-85295/multipartKey3
datanode_3  | 2019-11-15 04:57:17,442 INFO impl.RaftServerImpl: 5f01d894-cd1b-4f09-9666-4913a1ccef64@group-8B5DC141F57B: changes role from CANDIDATE to FOLLOWER at term 3 for DISCOVERED_A_NEW_TERM
datanode_2  | 2019-11-15 04:57:17,391 INFO impl.RoleInfo: ab2a3f01-2d9c-410e-8631-65eeeb5c4a55: shutdown LeaderElection
om_1        | 2019-11-15 04:59:25,566 ERROR multipart.S3MultipartUploadCompleteRequest: MultipartUpload Complete request failed for Key: multipartKey3 in Volume/Bucket s37c35ba70126b04fca007e4dbfab9c47c/bucket-85295
datanode_3  | 2019-11-15 04:57:17,442 INFO impl.RoleInfo: 5f01d894-cd1b-4f09-9666-4913a1ccef64: shutdown LeaderElection
s3g_1       | 	at java.base/jdk.internal.reflect.NativeMethodAccessorImpl.invoke(NativeMethodAccessorImpl.java:62)
datanode_2  | 2019-11-15 04:57:17,391 INFO impl.RaftServerImpl: ab2a3f01-2d9c-410e-8631-65eeeb5c4a55@group-8B5DC141F57B: changes role from CANDIDATE to LEADER at term 3 for changeToLeader
om_1        | INVALID_PART_ORDER org.apache.hadoop.ozone.om.exceptions.OMException: Complete Multipart Upload Failed: volume: s37c35ba70126b04fca007e4dbfab9c47cbucket: bucket-85295key: multipartKey3because parts are in Invalid order.
datanode_3  | 2019-11-15 04:57:17,442 INFO impl.RoleInfo: 5f01d894-cd1b-4f09-9666-4913a1ccef64: start FollowerState
s3g_1       | 	at java.base/jdk.internal.reflect.DelegatingMethodAccessorImpl.invoke(DelegatingMethodAccessorImpl.java:43)
datanode_2  | 2019-11-15 04:57:17,392 INFO ratis.XceiverServerRatis: Leader change notification received for group: group-8B5DC141F57B with new leaderId: ab2a3f01-2d9c-410e-8631-65eeeb5c4a55
om_1        | 	at org.apache.hadoop.ozone.om.request.s3.multipart.S3MultipartUploadCompleteRequest.validateAndUpdateCache(S3MultipartUploadCompleteRequest.java:164)
datanode_3  | 2019-11-15 04:57:17,469 INFO ratis.XceiverServerRatis: Leader change notification received for group: group-8B5DC141F57B with new leaderId: ab2a3f01-2d9c-410e-8631-65eeeb5c4a55
datanode_2  | 2019-11-15 04:57:17,392 INFO impl.RaftServerImpl: ab2a3f01-2d9c-410e-8631-65eeeb5c4a55@group-8B5DC141F57B: change Leader from null to ab2a3f01-2d9c-410e-8631-65eeeb5c4a55 at term 3 for becomeLeader, leader elected after 15813ms
s3g_1       | 	at java.base/java.lang.reflect.Method.invoke(Method.java:566)
om_1        | 	at org.apache.hadoop.ozone.protocolPB.OzoneManagerProtocolServerSideTranslatorPB.submitRequestDirectlyToOM(OzoneManagerProtocolServerSideTranslatorPB.java:217)
datanode_3  | 2019-11-15 04:57:17,470 INFO impl.RaftServerImpl: 5f01d894-cd1b-4f09-9666-4913a1ccef64@group-8B5DC141F57B: change Leader from null to ab2a3f01-2d9c-410e-8631-65eeeb5c4a55 at term 3 for appendEntries, leader elected after 15921ms
s3g_1       | 	at org.glassfish.jersey.server.model.internal.ResourceMethodInvocationHandlerFactory.lambda$static$0(ResourceMethodInvocationHandlerFactory.java:76)
datanode_2  | 2019-11-15 04:57:17,392 INFO server.RaftServerConfigKeys: raft.server.staging.catchup.gap = 1000 (default)
om_1        | 	at org.apache.hadoop.ozone.protocolPB.OzoneManagerProtocolServerSideTranslatorPB.processRequest(OzoneManagerProtocolServerSideTranslatorPB.java:132)
datanode_3  | 2019-11-15 04:57:17,490 INFO impl.RaftServerImpl: 5f01d894-cd1b-4f09-9666-4913a1ccef64@group-8B5DC141F57B: set configuration 0: [5f01d894-cd1b-4f09-9666-4913a1ccef64:172.19.0.6:9858, 72f33caf-1b14-46fb-b37a-bdb496ee33d0:172.19.0.7:9858, ab2a3f01-2d9c-410e-8631-65eeeb5c4a55:172.19.0.5:9858], old=null at 0
s3g_1       | 	at org.glassfish.jersey.server.model.internal.AbstractJavaResourceMethodDispatcher$1.run(AbstractJavaResourceMethodDispatcher.java:148)
datanode_2  | 2019-11-15 04:57:17,393 INFO server.RaftServerConfigKeys: raft.server.rpc.sleep.time = 25ms (default)
om_1        | 	at org.apache.hadoop.hdds.server.OzoneProtocolMessageDispatcher.processRequest(OzoneProtocolMessageDispatcher.java:72)
datanode_3  | 2019-11-15 04:57:17,490 INFO segmented.SegmentedRaftLogWorker: 5f01d894-cd1b-4f09-9666-4913a1ccef64@group-8B5DC141F57B-SegmentedRaftLogWorker: Starting segment from index:0
s3g_1       | 	at org.glassfish.jersey.server.model.internal.AbstractJavaResourceMethodDispatcher.invoke(AbstractJavaResourceMethodDispatcher.java:191)
datanode_2  | 2019-11-15 04:57:17,393 INFO server.RaftServerConfigKeys: raft.server.write.element-limit = 4096 (default)
datanode_3  | 2019-11-15 04:57:17,526 INFO segmented.SegmentedRaftLogWorker: 5f01d894-cd1b-4f09-9666-4913a1ccef64@group-8B5DC141F57B-SegmentedRaftLogWorker: created new log segment /data/metadata/ratis/539fc54c-6f02-4eee-985a-8b5dc141f57b/current/log_inprogress_0
om_1        | 	at org.apache.hadoop.ozone.protocolPB.OzoneManagerProtocolServerSideTranslatorPB.submitRequest(OzoneManagerProtocolServerSideTranslatorPB.java:100)
s3g_1       | 	at org.glassfish.jersey.server.model.internal.JavaResourceMethodDispatcherProvider$ResponseOutInvoker.doDispatch(JavaResourceMethodDispatcherProvider.java:200)
datanode_2  | 2019-11-15 04:57:17,394 INFO server.RaftServerConfigKeys: raft.server.watch.timeout = 10s (default)
om_1        | 	at org.apache.hadoop.ozone.protocol.proto.OzoneManagerProtocolProtos$OzoneManagerService$2.callBlockingMethod(OzoneManagerProtocolProtos.java)
s3g_1       | 	at org.glassfish.jersey.server.model.internal.AbstractJavaResourceMethodDispatcher.dispatch(AbstractJavaResourceMethodDispatcher.java:103)
datanode_2  | 2019-11-15 04:57:17,394 INFO server.RaftServerConfigKeys: raft.server.watch.timeout.denomination = 1s (default)
om_1        | 	at org.apache.hadoop.ipc.ProtobufRpcEngine$Server$ProtoBufRpcInvoker.call(ProtobufRpcEngine.java:524)
s3g_1       | 	at org.glassfish.jersey.server.model.ResourceMethodInvoker.invoke(ResourceMethodInvoker.java:493)
datanode_2  | 2019-11-15 04:57:17,394 INFO server.RaftServerConfigKeys: raft.server.watch.element-limit = 65536 (default)
om_1        | 	at org.apache.hadoop.ipc.RPC$Server.call(RPC.java:1025)
s3g_1       | 	at org.glassfish.jersey.server.model.ResourceMethodInvoker.apply(ResourceMethodInvoker.java:415)
datanode_2  | 2019-11-15 04:57:17,401 INFO server.RaftServerConfigKeys: raft.server.log.appender.snapshot.chunk.size.max = 16MB (=16777216) (default)
om_1        | 	at org.apache.hadoop.ipc.Server$RpcCall.run(Server.java:876)
s3g_1       | 	at org.glassfish.jersey.server.model.ResourceMethodInvoker.apply(ResourceMethodInvoker.java:104)
datanode_2  | 2019-11-15 04:57:17,403 INFO server.RaftServerConfigKeys: raft.server.log.appender.buffer.byte-limit = 33554432 (custom)
om_1        | 	at org.apache.hadoop.ipc.Server$RpcCall.run(Server.java:822)
s3g_1       | 	at org.glassfish.jersey.server.ServerRuntime$1.run(ServerRuntime.java:277)
datanode_2  | 2019-11-15 04:57:17,403 INFO server.RaftServerConfigKeys: raft.server.log.appender.buffer.element-limit = 1 (custom)
om_1        | 	at java.base/java.security.AccessController.doPrivileged(Native Method)
s3g_1       | 	at org.glassfish.jersey.internal.Errors$1.call(Errors.java:272)
datanode_2  | 2019-11-15 04:57:17,406 INFO grpc.GrpcConfigKeys$Server: raft.grpc.server.leader.outstanding.appends.max = 128 (default)
om_1        | 	at java.base/javax.security.auth.Subject.doAs(Subject.java:423)
s3g_1       | 	at org.glassfish.jersey.internal.Errors$1.call(Errors.java:268)
datanode_2  | 2019-11-15 04:57:17,406 INFO server.RaftServerConfigKeys: raft.server.rpc.request.timeout = 3000ms (default)
om_1        | 	at org.apache.hadoop.security.UserGroupInformation.doAs(UserGroupInformation.java:1730)
s3g_1       | 	at org.glassfish.jersey.internal.Errors.process(Errors.java:316)
datanode_2  | 2019-11-15 04:57:17,407 INFO server.RaftServerConfigKeys: raft.server.log.appender.install.snapshot.enabled = false (custom)
om_1        | 	at org.apache.hadoop.ipc.Server$Handler.run(Server.java:2682)
s3g_1       | 	at org.glassfish.jersey.internal.Errors.process(Errors.java:298)
datanode_2  | 2019-11-15 04:57:17,408 WARN impl.MetricRegistriesImpl: First MetricRegistry has been created without registering reporters. You may need to call MetricRegistries.global().addReportRegistration(...) before.
om_1        | 2019-11-15 04:59:35,067 ERROR multipart.S3MultipartUploadAbortRequest: Abort Multipart request is failed for KeyName multipartKey5 in VolumeName/Bucket s37c35ba70126b04fca007e4dbfab9c47c/bucket-85295
s3g_1       | 	at org.glassfish.jersey.internal.Errors.process(Errors.java:268)
datanode_2  | 2019-11-15 04:57:17,409 INFO server.RaftServerConfigKeys: raft.server.log.appender.snapshot.chunk.size.max = 16MB (=16777216) (default)
om_1        | NO_SUCH_MULTIPART_UPLOAD_ERROR org.apache.hadoop.ozone.om.exceptions.OMException: Abort Multipart Upload Failed: volume: s37c35ba70126b04fca007e4dbfab9c47cbucket: bucket-85295key: multipartKey5
s3g_1       | 	at org.glassfish.jersey.process.internal.RequestScope.runInScope(RequestScope.java:289)
datanode_2  | 2019-11-15 04:57:17,409 INFO server.RaftServerConfigKeys: raft.server.log.appender.buffer.byte-limit = 33554432 (custom)
om_1        | 	at org.apache.hadoop.ozone.om.request.s3.multipart.S3MultipartUploadAbortRequest.validateAndUpdateCache(S3MultipartUploadAbortRequest.java:116)
s3g_1       | 	at org.glassfish.jersey.server.ServerRuntime.process(ServerRuntime.java:256)
datanode_2  | 2019-11-15 04:57:17,409 INFO server.RaftServerConfigKeys: raft.server.log.appender.buffer.element-limit = 1 (custom)
om_1        | 	at org.apache.hadoop.ozone.protocolPB.OzoneManagerProtocolServerSideTranslatorPB.submitRequestDirectlyToOM(OzoneManagerProtocolServerSideTranslatorPB.java:217)
s3g_1       | 	at org.glassfish.jersey.server.ApplicationHandler.handle(ApplicationHandler.java:703)
datanode_2  | 2019-11-15 04:57:17,409 INFO grpc.GrpcConfigKeys$Server: raft.grpc.server.leader.outstanding.appends.max = 128 (default)
s3g_1       | 	at org.glassfish.jersey.servlet.WebComponent.serviceImpl(WebComponent.java:416)
om_1        | 	at org.apache.hadoop.ozone.protocolPB.OzoneManagerProtocolServerSideTranslatorPB.processRequest(OzoneManagerProtocolServerSideTranslatorPB.java:132)
datanode_2  | 2019-11-15 04:57:17,409 INFO server.RaftServerConfigKeys: raft.server.rpc.request.timeout = 3000ms (default)
s3g_1       | 	at org.glassfish.jersey.servlet.WebComponent.service(WebComponent.java:370)
om_1        | 	at org.apache.hadoop.hdds.server.OzoneProtocolMessageDispatcher.processRequest(OzoneProtocolMessageDispatcher.java:72)
datanode_2  | 2019-11-15 04:57:17,409 INFO server.RaftServerConfigKeys: raft.server.log.appender.install.snapshot.enabled = false (custom)
s3g_1       | 	at org.glassfish.jersey.servlet.ServletContainer.service(ServletContainer.java:389)
om_1        | 	at org.apache.hadoop.ozone.protocolPB.OzoneManagerProtocolServerSideTranslatorPB.submitRequest(OzoneManagerProtocolServerSideTranslatorPB.java:100)
datanode_2  | 2019-11-15 04:57:17,412 INFO impl.RoleInfo: ab2a3f01-2d9c-410e-8631-65eeeb5c4a55: start LeaderState
s3g_1       | 	at org.glassfish.jersey.servlet.ServletContainer.service(ServletContainer.java:342)
datanode_2  | 2019-11-15 04:57:17,412 INFO segmented.SegmentedRaftLogWorker: ab2a3f01-2d9c-410e-8631-65eeeb5c4a55@group-8B5DC141F57B-SegmentedRaftLogWorker: Starting segment from index:0
om_1        | 	at org.apache.hadoop.ozone.protocol.proto.OzoneManagerProtocolProtos$OzoneManagerService$2.callBlockingMethod(OzoneManagerProtocolProtos.java)
s3g_1       | 	at org.glassfish.jersey.servlet.ServletContainer.service(ServletContainer.java:229)
om_1        | 	at org.apache.hadoop.ipc.ProtobufRpcEngine$Server$ProtoBufRpcInvoker.call(ProtobufRpcEngine.java:524)
datanode_2  | 2019-11-15 04:57:17,414 INFO impl.RaftServerImpl: ab2a3f01-2d9c-410e-8631-65eeeb5c4a55@group-8B5DC141F57B: set configuration 0: [5f01d894-cd1b-4f09-9666-4913a1ccef64:172.19.0.6:9858, 72f33caf-1b14-46fb-b37a-bdb496ee33d0:172.19.0.7:9858, ab2a3f01-2d9c-410e-8631-65eeeb5c4a55:172.19.0.5:9858], old=null at 0
s3g_1       | 	at org.eclipse.jetty.servlet.ServletHolder.handle(ServletHolder.java:840)
om_1        | 	at org.apache.hadoop.ipc.RPC$Server.call(RPC.java:1025)
datanode_2  | 2019-11-15 04:57:17,437 INFO impl.RaftServerImpl: ab2a3f01-2d9c-410e-8631-65eeeb5c4a55@group-8B5DC141F57B-   LEADER: Withhold vote from candidate 5f01d894-cd1b-4f09-9666-4913a1ccef64 with term 3. State: leader=ab2a3f01-2d9c-410e-8631-65eeeb5c4a55, term=3, lastRpcElapsed=null
om_1        | 	at org.apache.hadoop.ipc.Server$RpcCall.run(Server.java:876)
datanode_2  | 2019-11-15 04:57:17,449 INFO segmented.SegmentedRaftLogWorker: ab2a3f01-2d9c-410e-8631-65eeeb5c4a55@group-8B5DC141F57B-SegmentedRaftLogWorker: created new log segment /data/metadata/ratis/539fc54c-6f02-4eee-985a-8b5dc141f57b/current/log_inprogress_0
s3g_1       | 	at org.eclipse.jetty.servlet.ServletHandler$CachedChain.doFilter(ServletHandler.java:1780)
om_1        | 	at org.apache.hadoop.ipc.Server$RpcCall.run(Server.java:822)
s3g_1       | 	at org.apache.hadoop.http.HttpServer2$QuotingInputFilter.doFilter(HttpServer2.java:1609)
om_1        | 	at java.base/java.security.AccessController.doPrivileged(Native Method)
s3g_1       | 	at org.eclipse.jetty.servlet.ServletHandler$CachedChain.doFilter(ServletHandler.java:1767)
om_1        | 	at java.base/javax.security.auth.Subject.doAs(Subject.java:423)
s3g_1       | 	at org.apache.hadoop.http.NoCacheFilter.doFilter(NoCacheFilter.java:45)
om_1        | 	at org.apache.hadoop.security.UserGroupInformation.doAs(UserGroupInformation.java:1730)
s3g_1       | 	at org.eclipse.jetty.servlet.ServletHandler$CachedChain.doFilter(ServletHandler.java:1767)
om_1        | 	at org.apache.hadoop.ipc.Server$Handler.run(Server.java:2682)
s3g_1       | 	at org.eclipse.jetty.servlet.ServletHandler.doHandle(ServletHandler.java:583)
om_1        | 2019-11-15 04:59:38,534 ERROR key.OMKeyRequest: ALLOCATE_KEY failed for Key: multipartKey in volume/bucket:s37c35ba70126b04fca007e4dbfab9c47c/bucket-85295
s3g_1       | 	at org.eclipse.jetty.server.handler.ScopedHandler.handle(ScopedHandler.java:143)
s3g_1       | 	at org.eclipse.jetty.security.SecurityHandler.handle(SecurityHandler.java:548)
om_1        | NO_SUCH_MULTIPART_UPLOAD_ERROR org.apache.hadoop.ozone.om.exceptions.OMException: No such Multipart upload is with specified uploadId random
om_1        | 	at org.apache.hadoop.ozone.om.request.key.OMKeyRequest.prepareMultipartKeyInfo(OMKeyRequest.java:471)
s3g_1       | 	at org.eclipse.jetty.server.session.SessionHandler.doHandle(SessionHandler.java:226)
om_1        | 	at org.apache.hadoop.ozone.om.request.key.OMKeyRequest.prepareKeyInfo(OMKeyRequest.java:423)
om_1        | 	at org.apache.hadoop.ozone.om.request.key.OMKeyCreateRequest.validateAndUpdateCache(OMKeyCreateRequest.java:182)
s3g_1       | 	at org.eclipse.jetty.server.handler.ContextHandler.doHandle(ContextHandler.java:1180)
s3g_1       | 	at org.eclipse.jetty.servlet.ServletHandler.doScope(ServletHandler.java:513)
om_1        | 	at org.apache.hadoop.ozone.protocolPB.OzoneManagerProtocolServerSideTranslatorPB.submitRequestDirectlyToOM(OzoneManagerProtocolServerSideTranslatorPB.java:217)
s3g_1       | 	at org.eclipse.jetty.server.session.SessionHandler.doScope(SessionHandler.java:185)
om_1        | 	at org.apache.hadoop.ozone.protocolPB.OzoneManagerProtocolServerSideTranslatorPB.processRequest(OzoneManagerProtocolServerSideTranslatorPB.java:132)
om_1        | 	at org.apache.hadoop.hdds.server.OzoneProtocolMessageDispatcher.processRequest(OzoneProtocolMessageDispatcher.java:72)
om_1        | 	at org.apache.hadoop.ozone.protocolPB.OzoneManagerProtocolServerSideTranslatorPB.submitRequest(OzoneManagerProtocolServerSideTranslatorPB.java:100)
s3g_1       | 	at org.eclipse.jetty.server.handler.ContextHandler.doScope(ContextHandler.java:1112)
om_1        | 	at org.apache.hadoop.ozone.protocol.proto.OzoneManagerProtocolProtos$OzoneManagerService$2.callBlockingMethod(OzoneManagerProtocolProtos.java)
s3g_1       | 	at org.eclipse.jetty.server.handler.ScopedHandler.handle(ScopedHandler.java:141)
om_1        | 	at org.apache.hadoop.ipc.ProtobufRpcEngine$Server$ProtoBufRpcInvoker.call(ProtobufRpcEngine.java:524)
s3g_1       | 	at org.eclipse.jetty.server.handler.HandlerCollection.handle(HandlerCollection.java:119)
om_1        | 	at org.apache.hadoop.ipc.RPC$Server.call(RPC.java:1025)
s3g_1       | 	at org.eclipse.jetty.server.handler.HandlerWrapper.handle(HandlerWrapper.java:134)
s3g_1       | 	at org.eclipse.jetty.server.Server.handle(Server.java:539)
s3g_1       | 	at org.eclipse.jetty.server.HttpChannel.handle(HttpChannel.java:333)
s3g_1       | 	at org.eclipse.jetty.server.HttpConnection.onFillable(HttpConnection.java:251)
s3g_1       | 	at org.eclipse.jetty.io.AbstractConnection$ReadCallback.succeeded(AbstractConnection.java:283)
s3g_1       | 	at org.eclipse.jetty.io.FillInterest.fillable(FillInterest.java:108)
s3g_1       | 	at org.eclipse.jetty.io.SelectChannelEndPoint$2.run(SelectChannelEndPoint.java:93)
s3g_1       | 	at org.eclipse.jetty.util.thread.strategy.ExecuteProduceConsume.executeProduceConsume(ExecuteProduceConsume.java:303)
s3g_1       | 	at org.eclipse.jetty.util.thread.strategy.ExecuteProduceConsume.produceConsume(ExecuteProduceConsume.java:148)
om_1        | 	at org.apache.hadoop.ipc.Server$RpcCall.run(Server.java:876)
s3g_1       | 	at org.eclipse.jetty.util.thread.strategy.ExecuteProduceConsume.run(ExecuteProduceConsume.java:136)
om_1        | 	at org.apache.hadoop.ipc.Server$RpcCall.run(Server.java:822)
s3g_1       | 	at org.eclipse.jetty.util.thread.QueuedThreadPool.runJob(QueuedThreadPool.java:671)
om_1        | 	at java.base/java.security.AccessController.doPrivileged(Native Method)
s3g_1       | 	at org.eclipse.jetty.util.thread.QueuedThreadPool$2.run(QueuedThreadPool.java:589)
om_1        | 	at java.base/javax.security.auth.Subject.doAs(Subject.java:423)
s3g_1       | 	at java.base/java.lang.Thread.run(Thread.java:834)
om_1        | 	at org.apache.hadoop.security.UserGroupInformation.doAs(UserGroupInformation.java:1730)
s3g_1       | 2019-11-15 04:59:20,707 ERROR endpoint.ObjectEndpoint: Error in Complete Multipart Upload Request for bucket: bucket-85295, key: multipartKey3
om_1        | 	at org.apache.hadoop.ipc.Server$Handler.run(Server.java:2682)
s3g_1       | INVALID_PART org.apache.hadoop.ozone.om.exceptions.OMException: Complete Multipart Upload Failed: volume: s37c35ba70126b04fca007e4dbfab9c47cbucket: bucket-85295key: multipartKey3
s3g_1       | 	at org.apache.hadoop.ozone.om.protocolPB.OzoneManagerProtocolClientSideTranslatorPB.handleError(OzoneManagerProtocolClientSideTranslatorPB.java:761)
s3g_1       | 	at org.apache.hadoop.ozone.om.protocolPB.OzoneManagerProtocolClientSideTranslatorPB.completeMultipartUpload(OzoneManagerProtocolClientSideTranslatorPB.java:1133)
s3g_1       | 	at java.base/jdk.internal.reflect.NativeMethodAccessorImpl.invoke0(Native Method)
s3g_1       | 	at java.base/jdk.internal.reflect.NativeMethodAccessorImpl.invoke(NativeMethodAccessorImpl.java:62)
s3g_1       | 	at java.base/jdk.internal.reflect.DelegatingMethodAccessorImpl.invoke(DelegatingMethodAccessorImpl.java:43)
s3g_1       | 	at java.base/java.lang.reflect.Method.invoke(Method.java:566)
s3g_1       | 	at org.apache.hadoop.hdds.tracing.TraceAllMethod.invoke(TraceAllMethod.java:66)
s3g_1       | 	at com.sun.proxy.$Proxy84.completeMultipartUpload(Unknown Source)
s3g_1       | 	at org.apache.hadoop.ozone.client.rpc.RpcClient.completeMultipartUpload(RpcClient.java:913)
s3g_1       | 	at org.apache.hadoop.ozone.client.OzoneBucket.completeMultipartUpload(OzoneBucket.java:445)
s3g_1       | 	at org.apache.hadoop.ozone.s3.endpoint.ObjectEndpoint.completeMultipartUpload(ObjectEndpoint.java:500)
s3g_1       | 	at java.base/jdk.internal.reflect.NativeMethodAccessorImpl.invoke0(Native Method)
s3g_1       | 	at java.base/jdk.internal.reflect.NativeMethodAccessorImpl.invoke(NativeMethodAccessorImpl.java:62)
s3g_1       | 	at java.base/jdk.internal.reflect.DelegatingMethodAccessorImpl.invoke(DelegatingMethodAccessorImpl.java:43)
s3g_1       | 	at java.base/java.lang.reflect.Method.invoke(Method.java:566)
s3g_1       | 	at org.glassfish.jersey.server.model.internal.ResourceMethodInvocationHandlerFactory.lambda$static$0(ResourceMethodInvocationHandlerFactory.java:76)
s3g_1       | 	at org.glassfish.jersey.server.model.internal.AbstractJavaResourceMethodDispatcher$1.run(AbstractJavaResourceMethodDispatcher.java:148)
s3g_1       | 	at org.glassfish.jersey.server.model.internal.AbstractJavaResourceMethodDispatcher.invoke(AbstractJavaResourceMethodDispatcher.java:191)
s3g_1       | 	at org.glassfish.jersey.server.model.internal.JavaResourceMethodDispatcherProvider$ResponseOutInvoker.doDispatch(JavaResourceMethodDispatcherProvider.java:200)
s3g_1       | 	at org.glassfish.jersey.server.model.internal.AbstractJavaResourceMethodDispatcher.dispatch(AbstractJavaResourceMethodDispatcher.java:103)
s3g_1       | 	at org.glassfish.jersey.server.model.ResourceMethodInvoker.invoke(ResourceMethodInvoker.java:493)
s3g_1       | 	at org.glassfish.jersey.server.model.ResourceMethodInvoker.apply(ResourceMethodInvoker.java:415)
s3g_1       | 	at org.glassfish.jersey.server.model.ResourceMethodInvoker.apply(ResourceMethodInvoker.java:104)
s3g_1       | 	at org.glassfish.jersey.server.ServerRuntime$1.run(ServerRuntime.java:277)
s3g_1       | 	at org.glassfish.jersey.internal.Errors$1.call(Errors.java:272)
s3g_1       | 	at org.glassfish.jersey.internal.Errors$1.call(Errors.java:268)
s3g_1       | 	at org.glassfish.jersey.internal.Errors.process(Errors.java:316)
s3g_1       | 	at org.glassfish.jersey.internal.Errors.process(Errors.java:298)
s3g_1       | 	at org.glassfish.jersey.internal.Errors.process(Errors.java:268)
s3g_1       | 	at org.glassfish.jersey.process.internal.RequestScope.runInScope(RequestScope.java:289)
s3g_1       | 	at org.glassfish.jersey.server.ServerRuntime.process(ServerRuntime.java:256)
s3g_1       | 	at org.glassfish.jersey.server.ApplicationHandler.handle(ApplicationHandler.java:703)
s3g_1       | 	at org.glassfish.jersey.servlet.WebComponent.serviceImpl(WebComponent.java:416)
s3g_1       | 	at org.glassfish.jersey.servlet.WebComponent.service(WebComponent.java:370)
s3g_1       | 	at org.glassfish.jersey.servlet.ServletContainer.service(ServletContainer.java:389)
s3g_1       | 	at org.glassfish.jersey.servlet.ServletContainer.service(ServletContainer.java:342)
s3g_1       | 	at org.glassfish.jersey.servlet.ServletContainer.service(ServletContainer.java:229)
s3g_1       | 	at org.eclipse.jetty.servlet.ServletHolder.handle(ServletHolder.java:840)
s3g_1       | 	at org.eclipse.jetty.servlet.ServletHandler$CachedChain.doFilter(ServletHandler.java:1780)
s3g_1       | 	at org.apache.hadoop.http.HttpServer2$QuotingInputFilter.doFilter(HttpServer2.java:1609)
s3g_1       | 	at org.eclipse.jetty.servlet.ServletHandler$CachedChain.doFilter(ServletHandler.java:1767)
s3g_1       | 	at org.apache.hadoop.http.NoCacheFilter.doFilter(NoCacheFilter.java:45)
s3g_1       | 	at org.eclipse.jetty.servlet.ServletHandler$CachedChain.doFilter(ServletHandler.java:1767)
s3g_1       | 	at org.eclipse.jetty.servlet.ServletHandler.doHandle(ServletHandler.java:583)
s3g_1       | 	at org.eclipse.jetty.server.handler.ScopedHandler.handle(ScopedHandler.java:143)
s3g_1       | 	at org.eclipse.jetty.security.SecurityHandler.handle(SecurityHandler.java:548)
s3g_1       | 	at org.eclipse.jetty.server.session.SessionHandler.doHandle(SessionHandler.java:226)
s3g_1       | 	at org.eclipse.jetty.server.handler.ContextHandler.doHandle(ContextHandler.java:1180)
s3g_1       | 	at org.eclipse.jetty.servlet.ServletHandler.doScope(ServletHandler.java:513)
s3g_1       | 	at org.eclipse.jetty.server.session.SessionHandler.doScope(SessionHandler.java:185)
s3g_1       | 	at org.eclipse.jetty.server.handler.ContextHandler.doScope(ContextHandler.java:1112)
s3g_1       | 	at org.eclipse.jetty.server.handler.ScopedHandler.handle(ScopedHandler.java:141)
s3g_1       | 	at org.eclipse.jetty.server.handler.HandlerCollection.handle(HandlerCollection.java:119)
s3g_1       | 	at org.eclipse.jetty.server.handler.HandlerWrapper.handle(HandlerWrapper.java:134)
s3g_1       | 	at org.eclipse.jetty.server.Server.handle(Server.java:539)
s3g_1       | 	at org.eclipse.jetty.server.HttpChannel.handle(HttpChannel.java:333)
s3g_1       | 	at org.eclipse.jetty.server.HttpConnection.onFillable(HttpConnection.java:251)
s3g_1       | 	at org.eclipse.jetty.io.AbstractConnection$ReadCallback.succeeded(AbstractConnection.java:283)
s3g_1       | 	at org.eclipse.jetty.io.FillInterest.fillable(FillInterest.java:108)
s3g_1       | 	at org.eclipse.jetty.io.SelectChannelEndPoint$2.run(SelectChannelEndPoint.java:93)
s3g_1       | 	at org.eclipse.jetty.util.thread.strategy.ExecuteProduceConsume.executeProduceConsume(ExecuteProduceConsume.java:303)
s3g_1       | 	at org.eclipse.jetty.util.thread.strategy.ExecuteProduceConsume.produceConsume(ExecuteProduceConsume.java:148)
s3g_1       | 	at org.eclipse.jetty.util.thread.strategy.ExecuteProduceConsume.run(ExecuteProduceConsume.java:136)
s3g_1       | 	at org.eclipse.jetty.util.thread.QueuedThreadPool.runJob(QueuedThreadPool.java:671)
s3g_1       | 	at org.eclipse.jetty.util.thread.QueuedThreadPool$2.run(QueuedThreadPool.java:589)
s3g_1       | 	at java.base/java.lang.Thread.run(Thread.java:834)
s3g_1       | 2019-11-15 04:59:21,464 INFO io.BlockOutputStreamEntryPool: Allocating block with ExcludeList {datanodes = [], containerIds = [], pipelineIds = []}
s3g_1       | 2019-11-15 04:59:22,475 INFO io.BlockOutputStreamEntryPool: Allocating block with ExcludeList {datanodes = [], containerIds = [], pipelineIds = []}
s3g_1       | 2019-11-15 04:59:23,425 INFO io.BlockOutputStreamEntryPool: Allocating block with ExcludeList {datanodes = [], containerIds = [], pipelineIds = []}
s3g_1       | 2019-11-15 04:59:24,362 ERROR endpoint.ObjectEndpoint: Error in Complete Multipart Upload Request for bucket: bucket-85295, key: multipartKey3
s3g_1       | INVALID_PART org.apache.hadoop.ozone.om.exceptions.OMException: Complete Multipart Upload Failed: volume: s37c35ba70126b04fca007e4dbfab9c47cbucket: bucket-85295key: multipartKey3
s3g_1       | 	at org.apache.hadoop.ozone.om.protocolPB.OzoneManagerProtocolClientSideTranslatorPB.handleError(OzoneManagerProtocolClientSideTranslatorPB.java:761)
s3g_1       | 	at org.apache.hadoop.ozone.om.protocolPB.OzoneManagerProtocolClientSideTranslatorPB.completeMultipartUpload(OzoneManagerProtocolClientSideTranslatorPB.java:1133)
s3g_1       | 	at java.base/jdk.internal.reflect.NativeMethodAccessorImpl.invoke0(Native Method)
s3g_1       | 	at java.base/jdk.internal.reflect.NativeMethodAccessorImpl.invoke(NativeMethodAccessorImpl.java:62)
s3g_1       | 	at java.base/jdk.internal.reflect.DelegatingMethodAccessorImpl.invoke(DelegatingMethodAccessorImpl.java:43)
s3g_1       | 	at java.base/java.lang.reflect.Method.invoke(Method.java:566)
s3g_1       | 	at org.apache.hadoop.hdds.tracing.TraceAllMethod.invoke(TraceAllMethod.java:66)
s3g_1       | 	at com.sun.proxy.$Proxy84.completeMultipartUpload(Unknown Source)
s3g_1       | 	at org.apache.hadoop.ozone.client.rpc.RpcClient.completeMultipartUpload(RpcClient.java:913)
s3g_1       | 	at org.apache.hadoop.ozone.client.OzoneBucket.completeMultipartUpload(OzoneBucket.java:445)
s3g_1       | 	at org.apache.hadoop.ozone.s3.endpoint.ObjectEndpoint.completeMultipartUpload(ObjectEndpoint.java:500)
s3g_1       | 	at java.base/jdk.internal.reflect.NativeMethodAccessorImpl.invoke0(Native Method)
s3g_1       | 	at java.base/jdk.internal.reflect.NativeMethodAccessorImpl.invoke(NativeMethodAccessorImpl.java:62)
s3g_1       | 	at java.base/jdk.internal.reflect.DelegatingMethodAccessorImpl.invoke(DelegatingMethodAccessorImpl.java:43)
s3g_1       | 	at java.base/java.lang.reflect.Method.invoke(Method.java:566)
s3g_1       | 	at org.glassfish.jersey.server.model.internal.ResourceMethodInvocationHandlerFactory.lambda$static$0(ResourceMethodInvocationHandlerFactory.java:76)
s3g_1       | 	at org.glassfish.jersey.server.model.internal.AbstractJavaResourceMethodDispatcher$1.run(AbstractJavaResourceMethodDispatcher.java:148)
s3g_1       | 	at org.glassfish.jersey.server.model.internal.AbstractJavaResourceMethodDispatcher.invoke(AbstractJavaResourceMethodDispatcher.java:191)
s3g_1       | 	at org.glassfish.jersey.server.model.internal.JavaResourceMethodDispatcherProvider$ResponseOutInvoker.doDispatch(JavaResourceMethodDispatcherProvider.java:200)
s3g_1       | 	at org.glassfish.jersey.server.model.internal.AbstractJavaResourceMethodDispatcher.dispatch(AbstractJavaResourceMethodDispatcher.java:103)
s3g_1       | 	at org.glassfish.jersey.server.model.ResourceMethodInvoker.invoke(ResourceMethodInvoker.java:493)
s3g_1       | 	at org.glassfish.jersey.server.model.ResourceMethodInvoker.apply(ResourceMethodInvoker.java:415)
s3g_1       | 	at org.glassfish.jersey.server.model.ResourceMethodInvoker.apply(ResourceMethodInvoker.java:104)
s3g_1       | 	at org.glassfish.jersey.server.ServerRuntime$1.run(ServerRuntime.java:277)
s3g_1       | 	at org.glassfish.jersey.internal.Errors$1.call(Errors.java:272)
s3g_1       | 	at org.glassfish.jersey.internal.Errors$1.call(Errors.java:268)
s3g_1       | 	at org.glassfish.jersey.internal.Errors.process(Errors.java:316)
s3g_1       | 	at org.glassfish.jersey.internal.Errors.process(Errors.java:298)
s3g_1       | 	at org.glassfish.jersey.internal.Errors.process(Errors.java:268)
s3g_1       | 	at org.glassfish.jersey.process.internal.RequestScope.runInScope(RequestScope.java:289)
s3g_1       | 	at org.glassfish.jersey.server.ServerRuntime.process(ServerRuntime.java:256)
s3g_1       | 	at org.glassfish.jersey.server.ApplicationHandler.handle(ApplicationHandler.java:703)
s3g_1       | 	at org.glassfish.jersey.servlet.WebComponent.serviceImpl(WebComponent.java:416)
s3g_1       | 	at org.glassfish.jersey.servlet.WebComponent.service(WebComponent.java:370)
s3g_1       | 	at org.glassfish.jersey.servlet.ServletContainer.service(ServletContainer.java:389)
s3g_1       | 	at org.glassfish.jersey.servlet.ServletContainer.service(ServletContainer.java:342)
s3g_1       | 	at org.glassfish.jersey.servlet.ServletContainer.service(ServletContainer.java:229)
s3g_1       | 	at org.eclipse.jetty.servlet.ServletHolder.handle(ServletHolder.java:840)
s3g_1       | 	at org.eclipse.jetty.servlet.ServletHandler$CachedChain.doFilter(ServletHandler.java:1780)
s3g_1       | 	at org.apache.hadoop.http.HttpServer2$QuotingInputFilter.doFilter(HttpServer2.java:1609)
s3g_1       | 	at org.eclipse.jetty.servlet.ServletHandler$CachedChain.doFilter(ServletHandler.java:1767)
s3g_1       | 	at org.apache.hadoop.http.NoCacheFilter.doFilter(NoCacheFilter.java:45)
s3g_1       | 	at org.eclipse.jetty.servlet.ServletHandler$CachedChain.doFilter(ServletHandler.java:1767)
s3g_1       | 	at org.eclipse.jetty.servlet.ServletHandler.doHandle(ServletHandler.java:583)
s3g_1       | 	at org.eclipse.jetty.server.handler.ScopedHandler.handle(ScopedHandler.java:143)
s3g_1       | 	at org.eclipse.jetty.security.SecurityHandler.handle(SecurityHandler.java:548)
s3g_1       | 	at org.eclipse.jetty.server.session.SessionHandler.doHandle(SessionHandler.java:226)
s3g_1       | 	at org.eclipse.jetty.server.handler.ContextHandler.doHandle(ContextHandler.java:1180)
s3g_1       | 	at org.eclipse.jetty.servlet.ServletHandler.doScope(ServletHandler.java:513)
s3g_1       | 	at org.eclipse.jetty.server.session.SessionHandler.doScope(SessionHandler.java:185)
s3g_1       | 	at org.eclipse.jetty.server.handler.ContextHandler.doScope(ContextHandler.java:1112)
s3g_1       | 	at org.eclipse.jetty.server.handler.ScopedHandler.handle(ScopedHandler.java:141)
s3g_1       | 	at org.eclipse.jetty.server.handler.HandlerCollection.handle(HandlerCollection.java:119)
s3g_1       | 	at org.eclipse.jetty.server.handler.HandlerWrapper.handle(HandlerWrapper.java:134)
s3g_1       | 	at org.eclipse.jetty.server.Server.handle(Server.java:539)
s3g_1       | 	at org.eclipse.jetty.server.HttpChannel.handle(HttpChannel.java:333)
s3g_1       | 	at org.eclipse.jetty.server.HttpConnection.onFillable(HttpConnection.java:251)
s3g_1       | 	at org.eclipse.jetty.io.AbstractConnection$ReadCallback.succeeded(AbstractConnection.java:283)
s3g_1       | 	at org.eclipse.jetty.io.FillInterest.fillable(FillInterest.java:108)
s3g_1       | 	at org.eclipse.jetty.io.SelectChannelEndPoint$2.run(SelectChannelEndPoint.java:93)
s3g_1       | 	at org.eclipse.jetty.util.thread.strategy.ExecuteProduceConsume.executeProduceConsume(ExecuteProduceConsume.java:303)
s3g_1       | 	at org.eclipse.jetty.util.thread.strategy.ExecuteProduceConsume.produceConsume(ExecuteProduceConsume.java:148)
s3g_1       | 	at org.eclipse.jetty.util.thread.strategy.ExecuteProduceConsume.run(ExecuteProduceConsume.java:136)
s3g_1       | 	at org.eclipse.jetty.util.thread.QueuedThreadPool.runJob(QueuedThreadPool.java:671)
s3g_1       | 	at org.eclipse.jetty.util.thread.QueuedThreadPool$2.run(QueuedThreadPool.java:589)
s3g_1       | 	at java.base/java.lang.Thread.run(Thread.java:834)
s3g_1       | 2019-11-15 04:59:24,955 ERROR endpoint.ObjectEndpoint: Error in Complete Multipart Upload Request for bucket: bucket-85295, key: multipartKey3
s3g_1       | INVALID_PART org.apache.hadoop.ozone.om.exceptions.OMException: Complete Multipart Upload Failed: volume: s37c35ba70126b04fca007e4dbfab9c47cbucket: bucket-85295key: multipartKey3
s3g_1       | 	at org.apache.hadoop.ozone.om.protocolPB.OzoneManagerProtocolClientSideTranslatorPB.handleError(OzoneManagerProtocolClientSideTranslatorPB.java:761)
s3g_1       | 	at org.apache.hadoop.ozone.om.protocolPB.OzoneManagerProtocolClientSideTranslatorPB.completeMultipartUpload(OzoneManagerProtocolClientSideTranslatorPB.java:1133)
s3g_1       | 	at java.base/jdk.internal.reflect.NativeMethodAccessorImpl.invoke0(Native Method)
s3g_1       | 	at java.base/jdk.internal.reflect.NativeMethodAccessorImpl.invoke(NativeMethodAccessorImpl.java:62)
s3g_1       | 	at java.base/jdk.internal.reflect.DelegatingMethodAccessorImpl.invoke(DelegatingMethodAccessorImpl.java:43)
s3g_1       | 	at java.base/java.lang.reflect.Method.invoke(Method.java:566)
s3g_1       | 	at org.apache.hadoop.hdds.tracing.TraceAllMethod.invoke(TraceAllMethod.java:66)
s3g_1       | 	at com.sun.proxy.$Proxy84.completeMultipartUpload(Unknown Source)
s3g_1       | 	at org.apache.hadoop.ozone.client.rpc.RpcClient.completeMultipartUpload(RpcClient.java:913)
s3g_1       | 	at org.apache.hadoop.ozone.client.OzoneBucket.completeMultipartUpload(OzoneBucket.java:445)
s3g_1       | 	at org.apache.hadoop.ozone.s3.endpoint.ObjectEndpoint.completeMultipartUpload(ObjectEndpoint.java:500)
s3g_1       | 	at java.base/jdk.internal.reflect.NativeMethodAccessorImpl.invoke0(Native Method)
s3g_1       | 	at java.base/jdk.internal.reflect.NativeMethodAccessorImpl.invoke(NativeMethodAccessorImpl.java:62)
s3g_1       | 	at java.base/jdk.internal.reflect.DelegatingMethodAccessorImpl.invoke(DelegatingMethodAccessorImpl.java:43)
s3g_1       | 	at java.base/java.lang.reflect.Method.invoke(Method.java:566)
s3g_1       | 	at org.glassfish.jersey.server.model.internal.ResourceMethodInvocationHandlerFactory.lambda$static$0(ResourceMethodInvocationHandlerFactory.java:76)
s3g_1       | 	at org.glassfish.jersey.server.model.internal.AbstractJavaResourceMethodDispatcher$1.run(AbstractJavaResourceMethodDispatcher.java:148)
s3g_1       | 	at org.glassfish.jersey.server.model.internal.AbstractJavaResourceMethodDispatcher.invoke(AbstractJavaResourceMethodDispatcher.java:191)
s3g_1       | 	at org.glassfish.jersey.server.model.internal.JavaResourceMethodDispatcherProvider$ResponseOutInvoker.doDispatch(JavaResourceMethodDispatcherProvider.java:200)
s3g_1       | 	at org.glassfish.jersey.server.model.internal.AbstractJavaResourceMethodDispatcher.dispatch(AbstractJavaResourceMethodDispatcher.java:103)
s3g_1       | 	at org.glassfish.jersey.server.model.ResourceMethodInvoker.invoke(ResourceMethodInvoker.java:493)
s3g_1       | 	at org.glassfish.jersey.server.model.ResourceMethodInvoker.apply(ResourceMethodInvoker.java:415)
s3g_1       | 	at org.glassfish.jersey.server.model.ResourceMethodInvoker.apply(ResourceMethodInvoker.java:104)
s3g_1       | 	at org.glassfish.jersey.server.ServerRuntime$1.run(ServerRuntime.java:277)
s3g_1       | 	at org.glassfish.jersey.internal.Errors$1.call(Errors.java:272)
s3g_1       | 	at org.glassfish.jersey.internal.Errors$1.call(Errors.java:268)
s3g_1       | 	at org.glassfish.jersey.internal.Errors.process(Errors.java:316)
s3g_1       | 	at org.glassfish.jersey.internal.Errors.process(Errors.java:298)
s3g_1       | 	at org.glassfish.jersey.internal.Errors.process(Errors.java:268)
s3g_1       | 	at org.glassfish.jersey.process.internal.RequestScope.runInScope(RequestScope.java:289)
s3g_1       | 	at org.glassfish.jersey.server.ServerRuntime.process(ServerRuntime.java:256)
s3g_1       | 	at org.glassfish.jersey.server.ApplicationHandler.handle(ApplicationHandler.java:703)
s3g_1       | 	at org.glassfish.jersey.servlet.WebComponent.serviceImpl(WebComponent.java:416)
s3g_1       | 	at org.glassfish.jersey.servlet.WebComponent.service(WebComponent.java:370)
s3g_1       | 	at org.glassfish.jersey.servlet.ServletContainer.service(ServletContainer.java:389)
s3g_1       | 	at org.glassfish.jersey.servlet.ServletContainer.service(ServletContainer.java:342)
s3g_1       | 	at org.glassfish.jersey.servlet.ServletContainer.service(ServletContainer.java:229)
s3g_1       | 	at org.eclipse.jetty.servlet.ServletHolder.handle(ServletHolder.java:840)
s3g_1       | 	at org.eclipse.jetty.servlet.ServletHandler$CachedChain.doFilter(ServletHandler.java:1780)
s3g_1       | 	at org.apache.hadoop.http.HttpServer2$QuotingInputFilter.doFilter(HttpServer2.java:1609)
s3g_1       | 	at org.eclipse.jetty.servlet.ServletHandler$CachedChain.doFilter(ServletHandler.java:1767)
s3g_1       | 	at org.apache.hadoop.http.NoCacheFilter.doFilter(NoCacheFilter.java:45)
s3g_1       | 	at org.eclipse.jetty.servlet.ServletHandler$CachedChain.doFilter(ServletHandler.java:1767)
s3g_1       | 	at org.eclipse.jetty.servlet.ServletHandler.doHandle(ServletHandler.java:583)
s3g_1       | 	at org.eclipse.jetty.server.handler.ScopedHandler.handle(ScopedHandler.java:143)
s3g_1       | 	at org.eclipse.jetty.security.SecurityHandler.handle(SecurityHandler.java:548)
s3g_1       | 	at org.eclipse.jetty.server.session.SessionHandler.doHandle(SessionHandler.java:226)
s3g_1       | 	at org.eclipse.jetty.server.handler.ContextHandler.doHandle(ContextHandler.java:1180)
s3g_1       | 	at org.eclipse.jetty.servlet.ServletHandler.doScope(ServletHandler.java:513)
s3g_1       | 	at org.eclipse.jetty.server.session.SessionHandler.doScope(SessionHandler.java:185)
s3g_1       | 	at org.eclipse.jetty.server.handler.ContextHandler.doScope(ContextHandler.java:1112)
s3g_1       | 	at org.eclipse.jetty.server.handler.ScopedHandler.handle(ScopedHandler.java:141)
s3g_1       | 	at org.eclipse.jetty.server.handler.HandlerCollection.handle(HandlerCollection.java:119)
s3g_1       | 	at org.eclipse.jetty.server.handler.HandlerWrapper.handle(HandlerWrapper.java:134)
s3g_1       | 	at org.eclipse.jetty.server.Server.handle(Server.java:539)
s3g_1       | 	at org.eclipse.jetty.server.HttpChannel.handle(HttpChannel.java:333)
s3g_1       | 	at org.eclipse.jetty.server.HttpConnection.onFillable(HttpConnection.java:251)
s3g_1       | 	at org.eclipse.jetty.io.AbstractConnection$ReadCallback.succeeded(AbstractConnection.java:283)
s3g_1       | 	at org.eclipse.jetty.io.FillInterest.fillable(FillInterest.java:108)
s3g_1       | 	at org.eclipse.jetty.io.SelectChannelEndPoint$2.run(SelectChannelEndPoint.java:93)
s3g_1       | 	at org.eclipse.jetty.util.thread.strategy.ExecuteProduceConsume.executeProduceConsume(ExecuteProduceConsume.java:303)
s3g_1       | 	at org.eclipse.jetty.util.thread.strategy.ExecuteProduceConsume.produceConsume(ExecuteProduceConsume.java:148)
s3g_1       | 	at org.eclipse.jetty.util.thread.strategy.ExecuteProduceConsume.run(ExecuteProduceConsume.java:136)
s3g_1       | 	at org.eclipse.jetty.util.thread.QueuedThreadPool.runJob(QueuedThreadPool.java:671)
