scm_1       | STARTUP_MSG:   classpath = /etc/hadoop:/opt/hadoop/share/hadoop/common/*:/opt/hadoop/share/ozone/lib/kerb-simplekdc-1.0.1.jar:/opt/hadoop/share/ozone/lib/protobuf-java-2.5.0.jar:/opt/hadoop/share/ozone/lib/bcpkix-jdk15on-1.60.jar:/opt/hadoop/share/ozone/lib/commons-validator-1.6.jar:/opt/hadoop/share/ozone/lib/netty-3.10.5.Final.jar:/opt/hadoop/share/ozone/lib/kerb-core-1.0.1.jar:/opt/hadoop/share/ozone/lib/ratis-thirdparty-misc-0.2.0.jar:/opt/hadoop/share/ozone/lib/jsr305-3.0.0.jar:/opt/hadoop/share/ozone/lib/leveldbjni-all-1.8.jar:/opt/hadoop/share/ozone/lib/htrace-core4-4.1.0-incubating.jar:/opt/hadoop/share/ozone/lib/hadoop-annotations-3.2.0.jar:/opt/hadoop/share/ozone/lib/kerb-util-1.0.1.jar:/opt/hadoop/share/ozone/lib/jackson-jaxrs-1.9.13.jar:/opt/hadoop/share/ozone/lib/ratis-server-0.5.0-d6d58d0-SNAPSHOT.jar:/opt/hadoop/share/ozone/lib/kerby-xdr-1.0.1.jar:/opt/hadoop/share/ozone/lib/jetty-webapp-9.3.25.v20180904.jar:/opt/hadoop/share/ozone/lib/jackson-core-asl-1.9.13.jar:/opt/hadoop/share/ozone/lib/commons-net-3.6.jar:/opt/hadoop/share/ozone/lib/log4j-api-2.11.0.jar:/opt/hadoop/share/ozone/lib/netty-all-4.0.52.Final.jar:/opt/hadoop/share/ozone/lib/hamcrest-all-1.3.jar:/opt/hadoop/share/ozone/lib/jline-0.9.94.jar:/opt/hadoop/share/ozone/lib/hadoop-hdfs-3.2.0.jar:/opt/hadoop/share/ozone/lib/opentracing-api-0.31.0.jar:/opt/hadoop/share/ozone/lib/hadoop-hdds-server-framework-0.5.0-SNAPSHOT.jar:/opt/hadoop/share/ozone/lib/slf4j-log4j12-1.7.25.jar:/opt/hadoop/share/ozone/lib/hadoop-hdfs-client-3.2.0.jar:/opt/hadoop/share/ozone/lib/kerby-config-1.0.1.jar:/opt/hadoop/share/ozone/lib/jetty-util-9.3.25.v20180904.jar:/opt/hadoop/share/ozone/lib/libthrift-0.12.0.jar:/opt/hadoop/share/ozone/lib/metrics-core-3.2.4.jar:/opt/hadoop/share/ozone/lib/kerby-pkix-1.0.1.jar:/opt/hadoop/share/ozone/lib/xz-1.0.jar:/opt/hadoop/share/ozone/lib/hadoop-hdds-config-0.5.0-SNAPSHOT.jar:/opt/hadoop/share/ozone/lib/nimbus-jose-jwt-4.41.1.jar:/opt/hadoop/share/ozone/lib/jsr311-api-1.1.1.jar:/opt/hadoop/share/ozone/lib/commons-beanutils-1.9.4.jar:/opt/hadoop/share/ozone/lib/ratis-grpc-0.5.0-d6d58d0-SNAPSHOT.jar:/opt/hadoop/share/ozone/lib/ratis-netty-0.5.0-d6d58d0-SNAPSHOT.jar:/opt/hadoop/share/ozone/lib/javax.servlet-api-3.1.0.jar:/opt/hadoop/share/ozone/lib/kerb-server-1.0.1.jar:/opt/hadoop/share/ozone/lib/zookeeper-3.4.13.jar:/opt/hadoop/share/ozone/lib/avro-1.7.7.jar:/opt/hadoop/share/ozone/lib/kerb-client-1.0.1.jar:/opt/hadoop/share/ozone/lib/jackson-xc-1.9.13.jar:/opt/hadoop/share/ozone/lib/disruptor-3.4.2.jar:/opt/hadoop/share/ozone/lib/guava-11.0.2.jar:/opt/hadoop/share/ozone/lib/ratis-client-0.5.0-d6d58d0-SNAPSHOT.jar:/opt/hadoop/share/ozone/lib/hadoop-hdds-common-0.5.0-SNAPSHOT.jar:/opt/hadoop/share/ozone/lib/curator-framework-2.12.0.jar:/opt/hadoop/share/ozone/lib/dnsjava-2.1.7.jar:/opt/hadoop/share/ozone/lib/commons-configuration2-2.1.1.jar:/opt/hadoop/share/ozone/lib/json-smart-2.3.jar:/opt/hadoop/share/ozone/lib/token-provider-1.0.1.jar:/opt/hadoop/share/ozone/lib/log4j-1.2.17.jar:/opt/hadoop/share/ozone/lib/commons-daemon-1.0.13.jar:/opt/hadoop/share/ozone/lib/bcprov-jdk15on-1.60.jar:/opt/hadoop/share/ozone/lib/ratis-metrics-0.5.0-d6d58d0-SNAPSHOT.jar:/opt/hadoop/share/ozone/lib/commons-lang3-3.7.jar:/opt/hadoop/share/ozone/lib/jaeger-client-0.34.0.jar:/opt/hadoop/share/ozone/lib/jetty-server-9.3.25.v20180904.jar:/opt/hadoop/share/ozone/lib/commons-compress-1.4.1.jar:/opt/hadoop/share/ozone/lib/accessors-smart-1.2.jar:/opt/hadoop/share/ozone/lib/re2j-1.1.jar:/opt/hadoop/share/ozone/lib/curator-recipes-2.12.0.jar:/opt/hadoop/share/ozone/lib/jackson-core-2.9.9.jar:/opt/hadoop/share/ozone/lib/commons-math3-3.1.1.jar:/opt/hadoop/share/ozone/lib/opentracing-noop-0.31.0.jar:/opt/hadoop/share/ozone/lib/httpclient-4.5.2.jar:/opt/hadoop/share/ozone/lib/jaeger-core-0.34.0.jar:/opt/hadoop/share/ozone/lib/asm-5.0.4.jar:/opt/hadoop/share/ozone/lib/curator-client-2.12.0.jar:/opt/hadoop/share/ozone/lib/audience-annotations-0.5.0.jar:/opt/hadoop/share/ozone/lib/kerby-util-1.0.1.jar:/opt/hadoop/share/ozone/lib/jackson-mapper-asl-1.9.13.jar:/opt/hadoop/share/ozone/lib/rocksdbjni-6.0.1.jar:/opt/hadoop/share/ozone/lib/jsp-api-2.1.jar:/opt/hadoop/share/ozone/lib/jsch-0.1.54.jar:/opt/hadoop/share/ozone/lib/opentracing-tracerresolver-0.1.5.jar:/opt/hadoop/share/ozone/lib/paranamer-2.3.jar:/opt/hadoop/share/ozone/lib/log4j-core-2.11.0.jar:/opt/hadoop/share/ozone/lib/jetty-io-9.3.25.v20180904.jar:/opt/hadoop/share/ozone/lib/jetty-xml-9.3.25.v20180904.jar:/opt/hadoop/share/ozone/lib/commons-codec-1.11.jar:/opt/hadoop/share/ozone/lib/commons-pool2-2.6.0.jar:/opt/hadoop/share/ozone/lib/gson-2.2.4.jar:/opt/hadoop/share/ozone/lib/jcip-annotations-1.0-1.jar:/opt/hadoop/share/ozone/lib/kerb-admin-1.0.1.jar:/opt/hadoop/share/ozone/lib/okio-1.13.0.jar:/opt/hadoop/share/ozone/lib/commons-io-2.5.jar:/opt/hadoop/share/ozone/lib/snakeyaml-1.16.jar:/opt/hadoop/share/ozone/lib/jersey-core-1.19.jar:/opt/hadoop/share/ozone/lib/jackson-databind-2.9.9.jar:/opt/hadoop/share/ozone/lib/hadoop-hdds-container-service-0.5.0-SNAPSHOT.jar:/opt/hadoop/share/ozone/lib/picocli-3.9.6.jar:/opt/hadoop/share/ozone/lib/jaeger-thrift-0.34.0.jar:/opt/hadoop/share/ozone/lib/ratis-common-0.5.0-d6d58d0-SNAPSHOT.jar:/opt/hadoop/share/ozone/lib/commons-cli-1.2.jar:/opt/hadoop/share/ozone/lib/jackson-annotations-2.9.9.jar:/opt/hadoop/share/ozone/lib/hadoop-hdds-docs-0.5.0-SNAPSHOT.jar:/opt/hadoop/share/ozone/lib/woodstox-core-5.0.3.jar:/opt/hadoop/share/ozone/lib/javax.annotation-api-1.2.jar:/opt/hadoop/share/ozone/lib/snappy-java-1.0.5.jar:/opt/hadoop/share/ozone/lib/jaeger-tracerresolver-0.34.0.jar:/opt/hadoop/share/ozone/lib/jetty-security-9.3.25.v20180904.jar:/opt/hadoop/share/ozone/lib/jetty-http-9.3.25.v20180904.jar:/opt/hadoop/share/ozone/lib/kerby-asn1-1.0.1.jar:/opt/hadoop/share/ozone/lib/okhttp-3.9.0.jar:/opt/hadoop/share/ozone/lib/stax2-api-3.1.4.jar:/opt/hadoop/share/ozone/lib/commons-digester-1.8.1.jar:/opt/hadoop/share/ozone/lib/commons-collections-3.2.2.jar:/opt/hadoop/share/ozone/lib/jettison-1.1.jar:/opt/hadoop/share/ozone/lib/commons-text-1.4.jar:/opt/hadoop/share/ozone/lib/jersey-servlet-1.19.jar:/opt/hadoop/share/ozone/lib/jersey-json-1.19.jar:/opt/hadoop/share/ozone/lib/slf4j-api-1.7.25.jar:/opt/hadoop/share/ozone/lib/commons-logging-1.1.3.jar:/opt/hadoop/share/ozone/lib/jetty-util-ajax-9.3.25.v20180904.jar:/opt/hadoop/share/ozone/lib/hadoop-hdds-client-0.5.0-SNAPSHOT.jar:/opt/hadoop/share/ozone/lib/kerb-identity-1.0.1.jar:/opt/hadoop/share/ozone/lib/ratis-proto-0.5.0-d6d58d0-SNAPSHOT.jar:/opt/hadoop/share/ozone/lib/opentracing-util-0.31.0.jar:/opt/hadoop/share/ozone/lib/hadoop-common-3.2.0.jar:/opt/hadoop/share/ozone/lib/hadoop-auth-3.2.0.jar:/opt/hadoop/share/ozone/lib/kerb-common-1.0.1.jar:/opt/hadoop/share/ozone/lib/jetty-servlet-9.3.25.v20180904.jar:/opt/hadoop/share/ozone/lib/jersey-server-1.19.jar:/opt/hadoop/share/ozone/lib/kerb-crypto-1.0.1.jar:/opt/hadoop/share/ozone/lib/httpcore-4.4.4.jar:/opt/hadoop/share/ozone/web:/opt/hadoop/share/ozone/lib/hadoop-hdds-server-scm-0.5.0-SNAPSHOT.jar
s3g_1       | 2019-11-15 03:42:26,014 INFO handler.ContextHandler: Started o.e.j.s.ServletContextHandler@7975d1d8{/logs,file:///var/log/hadoop/,AVAILABLE}
datanode_2  | 2019-11-15 03:42:28,056 INFO client.DNCertificateClient: Creating keypair for client as keypair and certificate not found.
recon_1     | 	at picocli.CommandLine$RunLast.handle(CommandLine.java:1335)
kms_1       | [libdefaults]
kdc_1       | Entry for principal scm/s3g@EXAMPLE.COM with kvno 2, encryption type aes128-cts-hmac-sha1-96 added to keytab WRFILE:/data/scm.s3g.keytab.
datanode_1  | 2019-11-15 03:42:29,672 INFO ozone.HddsDatanodeService: Initializing secure Datanode.
datanode_3  | 2019-11-15 03:42:29,608 INFO ozone.HddsDatanodeService: Initializing secure Datanode.
om_1        | 2019-11-15 03:42:37,197 INFO ha.OMHANodeDetails: OM Service ID is not set. Setting it to the default ID: omServiceIdDefault
scm_1       | STARTUP_MSG:   build = https://github.com/apache/hadoop.git -r e97acb3bd8f3befd27418996fa5d4b50bf2e17bf; compiled by 'sunilg' on 2019-01-15T17:34Z
s3g_1       | 2019-11-15 03:42:26,015 INFO handler.ContextHandler: Started o.e.j.s.ServletContextHandler@50029372{/static,jar:file:/opt/hadoop/share/ozone/lib/hadoop-ozone-s3gateway-0.5.0-SNAPSHOT.jar!/webapps/static,AVAILABLE}
kms_1       |  dns_canonicalize_hostname = false
kdc_1       | Generiting keytab
datanode_1  | 2019-11-15 03:42:29,672 ERROR client.DNCertificateClient: Default certificate serial id is not set. Can't locate the default certificate for this client.
datanode_2  | 2019-11-15 03:42:28,843 INFO ozone.HddsDatanodeService: Init response: GETCERT
datanode_3  | 2019-11-15 03:42:29,608 ERROR client.DNCertificateClient: Default certificate serial id is not set. Can't locate the default certificate for this client.
recon_1     | 	at picocli.CommandLine$AbstractParseResultHandler.handleParseResult(CommandLine.java:1243)
om_1        | 2019-11-15 03:42:37,202 WARN server.ServerUtils: ozone.om.db.dirs is not configured. We recommend adding this setting. Falling back to ozone.metadata.dirs instead.
scm_1       | STARTUP_MSG:   java = 11.0.3
s3g_1       | ERROR StatusLogger No Log4j 2 configuration file found. Using default configuration (logging only errors to the console), or user programmatically provided configurations. Set system property 'log4j2.debug' to show Log4j 2 internal initialization logging. See https://logging.apache.org/log4j/2.x/manual/configuration.html for instructions on how to configure Log4j 2
kms_1       |  dns_lookup_realm = false
kdc_1       | Authenticating as principal admin/admin with keytab /tmp/admin.keytab.
datanode_1  | 2019-11-15 03:42:29,672 INFO client.DNCertificateClient: Certificate client init case: 0
datanode_2  | 2019-11-15 03:42:28,864 INFO ozone.OzoneSecurityUtil: Adding ip:172.19.0.7,host:db8790fa8c21
datanode_3  | 2019-11-15 03:42:29,609 INFO client.DNCertificateClient: Certificate client init case: 0
recon_1     | 	at picocli.CommandLine.parseWithHandlers(CommandLine.java:1526)
scm_1       | ************************************************************/
s3g_1       | 2019-11-15 03:42:28,818 INFO server.KerberosAuthenticationHandler: Using keytab /etc/security/keytabs/HTTP.keytab, for principal HTTP/s3g@EXAMPLE.COM
om_1        | WARNING: An illegal reflective access operation has occurred
kms_1       |  ticket_lifetime = 24h
kdc_1       | WARNING: no policy specified for dn/834c397bd6b6@EXAMPLE.COM; defaulting to no policy
datanode_1  | 2019-11-15 03:42:29,673 INFO client.DNCertificateClient: Creating keypair for client as keypair and certificate not found.
datanode_2  | 2019-11-15 03:42:28,865 INFO ozone.OzoneSecurityUtil: ip:127.0.0.1,host:localhost not returned.
datanode_3  | 2019-11-15 03:42:29,610 INFO client.DNCertificateClient: Creating keypair for client as keypair and certificate not found.
recon_1     | 	at picocli.CommandLine.parseWithHandler(CommandLine.java:1465)
scm_1       | 2019-11-15 03:42:30,154 INFO server.StorageContainerManagerStarter: registered UNIX signal handlers for [TERM, HUP, INT]
s3g_1       | Nov 15, 2019 3:42:29 AM org.glassfish.jersey.internal.Errors logErrors
om_1        | WARNING: Illegal reflective access by org.apache.hadoop.security.authentication.util.KerberosUtil (file:/opt/hadoop/share/ozone/lib/hadoop-auth-3.2.0.jar) to method sun.security.krb5.Config.getInstance()
kms_1       |  renew_lifetime = 7d
kdc_1       | Principal "dn/834c397bd6b6@EXAMPLE.COM" created.
datanode_1  | 2019-11-15 03:42:30,052 INFO ozone.HddsDatanodeService: Init response: GETCERT
datanode_2  | 2019-11-15 03:42:28,870 INFO ozone.HddsDatanodeService: Creating csr for DN-> subject:root@db8790fa8c21
datanode_3  | 2019-11-15 03:42:30,064 INFO ozone.HddsDatanodeService: Init response: GETCERT
scm_1       | 2019-11-15 03:42:30,238 WARN server.ServerUtils: ozone.scm.db.dirs is not configured. We recommend adding this setting. Falling back to ozone.metadata.dirs instead.
om_1        | WARNING: Please consider reporting this to the maintainers of org.apache.hadoop.security.authentication.util.KerberosUtil
s3g_1       | WARNING: The following warnings have been detected: WARNING: A HTTP GET method, public javax.ws.rs.core.Response org.apache.hadoop.ozone.s3.endpoint.ObjectEndpoint.get(java.lang.String,java.lang.String,java.lang.String,int,java.lang.String,java.io.InputStream) throws java.io.IOException,org.apache.hadoop.ozone.s3.exception.OS3Exception, should not consume any entity.
recon_1     | 	at org.apache.hadoop.hdds.cli.GenericCli.execute(GenericCli.java:65)
kms_1       |  forwardable = true
kdc_1       | Authenticating as principal admin/admin with keytab /tmp/admin.keytab.
datanode_1  | 2019-11-15 03:42:30,064 INFO ozone.OzoneSecurityUtil: Adding ip:172.19.0.4,host:004ff7ea21a8
datanode_2  | 2019-11-15 03:42:30,119 INFO ipc.Client: Retrying connect to server: scm/172.19.0.9:9961. Already tried 0 time(s); retry policy is RetryUpToMaximumCountWithFixedSleep(maxRetries=2147483647, sleepTime=1000 MILLISECONDS)
datanode_3  | 2019-11-15 03:42:30,072 INFO ozone.OzoneSecurityUtil: Adding ip:172.19.0.5,host:834c397bd6b6
om_1        | WARNING: Use --illegal-access=warn to enable warnings of further illegal reflective access operations
s3g_1       | 
scm_1       | WARNING: An illegal reflective access operation has occurred
recon_1     | 	at org.apache.hadoop.hdds.cli.GenericCli.run(GenericCli.java:56)
kms_1       |  rdns = false
kdc_1       | Entry for principal dn/834c397bd6b6@EXAMPLE.COM with kvno 2, encryption type aes256-cts-hmac-sha1-96 added to keytab WRFILE:/data/dn.834c397bd6b6.keytab.
datanode_1  | 2019-11-15 03:42:30,064 INFO ozone.OzoneSecurityUtil: ip:127.0.0.1,host:localhost not returned.
datanode_2  | 2019-11-15 03:42:31,121 INFO ipc.Client: Retrying connect to server: scm/172.19.0.9:9961. Already tried 1 time(s); retry policy is RetryUpToMaximumCountWithFixedSleep(maxRetries=2147483647, sleepTime=1000 MILLISECONDS)
datanode_3  | 2019-11-15 03:42:30,072 INFO ozone.OzoneSecurityUtil: ip:127.0.0.1,host:localhost not returned.
om_1        | WARNING: All illegal access operations will be denied in a future release
s3g_1       | 2019-11-15 03:42:29,782 INFO handler.ContextHandler: Started o.e.j.w.WebAppContext@385dfb63{/,file:///tmp/jetty-0.0.0.0-9878-s3gateway-_-any-7170711913607230452.dir/webapp/,AVAILABLE}{/s3gateway}
scm_1       | WARNING: Illegal reflective access by org.apache.hadoop.security.authentication.util.KerberosUtil (file:/opt/hadoop/share/ozone/lib/hadoop-auth-3.2.0.jar) to method sun.security.krb5.Config.getInstance()
recon_1     | 	at org.apache.hadoop.ozone.recon.ReconServer.main(ReconServer.java:52)
kdc_1       | Entry for principal dn/834c397bd6b6@EXAMPLE.COM with kvno 2, encryption type aes128-cts-hmac-sha1-96 added to keytab WRFILE:/data/dn.834c397bd6b6.keytab.
datanode_1  | 2019-11-15 03:42:30,068 INFO ozone.HddsDatanodeService: Creating csr for DN-> subject:root@004ff7ea21a8
datanode_3  | 2019-11-15 03:42:30,075 INFO ozone.HddsDatanodeService: Creating csr for DN-> subject:root@834c397bd6b6
datanode_2  | 2019-11-15 03:42:32,123 INFO ipc.Client: Retrying connect to server: scm/172.19.0.9:9961. Already tried 2 time(s); retry policy is RetryUpToMaximumCountWithFixedSleep(maxRetries=2147483647, sleepTime=1000 MILLISECONDS)
kms_1       |  default_realm = EXAMPLE.COM
om_1        | 2019-11-15 03:42:37,422 INFO security.UserGroupInformation: Login successful for user om/om@EXAMPLE.COM using keytab file /etc/security/keytabs/om.keytab
s3g_1       | 2019-11-15 03:42:29,788 INFO server.AbstractConnector: Started ServerConnector@7d42404e{HTTP/1.1,[http/1.1]}{0.0.0.0:9878}
scm_1       | WARNING: Please consider reporting this to the maintainers of org.apache.hadoop.security.authentication.util.KerberosUtil
recon_1     | 2019-11-15 03:42:48,750 INFO recon.ReconServer: Stopping Recon server
kdc_1       | Generiting keytab
datanode_1  | 2019-11-15 03:42:31,269 INFO ipc.Client: Retrying connect to server: scm/172.19.0.9:9961. Already tried 0 time(s); retry policy is RetryUpToMaximumCountWithFixedSleep(maxRetries=2147483647, sleepTime=1000 MILLISECONDS)
datanode_3  | 2019-11-15 03:42:31,260 INFO ipc.Client: Retrying connect to server: scm/172.19.0.9:9961. Already tried 0 time(s); retry policy is RetryUpToMaximumCountWithFixedSleep(maxRetries=2147483647, sleepTime=1000 MILLISECONDS)
datanode_2  | 2019-11-15 03:42:34,512 INFO ozone.HddsDatanodeService: Successfully stored SCM signed certificate, case:GETCERT.
kms_1       | 
s3g_1       | 2019-11-15 03:42:29,789 INFO server.Server: Started @5085ms
om_1        | 2019-11-15 03:42:37,422 INFO om.OzoneManager: Ozone Manager login successful.
scm_1       | WARNING: Use --illegal-access=warn to enable warnings of further illegal reflective access operations
recon_1     | java.lang.NullPointerException
kdc_1       | Authenticating as principal admin/admin with keytab /tmp/admin.keytab.
datanode_1  | 2019-11-15 03:42:32,270 INFO ipc.Client: Retrying connect to server: scm/172.19.0.9:9961. Already tried 1 time(s); retry policy is RetryUpToMaximumCountWithFixedSleep(maxRetries=2147483647, sleepTime=1000 MILLISECONDS)
datanode_3  | 2019-11-15 03:42:32,262 INFO ipc.Client: Retrying connect to server: scm/172.19.0.9:9961. Already tried 1 time(s); retry policy is RetryUpToMaximumCountWithFixedSleep(maxRetries=2147483647, sleepTime=1000 MILLISECONDS)
datanode_2  | 2019-11-15 03:42:34,593 INFO volume.HddsVolume: Creating Volume: /data/hdds/hdds of  storage type : DISK and capacity : 10908285698048
kms_1       | [realms]
s3g_1       | 2019-11-15 03:42:29,793 INFO server.BaseHttpServer: HTTP server of S3GATEWAY is listening at http://0.0.0.0:9878
om_1        | 2019-11-15 03:42:37,423 WARN server.ServerUtils: ozone.om.db.dirs is not configured. We recommend adding this setting. Falling back to ozone.metadata.dirs instead.
scm_1       | WARNING: All illegal access operations will be denied in a future release
recon_1     | 	at org.apache.hadoop.ozone.recon.ReconServer.stop(ReconServer.java:115)
kdc_1       | WARNING: no policy specified for dn/004ff7ea21a8@EXAMPLE.COM; defaulting to no policy
datanode_1  | 2019-11-15 03:42:34,416 INFO ozone.HddsDatanodeService: Successfully stored SCM signed certificate, case:GETCERT.
datanode_3  | 2019-11-15 03:42:34,499 INFO ozone.HddsDatanodeService: Successfully stored SCM signed certificate, case:GETCERT.
datanode_2  | 2019-11-15 03:42:34,594 INFO volume.VolumeSet: Added Volume : /data/hdds/hdds to VolumeSet
kms_1       |  EXAMPLE.COM = {
s3g_1       | 2019-11-15 03:49:51,504 INFO endpoint.BucketEndpoint: Location is /bucket-test123
om_1        | 2019-11-15 03:42:38,373 INFO client.OMCertificateClient: Loading certificate from location:/data/metadata/om/certs.
scm_1       | 2019-11-15 03:42:30,487 INFO security.UserGroupInformation: Login successful for user scm/scm@EXAMPLE.COM using keytab file /etc/security/keytabs/scm.keytab
recon_1     | 	at org.apache.hadoop.ozone.recon.ReconServer.call(ReconServer.java:100)
kdc_1       | Principal "dn/004ff7ea21a8@EXAMPLE.COM" created.
datanode_1  | 2019-11-15 03:42:34,525 INFO volume.HddsVolume: Creating Volume: /data/hdds/hdds of  storage type : DISK and capacity : 10908285698048
datanode_3  | 2019-11-15 03:42:34,599 INFO volume.HddsVolume: Creating Volume: /data/hdds/hdds of  storage type : DISK and capacity : 10908285698048
datanode_2  | 2019-11-15 03:42:34,602 INFO volume.ThrottledAsyncChecker: Scheduling a check for /data/hdds/hdds
kms_1       |   kdc = kdc
s3g_1       | 2019-11-15 03:49:54,683 WARN ipc.Client: Exception encountered while connecting to the server : org.apache.hadoop.ipc.RemoteException(org.apache.hadoop.security.token.SecretManager$InvalidToken): No S3 secret found for S3 identifier:OzoneToken owner=dlfknslnfslf, renewer=, realUser=, issueDate=0, maxDate=0, sequenceNumber=0, masterKeyId=0, strToSign=AWS4-HMAC-SHA256
om_1        | 2019-11-15 03:42:38,480 INFO client.OMCertificateClient: Added certificate from file:/data/metadata/om/certs/CA-1.crt.
scm_1       | 2019-11-15 03:42:30,488 INFO server.StorageContainerManager: SCM login successful.
recon_1     | 	at org.apache.hadoop.ozone.recon.ReconServer.call(ReconServer.java:41)
kdc_1       | Authenticating as principal admin/admin with keytab /tmp/admin.keytab.
datanode_1  | 2019-11-15 03:42:34,527 INFO volume.VolumeSet: Added Volume : /data/hdds/hdds to VolumeSet
datanode_3  | 2019-11-15 03:42:34,601 INFO volume.VolumeSet: Added Volume : /data/hdds/hdds to VolumeSet
datanode_2  | 2019-11-15 03:42:34,621 INFO volume.HddsVolumeChecker: Scheduled health check for volume /data/hdds/hdds
kms_1       |   admin_server = kdc
s3g_1       | 20191115T034954Z
om_1        | 2019-11-15 03:42:38,484 INFO client.OMCertificateClient: Added certificate from file:/data/metadata/om/certs/14136141371244904.crt.
scm_1       | 2019-11-15 03:42:30,489 WARN server.ServerUtils: ozone.scm.db.dirs is not configured. We recommend adding this setting. Falling back to ozone.metadata.dirs instead.
recon_1     | 	at picocli.CommandLine.execute(CommandLine.java:1173)
kdc_1       | Entry for principal dn/004ff7ea21a8@EXAMPLE.COM with kvno 2, encryption type aes256-cts-hmac-sha1-96 added to keytab WRFILE:/data/dn.004ff7ea21a8.keytab.
datanode_1  | 2019-11-15 03:42:34,534 INFO volume.ThrottledAsyncChecker: Scheduling a check for /data/hdds/hdds
datanode_3  | 2019-11-15 03:42:34,609 INFO volume.ThrottledAsyncChecker: Scheduling a check for /data/hdds/hdds
datanode_2  | 2019-11-15 03:42:35,096 WARN scm.HddsServerUtil: Storage directory for Ratis is not configured. It is a good idea to map this to an SSD disk. Falling back to ozone.metadata.dirs
kms_1       |  }
s3g_1       | 20191115/us-west-1/s3/aws4_request
om_1        | 2019-11-15 03:42:38,504 WARN server.ServerUtils: ozone.om.db.dirs is not configured. We recommend adding this setting. Falling back to ozone.metadata.dirs instead.
scm_1       | 2019-11-15 03:42:30,516 INFO util.log: Logging initialized @1475ms
recon_1     | 	at picocli.CommandLine.access$800(CommandLine.java:141)
kdc_1       | Entry for principal dn/004ff7ea21a8@EXAMPLE.COM with kvno 2, encryption type aes128-cts-hmac-sha1-96 added to keytab WRFILE:/data/dn.004ff7ea21a8.keytab.
datanode_1  | 2019-11-15 03:42:34,559 INFO volume.HddsVolumeChecker: Scheduled health check for volume /data/hdds/hdds
datanode_3  | 2019-11-15 03:42:34,631 INFO volume.HddsVolumeChecker: Scheduled health check for volume /data/hdds/hdds
datanode_2  | 2019-11-15 03:42:35,121 INFO impl.RaftServerProxy: raft.rpc.type = GRPC (default)
kms_1       | 
s3g_1       | a64118b83d02ae27e4f58fcdddecb1ed39d3eb4668b20079177b3136a8a0a305, signature=adb4769b28108f9f9535b5c33db237181dc971c0028f08929ae23bac4035bf61, awsAccessKeyId=dlfknslnfslf
om_1        | 2019-11-15 03:42:38,527 INFO util.log: Logging initialized @3014ms
scm_1       | 2019-11-15 03:42:30,606 INFO db.DBStoreBuilder: using custom profile for table: deletedBlocks
recon_1     | 	at picocli.CommandLine$RunLast.handle(CommandLine.java:1367)
datanode_1  | 2019-11-15 03:42:35,086 WARN scm.HddsServerUtil: Storage directory for Ratis is not configured. It is a good idea to map this to an SSD disk. Falling back to ozone.metadata.dirs
kdc_1       | Generiting keytab
datanode_3  | 2019-11-15 03:42:35,125 WARN scm.HddsServerUtil: Storage directory for Ratis is not configured. It is a good idea to map this to an SSD disk. Falling back to ozone.metadata.dirs
datanode_2  | 2019-11-15 03:42:35,183 INFO grpc.GrpcConfigKeys$Server: raft.grpc.server.port = 9858 (custom)
kms_1       | [domain_realm]
s3g_1       | 2019-11-15 03:49:54,691 WARN ipc.Client: Exception encountered while connecting to the server : org.apache.hadoop.ipc.RemoteException(org.apache.hadoop.security.token.SecretManager$InvalidToken): No S3 secret found for S3 identifier:OzoneToken owner=dlfknslnfslf, renewer=, realUser=, issueDate=0, maxDate=0, sequenceNumber=0, masterKeyId=0, strToSign=AWS4-HMAC-SHA256
om_1        | 2019-11-15 03:42:38,623 INFO db.DBStoreBuilder: using custom profile for table: userTable
scm_1       | 2019-11-15 03:42:30,607 INFO db.DBStoreBuilder: Using default column profile:DBProfile.DISK for Table:deletedBlocks
recon_1     | 	at picocli.CommandLine$RunLast.handle(CommandLine.java:1335)
datanode_1  | 2019-11-15 03:42:35,111 INFO impl.RaftServerProxy: raft.rpc.type = GRPC (default)
kdc_1       | Authenticating as principal admin/admin with keytab /tmp/admin.keytab.
datanode_3  | 2019-11-15 03:42:35,146 INFO impl.RaftServerProxy: raft.rpc.type = GRPC (default)
datanode_2  | 2019-11-15 03:42:35,184 INFO server.GrpcService: raft.grpc.message.size.max = 33570816 (custom)
kms_1       |  .example.com = EXAMPLE.COM
om_1        | 2019-11-15 03:42:38,623 INFO db.DBStoreBuilder: Using default column profile:DBProfile.DISK for Table:userTable
scm_1       | 2019-11-15 03:42:30,607 INFO db.DBStoreBuilder: using custom profile for table: validCerts
datanode_1  | 2019-11-15 03:42:35,186 INFO grpc.GrpcConfigKeys$Server: raft.grpc.server.port = 9858 (custom)
recon_1     | 	at picocli.CommandLine$AbstractParseResultHandler.handleParseResult(CommandLine.java:1243)
s3g_1       | 20191115T034954Z
kdc_1       | WARNING: no policy specified for dn/scm@EXAMPLE.COM; defaulting to no policy
datanode_3  | 2019-11-15 03:42:35,210 INFO grpc.GrpcConfigKeys$Server: raft.grpc.server.port = 9858 (custom)
datanode_2  | 2019-11-15 03:42:35,186 INFO server.RaftServerConfigKeys: raft.server.log.appender.buffer.byte-limit = 33554432 (custom)
kms_1       | WARNING: /opt/hadoop/temp does not exist. Creating.
om_1        | 2019-11-15 03:42:38,623 INFO db.DBStoreBuilder: using custom profile for table: volumeTable
scm_1       | 2019-11-15 03:42:30,607 INFO db.DBStoreBuilder: Using default column profile:DBProfile.DISK for Table:validCerts
datanode_1  | 2019-11-15 03:42:35,187 INFO server.GrpcService: raft.grpc.message.size.max = 33570816 (custom)
recon_1     | 	at picocli.CommandLine.parseWithHandlers(CommandLine.java:1526)
s3g_1       | 20191115/us-west-1/s3/aws4_request
kdc_1       | Principal "dn/scm@EXAMPLE.COM" created.
datanode_3  | 2019-11-15 03:42:35,210 INFO server.GrpcService: raft.grpc.message.size.max = 33570816 (custom)
datanode_2  | 2019-11-15 03:42:35,187 INFO server.GrpcService: raft.grpc.flow.control.window = 1MB (=1048576) (default)
kms_1       | WARNING: /opt/hadoop/logs does not exist. Creating.
om_1        | 2019-11-15 03:42:38,623 INFO db.DBStoreBuilder: Using default column profile:DBProfile.DISK for Table:volumeTable
scm_1       | 2019-11-15 03:42:30,607 INFO db.DBStoreBuilder: using custom profile for table: revokedCerts
datanode_1  | 2019-11-15 03:42:35,189 INFO server.RaftServerConfigKeys: raft.server.log.appender.buffer.byte-limit = 33554432 (custom)
recon_1     | 	at picocli.CommandLine.parseWithHandler(CommandLine.java:1465)
s3g_1       | a64118b83d02ae27e4f58fcdddecb1ed39d3eb4668b20079177b3136a8a0a305, signature=adb4769b28108f9f9535b5c33db237181dc971c0028f08929ae23bac4035bf61, awsAccessKeyId=dlfknslnfslf
kdc_1       | Authenticating as principal admin/admin with keytab /tmp/admin.keytab.
datanode_3  | 2019-11-15 03:42:35,212 INFO server.RaftServerConfigKeys: raft.server.log.appender.buffer.byte-limit = 33554432 (custom)
datanode_2  | 2019-11-15 03:42:35,187 INFO server.RaftServerConfigKeys: raft.server.rpc.request.timeout = 3000ms (default)
kms_1       | Nov 15, 2019 3:42:25 AM com.sun.jersey.api.core.PackagesResourceConfig init
om_1        | 2019-11-15 03:42:38,623 INFO db.DBStoreBuilder: using custom profile for table: bucketTable
scm_1       | 2019-11-15 03:42:30,607 INFO db.DBStoreBuilder: Using default column profile:DBProfile.DISK for Table:revokedCerts
datanode_1  | 2019-11-15 03:42:35,190 INFO server.GrpcService: raft.grpc.flow.control.window = 1MB (=1048576) (default)
recon_1     | 	at org.apache.hadoop.hdds.cli.GenericCli.execute(GenericCli.java:65)
s3g_1       | 2019-11-15 03:49:54,691 INFO retry.RetryInvocationHandler: com.google.protobuf.ServiceException: org.apache.hadoop.ipc.RemoteException(org.apache.hadoop.security.token.SecretManager$InvalidToken): No S3 secret found for S3 identifier:OzoneToken owner=dlfknslnfslf, renewer=, realUser=, issueDate=0, maxDate=0, sequenceNumber=0, masterKeyId=0, strToSign=AWS4-HMAC-SHA256
datanode_3  | 2019-11-15 03:42:35,212 INFO server.GrpcService: raft.grpc.flow.control.window = 1MB (=1048576) (default)
kdc_1       | Entry for principal dn/scm@EXAMPLE.COM with kvno 2, encryption type aes256-cts-hmac-sha1-96 added to keytab WRFILE:/data/dn.scm.keytab.
datanode_2  | 2019-11-15 03:42:35,315 INFO server.RaftServerConfigKeys: raft.server.storage.dir = [/data/metadata/ratis] (custom)
om_1        | 2019-11-15 03:42:38,623 INFO db.DBStoreBuilder: Using default column profile:DBProfile.DISK for Table:bucketTable
datanode_1  | 2019-11-15 03:42:35,190 INFO server.RaftServerConfigKeys: raft.server.rpc.request.timeout = 3000ms (default)
scm_1       | 2019-11-15 03:42:30,619 INFO db.DBStoreBuilder: using custom profile for table: default
kms_1       | INFO: Scanning for root resource and provider classes in the packages:
recon_1     | 	at org.apache.hadoop.hdds.cli.GenericCli.run(GenericCli.java:56)
s3g_1       | 20191115T034954Z
datanode_3  | 2019-11-15 03:42:35,213 INFO server.RaftServerConfigKeys: raft.server.rpc.request.timeout = 3000ms (default)
kdc_1       | Entry for principal dn/scm@EXAMPLE.COM with kvno 2, encryption type aes128-cts-hmac-sha1-96 added to keytab WRFILE:/data/dn.scm.keytab.
datanode_2  | 2019-11-15 03:42:35,388 INFO hdfs.DFSUtil: Starting web server as: HTTP/db8790fa8c21@EXAMPLE.COM
om_1        | 2019-11-15 03:42:38,624 INFO db.DBStoreBuilder: using custom profile for table: keyTable
datanode_1  | 2019-11-15 03:42:35,333 INFO server.RaftServerConfigKeys: raft.server.storage.dir = [/data/metadata/ratis] (custom)
scm_1       | 2019-11-15 03:42:30,620 INFO db.DBStoreBuilder: Using default column profile:DBProfile.DISK for Table:default
kms_1       |   org.apache.hadoop.crypto.key.kms.server
recon_1     | 	at org.apache.hadoop.ozone.recon.ReconServer.main(ReconServer.java:52)
s3g_1       | 20191115/us-west-1/s3/aws4_request
datanode_3  | 2019-11-15 03:42:35,342 INFO server.RaftServerConfigKeys: raft.server.storage.dir = [/data/metadata/ratis] (custom)
kdc_1       | Generiting keytab
datanode_2  | 2019-11-15 03:42:35,389 INFO hdfs.DFSUtil: Starting Web-server for hddsDatanode at: http://0.0.0.0:9882
om_1        | 2019-11-15 03:42:38,624 INFO db.DBStoreBuilder: Using default column profile:DBProfile.DISK for Table:keyTable
datanode_1  | 2019-11-15 03:42:35,402 INFO hdfs.DFSUtil: Starting web server as: HTTP/004ff7ea21a8@EXAMPLE.COM
scm_1       | 2019-11-15 03:42:30,624 INFO db.DBStoreBuilder: Using default options. DBProfile.DISK
kms_1       | Nov 15, 2019 3:42:25 AM com.sun.jersey.api.core.ScanningResourceConfig logClasses
s3g_1       | a64118b83d02ae27e4f58fcdddecb1ed39d3eb4668b20079177b3136a8a0a305, signature=adb4769b28108f9f9535b5c33db237181dc971c0028f08929ae23bac4035bf61, awsAccessKeyId=dlfknslnfslf, while invoking $Proxy83.submitRequest over nodeId=null,nodeAddress=om:9862 after 1 failover attempts. Trying to failover immediately.
kdc_1       | Authenticating as principal admin/admin with keytab /tmp/admin.keytab.
datanode_2  | 2019-11-15 03:42:35,416 INFO util.log: Logging initialized @9872ms
om_1        | 2019-11-15 03:42:38,624 INFO db.DBStoreBuilder: using custom profile for table: deletedTable
datanode_1  | 2019-11-15 03:42:35,402 INFO hdfs.DFSUtil: Starting Web-server for hddsDatanode at: http://0.0.0.0:9882
scm_1       | 2019-11-15 03:42:32,016 INFO ipc.CallQueueManager: Using callQueue: class java.util.concurrent.LinkedBlockingQueue, queueCapacity: 200, scheduler: class org.apache.hadoop.ipc.DefaultRpcScheduler, ipcBackoff: false.
kms_1       | INFO: Root resource classes found:
datanode_3  | 2019-11-15 03:42:35,409 INFO hdfs.DFSUtil: Starting web server as: HTTP/834c397bd6b6@EXAMPLE.COM
s3g_1       | 2019-11-15 03:49:54,696 WARN ipc.Client: Exception encountered while connecting to the server : org.apache.hadoop.ipc.RemoteException(org.apache.hadoop.security.token.SecretManager$InvalidToken): No S3 secret found for S3 identifier:OzoneToken owner=dlfknslnfslf, renewer=, realUser=, issueDate=0, maxDate=0, sequenceNumber=0, masterKeyId=0, strToSign=AWS4-HMAC-SHA256
kdc_1       | WARNING: no policy specified for HTTP/bee7c2188a27@EXAMPLE.COM; defaulting to no policy
datanode_2  | 2019-11-15 03:42:35,503 INFO server.AuthenticationFilter: Unable to initialize FileSignerSecretProvider, falling back to use random secrets.
om_1        | 2019-11-15 03:42:38,624 INFO db.DBStoreBuilder: Using default column profile:DBProfile.DISK for Table:deletedTable
scm_1       | 2019-11-15 03:42:32,049 INFO ipc.Server: Starting Socket Reader #1 for port 9961
datanode_1  | 2019-11-15 03:42:35,423 INFO util.log: Logging initialized @8593ms
kms_1       |   class org.apache.hadoop.crypto.key.kms.server.KMS
datanode_3  | 2019-11-15 03:42:35,409 INFO hdfs.DFSUtil: Starting Web-server for hddsDatanode at: http://0.0.0.0:9882
s3g_1       | 20191115T034954Z
kdc_1       | Principal "HTTP/bee7c2188a27@EXAMPLE.COM" created.
datanode_2  | 2019-11-15 03:42:35,508 INFO http.HttpRequestLog: Http request log for http.requests.hddsDatanode is not defined
om_1        | 2019-11-15 03:42:38,624 INFO db.DBStoreBuilder: using custom profile for table: openKeyTable
scm_1       | 2019-11-15 03:42:32,146 INFO net.NodeSchemaLoader: Loading file from java.lang.CompoundEnumeration@2d84cb86
datanode_1  | 2019-11-15 03:42:35,518 INFO server.AuthenticationFilter: Unable to initialize FileSignerSecretProvider, falling back to use random secrets.
kms_1       | Nov 15, 2019 3:42:25 AM com.sun.jersey.api.core.ScanningResourceConfig logClasses
datanode_3  | 2019-11-15 03:42:35,429 INFO util.log: Logging initialized @8831ms
s3g_1       | 20191115/us-west-1/s3/aws4_request
kdc_1       | Authenticating as principal admin/admin with keytab /tmp/admin.keytab.
datanode_2  | 2019-11-15 03:42:35,517 INFO http.HttpServer2: Added global filter 'safety' (class=org.apache.hadoop.http.HttpServer2$QuotingInputFilter)
om_1        | 2019-11-15 03:42:38,624 INFO db.DBStoreBuilder: Using default column profile:DBProfile.DISK for Table:openKeyTable
scm_1       | 2019-11-15 03:42:32,148 INFO net.NodeSchemaLoader: Loading network topology layer schema file
datanode_1  | 2019-11-15 03:42:35,521 INFO http.HttpRequestLog: Http request log for http.requests.hddsDatanode is not defined
kms_1       | INFO: Provider classes found:
datanode_3  | 2019-11-15 03:42:35,518 INFO server.AuthenticationFilter: Unable to initialize FileSignerSecretProvider, falling back to use random secrets.
s3g_1       | a64118b83d02ae27e4f58fcdddecb1ed39d3eb4668b20079177b3136a8a0a305, signature=adb4769b28108f9f9535b5c33db237181dc971c0028f08929ae23bac4035bf61, awsAccessKeyId=dlfknslnfslf
datanode_2  | 2019-11-15 03:42:35,519 INFO http.HttpServer2: Added filter authentication (class=org.apache.hadoop.security.authentication.server.AuthenticationFilter) to context hddsDatanode
om_1        | 2019-11-15 03:42:38,624 INFO db.DBStoreBuilder: using custom profile for table: s3Table
scm_1       | 2019-11-15 03:42:32,226 INFO node.SCMNodeManager: Entering startup safe mode.
kdc_1       | Nov 15 03:42:19 kdc krb5kdc[9](info): AS_REQ (8 etypes {18 17 20 19 16 23 25 26}) 127.0.0.1: SERVER_NOT_FOUND: admin/admin@EXAMPLE.COM for kadmin/localhost@EXAMPLE.COM, Server not found in Kerberos database
datanode_1  | 2019-11-15 03:42:35,527 INFO http.HttpServer2: Added global filter 'safety' (class=org.apache.hadoop.http.HttpServer2$QuotingInputFilter)
kms_1       |   class org.apache.hadoop.crypto.key.kms.server.KMSJSONWriter
datanode_3  | 2019-11-15 03:42:35,521 INFO http.HttpRequestLog: Http request log for http.requests.hddsDatanode is not defined
s3g_1       | 2019-11-15 03:49:54,696 INFO retry.RetryInvocationHandler: com.google.protobuf.ServiceException: org.apache.hadoop.ipc.RemoteException(org.apache.hadoop.security.token.SecretManager$InvalidToken): No S3 secret found for S3 identifier:OzoneToken owner=dlfknslnfslf, renewer=, realUser=, issueDate=0, maxDate=0, sequenceNumber=0, masterKeyId=0, strToSign=AWS4-HMAC-SHA256
datanode_2  | 2019-11-15 03:42:35,519 INFO http.HttpServer2: Added filter authentication (class=org.apache.hadoop.security.authentication.server.AuthenticationFilter) to context logs
om_1        | 2019-11-15 03:42:38,624 INFO db.DBStoreBuilder: Using default column profile:DBProfile.DISK for Table:s3Table
scm_1       | 2019-11-15 03:42:32,305 INFO algorithms.ContainerPlacementPolicyFactory: Create container placement policy of type org.apache.hadoop.hdds.scm.container.placement.algorithms.SCMContainerPlacementRandom
kdc_1       | Nov 15 03:42:19 kdc krb5kdc[9](info): AS_REQ (8 etypes {18 17 20 19 16 23 25 26}) 127.0.0.1: ISSUE: authtime 1573789339, etypes {rep=18 tkt=18 ses=18}, admin/admin@EXAMPLE.COM for kadmin/admin@EXAMPLE.COM
datanode_1  | 2019-11-15 03:42:35,530 INFO http.HttpServer2: Added filter authentication (class=org.apache.hadoop.security.authentication.server.AuthenticationFilter) to context hddsDatanode
kms_1       |   class org.apache.hadoop.crypto.key.kms.server.KMSExceptionsProvider
datanode_3  | 2019-11-15 03:42:35,529 INFO http.HttpServer2: Added global filter 'safety' (class=org.apache.hadoop.http.HttpServer2$QuotingInputFilter)
s3g_1       | 20191115T034954Z
datanode_2  | 2019-11-15 03:42:35,519 INFO http.HttpServer2: Added filter authentication (class=org.apache.hadoop.security.authentication.server.AuthenticationFilter) to context static
om_1        | 2019-11-15 03:42:38,624 INFO db.DBStoreBuilder: using custom profile for table: multipartInfoTable
scm_1       | 2019-11-15 03:42:32,315 WARN server.ServerUtils: ozone.scm.db.dirs is not configured. We recommend adding this setting. Falling back to ozone.metadata.dirs instead.
kdc_1       | Nov 15 03:42:19 kdc krb5kdc[9](info): AS_REQ (8 etypes {18 17 20 19 16 23 25 26}) 127.0.0.1: SERVER_NOT_FOUND: admin/admin@EXAMPLE.COM for kadmin/localhost@EXAMPLE.COM, Server not found in Kerberos database
datanode_1  | 2019-11-15 03:42:35,530 INFO http.HttpServer2: Added filter authentication (class=org.apache.hadoop.security.authentication.server.AuthenticationFilter) to context logs
kms_1       |   class org.apache.hadoop.crypto.key.kms.server.KMSJSONReader
datanode_3  | 2019-11-15 03:42:35,531 INFO http.HttpServer2: Added filter authentication (class=org.apache.hadoop.security.authentication.server.AuthenticationFilter) to context hddsDatanode
s3g_1       | 20191115/us-west-1/s3/aws4_request
datanode_2  | 2019-11-15 03:42:35,545 INFO http.HttpServer2: Jetty bound to port 9882
om_1        | 2019-11-15 03:42:38,624 INFO db.DBStoreBuilder: Using default column profile:DBProfile.DISK for Table:multipartInfoTable
scm_1       | 2019-11-15 03:42:32,555 INFO pipeline.SCMPipelineManager: No pipeline exists in current db
datanode_1  | 2019-11-15 03:42:35,530 INFO http.HttpServer2: Added filter authentication (class=org.apache.hadoop.security.authentication.server.AuthenticationFilter) to context static
kdc_1       | Nov 15 03:42:19 kdc krb5kdc[9](info): AS_REQ (8 etypes {18 17 20 19 16 23 25 26}) 127.0.0.1: ISSUE: authtime 1573789339, etypes {rep=18 tkt=18 ses=18}, admin/admin@EXAMPLE.COM for kadmin/admin@EXAMPLE.COM
kms_1       | Nov 15, 2019 3:42:25 AM com.sun.jersey.server.impl.application.WebApplicationImpl _initiate
s3g_1       | a64118b83d02ae27e4f58fcdddecb1ed39d3eb4668b20079177b3136a8a0a305, signature=adb4769b28108f9f9535b5c33db237181dc971c0028f08929ae23bac4035bf61, awsAccessKeyId=dlfknslnfslf, while invoking $Proxy83.submitRequest over nodeId=null,nodeAddress=om:9862 after 2 failover attempts. Trying to failover immediately.
datanode_2  | 2019-11-15 03:42:35,547 INFO server.Server: jetty-9.3.25.v20180904, build timestamp: 2018-09-04T21:11:46Z, git hash: 3ce520221d0240229c862b122d2b06c12a625732
scm_1       | 2019-11-15 03:42:32,558 WARN server.ServerUtils: ozone.scm.db.dirs is not configured. We recommend adding this setting. Falling back to ozone.metadata.dirs instead.
datanode_1  | 2019-11-15 03:42:35,552 INFO http.HttpServer2: Jetty bound to port 9882
om_1        | 2019-11-15 03:42:38,625 INFO db.DBStoreBuilder: using custom profile for table: dTokenTable
kdc_1       | Nov 15 03:42:19 kdc krb5kdc[9](info): AS_REQ (8 etypes {18 17 20 19 16 23 25 26}) 127.0.0.1: SERVER_NOT_FOUND: admin/admin@EXAMPLE.COM for kadmin/localhost@EXAMPLE.COM, Server not found in Kerberos database
kms_1       | INFO: Initiating Jersey application, version 'Jersey: 1.19 02/11/2015 03:25 AM'
datanode_3  | 2019-11-15 03:42:35,531 INFO http.HttpServer2: Added filter authentication (class=org.apache.hadoop.security.authentication.server.AuthenticationFilter) to context logs
datanode_2  | 2019-11-15 03:42:35,578 INFO server.AuthenticationFilter: Unable to initialize FileSignerSecretProvider, falling back to use random secrets.
datanode_1  | 2019-11-15 03:42:35,553 INFO server.Server: jetty-9.3.25.v20180904, build timestamp: 2018-09-04T21:11:46Z, git hash: 3ce520221d0240229c862b122d2b06c12a625732
om_1        | 2019-11-15 03:42:38,625 INFO db.DBStoreBuilder: Using default column profile:DBProfile.DISK for Table:dTokenTable
s3g_1       | 2019-11-15 03:49:54,701 WARN ipc.Client: Exception encountered while connecting to the server : org.apache.hadoop.ipc.RemoteException(org.apache.hadoop.security.token.SecretManager$InvalidToken): No S3 secret found for S3 identifier:OzoneToken owner=dlfknslnfslf, renewer=, realUser=, issueDate=0, maxDate=0, sequenceNumber=0, masterKeyId=0, strToSign=AWS4-HMAC-SHA256
kdc_1       | Nov 15 03:42:19 kdc krb5kdc[9](info): AS_REQ (8 etypes {18 17 20 19 16 23 25 26}) 127.0.0.1: ISSUE: authtime 1573789339, etypes {rep=18 tkt=18 ses=18}, admin/admin@EXAMPLE.COM for kadmin/admin@EXAMPLE.COM
scm_1       | 2019-11-15 03:42:32,778 WARN events.EventQueue: No event handler registered for event TypedEvent{payloadType=SafeModeStatus, name='SafeModeStatus'}
datanode_3  | 2019-11-15 03:42:35,531 INFO http.HttpServer2: Added filter authentication (class=org.apache.hadoop.security.authentication.server.AuthenticationFilter) to context static
datanode_2  | 2019-11-15 03:42:35,580 INFO server.KerberosAuthenticationHandler: Using keytab /etc/security/keytabs/HTTP.keytab, for principal HTTP/db8790fa8c21@EXAMPLE.COM
datanode_1  | 2019-11-15 03:42:35,583 INFO server.AuthenticationFilter: Unable to initialize FileSignerSecretProvider, falling back to use random secrets.
om_1        | 2019-11-15 03:42:38,625 INFO db.DBStoreBuilder: using custom profile for table: s3SecretTable
s3g_1       | 20191115T034954Z
kdc_1       | Nov 15 03:42:19 kdc krb5kdc[9](info): AS_REQ (8 etypes {18 17 20 19 16 23 25 26}) 127.0.0.1: SERVER_NOT_FOUND: admin/admin@EXAMPLE.COM for kadmin/localhost@EXAMPLE.COM, Server not found in Kerberos database
scm_1       | 2019-11-15 03:42:33,099 INFO ipc.CallQueueManager: Using callQueue: class java.util.concurrent.LinkedBlockingQueue, queueCapacity: 1000, scheduler: class org.apache.hadoop.ipc.DefaultRpcScheduler, ipcBackoff: false.
datanode_3  | 2019-11-15 03:42:35,562 INFO http.HttpServer2: Jetty bound to port 9882
datanode_2  | 2019-11-15 03:42:35,582 INFO handler.ContextHandler: Started o.e.j.s.ServletContextHandler@48268eec{/logs,file:///var/log/hadoop/,AVAILABLE}
datanode_1  | 2019-11-15 03:42:35,585 INFO server.KerberosAuthenticationHandler: Using keytab /etc/security/keytabs/HTTP.keytab, for principal HTTP/004ff7ea21a8@EXAMPLE.COM
om_1        | 2019-11-15 03:42:38,625 INFO db.DBStoreBuilder: Using default column profile:DBProfile.DISK for Table:s3SecretTable
s3g_1       | 20191115/us-west-1/s3/aws4_request
kdc_1       | Nov 15 03:42:19 kdc krb5kdc[9](info): AS_REQ (8 etypes {18 17 20 19 16 23 25 26}) 127.0.0.1: ISSUE: authtime 1573789339, etypes {rep=18 tkt=18 ses=18}, admin/admin@EXAMPLE.COM for kadmin/admin@EXAMPLE.COM
scm_1       | 2019-11-15 03:42:33,101 INFO ipc.Server: Starting Socket Reader #1 for port 9861
datanode_3  | 2019-11-15 03:42:35,564 INFO server.Server: jetty-9.3.25.v20180904, build timestamp: 2018-09-04T21:11:46Z, git hash: 3ce520221d0240229c862b122d2b06c12a625732
datanode_2  | 2019-11-15 03:42:35,582 INFO handler.ContextHandler: Started o.e.j.s.ServletContextHandler@2e71240b{/static,jar:file:/opt/hadoop/share/ozone/lib/hadoop-hdds-container-service-0.5.0-SNAPSHOT.jar!/webapps/static,AVAILABLE}
om_1        | 2019-11-15 03:42:38,625 INFO db.DBStoreBuilder: using custom profile for table: prefixTable
datanode_1  | 2019-11-15 03:42:35,587 INFO handler.ContextHandler: Started o.e.j.s.ServletContextHandler@2a8b33ba{/logs,file:///var/log/hadoop/,AVAILABLE}
s3g_1       | a64118b83d02ae27e4f58fcdddecb1ed39d3eb4668b20079177b3136a8a0a305, signature=adb4769b28108f9f9535b5c33db237181dc971c0028f08929ae23bac4035bf61, awsAccessKeyId=dlfknslnfslf
kdc_1       | Nov 15 03:42:19 kdc krb5kdc[9](info): AS_REQ (8 etypes {18 17 20 19 16 23 25 26}) 127.0.0.1: SERVER_NOT_FOUND: admin/admin@EXAMPLE.COM for kadmin/localhost@EXAMPLE.COM, Server not found in Kerberos database
scm_1       | 2019-11-15 03:42:33,129 INFO ipc.CallQueueManager: Using callQueue: class java.util.concurrent.LinkedBlockingQueue, queueCapacity: 1000, scheduler: class org.apache.hadoop.ipc.DefaultRpcScheduler, ipcBackoff: false.
datanode_3  | 2019-11-15 03:42:35,598 INFO server.AuthenticationFilter: Unable to initialize FileSignerSecretProvider, falling back to use random secrets.
datanode_2  | 2019-11-15 03:42:35,634 INFO server.KerberosAuthenticationHandler: Using keytab /etc/security/keytabs/HTTP.keytab, for principal HTTP/db8790fa8c21@EXAMPLE.COM
om_1        | 2019-11-15 03:42:38,625 INFO db.DBStoreBuilder: Using default column profile:DBProfile.DISK for Table:prefixTable
datanode_1  | 2019-11-15 03:42:35,588 INFO handler.ContextHandler: Started o.e.j.s.ServletContextHandler@2401856{/static,jar:file:/opt/hadoop/share/ozone/lib/hadoop-hdds-container-service-0.5.0-SNAPSHOT.jar!/webapps/static,AVAILABLE}
s3g_1       | 2019-11-15 03:49:54,702 INFO retry.RetryInvocationHandler: com.google.protobuf.ServiceException: org.apache.hadoop.ipc.RemoteException(org.apache.hadoop.security.token.SecretManager$InvalidToken): No S3 secret found for S3 identifier:OzoneToken owner=dlfknslnfslf, renewer=, realUser=, issueDate=0, maxDate=0, sequenceNumber=0, masterKeyId=0, strToSign=AWS4-HMAC-SHA256
kdc_1       | Nov 15 03:42:19 kdc krb5kdc[9](info): AS_REQ (8 etypes {18 17 20 19 16 23 25 26}) 127.0.0.1: ISSUE: authtime 1573789339, etypes {rep=18 tkt=18 ses=18}, admin/admin@EXAMPLE.COM for kadmin/admin@EXAMPLE.COM
scm_1       | 2019-11-15 03:42:33,130 INFO ipc.Server: Starting Socket Reader #1 for port 9863
datanode_3  | 2019-11-15 03:42:35,602 INFO server.KerberosAuthenticationHandler: Using keytab /etc/security/keytabs/HTTP.keytab, for principal HTTP/834c397bd6b6@EXAMPLE.COM
datanode_2  | 2019-11-15 03:42:35,638 INFO handler.ContextHandler: Started o.e.j.w.WebAppContext@62ade015{/,file:///tmp/jetty-0.0.0.0-9882-hddsDatanode-_-any-1613465467878760076.dir/webapp/,AVAILABLE}{/hddsDatanode}
om_1        | 2019-11-15 03:42:38,634 INFO db.DBStoreBuilder: using custom profile for table: default
datanode_1  | 2019-11-15 03:42:35,664 INFO server.KerberosAuthenticationHandler: Using keytab /etc/security/keytabs/HTTP.keytab, for principal HTTP/004ff7ea21a8@EXAMPLE.COM
s3g_1       | 20191115T034954Z
scm_1       | 2019-11-15 03:42:33,169 INFO ipc.CallQueueManager: Using callQueue: class java.util.concurrent.LinkedBlockingQueue, queueCapacity: 1000, scheduler: class org.apache.hadoop.ipc.DefaultRpcScheduler, ipcBackoff: false.
datanode_3  | 2019-11-15 03:42:35,606 INFO handler.ContextHandler: Started o.e.j.s.ServletContextHandler@1e3f0aea{/logs,file:///var/log/hadoop/,AVAILABLE}
kdc_1       | Nov 15 03:42:19 kdc krb5kdc[9](info): AS_REQ (8 etypes {18 17 20 19 16 23 25 26}) 127.0.0.1: SERVER_NOT_FOUND: admin/admin@EXAMPLE.COM for kadmin/localhost@EXAMPLE.COM, Server not found in Kerberos database
datanode_2  | 2019-11-15 03:42:35,642 INFO server.AbstractConnector: Started ServerConnector@437bd805{HTTP/1.1,[http/1.1]}{0.0.0.0:9882}
om_1        | 2019-11-15 03:42:38,634 INFO db.DBStoreBuilder: Using default column profile:DBProfile.DISK for Table:default
datanode_1  | 2019-11-15 03:42:35,669 INFO handler.ContextHandler: Started o.e.j.w.WebAppContext@2f054f70{/,file:///tmp/jetty-0.0.0.0-9882-hddsDatanode-_-any-2003104304383419903.dir/webapp/,AVAILABLE}{/hddsDatanode}
s3g_1       | 20191115/us-west-1/s3/aws4_request
scm_1       | 2019-11-15 03:42:33,170 INFO ipc.Server: Starting Socket Reader #1 for port 9860
datanode_3  | 2019-11-15 03:42:35,607 INFO handler.ContextHandler: Started o.e.j.s.ServletContextHandler@32a4ecbe{/static,jar:file:/opt/hadoop/share/ozone/lib/hadoop-hdds-container-service-0.5.0-SNAPSHOT.jar!/webapps/static,AVAILABLE}
kdc_1       | Nov 15 03:42:19 kdc krb5kdc[9](info): AS_REQ (8 etypes {18 17 20 19 16 23 25 26}) 127.0.0.1: ISSUE: authtime 1573789339, etypes {rep=18 tkt=18 ses=18}, admin/admin@EXAMPLE.COM for kadmin/admin@EXAMPLE.COM
datanode_2  | 2019-11-15 03:42:35,643 INFO server.Server: Started @10100ms
om_1        | 2019-11-15 03:42:38,635 INFO db.DBStoreBuilder: Using default options. DBProfile.DISK
datanode_1  | 2019-11-15 03:42:35,675 INFO server.AbstractConnector: Started ServerConnector@4dad8ec0{HTTP/1.1,[http/1.1]}{0.0.0.0:9882}
s3g_1       | a64118b83d02ae27e4f58fcdddecb1ed39d3eb4668b20079177b3136a8a0a305, signature=adb4769b28108f9f9535b5c33db237181dc971c0028f08929ae23bac4035bf61, awsAccessKeyId=dlfknslnfslf, while invoking $Proxy83.submitRequest over nodeId=null,nodeAddress=om:9862 after 3 failover attempts. Trying to failover immediately.
scm_1       | 2019-11-15 03:42:33,218 INFO hdfs.DFSUtil: Starting web server as: HTTP/scm@EXAMPLE.COM
