datanode_1  | 2019-11-15 03:42:47,070 INFO impl.LeaderElection: ff6d939d-809f-45dc-bf46-6c78fa73f302@group-7E4D494689E6-LeaderElection2: Election REJECTED; received 1 response(s) [ff6d939d-809f-45dc-bf46-6c78fa73f302<-cd0b2596-12d2-4dee-a0df-bee3cf1194cb#0:FAIL-t1] and 0 exception(s); ff6d939d-809f-45dc-bf46-6c78fa73f302@group-7E4D494689E6:t1, leader=cd0b2596-12d2-4dee-a0df-bee3cf1194cb, voted=ff6d939d-809f-45dc-bf46-6c78fa73f302, raftlog=ff6d939d-809f-45dc-bf46-6c78fa73f302@group-7E4D494689E6-SegmentedRaftLog:OPENED:c-1,f-1,i0, conf=0: [cd0b2596-12d2-4dee-a0df-bee3cf1194cb:172.19.0.7:9858, ff6d939d-809f-45dc-bf46-6c78fa73f302:172.19.0.4:9858, a0dd0e1e-90b3-4222-ac56-aec1f3e71ee9:172.19.0.5:9858], old=null
s3g_1       | 	at com.sun.proxy.$Proxy84.getServiceInfo(Unknown Source)
scm_1       | 2019-11-15 03:45:31,830 INFO ipc.Server: Auth successful for dn/db8790fa8c21@EXAMPLE.COM (auth:KERBEROS)
kdc_1       | Nov 15 03:42:20 kdc krb5kdc[9](info): AS_REQ (8 etypes {18 17 20 19 16 23 25 26}) 127.0.0.1: SERVER_NOT_FOUND: admin/admin@EXAMPLE.COM for kadmin/localhost@EXAMPLE.COM, Server not found in Kerberos database
datanode_2  | 2019-11-15 03:42:46,921 INFO server.RaftServerConfigKeys: raft.server.watch.timeout = 10s (default)
datanode_1  | 2019-11-15 03:42:47,136 INFO segmented.SegmentedRaftLogWorker: ff6d939d-809f-45dc-bf46-6c78fa73f302@group-7E4D494689E6-SegmentedRaftLogWorker: created new log segment /data/metadata/ratis/81dcbe5e-1c06-4b25-ba65-7e4d494689e6/current/log_inprogress_0
om_1        | 2019-11-15 03:45:23,924 INFO ipc.Server: Auth successful for testuser/scm@EXAMPLE.COM (auth:KERBEROS)
s3g_1       | 	at org.apache.hadoop.ozone.client.rpc.RpcClient.<init>(RpcClient.java:157)
scm_1       | 2019-11-15 03:45:31,834 INFO authorize.ServiceAuthorizationManager: Authorization successful for dn/db8790fa8c21@EXAMPLE.COM (auth:KERBEROS) for protocol=interface org.apache.hadoop.ozone.protocol.StorageContainerDatanodeProtocol
kdc_1       | Nov 15 03:42:20 kdc krb5kdc[9](info): AS_REQ (8 etypes {18 17 20 19 16 23 25 26}) 127.0.0.1: ISSUE: authtime 1573789340, etypes {rep=18 tkt=18 ses=18}, admin/admin@EXAMPLE.COM for kadmin/admin@EXAMPLE.COM
datanode_2  | 2019-11-15 03:42:46,921 INFO server.RaftServerConfigKeys: raft.server.watch.timeout.denomination = 1s (default)
datanode_1  | 2019-11-15 03:43:00,350 INFO client.DNCertificateClient: Getting certificate with certSerialId:14136141371244904.
s3g_1       | 	at org.apache.hadoop.ozone.client.OzoneClientFactory.getClientProtocol(OzoneClientFactory.java:256)
om_1        | 2019-11-15 03:45:23,935 INFO authorize.ServiceAuthorizationManager: Authorization successful for testuser/scm@EXAMPLE.COM (auth:KERBEROS) for protocol=interface org.apache.hadoop.ozone.om.protocol.OzoneManagerProtocol
scm_1       | 2019-11-15 03:45:31,835 INFO ipc.Server: Auth successful for dn/004ff7ea21a8@EXAMPLE.COM (auth:KERBEROS)
kdc_1       | Nov 15 03:42:21 kdc krb5kdc[9](info): AS_REQ (8 etypes {18 17 20 19 16 23 25 26}) 127.0.0.1: SERVER_NOT_FOUND: admin/admin@EXAMPLE.COM for kadmin/localhost@EXAMPLE.COM, Server not found in Kerberos database
datanode_2  | 2019-11-15 03:42:46,921 INFO server.RaftServerConfigKeys: raft.server.watch.element-limit = 65536 (default)
s3g_1       | 	at org.apache.hadoop.ozone.client.OzoneClientFactory.getClientProtocol(OzoneClientFactory.java:239)
om_1        | 2019-11-15 03:45:26,437 INFO ipc.Server: Auth successful for testuser/scm@EXAMPLE.COM (auth:KERBEROS)
scm_1       | 2019-11-15 03:45:31,837 INFO ipc.Server: Auth successful for dn/834c397bd6b6@EXAMPLE.COM (auth:KERBEROS)
kdc_1       | Nov 15 03:42:21 kdc krb5kdc[9](info): AS_REQ (8 etypes {18 17 20 19 16 23 25 26}) 127.0.0.1: ISSUE: authtime 1573789341, etypes {rep=18 tkt=18 ses=18}, admin/admin@EXAMPLE.COM for kadmin/admin@EXAMPLE.COM
datanode_2  | 2019-11-15 03:42:46,924 INFO server.RaftServerConfigKeys: raft.server.log.appender.snapshot.chunk.size.max = 16MB (=16777216) (default)
s3g_1       | 	at org.apache.hadoop.ozone.client.OzoneClientFactory.getClient(OzoneClientFactory.java:75)
om_1        | 2019-11-15 03:45:26,447 INFO authorize.ServiceAuthorizationManager: Authorization successful for testuser/scm@EXAMPLE.COM (auth:KERBEROS) for protocol=interface org.apache.hadoop.ozone.om.protocol.OzoneManagerProtocol
scm_1       | 2019-11-15 03:45:31,838 INFO authorize.ServiceAuthorizationManager: Authorization successful for dn/004ff7ea21a8@EXAMPLE.COM (auth:KERBEROS) for protocol=interface org.apache.hadoop.ozone.protocol.StorageContainerDatanodeProtocol
kdc_1       | WARNING: no policy specified for testuser/bee7c2188a27@EXAMPLE.COM; defaulting to no policy
datanode_2  | 2019-11-15 03:42:46,924 INFO server.RaftServerConfigKeys: raft.server.log.appender.buffer.byte-limit = 33554432 (custom)
om_1        | 2019-11-15 03:45:27,048 INFO volume.OMVolumeCreateRequest: created volume:45035-rpcwport for user:testuser/scm@EXAMPLE.COM
s3g_1       | 	at org.apache.hadoop.ozone.s3.OzoneClientProducer.getClient(OzoneClientProducer.java:114)
scm_1       | 2019-11-15 03:45:31,839 INFO authorize.ServiceAuthorizationManager: Authorization successful for dn/834c397bd6b6@EXAMPLE.COM (auth:KERBEROS) for protocol=interface org.apache.hadoop.ozone.protocol.StorageContainerDatanodeProtocol
kdc_1       | Nov 15 03:42:20 kdc kadmind[15](Notice): Request: kadm5_init, admin/admin@EXAMPLE.COM, success, client=admin/admin@EXAMPLE.COM, service=kadmin/admin@EXAMPLE.COM, addr=127.0.0.1, vers=4, flavor=6
datanode_2  | 2019-11-15 03:42:46,924 INFO server.RaftServerConfigKeys: raft.server.log.appender.buffer.element-limit = 1 (custom)
om_1        | 2019-11-15 03:45:28,985 INFO ipc.Server: Auth successful for testuser/scm@EXAMPLE.COM (auth:KERBEROS)
s3g_1       | 	at org.apache.hadoop.ozone.s3.OzoneClientProducer.createClient(OzoneClientProducer.java:71)
scm_1       | 2019-11-15 03:45:48,302 INFO ipc.Server: Auth successful for om/om@EXAMPLE.COM (auth:KERBEROS)
kdc_1       | Nov 15 03:42:20 kdc kadmind[15](Notice): Request: kadm5_randkey_principal, HTTP/bee7c2188a27@EXAMPLE.COM, success, client=admin/admin@EXAMPLE.COM, service=kadmin/admin@EXAMPLE.COM, addr=127.0.0.1
datanode_2  | 2019-11-15 03:42:46,926 INFO grpc.GrpcConfigKeys$Server: raft.grpc.server.leader.outstanding.appends.max = 128 (default)
om_1        | 2019-11-15 03:45:28,996 INFO authorize.ServiceAuthorizationManager: Authorization successful for testuser/scm@EXAMPLE.COM (auth:KERBEROS) for protocol=interface org.apache.hadoop.ozone.om.protocol.OzoneManagerProtocol
s3g_1       | 	at java.base/jdk.internal.reflect.NativeMethodAccessorImpl.invoke0(Native Method)
scm_1       | 2019-11-15 03:45:48,303 INFO authorize.ServiceAuthorizationManager: Authorization successful for om/om@EXAMPLE.COM (auth:KERBEROS) for protocol=interface org.apache.hadoop.hdds.scm.protocol.ScmBlockLocationProtocol
kdc_1       | Nov 15 03:42:20 kdc kadmind[15](Notice): Request: kadm5_get_principal, HTTP/bee7c2188a27@EXAMPLE.COM, success, client=admin/admin@EXAMPLE.COM, service=kadmin/admin@EXAMPLE.COM, addr=127.0.0.1
datanode_2  | 2019-11-15 03:42:46,927 INFO server.RaftServerConfigKeys: raft.server.rpc.request.timeout = 3000ms (default)
om_1        | 2019-11-15 03:45:31,642 INFO ipc.Server: Auth successful for testuser/scm@EXAMPLE.COM (auth:KERBEROS)
scm_1       | 2019-11-15 03:46:01,828 INFO ipc.Server: Auth successful for dn/db8790fa8c21@EXAMPLE.COM (auth:KERBEROS)
kdc_1       | Nov 15 03:42:20 kdc kadmind[15](info): closing down fd 18
datanode_2  | 2019-11-15 03:42:46,927 INFO server.RaftServerConfigKeys: raft.server.log.appender.install.snapshot.enabled = false (custom)
s3g_1       | 	at java.base/jdk.internal.reflect.NativeMethodAccessorImpl.invoke(NativeMethodAccessorImpl.java:62)
scm_1       | 2019-11-15 03:46:01,831 INFO ipc.Server: Auth successful for dn/004ff7ea21a8@EXAMPLE.COM (auth:KERBEROS)
om_1        | 2019-11-15 03:45:31,652 INFO authorize.ServiceAuthorizationManager: Authorization successful for testuser/scm@EXAMPLE.COM (auth:KERBEROS) for protocol=interface org.apache.hadoop.ozone.om.protocol.OzoneManagerProtocol
kdc_1       | Nov 15 03:42:20 kdc kadmind[15](Notice): Request: kadm5_init, admin/admin@EXAMPLE.COM, success, client=admin/admin@EXAMPLE.COM, service=kadmin/admin@EXAMPLE.COM, addr=127.0.0.1, vers=4, flavor=6
datanode_2  | 2019-11-15 03:42:46,928 WARN impl.MetricRegistriesImpl: First MetricRegistry has been created without registering reporters. You may need to call MetricRegistries.global().addReportRegistration(...) before.
scm_1       | 2019-11-15 03:46:01,832 INFO authorize.ServiceAuthorizationManager: Authorization successful for dn/db8790fa8c21@EXAMPLE.COM (auth:KERBEROS) for protocol=interface org.apache.hadoop.ozone.protocol.StorageContainerDatanodeProtocol
om_1        | 2019-11-15 03:45:34,199 INFO ipc.Server: Auth successful for testuser/scm@EXAMPLE.COM (auth:KERBEROS)
s3g_1       | 	at java.base/jdk.internal.reflect.DelegatingMethodAccessorImpl.invoke(DelegatingMethodAccessorImpl.java:43)
kdc_1       | Nov 15 03:42:20 kdc kadmind[15](Notice): Request: kadm5_get_policy, default, Policy does not exist, client=admin/admin@EXAMPLE.COM, service=kadmin/admin@EXAMPLE.COM, addr=127.0.0.1
datanode_2  | 2019-11-15 03:42:46,929 INFO server.RaftServerConfigKeys: raft.server.log.appender.snapshot.chunk.size.max = 16MB (=16777216) (default)
scm_1       | 2019-11-15 03:46:01,849 INFO authorize.ServiceAuthorizationManager: Authorization successful for dn/004ff7ea21a8@EXAMPLE.COM (auth:KERBEROS) for protocol=interface org.apache.hadoop.ozone.protocol.StorageContainerDatanodeProtocol
om_1        | 2019-11-15 03:45:34,209 INFO authorize.ServiceAuthorizationManager: Authorization successful for testuser/scm@EXAMPLE.COM (auth:KERBEROS) for protocol=interface org.apache.hadoop.ozone.om.protocol.OzoneManagerProtocol
s3g_1       | 	at java.base/java.lang.reflect.Method.invoke(Method.java:566)
kdc_1       | Nov 15 03:42:20 kdc kadmind[15](Notice): Request: kadm5_create_principal, scm/db8790fa8c21@EXAMPLE.COM, success, client=admin/admin@EXAMPLE.COM, service=kadmin/admin@EXAMPLE.COM, addr=127.0.0.1
datanode_2  | 2019-11-15 03:42:46,929 INFO server.RaftServerConfigKeys: raft.server.log.appender.buffer.byte-limit = 33554432 (custom)
om_1        | 2019-11-15 03:45:36,875 INFO ipc.Server: Auth successful for testuser/scm@EXAMPLE.COM (auth:KERBEROS)
s3g_1       | 	at org.jboss.weld.injection.StaticMethodInjectionPoint.invoke(StaticMethodInjectionPoint.java:88)
scm_1       | 2019-11-15 03:46:01,859 INFO ipc.Server: Auth successful for dn/834c397bd6b6@EXAMPLE.COM (auth:KERBEROS)
kdc_1       | Nov 15 03:42:20 kdc kadmind[15](info): closing down fd 18
om_1        | 2019-11-15 03:45:36,886 INFO authorize.ServiceAuthorizationManager: Authorization successful for testuser/scm@EXAMPLE.COM (auth:KERBEROS) for protocol=interface org.apache.hadoop.ozone.om.protocol.OzoneManagerProtocol
datanode_2  | 2019-11-15 03:42:46,929 INFO server.RaftServerConfigKeys: raft.server.log.appender.buffer.element-limit = 1 (custom)
s3g_1       | 	at org.jboss.weld.injection.StaticMethodInjectionPoint.invoke(StaticMethodInjectionPoint.java:78)
scm_1       | 2019-11-15 03:46:01,862 INFO authorize.ServiceAuthorizationManager: Authorization successful for dn/834c397bd6b6@EXAMPLE.COM (auth:KERBEROS) for protocol=interface org.apache.hadoop.ozone.protocol.StorageContainerDatanodeProtocol
kdc_1       | Nov 15 03:42:20 kdc kadmind[15](Notice): Request: kadm5_init, admin/admin@EXAMPLE.COM, success, client=admin/admin@EXAMPLE.COM, service=kadmin/admin@EXAMPLE.COM, addr=127.0.0.1, vers=4, flavor=6
om_1        | 2019-11-15 03:45:39,571 INFO ipc.Server: Auth successful for testuser/scm@EXAMPLE.COM (auth:KERBEROS)
datanode_2  | 2019-11-15 03:42:46,929 INFO grpc.GrpcConfigKeys$Server: raft.grpc.server.leader.outstanding.appends.max = 128 (default)
s3g_1       | 	at org.jboss.weld.injection.producer.ProducerMethodProducer.produce(ProducerMethodProducer.java:100)
scm_1       | 2019-11-15 03:46:31,822 INFO ipc.Server: Auth successful for dn/db8790fa8c21@EXAMPLE.COM (auth:KERBEROS)
kdc_1       | Nov 15 03:42:20 kdc kadmind[15](Notice): Request: kadm5_randkey_principal, scm/db8790fa8c21@EXAMPLE.COM, success, client=admin/admin@EXAMPLE.COM, service=kadmin/admin@EXAMPLE.COM, addr=127.0.0.1
om_1        | 2019-11-15 03:45:39,589 INFO authorize.ServiceAuthorizationManager: Authorization successful for testuser/scm@EXAMPLE.COM (auth:KERBEROS) for protocol=interface org.apache.hadoop.ozone.om.protocol.OzoneManagerProtocol
datanode_2  | 2019-11-15 03:42:46,930 INFO server.RaftServerConfigKeys: raft.server.rpc.request.timeout = 3000ms (default)
s3g_1       | 	at org.jboss.weld.injection.producer.AbstractMemberProducer.produce(AbstractMemberProducer.java:161)
scm_1       | 2019-11-15 03:46:31,824 INFO ipc.Server: Auth successful for dn/004ff7ea21a8@EXAMPLE.COM (auth:KERBEROS)
kdc_1       | Nov 15 03:42:20 kdc kadmind[15](Notice): Request: kadm5_get_principal, scm/db8790fa8c21@EXAMPLE.COM, success, client=admin/admin@EXAMPLE.COM, service=kadmin/admin@EXAMPLE.COM, addr=127.0.0.1
om_1        | 2019-11-15 03:45:42,149 INFO ipc.Server: Auth successful for testuser/scm@EXAMPLE.COM (auth:KERBEROS)
datanode_2  | 2019-11-15 03:42:46,930 INFO server.RaftServerConfigKeys: raft.server.log.appender.install.snapshot.enabled = false (custom)
s3g_1       | 	at org.jboss.weld.bean.AbstractProducerBean.create(AbstractProducerBean.java:180)
scm_1       | 2019-11-15 03:46:31,824 INFO authorize.ServiceAuthorizationManager: Authorization successful for dn/db8790fa8c21@EXAMPLE.COM (auth:KERBEROS) for protocol=interface org.apache.hadoop.ozone.protocol.StorageContainerDatanodeProtocol
kdc_1       | Nov 15 03:42:20 kdc kadmind[15](info): closing down fd 18
om_1        | 2019-11-15 03:45:42,158 INFO authorize.ServiceAuthorizationManager: Authorization successful for testuser/scm@EXAMPLE.COM (auth:KERBEROS) for protocol=interface org.apache.hadoop.ozone.om.protocol.OzoneManagerProtocol
datanode_2  | 2019-11-15 03:42:46,932 INFO impl.RoleInfo: cd0b2596-12d2-4dee-a0df-bee3cf1194cb: start LeaderState
s3g_1       | 	at org.jboss.weld.context.unbound.DependentContextImpl.get(DependentContextImpl.java:70)
scm_1       | 2019-11-15 03:46:31,827 INFO authorize.ServiceAuthorizationManager: Authorization successful for dn/004ff7ea21a8@EXAMPLE.COM (auth:KERBEROS) for protocol=interface org.apache.hadoop.ozone.protocol.StorageContainerDatanodeProtocol
kdc_1       | Nov 15 03:42:20 kdc kadmind[15](Notice): Request: kadm5_init, admin/admin@EXAMPLE.COM, success, client=admin/admin@EXAMPLE.COM, service=kadmin/admin@EXAMPLE.COM, addr=127.0.0.1, vers=4, flavor=6
om_1        | 2019-11-15 03:45:44,745 INFO ipc.Server: Auth successful for testuser/scm@EXAMPLE.COM (auth:KERBEROS)
s3g_1       | 	at org.jboss.weld.bean.ContextualInstanceStrategy$DefaultContextualInstanceStrategy.get(ContextualInstanceStrategy.java:100)
datanode_2  | 2019-11-15 03:42:46,933 INFO segmented.SegmentedRaftLogWorker: cd0b2596-12d2-4dee-a0df-bee3cf1194cb@group-7E4D494689E6-SegmentedRaftLogWorker: Starting segment from index:0
scm_1       | 2019-11-15 03:46:31,836 INFO ipc.Server: Auth successful for dn/834c397bd6b6@EXAMPLE.COM (auth:KERBEROS)
kdc_1       | Nov 15 03:42:20 kdc kadmind[15](Notice): Request: kadm5_get_policy, default, Policy does not exist, client=admin/admin@EXAMPLE.COM, service=kadmin/admin@EXAMPLE.COM, addr=127.0.0.1
om_1        | 2019-11-15 03:45:44,757 INFO authorize.ServiceAuthorizationManager: Authorization successful for testuser/scm@EXAMPLE.COM (auth:KERBEROS) for protocol=interface org.apache.hadoop.ozone.om.protocol.OzoneManagerProtocol
datanode_2  | 2019-11-15 03:42:46,935 INFO impl.RaftServerImpl: cd0b2596-12d2-4dee-a0df-bee3cf1194cb@group-7E4D494689E6: set configuration 0: [cd0b2596-12d2-4dee-a0df-bee3cf1194cb:172.19.0.7:9858, ff6d939d-809f-45dc-bf46-6c78fa73f302:172.19.0.4:9858, a0dd0e1e-90b3-4222-ac56-aec1f3e71ee9:172.19.0.5:9858], old=null at 0
scm_1       | 2019-11-15 03:46:31,839 INFO authorize.ServiceAuthorizationManager: Authorization successful for dn/834c397bd6b6@EXAMPLE.COM (auth:KERBEROS) for protocol=interface org.apache.hadoop.ozone.protocol.StorageContainerDatanodeProtocol
om_1        | 2019-11-15 03:45:47,586 INFO ipc.Server: Auth successful for testuser/scm@EXAMPLE.COM (auth:KERBEROS)
kdc_1       | Nov 15 03:42:20 kdc kadmind[15](Notice): Request: kadm5_create_principal, HTTP/s3g@EXAMPLE.COM, success, client=admin/admin@EXAMPLE.COM, service=kadmin/admin@EXAMPLE.COM, addr=127.0.0.1
s3g_1       | 	at org.jboss.weld.bean.ContextualInstance.get(ContextualInstance.java:50)
datanode_2  | 2019-11-15 03:42:46,983 INFO segmented.SegmentedRaftLogWorker: cd0b2596-12d2-4dee-a0df-bee3cf1194cb@group-7E4D494689E6-SegmentedRaftLogWorker: created new log segment /data/metadata/ratis/81dcbe5e-1c06-4b25-ba65-7e4d494689e6/current/log_inprogress_0
scm_1       | 2019-11-15 03:46:39,584 INFO ipc.Server: Auth successful for om/om@EXAMPLE.COM (auth:KERBEROS)
om_1        | 2019-11-15 03:45:47,601 INFO authorize.ServiceAuthorizationManager: Authorization successful for testuser/scm@EXAMPLE.COM (auth:KERBEROS) for protocol=interface org.apache.hadoop.ozone.om.protocol.OzoneManagerProtocol
kdc_1       | Nov 15 03:42:20 kdc kadmind[15](info): closing down fd 18
s3g_1       | 	at org.jboss.weld.manager.BeanManagerImpl.getReference(BeanManagerImpl.java:785)
scm_1       | 2019-11-15 03:46:39,586 INFO authorize.ServiceAuthorizationManager: Authorization successful for om/om@EXAMPLE.COM (auth:KERBEROS) for protocol=interface org.apache.hadoop.hdds.scm.protocol.ScmBlockLocationProtocol
datanode_2  | 2019-11-15 03:42:47,041 INFO impl.RaftServerImpl: cd0b2596-12d2-4dee-a0df-bee3cf1194cb@group-7E4D494689E6-   LEADER: Withhold vote from candidate ff6d939d-809f-45dc-bf46-6c78fa73f302 with term 1. State: leader=cd0b2596-12d2-4dee-a0df-bee3cf1194cb, term=1, lastRpcElapsed=null
om_1        | 2019-11-15 03:45:51,865 INFO ipc.Server: Auth successful for testuser/scm@EXAMPLE.COM (auth:KERBEROS)
kdc_1       | Nov 15 03:42:20 kdc kadmind[15](Notice): Request: kadm5_init, admin/admin@EXAMPLE.COM, success, client=admin/admin@EXAMPLE.COM, service=kadmin/admin@EXAMPLE.COM, addr=127.0.0.1, vers=4, flavor=6
s3g_1       | 	at org.jboss.weld.manager.BeanManagerImpl.getInjectableReference(BeanManagerImpl.java:885)
scm_1       | 2019-11-15 03:46:39,856 INFO server.SCMBlockProtocolServer: SCM is informed by OM to delete 1 blocks
datanode_2  | 2019-11-15 03:43:00,315 INFO client.DNCertificateClient: Getting certificate with certSerialId:14136141371244904.
om_1        | 2019-11-15 03:45:51,875 INFO authorize.ServiceAuthorizationManager: Authorization successful for testuser/scm@EXAMPLE.COM (auth:KERBEROS) for protocol=interface org.apache.hadoop.ozone.om.protocol.OzoneManagerProtocol
kdc_1       | Nov 15 03:42:20 kdc kadmind[15](Notice): Request: kadm5_randkey_principal, HTTP/s3g@EXAMPLE.COM, success, client=admin/admin@EXAMPLE.COM, service=kadmin/admin@EXAMPLE.COM, addr=127.0.0.1
s3g_1       | 	at org.jboss.weld.injection.FieldInjectionPoint.inject(FieldInjectionPoint.java:92)
scm_1       | 2019-11-15 03:46:39,856 INFO block.BlockManagerImpl: Deleting blocks conID: 2 locID: 103139871837651071 bcsId: 0
datanode_2  | 2019-11-15 03:43:56,076 WARN client.GrpcClientProtocolService: 2-OrderedRequestStreamObserver2: onError: org.apache.ratis.thirdparty.io.grpc.StatusRuntimeException: CANCELLED: cancelled before receiving half close
om_1        | 2019-11-15 03:45:55,981 INFO ipc.Server: Auth successful for testuser/scm@EXAMPLE.COM (auth:KERBEROS)
kdc_1       | Nov 15 03:42:20 kdc kadmind[15](Notice): Request: kadm5_get_principal, HTTP/s3g@EXAMPLE.COM, success, client=admin/admin@EXAMPLE.COM, service=kadmin/admin@EXAMPLE.COM, addr=127.0.0.1
s3g_1       | 	at org.jboss.weld.util.Beans.injectBoundFields(Beans.java:358)
scm_1       | 2019-11-15 03:47:01,826 INFO ipc.Server: Auth successful for dn/004ff7ea21a8@EXAMPLE.COM (auth:KERBEROS)
om_1        | 2019-11-15 03:45:55,995 INFO authorize.ServiceAuthorizationManager: Authorization successful for testuser/scm@EXAMPLE.COM (auth:KERBEROS) for protocol=interface org.apache.hadoop.ozone.om.protocol.OzoneManagerProtocol
kdc_1       | Nov 15 03:42:20 kdc kadmind[15](info): closing down fd 18
datanode_2  | 2019-11-15 03:43:56,076 WARN client.GrpcClientProtocolService: 3-UnorderedRequestStreamObserver3: onError: org.apache.ratis.thirdparty.io.grpc.StatusRuntimeException: CANCELLED: cancelled before receiving half close
s3g_1       | 	at org.jboss.weld.util.Beans.injectFieldsAndInitializers(Beans.java:369)
scm_1       | 2019-11-15 03:47:01,828 INFO ipc.Server: Auth successful for dn/db8790fa8c21@EXAMPLE.COM (auth:KERBEROS)
om_1        | 2019-11-15 03:45:58,628 INFO ipc.Server: Auth successful for testuser/scm@EXAMPLE.COM (auth:KERBEROS)
kdc_1       | Nov 15 03:42:20 kdc kadmind[15](Notice): Request: kadm5_init, admin/admin@EXAMPLE.COM, success, client=admin/admin@EXAMPLE.COM, service=kadmin/admin@EXAMPLE.COM, addr=127.0.0.1, vers=4, flavor=6
s3g_1       | 	at org.jboss.weld.injection.producer.ResourceInjector$1.proceed(ResourceInjector.java:70)
scm_1       | 2019-11-15 03:47:01,828 INFO authorize.ServiceAuthorizationManager: Authorization successful for dn/004ff7ea21a8@EXAMPLE.COM (auth:KERBEROS) for protocol=interface org.apache.hadoop.ozone.protocol.StorageContainerDatanodeProtocol
kdc_1       | Nov 15 03:42:20 kdc kadmind[15](Notice): Request: kadm5_get_policy, default, Policy does not exist, client=admin/admin@EXAMPLE.COM, service=kadmin/admin@EXAMPLE.COM, addr=127.0.0.1
scm_1       | 2019-11-15 03:47:01,835 INFO authorize.ServiceAuthorizationManager: Authorization successful for dn/db8790fa8c21@EXAMPLE.COM (auth:KERBEROS) for protocol=interface org.apache.hadoop.ozone.protocol.StorageContainerDatanodeProtocol
datanode_2  | 2019-11-15 03:45:04,260 WARN client.GrpcClientProtocolService: 4-OrderedRequestStreamObserver4: onError: org.apache.ratis.thirdparty.io.grpc.StatusRuntimeException: CANCELLED: cancelled before receiving half close
kdc_1       | Nov 15 03:42:20 kdc kadmind[15](Notice): Request: kadm5_create_principal, om/834c397bd6b6@EXAMPLE.COM, success, client=admin/admin@EXAMPLE.COM, service=kadmin/admin@EXAMPLE.COM, addr=127.0.0.1
om_1        | 2019-11-15 03:45:58,640 INFO authorize.ServiceAuthorizationManager: Authorization successful for testuser/scm@EXAMPLE.COM (auth:KERBEROS) for protocol=interface org.apache.hadoop.ozone.om.protocol.OzoneManagerProtocol
s3g_1       | 	at org.jboss.weld.injection.InjectionContextImpl.run(InjectionContextImpl.java:48)
scm_1       | 2019-11-15 03:47:01,838 INFO ipc.Server: Auth successful for dn/834c397bd6b6@EXAMPLE.COM (auth:KERBEROS)
datanode_2  | 2019-11-15 03:45:04,261 WARN client.GrpcClientProtocolService: 5-UnorderedRequestStreamObserver5: onError: org.apache.ratis.thirdparty.io.grpc.StatusRuntimeException: CANCELLED: cancelled before receiving half close
kdc_1       | Nov 15 03:42:20 kdc kadmind[15](info): closing down fd 18
om_1        | 2019-11-15 03:46:01,305 INFO ipc.Server: Auth successful for testuser/scm@EXAMPLE.COM (auth:KERBEROS)
s3g_1       | 	at org.jboss.weld.injection.producer.ResourceInjector.inject(ResourceInjector.java:72)
datanode_2  | 2019-11-15 03:45:50,068 WARN client.GrpcClientProtocolService: 6-OrderedRequestStreamObserver6: onError: org.apache.ratis.thirdparty.io.grpc.StatusRuntimeException: CANCELLED: cancelled before receiving half close
scm_1       | 2019-11-15 03:47:01,841 INFO authorize.ServiceAuthorizationManager: Authorization successful for dn/834c397bd6b6@EXAMPLE.COM (auth:KERBEROS) for protocol=interface org.apache.hadoop.ozone.protocol.StorageContainerDatanodeProtocol
kdc_1       | Nov 15 03:42:20 kdc kadmind[15](Notice): Request: kadm5_init, admin/admin@EXAMPLE.COM, success, client=admin/admin@EXAMPLE.COM, service=kadmin/admin@EXAMPLE.COM, addr=127.0.0.1, vers=4, flavor=6
om_1        | 2019-11-15 03:46:01,321 INFO authorize.ServiceAuthorizationManager: Authorization successful for testuser/scm@EXAMPLE.COM (auth:KERBEROS) for protocol=interface org.apache.hadoop.ozone.om.protocol.OzoneManagerProtocol
s3g_1       | 	at org.jboss.weld.injection.producer.BasicInjectionTarget.inject(BasicInjectionTarget.java:117)
datanode_2  | 2019-11-15 03:45:50,069 WARN client.GrpcClientProtocolService: 7-UnorderedRequestStreamObserver7: onError: org.apache.ratis.thirdparty.io.grpc.StatusRuntimeException: CANCELLED: cancelled before receiving half close
kdc_1       | Nov 15 03:42:20 kdc kadmind[15](Notice): Request: kadm5_randkey_principal, om/834c397bd6b6@EXAMPLE.COM, success, client=admin/admin@EXAMPLE.COM, service=kadmin/admin@EXAMPLE.COM, addr=127.0.0.1
scm_1       | 2019-11-15 03:47:31,825 INFO ipc.Server: Auth successful for dn/004ff7ea21a8@EXAMPLE.COM (auth:KERBEROS)
om_1        | 2019-11-15 03:46:04,072 INFO ipc.Server: Auth successful for testuser/scm@EXAMPLE.COM (auth:KERBEROS)
s3g_1       | 	at org.glassfish.jersey.ext.cdi1x.internal.CdiComponentProvider$InjectionManagerInjectedCdiTarget.inject(CdiComponentProvider.java:873)
kdc_1       | Nov 15 03:42:20 kdc kadmind[15](Notice): Request: kadm5_get_principal, om/834c397bd6b6@EXAMPLE.COM, success, client=admin/admin@EXAMPLE.COM, service=kadmin/admin@EXAMPLE.COM, addr=127.0.0.1
scm_1       | 2019-11-15 03:47:31,826 INFO ipc.Server: Auth successful for dn/db8790fa8c21@EXAMPLE.COM (auth:KERBEROS)
datanode_2  | 2019-11-15 03:46:41,503 WARN client.GrpcClientProtocolService: 8-OrderedRequestStreamObserver8: onError: org.apache.ratis.thirdparty.io.grpc.StatusRuntimeException: CANCELLED: cancelled before receiving half close
om_1        | 2019-11-15 03:46:04,085 INFO authorize.ServiceAuthorizationManager: Authorization successful for testuser/scm@EXAMPLE.COM (auth:KERBEROS) for protocol=interface org.apache.hadoop.ozone.om.protocol.OzoneManagerProtocol
s3g_1       | 	at org.jboss.weld.bean.ManagedBean.create(ManagedBean.java:159)
kdc_1       | Nov 15 03:42:20 kdc kadmind[15](info): closing down fd 18
scm_1       | 2019-11-15 03:47:31,830 INFO authorize.ServiceAuthorizationManager: Authorization successful for dn/db8790fa8c21@EXAMPLE.COM (auth:KERBEROS) for protocol=interface org.apache.hadoop.ozone.protocol.StorageContainerDatanodeProtocol
datanode_2  | 2019-11-15 03:46:41,504 WARN client.GrpcClientProtocolService: 9-UnorderedRequestStreamObserver9: onError: org.apache.ratis.thirdparty.io.grpc.StatusRuntimeException: CANCELLED: cancelled before receiving half close
om_1        | 2019-11-15 03:46:06,882 INFO ipc.Server: Auth successful for testuser/scm@EXAMPLE.COM (auth:KERBEROS)
s3g_1       | 	at org.jboss.weld.context.unbound.DependentContextImpl.get(DependentContextImpl.java:70)
kdc_1       | Nov 15 03:42:20 kdc kadmind[15](Notice): Request: kadm5_init, admin/admin@EXAMPLE.COM, success, client=admin/admin@EXAMPLE.COM, service=kadmin/admin@EXAMPLE.COM, addr=127.0.0.1, vers=4, flavor=6
scm_1       | 2019-11-15 03:47:31,832 INFO authorize.ServiceAuthorizationManager: Authorization successful for dn/004ff7ea21a8@EXAMPLE.COM (auth:KERBEROS) for protocol=interface org.apache.hadoop.ozone.protocol.StorageContainerDatanodeProtocol
datanode_2  | 2019-11-15 03:48:11,273 WARN client.GrpcClientProtocolService: 10-OrderedRequestStreamObserver10: onError: org.apache.ratis.thirdparty.io.grpc.StatusRuntimeException: CANCELLED: cancelled before receiving half close
om_1        | 2019-11-15 03:46:06,894 INFO authorize.ServiceAuthorizationManager: Authorization successful for testuser/scm@EXAMPLE.COM (auth:KERBEROS) for protocol=interface org.apache.hadoop.ozone.om.protocol.OzoneManagerProtocol
s3g_1       | 	at org.jboss.weld.bean.ContextualInstanceStrategy$DefaultContextualInstanceStrategy.get(ContextualInstanceStrategy.java:100)
kdc_1       | Nov 15 03:42:20 kdc kadmind[15](Notice): Request: kadm5_get_policy, default, Policy does not exist, client=admin/admin@EXAMPLE.COM, service=kadmin/admin@EXAMPLE.COM, addr=127.0.0.1
scm_1       | 2019-11-15 03:47:31,843 INFO ipc.Server: Auth successful for dn/834c397bd6b6@EXAMPLE.COM (auth:KERBEROS)
datanode_2  | 2019-11-15 03:48:11,274 WARN client.GrpcClientProtocolService: 11-UnorderedRequestStreamObserver11: onError: org.apache.ratis.thirdparty.io.grpc.StatusRuntimeException: CANCELLED: cancelled before receiving half close
om_1        | 2019-11-15 03:46:09,621 INFO ipc.Server: Auth successful for testuser/scm@EXAMPLE.COM (auth:KERBEROS)
s3g_1       | 	at org.jboss.weld.bean.ContextualInstance.get(ContextualInstance.java:50)
scm_1       | 2019-11-15 03:47:31,847 INFO authorize.ServiceAuthorizationManager: Authorization successful for dn/834c397bd6b6@EXAMPLE.COM (auth:KERBEROS) for protocol=interface org.apache.hadoop.ozone.protocol.StorageContainerDatanodeProtocol
datanode_2  | 2019-11-15 03:52:08,020 WARN client.GrpcClientProtocolService: 26-OrderedRequestStreamObserver26: onError: org.apache.ratis.thirdparty.io.grpc.StatusRuntimeException: CANCELLED: cancelled before receiving half close
kdc_1       | Nov 15 03:42:20 kdc kadmind[15](Notice): Request: kadm5_create_principal, om/004ff7ea21a8@EXAMPLE.COM, success, client=admin/admin@EXAMPLE.COM, service=kadmin/admin@EXAMPLE.COM, addr=127.0.0.1
om_1        | 2019-11-15 03:46:09,633 INFO authorize.ServiceAuthorizationManager: Authorization successful for testuser/scm@EXAMPLE.COM (auth:KERBEROS) for protocol=interface org.apache.hadoop.ozone.om.protocol.OzoneManagerProtocol
s3g_1       | 	at org.jboss.weld.manager.BeanManagerImpl.getReference(BeanManagerImpl.java:785)
scm_1       | 2019-11-15 03:47:39,747 INFO container.ReplicationManager: Starting Replication Monitor Thread.
kdc_1       | Nov 15 03:42:20 kdc kadmind[15](info): closing down fd 18
datanode_2  | 2019-11-15 03:52:08,020 WARN client.GrpcClientProtocolService: 27-UnorderedRequestStreamObserver27: onError: org.apache.ratis.thirdparty.io.grpc.StatusRuntimeException: CANCELLED: cancelled before receiving half close
s3g_1       | 	at org.jboss.weld.manager.BeanManagerImpl.getReference(BeanManagerImpl.java:808)
scm_1       | 2019-11-15 03:47:39,758 INFO container.ReplicationManager: Replication Monitor Thread took 8 milliseconds for processing 3 containers.
kdc_1       | Nov 15 03:42:20 kdc kadmind[15](Notice): Request: kadm5_init, admin/admin@EXAMPLE.COM, success, client=admin/admin@EXAMPLE.COM, service=kadmin/admin@EXAMPLE.COM, addr=127.0.0.1, vers=4, flavor=6
om_1        | 2019-11-15 03:46:12,251 INFO ipc.Server: Auth successful for testuser/scm@EXAMPLE.COM (auth:KERBEROS)
scm_1       | 2019-11-15 03:47:39,891 INFO ipc.Server: Auth successful for om/om@EXAMPLE.COM (auth:KERBEROS)
s3g_1       | 	at org.jboss.weld.util.ForwardingBeanManager.getReference(ForwardingBeanManager.java:61)
kdc_1       | Nov 15 03:42:20 kdc kadmind[15](Notice): Request: kadm5_randkey_principal, om/004ff7ea21a8@EXAMPLE.COM, success, client=admin/admin@EXAMPLE.COM, service=kadmin/admin@EXAMPLE.COM, addr=127.0.0.1
om_1        | 2019-11-15 03:46:12,265 INFO authorize.ServiceAuthorizationManager: Authorization successful for testuser/scm@EXAMPLE.COM (auth:KERBEROS) for protocol=interface org.apache.hadoop.ozone.om.protocol.OzoneManagerProtocol
s3g_1       | 	at org.jboss.weld.bean.builtin.BeanManagerProxy.getReference(BeanManagerProxy.java:85)
om_1        | 2019-11-15 03:46:14,987 INFO ipc.Server: Auth successful for testuser/scm@EXAMPLE.COM (auth:KERBEROS)
kdc_1       | Nov 15 03:42:20 kdc kadmind[15](Notice): Request: kadm5_get_principal, om/004ff7ea21a8@EXAMPLE.COM, success, client=admin/admin@EXAMPLE.COM, service=kadmin/admin@EXAMPLE.COM, addr=127.0.0.1
scm_1       | 2019-11-15 03:47:39,893 INFO authorize.ServiceAuthorizationManager: Authorization successful for om/om@EXAMPLE.COM (auth:KERBEROS) for protocol=interface org.apache.hadoop.hdds.scm.protocol.ScmBlockLocationProtocol
s3g_1       | 	at org.glassfish.jersey.ext.cdi1x.internal.CdiUtil.getBeanReference(CdiUtil.java:151)
om_1        | 2019-11-15 03:46:15,001 INFO authorize.ServiceAuthorizationManager: Authorization successful for testuser/scm@EXAMPLE.COM (auth:KERBEROS) for protocol=interface org.apache.hadoop.ozone.om.protocol.OzoneManagerProtocol
kdc_1       | Nov 15 03:42:20 kdc kadmind[15](info): closing down fd 18
scm_1       | 2019-11-15 03:47:39,893 INFO server.SCMBlockProtocolServer: SCM is informed by OM to delete 1 blocks
om_1        | 2019-11-15 03:46:17,698 INFO ipc.Server: Auth successful for testuser/scm@EXAMPLE.COM (auth:KERBEROS)
kdc_1       | Nov 15 03:42:20 kdc kadmind[15](Notice): Request: kadm5_init, admin/admin@EXAMPLE.COM, success, client=admin/admin@EXAMPLE.COM, service=kadmin/admin@EXAMPLE.COM, addr=127.0.0.1, vers=4, flavor=6
scm_1       | 2019-11-15 03:47:39,893 INFO block.BlockManagerImpl: Deleting blocks conID: 3 locID: 103139875198533760 bcsId: 0
s3g_1       | 	at org.glassfish.jersey.ext.cdi1x.internal.AbstractCdiBeanSupplier$1.getInstance(AbstractCdiBeanSupplier.java:93)
om_1        | 2019-11-15 03:46:17,712 INFO authorize.ServiceAuthorizationManager: Authorization successful for testuser/scm@EXAMPLE.COM (auth:KERBEROS) for protocol=interface org.apache.hadoop.ozone.om.protocol.OzoneManagerProtocol
kdc_1       | Nov 15 03:42:20 kdc kadmind[15](Notice): Request: kadm5_get_policy, default, Policy does not exist, client=admin/admin@EXAMPLE.COM, service=kadmin/admin@EXAMPLE.COM, addr=127.0.0.1
scm_1       | 2019-11-15 03:48:01,819 INFO ipc.Server: Auth successful for dn/db8790fa8c21@EXAMPLE.COM (auth:KERBEROS)
kdc_1       | Nov 15 03:42:20 kdc kadmind[15](Notice): Request: kadm5_create_principal, om/scm@EXAMPLE.COM, success, client=admin/admin@EXAMPLE.COM, service=kadmin/admin@EXAMPLE.COM, addr=127.0.0.1
om_1        | 2019-11-15 03:46:18,376 INFO volume.OMVolumeCreateRequest: created volume:45035-rpcwoscheme for user:testuser/scm@EXAMPLE.COM
s3g_1       | 	at org.glassfish.jersey.ext.cdi1x.internal.AbstractCdiBeanSupplier._provide(AbstractCdiBeanSupplier.java:127)
scm_1       | 2019-11-15 03:48:01,825 INFO authorize.ServiceAuthorizationManager: Authorization successful for dn/db8790fa8c21@EXAMPLE.COM (auth:KERBEROS) for protocol=interface org.apache.hadoop.ozone.protocol.StorageContainerDatanodeProtocol
kdc_1       | Nov 15 03:42:20 kdc kadmind[15](info): closing down fd 18
om_1        | 2019-11-15 03:46:20,312 INFO ipc.Server: Auth successful for testuser/scm@EXAMPLE.COM (auth:KERBEROS)
s3g_1       | 	at org.glassfish.jersey.ext.cdi1x.internal.RequestScopedCdiBeanSupplier.get(RequestScopedCdiBeanSupplier.java:70)
scm_1       | 2019-11-15 03:48:01,826 INFO ipc.Server: Auth successful for dn/004ff7ea21a8@EXAMPLE.COM (auth:KERBEROS)
kdc_1       | Nov 15 03:42:21 kdc kadmind[15](Notice): Request: kadm5_init, admin/admin@EXAMPLE.COM, success, client=admin/admin@EXAMPLE.COM, service=kadmin/admin@EXAMPLE.COM, addr=127.0.0.1, vers=4, flavor=6
om_1        | 2019-11-15 03:46:20,325 INFO authorize.ServiceAuthorizationManager: Authorization successful for testuser/scm@EXAMPLE.COM (auth:KERBEROS) for protocol=interface org.apache.hadoop.ozone.om.protocol.OzoneManagerProtocol
s3g_1       | 	at org.glassfish.jersey.inject.hk2.InstanceSupplierFactoryBridge.provide(InstanceSupplierFactoryBridge.java:77)
scm_1       | 2019-11-15 03:48:01,835 INFO ipc.Server: Auth successful for dn/834c397bd6b6@EXAMPLE.COM (auth:KERBEROS)
kdc_1       | Nov 15 03:42:21 kdc kadmind[15](Notice): Request: kadm5_randkey_principal, om/scm@EXAMPLE.COM, success, client=admin/admin@EXAMPLE.COM, service=kadmin/admin@EXAMPLE.COM, addr=127.0.0.1
om_1        | 2019-11-15 03:46:23,091 INFO ipc.Server: Auth successful for testuser/scm@EXAMPLE.COM (auth:KERBEROS)
s3g_1       | 	at org.jvnet.hk2.internal.FactoryCreator.create(FactoryCreator.java:153)
scm_1       | 2019-11-15 03:48:01,837 INFO authorize.ServiceAuthorizationManager: Authorization successful for dn/834c397bd6b6@EXAMPLE.COM (auth:KERBEROS) for protocol=interface org.apache.hadoop.ozone.protocol.StorageContainerDatanodeProtocol
om_1        | 2019-11-15 03:46:23,104 INFO authorize.ServiceAuthorizationManager: Authorization successful for testuser/scm@EXAMPLE.COM (auth:KERBEROS) for protocol=interface org.apache.hadoop.ozone.om.protocol.OzoneManagerProtocol
kdc_1       | Nov 15 03:42:21 kdc kadmind[15](Notice): Request: kadm5_get_principal, om/scm@EXAMPLE.COM, success, client=admin/admin@EXAMPLE.COM, service=kadmin/admin@EXAMPLE.COM, addr=127.0.0.1
s3g_1       | 	at org.jvnet.hk2.internal.SystemDescriptor.create(SystemDescriptor.java:487)
om_1        | 2019-11-15 03:46:25,876 INFO ipc.Server: Auth successful for testuser/scm@EXAMPLE.COM (auth:KERBEROS)
scm_1       | 2019-11-15 03:48:01,838 INFO authorize.ServiceAuthorizationManager: Authorization successful for dn/004ff7ea21a8@EXAMPLE.COM (auth:KERBEROS) for protocol=interface org.apache.hadoop.ozone.protocol.StorageContainerDatanodeProtocol
kdc_1       | Nov 15 03:42:21 kdc kadmind[15](info): closing down fd 18
s3g_1       | 	at org.jvnet.hk2.internal.PerLookupContext.findOrCreate(PerLookupContext.java:70)
om_1        | 2019-11-15 03:46:25,888 INFO authorize.ServiceAuthorizationManager: Authorization successful for testuser/scm@EXAMPLE.COM (auth:KERBEROS) for protocol=interface org.apache.hadoop.ozone.om.protocol.OzoneManagerProtocol
scm_1       | 2019-11-15 03:48:09,424 INFO ipc.Server: Auth successful for om/om@EXAMPLE.COM (auth:KERBEROS)
kdc_1       | Nov 15 03:42:21 kdc kadmind[15](Notice): Request: kadm5_init, admin/admin@EXAMPLE.COM, success, client=admin/admin@EXAMPLE.COM, service=kadmin/admin@EXAMPLE.COM, addr=127.0.0.1, vers=4, flavor=6
s3g_1       | 	at org.jvnet.hk2.internal.Utilities.createService(Utilities.java:2126)
om_1        | 2019-11-15 03:46:28,583 INFO ipc.Server: Auth successful for testuser/scm@EXAMPLE.COM (auth:KERBEROS)
scm_1       | 2019-11-15 03:48:09,426 INFO authorize.ServiceAuthorizationManager: Authorization successful for om/om@EXAMPLE.COM (auth:KERBEROS) for protocol=interface org.apache.hadoop.hdds.scm.protocol.ScmBlockLocationProtocol
kdc_1       | Nov 15 03:42:21 kdc kadmind[15](Notice): Request: kadm5_get_policy, default, Policy does not exist, client=admin/admin@EXAMPLE.COM, service=kadmin/admin@EXAMPLE.COM, addr=127.0.0.1
s3g_1       | 	at org.jvnet.hk2.internal.ServiceLocatorImpl.internalGetService(ServiceLocatorImpl.java:777)
scm_1       | 2019-11-15 03:48:31,820 INFO ipc.Server: Auth successful for dn/db8790fa8c21@EXAMPLE.COM (auth:KERBEROS)
kdc_1       | Principal "testuser/bee7c2188a27@EXAMPLE.COM" created.
s3g_1       | 	at org.jvnet.hk2.internal.ServiceLocatorImpl.internalGetService(ServiceLocatorImpl.java:740)
kdc_1       | Authenticating as principal admin/admin with keytab /tmp/admin.keytab.
om_1        | 2019-11-15 03:46:28,594 INFO authorize.ServiceAuthorizationManager: Authorization successful for testuser/scm@EXAMPLE.COM (auth:KERBEROS) for protocol=interface org.apache.hadoop.ozone.om.protocol.OzoneManagerProtocol
scm_1       | 2019-11-15 03:48:31,821 INFO ipc.Server: Auth successful for dn/004ff7ea21a8@EXAMPLE.COM (auth:KERBEROS)
s3g_1       | 	at org.jvnet.hk2.internal.ServiceLocatorImpl.getService(ServiceLocatorImpl.java:710)
kdc_1       | Entry for principal testuser/bee7c2188a27@EXAMPLE.COM with kvno 2, encryption type aes256-cts-hmac-sha1-96 added to keytab WRFILE:/data/testuser.bee7c2188a27.keytab.
om_1        | 2019-11-15 03:46:31,145 INFO ipc.Server: Auth successful for testuser/scm@EXAMPLE.COM (auth:KERBEROS)
scm_1       | 2019-11-15 03:48:31,823 INFO authorize.ServiceAuthorizationManager: Authorization successful for dn/db8790fa8c21@EXAMPLE.COM (auth:KERBEROS) for protocol=interface org.apache.hadoop.ozone.protocol.StorageContainerDatanodeProtocol
s3g_1       | 	at org.glassfish.jersey.inject.hk2.AbstractHk2InjectionManager.getInstance(AbstractHk2InjectionManager.java:184)
kdc_1       | Entry for principal testuser/bee7c2188a27@EXAMPLE.COM with kvno 2, encryption type aes128-cts-hmac-sha1-96 added to keytab WRFILE:/data/testuser.bee7c2188a27.keytab.
om_1        | 2019-11-15 03:46:31,157 INFO authorize.ServiceAuthorizationManager: Authorization successful for testuser/scm@EXAMPLE.COM (auth:KERBEROS) for protocol=interface org.apache.hadoop.ozone.om.protocol.OzoneManagerProtocol
scm_1       | 2019-11-15 03:48:31,826 INFO authorize.ServiceAuthorizationManager: Authorization successful for dn/004ff7ea21a8@EXAMPLE.COM (auth:KERBEROS) for protocol=interface org.apache.hadoop.ozone.protocol.StorageContainerDatanodeProtocol
s3g_1       | 	at org.glassfish.jersey.inject.hk2.ImmediateHk2InjectionManager.getInstance(ImmediateHk2InjectionManager.java:54)
kdc_1       | Generiting keytab
om_1        | 2019-11-15 03:46:33,912 INFO ipc.Server: Auth successful for testuser/scm@EXAMPLE.COM (auth:KERBEROS)
scm_1       | 2019-11-15 03:48:31,833 INFO ipc.Server: Auth successful for dn/834c397bd6b6@EXAMPLE.COM (auth:KERBEROS)
s3g_1       | 	at org.glassfish.jersey.internal.inject.Injections.getOrCreate(Injections.java:129)
kdc_1       | Authenticating as principal admin/admin with keytab /tmp/admin.keytab.
om_1        | 2019-11-15 03:46:33,925 INFO authorize.ServiceAuthorizationManager: Authorization successful for testuser/scm@EXAMPLE.COM (auth:KERBEROS) for protocol=interface org.apache.hadoop.ozone.om.protocol.OzoneManagerProtocol
scm_1       | 2019-11-15 03:48:31,837 INFO authorize.ServiceAuthorizationManager: Authorization successful for dn/834c397bd6b6@EXAMPLE.COM (auth:KERBEROS) for protocol=interface org.apache.hadoop.ozone.protocol.StorageContainerDatanodeProtocol
s3g_1       | 	at org.glassfish.jersey.server.model.MethodHandler$ClassBasedMethodHandler.getInstance(MethodHandler.java:284)
kdc_1       | WARNING: no policy specified for HTTP/db8790fa8c21@EXAMPLE.COM; defaulting to no policy
om_1        | 2019-11-15 03:46:36,496 INFO ipc.Server: Auth successful for testuser/scm@EXAMPLE.COM (auth:KERBEROS)
scm_1       | 2019-11-15 03:49:01,828 INFO ipc.Server: Auth successful for dn/db8790fa8c21@EXAMPLE.COM (auth:KERBEROS)
s3g_1       | 	at org.glassfish.jersey.server.internal.routing.PushMethodHandlerRouter.apply(PushMethodHandlerRouter.java:75)
kdc_1       | Principal "HTTP/db8790fa8c21@EXAMPLE.COM" created.
om_1        | 2019-11-15 03:46:36,506 INFO authorize.ServiceAuthorizationManager: Authorization successful for testuser/scm@EXAMPLE.COM (auth:KERBEROS) for protocol=interface org.apache.hadoop.ozone.om.protocol.OzoneManagerProtocol
scm_1       | 2019-11-15 03:49:01,829 INFO ipc.Server: Auth successful for dn/004ff7ea21a8@EXAMPLE.COM (auth:KERBEROS)
s3g_1       | 	at org.glassfish.jersey.server.internal.routing.RoutingStage._apply(RoutingStage.java:110)
kdc_1       | Authenticating as principal admin/admin with keytab /tmp/admin.keytab.
om_1        | 2019-11-15 03:46:38,937 INFO ipc.Server: Auth successful for testuser/scm@EXAMPLE.COM (auth:KERBEROS)
scm_1       | 2019-11-15 03:49:01,835 INFO authorize.ServiceAuthorizationManager: Authorization successful for dn/db8790fa8c21@EXAMPLE.COM (auth:KERBEROS) for protocol=interface org.apache.hadoop.ozone.protocol.StorageContainerDatanodeProtocol
s3g_1       | 	at org.glassfish.jersey.server.internal.routing.RoutingStage._apply(RoutingStage.java:113)
kdc_1       | Entry for principal HTTP/db8790fa8c21@EXAMPLE.COM with kvno 2, encryption type aes256-cts-hmac-sha1-96 added to keytab WRFILE:/data/HTTP.db8790fa8c21.keytab.
om_1        | 2019-11-15 03:46:38,948 INFO authorize.ServiceAuthorizationManager: Authorization successful for testuser/scm@EXAMPLE.COM (auth:KERBEROS) for protocol=interface org.apache.hadoop.ozone.om.protocol.OzoneManagerProtocol
scm_1       | 2019-11-15 03:49:01,836 INFO authorize.ServiceAuthorizationManager: Authorization successful for dn/004ff7ea21a8@EXAMPLE.COM (auth:KERBEROS) for protocol=interface org.apache.hadoop.ozone.protocol.StorageContainerDatanodeProtocol
s3g_1       | 	at org.glassfish.jersey.server.internal.routing.RoutingStage._apply(RoutingStage.java:113)
kdc_1       | Entry for principal HTTP/db8790fa8c21@EXAMPLE.COM with kvno 2, encryption type aes128-cts-hmac-sha1-96 added to keytab WRFILE:/data/HTTP.db8790fa8c21.keytab.
om_1        | 2019-11-15 03:46:43,243 INFO ipc.Server: Auth successful for testuser/scm@EXAMPLE.COM (auth:KERBEROS)
scm_1       | 2019-11-15 03:49:01,837 INFO ipc.Server: Auth successful for dn/834c397bd6b6@EXAMPLE.COM (auth:KERBEROS)
s3g_1       | 	at org.glassfish.jersey.server.internal.routing.RoutingStage._apply(RoutingStage.java:113)
kdc_1       | Generiting keytab
om_1        | 2019-11-15 03:46:43,256 INFO authorize.ServiceAuthorizationManager: Authorization successful for testuser/scm@EXAMPLE.COM (auth:KERBEROS) for protocol=interface org.apache.hadoop.ozone.om.protocol.OzoneManagerProtocol
s3g_1       | 	at org.glassfish.jersey.server.internal.routing.RoutingStage.apply(RoutingStage.java:93)
kdc_1       | Authenticating as principal admin/admin with keytab /tmp/admin.keytab.
scm_1       | 2019-11-15 03:49:01,841 INFO authorize.ServiceAuthorizationManager: Authorization successful for dn/834c397bd6b6@EXAMPLE.COM (auth:KERBEROS) for protocol=interface org.apache.hadoop.ozone.protocol.StorageContainerDatanodeProtocol
om_1        | 2019-11-15 03:46:47,496 INFO ipc.Server: Auth successful for testuser/scm@EXAMPLE.COM (auth:KERBEROS)
s3g_1       | 	at org.glassfish.jersey.server.internal.routing.RoutingStage.apply(RoutingStage.java:62)
kdc_1       | WARNING: no policy specified for dn/om@EXAMPLE.COM; defaulting to no policy
scm_1       | 2019-11-15 03:49:31,833 INFO ipc.Server: Auth successful for dn/004ff7ea21a8@EXAMPLE.COM (auth:KERBEROS)
om_1        | 2019-11-15 03:46:47,507 INFO authorize.ServiceAuthorizationManager: Authorization successful for testuser/scm@EXAMPLE.COM (auth:KERBEROS) for protocol=interface org.apache.hadoop.ozone.om.protocol.OzoneManagerProtocol
s3g_1       | 	at org.glassfish.jersey.process.internal.Stages.process(Stages.java:197)
kdc_1       | Principal "dn/om@EXAMPLE.COM" created.
scm_1       | 2019-11-15 03:49:31,835 INFO ipc.Server: Auth successful for dn/db8790fa8c21@EXAMPLE.COM (auth:KERBEROS)
om_1        | 2019-11-15 03:46:50,273 INFO ipc.Server: Auth successful for testuser/scm@EXAMPLE.COM (auth:KERBEROS)
s3g_1       | 	at org.glassfish.jersey.server.ServerRuntime$1.run(ServerRuntime.java:269)
kdc_1       | Authenticating as principal admin/admin with keytab /tmp/admin.keytab.
scm_1       | 2019-11-15 03:49:31,838 INFO authorize.ServiceAuthorizationManager: Authorization successful for dn/004ff7ea21a8@EXAMPLE.COM (auth:KERBEROS) for protocol=interface org.apache.hadoop.ozone.protocol.StorageContainerDatanodeProtocol
om_1        | 2019-11-15 03:46:50,286 INFO authorize.ServiceAuthorizationManager: Authorization successful for testuser/scm@EXAMPLE.COM (auth:KERBEROS) for protocol=interface org.apache.hadoop.ozone.om.protocol.OzoneManagerProtocol
s3g_1       | 	at org.glassfish.jersey.internal.Errors$1.call(Errors.java:272)
kdc_1       | Entry for principal dn/om@EXAMPLE.COM with kvno 2, encryption type aes256-cts-hmac-sha1-96 added to keytab WRFILE:/data/dn.om.keytab.
scm_1       | 2019-11-15 03:49:31,843 INFO authorize.ServiceAuthorizationManager: Authorization successful for dn/db8790fa8c21@EXAMPLE.COM (auth:KERBEROS) for protocol=interface org.apache.hadoop.ozone.protocol.StorageContainerDatanodeProtocol
om_1        | 2019-11-15 03:46:52,970 INFO ipc.Server: Auth successful for testuser/scm@EXAMPLE.COM (auth:KERBEROS)
kdc_1       | Entry for principal dn/om@EXAMPLE.COM with kvno 2, encryption type aes128-cts-hmac-sha1-96 added to keytab WRFILE:/data/dn.om.keytab.
scm_1       | 2019-11-15 03:49:31,846 INFO ipc.Server: Auth successful for dn/834c397bd6b6@EXAMPLE.COM (auth:KERBEROS)
s3g_1       | 	at org.glassfish.jersey.internal.Errors$1.call(Errors.java:268)
om_1        | 2019-11-15 03:46:52,982 INFO authorize.ServiceAuthorizationManager: Authorization successful for testuser/scm@EXAMPLE.COM (auth:KERBEROS) for protocol=interface org.apache.hadoop.ozone.om.protocol.OzoneManagerProtocol
kdc_1       | Generiting keytab
s3g_1       | 	at org.glassfish.jersey.internal.Errors.process(Errors.java:316)
om_1        | 2019-11-15 03:46:55,420 INFO ipc.Server: Auth successful for testuser/scm@EXAMPLE.COM (auth:KERBEROS)
kdc_1       | Authenticating as principal admin/admin with keytab /tmp/admin.keytab.
s3g_1       | 	at org.glassfish.jersey.internal.Errors.process(Errors.java:298)
om_1        | 2019-11-15 03:46:55,431 INFO authorize.ServiceAuthorizationManager: Authorization successful for testuser/scm@EXAMPLE.COM (auth:KERBEROS) for protocol=interface org.apache.hadoop.ozone.om.protocol.OzoneManagerProtocol
scm_1       | 2019-11-15 03:49:31,849 INFO authorize.ServiceAuthorizationManager: Authorization successful for dn/834c397bd6b6@EXAMPLE.COM (auth:KERBEROS) for protocol=interface org.apache.hadoop.ozone.protocol.StorageContainerDatanodeProtocol
kdc_1       | WARNING: no policy specified for testuser/s3g@EXAMPLE.COM; defaulting to no policy
s3g_1       | 	at org.glassfish.jersey.internal.Errors.process(Errors.java:268)
om_1        | 2019-11-15 03:46:57,873 INFO ipc.Server: Auth successful for testuser/scm@EXAMPLE.COM (auth:KERBEROS)
scm_1       | 2019-11-15 03:49:47,165 INFO ipc.Server: Auth successful for om/om@EXAMPLE.COM (auth:KERBEROS)
kdc_1       | Principal "testuser/s3g@EXAMPLE.COM" created.
s3g_1       | 	at org.glassfish.jersey.process.internal.RequestScope.runInScope(RequestScope.java:289)
om_1        | 2019-11-15 03:46:57,884 INFO authorize.ServiceAuthorizationManager: Authorization successful for testuser/scm@EXAMPLE.COM (auth:KERBEROS) for protocol=interface org.apache.hadoop.ozone.om.protocol.OzoneManagerProtocol
scm_1       | 2019-11-15 03:49:47,167 INFO authorize.ServiceAuthorizationManager: Authorization successful for om/om@EXAMPLE.COM (auth:KERBEROS) for protocol=interface org.apache.hadoop.hdds.scm.protocol.StorageContainerLocationProtocol
kdc_1       | Authenticating as principal admin/admin with keytab /tmp/admin.keytab.
