jhs         | 2019-11-14 20:19:03 INFO  ApplicationHistoryServer:318 - Instantiating AHSWebApp at 8188
datanode_2  | 2019-11-14 20:19:11,906 INFO impl.RaftServerProxy: 9e948a01-f9af-4a20-85b2-a6932055872e: addNew group-6A08574E55F2:[9e948a01-f9af-4a20-85b2-a6932055872e:172.19.0.8:9858] returns group-6A08574E55F2:java.util.concurrent.CompletableFuture@39197aad[Not completed]
scm_1       | 2019-11-14 20:19:04,392 INFO http.HttpServer2: Added filter static_user_filter (class=org.apache.hadoop.http.lib.StaticUserWebFilter$StaticUserFilter) to context logs
kdc_1       | Nov 14 20:18:37 kdc kadmind[15](Notice): Request: kadm5_create_principal, dn/132da635c4d0@EXAMPLE.COM, success, client=admin/admin@EXAMPLE.COM, service=kadmin/admin@EXAMPLE.COM, addr=127.0.0.1
nm_1        | 2019-11-14 20:18:59 INFO  AsyncDispatcher:223 - Registering class org.apache.hadoop.yarn.server.nodemanager.containermanager.localizer.sharedcache.SharedCacheUploadEventType for class org.apache.hadoop.yarn.server.nodemanager.containermanager.localizer.sharedcache.SharedCacheUploadService
om_1        | 2019-11-14 20:19:09,440 INFO db.DBStoreBuilder: Using default column profile:DBProfile.DISK for Table:deletedTable
rm_1        | 2019-11-14 20:18:59 INFO  HostsFileReader:211 - Refreshing hosts (include/exclude) list
datanode_1  | 2019-11-14 20:19:12,467 INFO impl.RaftServerImpl: 9e39a1dd-0ba4-4161-87f6-028915acb3ba: new RaftServerImpl for group-50EB27CBF9A0:[9e39a1dd-0ba4-4161-87f6-028915acb3ba:172.19.0.5:9858] with ContainerStateMachine:uninitialized
kms_1       | 	at javax.xml.bind.ContextFinder.find(ContextFinder.java:441)
datanode_2  | 2019-11-14 20:19:11,928 INFO impl.RaftServerImpl: 9e948a01-f9af-4a20-85b2-a6932055872e: new RaftServerImpl for group-6A08574E55F2:[9e948a01-f9af-4a20-85b2-a6932055872e:172.19.0.8:9858] with ContainerStateMachine:uninitialized
scm_1       | 2019-11-14 20:19:04,414 INFO server.StorageContainerManager: StorageContainerLocationProtocol RPC server is listening at /0.0.0.0:9860
jhs         | Nov 14, 2019 8:19:59 PM com.sun.jersey.server.wadl.generators.AbstractWadlGeneratorGrammarGenerator attachTypes
kdc_1       | Nov 14 20:18:37 kdc kadmind[15](info): closing down fd 18
nm_1        | 2019-11-14 20:18:59 INFO  ContainerManagerImpl:336 - AMRMProxyService is disabled
om_1        | 2019-11-14 20:19:09,440 INFO db.DBStoreBuilder: using custom profile for table: openKeyTable
rm_1        | 2019-11-14 20:18:59 INFO  Configuration:2755 - found resource capacity-scheduler.xml at file:/opt/hadoop/etc/hadoop/capacity-scheduler.xml
datanode_3  | 2019-11-14 20:19:08,759 INFO impl.RaftServerProxy: aa59f6dd-18be-43fc-bf73-26ca7d67d7fc: start RPC server
kms_1       | 	at javax.xml.bind.JAXBContext.newInstance(JAXBContext.java:641)
datanode_2  | 2019-11-14 20:19:11,929 INFO server.RaftServerConfigKeys: raft.server.rpc.timeout.min = 5s (custom)
scm_1       | 2019-11-14 20:19:04,470 INFO impl.MetricsConfig: Loaded properties from hadoop-metrics2.properties
jhs         | INFO: Couldn't find grammar element for class javax.ws.rs.core.Response
datanode_1  | 2019-11-14 20:19:12,468 INFO server.RaftServerConfigKeys: raft.server.rpc.timeout.min = 5s (custom)
kdc_1       | Nov 14 20:18:37 kdc kadmind[15](Notice): Request: kadm5_init, admin/admin@EXAMPLE.COM, success, client=admin/admin@EXAMPLE.COM, service=kadmin/admin@EXAMPLE.COM, addr=127.0.0.1, vers=4, flavor=6
nm_1        | 2019-11-14 20:18:59 INFO  ResourceLocalizationService:242 - per directory file limit = 8192
om_1        | 2019-11-14 20:19:09,440 INFO db.DBStoreBuilder: Using default column profile:DBProfile.DISK for Table:openKeyTable
rm_1        | 2019-11-14 20:18:59 INFO  AbstractYarnScheduler:1390 - Minimum allocation = <memory:1024, vCores:1>
datanode_3  | 2019-11-14 20:19:08,953 INFO server.GrpcService: aa59f6dd-18be-43fc-bf73-26ca7d67d7fc: GrpcService started, listening on 0.0.0.0/0.0.0.0:9858
datanode_2  | 2019-11-14 20:19:11,930 INFO server.RaftServerConfigKeys: raft.server.rpc.timeout.max = 5200ms (custom)
scm_1       | 2019-11-14 20:19:04,506 INFO impl.MetricsSystemImpl: Scheduled Metric snapshot period at 10 second(s).
datanode_1  | 2019-11-14 20:19:12,469 INFO server.RaftServerConfigKeys: raft.server.rpc.timeout.max = 5200ms (custom)
jhs         | Nov 14, 2019 8:19:59 PM com.sun.jersey.server.wadl.generators.AbstractWadlGeneratorGrammarGenerator attachTypes
kdc_1       | Nov 14 20:18:37 kdc kadmind[15](Notice): Request: kadm5_randkey_principal, dn/132da635c4d0@EXAMPLE.COM, success, client=admin/admin@EXAMPLE.COM, service=kaadmin/admin@EXAMPLE.COM
nm_1        | 2019-11-14 20:18:59 INFO  AsyncDispatcher:223 - Registering class org.apache.hadoop.yarn.server.nodemanager.containermanager.localizer.event.LocalizerEventType for class org.apache.hadoop.yarn.server.nodemanager.containermanager.localizer.ResourceLocalizationService$LocalizerTracker
om_1        | 2019-11-14 20:19:09,440 INFO db.DBStoreBuilder: using custom profile for table: s3Table
rm_1        | 2019-11-14 20:18:59 INFO  AbstractYarnScheduler:1402 - Maximum allocation = <memory:8192, vCores:4>
kms_1       | 	at javax.xml.bind.JAXBContext.newInstance(JAXBContext.java:584)
datanode_3  | 2019-11-14 20:19:11,407 INFO impl.RaftServerProxy: aa59f6dd-18be-43fc-bf73-26ca7d67d7fc: addNew group-42EFCA6E5562:[aa59f6dd-18be-43fc-bf73-26ca7d67d7fc:172.19.0.4:9858] returns group-42EFCA6E5562:java.util.concurrent.CompletableFuture@5e5de7ac[Not completed]
datanode_2  | 2019-11-14 20:19:11,930 INFO server.RaftServerConfigKeys: raft.server.rpcslowness.timeout = 120s (custom)
scm_1       | 2019-11-14 20:19:04,506 INFO impl.MetricsSystemImpl: StorageContainerManager metrics system started
datanode_1  | 2019-11-14 20:19:12,469 INFO server.RaftServerConfigKeys: raft.server.rpcslowness.timeout = 120s (custom)
jhs         | INFO: Couldn't find grammar element for class javax.ws.rs.core.Response
kdc_1       | Nov 14 20:18:37 kdc krb5kdc[9](info): AS_REQ (8 etypes {18 17 20 19 16 23 25 26}) 127.0.0.1: SERVER_NOT_FOUND: admin/admin@EXAMPLE.COM for kadmin/localhost@EXAMPLE.COM, Server not found in Kerberos database
nm_1        | 2019-11-14 20:18:59 INFO  ResourceHandlerModule:197 - Using traffic control bandwidth handler
om_1        | 2019-11-14 20:19:09,441 INFO db.DBStoreBuilder: Using default column profile:DBProfile.DISK for Table:s3Table
rm_1        | 2019-11-14 20:18:59 INFO  CapacitySchedulerConfiguration:894 - max alloc mb per queue for root is undefined
kms_1       | 	at com.sun.jersey.server.wadl.generators.WadlGeneratorJAXBGrammarGenerator.buildModelAndSchemas(WadlGeneratorJAXBGrammarGenerator.java:169)
datanode_3  | 2019-11-14 20:19:11,425 INFO impl.RaftServerImpl: aa59f6dd-18be-43fc-bf73-26ca7d67d7fc: new RaftServerImpl for group-42EFCA6E5562:[aa59f6dd-18be-43fc-bf73-26ca7d67d7fc:172.19.0.4:9858] with ContainerStateMachine:uninitialized
datanode_2  | 2019-11-14 20:19:11,931 INFO server.RaftServerConfigKeys: raft.server.sleep.deviation.threshold = 300 (default)
scm_1       | 2019-11-14 20:19:04,731 INFO server.SCMClientProtocolServer: RPC server for Client  is listening at /0.0.0.0:9860
datanode_1  | 2019-11-14 20:19:12,470 INFO server.RaftServerConfigKeys: raft.server.sleep.deviation.threshold = 300 (default)
jhs         | Nov 14, 2019 8:20:00 PM com.sun.jersey.server.wadl.generators.AbstractWadlGeneratorGrammarGenerator attachTypes
nm_1        | 2019-11-14 20:18:59 INFO  AuxServices:103 - Adding auxiliary service mapreduce_shuffle, "mapreduce_shuffle"
om_1        | 2019-11-14 20:19:09,441 INFO db.DBStoreBuilder: using custom profile for table: multipartInfoTable
rm_1        | 2019-11-14 20:18:59 INFO  CapacitySchedulerConfiguration:898 - max alloc vcore per queue for root is undefined
kms_1       | 	at com.sun.jersey.server.wadl.generators.AbstractWadlGeneratorGrammarGenerator.createExternalGrammar(AbstractWadlGeneratorGrammarGenerator.java:405)
datanode_3  | 2019-11-14 20:19:11,427 INFO server.RaftServerConfigKeys: raft.server.rpc.timeout.min = 5s (custom)
kdc_1       | Nov 14 20:18:37 kdc krb5kdc[9](info): AS_REQ (8 etypes {18 17 20 19 16 23 25 26}) 127.0.0.1: ISSUE: authtime 1573762717, etypes {rep=18 tkt=18 ses=18}, admin/admin@EXAMPLE.COM for kadmin/admin@EXAMPLE.COM
datanode_2  | 2019-11-14 20:19:11,931 INFO server.RaftServerConfigKeys: raft.server.log.appender.install.snapshot.enabled = false (custom)
scm_1       | 2019-11-14 20:19:04,732 INFO ipc.Server: IPC Server Responder: starting
datanode_1  | 2019-11-14 20:19:12,471 INFO server.RaftServerConfigKeys: raft.server.log.appender.install.snapshot.enabled = false (custom)
jhs         | INFO: Couldn't find grammar element for class javax.ws.rs.core.Response
nm_1        | 2019-11-14 20:18:59 INFO  ContainersMonitorImpl:138 -  Using ResourceCalculatorPlugin : org.apache.hadoop.yarn.util.ResourceCalculatorPlugin@1500b2f3
om_1        | 2019-11-14 20:19:09,441 INFO db.DBStoreBuilder: Using default column profile:DBProfile.DISK for Table:multipartInfoTable
rm_1        | 2019-11-14 20:18:59 INFO  ParentQueue:151 - root, capacity=1.0, absoluteCapacity=1.0, maxCapacity=1.0, absoluteMaxCapacity=1.0, state=RUNNING, acls=ADMINISTER_QUEUE:*SUBMIT_APP:*, labels=*,
kms_1       | 	at com.sun.jersey.server.wadl.WadlBuilder.generate(WadlBuilder.java:149)
datanode_3  | 2019-11-14 20:19:11,428 INFO server.RaftServerConfigKeys: raft.server.rpc.timeout.max = 5200ms (custom)
datanode_2  | 2019-11-14 20:19:11,939 INFO impl.RaftServerImpl: 9e948a01-f9af-4a20-85b2-a6932055872e@group-6A08574E55F2: ConfigurationManager, init=-1: [9e948a01-f9af-4a20-85b2-a6932055872e:172.19.0.8:9858], old=null, confs=<EMPTY_MAP>
scm_1       | 2019-11-14 20:19:04,733 INFO ipc.Server: IPC Server listener on 9860: starting
datanode_1  | 2019-11-14 20:19:12,479 INFO impl.RaftServerImpl: 9e39a1dd-0ba4-4161-87f6-028915acb3ba@group-50EB27CBF9A0: ConfigurationManager, init=-1: [9e39a1dd-0ba4-4161-87f6-028915acb3ba:172.19.0.5:9858], old=null, confs=<EMPTY_MAP>
jhs         | Nov 14, 2019 8:20:00 PM com.sun.jersey.server.wadl.generators.AbstractWadlGeneratorGrammarGenerator attachTypes
kdc_1       | Nov 14 20:18:38 kdc krb5kdc[9](info): AS_REQ (8 etypes {18 17 20 19 16 23 25 26}) 127.0.0.1: SERVER_NOT_FOUND: admin/admin@EXAMPLE.COM for kadmin/localhost@EXAMPLE.COM, Server not found in Kerberos database
nm_1        | 2019-11-14 20:18:59 INFO  ContainersMonitorImpl:143 -  Using ResourceCalculatorProcessTree : null
om_1        | 2019-11-14 20:19:09,441 INFO db.DBStoreBuilder: using custom profile for table: dTokenTable
rm_1        | , reservationsContinueLooking=true, orderingPolicy=utilization, priority=0
kms_1       | 	at com.sun.jersey.server.impl.wadl.WadlApplicationContextImpl.getApplication(WadlApplicationContextImpl.java:119)
datanode_3  | 2019-11-14 20:19:11,428 INFO server.RaftServerConfigKeys: raft.server.rpcslowness.timeout = 120s (custom)
datanode_2  | 2019-11-14 20:19:11,939 INFO server.RaftServerConfigKeys: raft.server.storage.dir = [/data/metadata/ratis] (custom)
scm_1       | 2019-11-14 20:19:04,737 INFO server.StorageContainerManager: ScmBlockLocationProtocol RPC server is listening at /0.0.0.0:9863
datanode_1  | 2019-11-14 20:19:12,480 INFO server.RaftServerConfigKeys: raft.server.storage.dir = [/data/metadata/ratis] (custom)
jhs         | INFO: Couldn't find grammar element for class javax.ws.rs.core.Response
kdc_1       | Nov 14 20:18:38 kdc krb5kdc[9](info): AS_REQ (8 etypes {18 17 20 19 16 23 25 26}) 127.0.0.1: ISSUE: authtime 1573762718, etypes {rep=18 tkt=18 ses=18}, admin/admin@EXAMPLE.COM for kadmin/admin@EXAMPLE.COM
nm_1        | 2019-11-14 20:18:59 INFO  ContainersMonitorImpl:190 - Physical memory check enabled: false
om_1        | 2019-11-14 20:19:09,441 INFO db.DBStoreBuilder: Using default column profile:DBProfile.DISK for Table:dTokenTable
rm_1        | 2019-11-14 20:18:59 INFO  ParentQueue:114 - Initialized parent-queue root name=root, fullname=root
kms_1       | 	at com.sun.jersey.server.impl.wadl.WadlApplicationContextImpl.getApplication(WadlApplicationContextImpl.java:138)
datanode_2  | 2019-11-14 20:19:11,944 INFO server.RaftServerConfigKeys: raft.server.log.corruption.policy = EXCEPTION (default)
scm_1       | 2019-11-14 20:19:04,738 INFO server.SCMBlockProtocolServer: RPC server for Block Protocol is listening at /0.0.0.0:9863
datanode_1  | 2019-11-14 20:19:12,486 INFO server.RaftServerConfigKeys: raft.server.log.corruption.policy = EXCEPTION (default)
datanode_3  | 2019-11-14 20:19:11,429 INFO server.RaftServerConfigKeys: raft.server.sleep.deviation.threshold = 300 (default)
jhs         | 2019-11-14 20:20:00 INFO  AbstractDelegationTokenSecretManager:403 - Creating password for identifier: (TIMELINE_DELEGATION_TOKEN owner=hadoop, renewer=rm, realUser=, issueDate=1573762800053, maxDate=1574367600053, sequenceNumber=1, masterKeyId=2), currentKey: 2
kdc_1       | Nov 14 20:18:38 kdc krb5kdc[9](info): AS_REQ (8 etypes {18 17 20 19 16 23 25 26}) 127.0.0.1: SERVER_NOT_FOUND: admin/admin@EXAMPLE.COM for kadmin/localhost@EXAMPLE.COM, Server dmin/admin@EXAMPLE.COM, addr=127.0.0.1
nm_1        | 2019-11-14 20:18:59 INFO  ContainersMonitorImpl:191 - Virtual memory check enabled: false
rm_1        | 2019-11-14 20:18:59 INFO  CapacitySchedulerConfiguration:894 - max alloc mb per queue for root.default is undefined
kms_1       | 	at com.sun.jersey.server.impl.wadl.WadlMethodFactory$WadlOptionsMethodDispatcher.dispatch(WadlMethodFactory.java:110)
datanode_2  | 2019-11-14 20:19:11,946 INFO storage.RaftStorageDirectory: The storage directory /data/metadata/ratis/e3b6747b-1159-4ffd-8fd4-6a08574e55f2 does not exist. Creating ...
om_1        | 2019-11-14 20:19:09,441 INFO db.DBStoreBuilder: using custom profile for table: s3SecretTable
scm_1       | 2019-11-14 20:19:04,738 INFO ipc.Server: IPC Server Responder: starting
datanode_1  | 2019-11-14 20:19:12,488 INFO storage.RaftStorageDirectory: The storage directory /data/metadata/ratis/8d6a7b4b-759b-4b83-9cf9-50eb27cbf9a0 does not exist. Creating ...
datanode_3  | 2019-11-14 20:19:11,429 INFO server.RaftServerConfigKeys: raft.server.log.appender.install.snapshot.enabled = false (custom)
jhs         | Nov 14, 2019 8:20:01 PM com.sun.jersey.server.wadl.generators.AbstractWadlGeneratorGrammarGenerator attachTypes
kdc_1       | Nov 14 20:18:37 kdc kadmind[15](Notice): Request: kadm5_get_principal, dn/132da635c4d0@EXAMPLE.COM, success, client=admin/admin@EXAMPLE.COM, service=kadmin/admin@EXAMPLE.COM, addr=127.0.0.1
nm_1        | 2019-11-14 20:18:59 INFO  ContainersMonitorImpl:192 - Elastic memory control enabled: false
rm_1        | 2019-11-14 20:18:59 INFO  CapacitySchedulerConfiguration:898 - max alloc vcore per queue for root.default is undefined
kms_1       | 	at com.sun.jersey.server.impl.uri.rules.HttpMethodRule.accept(HttpMethodRule.java:302)
datanode_2  | 2019-11-14 20:19:12,005 INFO storage.RaftStorageDirectory: Lock on /data/metadata/ratis/e3b6747b-1159-4ffd-8fd4-6a08574e55f2/in_use.lock acquired by nodename 7@ff1308ce1b14
om_1        | 2019-11-14 20:19:09,441 INFO db.DBStoreBuilder: Using default column profile:DBProfile.DISK for Table:s3SecretTable
scm_1       | 2019-11-14 20:19:04,739 INFO ipc.Server: IPC Server listener on 9863: starting
datanode_1  | 2019-11-14 20:19:12,522 INFO storage.RaftStorageDirectory: Lock on /data/metadata/ratis/8d6a7b4b-759b-4b83-9cf9-50eb27cbf9a0/in_use.lock acquired by nodename 7@1f3720d0000c
datanode_3  | 2019-11-14 20:19:11,437 INFO impl.RaftServerImpl: aa59f6dd-18be-43fc-bf73-26ca7d67d7fc@group-42EFCA6E5562: ConfigurationManager, init=-1: [aa59f6dd-18be-43fc-bf73-26ca7d67d7fc:172.19.0.4:9858], old=null, confs=<EMPTY_MAP>
jhs         | INFO: Couldn't find grammar element for class javax.ws.rs.core.Response
nm_1        | 2019-11-14 20:18:59 INFO  ContainersMonitorImpl:193 - Strict memory control enabled: true
rm_1        | 2019-11-14 20:18:59 INFO  LeafQueue:285 - Initializing default
kdc_1       | Nov 14 20:18:37 kdc kadmind[15](info): closing down fd 18
kms_1       | 	at com.sun.jersey.server.impl.uri.rules.ResourceClassRule.accept(ResourceClassRule.java:108)
datanode_2  | 2019-11-14 20:19:12,033 INFO storage.RaftStorage: Storage directory /data/metadata/ratis/e3b6747b-1159-4ffd-8fd4-6a08574e55f2 has been successfully formatted.
om_1        | 2019-11-14 20:19:09,441 INFO db.DBStoreBuilder: using custom profile for table: prefixTable
datanode_1  | 2019-11-14 20:19:12,548 INFO storage.RaftStorage: Storage directory /data/metadata/ratis/8d6a7b4b-759b-4b83-9cf9-50eb27cbf9a0 has been successfully formatted.
jhs         | Nov 14, 2019 8:20:01 PM com.sun.jersey.server.wadl.generators.AbstractWadlGeneratorGrammarGenerator attachTypes
scm_1       | 2019-11-14 20:19:04,741 INFO server.StorageContainerManager: ScmDatanodeProtocl RPC server is listening at /0.0.0.0:9861
nm_1        | 2019-11-14 20:18:59 INFO  ContainersMonitorImpl:218 - ContainersMonitor enabled: true
datanode_3  | 2019-11-14 20:19:11,438 INFO server.RaftServerConfigKeys: raft.server.storage.dir = [/data/metadata/ratis] (custom)
rm_1        | capacity = 1.0 [= (float) configuredCapacity / 100 ]
kdc_1       | Nov 14 20:18:37 kdc kadmind[15](Notice): Request: kadm5_init, admin/admin@EXAMPLE.COM, success, client=admin/admin@EXAMPLE.COM, service=kadmin/admin@EXAMPLE.COM, addr=127.0.0.1, vers=4, flavor=6
kms_1       | 	at com.sun.jersey.server.impl.uri.rules.RightHandPathRule.accept(RightHandPathRule.java:147)
datanode_2  | 2019-11-14 20:19:12,037 INFO ratis.ContainerStateMachine: group-6A08574E55F2: The snapshot info is null. Setting the last applied indexto:(t:0, i:~)
om_1        | 2019-11-14 20:19:09,441 INFO db.DBStoreBuilder: Using default column profile:DBProfile.DISK for Table:prefixTable
datanode_1  | 2019-11-14 20:19:12,551 INFO ratis.ContainerStateMachine: group-50EB27CBF9A0: The snapshot info is null. Setting the last applied indexto:(t:0, i:~)
jhs         | INFO: Couldn't find grammar element for class javax.ws.rs.core.Response
scm_1       | 2019-11-14 20:19:04,741 INFO server.SCMDatanodeProtocolServer: RPC server for DataNodes is listening at /0.0.0.0:9861
nm_1        | 2019-11-14 20:18:59 INFO  LogAggregationService:139 - rollingMonitorInterval is set as 3600. The logs will be aggregated every 3600 seconds
datanode_3  | 2019-11-14 20:19:11,443 INFO server.RaftServerConfigKeys: raft.server.log.corruption.policy = EXCEPTION (default)
rm_1        | absoluteCapacity = 1.0 [= parentAbsoluteCapacity * capacity ]
kdc_1       | Nov 14 20:18:37 kdc kadmind[15](Notice): Request: kadm5_get_policy, default, Policy does not exist, client=admin/admin@EXAMPLE.COM, service=kadmin/admin@EXAMPLE.COM, addr=127.0.0.1
kms_1       | 	at com.sun.jersey.server.impl.uri.rules.RootResourceClassesRule.accept(RootResourceClassesRule.java:84)
datanode_2  | 2019-11-14 20:19:12,037 INFO server.RaftServerConfigKeys: raft.server.notification.no-leader.timeout = 120s (custom)
om_1        | 2019-11-14 20:19:09,451 INFO db.DBStoreBuilder: using custom profile for table: default
datanode_1  | 2019-11-14 20:19:12,551 INFO server.RaftServerConfigKeys: raft.server.notification.no-leader.timeout = 120s (custom)
jhs         | Nov 14, 2019 8:20:01 PM com.sun.jersey.server.wadl.generators.AbstractWadlGeneratorGrammarGenerator attachTypes
scm_1       | 2019-11-14 20:19:04,742 INFO ipc.Server: IPC Server Responder: starting
nm_1        | 2019-11-14 20:18:59 INFO  ContainerManagerImpl:394 - Not a recoverable state store. Nothing to recover.
datanode_3  | 2019-11-14 20:19:11,445 INFO storage.RaftStorageDirectory: The storage directory /data/metadata/ratis/01d00028-bfb0-49dd-bcd5-42efca6e5562 does not exist. Creating ...
rm_1        | maxCapacity = 1.0 [= configuredMaxCapacity ]
kdc_1       | Nov 14 20:18:37 kdc kadmind[15](Notice): Request: kadm5_create_principal, dn/abd2d8507e2d@EXAMPLE.COM, success, client=admin/admin@EXAMPLE.COM, service=kadmin/admin@EXAMPLE.COM, addr=127.0.0.1
kms_1       | 	at com.sun.jersey.server.impl.application.WebApplicationImpl._handleRequest(WebApplicationImpl.java:1542)
datanode_2  | 2019-11-14 20:19:12,041 INFO server.RaftServerConfigKeys: raft.server.log.use.memory = false (default)
datanode_1  | 2019-11-14 20:19:12,553 INFO server.RaftServerConfigKeys: raft.server.log.use.memory = false (default)
jhs         | INFO: Couldn't find grammar element for class javax.ws.rs.core.Response
scm_1       | 2019-11-14 20:19:04,742 INFO ipc.Server: IPC Server listener on 9861: starting
nm_1        | 2019-11-14 20:18:59 INFO  Configuration:2752 - resource-types.xml not found
datanode_3  | 2019-11-14 20:19:11,476 INFO storage.RaftStorageDirectory: Lock on /data/metadata/ratis/01d00028-bfb0-49dd-bcd5-42efca6e5562/in_use.lock acquired by nodename 7@abd2d8507e2d
rm_1        | absoluteMaxCapacity = 1.0 [= 1.0 maximumCapacity undefined, (parentAbsoluteMaxCapacity * maximumCapacity) / 100 otherwise ]
kdc_1       | Nov 14 20:18:37 kdc kadmind[15](info): closing down fd 18
kms_1       | 	at com.sun.jersey.server.impl.application.WebApplicationImpl._handleRequest(WebApplicationImpl.java:1473)
om_1        | 2019-11-14 20:19:09,451 INFO db.DBStoreBuilder: Using default column profile:DBProfile.DISK for Table:default
datanode_1  | 2019-11-14 20:19:12,558 INFO server.RaftServerConfigKeys: raft.server.log.purge.gap = 1000000 (custom)
datanode_2  | 2019-11-14 20:19:12,047 INFO server.RaftServerConfigKeys: raft.server.log.purge.gap = 1000000 (custom)
jhs         | Nov 14, 2019 8:20:01 PM com.sun.jersey.server.wadl.generators.AbstractWadlGeneratorGrammarGenerator attachTypes
nm_1        | 2019-11-14 20:18:59 INFO  ResourceUtils:419 - Unable to find 'resource-types.xml'.
datanode_3  | 2019-11-14 20:19:11,501 INFO storage.RaftStorage: Storage directory /data/metadata/ratis/01d00028-bfb0-49dd-bcd5-42efca6e5562 has been successfully formatted.
kdc_1       | Nov 14 20:18:37 kdc kadmind[15](Notice): Request: kadm5_init, admin/admin@EXAMPLE.COM, success, client=admin/anot found in Kerberos database
scm_1       | 2019-11-14 20:19:04,745 INFO server.SCMClientProtocolServer: Starting RPC server for SCMSecurityProtocolServer. is listening at /0.0.0.0:9961
rm_1        | effectiveMinResource=<memory:0, vCores:0>
kms_1       | 	at com.sun.jersey.server.impl.application.WebApplicationImpl.handleRequest(WebApplicationImpl.java:1419)
om_1        | 2019-11-14 20:19:09,452 INFO db.DBStoreBuilder: Using default options. DBProfile.DISK
datanode_1  | 2019-11-14 20:19:12,558 INFO server.RaftServerConfigKeys: raft.server.log.appender.buffer.byte-limit = 33554432 (custom)
datanode_2  | 2019-11-14 20:19:12,047 INFO server.RaftServerConfigKeys: raft.server.log.appender.buffer.byte-limit = 33554432 (custom)
jhs         | INFO: Couldn't find grammar element for class javax.ws.rs.core.Response
nm_1        | 2019-11-14 20:18:59 INFO  Configuration:2752 - node-resources.xml not found
datanode_3  | 2019-11-14 20:19:11,504 INFO ratis.ContainerStateMachine: group-42EFCA6E5562: The snapshot info is null. Setting the last applied indexto:(t:0, i:~)
kdc_1       | Nov 14 20:18:38 kdc krb5kdc[9](info): AS_REQ (8 etypes {18 17 20 19 16 23 25 26}) 127.0.0.1: ISSUE: authtime 1573762718, etypes {rep=18 tkt=18 ses=18}, admin/admin@EXAMPLE.COM for kadmin/admin@EXAMPLE.COM
rm_1        |  , effectiveMaxResource=<memory:0, vCores:0>
scm_1       | 2019-11-14 20:19:04,746 INFO ipc.Server: IPC Server Responder: starting
kms_1       | 	at com.sun.jersey.server.impl.application.WebApplicationImpl.handleRequest(WebApplicationImpl.java:1409)
om_1        | 2019-11-14 20:19:10,275 INFO Configuration.deprecation: No unit for ozone.manager.delegation.remover.scan.interval(3600000) assuming MILLISECONDS
datanode_1  | 2019-11-14 20:19:12,560 INFO server.RaftServerConfigKeys: raft.server.log.segment.size.max = 1048576 (custom)
datanode_2  | 2019-11-14 20:19:12,050 INFO server.RaftServerConfigKeys: raft.server.log.segment.size.max = 1048576 (custom)
jhs         | 2019-11-14 20:20:01 INFO  AbstractDelegationTokenSecretManager:491 - Token renewal for identifier: (TIMELINE_DELEGATION_TOKEN owner=hadoop, renewer=rm, realUser=, issueDate=1573762800053, maxDate=1574367600053, sequenceNumber=1, masterKeyId=2); total currentTokens 1
nm_1        | 2019-11-14 20:18:59 INFO  ResourceUtils:419 - Unable to find 'node-resources.xml'.
kdc_1       | dmin@EXAMPLE.COM, service=kadmin/admin@EXAMPLE.COM, addr=127.0.0.1, vers=4, flavor=6
datanode_3  | 2019-11-14 20:19:11,504 INFO server.RaftServerConfigKeys: raft.server.notification.no-leader.timeout = 120s (custom)
rm_1        | userLimit = 100 [= configuredUserLimit ]
scm_1       | 2019-11-14 20:19:04,746 INFO ipc.Server: IPC Server listener on 9961: starting
kms_1       | 	at com.sun.jersey.spi.container.servlet.WebComponent.service(WebComponent.java:409)
om_1        | 2019-11-14 20:19:10,278 INFO security.OzoneSecretStore: Loaded 0 tokens
datanode_1  | 2019-11-14 20:19:12,573 INFO metrics.MetricRegistries: Loaded MetricRegistries class org.apache.ratis.metrics.impl.MetricRegistriesImpl
datanode_2  | 2019-11-14 20:19:12,061 INFO metrics.MetricRegistries: Loaded MetricRegistries class org.apache.ratis.metrics.impl.MetricRegistriesImpl
jhs         | Nov 14, 2019 8:20:01 PM com.sun.jersey.server.wadl.generators.AbstractWadlGeneratorGrammarGenerator attachTypes
nm_1        | 2019-11-14 20:18:59 INFO  NodeStatusUpdaterImpl:199 - Nodemanager resources is set to: <memory:8192, vCores:8>
kdc_1       | Nov 14 20:18:37 kdc kadmind[15](Notice): Request: kadm5_randkey_principal, dn/abd2d8507e2d@EXAMPLE.COM, success, client=admin/admin@EXAMPLE.COM, service=kadmin/admin@EXAMPLE.COM, addr=127.0.0.1
datanode_3  | 2019-11-14 20:19:11,506 INFO server.RaftServerConfigKeys: raft.server.log.use.memory = false (default)
rm_1        | userLimitFactor = 1.0 [= configuredUserLimitFactor ]
scm_1       | 2019-11-14 20:19:04,751 INFO http.HttpServer2: Jetty bound to port 9876
kms_1       | 	at com.sun.jersey.spi.container.servlet.ServletContainer.service(ServletContainer.java:558)
om_1        | 2019-11-14 20:19:10,278 INFO security.OzoneDelegationTokenSecretManager: Loading token state into token manager.
datanode_1  | 2019-11-14 20:19:12,578 WARN impl.MetricRegistriesImpl: First MetricRegistry has been created without registering reporters. You may need to call MetricRegistries.global().addReportRegistration(...) before.
datanode_2  | 2019-11-14 20:19:12,066 WARN impl.MetricRegistriesImpl: First MetricRegistry has been created without registering reporters. You may need to call MetricRegistries.global().addReportRegistration(...) before.
jhs         | INFO: Couldn't find grammar element for class javax.ws.rs.core.Response
nm_1        | 2019-11-14 20:18:59 INFO  NodeStatusUpdaterImpl:247 - Initialized nodemanager with : physical-memory=8192 virtual-memory=17204 virtual-cores=8
kdc_1       | Nov 14 20:18:37 kdc kadmind[15](Notice): Request: kadm5_get_principal, dn/abd2d8507e2d@EXAMPLE.COM, success, client=admin/admin@EXAMPLE.COM, service=kadmin/admin@EXAMPLE.COM, addr=127.0.0.1
rm_1        | maxApplications = 10000 [= configuredMaximumSystemApplicationsPerQueue or (int)(configuredMaximumSystemApplications * absoluteCapacity)]
scm_1       | 2019-11-14 20:19:04,753 INFO server.Server: jetty-9.3.25.v20180904, build timestamp: 2018-09-04T21:11:46Z, git hash: 3ce520221d0240229c862b122d2b06c12a625732
datanode_3  | 2019-11-14 20:19:11,510 INFO server.RaftServerConfigKeys: raft.server.log.purge.gap = 1000000 (custom)
kms_1       | 	at com.sun.jersey.spi.container.servlet.ServletContainer.service(ServletContainer.java:733)
om_1        | 2019-11-14 20:19:10,331 INFO ipc.CallQueueManager: Using callQueue: class java.util.concurrent.LinkedBlockingQueue, queueCapacity: 2000, scheduler: class org.apache.hadoop.ipc.DefaultRpcScheduler, ipcBackoff: false.
datanode_1  | 2019-11-14 20:19:12,585 INFO server.RaftServerConfigKeys: raft.server.log.segment.cache.num.max = 2 (custom)
datanode_2  | 2019-11-14 20:19:12,074 INFO server.RaftServerConfigKeys: raft.server.log.segment.cache.num.max = 2 (custom)
jhs         | Nov 14, 2019 8:20:01 PM com.sun.jersey.server.wadl.generators.AbstractWadlGeneratorGrammarGenerator attachTypes
nm_1        | 2019-11-14 20:18:59 INFO  CallQueueManager:84 - Using callQueue: class java.util.concurrent.LinkedBlockingQueue, queueCapacity: 2000, scheduler: class org.apache.hadoop.ipc.DefaultRpcScheduler, ipcBackoff: false.
kdc_1       | Nov 14 20:18:37 kdc kadmind[15](info): closing down fd 18
rm_1        | maxApplicationsPerUser = 10000 [= (int)(maxApplications * (userLimit / 100.0f) * userLimitFactor) ]
scm_1       | 2019-11-14 20:19:04,782 INFO handler.ContextHandler: Started o.e.j.s.ServletContextHandler@7af3874e{/logs,file:///var/log/hadoop/,AVAILABLE}
datanode_3  | 2019-11-14 20:19:11,510 INFO server.RaftServerConfigKeys: raft.server.log.appender.buffer.byte-limit = 33554432 (custom)
kms_1       | 	at javax.servlet.http.HttpServlet.service(HttpServlet.java:790)
om_1        | 2019-11-14 20:19:10,342 INFO ipc.Server: Starting Socket Reader #1 for port 9862
datanode_1  | 2019-11-14 20:19:12,592 INFO segmented.SegmentedRaftLogWorker: new 9e39a1dd-0ba4-4161-87f6-028915acb3ba@group-50EB27CBF9A0-SegmentedRaftLogWorker for RaftStorage:Storage Directory /data/metadata/ratis/8d6a7b4b-759b-4b83-9cf9-50eb27cbf9a0
datanode_2  | 2019-11-14 20:19:12,081 INFO segmented.SegmentedRaftLogWorker: new 9e948a01-f9af-4a20-85b2-a6932055872e@group-6A08574E55F2-SegmentedRaftLogWorker for RaftStorage:Storage Directory /data/metadata/ratis/e3b6747b-1159-4ffd-8fd4-6a08574e55f2
jhs         | INFO: Couldn't find grammar element for class javax.ws.rs.core.Response
nm_1        | 2019-11-14 20:18:59 INFO  Server:1074 - Starting Socket Reader #1 for port 44290
kdc_1       | Nov 14 20:18:37 kdc kadmind[15](Notice): Request: kadm5_init, admin/admin@EXAMPLE.COM, success, client=admin/admin@EXAMPLE.COM, service=kadmin/admin@EXAMPLE.COM, addr=127.0.0.1, vers=4, flavor=6
rm_1        | usedCapacity = 0.0 [= usedResourcesMemory / (clusterResourceMemory * absoluteCapacity)]
scm_1       | 2019-11-14 20:19:04,783 INFO handler.ContextHandler: Started o.e.j.s.ServletContextHandler@70d63e05{/static,jar:file:/opt/hadoop/share/ozone/lib/hadoop-hdds-server-scm-0.5.0-SNAPSHOT.jar!/webapps/static,AVAILABLE}
datanode_3  | 2019-11-14 20:19:11,512 INFO server.RaftServerConfigKeys: raft.server.log.segment.size.max = 1048576 (custom)
kms_1       | 	at org.eclipse.jetty.servlet.ServletHolder.handle(ServletHolder.java:848)
om_1        | 2019-11-14 20:19:10,419 INFO om.OzoneManager: OzoneManager RPC server is listening at om/172.19.0.11:9862
datanode_1  | 2019-11-14 20:19:12,593 INFO server.RaftServerConfigKeys: raft.server.log.queue.byte-limit = 2147483647 (custom)
datanode_2  | 2019-11-14 20:19:12,081 INFO server.RaftServerConfigKeys: raft.server.log.queue.byte-limit = 2147483647 (custom)
jhs         | Nov 14, 2019 8:20:01 PM com.sun.jersey.server.wadl.generators.AbstractWadlGeneratorGrammarGenerator attachTypes
kdc_1       | Nov 14 20:18:37 kdc kadmind[15](Notice): Request: kadm5_get_policy, default, Policy does not exist, client=admin/admin@EXAMPLE.COM, service=kadmin/admin@EXAMPLE.COM, addr=127.0.0.1
nm_1        | 2019-11-14 20:18:59 INFO  RpcServerFactoryPBImpl:173 - Adding protocol org.apache.hadoop.yarn.api.ContainerManagementProtocolPB to the server
scm_1       | 2019-11-14 20:19:04,848 INFO server.KerberosAuthenticationHandler: Using keytab /etc/security/keytabs/HTTP.keytab, for principal HTTP/scm@EXAMPLE.COM
datanode_3  | 2019-11-14 20:19:11,518 INFO metrics.MetricRegistries: Loaded MetricRegistries class org.apache.ratis.metrics.impl.MetricRegistriesImpl
kms_1       | 	at org.eclipse.jetty.servlet.ServletHandler$CachedChain.doFilter(ServletHandler.java:1772)
om_1        | 2019-11-14 20:19:10,546 INFO impl.MetricsConfig: Loaded properties from hadoop-metrics2.properties
datanode_1  | 2019-11-14 20:19:12,594 INFO server.RaftServerConfigKeys: raft.server.log.queue.element-limit = 1024 (custom)
datanode_2  | 2019-11-14 20:19:12,082 INFO server.RaftServerConfigKeys: raft.server.log.queue.element-limit = 1024 (custom)
jhs         | INFO: Couldn't find grammar element for class javax.ws.rs.core.Response
rm_1        | absoluteUsedCapacity = 0.0 [= usedResourcesMemory / clusterResourceMemory]
kdc_1       | Nov 14 20:18:37 kdc kadmind[15](Notice): Request: kadm5_create_principal, om/scm@EXAMPLE.COM, success, client=admin/admin@EXAMPLE.COM, service=kadmin/admin@EXAMPLE.COM, addr=127.0.0.1
scm_1       | 2019-11-14 20:19:04,856 INFO handler.ContextHandler: Started o.e.j.w.WebAppContext@4cb957b8{/,file:///tmp/jetty-0.0.0.0-9876-scm-_-any-14079854748319585138.dir/webapp/,AVAILABLE}{/scm}
nm_1        | 2019-11-14 20:18:59 INFO  Server:1314 - IPC Server Responder: starting
datanode_3  | 2019-11-14 20:19:11,521 WARN impl.MetricRegistriesImpl: First MetricRegistry has been created without registering reporters. You may need to call MetricRegistries.global().addReportRegistration(...) before.
kms_1       | 	at org.apache.hadoop.crypto.key.kms.server.KMSMDCFilter.doFilter(KMSMDCFilter.java:84)
om_1        | 2019-11-14 20:19:10,589 INFO impl.MetricsSystemImpl: Scheduled Metric snapshot period at 10 second(s).
datanode_1  | 2019-11-14 20:19:12,595 INFO server.RaftServerConfigKeys: raft.server.log.segment.size.max = 1048576 (custom)
datanode_2  | 2019-11-14 20:19:12,083 INFO server.RaftServerConfigKeys: raft.server.log.segment.size.max = 1048576 (custom)
rm_1        | maxAMResourcePerQueuePercent = 0.1 [= configuredMaximumAMResourcePercent ]
jhs         | Nov 14, 2019 8:20:01 PM com.sun.jersey.server.wadl.generators.AbstractWadlGeneratorGrammarGenerator attachTypes
scm_1       | 2019-11-14 20:19:04,863 INFO server.AbstractConnector: Started ServerConnector@603cabc4{HTTP/1.1,[http/1.1]}{0.0.0.0:9876}
nm_1        | 2019-11-14 20:18:59 INFO  Server:1153 - IPC Server listener on 44290: starting
kdc_1       | Nov 14 20:18:37 kdc kadmind[15](info): closing down fd 18
datanode_3  | 2019-11-14 20:19:11,525 INFO server.RaftServerConfigKeys: raft.server.log.segment.cache.num.max = 2 (custom)
kms_1       | 	at org.eclipse.jetty.servlet.ServletHandler$CachedChain.doFilter(ServletHandler.java:1759)
om_1        | 2019-11-14 20:19:10,590 INFO impl.MetricsSystemImpl: OzoneManager metrics system started
datanode_1  | 2019-11-14 20:19:12,596 INFO server.RaftServerConfigKeys: raft.server.log.preallocated.size = 16384 (custom)
rm_1        | minimumAllocationFactor = 0.875 [= (float)(maximumAllocationMemory - minimumAllocationMemory) / maximumAllocationMemory ]
jhs         | INFO: Couldn't find grammar element for class javax.ws.rs.core.Response
datanode_2  | 2019-11-14 20:19:12,084 INFO server.RaftServerConfigKeys: raft.server.log.preallocated.size = 16384 (custom)
scm_1       | 2019-11-14 20:19:04,863 INFO server.Server: Started @5655ms
nm_1        | 2019-11-14 20:18:59 INFO  NMContainerTokenSecretManager:265 - Updating node address : nm:44290
datanode_3  | 2019-11-14 20:19:11,529 INFO segmented.SegmentedRaftLogWorker: new aa59f6dd-18be-43fc-bf73-26ca7d67d7fc@group-42EFCA6E5562-SegmentedRaftLogWorker for RaftStorage:Storage Directory /data/metadata/ratis/01d00028-bfb0-49dd-bcd5-42efca6e5562
kms_1       | 	at org.apache.hadoop.security.authentication.server.AuthenticationFilter.doFilter(AuthenticationFilter.java:644)
om_1        | 2019-11-14 20:19:10,618 INFO om.OzoneManager: Reading keypair and certificate from file system.
kdc_1       | Nov 14 20:18:37 kdc kadmind[15](Notice): Request: kadm5_init, admin/admin@EXAMPLE.COM, success, client=admin/admin@EXAMPLE.COM, service=kadmin/admin@EXAMPLE.COM, addr=127.0.0.1, vers=4, flavor=6
datanode_1  | 2019-11-14 20:19:12,596 INFO server.RaftServerConfigKeys: raft.server.log.write.buffer.size = 33554432 (custom)
rm_1        | maximumAllocation = <memory:8192, vCores:4> [= configuredMaxAllocation ]
jhs         | Nov 14, 2019 8:20:37 PM com.sun.jersey.server.wadl.generators.AbstractWadlGeneratorGrammarGenerator attachTypes
datanode_2  | 2019-11-14 20:19:12,084 INFO server.RaftServerConfigKeys: raft.server.log.write.buffer.size = 33554432 (custom)
scm_1       | 2019-11-14 20:19:04,898 INFO impl.MetricsSinkAdapter: Sink prometheus started
nm_1        | 2019-11-14 20:18:59 INFO  CallQueueManager:84 - Using callQueue: class java.util.concurrent.LinkedBlockingQueue, queueCapacity: 500, scheduler: class org.apache.hadoop.ipc.DefaultRpcScheduler, ipcBackoff: false.
datanode_3  | 2019-11-14 20:19:11,530 INFO server.RaftServerConfigKeys: raft.server.log.queue.byte-limit = 2147483647 (custom)
kms_1       | 	at org.apache.hadoop.security.token.delegation.web.DelegationTokenAuthenticationFilter.doFilter(DelegationTokenAuthenticationFilter.java:304)
om_1        | 2019-11-14 20:19:10,630 INFO om.OzoneManager: Starting OM block token secret manager
datanode_1  | 2019-11-14 20:19:12,597 INFO server.RaftServerConfigKeys: raft.server.log.force.sync.num = 128 (default)
kdc_1       | Nov 14 20:18:37 kdc kadmind[15](Notice): Request: kadm5_randkey_principal, om/scm@EXAMPLE.COM, success, client=admin/admin@EXAMPLE.COM, service=kadmin/admin@EXAMPLE.COM, addr=127.0.0.1
rm_1        | numContainers = 0 [= currentNumContainers ]
jhs         | INFO: Couldn't find grammar element for class javax.ws.rs.core.Response
scm_1       | 2019-11-14 20:19:04,898 INFO impl.MetricsSystemImpl: Registered sink prometheus
nm_1        | 2019-11-14 20:18:59 INFO  Server:1074 - Starting Socket Reader #1 for port 8040
datanode_2  | 2019-11-14 20:19:12,085 INFO server.RaftServerConfigKeys: raft.server.log.force.sync.num = 128 (default)
datanode_3  | 2019-11-14 20:19:11,530 INFO server.RaftServerConfigKeys: raft.server.log.queue.element-limit = 1024 (custom)
om_1        | 2019-11-14 20:19:10,631 INFO security.OzoneBlockTokenSecretManager: Updating the current master key for generating tokens
datanode_1  | 2019-11-14 20:19:12,598 INFO server.RaftServerConfigKeys: raft.server.log.statemachine.data.sync = true (default)
kms_1       | 	at org.apache.hadoop.security.authentication.server.AuthenticationFilter.doFilter(AuthenticationFilter.java:592)
kdc_1       | Nov 14 20:18:37 kdc kadmind[15](Notice): Request: kadm5_get_principal, om/scm@EXAMPLE.COM, success, client=admin/admin@EXAMPLE.COM, service=kadmin/admin@EXAMPLE.COM, addr=127.0.0.1
rm_1        | state = RUNNING [= configuredState ]
jhs         | Nov 14, 2019 8:20:37 PM com.sun.jersey.server.wadl.generators.AbstractWadlGeneratorGrammarGenerator attachTypes
scm_1       | 2019-11-14 20:19:04,901 INFO server.BaseHttpServer: HTTP server of SCM is listening at http://0.0.0.0:9876
datanode_2  | 2019-11-14 20:19:12,086 INFO server.RaftServerConfigKeys: raft.server.log.statemachine.data.sync = true (default)
nm_1        | 2019-11-14 20:18:59 INFO  RpcServerFactoryPBImpl:173 - Adding protocol org.apache.hadoop.yarn.server.nodemanager.api.LocalizationProtocolPB to the server
datanode_3  | 2019-11-14 20:19:11,531 INFO server.RaftServerConfigKeys: raft.server.log.segment.size.max = 1048576 (custom)
om_1        | 2019-11-14 20:19:10,631 INFO om.OzoneManager: Starting OM delegation token secret manager
datanode_1  | 2019-11-14 20:19:12,598 INFO server.RaftServerConfigKeys: raft.server.log.statemachine.data.sync.timeout = 10s (default)
kms_1       | 	at org.apache.hadoop.crypto.key.kms.server.KMSAuthenticationFilter.doFilter(KMSAuthenticationFilter.java:142)
kdc_1       | Nov 14 20:18:37 kdc kadmind[15](info): closing down fd 18
rm_1        | acls = ADMINISTER_QUEUE:*SUBMIT_APP:* [= configuredAcls ]
jhs         | INFO: Couldn't find grammar element for class javax.ws.rs.core.Response
scm_1       | 2019-11-14 20:19:04,910 INFO util.JvmPauseMonitor: Starting JVM pause monitor
datanode_2  | 2019-11-14 20:19:12,086 INFO server.RaftServerConfigKeys: raft.server.log.statemachine.data.sync.timeout = 10s (default)
datanode_3  | 2019-11-14 20:19:11,531 INFO server.RaftServerConfigKeys: raft.server.log.preallocated.size = 16384 (custom)
nm_1        | 2019-11-14 20:18:59 INFO  Server:1314 - IPC Server Responder: starting
om_1        | 2019-11-14 20:19:10,631 INFO security.OzoneDelegationTokenSecretManager: Updating the current master key for generating tokens
datanode_1  | 2019-11-14 20:19:12,599 INFO server.RaftServerConfigKeys: raft.server.log.statemachine.data.sync.timeout.retry = -1 (default)
kms_1       | 	at org.eclipse.jetty.servlet.ServletHandler$CachedChain.doFilter(ServletHandler.java:1751)
kdc_1       | Nov 14 20:18:37 kdc kadmind[15](Notice): Request: kadm5_init, admin/admin@EXAMPLE.COM, success, client=admin/admin@EXAMPLE.COM, service=kadmin/admin@EXAMPLE.COM, addr=127.0.0.1, vers=4, flavor=6
rm_1        | nodeLocalityDelay = 40
jhs         | Nov 14, 2019 8:20:37 PM com.sun.jersey.server.wadl.generators.AbstractWadlGeneratorGrammarGenerator attachTypes
scm_1       | 2019-11-14 20:19:04,952 INFO ipc.Server: Auth successful for dn/1f3720d0000c@EXAMPLE.COM (auth:KERBEROS)
datanode_2  | 2019-11-14 20:19:12,087 INFO server.RaftServerConfigKeys: raft.server.log.statemachine.data.sync.timeout.retry = -1 (default)
datanode_3  | 2019-11-14 20:19:11,532 INFO server.RaftServerConfigKeys: raft.server.log.write.buffer.size = 33554432 (custom)
om_1        | 2019-11-14 20:19:10,632 INFO security.OzoneDelegationTokenSecretManager: Starting expired delegation token remover thread, tokenRemoverScanInterval=60 min(s)
nm_1        | 2019-11-14 20:18:59 INFO  Server:1153 - IPC Server listener on 8040: starting
datanode_1  | 2019-11-14 20:19:12,611 INFO server.RaftServerConfigKeys: raft.server.log.statemachine.data.caching.enabled = true (custom)
kms_1       | 	at org.apache.hadoop.http.HttpServer2$QuotingInputFilter.doFilter(HttpServer2.java:1609)
kdc_1       | Nov 14 20:18:37 kdc kadmind[15](Notice): Request: kadm5_get_policy, default, Policy does not exist, client=admin/admin@EXAMPLE.COM, service=kadmin/admin@EXAMPLE.COM, addr=127.0.0.1
rm_1        | rackLocalityAdditionalDelay = -1
jhs         | INFO: Couldn't find grammar element for class javax.ws.rs.core.Response
scm_1       | 2019-11-14 20:19:04,953 INFO ipc.Server: Auth successful for dn/abd2d8507e2d@EXAMPLE.COM (auth:KERBEROS)
datanode_2  | 2019-11-14 20:19:12,097 INFO server.RaftServerConfigKeys: raft.server.log.statemachine.data.caching.enabled = true (custom)
datanode_3  | 2019-11-14 20:19:11,532 INFO server.RaftServerConfigKeys: raft.server.log.force.sync.num = 128 (default)
om_1        | 2019-11-14 20:19:10,653 INFO ipc.Server: IPC Server Responder: starting
nm_1        | 2019-11-14 20:18:59 INFO  ResourceLocalizationService:392 - Localizer started on port 8040
datanode_1  | 2019-11-14 20:19:12,617 INFO segmented.SegmentedRaftLogWorker: 9e39a1dd-0ba4-4161-87f6-028915acb3ba@group-50EB27CBF9A0-SegmentedRaftLogWorker: flushIndex: setUnconditionally 0 -> -1
kms_1       | 	at org.eclipse.jetty.servlet.ServletHandler$CachedChain.doFilter(ServletHandler.java:1759)
kdc_1       | Nov 14 20:18:37 kdc kadmind[15](Notice): Request: kadm5_create_principal, om/rm@EXAMPLE.COM, success, client=admin/admin@EXAMPLE.COM, service=kadmin/admin@EXAMPLE.COM, addr=127.0.0.1
rm_1        | labels=*,
jhs         | Nov 14, 2019 8:20:37 PM com.sun.jersey.server.wadl.generators.AbstractWadlGeneratorGrammarGenerator attachTypes
scm_1       | 2019-11-14 20:19:04,954 INFO ipc.Server: Auth successful for dn/ff1308ce1b14@EXAMPLE.COM (auth:KERBEROS)
datanode_2  | 2019-11-14 20:19:12,102 INFO segmented.SegmentedRaftLogWorker: 9e948a01-f9af-4a20-85b2-a6932055872e@group-6A08574E55F2-SegmentedRaftLogWorker: flushIndex: setUnconditionally 0 -> -1
datanode_3  | 2019-11-14 20:19:11,533 INFO server.RaftServerConfigKeys: raft.server.log.statemachine.data.sync = true (default)
om_1        | 2019-11-14 20:19:10,654 INFO ipc.Server: IPC Server listener on 9862: starting
nm_1        | 2019-11-14 20:18:59 INFO  IndexCache:47 - IndexCache created with max memory = 10485760
datanode_1  | 2019-11-14 20:19:12,621 INFO server.RaftServerConfigKeys: raft.server.snapshot.auto.trigger.enabled = true (custom)
kms_1       | 	at org.apache.hadoop.http.NoCacheFilter.doFilter(NoCacheFilter.java:45)
kdc_1       | Nov 14 20:18:37 kdc kadmind[15](info): closing down fd 18
rm_1        | reservationsContinueLooking = true
jhs         | INFO: Couldn't find grammar element for class javax.ws.rs.core.Response
scm_1       | 2019-11-14 20:19:05,054 INFO server.SCMClientProtocolServer: Processing CSR for dn 1f3720d0000c, UUID: 9e39a1dd-0ba4-4161-87f6-028915acb3ba
datanode_2  | 2019-11-14 20:19:12,109 INFO server.RaftServerConfigKeys: raft.server.snapshot.auto.trigger.enabled = true (custom)
datanode_3  | 2019-11-14 20:19:11,533 INFO server.RaftServerConfigKeys: raft.server.log.statemachine.data.sync.timeout = 10s (default)
om_1        | 2019-11-14 20:19:10,687 INFO hdfs.DFSUtil: Starting web server as: HTTP/om@EXAMPLE.COM
nm_1        | 2019-11-14 20:18:59 INFO  ShuffleHandler:549 - mapreduce_shuffle listening on port 13562
datanode_1  | 2019-11-14 20:19:12,622 INFO server.RaftServerConfigKeys: raft.server.snapshot.auto.trigger.threshold = 10000 (custom)
kms_1       | 	at org.eclipse.jetty.servlet.ServletHandler$CachedChain.doFilter(ServletHandler.java:1759)
kdc_1       | Nov 14 20:18:37 kdc kadmind[15](Notice): Request: kadm5_init, admin/admin@EXAMPLE.COM, success, client=admin/admin@EXAMPLE.COM, service=kadmin/admin@EXAMPLE.COM, addr=127.0.0.1, vers=4, flavor=6
rm_1        | preemptionDisabled = true
jhs         | 2019-11-14 20:20:37 INFO  AbstractDelegationTokenSecretManager:403 - Creating password for identifier: (TIMELINE_DELEGATION_TOKEN owner=hadoop, renewer=rm, realUser=, issueDate=1573762837508, maxDate=1574367637508, sequenceNumber=2, masterKeyId=2), currentKey: 2
scm_1       | 2019-11-14 20:19:05,054 INFO server.SCMClientProtocolServer: Processing CSR for dn abd2d8507e2d, UUID: aa59f6dd-18be-43fc-bf73-26ca7d67d7fc
datanode_2  | 2019-11-14 20:19:12,110 INFO server.RaftServerConfigKeys: raft.server.snapshot.auto.trigger.threshold = 10000 (custom)
datanode_3  | 2019-11-14 20:19:11,533 INFO server.RaftServerConfigKeys: raft.server.log.statemachine.data.sync.timeout.retry = -1 (default)
nm_1        | 2019-11-14 20:18:59 INFO  ContainerManagerImpl:666 - ContainerManager started at nm/172.19.0.9:44290
om_1        | 2019-11-14 20:19:10,687 INFO hdfs.DFSUtil: Starting Web-server for ozoneManager at: http://0.0.0.0:9874
datanode_1  | 2019-11-14 20:19:12,623 INFO server.RaftServerConfigKeys: raft.server.snapshot.retention.file.num = 5 (custom)
kms_1       | 	at org.eclipse.jetty.servlet.ServletHandler.doHandle(ServletHandler.java:582)
kdc_1       | Nov 14 20:18:37 kdc kadmind[15](Notice): Request: kadm5_randkey_principal, om/rm@EXAMPLE.COM, success, client=admin/admin@EXAMPLE.COM, service=kadmin/admin@EXAMPLE.COM, addr=127.0.0.1
rm_1        | defaultAppPriorityPerQueue = 0
jhs         | Nov 14, 2019 8:20:37 PM com.sun.jersey.server.wadl.generators.AbstractWadlGeneratorGrammarGenerator attachTypes
scm_1       | 2019-11-14 20:19:05,184 INFO ipc.Server: Auth successful for om/om@EXAMPLE.COM (auth:KERBEROS)
datanode_2  | 2019-11-14 20:19:12,110 INFO server.RaftServerConfigKeys: raft.server.snapshot.retention.file.num = 5 (custom)
datanode_3  | 2019-11-14 20:19:11,540 INFO server.RaftServerConfigKeys: raft.server.log.statemachine.data.caching.enabled = true (custom)
nm_1        | 2019-11-14 20:18:59 INFO  ContainerManagerImpl:667 - ContainerManager bound to 0.0.0.0/0.0.0.0:0
om_1        | 2019-11-14 20:19:10,799 INFO server.AuthenticationFilter: Unable to initialize FileSignerSecretProvider, falling back to use random secrets.
datanode_1  | 2019-11-14 20:19:12,623 INFO server.RaftServerConfigKeys: raft.server.retrycache.expirytime = 600000ms (custom)
kms_1       | 	at org.eclipse.jetty.server.handler.ScopedHandler.handle(ScopedHandler.java:143)
kdc_1       | Nov 14 20:18:37 kdc kadmind[15](Notice): Request: kadm5_get_principal, om/rm@EXAMPLE.COM, success, client=admin/admin@EXAMPLE.COM, service=kadmin/admin@EXAMPLE.COM, addr=127.0.0.1
rm_1        | priority = 0
jhs         | INFO: Couldn't find grammar element for class javax.ws.rs.core.Response
scm_1       | 2019-11-14 20:19:05,223 INFO server.SCMClientProtocolServer: Processing CSR for dn ff1308ce1b14, UUID: 9e948a01-f9af-4a20-85b2-a6932055872e
datanode_2  | 2019-11-14 20:19:12,111 INFO server.RaftServerConfigKeys: raft.server.retrycache.expirytime = 600000ms (custom)
datanode_3  | 2019-11-14 20:19:11,544 INFO segmented.SegmentedRaftLogWorker: aa59f6dd-18be-43fc-bf73-26ca7d67d7fc@group-42EFCA6E5562-SegmentedRaftLogWorker: flushIndex: setUnconditionally 0 -> -1
nm_1        | 2019-11-14 20:18:59 INFO  WebServer:99 - Instantiating NMWebApp at 0.0.0.0:8042
om_1        | 2019-11-14 20:19:10,803 INFO http.HttpRequestLog: Http request log for http.requests.ozoneManager is not defined
datanode_1  | 2019-11-14 20:19:12,648 WARN impl.MetricRegistriesImpl: First MetricRegistry has been created without registering reporters. You may need to call MetricRegistries.global().addReportRegistration(...) before.
kms_1       | 	at org.eclipse.jetty.security.SecurityHandler.handle(SecurityHandler.java:548)
kdc_1       | Nov 14 20:18:38 kdc kadmind[15](info): closing down fd 18
rm_1        | maxLifetime = -1 seconds
jhs         | Nov 14, 2019 8:20:37 PM com.sun.jersey.server.wadl.generators.AbstractWadlGeneratorGrammarGenerator attachTypes
scm_1       | 2019-11-14 20:19:06,143 INFO ipc.Server: Auth successful for om/om@EXAMPLE.COM (auth:KERBEROS)
datanode_2  | 2019-11-14 20:19:12,135 WARN impl.MetricRegistriesImpl: First MetricRegistry has been created without registering reporters. You may need to call MetricRegistries.global().addReportRegistration(...) before.
datanode_3  | 2019-11-14 20:19:11,548 INFO server.RaftServerConfigKeys: raft.server.snapshot.auto.trigger.enabled = true (custom)
nm_1        | 2019-11-14 20:18:59 INFO  log:192 - Logging initialized @2407ms
om_1        | 2019-11-14 20:19:10,813 INFO http.HttpServer2: Added global filter 'safety' (class=org.apache.hadoop.http.HttpServer2$QuotingInputFilter)
