s3g_1       | 2019-10-23 12:20:43,196 WARN ipc.Client: Exception encountered while connecting to the server : org.apache.hadoop.ipc.RemoteException(org.apache.hadoop.security.token.SecretManager$InvalidToken): No S3 secret found for S3 identifier:OzoneToken owner=dlfknslnfslf, renewer=, realUser=, issueDate=0, maxDate=0, sequenceNumber=0, masterKeyId=0, strToSign=AWS4-HMAC-SHA256
datanode_3  | 2019-10-23 12:14:06,532 INFO impl.RaftServerImpl: 1d384884-9cc9-4298-83fd-f6dbb4ca9082@group-21FF1490CB9C: changes role from      null to FOLLOWER at term 0 for startAsFollower
datanode_2  | 2019-10-23 12:14:07,065 INFO server.RaftServerConfigKeys: raft.server.log.appender.install.snapshot.enabled = false (custom)
datanode_1  | 2019-10-23 12:14:07,052 INFO impl.RaftServerProxy: 76451a6d-6a90-4bdd-8952-4532162d069d: addNew group-74480E7B1A41:[89e5b4d7-1509-42e6-8a2a-c8a8f921687e:172.18.0.10:9858, 1d384884-9cc9-4298-83fd-f6dbb4ca9082:172.18.0.8:9858, 76451a6d-6a90-4bdd-8952-4532162d069d:172.18.0.9:9858] returns group-74480E7B1A41:java.util.concurrent.CompletableFuture@6e0a4883[Not completed]
kdc_1       | Oct 23 12:13:47 kdc kadmind[15](Notice): Request: kadm5_create_principal, dn/om@EXAMPLE.COM, success, client=admin/admin@EXAMPLE.COM, service=kadmin/admin@EXAMPLE.COM, addr=127.0.0.1
scm_1       | 2019-10-23 12:14:01,304 INFO authorize.ServiceAuthorizationManager: Authorization successful for om/om@EXAMPLE.COM (auth:KERBEROS) for protocol=interface org.apache.hadoop.hdds.protocol.SCMSecurityProtocol
om_1        | 2019-10-23 12:14:06,003 INFO http.HttpServer2: Added filter authentication (class=org.apache.hadoop.security.authentication.server.AuthenticationFilter) to context static
s3g_1       | 20191023T122043Z
datanode_3  | 2019-10-23 12:14:06,533 INFO impl.RoleInfo: 1d384884-9cc9-4298-83fd-f6dbb4ca9082: start FollowerState
datanode_2  | 2019-10-23 12:14:07,065 INFO impl.RaftServerImpl: 89e5b4d7-1509-42e6-8a2a-c8a8f921687e@group-74480E7B1A41: ConfigurationManager, init=-1: [89e5b4d7-1509-42e6-8a2a-c8a8f921687e:172.18.0.10:9858, 1d384884-9cc9-4298-83fd-f6dbb4ca9082:172.18.0.8:9858, 76451a6d-6a90-4bdd-8952-4532162d069d:172.18.0.9:9858], old=null, confs=<EMPTY_MAP>
datanode_1  | 2019-10-23 12:14:07,056 INFO impl.RaftServerImpl: 76451a6d-6a90-4bdd-8952-4532162d069d: new RaftServerImpl for group-74480E7B1A41:[89e5b4d7-1509-42e6-8a2a-c8a8f921687e:172.18.0.10:9858, 1d384884-9cc9-4298-83fd-f6dbb4ca9082:172.18.0.8:9858, 76451a6d-6a90-4bdd-8952-4532162d069d:172.18.0.9:9858] with ContainerStateMachine:uninitialized
kdc_1       | Oct 23 12:13:47 kdc kadmind[15](info): closing down fd 18
om_1        | 2019-10-23 12:14:06,004 INFO http.HttpServer2: Added filter authentication (class=org.apache.hadoop.security.authentication.server.AuthenticationFilter) to context logs
s3g_1       | 20191023/us-west-1/s3/aws4_request
datanode_3  | 2019-10-23 12:14:06,536 INFO util.JmxRegister: Successfully registered JMX Bean with object name Ratis:service=RaftServer,group=group-21FF1490CB9C,id=1d384884-9cc9-4298-83fd-f6dbb4ca9082
scm_1       | 2019-10-23 12:14:01,306 INFO server.SCMClientProtocolServer: Processing CSR for om om, UUID: 0e6c46f4-1fb6-46dc-b71f-9162e165a916
datanode_2  | 2019-10-23 12:14:07,066 INFO server.RaftServerConfigKeys: raft.server.storage.dir = [/data/metadata/ratis] (custom)
datanode_1  | 2019-10-23 12:14:07,056 INFO server.RaftServerConfigKeys: raft.server.rpc.timeout.min = 5s (custom)
kdc_1       | Oct 23 12:13:47 kdc kadmind[15](Notice): Request: kadm5_init, admin/admin@EXAMPLE.COM, success, client=admin/admin@EXAMPLE.COM, service=kadmin/admin@EXAMPLE.COM, addr=127.0.0.1, vers=4, flavor=6
om_1        | 2019-10-23 12:14:06,021 INFO http.HttpServer2: Jetty bound to port 9874
s3g_1       | 30d9eb71e311cbbce7eb7cb7800062e9ad7e1a0d2d1acb5f34bbd05f542d255f, signature=1e7916586a0bb7f9c23e2ee80f6adddaa90ba5f0d399fd92109b3e40e28b0e76, awsAccessKeyId=dlfknslnfslf
datanode_3  | 2019-10-23 12:14:06,537 WARN impl.MetricRegistriesImpl: First MetricRegistry has been created without registering reporters. You may need to call MetricRegistries.global().addReportRegistration(...) before.
scm_1       | 2019-10-23 12:14:03,066 INFO ipc.Server: Auth successful for dn/1260419f5dc6@EXAMPLE.COM (auth:KERBEROS)
datanode_2  | 2019-10-23 12:14:07,067 INFO server.RaftServerConfigKeys: raft.server.log.corruption.policy = EXCEPTION (default)
kdc_1       | Oct 23 12:13:47 kdc kadmind[15](Notice): Request: kadm5_randkey_principal, dn/om@EXAMPLE.COM, success, client=admin/admin@EXAMPLE.COM, service=kadmin/admin@EXAMPLE.COM, addr=127.0.0.1
datanode_1  | 2019-10-23 12:14:07,056 INFO server.RaftServerConfigKeys: raft.server.rpc.timeout.max = 5200ms (custom)
om_1        | 2019-10-23 12:14:06,022 INFO server.Server: jetty-9.3.25.v20180904, build timestamp: 2018-09-04T21:11:46Z, git hash: 3ce520221d0240229c862b122d2b06c12a625732
s3g_1       | 2019-10-23 12:20:43,197 [qtp262445056-27] ERROR      - Failed to connect to OM. Attempted 10 retries and 10 failovers
datanode_3  | 2019-10-23 12:14:07,058 INFO impl.RaftServerProxy: 1d384884-9cc9-4298-83fd-f6dbb4ca9082: addNew group-74480E7B1A41:[89e5b4d7-1509-42e6-8a2a-c8a8f921687e:172.18.0.10:9858, 1d384884-9cc9-4298-83fd-f6dbb4ca9082:172.18.0.8:9858, 76451a6d-6a90-4bdd-8952-4532162d069d:172.18.0.9:9858] returns group-74480E7B1A41:java.util.concurrent.CompletableFuture@596511a5[Not completed]
scm_1       | 2019-10-23 12:14:03,068 INFO ipc.Server: Auth successful for dn/052637e4ace2@EXAMPLE.COM (auth:KERBEROS)
datanode_2  | 2019-10-23 12:14:07,067 INFO storage.RaftStorageDirectory: The storage directory /data/metadata/ratis/9cc3d726-0900-41d9-aabc-74480e7b1a41 does not exist. Creating ...
kdc_1       | Oct 23 12:13:47 kdc kadmind[15](Notice): Request: kadm5_get_principal, dn/om@EXAMPLE.COM, success, client=admin/admin@EXAMPLE.COM, service=kadmin/admin@EXAMPLE.COM, addr=127.0.0.1
datanode_1  | 2019-10-23 12:14:07,057 INFO server.RaftServerConfigKeys: raft.server.rpcslowness.timeout = 120s (custom)
om_1        | 2019-10-23 12:14:06,057 INFO server.AuthenticationFilter: Unable to initialize FileSignerSecretProvider, falling back to use random secrets.
s3g_1       | 2019-10-23 12:20:43,198 [qtp262445056-27] ERROR      - Couldn't create RpcClient protocol exception: 
datanode_3  | 2019-10-23 12:14:07,063 INFO impl.RaftServerImpl: 1d384884-9cc9-4298-83fd-f6dbb4ca9082: new RaftServerImpl for group-74480E7B1A41:[89e5b4d7-1509-42e6-8a2a-c8a8f921687e:172.18.0.10:9858, 1d384884-9cc9-4298-83fd-f6dbb4ca9082:172.18.0.8:9858, 76451a6d-6a90-4bdd-8952-4532162d069d:172.18.0.9:9858] with ContainerStateMachine:uninitialized
scm_1       | 2019-10-23 12:14:03,068 INFO ipc.Server: Auth successful for dn/84ae74b6c0e6@EXAMPLE.COM (auth:KERBEROS)
datanode_2  | 2019-10-23 12:14:07,077 INFO storage.RaftStorageDirectory: Lock on /data/metadata/ratis/9cc3d726-0900-41d9-aabc-74480e7b1a41/in_use.lock acquired by nodename 7@052637e4ace2
kdc_1       | Entry for principal dn/om@EXAMPLE.COM with kvno 2, encryption type aes256-cts-hmac-sha1-96 added to keytab WRFILE:/data/dn.om.keytab.
datanode_1  | 2019-10-23 12:14:07,057 INFO server.RaftServerConfigKeys: raft.server.sleep.deviation.threshold = 300 (default)
om_1        | 2019-10-23 12:14:06,058 INFO server.KerberosAuthenticationHandler: Using keytab /etc/security/keytabs/HTTP.keytab, for principal HTTP/om@EXAMPLE.COM
s3g_1       | org.apache.hadoop.ipc.RemoteException(org.apache.hadoop.security.token.SecretManager$InvalidToken): No S3 secret found for S3 identifier:OzoneToken owner=dlfknslnfslf, renewer=, realUser=, issueDate=0, maxDate=0, sequenceNumber=0, masterKeyId=0, strToSign=AWS4-HMAC-SHA256
datanode_3  | 2019-10-23 12:14:07,063 INFO server.RaftServerConfigKeys: raft.server.rpc.timeout.min = 5s (custom)
scm_1       | 2019-10-23 12:14:03,070 INFO authorize.ServiceAuthorizationManager: Authorization successful for dn/052637e4ace2@EXAMPLE.COM (auth:KERBEROS) for protocol=interface org.apache.hadoop.ozone.protocol.StorageContainerDatanodeProtocol
datanode_2  | 2019-10-23 12:14:07,102 INFO storage.RaftStorage: Storage directory /data/metadata/ratis/9cc3d726-0900-41d9-aabc-74480e7b1a41 has been successfully formatted.
kdc_1       | Entry for principal dn/om@EXAMPLE.COM with kvno 2, encryption type aes128-cts-hmac-sha1-96 added to keytab WRFILE:/data/dn.om.keytab.
datanode_1  | 2019-10-23 12:14:07,057 INFO server.RaftServerConfigKeys: raft.server.log.appender.install.snapshot.enabled = false (custom)
om_1        | 2019-10-23 12:14:06,061 INFO handler.ContextHandler: Started o.e.j.s.ServletContextHandler@7a682d35{/logs,file:///var/log/hadoop/,AVAILABLE}
s3g_1       | 20191023T122043Z
scm_1       | 2019-10-23 12:14:03,071 INFO authorize.ServiceAuthorizationManager: Authorization successful for dn/1260419f5dc6@EXAMPLE.COM (auth:KERBEROS) for protocol=interface org.apache.hadoop.ozone.protocol.StorageContainerDatanodeProtocol
datanode_2  | 2019-10-23 12:14:07,103 [pool-9-thread-1] INFO       - group-74480E7B1A41: The snapshot info is null. Setting the last applied indexto:(t:0, i:~)
datanode_3  | 2019-10-23 12:14:07,063 INFO server.RaftServerConfigKeys: raft.server.rpc.timeout.max = 5200ms (custom)
kdc_1       | Generiting keytab
datanode_1  | 2019-10-23 12:14:07,057 INFO impl.RaftServerImpl: 76451a6d-6a90-4bdd-8952-4532162d069d@group-74480E7B1A41: ConfigurationManager, init=-1: [89e5b4d7-1509-42e6-8a2a-c8a8f921687e:172.18.0.10:9858, 1d384884-9cc9-4298-83fd-f6dbb4ca9082:172.18.0.8:9858, 76451a6d-6a90-4bdd-8952-4532162d069d:172.18.0.9:9858], old=null, confs=<EMPTY_MAP>
s3g_1       | 20191023/us-west-1/s3/aws4_request
scm_1       | 2019-10-23 12:14:03,072 INFO authorize.ServiceAuthorizationManager: Authorization successful for dn/84ae74b6c0e6@EXAMPLE.COM (auth:KERBEROS) for protocol=interface org.apache.hadoop.ozone.protocol.StorageContainerDatanodeProtocol
datanode_2  | 2019-10-23 12:14:07,103 INFO server.RaftServerConfigKeys: raft.server.notification.no-leader.timeout = 120s (custom)
kdc_1       | Authenticating as principal admin/admin with keytab /tmp/admin.keytab.
datanode_1  | 2019-10-23 12:14:07,057 INFO server.RaftServerConfigKeys: raft.server.storage.dir = [/data/metadata/ratis] (custom)
datanode_3  | 2019-10-23 12:14:07,063 INFO server.RaftServerConfigKeys: raft.server.rpcslowness.timeout = 120s (custom)
om_1        | 2019-10-23 12:14:06,061 INFO handler.ContextHandler: Started o.e.j.s.ServletContextHandler@3e214105{/static,jar:file:/opt/hadoop/share/ozone/lib/hadoop-ozone-ozone-manager-0.5.0-SNAPSHOT.jar!/webapps/static,AVAILABLE}
s3g_1       | 30d9eb71e311cbbce7eb7cb7800062e9ad7e1a0d2d1acb5f34bbd05f542d255f, signature=1e7916586a0bb7f9c23e2ee80f6adddaa90ba5f0d399fd92109b3e40e28b0e76, awsAccessKeyId=dlfknslnfslf
scm_1       | 2019-10-23 12:14:04,007 INFO ipc.Server: Auth successful for om/om@EXAMPLE.COM (auth:KERBEROS)
datanode_2  | 2019-10-23 12:14:07,104 INFO server.RaftServerConfigKeys: raft.server.log.use.memory = false (default)
kdc_1       | WARNING: no policy specified for HTTP/0ea37fb5900a@EXAMPLE.COM; defaulting to no policy
datanode_1  | 2019-10-23 12:14:07,058 INFO server.RaftServerConfigKeys: raft.server.log.corruption.policy = EXCEPTION (default)
datanode_3  | 2019-10-23 12:14:07,063 INFO server.RaftServerConfigKeys: raft.server.sleep.deviation.threshold = 300 (default)
om_1        | 2019-10-23 12:14:06,133 INFO server.KerberosAuthenticationHandler: Using keytab /etc/security/keytabs/HTTP.keytab, for principal HTTP/om@EXAMPLE.COM
s3g_1       | 	at org.apache.hadoop.ipc.Client.getRpcResponse(Client.java:1511)
scm_1       | 2019-10-23 12:14:04,020 INFO authorize.ServiceAuthorizationManager: Authorization successful for om/om@EXAMPLE.COM (auth:KERBEROS) for protocol=interface org.apache.hadoop.hdds.scm.protocol.ScmBlockLocationProtocol
kdc_1       | Principal "HTTP/0ea37fb5900a@EXAMPLE.COM" created.
datanode_1  | 2019-10-23 12:14:07,058 INFO storage.RaftStorageDirectory: The storage directory /data/metadata/ratis/9cc3d726-0900-41d9-aabc-74480e7b1a41 does not exist. Creating ...
datanode_2  | 2019-10-23 12:14:07,104 INFO server.RaftServerConfigKeys: raft.server.log.purge.gap = 1000000 (custom)
datanode_3  | 2019-10-23 12:14:07,063 INFO server.RaftServerConfigKeys: raft.server.log.appender.install.snapshot.enabled = false (custom)
om_1        | 2019-10-23 12:14:06,138 INFO handler.ContextHandler: Started o.e.j.w.WebAppContext@5f61371d{/,file:///tmp/jetty-0.0.0.0-9874-ozoneManager-_-any-9938049689351406720.dir/webapp/,AVAILABLE}{/ozoneManager}
s3g_1       | 	at org.apache.hadoop.ipc.Client.call(Client.java:1457)
scm_1       | 2019-10-23 12:14:05,051 INFO net.NetworkTopology: Added a new node: /default-rack/89e5b4d7-1509-42e6-8a2a-c8a8f921687e
kdc_1       | Authenticating as principal admin/admin with keytab /tmp/admin.keytab.
datanode_1  | 2019-10-23 12:14:07,077 INFO storage.RaftStorageDirectory: Lock on /data/metadata/ratis/9cc3d726-0900-41d9-aabc-74480e7b1a41/in_use.lock acquired by nodename 7@1260419f5dc6
datanode_2  | 2019-10-23 12:14:07,104 INFO server.RaftServerConfigKeys: raft.server.log.appender.buffer.byte-limit = 33554432 (custom)
datanode_3  | 2019-10-23 12:14:07,063 INFO impl.RaftServerImpl: 1d384884-9cc9-4298-83fd-f6dbb4ca9082@group-74480E7B1A41: ConfigurationManager, init=-1: [89e5b4d7-1509-42e6-8a2a-c8a8f921687e:172.18.0.10:9858, 1d384884-9cc9-4298-83fd-f6dbb4ca9082:172.18.0.8:9858, 76451a6d-6a90-4bdd-8952-4532162d069d:172.18.0.9:9858], old=null, confs=<EMPTY_MAP>
om_1        | 2019-10-23 12:14:06,143 INFO server.AbstractConnector: Started ServerConnector@5861db2e{HTTP/1.1,[http/1.1]}{0.0.0.0:9874}
s3g_1       | 	at org.apache.hadoop.ipc.Client.call(Client.java:1367)
scm_1       | 2019-10-23 12:14:05,051 INFO net.NetworkTopology: Added a new node: /default-rack/1d384884-9cc9-4298-83fd-f6dbb4ca9082
datanode_1  | 2019-10-23 12:14:07,102 INFO storage.RaftStorage: Storage directory /data/metadata/ratis/9cc3d726-0900-41d9-aabc-74480e7b1a41 has been successfully formatted.
datanode_2  | 2019-10-23 12:14:07,104 INFO server.RaftServerConfigKeys: raft.server.log.segment.size.max = 1048576 (custom)
datanode_3  | 2019-10-23 12:14:07,064 INFO server.RaftServerConfigKeys: raft.server.storage.dir = [/data/metadata/ratis] (custom)
kdc_1       | Entry for principal HTTP/0ea37fb5900a@EXAMPLE.COM with kvno 2, encryption type aes256-cts-hmac-sha1-96 added to keytab WRFILE:/data/HTTP.0ea37fb5900a.keytab.
om_1        | 2019-10-23 12:14:06,144 INFO server.Server: Started @4575ms
s3g_1       | 	at org.apache.hadoop.ipc.ProtobufRpcEngine$Invoker.invoke(ProtobufRpcEngine.java:228)
scm_1       | 2019-10-23 12:14:05,052 INFO node.SCMNodeManager: Registered Data node : 89e5b4d7-1509-42e6-8a2a-c8a8f921687e{ip: 172.18.0.10, host: ozonesecure_datanode_2.ozonesecure_default, networkLocation: /default-rack, certSerialId: 12179625583677508}
datanode_1  | 2019-10-23 12:14:07,103 [pool-9-thread-1] INFO       - group-74480E7B1A41: The snapshot info is null. Setting the last applied indexto:(t:0, i:~)
datanode_2  | 2019-10-23 12:14:07,104 INFO server.RaftServerConfigKeys: raft.server.log.segment.cache.num.max = 2 (custom)
datanode_3  | 2019-10-23 12:14:07,064 INFO server.RaftServerConfigKeys: raft.server.log.corruption.policy = EXCEPTION (default)
om_1        | 2019-10-23 12:14:06,201 INFO impl.MetricsSinkAdapter: Sink prometheus started
s3g_1       | 	at org.apache.hadoop.ipc.ProtobufRpcEngine$Invoker.invoke(ProtobufRpcEngine.java:116)
scm_1       | 2019-10-23 12:14:05,053 INFO net.NetworkTopology: Added a new node: /default-rack/76451a6d-6a90-4bdd-8952-4532162d069d
kdc_1       | Entry for principal HTTP/0ea37fb5900a@EXAMPLE.COM with kvno 2, encryption type aes128-cts-hmac-sha1-96 added to keytab WRFILE:/data/HTTP.0ea37fb5900a.keytab.
datanode_1  | 2019-10-23 12:14:07,103 INFO server.RaftServerConfigKeys: raft.server.notification.no-leader.timeout = 120s (custom)
datanode_2  | 2019-10-23 12:14:07,104 INFO segmented.SegmentedRaftLogWorker: new 89e5b4d7-1509-42e6-8a2a-c8a8f921687e@group-74480E7B1A41-SegmentedRaftLogWorker for RaftStorage:Storage Directory /data/metadata/ratis/9cc3d726-0900-41d9-aabc-74480e7b1a41
datanode_3  | 2019-10-23 12:14:07,064 INFO storage.RaftStorageDirectory: The storage directory /data/metadata/ratis/9cc3d726-0900-41d9-aabc-74480e7b1a41 does not exist. Creating ...
om_1        | 2019-10-23 12:14:06,201 INFO impl.MetricsSystemImpl: Registered sink prometheus
s3g_1       | 	at com.sun.proxy.$Proxy83.submitRequest(Unknown Source)
scm_1       | 2019-10-23 12:14:05,053 INFO node.SCMNodeManager: Registered Data node : 76451a6d-6a90-4bdd-8952-4532162d069d{ip: 172.18.0.9, host: ozonesecure_datanode_1.ozonesecure_default, networkLocation: /default-rack, certSerialId: 12179625533161590}
kdc_1       | Generiting keytab
datanode_1  | 2019-10-23 12:14:07,104 INFO server.RaftServerConfigKeys: raft.server.log.use.memory = false (default)
datanode_2  | 2019-10-23 12:14:07,104 INFO server.RaftServerConfigKeys: raft.server.log.queue.byte-limit = 2147483647 (custom)
om_1        | 2019-10-23 12:14:06,204 INFO server.BaseHttpServer: HTTP server of OZONEMANAGER is listening at http://0.0.0.0:9874
s3g_1       | 	at jdk.internal.reflect.GeneratedMethodAccessor9.invoke(Unknown Source)
scm_1       | 2019-10-23 12:14:05,052 INFO node.SCMNodeManager: Registered Data node : 1d384884-9cc9-4298-83fd-f6dbb4ca9082{ip: 172.18.0.8, host: ozonesecure_datanode_3.ozonesecure_default, networkLocation: /default-rack, certSerialId: 12179625533155667}
datanode_3  | 2019-10-23 12:14:07,077 INFO storage.RaftStorageDirectory: Lock on /data/metadata/ratis/9cc3d726-0900-41d9-aabc-74480e7b1a41/in_use.lock acquired by nodename 7@84ae74b6c0e6
kdc_1       | Authenticating as principal admin/admin with keytab /tmp/admin.keytab.
datanode_1  | 2019-10-23 12:14:07,104 INFO server.RaftServerConfigKeys: raft.server.log.purge.gap = 1000000 (custom)
datanode_2  | 2019-10-23 12:14:07,104 INFO server.RaftServerConfigKeys: raft.server.log.queue.element-limit = 1024 (custom)
s3g_1       | 	at java.base/jdk.internal.reflect.DelegatingMethodAccessorImpl.invoke(DelegatingMethodAccessorImpl.java:43)
om_1        | 2019-10-23 12:14:20,874 INFO ipc.Server: Auth successful for HTTP/scm@EXAMPLE.COM (auth:KERBEROS)
scm_1       | 2019-10-23 12:14:05,066 INFO safemode.SCMSafeModeManager: SCM in safe mode. 1 DataNodes registered, 1 required.
datanode_3  | 2019-10-23 12:14:07,102 INFO storage.RaftStorage: Storage directory /data/metadata/ratis/9cc3d726-0900-41d9-aabc-74480e7b1a41 has been successfully formatted.
kdc_1       | WARNING: no policy specified for dn/84ae74b6c0e6@EXAMPLE.COM; defaulting to no policy
datanode_1  | 2019-10-23 12:14:07,104 INFO server.RaftServerConfigKeys: raft.server.log.appender.buffer.byte-limit = 33554432 (custom)
s3g_1       | 	at java.base/java.lang.reflect.Method.invoke(Method.java:566)
om_1        | 2019-10-23 12:14:20,952 INFO authorize.ServiceAuthorizationManager: Authorization successful for HTTP/scm@EXAMPLE.COM (auth:KERBEROS) for protocol=interface org.apache.hadoop.ozone.om.protocol.OzoneManagerProtocol
scm_1       | 2019-10-23 12:14:05,067 INFO safemode.SCMSafeModeManager: ScmSafeModeManager, all rules are successfully validated
datanode_2  | 2019-10-23 12:14:07,104 INFO server.RaftServerConfigKeys: raft.server.log.segment.size.max = 1048576 (custom)
datanode_3  | 2019-10-23 12:14:07,103 [pool-9-thread-1] INFO       - group-74480E7B1A41: The snapshot info is null. Setting the last applied indexto:(t:0, i:~)
kdc_1       | Principal "dn/84ae74b6c0e6@EXAMPLE.COM" created.
datanode_1  | 2019-10-23 12:14:07,104 INFO server.RaftServerConfigKeys: raft.server.log.segment.size.max = 1048576 (custom)
s3g_1       | 	at org.apache.hadoop.io.retry.RetryInvocationHandler.invokeMethod(RetryInvocationHandler.java:422)
scm_1       | 2019-10-23 12:14:05,068 INFO safemode.SCMSafeModeManager: SCM exiting safe mode.
datanode_2  | 2019-10-23 12:14:07,105 INFO server.RaftServerConfigKeys: raft.server.log.preallocated.size = 16384 (custom)
datanode_3  | 2019-10-23 12:14:07,103 INFO server.RaftServerConfigKeys: raft.server.notification.no-leader.timeout = 120s (custom)
kdc_1       | Authenticating as principal admin/admin with keytab /tmp/admin.keytab.
om_1        | 2019-10-23 12:14:22,141 [IPC Server handler 0 on 9862] INFO       - created volume:vol-0-87357 for user:HTTP/scm@EXAMPLE.COM
datanode_1  | 2019-10-23 12:14:07,105 INFO server.RaftServerConfigKeys: raft.server.log.segment.cache.num.max = 2 (custom)
s3g_1       | 	at org.apache.hadoop.io.retry.RetryInvocationHandler$Call.invokeMethod(RetryInvocationHandler.java:165)
scm_1       | 2019-10-23 12:14:06,164 INFO pipeline.PipelineStateManager: Created pipeline Pipeline[ Id: 2d9ce009-424f-414f-8b0c-e930dbf3269a, Nodes: 89e5b4d7-1509-42e6-8a2a-c8a8f921687e{ip: 172.18.0.10, host: ozonesecure_datanode_2.ozonesecure_default, networkLocation: /default-rack, certSerialId: null}, Type:RATIS, Factor:ONE, State:OPEN]
datanode_2  | 2019-10-23 12:14:07,105 INFO server.RaftServerConfigKeys: raft.server.log.write.buffer.size = 33554432 (custom)
datanode_3  | 2019-10-23 12:14:07,103 INFO server.RaftServerConfigKeys: raft.server.log.use.memory = false (default)
kdc_1       | Entry for principal dn/84ae74b6c0e6@EXAMPLE.COM with kvno 2, encryption type aes256-cts-hmac-sha1-96 added to keytab WRFILE:/data/dn.84ae74b6c0e6.keytab.
om_1        | 2019-10-23 12:14:22,176 [IPC Server handler 3 on 9862] INFO       - created volume:vol-1-54559 for user:HTTP/scm@EXAMPLE.COM
datanode_1  | 2019-10-23 12:14:07,105 INFO segmented.SegmentedRaftLogWorker: new 76451a6d-6a90-4bdd-8952-4532162d069d@group-74480E7B1A41-SegmentedRaftLogWorker for RaftStorage:Storage Directory /data/metadata/ratis/9cc3d726-0900-41d9-aabc-74480e7b1a41
s3g_1       | 	at org.apache.hadoop.io.retry.RetryInvocationHandler$Call.invoke(RetryInvocationHandler.java:157)
scm_1       | 2019-10-23 12:14:06,587 INFO pipeline.PipelineStateManager: Created pipeline Pipeline[ Id: 34accf99-b288-4408-81d2-21ff1490cb9c, Nodes: 1d384884-9cc9-4298-83fd-f6dbb4ca9082{ip: 172.18.0.8, host: ozonesecure_datanode_3.ozonesecure_default, networkLocation: /default-rack, certSerialId: null}, Type:RATIS, Factor:ONE, State:OPEN]
datanode_2  | 2019-10-23 12:14:07,105 INFO server.RaftServerConfigKeys: raft.server.log.force.sync.num = 128 (default)
datanode_3  | 2019-10-23 12:14:07,103 INFO server.RaftServerConfigKeys: raft.server.log.purge.gap = 1000000 (custom)
kdc_1       | Entry for principal dn/84ae74b6c0e6@EXAMPLE.COM with kvno 2, encryption type aes128-cts-hmac-sha1-96 added to keytab WRFILE:/data/dn.84ae74b6c0e6.keytab.
om_1        | 2019-10-23 12:14:22,193 [IPC Server handler 5 on 9862] INFO       - created volume:vol-2-64000 for user:HTTP/scm@EXAMPLE.COM
datanode_1  | 2019-10-23 12:14:07,105 INFO server.RaftServerConfigKeys: raft.server.log.queue.byte-limit = 2147483647 (custom)
s3g_1       | 	at org.apache.hadoop.io.retry.RetryInvocationHandler$Call.invokeOnce(RetryInvocationHandler.java:95)
datanode_2  | 2019-10-23 12:14:07,105 INFO server.RaftServerConfigKeys: raft.server.log.statemachine.data.sync = true (default)
scm_1       | 2019-10-23 12:14:06,993 INFO pipeline.PipelineStateManager: Created pipeline Pipeline[ Id: a7a18169-a7b2-4c54-9d2d-5cd578be161c, Nodes: 76451a6d-6a90-4bdd-8952-4532162d069d{ip: 172.18.0.9, host: ozonesecure_datanode_1.ozonesecure_default, networkLocation: /default-rack, certSerialId: null}, Type:RATIS, Factor:ONE, State:OPEN]
datanode_3  | 2019-10-23 12:14:07,103 INFO server.RaftServerConfigKeys: raft.server.log.appender.buffer.byte-limit = 33554432 (custom)
kdc_1       | Generiting keytab
om_1        | 2019-10-23 12:14:22,204 [IPC Server handler 7 on 9862] INFO       - created volume:vol-3-75260 for user:HTTP/scm@EXAMPLE.COM
datanode_1  | 2019-10-23 12:14:07,106 INFO server.RaftServerConfigKeys: raft.server.log.queue.element-limit = 1024 (custom)
s3g_1       | 	at org.apache.hadoop.io.retry.RetryInvocationHandler.invoke(RetryInvocationHandler.java:359)
datanode_2  | 2019-10-23 12:14:07,105 INFO server.RaftServerConfigKeys: raft.server.log.statemachine.data.sync.timeout = 10s (default)
datanode_3  | 2019-10-23 12:14:07,104 INFO server.RaftServerConfigKeys: raft.server.log.segment.size.max = 1048576 (custom)
kdc_1       | Authenticating as principal admin/admin with keytab /tmp/admin.keytab.
om_1        | 2019-10-23 12:14:22,214 [IPC Server handler 9 on 9862] INFO       - created volume:vol-4-31716 for user:HTTP/scm@EXAMPLE.COM
datanode_1  | 2019-10-23 12:14:07,106 INFO server.RaftServerConfigKeys: raft.server.log.segment.size.max = 1048576 (custom)
scm_1       | 2019-10-23 12:14:07,124 INFO pipeline.PipelineStateManager: Created pipeline Pipeline[ Id: 9cc3d726-0900-41d9-aabc-74480e7b1a41, Nodes: 89e5b4d7-1509-42e6-8a2a-c8a8f921687e{ip: 172.18.0.10, host: ozonesecure_datanode_2.ozonesecure_default, networkLocation: /default-rack, certSerialId: null}1d384884-9cc9-4298-83fd-f6dbb4ca9082{ip: 172.18.0.8, host: ozonesecure_datanode_3.ozonesecure_default, networkLocation: /default-rack, certSerialId: null}76451a6d-6a90-4bdd-8952-4532162d069d{ip: 172.18.0.9, host: ozonesecure_datanode_1.ozonesecure_default, networkLocation: /default-rack, certSerialId: null}, Type:RATIS, Factor:THREE, State:OPEN]
datanode_2  | 2019-10-23 12:14:07,105 INFO server.RaftServerConfigKeys: raft.server.log.statemachine.data.sync.timeout.retry = -1 (default)
s3g_1       | 	at com.sun.proxy.$Proxy83.submitRequest(Unknown Source)
datanode_3  | 2019-10-23 12:14:07,104 INFO server.RaftServerConfigKeys: raft.server.log.segment.cache.num.max = 2 (custom)
kdc_1       | WARNING: no policy specified for dn/1260419f5dc6@EXAMPLE.COM; defaulting to no policy
om_1        | 2019-10-23 12:14:34,333 INFO ipc.Server: Auth successful for testuser/scm@EXAMPLE.COM (auth:KERBEROS)
datanode_1  | 2019-10-23 12:14:07,106 INFO server.RaftServerConfigKeys: raft.server.log.preallocated.size = 16384 (custom)
scm_1       | 2019-10-23 12:14:21,372 INFO ipc.Server: Auth successful for om/om@EXAMPLE.COM (auth:KERBEROS)
datanode_2  | 2019-10-23 12:14:07,105 INFO server.RaftServerConfigKeys: raft.server.log.statemachine.data.caching.enabled = true (custom)
s3g_1       | 	at org.apache.hadoop.ozone.om.protocolPB.OzoneManagerProtocolClientSideTranslatorPB.submitRequest(OzoneManagerProtocolClientSideTranslatorPB.java:338)
datanode_3  | 2019-10-23 12:14:07,104 INFO segmented.SegmentedRaftLogWorker: new 1d384884-9cc9-4298-83fd-f6dbb4ca9082@group-74480E7B1A41-SegmentedRaftLogWorker for RaftStorage:Storage Directory /data/metadata/ratis/9cc3d726-0900-41d9-aabc-74480e7b1a41
kdc_1       | Principal "dn/1260419f5dc6@EXAMPLE.COM" created.
om_1        | 2019-10-23 12:14:34,342 INFO authorize.ServiceAuthorizationManager: Authorization successful for testuser/scm@EXAMPLE.COM (auth:KERBEROS) for protocol=interface org.apache.hadoop.ozone.om.protocol.OzoneManagerProtocol
datanode_1  | 2019-10-23 12:14:07,106 INFO server.RaftServerConfigKeys: raft.server.log.write.buffer.size = 33554432 (custom)
scm_1       | 2019-10-23 12:14:21,376 INFO authorize.ServiceAuthorizationManager: Authorization successful for om/om@EXAMPLE.COM (auth:KERBEROS) for protocol=interface org.apache.hadoop.hdds.scm.protocol.StorageContainerLocationProtocol
datanode_2  | 2019-10-23 12:14:07,106 INFO segmented.SegmentedRaftLogWorker: 89e5b4d7-1509-42e6-8a2a-c8a8f921687e@group-74480E7B1A41-SegmentedRaftLogWorker: flushIndex: setUnconditionally 0 -> -1
s3g_1       | 	at org.apache.hadoop.ozone.om.protocolPB.OzoneManagerProtocolClientSideTranslatorPB.getServiceInfo(OzoneManagerProtocolClientSideTranslatorPB.java:1223)
datanode_3  | 2019-10-23 12:14:07,104 INFO server.RaftServerConfigKeys: raft.server.log.queue.byte-limit = 2147483647 (custom)
kdc_1       | Authenticating as principal admin/admin with keytab /tmp/admin.keytab.
om_1        | 2019-10-23 12:14:34,976 [IPC Server handler 6 on 9862] INFO       - created volume:54273-rpcwoport for user:testuser/scm@EXAMPLE.COM
datanode_1  | 2019-10-23 12:14:07,106 INFO server.RaftServerConfigKeys: raft.server.log.force.sync.num = 128 (default)
scm_1       | 2019-10-23 12:14:22,501 INFO ipc.Server: Auth successful for om/om@EXAMPLE.COM (auth:KERBEROS)
datanode_2  | 2019-10-23 12:14:07,106 INFO server.RaftServerConfigKeys: raft.server.snapshot.auto.trigger.enabled = true (custom)
s3g_1       | 	at java.base/jdk.internal.reflect.NativeMethodAccessorImpl.invoke0(Native Method)
datanode_3  | 2019-10-23 12:14:07,104 INFO server.RaftServerConfigKeys: raft.server.log.queue.element-limit = 1024 (custom)
kdc_1       | Entry for principal dn/1260419f5dc6@EXAMPLE.COM with kvno 2, encryption type aes256-cts-hmac-sha1-96 added to keytab WRFILE:/data/dn.1260419f5dc6.keytab.
om_1        | 2019-10-23 12:14:36,898 INFO ipc.Server: Auth successful for testuser/scm@EXAMPLE.COM (auth:KERBEROS)
datanode_1  | 2019-10-23 12:14:07,107 INFO server.RaftServerConfigKeys: raft.server.log.statemachine.data.sync = true (default)
scm_1       | 2019-10-23 12:14:22,504 INFO authorize.ServiceAuthorizationManager: Authorization successful for om/om@EXAMPLE.COM (auth:KERBEROS) for protocol=interface org.apache.hadoop.hdds.scm.protocol.ScmBlockLocationProtocol
datanode_2  | 2019-10-23 12:14:07,106 INFO server.RaftServerConfigKeys: raft.server.snapshot.auto.trigger.threshold = 10000 (custom)
s3g_1       | 	at java.base/jdk.internal.reflect.NativeMethodAccessorImpl.invoke(NativeMethodAccessorImpl.java:62)
datanode_3  | 2019-10-23 12:14:07,104 INFO server.RaftServerConfigKeys: raft.server.log.segment.size.max = 1048576 (custom)
kdc_1       | Entry for principal dn/1260419f5dc6@EXAMPLE.COM with kvno 2, encryption type aes128-cts-hmac-sha1-96 added to keytab WRFILE:/data/dn.1260419f5dc6.keytab.
om_1        | 2019-10-23 12:14:36,908 INFO authorize.ServiceAuthorizationManager: Authorization successful for testuser/scm@EXAMPLE.COM (auth:KERBEROS) for protocol=interface org.apache.hadoop.ozone.om.protocol.OzoneManagerProtocol
scm_1       | 2019-10-23 12:14:22,507 INFO server.SCMBlockProtocolServer: Allocating 1 blocks of size 268435456, with ExcludeList {datanodes = [], containerIds = [], pipelineIds = []}
datanode_1  | 2019-10-23 12:14:07,107 INFO server.RaftServerConfigKeys: raft.server.log.statemachine.data.sync.timeout = 10s (default)
datanode_2  | 2019-10-23 12:14:07,106 INFO server.RaftServerConfigKeys: raft.server.snapshot.retention.file.num = 5 (custom)
s3g_1       | 	at java.base/jdk.internal.reflect.DelegatingMethodAccessorImpl.invoke(DelegatingMethodAccessorImpl.java:43)
kdc_1       | Generiting keytab
scm_1       | 2019-10-23 12:14:22,511 INFO pipeline.PipelineStateManager: Created pipeline Pipeline[ Id: 4055a847-094b-4e1a-a43c-0f66fd123a86, Nodes: 76451a6d-6a90-4bdd-8952-4532162d069d{ip: 172.18.0.9, host: ozonesecure_datanode_1.ozonesecure_default, networkLocation: /default-rack, certSerialId: null}, Type:STAND_ALONE, Factor:ONE, State:OPEN]
om_1        | 2019-10-23 12:14:39,391 INFO ipc.Server: Auth successful for testuser/scm@EXAMPLE.COM (auth:KERBEROS)
datanode_3  | 2019-10-23 12:14:07,104 INFO server.RaftServerConfigKeys: raft.server.log.preallocated.size = 16384 (custom)
datanode_1  | 2019-10-23 12:14:07,107 INFO server.RaftServerConfigKeys: raft.server.log.statemachine.data.sync.timeout.retry = -1 (default)
datanode_2  | 2019-10-23 12:14:07,106 INFO server.RaftServerConfigKeys: raft.server.retrycache.expirytime = 600000ms (custom)
s3g_1       | 	at java.base/java.lang.reflect.Method.invoke(Method.java:566)
kdc_1       | Authenticating as principal admin/admin with keytab /tmp/admin.keytab.
scm_1       | 2019-10-23 12:14:23,505 INFO ipc.Server: Auth successful for dn/1260419f5dc6@EXAMPLE.COM (auth:KERBEROS)
om_1        | 2019-10-23 12:14:39,401 INFO authorize.ServiceAuthorizationManager: Authorization successful for testuser/scm@EXAMPLE.COM (auth:KERBEROS) for protocol=interface org.apache.hadoop.ozone.om.protocol.OzoneManagerProtocol
datanode_3  | 2019-10-23 12:14:07,104 INFO server.RaftServerConfigKeys: raft.server.log.write.buffer.size = 33554432 (custom)
datanode_1  | 2019-10-23 12:14:07,107 INFO server.RaftServerConfigKeys: raft.server.log.statemachine.data.caching.enabled = true (custom)
datanode_2  | 2019-10-23 12:14:07,106 WARN impl.MetricRegistriesImpl: First MetricRegistry has been created without registering reporters. You may need to call MetricRegistries.global().addReportRegistration(...) before.
s3g_1       | 	at org.apache.hadoop.hdds.tracing.TraceAllMethod.invoke(TraceAllMethod.java:66)
kdc_1       | WARNING: no policy specified for HTTP/s3g@EXAMPLE.COM; defaulting to no policy
scm_1       | 2019-10-23 12:14:23,507 INFO authorize.ServiceAuthorizationManager: Authorization successful for dn/1260419f5dc6@EXAMPLE.COM (auth:KERBEROS) for protocol=interface org.apache.hadoop.hdds.protocol.SCMSecurityProtocol
om_1        | 2019-10-23 12:14:42,090 INFO ipc.Server: Auth successful for testuser/scm@EXAMPLE.COM (auth:KERBEROS)
datanode_3  | 2019-10-23 12:14:07,104 INFO server.RaftServerConfigKeys: raft.server.log.force.sync.num = 128 (default)
datanode_2  | 2019-10-23 12:14:07,107 WARN impl.MetricRegistriesImpl: First MetricRegistry has been created without registering reporters. You may need to call MetricRegistries.global().addReportRegistration(...) before.
s3g_1       | 	at com.sun.proxy.$Proxy84.getServiceInfo(Unknown Source)
datanode_1  | 2019-10-23 12:14:07,108 INFO segmented.SegmentedRaftLogWorker: 76451a6d-6a90-4bdd-8952-4532162d069d@group-74480E7B1A41-SegmentedRaftLogWorker: flushIndex: setUnconditionally 0 -> -1
kdc_1       | Principal "HTTP/s3g@EXAMPLE.COM" created.
scm_1       | 2019-10-23 12:14:23,885 INFO ipc.Server: Auth successful for dn/1260419f5dc6@EXAMPLE.COM (auth:KERBEROS)
datanode_3  | 2019-10-23 12:14:07,105 INFO server.RaftServerConfigKeys: raft.server.log.statemachine.data.sync = true (default)
datanode_2  | 2019-10-23 12:14:07,107 INFO impl.RaftServerImpl: 89e5b4d7-1509-42e6-8a2a-c8a8f921687e@group-74480E7B1A41: start as a follower, conf=-1: [89e5b4d7-1509-42e6-8a2a-c8a8f921687e:172.18.0.10:9858, 1d384884-9cc9-4298-83fd-f6dbb4ca9082:172.18.0.8:9858, 76451a6d-6a90-4bdd-8952-4532162d069d:172.18.0.9:9858], old=null
s3g_1       | 	at org.apache.hadoop.ozone.client.rpc.RpcClient.<init>(RpcClient.java:154)
datanode_1  | 2019-10-23 12:14:07,108 INFO server.RaftServerConfigKeys: raft.server.snapshot.auto.trigger.enabled = true (custom)
kdc_1       | Authenticating as principal admin/admin with keytab /tmp/admin.keytab.
scm_1       | 2019-10-23 12:14:23,891 INFO authorize.ServiceAuthorizationManager: Authorization successful for dn/1260419f5dc6@EXAMPLE.COM (auth:KERBEROS) for protocol=interface org.apache.hadoop.ozone.protocol.StorageContainerDatanodeProtocol
om_1        | 2019-10-23 12:14:42,102 INFO authorize.ServiceAuthorizationManager: Authorization successful for testuser/scm@EXAMPLE.COM (auth:KERBEROS) for protocol=interface org.apache.hadoop.ozone.om.protocol.OzoneManagerProtocol
datanode_3  | 2019-10-23 12:14:07,105 INFO server.RaftServerConfigKeys: raft.server.log.statemachine.data.sync.timeout = 10s (default)
datanode_2  | 2019-10-23 12:14:07,107 INFO impl.RaftServerImpl: 89e5b4d7-1509-42e6-8a2a-c8a8f921687e@group-74480E7B1A41: changes role from      null to FOLLOWER at term 0 for startAsFollower
s3g_1       | 	at org.apache.hadoop.ozone.client.OzoneClientFactory.getClientProtocol(OzoneClientFactory.java:256)
kdc_1       | Entry for principal HTTP/s3g@EXAMPLE.COM with kvno 2, encryption type aes256-cts-hmac-sha1-96 added to keytab WRFILE:/data/HTTP.s3g.keytab.
datanode_1  | 2019-10-23 12:14:07,109 INFO server.RaftServerConfigKeys: raft.server.snapshot.auto.trigger.threshold = 10000 (custom)
scm_1       | 2019-10-23 12:14:24,131 INFO server.SCMBlockProtocolServer: Allocating 1 blocks of size 268435456, with ExcludeList {datanodes = [], containerIds = [], pipelineIds = []}
om_1        | 2019-10-23 12:14:44,791 INFO ipc.Server: Auth successful for testuser/scm@EXAMPLE.COM (auth:KERBEROS)
datanode_3  | 2019-10-23 12:14:07,105 INFO server.RaftServerConfigKeys: raft.server.log.statemachine.data.sync.timeout.retry = -1 (default)
datanode_2  | 2019-10-23 12:14:07,107 INFO impl.RoleInfo: 89e5b4d7-1509-42e6-8a2a-c8a8f921687e: start FollowerState
s3g_1       | 	at org.apache.hadoop.ozone.client.OzoneClientFactory.getClientProtocol(OzoneClientFactory.java:239)
kdc_1       | Entry for principal HTTP/s3g@EXAMPLE.COM with kvno 2, encryption type aes128-cts-hmac-sha1-96 added to keytab WRFILE:/data/HTTP.s3g.keytab.
datanode_1  | 2019-10-23 12:14:07,109 INFO server.RaftServerConfigKeys: raft.server.snapshot.retention.file.num = 5 (custom)
scm_1       | 2019-10-23 12:14:24,459 INFO server.SCMBlockProtocolServer: Allocating 1 blocks of size 268435456, with ExcludeList {datanodes = [], containerIds = [], pipelineIds = []}
om_1        | 2019-10-23 12:14:44,803 INFO authorize.ServiceAuthorizationManager: Authorization successful for testuser/scm@EXAMPLE.COM (auth:KERBEROS) for protocol=interface org.apache.hadoop.ozone.om.protocol.OzoneManagerProtocol
datanode_3  | 2019-10-23 12:14:07,105 INFO server.RaftServerConfigKeys: raft.server.log.statemachine.data.caching.enabled = true (custom)
datanode_2  | 2019-10-23 12:14:07,108 INFO util.JmxRegister: Successfully registered JMX Bean with object name Ratis:service=RaftServer,group=group-74480E7B1A41,id=89e5b4d7-1509-42e6-8a2a-c8a8f921687e
s3g_1       | 	at org.apache.hadoop.ozone.client.OzoneClientFactory.getClient(OzoneClientFactory.java:75)
kdc_1       | Generiting keytab
datanode_1  | 2019-10-23 12:14:07,109 INFO server.RaftServerConfigKeys: raft.server.retrycache.expirytime = 600000ms (custom)
scm_1       | 2019-10-23 12:14:24,742 INFO server.SCMBlockProtocolServer: Allocating 1 blocks of size 268435456, with ExcludeList {datanodes = [], containerIds = [], pipelineIds = []}
om_1        | 2019-10-23 12:14:47,412 INFO ipc.Server: Auth successful for testuser/scm@EXAMPLE.COM (auth:KERBEROS)
datanode_3  | 2019-10-23 12:14:07,105 INFO segmented.SegmentedRaftLogWorker: 1d384884-9cc9-4298-83fd-f6dbb4ca9082@group-74480E7B1A41-SegmentedRaftLogWorker: flushIndex: setUnconditionally 0 -> -1
datanode_2  | 2019-10-23 12:14:07,108 WARN impl.MetricRegistriesImpl: First MetricRegistry has been created without registering reporters. You may need to call MetricRegistries.global().addReportRegistration(...) before.
s3g_1       | 	at org.apache.hadoop.ozone.s3.OzoneClientProducer.getClient(OzoneClientProducer.java:114)
kdc_1       | Authenticating as principal admin/admin with keytab /tmp/admin.keytab.
datanode_1  | 2019-10-23 12:14:07,109 WARN impl.MetricRegistriesImpl: First MetricRegistry has been created without registering reporters. You may need to call MetricRegistries.global().addReportRegistration(...) before.
scm_1       | 2019-10-23 12:14:24,805 INFO server.SCMBlockProtocolServer: Allocating 1 blocks of size 268435456, with ExcludeList {datanodes = [], containerIds = [], pipelineIds = []}
om_1        | 2019-10-23 12:14:47,423 INFO authorize.ServiceAuthorizationManager: Authorization successful for testuser/scm@EXAMPLE.COM (auth:KERBEROS) for protocol=interface org.apache.hadoop.ozone.om.protocol.OzoneManagerProtocol
datanode_3  | 2019-10-23 12:14:07,106 INFO server.RaftServerConfigKeys: raft.server.snapshot.auto.trigger.enabled = true (custom)
datanode_2  | 2019-10-23 12:14:11,142 INFO impl.FollowerState: 89e5b4d7-1509-42e6-8a2a-c8a8f921687e@group-E930DBF3269A-FollowerState: change to CANDIDATE, lastRpcTime:5079ms, electionTimeout:5079ms
s3g_1       | 	at org.apache.hadoop.ozone.s3.OzoneClientProducer.createClient(OzoneClientProducer.java:71)
kdc_1       | Oct 23 12:13:47 kdc krb5kdc[9](info): AS_REQ (8 etypes {18 17 20 19 16 23 25 26}) 127.0.0.1: SERVER_NOT_FOUND: admin/admin@EXAMPLE.COM for kadmin/localhost@EXAMPLE.COM, Server not found in Kerberos database
datanode_1  | 2019-10-23 12:14:07,109 WARN impl.MetricRegistriesImpl: First MetricRegistry has been created without registering reporters. You may need to call MetricRegistries.global().addReportRegistration(...) before.
scm_1       | 2019-10-23 12:14:24,854 INFO server.SCMBlockProtocolServer: Allocating 1 blocks of size 268435456, with ExcludeList {datanodes = [], containerIds = [], pipelineIds = []}
om_1        | 2019-10-23 12:14:50,060 INFO ipc.Server: Auth successful for testuser/scm@EXAMPLE.COM (auth:KERBEROS)
datanode_2  | 2019-10-23 12:14:11,143 INFO impl.RoleInfo: 89e5b4d7-1509-42e6-8a2a-c8a8f921687e: shutdown FollowerState
datanode_3  | 2019-10-23 12:14:07,106 INFO server.RaftServerConfigKeys: raft.server.snapshot.auto.trigger.threshold = 10000 (custom)
s3g_1       | 	at java.base/jdk.internal.reflect.NativeMethodAccessorImpl.invoke0(Native Method)
kdc_1       | Oct 23 12:13:47 kdc krb5kdc[9](info): AS_REQ (8 etypes {18 17 20 19 16 23 25 26}) 127.0.0.1: ISSUE: authtime 1571832827, etypes {rep=18 tkt=18 ses=18}, admin/admin@EXAMPLE.COM for kadmin/admin@EXAMPLE.COM
datanode_1  | 2019-10-23 12:14:07,109 INFO impl.RaftServerImpl: 76451a6d-6a90-4bdd-8952-4532162d069d@group-74480E7B1A41: start as a follower, conf=-1: [89e5b4d7-1509-42e6-8a2a-c8a8f921687e:172.18.0.10:9858, 1d384884-9cc9-4298-83fd-f6dbb4ca9082:172.18.0.8:9858, 76451a6d-6a90-4bdd-8952-4532162d069d:172.18.0.9:9858], old=null
scm_1       | 2019-10-23 12:14:24,914 INFO server.SCMBlockProtocolServer: Allocating 1 blocks of size 268435456, with ExcludeList {datanodes = [], containerIds = [], pipelineIds = []}
om_1        | 2019-10-23 12:14:50,073 INFO authorize.ServiceAuthorizationManager: Authorization successful for testuser/scm@EXAMPLE.COM (auth:KERBEROS) for protocol=interface org.apache.hadoop.ozone.om.protocol.OzoneManagerProtocol
datanode_2  | 2019-10-23 12:14:11,144 INFO impl.RaftServerImpl: 89e5b4d7-1509-42e6-8a2a-c8a8f921687e@group-E930DBF3269A: changes role from  FOLLOWER to CANDIDATE at term 0 for changeToCandidate
datanode_3  | 2019-10-23 12:14:07,106 INFO server.RaftServerConfigKeys: raft.server.snapshot.retention.file.num = 5 (custom)
s3g_1       | 	at java.base/jdk.internal.reflect.NativeMethodAccessorImpl.invoke(NativeMethodAccessorImpl.java:62)
kdc_1       | Oct 23 12:13:47 kdc krb5kdc[9](info): AS_REQ (8 etypes {18 17 20 19 16 23 25 26}) 127.0.0.1: SERVER_NOT_FOUND: admin/admin@EXAMPLE.COM for kadmin/localhost@EXAMPLE.COM, Server not found in Kerberos database
om_1        | 2019-10-23 12:14:52,694 INFO ipc.Server: Auth successful for testuser/scm@EXAMPLE.COM (auth:KERBEROS)
datanode_1  | 2019-10-23 12:14:07,109 INFO impl.RaftServerImpl: 76451a6d-6a90-4bdd-8952-4532162d069d@group-74480E7B1A41: changes role from      null to FOLLOWER at term 0 for startAsFollower
datanode_2  | 2019-10-23 12:14:11,148 INFO impl.RoleInfo: 89e5b4d7-1509-42e6-8a2a-c8a8f921687e: start LeaderElection
datanode_3  | 2019-10-23 12:14:07,106 INFO server.RaftServerConfigKeys: raft.server.retrycache.expirytime = 600000ms (custom)
s3g_1       | 	at java.base/jdk.internal.reflect.DelegatingMethodAccessorImpl.invoke(DelegatingMethodAccessorImpl.java:43)
scm_1       | 2019-10-23 12:14:24,960 INFO server.SCMBlockProtocolServer: Allocating 1 blocks of size 268435456, with ExcludeList {datanodes = [], containerIds = [], pipelineIds = []}
kdc_1       | Oct 23 12:13:47 kdc krb5kdc[9](info): AS_REQ (8 etypes {18 17 20 19 16 23 25 26}) 127.0.0.1: ISSUE: authtime 1571832827, etypes {rep=18 tkt=18 ses=18}, admin/admin@EXAMPLE.COM for kadmin/admin@EXAMPLE.COM
om_1        | 2019-10-23 12:14:52,704 INFO authorize.ServiceAuthorizationManager: Authorization successful for testuser/scm@EXAMPLE.COM (auth:KERBEROS) for protocol=interface org.apache.hadoop.ozone.om.protocol.OzoneManagerProtocol
datanode_1  | 2019-10-23 12:14:07,110 INFO impl.RoleInfo: 76451a6d-6a90-4bdd-8952-4532162d069d: start FollowerState
datanode_2  | 2019-10-23 12:14:11,174 INFO impl.LeaderElection: 89e5b4d7-1509-42e6-8a2a-c8a8f921687e@group-E930DBF3269A-LeaderElection1: begin an election at term 1 for -1: [89e5b4d7-1509-42e6-8a2a-c8a8f921687e:172.18.0.10:9858], old=null
datanode_3  | 2019-10-23 12:14:07,106 WARN impl.MetricRegistriesImpl: First MetricRegistry has been created without registering reporters. You may need to call MetricRegistries.global().addReportRegistration(...) before.
s3g_1       | 	at java.base/java.lang.reflect.Method.invoke(Method.java:566)
scm_1       | 2019-10-23 12:14:25,010 INFO server.SCMBlockProtocolServer: Allocating 1 blocks of size 268435456, with ExcludeList {datanodes = [], containerIds = [], pipelineIds = []}
kdc_1       | Oct 23 12:13:47 kdc krb5kdc[9](info): AS_REQ (8 etypes {18 17 20 19 16 23 25 26}) 127.0.0.1: SERVER_NOT_FOUND: admin/admin@EXAMPLE.COM for kadmin/localhost@EXAMPLE.COM, Server not found in Kerberos database
om_1        | 2019-10-23 12:14:55,456 INFO ipc.Server: Auth successful for testuser/scm@EXAMPLE.COM (auth:KERBEROS)
datanode_2  | 2019-10-23 12:14:11,175 INFO impl.RoleInfo: 89e5b4d7-1509-42e6-8a2a-c8a8f921687e: shutdown LeaderElection
datanode_3  | 2019-10-23 12:14:07,106 WARN impl.MetricRegistriesImpl: First MetricRegistry has been created without registering reporters. You may need to call MetricRegistries.global().addReportRegistration(...) before.
s3g_1       | 	at org.jboss.weld.injection.StaticMethodInjectionPoint.invoke(StaticMethodInjectionPoint.java:88)
scm_1       | 2019-10-23 12:14:25,055 INFO server.SCMBlockProtocolServer: Allocating 1 blocks of size 268435456, with ExcludeList {datanodes = [], containerIds = [], pipelineIds = []}
kdc_1       | Oct 23 12:13:47 kdc krb5kdc[9](info): AS_REQ (8 etypes {18 17 20 19 16 23 25 26}) 127.0.0.1: ISSUE: authtime 1571832827, etypes {rep=18 tkt=18 ses=18}, admin/admin@EXAMPLE.COM for kadmin/admin@EXAMPLE.COM
om_1        | 2019-10-23 12:14:55,466 INFO authorize.ServiceAuthorizationManager: Authorization successful for testuser/scm@EXAMPLE.COM (auth:KERBEROS) for protocol=interface org.apache.hadoop.ozone.om.protocol.OzoneManagerProtocol
datanode_2  | 2019-10-23 12:14:11,176 INFO impl.RaftServerImpl: 89e5b4d7-1509-42e6-8a2a-c8a8f921687e@group-E930DBF3269A: changes role from CANDIDATE to LEADER at term 1 for changeToLeader
datanode_1  | 2019-10-23 12:14:07,110 INFO util.JmxRegister: Successfully registered JMX Bean with object name Ratis:service=RaftServer,group=group-74480E7B1A41,id=76451a6d-6a90-4bdd-8952-4532162d069d
datanode_3  | 2019-10-23 12:14:07,107 INFO impl.RaftServerImpl: 1d384884-9cc9-4298-83fd-f6dbb4ca9082@group-74480E7B1A41: start as a follower, conf=-1: [89e5b4d7-1509-42e6-8a2a-c8a8f921687e:172.18.0.10:9858, 1d384884-9cc9-4298-83fd-f6dbb4ca9082:172.18.0.8:9858, 76451a6d-6a90-4bdd-8952-4532162d069d:172.18.0.9:9858], old=null
s3g_1       | 	at org.jboss.weld.injection.StaticMethodInjectionPoint.invoke(StaticMethodInjectionPoint.java:78)
scm_1       | 2019-10-23 12:14:25,104 INFO server.SCMBlockProtocolServer: Allocating 1 blocks of size 268435456, with ExcludeList {datanodes = [], containerIds = [], pipelineIds = []}
kdc_1       | Oct 23 12:13:47 kdc krb5kdc[9](info): AS_REQ (8 etypes {18 17 20 19 16 23 25 26}) 127.0.0.1: SERVER_NOT_FOUND: admin/admin@EXAMPLE.COM for kadmin/localhost@EXAMPLE.COM, Server not found in Kerberos database
om_1        | 2019-10-23 12:15:00,054 INFO ipc.Server: Auth successful for testuser/scm@EXAMPLE.COM (auth:KERBEROS)
datanode_2  | 2019-10-23 12:14:11,176 INFO impl.RaftServerImpl: 89e5b4d7-1509-42e6-8a2a-c8a8f921687e@group-E930DBF3269A: change Leader from null to 89e5b4d7-1509-42e6-8a2a-c8a8f921687e at term 1 for becomeLeader, leader elected after 5184ms
datanode_3  | 2019-10-23 12:14:07,108 INFO impl.RaftServerImpl: 1d384884-9cc9-4298-83fd-f6dbb4ca9082@group-74480E7B1A41: changes role from      null to FOLLOWER at term 0 for startAsFollower
s3g_1       | 	at org.jboss.weld.injection.producer.ProducerMethodProducer.produce(ProducerMethodProducer.java:100)
scm_1       | 2019-10-23 12:14:25,150 INFO server.SCMBlockProtocolServer: Allocating 1 blocks of size 268435456, with ExcludeList {datanodes = [], containerIds = [], pipelineIds = []}
kdc_1       | Oct 23 12:13:47 kdc krb5kdc[9](info): AS_REQ (8 etypes {18 17 20 19 16 23 25 26}) 127.0.0.1: ISSUE: authtime 1571832827, etypes {rep=18 tkt=18 ses=18}, admin/admin@EXAMPLE.COM for kadmin/admin@EXAMPLE.COM
datanode_1  | 2019-10-23 12:14:07,110 WARN impl.MetricRegistriesImpl: First MetricRegistry has been created without registering reporters. You may need to call MetricRegistries.global().addReportRegistration(...) before.
om_1        | 2019-10-23 12:15:00,064 INFO authorize.ServiceAuthorizationManager: Authorization successful for testuser/scm@EXAMPLE.COM (auth:KERBEROS) for protocol=interface org.apache.hadoop.ozone.om.protocol.OzoneManagerProtocol
datanode_2  | 2019-10-23 12:14:11,182 INFO server.RaftServerConfigKeys: raft.server.staging.catchup.gap = 1000 (default)
datanode_3  | 2019-10-23 12:14:07,108 INFO impl.RoleInfo: 1d384884-9cc9-4298-83fd-f6dbb4ca9082: start FollowerState
scm_1       | 2019-10-23 12:14:25,196 INFO server.SCMBlockProtocolServer: Allocating 1 blocks of size 268435456, with ExcludeList {datanodes = [], containerIds = [], pipelineIds = []}
s3g_1       | 	at org.jboss.weld.injection.producer.AbstractMemberProducer.produce(AbstractMemberProducer.java:161)
kdc_1       | Oct 23 12:13:47 kdc krb5kdc[9](info): AS_REQ (8 etypes {18 17 20 19 16 23 25 26}) 127.0.0.1: SERVER_NOT_FOUND: admin/admin@EXAMPLE.COM for kadmin/localhost@EXAMPLE.COM, Server not found in Kerberos database
datanode_1  | 2019-10-23 12:14:12,015 INFO impl.FollowerState: 76451a6d-6a90-4bdd-8952-4532162d069d@group-5CD578BE161C-FollowerState: change to CANDIDATE, lastRpcTime:5089ms, electionTimeout:5088ms
om_1        | 2019-10-23 12:15:04,040 INFO ipc.Server: Auth successful for testuser/scm@EXAMPLE.COM (auth:KERBEROS)
datanode_2  | 2019-10-23 12:14:11,182 INFO server.RaftServerConfigKeys: raft.server.rpc.sleep.time = 25ms (default)
