datanode_2  | 2019-10-23 11:56:30,800 INFO server.RaftServerConfigKeys: raft.server.log.statemachine.data.sync.timeout = 10s (default)
nm_1        | 2019-10-23 11:56:24 INFO  Server:419 - Started @7588ms
datanode_3  | 2019-10-23 11:56:30,797 [pool-8-thread-1] INFO       - group-75AF32772F72: The snapshot info is null. Setting the last applied indexto:(t:0, i:~)
rm_1        | Oct 23, 2019 11:56:21 AM com.sun.jersey.guice.spi.container.GuiceComponentProviderFactory register
datanode_1  | 2019-10-23 11:56:30,723 INFO storage.RaftStorageDirectory: The storage directory /data/metadata/ratis/5e72c21b-2ba8-405c-be21-75af32772f72 does not exist. Creating ...
scm_1       | 2019-10-23 11:57:27,795 INFO server.SCMBlockProtocolServer: Allocating 1 blocks of size 268435456, with ExcludeList {datanodes = [], containerIds = [], pipelineIds = []}
datanode_2  | 2019-10-23 11:56:30,800 INFO server.RaftServerConfigKeys: raft.server.log.statemachine.data.sync.timeout.retry = -1 (default)
nm_1        | 2019-10-23 11:56:24 INFO  WebApps:440 - Web app node started at 8042
datanode_3  | 2019-10-23 11:56:30,798 INFO server.RaftServerConfigKeys: raft.server.notification.no-leader.timeout = 120s (custom)
datanode_1  | 2019-10-23 11:56:30,766 INFO storage.RaftStorageDirectory: Lock on /data/metadata/ratis/5e72c21b-2ba8-405c-be21-75af32772f72/in_use.lock acquired by nodename 9@e1fb6b00189f
scm_1       | 2019-10-23 11:57:27,836 INFO server.SCMBlockProtocolServer: Allocating 1 blocks of size 268435456, with ExcludeList {datanodes = [], containerIds = [], pipelineIds = []}
nm_1        | 2019-10-23 11:56:24 INFO  NodeStatusUpdaterImpl:261 - Node ID assigned is : nm:43812
datanode_2  | 2019-10-23 11:56:30,800 INFO server.RaftServerConfigKeys: raft.server.log.statemachine.data.caching.enabled = true (custom)
rm_1        | INFO: Registering org.apache.hadoop.yarn.webapp.GenericExceptionHandler as a provider class
datanode_3  | 2019-10-23 11:56:30,798 INFO server.RaftServerConfigKeys: raft.server.log.use.memory = false (default)
datanode_1  | 2019-10-23 11:56:30,796 INFO storage.RaftStorage: Storage directory /data/metadata/ratis/5e72c21b-2ba8-405c-be21-75af32772f72 has been successfully formatted.
scm_1       | 2019-10-23 11:57:39,799 INFO server.SCMBlockProtocolServer: Allocating 1 blocks of size 268435456, with ExcludeList {datanodes = [], containerIds = [], pipelineIds = []}
nm_1        | 2019-10-23 11:56:24 INFO  JvmPauseMonitor:188 - Starting JVM pause monitor
datanode_2  | 2019-10-23 11:56:30,800 INFO segmented.SegmentedRaftLogWorker: 4892dd19-afc5-4f9b-9131-aa066ed8ef39@group-75AF32772F72-SegmentedRaftLogWorker: flushIndex: setUnconditionally 0 -> -1
rm_1        | Oct 23, 2019 11:56:21 AM com.sun.jersey.server.impl.application.WebApplicationImpl _initiate
datanode_3  | 2019-10-23 11:56:30,799 INFO server.RaftServerConfigKeys: raft.server.log.purge.gap = 1000000 (custom)
datanode_1  | 2019-10-23 11:56:30,797 [pool-8-thread-1] INFO       - group-75AF32772F72: The snapshot info is null. Setting the last applied indexto:(t:0, i:~)
scm_1       | 2019-10-23 11:57:40,054 INFO server.SCMBlockProtocolServer: Allocating 1 blocks of size 268435456, with ExcludeList {datanodes = [], containerIds = [], pipelineIds = []}
nm_1        | 2019-10-23 11:56:24 INFO  RMProxy:133 - Connecting to ResourceManager at rm/172.18.0.4:8031
datanode_2  | 2019-10-23 11:56:30,800 INFO server.RaftServerConfigKeys: raft.server.snapshot.auto.trigger.enabled = true (custom)
rm_1        | INFO: Initiating Jersey application, version 'Jersey: 1.19 02/11/2015 03:25 AM'
datanode_1  | 2019-10-23 11:56:30,797 INFO server.RaftServerConfigKeys: raft.server.notification.no-leader.timeout = 120s (custom)
scm_1       | 2019-10-23 11:58:07,936 INFO server.SCMBlockProtocolServer: Allocating 1 blocks of size 268435456, with ExcludeList {datanodes = [], containerIds = [], pipelineIds = []}
nm_1        | 2019-10-23 11:56:25 INFO  NodeStatusUpdaterImpl:652 - Sending out 0 NM container statuses: []
datanode_3  | 2019-10-23 11:56:30,799 INFO server.RaftServerConfigKeys: raft.server.log.appender.buffer.byte-limit = 33554432 (custom)
datanode_2  | 2019-10-23 11:56:30,800 INFO server.RaftServerConfigKeys: raft.server.snapshot.auto.trigger.threshold = 10000 (custom)
rm_1        | Oct 23, 2019 11:56:21 AM com.sun.jersey.guice.spi.container.GuiceComponentProviderFactory getComponentProvider
datanode_1  | 2019-10-23 11:56:30,798 INFO server.RaftServerConfigKeys: raft.server.log.use.memory = false (default)
scm_1       | 2019-10-23 11:58:10,799 INFO server.SCMBlockProtocolServer: Allocating 1 blocks of size 268435456, with ExcludeList {datanodes = [], containerIds = [], pipelineIds = []}
nm_1        | 2019-10-23 11:56:25 INFO  NodeStatusUpdaterImpl:393 - Registering with RM using containers :[]
datanode_3  | 2019-10-23 11:56:30,799 INFO server.RaftServerConfigKeys: raft.server.log.segment.size.max = 1048576 (custom)
datanode_2  | 2019-10-23 11:56:30,801 INFO server.RaftServerConfigKeys: raft.server.snapshot.retention.file.num = 5 (custom)
rm_1        | INFO: Binding org.apache.hadoop.yarn.server.resourcemanager.webapp.JAXBContextResolver to GuiceManagedComponentProvider with the scope "Singleton"
datanode_1  | 2019-10-23 11:56:30,798 INFO server.RaftServerConfigKeys: raft.server.log.purge.gap = 1000000 (custom)
scm_1       | 2019-10-23 11:58:11,540 INFO server.SCMBlockProtocolServer: Allocating 1 blocks of size 268435456, with ExcludeList {datanodes = [], containerIds = [], pipelineIds = []}
nm_1        | 2019-10-23 11:56:25 INFO  NMContainerTokenSecretManager:143 - Rolling master-key for container-tokens, got key with id -423819620
datanode_3  | 2019-10-23 11:56:30,799 INFO server.RaftServerConfigKeys: raft.server.log.segment.cache.num.max = 2 (custom)
datanode_2  | 2019-10-23 11:56:30,801 INFO server.RaftServerConfigKeys: raft.server.retrycache.expirytime = 600000ms (custom)
rm_1        | Oct 23, 2019 11:56:22 AM com.sun.jersey.guice.spi.container.GuiceComponentProviderFactory getComponentProvider
scm_1       | 2019-10-23 11:58:11,599 INFO server.SCMBlockProtocolServer: Allocating 1 blocks of size 268435456, with ExcludeList {datanodes = [], containerIds = [], pipelineIds = []}
datanode_1  | 2019-10-23 11:56:30,798 INFO server.RaftServerConfigKeys: raft.server.log.appender.buffer.byte-limit = 33554432 (custom)
nm_1        | 2019-10-23 11:56:25 INFO  NMTokenSecretManagerInNM:143 - Rolling master-key for container-tokens, got key with id -2113503702
datanode_3  | 2019-10-23 11:56:30,799 INFO segmented.SegmentedRaftLogWorker: new e88035fe-db57-4057-ae48-4e2acd735ea9@group-75AF32772F72-SegmentedRaftLogWorker for RaftStorage:Storage Directory /data/metadata/ratis/5e72c21b-2ba8-405c-be21-75af32772f72
datanode_2  | 2019-10-23 11:56:30,801 WARN impl.MetricRegistriesImpl: First MetricRegistry has been created without registering reporters. You may need to call MetricRegistries.global().addReportRegistration(...) before.
rm_1        | INFO: Binding org.apache.hadoop.yarn.webapp.GenericExceptionHandler to GuiceManagedComponentProvider with the scope "Singleton"
scm_1       | 2019-10-23 11:58:11,610 INFO server.SCMBlockProtocolServer: Allocating 1 blocks of size 268435456, with ExcludeList {datanodes = [], containerIds = [], pipelineIds = []}
datanode_1  | 2019-10-23 11:56:30,799 INFO server.RaftServerConfigKeys: raft.server.log.segment.size.max = 1048576 (custom)
nm_1        | 2019-10-23 11:56:25 INFO  NodeStatusUpdaterImpl:477 - Registered with ResourceManager as nm:43812 with total resource of <memory:8192, vCores:8>
datanode_3  | 2019-10-23 11:56:30,799 INFO server.RaftServerConfigKeys: raft.server.log.queue.byte-limit = 2147483647 (custom)
datanode_2  | 2019-10-23 11:56:30,801 WARN impl.MetricRegistriesImpl: First MetricRegistry has been created without registering reporters. You may need to call MetricRegistries.global().addReportRegistration(...) before.
rm_1        | Oct 23, 2019 11:56:24 AM com.sun.jersey.guice.spi.container.GuiceComponentProviderFactory getComponentProvider
scm_1       | 2019-10-23 11:58:14,478 INFO server.SCMBlockProtocolServer: Allocating 1 blocks of size 268435456, with ExcludeList {datanodes = [], containerIds = [], pipelineIds = []}
datanode_1  | 2019-10-23 11:56:30,799 INFO server.RaftServerConfigKeys: raft.server.log.segment.cache.num.max = 2 (custom)
nm_1        | 2019-10-23 11:57:29 INFO  Server:1849 - Auth successful for appattempt_1571831784479_0001_000001 (auth:SIMPLE)
datanode_3  | 2019-10-23 11:56:30,800 INFO server.RaftServerConfigKeys: raft.server.log.queue.element-limit = 1024 (custom)
datanode_2  | 2019-10-23 11:56:30,801 INFO impl.RaftServerImpl: 4892dd19-afc5-4f9b-9131-aa066ed8ef39@group-75AF32772F72: start as a follower, conf=-1: [e88035fe-db57-4057-ae48-4e2acd735ea9:172.18.0.9:9858, 4892dd19-afc5-4f9b-9131-aa066ed8ef39:172.18.0.7:9858, 75cf4ebd-33e7-4060-b4e2-e5880d52095d:172.18.0.8:9858], old=null
rm_1        | INFO: Binding org.apache.hadoop.yarn.server.resourcemanager.webapp.RMWebServices to GuiceManagedComponentProvider with the scope "Singleton"
scm_1       | 2019-10-23 11:58:14,614 INFO server.SCMBlockProtocolServer: Allocating 1 blocks of size 268435456, with ExcludeList {datanodes = [], containerIds = [], pipelineIds = []}
datanode_1  | 2019-10-23 11:56:30,799 INFO segmented.SegmentedRaftLogWorker: new 75cf4ebd-33e7-4060-b4e2-e5880d52095d@group-75AF32772F72-SegmentedRaftLogWorker for RaftStorage:Storage Directory /data/metadata/ratis/5e72c21b-2ba8-405c-be21-75af32772f72
nm_1        | 2019-10-23 11:57:29 INFO  ContainerManagerImpl:1070 - Start request for container_1571831784479_0001_01_000001 by user hadoop
datanode_2  | 2019-10-23 11:56:30,801 INFO impl.RaftServerImpl: 4892dd19-afc5-4f9b-9131-aa066ed8ef39@group-75AF32772F72: changes role from      null to FOLLOWER at term 0 for startAsFollower
rm_1        | 2019-10-23 11:56:24 INFO  ContextHandler:781 - Started o.e.j.w.WebAppContext@30501e60{/,file:///tmp/jetty-rm-8088-cluster-_-any-6929031193180962086.dir/webapp/,AVAILABLE}{/cluster}
datanode_3  | 2019-10-23 11:56:30,800 INFO server.RaftServerConfigKeys: raft.server.log.segment.size.max = 1048576 (custom)
scm_1       | 2019-10-23 11:58:14,866 INFO server.SCMBlockProtocolServer: Allocating 1 blocks of size 268435456, with ExcludeList {datanodes = [], containerIds = [], pipelineIds = []}
datanode_1  | 2019-10-23 11:56:30,799 INFO server.RaftServerConfigKeys: raft.server.log.queue.byte-limit = 2147483647 (custom)
nm_1        | 2019-10-23 11:57:29 INFO  ContainerManagerImpl:1122 - Creating a new application reference for app application_1571831784479_0001
datanode_2  | 2019-10-23 11:56:30,801 INFO impl.RoleInfo: 4892dd19-afc5-4f9b-9131-aa066ed8ef39: start FollowerState
rm_1        | 2019-10-23 11:56:24 INFO  AbstractConnector:278 - Started ServerConnector@1fcf9739{HTTP/1.1,[http/1.1]}{rm:8088}
datanode_3  | 2019-10-23 11:56:30,800 INFO server.RaftServerConfigKeys: raft.server.log.preallocated.size = 16384 (custom)
scm_1       | 2019-10-23 11:58:21,352 INFO server.SCMBlockProtocolServer: Allocating 1 blocks of size 268435456, with ExcludeList {datanodes = [], containerIds = [], pipelineIds = []}
datanode_1  | 2019-10-23 11:56:30,799 INFO server.RaftServerConfigKeys: raft.server.log.queue.element-limit = 1024 (custom)
nm_1        | 2019-10-23 11:57:29 INFO  ApplicationImpl:655 - Application application_1571831784479_0001 transitioned from NEW to INITING
datanode_2  | 2019-10-23 11:56:30,802 INFO util.JmxRegister: Successfully registered JMX Bean with object name Ratis:service=RaftServer,group=group-75AF32772F72,id=4892dd19-afc5-4f9b-9131-aa066ed8ef39
rm_1        | 2019-10-23 11:56:24 INFO  Server:419 - Started @7710ms
datanode_3  | 2019-10-23 11:56:30,800 INFO server.RaftServerConfigKeys: raft.server.log.write.buffer.size = 33554432 (custom)
scm_1       | 2019-10-23 11:58:23,113 INFO server.SCMBlockProtocolServer: Allocating 1 blocks of size 268435456, with ExcludeList {datanodes = [], containerIds = [], pipelineIds = []}
nm_1        | 2019-10-23 11:57:29 INFO  NMAuditLogger:94 - USER=hadoop	IP=172.18.0.4	OPERATION=Start Container Request	TARGET=ContainerManageImpl	RESULT=SUCCESS	APPID=application_1571831784479_0001	CONTAINERID=container_1571831784479_0001_01_000001
datanode_1  | 2019-10-23 11:56:30,800 INFO server.RaftServerConfigKeys: raft.server.log.segment.size.max = 1048576 (custom)
datanode_2  | 2019-10-23 11:56:30,802 WARN impl.MetricRegistriesImpl: First MetricRegistry has been created without registering reporters. You may need to call MetricRegistries.global().addReportRegistration(...) before.
rm_1        | 2019-10-23 11:56:24 INFO  WebApps:440 - Web app cluster started at 8088
datanode_3  | 2019-10-23 11:56:30,800 INFO server.RaftServerConfigKeys: raft.server.log.force.sync.num = 128 (default)
scm_1       | 2019-10-23 11:58:23,254 INFO server.SCMBlockProtocolServer: Allocating 1 blocks of size 268435456, with ExcludeList {datanodes = [], containerIds = [], pipelineIds = []}
nm_1        | 2019-10-23 11:57:29 INFO  ApplicationImpl:463 - Adding container_1571831784479_0001_01_000001 to application application_1571831784479_0001
datanode_1  | 2019-10-23 11:56:30,800 INFO server.RaftServerConfigKeys: raft.server.log.preallocated.size = 16384 (custom)
datanode_2  | 2019-10-23 11:56:34,475 INFO impl.FollowerState: 4892dd19-afc5-4f9b-9131-aa066ed8ef39@group-51D74EA76CB0-FollowerState: change to CANDIDATE, lastRpcTime:5140ms, electionTimeout:5140ms
rm_1        | 2019-10-23 11:56:24 INFO  CallQueueManager:84 - Using callQueue: class java.util.concurrent.LinkedBlockingQueue, queueCapacity: 100, scheduler: class org.apache.hadoop.ipc.DefaultRpcScheduler, ipcBackoff: false.
datanode_3  | 2019-10-23 11:56:30,800 INFO server.RaftServerConfigKeys: raft.server.log.statemachine.data.sync = true (default)
scm_1       | 2019-10-23 11:58:23,343 INFO server.SCMBlockProtocolServer: Allocating 1 blocks of size 268435456, with ExcludeList {datanodes = [], containerIds = [], pipelineIds = []}
datanode_1  | 2019-10-23 11:56:30,800 INFO server.RaftServerConfigKeys: raft.server.log.write.buffer.size = 33554432 (custom)
nm_1        | 2019-10-23 11:57:29 INFO  ApplicationImpl:655 - Application application_1571831784479_0001 transitioned from INITING to RUNNING
datanode_2  | 2019-10-23 11:56:34,476 INFO impl.RoleInfo: 4892dd19-afc5-4f9b-9131-aa066ed8ef39: shutdown FollowerState
rm_1        | 2019-10-23 11:56:24 INFO  Server:1074 - Starting Socket Reader #1 for port 8033
datanode_3  | 2019-10-23 11:56:30,800 INFO server.RaftServerConfigKeys: raft.server.log.statemachine.data.sync.timeout = 10s (default)
scm_1       | 2019-10-23 11:58:33,380 INFO server.SCMBlockProtocolServer: Allocating 1 blocks of size 268435456, with ExcludeList {datanodes = [], containerIds = [], pipelineIds = []}
datanode_1  | 2019-10-23 11:56:30,800 INFO server.RaftServerConfigKeys: raft.server.log.force.sync.num = 128 (default)
nm_1        | 2019-10-23 11:57:29 INFO  ContainerImpl:2112 - Container container_1571831784479_0001_01_000001 transitioned from NEW to LOCALIZING
datanode_3  | 2019-10-23 11:56:30,800 INFO server.RaftServerConfigKeys: raft.server.log.statemachine.data.sync.timeout.retry = -1 (default)
scm_1       | 2019-10-23 11:58:33,574 INFO server.SCMBlockProtocolServer: Allocating 1 blocks of size 268435456, with ExcludeList {datanodes = [], containerIds = [], pipelineIds = []}
datanode_2  | 2019-10-23 11:56:34,477 INFO impl.RaftServerImpl: 4892dd19-afc5-4f9b-9131-aa066ed8ef39@group-51D74EA76CB0: changes role from  FOLLOWER to CANDIDATE at term 0 for changeToCandidate
rm_1        | 2019-10-23 11:56:24 INFO  RpcServerFactoryPBImpl:173 - Adding protocol org.apache.hadoop.yarn.server.api.ResourceManagerAdministrationProtocolPB to the server
datanode_1  | 2019-10-23 11:56:30,800 INFO server.RaftServerConfigKeys: raft.server.log.statemachine.data.sync = true (default)
nm_1        | 2019-10-23 11:57:29 INFO  AuxServices:350 - Got event CONTAINER_INIT for appId application_1571831784479_0001
datanode_3  | 2019-10-23 11:56:30,801 INFO server.RaftServerConfigKeys: raft.server.log.statemachine.data.caching.enabled = true (custom)
scm_1       | 2019-10-23 11:58:36,907 INFO server.SCMBlockProtocolServer: SCM is informed by OM to delete 11 blocks
datanode_2  | 2019-10-23 11:56:34,480 INFO impl.RoleInfo: 4892dd19-afc5-4f9b-9131-aa066ed8ef39: start LeaderElection
rm_1        | 2019-10-23 11:56:24 INFO  Server:1153 - IPC Server listener on 8033: starting
datanode_1  | 2019-10-23 11:56:30,800 INFO server.RaftServerConfigKeys: raft.server.log.statemachine.data.sync.timeout = 10s (default)
nm_1        | 2019-10-23 11:57:29 INFO  ResourceLocalizationService:798 - Created localizer for container_1571831784479_0001_01_000001
datanode_3  | 2019-10-23 11:56:30,801 INFO segmented.SegmentedRaftLogWorker: e88035fe-db57-4057-ae48-4e2acd735ea9@group-75AF32772F72-SegmentedRaftLogWorker: flushIndex: setUnconditionally 0 -> -1
scm_1       | 2019-10-23 11:58:36,908 INFO block.BlockManagerImpl: Deleting blocks conID: 6 locID: 103011571949895685 bcsId: 0
datanode_2  | 2019-10-23 11:56:35,850 INFO impl.FollowerState: 4892dd19-afc5-4f9b-9131-aa066ed8ef39@group-75AF32772F72-FollowerState: change to CANDIDATE, lastRpcTime:5048ms, electionTimeout:5048ms
rm_1        | 2019-10-23 11:56:24 INFO  Server:1314 - IPC Server Responder: starting
datanode_1  | 2019-10-23 11:56:30,800 INFO server.RaftServerConfigKeys: raft.server.log.statemachine.data.sync.timeout.retry = -1 (default)
nm_1        | 2019-10-23 11:57:29 INFO  ResourceLocalizationService:1328 - Writing credentials to the nmPrivate file /tmp/hadoop-hadoop/nm-local-dir/nmPrivate/container_1571831784479_0001_01_000001.tokens
datanode_3  | 2019-10-23 11:56:30,801 INFO server.RaftServerConfigKeys: raft.server.snapshot.auto.trigger.enabled = true (custom)
scm_1       | 2019-10-23 11:58:36,928 INFO block.BlockManagerImpl: Deleting blocks conID: 2 locID: 103011571973619718 bcsId: 0
datanode_2  | 2019-10-23 11:56:35,851 INFO impl.RoleInfo: 4892dd19-afc5-4f9b-9131-aa066ed8ef39: shutdown FollowerState
datanode_1  | 2019-10-23 11:56:30,801 INFO server.RaftServerConfigKeys: raft.server.log.statemachine.data.caching.enabled = true (custom)
rm_1        | 2019-10-23 11:56:24 INFO  ResourceManager:1292 - Transitioning to active state
datanode_3  | 2019-10-23 11:56:30,801 INFO server.RaftServerConfigKeys: raft.server.snapshot.auto.trigger.threshold = 10000 (custom)
datanode_1  | 2019-10-23 11:56:30,801 INFO segmented.SegmentedRaftLogWorker: 75cf4ebd-33e7-4060-b4e2-e5880d52095d@group-75AF32772F72-SegmentedRaftLogWorker: flushIndex: setUnconditionally 0 -> -1
rm_1        | 2019-10-23 11:56:24 INFO  RMStateStore:550 - Updating AMRMToken
nm_1        | 2019-10-23 11:57:29 INFO  DefaultContainerExecutor:836 - Initializing user hadoop
scm_1       | 2019-10-23 11:58:36,929 INFO block.BlockManagerImpl: Deleting blocks conID: 1 locID: 103011571977158663 bcsId: 0
datanode_2  | 2019-10-23 11:56:35,851 INFO impl.RaftServerImpl: 4892dd19-afc5-4f9b-9131-aa066ed8ef39@group-75AF32772F72: changes role from  FOLLOWER to CANDIDATE at term 0 for changeToCandidate
datanode_3  | 2019-10-23 11:56:30,802 INFO server.RaftServerConfigKeys: raft.server.snapshot.retention.file.num = 5 (custom)
datanode_1  | 2019-10-23 11:56:30,801 INFO server.RaftServerConfigKeys: raft.server.snapshot.auto.trigger.enabled = true (custom)
rm_1        | 2019-10-23 11:56:24 INFO  RMContainerTokenSecretManager:109 - Rolling master-key for container-tokens
datanode_2  | 2019-10-23 11:56:35,851 INFO impl.RoleInfo: 4892dd19-afc5-4f9b-9131-aa066ed8ef39: start LeaderElection
nm_1        | 2019-10-23 11:57:29 INFO  DefaultContainerExecutor:166 - Copying from /tmp/hadoop-hadoop/nm-local-dir/nmPrivate/container_1571831784479_0001_01_000001.tokens to /tmp/hadoop-hadoop/nm-local-dir/usercache/hadoop/appcache/application_1571831784479_0001/container_1571831784479_0001_01_000001.tokens
scm_1       | 2019-10-23 11:58:36,929 INFO block.BlockManagerImpl: Deleting blocks conID: 3 locID: 103011571979845640 bcsId: 0
datanode_3  | 2019-10-23 11:56:30,802 INFO server.RaftServerConfigKeys: raft.server.retrycache.expirytime = 600000ms (custom)
datanode_1  | 2019-10-23 11:56:30,802 INFO server.RaftServerConfigKeys: raft.server.snapshot.auto.trigger.threshold = 10000 (custom)
rm_1        | 2019-10-23 11:56:24 INFO  NMTokenSecretManagerInRM:95 - Rolling master-key for nm-tokens
datanode_2  | 2019-10-23 11:56:35,995 INFO impl.LeaderElection: 4892dd19-afc5-4f9b-9131-aa066ed8ef39@group-51D74EA76CB0-LeaderElection1: begin an election at term 1 for -1: [4892dd19-afc5-4f9b-9131-aa066ed8ef39:172.18.0.7:9858], old=null
nm_1        | 2019-10-23 11:57:29 INFO  DefaultContainerExecutor:174 - Localizer CWD set to /tmp/hadoop-hadoop/nm-local-dir/usercache/hadoop/appcache/application_1571831784479_0001 = file:/tmp/hadoop-hadoop/nm-local-dir/usercache/hadoop/appcache/application_1571831784479_0001
scm_1       | 2019-10-23 11:58:36,930 INFO block.BlockManagerImpl: Deleting blocks conID: 4 locID: 103011572763852809 bcsId: 0
datanode_3  | 2019-10-23 11:56:30,802 WARN impl.MetricRegistriesImpl: First MetricRegistry has been created without registering reporters. You may need to call MetricRegistries.global().addReportRegistration(...) before.
datanode_1  | 2019-10-23 11:56:30,802 INFO server.RaftServerConfigKeys: raft.server.snapshot.retention.file.num = 5 (custom)
rm_1        | 2019-10-23 11:56:24 INFO  AbstractDelegationTokenSecretManager:343 - Updating the current master key for generating delegation tokens
datanode_2  | 2019-10-23 11:56:35,995 INFO impl.LeaderElection: 4892dd19-afc5-4f9b-9131-aa066ed8ef39@group-75AF32772F72-LeaderElection2: begin an election at term 1 for -1: [e88035fe-db57-4057-ae48-4e2acd735ea9:172.18.0.9:9858, 4892dd19-afc5-4f9b-9131-aa066ed8ef39:172.18.0.7:9858, 75cf4ebd-33e7-4060-b4e2-e5880d52095d:172.18.0.8:9858], old=null
scm_1       | 2019-10-23 11:58:36,930 INFO block.BlockManagerImpl: Deleting blocks conID: 2 locID: 103011572780498954 bcsId: 0
nm_1        | 2019-10-23 11:57:30 WARN  MetricsSystemImpl:151 - NodeManager metrics system already initialized!
datanode_3  | 2019-10-23 11:56:30,802 WARN impl.MetricRegistriesImpl: First MetricRegistry has been created without registering reporters. You may need to call MetricRegistries.global().addReportRegistration(...) before.
datanode_1  | 2019-10-23 11:56:30,802 INFO server.RaftServerConfigKeys: raft.server.retrycache.expirytime = 600000ms (custom)
scm_1       | 2019-10-23 11:58:36,931 INFO block.BlockManagerImpl: Deleting blocks conID: 3 locID: 103011571075776514 bcsId: 0
scm_1       | 2019-10-23 11:58:36,931 INFO block.BlockManagerImpl: Deleting blocks conID: 4 locID: 103011571860963331 bcsId: 0
nm_1        | 2019-10-23 11:57:32 INFO  ContainerImpl:2112 - Container container_1571831784479_0001_01_000001 transitioned from LOCALIZING to SCHEDULED
datanode_2  | 2019-10-23 11:56:36,008 INFO impl.RoleInfo: 4892dd19-afc5-4f9b-9131-aa066ed8ef39: shutdown LeaderElection
datanode_3  | 2019-10-23 11:56:30,802 INFO impl.RaftServerImpl: e88035fe-db57-4057-ae48-4e2acd735ea9@group-75AF32772F72: start as a follower, conf=-1: [e88035fe-db57-4057-ae48-4e2acd735ea9:172.18.0.9:9858, 4892dd19-afc5-4f9b-9131-aa066ed8ef39:172.18.0.7:9858, 75cf4ebd-33e7-4060-b4e2-e5880d52095d:172.18.0.8:9858], old=null
datanode_1  | 2019-10-23 11:56:30,802 WARN impl.MetricRegistriesImpl: First MetricRegistry has been created without registering reporters. You may need to call MetricRegistries.global().addReportRegistration(...) before.
rm_1        | 2019-10-23 11:56:24 INFO  RMDelegationTokenSecretManager:92 - storing master key with keyID 1
scm_1       | 2019-10-23 11:58:36,931 INFO block.BlockManagerImpl: Deleting blocks conID: 5 locID: 103011571895435268 bcsId: 0
nm_1        | 2019-10-23 11:57:32 INFO  ContainerScheduler:541 - Starting container [container_1571831784479_0001_01_000001]
datanode_2  | 2019-10-23 11:56:36,012 INFO impl.RaftServerImpl: 4892dd19-afc5-4f9b-9131-aa066ed8ef39@group-51D74EA76CB0: changes role from CANDIDATE to LEADER at term 1 for changeToLeader
datanode_3  | 2019-10-23 11:56:30,802 INFO impl.RaftServerImpl: e88035fe-db57-4057-ae48-4e2acd735ea9@group-75AF32772F72: changes role from      null to FOLLOWER at term 0 for startAsFollower
datanode_1  | 2019-10-23 11:56:30,802 WARN impl.MetricRegistriesImpl: First MetricRegistry has been created without registering reporters. You may need to call MetricRegistries.global().addReportRegistration(...) before.
scm_1       | 2019-10-23 11:58:36,932 INFO block.BlockManagerImpl: Deleting blocks conID: 7 locID: 103011574607839243 bcsId: 0
nm_1        | 2019-10-23 11:57:32 INFO  ContainerImpl:2112 - Container container_1571831784479_0001_01_000001 transitioned from SCHEDULED to RUNNING
datanode_2  | 2019-10-23 11:56:36,015 INFO impl.RaftServerImpl: 4892dd19-afc5-4f9b-9131-aa066ed8ef39@group-51D74EA76CB0: change Leader from null to 4892dd19-afc5-4f9b-9131-aa066ed8ef39 at term 1 for becomeLeader, leader elected after 6767ms
datanode_3  | 2019-10-23 11:56:30,802 INFO impl.RoleInfo: e88035fe-db57-4057-ae48-4e2acd735ea9: start FollowerState
datanode_1  | 2019-10-23 11:56:30,803 INFO impl.RaftServerImpl: 75cf4ebd-33e7-4060-b4e2-e5880d52095d@group-75AF32772F72: start as a follower, conf=-1: [e88035fe-db57-4057-ae48-4e2acd735ea9:172.18.0.9:9858, 4892dd19-afc5-4f9b-9131-aa066ed8ef39:172.18.0.7:9858, 75cf4ebd-33e7-4060-b4e2-e5880d52095d:172.18.0.8:9858], old=null
scm_1       | 2019-10-23 11:58:36,932 INFO block.BlockManagerImpl: Deleting blocks conID: 8 locID: 103011574795534348 bcsId: 0
scm_1       | 2019-10-23 11:58:49,173 INFO server.SCMBlockProtocolServer: Allocating 1 blocks of size 268435456, with ExcludeList {datanodes = [], containerIds = [], pipelineIds = []}
datanode_3  | 2019-10-23 11:56:30,805 INFO util.JmxRegister: Successfully registered JMX Bean with object name Ratis:service=RaftServer,group=group-75AF32772F72,id=e88035fe-db57-4057-ae48-4e2acd735ea9
rm_1        | 2019-10-23 11:56:24 INFO  RMStateStore:501 - Storing RMDTMasterKey.
datanode_1  | 2019-10-23 11:56:30,803 INFO impl.RaftServerImpl: 75cf4ebd-33e7-4060-b4e2-e5880d52095d@group-75AF32772F72: changes role from      null to FOLLOWER at term 0 for startAsFollower
nm_1        | 2019-10-23 11:57:32 INFO  ContainersMonitorImpl:1013 - Starting resource-monitoring for container_1571831784479_0001_01_000001
datanode_2  | 2019-10-23 11:56:36,022 INFO server.RaftServerConfigKeys: raft.server.staging.catchup.gap = 1000 (default)
scm_1       | 2019-10-23 11:58:51,074 INFO server.SCMBlockProtocolServer: Allocating 1 blocks of size 268435456, with ExcludeList {datanodes = [], containerIds = [], pipelineIds = []}
datanode_3  | 2019-10-23 11:56:30,805 WARN impl.MetricRegistriesImpl: First MetricRegistry has been created without registering reporters. You may need to call MetricRegistries.global().addReportRegistration(...) before.
rm_1        | 2019-10-23 11:56:24 INFO  AbstractDelegationTokenSecretManager:675 - Starting expired delegation token remover thread, tokenRemoverScanInterval=60 min(s)
datanode_1  | 2019-10-23 11:56:30,803 INFO impl.RoleInfo: 75cf4ebd-33e7-4060-b4e2-e5880d52095d: start FollowerState
datanode_2  | 2019-10-23 11:56:36,022 INFO server.RaftServerConfigKeys: raft.server.rpc.sleep.time = 25ms (default)
nm_1        | 2019-10-23 11:57:32 INFO  DefaultContainerExecutor:370 - launchContainer: [bash, /tmp/hadoop-hadoop/nm-local-dir/usercache/hadoop/appcache/application_1571831784479_0001/container_1571831784479_0001_01_000001/default_container_executor.sh]
scm_1       | 2019-10-23 11:58:51,141 INFO server.SCMBlockProtocolServer: Allocating 1 blocks of size 268435456, with ExcludeList {datanodes = [], containerIds = [], pipelineIds = []}
datanode_3  | 2019-10-23 11:56:35,619 INFO impl.FollowerState: e88035fe-db57-4057-ae48-4e2acd735ea9@group-A1351042DE17-FollowerState: change to CANDIDATE, lastRpcTime:5018ms, electionTimeout:5018ms
rm_1        | 2019-10-23 11:56:24 INFO  AbstractDelegationTokenSecretManager:343 - Updating the current master key for generating delegation tokens
datanode_1  | 2019-10-23 11:56:30,804 INFO util.JmxRegister: Successfully registered JMX Bean with object name Ratis:service=RaftServer,group=group-75AF32772F72,id=75cf4ebd-33e7-4060-b4e2-e5880d52095d
datanode_2  | 2019-10-23 11:56:36,027 INFO server.RaftServerConfigKeys: raft.server.write.element-limit = 4096 (default)
nm_1        | 2019-10-23 11:57:33 INFO  ContainersMonitorImpl:615 - container_1571831784479_0001_01_000001's ip = 172.18.0.3, and hostname = nm
nm_1        | 2019-10-23 11:57:36 INFO  ContainersMonitorImpl:516 - Skipping monitoring container container_1571831784479_0001_01_000001 since CPU usage is not yet available.
datanode_3  | 2019-10-23 11:56:35,621 INFO impl.RoleInfo: e88035fe-db57-4057-ae48-4e2acd735ea9: shutdown FollowerState
scm_1       | 2019-10-23 11:58:51,170 INFO server.SCMBlockProtocolServer: Allocating 1 blocks of size 268435456, with ExcludeList {datanodes = [], containerIds = [], pipelineIds = []}
datanode_1  | 2019-10-23 11:56:30,804 WARN impl.MetricRegistriesImpl: First MetricRegistry has been created without registering reporters. You may need to call MetricRegistries.global().addReportRegistration(...) before.
datanode_2  | 2019-10-23 11:56:36,034 INFO server.RaftServerConfigKeys: raft.server.watch.timeout = 10s (default)
nm_1        | 2019-10-23 11:57:42 INFO  Server:1849 - Auth successful for appattempt_1571831784479_0001_000001 (auth:SIMPLE)
rm_1        | 2019-10-23 11:56:24 INFO  RMDelegationTokenSecretManager:92 - storing master key with keyID 2
datanode_3  | 2019-10-23 11:56:35,622 INFO impl.RaftServerImpl: e88035fe-db57-4057-ae48-4e2acd735ea9@group-A1351042DE17: changes role from  FOLLOWER to CANDIDATE at term 0 for changeToCandidate
scm_1       | 2019-10-23 11:58:51,322 INFO server.SCMBlockProtocolServer: Allocating 1 blocks of size 268435456, with ExcludeList {datanodes = [], containerIds = [], pipelineIds = []}
datanode_1  | 2019-10-23 11:56:35,190 INFO impl.FollowerState: 75cf4ebd-33e7-4060-b4e2-e5880d52095d@group-370D121D0E73-FollowerState: change to CANDIDATE, lastRpcTime:5157ms, electionTimeout:5156ms
datanode_2  | 2019-10-23 11:56:36,035 INFO server.RaftServerConfigKeys: raft.server.watch.timeout.denomination = 1s (default)
rm_1        | 2019-10-23 11:56:24 INFO  RMStateStore:501 - Storing RMDTMasterKey.
scm_1       | 2019-10-23 11:58:51,496 INFO server.SCMBlockProtocolServer: Allocating 1 blocks of size 268435456, with ExcludeList {datanodes = [], containerIds = [], pipelineIds = []}
datanode_3  | 2019-10-23 11:56:35,626 INFO impl.RoleInfo: e88035fe-db57-4057-ae48-4e2acd735ea9: start LeaderElection
nm_1        | 2019-10-23 11:57:42 INFO  ContainerManagerImpl:1070 - Start request for container_1571831784479_0001_01_000002 by user hadoop
datanode_2  | 2019-10-23 11:56:36,036 INFO server.RaftServerConfigKeys: raft.server.watch.element-limit = 65536 (default)
scm_1       | 2019-10-23 11:58:51,807 INFO server.SCMBlockProtocolServer: Allocating 1 blocks of size 268435456, with ExcludeList {datanodes = [], containerIds = [], pipelineIds = []}
rm_1        | 2019-10-23 11:56:24 INFO  AsyncDispatcher:223 - Registering class org.apache.hadoop.yarn.nodelabels.event.NodeLabelsStoreEventType for class org.apache.hadoop.yarn.nodelabels.CommonNodeLabelsManager$ForwardingEventHandler
datanode_3  | 2019-10-23 11:56:35,960 INFO impl.FollowerState: e88035fe-db57-4057-ae48-4e2acd735ea9@group-75AF32772F72-FollowerState: change to CANDIDATE, lastRpcTime:5157ms, electionTimeout:5155ms
nm_1        | 2019-10-23 11:57:42 INFO  ApplicationImpl:463 - Adding container_1571831784479_0001_01_000002 to application application_1571831784479_0001
datanode_2  | 2019-10-23 11:56:36,049 INFO impl.RoleInfo: 4892dd19-afc5-4f9b-9131-aa066ed8ef39: start LeaderState
datanode_1  | 2019-10-23 11:56:35,192 INFO impl.RoleInfo: 75cf4ebd-33e7-4060-b4e2-e5880d52095d: shutdown FollowerState
rm_1        | 2019-10-23 11:56:24 INFO  AbstractFSNodeStore:67 - Created store directory :file:/tmp/hadoop-yarn-hadoop/node-attribute
datanode_3  | 2019-10-23 11:56:35,961 INFO impl.RoleInfo: e88035fe-db57-4057-ae48-4e2acd735ea9: shutdown FollowerState
nm_1        | 2019-10-23 11:57:42 INFO  NMAuditLogger:94 - USER=hadoop	IP=172.18.0.3	OPERATION=Start Container Request	TARGET=ContainerManageImpl	RESULT=SUCCESS	APPID=application_1571831784479_0001	CONTAINERID=container_1571831784479_0001_01_000002
datanode_2  | 2019-10-23 11:56:36,088 INFO segmented.SegmentedRaftLogWorker: 4892dd19-afc5-4f9b-9131-aa066ed8ef39@group-51D74EA76CB0-SegmentedRaftLogWorker: Starting segment from index:0
datanode_1  | 2019-10-23 11:56:35,193 INFO impl.RaftServerImpl: 75cf4ebd-33e7-4060-b4e2-e5880d52095d@group-370D121D0E73: changes role from  FOLLOWER to CANDIDATE at term 0 for changeToCandidate
rm_1        | 2019-10-23 11:56:24 INFO  AbstractFSNodeStore:181 - Finished write mirror at:file:/tmp/hadoop-yarn-hadoop/node-attribute/nodeattribute.mirror
rm_1        | 2019-10-23 11:56:24 INFO  AbstractFSNodeStore:182 - Finished create editlog file at:file:/tmp/hadoop-yarn-hadoop/node-attribute/nodeattribute.editlog
datanode_2  | 2019-10-23 11:56:36,108 INFO impl.RaftServerImpl: 4892dd19-afc5-4f9b-9131-aa066ed8ef39@group-51D74EA76CB0: set configuration 0: [4892dd19-afc5-4f9b-9131-aa066ed8ef39:172.18.0.7:9858], old=null at 0
nm_1        | 2019-10-23 11:57:42 INFO  ContainerImpl:2112 - Container container_1571831784479_0001_01_000002 transitioned from NEW to LOCALIZING
datanode_1  | 2019-10-23 11:56:35,196 INFO impl.RoleInfo: 75cf4ebd-33e7-4060-b4e2-e5880d52095d: start LeaderElection
datanode_3  | 2019-10-23 11:56:35,961 INFO impl.RaftServerImpl: e88035fe-db57-4057-ae48-4e2acd735ea9@group-75AF32772F72: changes role from  FOLLOWER to CANDIDATE at term 0 for changeToCandidate
rm_1        | 2019-10-23 11:56:24 INFO  AsyncDispatcher:223 - Registering class org.apache.hadoop.yarn.server.resourcemanager.nodelabels.NodeAttributesStoreEventType for class org.apache.hadoop.yarn.server.resourcemanager.nodelabels.NodeAttributesManagerImpl$ForwardingEventHandler
datanode_2  | 2019-10-23 11:56:36,332 INFO impl.LeaderElection: 4892dd19-afc5-4f9b-9131-aa066ed8ef39@group-75AF32772F72-LeaderElection2: Election REJECTED; received 2 response(s) [4892dd19-afc5-4f9b-9131-aa066ed8ef39<-e88035fe-db57-4057-ae48-4e2acd735ea9#0:FAIL-t1, 4892dd19-afc5-4f9b-9131-aa066ed8ef39<-75cf4ebd-33e7-4060-b4e2-e5880d52095d#0:FAIL-t1] and 0 exception(s); 4892dd19-afc5-4f9b-9131-aa066ed8ef39@group-75AF32772F72:t1, leader=null, voted=4892dd19-afc5-4f9b-9131-aa066ed8ef39, raftlog=4892dd19-afc5-4f9b-9131-aa066ed8ef39@group-75AF32772F72-SegmentedRaftLog:OPENED:c-1,f-1,i0, conf=-1: [e88035fe-db57-4057-ae48-4e2acd735ea9:172.18.0.9:9858, 4892dd19-afc5-4f9b-9131-aa066ed8ef39:172.18.0.7:9858, 75cf4ebd-33e7-4060-b4e2-e5880d52095d:172.18.0.8:9858], old=null
nm_1        | 2019-10-23 11:57:42 INFO  AuxServices:350 - Got event CONTAINER_INIT for appId application_1571831784479_0001
datanode_3  | 2019-10-23 11:56:35,961 INFO impl.RoleInfo: e88035fe-db57-4057-ae48-4e2acd735ea9: start LeaderElection
datanode_1  | 2019-10-23 11:56:35,817 INFO impl.FollowerState: 75cf4ebd-33e7-4060-b4e2-e5880d52095d@group-75AF32772F72-FollowerState: change to CANDIDATE, lastRpcTime:5013ms, electionTimeout:5013ms
rm_1        | 2019-10-23 11:56:24 INFO  MultiNodeSortingManager:66 - Starting NodeSortingService=MultiNodeSortingManager
datanode_2  | 2019-10-23 11:56:36,335 INFO impl.RaftServerImpl: 4892dd19-afc5-4f9b-9131-aa066ed8ef39@group-75AF32772F72: changes role from CANDIDATE to FOLLOWER at term 1 for DISCOVERED_A_NEW_TERM
nm_1        | 2019-10-23 11:57:42 INFO  AuxServices:350 - Got event APPLICATION_INIT for appId application_1571831784479_0001
datanode_3  | 2019-10-23 11:56:35,995 INFO impl.LeaderElection: e88035fe-db57-4057-ae48-4e2acd735ea9@group-A1351042DE17-LeaderElection1: begin an election at term 1 for -1: [e88035fe-db57-4057-ae48-4e2acd735ea9:172.18.0.9:9858], old=null
datanode_1  | 2019-10-23 11:56:35,818 INFO impl.RoleInfo: 75cf4ebd-33e7-4060-b4e2-e5880d52095d: shutdown FollowerState
datanode_2  | 2019-10-23 11:56:36,335 INFO impl.RoleInfo: 4892dd19-afc5-4f9b-9131-aa066ed8ef39: shutdown LeaderElection
rm_1        | 2019-10-23 11:56:24 INFO  CallQueueManager:84 - Using callQueue: class java.util.concurrent.LinkedBlockingQueue, queueCapacity: 5000, scheduler: class org.apache.hadoop.ipc.DefaultRpcScheduler, ipcBackoff: false.
nm_1        | 2019-10-23 11:57:42 INFO  AuxServices:354 - Got APPLICATION_INIT for service mapreduce_shuffle
datanode_1  | 2019-10-23 11:56:35,818 INFO impl.RaftServerImpl: 75cf4ebd-33e7-4060-b4e2-e5880d52095d@group-75AF32772F72: changes role from  FOLLOWER to CANDIDATE at term 0 for changeToCandidate
datanode_3  | 2019-10-23 11:56:35,997 INFO impl.RoleInfo: e88035fe-db57-4057-ae48-4e2acd735ea9: shutdown LeaderElection
rm_1        | 2019-10-23 11:56:24 INFO  Server:1074 - Starting Socket Reader #1 for port 8031
datanode_2  | 2019-10-23 11:56:36,336 INFO impl.RoleInfo: 4892dd19-afc5-4f9b-9131-aa066ed8ef39: start FollowerState
nm_1        | 2019-10-23 11:57:42 INFO  ShuffleHandler:719 - Added token for job_1571831784479_0001
datanode_1  | 2019-10-23 11:56:35,818 INFO impl.RoleInfo: 75cf4ebd-33e7-4060-b4e2-e5880d52095d: start LeaderElection
datanode_3  | 2019-10-23 11:56:35,998 INFO impl.RaftServerImpl: e88035fe-db57-4057-ae48-4e2acd735ea9@group-A1351042DE17: changes role from CANDIDATE to LEADER at term 1 for changeToLeader
rm_1        | 2019-10-23 11:56:24 INFO  RpcServerFactoryPBImpl:173 - Adding protocol org.apache.hadoop.yarn.server.api.ResourceTrackerPB to the server
nm_1        | 2019-10-23 11:57:42 INFO  ContainerImpl:2112 - Container container_1571831784479_0001_01_000002 transitioned from LOCALIZING to SCHEDULED
datanode_1  | 2019-10-23 11:56:35,995 INFO impl.LeaderElection: 75cf4ebd-33e7-4060-b4e2-e5880d52095d@group-370D121D0E73-LeaderElection1: begin an election at term 1 for -1: [75cf4ebd-33e7-4060-b4e2-e5880d52095d:172.18.0.8:9858], old=null
datanode_3  | 2019-10-23 11:56:35,998 INFO impl.RaftServerImpl: e88035fe-db57-4057-ae48-4e2acd735ea9@group-A1351042DE17: change Leader from null to e88035fe-db57-4057-ae48-4e2acd735ea9 at term 1 for becomeLeader, leader elected after 5478ms
nm_1        | 2019-10-23 11:57:42 INFO  ContainerScheduler:541 - Starting container [container_1571831784479_0001_01_000002]
datanode_1  | 2019-10-23 11:56:35,995 INFO impl.LeaderElection: 75cf4ebd-33e7-4060-b4e2-e5880d52095d@group-75AF32772F72-LeaderElection2: begin an election at term 1 for -1: [e88035fe-db57-4057-ae48-4e2acd735ea9:172.18.0.9:9858, 4892dd19-afc5-4f9b-9131-aa066ed8ef39:172.18.0.7:9858, 75cf4ebd-33e7-4060-b4e2-e5880d52095d:172.18.0.8:9858], old=null
datanode_3  | 2019-10-23 11:56:36,005 INFO server.RaftServerConfigKeys: raft.server.staging.catchup.gap = 1000 (default)
rm_1        | 2019-10-23 11:56:24 INFO  Server:1314 - IPC Server Responder: starting
datanode_1  | 2019-10-23 11:56:35,997 INFO impl.RoleInfo: 75cf4ebd-33e7-4060-b4e2-e5880d52095d: shutdown LeaderElection
datanode_2  | 2019-10-23 11:56:36,350 INFO segmented.SegmentedRaftLogWorker: 4892dd19-afc5-4f9b-9131-aa066ed8ef39@group-51D74EA76CB0-SegmentedRaftLogWorker: created new log segment /data/metadata/ratis/c0193ce3-26f7-4f24-967a-51d74ea76cb0/current/log_inprogress_0
nm_1        | 2019-10-23 11:57:42 INFO  ContainerImpl:2112 - Container container_1571831784479_0001_01_000002 transitioned from SCHEDULED to RUNNING
datanode_3  | 2019-10-23 11:56:36,005 INFO server.RaftServerConfigKeys: raft.server.rpc.sleep.time = 25ms (default)
rm_1        | 2019-10-23 11:56:24 INFO  Server:1153 - IPC Server listener on 8031: starting
datanode_1  | 2019-10-23 11:56:35,998 INFO impl.RaftServerImpl: 75cf4ebd-33e7-4060-b4e2-e5880d52095d@group-370D121D0E73: changes role from CANDIDATE to LEADER at term 1 for changeToLeader
nm_1        | 2019-10-23 11:57:42 INFO  ContainersMonitorImpl:1013 - Starting resource-monitoring for container_1571831784479_0001_01_000002
datanode_3  | 2019-10-23 11:56:36,008 INFO server.RaftServerConfigKeys: raft.server.write.element-limit = 4096 (default)
datanode_1  | 2019-10-23 11:56:35,998 INFO impl.RaftServerImpl: 75cf4ebd-33e7-4060-b4e2-e5880d52095d@group-370D121D0E73: change Leader from null to 75cf4ebd-33e7-4060-b4e2-e5880d52095d at term 1 for becomeLeader, leader elected after 6067ms
rm_1        | 2019-10-23 11:56:24 INFO  JvmPauseMonitor:188 - Starting JVM pause monitor
datanode_2  | 2019-10-23 11:56:41,372 INFO impl.FollowerState: 4892dd19-afc5-4f9b-9131-aa066ed8ef39@group-75AF32772F72-FollowerState: change to CANDIDATE, lastRpcTime:5036ms, electionTimeout:5035ms
nm_1        | 2019-10-23 11:57:42 INFO  DefaultContainerExecutor:370 - launchContainer: [bash, /tmp/hadoop-hadoop/nm-local-dir/usercache/hadoop/appcache/application_1571831784479_0001/container_1571831784479_0001_01_000002/default_container_executor.sh]
datanode_3  | 2019-10-23 11:56:36,011 INFO server.RaftServerConfigKeys: raft.server.watch.timeout = 10s (default)
datanode_1  | 2019-10-23 11:56:36,006 INFO server.RaftServerConfigKeys: raft.server.staging.catchup.gap = 1000 (default)
rm_1        | 2019-10-23 11:56:24 INFO  CallQueueManager:84 - Using callQueue: class java.util.concurrent.LinkedBlockingQueue, queueCapacity: 5000, scheduler: class org.apache.hadoop.ipc.DefaultRpcScheduler, ipcBackoff: false.
datanode_2  | 2019-10-23 11:56:41,372 INFO impl.RoleInfo: 4892dd19-afc5-4f9b-9131-aa066ed8ef39: shutdown FollowerState
nm_1        | 2019-10-23 11:57:42 INFO  ContainersMonitorImpl:615 - container_1571831784479_0001_01_000002's ip = 172.18.0.3, and hostname = nm
datanode_3  | 2019-10-23 11:56:36,011 INFO server.RaftServerConfigKeys: raft.server.watch.timeout.denomination = 1s (default)
datanode_1  | 2019-10-23 11:56:36,006 INFO server.RaftServerConfigKeys: raft.server.rpc.sleep.time = 25ms (default)
rm_1        | 2019-10-23 11:56:24 INFO  Server:1074 - Starting Socket Reader #1 for port 8030
datanode_2  | 2019-10-23 11:56:41,372 INFO impl.RaftServerImpl: 4892dd19-afc5-4f9b-9131-aa066ed8ef39@group-75AF32772F72: changes role from  FOLLOWER to CANDIDATE at term 1 for changeToCandidate
nm_1        | 2019-10-23 11:57:45 INFO  ContainersMonitorImpl:516 - Skipping monitoring container container_1571831784479_0001_01_000002 since CPU usage is not yet available.
datanode_3  | 2019-10-23 11:56:36,012 INFO server.RaftServerConfigKeys: raft.server.watch.element-limit = 65536 (default)
datanode_1  | 2019-10-23 11:56:36,012 INFO server.RaftServerConfigKeys: raft.server.write.element-limit = 4096 (default)
rm_1        | 2019-10-23 11:56:24 INFO  RpcServerFactoryPBImpl:173 - Adding protocol org.apache.hadoop.yarn.api.ApplicationMasterProtocolPB to the server
datanode_2  | 2019-10-23 11:56:41,372 INFO impl.RoleInfo: 4892dd19-afc5-4f9b-9131-aa066ed8ef39: start LeaderElection
nm_1        | 2019-10-23 11:57:47 INFO  ContainerLaunch:595 - Container container_1571831784479_0001_01_000002 succeeded 
datanode_3  | 2019-10-23 11:56:36,021 INFO impl.RoleInfo: e88035fe-db57-4057-ae48-4e2acd735ea9: start LeaderState
datanode_1  | 2019-10-23 11:56:36,015 INFO server.RaftServerConfigKeys: raft.server.watch.timeout = 10s (default)
datanode_1  | 2019-10-23 11:56:36,015 INFO server.RaftServerConfigKeys: raft.server.watch.timeout.denomination = 1s (default)
datanode_1  | 2019-10-23 11:56:36,016 INFO server.RaftServerConfigKeys: raft.server.watch.element-limit = 65536 (default)
datanode_2  | 2019-10-23 11:56:42,751 INFO impl.LeaderElection: 4892dd19-afc5-4f9b-9131-aa066ed8ef39@group-75AF32772F72-LeaderElection3: begin an election at term 2 for -1: [e88035fe-db57-4057-ae48-4e2acd735ea9:172.18.0.9:9858, 4892dd19-afc5-4f9b-9131-aa066ed8ef39:172.18.0.7:9858, 75cf4ebd-33e7-4060-b4e2-e5880d52095d:172.18.0.8:9858], old=null
datanode_3  | 2019-10-23 11:56:36,029 INFO impl.LeaderElection: e88035fe-db57-4057-ae48-4e2acd735ea9@group-75AF32772F72-LeaderElection2: begin an election at term 1 for -1: [e88035fe-db57-4057-ae48-4e2acd735ea9:172.18.0.9:9858, 4892dd19-afc5-4f9b-9131-aa066ed8ef39:172.18.0.7:9858, 75cf4ebd-33e7-4060-b4e2-e5880d52095d:172.18.0.8:9858], old=null
nm_1        | 2019-10-23 11:57:48 INFO  ContainerImpl:2112 - Container container_1571831784479_0001_01_000002 transitioned from RUNNING to EXITED_WITH_SUCCESS
datanode_1  | 2019-10-23 11:56:36,024 INFO impl.RoleInfo: 75cf4ebd-33e7-4060-b4e2-e5880d52095d: start LeaderState
rm_1        | 2019-10-23 11:56:24 INFO  Server:1314 - IPC Server Responder: starting
datanode_3  | 2019-10-23 11:56:36,042 INFO segmented.SegmentedRaftLogWorker: e88035fe-db57-4057-ae48-4e2acd735ea9@group-A1351042DE17-SegmentedRaftLogWorker: Starting segment from index:0
nm_1        | 2019-10-23 11:57:48 INFO  ContainerCleanup:87 - Cleaning up container container_1571831784479_0001_01_000002
datanode_2  | 2019-10-23 11:56:42,788 INFO impl.LeaderElection: 4892dd19-afc5-4f9b-9131-aa066ed8ef39@group-75AF32772F72-LeaderElection3: Election REJECTED; received 2 response(s) [4892dd19-afc5-4f9b-9131-aa066ed8ef39<-e88035fe-db57-4057-ae48-4e2acd735ea9#0:FAIL-t2, 4892dd19-afc5-4f9b-9131-aa066ed8ef39<-75cf4ebd-33e7-4060-b4e2-e5880d52095d#0:FAIL-t2] and 0 exception(s); 4892dd19-afc5-4f9b-9131-aa066ed8ef39@group-75AF32772F72:t2, leader=null, voted=4892dd19-afc5-4f9b-9131-aa066ed8ef39, raftlog=4892dd19-afc5-4f9b-9131-aa066ed8ef39@group-75AF32772F72-SegmentedRaftLog:OPENED:c-1,f-1,i0, conf=-1: [e88035fe-db57-4057-ae48-4e2acd735ea9:172.18.0.9:9858, 4892dd19-afc5-4f9b-9131-aa066ed8ef39:172.18.0.7:9858, 75cf4ebd-33e7-4060-b4e2-e5880d52095d:172.18.0.8:9858], old=null
datanode_1  | 2019-10-23 11:56:36,049 INFO segmented.SegmentedRaftLogWorker: 75cf4ebd-33e7-4060-b4e2-e5880d52095d@group-370D121D0E73-SegmentedRaftLogWorker: Starting segment from index:0
rm_1        | 2019-10-23 11:56:24 INFO  Server:1153 - IPC Server listener on 8030: starting
datanode_3  | 2019-10-23 11:56:36,051 INFO impl.RaftServerImpl: e88035fe-db57-4057-ae48-4e2acd735ea9@group-A1351042DE17: set configuration 0: [e88035fe-db57-4057-ae48-4e2acd735ea9:172.18.0.9:9858], old=null at 0
nm_1        | 2019-10-23 11:57:48 INFO  NMAuditLogger:94 - USER=hadoop	OPERATION=Container Finished - Succeeded	TARGET=ContainerImpl	RESULT=SUCCESS	APPID=application_1571831784479_0001	CONTAINERID=container_1571831784479_0001_01_000002
datanode_2  | 2019-10-23 11:56:42,789 INFO impl.RaftServerImpl: 4892dd19-afc5-4f9b-9131-aa066ed8ef39@group-75AF32772F72: changes role from CANDIDATE to FOLLOWER at term 2 for DISCOVERED_A_NEW_TERM
datanode_1  | 2019-10-23 11:56:36,064 INFO impl.RaftServerImpl: 75cf4ebd-33e7-4060-b4e2-e5880d52095d@group-370D121D0E73: set configuration 0: [75cf4ebd-33e7-4060-b4e2-e5880d52095d:172.18.0.8:9858], old=null at 0
rm_1        | 2019-10-23 11:56:25 INFO  CallQueueManager:84 - Using callQueue: class java.util.concurrent.LinkedBlockingQueue, queueCapacity: 5000, scheduler: class org.apache.hadoop.ipc.DefaultRpcScheduler, ipcBackoff: false.
datanode_3  | 2019-10-23 11:56:36,300 INFO segmented.SegmentedRaftLogWorker: e88035fe-db57-4057-ae48-4e2acd735ea9@group-A1351042DE17-SegmentedRaftLogWorker: created new log segment /data/metadata/ratis/36f64308-ef10-4123-b8e8-a1351042de17/current/log_inprogress_0
nm_1        | 2019-10-23 11:57:48 INFO  ContainerImpl:2112 - Container container_1571831784479_0001_01_000002 transitioned from EXITED_WITH_SUCCESS to DONE
datanode_2  | 2019-10-23 11:56:42,789 INFO impl.RoleInfo: 4892dd19-afc5-4f9b-9131-aa066ed8ef39: shutdown LeaderElection
datanode_1  | 2019-10-23 11:56:36,275 INFO segmented.SegmentedRaftLogWorker: 75cf4ebd-33e7-4060-b4e2-e5880d52095d@group-370D121D0E73-SegmentedRaftLogWorker: created new log segment /data/metadata/ratis/e09b7a9b-997c-4a7b-8a82-370d121d0e73/current/log_inprogress_0
rm_1        | 2019-10-23 11:56:25 INFO  Server:1074 - Starting Socket Reader #1 for port 8032
nm_1        | 2019-10-23 11:57:48 INFO  ApplicationImpl:512 - Removing container_1571831784479_0001_01_000002 from application application_1571831784479_0001
datanode_3  | 2019-10-23 11:56:36,318 INFO impl.LeaderElection: e88035fe-db57-4057-ae48-4e2acd735ea9@group-75AF32772F72-LeaderElection2: Election REJECTED; received 2 response(s) [e88035fe-db57-4057-ae48-4e2acd735ea9<-4892dd19-afc5-4f9b-9131-aa066ed8ef39#0:FAIL-t1, e88035fe-db57-4057-ae48-4e2acd735ea9<-75cf4ebd-33e7-4060-b4e2-e5880d52095d#0:FAIL-t1] and 0 exception(s); e88035fe-db57-4057-ae48-4e2acd735ea9@group-75AF32772F72:t1, leader=null, voted=e88035fe-db57-4057-ae48-4e2acd735ea9, raftlog=e88035fe-db57-4057-ae48-4e2acd735ea9@group-75AF32772F72-SegmentedRaftLog:OPENED:c-1,f-1,i0, conf=-1: [e88035fe-db57-4057-ae48-4e2acd735ea9:172.18.0.9:9858, 4892dd19-afc5-4f9b-9131-aa066ed8ef39:172.18.0.7:9858, 75cf4ebd-33e7-4060-b4e2-e5880d52095d:172.18.0.8:9858], old=null
datanode_2  | 2019-10-23 11:56:42,789 INFO impl.RoleInfo: 4892dd19-afc5-4f9b-9131-aa066ed8ef39: start FollowerState
datanode_1  | 2019-10-23 11:56:36,312 INFO impl.LeaderElection: 75cf4ebd-33e7-4060-b4e2-e5880d52095d@group-75AF32772F72-LeaderElection2: Election REJECTED; received 2 response(s) [75cf4ebd-33e7-4060-b4e2-e5880d52095d<-e88035fe-db57-4057-ae48-4e2acd735ea9#0:FAIL-t1, 75cf4ebd-33e7-4060-b4e2-e5880d52095d<-4892dd19-afc5-4f9b-9131-aa066ed8ef39#0:FAIL-t1] and 0 exception(s); 75cf4ebd-33e7-4060-b4e2-e5880d52095d@group-75AF32772F72:t1, leader=null, voted=75cf4ebd-33e7-4060-b4e2-e5880d52095d, raftlog=75cf4ebd-33e7-4060-b4e2-e5880d52095d@group-75AF32772F72-SegmentedRaftLog:OPENED:c-1,f-1,i0, conf=-1: [e88035fe-db57-4057-ae48-4e2acd735ea9:172.18.0.9:9858, 4892dd19-afc5-4f9b-9131-aa066ed8ef39:172.18.0.7:9858, 75cf4ebd-33e7-4060-b4e2-e5880d52095d:172.18.0.8:9858], old=null
rm_1        | 2019-10-23 11:56:25 INFO  RpcServerFactoryPBImpl:173 - Adding protocol org.apache.hadoop.yarn.api.ApplicationClientProtocolPB to the server
nm_1        | 2019-10-23 11:57:48 INFO  ContainersMonitorImpl:1004 - Stopping resource-monitoring for container_1571831784479_0001_01_000002
