datanode_2_1  | WARNING: Illegal reflective access by org.apache.ratis.thirdparty.com.google.protobuf.UnsafeUtil (file:/opt/hadoop/share/ozone/lib/ratis-thirdparty-misc-0.2.0.jar) to field java.nio.Buffer.address
scm_1         | 2019-10-23 11:59:54,407 INFO http.HttpServer2: Added filter static_user_filter (class=org.apache.hadoop.http.lib.StaticUserWebFilter$StaticUserFilter) to context logs
datanode_1_1  | WARNING: Please consider reporting this to the maintainers of org.apache.ratis.thirdparty.com.google.protobuf.UnsafeUtil
om_1          | 2019-10-23 11:59:58,768 INFO db.DBStoreBuilder: using custom profile for table: multipartInfoTable
datanode_3_1  | WARNING: All illegal access operations will be denied in a future release
datanode_2_1  | WARNING: Please consider reporting this to the maintainers of org.apache.ratis.thirdparty.com.google.protobuf.UnsafeUtil
datanode_1_1  | WARNING: Use --illegal-access=warn to enable warnings of further illegal reflective access operations
scm_1         | 2019-10-23 11:59:54,425 WARN server.BaseHttpServer: /prof java profiling servlet is activated. Not safe for production!
datanode_4_1  | 2019-10-23 11:59:58,084 INFO storage.RaftStorageDirectory: Lock on /data/metadata/ratis/44f8909d-c038-41c4-b4ce-87b23fa87c9b/in_use.lock acquired by nodename 7@77f327d73f4a
om_1          | 2019-10-23 11:59:58,768 INFO db.DBStoreBuilder: Using default column profile:DBProfile.DISK for Table:multipartInfoTable
datanode_3_1  | 2019-10-23 11:59:58,933 INFO impl.RaftServerProxy: 96248bc7-1575-43e6-80d5-e73131728f5a: addNew group-D24A551EA556:[96248bc7-1575-43e6-80d5-e73131728f5a:10.5.0.6:9858] returns group-D24A551EA556:java.util.concurrent.CompletableFuture@30c3445f[Not completed]
datanode_1_1  | WARNING: All illegal access operations will be denied in a future release
datanode_2_1  | WARNING: Use --illegal-access=warn to enable warnings of further illegal reflective access operations
scm_1         | 2019-10-23 11:59:54,432 INFO server.StorageContainerManager: StorageContainerLocationProtocol RPC server is listening at /0.0.0.0:9860
datanode_4_1  | 2019-10-23 11:59:58,117 INFO storage.RaftStorage: Storage directory /data/metadata/ratis/44f8909d-c038-41c4-b4ce-87b23fa87c9b has been successfully formatted.
om_1          | 2019-10-23 11:59:58,768 INFO db.DBStoreBuilder: using custom profile for table: dTokenTable
datanode_3_1  | 2019-10-23 11:59:58,963 INFO impl.RaftServerImpl: 96248bc7-1575-43e6-80d5-e73131728f5a: new RaftServerImpl for group-D24A551EA556:[96248bc7-1575-43e6-80d5-e73131728f5a:10.5.0.6:9858] with ContainerStateMachine:uninitialized
datanode_1_1  | 2019-10-23 11:59:56,612 INFO impl.RaftServerProxy: ff9feee0-695f-4373-ae63-0e9a52b5f1b4: addNew group-98EF2CDE1EF7:[ff9feee0-695f-4373-ae63-0e9a52b5f1b4:10.5.0.4:9858] returns group-98EF2CDE1EF7:java.util.concurrent.CompletableFuture@3fcd4a78[Not completed]
datanode_2_1  | WARNING: All illegal access operations will be denied in a future release
scm_1         | 2019-10-23 11:59:54,497 INFO impl.MetricsConfig: Loaded properties from hadoop-metrics2.properties
datanode_4_1  | 2019-10-23 11:59:58,121 [pool-8-thread-1] INFO       - group-87B23FA87C9B: The snapshot info is null. Setting the last applied indexto:(t:0, i:~)
om_1          | 2019-10-23 11:59:58,768 INFO db.DBStoreBuilder: Using default column profile:DBProfile.DISK for Table:dTokenTable
datanode_3_1  | 2019-10-23 11:59:58,965 INFO server.RaftServerConfigKeys: raft.server.rpc.timeout.min = 5s (custom)
datanode_3_1  | 2019-10-23 11:59:58,967 INFO server.RaftServerConfigKeys: raft.server.rpc.timeout.max = 5200ms (custom)
datanode_3_1  | 2019-10-23 11:59:58,967 INFO server.RaftServerConfigKeys: raft.server.rpcslowness.timeout = 120s (custom)
datanode_2_1  | 2019-10-23 11:59:57,070 INFO impl.RaftServerProxy: 35f699e0-effa-4631-a6ea-ac4f6beae5e6: addNew group-856F441DEA81:[35f699e0-effa-4631-a6ea-ac4f6beae5e6:10.5.0.5:9858] returns group-856F441DEA81:java.util.concurrent.CompletableFuture@5ebf6647[Not completed]
scm_1         | 2019-10-23 11:59:54,543 INFO impl.MetricsSystemImpl: Scheduled Metric snapshot period at 10 second(s).
scm_1         | 2019-10-23 11:59:54,543 INFO impl.MetricsSystemImpl: StorageContainerManager metrics system started
om_1          | 2019-10-23 11:59:58,769 INFO db.DBStoreBuilder: using custom profile for table: s3SecretTable
datanode_3_1  | 2019-10-23 11:59:58,968 INFO server.RaftServerConfigKeys: raft.server.sleep.deviation.threshold = 300 (default)
datanode_3_1  | 2019-10-23 11:59:58,968 INFO server.RaftServerConfigKeys: raft.server.log.appender.install.snapshot.enabled = false (custom)
datanode_2_1  | 2019-10-23 11:59:57,221 INFO impl.RaftServerImpl: 35f699e0-effa-4631-a6ea-ac4f6beae5e6: new RaftServerImpl for group-856F441DEA81:[35f699e0-effa-4631-a6ea-ac4f6beae5e6:10.5.0.5:9858] with ContainerStateMachine:uninitialized
datanode_1_1  | 2019-10-23 11:59:56,633 INFO impl.RaftServerImpl: ff9feee0-695f-4373-ae63-0e9a52b5f1b4: new RaftServerImpl for group-98EF2CDE1EF7:[ff9feee0-695f-4373-ae63-0e9a52b5f1b4:10.5.0.4:9858] with ContainerStateMachine:uninitialized
datanode_4_1  | 2019-10-23 11:59:58,121 INFO server.RaftServerConfigKeys: raft.server.notification.no-leader.timeout = 120s (custom)
scm_1         | 2019-10-23 11:59:54,748 INFO server.SCMClientProtocolServer: RPC server for Client  is listening at /0.0.0.0:9860
scm_1         | 2019-10-23 11:59:54,748 INFO ipc.Server: IPC Server Responder: starting
datanode_3_1  | 2019-10-23 11:59:58,974 INFO impl.RaftServerImpl: 96248bc7-1575-43e6-80d5-e73131728f5a@group-D24A551EA556: ConfigurationManager, init=-1: [96248bc7-1575-43e6-80d5-e73131728f5a:10.5.0.6:9858], old=null, confs=<EMPTY_MAP>
datanode_2_1  | 2019-10-23 11:59:57,222 INFO server.RaftServerConfigKeys: raft.server.rpc.timeout.min = 5s (custom)
datanode_1_1  | 2019-10-23 11:59:56,635 INFO server.RaftServerConfigKeys: raft.server.rpc.timeout.min = 5s (custom)
scm_1         | 2019-10-23 11:59:54,751 INFO ipc.Server: IPC Server listener on 9860: starting
datanode_3_1  | 2019-10-23 11:59:58,975 INFO server.RaftServerConfigKeys: raft.server.storage.dir = [/data/metadata/ratis] (custom)
datanode_4_1  | 2019-10-23 11:59:58,124 INFO server.RaftServerConfigKeys: raft.server.log.use.memory = false (default)
datanode_2_1  | 2019-10-23 11:59:57,223 INFO server.RaftServerConfigKeys: raft.server.rpc.timeout.max = 5200ms (custom)
datanode_1_1  | 2019-10-23 11:59:56,635 INFO server.RaftServerConfigKeys: raft.server.rpc.timeout.max = 5200ms (custom)
scm_1         | 2019-10-23 11:59:54,752 INFO server.StorageContainerManager: ScmBlockLocationProtocol RPC server is listening at /0.0.0.0:9863
datanode_3_1  | 2019-10-23 11:59:58,980 INFO server.RaftServerConfigKeys: raft.server.log.corruption.policy = EXCEPTION (default)
om_1          | 2019-10-23 11:59:58,769 INFO db.DBStoreBuilder: Using default column profile:DBProfile.DISK for Table:s3SecretTable
datanode_4_1  | 2019-10-23 11:59:58,128 INFO server.RaftServerConfigKeys: raft.server.log.purge.gap = 1000000 (custom)
datanode_2_1  | 2019-10-23 11:59:57,224 INFO server.RaftServerConfigKeys: raft.server.rpcslowness.timeout = 120s (custom)
datanode_1_1  | 2019-10-23 11:59:56,635 INFO server.RaftServerConfigKeys: raft.server.rpcslowness.timeout = 120s (custom)
scm_1         | 2019-10-23 11:59:54,753 INFO server.SCMBlockProtocolServer: RPC server for Block Protocol is listening at /0.0.0.0:9863
datanode_3_1  | 2019-10-23 11:59:58,982 INFO storage.RaftStorageDirectory: The storage directory /data/metadata/ratis/4f1253b6-731f-4475-b1c3-d24a551ea556 does not exist. Creating ...
om_1          | 2019-10-23 11:59:58,769 INFO db.DBStoreBuilder: using custom profile for table: prefixTable
datanode_4_1  | 2019-10-23 11:59:58,128 INFO server.RaftServerConfigKeys: raft.server.log.appender.buffer.byte-limit = 33554432 (custom)
datanode_2_1  | 2019-10-23 11:59:57,225 INFO server.RaftServerConfigKeys: raft.server.sleep.deviation.threshold = 300 (default)
datanode_1_1  | 2019-10-23 11:59:56,636 INFO server.RaftServerConfigKeys: raft.server.sleep.deviation.threshold = 300 (default)
scm_1         | 2019-10-23 11:59:54,753 INFO ipc.Server: IPC Server Responder: starting
datanode_3_1  | 2019-10-23 11:59:59,046 INFO storage.RaftStorageDirectory: Lock on /data/metadata/ratis/4f1253b6-731f-4475-b1c3-d24a551ea556/in_use.lock acquired by nodename 7@54ba14a5fc46
om_1          | 2019-10-23 11:59:58,769 INFO db.DBStoreBuilder: Using default column profile:DBProfile.DISK for Table:prefixTable
datanode_4_1  | 2019-10-23 11:59:58,130 INFO server.RaftServerConfigKeys: raft.server.log.segment.size.max = 1048576 (custom)
datanode_2_1  | 2019-10-23 11:59:57,226 INFO server.RaftServerConfigKeys: raft.server.log.appender.install.snapshot.enabled = false (custom)
datanode_1_1  | 2019-10-23 11:59:56,636 INFO server.RaftServerConfigKeys: raft.server.log.appender.install.snapshot.enabled = false (custom)
scm_1         | 2019-10-23 11:59:54,753 INFO ipc.Server: IPC Server listener on 9863: starting
om_1          | 2019-10-23 11:59:58,781 INFO db.DBStoreBuilder: using custom profile for table: default
datanode_4_1  | 2019-10-23 11:59:58,134 INFO metrics.MetricRegistries: Loaded MetricRegistries class org.apache.ratis.metrics.impl.MetricRegistriesImpl
datanode_2_1  | 2019-10-23 11:59:57,232 INFO impl.RaftServerImpl: 35f699e0-effa-4631-a6ea-ac4f6beae5e6@group-856F441DEA81: ConfigurationManager, init=-1: [35f699e0-effa-4631-a6ea-ac4f6beae5e6:10.5.0.5:9858], old=null, confs=<EMPTY_MAP>
datanode_3_1  | 2019-10-23 11:59:59,072 INFO storage.RaftStorage: Storage directory /data/metadata/ratis/4f1253b6-731f-4475-b1c3-d24a551ea556 has been successfully formatted.
datanode_1_1  | 2019-10-23 11:59:56,643 INFO impl.RaftServerImpl: ff9feee0-695f-4373-ae63-0e9a52b5f1b4@group-98EF2CDE1EF7: ConfigurationManager, init=-1: [ff9feee0-695f-4373-ae63-0e9a52b5f1b4:10.5.0.4:9858], old=null, confs=<EMPTY_MAP>
scm_1         | 2019-10-23 11:59:54,758 INFO server.StorageContainerManager: ScmDatanodeProtocl RPC server is listening at /0.0.0.0:9861
om_1          | 2019-10-23 11:59:58,781 INFO db.DBStoreBuilder: Using default column profile:DBProfile.DISK for Table:default
datanode_4_1  | 2019-10-23 11:59:58,137 WARN impl.MetricRegistriesImpl: First MetricRegistry has been created without registering reporters. You may need to call MetricRegistries.global().addReportRegistration(...) before.
datanode_2_1  | 2019-10-23 11:59:57,233 INFO server.RaftServerConfigKeys: raft.server.storage.dir = [/data/metadata/ratis] (custom)
datanode_3_1  | 2019-10-23 11:59:59,076 [pool-8-thread-1] INFO       - group-D24A551EA556: The snapshot info is null. Setting the last applied indexto:(t:0, i:~)
datanode_1_1  | 2019-10-23 11:59:56,643 INFO server.RaftServerConfigKeys: raft.server.storage.dir = [/data/metadata/ratis] (custom)
scm_1         | 2019-10-23 11:59:54,758 INFO server.SCMDatanodeProtocolServer: RPC server for DataNodes is listening at /0.0.0.0:9861
om_1          | 2019-10-23 11:59:58,783 INFO db.DBStoreBuilder: Using default options. DBProfile.DISK
datanode_4_1  | 2019-10-23 11:59:58,142 INFO server.RaftServerConfigKeys: raft.server.log.segment.cache.num.max = 2 (custom)
datanode_2_1  | 2019-10-23 11:59:57,237 INFO server.RaftServerConfigKeys: raft.server.log.corruption.policy = EXCEPTION (default)
datanode_3_1  | 2019-10-23 11:59:59,076 INFO server.RaftServerConfigKeys: raft.server.notification.no-leader.timeout = 120s (custom)
datanode_1_1  | 2019-10-23 11:59:56,648 INFO server.RaftServerConfigKeys: raft.server.log.corruption.policy = EXCEPTION (default)
scm_1         | 2019-10-23 11:59:54,760 INFO ipc.Server: IPC Server listener on 9861: starting
om_1          | 2019-10-23 11:59:59,897 INFO ipc.CallQueueManager: Using callQueue: class java.util.concurrent.LinkedBlockingQueue, queueCapacity: 2000, scheduler: class org.apache.hadoop.ipc.DefaultRpcScheduler, ipcBackoff: false.
datanode_4_1  | 2019-10-23 11:59:58,147 INFO segmented.SegmentedRaftLogWorker: new b4415501-d160-4f10-aebb-4b18158f6ce8@group-87B23FA87C9B-SegmentedRaftLogWorker for RaftStorage:Storage Directory /data/metadata/ratis/44f8909d-c038-41c4-b4ce-87b23fa87c9b
datanode_2_1  | 2019-10-23 11:59:57,238 INFO storage.RaftStorageDirectory: The storage directory /data/metadata/ratis/7ea4696c-d20f-45ca-9852-856f441dea81 does not exist. Creating ...
datanode_1_1  | 2019-10-23 11:59:56,650 INFO storage.RaftStorageDirectory: The storage directory /data/metadata/ratis/ee2bc8c1-3b66-4ab3-a118-98ef2cde1ef7 does not exist. Creating ...
om_1          | 2019-10-23 11:59:59,907 INFO ipc.Server: Starting Socket Reader #1 for port 9862
datanode_4_1  | 2019-10-23 11:59:58,148 INFO server.RaftServerConfigKeys: raft.server.log.queue.byte-limit = 2147483647 (custom)
datanode_2_1  | 2019-10-23 11:59:57,476 INFO storage.RaftStorageDirectory: Lock on /data/metadata/ratis/7ea4696c-d20f-45ca-9852-856f441dea81/in_use.lock acquired by nodename 7@2bd6476f4aac
datanode_3_1  | 2019-10-23 11:59:59,078 INFO server.RaftServerConfigKeys: raft.server.log.use.memory = false (default)
scm_1         | 2019-10-23 11:59:54,763 INFO ipc.Server: IPC Server Responder: starting
om_1          | 2019-10-23 11:59:59,943 [main] INFO       - OzoneManager RPC server is listening at om/10.5.0.70:9862
datanode_1_1  | 2019-10-23 11:59:56,675 INFO storage.RaftStorageDirectory: Lock on /data/metadata/ratis/ee2bc8c1-3b66-4ab3-a118-98ef2cde1ef7/in_use.lock acquired by nodename 7@9f1a1ef6d407
datanode_2_1  | 2019-10-23 11:59:57,528 INFO storage.RaftStorage: Storage directory /data/metadata/ratis/7ea4696c-d20f-45ca-9852-856f441dea81 has been successfully formatted.
datanode_3_1  | 2019-10-23 11:59:59,082 INFO server.RaftServerConfigKeys: raft.server.log.purge.gap = 1000000 (custom)
datanode_4_1  | 2019-10-23 11:59:58,148 INFO server.RaftServerConfigKeys: raft.server.log.queue.element-limit = 1024 (custom)
om_1          | 2019-10-23 12:00:00,026 INFO impl.MetricsConfig: Loaded properties from hadoop-metrics2.properties
scm_1         | 2019-10-23 11:59:54,769 INFO http.HttpServer2: Jetty bound to port 9876
datanode_1_1  | 2019-10-23 11:59:56,692 INFO storage.RaftStorage: Storage directory /data/metadata/ratis/ee2bc8c1-3b66-4ab3-a118-98ef2cde1ef7 has been successfully formatted.
datanode_2_1  | 2019-10-23 11:59:57,534 [pool-8-thread-1] INFO       - group-856F441DEA81: The snapshot info is null. Setting the last applied indexto:(t:0, i:~)
om_1          | 2019-10-23 12:00:00,069 INFO impl.MetricsSystemImpl: Scheduled Metric snapshot period at 10 second(s).
datanode_4_1  | 2019-10-23 11:59:58,149 INFO server.RaftServerConfigKeys: raft.server.log.segment.size.max = 1048576 (custom)
datanode_3_1  | 2019-10-23 11:59:59,082 INFO server.RaftServerConfigKeys: raft.server.log.appender.buffer.byte-limit = 33554432 (custom)
scm_1         | 2019-10-23 11:59:54,771 INFO server.Server: jetty-9.3.25.v20180904, build timestamp: 2018-09-04T21:11:46Z, git hash: 3ce520221d0240229c862b122d2b06c12a625732
datanode_2_1  | 2019-10-23 11:59:57,534 INFO server.RaftServerConfigKeys: raft.server.notification.no-leader.timeout = 120s (custom)
datanode_3_1  | 2019-10-23 11:59:59,083 INFO server.RaftServerConfigKeys: raft.server.log.segment.size.max = 1048576 (custom)
scm_1         | 2019-10-23 11:59:54,833 INFO handler.ContextHandler: Started o.e.j.s.ServletContextHandler@5ce4369b{/logs,file:///var/log/hadoop/,AVAILABLE}
om_1          | 2019-10-23 12:00:00,070 INFO impl.MetricsSystemImpl: OzoneManager metrics system started
datanode_4_1  | 2019-10-23 11:59:58,150 INFO server.RaftServerConfigKeys: raft.server.log.preallocated.size = 16384 (custom)
datanode_1_1  | 2019-10-23 11:59:56,697 [pool-8-thread-1] INFO       - group-98EF2CDE1EF7: The snapshot info is null. Setting the last applied indexto:(t:0, i:~)
datanode_2_1  | 2019-10-23 11:59:57,536 INFO server.RaftServerConfigKeys: raft.server.log.use.memory = false (default)
datanode_3_1  | 2019-10-23 11:59:59,088 INFO metrics.MetricRegistries: Loaded MetricRegistries class org.apache.ratis.metrics.impl.MetricRegistriesImpl
scm_1         | 2019-10-23 11:59:54,835 INFO handler.ContextHandler: Started o.e.j.s.ServletContextHandler@73017a80{/static,jar:file:/opt/hadoop/share/ozone/lib/hadoop-hdds-server-scm-0.5.0-SNAPSHOT.jar!/webapps/static,AVAILABLE}
om_1          | 2019-10-23 12:00:00,106 INFO ipc.Server: IPC Server Responder: starting
datanode_4_1  | 2019-10-23 11:59:58,150 INFO server.RaftServerConfigKeys: raft.server.log.write.buffer.size = 33554432 (custom)
datanode_3_1  | 2019-10-23 11:59:59,091 WARN impl.MetricRegistriesImpl: First MetricRegistry has been created without registering reporters. You may need to call MetricRegistries.global().addReportRegistration(...) before.
datanode_1_1  | 2019-10-23 11:59:56,697 INFO server.RaftServerConfigKeys: raft.server.notification.no-leader.timeout = 120s (custom)
scm_1         | 2019-10-23 11:59:54,936 INFO handler.ContextHandler: Started o.e.j.w.WebAppContext@30364216{/,file:///tmp/jetty-0.0.0.0-9876-scm-_-any-266832960736496878.dir/webapp/,AVAILABLE}{/scm}
datanode_2_1  | 2019-10-23 11:59:57,541 INFO server.RaftServerConfigKeys: raft.server.log.purge.gap = 1000000 (custom)
om_1          | 2019-10-23 12:00:00,106 INFO ipc.Server: IPC Server listener on 9862: starting
datanode_3_1  | 2019-10-23 11:59:59,095 INFO server.RaftServerConfigKeys: raft.server.log.segment.cache.num.max = 2 (custom)
datanode_4_1  | 2019-10-23 11:59:58,150 INFO server.RaftServerConfigKeys: raft.server.log.force.sync.num = 128 (default)
datanode_1_1  | 2019-10-23 11:59:56,699 INFO server.RaftServerConfigKeys: raft.server.log.use.memory = false (default)
scm_1         | 2019-10-23 11:59:54,948 INFO server.AbstractConnector: Started ServerConnector@48e8ae8b{HTTP/1.1,[http/1.1]}{0.0.0.0:9876}
datanode_2_1  | 2019-10-23 11:59:57,541 INFO server.RaftServerConfigKeys: raft.server.log.appender.buffer.byte-limit = 33554432 (custom)
om_1          | 2019-10-23 12:00:00,136 INFO hdfs.DFSUtil: Starting Web-server for ozoneManager at: http://0.0.0.0:9874
datanode_3_1  | 2019-10-23 11:59:59,099 INFO segmented.SegmentedRaftLogWorker: new 96248bc7-1575-43e6-80d5-e73131728f5a@group-D24A551EA556-SegmentedRaftLogWorker for RaftStorage:Storage Directory /data/metadata/ratis/4f1253b6-731f-4475-b1c3-d24a551ea556
datanode_4_1  | 2019-10-23 11:59:58,151 INFO server.RaftServerConfigKeys: raft.server.log.statemachine.data.sync = true (default)
datanode_1_1  | 2019-10-23 11:59:56,703 INFO server.RaftServerConfigKeys: raft.server.log.purge.gap = 1000000 (custom)
scm_1         | 2019-10-23 11:59:54,950 INFO server.Server: Started @4048ms
om_1          | 2019-10-23 12:00:00,245 INFO server.AuthenticationFilter: Unable to initialize FileSignerSecretProvider, falling back to use random secrets.
datanode_2_1  | 2019-10-23 11:59:57,543 INFO server.RaftServerConfigKeys: raft.server.log.segment.size.max = 1048576 (custom)
datanode_3_1  | 2019-10-23 11:59:59,099 INFO server.RaftServerConfigKeys: raft.server.log.queue.byte-limit = 2147483647 (custom)
datanode_4_1  | 2019-10-23 11:59:58,151 INFO server.RaftServerConfigKeys: raft.server.log.statemachine.data.sync.timeout = 10s (default)
datanode_1_1  | 2019-10-23 11:59:56,703 INFO server.RaftServerConfigKeys: raft.server.log.appender.buffer.byte-limit = 33554432 (custom)
scm_1         | 2019-10-23 11:59:54,955 INFO impl.MetricsSinkAdapter: Sink prometheus started
om_1          | 2019-10-23 12:00:00,248 INFO http.HttpRequestLog: Http request log for http.requests.ozoneManager is not defined
datanode_2_1  | 2019-10-23 11:59:57,548 INFO metrics.MetricRegistries: Loaded MetricRegistries class org.apache.ratis.metrics.impl.MetricRegistriesImpl
datanode_2_1  | 2019-10-23 11:59:57,552 WARN impl.MetricRegistriesImpl: First MetricRegistry has been created without registering reporters. You may need to call MetricRegistries.global().addReportRegistration(...) before.
datanode_4_1  | 2019-10-23 11:59:58,152 INFO server.RaftServerConfigKeys: raft.server.log.statemachine.data.sync.timeout.retry = -1 (default)
datanode_1_1  | 2019-10-23 11:59:56,704 INFO server.RaftServerConfigKeys: raft.server.log.segment.size.max = 1048576 (custom)
scm_1         | 2019-10-23 11:59:54,956 INFO impl.MetricsSystemImpl: Registered sink prometheus
om_1          | 2019-10-23 12:00:00,255 INFO http.HttpServer2: Added global filter 'safety' (class=org.apache.hadoop.http.HttpServer2$QuotingInputFilter)
datanode_3_1  | 2019-10-23 11:59:59,100 INFO server.RaftServerConfigKeys: raft.server.log.queue.element-limit = 1024 (custom)
datanode_2_1  | 2019-10-23 11:59:57,557 INFO server.RaftServerConfigKeys: raft.server.log.segment.cache.num.max = 2 (custom)
datanode_4_1  | 2019-10-23 11:59:58,159 INFO server.RaftServerConfigKeys: raft.server.log.statemachine.data.caching.enabled = true (custom)
datanode_1_1  | 2019-10-23 11:59:56,710 INFO metrics.MetricRegistries: Loaded MetricRegistries class org.apache.ratis.metrics.impl.MetricRegistriesImpl
scm_1         | 2019-10-23 11:59:54,960 INFO server.BaseHttpServer: HTTP server of SCM is listening at http://0.0.0.0:9876
om_1          | 2019-10-23 12:00:00,257 INFO http.HttpServer2: Added filter static_user_filter (class=org.apache.hadoop.http.lib.StaticUserWebFilter$StaticUserFilter) to context ozoneManager
datanode_2_1  | 2019-10-23 11:59:57,562 INFO segmented.SegmentedRaftLogWorker: new 35f699e0-effa-4631-a6ea-ac4f6beae5e6@group-856F441DEA81-SegmentedRaftLogWorker for RaftStorage:Storage Directory /data/metadata/ratis/7ea4696c-d20f-45ca-9852-856f441dea81
datanode_1_1  | 2019-10-23 11:59:56,713 WARN impl.MetricRegistriesImpl: First MetricRegistry has been created without registering reporters. You may need to call MetricRegistries.global().addReportRegistration(...) before.
datanode_4_1  | 2019-10-23 11:59:58,162 INFO segmented.SegmentedRaftLogWorker: b4415501-d160-4f10-aebb-4b18158f6ce8@group-87B23FA87C9B-SegmentedRaftLogWorker: flushIndex: setUnconditionally 0 -> -1
datanode_3_1  | 2019-10-23 11:59:59,100 INFO server.RaftServerConfigKeys: raft.server.log.segment.size.max = 1048576 (custom)
scm_1         | 2019-10-23 11:59:54,979 INFO util.JvmPauseMonitor: Starting JVM pause monitor
om_1          | 2019-10-23 12:00:00,257 INFO http.HttpServer2: Added filter static_user_filter (class=org.apache.hadoop.http.lib.StaticUserWebFilter$StaticUserFilter) to context logs
datanode_2_1  | 2019-10-23 11:59:57,563 INFO server.RaftServerConfigKeys: raft.server.log.queue.byte-limit = 2147483647 (custom)
datanode_1_1  | 2019-10-23 11:59:56,717 INFO server.RaftServerConfigKeys: raft.server.log.segment.cache.num.max = 2 (custom)
datanode_1_1  | 2019-10-23 11:59:56,721 INFO segmented.SegmentedRaftLogWorker: new ff9feee0-695f-4373-ae63-0e9a52b5f1b4@group-98EF2CDE1EF7-SegmentedRaftLogWorker for RaftStorage:Storage Directory /data/metadata/ratis/ee2bc8c1-3b66-4ab3-a118-98ef2cde1ef7
datanode_3_1  | 2019-10-23 11:59:59,101 INFO server.RaftServerConfigKeys: raft.server.log.preallocated.size = 16384 (custom)
scm_1         | 2019-10-23 11:59:55,496 INFO net.NetworkTopology: Added a new node: /rack1/ff9feee0-695f-4373-ae63-0e9a52b5f1b4
om_1          | 2019-10-23 12:00:00,257 INFO http.HttpServer2: Added filter static_user_filter (class=org.apache.hadoop.http.lib.StaticUserWebFilter$StaticUserFilter) to context static
datanode_2_1  | 2019-10-23 11:59:57,563 INFO server.RaftServerConfigKeys: raft.server.log.queue.element-limit = 1024 (custom)
datanode_1_1  | 2019-10-23 11:59:56,721 INFO server.RaftServerConfigKeys: raft.server.log.queue.byte-limit = 2147483647 (custom)
datanode_3_1  | 2019-10-23 11:59:59,101 INFO server.RaftServerConfigKeys: raft.server.log.write.buffer.size = 33554432 (custom)
datanode_4_1  | 2019-10-23 11:59:58,167 INFO server.RaftServerConfigKeys: raft.server.snapshot.auto.trigger.enabled = true (custom)
datanode_2_1  | 2019-10-23 11:59:57,564 INFO server.RaftServerConfigKeys: raft.server.log.segment.size.max = 1048576 (custom)
scm_1         | 2019-10-23 11:59:55,497 INFO node.SCMNodeManager: Registered Data node : ff9feee0-695f-4373-ae63-0e9a52b5f1b4{ip: 10.5.0.4, host: ozone-topology_datanode_1_1.ozone-topology_net, networkLocation: /rack1, certSerialId: null}
om_1          | 2019-10-23 12:00:00,275 WARN server.BaseHttpServer: /prof java profiling servlet is activated. Not safe for production!
datanode_1_1  | 2019-10-23 11:59:56,721 INFO server.RaftServerConfigKeys: raft.server.log.queue.element-limit = 1024 (custom)
datanode_3_1  | 2019-10-23 11:59:59,102 INFO server.RaftServerConfigKeys: raft.server.log.force.sync.num = 128 (default)
datanode_4_1  | 2019-10-23 11:59:58,169 INFO server.RaftServerConfigKeys: raft.server.snapshot.auto.trigger.threshold = 10000 (custom)
datanode_2_1  | 2019-10-23 11:59:57,565 INFO server.RaftServerConfigKeys: raft.server.log.preallocated.size = 16384 (custom)
scm_1         | 2019-10-23 11:59:55,504 INFO safemode.SCMSafeModeManager: SCM in safe mode. 1 DataNodes registered, 1 required.
datanode_1_1  | 2019-10-23 11:59:56,722 INFO server.RaftServerConfigKeys: raft.server.log.segment.size.max = 1048576 (custom)
om_1          | 2019-10-23 12:00:00,277 INFO http.HttpServer2: Jetty bound to port 9874
datanode_3_1  | 2019-10-23 11:59:59,102 INFO server.RaftServerConfigKeys: raft.server.log.statemachine.data.sync = true (default)
datanode_4_1  | 2019-10-23 11:59:58,169 INFO server.RaftServerConfigKeys: raft.server.snapshot.retention.file.num = 5 (custom)
datanode_2_1  | 2019-10-23 11:59:57,565 INFO server.RaftServerConfigKeys: raft.server.log.write.buffer.size = 33554432 (custom)
scm_1         | 2019-10-23 11:59:55,505 INFO safemode.SCMSafeModeManager: ScmSafeModeManager, all rules are successfully validated
datanode_1_1  | 2019-10-23 11:59:56,722 INFO server.RaftServerConfigKeys: raft.server.log.preallocated.size = 16384 (custom)
om_1          | 2019-10-23 12:00:00,278 INFO server.Server: jetty-9.3.25.v20180904, build timestamp: 2018-09-04T21:11:46Z, git hash: 3ce520221d0240229c862b122d2b06c12a625732
datanode_3_1  | 2019-10-23 11:59:59,102 INFO server.RaftServerConfigKeys: raft.server.log.statemachine.data.sync.timeout = 10s (default)
datanode_4_1  | 2019-10-23 11:59:58,169 INFO server.RaftServerConfigKeys: raft.server.retrycache.expirytime = 600000ms (custom)
datanode_2_1  | 2019-10-23 11:59:57,565 INFO server.RaftServerConfigKeys: raft.server.log.force.sync.num = 128 (default)
scm_1         | 2019-10-23 11:59:55,505 INFO safemode.SCMSafeModeManager: SCM exiting safe mode.
datanode_1_1  | 2019-10-23 11:59:56,723 INFO server.RaftServerConfigKeys: raft.server.log.write.buffer.size = 33554432 (custom)
om_1          | 2019-10-23 12:00:00,310 INFO handler.ContextHandler: Started o.e.j.s.ServletContextHandler@49d831c2{/logs,file:///var/log/hadoop/,AVAILABLE}
datanode_3_1  | 2019-10-23 11:59:59,103 INFO server.RaftServerConfigKeys: raft.server.log.statemachine.data.sync.timeout.retry = -1 (default)
datanode_4_1  | 2019-10-23 11:59:58,188 WARN impl.MetricRegistriesImpl: First MetricRegistry has been created without registering reporters. You may need to call MetricRegistries.global().addReportRegistration(...) before.
datanode_2_1  | 2019-10-23 11:59:57,566 INFO server.RaftServerConfigKeys: raft.server.log.statemachine.data.sync = true (default)
scm_1         | 2019-10-23 11:59:56,366 INFO net.NetworkTopology: Added a new node: /rack1/96248bc7-1575-43e6-80d5-e73131728f5a
datanode_1_1  | 2019-10-23 11:59:56,723 INFO server.RaftServerConfigKeys: raft.server.log.force.sync.num = 128 (default)
om_1          | 2019-10-23 12:00:00,311 INFO handler.ContextHandler: Started o.e.j.s.ServletContextHandler@606f81b5{/static,jar:file:/opt/hadoop/share/ozone/lib/hadoop-ozone-ozone-manager-0.5.0-SNAPSHOT.jar!/webapps/static,AVAILABLE}
datanode_3_1  | 2019-10-23 11:59:59,109 INFO server.RaftServerConfigKeys: raft.server.log.statemachine.data.caching.enabled = true (custom)
datanode_4_1  | 2019-10-23 11:59:58,190 WARN impl.MetricRegistriesImpl: First MetricRegistry has been created without registering reporters. You may need to call MetricRegistries.global().addReportRegistration(...) before.
datanode_2_1  | 2019-10-23 11:59:57,566 INFO server.RaftServerConfigKeys: raft.server.log.statemachine.data.sync.timeout = 10s (default)
scm_1         | 2019-10-23 11:59:56,366 INFO node.SCMNodeManager: Registered Data node : 96248bc7-1575-43e6-80d5-e73131728f5a{ip: 10.5.0.6, host: ozone-topology_datanode_3_1.ozone-topology_net, networkLocation: /rack1, certSerialId: null}
datanode_1_1  | 2019-10-23 11:59:56,724 INFO server.RaftServerConfigKeys: raft.server.log.statemachine.data.sync = true (default)
om_1          | 2019-10-23 12:00:00,406 INFO handler.ContextHandler: Started o.e.j.w.WebAppContext@5762658b{/,file:///tmp/jetty-0.0.0.0-9874-ozoneManager-_-any-7855300914919691267.dir/webapp/,AVAILABLE}{/ozoneManager}
datanode_4_1  | 2019-10-23 11:59:58,192 INFO impl.RaftServerImpl: b4415501-d160-4f10-aebb-4b18158f6ce8@group-87B23FA87C9B: start as a follower, conf=-1: [b4415501-d160-4f10-aebb-4b18158f6ce8:10.5.0.7:9858], old=null
datanode_3_1  | 2019-10-23 11:59:59,113 INFO segmented.SegmentedRaftLogWorker: 96248bc7-1575-43e6-80d5-e73131728f5a@group-D24A551EA556-SegmentedRaftLogWorker: flushIndex: setUnconditionally 0 -> -1
datanode_2_1  | 2019-10-23 11:59:57,567 INFO server.RaftServerConfigKeys: raft.server.log.statemachine.data.sync.timeout.retry = -1 (default)
scm_1         | WARNING: An illegal reflective access operation has occurred
datanode_1_1  | 2019-10-23 11:59:56,724 INFO server.RaftServerConfigKeys: raft.server.log.statemachine.data.sync.timeout = 10s (default)
om_1          | 2019-10-23 12:00:00,412 INFO server.AbstractConnector: Started ServerConnector@37f65214{HTTP/1.1,[http/1.1]}{0.0.0.0:9874}
datanode_4_1  | 2019-10-23 11:59:58,193 INFO impl.RaftServerImpl: b4415501-d160-4f10-aebb-4b18158f6ce8@group-87B23FA87C9B: changes role from      null to FOLLOWER at term 0 for startAsFollower
datanode_3_1  | 2019-10-23 11:59:59,116 INFO server.RaftServerConfigKeys: raft.server.snapshot.auto.trigger.enabled = true (custom)
datanode_2_1  | 2019-10-23 11:59:57,575 INFO server.RaftServerConfigKeys: raft.server.log.statemachine.data.caching.enabled = true (custom)
datanode_1_1  | 2019-10-23 11:59:56,724 INFO server.RaftServerConfigKeys: raft.server.log.statemachine.data.sync.timeout.retry = -1 (default)
datanode_1_1  | 2019-10-23 11:59:56,732 INFO server.RaftServerConfigKeys: raft.server.log.statemachine.data.caching.enabled = true (custom)
datanode_3_1  | 2019-10-23 11:59:59,116 INFO server.RaftServerConfigKeys: raft.server.snapshot.auto.trigger.threshold = 10000 (custom)
om_1          | 2019-10-23 12:00:00,413 INFO server.Server: Started @4966ms
datanode_2_1  | 2019-10-23 11:59:57,579 INFO segmented.SegmentedRaftLogWorker: 35f699e0-effa-4631-a6ea-ac4f6beae5e6@group-856F441DEA81-SegmentedRaftLogWorker: flushIndex: setUnconditionally 0 -> -1
datanode_2_1  | 2019-10-23 11:59:57,583 INFO server.RaftServerConfigKeys: raft.server.snapshot.auto.trigger.enabled = true (custom)
datanode_1_1  | 2019-10-23 11:59:56,736 INFO segmented.SegmentedRaftLogWorker: ff9feee0-695f-4373-ae63-0e9a52b5f1b4@group-98EF2CDE1EF7-SegmentedRaftLogWorker: flushIndex: setUnconditionally 0 -> -1
datanode_1_1  | 2019-10-23 11:59:56,739 INFO server.RaftServerConfigKeys: raft.server.snapshot.auto.trigger.enabled = true (custom)
datanode_3_1  | 2019-10-23 11:59:59,117 INFO server.RaftServerConfigKeys: raft.server.snapshot.retention.file.num = 5 (custom)
om_1          | 2019-10-23 12:00:00,415 INFO impl.MetricsSinkAdapter: Sink prometheus started
scm_1         | WARNING: Illegal reflective access by org.apache.ratis.thirdparty.com.google.protobuf.UnsafeUtil (file:/opt/hadoop/share/ozone/lib/ratis-thirdparty-misc-0.2.0.jar) to field java.nio.Buffer.address
datanode_2_1  | 2019-10-23 11:59:57,583 INFO server.RaftServerConfigKeys: raft.server.snapshot.auto.trigger.threshold = 10000 (custom)
datanode_1_1  | 2019-10-23 11:59:56,740 INFO server.RaftServerConfigKeys: raft.server.snapshot.auto.trigger.threshold = 10000 (custom)
datanode_1_1  | 2019-10-23 11:59:56,740 INFO server.RaftServerConfigKeys: raft.server.snapshot.retention.file.num = 5 (custom)
datanode_1_1  | 2019-10-23 11:59:56,741 INFO server.RaftServerConfigKeys: raft.server.retrycache.expirytime = 600000ms (custom)
om_1          | 2019-10-23 12:00:00,415 INFO impl.MetricsSystemImpl: Registered sink prometheus
scm_1         | WARNING: Please consider reporting this to the maintainers of org.apache.ratis.thirdparty.com.google.protobuf.UnsafeUtil
datanode_2_1  | 2019-10-23 11:59:57,584 INFO server.RaftServerConfigKeys: raft.server.snapshot.retention.file.num = 5 (custom)
datanode_1_1  | 2019-10-23 11:59:56,754 WARN impl.MetricRegistriesImpl: First MetricRegistry has been created without registering reporters. You may need to call MetricRegistries.global().addReportRegistration(...) before.
datanode_1_1  | 2019-10-23 11:59:56,756 WARN impl.MetricRegistriesImpl: First MetricRegistry has been created without registering reporters. You may need to call MetricRegistries.global().addReportRegistration(...) before.
om_1          | 2019-10-23 12:00:00,417 INFO server.BaseHttpServer: HTTP server of OZONEMANAGER is listening at http://0.0.0.0:9874
scm_1         | WARNING: Use --illegal-access=warn to enable warnings of further illegal reflective access operations
datanode_2_1  | 2019-10-23 11:59:57,586 INFO server.RaftServerConfigKeys: raft.server.retrycache.expirytime = 600000ms (custom)
datanode_4_1  | 2019-10-23 11:59:58,194 INFO impl.RoleInfo: b4415501-d160-4f10-aebb-4b18158f6ce8: start FollowerState
om_1          | 2019-10-23 12:00:13,457 [IPC Server handler 0 on 9862] INFO       - created volume:vol-0-19450 for user:hadoop
datanode_3_1  | 2019-10-23 11:59:59,117 INFO server.RaftServerConfigKeys: raft.server.retrycache.expirytime = 600000ms (custom)
datanode_1_1  | 2019-10-23 11:59:56,758 INFO impl.RaftServerImpl: ff9feee0-695f-4373-ae63-0e9a52b5f1b4@group-98EF2CDE1EF7: start as a follower, conf=-1: [ff9feee0-695f-4373-ae63-0e9a52b5f1b4:10.5.0.4:9858], old=null
datanode_2_1  | 2019-10-23 11:59:57,601 WARN impl.MetricRegistriesImpl: First MetricRegistry has been created without registering reporters. You may need to call MetricRegistries.global().addReportRegistration(...) before.
scm_1         | WARNING: All illegal access operations will be denied in a future release
datanode_4_1  | 2019-10-23 11:59:58,197 INFO util.JmxRegister: Successfully registered JMX Bean with object name Ratis:service=RaftServer,group=group-87B23FA87C9B,id=b4415501-d160-4f10-aebb-4b18158f6ce8
om_1          | 2019-10-23 12:00:13,476 [IPC Server handler 2 on 9862] INFO       - created volume:vol-1-04388 for user:hadoop
datanode_3_1  | 2019-10-23 11:59:59,131 WARN impl.MetricRegistriesImpl: First MetricRegistry has been created without registering reporters. You may need to call MetricRegistries.global().addReportRegistration(...) before.
datanode_1_1  | 2019-10-23 11:59:56,758 INFO impl.RaftServerImpl: ff9feee0-695f-4373-ae63-0e9a52b5f1b4@group-98EF2CDE1EF7: changes role from      null to FOLLOWER at term 0 for startAsFollower
datanode_2_1  | 2019-10-23 11:59:57,603 WARN impl.MetricRegistriesImpl: First MetricRegistry has been created without registering reporters. You may need to call MetricRegistries.global().addReportRegistration(...) before.
scm_1         | 2019-10-23 11:59:56,756 INFO net.NetworkTopology: Added a new node: /rack1/35f699e0-effa-4631-a6ea-ac4f6beae5e6
om_1          | 2019-10-23 12:00:13,484 [IPC Server handler 6 on 9862] INFO       - created volume:vol-2-10296 for user:hadoop
datanode_4_1  | 2019-10-23 11:59:58,199 WARN impl.MetricRegistriesImpl: First MetricRegistry has been created without registering reporters. You may need to call MetricRegistries.global().addReportRegistration(...) before.
datanode_3_1  | 2019-10-23 11:59:59,133 WARN impl.MetricRegistriesImpl: First MetricRegistry has been created without registering reporters. You may need to call MetricRegistries.global().addReportRegistration(...) before.
datanode_1_1  | 2019-10-23 11:59:56,759 INFO impl.RoleInfo: ff9feee0-695f-4373-ae63-0e9a52b5f1b4: start FollowerState
datanode_2_1  | 2019-10-23 11:59:57,604 INFO impl.RaftServerImpl: 35f699e0-effa-4631-a6ea-ac4f6beae5e6@group-856F441DEA81: start as a follower, conf=-1: [35f699e0-effa-4631-a6ea-ac4f6beae5e6:10.5.0.5:9858], old=null
scm_1         | 2019-10-23 11:59:56,757 INFO node.SCMNodeManager: Registered Data node : 35f699e0-effa-4631-a6ea-ac4f6beae5e6{ip: 10.5.0.5, host: ozone-topology_datanode_2_1.ozone-topology_net, networkLocation: /rack1, certSerialId: null}
datanode_4_1  | 2019-10-23 11:59:59,239 INFO impl.RaftServerProxy: b4415501-d160-4f10-aebb-4b18158f6ce8: addNew group-1D0E02AB7893:[b4415501-d160-4f10-aebb-4b18158f6ce8:10.5.0.7:9858, 35f699e0-effa-4631-a6ea-ac4f6beae5e6:10.5.0.5:9858, ff9feee0-695f-4373-ae63-0e9a52b5f1b4:10.5.0.4:9858] returns group-1D0E02AB7893:java.util.concurrent.CompletableFuture@367e456f[Not completed]
om_1          | 2019-10-23 12:00:13,494 [IPC Server handler 5 on 9862] INFO       - created volume:vol-3-03218 for user:hadoop
datanode_3_1  | 2019-10-23 11:59:59,134 INFO impl.RaftServerImpl: 96248bc7-1575-43e6-80d5-e73131728f5a@group-D24A551EA556: start as a follower, conf=-1: [96248bc7-1575-43e6-80d5-e73131728f5a:10.5.0.6:9858], old=null
datanode_1_1  | 2019-10-23 11:59:56,762 INFO util.JmxRegister: Successfully registered JMX Bean with object name Ratis:service=RaftServer,group=group-98EF2CDE1EF7,id=ff9feee0-695f-4373-ae63-0e9a52b5f1b4
datanode_2_1  | 2019-10-23 11:59:57,605 INFO impl.RaftServerImpl: 35f699e0-effa-4631-a6ea-ac4f6beae5e6@group-856F441DEA81: changes role from      null to FOLLOWER at term 0 for startAsFollower
scm_1         | 2019-10-23 11:59:56,865 INFO pipeline.PipelineStateManager: Created pipeline Pipeline[ Id: ee2bc8c1-3b66-4ab3-a118-98ef2cde1ef7, Nodes: ff9feee0-695f-4373-ae63-0e9a52b5f1b4{ip: 10.5.0.4, host: ozone-topology_datanode_1_1.ozone-topology_net, networkLocation: /rack1, certSerialId: null}, Type:RATIS, Factor:ONE, State:OPEN]
datanode_4_1  | 2019-10-23 11:59:59,243 INFO impl.RaftServerImpl: b4415501-d160-4f10-aebb-4b18158f6ce8: new RaftServerImpl for group-1D0E02AB7893:[b4415501-d160-4f10-aebb-4b18158f6ce8:10.5.0.7:9858, 35f699e0-effa-4631-a6ea-ac4f6beae5e6:10.5.0.5:9858, ff9feee0-695f-4373-ae63-0e9a52b5f1b4:10.5.0.4:9858] with ContainerStateMachine:uninitialized
om_1          | 2019-10-23 12:00:13,501 [IPC Server handler 13 on 9862] INFO       - created volume:vol-4-48618 for user:hadoop
datanode_3_1  | 2019-10-23 11:59:59,135 INFO impl.RaftServerImpl: 96248bc7-1575-43e6-80d5-e73131728f5a@group-D24A551EA556: changes role from      null to FOLLOWER at term 0 for startAsFollower
datanode_1_1  | 2019-10-23 11:59:56,763 WARN impl.MetricRegistriesImpl: First MetricRegistry has been created without registering reporters. You may need to call MetricRegistries.global().addReportRegistration(...) before.
datanode_2_1  | 2019-10-23 11:59:57,606 INFO impl.RoleInfo: 35f699e0-effa-4631-a6ea-ac4f6beae5e6: start FollowerState
scm_1         | 2019-10-23 11:59:57,288 INFO net.NetworkTopology: Added a new node: /rack2/b4415501-d160-4f10-aebb-4b18158f6ce8
datanode_4_1  | 2019-10-23 11:59:59,245 INFO server.RaftServerConfigKeys: raft.server.rpc.timeout.min = 5s (custom)
datanode_3_1  | 2019-10-23 11:59:59,136 INFO impl.RoleInfo: 96248bc7-1575-43e6-80d5-e73131728f5a: start FollowerState
datanode_1_1  | 2019-10-23 11:59:59,256 INFO impl.RaftServerProxy: ff9feee0-695f-4373-ae63-0e9a52b5f1b4: addNew group-1D0E02AB7893:[b4415501-d160-4f10-aebb-4b18158f6ce8:10.5.0.7:9858, 35f699e0-effa-4631-a6ea-ac4f6beae5e6:10.5.0.5:9858, ff9feee0-695f-4373-ae63-0e9a52b5f1b4:10.5.0.4:9858] returns group-1D0E02AB7893:java.util.concurrent.CompletableFuture@4a96ce37[Not completed]
datanode_2_1  | 2019-10-23 11:59:57,611 INFO util.JmxRegister: Successfully registered JMX Bean with object name Ratis:service=RaftServer,group=group-856F441DEA81,id=35f699e0-effa-4631-a6ea-ac4f6beae5e6
scm_1         | 2019-10-23 11:59:57,288 INFO node.SCMNodeManager: Registered Data node : b4415501-d160-4f10-aebb-4b18158f6ce8{ip: 10.5.0.7, host: ozone-topology_datanode_4_1.ozone-topology_net, networkLocation: /rack2, certSerialId: null}
datanode_4_1  | 2019-10-23 11:59:59,245 INFO server.RaftServerConfigKeys: raft.server.rpc.timeout.max = 5200ms (custom)
datanode_3_1  | 2019-10-23 11:59:59,139 INFO util.JmxRegister: Successfully registered JMX Bean with object name Ratis:service=RaftServer,group=group-D24A551EA556,id=96248bc7-1575-43e6-80d5-e73131728f5a
datanode_1_1  | 2019-10-23 11:59:59,261 INFO impl.RaftServerImpl: ff9feee0-695f-4373-ae63-0e9a52b5f1b4: new RaftServerImpl for group-1D0E02AB7893:[b4415501-d160-4f10-aebb-4b18158f6ce8:10.5.0.7:9858, 35f699e0-effa-4631-a6ea-ac4f6beae5e6:10.5.0.5:9858, ff9feee0-695f-4373-ae63-0e9a52b5f1b4:10.5.0.4:9858] with ContainerStateMachine:uninitialized
datanode_2_1  | 2019-10-23 11:59:57,612 WARN impl.MetricRegistriesImpl: First MetricRegistry has been created without registering reporters. You may need to call MetricRegistries.global().addReportRegistration(...) before.
scm_1         | 2019-10-23 11:59:57,667 INFO pipeline.PipelineStateManager: Created pipeline Pipeline[ Id: 7ea4696c-d20f-45ca-9852-856f441dea81, Nodes: 35f699e0-effa-4631-a6ea-ac4f6beae5e6{ip: 10.5.0.5, host: ozone-topology_datanode_2_1.ozone-topology_net, networkLocation: /rack1, certSerialId: null}, Type:RATIS, Factor:ONE, State:OPEN]
datanode_4_1  | 2019-10-23 11:59:59,245 INFO server.RaftServerConfigKeys: raft.server.rpcslowness.timeout = 120s (custom)
datanode_3_1  | 2019-10-23 11:59:59,141 WARN impl.MetricRegistriesImpl: First MetricRegistry has been created without registering reporters. You may need to call MetricRegistries.global().addReportRegistration(...) before.
datanode_1_1  | 2019-10-23 11:59:59,261 INFO server.RaftServerConfigKeys: raft.server.rpc.timeout.min = 5s (custom)
datanode_2_1  | 2019-10-23 11:59:59,254 INFO impl.RaftServerProxy: 35f699e0-effa-4631-a6ea-ac4f6beae5e6: addNew group-1D0E02AB7893:[b4415501-d160-4f10-aebb-4b18158f6ce8:10.5.0.7:9858, 35f699e0-effa-4631-a6ea-ac4f6beae5e6:10.5.0.5:9858, ff9feee0-695f-4373-ae63-0e9a52b5f1b4:10.5.0.4:9858] returns group-1D0E02AB7893:java.util.concurrent.CompletableFuture@45cf3c9d[Not completed]
scm_1         | 2019-10-23 11:59:58,255 INFO pipeline.PipelineStateManager: Created pipeline Pipeline[ Id: 44f8909d-c038-41c4-b4ce-87b23fa87c9b, Nodes: b4415501-d160-4f10-aebb-4b18158f6ce8{ip: 10.5.0.7, host: ozone-topology_datanode_4_1.ozone-topology_net, networkLocation: /rack2, certSerialId: null}, Type:RATIS, Factor:ONE, State:OPEN]
datanode_4_1  | 2019-10-23 11:59:59,245 INFO server.RaftServerConfigKeys: raft.server.sleep.deviation.threshold = 300 (default)
datanode_3_1  | 2019-10-23 12:00:04,296 INFO impl.FollowerState: 96248bc7-1575-43e6-80d5-e73131728f5a@group-D24A551EA556-FollowerState: change to CANDIDATE, lastRpcTime:5160ms, electionTimeout:5160ms
datanode_1_1  | 2019-10-23 11:59:59,262 INFO server.RaftServerConfigKeys: raft.server.rpc.timeout.max = 5200ms (custom)
datanode_2_1  | 2019-10-23 11:59:59,258 INFO impl.RaftServerImpl: 35f699e0-effa-4631-a6ea-ac4f6beae5e6: new RaftServerImpl for group-1D0E02AB7893:[b4415501-d160-4f10-aebb-4b18158f6ce8:10.5.0.7:9858, 35f699e0-effa-4631-a6ea-ac4f6beae5e6:10.5.0.5:9858, ff9feee0-695f-4373-ae63-0e9a52b5f1b4:10.5.0.4:9858] with ContainerStateMachine:uninitialized
scm_1         | 2019-10-23 11:59:59,201 INFO pipeline.PipelineStateManager: Created pipeline Pipeline[ Id: 4f1253b6-731f-4475-b1c3-d24a551ea556, Nodes: 96248bc7-1575-43e6-80d5-e73131728f5a{ip: 10.5.0.6, host: ozone-topology_datanode_3_1.ozone-topology_net, networkLocation: /rack1, certSerialId: null}, Type:RATIS, Factor:ONE, State:OPEN]
datanode_4_1  | 2019-10-23 11:59:59,245 INFO server.RaftServerConfigKeys: raft.server.log.appender.install.snapshot.enabled = false (custom)
datanode_3_1  | 2019-10-23 12:00:04,298 INFO impl.RoleInfo: 96248bc7-1575-43e6-80d5-e73131728f5a: shutdown FollowerState
datanode_1_1  | 2019-10-23 11:59:59,262 INFO server.RaftServerConfigKeys: raft.server.rpcslowness.timeout = 120s (custom)
datanode_2_1  | 2019-10-23 11:59:59,258 INFO server.RaftServerConfigKeys: raft.server.rpc.timeout.min = 5s (custom)
scm_1         | 2019-10-23 11:59:59,336 INFO pipeline.PipelineStateManager: Created pipeline Pipeline[ Id: 68bcf74f-60f0-4bfe-9db0-1d0e02ab7893, Nodes: 35f699e0-effa-4631-a6ea-ac4f6beae5e6{ip: 10.5.0.5, host: ozone-topology_datanode_2_1.ozone-topology_net, networkLocation: /rack1, certSerialId: null}b4415501-d160-4f10-aebb-4b18158f6ce8{ip: 10.5.0.7, host: ozone-topology_datanode_4_1.ozone-topology_net, networkLocation: /rack2, certSerialId: null}ff9feee0-695f-4373-ae63-0e9a52b5f1b4{ip: 10.5.0.4, host: ozone-topology_datanode_1_1.ozone-topology_net, networkLocation: /rack1, certSerialId: null}, Type:RATIS, Factor:THREE, State:OPEN]
datanode_4_1  | 2019-10-23 11:59:59,245 INFO impl.RaftServerImpl: b4415501-d160-4f10-aebb-4b18158f6ce8@group-1D0E02AB7893: ConfigurationManager, init=-1: [b4415501-d160-4f10-aebb-4b18158f6ce8:10.5.0.7:9858, 35f699e0-effa-4631-a6ea-ac4f6beae5e6:10.5.0.5:9858, ff9feee0-695f-4373-ae63-0e9a52b5f1b4:10.5.0.4:9858], old=null, confs=<EMPTY_MAP>
datanode_4_1  | 2019-10-23 11:59:59,246 INFO server.RaftServerConfigKeys: raft.server.storage.dir = [/data/metadata/ratis] (custom)
datanode_1_1  | 2019-10-23 11:59:59,262 INFO server.RaftServerConfigKeys: raft.server.sleep.deviation.threshold = 300 (default)
datanode_2_1  | 2019-10-23 11:59:59,258 INFO server.RaftServerConfigKeys: raft.server.rpc.timeout.max = 5200ms (custom)
scm_1         | 2019-10-23 12:00:13,815 INFO server.SCMBlockProtocolServer: Allocating 1 blocks of size 268435456, with ExcludeList {datanodes = [], containerIds = [], pipelineIds = []}
scm_1         | 2019-10-23 12:00:13,818 INFO pipeline.PipelineStateManager: Created pipeline Pipeline[ Id: 73e26a69-75e0-443a-a087-339725bbfd71, Nodes: 96248bc7-1575-43e6-80d5-e73131728f5a{ip: 10.5.0.6, host: ozone-topology_datanode_3_1.ozone-topology_net, networkLocation: /rack1, certSerialId: null}, Type:STAND_ALONE, Factor:ONE, State:OPEN]
datanode_3_1  | 2019-10-23 12:00:04,299 INFO impl.RaftServerImpl: 96248bc7-1575-43e6-80d5-e73131728f5a@group-D24A551EA556: changes role from  FOLLOWER to CANDIDATE at term 0 for changeToCandidate
datanode_1_1  | 2019-10-23 11:59:59,262 INFO server.RaftServerConfigKeys: raft.server.log.appender.install.snapshot.enabled = false (custom)
datanode_2_1  | 2019-10-23 11:59:59,259 INFO server.RaftServerConfigKeys: raft.server.rpcslowness.timeout = 120s (custom)
datanode_4_1  | 2019-10-23 11:59:59,246 INFO server.RaftServerConfigKeys: raft.server.log.corruption.policy = EXCEPTION (default)
datanode_4_1  | 2019-10-23 11:59:59,246 INFO storage.RaftStorageDirectory: The storage directory /data/metadata/ratis/68bcf74f-60f0-4bfe-9db0-1d0e02ab7893 does not exist. Creating ...
datanode_3_1  | 2019-10-23 12:00:04,303 INFO impl.RoleInfo: 96248bc7-1575-43e6-80d5-e73131728f5a: start LeaderElection
datanode_1_1  | 2019-10-23 11:59:59,262 INFO impl.RaftServerImpl: ff9feee0-695f-4373-ae63-0e9a52b5f1b4@group-1D0E02AB7893: ConfigurationManager, init=-1: [b4415501-d160-4f10-aebb-4b18158f6ce8:10.5.0.7:9858, 35f699e0-effa-4631-a6ea-ac4f6beae5e6:10.5.0.5:9858, ff9feee0-695f-4373-ae63-0e9a52b5f1b4:10.5.0.4:9858], old=null, confs=<EMPTY_MAP>
datanode_2_1  | 2019-10-23 11:59:59,259 INFO server.RaftServerConfigKeys: raft.server.sleep.deviation.threshold = 300 (default)
scm_1         | 2019-10-23 12:00:15,386 INFO server.SCMBlockProtocolServer: Allocating 1 blocks of size 268435456, with ExcludeList {datanodes = [], containerIds = [], pipelineIds = []}
datanode_4_1  | 2019-10-23 11:59:59,284 INFO storage.RaftStorageDirectory: Lock on /data/metadata/ratis/68bcf74f-60f0-4bfe-9db0-1d0e02ab7893/in_use.lock acquired by nodename 7@77f327d73f4a
datanode_3_1  | 2019-10-23 12:00:04,327 INFO impl.LeaderElection: 96248bc7-1575-43e6-80d5-e73131728f5a@group-D24A551EA556-LeaderElection1: begin an election at term 1 for -1: [96248bc7-1575-43e6-80d5-e73131728f5a:10.5.0.6:9858], old=null
datanode_1_1  | 2019-10-23 11:59:59,262 INFO server.RaftServerConfigKeys: raft.server.storage.dir = [/data/metadata/ratis] (custom)
datanode_2_1  | 2019-10-23 11:59:59,259 INFO server.RaftServerConfigKeys: raft.server.log.appender.install.snapshot.enabled = false (custom)
scm_1         | 2019-10-23 12:00:15,701 INFO server.SCMBlockProtocolServer: Allocating 1 blocks of size 268435456, with ExcludeList {datanodes = [], containerIds = [], pipelineIds = []}
datanode_4_1  | 2019-10-23 11:59:59,317 INFO storage.RaftStorage: Storage directory /data/metadata/ratis/68bcf74f-60f0-4bfe-9db0-1d0e02ab7893 has been successfully formatted.
datanode_3_1  | 2019-10-23 12:00:04,328 INFO impl.RoleInfo: 96248bc7-1575-43e6-80d5-e73131728f5a: shutdown LeaderElection
datanode_1_1  | 2019-10-23 11:59:59,263 INFO server.RaftServerConfigKeys: raft.server.log.corruption.policy = EXCEPTION (default)
datanode_2_1  | 2019-10-23 11:59:59,259 INFO impl.RaftServerImpl: 35f699e0-effa-4631-a6ea-ac4f6beae5e6@group-1D0E02AB7893: ConfigurationManager, init=-1: [b4415501-d160-4f10-aebb-4b18158f6ce8:10.5.0.7:9858, 35f699e0-effa-4631-a6ea-ac4f6beae5e6:10.5.0.5:9858, ff9feee0-695f-4373-ae63-0e9a52b5f1b4:10.5.0.4:9858], old=null, confs=<EMPTY_MAP>
scm_1         | 2019-10-23 12:00:16,059 INFO server.SCMBlockProtocolServer: Allocating 1 blocks of size 268435456, with ExcludeList {datanodes = [], containerIds = [], pipelineIds = []}
datanode_4_1  | 2019-10-23 11:59:59,317 [pool-8-thread-1] INFO       - group-1D0E02AB7893: The snapshot info is null. Setting the last applied indexto:(t:0, i:~)
datanode_3_1  | 2019-10-23 12:00:04,329 INFO impl.RaftServerImpl: 96248bc7-1575-43e6-80d5-e73131728f5a@group-D24A551EA556: changes role from CANDIDATE to LEADER at term 1 for changeToLeader
