scm_1       | 2019-11-06 03:56:39,412 INFO server.StorageContainerManager: ScmBlockLocationProtocol RPC server is listening at /0.0.0.0:9863
om_1        | 2019-11-06 03:56:43,381 INFO ipc.CallQueueManager: Using callQueue: class java.util.concurrent.LinkedBlockingQueue, queueCapacity: 2000, scheduler: class org.apache.hadoop.ipc.DefaultRpcScheduler, ipcBackoff: false.
datanode_3  | 2019-11-06 03:56:42,377 INFO ratis.ContainerStateMachine: group-86B4AB390A81: The snapshot info is null. Setting the last applied indexto:(t:0, i:~)
datanode_2  | 2019-11-06 03:56:43,369 INFO storage.RaftStorage: Storage directory /data/metadata/ratis/be40ebad-5685-4d0a-8194-c9402ef4b584 has been successfully formatted.
datanode_1  | 2019-11-06 03:56:42,811 INFO server.RaftServerConfigKeys: raft.server.log.appender.install.snapshot.enabled = false (custom)
s3g_1       | 	at org.eclipse.jetty.server.session.SessionHandler.doHandle(SessionHandler.java:226)
scm_1       | 2019-11-06 03:56:39,413 INFO server.SCMBlockProtocolServer: RPC server for Block Protocol is listening at /0.0.0.0:9863
datanode_3  | 2019-11-06 03:56:42,377 INFO server.RaftServerConfigKeys: raft.server.notification.no-leader.timeout = 120s (custom)
om_1        | 2019-11-06 03:56:43,395 INFO ipc.Server: Starting Socket Reader #1 for port 9862
datanode_1  | 2019-11-06 03:56:42,816 INFO impl.RaftServerImpl: 8cb0a838-8025-498b-9588-d59856393fbf@group-0B25286574A1: ConfigurationManager, init=-1: [8cb0a838-8025-498b-9588-d59856393fbf:172.19.0.3:9858], old=null, confs=<EMPTY_MAP>
s3g_1       | 	at org.eclipse.jetty.server.handler.ContextHandler.doHandle(ContextHandler.java:1180)
scm_1       | 2019-11-06 03:56:39,414 INFO ipc.Server: IPC Server Responder: starting
datanode_2  | 2019-11-06 03:56:43,373 INFO ratis.ContainerStateMachine: group-C9402EF4B584: The snapshot info is null. Setting the last applied indexto:(t:0, i:~)
datanode_3  | 2019-11-06 03:56:42,380 INFO server.RaftServerConfigKeys: raft.server.log.use.memory = false (default)
om_1        | 2019-11-06 03:56:43,433 INFO om.OzoneManager: OzoneManager RPC server is listening at om/172.19.0.4:9862
datanode_1  | 2019-11-06 03:56:42,817 INFO server.RaftServerConfigKeys: raft.server.storage.dir = [/data/metadata/ratis] (custom)
scm_1       | 2019-11-06 03:56:39,414 INFO ipc.Server: IPC Server listener on 9863: starting
s3g_1       | 	at org.eclipse.jetty.servlet.ServletHandler.doScope(ServletHandler.java:513)
om_1        | 2019-11-06 03:56:43,510 INFO impl.MetricsConfig: Loaded properties from hadoop-metrics2.properties
datanode_2  | 2019-11-06 03:56:43,373 INFO server.RaftServerConfigKeys: raft.server.notification.no-leader.timeout = 120s (custom)
datanode_3  | 2019-11-06 03:56:42,384 INFO server.RaftServerConfigKeys: raft.server.log.purge.gap = 1000000 (custom)
datanode_1  | 2019-11-06 03:56:42,821 INFO server.RaftServerConfigKeys: raft.server.log.corruption.policy = EXCEPTION (default)
scm_1       | 2019-11-06 03:56:39,418 INFO server.StorageContainerManager: ScmDatanodeProtocl RPC server is listening at /0.0.0.0:9861
s3g_1       | 	at org.eclipse.jetty.server.session.SessionHandler.doScope(SessionHandler.java:185)
om_1        | 2019-11-06 03:56:43,556 INFO impl.MetricsSystemImpl: Scheduled Metric snapshot period at 10 second(s).
datanode_2  | 2019-11-06 03:56:43,375 INFO server.RaftServerConfigKeys: raft.server.log.use.memory = false (default)
datanode_3  | 2019-11-06 03:56:42,384 INFO server.RaftServerConfigKeys: raft.server.log.appender.buffer.byte-limit = 33554432 (custom)
scm_1       | 2019-11-06 03:56:39,418 INFO server.SCMDatanodeProtocolServer: RPC server for DataNodes is listening at /0.0.0.0:9861
s3g_1       | 	at org.eclipse.jetty.server.handler.ContextHandler.doScope(ContextHandler.java:1112)
om_1        | 2019-11-06 03:56:43,557 INFO impl.MetricsSystemImpl: OzoneManager metrics system started
datanode_2  | 2019-11-06 03:56:43,380 INFO server.RaftServerConfigKeys: raft.server.log.purge.gap = 1000000 (custom)
datanode_1  | 2019-11-06 03:56:42,822 INFO storage.RaftStorageDirectory: The storage directory /data/metadata/ratis/a82b4207-1ff2-48bb-a241-0b25286574a1 does not exist. Creating ...
scm_1       | 2019-11-06 03:56:39,420 INFO ipc.Server: IPC Server Responder: starting
datanode_3  | 2019-11-06 03:56:42,386 INFO server.RaftServerConfigKeys: raft.server.log.segment.size.max = 1048576 (custom)
s3g_1       | 	at org.eclipse.jetty.server.handler.ScopedHandler.handle(ScopedHandler.java:141)
datanode_2  | 2019-11-06 03:56:43,380 INFO server.RaftServerConfigKeys: raft.server.log.appender.buffer.byte-limit = 33554432 (custom)
datanode_1  | 2019-11-06 03:56:42,844 INFO storage.RaftStorageDirectory: Lock on /data/metadata/ratis/a82b4207-1ff2-48bb-a241-0b25286574a1/in_use.lock acquired by nodename 7@d0cf72eef1d7
scm_1       | 2019-11-06 03:56:39,420 INFO ipc.Server: IPC Server listener on 9861: starting
datanode_3  | 2019-11-06 03:56:42,392 INFO metrics.MetricRegistries: Loaded MetricRegistries class org.apache.ratis.metrics.impl.MetricRegistriesImpl
om_1        | 2019-11-06 03:56:43,601 INFO ipc.Server: IPC Server Responder: starting
s3g_1       | 	at org.eclipse.jetty.server.handler.HandlerCollection.handle(HandlerCollection.java:119)
datanode_2  | 2019-11-06 03:56:43,382 INFO server.RaftServerConfigKeys: raft.server.log.segment.size.max = 1048576 (custom)
datanode_1  | 2019-11-06 03:56:42,869 INFO storage.RaftStorage: Storage directory /data/metadata/ratis/a82b4207-1ff2-48bb-a241-0b25286574a1 has been successfully formatted.
scm_1       | 2019-11-06 03:56:39,428 INFO http.HttpServer2: Jetty bound to port 9876
datanode_3  | 2019-11-06 03:56:42,395 WARN impl.MetricRegistriesImpl: First MetricRegistry has been created without registering reporters. You may need to call MetricRegistries.global().addReportRegistration(...) before.
om_1        | 2019-11-06 03:56:43,602 INFO ipc.Server: IPC Server listener on 9862: starting
s3g_1       | 	at org.eclipse.jetty.server.handler.HandlerWrapper.handle(HandlerWrapper.java:134)
datanode_2  | 2019-11-06 03:56:43,390 INFO metrics.MetricRegistries: Loaded MetricRegistries class org.apache.ratis.metrics.impl.MetricRegistriesImpl
scm_1       | 2019-11-06 03:56:39,431 INFO server.Server: jetty-9.3.25.v20180904, build timestamp: 2018-09-04T21:11:46Z, git hash: 3ce520221d0240229c862b122d2b06c12a625732
datanode_1  | 2019-11-06 03:56:42,874 INFO ratis.ContainerStateMachine: group-0B25286574A1: The snapshot info is null. Setting the last applied indexto:(t:0, i:~)
datanode_3  | 2019-11-06 03:56:42,400 INFO server.RaftServerConfigKeys: raft.server.log.segment.cache.num.max = 2 (custom)
om_1        | 2019-11-06 03:56:43,634 INFO hdfs.DFSUtil: Starting Web-server for ozoneManager at: http://0.0.0.0:9874
s3g_1       | 	at org.eclipse.jetty.server.Server.handle(Server.java:539)
datanode_2  | 2019-11-06 03:56:43,394 WARN impl.MetricRegistriesImpl: First MetricRegistry has been created without registering reporters. You may need to call MetricRegistries.global().addReportRegistration(...) before.
scm_1       | 2019-11-06 03:56:39,483 INFO handler.ContextHandler: Started o.e.j.s.ServletContextHandler@2ba33e2c{/logs,file:///var/log/hadoop/,AVAILABLE}
datanode_3  | 2019-11-06 03:56:42,404 INFO segmented.SegmentedRaftLogWorker: new fb8d4651-2270-49b2-9fc8-a57ebf142e4e@group-86B4AB390A81-SegmentedRaftLogWorker for RaftStorage:Storage Directory /data/metadata/ratis/4dd952c9-925c-4f09-abd2-86b4ab390a81
om_1        | 2019-11-06 03:56:43,734 INFO server.AuthenticationFilter: Unable to initialize FileSignerSecretProvider, falling back to use random secrets.
datanode_2  | 2019-11-06 03:56:43,398 INFO server.RaftServerConfigKeys: raft.server.log.segment.cache.num.max = 2 (custom)
datanode_3  | 2019-11-06 03:56:42,404 INFO server.RaftServerConfigKeys: raft.server.log.queue.byte-limit = 2147483647 (custom)
datanode_1  | 2019-11-06 03:56:42,874 INFO server.RaftServerConfigKeys: raft.server.notification.no-leader.timeout = 120s (custom)
s3g_1       | 	at org.eclipse.jetty.server.HttpChannel.handle(HttpChannel.java:333)
scm_1       | 2019-11-06 03:56:39,484 INFO handler.ContextHandler: Started o.e.j.s.ServletContextHandler@629ae7e{/static,jar:file:/opt/hadoop/share/ozone/lib/hadoop-hdds-server-scm-0.5.0-SNAPSHOT.jar!/webapps/static,AVAILABLE}
om_1        | 2019-11-06 03:56:43,736 INFO http.HttpRequestLog: Http request log for http.requests.ozoneManager is not defined
datanode_2  | 2019-11-06 03:56:43,403 INFO segmented.SegmentedRaftLogWorker: new 2c7dab54-ce2f-4ee4-86ea-8abd5c62b3b8@group-C9402EF4B584-SegmentedRaftLogWorker for RaftStorage:Storage Directory /data/metadata/ratis/be40ebad-5685-4d0a-8194-c9402ef4b584
datanode_3  | 2019-11-06 03:56:42,404 INFO server.RaftServerConfigKeys: raft.server.log.queue.element-limit = 1024 (custom)
datanode_1  | 2019-11-06 03:56:42,876 INFO server.RaftServerConfigKeys: raft.server.log.use.memory = false (default)
s3g_1       | 	at org.eclipse.jetty.server.HttpConnection.onFillable(HttpConnection.java:251)
scm_1       | 2019-11-06 03:56:39,566 INFO handler.ContextHandler: Started o.e.j.w.WebAppContext@4c777e7b{/,file:///tmp/jetty-0.0.0.0-9876-scm-_-any-15213112033479847425.dir/webapp/,AVAILABLE}{/scm}
om_1        | 2019-11-06 03:56:43,743 INFO http.HttpServer2: Added global filter 'safety' (class=org.apache.hadoop.http.HttpServer2$QuotingInputFilter)
datanode_2  | 2019-11-06 03:56:43,403 INFO server.RaftServerConfigKeys: raft.server.log.queue.byte-limit = 2147483647 (custom)
datanode_3  | 2019-11-06 03:56:42,405 INFO server.RaftServerConfigKeys: raft.server.log.segment.size.max = 1048576 (custom)
datanode_1  | 2019-11-06 03:56:42,880 INFO server.RaftServerConfigKeys: raft.server.log.purge.gap = 1000000 (custom)
s3g_1       | 	at org.eclipse.jetty.io.AbstractConnection$ReadCallback.succeeded(AbstractConnection.java:283)
scm_1       | 2019-11-06 03:56:39,575 INFO server.AbstractConnector: Started ServerConnector@129637d{HTTP/1.1,[http/1.1]}{0.0.0.0:9876}
om_1        | 2019-11-06 03:56:43,746 INFO http.HttpServer2: Added filter static_user_filter (class=org.apache.hadoop.http.lib.StaticUserWebFilter$StaticUserFilter) to context ozoneManager
datanode_2  | 2019-11-06 03:56:43,403 INFO server.RaftServerConfigKeys: raft.server.log.queue.element-limit = 1024 (custom)
datanode_3  | 2019-11-06 03:56:42,406 INFO server.RaftServerConfigKeys: raft.server.log.preallocated.size = 16384 (custom)
datanode_1  | 2019-11-06 03:56:42,880 INFO server.RaftServerConfigKeys: raft.server.log.appender.buffer.byte-limit = 33554432 (custom)
s3g_1       | 	at org.eclipse.jetty.io.FillInterest.fillable(FillInterest.java:108)
scm_1       | 2019-11-06 03:56:39,575 INFO server.Server: Started @3693ms
om_1        | 2019-11-06 03:56:43,746 INFO http.HttpServer2: Added filter static_user_filter (class=org.apache.hadoop.http.lib.StaticUserWebFilter$StaticUserFilter) to context static
datanode_2  | 2019-11-06 03:56:43,404 INFO server.RaftServerConfigKeys: raft.server.log.segment.size.max = 1048576 (custom)
datanode_3  | 2019-11-06 03:56:42,406 INFO server.RaftServerConfigKeys: raft.server.log.write.buffer.size = 33554432 (custom)
datanode_1  | 2019-11-06 03:56:42,882 INFO server.RaftServerConfigKeys: raft.server.log.segment.size.max = 1048576 (custom)
s3g_1       | 	at org.eclipse.jetty.io.SelectChannelEndPoint$2.run(SelectChannelEndPoint.java:93)
scm_1       | 2019-11-06 03:56:39,578 INFO impl.MetricsSinkAdapter: Sink prometheus started
om_1        | 2019-11-06 03:56:43,746 INFO http.HttpServer2: Added filter static_user_filter (class=org.apache.hadoop.http.lib.StaticUserWebFilter$StaticUserFilter) to context logs
datanode_2  | 2019-11-06 03:56:43,405 INFO server.RaftServerConfigKeys: raft.server.log.preallocated.size = 16384 (custom)
datanode_3  | 2019-11-06 03:56:42,406 INFO server.RaftServerConfigKeys: raft.server.log.force.sync.num = 128 (default)
datanode_1  | 2019-11-06 03:56:42,889 INFO metrics.MetricRegistries: Loaded MetricRegistries class org.apache.ratis.metrics.impl.MetricRegistriesImpl
s3g_1       | 	at org.eclipse.jetty.util.thread.strategy.ExecuteProduceConsume.executeProduceConsume(ExecuteProduceConsume.java:303)
scm_1       | 2019-11-06 03:56:39,579 INFO impl.MetricsSystemImpl: Registered sink prometheus
om_1        | 2019-11-06 03:56:43,768 INFO http.HttpServer2: Jetty bound to port 9874
datanode_2  | 2019-11-06 03:56:43,405 INFO server.RaftServerConfigKeys: raft.server.log.write.buffer.size = 33554432 (custom)
datanode_3  | 2019-11-06 03:56:42,407 INFO server.RaftServerConfigKeys: raft.server.log.statemachine.data.sync = true (default)
datanode_1  | 2019-11-06 03:56:42,892 WARN impl.MetricRegistriesImpl: First MetricRegistry has been created without registering reporters. You may need to call MetricRegistries.global().addReportRegistration(...) before.
s3g_1       | 	at org.eclipse.jetty.util.thread.strategy.ExecuteProduceConsume.produceConsume(ExecuteProduceConsume.java:148)
scm_1       | 2019-11-06 03:56:39,581 INFO server.BaseHttpServer: HTTP server of SCM is listening at http://0.0.0.0:9876
om_1        | 2019-11-06 03:56:43,769 INFO server.Server: jetty-9.3.25.v20180904, build timestamp: 2018-09-04T21:11:46Z, git hash: 3ce520221d0240229c862b122d2b06c12a625732
datanode_2  | 2019-11-06 03:56:43,405 INFO server.RaftServerConfigKeys: raft.server.log.force.sync.num = 128 (default)
datanode_3  | 2019-11-06 03:56:42,407 INFO server.RaftServerConfigKeys: raft.server.log.statemachine.data.sync.timeout = 10s (default)
datanode_1  | 2019-11-06 03:56:42,897 INFO server.RaftServerConfigKeys: raft.server.log.segment.cache.num.max = 2 (custom)
s3g_1       | 	at org.eclipse.jetty.util.thread.strategy.ExecuteProduceConsume.run(ExecuteProduceConsume.java:136)
scm_1       | 2019-11-06 03:56:39,588 INFO util.JvmPauseMonitor: Starting JVM pause monitor
om_1        | 2019-11-06 03:56:43,803 INFO handler.ContextHandler: Started o.e.j.s.ServletContextHandler@5d96bdf8{/logs,file:///var/log/hadoop/,AVAILABLE}
datanode_2  | 2019-11-06 03:56:43,406 INFO server.RaftServerConfigKeys: raft.server.log.statemachine.data.sync = true (default)
datanode_3  | 2019-11-06 03:56:42,407 INFO server.RaftServerConfigKeys: raft.server.log.statemachine.data.sync.timeout.retry = -1 (default)
datanode_1  | 2019-11-06 03:56:42,901 INFO segmented.SegmentedRaftLogWorker: new 8cb0a838-8025-498b-9588-d59856393fbf@group-0B25286574A1-SegmentedRaftLogWorker for RaftStorage:Storage Directory /data/metadata/ratis/a82b4207-1ff2-48bb-a241-0b25286574a1
s3g_1       | 	at org.eclipse.jetty.util.thread.QueuedThreadPool.runJob(QueuedThreadPool.java:671)
scm_1       | 2019-11-06 03:56:41,300 INFO net.NetworkTopology: Added a new node: /default-rack/fb8d4651-2270-49b2-9fc8-a57ebf142e4e
om_1        | 2019-11-06 03:56:43,803 INFO handler.ContextHandler: Started o.e.j.s.ServletContextHandler@441b8382{/static,jar:file:/opt/hadoop/share/ozone/lib/hadoop-ozone-ozone-manager-0.5.0-SNAPSHOT.jar!/webapps/static,AVAILABLE}
datanode_2  | 2019-11-06 03:56:43,406 INFO server.RaftServerConfigKeys: raft.server.log.statemachine.data.sync.timeout = 10s (default)
datanode_3  | 2019-11-06 03:56:42,414 INFO server.RaftServerConfigKeys: raft.server.log.statemachine.data.caching.enabled = true (custom)
datanode_1  | 2019-11-06 03:56:42,902 INFO server.RaftServerConfigKeys: raft.server.log.queue.byte-limit = 2147483647 (custom)
s3g_1       | 	at org.eclipse.jetty.util.thread.QueuedThreadPool$2.run(QueuedThreadPool.java:589)
om_1        | 2019-11-06 03:56:43,921 INFO handler.ContextHandler: Started o.e.j.w.WebAppContext@2dfb885e{/,file:///tmp/jetty-0.0.0.0-9874-ozoneManager-_-any-3555228446409075312.dir/webapp/,AVAILABLE}{/ozoneManager}
datanode_2  | 2019-11-06 03:56:43,407 INFO server.RaftServerConfigKeys: raft.server.log.statemachine.data.sync.timeout.retry = -1 (default)
datanode_3  | 2019-11-06 03:56:42,418 INFO segmented.SegmentedRaftLogWorker: fb8d4651-2270-49b2-9fc8-a57ebf142e4e@group-86B4AB390A81-SegmentedRaftLogWorker: flushIndex: setUnconditionally 0 -> -1
datanode_1  | 2019-11-06 03:56:42,902 INFO server.RaftServerConfigKeys: raft.server.log.queue.element-limit = 1024 (custom)
s3g_1       | 	at java.base/java.lang.Thread.run(Thread.java:834)
om_1        | 2019-11-06 03:56:43,927 INFO server.AbstractConnector: Started ServerConnector@7c3e4b1a{HTTP/1.1,[http/1.1]}{0.0.0.0:9874}
datanode_2  | 2019-11-06 03:56:43,414 INFO server.RaftServerConfigKeys: raft.server.log.statemachine.data.caching.enabled = true (custom)
datanode_3  | 2019-11-06 03:56:42,422 INFO server.RaftServerConfigKeys: raft.server.snapshot.auto.trigger.enabled = true (custom)
scm_1       | 2019-11-06 03:56:41,301 INFO node.SCMNodeManager: Registered Data node : fb8d4651-2270-49b2-9fc8-a57ebf142e4e{ip: 172.19.0.2, host: ozones3_datanode_3.ozones3_default, networkLocation: /default-rack, certSerialId: null}
datanode_1  | 2019-11-06 03:56:42,903 INFO server.RaftServerConfigKeys: raft.server.log.segment.size.max = 1048576 (custom)
s3g_1       | 2019-11-06 03:58:33,377 INFO endpoint.BucketEndpoint: Location is /bucket-15160
om_1        | 2019-11-06 03:56:43,928 INFO server.Server: Started @3708ms
datanode_2  | 2019-11-06 03:56:43,418 INFO segmented.SegmentedRaftLogWorker: 2c7dab54-ce2f-4ee4-86ea-8abd5c62b3b8@group-C9402EF4B584-SegmentedRaftLogWorker: flushIndex: setUnconditionally 0 -> -1
datanode_3  | 2019-11-06 03:56:42,422 INFO server.RaftServerConfigKeys: raft.server.snapshot.auto.trigger.threshold = 10000 (custom)
scm_1       | 2019-11-06 03:56:41,306 INFO safemode.SCMSafeModeManager: SCM in safe mode. 1 DataNodes registered, 1 required.
datanode_1  | 2019-11-06 03:56:42,903 INFO server.RaftServerConfigKeys: raft.server.log.preallocated.size = 16384 (custom)
s3g_1       | 2019-11-06 03:58:37,255 INFO endpoint.BucketEndpoint: Location is /bucket-70437
om_1        | 2019-11-06 03:56:43,932 INFO impl.MetricsSinkAdapter: Sink prometheus started
datanode_2  | 2019-11-06 03:56:43,424 INFO server.RaftServerConfigKeys: raft.server.snapshot.auto.trigger.enabled = true (custom)
datanode_3  | 2019-11-06 03:56:42,422 INFO server.RaftServerConfigKeys: raft.server.snapshot.retention.file.num = 5 (custom)
scm_1       | 2019-11-06 03:56:41,307 INFO safemode.SCMSafeModeManager: ScmSafeModeManager, all rules are successfully validated
s3g_1       | 2019-11-06 03:58:39,510 INFO io.BlockOutputStreamEntryPool: Allocating block with ExcludeList {datanodes = [], containerIds = [], pipelineIds = []}
datanode_1  | 2019-11-06 03:56:42,904 INFO server.RaftServerConfigKeys: raft.server.log.write.buffer.size = 33554432 (custom)
om_1        | 2019-11-06 03:56:43,932 INFO impl.MetricsSystemImpl: Registered sink prometheus
datanode_2  | 2019-11-06 03:56:43,425 INFO server.RaftServerConfigKeys: raft.server.snapshot.auto.trigger.threshold = 10000 (custom)
datanode_3  | 2019-11-06 03:56:42,423 INFO server.RaftServerConfigKeys: raft.server.retrycache.expirytime = 600000ms (custom)
scm_1       | 2019-11-06 03:56:41,307 INFO safemode.SCMSafeModeManager: SCM exiting safe mode.
s3g_1       | 2019-11-06 03:58:40,763 INFO io.BlockOutputStreamEntryPool: Allocating block with ExcludeList {datanodes = [], containerIds = [], pipelineIds = []}
datanode_1  | 2019-11-06 03:56:42,904 INFO server.RaftServerConfigKeys: raft.server.log.force.sync.num = 128 (default)
om_1        | 2019-11-06 03:56:43,934 INFO server.BaseHttpServer: HTTP server of OZONEMANAGER is listening at http://0.0.0.0:9874
datanode_2  | 2019-11-06 03:56:43,426 INFO server.RaftServerConfigKeys: raft.server.snapshot.retention.file.num = 5 (custom)
datanode_3  | 2019-11-06 03:56:42,438 WARN impl.MetricRegistriesImpl: First MetricRegistry has been created without registering reporters. You may need to call MetricRegistries.global().addReportRegistration(...) before.
scm_1       | 2019-11-06 03:56:41,427 INFO net.NetworkTopology: Added a new node: /default-rack/8cb0a838-8025-498b-9588-d59856393fbf
s3g_1       | 2019-11-06 03:58:45,342 INFO io.BlockOutputStreamEntryPool: Allocating block with ExcludeList {datanodes = [], containerIds = [], pipelineIds = []}
datanode_1  | 2019-11-06 03:56:42,905 INFO server.RaftServerConfigKeys: raft.server.log.statemachine.data.sync = true (default)
om_1        | 2019-11-06 03:56:59,977 INFO volume.OMVolumeCreateRequest: created volume:vol-0-06450 for user:hadoop
datanode_2  | 2019-11-06 03:56:43,427 INFO server.RaftServerConfigKeys: raft.server.retrycache.expirytime = 600000ms (custom)
scm_1       | 2019-11-06 03:56:41,428 INFO node.SCMNodeManager: Registered Data node : 8cb0a838-8025-498b-9588-d59856393fbf{ip: 172.19.0.3, host: ozones3_datanode_1.ozones3_default, networkLocation: /default-rack, certSerialId: null}
datanode_1  | 2019-11-06 03:56:42,905 INFO server.RaftServerConfigKeys: raft.server.log.statemachine.data.sync.timeout = 10s (default)
datanode_3  | 2019-11-06 03:56:42,439 WARN impl.MetricRegistriesImpl: First MetricRegistry has been created without registering reporters. You may need to call MetricRegistries.global().addReportRegistration(...) before.
s3g_1       | 2019-11-06 03:58:46,315 INFO io.BlockOutputStreamEntryPool: Allocating block with ExcludeList {datanodes = [], containerIds = [], pipelineIds = []}
om_1        | 2019-11-06 03:57:00,014 INFO volume.OMVolumeCreateRequest: created volume:vol-1-42219 for user:hadoop
datanode_2  | 2019-11-06 03:56:43,443 WARN impl.MetricRegistriesImpl: First MetricRegistry has been created without registering reporters. You may need to call MetricRegistries.global().addReportRegistration(...) before.
scm_1       | 2019-11-06 03:56:41,724 INFO net.NetworkTopology: Added a new node: /default-rack/2c7dab54-ce2f-4ee4-86ea-8abd5c62b3b8
datanode_1  | 2019-11-06 03:56:42,905 INFO server.RaftServerConfigKeys: raft.server.log.statemachine.data.sync.timeout.retry = -1 (default)
datanode_3  | 2019-11-06 03:56:42,441 INFO impl.RaftServerImpl: fb8d4651-2270-49b2-9fc8-a57ebf142e4e@group-86B4AB390A81: start as a follower, conf=-1: [fb8d4651-2270-49b2-9fc8-a57ebf142e4e:172.19.0.2:9858], old=null
s3g_1       | 2019-11-06 03:58:53,169 INFO io.BlockOutputStreamEntryPool: Allocating block with ExcludeList {datanodes = [], containerIds = [], pipelineIds = []}
om_1        | 2019-11-06 03:57:00,034 INFO volume.OMVolumeCreateRequest: created volume:vol-2-00935 for user:hadoop
datanode_2  | 2019-11-06 03:56:43,445 WARN impl.MetricRegistriesImpl: First MetricRegistry has been created without registering reporters. You may need to call MetricRegistries.global().addReportRegistration(...) before.
scm_1       | 2019-11-06 03:56:41,724 INFO node.SCMNodeManager: Registered Data node : 2c7dab54-ce2f-4ee4-86ea-8abd5c62b3b8{ip: 172.19.0.5, host: ozones3_datanode_2.ozones3_default, networkLocation: /default-rack, certSerialId: null}
datanode_1  | 2019-11-06 03:56:42,912 INFO server.RaftServerConfigKeys: raft.server.log.statemachine.data.caching.enabled = true (custom)
datanode_3  | 2019-11-06 03:56:42,442 INFO impl.RaftServerImpl: fb8d4651-2270-49b2-9fc8-a57ebf142e4e@group-86B4AB390A81: changes role from      null to FOLLOWER at term 0 for startAsFollower
s3g_1       | 2019-11-06 03:58:54,076 INFO io.BlockOutputStreamEntryPool: Allocating block with ExcludeList {datanodes = [], containerIds = [], pipelineIds = []}
om_1        | 2019-11-06 03:57:00,052 INFO volume.OMVolumeCreateRequest: created volume:vol-3-50435 for user:hadoop
datanode_2  | 2019-11-06 03:56:43,447 INFO impl.RaftServerImpl: 2c7dab54-ce2f-4ee4-86ea-8abd5c62b3b8@group-C9402EF4B584: start as a follower, conf=-1: [2c7dab54-ce2f-4ee4-86ea-8abd5c62b3b8:172.19.0.5:9858], old=null
scm_1       | WARNING: An illegal reflective access operation has occurred
datanode_1  | 2019-11-06 03:56:42,916 INFO segmented.SegmentedRaftLogWorker: 8cb0a838-8025-498b-9588-d59856393fbf@group-0B25286574A1-SegmentedRaftLogWorker: flushIndex: setUnconditionally 0 -> -1
datanode_3  | 2019-11-06 03:56:42,443 INFO impl.RoleInfo: fb8d4651-2270-49b2-9fc8-a57ebf142e4e: start FollowerState
s3g_1       | 2019-11-06 03:58:54,911 ERROR endpoint.ObjectEndpoint: Error in Complete Multipart Upload Request for bucket: bucket-70437, key: multipartKey2
datanode_2  | 2019-11-06 03:56:43,447 INFO impl.RaftServerImpl: 2c7dab54-ce2f-4ee4-86ea-8abd5c62b3b8@group-C9402EF4B584: changes role from      null to FOLLOWER at term 0 for startAsFollower
scm_1       | WARNING: Illegal reflective access by org.apache.ratis.thirdparty.com.google.protobuf.UnsafeUtil (file:/opt/hadoop/share/ozone/lib/ratis-thirdparty-misc-0.2.0.jar) to field java.nio.Buffer.address
om_1        | 2019-11-06 03:57:00,062 INFO volume.OMVolumeCreateRequest: created volume:vol-4-59551 for user:hadoop
datanode_1  | 2019-11-06 03:56:42,922 INFO server.RaftServerConfigKeys: raft.server.snapshot.auto.trigger.enabled = true (custom)
datanode_3  | 2019-11-06 03:56:42,446 INFO util.JmxRegister: Successfully registered JMX Bean with object name Ratis:service=RaftServer,group=group-86B4AB390A81,id=fb8d4651-2270-49b2-9fc8-a57ebf142e4e
s3g_1       | ENTITY_TOO_SMALL org.apache.hadoop.ozone.om.exceptions.OMException: Complete Multipart Upload Failed: Entity too small: volume: s37c35ba70126b04fca007e4dbfab9c47cbucket: bucket-70437key: multipartKey2
datanode_2  | 2019-11-06 03:56:43,448 INFO impl.RoleInfo: 2c7dab54-ce2f-4ee4-86ea-8abd5c62b3b8: start FollowerState
scm_1       | WARNING: Please consider reporting this to the maintainers of org.apache.ratis.thirdparty.com.google.protobuf.UnsafeUtil
datanode_1  | 2019-11-06 03:56:42,923 INFO server.RaftServerConfigKeys: raft.server.snapshot.auto.trigger.threshold = 10000 (custom)
datanode_3  | 2019-11-06 03:56:42,447 WARN impl.MetricRegistriesImpl: First MetricRegistry has been created without registering reporters. You may need to call MetricRegistries.global().addReportRegistration(...) before.
s3g_1       | 	at org.apache.hadoop.ozone.om.protocolPB.OzoneManagerProtocolClientSideTranslatorPB.handleError(OzoneManagerProtocolClientSideTranslatorPB.java:758)
om_1        | 2019-11-06 03:58:24,977 ERROR proto.OzoneManagerProtocolProtos$S3CreateBucketRequest: S3Bucket Creation Failed for userName: 7c35ba70126b04fca007e4dbfab9c47c, s3BucketName bucket-34687, VolumeName s37c35ba70126b04fca007e4dbfab9c47c
datanode_2  | 2019-11-06 03:56:43,453 INFO util.JmxRegister: Successfully registered JMX Bean with object name Ratis:service=RaftServer,group=group-C9402EF4B584,id=2c7dab54-ce2f-4ee4-86ea-8abd5c62b3b8
scm_1       | WARNING: Use --illegal-access=warn to enable warnings of further illegal reflective access operations
datanode_1  | 2019-11-06 03:56:42,923 INFO server.RaftServerConfigKeys: raft.server.snapshot.retention.file.num = 5 (custom)
datanode_3  | 2019-11-06 03:56:43,542 INFO impl.RaftServerProxy: fb8d4651-2270-49b2-9fc8-a57ebf142e4e: addNew group-35E207662880:[fb8d4651-2270-49b2-9fc8-a57ebf142e4e:172.19.0.2:9858, 8cb0a838-8025-498b-9588-d59856393fbf:172.19.0.3:9858, 2c7dab54-ce2f-4ee4-86ea-8abd5c62b3b8:172.19.0.5:9858] returns group-35E207662880:java.util.concurrent.CompletableFuture@29d02905[Not completed]
s3g_1       | 	at org.apache.hadoop.ozone.om.protocolPB.OzoneManagerProtocolClientSideTranslatorPB.completeMultipartUpload(OzoneManagerProtocolClientSideTranslatorPB.java:1130)
om_1        | 2019-11-06 03:58:54,897 ERROR multipart.S3MultipartUploadCompleteRequest: MultipartUpload: /s37c35ba70126b04fca007e4dbfab9c47c/bucket-70437/multipartKey2Part number: 1size 6 is less than minimum part size 5242880
datanode_2  | 2019-11-06 03:56:43,454 WARN impl.MetricRegistriesImpl: First MetricRegistry has been created without registering reporters. You may need to call MetricRegistries.global().addReportRegistration(...) before.
scm_1       | WARNING: All illegal access operations will be denied in a future release
datanode_1  | 2019-11-06 03:56:42,924 INFO server.RaftServerConfigKeys: raft.server.retrycache.expirytime = 600000ms (custom)
datanode_3  | 2019-11-06 03:56:43,544 INFO impl.RaftServerImpl: fb8d4651-2270-49b2-9fc8-a57ebf142e4e: new RaftServerImpl for group-35E207662880:[fb8d4651-2270-49b2-9fc8-a57ebf142e4e:172.19.0.2:9858, 8cb0a838-8025-498b-9588-d59856393fbf:172.19.0.3:9858, 2c7dab54-ce2f-4ee4-86ea-8abd5c62b3b8:172.19.0.5:9858] with ContainerStateMachine:uninitialized
s3g_1       | 	at java.base/jdk.internal.reflect.NativeMethodAccessorImpl.invoke0(Native Method)
om_1        | 2019-11-06 03:58:54,899 ERROR multipart.S3MultipartUploadCompleteRequest: MultipartUpload Complete request failed for Key: multipartKey2 in Volume/Bucket s37c35ba70126b04fca007e4dbfab9c47c/bucket-70437
datanode_2  | 2019-11-06 03:56:43,558 INFO impl.RaftServerProxy: 2c7dab54-ce2f-4ee4-86ea-8abd5c62b3b8: addNew group-35E207662880:[fb8d4651-2270-49b2-9fc8-a57ebf142e4e:172.19.0.2:9858, 8cb0a838-8025-498b-9588-d59856393fbf:172.19.0.3:9858, 2c7dab54-ce2f-4ee4-86ea-8abd5c62b3b8:172.19.0.5:9858] returns group-35E207662880:java.util.concurrent.CompletableFuture@26394cdc[Not completed]
scm_1       | 2019-11-06 03:56:42,545 INFO pipeline.PipelineStateManager: Created pipeline Pipeline[ Id: 4dd952c9-925c-4f09-abd2-86b4ab390a81, Nodes: fb8d4651-2270-49b2-9fc8-a57ebf142e4e{ip: 172.19.0.2, host: ozones3_datanode_3.ozones3_default, networkLocation: /default-rack, certSerialId: null}, Type:RATIS, Factor:ONE, State:OPEN]
datanode_1  | 2019-11-06 03:56:42,946 WARN impl.MetricRegistriesImpl: First MetricRegistry has been created without registering reporters. You may need to call MetricRegistries.global().addReportRegistration(...) before.
datanode_3  | 2019-11-06 03:56:43,544 INFO server.RaftServerConfigKeys: raft.server.rpc.timeout.min = 5s (custom)
s3g_1       | 	at java.base/jdk.internal.reflect.NativeMethodAccessorImpl.invoke(NativeMethodAccessorImpl.java:62)
om_1        | ENTITY_TOO_SMALL org.apache.hadoop.ozone.om.exceptions.OMException: Complete Multipart Upload Failed: Entity too small: volume: s37c35ba70126b04fca007e4dbfab9c47cbucket: bucket-70437key: multipartKey2
datanode_2  | 2019-11-06 03:56:43,562 INFO impl.RaftServerImpl: 2c7dab54-ce2f-4ee4-86ea-8abd5c62b3b8: new RaftServerImpl for group-35E207662880:[fb8d4651-2270-49b2-9fc8-a57ebf142e4e:172.19.0.2:9858, 8cb0a838-8025-498b-9588-d59856393fbf:172.19.0.3:9858, 2c7dab54-ce2f-4ee4-86ea-8abd5c62b3b8:172.19.0.5:9858] with ContainerStateMachine:uninitialized
scm_1       | 2019-11-06 03:56:43,005 INFO pipeline.PipelineStateManager: Created pipeline Pipeline[ Id: a82b4207-1ff2-48bb-a241-0b25286574a1, Nodes: 8cb0a838-8025-498b-9588-d59856393fbf{ip: 172.19.0.3, host: ozones3_datanode_1.ozones3_default, networkLocation: /default-rack, certSerialId: null}, Type:RATIS, Factor:ONE, State:OPEN]
datanode_1  | 2019-11-06 03:56:42,948 WARN impl.MetricRegistriesImpl: First MetricRegistry has been created without registering reporters. You may need to call MetricRegistries.global().addReportRegistration(...) before.
s3g_1       | 	at java.base/jdk.internal.reflect.DelegatingMethodAccessorImpl.invoke(DelegatingMethodAccessorImpl.java:43)
om_1        | 	at org.apache.hadoop.ozone.om.request.s3.multipart.S3MultipartUploadCompleteRequest.validateAndUpdateCache(S3MultipartUploadCompleteRequest.java:209)
datanode_2  | 2019-11-06 03:56:43,562 INFO server.RaftServerConfigKeys: raft.server.rpc.timeout.min = 5s (custom)
scm_1       | 2019-11-06 03:56:43,507 INFO pipeline.PipelineStateManager: Created pipeline Pipeline[ Id: be40ebad-5685-4d0a-8194-c9402ef4b584, Nodes: 2c7dab54-ce2f-4ee4-86ea-8abd5c62b3b8{ip: 172.19.0.5, host: ozones3_datanode_2.ozones3_default, networkLocation: /default-rack, certSerialId: null}, Type:RATIS, Factor:ONE, State:OPEN]
datanode_3  | 2019-11-06 03:56:43,544 INFO server.RaftServerConfigKeys: raft.server.rpc.timeout.max = 5200ms (custom)
datanode_1  | 2019-11-06 03:56:42,949 INFO impl.RaftServerImpl: 8cb0a838-8025-498b-9588-d59856393fbf@group-0B25286574A1: start as a follower, conf=-1: [8cb0a838-8025-498b-9588-d59856393fbf:172.19.0.3:9858], old=null
s3g_1       | 	at java.base/java.lang.reflect.Method.invoke(Method.java:566)
om_1        | 	at org.apache.hadoop.ozone.protocolPB.OzoneManagerProtocolServerSideTranslatorPB.submitRequestDirectlyToOM(OzoneManagerProtocolServerSideTranslatorPB.java:217)
datanode_2  | 2019-11-06 03:56:43,562 INFO server.RaftServerConfigKeys: raft.server.rpc.timeout.max = 5200ms (custom)
scm_1       | 2019-11-06 03:56:43,615 INFO pipeline.PipelineStateManager: Created pipeline Pipeline[ Id: 4796fd55-50a4-4bda-9c46-35e207662880, Nodes: 8cb0a838-8025-498b-9588-d59856393fbf{ip: 172.19.0.3, host: ozones3_datanode_1.ozones3_default, networkLocation: /default-rack, certSerialId: null}fb8d4651-2270-49b2-9fc8-a57ebf142e4e{ip: 172.19.0.2, host: ozones3_datanode_3.ozones3_default, networkLocation: /default-rack, certSerialId: null}2c7dab54-ce2f-4ee4-86ea-8abd5c62b3b8{ip: 172.19.0.5, host: ozones3_datanode_2.ozones3_default, networkLocation: /default-rack, certSerialId: null}, Type:RATIS, Factor:THREE, State:OPEN]
datanode_3  | 2019-11-06 03:56:43,544 INFO server.RaftServerConfigKeys: raft.server.rpcslowness.timeout = 120s (custom)
datanode_1  | 2019-11-06 03:56:42,950 INFO impl.RaftServerImpl: 8cb0a838-8025-498b-9588-d59856393fbf@group-0B25286574A1: changes role from      null to FOLLOWER at term 0 for startAsFollower
s3g_1       | 	at org.apache.hadoop.hdds.tracing.TraceAllMethod.invoke(TraceAllMethod.java:66)
om_1        | 	at org.apache.hadoop.ozone.protocolPB.OzoneManagerProtocolServerSideTranslatorPB.processRequest(OzoneManagerProtocolServerSideTranslatorPB.java:132)
datanode_2  | 2019-11-06 03:56:43,562 INFO server.RaftServerConfigKeys: raft.server.rpcslowness.timeout = 120s (custom)
scm_1       | 2019-11-06 03:58:43,635 INFO server.SCMBlockProtocolServer: SCM is informed by OM to delete 1 blocks
s3g_1       | 	at com.sun.proxy.$Proxy84.completeMultipartUpload(Unknown Source)
om_1        | 	at org.apache.hadoop.hdds.server.OzoneProtocolMessageDispatcher.processRequest(OzoneProtocolMessageDispatcher.java:72)
datanode_3  | 2019-11-06 03:56:43,545 INFO server.RaftServerConfigKeys: raft.server.sleep.deviation.threshold = 300 (default)
datanode_1  | 2019-11-06 03:56:42,952 INFO impl.RoleInfo: 8cb0a838-8025-498b-9588-d59856393fbf: start FollowerState
datanode_2  | 2019-11-06 03:56:43,562 INFO server.RaftServerConfigKeys: raft.server.sleep.deviation.threshold = 300 (default)
scm_1       | 2019-11-06 03:58:43,636 INFO block.BlockManagerImpl: Deleting blocks conID: 2 locID: 103088961587052671 bcsId: 0
s3g_1       | 	at org.apache.hadoop.ozone.client.rpc.RpcClient.completeMultipartUpload(RpcClient.java:902)
om_1        | 	at org.apache.hadoop.ozone.protocolPB.OzoneManagerProtocolServerSideTranslatorPB.submitRequest(OzoneManagerProtocolServerSideTranslatorPB.java:100)
datanode_1  | 2019-11-06 03:56:42,955 INFO util.JmxRegister: Successfully registered JMX Bean with object name Ratis:service=RaftServer,group=group-0B25286574A1,id=8cb0a838-8025-498b-9588-d59856393fbf
datanode_2  | 2019-11-06 03:56:43,562 INFO server.RaftServerConfigKeys: raft.server.log.appender.install.snapshot.enabled = false (custom)
scm_1       | 2019-11-06 03:59:43,687 INFO server.SCMBlockProtocolServer: SCM is informed by OM to delete 3 blocks
s3g_1       | 	at org.apache.hadoop.ozone.client.OzoneBucket.completeMultipartUpload(OzoneBucket.java:445)
om_1        | 	at org.apache.hadoop.ozone.protocol.proto.OzoneManagerProtocolProtos$OzoneManagerService$2.callBlockingMethod(OzoneManagerProtocolProtos.java)
scm_1       | 2019-11-06 03:59:43,688 INFO block.BlockManagerImpl: Deleting blocks conID: 2 locID: 103088964497113227 bcsId: 0,conID: 3 locID: 103088964492787849 bcsId: 0,conID: 1 locID: 103088964493574282 bcsId: 0
datanode_1  | 2019-11-06 03:56:42,957 WARN impl.MetricRegistriesImpl: First MetricRegistry has been created without registering reporters. You may need to call MetricRegistries.global().addReportRegistration(...) before.
datanode_2  | 2019-11-06 03:56:43,562 INFO impl.RaftServerImpl: 2c7dab54-ce2f-4ee4-86ea-8abd5c62b3b8@group-35E207662880: ConfigurationManager, init=-1: [fb8d4651-2270-49b2-9fc8-a57ebf142e4e:172.19.0.2:9858, 8cb0a838-8025-498b-9588-d59856393fbf:172.19.0.3:9858, 2c7dab54-ce2f-4ee4-86ea-8abd5c62b3b8:172.19.0.5:9858], old=null, confs=<EMPTY_MAP>
datanode_3  | 2019-11-06 03:56:43,545 INFO server.RaftServerConfigKeys: raft.server.log.appender.install.snapshot.enabled = false (custom)
s3g_1       | 	at org.apache.hadoop.ozone.s3.endpoint.ObjectEndpoint.completeMultipartUpload(ObjectEndpoint.java:498)
om_1        | 	at org.apache.hadoop.ipc.ProtobufRpcEngine$Server$ProtoBufRpcInvoker.call(ProtobufRpcEngine.java:524)
scm_1       | 2019-11-06 03:59:43,689 INFO block.BlockManagerImpl: Deleting blocks conID: 1 locID: 103088963996287111 bcsId: 0
datanode_1  | 2019-11-06 03:56:43,558 INFO impl.RaftServerProxy: 8cb0a838-8025-498b-9588-d59856393fbf: addNew group-35E207662880:[fb8d4651-2270-49b2-9fc8-a57ebf142e4e:172.19.0.2:9858, 8cb0a838-8025-498b-9588-d59856393fbf:172.19.0.3:9858, 2c7dab54-ce2f-4ee4-86ea-8abd5c62b3b8:172.19.0.5:9858] returns group-35E207662880:java.util.concurrent.CompletableFuture@11956de9[Not completed]
datanode_2  | 2019-11-06 03:56:43,563 INFO server.RaftServerConfigKeys: raft.server.storage.dir = [/data/metadata/ratis] (custom)
datanode_3  | 2019-11-06 03:56:43,545 INFO impl.RaftServerImpl: fb8d4651-2270-49b2-9fc8-a57ebf142e4e@group-35E207662880: ConfigurationManager, init=-1: [fb8d4651-2270-49b2-9fc8-a57ebf142e4e:172.19.0.2:9858, 8cb0a838-8025-498b-9588-d59856393fbf:172.19.0.3:9858, 2c7dab54-ce2f-4ee4-86ea-8abd5c62b3b8:172.19.0.5:9858], old=null, confs=<EMPTY_MAP>
s3g_1       | 	at java.base/jdk.internal.reflect.NativeMethodAccessorImpl.invoke0(Native Method)
om_1        | 	at org.apache.hadoop.ipc.RPC$Server.call(RPC.java:1025)
scm_1       | 2019-11-06 03:59:43,689 INFO block.BlockManagerImpl: Deleting blocks conID: 2 locID: 103088964065034376 bcsId: 0
datanode_1  | 2019-11-06 03:56:43,561 INFO impl.RaftServerImpl: 8cb0a838-8025-498b-9588-d59856393fbf: new RaftServerImpl for group-35E207662880:[fb8d4651-2270-49b2-9fc8-a57ebf142e4e:172.19.0.2:9858, 8cb0a838-8025-498b-9588-d59856393fbf:172.19.0.3:9858, 2c7dab54-ce2f-4ee4-86ea-8abd5c62b3b8:172.19.0.5:9858] with ContainerStateMachine:uninitialized
datanode_2  | 2019-11-06 03:56:43,565 INFO server.RaftServerConfigKeys: raft.server.log.corruption.policy = EXCEPTION (default)
datanode_3  | 2019-11-06 03:56:43,545 INFO server.RaftServerConfigKeys: raft.server.storage.dir = [/data/metadata/ratis] (custom)
s3g_1       | 	at java.base/jdk.internal.reflect.NativeMethodAccessorImpl.invoke(NativeMethodAccessorImpl.java:62)
om_1        | 	at org.apache.hadoop.ipc.Server$RpcCall.run(Server.java:876)
datanode_3  | 2019-11-06 03:56:43,545 INFO server.RaftServerConfigKeys: raft.server.log.corruption.policy = EXCEPTION (default)
datanode_1  | 2019-11-06 03:56:43,561 INFO server.RaftServerConfigKeys: raft.server.rpc.timeout.min = 5s (custom)
datanode_2  | 2019-11-06 03:56:43,565 INFO storage.RaftStorageDirectory: The storage directory /data/metadata/ratis/4796fd55-50a4-4bda-9c46-35e207662880 does not exist. Creating ...
s3g_1       | 	at java.base/jdk.internal.reflect.DelegatingMethodAccessorImpl.invoke(DelegatingMethodAccessorImpl.java:43)
scm_1       | 2019-11-06 04:00:43,707 INFO server.SCMBlockProtocolServer: SCM is informed by OM to delete 5 blocks
om_1        | 	at org.apache.hadoop.ipc.Server$RpcCall.run(Server.java:822)
datanode_3  | 2019-11-06 03:56:43,545 INFO storage.RaftStorageDirectory: The storage directory /data/metadata/ratis/4796fd55-50a4-4bda-9c46-35e207662880 does not exist. Creating ...
datanode_1  | 2019-11-06 03:56:43,561 INFO server.RaftServerConfigKeys: raft.server.rpc.timeout.max = 5200ms (custom)
datanode_2  | 2019-11-06 03:56:43,585 INFO storage.RaftStorageDirectory: Lock on /data/metadata/ratis/4796fd55-50a4-4bda-9c46-35e207662880/in_use.lock acquired by nodename 7@35f7af84a05d
s3g_1       | 	at java.base/java.lang.reflect.Method.invoke(Method.java:566)
scm_1       | 2019-11-06 04:00:43,707 INFO block.BlockManagerImpl: Deleting blocks conID: 2 locID: 103088969320431767 bcsId: 0
om_1        | 	at java.base/java.security.AccessController.doPrivileged(Native Method)
datanode_1  | 2019-11-06 03:56:43,561 INFO server.RaftServerConfigKeys: raft.server.rpcslowness.timeout = 120s (custom)
datanode_2  | 2019-11-06 03:56:43,600 INFO storage.RaftStorage: Storage directory /data/metadata/ratis/4796fd55-50a4-4bda-9c46-35e207662880 has been successfully formatted.
s3g_1       | 	at org.glassfish.jersey.server.model.internal.ResourceMethodInvocationHandlerFactory.lambda$static$0(ResourceMethodInvocationHandlerFactory.java:76)
scm_1       | 2019-11-06 04:00:43,708 INFO block.BlockManagerImpl: Deleting blocks conID: 3 locID: 103088969375940760 bcsId: 0
datanode_3  | 2019-11-06 03:56:43,566 INFO storage.RaftStorageDirectory: Lock on /data/metadata/ratis/4796fd55-50a4-4bda-9c46-35e207662880/in_use.lock acquired by nodename 7@80c8611a99b7
om_1        | 	at java.base/javax.security.auth.Subject.doAs(Subject.java:423)
datanode_1  | 2019-11-06 03:56:43,561 INFO server.RaftServerConfigKeys: raft.server.sleep.deviation.threshold = 300 (default)
datanode_2  | 2019-11-06 03:56:43,600 INFO ratis.ContainerStateMachine: group-35E207662880: The snapshot info is null. Setting the last applied indexto:(t:0, i:~)
s3g_1       | 	at org.glassfish.jersey.server.model.internal.AbstractJavaResourceMethodDispatcher$1.run(AbstractJavaResourceMethodDispatcher.java:148)
scm_1       | 2019-11-06 04:00:43,709 INFO block.BlockManagerImpl: Deleting blocks conID: 2 locID: 103088967570489492 bcsId: 0
datanode_3  | 2019-11-06 03:56:43,585 INFO storage.RaftStorage: Storage directory /data/metadata/ratis/4796fd55-50a4-4bda-9c46-35e207662880 has been successfully formatted.
om_1        | 	at org.apache.hadoop.security.UserGroupInformation.doAs(UserGroupInformation.java:1730)
datanode_1  | 2019-11-06 03:56:43,561 INFO server.RaftServerConfigKeys: raft.server.log.appender.install.snapshot.enabled = false (custom)
datanode_2  | 2019-11-06 03:56:43,601 INFO server.RaftServerConfigKeys: raft.server.notification.no-leader.timeout = 120s (custom)
s3g_1       | 	at org.glassfish.jersey.server.model.internal.AbstractJavaResourceMethodDispatcher.invoke(AbstractJavaResourceMethodDispatcher.java:191)
scm_1       | 2019-11-06 04:00:43,709 INFO block.BlockManagerImpl: Deleting blocks conID: 3 locID: 103088968258158741 bcsId: 0
datanode_3  | 2019-11-06 03:56:43,585 INFO ratis.ContainerStateMachine: group-35E207662880: The snapshot info is null. Setting the last applied indexto:(t:0, i:~)
om_1        | 	at org.apache.hadoop.ipc.Server$Handler.run(Server.java:2682)
datanode_2  | 2019-11-06 03:56:43,601 INFO server.RaftServerConfigKeys: raft.server.log.use.memory = false (default)
s3g_1       | 	at org.glassfish.jersey.server.model.internal.JavaResourceMethodDispatcherProvider$ResponseOutInvoker.doDispatch(JavaResourceMethodDispatcherProvider.java:200)
datanode_1  | 2019-11-06 03:56:43,561 INFO impl.RaftServerImpl: 8cb0a838-8025-498b-9588-d59856393fbf@group-35E207662880: ConfigurationManager, init=-1: [fb8d4651-2270-49b2-9fc8-a57ebf142e4e:172.19.0.2:9858, 8cb0a838-8025-498b-9588-d59856393fbf:172.19.0.3:9858, 2c7dab54-ce2f-4ee4-86ea-8abd5c62b3b8:172.19.0.5:9858], old=null, confs=<EMPTY_MAP>
scm_1       | 2019-11-06 04:00:43,709 INFO block.BlockManagerImpl: Deleting blocks conID: 1 locID: 103088968664350870 bcsId: 0
datanode_3  | 2019-11-06 03:56:43,586 INFO server.RaftServerConfigKeys: raft.server.notification.no-leader.timeout = 120s (custom)
om_1        | 2019-11-06 03:59:01,065 ERROR multipart.S3MultipartUploadCompleteRequest: MultipartUpload Complete request failed for Key: multipartKey3 in Volume/Bucket s37c35ba70126b04fca007e4dbfab9c47c/bucket-70437
datanode_2  | 2019-11-06 03:56:43,601 INFO server.RaftServerConfigKeys: raft.server.log.purge.gap = 1000000 (custom)
s3g_1       | 	at org.glassfish.jersey.server.model.internal.AbstractJavaResourceMethodDispatcher.dispatch(AbstractJavaResourceMethodDispatcher.java:103)
datanode_1  | 2019-11-06 03:56:43,562 INFO server.RaftServerConfigKeys: raft.server.storage.dir = [/data/metadata/ratis] (custom)
datanode_3  | 2019-11-06 03:56:43,586 INFO server.RaftServerConfigKeys: raft.server.log.use.memory = false (default)
om_1        | MISMATCH_MULTIPART_LIST org.apache.hadoop.ozone.om.exceptions.OMException: Complete Multipart Upload Failed: volume: s37c35ba70126b04fca007e4dbfab9c47cbucket: bucket-70437key: multipartKey3
datanode_2  | 2019-11-06 03:56:43,601 INFO server.RaftServerConfigKeys: raft.server.log.appender.buffer.byte-limit = 33554432 (custom)
s3g_1       | 	at org.glassfish.jersey.server.model.ResourceMethodInvoker.invoke(ResourceMethodInvoker.java:493)
datanode_1  | 2019-11-06 03:56:43,565 INFO server.RaftServerConfigKeys: raft.server.log.corruption.policy = EXCEPTION (default)
om_1        | 	at org.apache.hadoop.ozone.om.request.s3.multipart.S3MultipartUploadCompleteRequest.validateAndUpdateCache(S3MultipartUploadCompleteRequest.java:195)
datanode_2  | 2019-11-06 03:56:43,602 INFO server.RaftServerConfigKeys: raft.server.log.segment.size.max = 1048576 (custom)
s3g_1       | 	at org.glassfish.jersey.server.model.ResourceMethodInvoker.apply(ResourceMethodInvoker.java:415)
datanode_1  | 2019-11-06 03:56:43,565 INFO storage.RaftStorageDirectory: The storage directory /data/metadata/ratis/4796fd55-50a4-4bda-9c46-35e207662880 does not exist. Creating ...
datanode_3  | 2019-11-06 03:56:43,586 INFO server.RaftServerConfigKeys: raft.server.log.purge.gap = 1000000 (custom)
om_1        | 	at org.apache.hadoop.ozone.protocolPB.OzoneManagerProtocolServerSideTranslatorPB.submitRequestDirectlyToOM(OzoneManagerProtocolServerSideTranslatorPB.java:217)
datanode_2  | 2019-11-06 03:56:43,602 INFO server.RaftServerConfigKeys: raft.server.log.segment.cache.num.max = 2 (custom)
s3g_1       | 	at org.glassfish.jersey.server.model.ResourceMethodInvoker.apply(ResourceMethodInvoker.java:104)
datanode_1  | 2019-11-06 03:56:43,585 INFO storage.RaftStorageDirectory: Lock on /data/metadata/ratis/4796fd55-50a4-4bda-9c46-35e207662880/in_use.lock acquired by nodename 7@d0cf72eef1d7
datanode_3  | 2019-11-06 03:56:43,587 INFO server.RaftServerConfigKeys: raft.server.log.appender.buffer.byte-limit = 33554432 (custom)
om_1        | 	at org.apache.hadoop.ozone.protocolPB.OzoneManagerProtocolServerSideTranslatorPB.processRequest(OzoneManagerProtocolServerSideTranslatorPB.java:132)
datanode_2  | 2019-11-06 03:56:43,602 INFO segmented.SegmentedRaftLogWorker: new 2c7dab54-ce2f-4ee4-86ea-8abd5c62b3b8@group-35E207662880-SegmentedRaftLogWorker for RaftStorage:Storage Directory /data/metadata/ratis/4796fd55-50a4-4bda-9c46-35e207662880
datanode_1  | 2019-11-06 03:56:43,600 INFO storage.RaftStorage: Storage directory /data/metadata/ratis/4796fd55-50a4-4bda-9c46-35e207662880 has been successfully formatted.
s3g_1       | 	at org.glassfish.jersey.server.ServerRuntime$1.run(ServerRuntime.java:277)
datanode_3  | 2019-11-06 03:56:43,587 INFO server.RaftServerConfigKeys: raft.server.log.segment.size.max = 1048576 (custom)
om_1        | 	at org.apache.hadoop.hdds.server.OzoneProtocolMessageDispatcher.processRequest(OzoneProtocolMessageDispatcher.java:72)
datanode_2  | 2019-11-06 03:56:43,602 INFO server.RaftServerConfigKeys: raft.server.log.queue.byte-limit = 2147483647 (custom)
datanode_1  | 2019-11-06 03:56:43,600 INFO ratis.ContainerStateMachine: group-35E207662880: The snapshot info is null. Setting the last applied indexto:(t:0, i:~)
s3g_1       | 	at org.glassfish.jersey.internal.Errors$1.call(Errors.java:272)
datanode_3  | 2019-11-06 03:56:43,587 INFO server.RaftServerConfigKeys: raft.server.log.segment.cache.num.max = 2 (custom)
datanode_2  | 2019-11-06 03:56:43,602 INFO server.RaftServerConfigKeys: raft.server.log.queue.element-limit = 1024 (custom)
om_1        | 	at org.apache.hadoop.ozone.protocolPB.OzoneManagerProtocolServerSideTranslatorPB.submitRequest(OzoneManagerProtocolServerSideTranslatorPB.java:100)
datanode_1  | 2019-11-06 03:56:43,600 INFO server.RaftServerConfigKeys: raft.server.notification.no-leader.timeout = 120s (custom)
s3g_1       | 	at org.glassfish.jersey.internal.Errors$1.call(Errors.java:268)
datanode_3  | 2019-11-06 03:56:43,587 INFO segmented.SegmentedRaftLogWorker: new fb8d4651-2270-49b2-9fc8-a57ebf142e4e@group-35E207662880-SegmentedRaftLogWorker for RaftStorage:Storage Directory /data/metadata/ratis/4796fd55-50a4-4bda-9c46-35e207662880
datanode_2  | 2019-11-06 03:56:43,603 INFO server.RaftServerConfigKeys: raft.server.log.segment.size.max = 1048576 (custom)
om_1        | 	at org.apache.hadoop.ozone.protocol.proto.OzoneManagerProtocolProtos$OzoneManagerService$2.callBlockingMethod(OzoneManagerProtocolProtos.java)
s3g_1       | 	at org.glassfish.jersey.internal.Errors.process(Errors.java:316)
datanode_1  | 2019-11-06 03:56:43,601 INFO server.RaftServerConfigKeys: raft.server.log.use.memory = false (default)
om_1        | 	at org.apache.hadoop.ipc.ProtobufRpcEngine$Server$ProtoBufRpcInvoker.call(ProtobufRpcEngine.java:524)
datanode_2  | 2019-11-06 03:56:43,603 INFO server.RaftServerConfigKeys: raft.server.log.preallocated.size = 16384 (custom)
s3g_1       | 	at org.glassfish.jersey.internal.Errors.process(Errors.java:298)
datanode_3  | 2019-11-06 03:56:43,588 INFO server.RaftServerConfigKeys: raft.server.log.queue.byte-limit = 2147483647 (custom)
datanode_1  | 2019-11-06 03:56:43,601 INFO server.RaftServerConfigKeys: raft.server.log.purge.gap = 1000000 (custom)
om_1        | 	at org.apache.hadoop.ipc.RPC$Server.call(RPC.java:1025)
datanode_2  | 2019-11-06 03:56:43,603 INFO server.RaftServerConfigKeys: raft.server.log.write.buffer.size = 33554432 (custom)
s3g_1       | 	at org.glassfish.jersey.internal.Errors.process(Errors.java:268)
datanode_1  | 2019-11-06 03:56:43,601 INFO server.RaftServerConfigKeys: raft.server.log.appender.buffer.byte-limit = 33554432 (custom)
om_1        | 	at org.apache.hadoop.ipc.Server$RpcCall.run(Server.java:876)
