datanode_2    | 2019-11-08 03:48:35,555 INFO server.RaftServerConfigKeys: raft.server.rpc.timeout.min = 5s (custom)
datanode_1    | 2019-11-08 03:48:35,614 INFO server.RaftServerConfigKeys: raft.server.log.segment.size.max = 1048576 (custom)
grafana_1     | t=2019-11-08T03:48:37+0000 lvl=info msg="Executing migration" logger=migrator id="Rename table login_attempt to login_attempt_tmp_qwerty - v1"
scm_1         | 	... 16 more
datanode_3    | 2019-11-08 03:48:35,619 INFO impl.RaftServerImpl: 5722a429-719d-4dcb-a6ea-65035429ff91@group-6350B7CBB587: changes role from      null to FOLLOWER at term 0 for startAsFollower
datanode_2    | 2019-11-08 03:48:35,555 INFO server.RaftServerConfigKeys: raft.server.rpc.timeout.max = 5200ms (custom)
datanode_1    | 2019-11-08 03:48:35,614 INFO server.RaftServerConfigKeys: raft.server.log.segment.cache.num.max = 2 (custom)
grafana_1     | t=2019-11-08T03:48:37+0000 lvl=info msg="Executing migration" logger=migrator id="create login_attempt v2"
scm_1         | 2019-11-08 03:48:11,251 ERROR pipeline.RatisPipelineProvider: Failed invoke Ratis rpc org.apache.hadoop.hdds.scm.pipeline.RatisPipelineProvider$$Lambda$171/0x00000008403b9c40@acad2b6 for 9e42a1f8-be37-4840-a76c-3a699e21c75c
datanode_3    | 2019-11-08 03:48:35,619 INFO impl.RoleInfo: 5722a429-719d-4dcb-a6ea-65035429ff91: start FollowerState
datanode_2    | 2019-11-08 03:48:35,555 INFO server.RaftServerConfigKeys: raft.server.rpcslowness.timeout = 120s (custom)
datanode_1    | 2019-11-08 03:48:35,614 INFO segmented.SegmentedRaftLogWorker: new 9e42a1f8-be37-4840-a76c-3a699e21c75c@group-6350B7CBB587-SegmentedRaftLogWorker for RaftStorage:Storage Directory /data/metadata/ratis/418a82ff-bb17-4004-b45b-6350b7cbb587
grafana_1     | t=2019-11-08T03:48:37+0000 lvl=info msg="Executing migration" logger=migrator id="create index IDX_login_attempt_username - v2"
scm_1         | org.apache.ratis.protocol.TimeoutIOException: deadline exceeded after 2999222982ns
datanode_3    | 2019-11-08 03:48:35,620 INFO util.JmxRegister: Successfully registered JMX Bean with object name Ratis:service=RaftServer,group=group-6350B7CBB587,id=5722a429-719d-4dcb-a6ea-65035429ff91
datanode_2    | 2019-11-08 03:48:35,555 INFO server.RaftServerConfigKeys: raft.server.sleep.deviation.threshold = 300 (default)
datanode_1    | 2019-11-08 03:48:35,614 INFO server.RaftServerConfigKeys: raft.server.log.queue.byte-limit = 2147483647 (custom)
grafana_1     | t=2019-11-08T03:48:37+0000 lvl=info msg="Executing migration" logger=migrator id="copy login_attempt v1 to v2"
scm_1         | 	at org.apache.ratis.grpc.GrpcUtil.tryUnwrapException(GrpcUtil.java:82)
datanode_3    | 2019-11-08 03:48:35,620 WARN impl.MetricRegistriesImpl: First MetricRegistry has been created without registering reporters. You may need to call MetricRegistries.global().addReportRegistration(...) before.
datanode_2    | 2019-11-08 03:48:35,555 INFO server.RaftServerConfigKeys: raft.server.log.appender.install.snapshot.enabled = false (custom)
grafana_1     | t=2019-11-08T03:48:37+0000 lvl=info msg="Executing migration" logger=migrator id="drop login_attempt_tmp_qwerty"
datanode_1    | 2019-11-08 03:48:35,614 INFO server.RaftServerConfigKeys: raft.server.log.queue.element-limit = 1024 (custom)
scm_1         | 	at org.apache.ratis.grpc.GrpcUtil.unwrapException(GrpcUtil.java:75)
datanode_3    | 2019-11-08 03:48:40,781 INFO impl.RaftServerImpl: 5722a429-719d-4dcb-a6ea-65035429ff91@group-6350B7CBB587: changes role from  FOLLOWER to FOLLOWER at term 1 for recognizeCandidate:1c1f0855-59a6-4f96-9559-aeb99dae88b2
datanode_2    | 2019-11-08 03:48:35,555 INFO impl.RaftServerImpl: 1c1f0855-59a6-4f96-9559-aeb99dae88b2@group-6350B7CBB587: ConfigurationManager, init=-1: [5722a429-719d-4dcb-a6ea-65035429ff91:172.18.0.10:9858, 1c1f0855-59a6-4f96-9559-aeb99dae88b2:172.18.0.9:9858, 9e42a1f8-be37-4840-a76c-3a699e21c75c:172.18.0.8:9858], old=null, confs=<EMPTY_MAP>
grafana_1     | t=2019-11-08T03:48:37+0000 lvl=info msg="Executing migration" logger=migrator id="create user auth table"
datanode_1    | 2019-11-08 03:48:35,614 INFO server.RaftServerConfigKeys: raft.server.log.segment.size.max = 1048576 (custom)
scm_1         | 	at org.apache.ratis.grpc.client.GrpcClientProtocolClient.blockingCall(GrpcClientProtocolClient.java:184)
datanode_3    | 2019-11-08 03:48:40,781 INFO impl.RoleInfo: 5722a429-719d-4dcb-a6ea-65035429ff91: shutdown FollowerState
datanode_2    | 2019-11-08 03:48:35,556 INFO server.RaftServerConfigKeys: raft.server.storage.dir = [/data/metadata/ratis] (custom)
grafana_1     | t=2019-11-08T03:48:37+0000 lvl=info msg="Executing migration" logger=migrator id="create index IDX_user_auth_auth_module_auth_id - v1"
datanode_1    | 2019-11-08 03:48:35,614 INFO server.RaftServerConfigKeys: raft.server.log.preallocated.size = 16384 (custom)
scm_1         | 	at org.apache.ratis.grpc.client.GrpcClientProtocolClient.groupAdd(GrpcClientProtocolClient.java:153)
datanode_3    | 2019-11-08 03:48:40,781 INFO impl.FollowerState: 5722a429-719d-4dcb-a6ea-65035429ff91@group-6350B7CBB587-FollowerState was interrupted: java.lang.InterruptedException: sleep interrupted
datanode_2    | 2019-11-08 03:48:35,556 INFO server.RaftServerConfigKeys: raft.server.log.corruption.policy = EXCEPTION (default)
grafana_1     | t=2019-11-08T03:48:37+0000 lvl=info msg="Executing migration" logger=migrator id="alter user_auth.auth_id to length 190"
datanode_1    | 2019-11-08 03:48:35,614 INFO server.RaftServerConfigKeys: raft.server.log.write.buffer.size = 33554432 (custom)
scm_1         | 	at org.apache.ratis.grpc.client.GrpcClientRpc.sendRequest(GrpcClientRpc.java:94)
datanode_3    | 2019-11-08 03:48:40,781 INFO impl.RoleInfo: 5722a429-719d-4dcb-a6ea-65035429ff91: start FollowerState
datanode_2    | 2019-11-08 03:48:35,556 INFO storage.RaftStorageDirectory: The storage directory /data/metadata/ratis/418a82ff-bb17-4004-b45b-6350b7cbb587 does not exist. Creating ...
grafana_1     | t=2019-11-08T03:48:37+0000 lvl=info msg="Executing migration" logger=migrator id="Add OAuth access token to user_auth"
datanode_1    | 2019-11-08 03:48:35,615 INFO server.RaftServerConfigKeys: raft.server.log.force.sync.num = 128 (default)
scm_1         | 	at org.apache.ratis.client.impl.RaftClientImpl.sendRequest(RaftClientImpl.java:278)
datanode_3    | 2019-11-08 03:48:40,891 INFO impl.RaftServerImpl: 5722a429-719d-4dcb-a6ea-65035429ff91@group-6350B7CBB587: change Leader from null to 1c1f0855-59a6-4f96-9559-aeb99dae88b2 at term 1 for appendEntries, leader elected after 5275ms
datanode_2    | 2019-11-08 03:48:35,560 INFO storage.RaftStorageDirectory: Lock on /data/metadata/ratis/418a82ff-bb17-4004-b45b-6350b7cbb587/in_use.lock acquired by nodename 7@93ff89ffa77d
grafana_1     | t=2019-11-08T03:48:37+0000 lvl=info msg="Executing migration" logger=migrator id="Add OAuth refresh token to user_auth"
datanode_1    | 2019-11-08 03:48:35,615 INFO server.RaftServerConfigKeys: raft.server.log.statemachine.data.sync = true (default)
scm_1         | 	at org.apache.ratis.client.impl.RaftClientImpl.groupAdd(RaftClientImpl.java:205)
datanode_3    | 2019-11-08 03:48:40,903 INFO impl.RaftServerImpl: 5722a429-719d-4dcb-a6ea-65035429ff91@group-6350B7CBB587: set configuration 0: [5722a429-719d-4dcb-a6ea-65035429ff91:172.18.0.10:9858, 1c1f0855-59a6-4f96-9559-aeb99dae88b2:172.18.0.9:9858, 9e42a1f8-be37-4840-a76c-3a699e21c75c:172.18.0.8:9858], old=null at 0
datanode_2    | 2019-11-08 03:48:35,587 INFO storage.RaftStorage: Storage directory /data/metadata/ratis/418a82ff-bb17-4004-b45b-6350b7cbb587 has been successfully formatted.
grafana_1     | t=2019-11-08T03:48:37+0000 lvl=info msg="Executing migration" logger=migrator id="Add OAuth token type to user_auth"
datanode_1    | 2019-11-08 03:48:35,615 INFO server.RaftServerConfigKeys: raft.server.log.statemachine.data.sync.timeout = 10s (default)
scm_1         | 	at org.apache.hadoop.hdds.scm.pipeline.RatisPipelineProvider.lambda$initializePipeline$4(RatisPipelineProvider.java:198)
datanode_3    | 2019-11-08 03:48:40,903 INFO segmented.SegmentedRaftLogWorker: 5722a429-719d-4dcb-a6ea-65035429ff91@group-6350B7CBB587-SegmentedRaftLogWorker: Starting segment from index:0
grafana_1     | t=2019-11-08T03:48:37+0000 lvl=info msg="Executing migration" logger=migrator id="Add OAuth expiry to user_auth"
datanode_2    | 2019-11-08 03:48:35,587 INFO ratis.ContainerStateMachine: group-6350B7CBB587: The snapshot info is null. Setting the last applied indexto:(t:0, i:~)
datanode_1    | 2019-11-08 03:48:35,615 INFO server.RaftServerConfigKeys: raft.server.log.statemachine.data.sync.timeout.retry = -1 (default)
scm_1         | 	at org.apache.hadoop.hdds.scm.pipeline.RatisPipelineProvider.lambda$null$5(RatisPipelineProvider.java:233)
grafana_1     | t=2019-11-08T03:48:37+0000 lvl=info msg="Executing migration" logger=migrator id="Add index to user_id column in user_auth"
datanode_2    | 2019-11-08 03:48:35,588 INFO server.RaftServerConfigKeys: raft.server.notification.no-leader.timeout = 120s (custom)
datanode_1    | 2019-11-08 03:48:35,615 INFO server.RaftServerConfigKeys: raft.server.log.statemachine.data.caching.enabled = true (custom)
datanode_3    | 2019-11-08 03:48:40,950 INFO segmented.SegmentedRaftLogWorker: 5722a429-719d-4dcb-a6ea-65035429ff91@group-6350B7CBB587-SegmentedRaftLogWorker: created new log segment /data/metadata/ratis/418a82ff-bb17-4004-b45b-6350b7cbb587/current/log_inprogress_0
scm_1         | 	at java.base/java.util.stream.ForEachOps$ForEachOp$OfRef.accept(ForEachOps.java:183)
grafana_1     | t=2019-11-08T03:48:37+0000 lvl=info msg="Executing migration" logger=migrator id="create server_lock table"
datanode_2    | 2019-11-08 03:48:35,588 INFO server.RaftServerConfigKeys: raft.server.log.use.memory = false (default)
datanode_1    | 2019-11-08 03:48:35,616 INFO segmented.SegmentedRaftLogWorker: 9e42a1f8-be37-4840-a76c-3a699e21c75c@group-6350B7CBB587-SegmentedRaftLogWorker: flushIndex: setUnconditionally 0 -> -1
datanode_3    | 2019-11-08 03:49:12,539 INFO impl.RaftServerProxy: 5722a429-719d-4dcb-a6ea-65035429ff91: remove    LEADER 5722a429-719d-4dcb-a6ea-65035429ff91@group-F80EF3626CF3:t1, leader=5722a429-719d-4dcb-a6ea-65035429ff91, voted=5722a429-719d-4dcb-a6ea-65035429ff91, raftlog=5722a429-719d-4dcb-a6ea-65035429ff91@group-F80EF3626CF3-SegmentedRaftLog:OPENED:c0,f0,i0, conf=0: [5722a429-719d-4dcb-a6ea-65035429ff91:172.18.0.10:9858, 1c1f0855-59a6-4f96-9559-aeb99dae88b2:172.18.0.9:9858, 9e42a1f8-be37-4840-a76c-3a699e21c75c:172.18.0.8:9858], old=null RUNNING
scm_1         | 	at java.base/java.util.ArrayList$ArrayListSpliterator.forEachRemaining(ArrayList.java:1654)
grafana_1     | t=2019-11-08T03:48:37+0000 lvl=info msg="Executing migration" logger=migrator id="add index server_lock.operation_uid"
datanode_2    | 2019-11-08 03:48:35,588 INFO server.RaftServerConfigKeys: raft.server.log.purge.gap = 1000000 (custom)
datanode_1    | 2019-11-08 03:48:35,616 INFO server.RaftServerConfigKeys: raft.server.snapshot.auto.trigger.enabled = true (custom)
scm_1         | 	at java.base/java.util.stream.AbstractPipeline.copyInto(AbstractPipeline.java:484)
grafana_1     | t=2019-11-08T03:48:37+0000 lvl=info msg="Executing migration" logger=migrator id="create user auth token table"
datanode_3    | 2019-11-08 03:49:12,541 INFO impl.RaftServerImpl: 5722a429-719d-4dcb-a6ea-65035429ff91@group-F80EF3626CF3: shutdown
datanode_2    | 2019-11-08 03:48:35,588 INFO server.RaftServerConfigKeys: raft.server.log.appender.buffer.byte-limit = 33554432 (custom)
datanode_1    | 2019-11-08 03:48:35,617 INFO server.RaftServerConfigKeys: raft.server.snapshot.auto.trigger.threshold = 10000 (custom)
grafana_1     | t=2019-11-08T03:48:37+0000 lvl=info msg="Executing migration" logger=migrator id="add unique index user_auth_token.auth_token"
scm_1         | 	at java.base/java.util.stream.ForEachOps$ForEachTask.compute(ForEachOps.java:290)
datanode_3    | 2019-11-08 03:49:12,542 INFO util.JmxRegister: Successfully un-registered JMX Bean with object name Ratis:service=RaftServer,group=group-F80EF3626CF3,id=5722a429-719d-4dcb-a6ea-65035429ff91
datanode_1    | 2019-11-08 03:48:35,617 INFO server.RaftServerConfigKeys: raft.server.snapshot.retention.file.num = 5 (custom)
datanode_2    | 2019-11-08 03:48:35,588 INFO server.RaftServerConfigKeys: raft.server.log.segment.size.max = 1048576 (custom)
grafana_1     | t=2019-11-08T03:48:37+0000 lvl=info msg="Executing migration" logger=migrator id="add unique index user_auth_token.prev_auth_token"
scm_1         | 	at java.base/java.util.concurrent.CountedCompleter.exec(CountedCompleter.java:746)
datanode_3    | 2019-11-08 03:49:12,542 INFO impl.RoleInfo: 5722a429-719d-4dcb-a6ea-65035429ff91: shutdown LeaderState
datanode_1    | 2019-11-08 03:48:35,617 INFO server.RaftServerConfigKeys: raft.server.retrycache.expirytime = 600000ms (custom)
datanode_2    | 2019-11-08 03:48:35,588 INFO server.RaftServerConfigKeys: raft.server.log.segment.cache.num.max = 2 (custom)
grafana_1     | t=2019-11-08T03:48:37+0000 lvl=info msg="Executing migration" logger=migrator id="create cache_data table"
scm_1         | 	at java.base/java.util.concurrent.ForkJoinTask.doExec(ForkJoinTask.java:290)
datanode_3    | 2019-11-08 03:49:12,544 WARN server.GrpcLogAppender: 5722a429-719d-4dcb-a6ea-65035429ff91@group-F80EF3626CF3->1c1f0855-59a6-4f96-9559-aeb99dae88b2-GrpcLogAppender: Wait interrupted by java.lang.InterruptedException
datanode_2    | 2019-11-08 03:48:35,588 INFO segmented.SegmentedRaftLogWorker: new 1c1f0855-59a6-4f96-9559-aeb99dae88b2@group-6350B7CBB587-SegmentedRaftLogWorker for RaftStorage:Storage Directory /data/metadata/ratis/418a82ff-bb17-4004-b45b-6350b7cbb587
datanode_1    | 2019-11-08 03:48:35,617 WARN impl.MetricRegistriesImpl: First MetricRegistry has been created without registering reporters. You may need to call MetricRegistries.global().addReportRegistration(...) before.
grafana_1     | t=2019-11-08T03:48:37+0000 lvl=info msg="Executing migration" logger=migrator id="add unique index cache_data.cache_key"
scm_1         | 	at java.base/java.util.concurrent.ForkJoinTask.doInvoke(ForkJoinTask.java:408)
datanode_3    | 2019-11-08 03:49:12,545 WARN server.GrpcLogAppender: 5722a429-719d-4dcb-a6ea-65035429ff91@group-F80EF3626CF3->9e42a1f8-be37-4840-a76c-3a699e21c75c-GrpcLogAppender: Wait interrupted by java.lang.InterruptedException
datanode_2    | 2019-11-08 03:48:35,588 INFO server.RaftServerConfigKeys: raft.server.log.queue.byte-limit = 2147483647 (custom)
datanode_1    | 2019-11-08 03:48:35,617 WARN impl.MetricRegistriesImpl: First MetricRegistry has been created without registering reporters. You may need to call MetricRegistries.global().addReportRegistration(...) before.
scm_1         | 	at java.base/java.util.concurrent.ForkJoinTask.invoke(ForkJoinTask.java:736)
grafana_1     | t=2019-11-08T03:48:38+0000 lvl=info msg="Created default admin" logger=sqlstore user=admin
datanode_3    | 2019-11-08 03:49:12,546 INFO impl.PendingRequests: 5722a429-719d-4dcb-a6ea-65035429ff91@group-F80EF3626CF3-PendingRequests: sendNotLeaderResponses
datanode_2    | 2019-11-08 03:48:35,588 INFO server.RaftServerConfigKeys: raft.server.log.queue.element-limit = 1024 (custom)
scm_1         | 	at java.base/java.util.stream.ForEachOps$ForEachOp.evaluateParallel(ForEachOps.java:159)
datanode_1    | 2019-11-08 03:48:35,617 INFO impl.RaftServerImpl: 9e42a1f8-be37-4840-a76c-3a699e21c75c@group-6350B7CBB587: start as a follower, conf=-1: [5722a429-719d-4dcb-a6ea-65035429ff91:172.18.0.10:9858, 1c1f0855-59a6-4f96-9559-aeb99dae88b2:172.18.0.9:9858, 9e42a1f8-be37-4840-a76c-3a699e21c75c:172.18.0.8:9858], old=null
grafana_1     | t=2019-11-08T03:48:38+0000 lvl=info msg="Initializing HTTPServer" logger=server
datanode_3    | 2019-11-08 03:49:12,550 INFO server.GrpcLogAppender: 5722a429-719d-4dcb-a6ea-65035429ff91@group-F80EF3626CF3->9e42a1f8-be37-4840-a76c-3a699e21c75c-AppendLogResponseHandler: follower responses appendEntries COMPLETED
datanode_2    | 2019-11-08 03:48:35,589 INFO server.RaftServerConfigKeys: raft.server.log.segment.size.max = 1048576 (custom)
scm_1         | 	at java.base/java.util.stream.ForEachOps$ForEachOp$OfRef.evaluateParallel(ForEachOps.java:173)
datanode_1    | 2019-11-08 03:48:35,617 INFO impl.RaftServerImpl: 9e42a1f8-be37-4840-a76c-3a699e21c75c@group-6350B7CBB587: changes role from      null to FOLLOWER at term 0 for startAsFollower
grafana_1     | t=2019-11-08T03:48:38+0000 lvl=info msg="Initializing InternalMetricsService" logger=server
datanode_3    | 2019-11-08 03:49:12,550 INFO server.GrpcLogAppender: 5722a429-719d-4dcb-a6ea-65035429ff91@group-F80EF3626CF3->1c1f0855-59a6-4f96-9559-aeb99dae88b2-AppendLogResponseHandler: follower responses appendEntries COMPLETED
datanode_2    | 2019-11-08 03:48:35,589 INFO server.RaftServerConfigKeys: raft.server.log.preallocated.size = 16384 (custom)
scm_1         | 	at java.base/java.util.stream.AbstractPipeline.evaluate(AbstractPipeline.java:233)
datanode_1    | 2019-11-08 03:48:35,617 INFO impl.RoleInfo: 9e42a1f8-be37-4840-a76c-3a699e21c75c: start FollowerState
grafana_1     | t=2019-11-08T03:48:38+0000 lvl=info msg="Initializing RemoteCache" logger=server
datanode_3    | 2019-11-08 03:49:12,562 INFO impl.StateMachineUpdater: 5722a429-719d-4dcb-a6ea-65035429ff91@group-F80EF3626CF3-StateMachineUpdater: set stopIndex = 0
datanode_2    | 2019-11-08 03:48:35,589 INFO server.RaftServerConfigKeys: raft.server.log.write.buffer.size = 33554432 (custom)
scm_1         | 	at java.base/java.util.stream.ReferencePipeline.forEach(ReferencePipeline.java:497)
datanode_1    | 2019-11-08 03:48:35,618 INFO util.JmxRegister: Successfully registered JMX Bean with object name Ratis:service=RaftServer,group=group-6350B7CBB587,id=9e42a1f8-be37-4840-a76c-3a699e21c75c
datanode_3    | 2019-11-08 03:49:12,563 INFO impl.RaftServerImpl: 5722a429-719d-4dcb-a6ea-65035429ff91@group-F80EF3626CF3: closes. applyIndex: 0
datanode_2    | 2019-11-08 03:48:35,589 INFO server.RaftServerConfigKeys: raft.server.log.force.sync.num = 128 (default)
scm_1         | 	at java.base/java.util.stream.ReferencePipeline$Head.forEach(ReferencePipeline.java:661)
datanode_1    | 2019-11-08 03:48:35,618 WARN impl.MetricRegistriesImpl: First MetricRegistry has been created without registering reporters. You may need to call MetricRegistries.global().addReportRegistration(...) before.
grafana_1     | t=2019-11-08T03:48:38+0000 lvl=info msg="Initializing QuotaService" logger=server
datanode_3    | 2019-11-08 03:49:12,565 INFO segmented.SegmentedRaftLogWorker: 5722a429-719d-4dcb-a6ea-65035429ff91@group-F80EF3626CF3-SegmentedRaftLogWorker was interrupted, exiting. There are 0 tasks remaining in the queue.
datanode_2    | 2019-11-08 03:48:35,589 INFO server.RaftServerConfigKeys: raft.server.log.statemachine.data.sync = true (default)
scm_1         | 	at org.apache.hadoop.hdds.scm.pipeline.RatisPipelineProvider.lambda$callRatisRpc$6(RatisPipelineProvider.java:227)
datanode_1    | 2019-11-08 03:48:40,628 INFO impl.FollowerState: 9e42a1f8-be37-4840-a76c-3a699e21c75c@group-6350B7CBB587-FollowerState: change to CANDIDATE, lastRpcTime:5010ms, electionTimeout:5010ms
grafana_1     | t=2019-11-08T03:48:38+0000 lvl=info msg="Initializing ServerLockService" logger=server
datanode_3    | 2019-11-08 03:49:12,566 INFO segmented.SegmentedRaftLogWorker: 5722a429-719d-4dcb-a6ea-65035429ff91@group-F80EF3626CF3-SegmentedRaftLogWorker close()
datanode_2    | 2019-11-08 03:48:35,589 INFO server.RaftServerConfigKeys: raft.server.log.statemachine.data.sync.timeout = 10s (default)
scm_1         | 	at java.base/java.util.concurrent.ForkJoinTask$AdaptedRunnableAction.exec(ForkJoinTask.java:1407)
datanode_1    | 2019-11-08 03:48:40,629 INFO impl.RoleInfo: 9e42a1f8-be37-4840-a76c-3a699e21c75c: shutdown FollowerState
datanode_3    | 2019-11-08 03:49:12,678 INFO impl.RaftServerProxy: 5722a429-719d-4dcb-a6ea-65035429ff91: remove    LEADER 5722a429-719d-4dcb-a6ea-65035429ff91@group-92CCBF1E87F3:t1, leader=5722a429-719d-4dcb-a6ea-65035429ff91, voted=5722a429-719d-4dcb-a6ea-65035429ff91, raftlog=5722a429-719d-4dcb-a6ea-65035429ff91@group-92CCBF1E87F3-SegmentedRaftLog:OPENED:c0,f0,i0, conf=0: [5722a429-719d-4dcb-a6ea-65035429ff91:172.18.0.10:9858, 1c1f0855-59a6-4f96-9559-aeb99dae88b2:172.18.0.9:9858, 9e42a1f8-be37-4840-a76c-3a699e21c75c:172.18.0.8:9858], old=null RUNNING
datanode_2    | 2019-11-08 03:48:35,589 INFO server.RaftServerConfigKeys: raft.server.log.statemachine.data.sync.timeout.retry = -1 (default)
scm_1         | 	at java.base/java.util.concurrent.ForkJoinTask.doExec(ForkJoinTask.java:290)
grafana_1     | t=2019-11-08T03:48:38+0000 lvl=info msg="Initializing UserAuthTokenService" logger=server
datanode_1    | 2019-11-08 03:48:40,629 INFO impl.RaftServerImpl: 9e42a1f8-be37-4840-a76c-3a699e21c75c@group-6350B7CBB587: changes role from  FOLLOWER to CANDIDATE at term 0 for changeToCandidate
datanode_3    | 2019-11-08 03:49:12,678 INFO impl.RaftServerImpl: 5722a429-719d-4dcb-a6ea-65035429ff91@group-92CCBF1E87F3: shutdown
datanode_2    | 2019-11-08 03:48:35,589 INFO server.RaftServerConfigKeys: raft.server.log.statemachine.data.caching.enabled = true (custom)
scm_1         | 	at java.base/java.util.concurrent.ForkJoinPool$WorkQueue.topLevelExec(ForkJoinPool.java:1020)
grafana_1     | t=2019-11-08T03:48:38+0000 lvl=info msg="Initializing PluginManager" logger=server
datanode_3    | 2019-11-08 03:49:12,678 INFO util.JmxRegister: Successfully un-registered JMX Bean with object name Ratis:service=RaftServer,group=group-92CCBF1E87F3,id=5722a429-719d-4dcb-a6ea-65035429ff91
datanode_1    | 2019-11-08 03:48:40,629 INFO impl.RoleInfo: 9e42a1f8-be37-4840-a76c-3a699e21c75c: start LeaderElection
datanode_2    | 2019-11-08 03:48:35,590 INFO segmented.SegmentedRaftLogWorker: 1c1f0855-59a6-4f96-9559-aeb99dae88b2@group-6350B7CBB587-SegmentedRaftLogWorker: flushIndex: setUnconditionally 0 -> -1
scm_1         | 	at java.base/java.util.concurrent.ForkJoinPool.scan(ForkJoinPool.java:1656)
grafana_1     | t=2019-11-08T03:48:38+0000 lvl=info msg="Starting plugin search" logger=plugins
datanode_3    | 2019-11-08 03:49:12,678 INFO impl.RoleInfo: 5722a429-719d-4dcb-a6ea-65035429ff91: shutdown LeaderState
datanode_1    | 2019-11-08 03:48:40,674 INFO impl.LeaderElection: 9e42a1f8-be37-4840-a76c-3a699e21c75c@group-6350B7CBB587-LeaderElection2: begin an election at term 1 for -1: [5722a429-719d-4dcb-a6ea-65035429ff91:172.18.0.10:9858, 1c1f0855-59a6-4f96-9559-aeb99dae88b2:172.18.0.9:9858, 9e42a1f8-be37-4840-a76c-3a699e21c75c:172.18.0.8:9858], old=null
scm_1         | 	at java.base/java.util.concurrent.ForkJoinPool.runWorker(ForkJoinPool.java:1594)
datanode_2    | 2019-11-08 03:48:35,590 INFO server.RaftServerConfigKeys: raft.server.snapshot.auto.trigger.enabled = true (custom)
grafana_1     | t=2019-11-08T03:48:38+0000 lvl=info msg="Initializing RenderingService" logger=server
datanode_1    | 2019-11-08 03:48:40,875 INFO impl.LeaderElection: 9e42a1f8-be37-4840-a76c-3a699e21c75c@group-6350B7CBB587-LeaderElection2: Election REJECTED; received 2 response(s) [9e42a1f8-be37-4840-a76c-3a699e21c75c<-5722a429-719d-4dcb-a6ea-65035429ff91#0:FAIL-t1, 9e42a1f8-be37-4840-a76c-3a699e21c75c<-1c1f0855-59a6-4f96-9559-aeb99dae88b2#0:FAIL-t1] and 0 exception(s); 9e42a1f8-be37-4840-a76c-3a699e21c75c@group-6350B7CBB587:t1, leader=null, voted=9e42a1f8-be37-4840-a76c-3a699e21c75c, raftlog=9e42a1f8-be37-4840-a76c-3a699e21c75c@group-6350B7CBB587-SegmentedRaftLog:OPENED:c-1,f-1,i0, conf=-1: [5722a429-719d-4dcb-a6ea-65035429ff91:172.18.0.10:9858, 1c1f0855-59a6-4f96-9559-aeb99dae88b2:172.18.0.9:9858, 9e42a1f8-be37-4840-a76c-3a699e21c75c:172.18.0.8:9858], old=null
scm_1         | 	at java.base/java.util.concurrent.ForkJoinWorkerThread.run(ForkJoinWorkerThread.java:177)
datanode_3    | 2019-11-08 03:49:12,679 WARN server.GrpcLogAppender: 5722a429-719d-4dcb-a6ea-65035429ff91@group-92CCBF1E87F3->1c1f0855-59a6-4f96-9559-aeb99dae88b2-GrpcLogAppender: Wait interrupted by java.lang.InterruptedException
datanode_2    | 2019-11-08 03:48:35,590 INFO server.RaftServerConfigKeys: raft.server.snapshot.auto.trigger.threshold = 10000 (custom)
grafana_1     | t=2019-11-08T03:48:38+0000 lvl=info msg="Initializing AlertEngine" logger=server
datanode_1    | 2019-11-08 03:48:40,876 INFO impl.RaftServerImpl: 9e42a1f8-be37-4840-a76c-3a699e21c75c@group-6350B7CBB587: changes role from CANDIDATE to FOLLOWER at term 1 for DISCOVERED_A_NEW_TERM
scm_1         | Caused by: org.apache.ratis.thirdparty.io.grpc.StatusRuntimeException: DEADLINE_EXCEEDED: deadline exceeded after 2999222982ns
datanode_3    | 2019-11-08 03:49:12,679 INFO impl.PendingRequests: 5722a429-719d-4dcb-a6ea-65035429ff91@group-92CCBF1E87F3-PendingRequests: sendNotLeaderResponses
datanode_2    | 2019-11-08 03:48:35,590 INFO server.RaftServerConfigKeys: raft.server.snapshot.retention.file.num = 5 (custom)
grafana_1     | t=2019-11-08T03:48:38+0000 lvl=info msg="Initializing DatasourceCacheService" logger=server
datanode_1    | 2019-11-08 03:48:40,876 INFO impl.RoleInfo: 9e42a1f8-be37-4840-a76c-3a699e21c75c: shutdown LeaderElection
scm_1         | 	at org.apache.ratis.thirdparty.io.grpc.stub.ClientCalls.toStatusRuntimeException(ClientCalls.java:233)
datanode_3    | 2019-11-08 03:49:12,679 WARN server.GrpcLogAppender: 5722a429-719d-4dcb-a6ea-65035429ff91@group-92CCBF1E87F3->9e42a1f8-be37-4840-a76c-3a699e21c75c-GrpcLogAppender: Wait interrupted by java.lang.InterruptedException
datanode_2    | 2019-11-08 03:48:35,591 INFO server.RaftServerConfigKeys: raft.server.retrycache.expirytime = 600000ms (custom)
grafana_1     | t=2019-11-08T03:48:38+0000 lvl=info msg="Initializing HooksService" logger=server
datanode_1    | 2019-11-08 03:48:40,877 INFO impl.RoleInfo: 9e42a1f8-be37-4840-a76c-3a699e21c75c: start FollowerState
scm_1         | 	at org.apache.ratis.thirdparty.io.grpc.stub.ClientCalls.getUnchecked(ClientCalls.java:214)
datanode_3    | 2019-11-08 03:49:12,680 INFO impl.StateMachineUpdater: 5722a429-719d-4dcb-a6ea-65035429ff91@group-92CCBF1E87F3-StateMachineUpdater: set stopIndex = 0
datanode_2    | 2019-11-08 03:48:35,591 WARN impl.MetricRegistriesImpl: First MetricRegistry has been created without registering reporters. You may need to call MetricRegistries.global().addReportRegistration(...) before.
grafana_1     | t=2019-11-08T03:48:38+0000 lvl=info msg="Initializing LoginService" logger=server
datanode_1    | 2019-11-08 03:48:40,892 INFO impl.RaftServerImpl: 9e42a1f8-be37-4840-a76c-3a699e21c75c@group-6350B7CBB587: change Leader from null to 1c1f0855-59a6-4f96-9559-aeb99dae88b2 at term 1 for appendEntries, leader elected after 5278ms
scm_1         | 	at org.apache.ratis.thirdparty.io.grpc.stub.ClientCalls.blockingUnaryCall(ClientCalls.java:139)
datanode_3    | 2019-11-08 03:49:12,681 INFO server.GrpcLogAppender: 5722a429-719d-4dcb-a6ea-65035429ff91@group-92CCBF1E87F3->1c1f0855-59a6-4f96-9559-aeb99dae88b2-AppendLogResponseHandler: follower responses appendEntries COMPLETED
datanode_2    | 2019-11-08 03:48:35,591 WARN impl.MetricRegistriesImpl: First MetricRegistry has been created without registering reporters. You may need to call MetricRegistries.global().addReportRegistration(...) before.
grafana_1     | t=2019-11-08T03:48:38+0000 lvl=info msg="Initializing SearchService" logger=server
datanode_1    | 2019-11-08 03:48:40,900 INFO impl.RaftServerImpl: 9e42a1f8-be37-4840-a76c-3a699e21c75c@group-6350B7CBB587: set configuration 0: [5722a429-719d-4dcb-a6ea-65035429ff91:172.18.0.10:9858, 1c1f0855-59a6-4f96-9559-aeb99dae88b2:172.18.0.9:9858, 9e42a1f8-be37-4840-a76c-3a699e21c75c:172.18.0.8:9858], old=null at 0
scm_1         | 	at org.apache.ratis.proto.grpc.AdminProtocolServiceGrpc$AdminProtocolServiceBlockingStub.groupManagement(AdminProtocolServiceGrpc.java:274)
datanode_3    | 2019-11-08 03:49:12,681 INFO impl.RaftServerImpl: 5722a429-719d-4dcb-a6ea-65035429ff91@group-92CCBF1E87F3: closes. applyIndex: 0
datanode_2    | 2019-11-08 03:48:35,591 INFO impl.RaftServerImpl: 1c1f0855-59a6-4f96-9559-aeb99dae88b2@group-6350B7CBB587: start as a follower, conf=-1: [5722a429-719d-4dcb-a6ea-65035429ff91:172.18.0.10:9858, 1c1f0855-59a6-4f96-9559-aeb99dae88b2:172.18.0.9:9858, 9e42a1f8-be37-4840-a76c-3a699e21c75c:172.18.0.8:9858], old=null
datanode_1    | 2019-11-08 03:48:40,900 INFO segmented.SegmentedRaftLogWorker: 9e42a1f8-be37-4840-a76c-3a699e21c75c@group-6350B7CBB587-SegmentedRaftLogWorker: Starting segment from index:0
scm_1         | 	at org.apache.ratis.grpc.client.GrpcClientProtocolClient.lambda$groupAdd$3(GrpcClientProtocolClient.java:155)
datanode_3    | 2019-11-08 03:49:12,684 INFO segmented.SegmentedRaftLogWorker: 5722a429-719d-4dcb-a6ea-65035429ff91@group-92CCBF1E87F3-SegmentedRaftLogWorker was interrupted, exiting. There are 0 tasks remaining in the queue.
datanode_2    | 2019-11-08 03:48:35,591 INFO impl.RaftServerImpl: 1c1f0855-59a6-4f96-9559-aeb99dae88b2@group-6350B7CBB587: changes role from      null to FOLLOWER at term 0 for startAsFollower
grafana_1     | t=2019-11-08T03:48:38+0000 lvl=info msg="Initializing TracingService" logger=server
scm_1         | 	at org.apache.ratis.grpc.client.GrpcClientProtocolClient.blockingCall(GrpcClientProtocolClient.java:182)
datanode_1    | 2019-11-08 03:48:40,950 INFO segmented.SegmentedRaftLogWorker: 9e42a1f8-be37-4840-a76c-3a699e21c75c@group-6350B7CBB587-SegmentedRaftLogWorker: created new log segment /data/metadata/ratis/418a82ff-bb17-4004-b45b-6350b7cbb587/current/log_inprogress_0
datanode_3    | 2019-11-08 03:49:12,685 INFO segmented.SegmentedRaftLogWorker: 5722a429-719d-4dcb-a6ea-65035429ff91@group-92CCBF1E87F3-SegmentedRaftLogWorker close()
datanode_2    | 2019-11-08 03:48:35,591 INFO impl.RoleInfo: 1c1f0855-59a6-4f96-9559-aeb99dae88b2: start FollowerState
scm_1         | 	... 26 more
grafana_1     | t=2019-11-08T03:48:38+0000 lvl=info msg="Initializing UsageStatsService" logger=server
datanode_1    | 2019-11-08 03:49:12,548 INFO server.GrpcServerProtocolService: 9e42a1f8-be37-4840-a76c-3a699e21c75c: Completed APPEND_ENTRIES, lastRequest: 5722a429-719d-4dcb-a6ea-65035429ff91->9e42a1f8-be37-4840-a76c-3a699e21c75c#19-t1, previous=(t:1, i:0), leaderCommit=0, initializing? false, entries: <empty>
datanode_3    | 2019-11-08 03:49:12,687 INFO server.GrpcLogAppender: 5722a429-719d-4dcb-a6ea-65035429ff91@group-92CCBF1E87F3->9e42a1f8-be37-4840-a76c-3a699e21c75c-AppendLogResponseHandler: follower responses appendEntries COMPLETED
datanode_2    | 2019-11-08 03:48:35,592 INFO util.JmxRegister: Successfully registered JMX Bean with object name Ratis:service=RaftServer,group=group-6350B7CBB587,id=1c1f0855-59a6-4f96-9559-aeb99dae88b2
scm_1         | 2019-11-08 03:48:14,261 ERROR pipeline.RatisPipelineProvider: Failed invoke Ratis rpc org.apache.hadoop.hdds.scm.pipeline.RatisPipelineProvider$$Lambda$171/0x00000008403b9c40@34ccd54e for 5722a429-719d-4dcb-a6ea-65035429ff91
grafana_1     | t=2019-11-08T03:48:38+0000 lvl=info msg="Initializing CleanUpService" logger=server
datanode_1    | 2019-11-08 03:49:12,682 INFO server.GrpcServerProtocolService: 9e42a1f8-be37-4840-a76c-3a699e21c75c: Completed APPEND_ENTRIES, lastRequest: 5722a429-719d-4dcb-a6ea-65035429ff91->9e42a1f8-be37-4840-a76c-3a699e21c75c#19-t1, previous=(t:1, i:0), leaderCommit=0, initializing? false, entries: <empty>
datanode_3    | 2019-11-08 03:49:12,688 INFO impl.FollowerInfo: 5722a429-719d-4dcb-a6ea-65035429ff91@group-F80EF3626CF3->9e42a1f8-be37-4840-a76c-3a699e21c75c: nextIndex: updateUnconditionally 1 -> 0
datanode_2    | 2019-11-08 03:48:35,592 WARN impl.MetricRegistriesImpl: First MetricRegistry has been created without registering reporters. You may need to call MetricRegistries.global().addReportRegistration(...) before.
scm_1         | org.apache.ratis.protocol.TimeoutIOException: deadline exceeded after 2998785139ns
grafana_1     | t=2019-11-08T03:48:38+0000 lvl=info msg="Initializing NotificationService" logger=server
datanode_1    | 2019-11-08 03:49:15,946 INFO impl.RaftServerImpl: 9e42a1f8-be37-4840-a76c-3a699e21c75c@group-92CCBF1E87F3: change Leader from 5722a429-719d-4dcb-a6ea-65035429ff91 to null at term 2 for updateCurrentTerm
datanode_3    | 2019-11-08 03:49:12,688 INFO impl.FollowerInfo: 5722a429-719d-4dcb-a6ea-65035429ff91@group-F80EF3626CF3->1c1f0855-59a6-4f96-9559-aeb99dae88b2: nextIndex: updateUnconditionally 1 -> 0
datanode_2    | 2019-11-08 03:48:40,705 INFO impl.FollowerState: 1c1f0855-59a6-4f96-9559-aeb99dae88b2@group-6350B7CBB587-FollowerState: change to CANDIDATE, lastRpcTime:5113ms, electionTimeout:5113ms
grafana_1     | t=2019-11-08T03:48:38+0000 lvl=info msg="Initializing provisioningServiceImpl" logger=server
datanode_1    | 2019-11-08 03:49:15,946 INFO impl.RaftServerImpl: 9e42a1f8-be37-4840-a76c-3a699e21c75c@group-92CCBF1E87F3: changes role from  FOLLOWER to FOLLOWER at term 2 for recognizeCandidate:1c1f0855-59a6-4f96-9559-aeb99dae88b2
datanode_2    | 2019-11-08 03:48:40,705 INFO impl.RoleInfo: 1c1f0855-59a6-4f96-9559-aeb99dae88b2: shutdown FollowerState
datanode_3    | 2019-11-08 03:49:12,688 INFO impl.FollowerInfo: 5722a429-719d-4dcb-a6ea-65035429ff91@group-92CCBF1E87F3->9e42a1f8-be37-4840-a76c-3a699e21c75c: nextIndex: updateUnconditionally 1 -> 0
scm_1         | 	at org.apache.ratis.grpc.GrpcUtil.tryUnwrapException(GrpcUtil.java:82)
grafana_1     | t=2019-11-08T03:48:38+0000 lvl=warn msg="[Deprecated] the datasource provisioning config is outdated. please upgrade" logger=provisioning.datasources filename=/etc/grafana/provisioning/datasources/datasources.yml
datanode_1    | 2019-11-08 03:49:15,946 INFO impl.RoleInfo: 9e42a1f8-be37-4840-a76c-3a699e21c75c: shutdown FollowerState
datanode_2    | 2019-11-08 03:48:40,705 INFO impl.RaftServerImpl: 1c1f0855-59a6-4f96-9559-aeb99dae88b2@group-6350B7CBB587: changes role from  FOLLOWER to CANDIDATE at term 0 for changeToCandidate
datanode_3    | 2019-11-08 03:49:12,688 INFO impl.FollowerInfo: 5722a429-719d-4dcb-a6ea-65035429ff91@group-92CCBF1E87F3->1c1f0855-59a6-4f96-9559-aeb99dae88b2: nextIndex: updateUnconditionally 1 -> 0
scm_1         | 	at org.apache.ratis.grpc.GrpcUtil.unwrapException(GrpcUtil.java:75)
datanode_1    | 2019-11-08 03:49:15,947 INFO impl.FollowerState: 9e42a1f8-be37-4840-a76c-3a699e21c75c@group-92CCBF1E87F3-FollowerState was interrupted: java.lang.InterruptedException: sleep interrupted
grafana_1     | t=2019-11-08T03:48:38+0000 lvl=info msg="inserting datasource from configuration " logger=provisioning.datasources name=Prometheus
datanode_2    | 2019-11-08 03:48:40,705 INFO impl.RoleInfo: 1c1f0855-59a6-4f96-9559-aeb99dae88b2: start LeaderElection
datanode_3    | 2019-11-08 03:49:15,943 WARN server.GrpcServerProtocolService: 5722a429-719d-4dcb-a6ea-65035429ff91: Failed requestVote 1c1f0855-59a6-4f96-9559-aeb99dae88b2->5722a429-719d-4dcb-a6ea-65035429ff91#0
datanode_1    | 2019-11-08 03:49:15,947 INFO impl.RoleInfo: 9e42a1f8-be37-4840-a76c-3a699e21c75c: start FollowerState
grafana_1     | t=2019-11-08T03:48:38+0000 lvl=eror msg="Can't read alert notification provisioning files from directory" logger=provisioning.notifiers path=/etc/grafana/provisioning/notifiers error="open /etc/grafana/provisioning/notifiers: no such file or directory"
scm_1         | 	at org.apache.ratis.grpc.client.GrpcClientProtocolClient.blockingCall(GrpcClientProtocolClient.java:184)
datanode_2    | 2019-11-08 03:48:40,754 INFO impl.LeaderElection: 1c1f0855-59a6-4f96-9559-aeb99dae88b2@group-6350B7CBB587-LeaderElection4: begin an election at term 1 for -1: [5722a429-719d-4dcb-a6ea-65035429ff91:172.18.0.10:9858, 1c1f0855-59a6-4f96-9559-aeb99dae88b2:172.18.0.9:9858, 9e42a1f8-be37-4840-a76c-3a699e21c75c:172.18.0.8:9858], old=null
datanode_3    | org.apache.ratis.protocol.GroupMismatchException: 5722a429-719d-4dcb-a6ea-65035429ff91: group-92CCBF1E87F3 not found.
datanode_1    | 2019-11-08 03:49:16,027 INFO impl.RaftServerImpl: 9e42a1f8-be37-4840-a76c-3a699e21c75c@group-92CCBF1E87F3: change Leader from null to 1c1f0855-59a6-4f96-9559-aeb99dae88b2 at term 2 for appendEntries, leader elected after 80ms
grafana_1     | t=2019-11-08T03:48:38+0000 lvl=warn msg="[Deprecated] the dashboard provisioning config is outdated. please upgrade" logger=provisioning.dashboard filename=/etc/grafana/provisioning/dashboards/dashboards.yml
scm_1         | 	at org.apache.ratis.grpc.client.GrpcClientProtocolClient.groupAdd(GrpcClientProtocolClient.java:153)
datanode_2    | 2019-11-08 03:48:40,827 INFO impl.LeaderElection: 1c1f0855-59a6-4f96-9559-aeb99dae88b2@group-6350B7CBB587-LeaderElection4: Election PASSED; received 2 response(s) [1c1f0855-59a6-4f96-9559-aeb99dae88b2<-5722a429-719d-4dcb-a6ea-65035429ff91#0:OK-t1, 1c1f0855-59a6-4f96-9559-aeb99dae88b2<-9e42a1f8-be37-4840-a76c-3a699e21c75c#0:FAIL-t1] and 0 exception(s); 1c1f0855-59a6-4f96-9559-aeb99dae88b2@group-6350B7CBB587:t1, leader=null, voted=1c1f0855-59a6-4f96-9559-aeb99dae88b2, raftlog=1c1f0855-59a6-4f96-9559-aeb99dae88b2@group-6350B7CBB587-SegmentedRaftLog:OPENED:c-1,f-1,i0, conf=-1: [5722a429-719d-4dcb-a6ea-65035429ff91:172.18.0.10:9858, 1c1f0855-59a6-4f96-9559-aeb99dae88b2:172.18.0.9:9858, 9e42a1f8-be37-4840-a76c-3a699e21c75c:172.18.0.8:9858], old=null
datanode_3    | 	at org.apache.ratis.server.impl.RaftServerProxy$ImplMap.get(RaftServerProxy.java:122)
datanode_1    | 2019-11-08 03:49:16,047 INFO impl.RaftServerImpl: 9e42a1f8-be37-4840-a76c-3a699e21c75c@group-92CCBF1E87F3: set configuration 1: [5722a429-719d-4dcb-a6ea-65035429ff91:172.18.0.10:9858, 1c1f0855-59a6-4f96-9559-aeb99dae88b2:172.18.0.9:9858, 9e42a1f8-be37-4840-a76c-3a699e21c75c:172.18.0.8:9858], old=null at 1
grafana_1     | t=2019-11-08T03:48:38+0000 lvl=warn msg="[Deprecated] The folder property is deprecated. Please use path instead." logger=provisioning.dashboard type=file name=default
scm_1         | 	at org.apache.ratis.grpc.client.GrpcClientRpc.sendRequest(GrpcClientRpc.java:94)
datanode_2    | 2019-11-08 03:48:40,827 INFO impl.RoleInfo: 1c1f0855-59a6-4f96-9559-aeb99dae88b2: shutdown LeaderElection
datanode_3    | 	at org.apache.ratis.server.impl.RaftServerProxy.getImplFuture(RaftServerProxy.java:269)
datanode_1    | 2019-11-08 03:49:16,048 INFO segmented.SegmentedRaftLogWorker: 9e42a1f8-be37-4840-a76c-3a699e21c75c@group-92CCBF1E87F3-SegmentedRaftLogWorker: Rolling segment log-0_0 to index:0
grafana_1     | t=2019-11-08T03:48:38+0000 lvl=info msg="Backend rendering via phantomJS" logger=rendering
scm_1         | 	at org.apache.ratis.client.impl.RaftClientImpl.sendRequest(RaftClientImpl.java:278)
datanode_2    | 2019-11-08 03:48:40,827 INFO impl.RaftServerImpl: 1c1f0855-59a6-4f96-9559-aeb99dae88b2@group-6350B7CBB587: changes role from CANDIDATE to LEADER at term 1 for changeToLeader
datanode_1    | 2019-11-08 03:49:16,050 INFO segmented.SegmentedRaftLogWorker: 9e42a1f8-be37-4840-a76c-3a699e21c75c@group-92CCBF1E87F3-SegmentedRaftLogWorker: Rolled log segment from /data/metadata/ratis/3bc786e2-cfa8-4bb8-9e6e-92ccbf1e87f3/current/log_inprogress_0 to /data/metadata/ratis/3bc786e2-cfa8-4bb8-9e6e-92ccbf1e87f3/current/log_0-0
datanode_3    | 	at org.apache.ratis.server.impl.RaftServerProxy.getImpl(RaftServerProxy.java:278)
grafana_1     | t=2019-11-08T03:48:38+0000 lvl=warn msg="phantomJS is deprecated and will be removed in a future release. You should consider migrating from phantomJS to grafana-image-renderer plugin." logger=rendering
scm_1         | 	at org.apache.ratis.client.impl.RaftClientImpl.groupAdd(RaftClientImpl.java:205)
datanode_2    | 2019-11-08 03:48:40,827 INFO impl.RaftServerImpl: 1c1f0855-59a6-4f96-9559-aeb99dae88b2@group-6350B7CBB587: change Leader from null to 1c1f0855-59a6-4f96-9559-aeb99dae88b2 at term 1 for becomeLeader, leader elected after 5239ms
datanode_1    | 2019-11-08 03:49:16,104 INFO segmented.SegmentedRaftLogWorker: 9e42a1f8-be37-4840-a76c-3a699e21c75c@group-92CCBF1E87F3-SegmentedRaftLogWorker: created new log segment /data/metadata/ratis/3bc786e2-cfa8-4bb8-9e6e-92ccbf1e87f3/current/log_inprogress_1
datanode_3    | 	at org.apache.ratis.server.impl.RaftServerProxy.getImpl(RaftServerProxy.java:273)
grafana_1     | t=2019-11-08T03:48:38+0000 lvl=info msg="Initializing Stream Manager"
datanode_2    | 2019-11-08 03:48:40,828 INFO server.RaftServerConfigKeys: raft.server.staging.catchup.gap = 1000 (default)
datanode_3    | 	at org.apache.ratis.server.impl.RaftServerProxy.requestVote(RaftServerProxy.java:443)
scm_1         | 	at org.apache.hadoop.hdds.scm.pipeline.RatisPipelineProvider.lambda$initializePipeline$4(RatisPipelineProvider.java:198)
grafana_1     | t=2019-11-08T03:48:38+0000 lvl=info msg="HTTP Server Listen" logger=http.server address=0.0.0.0:3000 protocol=http subUrl= socket=
datanode_2    | 2019-11-08 03:48:40,828 INFO server.RaftServerConfigKeys: raft.server.rpc.sleep.time = 25ms (default)
datanode_3    | 	at org.apache.ratis.grpc.server.GrpcServerProtocolService.requestVote(GrpcServerProtocolService.java:142)
scm_1         | 	at org.apache.hadoop.hdds.scm.pipeline.RatisPipelineProvider.lambda$null$5(RatisPipelineProvider.java:233)
datanode_2    | 2019-11-08 03:48:40,828 INFO server.RaftServerConfigKeys: raft.server.write.element-limit = 4096 (default)
datanode_3    | 	at org.apache.ratis.proto.grpc.RaftServerProtocolServiceGrpc$MethodHandlers.invoke(RaftServerProtocolServiceGrpc.java:319)
scm_1         | 	at java.base/java.util.stream.ForEachOps$ForEachOp$OfRef.accept(ForEachOps.java:183)
datanode_2    | 2019-11-08 03:48:40,828 INFO server.RaftServerConfigKeys: raft.server.watch.timeout = 10s (default)
datanode_3    | 	at org.apache.ratis.thirdparty.io.grpc.stub.ServerCalls$UnaryServerCallHandler$UnaryServerCallListener.onHalfClose(ServerCalls.java:171)
scm_1         | 	at java.base/java.util.ArrayList$ArrayListSpliterator.forEachRemaining(ArrayList.java:1654)
datanode_3    | 	at org.apache.ratis.thirdparty.io.grpc.internal.ServerCallImpl$ServerStreamListenerImpl.halfClosed(ServerCallImpl.java:283)
datanode_2    | 2019-11-08 03:48:40,828 INFO server.RaftServerConfigKeys: raft.server.watch.timeout.denomination = 1s (default)
scm_1         | 	at java.base/java.util.stream.AbstractPipeline.copyInto(AbstractPipeline.java:484)
datanode_2    | 2019-11-08 03:48:40,828 INFO server.RaftServerConfigKeys: raft.server.watch.element-limit = 65536 (default)
datanode_3    | 	at org.apache.ratis.thirdparty.io.grpc.internal.ServerImpl$JumpToApplicationThreadServerStreamListener$1HalfClosed.runInContext(ServerImpl.java:710)
scm_1         | 	at java.base/java.util.stream.ForEachOps$ForEachTask.compute(ForEachOps.java:290)
datanode_2    | 2019-11-08 03:48:40,832 INFO server.RaftServerConfigKeys: raft.server.log.appender.snapshot.chunk.size.max = 16MB (=16777216) (default)
datanode_3    | 	at org.apache.ratis.thirdparty.io.grpc.internal.ContextRunnable.run(ContextRunnable.java:37)
scm_1         | 	at java.base/java.util.concurrent.CountedCompleter.exec(CountedCompleter.java:746)
datanode_2    | 2019-11-08 03:48:40,832 INFO server.RaftServerConfigKeys: raft.server.log.appender.buffer.byte-limit = 33554432 (custom)
datanode_3    | 	at org.apache.ratis.thirdparty.io.grpc.internal.SerializingExecutor.run(SerializingExecutor.java:123)
scm_1         | 	at java.base/java.util.concurrent.ForkJoinTask.doExec(ForkJoinTask.java:290)
datanode_2    | 2019-11-08 03:48:40,832 INFO server.RaftServerConfigKeys: raft.server.log.appender.buffer.element-limit = 1 (custom)
scm_1         | 	at java.base/java.util.concurrent.ForkJoinPool$WorkQueue.topLevelExec(ForkJoinPool.java:1020)
datanode_2    | 2019-11-08 03:48:40,836 INFO grpc.GrpcConfigKeys$Server: raft.grpc.server.leader.outstanding.appends.max = 128 (default)
datanode_3    | 	at java.base/java.util.concurrent.ThreadPoolExecutor.runWorker(ThreadPoolExecutor.java:1128)
scm_1         | 	at java.base/java.util.concurrent.ForkJoinPool.scan(ForkJoinPool.java:1656)
datanode_2    | 2019-11-08 03:48:40,836 INFO server.RaftServerConfigKeys: raft.server.rpc.request.timeout = 3000ms (default)
scm_1         | 	at java.base/java.util.concurrent.ForkJoinPool.runWorker(ForkJoinPool.java:1594)
datanode_2    | 2019-11-08 03:48:40,836 INFO server.RaftServerConfigKeys: raft.server.log.appender.install.snapshot.enabled = false (custom)
datanode_3    | 	at java.base/java.util.concurrent.ThreadPoolExecutor$Worker.run(ThreadPoolExecutor.java:628)
scm_1         | 	at java.base/java.util.concurrent.ForkJoinWorkerThread.run(ForkJoinWorkerThread.java:177)
datanode_2    | 2019-11-08 03:48:40,838 WARN impl.MetricRegistriesImpl: First MetricRegistry has been created without registering reporters. You may need to call MetricRegistries.global().addReportRegistration(...) before.
datanode_3    | 	at java.base/java.lang.Thread.run(Thread.java:834)
scm_1         | Caused by: org.apache.ratis.thirdparty.io.grpc.StatusRuntimeException: DEADLINE_EXCEEDED: deadline exceeded after 2998785139ns
datanode_2    | 2019-11-08 03:48:40,839 INFO server.RaftServerConfigKeys: raft.server.log.appender.snapshot.chunk.size.max = 16MB (=16777216) (default)
scm_1         | 	at org.apache.ratis.thirdparty.io.grpc.stub.ClientCalls.toStatusRuntimeException(ClientCalls.java:233)
datanode_2    | 2019-11-08 03:48:40,839 INFO server.RaftServerConfigKeys: raft.server.log.appender.buffer.byte-limit = 33554432 (custom)
scm_1         | 	at org.apache.ratis.thirdparty.io.grpc.stub.ClientCalls.getUnchecked(ClientCalls.java:214)
datanode_2    | 2019-11-08 03:48:40,839 INFO server.RaftServerConfigKeys: raft.server.log.appender.buffer.element-limit = 1 (custom)
scm_1         | 	at org.apache.ratis.thirdparty.io.grpc.stub.ClientCalls.blockingUnaryCall(ClientCalls.java:139)
datanode_2    | 2019-11-08 03:48:40,839 INFO grpc.GrpcConfigKeys$Server: raft.grpc.server.leader.outstanding.appends.max = 128 (default)
datanode_2    | 2019-11-08 03:48:40,839 INFO server.RaftServerConfigKeys: raft.server.rpc.request.timeout = 3000ms (default)
scm_1         | 	at org.apache.ratis.proto.grpc.AdminProtocolServiceGrpc$AdminProtocolServiceBlockingStub.groupManagement(AdminProtocolServiceGrpc.java:274)
datanode_2    | 2019-11-08 03:48:40,839 INFO server.RaftServerConfigKeys: raft.server.log.appender.install.snapshot.enabled = false (custom)
scm_1         | 	at org.apache.ratis.grpc.client.GrpcClientProtocolClient.lambda$groupAdd$3(GrpcClientProtocolClient.java:155)
datanode_2    | 2019-11-08 03:48:40,841 INFO impl.RoleInfo: 1c1f0855-59a6-4f96-9559-aeb99dae88b2: start LeaderState
datanode_2    | 2019-11-08 03:48:40,842 INFO segmented.SegmentedRaftLogWorker: 1c1f0855-59a6-4f96-9559-aeb99dae88b2@group-6350B7CBB587-SegmentedRaftLogWorker: Starting segment from index:0
datanode_2    | 2019-11-08 03:48:40,843 INFO impl.RaftServerImpl: 1c1f0855-59a6-4f96-9559-aeb99dae88b2@group-6350B7CBB587: set configuration 0: [5722a429-719d-4dcb-a6ea-65035429ff91:172.18.0.10:9858, 1c1f0855-59a6-4f96-9559-aeb99dae88b2:172.18.0.9:9858, 9e42a1f8-be37-4840-a76c-3a699e21c75c:172.18.0.8:9858], old=null at 0
datanode_2    | 2019-11-08 03:48:40,868 INFO impl.RaftServerImpl: 1c1f0855-59a6-4f96-9559-aeb99dae88b2@group-6350B7CBB587-   LEADER: Withhold vote from candidate 9e42a1f8-be37-4840-a76c-3a699e21c75c with term 1. State: leader=1c1f0855-59a6-4f96-9559-aeb99dae88b2, term=1, lastRpcElapsed=null
datanode_2    | 2019-11-08 03:48:40,926 INFO segmented.SegmentedRaftLogWorker: 1c1f0855-59a6-4f96-9559-aeb99dae88b2@group-6350B7CBB587-SegmentedRaftLogWorker: created new log segment /data/metadata/ratis/418a82ff-bb17-4004-b45b-6350b7cbb587/current/log_inprogress_0
scm_1         | 	at org.apache.ratis.grpc.client.GrpcClientProtocolClient.blockingCall(GrpcClientProtocolClient.java:182)
datanode_2    | 2019-11-08 03:49:12,549 INFO server.GrpcServerProtocolService: 1c1f0855-59a6-4f96-9559-aeb99dae88b2: Completed APPEND_ENTRIES, lastRequest: 5722a429-719d-4dcb-a6ea-65035429ff91->1c1f0855-59a6-4f96-9559-aeb99dae88b2#19-t1, previous=(t:1, i:0), leaderCommit=0, initializing? false, entries: <empty>
scm_1         | 	... 16 more
datanode_2    | 2019-11-08 03:49:12,680 INFO server.GrpcServerProtocolService: 1c1f0855-59a6-4f96-9559-aeb99dae88b2: Completed APPEND_ENTRIES, lastRequest: 5722a429-719d-4dcb-a6ea-65035429ff91->1c1f0855-59a6-4f96-9559-aeb99dae88b2#19-t1, previous=(t:1, i:0), leaderCommit=0, initializing? false, entries: <empty>
scm_1         | 2019-11-08 03:48:14,262 ERROR pipeline.RatisPipelineProvider: Failed invoke Ratis rpc org.apache.hadoop.hdds.scm.pipeline.RatisPipelineProvider$$Lambda$171/0x00000008403b9c40@34ccd54e for 9e42a1f8-be37-4840-a76c-3a699e21c75c
datanode_2    | 2019-11-08 03:49:15,857 INFO impl.FollowerState: 1c1f0855-59a6-4f96-9559-aeb99dae88b2@group-92CCBF1E87F3-FollowerState: change to CANDIDATE, lastRpcTime:5182ms, electionTimeout:5177ms
scm_1         | org.apache.ratis.protocol.TimeoutIOException: deadline exceeded after 2999228624ns
datanode_2    | 2019-11-08 03:49:15,857 INFO impl.RoleInfo: 1c1f0855-59a6-4f96-9559-aeb99dae88b2: shutdown FollowerState
scm_1         | 	at org.apache.ratis.grpc.GrpcUtil.tryUnwrapException(GrpcUtil.java:82)
datanode_2    | 2019-11-08 03:49:15,857 INFO impl.RaftServerImpl: 1c1f0855-59a6-4f96-9559-aeb99dae88b2@group-92CCBF1E87F3: changes role from  FOLLOWER to CANDIDATE at term 1 for changeToCandidate
scm_1         | 	at org.apache.ratis.grpc.GrpcUtil.unwrapException(GrpcUtil.java:75)
datanode_2    | 2019-11-08 03:49:15,857 INFO impl.RoleInfo: 1c1f0855-59a6-4f96-9559-aeb99dae88b2: start LeaderElection
datanode_2    | 2019-11-08 03:49:15,859 INFO impl.RaftServerImpl: 1c1f0855-59a6-4f96-9559-aeb99dae88b2@group-92CCBF1E87F3: change Leader from 5722a429-719d-4dcb-a6ea-65035429ff91 to null at term 1 for initElection
datanode_2    | 2019-11-08 03:49:15,922 INFO impl.LeaderElection: 1c1f0855-59a6-4f96-9559-aeb99dae88b2@group-92CCBF1E87F3-LeaderElection5: begin an election at term 2 for 0: [5722a429-719d-4dcb-a6ea-65035429ff91:172.18.0.10:9858, 1c1f0855-59a6-4f96-9559-aeb99dae88b2:172.18.0.9:9858, 9e42a1f8-be37-4840-a76c-3a699e21c75c:172.18.0.8:9858], old=null
