Attaching to ozonesecure-mr_rm_1, ozonesecure-mr_s3g_1, ozonesecure-mr_nm_1, ozonesecure-mr_kdc_1, ozonesecure-mr_datanode_3, jhs, ozonesecure-mr_om_1, ozonesecure-mr_scm_1, ozonesecure-mr_datanode_2, ozonesecure-mr_datanode_1, ozonesecure-mr_kms_1
kdc_1       | Issuer is listening on : 8081krb5kdc: starting...
kdc_1       | kadmind: starting...
kdc_1       | Nov 15 00:57:03 f4c244fbd484 kadmin.local[1](info): No dictionary file specified, continuing without one.
kdc_1       | Nov 15 00:57:05 9433766860b9 kadmin.local[1](info): No dictionary file specified, continuing without one.
kdc_1       | Nov 15 00:57:20 kdc kadmind[15](info): No dictionary file specified, continuing without one.
rm_1        | Sleeping for 5 seconds
nm_1        | Sleeping for 5 seconds
kdc_1       | Nov 15 00:57:20 kdc kadmind[15](info): setting up network...
s3g_1       | Sleeping for 5 seconds
nm_1        | Setting up kerberos!!
kdc_1       | kadmind: setsockopt(9,IPV6_V6ONLY,1) worked
s3g_1       | Setting up kerberos!!
nm_1        | KDC ISSUER_SERVER => kdc:8081
rm_1        | Setting up kerberos!!
kdc_1       | kadmind: setsockopt(11,IPV6_V6ONLY,1) worked
s3g_1       | KDC ISSUER_SERVER => kdc:8081
nm_1        | /opt/starter.sh: line 66: SLEEP_SECONDS: command not found
datanode_3  | Sleeping for 5 seconds
rm_1        | KDC ISSUER_SERVER => kdc:8081
s3g_1       | Sleeping for 5 seconds
nm_1        | Sleeping for  seconds
rm_1        | /opt/starter.sh: line 66: SLEEP_SECONDS: command not found
kdc_1       | kadmind: setsockopt(13,IPV6_V6ONLY,1) worked
datanode_3  | Setting up kerberos!!
s3g_1       | Got 200, KDC service ready!!
nm_1        | Got 200, KDC service ready!!
om_1        | Sleeping for 5 seconds
rm_1        | Sleeping for  seconds
kdc_1       | Nov 15 00:57:20 kdc kadmind[15](info): set up 6 sockets
jhs         | Sleeping for 5 seconds
datanode_1  | Sleeping for 5 seconds
scm_1       | Sleeping for 5 seconds
datanode_3  | KDC ISSUER_SERVER => kdc:8081
datanode_2  | Sleeping for 5 seconds
s3g_1       | Download dn/s3g@EXAMPLE.COM keytab file to /etc/security/keytabs/dn.keytab
nm_1        | Download dn/nm@EXAMPLE.COM keytab file to /etc/security/keytabs/dn.keytab
om_1        | Setting up kerberos!!
rm_1        | Got 200, KDC service ready!!
jhs         | Setting up kerberos!!
datanode_1  | Setting up kerberos!!
kdc_1       | Nov 15 00:57:20 kdc kadmind[15](info): Seeding random number generator
scm_1       | Setting up kerberos!!
datanode_3  | Sleeping for 5 seconds
datanode_2  | Setting up kerberos!!
s3g_1       | --2019-11-15 00:57:26--  http://kdc:8081/keytab/s3g/dn
om_1        | KDC ISSUER_SERVER => kdc:8081
nm_1        | --2019-11-15 00:57:27--  http://kdc:8081/keytab/nm/dn
rm_1        | Download dn/rm@EXAMPLE.COM keytab file to /etc/security/keytabs/dn.keytab
jhs         | KDC ISSUER_SERVER => kdc:8081
datanode_1  | KDC ISSUER_SERVER => kdc:8081
kdc_1       | Nov 15 00:57:20 kdc kadmind[15](info): starting
scm_1       | KDC ISSUER_SERVER => kdc:8081
datanode_3  | Got 200, KDC service ready!!
s3g_1       | Resolving kdc (kdc)... 172.19.0.9
datanode_2  | KDC ISSUER_SERVER => kdc:8081
nm_1        | Resolving kdc (kdc)... 172.19.0.9
om_1        | Sleeping for 5 seconds
rm_1        | --2019-11-15 00:57:26--  http://kdc:8081/keytab/rm/dn
datanode_1  | Sleeping for 5 seconds
jhs         | Sleeping for  seconds
kms_1       | Sleeping for 5 seconds
kdc_1       | otp: Loaded
scm_1       | Sleeping for 5 seconds
datanode_3  | Download dn/c85f32c540e7@EXAMPLE.COM keytab file to /etc/security/keytabs/dn.keytab
s3g_1       | Connecting to kdc (kdc)|172.19.0.9|:8081... connected.
datanode_2  | Sleeping for 5 seconds
nm_1        | Connecting to kdc (kdc)|172.19.0.9|:8081... connected.
om_1        | Got 200, KDC service ready!!
rm_1        | Resolving kdc (kdc)... 172.19.0.9
datanode_1  | Got 200, KDC service ready!!
jhs         | /opt/starter.sh: line 66: SLEEP_SECONDS: command not found
kms_1       | Setting up kerberos!!
kdc_1       | Nov 15 00:57:16 kdc krb5kdc[9](info): setting up network...
scm_1       | Got 200, KDC service ready!!
datanode_3  | --2019-11-15 00:57:27--  http://kdc:8081/keytab/c85f32c540e7/dn
s3g_1       | HTTP request sent, awaiting response... 200 OK
datanode_2  | Got 200, KDC service ready!!
nm_1        | HTTP request sent, awaiting response... 200 OK
om_1        | Download dn/om@EXAMPLE.COM keytab file to /etc/security/keytabs/dn.keytab
rm_1        | Connecting to kdc (kdc)|172.19.0.9|:8081... connected.
datanode_1  | Download dn/6f2fad0ab86b@EXAMPLE.COM keytab file to /etc/security/keytabs/dn.keytab
jhs         | Got 200, KDC service ready!!
kms_1       | KDC ISSUER_SERVER => kdc:8081
kdc_1       | krb5kdc: setsockopt(9,IPV6_V6ONLY,1) worked
scm_1       | Download dn/scm@EXAMPLE.COM keytab file to /etc/security/keytabs/dn.keytab
datanode_3  | Resolving kdc (kdc)... 172.19.0.9
datanode_2  | Download dn/ce118df9acd3@EXAMPLE.COM keytab file to /etc/security/keytabs/dn.keytab
s3g_1       | Length: 140 [application/octet-stream]
nm_1        | Length: 138 [application/octet-stream]
om_1        | --2019-11-15 00:57:26--  http://kdc:8081/keytab/om/dn
rm_1        | HTTP request sent, awaiting response... 200 OK
datanode_1  | --2019-11-15 00:57:25--  http://kdc:8081/keytab/6f2fad0ab86b/dn
jhs         | Download dn/jhs@EXAMPLE.COM keytab file to /etc/security/keytabs/dn.keytab
kms_1       | /opt/starter.sh: line 66: SLEEP_SECONDS: command not found
kdc_1       | krb5kdc: setsockopt(11,IPV6_V6ONLY,1) worked
scm_1       | --2019-11-15 00:57:26--  http://kdc:8081/keytab/scm/dn
datanode_3  | Connecting to kdc (kdc)|172.19.0.9|:8081... connected.
datanode_2  | --2019-11-15 00:57:26--  http://kdc:8081/keytab/ce118df9acd3/dn
s3g_1       | Saving to: '/etc/security/keytabs/dn.keytab'
nm_1        | Saving to: '/etc/security/keytabs/dn.keytab'
om_1        | Resolving kdc (kdc)... 172.19.0.9
rm_1        | Length: 138 [application/octet-stream]
datanode_1  | Resolving kdc (kdc)... 172.19.0.9
jhs         | --2019-11-15 00:57:27--  http://kdc:8081/keytab/jhs/dn
kms_1       | Sleeping for  seconds
kdc_1       | Nov 15 00:57:16 kdc krb5kdc[9](info): set up 4 sockets
scm_1       | Resolving kdc (kdc)... 172.19.0.9
datanode_3  | HTTP request sent, awaiting response... 200 OK
s3g_1       | 
nm_1        | 
datanode_2  | Resolving kdc (kdc)... 172.19.0.9
om_1        | Connecting to kdc (kdc)|172.19.0.9|:8081... connected.
rm_1        | Saving to: '/etc/security/keytabs/dn.keytab'
datanode_1  | Connecting to kdc (kdc)|172.19.0.9|:8081... connected.
jhs         | Resolving kdc (kdc)... 172.19.0.9
kdc_1       | Nov 15 00:57:16 kdc krb5kdc[9](info): commencing operation
scm_1       | Connecting to kdc (kdc)|172.19.0.9|:8081... connected.
datanode_3  | Length: 158 [application/octet-stream]
s3g_1       |      0K                                                       100% 11.1M=0s
kms_1       | Got 200, KDC service ready!!
nm_1        |      0K                                                       100% 11.7M=0s
datanode_2  | Connecting to kdc (kdc)|172.19.0.9|:8081... connected.
om_1        | HTTP request sent, awaiting response... 200 OK
rm_1        | 
jhs         | Connecting to kdc (kdc)|172.19.0.9|:8081... connected.
kdc_1       | Generiting keytab
datanode_1  | HTTP request sent, awaiting response... 200 OK
scm_1       | HTTP request sent, awaiting response... 200 OK
datanode_3  | Saving to: '/etc/security/keytabs/dn.keytab'
s3g_1       | 
kms_1       | Download dn/edc19204554a@EXAMPLE.COM keytab file to /etc/security/keytabs/dn.keytab
nm_1        | 
om_1        | Length: 138 [application/octet-stream]
rm_1        |      0K                                                       100% 8.04M=0s
jhs         | HTTP request sent, awaiting response... 200 OK
datanode_2  | HTTP request sent, awaiting response... 200 OK
kdc_1       | Authenticating as principal admin/admin with keytab /tmp/admin.keytab.
datanode_1  | Length: 158 [application/octet-stream]
scm_1       | Length: 140 [application/octet-stream]
datanode_3  | 
kms_1       | --2019-11-15 00:57:25--  http://kdc:8081/keytab/edc19204554a/dn
s3g_1       | 2019-11-15 00:57:27 (11.1 MB/s) - '/etc/security/keytabs/dn.keytab' saved [140/140]
nm_1        | 2019-11-15 00:57:28 (11.7 MB/s) - '/etc/security/keytabs/dn.keytab' saved [138/138]
om_1        | Saving to: '/etc/security/keytabs/dn.keytab'
rm_1        | 
jhs         | Length: 140 [application/octet-stream]
datanode_2  | Length: 158 [application/octet-stream]
kdc_1       | WARNING: no policy specified for test/test@EXAMPLE.COM; defaulting to no policy
scm_1       | Saving to: '/etc/security/keytabs/dn.keytab'
datanode_3  |      0K                                                       100% 13.0M=0s
datanode_1  | Saving to: '/etc/security/keytabs/dn.keytab'
kms_1       | Resolving kdc (kdc)... 172.19.0.9
s3g_1       | 
nm_1        | 
om_1        | 
rm_1        | 2019-11-15 00:57:27 (8.04 MB/s) - '/etc/security/keytabs/dn.keytab' saved [138/138]
jhs         | Saving to: '/etc/security/keytabs/dn.keytab'
datanode_2  | Saving to: '/etc/security/keytabs/dn.keytab'
kdc_1       | Principal "test/test@EXAMPLE.COM" created.
scm_1       | 
datanode_3  | 
datanode_1  | 
kms_1       | Connecting to kdc (kdc)|172.19.0.9|:8081... connected.
s3g_1       | Keytab name: FILE:/etc/security/keytabs/dn.keytab
nm_1        | Keytab name: FILE:/etc/security/keytabs/dn.keytab
om_1        |      0K                                                       100% 15.5M=0s
rm_1        | 
jhs         | 
datanode_2  | 
kdc_1       | Authenticating as principal admin/admin with keytab /tmp/admin.keytab.
scm_1       |      0K                                                       100% 10.4M=0s
datanode_3  | 2019-11-15 00:57:28 (13.0 MB/s) - '/etc/security/keytabs/dn.keytab' saved [158/158]
datanode_1  |      0K                                                       100% 18.8M=0s
kms_1       | HTTP request sent, awaiting response... 200 OK
s3g_1       | KVNO Timestamp         Principal
om_1        | 
nm_1        | KVNO Timestamp         Principal
rm_1        | Keytab name: FILE:/etc/security/keytabs/dn.keytab
jhs         |      0K                                                       100% 8.00M=0s
datanode_2  |      0K                                                       100% 10.9M=0s
kdc_1       | Entry for principal test/test@EXAMPLE.COM with kvno 2, encryption type aes256-cts-hmac-sha1-96 added to keytab WRFILE:/data/test.test.keytab.
scm_1       | 
datanode_3  | 
datanode_1  | 
kms_1       | Length: 158 [application/octet-stream]
s3g_1       | ---- ----------------- --------------------------------------------------------
om_1        | 2019-11-15 00:57:26 (15.5 MB/s) - '/etc/security/keytabs/dn.keytab' saved [138/138]
nm_1        | ---- ----------------- --------------------------------------------------------
rm_1        | KVNO Timestamp         Principal
jhs         | 
datanode_2  | 
kdc_1       | Entry for principal test/test@EXAMPLE.COM with kvno 2, encryption type aes128-cts-hmac-sha1-96 added to keytab WRFILE:/data/test.test.keytab.
scm_1       | 2019-11-15 00:57:26 (10.4 MB/s) - '/etc/security/keytabs/dn.keytab' saved [140/140]
datanode_3  | Keytab name: FILE:/etc/security/keytabs/dn.keytab
datanode_1  | 2019-11-15 00:57:25 (18.8 MB/s) - '/etc/security/keytabs/dn.keytab' saved [158/158]
kms_1       | Saving to: '/etc/security/keytabs/dn.keytab'
s3g_1       |    2 11/15/19 00:57:27 dn/s3g@EXAMPLE.COM
om_1        | 
nm_1        |    2 11/15/19 00:57:28 dn/nm@EXAMPLE.COM
rm_1        | ---- ----------------- --------------------------------------------------------
jhs         | 2019-11-15 00:57:28 (8.00 MB/s) - '/etc/security/keytabs/dn.keytab' saved [140/140]
kdc_1       | Generiting keytab
scm_1       | 
datanode_3  | KVNO Timestamp         Principal
datanode_2  | 2019-11-15 00:57:26 (10.9 MB/s) - '/etc/security/keytabs/dn.keytab' saved [158/158]
datanode_1  | 
kms_1       | 
s3g_1       |    2 11/15/19 00:57:27 dn/s3g@EXAMPLE.COM
om_1        | Keytab name: FILE:/etc/security/keytabs/dn.keytab
nm_1        |    2 11/15/19 00:57:28 dn/nm@EXAMPLE.COM
rm_1        |    2 11/15/19 00:57:27 dn/rm@EXAMPLE.COM
jhs         | 
kdc_1       | Authenticating as principal admin/admin with keytab /tmp/admin.keytab.
scm_1       | Keytab name: FILE:/etc/security/keytabs/dn.keytab
datanode_3  | ---- ----------------- --------------------------------------------------------
datanode_2  | 
datanode_1  | Keytab name: FILE:/etc/security/keytabs/dn.keytab
kms_1       |      0K                                                       100% 13.2M=0s
s3g_1       | Download om/s3g@EXAMPLE.COM keytab file to /etc/security/keytabs/om.keytab
om_1        | KVNO Timestamp         Principal
nm_1        | Download om/nm@EXAMPLE.COM keytab file to /etc/security/keytabs/om.keytab
rm_1        |    2 11/15/19 00:57:27 dn/rm@EXAMPLE.COM
jhs         | Keytab name: FILE:/etc/security/keytabs/dn.keytab
kdc_1       | WARNING: no policy specified for dn/edc19204554a@EXAMPLE.COM; defaulting to no policy
scm_1       | KVNO Timestamp         Principal
datanode_3  |    2 11/15/19 00:57:28 dn/c85f32c540e7@EXAMPLE.COM
datanode_2  | Keytab name: FILE:/etc/security/keytabs/dn.keytab
datanode_1  | KVNO Timestamp         Principal
kms_1       | 
s3g_1       | --2019-11-15 00:57:27--  http://kdc:8081/keytab/s3g/om
om_1        | ---- ----------------- --------------------------------------------------------
nm_1        | --2019-11-15 00:57:28--  http://kdc:8081/keytab/nm/om
rm_1        | Download om/rm@EXAMPLE.COM keytab file to /etc/security/keytabs/om.keytab
jhs         | KVNO Timestamp         Principal
kdc_1       | Principal "dn/edc19204554a@EXAMPLE.COM" created.
scm_1       | ---- ----------------- --------------------------------------------------------
datanode_3  |    2 11/15/19 00:57:28 dn/c85f32c540e7@EXAMPLE.COM
datanode_2  | KVNO Timestamp         Principal
datanode_1  | ---- ----------------- --------------------------------------------------------
kms_1       | 2019-11-15 00:57:25 (13.2 MB/s) - '/etc/security/keytabs/dn.keytab' saved [158/158]
s3g_1       | Resolving kdc (kdc)... 172.19.0.9
om_1        |    2 11/15/19 00:57:26 dn/om@EXAMPLE.COM
nm_1        | Resolving kdc (kdc)... 172.19.0.9
rm_1        | --2019-11-15 00:57:27--  http://kdc:8081/keytab/rm/om
jhs         | ---- ----------------- --------------------------------------------------------
kdc_1       | Authenticating as principal admin/admin with keytab /tmp/admin.keytab.
scm_1       |    2 11/15/19 00:57:26 dn/scm@EXAMPLE.COM
datanode_3  | Download om/c85f32c540e7@EXAMPLE.COM keytab file to /etc/security/keytabs/om.keytab
datanode_2  | ---- ----------------- --------------------------------------------------------
datanode_1  |    2 11/15/19 00:57:25 dn/6f2fad0ab86b@EXAMPLE.COM
kms_1       | 
s3g_1       | Connecting to kdc (kdc)|172.19.0.9|:8081... connected.
om_1        |    2 11/15/19 00:57:26 dn/om@EXAMPLE.COM
nm_1        | Connecting to kdc (kdc)|172.19.0.9|:8081... connected.
rm_1        | Resolving kdc (kdc)... 172.19.0.9
jhs         |    2 11/15/19 00:57:28 dn/jhs@EXAMPLE.COM
kdc_1       | Entry for principal dn/edc19204554a@EXAMPLE.COM with kvno 2, encryption type aes256-cts-hmac-sha1-96 added to keytab WRFILE:/data/dn.edc19204554a.keytab.
scm_1       |    2 11/15/19 00:57:26 dn/scm@EXAMPLE.COM
datanode_3  | --2019-11-15 00:57:28--  http://kdc:8081/keytab/c85f32c540e7/om
datanode_2  |    2 11/15/19 00:57:26 dn/ce118df9acd3@EXAMPLE.COM
datanode_1  |    2 11/15/19 00:57:25 dn/6f2fad0ab86b@EXAMPLE.COM
kms_1       | Keytab name: FILE:/etc/security/keytabs/dn.keytab
s3g_1       | HTTP request sent, awaiting response... 200 OK
om_1        | Download om/om@EXAMPLE.COM keytab file to /etc/security/keytabs/om.keytab
nm_1        | HTTP request sent, awaiting response... 200 OK
rm_1        | Connecting to kdc (kdc)|172.19.0.9|:8081... connected.
jhs         |    2 11/15/19 00:57:28 dn/jhs@EXAMPLE.COM
kdc_1       | Entry for principal dn/edc19204554a@EXAMPLE.COM with kvno 2, encryption type aes128-cts-hmac-sha1-96 added to keytab WRFILE:/data/dn.edc19204554a.keytab.
scm_1       | Download om/scm@EXAMPLE.COM keytab file to /etc/security/keytabs/om.keytab
datanode_3  | Resolving kdc (kdc)... 172.19.0.9
datanode_2  |    2 11/15/19 00:57:26 dn/ce118df9acd3@EXAMPLE.COM
datanode_1  | Download om/6f2fad0ab86b@EXAMPLE.COM keytab file to /etc/security/keytabs/om.keytab
kms_1       | KVNO Timestamp         Principal
s3g_1       | Length: 140 [application/octet-stream]
om_1        | --2019-11-15 00:57:27--  http://kdc:8081/keytab/om/om
nm_1        | Length: 138 [application/octet-stream]
rm_1        | HTTP request sent, awaiting response... 200 OK
jhs         | Download om/jhs@EXAMPLE.COM keytab file to /etc/security/keytabs/om.keytab
kdc_1       | Generiting keytab
scm_1       | --2019-11-15 00:57:26--  http://kdc:8081/keytab/scm/om
datanode_3  | Connecting to kdc (kdc)|172.19.0.9|:8081... connected.
datanode_2  | Download om/ce118df9acd3@EXAMPLE.COM keytab file to /etc/security/keytabs/om.keytab
datanode_1  | --2019-11-15 00:57:25--  http://kdc:8081/keytab/6f2fad0ab86b/om
kms_1       | ---- ----------------- --------------------------------------------------------
s3g_1       | Saving to: '/etc/security/keytabs/om.keytab'
om_1        | Resolving kdc (kdc)... 172.19.0.9
nm_1        | Saving to: '/etc/security/keytabs/om.keytab'
rm_1        | Length: 138 [application/octet-stream]
jhs         | --2019-11-15 00:57:28--  http://kdc:8081/keytab/jhs/om
kdc_1       | Authenticating as principal admin/admin with keytab /tmp/admin.keytab.
scm_1       | Resolving kdc (kdc)... 172.19.0.9
datanode_3  | HTTP request sent, awaiting response... 200 OK
datanode_2  | --2019-11-15 00:57:26--  http://kdc:8081/keytab/ce118df9acd3/om
datanode_1  | Resolving kdc (kdc)... 172.19.0.9
kms_1       |    2 11/15/19 00:57:25 dn/edc19204554a@EXAMPLE.COM
s3g_1       | 
om_1        | Connecting to kdc (kdc)|172.19.0.9|:8081... connected.
nm_1        | 
jhs         | Resolving kdc (kdc)... 172.19.0.9
rm_1        | Saving to: '/etc/security/keytabs/om.keytab'
kdc_1       | WARNING: no policy specified for dn/6f2fad0ab86b@EXAMPLE.COM; defaulting to no policy
scm_1       | Connecting to kdc (kdc)|172.19.0.9|:8081... connected.
datanode_3  | Length: 158 [application/octet-stream]
datanode_1  | Connecting to kdc (kdc)|172.19.0.9|:8081... connected.
datanode_2  | Resolving kdc (kdc)... 172.19.0.9
kms_1       |    2 11/15/19 00:57:25 dn/edc19204554a@EXAMPLE.COM
s3g_1       |      0K                                                       100% 6.17M=0s
om_1        | HTTP request sent, awaiting response... 200 OK
nm_1        |      0K                                                       100% 11.1M=0s
jhs         | Connecting to kdc (kdc)|172.19.0.9|:8081... connected.
rm_1        | 
kdc_1       | Principal "dn/6f2fad0ab86b@EXAMPLE.COM" created.
scm_1       | HTTP request sent, awaiting response... 200 OK
datanode_3  | Saving to: '/etc/security/keytabs/om.keytab'
datanode_1  | HTTP request sent, awaiting response... 200 OK
datanode_2  | Connecting to kdc (kdc)|172.19.0.9|:8081... connected.
kms_1       | Download om/edc19204554a@EXAMPLE.COM keytab file to /etc/security/keytabs/om.keytab
s3g_1       | 
om_1        | Length: 138 [application/octet-stream]
nm_1        | 
jhs         | HTTP request sent, awaiting response... 200 OK
rm_1        |      0K                                                       100% 12.5M=0s
kdc_1       | Authenticating as principal admin/admin with keytab /tmp/admin.keytab.
scm_1       | Length: 140 [application/octet-stream]
datanode_3  | 
datanode_1  | Length: 158 [application/octet-stream]
datanode_2  | HTTP request sent, awaiting response... 200 OK
s3g_1       | 2019-11-15 00:57:27 (6.17 MB/s) - '/etc/security/keytabs/om.keytab' saved [140/140]
kms_1       | --2019-11-15 00:57:25--  http://kdc:8081/keytab/edc19204554a/om
om_1        | Saving to: '/etc/security/keytabs/om.keytab'
jhs         | Length: 140 [application/octet-stream]
nm_1        | 2019-11-15 00:57:29 (11.1 MB/s) - '/etc/security/keytabs/om.keytab' saved [138/138]
kdc_1       | Entry for principal dn/6f2fad0ab86b@EXAMPLE.COM with kvno 2, encryption type aes256-cts-hmac-sha1-96 added to keytab WRFILE:/data/dn.6f2fad0ab86b.keytab.
scm_1       | Saving to: '/etc/security/keytabs/om.keytab'
rm_1        | 
datanode_3  |      0K                                                       100% 15.1M=0s
datanode_1  | Saving to: '/etc/security/keytabs/om.keytab'
datanode_2  | Length: 158 [application/octet-stream]
s3g_1       | 
kms_1       | Resolving kdc (kdc)... 172.19.0.9
om_1        | 
jhs         | Saving to: '/etc/security/keytabs/om.keytab'
kdc_1       | Entry for principal dn/6f2fad0ab86b@EXAMPLE.COM with kvno 2, encryption type aes128-cts-hmac-sha1-96 added to keytab WRFILE:/data/dn.6f2fad0ab86b.keytab.
scm_1       | 
nm_1        | 
rm_1        | 2019-11-15 00:57:28 (12.5 MB/s) - '/etc/security/keytabs/om.keytab' saved [138/138]
datanode_3  | 
datanode_1  | 
datanode_2  | Saving to: '/etc/security/keytabs/om.keytab'
s3g_1       | Keytab name: FILE:/etc/security/keytabs/om.keytab
kms_1       | Connecting to kdc (kdc)|172.19.0.9|:8081... connected.
om_1        |      0K                                                       100% 16.8M=0s
jhs         | 
kdc_1       | Generiting keytab
scm_1       |      0K                                                       100% 13.1M=0s
nm_1        | Keytab name: FILE:/etc/security/keytabs/om.keytab
rm_1        | 
datanode_3  | 2019-11-15 00:57:29 (15.1 MB/s) - '/etc/security/keytabs/om.keytab' saved [158/158]
datanode_1  |      0K                                                       100% 11.9M=0s
datanode_2  | 
s3g_1       | KVNO Timestamp         Principal
kms_1       | HTTP request sent, awaiting response... 200 OK
om_1        | 
jhs         |      0K                                                       100% 11.7M=0s
kdc_1       | Authenticating as principal admin/admin with keytab /tmp/admin.keytab.
scm_1       | 
rm_1        | Keytab name: FILE:/etc/security/keytabs/om.keytab
datanode_3  | 
datanode_1  | 
datanode_2  |      0K                                                       100% 20.1M=0s
s3g_1       | ---- ----------------- --------------------------------------------------------
nm_1        | KVNO Timestamp         Principal
kms_1       | Length: 158 [application/octet-stream]
om_1        | 2019-11-15 00:57:27 (16.8 MB/s) - '/etc/security/keytabs/om.keytab' saved [138/138]
jhs         | 
kdc_1       | WARNING: no policy specified for om/edc19204554a@EXAMPLE.COM; defaulting to no policy
scm_1       | 2019-11-15 00:57:27 (13.1 MB/s) - '/etc/security/keytabs/om.keytab' saved [140/140]
rm_1        | KVNO Timestamp         Principal
datanode_3  | Keytab name: FILE:/etc/security/keytabs/om.keytab
datanode_1  | 2019-11-15 00:57:25 (11.9 MB/s) - '/etc/security/keytabs/om.keytab' saved [158/158]
datanode_2  | 
s3g_1       |    2 11/15/19 00:57:27 om/s3g@EXAMPLE.COM
nm_1        | ---- ----------------- --------------------------------------------------------
om_1        | 
kms_1       | Saving to: '/etc/security/keytabs/om.keytab'
jhs         | 2019-11-15 00:57:29 (11.7 MB/s) - '/etc/security/keytabs/om.keytab' saved [140/140]
kdc_1       | Principal "om/edc19204554a@EXAMPLE.COM" created.
scm_1       | 
rm_1        | ---- ----------------- --------------------------------------------------------
datanode_3  | KVNO Timestamp         Principal
datanode_1  | 
datanode_2  | 2019-11-15 00:57:27 (20.1 MB/s) - '/etc/security/keytabs/om.keytab' saved [158/158]
s3g_1       |    2 11/15/19 00:57:27 om/s3g@EXAMPLE.COM
nm_1        |    2 11/15/19 00:57:29 om/nm@EXAMPLE.COM
om_1        | Keytab name: FILE:/etc/security/keytabs/om.keytab
kms_1       | 
jhs         | 
kdc_1       | Authenticating as principal admin/admin with keytab /tmp/admin.keytab.
scm_1       | Keytab name: FILE:/etc/security/keytabs/om.keytab
rm_1        |    2 11/15/19 00:57:28 om/rm@EXAMPLE.COM
datanode_3  | ---- ----------------- --------------------------------------------------------
datanode_1  | Keytab name: FILE:/etc/security/keytabs/om.keytab
datanode_2  | 
s3g_1       | Download scm/s3g@EXAMPLE.COM keytab file to /etc/security/keytabs/scm.keytab
nm_1        |    2 11/15/19 00:57:29 om/nm@EXAMPLE.COM
om_1        | KVNO Timestamp         Principal
kms_1       |      0K                                                       100% 10.2M=0s
jhs         | Keytab name: FILE:/etc/security/keytabs/om.keytab
kdc_1       | Nov 15 00:57:25 kdc kadmind[15](Notice): Request: kadm5_init, admin/admin@EXAMPLE.COM, success, client=admin/admin@EXAMPLE.COM, service=kadmin/admin@EXAMPLE.COM, addr=127.0.0.1, vers=4, flavor=6
scm_1       | KVNO Timestamp         Principal
rm_1        |    2 11/15/19 00:57:28 om/rm@EXAMPLE.COM
datanode_3  |    2 11/15/19 00:57:29 om/c85f32c540e7@EXAMPLE.COM
datanode_2  | Keytab name: FILE:/etc/security/keytabs/om.keytab
s3g_1       | --2019-11-15 00:57:28--  http://kdc:8081/keytab/s3g/scm
datanode_1  | KVNO Timestamp         Principal
nm_1        | Download scm/nm@EXAMPLE.COM keytab file to /etc/security/keytabs/scm.keytab
om_1        | ---- ----------------- --------------------------------------------------------
kms_1       | 
jhs         | KVNO Timestamp         Principal
kdc_1       | Nov 15 00:57:25 kdc kadmind[15](Notice): Request: kadm5_get_policy, default, Policy does not exist, client=admin/admin@EXAMPLE.COM, service=kadmin/admin@EXAMPLE.COM, addr=127.0.0.1
scm_1       | ---- ----------------- --------------------------------------------------------
rm_1        | Download scm/rm@EXAMPLE.COM keytab file to /etc/security/keytabs/scm.keytab
datanode_3  |    2 11/15/19 00:57:29 om/c85f32c540e7@EXAMPLE.COM
datanode_2  | KVNO Timestamp         Principal
s3g_1       | Resolving kdc (kdc)... 172.19.0.9
datanode_1  | ---- ----------------- --------------------------------------------------------
nm_1        | --2019-11-15 00:57:29--  http://kdc:8081/keytab/nm/scm
om_1        |    2 11/15/19 00:57:27 om/om@EXAMPLE.COM
kms_1       | 2019-11-15 00:57:25 (10.2 MB/s) - '/etc/security/keytabs/om.keytab' saved [158/158]
jhs         | ---- ----------------- --------------------------------------------------------
kdc_1       | Nov 15 00:57:25 kdc kadmind[15](Notice): Request: kadm5_create_principal, test/test@EXAMPLE.COM, success, client=admin/admin@EXAMPLE.COM, service=kadmin/admin@EXAMPLE.COM, addr=127.0.0.1
rm_1        | --2019-11-15 00:57:28--  http://kdc:8081/keytab/rm/scm
datanode_2  | ---- ----------------- --------------------------------------------------------
datanode_3  | Download scm/c85f32c540e7@EXAMPLE.COM keytab file to /etc/security/keytabs/scm.keytab
scm_1       |    2 11/15/19 00:57:27 om/scm@EXAMPLE.COM
datanode_1  |    2 11/15/19 00:57:25 om/6f2fad0ab86b@EXAMPLE.COM
nm_1        | Resolving kdc (kdc)... 172.19.0.9
s3g_1       | Connecting to kdc (kdc)|172.19.0.9|:8081... connected.
om_1        |    2 11/15/19 00:57:27 om/om@EXAMPLE.COM
jhs         |    2 11/15/19 00:57:29 om/jhs@EXAMPLE.COM
kms_1       | 
kdc_1       | Nov 15 00:57:25 kdc kadmind[15](info): closing down fd 18
rm_1        | Resolving kdc (kdc)... 172.19.0.9
datanode_2  |    2 11/15/19 00:57:27 om/ce118df9acd3@EXAMPLE.COM
datanode_3  | --2019-11-15 00:57:29--  http://kdc:8081/keytab/c85f32c540e7/scm
scm_1       |    2 11/15/19 00:57:27 om/scm@EXAMPLE.COM
datanode_1  |    2 11/15/19 00:57:25 om/6f2fad0ab86b@EXAMPLE.COM
nm_1        | Connecting to kdc (kdc)|172.19.0.9|:8081... connected.
s3g_1       | HTTP request sent, awaiting response... 200 OK
om_1        | Download scm/om@EXAMPLE.COM keytab file to /etc/security/keytabs/scm.keytab
jhs         |    2 11/15/19 00:57:29 om/jhs@EXAMPLE.COM
kms_1       | Keytab name: FILE:/etc/security/keytabs/om.keytab
kdc_1       | Nov 15 00:57:25 kdc kadmind[15](Notice): Request: kadm5_init, admin/admin@EXAMPLE.COM, success, client=admin/admin@EXAMPLE.COM, service=kadmin/admin@EXAMPLE.COM, addr=127.0.0.1, vers=4, flavor=6
rm_1        | Connecting to kdc (kdc)|172.19.0.9|:8081... connected.
datanode_2  |    2 11/15/19 00:57:27 om/ce118df9acd3@EXAMPLE.COM
datanode_3  | Resolving kdc (kdc)... 172.19.0.9
scm_1       | Download scm/scm@EXAMPLE.COM keytab file to /etc/security/keytabs/scm.keytab
datanode_1  | Download scm/6f2fad0ab86b@EXAMPLE.COM keytab file to /etc/security/keytabs/scm.keytab
nm_1        | HTTP request sent, awaiting response... 200 OK
s3g_1       | Length: 142 [application/octet-stream]
om_1        | --2019-11-15 00:57:27--  http://kdc:8081/keytab/om/scm
jhs         | Download scm/jhs@EXAMPLE.COM keytab file to /etc/security/keytabs/scm.keytab
kms_1       | KVNO Timestamp         Principal
kdc_1       | Nov 15 00:57:25 kdc kadmind[15](Notice): Request: kadm5_randkey_principal, test/test@EXAMPLE.COM, success, client=admin/admin@EXAMPLE.COM, service=kadmin/admin@EXAMPLE.COM, addr=127.0.0.1
rm_1        | HTTP request sent, awaiting response... 200 OK
datanode_3  | Connecting to kdc (kdc)|172.19.0.9|:8081... connected.
datanode_2  | Download scm/ce118df9acd3@EXAMPLE.COM keytab file to /etc/security/keytabs/scm.keytab
scm_1       | --2019-11-15 00:57:27--  http://kdc:8081/keytab/scm/scm
datanode_1  | --2019-11-15 00:57:25--  http://kdc:8081/keytab/6f2fad0ab86b/scm
s3g_1       | Saving to: '/etc/security/keytabs/scm.keytab'
om_1        | Resolving kdc (kdc)... 172.19.0.9
jhs         | --2019-11-15 00:57:29--  http://kdc:8081/keytab/jhs/scm
nm_1        | Length: 140 [application/octet-stream]
kms_1       | ---- ----------------- --------------------------------------------------------
kdc_1       | Nov 15 00:57:25 kdc kadmind[15](Notice): Request: kadm5_get_principal, test/test@EXAMPLE.COM, success, client=admin/admin@EXAMPLE.COM, service=kadmin/admin@EXAMPLE.COM, addr=127.0.0.1
rm_1        | Length: 140 [application/octet-stream]
datanode_3  | HTTP request sent, awaiting response... 200 OK
datanode_2  | --2019-11-15 00:57:27--  http://kdc:8081/keytab/ce118df9acd3/scm
scm_1       | Resolving kdc (kdc)... 172.19.0.9
s3g_1       | 
om_1        | Connecting to kdc (kdc)|172.19.0.9|:8081... connected.
jhs         | Resolving kdc (kdc)... 172.19.0.9
datanode_1  | Resolving kdc (kdc)... 172.19.0.9
kms_1       |    2 11/15/19 00:57:25 om/edc19204554a@EXAMPLE.COM
kdc_1       | Nov 15 00:57:25 kdc kadmind[15](info): closing down fd 18
nm_1        | Saving to: '/etc/security/keytabs/scm.keytab'
rm_1        | Saving to: '/etc/security/keytabs/scm.keytab'
datanode_3  | Length: 160 [application/octet-stream]
datanode_2  | Resolving kdc (kdc)... 172.19.0.9
scm_1       | Connecting to kdc (kdc)|172.19.0.9|:8081... connected.
s3g_1       |      0K                                                       100% 14.7M=0s
om_1        | HTTP request sent, awaiting response... 200 OK
jhs         | Connecting to kdc (kdc)|172.19.0.9|:8081... connected.
datanode_1  | Connecting to kdc (kdc)|172.19.0.9|:8081... connected.
kms_1       |    2 11/15/19 00:57:25 om/edc19204554a@EXAMPLE.COM
kdc_1       | Nov 15 00:57:25 kdc kadmind[15](Notice): Request: kadm5_init, admin/admin@EXAMPLE.COM, success, client=admin/admin@EXAMPLE.COM, service=kadmin/admin@EXAMPLE.COM, addr=127.0.0.1, vers=4, flavor=6
nm_1        | 
rm_1        | 
datanode_3  | Saving to: '/etc/security/keytabs/scm.keytab'
scm_1       | HTTP request sent, awaiting response... 200 OK
datanode_2  | Connecting to kdc (kdc)|172.19.0.9|:8081... connected.
s3g_1       | 
om_1        | Length: 140 [application/octet-stream]
jhs         | HTTP request sent, awaiting response... 200 OK
kms_1       | Download scm/edc19204554a@EXAMPLE.COM keytab file to /etc/security/keytabs/scm.keytab
datanode_1  | HTTP request sent, awaiting response... 200 OK
kdc_1       | Nov 15 00:57:25 kdc kadmind[15](Notice): Request: kadm5_get_policy, default, Policy does not exist, client=admin/admin@EXAMPLE.COM, service=kadmin/admin@EXAMPLE.COM, addr=127.0.0.1
nm_1        |      0K                                                       100% 11.1M=0s
rm_1        |      0K                                                       100% 11.1M=0s
datanode_3  | 
scm_1       | Length: 142 [application/octet-stream]
datanode_2  | HTTP request sent, awaiting response... 200 OK
s3g_1       | 2019-11-15 00:57:28 (14.7 MB/s) - '/etc/security/keytabs/scm.keytab' saved [142/142]
om_1        | Saving to: '/etc/security/keytabs/scm.keytab'
jhs         | Length: 142 [application/octet-stream]
kms_1       | --2019-11-15 00:57:25--  http://kdc:8081/keytab/edc19204554a/scm
datanode_1  | Length: 160 [application/octet-stream]
kdc_1       | Nov 15 00:57:25 kdc kadmind[15](Notice): Request: kadm5_create_principal, dn/edc19204554a@EXAMPLE.COM, success, client=admin/admin@EXAMPLE.COM, service=kadmin/admin@EXAMPLE.COM, addr=127.0.0.1
rm_1        | 
datanode_3  |      0K                                                       100% 14.7M=0s
nm_1        | 
scm_1       | Saving to: '/etc/security/keytabs/scm.keytab'
datanode_2  | Length: 160 [application/octet-stream]
s3g_1       | 
jhs         | Saving to: '/etc/security/keytabs/scm.keytab'
om_1        | 
datanode_1  | Saving to: '/etc/security/keytabs/scm.keytab'
kdc_1       | Nov 15 00:57:25 kdc kadmind[15](info): closing down fd 18
rm_1        | 2019-11-15 00:57:29 (11.1 MB/s) - '/etc/security/keytabs/scm.keytab' saved [140/140]
datanode_3  | 
nm_1        | 2019-11-15 00:57:31 (11.1 MB/s) - '/etc/security/keytabs/scm.keytab' saved [140/140]
kms_1       | Resolving kdc (kdc)... 172.19.0.9
scm_1       | 
datanode_2  | Saving to: '/etc/security/keytabs/scm.keytab'
s3g_1       | Keytab name: FILE:/etc/security/keytabs/scm.keytab
jhs         | 
om_1        |      0K                                                       100% 13.7M=0s
datanode_1  | 
kdc_1       | Nov 15 00:57:25 kdc kadmind[15](Notice): Request: kadm5_init, admin/admin@EXAMPLE.COM, success, client=admin/admin@EXAMPLE.COM, service=kadmin/admin@EXAMPLE.COM, addr=127.0.0.1, vers=4, flavor=6
rm_1        | 
nm_1        | 
kms_1       | Connecting to kdc (kdc)|172.19.0.9|:8081... connected.
datanode_3  | 2019-11-15 00:57:30 (14.7 MB/s) - '/etc/security/keytabs/scm.keytab' saved [160/160]
scm_1       |      0K                                                       100% 17.5M=0s
datanode_2  | 
s3g_1       | KVNO Timestamp         Principal
jhs         |      0K                                                       100% 13.3M=0s
om_1        | 
datanode_1  |      0K                                                       100% 8.93M=0s
kdc_1       | Nov 15 00:57:25 kdc kadmind[15](Notice): Request: kadm5_randkey_principal, dn/edc19204554a@EXAMPLE.COM, success, client=admin/admin@EXAMPLE.COM, service=kadmin/admin@EXAMPLE.COM, addr=127.0.0.1
rm_1        | Keytab name: FILE:/etc/security/keytabs/scm.keytab
nm_1        | Keytab name: FILE:/etc/security/keytabs/scm.keytab
kms_1       | HTTP request sent, awaiting response... 200 OK
datanode_3  | 
scm_1       | 
datanode_2  |      0K                                                       100% 23.7M=0s
s3g_1       | ---- ----------------- --------------------------------------------------------
jhs         | 
om_1        | 2019-11-15 00:57:28 (13.7 MB/s) - '/etc/security/keytabs/scm.keytab' saved [140/140]
datanode_1  | 
kdc_1       | Nov 15 00:57:25 kdc kadmind[15](Notice): Request: kadm5_get_principal, dn/edc19204554a@EXAMPLE.COM, success, client=admin/admin@EXAMPLE.COM, service=kadmin/admin@EXAMPLE.COM, addr=127.0.0.1
rm_1        | KVNO Timestamp         Principal
nm_1        | KVNO Timestamp         Principal
kms_1       | Length: 160 [application/octet-stream]
datanode_3  | Keytab name: FILE:/etc/security/keytabs/scm.keytab
scm_1       | 2019-11-15 00:57:28 (17.5 MB/s) - '/etc/security/keytabs/scm.keytab' saved [142/142]
datanode_2  | 
s3g_1       |    2 11/15/19 00:57:28 scm/s3g@EXAMPLE.COM
jhs         | 2019-11-15 00:57:30 (13.3 MB/s) - '/etc/security/keytabs/scm.keytab' saved [142/142]
om_1        | 
datanode_1  | 2019-11-15 00:57:25 (8.93 MB/s) - '/etc/security/keytabs/scm.keytab' saved [160/160]
kdc_1       | Nov 15 00:57:25 kdc kadmind[15](info): closing down fd 18
rm_1        | ---- ----------------- --------------------------------------------------------
nm_1        | ---- ----------------- --------------------------------------------------------
kms_1       | Saving to: '/etc/security/keytabs/scm.keytab'
datanode_3  | KVNO Timestamp         Principal
scm_1       | 
s3g_1       |    2 11/15/19 00:57:28 scm/s3g@EXAMPLE.COM
datanode_2  | 2019-11-15 00:57:27 (23.7 MB/s) - '/etc/security/keytabs/scm.keytab' saved [160/160]
jhs         | 
om_1        | Keytab name: FILE:/etc/security/keytabs/scm.keytab
datanode_1  | 
kdc_1       | Nov 15 00:57:25 kdc kadmind[15](Notice): Request: kadm5_init, admin/admin@EXAMPLE.COM, success, client=admin/admin@EXAMPLE.COM, service=kadmin/admin@EXAMPLE.COM, addr=127.0.0.1, vers=4, flavor=6
rm_1        |    2 11/15/19 00:57:29 scm/rm@EXAMPLE.COM
nm_1        |    2 11/15/19 00:57:31 scm/nm@EXAMPLE.COM
kms_1       | 
datanode_3  | ---- ----------------- --------------------------------------------------------
scm_1       | Keytab name: FILE:/etc/security/keytabs/scm.keytab
s3g_1       | Download HTTP/s3g@EXAMPLE.COM keytab file to /etc/security/keytabs/HTTP.keytab
datanode_2  | 
jhs         | Keytab name: FILE:/etc/security/keytabs/scm.keytab
om_1        | KVNO Timestamp         Principal
datanode_1  | Keytab name: FILE:/etc/security/keytabs/scm.keytab
kdc_1       | Nov 15 00:57:25 kdc kadmind[15](Notice): Request: kadm5_get_policy, default, Policy does not exist, client=admin/admin@EXAMPLE.COM, service=kadmin/admin@EXAMPLE.COM, addr=127.0.0.1
rm_1        |    2 11/15/19 00:57:29 scm/rm@EXAMPLE.COM
nm_1        |    2 11/15/19 00:57:31 scm/nm@EXAMPLE.COM
kms_1       |      0K                                                       100% 15.5M=0s
datanode_3  |    2 11/15/19 00:57:30 scm/c85f32c540e7@EXAMPLE.COM
scm_1       | KVNO Timestamp         Principal
s3g_1       | --2019-11-15 00:57:28--  http://kdc:8081/keytab/s3g/HTTP
datanode_2  | Keytab name: FILE:/etc/security/keytabs/scm.keytab
jhs         | KVNO Timestamp         Principal
om_1        | ---- ----------------- --------------------------------------------------------
datanode_1  | KVNO Timestamp         Principal
kdc_1       | Nov 15 00:57:25 kdc kadmind[15](Notice): Request: kadm5_create_principal, dn/6f2fad0ab86b@EXAMPLE.COM, success, client=admin/admin@EXAMPLE.COM, service=kadmin/admin@EXAMPLE.COM, addr=127.0.0.1
rm_1        | Download HTTP/rm@EXAMPLE.COM keytab file to /etc/security/keytabs/HTTP.keytab
nm_1        | Download HTTP/nm@EXAMPLE.COM keytab file to /etc/security/keytabs/HTTP.keytab
kms_1       | 
datanode_3  |    2 11/15/19 00:57:30 scm/c85f32c540e7@EXAMPLE.COM
scm_1       | ---- ----------------- --------------------------------------------------------
s3g_1       | Resolving kdc (kdc)... 172.19.0.9
datanode_2  | KVNO Timestamp         Principal
jhs         | ---- ----------------- --------------------------------------------------------
om_1        |    2 11/15/19 00:57:28 scm/om@EXAMPLE.COM
datanode_1  | ---- ----------------- --------------------------------------------------------
kdc_1       | Nov 15 00:57:25 kdc kadmind[15](info): closing down fd 18
rm_1        | --2019-11-15 00:57:29--  http://kdc:8081/keytab/rm/HTTP
nm_1        | --2019-11-15 00:57:31--  http://kdc:8081/keytab/nm/HTTP
kms_1       | 2019-11-15 00:57:25 (15.5 MB/s) - '/etc/security/keytabs/scm.keytab' saved [160/160]
datanode_3  | Download HTTP/c85f32c540e7@EXAMPLE.COM keytab file to /etc/security/keytabs/HTTP.keytab
scm_1       |    2 11/15/19 00:57:28 scm/scm@EXAMPLE.COM
s3g_1       | Connecting to kdc (kdc)|172.19.0.9|:8081... connected.
datanode_2  | ---- ----------------- --------------------------------------------------------
jhs         |    2 11/15/19 00:57:30 scm/jhs@EXAMPLE.COM
om_1        |    2 11/15/19 00:57:28 scm/om@EXAMPLE.COM
datanode_1  |    2 11/15/19 00:57:25 scm/6f2fad0ab86b@EXAMPLE.COM
kdc_1       | Nov 15 00:57:25 kdc kadmind[15](Notice): Request: kadm5_init, admin/admin@EXAMPLE.COM, success, client=admin/admin@EXAMPLE.COM, service=kadmin/admin@EXAMPLE.COM, addr=127.0.0.1, vers=4, flavor=6
rm_1        | Resolving kdc (kdc)... 172.19.0.9
nm_1        | Resolving kdc (kdc)... 172.19.0.9
kms_1       | 
datanode_3  | --2019-11-15 00:57:30--  http://kdc:8081/keytab/c85f32c540e7/HTTP
scm_1       |    2 11/15/19 00:57:28 scm/scm@EXAMPLE.COM
s3g_1       | HTTP request sent, awaiting response... 200 OK
datanode_2  |    2 11/15/19 00:57:27 scm/ce118df9acd3@EXAMPLE.COM
jhs         |    2 11/15/19 00:57:30 scm/jhs@EXAMPLE.COM
om_1        | Download HTTP/om@EXAMPLE.COM keytab file to /etc/security/keytabs/HTTP.keytab
datanode_1  |    2 11/15/19 00:57:25 scm/6f2fad0ab86b@EXAMPLE.COM
kdc_1       | Nov 15 00:57:25 kdc kadmind[15](Notice): Request: kadm5_randkey_principal, dn/6f2fad0ab86b@EXAMPLE.COM, success, client=admin/admin@EXAMPLE.COM, service=kadmin/admin@EXAMPLE.COM, addr=127.0.0.1
rm_1        | Connecting to kdc (kdc)|172.19.0.9|:8081... connected.
nm_1        | Connecting to kdc (kdc)|172.19.0.9|:8081... connected.
kms_1       | Keytab name: FILE:/etc/security/keytabs/scm.keytab
datanode_3  | Resolving kdc (kdc)... 172.19.0.9
scm_1       | Download HTTP/scm@EXAMPLE.COM keytab file to /etc/security/keytabs/HTTP.keytab
s3g_1       | Length: 144 [application/octet-stream]
datanode_2  |    2 11/15/19 00:57:27 scm/ce118df9acd3@EXAMPLE.COM
jhs         | Download HTTP/jhs@EXAMPLE.COM keytab file to /etc/security/keytabs/HTTP.keytab
om_1        | --2019-11-15 00:57:28--  http://kdc:8081/keytab/om/HTTP
datanode_1  | Download HTTP/6f2fad0ab86b@EXAMPLE.COM keytab file to /etc/security/keytabs/HTTP.keytab
kdc_1       | Nov 15 00:57:25 kdc kadmind[15](Notice): Request: kadm5_get_principal, dn/6f2fad0ab86b@EXAMPLE.COM, success, client=admin/admin@EXAMPLE.COM, service=kadmin/admin@EXAMPLE.COM, addr=127.0.0.1
rm_1        | HTTP request sent, awaiting response... 200 OK
nm_1        | HTTP request sent, awaiting response... 200 OK
kms_1       | KVNO Timestamp         Principal
datanode_3  | Connecting to kdc (kdc)|172.19.0.9|:8081... connected.
scm_1       | --2019-11-15 00:57:28--  http://kdc:8081/keytab/scm/HTTP
s3g_1       | Saving to: '/etc/security/keytabs/HTTP.keytab'
jhs         | --2019-11-15 00:57:30--  http://kdc:8081/keytab/jhs/HTTP
datanode_2  | Download HTTP/ce118df9acd3@EXAMPLE.COM keytab file to /etc/security/keytabs/HTTP.keytab
om_1        | Resolving kdc (kdc)... 172.19.0.9
datanode_1  | --2019-11-15 00:57:25--  http://kdc:8081/keytab/6f2fad0ab86b/HTTP
kdc_1       | Nov 15 00:57:25 kdc kadmind[15](info): closing down fd 18
rm_1        | Length: 142 [application/octet-stream]
nm_1        | Length: 142 [application/octet-stream]
kms_1       | ---- ----------------- --------------------------------------------------------
datanode_3  | HTTP request sent, awaiting response... 200 OK
scm_1       | Resolving kdc (kdc)... 172.19.0.9
s3g_1       | 
jhs         | Resolving kdc (kdc)... 172.19.0.9
datanode_2  | --2019-11-15 00:57:27--  http://kdc:8081/keytab/ce118df9acd3/HTTP
om_1        | Connecting to kdc (kdc)|172.19.0.9|:8081... connected.
datanode_1  | Resolving kdc (kdc)... 172.19.0.9
rm_1        | Saving to: '/etc/security/keytabs/HTTP.keytab'
kdc_1       | Nov 15 00:57:25 kdc kadmind[15](Notice): Request: kadm5_init, admin/admin@EXAMPLE.COM, success, client=admin/admin@EXAMPLE.COM, service=kadmin/admin@EXAMPLE.COM, addr=127.0.0.1, vers=4, flavor=6
nm_1        | Saving to: '/etc/security/keytabs/HTTP.keytab'
datanode_3  | Length: 162 [application/octet-stream]
scm_1       | Connecting to kdc (kdc)|172.19.0.9|:8081... connected.
s3g_1       |      0K                                                       100% 9.97M=0s
kms_1       |    2 11/15/19 00:57:25 scm/edc19204554a@EXAMPLE.COM
jhs         | Connecting to kdc (kdc)|172.19.0.9|:8081... connected.
datanode_2  | Resolving kdc (kdc)... 172.19.0.9
om_1        | HTTP request sent, awaiting response... 200 OK
datanode_1  | Connecting to kdc (kdc)|172.19.0.9|:8081... connected.
rm_1        | 
nm_1        | 
datanode_3  | Saving to: '/etc/security/keytabs/HTTP.keytab'
kdc_1       | Nov 15 00:57:25 kdc kadmind[15](Notice): Request: kadm5_get_policy, default, Policy does not exist, client=admin/admin@EXAMPLE.COM, service=kadmin/admin@EXAMPLE.COM, addr=127.0.0.1
scm_1       | HTTP request sent, awaiting response... 200 OK
s3g_1       | 
kms_1       |    2 11/15/19 00:57:25 scm/edc19204554a@EXAMPLE.COM
jhs         | HTTP request sent, awaiting response... 200 OK
datanode_2  | Connecting to kdc (kdc)|172.19.0.9|:8081... connected.
om_1        | Length: 142 [application/octet-stream]
datanode_1  | HTTP request sent, awaiting response... 200 OK
rm_1        |      0K                                                       100% 11.6M=0s
nm_1        |      0K                                                       100% 12.1M=0s
datanode_3  | 
kdc_1       | Nov 15 00:57:25 kdc kadmind[15](Notice): Request: kadm5_create_principal, om/edc19204554a@EXAMPLE.COM, success, client=admin/admin@EXAMPLE.COM, service=kadmin/admin@EXAMPLE.COM, addr=127.0.0.1
scm_1       | Length: 144 [application/octet-stream]
s3g_1       | 2019-11-15 00:57:29 (9.97 MB/s) - '/etc/security/keytabs/HTTP.keytab' saved [144/144]
kms_1       | Download HTTP/edc19204554a@EXAMPLE.COM keytab file to /etc/security/keytabs/HTTP.keytab
jhs         | Length: 144 [application/octet-stream]
datanode_2  | HTTP request sent, awaiting response... 200 OK
om_1        | Saving to: '/etc/security/keytabs/HTTP.keytab'
datanode_1  | Length: 162 [application/octet-stream]
rm_1        | 
nm_1        | 
datanode_3  |      0K                                                       100% 12.8M=0s
kdc_1       | Nov 15 00:57:25 kdc kadmind[15](info): closing down fd 18
scm_1       | Saving to: '/etc/security/keytabs/HTTP.keytab'
s3g_1       | 
kms_1       | --2019-11-15 00:57:25--  http://kdc:8081/keytab/edc19204554a/HTTP
jhs         | Saving to: '/etc/security/keytabs/HTTP.keytab'
datanode_2  | Length: 162 [application/octet-stream]
om_1        | 
datanode_1  | Saving to: '/etc/security/keytabs/HTTP.keytab'
rm_1        | 2019-11-15 00:57:30 (11.6 MB/s) - '/etc/security/keytabs/HTTP.keytab' saved [142/142]
nm_1        | 2019-11-15 00:57:31 (12.1 MB/s) - '/etc/security/keytabs/HTTP.keytab' saved [142/142]
datanode_3  | 
kdc_1       | Nov 15 00:57:25 kdc krb5kdc[9](info): AS_REQ (8 etypes {18 17 20 19 16 23 25 26}) 127.0.0.1: SERVER_NOT_FOUND: admin/admin@EXAMPLE.COM for kadmin/localhost@EXAMPLE.COM, Server not found in Kerberos database
scm_1       | 
s3g_1       | Keytab name: FILE:/etc/security/keytabs/HTTP.keytab
kms_1       | Resolving kdc (kdc)... 172.19.0.9
jhs         | 
datanode_2  | Saving to: '/etc/security/keytabs/HTTP.keytab'
om_1        |      0K                                                       100% 13.5M=0s
datanode_1  | 
nm_1        | 
rm_1        | 
datanode_3  | 2019-11-15 00:57:31 (12.8 MB/s) - '/etc/security/keytabs/HTTP.keytab' saved [162/162]
kdc_1       | Nov 15 00:57:25 kdc krb5kdc[9](info): AS_REQ (8 etypes {18 17 20 19 16 23 25 26}) 127.0.0.1: ISSUE: authtime 1573779445, etypes {rep=18 tkt=18 ses=18}, admin/admin@EXAMPLE.COM for kadmin/admin@EXAMPLE.COM
scm_1       |      0K                                                       100% 18.8M=0s
s3g_1       | KVNO Timestamp         Principal
kms_1       | Connecting to kdc (kdc)|172.19.0.9|:8081... connected.
jhs         |      0K                                                       100% 14.0M=0s
datanode_2  | 
om_1        | 
datanode_1  |      0K                                                       100% 10.8M=0s
nm_1        | Keytab name: FILE:/etc/security/keytabs/HTTP.keytab
rm_1        | Keytab name: FILE:/etc/security/keytabs/HTTP.keytab
datanode_3  | 
kdc_1       | Nov 15 00:57:25 kdc krb5kdc[9](info): AS_REQ (8 etypes {18 17 20 19 16 23 25 26}) 127.0.0.1: SERVER_NOT_FOUND: admin/admin@EXAMPLE.COM for kadmin/localhost@EXAMPLE.COM, Server not found in Kerberos database
scm_1       | 
s3g_1       | ---- ----------------- --------------------------------------------------------
kms_1       | HTTP request sent, awaiting response... 200 OK
jhs         | 
datanode_2  |      0K                                                       100% 9.56M=0s
om_1        | 2019-11-15 00:57:29 (13.5 MB/s) - '/etc/security/keytabs/HTTP.keytab' saved [142/142]
datanode_1  | 
nm_1        | KVNO Timestamp         Principal
rm_1        | KVNO Timestamp         Principal
kdc_1       | Nov 15 00:57:25 kdc krb5kdc[9](info): AS_REQ (8 etypes {18 17 20 19 16 23 25 26}) 127.0.0.1: ISSUE: authtime 1573779445, etypes {rep=18 tkt=18 ses=18}, admin/admin@EXAMPLE.COM for kadmin/admin@EXAMPLE.COM
scm_1       | 2019-11-15 00:57:28 (18.8 MB/s) - '/etc/security/keytabs/HTTP.keytab' saved [144/144]
s3g_1       |    2 11/15/19 00:57:29 HTTP/s3g@EXAMPLE.COM
datanode_3  | Keytab name: FILE:/etc/security/keytabs/HTTP.keytab
kms_1       | Length: 162 [application/octet-stream]
jhs         | 2019-11-15 00:57:31 (14.0 MB/s) - '/etc/security/keytabs/HTTP.keytab' saved [144/144]
datanode_2  | 
om_1        | 
datanode_1  | 2019-11-15 00:57:26 (10.8 MB/s) - '/etc/security/keytabs/HTTP.keytab' saved [162/162]
nm_1        | ---- ----------------- --------------------------------------------------------
rm_1        | ---- ----------------- --------------------------------------------------------
kdc_1       | Nov 15 00:57:25 kdc krb5kdc[9](info): AS_REQ (8 etypes {18 17 20 19 16 23 25 26}) 127.0.0.1: SERVER_NOT_FOUND: admin/admin@EXAMPLE.COM for kadmin/localhost@EXAMPLE.COM, Server not found in Kerberos database
scm_1       | 
s3g_1       |    2 11/15/19 00:57:29 HTTP/s3g@EXAMPLE.COM
datanode_3  | KVNO Timestamp         Principal
kms_1       | Saving to: '/etc/security/keytabs/HTTP.keytab'
jhs         | 
