nm_1        | 2019-11-05 03:14:49 INFO  HttpServer2:958 - Added filter authentication (class=org.apache.hadoop.security.authentication.server.AuthenticationFilter) to context logs
om_1        | 2019-11-05 03:15:01,616 INFO hdfs.DFSUtil: Starting Web-server for ozoneManager at: http://0.0.0.0:9874
om_1        | 2019-11-05 03:15:01,718 INFO server.AuthenticationFilter: Unable to initialize FileSignerSecretProvider, falling back to use random secrets.
kdc_1       | Nov 05 03:14:27 kdc kadmind[15](Notice): Request: kadm5_get_policy, default, Policy does not exist, client=admin/admin@EXAMPLE.COM, service=kadmin/admin@EXAMPLE.COM, addr=127.0.0.1
rm_1        | preemptionDisabled = true
kms_1       | 	at org.apache.hadoop.security.authentication.server.AuthenticationFilter.doFilter(AuthenticationFilter.java:592)
datanode_1  | 2019-11-05 03:15:03,327 WARN impl.MetricRegistriesImpl: First MetricRegistry has been created without registering reporters. You may need to call MetricRegistries.global().addReportRegistration(...) before.
datanode_2  | 2019-11-05 03:15:03,458 INFO impl.RaftServerImpl: 664d9ab9-8b73-458a-a9a4-6f67aafe37b2: new RaftServerImpl for group-866D305E7B93:[664d9ab9-8b73-458a-a9a4-6f67aafe37b2:172.19.0.3:9858, 87f1fbd0-afe0-4998-81a1-76d8c3de15c2:172.19.0.2:9858, 0edfb2a8-0af4-45f9-8c99-e1d9bc0e353a:172.19.0.4:9858] with ContainerStateMachine:uninitialized
jhs         | Nov 05, 2019 3:16:04 AM com.sun.jersey.server.wadl.generators.AbstractWadlGeneratorGrammarGenerator attachTypes
scm_1       | 2019-11-05 03:14:58,980 INFO ipc.Server: Auth successful for dn/4cd52899f600@EXAMPLE.COM (auth:KERBEROS)
nm_1        | 2019-11-05 03:14:49 INFO  HttpServer2:613 - adding path spec: /node/*
om_1        | 2019-11-05 03:15:01,721 INFO http.HttpRequestLog: Http request log for http.requests.ozoneManager is not defined
datanode_3  | 2019-11-05 03:15:01,882 INFO server.RaftServerConfigKeys: raft.server.snapshot.auto.trigger.threshold = 10000 (custom)
kdc_1       | Nov 05 03:14:27 kdc kadmind[15](Notice): Request: kadm5_create_principal, s3g/4cd52899f600@EXAMPLE.COM, success, client=admin/admin@EXAMPLE.COM, service=kadmin/admin@EXAMPLE.COM, addr=127.0.0.1
kdc_1       | Nov 05 03:14:27 kdc kadmind[15](info): closing down fd 18
datanode_1  | 2019-11-05 03:15:03,329 INFO impl.RaftServerImpl: 87f1fbd0-afe0-4998-81a1-76d8c3de15c2@group-FAAA29A9F733: start as a follower, conf=-1: [87f1fbd0-afe0-4998-81a1-76d8c3de15c2:172.19.0.2:9858], old=null
datanode_2  | 2019-11-05 03:15:03,459 INFO server.RaftServerConfigKeys: raft.server.rpc.timeout.min = 5s (custom)
jhs         | INFO: Couldn't find grammar element for class javax.ws.rs.core.Response
rm_1        | defaultAppPriorityPerQueue = 0
scm_1       | 2019-11-05 03:14:59,004 INFO ipc.Server: Auth successful for dn/d4e2a21d03e6@EXAMPLE.COM (auth:KERBEROS)
nm_1        | 2019-11-05 03:14:49 INFO  HttpServer2:613 - adding path spec: /ws/*
datanode_3  | 2019-11-05 03:15:01,882 INFO server.RaftServerConfigKeys: raft.server.snapshot.retention.file.num = 5 (custom)
kdc_1       | Nov 05 03:14:27 kdc kadmind[15](Notice): Request: kadm5_init, admin/admin@EXAMPLE.COM, success, client=admin/admin@EXAMPLE.COM, service=kadmin/admin@EXAMPLE.COM, addr=127.0.0.1, vers=4, flavor=6
kms_1       | 	at org.apache.hadoop.crypto.key.kms.server.KMSAuthenticationFilter.doFilter(KMSAuthenticationFilter.java:142)
datanode_2  | 2019-11-05 03:15:03,459 INFO server.RaftServerConfigKeys: raft.server.rpc.timeout.max = 5200ms (custom)
rm_1        | priority = 0
jhs         | 2019-11-05 03:16:04 INFO  AbstractDelegationTokenSecretManager:403 - Creating password for identifier: (TIMELINE_DELEGATION_TOKEN owner=hadoop, renewer=rm, realUser=, issueDate=1572923764271, maxDate=1573528564271, sequenceNumber=1, masterKeyId=2), currentKey: 2
nm_1        | 2019-11-05 03:14:50 INFO  WebApps:395 - Registered webapp guice modules
datanode_3  | 2019-11-05 03:15:01,883 INFO server.RaftServerConfigKeys: raft.server.retrycache.expirytime = 600000ms (custom)
om_1        | 2019-11-05 03:15:01,727 INFO http.HttpServer2: Added global filter 'safety' (class=org.apache.hadoop.http.HttpServer2$QuotingInputFilter)
datanode_1  | 2019-11-05 03:15:03,330 INFO impl.RaftServerImpl: 87f1fbd0-afe0-4998-81a1-76d8c3de15c2@group-FAAA29A9F733: changes role from      null to FOLLOWER at term 0 for startAsFollower
scm_1       | 2019-11-05 03:14:59,806 INFO ipc.Server: Auth successful for om/om@EXAMPLE.COM (auth:KERBEROS)
kdc_1       | Nov 05 03:14:27 kdc kadmind[15](Notice): Request: kadm5_randkey_principal, s3g/4cd52899f600@EXAMPLE.COM, success, client=admin/admin@EXAMPLE.COM, service=kadmin/admin@EXAMPLE.COM, addr=127.0.0.1
kms_1       | 	at org.eclipse.jetty.servlet.ServletHandler$CachedChain.doFilter(ServletHandler.java:1751)
datanode_2  | 2019-11-05 03:15:03,459 INFO server.RaftServerConfigKeys: raft.server.rpcslowness.timeout = 120s (custom)
rm_1        | maxLifetime = -1 seconds
jhs         | Nov 05, 2019 3:16:06 AM com.sun.jersey.server.wadl.generators.AbstractWadlGeneratorGrammarGenerator attachTypes
nm_1        | 2019-11-05 03:14:50 INFO  HttpServer2:1191 - Jetty bound to port 8042
datanode_3  | 2019-11-05 03:15:01,897 WARN impl.MetricRegistriesImpl: First MetricRegistry has been created without registering reporters. You may need to call MetricRegistries.global().addReportRegistration(...) before.
datanode_1  | 2019-11-05 03:15:03,332 INFO impl.RoleInfo: 87f1fbd0-afe0-4998-81a1-76d8c3de15c2: start FollowerState
om_1        | 2019-11-05 03:15:01,729 INFO http.HttpServer2: Added filter static_user_filter (class=org.apache.hadoop.http.lib.StaticUserWebFilter$StaticUserFilter) to context ozoneManager
scm_1       | 2019-11-05 03:15:00,900 INFO net.NetworkTopology: Added a new node: /default-rack/0edfb2a8-0af4-45f9-8c99-e1d9bc0e353a
kdc_1       | Nov 05 03:14:27 kdc kadmind[15](Notice): Request: kadm5_get_principal, s3g/4cd52899f600@EXAMPLE.COM, success, client=admin/admin@EXAMPLE.COM, service=kadmin/admin@EXAMPLE.COM, addr=127.0.0.1
kms_1       | 	at org.apache.hadoop.http.HttpServer2$QuotingInputFilter.doFilter(HttpServer2.java:1609)
kms_1       | 	at org.eclipse.jetty.servlet.ServletHandler$CachedChain.doFilter(ServletHandler.java:1759)
rm_1        | defaultLifetime = -1 seconds
jhs         | INFO: Couldn't find grammar element for class javax.ws.rs.core.Response
nm_1        | 2019-11-05 03:14:50 INFO  Server:351 - jetty-9.3.24.v20180605, build timestamp: 2018-06-05T17:11:56Z, git hash: 84205aa28f11a4f31f2a3b86d1bba2cc8ab69827
datanode_3  | 2019-11-05 03:15:01,899 WARN impl.MetricRegistriesImpl: First MetricRegistry has been created without registering reporters. You may need to call MetricRegistries.global().addReportRegistration(...) before.
datanode_1  | 2019-11-05 03:15:03,336 INFO util.JmxRegister: Successfully registered JMX Bean with object name Ratis:service=RaftServer,group=group-FAAA29A9F733,id=87f1fbd0-afe0-4998-81a1-76d8c3de15c2
om_1        | 2019-11-05 03:15:01,729 INFO http.HttpServer2: Added filter static_user_filter (class=org.apache.hadoop.http.lib.StaticUserWebFilter$StaticUserFilter) to context static
kdc_1       | Nov 05 03:14:27 kdc kadmind[15](info): closing down fd 18
kms_1       | 	at org.apache.hadoop.http.NoCacheFilter.doFilter(NoCacheFilter.java:45)
kms_1       | 	at org.eclipse.jetty.servlet.ServletHandler$CachedChain.doFilter(ServletHandler.java:1759)
jhs         | Nov 05, 2019 3:16:06 AM com.sun.jersey.server.wadl.generators.AbstractWadlGeneratorGrammarGenerator attachTypes
scm_1       | 2019-11-05 03:15:00,900 INFO node.SCMNodeManager: Registered Data node : 0edfb2a8-0af4-45f9-8c99-e1d9bc0e353a{ip: 172.19.0.4, host: ozonesecure-mr_datanode_3.ozone, networkLocation: /default-rack, certSerialId: 12122650083586202}
nm_1        | 2019-11-05 03:14:50 INFO  AuthenticationFilter:240 - Unable to initialize FileSignerSecretProvider, falling back to use random secrets.
rm_1        | 2019-11-05 03:14:43 INFO  CapacitySchedulerQueueManager:298 - Initialized queue: default: capacity=1.0, absoluteCapacity=1.0, usedResources=<memory:0, vCores:0>, usedCapacity=0.0, absoluteUsedCapacity=0.0, numApps=0, numContainers=0, effectiveMinResource=<memory:0, vCores:0> , effectiveMaxResource=<memory:0, vCores:0>
datanode_3  | 2019-11-05 03:15:01,901 INFO impl.RaftServerImpl: 0edfb2a8-0af4-45f9-8c99-e1d9bc0e353a@group-238980AA9E90: start as a follower, conf=-1: [0edfb2a8-0af4-45f9-8c99-e1d9bc0e353a:172.19.0.4:9858], old=null
datanode_1  | 2019-11-05 03:15:03,340 WARN impl.MetricRegistriesImpl: First MetricRegistry has been created without registering reporters. You may need to call MetricRegistries.global().addReportRegistration(...) before.
om_1        | 2019-11-05 03:15:01,730 INFO http.HttpServer2: Added filter static_user_filter (class=org.apache.hadoop.http.lib.StaticUserWebFilter$StaticUserFilter) to context logs
datanode_2  | 2019-11-05 03:15:03,459 INFO server.RaftServerConfigKeys: raft.server.sleep.deviation.threshold = 300 (default)
kdc_1       | Nov 05 03:14:27 kdc kadmind[15](Notice): Request: kadm5_init, admin/admin@EXAMPLE.COM, success, client=admin/admin@EXAMPLE.COM, service=kadmin/admin@EXAMPLE.COM, addr=127.0.0.1, vers=4, flavor=6
kms_1       | 	at org.eclipse.jetty.servlet.ServletHandler.doHandle(ServletHandler.java:582)
jhs         | INFO: Couldn't find grammar element for class javax.ws.rs.core.Response
scm_1       | 2019-11-05 03:15:00,903 INFO safemode.SCMSafeModeManager: SCM in safe mode. 1 DataNodes registered, 1 required.
nm_1        | 2019-11-05 03:14:50 INFO  ContextHandler:781 - Started o.e.j.s.ServletContextHandler@476b0ae6{/logs,file:///opt/hadoop/logs/,AVAILABLE}
rm_1        | 2019-11-05 03:14:43 INFO  CapacitySchedulerQueueManager:298 - Initialized queue: root: numChildQueue= 1, capacity=1.0, absoluteCapacity=1.0, usedResources=<memory:0, vCores:0>usedCapacity=0.0, numApps=0, numContainers=0
datanode_3  | 2019-11-05 03:15:01,901 INFO impl.RaftServerImpl: 0edfb2a8-0af4-45f9-8c99-e1d9bc0e353a@group-238980AA9E90: changes role from      null to FOLLOWER at term 0 for startAsFollower
datanode_1  | 2019-11-05 03:15:03,437 INFO impl.RaftServerProxy: 87f1fbd0-afe0-4998-81a1-76d8c3de15c2: addNew group-866D305E7B93:[664d9ab9-8b73-458a-a9a4-6f67aafe37b2:172.19.0.3:9858, 87f1fbd0-afe0-4998-81a1-76d8c3de15c2:172.19.0.2:9858, 0edfb2a8-0af4-45f9-8c99-e1d9bc0e353a:172.19.0.4:9858] returns group-866D305E7B93:java.util.concurrent.CompletableFuture@6ed85e80[Not completed]
om_1        | 2019-11-05 03:15:01,751 INFO http.HttpServer2: Jetty bound to port 9874
datanode_2  | 2019-11-05 03:15:03,459 INFO server.RaftServerConfigKeys: raft.server.log.appender.install.snapshot.enabled = false (custom)
kdc_1       | Nov 05 03:14:27 kdc kadmind[15](Notice): Request: kadm5_get_policy, default, Policy does not exist, client=admin/admin@EXAMPLE.COM, service=kadmin/admin@EXAMPLE.COM, addr=127.0.0.1
kms_1       | 	at org.eclipse.jetty.server.handler.ScopedHandler.handle(ScopedHandler.java:143)
jhs         | Nov 05, 2019 3:16:06 AM com.sun.jersey.server.wadl.generators.AbstractWadlGeneratorGrammarGenerator attachTypes
scm_1       | 2019-11-05 03:15:00,905 INFO safemode.SCMSafeModeManager: ScmSafeModeManager, all rules are successfully validated
scm_1       | 2019-11-05 03:15:00,905 INFO safemode.SCMSafeModeManager: SCM exiting safe mode.
rm_1        | 2019-11-05 03:14:43 INFO  CapacitySchedulerQueueManager:163 - Initialized root queue root: numChildQueue= 1, capacity=1.0, absoluteCapacity=1.0, usedResources=<memory:0, vCores:0>usedCapacity=0.0, numApps=0, numContainers=0
datanode_3  | 2019-11-05 03:15:01,902 INFO impl.RoleInfo: 0edfb2a8-0af4-45f9-8c99-e1d9bc0e353a: start FollowerState
datanode_1  | 2019-11-05 03:15:03,441 INFO impl.RaftServerImpl: 87f1fbd0-afe0-4998-81a1-76d8c3de15c2: new RaftServerImpl for group-866D305E7B93:[664d9ab9-8b73-458a-a9a4-6f67aafe37b2:172.19.0.3:9858, 87f1fbd0-afe0-4998-81a1-76d8c3de15c2:172.19.0.2:9858, 0edfb2a8-0af4-45f9-8c99-e1d9bc0e353a:172.19.0.4:9858] with ContainerStateMachine:uninitialized
om_1        | 2019-11-05 03:15:01,753 INFO server.Server: jetty-9.3.25.v20180904, build timestamp: 2018-09-04T21:11:46Z, git hash: 3ce520221d0240229c862b122d2b06c12a625732
datanode_2  | 2019-11-05 03:15:03,459 INFO impl.RaftServerImpl: 664d9ab9-8b73-458a-a9a4-6f67aafe37b2@group-866D305E7B93: ConfigurationManager, init=-1: [664d9ab9-8b73-458a-a9a4-6f67aafe37b2:172.19.0.3:9858, 87f1fbd0-afe0-4998-81a1-76d8c3de15c2:172.19.0.2:9858, 0edfb2a8-0af4-45f9-8c99-e1d9bc0e353a:172.19.0.4:9858], old=null, confs=<EMPTY_MAP>
kdc_1       | Nov 05 03:14:27 kdc kadmind[15](Notice): Request: kadm5_create_principal, dn/scm@EXAMPLE.COM, success, client=admin/admin@EXAMPLE.COM, service=kadmin/admin@EXAMPLE.COM, addr=127.0.0.1
kms_1       | 	at org.eclipse.jetty.security.SecurityHandler.handle(SecurityHandler.java:548)
jhs         | INFO: Couldn't find grammar element for class javax.ws.rs.core.Response
scm_1       | 2019-11-05 03:15:00,970 INFO net.NetworkTopology: Added a new node: /default-rack/87f1fbd0-afe0-4998-81a1-76d8c3de15c2
nm_1        | 2019-11-05 03:14:50 INFO  ContextHandler:781 - Started o.e.j.s.ServletContextHandler@4b3a45f1{/static,jar:file:/opt/hadoop/share/hadoop/yarn/hadoop-yarn-common-3.2.0.jar!/webapps/static,AVAILABLE}
rm_1        | 2019-11-05 03:14:43 INFO  UserGroupMappingPlacementRule:237 - Initialized queue mappings, override: false
datanode_3  | 2019-11-05 03:15:01,906 INFO util.JmxRegister: Successfully registered JMX Bean with object name Ratis:service=RaftServer,group=group-238980AA9E90,id=0edfb2a8-0af4-45f9-8c99-e1d9bc0e353a
datanode_1  | 2019-11-05 03:15:03,441 INFO server.RaftServerConfigKeys: raft.server.rpc.timeout.min = 5s (custom)
om_1        | 2019-11-05 03:15:01,780 INFO handler.ContextHandler: Started o.e.j.s.ServletContextHandler@34451ed8{/logs,file:///var/log/hadoop/,AVAILABLE}
datanode_2  | 2019-11-05 03:15:03,460 INFO server.RaftServerConfigKeys: raft.server.storage.dir = [/data/metadata/ratis] (custom)
kdc_1       | Nov 05 03:14:27 kdc kadmind[15](info): closing down fd 18
kms_1       | 	at org.eclipse.jetty.server.session.SessionHandler.doHandle(SessionHandler.java:226)
jhs         | Nov 05, 2019 3:16:06 AM com.sun.jersey.server.wadl.generators.AbstractWadlGeneratorGrammarGenerator attachTypes
scm_1       | 2019-11-05 03:15:00,970 INFO node.SCMNodeManager: Registered Data node : 87f1fbd0-afe0-4998-81a1-76d8c3de15c2{ip: 172.19.0.2, host: ozonesecure-mr_datanode_1.ozone, networkLocation: /default-rack, certSerialId: 12122650083586325}
nm_1        | Nov 05, 2019 3:14:50 AM com.sun.jersey.guice.spi.container.GuiceComponentProviderFactory register
datanode_3  | 2019-11-05 03:15:01,908 WARN impl.MetricRegistriesImpl: First MetricRegistry has been created without registering reporters. You may need to call MetricRegistries.global().addReportRegistration(...) before.
rm_1        | 2019-11-05 03:14:43 INFO  MultiNodeSortingManager:104 - MultiNode scheduling is 'false', and configured policies are 
datanode_1  | 2019-11-05 03:15:03,441 INFO server.RaftServerConfigKeys: raft.server.rpc.timeout.max = 5200ms (custom)
om_1        | 2019-11-05 03:15:01,780 INFO handler.ContextHandler: Started o.e.j.s.ServletContextHandler@46fb0c33{/static,jar:file:/opt/hadoop/share/ozone/lib/hadoop-ozone-ozone-manager-0.5.0-SNAPSHOT.jar!/webapps/static,AVAILABLE}
datanode_2  | 2019-11-05 03:15:03,460 INFO server.RaftServerConfigKeys: raft.server.log.corruption.policy = EXCEPTION (default)
kdc_1       | Nov 05 03:14:27 kdc kadmind[15](Notice): Request: kadm5_init, admin/admin@EXAMPLE.COM, success, client=admin/admin@EXAMPLE.COM, service=kadmin/admin@EXAMPLE.COM, addr=127.0.0.1, vers=4, flavor=6
kms_1       | 	at org.eclipse.jetty.server.handler.ContextHandler.doHandle(ContextHandler.java:1180)
jhs         | INFO: Couldn't find grammar element for class javax.ws.rs.core.Response
scm_1       | 2019-11-05 03:15:00,983 INFO net.NetworkTopology: Added a new node: /default-rack/664d9ab9-8b73-458a-a9a4-6f67aafe37b2
nm_1        | INFO: Registering org.apache.hadoop.yarn.server.nodemanager.webapp.NMWebServices as a root resource class
datanode_1  | 2019-11-05 03:15:03,441 INFO server.RaftServerConfigKeys: raft.server.rpcslowness.timeout = 120s (custom)
om_1        | 2019-11-05 03:15:01,851 INFO server.KerberosAuthenticationHandler: Using keytab /etc/security/keytabs/HTTP.keytab, for principal HTTP/om@EXAMPLE.COM
datanode_2  | 2019-11-05 03:15:03,460 INFO storage.RaftStorageDirectory: The storage directory /data/metadata/ratis/d36a547b-2200-4085-a229-866d305e7b93 does not exist. Creating ...
kdc_1       | Nov 05 03:14:27 kdc kadmind[15](Notice): Request: kadm5_randkey_principal, dn/scm@EXAMPLE.COM, success, client=admin/admin@EXAMPLE.COM, service=kadmin/admin@EXAMPLE.COM, addr=127.0.0.1
jhs         | 2019-11-05 03:16:06 INFO  AbstractDelegationTokenSecretManager:491 - Token renewal for identifier: (TIMELINE_DELEGATION_TOKEN owner=hadoop, renewer=rm, realUser=, issueDate=1572923764271, maxDate=1573528564271, sequenceNumber=1, masterKeyId=2); total currentTokens 1
kms_1       | 	at org.eclipse.jetty.servlet.ServletHandler.doScope(ServletHandler.java:512)
datanode_3  | 2019-11-05 03:15:03,435 INFO impl.RaftServerProxy: 0edfb2a8-0af4-45f9-8c99-e1d9bc0e353a: addNew group-866D305E7B93:[664d9ab9-8b73-458a-a9a4-6f67aafe37b2:172.19.0.3:9858, 87f1fbd0-afe0-4998-81a1-76d8c3de15c2:172.19.0.2:9858, 0edfb2a8-0af4-45f9-8c99-e1d9bc0e353a:172.19.0.4:9858] returns group-866D305E7B93:java.util.concurrent.CompletableFuture@571cd3c9[Not completed]
scm_1       | 2019-11-05 03:15:00,984 INFO node.SCMNodeManager: Registered Data node : 664d9ab9-8b73-458a-a9a4-6f67aafe37b2{ip: 172.19.0.3, host: ozonesecure-mr_datanode_2.ozone, networkLocation: /default-rack, certSerialId: 12122650152821473}
rm_1        | 2019-11-05 03:14:43 INFO  CapacityScheduler:408 - Initialized CapacityScheduler with calculator=class org.apache.hadoop.yarn.util.resource.DefaultResourceCalculator, minimumAllocation=<<memory:1024, vCores:1>>, maximumAllocation=<<memory:8192, vCores:4>>, asynchronousScheduling=false, asyncScheduleInterval=5ms,multiNodePlacementEnabled=false
nm_1        | Nov 05, 2019 3:14:50 AM com.sun.jersey.guice.spi.container.GuiceComponentProviderFactory register
datanode_1  | 2019-11-05 03:15:03,441 INFO server.RaftServerConfigKeys: raft.server.sleep.deviation.threshold = 300 (default)
om_1        | 2019-11-05 03:15:01,856 INFO handler.ContextHandler: Started o.e.j.w.WebAppContext@6b2dd3df{/,file:///tmp/jetty-0.0.0.0-9874-ozoneManager-_-any-15498226112044206508.dir/webapp/,AVAILABLE}{/ozoneManager}
datanode_2  | 2019-11-05 03:15:03,479 INFO storage.RaftStorageDirectory: Lock on /data/metadata/ratis/d36a547b-2200-4085-a229-866d305e7b93/in_use.lock acquired by nodename 7@d4e2a21d03e6
kdc_1       | Nov 05 03:14:27 kdc kadmind[15](Notice): Request: kadm5_get_principal, dn/scm@EXAMPLE.COM, success, client=admin/admin@EXAMPLE.COM, service=kadmin/admin@EXAMPLE.COM, addr=127.0.0.1
jhs         | Nov 05, 2019 3:16:06 AM com.sun.jersey.server.wadl.generators.AbstractWadlGeneratorGrammarGenerator attachTypes
kms_1       | 	at org.eclipse.jetty.server.session.SessionHandler.doScope(SessionHandler.java:185)
scm_1       | 2019-11-05 03:15:02,037 INFO pipeline.PipelineStateManager: Created pipeline Pipeline[ Id: 704ff3dc-70b1-4995-bda2-238980aa9e90, Nodes: 0edfb2a8-0af4-45f9-8c99-e1d9bc0e353a{ip: 172.19.0.4, host: ozonesecure-mr_datanode_3.ozone, networkLocation: /default-rack, certSerialId: null}, Type:RATIS, Factor:ONE, State:OPEN]
rm_1        | 2019-11-05 03:14:43 INFO  Configuration:2752 - dynamic-resources.xml not found
datanode_3  | 2019-11-05 03:15:03,439 INFO impl.RaftServerImpl: 0edfb2a8-0af4-45f9-8c99-e1d9bc0e353a: new RaftServerImpl for group-866D305E7B93:[664d9ab9-8b73-458a-a9a4-6f67aafe37b2:172.19.0.3:9858, 87f1fbd0-afe0-4998-81a1-76d8c3de15c2:172.19.0.2:9858, 0edfb2a8-0af4-45f9-8c99-e1d9bc0e353a:172.19.0.4:9858] with ContainerStateMachine:uninitialized
nm_1        | INFO: Registering org.apache.hadoop.yarn.webapp.GenericExceptionHandler as a provider class
datanode_1  | 2019-11-05 03:15:03,442 INFO server.RaftServerConfigKeys: raft.server.log.appender.install.snapshot.enabled = false (custom)
om_1        | 2019-11-05 03:15:01,860 INFO server.AbstractConnector: Started ServerConnector@7ecda95b{HTTP/1.1,[http/1.1]}{0.0.0.0:9874}
datanode_2  | 2019-11-05 03:15:03,515 INFO storage.RaftStorage: Storage directory /data/metadata/ratis/d36a547b-2200-4085-a229-866d305e7b93 has been successfully formatted.
datanode_2  | 2019-11-05 03:15:03,515 INFO ratis.ContainerStateMachine: group-866D305E7B93: The snapshot info is null. Setting the last applied indexto:(t:0, i:~)
jhs         | INFO: Couldn't find grammar element for class javax.ws.rs.core.Response
kms_1       | 	at org.eclipse.jetty.server.handler.ContextHandler.doScope(ContextHandler.java:1112)
scm_1       | 2019-11-05 03:15:02,931 INFO pipeline.PipelineStateManager: Created pipeline Pipeline[ Id: 428ad750-6eda-40f0-9fd1-2c049d6684a6, Nodes: 664d9ab9-8b73-458a-a9a4-6f67aafe37b2{ip: 172.19.0.3, host: ozonesecure-mr_datanode_2.ozone, networkLocation: /default-rack, certSerialId: null}, Type:RATIS, Factor:ONE, State:OPEN]
rm_1        | 2019-11-05 03:14:43 INFO  AMSProcessingChain:62 - Initializing AMS Processing chain. Root Processor=[org.apache.hadoop.yarn.server.resourcemanager.DefaultAMSProcessor].
datanode_3  | 2019-11-05 03:15:03,439 INFO server.RaftServerConfigKeys: raft.server.rpc.timeout.min = 5s (custom)
nm_1        | Nov 05, 2019 3:14:50 AM com.sun.jersey.guice.spi.container.GuiceComponentProviderFactory register
datanode_1  | 2019-11-05 03:15:03,442 INFO impl.RaftServerImpl: 87f1fbd0-afe0-4998-81a1-76d8c3de15c2@group-866D305E7B93: ConfigurationManager, init=-1: [664d9ab9-8b73-458a-a9a4-6f67aafe37b2:172.19.0.3:9858, 87f1fbd0-afe0-4998-81a1-76d8c3de15c2:172.19.0.2:9858, 0edfb2a8-0af4-45f9-8c99-e1d9bc0e353a:172.19.0.4:9858], old=null, confs=<EMPTY_MAP>
om_1        | 2019-11-05 03:15:01,860 INFO server.Server: Started @5369ms
datanode_2  | 2019-11-05 03:15:03,516 INFO server.RaftServerConfigKeys: raft.server.notification.no-leader.timeout = 120s (custom)
kdc_1       | Nov 05 03:14:27 kdc kadmind[15](info): closing down fd 18
jhs         | Nov 05, 2019 3:16:06 AM com.sun.jersey.server.wadl.generators.AbstractWadlGeneratorGrammarGenerator attachTypes
scm_1       | 2019-11-05 03:15:03,391 INFO pipeline.PipelineStateManager: Created pipeline Pipeline[ Id: 3dab5d6e-c048-40e1-8146-faaa29a9f733, Nodes: 87f1fbd0-afe0-4998-81a1-76d8c3de15c2{ip: 172.19.0.2, host: ozonesecure-mr_datanode_1.ozone, networkLocation: /default-rack, certSerialId: null}, Type:RATIS, Factor:ONE, State:OPEN]
rm_1        | 2019-11-05 03:14:43 INFO  ApplicationMasterService:129 - disabled placement handler will be used, all scheduling requests will be rejected.
kms_1       | 	at org.eclipse.jetty.server.handler.ScopedHandler.handle(ScopedHandler.java:141)
datanode_3  | 2019-11-05 03:15:03,439 INFO server.RaftServerConfigKeys: raft.server.rpc.timeout.max = 5200ms (custom)
nm_1        | INFO: Registering org.apache.hadoop.yarn.server.nodemanager.webapp.JAXBContextResolver as a provider class
datanode_1  | 2019-11-05 03:15:03,442 INFO server.RaftServerConfigKeys: raft.server.storage.dir = [/data/metadata/ratis] (custom)
om_1        | 2019-11-05 03:15:01,863 INFO impl.MetricsSinkAdapter: Sink prometheus started
datanode_2  | 2019-11-05 03:15:03,516 INFO server.RaftServerConfigKeys: raft.server.log.use.memory = false (default)
kdc_1       | Nov 05 03:14:27 kdc kadmind[15](Notice): Request: kadm5_init, admin/admin@EXAMPLE.COM, success, client=admin/admin@EXAMPLE.COM, service=kadmin/admin@EXAMPLE.COM, addr=127.0.0.1, vers=4, flavor=6
scm_1       | 2019-11-05 03:15:03,528 INFO pipeline.PipelineStateManager: Created pipeline Pipeline[ Id: d36a547b-2200-4085-a229-866d305e7b93, Nodes: 664d9ab9-8b73-458a-a9a4-6f67aafe37b2{ip: 172.19.0.3, host: ozonesecure-mr_datanode_2.ozone, networkLocation: /default-rack, certSerialId: null}87f1fbd0-afe0-4998-81a1-76d8c3de15c2{ip: 172.19.0.2, host: ozonesecure-mr_datanode_1.ozone, networkLocation: /default-rack, certSerialId: null}0edfb2a8-0af4-45f9-8c99-e1d9bc0e353a{ip: 172.19.0.4, host: ozonesecure-mr_datanode_3.ozone, networkLocation: /default-rack, certSerialId: null}, Type:RATIS, Factor:THREE, State:OPEN]
scm_1       | 2019-11-05 03:15:18,141 INFO ipc.Server: Auth successful for om/om@EXAMPLE.COM (auth:KERBEROS)
rm_1        | 2019-11-05 03:14:43 INFO  AMSProcessingChain:75 - Adding [org.apache.hadoop.yarn.server.resourcemanager.scheduler.constraint.processor.DisabledPlacementProcessor] tp top of AMS Processing chain. 
kms_1       | 	at org.eclipse.jetty.server.handler.HandlerCollection.handle(HandlerCollection.java:119)
datanode_3  | 2019-11-05 03:15:03,439 INFO server.RaftServerConfigKeys: raft.server.rpcslowness.timeout = 120s (custom)
nm_1        | Nov 05, 2019 3:14:50 AM com.sun.jersey.server.impl.application.WebApplicationImpl _initiate
datanode_1  | 2019-11-05 03:15:03,443 INFO server.RaftServerConfigKeys: raft.server.log.corruption.policy = EXCEPTION (default)
om_1        | 2019-11-05 03:15:01,863 INFO impl.MetricsSystemImpl: Registered sink prometheus
datanode_2  | 2019-11-05 03:15:03,516 INFO server.RaftServerConfigKeys: raft.server.log.purge.gap = 1000000 (custom)
kdc_1       | Nov 05 03:14:27 kdc kadmind[15](Notice): Request: kadm5_get_policy, default, Policy does not exist, client=admin/admin@EXAMPLE.COM, service=kadmin/admin@EXAMPLE.COM, addr=127.0.0.1
scm_1       | 2019-11-05 03:15:32,886 INFO ipc.Server: Auth successful for dn/c028291e1d79@EXAMPLE.COM (auth:KERBEROS)
jhs         | INFO: Couldn't find grammar element for class javax.ws.rs.core.Response
rm_1        | 2019-11-05 03:14:43 INFO  TimelineClientImpl:129 - Timeline service address: jhs:8188
kms_1       | 	at org.eclipse.jetty.server.handler.HandlerWrapper.handle(HandlerWrapper.java:134)
datanode_3  | 2019-11-05 03:15:03,440 INFO server.RaftServerConfigKeys: raft.server.sleep.deviation.threshold = 300 (default)
datanode_1  | 2019-11-05 03:15:03,443 INFO storage.RaftStorageDirectory: The storage directory /data/metadata/ratis/d36a547b-2200-4085-a229-866d305e7b93 does not exist. Creating ...
nm_1        | INFO: Initiating Jersey application, version 'Jersey: 1.19 02/11/2015 03:25 AM'
om_1        | 2019-11-05 03:15:01,865 INFO server.BaseHttpServer: HTTP server of OZONEMANAGER is listening at http://0.0.0.0:9874
datanode_2  | 2019-11-05 03:15:03,516 INFO server.RaftServerConfigKeys: raft.server.log.appender.buffer.byte-limit = 33554432 (custom)
kdc_1       | Nov 05 03:14:27 kdc kadmind[15](Notice): Request: kadm5_create_principal, om/jhs@EXAMPLE.COM, success, client=admin/admin@EXAMPLE.COM, service=kadmin/admin@EXAMPLE.COM, addr=127.0.0.1
scm_1       | 2019-11-05 03:15:32,973 INFO ipc.Server: Auth successful for dn/4cd52899f600@EXAMPLE.COM (auth:KERBEROS)
jhs         | Nov 05, 2019 3:16:06 AM com.sun.jersey.server.wadl.generators.AbstractWadlGeneratorGrammarGenerator attachTypes
rm_1        | 2019-11-05 03:14:45 INFO  AsyncDispatcher:223 - Registering class org.apache.hadoop.yarn.server.resourcemanager.metrics.AbstractSystemMetricsPublisher$SystemMetricsEventType for class org.apache.hadoop.yarn.server.resourcemanager.metrics.TimelineServiceV1Publisher$TimelineV1EventHandler
kms_1       | 	at org.eclipse.jetty.server.Server.handle(Server.java:536)
datanode_3  | 2019-11-05 03:15:03,440 INFO server.RaftServerConfigKeys: raft.server.log.appender.install.snapshot.enabled = false (custom)
datanode_1  | 2019-11-05 03:15:03,452 INFO storage.RaftStorageDirectory: Lock on /data/metadata/ratis/d36a547b-2200-4085-a229-866d305e7b93/in_use.lock acquired by nodename 7@4cd52899f600
nm_1        | Nov 05, 2019 3:14:50 AM com.sun.jersey.guice.spi.container.GuiceComponentProviderFactory getComponentProvider
om_1        | 2019-11-05 03:15:17,704 INFO ipc.Server: Auth successful for testuser/om@EXAMPLE.COM (auth:KERBEROS)
datanode_2  | 2019-11-05 03:15:03,516 INFO server.RaftServerConfigKeys: raft.server.log.segment.size.max = 1048576 (custom)
kdc_1       | Nov 05 03:14:27 kdc kadmind[15](info): closing down fd 18
scm_1       | 2019-11-05 03:15:32,994 INFO ipc.Server: Auth successful for dn/d4e2a21d03e6@EXAMPLE.COM (auth:KERBEROS)
jhs         | INFO: Couldn't find grammar element for class javax.ws.rs.core.Response
rm_1        | 2019-11-05 03:14:45 INFO  AsyncDispatcher:223 - Registering class org.apache.hadoop.yarn.server.resourcemanager.metrics.AbstractSystemMetricsPublisher$SystemMetricsEventType for class org.apache.hadoop.yarn.server.resourcemanager.metrics.TimelineServiceV1Publisher$TimelineV1EventHandler
kms_1       | 	at org.eclipse.jetty.server.HttpChannel.handle(HttpChannel.java:333)
datanode_3  | 2019-11-05 03:15:03,440 INFO impl.RaftServerImpl: 0edfb2a8-0af4-45f9-8c99-e1d9bc0e353a@group-866D305E7B93: ConfigurationManager, init=-1: [664d9ab9-8b73-458a-a9a4-6f67aafe37b2:172.19.0.3:9858, 87f1fbd0-afe0-4998-81a1-76d8c3de15c2:172.19.0.2:9858, 0edfb2a8-0af4-45f9-8c99-e1d9bc0e353a:172.19.0.4:9858], old=null, confs=<EMPTY_MAP>
datanode_1  | 2019-11-05 03:15:03,476 INFO storage.RaftStorage: Storage directory /data/metadata/ratis/d36a547b-2200-4085-a229-866d305e7b93 has been successfully formatted.
nm_1        | INFO: Binding org.apache.hadoop.yarn.server.nodemanager.webapp.JAXBContextResolver to GuiceManagedComponentProvider with the scope "Singleton"
om_1        | 2019-11-05 03:15:21,670 INFO ipc.Server: Auth successful for testuser/om@EXAMPLE.COM (auth:KERBEROS)
datanode_2  | 2019-11-05 03:15:03,516 INFO server.RaftServerConfigKeys: raft.server.log.segment.cache.num.max = 2 (custom)
kdc_1       | Nov 05 03:14:27 kdc kadmind[15](Notice): Request: kadm5_init, admin/admin@EXAMPLE.COM, success, client=admin/admin@EXAMPLE.COM, service=kadmin/admin@EXAMPLE.COM, addr=127.0.0.1, vers=4, flavor=6
scm_1       | 2019-11-05 03:15:33,565 INFO ipc.Server: Auth successful for om/om@EXAMPLE.COM (auth:KERBEROS)
jhs         | Nov 05, 2019 3:16:06 AM com.sun.jersey.server.wadl.generators.AbstractWadlGeneratorGrammarGenerator attachTypes
rm_1        | 2019-11-05 03:14:45 INFO  AsyncDispatcher:223 - Registering class org.apache.hadoop.yarn.server.resourcemanager.metrics.AbstractSystemMetricsPublisher$SystemMetricsEventType for class org.apache.hadoop.yarn.server.resourcemanager.metrics.TimelineServiceV1Publisher$TimelineV1EventHandler
kms_1       | 	at org.eclipse.jetty.server.HttpConnection.onFillable(HttpConnection.java:251)
datanode_3  | 2019-11-05 03:15:03,440 INFO server.RaftServerConfigKeys: raft.server.storage.dir = [/data/metadata/ratis] (custom)
datanode_1  | 2019-11-05 03:15:03,477 INFO ratis.ContainerStateMachine: group-866D305E7B93: The snapshot info is null. Setting the last applied indexto:(t:0, i:~)
nm_1        | Nov 05, 2019 3:14:51 AM com.sun.jersey.guice.spi.container.GuiceComponentProviderFactory getComponentProvider
datanode_2  | 2019-11-05 03:15:03,516 INFO segmented.SegmentedRaftLogWorker: new 664d9ab9-8b73-458a-a9a4-6f67aafe37b2@group-866D305E7B93-SegmentedRaftLogWorker for RaftStorage:Storage Directory /data/metadata/ratis/d36a547b-2200-4085-a229-866d305e7b93
kdc_1       | Nov 05 03:14:27 kdc kadmind[15](Notice): Request: kadm5_randkey_principal, om/jhs@EXAMPLE.COM, success, client=admin/admin@EXAMPLE.COM, service=kadmin/admin@EXAMPLE.COM, addr=127.0.0.1
om_1        | 2019-11-05 03:15:22,773 INFO volume.OMVolumeCreateRequest: created volume:vol1 for user:hadoop
scm_1       | 2019-11-05 03:15:35,701 INFO ipc.Server: Auth successful for dn/d4e2a21d03e6@EXAMPLE.COM (auth:KERBEROS)
scm_1       | 2019-11-05 03:15:35,719 INFO ipc.Server: Auth successful for dn/4cd52899f600@EXAMPLE.COM (auth:KERBEROS)
scm_1       | 2019-11-05 03:15:35,781 INFO ipc.Server: Auth successful for dn/c028291e1d79@EXAMPLE.COM (auth:KERBEROS)
rm_1        | 2019-11-05 03:14:45 INFO  AsyncDispatcher:223 - Registering class org.apache.hadoop.yarn.server.resourcemanager.metrics.AbstractSystemMetricsPublisher$SystemMetricsEventType for class org.apache.hadoop.yarn.server.resourcemanager.metrics.TimelineServiceV1Publisher$TimelineV1EventHandler
datanode_3  | 2019-11-05 03:15:03,441 INFO server.RaftServerConfigKeys: raft.server.log.corruption.policy = EXCEPTION (default)
datanode_1  | 2019-11-05 03:15:03,477 INFO server.RaftServerConfigKeys: raft.server.notification.no-leader.timeout = 120s (custom)
datanode_1  | 2019-11-05 03:15:03,477 INFO server.RaftServerConfigKeys: raft.server.log.use.memory = false (default)
nm_1        | INFO: Binding org.apache.hadoop.yarn.webapp.GenericExceptionHandler to GuiceManagedComponentProvider with the scope "Singleton"
om_1        | 2019-11-05 03:15:25,758 INFO ipc.Server: Auth successful for testuser/om@EXAMPLE.COM (auth:KERBEROS)
jhs         | INFO: Couldn't find grammar element for class javax.ws.rs.core.Response
kms_1       | 	at org.eclipse.jetty.io.AbstractConnection$ReadCallback.succeeded(AbstractConnection.java:283)
scm_1       | 2019-11-05 03:15:52,679 INFO ipc.Server: Auth successful for om/om@EXAMPLE.COM (auth:KERBEROS)
scm_1       | 2019-11-05 03:15:54,608 INFO ipc.Server: Auth successful for dn/4cd52899f600@EXAMPLE.COM (auth:KERBEROS)
datanode_3  | 2019-11-05 03:15:03,441 INFO storage.RaftStorageDirectory: The storage directory /data/metadata/ratis/d36a547b-2200-4085-a229-866d305e7b93 does not exist. Creating ...
datanode_1  | 2019-11-05 03:15:03,477 INFO server.RaftServerConfigKeys: raft.server.log.purge.gap = 1000000 (custom)
datanode_2  | 2019-11-05 03:15:03,517 INFO server.RaftServerConfigKeys: raft.server.log.queue.byte-limit = 2147483647 (custom)
kdc_1       | Nov 05 03:14:27 kdc kadmind[15](Notice): Request: kadm5_get_principal, om/jhs@EXAMPLE.COM, success, client=admin/admin@EXAMPLE.COM, service=kadmin/admin@EXAMPLE.COM, addr=127.0.0.1
kdc_1       | Nov 05 03:14:27 kdc kadmind[15](info): closing down fd 18
jhs         | Nov 05, 2019 3:16:57 AM com.sun.jersey.server.wadl.generators.AbstractWadlGeneratorGrammarGenerator attachTypes
scm_1       | 2019-11-05 03:15:54,651 INFO ipc.Server: Auth successful for dn/d4e2a21d03e6@EXAMPLE.COM (auth:KERBEROS)
om_1        | 2019-11-05 03:15:29,175 INFO ipc.Server: Auth successful for testuser/om@EXAMPLE.COM (auth:KERBEROS)
nm_1        | Nov 05, 2019 3:14:52 AM com.sun.jersey.guice.spi.container.GuiceComponentProviderFactory getComponentProvider
datanode_3  | 2019-11-05 03:15:03,452 INFO storage.RaftStorageDirectory: Lock on /data/metadata/ratis/d36a547b-2200-4085-a229-866d305e7b93/in_use.lock acquired by nodename 7@c028291e1d79
datanode_1  | 2019-11-05 03:15:03,477 INFO server.RaftServerConfigKeys: raft.server.log.appender.buffer.byte-limit = 33554432 (custom)
datanode_2  | 2019-11-05 03:15:03,517 INFO server.RaftServerConfigKeys: raft.server.log.queue.element-limit = 1024 (custom)
kdc_1       | Nov 05 03:14:27 kdc kadmind[15](Notice): Request: kadm5_init, admin/admin@EXAMPLE.COM, success, client=admin/admin@EXAMPLE.COM, service=kadmin/admin@EXAMPLE.COM, addr=127.0.0.1, vers=4, flavor=6
jhs         | INFO: Couldn't find grammar element for class javax.ws.rs.core.Response
kms_1       | 	at org.eclipse.jetty.io.FillInterest.fillable(FillInterest.java:108)
rm_1        | 2019-11-05 03:14:45 INFO  AsyncDispatcher:223 - Registering class org.apache.hadoop.yarn.server.resourcemanager.metrics.AbstractSystemMetricsPublisher$SystemMetricsEventType for class org.apache.hadoop.yarn.server.resourcemanager.metrics.TimelineServiceV1Publisher$TimelineV1EventHandler
om_1        | 2019-11-05 03:15:32,533 INFO ipc.Server: Auth successful for testuser/om@EXAMPLE.COM (auth:KERBEROS)
nm_1        | INFO: Binding org.apache.hadoop.yarn.server.nodemanager.webapp.NMWebServices to GuiceManagedComponentProvider with the scope "Singleton"
datanode_3  | 2019-11-05 03:15:03,476 INFO storage.RaftStorage: Storage directory /data/metadata/ratis/d36a547b-2200-4085-a229-866d305e7b93 has been successfully formatted.
scm_1       | 2019-11-05 03:15:54,662 INFO ipc.Server: Auth successful for dn/c028291e1d79@EXAMPLE.COM (auth:KERBEROS)
datanode_1  | 2019-11-05 03:15:03,477 INFO server.RaftServerConfigKeys: raft.server.log.segment.size.max = 1048576 (custom)
datanode_2  | 2019-11-05 03:15:03,517 INFO server.RaftServerConfigKeys: raft.server.log.segment.size.max = 1048576 (custom)
kdc_1       | Nov 05 03:14:27 kdc kadmind[15](Notice): Request: kadm5_get_policy, default, Policy does not exist, client=admin/admin@EXAMPLE.COM, service=kadmin/admin@EXAMPLE.COM, addr=127.0.0.1
jhs         | Nov 05, 2019 3:16:57 AM com.sun.jersey.server.wadl.generators.AbstractWadlGeneratorGrammarGenerator attachTypes
kms_1       | 	at org.eclipse.jetty.io.SelectChannelEndPoint$2.run(SelectChannelEndPoint.java:93)
rm_1        | 2019-11-05 03:14:45 INFO  AsyncDispatcher:223 - Registering class org.apache.hadoop.yarn.server.resourcemanager.metrics.AbstractSystemMetricsPublisher$SystemMetricsEventType for class org.apache.hadoop.yarn.server.resourcemanager.metrics.TimelineServiceV1Publisher$TimelineV1EventHandler
om_1        | 2019-11-05 03:15:39,862 INFO ipc.Server: Auth successful for testuser/om@EXAMPLE.COM (auth:KERBEROS)
nm_1        | 2019-11-05 03:14:52 INFO  ContextHandler:781 - Started o.e.j.w.WebAppContext@6e1b9411{/,file:///tmp/jetty-0.0.0.0-8042-node-_-any-8907049904151030143.dir/webapp/,AVAILABLE}{/node}
datanode_3  | 2019-11-05 03:15:03,477 INFO ratis.ContainerStateMachine: group-866D305E7B93: The snapshot info is null. Setting the last applied indexto:(t:0, i:~)
scm_1       | 2019-11-05 03:16:20,435 INFO ipc.Server: Auth successful for om/om@EXAMPLE.COM (auth:KERBEROS)
datanode_1  | 2019-11-05 03:15:03,478 INFO server.RaftServerConfigKeys: raft.server.log.segment.cache.num.max = 2 (custom)
datanode_2  | 2019-11-05 03:15:03,517 INFO server.RaftServerConfigKeys: raft.server.log.preallocated.size = 16384 (custom)
kdc_1       | Nov 05 03:14:27 kdc kadmind[15](Notice): Request: kadm5_create_principal, dn/d2c534d69dbd@EXAMPLE.COM, success, client=admin/admin@EXAMPLE.COM, service=kadmin/admin@EXAMPLE.COM, addr=127.0.0.1
jhs         | INFO: Couldn't find grammar element for class javax.ws.rs.core.Response
kms_1       | 	at org.eclipse.jetty.util.thread.strategy.ExecuteProduceConsume.executeProduceConsume(ExecuteProduceConsume.java:303)
rm_1        | 2019-11-05 03:14:45 INFO  AsyncDispatcher:223 - Registering class org.apache.hadoop.yarn.server.resourcemanager.metrics.AbstractSystemMetricsPublisher$SystemMetricsEventType for class org.apache.hadoop.yarn.server.resourcemanager.metrics.TimelineServiceV1Publisher$TimelineV1EventHandler
om_1        | 2019-11-05 03:15:44,025 INFO ipc.Server: Auth successful for testuser/om@EXAMPLE.COM (auth:KERBEROS)
datanode_3  | 2019-11-05 03:15:03,477 INFO server.RaftServerConfigKeys: raft.server.notification.no-leader.timeout = 120s (custom)
nm_1        | 2019-11-05 03:14:52 INFO  AbstractConnector:278 - Started ServerConnector@49cf7125{HTTP/1.1,[http/1.1]}{0.0.0.0:8042}
scm_1       | 2019-11-05 03:16:27,661 INFO ipc.Server: Auth successful for om/om@EXAMPLE.COM (auth:KERBEROS)
datanode_1  | 2019-11-05 03:15:03,478 INFO segmented.SegmentedRaftLogWorker: new 87f1fbd0-afe0-4998-81a1-76d8c3de15c2@group-866D305E7B93-SegmentedRaftLogWorker for RaftStorage:Storage Directory /data/metadata/ratis/d36a547b-2200-4085-a229-866d305e7b93
datanode_2  | 2019-11-05 03:15:03,517 INFO server.RaftServerConfigKeys: raft.server.log.write.buffer.size = 33554432 (custom)
kdc_1       | Nov 05 03:14:27 kdc kadmind[15](info): closing down fd 18
jhs         | Nov 05, 2019 3:16:57 AM com.sun.jersey.server.wadl.generators.AbstractWadlGeneratorGrammarGenerator attachTypes
kms_1       | 	at org.eclipse.jetty.util.thread.strategy.ExecuteProduceConsume.produceConsume(ExecuteProduceConsume.java:148)
rm_1        | 2019-11-05 03:14:45 INFO  AsyncDispatcher:223 - Registering class org.apache.hadoop.yarn.server.resourcemanager.metrics.AbstractSystemMetricsPublisher$SystemMetricsEventType for class org.apache.hadoop.yarn.server.resourcemanager.metrics.TimelineServiceV1Publisher$TimelineV1EventHandler
om_1        | 2019-11-05 03:15:51,649 INFO ipc.Server: Auth successful for hadoop/rm@EXAMPLE.COM (auth:KERBEROS)
datanode_3  | 2019-11-05 03:15:03,477 INFO server.RaftServerConfigKeys: raft.server.log.use.memory = false (default)
nm_1        | 2019-11-05 03:14:52 INFO  Server:419 - Started @7532ms
datanode_1  | 2019-11-05 03:15:03,478 INFO server.RaftServerConfigKeys: raft.server.log.queue.byte-limit = 2147483647 (custom)
datanode_2  | 2019-11-05 03:15:03,517 INFO server.RaftServerConfigKeys: raft.server.log.force.sync.num = 128 (default)
scm_1       | 2019-11-05 03:16:27,723 INFO ipc.Server: Auth successful for dn/d4e2a21d03e6@EXAMPLE.COM (auth:KERBEROS)
kdc_1       | Nov 05 03:14:27 kdc kadmind[15](Notice): Request: kadm5_init, admin/admin@EXAMPLE.COM, success, client=admin/admin@EXAMPLE.COM, service=kadmin/admin@EXAMPLE.COM, addr=127.0.0.1, vers=4, flavor=6
jhs         | INFO: Couldn't find grammar element for class javax.ws.rs.core.Response
kms_1       | 	at org.eclipse.jetty.util.thread.strategy.ExecuteProduceConsume.run(ExecuteProduceConsume.java:136)
rm_1        | 2019-11-05 03:14:45 INFO  AsyncDispatcher:223 - Registering class org.apache.hadoop.yarn.server.resourcemanager.metrics.AbstractSystemMetricsPublisher$SystemMetricsEventType for class org.apache.hadoop.yarn.server.resourcemanager.metrics.TimelineServiceV1Publisher$TimelineV1EventHandler
om_1        | 2019-11-05 03:16:05,178 INFO ipc.Server: Auth successful for rm/rm@EXAMPLE.COM (auth:KERBEROS)
datanode_3  | 2019-11-05 03:15:03,478 INFO server.RaftServerConfigKeys: raft.server.log.purge.gap = 1000000 (custom)
nm_1        | 2019-11-05 03:14:52 INFO  WebApps:440 - Web app node started at 8042
datanode_1  | 2019-11-05 03:15:03,478 INFO server.RaftServerConfigKeys: raft.server.log.queue.element-limit = 1024 (custom)
datanode_2  | 2019-11-05 03:15:03,517 INFO server.RaftServerConfigKeys: raft.server.log.statemachine.data.sync = true (default)
kdc_1       | Nov 05 03:14:27 kdc kadmind[15](Notice): Request: kadm5_randkey_principal, dn/d2c534d69dbd@EXAMPLE.COM, success, client=admin/admin@EXAMPLE.COM, service=kadmin/admin@EXAMPLE.COM, addr=127.0.0.1
jhs         | Nov 05, 2019 3:16:57 AM com.sun.jersey.server.wadl.generators.AbstractWadlGeneratorGrammarGenerator attachTypes
kms_1       | 	at org.eclipse.jetty.util.thread.QueuedThreadPool.runJob(QueuedThreadPool.java:671)
rm_1        | 2019-11-05 03:14:45 INFO  AsyncDispatcher:223 - Registering class org.apache.hadoop.yarn.server.resourcemanager.metrics.AbstractSystemMetricsPublisher$SystemMetricsEventType for class org.apache.hadoop.yarn.server.resourcemanager.metrics.TimelineServiceV1Publisher$TimelineV1EventHandler
datanode_3  | 2019-11-05 03:15:03,478 INFO server.RaftServerConfigKeys: raft.server.log.appender.buffer.byte-limit = 33554432 (custom)
scm_1       | 2019-11-05 03:16:27,723 INFO ipc.Server: Auth successful for dn/4cd52899f600@EXAMPLE.COM (auth:KERBEROS)
nm_1        | 2019-11-05 03:14:52 INFO  NodeStatusUpdaterImpl:261 - Node ID assigned is : nm:34047
om_1        | 2019-11-05 03:16:08,111 INFO ipc.Server: Auth successful for nm/nm@EXAMPLE.COM (auth:KERBEROS)
datanode_1  | 2019-11-05 03:15:03,478 INFO server.RaftServerConfigKeys: raft.server.log.segment.size.max = 1048576 (custom)
datanode_2  | 2019-11-05 03:15:03,517 INFO server.RaftServerConfigKeys: raft.server.log.statemachine.data.sync.timeout = 10s (default)
kdc_1       | Nov 05 03:14:27 kdc kadmind[15](Notice): Request: kadm5_get_principal, dn/d2c534d69dbd@EXAMPLE.COM, success, client=admin/admin@EXAMPLE.COM, service=kadmin/admin@EXAMPLE.COM, addr=127.0.0.1
jhs         | INFO: Couldn't find grammar element for class javax.ws.rs.core.Response
kms_1       | 	at org.eclipse.jetty.util.thread.QueuedThreadPool$2.run(QueuedThreadPool.java:589)
rm_1        | 2019-11-05 03:14:45 INFO  log:192 - Logging initialized @4198ms
datanode_3  | 2019-11-05 03:15:03,478 INFO server.RaftServerConfigKeys: raft.server.log.segment.size.max = 1048576 (custom)
scm_1       | 2019-11-05 03:16:27,725 INFO ipc.Server: Auth successful for dn/c028291e1d79@EXAMPLE.COM (auth:KERBEROS)
nm_1        | 2019-11-05 03:14:52 INFO  JvmPauseMonitor:188 - Starting JVM pause monitor
om_1        | 2019-11-05 03:16:08,673 INFO ipc.Server: Auth successful for hadoop/rm@EXAMPLE.COM (auth:TOKEN)
datanode_1  | 2019-11-05 03:15:03,478 INFO server.RaftServerConfigKeys: raft.server.log.preallocated.size = 16384 (custom)
datanode_2  | 2019-11-05 03:15:03,517 INFO server.RaftServerConfigKeys: raft.server.log.statemachine.data.sync.timeout.retry = -1 (default)
kdc_1       | Nov 05 03:14:27 kdc kadmind[15](info): closing down fd 18
jhs         | 2019-11-05 03:16:57 INFO  AbstractDelegationTokenSecretManager:403 - Creating password for identifier: (TIMELINE_DELEGATION_TOKEN owner=hadoop, renewer=rm, realUser=, issueDate=1572923817313, maxDate=1573528617313, sequenceNumber=2, masterKeyId=2), currentKey: 2
kms_1       | 	at java.lang.Thread.run(Thread.java:748)
rm_1        | 2019-11-05 03:14:45 INFO  AuthenticationFilter:240 - Unable to initialize FileSignerSecretProvider, falling back to use random secrets.
datanode_3  | 2019-11-05 03:15:03,478 INFO server.RaftServerConfigKeys: raft.server.log.segment.cache.num.max = 2 (custom)
scm_1       | 2019-11-05 03:16:37,571 INFO ipc.Server: Auth successful for om/om@EXAMPLE.COM (auth:KERBEROS)
nm_1        | 2019-11-05 03:14:52 INFO  RMProxy:133 - Connecting to ResourceManager at rm/172.19.0.6:8031
om_1        | 2019-11-05 03:16:09,131 INFO ipc.Server: Auth successful for hadoop/rm@EXAMPLE.COM (auth:TOKEN)
datanode_1  | 2019-11-05 03:15:03,478 INFO server.RaftServerConfigKeys: raft.server.log.write.buffer.size = 33554432 (custom)
datanode_2  | 2019-11-05 03:15:03,518 INFO server.RaftServerConfigKeys: raft.server.log.statemachine.data.caching.enabled = true (custom)
kdc_1       | Nov 05 03:14:27 kdc kadmind[15](Notice): Request: kadm5_init, admin/admin@EXAMPLE.COM, success, client=admin/admin@EXAMPLE.COM, service=kadmin/admin@EXAMPLE.COM, addr=127.0.0.1, vers=4, flavor=6
jhs         | Nov 05, 2019 3:16:57 AM com.sun.jersey.server.wadl.generators.AbstractWadlGeneratorGrammarGenerator attachTypes
kms_1       | 
scm_1       | 2019-11-05 03:16:51,494 INFO ipc.Server: Auth successful for om/om@EXAMPLE.COM (auth:KERBEROS)
datanode_3  | 2019-11-05 03:15:03,478 INFO segmented.SegmentedRaftLogWorker: new 0edfb2a8-0af4-45f9-8c99-e1d9bc0e353a@group-866D305E7B93-SegmentedRaftLogWorker for RaftStorage:Storage Directory /data/metadata/ratis/d36a547b-2200-4085-a229-866d305e7b93
nm_1        | 2019-11-05 03:14:52 INFO  NodeStatusUpdaterImpl:652 - Sending out 0 NM container statuses: []
rm_1        | 2019-11-05 03:14:45 INFO  HttpRequestLog:81 - Http request log for http.requests.resourcemanager is not defined
om_1        | 2019-11-05 03:16:13,979 INFO ipc.Server: Auth successful for hadoop/rm@EXAMPLE.COM (auth:TOKEN)
datanode_1  | 2019-11-05 03:15:03,478 INFO server.RaftServerConfigKeys: raft.server.log.force.sync.num = 128 (default)
kdc_1       | Nov 05 03:14:27 kdc kadmind[15](Notice): Request: kadm5_get_policy, default, Policy does not exist, client=admin/admin@EXAMPLE.COM, service=kadmin/admin@EXAMPLE.COM, addr=127.0.0.1
jhs         | INFO: Couldn't find grammar element for class javax.ws.rs.core.Response
kms_1       | Nov 05, 2019 3:16:01 AM com.sun.jersey.server.wadl.generators.AbstractWadlGeneratorGrammarGenerator attachTypes
scm_1       | 2019-11-05 03:16:57,770 INFO ipc.Server: Auth successful for dn/d4e2a21d03e6@EXAMPLE.COM (auth:KERBEROS)
datanode_3  | 2019-11-05 03:15:03,478 INFO server.RaftServerConfigKeys: raft.server.log.queue.byte-limit = 2147483647 (custom)
nm_1        | 2019-11-05 03:14:52 INFO  NodeStatusUpdaterImpl:393 - Registering with RM using containers :[]
rm_1        | 2019-11-05 03:14:45 INFO  HttpServer2:975 - Added global filter 'safety' (class=org.apache.hadoop.http.HttpServer2$QuotingInputFilter)
om_1        | 2019-11-05 03:16:27,641 INFO ipc.Server: Auth successful for hadoop/rm@EXAMPLE.COM (auth:TOKEN)
datanode_1  | 2019-11-05 03:15:03,478 INFO server.RaftServerConfigKeys: raft.server.log.statemachine.data.sync = true (default)
datanode_2  | 2019-11-05 03:15:03,518 INFO segmented.SegmentedRaftLogWorker: 664d9ab9-8b73-458a-a9a4-6f67aafe37b2@group-866D305E7B93-SegmentedRaftLogWorker: flushIndex: setUnconditionally 0 -> -1
kdc_1       | Nov 05 03:14:27 kdc kadmind[15](Notice): Request: kadm5_create_principal, om/d4e2a21d03e6@EXAMPLE.COM, success, client=admin/admin@EXAMPLE.COM, service=kadmin/admin@EXAMPLE.COM, addr=127.0.0.1
jhs         | Nov 05, 2019 3:16:57 AM com.sun.jersey.server.wadl.generators.AbstractWadlGeneratorGrammarGenerator attachTypes
kms_1       | INFO: Couldn't find grammar element for class java.util.Map
scm_1       | 2019-11-05 03:16:57,772 INFO ipc.Server: Auth successful for dn/4cd52899f600@EXAMPLE.COM (auth:KERBEROS)
datanode_3  | 2019-11-05 03:15:03,478 INFO server.RaftServerConfigKeys: raft.server.log.queue.element-limit = 1024 (custom)
nm_1        | 2019-11-05 03:14:52 INFO  NMContainerTokenSecretManager:143 - Rolling master-key for container-tokens, got key with id -1117312029
rm_1        | 2019-11-05 03:14:45 INFO  HttpServer2:948 - Added filter static_user_filter (class=org.apache.hadoop.http.lib.StaticUserWebFilter$StaticUserFilter) to context cluster
om_1        | 2019-11-05 03:16:28,330 INFO ipc.Server: Auth successful for hadoop/rm@EXAMPLE.COM (auth:TOKEN)
datanode_2  | 2019-11-05 03:15:03,518 INFO server.RaftServerConfigKeys: raft.server.snapshot.auto.trigger.enabled = true (custom)
datanode_1  | 2019-11-05 03:15:03,478 INFO server.RaftServerConfigKeys: raft.server.log.statemachine.data.sync.timeout = 10s (default)
kdc_1       | Nov 05 03:14:27 kdc kadmind[15](info): closing down fd 18
jhs         | INFO: Couldn't find grammar element for class javax.ws.rs.core.Response
