s3g_1       | 	at org.apache.hadoop.ozone.protocolPB.OzoneManagerProtocolServerSideTranslatorPB.submitRequest(OzoneManagerProtocolServerSideTranslatorPB.java:100)
scm_1       | WARNING: Illegal reflective access by org.apache.ratis.thirdparty.com.google.protobuf.UnsafeUtil (file:/opt/hadoop/share/ozone/lib/ratis-thirdparty-misc-0.2.0.jar) to field java.nio.Buffer.address
om3_1       | 2019-11-05 02:45:17,060 INFO server.RaftServerConfigKeys: raft.server.log.queue.byte-limit = 64MB (=67108864) (default)
om2_1       | 2019-11-05 02:45:17,062 INFO segmented.SegmentedRaftLogWorker: new om2@group-562213E44849-SegmentedRaftLogWorker for RaftStorage:Storage Directory /data/metadata/ratis/fafe1b60-c241-37cc-98f4-562213e44849
datanode_3  | 2019-11-05 02:45:18,336 INFO server.RaftServerConfigKeys: raft.server.rpc.timeout.max = 5200ms (custom)
datanode_2  | 2019-11-05 02:45:18,392 INFO server.RaftServerConfigKeys: raft.server.log.statemachine.data.sync.timeout = 10s (default)
datanode_1  | 2019-11-05 02:45:18,334 INFO server.RaftServerConfigKeys: raft.server.rpcslowness.timeout = 120s (custom)
om1_1       | 2019-11-05 02:45:16,934 INFO segmented.SegmentedRaftLogWorker: new om1@group-562213E44849-SegmentedRaftLogWorker for RaftStorage:Storage Directory /data/metadata/ratis/fafe1b60-c241-37cc-98f4-562213e44849
s3g_1       | 	at org.apache.hadoop.ozone.protocol.proto.OzoneManagerProtocolProtos$OzoneManagerService$2.callBlockingMethod(OzoneManagerProtocolProtos.java)
scm_1       | WARNING: Please consider reporting this to the maintainers of org.apache.ratis.thirdparty.com.google.protobuf.UnsafeUtil
om3_1       | 2019-11-05 02:45:17,060 INFO server.RaftServerConfigKeys: raft.server.log.queue.element-limit = 4096 (default)
om2_1       | 2019-11-05 02:45:17,062 INFO server.RaftServerConfigKeys: raft.server.log.queue.byte-limit = 64MB (=67108864) (default)
datanode_3  | 2019-11-05 02:45:18,336 INFO server.RaftServerConfigKeys: raft.server.rpcslowness.timeout = 120s (custom)
datanode_2  | 2019-11-05 02:45:18,392 INFO server.RaftServerConfigKeys: raft.server.log.statemachine.data.sync.timeout.retry = -1 (default)
datanode_1  | 2019-11-05 02:45:18,335 INFO server.RaftServerConfigKeys: raft.server.sleep.deviation.threshold = 300 (default)
om1_1       | 2019-11-05 02:45:16,934 INFO server.RaftServerConfigKeys: raft.server.log.queue.byte-limit = 64MB (=67108864) (default)
s3g_1       | 	at org.apache.hadoop.ipc.ProtobufRpcEngine$Server$ProtoBufRpcInvoker.call(ProtobufRpcEngine.java:524)
om3_1       | 2019-11-05 02:45:17,061 INFO server.RaftServerConfigKeys: raft.server.log.segment.size.max = 16384 (custom)
om2_1       | 2019-11-05 02:45:17,063 INFO server.RaftServerConfigKeys: raft.server.log.queue.element-limit = 4096 (default)
scm_1       | WARNING: Use --illegal-access=warn to enable warnings of further illegal reflective access operations
datanode_3  | 2019-11-05 02:45:18,336 INFO server.RaftServerConfigKeys: raft.server.sleep.deviation.threshold = 300 (default)
datanode_2  | 2019-11-05 02:45:18,393 INFO server.RaftServerConfigKeys: raft.server.log.statemachine.data.caching.enabled = true (custom)
datanode_1  | 2019-11-05 02:45:18,335 INFO server.RaftServerConfigKeys: raft.server.log.appender.install.snapshot.enabled = false (custom)
om1_1       | 2019-11-05 02:45:16,935 INFO server.RaftServerConfigKeys: raft.server.log.queue.element-limit = 4096 (default)
s3g_1       | 	at org.apache.hadoop.ipc.RPC$Server.call(RPC.java:1025)
om3_1       | 2019-11-05 02:45:17,062 INFO server.RaftServerConfigKeys: raft.server.log.preallocated.size = 16384 (custom)
om2_1       | 2019-11-05 02:45:17,064 INFO server.RaftServerConfigKeys: raft.server.log.segment.size.max = 16384 (custom)
scm_1       | WARNING: All illegal access operations will be denied in a future release
datanode_3  | 2019-11-05 02:45:18,336 INFO server.RaftServerConfigKeys: raft.server.log.appender.install.snapshot.enabled = false (custom)
datanode_2  | 2019-11-05 02:45:18,393 INFO segmented.SegmentedRaftLogWorker: f493c340-5747-4d1a-b55e-adf7e3d5cf59@group-6849F3A077C5-SegmentedRaftLogWorker: flushIndex: setUnconditionally 0 -> -1
datanode_1  | 2019-11-05 02:45:18,335 INFO impl.RaftServerImpl: d2d21200-43bc-4deb-be9f-a32904a06fb9@group-6849F3A077C5: ConfigurationManager, init=-1: [d2d21200-43bc-4deb-be9f-a32904a06fb9:172.18.0.7:9858, f493c340-5747-4d1a-b55e-adf7e3d5cf59:172.18.0.9:9858, f080bf5a-b97e-4283-9816-c498e92c786a:172.18.0.6:9858], old=null, confs=<EMPTY_MAP>
om1_1       | 2019-11-05 02:45:16,936 INFO server.RaftServerConfigKeys: raft.server.log.segment.size.max = 16384 (custom)
s3g_1       | 	at org.apache.hadoop.ipc.Server$RpcCall.run(Server.java:876)
om3_1       | 2019-11-05 02:45:17,062 INFO server.RaftServerConfigKeys: raft.server.log.write.buffer.size = 64KB (=65536) (default)
om2_1       | 2019-11-05 02:45:17,064 INFO server.RaftServerConfigKeys: raft.server.log.preallocated.size = 16384 (custom)
scm_1       | 2019-11-05 02:45:17,214 INFO pipeline.PipelineStateManager: Created pipeline Pipeline[ Id: c4dfd699-879d-4dd7-bd15-801fea4aa48b, Nodes: f080bf5a-b97e-4283-9816-c498e92c786a{ip: 172.18.0.6, host: ozone-om-ha-s3_datanode_3.ozone-om-ha-s3_default, networkLocation: /default-rack, certSerialId: null}, Type:RATIS, Factor:ONE, State:OPEN]
datanode_3  | 2019-11-05 02:45:18,336 INFO impl.RaftServerImpl: f080bf5a-b97e-4283-9816-c498e92c786a@group-6849F3A077C5: ConfigurationManager, init=-1: [d2d21200-43bc-4deb-be9f-a32904a06fb9:172.18.0.7:9858, f493c340-5747-4d1a-b55e-adf7e3d5cf59:172.18.0.9:9858, f080bf5a-b97e-4283-9816-c498e92c786a:172.18.0.6:9858], old=null, confs=<EMPTY_MAP>
datanode_2  | 2019-11-05 02:45:18,393 INFO server.RaftServerConfigKeys: raft.server.snapshot.auto.trigger.enabled = true (custom)
datanode_1  | 2019-11-05 02:45:18,335 INFO server.RaftServerConfigKeys: raft.server.storage.dir = [/data/metadata/ratis] (custom)
om1_1       | 2019-11-05 02:45:16,936 INFO server.RaftServerConfigKeys: raft.server.log.preallocated.size = 16384 (custom)
s3g_1       | 	at org.apache.hadoop.ipc.Server$RpcCall.run(Server.java:822)
om3_1       | 2019-11-05 02:45:17,063 INFO server.RaftServerConfigKeys: raft.server.log.force.sync.num = 128 (default)
scm_1       | 2019-11-05 02:45:17,765 INFO pipeline.PipelineStateManager: Created pipeline Pipeline[ Id: 8f6db43a-6eb6-40da-9937-d850d1fccb81, Nodes: d2d21200-43bc-4deb-be9f-a32904a06fb9{ip: 172.18.0.7, host: ozone-om-ha-s3_datanode_1.ozone-om-ha-s3_default, networkLocation: /default-rack, certSerialId: null}, Type:RATIS, Factor:ONE, State:OPEN]
om2_1       | 2019-11-05 02:45:17,065 INFO server.RaftServerConfigKeys: raft.server.log.write.buffer.size = 64KB (=65536) (default)
datanode_3  | 2019-11-05 02:45:18,336 INFO server.RaftServerConfigKeys: raft.server.storage.dir = [/data/metadata/ratis] (custom)
datanode_2  | 2019-11-05 02:45:18,394 INFO server.RaftServerConfigKeys: raft.server.snapshot.auto.trigger.threshold = 10000 (custom)
datanode_1  | 2019-11-05 02:45:18,359 INFO server.RaftServerConfigKeys: raft.server.log.corruption.policy = EXCEPTION (default)
om1_1       | 2019-11-05 02:45:16,937 INFO server.RaftServerConfigKeys: raft.server.log.write.buffer.size = 64KB (=65536) (default)
s3g_1       | 	at java.base/java.security.AccessController.doPrivileged(Native Method)
om3_1       | 2019-11-05 02:45:17,065 INFO server.RaftServerConfigKeys: raft.server.log.statemachine.data.sync = true (default)
scm_1       | 2019-11-05 02:45:18,287 INFO pipeline.PipelineStateManager: Created pipeline Pipeline[ Id: c8c1edef-8524-406b-b7cd-62dcca68586c, Nodes: f493c340-5747-4d1a-b55e-adf7e3d5cf59{ip: 172.18.0.9, host: ozone-om-ha-s3_datanode_2.ozone-om-ha-s3_default, networkLocation: /default-rack, certSerialId: null}, Type:RATIS, Factor:ONE, State:OPEN]
om2_1       | 2019-11-05 02:45:17,065 INFO server.RaftServerConfigKeys: raft.server.log.force.sync.num = 128 (default)
datanode_3  | 2019-11-05 02:45:18,359 INFO server.RaftServerConfigKeys: raft.server.log.corruption.policy = EXCEPTION (default)
datanode_2  | 2019-11-05 02:45:18,394 INFO server.RaftServerConfigKeys: raft.server.snapshot.retention.file.num = 5 (custom)
datanode_1  | 2019-11-05 02:45:18,359 INFO storage.RaftStorageDirectory: The storage directory /data/metadata/ratis/20a1e406-dfd6-4226-b96a-6849f3a077c5 does not exist. Creating ...
om1_1       | 2019-11-05 02:45:16,937 INFO server.RaftServerConfigKeys: raft.server.log.force.sync.num = 128 (default)
s3g_1       | 	at java.base/javax.security.auth.Subject.doAs(Subject.java:423)
om3_1       | 2019-11-05 02:45:17,065 INFO server.RaftServerConfigKeys: raft.server.log.statemachine.data.sync.timeout = 10s (default)
scm_1       | 2019-11-05 02:45:18,409 INFO pipeline.PipelineStateManager: Created pipeline Pipeline[ Id: 20a1e406-dfd6-4226-b96a-6849f3a077c5, Nodes: d2d21200-43bc-4deb-be9f-a32904a06fb9{ip: 172.18.0.7, host: ozone-om-ha-s3_datanode_1.ozone-om-ha-s3_default, networkLocation: /default-rack, certSerialId: null}f493c340-5747-4d1a-b55e-adf7e3d5cf59{ip: 172.18.0.9, host: ozone-om-ha-s3_datanode_2.ozone-om-ha-s3_default, networkLocation: /default-rack, certSerialId: null}f080bf5a-b97e-4283-9816-c498e92c786a{ip: 172.18.0.6, host: ozone-om-ha-s3_datanode_3.ozone-om-ha-s3_default, networkLocation: /default-rack, certSerialId: null}, Type:RATIS, Factor:THREE, State:OPEN]
om2_1       | 2019-11-05 02:45:17,067 INFO server.RaftServerConfigKeys: raft.server.log.statemachine.data.sync = true (default)
datanode_3  | 2019-11-05 02:45:18,360 INFO storage.RaftStorageDirectory: The storage directory /data/metadata/ratis/20a1e406-dfd6-4226-b96a-6849f3a077c5 does not exist. Creating ...
datanode_2  | 2019-11-05 02:45:18,394 INFO server.RaftServerConfigKeys: raft.server.retrycache.expirytime = 600000ms (custom)
om1_1       | 2019-11-05 02:45:16,939 INFO server.RaftServerConfigKeys: raft.server.log.statemachine.data.sync = true (default)
datanode_1  | 2019-11-05 02:45:18,373 INFO storage.RaftStorageDirectory: Lock on /data/metadata/ratis/20a1e406-dfd6-4226-b96a-6849f3a077c5/in_use.lock acquired by nodename 7@cbacf1d622e1
s3g_1       | 	at org.apache.hadoop.security.UserGroupInformation.doAs(UserGroupInformation.java:1730)
om3_1       | 2019-11-05 02:45:17,065 INFO server.RaftServerConfigKeys: raft.server.log.statemachine.data.sync.timeout.retry = -1 (default)
scm_1       | 2019-11-05 02:47:17,585 INFO server.SCMBlockProtocolServer: SCM is informed by OM to delete 1 blocks
om2_1       | 2019-11-05 02:45:17,067 INFO server.RaftServerConfigKeys: raft.server.log.statemachine.data.sync.timeout = 10s (default)
datanode_3  | 2019-11-05 02:45:18,375 INFO storage.RaftStorageDirectory: Lock on /data/metadata/ratis/20a1e406-dfd6-4226-b96a-6849f3a077c5/in_use.lock acquired by nodename 7@6629d1674de7
datanode_2  | 2019-11-05 02:45:18,394 WARN impl.MetricRegistriesImpl: First MetricRegistry has been created without registering reporters. You may need to call MetricRegistries.global().addReportRegistration(...) before.
om1_1       | 2019-11-05 02:45:16,939 INFO server.RaftServerConfigKeys: raft.server.log.statemachine.data.sync.timeout = 10s (default)
datanode_1  | 2019-11-05 02:45:18,390 INFO storage.RaftStorage: Storage directory /data/metadata/ratis/20a1e406-dfd6-4226-b96a-6849f3a077c5 has been successfully formatted.
s3g_1       | 	at org.apache.hadoop.ipc.Server$Handler.run(Server.java:2682)
om3_1       | 2019-11-05 02:45:17,077 INFO server.RaftServerConfigKeys: raft.server.log.statemachine.data.caching.enabled = false (default)
scm_1       | 2019-11-05 02:47:17,586 INFO block.BlockManagerImpl: Deleting blocks conID: 3 locID: 103083017237626882 bcsId: 0
om2_1       | 2019-11-05 02:45:17,068 INFO server.RaftServerConfigKeys: raft.server.log.statemachine.data.sync.timeout.retry = -1 (default)
datanode_3  | 2019-11-05 02:45:18,390 INFO storage.RaftStorage: Storage directory /data/metadata/ratis/20a1e406-dfd6-4226-b96a-6849f3a077c5 has been successfully formatted.
datanode_2  | 2019-11-05 02:45:18,394 WARN impl.MetricRegistriesImpl: First MetricRegistry has been created without registering reporters. You may need to call MetricRegistries.global().addReportRegistration(...) before.
om1_1       | 2019-11-05 02:45:16,940 INFO server.RaftServerConfigKeys: raft.server.log.statemachine.data.sync.timeout.retry = -1 (default)
datanode_1  | 2019-11-05 02:45:18,391 INFO ratis.ContainerStateMachine: group-6849F3A077C5: The snapshot info is null. Setting the last applied indexto:(t:0, i:~)
om3_1       | 2019-11-05 02:45:17,082 INFO segmented.SegmentedRaftLogWorker: om3@group-562213E44849-SegmentedRaftLogWorker: flushIndex: setUnconditionally 0 -> -1
om2_1       | 2019-11-05 02:45:17,076 INFO server.RaftServerConfigKeys: raft.server.log.statemachine.data.caching.enabled = false (default)
scm_1       | 2019-11-05 02:48:17,626 INFO server.SCMBlockProtocolServer: SCM is informed by OM to delete 3 blocks
s3g_1       | , while invoking $Proxy83.submitRequest over nodeId=om1,nodeAddress=om1:9862 after 3 failover attempts. Trying to failover immediately.
datanode_3  | 2019-11-05 02:45:18,390 INFO ratis.ContainerStateMachine: group-6849F3A077C5: The snapshot info is null. Setting the last applied indexto:(t:0, i:~)
datanode_2  | 2019-11-05 02:45:18,394 INFO impl.RaftServerImpl: f493c340-5747-4d1a-b55e-adf7e3d5cf59@group-6849F3A077C5: start as a follower, conf=-1: [d2d21200-43bc-4deb-be9f-a32904a06fb9:172.18.0.7:9858, f493c340-5747-4d1a-b55e-adf7e3d5cf59:172.18.0.9:9858, f080bf5a-b97e-4283-9816-c498e92c786a:172.18.0.6:9858], old=null
om1_1       | 2019-11-05 02:45:16,948 INFO server.RaftServerConfigKeys: raft.server.log.statemachine.data.caching.enabled = false (default)
datanode_1  | 2019-11-05 02:45:18,391 INFO server.RaftServerConfigKeys: raft.server.notification.no-leader.timeout = 120s (custom)
om3_1       | 2019-11-05 02:45:17,085 INFO impl.MetricsConfig: Loaded properties from hadoop-metrics2.properties
om2_1       | 2019-11-05 02:45:17,080 INFO segmented.SegmentedRaftLogWorker: om2@group-562213E44849-SegmentedRaftLogWorker: flushIndex: setUnconditionally 0 -> -1
s3g_1       | 2019-11-05 02:46:33,677 INFO retry.RetryInvocationHandler: com.google.protobuf.ServiceException: org.apache.hadoop.ipc.RemoteException(org.apache.hadoop.ozone.om.exceptions.NotLeaderException): OM:om2 is not the leader. Could not determine the leader node.
datanode_3  | 2019-11-05 02:45:18,391 INFO server.RaftServerConfigKeys: raft.server.notification.no-leader.timeout = 120s (custom)
datanode_2  | 2019-11-05 02:45:18,394 INFO impl.RaftServerImpl: f493c340-5747-4d1a-b55e-adf7e3d5cf59@group-6849F3A077C5: changes role from      null to FOLLOWER at term 0 for startAsFollower
scm_1       | 2019-11-05 02:48:17,627 INFO block.BlockManagerImpl: Deleting blocks conID: 1 locID: 103083019970412556 bcsId: 0,conID: 2 locID: 103083019971264526 bcsId: 0,conID: 2 locID: 103083019971264525 bcsId: 0
om1_1       | 2019-11-05 02:45:16,953 INFO segmented.SegmentedRaftLogWorker: om1@group-562213E44849-SegmentedRaftLogWorker: flushIndex: setUnconditionally 0 -> -1
om3_1       | 2019-11-05 02:45:17,087 INFO server.RaftServerConfigKeys: raft.server.snapshot.auto.trigger.enabled = true (custom)
s3g_1       | 	at org.apache.hadoop.ozone.protocolPB.OzoneManagerProtocolServerSideTranslatorPB.createNotLeaderException(OzoneManagerProtocolServerSideTranslatorPB.java:190)
om2_1       | 2019-11-05 02:45:17,085 INFO server.RaftServerConfigKeys: raft.server.snapshot.auto.trigger.enabled = true (custom)
datanode_1  | 2019-11-05 02:45:18,392 INFO server.RaftServerConfigKeys: raft.server.log.use.memory = false (default)
datanode_3  | 2019-11-05 02:45:18,391 INFO server.RaftServerConfigKeys: raft.server.log.use.memory = false (default)
datanode_2  | 2019-11-05 02:45:18,395 INFO impl.RoleInfo: f493c340-5747-4d1a-b55e-adf7e3d5cf59: start FollowerState
scm_1       | 2019-11-05 02:48:17,628 INFO block.BlockManagerImpl: Deleting blocks conID: 2 locID: 103083019494293514 bcsId: 0
om1_1       | 2019-11-05 02:45:16,956 INFO server.RaftServerConfigKeys: raft.server.snapshot.auto.trigger.enabled = true (custom)
om3_1       | 2019-11-05 02:45:17,089 INFO server.RaftServerConfigKeys: raft.server.snapshot.auto.trigger.threshold = 400000 (default)
om2_1       | 2019-11-05 02:45:17,086 INFO server.RaftServerConfigKeys: raft.server.snapshot.auto.trigger.threshold = 400000 (default)
s3g_1       | 	at org.apache.hadoop.ozone.protocolPB.OzoneManagerProtocolServerSideTranslatorPB.submitReadRequestToOM(OzoneManagerProtocolServerSideTranslatorPB.java:176)
datanode_1  | 2019-11-05 02:45:18,392 INFO server.RaftServerConfigKeys: raft.server.log.purge.gap = 1000000 (custom)
datanode_3  | 2019-11-05 02:45:18,391 INFO server.RaftServerConfigKeys: raft.server.log.purge.gap = 1000000 (custom)
datanode_2  | 2019-11-05 02:45:18,395 INFO util.JmxRegister: Successfully registered JMX Bean with object name Ratis:service=RaftServer,group=group-6849F3A077C5,id=f493c340-5747-4d1a-b55e-adf7e3d5cf59
scm_1       | 2019-11-05 02:48:17,628 INFO block.BlockManagerImpl: Deleting blocks conID: 3 locID: 103083019554914315 bcsId: 0
om1_1       | 2019-11-05 02:45:16,957 INFO server.RaftServerConfigKeys: raft.server.snapshot.auto.trigger.threshold = 400000 (default)
om3_1       | 2019-11-05 02:45:17,089 INFO server.RaftServerConfigKeys: raft.server.snapshot.retention.file.num = -1 (default)
om2_1       | 2019-11-05 02:45:17,087 INFO server.RaftServerConfigKeys: raft.server.snapshot.retention.file.num = -1 (default)
s3g_1       | 	at org.apache.hadoop.ozone.protocolPB.OzoneManagerProtocolServerSideTranslatorPB.processRequest(OzoneManagerProtocolServerSideTranslatorPB.java:110)
datanode_1  | 2019-11-05 02:45:18,392 INFO server.RaftServerConfigKeys: raft.server.log.appender.buffer.byte-limit = 33554432 (custom)
datanode_3  | 2019-11-05 02:45:18,391 INFO server.RaftServerConfigKeys: raft.server.log.appender.buffer.byte-limit = 33554432 (custom)
datanode_2  | 2019-11-05 02:45:18,395 WARN impl.MetricRegistriesImpl: First MetricRegistry has been created without registering reporters. You may need to call MetricRegistries.global().addReportRegistration(...) before.
scm_1       | 2019-11-05 02:49:17,649 INFO server.SCMBlockProtocolServer: SCM is informed by OM to delete 5 blocks
om1_1       | 2019-11-05 02:45:16,957 INFO server.RaftServerConfigKeys: raft.server.snapshot.retention.file.num = -1 (default)
om3_1       | 2019-11-05 02:45:17,095 INFO server.RaftServerConfigKeys: raft.server.retrycache.expirytime = 600000ms (custom)
om2_1       | 2019-11-05 02:45:17,087 INFO server.RaftServerConfigKeys: raft.server.retrycache.expirytime = 600000ms (custom)
s3g_1       | 	at org.apache.hadoop.hdds.server.OzoneProtocolMessageDispatcher.processRequest(OzoneProtocolMessageDispatcher.java:72)
datanode_1  | 2019-11-05 02:45:18,393 INFO server.RaftServerConfigKeys: raft.server.log.segment.size.max = 1048576 (custom)
datanode_2  | 2019-11-05 02:45:23,408 INFO impl.FollowerState: f493c340-5747-4d1a-b55e-adf7e3d5cf59@group-62DCCA68586C-FollowerState: change to CANDIDATE, lastRpcTime:5172ms, electionTimeout:5172ms
om1_1       | 2019-11-05 02:45:16,958 INFO server.RaftServerConfigKeys: raft.server.retrycache.expirytime = 600000ms (custom)
scm_1       | 2019-11-05 02:49:17,650 INFO block.BlockManagerImpl: Deleting blocks conID: 2 locID: 103083023101001751 bcsId: 0
datanode_3  | 2019-11-05 02:45:18,392 INFO server.RaftServerConfigKeys: raft.server.log.segment.size.max = 1048576 (custom)
om3_1       | 2019-11-05 02:45:17,120 WARN impl.MetricRegistriesImpl: First MetricRegistry has been created without registering reporters. You may need to call MetricRegistries.global().addReportRegistration(...) before.
om2_1       | 2019-11-05 02:45:17,106 WARN impl.MetricRegistriesImpl: First MetricRegistry has been created without registering reporters. You may need to call MetricRegistries.global().addReportRegistration(...) before.
s3g_1       | 	at org.apache.hadoop.ozone.protocolPB.OzoneManagerProtocolServerSideTranslatorPB.submitRequest(OzoneManagerProtocolServerSideTranslatorPB.java:100)
datanode_2  | 2019-11-05 02:45:23,409 INFO impl.RoleInfo: f493c340-5747-4d1a-b55e-adf7e3d5cf59: shutdown FollowerState
scm_1       | 2019-11-05 02:49:17,650 INFO block.BlockManagerImpl: Deleting blocks conID: 3 locID: 103083023697051672 bcsId: 0
om1_1       | 2019-11-05 02:45:16,976 WARN impl.MetricRegistriesImpl: First MetricRegistry has been created without registering reporters. You may need to call MetricRegistries.global().addReportRegistration(...) before.
datanode_1  | 2019-11-05 02:45:18,393 INFO server.RaftServerConfigKeys: raft.server.log.segment.cache.num.max = 2 (custom)
datanode_3  | 2019-11-05 02:45:18,392 INFO server.RaftServerConfigKeys: raft.server.log.segment.cache.num.max = 2 (custom)
om3_1       | 2019-11-05 02:45:17,123 WARN impl.MetricRegistriesImpl: First MetricRegistry has been created without registering reporters. You may need to call MetricRegistries.global().addReportRegistration(...) before.
om2_1       | 2019-11-05 02:45:17,109 WARN impl.MetricRegistriesImpl: First MetricRegistry has been created without registering reporters. You may need to call MetricRegistries.global().addReportRegistration(...) before.
s3g_1       | 	at org.apache.hadoop.ozone.protocol.proto.OzoneManagerProtocolProtos$OzoneManagerService$2.callBlockingMethod(OzoneManagerProtocolProtos.java)
datanode_2  | 2019-11-05 02:45:23,409 INFO impl.RaftServerImpl: f493c340-5747-4d1a-b55e-adf7e3d5cf59@group-62DCCA68586C: changes role from  FOLLOWER to CANDIDATE at term 0 for changeToCandidate
scm_1       | 2019-11-05 02:49:17,651 INFO block.BlockManagerImpl: Deleting blocks conID: 1 locID: 103083024062349337 bcsId: 0
om1_1       | 2019-11-05 02:45:16,978 WARN impl.MetricRegistriesImpl: First MetricRegistry has been created without registering reporters. You may need to call MetricRegistries.global().addReportRegistration(...) before.
datanode_1  | 2019-11-05 02:45:18,393 INFO segmented.SegmentedRaftLogWorker: new d2d21200-43bc-4deb-be9f-a32904a06fb9@group-6849F3A077C5-SegmentedRaftLogWorker for RaftStorage:Storage Directory /data/metadata/ratis/20a1e406-dfd6-4226-b96a-6849f3a077c5
om3_1       | 2019-11-05 02:45:17,141 INFO impl.MetricsSystemImpl: Scheduled Metric snapshot period at 10 second(s).
om2_1       | 2019-11-05 02:45:17,112 INFO impl.MetricsConfig: Loaded properties from hadoop-metrics2.properties
scm_1       | 2019-11-05 02:49:17,651 INFO block.BlockManagerImpl: Deleting blocks conID: 2 locID: 103083024643260442 bcsId: 0
datanode_2  | 2019-11-05 02:45:23,412 INFO impl.RoleInfo: f493c340-5747-4d1a-b55e-adf7e3d5cf59: start LeaderElection
s3g_1       | 	at org.apache.hadoop.ipc.ProtobufRpcEngine$Server$ProtoBufRpcInvoker.call(ProtobufRpcEngine.java:524)
datanode_3  | 2019-11-05 02:45:18,392 INFO segmented.SegmentedRaftLogWorker: new f080bf5a-b97e-4283-9816-c498e92c786a@group-6849F3A077C5-SegmentedRaftLogWorker for RaftStorage:Storage Directory /data/metadata/ratis/20a1e406-dfd6-4226-b96a-6849f3a077c5
om1_1       | 2019-11-05 02:45:16,990 INFO impl.MetricsConfig: Loaded properties from hadoop-metrics2.properties
datanode_1  | 2019-11-05 02:45:18,393 INFO server.RaftServerConfigKeys: raft.server.log.queue.byte-limit = 2147483647 (custom)
om2_1       | 2019-11-05 02:45:17,184 INFO impl.MetricsSystemImpl: Scheduled Metric snapshot period at 10 second(s).
datanode_2  | 2019-11-05 02:45:23,438 INFO impl.LeaderElection: f493c340-5747-4d1a-b55e-adf7e3d5cf59@group-62DCCA68586C-LeaderElection1: begin an election at term 1 for -1: [f493c340-5747-4d1a-b55e-adf7e3d5cf59:172.18.0.9:9858], old=null
scm_1       | 2019-11-05 02:49:17,651 INFO block.BlockManagerImpl: Deleting blocks conID: 3 locID: 103083024687759387 bcsId: 0
om3_1       | 2019-11-05 02:45:17,141 INFO impl.MetricsSystemImpl: OzoneManager metrics system started
datanode_3  | 2019-11-05 02:45:18,392 INFO server.RaftServerConfigKeys: raft.server.log.queue.byte-limit = 2147483647 (custom)
om1_1       | 2019-11-05 02:45:17,045 INFO impl.MetricsSystemImpl: Scheduled Metric snapshot period at 10 second(s).
datanode_1  | 2019-11-05 02:45:18,393 INFO server.RaftServerConfigKeys: raft.server.log.queue.element-limit = 1024 (custom)
om2_1       | 2019-11-05 02:45:17,184 INFO impl.MetricsSystemImpl: OzoneManager metrics system started
datanode_2  | 2019-11-05 02:45:23,439 INFO impl.RoleInfo: f493c340-5747-4d1a-b55e-adf7e3d5cf59: shutdown LeaderElection
om3_1       | 2019-11-05 02:45:17,170 INFO ratis.OzoneManagerRatisServer: Starting OzoneManagerRatisServer om3 at port 9872
om1_1       | 2019-11-05 02:45:17,046 INFO impl.MetricsSystemImpl: OzoneManager metrics system started
datanode_3  | 2019-11-05 02:45:18,392 INFO server.RaftServerConfigKeys: raft.server.log.queue.element-limit = 1024 (custom)
s3g_1       | 	at org.apache.hadoop.ipc.RPC$Server.call(RPC.java:1025)
datanode_1  | 2019-11-05 02:45:18,394 INFO server.RaftServerConfigKeys: raft.server.log.segment.size.max = 1048576 (custom)
datanode_2  | 2019-11-05 02:45:23,439 INFO impl.RaftServerImpl: f493c340-5747-4d1a-b55e-adf7e3d5cf59@group-62DCCA68586C: changes role from CANDIDATE to LEADER at term 1 for changeToLeader
om3_1       | 2019-11-05 02:45:17,172 INFO impl.RaftServerImpl: om3@group-562213E44849: start as a follower, conf=-1: [om1:om1:9872, om3:om3:9872, om2:om2:9872], old=null
om1_1       | 2019-11-05 02:45:17,077 INFO ratis.OzoneManagerRatisServer: Starting OzoneManagerRatisServer om1 at port 9872
om2_1       | 2019-11-05 02:45:17,220 INFO ratis.OzoneManagerRatisServer: Starting OzoneManagerRatisServer om2 at port 9872
datanode_3  | 2019-11-05 02:45:18,393 INFO server.RaftServerConfigKeys: raft.server.log.segment.size.max = 1048576 (custom)
s3g_1       | 	at org.apache.hadoop.ipc.Server$RpcCall.run(Server.java:876)
datanode_1  | 2019-11-05 02:45:18,394 INFO server.RaftServerConfigKeys: raft.server.log.preallocated.size = 16384 (custom)
datanode_2  | 2019-11-05 02:45:23,439 INFO impl.RaftServerImpl: f493c340-5747-4d1a-b55e-adf7e3d5cf59@group-62DCCA68586C: change Leader from null to f493c340-5747-4d1a-b55e-adf7e3d5cf59 at term 1 for becomeLeader, leader elected after 5275ms
om3_1       | 2019-11-05 02:45:17,174 INFO impl.RaftServerImpl: om3@group-562213E44849: changes role from      null to FOLLOWER at term 0 for startAsFollower
om1_1       | 2019-11-05 02:45:17,079 INFO impl.RaftServerImpl: om1@group-562213E44849: start as a follower, conf=-1: [om1:om1:9872, om3:om3:9872, om2:om2:9872], old=null
om2_1       | 2019-11-05 02:45:17,223 INFO impl.RaftServerImpl: om2@group-562213E44849: start as a follower, conf=-1: [om1:om1:9872, om3:om3:9872, om2:om2:9872], old=null
datanode_3  | 2019-11-05 02:45:18,393 INFO server.RaftServerConfigKeys: raft.server.log.preallocated.size = 16384 (custom)
s3g_1       | 	at org.apache.hadoop.ipc.Server$RpcCall.run(Server.java:822)
datanode_1  | 2019-11-05 02:45:18,394 INFO server.RaftServerConfigKeys: raft.server.log.write.buffer.size = 33554432 (custom)
datanode_2  | 2019-11-05 02:45:23,440 INFO impl.FollowerState: f493c340-5747-4d1a-b55e-adf7e3d5cf59@group-6849F3A077C5-FollowerState: change to CANDIDATE, lastRpcTime:5045ms, electionTimeout:5045ms
om3_1       | 2019-11-05 02:45:17,175 INFO impl.RoleInfo: om3: start FollowerState
om1_1       | 2019-11-05 02:45:17,082 INFO impl.RaftServerImpl: om1@group-562213E44849: changes role from      null to FOLLOWER at term 0 for startAsFollower
om2_1       | 2019-11-05 02:45:17,225 INFO impl.RaftServerImpl: om2@group-562213E44849: changes role from      null to FOLLOWER at term 0 for startAsFollower
datanode_3  | 2019-11-05 02:45:18,393 INFO server.RaftServerConfigKeys: raft.server.log.write.buffer.size = 33554432 (custom)
s3g_1       | 	at java.base/java.security.AccessController.doPrivileged(Native Method)
datanode_1  | 2019-11-05 02:45:18,394 INFO server.RaftServerConfigKeys: raft.server.log.force.sync.num = 128 (default)
datanode_2  | 2019-11-05 02:45:23,441 INFO impl.RoleInfo: f493c340-5747-4d1a-b55e-adf7e3d5cf59: shutdown FollowerState
om3_1       | 2019-11-05 02:45:17,177 INFO util.JmxRegister: Successfully registered JMX Bean with object name Ratis:service=RaftServer,group=group-562213E44849,id=om3
om1_1       | 2019-11-05 02:45:17,084 INFO impl.RoleInfo: om1: start FollowerState
om2_1       | 2019-11-05 02:45:17,226 INFO impl.RoleInfo: om2: start FollowerState
s3g_1       | 	at java.base/javax.security.auth.Subject.doAs(Subject.java:423)
datanode_2  | 2019-11-05 02:45:23,441 INFO impl.RaftServerImpl: f493c340-5747-4d1a-b55e-adf7e3d5cf59@group-6849F3A077C5: changes role from  FOLLOWER to CANDIDATE at term 0 for changeToCandidate
datanode_1  | 2019-11-05 02:45:18,394 INFO server.RaftServerConfigKeys: raft.server.log.statemachine.data.sync = true (default)
datanode_3  | 2019-11-05 02:45:18,393 INFO server.RaftServerConfigKeys: raft.server.log.force.sync.num = 128 (default)
om3_1       | 2019-11-05 02:45:17,179 WARN impl.MetricRegistriesImpl: First MetricRegistry has been created without registering reporters. You may need to call MetricRegistries.global().addReportRegistration(...) before.
om1_1       | 2019-11-05 02:45:17,085 INFO util.JmxRegister: Successfully registered JMX Bean with object name Ratis:service=RaftServer,group=group-562213E44849,id=om1
om2_1       | 2019-11-05 02:45:17,229 INFO util.JmxRegister: Successfully registered JMX Bean with object name Ratis:service=RaftServer,group=group-562213E44849,id=om2
datanode_2  | 2019-11-05 02:45:23,441 INFO impl.RoleInfo: f493c340-5747-4d1a-b55e-adf7e3d5cf59: start LeaderElection
datanode_1  | 2019-11-05 02:45:18,395 INFO server.RaftServerConfigKeys: raft.server.log.statemachine.data.sync.timeout = 10s (default)
datanode_3  | 2019-11-05 02:45:18,393 INFO server.RaftServerConfigKeys: raft.server.log.statemachine.data.sync = true (default)
om3_1       | 2019-11-05 02:45:17,181 INFO impl.RaftServerProxy: om3: start RPC server
om1_1       | 2019-11-05 02:45:17,087 WARN impl.MetricRegistriesImpl: First MetricRegistry has been created without registering reporters. You may need to call MetricRegistries.global().addReportRegistration(...) before.
om2_1       | 2019-11-05 02:45:17,231 WARN impl.MetricRegistriesImpl: First MetricRegistry has been created without registering reporters. You may need to call MetricRegistries.global().addReportRegistration(...) before.
s3g_1       | 	at org.apache.hadoop.security.UserGroupInformation.doAs(UserGroupInformation.java:1730)
datanode_2  | 2019-11-05 02:45:23,444 INFO server.RaftServerConfigKeys: raft.server.staging.catchup.gap = 1000 (default)
datanode_1  | 2019-11-05 02:45:18,395 INFO server.RaftServerConfigKeys: raft.server.log.statemachine.data.sync.timeout.retry = -1 (default)
datanode_3  | 2019-11-05 02:45:18,393 INFO server.RaftServerConfigKeys: raft.server.log.statemachine.data.sync.timeout = 10s (default)
om3_1       | 2019-11-05 02:45:17,327 INFO server.GrpcService: om3: GrpcService started, listening on 0.0.0.0/0.0.0.0:9872
om1_1       | 2019-11-05 02:45:17,089 INFO impl.RaftServerProxy: om1: start RPC server
om2_1       | 2019-11-05 02:45:17,234 INFO impl.RaftServerProxy: om2: start RPC server
s3g_1       | 	at org.apache.hadoop.ipc.Server$Handler.run(Server.java:2682)
datanode_2  | 2019-11-05 02:45:23,444 INFO server.RaftServerConfigKeys: raft.server.rpc.sleep.time = 25ms (default)
datanode_1  | 2019-11-05 02:45:18,395 INFO server.RaftServerConfigKeys: raft.server.log.statemachine.data.caching.enabled = true (custom)
datanode_3  | 2019-11-05 02:45:18,393 INFO server.RaftServerConfigKeys: raft.server.log.statemachine.data.sync.timeout.retry = -1 (default)
om3_1       | 2019-11-05 02:45:17,353 INFO ipc.Server: IPC Server Responder: starting
om1_1       | 2019-11-05 02:45:17,190 INFO server.GrpcService: om1: GrpcService started, listening on 0.0.0.0/0.0.0.0:9872
om2_1       | 2019-11-05 02:45:17,346 INFO server.GrpcService: om2: GrpcService started, listening on 0.0.0.0/0.0.0.0:9872
s3g_1       | , while invoking $Proxy83.submitRequest over nodeId=om2,nodeAddress=om2:9862 after 4 failover attempts. Trying to failover immediately.
datanode_2  | 2019-11-05 02:45:23,446 INFO server.RaftServerConfigKeys: raft.server.write.element-limit = 4096 (default)
datanode_1  | 2019-11-05 02:45:18,396 INFO segmented.SegmentedRaftLogWorker: d2d21200-43bc-4deb-be9f-a32904a06fb9@group-6849F3A077C5-SegmentedRaftLogWorker: flushIndex: setUnconditionally 0 -> -1
datanode_3  | 2019-11-05 02:45:18,394 INFO server.RaftServerConfigKeys: raft.server.log.statemachine.data.caching.enabled = true (custom)
om1_1       | 2019-11-05 02:45:17,214 INFO ipc.Server: IPC Server Responder: starting
om3_1       | 2019-11-05 02:45:17,354 INFO ipc.Server: IPC Server listener on 9862: starting
om2_1       | 2019-11-05 02:45:17,360 INFO ipc.Server: IPC Server Responder: starting
s3g_1       | 2019-11-05 02:46:33,681 INFO retry.RetryInvocationHandler: com.google.protobuf.ServiceException: org.apache.hadoop.ipc.RemoteException(org.apache.hadoop.ozone.om.exceptions.NotLeaderException): OM:om3 is not the leader. Could not determine the leader node.
datanode_2  | 2019-11-05 02:45:23,450 INFO server.RaftServerConfigKeys: raft.server.watch.timeout = 10s (default)
datanode_1  | 2019-11-05 02:45:18,396 INFO server.RaftServerConfigKeys: raft.server.snapshot.auto.trigger.enabled = true (custom)
datanode_3  | 2019-11-05 02:45:18,394 INFO segmented.SegmentedRaftLogWorker: f080bf5a-b97e-4283-9816-c498e92c786a@group-6849F3A077C5-SegmentedRaftLogWorker: flushIndex: setUnconditionally 0 -> -1
om1_1       | 2019-11-05 02:45:17,215 INFO ipc.Server: IPC Server listener on 9862: starting
om3_1       | 2019-11-05 02:45:17,480 INFO hdfs.DFSUtil: Starting Web-server for ozoneManager at: http://0.0.0.0:9874
om2_1       | 2019-11-05 02:45:17,360 INFO ipc.Server: IPC Server listener on 9862: starting
s3g_1       | 	at org.apache.hadoop.ozone.protocolPB.OzoneManagerProtocolServerSideTranslatorPB.createNotLeaderException(OzoneManagerProtocolServerSideTranslatorPB.java:190)
datanode_2  | 2019-11-05 02:45:23,450 INFO server.RaftServerConfigKeys: raft.server.watch.timeout.denomination = 1s (default)
datanode_1  | 2019-11-05 02:45:18,396 INFO server.RaftServerConfigKeys: raft.server.snapshot.auto.trigger.threshold = 10000 (custom)
datanode_3  | 2019-11-05 02:45:18,394 INFO server.RaftServerConfigKeys: raft.server.snapshot.auto.trigger.enabled = true (custom)
om1_1       | 2019-11-05 02:45:17,292 INFO hdfs.DFSUtil: Starting Web-server for ozoneManager at: http://0.0.0.0:9874
om3_1       | 2019-11-05 02:45:17,665 INFO server.AuthenticationFilter: Unable to initialize FileSignerSecretProvider, falling back to use random secrets.
om2_1       | 2019-11-05 02:45:17,476 INFO hdfs.DFSUtil: Starting Web-server for ozoneManager at: http://0.0.0.0:9874
s3g_1       | 	at org.apache.hadoop.ozone.protocolPB.OzoneManagerProtocolServerSideTranslatorPB.submitReadRequestToOM(OzoneManagerProtocolServerSideTranslatorPB.java:176)
datanode_2  | 2019-11-05 02:45:23,451 INFO server.RaftServerConfigKeys: raft.server.watch.element-limit = 65536 (default)
datanode_1  | 2019-11-05 02:45:18,396 INFO server.RaftServerConfigKeys: raft.server.snapshot.retention.file.num = 5 (custom)
datanode_3  | 2019-11-05 02:45:18,394 INFO server.RaftServerConfigKeys: raft.server.snapshot.auto.trigger.threshold = 10000 (custom)
om1_1       | 2019-11-05 02:45:17,434 INFO server.AuthenticationFilter: Unable to initialize FileSignerSecretProvider, falling back to use random secrets.
om3_1       | 2019-11-05 02:45:17,669 INFO http.HttpRequestLog: Http request log for http.requests.ozoneManager is not defined
om2_1       | 2019-11-05 02:45:17,638 INFO server.AuthenticationFilter: Unable to initialize FileSignerSecretProvider, falling back to use random secrets.
s3g_1       | 	at org.apache.hadoop.ozone.protocolPB.OzoneManagerProtocolServerSideTranslatorPB.processRequest(OzoneManagerProtocolServerSideTranslatorPB.java:110)
datanode_2  | 2019-11-05 02:45:23,457 INFO impl.RoleInfo: f493c340-5747-4d1a-b55e-adf7e3d5cf59: start LeaderState
datanode_1  | 2019-11-05 02:45:18,397 INFO server.RaftServerConfigKeys: raft.server.retrycache.expirytime = 600000ms (custom)
datanode_3  | 2019-11-05 02:45:18,395 INFO server.RaftServerConfigKeys: raft.server.snapshot.retention.file.num = 5 (custom)
om1_1       | 2019-11-05 02:45:17,436 INFO http.HttpRequestLog: Http request log for http.requests.ozoneManager is not defined
om3_1       | 2019-11-05 02:45:17,679 INFO http.HttpServer2: Added global filter 'safety' (class=org.apache.hadoop.http.HttpServer2$QuotingInputFilter)
s3g_1       | 	at org.apache.hadoop.hdds.server.OzoneProtocolMessageDispatcher.processRequest(OzoneProtocolMessageDispatcher.java:72)
om2_1       | 2019-11-05 02:45:17,641 INFO http.HttpRequestLog: Http request log for http.requests.ozoneManager is not defined
datanode_2  | 2019-11-05 02:45:23,464 INFO impl.LeaderElection: f493c340-5747-4d1a-b55e-adf7e3d5cf59@group-6849F3A077C5-LeaderElection2: begin an election at term 1 for -1: [d2d21200-43bc-4deb-be9f-a32904a06fb9:172.18.0.7:9858, f493c340-5747-4d1a-b55e-adf7e3d5cf59:172.18.0.9:9858, f080bf5a-b97e-4283-9816-c498e92c786a:172.18.0.6:9858], old=null
datanode_1  | 2019-11-05 02:45:18,397 WARN impl.MetricRegistriesImpl: First MetricRegistry has been created without registering reporters. You may need to call MetricRegistries.global().addReportRegistration(...) before.
datanode_3  | 2019-11-05 02:45:18,395 INFO server.RaftServerConfigKeys: raft.server.retrycache.expirytime = 600000ms (custom)
om1_1       | 2019-11-05 02:45:17,443 INFO http.HttpServer2: Added global filter 'safety' (class=org.apache.hadoop.http.HttpServer2$QuotingInputFilter)
s3g_1       | 	at org.apache.hadoop.ozone.protocolPB.OzoneManagerProtocolServerSideTranslatorPB.submitRequest(OzoneManagerProtocolServerSideTranslatorPB.java:100)
om2_1       | 2019-11-05 02:45:17,652 INFO http.HttpServer2: Added global filter 'safety' (class=org.apache.hadoop.http.HttpServer2$QuotingInputFilter)
om3_1       | 2019-11-05 02:45:17,681 INFO http.HttpServer2: Added filter static_user_filter (class=org.apache.hadoop.http.lib.StaticUserWebFilter$StaticUserFilter) to context ozoneManager
datanode_2  | 2019-11-05 02:45:23,473 INFO segmented.SegmentedRaftLogWorker: f493c340-5747-4d1a-b55e-adf7e3d5cf59@group-62DCCA68586C-SegmentedRaftLogWorker: Starting segment from index:0
datanode_1  | 2019-11-05 02:45:18,397 WARN impl.MetricRegistriesImpl: First MetricRegistry has been created without registering reporters. You may need to call MetricRegistries.global().addReportRegistration(...) before.
datanode_3  | 2019-11-05 02:45:18,395 WARN impl.MetricRegistriesImpl: First MetricRegistry has been created without registering reporters. You may need to call MetricRegistries.global().addReportRegistration(...) before.
om1_1       | 2019-11-05 02:45:17,448 INFO http.HttpServer2: Added filter static_user_filter (class=org.apache.hadoop.http.lib.StaticUserWebFilter$StaticUserFilter) to context ozoneManager
s3g_1       | 	at org.apache.hadoop.ozone.protocol.proto.OzoneManagerProtocolProtos$OzoneManagerService$2.callBlockingMethod(OzoneManagerProtocolProtos.java)
om2_1       | 2019-11-05 02:45:17,655 INFO http.HttpServer2: Added filter static_user_filter (class=org.apache.hadoop.http.lib.StaticUserWebFilter$StaticUserFilter) to context ozoneManager
om3_1       | 2019-11-05 02:45:17,681 INFO http.HttpServer2: Added filter static_user_filter (class=org.apache.hadoop.http.lib.StaticUserWebFilter$StaticUserFilter) to context logs
datanode_2  | 2019-11-05 02:45:23,482 INFO impl.RaftServerImpl: f493c340-5747-4d1a-b55e-adf7e3d5cf59@group-62DCCA68586C: set configuration 0: [f493c340-5747-4d1a-b55e-adf7e3d5cf59:172.18.0.9:9858], old=null at 0
datanode_1  | 2019-11-05 02:45:18,397 INFO impl.RaftServerImpl: d2d21200-43bc-4deb-be9f-a32904a06fb9@group-6849F3A077C5: start as a follower, conf=-1: [d2d21200-43bc-4deb-be9f-a32904a06fb9:172.18.0.7:9858, f493c340-5747-4d1a-b55e-adf7e3d5cf59:172.18.0.9:9858, f080bf5a-b97e-4283-9816-c498e92c786a:172.18.0.6:9858], old=null
datanode_3  | 2019-11-05 02:45:18,395 WARN impl.MetricRegistriesImpl: First MetricRegistry has been created without registering reporters. You may need to call MetricRegistries.global().addReportRegistration(...) before.
om1_1       | 2019-11-05 02:45:17,448 INFO http.HttpServer2: Added filter static_user_filter (class=org.apache.hadoop.http.lib.StaticUserWebFilter$StaticUserFilter) to context logs
s3g_1       | 	at org.apache.hadoop.ipc.ProtobufRpcEngine$Server$ProtoBufRpcInvoker.call(ProtobufRpcEngine.java:524)
om3_1       | 2019-11-05 02:45:17,681 INFO http.HttpServer2: Added filter static_user_filter (class=org.apache.hadoop.http.lib.StaticUserWebFilter$StaticUserFilter) to context static
datanode_2  | 2019-11-05 02:45:23,605 INFO segmented.SegmentedRaftLogWorker: f493c340-5747-4d1a-b55e-adf7e3d5cf59@group-62DCCA68586C-SegmentedRaftLogWorker: created new log segment /data/metadata/ratis/c8c1edef-8524-406b-b7cd-62dcca68586c/current/log_inprogress_0
om2_1       | 2019-11-05 02:45:17,655 INFO http.HttpServer2: Added filter static_user_filter (class=org.apache.hadoop.http.lib.StaticUserWebFilter$StaticUserFilter) to context logs
datanode_1  | 2019-11-05 02:45:18,397 INFO impl.RaftServerImpl: d2d21200-43bc-4deb-be9f-a32904a06fb9@group-6849F3A077C5: changes role from      null to FOLLOWER at term 0 for startAsFollower
datanode_3  | 2019-11-05 02:45:18,395 INFO impl.RaftServerImpl: f080bf5a-b97e-4283-9816-c498e92c786a@group-6849F3A077C5: start as a follower, conf=-1: [d2d21200-43bc-4deb-be9f-a32904a06fb9:172.18.0.7:9858, f493c340-5747-4d1a-b55e-adf7e3d5cf59:172.18.0.9:9858, f080bf5a-b97e-4283-9816-c498e92c786a:172.18.0.6:9858], old=null
s3g_1       | 	at org.apache.hadoop.ipc.RPC$Server.call(RPC.java:1025)
om1_1       | 2019-11-05 02:45:17,449 INFO http.HttpServer2: Added filter static_user_filter (class=org.apache.hadoop.http.lib.StaticUserWebFilter$StaticUserFilter) to context static
om3_1       | 2019-11-05 02:45:17,704 WARN server.BaseHttpServer: /prof java profiling servlet is activated. Not safe for production!
om2_1       | 2019-11-05 02:45:17,655 INFO http.HttpServer2: Added filter static_user_filter (class=org.apache.hadoop.http.lib.StaticUserWebFilter$StaticUserFilter) to context static
datanode_1  | 2019-11-05 02:45:18,397 INFO impl.RoleInfo: d2d21200-43bc-4deb-be9f-a32904a06fb9: start FollowerState
datanode_2  | 2019-11-05 02:45:23,640 INFO impl.LeaderElection: f493c340-5747-4d1a-b55e-adf7e3d5cf59@group-6849F3A077C5-LeaderElection2: Election REJECTED; received 2 response(s) [f493c340-5747-4d1a-b55e-adf7e3d5cf59<-d2d21200-43bc-4deb-be9f-a32904a06fb9#0:FAIL-t1, f493c340-5747-4d1a-b55e-adf7e3d5cf59<-f080bf5a-b97e-4283-9816-c498e92c786a#0:FAIL-t1] and 0 exception(s); f493c340-5747-4d1a-b55e-adf7e3d5cf59@group-6849F3A077C5:t1, leader=null, voted=f493c340-5747-4d1a-b55e-adf7e3d5cf59, raftlog=f493c340-5747-4d1a-b55e-adf7e3d5cf59@group-6849F3A077C5-SegmentedRaftLog:OPENED:c-1,f-1,i0, conf=-1: [d2d21200-43bc-4deb-be9f-a32904a06fb9:172.18.0.7:9858, f493c340-5747-4d1a-b55e-adf7e3d5cf59:172.18.0.9:9858, f080bf5a-b97e-4283-9816-c498e92c786a:172.18.0.6:9858], old=null
datanode_3  | 2019-11-05 02:45:18,395 INFO impl.RaftServerImpl: f080bf5a-b97e-4283-9816-c498e92c786a@group-6849F3A077C5: changes role from      null to FOLLOWER at term 0 for startAsFollower
s3g_1       | 	at org.apache.hadoop.ipc.Server$RpcCall.run(Server.java:876)
om1_1       | 2019-11-05 02:45:17,478 WARN server.BaseHttpServer: /prof java profiling servlet is activated. Not safe for production!
om3_1       | 2019-11-05 02:45:17,707 INFO http.HttpServer2: Jetty bound to port 9874
om2_1       | 2019-11-05 02:45:17,676 WARN server.BaseHttpServer: /prof java profiling servlet is activated. Not safe for production!
datanode_1  | 2019-11-05 02:45:18,398 INFO util.JmxRegister: Successfully registered JMX Bean with object name Ratis:service=RaftServer,group=group-6849F3A077C5,id=d2d21200-43bc-4deb-be9f-a32904a06fb9
datanode_3  | 2019-11-05 02:45:18,395 INFO impl.RoleInfo: f080bf5a-b97e-4283-9816-c498e92c786a: start FollowerState
om1_1       | 2019-11-05 02:45:17,485 INFO http.HttpServer2: Jetty bound to port 9874
s3g_1       | 	at org.apache.hadoop.ipc.Server$RpcCall.run(Server.java:822)
datanode_2  | 2019-11-05 02:45:23,641 INFO impl.RaftServerImpl: f493c340-5747-4d1a-b55e-adf7e3d5cf59@group-6849F3A077C5: changes role from CANDIDATE to FOLLOWER at term 1 for DISCOVERED_A_NEW_TERM
om3_1       | 2019-11-05 02:45:17,708 INFO server.Server: jetty-9.3.25.v20180904, build timestamp: 2018-09-04T21:11:46Z, git hash: 3ce520221d0240229c862b122d2b06c12a625732
om2_1       | 2019-11-05 02:45:17,678 INFO http.HttpServer2: Jetty bound to port 9874
datanode_1  | 2019-11-05 02:45:18,398 WARN impl.MetricRegistriesImpl: First MetricRegistry has been created without registering reporters. You may need to call MetricRegistries.global().addReportRegistration(...) before.
datanode_3  | 2019-11-05 02:45:18,396 INFO util.JmxRegister: Successfully registered JMX Bean with object name Ratis:service=RaftServer,group=group-6849F3A077C5,id=f080bf5a-b97e-4283-9816-c498e92c786a
om1_1       | 2019-11-05 02:45:17,488 INFO server.Server: jetty-9.3.25.v20180904, build timestamp: 2018-09-04T21:11:46Z, git hash: 3ce520221d0240229c862b122d2b06c12a625732
s3g_1       | 	at java.base/java.security.AccessController.doPrivileged(Native Method)
datanode_2  | 2019-11-05 02:45:23,641 INFO impl.RoleInfo: f493c340-5747-4d1a-b55e-adf7e3d5cf59: shutdown LeaderElection
om3_1       | 2019-11-05 02:45:17,744 INFO handler.ContextHandler: Started o.e.j.s.ServletContextHandler@4d705112{/logs,file:///var/log/hadoop/,AVAILABLE}
om2_1       | 2019-11-05 02:45:17,679 INFO server.Server: jetty-9.3.25.v20180904, build timestamp: 2018-09-04T21:11:46Z, git hash: 3ce520221d0240229c862b122d2b06c12a625732
datanode_3  | 2019-11-05 02:45:18,396 WARN impl.MetricRegistriesImpl: First MetricRegistry has been created without registering reporters. You may need to call MetricRegistries.global().addReportRegistration(...) before.
om1_1       | 2019-11-05 02:45:17,540 INFO handler.ContextHandler: Started o.e.j.s.ServletContextHandler@47b33e07{/logs,file:///var/log/hadoop/,AVAILABLE}
s3g_1       | 	at java.base/javax.security.auth.Subject.doAs(Subject.java:423)
datanode_2  | 2019-11-05 02:45:23,641 INFO impl.RoleInfo: f493c340-5747-4d1a-b55e-adf7e3d5cf59: start FollowerState
datanode_1  | 2019-11-05 02:45:22,787 INFO impl.FollowerState: d2d21200-43bc-4deb-be9f-a32904a06fb9@group-D850D1FCCB81-FollowerState: change to CANDIDATE, lastRpcTime:5089ms, electionTimeout:5089ms
om3_1       | 2019-11-05 02:45:17,745 INFO handler.ContextHandler: Started o.e.j.s.ServletContextHandler@193bb809{/static,jar:file:/opt/hadoop/share/ozone/lib/hadoop-ozone-ozone-manager-0.5.0-SNAPSHOT.jar!/webapps/static,AVAILABLE}
om2_1       | 2019-11-05 02:45:17,717 INFO handler.ContextHandler: Started o.e.j.s.ServletContextHandler@4d705112{/logs,file:///var/log/hadoop/,AVAILABLE}
datanode_3  | 2019-11-05 02:45:22,254 INFO impl.FollowerState: f080bf5a-b97e-4283-9816-c498e92c786a@group-801FEA4AA48B-FollowerState: change to CANDIDATE, lastRpcTime:5160ms, electionTimeout:5159ms
om1_1       | 2019-11-05 02:45:17,541 INFO handler.ContextHandler: Started o.e.j.s.ServletContextHandler@626d2016{/static,jar:file:/opt/hadoop/share/ozone/lib/hadoop-ozone-ozone-manager-0.5.0-SNAPSHOT.jar!/webapps/static,AVAILABLE}
s3g_1       | 	at org.apache.hadoop.security.UserGroupInformation.doAs(UserGroupInformation.java:1730)
datanode_2  | 2019-11-05 02:45:28,704 INFO impl.FollowerState: f493c340-5747-4d1a-b55e-adf7e3d5cf59@group-6849F3A077C5-FollowerState: change to CANDIDATE, lastRpcTime:5062ms, electionTimeout:5062ms
datanode_1  | 2019-11-05 02:45:22,789 INFO impl.RoleInfo: d2d21200-43bc-4deb-be9f-a32904a06fb9: shutdown FollowerState
om3_1       | 2019-11-05 02:45:17,824 INFO handler.ContextHandler: Started o.e.j.w.WebAppContext@27585351{/,file:///tmp/jetty-0.0.0.0-9874-ozoneManager-_-any-7327525462141477713.dir/webapp/,AVAILABLE}{/ozoneManager}
om2_1       | 2019-11-05 02:45:17,718 INFO handler.ContextHandler: Started o.e.j.s.ServletContextHandler@193bb809{/static,jar:file:/opt/hadoop/share/ozone/lib/hadoop-ozone-ozone-manager-0.5.0-SNAPSHOT.jar!/webapps/static,AVAILABLE}
datanode_3  | 2019-11-05 02:45:22,255 INFO impl.RoleInfo: f080bf5a-b97e-4283-9816-c498e92c786a: shutdown FollowerState
om1_1       | 2019-11-05 02:45:17,639 INFO handler.ContextHandler: Started o.e.j.w.WebAppContext@d3e3085{/,file:///tmp/jetty-0.0.0.0-9874-ozoneManager-_-any-8632473355502703250.dir/webapp/,AVAILABLE}{/ozoneManager}
s3g_1       | 	at org.apache.hadoop.ipc.Server$Handler.run(Server.java:2682)
datanode_2  | 2019-11-05 02:45:28,705 INFO impl.RoleInfo: f493c340-5747-4d1a-b55e-adf7e3d5cf59: shutdown FollowerState
datanode_1  | 2019-11-05 02:45:22,789 INFO impl.RaftServerImpl: d2d21200-43bc-4deb-be9f-a32904a06fb9@group-D850D1FCCB81: changes role from  FOLLOWER to CANDIDATE at term 0 for changeToCandidate
om2_1       | 2019-11-05 02:45:17,808 INFO handler.ContextHandler: Started o.e.j.w.WebAppContext@27585351{/,file:///tmp/jetty-0.0.0.0-9874-ozoneManager-_-any-9422182645415362152.dir/webapp/,AVAILABLE}{/ozoneManager}
datanode_3  | 2019-11-05 02:45:22,256 INFO impl.RaftServerImpl: f080bf5a-b97e-4283-9816-c498e92c786a@group-801FEA4AA48B: changes role from  FOLLOWER to CANDIDATE at term 0 for changeToCandidate
om3_1       | 2019-11-05 02:45:17,830 INFO server.AbstractConnector: Started ServerConnector@1286022f{HTTP/1.1,[http/1.1]}{0.0.0.0:9874}
s3g_1       | , while invoking $Proxy83.submitRequest over nodeId=om3,nodeAddress=om3:9862 after 5 failover attempts. Trying to failover immediately.
datanode_2  | 2019-11-05 02:45:28,705 INFO impl.RaftServerImpl: f493c340-5747-4d1a-b55e-adf7e3d5cf59@group-6849F3A077C5: changes role from  FOLLOWER to CANDIDATE at term 1 for changeToCandidate
