datanode_3  | 2019-11-05 03:06:33,159 INFO storage.RaftStorage: Storage directory /data/metadata/ratis/8e816ef3-ab6d-4591-aedc-f20586c42247 has been successfully formatted.
datanode_2  | 2019-11-05 03:06:33,109 INFO server.RaftServerConfigKeys: raft.server.log.queue.element-limit = 1024 (custom)
s3g_1       | 	at org.glassfish.jersey.server.ServerRuntime$1.run(ServerRuntime.java:277)
datanode_1  | 2019-11-05 03:06:33,117 INFO server.RaftServerConfigKeys: raft.server.log.segment.cache.num.max = 2 (custom)
om_1        | 	at org.apache.hadoop.ozone.protocolPB.OzoneManagerProtocolServerSideTranslatorPB.processRequest(OzoneManagerProtocolServerSideTranslatorPB.java:132)
datanode_3  | 2019-11-05 03:06:33,161 INFO ratis.ContainerStateMachine: group-F20586C42247: The snapshot info is null. Setting the last applied indexto:(t:0, i:~)
datanode_2  | 2019-11-05 03:06:33,109 INFO server.RaftServerConfigKeys: raft.server.log.segment.size.max = 1048576 (custom)
s3g_1       | 	at org.glassfish.jersey.internal.Errors$1.call(Errors.java:272)
datanode_1  | 2019-11-05 03:06:33,117 INFO segmented.SegmentedRaftLogWorker: new caa4ff3e-30e8-4a81-9389-487fe32e3982@group-F20586C42247-SegmentedRaftLogWorker for RaftStorage:Storage Directory /data/metadata/ratis/8e816ef3-ab6d-4591-aedc-f20586c42247
om_1        | 	at org.apache.hadoop.hdds.server.OzoneProtocolMessageDispatcher.processRequest(OzoneProtocolMessageDispatcher.java:72)
datanode_2  | 2019-11-05 03:06:33,109 INFO server.RaftServerConfigKeys: raft.server.log.preallocated.size = 16384 (custom)
datanode_3  | 2019-11-05 03:06:33,161 INFO server.RaftServerConfigKeys: raft.server.notification.no-leader.timeout = 120s (custom)
s3g_1       | 	at org.glassfish.jersey.internal.Errors$1.call(Errors.java:268)
datanode_1  | 2019-11-05 03:06:33,117 INFO server.RaftServerConfigKeys: raft.server.log.queue.byte-limit = 2147483647 (custom)
om_1        | 	at org.apache.hadoop.ozone.protocolPB.OzoneManagerProtocolServerSideTranslatorPB.submitRequest(OzoneManagerProtocolServerSideTranslatorPB.java:100)
datanode_2  | 2019-11-05 03:06:33,109 INFO server.RaftServerConfigKeys: raft.server.log.write.buffer.size = 33554432 (custom)
datanode_3  | 2019-11-05 03:06:33,161 INFO server.RaftServerConfigKeys: raft.server.log.use.memory = false (default)
s3g_1       | 	at org.glassfish.jersey.internal.Errors.process(Errors.java:316)
datanode_1  | 2019-11-05 03:06:33,117 INFO server.RaftServerConfigKeys: raft.server.log.queue.element-limit = 1024 (custom)
om_1        | 	at org.apache.hadoop.ozone.protocol.proto.OzoneManagerProtocolProtos$OzoneManagerService$2.callBlockingMethod(OzoneManagerProtocolProtos.java)
datanode_2  | 2019-11-05 03:06:33,109 INFO server.RaftServerConfigKeys: raft.server.log.force.sync.num = 128 (default)
datanode_3  | 2019-11-05 03:06:33,162 INFO server.RaftServerConfigKeys: raft.server.log.purge.gap = 1000000 (custom)
s3g_1       | 	at org.glassfish.jersey.internal.Errors.process(Errors.java:298)
om_1        | 	at org.apache.hadoop.ipc.ProtobufRpcEngine$Server$ProtoBufRpcInvoker.call(ProtobufRpcEngine.java:524)
datanode_3  | 2019-11-05 03:06:33,162 INFO server.RaftServerConfigKeys: raft.server.log.appender.buffer.byte-limit = 33554432 (custom)
datanode_2  | 2019-11-05 03:06:33,109 INFO server.RaftServerConfigKeys: raft.server.log.statemachine.data.sync = true (default)
datanode_1  | 2019-11-05 03:06:33,119 INFO server.RaftServerConfigKeys: raft.server.log.segment.size.max = 1048576 (custom)
s3g_1       | 	at org.glassfish.jersey.internal.Errors.process(Errors.java:268)
om_1        | 	at org.apache.hadoop.ipc.RPC$Server.call(RPC.java:1025)
datanode_3  | 2019-11-05 03:06:33,162 INFO server.RaftServerConfigKeys: raft.server.log.segment.size.max = 1048576 (custom)
datanode_2  | 2019-11-05 03:06:33,109 INFO server.RaftServerConfigKeys: raft.server.log.statemachine.data.sync.timeout = 10s (default)
s3g_1       | 	at org.glassfish.jersey.process.internal.RequestScope.runInScope(RequestScope.java:289)
datanode_1  | 2019-11-05 03:06:33,119 INFO server.RaftServerConfigKeys: raft.server.log.preallocated.size = 16384 (custom)
om_1        | 	at org.apache.hadoop.ipc.Server$RpcCall.run(Server.java:876)
datanode_3  | 2019-11-05 03:06:33,162 INFO server.RaftServerConfigKeys: raft.server.log.segment.cache.num.max = 2 (custom)
datanode_2  | 2019-11-05 03:06:33,109 INFO server.RaftServerConfigKeys: raft.server.log.statemachine.data.sync.timeout.retry = -1 (default)
s3g_1       | 	at org.glassfish.jersey.server.ServerRuntime.process(ServerRuntime.java:256)
datanode_1  | 2019-11-05 03:06:33,119 INFO server.RaftServerConfigKeys: raft.server.log.write.buffer.size = 33554432 (custom)
om_1        | 	at org.apache.hadoop.ipc.Server$RpcCall.run(Server.java:822)
datanode_2  | 2019-11-05 03:06:33,109 INFO server.RaftServerConfigKeys: raft.server.log.statemachine.data.caching.enabled = true (custom)
datanode_3  | 2019-11-05 03:06:33,162 INFO segmented.SegmentedRaftLogWorker: new ea278b42-50e4-42b5-92c4-c3d62f140589@group-F20586C42247-SegmentedRaftLogWorker for RaftStorage:Storage Directory /data/metadata/ratis/8e816ef3-ab6d-4591-aedc-f20586c42247
s3g_1       | 	at org.glassfish.jersey.server.ApplicationHandler.handle(ApplicationHandler.java:703)
datanode_1  | 2019-11-05 03:06:33,119 INFO server.RaftServerConfigKeys: raft.server.log.force.sync.num = 128 (default)
om_1        | 	at java.base/java.security.AccessController.doPrivileged(Native Method)
datanode_2  | 2019-11-05 03:06:33,110 INFO segmented.SegmentedRaftLogWorker: 71c3cbec-1c62-4076-9b23-f955026bd67c@group-F20586C42247-SegmentedRaftLogWorker: flushIndex: setUnconditionally 0 -> -1
s3g_1       | 	at org.glassfish.jersey.servlet.WebComponent.serviceImpl(WebComponent.java:416)
datanode_3  | 2019-11-05 03:06:33,162 INFO server.RaftServerConfigKeys: raft.server.log.queue.byte-limit = 2147483647 (custom)
datanode_1  | 2019-11-05 03:06:33,119 INFO server.RaftServerConfigKeys: raft.server.log.statemachine.data.sync = true (default)
om_1        | 	at java.base/javax.security.auth.Subject.doAs(Subject.java:423)
datanode_2  | 2019-11-05 03:06:33,111 INFO server.RaftServerConfigKeys: raft.server.snapshot.auto.trigger.enabled = true (custom)
s3g_1       | 	at org.glassfish.jersey.servlet.WebComponent.service(WebComponent.java:370)
datanode_3  | 2019-11-05 03:06:33,162 INFO server.RaftServerConfigKeys: raft.server.log.queue.element-limit = 1024 (custom)
datanode_1  | 2019-11-05 03:06:33,120 INFO server.RaftServerConfigKeys: raft.server.log.statemachine.data.sync.timeout = 10s (default)
om_1        | 	at org.apache.hadoop.security.UserGroupInformation.doAs(UserGroupInformation.java:1730)
datanode_2  | 2019-11-05 03:06:33,111 INFO server.RaftServerConfigKeys: raft.server.snapshot.auto.trigger.threshold = 10000 (custom)
s3g_1       | 	at org.glassfish.jersey.servlet.ServletContainer.service(ServletContainer.java:389)
datanode_3  | 2019-11-05 03:06:33,162 INFO server.RaftServerConfigKeys: raft.server.log.segment.size.max = 1048576 (custom)
datanode_1  | 2019-11-05 03:06:33,120 INFO server.RaftServerConfigKeys: raft.server.log.statemachine.data.sync.timeout.retry = -1 (default)
om_1        | 	at org.apache.hadoop.ipc.Server$Handler.run(Server.java:2682)
datanode_2  | 2019-11-05 03:06:33,111 INFO server.RaftServerConfigKeys: raft.server.snapshot.retention.file.num = 5 (custom)
s3g_1       | 	at org.glassfish.jersey.servlet.ServletContainer.service(ServletContainer.java:342)
datanode_3  | 2019-11-05 03:06:33,163 INFO server.RaftServerConfigKeys: raft.server.log.preallocated.size = 16384 (custom)
datanode_1  | 2019-11-05 03:06:33,122 INFO server.RaftServerConfigKeys: raft.server.log.statemachine.data.caching.enabled = true (custom)
om_1        | 2019-11-05 03:10:01,641 ERROR multipart.S3MultipartUploadAbortRequest: Abort Multipart request is failed for KeyName multipartKey5 in VolumeName/Bucket s37c35ba70126b04fca007e4dbfab9c47c/bucket-93987
datanode_2  | 2019-11-05 03:06:33,111 INFO server.RaftServerConfigKeys: raft.server.retrycache.expirytime = 600000ms (custom)
datanode_3  | 2019-11-05 03:06:33,163 INFO server.RaftServerConfigKeys: raft.server.log.write.buffer.size = 33554432 (custom)
datanode_1  | 2019-11-05 03:06:33,123 INFO segmented.SegmentedRaftLogWorker: caa4ff3e-30e8-4a81-9389-487fe32e3982@group-F20586C42247-SegmentedRaftLogWorker: flushIndex: setUnconditionally 0 -> -1
s3g_1       | 	at org.glassfish.jersey.servlet.ServletContainer.service(ServletContainer.java:229)
om_1        | NO_SUCH_MULTIPART_UPLOAD_ERROR org.apache.hadoop.ozone.om.exceptions.OMException: Abort Multipart Upload Failed: volume: s37c35ba70126b04fca007e4dbfab9c47cbucket: bucket-93987key: multipartKey5
datanode_2  | 2019-11-05 03:06:33,111 WARN impl.MetricRegistriesImpl: First MetricRegistry has been created without registering reporters. You may need to call MetricRegistries.global().addReportRegistration(...) before.
datanode_3  | 2019-11-05 03:06:33,163 INFO server.RaftServerConfigKeys: raft.server.log.force.sync.num = 128 (default)
datanode_1  | 2019-11-05 03:06:33,124 INFO server.RaftServerConfigKeys: raft.server.snapshot.auto.trigger.enabled = true (custom)
om_1        | 	at org.apache.hadoop.ozone.om.request.s3.multipart.S3MultipartUploadAbortRequest.validateAndUpdateCache(S3MultipartUploadAbortRequest.java:116)
datanode_3  | 2019-11-05 03:06:33,163 INFO server.RaftServerConfigKeys: raft.server.log.statemachine.data.sync = true (default)
datanode_2  | 2019-11-05 03:06:33,112 WARN impl.MetricRegistriesImpl: First MetricRegistry has been created without registering reporters. You may need to call MetricRegistries.global().addReportRegistration(...) before.
s3g_1       | 	at org.eclipse.jetty.servlet.ServletHolder.handle(ServletHolder.java:840)
datanode_1  | 2019-11-05 03:06:33,125 INFO server.RaftServerConfigKeys: raft.server.snapshot.auto.trigger.threshold = 10000 (custom)
om_1        | 	at org.apache.hadoop.ozone.protocolPB.OzoneManagerProtocolServerSideTranslatorPB.submitRequestDirectlyToOM(OzoneManagerProtocolServerSideTranslatorPB.java:217)
datanode_3  | 2019-11-05 03:06:33,163 INFO server.RaftServerConfigKeys: raft.server.log.statemachine.data.sync.timeout = 10s (default)
datanode_2  | 2019-11-05 03:06:33,112 INFO impl.RaftServerImpl: 71c3cbec-1c62-4076-9b23-f955026bd67c@group-F20586C42247: start as a follower, conf=-1: [ea278b42-50e4-42b5-92c4-c3d62f140589:172.19.0.2:9858, 71c3cbec-1c62-4076-9b23-f955026bd67c:172.19.0.6:9858, caa4ff3e-30e8-4a81-9389-487fe32e3982:172.19.0.3:9858], old=null
s3g_1       | 	at org.eclipse.jetty.servlet.ServletHandler$CachedChain.doFilter(ServletHandler.java:1780)
datanode_1  | 2019-11-05 03:06:33,125 INFO server.RaftServerConfigKeys: raft.server.snapshot.retention.file.num = 5 (custom)
om_1        | 	at org.apache.hadoop.ozone.protocolPB.OzoneManagerProtocolServerSideTranslatorPB.processRequest(OzoneManagerProtocolServerSideTranslatorPB.java:132)
datanode_3  | 2019-11-05 03:06:33,163 INFO server.RaftServerConfigKeys: raft.server.log.statemachine.data.sync.timeout.retry = -1 (default)
datanode_2  | 2019-11-05 03:06:33,112 INFO impl.RaftServerImpl: 71c3cbec-1c62-4076-9b23-f955026bd67c@group-F20586C42247: changes role from      null to FOLLOWER at term 0 for startAsFollower
s3g_1       | 	at org.apache.hadoop.http.HttpServer2$QuotingInputFilter.doFilter(HttpServer2.java:1609)
datanode_1  | 2019-11-05 03:06:33,125 INFO server.RaftServerConfigKeys: raft.server.retrycache.expirytime = 600000ms (custom)
om_1        | 	at org.apache.hadoop.hdds.server.OzoneProtocolMessageDispatcher.processRequest(OzoneProtocolMessageDispatcher.java:72)
datanode_2  | 2019-11-05 03:06:33,112 INFO impl.RoleInfo: 71c3cbec-1c62-4076-9b23-f955026bd67c: start FollowerState
datanode_3  | 2019-11-05 03:06:33,164 INFO server.RaftServerConfigKeys: raft.server.log.statemachine.data.caching.enabled = true (custom)
s3g_1       | 	at org.eclipse.jetty.servlet.ServletHandler$CachedChain.doFilter(ServletHandler.java:1767)
datanode_1  | 2019-11-05 03:06:33,125 WARN impl.MetricRegistriesImpl: First MetricRegistry has been created without registering reporters. You may need to call MetricRegistries.global().addReportRegistration(...) before.
om_1        | 	at org.apache.hadoop.ozone.protocolPB.OzoneManagerProtocolServerSideTranslatorPB.submitRequest(OzoneManagerProtocolServerSideTranslatorPB.java:100)
datanode_2  | 2019-11-05 03:06:33,113 INFO util.JmxRegister: Successfully registered JMX Bean with object name Ratis:service=RaftServer,group=group-F20586C42247,id=71c3cbec-1c62-4076-9b23-f955026bd67c
datanode_3  | 2019-11-05 03:06:33,164 INFO segmented.SegmentedRaftLogWorker: ea278b42-50e4-42b5-92c4-c3d62f140589@group-F20586C42247-SegmentedRaftLogWorker: flushIndex: setUnconditionally 0 -> -1
s3g_1       | 	at org.apache.hadoop.http.NoCacheFilter.doFilter(NoCacheFilter.java:45)
datanode_1  | 2019-11-05 03:06:33,125 WARN impl.MetricRegistriesImpl: First MetricRegistry has been created without registering reporters. You may need to call MetricRegistries.global().addReportRegistration(...) before.
om_1        | 	at org.apache.hadoop.ozone.protocol.proto.OzoneManagerProtocolProtos$OzoneManagerService$2.callBlockingMethod(OzoneManagerProtocolProtos.java)
datanode_2  | 2019-11-05 03:06:33,113 WARN impl.MetricRegistriesImpl: First MetricRegistry has been created without registering reporters. You may need to call MetricRegistries.global().addReportRegistration(...) before.
datanode_3  | 2019-11-05 03:06:33,165 INFO server.RaftServerConfigKeys: raft.server.snapshot.auto.trigger.enabled = true (custom)
datanode_1  | 2019-11-05 03:06:33,127 INFO impl.RaftServerImpl: caa4ff3e-30e8-4a81-9389-487fe32e3982@group-F20586C42247: start as a follower, conf=-1: [ea278b42-50e4-42b5-92c4-c3d62f140589:172.19.0.2:9858, 71c3cbec-1c62-4076-9b23-f955026bd67c:172.19.0.6:9858, caa4ff3e-30e8-4a81-9389-487fe32e3982:172.19.0.3:9858], old=null
s3g_1       | 	at org.eclipse.jetty.servlet.ServletHandler$CachedChain.doFilter(ServletHandler.java:1767)
om_1        | 	at org.apache.hadoop.ipc.ProtobufRpcEngine$Server$ProtoBufRpcInvoker.call(ProtobufRpcEngine.java:524)
datanode_2  | 2019-11-05 03:06:37,983 INFO impl.FollowerState: 71c3cbec-1c62-4076-9b23-f955026bd67c@group-8F3B351949F3-FollowerState: change to CANDIDATE, lastRpcTime:5050ms, electionTimeout:5050ms
datanode_3  | 2019-11-05 03:06:33,165 INFO server.RaftServerConfigKeys: raft.server.snapshot.auto.trigger.threshold = 10000 (custom)
datanode_1  | 2019-11-05 03:06:33,128 INFO impl.RaftServerImpl: caa4ff3e-30e8-4a81-9389-487fe32e3982@group-F20586C42247: changes role from      null to FOLLOWER at term 0 for startAsFollower
s3g_1       | 	at org.eclipse.jetty.servlet.ServletHandler.doHandle(ServletHandler.java:583)
om_1        | 	at org.apache.hadoop.ipc.RPC$Server.call(RPC.java:1025)
datanode_2  | 2019-11-05 03:06:37,987 INFO impl.RoleInfo: 71c3cbec-1c62-4076-9b23-f955026bd67c: shutdown FollowerState
datanode_3  | 2019-11-05 03:06:33,166 INFO server.RaftServerConfigKeys: raft.server.snapshot.retention.file.num = 5 (custom)
datanode_1  | 2019-11-05 03:06:33,129 INFO impl.RoleInfo: caa4ff3e-30e8-4a81-9389-487fe32e3982: start FollowerState
s3g_1       | 	at org.eclipse.jetty.server.handler.ScopedHandler.handle(ScopedHandler.java:143)
om_1        | 	at org.apache.hadoop.ipc.Server$RpcCall.run(Server.java:876)
datanode_2  | 2019-11-05 03:06:37,987 INFO impl.RaftServerImpl: 71c3cbec-1c62-4076-9b23-f955026bd67c@group-8F3B351949F3: changes role from  FOLLOWER to CANDIDATE at term 0 for changeToCandidate
datanode_3  | 2019-11-05 03:06:33,166 INFO server.RaftServerConfigKeys: raft.server.retrycache.expirytime = 600000ms (custom)
datanode_1  | 2019-11-05 03:06:33,130 INFO util.JmxRegister: Successfully registered JMX Bean with object name Ratis:service=RaftServer,group=group-F20586C42247,id=caa4ff3e-30e8-4a81-9389-487fe32e3982
s3g_1       | 	at org.eclipse.jetty.security.SecurityHandler.handle(SecurityHandler.java:548)
om_1        | 	at org.apache.hadoop.ipc.Server$RpcCall.run(Server.java:822)
datanode_2  | 2019-11-05 03:06:37,990 INFO impl.RoleInfo: 71c3cbec-1c62-4076-9b23-f955026bd67c: start LeaderElection
datanode_3  | 2019-11-05 03:06:33,166 WARN impl.MetricRegistriesImpl: First MetricRegistry has been created without registering reporters. You may need to call MetricRegistries.global().addReportRegistration(...) before.
datanode_1  | 2019-11-05 03:06:33,130 WARN impl.MetricRegistriesImpl: First MetricRegistry has been created without registering reporters. You may need to call MetricRegistries.global().addReportRegistration(...) before.
s3g_1       | 	at org.eclipse.jetty.server.session.SessionHandler.doHandle(SessionHandler.java:226)
datanode_2  | 2019-11-05 03:06:38,015 INFO impl.LeaderElection: 71c3cbec-1c62-4076-9b23-f955026bd67c@group-8F3B351949F3-LeaderElection1: begin an election at term 1 for -1: [71c3cbec-1c62-4076-9b23-f955026bd67c:172.19.0.6:9858], old=null
om_1        | 	at java.base/java.security.AccessController.doPrivileged(Native Method)
datanode_3  | 2019-11-05 03:06:33,167 WARN impl.MetricRegistriesImpl: First MetricRegistry has been created without registering reporters. You may need to call MetricRegistries.global().addReportRegistration(...) before.
datanode_1  | 2019-11-05 03:06:37,186 INFO impl.FollowerState: caa4ff3e-30e8-4a81-9389-487fe32e3982@group-9DC5F4B8CCA5-FollowerState: change to CANDIDATE, lastRpcTime:5152ms, electionTimeout:5152ms
s3g_1       | 	at org.eclipse.jetty.server.handler.ContextHandler.doHandle(ContextHandler.java:1180)
datanode_2  | 2019-11-05 03:06:38,017 INFO impl.RoleInfo: 71c3cbec-1c62-4076-9b23-f955026bd67c: shutdown LeaderElection
om_1        | 	at java.base/javax.security.auth.Subject.doAs(Subject.java:423)
datanode_3  | 2019-11-05 03:06:33,167 INFO impl.RaftServerImpl: ea278b42-50e4-42b5-92c4-c3d62f140589@group-F20586C42247: start as a follower, conf=-1: [ea278b42-50e4-42b5-92c4-c3d62f140589:172.19.0.2:9858, 71c3cbec-1c62-4076-9b23-f955026bd67c:172.19.0.6:9858, caa4ff3e-30e8-4a81-9389-487fe32e3982:172.19.0.3:9858], old=null
datanode_1  | 2019-11-05 03:06:37,188 INFO impl.RoleInfo: caa4ff3e-30e8-4a81-9389-487fe32e3982: shutdown FollowerState
s3g_1       | 	at org.eclipse.jetty.servlet.ServletHandler.doScope(ServletHandler.java:513)
datanode_2  | 2019-11-05 03:06:38,018 INFO impl.RaftServerImpl: 71c3cbec-1c62-4076-9b23-f955026bd67c@group-8F3B351949F3: changes role from CANDIDATE to LEADER at term 1 for changeToLeader
om_1        | 	at org.apache.hadoop.security.UserGroupInformation.doAs(UserGroupInformation.java:1730)
datanode_3  | 2019-11-05 03:06:33,167 INFO impl.RaftServerImpl: ea278b42-50e4-42b5-92c4-c3d62f140589@group-F20586C42247: changes role from      null to FOLLOWER at term 0 for startAsFollower
datanode_1  | 2019-11-05 03:06:37,189 INFO impl.RaftServerImpl: caa4ff3e-30e8-4a81-9389-487fe32e3982@group-9DC5F4B8CCA5: changes role from  FOLLOWER to CANDIDATE at term 0 for changeToCandidate
s3g_1       | 	at org.eclipse.jetty.server.session.SessionHandler.doScope(SessionHandler.java:185)
datanode_2  | 2019-11-05 03:06:38,018 INFO impl.RaftServerImpl: 71c3cbec-1c62-4076-9b23-f955026bd67c@group-8F3B351949F3: change Leader from null to 71c3cbec-1c62-4076-9b23-f955026bd67c at term 1 for becomeLeader, leader elected after 5169ms
om_1        | 	at org.apache.hadoop.ipc.Server$Handler.run(Server.java:2682)
datanode_3  | 2019-11-05 03:06:33,168 INFO impl.RoleInfo: ea278b42-50e4-42b5-92c4-c3d62f140589: start FollowerState
s3g_1       | 	at org.eclipse.jetty.server.handler.ContextHandler.doScope(ContextHandler.java:1112)
datanode_1  | 2019-11-05 03:06:37,193 INFO impl.RoleInfo: caa4ff3e-30e8-4a81-9389-487fe32e3982: start LeaderElection
datanode_2  | 2019-11-05 03:06:38,021 INFO server.RaftServerConfigKeys: raft.server.staging.catchup.gap = 1000 (default)
om_1        | 2019-11-05 03:10:06,076 ERROR key.OMKeyRequest: ALLOCATE_KEY failed for Key: multipartKey in volume/bucket:s37c35ba70126b04fca007e4dbfab9c47c/bucket-93987
datanode_3  | 2019-11-05 03:06:33,168 INFO util.JmxRegister: Successfully registered JMX Bean with object name Ratis:service=RaftServer,group=group-F20586C42247,id=ea278b42-50e4-42b5-92c4-c3d62f140589
s3g_1       | 	at org.eclipse.jetty.server.handler.ScopedHandler.handle(ScopedHandler.java:141)
datanode_1  | 2019-11-05 03:06:37,207 INFO impl.LeaderElection: caa4ff3e-30e8-4a81-9389-487fe32e3982@group-9DC5F4B8CCA5-LeaderElection1: begin an election at term 1 for -1: [caa4ff3e-30e8-4a81-9389-487fe32e3982:172.19.0.3:9858], old=null
datanode_2  | 2019-11-05 03:06:38,021 INFO server.RaftServerConfigKeys: raft.server.rpc.sleep.time = 25ms (default)
om_1        | NO_SUCH_MULTIPART_UPLOAD_ERROR org.apache.hadoop.ozone.om.exceptions.OMException: No such Multipart upload is with specified uploadId random
datanode_3  | 2019-11-05 03:06:33,169 WARN impl.MetricRegistriesImpl: First MetricRegistry has been created without registering reporters. You may need to call MetricRegistries.global().addReportRegistration(...) before.
s3g_1       | 	at org.eclipse.jetty.server.handler.HandlerCollection.handle(HandlerCollection.java:119)
datanode_1  | 2019-11-05 03:06:37,208 INFO impl.RoleInfo: caa4ff3e-30e8-4a81-9389-487fe32e3982: shutdown LeaderElection
datanode_2  | 2019-11-05 03:06:38,024 INFO server.RaftServerConfigKeys: raft.server.write.element-limit = 4096 (default)
om_1        | 	at org.apache.hadoop.ozone.om.request.key.OMKeyRequest.prepareMultipartKeyInfo(OMKeyRequest.java:471)
datanode_3  | 2019-11-05 03:06:36,363 INFO impl.FollowerState: ea278b42-50e4-42b5-92c4-c3d62f140589@group-3B049DFF10C0-FollowerState: change to CANDIDATE, lastRpcTime:5039ms, electionTimeout:5039ms
datanode_1  | 2019-11-05 03:06:37,209 INFO impl.RaftServerImpl: caa4ff3e-30e8-4a81-9389-487fe32e3982@group-9DC5F4B8CCA5: changes role from CANDIDATE to LEADER at term 1 for changeToLeader
s3g_1       | 	at org.eclipse.jetty.server.handler.HandlerWrapper.handle(HandlerWrapper.java:134)
datanode_2  | 2019-11-05 03:06:38,028 INFO server.RaftServerConfigKeys: raft.server.watch.timeout = 10s (default)
om_1        | 	at org.apache.hadoop.ozone.om.request.key.OMKeyRequest.prepareKeyInfo(OMKeyRequest.java:423)
datanode_3  | 2019-11-05 03:06:36,364 INFO impl.RoleInfo: ea278b42-50e4-42b5-92c4-c3d62f140589: shutdown FollowerState
datanode_1  | 2019-11-05 03:06:37,209 INFO impl.RaftServerImpl: caa4ff3e-30e8-4a81-9389-487fe32e3982@group-9DC5F4B8CCA5: change Leader from null to caa4ff3e-30e8-4a81-9389-487fe32e3982 at term 1 for becomeLeader, leader elected after 5290ms
s3g_1       | 	at org.eclipse.jetty.server.Server.handle(Server.java:539)
om_1        | 	at org.apache.hadoop.ozone.om.request.key.OMKeyCreateRequest.validateAndUpdateCache(OMKeyCreateRequest.java:182)
datanode_3  | 2019-11-05 03:06:36,365 INFO impl.RaftServerImpl: ea278b42-50e4-42b5-92c4-c3d62f140589@group-3B049DFF10C0: changes role from  FOLLOWER to CANDIDATE at term 0 for changeToCandidate
datanode_1  | 2019-11-05 03:06:37,213 INFO server.RaftServerConfigKeys: raft.server.staging.catchup.gap = 1000 (default)
s3g_1       | 	at org.eclipse.jetty.server.HttpChannel.handle(HttpChannel.java:333)
datanode_2  | 2019-11-05 03:06:38,028 INFO server.RaftServerConfigKeys: raft.server.watch.timeout.denomination = 1s (default)
om_1        | 	at org.apache.hadoop.ozone.protocolPB.OzoneManagerProtocolServerSideTranslatorPB.submitRequestDirectlyToOM(OzoneManagerProtocolServerSideTranslatorPB.java:217)
datanode_3  | 2019-11-05 03:06:36,368 INFO impl.RoleInfo: ea278b42-50e4-42b5-92c4-c3d62f140589: start LeaderElection
datanode_1  | 2019-11-05 03:06:37,214 INFO server.RaftServerConfigKeys: raft.server.rpc.sleep.time = 25ms (default)
s3g_1       | 	at org.eclipse.jetty.server.HttpConnection.onFillable(HttpConnection.java:251)
datanode_2  | 2019-11-05 03:06:38,029 INFO server.RaftServerConfigKeys: raft.server.watch.element-limit = 65536 (default)
om_1        | 	at org.apache.hadoop.ozone.protocolPB.OzoneManagerProtocolServerSideTranslatorPB.processRequest(OzoneManagerProtocolServerSideTranslatorPB.java:132)
datanode_3  | 2019-11-05 03:06:36,445 INFO impl.LeaderElection: ea278b42-50e4-42b5-92c4-c3d62f140589@group-3B049DFF10C0-LeaderElection1: begin an election at term 1 for -1: [ea278b42-50e4-42b5-92c4-c3d62f140589:172.19.0.2:9858], old=null
datanode_1  | 2019-11-05 03:06:37,218 INFO server.RaftServerConfigKeys: raft.server.write.element-limit = 4096 (default)
s3g_1       | 	at org.eclipse.jetty.io.AbstractConnection$ReadCallback.succeeded(AbstractConnection.java:283)
datanode_2  | 2019-11-05 03:06:38,035 INFO impl.RoleInfo: 71c3cbec-1c62-4076-9b23-f955026bd67c: start LeaderState
om_1        | 	at org.apache.hadoop.hdds.server.OzoneProtocolMessageDispatcher.processRequest(OzoneProtocolMessageDispatcher.java:72)
datanode_3  | 2019-11-05 03:06:36,448 INFO impl.RoleInfo: ea278b42-50e4-42b5-92c4-c3d62f140589: shutdown LeaderElection
datanode_1  | 2019-11-05 03:06:37,225 INFO server.RaftServerConfigKeys: raft.server.watch.timeout = 10s (default)
s3g_1       | 	at org.eclipse.jetty.io.FillInterest.fillable(FillInterest.java:108)
datanode_2  | 2019-11-05 03:06:38,056 INFO segmented.SegmentedRaftLogWorker: 71c3cbec-1c62-4076-9b23-f955026bd67c@group-8F3B351949F3-SegmentedRaftLogWorker: Starting segment from index:0
om_1        | 	at org.apache.hadoop.ozone.protocolPB.OzoneManagerProtocolServerSideTranslatorPB.submitRequest(OzoneManagerProtocolServerSideTranslatorPB.java:100)
datanode_3  | 2019-11-05 03:06:36,449 INFO impl.RaftServerImpl: ea278b42-50e4-42b5-92c4-c3d62f140589@group-3B049DFF10C0: changes role from CANDIDATE to LEADER at term 1 for changeToLeader
datanode_1  | 2019-11-05 03:06:37,225 INFO server.RaftServerConfigKeys: raft.server.watch.timeout.denomination = 1s (default)
s3g_1       | 	at org.eclipse.jetty.io.SelectChannelEndPoint$2.run(SelectChannelEndPoint.java:93)
datanode_2  | 2019-11-05 03:06:38,073 INFO impl.RaftServerImpl: 71c3cbec-1c62-4076-9b23-f955026bd67c@group-8F3B351949F3: set configuration 0: [71c3cbec-1c62-4076-9b23-f955026bd67c:172.19.0.6:9858], old=null at 0
om_1        | 	at org.apache.hadoop.ozone.protocol.proto.OzoneManagerProtocolProtos$OzoneManagerService$2.callBlockingMethod(OzoneManagerProtocolProtos.java)
datanode_3  | 2019-11-05 03:06:36,451 INFO impl.RaftServerImpl: ea278b42-50e4-42b5-92c4-c3d62f140589@group-3B049DFF10C0: change Leader from null to ea278b42-50e4-42b5-92c4-c3d62f140589 at term 1 for becomeLeader, leader elected after 5212ms
datanode_1  | 2019-11-05 03:06:37,226 INFO server.RaftServerConfigKeys: raft.server.watch.element-limit = 65536 (default)
s3g_1       | 	at org.eclipse.jetty.util.thread.strategy.ExecuteProduceConsume.executeProduceConsume(ExecuteProduceConsume.java:303)
datanode_2  | 2019-11-05 03:06:38,121 INFO impl.FollowerState: 71c3cbec-1c62-4076-9b23-f955026bd67c@group-F20586C42247-FollowerState: change to CANDIDATE, lastRpcTime:5008ms, electionTimeout:5007ms
om_1        | 	at org.apache.hadoop.ipc.ProtobufRpcEngine$Server$ProtoBufRpcInvoker.call(ProtobufRpcEngine.java:524)
datanode_3  | 2019-11-05 03:06:36,461 INFO server.RaftServerConfigKeys: raft.server.staging.catchup.gap = 1000 (default)
datanode_1  | 2019-11-05 03:06:37,239 INFO impl.RoleInfo: caa4ff3e-30e8-4a81-9389-487fe32e3982: start LeaderState
s3g_1       | 	at org.eclipse.jetty.util.thread.strategy.ExecuteProduceConsume.produceConsume(ExecuteProduceConsume.java:148)
datanode_2  | 2019-11-05 03:06:38,122 INFO impl.RoleInfo: 71c3cbec-1c62-4076-9b23-f955026bd67c: shutdown FollowerState
datanode_1  | 2019-11-05 03:06:37,261 INFO segmented.SegmentedRaftLogWorker: caa4ff3e-30e8-4a81-9389-487fe32e3982@group-9DC5F4B8CCA5-SegmentedRaftLogWorker: Starting segment from index:0
datanode_3  | 2019-11-05 03:06:36,461 INFO server.RaftServerConfigKeys: raft.server.rpc.sleep.time = 25ms (default)
om_1        | 	at org.apache.hadoop.ipc.RPC$Server.call(RPC.java:1025)
s3g_1       | 	at org.eclipse.jetty.util.thread.strategy.ExecuteProduceConsume.run(ExecuteProduceConsume.java:136)
datanode_2  | 2019-11-05 03:06:38,122 INFO impl.RaftServerImpl: 71c3cbec-1c62-4076-9b23-f955026bd67c@group-F20586C42247: changes role from  FOLLOWER to CANDIDATE at term 0 for changeToCandidate
datanode_1  | 2019-11-05 03:06:37,269 INFO impl.RaftServerImpl: caa4ff3e-30e8-4a81-9389-487fe32e3982@group-9DC5F4B8CCA5: set configuration 0: [caa4ff3e-30e8-4a81-9389-487fe32e3982:172.19.0.3:9858], old=null at 0
datanode_3  | 2019-11-05 03:06:36,464 INFO server.RaftServerConfigKeys: raft.server.write.element-limit = 4096 (default)
om_1        | 	at org.apache.hadoop.ipc.Server$RpcCall.run(Server.java:876)
s3g_1       | 	at org.eclipse.jetty.util.thread.QueuedThreadPool.runJob(QueuedThreadPool.java:671)
datanode_2  | 2019-11-05 03:06:38,122 INFO impl.RoleInfo: 71c3cbec-1c62-4076-9b23-f955026bd67c: start LeaderElection
datanode_1  | 2019-11-05 03:06:37,381 INFO segmented.SegmentedRaftLogWorker: caa4ff3e-30e8-4a81-9389-487fe32e3982@group-9DC5F4B8CCA5-SegmentedRaftLogWorker: created new log segment /data/metadata/ratis/81afccc1-2faa-40a5-aa09-9dc5f4b8cca5/current/log_inprogress_0
datanode_3  | 2019-11-05 03:06:36,468 INFO server.RaftServerConfigKeys: raft.server.watch.timeout = 10s (default)
om_1        | 	at org.apache.hadoop.ipc.Server$RpcCall.run(Server.java:822)
s3g_1       | 	at org.eclipse.jetty.util.thread.QueuedThreadPool$2.run(QueuedThreadPool.java:589)
datanode_2  | 2019-11-05 03:06:38,147 INFO impl.LeaderElection: 71c3cbec-1c62-4076-9b23-f955026bd67c@group-F20586C42247-LeaderElection2: begin an election at term 1 for -1: [ea278b42-50e4-42b5-92c4-c3d62f140589:172.19.0.2:9858, 71c3cbec-1c62-4076-9b23-f955026bd67c:172.19.0.6:9858, caa4ff3e-30e8-4a81-9389-487fe32e3982:172.19.0.3:9858], old=null
datanode_1  | 2019-11-05 03:06:38,136 INFO impl.FollowerState: caa4ff3e-30e8-4a81-9389-487fe32e3982@group-F20586C42247-FollowerState: change to CANDIDATE, lastRpcTime:5006ms, electionTimeout:5006ms
datanode_3  | 2019-11-05 03:06:36,468 INFO server.RaftServerConfigKeys: raft.server.watch.timeout.denomination = 1s (default)
om_1        | 	at java.base/java.security.AccessController.doPrivileged(Native Method)
s3g_1       | 	at java.base/java.lang.Thread.run(Thread.java:834)
datanode_2  | 2019-11-05 03:06:38,194 INFO segmented.SegmentedRaftLogWorker: 71c3cbec-1c62-4076-9b23-f955026bd67c@group-8F3B351949F3-SegmentedRaftLogWorker: created new log segment /data/metadata/ratis/16c73538-ab26-409f-ae12-8f3b351949f3/current/log_inprogress_0
datanode_1  | 2019-11-05 03:06:38,137 INFO impl.RoleInfo: caa4ff3e-30e8-4a81-9389-487fe32e3982: shutdown FollowerState
datanode_3  | 2019-11-05 03:06:36,469 INFO server.RaftServerConfigKeys: raft.server.watch.element-limit = 65536 (default)
om_1        | 	at java.base/javax.security.auth.Subject.doAs(Subject.java:423)
s3g_1       | 2019-11-05 03:09:50,957 INFO io.BlockOutputStreamEntryPool: Allocating block with ExcludeList {datanodes = [], containerIds = [], pipelineIds = []}
datanode_2  | 2019-11-05 03:06:38,439 INFO impl.LeaderElection: 71c3cbec-1c62-4076-9b23-f955026bd67c@group-F20586C42247-LeaderElection2: Election REJECTED; received 2 response(s) [71c3cbec-1c62-4076-9b23-f955026bd67c<-ea278b42-50e4-42b5-92c4-c3d62f140589#0:FAIL-t1, 71c3cbec-1c62-4076-9b23-f955026bd67c<-caa4ff3e-30e8-4a81-9389-487fe32e3982#0:FAIL-t1] and 0 exception(s); 71c3cbec-1c62-4076-9b23-f955026bd67c@group-F20586C42247:t1, leader=null, voted=71c3cbec-1c62-4076-9b23-f955026bd67c, raftlog=71c3cbec-1c62-4076-9b23-f955026bd67c@group-F20586C42247-SegmentedRaftLog:OPENED:c-1,f-1,i0, conf=-1: [ea278b42-50e4-42b5-92c4-c3d62f140589:172.19.0.2:9858, 71c3cbec-1c62-4076-9b23-f955026bd67c:172.19.0.6:9858, caa4ff3e-30e8-4a81-9389-487fe32e3982:172.19.0.3:9858], old=null
datanode_1  | 2019-11-05 03:06:38,137 INFO impl.RaftServerImpl: caa4ff3e-30e8-4a81-9389-487fe32e3982@group-F20586C42247: changes role from  FOLLOWER to CANDIDATE at term 0 for changeToCandidate
om_1        | 	at org.apache.hadoop.security.UserGroupInformation.doAs(UserGroupInformation.java:1730)
datanode_3  | 2019-11-05 03:06:36,477 INFO impl.RoleInfo: ea278b42-50e4-42b5-92c4-c3d62f140589: start LeaderState
s3g_1       | 2019-11-05 03:09:51,874 INFO io.BlockOutputStreamEntryPool: Allocating block with ExcludeList {datanodes = [], containerIds = [], pipelineIds = []}
datanode_1  | 2019-11-05 03:06:38,137 INFO impl.RoleInfo: caa4ff3e-30e8-4a81-9389-487fe32e3982: start LeaderElection
datanode_2  | 2019-11-05 03:06:38,439 INFO impl.RaftServerImpl: 71c3cbec-1c62-4076-9b23-f955026bd67c@group-F20586C42247: changes role from CANDIDATE to FOLLOWER at term 1 for appendEntries
om_1        | 	at org.apache.hadoop.ipc.Server$Handler.run(Server.java:2682)
datanode_3  | 2019-11-05 03:06:36,495 INFO segmented.SegmentedRaftLogWorker: ea278b42-50e4-42b5-92c4-c3d62f140589@group-3B049DFF10C0-SegmentedRaftLogWorker: Starting segment from index:0
s3g_1       | 2019-11-05 03:09:52,826 ERROR endpoint.ObjectEndpoint: Error in Complete Multipart Upload Request for bucket: bucket-93987, key: multipartKey3
datanode_1  | 2019-11-05 03:06:38,148 INFO impl.LeaderElection: caa4ff3e-30e8-4a81-9389-487fe32e3982@group-F20586C42247-LeaderElection2: begin an election at term 1 for -1: [ea278b42-50e4-42b5-92c4-c3d62f140589:172.19.0.2:9858, 71c3cbec-1c62-4076-9b23-f955026bd67c:172.19.0.6:9858, caa4ff3e-30e8-4a81-9389-487fe32e3982:172.19.0.3:9858], old=null
datanode_3  | 2019-11-05 03:06:36,505 INFO impl.RaftServerImpl: ea278b42-50e4-42b5-92c4-c3d62f140589@group-3B049DFF10C0: set configuration 0: [ea278b42-50e4-42b5-92c4-c3d62f140589:172.19.0.2:9858], old=null at 0
s3g_1       | MISMATCH_MULTIPART_LIST org.apache.hadoop.ozone.om.exceptions.OMException: Complete Multipart Upload Failed: volume: s37c35ba70126b04fca007e4dbfab9c47cbucket: bucket-93987key: multipartKey3
datanode_1  | 2019-11-05 03:06:38,350 INFO impl.LeaderElection: caa4ff3e-30e8-4a81-9389-487fe32e3982@group-F20586C42247-LeaderElection2: Election PASSED; received 2 response(s) [caa4ff3e-30e8-4a81-9389-487fe32e3982<-ea278b42-50e4-42b5-92c4-c3d62f140589#0:OK-t1, caa4ff3e-30e8-4a81-9389-487fe32e3982<-71c3cbec-1c62-4076-9b23-f955026bd67c#0:FAIL-t1] and 0 exception(s); caa4ff3e-30e8-4a81-9389-487fe32e3982@group-F20586C42247:t1, leader=null, voted=caa4ff3e-30e8-4a81-9389-487fe32e3982, raftlog=caa4ff3e-30e8-4a81-9389-487fe32e3982@group-F20586C42247-SegmentedRaftLog:OPENED:c-1,f-1,i0, conf=-1: [ea278b42-50e4-42b5-92c4-c3d62f140589:172.19.0.2:9858, 71c3cbec-1c62-4076-9b23-f955026bd67c:172.19.0.6:9858, caa4ff3e-30e8-4a81-9389-487fe32e3982:172.19.0.3:9858], old=null
datanode_3  | 2019-11-05 03:06:36,602 INFO segmented.SegmentedRaftLogWorker: ea278b42-50e4-42b5-92c4-c3d62f140589@group-3B049DFF10C0-SegmentedRaftLogWorker: created new log segment /data/metadata/ratis/a8f498c4-561a-43ca-bc1f-3b049dff10c0/current/log_inprogress_0
datanode_2  | 2019-11-05 03:06:38,440 INFO impl.RoleInfo: 71c3cbec-1c62-4076-9b23-f955026bd67c: shutdown LeaderElection
s3g_1       | 	at org.apache.hadoop.ozone.om.protocolPB.OzoneManagerProtocolClientSideTranslatorPB.handleError(OzoneManagerProtocolClientSideTranslatorPB.java:758)
datanode_1  | 2019-11-05 03:06:38,350 INFO impl.RoleInfo: caa4ff3e-30e8-4a81-9389-487fe32e3982: shutdown LeaderElection
datanode_3  | 2019-11-05 03:06:38,304 INFO impl.RaftServerImpl: ea278b42-50e4-42b5-92c4-c3d62f140589@group-F20586C42247: changes role from  FOLLOWER to FOLLOWER at term 1 for recognizeCandidate:caa4ff3e-30e8-4a81-9389-487fe32e3982
datanode_2  | 2019-11-05 03:06:38,441 INFO impl.RoleInfo: 71c3cbec-1c62-4076-9b23-f955026bd67c: start FollowerState
s3g_1       | 	at org.apache.hadoop.ozone.om.protocolPB.OzoneManagerProtocolClientSideTranslatorPB.completeMultipartUpload(OzoneManagerProtocolClientSideTranslatorPB.java:1130)
datanode_1  | 2019-11-05 03:06:38,353 INFO impl.RaftServerImpl: caa4ff3e-30e8-4a81-9389-487fe32e3982@group-F20586C42247: changes role from CANDIDATE to LEADER at term 1 for changeToLeader
datanode_3  | 2019-11-05 03:06:38,305 INFO impl.RoleInfo: ea278b42-50e4-42b5-92c4-c3d62f140589: shutdown FollowerState
datanode_3  | 2019-11-05 03:06:38,305 INFO impl.FollowerState: ea278b42-50e4-42b5-92c4-c3d62f140589@group-F20586C42247-FollowerState was interrupted: java.lang.InterruptedException: sleep interrupted
s3g_1       | 	at java.base/jdk.internal.reflect.NativeMethodAccessorImpl.invoke0(Native Method)
datanode_3  | 2019-11-05 03:06:38,305 INFO impl.RoleInfo: ea278b42-50e4-42b5-92c4-c3d62f140589: start FollowerState
datanode_3  | 2019-11-05 03:06:38,435 INFO impl.RaftServerImpl: ea278b42-50e4-42b5-92c4-c3d62f140589@group-F20586C42247: change Leader from null to caa4ff3e-30e8-4a81-9389-487fe32e3982 at term 1 for appendEntries, leader elected after 5273ms
datanode_1  | 2019-11-05 03:06:38,354 INFO impl.RaftServerImpl: caa4ff3e-30e8-4a81-9389-487fe32e3982@group-F20586C42247: change Leader from null to caa4ff3e-30e8-4a81-9389-487fe32e3982 at term 1 for becomeLeader, leader elected after 5240ms
s3g_1       | 	at java.base/jdk.internal.reflect.NativeMethodAccessorImpl.invoke(NativeMethodAccessorImpl.java:62)
datanode_3  | 2019-11-05 03:06:38,464 INFO impl.RaftServerImpl: ea278b42-50e4-42b5-92c4-c3d62f140589@group-F20586C42247: set configuration 0: [ea278b42-50e4-42b5-92c4-c3d62f140589:172.19.0.2:9858, 71c3cbec-1c62-4076-9b23-f955026bd67c:172.19.0.6:9858, caa4ff3e-30e8-4a81-9389-487fe32e3982:172.19.0.3:9858], old=null at 0
datanode_2  | 2019-11-05 03:06:38,441 INFO impl.RaftServerImpl: 71c3cbec-1c62-4076-9b23-f955026bd67c@group-F20586C42247: change Leader from null to caa4ff3e-30e8-4a81-9389-487fe32e3982 at term 1 for appendEntries, leader elected after 5333ms
s3g_1       | 	at java.base/jdk.internal.reflect.DelegatingMethodAccessorImpl.invoke(DelegatingMethodAccessorImpl.java:43)
datanode_1  | 2019-11-05 03:06:38,354 INFO server.RaftServerConfigKeys: raft.server.staging.catchup.gap = 1000 (default)
datanode_3  | 2019-11-05 03:06:38,464 INFO segmented.SegmentedRaftLogWorker: ea278b42-50e4-42b5-92c4-c3d62f140589@group-F20586C42247-SegmentedRaftLogWorker: Starting segment from index:0
datanode_2  | 2019-11-05 03:06:38,464 INFO impl.RaftServerImpl: 71c3cbec-1c62-4076-9b23-f955026bd67c@group-F20586C42247: set configuration 0: [ea278b42-50e4-42b5-92c4-c3d62f140589:172.19.0.2:9858, 71c3cbec-1c62-4076-9b23-f955026bd67c:172.19.0.6:9858, caa4ff3e-30e8-4a81-9389-487fe32e3982:172.19.0.3:9858], old=null at 0
s3g_1       | 	at java.base/java.lang.reflect.Method.invoke(Method.java:566)
datanode_3  | 2019-11-05 03:06:38,499 INFO segmented.SegmentedRaftLogWorker: ea278b42-50e4-42b5-92c4-c3d62f140589@group-F20586C42247-SegmentedRaftLogWorker: created new log segment /data/metadata/ratis/8e816ef3-ab6d-4591-aedc-f20586c42247/current/log_inprogress_0
datanode_1  | 2019-11-05 03:06:38,354 INFO server.RaftServerConfigKeys: raft.server.rpc.sleep.time = 25ms (default)
s3g_1       | 	at org.apache.hadoop.hdds.tracing.TraceAllMethod.invoke(TraceAllMethod.java:66)
s3g_1       | 	at com.sun.proxy.$Proxy84.completeMultipartUpload(Unknown Source)
datanode_1  | 2019-11-05 03:06:38,355 INFO server.RaftServerConfigKeys: raft.server.write.element-limit = 4096 (default)
datanode_3  | 2019-11-05 03:07:29,409 WARN server.GrpcServerProtocolService: ea278b42-50e4-42b5-92c4-c3d62f140589: installSnapshot onError, lastRequest: caa4ff3e-30e8-4a81-9389-487fe32e3982->ea278b42-50e4-42b5-92c4-c3d62f140589#434-t1, previous=(t:1, i:419), leaderCommit=418, initializing? false, entries: <empty>: org.apache.ratis.thirdparty.io.grpc.StatusRuntimeException: CANCELLED: cancelled before receiving half close
datanode_2  | 2019-11-05 03:06:38,464 INFO segmented.SegmentedRaftLogWorker: 71c3cbec-1c62-4076-9b23-f955026bd67c@group-F20586C42247-SegmentedRaftLogWorker: Starting segment from index:0
s3g_1       | 	at org.apache.hadoop.ozone.client.rpc.RpcClient.completeMultipartUpload(RpcClient.java:902)
datanode_1  | 2019-11-05 03:06:38,355 INFO server.RaftServerConfigKeys: raft.server.watch.timeout = 10s (default)
datanode_2  | 2019-11-05 03:06:38,499 INFO segmented.SegmentedRaftLogWorker: 71c3cbec-1c62-4076-9b23-f955026bd67c@group-F20586C42247-SegmentedRaftLogWorker: created new log segment /data/metadata/ratis/8e816ef3-ab6d-4591-aedc-f20586c42247/current/log_inprogress_0
s3g_1       | 	at org.apache.hadoop.ozone.client.OzoneBucket.completeMultipartUpload(OzoneBucket.java:445)
datanode_1  | 2019-11-05 03:06:38,355 INFO server.RaftServerConfigKeys: raft.server.watch.timeout.denomination = 1s (default)
datanode_3  | Nov 05, 2019 3:07:29 AM org.apache.ratis.thirdparty.io.grpc.internal.SerializingExecutor run
datanode_2  | 2019-11-05 03:07:29,631 INFO client.GrpcClientProtocolService: Failed RaftClientRequest:client-934F83560CED->71c3cbec-1c62-4076-9b23-f955026bd67c@group-F20586C42247, cid=318, seq=0, Watch-ALL_COMMITTED(417), Message:<EMPTY>, reply=RaftClientReply:client-934F83560CED->71c3cbec-1c62-4076-9b23-f955026bd67c@group-F20586C42247, cid=318, FAILED org.apache.ratis.protocol.NotLeaderException: Server 71c3cbec-1c62-4076-9b23-f955026bd67c@group-F20586C42247 is not the leader caa4ff3e-30e8-4a81-9389-487fe32e3982:172.19.0.3:9858, logIndex=0, commits[71c3cbec-1c62-4076-9b23-f955026bd67c:c418, ea278b42-50e4-42b5-92c4-c3d62f140589:c415, caa4ff3e-30e8-4a81-9389-487fe32e3982:c418]
s3g_1       | 	at org.apache.hadoop.ozone.s3.endpoint.ObjectEndpoint.completeMultipartUpload(ObjectEndpoint.java:498)
datanode_1  | 2019-11-05 03:06:38,355 INFO server.RaftServerConfigKeys: raft.server.watch.element-limit = 65536 (default)
datanode_3  | SEVERE: Exception while executing runnable org.apache.ratis.thirdparty.io.grpc.internal.ServerImpl$JumpToApplicationThreadServerStreamListener$1Closed@5cf1706e
s3g_1       | 	at java.base/jdk.internal.reflect.NativeMethodAccessorImpl.invoke0(Native Method)
datanode_1  | 2019-11-05 03:06:38,359 INFO server.RaftServerConfigKeys: raft.server.log.appender.snapshot.chunk.size.max = 16MB (=16777216) (default)
datanode_3  | org.apache.ratis.thirdparty.io.grpc.StatusRuntimeException: CANCELLED: call already cancelled
s3g_1       | 	at java.base/jdk.internal.reflect.NativeMethodAccessorImpl.invoke(NativeMethodAccessorImpl.java:62)
datanode_1  | 2019-11-05 03:06:38,360 INFO server.RaftServerConfigKeys: raft.server.log.appender.buffer.byte-limit = 33554432 (custom)
datanode_3  | 	at org.apache.ratis.thirdparty.io.grpc.Status.asRuntimeException(Status.java:517)
s3g_1       | 	at java.base/jdk.internal.reflect.DelegatingMethodAccessorImpl.invoke(DelegatingMethodAccessorImpl.java:43)
datanode_1  | 2019-11-05 03:06:38,360 INFO server.RaftServerConfigKeys: raft.server.log.appender.buffer.element-limit = 1 (custom)
datanode_3  | 	at org.apache.ratis.thirdparty.io.grpc.stub.ServerCalls$ServerCallStreamObserverImpl.onCompleted(ServerCalls.java:356)
s3g_1       | 	at java.base/java.lang.reflect.Method.invoke(Method.java:566)
datanode_1  | 2019-11-05 03:06:38,364 INFO grpc.GrpcConfigKeys$Server: raft.grpc.server.leader.outstanding.appends.max = 128 (default)
datanode_3  | 	at org.apache.ratis.grpc.server.GrpcServerProtocolService$ServerRequestStreamObserver.onError(GrpcServerProtocolService.java:121)
s3g_1       | 	at org.glassfish.jersey.server.model.internal.ResourceMethodInvocationHandlerFactory.lambda$static$0(ResourceMethodInvocationHandlerFactory.java:76)
datanode_1  | 2019-11-05 03:06:38,365 INFO server.RaftServerConfigKeys: raft.server.rpc.request.timeout = 3000ms (default)
datanode_1  | 2019-11-05 03:06:38,365 INFO server.RaftServerConfigKeys: raft.server.log.appender.install.snapshot.enabled = false (custom)
s3g_1       | 	at org.glassfish.jersey.server.model.internal.AbstractJavaResourceMethodDispatcher$1.run(AbstractJavaResourceMethodDispatcher.java:148)
datanode_1  | 2019-11-05 03:06:38,366 WARN impl.MetricRegistriesImpl: First MetricRegistry has been created without registering reporters. You may need to call MetricRegistries.global().addReportRegistration(...) before.
datanode_3  | 	at org.apache.ratis.thirdparty.io.grpc.stub.ServerCalls$StreamingServerCallHandler$StreamingServerCallListener.onCancel(ServerCalls.java:269)
s3g_1       | 	at org.glassfish.jersey.server.model.internal.AbstractJavaResourceMethodDispatcher.invoke(AbstractJavaResourceMethodDispatcher.java:191)
datanode_1  | 2019-11-05 03:06:38,367 INFO server.RaftServerConfigKeys: raft.server.log.appender.snapshot.chunk.size.max = 16MB (=16777216) (default)
datanode_3  | 	at org.apache.ratis.thirdparty.io.grpc.internal.ServerCallImpl$ServerStreamListenerImpl.closed(ServerCallImpl.java:293)
s3g_1       | 	at org.glassfish.jersey.server.model.internal.JavaResourceMethodDispatcherProvider$ResponseOutInvoker.doDispatch(JavaResourceMethodDispatcherProvider.java:200)
s3g_1       | 	at org.glassfish.jersey.server.model.internal.AbstractJavaResourceMethodDispatcher.dispatch(AbstractJavaResourceMethodDispatcher.java:103)
s3g_1       | 	at org.glassfish.jersey.server.model.ResourceMethodInvoker.invoke(ResourceMethodInvoker.java:493)
s3g_1       | 	at org.glassfish.jersey.server.model.ResourceMethodInvoker.apply(ResourceMethodInvoker.java:415)
s3g_1       | 	at org.glassfish.jersey.server.model.ResourceMethodInvoker.apply(ResourceMethodInvoker.java:104)
s3g_1       | 	at org.glassfish.jersey.server.ServerRuntime$1.run(ServerRuntime.java:277)
s3g_1       | 	at org.glassfish.jersey.internal.Errors$1.call(Errors.java:272)
s3g_1       | 	at org.glassfish.jersey.internal.Errors$1.call(Errors.java:268)
s3g_1       | 	at org.glassfish.jersey.internal.Errors.process(Errors.java:316)
s3g_1       | 	at org.glassfish.jersey.internal.Errors.process(Errors.java:298)
s3g_1       | 	at org.glassfish.jersey.internal.Errors.process(Errors.java:268)
s3g_1       | 	at org.glassfish.jersey.process.internal.RequestScope.runInScope(RequestScope.java:289)
s3g_1       | 	at org.glassfish.jersey.server.ServerRuntime.process(ServerRuntime.java:256)
s3g_1       | 	at org.glassfish.jersey.server.ApplicationHandler.handle(ApplicationHandler.java:703)
s3g_1       | 	at org.glassfish.jersey.servlet.WebComponent.serviceImpl(WebComponent.java:416)
s3g_1       | 	at org.glassfish.jersey.servlet.WebComponent.service(WebComponent.java:370)
s3g_1       | 	at org.glassfish.jersey.servlet.ServletContainer.service(ServletContainer.java:389)
s3g_1       | 	at org.glassfish.jersey.servlet.ServletContainer.service(ServletContainer.java:342)
s3g_1       | 	at org.glassfish.jersey.servlet.ServletContainer.service(ServletContainer.java:229)
s3g_1       | 	at org.eclipse.jetty.servlet.ServletHolder.handle(ServletHolder.java:840)
s3g_1       | 	at org.eclipse.jetty.servlet.ServletHandler$CachedChain.doFilter(ServletHandler.java:1780)
s3g_1       | 	at org.apache.hadoop.http.HttpServer2$QuotingInputFilter.doFilter(HttpServer2.java:1609)
datanode_3  | 	at org.apache.ratis.thirdparty.io.grpc.internal.ServerImpl$JumpToApplicationThreadServerStreamListener$1Closed.runInContext(ServerImpl.java:741)
s3g_1       | 	at org.eclipse.jetty.servlet.ServletHandler$CachedChain.doFilter(ServletHandler.java:1767)
datanode_3  | 	at org.apache.ratis.thirdparty.io.grpc.internal.ContextRunnable.run(ContextRunnable.java:37)
s3g_1       | 	at org.apache.hadoop.http.NoCacheFilter.doFilter(NoCacheFilter.java:45)
datanode_1  | 2019-11-05 03:06:38,367 INFO server.RaftServerConfigKeys: raft.server.log.appender.buffer.byte-limit = 33554432 (custom)
datanode_3  | 	at org.apache.ratis.thirdparty.io.grpc.internal.SerializingExecutor.run(SerializingExecutor.java:123)
datanode_1  | 2019-11-05 03:06:38,368 INFO server.RaftServerConfigKeys: raft.server.log.appender.buffer.element-limit = 1 (custom)
datanode_3  | 	at java.base/java.util.concurrent.ThreadPoolExecutor.runWorker(ThreadPoolExecutor.java:1128)
datanode_1  | 2019-11-05 03:06:38,368 INFO grpc.GrpcConfigKeys$Server: raft.grpc.server.leader.outstanding.appends.max = 128 (default)
s3g_1       | 	at org.eclipse.jetty.servlet.ServletHandler$CachedChain.doFilter(ServletHandler.java:1767)
datanode_3  | 	at java.base/java.util.concurrent.ThreadPoolExecutor$Worker.run(ThreadPoolExecutor.java:628)
datanode_1  | 2019-11-05 03:06:38,368 INFO server.RaftServerConfigKeys: raft.server.rpc.request.timeout = 3000ms (default)
datanode_3  | 	at java.base/java.lang.Thread.run(Thread.java:834)
datanode_3  | 
s3g_1       | 	at org.eclipse.jetty.servlet.ServletHandler.doHandle(ServletHandler.java:583)
datanode_1  | 2019-11-05 03:06:38,368 INFO server.RaftServerConfigKeys: raft.server.log.appender.install.snapshot.enabled = false (custom)
s3g_1       | 	at org.eclipse.jetty.server.handler.ScopedHandler.handle(ScopedHandler.java:143)
datanode_3  | 2019-11-05 03:07:55,490 WARN util.JavaUtils: Unexpected long sleep: sleep(5199ms) actually took 6109ms which is over the threshold 300ms
s3g_1       | 	at org.eclipse.jetty.security.SecurityHandler.handle(SecurityHandler.java:548)
datanode_1  | 2019-11-05 03:06:38,371 INFO impl.RoleInfo: caa4ff3e-30e8-4a81-9389-487fe32e3982: start LeaderState
datanode_3  | 2019-11-05 03:07:55,493 INFO util.JvmPauseMonitor: Detected pause in JVM or host machine (eg GC): pause of approximately 3947ms
s3g_1       | 	at org.eclipse.jetty.server.session.SessionHandler.doHandle(SessionHandler.java:226)
datanode_1  | 2019-11-05 03:06:38,371 INFO segmented.SegmentedRaftLogWorker: caa4ff3e-30e8-4a81-9389-487fe32e3982@group-F20586C42247-SegmentedRaftLogWorker: Starting segment from index:0
datanode_3  | No GCs detected
s3g_1       | 	at org.eclipse.jetty.server.handler.ContextHandler.doHandle(ContextHandler.java:1180)
s3g_1       | 	at org.eclipse.jetty.servlet.ServletHandler.doScope(ServletHandler.java:513)
datanode_1  | 2019-11-05 03:06:38,374 INFO impl.RaftServerImpl: caa4ff3e-30e8-4a81-9389-487fe32e3982@group-F20586C42247: set configuration 0: [ea278b42-50e4-42b5-92c4-c3d62f140589:172.19.0.2:9858, 71c3cbec-1c62-4076-9b23-f955026bd67c:172.19.0.6:9858, caa4ff3e-30e8-4a81-9389-487fe32e3982:172.19.0.3:9858], old=null at 0
s3g_1       | 	at org.eclipse.jetty.server.session.SessionHandler.doScope(SessionHandler.java:185)
