kdc_1       | Nov 07 03:50:20 kdc kadmind[15](Notice): Request: kadm5_init, admin/admin@EXAMPLE.COM, success, client=admin/admin@EXAMPLE.COM, service=kadmin/admin@EXAMPLE.COM, addr=127.0.0.1, vers=4, flavor=6
datanode_2  | 2019-11-07 03:50:42,487 INFO server.RaftServerConfigKeys: raft.server.snapshot.auto.trigger.threshold = 10000 (custom)
om_1        | 2019-11-07 03:51:50,329 INFO ipc.Server: Auth successful for testuser/scm@EXAMPLE.COM (auth:KERBEROS)
datanode_3  | 2019-11-07 03:50:47,468 INFO impl.RaftServerImpl: aeed0056-0bc8-4712-9ac5-60dfd069944c@group-565F080FC2CB: set configuration 0: [aeed0056-0bc8-4712-9ac5-60dfd069944c:172.19.0.8:9858], old=null at 0
s3g_1       | 20191107/us-west-1/s3/aws4_request
datanode_1  | 2019-11-07 03:50:42,463 INFO server.RaftServerConfigKeys: raft.server.retrycache.expirytime = 600000ms (custom)
scm_1       | 2019-11-07 03:52:02,662 INFO ipc.Server: Auth successful for dn/f70f457aac91@EXAMPLE.COM (auth:KERBEROS)
kdc_1       | Nov 07 03:50:20 kdc kadmind[15](Notice): Request: kadm5_randkey_principal, HTTP/s3g@EXAMPLE.COM, success, client=admin/admin@EXAMPLE.COM, service=kadmin/admin@EXAMPLE.COM, addr=127.0.0.1
datanode_2  | 2019-11-07 03:50:42,487 INFO server.RaftServerConfigKeys: raft.server.snapshot.retention.file.num = 5 (custom)
om_1        | 2019-11-07 03:51:50,341 INFO authorize.ServiceAuthorizationManager: Authorization successful for testuser/scm@EXAMPLE.COM (auth:KERBEROS) for protocol=interface org.apache.hadoop.ozone.om.protocol.OzoneManagerProtocol
datanode_3  | 2019-11-07 03:50:47,552 INFO impl.FollowerState: aeed0056-0bc8-4712-9ac5-60dfd069944c@group-C86FA589626E-FollowerState: change to CANDIDATE, lastRpcTime:5063ms, electionTimeout:5063ms
s3g_1       | fffa3455f693e14f932ff0fbab5eaddf28174e6ab2c0e61cf7c3860683b27a00, signature=76164676e4227ffccb1529e3d42d2c7f9bff7dcbd1aa42e2b91925ccc7cc8835, awsAccessKeyId=dlfknslnfslf, while invoking $Proxy83.submitRequest over nodeId=null,nodeAddress=om:9862 after 15 failover attempts. Trying to failover immediately.
datanode_1  | 2019-11-07 03:50:42,463 WARN impl.MetricRegistriesImpl: First MetricRegistry has been created without registering reporters. You may need to call MetricRegistries.global().addReportRegistration(...) before.
scm_1       | 2019-11-07 03:52:02,663 INFO ipc.Server: Auth successful for dn/182ea6cdede9@EXAMPLE.COM (auth:KERBEROS)
kdc_1       | Nov 07 03:50:20 kdc kadmind[15](Notice): Request: kadm5_get_principal, HTTP/s3g@EXAMPLE.COM, success, client=admin/admin@EXAMPLE.COM, service=kadmin/admin@EXAMPLE.COM, addr=127.0.0.1
datanode_2  | 2019-11-07 03:50:42,487 INFO server.RaftServerConfigKeys: raft.server.retrycache.expirytime = 600000ms (custom)
om_1        | 2019-11-07 03:51:53,072 INFO ipc.Server: Auth successful for testuser/scm@EXAMPLE.COM (auth:KERBEROS)
datanode_3  | 2019-11-07 03:50:47,553 INFO impl.RoleInfo: aeed0056-0bc8-4712-9ac5-60dfd069944c: shutdown FollowerState
s3g_1       | 2019-11-07 03:58:01,497 WARN ipc.Client: Exception encountered while connecting to the server : org.apache.hadoop.ipc.RemoteException(org.apache.hadoop.security.token.SecretManager$InvalidToken): No S3 secret found for S3 identifier:OzoneToken owner=dlfknslnfslf, renewer=, realUser=, issueDate=0, maxDate=0, sequenceNumber=0, masterKeyId=0, strToSign=AWS4-HMAC-SHA256
datanode_1  | 2019-11-07 03:50:42,463 WARN impl.MetricRegistriesImpl: First MetricRegistry has been created without registering reporters. You may need to call MetricRegistries.global().addReportRegistration(...) before.
scm_1       | 2019-11-07 03:52:02,665 INFO authorize.ServiceAuthorizationManager: Authorization successful for dn/f70f457aac91@EXAMPLE.COM (auth:KERBEROS) for protocol=interface org.apache.hadoop.ozone.protocol.StorageContainerDatanodeProtocol
kdc_1       | Nov 07 03:50:20 kdc kadmind[15](info): closing down fd 18
datanode_2  | 2019-11-07 03:50:42,488 WARN impl.MetricRegistriesImpl: First MetricRegistry has been created without registering reporters. You may need to call MetricRegistries.global().addReportRegistration(...) before.
om_1        | 2019-11-07 03:51:53,085 INFO authorize.ServiceAuthorizationManager: Authorization successful for testuser/scm@EXAMPLE.COM (auth:KERBEROS) for protocol=interface org.apache.hadoop.ozone.om.protocol.OzoneManagerProtocol
datanode_3  | 2019-11-07 03:50:47,553 INFO impl.RaftServerImpl: aeed0056-0bc8-4712-9ac5-60dfd069944c@group-C86FA589626E: changes role from  FOLLOWER to CANDIDATE at term 0 for changeToCandidate
s3g_1       | 20191107T035801Z
datanode_1  | 2019-11-07 03:50:42,464 INFO impl.RaftServerImpl: 4c0b5d3d-3e5b-4f49-a402-f704f6d80ff1@group-C86FA589626E: start as a follower, conf=-1: [4c0b5d3d-3e5b-4f49-a402-f704f6d80ff1:172.19.0.3:9858, aeed0056-0bc8-4712-9ac5-60dfd069944c:172.19.0.8:9858, b6d0ae77-cbcf-4c52-9187-bed8aa2c0cc0:172.19.0.5:9858], old=null
scm_1       | 2019-11-07 03:52:02,666 INFO authorize.ServiceAuthorizationManager: Authorization successful for dn/182ea6cdede9@EXAMPLE.COM (auth:KERBEROS) for protocol=interface org.apache.hadoop.ozone.protocol.StorageContainerDatanodeProtocol
kdc_1       | Nov 07 03:50:20 kdc kadmind[15](Notice): Request: kadm5_init, admin/admin@EXAMPLE.COM, success, client=admin/admin@EXAMPLE.COM, service=kadmin/admin@EXAMPLE.COM, addr=127.0.0.1, vers=4, flavor=6
datanode_2  | 2019-11-07 03:50:42,488 WARN impl.MetricRegistriesImpl: First MetricRegistry has been created without registering reporters. You may need to call MetricRegistries.global().addReportRegistration(...) before.
om_1        | 2019-11-07 03:51:55,835 INFO ipc.Server: Auth successful for testuser/scm@EXAMPLE.COM (auth:KERBEROS)
datanode_3  | 2019-11-07 03:50:47,553 INFO impl.RoleInfo: aeed0056-0bc8-4712-9ac5-60dfd069944c: start LeaderElection
s3g_1       | 20191107/us-west-1/s3/aws4_request
datanode_1  | 2019-11-07 03:50:42,464 INFO impl.RaftServerImpl: 4c0b5d3d-3e5b-4f49-a402-f704f6d80ff1@group-C86FA589626E: changes role from      null to FOLLOWER at term 0 for startAsFollower
scm_1       | 2019-11-07 03:52:32,647 INFO ipc.Server: Auth successful for dn/c402c3db2ca6@EXAMPLE.COM (auth:KERBEROS)
kdc_1       | Nov 07 03:50:20 kdc kadmind[15](Notice): Request: kadm5_get_policy, default, Policy does not exist, client=admin/admin@EXAMPLE.COM, service=kadmin/admin@EXAMPLE.COM, addr=127.0.0.1
datanode_2  | 2019-11-07 03:50:42,488 INFO impl.RaftServerImpl: b6d0ae77-cbcf-4c52-9187-bed8aa2c0cc0@group-C86FA589626E: start as a follower, conf=-1: [4c0b5d3d-3e5b-4f49-a402-f704f6d80ff1:172.19.0.3:9858, aeed0056-0bc8-4712-9ac5-60dfd069944c:172.19.0.8:9858, b6d0ae77-cbcf-4c52-9187-bed8aa2c0cc0:172.19.0.5:9858], old=null
om_1        | 2019-11-07 03:51:55,848 INFO authorize.ServiceAuthorizationManager: Authorization successful for testuser/scm@EXAMPLE.COM (auth:KERBEROS) for protocol=interface org.apache.hadoop.ozone.om.protocol.OzoneManagerProtocol
datanode_3  | 2019-11-07 03:50:47,589 INFO impl.LeaderElection: aeed0056-0bc8-4712-9ac5-60dfd069944c@group-C86FA589626E-LeaderElection2: begin an election at term 1 for -1: [4c0b5d3d-3e5b-4f49-a402-f704f6d80ff1:172.19.0.3:9858, aeed0056-0bc8-4712-9ac5-60dfd069944c:172.19.0.8:9858, b6d0ae77-cbcf-4c52-9187-bed8aa2c0cc0:172.19.0.5:9858], old=null
s3g_1       | fffa3455f693e14f932ff0fbab5eaddf28174e6ab2c0e61cf7c3860683b27a00, signature=76164676e4227ffccb1529e3d42d2c7f9bff7dcbd1aa42e2b91925ccc7cc8835, awsAccessKeyId=dlfknslnfslf
datanode_1  | 2019-11-07 03:50:42,464 INFO impl.RoleInfo: 4c0b5d3d-3e5b-4f49-a402-f704f6d80ff1: start FollowerState
scm_1       | 2019-11-07 03:52:32,655 INFO authorize.ServiceAuthorizationManager: Authorization successful for dn/c402c3db2ca6@EXAMPLE.COM (auth:KERBEROS) for protocol=interface org.apache.hadoop.ozone.protocol.StorageContainerDatanodeProtocol
kdc_1       | Nov 07 03:50:20 kdc kadmind[15](Notice): Request: kadm5_create_principal, om/b10f4c1c4a11@EXAMPLE.COM, success, client=admin/admin@EXAMPLE.COM, service=kadmin/admin@EXAMPLE.COM, addr=127.0.0.1
datanode_2  | 2019-11-07 03:50:42,488 INFO impl.RaftServerImpl: b6d0ae77-cbcf-4c52-9187-bed8aa2c0cc0@group-C86FA589626E: changes role from      null to FOLLOWER at term 0 for startAsFollower
om_1        | 2019-11-07 03:52:00,735 INFO ipc.Server: Auth successful for testuser/scm@EXAMPLE.COM (auth:KERBEROS)
datanode_3  | 2019-11-07 03:50:47,621 INFO segmented.SegmentedRaftLogWorker: aeed0056-0bc8-4712-9ac5-60dfd069944c@group-565F080FC2CB-SegmentedRaftLogWorker: created new log segment /data/metadata/ratis/8fcd637c-9e9c-492e-99b9-565f080fc2cb/current/log_inprogress_0
datanode_1  | 2019-11-07 03:50:42,465 INFO util.JmxRegister: Successfully registered JMX Bean with object name Ratis:service=RaftServer,group=group-C86FA589626E,id=4c0b5d3d-3e5b-4f49-a402-f704f6d80ff1
s3g_1       | 2019-11-07 03:58:01,498 ERROR ha.OMFailoverProxyProvider: Failed to connect to OMs: [nodeId=null,nodeAddress=om:9862]. Attempted 15 failovers.
scm_1       | 2019-11-07 03:52:32,659 INFO ipc.Server: Auth successful for dn/182ea6cdede9@EXAMPLE.COM (auth:KERBEROS)
kdc_1       | Nov 07 03:50:20 kdc kadmind[15](info): closing down fd 18
datanode_2  | 2019-11-07 03:50:42,488 INFO impl.RoleInfo: b6d0ae77-cbcf-4c52-9187-bed8aa2c0cc0: start FollowerState
om_1        | 2019-11-07 03:52:00,746 INFO authorize.ServiceAuthorizationManager: Authorization successful for testuser/scm@EXAMPLE.COM (auth:KERBEROS) for protocol=interface org.apache.hadoop.ozone.om.protocol.OzoneManagerProtocol
datanode_3  | 2019-11-07 03:50:47,806 INFO impl.LeaderElection: aeed0056-0bc8-4712-9ac5-60dfd069944c@group-C86FA589626E-LeaderElection2: Election REJECTED; received 2 response(s) [aeed0056-0bc8-4712-9ac5-60dfd069944c<-4c0b5d3d-3e5b-4f49-a402-f704f6d80ff1#0:FAIL-t1, aeed0056-0bc8-4712-9ac5-60dfd069944c<-b6d0ae77-cbcf-4c52-9187-bed8aa2c0cc0#0:FAIL-t1] and 0 exception(s); aeed0056-0bc8-4712-9ac5-60dfd069944c@group-C86FA589626E:t1, leader=null, voted=aeed0056-0bc8-4712-9ac5-60dfd069944c, raftlog=aeed0056-0bc8-4712-9ac5-60dfd069944c@group-C86FA589626E-SegmentedRaftLog:OPENED:c-1,f-1,i0, conf=-1: [4c0b5d3d-3e5b-4f49-a402-f704f6d80ff1:172.19.0.3:9858, aeed0056-0bc8-4712-9ac5-60dfd069944c:172.19.0.8:9858, b6d0ae77-cbcf-4c52-9187-bed8aa2c0cc0:172.19.0.5:9858], old=null
datanode_1  | 2019-11-07 03:50:42,465 WARN impl.MetricRegistriesImpl: First MetricRegistry has been created without registering reporters. You may need to call MetricRegistries.global().addReportRegistration(...) before.
s3g_1       | 2019-11-07 03:58:01,499 ERROR client.OzoneClientFactory: Couldn't create RpcClient protocol exception: 
scm_1       | 2019-11-07 03:52:32,661 INFO ipc.Server: Auth successful for dn/f70f457aac91@EXAMPLE.COM (auth:KERBEROS)
kdc_1       | Nov 07 03:50:20 kdc kadmind[15](Notice): Request: kadm5_init, admin/admin@EXAMPLE.COM, success, client=admin/admin@EXAMPLE.COM, service=kadmin/admin@EXAMPLE.COM, addr=127.0.0.1, vers=4, flavor=6
datanode_2  | 2019-11-07 03:50:42,489 INFO util.JmxRegister: Successfully registered JMX Bean with object name Ratis:service=RaftServer,group=group-C86FA589626E,id=b6d0ae77-cbcf-4c52-9187-bed8aa2c0cc0
om_1        | 2019-11-07 03:52:05,065 INFO ipc.Server: Auth successful for testuser/scm@EXAMPLE.COM (auth:KERBEROS)
datanode_3  | 2019-11-07 03:50:47,807 INFO impl.RaftServerImpl: aeed0056-0bc8-4712-9ac5-60dfd069944c@group-C86FA589626E: changes role from CANDIDATE to FOLLOWER at term 1 for DISCOVERED_A_NEW_TERM
datanode_1  | 2019-11-07 03:50:46,943 INFO impl.FollowerState: 4c0b5d3d-3e5b-4f49-a402-f704f6d80ff1@group-0F2ABE559663-FollowerState: change to CANDIDATE, lastRpcTime:5107ms, electionTimeout:5106ms
s3g_1       | org.apache.hadoop.ipc.RemoteException(org.apache.hadoop.security.token.SecretManager$InvalidToken): No S3 secret found for S3 identifier:OzoneToken owner=dlfknslnfslf, renewer=, realUser=, issueDate=0, maxDate=0, sequenceNumber=0, masterKeyId=0, strToSign=AWS4-HMAC-SHA256
scm_1       | 2019-11-07 03:52:32,663 INFO authorize.ServiceAuthorizationManager: Authorization successful for dn/182ea6cdede9@EXAMPLE.COM (auth:KERBEROS) for protocol=interface org.apache.hadoop.ozone.protocol.StorageContainerDatanodeProtocol
kdc_1       | Nov 07 03:50:20 kdc kadmind[15](Notice): Request: kadm5_randkey_principal, om/b10f4c1c4a11@EXAMPLE.COM, success, client=admin/admin@EXAMPLE.COM, service=kadmin/admin@EXAMPLE.COM, addr=127.0.0.1
datanode_2  | 2019-11-07 03:50:42,489 WARN impl.MetricRegistriesImpl: First MetricRegistry has been created without registering reporters. You may need to call MetricRegistries.global().addReportRegistration(...) before.
om_1        | 2019-11-07 03:52:05,077 INFO authorize.ServiceAuthorizationManager: Authorization successful for testuser/scm@EXAMPLE.COM (auth:KERBEROS) for protocol=interface org.apache.hadoop.ozone.om.protocol.OzoneManagerProtocol
datanode_3  | 2019-11-07 03:50:47,807 INFO impl.RoleInfo: aeed0056-0bc8-4712-9ac5-60dfd069944c: shutdown LeaderElection
datanode_1  | 2019-11-07 03:50:46,944 INFO impl.RoleInfo: 4c0b5d3d-3e5b-4f49-a402-f704f6d80ff1: shutdown FollowerState
s3g_1       | 20191107T035801Z
scm_1       | 2019-11-07 03:52:32,665 INFO authorize.ServiceAuthorizationManager: Authorization successful for dn/f70f457aac91@EXAMPLE.COM (auth:KERBEROS) for protocol=interface org.apache.hadoop.ozone.protocol.StorageContainerDatanodeProtocol
kdc_1       | Nov 07 03:50:20 kdc kadmind[15](Notice): Request: kadm5_get_principal, om/b10f4c1c4a11@EXAMPLE.COM, success, client=admin/admin@EXAMPLE.COM, service=kadmin/admin@EXAMPLE.COM, addr=127.0.0.1
datanode_2  | 2019-11-07 03:50:46,447 INFO impl.FollowerState: b6d0ae77-cbcf-4c52-9187-bed8aa2c0cc0@group-487BA9F6A9AE-FollowerState: change to CANDIDATE, lastRpcTime:5102ms, electionTimeout:5101ms
om_1        | 2019-11-07 03:52:07,636 INFO ipc.Server: Auth successful for testuser/scm@EXAMPLE.COM (auth:KERBEROS)
datanode_3  | 2019-11-07 03:50:47,807 INFO impl.RoleInfo: aeed0056-0bc8-4712-9ac5-60dfd069944c: start FollowerState
s3g_1       | 20191107/us-west-1/s3/aws4_request
scm_1       | 2019-11-07 03:52:40,677 INFO ipc.Server: Auth successful for om/om@EXAMPLE.COM (auth:KERBEROS)
kdc_1       | Nov 07 03:50:20 kdc kadmind[15](info): closing down fd 18
datanode_1  | 2019-11-07 03:50:46,945 INFO impl.RaftServerImpl: 4c0b5d3d-3e5b-4f49-a402-f704f6d80ff1@group-0F2ABE559663: changes role from  FOLLOWER to CANDIDATE at term 0 for changeToCandidate
datanode_2  | 2019-11-07 03:50:46,448 INFO impl.RoleInfo: b6d0ae77-cbcf-4c52-9187-bed8aa2c0cc0: shutdown FollowerState
om_1        | 2019-11-07 03:52:07,648 INFO authorize.ServiceAuthorizationManager: Authorization successful for testuser/scm@EXAMPLE.COM (auth:KERBEROS) for protocol=interface org.apache.hadoop.ozone.om.protocol.OzoneManagerProtocol
datanode_3  | 2019-11-07 03:50:52,842 INFO impl.FollowerState: aeed0056-0bc8-4712-9ac5-60dfd069944c@group-C86FA589626E-FollowerState: change to CANDIDATE, lastRpcTime:5034ms, electionTimeout:5034ms
s3g_1       | fffa3455f693e14f932ff0fbab5eaddf28174e6ab2c0e61cf7c3860683b27a00, signature=76164676e4227ffccb1529e3d42d2c7f9bff7dcbd1aa42e2b91925ccc7cc8835, awsAccessKeyId=dlfknslnfslf
scm_1       | 2019-11-07 03:52:40,681 INFO authorize.ServiceAuthorizationManager: Authorization successful for om/om@EXAMPLE.COM (auth:KERBEROS) for protocol=interface org.apache.hadoop.hdds.scm.protocol.ScmBlockLocationProtocol
kdc_1       | Nov 07 03:50:20 kdc kadmind[15](Notice): Request: kadm5_init, admin/admin@EXAMPLE.COM, success, client=admin/admin@EXAMPLE.COM, service=kadmin/admin@EXAMPLE.COM, addr=127.0.0.1, vers=4, flavor=6
datanode_1  | 2019-11-07 03:50:46,950 INFO impl.RoleInfo: 4c0b5d3d-3e5b-4f49-a402-f704f6d80ff1: start LeaderElection
datanode_2  | 2019-11-07 03:50:46,449 INFO impl.RaftServerImpl: b6d0ae77-cbcf-4c52-9187-bed8aa2c0cc0@group-487BA9F6A9AE: changes role from  FOLLOWER to CANDIDATE at term 0 for changeToCandidate
om_1        | 2019-11-07 03:52:10,377 INFO ipc.Server: Auth successful for testuser/scm@EXAMPLE.COM (auth:KERBEROS)
datanode_3  | 2019-11-07 03:50:52,843 INFO impl.RoleInfo: aeed0056-0bc8-4712-9ac5-60dfd069944c: shutdown FollowerState
s3g_1       | 	at org.apache.hadoop.ipc.Client.getRpcResponse(Client.java:1511)
scm_1       | 2019-11-07 03:52:40,691 INFO server.SCMBlockProtocolServer: SCM is informed by OM to delete 1 blocks
kdc_1       | Nov 07 03:50:20 kdc kadmind[15](Notice): Request: kadm5_get_policy, default, Policy does not exist, client=admin/admin@EXAMPLE.COM, service=kadmin/admin@EXAMPLE.COM, addr=127.0.0.1
datanode_1  | 2019-11-07 03:50:46,976 INFO impl.LeaderElection: 4c0b5d3d-3e5b-4f49-a402-f704f6d80ff1@group-0F2ABE559663-LeaderElection1: begin an election at term 1 for -1: [4c0b5d3d-3e5b-4f49-a402-f704f6d80ff1:172.19.0.3:9858], old=null
datanode_2  | 2019-11-07 03:50:46,453 INFO impl.RoleInfo: b6d0ae77-cbcf-4c52-9187-bed8aa2c0cc0: start LeaderElection
s3g_1       | 	at org.apache.hadoop.ipc.Client.call(Client.java:1457)
om_1        | 2019-11-07 03:52:10,386 INFO authorize.ServiceAuthorizationManager: Authorization successful for testuser/scm@EXAMPLE.COM (auth:KERBEROS) for protocol=interface org.apache.hadoop.ozone.om.protocol.OzoneManagerProtocol
scm_1       | 2019-11-07 03:52:40,691 INFO block.BlockManagerImpl: Deleting blocks conID: 3 locID: 103094597490638973 bcsId: 0
datanode_3  | 2019-11-07 03:50:52,843 INFO impl.RaftServerImpl: aeed0056-0bc8-4712-9ac5-60dfd069944c@group-C86FA589626E: changes role from  FOLLOWER to CANDIDATE at term 1 for changeToCandidate
kdc_1       | Nov 07 03:50:20 kdc kadmind[15](Notice): Request: kadm5_create_principal, dn/c402c3db2ca6@EXAMPLE.COM, success, client=admin/admin@EXAMPLE.COM, service=kadmin/admin@EXAMPLE.COM, addr=127.0.0.1
datanode_1  | 2019-11-07 03:50:46,978 INFO impl.RoleInfo: 4c0b5d3d-3e5b-4f49-a402-f704f6d80ff1: shutdown LeaderElection
datanode_2  | 2019-11-07 03:50:46,497 INFO impl.LeaderElection: b6d0ae77-cbcf-4c52-9187-bed8aa2c0cc0@group-487BA9F6A9AE-LeaderElection1: begin an election at term 1 for -1: [b6d0ae77-cbcf-4c52-9187-bed8aa2c0cc0:172.19.0.5:9858], old=null
s3g_1       | 	at org.apache.hadoop.ipc.Client.call(Client.java:1367)
om_1        | 2019-11-07 03:52:13,002 INFO ipc.Server: Auth successful for testuser/scm@EXAMPLE.COM (auth:KERBEROS)
scm_1       | 2019-11-07 03:53:02,653 INFO ipc.Server: Auth successful for dn/f70f457aac91@EXAMPLE.COM (auth:KERBEROS)
datanode_3  | 2019-11-07 03:50:52,844 INFO impl.RoleInfo: aeed0056-0bc8-4712-9ac5-60dfd069944c: start LeaderElection
kdc_1       | Nov 07 03:50:20 kdc kadmind[15](info): closing down fd 18
s3g_1       | 	at org.apache.hadoop.ipc.ProtobufRpcEngine$Invoker.invoke(ProtobufRpcEngine.java:228)
om_1        | 2019-11-07 03:52:13,013 INFO authorize.ServiceAuthorizationManager: Authorization successful for testuser/scm@EXAMPLE.COM (auth:KERBEROS) for protocol=interface org.apache.hadoop.ozone.om.protocol.OzoneManagerProtocol
datanode_1  | 2019-11-07 03:50:46,979 INFO impl.RaftServerImpl: 4c0b5d3d-3e5b-4f49-a402-f704f6d80ff1@group-0F2ABE559663: changes role from CANDIDATE to LEADER at term 1 for changeToLeader
datanode_2  | 2019-11-07 03:50:46,498 INFO impl.RoleInfo: b6d0ae77-cbcf-4c52-9187-bed8aa2c0cc0: shutdown LeaderElection
kdc_1       | Nov 07 03:50:21 kdc kadmind[15](Notice): Request: kadm5_init, admin/admin@EXAMPLE.COM, success, client=admin/admin@EXAMPLE.COM, service=kadmin/admin@EXAMPLE.COM, addr=127.0.0.1, vers=4, flavor=6
datanode_3  | 2019-11-07 03:50:52,862 INFO impl.LeaderElection: aeed0056-0bc8-4712-9ac5-60dfd069944c@group-C86FA589626E-LeaderElection3: begin an election at term 2 for -1: [4c0b5d3d-3e5b-4f49-a402-f704f6d80ff1:172.19.0.3:9858, aeed0056-0bc8-4712-9ac5-60dfd069944c:172.19.0.8:9858, b6d0ae77-cbcf-4c52-9187-bed8aa2c0cc0:172.19.0.5:9858], old=null
s3g_1       | 	at org.apache.hadoop.ipc.ProtobufRpcEngine$Invoker.invoke(ProtobufRpcEngine.java:116)
om_1        | 2019-11-07 03:52:15,638 INFO ipc.Server: Auth successful for testuser/scm@EXAMPLE.COM (auth:KERBEROS)
scm_1       | 2019-11-07 03:53:02,653 INFO ipc.Server: Auth successful for dn/c402c3db2ca6@EXAMPLE.COM (auth:KERBEROS)
datanode_2  | 2019-11-07 03:50:46,499 INFO impl.RaftServerImpl: b6d0ae77-cbcf-4c52-9187-bed8aa2c0cc0@group-487BA9F6A9AE: changes role from CANDIDATE to LEADER at term 1 for changeToLeader
kdc_1       | Nov 07 03:50:21 kdc kadmind[15](Notice): Request: kadm5_randkey_principal, dn/c402c3db2ca6@EXAMPLE.COM, success, client=admin/admin@EXAMPLE.COM, service=kadmin/admin@EXAMPLE.COM, addr=127.0.0.1
datanode_3  | 2019-11-07 03:50:52,936 INFO impl.LeaderElection: aeed0056-0bc8-4712-9ac5-60dfd069944c@group-C86FA589626E-LeaderElection3: Election PASSED; received 2 response(s) [aeed0056-0bc8-4712-9ac5-60dfd069944c<-4c0b5d3d-3e5b-4f49-a402-f704f6d80ff1#0:FAIL-t2, aeed0056-0bc8-4712-9ac5-60dfd069944c<-b6d0ae77-cbcf-4c52-9187-bed8aa2c0cc0#0:OK-t2] and 0 exception(s); aeed0056-0bc8-4712-9ac5-60dfd069944c@group-C86FA589626E:t2, leader=null, voted=aeed0056-0bc8-4712-9ac5-60dfd069944c, raftlog=aeed0056-0bc8-4712-9ac5-60dfd069944c@group-C86FA589626E-SegmentedRaftLog:OPENED:c-1,f-1,i0, conf=-1: [4c0b5d3d-3e5b-4f49-a402-f704f6d80ff1:172.19.0.3:9858, aeed0056-0bc8-4712-9ac5-60dfd069944c:172.19.0.8:9858, b6d0ae77-cbcf-4c52-9187-bed8aa2c0cc0:172.19.0.5:9858], old=null
datanode_1  | 2019-11-07 03:50:46,979 INFO impl.RaftServerImpl: 4c0b5d3d-3e5b-4f49-a402-f704f6d80ff1@group-0F2ABE559663: change Leader from null to 4c0b5d3d-3e5b-4f49-a402-f704f6d80ff1 at term 1 for becomeLeader, leader elected after 5218ms
s3g_1       | 	at com.sun.proxy.$Proxy83.submitRequest(Unknown Source)
om_1        | 2019-11-07 03:52:15,649 INFO authorize.ServiceAuthorizationManager: Authorization successful for testuser/scm@EXAMPLE.COM (auth:KERBEROS) for protocol=interface org.apache.hadoop.ozone.om.protocol.OzoneManagerProtocol
datanode_2  | 2019-11-07 03:50:46,499 INFO impl.RaftServerImpl: b6d0ae77-cbcf-4c52-9187-bed8aa2c0cc0@group-487BA9F6A9AE: change Leader from null to b6d0ae77-cbcf-4c52-9187-bed8aa2c0cc0 at term 1 for becomeLeader, leader elected after 5231ms
scm_1       | 2019-11-07 03:53:02,655 INFO authorize.ServiceAuthorizationManager: Authorization successful for dn/f70f457aac91@EXAMPLE.COM (auth:KERBEROS) for protocol=interface org.apache.hadoop.ozone.protocol.StorageContainerDatanodeProtocol
kdc_1       | Nov 07 03:50:21 kdc kadmind[15](Notice): Request: kadm5_get_principal, dn/c402c3db2ca6@EXAMPLE.COM, success, client=admin/admin@EXAMPLE.COM, service=kadmin/admin@EXAMPLE.COM, addr=127.0.0.1
datanode_3  | 2019-11-07 03:50:52,936 INFO impl.RoleInfo: aeed0056-0bc8-4712-9ac5-60dfd069944c: shutdown LeaderElection
datanode_1  | 2019-11-07 03:50:46,984 INFO server.RaftServerConfigKeys: raft.server.staging.catchup.gap = 1000 (default)
s3g_1       | 	at jdk.internal.reflect.GeneratedMethodAccessor4.invoke(Unknown Source)
om_1        | 2019-11-07 03:52:18,390 INFO ipc.Server: Auth successful for testuser/scm@EXAMPLE.COM (auth:KERBEROS)
scm_1       | 2019-11-07 03:53:02,662 INFO authorize.ServiceAuthorizationManager: Authorization successful for dn/c402c3db2ca6@EXAMPLE.COM (auth:KERBEROS) for protocol=interface org.apache.hadoop.ozone.protocol.StorageContainerDatanodeProtocol
kdc_1       | Entry for principal dn/c402c3db2ca6@EXAMPLE.COM with kvno 2, encryption type aes256-cts-hmac-sha1-96 added to keytab WRFILE:/data/dn.c402c3db2ca6.keytab.
datanode_3  | 2019-11-07 03:50:52,937 INFO impl.RaftServerImpl: aeed0056-0bc8-4712-9ac5-60dfd069944c@group-C86FA589626E: changes role from CANDIDATE to LEADER at term 2 for changeToLeader
datanode_2  | 2019-11-07 03:50:46,505 INFO server.RaftServerConfigKeys: raft.server.staging.catchup.gap = 1000 (default)
datanode_1  | 2019-11-07 03:50:46,984 INFO server.RaftServerConfigKeys: raft.server.rpc.sleep.time = 25ms (default)
om_1        | 2019-11-07 03:52:18,402 INFO authorize.ServiceAuthorizationManager: Authorization successful for testuser/scm@EXAMPLE.COM (auth:KERBEROS) for protocol=interface org.apache.hadoop.ozone.om.protocol.OzoneManagerProtocol
scm_1       | 2019-11-07 03:53:02,665 INFO ipc.Server: Auth successful for dn/182ea6cdede9@EXAMPLE.COM (auth:KERBEROS)
s3g_1       | 	at java.base/jdk.internal.reflect.DelegatingMethodAccessorImpl.invoke(DelegatingMethodAccessorImpl.java:43)
kdc_1       | Entry for principal dn/c402c3db2ca6@EXAMPLE.COM with kvno 2, encryption type aes128-cts-hmac-sha1-96 added to keytab WRFILE:/data/dn.c402c3db2ca6.keytab.
datanode_3  | 2019-11-07 03:50:52,937 INFO impl.RaftServerImpl: aeed0056-0bc8-4712-9ac5-60dfd069944c@group-C86FA589626E: change Leader from null to aeed0056-0bc8-4712-9ac5-60dfd069944c at term 2 for becomeLeader, leader elected after 10452ms
datanode_2  | 2019-11-07 03:50:46,505 INFO server.RaftServerConfigKeys: raft.server.rpc.sleep.time = 25ms (default)
datanode_1  | 2019-11-07 03:50:46,988 INFO server.RaftServerConfigKeys: raft.server.write.element-limit = 4096 (default)
om_1        | 2019-11-07 03:52:20,944 INFO ipc.Server: Auth successful for testuser/scm@EXAMPLE.COM (auth:KERBEROS)
scm_1       | 2019-11-07 03:53:02,668 INFO authorize.ServiceAuthorizationManager: Authorization successful for dn/182ea6cdede9@EXAMPLE.COM (auth:KERBEROS) for protocol=interface org.apache.hadoop.ozone.protocol.StorageContainerDatanodeProtocol
s3g_1       | 	at java.base/java.lang.reflect.Method.invoke(Method.java:566)
kdc_1       | Generiting keytab
datanode_3  | 2019-11-07 03:50:52,937 INFO server.RaftServerConfigKeys: raft.server.staging.catchup.gap = 1000 (default)
datanode_2  | 2019-11-07 03:50:46,509 INFO server.RaftServerConfigKeys: raft.server.write.element-limit = 4096 (default)
datanode_1  | 2019-11-07 03:50:46,994 INFO server.RaftServerConfigKeys: raft.server.watch.timeout = 10s (default)
om_1        | 2019-11-07 03:52:20,955 INFO authorize.ServiceAuthorizationManager: Authorization successful for testuser/scm@EXAMPLE.COM (auth:KERBEROS) for protocol=interface org.apache.hadoop.ozone.om.protocol.OzoneManagerProtocol
scm_1       | 2019-11-07 03:53:06,647 INFO ipc.Server: Auth successful for om/om@EXAMPLE.COM (auth:KERBEROS)
s3g_1       | 	at org.apache.hadoop.io.retry.RetryInvocationHandler.invokeMethod(RetryInvocationHandler.java:422)
kdc_1       | Authenticating as principal admin/admin with keytab /tmp/admin.keytab.
datanode_3  | 2019-11-07 03:50:52,937 INFO server.RaftServerConfigKeys: raft.server.rpc.sleep.time = 25ms (default)
datanode_2  | 2019-11-07 03:50:46,514 INFO server.RaftServerConfigKeys: raft.server.watch.timeout = 10s (default)
datanode_1  | 2019-11-07 03:50:46,994 INFO server.RaftServerConfigKeys: raft.server.watch.timeout.denomination = 1s (default)
om_1        | 2019-11-07 03:52:23,335 INFO ipc.Server: Auth successful for testuser/scm@EXAMPLE.COM (auth:KERBEROS)
scm_1       | 2019-11-07 03:53:06,650 INFO authorize.ServiceAuthorizationManager: Authorization successful for om/om@EXAMPLE.COM (auth:KERBEROS) for protocol=interface org.apache.hadoop.hdds.scm.protocol.ScmBlockLocationProtocol
s3g_1       | 	at org.apache.hadoop.io.retry.RetryInvocationHandler$Call.invokeMethod(RetryInvocationHandler.java:165)
datanode_3  | 2019-11-07 03:50:52,937 INFO server.RaftServerConfigKeys: raft.server.write.element-limit = 4096 (default)
kdc_1       | WARNING: no policy specified for dn/scm@EXAMPLE.COM; defaulting to no policy
datanode_2  | 2019-11-07 03:50:46,514 INFO server.RaftServerConfigKeys: raft.server.watch.timeout.denomination = 1s (default)
datanode_1  | 2019-11-07 03:50:46,995 INFO server.RaftServerConfigKeys: raft.server.watch.element-limit = 65536 (default)
om_1        | 2019-11-07 03:52:23,344 INFO authorize.ServiceAuthorizationManager: Authorization successful for testuser/scm@EXAMPLE.COM (auth:KERBEROS) for protocol=interface org.apache.hadoop.ozone.om.protocol.OzoneManagerProtocol
scm_1       | 2019-11-07 03:53:32,656 INFO ipc.Server: Auth successful for dn/c402c3db2ca6@EXAMPLE.COM (auth:KERBEROS)
s3g_1       | 	at org.apache.hadoop.io.retry.RetryInvocationHandler$Call.invoke(RetryInvocationHandler.java:157)
datanode_3  | 2019-11-07 03:50:52,937 INFO server.RaftServerConfigKeys: raft.server.watch.timeout = 10s (default)
kdc_1       | Principal "dn/scm@EXAMPLE.COM" created.
datanode_2  | 2019-11-07 03:50:46,515 INFO server.RaftServerConfigKeys: raft.server.watch.element-limit = 65536 (default)
datanode_1  | 2019-11-07 03:50:47,003 INFO impl.RoleInfo: 4c0b5d3d-3e5b-4f49-a402-f704f6d80ff1: start LeaderState
scm_1       | 2019-11-07 03:53:32,657 INFO ipc.Server: Auth successful for dn/182ea6cdede9@EXAMPLE.COM (auth:KERBEROS)
om_1        | 2019-11-07 03:52:23,931 INFO volume.OMVolumeCreateRequest: created volume:00772-rpcwoport2 for user:testuser/scm@EXAMPLE.COM
s3g_1       | 	at org.apache.hadoop.io.retry.RetryInvocationHandler$Call.invokeOnce(RetryInvocationHandler.java:95)
datanode_3  | 2019-11-07 03:50:52,938 INFO server.RaftServerConfigKeys: raft.server.watch.timeout.denomination = 1s (default)
kdc_1       | Authenticating as principal admin/admin with keytab /tmp/admin.keytab.
datanode_2  | 2019-11-07 03:50:46,523 INFO impl.RoleInfo: b6d0ae77-cbcf-4c52-9187-bed8aa2c0cc0: start LeaderState
datanode_1  | 2019-11-07 03:50:47,023 INFO segmented.SegmentedRaftLogWorker: 4c0b5d3d-3e5b-4f49-a402-f704f6d80ff1@group-0F2ABE559663-SegmentedRaftLogWorker: Starting segment from index:0
scm_1       | 2019-11-07 03:53:32,669 INFO authorize.ServiceAuthorizationManager: Authorization successful for dn/c402c3db2ca6@EXAMPLE.COM (auth:KERBEROS) for protocol=interface org.apache.hadoop.ozone.protocol.StorageContainerDatanodeProtocol
om_1        | 2019-11-07 03:52:25,590 INFO ipc.Server: Auth successful for testuser/scm@EXAMPLE.COM (auth:KERBEROS)
s3g_1       | 	at org.apache.hadoop.io.retry.RetryInvocationHandler.invoke(RetryInvocationHandler.java:359)
datanode_3  | 2019-11-07 03:50:52,938 INFO server.RaftServerConfigKeys: raft.server.watch.element-limit = 65536 (default)
kdc_1       | Entry for principal dn/scm@EXAMPLE.COM with kvno 2, encryption type aes256-cts-hmac-sha1-96 added to keytab WRFILE:/data/dn.scm.keytab.
datanode_2  | 2019-11-07 03:50:46,542 INFO segmented.SegmentedRaftLogWorker: b6d0ae77-cbcf-4c52-9187-bed8aa2c0cc0@group-487BA9F6A9AE-SegmentedRaftLogWorker: Starting segment from index:0
datanode_1  | 2019-11-07 03:50:47,033 INFO impl.RaftServerImpl: 4c0b5d3d-3e5b-4f49-a402-f704f6d80ff1@group-0F2ABE559663: set configuration 0: [4c0b5d3d-3e5b-4f49-a402-f704f6d80ff1:172.19.0.3:9858], old=null at 0
scm_1       | 2019-11-07 03:53:32,669 INFO authorize.ServiceAuthorizationManager: Authorization successful for dn/182ea6cdede9@EXAMPLE.COM (auth:KERBEROS) for protocol=interface org.apache.hadoop.ozone.protocol.StorageContainerDatanodeProtocol
om_1        | 2019-11-07 03:52:25,603 INFO authorize.ServiceAuthorizationManager: Authorization successful for testuser/scm@EXAMPLE.COM (auth:KERBEROS) for protocol=interface org.apache.hadoop.ozone.om.protocol.OzoneManagerProtocol
s3g_1       | 	at com.sun.proxy.$Proxy83.submitRequest(Unknown Source)
datanode_3  | 2019-11-07 03:50:52,940 INFO server.RaftServerConfigKeys: raft.server.log.appender.snapshot.chunk.size.max = 16MB (=16777216) (default)
kdc_1       | Entry for principal dn/scm@EXAMPLE.COM with kvno 2, encryption type aes128-cts-hmac-sha1-96 added to keytab WRFILE:/data/dn.scm.keytab.
datanode_2  | 2019-11-07 03:50:46,550 INFO impl.RaftServerImpl: b6d0ae77-cbcf-4c52-9187-bed8aa2c0cc0@group-487BA9F6A9AE: set configuration 0: [b6d0ae77-cbcf-4c52-9187-bed8aa2c0cc0:172.19.0.5:9858], old=null at 0
scm_1       | 2019-11-07 03:53:32,673 INFO ipc.Server: Auth successful for dn/f70f457aac91@EXAMPLE.COM (auth:KERBEROS)
datanode_1  | 2019-11-07 03:50:47,191 INFO segmented.SegmentedRaftLogWorker: 4c0b5d3d-3e5b-4f49-a402-f704f6d80ff1@group-0F2ABE559663-SegmentedRaftLogWorker: created new log segment /data/metadata/ratis/cb530fa3-b632-41b5-8363-0f2abe559663/current/log_inprogress_0
om_1        | 2019-11-07 03:52:27,957 INFO ipc.Server: Auth successful for testuser/scm@EXAMPLE.COM (auth:KERBEROS)
s3g_1       | 	at org.apache.hadoop.ozone.om.protocolPB.OzoneManagerProtocolClientSideTranslatorPB.submitRequest(OzoneManagerProtocolClientSideTranslatorPB.java:358)
datanode_3  | 2019-11-07 03:50:52,940 INFO server.RaftServerConfigKeys: raft.server.log.appender.buffer.byte-limit = 33554432 (custom)
kdc_1       | Generiting keytab
datanode_2  | 2019-11-07 03:50:46,713 INFO segmented.SegmentedRaftLogWorker: b6d0ae77-cbcf-4c52-9187-bed8aa2c0cc0@group-487BA9F6A9AE-SegmentedRaftLogWorker: created new log segment /data/metadata/ratis/ee33e0a0-71e8-4a82-bd15-487ba9f6a9ae/current/log_inprogress_0
scm_1       | 2019-11-07 03:53:32,676 INFO authorize.ServiceAuthorizationManager: Authorization successful for dn/f70f457aac91@EXAMPLE.COM (auth:KERBEROS) for protocol=interface org.apache.hadoop.ozone.protocol.StorageContainerDatanodeProtocol
datanode_1  | 2019-11-07 03:50:47,602 INFO impl.FollowerState: 4c0b5d3d-3e5b-4f49-a402-f704f6d80ff1@group-C86FA589626E-FollowerState: change to CANDIDATE, lastRpcTime:5137ms, electionTimeout:5137ms
om_1        | 2019-11-07 03:52:27,972 INFO authorize.ServiceAuthorizationManager: Authorization successful for testuser/scm@EXAMPLE.COM (auth:KERBEROS) for protocol=interface org.apache.hadoop.ozone.om.protocol.OzoneManagerProtocol
s3g_1       | 	at org.apache.hadoop.ozone.om.protocolPB.OzoneManagerProtocolClientSideTranslatorPB.getServiceInfo(OzoneManagerProtocolClientSideTranslatorPB.java:1249)
datanode_3  | 2019-11-07 03:50:52,941 INFO server.RaftServerConfigKeys: raft.server.log.appender.buffer.element-limit = 1 (custom)
kdc_1       | Authenticating as principal admin/admin with keytab /tmp/admin.keytab.
datanode_2  | 2019-11-07 03:50:47,652 INFO impl.FollowerState: b6d0ae77-cbcf-4c52-9187-bed8aa2c0cc0@group-C86FA589626E-FollowerState: change to CANDIDATE, lastRpcTime:5163ms, electionTimeout:5163ms
scm_1       | 2019-11-07 03:53:53,937 INFO ipc.Server: Auth successful for om/om@EXAMPLE.COM (auth:KERBEROS)
datanode_1  | 2019-11-07 03:50:47,602 INFO impl.RoleInfo: 4c0b5d3d-3e5b-4f49-a402-f704f6d80ff1: shutdown FollowerState
om_1        | 2019-11-07 03:52:30,670 INFO ipc.Server: Auth successful for testuser/scm@EXAMPLE.COM (auth:KERBEROS)
s3g_1       | 	at java.base/jdk.internal.reflect.NativeMethodAccessorImpl.invoke0(Native Method)
datanode_3  | 2019-11-07 03:50:52,943 INFO grpc.GrpcConfigKeys$Server: raft.grpc.server.leader.outstanding.appends.max = 128 (default)
kdc_1       | WARNING: no policy specified for om/182ea6cdede9@EXAMPLE.COM; defaulting to no policy
datanode_2  | 2019-11-07 03:50:47,652 INFO impl.RoleInfo: b6d0ae77-cbcf-4c52-9187-bed8aa2c0cc0: shutdown FollowerState
scm_1       | 2019-11-07 03:53:53,939 INFO authorize.ServiceAuthorizationManager: Authorization successful for om/om@EXAMPLE.COM (auth:KERBEROS) for protocol=interface org.apache.hadoop.hdds.scm.protocol.ScmBlockLocationProtocol
datanode_1  | 2019-11-07 03:50:47,603 INFO impl.RaftServerImpl: 4c0b5d3d-3e5b-4f49-a402-f704f6d80ff1@group-C86FA589626E: changes role from  FOLLOWER to CANDIDATE at term 0 for changeToCandidate
om_1        | 2019-11-07 03:52:30,682 INFO authorize.ServiceAuthorizationManager: Authorization successful for testuser/scm@EXAMPLE.COM (auth:KERBEROS) for protocol=interface org.apache.hadoop.ozone.om.protocol.OzoneManagerProtocol
s3g_1       | 	at java.base/jdk.internal.reflect.NativeMethodAccessorImpl.invoke(NativeMethodAccessorImpl.java:62)
datanode_3  | 2019-11-07 03:50:52,943 INFO server.RaftServerConfigKeys: raft.server.rpc.request.timeout = 3000ms (default)
kdc_1       | Principal "om/182ea6cdede9@EXAMPLE.COM" created.
datanode_2  | 2019-11-07 03:50:47,653 INFO impl.RaftServerImpl: b6d0ae77-cbcf-4c52-9187-bed8aa2c0cc0@group-C86FA589626E: changes role from  FOLLOWER to CANDIDATE at term 0 for changeToCandidate
scm_1       | 2019-11-07 03:54:02,648 INFO ipc.Server: Auth successful for dn/c402c3db2ca6@EXAMPLE.COM (auth:KERBEROS)
datanode_1  | 2019-11-07 03:50:47,603 INFO impl.RoleInfo: 4c0b5d3d-3e5b-4f49-a402-f704f6d80ff1: start LeaderElection
om_1        | 2019-11-07 03:52:33,513 INFO ipc.Server: Auth successful for testuser/scm@EXAMPLE.COM (auth:KERBEROS)
s3g_1       | 	at java.base/jdk.internal.reflect.DelegatingMethodAccessorImpl.invoke(DelegatingMethodAccessorImpl.java:43)
datanode_3  | 2019-11-07 03:50:52,943 INFO server.RaftServerConfigKeys: raft.server.log.appender.install.snapshot.enabled = false (custom)
kdc_1       | Authenticating as principal admin/admin with keytab /tmp/admin.keytab.
datanode_2  | 2019-11-07 03:50:47,653 INFO impl.RoleInfo: b6d0ae77-cbcf-4c52-9187-bed8aa2c0cc0: start LeaderElection
scm_1       | 2019-11-07 03:54:02,651 INFO authorize.ServiceAuthorizationManager: Authorization successful for dn/c402c3db2ca6@EXAMPLE.COM (auth:KERBEROS) for protocol=interface org.apache.hadoop.ozone.protocol.StorageContainerDatanodeProtocol
datanode_1  | 2019-11-07 03:50:47,621 INFO impl.LeaderElection: 4c0b5d3d-3e5b-4f49-a402-f704f6d80ff1@group-C86FA589626E-LeaderElection2: begin an election at term 1 for -1: [4c0b5d3d-3e5b-4f49-a402-f704f6d80ff1:172.19.0.3:9858, aeed0056-0bc8-4712-9ac5-60dfd069944c:172.19.0.8:9858, b6d0ae77-cbcf-4c52-9187-bed8aa2c0cc0:172.19.0.5:9858], old=null
om_1        | 2019-11-07 03:52:33,524 INFO authorize.ServiceAuthorizationManager: Authorization successful for testuser/scm@EXAMPLE.COM (auth:KERBEROS) for protocol=interface org.apache.hadoop.ozone.om.protocol.OzoneManagerProtocol
s3g_1       | 	at java.base/java.lang.reflect.Method.invoke(Method.java:566)
datanode_3  | 2019-11-07 03:50:52,944 WARN impl.MetricRegistriesImpl: First MetricRegistry has been created without registering reporters. You may need to call MetricRegistries.global().addReportRegistration(...) before.
kdc_1       | Entry for principal om/182ea6cdede9@EXAMPLE.COM with kvno 2, encryption type aes256-cts-hmac-sha1-96 added to keytab WRFILE:/data/om.182ea6cdede9.keytab.
datanode_2  | 2019-11-07 03:50:47,696 INFO impl.LeaderElection: b6d0ae77-cbcf-4c52-9187-bed8aa2c0cc0@group-C86FA589626E-LeaderElection2: begin an election at term 1 for -1: [4c0b5d3d-3e5b-4f49-a402-f704f6d80ff1:172.19.0.3:9858, aeed0056-0bc8-4712-9ac5-60dfd069944c:172.19.0.8:9858, b6d0ae77-cbcf-4c52-9187-bed8aa2c0cc0:172.19.0.5:9858], old=null
scm_1       | 2019-11-07 03:54:02,662 INFO ipc.Server: Auth successful for dn/f70f457aac91@EXAMPLE.COM (auth:KERBEROS)
datanode_1  | 2019-11-07 03:50:47,811 INFO impl.LeaderElection: 4c0b5d3d-3e5b-4f49-a402-f704f6d80ff1@group-C86FA589626E-LeaderElection2: Election REJECTED; received 2 response(s) [4c0b5d3d-3e5b-4f49-a402-f704f6d80ff1<-aeed0056-0bc8-4712-9ac5-60dfd069944c#0:FAIL-t1, 4c0b5d3d-3e5b-4f49-a402-f704f6d80ff1<-b6d0ae77-cbcf-4c52-9187-bed8aa2c0cc0#0:FAIL-t1] and 0 exception(s); 4c0b5d3d-3e5b-4f49-a402-f704f6d80ff1@group-C86FA589626E:t1, leader=null, voted=4c0b5d3d-3e5b-4f49-a402-f704f6d80ff1, raftlog=4c0b5d3d-3e5b-4f49-a402-f704f6d80ff1@group-C86FA589626E-SegmentedRaftLog:OPENED:c-1,f-1,i0, conf=-1: [4c0b5d3d-3e5b-4f49-a402-f704f6d80ff1:172.19.0.3:9858, aeed0056-0bc8-4712-9ac5-60dfd069944c:172.19.0.8:9858, b6d0ae77-cbcf-4c52-9187-bed8aa2c0cc0:172.19.0.5:9858], old=null
om_1        | 2019-11-07 03:52:36,128 INFO ipc.Server: Auth successful for testuser/scm@EXAMPLE.COM (auth:KERBEROS)
s3g_1       | 	at org.apache.hadoop.hdds.tracing.TraceAllMethod.invoke(TraceAllMethod.java:66)
datanode_3  | 2019-11-07 03:50:52,945 INFO server.RaftServerConfigKeys: raft.server.log.appender.snapshot.chunk.size.max = 16MB (=16777216) (default)
datanode_2  | 2019-11-07 03:50:47,879 INFO impl.LeaderElection: b6d0ae77-cbcf-4c52-9187-bed8aa2c0cc0@group-C86FA589626E-LeaderElection2: Election REJECTED; received 2 response(s) [b6d0ae77-cbcf-4c52-9187-bed8aa2c0cc0<-4c0b5d3d-3e5b-4f49-a402-f704f6d80ff1#0:FAIL-t1, b6d0ae77-cbcf-4c52-9187-bed8aa2c0cc0<-aeed0056-0bc8-4712-9ac5-60dfd069944c#0:FAIL-t1] and 0 exception(s); b6d0ae77-cbcf-4c52-9187-bed8aa2c0cc0@group-C86FA589626E:t1, leader=null, voted=b6d0ae77-cbcf-4c52-9187-bed8aa2c0cc0, raftlog=b6d0ae77-cbcf-4c52-9187-bed8aa2c0cc0@group-C86FA589626E-SegmentedRaftLog:OPENED:c-1,f-1,i0, conf=-1: [4c0b5d3d-3e5b-4f49-a402-f704f6d80ff1:172.19.0.3:9858, aeed0056-0bc8-4712-9ac5-60dfd069944c:172.19.0.8:9858, b6d0ae77-cbcf-4c52-9187-bed8aa2c0cc0:172.19.0.5:9858], old=null
scm_1       | 2019-11-07 03:54:02,665 INFO ipc.Server: Auth successful for dn/182ea6cdede9@EXAMPLE.COM (auth:KERBEROS)
datanode_1  | 2019-11-07 03:50:47,812 INFO impl.RaftServerImpl: 4c0b5d3d-3e5b-4f49-a402-f704f6d80ff1@group-C86FA589626E: changes role from CANDIDATE to FOLLOWER at term 1 for DISCOVERED_A_NEW_TERM
om_1        | 2019-11-07 03:52:36,140 INFO authorize.ServiceAuthorizationManager: Authorization successful for testuser/scm@EXAMPLE.COM (auth:KERBEROS) for protocol=interface org.apache.hadoop.ozone.om.protocol.OzoneManagerProtocol
kdc_1       | Entry for principal om/182ea6cdede9@EXAMPLE.COM with kvno 2, encryption type aes128-cts-hmac-sha1-96 added to keytab WRFILE:/data/om.182ea6cdede9.keytab.
s3g_1       | 	at com.sun.proxy.$Proxy84.getServiceInfo(Unknown Source)
datanode_3  | 2019-11-07 03:50:52,945 INFO server.RaftServerConfigKeys: raft.server.log.appender.buffer.byte-limit = 33554432 (custom)
datanode_2  | 2019-11-07 03:50:47,880 INFO impl.RaftServerImpl: b6d0ae77-cbcf-4c52-9187-bed8aa2c0cc0@group-C86FA589626E: changes role from CANDIDATE to FOLLOWER at term 1 for DISCOVERED_A_NEW_TERM
scm_1       | 2019-11-07 03:54:02,666 INFO authorize.ServiceAuthorizationManager: Authorization successful for dn/f70f457aac91@EXAMPLE.COM (auth:KERBEROS) for protocol=interface org.apache.hadoop.ozone.protocol.StorageContainerDatanodeProtocol
datanode_1  | 2019-11-07 03:50:47,813 INFO impl.RoleInfo: 4c0b5d3d-3e5b-4f49-a402-f704f6d80ff1: shutdown LeaderElection
om_1        | 2019-11-07 03:52:38,780 INFO ipc.Server: Auth successful for testuser/scm@EXAMPLE.COM (auth:KERBEROS)
kdc_1       | Generiting keytab
s3g_1       | 	at org.apache.hadoop.ozone.client.rpc.RpcClient.<init>(RpcClient.java:156)
datanode_3  | 2019-11-07 03:50:52,945 INFO server.RaftServerConfigKeys: raft.server.log.appender.buffer.element-limit = 1 (custom)
datanode_2  | 2019-11-07 03:50:47,880 INFO impl.RoleInfo: b6d0ae77-cbcf-4c52-9187-bed8aa2c0cc0: shutdown LeaderElection
scm_1       | 2019-11-07 03:54:02,669 INFO authorize.ServiceAuthorizationManager: Authorization successful for dn/182ea6cdede9@EXAMPLE.COM (auth:KERBEROS) for protocol=interface org.apache.hadoop.ozone.protocol.StorageContainerDatanodeProtocol
datanode_1  | 2019-11-07 03:50:47,813 INFO impl.RoleInfo: 4c0b5d3d-3e5b-4f49-a402-f704f6d80ff1: start FollowerState
om_1        | 2019-11-07 03:52:38,790 INFO authorize.ServiceAuthorizationManager: Authorization successful for testuser/scm@EXAMPLE.COM (auth:KERBEROS) for protocol=interface org.apache.hadoop.ozone.om.protocol.OzoneManagerProtocol
kdc_1       | Authenticating as principal admin/admin with keytab /tmp/admin.keytab.
s3g_1       | 	at org.apache.hadoop.ozone.client.OzoneClientFactory.getClientProtocol(OzoneClientFactory.java:256)
datanode_3  | 2019-11-07 03:50:52,945 INFO grpc.GrpcConfigKeys$Server: raft.grpc.server.leader.outstanding.appends.max = 128 (default)
datanode_2  | 2019-11-07 03:50:47,880 INFO impl.RoleInfo: b6d0ae77-cbcf-4c52-9187-bed8aa2c0cc0: start FollowerState
scm_1       | 2019-11-07 03:54:32,656 INFO ipc.Server: Auth successful for dn/c402c3db2ca6@EXAMPLE.COM (auth:KERBEROS)
datanode_1  | 2019-11-07 03:50:52,864 INFO impl.FollowerState: 4c0b5d3d-3e5b-4f49-a402-f704f6d80ff1@group-C86FA589626E-FollowerState: change to CANDIDATE, lastRpcTime:5051ms, electionTimeout:5051ms
om_1        | 2019-11-07 03:52:41,591 INFO ipc.Server: Auth successful for testuser/scm@EXAMPLE.COM (auth:KERBEROS)
kdc_1       | WARNING: no policy specified for HTTP/f70f457aac91@EXAMPLE.COM; defaulting to no policy
s3g_1       | 	at org.apache.hadoop.ozone.client.OzoneClientFactory.getClientProtocol(OzoneClientFactory.java:239)
datanode_2  | 2019-11-07 03:50:52,885 INFO impl.RaftServerImpl: b6d0ae77-cbcf-4c52-9187-bed8aa2c0cc0@group-C86FA589626E: changes role from  FOLLOWER to FOLLOWER at term 2 for recognizeCandidate:aeed0056-0bc8-4712-9ac5-60dfd069944c
scm_1       | 2019-11-07 03:54:32,658 INFO ipc.Server: Auth successful for dn/182ea6cdede9@EXAMPLE.COM (auth:KERBEROS)
datanode_3  | 2019-11-07 03:50:52,946 INFO server.RaftServerConfigKeys: raft.server.rpc.request.timeout = 3000ms (default)
datanode_1  | 2019-11-07 03:50:52,865 INFO impl.RoleInfo: 4c0b5d3d-3e5b-4f49-a402-f704f6d80ff1: shutdown FollowerState
om_1        | 2019-11-07 03:52:41,604 INFO authorize.ServiceAuthorizationManager: Authorization successful for testuser/scm@EXAMPLE.COM (auth:KERBEROS) for protocol=interface org.apache.hadoop.ozone.om.protocol.OzoneManagerProtocol
kdc_1       | Principal "HTTP/f70f457aac91@EXAMPLE.COM" created.
s3g_1       | 	at org.apache.hadoop.ozone.client.OzoneClientFactory.getClient(OzoneClientFactory.java:75)
datanode_2  | 2019-11-07 03:50:52,886 INFO impl.RoleInfo: b6d0ae77-cbcf-4c52-9187-bed8aa2c0cc0: shutdown FollowerState
scm_1       | 2019-11-07 03:54:32,659 INFO ipc.Server: Auth successful for dn/f70f457aac91@EXAMPLE.COM (auth:KERBEROS)
datanode_1  | 2019-11-07 03:50:52,865 INFO impl.RaftServerImpl: 4c0b5d3d-3e5b-4f49-a402-f704f6d80ff1@group-C86FA589626E: changes role from  FOLLOWER to CANDIDATE at term 1 for changeToCandidate
kdc_1       | Authenticating as principal admin/admin with keytab /tmp/admin.keytab.
datanode_3  | 2019-11-07 03:50:52,946 INFO server.RaftServerConfigKeys: raft.server.log.appender.install.snapshot.enabled = false (custom)
s3g_1       | 	at org.apache.hadoop.ozone.s3.OzoneClientProducer.getClient(OzoneClientProducer.java:114)
om_1        | 2019-11-07 03:52:44,477 INFO ipc.Server: Auth successful for testuser/scm@EXAMPLE.COM (auth:KERBEROS)
datanode_2  | 2019-11-07 03:50:52,886 INFO impl.RoleInfo: b6d0ae77-cbcf-4c52-9187-bed8aa2c0cc0: start FollowerState
scm_1       | 2019-11-07 03:54:32,660 INFO authorize.ServiceAuthorizationManager: Authorization successful for dn/c402c3db2ca6@EXAMPLE.COM (auth:KERBEROS) for protocol=interface org.apache.hadoop.ozone.protocol.StorageContainerDatanodeProtocol
datanode_1  | 2019-11-07 03:50:52,866 INFO impl.RoleInfo: 4c0b5d3d-3e5b-4f49-a402-f704f6d80ff1: start LeaderElection
kdc_1       | Entry for principal HTTP/f70f457aac91@EXAMPLE.COM with kvno 2, encryption type aes256-cts-hmac-sha1-96 added to keytab WRFILE:/data/HTTP.f70f457aac91.keytab.
datanode_3  | 2019-11-07 03:50:52,948 INFO impl.RoleInfo: aeed0056-0bc8-4712-9ac5-60dfd069944c: start LeaderState
s3g_1       | 	at org.apache.hadoop.ozone.s3.OzoneClientProducer.createClient(OzoneClientProducer.java:71)
om_1        | 2019-11-07 03:52:44,486 INFO authorize.ServiceAuthorizationManager: Authorization successful for testuser/scm@EXAMPLE.COM (auth:KERBEROS) for protocol=interface org.apache.hadoop.ozone.om.protocol.OzoneManagerProtocol
datanode_2  | 2019-11-07 03:50:52,886 INFO impl.FollowerState: b6d0ae77-cbcf-4c52-9187-bed8aa2c0cc0@group-C86FA589626E-FollowerState was interrupted: java.lang.InterruptedException: sleep interrupted
scm_1       | 2019-11-07 03:54:32,661 INFO authorize.ServiceAuthorizationManager: Authorization successful for dn/182ea6cdede9@EXAMPLE.COM (auth:KERBEROS) for protocol=interface org.apache.hadoop.ozone.protocol.StorageContainerDatanodeProtocol
datanode_1  | 2019-11-07 03:50:52,889 INFO impl.LeaderElection: 4c0b5d3d-3e5b-4f49-a402-f704f6d80ff1@group-C86FA589626E-LeaderElection3: begin an election at term 2 for -1: [4c0b5d3d-3e5b-4f49-a402-f704f6d80ff1:172.19.0.3:9858, aeed0056-0bc8-4712-9ac5-60dfd069944c:172.19.0.8:9858, b6d0ae77-cbcf-4c52-9187-bed8aa2c0cc0:172.19.0.5:9858], old=null
kdc_1       | Entry for principal HTTP/f70f457aac91@EXAMPLE.COM with kvno 2, encryption type aes128-cts-hmac-sha1-96 added to keytab WRFILE:/data/HTTP.f70f457aac91.keytab.
datanode_3  | 2019-11-07 03:50:52,948 INFO segmented.SegmentedRaftLogWorker: aeed0056-0bc8-4712-9ac5-60dfd069944c@group-C86FA589626E-SegmentedRaftLogWorker: Starting segment from index:0
s3g_1       | 	at java.base/jdk.internal.reflect.NativeMethodAccessorImpl.invoke0(Native Method)
om_1        | 2019-11-07 03:52:47,405 INFO ipc.Server: Auth successful for testuser/scm@EXAMPLE.COM (auth:KERBEROS)
datanode_2  | 2019-11-07 03:50:53,002 INFO impl.RaftServerImpl: b6d0ae77-cbcf-4c52-9187-bed8aa2c0cc0@group-C86FA589626E: change Leader from null to aeed0056-0bc8-4712-9ac5-60dfd069944c at term 2 for appendEntries, leader elected after 10517ms
scm_1       | 2019-11-07 03:54:32,664 INFO authorize.ServiceAuthorizationManager: Authorization successful for dn/f70f457aac91@EXAMPLE.COM (auth:KERBEROS) for protocol=interface org.apache.hadoop.ozone.protocol.StorageContainerDatanodeProtocol
datanode_1  | 2019-11-07 03:50:52,922 INFO impl.LeaderElection: 4c0b5d3d-3e5b-4f49-a402-f704f6d80ff1@group-C86FA589626E-LeaderElection3: Election REJECTED; received 2 response(s) [4c0b5d3d-3e5b-4f49-a402-f704f6d80ff1<-aeed0056-0bc8-4712-9ac5-60dfd069944c#0:FAIL-t2, 4c0b5d3d-3e5b-4f49-a402-f704f6d80ff1<-b6d0ae77-cbcf-4c52-9187-bed8aa2c0cc0#0:FAIL-t2] and 0 exception(s); 4c0b5d3d-3e5b-4f49-a402-f704f6d80ff1@group-C86FA589626E:t2, leader=null, voted=4c0b5d3d-3e5b-4f49-a402-f704f6d80ff1, raftlog=4c0b5d3d-3e5b-4f49-a402-f704f6d80ff1@group-C86FA589626E-SegmentedRaftLog:OPENED:c-1,f-1,i0, conf=-1: [4c0b5d3d-3e5b-4f49-a402-f704f6d80ff1:172.19.0.3:9858, aeed0056-0bc8-4712-9ac5-60dfd069944c:172.19.0.8:9858, b6d0ae77-cbcf-4c52-9187-bed8aa2c0cc0:172.19.0.5:9858], old=null
kdc_1       | Generiting keytab
datanode_3  | 2019-11-07 03:50:52,949 INFO impl.RaftServerImpl: aeed0056-0bc8-4712-9ac5-60dfd069944c@group-C86FA589626E: set configuration 0: [4c0b5d3d-3e5b-4f49-a402-f704f6d80ff1:172.19.0.3:9858, aeed0056-0bc8-4712-9ac5-60dfd069944c:172.19.0.8:9858, b6d0ae77-cbcf-4c52-9187-bed8aa2c0cc0:172.19.0.5:9858], old=null at 0
s3g_1       | 	at java.base/jdk.internal.reflect.NativeMethodAccessorImpl.invoke(NativeMethodAccessorImpl.java:62)
