datanode_1  | 2019-10-24 11:34:19,426 INFO storage.RaftStorage: Storage directory /data/metadata/ratis/825407e6-3697-4ff0-891e-6009714a9ef3 has been successfully formatted.
datanode_3  | 2019-10-24 11:34:19,809 INFO impl.RaftServerImpl: 80090447-9709-45af-926a-40ef527576d3@group-B851E7074B6C: ConfigurationManager, init=-1: [80090447-9709-45af-926a-40ef527576d3:172.18.0.3:9858], old=null, confs=<EMPTY_MAP>
scm_1       | 2019-10-24 11:34:15,308 INFO server.SCMDatanodeProtocolServer: RPC server for DataNodes is listening at /0.0.0.0:9861
datanode_2  | 2019-10-24 11:34:18,870 INFO server.RaftServerConfigKeys: raft.server.rpcslowness.timeout = 120s (custom)
om_1        | 2019-10-24 11:34:19,459 INFO ipc.Server: Starting Socket Reader #1 for port 9862
datanode_3  | 2019-10-24 11:34:19,810 INFO server.RaftServerConfigKeys: raft.server.storage.dir = [/data/metadata/ratis] (custom)
scm_1       | 2019-10-24 11:34:15,309 INFO ipc.Server: IPC Server Responder: starting
datanode_1  | 2019-10-24 11:34:19,430 [pool-8-thread-1] INFO       - group-6009714A9EF3: The snapshot info is null. Setting the last applied indexto:(t:0, i:~)
datanode_3  | 2019-10-24 11:34:19,814 INFO server.RaftServerConfigKeys: raft.server.log.corruption.policy = EXCEPTION (default)
scm_1       | 2019-10-24 11:34:15,309 INFO ipc.Server: IPC Server listener on 9861: starting
datanode_3  | 2019-10-24 11:34:19,815 INFO storage.RaftStorageDirectory: The storage directory /data/metadata/ratis/4ac957de-7f3b-4d6a-b583-b851e7074b6c does not exist. Creating ...
om_1        | 2019-10-24 11:34:19,492 [main] INFO       - OzoneManager RPC server is listening at om/172.18.0.2:9862
datanode_2  | 2019-10-24 11:34:18,871 INFO server.RaftServerConfigKeys: raft.server.sleep.deviation.threshold = 300 (default)
scm_1       | 2019-10-24 11:34:15,314 INFO http.HttpServer2: Jetty bound to port 9876
datanode_3  | 2019-10-24 11:34:19,844 INFO storage.RaftStorageDirectory: Lock on /data/metadata/ratis/4ac957de-7f3b-4d6a-b583-b851e7074b6c/in_use.lock acquired by nodename 7@c542f43389bc
om_1        | 2019-10-24 11:34:19,567 INFO impl.MetricsConfig: Loaded properties from hadoop-metrics2.properties
scm_1       | 2019-10-24 11:34:15,315 INFO server.Server: jetty-9.3.25.v20180904, build timestamp: 2018-09-04T21:11:46Z, git hash: 3ce520221d0240229c862b122d2b06c12a625732
datanode_2  | 2019-10-24 11:34:18,872 INFO server.RaftServerConfigKeys: raft.server.log.appender.install.snapshot.enabled = false (custom)
datanode_1  | 2019-10-24 11:34:19,430 INFO server.RaftServerConfigKeys: raft.server.notification.no-leader.timeout = 120s (custom)
datanode_3  | 2019-10-24 11:34:19,859 INFO storage.RaftStorage: Storage directory /data/metadata/ratis/4ac957de-7f3b-4d6a-b583-b851e7074b6c has been successfully formatted.
om_1        | 2019-10-24 11:34:19,602 INFO impl.MetricsSystemImpl: Scheduled Metric snapshot period at 10 second(s).
scm_1       | 2019-10-24 11:34:15,346 INFO handler.ContextHandler: Started o.e.j.s.ServletContextHandler@78830d9a{/logs,file:///var/log/hadoop/,AVAILABLE}
datanode_2  | 2019-10-24 11:34:18,878 INFO impl.RaftServerImpl: 0d3baa61-19ff-418c-8a95-c2d977a6769c@group-98D7A77F4E85: ConfigurationManager, init=-1: [0d3baa61-19ff-418c-8a95-c2d977a6769c:172.18.0.4:9858], old=null, confs=<EMPTY_MAP>
datanode_1  | 2019-10-24 11:34:19,433 INFO server.RaftServerConfigKeys: raft.server.log.use.memory = false (default)
om_1        | 2019-10-24 11:34:19,602 INFO impl.MetricsSystemImpl: OzoneManager metrics system started
scm_1       | 2019-10-24 11:34:15,347 INFO handler.ContextHandler: Started o.e.j.s.ServletContextHandler@7ad54c55{/static,jar:file:/opt/hadoop/share/ozone/lib/hadoop-hdds-server-scm-0.5.0-SNAPSHOT.jar!/webapps/static,AVAILABLE}
datanode_3  | 2019-10-24 11:34:19,862 [pool-8-thread-1] INFO       - group-B851E7074B6C: The snapshot info is null. Setting the last applied indexto:(t:0, i:~)
datanode_2  | 2019-10-24 11:34:18,879 INFO server.RaftServerConfigKeys: raft.server.storage.dir = [/data/metadata/ratis] (custom)
datanode_1  | 2019-10-24 11:34:19,437 INFO server.RaftServerConfigKeys: raft.server.log.purge.gap = 1000000 (custom)
om_1        | 2019-10-24 11:34:19,640 INFO ipc.Server: IPC Server Responder: starting
scm_1       | 2019-10-24 11:34:15,436 INFO handler.ContextHandler: Started o.e.j.w.WebAppContext@1f7076bc{/,file:///tmp/jetty-0.0.0.0-9876-scm-_-any-2875042000991681331.dir/webapp/,AVAILABLE}{/scm}
datanode_3  | 2019-10-24 11:34:19,862 INFO server.RaftServerConfigKeys: raft.server.notification.no-leader.timeout = 120s (custom)
datanode_1  | 2019-10-24 11:34:19,437 INFO server.RaftServerConfigKeys: raft.server.log.appender.buffer.byte-limit = 33554432 (custom)
datanode_2  | 2019-10-24 11:34:18,883 INFO server.RaftServerConfigKeys: raft.server.log.corruption.policy = EXCEPTION (default)
om_1        | 2019-10-24 11:34:19,640 INFO ipc.Server: IPC Server listener on 9862: starting
scm_1       | 2019-10-24 11:34:15,442 INFO server.AbstractConnector: Started ServerConnector@60325987{HTTP/1.1,[http/1.1]}{0.0.0.0:9876}
datanode_3  | 2019-10-24 11:34:19,864 INFO server.RaftServerConfigKeys: raft.server.log.use.memory = false (default)
datanode_1  | 2019-10-24 11:34:19,439 INFO server.RaftServerConfigKeys: raft.server.log.segment.size.max = 1048576 (custom)
datanode_2  | 2019-10-24 11:34:18,884 INFO storage.RaftStorageDirectory: The storage directory /data/metadata/ratis/682ef1d8-2f57-43c5-8e50-98d7a77f4e85 does not exist. Creating ...
om_1        | 2019-10-24 11:34:19,669 INFO hdfs.DFSUtil: Starting Web-server for ozoneManager at: http://0.0.0.0:9874
scm_1       | 2019-10-24 11:34:15,442 INFO server.Server: Started @3074ms
datanode_3  | 2019-10-24 11:34:19,868 INFO server.RaftServerConfigKeys: raft.server.log.purge.gap = 1000000 (custom)
datanode_1  | 2019-10-24 11:34:19,443 INFO metrics.MetricRegistries: Loaded MetricRegistries class org.apache.ratis.metrics.impl.MetricRegistriesImpl
datanode_2  | 2019-10-24 11:34:18,900 INFO storage.RaftStorageDirectory: Lock on /data/metadata/ratis/682ef1d8-2f57-43c5-8e50-98d7a77f4e85/in_use.lock acquired by nodename 7@b609537d7466
om_1        | 2019-10-24 11:34:19,780 INFO server.AuthenticationFilter: Unable to initialize FileSignerSecretProvider, falling back to use random secrets.
scm_1       | 2019-10-24 11:34:15,447 INFO impl.MetricsSinkAdapter: Sink prometheus started
datanode_3  | 2019-10-24 11:34:19,868 INFO server.RaftServerConfigKeys: raft.server.log.appender.buffer.byte-limit = 33554432 (custom)
datanode_1  | 2019-10-24 11:34:19,447 WARN impl.MetricRegistriesImpl: First MetricRegistry has been created without registering reporters. You may need to call MetricRegistries.global().addReportRegistration(...) before.
datanode_2  | 2019-10-24 11:34:18,915 INFO storage.RaftStorage: Storage directory /data/metadata/ratis/682ef1d8-2f57-43c5-8e50-98d7a77f4e85 has been successfully formatted.
om_1        | 2019-10-24 11:34:19,787 INFO http.HttpRequestLog: Http request log for http.requests.ozoneManager is not defined
datanode_3  | 2019-10-24 11:34:19,870 INFO server.RaftServerConfigKeys: raft.server.log.segment.size.max = 1048576 (custom)
scm_1       | 2019-10-24 11:34:15,448 INFO impl.MetricsSystemImpl: Registered sink prometheus
datanode_1  | 2019-10-24 11:34:19,451 INFO server.RaftServerConfigKeys: raft.server.log.segment.cache.num.max = 2 (custom)
om_1        | 2019-10-24 11:34:19,799 INFO http.HttpServer2: Added global filter 'safety' (class=org.apache.hadoop.http.HttpServer2$QuotingInputFilter)
datanode_3  | 2019-10-24 11:34:19,874 INFO metrics.MetricRegistries: Loaded MetricRegistries class org.apache.ratis.metrics.impl.MetricRegistriesImpl
scm_1       | 2019-10-24 11:34:15,450 INFO server.BaseHttpServer: HTTP server of SCM is listening at http://0.0.0.0:9876
datanode_2  | 2019-10-24 11:34:18,918 [pool-8-thread-1] INFO       - group-98D7A77F4E85: The snapshot info is null. Setting the last applied indexto:(t:0, i:~)
datanode_1  | 2019-10-24 11:34:19,456 INFO segmented.SegmentedRaftLogWorker: new f31c9a7f-e42b-4c0d-8cb9-e965f274f1aa@group-6009714A9EF3-SegmentedRaftLogWorker for RaftStorage:Storage Directory /data/metadata/ratis/825407e6-3697-4ff0-891e-6009714a9ef3
om_1        | 2019-10-24 11:34:19,801 INFO http.HttpServer2: Added filter static_user_filter (class=org.apache.hadoop.http.lib.StaticUserWebFilter$StaticUserFilter) to context ozoneManager
datanode_3  | 2019-10-24 11:34:19,877 WARN impl.MetricRegistriesImpl: First MetricRegistry has been created without registering reporters. You may need to call MetricRegistries.global().addReportRegistration(...) before.
scm_1       | 2019-10-24 11:34:15,461 INFO util.JvmPauseMonitor: Starting JVM pause monitor
datanode_2  | 2019-10-24 11:34:18,919 INFO server.RaftServerConfigKeys: raft.server.notification.no-leader.timeout = 120s (custom)
datanode_1  | 2019-10-24 11:34:19,456 INFO server.RaftServerConfigKeys: raft.server.log.queue.byte-limit = 2147483647 (custom)
om_1        | 2019-10-24 11:34:19,802 INFO http.HttpServer2: Added filter static_user_filter (class=org.apache.hadoop.http.lib.StaticUserWebFilter$StaticUserFilter) to context logs
datanode_3  | 2019-10-24 11:34:19,881 INFO server.RaftServerConfigKeys: raft.server.log.segment.cache.num.max = 2 (custom)
scm_1       | 2019-10-24 11:34:17,863 INFO net.NetworkTopology: Added a new node: /default-rack/0d3baa61-19ff-418c-8a95-c2d977a6769c
datanode_2  | 2019-10-24 11:34:18,921 INFO server.RaftServerConfigKeys: raft.server.log.use.memory = false (default)
datanode_1  | 2019-10-24 11:34:19,456 INFO server.RaftServerConfigKeys: raft.server.log.queue.element-limit = 1024 (custom)
om_1        | 2019-10-24 11:34:19,802 INFO http.HttpServer2: Added filter static_user_filter (class=org.apache.hadoop.http.lib.StaticUserWebFilter$StaticUserFilter) to context static
datanode_3  | 2019-10-24 11:34:19,886 INFO segmented.SegmentedRaftLogWorker: new 80090447-9709-45af-926a-40ef527576d3@group-B851E7074B6C-SegmentedRaftLogWorker for RaftStorage:Storage Directory /data/metadata/ratis/4ac957de-7f3b-4d6a-b583-b851e7074b6c
scm_1       | 2019-10-24 11:34:17,863 INFO node.SCMNodeManager: Registered Data node : 0d3baa61-19ff-418c-8a95-c2d977a6769c{ip: 172.18.0.4, host: ozone-recon_datanode_2.ozone-recon_default, networkLocation: /default-rack, certSerialId: null}
datanode_2  | 2019-10-24 11:34:18,925 INFO server.RaftServerConfigKeys: raft.server.log.purge.gap = 1000000 (custom)
datanode_1  | 2019-10-24 11:34:19,457 INFO server.RaftServerConfigKeys: raft.server.log.segment.size.max = 1048576 (custom)
om_1        | 2019-10-24 11:34:19,824 WARN server.BaseHttpServer: /prof java profiling servlet is activated. Not safe for production!
datanode_3  | 2019-10-24 11:34:19,886 INFO server.RaftServerConfigKeys: raft.server.log.queue.byte-limit = 2147483647 (custom)
datanode_2  | 2019-10-24 11:34:18,925 INFO server.RaftServerConfigKeys: raft.server.log.appender.buffer.byte-limit = 33554432 (custom)
datanode_1  | 2019-10-24 11:34:19,458 INFO server.RaftServerConfigKeys: raft.server.log.preallocated.size = 16384 (custom)
datanode_3  | 2019-10-24 11:34:19,886 INFO server.RaftServerConfigKeys: raft.server.log.queue.element-limit = 1024 (custom)
om_1        | 2019-10-24 11:34:19,827 INFO http.HttpServer2: Jetty bound to port 9874
scm_1       | 2019-10-24 11:34:17,867 INFO safemode.SCMSafeModeManager: SCM in safe mode. 1 DataNodes registered, 1 required.
datanode_2  | 2019-10-24 11:34:18,927 INFO server.RaftServerConfigKeys: raft.server.log.segment.size.max = 1048576 (custom)
datanode_1  | 2019-10-24 11:34:19,458 INFO server.RaftServerConfigKeys: raft.server.log.write.buffer.size = 33554432 (custom)
datanode_3  | 2019-10-24 11:34:19,887 INFO server.RaftServerConfigKeys: raft.server.log.segment.size.max = 1048576 (custom)
om_1        | 2019-10-24 11:34:19,828 INFO server.Server: jetty-9.3.25.v20180904, build timestamp: 2018-09-04T21:11:46Z, git hash: 3ce520221d0240229c862b122d2b06c12a625732
datanode_2  | 2019-10-24 11:34:18,932 INFO metrics.MetricRegistries: Loaded MetricRegistries class org.apache.ratis.metrics.impl.MetricRegistriesImpl
scm_1       | 2019-10-24 11:34:17,868 INFO safemode.SCMSafeModeManager: ScmSafeModeManager, all rules are successfully validated
datanode_1  | 2019-10-24 11:34:19,458 INFO server.RaftServerConfigKeys: raft.server.log.force.sync.num = 128 (default)
datanode_3  | 2019-10-24 11:34:19,888 INFO server.RaftServerConfigKeys: raft.server.log.preallocated.size = 16384 (custom)
om_1        | 2019-10-24 11:34:19,871 INFO handler.ContextHandler: Started o.e.j.s.ServletContextHandler@28bdbe88{/logs,file:///var/log/hadoop/,AVAILABLE}
datanode_2  | 2019-10-24 11:34:18,935 WARN impl.MetricRegistriesImpl: First MetricRegistry has been created without registering reporters. You may need to call MetricRegistries.global().addReportRegistration(...) before.
datanode_1  | 2019-10-24 11:34:19,459 INFO server.RaftServerConfigKeys: raft.server.log.statemachine.data.sync = true (default)
datanode_3  | 2019-10-24 11:34:19,888 INFO server.RaftServerConfigKeys: raft.server.log.write.buffer.size = 33554432 (custom)
om_1        | 2019-10-24 11:34:19,872 INFO handler.ContextHandler: Started o.e.j.s.ServletContextHandler@44b21f9f{/static,jar:file:/opt/hadoop/share/ozone/lib/hadoop-ozone-ozone-manager-0.5.0-SNAPSHOT.jar!/webapps/static,AVAILABLE}
scm_1       | 2019-10-24 11:34:17,868 INFO safemode.SCMSafeModeManager: SCM exiting safe mode.
datanode_2  | 2019-10-24 11:34:18,939 INFO server.RaftServerConfigKeys: raft.server.log.segment.cache.num.max = 2 (custom)
datanode_1  | 2019-10-24 11:34:19,459 INFO server.RaftServerConfigKeys: raft.server.log.statemachine.data.sync.timeout = 10s (default)
datanode_3  | 2019-10-24 11:34:19,888 INFO server.RaftServerConfigKeys: raft.server.log.force.sync.num = 128 (default)
om_1        | 2019-10-24 11:34:19,952 INFO handler.ContextHandler: Started o.e.j.w.WebAppContext@2596d7f4{/,file:///tmp/jetty-0.0.0.0-9874-ozoneManager-_-any-1264970209173765178.dir/webapp/,AVAILABLE}{/ozoneManager}
scm_1       | 2019-10-24 11:34:18,298 INFO net.NetworkTopology: Added a new node: /default-rack/f31c9a7f-e42b-4c0d-8cb9-e965f274f1aa
datanode_1  | 2019-10-24 11:34:19,459 INFO server.RaftServerConfigKeys: raft.server.log.statemachine.data.sync.timeout.retry = -1 (default)
datanode_2  | 2019-10-24 11:34:18,944 INFO segmented.SegmentedRaftLogWorker: new 0d3baa61-19ff-418c-8a95-c2d977a6769c@group-98D7A77F4E85-SegmentedRaftLogWorker for RaftStorage:Storage Directory /data/metadata/ratis/682ef1d8-2f57-43c5-8e50-98d7a77f4e85
datanode_3  | 2019-10-24 11:34:19,889 INFO server.RaftServerConfigKeys: raft.server.log.statemachine.data.sync = true (default)
scm_1       | 2019-10-24 11:34:18,298 INFO node.SCMNodeManager: Registered Data node : f31c9a7f-e42b-4c0d-8cb9-e965f274f1aa{ip: 172.18.0.6, host: ozone-recon_datanode_1.ozone-recon_default, networkLocation: /default-rack, certSerialId: null}
om_1        | 2019-10-24 11:34:19,959 INFO server.AbstractConnector: Started ServerConnector@44fff386{HTTP/1.1,[http/1.1]}{0.0.0.0:9874}
datanode_1  | 2019-10-24 11:34:19,466 INFO server.RaftServerConfigKeys: raft.server.log.statemachine.data.caching.enabled = true (custom)
datanode_2  | 2019-10-24 11:34:18,944 INFO server.RaftServerConfigKeys: raft.server.log.queue.byte-limit = 2147483647 (custom)
datanode_3  | 2019-10-24 11:34:19,889 INFO server.RaftServerConfigKeys: raft.server.log.statemachine.data.sync.timeout = 10s (default)
scm_1       | WARNING: An illegal reflective access operation has occurred
om_1        | 2019-10-24 11:34:19,959 INFO server.Server: Started @3829ms
datanode_1  | 2019-10-24 11:34:19,470 INFO segmented.SegmentedRaftLogWorker: f31c9a7f-e42b-4c0d-8cb9-e965f274f1aa@group-6009714A9EF3-SegmentedRaftLogWorker: flushIndex: setUnconditionally 0 -> -1
datanode_2  | 2019-10-24 11:34:18,944 INFO server.RaftServerConfigKeys: raft.server.log.queue.element-limit = 1024 (custom)
datanode_3  | 2019-10-24 11:34:19,890 INFO server.RaftServerConfigKeys: raft.server.log.statemachine.data.sync.timeout.retry = -1 (default)
scm_1       | WARNING: Illegal reflective access by org.apache.ratis.thirdparty.com.google.protobuf.UnsafeUtil (file:/opt/hadoop/share/ozone/lib/ratis-thirdparty-misc-0.2.0.jar) to field java.nio.Buffer.address
om_1        | 2019-10-24 11:34:19,962 INFO impl.MetricsSinkAdapter: Sink prometheus started
datanode_1  | 2019-10-24 11:34:19,474 INFO server.RaftServerConfigKeys: raft.server.snapshot.auto.trigger.enabled = true (custom)
datanode_3  | 2019-10-24 11:34:19,896 INFO server.RaftServerConfigKeys: raft.server.log.statemachine.data.caching.enabled = true (custom)
datanode_2  | 2019-10-24 11:34:18,945 INFO server.RaftServerConfigKeys: raft.server.log.segment.size.max = 1048576 (custom)
scm_1       | WARNING: Please consider reporting this to the maintainers of org.apache.ratis.thirdparty.com.google.protobuf.UnsafeUtil
om_1        | 2019-10-24 11:34:19,962 INFO impl.MetricsSystemImpl: Registered sink prometheus
datanode_1  | 2019-10-24 11:34:19,474 INFO server.RaftServerConfigKeys: raft.server.snapshot.auto.trigger.threshold = 10000 (custom)
datanode_3  | 2019-10-24 11:34:19,900 INFO segmented.SegmentedRaftLogWorker: 80090447-9709-45af-926a-40ef527576d3@group-B851E7074B6C-SegmentedRaftLogWorker: flushIndex: setUnconditionally 0 -> -1
datanode_2  | 2019-10-24 11:34:18,946 INFO server.RaftServerConfigKeys: raft.server.log.preallocated.size = 16384 (custom)
scm_1       | WARNING: Use --illegal-access=warn to enable warnings of further illegal reflective access operations
om_1        | 2019-10-24 11:34:19,966 INFO server.BaseHttpServer: HTTP server of OZONEMANAGER is listening at http://0.0.0.0:9874
datanode_1  | 2019-10-24 11:34:19,475 INFO server.RaftServerConfigKeys: raft.server.snapshot.retention.file.num = 5 (custom)
datanode_3  | 2019-10-24 11:34:19,903 INFO server.RaftServerConfigKeys: raft.server.snapshot.auto.trigger.enabled = true (custom)
datanode_2  | 2019-10-24 11:34:18,946 INFO server.RaftServerConfigKeys: raft.server.log.write.buffer.size = 33554432 (custom)
scm_1       | WARNING: All illegal access operations will be denied in a future release
om_1        | 2019-10-24 11:34:34,106 [IPC Server handler 0 on 9862] INFO       - created volume:vol-0-39032 for user:hadoop
datanode_1  | 2019-10-24 11:34:19,475 INFO server.RaftServerConfigKeys: raft.server.retrycache.expirytime = 600000ms (custom)
datanode_3  | 2019-10-24 11:34:19,904 INFO server.RaftServerConfigKeys: raft.server.snapshot.auto.trigger.threshold = 10000 (custom)
datanode_2  | 2019-10-24 11:34:18,946 INFO server.RaftServerConfigKeys: raft.server.log.force.sync.num = 128 (default)
om_1        | 2019-10-24 11:34:34,397 [IPC Server handler 4 on 9862] INFO       - created volume:vol-1-19647 for user:hadoop
datanode_1  | 2019-10-24 11:34:19,490 WARN impl.MetricRegistriesImpl: First MetricRegistry has been created without registering reporters. You may need to call MetricRegistries.global().addReportRegistration(...) before.
scm_1       | 2019-10-24 11:34:19,000 INFO net.NetworkTopology: Added a new node: /default-rack/80090447-9709-45af-926a-40ef527576d3
datanode_2  | 2019-10-24 11:34:18,947 INFO server.RaftServerConfigKeys: raft.server.log.statemachine.data.sync = true (default)
datanode_3  | 2019-10-24 11:34:19,904 INFO server.RaftServerConfigKeys: raft.server.snapshot.retention.file.num = 5 (custom)
om_1        | 2019-10-24 11:34:34,422 [IPC Server handler 5 on 9862] INFO       - created volume:vol-2-15765 for user:hadoop
datanode_1  | 2019-10-24 11:34:19,492 WARN impl.MetricRegistriesImpl: First MetricRegistry has been created without registering reporters. You may need to call MetricRegistries.global().addReportRegistration(...) before.
scm_1       | 2019-10-24 11:34:19,000 INFO node.SCMNodeManager: Registered Data node : 80090447-9709-45af-926a-40ef527576d3{ip: 172.18.0.3, host: ozone-recon_datanode_3.ozone-recon_default, networkLocation: /default-rack, certSerialId: null}
datanode_2  | 2019-10-24 11:34:18,947 INFO server.RaftServerConfigKeys: raft.server.log.statemachine.data.sync.timeout = 10s (default)
datanode_3  | 2019-10-24 11:34:19,905 INFO server.RaftServerConfigKeys: raft.server.retrycache.expirytime = 600000ms (custom)
datanode_1  | 2019-10-24 11:34:19,493 INFO impl.RaftServerImpl: f31c9a7f-e42b-4c0d-8cb9-e965f274f1aa@group-6009714A9EF3: start as a follower, conf=-1: [f31c9a7f-e42b-4c0d-8cb9-e965f274f1aa:172.18.0.6:9858], old=null
scm_1       | 2019-10-24 11:34:19,076 INFO pipeline.PipelineStateManager: Created pipeline Pipeline[ Id: 682ef1d8-2f57-43c5-8e50-98d7a77f4e85, Nodes: 0d3baa61-19ff-418c-8a95-c2d977a6769c{ip: 172.18.0.4, host: ozone-recon_datanode_2.ozone-recon_default, networkLocation: /default-rack, certSerialId: null}, Type:RATIS, Factor:ONE, State:OPEN]
datanode_3  | 2019-10-24 11:34:19,919 WARN impl.MetricRegistriesImpl: First MetricRegistry has been created without registering reporters. You may need to call MetricRegistries.global().addReportRegistration(...) before.
datanode_2  | 2019-10-24 11:34:18,948 INFO server.RaftServerConfigKeys: raft.server.log.statemachine.data.sync.timeout.retry = -1 (default)
om_1        | 2019-10-24 11:34:34,445 [IPC Server handler 2 on 9862] INFO       - created volume:vol-3-71487 for user:hadoop
datanode_1  | 2019-10-24 11:34:19,494 INFO impl.RaftServerImpl: f31c9a7f-e42b-4c0d-8cb9-e965f274f1aa@group-6009714A9EF3: changes role from      null to FOLLOWER at term 0 for startAsFollower
datanode_3  | 2019-10-24 11:34:19,921 WARN impl.MetricRegistriesImpl: First MetricRegistry has been created without registering reporters. You may need to call MetricRegistries.global().addReportRegistration(...) before.
datanode_2  | 2019-10-24 11:34:18,955 INFO server.RaftServerConfigKeys: raft.server.log.statemachine.data.caching.enabled = true (custom)
om_1        | 2019-10-24 11:34:34,467 [IPC Server handler 8 on 9862] INFO       - created volume:vol-4-63511 for user:hadoop
datanode_1  | 2019-10-24 11:34:19,495 INFO impl.RoleInfo: f31c9a7f-e42b-4c0d-8cb9-e965f274f1aa: start FollowerState
datanode_3  | 2019-10-24 11:34:19,922 INFO impl.RaftServerImpl: 80090447-9709-45af-926a-40ef527576d3@group-B851E7074B6C: start as a follower, conf=-1: [80090447-9709-45af-926a-40ef527576d3:172.18.0.3:9858], old=null
scm_1       | 2019-10-24 11:34:19,548 INFO pipeline.PipelineStateManager: Created pipeline Pipeline[ Id: 825407e6-3697-4ff0-891e-6009714a9ef3, Nodes: f31c9a7f-e42b-4c0d-8cb9-e965f274f1aa{ip: 172.18.0.6, host: ozone-recon_datanode_1.ozone-recon_default, networkLocation: /default-rack, certSerialId: null}, Type:RATIS, Factor:ONE, State:OPEN]
datanode_2  | 2019-10-24 11:34:18,959 INFO segmented.SegmentedRaftLogWorker: 0d3baa61-19ff-418c-8a95-c2d977a6769c@group-98D7A77F4E85-SegmentedRaftLogWorker: flushIndex: setUnconditionally 0 -> -1
datanode_1  | 2019-10-24 11:34:19,498 INFO util.JmxRegister: Successfully registered JMX Bean with object name Ratis:service=RaftServer,group=group-6009714A9EF3,id=f31c9a7f-e42b-4c0d-8cb9-e965f274f1aa
datanode_3  | 2019-10-24 11:34:19,923 INFO impl.RaftServerImpl: 80090447-9709-45af-926a-40ef527576d3@group-B851E7074B6C: changes role from      null to FOLLOWER at term 0 for startAsFollower
scm_1       | 2019-10-24 11:34:19,996 INFO pipeline.PipelineStateManager: Created pipeline Pipeline[ Id: 4ac957de-7f3b-4d6a-b583-b851e7074b6c, Nodes: 80090447-9709-45af-926a-40ef527576d3{ip: 172.18.0.3, host: ozone-recon_datanode_3.ozone-recon_default, networkLocation: /default-rack, certSerialId: null}, Type:RATIS, Factor:ONE, State:OPEN]
datanode_2  | 2019-10-24 11:34:18,962 INFO server.RaftServerConfigKeys: raft.server.snapshot.auto.trigger.enabled = true (custom)
datanode_1  | 2019-10-24 11:34:19,500 WARN impl.MetricRegistriesImpl: First MetricRegistry has been created without registering reporters. You may need to call MetricRegistries.global().addReportRegistration(...) before.
datanode_3  | 2019-10-24 11:34:19,924 INFO impl.RoleInfo: 80090447-9709-45af-926a-40ef527576d3: start FollowerState
datanode_2  | 2019-10-24 11:34:18,963 INFO server.RaftServerConfigKeys: raft.server.snapshot.auto.trigger.threshold = 10000 (custom)
datanode_1  | 2019-10-24 11:34:20,041 INFO impl.RaftServerProxy: f31c9a7f-e42b-4c0d-8cb9-e965f274f1aa: addNew group-0BFE422007A2:[f31c9a7f-e42b-4c0d-8cb9-e965f274f1aa:172.18.0.6:9858, 80090447-9709-45af-926a-40ef527576d3:172.18.0.3:9858, 0d3baa61-19ff-418c-8a95-c2d977a6769c:172.18.0.4:9858] returns group-0BFE422007A2:java.util.concurrent.CompletableFuture@5ae71f76[Not completed]
datanode_3  | 2019-10-24 11:34:19,927 INFO util.JmxRegister: Successfully registered JMX Bean with object name Ratis:service=RaftServer,group=group-B851E7074B6C,id=80090447-9709-45af-926a-40ef527576d3
datanode_2  | 2019-10-24 11:34:18,963 INFO server.RaftServerConfigKeys: raft.server.snapshot.retention.file.num = 5 (custom)
datanode_1  | 2019-10-24 11:34:20,044 INFO impl.RaftServerImpl: f31c9a7f-e42b-4c0d-8cb9-e965f274f1aa: new RaftServerImpl for group-0BFE422007A2:[f31c9a7f-e42b-4c0d-8cb9-e965f274f1aa:172.18.0.6:9858, 80090447-9709-45af-926a-40ef527576d3:172.18.0.3:9858, 0d3baa61-19ff-418c-8a95-c2d977a6769c:172.18.0.4:9858] with ContainerStateMachine:uninitialized
scm_1       | 2019-10-24 11:34:20,078 INFO pipeline.PipelineStateManager: Created pipeline Pipeline[ Id: 6d0305c6-d2c5-46f7-a0cf-0bfe422007a2, Nodes: f31c9a7f-e42b-4c0d-8cb9-e965f274f1aa{ip: 172.18.0.6, host: ozone-recon_datanode_1.ozone-recon_default, networkLocation: /default-rack, certSerialId: null}80090447-9709-45af-926a-40ef527576d3{ip: 172.18.0.3, host: ozone-recon_datanode_3.ozone-recon_default, networkLocation: /default-rack, certSerialId: null}0d3baa61-19ff-418c-8a95-c2d977a6769c{ip: 172.18.0.4, host: ozone-recon_datanode_2.ozone-recon_default, networkLocation: /default-rack, certSerialId: null}, Type:RATIS, Factor:THREE, State:OPEN]
datanode_3  | 2019-10-24 11:34:19,929 WARN impl.MetricRegistriesImpl: First MetricRegistry has been created without registering reporters. You may need to call MetricRegistries.global().addReportRegistration(...) before.
datanode_2  | 2019-10-24 11:34:18,964 INFO server.RaftServerConfigKeys: raft.server.retrycache.expirytime = 600000ms (custom)
datanode_1  | 2019-10-24 11:34:20,044 INFO server.RaftServerConfigKeys: raft.server.rpc.timeout.min = 5s (custom)
datanode_3  | 2019-10-24 11:34:20,028 INFO impl.RaftServerProxy: 80090447-9709-45af-926a-40ef527576d3: addNew group-0BFE422007A2:[f31c9a7f-e42b-4c0d-8cb9-e965f274f1aa:172.18.0.6:9858, 80090447-9709-45af-926a-40ef527576d3:172.18.0.3:9858, 0d3baa61-19ff-418c-8a95-c2d977a6769c:172.18.0.4:9858] returns group-0BFE422007A2:java.util.concurrent.CompletableFuture@64b50df3[Not completed]
datanode_2  | 2019-10-24 11:34:18,978 WARN impl.MetricRegistriesImpl: First MetricRegistry has been created without registering reporters. You may need to call MetricRegistries.global().addReportRegistration(...) before.
datanode_1  | 2019-10-24 11:34:20,044 INFO server.RaftServerConfigKeys: raft.server.rpc.timeout.max = 5200ms (custom)
datanode_3  | 2019-10-24 11:34:20,031 INFO impl.RaftServerImpl: 80090447-9709-45af-926a-40ef527576d3: new RaftServerImpl for group-0BFE422007A2:[f31c9a7f-e42b-4c0d-8cb9-e965f274f1aa:172.18.0.6:9858, 80090447-9709-45af-926a-40ef527576d3:172.18.0.3:9858, 0d3baa61-19ff-418c-8a95-c2d977a6769c:172.18.0.4:9858] with ContainerStateMachine:uninitialized
datanode_2  | 2019-10-24 11:34:18,980 WARN impl.MetricRegistriesImpl: First MetricRegistry has been created without registering reporters. You may need to call MetricRegistries.global().addReportRegistration(...) before.
datanode_1  | 2019-10-24 11:34:20,044 INFO server.RaftServerConfigKeys: raft.server.rpcslowness.timeout = 120s (custom)
datanode_3  | 2019-10-24 11:34:20,031 INFO server.RaftServerConfigKeys: raft.server.rpc.timeout.min = 5s (custom)
datanode_3  | 2019-10-24 11:34:20,031 INFO server.RaftServerConfigKeys: raft.server.rpc.timeout.max = 5200ms (custom)
datanode_1  | 2019-10-24 11:34:20,044 INFO server.RaftServerConfigKeys: raft.server.sleep.deviation.threshold = 300 (default)
datanode_3  | 2019-10-24 11:34:20,031 INFO server.RaftServerConfigKeys: raft.server.rpcslowness.timeout = 120s (custom)
datanode_2  | 2019-10-24 11:34:18,981 INFO impl.RaftServerImpl: 0d3baa61-19ff-418c-8a95-c2d977a6769c@group-98D7A77F4E85: start as a follower, conf=-1: [0d3baa61-19ff-418c-8a95-c2d977a6769c:172.18.0.4:9858], old=null
datanode_1  | 2019-10-24 11:34:20,044 INFO server.RaftServerConfigKeys: raft.server.log.appender.install.snapshot.enabled = false (custom)
datanode_3  | 2019-10-24 11:34:20,031 INFO server.RaftServerConfigKeys: raft.server.sleep.deviation.threshold = 300 (default)
datanode_2  | 2019-10-24 11:34:18,982 INFO impl.RaftServerImpl: 0d3baa61-19ff-418c-8a95-c2d977a6769c@group-98D7A77F4E85: changes role from      null to FOLLOWER at term 0 for startAsFollower
datanode_3  | 2019-10-24 11:34:20,031 INFO server.RaftServerConfigKeys: raft.server.log.appender.install.snapshot.enabled = false (custom)
datanode_1  | 2019-10-24 11:34:20,045 INFO impl.RaftServerImpl: f31c9a7f-e42b-4c0d-8cb9-e965f274f1aa@group-0BFE422007A2: ConfigurationManager, init=-1: [f31c9a7f-e42b-4c0d-8cb9-e965f274f1aa:172.18.0.6:9858, 80090447-9709-45af-926a-40ef527576d3:172.18.0.3:9858, 0d3baa61-19ff-418c-8a95-c2d977a6769c:172.18.0.4:9858], old=null, confs=<EMPTY_MAP>
datanode_2  | 2019-10-24 11:34:18,983 INFO impl.RoleInfo: 0d3baa61-19ff-418c-8a95-c2d977a6769c: start FollowerState
datanode_1  | 2019-10-24 11:34:20,045 INFO server.RaftServerConfigKeys: raft.server.storage.dir = [/data/metadata/ratis] (custom)
datanode_3  | 2019-10-24 11:34:20,031 INFO impl.RaftServerImpl: 80090447-9709-45af-926a-40ef527576d3@group-0BFE422007A2: ConfigurationManager, init=-1: [f31c9a7f-e42b-4c0d-8cb9-e965f274f1aa:172.18.0.6:9858, 80090447-9709-45af-926a-40ef527576d3:172.18.0.3:9858, 0d3baa61-19ff-418c-8a95-c2d977a6769c:172.18.0.4:9858], old=null, confs=<EMPTY_MAP>
datanode_2  | 2019-10-24 11:34:18,987 INFO util.JmxRegister: Successfully registered JMX Bean with object name Ratis:service=RaftServer,group=group-98D7A77F4E85,id=0d3baa61-19ff-418c-8a95-c2d977a6769c
datanode_1  | 2019-10-24 11:34:20,045 INFO server.RaftServerConfigKeys: raft.server.log.corruption.policy = EXCEPTION (default)
datanode_3  | 2019-10-24 11:34:20,032 INFO server.RaftServerConfigKeys: raft.server.storage.dir = [/data/metadata/ratis] (custom)
datanode_2  | 2019-10-24 11:34:18,989 WARN impl.MetricRegistriesImpl: First MetricRegistry has been created without registering reporters. You may need to call MetricRegistries.global().addReportRegistration(...) before.
datanode_1  | 2019-10-24 11:34:20,045 INFO storage.RaftStorageDirectory: The storage directory /data/metadata/ratis/6d0305c6-d2c5-46f7-a0cf-0bfe422007a2 does not exist. Creating ...
datanode_3  | 2019-10-24 11:34:20,032 INFO server.RaftServerConfigKeys: raft.server.log.corruption.policy = EXCEPTION (default)
datanode_2  | 2019-10-24 11:34:20,042 INFO impl.RaftServerProxy: 0d3baa61-19ff-418c-8a95-c2d977a6769c: addNew group-0BFE422007A2:[f31c9a7f-e42b-4c0d-8cb9-e965f274f1aa:172.18.0.6:9858, 80090447-9709-45af-926a-40ef527576d3:172.18.0.3:9858, 0d3baa61-19ff-418c-8a95-c2d977a6769c:172.18.0.4:9858] returns group-0BFE422007A2:java.util.concurrent.CompletableFuture@74c45001[Not completed]
datanode_1  | 2019-10-24 11:34:20,051 INFO storage.RaftStorageDirectory: Lock on /data/metadata/ratis/6d0305c6-d2c5-46f7-a0cf-0bfe422007a2/in_use.lock acquired by nodename 7@053d9a83aaea
datanode_3  | 2019-10-24 11:34:20,032 INFO storage.RaftStorageDirectory: The storage directory /data/metadata/ratis/6d0305c6-d2c5-46f7-a0cf-0bfe422007a2 does not exist. Creating ...
datanode_2  | 2019-10-24 11:34:20,044 INFO impl.RaftServerImpl: 0d3baa61-19ff-418c-8a95-c2d977a6769c: new RaftServerImpl for group-0BFE422007A2:[f31c9a7f-e42b-4c0d-8cb9-e965f274f1aa:172.18.0.6:9858, 80090447-9709-45af-926a-40ef527576d3:172.18.0.3:9858, 0d3baa61-19ff-418c-8a95-c2d977a6769c:172.18.0.4:9858] with ContainerStateMachine:uninitialized
datanode_1  | 2019-10-24 11:34:20,065 INFO storage.RaftStorage: Storage directory /data/metadata/ratis/6d0305c6-d2c5-46f7-a0cf-0bfe422007a2 has been successfully formatted.
datanode_3  | 2019-10-24 11:34:20,035 INFO storage.RaftStorageDirectory: Lock on /data/metadata/ratis/6d0305c6-d2c5-46f7-a0cf-0bfe422007a2/in_use.lock acquired by nodename 7@c542f43389bc
datanode_2  | 2019-10-24 11:34:20,045 INFO server.RaftServerConfigKeys: raft.server.rpc.timeout.min = 5s (custom)
datanode_1  | 2019-10-24 11:34:20,066 [pool-8-thread-1] INFO       - group-0BFE422007A2: The snapshot info is null. Setting the last applied indexto:(t:0, i:~)
datanode_3  | 2019-10-24 11:34:20,050 INFO storage.RaftStorage: Storage directory /data/metadata/ratis/6d0305c6-d2c5-46f7-a0cf-0bfe422007a2 has been successfully formatted.
datanode_1  | 2019-10-24 11:34:20,066 INFO server.RaftServerConfigKeys: raft.server.notification.no-leader.timeout = 120s (custom)
datanode_2  | 2019-10-24 11:34:20,045 INFO server.RaftServerConfigKeys: raft.server.rpc.timeout.max = 5200ms (custom)
datanode_3  | 2019-10-24 11:34:20,051 [pool-8-thread-1] INFO       - group-0BFE422007A2: The snapshot info is null. Setting the last applied indexto:(t:0, i:~)
datanode_1  | 2019-10-24 11:34:20,066 INFO server.RaftServerConfigKeys: raft.server.log.use.memory = false (default)
datanode_2  | 2019-10-24 11:34:20,045 INFO server.RaftServerConfigKeys: raft.server.rpcslowness.timeout = 120s (custom)
datanode_3  | 2019-10-24 11:34:20,051 INFO server.RaftServerConfigKeys: raft.server.notification.no-leader.timeout = 120s (custom)
datanode_1  | 2019-10-24 11:34:20,067 INFO server.RaftServerConfigKeys: raft.server.log.purge.gap = 1000000 (custom)
datanode_3  | 2019-10-24 11:34:20,051 INFO server.RaftServerConfigKeys: raft.server.log.use.memory = false (default)
datanode_2  | 2019-10-24 11:34:20,045 INFO server.RaftServerConfigKeys: raft.server.sleep.deviation.threshold = 300 (default)
datanode_1  | 2019-10-24 11:34:20,067 INFO server.RaftServerConfigKeys: raft.server.log.appender.buffer.byte-limit = 33554432 (custom)
datanode_2  | 2019-10-24 11:34:20,045 INFO server.RaftServerConfigKeys: raft.server.log.appender.install.snapshot.enabled = false (custom)
datanode_3  | 2019-10-24 11:34:20,051 INFO server.RaftServerConfigKeys: raft.server.log.purge.gap = 1000000 (custom)
datanode_1  | 2019-10-24 11:34:20,067 INFO server.RaftServerConfigKeys: raft.server.log.segment.size.max = 1048576 (custom)
datanode_2  | 2019-10-24 11:34:20,045 INFO impl.RaftServerImpl: 0d3baa61-19ff-418c-8a95-c2d977a6769c@group-0BFE422007A2: ConfigurationManager, init=-1: [f31c9a7f-e42b-4c0d-8cb9-e965f274f1aa:172.18.0.6:9858, 80090447-9709-45af-926a-40ef527576d3:172.18.0.3:9858, 0d3baa61-19ff-418c-8a95-c2d977a6769c:172.18.0.4:9858], old=null, confs=<EMPTY_MAP>
datanode_3  | 2019-10-24 11:34:20,051 INFO server.RaftServerConfigKeys: raft.server.log.appender.buffer.byte-limit = 33554432 (custom)
datanode_1  | 2019-10-24 11:34:20,067 INFO server.RaftServerConfigKeys: raft.server.log.segment.cache.num.max = 2 (custom)
datanode_2  | 2019-10-24 11:34:20,045 INFO server.RaftServerConfigKeys: raft.server.storage.dir = [/data/metadata/ratis] (custom)
datanode_3  | 2019-10-24 11:34:20,051 INFO server.RaftServerConfigKeys: raft.server.log.segment.size.max = 1048576 (custom)
datanode_3  | 2019-10-24 11:34:20,051 INFO server.RaftServerConfigKeys: raft.server.log.segment.cache.num.max = 2 (custom)
datanode_2  | 2019-10-24 11:34:20,046 INFO server.RaftServerConfigKeys: raft.server.log.corruption.policy = EXCEPTION (default)
datanode_1  | 2019-10-24 11:34:20,067 INFO segmented.SegmentedRaftLogWorker: new f31c9a7f-e42b-4c0d-8cb9-e965f274f1aa@group-0BFE422007A2-SegmentedRaftLogWorker for RaftStorage:Storage Directory /data/metadata/ratis/6d0305c6-d2c5-46f7-a0cf-0bfe422007a2
datanode_2  | 2019-10-24 11:34:20,046 INFO storage.RaftStorageDirectory: The storage directory /data/metadata/ratis/6d0305c6-d2c5-46f7-a0cf-0bfe422007a2 does not exist. Creating ...
datanode_3  | 2019-10-24 11:34:20,052 INFO segmented.SegmentedRaftLogWorker: new 80090447-9709-45af-926a-40ef527576d3@group-0BFE422007A2-SegmentedRaftLogWorker for RaftStorage:Storage Directory /data/metadata/ratis/6d0305c6-d2c5-46f7-a0cf-0bfe422007a2
datanode_2  | 2019-10-24 11:34:20,052 INFO storage.RaftStorageDirectory: Lock on /data/metadata/ratis/6d0305c6-d2c5-46f7-a0cf-0bfe422007a2/in_use.lock acquired by nodename 7@b609537d7466
datanode_1  | 2019-10-24 11:34:20,067 INFO server.RaftServerConfigKeys: raft.server.log.queue.byte-limit = 2147483647 (custom)
datanode_3  | 2019-10-24 11:34:20,052 INFO server.RaftServerConfigKeys: raft.server.log.queue.byte-limit = 2147483647 (custom)
datanode_2  | 2019-10-24 11:34:20,066 INFO storage.RaftStorage: Storage directory /data/metadata/ratis/6d0305c6-d2c5-46f7-a0cf-0bfe422007a2 has been successfully formatted.
datanode_1  | 2019-10-24 11:34:20,067 INFO server.RaftServerConfigKeys: raft.server.log.queue.element-limit = 1024 (custom)
datanode_3  | 2019-10-24 11:34:20,052 INFO server.RaftServerConfigKeys: raft.server.log.queue.element-limit = 1024 (custom)
datanode_2  | 2019-10-24 11:34:20,066 [pool-8-thread-1] INFO       - group-0BFE422007A2: The snapshot info is null. Setting the last applied indexto:(t:0, i:~)
datanode_1  | 2019-10-24 11:34:20,068 INFO server.RaftServerConfigKeys: raft.server.log.segment.size.max = 1048576 (custom)
datanode_3  | 2019-10-24 11:34:20,052 INFO server.RaftServerConfigKeys: raft.server.log.segment.size.max = 1048576 (custom)
datanode_2  | 2019-10-24 11:34:20,067 INFO server.RaftServerConfigKeys: raft.server.notification.no-leader.timeout = 120s (custom)
datanode_1  | 2019-10-24 11:34:20,068 INFO server.RaftServerConfigKeys: raft.server.log.preallocated.size = 16384 (custom)
datanode_2  | 2019-10-24 11:34:20,067 INFO server.RaftServerConfigKeys: raft.server.log.use.memory = false (default)
datanode_3  | 2019-10-24 11:34:20,052 INFO server.RaftServerConfigKeys: raft.server.log.preallocated.size = 16384 (custom)
datanode_1  | 2019-10-24 11:34:20,068 INFO server.RaftServerConfigKeys: raft.server.log.write.buffer.size = 33554432 (custom)
datanode_2  | 2019-10-24 11:34:20,067 INFO server.RaftServerConfigKeys: raft.server.log.purge.gap = 1000000 (custom)
datanode_3  | 2019-10-24 11:34:20,052 INFO server.RaftServerConfigKeys: raft.server.log.write.buffer.size = 33554432 (custom)
datanode_1  | 2019-10-24 11:34:20,068 INFO server.RaftServerConfigKeys: raft.server.log.force.sync.num = 128 (default)
datanode_2  | 2019-10-24 11:34:20,067 INFO server.RaftServerConfigKeys: raft.server.log.appender.buffer.byte-limit = 33554432 (custom)
datanode_3  | 2019-10-24 11:34:20,052 INFO server.RaftServerConfigKeys: raft.server.log.force.sync.num = 128 (default)
datanode_1  | 2019-10-24 11:34:20,068 INFO server.RaftServerConfigKeys: raft.server.log.statemachine.data.sync = true (default)
datanode_2  | 2019-10-24 11:34:20,067 INFO server.RaftServerConfigKeys: raft.server.log.segment.size.max = 1048576 (custom)
datanode_3  | 2019-10-24 11:34:20,052 INFO server.RaftServerConfigKeys: raft.server.log.statemachine.data.sync = true (default)
datanode_1  | 2019-10-24 11:34:20,068 INFO server.RaftServerConfigKeys: raft.server.log.statemachine.data.sync.timeout = 10s (default)
datanode_2  | 2019-10-24 11:34:20,068 INFO server.RaftServerConfigKeys: raft.server.log.segment.cache.num.max = 2 (custom)
datanode_3  | 2019-10-24 11:34:20,052 INFO server.RaftServerConfigKeys: raft.server.log.statemachine.data.sync.timeout = 10s (default)
datanode_1  | 2019-10-24 11:34:20,068 INFO server.RaftServerConfigKeys: raft.server.log.statemachine.data.sync.timeout.retry = -1 (default)
datanode_3  | 2019-10-24 11:34:20,052 INFO server.RaftServerConfigKeys: raft.server.log.statemachine.data.sync.timeout.retry = -1 (default)
datanode_2  | 2019-10-24 11:34:20,068 INFO segmented.SegmentedRaftLogWorker: new 0d3baa61-19ff-418c-8a95-c2d977a6769c@group-0BFE422007A2-SegmentedRaftLogWorker for RaftStorage:Storage Directory /data/metadata/ratis/6d0305c6-d2c5-46f7-a0cf-0bfe422007a2
datanode_1  | 2019-10-24 11:34:20,069 INFO server.RaftServerConfigKeys: raft.server.log.statemachine.data.caching.enabled = true (custom)
datanode_3  | 2019-10-24 11:34:20,052 INFO server.RaftServerConfigKeys: raft.server.log.statemachine.data.caching.enabled = true (custom)
datanode_2  | 2019-10-24 11:34:20,068 INFO server.RaftServerConfigKeys: raft.server.log.queue.byte-limit = 2147483647 (custom)
datanode_1  | 2019-10-24 11:34:20,069 INFO segmented.SegmentedRaftLogWorker: f31c9a7f-e42b-4c0d-8cb9-e965f274f1aa@group-0BFE422007A2-SegmentedRaftLogWorker: flushIndex: setUnconditionally 0 -> -1
datanode_3  | 2019-10-24 11:34:20,053 INFO segmented.SegmentedRaftLogWorker: 80090447-9709-45af-926a-40ef527576d3@group-0BFE422007A2-SegmentedRaftLogWorker: flushIndex: setUnconditionally 0 -> -1
datanode_2  | 2019-10-24 11:34:20,068 INFO server.RaftServerConfigKeys: raft.server.log.queue.element-limit = 1024 (custom)
datanode_1  | 2019-10-24 11:34:20,069 INFO server.RaftServerConfigKeys: raft.server.snapshot.auto.trigger.enabled = true (custom)
datanode_3  | 2019-10-24 11:34:20,053 INFO server.RaftServerConfigKeys: raft.server.snapshot.auto.trigger.enabled = true (custom)
datanode_2  | 2019-10-24 11:34:20,068 INFO server.RaftServerConfigKeys: raft.server.log.segment.size.max = 1048576 (custom)
datanode_1  | 2019-10-24 11:34:20,070 INFO server.RaftServerConfigKeys: raft.server.snapshot.auto.trigger.threshold = 10000 (custom)
datanode_3  | 2019-10-24 11:34:20,054 INFO server.RaftServerConfigKeys: raft.server.snapshot.auto.trigger.threshold = 10000 (custom)
datanode_2  | 2019-10-24 11:34:20,068 INFO server.RaftServerConfigKeys: raft.server.log.preallocated.size = 16384 (custom)
datanode_1  | 2019-10-24 11:34:20,070 INFO server.RaftServerConfigKeys: raft.server.snapshot.retention.file.num = 5 (custom)
datanode_3  | 2019-10-24 11:34:20,054 INFO server.RaftServerConfigKeys: raft.server.snapshot.retention.file.num = 5 (custom)
datanode_2  | 2019-10-24 11:34:20,068 INFO server.RaftServerConfigKeys: raft.server.log.write.buffer.size = 33554432 (custom)
datanode_3  | 2019-10-24 11:34:20,054 INFO server.RaftServerConfigKeys: raft.server.retrycache.expirytime = 600000ms (custom)
datanode_1  | 2019-10-24 11:34:20,070 INFO server.RaftServerConfigKeys: raft.server.retrycache.expirytime = 600000ms (custom)
datanode_2  | 2019-10-24 11:34:20,068 INFO server.RaftServerConfigKeys: raft.server.log.force.sync.num = 128 (default)
datanode_3  | 2019-10-24 11:34:20,054 WARN impl.MetricRegistriesImpl: First MetricRegistry has been created without registering reporters. You may need to call MetricRegistries.global().addReportRegistration(...) before.
datanode_1  | 2019-10-24 11:34:20,070 WARN impl.MetricRegistriesImpl: First MetricRegistry has been created without registering reporters. You may need to call MetricRegistries.global().addReportRegistration(...) before.
datanode_2  | 2019-10-24 11:34:20,068 INFO server.RaftServerConfigKeys: raft.server.log.statemachine.data.sync = true (default)
datanode_3  | 2019-10-24 11:34:20,054 WARN impl.MetricRegistriesImpl: First MetricRegistry has been created without registering reporters. You may need to call MetricRegistries.global().addReportRegistration(...) before.
datanode_1  | 2019-10-24 11:34:20,070 WARN impl.MetricRegistriesImpl: First MetricRegistry has been created without registering reporters. You may need to call MetricRegistries.global().addReportRegistration(...) before.
datanode_2  | 2019-10-24 11:34:20,069 INFO server.RaftServerConfigKeys: raft.server.log.statemachine.data.sync.timeout = 10s (default)
datanode_3  | 2019-10-24 11:34:20,054 INFO impl.RaftServerImpl: 80090447-9709-45af-926a-40ef527576d3@group-0BFE422007A2: start as a follower, conf=-1: [f31c9a7f-e42b-4c0d-8cb9-e965f274f1aa:172.18.0.6:9858, 80090447-9709-45af-926a-40ef527576d3:172.18.0.3:9858, 0d3baa61-19ff-418c-8a95-c2d977a6769c:172.18.0.4:9858], old=null
datanode_1  | 2019-10-24 11:34:20,070 INFO impl.RaftServerImpl: f31c9a7f-e42b-4c0d-8cb9-e965f274f1aa@group-0BFE422007A2: start as a follower, conf=-1: [f31c9a7f-e42b-4c0d-8cb9-e965f274f1aa:172.18.0.6:9858, 80090447-9709-45af-926a-40ef527576d3:172.18.0.3:9858, 0d3baa61-19ff-418c-8a95-c2d977a6769c:172.18.0.4:9858], old=null
datanode_2  | 2019-10-24 11:34:20,069 INFO server.RaftServerConfigKeys: raft.server.log.statemachine.data.sync.timeout.retry = -1 (default)
datanode_3  | 2019-10-24 11:34:20,054 INFO impl.RaftServerImpl: 80090447-9709-45af-926a-40ef527576d3@group-0BFE422007A2: changes role from      null to FOLLOWER at term 0 for startAsFollower
datanode_1  | 2019-10-24 11:34:20,070 INFO impl.RaftServerImpl: f31c9a7f-e42b-4c0d-8cb9-e965f274f1aa@group-0BFE422007A2: changes role from      null to FOLLOWER at term 0 for startAsFollower
datanode_3  | 2019-10-24 11:34:20,054 INFO impl.RoleInfo: 80090447-9709-45af-926a-40ef527576d3: start FollowerState
datanode_2  | 2019-10-24 11:34:20,069 INFO server.RaftServerConfigKeys: raft.server.log.statemachine.data.caching.enabled = true (custom)
datanode_1  | 2019-10-24 11:34:20,071 INFO impl.RoleInfo: f31c9a7f-e42b-4c0d-8cb9-e965f274f1aa: start FollowerState
datanode_3  | 2019-10-24 11:34:20,055 INFO util.JmxRegister: Successfully registered JMX Bean with object name Ratis:service=RaftServer,group=group-0BFE422007A2,id=80090447-9709-45af-926a-40ef527576d3
datanode_2  | 2019-10-24 11:34:20,069 INFO segmented.SegmentedRaftLogWorker: 0d3baa61-19ff-418c-8a95-c2d977a6769c@group-0BFE422007A2-SegmentedRaftLogWorker: flushIndex: setUnconditionally 0 -> -1
datanode_1  | 2019-10-24 11:34:20,071 INFO util.JmxRegister: Successfully registered JMX Bean with object name Ratis:service=RaftServer,group=group-0BFE422007A2,id=f31c9a7f-e42b-4c0d-8cb9-e965f274f1aa
datanode_3  | 2019-10-24 11:34:20,055 WARN impl.MetricRegistriesImpl: First MetricRegistry has been created without registering reporters. You may need to call MetricRegistries.global().addReportRegistration(...) before.
datanode_2  | 2019-10-24 11:34:20,070 INFO server.RaftServerConfigKeys: raft.server.snapshot.auto.trigger.enabled = true (custom)
datanode_1  | 2019-10-24 11:34:20,071 WARN impl.MetricRegistriesImpl: First MetricRegistry has been created without registering reporters. You may need to call MetricRegistries.global().addReportRegistration(...) before.
datanode_3  | 2019-10-24 11:34:25,077 INFO impl.FollowerState: 80090447-9709-45af-926a-40ef527576d3@group-B851E7074B6C-FollowerState: change to CANDIDATE, lastRpcTime:5153ms, electionTimeout:5152ms
datanode_1  | 2019-10-24 11:34:24,522 INFO impl.FollowerState: f31c9a7f-e42b-4c0d-8cb9-e965f274f1aa@group-6009714A9EF3-FollowerState: change to CANDIDATE, lastRpcTime:5026ms, electionTimeout:5026ms
datanode_3  | 2019-10-24 11:34:25,079 INFO impl.RoleInfo: 80090447-9709-45af-926a-40ef527576d3: shutdown FollowerState
datanode_2  | 2019-10-24 11:34:20,070 INFO server.RaftServerConfigKeys: raft.server.snapshot.auto.trigger.threshold = 10000 (custom)
datanode_1  | 2019-10-24 11:34:24,523 INFO impl.RoleInfo: f31c9a7f-e42b-4c0d-8cb9-e965f274f1aa: shutdown FollowerState
datanode_3  | 2019-10-24 11:34:25,080 INFO impl.RaftServerImpl: 80090447-9709-45af-926a-40ef527576d3@group-B851E7074B6C: changes role from  FOLLOWER to CANDIDATE at term 0 for changeToCandidate
datanode_2  | 2019-10-24 11:34:20,070 INFO server.RaftServerConfigKeys: raft.server.snapshot.retention.file.num = 5 (custom)
datanode_1  | 2019-10-24 11:34:24,524 INFO impl.RaftServerImpl: f31c9a7f-e42b-4c0d-8cb9-e965f274f1aa@group-6009714A9EF3: changes role from  FOLLOWER to CANDIDATE at term 0 for changeToCandidate
datanode_3  | 2019-10-24 11:34:25,084 INFO impl.RoleInfo: 80090447-9709-45af-926a-40ef527576d3: start LeaderElection
datanode_2  | 2019-10-24 11:34:20,070 INFO server.RaftServerConfigKeys: raft.server.retrycache.expirytime = 600000ms (custom)
datanode_1  | 2019-10-24 11:34:24,528 INFO impl.RoleInfo: f31c9a7f-e42b-4c0d-8cb9-e965f274f1aa: start LeaderElection
datanode_3  | 2019-10-24 11:34:25,086 INFO impl.FollowerState: 80090447-9709-45af-926a-40ef527576d3@group-0BFE422007A2-FollowerState: change to CANDIDATE, lastRpcTime:5031ms, electionTimeout:5031ms
datanode_2  | 2019-10-24 11:34:20,070 WARN impl.MetricRegistriesImpl: First MetricRegistry has been created without registering reporters. You may need to call MetricRegistries.global().addReportRegistration(...) before.
datanode_1  | 2019-10-24 11:34:24,542 INFO impl.LeaderElection: f31c9a7f-e42b-4c0d-8cb9-e965f274f1aa@group-6009714A9EF3-LeaderElection1: begin an election at term 1 for -1: [f31c9a7f-e42b-4c0d-8cb9-e965f274f1aa:172.18.0.6:9858], old=null
datanode_3  | 2019-10-24 11:34:25,086 INFO impl.RoleInfo: 80090447-9709-45af-926a-40ef527576d3: shutdown FollowerState
datanode_2  | 2019-10-24 11:34:20,070 WARN impl.MetricRegistriesImpl: First MetricRegistry has been created without registering reporters. You may need to call MetricRegistries.global().addReportRegistration(...) before.
datanode_1  | 2019-10-24 11:34:24,544 INFO impl.RoleInfo: f31c9a7f-e42b-4c0d-8cb9-e965f274f1aa: shutdown LeaderElection
datanode_3  | 2019-10-24 11:34:25,087 INFO impl.RaftServerImpl: 80090447-9709-45af-926a-40ef527576d3@group-0BFE422007A2: changes role from  FOLLOWER to CANDIDATE at term 0 for changeToCandidate
datanode_2  | 2019-10-24 11:34:20,071 INFO impl.RaftServerImpl: 0d3baa61-19ff-418c-8a95-c2d977a6769c@group-0BFE422007A2: start as a follower, conf=-1: [f31c9a7f-e42b-4c0d-8cb9-e965f274f1aa:172.18.0.6:9858, 80090447-9709-45af-926a-40ef527576d3:172.18.0.3:9858, 0d3baa61-19ff-418c-8a95-c2d977a6769c:172.18.0.4:9858], old=null
datanode_1  | 2019-10-24 11:34:24,545 INFO impl.RaftServerImpl: f31c9a7f-e42b-4c0d-8cb9-e965f274f1aa@group-6009714A9EF3: changes role from CANDIDATE to LEADER at term 1 for changeToLeader
datanode_3  | 2019-10-24 11:34:25,087 INFO impl.RoleInfo: 80090447-9709-45af-926a-40ef527576d3: start LeaderElection
