datanode_3  | 2019-10-28 19:19:36,497 INFO segmented.SegmentedRaftLogWorker: new ee8eb392-f553-4024-b62c-6cc51c9204dd@group-56836B9C2C7D-SegmentedRaftLogWorker for RaftStorage:Storage Directory /data/metadata/ratis/462c78c3-a26d-4f01-8721-56836b9c2c7d
s3g_1       | 	at org.eclipse.jetty.servlet.ServletHandler.doHandle(ServletHandler.java:583)
om_1        | 	at org.apache.hadoop.ipc.Server$Handler.run(Server.java:2682)
datanode_1  | 2019-10-28 19:19:36,497 INFO server.RaftServerConfigKeys: raft.server.log.segment.cache.num.max = 2 (custom)
datanode_2  | 2019-10-28 19:19:36,494 INFO segmented.SegmentedRaftLogWorker: new a3572516-8294-406a-a70d-c91f440d068d@group-56836B9C2C7D-SegmentedRaftLogWorker for RaftStorage:Storage Directory /data/metadata/ratis/462c78c3-a26d-4f01-8721-56836b9c2c7d
om_1        | 2019-10-28 19:22:09,686 [IPC Server handler 17 on 9862] ERROR      - Abort Multipart request is failed for KeyName multipartKey5 in VolumeName/Bucket s37c35ba70126b04fca007e4dbfab9c47c/bucket-60722
s3g_1       | 	at org.eclipse.jetty.server.handler.ScopedHandler.handle(ScopedHandler.java:143)
datanode_3  | 2019-10-28 19:19:36,497 INFO server.RaftServerConfigKeys: raft.server.log.queue.byte-limit = 2147483647 (custom)
datanode_1  | 2019-10-28 19:19:36,497 INFO segmented.SegmentedRaftLogWorker: new 626379dc-98d8-4882-92c1-e9588e246f67@group-56836B9C2C7D-SegmentedRaftLogWorker for RaftStorage:Storage Directory /data/metadata/ratis/462c78c3-a26d-4f01-8721-56836b9c2c7d
om_1        | NO_SUCH_MULTIPART_UPLOAD_ERROR org.apache.hadoop.ozone.om.exceptions.OMException: Abort Multipart Upload Failed: volume: s37c35ba70126b04fca007e4dbfab9c47cbucket: bucket-60722key: multipartKey5
datanode_2  | 2019-10-28 19:19:36,494 INFO server.RaftServerConfigKeys: raft.server.log.queue.byte-limit = 2147483647 (custom)
s3g_1       | 	at org.eclipse.jetty.security.SecurityHandler.handle(SecurityHandler.java:548)
datanode_3  | 2019-10-28 19:19:36,497 INFO server.RaftServerConfigKeys: raft.server.log.queue.element-limit = 1024 (custom)
om_1        | 	at org.apache.hadoop.ozone.om.request.s3.multipart.S3MultipartUploadAbortRequest.validateAndUpdateCache(S3MultipartUploadAbortRequest.java:116)
datanode_2  | 2019-10-28 19:19:36,494 INFO server.RaftServerConfigKeys: raft.server.log.queue.element-limit = 1024 (custom)
s3g_1       | 	at org.eclipse.jetty.server.session.SessionHandler.doHandle(SessionHandler.java:226)
datanode_1  | 2019-10-28 19:19:36,497 INFO server.RaftServerConfigKeys: raft.server.log.queue.byte-limit = 2147483647 (custom)
datanode_3  | 2019-10-28 19:19:36,497 INFO server.RaftServerConfigKeys: raft.server.log.segment.size.max = 1048576 (custom)
om_1        | 	at org.apache.hadoop.ozone.protocolPB.OzoneManagerProtocolServerSideTranslatorPB.submitRequestDirectlyToOM(OzoneManagerProtocolServerSideTranslatorPB.java:217)
s3g_1       | 	at org.eclipse.jetty.server.handler.ContextHandler.doHandle(ContextHandler.java:1180)
datanode_2  | 2019-10-28 19:19:36,495 INFO server.RaftServerConfigKeys: raft.server.log.segment.size.max = 1048576 (custom)
datanode_1  | 2019-10-28 19:19:36,501 INFO server.RaftServerConfigKeys: raft.server.log.queue.element-limit = 1024 (custom)
datanode_3  | 2019-10-28 19:19:36,497 INFO server.RaftServerConfigKeys: raft.server.log.preallocated.size = 16384 (custom)
om_1        | 	at org.apache.hadoop.ozone.protocolPB.OzoneManagerProtocolServerSideTranslatorPB.processRequest(OzoneManagerProtocolServerSideTranslatorPB.java:132)
s3g_1       | 	at org.eclipse.jetty.servlet.ServletHandler.doScope(ServletHandler.java:513)
datanode_2  | 2019-10-28 19:19:36,495 INFO server.RaftServerConfigKeys: raft.server.log.preallocated.size = 16384 (custom)
datanode_1  | 2019-10-28 19:19:36,502 INFO server.RaftServerConfigKeys: raft.server.log.segment.size.max = 1048576 (custom)
datanode_3  | 2019-10-28 19:19:36,498 INFO server.RaftServerConfigKeys: raft.server.log.write.buffer.size = 33554432 (custom)
om_1        | 	at org.apache.hadoop.hdds.server.OzoneProtocolMessageDispatcher.processRequest(OzoneProtocolMessageDispatcher.java:72)
s3g_1       | 	at org.eclipse.jetty.server.session.SessionHandler.doScope(SessionHandler.java:185)
datanode_2  | 2019-10-28 19:19:36,495 INFO server.RaftServerConfigKeys: raft.server.log.write.buffer.size = 33554432 (custom)
datanode_1  | 2019-10-28 19:19:36,502 INFO server.RaftServerConfigKeys: raft.server.log.preallocated.size = 16384 (custom)
om_1        | 	at org.apache.hadoop.ozone.protocolPB.OzoneManagerProtocolServerSideTranslatorPB.submitRequest(OzoneManagerProtocolServerSideTranslatorPB.java:100)
s3g_1       | 	at org.eclipse.jetty.server.handler.ContextHandler.doScope(ContextHandler.java:1112)
datanode_2  | 2019-10-28 19:19:36,495 INFO server.RaftServerConfigKeys: raft.server.log.force.sync.num = 128 (default)
datanode_1  | 2019-10-28 19:19:36,502 INFO server.RaftServerConfigKeys: raft.server.log.write.buffer.size = 33554432 (custom)
om_1        | 	at org.apache.hadoop.ozone.protocol.proto.OzoneManagerProtocolProtos$OzoneManagerService$2.callBlockingMethod(OzoneManagerProtocolProtos.java)
s3g_1       | 	at org.eclipse.jetty.server.handler.ScopedHandler.handle(ScopedHandler.java:141)
datanode_3  | 2019-10-28 19:19:36,498 INFO server.RaftServerConfigKeys: raft.server.log.force.sync.num = 128 (default)
datanode_2  | 2019-10-28 19:19:36,495 INFO server.RaftServerConfigKeys: raft.server.log.statemachine.data.sync = true (default)
datanode_1  | 2019-10-28 19:19:36,503 INFO server.RaftServerConfigKeys: raft.server.log.force.sync.num = 128 (default)
om_1        | 	at org.apache.hadoop.ipc.ProtobufRpcEngine$Server$ProtoBufRpcInvoker.call(ProtobufRpcEngine.java:524)
s3g_1       | 	at org.eclipse.jetty.server.handler.HandlerCollection.handle(HandlerCollection.java:119)
datanode_3  | 2019-10-28 19:19:36,498 INFO server.RaftServerConfigKeys: raft.server.log.statemachine.data.sync = true (default)
datanode_2  | 2019-10-28 19:19:36,495 INFO server.RaftServerConfigKeys: raft.server.log.statemachine.data.sync.timeout = 10s (default)
datanode_1  | 2019-10-28 19:19:36,503 INFO server.RaftServerConfigKeys: raft.server.log.statemachine.data.sync = true (default)
om_1        | 	at org.apache.hadoop.ipc.RPC$Server.call(RPC.java:1025)
s3g_1       | 	at org.eclipse.jetty.server.handler.HandlerWrapper.handle(HandlerWrapper.java:134)
datanode_3  | 2019-10-28 19:19:36,498 INFO server.RaftServerConfigKeys: raft.server.log.statemachine.data.sync.timeout = 10s (default)
datanode_2  | 2019-10-28 19:19:36,495 INFO server.RaftServerConfigKeys: raft.server.log.statemachine.data.sync.timeout.retry = -1 (default)
datanode_1  | 2019-10-28 19:19:36,503 INFO server.RaftServerConfigKeys: raft.server.log.statemachine.data.sync.timeout = 10s (default)
om_1        | 	at org.apache.hadoop.ipc.Server$RpcCall.run(Server.java:876)
s3g_1       | 	at org.eclipse.jetty.server.Server.handle(Server.java:539)
datanode_3  | 2019-10-28 19:19:36,499 INFO server.RaftServerConfigKeys: raft.server.log.statemachine.data.sync.timeout.retry = -1 (default)
datanode_2  | 2019-10-28 19:19:36,496 INFO server.RaftServerConfigKeys: raft.server.log.statemachine.data.caching.enabled = true (custom)
datanode_1  | 2019-10-28 19:19:36,503 INFO server.RaftServerConfigKeys: raft.server.log.statemachine.data.sync.timeout.retry = -1 (default)
om_1        | 	at org.apache.hadoop.ipc.Server$RpcCall.run(Server.java:822)
s3g_1       | 	at org.eclipse.jetty.server.HttpChannel.handle(HttpChannel.java:333)
datanode_3  | 2019-10-28 19:19:36,499 INFO server.RaftServerConfigKeys: raft.server.log.statemachine.data.caching.enabled = true (custom)
datanode_2  | 2019-10-28 19:19:36,496 INFO segmented.SegmentedRaftLogWorker: a3572516-8294-406a-a70d-c91f440d068d@group-56836B9C2C7D-SegmentedRaftLogWorker: flushIndex: setUnconditionally 0 -> -1
datanode_1  | 2019-10-28 19:19:36,504 INFO server.RaftServerConfigKeys: raft.server.log.statemachine.data.caching.enabled = true (custom)
om_1        | 	at java.base/java.security.AccessController.doPrivileged(Native Method)
s3g_1       | 	at org.eclipse.jetty.server.HttpConnection.onFillable(HttpConnection.java:251)
datanode_3  | 2019-10-28 19:19:36,500 INFO segmented.SegmentedRaftLogWorker: ee8eb392-f553-4024-b62c-6cc51c9204dd@group-56836B9C2C7D-SegmentedRaftLogWorker: flushIndex: setUnconditionally 0 -> -1
datanode_2  | 2019-10-28 19:19:36,497 INFO server.RaftServerConfigKeys: raft.server.snapshot.auto.trigger.enabled = true (custom)
datanode_1  | 2019-10-28 19:19:36,505 INFO segmented.SegmentedRaftLogWorker: 626379dc-98d8-4882-92c1-e9588e246f67@group-56836B9C2C7D-SegmentedRaftLogWorker: flushIndex: setUnconditionally 0 -> -1
om_1        | 	at java.base/javax.security.auth.Subject.doAs(Subject.java:423)
s3g_1       | 	at org.eclipse.jetty.io.AbstractConnection$ReadCallback.succeeded(AbstractConnection.java:283)
datanode_3  | 2019-10-28 19:19:36,500 INFO server.RaftServerConfigKeys: raft.server.snapshot.auto.trigger.enabled = true (custom)
datanode_2  | 2019-10-28 19:19:36,497 INFO server.RaftServerConfigKeys: raft.server.snapshot.auto.trigger.threshold = 10000 (custom)
datanode_1  | 2019-10-28 19:19:36,505 INFO server.RaftServerConfigKeys: raft.server.snapshot.auto.trigger.enabled = true (custom)
om_1        | 	at org.apache.hadoop.security.UserGroupInformation.doAs(UserGroupInformation.java:1730)
s3g_1       | 	at org.eclipse.jetty.io.FillInterest.fillable(FillInterest.java:108)
datanode_3  | 2019-10-28 19:19:36,501 INFO server.RaftServerConfigKeys: raft.server.snapshot.auto.trigger.threshold = 10000 (custom)
datanode_2  | 2019-10-28 19:19:36,497 INFO server.RaftServerConfigKeys: raft.server.snapshot.retention.file.num = 5 (custom)
datanode_1  | 2019-10-28 19:19:36,506 INFO server.RaftServerConfigKeys: raft.server.snapshot.auto.trigger.threshold = 10000 (custom)
om_1        | 	at org.apache.hadoop.ipc.Server$Handler.run(Server.java:2682)
s3g_1       | 	at org.eclipse.jetty.io.SelectChannelEndPoint$2.run(SelectChannelEndPoint.java:93)
datanode_3  | 2019-10-28 19:19:36,501 INFO server.RaftServerConfigKeys: raft.server.snapshot.retention.file.num = 5 (custom)
datanode_2  | 2019-10-28 19:19:36,498 INFO server.RaftServerConfigKeys: raft.server.retrycache.expirytime = 600000ms (custom)
datanode_1  | 2019-10-28 19:19:36,506 INFO server.RaftServerConfigKeys: raft.server.snapshot.retention.file.num = 5 (custom)
om_1        | 2019-10-28 19:22:12,929 [IPC Server handler 19 on 9862] ERROR      - ALLOCATE_KEY failed for Key: multipartKey in volume/bucket:s37c35ba70126b04fca007e4dbfab9c47c/bucket-60722
s3g_1       | 	at org.eclipse.jetty.util.thread.strategy.ExecuteProduceConsume.executeProduceConsume(ExecuteProduceConsume.java:303)
datanode_2  | 2019-10-28 19:19:36,498 WARN impl.MetricRegistriesImpl: First MetricRegistry has been created without registering reporters. You may need to call MetricRegistries.global().addReportRegistration(...) before.
datanode_3  | 2019-10-28 19:19:36,501 INFO server.RaftServerConfigKeys: raft.server.retrycache.expirytime = 600000ms (custom)
datanode_1  | 2019-10-28 19:19:36,506 INFO server.RaftServerConfigKeys: raft.server.retrycache.expirytime = 600000ms (custom)
om_1        | NO_SUCH_MULTIPART_UPLOAD_ERROR org.apache.hadoop.ozone.om.exceptions.OMException: No such Multipart upload is with specified uploadId random
s3g_1       | 	at org.eclipse.jetty.util.thread.strategy.ExecuteProduceConsume.produceConsume(ExecuteProduceConsume.java:148)
datanode_2  | 2019-10-28 19:19:36,498 WARN impl.MetricRegistriesImpl: First MetricRegistry has been created without registering reporters. You may need to call MetricRegistries.global().addReportRegistration(...) before.
datanode_3  | 2019-10-28 19:19:36,501 WARN impl.MetricRegistriesImpl: First MetricRegistry has been created without registering reporters. You may need to call MetricRegistries.global().addReportRegistration(...) before.
datanode_1  | 2019-10-28 19:19:36,506 WARN impl.MetricRegistriesImpl: First MetricRegistry has been created without registering reporters. You may need to call MetricRegistries.global().addReportRegistration(...) before.
om_1        | 	at org.apache.hadoop.ozone.om.request.key.OMKeyRequest.prepareMultipartKeyInfo(OMKeyRequest.java:471)
s3g_1       | 	at org.eclipse.jetty.util.thread.strategy.ExecuteProduceConsume.run(ExecuteProduceConsume.java:136)
datanode_2  | 2019-10-28 19:19:36,498 INFO impl.RaftServerImpl: a3572516-8294-406a-a70d-c91f440d068d@group-56836B9C2C7D: start as a follower, conf=-1: [626379dc-98d8-4882-92c1-e9588e246f67:172.18.0.3:9858, a3572516-8294-406a-a70d-c91f440d068d:172.18.0.5:9858, ee8eb392-f553-4024-b62c-6cc51c9204dd:172.18.0.4:9858], old=null
datanode_1  | 2019-10-28 19:19:36,507 WARN impl.MetricRegistriesImpl: First MetricRegistry has been created without registering reporters. You may need to call MetricRegistries.global().addReportRegistration(...) before.
datanode_3  | 2019-10-28 19:19:36,501 WARN impl.MetricRegistriesImpl: First MetricRegistry has been created without registering reporters. You may need to call MetricRegistries.global().addReportRegistration(...) before.
om_1        | 	at org.apache.hadoop.ozone.om.request.key.OMKeyRequest.prepareKeyInfo(OMKeyRequest.java:423)
s3g_1       | 	at org.eclipse.jetty.util.thread.QueuedThreadPool.runJob(QueuedThreadPool.java:671)
datanode_2  | 2019-10-28 19:19:36,499 INFO impl.RaftServerImpl: a3572516-8294-406a-a70d-c91f440d068d@group-56836B9C2C7D: changes role from      null to FOLLOWER at term 0 for startAsFollower
datanode_1  | 2019-10-28 19:19:36,507 INFO impl.RaftServerImpl: 626379dc-98d8-4882-92c1-e9588e246f67@group-56836B9C2C7D: start as a follower, conf=-1: [626379dc-98d8-4882-92c1-e9588e246f67:172.18.0.3:9858, a3572516-8294-406a-a70d-c91f440d068d:172.18.0.5:9858, ee8eb392-f553-4024-b62c-6cc51c9204dd:172.18.0.4:9858], old=null
datanode_3  | 2019-10-28 19:19:36,502 INFO impl.RaftServerImpl: ee8eb392-f553-4024-b62c-6cc51c9204dd@group-56836B9C2C7D: start as a follower, conf=-1: [626379dc-98d8-4882-92c1-e9588e246f67:172.18.0.3:9858, a3572516-8294-406a-a70d-c91f440d068d:172.18.0.5:9858, ee8eb392-f553-4024-b62c-6cc51c9204dd:172.18.0.4:9858], old=null
om_1        | 	at org.apache.hadoop.ozone.om.request.key.OMKeyCreateRequest.validateAndUpdateCache(OMKeyCreateRequest.java:182)
datanode_2  | 2019-10-28 19:19:36,499 INFO impl.RoleInfo: a3572516-8294-406a-a70d-c91f440d068d: start FollowerState
datanode_1  | 2019-10-28 19:19:36,508 INFO impl.RaftServerImpl: 626379dc-98d8-4882-92c1-e9588e246f67@group-56836B9C2C7D: changes role from      null to FOLLOWER at term 0 for startAsFollower
datanode_3  | 2019-10-28 19:19:36,502 INFO impl.RaftServerImpl: ee8eb392-f553-4024-b62c-6cc51c9204dd@group-56836B9C2C7D: changes role from      null to FOLLOWER at term 0 for startAsFollower
om_1        | 	at org.apache.hadoop.ozone.protocolPB.OzoneManagerProtocolServerSideTranslatorPB.submitRequestDirectlyToOM(OzoneManagerProtocolServerSideTranslatorPB.java:217)
s3g_1       | 	at org.eclipse.jetty.util.thread.QueuedThreadPool$2.run(QueuedThreadPool.java:589)
datanode_2  | 2019-10-28 19:19:36,500 INFO util.JmxRegister: Successfully registered JMX Bean with object name Ratis:service=RaftServer,group=group-56836B9C2C7D,id=a3572516-8294-406a-a70d-c91f440d068d
datanode_1  | 2019-10-28 19:19:36,508 INFO impl.RoleInfo: 626379dc-98d8-4882-92c1-e9588e246f67: start FollowerState
datanode_3  | 2019-10-28 19:19:36,502 INFO impl.RoleInfo: ee8eb392-f553-4024-b62c-6cc51c9204dd: start FollowerState
om_1        | 	at org.apache.hadoop.ozone.protocolPB.OzoneManagerProtocolServerSideTranslatorPB.processRequest(OzoneManagerProtocolServerSideTranslatorPB.java:132)
s3g_1       | 	at java.base/java.lang.Thread.run(Thread.java:834)
datanode_1  | 2019-10-28 19:19:36,509 INFO util.JmxRegister: Successfully registered JMX Bean with object name Ratis:service=RaftServer,group=group-56836B9C2C7D,id=626379dc-98d8-4882-92c1-e9588e246f67
datanode_2  | 2019-10-28 19:19:36,500 WARN impl.MetricRegistriesImpl: First MetricRegistry has been created without registering reporters. You may need to call MetricRegistries.global().addReportRegistration(...) before.
datanode_3  | 2019-10-28 19:19:36,503 INFO util.JmxRegister: Successfully registered JMX Bean with object name Ratis:service=RaftServer,group=group-56836B9C2C7D,id=ee8eb392-f553-4024-b62c-6cc51c9204dd
om_1        | 	at org.apache.hadoop.hdds.server.OzoneProtocolMessageDispatcher.processRequest(OzoneProtocolMessageDispatcher.java:72)
s3g_1       | 2019-10-28 19:22:00,703 [qtp1149377174-29] INFO       - Allocating block with ExcludeList {datanodes = [], containerIds = [], pipelineIds = []}
datanode_1  | 2019-10-28 19:19:36,509 WARN impl.MetricRegistriesImpl: First MetricRegistry has been created without registering reporters. You may need to call MetricRegistries.global().addReportRegistration(...) before.
datanode_3  | 2019-10-28 19:19:36,503 WARN impl.MetricRegistriesImpl: First MetricRegistry has been created without registering reporters. You may need to call MetricRegistries.global().addReportRegistration(...) before.
om_1        | 	at org.apache.hadoop.ozone.protocolPB.OzoneManagerProtocolServerSideTranslatorPB.submitRequest(OzoneManagerProtocolServerSideTranslatorPB.java:100)
datanode_2  | 2019-10-28 19:19:40,809 INFO impl.FollowerState: a3572516-8294-406a-a70d-c91f440d068d@group-64ED730B79A8-FollowerState: change to CANDIDATE, lastRpcTime:5076ms, electionTimeout:5075ms
s3g_1       | 2019-10-28 19:22:01,540 [qtp1149377174-28] INFO       - Allocating block with ExcludeList {datanodes = [], containerIds = [], pipelineIds = []}
datanode_1  | 2019-10-28 19:19:39,620 INFO impl.FollowerState: 626379dc-98d8-4882-92c1-e9588e246f67@group-E8ADDF2856E2-FollowerState: change to CANDIDATE, lastRpcTime:5129ms, electionTimeout:5128ms
datanode_3  | 2019-10-28 19:19:40,203 INFO impl.FollowerState: ee8eb392-f553-4024-b62c-6cc51c9204dd@group-FC718D272800-FollowerState: change to CANDIDATE, lastRpcTime:5197ms, electionTimeout:5196ms
om_1        | 	at org.apache.hadoop.ozone.protocol.proto.OzoneManagerProtocolProtos$OzoneManagerService$2.callBlockingMethod(OzoneManagerProtocolProtos.java)
datanode_2  | 2019-10-28 19:19:40,811 INFO impl.RoleInfo: a3572516-8294-406a-a70d-c91f440d068d: shutdown FollowerState
s3g_1       | 2019-10-28 19:22:02,386 [qtp1149377174-29] ERROR      - Error in Complete Multipart Upload Request for bucket: bucket-60722, key: multipartKey3
datanode_1  | 2019-10-28 19:19:39,622 INFO impl.RoleInfo: 626379dc-98d8-4882-92c1-e9588e246f67: shutdown FollowerState
datanode_3  | 2019-10-28 19:19:40,205 INFO impl.RoleInfo: ee8eb392-f553-4024-b62c-6cc51c9204dd: shutdown FollowerState
om_1        | 	at org.apache.hadoop.ipc.ProtobufRpcEngine$Server$ProtoBufRpcInvoker.call(ProtobufRpcEngine.java:524)
datanode_2  | 2019-10-28 19:19:40,812 INFO impl.RaftServerImpl: a3572516-8294-406a-a70d-c91f440d068d@group-64ED730B79A8: changes role from  FOLLOWER to CANDIDATE at term 0 for changeToCandidate
s3g_1       | MISMATCH_MULTIPART_LIST org.apache.hadoop.ozone.om.exceptions.OMException: Complete Multipart Upload Failed: volume: s37c35ba70126b04fca007e4dbfab9c47cbucket: bucket-60722key: multipartKey3
datanode_1  | 2019-10-28 19:19:39,623 INFO impl.RaftServerImpl: 626379dc-98d8-4882-92c1-e9588e246f67@group-E8ADDF2856E2: changes role from  FOLLOWER to CANDIDATE at term 0 for changeToCandidate
datanode_3  | 2019-10-28 19:19:40,206 INFO impl.RaftServerImpl: ee8eb392-f553-4024-b62c-6cc51c9204dd@group-FC718D272800: changes role from  FOLLOWER to CANDIDATE at term 0 for changeToCandidate
datanode_2  | 2019-10-28 19:19:40,817 INFO impl.RoleInfo: a3572516-8294-406a-a70d-c91f440d068d: start LeaderElection
s3g_1       | 	at org.apache.hadoop.ozone.om.protocolPB.OzoneManagerProtocolClientSideTranslatorPB.handleError(OzoneManagerProtocolClientSideTranslatorPB.java:732)
om_1        | 	at org.apache.hadoop.ipc.RPC$Server.call(RPC.java:1025)
datanode_1  | 2019-10-28 19:19:39,628 INFO impl.RoleInfo: 626379dc-98d8-4882-92c1-e9588e246f67: start LeaderElection
datanode_3  | 2019-10-28 19:19:40,211 INFO impl.RoleInfo: ee8eb392-f553-4024-b62c-6cc51c9204dd: start LeaderElection
datanode_2  | 2019-10-28 19:19:40,844 INFO impl.LeaderElection: a3572516-8294-406a-a70d-c91f440d068d@group-64ED730B79A8-LeaderElection1: begin an election at term 1 for -1: [a3572516-8294-406a-a70d-c91f440d068d:172.18.0.5:9858], old=null
s3g_1       | 	at org.apache.hadoop.ozone.om.protocolPB.OzoneManagerProtocolClientSideTranslatorPB.completeMultipartUpload(OzoneManagerProtocolClientSideTranslatorPB.java:1104)
om_1        | 	at org.apache.hadoop.ipc.Server$RpcCall.run(Server.java:876)
datanode_3  | 2019-10-28 19:19:40,226 INFO impl.LeaderElection: ee8eb392-f553-4024-b62c-6cc51c9204dd@group-FC718D272800-LeaderElection1: begin an election at term 1 for -1: [ee8eb392-f553-4024-b62c-6cc51c9204dd:172.18.0.4:9858], old=null
datanode_1  | 2019-10-28 19:19:39,654 INFO impl.LeaderElection: 626379dc-98d8-4882-92c1-e9588e246f67@group-E8ADDF2856E2-LeaderElection1: begin an election at term 1 for -1: [626379dc-98d8-4882-92c1-e9588e246f67:172.18.0.3:9858], old=null
datanode_2  | 2019-10-28 19:19:40,845 INFO impl.RoleInfo: a3572516-8294-406a-a70d-c91f440d068d: shutdown LeaderElection
s3g_1       | 	at java.base/jdk.internal.reflect.NativeMethodAccessorImpl.invoke0(Native Method)
om_1        | 	at org.apache.hadoop.ipc.Server$RpcCall.run(Server.java:822)
datanode_1  | 2019-10-28 19:19:39,656 INFO impl.RoleInfo: 626379dc-98d8-4882-92c1-e9588e246f67: shutdown LeaderElection
datanode_3  | 2019-10-28 19:19:40,228 INFO impl.RoleInfo: ee8eb392-f553-4024-b62c-6cc51c9204dd: shutdown LeaderElection
datanode_2  | 2019-10-28 19:19:40,846 INFO impl.RaftServerImpl: a3572516-8294-406a-a70d-c91f440d068d@group-64ED730B79A8: changes role from CANDIDATE to LEADER at term 1 for changeToLeader
s3g_1       | 	at java.base/jdk.internal.reflect.NativeMethodAccessorImpl.invoke(NativeMethodAccessorImpl.java:62)
om_1        | 	at java.base/java.security.AccessController.doPrivileged(Native Method)
datanode_1  | 2019-10-28 19:19:39,657 INFO impl.RaftServerImpl: 626379dc-98d8-4882-92c1-e9588e246f67@group-E8ADDF2856E2: changes role from CANDIDATE to LEADER at term 1 for changeToLeader
datanode_3  | 2019-10-28 19:19:40,229 INFO impl.RaftServerImpl: ee8eb392-f553-4024-b62c-6cc51c9204dd@group-FC718D272800: changes role from CANDIDATE to LEADER at term 1 for changeToLeader
datanode_2  | 2019-10-28 19:19:40,847 INFO impl.RaftServerImpl: a3572516-8294-406a-a70d-c91f440d068d@group-64ED730B79A8: change Leader from null to a3572516-8294-406a-a70d-c91f440d068d at term 1 for becomeLeader, leader elected after 5220ms
s3g_1       | 	at java.base/jdk.internal.reflect.DelegatingMethodAccessorImpl.invoke(DelegatingMethodAccessorImpl.java:43)
om_1        | 	at java.base/javax.security.auth.Subject.doAs(Subject.java:423)
datanode_1  | 2019-10-28 19:19:39,657 INFO impl.RaftServerImpl: 626379dc-98d8-4882-92c1-e9588e246f67@group-E8ADDF2856E2: change Leader from null to 626379dc-98d8-4882-92c1-e9588e246f67 at term 1 for becomeLeader, leader elected after 5239ms
datanode_3  | 2019-10-28 19:19:40,229 INFO impl.RaftServerImpl: ee8eb392-f553-4024-b62c-6cc51c9204dd@group-FC718D272800: change Leader from null to ee8eb392-f553-4024-b62c-6cc51c9204dd at term 1 for becomeLeader, leader elected after 5294ms
datanode_2  | 2019-10-28 19:19:40,852 INFO server.RaftServerConfigKeys: raft.server.staging.catchup.gap = 1000 (default)
om_1        | 	at org.apache.hadoop.security.UserGroupInformation.doAs(UserGroupInformation.java:1730)
datanode_3  | 2019-10-28 19:19:40,234 INFO server.RaftServerConfigKeys: raft.server.staging.catchup.gap = 1000 (default)
datanode_2  | 2019-10-28 19:19:40,852 INFO server.RaftServerConfigKeys: raft.server.rpc.sleep.time = 25ms (default)
om_1        | 	at org.apache.hadoop.ipc.Server$Handler.run(Server.java:2682)
s3g_1       | 	at java.base/java.lang.reflect.Method.invoke(Method.java:566)
datanode_1  | 2019-10-28 19:19:39,662 INFO server.RaftServerConfigKeys: raft.server.staging.catchup.gap = 1000 (default)
datanode_3  | 2019-10-28 19:19:40,234 INFO server.RaftServerConfigKeys: raft.server.rpc.sleep.time = 25ms (default)
datanode_2  | 2019-10-28 19:19:40,856 INFO server.RaftServerConfigKeys: raft.server.write.element-limit = 4096 (default)
s3g_1       | 	at org.apache.hadoop.hdds.tracing.TraceAllMethod.invoke(TraceAllMethod.java:66)
datanode_1  | 2019-10-28 19:19:39,663 INFO server.RaftServerConfigKeys: raft.server.rpc.sleep.time = 25ms (default)
datanode_3  | 2019-10-28 19:19:40,239 INFO server.RaftServerConfigKeys: raft.server.write.element-limit = 4096 (default)
datanode_2  | 2019-10-28 19:19:40,862 INFO server.RaftServerConfigKeys: raft.server.watch.timeout = 10s (default)
s3g_1       | 	at com.sun.proxy.$Proxy84.completeMultipartUpload(Unknown Source)
datanode_3  | 2019-10-28 19:19:40,245 INFO server.RaftServerConfigKeys: raft.server.watch.timeout = 10s (default)
datanode_1  | 2019-10-28 19:19:39,667 INFO server.RaftServerConfigKeys: raft.server.write.element-limit = 4096 (default)
datanode_2  | 2019-10-28 19:19:40,862 INFO server.RaftServerConfigKeys: raft.server.watch.timeout.denomination = 1s (default)
s3g_1       | 	at org.apache.hadoop.ozone.client.rpc.RpcClient.completeMultipartUpload(RpcClient.java:883)
datanode_3  | 2019-10-28 19:19:40,245 INFO server.RaftServerConfigKeys: raft.server.watch.timeout.denomination = 1s (default)
datanode_1  | 2019-10-28 19:19:39,673 INFO server.RaftServerConfigKeys: raft.server.watch.timeout = 10s (default)
datanode_2  | 2019-10-28 19:19:40,863 INFO server.RaftServerConfigKeys: raft.server.watch.element-limit = 65536 (default)
s3g_1       | 	at org.apache.hadoop.ozone.client.OzoneBucket.completeMultipartUpload(OzoneBucket.java:445)
datanode_3  | 2019-10-28 19:19:40,246 INFO server.RaftServerConfigKeys: raft.server.watch.element-limit = 65536 (default)
datanode_1  | 2019-10-28 19:19:39,674 INFO server.RaftServerConfigKeys: raft.server.watch.timeout.denomination = 1s (default)
datanode_2  | 2019-10-28 19:19:40,873 INFO impl.RoleInfo: a3572516-8294-406a-a70d-c91f440d068d: start LeaderState
s3g_1       | 	at org.apache.hadoop.ozone.s3.endpoint.ObjectEndpoint.completeMultipartUpload(ObjectEndpoint.java:498)
datanode_3  | 2019-10-28 19:19:40,255 INFO impl.RoleInfo: ee8eb392-f553-4024-b62c-6cc51c9204dd: start LeaderState
datanode_2  | 2019-10-28 19:19:40,897 INFO segmented.SegmentedRaftLogWorker: a3572516-8294-406a-a70d-c91f440d068d@group-64ED730B79A8-SegmentedRaftLogWorker: Starting segment from index:0
datanode_1  | 2019-10-28 19:19:39,675 INFO server.RaftServerConfigKeys: raft.server.watch.element-limit = 65536 (default)
s3g_1       | 	at java.base/jdk.internal.reflect.NativeMethodAccessorImpl.invoke0(Native Method)
datanode_3  | 2019-10-28 19:19:40,275 INFO segmented.SegmentedRaftLogWorker: ee8eb392-f553-4024-b62c-6cc51c9204dd@group-FC718D272800-SegmentedRaftLogWorker: Starting segment from index:0
datanode_2  | 2019-10-28 19:19:40,908 INFO impl.RaftServerImpl: a3572516-8294-406a-a70d-c91f440d068d@group-64ED730B79A8: set configuration 0: [a3572516-8294-406a-a70d-c91f440d068d:172.18.0.5:9858], old=null at 0
datanode_1  | 2019-10-28 19:19:39,686 INFO impl.RoleInfo: 626379dc-98d8-4882-92c1-e9588e246f67: start LeaderState
s3g_1       | 	at java.base/jdk.internal.reflect.NativeMethodAccessorImpl.invoke(NativeMethodAccessorImpl.java:62)
datanode_3  | 2019-10-28 19:19:40,285 INFO impl.RaftServerImpl: ee8eb392-f553-4024-b62c-6cc51c9204dd@group-FC718D272800: set configuration 0: [ee8eb392-f553-4024-b62c-6cc51c9204dd:172.18.0.4:9858], old=null at 0
datanode_2  | 2019-10-28 19:19:41,048 INFO segmented.SegmentedRaftLogWorker: a3572516-8294-406a-a70d-c91f440d068d@group-64ED730B79A8-SegmentedRaftLogWorker: created new log segment /data/metadata/ratis/66bef6f3-cb4a-428a-a314-64ed730b79a8/current/log_inprogress_0
datanode_1  | 2019-10-28 19:19:39,714 INFO segmented.SegmentedRaftLogWorker: 626379dc-98d8-4882-92c1-e9588e246f67@group-E8ADDF2856E2-SegmentedRaftLogWorker: Starting segment from index:0
s3g_1       | 	at java.base/jdk.internal.reflect.DelegatingMethodAccessorImpl.invoke(DelegatingMethodAccessorImpl.java:43)
datanode_3  | 2019-10-28 19:19:40,413 INFO segmented.SegmentedRaftLogWorker: ee8eb392-f553-4024-b62c-6cc51c9204dd@group-FC718D272800-SegmentedRaftLogWorker: created new log segment /data/metadata/ratis/efe4340c-b97c-4187-b1bf-fc718d272800/current/log_inprogress_0
datanode_2  | 2019-10-28 19:19:41,570 INFO impl.FollowerState: a3572516-8294-406a-a70d-c91f440d068d@group-56836B9C2C7D-FollowerState: change to CANDIDATE, lastRpcTime:5070ms, electionTimeout:5070ms
datanode_1  | 2019-10-28 19:19:39,726 INFO impl.RaftServerImpl: 626379dc-98d8-4882-92c1-e9588e246f67@group-E8ADDF2856E2: set configuration 0: [626379dc-98d8-4882-92c1-e9588e246f67:172.18.0.3:9858], old=null at 0
s3g_1       | 	at java.base/java.lang.reflect.Method.invoke(Method.java:566)
datanode_3  | 2019-10-28 19:19:41,504 INFO impl.FollowerState: ee8eb392-f553-4024-b62c-6cc51c9204dd@group-56836B9C2C7D-FollowerState: change to CANDIDATE, lastRpcTime:5001ms, electionTimeout:5001ms
datanode_2  | 2019-10-28 19:19:41,810 INFO impl.RoleInfo: a3572516-8294-406a-a70d-c91f440d068d: shutdown FollowerState
datanode_1  | 2019-10-28 19:19:39,832 INFO segmented.SegmentedRaftLogWorker: 626379dc-98d8-4882-92c1-e9588e246f67@group-E8ADDF2856E2-SegmentedRaftLogWorker: created new log segment /data/metadata/ratis/ace38cbe-dab7-46a0-b3d6-e8addf2856e2/current/log_inprogress_0
s3g_1       | 	at org.glassfish.jersey.server.model.internal.ResourceMethodInvocationHandlerFactory.lambda$static$0(ResourceMethodInvocationHandlerFactory.java:76)
datanode_2  | 2019-10-28 19:19:41,810 INFO impl.RaftServerImpl: a3572516-8294-406a-a70d-c91f440d068d@group-56836B9C2C7D: changes role from  FOLLOWER to CANDIDATE at term 0 for changeToCandidate
datanode_3  | 2019-10-28 19:19:41,504 INFO impl.RoleInfo: ee8eb392-f553-4024-b62c-6cc51c9204dd: shutdown FollowerState
datanode_1  | 2019-10-28 19:19:41,526 INFO impl.FollowerState: 626379dc-98d8-4882-92c1-e9588e246f67@group-56836B9C2C7D-FollowerState: change to CANDIDATE, lastRpcTime:5017ms, electionTimeout:5017ms
s3g_1       | 	at org.glassfish.jersey.server.model.internal.AbstractJavaResourceMethodDispatcher$1.run(AbstractJavaResourceMethodDispatcher.java:148)
datanode_2  | 2019-10-28 19:19:41,811 INFO impl.RoleInfo: a3572516-8294-406a-a70d-c91f440d068d: start LeaderElection
datanode_3  | 2019-10-28 19:19:41,505 INFO impl.RaftServerImpl: ee8eb392-f553-4024-b62c-6cc51c9204dd@group-56836B9C2C7D: changes role from  FOLLOWER to CANDIDATE at term 0 for changeToCandidate
datanode_1  | 2019-10-28 19:19:41,808 INFO impl.RoleInfo: 626379dc-98d8-4882-92c1-e9588e246f67: shutdown FollowerState
s3g_1       | 	at org.glassfish.jersey.server.model.internal.AbstractJavaResourceMethodDispatcher.invoke(AbstractJavaResourceMethodDispatcher.java:191)
datanode_2  | 2019-10-28 19:19:42,293 INFO impl.LeaderElection: a3572516-8294-406a-a70d-c91f440d068d@group-56836B9C2C7D-LeaderElection2: begin an election at term 1 for -1: [626379dc-98d8-4882-92c1-e9588e246f67:172.18.0.3:9858, a3572516-8294-406a-a70d-c91f440d068d:172.18.0.5:9858, ee8eb392-f553-4024-b62c-6cc51c9204dd:172.18.0.4:9858], old=null
datanode_1  | 2019-10-28 19:19:41,809 INFO impl.RaftServerImpl: 626379dc-98d8-4882-92c1-e9588e246f67@group-56836B9C2C7D: changes role from  FOLLOWER to CANDIDATE at term 0 for changeToCandidate
s3g_1       | 	at org.glassfish.jersey.server.model.internal.JavaResourceMethodDispatcherProvider$ResponseOutInvoker.doDispatch(JavaResourceMethodDispatcherProvider.java:200)
datanode_2  | 2019-10-28 19:19:42,524 INFO impl.LeaderElection: a3572516-8294-406a-a70d-c91f440d068d@group-56836B9C2C7D-LeaderElection2: Election REJECTED; received 2 response(s) [a3572516-8294-406a-a70d-c91f440d068d<-626379dc-98d8-4882-92c1-e9588e246f67#0:FAIL-t1, a3572516-8294-406a-a70d-c91f440d068d<-ee8eb392-f553-4024-b62c-6cc51c9204dd#0:FAIL-t1] and 0 exception(s); a3572516-8294-406a-a70d-c91f440d068d@group-56836B9C2C7D:t1, leader=null, voted=a3572516-8294-406a-a70d-c91f440d068d, raftlog=a3572516-8294-406a-a70d-c91f440d068d@group-56836B9C2C7D-SegmentedRaftLog:OPENED:c-1,f-1,i0, conf=-1: [626379dc-98d8-4882-92c1-e9588e246f67:172.18.0.3:9858, a3572516-8294-406a-a70d-c91f440d068d:172.18.0.5:9858, ee8eb392-f553-4024-b62c-6cc51c9204dd:172.18.0.4:9858], old=null
datanode_3  | 2019-10-28 19:19:41,505 INFO impl.RoleInfo: ee8eb392-f553-4024-b62c-6cc51c9204dd: start LeaderElection
datanode_1  | 2019-10-28 19:19:41,809 INFO impl.RoleInfo: 626379dc-98d8-4882-92c1-e9588e246f67: start LeaderElection
s3g_1       | 	at org.glassfish.jersey.server.model.internal.AbstractJavaResourceMethodDispatcher.dispatch(AbstractJavaResourceMethodDispatcher.java:103)
datanode_3  | 2019-10-28 19:19:42,291 INFO impl.LeaderElection: ee8eb392-f553-4024-b62c-6cc51c9204dd@group-56836B9C2C7D-LeaderElection2: begin an election at term 1 for -1: [626379dc-98d8-4882-92c1-e9588e246f67:172.18.0.3:9858, a3572516-8294-406a-a70d-c91f440d068d:172.18.0.5:9858, ee8eb392-f553-4024-b62c-6cc51c9204dd:172.18.0.4:9858], old=null
datanode_2  | 2019-10-28 19:19:42,526 INFO impl.RaftServerImpl: a3572516-8294-406a-a70d-c91f440d068d@group-56836B9C2C7D: changes role from CANDIDATE to FOLLOWER at term 1 for DISCOVERED_A_NEW_TERM
s3g_1       | 	at org.glassfish.jersey.server.model.ResourceMethodInvoker.invoke(ResourceMethodInvoker.java:493)
datanode_1  | 2019-10-28 19:19:42,293 INFO impl.LeaderElection: 626379dc-98d8-4882-92c1-e9588e246f67@group-56836B9C2C7D-LeaderElection2: begin an election at term 1 for -1: [626379dc-98d8-4882-92c1-e9588e246f67:172.18.0.3:9858, a3572516-8294-406a-a70d-c91f440d068d:172.18.0.5:9858, ee8eb392-f553-4024-b62c-6cc51c9204dd:172.18.0.4:9858], old=null
datanode_3  | 2019-10-28 19:19:42,518 INFO impl.LeaderElection: ee8eb392-f553-4024-b62c-6cc51c9204dd@group-56836B9C2C7D-LeaderElection2: Election REJECTED; received 2 response(s) [ee8eb392-f553-4024-b62c-6cc51c9204dd<-626379dc-98d8-4882-92c1-e9588e246f67#0:FAIL-t1, ee8eb392-f553-4024-b62c-6cc51c9204dd<-a3572516-8294-406a-a70d-c91f440d068d#0:FAIL-t1] and 0 exception(s); ee8eb392-f553-4024-b62c-6cc51c9204dd@group-56836B9C2C7D:t1, leader=null, voted=ee8eb392-f553-4024-b62c-6cc51c9204dd, raftlog=ee8eb392-f553-4024-b62c-6cc51c9204dd@group-56836B9C2C7D-SegmentedRaftLog:OPENED:c-1,f-1,i0, conf=-1: [626379dc-98d8-4882-92c1-e9588e246f67:172.18.0.3:9858, a3572516-8294-406a-a70d-c91f440d068d:172.18.0.5:9858, ee8eb392-f553-4024-b62c-6cc51c9204dd:172.18.0.4:9858], old=null
s3g_1       | 	at org.glassfish.jersey.server.model.ResourceMethodInvoker.apply(ResourceMethodInvoker.java:415)
datanode_1  | 2019-10-28 19:19:42,518 INFO impl.LeaderElection: 626379dc-98d8-4882-92c1-e9588e246f67@group-56836B9C2C7D-LeaderElection2: Election REJECTED; received 2 response(s) [626379dc-98d8-4882-92c1-e9588e246f67<-a3572516-8294-406a-a70d-c91f440d068d#0:FAIL-t1, 626379dc-98d8-4882-92c1-e9588e246f67<-ee8eb392-f553-4024-b62c-6cc51c9204dd#0:FAIL-t1] and 0 exception(s); 626379dc-98d8-4882-92c1-e9588e246f67@group-56836B9C2C7D:t1, leader=null, voted=626379dc-98d8-4882-92c1-e9588e246f67, raftlog=626379dc-98d8-4882-92c1-e9588e246f67@group-56836B9C2C7D-SegmentedRaftLog:OPENED:c-1,f-1,i0, conf=-1: [626379dc-98d8-4882-92c1-e9588e246f67:172.18.0.3:9858, a3572516-8294-406a-a70d-c91f440d068d:172.18.0.5:9858, ee8eb392-f553-4024-b62c-6cc51c9204dd:172.18.0.4:9858], old=null
datanode_2  | 2019-10-28 19:19:42,526 INFO impl.RoleInfo: a3572516-8294-406a-a70d-c91f440d068d: shutdown LeaderElection
s3g_1       | 	at org.glassfish.jersey.server.model.ResourceMethodInvoker.apply(ResourceMethodInvoker.java:104)
datanode_3  | 2019-10-28 19:19:42,519 INFO impl.RaftServerImpl: ee8eb392-f553-4024-b62c-6cc51c9204dd@group-56836B9C2C7D: changes role from CANDIDATE to FOLLOWER at term 1 for DISCOVERED_A_NEW_TERM
datanode_2  | 2019-10-28 19:19:42,526 INFO impl.RoleInfo: a3572516-8294-406a-a70d-c91f440d068d: start FollowerState
datanode_1  | 2019-10-28 19:19:42,520 INFO impl.RaftServerImpl: 626379dc-98d8-4882-92c1-e9588e246f67@group-56836B9C2C7D: changes role from CANDIDATE to FOLLOWER at term 1 for DISCOVERED_A_NEW_TERM
s3g_1       | 	at org.glassfish.jersey.server.ServerRuntime$1.run(ServerRuntime.java:277)
datanode_3  | 2019-10-28 19:19:42,519 INFO impl.RoleInfo: ee8eb392-f553-4024-b62c-6cc51c9204dd: shutdown LeaderElection
datanode_2  | 2019-10-28 19:19:47,636 INFO impl.RaftServerImpl: a3572516-8294-406a-a70d-c91f440d068d@group-56836B9C2C7D: changes role from  FOLLOWER to FOLLOWER at term 2 for recognizeCandidate:ee8eb392-f553-4024-b62c-6cc51c9204dd
datanode_1  | 2019-10-28 19:19:42,520 INFO impl.RoleInfo: 626379dc-98d8-4882-92c1-e9588e246f67: shutdown LeaderElection
s3g_1       | 	at org.glassfish.jersey.internal.Errors$1.call(Errors.java:272)
datanode_3  | 2019-10-28 19:19:42,519 INFO impl.RoleInfo: ee8eb392-f553-4024-b62c-6cc51c9204dd: start FollowerState
datanode_2  | 2019-10-28 19:19:47,637 INFO impl.RoleInfo: a3572516-8294-406a-a70d-c91f440d068d: shutdown FollowerState
datanode_1  | 2019-10-28 19:19:42,520 INFO impl.RoleInfo: 626379dc-98d8-4882-92c1-e9588e246f67: start FollowerState
s3g_1       | 	at org.glassfish.jersey.internal.Errors$1.call(Errors.java:268)
datanode_3  | 2019-10-28 19:19:47,604 INFO impl.FollowerState: ee8eb392-f553-4024-b62c-6cc51c9204dd@group-56836B9C2C7D-FollowerState: change to CANDIDATE, lastRpcTime:5084ms, electionTimeout:5082ms
datanode_2  | 2019-10-28 19:19:47,637 INFO impl.RoleInfo: a3572516-8294-406a-a70d-c91f440d068d: start FollowerState
datanode_1  | 2019-10-28 19:19:47,596 INFO impl.FollowerState: 626379dc-98d8-4882-92c1-e9588e246f67@group-56836B9C2C7D-FollowerState: change to CANDIDATE, lastRpcTime:5076ms, electionTimeout:5075ms
s3g_1       | 	at org.glassfish.jersey.internal.Errors.process(Errors.java:316)
datanode_3  | 2019-10-28 19:19:47,604 INFO impl.RoleInfo: ee8eb392-f553-4024-b62c-6cc51c9204dd: shutdown FollowerState
datanode_2  | 2019-10-28 19:19:47,637 INFO impl.FollowerState: a3572516-8294-406a-a70d-c91f440d068d@group-56836B9C2C7D-FollowerState was interrupted: java.lang.InterruptedException: sleep interrupted
datanode_1  | 2019-10-28 19:19:47,597 INFO impl.RoleInfo: 626379dc-98d8-4882-92c1-e9588e246f67: shutdown FollowerState
s3g_1       | 	at org.glassfish.jersey.internal.Errors.process(Errors.java:298)
datanode_3  | 2019-10-28 19:19:47,605 INFO impl.RaftServerImpl: ee8eb392-f553-4024-b62c-6cc51c9204dd@group-56836B9C2C7D: changes role from  FOLLOWER to CANDIDATE at term 1 for changeToCandidate
datanode_2  | 2019-10-28 19:19:47,740 INFO impl.RaftServerImpl: a3572516-8294-406a-a70d-c91f440d068d@group-56836B9C2C7D: change Leader from null to ee8eb392-f553-4024-b62c-6cc51c9204dd at term 2 for appendEntries, leader elected after 11247ms
datanode_1  | 2019-10-28 19:19:47,598 INFO impl.RaftServerImpl: 626379dc-98d8-4882-92c1-e9588e246f67@group-56836B9C2C7D: changes role from  FOLLOWER to CANDIDATE at term 1 for changeToCandidate
s3g_1       | 	at org.glassfish.jersey.internal.Errors.process(Errors.java:268)
datanode_3  | 2019-10-28 19:19:47,605 INFO impl.RoleInfo: ee8eb392-f553-4024-b62c-6cc51c9204dd: start LeaderElection
datanode_2  | 2019-10-28 19:19:47,768 INFO impl.RaftServerImpl: a3572516-8294-406a-a70d-c91f440d068d@group-56836B9C2C7D: set configuration 0: [626379dc-98d8-4882-92c1-e9588e246f67:172.18.0.3:9858, a3572516-8294-406a-a70d-c91f440d068d:172.18.0.5:9858, ee8eb392-f553-4024-b62c-6cc51c9204dd:172.18.0.4:9858], old=null at 0
datanode_1  | 2019-10-28 19:19:47,598 INFO impl.RoleInfo: 626379dc-98d8-4882-92c1-e9588e246f67: start LeaderElection
s3g_1       | 	at org.glassfish.jersey.process.internal.RequestScope.runInScope(RequestScope.java:289)
datanode_3  | 2019-10-28 19:19:47,613 INFO impl.LeaderElection: ee8eb392-f553-4024-b62c-6cc51c9204dd@group-56836B9C2C7D-LeaderElection3: begin an election at term 2 for -1: [626379dc-98d8-4882-92c1-e9588e246f67:172.18.0.3:9858, a3572516-8294-406a-a70d-c91f440d068d:172.18.0.5:9858, ee8eb392-f553-4024-b62c-6cc51c9204dd:172.18.0.4:9858], old=null
datanode_1  | 2019-10-28 19:19:47,614 INFO impl.LeaderElection: 626379dc-98d8-4882-92c1-e9588e246f67@group-56836B9C2C7D-LeaderElection3: begin an election at term 2 for -1: [626379dc-98d8-4882-92c1-e9588e246f67:172.18.0.3:9858, a3572516-8294-406a-a70d-c91f440d068d:172.18.0.5:9858, ee8eb392-f553-4024-b62c-6cc51c9204dd:172.18.0.4:9858], old=null
datanode_2  | 2019-10-28 19:19:47,768 INFO segmented.SegmentedRaftLogWorker: a3572516-8294-406a-a70d-c91f440d068d@group-56836B9C2C7D-SegmentedRaftLogWorker: Starting segment from index:0
s3g_1       | 	at org.glassfish.jersey.server.ServerRuntime.process(ServerRuntime.java:256)
datanode_3  | 2019-10-28 19:19:47,668 INFO impl.LeaderElection: ee8eb392-f553-4024-b62c-6cc51c9204dd@group-56836B9C2C7D-LeaderElection3: Election PASSED; received 2 response(s) [ee8eb392-f553-4024-b62c-6cc51c9204dd<-626379dc-98d8-4882-92c1-e9588e246f67#0:FAIL-t2, ee8eb392-f553-4024-b62c-6cc51c9204dd<-a3572516-8294-406a-a70d-c91f440d068d#0:OK-t2] and 0 exception(s); ee8eb392-f553-4024-b62c-6cc51c9204dd@group-56836B9C2C7D:t2, leader=null, voted=ee8eb392-f553-4024-b62c-6cc51c9204dd, raftlog=ee8eb392-f553-4024-b62c-6cc51c9204dd@group-56836B9C2C7D-SegmentedRaftLog:OPENED:c-1,f-1,i0, conf=-1: [626379dc-98d8-4882-92c1-e9588e246f67:172.18.0.3:9858, a3572516-8294-406a-a70d-c91f440d068d:172.18.0.5:9858, ee8eb392-f553-4024-b62c-6cc51c9204dd:172.18.0.4:9858], old=null
datanode_1  | 2019-10-28 19:19:47,669 INFO impl.LeaderElection: 626379dc-98d8-4882-92c1-e9588e246f67@group-56836B9C2C7D-LeaderElection3: Election REJECTED; received 2 response(s) [626379dc-98d8-4882-92c1-e9588e246f67<-a3572516-8294-406a-a70d-c91f440d068d#0:FAIL-t2, 626379dc-98d8-4882-92c1-e9588e246f67<-ee8eb392-f553-4024-b62c-6cc51c9204dd#0:FAIL-t2] and 0 exception(s); 626379dc-98d8-4882-92c1-e9588e246f67@group-56836B9C2C7D:t2, leader=null, voted=626379dc-98d8-4882-92c1-e9588e246f67, raftlog=626379dc-98d8-4882-92c1-e9588e246f67@group-56836B9C2C7D-SegmentedRaftLog:OPENED:c-1,f-1,i0, conf=-1: [626379dc-98d8-4882-92c1-e9588e246f67:172.18.0.3:9858, a3572516-8294-406a-a70d-c91f440d068d:172.18.0.5:9858, ee8eb392-f553-4024-b62c-6cc51c9204dd:172.18.0.4:9858], old=null
datanode_2  | 2019-10-28 19:19:47,801 INFO segmented.SegmentedRaftLogWorker: a3572516-8294-406a-a70d-c91f440d068d@group-56836B9C2C7D-SegmentedRaftLogWorker: created new log segment /data/metadata/ratis/462c78c3-a26d-4f01-8721-56836b9c2c7d/current/log_inprogress_0
s3g_1       | 	at org.glassfish.jersey.server.ApplicationHandler.handle(ApplicationHandler.java:703)
datanode_3  | 2019-10-28 19:19:47,668 INFO impl.RoleInfo: ee8eb392-f553-4024-b62c-6cc51c9204dd: shutdown LeaderElection
datanode_1  | 2019-10-28 19:19:47,670 INFO impl.RaftServerImpl: 626379dc-98d8-4882-92c1-e9588e246f67@group-56836B9C2C7D: changes role from CANDIDATE to FOLLOWER at term 2 for DISCOVERED_A_NEW_TERM
s3g_1       | 	at org.glassfish.jersey.servlet.WebComponent.serviceImpl(WebComponent.java:416)
datanode_3  | 2019-10-28 19:19:47,669 INFO impl.RaftServerImpl: ee8eb392-f553-4024-b62c-6cc51c9204dd@group-56836B9C2C7D: changes role from CANDIDATE to LEADER at term 2 for changeToLeader
datanode_1  | 2019-10-28 19:19:47,670 INFO impl.RoleInfo: 626379dc-98d8-4882-92c1-e9588e246f67: shutdown LeaderElection
s3g_1       | 	at org.glassfish.jersey.servlet.WebComponent.service(WebComponent.java:370)
datanode_3  | 2019-10-28 19:19:47,669 INFO impl.RaftServerImpl: ee8eb392-f553-4024-b62c-6cc51c9204dd@group-56836B9C2C7D: change Leader from null to ee8eb392-f553-4024-b62c-6cc51c9204dd at term 2 for becomeLeader, leader elected after 11173ms
datanode_1  | 2019-10-28 19:19:47,670 INFO impl.RoleInfo: 626379dc-98d8-4882-92c1-e9588e246f67: start FollowerState
s3g_1       | 	at org.glassfish.jersey.servlet.ServletContainer.service(ServletContainer.java:389)
datanode_3  | 2019-10-28 19:19:47,670 INFO server.RaftServerConfigKeys: raft.server.staging.catchup.gap = 1000 (default)
datanode_1  | 2019-10-28 19:19:47,744 INFO impl.RaftServerImpl: 626379dc-98d8-4882-92c1-e9588e246f67@group-56836B9C2C7D: change Leader from null to ee8eb392-f553-4024-b62c-6cc51c9204dd at term 2 for appendEntries, leader elected after 11249ms
s3g_1       | 	at org.glassfish.jersey.servlet.ServletContainer.service(ServletContainer.java:342)
datanode_3  | 2019-10-28 19:19:47,670 INFO server.RaftServerConfigKeys: raft.server.rpc.sleep.time = 25ms (default)
datanode_1  | 2019-10-28 19:19:47,768 INFO impl.RaftServerImpl: 626379dc-98d8-4882-92c1-e9588e246f67@group-56836B9C2C7D: set configuration 0: [626379dc-98d8-4882-92c1-e9588e246f67:172.18.0.3:9858, a3572516-8294-406a-a70d-c91f440d068d:172.18.0.5:9858, ee8eb392-f553-4024-b62c-6cc51c9204dd:172.18.0.4:9858], old=null at 0
s3g_1       | 	at org.glassfish.jersey.servlet.ServletContainer.service(ServletContainer.java:229)
datanode_3  | 2019-10-28 19:19:47,670 INFO server.RaftServerConfigKeys: raft.server.write.element-limit = 4096 (default)
datanode_1  | 2019-10-28 19:19:47,768 INFO segmented.SegmentedRaftLogWorker: 626379dc-98d8-4882-92c1-e9588e246f67@group-56836B9C2C7D-SegmentedRaftLogWorker: Starting segment from index:0
s3g_1       | 	at org.eclipse.jetty.servlet.ServletHolder.handle(ServletHolder.java:840)
datanode_3  | 2019-10-28 19:19:47,670 INFO server.RaftServerConfigKeys: raft.server.watch.timeout = 10s (default)
datanode_1  | 2019-10-28 19:19:47,797 INFO segmented.SegmentedRaftLogWorker: 626379dc-98d8-4882-92c1-e9588e246f67@group-56836B9C2C7D-SegmentedRaftLogWorker: created new log segment /data/metadata/ratis/462c78c3-a26d-4f01-8721-56836b9c2c7d/current/log_inprogress_0
s3g_1       | 	at org.eclipse.jetty.servlet.ServletHandler$CachedChain.doFilter(ServletHandler.java:1780)
datanode_3  | 2019-10-28 19:19:47,670 INFO server.RaftServerConfigKeys: raft.server.watch.timeout.denomination = 1s (default)
datanode_3  | 2019-10-28 19:19:47,670 INFO server.RaftServerConfigKeys: raft.server.watch.element-limit = 65536 (default)
s3g_1       | 	at org.apache.hadoop.http.HttpServer2$QuotingInputFilter.doFilter(HttpServer2.java:1609)
datanode_3  | 2019-10-28 19:19:47,673 INFO server.RaftServerConfigKeys: raft.server.log.appender.snapshot.chunk.size.max = 16MB (=16777216) (default)
s3g_1       | 	at org.eclipse.jetty.servlet.ServletHandler$CachedChain.doFilter(ServletHandler.java:1767)
datanode_3  | 2019-10-28 19:19:47,674 INFO server.RaftServerConfigKeys: raft.server.log.appender.buffer.byte-limit = 33554432 (custom)
s3g_1       | 	at org.apache.hadoop.http.NoCacheFilter.doFilter(NoCacheFilter.java:45)
datanode_3  | 2019-10-28 19:19:47,674 INFO server.RaftServerConfigKeys: raft.server.log.appender.buffer.element-limit = 1 (custom)
s3g_1       | 	at org.eclipse.jetty.servlet.ServletHandler$CachedChain.doFilter(ServletHandler.java:1767)
datanode_3  | 2019-10-28 19:19:47,677 INFO grpc.GrpcConfigKeys$Server: raft.grpc.server.leader.outstanding.appends.max = 128 (default)
s3g_1       | 	at org.eclipse.jetty.servlet.ServletHandler.doHandle(ServletHandler.java:583)
datanode_3  | 2019-10-28 19:19:47,678 INFO server.RaftServerConfigKeys: raft.server.rpc.request.timeout = 3000ms (default)
datanode_3  | 2019-10-28 19:19:47,678 INFO server.RaftServerConfigKeys: raft.server.log.appender.install.snapshot.enabled = false (custom)
s3g_1       | 	at org.eclipse.jetty.server.handler.ScopedHandler.handle(ScopedHandler.java:143)
datanode_3  | 2019-10-28 19:19:47,679 WARN impl.MetricRegistriesImpl: First MetricRegistry has been created without registering reporters. You may need to call MetricRegistries.global().addReportRegistration(...) before.
s3g_1       | 	at org.eclipse.jetty.security.SecurityHandler.handle(SecurityHandler.java:548)
datanode_3  | 2019-10-28 19:19:47,680 INFO server.RaftServerConfigKeys: raft.server.log.appender.snapshot.chunk.size.max = 16MB (=16777216) (default)
s3g_1       | 	at org.eclipse.jetty.server.session.SessionHandler.doHandle(SessionHandler.java:226)
datanode_3  | 2019-10-28 19:19:47,680 INFO server.RaftServerConfigKeys: raft.server.log.appender.buffer.byte-limit = 33554432 (custom)
s3g_1       | 	at org.eclipse.jetty.server.handler.ContextHandler.doHandle(ContextHandler.java:1180)
datanode_3  | 2019-10-28 19:19:47,680 INFO server.RaftServerConfigKeys: raft.server.log.appender.buffer.element-limit = 1 (custom)
s3g_1       | 	at org.eclipse.jetty.servlet.ServletHandler.doScope(ServletHandler.java:513)
s3g_1       | 	at org.eclipse.jetty.server.session.SessionHandler.doScope(SessionHandler.java:185)
datanode_3  | 2019-10-28 19:19:47,680 INFO grpc.GrpcConfigKeys$Server: raft.grpc.server.leader.outstanding.appends.max = 128 (default)
s3g_1       | 	at org.eclipse.jetty.server.handler.ContextHandler.doScope(ContextHandler.java:1112)
datanode_3  | 2019-10-28 19:19:47,680 INFO server.RaftServerConfigKeys: raft.server.rpc.request.timeout = 3000ms (default)
datanode_3  | 2019-10-28 19:19:47,680 INFO server.RaftServerConfigKeys: raft.server.log.appender.install.snapshot.enabled = false (custom)
s3g_1       | 	at org.eclipse.jetty.server.handler.ScopedHandler.handle(ScopedHandler.java:141)
datanode_3  | 2019-10-28 19:19:47,683 INFO impl.RoleInfo: ee8eb392-f553-4024-b62c-6cc51c9204dd: start LeaderState
s3g_1       | 	at org.eclipse.jetty.server.handler.HandlerCollection.handle(HandlerCollection.java:119)
datanode_3  | 2019-10-28 19:19:47,683 INFO segmented.SegmentedRaftLogWorker: ee8eb392-f553-4024-b62c-6cc51c9204dd@group-56836B9C2C7D-SegmentedRaftLogWorker: Starting segment from index:0
s3g_1       | 	at org.eclipse.jetty.server.handler.HandlerWrapper.handle(HandlerWrapper.java:134)
s3g_1       | 	at org.eclipse.jetty.server.Server.handle(Server.java:539)
