kdc_1       | Oct 28 19:26:01 kdc krb5kdc[9](info): AS_REQ (8 etypes {18 17 20 19 16 23 25 26}) 127.0.0.1: SERVER_NOT_FOUND: admin/admin@EXAMPLE.COM for kadmin/localhost@EXAMPLE.COM, Server not found in Kerberos database
kms_1       | 	at com.sun.jersey.server.impl.application.WebApplicationImpl.handleRequest(WebApplicationImpl.java:1409)
datanode_3  | 2019-10-28 19:26:35,574 INFO impl.RoleInfo: b8fea140-c955-4166-bad5-631c8dd59721: start LeaderElection
rm_1        | 2019-10-28 19:26:21 INFO  RpcServerFactoryPBImpl:173 - Adding protocol org.apache.hadoop.yarn.server.api.ResourceTrackerPB to the server
datanode_1  | 2019-10-28 19:26:35,876 INFO impl.RoleInfo: e7ce9a3d-9540-4020-9555-8535b8cb5889: shutdown LeaderElection
datanode_2  | 2019-10-28 19:26:35,644 INFO impl.LeaderElection: bbf059ab-2071-479f-9cea-529a0ad1c064@group-C4A4A31C7611-LeaderElection2: begin an election at term 1 for -1: [bbf059ab-2071-479f-9cea-529a0ad1c064:172.18.0.6:9858, b8fea140-c955-4166-bad5-631c8dd59721:172.18.0.4:9858, e7ce9a3d-9540-4020-9555-8535b8cb5889:172.18.0.3:9858], old=null
nm_1        | 2019-10-28 19:27:33 INFO  ContainerImpl:2112 - Container container_1572290780687_0001_01_000003 transitioned from NEW to LOCALIZING
kdc_1       | Oct 28 19:26:01 kdc krb5kdc[9](info): AS_REQ (8 etypes {18 17 20 19 16 23 25 26}) 127.0.0.1: ISSUE: authtime 1572290761, etypes {rep=18 tkt=18 ses=18}, admin/admin@EXAMPLE.COM for kadmin/admin@EXAMPLE.COM
kms_1       | 	at com.sun.jersey.spi.container.servlet.WebComponent.service(WebComponent.java:409)
datanode_3  | 2019-10-28 19:26:35,600 INFO impl.LeaderElection: b8fea140-c955-4166-bad5-631c8dd59721@group-C4A4A31C7611-LeaderElection2: begin an election at term 1 for -1: [bbf059ab-2071-479f-9cea-529a0ad1c064:172.18.0.6:9858, b8fea140-c955-4166-bad5-631c8dd59721:172.18.0.4:9858, e7ce9a3d-9540-4020-9555-8535b8cb5889:172.18.0.3:9858], old=null
rm_1        | 2019-10-28 19:26:21 INFO  Server:1314 - IPC Server Responder: starting
datanode_1  | 2019-10-28 19:26:35,876 INFO impl.RoleInfo: e7ce9a3d-9540-4020-9555-8535b8cb5889: start FollowerState
datanode_2  | 2019-10-28 19:26:35,833 INFO impl.LeaderElection: bbf059ab-2071-479f-9cea-529a0ad1c064@group-C4A4A31C7611-LeaderElection2: Election REJECTED; received 2 response(s) [bbf059ab-2071-479f-9cea-529a0ad1c064<-b8fea140-c955-4166-bad5-631c8dd59721#0:FAIL-t1, bbf059ab-2071-479f-9cea-529a0ad1c064<-e7ce9a3d-9540-4020-9555-8535b8cb5889#0:FAIL-t1] and 0 exception(s); bbf059ab-2071-479f-9cea-529a0ad1c064@group-C4A4A31C7611:t1, leader=null, voted=bbf059ab-2071-479f-9cea-529a0ad1c064, raftlog=bbf059ab-2071-479f-9cea-529a0ad1c064@group-C4A4A31C7611-SegmentedRaftLog:OPENED:c-1,f-1,i0, conf=-1: [bbf059ab-2071-479f-9cea-529a0ad1c064:172.18.0.6:9858, b8fea140-c955-4166-bad5-631c8dd59721:172.18.0.4:9858, e7ce9a3d-9540-4020-9555-8535b8cb5889:172.18.0.3:9858], old=null
nm_1        | 2019-10-28 19:27:33 INFO  AuxServices:350 - Got event CONTAINER_INIT for appId application_1572290780687_0001
kdc_1       | Oct 28 19:26:01 kdc krb5kdc[9](info): AS_REQ (8 etypes {18 17 20 19 16 23 25 26}) 127.0.0.1: SERVER_NOT_FOUND: admin/admin@EXAMPLE.COM for kadmin/localhost@EXAMPLE.COM, Server not found in Kerberos database
kms_1       | 	at com.sun.jersey.spi.container.servlet.ServletContainer.service(ServletContainer.java:558)
datanode_3  | 2019-10-28 19:26:35,805 INFO impl.LeaderElection: b8fea140-c955-4166-bad5-631c8dd59721@group-C4A4A31C7611-LeaderElection2: Election REJECTED; received 2 response(s) [b8fea140-c955-4166-bad5-631c8dd59721<-bbf059ab-2071-479f-9cea-529a0ad1c064#0:FAIL-t1, b8fea140-c955-4166-bad5-631c8dd59721<-e7ce9a3d-9540-4020-9555-8535b8cb5889#0:FAIL-t1] and 0 exception(s); b8fea140-c955-4166-bad5-631c8dd59721@group-C4A4A31C7611:t1, leader=null, voted=b8fea140-c955-4166-bad5-631c8dd59721, raftlog=b8fea140-c955-4166-bad5-631c8dd59721@group-C4A4A31C7611-SegmentedRaftLog:OPENED:c-1,f-1,i0, conf=-1: [bbf059ab-2071-479f-9cea-529a0ad1c064:172.18.0.6:9858, b8fea140-c955-4166-bad5-631c8dd59721:172.18.0.4:9858, e7ce9a3d-9540-4020-9555-8535b8cb5889:172.18.0.3:9858], old=null
rm_1        | 2019-10-28 19:26:21 INFO  Server:1153 - IPC Server listener on 8031: starting
datanode_1  | 2019-10-28 19:26:35,884 INFO segmented.SegmentedRaftLogWorker: e7ce9a3d-9540-4020-9555-8535b8cb5889@group-9711485C0D11-SegmentedRaftLogWorker: created new log segment /data/metadata/ratis/1421a1a3-839c-4c86-8ccb-9711485c0d11/current/log_inprogress_0
datanode_2  | 2019-10-28 19:26:35,834 INFO impl.RaftServerImpl: bbf059ab-2071-479f-9cea-529a0ad1c064@group-C4A4A31C7611: changes role from CANDIDATE to FOLLOWER at term 1 for DISCOVERED_A_NEW_TERM
nm_1        | 2019-10-28 19:27:33 INFO  AuxServices:350 - Got event APPLICATION_INIT for appId application_1572290780687_0001
kdc_1       | Oct 28 19:26:01 kdc krb5kdc[9](info): AS_REQ (8 etypes {18 17 20 19 16 23 25 26}) 127.0.0.1: ISSUE: authtime 1572290761, etypes {rep=18 tkt=18 ses=18}, admin/admin@EXAMPLE.COM for kadmin/admin@EXAMPLE.COM
kms_1       | 	at com.sun.jersey.spi.container.servlet.ServletContainer.service(ServletContainer.java:733)
datanode_3  | 2019-10-28 19:26:35,807 INFO impl.RaftServerImpl: b8fea140-c955-4166-bad5-631c8dd59721@group-C4A4A31C7611: changes role from CANDIDATE to FOLLOWER at term 1 for DISCOVERED_A_NEW_TERM
rm_1        | 2019-10-28 19:26:21 INFO  JvmPauseMonitor:188 - Starting JVM pause monitor
datanode_2  | 2019-10-28 19:26:35,835 INFO impl.RoleInfo: bbf059ab-2071-479f-9cea-529a0ad1c064: shutdown LeaderElection
datanode_1  | 2019-10-28 19:26:40,897 INFO impl.RaftServerImpl: e7ce9a3d-9540-4020-9555-8535b8cb5889@group-C4A4A31C7611: changes role from  FOLLOWER to FOLLOWER at term 2 for recognizeCandidate:bbf059ab-2071-479f-9cea-529a0ad1c064
nm_1        | 2019-10-28 19:27:33 INFO  AuxServices:354 - Got APPLICATION_INIT for service mapreduce_shuffle
kdc_1       | Oct 28 19:26:01 kdc krb5kdc[9](info): AS_REQ (8 etypes {18 17 20 19 16 23 25 26}) 127.0.0.1: SERVER_NOT_FOUND: admin/admin@EXAMPLE.COM for kadmin/localhost@EXAMPLE.COM, Server not found in Kerberos database
kms_1       | 	at javax.servlet.http.HttpServlet.service(HttpServlet.java:790)
datanode_3  | 2019-10-28 19:26:35,808 INFO impl.RoleInfo: b8fea140-c955-4166-bad5-631c8dd59721: shutdown LeaderElection
rm_1        | 2019-10-28 19:26:21 INFO  CallQueueManager:84 - Using callQueue: class java.util.concurrent.LinkedBlockingQueue, queueCapacity: 5000, scheduler: class org.apache.hadoop.ipc.DefaultRpcScheduler, ipcBackoff: false.
datanode_2  | 2019-10-28 19:26:35,835 INFO impl.RoleInfo: bbf059ab-2071-479f-9cea-529a0ad1c064: start FollowerState
nm_1        | 2019-10-28 19:27:33 INFO  ShuffleHandler:719 - Added token for job_1572290780687_0001
datanode_1  | 2019-10-28 19:26:40,897 INFO impl.RoleInfo: e7ce9a3d-9540-4020-9555-8535b8cb5889: shutdown FollowerState
kdc_1       | Oct 28 19:26:01 kdc krb5kdc[9](info): AS_REQ (8 etypes {18 17 20 19 16 23 25 26}) 127.0.0.1: ISSUE: authtime 1572290761, etypes {rep=18 tkt=18 ses=18}, admin/admin@EXAMPLE.COM for kadmin/admin@EXAMPLE.COM
datanode_3  | 2019-10-28 19:26:35,808 INFO impl.RoleInfo: b8fea140-c955-4166-bad5-631c8dd59721: start FollowerState
rm_1        | 2019-10-28 19:26:21 INFO  Server:1074 - Starting Socket Reader #1 for port 8030
datanode_2  | 2019-10-28 19:26:40,837 INFO impl.FollowerState: bbf059ab-2071-479f-9cea-529a0ad1c064@group-C4A4A31C7611-FollowerState: change to CANDIDATE, lastRpcTime:5001ms, electionTimeout:5001ms
kms_1       | 	at org.eclipse.jetty.servlet.ServletHolder.handle(ServletHolder.java:848)
nm_1        | 2019-10-28 19:27:33 INFO  ContainerImpl:2112 - Container container_1572290780687_0001_01_000003 transitioned from LOCALIZING to SCHEDULED
datanode_1  | 2019-10-28 19:26:40,898 INFO impl.FollowerState: e7ce9a3d-9540-4020-9555-8535b8cb5889@group-C4A4A31C7611-FollowerState was interrupted: java.lang.InterruptedException: sleep interrupted
kdc_1       | Oct 28 19:26:01 kdc krb5kdc[9](info): AS_REQ (8 etypes {18 17 20 19 16 23 25 26}) 127.0.0.1: SERVER_NOT_FOUND: admin/admin@EXAMPLE.COM for kadmin/localhost@EXAMPLE.COM, Server not found in Kerberos database
datanode_3  | 2019-10-28 19:26:40,892 INFO impl.RaftServerImpl: b8fea140-c955-4166-bad5-631c8dd59721@group-C4A4A31C7611: changes role from  FOLLOWER to FOLLOWER at term 2 for recognizeCandidate:bbf059ab-2071-479f-9cea-529a0ad1c064
rm_1        | 2019-10-28 19:26:21 INFO  RpcServerFactoryPBImpl:173 - Adding protocol org.apache.hadoop.yarn.api.ApplicationMasterProtocolPB to the server
datanode_2  | 2019-10-28 19:26:40,838 INFO impl.RoleInfo: bbf059ab-2071-479f-9cea-529a0ad1c064: shutdown FollowerState
nm_1        | 2019-10-28 19:27:33 INFO  ContainerScheduler:541 - Starting container [container_1572290780687_0001_01_000003]
kdc_1       | Oct 28 19:26:01 kdc krb5kdc[9](info): AS_REQ (8 etypes {18 17 20 19 16 23 25 26}) 127.0.0.1: ISSUE: authtime 1572290761, etypes {rep=18 tkt=18 ses=18}, admin/admin@EXAMPLE.COM for kadmin/admin@EXAMPLE.COM
datanode_1  | 2019-10-28 19:26:40,898 INFO impl.RoleInfo: e7ce9a3d-9540-4020-9555-8535b8cb5889: start FollowerState
datanode_3  | 2019-10-28 19:26:40,892 INFO impl.RoleInfo: b8fea140-c955-4166-bad5-631c8dd59721: shutdown FollowerState
datanode_2  | 2019-10-28 19:26:40,838 INFO impl.RaftServerImpl: bbf059ab-2071-479f-9cea-529a0ad1c064@group-C4A4A31C7611: changes role from  FOLLOWER to CANDIDATE at term 1 for changeToCandidate
rm_1        | 2019-10-28 19:26:21 INFO  Server:1314 - IPC Server Responder: starting
kms_1       | 	at org.eclipse.jetty.servlet.ServletHandler$CachedChain.doFilter(ServletHandler.java:1772)
nm_1        | 2019-10-28 19:27:33 INFO  ContainerImpl:2112 - Container container_1572290780687_0001_01_000003 transitioned from SCHEDULED to RUNNING
kdc_1       | Oct 28 19:26:01 kdc krb5kdc[9](info): AS_REQ (8 etypes {18 17 20 19 16 23 25 26}) 127.0.0.1: SERVER_NOT_FOUND: admin/admin@EXAMPLE.COM for kadmin/localhost@EXAMPLE.COM, Server not found in Kerberos database
datanode_1  | 2019-10-28 19:26:41,013 INFO impl.RaftServerImpl: e7ce9a3d-9540-4020-9555-8535b8cb5889@group-C4A4A31C7611: change Leader from null to bbf059ab-2071-479f-9cea-529a0ad1c064 at term 2 for appendEntries, leader elected after 10401ms
datanode_3  | 2019-10-28 19:26:40,893 INFO impl.RoleInfo: b8fea140-c955-4166-bad5-631c8dd59721: start FollowerState
datanode_2  | 2019-10-28 19:26:40,838 INFO impl.RoleInfo: bbf059ab-2071-479f-9cea-529a0ad1c064: start LeaderElection
rm_1        | 2019-10-28 19:26:21 INFO  Server:1153 - IPC Server listener on 8030: starting
kms_1       | 	at org.apache.hadoop.crypto.key.kms.server.KMSMDCFilter.doFilter(KMSMDCFilter.java:84)
nm_1        | 2019-10-28 19:27:33 INFO  ContainersMonitorImpl:1013 - Starting resource-monitoring for container_1572290780687_0001_01_000003
kdc_1       | Oct 28 19:26:01 kdc krb5kdc[9](info): AS_REQ (8 etypes {18 17 20 19 16 23 25 26}) 127.0.0.1: ISSUE: authtime 1572290761, etypes {rep=18 tkt=18 ses=18}, admin/admin@EXAMPLE.COM for kadmin/admin@EXAMPLE.COM
datanode_1  | 2019-10-28 19:26:41,035 INFO impl.RaftServerImpl: e7ce9a3d-9540-4020-9555-8535b8cb5889@group-C4A4A31C7611: set configuration 0: [bbf059ab-2071-479f-9cea-529a0ad1c064:172.18.0.6:9858, b8fea140-c955-4166-bad5-631c8dd59721:172.18.0.4:9858, e7ce9a3d-9540-4020-9555-8535b8cb5889:172.18.0.3:9858], old=null at 0
datanode_2  | 2019-10-28 19:26:40,864 INFO impl.LeaderElection: bbf059ab-2071-479f-9cea-529a0ad1c064@group-C4A4A31C7611-LeaderElection3: begin an election at term 2 for -1: [bbf059ab-2071-479f-9cea-529a0ad1c064:172.18.0.6:9858, b8fea140-c955-4166-bad5-631c8dd59721:172.18.0.4:9858, e7ce9a3d-9540-4020-9555-8535b8cb5889:172.18.0.3:9858], old=null
rm_1        | 2019-10-28 19:26:21 INFO  CallQueueManager:84 - Using callQueue: class java.util.concurrent.LinkedBlockingQueue, queueCapacity: 5000, scheduler: class org.apache.hadoop.ipc.DefaultRpcScheduler, ipcBackoff: false.
kms_1       | 	at org.eclipse.jetty.servlet.ServletHandler$CachedChain.doFilter(ServletHandler.java:1759)
nm_1        | 2019-10-28 19:27:33 INFO  DefaultContainerExecutor:370 - launchContainer: [bash, /tmp/hadoop-hadoop/nm-local-dir/usercache/hadoop/appcache/application_1572290780687_0001/container_1572290780687_0001_01_000003/default_container_executor.sh]
kdc_1       | Oct 28 19:26:02 kdc krb5kdc[9](info): AS_REQ (8 etypes {18 17 20 19 16 23 25 26}) 127.0.0.1: SERVER_NOT_FOUND: admin/admin@EXAMPLE.COM for kadmin/localhost@EXAMPLE.COM, Server not found in Kerberos database
datanode_1  | 2019-10-28 19:26:41,036 INFO segmented.SegmentedRaftLogWorker: e7ce9a3d-9540-4020-9555-8535b8cb5889@group-C4A4A31C7611-SegmentedRaftLogWorker: Starting segment from index:0
datanode_3  | 2019-10-28 19:26:40,893 INFO impl.FollowerState: b8fea140-c955-4166-bad5-631c8dd59721@group-C4A4A31C7611-FollowerState was interrupted: java.lang.InterruptedException: sleep interrupted
datanode_2  | 2019-10-28 19:26:40,915 INFO impl.LeaderElection: bbf059ab-2071-479f-9cea-529a0ad1c064@group-C4A4A31C7611-LeaderElection3: Election PASSED; received 1 response(s) [bbf059ab-2071-479f-9cea-529a0ad1c064<-b8fea140-c955-4166-bad5-631c8dd59721#0:OK-t2] and 0 exception(s); bbf059ab-2071-479f-9cea-529a0ad1c064@group-C4A4A31C7611:t2, leader=null, voted=bbf059ab-2071-479f-9cea-529a0ad1c064, raftlog=bbf059ab-2071-479f-9cea-529a0ad1c064@group-C4A4A31C7611-SegmentedRaftLog:OPENED:c-1,f-1,i0, conf=-1: [bbf059ab-2071-479f-9cea-529a0ad1c064:172.18.0.6:9858, b8fea140-c955-4166-bad5-631c8dd59721:172.18.0.4:9858, e7ce9a3d-9540-4020-9555-8535b8cb5889:172.18.0.3:9858], old=null
kms_1       | 	at org.apache.hadoop.security.authentication.server.AuthenticationFilter.doFilter(AuthenticationFilter.java:644)
rm_1        | 2019-10-28 19:26:21 INFO  Server:1074 - Starting Socket Reader #1 for port 8032
nm_1        | 2019-10-28 19:27:34 INFO  Server:1849 - Auth successful for appattempt_1572290780687_0001_000001 (auth:SIMPLE)
kdc_1       | Oct 28 19:26:02 kdc krb5kdc[9](info): AS_REQ (8 etypes {18 17 20 19 16 23 25 26}) 127.0.0.1: ISSUE: authtime 1572290762, etypes {rep=18 tkt=18 ses=18}, admin/admin@EXAMPLE.COM for kadmin/admin@EXAMPLE.COM
datanode_1  | 2019-10-28 19:26:41,076 INFO segmented.SegmentedRaftLogWorker: e7ce9a3d-9540-4020-9555-8535b8cb5889@group-C4A4A31C7611-SegmentedRaftLogWorker: created new log segment /data/metadata/ratis/2f97dfdc-26db-4534-879d-c4a4a31c7611/current/log_inprogress_0
datanode_3  | 2019-10-28 19:26:41,011 INFO impl.RaftServerImpl: b8fea140-c955-4166-bad5-631c8dd59721@group-C4A4A31C7611: change Leader from null to bbf059ab-2071-479f-9cea-529a0ad1c064 at term 2 for appendEntries, leader elected after 10466ms
datanode_2  | 2019-10-28 19:26:40,916 INFO impl.RoleInfo: bbf059ab-2071-479f-9cea-529a0ad1c064: shutdown LeaderElection
kms_1       | 	at org.apache.hadoop.security.token.delegation.web.DelegationTokenAuthenticationFilter.doFilter(DelegationTokenAuthenticationFilter.java:304)
rm_1        | 2019-10-28 19:26:21 INFO  RpcServerFactoryPBImpl:173 - Adding protocol org.apache.hadoop.yarn.api.ApplicationClientProtocolPB to the server
nm_1        | 2019-10-28 19:27:34 INFO  ContainerManagerImpl:1070 - Start request for container_1572290780687_0001_01_000004 by user hadoop
kdc_1       | Oct 28 19:26:02 kdc krb5kdc[9](info): AS_REQ (8 etypes {18 17 20 19 16 23 25 26}) 127.0.0.1: SERVER_NOT_FOUND: admin/admin@EXAMPLE.COM for kadmin/localhost@EXAMPLE.COM, Server not found in Kerberos database
datanode_1  | 2019-10-28 19:26:58,706 INFO client.DNCertificateClient: Getting certificate with certSerialId:11489739330494750.
datanode_3  | 2019-10-28 19:26:41,035 INFO impl.RaftServerImpl: b8fea140-c955-4166-bad5-631c8dd59721@group-C4A4A31C7611: set configuration 0: [bbf059ab-2071-479f-9cea-529a0ad1c064:172.18.0.6:9858, b8fea140-c955-4166-bad5-631c8dd59721:172.18.0.4:9858, e7ce9a3d-9540-4020-9555-8535b8cb5889:172.18.0.3:9858], old=null at 0
datanode_2  | 2019-10-28 19:26:40,917 INFO impl.RaftServerImpl: bbf059ab-2071-479f-9cea-529a0ad1c064@group-C4A4A31C7611: changes role from CANDIDATE to LEADER at term 2 for changeToLeader
kms_1       | 	at org.apache.hadoop.security.authentication.server.AuthenticationFilter.doFilter(AuthenticationFilter.java:592)
rm_1        | 2019-10-28 19:26:21 INFO  Server:1314 - IPC Server Responder: starting
kdc_1       | Oct 28 19:26:02 kdc krb5kdc[9](info): AS_REQ (8 etypes {18 17 20 19 16 23 25 26}) 127.0.0.1: ISSUE: authtime 1572290762, etypes {rep=18 tkt=18 ses=18}, admin/admin@EXAMPLE.COM for kadmin/admin@EXAMPLE.COM
nm_1        | 2019-10-28 19:27:34 INFO  ApplicationImpl:463 - Adding container_1572290780687_0001_01_000004 to application application_1572290780687_0001
datanode_3  | 2019-10-28 19:26:41,035 INFO segmented.SegmentedRaftLogWorker: b8fea140-c955-4166-bad5-631c8dd59721@group-C4A4A31C7611-SegmentedRaftLogWorker: Starting segment from index:0
kms_1       | 	at org.apache.hadoop.crypto.key.kms.server.KMSAuthenticationFilter.doFilter(KMSAuthenticationFilter.java:142)
rm_1        | 2019-10-28 19:26:21 INFO  Server:1153 - IPC Server listener on 8032: starting
kdc_1       | Oct 28 19:26:02 kdc krb5kdc[9](info): AS_REQ (8 etypes {18 17 20 19 16 23 25 26}) 127.0.0.1: SERVER_NOT_FOUND: admin/admin@EXAMPLE.COM for kadmin/localhost@EXAMPLE.COM, Server not found in Kerberos database
nm_1        | 2019-10-28 19:27:34 INFO  NMAuditLogger:94 - USER=hadoop	IP=172.18.0.12	OPERATION=Start Container Request	TARGET=ContainerManageImpl	RESULT=SUCCESS	APPID=application_1572290780687_0001	CONTAINERID=container_1572290780687_0001_01_000004
datanode_2  | 2019-10-28 19:26:40,918 INFO impl.RaftServerImpl: bbf059ab-2071-479f-9cea-529a0ad1c064@group-C4A4A31C7611: change Leader from null to bbf059ab-2071-479f-9cea-529a0ad1c064 at term 2 for becomeLeader, leader elected after 10320ms
datanode_3  | 2019-10-28 19:26:41,076 INFO segmented.SegmentedRaftLogWorker: b8fea140-c955-4166-bad5-631c8dd59721@group-C4A4A31C7611-SegmentedRaftLogWorker: created new log segment /data/metadata/ratis/2f97dfdc-26db-4534-879d-c4a4a31c7611/current/log_inprogress_0
kms_1       | 	at org.eclipse.jetty.servlet.ServletHandler$CachedChain.doFilter(ServletHandler.java:1751)
rm_1        | 2019-10-28 19:26:21 INFO  ResourceManager:1308 - Transitioned to active state
kdc_1       | Oct 28 19:26:02 kdc krb5kdc[9](info): AS_REQ (8 etypes {18 17 20 19 16 23 25 26}) 127.0.0.1: ISSUE: authtime 1572290762, etypes {rep=18 tkt=18 ses=18}, admin/admin@EXAMPLE.COM for kadmin/admin@EXAMPLE.COM
nm_1        | 2019-10-28 19:27:34 INFO  ContainerImpl:2112 - Container container_1572290780687_0001_01_000004 transitioned from NEW to LOCALIZING
datanode_2  | 2019-10-28 19:26:40,918 INFO server.RaftServerConfigKeys: raft.server.staging.catchup.gap = 1000 (default)
datanode_3  | 2019-10-28 19:26:58,694 INFO client.DNCertificateClient: Getting certificate with certSerialId:11489739330494750.
kms_1       | 	at org.apache.hadoop.http.HttpServer2$QuotingInputFilter.doFilter(HttpServer2.java:1609)
rm_1        | 2019-10-28 19:26:21 INFO  Server:1849 - Auth successful for nm/nm@EXAMPLE.COM (auth:KERBEROS)
kdc_1       | Oct 28 19:26:02 kdc krb5kdc[9](info): AS_REQ (8 etypes {18 17 20 19 16 23 25 26}) 127.0.0.1: SERVER_NOT_FOUND: admin/admin@EXAMPLE.COM for kadmin/localhost@EXAMPLE.COM, Server not found in Kerberos database
nm_1        | 2019-10-28 19:27:34 INFO  AuxServices:350 - Got event CONTAINER_INIT for appId application_1572290780687_0001
kms_1       | 	at org.eclipse.jetty.servlet.ServletHandler$CachedChain.doFilter(ServletHandler.java:1759)
rm_1        | 2019-10-28 19:26:21 INFO  ResourceTrackerService:497 - NodeManager from node nm(cmPort: 42628 httpPort: 8042) registered with capability: <memory:8192, vCores:8>, assigned nodeId nm:42628
kdc_1       | Oct 28 19:26:02 kdc krb5kdc[9](info): AS_REQ (8 etypes {18 17 20 19 16 23 25 26}) 127.0.0.1: ISSUE: authtime 1572290762, etypes {rep=18 tkt=18 ses=18}, admin/admin@EXAMPLE.COM for kadmin/admin@EXAMPLE.COM
nm_1        | 2019-10-28 19:27:34 INFO  AuxServices:350 - Got event APPLICATION_INIT for appId application_1572290780687_0001
kms_1       | 	at org.apache.hadoop.http.NoCacheFilter.doFilter(NoCacheFilter.java:45)
rm_1        | 2019-10-28 19:26:21 INFO  RMNodeImpl:674 - nm:42628 Node Transitioned from NEW to RUNNING
kdc_1       | Oct 28 19:26:02 kdc krb5kdc[9](info): AS_REQ (8 etypes {18 17 20 19 16 23 25 26}) 127.0.0.1: SERVER_NOT_FOUND: admin/admin@EXAMPLE.COM for kadmin/localhost@EXAMPLE.COM, Server not found in Kerberos database
nm_1        | 2019-10-28 19:27:34 INFO  AuxServices:354 - Got APPLICATION_INIT for service mapreduce_shuffle
datanode_2  | 2019-10-28 19:26:40,918 INFO server.RaftServerConfigKeys: raft.server.rpc.sleep.time = 25ms (default)
rm_1        | 2019-10-28 19:26:21 INFO  CapacityScheduler:2004 - Added node nm:42628 clusterResource: <memory:8192, vCores:8>
kdc_1       | Oct 28 19:26:02 kdc krb5kdc[9](info): AS_REQ (8 etypes {18 17 20 19 16 23 25 26}) 127.0.0.1: ISSUE: authtime 1572290762, etypes {rep=18 tkt=18 ses=18}, admin/admin@EXAMPLE.COM for kadmin/admin@EXAMPLE.COM
kms_1       | 	at org.eclipse.jetty.servlet.ServletHandler$CachedChain.doFilter(ServletHandler.java:1759)
nm_1        | 2019-10-28 19:27:34 INFO  ShuffleHandler:719 - Added token for job_1572290780687_0001
datanode_2  | 2019-10-28 19:26:40,919 INFO server.RaftServerConfigKeys: raft.server.write.element-limit = 4096 (default)
rm_1        | 2019-10-28 19:27:15 INFO  Server:1849 - Auth successful for hadoop/rm@EXAMPLE.COM (auth:KERBEROS)
kdc_1       | Oct 28 19:26:02 kdc krb5kdc[9](info): AS_REQ (8 etypes {18 17 20 19 16 23 25 26}) 127.0.0.1: SERVER_NOT_FOUND: admin/admin@EXAMPLE.COM for kadmin/localhost@EXAMPLE.COM, Server not found in Kerberos database
kms_1       | 	at org.eclipse.jetty.servlet.ServletHandler.doHandle(ServletHandler.java:582)
nm_1        | 2019-10-28 19:27:34 INFO  ContainerImpl:2112 - Container container_1572290780687_0001_01_000004 transitioned from LOCALIZING to SCHEDULED
datanode_2  | 2019-10-28 19:26:40,919 INFO server.RaftServerConfigKeys: raft.server.watch.timeout = 10s (default)
rm_1        | 2019-10-28 19:27:15 INFO  ClientRMService:355 - Allocated new applicationId: 1
kdc_1       | Oct 28 19:26:02 kdc krb5kdc[9](info): AS_REQ (8 etypes {18 17 20 19 16 23 25 26}) 127.0.0.1: ISSUE: authtime 1572290762, etypes {rep=18 tkt=18 ses=18}, admin/admin@EXAMPLE.COM for kadmin/admin@EXAMPLE.COM
kms_1       | 	at org.eclipse.jetty.server.handler.ScopedHandler.handle(ScopedHandler.java:143)
nm_1        | 2019-10-28 19:27:34 INFO  ContainerScheduler:541 - Starting container [container_1572290780687_0001_01_000004]
datanode_2  | 2019-10-28 19:26:40,919 INFO server.RaftServerConfigKeys: raft.server.watch.timeout.denomination = 1s (default)
kdc_1       | Oct 28 19:26:02 kdc krb5kdc[9](info): AS_REQ (8 etypes {18 17 20 19 16 23 25 26}) 127.0.0.1: SERVER_NOT_FOUND: admin/admin@EXAMPLE.COM for kadmin/localhost@EXAMPLE.COM, Server not found in Kerberos database
kms_1       | 	at org.eclipse.jetty.security.SecurityHandler.handle(SecurityHandler.java:548)
nm_1        | 2019-10-28 19:27:34 INFO  ContainerImpl:2112 - Container container_1572290780687_0001_01_000004 transitioned from SCHEDULED to RUNNING
datanode_2  | 2019-10-28 19:26:40,919 INFO server.RaftServerConfigKeys: raft.server.watch.element-limit = 65536 (default)
kdc_1       | Oct 28 19:26:02 kdc krb5kdc[9](info): AS_REQ (8 etypes {18 17 20 19 16 23 25 26}) 127.0.0.1: ISSUE: authtime 1572290762, etypes {rep=18 tkt=18 ses=18}, admin/admin@EXAMPLE.COM for kadmin/admin@EXAMPLE.COM
rm_1        | 2019-10-28 19:27:17 INFO  CapacityScheduler:2641 - Application 'application_1572290780687_000