s3g_1       | 	at org.eclipse.jetty.util.thread.strategy.ExecuteProduceConsume.run(ExecuteProduceConsume.java:136)
datanode_3  | 2019-10-28 19:19:34,879 INFO server.RaftServerConfigKeys: raft.server.storage.dir = [/data/metadata/ratis] (custom)
scm_1       | 2019-10-28 19:19:30,303 INFO impl.MetricsConfig: Loaded properties from hadoop-metrics2.properties
datanode_1  | 2019-10-28 19:19:34,359 INFO server.RaftServerConfigKeys: raft.server.storage.dir = [/data/metadata/ratis] (custom)
datanode_2  | 2019-10-28 19:19:35,451 INFO storage.RaftStorageDirectory: The storage directory /data/metadata/ratis/66bef6f3-cb4a-428a-a314-64ed730b79a8 does not exist. Creating ...
om_1        | 2019-10-28 19:19:34,317 INFO ipc.Server: IPC Server listener on 9862: starting
s3g_1       | 	at org.eclipse.jetty.util.thread.QueuedThreadPool.runJob(QueuedThreadPool.java:671)
datanode_3  | 2019-10-28 19:19:34,884 INFO server.RaftServerConfigKeys: raft.server.log.corruption.policy = EXCEPTION (default)
scm_1       | 2019-10-28 19:19:30,340 INFO impl.MetricsSystemImpl: Scheduled Metric snapshot period at 10 second(s).
datanode_1  | 2019-10-28 19:19:34,364 INFO server.RaftServerConfigKeys: raft.server.log.corruption.policy = EXCEPTION (default)
datanode_2  | 2019-10-28 19:19:35,541 INFO storage.RaftStorageDirectory: Lock on /data/metadata/ratis/66bef6f3-cb4a-428a-a314-64ed730b79a8/in_use.lock acquired by nodename 7@9fc34eea88cf
om_1        | 2019-10-28 19:19:34,347 INFO hdfs.DFSUtil: Starting Web-server for ozoneManager at: http://0.0.0.0:9874
s3g_1       | 	at org.eclipse.jetty.util.thread.QueuedThreadPool$2.run(QueuedThreadPool.java:589)
datanode_3  | 2019-10-28 19:19:34,885 INFO storage.RaftStorageDirectory: The storage directory /data/metadata/ratis/efe4340c-b97c-4187-b1bf-fc718d272800 does not exist. Creating ...
scm_1       | 2019-10-28 19:19:30,340 INFO impl.MetricsSystemImpl: StorageContainerManager metrics system started
datanode_1  | 2019-10-28 19:19:34,365 INFO storage.RaftStorageDirectory: The storage directory /data/metadata/ratis/ace38cbe-dab7-46a0-b3d6-e8addf2856e2 does not exist. Creating ...
datanode_2  | 2019-10-28 19:19:35,620 INFO storage.RaftStorage: Storage directory /data/metadata/ratis/66bef6f3-cb4a-428a-a314-64ed730b79a8 has been successfully formatted.
om_1        | 2019-10-28 19:19:34,448 INFO server.AuthenticationFilter: Unable to initialize FileSignerSecretProvider, falling back to use random secrets.
s3g_1       | 	at java.base/java.lang.Thread.run(Thread.java:834)
datanode_3  | 2019-10-28 19:19:34,913 INFO storage.RaftStorageDirectory: Lock on /data/metadata/ratis/efe4340c-b97c-4187-b1bf-fc718d272800/in_use.lock acquired by nodename 7@7d71502b1234
scm_1       | 2019-10-28 19:19:30,599 INFO server.SCMClientProtocolServer: RPC server for Client  is listening at /0.0.0.0:9860
datanode_1  | 2019-10-28 19:19:34,375 INFO storage.RaftStorageDirectory: Lock on /data/metadata/ratis/ace38cbe-dab7-46a0-b3d6-e8addf2856e2/in_use.lock acquired by nodename 7@2ec2cc1dbd06
om_1        | 2019-10-28 19:19:34,451 INFO http.HttpRequestLog: Http request log for http.requests.ozoneManager is not defined
datanode_3  | 2019-10-28 19:19:34,931 INFO storage.RaftStorage: Storage directory /data/metadata/ratis/efe4340c-b97c-4187-b1bf-fc718d272800 has been successfully formatted.
s3g_1       | 2019-10-28 19:21:35,934 [qtp1149377174-28] INFO       - Location is /bucket-52629
datanode_2  | 2019-10-28 19:19:35,626 [pool-8-thread-1] INFO       - group-64ED730B79A8: The snapshot info is null. Setting the last applied indexto:(t:0, i:~)
scm_1       | 2019-10-28 19:19:30,601 INFO ipc.Server: IPC Server Responder: starting
datanode_1  | 2019-10-28 19:19:34,412 INFO storage.RaftStorage: Storage directory /data/metadata/ratis/ace38cbe-dab7-46a0-b3d6-e8addf2856e2 has been successfully formatted.
datanode_3  | 2019-10-28 19:19:34,934 [pool-8-thread-1] INFO       - group-FC718D272800: The snapshot info is null. Setting the last applied indexto:(t:0, i:~)
om_1        | 2019-10-28 19:19:34,460 INFO http.HttpServer2: Added global filter 'safety' (class=org.apache.hadoop.http.HttpServer2$QuotingInputFilter)
s3g_1       | 2019-10-28 19:21:40,054 [qtp1149377174-28] INFO       - Location is /bucket-60722
scm_1       | 2019-10-28 19:19:30,609 INFO ipc.Server: IPC Server listener on 9860: starting
datanode_2  | 2019-10-28 19:19:35,626 INFO server.RaftServerConfigKeys: raft.server.notification.no-leader.timeout = 120s (custom)
datanode_1  | 2019-10-28 19:19:34,417 [pool-8-thread-1] INFO       - group-E8ADDF2856E2: The snapshot info is null. Setting the last applied indexto:(t:0, i:~)
om_1        | 2019-10-28 19:19:34,462 INFO http.HttpServer2: Added filter static_user_filter (class=org.apache.hadoop.http.lib.StaticUserWebFilter$StaticUserFilter) to context ozoneManager
datanode_3  | 2019-10-28 19:19:34,934 INFO server.RaftServerConfigKeys: raft.server.notification.no-leader.timeout = 120s (custom)
s3g_1       | 2019-10-28 19:21:42,326 [qtp1149377174-29] INFO       - Allocating block with ExcludeList {datanodes = [], containerIds = [], pipelineIds = []}
scm_1       | 2019-10-28 19:19:30,611 INFO server.StorageContainerManager: ScmBlockLocationProtocol RPC server is listening at /0.0.0.0:9863
datanode_2  | 2019-10-28 19:19:35,631 INFO server.RaftServerConfigKeys: raft.server.log.use.memory = false (default)
om_1        | 2019-10-28 19:19:34,463 INFO http.HttpServer2: Added filter static_user_filter (class=org.apache.hadoop.http.lib.StaticUserWebFilter$StaticUserFilter) to context logs
datanode_3  | 2019-10-28 19:19:34,937 INFO server.RaftServerConfigKeys: raft.server.log.use.memory = false (default)
datanode_1  | 2019-10-28 19:19:34,417 INFO server.RaftServerConfigKeys: raft.server.notification.no-leader.timeout = 120s (custom)
s3g_1       | 2019-10-28 19:21:43,617 [qtp1149377174-122] INFO       - Allocating block with ExcludeList {datanodes = [], containerIds = [], pipelineIds = []}
scm_1       | 2019-10-28 19:19:30,613 INFO server.SCMBlockProtocolServer: RPC server for Block Protocol is listening at /0.0.0.0:9863
datanode_2  | 2019-10-28 19:19:35,638 INFO server.RaftServerConfigKeys: raft.server.log.purge.gap = 1000000 (custom)
om_1        | 2019-10-28 19:19:34,463 INFO http.HttpServer2: Added filter static_user_filter (class=org.apache.hadoop.http.lib.StaticUserWebFilter$StaticUserFilter) to context static
datanode_3  | 2019-10-28 19:19:34,941 INFO server.RaftServerConfigKeys: raft.server.log.purge.gap = 1000000 (custom)
datanode_1  | 2019-10-28 19:19:34,420 INFO server.RaftServerConfigKeys: raft.server.log.use.memory = false (default)
s3g_1       | 2019-10-28 19:21:47,703 [qtp1149377174-104] INFO       - Allocating block with ExcludeList {datanodes = [], containerIds = [], pipelineIds = []}
scm_1       | 2019-10-28 19:19:30,613 INFO ipc.Server: IPC Server Responder: starting
datanode_2  | 2019-10-28 19:19:35,639 INFO server.RaftServerConfigKeys: raft.server.log.appender.buffer.byte-limit = 33554432 (custom)
om_1        | 2019-10-28 19:19:34,485 INFO http.HttpServer2: Jetty bound to port 9874
datanode_3  | 2019-10-28 19:19:34,941 INFO server.RaftServerConfigKeys: raft.server.log.appender.buffer.byte-limit = 33554432 (custom)
s3g_1       | 2019-10-28 19:21:48,683 [qtp1149377174-27] INFO       - Allocating block with ExcludeList {datanodes = [], containerIds = [], pipelineIds = []}
scm_1       | 2019-10-28 19:19:30,616 INFO ipc.Server: IPC Server listener on 9863: starting
datanode_1  | 2019-10-28 19:19:34,426 INFO server.RaftServerConfigKeys: raft.server.log.purge.gap = 1000000 (custom)
datanode_2  | 2019-10-28 19:19:35,642 INFO server.RaftServerConfigKeys: raft.server.log.segment.size.max = 1048576 (custom)
om_1        | 2019-10-28 19:19:34,487 INFO server.Server: jetty-9.3.25.v20180904, build timestamp: 2018-09-04T21:11:46Z, git hash: 3ce520221d0240229c862b122d2b06c12a625732
datanode_3  | 2019-10-28 19:19:34,944 INFO server.RaftServerConfigKeys: raft.server.log.segment.size.max = 1048576 (custom)
s3g_1       | 2019-10-28 19:21:54,881 [qtp1149377174-28] INFO       - Allocating block with ExcludeList {datanodes = [], containerIds = [], pipelineIds = []}
scm_1       | 2019-10-28 19:19:30,620 INFO server.StorageContainerManager: ScmDatanodeProtocl RPC server is listening at /0.0.0.0:9861
datanode_1  | 2019-10-28 19:19:34,426 INFO server.RaftServerConfigKeys: raft.server.log.appender.buffer.byte-limit = 33554432 (custom)
datanode_2  | 2019-10-28 19:19:35,650 INFO metrics.MetricRegistries: Loaded MetricRegistries class org.apache.ratis.metrics.impl.MetricRegistriesImpl
om_1        | 2019-10-28 19:19:34,519 INFO handler.ContextHandler: Started o.e.j.s.ServletContextHandler@28bdbe88{/logs,file:///var/log/hadoop/,AVAILABLE}
datanode_3  | 2019-10-28 19:19:34,950 INFO metrics.MetricRegistries: Loaded MetricRegistries class org.apache.ratis.metrics.impl.MetricRegistriesImpl
s3g_1       | 2019-10-28 19:21:55,778 [qtp1149377174-28] INFO       - Allocating block with ExcludeList {datanodes = [], containerIds = [], pipelineIds = []}
scm_1       | 2019-10-28 19:19:30,620 INFO server.SCMDatanodeProtocolServer: RPC server for DataNodes is listening at /0.0.0.0:9861
datanode_1  | 2019-10-28 19:19:34,429 INFO server.RaftServerConfigKeys: raft.server.log.segment.size.max = 1048576 (custom)
datanode_2  | 2019-10-28 19:19:35,654 WARN impl.MetricRegistriesImpl: First MetricRegistry has been created without registering reporters. You may need to call MetricRegistries.global().addReportRegistration(...) before.
om_1        | 2019-10-28 19:19:34,519 INFO handler.ContextHandler: Started o.e.j.s.ServletContextHandler@44b21f9f{/static,jar:file:/opt/hadoop/share/ozone/lib/hadoop-ozone-ozone-manager-0.5.0-SNAPSHOT.jar!/webapps/static,AVAILABLE}
datanode_3  | 2019-10-28 19:19:34,953 WARN impl.MetricRegistriesImpl: First MetricRegistry has been created without registering reporters. You may need to call MetricRegistries.global().addReportRegistration(...) before.
s3g_1       | 2019-10-28 19:21:56,582 [qtp1149377174-29] ERROR      - Error in Complete Multipart Upload Request for bucket: bucket-60722, key: multipartKey2
scm_1       | 2019-10-28 19:19:30,623 INFO ipc.Server: IPC Server Responder: starting
datanode_1  | 2019-10-28 19:19:34,435 INFO metrics.MetricRegistries: Loaded MetricRegistries class org.apache.ratis.metrics.impl.MetricRegistriesImpl
datanode_2  | 2019-10-28 19:19:35,659 INFO server.RaftServerConfigKeys: raft.server.log.segment.cache.num.max = 2 (custom)
om_1        | 2019-10-28 19:19:34,605 INFO handler.ContextHandler: Started o.e.j.w.WebAppContext@6fc1020a{/,file:///tmp/jetty-0.0.0.0-9874-ozoneManager-_-any-7275410204464022908.dir/webapp/,AVAILABLE}{/ozoneManager}
datanode_3  | 2019-10-28 19:19:34,957 INFO server.RaftServerConfigKeys: raft.server.log.segment.cache.num.max = 2 (custom)
s3g_1       | ENTITY_TOO_SMALL org.apache.hadoop.ozone.om.exceptions.OMException: Complete Multipart Upload Failed: Entity too small: volume: s37c35ba70126b04fca007e4dbfab9c47cbucket: bucket-60722key: multipartKey2
scm_1       | 2019-10-28 19:19:30,624 INFO ipc.Server: IPC Server listener on 9861: starting
datanode_1  | 2019-10-28 19:19:34,438 WARN impl.MetricRegistriesImpl: First MetricRegistry has been created without registering reporters. You may need to call MetricRegistries.global().addReportRegistration(...) before.
datanode_2  | 2019-10-28 19:19:35,667 INFO segmented.SegmentedRaftLogWorker: new a3572516-8294-406a-a70d-c91f440d068d@group-64ED730B79A8-SegmentedRaftLogWorker for RaftStorage:Storage Directory /data/metadata/ratis/66bef6f3-cb4a-428a-a314-64ed730b79a8
om_1        | 2019-10-28 19:19:34,610 INFO server.AbstractConnector: Started ServerConnector@11f9535b{HTTP/1.1,[http/1.1]}{0.0.0.0:9874}
datanode_3  | 2019-10-28 19:19:34,961 INFO segmented.SegmentedRaftLogWorker: new ee8eb392-f553-4024-b62c-6cc51c9204dd@group-FC718D272800-SegmentedRaftLogWorker for RaftStorage:Storage Directory /data/metadata/ratis/efe4340c-b97c-4187-b1bf-fc718d272800
s3g_1       | 	at org.apache.hadoop.ozone.om.protocolPB.OzoneManagerProtocolClientSideTranslatorPB.handleError(OzoneManagerProtocolClientSideTranslatorPB.java:732)
scm_1       | 2019-10-28 19:19:30,630 INFO http.HttpServer2: Jetty bound to port 9876
datanode_1  | 2019-10-28 19:19:34,444 INFO server.RaftServerConfigKeys: raft.server.log.segment.cache.num.max = 2 (custom)
datanode_2  | 2019-10-28 19:19:35,667 INFO server.RaftServerConfigKeys: raft.server.log.queue.byte-limit = 2147483647 (custom)
om_1        | 2019-10-28 19:19:34,610 INFO server.Server: Started @3415ms
datanode_3  | 2019-10-28 19:19:34,962 INFO server.RaftServerConfigKeys: raft.server.log.queue.byte-limit = 2147483647 (custom)
s3g_1       | 	at org.apache.hadoop.ozone.om.protocolPB.OzoneManagerProtocolClientSideTranslatorPB.completeMultipartUpload(OzoneManagerProtocolClientSideTranslatorPB.java:1104)
scm_1       | 2019-10-28 19:19:30,633 INFO server.Server: jetty-9.3.25.v20180904, build timestamp: 2018-09-04T21:11:46Z, git hash: 3ce520221d0240229c862b122d2b06c12a625732
datanode_1  | 2019-10-28 19:19:34,449 INFO segmented.SegmentedRaftLogWorker: new 626379dc-98d8-4882-92c1-e9588e246f67@group-E8ADDF2856E2-SegmentedRaftLogWorker for RaftStorage:Storage Directory /data/metadata/ratis/ace38cbe-dab7-46a0-b3d6-e8addf2856e2
datanode_2  | 2019-10-28 19:19:35,668 INFO server.RaftServerConfigKeys: raft.server.log.queue.element-limit = 1024 (custom)
om_1        | 2019-10-28 19:19:34,613 INFO impl.MetricsSinkAdapter: Sink prometheus started
datanode_3  | 2019-10-28 19:19:34,962 INFO server.RaftServerConfigKeys: raft.server.log.queue.element-limit = 1024 (custom)
s3g_1       | 	at java.base/jdk.internal.reflect.NativeMethodAccessorImpl.invoke0(Native Method)
scm_1       | 2019-10-28 19:19:30,684 INFO handler.ContextHandler: Started o.e.j.s.ServletContextHandler@78830d9a{/logs,file:///var/log/hadoop/,AVAILABLE}
datanode_1  | 2019-10-28 19:19:34,450 INFO server.RaftServerConfigKeys: raft.server.log.queue.byte-limit = 2147483647 (custom)
datanode_2  | 2019-10-28 19:19:35,670 INFO server.RaftServerConfigKeys: raft.server.log.segment.size.max = 1048576 (custom)
om_1        | 2019-10-28 19:19:34,613 INFO impl.MetricsSystemImpl: Registered sink prometheus
datanode_3  | 2019-10-28 19:19:34,963 INFO server.RaftServerConfigKeys: raft.server.log.segment.size.max = 1048576 (custom)
s3g_1       | 	at java.base/jdk.internal.reflect.NativeMethodAccessorImpl.invoke(NativeMethodAccessorImpl.java:62)
scm_1       | 2019-10-28 19:19:30,685 INFO handler.ContextHandler: Started o.e.j.s.ServletContextHandler@7ad54c55{/static,jar:file:/opt/hadoop/share/ozone/lib/hadoop-hdds-server-scm-0.5.0-SNAPSHOT.jar!/webapps/static,AVAILABLE}
datanode_1  | 2019-10-28 19:19:34,450 INFO server.RaftServerConfigKeys: raft.server.log.queue.element-limit = 1024 (custom)
datanode_2  | 2019-10-28 19:19:35,670 INFO server.RaftServerConfigKeys: raft.server.log.preallocated.size = 16384 (custom)
om_1        | 2019-10-28 19:19:34,615 INFO server.BaseHttpServer: HTTP server of OZONEMANAGER is listening at http://0.0.0.0:9874
s3g_1       | 	at java.base/jdk.internal.reflect.DelegatingMethodAccessorImpl.invoke(DelegatingMethodAccessorImpl.java:43)
scm_1       | 2019-10-28 19:19:30,781 INFO handler.ContextHandler: Started o.e.j.w.WebAppContext@35d5ac51{/,file:///tmp/jetty-0.0.0.0-9876-scm-_-any-4928543485845330920.dir/webapp/,AVAILABLE}{/scm}
datanode_2  | 2019-10-28 19:19:35,671 INFO server.RaftServerConfigKeys: raft.server.log.write.buffer.size = 33554432 (custom)
datanode_1  | 2019-10-28 19:19:34,451 INFO server.RaftServerConfigKeys: raft.server.log.segment.size.max = 1048576 (custom)
datanode_3  | 2019-10-28 19:19:34,963 INFO server.RaftServerConfigKeys: raft.server.log.preallocated.size = 16384 (custom)
om_1        | 2019-10-28 19:19:49,746 [IPC Server handler 3 on 9862] INFO       - created volume:vol-0-26318 for user:hadoop
s3g_1       | 	at java.base/java.lang.reflect.Method.invoke(Method.java:566)
scm_1       | 2019-10-28 19:19:30,786 INFO server.AbstractConnector: Started ServerConnector@5d21202d{HTTP/1.1,[http/1.1]}{0.0.0.0:9876}
datanode_2  | 2019-10-28 19:19:35,672 INFO server.RaftServerConfigKeys: raft.server.log.force.sync.num = 128 (default)
datanode_3  | 2019-10-28 19:19:34,964 INFO server.RaftServerConfigKeys: raft.server.log.write.buffer.size = 33554432 (custom)
om_1        | 2019-10-28 19:19:49,806 [IPC Server handler 2 on 9862] INFO       - created volume:vol-1-76928 for user:hadoop
s3g_1       | 	at org.apache.hadoop.hdds.tracing.TraceAllMethod.invoke(TraceAllMethod.java:66)
datanode_1  | 2019-10-28 19:19:34,452 INFO server.RaftServerConfigKeys: raft.server.log.preallocated.size = 16384 (custom)
scm_1       | 2019-10-28 19:19:30,786 INFO server.Server: Started @3715ms
datanode_2  | 2019-10-28 19:19:35,673 INFO server.RaftServerConfigKeys: raft.server.log.statemachine.data.sync = true (default)
datanode_3  | 2019-10-28 19:19:34,964 INFO server.RaftServerConfigKeys: raft.server.log.force.sync.num = 128 (default)
om_1        | 2019-10-28 19:19:49,830 [IPC Server handler 4 on 9862] INFO       - created volume:vol-2-29394 for user:hadoop
s3g_1       | 	at com.sun.proxy.$Proxy84.completeMultipartUpload(Unknown Source)
datanode_1  | 2019-10-28 19:19:34,452 INFO server.RaftServerConfigKeys: raft.server.log.write.buffer.size = 33554432 (custom)
scm_1       | 2019-10-28 19:19:30,788 INFO impl.MetricsSinkAdapter: Sink prometheus started
datanode_2  | 2019-10-28 19:19:35,673 INFO server.RaftServerConfigKeys: raft.server.log.statemachine.data.sync.timeout = 10s (default)
datanode_3  | 2019-10-28 19:19:34,965 INFO server.RaftServerConfigKeys: raft.server.log.statemachine.data.sync = true (default)
om_1        | 2019-10-28 19:19:49,850 [IPC Server handler 1 on 9862] INFO       - created volume:vol-3-12037 for user:hadoop
datanode_1  | 2019-10-28 19:19:34,452 INFO server.RaftServerConfigKeys: raft.server.log.force.sync.num = 128 (default)
s3g_1       | 	at org.apache.hadoop.ozone.client.rpc.RpcClient.completeMultipartUpload(RpcClient.java:883)
scm_1       | 2019-10-28 19:19:30,789 INFO impl.MetricsSystemImpl: Registered sink prometheus
datanode_3  | 2019-10-28 19:19:34,965 INFO server.RaftServerConfigKeys: raft.server.log.statemachine.data.sync.timeout = 10s (default)
datanode_1  | 2019-10-28 19:19:34,453 INFO server.RaftServerConfigKeys: raft.server.log.statemachine.data.sync = true (default)
om_1        | 2019-10-28 19:19:49,871 [IPC Server handler 8 on 9862] INFO       - created volume:vol-4-22433 for user:hadoop
s3g_1       | 	at org.apache.hadoop.ozone.client.OzoneBucket.completeMultipartUpload(OzoneBucket.java:445)
datanode_2  | 2019-10-28 19:19:35,674 INFO server.RaftServerConfigKeys: raft.server.log.statemachine.data.sync.timeout.retry = -1 (default)
scm_1       | 2019-10-28 19:19:30,790 INFO server.BaseHttpServer: HTTP server of SCM is listening at http://0.0.0.0:9876
datanode_3  | 2019-10-28 19:19:34,965 INFO server.RaftServerConfigKeys: raft.server.log.statemachine.data.sync.timeout.retry = -1 (default)
datanode_1  | 2019-10-28 19:19:34,453 INFO server.RaftServerConfigKeys: raft.server.log.statemachine.data.sync.timeout = 10s (default)
s3g_1       | 	at org.apache.hadoop.ozone.s3.endpoint.ObjectEndpoint.completeMultipartUpload(ObjectEndpoint.java:498)
datanode_2  | 2019-10-28 19:19:35,686 INFO server.RaftServerConfigKeys: raft.server.log.statemachine.data.caching.enabled = true (custom)
scm_1       | 2019-10-28 19:19:30,800 INFO util.JvmPauseMonitor: Starting JVM pause monitor
datanode_3  | 2019-10-28 19:19:34,973 INFO server.RaftServerConfigKeys: raft.server.log.statemachine.data.caching.enabled = true (custom)
datanode_1  | 2019-10-28 19:19:34,454 INFO server.RaftServerConfigKeys: raft.server.log.statemachine.data.sync.timeout.retry = -1 (default)
s3g_1       | 	at java.base/jdk.internal.reflect.NativeMethodAccessorImpl.invoke0(Native Method)
om_1        | 2019-10-28 19:21:27,576 [IPC Server handler 13 on 9862] ERROR      - S3Bucket Creation Failed for userName: 7c35ba70126b04fca007e4dbfab9c47c, s3BucketName bucket-72991, VolumeName s37c35ba70126b04fca007e4dbfab9c47c
scm_1       | 2019-10-28 19:19:33,409 INFO net.NetworkTopology: Added a new node: /default-rack/626379dc-98d8-4882-92c1-e9588e246f67
datanode_2  | 2019-10-28 19:19:35,692 INFO segmented.SegmentedRaftLogWorker: a3572516-8294-406a-a70d-c91f440d068d@group-64ED730B79A8-SegmentedRaftLogWorker: flushIndex: setUnconditionally 0 -> -1
datanode_3  | 2019-10-28 19:19:34,976 INFO segmented.SegmentedRaftLogWorker: ee8eb392-f553-4024-b62c-6cc51c9204dd@group-FC718D272800-SegmentedRaftLogWorker: flushIndex: setUnconditionally 0 -> -1
datanode_1  | 2019-10-28 19:19:34,462 INFO server.RaftServerConfigKeys: raft.server.log.statemachine.data.caching.enabled = true (custom)
s3g_1       | 	at java.base/jdk.internal.reflect.NativeMethodAccessorImpl.invoke(NativeMethodAccessorImpl.java:62)
om_1        | 2019-10-28 19:21:56,576 [IPC Server handler 6 on 9862] ERROR      - MultipartUpload: /s37c35ba70126b04fca007e4dbfab9c47c/bucket-60722/multipartKey2Part number: 1size 6 is less than minimum part size 5242880
datanode_2  | 2019-10-28 19:19:35,698 INFO server.RaftServerConfigKeys: raft.server.snapshot.auto.trigger.enabled = true (custom)
datanode_1  | 2019-10-28 19:19:34,467 INFO segmented.SegmentedRaftLogWorker: 626379dc-98d8-4882-92c1-e9588e246f67@group-E8ADDF2856E2-SegmentedRaftLogWorker: flushIndex: setUnconditionally 0 -> -1
datanode_3  | 2019-10-28 19:19:34,980 INFO server.RaftServerConfigKeys: raft.server.snapshot.auto.trigger.enabled = true (custom)
scm_1       | 2019-10-28 19:19:33,409 INFO node.SCMNodeManager: Registered Data node : 626379dc-98d8-4882-92c1-e9588e246f67{ip: 172.18.0.3, host: ozones3_datanode_1.ozones3_default, networkLocation: /default-rack, certSerialId: null}
s3g_1       | 	at java.base/jdk.internal.reflect.DelegatingMethodAccessorImpl.invoke(DelegatingMethodAccessorImpl.java:43)
om_1        | 2019-10-28 19:21:56,579 [IPC Server handler 6 on 9862] ERROR      - MultipartUpload Complete request failed for Key: multipartKey2 in Volume/Bucket s37c35ba70126b04fca007e4dbfab9c47c/bucket-60722
datanode_2  | 2019-10-28 19:19:35,700 INFO server.RaftServerConfigKeys: raft.server.snapshot.auto.trigger.threshold = 10000 (custom)
datanode_1  | 2019-10-28 19:19:34,471 INFO server.RaftServerConfigKeys: raft.server.snapshot.auto.trigger.enabled = true (custom)
datanode_3  | 2019-10-28 19:19:34,980 INFO server.RaftServerConfigKeys: raft.server.snapshot.auto.trigger.threshold = 10000 (custom)
s3g_1       | 	at java.base/java.lang.reflect.Method.invoke(Method.java:566)
scm_1       | 2019-10-28 19:19:33,414 INFO safemode.SCMSafeModeManager: SCM in safe mode. 1 DataNodes registered, 1 required.
om_1        | ENTITY_TOO_SMALL org.apache.hadoop.ozone.om.exceptions.OMException: Complete Multipart Upload Failed: Entity too small: volume: s37c35ba70126b04fca007e4dbfab9c47cbucket: bucket-60722key: multipartKey2
datanode_2  | 2019-10-28 19:19:35,700 INFO server.RaftServerConfigKeys: raft.server.snapshot.retention.file.num = 5 (custom)
datanode_1  | 2019-10-28 19:19:34,472 INFO server.RaftServerConfigKeys: raft.server.snapshot.auto.trigger.threshold = 10000 (custom)
datanode_3  | 2019-10-28 19:19:34,981 INFO server.RaftServerConfigKeys: raft.server.snapshot.retention.file.num = 5 (custom)
s3g_1       | 	at org.glassfish.jersey.server.model.internal.ResourceMethodInvocationHandlerFactory.lambda$static$0(ResourceMethodInvocationHandlerFactory.java:76)
scm_1       | 2019-10-28 19:19:33,414 INFO safemode.SCMSafeModeManager: ScmSafeModeManager, all rules are successfully validated
om_1        | 	at org.apache.hadoop.ozone.om.request.s3.multipart.S3MultipartUploadCompleteRequest.validateAndUpdateCache(S3MultipartUploadCompleteRequest.java:209)
datanode_2  | 2019-10-28 19:19:35,701 INFO server.RaftServerConfigKeys: raft.server.retrycache.expirytime = 600000ms (custom)
datanode_1  | 2019-10-28 19:19:34,472 INFO server.RaftServerConfigKeys: raft.server.snapshot.retention.file.num = 5 (custom)
datanode_3  | 2019-10-28 19:19:34,981 INFO server.RaftServerConfigKeys: raft.server.retrycache.expirytime = 600000ms (custom)
s3g_1       | 	at org.glassfish.jersey.server.model.internal.AbstractJavaResourceMethodDispatcher$1.run(AbstractJavaResourceMethodDispatcher.java:148)
scm_1       | 2019-10-28 19:19:33,414 INFO safemode.SCMSafeModeManager: SCM exiting safe mode.
om_1        | 	at org.apache.hadoop.ozone.protocolPB.OzoneManagerProtocolServerSideTranslatorPB.submitRequestDirectlyToOM(OzoneManagerProtocolServerSideTranslatorPB.java:217)
datanode_2  | 2019-10-28 19:19:35,726 WARN impl.MetricRegistriesImpl: First MetricRegistry has been created without registering reporters. You may need to call MetricRegistries.global().addReportRegistration(...) before.
s3g_1       | 	at org.glassfish.jersey.server.model.internal.AbstractJavaResourceMethodDispatcher.invoke(AbstractJavaResourceMethodDispatcher.java:191)
om_1        | 	at org.apache.hadoop.ozone.protocolPB.OzoneManagerProtocolServerSideTranslatorPB.processRequest(OzoneManagerProtocolServerSideTranslatorPB.java:132)
scm_1       | WARNING: An illegal reflective access operation has occurred
datanode_1  | 2019-10-28 19:19:34,472 INFO server.RaftServerConfigKeys: raft.server.retrycache.expirytime = 600000ms (custom)
datanode_2  | 2019-10-28 19:19:35,729 WARN impl.MetricRegistriesImpl: First MetricRegistry has been created without registering reporters. You may need to call MetricRegistries.global().addReportRegistration(...) before.
datanode_3  | 2019-10-28 19:19:35,001 WARN impl.MetricRegistriesImpl: First MetricRegistry has been created without registering reporters. You may need to call MetricRegistries.global().addReportRegistration(...) before.
s3g_1       | 	at org.glassfish.jersey.server.model.internal.JavaResourceMethodDispatcherProvider$ResponseOutInvoker.doDispatch(JavaResourceMethodDispatcherProvider.java:200)
om_1        | 	at org.apache.hadoop.hdds.server.OzoneProtocolMessageDispatcher.processRequest(OzoneProtocolMessageDispatcher.java:72)
scm_1       | WARNING: Illegal reflective access by org.apache.ratis.thirdparty.com.google.protobuf.UnsafeUtil (file:/opt/hadoop/share/ozone/lib/ratis-thirdparty-misc-0.2.0.jar) to field java.nio.Buffer.address
datanode_1  | 2019-10-28 19:19:34,487 WARN impl.MetricRegistriesImpl: First MetricRegistry has been created without registering reporters. You may need to call MetricRegistries.global().addReportRegistration(...) before.
datanode_2  | 2019-10-28 19:19:35,731 INFO impl.RaftServerImpl: a3572516-8294-406a-a70d-c91f440d068d@group-64ED730B79A8: start as a follower, conf=-1: [a3572516-8294-406a-a70d-c91f440d068d:172.18.0.5:9858], old=null
datanode_3  | 2019-10-28 19:19:35,003 WARN impl.MetricRegistriesImpl: First MetricRegistry has been created without registering reporters. You may need to call MetricRegistries.global().addReportRegistration(...) before.
s3g_1       | 	at org.glassfish.jersey.server.model.internal.AbstractJavaResourceMethodDispatcher.dispatch(AbstractJavaResourceMethodDispatcher.java:103)
om_1        | 	at org.apache.hadoop.ozone.protocolPB.OzoneManagerProtocolServerSideTranslatorPB.submitRequest(OzoneManagerProtocolServerSideTranslatorPB.java:100)
scm_1       | WARNING: Please consider reporting this to the maintainers of org.apache.ratis.thirdparty.com.google.protobuf.UnsafeUtil
datanode_1  | 2019-10-28 19:19:34,488 WARN impl.MetricRegistriesImpl: First MetricRegistry has been created without registering reporters. You may need to call MetricRegistries.global().addReportRegistration(...) before.
datanode_2  | 2019-10-28 19:19:35,732 INFO impl.RaftServerImpl: a3572516-8294-406a-a70d-c91f440d068d@group-64ED730B79A8: changes role from      null to FOLLOWER at term 0 for startAsFollower
datanode_3  | 2019-10-28 19:19:35,004 INFO impl.RaftServerImpl: ee8eb392-f553-4024-b62c-6cc51c9204dd@group-FC718D272800: start as a follower, conf=-1: [ee8eb392-f553-4024-b62c-6cc51c9204dd:172.18.0.4:9858], old=null
s3g_1       | 	at org.glassfish.jersey.server.model.ResourceMethodInvoker.invoke(ResourceMethodInvoker.java:493)
om_1        | 	at org.apache.hadoop.ozone.protocol.proto.OzoneManagerProtocolProtos$OzoneManagerService$2.callBlockingMethod(OzoneManagerProtocolProtos.java)
scm_1       | WARNING: Use --illegal-access=warn to enable warnings of further illegal reflective access operations
datanode_1  | 2019-10-28 19:19:34,490 INFO impl.RaftServerImpl: 626379dc-98d8-4882-92c1-e9588e246f67@group-E8ADDF2856E2: start as a follower, conf=-1: [626379dc-98d8-4882-92c1-e9588e246f67:172.18.0.3:9858], old=null
datanode_2  | 2019-10-28 19:19:35,733 INFO impl.RoleInfo: a3572516-8294-406a-a70d-c91f440d068d: start FollowerState
datanode_3  | 2019-10-28 19:19:35,005 INFO impl.RaftServerImpl: ee8eb392-f553-4024-b62c-6cc51c9204dd@group-FC718D272800: changes role from      null to FOLLOWER at term 0 for startAsFollower
s3g_1       | 	at org.glassfish.jersey.server.model.ResourceMethodInvoker.apply(ResourceMethodInvoker.java:415)
om_1        | 	at org.apache.hadoop.ipc.ProtobufRpcEngine$Server$ProtoBufRpcInvoker.call(ProtobufRpcEngine.java:524)
scm_1       | WARNING: All illegal access operations will be denied in a future release
datanode_1  | 2019-10-28 19:19:34,491 INFO impl.RaftServerImpl: 626379dc-98d8-4882-92c1-e9588e246f67@group-E8ADDF2856E2: changes role from      null to FOLLOWER at term 0 for startAsFollower
datanode_2  | 2019-10-28 19:19:35,740 INFO util.JmxRegister: Successfully registered JMX Bean with object name Ratis:service=RaftServer,group=group-64ED730B79A8,id=a3572516-8294-406a-a70d-c91f440d068d
datanode_3  | 2019-10-28 19:19:35,006 INFO impl.RoleInfo: ee8eb392-f553-4024-b62c-6cc51c9204dd: start FollowerState
s3g_1       | 	at org.glassfish.jersey.server.model.ResourceMethodInvoker.apply(ResourceMethodInvoker.java:104)
scm_1       | 2019-10-28 19:19:34,526 INFO net.NetworkTopology: Added a new node: /default-rack/ee8eb392-f553-4024-b62c-6cc51c9204dd
om_1        | 	at org.apache.hadoop.ipc.RPC$Server.call(RPC.java:1025)
datanode_1  | 2019-10-28 19:19:34,492 INFO impl.RoleInfo: 626379dc-98d8-4882-92c1-e9588e246f67: start FollowerState
datanode_2  | 2019-10-28 19:19:35,742 WARN impl.MetricRegistriesImpl: First MetricRegistry has been created without registering reporters. You may need to call MetricRegistries.global().addReportRegistration(...) before.
datanode_3  | 2019-10-28 19:19:35,011 INFO util.JmxRegister: Successfully registered JMX Bean with object name Ratis:service=RaftServer,group=group-FC718D272800,id=ee8eb392-f553-4024-b62c-6cc51c9204dd
s3g_1       | 	at org.glassfish.jersey.server.ServerRuntime$1.run(ServerRuntime.java:277)
scm_1       | 2019-10-28 19:19:34,526 INFO node.SCMNodeManager: Registered Data node : ee8eb392-f553-4024-b62c-6cc51c9204dd{ip: 172.18.0.4, host: ozones3_datanode_3.ozones3_default, networkLocation: /default-rack, certSerialId: null}
om_1        | 	at org.apache.hadoop.ipc.Server$RpcCall.run(Server.java:876)
datanode_1  | 2019-10-28 19:19:34,497 INFO util.JmxRegister: Successfully registered JMX Bean with object name Ratis:service=RaftServer,group=group-E8ADDF2856E2,id=626379dc-98d8-4882-92c1-e9588e246f67
datanode_2  | 2019-10-28 19:19:35,872 INFO impl.RaftServerProxy: a3572516-8294-406a-a70d-c91f440d068d: addNew group-56836B9C2C7D:[626379dc-98d8-4882-92c1-e9588e246f67:172.18.0.3:9858, a3572516-8294-406a-a70d-c91f440d068d:172.18.0.5:9858, ee8eb392-f553-4024-b62c-6cc51c9204dd:172.18.0.4:9858] returns group-56836B9C2C7D:java.util.concurrent.CompletableFuture@42b111a5[Not completed]
datanode_3  | 2019-10-28 19:19:35,012 WARN impl.MetricRegistriesImpl: First MetricRegistry has been created without registering reporters. You may need to call MetricRegistries.global().addReportRegistration(...) before.
s3g_1       | 	at org.glassfish.jersey.internal.Errors$1.call(Errors.java:272)
scm_1       | 2019-10-28 19:19:34,576 INFO pipeline.PipelineStateManager: Created pipeline Pipeline[ Id: ace38cbe-dab7-46a0-b3d6-e8addf2856e2, Nodes: 626379dc-98d8-4882-92c1-e9588e246f67{ip: 172.18.0.3, host: ozones3_datanode_1.ozones3_default, networkLocation: /default-rack, certSerialId: null}, Type:RATIS, Factor:ONE, State:OPEN]
om_1        | 	at org.apache.hadoop.ipc.Server$RpcCall.run(Server.java:822)
datanode_1  | 2019-10-28 19:19:34,498 WARN impl.MetricRegistriesImpl: First MetricRegistry has been created without registering reporters. You may need to call MetricRegistries.global().addReportRegistration(...) before.
datanode_2  | 2019-10-28 19:19:35,876 INFO impl.RaftServerImpl: a3572516-8294-406a-a70d-c91f440d068d: new RaftServerImpl for group-56836B9C2C7D:[626379dc-98d8-4882-92c1-e9588e246f67:172.18.0.3:9858, a3572516-8294-406a-a70d-c91f440d068d:172.18.0.5:9858, ee8eb392-f553-4024-b62c-6cc51c9204dd:172.18.0.4:9858] with ContainerStateMachine:uninitialized
datanode_3  | 2019-10-28 19:19:35,890 INFO impl.RaftServerProxy: ee8eb392-f553-4024-b62c-6cc51c9204dd: addNew group-56836B9C2C7D:[626379dc-98d8-4882-92c1-e9588e246f67:172.18.0.3:9858, a3572516-8294-406a-a70d-c91f440d068d:172.18.0.5:9858, ee8eb392-f553-4024-b62c-6cc51c9204dd:172.18.0.4:9858] returns group-56836B9C2C7D:java.util.concurrent.CompletableFuture@5093009a[Not completed]
s3g_1       | 	at org.glassfish.jersey.internal.Errors$1.call(Errors.java:268)
scm_1       | 2019-10-28 19:19:34,585 INFO net.NetworkTopology: Added a new node: /default-rack/a3572516-8294-406a-a70d-c91f440d068d
om_1        | 	at java.base/java.security.AccessController.doPrivileged(Native Method)
datanode_1  | 2019-10-28 19:19:35,908 INFO impl.RaftServerProxy: 626379dc-98d8-4882-92c1-e9588e246f67: addNew group-56836B9C2C7D:[626379dc-98d8-4882-92c1-e9588e246f67:172.18.0.3:9858, a3572516-8294-406a-a70d-c91f440d068d:172.18.0.5:9858, ee8eb392-f553-4024-b62c-6cc51c9204dd:172.18.0.4:9858] returns group-56836B9C2C7D:java.util.concurrent.CompletableFuture@4995219b[Not completed]
datanode_2  | 2019-10-28 19:19:35,876 INFO server.RaftServerConfigKeys: raft.server.rpc.timeout.min = 5s (custom)
datanode_3  | 2019-10-28 19:19:35,894 INFO impl.RaftServerImpl: ee8eb392-f553-4024-b62c-6cc51c9204dd: new RaftServerImpl for group-56836B9C2C7D:[626379dc-98d8-4882-92c1-e9588e246f67:172.18.0.3:9858, a3572516-8294-406a-a70d-c91f440d068d:172.18.0.5:9858, ee8eb392-f553-4024-b62c-6cc51c9204dd:172.18.0.4:9858] with ContainerStateMachine:uninitialized
s3g_1       | 	at org.glassfish.jersey.internal.Errors.process(Errors.java:316)
scm_1       | 2019-10-28 19:19:34,585 INFO node.SCMNodeManager: Registered Data node : a3572516-8294-406a-a70d-c91f440d068d{ip: 172.18.0.5, host: ozones3_datanode_2.ozones3_default, networkLocation: /default-rack, certSerialId: null}
om_1        | 	at java.base/javax.security.auth.Subject.doAs(Subject.java:423)
datanode_1  | 2019-10-28 19:19:35,912 INFO impl.RaftServerImpl: 626379dc-98d8-4882-92c1-e9588e246f67: new RaftServerImpl for group-56836B9C2C7D:[626379dc-98d8-4882-92c1-e9588e246f67:172.18.0.3:9858, a3572516-8294-406a-a70d-c91f440d068d:172.18.0.5:9858, ee8eb392-f553-4024-b62c-6cc51c9204dd:172.18.0.4:9858] with ContainerStateMachine:uninitialized
datanode_2  | 2019-10-28 19:19:35,876 INFO server.RaftServerConfigKeys: raft.server.rpc.timeout.max = 5200ms (custom)
datanode_3  | 2019-10-28 19:19:35,894 INFO server.RaftServerConfigKeys: raft.server.rpc.timeout.min = 5s (custom)
s3g_1       | 	at org.glassfish.jersey.internal.Errors.process(Errors.java:298)
scm_1       | 2019-10-28 19:19:35,074 INFO pipeline.PipelineStateManager: Created pipeline Pipeline[ Id: efe4340c-b97c-4187-b1bf-fc718d272800, Nodes: ee8eb392-f553-4024-b62c-6cc51c9204dd{ip: 172.18.0.4, host: ozones3_datanode_3.ozones3_default, networkLocation: /default-rack, certSerialId: null}, Type:RATIS, Factor:ONE, State:OPEN]
om_1        | 	at org.apache.hadoop.security.UserGroupInformation.doAs(UserGroupInformation.java:1730)
datanode_1  | 2019-10-28 19:19:35,912 INFO server.RaftServerConfigKeys: raft.server.rpc.timeout.min = 5s (custom)
datanode_3  | 2019-10-28 19:19:35,894 INFO server.RaftServerConfigKeys: raft.server.rpc.timeout.max = 5200ms (custom)
datanode_2  | 2019-10-28 19:19:35,877 INFO server.RaftServerConfigKeys: raft.server.rpcslowness.timeout = 120s (custom)
s3g_1       | 	at org.glassfish.jersey.internal.Errors.process(Errors.java:268)
scm_1       | 2019-10-28 19:19:35,819 INFO pipeline.PipelineStateManager: Created pipeline Pipeline[ Id: 66bef6f3-cb4a-428a-a314-64ed730b79a8, Nodes: a3572516-8294-406a-a70d-c91f440d068d{ip: 172.18.0.5, host: ozones3_datanode_2.ozones3_default, networkLocation: /default-rack, certSerialId: null}, Type:RATIS, Factor:ONE, State:OPEN]
om_1        | 	at org.apache.hadoop.ipc.Server$Handler.run(Server.java:2682)
datanode_1  | 2019-10-28 19:19:35,912 INFO server.RaftServerConfigKeys: raft.server.rpc.timeout.max = 5200ms (custom)
datanode_3  | 2019-10-28 19:19:35,894 INFO server.RaftServerConfigKeys: raft.server.rpcslowness.timeout = 120s (custom)
datanode_2  | 2019-10-28 19:19:35,877 INFO server.RaftServerConfigKeys: raft.server.sleep.deviation.threshold = 300 (default)
s3g_1       | 	at org.glassfish.jersey.process.internal.RequestScope.runInScope(RequestScope.java:289)
scm_1       | 2019-10-28 19:19:36,521 INFO pipeline.PipelineStateManager: Created pipeline Pipeline[ Id: 462c78c3-a26d-4f01-8721-56836b9c2c7d, Nodes: ee8eb392-f553-4024-b62c-6cc51c9204dd{ip: 172.18.0.4, host: ozones3_datanode_3.ozones3_default, networkLocation: /default-rack, certSerialId: null}a3572516-8294-406a-a70d-c91f440d068d{ip: 172.18.0.5, host: ozones3_datanode_2.ozones3_default, networkLocation: /default-rack, certSerialId: null}626379dc-98d8-4882-92c1-e9588e246f67{ip: 172.18.0.3, host: ozones3_datanode_1.ozones3_default, networkLocation: /default-rack, certSerialId: null}, Type:RATIS, Factor:THREE, State:OPEN]
om_1        | 2019-10-28 19:22:02,373 [IPC Server handler 6 on 9862] ERROR      - MultipartUpload Complete request failed for Key: multipartKey3 in Volume/Bucket s37c35ba70126b04fca007e4dbfab9c47c/bucket-60722
datanode_1  | 2019-10-28 19:19:35,912 INFO server.RaftServerConfigKeys: raft.server.rpcslowness.timeout = 120s (custom)
datanode_3  | 2019-10-28 19:19:35,895 INFO server.RaftServerConfigKeys: raft.server.sleep.deviation.threshold = 300 (default)
datanode_2  | 2019-10-28 19:19:35,877 INFO server.RaftServerConfigKeys: raft.server.log.appender.install.snapshot.enabled = false (custom)
s3g_1       | 	at org.glassfish.jersey.server.ServerRuntime.process(ServerRuntime.java:256)
scm_1       | 2019-10-28 19:22:34,360 INFO server.SCMBlockProtocolServer: SCM is informed by OM to delete 4 blocks
om_1        | MISMATCH_MULTIPART_LIST org.apache.hadoop.ozone.om.exceptions.OMException: Complete Multipart Upload Failed: volume: s37c35ba70126b04fca007e4dbfab9c47cbucket: bucket-60722key: multipartKey3
datanode_1  | 2019-10-28 19:19:35,912 INFO server.RaftServerConfigKeys: raft.server.sleep.deviation.threshold = 300 (default)
datanode_3  | 2019-10-28 19:19:35,895 INFO server.RaftServerConfigKeys: raft.server.log.appender.install.snapshot.enabled = false (custom)
datanode_2  | 2019-10-28 19:19:35,877 INFO impl.RaftServerImpl: a3572516-8294-406a-a70d-c91f440d068d@group-56836B9C2C7D: ConfigurationManager, init=-1: [626379dc-98d8-4882-92c1-e9588e246f67:172.18.0.3:9858, a3572516-8294-406a-a70d-c91f440d068d:172.18.0.5:9858, ee8eb392-f553-4024-b62c-6cc51c9204dd:172.18.0.4:9858], old=null, confs=<EMPTY_MAP>
s3g_1       | 	at org.glassfish.jersey.server.ApplicationHandler.handle(ApplicationHandler.java:703)
scm_1       | 2019-10-28 19:22:34,361 INFO block.BlockManagerImpl: Deleting blocks conID: 1 locID: 103041633129332874 bcsId: 0,conID: 2 locID: 103041633130381451 bcsId: 0,conID: 3 locID: 103041633128677513 bcsId: 0
om_1        | 	at org.apache.hadoop.ozone.om.request.s3.multipart.S3MultipartUploadCompleteRequest.validateAndUpdateCache(S3MultipartUploadCompleteRequest.java:195)
datanode_1  | 2019-10-28 19:19:35,913 INFO server.RaftServerConfigKeys: raft.server.log.appender.install.snapshot.enabled = false (custom)
datanode_3  | 2019-10-28 19:19:35,895 INFO impl.RaftServerImpl: ee8eb392-f553-4024-b62c-6cc51c9204dd@group-56836B9C2C7D: ConfigurationManager, init=-1: [626379dc-98d8-4882-92c1-e9588e246f67:172.18.0.3:9858, a3572516-8294-406a-a70d-c91f440d068d:172.18.0.5:9858, ee8eb392-f553-4024-b62c-6cc51c9204dd:172.18.0.4:9858], old=null, confs=<EMPTY_MAP>
datanode_2  | 2019-10-28 19:19:35,877 INFO server.RaftServerConfigKeys: raft.server.storage.dir = [/data/metadata/ratis] (custom)
scm_1       | 2019-10-28 19:22:34,373 INFO block.BlockManagerImpl: Deleting blocks conID: 2 locID: 103041630361813119 bcsId: 0
om_1        | 	at org.apache.hadoop.ozone.protocolPB.OzoneManagerProtocolServerSideTranslatorPB.submitRequestDirectlyToOM(OzoneManagerProtocolServerSideTranslatorPB.java:217)
datanode_3  | 2019-10-28 19:19:35,895 INFO server.RaftServerConfigKeys: raft.server.storage.dir = [/data/metadata/ratis] (custom)
datanode_1  | 2019-10-28 19:19:35,913 INFO impl.RaftServerImpl: 626379dc-98d8-4882-92c1-e9588e246f67@group-56836B9C2C7D: ConfigurationManager, init=-1: [626379dc-98d8-4882-92c1-e9588e246f67:172.18.0.3:9858, a3572516-8294-406a-a70d-c91f440d068d:172.18.0.5:9858, ee8eb392-f553-4024-b62c-6cc51c9204dd:172.18.0.4:9858], old=null, confs=<EMPTY_MAP>
s3g_1       | 	at org.glassfish.jersey.servlet.WebComponent.serviceImpl(WebComponent.java:416)
datanode_2  | 2019-10-28 19:19:35,878 INFO server.RaftServerConfigKeys: raft.server.log.corruption.policy = EXCEPTION (default)
scm_1       | 2019-10-28 19:22:34,373 INFO block.BlockManagerImpl: Deleting blocks conID: 1 locID: 103041632636567687 bcsId: 0
om_1        | 	at org.apache.hadoop.ozone.protocolPB.OzoneManagerProtocolServerSideTranslatorPB.processRequest(OzoneManagerProtocolServerSideTranslatorPB.java:132)
datanode_1  | 2019-10-28 19:19:35,913 INFO server.RaftServerConfigKeys: raft.server.storage.dir = [/data/metadata/ratis] (custom)
datanode_3  | 2019-10-28 19:19:35,896 INFO server.RaftServerConfigKeys: raft.server.log.corruption.policy = EXCEPTION (default)
s3g_1       | 	at org.glassfish.jersey.servlet.WebComponent.service(WebComponent.java:370)
datanode_2  | 2019-10-28 19:19:35,878 INFO storage.RaftStorageDirectory: The storage directory /data/metadata/ratis/462c78c3-a26d-4f01-8721-56836b9c2c7d does not exist. Creating ...
scm_1       | 2019-10-28 19:22:34,373 INFO block.BlockManagerImpl: Deleting blocks conID: 2 locID: 103041632694501512 bcsId: 0
om_1        | 	at org.apache.hadoop.hdds.server.OzoneProtocolMessageDispatcher.processRequest(OzoneProtocolMessageDispatcher.java:72)
datanode_1  | 2019-10-28 19:19:35,913 INFO server.RaftServerConfigKeys: raft.server.log.corruption.policy = EXCEPTION (default)
datanode_3  | 2019-10-28 19:19:35,896 INFO storage.RaftStorageDirectory: The storage directory /data/metadata/ratis/462c78c3-a26d-4f01-8721-56836b9c2c7d does not exist. Creating ...
s3g_1       | 	at org.glassfish.jersey.servlet.ServletContainer.service(ServletContainer.java:389)
datanode_2  | 2019-10-28 19:19:36,451 INFO storage.RaftStorageDirectory: Lock on /data/metadata/ratis/462c78c3-a26d-4f01-8721-56836b9c2c7d/in_use.lock acquired by nodename 7@9fc34eea88cf
scm_1       | 2019-10-28 19:23:34,407 INFO server.SCMBlockProtocolServer: SCM is informed by OM to delete 2 blocks
datanode_1  | 2019-10-28 19:19:35,913 INFO storage.RaftStorageDirectory: The storage directory /data/metadata/ratis/462c78c3-a26d-4f01-8721-56836b9c2c7d does not exist. Creating ...
datanode_3  | 2019-10-28 19:19:36,467 INFO storage.RaftStorageDirectory: Lock on /data/metadata/ratis/462c78c3-a26d-4f01-8721-56836b9c2c7d/in_use.lock acquired by nodename 7@7d71502b1234
s3g_1       | 	at org.glassfish.jersey.servlet.ServletContainer.service(ServletContainer.java:342)
om_1        | 	at org.apache.hadoop.ozone.protocolPB.OzoneManagerProtocolServerSideTranslatorPB.submitRequest(OzoneManagerProtocolServerSideTranslatorPB.java:100)
datanode_2  | 2019-10-28 19:19:36,492 INFO storage.RaftStorage: Storage directory /data/metadata/ratis/462c78c3-a26d-4f01-8721-56836b9c2c7d has been successfully formatted.
scm_1       | 2019-10-28 19:23:34,407 INFO block.BlockManagerImpl: Deleting blocks conID: 2 locID: 103041636435361940 bcsId: 0
datanode_1  | 2019-10-28 19:19:36,467 INFO storage.RaftStorageDirectory: Lock on /data/metadata/ratis/462c78c3-a26d-4f01-8721-56836b9c2c7d/in_use.lock acquired by nodename 7@2ec2cc1dbd06
datanode_3  | 2019-10-28 19:19:36,494 INFO storage.RaftStorage: Storage directory /data/metadata/ratis/462c78c3-a26d-4f01-8721-56836b9c2c7d has been successfully formatted.
s3g_1       | 	at org.glassfish.jersey.servlet.ServletContainer.service(ServletContainer.java:229)
om_1        | 	at org.apache.hadoop.ozone.protocol.proto.OzoneManagerProtocolProtos$OzoneManagerService$2.callBlockingMethod(OzoneManagerProtocolProtos.java)
scm_1       | 2019-10-28 19:23:34,408 INFO block.BlockManagerImpl: Deleting blocks conID: 3 locID: 103041637117198485 bcsId: 0
datanode_3  | 2019-10-28 19:19:36,495 [pool-8-thread-1] INFO       - group-56836B9C2C7D: The snapshot info is null. Setting the last applied indexto:(t:0, i:~)
s3g_1       | 	at org.eclipse.jetty.servlet.ServletHolder.handle(ServletHolder.java:840)
datanode_2  | 2019-10-28 19:19:36,492 [pool-8-thread-1] INFO       - group-56836B9C2C7D: The snapshot info is null. Setting the last applied indexto:(t:0, i:~)
om_1        | 	at org.apache.hadoop.ipc.ProtobufRpcEngine$Server$ProtoBufRpcInvoker.call(ProtobufRpcEngine.java:524)
datanode_1  | 2019-10-28 19:19:36,494 INFO storage.RaftStorage: Storage directory /data/metadata/ratis/462c78c3-a26d-4f01-8721-56836b9c2c7d has been successfully formatted.
scm_1       | 2019-10-28 19:24:33,423 INFO container.ReplicationManager: Starting Replication Monitor Thread.
datanode_3  | 2019-10-28 19:19:36,495 INFO server.RaftServerConfigKeys: raft.server.notification.no-leader.timeout = 120s (custom)
datanode_2  | 2019-10-28 19:19:36,493 INFO server.RaftServerConfigKeys: raft.server.notification.no-leader.timeout = 120s (custom)
om_1        | 	at org.apache.hadoop.ipc.RPC$Server.call(RPC.java:1025)
datanode_1  | 2019-10-28 19:19:36,495 [pool-8-thread-1] INFO       - group-56836B9C2C7D: The snapshot info is null. Setting the last applied indexto:(t:0, i:~)
scm_1       | 2019-10-28 19:24:33,434 INFO container.ReplicationManager: Replication Monitor Thread took 7 milliseconds for processing 3 containers.
s3g_1       | 	at org.eclipse.jetty.servlet.ServletHandler$CachedChain.doFilter(ServletHandler.java:1780)
datanode_3  | 2019-10-28 19:19:36,495 INFO server.RaftServerConfigKeys: raft.server.log.use.memory = false (default)
datanode_2  | 2019-10-28 19:19:36,493 INFO server.RaftServerConfigKeys: raft.server.log.use.memory = false (default)
om_1        | 	at org.apache.hadoop.ipc.Server$RpcCall.run(Server.java:876)
datanode_1  | 2019-10-28 19:19:36,495 INFO server.RaftServerConfigKeys: raft.server.notification.no-leader.timeout = 120s (custom)
scm_1       | 2019-10-28 19:24:34,431 INFO server.SCMBlockProtocolServer: SCM is informed by OM to delete 3 blocks
datanode_3  | 2019-10-28 19:19:36,496 INFO server.RaftServerConfigKeys: raft.server.log.purge.gap = 1000000 (custom)
datanode_2  | 2019-10-28 19:19:36,493 INFO server.RaftServerConfigKeys: raft.server.log.purge.gap = 1000000 (custom)
s3g_1       | 	at org.apache.hadoop.http.HttpServer2$QuotingInputFilter.doFilter(HttpServer2.java:1609)
om_1        | 	at org.apache.hadoop.ipc.Server$RpcCall.run(Server.java:822)
datanode_1  | 2019-10-28 19:19:36,496 INFO server.RaftServerConfigKeys: raft.server.log.use.memory = false (default)
datanode_3  | 2019-10-28 19:19:36,496 INFO server.RaftServerConfigKeys: raft.server.log.appender.buffer.byte-limit = 33554432 (custom)
scm_1       | 2019-10-28 19:24:34,431 INFO block.BlockManagerImpl: Deleting blocks conID: 2 locID: 103041638227574935 bcsId: 0
datanode_2  | 2019-10-28 19:19:36,493 INFO server.RaftServerConfigKeys: raft.server.log.appender.buffer.byte-limit = 33554432 (custom)
s3g_1       | 	at org.eclipse.jetty.servlet.ServletHandler$CachedChain.doFilter(ServletHandler.java:1767)
om_1        | 	at java.base/java.security.AccessController.doPrivileged(Native Method)
datanode_1  | 2019-10-28 19:19:36,496 INFO server.RaftServerConfigKeys: raft.server.log.purge.gap = 1000000 (custom)
datanode_3  | 2019-10-28 19:19:36,496 INFO server.RaftServerConfigKeys: raft.server.log.segment.size.max = 1048576 (custom)
scm_1       | 2019-10-28 19:24:34,432 INFO block.BlockManagerImpl: Deleting blocks conID: 3 locID: 103041638283608216 bcsId: 0
datanode_2  | 2019-10-28 19:19:36,494 INFO server.RaftServerConfigKeys: raft.server.log.segment.size.max = 1048576 (custom)
s3g_1       | 	at org.apache.hadoop.http.NoCacheFilter.doFilter(NoCacheFilter.java:45)
om_1        | 	at java.base/javax.security.auth.Subject.doAs(Subject.java:423)
datanode_3  | 2019-10-28 19:19:36,497 INFO server.RaftServerConfigKeys: raft.server.log.segment.cache.num.max = 2 (custom)
datanode_1  | 2019-10-28 19:19:36,496 INFO server.RaftServerConfigKeys: raft.server.log.appender.buffer.byte-limit = 33554432 (custom)
scm_1       | 2019-10-28 19:24:34,432 INFO block.BlockManagerImpl: Deleting blocks conID: 1 locID: 103041637534793878 bcsId: 0
datanode_2  | 2019-10-28 19:19:36,494 INFO server.RaftServerConfigKeys: raft.server.log.segment.cache.num.max = 2 (custom)
s3g_1       | 	at org.eclipse.jetty.servlet.ServletHandler$CachedChain.doFilter(ServletHandler.java:1767)
om_1        | 	at org.apache.hadoop.security.UserGroupInformation.doAs(UserGroupInformation.java:1730)
datanode_1  | 2019-10-28 19:19:36,496 INFO server.RaftServerConfigKeys: raft.server.log.segment.size.max = 1048576 (custom)
