datanode_1  | 2019-11-14 22:57:56,728 INFO ipc.Client: Retrying connect to server: scm/172.19.0.6:9861. Already tried 10 time(s); retry policy is RetryUpToMaximumCountWithFixedSleep(maxRetries=2147483647, sleepTime=1000 MILLISECONDS)
datanode_3  | 2019-11-14 22:58:07,393 INFO ipc.Client: Retrying connect to server: scm/172.19.0.6:9861. Already tried 16 time(s); retry policy is RetryUpToMaximumCountWithFixedSleep(maxRetries=2147483647, sleepTime=1000 MILLISECONDS)
scm_1       | 2019-11-14 22:58:08,151 INFO server.StorageContainerManager: ScmDatanodeProtocl RPC server is listening at /0.0.0.0:9861
s3g_1       | 	at org.glassfish.jersey.server.ServerRuntime.process(ServerRuntime.java:256)
om_1        | 2019-11-14 22:58:11,836 INFO db.DBStoreBuilder: Using default column profile:DBProfile.DISK for Table:volumeTable
datanode_1  | 2019-11-14 22:57:57,729 INFO ipc.Client: Retrying connect to server: scm/172.19.0.6:9861. Already tried 11 time(s); retry policy is RetryUpToMaximumCountWithFixedSleep(maxRetries=2147483647, sleepTime=1000 MILLISECONDS)
scm_1       | 2019-11-14 22:58:08,151 INFO server.SCMDatanodeProtocolServer: RPC server for DataNodes is listening at /0.0.0.0:9861
datanode_3  | 2019-11-14 22:58:08,394 INFO ipc.Client: Retrying connect to server: scm/172.19.0.6:9861. Already tried 17 time(s); retry policy is RetryUpToMaximumCountWithFixedSleep(maxRetries=2147483647, sleepTime=1000 MILLISECONDS)
s3g_1       | 	at org.glassfish.jersey.server.ApplicationHandler.handle(ApplicationHandler.java:703)
datanode_2  | 2019-11-14 22:58:08,118 INFO ipc.Client: Retrying connect to server: scm/172.19.0.6:9861. Already tried 15 time(s); retry policy is RetryUpToMaximumCountWithFixedSleep(maxRetries=2147483647, sleepTime=1000 MILLISECONDS)
om_1        | 2019-11-14 22:58:11,837 INFO db.DBStoreBuilder: using custom profile for table: bucketTable
datanode_1  | 2019-11-14 22:57:58,730 INFO ipc.Client: Retrying connect to server: scm/172.19.0.6:9861. Already tried 12 time(s); retry policy is RetryUpToMaximumCountWithFixedSleep(maxRetries=2147483647, sleepTime=1000 MILLISECONDS)
scm_1       | 2019-11-14 22:58:08,153 INFO ipc.Server: IPC Server Responder: starting
datanode_3  | 2019-11-14 22:58:08,857 INFO ozoneimpl.OzoneContainer: Attempting to start container services.
s3g_1       | 	at org.glassfish.jersey.servlet.WebComponent.serviceImpl(WebComponent.java:416)
datanode_2  | 2019-11-14 22:58:08,572 INFO ozoneimpl.OzoneContainer: Attempting to start container services.
om_1        | 2019-11-14 22:58:11,837 INFO db.DBStoreBuilder: Using default column profile:DBProfile.DISK for Table:bucketTable
datanode_1  | 2019-11-14 22:57:59,732 INFO ipc.Client: Retrying connect to server: scm/172.19.0.6:9861. Already tried 13 time(s); retry policy is RetryUpToMaximumCountWithFixedSleep(maxRetries=2147483647, sleepTime=1000 MILLISECONDS)
scm_1       | 2019-11-14 22:58:08,154 INFO ipc.Server: IPC Server listener on 9861: starting
datanode_3  | 2019-11-14 22:58:08,859 INFO ozoneimpl.OzoneContainer: Background container scanner has been disabled.
s3g_1       | 	at org.glassfish.jersey.servlet.WebComponent.service(WebComponent.java:370)
datanode_2  | 2019-11-14 22:58:08,574 INFO ozoneimpl.OzoneContainer: Background container scanner has been disabled.
om_1        | 2019-11-14 22:58:11,837 INFO db.DBStoreBuilder: using custom profile for table: keyTable
datanode_1  | 2019-11-14 22:58:00,733 INFO ipc.Client: Retrying connect to server: scm/172.19.0.6:9861. Already tried 14 time(s); retry policy is RetryUpToMaximumCountWithFixedSleep(maxRetries=2147483647, sleepTime=1000 MILLISECONDS)
scm_1       | 2019-11-14 22:58:08,159 INFO http.HttpServer2: Jetty bound to port 9876
datanode_3  | 2019-11-14 22:58:08,859 INFO ratis.XceiverServerRatis: Starting XceiverServerRatis 52b476cd-61b8-421c-977f-f0c894fce6a9 at port 9858
s3g_1       | 	at org.glassfish.jersey.servlet.ServletContainer.service(ServletContainer.java:389)
datanode_2  | 2019-11-14 22:58:08,574 INFO ratis.XceiverServerRatis: Starting XceiverServerRatis f80bc194-d240-4b33-aec3-68286e64df8a at port 9858
om_1        | 2019-11-14 22:58:11,837 INFO db.DBStoreBuilder: Using default column profile:DBProfile.DISK for Table:keyTable
datanode_1  | 2019-11-14 22:58:01,734 INFO ipc.Client: Retrying connect to server: scm/172.19.0.6:9861. Already tried 15 time(s); retry policy is RetryUpToMaximumCountWithFixedSleep(maxRetries=2147483647, sleepTime=1000 MILLISECONDS)
scm_1       | 2019-11-14 22:58:08,162 INFO server.Server: jetty-9.3.25.v20180904, build timestamp: 2018-09-04T21:11:46Z, git hash: 3ce520221d0240229c862b122d2b06c12a625732
datanode_3  | 2019-11-14 22:58:08,884 INFO impl.RaftServerProxy: 52b476cd-61b8-421c-977f-f0c894fce6a9: start RPC server
s3g_1       | 	at org.glassfish.jersey.servlet.ServletContainer.service(ServletContainer.java:342)
datanode_2  | 2019-11-14 22:58:08,599 INFO impl.RaftServerProxy: f80bc194-d240-4b33-aec3-68286e64df8a: start RPC server
om_1        | 2019-11-14 22:58:11,837 INFO db.DBStoreBuilder: using custom profile for table: deletedTable
scm_1       | 2019-11-14 22:58:08,214 INFO handler.ContextHandler: Started o.e.j.s.ServletContextHandler@5fad41be{/logs,file:///var/log/hadoop/,AVAILABLE}
s3g_1       | 	at org.glassfish.jersey.servlet.ServletContainer.service(ServletContainer.java:229)
datanode_3  | 2019-11-14 22:58:09,013 INFO server.GrpcService: 52b476cd-61b8-421c-977f-f0c894fce6a9: GrpcService started, listening on 0.0.0.0/0.0.0.0:9858
datanode_1  | 2019-11-14 22:58:02,735 INFO ipc.Client: Retrying connect to server: scm/172.19.0.6:9861. Already tried 16 time(s); retry policy is RetryUpToMaximumCountWithFixedSleep(maxRetries=2147483647, sleepTime=1000 MILLISECONDS)
datanode_2  | 2019-11-14 22:58:08,698 INFO server.GrpcService: f80bc194-d240-4b33-aec3-68286e64df8a: GrpcService started, listening on 0.0.0.0/0.0.0.0:9858
om_1        | 2019-11-14 22:58:11,837 INFO db.DBStoreBuilder: Using default column profile:DBProfile.DISK for Table:deletedTable
s3g_1       | 	at org.eclipse.jetty.servlet.ServletHolder.handle(ServletHolder.java:840)
datanode_3  | WARNING: An illegal reflective access operation has occurred
datanode_2  | WARNING: An illegal reflective access operation has occurred
datanode_1  | 2019-11-14 22:58:03,736 INFO ipc.Client: Retrying connect to server: scm/172.19.0.6:9861. Already tried 17 time(s); retry policy is RetryUpToMaximumCountWithFixedSleep(maxRetries=2147483647, sleepTime=1000 MILLISECONDS)
om_1        | 2019-11-14 22:58:11,838 INFO db.DBStoreBuilder: using custom profile for table: openKeyTable
scm_1       | 2019-11-14 22:58:08,215 INFO handler.ContextHandler: Started o.e.j.s.ServletContextHandler@5bca7664{/static,jar:file:/opt/hadoop/share/ozone/lib/hadoop-hdds-server-scm-0.5.0-SNAPSHOT.jar!/webapps/static,AVAILABLE}
datanode_3  | WARNING: Illegal reflective access by org.apache.ratis.thirdparty.com.google.protobuf.UnsafeUtil (file:/opt/hadoop/share/ozone/lib/ratis-thirdparty-misc-0.2.0.jar) to field java.nio.Buffer.address
s3g_1       | 	at org.eclipse.jetty.servlet.ServletHandler$CachedChain.doFilter(ServletHandler.java:1780)
datanode_2  | WARNING: Illegal reflective access by org.apache.ratis.thirdparty.com.google.protobuf.UnsafeUtil (file:/opt/hadoop/share/ozone/lib/ratis-thirdparty-misc-0.2.0.jar) to field java.nio.Buffer.address
datanode_1  | 2019-11-14 22:58:04,738 INFO ipc.Client: Retrying connect to server: scm/172.19.0.6:9861. Already tried 18 time(s); retry policy is RetryUpToMaximumCountWithFixedSleep(maxRetries=2147483647, sleepTime=1000 MILLISECONDS)
om_1        | 2019-11-14 22:58:11,838 INFO db.DBStoreBuilder: Using default column profile:DBProfile.DISK for Table:openKeyTable
scm_1       | 2019-11-14 22:58:08,338 INFO handler.ContextHandler: Started o.e.j.w.WebAppContext@62e93c3a{/,file:///tmp/jetty-0.0.0.0-9876-scm-_-any-4361109582366449400.dir/webapp/,AVAILABLE}{/scm}
datanode_3  | WARNING: Please consider reporting this to the maintainers of org.apache.ratis.thirdparty.com.google.protobuf.UnsafeUtil
datanode_2  | WARNING: Please consider reporting this to the maintainers of org.apache.ratis.thirdparty.com.google.protobuf.UnsafeUtil
datanode_1  | 2019-11-14 22:58:05,739 INFO ipc.Client: Retrying connect to server: scm/172.19.0.6:9861. Already tried 19 time(s); retry policy is RetryUpToMaximumCountWithFixedSleep(maxRetries=2147483647, sleepTime=1000 MILLISECONDS)
scm_1       | 2019-11-14 22:58:08,343 INFO server.AbstractConnector: Started ServerConnector@4339baec{HTTP/1.1,[http/1.1]}{0.0.0.0:9876}
om_1        | 2019-11-14 22:58:11,838 INFO db.DBStoreBuilder: using custom profile for table: s3Table
s3g_1       | 	at org.apache.hadoop.http.HttpServer2$QuotingInputFilter.doFilter(HttpServer2.java:1609)
datanode_3  | WARNING: Use --illegal-access=warn to enable warnings of further illegal reflective access operations
datanode_2  | WARNING: Use --illegal-access=warn to enable warnings of further illegal reflective access operations
datanode_1  | 2019-11-14 22:58:06,740 INFO ipc.Client: Retrying connect to server: scm/172.19.0.6:9861. Already tried 20 time(s); retry policy is RetryUpToMaximumCountWithFixedSleep(maxRetries=2147483647, sleepTime=1000 MILLISECONDS)
om_1        | 2019-11-14 22:58:11,838 INFO db.DBStoreBuilder: Using default column profile:DBProfile.DISK for Table:s3Table
scm_1       | 2019-11-14 22:58:08,343 INFO server.Server: Started @21736ms
s3g_1       | 	at org.eclipse.jetty.servlet.ServletHandler$CachedChain.doFilter(ServletHandler.java:1767)
datanode_3  | WARNING: All illegal access operations will be denied in a future release
datanode_2  | WARNING: All illegal access operations will be denied in a future release
datanode_1  | 2019-11-14 22:58:07,741 INFO ipc.Client: Retrying connect to server: scm/172.19.0.6:9861. Already tried 21 time(s); retry policy is RetryUpToMaximumCountWithFixedSleep(maxRetries=2147483647, sleepTime=1000 MILLISECONDS)
om_1        | 2019-11-14 22:58:11,838 INFO db.DBStoreBuilder: using custom profile for table: multipartInfoTable
scm_1       | 2019-11-14 22:58:08,346 INFO impl.MetricsSinkAdapter: Sink prometheus started
s3g_1       | 	at org.apache.hadoop.http.NoCacheFilter.doFilter(NoCacheFilter.java:45)
datanode_3  | 2019-11-14 22:58:11,644 INFO impl.RaftServerProxy: 52b476cd-61b8-421c-977f-f0c894fce6a9: addNew group-77205F0BA4BE:[52b476cd-61b8-421c-977f-f0c894fce6a9:172.19.0.5:9858] returns group-77205F0BA4BE:java.util.concurrent.CompletableFuture@4b2bbc8e[Not completed]
datanode_2  | 2019-11-14 22:58:11,204 INFO impl.RaftServerProxy: f80bc194-d240-4b33-aec3-68286e64df8a: addNew group-865B0C181582:[f80bc194-d240-4b33-aec3-68286e64df8a:172.19.0.7:9858] returns group-865B0C181582:java.util.concurrent.CompletableFuture@5c913831[Not completed]
datanode_1  | 2019-11-14 22:58:08,572 INFO ozoneimpl.OzoneContainer: Attempting to start container services.
om_1        | 2019-11-14 22:58:11,838 INFO db.DBStoreBuilder: Using default column profile:DBProfile.DISK for Table:multipartInfoTable
scm_1       | 2019-11-14 22:58:08,346 INFO impl.MetricsSystemImpl: Registered sink prometheus
s3g_1       | 	at org.eclipse.jetty.servlet.ServletHandler$CachedChain.doFilter(ServletHandler.java:1767)
datanode_3  | 2019-11-14 22:58:11,669 INFO impl.RaftServerImpl: 52b476cd-61b8-421c-977f-f0c894fce6a9: new RaftServerImpl for group-77205F0BA4BE:[52b476cd-61b8-421c-977f-f0c894fce6a9:172.19.0.5:9858] with ContainerStateMachine:uninitialized
datanode_2  | 2019-11-14 22:58:11,222 INFO impl.RaftServerImpl: f80bc194-d240-4b33-aec3-68286e64df8a: new RaftServerImpl for group-865B0C181582:[f80bc194-d240-4b33-aec3-68286e64df8a:172.19.0.7:9858] with ContainerStateMachine:uninitialized
datanode_1  | 2019-11-14 22:58:08,573 INFO ozoneimpl.OzoneContainer: Background container scanner has been disabled.
om_1        | 2019-11-14 22:58:11,838 INFO db.DBStoreBuilder: using custom profile for table: dTokenTable
scm_1       | 2019-11-14 22:58:08,348 INFO server.BaseHttpServer: HTTP server of SCM is listening at http://0.0.0.0:9876
s3g_1       | 	at org.eclipse.jetty.servlet.ServletHandler.doHandle(ServletHandler.java:583)
datanode_3  | 2019-11-14 22:58:11,671 INFO server.RaftServerConfigKeys: raft.server.rpc.timeout.min = 5s (custom)
datanode_2  | 2019-11-14 22:58:11,223 INFO server.RaftServerConfigKeys: raft.server.rpc.timeout.min = 5s (custom)
datanode_1  | 2019-11-14 22:58:08,574 INFO ratis.XceiverServerRatis: Starting XceiverServerRatis b0a567bb-7638-4c7e-bbca-143f0bc911ec at port 9858
om_1        | 2019-11-14 22:58:11,838 INFO db.DBStoreBuilder: Using default column profile:DBProfile.DISK for Table:dTokenTable
scm_1       | 2019-11-14 22:58:08,355 INFO util.JvmPauseMonitor: Starting JVM pause monitor
s3g_1       | 	at org.eclipse.jetty.server.handler.ScopedHandler.handle(ScopedHandler.java:143)
datanode_3  | 2019-11-14 22:58:11,672 INFO server.RaftServerConfigKeys: raft.server.rpc.timeout.max = 5200ms (custom)
datanode_2  | 2019-11-14 22:58:11,223 INFO server.RaftServerConfigKeys: raft.server.rpc.timeout.max = 5200ms (custom)
datanode_1  | 2019-11-14 22:58:08,603 INFO impl.RaftServerProxy: b0a567bb-7638-4c7e-bbca-143f0bc911ec: start RPC server
om_1        | 2019-11-14 22:58:11,839 INFO db.DBStoreBuilder: using custom profile for table: s3SecretTable
s3g_1       | 	at org.eclipse.jetty.security.SecurityHandler.handle(SecurityHandler.java:548)
scm_1       | 2019-11-14 22:58:09,705 INFO net.NetworkTopology: Added a new node: /default-rack/b0a567bb-7638-4c7e-bbca-143f0bc911ec
datanode_3  | 2019-11-14 22:58:11,672 INFO server.RaftServerConfigKeys: raft.server.rpcslowness.timeout = 120s (custom)
datanode_1  | 2019-11-14 22:58:08,732 INFO server.GrpcService: b0a567bb-7638-4c7e-bbca-143f0bc911ec: GrpcService started, listening on 0.0.0.0/0.0.0.0:9858
datanode_2  | 2019-11-14 22:58:11,224 INFO server.RaftServerConfigKeys: raft.server.rpcslowness.timeout = 120s (custom)
om_1        | 2019-11-14 22:58:11,839 INFO db.DBStoreBuilder: Using default column profile:DBProfile.DISK for Table:s3SecretTable
s3g_1       | 	at org.eclipse.jetty.server.session.SessionHandler.doHandle(SessionHandler.java:226)
datanode_3  | 2019-11-14 22:58:11,673 INFO server.RaftServerConfigKeys: raft.server.sleep.deviation.threshold = 300 (default)
datanode_1  | WARNING: An illegal reflective access operation has occurred
scm_1       | 2019-11-14 22:58:09,706 INFO node.SCMNodeManager: Registered Data node : b0a567bb-7638-4c7e-bbca-143f0bc911ec{ip: 172.19.0.2, host: ozones3_datanode_1.ozones3_default, networkLocation: /default-rack, certSerialId: null}
datanode_2  | 2019-11-14 22:58:11,224 INFO server.RaftServerConfigKeys: raft.server.sleep.deviation.threshold = 300 (default)
om_1        | 2019-11-14 22:58:11,839 INFO db.DBStoreBuilder: using custom profile for table: prefixTable
s3g_1       | 	at org.eclipse.jetty.server.handler.ContextHandler.doHandle(ContextHandler.java:1180)
datanode_3  | 2019-11-14 22:58:11,674 INFO server.RaftServerConfigKeys: raft.server.log.appender.install.snapshot.enabled = false (custom)
datanode_1  | WARNING: Illegal reflective access by org.apache.ratis.thirdparty.com.google.protobuf.UnsafeUtil (file:/opt/hadoop/share/ozone/lib/ratis-thirdparty-misc-0.2.0.jar) to field java.nio.Buffer.address
scm_1       | 2019-11-14 22:58:09,710 INFO safemode.SCMSafeModeManager: SCM in safe mode. 1 DataNodes registered, 1 required.
datanode_2  | 2019-11-14 22:58:11,225 INFO server.RaftServerConfigKeys: raft.server.log.appender.install.snapshot.enabled = false (custom)
om_1        | 2019-11-14 22:58:11,839 INFO db.DBStoreBuilder: Using default column profile:DBProfile.DISK for Table:prefixTable
s3g_1       | 	at org.eclipse.jetty.servlet.ServletHandler.doScope(ServletHandler.java:513)
datanode_3  | 2019-11-14 22:58:11,683 INFO impl.RaftServerImpl: 52b476cd-61b8-421c-977f-f0c894fce6a9@group-77205F0BA4BE: ConfigurationManager, init=-1: [52b476cd-61b8-421c-977f-f0c894fce6a9:172.19.0.5:9858], old=null, confs=<EMPTY_MAP>
datanode_1  | WARNING: Please consider reporting this to the maintainers of org.apache.ratis.thirdparty.com.google.protobuf.UnsafeUtil
scm_1       | 2019-11-14 22:58:09,711 INFO safemode.SCMSafeModeManager: ScmSafeModeManager, all rules are successfully validated
datanode_2  | 2019-11-14 22:58:11,230 INFO impl.RaftServerImpl: f80bc194-d240-4b33-aec3-68286e64df8a@group-865B0C181582: ConfigurationManager, init=-1: [f80bc194-d240-4b33-aec3-68286e64df8a:172.19.0.7:9858], old=null, confs=<EMPTY_MAP>
om_1        | 2019-11-14 22:58:11,851 INFO db.DBStoreBuilder: using custom profile for table: default
s3g_1       | 	at org.eclipse.jetty.server.session.SessionHandler.doScope(SessionHandler.java:185)
datanode_3  | 2019-11-14 22:58:11,683 INFO server.RaftServerConfigKeys: raft.server.storage.dir = [/data/metadata/ratis] (custom)
datanode_1  | WARNING: Use --illegal-access=warn to enable warnings of further illegal reflective access operations
scm_1       | 2019-11-14 22:58:09,711 INFO safemode.SCMSafeModeManager: SCM exiting safe mode.
datanode_2  | 2019-11-14 22:58:11,230 INFO server.RaftServerConfigKeys: raft.server.storage.dir = [/data/metadata/ratis] (custom)
om_1        | 2019-11-14 22:58:11,851 INFO db.DBStoreBuilder: Using default column profile:DBProfile.DISK for Table:default
s3g_1       | 	at org.eclipse.jetty.server.handler.ContextHandler.doScope(ContextHandler.java:1112)
datanode_3  | 2019-11-14 22:58:11,690 INFO server.RaftServerConfigKeys: raft.server.log.corruption.policy = EXCEPTION (default)
datanode_1  | WARNING: All illegal access operations will be denied in a future release
scm_1       | 2019-11-14 22:58:10,065 INFO net.NetworkTopology: Added a new node: /default-rack/f80bc194-d240-4b33-aec3-68286e64df8a
datanode_2  | 2019-11-14 22:58:11,235 INFO server.RaftServerConfigKeys: raft.server.log.corruption.policy = EXCEPTION (default)
om_1        | 2019-11-14 22:58:11,853 INFO db.DBStoreBuilder: Using default options. DBProfile.DISK
s3g_1       | 	at org.eclipse.jetty.server.handler.ScopedHandler.handle(ScopedHandler.java:141)
datanode_3  | 2019-11-14 22:58:11,692 INFO storage.RaftStorageDirectory: The storage directory /data/metadata/ratis/daf9641d-dae4-45f0-b584-77205f0ba4be does not exist. Creating ...
datanode_1  | 2019-11-14 22:58:10,676 INFO impl.RaftServerProxy: b0a567bb-7638-4c7e-bbca-143f0bc911ec: addNew group-18485E3624BA:[b0a567bb-7638-4c7e-bbca-143f0bc911ec:172.19.0.2:9858] returns group-18485E3624BA:java.util.concurrent.CompletableFuture@37b1849e[Not completed]
scm_1       | 2019-11-14 22:58:10,066 INFO node.SCMNodeManager: Registered Data node : f80bc194-d240-4b33-aec3-68286e64df8a{ip: 172.19.0.7, host: ozones3_datanode_2.ozones3_default, networkLocation: /default-rack, certSerialId: null}
datanode_2  | 2019-11-14 22:58:11,236 INFO storage.RaftStorageDirectory: The storage directory /data/metadata/ratis/4fa84976-bd71-424f-9343-865b0c181582 does not exist. Creating ...
om_1        | 2019-11-14 22:58:13,367 INFO ipc.CallQueueManager: Using callQueue: class java.util.concurrent.LinkedBlockingQueue, queueCapacity: 2000, scheduler: class org.apache.hadoop.ipc.DefaultRpcScheduler, ipcBackoff: false.
s3g_1       | 	at org.eclipse.jetty.server.handler.HandlerCollection.handle(HandlerCollection.java:119)
datanode_3  | 2019-11-14 22:58:11,722 INFO storage.RaftStorageDirectory: Lock on /data/metadata/ratis/daf9641d-dae4-45f0-b584-77205f0ba4be/in_use.lock acquired by nodename 7@d833922f82c5
datanode_1  | 2019-11-14 22:58:10,690 INFO impl.RaftServerImpl: b0a567bb-7638-4c7e-bbca-143f0bc911ec: new RaftServerImpl for group-18485E3624BA:[b0a567bb-7638-4c7e-bbca-143f0bc911ec:172.19.0.2:9858] with ContainerStateMachine:uninitialized
scm_1       | 2019-11-14 22:58:10,422 INFO net.NetworkTopology: Added a new node: /default-rack/52b476cd-61b8-421c-977f-f0c894fce6a9
datanode_2  | 2019-11-14 22:58:11,256 INFO storage.RaftStorageDirectory: Lock on /data/metadata/ratis/4fa84976-bd71-424f-9343-865b0c181582/in_use.lock acquired by nodename 7@9e8b239cfb70
om_1        | 2019-11-14 22:58:13,381 INFO ipc.Server: Starting Socket Reader #1 for port 9862
s3g_1       | 	at org.eclipse.jetty.server.handler.HandlerWrapper.handle(HandlerWrapper.java:134)
datanode_3  | 2019-11-14 22:58:11,749 INFO storage.RaftStorage: Storage directory /data/metadata/ratis/daf9641d-dae4-45f0-b584-77205f0ba4be has been successfully formatted.
scm_1       | 2019-11-14 22:58:10,423 INFO node.SCMNodeManager: Registered Data node : 52b476cd-61b8-421c-977f-f0c894fce6a9{ip: 172.19.0.5, host: ozones3_datanode_3.ozones3_default, networkLocation: /default-rack, certSerialId: null}
datanode_1  | 2019-11-14 22:58:10,691 INFO server.RaftServerConfigKeys: raft.server.rpc.timeout.min = 5s (custom)
datanode_2  | 2019-11-14 22:58:11,271 INFO storage.RaftStorage: Storage directory /data/metadata/ratis/4fa84976-bd71-424f-9343-865b0c181582 has been successfully formatted.
om_1        | 2019-11-14 22:58:13,432 INFO om.OzoneManager: OzoneManager RPC server is listening at om/172.19.0.3:9862
datanode_3  | 2019-11-14 22:58:11,754 INFO ratis.ContainerStateMachine: group-77205F0BA4BE: The snapshot info is null. Setting the last applied indexto:(t:0, i:~)
scm_1       | WARNING: An illegal reflective access operation has occurred
s3g_1       | 	at org.eclipse.jetty.server.Server.handle(Server.java:539)
datanode_1  | 2019-11-14 22:58:10,692 INFO server.RaftServerConfigKeys: raft.server.rpc.timeout.max = 5200ms (custom)
datanode_2  | 2019-11-14 22:58:11,279 INFO ratis.ContainerStateMachine: group-865B0C181582: The snapshot info is null. Setting the last applied indexto:(t:0, i:~)
om_1        | 2019-11-14 22:58:13,530 INFO impl.MetricsConfig: Loaded properties from hadoop-metrics2.properties
datanode_3  | 2019-11-14 22:58:11,754 INFO server.RaftServerConfigKeys: raft.server.notification.no-leader.timeout = 120s (custom)
scm_1       | WARNING: Illegal reflective access by org.apache.ratis.thirdparty.com.google.protobuf.UnsafeUtil (file:/opt/hadoop/share/ozone/lib/ratis-thirdparty-misc-0.2.0.jar) to field java.nio.Buffer.address
s3g_1       | 	at org.eclipse.jetty.server.HttpChannel.handle(HttpChannel.java:333)
datanode_1  | 2019-11-14 22:58:10,692 INFO server.RaftServerConfigKeys: raft.server.rpcslowness.timeout = 120s (custom)
datanode_2  | 2019-11-14 22:58:11,279 INFO server.RaftServerConfigKeys: raft.server.notification.no-leader.timeout = 120s (custom)
datanode_3  | 2019-11-14 22:58:11,757 INFO server.RaftServerConfigKeys: raft.server.log.use.memory = false (default)
om_1        | 2019-11-14 22:58:13,583 INFO impl.MetricsSystemImpl: Scheduled Metric snapshot period at 10 second(s).
scm_1       | WARNING: Please consider reporting this to the maintainers of org.apache.ratis.thirdparty.com.google.protobuf.UnsafeUtil
s3g_1       | 	at org.eclipse.jetty.server.HttpConnection.onFillable(HttpConnection.java:251)
datanode_1  | 2019-11-14 22:58:10,692 INFO server.RaftServerConfigKeys: raft.server.sleep.deviation.threshold = 300 (default)
datanode_2  | 2019-11-14 22:58:11,282 INFO server.RaftServerConfigKeys: raft.server.log.use.memory = false (default)
om_1        | 2019-11-14 22:58:13,584 INFO impl.MetricsSystemImpl: OzoneManager metrics system started
scm_1       | WARNING: Use --illegal-access=warn to enable warnings of further illegal reflective access operations
s3g_1       | 	at org.eclipse.jetty.io.AbstractConnection$ReadCallback.succeeded(AbstractConnection.java:283)
datanode_1  | 2019-11-14 22:58:10,693 INFO server.RaftServerConfigKeys: raft.server.log.appender.install.snapshot.enabled = false (custom)
datanode_3  | 2019-11-14 22:58:11,761 INFO server.RaftServerConfigKeys: raft.server.log.purge.gap = 1000000 (custom)
datanode_2  | 2019-11-14 22:58:11,286 INFO server.RaftServerConfigKeys: raft.server.log.purge.gap = 1000000 (custom)
om_1        | 2019-11-14 22:58:13,635 INFO ipc.Server: IPC Server Responder: starting
scm_1       | WARNING: All illegal access operations will be denied in a future release
s3g_1       | 	at org.eclipse.jetty.io.FillInterest.fillable(FillInterest.java:108)
datanode_1  | 2019-11-14 22:58:10,698 INFO impl.RaftServerImpl: b0a567bb-7638-4c7e-bbca-143f0bc911ec@group-18485E3624BA: ConfigurationManager, init=-1: [b0a567bb-7638-4c7e-bbca-143f0bc911ec:172.19.0.2:9858], old=null, confs=<EMPTY_MAP>
datanode_3  | 2019-11-14 22:58:11,761 INFO server.RaftServerConfigKeys: raft.server.log.appender.buffer.byte-limit = 33554432 (custom)
datanode_2  | 2019-11-14 22:58:11,286 INFO server.RaftServerConfigKeys: raft.server.log.appender.buffer.byte-limit = 33554432 (custom)
om_1        | 2019-11-14 22:58:13,636 INFO ipc.Server: IPC Server listener on 9862: starting
scm_1       | 2019-11-14 22:58:10,947 INFO pipeline.PipelineStateManager: Created pipeline Pipeline[ Id: 4972012e-ed10-4f5c-9072-18485e3624ba, Nodes: b0a567bb-7638-4c7e-bbca-143f0bc911ec{ip: 172.19.0.2, host: ozones3_datanode_1.ozones3_default, networkLocation: /default-rack, certSerialId: null}, Type:RATIS, Factor:ONE, State:ALLOCATED]
datanode_1  | 2019-11-14 22:58:10,699 INFO server.RaftServerConfigKeys: raft.server.storage.dir = [/data/metadata/ratis] (custom)
datanode_3  | 2019-11-14 22:58:11,762 INFO server.RaftServerConfigKeys: raft.server.log.segment.size.max = 1048576 (custom)
datanode_2  | 2019-11-14 22:58:11,288 INFO server.RaftServerConfigKeys: raft.server.log.segment.size.max = 1048576 (custom)
om_1        | 2019-11-14 22:58:13,674 INFO hdfs.DFSUtil: Starting Web-server for ozoneManager at: http://0.0.0.0:9874
scm_1       | 2019-11-14 22:58:11,413 INFO pipeline.PipelineStateManager: Created pipeline Pipeline[ Id: 4fa84976-bd71-424f-9343-865b0c181582, Nodes: f80bc194-d240-4b33-aec3-68286e64df8a{ip: 172.19.0.7, host: ozones3_datanode_2.ozones3_default, networkLocation: /default-rack, certSerialId: null}, Type:RATIS, Factor:ONE, State:ALLOCATED]
s3g_1       | 	at org.eclipse.jetty.io.SelectChannelEndPoint$2.run(SelectChannelEndPoint.java:93)
datanode_1  | 2019-11-14 22:58:10,703 INFO server.RaftServerConfigKeys: raft.server.log.corruption.policy = EXCEPTION (default)
datanode_3  | 2019-11-14 22:58:11,767 INFO metrics.MetricRegistries: Loaded MetricRegistries class org.apache.ratis.metrics.impl.MetricRegistriesImpl
datanode_2  | 2019-11-14 22:58:11,297 INFO metrics.MetricRegistries: Loaded MetricRegistries class org.apache.ratis.metrics.impl.MetricRegistriesImpl
om_1        | 2019-11-14 22:58:13,775 INFO server.AuthenticationFilter: Unable to initialize FileSignerSecretProvider, falling back to use random secrets.
scm_1       | 2019-11-14 22:58:11,873 INFO pipeline.PipelineStateManager: Created pipeline Pipeline[ Id: daf9641d-dae4-45f0-b584-77205f0ba4be, Nodes: 52b476cd-61b8-421c-977f-f0c894fce6a9{ip: 172.19.0.5, host: ozones3_datanode_3.ozones3_default, networkLocation: /default-rack, certSerialId: null}, Type:RATIS, Factor:ONE, State:ALLOCATED]
s3g_1       | 	at org.eclipse.jetty.util.thread.strategy.ExecuteProduceConsume.executeProduceConsume(ExecuteProduceConsume.java:303)
datanode_1  | 2019-11-14 22:58:10,704 INFO storage.RaftStorageDirectory: The storage directory /data/metadata/ratis/4972012e-ed10-4f5c-9072-18485e3624ba does not exist. Creating ...
datanode_3  | 2019-11-14 22:58:11,771 WARN impl.MetricRegistriesImpl: First MetricRegistry has been created without registering reporters. You may need to call MetricRegistries.global().addReportRegistration(...) before.
datanode_2  | 2019-11-14 22:58:11,300 WARN impl.MetricRegistriesImpl: First MetricRegistry has been created without registering reporters. You may need to call MetricRegistries.global().addReportRegistration(...) before.
om_1        | 2019-11-14 22:58:13,778 INFO http.HttpRequestLog: Http request log for http.requests.ozoneManager is not defined
s3g_1       | 	at org.eclipse.jetty.util.thread.strategy.ExecuteProduceConsume.produceConsume(ExecuteProduceConsume.java:148)
scm_1       | 2019-11-14 22:58:11,966 INFO pipeline.PipelineStateManager: Created pipeline Pipeline[ Id: e182956f-0567-4744-8560-14e2839f3c2e, Nodes: b0a567bb-7638-4c7e-bbca-143f0bc911ec{ip: 172.19.0.2, host: ozones3_datanode_1.ozones3_default, networkLocation: /default-rack, certSerialId: null}f80bc194-d240-4b33-aec3-68286e64df8a{ip: 172.19.0.7, host: ozones3_datanode_2.ozones3_default, networkLocation: /default-rack, certSerialId: null}52b476cd-61b8-421c-977f-f0c894fce6a9{ip: 172.19.0.5, host: ozones3_datanode_3.ozones3_default, networkLocation: /default-rack, certSerialId: null}, Type:RATIS, Factor:THREE, State:ALLOCATED]
datanode_1  | 2019-11-14 22:58:10,746 INFO storage.RaftStorageDirectory: Lock on /data/metadata/ratis/4972012e-ed10-4f5c-9072-18485e3624ba/in_use.lock acquired by nodename 7@68578bdb31a3
datanode_3  | 2019-11-14 22:58:11,776 INFO server.RaftServerConfigKeys: raft.server.log.segment.cache.num.max = 2 (custom)
datanode_2  | 2019-11-14 22:58:11,307 INFO server.RaftServerConfigKeys: raft.server.log.segment.cache.num.max = 2 (custom)
om_1        | 2019-11-14 22:58:13,786 INFO http.HttpServer2: Added global filter 'safety' (class=org.apache.hadoop.http.HttpServer2$QuotingInputFilter)
s3g_1       | 	at org.eclipse.jetty.util.thread.strategy.ExecuteProduceConsume.run(ExecuteProduceConsume.java:136)
scm_1       | 2019-11-14 22:58:16,021 INFO pipeline.PipelineStateManager: Pipeline Pipeline[ Id: 4972012e-ed10-4f5c-9072-18485e3624ba, Nodes: b0a567bb-7638-4c7e-bbca-143f0bc911ec{ip: 172.19.0.2, host: ozones3_datanode_1.ozones3_default, networkLocation: /default-rack, certSerialId: null}, Type:RATIS, Factor:ONE, State:OPEN] moved to OPEN state
datanode_1  | 2019-11-14 22:58:10,761 INFO storage.RaftStorage: Storage directory /data/metadata/ratis/4972012e-ed10-4f5c-9072-18485e3624ba has been successfully formatted.
datanode_3  | 2019-11-14 22:58:11,780 INFO segmented.SegmentedRaftLogWorker: new 52b476cd-61b8-421c-977f-f0c894fce6a9@group-77205F0BA4BE-SegmentedRaftLogWorker for RaftStorage:Storage Directory /data/metadata/ratis/daf9641d-dae4-45f0-b584-77205f0ba4be
datanode_2  | 2019-11-14 22:58:11,311 INFO segmented.SegmentedRaftLogWorker: new f80bc194-d240-4b33-aec3-68286e64df8a@group-865B0C181582-SegmentedRaftLogWorker for RaftStorage:Storage Directory /data/metadata/ratis/4fa84976-bd71-424f-9343-865b0c181582
om_1        | 2019-11-14 22:58:13,788 INFO http.HttpServer2: Added filter static_user_filter (class=org.apache.hadoop.http.lib.StaticUserWebFilter$StaticUserFilter) to context ozoneManager
s3g_1       | 	at org.eclipse.jetty.util.thread.QueuedThreadPool.runJob(QueuedThreadPool.java:671)
datanode_1  | 2019-11-14 22:58:10,765 INFO ratis.ContainerStateMachine: group-18485E3624BA: The snapshot info is null. Setting the last applied indexto:(t:0, i:~)
datanode_3  | 2019-11-14 22:58:11,781 INFO server.RaftServerConfigKeys: raft.server.log.queue.byte-limit = 2147483647 (custom)
datanode_2  | 2019-11-14 22:58:11,312 INFO server.RaftServerConfigKeys: raft.server.log.queue.byte-limit = 2147483647 (custom)
om_1        | 2019-11-14 22:58:13,788 INFO http.HttpServer2: Added filter static_user_filter (class=org.apache.hadoop.http.lib.StaticUserWebFilter$StaticUserFilter) to context logs
scm_1       | 2019-11-14 22:58:16,631 INFO pipeline.PipelineStateManager: Pipeline Pipeline[ Id: 4fa84976-bd71-424f-9343-865b0c181582, Nodes: f80bc194-d240-4b33-aec3-68286e64df8a{ip: 172.19.0.7, host: ozones3_datanode_2.ozones3_default, networkLocation: /default-rack, certSerialId: null}, Type:RATIS, Factor:ONE, State:OPEN] moved to OPEN state
s3g_1       | 	at org.eclipse.jetty.util.thread.QueuedThreadPool$2.run(QueuedThreadPool.java:589)
datanode_1  | 2019-11-14 22:58:10,765 INFO server.RaftServerConfigKeys: raft.server.notification.no-leader.timeout = 120s (custom)
datanode_2  | 2019-11-14 22:58:11,312 INFO server.RaftServerConfigKeys: raft.server.log.queue.element-limit = 1024 (custom)
datanode_3  | 2019-11-14 22:58:11,781 INFO server.RaftServerConfigKeys: raft.server.log.queue.element-limit = 1024 (custom)
om_1        | 2019-11-14 22:58:13,788 INFO http.HttpServer2: Added filter static_user_filter (class=org.apache.hadoop.http.lib.StaticUserWebFilter$StaticUserFilter) to context static
scm_1       | 2019-11-14 22:58:17,013 INFO pipeline.PipelineStateManager: Pipeline Pipeline[ Id: daf9641d-dae4-45f0-b584-77205f0ba4be, Nodes: 52b476cd-61b8-421c-977f-f0c894fce6a9{ip: 172.19.0.5, host: ozones3_datanode_3.ozones3_default, networkLocation: /default-rack, certSerialId: null}, Type:RATIS, Factor:ONE, State:OPEN] moved to OPEN state
s3g_1       | 	at java.base/java.lang.Thread.run(Thread.java:834)
datanode_1  | 2019-11-14 22:58:10,768 INFO server.RaftServerConfigKeys: raft.server.log.use.memory = false (default)
datanode_2  | 2019-11-14 22:58:11,313 INFO server.RaftServerConfigKeys: raft.server.log.segment.size.max = 1048576 (custom)
datanode_3  | 2019-11-14 22:58:11,782 INFO server.RaftServerConfigKeys: raft.server.log.segment.size.max = 1048576 (custom)
scm_1       | 2019-11-14 22:58:22,306 INFO pipeline.PipelineStateManager: Pipeline Pipeline[ Id: e182956f-0567-4744-8560-14e2839f3c2e, Nodes: b0a567bb-7638-4c7e-bbca-143f0bc911ec{ip: 172.19.0.2, host: ozones3_datanode_1.ozones3_default, networkLocation: /default-rack, certSerialId: null}f80bc194-d240-4b33-aec3-68286e64df8a{ip: 172.19.0.7, host: ozones3_datanode_2.ozones3_default, networkLocation: /default-rack, certSerialId: null}52b476cd-61b8-421c-977f-f0c894fce6a9{ip: 172.19.0.5, host: ozones3_datanode_3.ozones3_default, networkLocation: /default-rack, certSerialId: null}, Type:RATIS, Factor:THREE, State:OPEN] moved to OPEN state
om_1        | 2019-11-14 22:58:13,816 INFO http.HttpServer2: Jetty bound to port 9874
s3g_1       | 2019-11-14 23:04:11,766 INFO endpoint.BucketEndpoint: Location is /bucket-34973
datanode_1  | 2019-11-14 22:58:10,773 INFO server.RaftServerConfigKeys: raft.server.log.purge.gap = 1000000 (custom)
datanode_2  | 2019-11-14 22:58:11,313 INFO server.RaftServerConfigKeys: raft.server.log.preallocated.size = 16384 (custom)
datanode_3  | 2019-11-14 22:58:11,782 INFO server.RaftServerConfigKeys: raft.server.log.preallocated.size = 16384 (custom)
scm_1       | 2019-11-14 23:03:09,719 INFO container.ReplicationManager: Starting Replication Monitor Thread.
om_1        | 2019-11-14 22:58:13,817 INFO server.Server: jetty-9.3.25.v20180904, build timestamp: 2018-09-04T21:11:46Z, git hash: 3ce520221d0240229c862b122d2b06c12a625732
s3g_1       | 2019-11-14 23:04:15,959 INFO endpoint.BucketEndpoint: Location is /bucket-86807
datanode_1  | 2019-11-14 22:58:10,773 INFO server.RaftServerConfigKeys: raft.server.log.appender.buffer.byte-limit = 33554432 (custom)
datanode_3  | 2019-11-14 22:58:11,783 INFO server.RaftServerConfigKeys: raft.server.log.write.buffer.size = 33554432 (custom)
datanode_2  | 2019-11-14 22:58:11,313 INFO server.RaftServerConfigKeys: raft.server.log.write.buffer.size = 33554432 (custom)
scm_1       | 2019-11-14 23:03:09,728 INFO container.ReplicationManager: Replication Monitor Thread took 7 milliseconds for processing 3 containers.
om_1        | 2019-11-14 22:58:13,850 INFO handler.ContextHandler: Started o.e.j.s.ServletContextHandler@3b5c665c{/logs,file:///var/log/hadoop/,AVAILABLE}
s3g_1       | 2019-11-14 23:04:18,122 INFO io.BlockOutputStreamEntryPool: Allocating block with ExcludeList {datanodes = [], containerIds = [], pipelineIds = []}
datanode_1  | 2019-11-14 22:58:10,775 INFO server.RaftServerConfigKeys: raft.server.log.segment.size.max = 1048576 (custom)
datanode_3  | 2019-11-14 22:58:11,783 INFO server.RaftServerConfigKeys: raft.server.log.force.sync.num = 128 (default)
datanode_2  | 2019-11-14 22:58:11,314 INFO server.RaftServerConfigKeys: raft.server.log.force.sync.num = 128 (default)
scm_1       | 2019-11-14 23:05:13,675 INFO server.SCMBlockProtocolServer: SCM is informed by OM to delete 1 blocks
om_1        | 2019-11-14 22:58:13,851 INFO handler.ContextHandler: Started o.e.j.s.ServletContextHandler@60d40ff4{/static,jar:file:/opt/hadoop/share/ozone/lib/hadoop-ozone-ozone-manager-0.5.0-SNAPSHOT.jar!/webapps/static,AVAILABLE}
s3g_1       | 2019-11-14 23:04:19,748 INFO io.BlockOutputStreamEntryPool: Allocating block with ExcludeList {datanodes = [], containerIds = [], pipelineIds = []}
datanode_1  | 2019-11-14 22:58:10,783 INFO metrics.MetricRegistries: Loaded MetricRegistries class org.apache.ratis.metrics.impl.MetricRegistriesImpl
datanode_3  | 2019-11-14 22:58:11,784 INFO server.RaftServerConfigKeys: raft.server.log.statemachine.data.sync = true (default)
datanode_2  | 2019-11-14 22:58:11,314 INFO server.RaftServerConfigKeys: raft.server.log.statemachine.data.sync = true (default)
scm_1       | 2019-11-14 23:05:13,677 INFO block.BlockManagerImpl: Deleting blocks conID: 2 locID: 103138764923469951 bcsId: 0
om_1        | 2019-11-14 22:58:13,940 INFO handler.ContextHandler: Started o.e.j.w.WebAppContext@44af588b{/,file:///tmp/jetty-0.0.0.0-9874-ozoneManager-_-any-17609403776248831120.dir/webapp/,AVAILABLE}{/ozoneManager}
s3g_1       | 2019-11-14 23:04:27,113 INFO io.BlockOutputStreamEntryPool: Allocating block with ExcludeList {datanodes = [], containerIds = [], pipelineIds = []}
datanode_1  | 2019-11-14 22:58:10,786 WARN impl.MetricRegistriesImpl: First MetricRegistry has been created without registering reporters. You may need to call MetricRegistries.global().addReportRegistration(...) before.
datanode_2  | 2019-11-14 22:58:11,314 INFO server.RaftServerConfigKeys: raft.server.log.statemachine.data.sync.timeout = 10s (default)
datanode_3  | 2019-11-14 22:58:11,784 INFO server.RaftServerConfigKeys: raft.server.log.statemachine.data.sync.timeout = 10s (default)
scm_1       | 2019-11-14 23:06:13,736 INFO server.SCMBlockProtocolServer: SCM is informed by OM to delete 4 blocks
om_1        | 2019-11-14 22:58:13,945 INFO server.AbstractConnector: Started ServerConnector@5dbf14de{HTTP/1.1,[http/1.1]}{0.0.0.0:9874}
s3g_1       | 2019-11-14 23:04:31,680 INFO io.BlockOutputStreamEntryPool: Allocating block with ExcludeList {datanodes = [], containerIds = [], pipelineIds = []}
datanode_1  | 2019-11-14 22:58:10,791 INFO server.RaftServerConfigKeys: raft.server.log.segment.cache.num.max = 2 (custom)
datanode_3  | 2019-11-14 22:58:11,784 INFO server.RaftServerConfigKeys: raft.server.log.statemachine.data.sync.timeout.retry = -1 (default)
datanode_2  | 2019-11-14 22:58:11,315 INFO server.RaftServerConfigKeys: raft.server.log.statemachine.data.sync.timeout.retry = -1 (default)
scm_1       | 2019-11-14 23:06:13,737 INFO block.BlockManagerImpl: Deleting blocks conID: 2 locID: 103138771487883404 bcsId: 0,conID: 2 locID: 103138771487883403 bcsId: 0,conID: 1 locID: 103138771486900362 bcsId: 0
om_1        | 2019-11-14 22:58:13,945 INFO server.Server: Started @4727ms
s3g_1       | 2019-11-14 23:04:40,542 INFO io.BlockOutputStreamEntryPool: Allocating block with ExcludeList {datanodes = [], containerIds = [], pipelineIds = []}
datanode_1  | 2019-11-14 22:58:10,796 INFO segmented.SegmentedRaftLogWorker: new b0a567bb-7638-4c7e-bbca-143f0bc911ec@group-18485E3624BA-SegmentedRaftLogWorker for RaftStorage:Storage Directory /data/metadata/ratis/4972012e-ed10-4f5c-9072-18485e3624ba
datanode_3  | 2019-11-14 22:58:11,792 INFO server.RaftServerConfigKeys: raft.server.log.statemachine.data.caching.enabled = true (custom)
datanode_2  | 2019-11-14 22:58:11,321 INFO server.RaftServerConfigKeys: raft.server.log.statemachine.data.caching.enabled = true (custom)
scm_1       | 2019-11-14 23:06:13,737 INFO block.BlockManagerImpl: Deleting blocks conID: 3 locID: 103138768449110150 bcsId: 0
om_1        | 2019-11-14 22:58:13,949 INFO impl.MetricsSinkAdapter: Sink prometheus started
s3g_1       | 2019-11-14 23:04:43,225 INFO io.BlockOutputStreamEntryPool: Allocating block with ExcludeList {datanodes = [], containerIds = [], pipelineIds = []}
datanode_1  | 2019-11-14 22:58:10,796 INFO server.RaftServerConfigKeys: raft.server.log.queue.byte-limit = 2147483647 (custom)
datanode_3  | 2019-11-14 22:58:11,795 INFO segmented.SegmentedRaftLogWorker: 52b476cd-61b8-421c-977f-f0c894fce6a9@group-77205F0BA4BE-SegmentedRaftLogWorker: flushIndex: setUnconditionally 0 -> -1
datanode_2  | 2019-11-14 22:58:11,325 INFO segmented.SegmentedRaftLogWorker: f80bc194-d240-4b33-aec3-68286e64df8a@group-865B0C181582-SegmentedRaftLogWorker: flushIndex: setUnconditionally 0 -> -1
scm_1       | 2019-11-14 23:06:13,738 INFO block.BlockManagerImpl: Deleting blocks conID: 2 locID: 103138770529878152 bcsId: 0
om_1        | 2019-11-14 22:58:13,949 INFO impl.MetricsSystemImpl: Registered sink prometheus
s3g_1       | 2019-11-14 23:04:44,259 ERROR endpoint.ObjectEndpoint: Error in Complete Multipart Upload Request for bucket: bucket-86807, key: multipartKey2
datanode_1  | 2019-11-14 22:58:10,796 INFO server.RaftServerConfigKeys: raft.server.log.queue.element-limit = 1024 (custom)
datanode_3  | 2019-11-14 22:58:11,799 INFO server.RaftServerConfigKeys: raft.server.snapshot.auto.trigger.enabled = true (custom)
datanode_2  | 2019-11-14 22:58:11,329 INFO server.RaftServerConfigKeys: raft.server.snapshot.auto.trigger.enabled = true (custom)
scm_1       | 2019-11-14 23:06:13,738 INFO block.BlockManagerImpl: Deleting blocks conID: 3 locID: 103138770663112841 bcsId: 0
om_1        | 2019-11-14 22:58:13,951 INFO server.BaseHttpServer: HTTP server of OZONEMANAGER is listening at http://0.0.0.0:9874
s3g_1       | ENTITY_TOO_SMALL org.apache.hadoop.ozone.om.exceptions.OMException: Complete Multipart Upload Failed: Entity too small: volume: s37c35ba70126b04fca007e4dbfab9c47cbucket: bucket-86807key: multipartKey2
datanode_1  | 2019-11-14 22:58:10,797 INFO server.RaftServerConfigKeys: raft.server.log.segment.size.max = 1048576 (custom)
datanode_3  | 2019-11-14 22:58:11,799 INFO server.RaftServerConfigKeys: raft.server.snapshot.auto.trigger.threshold = 10000 (custom)
scm_1       | 2019-11-14 23:07:13,777 INFO server.SCMBlockProtocolServer: SCM is informed by OM to delete 3 blocks
om_1        | 2019-11-14 22:58:26,319 INFO volume.OMVolumeCreateRequest: created volume:vol-0-32328 for user:hadoop
s3g_1       | 	at org.apache.hadoop.ozone.om.protocolPB.OzoneManagerProtocolClientSideTranslatorPB.handleError(OzoneManagerProtocolClientSideTranslatorPB.java:761)
datanode_2  | 2019-11-14 22:58:11,329 INFO server.RaftServerConfigKeys: raft.server.snapshot.auto.trigger.threshold = 10000 (custom)
datanode_1  | 2019-11-14 22:58:10,798 INFO server.RaftServerConfigKeys: raft.server.log.preallocated.size = 16384 (custom)
datanode_3  | 2019-11-14 22:58:11,800 INFO server.RaftServerConfigKeys: raft.server.snapshot.retention.file.num = 5 (custom)
scm_1       | 2019-11-14 23:07:13,777 INFO block.BlockManagerImpl: Deleting blocks conID: 2 locID: 103138774752886933 bcsId: 0
om_1        | 2019-11-14 22:58:26,353 INFO volume.OMVolumeCreateRequest: created volume:vol-1-31075 for user:hadoop
s3g_1       | 	at org.apache.hadoop.ozone.om.protocolPB.OzoneManagerProtocolClientSideTranslatorPB.completeMultipartUpload(OzoneManagerProtocolClientSideTranslatorPB.java:1133)
datanode_2  | 2019-11-14 22:58:11,330 INFO server.RaftServerConfigKeys: raft.server.snapshot.retention.file.num = 5 (custom)
datanode_1  | 2019-11-14 22:58:10,798 INFO server.RaftServerConfigKeys: raft.server.log.write.buffer.size = 33554432 (custom)
scm_1       | 2019-11-14 23:07:13,777 INFO block.BlockManagerImpl: Deleting blocks conID: 3 locID: 103138775432429718 bcsId: 0
datanode_3  | 2019-11-14 22:58:11,800 INFO server.RaftServerConfigKeys: raft.server.retrycache.expirytime = 600000ms (custom)
om_1        | 2019-11-14 22:58:26,381 INFO volume.OMVolumeCreateRequest: created volume:vol-2-45625 for user:hadoop
s3g_1       | 	at java.base/jdk.internal.reflect.NativeMethodAccessorImpl.invoke0(Native Method)
datanode_2  | 2019-11-14 22:58:11,330 INFO server.RaftServerConfigKeys: raft.server.retrycache.expirytime = 600000ms (custom)
datanode_1  | 2019-11-14 22:58:10,798 INFO server.RaftServerConfigKeys: raft.server.log.force.sync.num = 128 (default)
scm_1       | 2019-11-14 23:07:13,778 INFO block.BlockManagerImpl: Deleting blocks conID: 1 locID: 103138775861035159 bcsId: 0
datanode_3  | 2019-11-14 22:58:11,815 WARN impl.MetricRegistriesImpl: First MetricRegistry has been created without registering reporters. You may need to call MetricRegistries.global().addReportRegistration(...) before.
om_1        | 2019-11-14 22:58:26,411 INFO volume.OMVolumeCreateRequest: created volume:vol-3-01746 for user:hadoop
s3g_1       | 	at java.base/jdk.internal.reflect.NativeMethodAccessorImpl.invoke(NativeMethodAccessorImpl.java:62)
datanode_2  | 2019-11-14 22:58:11,345 WARN impl.MetricRegistriesImpl: First MetricRegistry has been created without registering reporters. You may need to call MetricRegistries.global().addReportRegistration(...) before.
datanode_1  | 2019-11-14 22:58:10,799 INFO server.RaftServerConfigKeys: raft.server.log.statemachine.data.sync = true (default)
scm_1       | 2019-11-14 23:08:09,729 INFO container.ReplicationManager: Replication Monitor Thread took 0 milliseconds for processing 3 containers.
datanode_3  | 2019-11-14 22:58:11,816 WARN impl.MetricRegistriesImpl: First MetricRegistry has been created without registering reporters. You may need to call MetricRegistries.global().addReportRegistration(...) before.
s3g_1       | 	at java.base/jdk.internal.reflect.DelegatingMethodAccessorImpl.invoke(DelegatingMethodAccessorImpl.java:43)
datanode_2  | 2019-11-14 22:58:11,346 WARN impl.MetricRegistriesImpl: First MetricRegistry has been created without registering reporters. You may need to call MetricRegistries.global().addReportRegistration(...) before.
om_1        | 2019-11-14 22:58:26,433 INFO volume.OMVolumeCreateRequest: created volume:vol-4-64749 for user:hadoop
datanode_1  | 2019-11-14 22:58:10,799 INFO server.RaftServerConfigKeys: raft.server.log.statemachine.data.sync.timeout = 10s (default)
datanode_3  | 2019-11-14 22:58:11,818 INFO impl.RaftServerImpl: 52b476cd-61b8-421c-977f-f0c894fce6a9@group-77205F0BA4BE: start as a follower, conf=-1: [52b476cd-61b8-421c-977f-f0c894fce6a9:172.19.0.5:9858], old=null
s3g_1       | 	at java.base/java.lang.reflect.Method.invoke(Method.java:566)
scm_1       | 2019-11-14 23:08:13,821 INFO server.SCMBlockProtocolServer: SCM is informed by OM to delete 2 blocks
datanode_2  | 2019-11-14 22:58:11,348 INFO impl.RaftServerImpl: f80bc194-d240-4b33-aec3-68286e64df8a@group-865B0C181582: start as a follower, conf=-1: [f80bc194-d240-4b33-aec3-68286e64df8a:172.19.0.7:9858], old=null
om_1        | 2019-11-14 23:04:03,274 ERROR proto.OzoneManagerProtocolProtos$S3CreateBucketRequest: S3Bucket Creation Failed for userName: 7c35ba70126b04fca007e4dbfab9c47c, s3BucketName bucket-42299, VolumeName s37c35ba70126b04fca007e4dbfab9c47c
datanode_1  | 2019-11-14 22:58:10,799 INFO server.RaftServerConfigKeys: raft.server.log.statemachine.data.sync.timeout.retry = -1 (default)
datanode_3  | 2019-11-14 22:58:11,819 INFO impl.RaftServerImpl: 52b476cd-61b8-421c-977f-f0c894fce6a9@group-77205F0BA4BE: changes role from      null to FOLLOWER at term 0 for startAsFollower
s3g_1       | 	at org.apache.hadoop.hdds.tracing.TraceAllMethod.invoke(TraceAllMethod.java:66)
scm_1       | 2019-11-14 23:08:13,821 INFO block.BlockManagerImpl: Deleting blocks conID: 2 locID: 103138776627478680 bcsId: 0
datanode_2  | 2019-11-14 22:58:11,349 INFO impl.RaftServerImpl: f80bc194-d240-4b33-aec3-68286e64df8a@group-865B0C181582: changes role from      null to FOLLOWER at term 0 for startAsFollower
om_1        | 2019-11-14 23:04:44,229 ERROR multipart.S3MultipartUploadCompleteRequest: MultipartUpload: /s37c35ba70126b04fca007e4dbfab9c47c/bucket-86807/multipartKey2Part number: 1size 6 is less than minimum part size 5242880
datanode_1  | 2019-11-14 22:58:10,807 INFO server.RaftServerConfigKeys: raft.server.log.statemachine.data.caching.enabled = true (custom)
datanode_3  | 2019-11-14 22:58:11,820 INFO impl.RoleInfo: 52b476cd-61b8-421c-977f-f0c894fce6a9: start FollowerState
s3g_1       | 	at com.sun.proxy.$Proxy84.completeMultipartUpload(Unknown Source)
scm_1       | 2019-11-14 23:08:13,822 INFO block.BlockManagerImpl: Deleting blocks conID: 3 locID: 103138776688165017 bcsId: 0
datanode_2  | 2019-11-14 22:58:11,350 INFO impl.RoleInfo: f80bc194-d240-4b33-aec3-68286e64df8a: start FollowerState
om_1        | 2019-11-14 23:04:44,231 ERROR multipart.S3MultipartUploadCompleteRequest: MultipartUpload Complete request failed for Key: multipartKey2 in Volume/Bucket s37c35ba70126b04fca007e4dbfab9c47c/bucket-86807
datanode_1  | 2019-11-14 22:58:10,811 INFO segmented.SegmentedRaftLogWorker: b0a567bb-7638-4c7e-bbca-143f0bc911ec@group-18485E3624BA-SegmentedRaftLogWorker: flushIndex: setUnconditionally 0 -> -1
s3g_1       | 	at org.apache.hadoop.ozone.client.rpc.RpcClient.completeMultipartUpload(RpcClient.java:913)
datanode_3  | 2019-11-14 22:58:11,823 INFO util.JmxRegister: Successfully registered JMX Bean with object name Ratis:service=RaftServer,group=group-77205F0BA4BE,id=52b476cd-61b8-421c-977f-f0c894fce6a9
datanode_2  | 2019-11-14 22:58:11,353 INFO util.JmxRegister: Successfully registered JMX Bean with object name Ratis:service=RaftServer,group=group-865B0C181582,id=f80bc194-d240-4b33-aec3-68286e64df8a
om_1        | ENTITY_TOO_SMALL org.apache.hadoop.ozone.om.exceptions.OMException: Complete Multipart Upload Failed: Entity too small: volume: s37c35ba70126b04fca007e4dbfab9c47cbucket: bucket-86807key: multipartKey2
datanode_1  | 2019-11-14 22:58:10,815 INFO server.RaftServerConfigKeys: raft.server.snapshot.auto.trigger.enabled = true (custom)
s3g_1       | 	at org.apache.hadoop.ozone.client.OzoneBucket.completeMultipartUpload(OzoneBucket.java:445)
datanode_3  | 2019-11-14 22:58:11,824 WARN impl.MetricRegistriesImpl: First MetricRegistry has been created without registering reporters. You may need to call MetricRegistries.global().addReportRegistration(...) before.
om_1        | 	at org.apache.hadoop.ozone.om.request.s3.multipart.S3MultipartUploadCompleteRequest.validateAndUpdateCache(S3MultipartUploadCompleteRequest.java:203)
