datanode_2  | 2019-11-04 16:06:11,830 INFO server.RaftServerConfigKeys: raft.server.sleep.deviation.threshold = 300 (default)
datanode_1  | 2019-11-04 16:06:11,297 INFO server.RaftServerConfigKeys: raft.server.log.appender.install.snapshot.enabled = false (custom)
scm_1       | 2019-11-04 16:06:07,329 INFO server.AuthenticationFilter: Unable to initialize FileSignerSecretProvider, falling back to use random secrets.
datanode_3  | 2019-11-04 16:06:10,122 INFO server.RaftServerConfigKeys: raft.server.rpc.timeout.min = 5s (custom)
om_1        | 2019-11-04 16:06:11,416 INFO ipc.Server: Starting Socket Reader #1 for port 9862
datanode_2  | 2019-11-04 16:06:11,830 INFO server.RaftServerConfigKeys: raft.server.log.appender.install.snapshot.enabled = false (custom)
datanode_1  | 2019-11-04 16:06:11,303 INFO impl.RaftServerImpl: cefddb72-97bc-4701-b0fa-5593fb5ec57a@group-224AEB70B3FB: ConfigurationManager, init=-1: [cefddb72-97bc-4701-b0fa-5593fb5ec57a:172.18.0.7:9858], old=null, confs=<EMPTY_MAP>
scm_1       | 2019-11-04 16:06:07,341 INFO http.HttpRequestLog: Http request log for http.requests.scm is not defined
datanode_3  | 2019-11-04 16:06:10,123 INFO server.RaftServerConfigKeys: raft.server.rpc.timeout.max = 5200ms (custom)
om_1        | 2019-11-04 16:06:11,457 [main] INFO       - OzoneManager RPC server is listening at om/172.18.0.9:9862
datanode_2  | 2019-11-04 16:06:11,836 INFO impl.RaftServerImpl: 1bbaa987-afa9-4a43-a018-016c6b5c21f6@group-A21F4C0BEC7F: ConfigurationManager, init=-1: [1bbaa987-afa9-4a43-a018-016c6b5c21f6:172.18.0.8:9858], old=null, confs=<EMPTY_MAP>
datanode_1  | 2019-11-04 16:06:11,303 INFO server.RaftServerConfigKeys: raft.server.storage.dir = [/data/metadata/ratis] (custom)
scm_1       | 2019-11-04 16:06:07,347 INFO http.HttpServer2: Added global filter 'safety' (class=org.apache.hadoop.http.HttpServer2$QuotingInputFilter)
datanode_3  | 2019-11-04 16:06:10,123 INFO server.RaftServerConfigKeys: raft.server.rpcslowness.timeout = 120s (custom)
om_1        | 2019-11-04 16:06:11,553 INFO impl.MetricsConfig: Loaded properties from hadoop-metrics2.properties
datanode_2  | 2019-11-04 16:06:11,837 INFO server.RaftServerConfigKeys: raft.server.storage.dir = [/data/metadata/ratis] (custom)
datanode_1  | 2019-11-04 16:06:11,308 INFO server.RaftServerConfigKeys: raft.server.log.corruption.policy = EXCEPTION (default)
datanode_3  | 2019-11-04 16:06:10,124 INFO server.RaftServerConfigKeys: raft.server.sleep.deviation.threshold = 300 (default)
om_1        | 2019-11-04 16:06:11,597 INFO impl.MetricsSystemImpl: Scheduled Metric snapshot period at 10 second(s).
datanode_1  | 2019-11-04 16:06:11,309 INFO storage.RaftStorageDirectory: The storage directory /data/metadata/ratis/096a7bbf-253f-4d23-b46a-224aeb70b3fb does not exist. Creating ...
datanode_2  | 2019-11-04 16:06:11,841 INFO server.RaftServerConfigKeys: raft.server.log.corruption.policy = EXCEPTION (default)
scm_1       | 2019-11-04 16:06:07,349 INFO http.HttpServer2: Added filter static_user_filter (class=org.apache.hadoop.http.lib.StaticUserWebFilter$StaticUserFilter) to context scm
datanode_3  | 2019-11-04 16:06:10,125 INFO server.RaftServerConfigKeys: raft.server.log.appender.install.snapshot.enabled = false (custom)
om_1        | 2019-11-04 16:06:11,598 INFO impl.MetricsSystemImpl: OzoneManager metrics system started
datanode_1  | 2019-11-04 16:06:11,349 INFO storage.RaftStorageDirectory: Lock on /data/metadata/ratis/096a7bbf-253f-4d23-b46a-224aeb70b3fb/in_use.lock acquired by nodename 7@dd3f9e09a7d1
datanode_2  | 2019-11-04 16:06:11,842 INFO storage.RaftStorageDirectory: The storage directory /data/metadata/ratis/af632898-b1c3-4e38-85a8-a21f4c0bec7f does not exist. Creating ...
scm_1       | 2019-11-04 16:06:07,349 INFO http.HttpServer2: Added filter static_user_filter (class=org.apache.hadoop.http.lib.StaticUserWebFilter$StaticUserFilter) to context static
datanode_3  | 2019-11-04 16:06:10,133 INFO impl.RaftServerImpl: 0426a0e4-900d-44df-a76a-f46cd7dfa8d1@group-F24BEBEE370B: ConfigurationManager, init=-1: [0426a0e4-900d-44df-a76a-f46cd7dfa8d1:172.18.0.6:9858], old=null, confs=<EMPTY_MAP>
om_1        | 2019-11-04 16:06:11,645 INFO ipc.Server: IPC Server Responder: starting
datanode_1  | 2019-11-04 16:06:11,355 INFO storage.RaftStorage: Storage directory /data/metadata/ratis/096a7bbf-253f-4d23-b46a-224aeb70b3fb has been successfully formatted.
datanode_2  | 2019-11-04 16:06:11,870 INFO storage.RaftStorageDirectory: Lock on /data/metadata/ratis/af632898-b1c3-4e38-85a8-a21f4c0bec7f/in_use.lock acquired by nodename 7@b93e357b1c5c
scm_1       | 2019-11-04 16:06:07,349 INFO http.HttpServer2: Added filter static_user_filter (class=org.apache.hadoop.http.lib.StaticUserWebFilter$StaticUserFilter) to context logs
datanode_3  | 2019-11-04 16:06:10,134 INFO server.RaftServerConfigKeys: raft.server.storage.dir = [/data/metadata/ratis] (custom)
om_1        | 2019-11-04 16:06:11,645 INFO ipc.Server: IPC Server listener on 9862: starting
datanode_1  | 2019-11-04 16:06:11,359 [pool-8-thread-1] INFO       - group-224AEB70B3FB: The snapshot info is null. Setting the last applied indexto:(t:0, i:~)
scm_1       | 2019-11-04 16:06:07,372 INFO server.StorageContainerManager: StorageContainerLocationProtocol RPC server is listening at /0.0.0.0:9860
datanode_2  | 2019-11-04 16:06:11,886 INFO storage.RaftStorage: Storage directory /data/metadata/ratis/af632898-b1c3-4e38-85a8-a21f4c0bec7f has been successfully formatted.
datanode_3  | 2019-11-04 16:06:10,139 INFO server.RaftServerConfigKeys: raft.server.log.corruption.policy = EXCEPTION (default)
om_1        | 2019-11-04 16:06:11,676 INFO hdfs.DFSUtil: Starting Web-server for ozoneManager at: http://0.0.0.0:9874
datanode_1  | 2019-11-04 16:06:11,360 INFO server.RaftServerConfigKeys: raft.server.notification.no-leader.timeout = 120s (custom)
datanode_2  | 2019-11-04 16:06:11,889 [pool-8-thread-1] INFO       - group-A21F4C0BEC7F: The snapshot info is null. Setting the last applied indexto:(t:0, i:~)
datanode_3  | 2019-11-04 16:06:10,141 INFO storage.RaftStorageDirectory: The storage directory /data/metadata/ratis/2f578c6f-cf23-49d8-a70d-f24bebee370b does not exist. Creating ...
om_1        | 2019-11-04 16:06:11,802 INFO server.AuthenticationFilter: Unable to initialize FileSignerSecretProvider, falling back to use random secrets.
scm_1       | 2019-11-04 16:06:07,433 INFO impl.MetricsConfig: Loaded properties from hadoop-metrics2.properties
datanode_1  | 2019-11-04 16:06:11,363 INFO server.RaftServerConfigKeys: raft.server.log.use.memory = false (default)
datanode_2  | 2019-11-04 16:06:11,890 INFO server.RaftServerConfigKeys: raft.server.notification.no-leader.timeout = 120s (custom)
om_1        | 2019-11-04 16:06:11,806 INFO http.HttpRequestLog: Http request log for http.requests.ozoneManager is not defined
datanode_3  | 2019-11-04 16:06:10,162 INFO storage.RaftStorageDirectory: Lock on /data/metadata/ratis/2f578c6f-cf23-49d8-a70d-f24bebee370b/in_use.lock acquired by nodename 7@eccb4676b5a8
scm_1       | 2019-11-04 16:06:07,471 INFO impl.MetricsSystemImpl: Scheduled Metric snapshot period at 10 second(s).
datanode_1  | 2019-11-04 16:06:11,370 INFO server.RaftServerConfigKeys: raft.server.log.purge.gap = 1000000 (custom)
datanode_2  | 2019-11-04 16:06:11,892 INFO server.RaftServerConfigKeys: raft.server.log.use.memory = false (default)
om_1        | 2019-11-04 16:06:11,812 INFO http.HttpServer2: Added global filter 'safety' (class=org.apache.hadoop.http.HttpServer2$QuotingInputFilter)
datanode_1  | 2019-11-04 16:06:11,371 INFO server.RaftServerConfigKeys: raft.server.log.appender.buffer.byte-limit = 33554432 (custom)
scm_1       | 2019-11-04 16:06:07,472 INFO impl.MetricsSystemImpl: StorageContainerManager metrics system started
datanode_2  | 2019-11-04 16:06:11,896 INFO server.RaftServerConfigKeys: raft.server.log.purge.gap = 1000000 (custom)
datanode_3  | 2019-11-04 16:06:10,175 INFO storage.RaftStorage: Storage directory /data/metadata/ratis/2f578c6f-cf23-49d8-a70d-f24bebee370b has been successfully formatted.
om_1        | 2019-11-04 16:06:11,814 INFO http.HttpServer2: Added filter static_user_filter (class=org.apache.hadoop.http.lib.StaticUserWebFilter$StaticUserFilter) to context ozoneManager
datanode_1  | 2019-11-04 16:06:11,374 INFO server.RaftServerConfigKeys: raft.server.log.segment.size.max = 1048576 (custom)
scm_1       | 2019-11-04 16:06:07,662 INFO server.SCMClientProtocolServer: RPC server for Client  is listening at /0.0.0.0:9860
datanode_2  | 2019-11-04 16:06:11,896 INFO server.RaftServerConfigKeys: raft.server.log.appender.buffer.byte-limit = 33554432 (custom)
datanode_3  | 2019-11-04 16:06:10,178 [pool-8-thread-1] INFO       - group-F24BEBEE370B: The snapshot info is null. Setting the last applied indexto:(t:0, i:~)
om_1        | 2019-11-04 16:06:11,814 INFO http.HttpServer2: Added filter static_user_filter (class=org.apache.hadoop.http.lib.StaticUserWebFilter$StaticUserFilter) to context logs
datanode_1  | 2019-11-04 16:06:11,376 WARN impl.MetricsSystemImpl: HddsDatanode metrics system already initialized!
scm_1       | 2019-11-04 16:06:07,662 INFO ipc.Server: IPC Server Responder: starting
datanode_2  | 2019-11-04 16:06:11,898 INFO server.RaftServerConfigKeys: raft.server.log.segment.size.max = 1048576 (custom)
datanode_3  | 2019-11-04 16:06:10,179 INFO server.RaftServerConfigKeys: raft.server.notification.no-leader.timeout = 120s (custom)
om_1        | 2019-11-04 16:06:11,814 INFO http.HttpServer2: Added filter static_user_filter (class=org.apache.hadoop.http.lib.StaticUserWebFilter$StaticUserFilter) to context static
datanode_1  | 2019-11-04 16:06:11,382 INFO metrics.MetricRegistries: Loaded MetricRegistries class org.apache.ratis.metrics.impl.MetricRegistriesImpl
scm_1       | 2019-11-04 16:06:07,663 INFO ipc.Server: IPC Server listener on 9860: starting
datanode_2  | 2019-11-04 16:06:11,902 WARN impl.MetricsSystemImpl: HddsDatanode metrics system already initialized!
datanode_3  | 2019-11-04 16:06:10,181 INFO server.RaftServerConfigKeys: raft.server.log.use.memory = false (default)
om_1        | 2019-11-04 16:06:11,833 INFO http.HttpServer2: Jetty bound to port 9874
datanode_1  | 2019-11-04 16:06:11,424 INFO server.RaftServerConfigKeys: raft.server.log.segment.cache.num.max = 2 (custom)
scm_1       | 2019-11-04 16:06:07,665 INFO server.StorageContainerManager: ScmBlockLocationProtocol RPC server is listening at /0.0.0.0:9863
datanode_3  | 2019-11-04 16:06:10,185 INFO server.RaftServerConfigKeys: raft.server.log.purge.gap = 1000000 (custom)
om_1        | 2019-11-04 16:06:11,834 INFO server.Server: jetty-9.3.25.v20180904, build timestamp: 2018-09-04T21:11:46Z, git hash: 3ce520221d0240229c862b122d2b06c12a625732
datanode_1  | 2019-11-04 16:06:11,430 INFO segmented.SegmentedRaftLogWorker: new cefddb72-97bc-4701-b0fa-5593fb5ec57a@group-224AEB70B3FB-SegmentedRaftLogWorker for RaftStorage:Storage Directory /data/metadata/ratis/096a7bbf-253f-4d23-b46a-224aeb70b3fb
datanode_2  | 2019-11-04 16:06:11,906 INFO metrics.MetricRegistries: Loaded MetricRegistries class org.apache.ratis.metrics.impl.MetricRegistriesImpl
scm_1       | 2019-11-04 16:06:07,666 INFO server.SCMBlockProtocolServer: RPC server for Block Protocol is listening at /0.0.0.0:9863
datanode_3  | 2019-11-04 16:06:10,185 INFO server.RaftServerConfigKeys: raft.server.log.appender.buffer.byte-limit = 33554432 (custom)
om_1        | 2019-11-04 16:06:11,863 INFO handler.ContextHandler: Started o.e.j.s.ServletContextHandler@7ee8130e{/logs,file:///var/log/hadoop/,AVAILABLE}
datanode_1  | 2019-11-04 16:06:11,430 INFO server.RaftServerConfigKeys: raft.server.log.queue.byte-limit = 2147483647 (custom)
datanode_2  | 2019-11-04 16:06:11,938 INFO server.RaftServerConfigKeys: raft.server.log.segment.cache.num.max = 2 (custom)
scm_1       | 2019-11-04 16:06:07,666 INFO ipc.Server: IPC Server Responder: starting
datanode_3  | 2019-11-04 16:06:10,187 INFO server.RaftServerConfigKeys: raft.server.log.segment.size.max = 1048576 (custom)
om_1        | 2019-11-04 16:06:11,863 INFO handler.ContextHandler: Started o.e.j.s.ServletContextHandler@79b2852b{/static,jar:file:/opt/hadoop/share/ozone/lib/hadoop-ozone-ozone-manager-0.5.0-SNAPSHOT.jar!/webapps/static,AVAILABLE}
datanode_1  | 2019-11-04 16:06:11,431 INFO server.RaftServerConfigKeys: raft.server.log.queue.element-limit = 1024 (custom)
datanode_2  | 2019-11-04 16:06:11,943 INFO segmented.SegmentedRaftLogWorker: new 1bbaa987-afa9-4a43-a018-016c6b5c21f6@group-A21F4C0BEC7F-SegmentedRaftLogWorker for RaftStorage:Storage Directory /data/metadata/ratis/af632898-b1c3-4e38-85a8-a21f4c0bec7f
scm_1       | 2019-11-04 16:06:07,666 INFO ipc.Server: IPC Server listener on 9863: starting
datanode_3  | 2019-11-04 16:06:10,188 WARN impl.MetricsSystemImpl: HddsDatanode metrics system already initialized!
om_1        | 2019-11-04 16:06:11,938 INFO handler.ContextHandler: Started o.e.j.w.WebAppContext@3d1f558a{/,file:///tmp/jetty-0.0.0.0-9874-ozoneManager-_-any-14971140126424924730.dir/webapp/,AVAILABLE}{/ozoneManager}
datanode_1  | 2019-11-04 16:06:11,432 INFO server.RaftServerConfigKeys: raft.server.log.segment.size.max = 1048576 (custom)
datanode_2  | 2019-11-04 16:06:11,943 INFO server.RaftServerConfigKeys: raft.server.log.queue.byte-limit = 2147483647 (custom)
scm_1       | 2019-11-04 16:06:07,668 INFO server.StorageContainerManager: ScmDatanodeProtocl RPC server is listening at /0.0.0.0:9861
datanode_3  | 2019-11-04 16:06:10,192 INFO metrics.MetricRegistries: Loaded MetricRegistries class org.apache.ratis.metrics.impl.MetricRegistriesImpl
om_1        | 2019-11-04 16:06:11,943 INFO server.AbstractConnector: Started ServerConnector@6a12c7a8{HTTP/1.1,[http/1.1]}{0.0.0.0:9874}
datanode_1  | 2019-11-04 16:06:11,432 INFO server.RaftServerConfigKeys: raft.server.log.preallocated.size = 16384 (custom)
datanode_2  | 2019-11-04 16:06:11,944 INFO server.RaftServerConfigKeys: raft.server.log.queue.element-limit = 1024 (custom)
scm_1       | 2019-11-04 16:06:07,668 INFO server.SCMDatanodeProtocolServer: RPC server for DataNodes is listening at /0.0.0.0:9861
datanode_3  | 2019-11-04 16:06:10,225 INFO server.RaftServerConfigKeys: raft.server.log.segment.cache.num.max = 2 (custom)
om_1        | 2019-11-04 16:06:11,943 INFO server.Server: Started @3688ms
datanode_1  | 2019-11-04 16:06:11,433 INFO server.RaftServerConfigKeys: raft.server.log.write.buffer.size = 33554432 (custom)
datanode_2  | 2019-11-04 16:06:11,945 INFO server.RaftServerConfigKeys: raft.server.log.segment.size.max = 1048576 (custom)
scm_1       | 2019-11-04 16:06:07,669 INFO ipc.Server: IPC Server Responder: starting
datanode_3  | 2019-11-04 16:06:10,229 INFO segmented.SegmentedRaftLogWorker: new 0426a0e4-900d-44df-a76a-f46cd7dfa8d1@group-F24BEBEE370B-SegmentedRaftLogWorker for RaftStorage:Storage Directory /data/metadata/ratis/2f578c6f-cf23-49d8-a70d-f24bebee370b
om_1        | 2019-11-04 16:06:11,945 INFO impl.MetricsSinkAdapter: Sink prometheus started
datanode_1  | 2019-11-04 16:06:11,433 INFO server.RaftServerConfigKeys: raft.server.log.force.sync.num = 128 (default)
datanode_2  | 2019-11-04 16:06:11,945 INFO server.RaftServerConfigKeys: raft.server.log.preallocated.size = 16384 (custom)
scm_1       | 2019-11-04 16:06:07,669 INFO ipc.Server: IPC Server listener on 9861: starting
datanode_3  | 2019-11-04 16:06:10,229 INFO server.RaftServerConfigKeys: raft.server.log.queue.byte-limit = 2147483647 (custom)
om_1        | 2019-11-04 16:06:11,945 INFO impl.MetricsSystemImpl: Registered sink prometheus
datanode_1  | 2019-11-04 16:06:11,434 INFO server.RaftServerConfigKeys: raft.server.log.statemachine.data.sync = true (default)
datanode_2  | 2019-11-04 16:06:11,945 INFO server.RaftServerConfigKeys: raft.server.log.write.buffer.size = 33554432 (custom)
scm_1       | 2019-11-04 16:06:07,674 INFO http.HttpServer2: Jetty bound to port 9876
datanode_3  | 2019-11-04 16:06:10,230 INFO server.RaftServerConfigKeys: raft.server.log.queue.element-limit = 1024 (custom)
datanode_1  | 2019-11-04 16:06:11,434 INFO server.RaftServerConfigKeys: raft.server.log.statemachine.data.sync.timeout = 10s (default)
om_1        | 2019-11-04 16:06:11,947 INFO server.BaseHttpServer: HTTP server of OZONEMANAGER is listening at http://0.0.0.0:9874
datanode_2  | 2019-11-04 16:06:11,946 INFO server.RaftServerConfigKeys: raft.server.log.force.sync.num = 128 (default)
scm_1       | 2019-11-04 16:06:07,675 INFO server.Server: jetty-9.3.25.v20180904, build timestamp: 2018-09-04T21:11:46Z, git hash: 3ce520221d0240229c862b122d2b06c12a625732
datanode_3  | 2019-11-04 16:06:10,231 INFO server.RaftServerConfigKeys: raft.server.log.segment.size.max = 1048576 (custom)
datanode_1  | 2019-11-04 16:06:11,435 INFO server.RaftServerConfigKeys: raft.server.log.statemachine.data.sync.timeout.retry = -1 (default)
datanode_2  | 2019-11-04 16:06:11,946 INFO server.RaftServerConfigKeys: raft.server.log.statemachine.data.sync = true (default)
om_1        | 2019-11-04 16:06:28,553 [IPC Server handler 0 on 9862] INFO       - created volume:vol-0-10812 for user:hadoop
scm_1       | 2019-11-04 16:06:07,700 INFO handler.ContextHandler: Started o.e.j.s.ServletContextHandler@6ae7deac{/logs,file:///var/log/hadoop/,AVAILABLE}
datanode_3  | 2019-11-04 16:06:10,231 INFO server.RaftServerConfigKeys: raft.server.log.preallocated.size = 16384 (custom)
datanode_1  | 2019-11-04 16:06:11,445 INFO server.RaftServerConfigKeys: raft.server.log.statemachine.data.caching.enabled = true (custom)
datanode_2  | 2019-11-04 16:06:11,946 INFO server.RaftServerConfigKeys: raft.server.log.statemachine.data.sync.timeout = 10s (default)
om_1        | 2019-11-04 16:06:28,580 [IPC Server handler 3 on 9862] INFO       - created volume:vol-1-52102 for user:hadoop
scm_1       | 2019-11-04 16:06:07,701 INFO handler.ContextHandler: Started o.e.j.s.ServletContextHandler@21fdfefc{/static,jar:file:/opt/hadoop/share/ozone/lib/hadoop-hdds-server-scm-0.5.0-SNAPSHOT.jar!/webapps/static,AVAILABLE}
datanode_3  | 2019-11-04 16:06:10,231 INFO server.RaftServerConfigKeys: raft.server.log.write.buffer.size = 33554432 (custom)
datanode_1  | 2019-11-04 16:06:11,449 INFO segmented.SegmentedRaftLogWorker: cefddb72-97bc-4701-b0fa-5593fb5ec57a@group-224AEB70B3FB-SegmentedRaftLogWorker: flushIndex: setUnconditionally 0 -> -1
datanode_2  | 2019-11-04 16:06:11,947 INFO server.RaftServerConfigKeys: raft.server.log.statemachine.data.sync.timeout.retry = -1 (default)
scm_1       | 2019-11-04 16:06:07,770 INFO handler.ContextHandler: Started o.e.j.w.WebAppContext@1907874b{/,file:///tmp/jetty-0.0.0.0-9876-scm-_-any-13496680644168307943.dir/webapp/,AVAILABLE}{/scm}
om_1        | 2019-11-04 16:06:28,591 [IPC Server handler 5 on 9862] INFO       - created volume:vol-2-77265 for user:hadoop
datanode_1  | 2019-11-04 16:06:11,455 INFO server.RaftServerConfigKeys: raft.server.snapshot.auto.trigger.enabled = true (custom)
datanode_2  | 2019-11-04 16:06:11,955 INFO server.RaftServerConfigKeys: raft.server.log.statemachine.data.caching.enabled = true (custom)
datanode_3  | 2019-11-04 16:06:10,232 INFO server.RaftServerConfigKeys: raft.server.log.force.sync.num = 128 (default)
scm_1       | 2019-11-04 16:06:07,777 INFO server.AbstractConnector: Started ServerConnector@3e05a7bd{HTTP/1.1,[http/1.1]}{0.0.0.0:9876}
om_1        | 2019-11-04 16:06:28,602 [IPC Server handler 7 on 9862] INFO       - created volume:vol-3-21459 for user:hadoop
datanode_1  | 2019-11-04 16:06:11,456 INFO server.RaftServerConfigKeys: raft.server.snapshot.auto.trigger.threshold = 10000 (custom)
datanode_2  | 2019-11-04 16:06:11,959 INFO segmented.SegmentedRaftLogWorker: 1bbaa987-afa9-4a43-a018-016c6b5c21f6@group-A21F4C0BEC7F-SegmentedRaftLogWorker: flushIndex: setUnconditionally 0 -> -1
datanode_3  | 2019-11-04 16:06:10,232 INFO server.RaftServerConfigKeys: raft.server.log.statemachine.data.sync = true (default)
scm_1       | 2019-11-04 16:06:07,778 INFO server.Server: Started @3544ms
datanode_1  | 2019-11-04 16:06:11,457 INFO server.RaftServerConfigKeys: raft.server.snapshot.retention.file.num = 5 (custom)
om_1        | 2019-11-04 16:06:28,611 [IPC Server handler 9 on 9862] INFO       - created volume:vol-4-52792 for user:hadoop
datanode_2  | 2019-11-04 16:06:11,963 INFO server.RaftServerConfigKeys: raft.server.snapshot.auto.trigger.enabled = true (custom)
datanode_3  | 2019-11-04 16:06:10,232 INFO server.RaftServerConfigKeys: raft.server.log.statemachine.data.sync.timeout = 10s (default)
scm_1       | 2019-11-04 16:06:07,781 INFO impl.MetricsSinkAdapter: Sink prometheus started
datanode_1  | 2019-11-04 16:06:11,458 INFO server.RaftServerConfigKeys: raft.server.retrycache.expirytime = 600000ms (custom)
datanode_2  | 2019-11-04 16:06:11,964 INFO server.RaftServerConfigKeys: raft.server.snapshot.auto.trigger.threshold = 10000 (custom)
datanode_3  | 2019-11-04 16:06:10,233 INFO server.RaftServerConfigKeys: raft.server.log.statemachine.data.sync.timeout.retry = -1 (default)
scm_1       | 2019-11-04 16:06:07,781 INFO impl.MetricsSystemImpl: Registered sink prometheus
datanode_1  | 2019-11-04 16:06:11,486 INFO impl.RaftServerImpl: cefddb72-97bc-4701-b0fa-5593fb5ec57a@group-224AEB70B3FB: start as a follower, conf=-1: [cefddb72-97bc-4701-b0fa-5593fb5ec57a:172.18.0.7:9858], old=null
datanode_2  | 2019-11-04 16:06:11,964 INFO server.RaftServerConfigKeys: raft.server.snapshot.retention.file.num = 5 (custom)
datanode_3  | 2019-11-04 16:06:10,241 INFO server.RaftServerConfigKeys: raft.server.log.statemachine.data.caching.enabled = true (custom)
scm_1       | 2019-11-04 16:06:07,783 INFO server.BaseHttpServer: HTTP server of SCM is listening at http://0.0.0.0:9876
datanode_1  | 2019-11-04 16:06:11,487 INFO impl.RaftServerImpl: cefddb72-97bc-4701-b0fa-5593fb5ec57a@group-224AEB70B3FB: changes role from      null to FOLLOWER at term 0 for startAsFollower
datanode_2  | 2019-11-04 16:06:11,965 INFO server.RaftServerConfigKeys: raft.server.retrycache.expirytime = 600000ms (custom)
datanode_3  | 2019-11-04 16:06:10,245 INFO segmented.SegmentedRaftLogWorker: 0426a0e4-900d-44df-a76a-f46cd7dfa8d1@group-F24BEBEE370B-SegmentedRaftLogWorker: flushIndex: setUnconditionally 0 -> -1
scm_1       | 2019-11-04 16:06:07,795 INFO util.JvmPauseMonitor: Starting JVM pause monitor
datanode_1  | 2019-11-04 16:06:11,488 INFO impl.RoleInfo: cefddb72-97bc-4701-b0fa-5593fb5ec57a: start FollowerState
datanode_2  | 2019-11-04 16:06:11,996 INFO impl.RaftServerImpl: 1bbaa987-afa9-4a43-a018-016c6b5c21f6@group-A21F4C0BEC7F: start as a follower, conf=-1: [1bbaa987-afa9-4a43-a018-016c6b5c21f6:172.18.0.8:9858], old=null
datanode_3  | 2019-11-04 16:06:10,249 INFO server.RaftServerConfigKeys: raft.server.snapshot.auto.trigger.enabled = true (custom)
scm_1       | 2019-11-04 16:06:09,052 INFO net.NetworkTopology: Added a new node: /default-rack/0426a0e4-900d-44df-a76a-f46cd7dfa8d1
datanode_2  | 2019-11-04 16:06:11,998 INFO impl.RaftServerImpl: 1bbaa987-afa9-4a43-a018-016c6b5c21f6@group-A21F4C0BEC7F: changes role from      null to FOLLOWER at term 0 for startAsFollower
datanode_1  | 2019-11-04 16:06:11,492 INFO util.JmxRegister: Successfully registered JMX Bean with object name Ratis:service=RaftServer,group=group-224AEB70B3FB,id=cefddb72-97bc-4701-b0fa-5593fb5ec57a
datanode_3  | 2019-11-04 16:06:10,249 INFO server.RaftServerConfigKeys: raft.server.snapshot.auto.trigger.threshold = 10000 (custom)
scm_1       | 2019-11-04 16:06:09,052 INFO node.SCMNodeManager: Registered Data node : 0426a0e4-900d-44df-a76a-f46cd7dfa8d1{ip: 172.18.0.6, host: ozones3-haproxy_datanode_3.ozones3-haproxy_default, networkLocation: /default-rack, certSerialId: null}
datanode_2  | 2019-11-04 16:06:11,999 INFO impl.RoleInfo: 1bbaa987-afa9-4a43-a018-016c6b5c21f6: start FollowerState
datanode_1  | 2019-11-04 16:06:11,557 INFO impl.FollowerState: cefddb72-97bc-4701-b0fa-5593fb5ec57a@group-224AEB70B3FB-FollowerState: change to CANDIDATE, lastRpcTime:68ms, electionTimeout:68ms
datanode_3  | 2019-11-04 16:06:10,249 INFO server.RaftServerConfigKeys: raft.server.snapshot.retention.file.num = 5 (custom)
datanode_2  | 2019-11-04 16:06:12,004 INFO util.JmxRegister: Successfully registered JMX Bean with object name Ratis:service=RaftServer,group=group-A21F4C0BEC7F,id=1bbaa987-afa9-4a43-a018-016c6b5c21f6
scm_1       | 2019-11-04 16:06:09,056 INFO safemode.SCMSafeModeManager: SCM in safe mode. 1 DataNodes registered, 1 required.
datanode_1  | 2019-11-04 16:06:11,559 INFO impl.RoleInfo: cefddb72-97bc-4701-b0fa-5593fb5ec57a: shutdown FollowerState
datanode_3  | 2019-11-04 16:06:10,250 INFO server.RaftServerConfigKeys: raft.server.retrycache.expirytime = 600000ms (custom)
datanode_2  | 2019-11-04 16:06:12,123 INFO impl.RaftServerProxy: 1bbaa987-afa9-4a43-a018-016c6b5c21f6: addNew group-17DB21E9F1FA:[0426a0e4-900d-44df-a76a-f46cd7dfa8d1:172.18.0.6:9858, 1bbaa987-afa9-4a43-a018-016c6b5c21f6:172.18.0.8:9858, cefddb72-97bc-4701-b0fa-5593fb5ec57a:172.18.0.7:9858] returns group-17DB21E9F1FA:java.util.concurrent.CompletableFuture@3bd79f93[Not completed]
scm_1       | 2019-11-04 16:06:09,057 INFO safemode.SCMSafeModeManager: ScmSafeModeManager, all rules are successfully validated
datanode_1  | 2019-11-04 16:06:11,559 INFO impl.RaftServerImpl: cefddb72-97bc-4701-b0fa-5593fb5ec57a@group-224AEB70B3FB: changes role from  FOLLOWER to CANDIDATE at term 0 for changeToCandidate
datanode_3  | 2019-11-04 16:06:10,275 INFO impl.RaftServerImpl: 0426a0e4-900d-44df-a76a-f46cd7dfa8d1@group-F24BEBEE370B: start as a follower, conf=-1: [0426a0e4-900d-44df-a76a-f46cd7dfa8d1:172.18.0.6:9858], old=null
datanode_2  | 2019-11-04 16:06:12,126 INFO impl.RaftServerImpl: 1bbaa987-afa9-4a43-a018-016c6b5c21f6: new RaftServerImpl for group-17DB21E9F1FA:[0426a0e4-900d-44df-a76a-f46cd7dfa8d1:172.18.0.6:9858, 1bbaa987-afa9-4a43-a018-016c6b5c21f6:172.18.0.8:9858, cefddb72-97bc-4701-b0fa-5593fb5ec57a:172.18.0.7:9858] with ContainerStateMachine:uninitialized
scm_1       | 2019-11-04 16:06:09,057 INFO safemode.SCMSafeModeManager: SCM exiting safe mode.
datanode_1  | 2019-11-04 16:06:11,562 INFO impl.RoleInfo: cefddb72-97bc-4701-b0fa-5593fb5ec57a: start LeaderElection
datanode_3  | 2019-11-04 16:06:10,276 INFO impl.RaftServerImpl: 0426a0e4-900d-44df-a76a-f46cd7dfa8d1@group-F24BEBEE370B: changes role from      null to FOLLOWER at term 0 for startAsFollower
datanode_2  | 2019-11-04 16:06:12,126 INFO server.RaftServerConfigKeys: raft.server.rpc.timeout.min = 5s (custom)
datanode_3  | 2019-11-04 16:06:10,277 INFO impl.RoleInfo: 0426a0e4-900d-44df-a76a-f46cd7dfa8d1: start FollowerState
datanode_1  | 2019-11-04 16:06:11,578 INFO impl.LeaderElection: cefddb72-97bc-4701-b0fa-5593fb5ec57a@group-224AEB70B3FB-LeaderElection1: begin an election at term 1 for -1: [cefddb72-97bc-4701-b0fa-5593fb5ec57a:172.18.0.7:9858], old=null
scm_1       | WARNING: An illegal reflective access operation has occurred
datanode_2  | 2019-11-04 16:06:12,126 INFO server.RaftServerConfigKeys: raft.server.rpc.timeout.max = 5200ms (custom)
datanode_3  | 2019-11-04 16:06:10,279 INFO impl.FollowerState: 0426a0e4-900d-44df-a76a-f46cd7dfa8d1@group-F24BEBEE370B-FollowerState: change to CANDIDATE, lastRpcTime:2ms, electionTimeout:1ms
datanode_1  | 2019-11-04 16:06:11,579 INFO impl.RoleInfo: cefddb72-97bc-4701-b0fa-5593fb5ec57a: shutdown LeaderElection
scm_1       | WARNING: Illegal reflective access by org.apache.ratis.thirdparty.com.google.protobuf.UnsafeUtil (file:/opt/hadoop/share/ozone/lib/ratis-thirdparty-misc-0.2.0.jar) to field java.nio.Buffer.address
datanode_2  | 2019-11-04 16:06:12,127 INFO server.RaftServerConfigKeys: raft.server.rpcslowness.timeout = 120s (custom)
datanode_1  | 2019-11-04 16:06:11,580 INFO impl.RaftServerImpl: cefddb72-97bc-4701-b0fa-5593fb5ec57a@group-224AEB70B3FB: changes role from CANDIDATE to LEADER at term 1 for changeToLeader
datanode_3  | 2019-11-04 16:06:10,281 INFO impl.RoleInfo: 0426a0e4-900d-44df-a76a-f46cd7dfa8d1: shutdown FollowerState
scm_1       | WARNING: Please consider reporting this to the maintainers of org.apache.ratis.thirdparty.com.google.protobuf.UnsafeUtil
datanode_2  | 2019-11-04 16:06:12,127 INFO server.RaftServerConfigKeys: raft.server.sleep.deviation.threshold = 300 (default)
datanode_1  | 2019-11-04 16:06:11,580 INFO impl.RaftServerImpl: cefddb72-97bc-4701-b0fa-5593fb5ec57a@group-224AEB70B3FB: change Leader from null to cefddb72-97bc-4701-b0fa-5593fb5ec57a at term 1 for becomeLeader, leader elected after 219ms
datanode_3  | 2019-11-04 16:06:10,282 INFO util.JmxRegister: Successfully registered JMX Bean with object name Ratis:service=RaftServer,group=group-F24BEBEE370B,id=0426a0e4-900d-44df-a76a-f46cd7dfa8d1
scm_1       | WARNING: Use --illegal-access=warn to enable warnings of further illegal reflective access operations
datanode_2  | 2019-11-04 16:06:12,127 INFO server.RaftServerConfigKeys: raft.server.log.appender.install.snapshot.enabled = false (custom)
datanode_1  | 2019-11-04 16:06:11,584 INFO server.RaftServerConfigKeys: raft.server.staging.catchup.gap = 1000 (default)
datanode_3  | 2019-11-04 16:06:10,282 INFO impl.RaftServerImpl: 0426a0e4-900d-44df-a76a-f46cd7dfa8d1@group-F24BEBEE370B: changes role from  FOLLOWER to CANDIDATE at term 0 for changeToCandidate
datanode_2  | 2019-11-04 16:06:12,127 INFO impl.RaftServerImpl: 1bbaa987-afa9-4a43-a018-016c6b5c21f6@group-17DB21E9F1FA: ConfigurationManager, init=-1: [0426a0e4-900d-44df-a76a-f46cd7dfa8d1:172.18.0.6:9858, 1bbaa987-afa9-4a43-a018-016c6b5c21f6:172.18.0.8:9858, cefddb72-97bc-4701-b0fa-5593fb5ec57a:172.18.0.7:9858], old=null, confs=<EMPTY_MAP>
datanode_1  | 2019-11-04 16:06:11,584 INFO server.RaftServerConfigKeys: raft.server.rpc.sleep.time = 25ms (default)
scm_1       | WARNING: All illegal access operations will be denied in a future release
datanode_3  | 2019-11-04 16:06:10,285 INFO impl.RoleInfo: 0426a0e4-900d-44df-a76a-f46cd7dfa8d1: start LeaderElection
datanode_2  | 2019-11-04 16:06:12,127 INFO server.RaftServerConfigKeys: raft.server.storage.dir = [/data/metadata/ratis] (custom)
datanode_1  | 2019-11-04 16:06:11,587 INFO server.RaftServerConfigKeys: raft.server.write.element-limit = 4096 (default)
scm_1       | 2019-11-04 16:06:10,376 INFO pipeline.PipelineStateManager: Created pipeline Pipeline[ Id: 2f578c6f-cf23-49d8-a70d-f24bebee370b, Nodes: 0426a0e4-900d-44df-a76a-f46cd7dfa8d1{ip: 172.18.0.6, host: ozones3-haproxy_datanode_3.ozones3-haproxy_default, networkLocation: /default-rack, certSerialId: null}, Type:RATIS, Factor:ONE, State:OPEN]
datanode_3  | 2019-11-04 16:06:10,299 INFO impl.LeaderElection: 0426a0e4-900d-44df-a76a-f46cd7dfa8d1@group-F24BEBEE370B-LeaderElection1: begin an election at term 1 for -1: [0426a0e4-900d-44df-a76a-f46cd7dfa8d1:172.18.0.6:9858], old=null
datanode_2  | 2019-11-04 16:06:12,127 INFO server.RaftServerConfigKeys: raft.server.log.corruption.policy = EXCEPTION (default)
datanode_1  | 2019-11-04 16:06:11,591 INFO server.RaftServerConfigKeys: raft.server.watch.timeout = 10s (default)
scm_1       | 2019-11-04 16:06:11,014 INFO net.NetworkTopology: Added a new node: /default-rack/cefddb72-97bc-4701-b0fa-5593fb5ec57a
datanode_2  | 2019-11-04 16:06:12,127 INFO storage.RaftStorageDirectory: The storage directory /data/metadata/ratis/11927f60-7d28-4049-9bdf-17db21e9f1fa does not exist. Creating ...
datanode_1  | 2019-11-04 16:06:11,591 INFO server.RaftServerConfigKeys: raft.server.watch.timeout.denomination = 1s (default)
datanode_3  | 2019-11-04 16:06:10,301 INFO impl.RoleInfo: 0426a0e4-900d-44df-a76a-f46cd7dfa8d1: shutdown LeaderElection
datanode_2  | 2019-11-04 16:06:12,133 INFO storage.RaftStorageDirectory: Lock on /data/metadata/ratis/11927f60-7d28-4049-9bdf-17db21e9f1fa/in_use.lock acquired by nodename 7@b93e357b1c5c
scm_1       | 2019-11-04 16:06:11,015 INFO node.SCMNodeManager: Registered Data node : cefddb72-97bc-4701-b0fa-5593fb5ec57a{ip: 172.18.0.7, host: ozones3-haproxy_datanode_1.ozones3-haproxy_default, networkLocation: /default-rack, certSerialId: null}
datanode_1  | 2019-11-04 16:06:11,592 INFO server.RaftServerConfigKeys: raft.server.watch.element-limit = 65536 (default)
datanode_3  | 2019-11-04 16:06:10,301 INFO impl.RaftServerImpl: 0426a0e4-900d-44df-a76a-f46cd7dfa8d1@group-F24BEBEE370B: changes role from CANDIDATE to LEADER at term 1 for changeToLeader
datanode_2  | 2019-11-04 16:06:12,147 INFO storage.RaftStorage: Storage directory /data/metadata/ratis/11927f60-7d28-4049-9bdf-17db21e9f1fa has been successfully formatted.
scm_1       | 2019-11-04 16:06:11,016 INFO net.NetworkTopology: Added a new node: /default-rack/1bbaa987-afa9-4a43-a018-016c6b5c21f6
datanode_1  | 2019-11-04 16:06:11,611 INFO impl.RoleInfo: cefddb72-97bc-4701-b0fa-5593fb5ec57a: start LeaderState
datanode_3  | 2019-11-04 16:06:10,301 INFO impl.RaftServerImpl: 0426a0e4-900d-44df-a76a-f46cd7dfa8d1@group-F24BEBEE370B: change Leader from null to 0426a0e4-900d-44df-a76a-f46cd7dfa8d1 at term 1 for becomeLeader, leader elected after 122ms
datanode_2  | 2019-11-04 16:06:12,148 [pool-8-thread-1] INFO       - group-17DB21E9F1FA: The snapshot info is null. Setting the last applied indexto:(t:0, i:~)
scm_1       | 2019-11-04 16:06:11,016 INFO node.SCMNodeManager: Registered Data node : 1bbaa987-afa9-4a43-a018-016c6b5c21f6{ip: 172.18.0.8, host: ozones3-haproxy_datanode_2.ozones3-haproxy_default, networkLocation: /default-rack, certSerialId: null}
datanode_1  | 2019-11-04 16:06:11,629 INFO segmented.SegmentedRaftLogWorker: cefddb72-97bc-4701-b0fa-5593fb5ec57a@group-224AEB70B3FB-SegmentedRaftLogWorker: Starting segment from index:0
datanode_3  | 2019-11-04 16:06:10,305 INFO server.RaftServerConfigKeys: raft.server.staging.catchup.gap = 1000 (default)
scm_1       | 2019-11-04 16:06:11,551 INFO pipeline.PipelineStateManager: Created pipeline Pipeline[ Id: 096a7bbf-253f-4d23-b46a-224aeb70b3fb, Nodes: cefddb72-97bc-4701-b0fa-5593fb5ec57a{ip: 172.18.0.7, host: ozones3-haproxy_datanode_1.ozones3-haproxy_default, networkLocation: /default-rack, certSerialId: null}, Type:RATIS, Factor:ONE, State:OPEN]
datanode_1  | 2019-11-04 16:06:11,640 INFO impl.RaftServerImpl: cefddb72-97bc-4701-b0fa-5593fb5ec57a@group-224AEB70B3FB: set configuration 0: [cefddb72-97bc-4701-b0fa-5593fb5ec57a:172.18.0.7:9858], old=null at 0
datanode_3  | 2019-11-04 16:06:10,305 INFO server.RaftServerConfigKeys: raft.server.rpc.sleep.time = 25ms (default)
datanode_1  | 2019-11-04 16:06:11,749 INFO segmented.SegmentedRaftLogWorker: cefddb72-97bc-4701-b0fa-5593fb5ec57a@group-224AEB70B3FB-SegmentedRaftLogWorker: created new log segment /data/metadata/ratis/096a7bbf-253f-4d23-b46a-224aeb70b3fb/current/log_inprogress_0
scm_1       | 2019-11-04 16:06:12,082 INFO pipeline.PipelineStateManager: Created pipeline Pipeline[ Id: af632898-b1c3-4e38-85a8-a21f4c0bec7f, Nodes: 1bbaa987-afa9-4a43-a018-016c6b5c21f6{ip: 172.18.0.8, host: ozones3-haproxy_datanode_2.ozones3-haproxy_default, networkLocation: /default-rack, certSerialId: null}, Type:RATIS, Factor:ONE, State:OPEN]
datanode_3  | 2019-11-04 16:06:10,308 INFO server.RaftServerConfigKeys: raft.server.write.element-limit = 4096 (default)
datanode_1  | 2019-11-04 16:06:12,140 INFO impl.RaftServerProxy: cefddb72-97bc-4701-b0fa-5593fb5ec57a: addNew group-17DB21E9F1FA:[0426a0e4-900d-44df-a76a-f46cd7dfa8d1:172.18.0.6:9858, 1bbaa987-afa9-4a43-a018-016c6b5c21f6:172.18.0.8:9858, cefddb72-97bc-4701-b0fa-5593fb5ec57a:172.18.0.7:9858] returns group-17DB21E9F1FA:java.util.concurrent.CompletableFuture@5c9f3f80[Not completed]
datanode_2  | 2019-11-04 16:06:12,148 INFO server.RaftServerConfigKeys: raft.server.notification.no-leader.timeout = 120s (custom)
scm_1       | 2019-11-04 16:06:12,203 INFO pipeline.PipelineStateManager: Created pipeline Pipeline[ Id: 11927f60-7d28-4049-9bdf-17db21e9f1fa, Nodes: 0426a0e4-900d-44df-a76a-f46cd7dfa8d1{ip: 172.18.0.6, host: ozones3-haproxy_datanode_3.ozones3-haproxy_default, networkLocation: /default-rack, certSerialId: null}1bbaa987-afa9-4a43-a018-016c6b5c21f6{ip: 172.18.0.8, host: ozones3-haproxy_datanode_2.ozones3-haproxy_default, networkLocation: /default-rack, certSerialId: null}cefddb72-97bc-4701-b0fa-5593fb5ec57a{ip: 172.18.0.7, host: ozones3-haproxy_datanode_1.ozones3-haproxy_default, networkLocation: /default-rack, certSerialId: null}, Type:RATIS, Factor:THREE, State:OPEN]
datanode_3  | 2019-11-04 16:06:10,311 INFO server.RaftServerConfigKeys: raft.server.watch.timeout = 10s (default)
datanode_1  | 2019-11-04 16:06:12,145 INFO impl.RaftServerImpl: cefddb72-97bc-4701-b0fa-5593fb5ec57a: new RaftServerImpl for group-17DB21E9F1FA:[0426a0e4-900d-44df-a76a-f46cd7dfa8d1:172.18.0.6:9858, 1bbaa987-afa9-4a43-a018-016c6b5c21f6:172.18.0.8:9858, cefddb72-97bc-4701-b0fa-5593fb5ec57a:172.18.0.7:9858] with ContainerStateMachine:uninitialized
datanode_2  | 2019-11-04 16:06:12,148 INFO server.RaftServerConfigKeys: raft.server.log.use.memory = false (default)
scm_1       | 2019-11-04 16:06:28,903 INFO server.SCMBlockProtocolServer: Allocating 1 blocks of size 268435456, with ExcludeList {datanodes = [], containerIds = [], pipelineIds = []}
datanode_3  | 2019-11-04 16:06:10,311 INFO server.RaftServerConfigKeys: raft.server.watch.timeout.denomination = 1s (default)
datanode_1  | 2019-11-04 16:06:12,145 INFO server.RaftServerConfigKeys: raft.server.rpc.timeout.min = 5s (custom)
datanode_2  | 2019-11-04 16:06:12,148 INFO server.RaftServerConfigKeys: raft.server.log.purge.gap = 1000000 (custom)
scm_1       | 2019-11-04 16:06:28,910 INFO pipeline.PipelineStateManager: Created pipeline Pipeline[ Id: 1c64386b-9929-440b-802c-537b9a3b4270, Nodes: 0426a0e4-900d-44df-a76a-f46cd7dfa8d1{ip: 172.18.0.6, host: ozones3-haproxy_datanode_3.ozones3-haproxy_default, networkLocation: /default-rack, certSerialId: null}, Type:STAND_ALONE, Factor:ONE, State:OPEN]
datanode_3  | 2019-11-04 16:06:10,312 INFO server.RaftServerConfigKeys: raft.server.watch.element-limit = 65536 (default)
datanode_1  | 2019-11-04 16:06:12,145 INFO server.RaftServerConfigKeys: raft.server.rpc.timeout.max = 5200ms (custom)
datanode_2  | 2019-11-04 16:06:12,149 INFO server.RaftServerConfigKeys: raft.server.log.appender.buffer.byte-limit = 33554432 (custom)
scm_1       | 2019-11-04 16:06:30,658 INFO server.SCMBlockProtocolServer: Allocating 1 blocks of size 268435456, with ExcludeList {datanodes = [], containerIds = [], pipelineIds = []}
datanode_1  | 2019-11-04 16:06:12,146 INFO server.RaftServerConfigKeys: raft.server.rpcslowness.timeout = 120s (custom)
datanode_3  | 2019-11-04 16:06:10,326 INFO impl.RoleInfo: 0426a0e4-900d-44df-a76a-f46cd7dfa8d1: start LeaderState
datanode_2  | 2019-11-04 16:06:12,149 INFO server.RaftServerConfigKeys: raft.server.log.segment.size.max = 1048576 (custom)
scm_1       | 2019-11-04 16:06:30,803 INFO server.SCMBlockProtocolServer: Allocating 1 blocks of size 268435456, with ExcludeList {datanodes = [], containerIds = [], pipelineIds = []}
datanode_1  | 2019-11-04 16:06:12,146 INFO server.RaftServerConfigKeys: raft.server.sleep.deviation.threshold = 300 (default)
datanode_3  | 2019-11-04 16:06:10,344 INFO segmented.SegmentedRaftLogWorker: 0426a0e4-900d-44df-a76a-f46cd7dfa8d1@group-F24BEBEE370B-SegmentedRaftLogWorker: Starting segment from index:0
datanode_2  | 2019-11-04 16:06:12,149 INFO server.RaftServerConfigKeys: raft.server.log.segment.cache.num.max = 2 (custom)
scm_1       | 2019-11-04 16:06:30,940 INFO server.SCMBlockProtocolServer: Allocating 1 blocks of size 268435456, with ExcludeList {datanodes = [], containerIds = [], pipelineIds = []}
datanode_3  | 2019-11-04 16:06:10,355 INFO impl.RaftServerImpl: 0426a0e4-900d-44df-a76a-f46cd7dfa8d1@group-F24BEBEE370B: set configuration 0: [0426a0e4-900d-44df-a76a-f46cd7dfa8d1:172.18.0.6:9858], old=null at 0
datanode_2  | 2019-11-04 16:06:12,149 INFO segmented.SegmentedRaftLogWorker: new 1bbaa987-afa9-4a43-a018-016c6b5c21f6@group-17DB21E9F1FA-SegmentedRaftLogWorker for RaftStorage:Storage Directory /data/metadata/ratis/11927f60-7d28-4049-9bdf-17db21e9f1fa
datanode_1  | 2019-11-04 16:06:12,146 INFO server.RaftServerConfigKeys: raft.server.log.appender.install.snapshot.enabled = false (custom)
scm_1       | 2019-11-04 16:06:30,997 INFO server.SCMBlockProtocolServer: Allocating 1 blocks of size 268435456, with ExcludeList {datanodes = [], containerIds = [], pipelineIds = []}
datanode_3  | 2019-11-04 16:06:10,466 INFO segmented.SegmentedRaftLogWorker: 0426a0e4-900d-44df-a76a-f46cd7dfa8d1@group-F24BEBEE370B-SegmentedRaftLogWorker: created new log segment /data/metadata/ratis/2f578c6f-cf23-49d8-a70d-f24bebee370b/current/log_inprogress_0
datanode_1  | 2019-11-04 16:06:12,146 INFO impl.RaftServerImpl: cefddb72-97bc-4701-b0fa-5593fb5ec57a@group-17DB21E9F1FA: ConfigurationManager, init=-1: [0426a0e4-900d-44df-a76a-f46cd7dfa8d1:172.18.0.6:9858, 1bbaa987-afa9-4a43-a018-016c6b5c21f6:172.18.0.8:9858, cefddb72-97bc-4701-b0fa-5593fb5ec57a:172.18.0.7:9858], old=null, confs=<EMPTY_MAP>
datanode_2  | 2019-11-04 16:06:12,149 INFO server.RaftServerConfigKeys: raft.server.log.queue.byte-limit = 2147483647 (custom)
scm_1       | 2019-11-04 16:06:31,075 INFO server.SCMBlockProtocolServer: Allocating 1 blocks of size 268435456, with ExcludeList {datanodes = [], containerIds = [], pipelineIds = []}
datanode_3  | 2019-11-04 16:06:12,140 INFO impl.RaftServerProxy: 0426a0e4-900d-44df-a76a-f46cd7dfa8d1: addNew group-17DB21E9F1FA:[0426a0e4-900d-44df-a76a-f46cd7dfa8d1:172.18.0.6:9858, 1bbaa987-afa9-4a43-a018-016c6b5c21f6:172.18.0.8:9858, cefddb72-97bc-4701-b0fa-5593fb5ec57a:172.18.0.7:9858] returns group-17DB21E9F1FA:java.util.concurrent.CompletableFuture@347c7b90[Not completed]
datanode_1  | 2019-11-04 16:06:12,146 INFO server.RaftServerConfigKeys: raft.server.storage.dir = [/data/metadata/ratis] (custom)
datanode_2  | 2019-11-04 16:06:12,149 INFO server.RaftServerConfigKeys: raft.server.log.queue.element-limit = 1024 (custom)
scm_1       | 2019-11-04 16:06:31,137 INFO server.SCMBlockProtocolServer: Allocating 1 blocks of size 268435456, with ExcludeList {datanodes = [], containerIds = [], pipelineIds = []}
datanode_1  | 2019-11-04 16:06:12,147 INFO server.RaftServerConfigKeys: raft.server.log.corruption.policy = EXCEPTION (default)
datanode_3  | 2019-11-04 16:06:12,143 INFO impl.RaftServerImpl: 0426a0e4-900d-44df-a76a-f46cd7dfa8d1: new RaftServerImpl for group-17DB21E9F1FA:[0426a0e4-900d-44df-a76a-f46cd7dfa8d1:172.18.0.6:9858, 1bbaa987-afa9-4a43-a018-016c6b5c21f6:172.18.0.8:9858, cefddb72-97bc-4701-b0fa-5593fb5ec57a:172.18.0.7:9858] with ContainerStateMachine:uninitialized
datanode_2  | 2019-11-04 16:06:12,150 INFO server.RaftServerConfigKeys: raft.server.log.segment.size.max = 1048576 (custom)
scm_1       | 2019-11-04 16:06:31,181 INFO server.SCMBlockProtocolServer: Allocating 1 blocks of size 268435456, with ExcludeList {datanodes = [], containerIds = [], pipelineIds = []}
datanode_1  | 2019-11-04 16:06:12,147 INFO storage.RaftStorageDirectory: The storage directory /data/metadata/ratis/11927f60-7d28-4049-9bdf-17db21e9f1fa does not exist. Creating ...
datanode_3  | 2019-11-04 16:06:12,143 INFO server.RaftServerConfigKeys: raft.server.rpc.timeout.min = 5s (custom)
scm_1       | 2019-11-04 16:06:31,230 INFO server.SCMBlockProtocolServer: Allocating 1 blocks of size 268435456, with ExcludeList {datanodes = [], containerIds = [], pipelineIds = []}
datanode_2  | 2019-11-04 16:06:12,150 INFO server.RaftServerConfigKeys: raft.server.log.preallocated.size = 16384 (custom)
datanode_3  | 2019-11-04 16:06:12,143 INFO server.RaftServerConfigKeys: raft.server.rpc.timeout.max = 5200ms (custom)
scm_1       | 2019-11-04 16:06:31,284 INFO server.SCMBlockProtocolServer: Allocating 1 blocks of size 268435456, with ExcludeList {datanodes = [], containerIds = [], pipelineIds = []}
datanode_1  | 2019-11-04 16:06:12,161 INFO storage.RaftStorageDirectory: Lock on /data/metadata/ratis/11927f60-7d28-4049-9bdf-17db21e9f1fa/in_use.lock acquired by nodename 7@dd3f9e09a7d1
datanode_2  | 2019-11-04 16:06:12,150 INFO server.RaftServerConfigKeys: raft.server.log.write.buffer.size = 33554432 (custom)
datanode_1  | 2019-11-04 16:06:12,186 INFO storage.RaftStorage: Storage directory /data/metadata/ratis/11927f60-7d28-4049-9bdf-17db21e9f1fa has been successfully formatted.
scm_1       | 2019-11-04 16:06:31,339 INFO server.SCMBlockProtocolServer: Allocating 1 blocks of size 268435456, with ExcludeList {datanodes = [], containerIds = [], pipelineIds = []}
datanode_3  | 2019-11-04 16:06:12,143 INFO server.RaftServerConfigKeys: raft.server.rpcslowness.timeout = 120s (custom)
datanode_2  | 2019-11-04 16:06:12,150 INFO server.RaftServerConfigKeys: raft.server.log.force.sync.num = 128 (default)
scm_1       | 2019-11-04 16:06:31,388 INFO server.SCMBlockProtocolServer: Allocating 1 blocks of size 268435456, with ExcludeList {datanodes = [], containerIds = [], pipelineIds = []}
datanode_1  | 2019-11-04 16:06:12,187 [pool-8-thread-1] INFO       - group-17DB21E9F1FA: The snapshot info is null. Setting the last applied indexto:(t:0, i:~)
datanode_1  | 2019-11-04 16:06:12,187 INFO server.RaftServerConfigKeys: raft.server.notification.no-leader.timeout = 120s (custom)
datanode_2  | 2019-11-04 16:06:12,150 INFO server.RaftServerConfigKeys: raft.server.log.statemachine.data.sync = true (default)
datanode_3  | 2019-11-04 16:06:12,143 INFO server.RaftServerConfigKeys: raft.server.sleep.deviation.threshold = 300 (default)
scm_1       | 2019-11-04 16:06:31,431 INFO server.SCMBlockProtocolServer: Allocating 1 blocks of size 268435456, with ExcludeList {datanodes = [], containerIds = [], pipelineIds = []}
datanode_1  | 2019-11-04 16:06:12,188 INFO server.RaftServerConfigKeys: raft.server.log.use.memory = false (default)
datanode_2  | 2019-11-04 16:06:12,150 INFO server.RaftServerConfigKeys: raft.server.log.statemachine.data.sync.timeout = 10s (default)
datanode_3  | 2019-11-04 16:06:12,143 INFO server.RaftServerConfigKeys: raft.server.log.appender.install.snapshot.enabled = false (custom)
scm_1       | 2019-11-04 16:06:31,478 INFO server.SCMBlockProtocolServer: Allocating 1 blocks of size 268435456, with ExcludeList {datanodes = [], containerIds = [], pipelineIds = []}
datanode_1  | 2019-11-04 16:06:12,188 INFO server.RaftServerConfigKeys: raft.server.log.purge.gap = 1000000 (custom)
datanode_2  | 2019-11-04 16:06:12,150 INFO server.RaftServerConfigKeys: raft.server.log.statemachine.data.sync.timeout.retry = -1 (default)
datanode_3  | 2019-11-04 16:06:12,143 INFO impl.RaftServerImpl: 0426a0e4-900d-44df-a76a-f46cd7dfa8d1@group-17DB21E9F1FA: ConfigurationManager, init=-1: [0426a0e4-900d-44df-a76a-f46cd7dfa8d1:172.18.0.6:9858, 1bbaa987-afa9-4a43-a018-016c6b5c21f6:172.18.0.8:9858, cefddb72-97bc-4701-b0fa-5593fb5ec57a:172.18.0.7:9858], old=null, confs=<EMPTY_MAP>
scm_1       | 2019-11-04 16:06:31,522 INFO server.SCMBlockProtocolServer: Allocating 1 blocks of size 268435456, with ExcludeList {datanodes = [], containerIds = [], pipelineIds = []}
datanode_1  | 2019-11-04 16:06:12,188 INFO server.RaftServerConfigKeys: raft.server.log.appender.buffer.byte-limit = 33554432 (custom)
datanode_2  | 2019-11-04 16:06:12,150 INFO server.RaftServerConfigKeys: raft.server.log.statemachine.data.caching.enabled = true (custom)
datanode_3  | 2019-11-04 16:06:12,144 INFO server.RaftServerConfigKeys: raft.server.storage.dir = [/data/metadata/ratis] (custom)
scm_1       | 2019-11-04 16:06:31,569 INFO server.SCMBlockProtocolServer: Allocating 1 blocks of size 268435456, with ExcludeList {datanodes = [], containerIds = [], pipelineIds = []}
datanode_1  | 2019-11-04 16:06:12,188 INFO server.RaftServerConfigKeys: raft.server.log.segment.size.max = 1048576 (custom)
datanode_2  | 2019-11-04 16:06:12,151 INFO segmented.SegmentedRaftLogWorker: 1bbaa987-afa9-4a43-a018-016c6b5c21f6@group-17DB21E9F1FA-SegmentedRaftLogWorker: flushIndex: setUnconditionally 0 -> -1
datanode_3  | 2019-11-04 16:06:12,144 INFO server.RaftServerConfigKeys: raft.server.log.corruption.policy = EXCEPTION (default)
datanode_1  | 2019-11-04 16:06:12,188 INFO server.RaftServerConfigKeys: raft.server.log.segment.cache.num.max = 2 (custom)
datanode_2  | 2019-11-04 16:06:12,151 INFO server.RaftServerConfigKeys: raft.server.snapshot.auto.trigger.enabled = true (custom)
scm_1       | 2019-11-04 16:06:31,622 INFO server.SCMBlockProtocolServer: Allocating 1 blocks of size 268435456, with ExcludeList {datanodes = [], containerIds = [], pipelineIds = []}
datanode_3  | 2019-11-04 16:06:12,144 INFO storage.RaftStorageDirectory: The storage directory /data/metadata/ratis/11927f60-7d28-4049-9bdf-17db21e9f1fa does not exist. Creating ...
datanode_1  | 2019-11-04 16:06:12,188 INFO segmented.SegmentedRaftLogWorker: new cefddb72-97bc-4701-b0fa-5593fb5ec57a@group-17DB21E9F1FA-SegmentedRaftLogWorker for RaftStorage:Storage Directory /data/metadata/ratis/11927f60-7d28-4049-9bdf-17db21e9f1fa
datanode_2  | 2019-11-04 16:06:12,151 INFO server.RaftServerConfigKeys: raft.server.snapshot.auto.trigger.threshold = 10000 (custom)
scm_1       | 2019-11-04 16:06:31,665 INFO server.SCMBlockProtocolServer: Allocating 1 blocks of size 268435456, with ExcludeList {datanodes = [], containerIds = [], pipelineIds = []}
datanode_3  | 2019-11-04 16:06:12,148 INFO storage.RaftStorageDirectory: Lock on /data/metadata/ratis/11927f60-7d28-4049-9bdf-17db21e9f1fa/in_use.lock acquired by nodename 7@eccb4676b5a8
datanode_1  | 2019-11-04 16:06:12,188 INFO server.RaftServerConfigKeys: raft.server.log.queue.byte-limit = 2147483647 (custom)
datanode_2  | 2019-11-04 16:06:12,152 INFO server.RaftServerConfigKeys: raft.server.snapshot.retention.file.num = 5 (custom)
scm_1       | 2019-11-04 16:06:31,704 INFO server.SCMBlockProtocolServer: Allocating 1 blocks of size 268435456, with ExcludeList {datanodes = [], containerIds = [], pipelineIds = []}
datanode_3  | 2019-11-04 16:06:12,161 INFO storage.RaftStorage: Storage directory /data/metadata/ratis/11927f60-7d28-4049-9bdf-17db21e9f1fa has been successfully formatted.
datanode_1  | 2019-11-04 16:06:12,188 INFO server.RaftServerConfigKeys: raft.server.log.queue.element-limit = 1024 (custom)
