Attaching to ozonesecure-mr_nm_1, ozonesecure-mr_kms_1, ozonesecure-mr_s3g_1, ozonesecure-mr_rm_1, ozonesecure-mr_om_1, jhs, ozonesecure-mr_scm_1, ozonesecure-mr_kdc_1, ozonesecure-mr_datanode_3, ozonesecure-mr_datanode_1, ozonesecure-mr_datanode_2
nm_1        | Sleeping for 5 seconds
nm_1        | Setting up kerberos!!
nm_1        | KDC ISSUER_SERVER => kdc:8081
nm_1        | Sleeping for  seconds
nm_1        | /opt/starter.sh: line 66: SLEEP_SECONDS: command not found
nm_1        | Got 200, KDC service ready!!
nm_1        | Download dn/nm@EXAMPLE.COM keytab file to /etc/security/keytabs/dn.keytab
nm_1        | --2019-10-31 02:41:00--  http://kdc:8081/keytab/nm/dn
nm_1        | Resolving kdc (kdc)... 172.19.0.5
nm_1        | Connecting to kdc (kdc)|172.19.0.5|:8081... connected.
nm_1        | HTTP request sent, awaiting response... 200 OK
nm_1        | Length: 138 [application/octet-stream]
nm_1        | Saving to: '/etc/security/keytabs/dn.keytab'
nm_1        | 
nm_1        |      0K                                                       100% 10.4M=0s
nm_1        | 
nm_1        | 2019-10-31 02:41:01 (10.4 MB/s) - '/etc/security/keytabs/dn.keytab' saved [138/138]
nm_1        | 
kms_1       | Sleeping for 5 seconds
nm_1        | Keytab name: FILE:/etc/security/keytabs/dn.keytab
s3g_1       | Sleeping for 5 seconds
kms_1       | Setting up kerberos!!
nm_1        | KVNO Timestamp         Principal
s3g_1       | Setting up kerberos!!
kms_1       | KDC ISSUER_SERVER => kdc:8081
nm_1        | ---- ----------------- --------------------------------------------------------
s3g_1       | KDC ISSUER_SERVER => kdc:8081
kms_1       | /opt/starter.sh: line 66: SLEEP_SECONDS: command not found
nm_1        |    2 10/31/19 02:41:01 dn/nm@EXAMPLE.COM
s3g_1       | Sleeping for 5 seconds
kms_1       | Sleeping for  seconds
nm_1        |    2 10/31/19 02:41:01 dn/nm@EXAMPLE.COM
s3g_1       | Got 200, KDC service ready!!
kms_1       | Got 200, KDC service ready!!
nm_1        | Download om/nm@EXAMPLE.COM keytab file to /etc/security/keytabs/om.keytab
s3g_1       | Download dn/s3g@EXAMPLE.COM keytab file to /etc/security/keytabs/dn.keytab
om_1        | Sleeping for 5 seconds
jhs         | Sleeping for 5 seconds
kms_1       | Download dn/cd711070405e@EXAMPLE.COM keytab file to /etc/security/keytabs/dn.keytab
nm_1        | --2019-10-31 02:41:01--  http://kdc:8081/keytab/nm/om
s3g_1       | --2019-10-31 02:41:06--  http://kdc:8081/keytab/s3g/dn
om_1        | Setting up kerberos!!
rm_1        | Sleeping for 5 seconds
jhs         | Setting up kerberos!!
scm_1       | Sleeping for 5 seconds
kms_1       | --2019-10-31 02:41:05--  http://kdc:8081/keytab/cd711070405e/dn
nm_1        | Resolving kdc (kdc)... 172.19.0.5
s3g_1       | Resolving kdc (kdc)... 172.19.0.5
om_1        | KDC ISSUER_SERVER => kdc:8081
rm_1        | Setting up kerberos!!
jhs         | KDC ISSUER_SERVER => kdc:8081
kdc_1       | Issuer is listening on : 8081krb5kdc: starting...
scm_1       | Setting up kerberos!!
kms_1       | Resolving kdc (kdc)... 172.19.0.5
nm_1        | Connecting to kdc (kdc)|172.19.0.5|:8081... connected.
datanode_1  | Sleeping for 5 seconds
datanode_3  | Sleeping for 5 seconds
s3g_1       | Connecting to kdc (kdc)|172.19.0.5|:8081... connected.
om_1        | Sleeping for 5 seconds
jhs         | Sleeping for  seconds
kdc_1       | Oct 31 02:40:18 515d5df394c7 kdb5_util[1](info): No dictionary file specified, continuing without one.
scm_1       | KDC ISSUER_SERVER => kdc:8081
rm_1        | KDC ISSUER_SERVER => kdc:8081
kms_1       | Connecting to kdc (kdc)|172.19.0.5|:8081... connected.
nm_1        | HTTP request sent, awaiting response... 200 OK
datanode_1  | Setting up kerberos!!
datanode_3  | Setting up kerberos!!
s3g_1       | HTTP request sent, awaiting response... 200 OK
datanode_2  | Sleeping for 5 seconds
om_1        | Got 200, KDC service ready!!
jhs         | /opt/starter.sh: line 66: SLEEP_SECONDS: command not found
kdc_1       | Oct 31 02:40:20 c07f893ee58c kadmin.local[1](info): No dictionary file specified, continuing without one.
rm_1        | /opt/starter.sh: line 66: SLEEP_SECONDS: command not found
kms_1       | HTTP request sent, awaiting response... 200 OK
nm_1        | Length: 138 [application/octet-stream]
datanode_1  | KDC ISSUER_SERVER => kdc:8081
datanode_3  | KDC ISSUER_SERVER => kdc:8081
s3g_1       | Length: 140 [application/octet-stream]
scm_1       | Sleeping for 5 seconds
datanode_2  | Setting up kerberos!!
om_1        | Download dn/om@EXAMPLE.COM keytab file to /etc/security/keytabs/dn.keytab
jhs         | Got 200, KDC service ready!!
kdc_1       | Oct 31 02:40:22 ee3459a2dafc kadmin.local[1](info): No dictionary file specified, continuing without one.
rm_1        | Sleeping for  seconds
kms_1       | Length: 158 [application/octet-stream]
nm_1        | Saving to: '/etc/security/keytabs/om.keytab'
datanode_3  | Sleeping for 5 seconds
s3g_1       | Saving to: '/etc/security/keytabs/dn.keytab'
scm_1       | Got 200, KDC service ready!!
datanode_2  | KDC ISSUER_SERVER => kdc:8081
datanode_1  | Sleeping for 5 seconds
om_1        | --2019-10-31 02:41:00--  http://kdc:8081/keytab/om/dn
jhs         | Download dn/jhs@EXAMPLE.COM keytab file to /etc/security/keytabs/dn.keytab
kdc_1       | otp: Loaded
rm_1        | Got 200, KDC service ready!!
kms_1       | Saving to: '/etc/security/keytabs/dn.keytab'
nm_1        | 
datanode_3  | Got 200, KDC service ready!!
s3g_1       | 
datanode_2  | Sleeping for 5 seconds
scm_1       | Download dn/scm@EXAMPLE.COM keytab file to /etc/security/keytabs/dn.keytab
datanode_1  | Got 200, KDC service ready!!
om_1        | Resolving kdc (kdc)... 172.19.0.5
jhs         | --2019-10-31 02:41:01--  http://kdc:8081/keytab/jhs/dn
kdc_1       | Oct 31 02:40:35 kdc krb5kdc[9](info): setting up network...
rm_1        | Download dn/rm@EXAMPLE.COM keytab file to /etc/security/keytabs/dn.keytab
kms_1       | 
nm_1        |      0K                                                       100% 11.0M=0s
datanode_3  | Download dn/fe71747ce620@EXAMPLE.COM keytab file to /etc/security/keytabs/dn.keytab
s3g_1       |      0K                                                       100% 10.4M=0s
datanode_2  | Got 200, KDC service ready!!
scm_1       | --2019-10-31 02:41:00--  http://kdc:8081/keytab/scm/dn
datanode_1  | Download dn/638860032b4b@EXAMPLE.COM keytab file to /etc/security/keytabs/dn.keytab
om_1        | Connecting to kdc (kdc)|172.19.0.5|:8081... connected.
jhs         | Resolving kdc (kdc)... 172.19.0.5
kdc_1       | krb5kdc: setsockopt(9,IPV6_V6ONLY,1) worked
rm_1        | --2019-10-31 02:41:05--  http://kdc:8081/keytab/rm/dn
kms_1       |      0K                                                       100% 11.9M=0s
nm_1        | 
datanode_3  | --2019-10-31 02:41:00--  http://kdc:8081/keytab/fe71747ce620/dn
s3g_1       | 
datanode_2  | Download dn/5791d077ade8@EXAMPLE.COM keytab file to /etc/security/keytabs/dn.keytab
scm_1       | Resolving kdc (kdc)... 172.19.0.5
datanode_1  | --2019-10-31 02:41:00--  http://kdc:8081/keytab/638860032b4b/dn
om_1        | HTTP request sent, awaiting response... 200 OK
jhs         | Connecting to kdc (kdc)|172.19.0.5|:8081... connected.
kdc_1       | krb5kdc: setsockopt(11,IPV6_V6ONLY,1) worked
kms_1       | 
rm_1        | Resolving kdc (kdc)... 172.19.0.5
nm_1        | 2019-10-31 02:41:02 (11.0 MB/s) - '/etc/security/keytabs/om.keytab' saved [138/138]
datanode_3  | Resolving kdc (kdc)... 172.19.0.5
s3g_1       | 2019-10-31 02:41:07 (10.4 MB/s) - '/etc/security/keytabs/dn.keytab' saved [140/140]
datanode_2  | --2019-10-31 02:41:01--  http://kdc:8081/keytab/5791d077ade8/dn
scm_1       | Connecting to kdc (kdc)|172.19.0.5|:8081... connected.
om_1        | Length: 138 [application/octet-stream]
jhs         | HTTP request sent, awaiting response... 200 OK
kdc_1       | Oct 31 02:40:35 kdc krb5kdc[9](info): set up 4 sockets
kms_1       | 2019-10-31 02:41:07 (11.9 MB/s) - '/etc/security/keytabs/dn.keytab' saved [158/158]
rm_1        | Connecting to kdc (kdc)|172.19.0.5|:8081... connected.
nm_1        | 
datanode_3  | Connecting to kdc (kdc)|172.19.0.5|:8081... connected.
s3g_1       | 
datanode_2  | Resolving kdc (kdc)... 172.19.0.5
om_1        | Saving to: '/etc/security/keytabs/dn.keytab'
scm_1       | HTTP request sent, awaiting response... 200 OK
datanode_1  | Resolving kdc (kdc)... 172.19.0.5
jhs         | Length: 140 [application/octet-stream]
kdc_1       | Oct 31 02:40:35 kdc krb5kdc[9](info): commencing operation
kms_1       | 
rm_1        | HTTP request sent, awaiting response... 200 OK
nm_1        | Keytab name: FILE:/etc/security/keytabs/om.keytab
s3g_1       | Keytab name: FILE:/etc/security/keytabs/dn.keytab
datanode_2  | Connecting to kdc (kdc)|172.19.0.5|:8081... connected.
datanode_3  | HTTP request sent, awaiting response... 200 OK
om_1        | 
scm_1       | Length: 140 [application/octet-stream]
datanode_1  | Connecting to kdc (kdc)|172.19.0.5|:8081... connected.
jhs         | Saving to: '/etc/security/keytabs/dn.keytab'
kdc_1       | Generiting keytab
kms_1       | Keytab name: FILE:/etc/security/keytabs/dn.keytab
rm_1        | Length: 138 [application/octet-stream]
s3g_1       | KVNO Timestamp         Principal
nm_1        | KVNO Timestamp         Principal
datanode_3  | Length: 158 [application/octet-stream]
om_1        |      0K                                                       100% 10.5M=0s
datanode_2  | HTTP request sent, awaiting response... 200 OK
jhs         | 
scm_1       | Saving to: '/etc/security/keytabs/dn.keytab'
kdc_1       | Authenticating as principal admin/admin with keytab /tmp/admin.keytab.
datanode_1  | HTTP request sent, awaiting response... 200 OK
kms_1       | KVNO Timestamp         Principal
rm_1        | Saving to: '/etc/security/keytabs/dn.keytab'
s3g_1       | ---- ----------------- --------------------------------------------------------
nm_1        | ---- ----------------- --------------------------------------------------------
datanode_3  | Saving to: '/etc/security/keytabs/dn.keytab'
om_1        | 
datanode_2  | Length: 158 [application/octet-stream]
jhs         |      0K                                                       100% 7.41M=0s
scm_1       | 
kdc_1       | Oct 31 02:40:47 kdc krb5kdc[9](info): AS_REQ (8 etypes {18 17 20 19 16 23 25 26}) 127.0.0.1: SERVER_NOT_FOUND: admin/admin@EXAMPLE.COM for kadmin/localhost@EXAMPLE.COM, Server not found in Kerberos database
datanode_1  | Length: 158 [application/octet-stream]
kms_1       | ---- ----------------- --------------------------------------------------------
rm_1        | 
s3g_1       |    2 10/31/19 02:41:07 dn/s3g@EXAMPLE.COM
nm_1        |    2 10/31/19 02:41:02 om/nm@EXAMPLE.COM
datanode_3  | 
om_1        | 2019-10-31 02:41:01 (10.5 MB/s) - '/etc/security/keytabs/dn.keytab' saved [138/138]
datanode_2  | Saving to: '/etc/security/keytabs/dn.keytab'
jhs         | 
scm_1       |      0K                                                       100% 10.8M=0s
kdc_1       | Oct 31 02:40:47 kdc krb5kdc[9](info): AS_REQ (8 etypes {18 17 20 19 16 23 25 26}) 127.0.0.1: ISSUE: authtime 1572489647, etypes {rep=18 tkt=18 ses=18}, admin/admin@EXAMPLE.COM for kadmin/admin@EXAMPLE.COM
datanode_1  | Saving to: '/etc/security/keytabs/dn.keytab'
kms_1       |    2 10/31/19 02:41:07 dn/cd711070405e@EXAMPLE.COM
rm_1        |      0K                                                       100% 10.7M=0s
s3g_1       |    2 10/31/19 02:41:07 dn/s3g@EXAMPLE.COM
nm_1        |    2 10/31/19 02:41:02 om/nm@EXAMPLE.COM
datanode_3  |      0K                                                       100% 12.2M=0s
om_1        | 
datanode_2  | 
scm_1       | 
jhs         | 2019-10-31 02:41:02 (7.41 MB/s) - '/etc/security/keytabs/dn.keytab' saved [140/140]
kdc_1       | kadmind: starting...
datanode_1  | 
kms_1       |    2 10/31/19 02:41:07 dn/cd711070405e@EXAMPLE.COM
rm_1        | 
s3g_1       | Download om/s3g@EXAMPLE.COM keytab file to /etc/security/keytabs/om.keytab
nm_1        | Download scm/nm@EXAMPLE.COM keytab file to /etc/security/keytabs/scm.keytab
datanode_3  | 
om_1        | Keytab name: FILE:/etc/security/keytabs/dn.keytab
datanode_2  |      0K                                                       100% 11.3M=0s
scm_1       | 2019-10-31 02:41:01 (10.8 MB/s) - '/etc/security/keytabs/dn.keytab' saved [140/140]
jhs         | 
kdc_1       | WARNING: no policy specified for test/test@EXAMPLE.COM; defaulting to no policy
datanode_1  |      0K                                                       100% 11.5M=0s
kms_1       | Download om/cd711070405e@EXAMPLE.COM keytab file to /etc/security/keytabs/om.keytab
rm_1        | 2019-10-31 02:41:07 (10.7 MB/s) - '/etc/security/keytabs/dn.keytab' saved [138/138]
s3g_1       | --2019-10-31 02:41:07--  http://kdc:8081/keytab/s3g/om
nm_1        | --2019-10-31 02:41:02--  http://kdc:8081/keytab/nm/scm
datanode_3  | 2019-10-31 02:41:01 (12.2 MB/s) - '/etc/security/keytabs/dn.keytab' saved [158/158]
om_1        | KVNO Timestamp         Principal
datanode_2  | 
scm_1       | 
jhs         | Keytab name: FILE:/etc/security/keytabs/dn.keytab
kdc_1       | Principal "test/test@EXAMPLE.COM" created.
datanode_1  | 
kms_1       | --2019-10-31 02:41:07--  http://kdc:8081/keytab/cd711070405e/om
rm_1        | 
s3g_1       | Resolving kdc (kdc)... 172.19.0.5
datanode_3  | 
nm_1        | Resolving kdc (kdc)... 172.19.0.5
om_1        | ---- ----------------- --------------------------------------------------------
datanode_2  | 2019-10-31 02:41:02 (11.3 MB/s) - '/etc/security/keytabs/dn.keytab' saved [158/158]
scm_1       | Keytab name: FILE:/etc/security/keytabs/dn.keytab
jhs         | KVNO Timestamp         Principal
kdc_1       | Authenticating as principal admin/admin with keytab /tmp/admin.keytab.
datanode_1  | 2019-10-31 02:41:01 (11.5 MB/s) - '/etc/security/keytabs/dn.keytab' saved [158/158]
kms_1       | Resolving kdc (kdc)... 172.19.0.5
rm_1        | Keytab name: FILE:/etc/security/keytabs/dn.keytab
s3g_1       | Connecting to kdc (kdc)|172.19.0.5|:8081... connected.
datanode_3  | Keytab name: FILE:/etc/security/keytabs/dn.keytab
nm_1        | Connecting to kdc (kdc)|172.19.0.5|:8081... connected.
om_1        |    2 10/31/19 02:41:01 dn/om@EXAMPLE.COM
datanode_2  | 
jhs         | ---- ----------------- --------------------------------------------------------
scm_1       | KVNO Timestamp         Principal
kdc_1       | Oct 31 02:41:00 kdc krb5kdc[9](info): AS_REQ (8 etypes {18 17 20 19 16 23 25 26}) 127.0.0.1: SERVER_NOT_FOUND: admin/admin@EXAMPLE.COM for kadmin/localhost@EXAMPLE.COM, Server not found in Kerberos database
kms_1       | Connecting to kdc (kdc)|172.19.0.5|:8081... connected.
rm_1        | KVNO Timestamp         Principal
datanode_1  | 
s3g_1       | HTTP request sent, awaiting response... 200 OK
datanode_3  | KVNO Timestamp         Principal
nm_1        | HTTP request sent, awaiting response... 200 OK
om_1        |    2 10/31/19 02:41:01 dn/om@EXAMPLE.COM
datanode_2  | Keytab name: FILE:/etc/security/keytabs/dn.keytab
jhs         |    2 10/31/19 02:41:02 dn/jhs@EXAMPLE.COM
scm_1       | ---- ----------------- --------------------------------------------------------
kdc_1       | Oct 31 02:41:00 kdc krb5kdc[9](info): AS_REQ (8 etypes {18 17 20 19 16 23 25 26}) 127.0.0.1: ISSUE: authtime 1572489660, etypes {rep=18 tkt=18 ses=18}, admin/admin@EXAMPLE.COM for kadmin/admin@EXAMPLE.COM
kms_1       | HTTP request sent, awaiting response... 200 OK
rm_1        | ---- ----------------- --------------------------------------------------------
datanode_1  | Keytab name: FILE:/etc/security/keytabs/dn.keytab
s3g_1       | Length: 140 [application/octet-stream]
datanode_3  | ---- ----------------- --------------------------------------------------------
nm_1        | Length: 140 [application/octet-stream]
om_1        | Download om/om@EXAMPLE.COM keytab file to /etc/security/keytabs/om.keytab
datanode_2  | KVNO Timestamp         Principal
jhs         |    2 10/31/19 02:41:02 dn/jhs@EXAMPLE.COM
scm_1       |    2 10/31/19 02:41:01 dn/scm@EXAMPLE.COM
kdc_1       | Entry for principal test/test@EXAMPLE.COM with kvno 2, encryption type aes256-cts-hmac-sha1-96 added to keytab WRFILE:/data/test.test.keytab.
kms_1       | Length: 158 [application/octet-stream]
rm_1        |    2 10/31/19 02:41:07 dn/rm@EXAMPLE.COM
datanode_1  | KVNO Timestamp         Principal
s3g_1       | Saving to: '/etc/security/keytabs/om.keytab'
datanode_3  |    2 10/31/19 02:41:01 dn/fe71747ce620@EXAMPLE.COM
om_1        | --2019-10-31 02:41:01--  http://kdc:8081/keytab/om/om
datanode_2  | ---- ----------------- --------------------------------------------------------
scm_1       |    2 10/31/19 02:41:01 dn/scm@EXAMPLE.COM
jhs         | Download om/jhs@EXAMPLE.COM keytab file to /etc/security/keytabs/om.keytab
kdc_1       | Entry for principal test/test@EXAMPLE.COM with kvno 2, encryption type aes128-cts-hmac-sha1-96 added to keytab WRFILE:/data/test.test.keytab.
kms_1       | Saving to: '/etc/security/keytabs/om.keytab'
rm_1        |    2 10/31/19 02:41:07 dn/rm@EXAMPLE.COM
datanode_1  | ---- ----------------- --------------------------------------------------------
nm_1        | Saving to: '/etc/security/keytabs/scm.keytab'
s3g_1       | 
datanode_3  |    2 10/31/19 02:41:01 dn/fe71747ce620@EXAMPLE.COM
datanode_2  |    2 10/31/19 02:41:02 dn/5791d077ade8@EXAMPLE.COM
om_1        | Resolving kdc (kdc)... 172.19.0.5
scm_1       | Download om/scm@EXAMPLE.COM keytab file to /etc/security/keytabs/om.keytab
jhs         | --2019-10-31 02:41:02--  http://kdc:8081/keytab/jhs/om
kdc_1       | Generiting keytab
kms_1       | 
rm_1        | Download om/rm@EXAMPLE.COM keytab file to /etc/security/keytabs/om.keytab
datanode_1  |    2 10/31/19 02:41:01 dn/638860032b4b@EXAMPLE.COM
nm_1        | 
s3g_1       |      0K                                                       100% 10.8M=0s
datanode_3  | Download om/fe71747ce620@EXAMPLE.COM keytab file to /etc/security/keytabs/om.keytab
datanode_2  |    2 10/31/19 02:41:02 dn/5791d077ade8@EXAMPLE.COM
om_1        | Connecting to kdc (kdc)|172.19.0.5|:8081... connected.
scm_1       | --2019-10-31 02:41:02--  http://kdc:8081/keytab/scm/om
jhs         | Resolving kdc (kdc)... 172.19.0.5
kdc_1       | Authenticating as principal admin/admin with keytab /tmp/admin.keytab.
kms_1       |      0K                                                       100% 11.5M=0s
rm_1        | --2019-10-31 02:41:07--  http://kdc:8081/keytab/rm/om
datanode_1  |    2 10/31/19 02:41:01 dn/638860032b4b@EXAMPLE.COM
nm_1        |      0K                                                       100% 7.90M=0s
s3g_1       | 
datanode_3  | --2019-10-31 02:41:01--  http://kdc:8081/keytab/fe71747ce620/om
datanode_2  | Download om/5791d077ade8@EXAMPLE.COM keytab file to /etc/security/keytabs/om.keytab
om_1        | HTTP request sent, awaiting response... 200 OK
scm_1       | Resolving kdc (kdc)... 172.19.0.5
jhs         | Connecting to kdc (kdc)|172.19.0.5|:8081... connected.
kdc_1       | WARNING: no policy specified for test/test@EXAMPLE.COM; defaulting to no policy
kms_1       | 
rm_1        | Resolving kdc (kdc)... 172.19.0.5
datanode_1  | Download om/638860032b4b@EXAMPLE.COM keytab file to /etc/security/keytabs/om.keytab
nm_1        | 
s3g_1       | 2019-10-31 02:41:09 (10.8 MB/s) - '/etc/security/keytabs/om.keytab' saved [140/140]
datanode_3  | Resolving kdc (kdc)... 172.19.0.5
datanode_2  | --2019-10-31 02:41:02--  http://kdc:8081/keytab/5791d077ade8/om
scm_1       | Connecting to kdc (kdc)|172.19.0.5|:8081... connected.
jhs         | HTTP request sent, awaiting response... 200 OK
om_1        | Length: 138 [application/octet-stream]
kdc_1       | add_principal: Principal or policy already exists while creating "test/test@EXAMPLE.COM".
kms_1       | 2019-10-31 02:41:09 (11.5 MB/s) - '/etc/security/keytabs/om.keytab' saved [158/158]
rm_1        | Connecting to kdc (kdc)|172.19.0.5|:8081... connected.
datanode_1  | --2019-10-31 02:41:01--  http://kdc:8081/keytab/638860032b4b/om
nm_1        | 2019-10-31 02:41:04 (7.90 MB/s) - '/etc/security/keytabs/scm.keytab' saved [140/140]
s3g_1       | 
datanode_2  | Resolving kdc (kdc)... 172.19.0.5
scm_1       | HTTP request sent, awaiting response... 200 OK
jhs         | Length: 140 [application/octet-stream]
om_1        | Saving to: '/etc/security/keytabs/om.keytab'
kdc_1       | Authenticating as principal admin/admin with keytab /tmp/admin.keytab.
kms_1       | 
rm_1        | HTTP request sent, awaiting response... 200 OK
datanode_1  | Resolving kdc (kdc)... 172.19.0.5
nm_1        | 
datanode_3  | Connecting to kdc (kdc)|172.19.0.5|:8081... connected.
s3g_1       | Keytab name: FILE:/etc/security/keytabs/om.keytab
datanode_2  | Connecting to kdc (kdc)|172.19.0.5|:8081... connected.
scm_1       | Length: 140 [application/octet-stream]
jhs         | Saving to: '/etc/security/keytabs/om.keytab'
om_1        | 
kdc_1       | Entry for principal test/test@EXAMPLE.COM with kvno 3, encryption type aes256-cts-hmac-sha1-96 added to keytab WRFILE:/data/test.test.keytab.
kms_1       | Keytab name: FILE:/etc/security/keytabs/om.keytab
rm_1        | Length: 138 [application/octet-stream]
datanode_1  | Connecting to kdc (kdc)|172.19.0.5|:8081... connected.
nm_1        | Keytab name: FILE:/etc/security/keytabs/scm.keytab
datanode_3  | HTTP request sent, awaiting response... 200 OK
s3g_1       | KVNO Timestamp         Principal
datanode_2  | HTTP request sent, awaiting response... 200 OK
scm_1       | Saving to: '/etc/security/keytabs/om.keytab'
jhs         | 
om_1        |      0K                                                       100% 10.7M=0s
kdc_1       | Entry for principal test/test@EXAMPLE.COM with kvno 3, encryption type aes128-cts-hmac-sha1-96 added to keytab WRFILE:/data/test.test.keytab.
kms_1       | KVNO Timestamp         Principal
rm_1        | Saving to: '/etc/security/keytabs/om.keytab'
datanode_1  | HTTP request sent, awaiting response... 200 OK
nm_1        | KVNO Timestamp         Principal
datanode_3  | Length: 158 [application/octet-stream]
s3g_1       | ---- ----------------- --------------------------------------------------------
datanode_2  | Length: 158 [application/octet-stream]
scm_1       | 
jhs         |      0K                                                       100% 11.9M=0s
om_1        | 
kdc_1       | Generiting keytab
kms_1       | ---- ----------------- --------------------------------------------------------
rm_1        | 
datanode_1  | Length: 158 [application/octet-stream]
nm_1        | ---- ----------------- --------------------------------------------------------
datanode_3  | Saving to: '/etc/security/keytabs/om.keytab'
s3g_1       |    2 10/31/19 02:41:09 om/s3g@EXAMPLE.COM
datanode_2  | Saving to: '/etc/security/keytabs/om.keytab'
scm_1       |      0K                                                       100% 10.4M=0s
jhs         | 
om_1        | 2019-10-31 02:41:02 (10.7 MB/s) - '/etc/security/keytabs/om.keytab' saved [138/138]
kdc_1       | Authenticating as principal admin/admin with keytab /tmp/admin.keytab.
kms_1       |    2 10/31/19 02:41:09 om/cd711070405e@EXAMPLE.COM
rm_1        |      0K                                                       100% 10.2M=0s
datanode_1  | Saving to: '/etc/security/keytabs/om.keytab'
nm_1        |    2 10/31/19 02:41:03 scm/nm@EXAMPLE.COM
datanode_3  | 
s3g_1       |    2 10/31/19 02:41:09 om/s3g@EXAMPLE.COM
datanode_2  | 
scm_1       | 
jhs         | 2019-10-31 02:41:03 (11.9 MB/s) - '/etc/security/keytabs/om.keytab' saved [140/140]
om_1        | 
kdc_1       | WARNING: no policy specified for test/test@EXAMPLE.COM; defaulting to no policy
kms_1       |    2 10/31/19 02:41:09 om/cd711070405e@EXAMPLE.COM
rm_1        | 
datanode_1  | 
nm_1        |    2 10/31/19 02:41:03 scm/nm@EXAMPLE.COM
datanode_3  |      0K                                                       100% 14.5M=0s
s3g_1       | Download scm/s3g@EXAMPLE.COM keytab file to /etc/security/keytabs/scm.keytab
datanode_2  |      0K                                                       100% 9.46M=0s
scm_1       | 2019-10-31 02:41:03 (10.4 MB/s) - '/etc/security/keytabs/om.keytab' saved [140/140]
jhs         | 
kdc_1       | add_principal: Principal or policy already exists while creating "test/test@EXAMPLE.COM".
kms_1       | Download scm/cd711070405e@EXAMPLE.COM keytab file to /etc/security/keytabs/scm.keytab
rm_1        | 2019-10-31 02:41:09 (10.2 MB/s) - '/etc/security/keytabs/om.keytab' saved [138/138]
om_1        | Keytab name: FILE:/etc/security/keytabs/om.keytab
datanode_1  |      0K                                                       100% 11.6M=0s
nm_1        | Download HTTP/nm@EXAMPLE.COM keytab file to /etc/security/keytabs/HTTP.keytab
datanode_3  | 
s3g_1       | --2019-10-31 02:41:09--  http://kdc:8081/keytab/s3g/scm
datanode_2  | 
scm_1       | 
jhs         | Keytab name: FILE:/etc/security/keytabs/om.keytab
kdc_1       | Authenticating as principal admin/admin with keytab /tmp/admin.keytab.
kms_1       | --2019-10-31 02:41:09--  http://kdc:8081/keytab/cd711070405e/scm
rm_1        | 
om_1        | KVNO Timestamp         Principal
datanode_1  | 
nm_1        | --2019-10-31 02:41:04--  http://kdc:8081/keytab/nm/HTTP
datanode_3  | 2019-10-31 02:41:03 (14.5 MB/s) - '/etc/security/keytabs/om.keytab' saved [158/158]
s3g_1       | Resolving kdc (kdc)... 172.19.0.5
datanode_2  | 2019-10-31 02:41:03 (9.46 MB/s) - '/etc/security/keytabs/om.keytab' saved [158/158]
scm_1       | Keytab name: FILE:/etc/security/keytabs/om.keytab
jhs         | KVNO Timestamp         Principal
kdc_1       | Entry for principal test/test@EXAMPLE.COM with kvno 4, encryption type aes256-cts-hmac-sha1-96 added to keytab WRFILE:/data/test.test.keytab.
kms_1       | Resolving kdc (kdc)... 172.19.0.5
rm_1        | Keytab name: FILE:/etc/security/keytabs/om.keytab
om_1        | ---- ----------------- --------------------------------------------------------
datanode_1  | 2019-10-31 02:41:02 (11.6 MB/s) - '/etc/security/keytabs/om.keytab' saved [158/158]
nm_1        | Resolving kdc (kdc)... 172.19.0.5
datanode_3  | 
s3g_1       | Connecting to kdc (kdc)|172.19.0.5|:8081... connected.
datanode_2  | 
scm_1       | KVNO Timestamp         Principal
kdc_1       | Entry for principal test/test@EXAMPLE.COM with kvno 4, encryption type aes128-cts-hmac-sha1-96 added to keytab WRFILE:/data/test.test.keytab.
rm_1        | KVNO Timestamp         Principal
om_1        |    2 10/31/19 02:41:02 om/om@EXAMPLE.COM
datanode_1  | 
nm_1        | Connecting to kdc (kdc)|172.19.0.5|:8081... connected.
s3g_1       | HTTP request sent, awaiting response... 200 OK
kms_1       | Connecting to kdc (kdc)|172.19.0.5|:8081... connected.
datanode_3  | Keytab name: FILE:/etc/security/keytabs/om.keytab
scm_1       | ---- ----------------- --------------------------------------------------------
datanode_2  | Keytab name: FILE:/etc/security/keytabs/om.keytab
kdc_1       | Generiting keytab
rm_1        | ---- ----------------- --------------------------------------------------------
om_1        |    2 10/31/19 02:41:02 om/om@EXAMPLE.COM
jhs         | ---- ----------------- --------------------------------------------------------
datanode_1  | Keytab name: FILE:/etc/security/keytabs/om.keytab
nm_1        | HTTP request sent, awaiting response... 200 OK
s3g_1       | Length: 142 [application/octet-stream]
kms_1       | HTTP request sent, awaiting response... 200 OK
datanode_3  | KVNO Timestamp         Principal
scm_1       |    2 10/31/19 02:41:03 om/scm@EXAMPLE.COM
datanode_2  | KVNO Timestamp         Principal
kdc_1       | Authenticating as principal admin/admin with keytab /tmp/admin.keytab.
rm_1        |    2 10/31/19 02:41:09 om/rm@EXAMPLE.COM
om_1        | Download scm/om@EXAMPLE.COM keytab file to /etc/security/keytabs/scm.keytab
jhs         |    2 10/31/19 02:41:03 om/jhs@EXAMPLE.COM
datanode_1  | KVNO Timestamp         Principal
nm_1        | Length: 142 [application/octet-stream]
s3g_1       | Saving to: '/etc/security/keytabs/scm.keytab'
kms_1       | Length: 160 [application/octet-stream]
datanode_3  | ---- ----------------- --------------------------------------------------------
scm_1       |    2 10/31/19 02:41:03 om/scm@EXAMPLE.COM
datanode_2  | ---- ----------------- --------------------------------------------------------
kdc_1       | WARNING: no policy specified for test/test@EXAMPLE.COM; defaulting to no policy
om_1        | --2019-10-31 02:41:02--  http://kdc:8081/keytab/om/scm
jhs         |    2 10/31/19 02:41:03 om/jhs@EXAMPLE.COM
datanode_1  | ---- ----------------- --------------------------------------------------------
nm_1        | Saving to: '/etc/security/keytabs/HTTP.keytab'
rm_1        |    2 10/31/19 02:41:09 om/rm@EXAMPLE.COM
s3g_1       | 
kms_1       | Saving to: '/etc/security/keytabs/scm.keytab'
datanode_3  |    2 10/31/19 02:41:03 om/fe71747ce620@EXAMPLE.COM
scm_1       | Download scm/scm@EXAMPLE.COM keytab file to /etc/security/keytabs/scm.keytab
datanode_2  |    2 10/31/19 02:41:03 om/5791d077ade8@EXAMPLE.COM
kdc_1       | add_principal: Principal or policy already exists while creating "test/test@EXAMPLE.COM".
om_1        | Resolving kdc (kdc)... 172.19.0.5
jhs         | Download scm/jhs@EXAMPLE.COM keytab file to /etc/security/keytabs/scm.keytab
datanode_1  |    2 10/31/19 02:41:02 om/638860032b4b@EXAMPLE.COM
nm_1        | 
rm_1        | Download scm/rm@EXAMPLE.COM keytab file to /etc/security/keytabs/scm.keytab
s3g_1       |      0K                                                       100% 12.7M=0s
kms_1       | 
datanode_3  |    2 10/31/19 02:41:03 om/fe71747ce620@EXAMPLE.COM
scm_1       | --2019-10-31 02:41:03--  http://kdc:8081/keytab/scm/scm
datanode_2  |    2 10/31/19 02:41:03 om/5791d077ade8@EXAMPLE.COM
kdc_1       | Authenticating as principal admin/admin with keytab /tmp/admin.keytab.
om_1        | Connecting to kdc (kdc)|172.19.0.5|:8081... connected.
jhs         | --2019-10-31 02:41:03--  http://kdc:8081/keytab/jhs/scm
datanode_1  |    2 10/31/19 02:41:02 om/638860032b4b@EXAMPLE.COM
nm_1        |      0K                                                       100% 10.8M=0s
rm_1        | --2019-10-31 02:41:09--  http://kdc:8081/keytab/rm/scm
s3g_1       | 
kms_1       |      0K                                                       100% 8.01M=0s
datanode_3  | Download scm/fe71747ce620@EXAMPLE.COM keytab file to /etc/security/keytabs/scm.keytab
datanode_2  | Download scm/5791d077ade8@EXAMPLE.COM keytab file to /etc/security/keytabs/scm.keytab
scm_1       | Resolving kdc (kdc)... 172.19.0.5
kdc_1       | Entry for principal test/test@EXAMPLE.COM with kvno 5, encryption type aes256-cts-hmac-sha1-96 added to keytab WRFILE:/data/test.test.keytab.
om_1        | HTTP request sent, awaiting response... 200 OK
jhs         | Resolving kdc (kdc)... 172.19.0.5
datanode_1  | Download scm/638860032b4b@EXAMPLE.COM keytab file to /etc/security/keytabs/scm.keytab
nm_1        | 
rm_1        | Resolving kdc (kdc)... 172.19.0.5
s3g_1       | 2019-10-31 02:41:11 (12.7 MB/s) - '/etc/security/keytabs/scm.keytab' saved [142/142]
kms_1       | 
datanode_3  | --2019-10-31 02:41:03--  http://kdc:8081/keytab/fe71747ce620/scm
datanode_2  | --2019-10-31 02:41:03--  http://kdc:8081/keytab/5791d077ade8/scm
scm_1       | Connecting to kdc (kdc)|172.19.0.5|:8081... connected.
kdc_1       | Entry for principal test/test@EXAMPLE.COM with kvno 5, encryption type aes128-cts-hmac-sha1-96 added to keytab WRFILE:/data/test.test.keytab.
jhs         | Connecting to kdc (kdc)|172.19.0.5|:8081... connected.
om_1        | Length: 140 [application/octet-stream]
datanode_1  | --2019-10-31 02:41:02--  http://kdc:8081/keytab/638860032b4b/scm
nm_1        | 2019-10-31 02:41:05 (10.8 MB/s) - '/etc/security/keytabs/HTTP.keytab' saved [142/142]
rm_1        | Connecting to kdc (kdc)|172.19.0.5|:8081... connected.
s3g_1       | 
kms_1       | 2019-10-31 02:41:10 (8.01 MB/s) - '/etc/security/keytabs/scm.keytab' saved [160/160]
datanode_3  | Resolving kdc (kdc)... 172.19.0.5
datanode_2  | Resolving kdc (kdc)... 172.19.0.5
scm_1       | HTTP request sent, awaiting response... 200 OK
kdc_1       | Generiting keytab
jhs         | HTTP request sent, awaiting response... 200 OK
om_1        | Saving to: '/etc/security/keytabs/scm.keytab'
datanode_1  | Resolving kdc (kdc)... 172.19.0.5
nm_1        | 
rm_1        | HTTP request sent, awaiting response... 200 OK
s3g_1       | Keytab name: FILE:/etc/security/keytabs/scm.keytab
kms_1       | 
datanode_3  | Connecting to kdc (kdc)|172.19.0.5|:8081... connected.
datanode_2  | Connecting to kdc (kdc)|172.19.0.5|:8081... connected.
scm_1       | Length: 142 [application/octet-stream]
kdc_1       | Authenticating as principal admin/admin with keytab /tmp/admin.keytab.
jhs         | Length: 142 [application/octet-stream]
om_1        | 
datanode_1  | Connecting to kdc (kdc)|172.19.0.5|:8081... connected.
nm_1        | Keytab name: FILE:/etc/security/keytabs/HTTP.keytab
s3g_1       | KVNO Timestamp         Principal
rm_1        | Length: 140 [application/octet-stream]
kms_1       | Keytab name: FILE:/etc/security/keytabs/scm.keytab
datanode_3  | HTTP request sent, awaiting response... 200 OK
datanode_2  | HTTP request sent, awaiting response... 200 OK
scm_1       | Saving to: '/etc/security/keytabs/scm.keytab'
kdc_1       | WARNING: no policy specified for test/test@EXAMPLE.COM; defaulting to no policy
jhs         | Saving to: '/etc/security/keytabs/scm.keytab'
om_1        |      0K                                                       100% 11.4M=0s
datanode_1  | HTTP request sent, awaiting response... 200 OK
nm_1        | KVNO Timestamp         Principal
s3g_1       | ---- ----------------- --------------------------------------------------------
rm_1        | Saving to: '/etc/security/keytabs/scm.keytab'
kms_1       | KVNO Timestamp         Principal
datanode_3  | Length: 160 [application/octet-stream]
datanode_2  | Length: 160 [application/octet-stream]
scm_1       | 
kdc_1       | add_principal: Principal or policy already exists while creating "test/test@EXAMPLE.COM".
jhs         | 
om_1        | 
datanode_1  | Length: 160 [application/octet-stream]
nm_1        | ---- ----------------- --------------------------------------------------------
s3g_1       |    2 10/31/19 02:41:11 scm/s3g@EXAMPLE.COM
rm_1        | 
datanode_3  | Saving to: '/etc/security/keytabs/scm.keytab'
kms_1       | ---- ----------------- --------------------------------------------------------
datanode_2  | Saving to: '/etc/security/keytabs/scm.keytab'
scm_1       |      0K                                                       100% 10.3M=0s
kdc_1       | Authenticating as principal admin/admin with keytab /tmp/admin.keytab.
jhs         |      0K                                                       100% 11.4M=0s
om_1        | 2019-10-31 02:41:03 (11.4 MB/s) - '/etc/security/keytabs/scm.keytab' saved [140/140]
datanode_1  | Saving to: '/etc/security/keytabs/scm.keytab'
nm_1        |    2 10/31/19 02:41:04 HTTP/nm@EXAMPLE.COM
s3g_1       |    2 10/31/19 02:41:11 scm/s3g@EXAMPLE.COM
rm_1        |      0K                                                       100% 10.2M=0s
kms_1       |    2 10/31/19 02:41:10 scm/cd711070405e@EXAMPLE.COM
datanode_3  | 
datanode_2  | 
scm_1       | 
kdc_1       | Entry for principal test/test@EXAMPLE.COM with kvno 6, encryption type aes256-cts-hmac-sha1-96 added to keytab WRFILE:/data/test.test.keytab.
jhs         | 
om_1        | 
datanode_1  | 
nm_1        |    2 10/31/19 02:41:05 HTTP/nm@EXAMPLE.COM
s3g_1       | Download HTTP/s3g@EXAMPLE.COM keytab file to /etc/security/keytabs/HTTP.keytab
rm_1        | 
kms_1       |    2 10/31/19 02:41:10 scm/cd711070405e@EXAMPLE.COM
datanode_3  |      0K                                                       100% 11.4M=0s
datanode_2  |      0K                                                       100% 11.3M=0s
scm_1       | 2019-10-31 02:41:04 (10.3 MB/s) - '/etc/security/keytabs/scm.keytab' saved [142/142]
kdc_1       | Entry for principal test/test@EXAMPLE.COM with kvno 6, encryption type aes128-cts-hmac-sha1-96 added to keytab WRFILE:/data/test.test.keytab.
jhs         | 2019-10-31 02:41:04 (11.4 MB/s) - '/etc/security/keytabs/scm.keytab' saved [142/142]
om_1        | Keytab name: FILE:/etc/security/keytabs/scm.keytab
datanode_1  |      0K                                                       100% 10.1M=0s
nm_1        | Download testuser/nm@EXAMPLE.COM keytab file to /etc/security/keytabs/testuser.keytab
s3g_1       | --2019-10-31 02:41:11--  http://kdc:8081/keytab/s3g/HTTP
rm_1        | 2019-10-31 02:41:10 (10.2 MB/s) - '/etc/security/keytabs/scm.keytab' saved [140/140]
kms_1       | Download HTTP/cd711070405e@EXAMPLE.COM keytab file to /etc/security/keytabs/HTTP.keytab
datanode_3  | 
scm_1       | 
datanode_2  | 
kdc_1       | Generiting keytab
om_1        | KVNO Timestamp         Principal
datanode_1  | 
nm_1        | --2019-10-31 02:41:05--  http://kdc:8081/keytab/nm/testuser
s3g_1       | Resolving kdc (kdc)... 172.19.0.5
rm_1        | 
kms_1       | --2019-10-31 02:41:10--  http://kdc:8081/keytab/cd711070405e/HTTP
jhs         | 
datanode_3  | 2019-10-31 02:41:04 (11.4 MB/s) - '/etc/security/keytabs/scm.keytab' saved [160/160]
scm_1       | Keytab name: FILE:/etc/security/keytabs/scm.keytab
datanode_2  | 2019-10-31 02:41:04 (11.3 MB/s) - '/etc/security/keytabs/scm.keytab' saved [160/160]
kdc_1       | Authenticating as principal admin/admin with keytab /tmp/admin.keytab.
om_1        | ---- ----------------- --------------------------------------------------------
datanode_1  | 2019-10-31 02:41:03 (10.1 MB/s) - '/etc/security/keytabs/scm.keytab' saved [160/160]
nm_1        | Resolving kdc (kdc)... 172.19.0.5
rm_1        | Keytab name: FILE:/etc/security/keytabs/scm.keytab
s3g_1       | Connecting to kdc (kdc)|172.19.0.5|:8081... connected.
kms_1       | Resolving kdc (kdc)... 172.19.0.5
jhs         | Keytab name: FILE:/etc/security/keytabs/scm.keytab
datanode_3  | 
datanode_2  | 
kdc_1       | WARNING: no policy specified for test/test@EXAMPLE.COM; defaulting to no policy
om_1        |    2 10/31/19 02:41:03 scm/om@EXAMPLE.COM
datanode_1  | 
rm_1        | KVNO Timestamp         Principal
scm_1       | KVNO Timestamp         Principal
nm_1        | Connecting to kdc (kdc)|172.19.0.5|:8081... connected.
s3g_1       | HTTP request sent, awaiting response... 200 OK
kms_1       | Connecting to kdc (kdc)|172.19.0.5|:8081... connected.
jhs         | KVNO Timestamp         Principal
datanode_3  | Keytab name: FILE:/etc/security/keytabs/scm.keytab
datanode_2  | Keytab name: FILE:/etc/security/keytabs/scm.keytab
kdc_1       | add_principal: Principal or policy already exists while creating "test/test@EXAMPLE.COM".
om_1        |    2 10/31/19 02:41:03 scm/om@EXAMPLE.COM
datanode_1  | Keytab name: FILE:/etc/security/keytabs/scm.keytab
rm_1        | ---- ----------------- --------------------------------------------------------
scm_1       | ---- ----------------- --------------------------------------------------------
nm_1        | HTTP request sent, awaiting response... 200 OK
s3g_1       | Length: 144 [application/octet-stream]
kms_1       | HTTP request sent, awaiting response... 200 OK
jhs         | ---- ----------------- --------------------------------------------------------
datanode_3  | KVNO Timestamp         Principal
datanode_2  | KVNO Timestamp         Principal
kdc_1       | Authenticating as principal admin/admin with keytab /tmp/admin.keytab.
om_1        | Download HTTP/om@EXAMPLE.COM keytab file to /etc/security/keytabs/HTTP.keytab
datanode_1  | KVNO Timestamp         Principal
rm_1        |    2 10/31/19 02:41:10 scm/rm@EXAMPLE.COM
scm_1       |    2 10/31/19 02:41:04 scm/scm@EXAMPLE.COM
nm_1        | Length: 150 [application/octet-stream]
s3g_1       | Saving to: '/etc/security/keytabs/HTTP.keytab'
kms_1       | Length: 162 [application/octet-stream]
jhs         |    2 10/31/19 02:41:04 scm/jhs@EXAMPLE.COM
datanode_3  | ---- ----------------- --------------------------------------------------------
datanode_2  | ---- ----------------- --------------------------------------------------------
kdc_1       | Entry for principal test/test@EXAMPLE.COM with kvno 7, encryption type aes256-cts-hmac-sha1-96 added to keytab WRFILE:/data/test.test.keytab.
om_1        | --2019-10-31 02:41:03--  http://kdc:8081/keytab/om/HTTP
datanode_1  | ---- ----------------- --------------------------------------------------------
rm_1        |    2 10/31/19 02:41:10 scm/rm@EXAMPLE.COM
scm_1       |    2 10/31/19 02:41:04 scm/scm@EXAMPLE.COM
nm_1        | Saving to: '/etc/security/keytabs/testuser.keytab'
s3g_1       | 
kms_1       | Saving to: '/etc/security/keytabs/HTTP.keytab'
jhs         |    2 10/31/19 02:41:04 scm/jhs@EXAMPLE.COM
datanode_3  |    2 10/31/19 02:41:04 scm/fe71747ce620@EXAMPLE.COM
datanode_2  |    2 10/31/19 02:41:04 scm/5791d077ade8@EXAMPLE.COM
kdc_1       | Entry for principal test/test@EXAMPLE.COM with kvno 7, encryption type aes128-cts-hmac-sha1-96 added to keytab WRFILE:/data/test.test.keytab.
om_1        | Resolving kdc (kdc)... 172.19.0.5
datanode_1  |    2 10/31/19 02:41:03 scm/638860032b4b@EXAMPLE.COM
scm_1       | Download HTTP/scm@EXAMPLE.COM keytab file to /etc/security/keytabs/HTTP.keytab
rm_1        | Download HTTP/rm@EXAMPLE.COM keytab file to /etc/security/keytabs/HTTP.keytab
nm_1        | 
kms_1       | 
s3g_1       |      0K                                                       100% 7.55M=0s
jhs         | Download HTTP/jhs@EXAMPLE.COM keytab file to /etc/security/keytabs/HTTP.keytab
datanode_3  |    2 10/31/19 02:41:04 scm/fe71747ce620@EXAMPLE.COM
datanode_2  |    2 10/31/19 02:41:04 scm/5791d077ade8@EXAMPLE.COM
kdc_1       | Generiting keytab
om_1        | Connecting to kdc (kdc)|172.19.0.5|:8081... connected.
datanode_1  |    2 10/31/19 02:41:03 scm/638860032b4b@EXAMPLE.COM
scm_1       | --2019-10-31 02:41:04--  http://kdc:8081/keytab/scm/HTTP
rm_1        | --2019-10-31 02:41:10--  http://kdc:8081/keytab/rm/HTTP
nm_1        |      0K                                                       100% 15.4M=0s
kms_1       |      0K                                                       100% 14.5M=0s
s3g_1       | 
jhs         | --2019-10-31 02:41:04--  http://kdc:8081/keytab/jhs/HTTP
datanode_3  | Download HTTP/fe71747ce620@EXAMPLE.COM keytab file to /etc/security/keytabs/HTTP.keytab
datanode_2  | Download HTTP/5791d077ade8@EXAMPLE.COM keytab file to /etc/security/keytabs/HTTP.keytab
kdc_1       | Authenticating as principal admin/admin with keytab /tmp/admin.keytab.
om_1        | HTTP request sent, awaiting response... 200 OK
datanode_1  | Download HTTP/638860032b4b@EXAMPLE.COM keytab file to /etc/security/keytabs/HTTP.keytab
scm_1       | Resolving kdc (kdc)... 172.19.0.5
rm_1        | Resolving kdc (kdc)... 172.19.0.5
nm_1        | 
kms_1       | 
s3g_1       | 2019-10-31 02:41:12 (7.55 MB/s) - '/etc/security/keytabs/HTTP.keytab' saved [144/144]
jhs         | Resolving kdc (kdc)... 172.19.0.5
datanode_3  | --2019-10-31 02:41:04--  http://kdc:8081/keytab/fe71747ce620/HTTP
datanode_2  | --2019-10-31 02:41:04--  http://kdc:8081/keytab/5791d077ade8/HTTP
kdc_1       | WARNING: no policy specified for test/test@EXAMPLE.COM; defaulting to no policy
om_1        | Length: 142 [application/octet-stream]
datanode_1  | --2019-10-31 02:41:03--  http://kdc:8081/keytab/638860032b4b/HTTP
rm_1        | Connecting to kdc (kdc)|172.19.0.5|:8081... connected.
scm_1       | Connecting to kdc (kdc)|172.19.0.5|:8081... connected.
nm_1        | 2019-10-31 02:41:05 (15.4 MB/s) - '/etc/security/keytabs/testuser.keytab' saved [150/150]
kms_1       | 2019-10-31 02:41:12 (14.5 MB/s) - '/etc/security/keytabs/HTTP.keytab' saved [162/162]
s3g_1       | 
datanode_3  | Resolving kdc (kdc)... 172.19.0.5
datanode_2  | Resolving kdc (kdc)... 172.19.0.5
jhs         | Connecting to kdc (kdc)|172.19.0.5|:8081... connected.
kdc_1       | add_principal: Principal or policy already exists while creating "test/test@EXAMPLE.COM".
om_1        | Saving to: '/etc/security/keytabs/HTTP.keytab'
datanode_1  | Resolving kdc (kdc)... 172.19.0.5
rm_1        | HTTP request sent, awaiting response... 200 OK
scm_1       | HTTP request sent, awaiting response... 200 OK
nm_1        | 
kms_1       | 
s3g_1       | Keytab name: FILE:/etc/security/keytabs/HTTP.keytab
datanode_3  | Connecting to kdc (kdc)|172.19.0.5|:8081... connected.
datanode_2  | Connecting to kdc (kdc)|172.19.0.5|:8081... connected.
jhs         | HTTP request sent, awaiting response... 200 OK
kdc_1       | Authenticating as principal admin/admin with keytab /tmp/admin.keytab.
om_1        | 
datanode_1  | Connecting to kdc (kdc)|172.19.0.5|:8081... connected.
rm_1        | Length: 142 [application/octet-stream]
scm_1       | Length: 144 [application/octet-stream]
nm_1        | Keytab name: FILE:/etc/security/keytabs/testuser.keytab
kms_1       | Keytab name: FILE:/etc/security/keytabs/HTTP.keytab
datanode_3  | HTTP request sent, awaiting response... 200 OK
s3g_1       | KVNO Timestamp         Principal
datanode_2  | HTTP request sent, awaiting response... 200 OK
jhs         | Length: 144 [application/octet-stream]
kdc_1       | Entry for principal test/test@EXAMPLE.COM with kvno 8, encryption type aes256-cts-hmac-sha1-96 added to keytab WRFILE:/data/test.test.keytab.
om_1        |      0K                                                       100% 10.9M=0s
datanode_1  | HTTP request sent, awaiting response... 200 OK
rm_1        | Saving to: '/etc/security/keytabs/HTTP.keytab'
scm_1       | Saving to: '/etc/security/keytabs/HTTP.keytab'
nm_1        | KVNO Timestamp         Principal
kms_1       | KVNO Timestamp         Principal
datanode_3  | Length: 162 [application/octet-stream]
s3g_1       | ---- ----------------- --------------------------------------------------------
datanode_2  | Length: 162 [application/octet-stream]
jhs         | Saving to: '/etc/security/keytabs/HTTP.keytab'
kdc_1       | Entry for principal test/test@EXAMPLE.COM with kvno 8, encryption type aes128-cts-hmac-sha1-96 added to keytab WRFILE:/data/test.test.keytab.
om_1        | 
datanode_1  | Length: 162 [application/octet-stream]
rm_1        | 
scm_1       | 
nm_1        | ---- ----------------- --------------------------------------------------------
kms_1       | ---- ----------------- --------------------------------------------------------
datanode_3  | Saving to: '/etc/security/keytabs/HTTP.keytab'
s3g_1       |    2 10/31/19 02:41:12 HTTP/s3g@EXAMPLE.COM
datanode_2  | Saving to: '/etc/security/keytabs/HTTP.keytab'
kdc_1       | Generiting keytab
om_1        | 2019-10-31 02:41:04 (10.9 MB/s) - '/etc/security/keytabs/HTTP.keytab' saved [142/142]
datanode_1  | Saving to: '/etc/security/keytabs/HTTP.keytab'
rm_1        |      0K                                                       100% 12.6M=0s
scm_1       |      0K                                                       100% 11.0M=0s
nm_1        |    2 10/31/19 02:41:05 testuser/nm@EXAMPLE.COM
jhs         | 
kms_1       |    2 10/31/19 02:41:12 HTTP/cd711070405e@EXAMPLE.COM
datanode_3  | 
s3g_1       |    2 10/31/19 02:41:12 HTTP/s3g@EXAMPLE.COM
datanode_2  | 
kdc_1       | Authenticating as principal admin/admin with keytab /tmp/admin.keytab.
om_1        | 
datanode_1  | 
rm_1        | 
scm_1       | 
nm_1        |    2 10/31/19 02:41:05 testuser/nm@EXAMPLE.COM
jhs         |      0K                                                       100% 11.5M=0s
kms_1       |    2 10/31/19 02:41:12 HTTP/cd711070405e@EXAMPLE.COM
datanode_3  |      0K                                                       100% 8.28M=0s
s3g_1       | Download testuser/s3g@EXAMPLE.COM keytab file to /etc/security/keytabs/testuser.keytab
datanode_2  |      0K                                                       100% 22.1M=0s
kdc_1       | WARNING: no policy specified for dn/638860032b4b@EXAMPLE.COM; defaulting to no policy
om_1        | Keytab name: FILE:/etc/security/keytabs/HTTP.keytab
rm_1        | 2019-10-31 02:41:12 (12.6 MB/s) - '/etc/security/keytabs/HTTP.keytab' saved [142/142]
scm_1       | 2019-10-31 02:41:05 (11.0 MB/s) - '/etc/security/keytabs/HTTP.keytab' saved [144/144]
nm_1        | Download s3g/nm@EXAMPLE.COM keytab file to /etc/security/keytabs/s3g.keytab
jhs         | 
datanode_1  |      0K                                                       100% 12.1M=0s
kms_1       | Download testuser/cd711070405e@EXAMPLE.COM keytab file to /etc/security/keytabs/testuser.keytab
datanode_3  | 
s3g_1       | --2019-10-31 02:41:12--  http://kdc:8081/keytab/s3g/testuser
datanode_2  | 
kdc_1       | Principal "dn/638860032b4b@EXAMPLE.COM" created.
om_1        | KVNO Timestamp         Principal
rm_1        | 
scm_1       | 
nm_1        | --2019-10-31 02:41:05--  http://kdc:8081/keytab/nm/s3g
jhs         | 2019-10-31 02:41:05 (11.5 MB/s) - '/etc/security/keytabs/HTTP.keytab' saved [144/144]
datanode_1  | 
kms_1       | --2019-10-31 02:41:12--  http://kdc:8081/keytab/cd711070405e/testuser
datanode_3  | 2019-10-31 02:41:05 (8.28 MB/s) - '/etc/security/keytabs/HTTP.keytab' saved [162/162]
s3g_1       | Resolving kdc (kdc)... 172.19.0.5
datanode_2  | 2019-10-31 02:41:05 (22.1 MB/s) - '/etc/security/keytabs/HTTP.keytab' saved [162/162]
kdc_1       | Authenticating as principal admin/admin with keytab /tmp/admin.keytab.
om_1        | ---- ----------------- --------------------------------------------------------
rm_1        | Keytab name: FILE:/etc/security/keytabs/HTTP.keytab
scm_1       | Keytab name: FILE:/etc/security/keytabs/HTTP.keytab
nm_1        | Resolving kdc (kdc)... 172.19.0.5
jhs         | 
datanode_1  | 2019-10-31 02:41:04 (12.1 MB/s) - '/etc/security/keytabs/HTTP.keytab' saved [162/162]
kms_1       | Resolving kdc (kdc)... 172.19.0.5
datanode_3  | 
s3g_1       | Connecting to kdc (kdc)|172.19.0.5|:8081... connected.
datanode_2  | 
