om_1        | STARTUP_MSG:   classpath = /etc/hadoop:/opt/hadoop/share/hadoop/common/*:/opt/hadoop/share/ozone/lib/kerb-simplekdc-1.0.1.jar:/opt/hadoop/share/ozone/lib/protobuf-java-2.5.0.jar:/opt/hadoop/share/ozone/lib/bcpkix-jdk15on-1.60.jar:/opt/hadoop/share/ozone/lib/sqlite-jdbc-3.25.2.jar:/opt/hadoop/share/ozone/lib/netty-3.10.5.Final.jar:/opt/hadoop/share/ozone/lib/commons-validator-1.6.jar:/opt/hadoop/share/ozone/lib/jaxb-impl-2.3.0.1.jar:/opt/hadoop/share/ozone/lib/kerb-core-1.0.1.jar:/opt/hadoop/share/ozone/lib/hadoop-ozone-common-0.5.0-SNAPSHOT.jar:/opt/hadoop/share/ozone/lib/ratis-thirdparty-misc-0.2.0.jar:/opt/hadoop/share/ozone/lib/jsr305-3.0.0.jar:/opt/hadoop/share/ozone/lib/leveldbjni-all-1.8.jar:/opt/hadoop/share/ozone/lib/htrace-core4-4.1.0-incubating.jar:/opt/hadoop/share/ozone/lib/hadoop-annotations-3.2.0.jar:/opt/hadoop/share/ozone/lib/hadoop-hdds-tools-0.5.0-SNAPSHOT.jar:/opt/hadoop/share/ozone/lib/kerb-util-1.0.1.jar:/opt/hadoop/share/ozone/lib/jackson-jaxrs-1.9.13.jar:/opt/hadoop/share/ozone/lib/ratis-server-0.5.0-d6d58d0-SNAPSHOT.jar:/opt/hadoop/share/ozone/lib/kerby-xdr-1.0.1.jar:/opt/hadoop/share/ozone/lib/jetty-webapp-9.3.25.v20180904.jar:/opt/hadoop/share/ozone/lib/jackson-core-asl-1.9.13.jar:/opt/hadoop/share/ozone/lib/commons-net-3.6.jar:/opt/hadoop/share/ozone/lib/log4j-api-2.11.0.jar:/opt/hadoop/share/ozone/lib/netty-all-4.0.52.Final.jar:/opt/hadoop/share/ozone/lib/hadoop-hdfs-3.2.0.jar:/opt/hadoop/share/ozone/lib/jline-0.9.94.jar:/opt/hadoop/share/ozone/lib/opentracing-api-0.31.0.jar:/opt/hadoop/share/ozone/lib/hadoop-hdds-server-framework-0.5.0-SNAPSHOT.jar:/opt/hadoop/share/ozone/lib/slf4j-log4j12-1.7.25.jar:/opt/hadoop/share/ozone/lib/hadoop-hdfs-client-3.2.0.jar:/opt/hadoop/share/ozone/lib/kerby-config-1.0.1.jar:/opt/hadoop/share/ozone/lib/jetty-util-9.3.25.v20180904.jar:/opt/hadoop/share/ozone/lib/libthrift-0.12.0.jar:/opt/hadoop/share/ozone/lib/metrics-core-3.2.4.jar:/opt/hadoop/share/ozone/lib/kerby-pkix-1.0.1.jar:/opt/hadoop/share/ozone/lib/xz-1.0.jar:/opt/hadoop/share/ozone/lib/hadoop-hdds-config-0.5.0-SNAPSHOT.jar:/opt/hadoop/share/ozone/lib/nimbus-jose-jwt-4.41.1.jar:/opt/hadoop/share/ozone/lib/jsr311-api-1.1.1.jar:/opt/hadoop/share/ozone/lib/commons-beanutils-1.9.4.jar:/opt/hadoop/share/ozone/lib/ratis-grpc-0.5.0-d6d58d0-SNAPSHOT.jar:/opt/hadoop/share/ozone/lib/ratis-netty-0.5.0-d6d58d0-SNAPSHOT.jar:/opt/hadoop/share/ozone/lib/javax.servlet-api-3.1.0.jar:/opt/hadoop/share/ozone/lib/kerb-server-1.0.1.jar:/opt/hadoop/share/ozone/lib/zookeeper-3.4.13.jar:/opt/hadoop/share/ozone/lib/avro-1.7.7.jar:/opt/hadoop/share/ozone/lib/kerb-client-1.0.1.jar:/opt/hadoop/share/ozone/lib/jackson-xc-1.9.13.jar:/opt/hadoop/share/ozone/lib/disruptor-3.4.2.jar:/opt/hadoop/share/ozone/lib/guava-11.0.2.jar:/opt/hadoop/share/ozone/lib/ratis-client-0.5.0-d6d58d0-SNAPSHOT.jar:/opt/hadoop/share/ozone/lib/hadoop-hdds-common-0.5.0-SNAPSHOT.jar:/opt/hadoop/share/ozone/lib/curator-framework-2.12.0.jar:/opt/hadoop/share/ozone/lib/dnsjava-2.1.7.jar:/opt/hadoop/share/ozone/lib/commons-configuration2-2.1.1.jar:/opt/hadoop/share/ozone/lib/json-smart-2.3.jar:/opt/hadoop/share/ozone/lib/token-provider-1.0.1.jar:/opt/hadoop/share/ozone/lib/log4j-1.2.17.jar:/opt/hadoop/share/ozone/lib/commons-daemon-1.0.13.jar:/opt/hadoop/share/ozone/lib/bcprov-jdk15on-1.60.jar:/opt/hadoop/share/ozone/lib/ratis-metrics-0.5.0-d6d58d0-SNAPSHOT.jar:/opt/hadoop/share/ozone/lib/commons-lang3-3.7.jar:/opt/hadoop/share/ozone/lib/commons-compress-1.4.1.jar:/opt/hadoop/share/ozone/lib/jaeger-client-0.34.0.jar:/opt/hadoop/share/ozone/lib/jetty-server-9.3.25.v20180904.jar:/opt/hadoop/share/ozone/lib/accessors-smart-1.2.jar:/opt/hadoop/share/ozone/lib/re2j-1.1.jar:/opt/hadoop/share/ozone/lib/curator-recipes-2.12.0.jar:/opt/hadoop/share/ozone/lib/jackson-core-2.9.9.jar:/opt/hadoop/share/ozone/lib/commons-math3-3.1.1.jar:/opt/hadoop/share/ozone/lib/opentracing-noop-0.31.0.jar:/opt/hadoop/share/ozone/lib/httpclient-4.5.2.jar:/opt/hadoop/share/ozone/lib/jaeger-core-0.34.0.jar:/opt/hadoop/share/ozone/lib/asm-5.0.4.jar:/opt/hadoop/share/ozone/lib/curator-client-2.12.0.jar:/opt/hadoop/share/ozone/lib/audience-annotations-0.5.0.jar:/opt/hadoop/share/ozone/lib/kerby-util-1.0.1.jar:/opt/hadoop/share/ozone/lib/jackson-mapper-asl-1.9.13.jar:/opt/hadoop/share/ozone/lib/rocksdbjni-6.0.1.jar:/opt/hadoop/share/ozone/lib/jsp-api-2.1.jar:/opt/hadoop/share/ozone/lib/jsch-0.1.54.jar:/opt/hadoop/share/ozone/lib/opentracing-tracerresolver-0.1.5.jar:/opt/hadoop/share/ozone/lib/paranamer-2.3.jar:/opt/hadoop/share/ozone/lib/log4j-core-2.11.0.jar:/opt/hadoop/share/ozone/lib/jetty-io-9.3.25.v20180904.jar:/opt/hadoop/share/ozone/lib/jetty-xml-9.3.25.v20180904.jar:/opt/hadoop/share/ozone/lib/commons-codec-1.11.jar:/opt/hadoop/share/ozone/lib/commons-pool2-2.6.0.jar:/opt/hadoop/share/ozone/lib/gson-2.2.4.jar:/opt/hadoop/share/ozone/lib/jcip-annotations-1.0-1.jar:/opt/hadoop/share/ozone/lib/kerb-admin-1.0.1.jar:/opt/hadoop/share/ozone/lib/okio-1.13.0.jar:/opt/hadoop/share/ozone/lib/commons-io-2.5.jar:/opt/hadoop/share/ozone/lib/snakeyaml-1.16.jar:/opt/hadoop/share/ozone/lib/hadoop-ozone-client-0.5.0-SNAPSHOT.jar:/opt/hadoop/share/ozone/lib/jersey-core-1.19.jar:/opt/hadoop/share/ozone/lib/jackson-databind-2.9.9.jar:/opt/hadoop/share/ozone/lib/hadoop-hdds-container-service-0.5.0-SNAPSHOT.jar:/opt/hadoop/share/ozone/lib/picocli-3.9.6.jar:/opt/hadoop/share/ozone/lib/jaeger-thrift-0.34.0.jar:/opt/hadoop/share/ozone/lib/ratis-common-0.5.0-d6d58d0-SNAPSHOT.jar:/opt/hadoop/share/ozone/lib/jackson-annotations-2.9.9.jar:/opt/hadoop/share/ozone/lib/commons-cli-1.2.jar:/opt/hadoop/share/ozone/lib/hadoop-hdds-docs-0.5.0-SNAPSHOT.jar:/opt/hadoop/share/ozone/lib/woodstox-core-5.0.3.jar:/opt/hadoop/share/ozone/lib/javax.annotation-api-1.2.jar:/opt/hadoop/share/ozone/lib/snappy-java-1.0.5.jar:/opt/hadoop/share/ozone/lib/jaeger-tracerresolver-0.34.0.jar:/opt/hadoop/share/ozone/lib/jetty-security-9.3.25.v20180904.jar:/opt/hadoop/share/ozone/lib/jetty-http-9.3.25.v20180904.jar:/opt/hadoop/share/ozone/lib/kerby-asn1-1.0.1.jar:/opt/hadoop/share/ozone/lib/okhttp-3.9.0.jar:/opt/hadoop/share/ozone/lib/stax2-api-3.1.4.jar:/opt/hadoop/share/ozone/lib/commons-digester-1.8.1.jar:/opt/hadoop/share/ozone/lib/commons-collections-3.2.2.jar:/opt/hadoop/share/ozone/lib/jettison-1.1.jar:/opt/hadoop/share/ozone/lib/commons-text-1.4.jar:/opt/hadoop/share/ozone/lib/jersey-servlet-1.19.jar:/opt/hadoop/share/ozone/lib/jersey-json-1.19.jar:/opt/hadoop/share/ozone/lib/slf4j-api-1.7.25.jar:/opt/hadoop/share/ozone/lib/jetty-util-ajax-9.3.25.v20180904.jar:/opt/hadoop/share/ozone/lib/commons-logging-1.1.3.jar:/opt/hadoop/share/ozone/lib/hadoop-hdds-client-0.5.0-SNAPSHOT.jar:/opt/hadoop/share/ozone/lib/kerb-identity-1.0.1.jar:/opt/hadoop/share/ozone/lib/ratis-proto-0.5.0-d6d58d0-SNAPSHOT.jar:/opt/hadoop/share/ozone/lib/opentracing-util-0.31.0.jar:/opt/hadoop/share/ozone/lib/hadoop-common-3.2.0.jar:/opt/hadoop/share/ozone/lib/hadoop-auth-3.2.0.jar:/opt/hadoop/share/ozone/lib/kerb-common-1.0.1.jar:/opt/hadoop/share/ozone/lib/jetty-servlet-9.3.25.v20180904.jar:/opt/hadoop/share/ozone/lib/jersey-server-1.19.jar:/opt/hadoop/share/ozone/lib/kerb-crypto-1.0.1.jar:/opt/hadoop/share/ozone/lib/httpcore-4.4.4.jar:/opt/hadoop/share/ozone/web:/opt/hadoop/share/ozone/lib/hadoop-ozone-ozone-manager-0.5.0-SNAPSHOT.jar
scm_1       | 2019-11-08 12:11:42,320 INFO server.StorageContainerManagerStarter: registered UNIX signal handlers for [TERM, HUP, INT]
rm_1        | 2019-11-08 12:11:39 INFO  AsyncDispatcher:223 - Registering class org.apache.hadoop.yarn.server.resourcemanager.RMFatalEventType for class org.apache.hadoop.yarn.server.resourcemanager.ResourceManager$RMFatalEventDispatcher
nm_1        | STARTUP_MSG:   build = https://github.com/apache/hadoop.git -r 1019dde65bcf12e05ef48ac71e84550d589e5d9a; compiled by 'sunilg' on 2019-01-29T01:39Z
datanode_3  | 2019-11-08 12:11:43,265 INFO server.GrpcService: raft.grpc.flow.control.window = 1MB (=1048576) (default)
datanode_2  | 2019-11-08 12:11:44,894 INFO http.HttpRequestLog: Http request log for http.requests.hddsDatanode is not defined
s3g_1       | 2019-11-08 12:11:45,212 INFO server.BaseHttpServer: HTTP server of S3GATEWAY is listening at http://0.0.0.0:9878
datanode_1  | 2019-11-08 12:11:44,238 INFO http.HttpServer2: Added filter static_user_filter (class=org.apache.hadoop.http.lib.StaticUserWebFilter$StaticUserFilter) to context logs
om_1        | STARTUP_MSG:   build = https://github.com/apache/hadoop.git -r e97acb3bd8f3befd27418996fa5d4b50bf2e17bf; compiled by 'sunilg' on 2019-01-15T17:34Z
nm_1        | STARTUP_MSG:   java = 1.8.0_181
rm_1        | 2019-11-08 12:11:40 INFO  NMTokenSecretManagerInRM:75 - NMTokenKeyRollingInterval: 86400000ms and NMTokenKeyActivationDelay: 900000ms
scm_1       | 2019-11-08 12:11:42,800 WARN server.ServerUtils: ozone.scm.db.dirs is not configured. We recommend adding this setting. Falling back to ozone.metadata.dirs instead.
datanode_3  | 2019-11-08 12:11:43,276 INFO server.RaftServerConfigKeys: raft.server.rpc.request.timeout = 3000ms (default)
datanode_2  | 2019-11-08 12:11:44,901 INFO http.HttpServer2: Added global filter 'safety' (class=org.apache.hadoop.http.HttpServer2$QuotingInputFilter)
datanode_1  | 2019-11-08 12:11:44,238 INFO http.HttpServer2: Added filter static_user_filter (class=org.apache.hadoop.http.lib.StaticUserWebFilter$StaticUserFilter) to context static
om_1        | STARTUP_MSG:   java = 11.0.3
nm_1        | ************************************************************/
rm_1        | 2019-11-08 12:11:40 INFO  RMContainerTokenSecretManager:81 - ContainerTokenKeyRollingInterval: 86400000ms and ContainerTokenKeyActivationDelay: 900000ms
datanode_3  | 2019-11-08 12:11:43,520 INFO server.RaftServerConfigKeys: raft.server.storage.dir = [/data/metadata/ratis] (custom)
datanode_2  | 2019-11-08 12:11:44,903 INFO http.HttpServer2: Added filter static_user_filter (class=org.apache.hadoop.http.lib.StaticUserWebFilter$StaticUserFilter) to context hddsDatanode
scm_1       | 2019-11-08 12:11:42,815 WARN server.ServerUtils: ozone.scm.db.dirs is not configured. We recommend adding this setting. Falling back to ozone.metadata.dirs instead.
datanode_1  | 2019-11-08 12:11:44,306 INFO http.HttpServer2: Jetty bound to port 9882
datanode_1  | 2019-11-08 12:11:44,310 INFO server.Server: jetty-9.3.25.v20180904, build timestamp: 2018-09-04T21:11:46Z, git hash: 3ce520221d0240229c862b122d2b06c12a625732
nm_1        | 2019-11-08 12:11:38 INFO  NodeManager:51 - registered UNIX signal handlers for [TERM, HUP, INT]
nm_1        | 2019-11-08 12:11:40 INFO  NodeManager:322 - Node Manager health check script is not available or doesn't have execute permission, so not starting the node health script runner.
datanode_3  | 2019-11-08 12:11:43,739 INFO hdfs.DFSUtil: Starting Web-server for hddsDatanode at: http://0.0.0.0:9882
datanode_3  | 2019-11-08 12:11:43,766 INFO util.log: Logging initialized @4861ms
scm_1       | 2019-11-08 12:11:42,859 INFO util.log: Logging initialized @1828ms
om_1        | ************************************************************/
datanode_1  | 2019-11-08 12:11:44,390 INFO handler.ContextHandler: Started o.e.j.s.ServletContextHandler@317a118b{/logs,file:///var/log/hadoop/,AVAILABLE}
rm_1        | 2019-11-08 12:11:40 INFO  AMRMTokenSecretManager:94 - AMRMTokenKeyRollingInterval: 86400000ms and AMRMTokenKeyActivationDelay: 900000 ms
nm_1        | 2019-11-08 12:11:40 INFO  AsyncDispatcher:223 - Registering class org.apache.hadoop.yarn.server.nodemanager.containermanager.container.ContainerEventType for class org.apache.hadoop.yarn.server.nodemanager.containermanager.ContainerManagerImpl$ContainerEventDispatcher
datanode_2  | 2019-11-08 12:11:44,903 INFO http.HttpServer2: Added filter static_user_filter (class=org.apache.hadoop.http.lib.StaticUserWebFilter$StaticUserFilter) to context logs
datanode_3  | 2019-11-08 12:11:43,947 INFO server.AuthenticationFilter: Unable to initialize FileSignerSecretProvider, falling back to use random secrets.
scm_1       | 2019-11-08 12:11:43,002 INFO db.DBStoreBuilder: using custom profile for table: deletedBlocks
om_1        | 2019-11-08 12:12:13,324 INFO om.OzoneManagerStarter: registered UNIX signal handlers for [TERM, HUP, INT]
rm_1        | 2019-11-08 12:11:40 INFO  AsyncDispatcher:223 - Registering class org.apache.hadoop.yarn.server.resourcemanager.recovery.RMStateStoreEventType for class org.apache.hadoop.yarn.server.resourcemanager.recovery.RMStateStore$ForwardingEventHandler
datanode_1  | 2019-11-08 12:11:44,393 INFO handler.ContextHandler: Started o.e.j.s.ServletContextHandler@73844119{/static,jar:file:/opt/hadoop/share/ozone/lib/hadoop-hdds-container-service-0.5.0-SNAPSHOT.jar!/webapps/static,AVAILABLE}
nm_1        | 2019-11-08 12:11:40 INFO  AsyncDispatcher:223 - Registering class org.apache.hadoop.yarn.server.nodemanager.containermanager.application.ApplicationEventType for class org.apache.hadoop.yarn.server.nodemanager.containermanager.ContainerManagerImpl$ApplicationEventDispatcher
datanode_2  | 2019-11-08 12:11:44,903 INFO http.HttpServer2: Added filter static_user_filter (class=org.apache.hadoop.http.lib.StaticUserWebFilter$StaticUserFilter) to context static
datanode_3  | 2019-11-08 12:11:43,950 INFO http.HttpRequestLog: Http request log for http.requests.hddsDatanode is not defined
scm_1       | 2019-11-08 12:11:43,002 INFO db.DBStoreBuilder: Using default column profile:DBProfile.DISK for Table:deletedBlocks
om_1        | 2019-11-08 12:12:14,220 INFO ha.OMHANodeDetails: Configuration either no ozone.om.address set. Falling back to the default OM address om/172.18.0.2:9862
rm_1        | 2019-11-08 12:11:40 INFO  AsyncDispatcher:223 - Registering class org.apache.hadoop.yarn.server.resourcemanager.NodesListManagerEventType for class org.apache.hadoop.yarn.server.resourcemanager.NodesListManager
datanode_1  | 2019-11-08 12:11:53,964 INFO handler.ContextHandler: Started o.e.j.w.WebAppContext@178f268a{/,file:///tmp/jetty-0.0.0.0-9882-hddsDatanode-_-any-8923150209812345957.dir/webapp/,AVAILABLE}{/hddsDatanode}
nm_1        | 2019-11-08 12:11:40 INFO  AsyncDispatcher:223 - Registering class org.apache.hadoop.yarn.server.nodemanager.containermanager.localizer.event.LocalizationEventType for class org.apache.hadoop.yarn.server.nodemanager.containermanager.ContainerManagerImpl$LocalizationEventHandlerWrapper
datanode_2  | 2019-11-08 12:11:44,930 INFO http.HttpServer2: Jetty bound to port 9882
datanode_3  | 2019-11-08 12:11:43,974 INFO http.HttpServer2: Added global filter 'safety' (class=org.apache.hadoop.http.HttpServer2$QuotingInputFilter)
scm_1       | 2019-11-08 12:11:43,003 INFO db.DBStoreBuilder: using custom profile for table: validCerts
om_1        | 2019-11-08 12:12:14,220 INFO ha.OMHANodeDetails: OM Service ID is not set. Setting it to the default ID: omServiceIdDefault
datanode_1  | 2019-11-08 12:11:53,971 INFO server.AbstractConnector: Started ServerConnector@375adc3{HTTP/1.1,[http/1.1]}{0.0.0.0:9882}
datanode_2  | 2019-11-08 12:11:44,932 INFO server.Server: jetty-9.3.25.v20180904, build timestamp: 2018-09-04T21:11:46Z, git hash: 3ce520221d0240229c862b122d2b06c12a625732
datanode_3  | 2019-11-08 12:11:43,983 INFO http.HttpServer2: Added filter static_user_filter (class=org.apache.hadoop.http.lib.StaticUserWebFilter$StaticUserFilter) to context hddsDatanode
scm_1       | 2019-11-08 12:11:43,003 INFO db.DBStoreBuilder: Using default column profile:DBProfile.DISK for Table:validCerts
rm_1        | 2019-11-08 12:11:40 INFO  ResourceManager:440 - Using Scheduler: org.apache.hadoop.yarn.server.resourcemanager.scheduler.capacity.CapacityScheduler
om_1        | 2019-11-08 12:12:14,225 WARN server.ServerUtils: ozone.om.db.dirs is not configured. We recommend adding this setting. Falling back to ozone.metadata.dirs instead.
datanode_2  | 2019-11-08 12:11:45,004 INFO handler.ContextHandler: Started o.e.j.s.ServletContextHandler@317a118b{/logs,file:///var/log/hadoop/,AVAILABLE}
datanode_1  | 2019-11-08 12:11:53,972 INFO server.Server: Started @15101ms
nm_1        | 2019-11-08 12:11:40 INFO  AsyncDispatcher:223 - Registering class org.apache.hadoop.yarn.server.nodemanager.containermanager.AuxServicesEventType for class org.apache.hadoop.yarn.server.nodemanager.containermanager.AuxServices
datanode_3  | 2019-11-08 12:11:43,998 INFO http.HttpServer2: Added filter static_user_filter (class=org.apache.hadoop.http.lib.StaticUserWebFilter$StaticUserFilter) to context logs
datanode_3  | 2019-11-08 12:11:43,998 INFO http.HttpServer2: Added filter static_user_filter (class=org.apache.hadoop.http.lib.StaticUserWebFilter$StaticUserFilter) to context static
rm_1        | 2019-11-08 12:11:40 INFO  AsyncDispatcher:223 - Registering class org.apache.hadoop.yarn.server.resourcemanager.scheduler.event.SchedulerEventType for class org.apache.hadoop.yarn.event.EventDispatcher
om_1        | 2019-11-08 12:12:14,234 WARN server.ServerUtils: ozone.om.db.dirs is not configured. We recommend adding this setting. Falling back to ozone.metadata.dirs instead.
datanode_1  | 2019-11-08 12:11:53,976 INFO impl.MetricsSinkAdapter: Sink prometheus started
nm_1        | 2019-11-08 12:11:40 INFO  AsyncDispatcher:223 - Registering class org.apache.hadoop.yarn.server.nodemanager.containermanager.monitor.ContainersMonitorEventType for class org.apache.hadoop.yarn.server.nodemanager.containermanager.monitor.ContainersMonitorImpl
datanode_2  | 2019-11-08 12:11:45,005 INFO handler.ContextHandler: Started o.e.j.s.ServletContextHandler@73844119{/static,jar:file:/opt/hadoop/share/ozone/lib/hadoop-hdds-container-service-0.5.0-SNAPSHOT.jar!/webapps/static,AVAILABLE}
datanode_3  | 2019-11-08 12:11:44,087 INFO http.HttpServer2: Jetty bound to port 9882
scm_1       | 2019-11-08 12:11:43,004 INFO db.DBStoreBuilder: using custom profile for table: revokedCerts
rm_1        | 2019-11-08 12:11:40 INFO  AsyncDispatcher:223 - Registering class org.apache.hadoop.yarn.server.resourcemanager.rmapp.RMAppEventType for class org.apache.hadoop.yarn.server.resourcemanager.ResourceManager$ApplicationEventDispatcher
om_1        | 2019-11-08 12:12:15,032 WARN server.ServerUtils: ozone.om.db.dirs is not configured. We recommend adding this setting. Falling back to ozone.metadata.dirs instead.
nm_1        | 2019-11-08 12:11:40 INFO  AsyncDispatcher:223 - Registering class org.apache.hadoop.yarn.server.nodemanager.containermanager.launcher.ContainersLauncherEventType for class org.apache.hadoop.yarn.server.nodemanager.containermanager.launcher.ContainersLauncher
datanode_1  | 2019-11-08 12:11:53,976 INFO impl.MetricsSystemImpl: Registered sink prometheus
datanode_2  | 2019-11-08 12:11:53,989 INFO handler.ContextHandler: Started o.e.j.w.WebAppContext@178f268a{/,file:///tmp/jetty-0.0.0.0-9882-hddsDatanode-_-any-17786308378618473141.dir/webapp/,AVAILABLE}{/hddsDatanode}
datanode_3  | 2019-11-08 12:11:44,091 INFO server.Server: jetty-9.3.25.v20180904, build timestamp: 2018-09-04T21:11:46Z, git hash: 3ce520221d0240229c862b122d2b06c12a625732
scm_1       | 2019-11-08 12:11:43,004 INFO db.DBStoreBuilder: Using default column profile:DBProfile.DISK for Table:revokedCerts
rm_1        | 2019-11-08 12:11:40 INFO  AsyncDispatcher:223 - Registering class org.apache.hadoop.yarn.server.resourcemanager.rmapp.attempt.RMAppAttemptEventType for class org.apache.hadoop.yarn.server.resourcemanager.ResourceManager$ApplicationAttemptEventDispatcher
om_1        | 2019-11-08 12:12:15,059 INFO util.log: Logging initialized @2515ms
nm_1        | 2019-11-08 12:11:40 INFO  AsyncDispatcher:223 - Registering class org.apache.hadoop.yarn.server.nodemanager.containermanager.scheduler.ContainerSchedulerEventType for class org.apache.hadoop.yarn.server.nodemanager.containermanager.scheduler.ContainerScheduler
datanode_1  | 2019-11-08 12:11:53,979 INFO server.BaseHttpServer: HTTP server of HDDSDATANODE is listening at http://0.0.0.0:9882
datanode_2  | 2019-11-08 12:11:53,996 INFO server.AbstractConnector: Started ServerConnector@7f1ef916{HTTP/1.1,[http/1.1]}{0.0.0.0:9882}
datanode_3  | 2019-11-08 12:11:44,161 INFO handler.ContextHandler: Started o.e.j.s.ServletContextHandler@4052c8c2{/logs,file:///var/log/hadoop/,AVAILABLE}
rm_1        | 2019-11-08 12:11:40 INFO  AsyncDispatcher:223 - Registering class org.apache.hadoop.yarn.server.resourcemanager.rmnode.RMNodeEventType for class org.apache.hadoop.yarn.server.resourcemanager.ResourceManager$NodeEventDispatcher
scm_1       | 2019-11-08 12:11:43,020 INFO db.DBStoreBuilder: using custom profile for table: default
om_1        | 2019-11-08 12:12:15,172 INFO db.DBStoreBuilder: using custom profile for table: userTable
nm_1        | 2019-11-08 12:11:40 INFO  NMLogAggregationStatusTracker:89 - the rolling interval seconds for the NodeManager Cached Log aggregation status is 600
datanode_1  | 2019-11-08 12:11:53,991 INFO util.JvmPauseMonitor: Starting JVM pause monitor
datanode_2  | 2019-11-08 12:11:53,996 INFO server.Server: Started @14126ms
datanode_3  | 2019-11-08 12:11:44,177 INFO handler.ContextHandler: Started o.e.j.s.ServletContextHandler@56dfab87{/static,jar:file:/opt/hadoop/share/ozone/lib/hadoop-hdds-container-service-0.5.0-SNAPSHOT.jar!/webapps/static,AVAILABLE}
rm_1        | 2019-11-08 12:11:40 INFO  FluentPropertyBeanIntrospector:147 - Error when creating PropertyDescriptor for public final void org.apache.commons.configuration2.AbstractConfiguration.setProperty(java.lang.String,java.lang.Object)! Ignoring this property.
scm_1       | 2019-11-08 12:11:43,021 INFO db.DBStoreBuilder: Using default column profile:DBProfile.DISK for Table:default
om_1        | 2019-11-08 12:12:15,172 INFO db.DBStoreBuilder: Using default column profile:DBProfile.DISK for Table:userTable
nm_1        | 2019-11-08 12:11:40 INFO  AsyncDispatcher:223 - Registering class org.apache.hadoop.yarn.server.nodemanager.ContainerManagerEventType for class org.apache.hadoop.yarn.server.nodemanager.containermanager.ContainerManagerImpl
datanode_2  | 2019-11-08 12:11:54,001 INFO impl.MetricsSinkAdapter: Sink prometheus started
datanode_1  | 2019-11-08 12:11:54,166 INFO datanode.InitDatanodeState: DatanodeDetails is persisted to /data/metadata/datanode.id
datanode_3  | 2019-11-08 12:11:53,976 INFO handler.ContextHandler: Started o.e.j.w.WebAppContext@2da66a44{/,file:///tmp/jetty-0.0.0.0-9882-hddsDatanode-_-any-814713371001030776.dir/webapp/,AVAILABLE}{/hddsDatanode}
rm_1        | 2019-11-08 12:11:40 INFO  MetricsConfig:121 - loaded properties from hadoop-metrics2.properties
scm_1       | 2019-11-08 12:11:43,025 INFO db.DBStoreBuilder: Using default options. DBProfile.DISK
om_1        | 2019-11-08 12:12:15,173 INFO db.DBStoreBuilder: using custom profile for table: volumeTable
nm_1        | 2019-11-08 12:11:40 INFO  AsyncDispatcher:223 - Registering class org.apache.hadoop.yarn.server.nodemanager.NodeManagerEventType for class org.apache.hadoop.yarn.server.nodemanager.NodeManager
datanode_2  | 2019-11-08 12:11:54,001 INFO impl.MetricsSystemImpl: Registered sink prometheus
datanode_1  | 2019-11-08 12:11:57,050 INFO ipc.Client: Retrying connect to server: scm/172.18.0.6:9861. Already tried 0 time(s); retry policy is RetryUpToMaximumCountWithFixedSleep(maxRetries=2147483647, sleepTime=1000 MILLISECONDS)
datanode_3  | 2019-11-08 12:11:53,984 INFO server.AbstractConnector: Started ServerConnector@69923ac3{HTTP/1.1,[http/1.1]}{0.0.0.0:9882}
rm_1        | 2019-11-08 12:11:40 INFO  MetricsSystemImpl:374 - Scheduled Metric snapshot period at 10 second(s).
scm_1       | 2019-11-08 12:12:04,800 INFO net.NodeSchemaLoader: Loading file from java.lang.CompoundEnumeration@6692b6c6
om_1        | 2019-11-08 12:12:15,173 INFO db.DBStoreBuilder: Using default column profile:DBProfile.DISK for Table:volumeTable
nm_1        | 2019-11-08 12:11:40 INFO  FluentPropertyBeanIntrospector:147 - Error when creating PropertyDescriptor for public final void org.apache.commons.configuration2.AbstractConfiguration.setProperty(java.lang.String,java.lang.Object)! Ignoring this property.
datanode_2  | 2019-11-08 12:11:54,003 INFO server.BaseHttpServer: HTTP server of HDDSDATANODE is listening at http://0.0.0.0:9882
datanode_1  | 2019-11-08 12:11:58,051 INFO ipc.Client: Retrying connect to server: scm/172.18.0.6:9861. Already tried 1 time(s); retry policy is RetryUpToMaximumCountWithFixedSleep(maxRetries=2147483647, sleepTime=1000 MILLISECONDS)
rm_1        | 2019-11-08 12:11:40 INFO  MetricsSystemImpl:191 - ResourceManager metrics system started
datanode_3  | 2019-11-08 12:11:53,984 INFO server.Server: Started @15079ms
scm_1       | 2019-11-08 12:12:04,801 INFO net.NodeSchemaLoader: Loading network topology layer schema file
om_1        | 2019-11-08 12:12:15,173 INFO db.DBStoreBuilder: using custom profile for table: bucketTable
nm_1        | 2019-11-08 12:11:40 INFO  MetricsConfig:121 - loaded properties from hadoop-metrics2.properties
datanode_2  | 2019-11-08 12:11:54,019 INFO util.JvmPauseMonitor: Starting JVM pause monitor
datanode_1  | 2019-11-08 12:11:59,052 INFO ipc.Client: Retrying connect to server: scm/172.18.0.6:9861. Already tried 2 time(s); retry policy is RetryUpToMaximumCountWithFixedSleep(maxRetries=2147483647, sleepTime=1000 MILLISECONDS)
rm_1        | 2019-11-08 12:11:40 INFO  YarnAuthorizationProvider:58 - org.apache.hadoop.yarn.security.ConfiguredYarnAuthorizer is instantiated.
datanode_3  | 2019-11-08 12:11:53,987 INFO impl.MetricsSinkAdapter: Sink prometheus started
scm_1       | 2019-11-08 12:12:04,885 INFO node.SCMNodeManager: Entering startup safe mode.
om_1        | 2019-11-08 12:12:15,173 INFO db.DBStoreBuilder: Using default column profile:DBProfile.DISK for Table:bucketTable
nm_1        | 2019-11-08 12:11:40 INFO  MetricsSystemImpl:374 - Scheduled Metric snapshot period at 10 second(s).
datanode_2  | 2019-11-08 12:11:54,183 INFO datanode.InitDatanodeState: DatanodeDetails is persisted to /data/metadata/datanode.id
datanode_1  | 2019-11-08 12:12:00,053 INFO ipc.Client: Retrying connect to server: scm/172.18.0.6:9861. Already tried 3 time(s); retry policy is RetryUpToMaximumCountWithFixedSleep(maxRetries=2147483647, sleepTime=1000 MILLISECONDS)
rm_1        | 2019-11-08 12:11:40 INFO  AsyncDispatcher:223 - Registering class org.apache.hadoop.yarn.server.resourcemanager.RMAppManagerEventType for class org.apache.hadoop.yarn.server.resourcemanager.RMAppManager
datanode_3  | 2019-11-08 12:11:53,987 INFO impl.MetricsSystemImpl: Registered sink prometheus
scm_1       | 2019-11-08 12:12:05,000 INFO algorithms.ContainerPlacementPolicyFactory: Create container placement policy of type org.apache.hadoop.hdds.scm.container.placement.algorithms.SCMContainerPlacementRandom
om_1        | 2019-11-08 12:12:15,173 INFO db.DBStoreBuilder: using custom profile for table: keyTable
nm_1        | 2019-11-08 12:11:40 INFO  MetricsSystemImpl:191 - NodeManager metrics system started
datanode_2  | 2019-11-08 12:11:57,066 INFO ipc.Client: Retrying connect to server: scm/172.18.0.6:9861. Already tried 0 time(s); retry policy is RetryUpToMaximumCountWithFixedSleep(maxRetries=2147483647, sleepTime=1000 MILLISECONDS)
datanode_1  | 2019-11-08 12:12:01,054 INFO ipc.Client: Retrying connect to server: scm/172.18.0.6:9861. Already tried 4 time(s); retry policy is RetryUpToMaximumCountWithFixedSleep(maxRetries=2147483647, sleepTime=1000 MILLISECONDS)
rm_1        | 2019-11-08 12:11:40 INFO  AsyncDispatcher:223 - Registering class org.apache.hadoop.yarn.server.resourcemanager.amlauncher.AMLauncherEventType for class org.apache.hadoop.yarn.server.resourcemanager.amlauncher.ApplicationMasterLauncher
datanode_3  | 2019-11-08 12:11:53,990 INFO server.BaseHttpServer: HTTP server of HDDSDATANODE is listening at http://0.0.0.0:9882
scm_1       | 2019-11-08 12:12:05,011 WARN server.ServerUtils: ozone.scm.db.dirs is not configured. We recommend adding this setting. Falling back to ozone.metadata.dirs instead.
om_1        | 2019-11-08 12:12:15,173 INFO db.DBStoreBuilder: Using default column profile:DBProfile.DISK for Table:keyTable
nm_1        | 2019-11-08 12:11:40 INFO  DirectoryCollection:189 - Disk Validator: yarn.nodemanager.disk-validator is loaded.
datanode_2  | 2019-11-08 12:11:58,067 INFO ipc.Client: Retrying connect to server: scm/172.18.0.6:9861. Already tried 1 time(s); retry policy is RetryUpToMaximumCountWithFixedSleep(maxRetries=2147483647, sleepTime=1000 MILLISECONDS)
datanode_1  | 2019-11-08 12:12:02,056 INFO ipc.Client: Retrying connect to server: scm/172.18.0.6:9861. Already tried 5 time(s); retry policy is RetryUpToMaximumCountWithFixedSleep(maxRetries=2147483647, sleepTime=1000 MILLISECONDS)
rm_1        | 2019-11-08 12:11:40 INFO  RMNMInfo:63 - Registered RMNMInfo MBean
datanode_3  | 2019-11-08 12:11:54,002 INFO util.JvmPauseMonitor: Starting JVM pause monitor
scm_1       | 2019-11-08 12:12:05,071 INFO pipeline.SCMPipelineManager: No pipeline exists in current db
om_1        | 2019-11-08 12:12:15,174 INFO db.DBStoreBuilder: using custom profile for table: deletedTable
nm_1        | 2019-11-08 12:11:40 INFO  DirectoryCollection:189 - Disk Validator: yarn.nodemanager.disk-validator is loaded.
datanode_2  | 2019-11-08 12:11:59,068 INFO ipc.Client: Retrying connect to server: scm/172.18.0.6:9861. Already tried 2 time(s); retry policy is RetryUpToMaximumCountWithFixedSleep(maxRetries=2147483647, sleepTime=1000 MILLISECONDS)
datanode_1  | 2019-11-08 12:12:03,056 INFO ipc.Client: Retrying connect to server: scm/172.18.0.6:9861. Already tried 6 time(s); retry policy is RetryUpToMaximumCountWithFixedSleep(maxRetries=2147483647, sleepTime=1000 MILLISECONDS)
rm_1        | 2019-11-08 12:11:40 INFO  RMAppLifetimeMonitor:66 - Application lifelime monitor interval set to 3000 ms.
datanode_3  | 2019-11-08 12:11:54,169 INFO datanode.InitDatanodeState: DatanodeDetails is persisted to /data/metadata/datanode.id
om_1        | 2019-11-08 12:12:15,174 INFO db.DBStoreBuilder: Using default column profile:DBProfile.DISK for Table:deletedTable
nm_1        | 2019-11-08 12:11:40 INFO  NodeResourceMonitorImpl:75 -  Using ResourceCalculatorPlugin : org.apache.hadoop.yarn.util.ResourceCalculatorPlugin@59e2d8e3
datanode_2  | 2019-11-08 12:12:00,069 INFO ipc.Client: Retrying connect to server: scm/172.18.0.6:9861. Already tried 3 time(s); retry policy is RetryUpToMaximumCountWithFixedSleep(maxRetries=2147483647, sleepTime=1000 MILLISECONDS)
scm_1       | 2019-11-08 12:12:05,073 WARN server.ServerUtils: ozone.scm.db.dirs is not configured. We recommend adding this setting. Falling back to ozone.metadata.dirs instead.
datanode_1  | 2019-11-08 12:12:04,058 INFO ipc.Client: Retrying connect to server: scm/172.18.0.6:9861. Already tried 7 time(s); retry policy is RetryUpToMaximumCountWithFixedSleep(maxRetries=2147483647, sleepTime=1000 MILLISECONDS)
rm_1        | 2019-11-08 12:11:40 INFO  HostsFileReader:211 - Refreshing hosts (include/exclude) list
datanode_3  | 2019-11-08 12:11:57,062 INFO ipc.Client: Retrying connect to server: scm/172.18.0.6:9861. Already tried 0 time(s); retry policy is RetryUpToMaximumCountWithFixedSleep(maxRetries=2147483647, sleepTime=1000 MILLISECONDS)
om_1        | 2019-11-08 12:12:15,174 INFO db.DBStoreBuilder: using custom profile for table: openKeyTable
nm_1        | 2019-11-08 12:11:40 INFO  AsyncDispatcher:223 - Registering class org.apache.hadoop.yarn.server.nodemanager.containermanager.loghandler.event.LogHandlerEventType for class org.apache.hadoop.yarn.server.nodemanager.containermanager.loghandler.NonAggregatingLogHandler
datanode_2  | 2019-11-08 12:12:01,070 INFO ipc.Client: Retrying connect to server: scm/172.18.0.6:9861. Already tried 4 time(s); retry policy is RetryUpToMaximumCountWithFixedSleep(maxRetries=2147483647, sleepTime=1000 MILLISECONDS)
scm_1       | 2019-11-08 12:12:05,168 WARN events.EventQueue: No event handler registered for event TypedEvent{payloadType=SafeModeStatus, name='SafeModeStatus'}
datanode_1  | 2019-11-08 12:12:05,059 INFO ipc.Client: Retrying connect to server: scm/172.18.0.6:9861. Already tried 8 time(s); retry policy is RetryUpToMaximumCountWithFixedSleep(maxRetries=2147483647, sleepTime=1000 MILLISECONDS)
om_1        | 2019-11-08 12:12:15,174 INFO db.DBStoreBuilder: Using default column profile:DBProfile.DISK for Table:openKeyTable
datanode_2  | 2019-11-08 12:12:02,071 INFO ipc.Client: Retrying connect to server: scm/172.18.0.6:9861. Already tried 5 time(s); retry policy is RetryUpToMaximumCountWithFixedSleep(maxRetries=2147483647, sleepTime=1000 MILLISECONDS)
nm_1        | 2019-11-08 12:11:40 INFO  AsyncDispatcher:223 - Registering class org.apache.hadoop.yarn.server.nodemanager.containermanager.localizer.sharedcache.SharedCacheUploadEventType for class org.apache.hadoop.yarn.server.nodemanager.containermanager.localizer.sharedcache.SharedCacheUploadService
rm_1        | 2019-11-08 12:11:40 INFO  Configuration:2755 - found resource capacity-scheduler.xml at file:/opt/hadoop/etc/hadoop/capacity-scheduler.xml
scm_1       | 2019-11-08 12:12:05,711 INFO ipc.CallQueueManager: Using callQueue: class java.util.concurrent.LinkedBlockingQueue, queueCapacity: 1000, scheduler: class org.apache.hadoop.ipc.DefaultRpcScheduler, ipcBackoff: false.
datanode_1  | 2019-11-08 12:12:06,060 INFO ipc.Client: Retrying connect to server: scm/172.18.0.6:9861. Already tried 9 time(s); retry policy is RetryUpToMaximumCountWithFixedSleep(maxRetries=2147483647, sleepTime=1000 MILLISECONDS)
datanode_3  | 2019-11-08 12:11:58,063 INFO ipc.Client: Retrying connect to server: scm/172.18.0.6:9861. Already tried 1 time(s); retry policy is RetryUpToMaximumCountWithFixedSleep(maxRetries=2147483647, sleepTime=1000 MILLISECONDS)
datanode_2  | 2019-11-08 12:12:03,072 INFO ipc.Client: Retrying connect to server: scm/172.18.0.6:9861. Already tried 6 time(s); retry policy is RetryUpToMaximumCountWithFixedSleep(maxRetries=2147483647, sleepTime=1000 MILLISECONDS)
om_1        | 2019-11-08 12:12:15,174 INFO db.DBStoreBuilder: using custom profile for table: s3Table
rm_1        | 2019-11-08 12:11:40 INFO  AbstractYarnScheduler:1371 - Minimum allocation = <memory:1024, vCores:1>
scm_1       | 2019-11-08 12:12:05,731 INFO ipc.Server: Starting Socket Reader #1 for port 9861
datanode_1  | 2019-11-08 12:12:06,752 INFO ozoneimpl.OzoneContainer: Attempting to start container services.
datanode_3  | 2019-11-08 12:11:59,064 INFO ipc.Client: Retrying connect to server: scm/172.18.0.6:9861. Already tried 2 time(s); retry policy is RetryUpToMaximumCountWithFixedSleep(maxRetries=2147483647, sleepTime=1000 MILLISECONDS)
datanode_2  | 2019-11-08 12:12:04,073 INFO ipc.Client: Retrying connect to server: scm/172.18.0.6:9861. Already tried 7 time(s); retry policy is RetryUpToMaximumCountWithFixedSleep(maxRetries=2147483647, sleepTime=1000 MILLISECONDS)
om_1        | 2019-11-08 12:12:15,175 INFO db.DBStoreBuilder: Using default column profile:DBProfile.DISK for Table:s3Table
nm_1        | 2019-11-08 12:11:40 INFO  ContainerManagerImpl:336 - AMRMProxyService is disabled
rm_1        | 2019-11-08 12:11:40 INFO  AbstractYarnScheduler:1383 - Maximum allocation = <memory:8192, vCores:4>
scm_1       | 2019-11-08 12:12:05,756 INFO ipc.CallQueueManager: Using callQueue: class java.util.concurrent.LinkedBlockingQueue, queueCapacity: 1000, scheduler: class org.apache.hadoop.ipc.DefaultRpcScheduler, ipcBackoff: false.
datanode_1  | 2019-11-08 12:12:06,754 INFO ozoneimpl.OzoneContainer: Background container scanner has been disabled.
datanode_3  | 2019-11-08 12:12:00,065 INFO ipc.Client: Retrying connect to server: scm/172.18.0.6:9861. Already tried 3 time(s); retry policy is RetryUpToMaximumCountWithFixedSleep(maxRetries=2147483647, sleepTime=1000 MILLISECONDS)
datanode_2  | 2019-11-08 12:12:05,074 INFO ipc.Client: Retrying connect to server: scm/172.18.0.6:9861. Already tried 8 time(s); retry policy is RetryUpToMaximumCountWithFixedSleep(maxRetries=2147483647, sleepTime=1000 MILLISECONDS)
om_1        | 2019-11-08 12:12:15,176 INFO db.DBStoreBuilder: using custom profile for table: multipartInfoTable
nm_1        | 2019-11-08 12:11:40 INFO  ResourceLocalizationService:242 - per directory file limit = 8192
rm_1        | 2019-11-08 12:11:40 INFO  CapacitySchedulerConfiguration:912 - max alloc mb per queue for root is undefined
scm_1       | 2019-11-08 12:12:05,756 INFO ipc.Server: Starting Socket Reader #1 for port 9863
datanode_1  | 2019-11-08 12:12:06,754 INFO ratis.XceiverServerRatis: Starting XceiverServerRatis 319e13b6-6cd5-463e-9664-4a34f877342b at port 9858
datanode_3  | 2019-11-08 12:12:01,066 INFO ipc.Client: Retrying connect to server: scm/172.18.0.6:9861. Already tried 4 time(s); retry policy is RetryUpToMaximumCountWithFixedSleep(maxRetries=2147483647, sleepTime=1000 MILLISECONDS)
datanode_2  | 2019-11-08 12:12:06,075 INFO ipc.Client: Retrying connect to server: scm/172.18.0.6:9861. Already tried 9 time(s); retry policy is RetryUpToMaximumCountWithFixedSleep(maxRetries=2147483647, sleepTime=1000 MILLISECONDS)
om_1        | 2019-11-08 12:12:15,177 INFO db.DBStoreBuilder: Using default column profile:DBProfile.DISK for Table:multipartInfoTable
nm_1        | 2019-11-08 12:11:41 INFO  ResourceLocalizationService:271 - Disk Validator: yarn.nodemanager.disk-validator is loaded.
rm_1        | 2019-11-08 12:11:40 INFO  CapacitySchedulerConfiguration:916 - max alloc vcore per queue for root is undefined
scm_1       | 2019-11-08 12:12:05,768 INFO ipc.CallQueueManager: Using callQueue: class java.util.concurrent.LinkedBlockingQueue, queueCapacity: 1000, scheduler: class org.apache.hadoop.ipc.DefaultRpcScheduler, ipcBackoff: false.
datanode_1  | 2019-11-08 12:12:06,774 INFO impl.RaftServerProxy: 319e13b6-6cd5-463e-9664-4a34f877342b: start RPC server
datanode_2  | 2019-11-08 12:12:06,752 INFO ozoneimpl.OzoneContainer: Attempting to start container services.
datanode_3  | 2019-11-08 12:12:02,067 INFO ipc.Client: Retrying connect to server: scm/172.18.0.6:9861. Already tried 5 time(s); retry policy is RetryUpToMaximumCountWithFixedSleep(maxRetries=2147483647, sleepTime=1000 MILLISECONDS)
om_1        | 2019-11-08 12:12:15,177 INFO db.DBStoreBuilder: using custom profile for table: dTokenTable
nm_1        | 2019-11-08 12:11:41 INFO  AsyncDispatcher:223 - Registering class org.apache.hadoop.yarn.server.nodemanager.containermanager.localizer.event.LocalizerEventType for class org.apache.hadoop.yarn.server.nodemanager.containermanager.localizer.ResourceLocalizationService$LocalizerTracker
rm_1        | 2019-11-08 12:11:40 INFO  ParentQueue:151 - root, capacity=1.0, absoluteCapacity=1.0, maxCapacity=1.0, absoluteMaxCapacity=1.0, state=RUNNING, acls=ADMINISTER_QUEUE:*SUBMIT_APP:*, labels=*,
scm_1       | 2019-11-08 12:12:05,769 INFO ipc.Server: Starting Socket Reader #1 for port 9860
datanode_1  | 2019-11-08 12:12:06,903 INFO server.GrpcService: 319e13b6-6cd5-463e-9664-4a34f877342b: GrpcService started, listening on 0.0.0.0/0.0.0.0:9858
datanode_2  | 2019-11-08 12:12:06,754 INFO ozoneimpl.OzoneContainer: Background container scanner has been disabled.
datanode_3  | 2019-11-08 12:12:03,067 INFO ipc.Client: Retrying connect to server: scm/172.18.0.6:9861. Already tried 6 time(s); retry policy is RetryUpToMaximumCountWithFixedSleep(maxRetries=2147483647, sleepTime=1000 MILLISECONDS)
om_1        | 2019-11-08 12:12:15,177 INFO db.DBStoreBuilder: Using default column profile:DBProfile.DISK for Table:dTokenTable
nm_1        | 2019-11-08 12:11:41 INFO  AuxServices:103 - Adding auxiliary service mapreduce_shuffle, "mapreduce_shuffle"
rm_1        | , reservationsContinueLooking=true, orderingPolicy=utilization, priority=0
scm_1       | 2019-11-08 12:12:05,801 INFO hdfs.DFSUtil: Starting Web-server for scm at: http://0.0.0.0:9876
datanode_1  | WARNING: An illegal reflective access operation has occurred
datanode_3  | 2019-11-08 12:12:04,069 INFO ipc.Client: Retrying connect to server: scm/172.18.0.6:9861. Already tried 7 time(s); retry policy is RetryUpToMaximumCountWithFixedSleep(maxRetries=2147483647, sleepTime=1000 MILLISECONDS)
datanode_2  | 2019-11-08 12:12:06,754 INFO ratis.XceiverServerRatis: Starting XceiverServerRatis b9efb36b-5766-4f1c-883d-bda9683d2db1 at port 9858
om_1        | 2019-11-08 12:12:15,178 INFO db.DBStoreBuilder: using custom profile for table: s3SecretTable
nm_1        | 2019-11-08 12:11:41 INFO  ContainersMonitorImpl:130 -  Using ResourceCalculatorPlugin : org.apache.hadoop.yarn.util.ResourceCalculatorPlugin@6c2ed0cd
rm_1        | 2019-11-08 12:11:40 INFO  ParentQueue:114 - Initialized parent-queue root name=root, fullname=root
scm_1       | 2019-11-08 12:12:06,053 INFO server.AuthenticationFilter: Unable to initialize FileSignerSecretProvider, falling back to use random secrets.
datanode_3  | 2019-11-08 12:12:05,069 INFO ipc.Client: Retrying connect to server: scm/172.18.0.6:9861. Already tried 8 time(s); retry policy is RetryUpToMaximumCountWithFixedSleep(maxRetries=2147483647, sleepTime=1000 MILLISECONDS)
datanode_2  | 2019-11-08 12:12:06,777 INFO impl.RaftServerProxy: b9efb36b-5766-4f1c-883d-bda9683d2db1: start RPC server
om_1        | 2019-11-08 12:12:15,178 INFO db.DBStoreBuilder: Using default column profile:DBProfile.DISK for Table:s3SecretTable
nm_1        | 2019-11-08 12:11:41 INFO  ContainersMonitorImpl:135 -  Using ResourceCalculatorProcessTree : null
rm_1        | 2019-11-08 12:11:40 INFO  CapacitySchedulerConfiguration:912 - max alloc mb per queue for root.default is undefined
scm_1       | 2019-11-08 12:12:06,074 INFO http.HttpRequestLog: Http request log for http.requests.scm is not defined
datanode_2  | 2019-11-08 12:12:06,912 INFO server.GrpcService: b9efb36b-5766-4f1c-883d-bda9683d2db1: GrpcService started, listening on 0.0.0.0/0.0.0.0:9858
datanode_3  | 2019-11-08 12:12:06,070 INFO ipc.Client: Retrying connect to server: scm/172.18.0.6:9861. Already tried 9 time(s); retry policy is RetryUpToMaximumCountWithFixedSleep(maxRetries=2147483647, sleepTime=1000 MILLISECONDS)
datanode_1  | WARNING: Illegal reflective access by org.apache.ratis.thirdparty.com.google.protobuf.UnsafeUtil (file:/opt/hadoop/share/ozone/lib/ratis-thirdparty-misc-0.2.0.jar) to field java.nio.Buffer.address
om_1        | 2019-11-08 12:12:15,178 INFO db.DBStoreBuilder: using custom profile for table: prefixTable
nm_1        | 2019-11-08 12:11:41 INFO  ContainersMonitorImpl:176 - Physical memory check enabled: false
rm_1        | 2019-11-08 12:11:40 INFO  CapacitySchedulerConfiguration:916 - max alloc vcore per queue for root.default is undefined
scm_1       | 2019-11-08 12:12:06,083 INFO http.HttpServer2: Added global filter 'safety' (class=org.apache.hadoop.http.HttpServer2$QuotingInputFilter)
datanode_2  | WARNING: An illegal reflective access operation has occurred
datanode_3  | 2019-11-08 12:12:06,752 INFO ozoneimpl.OzoneContainer: Attempting to start container services.
om_1        | 2019-11-08 12:12:15,178 INFO db.DBStoreBuilder: Using default column profile:DBProfile.DISK for Table:prefixTable
datanode_1  | WARNING: Please consider reporting this to the maintainers of org.apache.ratis.thirdparty.com.google.protobuf.UnsafeUtil
nm_1        | 2019-11-08 12:11:41 INFO  ContainersMonitorImpl:177 - Virtual memory check enabled: false
rm_1        | 2019-11-08 12:11:40 INFO  LeafQueue:289 - Initializing default
scm_1       | 2019-11-08 12:12:06,086 INFO http.HttpServer2: Added filter static_user_filter (class=org.apache.hadoop.http.lib.StaticUserWebFilter$StaticUserFilter) to context scm
datanode_2  | WARNING: Illegal reflective access by org.apache.ratis.thirdparty.com.google.protobuf.UnsafeUtil (file:/opt/hadoop/share/ozone/lib/ratis-thirdparty-misc-0.2.0.jar) to field java.nio.Buffer.address
datanode_3  | 2019-11-08 12:12:06,754 INFO ozoneimpl.OzoneContainer: Background container scanner has been disabled.
om_1        | 2019-11-08 12:12:15,208 INFO db.DBStoreBuilder: using custom profile for table: default
datanode_1  | WARNING: Use --illegal-access=warn to enable warnings of further illegal reflective access operations
nm_1        | 2019-11-08 12:11:41 INFO  ContainersMonitorImpl:181 - ContainersMonitor enabled: true
rm_1        | capacity = 1.0 [= (float) configuredCapacity / 100 ]
scm_1       | 2019-11-08 12:12:06,087 INFO http.HttpServer2: Added filter static_user_filter (class=org.apache.hadoop.http.lib.StaticUserWebFilter$StaticUserFilter) to context logs
datanode_2  | WARNING: Please consider reporting this to the maintainers of org.apache.ratis.thirdparty.com.google.protobuf.UnsafeUtil
datanode_3  | 2019-11-08 12:12:06,761 INFO ratis.XceiverServerRatis: Starting XceiverServerRatis 75f71311-c193-4d5c-84bb-7a92a82652c6 at port 9858
datanode_1  | WARNING: All illegal access operations will be denied in a future release
nm_1        | 2019-11-08 12:11:41 INFO  ContainerManagerImpl:394 - Not a recoverable state store. Nothing to recover.
om_1        | 2019-11-08 12:12:15,208 INFO db.DBStoreBuilder: Using default column profile:DBProfile.DISK for Table:default
rm_1        | absoluteCapacity = 1.0 [= parentAbsoluteCapacity * capacity ]
scm_1       | 2019-11-08 12:12:06,087 INFO http.HttpServer2: Added filter static_user_filter (class=org.apache.hadoop.http.lib.StaticUserWebFilter$StaticUserFilter) to context static
datanode_2  | WARNING: Use --illegal-access=warn to enable warnings of further illegal reflective access operations
datanode_3  | 2019-11-08 12:12:06,782 INFO impl.RaftServerProxy: 75f71311-c193-4d5c-84bb-7a92a82652c6: start RPC server
datanode_1  | 2019-11-08 12:12:11,843 INFO impl.RaftServerProxy: 319e13b6-6cd5-463e-9664-4a34f877342b: addNew group-AA124E9DFCFA:[75f71311-c193-4d5c-84bb-7a92a82652c6:172.18.0.9:9858, b9efb36b-5766-4f1c-883d-bda9683d2db1:172.18.0.8:9858, 319e13b6-6cd5-463e-9664-4a34f877342b:172.18.0.7:9858] returns group-AA124E9DFCFA:java.util.concurrent.CompletableFuture@4cfc1bf9[Not completed]
nm_1        | 2019-11-08 12:11:41 INFO  Configuration:2752 - resource-types.xml not found
om_1        | 2019-11-08 12:12:15,212 INFO db.DBStoreBuilder: Using default options. DBProfile.DISK
rm_1        | maxCapacity = 1.0 [= configuredMaxCapacity ]
scm_1       | 2019-11-08 12:12:06,114 INFO server.StorageContainerManager: StorageContainerLocationProtocol RPC server is listening at /0.0.0.0:9860
datanode_3  | 2019-11-08 12:12:06,923 INFO server.GrpcService: 75f71311-c193-4d5c-84bb-7a92a82652c6: GrpcService started, listening on 0.0.0.0/0.0.0.0:9858
datanode_1  | 2019-11-08 12:12:11,866 INFO impl.RaftServerImpl: 319e13b6-6cd5-463e-9664-4a34f877342b: new RaftServerImpl for group-AA124E9DFCFA:[75f71311-c193-4d5c-84bb-7a92a82652c6:172.18.0.9:9858, b9efb36b-5766-4f1c-883d-bda9683d2db1:172.18.0.8:9858, 319e13b6-6cd5-463e-9664-4a34f877342b:172.18.0.7:9858] with ContainerStateMachine:uninitialized
datanode_2  | WARNING: All illegal access operations will be denied in a future release
nm_1        | 2019-11-08 12:11:41 INFO  ResourceUtils:418 - Unable to find 'resource-types.xml'.
om_1        | 2019-11-08 12:12:15,702 INFO ipc.CallQueueManager: Using callQueue: class java.util.concurrent.LinkedBlockingQueue, queueCapacity: 2000, scheduler: class org.apache.hadoop.ipc.DefaultRpcScheduler, ipcBackoff: false.
rm_1        | absoluteMaxCapacity = 1.0 [= 1.0 maximumCapacity undefined, (parentAbsoluteMaxCapacity * maximumCapacity) / 100 otherwise ]
scm_1       | 2019-11-08 12:12:06,179 INFO impl.MetricsConfig: Loaded properties from hadoop-metrics2.properties
datanode_3  | WARNING: An illegal reflective access operation has occurred
datanode_1  | 2019-11-08 12:12:11,868 INFO server.RaftServerConfigKeys: raft.server.rpc.timeout.min = 5s (custom)
datanode_2  | 2019-11-08 12:12:11,837 INFO impl.RaftServerProxy: b9efb36b-5766-4f1c-883d-bda9683d2db1: addNew group-AA124E9DFCFA:[75f71311-c193-4d5c-84bb-7a92a82652c6:172.18.0.9:9858, b9efb36b-5766-4f1c-883d-bda9683d2db1:172.18.0.8:9858, 319e13b6-6cd5-463e-9664-4a34f877342b:172.18.0.7:9858] returns group-AA124E9DFCFA:java.util.concurrent.CompletableFuture@3b35e68e[Not completed]
nm_1        | 2019-11-08 12:11:41 INFO  Configuration:2752 - node-resources.xml not found
om_1        | 2019-11-08 12:12:15,710 INFO ipc.Server: Starting Socket Reader #1 for port 9862
rm_1        | effectiveMinResource=<memory:0, vCores:0>
scm_1       | 2019-11-08 12:12:06,241 INFO impl.MetricsSystemImpl: Scheduled Metric snapshot period at 10 second(s).
datanode_3  | WARNING: Illegal reflective access by org.apache.ratis.thirdparty.com.google.protobuf.UnsafeUtil (file:/opt/hadoop/share/ozone/lib/ratis-thirdparty-misc-0.2.0.jar) to field java.nio.Buffer.address
datanode_1  | 2019-11-08 12:12:11,868 INFO server.RaftServerConfigKeys: raft.server.rpc.timeout.max = 5200ms (custom)
datanode_2  | 2019-11-08 12:12:11,857 INFO impl.RaftServerImpl: b9efb36b-5766-4f1c-883d-bda9683d2db1: new RaftServerImpl for group-AA124E9DFCFA:[75f71311-c193-4d5c-84bb-7a92a82652c6:172.18.0.9:9858, b9efb36b-5766-4f1c-883d-bda9683d2db1:172.18.0.8:9858, 319e13b6-6cd5-463e-9664-4a34f877342b:172.18.0.7:9858] with ContainerStateMachine:uninitialized
nm_1        | 2019-11-08 12:11:41 INFO  ResourceUtils:418 - Unable to find 'node-resources.xml'.
om_1        | 2019-11-08 12:12:15,739 INFO om.OzoneManager: OzoneManager RPC server is listening at om/172.18.0.2:9862
rm_1        |  , effectiveMaxResource=<memory:0, vCores:0>
scm_1       | 2019-11-08 12:12:06,244 INFO impl.MetricsSystemImpl: StorageContainerManager metrics system started
datanode_3  | WARNING: Please consider reporting this to the maintainers of org.apache.ratis.thirdparty.com.google.protobuf.UnsafeUtil
datanode_2  | 2019-11-08 12:12:11,858 INFO server.RaftServerConfigKeys: raft.server.rpc.timeout.min = 5s (custom)
nm_1        | 2019-11-08 12:11:41 INFO  NodeStatusUpdaterImpl:192 - Nodemanager resources is set to: <memory:8192, vCores:8>
om_1        | 2019-11-08 12:12:15,808 INFO impl.MetricsConfig: Loaded properties from hadoop-metrics2.properties
rm_1        | userLimit = 100 [= configuredUserLimit ]
