om_1        | 2019-11-15 19:49:45,037 INFO db.DBStoreBuilder: Using default column profile:DBProfile.DISK for Table:prefixTable
scm_1       | 2019-11-15 19:49:42,089 INFO ipc.Server: IPC Server Responder: starting
datanode_2  | 2019-11-15 19:49:46,758 INFO storage.RaftStorageDirectory: The storage directory /data/metadata/ratis/1c4fd90d-241c-4f5c-81cb-53e7422dee9b does not exist. Creating ...
datanode_1  | 2019-11-15 19:49:46,094 INFO server.RaftServerConfigKeys: raft.server.log.corruption.policy = EXCEPTION (default)
datanode_3  | 2019-11-15 19:49:48,491 INFO storage.RaftStorageDirectory: The storage directory /data/metadata/ratis/a009c2d9-e647-4784-9827-db336ac9eb60 does not exist. Creating ...
om_1        | 2019-11-15 19:49:45,053 INFO db.DBStoreBuilder: using custom profile for table: default
scm_1       | 2019-11-15 19:49:42,089 INFO ipc.Server: IPC Server listener on 9863: starting
datanode_2  | 2019-11-15 19:49:46,768 INFO storage.RaftStorageDirectory: Lock on /data/metadata/ratis/1c4fd90d-241c-4f5c-81cb-53e7422dee9b/in_use.lock acquired by nodename 7@2be135a01cdf
datanode_1  | 2019-11-15 19:49:46,095 INFO storage.RaftStorageDirectory: The storage directory /data/metadata/ratis/2efe61a7-629b-456f-b7a0-dde3e52149c9 does not exist. Creating ...
datanode_3  | 2019-11-15 19:49:48,512 INFO storage.RaftStorageDirectory: Lock on /data/metadata/ratis/a009c2d9-e647-4784-9827-db336ac9eb60/in_use.lock acquired by nodename 7@019442ab7891
om_1        | 2019-11-15 19:49:45,053 INFO db.DBStoreBuilder: Using default column profile:DBProfile.DISK for Table:default
datanode_2  | 2019-11-15 19:49:46,773 INFO storage.RaftStorage: Storage directory /data/metadata/ratis/1c4fd90d-241c-4f5c-81cb-53e7422dee9b has been successfully formatted.
scm_1       | 2019-11-15 19:49:42,091 INFO server.StorageContainerManager: ScmDatanodeProtocl RPC server is listening at /0.0.0.0:9861
datanode_1  | 2019-11-15 19:49:46,124 INFO storage.RaftStorageDirectory: Lock on /data/metadata/ratis/2efe61a7-629b-456f-b7a0-dde3e52149c9/in_use.lock acquired by nodename 7@3989090a2073
datanode_3  | 2019-11-15 19:49:48,527 INFO storage.RaftStorage: Storage directory /data/metadata/ratis/a009c2d9-e647-4784-9827-db336ac9eb60 has been successfully formatted.
om_1        | 2019-11-15 19:49:45,055 INFO db.DBStoreBuilder: Using default options. DBProfile.DISK
datanode_2  | 2019-11-15 19:49:46,777 INFO ratis.ContainerStateMachine: group-53E7422DEE9B: The snapshot info is null. Setting the last applied indexto:(t:0, i:~)
scm_1       | 2019-11-15 19:49:42,092 INFO server.SCMDatanodeProtocolServer: RPC server for DataNodes is listening at /0.0.0.0:9861
datanode_1  | 2019-11-15 19:49:46,151 INFO storage.RaftStorage: Storage directory /data/metadata/ratis/2efe61a7-629b-456f-b7a0-dde3e52149c9 has been successfully formatted.
datanode_3  | 2019-11-15 19:49:48,532 INFO ratis.ContainerStateMachine: group-DB336AC9EB60: The snapshot info is null. Setting the last applied indexto:(t:0, i:~)
om_1        | 2019-11-15 19:49:45,854 INFO ipc.CallQueueManager: Using callQueue: class java.util.concurrent.LinkedBlockingQueue, queueCapacity: 2000, scheduler: class org.apache.hadoop.ipc.DefaultRpcScheduler, ipcBackoff: false.
datanode_2  | 2019-11-15 19:49:46,777 INFO server.RaftServerConfigKeys: raft.server.notification.no-leader.timeout = 120s (custom)
scm_1       | 2019-11-15 19:49:42,093 INFO ipc.Server: IPC Server Responder: starting
datanode_1  | 2019-11-15 19:49:46,155 INFO ratis.ContainerStateMachine: group-DDE3E52149C9: The snapshot info is null. Setting the last applied indexto:(t:0, i:~)
datanode_3  | 2019-11-15 19:49:48,532 INFO server.RaftServerConfigKeys: raft.server.notification.no-leader.timeout = 120s (custom)
om_1        | 2019-11-15 19:49:45,866 INFO ipc.Server: Starting Socket Reader #1 for port 9862
datanode_2  | 2019-11-15 19:49:46,780 INFO server.RaftServerConfigKeys: raft.server.log.use.memory = false (default)
scm_1       | 2019-11-15 19:49:42,093 INFO ipc.Server: IPC Server listener on 9861: starting
datanode_1  | 2019-11-15 19:49:46,155 INFO server.RaftServerConfigKeys: raft.server.notification.no-leader.timeout = 120s (custom)
datanode_3  | 2019-11-15 19:49:48,534 INFO server.RaftServerConfigKeys: raft.server.log.use.memory = false (default)
om_1        | 2019-11-15 19:49:45,899 INFO om.OzoneManager: OzoneManager RPC server is listening at om/172.19.0.3:9862
datanode_2  | 2019-11-15 19:49:46,784 INFO server.RaftServerConfigKeys: raft.server.log.purge.gap = 1000000 (custom)
scm_1       | 2019-11-15 19:49:42,103 INFO http.HttpServer2: Jetty bound to port 9876
datanode_3  | 2019-11-15 19:49:48,539 INFO server.RaftServerConfigKeys: raft.server.log.purge.gap = 1000000 (custom)
datanode_1  | 2019-11-15 19:49:46,158 INFO server.RaftServerConfigKeys: raft.server.log.use.memory = false (default)
scm_1       | 2019-11-15 19:49:42,105 INFO server.Server: jetty-9.3.25.v20180904, build timestamp: 2018-09-04T21:11:46Z, git hash: 3ce520221d0240229c862b122d2b06c12a625732
datanode_2  | 2019-11-15 19:49:46,784 INFO server.RaftServerConfigKeys: raft.server.log.appender.buffer.byte-limit = 33554432 (custom)
om_1        | 2019-11-15 19:49:45,976 INFO impl.MetricsConfig: Loaded properties from hadoop-metrics2.properties
datanode_3  | 2019-11-15 19:49:48,539 INFO server.RaftServerConfigKeys: raft.server.log.appender.buffer.byte-limit = 33554432 (custom)
datanode_1  | 2019-11-15 19:49:46,163 INFO server.RaftServerConfigKeys: raft.server.log.purge.gap = 1000000 (custom)
scm_1       | 2019-11-15 19:49:42,161 INFO handler.ContextHandler: Started o.e.j.s.ServletContextHandler@7f829c76{/logs,file:///var/log/hadoop/,AVAILABLE}
om_1        | 2019-11-15 19:49:46,177 INFO impl.MetricsSystemImpl: Scheduled Metric snapshot period at 10 second(s).
datanode_3  | 2019-11-15 19:49:48,541 INFO server.RaftServerConfigKeys: raft.server.log.segment.size.max = 1048576 (custom)
datanode_2  | 2019-11-15 19:49:46,786 INFO server.RaftServerConfigKeys: raft.server.log.segment.size.max = 1048576 (custom)
datanode_1  | 2019-11-15 19:49:46,163 INFO server.RaftServerConfigKeys: raft.server.log.appender.buffer.byte-limit = 33554432 (custom)
scm_1       | 2019-11-15 19:49:42,162 INFO handler.ContextHandler: Started o.e.j.s.ServletContextHandler@6ae7deac{/static,jar:file:/opt/hadoop/share/ozone/lib/hadoop-hdds-server-scm-0.5.0-SNAPSHOT.jar!/webapps/static,AVAILABLE}
om_1        | 2019-11-15 19:49:46,177 INFO impl.MetricsSystemImpl: OzoneManager metrics system started
datanode_2  | 2019-11-15 19:49:46,793 INFO metrics.MetricRegistries: Loaded MetricRegistries class org.apache.ratis.metrics.impl.MetricRegistriesImpl
datanode_3  | 2019-11-15 19:49:48,550 INFO metrics.MetricRegistries: Loaded MetricRegistries class org.apache.ratis.metrics.impl.MetricRegistriesImpl
datanode_1  | 2019-11-15 19:49:46,166 INFO server.RaftServerConfigKeys: raft.server.log.segment.size.max = 1048576 (custom)
om_1        | 2019-11-15 19:49:46,230 INFO ipc.Server: IPC Server listener on 9862: starting
scm_1       | 2019-11-15 19:49:42,258 INFO handler.ContextHandler: Started o.e.j.w.WebAppContext@292158f8{/,file:///tmp/jetty-0.0.0.0-9876-scm-_-any-8545179262083381645.dir/webapp/,AVAILABLE}{/scm}
datanode_2  | 2019-11-15 19:49:46,796 WARN impl.MetricRegistriesImpl: First MetricRegistry has been created without registering reporters. You may need to call MetricRegistries.global().addReportRegistration(...) before.
datanode_1  | 2019-11-15 19:49:46,173 INFO metrics.MetricRegistries: Loaded MetricRegistries class org.apache.ratis.metrics.impl.MetricRegistriesImpl
datanode_3  | 2019-11-15 19:49:48,553 WARN impl.MetricRegistriesImpl: First MetricRegistry has been created without registering reporters. You may need to call MetricRegistries.global().addReportRegistration(...) before.
om_1        | 2019-11-15 19:49:46,229 INFO ipc.Server: IPC Server Responder: starting
scm_1       | 2019-11-15 19:49:42,264 INFO server.AbstractConnector: Started ServerConnector@38bb9d7a{HTTP/1.1,[http/1.1]}{0.0.0.0:9876}
datanode_1  | 2019-11-15 19:49:46,176 WARN impl.MetricRegistriesImpl: First MetricRegistry has been created without registering reporters. You may need to call MetricRegistries.global().addReportRegistration(...) before.
datanode_2  | 2019-11-15 19:49:46,800 INFO server.RaftServerConfigKeys: raft.server.log.segment.cache.num.max = 2 (custom)
datanode_3  | 2019-11-15 19:49:48,557 INFO server.RaftServerConfigKeys: raft.server.log.segment.cache.num.max = 2 (custom)
om_1        | 2019-11-15 19:49:46,268 INFO hdfs.DFSUtil: Starting Web-server for ozoneManager at: http://0.0.0.0:9874
scm_1       | 2019-11-15 19:49:42,264 INFO server.Server: Started @3565ms
datanode_1  | 2019-11-15 19:49:46,181 INFO server.RaftServerConfigKeys: raft.server.log.segment.cache.num.max = 2 (custom)
datanode_2  | 2019-11-15 19:49:46,804 INFO segmented.SegmentedRaftLogWorker: new 531ba986-16c5-4d27-a4ce-e1205ae24966@group-53E7422DEE9B-SegmentedRaftLogWorker for RaftStorage:Storage Directory /data/metadata/ratis/1c4fd90d-241c-4f5c-81cb-53e7422dee9b
datanode_3  | 2019-11-15 19:49:48,562 INFO segmented.SegmentedRaftLogWorker: new 1033dd6f-b147-4e52-9374-1d5cd6547a9d@group-DB336AC9EB60-SegmentedRaftLogWorker for RaftStorage:Storage Directory /data/metadata/ratis/a009c2d9-e647-4784-9827-db336ac9eb60
om_1        | 2019-11-15 19:49:46,389 INFO server.AuthenticationFilter: Unable to initialize FileSignerSecretProvider, falling back to use random secrets.
scm_1       | 2019-11-15 19:49:42,267 INFO impl.MetricsSinkAdapter: Sink prometheus started
datanode_2  | 2019-11-15 19:49:46,805 INFO server.RaftServerConfigKeys: raft.server.log.queue.byte-limit = 2147483647 (custom)
datanode_1  | 2019-11-15 19:49:46,186 INFO segmented.SegmentedRaftLogWorker: new f8854e38-fe17-4f18-a308-d0c33a2a8d65@group-DDE3E52149C9-SegmentedRaftLogWorker for RaftStorage:Storage Directory /data/metadata/ratis/2efe61a7-629b-456f-b7a0-dde3e52149c9
datanode_3  | 2019-11-15 19:49:48,562 INFO server.RaftServerConfigKeys: raft.server.log.queue.byte-limit = 2147483647 (custom)
om_1        | 2019-11-15 19:49:46,392 INFO http.HttpRequestLog: Http request log for http.requests.ozoneManager is not defined
scm_1       | 2019-11-15 19:49:42,267 INFO impl.MetricsSystemImpl: Registered sink prometheus
datanode_2  | 2019-11-15 19:49:46,805 INFO server.RaftServerConfigKeys: raft.server.log.queue.element-limit = 1024 (custom)
datanode_1  | 2019-11-15 19:49:46,186 INFO server.RaftServerConfigKeys: raft.server.log.queue.byte-limit = 2147483647 (custom)
datanode_3  | 2019-11-15 19:49:48,563 INFO server.RaftServerConfigKeys: raft.server.log.queue.element-limit = 1024 (custom)
om_1        | 2019-11-15 19:49:46,399 INFO http.HttpServer2: Added global filter 'safety' (class=org.apache.hadoop.http.HttpServer2$QuotingInputFilter)
datanode_2  | 2019-11-15 19:49:46,806 INFO server.RaftServerConfigKeys: raft.server.log.segment.size.max = 1048576 (custom)
datanode_1  | 2019-11-15 19:49:46,187 INFO server.RaftServerConfigKeys: raft.server.log.queue.element-limit = 1024 (custom)
scm_1       | 2019-11-15 19:49:42,271 INFO server.BaseHttpServer: HTTP server of SCM is listening at http://0.0.0.0:9876
datanode_3  | 2019-11-15 19:49:48,564 INFO server.RaftServerConfigKeys: raft.server.log.segment.size.max = 1048576 (custom)
om_1        | 2019-11-15 19:49:46,401 INFO http.HttpServer2: Added filter static_user_filter (class=org.apache.hadoop.http.lib.StaticUserWebFilter$StaticUserFilter) to context ozoneManager
datanode_2  | 2019-11-15 19:49:46,806 INFO server.RaftServerConfigKeys: raft.server.log.preallocated.size = 16384 (custom)
datanode_1  | 2019-11-15 19:49:46,188 INFO server.RaftServerConfigKeys: raft.server.log.segment.size.max = 1048576 (custom)
scm_1       | 2019-11-15 19:49:42,278 INFO util.JvmPauseMonitor: Starting JVM pause monitor
datanode_3  | 2019-11-15 19:49:48,564 INFO server.RaftServerConfigKeys: raft.server.log.preallocated.size = 16384 (custom)
om_1        | 2019-11-15 19:49:46,401 INFO http.HttpServer2: Added filter static_user_filter (class=org.apache.hadoop.http.lib.StaticUserWebFilter$StaticUserFilter) to context logs
datanode_2  | 2019-11-15 19:49:46,807 INFO server.RaftServerConfigKeys: raft.server.log.write.buffer.size = 33554432 (custom)
scm_1       | 2019-11-15 19:49:43,077 INFO net.NetworkTopology: Added a new node: /default-rack/f8854e38-fe17-4f18-a308-d0c33a2a8d65
datanode_1  | 2019-11-15 19:49:46,188 INFO server.RaftServerConfigKeys: raft.server.log.preallocated.size = 16384 (custom)
datanode_3  | 2019-11-15 19:49:48,564 INFO server.RaftServerConfigKeys: raft.server.log.write.buffer.size = 33554432 (custom)
om_1        | 2019-11-15 19:49:46,402 INFO http.HttpServer2: Added filter static_user_filter (class=org.apache.hadoop.http.lib.StaticUserWebFilter$StaticUserFilter) to context static
datanode_2  | 2019-11-15 19:49:46,807 INFO server.RaftServerConfigKeys: raft.server.log.force.sync.num = 128 (default)
scm_1       | 2019-11-15 19:49:43,077 INFO node.SCMNodeManager: Registered Data node : f8854e38-fe17-4f18-a308-d0c33a2a8d65{ip: 172.19.0.2, host: ozone-recon_datanode_1.ozone-recon_default, networkLocation: /default-rack, certSerialId: null}
datanode_1  | 2019-11-15 19:49:46,188 INFO server.RaftServerConfigKeys: raft.server.log.write.buffer.size = 33554432 (custom)
om_1        | 2019-11-15 19:49:46,422 WARN server.BaseHttpServer: /prof java profiling servlet is activated. Not safe for production!
datanode_2  | 2019-11-15 19:49:46,808 INFO server.RaftServerConfigKeys: raft.server.log.statemachine.data.sync = true (default)
datanode_1  | 2019-11-15 19:49:46,188 INFO server.RaftServerConfigKeys: raft.server.log.force.sync.num = 128 (default)
scm_1       | 2019-11-15 19:49:43,081 INFO safemode.SCMSafeModeManager: ContainerSafeModeRule rule is successfully validated
datanode_3  | 2019-11-15 19:49:48,565 INFO server.RaftServerConfigKeys: raft.server.log.force.sync.num = 128 (default)
om_1        | 2019-11-15 19:49:46,425 INFO http.HttpServer2: Jetty bound to port 9874
datanode_2  | 2019-11-15 19:49:46,808 INFO server.RaftServerConfigKeys: raft.server.log.statemachine.data.sync.timeout = 10s (default)
scm_1       | 2019-11-15 19:49:43,081 INFO safemode.SCMSafeModeManager: SCM in safe mode. 1 DataNodes registered, 1 required.
datanode_1  | 2019-11-15 19:49:46,189 INFO server.RaftServerConfigKeys: raft.server.log.statemachine.data.sync = true (default)
datanode_3  | 2019-11-15 19:49:48,566 INFO server.RaftServerConfigKeys: raft.server.log.statemachine.data.sync = true (default)
datanode_2  | 2019-11-15 19:49:46,808 INFO server.RaftServerConfigKeys: raft.server.log.statemachine.data.sync.timeout.retry = -1 (default)
om_1        | 2019-11-15 19:49:46,426 INFO server.Server: jetty-9.3.25.v20180904, build timestamp: 2018-09-04T21:11:46Z, git hash: 3ce520221d0240229c862b122d2b06c12a625732
scm_1       | 2019-11-15 19:49:43,082 INFO safemode.SCMSafeModeManager: DataNodeSafeModeRule rule is successfully validated
datanode_1  | 2019-11-15 19:49:46,189 INFO server.RaftServerConfigKeys: raft.server.log.statemachine.data.sync.timeout = 10s (default)
datanode_3  | 2019-11-15 19:49:48,566 INFO server.RaftServerConfigKeys: raft.server.log.statemachine.data.sync.timeout = 10s (default)
datanode_2  | 2019-11-15 19:49:46,815 INFO server.RaftServerConfigKeys: raft.server.log.statemachine.data.caching.enabled = true (custom)
om_1        | 2019-11-15 19:49:46,453 INFO handler.ContextHandler: Started o.e.j.s.ServletContextHandler@3b5c665c{/logs,file:///var/log/hadoop/,AVAILABLE}
scm_1       | 2019-11-15 19:49:43,085 INFO pipeline.RatisPipelineProvider: Send pipeline:PipelineID=2efe61a7-629b-456f-b7a0-dde3e52149c9 create command to datanode f8854e38-fe17-4f18-a308-d0c33a2a8d65
datanode_1  | 2019-11-15 19:49:46,190 INFO server.RaftServerConfigKeys: raft.server.log.statemachine.data.sync.timeout.retry = -1 (default)
datanode_3  | 2019-11-15 19:49:48,566 INFO server.RaftServerConfigKeys: raft.server.log.statemachine.data.sync.timeout.retry = -1 (default)
datanode_2  | 2019-11-15 19:49:46,818 INFO segmented.SegmentedRaftLogWorker: 531ba986-16c5-4d27-a4ce-e1205ae24966@group-53E7422DEE9B-SegmentedRaftLogWorker: flushIndex: setUnconditionally 0 -> -1
om_1        | 2019-11-15 19:49:46,453 INFO handler.ContextHandler: Started o.e.j.s.ServletContextHandler@60d40ff4{/static,jar:file:/opt/hadoop/share/ozone/lib/hadoop-ozone-ozone-manager-0.5.0-SNAPSHOT.jar!/webapps/static,AVAILABLE}
scm_1       | 2019-11-15 19:49:43,108 INFO pipeline.PipelineStateManager: Created pipeline Pipeline[ Id: 2efe61a7-629b-456f-b7a0-dde3e52149c9, Nodes: f8854e38-fe17-4f18-a308-d0c33a2a8d65{ip: 172.19.0.2, host: ozone-recon_datanode_1.ozone-recon_default, networkLocation: /default-rack, certSerialId: null}, Type:RATIS, Factor:ONE, State:ALLOCATED]
datanode_1  | 2019-11-15 19:49:46,197 INFO server.RaftServerConfigKeys: raft.server.log.statemachine.data.caching.enabled = true (custom)
datanode_3  | 2019-11-15 19:49:48,573 INFO server.RaftServerConfigKeys: raft.server.log.statemachine.data.caching.enabled = true (custom)
datanode_2  | 2019-11-15 19:49:46,822 INFO server.RaftServerConfigKeys: raft.server.snapshot.auto.trigger.enabled = true (custom)
om_1        | 2019-11-15 19:49:46,526 INFO handler.ContextHandler: Started o.e.j.w.WebAppContext@68ed3f30{/,file:///tmp/jetty-0.0.0.0-9874-ozoneManager-_-any-3748637429430736378.dir/webapp/,AVAILABLE}{/ozoneManager}
scm_1       | 2019-11-15 19:49:43,721 INFO net.NetworkTopology: Added a new node: /default-rack/531ba986-16c5-4d27-a4ce-e1205ae24966
datanode_1  | 2019-11-15 19:49:46,201 INFO segmented.SegmentedRaftLogWorker: f8854e38-fe17-4f18-a308-d0c33a2a8d65@group-DDE3E52149C9-SegmentedRaftLogWorker: flushIndex: setUnconditionally 0 -> -1
datanode_2  | 2019-11-15 19:49:46,822 INFO server.RaftServerConfigKeys: raft.server.snapshot.auto.trigger.threshold = 10000 (custom)
datanode_3  | 2019-11-15 19:49:48,577 INFO segmented.SegmentedRaftLogWorker: 1033dd6f-b147-4e52-9374-1d5cd6547a9d@group-DB336AC9EB60-SegmentedRaftLogWorker: flushIndex: setUnconditionally 0 -> -1
om_1        | 2019-11-15 19:49:46,530 INFO server.AbstractConnector: Started ServerConnector@403c3a01{HTTP/1.1,[http/1.1]}{0.0.0.0:9874}
scm_1       | 2019-11-15 19:49:43,721 INFO node.SCMNodeManager: Registered Data node : 531ba986-16c5-4d27-a4ce-e1205ae24966{ip: 172.19.0.4, host: ozone-recon_datanode_2.ozone-recon_default, networkLocation: /default-rack, certSerialId: null}
datanode_1  | 2019-11-15 19:49:46,206 INFO server.RaftServerConfigKeys: raft.server.snapshot.auto.trigger.enabled = true (custom)
datanode_2  | 2019-11-15 19:49:46,823 INFO server.RaftServerConfigKeys: raft.server.snapshot.retention.file.num = 5 (custom)
datanode_3  | 2019-11-15 19:49:48,655 INFO server.RaftServerConfigKeys: raft.server.snapshot.auto.trigger.enabled = true (custom)
om_1        | 2019-11-15 19:49:46,530 INFO server.Server: Started @3937ms
scm_1       | 2019-11-15 19:49:43,721 INFO safemode.SCMSafeModeManager: ContainerSafeModeRule rule is successfully validated
datanode_1  | 2019-11-15 19:49:46,238 INFO server.RaftServerConfigKeys: raft.server.snapshot.auto.trigger.threshold = 10000 (custom)
datanode_2  | 2019-11-15 19:49:46,823 INFO server.RaftServerConfigKeys: raft.server.retrycache.expirytime = 600000ms (custom)
datanode_3  | 2019-11-15 19:49:48,656 INFO server.RaftServerConfigKeys: raft.server.snapshot.auto.trigger.threshold = 10000 (custom)
scm_1       | 2019-11-15 19:49:43,722 INFO safemode.SCMSafeModeManager: DataNodeSafeModeRule rule is successfully validated
datanode_1  | 2019-11-15 19:49:46,239 INFO server.RaftServerConfigKeys: raft.server.snapshot.retention.file.num = 5 (custom)
om_1        | 2019-11-15 19:49:46,532 INFO impl.MetricsSinkAdapter: Sink prometheus started
datanode_1  | 2019-11-15 19:49:46,240 INFO server.RaftServerConfigKeys: raft.server.retrycache.expirytime = 600000ms (custom)
datanode_2  | 2019-11-15 19:49:46,905 WARN impl.MetricRegistriesImpl: First MetricRegistry has been created without registering reporters. You may need to call MetricRegistries.global().addReportRegistration(...) before.
scm_1       | 2019-11-15 19:49:43,723 INFO pipeline.RatisPipelineProvider: Send pipeline:PipelineID=1c4fd90d-241c-4f5c-81cb-53e7422dee9b create command to datanode 531ba986-16c5-4d27-a4ce-e1205ae24966
datanode_3  | 2019-11-15 19:49:48,657 INFO server.RaftServerConfigKeys: raft.server.snapshot.retention.file.num = 5 (custom)
datanode_1  | 2019-11-15 19:49:46,275 WARN impl.MetricRegistriesImpl: First MetricRegistry has been created without registering reporters. You may need to call MetricRegistries.global().addReportRegistration(...) before.
om_1        | 2019-11-15 19:49:46,532 INFO impl.MetricsSystemImpl: Registered sink prometheus
datanode_2  | 2019-11-15 19:49:46,906 WARN impl.MetricRegistriesImpl: First MetricRegistry has been created without registering reporters. You may need to call MetricRegistries.global().addReportRegistration(...) before.
scm_1       | 2019-11-15 19:49:43,724 INFO pipeline.PipelineStateManager: Created pipeline Pipeline[ Id: 1c4fd90d-241c-4f5c-81cb-53e7422dee9b, Nodes: 531ba986-16c5-4d27-a4ce-e1205ae24966{ip: 172.19.0.4, host: ozone-recon_datanode_2.ozone-recon_default, networkLocation: /default-rack, certSerialId: null}, Type:RATIS, Factor:ONE, State:ALLOCATED]
datanode_3  | 2019-11-15 19:49:48,657 INFO server.RaftServerConfigKeys: raft.server.retrycache.expirytime = 600000ms (custom)
datanode_1  | 2019-11-15 19:49:46,277 WARN impl.MetricRegistriesImpl: First MetricRegistry has been created without registering reporters. You may need to call MetricRegistries.global().addReportRegistration(...) before.
om_1        | 2019-11-15 19:49:46,534 INFO server.BaseHttpServer: HTTP server of OZONEMANAGER is listening at http://0.0.0.0:9874
datanode_2  | 2019-11-15 19:49:46,908 INFO impl.RaftServerImpl: 531ba986-16c5-4d27-a4ce-e1205ae24966@group-53E7422DEE9B: start as a follower, conf=-1: [531ba986-16c5-4d27-a4ce-e1205ae24966:172.19.0.4:9858], old=null
scm_1       | 2019-11-15 19:49:45,461 INFO net.NetworkTopology: Added a new node: /default-rack/1033dd6f-b147-4e52-9374-1d5cd6547a9d
datanode_3  | 2019-11-15 19:49:48,683 WARN impl.MetricRegistriesImpl: First MetricRegistry has been created without registering reporters. You may need to call MetricRegistries.global().addReportRegistration(...) before.
datanode_1  | 2019-11-15 19:49:46,279 INFO impl.RaftServerImpl: f8854e38-fe17-4f18-a308-d0c33a2a8d65@group-DDE3E52149C9: start as a follower, conf=-1: [f8854e38-fe17-4f18-a308-d0c33a2a8d65:172.19.0.2:9858], old=null
om_1        | 2019-11-15 19:50:39,956 INFO volume.OMVolumeCreateRequest: created volume:vol-0-08391 for user:hadoop
datanode_2  | 2019-11-15 19:49:46,909 INFO impl.RaftServerImpl: 531ba986-16c5-4d27-a4ce-e1205ae24966@group-53E7422DEE9B: changes role from      null to FOLLOWER at term 0 for startAsFollower
scm_1       | 2019-11-15 19:49:45,461 INFO node.SCMNodeManager: Registered Data node : 1033dd6f-b147-4e52-9374-1d5cd6547a9d{ip: 172.19.0.7, host: ozone-recon_datanode_3.ozone-recon_default, networkLocation: /default-rack, certSerialId: null}
datanode_3  | 2019-11-15 19:49:48,686 WARN impl.MetricRegistriesImpl: First MetricRegistry has been created without registering reporters. You may need to call MetricRegistries.global().addReportRegistration(...) before.
datanode_1  | 2019-11-15 19:49:46,280 INFO impl.RaftServerImpl: f8854e38-fe17-4f18-a308-d0c33a2a8d65@group-DDE3E52149C9: changes role from      null to FOLLOWER at term 0 for startAsFollower
om_1        | 2019-11-15 19:50:43,078 INFO volume.OMVolumeCreateRequest: created volume:vol-1-51642 for user:hadoop
datanode_2  | 2019-11-15 19:49:46,910 INFO impl.RoleInfo: 531ba986-16c5-4d27-a4ce-e1205ae24966: start FollowerState
scm_1       | 2019-11-15 19:49:45,462 INFO safemode.SCMSafeModeManager: ContainerSafeModeRule rule is successfully validated
datanode_1  | 2019-11-15 19:49:46,281 INFO impl.RoleInfo: f8854e38-fe17-4f18-a308-d0c33a2a8d65: start FollowerState
datanode_3  | 2019-11-15 19:49:48,689 INFO impl.RaftServerImpl: 1033dd6f-b147-4e52-9374-1d5cd6547a9d@group-DB336AC9EB60: start as a follower, conf=-1: [1033dd6f-b147-4e52-9374-1d5cd6547a9d:172.19.0.7:9858], old=null
om_1        | 2019-11-15 19:50:43,157 INFO volume.OMVolumeCreateRequest: created volume:vol-2-22034 for user:hadoop
datanode_2  | 2019-11-15 19:49:46,914 INFO util.JmxRegister: Successfully registered JMX Bean with object name Ratis:service=RaftServer,group=group-53E7422DEE9B,id=531ba986-16c5-4d27-a4ce-e1205ae24966
scm_1       | 2019-11-15 19:49:45,462 INFO safemode.SCMSafeModeManager: DataNodeSafeModeRule rule is successfully validated
datanode_1  | 2019-11-15 19:49:46,285 INFO util.JmxRegister: Successfully registered JMX Bean with object name Ratis:service=RaftServer,group=group-DDE3E52149C9,id=f8854e38-fe17-4f18-a308-d0c33a2a8d65
datanode_3  | 2019-11-15 19:49:48,690 INFO impl.RaftServerImpl: 1033dd6f-b147-4e52-9374-1d5cd6547a9d@group-DB336AC9EB60: changes role from      null to FOLLOWER at term 0 for startAsFollower
datanode_2  | 2019-11-15 19:49:46,916 WARN impl.MetricRegistriesImpl: First MetricRegistry has been created without registering reporters. You may need to call MetricRegistries.global().addReportRegistration(...) before.
om_1        | 2019-11-15 19:50:43,184 INFO volume.OMVolumeCreateRequest: created volume:vol-3-87567 for user:hadoop
scm_1       | 2019-11-15 19:49:45,462 INFO pipeline.RatisPipelineProvider: Send pipeline:PipelineID=a009c2d9-e647-4784-9827-db336ac9eb60 create command to datanode 1033dd6f-b147-4e52-9374-1d5cd6547a9d
datanode_1  | 2019-11-15 19:49:46,286 WARN impl.MetricRegistriesImpl: First MetricRegistry has been created without registering reporters. You may need to call MetricRegistries.global().addReportRegistration(...) before.
datanode_3  | 2019-11-15 19:49:48,691 INFO impl.RoleInfo: 1033dd6f-b147-4e52-9374-1d5cd6547a9d: start FollowerState
datanode_2  | 2019-11-15 19:49:46,973 INFO commandhandler.CreatePipelineCommandHandler: Create Pipeline RATIS ONE #id: "1c4fd90d-241c-4f5c-81cb-53e7422dee9b"
om_1        | 2019-11-15 19:50:43,224 INFO volume.OMVolumeCreateRequest: created volume:vol-4-24281 for user:hadoop
scm_1       | 2019-11-15 19:49:45,463 INFO pipeline.PipelineStateManager: Created pipeline Pipeline[ Id: a009c2d9-e647-4784-9827-db336ac9eb60, Nodes: 1033dd6f-b147-4e52-9374-1d5cd6547a9d{ip: 172.19.0.7, host: ozone-recon_datanode_3.ozone-recon_default, networkLocation: /default-rack, certSerialId: null}, Type:RATIS, Factor:ONE, State:ALLOCATED]
datanode_1  | 2019-11-15 19:49:46,346 INFO commandhandler.CreatePipelineCommandHandler: Create Pipeline RATIS ONE #id: "2efe61a7-629b-456f-b7a0-dde3e52149c9"
datanode_3  | 2019-11-15 19:49:48,694 INFO util.JmxRegister: Successfully registered JMX Bean with object name Ratis:service=RaftServer,group=group-DB336AC9EB60,id=1033dd6f-b147-4e52-9374-1d5cd6547a9d
datanode_2  |  command succeed on datanode 531ba986-16c5-4d27-a4ce-e1205ae24966.
scm_1       | 2019-11-15 19:49:45,464 INFO pipeline.RatisPipelineProvider: Send pipeline:PipelineID=79d58de3-d468-43fc-be12-b4f10b729cae create command to datanode 531ba986-16c5-4d27-a4ce-e1205ae24966
datanode_1  |  command succeed on datanode f8854e38-fe17-4f18-a308-d0c33a2a8d65.
datanode_3  | 2019-11-15 19:49:48,695 WARN impl.MetricRegistriesImpl: First MetricRegistry has been created without registering reporters. You may need to call MetricRegistries.global().addReportRegistration(...) before.
scm_1       | 2019-11-15 19:49:45,464 INFO pipeline.RatisPipelineProvider: Send pipeline:PipelineID=79d58de3-d468-43fc-be12-b4f10b729cae create command to datanode f8854e38-fe17-4f18-a308-d0c33a2a8d65
datanode_1  | 2019-11-15 19:49:51,355 INFO impl.FollowerState: f8854e38-fe17-4f18-a308-d0c33a2a8d65@group-DDE3E52149C9-FollowerState: change to CANDIDATE, lastRpcTime:5073ms, electionTimeout:5073ms
datanode_3  | 2019-11-15 19:49:48,746 INFO commandhandler.CreatePipelineCommandHandler: Create Pipeline RATIS ONE #id: "a009c2d9-e647-4784-9827-db336ac9eb60"
datanode_1  | 2019-11-15 19:49:51,356 INFO impl.RoleInfo: f8854e38-fe17-4f18-a308-d0c33a2a8d65: shutdown FollowerState
scm_1       | 2019-11-15 19:49:45,464 INFO pipeline.RatisPipelineProvider: Send pipeline:PipelineID=79d58de3-d468-43fc-be12-b4f10b729cae create command to datanode 1033dd6f-b147-4e52-9374-1d5cd6547a9d
datanode_2  | 2019-11-15 19:49:46,975 INFO impl.RaftServerProxy: 531ba986-16c5-4d27-a4ce-e1205ae24966: addNew group-B4F10B729CAE:[1033dd6f-b147-4e52-9374-1d5cd6547a9d:172.19.0.7:9858, f8854e38-fe17-4f18-a308-d0c33a2a8d65:172.19.0.2:9858, 531ba986-16c5-4d27-a4ce-e1205ae24966:172.19.0.4:9858] returns group-B4F10B729CAE:java.util.concurrent.CompletableFuture@77fa226c[Not completed]
datanode_3  |  command succeed on datanode 1033dd6f-b147-4e52-9374-1d5cd6547a9d.
datanode_1  | 2019-11-15 19:49:51,356 INFO impl.RaftServerImpl: f8854e38-fe17-4f18-a308-d0c33a2a8d65@group-DDE3E52149C9: changes role from  FOLLOWER to CANDIDATE at term 0 for changeToCandidate
scm_1       | 2019-11-15 19:49:45,474 INFO pipeline.PipelineStateManager: Created pipeline Pipeline[ Id: 79d58de3-d468-43fc-be12-b4f10b729cae, Nodes: 531ba986-16c5-4d27-a4ce-e1205ae24966{ip: 172.19.0.4, host: ozone-recon_datanode_2.ozone-recon_default, networkLocation: /default-rack, certSerialId: null}f8854e38-fe17-4f18-a308-d0c33a2a8d65{ip: 172.19.0.2, host: ozone-recon_datanode_1.ozone-recon_default, networkLocation: /default-rack, certSerialId: null}1033dd6f-b147-4e52-9374-1d5cd6547a9d{ip: 172.19.0.7, host: ozone-recon_datanode_3.ozone-recon_default, networkLocation: /default-rack, certSerialId: null}, Type:RATIS, Factor:THREE, State:ALLOCATED]
datanode_2  | 2019-11-15 19:49:46,977 INFO impl.RaftServerImpl: 531ba986-16c5-4d27-a4ce-e1205ae24966: new RaftServerImpl for group-B4F10B729CAE:[1033dd6f-b147-4e52-9374-1d5cd6547a9d:172.19.0.7:9858, f8854e38-fe17-4f18-a308-d0c33a2a8d65:172.19.0.2:9858, 531ba986-16c5-4d27-a4ce-e1205ae24966:172.19.0.4:9858] with ContainerStateMachine:uninitialized
datanode_3  | 2019-11-15 19:49:48,749 INFO impl.RaftServerProxy: 1033dd6f-b147-4e52-9374-1d5cd6547a9d: addNew group-B4F10B729CAE:[1033dd6f-b147-4e52-9374-1d5cd6547a9d:172.19.0.7:9858, f8854e38-fe17-4f18-a308-d0c33a2a8d65:172.19.0.2:9858, 531ba986-16c5-4d27-a4ce-e1205ae24966:172.19.0.4:9858] returns group-B4F10B729CAE:java.util.concurrent.CompletableFuture@6c28464a[Not completed]
datanode_1  | 2019-11-15 19:49:51,359 INFO impl.RoleInfo: f8854e38-fe17-4f18-a308-d0c33a2a8d65: start LeaderElection
datanode_2  | 2019-11-15 19:49:46,978 INFO server.RaftServerConfigKeys: raft.server.rpc.timeout.min = 5s (custom)
scm_1       | 2019-11-15 19:49:46,374 INFO pipeline.PipelineReportHandler: Pipeline ONE PipelineID=2efe61a7-629b-456f-b7a0-dde3e52149c9 reported by f8854e38-fe17-4f18-a308-d0c33a2a8d65{ip: 172.19.0.2, host: ozone-recon_datanode_1.ozone-recon_default, networkLocation: /default-rack, certSerialId: null}
datanode_3  | 2019-11-15 19:49:48,751 INFO impl.RaftServerImpl: 1033dd6f-b147-4e52-9374-1d5cd6547a9d: new RaftServerImpl for group-B4F10B729CAE:[1033dd6f-b147-4e52-9374-1d5cd6547a9d:172.19.0.7:9858, f8854e38-fe17-4f18-a308-d0c33a2a8d65:172.19.0.2:9858, 531ba986-16c5-4d27-a4ce-e1205ae24966:172.19.0.4:9858] with ContainerStateMachine:uninitialized
datanode_1  | 2019-11-15 19:49:51,881 INFO impl.LeaderElection: f8854e38-fe17-4f18-a308-d0c33a2a8d65@group-DDE3E52149C9-LeaderElection1: begin an election at term 1 for -1: [f8854e38-fe17-4f18-a308-d0c33a2a8d65:172.19.0.2:9858], old=null
datanode_2  | 2019-11-15 19:49:46,978 INFO server.RaftServerConfigKeys: raft.server.rpc.timeout.max = 5200ms (custom)
scm_1       | 2019-11-15 19:49:46,375 INFO pipeline.PipelineStateManager: Pipeline Pipeline[ Id: 2efe61a7-629b-456f-b7a0-dde3e52149c9, Nodes: f8854e38-fe17-4f18-a308-d0c33a2a8d65{ip: 172.19.0.2, host: ozone-recon_datanode_1.ozone-recon_default, networkLocation: /default-rack, certSerialId: null}, Type:RATIS, Factor:ONE, State:ALLOCATED] moved to OPEN state
datanode_3  | 2019-11-15 19:49:48,751 INFO server.RaftServerConfigKeys: raft.server.rpc.timeout.min = 5s (custom)
datanode_1  | 2019-11-15 19:49:51,882 INFO impl.RoleInfo: f8854e38-fe17-4f18-a308-d0c33a2a8d65: shutdown LeaderElection
datanode_2  | 2019-11-15 19:49:46,978 INFO server.RaftServerConfigKeys: raft.server.rpcslowness.timeout = 120s (custom)
scm_1       | 2019-11-15 19:49:46,377 INFO safemode.SCMSafeModeManager: SCM in safe mode. Healthy pipelines reported count is 0, required healthy pipeline reported count is 1
datanode_3  | 2019-11-15 19:49:48,751 INFO server.RaftServerConfigKeys: raft.server.rpc.timeout.max = 5200ms (custom)
datanode_1  | 2019-11-15 19:49:51,883 INFO impl.RaftServerImpl: f8854e38-fe17-4f18-a308-d0c33a2a8d65@group-DDE3E52149C9: changes role from CANDIDATE to LEADER at term 1 for changeToLeader
datanode_2  | 2019-11-15 19:49:46,978 INFO server.RaftServerConfigKeys: raft.server.sleep.deviation.threshold = 300 (default)
scm_1       | 2019-11-15 19:49:46,379 INFO safemode.SCMSafeModeManager: AtleastOneDatanodeReportedRule rule is successfully validated
datanode_3  | 2019-11-15 19:49:48,752 INFO server.RaftServerConfigKeys: raft.server.rpcslowness.timeout = 120s (custom)
datanode_1  | 2019-11-15 19:49:51,883 INFO ratis.XceiverServerRatis: Leader change notification received for group: group-DDE3E52149C9 with new leaderId: f8854e38-fe17-4f18-a308-d0c33a2a8d65
datanode_2  | 2019-11-15 19:49:46,978 INFO server.RaftServerConfigKeys: raft.server.log.appender.install.snapshot.enabled = false (custom)
scm_1       | 2019-11-15 19:49:46,999 INFO pipeline.PipelineReportHandler: Pipeline ONE PipelineID=1c4fd90d-241c-4f5c-81cb-53e7422dee9b reported by 531ba986-16c5-4d27-a4ce-e1205ae24966{ip: 172.19.0.4, host: ozone-recon_datanode_2.ozone-recon_default, networkLocation: /default-rack, certSerialId: null}
datanode_3  | 2019-11-15 19:49:48,752 INFO server.RaftServerConfigKeys: raft.server.sleep.deviation.threshold = 300 (default)
datanode_1  | 2019-11-15 19:49:51,884 INFO impl.RaftServerImpl: f8854e38-fe17-4f18-a308-d0c33a2a8d65@group-DDE3E52149C9: change Leader from null to f8854e38-fe17-4f18-a308-d0c33a2a8d65 at term 1 for becomeLeader, leader elected after 5728ms
datanode_2  | 2019-11-15 19:49:46,978 INFO impl.RaftServerImpl: 531ba986-16c5-4d27-a4ce-e1205ae24966@group-B4F10B729CAE: ConfigurationManager, init=-1: [1033dd6f-b147-4e52-9374-1d5cd6547a9d:172.19.0.7:9858, f8854e38-fe17-4f18-a308-d0c33a2a8d65:172.19.0.2:9858, 531ba986-16c5-4d27-a4ce-e1205ae24966:172.19.0.4:9858], old=null, confs=<EMPTY_MAP>
scm_1       | 2019-11-15 19:49:46,999 INFO pipeline.PipelineStateManager: Pipeline Pipeline[ Id: 1c4fd90d-241c-4f5c-81cb-53e7422dee9b, Nodes: 531ba986-16c5-4d27-a4ce-e1205ae24966{ip: 172.19.0.4, host: ozone-recon_datanode_2.ozone-recon_default, networkLocation: /default-rack, certSerialId: null}, Type:RATIS, Factor:ONE, State:ALLOCATED] moved to OPEN state
datanode_3  | 2019-11-15 19:49:48,752 INFO server.RaftServerConfigKeys: raft.server.log.appender.install.snapshot.enabled = false (custom)
datanode_2  | 2019-11-15 19:49:46,978 INFO server.RaftServerConfigKeys: raft.server.storage.dir = [/data/metadata/ratis] (custom)
datanode_1  | 2019-11-15 19:49:51,888 INFO server.RaftServerConfigKeys: raft.server.staging.catchup.gap = 1000 (default)
scm_1       | 2019-11-15 19:49:46,999 INFO safemode.SCMSafeModeManager: SCM in safe mode. Healthy pipelines reported count is 0, required healthy pipeline reported count is 1
datanode_3  | 2019-11-15 19:49:48,752 INFO impl.RaftServerImpl: 1033dd6f-b147-4e52-9374-1d5cd6547a9d@group-B4F10B729CAE: ConfigurationManager, init=-1: [1033dd6f-b147-4e52-9374-1d5cd6547a9d:172.19.0.7:9858, f8854e38-fe17-4f18-a308-d0c33a2a8d65:172.19.0.2:9858, 531ba986-16c5-4d27-a4ce-e1205ae24966:172.19.0.4:9858], old=null, confs=<EMPTY_MAP>
datanode_2  | 2019-11-15 19:49:46,979 INFO server.RaftServerConfigKeys: raft.server.log.corruption.policy = EXCEPTION (default)
datanode_1  | 2019-11-15 19:49:51,889 INFO server.RaftServerConfigKeys: raft.server.rpc.sleep.time = 25ms (default)
scm_1       | 2019-11-15 19:49:46,999 INFO safemode.SCMSafeModeManager: AtleastOneDatanodeReportedRule rule is successfully validated
datanode_2  | 2019-11-15 19:49:46,979 INFO storage.RaftStorageDirectory: The storage directory /data/metadata/ratis/79d58de3-d468-43fc-be12-b4f10b729cae does not exist. Creating ...
datanode_3  | 2019-11-15 19:49:48,752 INFO server.RaftServerConfigKeys: raft.server.storage.dir = [/data/metadata/ratis] (custom)
datanode_1  | 2019-11-15 19:49:51,891 INFO server.RaftServerConfigKeys: raft.server.write.element-limit = 4096 (default)
scm_1       | 2019-11-15 19:49:47,040 INFO pipeline.PipelineReportHandler: Pipeline THREE PipelineID=79d58de3-d468-43fc-be12-b4f10b729cae reported by 531ba986-16c5-4d27-a4ce-e1205ae24966{ip: 172.19.0.4, host: ozone-recon_datanode_2.ozone-recon_default, networkLocation: /default-rack, certSerialId: null}
datanode_2  | 2019-11-15 19:49:47,007 INFO storage.RaftStorageDirectory: Lock on /data/metadata/ratis/79d58de3-d468-43fc-be12-b4f10b729cae/in_use.lock acquired by nodename 7@2be135a01cdf
datanode_3  | 2019-11-15 19:49:48,752 INFO server.RaftServerConfigKeys: raft.server.log.corruption.policy = EXCEPTION (default)
datanode_1  | 2019-11-15 19:49:51,896 INFO server.RaftServerConfigKeys: raft.server.watch.timeout = 10s (default)
scm_1       | 2019-11-15 19:49:48,776 INFO pipeline.PipelineReportHandler: Pipeline ONE PipelineID=a009c2d9-e647-4784-9827-db336ac9eb60 reported by 1033dd6f-b147-4e52-9374-1d5cd6547a9d{ip: 172.19.0.7, host: ozone-recon_datanode_3.ozone-recon_default, networkLocation: /default-rack, certSerialId: null}
datanode_2  | 2019-11-15 19:49:47,031 INFO storage.RaftStorage: Storage directory /data/metadata/ratis/79d58de3-d468-43fc-be12-b4f10b729cae has been successfully formatted.
datanode_3  | 2019-11-15 19:49:48,858 INFO storage.RaftStorageDirectory: The storage directory /data/metadata/ratis/79d58de3-d468-43fc-be12-b4f10b729cae does not exist. Creating ...
scm_1       | 2019-11-15 19:49:48,776 INFO pipeline.PipelineStateManager: Pipeline Pipeline[ Id: a009c2d9-e647-4784-9827-db336ac9eb60, Nodes: 1033dd6f-b147-4e52-9374-1d5cd6547a9d{ip: 172.19.0.7, host: ozone-recon_datanode_3.ozone-recon_default, networkLocation: /default-rack, certSerialId: null}, Type:RATIS, Factor:ONE, State:ALLOCATED] moved to OPEN state
datanode_1  | 2019-11-15 19:49:51,896 INFO server.RaftServerConfigKeys: raft.server.watch.timeout.denomination = 1s (default)
datanode_2  | 2019-11-15 19:49:47,031 INFO ratis.ContainerStateMachine: group-B4F10B729CAE: The snapshot info is null. Setting the last applied indexto:(t:0, i:~)
datanode_3  | 2019-11-15 19:49:48,896 INFO storage.RaftStorageDirectory: Lock on /data/metadata/ratis/79d58de3-d468-43fc-be12-b4f10b729cae/in_use.lock acquired by nodename 7@019442ab7891
scm_1       | 2019-11-15 19:49:48,776 INFO safemode.SCMSafeModeManager: AtleastOneDatanodeReportedRule rule is successfully validated
datanode_1  | 2019-11-15 19:49:51,897 INFO server.RaftServerConfigKeys: raft.server.watch.element-limit = 65536 (default)
datanode_2  | 2019-11-15 19:49:47,032 INFO server.RaftServerConfigKeys: raft.server.notification.no-leader.timeout = 120s (custom)
datanode_3  | 2019-11-15 19:49:48,905 INFO storage.RaftStorage: Storage directory /data/metadata/ratis/79d58de3-d468-43fc-be12-b4f10b729cae has been successfully formatted.
datanode_1  | 2019-11-15 19:49:51,904 INFO impl.RoleInfo: f8854e38-fe17-4f18-a308-d0c33a2a8d65: start LeaderState
scm_1       | 2019-11-15 19:49:48,776 INFO safemode.SCMSafeModeManager: SCM in safe mode. Healthy pipelines reported count is 0, required healthy pipeline reported count is 1
datanode_2  | 2019-11-15 19:49:47,032 INFO server.RaftServerConfigKeys: raft.server.log.use.memory = false (default)
datanode_3  | 2019-11-15 19:49:48,905 INFO ratis.ContainerStateMachine: group-B4F10B729CAE: The snapshot info is null. Setting the last applied indexto:(t:0, i:~)
datanode_1  | 2019-11-15 19:49:51,923 INFO segmented.SegmentedRaftLogWorker: f8854e38-fe17-4f18-a308-d0c33a2a8d65@group-DDE3E52149C9-SegmentedRaftLogWorker: Starting segment from index:0
datanode_2  | 2019-11-15 19:49:47,032 INFO server.RaftServerConfigKeys: raft.server.log.purge.gap = 1000000 (custom)
scm_1       | 2019-11-15 19:49:48,914 INFO pipeline.PipelineReportHandler: Pipeline THREE PipelineID=79d58de3-d468-43fc-be12-b4f10b729cae reported by 1033dd6f-b147-4e52-9374-1d5cd6547a9d{ip: 172.19.0.7, host: ozone-recon_datanode_3.ozone-recon_default, networkLocation: /default-rack, certSerialId: null}
datanode_3  | 2019-11-15 19:49:48,905 INFO server.RaftServerConfigKeys: raft.server.notification.no-leader.timeout = 120s (custom)
datanode_1  | WARNING: An illegal reflective access operation has occurred
scm_1       | 2019-11-15 19:49:52,093 INFO pipeline.PipelineReportHandler: Pipeline THREE PipelineID=79d58de3-d468-43fc-be12-b4f10b729cae reported by 531ba986-16c5-4d27-a4ce-e1205ae24966{ip: 172.19.0.4, host: ozone-recon_datanode_2.ozone-recon_default, networkLocation: /default-rack, certSerialId: null}
datanode_2  | 2019-11-15 19:49:47,032 INFO server.RaftServerConfigKeys: raft.server.log.appender.buffer.byte-limit = 33554432 (custom)
datanode_3  | 2019-11-15 19:49:48,905 INFO server.RaftServerConfigKeys: raft.server.log.use.memory = false (default)
datanode_1  | WARNING: Illegal reflective access by org.apache.ratis.thirdparty.com.google.protobuf.UnsafeUtil (file:/opt/hadoop/share/ozone/lib/ratis-thirdparty-misc-0.2.0.jar) to field java.nio.Buffer.address
scm_1       | 2019-11-15 19:49:52,760 INFO pipeline.PipelineReportHandler: Pipeline THREE PipelineID=79d58de3-d468-43fc-be12-b4f10b729cae reported by 531ba986-16c5-4d27-a4ce-e1205ae24966{ip: 172.19.0.4, host: ozone-recon_datanode_2.ozone-recon_default, networkLocation: /default-rack, certSerialId: null}
datanode_2  | 2019-11-15 19:49:47,032 INFO server.RaftServerConfigKeys: raft.server.log.segment.size.max = 1048576 (custom)
datanode_3  | 2019-11-15 19:49:48,905 INFO server.RaftServerConfigKeys: raft.server.log.purge.gap = 1000000 (custom)
datanode_1  | WARNING: Please consider reporting this to the maintainers of org.apache.ratis.thirdparty.com.google.protobuf.UnsafeUtil
scm_1       | 2019-11-15 19:49:53,811 INFO pipeline.PipelineReportHandler: Pipeline THREE PipelineID=79d58de3-d468-43fc-be12-b4f10b729cae reported by 1033dd6f-b147-4e52-9374-1d5cd6547a9d{ip: 172.19.0.7, host: ozone-recon_datanode_3.ozone-recon_default, networkLocation: /default-rack, certSerialId: null}
datanode_2  | 2019-11-15 19:49:47,033 INFO server.RaftServerConfigKeys: raft.server.log.segment.cache.num.max = 2 (custom)
datanode_1  | WARNING: Use --illegal-access=warn to enable warnings of further illegal reflective access operations
datanode_2  | 2019-11-15 19:49:47,033 INFO segmented.SegmentedRaftLogWorker: new 531ba986-16c5-4d27-a4ce-e1205ae24966@group-B4F10B729CAE-SegmentedRaftLogWorker for RaftStorage:Storage Directory /data/metadata/ratis/79d58de3-d468-43fc-be12-b4f10b729cae
scm_1       | 2019-11-15 19:50:21,510 INFO pipeline.PipelineReportHandler: Pipeline THREE PipelineID=79d58de3-d468-43fc-be12-b4f10b729cae reported by f8854e38-fe17-4f18-a308-d0c33a2a8d65{ip: 172.19.0.2, host: ozone-recon_datanode_1.ozone-recon_default, networkLocation: /default-rack, certSerialId: null}
datanode_3  | 2019-11-15 19:49:48,906 INFO server.RaftServerConfigKeys: raft.server.log.appender.buffer.byte-limit = 33554432 (custom)
datanode_1  | WARNING: All illegal access operations will be denied in a future release
datanode_3  | 2019-11-15 19:49:48,906 INFO server.RaftServerConfigKeys: raft.server.log.segment.size.max = 1048576 (custom)
scm_1       | 2019-11-15 19:50:21,510 INFO pipeline.PipelineStateManager: Pipeline Pipeline[ Id: 79d58de3-d468-43fc-be12-b4f10b729cae, Nodes: 531ba986-16c5-4d27-a4ce-e1205ae24966{ip: 172.19.0.4, host: ozone-recon_datanode_2.ozone-recon_default, networkLocation: /default-rack, certSerialId: null}f8854e38-fe17-4f18-a308-d0c33a2a8d65{ip: 172.19.0.2, host: ozone-recon_datanode_1.ozone-recon_default, networkLocation: /default-rack, certSerialId: null}1033dd6f-b147-4e52-9374-1d5cd6547a9d{ip: 172.19.0.7, host: ozone-recon_datanode_3.ozone-recon_default, networkLocation: /default-rack, certSerialId: null}, Type:RATIS, Factor:THREE, State:ALLOCATED] moved to OPEN state
datanode_2  | 2019-11-15 19:49:47,033 INFO server.RaftServerConfigKeys: raft.server.log.queue.byte-limit = 2147483647 (custom)
datanode_3  | 2019-11-15 19:49:48,906 INFO server.RaftServerConfigKeys: raft.server.log.segment.cache.num.max = 2 (custom)
scm_1       | 2019-11-15 19:50:21,511 INFO safemode.SCMSafeModeManager: AtleastOneDatanodeReportedRule rule is successfully validated
datanode_2  | 2019-11-15 19:49:47,033 INFO server.RaftServerConfigKeys: raft.server.log.queue.element-limit = 1024 (custom)
datanode_1  | 2019-11-15 19:49:51,944 INFO impl.RaftServerImpl: f8854e38-fe17-4f18-a308-d0c33a2a8d65@group-DDE3E52149C9: set configuration 0: [f8854e38-fe17-4f18-a308-d0c33a2a8d65:172.19.0.2:9858], old=null at 0
datanode_3  | 2019-11-15 19:49:48,906 INFO segmented.SegmentedRaftLogWorker: new 1033dd6f-b147-4e52-9374-1d5cd6547a9d@group-B4F10B729CAE-SegmentedRaftLogWorker for RaftStorage:Storage Directory /data/metadata/ratis/79d58de3-d468-43fc-be12-b4f10b729cae
scm_1       | 2019-11-15 19:50:21,511 INFO safemode.SCMSafeModeManager: SCM in safe mode. Healthy pipelines reported count is 1, required healthy pipeline reported count is 1
datanode_2  | 2019-11-15 19:49:47,033 INFO server.RaftServerConfigKeys: raft.server.log.segment.size.max = 1048576 (custom)
datanode_1  | 2019-11-15 19:49:52,037 INFO segmented.SegmentedRaftLogWorker: f8854e38-fe17-4f18-a308-d0c33a2a8d65@group-DDE3E52149C9-SegmentedRaftLogWorker: created new log segment /data/metadata/ratis/2efe61a7-629b-456f-b7a0-dde3e52149c9/current/log_inprogress_0
datanode_3  | 2019-11-15 19:49:48,906 INFO server.RaftServerConfigKeys: raft.server.log.queue.byte-limit = 2147483647 (custom)
scm_1       | 2019-11-15 19:50:21,511 INFO safemode.SCMSafeModeManager: HealthyPipelineSafeModeRule rule is successfully validated
datanode_2  | 2019-11-15 19:49:47,033 INFO server.RaftServerConfigKeys: raft.server.log.preallocated.size = 16384 (custom)
datanode_1  | 2019-11-15 19:49:52,676 WARN server.GrpcServerProtocolService: f8854e38-fe17-4f18-a308-d0c33a2a8d65: Failed requestVote 531ba986-16c5-4d27-a4ce-e1205ae24966->f8854e38-fe17-4f18-a308-d0c33a2a8d65#0
datanode_3  | 2019-11-15 19:49:48,906 INFO server.RaftServerConfigKeys: raft.server.log.queue.element-limit = 1024 (custom)
scm_1       | 2019-11-15 19:50:21,511 INFO safemode.SCMSafeModeManager: ScmSafeModeManager, all rules are successfully validated
datanode_2  | 2019-11-15 19:49:47,033 INFO server.RaftServerConfigKeys: raft.server.log.write.buffer.size = 33554432 (custom)
datanode_1  | org.apache.ratis.protocol.GroupMismatchException: f8854e38-fe17-4f18-a308-d0c33a2a8d65: group-B4F10B729CAE not found.
scm_1       | 2019-11-15 19:50:21,511 INFO safemode.SCMSafeModeManager: SCM exiting safe mode.
datanode_2  | 2019-11-15 19:49:47,034 INFO server.RaftServerConfigKeys: raft.server.log.force.sync.num = 128 (default)
datanode_1  | 	at org.apache.ratis.server.impl.RaftServerProxy$ImplMap.get(RaftServerProxy.java:122)
scm_1       | 2019-11-15 19:51:55,896 ERROR pipeline.PipelineActionHandler: Received pipeline action CLOSE for Pipeline[ Id: 79d58de3-d468-43fc-be12-b4f10b729cae, Nodes: 531ba986-16c5-4d27-a4ce-e1205ae24966{ip: 172.19.0.4, host: ozone-recon_datanode_2.ozone-recon_default, networkLocation: /default-rack, certSerialId: null}f8854e38-fe17-4f18-a308-d0c33a2a8d65{ip: 172.19.0.2, host: ozone-recon_datanode_1.ozone-recon_default, networkLocation: /default-rack, certSerialId: null}1033dd6f-b147-4e52-9374-1d5cd6547a9d{ip: 172.19.0.7, host: ozone-recon_datanode_3.ozone-recon_default, networkLocation: /default-rack, certSerialId: null}, Type:RATIS, Factor:THREE, State:OPEN] from datanode 531ba986-16c5-4d27-a4ce-e1205ae24966{ip: 172.19.0.4, host: ozone-recon_datanode_2.ozone-recon_default, networkLocation: /default-rack, certSerialId: null}. Reason : 531ba986-16c5-4d27-a4ce-e1205ae24966 has not seen follower/s f8854e38-fe17-4f18-a308-d0c33a2a8d65 for 120740ms
datanode_2  | 2019-11-15 19:49:47,034 INFO server.RaftServerConfigKeys: raft.server.log.statemachine.data.sync = true (default)
datanode_1  | 	at org.apache.ratis.server.impl.RaftServerProxy.getImplFuture(RaftServerProxy.java:269)
datanode_3  | 2019-11-15 19:49:48,906 INFO server.RaftServerConfigKeys: raft.server.log.segment.size.max = 1048576 (custom)
scm_1       | 2019-11-15 19:51:55,896 INFO pipeline.SCMPipelineManager: destroying pipeline:Pipeline[ Id: 79d58de3-d468-43fc-be12-b4f10b729cae, Nodes: 531ba986-16c5-4d27-a4ce-e1205ae24966{ip: 172.19.0.4, host: ozone-recon_datanode_2.ozone-recon_default, networkLocation: /default-rack, certSerialId: null}f8854e38-fe17-4f18-a308-d0c33a2a8d65{ip: 172.19.0.2, host: ozone-recon_datanode_1.ozone-recon_default, networkLocation: /default-rack, certSerialId: null}1033dd6f-b147-4e52-9374-1d5cd6547a9d{ip: 172.19.0.7, host: ozone-recon_datanode_3.ozone-recon_default, networkLocation: /default-rack, certSerialId: null}, Type:RATIS, Factor:THREE, State:OPEN]
datanode_2  | 2019-11-15 19:49:47,034 INFO server.RaftServerConfigKeys: raft.server.log.statemachine.data.sync.timeout = 10s (default)
datanode_1  | 	at org.apache.ratis.server.impl.RaftServerProxy.getImpl(RaftServerProxy.java:278)
datanode_3  | 2019-11-15 19:49:48,906 INFO server.RaftServerConfigKeys: raft.server.log.preallocated.size = 16384 (custom)
datanode_2  | 2019-11-15 19:49:47,034 INFO server.RaftServerConfigKeys: raft.server.log.statemachine.data.sync.timeout.retry = -1 (default)
datanode_1  | 	at org.apache.ratis.server.impl.RaftServerProxy.getImpl(RaftServerProxy.java:273)
