om1_1       | 2019-11-15 19:34:30,608 INFO server.Server: jetty-9.3.25.v20180904, build timestamp: 2018-09-04T21:11:46Z, git hash: 3ce520221d0240229c862b122d2b06c12a625732
datanode_3  |  command succeed on datanode 7a56d34e-8c6f-4724-87ea-2af75b8602f5.
om3_1       | 2019-11-15 19:34:31,401 INFO impl.FollowerState: om3@group-562213E44849-FollowerState: change to CANDIDATE, lastRpcTime:1151ms, electionTimeout:1150ms
om2_1       | 2019-11-15 19:34:30,566 INFO server.Server: jetty-9.3.25.v20180904, build timestamp: 2018-09-04T21:11:46Z, git hash: 3ce520221d0240229c862b122d2b06c12a625732
scm_1       | 2019-11-15 19:39:30,619 INFO block.BlockManagerImpl: Deleting blocks conID: 2 locID: 103143617936097305 bcsId: 0
datanode_2  |  command succeed on datanode 6b6ce235-1cdd-4c2c-bb94-0ad1e0e5c34c.
datanode_1  | 2019-11-15 19:34:37,661 INFO impl.RoleInfo: 79e66cc8-59fe-42e8-bb40-14ba8c87d26c: shutdown FollowerState
om1_1       | 2019-11-15 19:34:30,635 INFO handler.ContextHandler: Started o.e.j.s.ServletContextHandler@33f2cfda{/logs,file:///var/log/hadoop/,AVAILABLE}
s3g_1       | INVALID_PART org.apache.hadoop.ozone.om.exceptions.OMException: Complete Multipart Upload Failed: volume: s37c35ba70126b04fca007e4dbfab9c47cbucket: bucket-21431key: multipartKey3
datanode_3  | 2019-11-15 19:34:37,467 INFO impl.FollowerState: 7a56d34e-8c6f-4724-87ea-2af75b8602f5@group-B95892699DD6-FollowerState: change to CANDIDATE, lastRpcTime:5121ms, electionTimeout:5121ms
om2_1       | 2019-11-15 19:34:30,590 INFO handler.ContextHandler: Started o.e.j.s.ServletContextHandler@59a2388e{/logs,file:///var/log/hadoop/,AVAILABLE}
scm_1       | 2019-11-15 19:39:30,619 INFO block.BlockManagerImpl: Deleting blocks conID: 3 locID: 103143618307031066 bcsId: 0
datanode_2  | 2019-11-15 19:34:37,750 INFO impl.FollowerState: 6b6ce235-1cdd-4c2c-bb94-0ad1e0e5c34c@group-4C7144778B9B-FollowerState: change to CANDIDATE, lastRpcTime:5143ms, electionTimeout:5143ms
datanode_1  | 2019-11-15 19:34:37,661 INFO impl.RaftServerImpl: 79e66cc8-59fe-42e8-bb40-14ba8c87d26c@group-E06F05DC03C4: changes role from  FOLLOWER to CANDIDATE at term 0 for changeToCandidate
om1_1       | 2019-11-15 19:34:30,635 INFO handler.ContextHandler: Started o.e.j.s.ServletContextHandler@11d2dd2d{/static,jar:file:/opt/hadoop/share/ozone/lib/hadoop-ozone-ozone-manager-0.5.0-SNAPSHOT.jar!/webapps/static,AVAILABLE}
s3g_1       | 	at org.apache.hadoop.ozone.om.protocolPB.OzoneManagerProtocolClientSideTranslatorPB.handleError(OzoneManagerProtocolClientSideTranslatorPB.java:761)
om3_1       | 2019-11-15 19:34:31,402 INFO impl.RoleInfo: om3: shutdown FollowerState
datanode_3  | 2019-11-15 19:34:37,469 INFO impl.RoleInfo: 7a56d34e-8c6f-4724-87ea-2af75b8602f5: shutdown FollowerState
om2_1       | 2019-11-15 19:34:30,591 INFO handler.ContextHandler: Started o.e.j.s.ServletContextHandler@174721c4{/static,jar:file:/opt/hadoop/share/ozone/lib/hadoop-ozone-ozone-manager-0.5.0-SNAPSHOT.jar!/webapps/static,AVAILABLE}
datanode_2  | 2019-11-15 19:34:37,752 INFO impl.RoleInfo: 6b6ce235-1cdd-4c2c-bb94-0ad1e0e5c34c: shutdown FollowerState
datanode_1  | 2019-11-15 19:34:37,666 INFO impl.RoleInfo: 79e66cc8-59fe-42e8-bb40-14ba8c87d26c: start LeaderElection
s3g_1       | 	at org.apache.hadoop.ozone.om.protocolPB.OzoneManagerProtocolClientSideTranslatorPB.completeMultipartUpload(OzoneManagerProtocolClientSideTranslatorPB.java:1133)
om1_1       | 2019-11-15 19:34:30,712 INFO handler.ContextHandler: Started o.e.j.w.WebAppContext@ab2e6d2{/,file:///tmp/jetty-0.0.0.0-9874-ozoneManager-_-any-12167186482053664473.dir/webapp/,AVAILABLE}{/ozoneManager}
om3_1       | 2019-11-15 19:34:31,402 INFO impl.RaftServerImpl: om3@group-562213E44849: changes role from  FOLLOWER to CANDIDATE at term 0 for changeToCandidate
datanode_3  | 2019-11-15 19:34:37,470 INFO impl.RaftServerImpl: 7a56d34e-8c6f-4724-87ea-2af75b8602f5@group-B95892699DD6: changes role from  FOLLOWER to CANDIDATE at term 0 for changeToCandidate
om2_1       | 2019-11-15 19:34:30,677 INFO handler.ContextHandler: Started o.e.j.w.WebAppContext@4d4436d0{/,file:///tmp/jetty-0.0.0.0-9874-ozoneManager-_-any-16227714857844370106.dir/webapp/,AVAILABLE}{/ozoneManager}
om2_1       | 2019-11-15 19:34:30,682 INFO server.AbstractConnector: Started ServerConnector@2a142bb9{HTTP/1.1,[http/1.1]}{0.0.0.0:9874}
datanode_1  | 2019-11-15 19:34:37,685 INFO impl.LeaderElection: 79e66cc8-59fe-42e8-bb40-14ba8c87d26c@group-E06F05DC03C4-LeaderElection1: begin an election at term 1 for -1: [79e66cc8-59fe-42e8-bb40-14ba8c87d26c:172.18.0.3:9858], old=null
datanode_1  | 2019-11-15 19:34:37,686 INFO impl.RoleInfo: 79e66cc8-59fe-42e8-bb40-14ba8c87d26c: shutdown LeaderElection
om1_1       | 2019-11-15 19:34:30,717 INFO server.AbstractConnector: Started ServerConnector@40bf4386{HTTP/1.1,[http/1.1]}{0.0.0.0:9874}
om3_1       | 2019-11-15 19:34:31,405 INFO impl.RoleInfo: om3: start LeaderElection
datanode_3  | 2019-11-15 19:34:37,473 INFO impl.RoleInfo: 7a56d34e-8c6f-4724-87ea-2af75b8602f5: start LeaderElection
datanode_1  | 2019-11-15 19:34:37,687 INFO impl.RaftServerImpl: 79e66cc8-59fe-42e8-bb40-14ba8c87d26c@group-E06F05DC03C4: changes role from CANDIDATE to LEADER at term 1 for changeToLeader
s3g_1       | 	at java.base/jdk.internal.reflect.NativeMethodAccessorImpl.invoke0(Native Method)
s3g_1       | 	at java.base/jdk.internal.reflect.NativeMethodAccessorImpl.invoke(NativeMethodAccessorImpl.java:62)
datanode_3  | 2019-11-15 19:34:37,507 INFO impl.LeaderElection: 7a56d34e-8c6f-4724-87ea-2af75b8602f5@group-B95892699DD6-LeaderElection1: begin an election at term 1 for -1: [7a56d34e-8c6f-4724-87ea-2af75b8602f5:172.18.0.6:9858], old=null
datanode_1  | 2019-11-15 19:34:37,687 INFO ratis.XceiverServerRatis: Leader change notification received for group: group-E06F05DC03C4 with new leaderId: 79e66cc8-59fe-42e8-bb40-14ba8c87d26c
datanode_1  | 2019-11-15 19:34:37,690 INFO impl.RaftServerImpl: 79e66cc8-59fe-42e8-bb40-14ba8c87d26c@group-E06F05DC03C4: change Leader from null to 79e66cc8-59fe-42e8-bb40-14ba8c87d26c at term 1 for becomeLeader, leader elected after 5291ms
s3g_1       | 	at java.base/jdk.internal.reflect.DelegatingMethodAccessorImpl.invoke(DelegatingMethodAccessorImpl.java:43)
datanode_2  | 2019-11-15 19:34:37,752 INFO impl.RaftServerImpl: 6b6ce235-1cdd-4c2c-bb94-0ad1e0e5c34c@group-4C7144778B9B: changes role from  FOLLOWER to CANDIDATE at term 0 for changeToCandidate
datanode_3  | 2019-11-15 19:34:37,509 INFO impl.RoleInfo: 7a56d34e-8c6f-4724-87ea-2af75b8602f5: shutdown LeaderElection
datanode_1  | 2019-11-15 19:34:37,692 INFO impl.FollowerState: 79e66cc8-59fe-42e8-bb40-14ba8c87d26c@group-140ACC3C17A4-FollowerState: change to CANDIDATE, lastRpcTime:5001ms, electionTimeout:5001ms
datanode_1  | 2019-11-15 19:34:37,693 INFO impl.RoleInfo: 79e66cc8-59fe-42e8-bb40-14ba8c87d26c: shutdown FollowerState
om2_1       | 2019-11-15 19:34:30,683 INFO server.Server: Started @4718ms
s3g_1       | 	at java.base/java.lang.reflect.Method.invoke(Method.java:566)
datanode_2  | 2019-11-15 19:34:37,755 INFO impl.RoleInfo: 6b6ce235-1cdd-4c2c-bb94-0ad1e0e5c34c: start LeaderElection
om3_1       | 2019-11-15 19:34:31,430 INFO impl.LeaderElection: om3@group-562213E44849-LeaderElection1: begin an election at term 1 for -1: [om1:om1:9872, om3:om3:9872, om2:om2:9872], old=null
datanode_3  | 2019-11-15 19:34:37,510 INFO impl.RaftServerImpl: 7a56d34e-8c6f-4724-87ea-2af75b8602f5@group-B95892699DD6: changes role from CANDIDATE to LEADER at term 1 for changeToLeader
datanode_1  | 2019-11-15 19:34:37,693 INFO impl.RaftServerImpl: 79e66cc8-59fe-42e8-bb40-14ba8c87d26c@group-140ACC3C17A4: changes role from  FOLLOWER to CANDIDATE at term 0 for changeToCandidate
om2_1       | 2019-11-15 19:34:30,685 INFO impl.MetricsSinkAdapter: Sink prometheus started
om1_1       | 2019-11-15 19:34:30,717 INFO server.Server: Started @4775ms
s3g_1       | 	at org.apache.hadoop.hdds.tracing.TraceAllMethod.invoke(TraceAllMethod.java:66)
datanode_2  | 2019-11-15 19:34:37,780 INFO impl.LeaderElection: 6b6ce235-1cdd-4c2c-bb94-0ad1e0e5c34c@group-4C7144778B9B-LeaderElection1: begin an election at term 1 for -1: [6b6ce235-1cdd-4c2c-bb94-0ad1e0e5c34c:172.18.0.4:9858], old=null
datanode_3  | 2019-11-15 19:34:37,510 INFO ratis.XceiverServerRatis: Leader change notification received for group: group-B95892699DD6 with new leaderId: 7a56d34e-8c6f-4724-87ea-2af75b8602f5
om3_1       | WARNING: An illegal reflective access operation has occurred
om2_1       | 2019-11-15 19:34:30,685 INFO impl.MetricsSystemImpl: Registered sink prometheus
om1_1       | 2019-11-15 19:34:30,720 INFO impl.MetricsSinkAdapter: Sink prometheus started
s3g_1       | 	at com.sun.proxy.$Proxy84.completeMultipartUpload(Unknown Source)
datanode_2  | 2019-11-15 19:34:37,782 INFO impl.RoleInfo: 6b6ce235-1cdd-4c2c-bb94-0ad1e0e5c34c: shutdown LeaderElection
datanode_3  | 2019-11-15 19:34:37,511 INFO impl.RaftServerImpl: 7a56d34e-8c6f-4724-87ea-2af75b8602f5@group-B95892699DD6: change Leader from null to 7a56d34e-8c6f-4724-87ea-2af75b8602f5 at term 1 for becomeLeader, leader elected after 5261ms
om3_1       | WARNING: Illegal reflective access by org.apache.ratis.thirdparty.com.google.protobuf.UnsafeUtil (file:/opt/hadoop/share/ozone/lib/ratis-thirdparty-misc-0.2.0.jar) to field java.nio.Buffer.address
datanode_1  | 2019-11-15 19:34:37,693 INFO impl.RoleInfo: 79e66cc8-59fe-42e8-bb40-14ba8c87d26c: start LeaderElection
om2_1       | 2019-11-15 19:34:30,687 INFO server.BaseHttpServer: HTTP server of OZONEMANAGER is listening at http://0.0.0.0:9874
om1_1       | 2019-11-15 19:34:30,720 INFO impl.MetricsSystemImpl: Registered sink prometheus
s3g_1       | 	at org.apache.hadoop.ozone.client.rpc.RpcClient.completeMultipartUpload(RpcClient.java:913)
datanode_2  | 2019-11-15 19:34:37,782 INFO impl.RaftServerImpl: 6b6ce235-1cdd-4c2c-bb94-0ad1e0e5c34c@group-4C7144778B9B: changes role from CANDIDATE to LEADER at term 1 for changeToLeader
datanode_3  | 2019-11-15 19:34:37,516 INFO server.RaftServerConfigKeys: raft.server.staging.catchup.gap = 1000 (default)
om3_1       | WARNING: Please consider reporting this to the maintainers of org.apache.ratis.thirdparty.com.google.protobuf.UnsafeUtil
datanode_1  | 2019-11-15 19:34:37,695 INFO server.RaftServerConfigKeys: raft.server.staging.catchup.gap = 1000 (default)
om2_1       | 2019-11-15 19:34:31,349 INFO impl.FollowerState: om2@group-562213E44849-FollowerState: change to CANDIDATE, lastRpcTime:1170ms, electionTimeout:1169ms
om1_1       | 2019-11-15 19:34:30,722 INFO server.BaseHttpServer: HTTP server of OZONEMANAGER is listening at http://0.0.0.0:9874
s3g_1       | 	at org.apache.hadoop.ozone.client.OzoneBucket.completeMultipartUpload(OzoneBucket.java:445)
datanode_2  | 2019-11-15 19:34:37,782 INFO ratis.XceiverServerRatis: Leader change notification received for group: group-4C7144778B9B with new leaderId: 6b6ce235-1cdd-4c2c-bb94-0ad1e0e5c34c
datanode_3  | 2019-11-15 19:34:37,517 INFO server.RaftServerConfigKeys: raft.server.rpc.sleep.time = 25ms (default)
om3_1       | WARNING: Use --illegal-access=warn to enable warnings of further illegal reflective access operations
datanode_1  | 2019-11-15 19:34:37,696 INFO server.RaftServerConfigKeys: raft.server.rpc.sleep.time = 25ms (default)
om2_1       | 2019-11-15 19:34:31,349 INFO impl.RoleInfo: om2: shutdown FollowerState
om1_1       | 2019-11-15 19:34:31,317 INFO impl.FollowerState: om1@group-562213E44849-FollowerState: change to CANDIDATE, lastRpcTime:1118ms, electionTimeout:1117ms
s3g_1       | 	at org.apache.hadoop.ozone.s3.endpoint.ObjectEndpoint.completeMultipartUpload(ObjectEndpoint.java:500)
datanode_2  | 2019-11-15 19:34:37,784 INFO impl.RaftServerImpl: 6b6ce235-1cdd-4c2c-bb94-0ad1e0e5c34c@group-4C7144778B9B: change Leader from null to 6b6ce235-1cdd-4c2c-bb94-0ad1e0e5c34c at term 1 for becomeLeader, leader elected after 5332ms
datanode_3  | 2019-11-15 19:34:37,520 INFO server.RaftServerConfigKeys: raft.server.write.element-limit = 4096 (default)
om3_1       | WARNING: All illegal access operations will be denied in a future release
datanode_1  | 2019-11-15 19:34:37,700 INFO server.RaftServerConfigKeys: raft.server.write.element-limit = 4096 (default)
om2_1       | 2019-11-15 19:34:31,350 INFO impl.RaftServerImpl: om2@group-562213E44849: changes role from  FOLLOWER to CANDIDATE at term 0 for changeToCandidate
om1_1       | 2019-11-15 19:34:31,318 INFO impl.RoleInfo: om1: shutdown FollowerState
s3g_1       | 	at java.base/jdk.internal.reflect.NativeMethodAccessorImpl.invoke0(Native Method)
datanode_3  | 2019-11-15 19:34:37,526 INFO server.RaftServerConfigKeys: raft.server.watch.timeout = 10s (default)
datanode_2  | 2019-11-15 19:34:37,788 INFO server.RaftServerConfigKeys: raft.server.staging.catchup.gap = 1000 (default)
om3_1       | 2019-11-15 19:34:31,706 INFO impl.LeaderElection: om3@group-562213E44849-LeaderElection1: Election REJECTED; received 2 response(s) [om3<-om1#0:FAIL-t1, om3<-om2#0:FAIL-t1] and 0 exception(s); om3@group-562213E44849:t1, leader=null, voted=om3, raftlog=om3@group-562213E44849-SegmentedRaftLog:OPENED:c-1,f-1,i0, conf=-1: [om1:om1:9872, om3:om3:9872, om2:om2:9872], old=null
datanode_1  | 2019-11-15 19:34:37,706 INFO server.RaftServerConfigKeys: raft.server.watch.timeout = 10s (default)
om2_1       | 2019-11-15 19:34:31,353 INFO impl.RoleInfo: om2: start LeaderElection
om1_1       | 2019-11-15 19:34:31,318 INFO impl.RaftServerImpl: om1@group-562213E44849: changes role from  FOLLOWER to CANDIDATE at term 0 for changeToCandidate
s3g_1       | 	at java.base/jdk.internal.reflect.NativeMethodAccessorImpl.invoke(NativeMethodAccessorImpl.java:62)
datanode_3  | 2019-11-15 19:34:37,526 INFO server.RaftServerConfigKeys: raft.server.watch.timeout.denomination = 1s (default)
datanode_2  | 2019-11-15 19:34:37,789 INFO server.RaftServerConfigKeys: raft.server.rpc.sleep.time = 25ms (default)
om3_1       | 2019-11-15 19:34:31,708 INFO impl.RaftServerImpl: om3@group-562213E44849: changes role from CANDIDATE to FOLLOWER at term 1 for DISCOVERED_A_NEW_TERM
datanode_1  | 2019-11-15 19:34:37,707 INFO server.RaftServerConfigKeys: raft.server.watch.timeout.denomination = 1s (default)
om2_1       | 2019-11-15 19:34:31,369 INFO impl.LeaderElection: om2@group-562213E44849-LeaderElection1: begin an election at term 1 for -1: [om1:om1:9872, om3:om3:9872, om2:om2:9872], old=null
om1_1       | 2019-11-15 19:34:31,321 INFO impl.RoleInfo: om1: start LeaderElection
s3g_1       | 	at java.base/jdk.internal.reflect.DelegatingMethodAccessorImpl.invoke(DelegatingMethodAccessorImpl.java:43)
datanode_3  | 2019-11-15 19:34:37,527 INFO server.RaftServerConfigKeys: raft.server.watch.element-limit = 65536 (default)
datanode_2  | 2019-11-15 19:34:37,792 INFO server.RaftServerConfigKeys: raft.server.write.element-limit = 4096 (default)
om3_1       | 2019-11-15 19:34:31,708 INFO impl.RoleInfo: om3: shutdown LeaderElection
datanode_1  | 2019-11-15 19:34:37,708 INFO server.RaftServerConfigKeys: raft.server.watch.element-limit = 65536 (default)
om1_1       | 2019-11-15 19:34:31,345 INFO impl.LeaderElection: om1@group-562213E44849-LeaderElection1: begin an election at term 1 for -1: [om1:om1:9872, om3:om3:9872, om2:om2:9872], old=null
s3g_1       | 	at java.base/java.lang.reflect.Method.invoke(Method.java:566)
om2_1       | WARNING: An illegal reflective access operation has occurred
datanode_3  | 2019-11-15 19:34:37,535 INFO impl.RoleInfo: 7a56d34e-8c6f-4724-87ea-2af75b8602f5: start LeaderState
datanode_2  | 2019-11-15 19:34:37,797 INFO server.RaftServerConfigKeys: raft.server.watch.timeout = 10s (default)
om3_1       | 2019-11-15 19:34:31,708 INFO impl.RoleInfo: om3: start FollowerState
datanode_1  | 2019-11-15 19:34:37,709 INFO impl.LeaderElection: 79e66cc8-59fe-42e8-bb40-14ba8c87d26c@group-140ACC3C17A4-LeaderElection2: begin an election at term 1 for -1: [79e66cc8-59fe-42e8-bb40-14ba8c87d26c:172.18.0.3:9858, 6b6ce235-1cdd-4c2c-bb94-0ad1e0e5c34c:172.18.0.4:9858, 7a56d34e-8c6f-4724-87ea-2af75b8602f5:172.18.0.6:9858], old=null
om1_1       | WARNING: An illegal reflective access operation has occurred
s3g_1       | 	at org.glassfish.jersey.server.model.internal.ResourceMethodInvocationHandlerFactory.lambda$static$0(ResourceMethodInvocationHandlerFactory.java:76)
om2_1       | WARNING: Illegal reflective access by org.apache.ratis.thirdparty.com.google.protobuf.UnsafeUtil (file:/opt/hadoop/share/ozone/lib/ratis-thirdparty-misc-0.2.0.jar) to field java.nio.Buffer.address
datanode_3  | 2019-11-15 19:34:37,555 INFO segmented.SegmentedRaftLogWorker: 7a56d34e-8c6f-4724-87ea-2af75b8602f5@group-B95892699DD6-SegmentedRaftLogWorker: Starting segment from index:0
datanode_2  | 2019-11-15 19:34:37,797 INFO server.RaftServerConfigKeys: raft.server.watch.timeout.denomination = 1s (default)
om3_1       | 2019-11-15 19:34:32,853 INFO impl.RaftServerImpl: om3@group-562213E44849: changes role from  FOLLOWER to FOLLOWER at term 2 for recognizeCandidate:om1
datanode_1  | 2019-11-15 19:34:37,719 INFO impl.RoleInfo: 79e66cc8-59fe-42e8-bb40-14ba8c87d26c: start LeaderState
om1_1       | WARNING: Illegal reflective access by org.apache.ratis.thirdparty.com.google.protobuf.UnsafeUtil (file:/opt/hadoop/share/ozone/lib/ratis-thirdparty-misc-0.2.0.jar) to field java.nio.Buffer.address
s3g_1       | 	at org.glassfish.jersey.server.model.internal.AbstractJavaResourceMethodDispatcher$1.run(AbstractJavaResourceMethodDispatcher.java:148)
om2_1       | WARNING: Please consider reporting this to the maintainers of org.apache.ratis.thirdparty.com.google.protobuf.UnsafeUtil
datanode_3  | WARNING: An illegal reflective access operation has occurred
datanode_2  | 2019-11-15 19:34:37,798 INFO server.RaftServerConfigKeys: raft.server.watch.element-limit = 65536 (default)
om3_1       | 2019-11-15 19:34:32,854 INFO impl.RoleInfo: om3: shutdown FollowerState
datanode_1  | 2019-11-15 19:34:37,739 INFO segmented.SegmentedRaftLogWorker: 79e66cc8-59fe-42e8-bb40-14ba8c87d26c@group-E06F05DC03C4-SegmentedRaftLogWorker: Starting segment from index:0
om1_1       | WARNING: Please consider reporting this to the maintainers of org.apache.ratis.thirdparty.com.google.protobuf.UnsafeUtil
s3g_1       | 	at org.glassfish.jersey.server.model.internal.AbstractJavaResourceMethodDispatcher.invoke(AbstractJavaResourceMethodDispatcher.java:191)
om2_1       | WARNING: Use --illegal-access=warn to enable warnings of further illegal reflective access operations
datanode_3  | WARNING: Illegal reflective access by org.apache.ratis.thirdparty.com.google.protobuf.UnsafeUtil (file:/opt/hadoop/share/ozone/lib/ratis-thirdparty-misc-0.2.0.jar) to field java.nio.Buffer.address
om3_1       | 2019-11-15 19:34:32,855 INFO impl.FollowerState: om3@group-562213E44849-FollowerState was interrupted: java.lang.InterruptedException: sleep interrupted
datanode_1  | WARNING: An illegal reflective access operation has occurred
s3g_1       | 	at org.glassfish.jersey.server.model.internal.JavaResourceMethodDispatcherProvider$ResponseOutInvoker.doDispatch(JavaResourceMethodDispatcherProvider.java:200)
om1_1       | WARNING: Use --illegal-access=warn to enable warnings of further illegal reflective access operations
datanode_2  | 2019-11-15 19:34:37,805 INFO impl.RoleInfo: 6b6ce235-1cdd-4c2c-bb94-0ad1e0e5c34c: start LeaderState
om2_1       | WARNING: All illegal access operations will be denied in a future release
datanode_3  | WARNING: Please consider reporting this to the maintainers of org.apache.ratis.thirdparty.com.google.protobuf.UnsafeUtil
om3_1       | 2019-11-15 19:34:32,855 INFO impl.RoleInfo: om3: start FollowerState
datanode_1  | WARNING: Illegal reflective access by org.apache.ratis.thirdparty.com.google.protobuf.UnsafeUtil (file:/opt/hadoop/share/ozone/lib/ratis-thirdparty-misc-0.2.0.jar) to field java.nio.Buffer.address
s3g_1       | 	at org.glassfish.jersey.server.model.internal.AbstractJavaResourceMethodDispatcher.dispatch(AbstractJavaResourceMethodDispatcher.java:103)
om1_1       | WARNING: All illegal access operations will be denied in a future release
datanode_2  | 2019-11-15 19:34:37,821 INFO segmented.SegmentedRaftLogWorker: 6b6ce235-1cdd-4c2c-bb94-0ad1e0e5c34c@group-4C7144778B9B-SegmentedRaftLogWorker: Starting segment from index:0
om2_1       | 2019-11-15 19:34:31,700 INFO impl.LeaderElection: om2@group-562213E44849-LeaderElection1: Election REJECTED; received 2 response(s) [om2<-om1#0:FAIL-t1, om2<-om3#0:FAIL-t1] and 0 exception(s); om2@group-562213E44849:t1, leader=null, voted=om2, raftlog=om2@group-562213E44849-SegmentedRaftLog:OPENED:c-1,f-1,i0, conf=-1: [om1:om1:9872, om3:om3:9872, om2:om2:9872], old=null
datanode_3  | WARNING: Use --illegal-access=warn to enable warnings of further illegal reflective access operations
om3_1       | 2019-11-15 19:34:33,005 INFO impl.RaftServerImpl: om3@group-562213E44849: change Leader from null to om1 at term 2 for appendEntries, leader elected after 2970ms
s3g_1       | 	at org.glassfish.jersey.server.model.ResourceMethodInvoker.invoke(ResourceMethodInvoker.java:493)
om1_1       | 2019-11-15 19:34:31,701 INFO impl.LeaderElection: om1@group-562213E44849-LeaderElection1: Election REJECTED; received 2 response(s) [om1<-om3#0:FAIL-t1, om1<-om2#0:FAIL-t1] and 0 exception(s); om1@group-562213E44849:t1, leader=null, voted=om1, raftlog=om1@group-562213E44849-SegmentedRaftLog:OPENED:c-1,f-1,i0, conf=-1: [om1:om1:9872, om3:om3:9872, om2:om2:9872], old=null
datanode_1  | WARNING: Please consider reporting this to the maintainers of org.apache.ratis.thirdparty.com.google.protobuf.UnsafeUtil
datanode_2  | WARNING: An illegal reflective access operation has occurred
om2_1       | 2019-11-15 19:34:31,701 INFO impl.RaftServerImpl: om2@group-562213E44849: changes role from CANDIDATE to FOLLOWER at term 1 for DISCOVERED_A_NEW_TERM
datanode_3  | WARNING: All illegal access operations will be denied in a future release
om3_1       | 2019-11-15 19:34:33,026 INFO impl.RaftServerImpl: om3@group-562213E44849: set configuration 0: [om1:om1:9872, om3:om3:9872, om2:om2:9872], old=null at 0
s3g_1       | 	at org.glassfish.jersey.server.model.ResourceMethodInvoker.apply(ResourceMethodInvoker.java:415)
om1_1       | 2019-11-15 19:34:31,702 INFO impl.RaftServerImpl: om1@group-562213E44849: changes role from CANDIDATE to FOLLOWER at term 1 for DISCOVERED_A_NEW_TERM
datanode_1  | WARNING: Use --illegal-access=warn to enable warnings of further illegal reflective access operations
om2_1       | 2019-11-15 19:34:31,701 INFO impl.RoleInfo: om2: shutdown LeaderElection
datanode_3  | 2019-11-15 19:34:37,572 INFO impl.RaftServerImpl: 7a56d34e-8c6f-4724-87ea-2af75b8602f5@group-B95892699DD6: set configuration 0: [7a56d34e-8c6f-4724-87ea-2af75b8602f5:172.18.0.6:9858], old=null at 0
datanode_2  | WARNING: Illegal reflective access by org.apache.ratis.thirdparty.com.google.protobuf.UnsafeUtil (file:/opt/hadoop/share/ozone/lib/ratis-thirdparty-misc-0.2.0.jar) to field java.nio.Buffer.address
om3_1       | 2019-11-15 19:34:33,031 INFO segmented.SegmentedRaftLogWorker: om3@group-562213E44849-SegmentedRaftLogWorker: Starting segment from index:0
s3g_1       | 	at org.glassfish.jersey.server.model.ResourceMethodInvoker.apply(ResourceMethodInvoker.java:104)
om1_1       | 2019-11-15 19:34:31,702 INFO impl.RoleInfo: om1: shutdown LeaderElection
om2_1       | 2019-11-15 19:34:31,702 INFO impl.RoleInfo: om2: start FollowerState
datanode_1  | WARNING: All illegal access operations will be denied in a future release
datanode_3  | 2019-11-15 19:34:37,626 INFO impl.FollowerState: 7a56d34e-8c6f-4724-87ea-2af75b8602f5@group-140ACC3C17A4-FollowerState: change to CANDIDATE, lastRpcTime:5077ms, electionTimeout:5077ms
datanode_2  | WARNING: Please consider reporting this to the maintainers of org.apache.ratis.thirdparty.com.google.protobuf.UnsafeUtil
om3_1       | 2019-11-15 19:34:33,164 INFO segmented.SegmentedRaftLogWorker: om3@group-562213E44849-SegmentedRaftLogWorker: created new log segment /data/metadata/ratis/fafe1b60-c241-37cc-98f4-562213e44849/current/log_inprogress_0
s3g_1       | 	at org.glassfish.jersey.server.ServerRuntime$1.run(ServerRuntime.java:277)
om1_1       | 2019-11-15 19:34:31,703 INFO impl.RoleInfo: om1: start FollowerState
om2_1       | 2019-11-15 19:34:32,841 INFO impl.FollowerState: om2@group-562213E44849-FollowerState: change to CANDIDATE, lastRpcTime:1139ms, electionTimeout:1139ms
datanode_1  | 2019-11-15 19:34:37,758 INFO impl.RaftServerImpl: 79e66cc8-59fe-42e8-bb40-14ba8c87d26c@group-E06F05DC03C4: set configuration 0: [79e66cc8-59fe-42e8-bb40-14ba8c87d26c:172.18.0.3:9858], old=null at 0
datanode_3  | 2019-11-15 19:34:37,627 INFO impl.RoleInfo: 7a56d34e-8c6f-4724-87ea-2af75b8602f5: shutdown FollowerState
datanode_2  | WARNING: Use --illegal-access=warn to enable warnings of further illegal reflective access operations
s3g_1       | 	at org.glassfish.jersey.internal.Errors$1.call(Errors.java:272)
om3_1       | 2019-11-15 19:36:27,456 ERROR proto.OzoneManagerProtocolProtos$S3CreateBucketRequest: S3Bucket Creation Failed for userName: 7c35ba70126b04fca007e4dbfab9c47c, s3BucketName bucket-44485, VolumeName s37c35ba70126b04fca007e4dbfab9c47c
om1_1       | 2019-11-15 19:34:32,807 INFO impl.FollowerState: om1@group-562213E44849-FollowerState: change to CANDIDATE, lastRpcTime:1104ms, electionTimeout:1104ms
om2_1       | 2019-11-15 19:34:32,842 INFO impl.RoleInfo: om2: shutdown FollowerState
datanode_1  | 2019-11-15 19:34:37,882 INFO segmented.SegmentedRaftLogWorker: 79e66cc8-59fe-42e8-bb40-14ba8c87d26c@group-E06F05DC03C4-SegmentedRaftLogWorker: created new log segment /data/metadata/ratis/17139826-e61a-4d05-93bb-e06f05dc03c4/current/log_inprogress_0
datanode_3  | 2019-11-15 19:34:37,627 INFO impl.RaftServerImpl: 7a56d34e-8c6f-4724-87ea-2af75b8602f5@group-140ACC3C17A4: changes role from  FOLLOWER to CANDIDATE at term 0 for changeToCandidate
datanode_2  | WARNING: All illegal access operations will be denied in a future release
s3g_1       | 	at org.glassfish.jersey.internal.Errors$1.call(Errors.java:268)
om3_1       | 2019-11-15 19:37:01,840 INFO segmented.SegmentedRaftLogWorker: om3@group-562213E44849-SegmentedRaftLogWorker: Rolling segment log-0_56 to index:56
om1_1       | 2019-11-15 19:34:32,808 INFO impl.RoleInfo: om1: shutdown FollowerState
om2_1       | 2019-11-15 19:34:32,842 INFO impl.RaftServerImpl: om2@group-562213E44849: changes role from  FOLLOWER to CANDIDATE at term 1 for changeToCandidate
datanode_3  | 2019-11-15 19:34:37,627 INFO impl.RoleInfo: 7a56d34e-8c6f-4724-87ea-2af75b8602f5: start LeaderElection
datanode_1  | 2019-11-15 19:34:38,109 INFO impl.LeaderElection: 79e66cc8-59fe-42e8-bb40-14ba8c87d26c@group-140ACC3C17A4-LeaderElection2: Election REJECTED; received 2 response(s) [79e66cc8-59fe-42e8-bb40-14ba8c87d26c<-6b6ce235-1cdd-4c2c-bb94-0ad1e0e5c34c#0:FAIL-t1, 79e66cc8-59fe-42e8-bb40-14ba8c87d26c<-7a56d34e-8c6f-4724-87ea-2af75b8602f5#0:FAIL-t1] and 0 exception(s); 79e66cc8-59fe-42e8-bb40-14ba8c87d26c@group-140ACC3C17A4:t1, leader=null, voted=79e66cc8-59fe-42e8-bb40-14ba8c87d26c, raftlog=79e66cc8-59fe-42e8-bb40-14ba8c87d26c@group-140ACC3C17A4-SegmentedRaftLog:OPENED:c-1,f-1,i0, conf=-1: [79e66cc8-59fe-42e8-bb40-14ba8c87d26c:172.18.0.3:9858, 6b6ce235-1cdd-4c2c-bb94-0ad1e0e5c34c:172.18.0.4:9858, 7a56d34e-8c6f-4724-87ea-2af75b8602f5:172.18.0.6:9858], old=null
datanode_2  | 2019-11-15 19:34:37,840 INFO impl.RaftServerImpl: 6b6ce235-1cdd-4c2c-bb94-0ad1e0e5c34c@group-4C7144778B9B: set configuration 0: [6b6ce235-1cdd-4c2c-bb94-0ad1e0e5c34c:172.18.0.4:9858], old=null at 0
s3g_1       | 	at org.glassfish.jersey.internal.Errors.process(Errors.java:316)
om3_1       | 2019-11-15 19:37:01,842 INFO segmented.SegmentedRaftLogWorker: om3@group-562213E44849-SegmentedRaftLogWorker: Rolled log segment from /data/metadata/ratis/fafe1b60-c241-37cc-98f4-562213e44849/current/log_inprogress_0 to /data/metadata/ratis/fafe1b60-c241-37cc-98f4-562213e44849/current/log_0-56
om1_1       | 2019-11-15 19:34:32,808 INFO impl.RaftServerImpl: om1@group-562213E44849: changes role from  FOLLOWER to CANDIDATE at term 1 for changeToCandidate
om2_1       | 2019-11-15 19:34:32,842 INFO impl.RoleInfo: om2: start LeaderElection
datanode_3  | 2019-11-15 19:34:37,652 INFO impl.LeaderElection: 7a56d34e-8c6f-4724-87ea-2af75b8602f5@group-140ACC3C17A4-LeaderElection2: begin an election at term 1 for -1: [79e66cc8-59fe-42e8-bb40-14ba8c87d26c:172.18.0.3:9858, 6b6ce235-1cdd-4c2c-bb94-0ad1e0e5c34c:172.18.0.4:9858, 7a56d34e-8c6f-4724-87ea-2af75b8602f5:172.18.0.6:9858], old=null
datanode_2  | 2019-11-15 19:34:37,852 INFO impl.FollowerState: 6b6ce235-1cdd-4c2c-bb94-0ad1e0e5c34c@group-140ACC3C17A4-FollowerState: change to CANDIDATE, lastRpcTime:5147ms, electionTimeout:5147ms
datanode_1  | 2019-11-15 19:34:38,111 INFO impl.RaftServerImpl: 79e66cc8-59fe-42e8-bb40-14ba8c87d26c@group-140ACC3C17A4: changes role from CANDIDATE to FOLLOWER at term 1 for DISCOVERED_A_NEW_TERM
s3g_1       | 	at org.glassfish.jersey.internal.Errors.process(Errors.java:298)
om3_1       | 2019-11-15 19:37:01,880 INFO segmented.SegmentedRaftLogWorker: om3@group-562213E44849-SegmentedRaftLogWorker: created new log segment /data/metadata/ratis/fafe1b60-c241-37cc-98f4-562213e44849/current/log_inprogress_57
om1_1       | 2019-11-15 19:34:32,808 INFO impl.RoleInfo: om1: start LeaderElection
om2_1       | 2019-11-15 19:34:32,866 INFO impl.LeaderElection: om2@group-562213E44849-LeaderElection2: begin an election at term 2 for -1: [om1:om1:9872, om3:om3:9872, om2:om2:9872], old=null
datanode_3  | 2019-11-15 19:34:37,709 INFO segmented.SegmentedRaftLogWorker: 7a56d34e-8c6f-4724-87ea-2af75b8602f5@group-B95892699DD6-SegmentedRaftLogWorker: created new log segment /data/metadata/ratis/27a196e2-10bb-4f42-b299-b95892699dd6/current/log_inprogress_0
datanode_2  | 2019-11-15 19:34:37,852 INFO impl.RoleInfo: 6b6ce235-1cdd-4c2c-bb94-0ad1e0e5c34c: shutdown FollowerState
datanode_1  | 2019-11-15 19:34:38,111 INFO impl.RoleInfo: 79e66cc8-59fe-42e8-bb40-14ba8c87d26c: shutdown LeaderElection
s3g_1       | 	at org.glassfish.jersey.internal.Errors.process(Errors.java:268)
om3_1       | 2019-11-15 19:37:03,434 ERROR multipart.S3MultipartUploadCompleteRequest: MultipartUpload: /s37c35ba70126b04fca007e4dbfab9c47c/bucket-21431/multipartKey2Part number: 1size 6 is less than minimum part size 5242880
om1_1       | 2019-11-15 19:34:32,833 INFO impl.LeaderElection: om1@group-562213E44849-LeaderElection2: begin an election at term 2 for -1: [om1:om1:9872, om3:om3:9872, om2:om2:9872], old=null
om2_1       | 2019-11-15 19:34:32,895 INFO impl.LeaderElection: om2@group-562213E44849-LeaderElection2: Election REJECTED; received 2 response(s) [om2<-om1#0:FAIL-t2, om2<-om3#0:FAIL-t2] and 0 exception(s); om2@group-562213E44849:t2, leader=null, voted=om2, raftlog=om2@group-562213E44849-SegmentedRaftLog:OPENED:c-1,f-1,i0, conf=-1: [om1:om1:9872, om3:om3:9872, om2:om2:9872], old=null
datanode_3  | 2019-11-15 19:34:38,109 INFO impl.LeaderElection: 7a56d34e-8c6f-4724-87ea-2af75b8602f5@group-140ACC3C17A4-LeaderElection2: Election REJECTED; received 2 response(s) [7a56d34e-8c6f-4724-87ea-2af75b8602f5<-79e66cc8-59fe-42e8-bb40-14ba8c87d26c#0:FAIL-t1, 7a56d34e-8c6f-4724-87ea-2af75b8602f5<-6b6ce235-1cdd-4c2c-bb94-0ad1e0e5c34c#0:FAIL-t1] and 0 exception(s); 7a56d34e-8c6f-4724-87ea-2af75b8602f5@group-140ACC3C17A4:t1, leader=null, voted=7a56d34e-8c6f-4724-87ea-2af75b8602f5, raftlog=7a56d34e-8c6f-4724-87ea-2af75b8602f5@group-140ACC3C17A4-SegmentedRaftLog:OPENED:c-1,f-1,i0, conf=-1: [79e66cc8-59fe-42e8-bb40-14ba8c87d26c:172.18.0.3:9858, 6b6ce235-1cdd-4c2c-bb94-0ad1e0e5c34c:172.18.0.4:9858, 7a56d34e-8c6f-4724-87ea-2af75b8602f5:172.18.0.6:9858], old=null
datanode_2  | 2019-11-15 19:34:37,852 INFO impl.RaftServerImpl: 6b6ce235-1cdd-4c2c-bb94-0ad1e0e5c34c@group-140ACC3C17A4: changes role from  FOLLOWER to CANDIDATE at term 0 for changeToCandidate
datanode_1  | 2019-11-15 19:34:38,111 INFO impl.RoleInfo: 79e66cc8-59fe-42e8-bb40-14ba8c87d26c: start FollowerState
s3g_1       | 	at org.glassfish.jersey.process.internal.RequestScope.runInScope(RequestScope.java:289)
om3_1       | 2019-11-15 19:37:03,436 ERROR multipart.S3MultipartUploadCompleteRequest: MultipartUpload Complete request failed for Key: multipartKey2 in Volume/Bucket s37c35ba70126b04fca007e4dbfab9c47c/bucket-21431
om1_1       | 2019-11-15 19:34:32,892 INFO impl.LeaderElection: om1@group-562213E44849-LeaderElection2: Election PASSED; received 2 response(s) [om1<-om3#0:OK-t2, om1<-om2#0:FAIL-t2] and 0 exception(s); om1@group-562213E44849:t2, leader=null, voted=om1, raftlog=om1@group-562213E44849-SegmentedRaftLog:OPENED:c-1,f-1,i0, conf=-1: [om1:om1:9872, om3:om3:9872, om2:om2:9872], old=null
om2_1       | 2019-11-15 19:34:32,895 INFO impl.RaftServerImpl: om2@group-562213E44849: changes role from CANDIDATE to FOLLOWER at term 2 for DISCOVERED_A_NEW_TERM
datanode_2  | 2019-11-15 19:34:37,852 INFO impl.RoleInfo: 6b6ce235-1cdd-4c2c-bb94-0ad1e0e5c34c: start LeaderElection
datanode_3  | 2019-11-15 19:34:38,110 INFO impl.RaftServerImpl: 7a56d34e-8c6f-4724-87ea-2af75b8602f5@group-140ACC3C17A4: changes role from CANDIDATE to FOLLOWER at term 1 for DISCOVERED_A_NEW_TERM
s3g_1       | 	at org.glassfish.jersey.server.ServerRuntime.process(ServerRuntime.java:256)
om3_1       | ENTITY_TOO_SMALL org.apache.hadoop.ozone.om.exceptions.OMException: Complete Multipart Upload Failed: Entity too small: volume: s37c35ba70126b04fca007e4dbfab9c47cbucket: bucket-21431key: multipartKey2
om1_1       | 2019-11-15 19:34:32,892 INFO impl.RoleInfo: om1: shutdown LeaderElection
om2_1       | 2019-11-15 19:34:32,895 INFO impl.RoleInfo: om2: shutdown LeaderElection
datanode_2  | 2019-11-15 19:34:37,882 INFO impl.LeaderElection: 6b6ce235-1cdd-4c2c-bb94-0ad1e0e5c34c@group-140ACC3C17A4-LeaderElection2: begin an election at term 1 for -1: [79e66cc8-59fe-42e8-bb40-14ba8c87d26c:172.18.0.3:9858, 6b6ce235-1cdd-4c2c-bb94-0ad1e0e5c34c:172.18.0.4:9858, 7a56d34e-8c6f-4724-87ea-2af75b8602f5:172.18.0.6:9858], old=null
datanode_1  | 2019-11-15 19:34:43,170 INFO impl.RaftServerImpl: 79e66cc8-59fe-42e8-bb40-14ba8c87d26c@group-140ACC3C17A4: changes role from  FOLLOWER to FOLLOWER at term 2 for recognizeCandidate:7a56d34e-8c6f-4724-87ea-2af75b8602f5
datanode_3  | 2019-11-15 19:34:38,110 INFO impl.RoleInfo: 7a56d34e-8c6f-4724-87ea-2af75b8602f5: shutdown LeaderElection
s3g_1       | 	at org.glassfish.jersey.server.ApplicationHandler.handle(ApplicationHandler.java:703)
om3_1       | 	at org.apache.hadoop.ozone.om.request.s3.multipart.S3MultipartUploadCompleteRequest.validateAndUpdateCache(S3MultipartUploadCompleteRequest.java:207)
om1_1       | 2019-11-15 19:34:32,893 INFO impl.RaftServerImpl: om1@group-562213E44849: changes role from CANDIDATE to LEADER at term 2 for changeToLeader
om2_1       | 2019-11-15 19:34:32,895 INFO impl.RoleInfo: om2: start FollowerState
datanode_1  | 2019-11-15 19:34:43,171 INFO impl.RoleInfo: 79e66cc8-59fe-42e8-bb40-14ba8c87d26c: shutdown FollowerState
datanode_3  | 2019-11-15 19:34:38,110 INFO impl.RoleInfo: 7a56d34e-8c6f-4724-87ea-2af75b8602f5: start FollowerState
datanode_2  | 2019-11-15 19:34:37,944 INFO segmented.SegmentedRaftLogWorker: 6b6ce235-1cdd-4c2c-bb94-0ad1e0e5c34c@group-4C7144778B9B-SegmentedRaftLogWorker: created new log segment /data/metadata/ratis/3939bba5-4335-40aa-a465-4c7144778b9b/current/log_inprogress_0
s3g_1       | 	at org.glassfish.jersey.servlet.WebComponent.serviceImpl(WebComponent.java:416)
om3_1       | 	at org.apache.hadoop.ozone.protocolPB.OzoneManagerHARequestHandlerImpl.handleApplyTransaction(OzoneManagerHARequestHandlerImpl.java:52)
om1_1       | 2019-11-15 19:34:32,893 INFO impl.RaftServerImpl: om1@group-562213E44849: change Leader from null to om1 at term 2 for becomeLeader, leader elected after 2901ms
om2_1       | 2019-11-15 19:34:32,989 INFO impl.RaftServerImpl: om2@group-562213E44849: change Leader from null to om1 at term 2 for appendEntries, leader elected after 2992ms
datanode_1  | 2019-11-15 19:34:43,171 INFO impl.FollowerState: 79e66cc8-59fe-42e8-bb40-14ba8c87d26c@group-140ACC3C17A4-FollowerState was interrupted: java.lang.InterruptedException: sleep interrupted
datanode_3  | 2019-11-15 19:34:43,121 INFO impl.FollowerState: 7a56d34e-8c6f-4724-87ea-2af75b8602f5@group-140ACC3C17A4-FollowerState: change to CANDIDATE, lastRpcTime:5010ms, electionTimeout:5010ms
datanode_2  | 2019-11-15 19:34:38,113 INFO impl.LeaderElection: 6b6ce235-1cdd-4c2c-bb94-0ad1e0e5c34c@group-140ACC3C17A4-LeaderElection2: Election REJECTED; received 2 response(s) [6b6ce235-1cdd-4c2c-bb94-0ad1e0e5c34c<-79e66cc8-59fe-42e8-bb40-14ba8c87d26c#0:FAIL-t1, 6b6ce235-1cdd-4c2c-bb94-0ad1e0e5c34c<-7a56d34e-8c6f-4724-87ea-2af75b8602f5#0:FAIL-t1] and 0 exception(s); 6b6ce235-1cdd-4c2c-bb94-0ad1e0e5c34c@group-140ACC3C17A4:t1, leader=null, voted=6b6ce235-1cdd-4c2c-bb94-0ad1e0e5c34c, raftlog=6b6ce235-1cdd-4c2c-bb94-0ad1e0e5c34c@group-140ACC3C17A4-SegmentedRaftLog:OPENED:c-1,f-1,i0, conf=-1: [79e66cc8-59fe-42e8-bb40-14ba8c87d26c:172.18.0.3:9858, 6b6ce235-1cdd-4c2c-bb94-0ad1e0e5c34c:172.18.0.4:9858, 7a56d34e-8c6f-4724-87ea-2af75b8602f5:172.18.0.6:9858], old=null
s3g_1       | 	at org.glassfish.jersey.servlet.WebComponent.service(WebComponent.java:370)
om3_1       | 	at org.apache.hadoop.ozone.om.ratis.OzoneManagerStateMachine.runCommand(OzoneManagerStateMachine.java:327)
om2_1       | 2019-11-15 19:34:33,026 INFO impl.RaftServerImpl: om2@group-562213E44849: set configuration 0: [om1:om1:9872, om3:om3:9872, om2:om2:9872], old=null at 0
om1_1       | 2019-11-15 19:34:32,897 INFO server.RaftServerConfigKeys: raft.server.staging.catchup.gap = 1000 (default)
datanode_1  | 2019-11-15 19:34:43,171 INFO impl.RoleInfo: 79e66cc8-59fe-42e8-bb40-14ba8c87d26c: start FollowerState
datanode_3  | 2019-11-15 19:34:43,122 INFO impl.RoleInfo: 7a56d34e-8c6f-4724-87ea-2af75b8602f5: shutdown FollowerState
datanode_2  | 2019-11-15 19:34:38,114 INFO impl.RaftServerImpl: 6b6ce235-1cdd-4c2c-bb94-0ad1e0e5c34c@group-140ACC3C17A4: changes role from CANDIDATE to FOLLOWER at term 1 for DISCOVERED_A_NEW_TERM
s3g_1       | 	at org.glassfish.jersey.servlet.ServletContainer.service(ServletContainer.java:389)
om3_1       | 	at org.apache.hadoop.ozone.om.ratis.OzoneManagerStateMachine.lambda$applyTransaction$1(OzoneManagerStateMachine.java:202)
om2_1       | 2019-11-15 19:34:33,031 INFO segmented.SegmentedRaftLogWorker: om2@group-562213E44849-SegmentedRaftLogWorker: Starting segment from index:0
om1_1       | 2019-11-15 19:34:32,897 INFO server.RaftServerConfigKeys: raft.server.rpc.sleep.time = 25ms (default)
datanode_1  | 2019-11-15 19:34:43,263 INFO ratis.XceiverServerRatis: Leader change notification received for group: group-140ACC3C17A4 with new leaderId: 7a56d34e-8c6f-4724-87ea-2af75b8602f5
datanode_3  | 2019-11-15 19:34:43,122 INFO impl.RaftServerImpl: 7a56d34e-8c6f-4724-87ea-2af75b8602f5@group-140ACC3C17A4: changes role from  FOLLOWER to CANDIDATE at term 1 for changeToCandidate
datanode_2  | 2019-11-15 19:34:38,114 INFO impl.RoleInfo: 6b6ce235-1cdd-4c2c-bb94-0ad1e0e5c34c: shutdown LeaderElection
s3g_1       | 	at org.glassfish.jersey.servlet.ServletContainer.service(ServletContainer.java:342)
om2_1       | 2019-11-15 19:34:33,140 INFO segmented.SegmentedRaftLogWorker: om2@group-562213E44849-SegmentedRaftLogWorker: created new log segment /data/metadata/ratis/fafe1b60-c241-37cc-98f4-562213e44849/current/log_inprogress_0
om1_1       | 2019-11-15 19:34:32,900 INFO server.RaftServerConfigKeys: raft.server.write.element-limit = 4096 (default)
datanode_1  | 2019-11-15 19:34:43,263 INFO impl.RaftServerImpl: 79e66cc8-59fe-42e8-bb40-14ba8c87d26c@group-140ACC3C17A4: change Leader from null to 7a56d34e-8c6f-4724-87ea-2af75b8602f5 at term 2 for appendEntries, leader elected after 10576ms
om3_1       | 	at java.base/java.util.concurrent.CompletableFuture$AsyncSupply.run(CompletableFuture.java:1700)
datanode_3  | 2019-11-15 19:34:43,122 INFO impl.RoleInfo: 7a56d34e-8c6f-4724-87ea-2af75b8602f5: start LeaderElection
datanode_2  | 2019-11-15 19:34:38,114 INFO impl.RoleInfo: 6b6ce235-1cdd-4c2c-bb94-0ad1e0e5c34c: start FollowerState
s3g_1       | 	at org.glassfish.jersey.servlet.ServletContainer.service(ServletContainer.java:229)
om2_1       | 2019-11-15 19:36:27,456 ERROR proto.OzoneManagerProtocolProtos$S3CreateBucketRequest: S3Bucket Creation Failed for userName: 7c35ba70126b04fca007e4dbfab9c47c, s3BucketName bucket-44485, VolumeName s37c35ba70126b04fca007e4dbfab9c47c
om1_1       | 2019-11-15 19:34:32,904 INFO server.RaftServerConfigKeys: raft.server.watch.timeout = 10s (default)
datanode_1  | 2019-11-15 19:34:43,281 INFO impl.RaftServerImpl: 79e66cc8-59fe-42e8-bb40-14ba8c87d26c@group-140ACC3C17A4: set configuration 0: [79e66cc8-59fe-42e8-bb40-14ba8c87d26c:172.18.0.3:9858, 6b6ce235-1cdd-4c2c-bb94-0ad1e0e5c34c:172.18.0.4:9858, 7a56d34e-8c6f-4724-87ea-2af75b8602f5:172.18.0.6:9858], old=null at 0
om3_1       | 	at java.base/java.util.concurrent.ThreadPoolExecutor.runWorker(ThreadPoolExecutor.java:1128)
datanode_3  | 2019-11-15 19:34:43,145 INFO impl.LeaderElection: 7a56d34e-8c6f-4724-87ea-2af75b8602f5@group-140ACC3C17A4-LeaderElection3: begin an election at term 2 for -1: [79e66cc8-59fe-42e8-bb40-14ba8c87d26c:172.18.0.3:9858, 6b6ce235-1cdd-4c2c-bb94-0ad1e0e5c34c:172.18.0.4:9858, 7a56d34e-8c6f-4724-87ea-2af75b8602f5:172.18.0.6:9858], old=null
datanode_2  | 2019-11-15 19:34:43,170 INFO impl.RaftServerImpl: 6b6ce235-1cdd-4c2c-bb94-0ad1e0e5c34c@group-140ACC3C17A4: changes role from  FOLLOWER to FOLLOWER at term 2 for recognizeCandidate:7a56d34e-8c6f-4724-87ea-2af75b8602f5
s3g_1       | 	at org.eclipse.jetty.servlet.ServletHolder.handle(ServletHolder.java:840)
om2_1       | 2019-11-15 19:37:01,840 INFO segmented.SegmentedRaftLogWorker: om2@group-562213E44849-SegmentedRaftLogWorker: Rolling segment log-0_56 to index:56
om1_1       | 2019-11-15 19:34:32,905 INFO server.RaftServerConfigKeys: raft.server.watch.timeout.denomination = 1s (default)
datanode_1  | 2019-11-15 19:34:43,281 INFO segmented.SegmentedRaftLogWorker: 79e66cc8-59fe-42e8-bb40-14ba8c87d26c@group-140ACC3C17A4-SegmentedRaftLogWorker: Starting segment from index:0
om3_1       | 	at java.base/java.util.concurrent.ThreadPoolExecutor$Worker.run(ThreadPoolExecutor.java:628)
datanode_3  | 2019-11-15 19:34:43,192 INFO impl.LeaderElection: 7a56d34e-8c6f-4724-87ea-2af75b8602f5@group-140ACC3C17A4-LeaderElection3: Election PASSED; received 1 response(s) [7a56d34e-8c6f-4724-87ea-2af75b8602f5<-79e66cc8-59fe-42e8-bb40-14ba8c87d26c#0:OK-t2] and 0 exception(s); 7a56d34e-8c6f-4724-87ea-2af75b8602f5@group-140ACC3C17A4:t2, leader=null, voted=7a56d34e-8c6f-4724-87ea-2af75b8602f5, raftlog=7a56d34e-8c6f-4724-87ea-2af75b8602f5@group-140ACC3C17A4-SegmentedRaftLog:OPENED:c-1,f-1,i0, conf=-1: [79e66cc8-59fe-42e8-bb40-14ba8c87d26c:172.18.0.3:9858, 6b6ce235-1cdd-4c2c-bb94-0ad1e0e5c34c:172.18.0.4:9858, 7a56d34e-8c6f-4724-87ea-2af75b8602f5:172.18.0.6:9858], old=null
datanode_2  | 2019-11-15 19:34:43,170 INFO impl.RoleInfo: 6b6ce235-1cdd-4c2c-bb94-0ad1e0e5c34c: shutdown FollowerState
s3g_1       | 	at org.eclipse.jetty.servlet.ServletHandler$CachedChain.doFilter(ServletHandler.java:1780)
om2_1       | 2019-11-15 19:37:01,914 INFO segmented.SegmentedRaftLogWorker: om2@group-562213E44849-SegmentedRaftLogWorker: Rolled log segment from /data/metadata/ratis/fafe1b60-c241-37cc-98f4-562213e44849/current/log_inprogress_0 to /data/metadata/ratis/fafe1b60-c241-37cc-98f4-562213e44849/current/log_0-56
om1_1       | 2019-11-15 19:34:32,906 INFO server.RaftServerConfigKeys: raft.server.watch.element-limit = 65536 (default)
om3_1       | 	at java.base/java.lang.Thread.run(Thread.java:834)
datanode_3  | 2019-11-15 19:34:43,192 INFO impl.RoleInfo: 7a56d34e-8c6f-4724-87ea-2af75b8602f5: shutdown LeaderElection
datanode_1  | 2019-11-15 19:34:43,317 INFO segmented.SegmentedRaftLogWorker: 79e66cc8-59fe-42e8-bb40-14ba8c87d26c@group-140ACC3C17A4-SegmentedRaftLogWorker: created new log segment /data/metadata/ratis/96b25177-3163-491f-8b48-140acc3c17a4/current/log_inprogress_0
datanode_2  | 2019-11-15 19:34:43,170 INFO impl.FollowerState: 6b6ce235-1cdd-4c2c-bb94-0ad1e0e5c34c@group-140ACC3C17A4-FollowerState was interrupted: java.lang.InterruptedException: sleep interrupted
s3g_1       | 	at org.apache.hadoop.http.HttpServer2$QuotingInputFilter.doFilter(HttpServer2.java:1609)
om1_1       | 2019-11-15 19:34:32,918 INFO server.RaftServerConfigKeys: raft.server.log.appender.snapshot.chunk.size.max = 16MB (=16777216) (default)
om3_1       | 2019-11-15 19:37:07,350 ERROR multipart.S3MultipartUploadCompleteRequest: Complete MultipartUpload failed for key /s37c35ba70126b04fca007e4dbfab9c47c/bucket-21431/multipartKey3 , MPU Key has no parts in OM, parts given to upload are [partNumber: 1
om2_1       | 2019-11-15 19:37:01,936 INFO segmented.SegmentedRaftLogWorker: om2@group-562213E44849-SegmentedRaftLogWorker: created new log segment /data/metadata/ratis/fafe1b60-c241-37cc-98f4-562213e44849/current/log_inprogress_57
datanode_3  | 2019-11-15 19:34:43,192 INFO impl.RaftServerImpl: 7a56d34e-8c6f-4724-87ea-2af75b8602f5@group-140ACC3C17A4: changes role from CANDIDATE to LEADER at term 2 for changeToLeader
datanode_1  | 2019-11-15 19:36:16,564 WARN server.GrpcServerProtocolService: 79e66cc8-59fe-42e8-bb40-14ba8c87d26c: installSnapshot onError, lastRequest: 7a56d34e-8c6f-4724-87ea-2af75b8602f5->79e66cc8-59fe-42e8-bb40-14ba8c87d26c#39-t2, previous=(t:2, i:2), leaderCommit=0, initializing? false, entries: <empty>: org.apache.ratis.thirdparty.io.grpc.StatusRuntimeException: CANCELLED: cancelled before receiving half close
datanode_2  | 2019-11-15 19:34:43,170 INFO impl.RoleInfo: 6b6ce235-1cdd-4c2c-bb94-0ad1e0e5c34c: start FollowerState
s3g_1       | 	at org.eclipse.jetty.servlet.ServletHandler$CachedChain.doFilter(ServletHandler.java:1767)
om1_1       | 2019-11-15 19:34:32,918 INFO server.RaftServerConfigKeys: raft.server.log.appender.buffer.byte-limit = 33554432 (custom)
om3_1       | partName: "etag1"
om2_1       | 2019-11-15 19:37:03,436 ERROR multipart.S3MultipartUploadCompleteRequest: MultipartUpload: /s37c35ba70126b04fca007e4dbfab9c47c/bucket-21431/multipartKey2Part number: 1size 6 is less than minimum part size 5242880
datanode_1  | Nov 15, 2019 7:36:16 PM org.apache.ratis.thirdparty.io.grpc.internal.SerializingExecutor run
datanode_3  | 2019-11-15 19:34:43,192 INFO ratis.XceiverServerRatis: Leader change notification received for group: group-140ACC3C17A4 with new leaderId: 7a56d34e-8c6f-4724-87ea-2af75b8602f5
datanode_2  | 2019-11-15 19:34:43,260 INFO ratis.XceiverServerRatis: Leader change notification received for group: group-140ACC3C17A4 with new leaderId: 7a56d34e-8c6f-4724-87ea-2af75b8602f5
s3g_1       | 	at org.apache.hadoop.http.NoCacheFilter.doFilter(NoCacheFilter.java:45)
om1_1       | 2019-11-15 19:34:32,919 INFO server.RaftServerConfigKeys: raft.server.log.appender.buffer.element-limit = 1024 (custom)
om3_1       | , partNumber: 2
om2_1       | 2019-11-15 19:37:03,439 ERROR multipart.S3MultipartUploadCompleteRequest: MultipartUpload Complete request failed for Key: multipartKey2 in Volume/Bucket s37c35ba70126b04fca007e4dbfab9c47c/bucket-21431
datanode_1  | SEVERE: Exception while executing runnable org.apache.ratis.thirdparty.io.grpc.internal.ServerImpl$JumpToApplicationThreadServerStreamListener$1Closed@6550e241
datanode_3  | 2019-11-15 19:34:43,193 INFO impl.RaftServerImpl: 7a56d34e-8c6f-4724-87ea-2af75b8602f5@group-140ACC3C17A4: change Leader from null to 7a56d34e-8c6f-4724-87ea-2af75b8602f5 at term 2 for becomeLeader, leader elected after 10657ms
datanode_2  | 2019-11-15 19:34:43,260 INFO impl.RaftServerImpl: 6b6ce235-1cdd-4c2c-bb94-0ad1e0e5c34c@group-140ACC3C17A4: change Leader from null to 7a56d34e-8c6f-4724-87ea-2af75b8602f5 at term 2 for appendEntries, leader elected after 10559ms
s3g_1       | 	at org.eclipse.jetty.servlet.ServletHandler$CachedChain.doFilter(ServletHandler.java:1767)
om3_1       | partName: "etag2"
om1_1       | 2019-11-15 19:34:32,922 INFO grpc.GrpcConfigKeys$Server: raft.grpc.server.leader.outstanding.appends.max = 128 (default)
om2_1       | ENTITY_TOO_SMALL org.apache.hadoop.ozone.om.exceptions.OMException: Complete Multipart Upload Failed: Entity too small: volume: s37c35ba70126b04fca007e4dbfab9c47cbucket: bucket-21431key: multipartKey2
datanode_1  | org.apache.ratis.thirdparty.io.grpc.StatusRuntimeException: CANCELLED: call already cancelled
datanode_3  | 2019-11-15 19:34:43,193 INFO server.RaftServerConfigKeys: raft.server.staging.catchup.gap = 1000 (default)
datanode_2  | 2019-11-15 19:34:43,278 INFO impl.RaftServerImpl: 6b6ce235-1cdd-4c2c-bb94-0ad1e0e5c34c@group-140ACC3C17A4: set configuration 0: [79e66cc8-59fe-42e8-bb40-14ba8c87d26c:172.18.0.3:9858, 6b6ce235-1cdd-4c2c-bb94-0ad1e0e5c34c:172.18.0.4:9858, 7a56d34e-8c6f-4724-87ea-2af75b8602f5:172.18.0.6:9858], old=null at 0
s3g_1       | 	at org.eclipse.jetty.servlet.ServletHandler.doHandle(ServletHandler.java:583)
om3_1       | ]
om1_1       | 2019-11-15 19:34:32,922 INFO server.RaftServerConfigKeys: raft.server.rpc.request.timeout = 3000ms (default)
om2_1       | 	at org.apache.hadoop.ozone.om.request.s3.multipart.S3MultipartUploadCompleteRequest.validateAndUpdateCache(S3MultipartUploadCompleteRequest.java:207)
datanode_1  | 	at org.apache.ratis.thirdparty.io.grpc.Status.asRuntimeException(Status.java:517)
datanode_3  | 2019-11-15 19:34:43,193 INFO server.RaftServerConfigKeys: raft.server.rpc.sleep.time = 25ms (default)
datanode_2  | 2019-11-15 19:34:43,278 INFO segmented.SegmentedRaftLogWorker: 6b6ce235-1cdd-4c2c-bb94-0ad1e0e5c34c@group-140ACC3C17A4-SegmentedRaftLogWorker: Starting segment from index:0
s3g_1       | 	at org.eclipse.jetty.server.handler.ScopedHandler.handle(ScopedHandler.java:143)
om3_1       | 2019-11-15 19:37:07,351 ERROR multipart.S3MultipartUploadCompleteRequest: MultipartUpload Complete request failed for Key: multipartKey3 in Volume/Bucket s37c35ba70126b04fca007e4dbfab9c47c/bucket-21431
