datanode_1  | 2019-10-25 21:05:48,111 INFO server.RaftServerConfigKeys: raft.server.log.segment.size.max = 1048576 (custom)
kdc_1       | Principal "dn/2fb3c1933529@EXAMPLE.COM" created.
om_1        | 2019-10-25 21:06:27,210 INFO authorize.ServiceAuthorizationManager: Authorization successful for testuser/scm@EXAMPLE.COM (auth:KERBEROS) for protocol=interface org.apache.hadoop.ozone.om.protocol.OzoneManagerProtocol
scm_1       | 2019-10-25 21:07:41,265 INFO ipc.Server: Auth successful for dn/583b056fefa5@EXAMPLE.COM (auth:KERBEROS)
datanode_2  | 2019-10-25 21:05:48,125 INFO server.RaftServerConfigKeys: raft.server.log.statemachine.data.sync = true (default)
datanode_3  | 2019-10-25 21:05:48,098 INFO server.RaftServerConfigKeys: raft.server.log.segment.size.max = 1048576 (custom)
s3g_1       | 2019-10-25 21:12:51,964 WARN ipc.Client: Exception encountered while connecting to the server : org.apache.hadoop.ipc.RemoteException(org.apache.hadoop.security.token.SecretManager$InvalidToken): No S3 secret found for S3 identifier:OzoneToken owner=dlfknslnfslf, renewer=, realUser=, issueDate=0, maxDate=0, sequenceNumber=0, masterKeyId=0, strToSign=AWS4-HMAC-SHA256
datanode_1  | 2019-10-25 21:05:48,112 INFO server.RaftServerConfigKeys: raft.server.log.segment.cache.num.max = 2 (custom)
kdc_1       | Authenticating as principal admin/admin with keytab /tmp/admin.keytab.
om_1        | 2019-10-25 21:06:30,121 INFO ipc.Server: Auth successful for testuser/scm@EXAMPLE.COM (auth:KERBEROS)
scm_1       | 2019-10-25 21:07:41,268 INFO authorize.ServiceAuthorizationManager: Authorization successful for dn/583b056fefa5@EXAMPLE.COM (auth:KERBEROS) for protocol=interface org.apache.hadoop.ozone.protocol.StorageContainerDatanodeProtocol
datanode_3  | 2019-10-25 21:05:48,098 INFO server.RaftServerConfigKeys: raft.server.log.preallocated.size = 16384 (custom)
s3g_1       | 20191025T211251Z
datanode_1  | 2019-10-25 21:05:48,112 INFO segmented.SegmentedRaftLogWorker: new a1ecd510-825d-4216-b785-162ddf2e35f1@group-C511E03E729B-SegmentedRaftLogWorker for RaftStorage:Storage Directory /data/metadata/ratis/97c24678-5d1a-48d4-87f7-c511e03e729b
kdc_1       | Entry for principal dn/2fb3c1933529@EXAMPLE.COM with kvno 2, encryption type aes256-cts-hmac-sha1-96 added to keytab WRFILE:/data/dn.2fb3c1933529.keytab.
om_1        | 2019-10-25 21:06:30,133 INFO authorize.ServiceAuthorizationManager: Authorization successful for testuser/scm@EXAMPLE.COM (auth:KERBEROS) for protocol=interface org.apache.hadoop.ozone.om.protocol.OzoneManagerProtocol
scm_1       | 2019-10-25 21:07:45,221 INFO ipc.Server: Auth successful for om/om@EXAMPLE.COM (auth:KERBEROS)
datanode_2  | 2019-10-25 21:05:48,125 INFO server.RaftServerConfigKeys: raft.server.log.statemachine.data.sync.timeout = 10s (default)
datanode_3  | 2019-10-25 21:05:48,098 INFO server.RaftServerConfigKeys: raft.server.log.write.buffer.size = 33554432 (custom)
s3g_1       | 20191025/us-west-1/s3/aws4_request
datanode_1  | 2019-10-25 21:05:48,112 INFO server.RaftServerConfigKeys: raft.server.log.queue.byte-limit = 2147483647 (custom)
kdc_1       | Entry for principal dn/2fb3c1933529@EXAMPLE.COM with kvno 2, encryption type aes128-cts-hmac-sha1-96 added to keytab WRFILE:/data/dn.2fb3c1933529.keytab.
om_1        | 2019-10-25 21:06:32,917 INFO ipc.Server: Auth successful for testuser/scm@EXAMPLE.COM (auth:KERBEROS)
scm_1       | 2019-10-25 21:07:45,225 INFO authorize.ServiceAuthorizationManager: Authorization successful for om/om@EXAMPLE.COM (auth:KERBEROS) for protocol=interface org.apache.hadoop.hdds.scm.protocol.ScmBlockLocationProtocol
datanode_2  | 2019-10-25 21:05:48,125 INFO server.RaftServerConfigKeys: raft.server.log.statemachine.data.sync.timeout.retry = -1 (default)
datanode_3  | 2019-10-25 21:05:48,098 INFO server.RaftServerConfigKeys: raft.server.log.force.sync.num = 128 (default)
s3g_1       | b375145b1d7f894f5652ab1a3839ff49d27f7e8f8339ed2ba290c9164b4c011a, signature=85a230e2052a7d9267673c80fc06b99400468664912bf96c40ec99a36afbb1e5, awsAccessKeyId=dlfknslnfslf
kdc_1       | Generiting keytab
om_1        | 2019-10-25 21:06:32,933 INFO authorize.ServiceAuthorizationManager: Authorization successful for testuser/scm@EXAMPLE.COM (auth:KERBEROS) for protocol=interface org.apache.hadoop.ozone.om.protocol.OzoneManagerProtocol
scm_1       | 2019-10-25 21:07:45,242 INFO server.SCMBlockProtocolServer: SCM is informed by OM to delete 1 blocks
datanode_2  | 2019-10-25 21:05:48,126 INFO server.RaftServerConfigKeys: raft.server.log.statemachine.data.caching.enabled = true (custom)
datanode_3  | 2019-10-25 21:05:48,098 INFO server.RaftServerConfigKeys: raft.server.log.statemachine.data.sync = true (default)
datanode_1  | 2019-10-25 21:05:48,112 INFO server.RaftServerConfigKeys: raft.server.log.queue.element-limit = 1024 (custom)
s3g_1       | 2019-10-25 21:12:51,966 INFO retry.RetryInvocationHandler: com.google.protobuf.ServiceException: org.apache.hadoop.ipc.RemoteException(org.apache.hadoop.security.token.SecretManager$InvalidToken): No S3 secret found for S3 identifier:OzoneToken owner=dlfknslnfslf, renewer=, realUser=, issueDate=0, maxDate=0, sequenceNumber=0, masterKeyId=0, strToSign=AWS4-HMAC-SHA256
kdc_1       | Authenticating as principal admin/admin with keytab /tmp/admin.keytab.
om_1        | 2019-10-25 21:06:35,815 INFO ipc.Server: Auth successful for testuser/scm@EXAMPLE.COM (auth:KERBEROS)
scm_1       | 2019-10-25 21:07:45,243 INFO block.BlockManagerImpl: Deleting blocks conID: 4 locID: 103025056119128189 bcsId: 0
datanode_2  | 2019-10-25 21:05:48,126 INFO segmented.SegmentedRaftLogWorker: fc6e6a08-8e20-4de4-908e-9e2c569c9283@group-C511E03E729B-SegmentedRaftLogWorker: flushIndex: setUnconditionally 0 -> -1
datanode_3  | 2019-10-25 21:05:48,098 INFO server.RaftServerConfigKeys: raft.server.log.statemachine.data.sync.timeout = 10s (default)
datanode_1  | 2019-10-25 21:05:48,112 INFO server.RaftServerConfigKeys: raft.server.log.segment.size.max = 1048576 (custom)
s3g_1       | 20191025T211251Z
kdc_1       | WARNING: no policy specified for om/e733f8197e6c@EXAMPLE.COM; defaulting to no policy
om_1        | 2019-10-25 21:06:35,828 INFO authorize.ServiceAuthorizationManager: Authorization successful for testuser/scm@EXAMPLE.COM (auth:KERBEROS) for protocol=interface org.apache.hadoop.ozone.om.protocol.OzoneManagerProtocol
scm_1       | 2019-10-25 21:07:47,659 INFO ipc.Server: Auth successful for dn/2fb3c1933529@EXAMPLE.COM (auth:KERBEROS)
datanode_2  | 2019-10-25 21:05:48,126 INFO server.RaftServerConfigKeys: raft.server.snapshot.auto.trigger.enabled = true (custom)
datanode_3  | 2019-10-25 21:05:48,098 INFO server.RaftServerConfigKeys: raft.server.log.statemachine.data.sync.timeout.retry = -1 (default)
datanode_1  | 2019-10-25 21:05:48,112 INFO server.RaftServerConfigKeys: raft.server.log.preallocated.size = 16384 (custom)
s3g_1       | 20191025/us-west-1/s3/aws4_request
kdc_1       | Principal "om/e733f8197e6c@EXAMPLE.COM" created.
om_1        | 2019-10-25 21:06:38,557 INFO ipc.Server: Auth successful for testuser/scm@EXAMPLE.COM (auth:KERBEROS)
scm_1       | 2019-10-25 21:07:47,663 INFO authorize.ServiceAuthorizationManager: Authorization successful for dn/2fb3c1933529@EXAMPLE.COM (auth:KERBEROS) for protocol=interface org.apache.hadoop.ozone.protocol.StorageContainerDatanodeProtocol
datanode_2  | 2019-10-25 21:05:48,126 INFO server.RaftServerConfigKeys: raft.server.snapshot.auto.trigger.threshold = 10000 (custom)
datanode_3  | 2019-10-25 21:05:48,099 INFO server.RaftServerConfigKeys: raft.server.log.statemachine.data.caching.enabled = true (custom)
datanode_1  | 2019-10-25 21:05:48,112 INFO server.RaftServerConfigKeys: raft.server.log.write.buffer.size = 33554432 (custom)
kdc_1       | Authenticating as principal admin/admin with keytab /tmp/admin.keytab.
om_1        | 2019-10-25 21:06:38,573 INFO authorize.ServiceAuthorizationManager: Authorization successful for testuser/scm@EXAMPLE.COM (auth:KERBEROS) for protocol=interface org.apache.hadoop.ozone.om.protocol.OzoneManagerProtocol
scm_1       | 2019-10-25 21:07:56,395 INFO ipc.Server: Auth successful for dn/e733f8197e6c@EXAMPLE.COM (auth:KERBEROS)
s3g_1       | b375145b1d7f894f5652ab1a3839ff49d27f7e8f8339ed2ba290c9164b4c011a, signature=85a230e2052a7d9267673c80fc06b99400468664912bf96c40ec99a36afbb1e5, awsAccessKeyId=dlfknslnfslf, while invoking $Proxy83.submitRequest over nodeId=null,nodeAddress=om:9862 after 15 failover attempts. Trying to failover immediately.
datanode_2  | 2019-10-25 21:05:48,126 INFO server.RaftServerConfigKeys: raft.server.snapshot.retention.file.num = 5 (custom)
datanode_3  | 2019-10-25 21:05:48,099 INFO segmented.SegmentedRaftLogWorker: 7e12b7c6-3866-4231-aa5e-fcd5dbf3580f@group-C511E03E729B-SegmentedRaftLogWorker: flushIndex: setUnconditionally 0 -> -1
datanode_1  | 2019-10-25 21:05:48,112 INFO server.RaftServerConfigKeys: raft.server.log.force.sync.num = 128 (default)
kdc_1       | Entry for principal om/e733f8197e6c@EXAMPLE.COM with kvno 2, encryption type aes256-cts-hmac-sha1-96 added to keytab WRFILE:/data/om.e733f8197e6c.keytab.
om_1        | 2019-10-25 21:06:43,888 INFO ipc.Server: Auth successful for testuser/scm@EXAMPLE.COM (auth:KERBEROS)
s3g_1       | 2019-10-25 21:12:51,973 WARN ipc.Client: Exception encountered while connecting to the server : org.apache.hadoop.ipc.RemoteException(org.apache.hadoop.security.token.SecretManager$InvalidToken): No S3 secret found for S3 identifier:OzoneToken owner=dlfknslnfslf, renewer=, realUser=, issueDate=0, maxDate=0, sequenceNumber=0, masterKeyId=0, strToSign=AWS4-HMAC-SHA256
scm_1       | 2019-10-25 21:07:56,399 INFO authorize.ServiceAuthorizationManager: Authorization successful for dn/e733f8197e6c@EXAMPLE.COM (auth:KERBEROS) for protocol=interface org.apache.hadoop.ozone.protocol.StorageContainerDatanodeProtocol
datanode_2  | 2019-10-25 21:05:48,127 INFO server.RaftServerConfigKeys: raft.server.retrycache.expirytime = 600000ms (custom)
datanode_3  | 2019-10-25 21:05:48,099 INFO server.RaftServerConfigKeys: raft.server.snapshot.auto.trigger.enabled = true (custom)
datanode_1  | 2019-10-25 21:05:48,112 INFO server.RaftServerConfigKeys: raft.server.log.statemachine.data.sync = true (default)
kdc_1       | Entry for principal om/e733f8197e6c@EXAMPLE.COM with kvno 2, encryption type aes128-cts-hmac-sha1-96 added to keytab WRFILE:/data/om.e733f8197e6c.keytab.
om_1        | 2019-10-25 21:06:43,903 INFO authorize.ServiceAuthorizationManager: Authorization successful for testuser/scm@EXAMPLE.COM (auth:KERBEROS) for protocol=interface org.apache.hadoop.ozone.om.protocol.OzoneManagerProtocol
s3g_1       | 20191025T211251Z
datanode_2  | 2019-10-25 21:05:48,130 INFO impl.RaftServerImpl: fc6e6a08-8e20-4de4-908e-9e2c569c9283@group-C511E03E729B: start as a follower, conf=-1: [a1ecd510-825d-4216-b785-162ddf2e35f1:172.18.0.10:9858, fc6e6a08-8e20-4de4-908e-9e2c569c9283:172.18.0.8:9858, 7e12b7c6-3866-4231-aa5e-fcd5dbf3580f:172.18.0.7:9858], old=null
datanode_3  | 2019-10-25 21:05:48,099 INFO server.RaftServerConfigKeys: raft.server.snapshot.auto.trigger.threshold = 10000 (custom)
datanode_1  | 2019-10-25 21:05:48,112 INFO server.RaftServerConfigKeys: raft.server.log.statemachine.data.sync.timeout = 10s (default)
kdc_1       | Generiting keytab
scm_1       | 2019-10-25 21:08:11,267 INFO ipc.Server: Auth successful for dn/583b056fefa5@EXAMPLE.COM (auth:KERBEROS)
om_1        | 2019-10-25 21:06:48,513 INFO ipc.Server: Auth successful for testuser/scm@EXAMPLE.COM (auth:KERBEROS)
s3g_1       | 20191025/us-west-1/s3/aws4_request
datanode_2  | 2019-10-25 21:05:48,130 INFO impl.RaftServerImpl: fc6e6a08-8e20-4de4-908e-9e2c569c9283@group-C511E03E729B: changes role from      null to FOLLOWER at term 0 for startAsFollower
datanode_1  | 2019-10-25 21:05:48,113 INFO server.RaftServerConfigKeys: raft.server.log.statemachine.data.sync.timeout.retry = -1 (default)
kdc_1       | Authenticating as principal admin/admin with keytab /tmp/admin.keytab.
om_1        | 2019-10-25 21:06:48,528 INFO authorize.ServiceAuthorizationManager: Authorization successful for testuser/scm@EXAMPLE.COM (auth:KERBEROS) for protocol=interface org.apache.hadoop.ozone.om.protocol.OzoneManagerProtocol
scm_1       | 2019-10-25 21:08:11,270 INFO authorize.ServiceAuthorizationManager: Authorization successful for dn/583b056fefa5@EXAMPLE.COM (auth:KERBEROS) for protocol=interface org.apache.hadoop.ozone.protocol.StorageContainerDatanodeProtocol
datanode_3  | 2019-10-25 21:05:48,100 INFO server.RaftServerConfigKeys: raft.server.snapshot.retention.file.num = 5 (custom)
s3g_1       | b375145b1d7f894f5652ab1a3839ff49d27f7e8f8339ed2ba290c9164b4c011a, signature=85a230e2052a7d9267673c80fc06b99400468664912bf96c40ec99a36afbb1e5, awsAccessKeyId=dlfknslnfslf
datanode_2  | 2019-10-25 21:05:48,130 INFO impl.RoleInfo: fc6e6a08-8e20-4de4-908e-9e2c569c9283: start FollowerState
datanode_1  | 2019-10-25 21:05:48,113 INFO server.RaftServerConfigKeys: raft.server.log.statemachine.data.caching.enabled = true (custom)
kdc_1       | WARNING: no policy specified for om/583b056fefa5@EXAMPLE.COM; defaulting to no policy
om_1        | 2019-10-25 21:06:51,514 INFO ipc.Server: Auth successful for testuser/scm@EXAMPLE.COM (auth:KERBEROS)
scm_1       | 2019-10-25 21:08:17,651 INFO ipc.Server: Auth successful for dn/2fb3c1933529@EXAMPLE.COM (auth:KERBEROS)
datanode_3  | 2019-10-25 21:05:48,100 INFO server.RaftServerConfigKeys: raft.server.retrycache.expirytime = 600000ms (custom)
s3g_1       | 2019-10-25 21:12:51,974 [qtp359368949-27] ERROR      - Failed to connect to OMs: [nodeId=null,nodeAddress=om:9862]. Attempted 15 failovers.
datanode_2  | 2019-10-25 21:05:48,131 INFO util.JmxRegister: Successfully registered JMX Bean with object name Ratis:service=RaftServer,group=group-C511E03E729B,id=fc6e6a08-8e20-4de4-908e-9e2c569c9283
datanode_1  | 2019-10-25 21:05:48,113 INFO segmented.SegmentedRaftLogWorker: a1ecd510-825d-4216-b785-162ddf2e35f1@group-C511E03E729B-SegmentedRaftLogWorker: flushIndex: setUnconditionally 0 -> -1
kdc_1       | Principal "om/583b056fefa5@EXAMPLE.COM" created.
scm_1       | 2019-10-25 21:08:17,655 INFO authorize.ServiceAuthorizationManager: Authorization successful for dn/2fb3c1933529@EXAMPLE.COM (auth:KERBEROS) for protocol=interface org.apache.hadoop.ozone.protocol.StorageContainerDatanodeProtocol
om_1        | 2019-10-25 21:06:51,528 INFO authorize.ServiceAuthorizationManager: Authorization successful for testuser/scm@EXAMPLE.COM (auth:KERBEROS) for protocol=interface org.apache.hadoop.ozone.om.protocol.OzoneManagerProtocol
datanode_3  | 2019-10-25 21:05:48,103 INFO impl.RaftServerImpl: 7e12b7c6-3866-4231-aa5e-fcd5dbf3580f@group-C511E03E729B: start as a follower, conf=-1: [a1ecd510-825d-4216-b785-162ddf2e35f1:172.18.0.10:9858, fc6e6a08-8e20-4de4-908e-9e2c569c9283:172.18.0.8:9858, 7e12b7c6-3866-4231-aa5e-fcd5dbf3580f:172.18.0.7:9858], old=null
s3g_1       | 2019-10-25 21:12:51,978 [qtp359368949-27] ERROR      - Couldn't create RpcClient protocol exception: 
datanode_2  | 2019-10-25 21:05:48,184 INFO impl.FollowerState: fc6e6a08-8e20-4de4-908e-9e2c569c9283@group-C511E03E729B-FollowerState: change to CANDIDATE, lastRpcTime:53ms, electionTimeout:53ms
datanode_1  | 2019-10-25 21:05:48,114 INFO server.RaftServerConfigKeys: raft.server.snapshot.auto.trigger.enabled = true (custom)
kdc_1       | Authenticating as principal admin/admin with keytab /tmp/admin.keytab.
scm_1       | 2019-10-25 21:08:26,400 INFO ipc.Server: Auth successful for dn/e733f8197e6c@EXAMPLE.COM (auth:KERBEROS)
om_1        | 2019-10-25 21:06:54,403 INFO ipc.Server: Auth successful for testuser/scm@EXAMPLE.COM (auth:KERBEROS)
datanode_3  | 2019-10-25 21:05:48,104 INFO impl.RaftServerImpl: 7e12b7c6-3866-4231-aa5e-fcd5dbf3580f@group-C511E03E729B: changes role from      null to FOLLOWER at term 0 for startAsFollower
s3g_1       | org.apache.hadoop.ipc.RemoteException(org.apache.hadoop.security.token.SecretManager$InvalidToken): No S3 secret found for S3 identifier:OzoneToken owner=dlfknslnfslf, renewer=, realUser=, issueDate=0, maxDate=0, sequenceNumber=0, masterKeyId=0, strToSign=AWS4-HMAC-SHA256
datanode_2  | 2019-10-25 21:05:48,184 INFO impl.RoleInfo: fc6e6a08-8e20-4de4-908e-9e2c569c9283: shutdown FollowerState
datanode_1  | 2019-10-25 21:05:48,114 INFO server.RaftServerConfigKeys: raft.server.snapshot.auto.trigger.threshold = 10000 (custom)
kdc_1       | Entry for principal om/583b056fefa5@EXAMPLE.COM with kvno 2, encryption type aes256-cts-hmac-sha1-96 added to keytab WRFILE:/data/om.583b056fefa5.keytab.
scm_1       | 2019-10-25 21:08:26,404 INFO authorize.ServiceAuthorizationManager: Authorization successful for dn/e733f8197e6c@EXAMPLE.COM (auth:KERBEROS) for protocol=interface org.apache.hadoop.ozone.protocol.StorageContainerDatanodeProtocol
om_1        | 2019-10-25 21:06:54,416 INFO authorize.ServiceAuthorizationManager: Authorization successful for testuser/scm@EXAMPLE.COM (auth:KERBEROS) for protocol=interface org.apache.hadoop.ozone.om.protocol.OzoneManagerProtocol
datanode_3  | 2019-10-25 21:05:48,104 INFO impl.RoleInfo: 7e12b7c6-3866-4231-aa5e-fcd5dbf3580f: start FollowerState
s3g_1       | 20191025T211251Z
datanode_2  | 2019-10-25 21:05:48,185 INFO impl.RaftServerImpl: fc6e6a08-8e20-4de4-908e-9e2c569c9283@group-C511E03E729B: changes role from  FOLLOWER to CANDIDATE at term 0 for changeToCandidate
kdc_1       | Entry for principal om/583b056fefa5@EXAMPLE.COM with kvno 2, encryption type aes128-cts-hmac-sha1-96 added to keytab WRFILE:/data/om.583b056fefa5.keytab.
datanode_1  | 2019-10-25 21:05:48,114 INFO server.RaftServerConfigKeys: raft.server.snapshot.retention.file.num = 5 (custom)
scm_1       | 2019-10-25 21:08:41,271 INFO ipc.Server: Auth successful for dn/583b056fefa5@EXAMPLE.COM (auth:KERBEROS)
om_1        | 2019-10-25 21:06:57,213 INFO ipc.Server: Auth successful for testuser/scm@EXAMPLE.COM (auth:KERBEROS)
datanode_3  | 2019-10-25 21:05:48,104 INFO util.JmxRegister: Successfully registered JMX Bean with object name Ratis:service=RaftServer,group=group-C511E03E729B,id=7e12b7c6-3866-4231-aa5e-fcd5dbf3580f
s3g_1       | 20191025/us-west-1/s3/aws4_request
datanode_2  | 2019-10-25 21:05:48,185 INFO impl.RoleInfo: fc6e6a08-8e20-4de4-908e-9e2c569c9283: start LeaderElection
datanode_1  | 2019-10-25 21:05:48,114 INFO server.RaftServerConfigKeys: raft.server.retrycache.expirytime = 600000ms (custom)
kdc_1       | Generiting keytab
scm_1       | 2019-10-25 21:08:41,275 INFO authorize.ServiceAuthorizationManager: Authorization successful for dn/583b056fefa5@EXAMPLE.COM (auth:KERBEROS) for protocol=interface org.apache.hadoop.ozone.protocol.StorageContainerDatanodeProtocol
datanode_3  | 2019-10-25 21:05:48,216 INFO impl.FollowerState: 7e12b7c6-3866-4231-aa5e-fcd5dbf3580f@group-C511E03E729B-FollowerState: change to CANDIDATE, lastRpcTime:112ms, electionTimeout:112ms
om_1        | 2019-10-25 21:06:57,226 INFO authorize.ServiceAuthorizationManager: Authorization successful for testuser/scm@EXAMPLE.COM (auth:KERBEROS) for protocol=interface org.apache.hadoop.ozone.om.protocol.OzoneManagerProtocol
s3g_1       | b375145b1d7f894f5652ab1a3839ff49d27f7e8f8339ed2ba290c9164b4c011a, signature=85a230e2052a7d9267673c80fc06b99400468664912bf96c40ec99a36afbb1e5, awsAccessKeyId=dlfknslnfslf
datanode_2  | 2019-10-25 21:05:48,190 INFO segmented.SegmentedRaftLogWorker: fc6e6a08-8e20-4de4-908e-9e2c569c9283@group-58CF8E578084-SegmentedRaftLogWorker: created new log segment /data/metadata/ratis/46cfdf13-e743-42ed-838b-58cf8e578084/current/log_inprogress_0
datanode_1  | 2019-10-25 21:05:48,118 INFO impl.RaftServerImpl: a1ecd510-825d-4216-b785-162ddf2e35f1@group-C511E03E729B: start as a follower, conf=-1: [a1ecd510-825d-4216-b785-162ddf2e35f1:172.18.0.10:9858, fc6e6a08-8e20-4de4-908e-9e2c569c9283:172.18.0.8:9858, 7e12b7c6-3866-4231-aa5e-fcd5dbf3580f:172.18.0.7:9858], old=null
kdc_1       | Authenticating as principal admin/admin with keytab /tmp/admin.keytab.
scm_1       | 2019-10-25 21:08:42,745 INFO ipc.Server: Auth successful for om/om@EXAMPLE.COM (auth:KERBEROS)
datanode_3  | 2019-10-25 21:05:48,217 INFO impl.RoleInfo: 7e12b7c6-3866-4231-aa5e-fcd5dbf3580f: shutdown FollowerState
s3g_1       | 	at org.apache.hadoop.ipc.Client.getRpcResponse(Client.java:1511)
om_1        | 2019-10-25 21:06:59,872 INFO ipc.Server: Auth successful for testuser/scm@EXAMPLE.COM (auth:KERBEROS)
datanode_1  | 2019-10-25 21:05:48,118 INFO impl.RaftServerImpl: a1ecd510-825d-4216-b785-162ddf2e35f1@group-C511E03E729B: changes role from      null to FOLLOWER at term 0 for startAsFollower
kdc_1       | WARNING: no policy specified for testuser2/om@EXAMPLE.COM; defaulting to no policy
scm_1       | 2019-10-25 21:08:42,748 INFO authorize.ServiceAuthorizationManager: Authorization successful for om/om@EXAMPLE.COM (auth:KERBEROS) for protocol=interface org.apache.hadoop.hdds.scm.protocol.ScmBlockLocationProtocol
datanode_3  | 2019-10-25 21:05:48,217 INFO impl.RaftServerImpl: 7e12b7c6-3866-4231-aa5e-fcd5dbf3580f@group-C511E03E729B: changes role from  FOLLOWER to CANDIDATE at term 0 for changeToCandidate
s3g_1       | 	at org.apache.hadoop.ipc.Client.call(Client.java:1457)
datanode_2  | 2019-10-25 21:05:48,190 INFO impl.LeaderElection: fc6e6a08-8e20-4de4-908e-9e2c569c9283@group-C511E03E729B-LeaderElection2: begin an election at term 1 for -1: [a1ecd510-825d-4216-b785-162ddf2e35f1:172.18.0.10:9858, fc6e6a08-8e20-4de4-908e-9e2c569c9283:172.18.0.8:9858, 7e12b7c6-3866-4231-aa5e-fcd5dbf3580f:172.18.0.7:9858], old=null
om_1        | 2019-10-25 21:06:59,884 INFO authorize.ServiceAuthorizationManager: Authorization successful for testuser/scm@EXAMPLE.COM (auth:KERBEROS) for protocol=interface org.apache.hadoop.ozone.om.protocol.OzoneManagerProtocol
datanode_1  | 2019-10-25 21:05:48,118 INFO impl.RoleInfo: a1ecd510-825d-4216-b785-162ddf2e35f1: start FollowerState
kdc_1       | Principal "testuser2/om@EXAMPLE.COM" created.
scm_1       | 2019-10-25 21:08:44,110 INFO ipc.Server: Auth successful for dn/e733f8197e6c@EXAMPLE.COM (auth:KERBEROS)
datanode_3  | 2019-10-25 21:05:48,218 INFO impl.RoleInfo: 7e12b7c6-3866-4231-aa5e-fcd5dbf3580f: start LeaderElection
s3g_1       | 	at org.apache.hadoop.ipc.Client.call(Client.java:1367)
datanode_2  | 2019-10-25 21:05:48,211 INFO impl.LeaderElection: fc6e6a08-8e20-4de4-908e-9e2c569c9283@group-C511E03E729B-LeaderElection2: Election TIMEOUT; received 0 response(s) [] and 0 exception(s); fc6e6a08-8e20-4de4-908e-9e2c569c9283@group-C511E03E729B:t1, leader=null, voted=fc6e6a08-8e20-4de4-908e-9e2c569c9283, raftlog=fc6e6a08-8e20-4de4-908e-9e2c569c9283@group-C511E03E729B-SegmentedRaftLog:OPENED:c-1,f-1,i0, conf=-1: [a1ecd510-825d-4216-b785-162ddf2e35f1:172.18.0.10:9858, fc6e6a08-8e20-4de4-908e-9e2c569c9283:172.18.0.8:9858, 7e12b7c6-3866-4231-aa5e-fcd5dbf3580f:172.18.0.7:9858], old=null
om_1        | 2019-10-25 21:07:02,543 INFO ipc.Server: Auth successful for testuser/scm@EXAMPLE.COM (auth:KERBEROS)
datanode_1  | 2019-10-25 21:05:48,119 INFO util.JmxRegister: Successfully registered JMX Bean with object name Ratis:service=RaftServer,group=group-C511E03E729B,id=a1ecd510-825d-4216-b785-162ddf2e35f1
kdc_1       | Authenticating as principal admin/admin with keytab /tmp/admin.keytab.
scm_1       | 2019-10-25 21:08:44,115 INFO authorize.ServiceAuthorizationManager: Authorization successful for dn/e733f8197e6c@EXAMPLE.COM (auth:KERBEROS) for protocol=interface org.apache.hadoop.ozone.protocol.StorageContainerDatanodeProtocol
datanode_3  | 2019-10-25 21:05:48,226 INFO impl.LeaderElection: 7e12b7c6-3866-4231-aa5e-fcd5dbf3580f@group-C511E03E729B-LeaderElection2: begin an election at term 1 for -1: [a1ecd510-825d-4216-b785-162ddf2e35f1:172.18.0.10:9858, fc6e6a08-8e20-4de4-908e-9e2c569c9283:172.18.0.8:9858, 7e12b7c6-3866-4231-aa5e-fcd5dbf3580f:172.18.0.7:9858], old=null
s3g_1       | 	at org.apache.hadoop.ipc.ProtobufRpcEngine$Invoker.invoke(ProtobufRpcEngine.java:228)
datanode_2  | 2019-10-25 21:05:48,225 INFO impl.LeaderElection: fc6e6a08-8e20-4de4-908e-9e2c569c9283@group-C511E03E729B-LeaderElection2: begin an election at term 2 for -1: [a1ecd510-825d-4216-b785-162ddf2e35f1:172.18.0.10:9858, fc6e6a08-8e20-4de4-908e-9e2c569c9283:172.18.0.8:9858, 7e12b7c6-3866-4231-aa5e-fcd5dbf3580f:172.18.0.7:9858], old=null
datanode_1  | 2019-10-25 21:05:48,242 INFO impl.FollowerState: a1ecd510-825d-4216-b785-162ddf2e35f1@group-C511E03E729B-FollowerState: change to CANDIDATE, lastRpcTime:123ms, electionTimeout:123ms
om_1        | 2019-10-25 21:07:02,555 INFO authorize.ServiceAuthorizationManager: Authorization successful for testuser/scm@EXAMPLE.COM (auth:KERBEROS) for protocol=interface org.apache.hadoop.ozone.om.protocol.OzoneManagerProtocol
kdc_1       | Entry for principal testuser2/om@EXAMPLE.COM with kvno 2, encryption type aes256-cts-hmac-sha1-96 added to keytab WRFILE:/data/testuser2.om.keytab.
scm_1       | 2019-10-25 21:08:47,653 INFO ipc.Server: Auth successful for dn/2fb3c1933529@EXAMPLE.COM (auth:KERBEROS)
datanode_3  | 2019-10-25 21:05:48,387 INFO impl.RaftServerImpl: 7e12b7c6-3866-4231-aa5e-fcd5dbf3580f@group-C511E03E729B: changes role from CANDIDATE to FOLLOWER at term 3 for recognizeCandidate:fc6e6a08-8e20-4de4-908e-9e2c569c9283
s3g_1       | 	at org.apache.hadoop.ipc.ProtobufRpcEngine$Invoker.invoke(ProtobufRpcEngine.java:116)
datanode_2  | 2019-10-25 21:05:48,291 INFO impl.LeaderElection: fc6e6a08-8e20-4de4-908e-9e2c569c9283@group-C511E03E729B-LeaderElection2: Election TIMEOUT; received 0 response(s) [] and 0 exception(s); fc6e6a08-8e20-4de4-908e-9e2c569c9283@group-C511E03E729B:t2, leader=null, voted=fc6e6a08-8e20-4de4-908e-9e2c569c9283, raftlog=fc6e6a08-8e20-4de4-908e-9e2c569c9283@group-C511E03E729B-SegmentedRaftLog:OPENED:c-1,f-1,i0, conf=-1: [a1ecd510-825d-4216-b785-162ddf2e35f1:172.18.0.10:9858, fc6e6a08-8e20-4de4-908e-9e2c569c9283:172.18.0.8:9858, 7e12b7c6-3866-4231-aa5e-fcd5dbf3580f:172.18.0.7:9858], old=null
datanode_1  | 2019-10-25 21:05:48,243 INFO impl.RoleInfo: a1ecd510-825d-4216-b785-162ddf2e35f1: shutdown FollowerState
om_1        | 2019-10-25 21:07:05,290 INFO ipc.Server: Auth successful for testuser/scm@EXAMPLE.COM (auth:KERBEROS)
kdc_1       | Entry for principal testuser2/om@EXAMPLE.COM with kvno 2, encryption type aes128-cts-hmac-sha1-96 added to keytab WRFILE:/data/testuser2.om.keytab.
scm_1       | 2019-10-25 21:08:47,656 INFO authorize.ServiceAuthorizationManager: Authorization successful for dn/2fb3c1933529@EXAMPLE.COM (auth:KERBEROS) for protocol=interface org.apache.hadoop.ozone.protocol.StorageContainerDatanodeProtocol
datanode_3  | 2019-10-25 21:05:48,387 INFO impl.RoleInfo: 7e12b7c6-3866-4231-aa5e-fcd5dbf3580f: shutdown LeaderElection
s3g_1       | 	at com.sun.proxy.$Proxy83.submitRequest(Unknown Source)
datanode_2  | 2019-10-25 21:05:48,297 INFO impl.LeaderElection: fc6e6a08-8e20-4de4-908e-9e2c569c9283@group-C511E03E729B-LeaderElection2: begin an election at term 3 for -1: [a1ecd510-825d-4216-b785-162ddf2e35f1:172.18.0.10:9858, fc6e6a08-8e20-4de4-908e-9e2c569c9283:172.18.0.8:9858, 7e12b7c6-3866-4231-aa5e-fcd5dbf3580f:172.18.0.7:9858], old=null
om_1        | 2019-10-25 21:07:05,304 INFO authorize.ServiceAuthorizationManager: Authorization successful for testuser/scm@EXAMPLE.COM (auth:KERBEROS) for protocol=interface org.apache.hadoop.ozone.om.protocol.OzoneManagerProtocol
kdc_1       | Generiting keytab
scm_1       | 2019-10-25 21:09:11,273 INFO ipc.Server: Auth successful for dn/583b056fefa5@EXAMPLE.COM (auth:KERBEROS)
datanode_3  | 2019-10-25 21:05:48,388 INFO impl.RoleInfo: 7e12b7c6-3866-4231-aa5e-fcd5dbf3580f: start FollowerState
datanode_1  | 2019-10-25 21:05:48,243 INFO impl.RaftServerImpl: a1ecd510-825d-4216-b785-162ddf2e35f1@group-C511E03E729B: changes role from  FOLLOWER to CANDIDATE at term 0 for changeToCandidate
s3g_1       | 	at jdk.internal.reflect.GeneratedMethodAccessor9.invoke(Unknown Source)
datanode_2  | 2019-10-25 21:05:48,429 INFO impl.LeaderElection: fc6e6a08-8e20-4de4-908e-9e2c569c9283@group-C511E03E729B-LeaderElection2: Election REJECTED; received 2 response(s) [fc6e6a08-8e20-4de4-908e-9e2c569c9283<-a1ecd510-825d-4216-b785-162ddf2e35f1#0:FAIL-t3, fc6e6a08-8e20-4de4-908e-9e2c569c9283<-7e12b7c6-3866-4231-aa5e-fcd5dbf3580f#0:FAIL-t3] and 0 exception(s); fc6e6a08-8e20-4de4-908e-9e2c569c9283@group-C511E03E729B:t3, leader=null, voted=fc6e6a08-8e20-4de4-908e-9e2c569c9283, raftlog=fc6e6a08-8e20-4de4-908e-9e2c569c9283@group-C511E03E729B-SegmentedRaftLog:OPENED:c-1,f-1,i0, conf=-1: [a1ecd510-825d-4216-b785-162ddf2e35f1:172.18.0.10:9858, fc6e6a08-8e20-4de4-908e-9e2c569c9283:172.18.0.8:9858, 7e12b7c6-3866-4231-aa5e-fcd5dbf3580f:172.18.0.7:9858], old=null
om_1        | 2019-10-25 21:07:08,242 INFO ipc.Server: Auth successful for testuser/scm@EXAMPLE.COM (auth:KERBEROS)
kdc_1       | Authenticating as principal admin/admin with keytab /tmp/admin.keytab.
scm_1       | 2019-10-25 21:09:11,277 INFO authorize.ServiceAuthorizationManager: Authorization successful for dn/583b056fefa5@EXAMPLE.COM (auth:KERBEROS) for protocol=interface org.apache.hadoop.ozone.protocol.StorageContainerDatanodeProtocol
datanode_3  | 2019-10-25 21:05:48,434 INFO impl.LeaderElection: 7e12b7c6-3866-4231-aa5e-fcd5dbf3580f@group-C511E03E729B-LeaderElection2: Election REJECTED; received 0 response(s) [] and 0 exception(s); 7e12b7c6-3866-4231-aa5e-fcd5dbf3580f@group-C511E03E729B:t3, leader=null, voted=null, raftlog=7e12b7c6-3866-4231-aa5e-fcd5dbf3580f@group-C511E03E729B-SegmentedRaftLog:OPENED:c-1,f-1,i0, conf=-1: [a1ecd510-825d-4216-b785-162ddf2e35f1:172.18.0.10:9858, fc6e6a08-8e20-4de4-908e-9e2c569c9283:172.18.0.8:9858, 7e12b7c6-3866-4231-aa5e-fcd5dbf3580f:172.18.0.7:9858], old=null
s3g_1       | 	at java.base/jdk.internal.reflect.DelegatingMethodAccessorImpl.invoke(DelegatingMethodAccessorImpl.java:43)
datanode_1  | 2019-10-25 21:05:48,243 INFO impl.RoleInfo: a1ecd510-825d-4216-b785-162ddf2e35f1: start LeaderElection
om_1        | 2019-10-25 21:07:08,256 INFO authorize.ServiceAuthorizationManager: Authorization successful for testuser/scm@EXAMPLE.COM (auth:KERBEROS) for protocol=interface org.apache.hadoop.ozone.om.protocol.OzoneManagerProtocol
datanode_2  | 2019-10-25 21:05:48,431 INFO impl.RaftServerImpl: fc6e6a08-8e20-4de4-908e-9e2c569c9283@group-C511E03E729B: changes role from CANDIDATE to FOLLOWER at term 3 for DISCOVERED_A_NEW_TERM
kdc_1       | WARNING: no policy specified for HTTP/s3g@EXAMPLE.COM; defaulting to no policy
scm_1       | 2019-10-25 21:09:14,109 INFO ipc.Server: Auth successful for dn/e733f8197e6c@EXAMPLE.COM (auth:KERBEROS)
datanode_3  | 2019-10-25 21:05:48,484 INFO impl.FollowerState: 7e12b7c6-3866-4231-aa5e-fcd5dbf3580f@group-C511E03E729B-FollowerState: change to CANDIDATE, lastRpcTime:96ms, electionTimeout:96ms
s3g_1       | 	at java.base/java.lang.reflect.Method.invoke(Method.java:566)
datanode_1  | 2019-10-25 21:05:48,267 INFO impl.LeaderElection: a1ecd510-825d-4216-b785-162ddf2e35f1@group-C511E03E729B-LeaderElection2: begin an election at term 1 for -1: [a1ecd510-825d-4216-b785-162ddf2e35f1:172.18.0.10:9858, fc6e6a08-8e20-4de4-908e-9e2c569c9283:172.18.0.8:9858, 7e12b7c6-3866-4231-aa5e-fcd5dbf3580f:172.18.0.7:9858], old=null
om_1        | 2019-10-25 21:07:09,038 [IPC Server handler 1 on 9862] INFO       - created volume:77404-rpcwoport2 for user:testuser/scm@EXAMPLE.COM
datanode_2  | 2019-10-25 21:05:48,431 INFO impl.RoleInfo: fc6e6a08-8e20-4de4-908e-9e2c569c9283: shutdown LeaderElection
kdc_1       | Principal "HTTP/s3g@EXAMPLE.COM" created.
scm_1       | 2019-10-25 21:09:14,114 INFO authorize.ServiceAuthorizationManager: Authorization successful for dn/e733f8197e6c@EXAMPLE.COM (auth:KERBEROS) for protocol=interface org.apache.hadoop.ozone.protocol.StorageContainerDatanodeProtocol
datanode_3  | 2019-10-25 21:05:48,485 INFO impl.RoleInfo: 7e12b7c6-3866-4231-aa5e-fcd5dbf3580f: shutdown FollowerState
s3g_1       | 	at org.apache.hadoop.io.retry.RetryInvocationHandler.invokeMethod(RetryInvocationHandler.java:422)
datanode_1  | 2019-10-25 21:05:48,323 INFO impl.LeaderElection: a1ecd510-825d-4216-b785-162ddf2e35f1@group-C511E03E729B-LeaderElection2: Election TIMEOUT; received 0 response(s) [] and 0 exception(s); a1ecd510-825d-4216-b785-162ddf2e35f1@group-C511E03E729B:t1, leader=null, voted=a1ecd510-825d-4216-b785-162ddf2e35f1, raftlog=a1ecd510-825d-4216-b785-162ddf2e35f1@group-C511E03E729B-SegmentedRaftLog:OPENED:c-1,f-1,i0, conf=-1: [a1ecd510-825d-4216-b785-162ddf2e35f1:172.18.0.10:9858, fc6e6a08-8e20-4de4-908e-9e2c569c9283:172.18.0.8:9858, 7e12b7c6-3866-4231-aa5e-fcd5dbf3580f:172.18.0.7:9858], old=null
om_1        | 2019-10-25 21:07:11,218 INFO ipc.Server: Auth successful for testuser/scm@EXAMPLE.COM (auth:KERBEROS)
datanode_2  | 2019-10-25 21:05:48,431 INFO impl.RoleInfo: fc6e6a08-8e20-4de4-908e-9e2c569c9283: start FollowerState
kdc_1       | Authenticating as principal admin/admin with keytab /tmp/admin.keytab.
scm_1       | 2019-10-25 21:09:17,655 INFO ipc.Server: Auth successful for dn/2fb3c1933529@EXAMPLE.COM (auth:KERBEROS)
datanode_3  | 2019-10-25 21:05:48,485 INFO impl.RaftServerImpl: 7e12b7c6-3866-4231-aa5e-fcd5dbf3580f@group-C511E03E729B: changes role from  FOLLOWER to CANDIDATE at term 3 for changeToCandidate
s3g_1       | 	at org.apache.hadoop.io.retry.RetryInvocationHandler$Call.invokeMethod(RetryInvocationHandler.java:165)
datanode_1  | 2019-10-25 21:05:48,336 INFO impl.LeaderElection: a1ecd510-825d-4216-b785-162ddf2e35f1@group-C511E03E729B-LeaderElection2: begin an election at term 2 for -1: [a1ecd510-825d-4216-b785-162ddf2e35f1:172.18.0.10:9858, fc6e6a08-8e20-4de4-908e-9e2c569c9283:172.18.0.8:9858, 7e12b7c6-3866-4231-aa5e-fcd5dbf3580f:172.18.0.7:9858], old=null
om_1        | 2019-10-25 21:07:11,231 INFO authorize.ServiceAuthorizationManager: Authorization successful for testuser/scm@EXAMPLE.COM (auth:KERBEROS) for protocol=interface org.apache.hadoop.ozone.om.protocol.OzoneManagerProtocol
datanode_2  | 2019-10-25 21:05:48,485 INFO impl.RaftServerImpl: fc6e6a08-8e20-4de4-908e-9e2c569c9283@group-C511E03E729B: changes role from  FOLLOWER to FOLLOWER at term 4 for recognizeCandidate:a1ecd510-825d-4216-b785-162ddf2e35f1
kdc_1       | Entry for principal HTTP/s3g@EXAMPLE.COM with kvno 2, encryption type aes256-cts-hmac-sha1-96 added to keytab WRFILE:/data/HTTP.s3g.keytab.
scm_1       | 2019-10-25 21:09:17,659 INFO authorize.ServiceAuthorizationManager: Authorization successful for dn/2fb3c1933529@EXAMPLE.COM (auth:KERBEROS) for protocol=interface org.apache.hadoop.ozone.protocol.StorageContainerDatanodeProtocol
datanode_3  | 2019-10-25 21:05:48,485 INFO impl.RoleInfo: 7e12b7c6-3866-4231-aa5e-fcd5dbf3580f: start LeaderElection
s3g_1       | 	at org.apache.hadoop.io.retry.RetryInvocationHandler$Call.invoke(RetryInvocationHandler.java:157)
datanode_1  | 2019-10-25 21:05:48,363 INFO impl.RaftServerImpl: a1ecd510-825d-4216-b785-162ddf2e35f1@group-C511E03E729B: changes role from CANDIDATE to FOLLOWER at term 3 for recognizeCandidate:fc6e6a08-8e20-4de4-908e-9e2c569c9283
om_1        | 2019-10-25 21:07:14,038 INFO ipc.Server: Auth successful for testuser/scm@EXAMPLE.COM (auth:KERBEROS)
datanode_2  | 2019-10-25 21:05:48,486 INFO impl.RoleInfo: fc6e6a08-8e20-4de4-908e-9e2c569c9283: shutdown FollowerState
kdc_1       | Entry for principal HTTP/s3g@EXAMPLE.COM with kvno 2, encryption type aes128-cts-hmac-sha1-96 added to keytab WRFILE:/data/HTTP.s3g.keytab.
scm_1       | 2019-10-25 21:09:34,340 INFO ipc.Server: Auth successful for om/om@EXAMPLE.COM (auth:KERBEROS)
datanode_3  | 2019-10-25 21:05:48,486 INFO impl.RaftServerImpl: 7e12b7c6-3866-4231-aa5e-fcd5dbf3580f@group-C511E03E729B: changes role from CANDIDATE to FOLLOWER at term 4 for recognizeCandidate:a1ecd510-825d-4216-b785-162ddf2e35f1
s3g_1       | 	at org.apache.hadoop.io.retry.RetryInvocationHandler$Call.invokeOnce(RetryInvocationHandler.java:95)
om_1        | 2019-10-25 21:07:14,050 INFO authorize.ServiceAuthorizationManager: Authorization successful for testuser/scm@EXAMPLE.COM (auth:KERBEROS) for protocol=interface org.apache.hadoop.ozone.om.protocol.OzoneManagerProtocol
datanode_2  | 2019-10-25 21:05:48,486 INFO impl.RoleInfo: fc6e6a08-8e20-4de4-908e-9e2c569c9283: start FollowerState
kdc_1       | Generiting keytab
datanode_1  | 2019-10-25 21:05:48,376 INFO impl.RoleInfo: a1ecd510-825d-4216-b785-162ddf2e35f1: shutdown LeaderElection
scm_1       | 2019-10-25 21:09:34,342 INFO authorize.ServiceAuthorizationManager: Authorization successful for om/om@EXAMPLE.COM (auth:KERBEROS) for protocol=interface org.apache.hadoop.hdds.scm.protocol.ScmBlockLocationProtocol
datanode_3  | 2019-10-25 21:05:48,487 INFO impl.RoleInfo: 7e12b7c6-3866-4231-aa5e-fcd5dbf3580f: shutdown LeaderElection
s3g_1       | 	at org.apache.hadoop.io.retry.RetryInvocationHandler.invoke(RetryInvocationHandler.java:359)
om_1        | 2019-10-25 21:07:16,863 INFO ipc.Server: Auth successful for testuser/scm@EXAMPLE.COM (auth:KERBEROS)
datanode_2  | 2019-10-25 21:05:48,486 INFO impl.FollowerState: fc6e6a08-8e20-4de4-908e-9e2c569c9283@group-C511E03E729B-FollowerState was interrupted: java.lang.InterruptedException: sleep interrupted
kdc_1       | Authenticating as principal admin/admin with keytab /tmp/admin.keytab.
datanode_1  | 2019-10-25 21:05:48,376 INFO impl.RoleInfo: a1ecd510-825d-4216-b785-162ddf2e35f1: start FollowerState
scm_1       | 2019-10-25 21:09:35,830 INFO ipc.Server: Auth successful for dn/583b056fefa5@EXAMPLE.COM (auth:KERBEROS)
s3g_1       | 	at com.sun.proxy.$Proxy83.submitRequest(Unknown Source)
datanode_3  | 2019-10-25 21:05:48,487 INFO impl.RoleInfo: 7e12b7c6-3866-4231-aa5e-fcd5dbf3580f: start FollowerState
om_1        | 2019-10-25 21:07:16,879 INFO authorize.ServiceAuthorizationManager: Authorization successful for testuser/scm@EXAMPLE.COM (auth:KERBEROS) for protocol=interface org.apache.hadoop.ozone.om.protocol.OzoneManagerProtocol
datanode_2  | 2019-10-25 21:05:48,514 INFO impl.RaftServerImpl: fc6e6a08-8e20-4de4-908e-9e2c569c9283@group-C511E03E729B: changes role from  FOLLOWER to FOLLOWER at term 5 for recognizeCandidate:7e12b7c6-3866-4231-aa5e-fcd5dbf3580f
kdc_1       | WARNING: no policy specified for scm/scm@EXAMPLE.COM; defaulting to no policy
datanode_1  | 2019-10-25 21:05:48,416 INFO impl.LeaderElection: a1ecd510-825d-4216-b785-162ddf2e35f1@group-C511E03E729B-LeaderElection2: Election REJECTED; received 0 response(s) [] and 0 exception(s); a1ecd510-825d-4216-b785-162ddf2e35f1@group-C511E03E729B:t3, leader=null, voted=null, raftlog=a1ecd510-825d-4216-b785-162ddf2e35f1@group-C511E03E729B-SegmentedRaftLog:OPENED:c-1,f-1,i0, conf=-1: [a1ecd510-825d-4216-b785-162ddf2e35f1:172.18.0.10:9858, fc6e6a08-8e20-4de4-908e-9e2c569c9283:172.18.0.8:9858, 7e12b7c6-3866-4231-aa5e-fcd5dbf3580f:172.18.0.7:9858], old=null
scm_1       | 2019-10-25 21:09:35,835 INFO authorize.ServiceAuthorizationManager: Authorization successful for dn/583b056fefa5@EXAMPLE.COM (auth:KERBEROS) for protocol=interface org.apache.hadoop.ozone.protocol.StorageContainerDatanodeProtocol
s3g_1       | 	at org.apache.hadoop.ozone.om.protocolPB.OzoneManagerProtocolClientSideTranslatorPB.submitRequest(OzoneManagerProtocolClientSideTranslatorPB.java:358)
datanode_3  | 2019-10-25 21:05:48,494 INFO impl.LeaderElection: 7e12b7c6-3866-4231-aa5e-fcd5dbf3580f@group-C511E03E729B-LeaderElection3: begin an election at term 5 for -1: [a1ecd510-825d-4216-b785-162ddf2e35f1:172.18.0.10:9858, fc6e6a08-8e20-4de4-908e-9e2c569c9283:172.18.0.8:9858, 7e12b7c6-3866-4231-aa5e-fcd5dbf3580f:172.18.0.7:9858], old=null
om_1        | 2019-10-25 21:07:19,835 INFO ipc.Server: Auth successful for testuser/scm@EXAMPLE.COM (auth:KERBEROS)
datanode_2  | 2019-10-25 21:05:48,514 INFO impl.RoleInfo: fc6e6a08-8e20-4de4-908e-9e2c569c9283: shutdown FollowerState
kdc_1       | Principal "scm/scm@EXAMPLE.COM" created.
datanode_1  | 2019-10-25 21:05:48,441 INFO impl.FollowerState: a1ecd510-825d-4216-b785-162ddf2e35f1@group-C511E03E729B-FollowerState: change to CANDIDATE, lastRpcTime:64ms, electionTimeout:64ms
scm_1       | 2019-10-25 21:09:44,127 INFO ipc.Server: Auth successful for dn/e733f8197e6c@EXAMPLE.COM (auth:KERBEROS)
s3g_1       | 	at org.apache.hadoop.ozone.om.protocolPB.OzoneManagerProtocolClientSideTranslatorPB.getServiceInfo(OzoneManagerProtocolClientSideTranslatorPB.java:1249)
datanode_3  | 2019-10-25 21:05:48,496 INFO impl.LeaderElection: 7e12b7c6-3866-4231-aa5e-fcd5dbf3580f@group-C511E03E729B-LeaderElection3: Election REJECTED; received 0 response(s) [] and 0 exception(s); 7e12b7c6-3866-4231-aa5e-fcd5dbf3580f@group-C511E03E729B:t5, leader=null, voted=7e12b7c6-3866-4231-aa5e-fcd5dbf3580f, raftlog=7e12b7c6-3866-4231-aa5e-fcd5dbf3580f@group-C511E03E729B-SegmentedRaftLog:OPENED:c-1,f-1,i0, conf=-1: [a1ecd510-825d-4216-b785-162ddf2e35f1:172.18.0.10:9858, fc6e6a08-8e20-4de4-908e-9e2c569c9283:172.18.0.8:9858, 7e12b7c6-3866-4231-aa5e-fcd5dbf3580f:172.18.0.7:9858], old=null
om_1        | 2019-10-25 21:07:19,848 INFO authorize.ServiceAuthorizationManager: Authorization successful for testuser/scm@EXAMPLE.COM (auth:KERBEROS) for protocol=interface org.apache.hadoop.ozone.om.protocol.OzoneManagerProtocol
datanode_2  | 2019-10-25 21:05:48,514 INFO impl.FollowerState: fc6e6a08-8e20-4de4-908e-9e2c569c9283@group-C511E03E729B-FollowerState was interrupted: java.lang.InterruptedException: sleep interrupted
kdc_1       | Authenticating as principal admin/admin with keytab /tmp/admin.keytab.
datanode_1  | 2019-10-25 21:05:48,441 INFO impl.RoleInfo: a1ecd510-825d-4216-b785-162ddf2e35f1: shutdown FollowerState
scm_1       | 2019-10-25 21:09:44,132 INFO authorize.ServiceAuthorizationManager: Authorization successful for dn/e733f8197e6c@EXAMPLE.COM (auth:KERBEROS) for protocol=interface org.apache.hadoop.ozone.protocol.StorageContainerDatanodeProtocol
s3g_1       | 	at java.base/jdk.internal.reflect.NativeMethodAccessorImpl.invoke0(Native Method)
datanode_3  | 2019-10-25 21:05:48,544 INFO impl.FollowerState: 7e12b7c6-3866-4231-aa5e-fcd5dbf3580f@group-C511E03E729B-FollowerState: change to CANDIDATE, lastRpcTime:56ms, electionTimeout:56ms
om_1        | 2019-10-25 21:07:22,619 INFO ipc.Server: Auth successful for testuser/scm@EXAMPLE.COM (auth:KERBEROS)
datanode_2  | 2019-10-25 21:05:48,514 INFO impl.RoleInfo: fc6e6a08-8e20-4de4-908e-9e2c569c9283: start FollowerState
kdc_1       | Entry for principal scm/scm@EXAMPLE.COM with kvno 2, encryption type aes256-cts-hmac-sha1-96 added to keytab WRFILE:/data/scm.scm.keytab.
datanode_1  | 2019-10-25 21:05:48,441 INFO impl.RaftServerImpl: a1ecd510-825d-4216-b785-162ddf2e35f1@group-C511E03E729B: changes role from  FOLLOWER to CANDIDATE at term 3 for changeToCandidate
scm_1       | 2019-10-25 21:09:45,284 INFO ipc.Server: Auth successful for om/om@EXAMPLE.COM (auth:KERBEROS)
s3g_1       | 	at java.base/jdk.internal.reflect.NativeMethodAccessorImpl.invoke(NativeMethodAccessorImpl.java:62)
datanode_3  | 2019-10-25 21:05:48,544 INFO impl.RoleInfo: 7e12b7c6-3866-4231-aa5e-fcd5dbf3580f: shutdown FollowerState
om_1        | 2019-10-25 21:07:22,631 INFO authorize.ServiceAuthorizationManager: Authorization successful for testuser/scm@EXAMPLE.COM (auth:KERBEROS) for protocol=interface org.apache.hadoop.ozone.om.protocol.OzoneManagerProtocol
datanode_2  | 2019-10-25 21:05:48,560 INFO server.GrpcServerProtocolService: fc6e6a08-8e20-4de4-908e-9e2c569c9283: Completed APPEND_ENTRIES, lastRequest: null
kdc_1       | Entry for principal scm/scm@EXAMPLE.COM with kvno 2, encryption type aes128-cts-hmac-sha1-96 added to keytab WRFILE:/data/scm.scm.keytab.
datanode_1  | 2019-10-25 21:05:48,441 INFO impl.RoleInfo: a1ecd510-825d-4216-b785-162ddf2e35f1: start LeaderElection
scm_1       | 2019-10-25 21:09:45,287 INFO authorize.ServiceAuthorizationManager: Authorization successful for om/om@EXAMPLE.COM (auth:KERBEROS) for protocol=interface org.apache.hadoop.hdds.scm.protocol.ScmBlockLocationProtocol
s3g_1       | 	at java.base/jdk.internal.reflect.DelegatingMethodAccessorImpl.invoke(DelegatingMethodAccessorImpl.java:43)
datanode_3  | 2019-10-25 21:05:48,544 INFO impl.RaftServerImpl: 7e12b7c6-3866-4231-aa5e-fcd5dbf3580f@group-C511E03E729B: changes role from  FOLLOWER to CANDIDATE at term 5 for changeToCandidate
om_1        | 2019-10-25 21:07:25,276 INFO ipc.Server: Auth successful for testuser/scm@EXAMPLE.COM (auth:KERBEROS)
datanode_2  | 2019-10-25 21:05:48,580 INFO impl.RaftServerImpl: fc6e6a08-8e20-4de4-908e-9e2c569c9283@group-C511E03E729B: changes role from  FOLLOWER to FOLLOWER at term 6 for recognizeCandidate:7e12b7c6-3866-4231-aa5e-fcd5dbf3580f
kdc_1       | Generiting keytab
datanode_1  | 2019-10-25 21:05:48,456 INFO impl.LeaderElection: a1ecd510-825d-4216-b785-162ddf2e35f1@group-C511E03E729B-LeaderElection3: begin an election at term 4 for -1: [a1ecd510-825d-4216-b785-162ddf2e35f1:172.18.0.10:9858, fc6e6a08-8e20-4de4-908e-9e2c569c9283:172.18.0.8:9858, 7e12b7c6-3866-4231-aa5e-fcd5dbf3580f:172.18.0.7:9858], old=null
scm_1       | 2019-10-25 21:09:45,288 INFO server.SCMBlockProtocolServer: SCM is informed by OM to delete 1 blocks
s3g_1       | 	at java.base/java.lang.reflect.Method.invoke(Method.java:566)
datanode_3  | 2019-10-25 21:05:48,544 INFO impl.RoleInfo: 7e12b7c6-3866-4231-aa5e-fcd5dbf3580f: start LeaderElection
om_1        | 2019-10-25 21:07:25,291 INFO authorize.ServiceAuthorizationManager: Authorization successful for testuser/scm@EXAMPLE.COM (auth:KERBEROS) for protocol=interface org.apache.hadoop.ozone.om.protocol.OzoneManagerProtocol
datanode_2  | 2019-10-25 21:05:48,580 INFO impl.RoleInfo: fc6e6a08-8e20-4de4-908e-9e2c569c9283: shutdown FollowerState
datanode_1  | 2019-10-25 21:05:48,495 INFO impl.LeaderElection: a1ecd510-825d-4216-b785-162ddf2e35f1@group-C511E03E729B-LeaderElection3: Election PASSED; received 2 response(s) [a1ecd510-825d-4216-b785-162ddf2e35f1<-fc6e6a08-8e20-4de4-908e-9e2c569c9283#0:OK-t4, a1ecd510-825d-4216-b785-162ddf2e35f1<-7e12b7c6-3866-4231-aa5e-fcd5dbf3580f#0:FAIL-t4] and 0 exception(s); a1ecd510-825d-4216-b785-162ddf2e35f1@group-C511E03E729B:t4, leader=null, voted=a1ecd510-825d-4216-b785-162ddf2e35f1, raftlog=a1ecd510-825d-4216-b785-162ddf2e35f1@group-C511E03E729B-SegmentedRaftLog:OPENED:c-1,f-1,i0, conf=-1: [a1ecd510-825d-4216-b785-162ddf2e35f1:172.18.0.10:9858, fc6e6a08-8e20-4de4-908e-9e2c569c9283:172.18.0.8:9858, 7e12b7c6-3866-4231-aa5e-fcd5dbf3580f:172.18.0.7:9858], old=null
scm_1       | 2019-10-25 21:09:45,288 INFO block.BlockManagerImpl: Deleting blocks conID: 6 locID: 103025064198144127 bcsId: 0
datanode_3  | 2019-10-25 21:05:48,558 INFO impl.LeaderElection: 7e12b7c6-3866-4231-aa5e-fcd5dbf3580f@group-C511E03E729B-LeaderElection4: begin an election at term 6 for -1: [a1ecd510-825d-4216-b785-162ddf2e35f1:172.18.0.10:9858, fc6e6a08-8e20-4de4-908e-9e2c569c9283:172.18.0.8:9858, 7e12b7c6-3866-4231-aa5e-fcd5dbf3580f:172.18.0.7:9858], old=null
s3g_1       | 	at org.apache.hadoop.hdds.tracing.TraceAllMethod.invoke(TraceAllMethod.java:66)
om_1        | 2019-10-25 21:07:28,051 INFO ipc.Server: Auth successful for testuser/scm@EXAMPLE.COM (auth:KERBEROS)
kdc_1       | Authenticating as principal admin/admin with keytab /tmp/admin.keytab.
datanode_1  | 2019-10-25 21:05:48,496 INFO impl.RoleInfo: a1ecd510-825d-4216-b785-162ddf2e35f1: shutdown LeaderElection
scm_1       | 2019-10-25 21:09:47,647 INFO ipc.Server: Auth successful for dn/2fb3c1933529@EXAMPLE.COM (auth:KERBEROS)
datanode_2  | 2019-10-25 21:05:48,580 INFO impl.FollowerState: fc6e6a08-8e20-4de4-908e-9e2c569c9283@group-C511E03E729B-FollowerState was interrupted: java.lang.InterruptedException: sleep interrupted
datanode_3  | 2019-10-25 21:05:48,561 INFO server.GrpcServerProtocolService: 7e12b7c6-3866-4231-aa5e-fcd5dbf3580f: Completed APPEND_ENTRIES, lastRequest: null
s3g_1       | 	at com.sun.proxy.$Proxy84.getServiceInfo(Unknown Source)
om_1        | 2019-10-25 21:07:28,066 INFO authorize.ServiceAuthorizationManager: Authorization successful for testuser/scm@EXAMPLE.COM (auth:KERBEROS) for protocol=interface org.apache.hadoop.ozone.om.protocol.OzoneManagerProtocol
kdc_1       | WARNING: no policy specified for om/92777271bd8e@EXAMPLE.COM; defaulting to no policy
datanode_1  | 2019-10-25 21:05:48,496 INFO impl.RaftServerImpl: a1ecd510-825d-4216-b785-162ddf2e35f1@group-C511E03E729B: changes role from CANDIDATE to LEADER at term 4 for changeToLeader
scm_1       | 2019-10-25 21:09:47,651 INFO authorize.ServiceAuthorizationManager: Authorization successful for dn/2fb3c1933529@EXAMPLE.COM (auth:KERBEROS) for protocol=interface org.apache.hadoop.ozone.protocol.StorageContainerDatanodeProtocol
datanode_2  | 2019-10-25 21:05:48,580 INFO impl.RoleInfo: fc6e6a08-8e20-4de4-908e-9e2c569c9283: start FollowerState
datanode_3  | 2019-10-25 21:05:48,594 INFO impl.LeaderElection: 7e12b7c6-3866-4231-aa5e-fcd5dbf3580f@group-C511E03E729B-LeaderElection4: Election PASSED; received 2 response(s) [7e12b7c6-3866-4231-aa5e-fcd5dbf3580f<-a1ecd510-825d-4216-b785-162ddf2e35f1#0:FAIL-t6, 7e12b7c6-3866-4231-aa5e-fcd5dbf3580f<-fc6e6a08-8e20-4de4-908e-9e2c569c9283#0:OK-t6] and 0 exception(s); 7e12b7c6-3866-4231-aa5e-fcd5dbf3580f@group-C511E03E729B:t6, leader=null, voted=7e12b7c6-3866-4231-aa5e-fcd5dbf3580f, raftlog=7e12b7c6-3866-4231-aa5e-fcd5dbf3580f@group-C511E03E729B-SegmentedRaftLog:OPENED:c-1,f-1,i0, conf=-1: [a1ecd510-825d-4216-b785-162ddf2e35f1:172.18.0.10:9858, fc6e6a08-8e20-4de4-908e-9e2c569c9283:172.18.0.8:9858, 7e12b7c6-3866-4231-aa5e-fcd5dbf3580f:172.18.0.7:9858], old=null
s3g_1       | 	at org.apache.hadoop.ozone.client.rpc.RpcClient.<init>(RpcClient.java:154)
om_1        | 2019-10-25 21:07:30,852 INFO ipc.Server: Auth successful for testuser/scm@EXAMPLE.COM (auth:KERBEROS)
kdc_1       | Principal "om/92777271bd8e@EXAMPLE.COM" created.
datanode_1  | 2019-10-25 21:05:48,496 INFO impl.RaftServerImpl: a1ecd510-825d-4216-b785-162ddf2e35f1@group-C511E03E729B: change Leader from null to a1ecd510-825d-4216-b785-162ddf2e35f1 at term 4 for becomeLeader, leader elected after 385ms
