datanode_1  | 2019-11-15 04:58:49,639 WARN impl.MetricRegistriesImpl: First MetricRegistry has been created without registering reporters. You may need to call MetricRegistries.global().addReportRegistration(...) before.
scm_1       | 2019-11-15 04:59:24,749 INFO ipc.Server: Auth successful for dn/6b17b88f6a26@EXAMPLE.COM (auth:KERBEROS)
datanode_2  | 2019-11-15 04:58:54,673 INFO impl.RoleInfo: 79f78467-7a55-46dd-983a-27c84c7648ea: start LeaderElection
datanode_3  |  command succeed on datanode 31cf5ec9-777f-41d8-ba1c-b9ee1d76bb48.
kdc_1       | Nov 15 04:58:22 kdc kadmind[15](Notice): Request: kadm5_get_policy, default, Policy does not exist, client=admin/admin@EXAMPLE.COM, service=kadmin/admin@EXAMPLE.COM, addr=127.0.0.1
rm_1        | 2019-11-15 04:58:40 INFO  Server:1074 - Starting Socket Reader #1 for port 8033
datanode_1  | 2019-11-15 04:58:49,640 INFO commandhandler.CreatePipelineCommandHandler: Create Pipeline RATIS THREE #id: "600a6fef-955d-4259-9be7-41ff42a44b50"
scm_1       | 2019-11-15 04:59:24,783 INFO ipc.Server: Auth successful for dn/9e7559868cf7@EXAMPLE.COM (auth:KERBEROS)
datanode_2  | 2019-11-15 04:58:54,689 INFO impl.LeaderElection: 79f78467-7a55-46dd-983a-27c84c7648ea@group-FAA9B7210FFD-LeaderElection1: begin an election at term 1 for -1: [79f78467-7a55-46dd-983a-27c84c7648ea:172.19.0.10:9858], old=null
kdc_1       | Nov 15 04:58:22 kdc kadmind[15](Notice): Request: kadm5_create_principal, scm/9e7559868cf7@EXAMPLE.COM, success, client=admin/admin@EXAMPLE.COM, service=kadmin/admin@EXAMPLE.COM, addr=127.0.0.1
datanode_3  | 2019-11-15 04:58:54,728 INFO impl.FollowerState: 31cf5ec9-777f-41d8-ba1c-b9ee1d76bb48@group-7E982C425DDE-FollowerState: change to CANDIDATE, lastRpcTime:5159ms, electionTimeout:5159ms
rm_1        | 2019-11-15 04:58:40 INFO  RpcServerFactoryPBImpl:173 - Adding protocol org.apache.hadoop.yarn.server.api.ResourceManagerAdministrationProtocolPB to the server
datanode_1  |  command succeed on datanode 1894210e-3ec2-4979-a01a-038a0a7e64fc.
scm_1       | 2019-11-15 04:59:35,414 INFO ipc.Server: Auth successful for dn/827f808d2ccd@EXAMPLE.COM (auth:KERBEROS)
datanode_2  | 2019-11-15 04:58:54,690 INFO impl.RoleInfo: 79f78467-7a55-46dd-983a-27c84c7648ea: shutdown LeaderElection
kdc_1       | Nov 15 04:58:22 kdc kadmind[15](info): closing down fd 18
datanode_3  | 2019-11-15 04:58:54,729 INFO impl.RoleInfo: 31cf5ec9-777f-41d8-ba1c-b9ee1d76bb48: shutdown FollowerState
datanode_1  | 2019-11-15 04:58:54,680 INFO impl.FollowerState: 1894210e-3ec2-4979-a01a-038a0a7e64fc@group-41FF42A44B50-FollowerState: change to CANDIDATE, lastRpcTime:5041ms, electionTimeout:5041ms
rm_1        | 2019-11-15 04:58:40 INFO  Server:1314 - IPC Server Responder: starting
scm_1       | 2019-11-15 04:59:54,749 INFO ipc.Server: Auth successful for dn/6b17b88f6a26@EXAMPLE.COM (auth:KERBEROS)
datanode_2  | 2019-11-15 04:58:54,691 INFO impl.RaftServerImpl: 79f78467-7a55-46dd-983a-27c84c7648ea@group-FAA9B7210FFD: changes role from CANDIDATE to LEADER at term 1 for changeToLeader
kdc_1       | Nov 15 04:58:22 kdc kadmind[15](Notice): Request: kadm5_init, admin/admin@EXAMPLE.COM, success, client=admin/admin@EXAMPLE.COM, service=kadmin/admin@EXAMPLE.COM, addr=127.0.0.1, vers=4, flavor=6
datanode_3  | 2019-11-15 04:58:54,730 INFO impl.RaftServerImpl: 31cf5ec9-777f-41d8-ba1c-b9ee1d76bb48@group-7E982C425DDE: changes role from  FOLLOWER to CANDIDATE at term 0 for changeToCandidate
datanode_1  | 2019-11-15 04:58:54,681 INFO impl.RoleInfo: 1894210e-3ec2-4979-a01a-038a0a7e64fc: shutdown FollowerState
rm_1        | 2019-11-15 04:58:40 INFO  Server:1153 - IPC Server listener on 8033: starting
scm_1       | 2019-11-15 04:59:54,777 INFO ipc.Server: Auth successful for dn/9e7559868cf7@EXAMPLE.COM (auth:KERBEROS)
datanode_2  | 2019-11-15 04:58:54,691 INFO ratis.XceiverServerRatis: Leader change notification received for group: group-FAA9B7210FFD with new leaderId: 79f78467-7a55-46dd-983a-27c84c7648ea
kdc_1       | Nov 15 04:58:22 kdc kadmind[15](Notice): Request: kadm5_randkey_principal, scm/9e7559868cf7@EXAMPLE.COM, success, client=admin/admin@EXAMPLE.COM, service=kadmin/admin@EXAMPLE.COM, addr=127.0.0.1
datanode_3  | 2019-11-15 04:58:54,734 INFO impl.RoleInfo: 31cf5ec9-777f-41d8-ba1c-b9ee1d76bb48: start LeaderElection
datanode_1  | 2019-11-15 04:58:54,682 INFO impl.RaftServerImpl: 1894210e-3ec2-4979-a01a-038a0a7e64fc@group-41FF42A44B50: changes role from  FOLLOWER to CANDIDATE at term 0 for changeToCandidate
rm_1        | 2019-11-15 04:58:40 INFO  ResourceManager:1292 - Transitioning to active state
scm_1       | 2019-11-15 05:00:05,413 INFO ipc.Server: Auth successful for dn/827f808d2ccd@EXAMPLE.COM (auth:KERBEROS)
datanode_2  | 2019-11-15 04:58:54,692 INFO impl.RaftServerImpl: 79f78467-7a55-46dd-983a-27c84c7648ea@group-FAA9B7210FFD: change Leader from null to 79f78467-7a55-46dd-983a-27c84c7648ea at term 1 for becomeLeader, leader elected after 5255ms
kdc_1       | Nov 15 04:58:22 kdc kadmind[15](Notice): Request: kadm5_get_principal, scm/9e7559868cf7@EXAMPLE.COM, success, client=admin/admin@EXAMPLE.COM, service=kadmin/admin@EXAMPLE.COM, addr=127.0.0.1
datanode_3  | 2019-11-15 04:58:54,749 INFO impl.FollowerState: 31cf5ec9-777f-41d8-ba1c-b9ee1d76bb48@group-41FF42A44B50-FollowerState: change to CANDIDATE, lastRpcTime:5054ms, electionTimeout:5054ms
datanode_1  | 2019-11-15 04:58:54,686 INFO impl.RoleInfo: 1894210e-3ec2-4979-a01a-038a0a7e64fc: start LeaderElection
rm_1        | 2019-11-15 04:58:40 INFO  RMStateStore:550 - Updating AMRMToken
datanode_2  | 2019-11-15 04:58:54,697 INFO server.RaftServerConfigKeys: raft.server.staging.catchup.gap = 1000 (default)
kdc_1       | Entry for principal scm/9e7559868cf7@EXAMPLE.COM with kvno 2, encryption type aes256-cts-hmac-sha1-96 added to keytab WRFILE:/data/scm.9e7559868cf7.keytab.
datanode_3  | 2019-11-15 04:58:54,750 INFO impl.RoleInfo: 31cf5ec9-777f-41d8-ba1c-b9ee1d76bb48: shutdown FollowerState
datanode_2  | 2019-11-15 04:58:54,697 INFO server.RaftServerConfigKeys: raft.server.rpc.sleep.time = 25ms (default)
rm_1        | 2019-11-15 04:58:40 INFO  RMContainerTokenSecretManager:109 - Rolling master-key for container-tokens
datanode_1  | 2019-11-15 04:58:54,701 INFO impl.LeaderElection: 1894210e-3ec2-4979-a01a-038a0a7e64fc@group-41FF42A44B50-LeaderElection1: begin an election at term 1 for -1: [79f78467-7a55-46dd-983a-27c84c7648ea:172.19.0.10:9858, 31cf5ec9-777f-41d8-ba1c-b9ee1d76bb48:172.19.0.8:9858, 1894210e-3ec2-4979-a01a-038a0a7e64fc:172.19.0.2:9858], old=null
kdc_1       | Entry for principal scm/9e7559868cf7@EXAMPLE.COM with kvno 2, encryption type aes128-cts-hmac-sha1-96 added to keytab WRFILE:/data/scm.9e7559868cf7.keytab.
datanode_3  | 2019-11-15 04:58:54,750 INFO impl.RaftServerImpl: 31cf5ec9-777f-41d8-ba1c-b9ee1d76bb48@group-41FF42A44B50: changes role from  FOLLOWER to CANDIDATE at term 0 for changeToCandidate
datanode_2  | 2019-11-15 04:58:54,701 INFO server.RaftServerConfigKeys: raft.server.write.element-limit = 4096 (default)
rm_1        | 2019-11-15 04:58:40 INFO  NMTokenSecretManagerInRM:95 - Rolling master-key for nm-tokens
datanode_1  | 2019-11-15 04:58:54,707 INFO impl.FollowerState: 1894210e-3ec2-4979-a01a-038a0a7e64fc@group-33DC0C1BE2C4-FollowerState: change to CANDIDATE, lastRpcTime:5181ms, electionTimeout:5181ms
kdc_1       | Generiting keytab
datanode_2  | 2019-11-15 04:58:54,705 INFO server.RaftServerConfigKeys: raft.server.watch.timeout = 10s (default)
rm_1        | 2019-11-15 04:58:40 INFO  AbstractDelegationTokenSecretManager:343 - Updating the current master key for generating delegation tokens
datanode_1  | 2019-11-15 04:58:54,708 INFO impl.RoleInfo: 1894210e-3ec2-4979-a01a-038a0a7e64fc: shutdown FollowerState
kdc_1       | Authenticating as principal admin/admin with keytab /tmp/admin.keytab.
datanode_3  | 2019-11-15 04:58:54,750 INFO impl.RoleInfo: 31cf5ec9-777f-41d8-ba1c-b9ee1d76bb48: start LeaderElection
datanode_2  | 2019-11-15 04:58:54,705 INFO server.RaftServerConfigKeys: raft.server.watch.timeout.denomination = 1s (default)
rm_1        | 2019-11-15 04:58:40 INFO  RMDelegationTokenSecretManager:92 - storing master key with keyID 1
kdc_1       | WARNING: no policy specified for HTTP/6b17b88f6a26@EXAMPLE.COM; defaulting to no policy
datanode_3  | 2019-11-15 04:58:54,750 INFO impl.LeaderElection: 31cf5ec9-777f-41d8-ba1c-b9ee1d76bb48@group-7E982C425DDE-LeaderElection1: begin an election at term 1 for -1: [31cf5ec9-777f-41d8-ba1c-b9ee1d76bb48:172.19.0.8:9858], old=null
datanode_1  | 2019-11-15 04:58:54,708 INFO impl.RaftServerImpl: 1894210e-3ec2-4979-a01a-038a0a7e64fc@group-33DC0C1BE2C4: changes role from  FOLLOWER to CANDIDATE at term 0 for changeToCandidate
datanode_2  | 2019-11-15 04:58:54,706 INFO server.RaftServerConfigKeys: raft.server.watch.element-limit = 65536 (default)
rm_1        | 2019-11-15 04:58:40 INFO  RMStateStore:501 - Storing RMDTMasterKey.
kdc_1       | Principal "HTTP/6b17b88f6a26@EXAMPLE.COM" created.
datanode_3  | 2019-11-15 04:58:54,752 INFO impl.RoleInfo: 31cf5ec9-777f-41d8-ba1c-b9ee1d76bb48: shutdown LeaderElection
datanode_1  | 2019-11-15 04:58:54,708 INFO impl.RoleInfo: 1894210e-3ec2-4979-a01a-038a0a7e64fc: start LeaderElection
rm_1        | 2019-11-15 04:58:40 INFO  AbstractDelegationTokenSecretManager:675 - Starting expired delegation token remover thread, tokenRemoverScanInterval=60 min(s)
kdc_1       | Authenticating as principal admin/admin with keytab /tmp/admin.keytab.
datanode_2  | 2019-11-15 04:58:54,713 INFO impl.RoleInfo: 79f78467-7a55-46dd-983a-27c84c7648ea: start LeaderState
datanode_1  | 2019-11-15 04:58:54,723 INFO impl.LeaderElection: 1894210e-3ec2-4979-a01a-038a0a7e64fc@group-33DC0C1BE2C4-LeaderElection2: begin an election at term 1 for -1: [1894210e-3ec2-4979-a01a-038a0a7e64fc:172.19.0.2:9858], old=null
datanode_3  | 2019-11-15 04:58:54,753 INFO impl.RaftServerImpl: 31cf5ec9-777f-41d8-ba1c-b9ee1d76bb48@group-7E982C425DDE: changes role from CANDIDATE to LEADER at term 1 for changeToLeader
rm_1        | 2019-11-15 04:58:40 INFO  AbstractDelegationTokenSecretManager:343 - Updating the current master key for generating delegation tokens
kdc_1       | Entry for principal HTTP/6b17b88f6a26@EXAMPLE.COM with kvno 2, encryption type aes256-cts-hmac-sha1-96 added to keytab WRFILE:/data/HTTP.6b17b88f6a26.keytab.
kdc_1       | Entry for principal HTTP/6b17b88f6a26@EXAMPLE.COM with kvno 2, encryption type aes128-cts-hmac-sha1-96 added to keytab WRFILE:/data/HTTP.6b17b88f6a26.keytab.
datanode_1  | 2019-11-15 04:58:54,725 INFO impl.RoleInfo: 1894210e-3ec2-4979-a01a-038a0a7e64fc: shutdown LeaderElection
datanode_3  | 2019-11-15 04:58:54,753 INFO ratis.XceiverServerRatis: Leader change notification received for group: group-7E982C425DDE with new leaderId: 31cf5ec9-777f-41d8-ba1c-b9ee1d76bb48
rm_1        | 2019-11-15 04:58:40 INFO  RMDelegationTokenSecretManager:92 - storing master key with keyID 2
kdc_1       | Generiting keytab
datanode_1  | 2019-11-15 04:58:54,726 INFO impl.RaftServerImpl: 1894210e-3ec2-4979-a01a-038a0a7e64fc@group-33DC0C1BE2C4: changes role from CANDIDATE to LEADER at term 1 for changeToLeader
datanode_2  | 2019-11-15 04:58:54,730 INFO segmented.SegmentedRaftLogWorker: 79f78467-7a55-46dd-983a-27c84c7648ea@group-FAA9B7210FFD-SegmentedRaftLogWorker: Starting segment from index:0
datanode_3  | 2019-11-15 04:58:54,754 INFO impl.RaftServerImpl: 31cf5ec9-777f-41d8-ba1c-b9ee1d76bb48@group-7E982C425DDE: change Leader from null to 31cf5ec9-777f-41d8-ba1c-b9ee1d76bb48 at term 1 for becomeLeader, leader elected after 5258ms
rm_1        | 2019-11-15 04:58:40 INFO  RMStateStore:501 - Storing RMDTMasterKey.
kdc_1       | Authenticating as principal admin/admin with keytab /tmp/admin.keytab.
datanode_1  | 2019-11-15 04:58:54,726 INFO ratis.XceiverServerRatis: Leader change notification received for group: group-33DC0C1BE2C4 with new leaderId: 1894210e-3ec2-4979-a01a-038a0a7e64fc
datanode_2  | 2019-11-15 04:58:54,745 INFO impl.RaftServerImpl: 79f78467-7a55-46dd-983a-27c84c7648ea@group-FAA9B7210FFD: set configuration 0: [79f78467-7a55-46dd-983a-27c84c7648ea:172.19.0.10:9858], old=null at 0
rm_1        | 2019-11-15 04:58:40 INFO  AsyncDispatcher:223 - Registering class org.apache.hadoop.yarn.nodelabels.event.NodeLabelsStoreEventType for class org.apache.hadoop.yarn.nodelabels.CommonNodeLabelsManager$ForwardingEventHandler
datanode_3  | 2019-11-15 04:58:54,759 INFO server.RaftServerConfigKeys: raft.server.staging.catchup.gap = 1000 (default)
kdc_1       | WARNING: no policy specified for om/jhs@EXAMPLE.COM; defaulting to no policy
datanode_1  | 2019-11-15 04:58:54,727 INFO impl.RaftServerImpl: 1894210e-3ec2-4979-a01a-038a0a7e64fc@group-33DC0C1BE2C4: change Leader from null to 1894210e-3ec2-4979-a01a-038a0a7e64fc at term 1 for becomeLeader, leader elected after 5289ms
datanode_2  | 2019-11-15 04:58:54,767 INFO impl.FollowerState: 79f78467-7a55-46dd-983a-27c84c7648ea@group-41FF42A44B50-FollowerState: change to CANDIDATE, lastRpcTime:5128ms, electionTimeout:5128ms
rm_1        | 2019-11-15 04:58:41 INFO  AbstractFSNodeStore:67 - Created store directory :file:/tmp/hadoop-yarn-rm/node-attribute
datanode_3  | 2019-11-15 04:58:54,759 INFO server.RaftServerConfigKeys: raft.server.rpc.sleep.time = 25ms (default)
kdc_1       | Principal "om/jhs@EXAMPLE.COM" created.
datanode_1  | 2019-11-15 04:58:54,734 INFO server.RaftServerConfigKeys: raft.server.staging.catchup.gap = 1000 (default)
datanode_2  | 2019-11-15 04:58:54,770 INFO impl.RoleInfo: 79f78467-7a55-46dd-983a-27c84c7648ea: shutdown FollowerState
datanode_3  | 2019-11-15 04:58:54,762 INFO server.RaftServerConfigKeys: raft.server.write.element-limit = 4096 (default)
rm_1        | 2019-11-15 04:58:41 INFO  AbstractFSNodeStore:181 - Finished write mirror at:file:/tmp/hadoop-yarn-rm/node-attribute/nodeattribute.mirror
datanode_1  | 2019-11-15 04:58:54,734 INFO server.RaftServerConfigKeys: raft.server.rpc.sleep.time = 25ms (default)
datanode_2  | 2019-11-15 04:58:54,771 INFO impl.RaftServerImpl: 79f78467-7a55-46dd-983a-27c84c7648ea@group-41FF42A44B50: changes role from  FOLLOWER to CANDIDATE at term 0 for changeToCandidate
datanode_3  | 2019-11-15 04:58:54,766 INFO server.RaftServerConfigKeys: raft.server.watch.timeout = 10s (default)
rm_1        | 2019-11-15 04:58:41 INFO  AbstractFSNodeStore:182 - Finished create editlog file at:file:/tmp/hadoop-yarn-rm/node-attribute/nodeattribute.editlog
kdc_1       | Authenticating as principal admin/admin with keytab /tmp/admin.keytab.
datanode_1  | 2019-11-15 04:58:54,738 INFO server.RaftServerConfigKeys: raft.server.write.element-limit = 4096 (default)
datanode_2  | 2019-11-15 04:58:54,773 INFO impl.RoleInfo: 79f78467-7a55-46dd-983a-27c84c7648ea: start LeaderElection
datanode_3  | 2019-11-15 04:58:54,766 INFO impl.LeaderElection: 31cf5ec9-777f-41d8-ba1c-b9ee1d76bb48@group-41FF42A44B50-LeaderElection2: begin an election at term 1 for -1: [79f78467-7a55-46dd-983a-27c84c7648ea:172.19.0.10:9858, 31cf5ec9-777f-41d8-ba1c-b9ee1d76bb48:172.19.0.8:9858, 1894210e-3ec2-4979-a01a-038a0a7e64fc:172.19.0.2:9858], old=null
rm_1        | 2019-11-15 04:58:41 INFO  AsyncDispatcher:223 - Registering class org.apache.hadoop.yarn.server.resourcemanager.nodelabels.NodeAttributesStoreEventType for class org.apache.hadoop.yarn.server.resourcemanager.nodelabels.NodeAttributesManagerImpl$ForwardingEventHandler
kdc_1       | Entry for principal om/jhs@EXAMPLE.COM with kvno 2, encryption type aes256-cts-hmac-sha1-96 added to keytab WRFILE:/data/om.jhs.keytab.
datanode_1  | 2019-11-15 04:58:54,744 INFO server.RaftServerConfigKeys: raft.server.watch.timeout = 10s (default)
datanode_2  | 2019-11-15 04:58:54,792 INFO impl.LeaderElection: 79f78467-7a55-46dd-983a-27c84c7648ea@group-41FF42A44B50-LeaderElection2: begin an election at term 1 for -1: [79f78467-7a55-46dd-983a-27c84c7648ea:172.19.0.10:9858, 31cf5ec9-777f-41d8-ba1c-b9ee1d76bb48:172.19.0.8:9858, 1894210e-3ec2-4979-a01a-038a0a7e64fc:172.19.0.2:9858], old=null
datanode_3  | 2019-11-15 04:58:54,767 INFO server.RaftServerConfigKeys: raft.server.watch.timeout.denomination = 1s (default)
kdc_1       | Entry for principal om/jhs@EXAMPLE.COM with kvno 2, encryption type aes128-cts-hmac-sha1-96 added to keytab WRFILE:/data/om.jhs.keytab.
rm_1        | 2019-11-15 04:58:41 INFO  MultiNodeSortingManager:66 - Starting NodeSortingService=MultiNodeSortingManager
datanode_1  | 2019-11-15 04:58:54,744 INFO server.RaftServerConfigKeys: raft.server.watch.timeout.denomination = 1s (default)
datanode_2  | 2019-11-15 04:58:54,858 INFO segmented.SegmentedRaftLogWorker: 79f78467-7a55-46dd-983a-27c84c7648ea@group-FAA9B7210FFD-SegmentedRaftLogWorker: created new log segment /data/metadata/ratis/32a2b20a-c154-493f-8299-faa9b7210ffd/current/log_inprogress_0
datanode_3  | 2019-11-15 04:58:54,768 INFO server.RaftServerConfigKeys: raft.server.watch.element-limit = 65536 (default)
kdc_1       | Generiting keytab
rm_1        | 2019-11-15 04:58:41 INFO  CallQueueManager:84 - Using callQueue: class java.util.concurrent.LinkedBlockingQueue, queueCapacity: 5000, scheduler: class org.apache.hadoop.ipc.DefaultRpcScheduler, ipcBackoff: false.
datanode_1  | 2019-11-15 04:58:54,744 INFO server.RaftServerConfigKeys: raft.server.watch.element-limit = 65536 (default)
datanode_2  | 2019-11-15 04:58:55,140 INFO impl.LeaderElection: 79f78467-7a55-46dd-983a-27c84c7648ea@group-41FF42A44B50-LeaderElection2: Election REJECTED; received 2 response(s) [79f78467-7a55-46dd-983a-27c84c7648ea<-31cf5ec9-777f-41d8-ba1c-b9ee1d76bb48#0:FAIL-t1, 79f78467-7a55-46dd-983a-27c84c7648ea<-1894210e-3ec2-4979-a01a-038a0a7e64fc#0:FAIL-t1] and 0 exception(s); 79f78467-7a55-46dd-983a-27c84c7648ea@group-41FF42A44B50:t1, leader=null, voted=79f78467-7a55-46dd-983a-27c84c7648ea, raftlog=79f78467-7a55-46dd-983a-27c84c7648ea@group-41FF42A44B50-SegmentedRaftLog:OPENED:c-1,f-1,i0, conf=-1: [79f78467-7a55-46dd-983a-27c84c7648ea:172.19.0.10:9858, 31cf5ec9-777f-41d8-ba1c-b9ee1d76bb48:172.19.0.8:9858, 1894210e-3ec2-4979-a01a-038a0a7e64fc:172.19.0.2:9858], old=null
datanode_3  | 2019-11-15 04:58:54,777 INFO impl.RoleInfo: 31cf5ec9-777f-41d8-ba1c-b9ee1d76bb48: start LeaderState
kdc_1       | Authenticating as principal admin/admin with keytab /tmp/admin.keytab.
rm_1        | 2019-11-15 04:58:41 INFO  Server:1074 - Starting Socket Reader #1 for port 8031
datanode_1  | 2019-11-15 04:58:54,753 INFO impl.RoleInfo: 1894210e-3ec2-4979-a01a-038a0a7e64fc: start LeaderState
datanode_2  | 2019-11-15 04:58:55,142 INFO impl.RaftServerImpl: 79f78467-7a55-46dd-983a-27c84c7648ea@group-41FF42A44B50: changes role from CANDIDATE to FOLLOWER at term 1 for DISCOVERED_A_NEW_TERM
datanode_3  | 2019-11-15 04:58:54,793 INFO segmented.SegmentedRaftLogWorker: 31cf5ec9-777f-41d8-ba1c-b9ee1d76bb48@group-7E982C425DDE-SegmentedRaftLogWorker: Starting segment from index:0
kdc_1       | WARNING: no policy specified for dn/e3df9b8cebf3@EXAMPLE.COM; defaulting to no policy
rm_1        | 2019-11-15 04:58:41 INFO  RpcServerFactoryPBImpl:173 - Adding protocol org.apache.hadoop.yarn.server.api.ResourceTrackerPB to the server
datanode_1  | 2019-11-15 04:58:54,780 INFO segmented.SegmentedRaftLogWorker: 1894210e-3ec2-4979-a01a-038a0a7e64fc@group-33DC0C1BE2C4-SegmentedRaftLogWorker: Starting segment from index:0
datanode_2  | 2019-11-15 04:58:55,142 INFO impl.RoleInfo: 79f78467-7a55-46dd-983a-27c84c7648ea: shutdown LeaderElection
datanode_3  | 2019-11-15 04:58:54,822 INFO impl.RaftServerImpl: 31cf5ec9-777f-41d8-ba1c-b9ee1d76bb48@group-7E982C425DDE: set configuration 0: [31cf5ec9-777f-41d8-ba1c-b9ee1d76bb48:172.19.0.8:9858], old=null at 0
kdc_1       | Principal "dn/e3df9b8cebf3@EXAMPLE.COM" created.
datanode_1  | 2019-11-15 04:58:54,799 INFO impl.RaftServerImpl: 1894210e-3ec2-4979-a01a-038a0a7e64fc@group-33DC0C1BE2C4: set configuration 0: [1894210e-3ec2-4979-a01a-038a0a7e64fc:172.19.0.2:9858], old=null at 0
datanode_2  | 2019-11-15 04:58:55,142 INFO impl.RoleInfo: 79f78467-7a55-46dd-983a-27c84c7648ea: start FollowerState
datanode_3  | 2019-11-15 04:58:54,930 INFO segmented.SegmentedRaftLogWorker: 31cf5ec9-777f-41d8-ba1c-b9ee1d76bb48@group-7E982C425DDE-SegmentedRaftLogWorker: created new log segment /data/metadata/ratis/8ead7516-7a16-4067-a03e-7e982c425dde/current/log_inprogress_0
rm_1        | 2019-11-15 04:58:41 INFO  Server:1314 - IPC Server Responder: starting
datanode_1  | 2019-11-15 04:58:54,917 INFO segmented.SegmentedRaftLogWorker: 1894210e-3ec2-4979-a01a-038a0a7e64fc@group-33DC0C1BE2C4-SegmentedRaftLogWorker: created new log segment /data/metadata/ratis/14c01a88-6129-49b0-8564-33dc0c1be2c4/current/log_inprogress_0
datanode_2  | 2019-11-15 04:59:00,219 INFO impl.FollowerState: 79f78467-7a55-46dd-983a-27c84c7648ea@group-41FF42A44B50-FollowerState: change to CANDIDATE, lastRpcTime:5077ms, electionTimeout:5076ms
datanode_3  | 2019-11-15 04:58:55,145 INFO impl.LeaderElection: 31cf5ec9-777f-41d8-ba1c-b9ee1d76bb48@group-41FF42A44B50-LeaderElection2: Election REJECTED; received 2 response(s) [31cf5ec9-777f-41d8-ba1c-b9ee1d76bb48<-79f78467-7a55-46dd-983a-27c84c7648ea#0:FAIL-t1, 31cf5ec9-777f-41d8-ba1c-b9ee1d76bb48<-1894210e-3ec2-4979-a01a-038a0a7e64fc#0:FAIL-t1] and 0 exception(s); 31cf5ec9-777f-41d8-ba1c-b9ee1d76bb48@group-41FF42A44B50:t1, leader=null, voted=31cf5ec9-777f-41d8-ba1c-b9ee1d76bb48, raftlog=31cf5ec9-777f-41d8-ba1c-b9ee1d76bb48@group-41FF42A44B50-SegmentedRaftLog:OPENED:c-1,f-1,i0, conf=-1: [79f78467-7a55-46dd-983a-27c84c7648ea:172.19.0.10:9858, 31cf5ec9-777f-41d8-ba1c-b9ee1d76bb48:172.19.0.8:9858, 1894210e-3ec2-4979-a01a-038a0a7e64fc:172.19.0.2:9858], old=null
rm_1        | 2019-11-15 04:58:41 INFO  Server:1153 - IPC Server listener on 8031: starting
kdc_1       | Authenticating as principal admin/admin with keytab /tmp/admin.keytab.
datanode_1  | 2019-11-15 04:58:55,142 INFO impl.LeaderElection: 1894210e-3ec2-4979-a01a-038a0a7e64fc@group-41FF42A44B50-LeaderElection1: Election REJECTED; received 2 response(s) [1894210e-3ec2-4979-a01a-038a0a7e64fc<-79f78467-7a55-46dd-983a-27c84c7648ea#0:FAIL-t1, 1894210e-3ec2-4979-a01a-038a0a7e64fc<-31cf5ec9-777f-41d8-ba1c-b9ee1d76bb48#0:FAIL-t1] and 0 exception(s); 1894210e-3ec2-4979-a01a-038a0a7e64fc@group-41FF42A44B50:t1, leader=null, voted=1894210e-3ec2-4979-a01a-038a0a7e64fc, raftlog=1894210e-3ec2-4979-a01a-038a0a7e64fc@group-41FF42A44B50-SegmentedRaftLog:OPENED:c-1,f-1,i0, conf=-1: [79f78467-7a55-46dd-983a-27c84c7648ea:172.19.0.10:9858, 31cf5ec9-777f-41d8-ba1c-b9ee1d76bb48:172.19.0.8:9858, 1894210e-3ec2-4979-a01a-038a0a7e64fc:172.19.0.2:9858], old=null
datanode_2  | 2019-11-15 04:59:00,220 INFO impl.RoleInfo: 79f78467-7a55-46dd-983a-27c84c7648ea: shutdown FollowerState
datanode_3  | 2019-11-15 04:58:55,146 INFO impl.RaftServerImpl: 31cf5ec9-777f-41d8-ba1c-b9ee1d76bb48@group-41FF42A44B50: changes role from CANDIDATE to FOLLOWER at term 1 for DISCOVERED_A_NEW_TERM
rm_1        | 2019-11-15 04:58:41 INFO  JvmPauseMonitor:188 - Starting JVM pause monitor
datanode_1  | 2019-11-15 04:58:55,143 INFO impl.RaftServerImpl: 1894210e-3ec2-4979-a01a-038a0a7e64fc@group-41FF42A44B50: changes role from CANDIDATE to FOLLOWER at term 1 for DISCOVERED_A_NEW_TERM
kdc_1       | Entry for principal dn/e3df9b8cebf3@EXAMPLE.COM with kvno 2, encryption type aes256-cts-hmac-sha1-96 added to keytab WRFILE:/data/dn.e3df9b8cebf3.keytab.
datanode_2  | 2019-11-15 04:59:00,221 INFO impl.RaftServerImpl: 79f78467-7a55-46dd-983a-27c84c7648ea@group-41FF42A44B50: changes role from  FOLLOWER to CANDIDATE at term 1 for changeToCandidate
datanode_3  | 2019-11-15 04:58:55,146 INFO impl.RoleInfo: 31cf5ec9-777f-41d8-ba1c-b9ee1d76bb48: shutdown LeaderElection
rm_1        | 2019-11-15 04:58:41 INFO  CallQueueManager:84 - Using callQueue: class java.util.concurrent.LinkedBlockingQueue, queueCapacity: 5000, scheduler: class org.apache.hadoop.ipc.DefaultRpcScheduler, ipcBackoff: false.
datanode_1  | 2019-11-15 04:58:55,143 INFO impl.RoleInfo: 1894210e-3ec2-4979-a01a-038a0a7e64fc: shutdown LeaderElection
kdc_1       | Entry for principal dn/e3df9b8cebf3@EXAMPLE.COM with kvno 2, encryption type aes128-cts-hmac-sha1-96 added to keytab WRFILE:/data/dn.e3df9b8cebf3.keytab.
datanode_3  | 2019-11-15 04:58:55,146 INFO impl.RoleInfo: 31cf5ec9-777f-41d8-ba1c-b9ee1d76bb48: start FollowerState
datanode_2  | 2019-11-15 04:59:00,221 INFO impl.RoleInfo: 79f78467-7a55-46dd-983a-27c84c7648ea: start LeaderElection
rm_1        | 2019-11-15 04:58:41 INFO  Server:1074 - Starting Socket Reader #1 for port 8030
datanode_1  | 2019-11-15 04:58:55,144 INFO impl.RoleInfo: 1894210e-3ec2-4979-a01a-038a0a7e64fc: start FollowerState
kdc_1       | Generiting keytab
datanode_3  | 2019-11-15 04:59:00,227 INFO impl.FollowerState: 31cf5ec9-777f-41d8-ba1c-b9ee1d76bb48@group-41FF42A44B50-FollowerState: change to CANDIDATE, lastRpcTime:5080ms, electionTimeout:5080ms
datanode_2  | 2019-11-15 04:59:00,254 INFO impl.LeaderElection: 79f78467-7a55-46dd-983a-27c84c7648ea@group-41FF42A44B50-LeaderElection3: begin an election at term 2 for -1: [79f78467-7a55-46dd-983a-27c84c7648ea:172.19.0.10:9858, 31cf5ec9-777f-41d8-ba1c-b9ee1d76bb48:172.19.0.8:9858, 1894210e-3ec2-4979-a01a-038a0a7e64fc:172.19.0.2:9858], old=null
datanode_1  | 2019-11-15 04:59:00,209 INFO impl.FollowerState: 1894210e-3ec2-4979-a01a-038a0a7e64fc@group-41FF42A44B50-FollowerState: change to CANDIDATE, lastRpcTime:5065ms, electionTimeout:5065ms
rm_1        | 2019-11-15 04:58:41 INFO  RpcServerFactoryPBImpl:173 - Adding protocol org.apache.hadoop.yarn.api.ApplicationMasterProtocolPB to the server
kdc_1       | Authenticating as principal admin/admin with keytab /tmp/admin.keytab.
datanode_3  | 2019-11-15 04:59:00,243 INFO impl.RoleInfo: 31cf5ec9-777f-41d8-ba1c-b9ee1d76bb48: shutdown FollowerState
datanode_2  | 2019-11-15 04:59:00,296 INFO impl.LeaderElection: 79f78467-7a55-46dd-983a-27c84c7648ea@group-41FF42A44B50-LeaderElection3: Election REJECTED; received 2 response(s) [79f78467-7a55-46dd-983a-27c84c7648ea<-31cf5ec9-777f-41d8-ba1c-b9ee1d76bb48#0:FAIL-t2, 79f78467-7a55-46dd-983a-27c84c7648ea<-1894210e-3ec2-4979-a01a-038a0a7e64fc#0:FAIL-t2] and 0 exception(s); 79f78467-7a55-46dd-983a-27c84c7648ea@group-41FF42A44B50:t2, leader=null, voted=79f78467-7a55-46dd-983a-27c84c7648ea, raftlog=79f78467-7a55-46dd-983a-27c84c7648ea@group-41FF42A44B50-SegmentedRaftLog:OPENED:c-1,f-1,i0, conf=-1: [79f78467-7a55-46dd-983a-27c84c7648ea:172.19.0.10:9858, 31cf5ec9-777f-41d8-ba1c-b9ee1d76bb48:172.19.0.8:9858, 1894210e-3ec2-4979-a01a-038a0a7e64fc:172.19.0.2:9858], old=null
datanode_1  | 2019-11-15 04:59:00,210 INFO impl.RoleInfo: 1894210e-3ec2-4979-a01a-038a0a7e64fc: shutdown FollowerState
rm_1        | 2019-11-15 04:58:41 INFO  Server:1314 - IPC Server Responder: starting
kdc_1       | WARNING: no policy specified for dn/nm@EXAMPLE.COM; defaulting to no policy
datanode_3  | 2019-11-15 04:59:00,243 INFO impl.RaftServerImpl: 31cf5ec9-777f-41d8-ba1c-b9ee1d76bb48@group-41FF42A44B50: changes role from  FOLLOWER to CANDIDATE at term 1 for changeToCandidate
datanode_2  | 2019-11-15 04:59:00,297 INFO impl.RaftServerImpl: 79f78467-7a55-46dd-983a-27c84c7648ea@group-41FF42A44B50: changes role from CANDIDATE to FOLLOWER at term 2 for DISCOVERED_A_NEW_TERM
datanode_1  | 2019-11-15 04:59:00,210 INFO impl.RaftServerImpl: 1894210e-3ec2-4979-a01a-038a0a7e64fc@group-41FF42A44B50: changes role from  FOLLOWER to CANDIDATE at term 1 for changeToCandidate
rm_1        | 2019-11-15 04:58:41 INFO  Server:1153 - IPC Server listener on 8030: starting
kdc_1       | Principal "dn/nm@EXAMPLE.COM" created.
datanode_3  | 2019-11-15 04:59:00,244 INFO impl.RoleInfo: 31cf5ec9-777f-41d8-ba1c-b9ee1d76bb48: start LeaderElection
datanode_2  | 2019-11-15 04:59:00,297 INFO impl.RoleInfo: 79f78467-7a55-46dd-983a-27c84c7648ea: shutdown LeaderElection
datanode_1  | 2019-11-15 04:59:00,211 INFO impl.RoleInfo: 1894210e-3ec2-4979-a01a-038a0a7e64fc: start LeaderElection
rm_1        | 2019-11-15 04:58:41 INFO  CallQueueManager:84 - Using callQueue: class java.util.concurrent.LinkedBlockingQueue, queueCapacity: 5000, scheduler: class org.apache.hadoop.ipc.DefaultRpcScheduler, ipcBackoff: false.
datanode_3  | 2019-11-15 04:59:00,256 INFO impl.LeaderElection: 31cf5ec9-777f-41d8-ba1c-b9ee1d76bb48@group-41FF42A44B50-LeaderElection3: begin an election at term 2 for -1: [79f78467-7a55-46dd-983a-27c84c7648ea:172.19.0.10:9858, 31cf5ec9-777f-41d8-ba1c-b9ee1d76bb48:172.19.0.8:9858, 1894210e-3ec2-4979-a01a-038a0a7e64fc:172.19.0.2:9858], old=null
datanode_2  | 2019-11-15 04:59:00,298 INFO impl.RoleInfo: 79f78467-7a55-46dd-983a-27c84c7648ea: start FollowerState
datanode_1  | 2019-11-15 04:59:00,254 INFO impl.LeaderElection: 1894210e-3ec2-4979-a01a-038a0a7e64fc@group-41FF42A44B50-LeaderElection3: begin an election at term 2 for -1: [79f78467-7a55-46dd-983a-27c84c7648ea:172.19.0.10:9858, 31cf5ec9-777f-41d8-ba1c-b9ee1d76bb48:172.19.0.8:9858, 1894210e-3ec2-4979-a01a-038a0a7e64fc:172.19.0.2:9858], old=null
rm_1        | 2019-11-15 04:58:41 INFO  Server:1074 - Starting Socket Reader #1 for port 8032
kdc_1       | Authenticating as principal admin/admin with keytab /tmp/admin.keytab.
datanode_3  | 2019-11-15 04:59:00,299 INFO impl.LeaderElection: 31cf5ec9-777f-41d8-ba1c-b9ee1d76bb48@group-41FF42A44B50-LeaderElection3: Election REJECTED; received 2 response(s) [31cf5ec9-777f-41d8-ba1c-b9ee1d76bb48<-79f78467-7a55-46dd-983a-27c84c7648ea#0:FAIL-t2, 31cf5ec9-777f-41d8-ba1c-b9ee1d76bb48<-1894210e-3ec2-4979-a01a-038a0a7e64fc#0:FAIL-t2] and 0 exception(s); 31cf5ec9-777f-41d8-ba1c-b9ee1d76bb48@group-41FF42A44B50:t2, leader=null, voted=31cf5ec9-777f-41d8-ba1c-b9ee1d76bb48, raftlog=31cf5ec9-777f-41d8-ba1c-b9ee1d76bb48@group-41FF42A44B50-SegmentedRaftLog:OPENED:c-1,f-1,i0, conf=-1: [79f78467-7a55-46dd-983a-27c84c7648ea:172.19.0.10:9858, 31cf5ec9-777f-41d8-ba1c-b9ee1d76bb48:172.19.0.8:9858, 1894210e-3ec2-4979-a01a-038a0a7e64fc:172.19.0.2:9858], old=null
datanode_2  | 2019-11-15 04:59:05,319 INFO impl.FollowerState: 79f78467-7a55-46dd-983a-27c84c7648ea@group-41FF42A44B50-FollowerState: change to CANDIDATE, lastRpcTime:5021ms, electionTimeout:5020ms
datanode_1  | 2019-11-15 04:59:00,299 INFO impl.LeaderElection: 1894210e-3ec2-4979-a01a-038a0a7e64fc@group-41FF42A44B50-LeaderElection3: Election REJECTED; received 2 response(s) [1894210e-3ec2-4979-a01a-038a0a7e64fc<-31cf5ec9-777f-41d8-ba1c-b9ee1d76bb48#0:FAIL-t2, 1894210e-3ec2-4979-a01a-038a0a7e64fc<-79f78467-7a55-46dd-983a-27c84c7648ea#0:FAIL-t2] and 0 exception(s); 1894210e-3ec2-4979-a01a-038a0a7e64fc@group-41FF42A44B50:t2, leader=null, voted=1894210e-3ec2-4979-a01a-038a0a7e64fc, raftlog=1894210e-3ec2-4979-a01a-038a0a7e64fc@group-41FF42A44B50-SegmentedRaftLog:OPENED:c-1,f-1,i0, conf=-1: [79f78467-7a55-46dd-983a-27c84c7648ea:172.19.0.10:9858, 31cf5ec9-777f-41d8-ba1c-b9ee1d76bb48:172.19.0.8:9858, 1894210e-3ec2-4979-a01a-038a0a7e64fc:172.19.0.2:9858], old=null
rm_1        | 2019-11-15 04:58:41 INFO  RpcServerFactoryPBImpl:173 - Adding protocol org.apache.hadoop.yarn.api.ApplicationClientProtocolPB to the server
kdc_1       | Entry for principal dn/nm@EXAMPLE.COM with kvno 2, encryption type aes256-cts-hmac-sha1-96 added to keytab WRFILE:/data/dn.nm.keytab.
datanode_3  | 2019-11-15 04:59:00,300 INFO impl.RaftServerImpl: 31cf5ec9-777f-41d8-ba1c-b9ee1d76bb48@group-41FF42A44B50: changes role from CANDIDATE to FOLLOWER at term 2 for DISCOVERED_A_NEW_TERM
datanode_2  | 2019-11-15 04:59:05,320 INFO impl.RoleInfo: 79f78467-7a55-46dd-983a-27c84c7648ea: shutdown FollowerState
datanode_1  | 2019-11-15 04:59:00,300 INFO impl.RaftServerImpl: 1894210e-3ec2-4979-a01a-038a0a7e64fc@group-41FF42A44B50: changes role from CANDIDATE to FOLLOWER at term 2 for DISCOVERED_A_NEW_TERM
rm_1        | 2019-11-15 04:58:41 INFO  Server:1314 - IPC Server Responder: starting
kdc_1       | Entry for principal dn/nm@EXAMPLE.COM with kvno 2, encryption type aes128-cts-hmac-sha1-96 added to keytab WRFILE:/data/dn.nm.keytab.
datanode_3  | 2019-11-15 04:59:00,300 INFO impl.RoleInfo: 31cf5ec9-777f-41d8-ba1c-b9ee1d76bb48: shutdown LeaderElection
datanode_1  | 2019-11-15 04:59:00,300 INFO impl.RoleInfo: 1894210e-3ec2-4979-a01a-038a0a7e64fc: shutdown LeaderElection
datanode_2  | 2019-11-15 04:59:05,320 INFO impl.RaftServerImpl: 79f78467-7a55-46dd-983a-27c84c7648ea@group-41FF42A44B50: changes role from  FOLLOWER to CANDIDATE at term 2 for changeToCandidate
rm_1        | 2019-11-15 04:58:41 INFO  Server:1153 - IPC Server listener on 8032: starting
kdc_1       | Generiting keytab
datanode_3  | 2019-11-15 04:59:00,300 INFO impl.RoleInfo: 31cf5ec9-777f-41d8-ba1c-b9ee1d76bb48: start FollowerState
datanode_1  | 2019-11-15 04:59:00,301 INFO impl.RoleInfo: 1894210e-3ec2-4979-a01a-038a0a7e64fc: start FollowerState
datanode_2  | 2019-11-15 04:59:05,320 INFO impl.RoleInfo: 79f78467-7a55-46dd-983a-27c84c7648ea: start LeaderElection
rm_1        | 2019-11-15 04:58:41 INFO  ResourceManager:1308 - Transitioned to active state
datanode_3  | 2019-11-15 04:59:05,365 INFO impl.RaftServerImpl: 31cf5ec9-777f-41d8-ba1c-b9ee1d76bb48@group-41FF42A44B50: changes role from  FOLLOWER to FOLLOWER at term 3 for recognizeCandidate:79f78467-7a55-46dd-983a-27c84c7648ea
datanode_1  | 2019-11-15 04:59:05,365 INFO impl.RaftServerImpl: 1894210e-3ec2-4979-a01a-038a0a7e64fc@group-41FF42A44B50: changes role from  FOLLOWER to FOLLOWER at term 3 for recognizeCandidate:79f78467-7a55-46dd-983a-27c84c7648ea
kdc_1       | Authenticating as principal admin/admin with keytab /tmp/admin.keytab.
datanode_2  | 2019-11-15 04:59:05,336 INFO impl.LeaderElection: 79f78467-7a55-46dd-983a-27c84c7648ea@group-41FF42A44B50-LeaderElection4: begin an election at term 3 for -1: [79f78467-7a55-46dd-983a-27c84c7648ea:172.19.0.10:9858, 31cf5ec9-777f-41d8-ba1c-b9ee1d76bb48:172.19.0.8:9858, 1894210e-3ec2-4979-a01a-038a0a7e64fc:172.19.0.2:9858], old=null
rm_1        | 2019-11-15 04:58:42 INFO  Server:1849 - Auth successful for nm/nm@EXAMPLE.COM (auth:KERBEROS)
datanode_3  | 2019-11-15 04:59:05,365 INFO impl.RoleInfo: 31cf5ec9-777f-41d8-ba1c-b9ee1d76bb48: shutdown FollowerState
datanode_1  | 2019-11-15 04:59:05,366 INFO impl.RoleInfo: 1894210e-3ec2-4979-a01a-038a0a7e64fc: shutdown FollowerState
kdc_1       | WARNING: no policy specified for om/827f808d2ccd@EXAMPLE.COM; defaulting to no policy
datanode_2  | 2019-11-15 04:59:05,389 INFO impl.LeaderElection: 79f78467-7a55-46dd-983a-27c84c7648ea@group-41FF42A44B50-LeaderElection4: Election PASSED; received 1 response(s) [79f78467-7a55-46dd-983a-27c84c7648ea<-31cf5ec9-777f-41d8-ba1c-b9ee1d76bb48#0:OK-t3] and 0 exception(s); 79f78467-7a55-46dd-983a-27c84c7648ea@group-41FF42A44B50:t3, leader=null, voted=79f78467-7a55-46dd-983a-27c84c7648ea, raftlog=79f78467-7a55-46dd-983a-27c84c7648ea@group-41FF42A44B50-SegmentedRaftLog:OPENED:c-1,f-1,i0, conf=-1: [79f78467-7a55-46dd-983a-27c84c7648ea:172.19.0.10:9858, 31cf5ec9-777f-41d8-ba1c-b9ee1d76bb48:172.19.0.8:9858, 1894210e-3ec2-4979-a01a-038a0a7e64fc:172.19.0.2:9858], old=null
rm_1        | 2019-11-15 04:58:42 INFO  ResourceTrackerService:497 - NodeManager from node nm(cmPort: 45842 httpPort: 8042) registered with capability: <memory:8192, vCores:8>, assigned nodeId nm:45842
datanode_3  | 2019-11-15 04:59:05,366 INFO impl.RoleInfo: 31cf5ec9-777f-41d8-ba1c-b9ee1d76bb48: start FollowerState
kdc_1       | Principal "om/827f808d2ccd@EXAMPLE.COM" created.
datanode_2  | 2019-11-15 04:59:05,389 INFO impl.RoleInfo: 79f78467-7a55-46dd-983a-27c84c7648ea: shutdown LeaderElection
rm_1        | 2019-11-15 04:58:42 INFO  RMNodeImpl:674 - nm:45842 Node Transitioned from NEW to RUNNING
datanode_3  | 2019-11-15 04:59:05,366 INFO impl.FollowerState: 31cf5ec9-777f-41d8-ba1c-b9ee1d76bb48@group-41FF42A44B50-FollowerState was interrupted: java.lang.InterruptedException: sleep interrupted
datanode_1  | 2019-11-15 04:59:05,366 INFO impl.RoleInfo: 1894210e-3ec2-4979-a01a-038a0a7e64fc: start FollowerState
datanode_2  | 2019-11-15 04:59:05,390 INFO impl.RaftServerImpl: 79f78467-7a55-46dd-983a-27c84c7648ea@group-41FF42A44B50: changes role from CANDIDATE to LEADER at term 3 for changeToLeader
kdc_1       | Authenticating as principal admin/admin with keytab /tmp/admin.keytab.
rm_1        | 2019-11-15 04:58:42 INFO  CapacityScheduler:2004 - Added node nm:45842 clusterResource: <memory:8192, vCores:8>
datanode_3  | 2019-11-15 04:59:05,489 INFO ratis.XceiverServerRatis: Leader change notification received for group: group-41FF42A44B50 with new leaderId: 79f78467-7a55-46dd-983a-27c84c7648ea
datanode_1  | 2019-11-15 04:59:05,366 INFO impl.FollowerState: 1894210e-3ec2-4979-a01a-038a0a7e64fc@group-41FF42A44B50-FollowerState was interrupted: java.lang.InterruptedException: sleep interrupted
kdc_1       | Entry for principal om/827f808d2ccd@EXAMPLE.COM with kvno 2, encryption type aes256-cts-hmac-sha1-96 added to keytab WRFILE:/data/om.827f808d2ccd.keytab.
datanode_2  | 2019-11-15 04:59:05,390 INFO ratis.XceiverServerRatis: Leader change notification received for group: group-41FF42A44B50 with new leaderId: 79f78467-7a55-46dd-983a-27c84c7648ea
datanode_3  | 2019-11-15 04:59:05,489 INFO impl.RaftServerImpl: 31cf5ec9-777f-41d8-ba1c-b9ee1d76bb48@group-41FF42A44B50: change Leader from null to 79f78467-7a55-46dd-983a-27c84c7648ea at term 3 for appendEntries, leader elected after 15798ms
datanode_1  | 2019-11-15 04:59:05,490 INFO ratis.XceiverServerRatis: Leader change notification received for group: group-41FF42A44B50 with new leaderId: 79f78467-7a55-46dd-983a-27c84c7648ea
kdc_1       | Entry for principal om/827f808d2ccd@EXAMPLE.COM with kvno 2, encryption type aes128-cts-hmac-sha1-96 added to keytab WRFILE:/data/om.827f808d2ccd.keytab.
datanode_3  | 2019-11-15 04:59:05,515 INFO impl.RaftServerImpl: 31cf5ec9-777f-41d8-ba1c-b9ee1d76bb48@group-41FF42A44B50: set configuration 0: [79f78467-7a55-46dd-983a-27c84c7648ea:172.19.0.10:9858, 31cf5ec9-777f-41d8-ba1c-b9ee1d76bb48:172.19.0.8:9858, 1894210e-3ec2-4979-a01a-038a0a7e64fc:172.19.0.2:9858], old=null at 0
datanode_1  | 2019-11-15 04:59:05,490 INFO impl.RaftServerImpl: 1894210e-3ec2-4979-a01a-038a0a7e64fc@group-41FF42A44B50: change Leader from null to 79f78467-7a55-46dd-983a-27c84c7648ea at term 3 for appendEntries, leader elected after 15855ms
datanode_2  | 2019-11-15 04:59:05,390 INFO impl.RaftServerImpl: 79f78467-7a55-46dd-983a-27c84c7648ea@group-41FF42A44B50: change Leader from null to 79f78467-7a55-46dd-983a-27c84c7648ea at term 3 for becomeLeader, leader elected after 15755ms
kdc_1       | Generiting keytab
datanode_3  | 2019-11-15 04:59:05,516 INFO segmented.SegmentedRaftLogWorker: 31cf5ec9-777f-41d8-ba1c-b9ee1d76bb48@group-41FF42A44B50-SegmentedRaftLogWorker: Starting segment from index:0
datanode_1  | 2019-11-15 04:59:05,514 INFO impl.RaftServerImpl: 1894210e-3ec2-4979-a01a-038a0a7e64fc@group-41FF42A44B50: set configuration 0: [79f78467-7a55-46dd-983a-27c84c7648ea:172.19.0.10:9858, 31cf5ec9-777f-41d8-ba1c-b9ee1d76bb48:172.19.0.8:9858, 1894210e-3ec2-4979-a01a-038a0a7e64fc:172.19.0.2:9858], old=null at 0
datanode_2  | 2019-11-15 04:59:05,391 INFO server.RaftServerConfigKeys: raft.server.staging.catchup.gap = 1000 (default)
kdc_1       | Authenticating as principal admin/admin with keytab /tmp/admin.keytab.
datanode_3  | 2019-11-15 04:59:05,568 INFO segmented.SegmentedRaftLogWorker: 31cf5ec9-777f-41d8-ba1c-b9ee1d76bb48@group-41FF42A44B50-SegmentedRaftLogWorker: created new log segment /data/metadata/ratis/600a6fef-955d-4259-9be7-41ff42a44b50/current/log_inprogress_0
datanode_1  | 2019-11-15 04:59:05,515 INFO segmented.SegmentedRaftLogWorker: 1894210e-3ec2-4979-a01a-038a0a7e64fc@group-41FF42A44B50-SegmentedRaftLogWorker: Starting segment from index:0
datanode_2  | 2019-11-15 04:59:05,391 INFO server.RaftServerConfigKeys: raft.server.rpc.sleep.time = 25ms (default)
kdc_1       | WARNING: no policy specified for HTTP/s3g@EXAMPLE.COM; defaulting to no policy
datanode_2  | 2019-11-15 04:59:05,391 INFO server.RaftServerConfigKeys: raft.server.write.element-limit = 4096 (default)
kdc_1       | Principal "HTTP/s3g@EXAMPLE.COM" created.
datanode_1  | 2019-11-15 04:59:05,568 INFO segmented.SegmentedRaftLogWorker: 1894210e-3ec2-4979-a01a-038a0a7e64fc@group-41FF42A44B50-SegmentedRaftLogWorker: created new log segment /data/metadata/ratis/600a6fef-955d-4259-9be7-41ff42a44b50/current/log_inprogress_0
datanode_2  | 2019-11-15 04:59:05,392 INFO server.RaftServerConfigKeys: raft.server.watch.timeout = 10s (default)
kdc_1       | Authenticating as principal admin/admin with keytab /tmp/admin.keytab.
datanode_2  | 2019-11-15 04:59:05,392 INFO server.RaftServerConfigKeys: raft.server.watch.timeout.denomination = 1s (default)
kdc_1       | Entry for principal HTTP/s3g@EXAMPLE.COM with kvno 2, encryption type aes256-cts-hmac-sha1-96 added to keytab WRFILE:/data/HTTP.s3g.keytab.
datanode_2  | 2019-11-15 04:59:05,392 INFO server.RaftServerConfigKeys: raft.server.watch.element-limit = 65536 (default)
kdc_1       | Entry for principal HTTP/s3g@EXAMPLE.COM with kvno 2, encryption type aes128-cts-hmac-sha1-96 added to keytab WRFILE:/data/HTTP.s3g.keytab.
datanode_2  | 2019-11-15 04:59:05,397 INFO server.RaftServerConfigKeys: raft.server.log.appender.snapshot.chunk.size.max = 16MB (=16777216) (default)
kdc_1       | Generiting keytab
datanode_2  | 2019-11-15 04:59:05,397 INFO server.RaftServerConfigKeys: raft.server.log.appender.buffer.byte-limit = 33554432 (custom)
kdc_1       | Authenticating as principal admin/admin with keytab /tmp/admin.keytab.
datanode_2  | 2019-11-15 04:59:05,398 INFO server.RaftServerConfigKeys: raft.server.log.appender.buffer.element-limit = 1 (custom)
kdc_1       | WARNING: no policy specified for HTTP/om@EXAMPLE.COM; defaulting to no policy
datanode_2  | 2019-11-15 04:59:05,402 INFO grpc.GrpcConfigKeys$Server: raft.grpc.server.leader.outstanding.appends.max = 128 (default)
kdc_1       | Principal "HTTP/om@EXAMPLE.COM" created.
datanode_2  | 2019-11-15 04:59:05,403 INFO server.RaftServerConfigKeys: raft.server.rpc.request.timeout = 3000ms (default)
kdc_1       | Authenticating as principal admin/admin with keytab /tmp/admin.keytab.
datanode_2  | 2019-11-15 04:59:05,403 INFO server.RaftServerConfigKeys: raft.server.log.appender.install.snapshot.enabled = false (custom)
kdc_1       | Entry for principal HTTP/om@EXAMPLE.COM with kvno 2, encryption type aes256-cts-hmac-sha1-96 added to keytab WRFILE:/data/HTTP.om.keytab.
datanode_2  | 2019-11-15 04:59:05,405 WARN impl.MetricRegistriesImpl: First MetricRegistry has been created without registering reporters. You may need to call MetricRegistries.global().addReportRegistration(...) before.
kdc_1       | Entry for principal HTTP/om@EXAMPLE.COM with kvno 2, encryption type aes128-cts-hmac-sha1-96 added to keytab WRFILE:/data/HTTP.om.keytab.
datanode_2  | 2019-11-15 04:59:05,407 INFO server.RaftServerConfigKeys: raft.server.log.appender.snapshot.chunk.size.max = 16MB (=16777216) (default)
kdc_1       | Generiting keytab
datanode_2  | 2019-11-15 04:59:05,407 INFO server.RaftServerConfigKeys: raft.server.log.appender.buffer.byte-limit = 33554432 (custom)
kdc_1       | Authenticating as principal admin/admin with keytab /tmp/admin.keytab.
datanode_2  | 2019-11-15 04:59:05,407 INFO server.RaftServerConfigKeys: raft.server.log.appender.buffer.element-limit = 1 (custom)
kdc_1       | WARNING: no policy specified for HTTP/scm@EXAMPLE.COM; defaulting to no policy
datanode_2  | 2019-11-15 04:59:05,407 INFO grpc.GrpcConfigKeys$Server: raft.grpc.server.leader.outstanding.appends.max = 128 (default)
kdc_1       | Principal "HTTP/scm@EXAMPLE.COM" created.
datanode_2  | 2019-11-15 04:59:05,407 INFO server.RaftServerConfigKeys: raft.server.rpc.request.timeout = 3000ms (default)
kdc_1       | Nov 15 04:58:22 kdc krb5kdc[9](info): AS_REQ (8 etypes {18 17 20 19 16 23 25 26}) 127.0.0.1: SERVER_NOT_FOUND: admin/admin@EXAMPLE.COM for kadmin/localhost@EXAMPLE.COM, Server not found in Kerberos database
datanode_2  | 2019-11-15 04:59:05,407 INFO server.RaftServerConfigKeys: raft.server.log.appender.install.snapshot.enabled = false (custom)
datanode_2  | 2019-11-15 04:59:05,411 INFO impl.RoleInfo: 79f78467-7a55-46dd-983a-27c84c7648ea: start LeaderState
kdc_1       | Nov 15 04:58:22 kdc krb5kdc[9](info): AS_REQ (8 etypes {18 17 20 19 16 23 25 26}) 127.0.0.1: ISSUE: authtime 1573793902, etypes {rep=18 tkt=18 ses=18}, admin/admin@EXAMPLE.COM for kadmin/admin@EXAMPLE.COM
datanode_2  | 2019-11-15 04:59:05,412 INFO segmented.SegmentedRaftLogWorker: 79f78467-7a55-46dd-983a-27c84c7648ea@group-41FF42A44B50-SegmentedRaftLogWorker: Starting segment from index:0
kdc_1       | Nov 15 04:58:23 kdc krb5kdc[9](info): AS_REQ (8 etypes {18 17 20 19 16 23 25 26}) 127.0.0.1: SERVER_NOT_FOUND: admin/admin@EXAMPLE.COM for kadmin/localhost@EXAMPLE.COM, Server not found in Kerberos database
datanode_2  | 2019-11-15 04:59:05,414 INFO impl.RaftServerImpl: 79f78467-7a55-46dd-983a-27c84c7648ea@group-41FF42A44B50: set configuration 0: [79f78467-7a55-46dd-983a-27c84c7648ea:172.19.0.10:9858, 31cf5ec9-777f-41d8-ba1c-b9ee1d76bb48:172.19.0.8:9858, 1894210e-3ec2-4979-a01a-038a0a7e64fc:172.19.0.2:9858], old=null at 0
kdc_1       | Nov 15 04:58:23 kdc krb5kdc[9](info): AS_REQ (8 etypes {18 17 20 19 16 23 25 26}) 127.0.0.1: ISSUE: authtime 1573793903, etypes {rep=18 tkt=18 ses=18}, admin/admin@EXAMPLE.COM for kadmin/admin@EXAMPLE.COM
datanode_2  | 2019-11-15 04:59:05,457 INFO segmented.SegmentedRaftLogWorker: 79f78467-7a55-46dd-983a-27c84c7648ea@group-41FF42A44B50-SegmentedRaftLogWorker: created new log segment /data/metadata/ratis/600a6fef-955d-4259-9be7-41ff42a44b50/current/log_inprogress_0
kdc_1       | Nov 15 04:58:23 kdc krb5kdc[9](info): AS_REQ (8 etypes {18 17 20 19 16 23 25 26}) 127.0.0.1: SERVER_NOT_FOUND: admin/admin@EXAMPLE.COM for kadmin/localhost@EXAMPLE.COM, Server not found in Kerberos database
kdc_1       | Nov 15 04:58:23 kdc krb5kdc[9](info): AS_REQ (8 etypes {18 17 20 19 16 23 25 26}) 127.0.0.1: ISSUE: authtime 1573793903, etypes {rep=18 tkt=18 ses=18}, admin/admin@EXAMPLE.COM for kadmin/admin@EXAMPLE.COM
kdc_1       | Nov 15 04:58:23 kdc krb5kdc[9](info): AS_REQ (8 etypes {18 17 20 19 16 23 25 26}) 127.0.0.1: SERVER_NOT_FOUND: admin/admin@EXAMPLE.COM for kadmin/localhost@EXAMPLE.COM, Server not found in Kerberos database
kdc_1       | Nov 15 04:58:23 kdc krb5kdc[9](info): AS_REQ (8 etypes {18 17 20 19 16 23 25 26}) 127.0.0.1: ISSUE: authtime 1573793903, etypes {rep=18 tkt=18 ses=18}, admin/admin@EXAMPLE.COM for kadmin/admin@EXAMPLE.COM
kdc_1       | Nov 15 04:58:23 kdc krb5kdc[9](info): AS_REQ (8 etypes {18 17 20 19 16 23 25 26}) 127.0.0.1: SERVER_NOT_FOUND: admin/admin@EXAMPLE.COM for kadmin/localhost@EXAMPLE.COM, Server not found in Kerberos database
kdc_1       | Nov 15 04:58:23 kdc krb5kdc[9](info): AS_REQ (8 etypes {18 17 20 19 16 23 25 26}) 127.0.0.1: ISSUE: authtime 1573793903, etypes {rep=18 tkt=18 ses=18}, admin/admin@EXAMPLE.COM for kadmin/admin@EXAMPLE.COM
kdc_1       | Nov 15 04:58:23 kdc krb5kdc[9](info): AS_REQ (8 etypes {18 17 20 19 16 23 25 26}) 127.0.0.1: SERVER_NOT_FOUND: admin/admin@EXAMPLE.COM for kadmin/localhost@EXAMPLE.COM, Server not found in Kerberos database
kdc_1       | Nov 15 04:58:23 kdc krb5kdc[9](info): AS_REQ (8 etypes {18 17 20 19 16 23 25 26}) 127.0.0.1: ISSUE: authtime 1573793903, etypes {rep=18 tkt=18 ses=18}, admin/admin@EXAMPLE.COM for kadmin/admin@EXAMPLE.COM
kdc_1       | Nov 15 04:58:23 kdc krb5kdc[9](info): AS_REQ (8 etypes {18 17 20 19 16 23 25 26}) 127.0.0.1: SERVER_NOT_FOUND: admin/admin@EXAMPLE.COM for kadmin/localhost@EXAMPLE.COM, Server not found in Kerberos database
kdc_1       | Nov 15 04:58:23 kdc krb5kdc[9](info): AS_REQ (8 etypes {18 17 20 19 16 23 25 26}) 127.0.0.1: ISSUE: authtime 1573793903, etypes {rep=18 tkt=18 ses=18}, admin/admin@EXAMPLE.COM for kadmin/admin@EXAMPLE.COM
kdc_1       | Nov 15 04:58:23 kdc krb5kdc[9](info): AS_REQ (8 etypes {18 17 20 19 16 23 25 26}) 127.0.0.1: SERVER_NOT_FOUND: admin/admin@EXAMPLE.COM for kadmin/localhost@EXAMPLE.COM, Server not found in Kerberos database
kdc_1       | Nov 15 04:58:23 kdc krb5kdc[9](info): AS_REQ (8 etypes {18 17 20 19 16 23 25 26}) 127.0.0.1: ISSUE: authtime 1573793903, etypes {rep=18 tkt=18 ses=18}, admin/admin@EXAMPLE.COM for kadmin/admin@EXAMPLE.COM
kdc_1       | Nov 15 04:58:23 kdc krb5kdc[9](info): AS_REQ (8 etypes {18 17 20 19 16 23 25 26}) 127.0.0.1: SERVER_NOT_FOUND: admin/admin@EXAMPLE.COM for kadmin/localhost@EXAMPLE.COM, Server not found in Kerberos database
kdc_1       | Nov 15 04:58:23 kdc krb5kdc[9](info): AS_REQ (8 etypes {18 17 20 19 16 23 25 26}) 127.0.0.1: ISSUE: authtime 1573793903, etypes {rep=18 tkt=18 ses=18}, admin/admin@EXAMPLE.COM for kadmin/admin@EXAMPLE.COM
kdc_1       | Nov 15 04:58:23 kdc krb5kdc[9](info): AS_REQ (8 etypes {18 17 20 19 16 23 25 26}) 127.0.0.1: SERVER_NOT_FOUND: admin/admin@EXAMPLE.COM for kadmin/localhost@EXAMPLE.COM, Server not found in Kerberos database
kdc_1       | Nov 15 04:58:23 kdc krb5kdc[9](info): AS_REQ (8 etypes {18 17 20 19 16 23 25 26}) 127.0.0.1: ISSUE: authtime 1573793903, etypes {rep=18 tkt=18 ses=18}, admin/admin@EXAMPLE.COM for kadmin/admin@EXAMPLE.COM
kdc_1       | Nov 15 04:58:23 kdc krb5kdc[9](info): AS_REQ (8 etypes {18 17 20 19 16 23 25 26}) 127.0.0.1: SERVER_NOT_FOUND: admin/admin@EXAMPLE.COM for kadmin/localhost@EXAMPLE.COM, Server not found in Kerberos database
kdc_1       | Nov 15 04:58:23 kdc krb5kdc[9](info): AS_REQ (8 etypes {18 17 20 19 16 23 25 26}) 127.0.0.1: ISSUE: authtime 1573793903, etypes {rep=18 tkt=18 ses=18}, admin/admin@EXAMPLE.COM for kadmin/admin@EXAMPLE.COM
kdc_1       | Nov 15 04:58:23 kdc krb5kdc[9](info): AS_REQ (8 etypes {18 17 20 19 16 23 25 26}) 127.0.0.1: SERVER_NOT_FOUND: admin/admin@EXAMPLE.COM for kadmin/localhost@EXAMPLE.COM, Server not found in Kerberos database
kdc_1       | Nov 15 04:58:23 kdc krb5kdc[9](info): AS_REQ (8 etypes {18 17 20 19 16 23 25 26}) 127.0.0.1: ISSUE: authtime 1573793903, etypes {rep=18 tkt=18 ses=18}, admin/admin@EXAMPLE.COM for kadmin/admin@EXAMPLE.COM
