datanode_1  | 2019-11-15 04:47:57,789 INFO impl.RaftServerImpl: ced10973-a25e-4e72-8fb9-5f29609a4434@group-50C9423BC6BF: changes role from  FOLLOWER to CANDIDATE at term 0 for changeToCandidate
datanode_2  | 2019-11-15 04:47:57,792 INFO impl.FollowerState: d5241c5f-e460-45dd-8743-f6c0bebbd6d6@group-D214E5DE230F-FollowerState: change to CANDIDATE, lastRpcTime:5006ms, electionTimeout:5006ms
datanode_3  | 2019-11-15 04:47:58,238 INFO impl.RoleInfo: 65e15245-60a5-4c73-a166-90a91d897d7b: shutdown FollowerState
datanode_1  | 2019-11-15 04:47:57,790 INFO impl.RoleInfo: ced10973-a25e-4e72-8fb9-5f29609a4434: start LeaderElection
datanode_2  | 2019-11-15 04:47:57,794 INFO impl.RoleInfo: d5241c5f-e460-45dd-8743-f6c0bebbd6d6: shutdown FollowerState
datanode_3  | 2019-11-15 04:47:58,238 INFO impl.FollowerState: 65e15245-60a5-4c73-a166-90a91d897d7b@group-D214E5DE230F-FollowerState was interrupted: java.lang.InterruptedException: sleep interrupted
datanode_1  | 2019-11-15 04:47:57,804 INFO impl.LeaderElection: ced10973-a25e-4e72-8fb9-5f29609a4434@group-50C9423BC6BF-LeaderElection2: begin an election at term 1 for -1: [ced10973-a25e-4e72-8fb9-5f29609a4434:172.19.0.6:9858], old=null
datanode_2  | 2019-11-15 04:47:57,794 INFO impl.RaftServerImpl: d5241c5f-e460-45dd-8743-f6c0bebbd6d6@group-D214E5DE230F: changes role from  FOLLOWER to CANDIDATE at term 0 for changeToCandidate
datanode_1  | 2019-11-15 04:47:57,804 INFO impl.LeaderElection: ced10973-a25e-4e72-8fb9-5f29609a4434@group-D214E5DE230F-LeaderElection1: begin an election at term 1 for -1: [ced10973-a25e-4e72-8fb9-5f29609a4434:172.19.0.6:9858, d5241c5f-e460-45dd-8743-f6c0bebbd6d6:172.19.0.5:9858, 65e15245-60a5-4c73-a166-90a91d897d7b:172.19.0.4:9858], old=null
datanode_2  | 2019-11-15 04:47:57,806 INFO impl.RoleInfo: d5241c5f-e460-45dd-8743-f6c0bebbd6d6: start LeaderElection
datanode_3  | 2019-11-15 04:47:58,238 INFO impl.RoleInfo: 65e15245-60a5-4c73-a166-90a91d897d7b: start FollowerState
datanode_1  | 2019-11-15 04:47:57,806 INFO impl.RoleInfo: ced10973-a25e-4e72-8fb9-5f29609a4434: shutdown LeaderElection
datanode_2  | 2019-11-15 04:47:57,816 INFO impl.FollowerState: d5241c5f-e460-45dd-8743-f6c0bebbd6d6@group-112BC8113F91-FollowerState: change to CANDIDATE, lastRpcTime:5131ms, electionTimeout:5131ms
datanode_3  | WARNING: An illegal reflective access operation has occurred
datanode_2  | 2019-11-15 04:47:57,816 INFO impl.RoleInfo: d5241c5f-e460-45dd-8743-f6c0bebbd6d6: shutdown FollowerState
datanode_1  | 2019-11-15 04:47:57,806 INFO impl.RaftServerImpl: ced10973-a25e-4e72-8fb9-5f29609a4434@group-50C9423BC6BF: changes role from CANDIDATE to LEADER at term 1 for changeToLeader
datanode_3  | WARNING: Illegal reflective access by org.apache.ratis.thirdparty.com.google.protobuf.UnsafeUtil (file:/opt/hadoop/share/ozone/lib/ratis-thirdparty-misc-0.2.0.jar) to field java.nio.Buffer.address
datanode_2  | 2019-11-15 04:47:57,816 INFO impl.RaftServerImpl: d5241c5f-e460-45dd-8743-f6c0bebbd6d6@group-112BC8113F91: changes role from  FOLLOWER to CANDIDATE at term 0 for changeToCandidate
datanode_1  | 2019-11-15 04:47:57,806 INFO ratis.XceiverServerRatis: Leader change notification received for group: group-50C9423BC6BF with new leaderId: ced10973-a25e-4e72-8fb9-5f29609a4434
datanode_3  | WARNING: Please consider reporting this to the maintainers of org.apache.ratis.thirdparty.com.google.protobuf.UnsafeUtil
datanode_2  | 2019-11-15 04:47:57,816 INFO impl.RoleInfo: d5241c5f-e460-45dd-8743-f6c0bebbd6d6: start LeaderElection
datanode_1  | 2019-11-15 04:47:57,810 INFO impl.RaftServerImpl: ced10973-a25e-4e72-8fb9-5f29609a4434@group-50C9423BC6BF: change Leader from null to ced10973-a25e-4e72-8fb9-5f29609a4434 at term 1 for becomeLeader, leader elected after 5286ms
datanode_2  | 2019-11-15 04:47:57,834 INFO impl.LeaderElection: d5241c5f-e460-45dd-8743-f6c0bebbd6d6@group-112BC8113F91-LeaderElection2: begin an election at term 1 for -1: [d5241c5f-e460-45dd-8743-f6c0bebbd6d6:172.19.0.5:9858], old=null
datanode_1  | 2019-11-15 04:47:57,815 INFO server.RaftServerConfigKeys: raft.server.staging.catchup.gap = 1000 (default)
datanode_3  | WARNING: Use --illegal-access=warn to enable warnings of further illegal reflective access operations
datanode_2  | 2019-11-15 04:47:57,834 INFO impl.LeaderElection: d5241c5f-e460-45dd-8743-f6c0bebbd6d6@group-D214E5DE230F-LeaderElection1: begin an election at term 1 for -1: [ced10973-a25e-4e72-8fb9-5f29609a4434:172.19.0.6:9858, d5241c5f-e460-45dd-8743-f6c0bebbd6d6:172.19.0.5:9858, 65e15245-60a5-4c73-a166-90a91d897d7b:172.19.0.4:9858], old=null
datanode_1  | 2019-11-15 04:47:57,815 INFO server.RaftServerConfigKeys: raft.server.rpc.sleep.time = 25ms (default)
datanode_3  | WARNING: All illegal access operations will be denied in a future release
datanode_2  | 2019-11-15 04:47:57,835 INFO impl.RoleInfo: d5241c5f-e460-45dd-8743-f6c0bebbd6d6: shutdown LeaderElection
datanode_1  | 2019-11-15 04:47:57,818 INFO server.RaftServerConfigKeys: raft.server.write.element-limit = 4096 (default)
datanode_3  | 2019-11-15 04:47:58,400 INFO ratis.XceiverServerRatis: Leader change notification received for group: group-D214E5DE230F with new leaderId: ced10973-a25e-4e72-8fb9-5f29609a4434
datanode_1  | 2019-11-15 04:47:57,824 INFO server.RaftServerConfigKeys: raft.server.watch.timeout = 10s (default)
datanode_2  | 2019-11-15 04:47:57,836 INFO impl.RaftServerImpl: d5241c5f-e460-45dd-8743-f6c0bebbd6d6@group-112BC8113F91: changes role from CANDIDATE to LEADER at term 1 for changeToLeader
datanode_3  | 2019-11-15 04:47:58,400 INFO impl.RaftServerImpl: 65e15245-60a5-4c73-a166-90a91d897d7b@group-D214E5DE230F: change Leader from null to ced10973-a25e-4e72-8fb9-5f29609a4434 at term 1 for appendEntries, leader elected after 4304ms
datanode_1  | 2019-11-15 04:47:57,824 INFO server.RaftServerConfigKeys: raft.server.watch.timeout.denomination = 1s (default)
datanode_2  | 2019-11-15 04:47:57,836 INFO ratis.XceiverServerRatis: Leader change notification received for group: group-112BC8113F91 with new leaderId: d5241c5f-e460-45dd-8743-f6c0bebbd6d6
datanode_3  | 2019-11-15 04:47:58,431 INFO impl.RaftServerImpl: 65e15245-60a5-4c73-a166-90a91d897d7b@group-D214E5DE230F: set configuration 0: [ced10973-a25e-4e72-8fb9-5f29609a4434:172.19.0.6:9858, d5241c5f-e460-45dd-8743-f6c0bebbd6d6:172.19.0.5:9858, 65e15245-60a5-4c73-a166-90a91d897d7b:172.19.0.4:9858], old=null at 0
datanode_1  | 2019-11-15 04:47:57,825 INFO server.RaftServerConfigKeys: raft.server.watch.element-limit = 65536 (default)
datanode_2  | 2019-11-15 04:47:57,839 INFO impl.RaftServerImpl: d5241c5f-e460-45dd-8743-f6c0bebbd6d6@group-112BC8113F91: change Leader from null to d5241c5f-e460-45dd-8743-f6c0bebbd6d6 at term 1 for becomeLeader, leader elected after 5252ms
datanode_3  | 2019-11-15 04:47:58,436 INFO segmented.SegmentedRaftLogWorker: 65e15245-60a5-4c73-a166-90a91d897d7b@group-D214E5DE230F-SegmentedRaftLogWorker: Starting segment from index:0
datanode_1  | 2019-11-15 04:47:57,833 INFO impl.RoleInfo: ced10973-a25e-4e72-8fb9-5f29609a4434: start LeaderState
datanode_2  | 2019-11-15 04:47:57,844 INFO server.RaftServerConfigKeys: raft.server.staging.catchup.gap = 1000 (default)
datanode_3  | 2019-11-15 04:47:58,595 INFO segmented.SegmentedRaftLogWorker: 65e15245-60a5-4c73-a166-90a91d897d7b@group-D214E5DE230F-SegmentedRaftLogWorker: created new log segment /data/metadata/ratis/4d5e5e7d-7f67-4c8a-9697-d214e5de230f/current/log_inprogress_0
datanode_1  | 2019-11-15 04:47:57,853 INFO segmented.SegmentedRaftLogWorker: ced10973-a25e-4e72-8fb9-5f29609a4434@group-50C9423BC6BF-SegmentedRaftLogWorker: Starting segment from index:0
datanode_2  | 2019-11-15 04:47:57,845 INFO server.RaftServerConfigKeys: raft.server.rpc.sleep.time = 25ms (default)
datanode_3  | 2019-11-15 04:47:58,997 INFO impl.FollowerState: 65e15245-60a5-4c73-a166-90a91d897d7b@group-456124DC93A5-FollowerState: change to CANDIDATE, lastRpcTime:5011ms, electionTimeout:5010ms
datanode_1  | WARNING: An illegal reflective access operation has occurred
datanode_2  | 2019-11-15 04:47:57,848 INFO server.RaftServerConfigKeys: raft.server.write.element-limit = 4096 (default)
datanode_1  | WARNING: Illegal reflective access by org.apache.ratis.thirdparty.com.google.protobuf.UnsafeUtil (file:/opt/hadoop/share/ozone/lib/ratis-thirdparty-misc-0.2.0.jar) to field java.nio.Buffer.address
datanode_2  | 2019-11-15 04:47:57,852 INFO server.RaftServerConfigKeys: raft.server.watch.timeout = 10s (default)
datanode_1  | WARNING: Please consider reporting this to the maintainers of org.apache.ratis.thirdparty.com.google.protobuf.UnsafeUtil
datanode_2  | 2019-11-15 04:47:57,852 INFO server.RaftServerConfigKeys: raft.server.watch.timeout.denomination = 1s (default)
datanode_1  | WARNING: Use --illegal-access=warn to enable warnings of further illegal reflective access operations
datanode_3  | 2019-11-15 04:47:58,997 INFO impl.RoleInfo: 65e15245-60a5-4c73-a166-90a91d897d7b: shutdown FollowerState
datanode_2  | 2019-11-15 04:47:57,853 INFO server.RaftServerConfigKeys: raft.server.watch.element-limit = 65536 (default)
datanode_3  | 2019-11-15 04:47:58,998 INFO impl.RaftServerImpl: 65e15245-60a5-4c73-a166-90a91d897d7b@group-456124DC93A5: changes role from  FOLLOWER to CANDIDATE at term 0 for changeToCandidate
datanode_1  | WARNING: All illegal access operations will be denied in a future release
datanode_2  | 2019-11-15 04:47:57,863 INFO impl.RoleInfo: d5241c5f-e460-45dd-8743-f6c0bebbd6d6: start LeaderState
datanode_3  | 2019-11-15 04:47:59,002 INFO impl.RoleInfo: 65e15245-60a5-4c73-a166-90a91d897d7b: start LeaderElection
datanode_1  | 2019-11-15 04:47:57,877 INFO impl.RaftServerImpl: ced10973-a25e-4e72-8fb9-5f29609a4434@group-50C9423BC6BF: set configuration 0: [ced10973-a25e-4e72-8fb9-5f29609a4434:172.19.0.6:9858], old=null at 0
datanode_2  | 2019-11-15 04:47:57,883 INFO segmented.SegmentedRaftLogWorker: d5241c5f-e460-45dd-8743-f6c0bebbd6d6@group-112BC8113F91-SegmentedRaftLogWorker: Starting segment from index:0
datanode_3  | 2019-11-15 04:47:59,016 INFO impl.LeaderElection: 65e15245-60a5-4c73-a166-90a91d897d7b@group-456124DC93A5-LeaderElection1: begin an election at term 1 for -1: [65e15245-60a5-4c73-a166-90a91d897d7b:172.19.0.4:9858], old=null
datanode_1  | 2019-11-15 04:47:57,965 INFO segmented.SegmentedRaftLogWorker: ced10973-a25e-4e72-8fb9-5f29609a4434@group-50C9423BC6BF-SegmentedRaftLogWorker: created new log segment /data/metadata/ratis/fe6e5572-464f-4360-88b2-50c9423bc6bf/current/log_inprogress_0
datanode_2  | WARNING: An illegal reflective access operation has occurred
datanode_3  | 2019-11-15 04:47:59,018 INFO impl.RoleInfo: 65e15245-60a5-4c73-a166-90a91d897d7b: shutdown LeaderElection
datanode_2  | WARNING: Illegal reflective access by org.apache.ratis.thirdparty.com.google.protobuf.UnsafeUtil (file:/opt/hadoop/share/ozone/lib/ratis-thirdparty-misc-0.2.0.jar) to field java.nio.Buffer.address
datanode_1  | 2019-11-15 04:47:58,312 INFO impl.LeaderElection: ced10973-a25e-4e72-8fb9-5f29609a4434@group-D214E5DE230F-LeaderElection1: Election PASSED; received 2 response(s) [ced10973-a25e-4e72-8fb9-5f29609a4434<-d5241c5f-e460-45dd-8743-f6c0bebbd6d6#0:FAIL-t1, ced10973-a25e-4e72-8fb9-5f29609a4434<-65e15245-60a5-4c73-a166-90a91d897d7b#0:OK-t1] and 0 exception(s); ced10973-a25e-4e72-8fb9-5f29609a4434@group-D214E5DE230F:t1, leader=null, voted=ced10973-a25e-4e72-8fb9-5f29609a4434, raftlog=ced10973-a25e-4e72-8fb9-5f29609a4434@group-D214E5DE230F-SegmentedRaftLog:OPENED:c-1,f-1,i0, conf=-1: [ced10973-a25e-4e72-8fb9-5f29609a4434:172.19.0.6:9858, d5241c5f-e460-45dd-8743-f6c0bebbd6d6:172.19.0.5:9858, 65e15245-60a5-4c73-a166-90a91d897d7b:172.19.0.4:9858], old=null
datanode_3  | 2019-11-15 04:47:59,019 INFO impl.RaftServerImpl: 65e15245-60a5-4c73-a166-90a91d897d7b@group-456124DC93A5: changes role from CANDIDATE to LEADER at term 1 for changeToLeader
datanode_2  | WARNING: Please consider reporting this to the maintainers of org.apache.ratis.thirdparty.com.google.protobuf.UnsafeUtil
datanode_1  | 2019-11-15 04:47:58,312 INFO impl.RoleInfo: ced10973-a25e-4e72-8fb9-5f29609a4434: shutdown LeaderElection
datanode_3  | 2019-11-15 04:47:59,019 INFO ratis.XceiverServerRatis: Leader change notification received for group: group-456124DC93A5 with new leaderId: 65e15245-60a5-4c73-a166-90a91d897d7b
datanode_2  | WARNING: Use --illegal-access=warn to enable warnings of further illegal reflective access operations
datanode_1  | 2019-11-15 04:47:58,312 INFO impl.RaftServerImpl: ced10973-a25e-4e72-8fb9-5f29609a4434@group-D214E5DE230F: changes role from CANDIDATE to LEADER at term 1 for changeToLeader
datanode_2  | WARNING: All illegal access operations will be denied in a future release
datanode_3  | 2019-11-15 04:47:59,020 INFO impl.RaftServerImpl: 65e15245-60a5-4c73-a166-90a91d897d7b@group-456124DC93A5: change Leader from null to 65e15245-60a5-4c73-a166-90a91d897d7b at term 1 for becomeLeader, leader elected after 5137ms
datanode_1  | 2019-11-15 04:47:58,313 INFO ratis.XceiverServerRatis: Leader change notification received for group: group-D214E5DE230F with new leaderId: ced10973-a25e-4e72-8fb9-5f29609a4434
datanode_2  | 2019-11-15 04:47:57,902 INFO impl.RaftServerImpl: d5241c5f-e460-45dd-8743-f6c0bebbd6d6@group-112BC8113F91: set configuration 0: [d5241c5f-e460-45dd-8743-f6c0bebbd6d6:172.19.0.5:9858], old=null at 0
datanode_3  | 2019-11-15 04:47:59,023 INFO server.RaftServerConfigKeys: raft.server.staging.catchup.gap = 1000 (default)
datanode_1  | 2019-11-15 04:47:58,313 INFO impl.RaftServerImpl: ced10973-a25e-4e72-8fb9-5f29609a4434@group-D214E5DE230F: change Leader from null to ced10973-a25e-4e72-8fb9-5f29609a4434 at term 1 for becomeLeader, leader elected after 5587ms
datanode_3  | 2019-11-15 04:47:59,023 INFO server.RaftServerConfigKeys: raft.server.rpc.sleep.time = 25ms (default)
datanode_2  | 2019-11-15 04:47:58,000 INFO segmented.SegmentedRaftLogWorker: d5241c5f-e460-45dd-8743-f6c0bebbd6d6@group-112BC8113F91-SegmentedRaftLogWorker: created new log segment /data/metadata/ratis/97147af1-8482-497f-b90b-112bc8113f91/current/log_inprogress_0
datanode_1  | 2019-11-15 04:47:58,313 INFO server.RaftServerConfigKeys: raft.server.staging.catchup.gap = 1000 (default)
datanode_3  | 2019-11-15 04:47:59,028 INFO server.RaftServerConfigKeys: raft.server.write.element-limit = 4096 (default)
datanode_1  | 2019-11-15 04:47:58,313 INFO server.RaftServerConfigKeys: raft.server.rpc.sleep.time = 25ms (default)
datanode_3  | 2019-11-15 04:47:59,034 INFO server.RaftServerConfigKeys: raft.server.watch.timeout = 10s (default)
datanode_2  | 2019-11-15 04:47:58,312 INFO impl.LeaderElection: d5241c5f-e460-45dd-8743-f6c0bebbd6d6@group-D214E5DE230F-LeaderElection1: Election REJECTED; received 2 response(s) [d5241c5f-e460-45dd-8743-f6c0bebbd6d6<-ced10973-a25e-4e72-8fb9-5f29609a4434#0:FAIL-t1, d5241c5f-e460-45dd-8743-f6c0bebbd6d6<-65e15245-60a5-4c73-a166-90a91d897d7b#0:FAIL-t1] and 0 exception(s); d5241c5f-e460-45dd-8743-f6c0bebbd6d6@group-D214E5DE230F:t1, leader=null, voted=d5241c5f-e460-45dd-8743-f6c0bebbd6d6, raftlog=d5241c5f-e460-45dd-8743-f6c0bebbd6d6@group-D214E5DE230F-SegmentedRaftLog:OPENED:c-1,f-1,i0, conf=-1: [ced10973-a25e-4e72-8fb9-5f29609a4434:172.19.0.6:9858, d5241c5f-e460-45dd-8743-f6c0bebbd6d6:172.19.0.5:9858, 65e15245-60a5-4c73-a166-90a91d897d7b:172.19.0.4:9858], old=null
datanode_1  | 2019-11-15 04:47:58,313 INFO server.RaftServerConfigKeys: raft.server.write.element-limit = 4096 (default)
datanode_2  | 2019-11-15 04:47:58,314 INFO impl.RaftServerImpl: d5241c5f-e460-45dd-8743-f6c0bebbd6d6@group-D214E5DE230F: changes role from CANDIDATE to FOLLOWER at term 1 for DISCOVERED_A_NEW_TERM
datanode_1  | 2019-11-15 04:47:58,314 INFO server.RaftServerConfigKeys: raft.server.watch.timeout = 10s (default)
datanode_3  | 2019-11-15 04:47:59,034 INFO server.RaftServerConfigKeys: raft.server.watch.timeout.denomination = 1s (default)
datanode_2  | 2019-11-15 04:47:58,314 INFO impl.RoleInfo: d5241c5f-e460-45dd-8743-f6c0bebbd6d6: shutdown LeaderElection
datanode_1  | 2019-11-15 04:47:58,314 INFO server.RaftServerConfigKeys: raft.server.watch.timeout.denomination = 1s (default)
datanode_3  | 2019-11-15 04:47:59,035 INFO server.RaftServerConfigKeys: raft.server.watch.element-limit = 65536 (default)
datanode_2  | 2019-11-15 04:47:58,315 INFO impl.RoleInfo: d5241c5f-e460-45dd-8743-f6c0bebbd6d6: start FollowerState
datanode_1  | 2019-11-15 04:47:58,314 INFO server.RaftServerConfigKeys: raft.server.watch.element-limit = 65536 (default)
datanode_3  | 2019-11-15 04:47:59,044 INFO impl.RoleInfo: 65e15245-60a5-4c73-a166-90a91d897d7b: start LeaderState
datanode_2  | 2019-11-15 04:47:58,400 INFO ratis.XceiverServerRatis: Leader change notification received for group: group-D214E5DE230F with new leaderId: ced10973-a25e-4e72-8fb9-5f29609a4434
datanode_1  | 2019-11-15 04:47:58,317 INFO server.RaftServerConfigKeys: raft.server.log.appender.snapshot.chunk.size.max = 16MB (=16777216) (default)
datanode_3  | 2019-11-15 04:47:59,051 INFO segmented.SegmentedRaftLogWorker: 65e15245-60a5-4c73-a166-90a91d897d7b@group-456124DC93A5-SegmentedRaftLogWorker: Starting segment from index:0
datanode_2  | 2019-11-15 04:47:58,400 INFO impl.RaftServerImpl: d5241c5f-e460-45dd-8743-f6c0bebbd6d6@group-D214E5DE230F: change Leader from null to ced10973-a25e-4e72-8fb9-5f29609a4434 at term 1 for appendEntries, leader elected after 5617ms
datanode_1  | 2019-11-15 04:47:58,318 INFO server.RaftServerConfigKeys: raft.server.log.appender.buffer.byte-limit = 33554432 (custom)
datanode_3  | 2019-11-15 04:47:59,052 INFO impl.RaftServerImpl: 65e15245-60a5-4c73-a166-90a91d897d7b@group-456124DC93A5: set configuration 0: [65e15245-60a5-4c73-a166-90a91d897d7b:172.19.0.4:9858], old=null at 0
datanode_2  | 2019-11-15 04:47:58,428 INFO impl.RaftServerImpl: d5241c5f-e460-45dd-8743-f6c0bebbd6d6@group-D214E5DE230F: set configuration 0: [ced10973-a25e-4e72-8fb9-5f29609a4434:172.19.0.6:9858, d5241c5f-e460-45dd-8743-f6c0bebbd6d6:172.19.0.5:9858, 65e15245-60a5-4c73-a166-90a91d897d7b:172.19.0.4:9858], old=null at 0
datanode_1  | 2019-11-15 04:47:58,318 INFO server.RaftServerConfigKeys: raft.server.log.appender.buffer.element-limit = 1 (custom)
datanode_3  | 2019-11-15 04:47:59,098 INFO segmented.SegmentedRaftLogWorker: 65e15245-60a5-4c73-a166-90a91d897d7b@group-456124DC93A5-SegmentedRaftLogWorker: created new log segment /data/metadata/ratis/73c11966-ca19-403d-8d4f-456124dc93a5/current/log_inprogress_0
datanode_1  | 2019-11-15 04:47:58,322 INFO grpc.GrpcConfigKeys$Server: raft.grpc.server.leader.outstanding.appends.max = 128 (default)
datanode_2  | 2019-11-15 04:47:58,428 INFO segmented.SegmentedRaftLogWorker: d5241c5f-e460-45dd-8743-f6c0bebbd6d6@group-D214E5DE230F-SegmentedRaftLogWorker: Starting segment from index:0
datanode_1  | 2019-11-15 04:47:58,322 INFO server.RaftServerConfigKeys: raft.server.rpc.request.timeout = 3000ms (default)
datanode_2  | 2019-11-15 04:47:58,467 INFO segmented.SegmentedRaftLogWorker: d5241c5f-e460-45dd-8743-f6c0bebbd6d6@group-D214E5DE230F-SegmentedRaftLogWorker: created new log segment /data/metadata/ratis/4d5e5e7d-7f67-4c8a-9697-d214e5de230f/current/log_inprogress_0
datanode_1  | 2019-11-15 04:47:58,322 INFO server.RaftServerConfigKeys: raft.server.log.appender.install.snapshot.enabled = false (custom)
datanode_1  | 2019-11-15 04:47:58,324 WARN impl.MetricRegistriesImpl: First MetricRegistry has been created without registering reporters. You may need to call MetricRegistries.global().addReportRegistration(...) before.
datanode_1  | 2019-11-15 04:47:58,325 INFO server.RaftServerConfigKeys: raft.server.log.appender.snapshot.chunk.size.max = 16MB (=16777216) (default)
datanode_1  | 2019-11-15 04:47:58,325 INFO server.RaftServerConfigKeys: raft.server.log.appender.buffer.byte-limit = 33554432 (custom)
datanode_1  | 2019-11-15 04:47:58,325 INFO server.RaftServerConfigKeys: raft.server.log.appender.buffer.element-limit = 1 (custom)
datanode_1  | 2019-11-15 04:47:58,325 INFO grpc.GrpcConfigKeys$Server: raft.grpc.server.leader.outstanding.appends.max = 128 (default)
datanode_1  | 2019-11-15 04:47:58,326 INFO server.RaftServerConfigKeys: raft.server.rpc.request.timeout = 3000ms (default)
datanode_1  | 2019-11-15 04:47:58,326 INFO server.RaftServerConfigKeys: raft.server.log.appender.install.snapshot.enabled = false (custom)
datanode_1  | 2019-11-15 04:47:58,329 INFO impl.RoleInfo: ced10973-a25e-4e72-8fb9-5f29609a4434: start LeaderState
datanode_1  | 2019-11-15 04:47:58,329 INFO segmented.SegmentedRaftLogWorker: ced10973-a25e-4e72-8fb9-5f29609a4434@group-D214E5DE230F-SegmentedRaftLogWorker: Starting segment from index:0
datanode_1  | 2019-11-15 04:47:58,330 INFO impl.RaftServerImpl: ced10973-a25e-4e72-8fb9-5f29609a4434@group-D214E5DE230F: set configuration 0: [ced10973-a25e-4e72-8fb9-5f29609a4434:172.19.0.6:9858, d5241c5f-e460-45dd-8743-f6c0bebbd6d6:172.19.0.5:9858, 65e15245-60a5-4c73-a166-90a91d897d7b:172.19.0.4:9858], old=null at 0
datanode_1  | 2019-11-15 04:47:58,389 INFO segmented.SegmentedRaftLogWorker: ced10973-a25e-4e72-8fb9-5f29609a4434@group-D214E5DE230F-SegmentedRaftLogWorker: created new log segment /data/metadata/ratis/4d5e5e7d-7f67-4c8a-9697-d214e5de230f/current/log_inprogress_0
datanode_1  | 2019-11-15 04:49:47,748 WARN client.GrpcClientProtocolService: 3-UnorderedRequestStreamObserver3: onError: org.apache.ratis.thirdparty.io.grpc.StatusRuntimeException: CANCELLED: cancelled before receiving half close
datanode_1  | 2019-11-15 04:49:47,748 WARN client.GrpcClientProtocolService: 2-OrderedRequestStreamObserver2: onError: org.apache.ratis.thirdparty.io.grpc.StatusRuntimeException: CANCELLED: cancelled before receiving half close
datanode_1  | 2019-11-15 04:50:01,037 WARN client.GrpcClientProtocolService: 4-OrderedRequestStreamObserver4: onError: org.apache.ratis.thirdparty.io.grpc.StatusRuntimeException: CANCELLED: cancelled before receiving half close
datanode_1  | 2019-11-15 04:50:01,037 WARN client.GrpcClientProtocolService: 5-UnorderedRequestStreamObserver5: onError: org.apache.ratis.thirdparty.io.grpc.StatusRuntimeException: CANCELLED: cancelled before receiving half close
datanode_1  | 2019-11-15 04:50:13,852 WARN client.GrpcClientProtocolService: 6-OrderedRequestStreamObserver6: onError: org.apache.ratis.thirdparty.io.grpc.StatusRuntimeException: CANCELLED: cancelled before receiving half close
datanode_1  | 2019-11-15 04:50:13,852 WARN client.GrpcClientProtocolService: 7-UnorderedRequestStreamObserver7: onError: org.apache.ratis.thirdparty.io.grpc.StatusRuntimeException: CANCELLED: cancelled before receiving half close
datanode_1  | 2019-11-15 04:50:26,377 WARN client.GrpcClientProtocolService: 8-OrderedRequestStreamObserver8: onError: org.apache.ratis.thirdparty.io.grpc.StatusRuntimeException: CANCELLED: cancelled before receiving half close
datanode_1  | 2019-11-15 04:50:26,377 WARN client.GrpcClientProtocolService: 9-UnorderedRequestStreamObserver9: onError: org.apache.ratis.thirdparty.io.grpc.StatusRuntimeException: CANCELLED: cancelled before receiving half close
