Attaching to ozonesecure_datanode_2, ozonesecure_kms_1, ozonesecure_datanode_3, ozonesecure_datanode_1, ozonesecure_recon_1, ozonesecure_scm_1, ozonesecure_om_1, ozonesecure_kdc_1, ozonesecure_s3g_1
kms_1       | Sleeping for 5 seconds
kms_1       | Setting up kerberos!!
kms_1       | KDC ISSUER_SERVER => kdc:8081
kms_1       | /opt/starter.sh: line 66: SLEEP_SECONDS: command not found
kms_1       | Sleeping for  seconds
kms_1       | Got 200, KDC service ready!!
datanode_2  | Sleeping for 5 seconds
datanode_3  | Sleeping for 5 seconds
kms_1       | Download dn/47b3294e826f@EXAMPLE.COM keytab file to /etc/security/keytabs/dn.keytab
datanode_3  | Setting up kerberos!!
kms_1       | --2019-11-15 19:53:52--  http://kdc:8081/keytab/47b3294e826f/dn
datanode_3  | KDC ISSUER_SERVER => kdc:8081
kms_1       | Resolving kdc (kdc)... 172.19.0.4
datanode_3  | Sleeping for 5 seconds
kms_1       | Connecting to kdc (kdc)|172.19.0.4|:8081... connected.
datanode_3  | Got 200, KDC service ready!!
kms_1       | HTTP request sent, awaiting response... 200 OK
datanode_2  | Setting up kerberos!!
datanode_3  | Download dn/7d4558e1937a@EXAMPLE.COM keytab file to /etc/security/keytabs/dn.keytab
datanode_2  | KDC ISSUER_SERVER => kdc:8081
datanode_3  | --2019-11-15 19:53:52--  http://kdc:8081/keytab/7d4558e1937a/dn
datanode_2  | Sleeping for 5 seconds
datanode_3  | Resolving kdc (kdc)... 172.19.0.4
datanode_2  | Got 200, KDC service ready!!
datanode_2  | Download dn/bbe686f57309@EXAMPLE.COM keytab file to /etc/security/keytabs/dn.keytab
datanode_2  | --2019-11-15 19:53:53--  http://kdc:8081/keytab/bbe686f57309/dn
datanode_2  | Resolving kdc (kdc)... 172.19.0.4
kms_1       | Length: 158 [application/octet-stream]
kms_1       | Saving to: '/etc/security/keytabs/dn.keytab'
kms_1       | 
kms_1       |      0K                                                       100% 8.65M=0s
kms_1       | 
datanode_3  | Connecting to kdc (kdc)|172.19.0.4|:8081... connected.
datanode_3  | HTTP request sent, awaiting response... 200 OK
datanode_3  | Length: 158 [application/octet-stream]
kms_1       | 2019-11-15 19:53:53 (8.65 MB/s) - '/etc/security/keytabs/dn.keytab' saved [158/158]
datanode_3  | Saving to: '/etc/security/keytabs/dn.keytab'
datanode_2  | Connecting to kdc (kdc)|172.19.0.4|:8081... connected.
kms_1       | 
datanode_3  | 
datanode_1  | Sleeping for 5 seconds
datanode_2  | HTTP request sent, awaiting response... 200 OK
kms_1       | Keytab name: FILE:/etc/security/keytabs/dn.keytab
datanode_3  |      0K                                                       100% 15.0M=0s
datanode_1  | Setting up kerberos!!
datanode_2  | Length: 158 [application/octet-stream]
datanode_3  | 
datanode_1  | KDC ISSUER_SERVER => kdc:8081
datanode_2  | Saving to: '/etc/security/keytabs/dn.keytab'
kms_1       | KVNO Timestamp         Principal
datanode_3  | 2019-11-15 19:53:53 (15.0 MB/s) - '/etc/security/keytabs/dn.keytab' saved [158/158]
datanode_1  | Sleeping for 5 seconds
s3g_1       | Sleeping for 5 seconds
kdc_1       | Issuer is listening on : 8081krb5kdc: starting...
datanode_2  | 
kms_1       | ---- ----------------- --------------------------------------------------------
om_1        | Sleeping for 5 seconds
datanode_3  | 
datanode_1  | Got 200, KDC service ready!!
s3g_1       | Setting up kerberos!!
kdc_1       | kadmind: starting...
datanode_2  |      0K                                                       100% 10.7M=0s
kms_1       |    2 11/15/19 19:53:53 dn/47b3294e826f@EXAMPLE.COM
om_1        | Setting up kerberos!!
scm_1       | Sleeping for 5 seconds
datanode_3  | Keytab name: FILE:/etc/security/keytabs/dn.keytab
recon_1     | Sleeping for 5 seconds
datanode_1  | Download dn/a068c19292a4@EXAMPLE.COM keytab file to /etc/security/keytabs/dn.keytab
s3g_1       | KDC ISSUER_SERVER => kdc:8081
kdc_1       | otp: Loaded
datanode_2  | 
kms_1       |    2 11/15/19 19:53:53 dn/47b3294e826f@EXAMPLE.COM
om_1        | KDC ISSUER_SERVER => kdc:8081
scm_1       | Setting up kerberos!!
datanode_3  | KVNO Timestamp         Principal
recon_1     | Waiting for the service om:9874
datanode_1  | --2019-11-15 19:53:53--  http://kdc:8081/keytab/a068c19292a4/dn
s3g_1       | Sleeping for 5 seconds
kdc_1       | Nov 15 19:53:42 kdc krb5kdc[9](info): setting up network...
datanode_2  | 2019-11-15 19:53:54 (10.7 MB/s) - '/etc/security/keytabs/dn.keytab' saved [158/158]
kms_1       | Download om/47b3294e826f@EXAMPLE.COM keytab file to /etc/security/keytabs/om.keytab
om_1        | Sleeping for 5 seconds
scm_1       | KDC ISSUER_SERVER => kdc:8081
datanode_3  | ---- ----------------- --------------------------------------------------------
recon_1     | Setting up kerberos!!
datanode_1  | Resolving kdc (kdc)... 172.19.0.4
s3g_1       | Got 200, KDC service ready!!
kdc_1       | krb5kdc: setsockopt(9,IPV6_V6ONLY,1) worked
datanode_2  | 
kms_1       | --2019-11-15 19:53:53--  http://kdc:8081/keytab/47b3294e826f/om
om_1        | Got 200, KDC service ready!!
scm_1       | Sleeping for 5 seconds
recon_1     | KDC ISSUER_SERVER => kdc:8081
datanode_3  |    2 11/15/19 19:53:53 dn/7d4558e1937a@EXAMPLE.COM
datanode_1  | Connecting to kdc (kdc)|172.19.0.4|:8081... connected.
s3g_1       | Download dn/s3g@EXAMPLE.COM keytab file to /etc/security/keytabs/dn.keytab
kdc_1       | krb5kdc: setsockopt(11,IPV6_V6ONLY,1) worked
datanode_2  | Keytab name: FILE:/etc/security/keytabs/dn.keytab
kms_1       | Resolving kdc (kdc)... 172.19.0.4
om_1        | Download dn/om@EXAMPLE.COM keytab file to /etc/security/keytabs/dn.keytab
scm_1       | Got 200, KDC service ready!!
recon_1     | Sleeping for 5 seconds
datanode_3  |    2 11/15/19 19:53:53 dn/7d4558e1937a@EXAMPLE.COM
datanode_1  | HTTP request sent, awaiting response... 200 OK
kdc_1       | Nov 15 19:53:42 kdc krb5kdc[9](info): set up 4 sockets
datanode_2  | KVNO Timestamp         Principal
s3g_1       | --2019-11-15 19:53:52--  http://kdc:8081/keytab/s3g/dn
kms_1       | Connecting to kdc (kdc)|172.19.0.4|:8081... connected.
om_1        | --2019-11-15 19:53:52--  http://kdc:8081/keytab/om/dn
scm_1       | Download dn/scm@EXAMPLE.COM keytab file to /etc/security/keytabs/dn.keytab
recon_1     | Got 200, KDC service ready!!
datanode_3  | Download om/7d4558e1937a@EXAMPLE.COM keytab file to /etc/security/keytabs/om.keytab
datanode_1  | Length: 158 [application/octet-stream]
kdc_1       | Nov 15 19:53:42 kdc krb5kdc[9](info): commencing operation
datanode_2  | ---- ----------------- --------------------------------------------------------
s3g_1       | Resolving kdc (kdc)... 172.19.0.4
kms_1       | HTTP request sent, awaiting response... 200 OK
om_1        | Resolving kdc (kdc)... 172.19.0.4
scm_1       | --2019-11-15 19:53:54--  http://kdc:8081/keytab/scm/dn
recon_1     | Download dn/recon@EXAMPLE.COM keytab file to /etc/security/keytabs/dn.keytab
datanode_3  | --2019-11-15 19:53:53--  http://kdc:8081/keytab/7d4558e1937a/om
datanode_1  | Saving to: '/etc/security/keytabs/dn.keytab'
kdc_1       | Nov 15 19:53:29 7a120517811f kadmin.local[1](info): No dictionary file specified, continuing without one.
datanode_2  |    2 11/15/19 19:53:54 dn/bbe686f57309@EXAMPLE.COM
s3g_1       | Connecting to kdc (kdc)|172.19.0.4|:8081... connected.
kms_1       | Length: 158 [application/octet-stream]
om_1        | Connecting to kdc (kdc)|172.19.0.4|:8081... connected.
scm_1       | Resolving kdc (kdc)... 172.19.0.4
recon_1     | --2019-11-15 19:54:18--  http://kdc:8081/keytab/recon/dn
datanode_3  | Resolving kdc (kdc)... 172.19.0.4
datanode_1  | 
kdc_1       | Nov 15 19:53:31 337ba933f73e kadmin.local[1](info): No dictionary file specified, continuing without one.
datanode_2  |    2 11/15/19 19:53:54 dn/bbe686f57309@EXAMPLE.COM
s3g_1       | HTTP request sent, awaiting response... 200 OK
kms_1       | Saving to: '/etc/security/keytabs/om.keytab'
om_1        | HTTP request sent, awaiting response... 200 OK
scm_1       | Connecting to kdc (kdc)|172.19.0.4|:8081... connected.
recon_1     | Resolving kdc (kdc)... 172.19.0.4
datanode_3  | Connecting to kdc (kdc)|172.19.0.4|:8081... connected.
datanode_1  |      0K                                                       100% 10.3M=0s
datanode_2  | Download om/bbe686f57309@EXAMPLE.COM keytab file to /etc/security/keytabs/om.keytab
s3g_1       | Length: 140 [application/octet-stream]
om_1        | Length: 138 [application/octet-stream]
scm_1       | HTTP request sent, awaiting response... 200 OK
kdc_1       | Nov 15 19:53:46 kdc kadmind[15](info): No dictionary file specified, continuing without one.
recon_1     | Connecting to kdc (kdc)|172.19.0.4|:8081... connected.
datanode_3  | HTTP request sent, awaiting response... 200 OK
datanode_1  | 
datanode_2  | --2019-11-15 19:53:54--  http://kdc:8081/keytab/bbe686f57309/om
s3g_1       | Saving to: '/etc/security/keytabs/dn.keytab'
om_1        | Saving to: '/etc/security/keytabs/dn.keytab'
kdc_1       | Nov 15 19:53:46 kdc kadmind[15](info): setting up network...
recon_1     | HTTP request sent, awaiting response... 200 OK
scm_1       | Length: 140 [application/octet-stream]
datanode_3  | Length: 158 [application/octet-stream]
kms_1       | 
datanode_1  | 2019-11-15 19:53:54 (10.3 MB/s) - '/etc/security/keytabs/dn.keytab' saved [158/158]
datanode_2  | Resolving kdc (kdc)... 172.19.0.4
s3g_1       | 
om_1        | 
kdc_1       | kadmind: setsockopt(9,IPV6_V6ONLY,1) worked
recon_1     | Length: 144 [application/octet-stream]
scm_1       | Saving to: '/etc/security/keytabs/dn.keytab'
datanode_3  | Saving to: '/etc/security/keytabs/om.keytab'
kms_1       |      0K                                                       100% 13.4M=0s
datanode_1  | 
datanode_2  | Connecting to kdc (kdc)|172.19.0.4|:8081... connected.
s3g_1       |      0K                                                       100% 16.8M=0s
om_1        |      0K                                                       100% 10.7M=0s
kdc_1       | kadmind: setsockopt(11,IPV6_V6ONLY,1) worked
recon_1     | Saving to: '/etc/security/keytabs/dn.keytab'
scm_1       | 
datanode_3  | 
kms_1       | 
datanode_1  | Keytab name: FILE:/etc/security/keytabs/dn.keytab
om_1        | 
s3g_1       | 
datanode_2  | HTTP request sent, awaiting response... 200 OK
recon_1     | 
kdc_1       | kadmind: setsockopt(13,IPV6_V6ONLY,1) worked
scm_1       |      0K                                                       100% 11.0M=0s
datanode_3  |      0K                                                       100% 21.2M=0s
kms_1       | 2019-11-15 19:53:54 (13.4 MB/s) - '/etc/security/keytabs/om.keytab' saved [158/158]
datanode_1  | KVNO Timestamp         Principal
om_1        | 2019-11-15 19:53:53 (10.7 MB/s) - '/etc/security/keytabs/dn.keytab' saved [138/138]
s3g_1       | 2019-11-15 19:53:52 (16.8 MB/s) - '/etc/security/keytabs/dn.keytab' saved [140/140]
datanode_2  | Length: 158 [application/octet-stream]
recon_1     |      0K                                                       100% 19.0M=0s
datanode_2  | Saving to: '/etc/security/keytabs/om.keytab'
scm_1       | 
datanode_3  | 
kms_1       | 
datanode_1  | ---- ----------------- --------------------------------------------------------
om_1        | 
s3g_1       | 
kdc_1       | Nov 15 19:53:46 kdc kadmind[15](info): set up 6 sockets
recon_1     | 
datanode_2  | 
scm_1       | 2019-11-15 19:53:55 (11.0 MB/s) - '/etc/security/keytabs/dn.keytab' saved [140/140]
datanode_3  | 2019-11-15 19:53:53 (21.2 MB/s) - '/etc/security/keytabs/om.keytab' saved [158/158]
kms_1       | Keytab name: FILE:/etc/security/keytabs/om.keytab
datanode_1  |    2 11/15/19 19:53:54 dn/a068c19292a4@EXAMPLE.COM
om_1        | Keytab name: FILE:/etc/security/keytabs/dn.keytab
s3g_1       | Keytab name: FILE:/etc/security/keytabs/dn.keytab
kdc_1       | Nov 15 19:53:46 kdc kadmind[15](info): Seeding random number generator
recon_1     | 2019-11-15 19:54:18 (19.0 MB/s) - '/etc/security/keytabs/dn.keytab' saved [144/144]
datanode_2  |      0K                                                       100% 6.64M=0s
scm_1       | 
datanode_3  | 
kms_1       | KVNO Timestamp         Principal
datanode_1  |    2 11/15/19 19:53:54 dn/a068c19292a4@EXAMPLE.COM
om_1        | KVNO Timestamp         Principal
s3g_1       | KVNO Timestamp         Principal
kdc_1       | Nov 15 19:53:46 kdc kadmind[15](info): starting
recon_1     | 
datanode_2  | 
scm_1       | Keytab name: FILE:/etc/security/keytabs/dn.keytab
datanode_3  | Keytab name: FILE:/etc/security/keytabs/om.keytab
kms_1       | ---- ----------------- --------------------------------------------------------
datanode_1  | Download om/a068c19292a4@EXAMPLE.COM keytab file to /etc/security/keytabs/om.keytab
om_1        | ---- ----------------- --------------------------------------------------------
s3g_1       | ---- ----------------- --------------------------------------------------------
kdc_1       | Generiting keytab
recon_1     | Keytab name: FILE:/etc/security/keytabs/dn.keytab
datanode_2  | 2019-11-15 19:53:55 (6.64 MB/s) - '/etc/security/keytabs/om.keytab' saved [158/158]
scm_1       | KVNO Timestamp         Principal
datanode_3  | KVNO Timestamp         Principal
kms_1       |    2 11/15/19 19:53:54 om/47b3294e826f@EXAMPLE.COM
datanode_1  | --2019-11-15 19:53:54--  http://kdc:8081/keytab/a068c19292a4/om
s3g_1       |    2 11/15/19 19:53:52 dn/s3g@EXAMPLE.COM
kdc_1       | Authenticating as principal admin/admin with keytab /tmp/admin.keytab.
recon_1     | KVNO Timestamp         Principal
datanode_2  | 
scm_1       | ---- ----------------- --------------------------------------------------------
datanode_3  | ---- ----------------- --------------------------------------------------------
kms_1       |    2 11/15/19 19:53:54 om/47b3294e826f@EXAMPLE.COM
om_1        |    2 11/15/19 19:53:53 dn/om@EXAMPLE.COM
datanode_1  | Resolving kdc (kdc)... 172.19.0.4
s3g_1       |    2 11/15/19 19:53:52 dn/s3g@EXAMPLE.COM
kdc_1       | WARNING: no policy specified for test/test@EXAMPLE.COM; defaulting to no policy
recon_1     | ---- ----------------- --------------------------------------------------------
scm_1       |    2 11/15/19 19:53:55 dn/scm@EXAMPLE.COM
datanode_3  |    2 11/15/19 19:53:53 om/7d4558e1937a@EXAMPLE.COM
kms_1       | Download scm/47b3294e826f@EXAMPLE.COM keytab file to /etc/security/keytabs/scm.keytab
datanode_2  | Keytab name: FILE:/etc/security/keytabs/om.keytab
om_1        |    2 11/15/19 19:53:53 dn/om@EXAMPLE.COM
datanode_1  | Connecting to kdc (kdc)|172.19.0.4|:8081... connected.
s3g_1       | Download om/s3g@EXAMPLE.COM keytab file to /etc/security/keytabs/om.keytab
kdc_1       | Principal "test/test@EXAMPLE.COM" created.
recon_1     |    2 11/15/19 19:54:18 dn/recon@EXAMPLE.COM
scm_1       |    2 11/15/19 19:53:55 dn/scm@EXAMPLE.COM
datanode_3  |    2 11/15/19 19:53:53 om/7d4558e1937a@EXAMPLE.COM
kms_1       | --2019-11-15 19:53:54--  http://kdc:8081/keytab/47b3294e826f/scm
datanode_2  | KVNO Timestamp         Principal
om_1        | Download om/om@EXAMPLE.COM keytab file to /etc/security/keytabs/om.keytab
datanode_1  | HTTP request sent, awaiting response... 200 OK
s3g_1       | --2019-11-15 19:53:53--  http://kdc:8081/keytab/s3g/om
kdc_1       | Authenticating as principal admin/admin with keytab /tmp/admin.keytab.
recon_1     |    2 11/15/19 19:54:18 dn/recon@EXAMPLE.COM
scm_1       | Download om/scm@EXAMPLE.COM keytab file to /etc/security/keytabs/om.keytab
datanode_3  | Download scm/7d4558e1937a@EXAMPLE.COM keytab file to /etc/security/keytabs/scm.keytab
kms_1       | Resolving kdc (kdc)... 172.19.0.4
datanode_2  | ---- ----------------- --------------------------------------------------------
om_1        | --2019-11-15 19:53:53--  http://kdc:8081/keytab/om/om
datanode_1  | Length: 158 [application/octet-stream]
s3g_1       | Resolving kdc (kdc)... 172.19.0.4
recon_1     | Download om/recon@EXAMPLE.COM keytab file to /etc/security/keytabs/om.keytab
scm_1       | --2019-11-15 19:53:55--  http://kdc:8081/keytab/scm/om
kms_1       | Connecting to kdc (kdc)|172.19.0.4|:8081... connected.
datanode_3  | --2019-11-15 19:53:53--  http://kdc:8081/keytab/7d4558e1937a/scm
kdc_1       | Entry for principal test/test@EXAMPLE.COM with kvno 2, encryption type aes256-cts-hmac-sha1-96 added to keytab WRFILE:/data/test.test.keytab.
datanode_2  |    2 11/15/19 19:53:55 om/bbe686f57309@EXAMPLE.COM
om_1        | Resolving kdc (kdc)... 172.19.0.4
datanode_1  | Saving to: '/etc/security/keytabs/om.keytab'
s3g_1       | Connecting to kdc (kdc)|172.19.0.4|:8081... connected.
recon_1     | --2019-11-15 19:54:18--  http://kdc:8081/keytab/recon/om
scm_1       | Resolving kdc (kdc)... 172.19.0.4
kms_1       | HTTP request sent, awaiting response... 200 OK
datanode_3  | Resolving kdc (kdc)... 172.19.0.4
kdc_1       | Entry for principal test/test@EXAMPLE.COM with kvno 2, encryption type aes128-cts-hmac-sha1-96 added to keytab WRFILE:/data/test.test.keytab.
datanode_2  |    2 11/15/19 19:53:55 om/bbe686f57309@EXAMPLE.COM
om_1        | Connecting to kdc (kdc)|172.19.0.4|:8081... connected.
datanode_1  | 
s3g_1       | HTTP request sent, awaiting response... 200 OK
recon_1     | Resolving kdc (kdc)... 172.19.0.4
scm_1       | Connecting to kdc (kdc)|172.19.0.4|:8081... connected.
kms_1       | Length: 160 [application/octet-stream]
datanode_3  | Connecting to kdc (kdc)|172.19.0.4|:8081... connected.
kdc_1       | Generiting keytab
datanode_2  | Download scm/bbe686f57309@EXAMPLE.COM keytab file to /etc/security/keytabs/scm.keytab
om_1        | HTTP request sent, awaiting response... 200 OK
datanode_1  |      0K                                                       100% 13.8M=0s
s3g_1       | Length: 140 [application/octet-stream]
recon_1     | Connecting to kdc (kdc)|172.19.0.4|:8081... connected.
scm_1       | HTTP request sent, awaiting response... 200 OK
kms_1       | Saving to: '/etc/security/keytabs/scm.keytab'
datanode_3  | HTTP request sent, awaiting response... 200 OK
kdc_1       | Authenticating as principal admin/admin with keytab /tmp/admin.keytab.
datanode_2  | --2019-11-15 19:53:55--  http://kdc:8081/keytab/bbe686f57309/scm
om_1        | Length: 138 [application/octet-stream]
datanode_1  | 
s3g_1       | Saving to: '/etc/security/keytabs/om.keytab'
recon_1     | HTTP request sent, awaiting response... 200 OK
kms_1       | 
scm_1       | Length: 140 [application/octet-stream]
datanode_3  | Length: 160 [application/octet-stream]
kdc_1       | Nov 15 19:53:52 kdc krb5kdc[9](info): AS_REQ (8 etypes {18 17 20 19 16 23 25 26}) 127.0.0.1: SERVER_NOT_FOUND: admin/admin@EXAMPLE.COM for kadmin/localhost@EXAMPLE.COM, Server not found in Kerberos database
datanode_2  | Resolving kdc (kdc)... 172.19.0.4
om_1        | Saving to: '/etc/security/keytabs/om.keytab'
datanode_1  | 2019-11-15 19:53:55 (13.8 MB/s) - '/etc/security/keytabs/om.keytab' saved [158/158]
s3g_1       | 
recon_1     | Length: 144 [application/octet-stream]
kms_1       |      0K                                                       100% 17.6M=0s
scm_1       | Saving to: '/etc/security/keytabs/om.keytab'
datanode_3  | Saving to: '/etc/security/keytabs/scm.keytab'
kdc_1       | Nov 15 19:53:52 kdc krb5kdc[9](info): AS_REQ (8 etypes {18 17 20 19 16 23 25 26}) 127.0.0.1: ISSUE: authtime 1573847632, etypes {rep=18 tkt=18 ses=18}, admin/admin@EXAMPLE.COM for kadmin/admin@EXAMPLE.COM
datanode_2  | Connecting to kdc (kdc)|172.19.0.4|:8081... connected.
om_1        | 
datanode_1  | 
s3g_1       |      0K                                                       100% 16.3M=0s
recon_1     | Saving to: '/etc/security/keytabs/om.keytab'
kms_1       | 
scm_1       | 
datanode_3  | 
kdc_1       | Nov 15 19:53:52 kdc krb5kdc[9](info): AS_REQ (8 etypes {18 17 20 19 16 23 25 26}) 127.0.0.1: SERVER_NOT_FOUND: admin/admin@EXAMPLE.COM for kadmin/localhost@EXAMPLE.COM, Server not found in Kerberos database
datanode_2  | HTTP request sent, awaiting response... 200 OK
om_1        |      0K                                                       100% 8.26M=0s
datanode_1  | Keytab name: FILE:/etc/security/keytabs/om.keytab
recon_1     | 
kms_1       | 2019-11-15 19:53:54 (17.6 MB/s) - '/etc/security/keytabs/scm.keytab' saved [160/160]
s3g_1       | 
scm_1       |      0K                                                       100% 16.5M=0s
datanode_3  |      0K                                                       100% 16.5M=0s
kdc_1       | Nov 15 19:53:52 kdc krb5kdc[9](info): AS_REQ (8 etypes {18 17 20 19 16 23 25 26}) 127.0.0.1: ISSUE: authtime 1573847632, etypes {rep=18 tkt=18 ses=18}, admin/admin@EXAMPLE.COM for kadmin/admin@EXAMPLE.COM
datanode_2  | Length: 160 [application/octet-stream]
om_1        | 
datanode_1  | KVNO Timestamp         Principal
recon_1     |      0K                                                       100% 13.7M=0s
kms_1       | 
s3g_1       | 2019-11-15 19:53:53 (16.3 MB/s) - '/etc/security/keytabs/om.keytab' saved [140/140]
scm_1       | 
datanode_3  | 
kdc_1       | Nov 15 19:53:52 kdc krb5kdc[9](info): AS_REQ (8 etypes {18 17 20 19 16 23 25 26}) 127.0.0.1: SERVER_NOT_FOUND: admin/admin@EXAMPLE.COM for kadmin/localhost@EXAMPLE.COM, Server not found in Kerberos database
datanode_2  | Saving to: '/etc/security/keytabs/scm.keytab'
om_1        | 2019-11-15 19:53:53 (8.26 MB/s) - '/etc/security/keytabs/om.keytab' saved [138/138]
datanode_1  | ---- ----------------- --------------------------------------------------------
recon_1     | 
kms_1       | Keytab name: FILE:/etc/security/keytabs/scm.keytab
s3g_1       | 
datanode_3  | 2019-11-15 19:53:54 (16.5 MB/s) - '/etc/security/keytabs/scm.keytab' saved [160/160]
scm_1       | 2019-11-15 19:53:57 (16.5 MB/s) - '/etc/security/keytabs/om.keytab' saved [140/140]
kdc_1       | Nov 15 19:53:52 kdc krb5kdc[9](info): AS_REQ (8 etypes {18 17 20 19 16 23 25 26}) 127.0.0.1: ISSUE: authtime 1573847632, etypes {rep=18 tkt=18 ses=18}, admin/admin@EXAMPLE.COM for kadmin/admin@EXAMPLE.COM
datanode_2  | 
om_1        | 
datanode_1  |    2 11/15/19 19:53:55 om/a068c19292a4@EXAMPLE.COM
recon_1     | 2019-11-15 19:54:18 (13.7 MB/s) - '/etc/security/keytabs/om.keytab' saved [144/144]
kms_1       | KVNO Timestamp         Principal
s3g_1       | Keytab name: FILE:/etc/security/keytabs/om.keytab
datanode_3  | 
scm_1       | 
kdc_1       | Nov 15 19:53:52 kdc kadmind[15](Notice): Request: kadm5_init, admin/admin@EXAMPLE.COM, success, client=admin/admin@EXAMPLE.COM, service=kadmin/admin@EXAMPLE.COM, addr=127.0.0.1, vers=4, flavor=6
datanode_2  |      0K                                                       100% 12.4M=0s
om_1        | Keytab name: FILE:/etc/security/keytabs/om.keytab
recon_1     | 
kms_1       | ---- ----------------- --------------------------------------------------------
datanode_1  |    2 11/15/19 19:53:55 om/a068c19292a4@EXAMPLE.COM
s3g_1       | KVNO Timestamp         Principal
datanode_3  | Keytab name: FILE:/etc/security/keytabs/scm.keytab
scm_1       | Keytab name: FILE:/etc/security/keytabs/om.keytab
kdc_1       | Nov 15 19:53:52 kdc kadmind[15](Notice): Request: kadm5_get_policy, default, Policy does not exist, client=admin/admin@EXAMPLE.COM, service=kadmin/admin@EXAMPLE.COM, addr=127.0.0.1
datanode_2  | 
om_1        | KVNO Timestamp         Principal
recon_1     | Keytab name: FILE:/etc/security/keytabs/om.keytab
kms_1       |    2 11/15/19 19:53:54 scm/47b3294e826f@EXAMPLE.COM
datanode_1  | Download scm/a068c19292a4@EXAMPLE.COM keytab file to /etc/security/keytabs/scm.keytab
s3g_1       | ---- ----------------- --------------------------------------------------------
datanode_3  | KVNO Timestamp         Principal
scm_1       | KVNO Timestamp         Principal
kdc_1       | Nov 15 19:53:52 kdc kadmind[15](Notice): Request: kadm5_create_principal, test/test@EXAMPLE.COM, success, client=admin/admin@EXAMPLE.COM, service=kadmin/admin@EXAMPLE.COM, addr=127.0.0.1
datanode_2  | 2019-11-15 19:53:56 (12.4 MB/s) - '/etc/security/keytabs/scm.keytab' saved [160/160]
om_1        | ---- ----------------- --------------------------------------------------------
recon_1     | KVNO Timestamp         Principal
kms_1       |    2 11/15/19 19:53:54 scm/47b3294e826f@EXAMPLE.COM
s3g_1       |    2 11/15/19 19:53:53 om/s3g@EXAMPLE.COM
datanode_3  | ---- ----------------- --------------------------------------------------------
kdc_1       | Nov 15 19:53:52 kdc kadmind[15](info): closing down fd 18
datanode_2  | 
datanode_1  | --2019-11-15 19:53:55--  http://kdc:8081/keytab/a068c19292a4/scm
scm_1       | ---- ----------------- --------------------------------------------------------
om_1        |    2 11/15/19 19:53:53 om/om@EXAMPLE.COM
recon_1     | ---- ----------------- --------------------------------------------------------
kms_1       | Download HTTP/47b3294e826f@EXAMPLE.COM keytab file to /etc/security/keytabs/HTTP.keytab
s3g_1       |    2 11/15/19 19:53:53 om/s3g@EXAMPLE.COM
datanode_3  |    2 11/15/19 19:53:54 scm/7d4558e1937a@EXAMPLE.COM
kdc_1       | Nov 15 19:53:52 kdc kadmind[15](Notice): Request: kadm5_init, admin/admin@EXAMPLE.COM, success, client=admin/admin@EXAMPLE.COM, service=kadmin/admin@EXAMPLE.COM, addr=127.0.0.1, vers=4, flavor=6
datanode_2  | Keytab name: FILE:/etc/security/keytabs/scm.keytab
datanode_1  | Resolving kdc (kdc)... 172.19.0.4
scm_1       |    2 11/15/19 19:53:56 om/scm@EXAMPLE.COM
om_1        |    2 11/15/19 19:53:53 om/om@EXAMPLE.COM
recon_1     |    2 11/15/19 19:54:18 om/recon@EXAMPLE.COM
kms_1       | --2019-11-15 19:53:54--  http://kdc:8081/keytab/47b3294e826f/HTTP
s3g_1       | Download scm/s3g@EXAMPLE.COM keytab file to /etc/security/keytabs/scm.keytab
datanode_3  |    2 11/15/19 19:53:54 scm/7d4558e1937a@EXAMPLE.COM
kdc_1       | Nov 15 19:53:52 kdc kadmind[15](Notice): Request: kadm5_randkey_principal, test/test@EXAMPLE.COM, success, client=admin/admin@EXAMPLE.COM, service=kadmin/admin@EXAMPLE.COM, addr=127.0.0.1
datanode_2  | KVNO Timestamp         Principal
datanode_1  | Connecting to kdc (kdc)|172.19.0.4|:8081... connected.
scm_1       |    2 11/15/19 19:53:56 om/scm@EXAMPLE.COM
om_1        | Download scm/om@EXAMPLE.COM keytab file to /etc/security/keytabs/scm.keytab
recon_1     |    2 11/15/19 19:54:18 om/recon@EXAMPLE.COM
kms_1       | Resolving kdc (kdc)... 172.19.0.4
s3g_1       | --2019-11-15 19:53:53--  http://kdc:8081/keytab/s3g/scm
datanode_3  | Download HTTP/7d4558e1937a@EXAMPLE.COM keytab file to /etc/security/keytabs/HTTP.keytab
kdc_1       | Nov 15 19:53:52 kdc kadmind[15](Notice): Request: kadm5_get_principal, test/test@EXAMPLE.COM, success, client=admin/admin@EXAMPLE.COM, service=kadmin/admin@EXAMPLE.COM, addr=127.0.0.1
datanode_2  | ---- ----------------- --------------------------------------------------------
datanode_1  | HTTP request sent, awaiting response... 200 OK
scm_1       | Download scm/scm@EXAMPLE.COM keytab file to /etc/security/keytabs/scm.keytab
om_1        | --2019-11-15 19:53:53--  http://kdc:8081/keytab/om/scm
recon_1     | Download scm/recon@EXAMPLE.COM keytab file to /etc/security/keytabs/scm.keytab
kms_1       | Connecting to kdc (kdc)|172.19.0.4|:8081... connected.
s3g_1       | Resolving kdc (kdc)... 172.19.0.4
datanode_3  | --2019-11-15 19:53:54--  http://kdc:8081/keytab/7d4558e1937a/HTTP
kdc_1       | Nov 15 19:53:52 kdc kadmind[15](info): closing down fd 18
datanode_2  |    2 11/15/19 19:53:56 scm/bbe686f57309@EXAMPLE.COM
datanode_1  | Length: 160 [application/octet-stream]
scm_1       | --2019-11-15 19:53:57--  http://kdc:8081/keytab/scm/scm
om_1        | Resolving kdc (kdc)... 172.19.0.4
recon_1     | --2019-11-15 19:54:18--  http://kdc:8081/keytab/recon/scm
kms_1       | HTTP request sent, awaiting response... 200 OK
s3g_1       | Connecting to kdc (kdc)|172.19.0.4|:8081... connected.
datanode_3  | Resolving kdc (kdc)... 172.19.0.4
kdc_1       | WARNING: no policy specified for test/test@EXAMPLE.COM; defaulting to no policy
datanode_2  |    2 11/15/19 19:53:56 scm/bbe686f57309@EXAMPLE.COM
datanode_1  | Saving to: '/etc/security/keytabs/scm.keytab'
scm_1       | Resolving kdc (kdc)... 172.19.0.4
om_1        | Connecting to kdc (kdc)|172.19.0.4|:8081... connected.
recon_1     | Resolving kdc (kdc)... 172.19.0.4
kms_1       | Length: 162 [application/octet-stream]
s3g_1       | HTTP request sent, awaiting response... 200 OK
datanode_3  | Connecting to kdc (kdc)|172.19.0.4|:8081... connected.
kdc_1       | add_principal: Principal or policy already exists while creating "test/test@EXAMPLE.COM".
datanode_2  | Download HTTP/bbe686f57309@EXAMPLE.COM keytab file to /etc/security/keytabs/HTTP.keytab
datanode_1  | 
scm_1       | Connecting to kdc (kdc)|172.19.0.4|:8081... connected.
om_1        | HTTP request sent, awaiting response... 200 OK
recon_1     | Connecting to kdc (kdc)|172.19.0.4|:8081... connected.
kms_1       | Saving to: '/etc/security/keytabs/HTTP.keytab'
s3g_1       | Length: 142 [application/octet-stream]
datanode_3  | HTTP request sent, awaiting response... 200 OK
kdc_1       | Authenticating as principal admin/admin with keytab /tmp/admin.keytab.
datanode_2  | --2019-11-15 19:53:56--  http://kdc:8081/keytab/bbe686f57309/HTTP
datanode_1  |      0K                                                       100% 13.4M=0s
scm_1       | HTTP request sent, awaiting response... 200 OK
om_1        | Length: 140 [application/octet-stream]
recon_1     | HTTP request sent, awaiting response... 200 OK
kms_1       | 
s3g_1       | Saving to: '/etc/security/keytabs/scm.keytab'
datanode_3  | Length: 162 [application/octet-stream]
kdc_1       | Entry for principal test/test@EXAMPLE.COM with kvno 3, encryption type aes256-cts-hmac-sha1-96 added to keytab WRFILE:/data/test.test.keytab.
datanode_2  | Resolving kdc (kdc)... 172.19.0.4
datanode_1  | 
scm_1       | Length: 142 [application/octet-stream]
om_1        | Saving to: '/etc/security/keytabs/scm.keytab'
recon_1     | Length: 146 [application/octet-stream]
kms_1       |      0K                                                       100% 14.6M=0s
s3g_1       | 
datanode_3  | Saving to: '/etc/security/keytabs/HTTP.keytab'
kdc_1       | Entry for principal test/test@EXAMPLE.COM with kvno 3, encryption type aes128-cts-hmac-sha1-96 added to keytab WRFILE:/data/test.test.keytab.
datanode_2  | Connecting to kdc (kdc)|172.19.0.4|:8081... connected.
datanode_1  | 2019-11-15 19:53:56 (13.4 MB/s) - '/etc/security/keytabs/scm.keytab' saved [160/160]
scm_1       | Saving to: '/etc/security/keytabs/scm.keytab'
om_1        | 
recon_1     | Saving to: '/etc/security/keytabs/scm.keytab'
s3g_1       |      0K                                                       100% 11.4M=0s
kms_1       | 
datanode_3  | 
kdc_1       | Generiting keytab
datanode_2  | HTTP request sent, awaiting response... 200 OK
datanode_1  | 
scm_1       | 
om_1        |      0K                                                       100% 8.61M=0s
recon_1     | 
s3g_1       | 
kms_1       | 2019-11-15 19:53:55 (14.6 MB/s) - '/etc/security/keytabs/HTTP.keytab' saved [162/162]
kdc_1       | Authenticating as principal admin/admin with keytab /tmp/admin.keytab.
datanode_3  |      0K                                                       100% 16.4M=0s
datanode_2  | Length: 162 [application/octet-stream]
datanode_1  | Keytab name: FILE:/etc/security/keytabs/scm.keytab
scm_1       |      0K                                                       100% 8.71M=0s
om_1        | 
recon_1     |      0K                                                       100% 11.8M=0s
s3g_1       | 2019-11-15 19:53:54 (11.4 MB/s) - '/etc/security/keytabs/scm.keytab' saved [142/142]
kms_1       | 
kdc_1       | WARNING: no policy specified for dn/s3g@EXAMPLE.COM; defaulting to no policy
datanode_3  | 
datanode_2  | Saving to: '/etc/security/keytabs/HTTP.keytab'
datanode_1  | KVNO Timestamp         Principal
scm_1       | 
om_1        | 2019-11-15 19:53:54 (8.61 MB/s) - '/etc/security/keytabs/scm.keytab' saved [140/140]
recon_1     | 
s3g_1       | 
kms_1       | Keytab name: FILE:/etc/security/keytabs/HTTP.keytab
datanode_3  | 2019-11-15 19:53:55 (16.4 MB/s) - '/etc/security/keytabs/HTTP.keytab' saved [162/162]
datanode_2  | 
kdc_1       | Principal "dn/s3g@EXAMPLE.COM" created.
datanode_1  | ---- ----------------- --------------------------------------------------------
scm_1       | 2019-11-15 19:53:58 (8.71 MB/s) - '/etc/security/keytabs/scm.keytab' saved [142/142]
recon_1     | 2019-11-15 19:54:19 (11.8 MB/s) - '/etc/security/keytabs/scm.keytab' saved [146/146]
s3g_1       | Keytab name: FILE:/etc/security/keytabs/scm.keytab
datanode_3  | 
kms_1       | KVNO Timestamp         Principal
om_1        | 
kdc_1       | Authenticating as principal admin/admin with keytab /tmp/admin.keytab.
datanode_2  |      0K                                                       100% 17.2M=0s
scm_1       | 
datanode_1  |    2 11/15/19 19:53:56 scm/a068c19292a4@EXAMPLE.COM
s3g_1       | KVNO Timestamp         Principal
recon_1     | 
datanode_3  | Keytab name: FILE:/etc/security/keytabs/HTTP.keytab
kms_1       | ---- ----------------- --------------------------------------------------------
om_1        | Keytab name: FILE:/etc/security/keytabs/scm.keytab
kdc_1       | Entry for principal dn/s3g@EXAMPLE.COM with kvno 2, encryption type aes256-cts-hmac-sha1-96 added to keytab WRFILE:/data/dn.s3g.keytab.
datanode_2  | 
scm_1       | Keytab name: FILE:/etc/security/keytabs/scm.keytab
datanode_1  |    2 11/15/19 19:53:56 scm/a068c19292a4@EXAMPLE.COM
s3g_1       | ---- ----------------- --------------------------------------------------------
recon_1     | Keytab name: FILE:/etc/security/keytabs/scm.keytab
datanode_3  | KVNO Timestamp         Principal
kms_1       |    2 11/15/19 19:53:55 HTTP/47b3294e826f@EXAMPLE.COM
om_1        | KVNO Timestamp         Principal
kdc_1       | Entry for principal dn/s3g@EXAMPLE.COM with kvno 2, encryption type aes128-cts-hmac-sha1-96 added to keytab WRFILE:/data/dn.s3g.keytab.
datanode_2  | 2019-11-15 19:53:57 (17.2 MB/s) - '/etc/security/keytabs/HTTP.keytab' saved [162/162]
scm_1       | KVNO Timestamp         Principal
datanode_1  | Download HTTP/a068c19292a4@EXAMPLE.COM keytab file to /etc/security/keytabs/HTTP.keytab
s3g_1       |    2 11/15/19 19:53:54 scm/s3g@EXAMPLE.COM
recon_1     | KVNO Timestamp         Principal
datanode_3  | ---- ----------------- --------------------------------------------------------
kms_1       |    2 11/15/19 19:53:55 HTTP/47b3294e826f@EXAMPLE.COM
om_1        | ---- ----------------- --------------------------------------------------------
kdc_1       | Generiting keytab
datanode_2  | 
scm_1       | ---- ----------------- --------------------------------------------------------
datanode_1  | --2019-11-15 19:53:56--  http://kdc:8081/keytab/a068c19292a4/HTTP
s3g_1       |    2 11/15/19 19:53:54 scm/s3g@EXAMPLE.COM
recon_1     | ---- ----------------- --------------------------------------------------------
datanode_3  |    2 11/15/19 19:53:55 HTTP/7d4558e1937a@EXAMPLE.COM
kms_1       | Download testuser/47b3294e826f@EXAMPLE.COM keytab file to /etc/security/keytabs/testuser.keytab
om_1        |    2 11/15/19 19:53:54 scm/om@EXAMPLE.COM
kdc_1       | Authenticating as principal admin/admin with keytab /tmp/admin.keytab.
datanode_2  | Keytab name: FILE:/etc/security/keytabs/HTTP.keytab
scm_1       |    2 11/15/19 19:53:58 scm/scm@EXAMPLE.COM
datanode_1  | Resolving kdc (kdc)... 172.19.0.4
s3g_1       | Download HTTP/s3g@EXAMPLE.COM keytab file to /etc/security/keytabs/HTTP.keytab
recon_1     |    2 11/15/19 19:54:18 scm/recon@EXAMPLE.COM
datanode_3  |    2 11/15/19 19:53:55 HTTP/7d4558e1937a@EXAMPLE.COM
kms_1       | --2019-11-15 19:53:55--  http://kdc:8081/keytab/47b3294e826f/testuser
om_1        |    2 11/15/19 19:53:54 scm/om@EXAMPLE.COM
kdc_1       | WARNING: no policy specified for dn/7d4558e1937a@EXAMPLE.COM; defaulting to no policy
datanode_2  | KVNO Timestamp         Principal
scm_1       |    2 11/15/19 19:53:58 scm/scm@EXAMPLE.COM
datanode_1  | Connecting to kdc (kdc)|172.19.0.4|:8081... connected.
s3g_1       | --2019-11-15 19:53:54--  http://kdc:8081/keytab/s3g/HTTP
recon_1     |    2 11/15/19 19:54:18 scm/recon@EXAMPLE.COM
datanode_3  | Download testuser/7d4558e1937a@EXAMPLE.COM keytab file to /etc/security/keytabs/testuser.keytab
kms_1       | Resolving kdc (kdc)... 172.19.0.4
om_1        | Download HTTP/om@EXAMPLE.COM keytab file to /etc/security/keytabs/HTTP.keytab
kdc_1       | Principal "dn/7d4558e1937a@EXAMPLE.COM" created.
datanode_2  | ---- ----------------- --------------------------------------------------------
scm_1       | Download HTTP/scm@EXAMPLE.COM keytab file to /etc/security/keytabs/HTTP.keytab
datanode_1  | HTTP request sent, awaiting response... 200 OK
s3g_1       | Resolving kdc (kdc)... 172.19.0.4
recon_1     | Download HTTP/recon@EXAMPLE.COM keytab file to /etc/security/keytabs/HTTP.keytab
datanode_3  | --2019-11-15 19:53:55--  http://kdc:8081/keytab/7d4558e1937a/testuser
kms_1       | Connecting to kdc (kdc)|172.19.0.4|:8081... connected.
om_1        | --2019-11-15 19:53:54--  http://kdc:8081/keytab/om/HTTP
kdc_1       | Authenticating as principal admin/admin with keytab /tmp/admin.keytab.
datanode_2  |    2 11/15/19 19:53:57 HTTP/bbe686f57309@EXAMPLE.COM
scm_1       | --2019-11-15 19:53:58--  http://kdc:8081/keytab/scm/HTTP
datanode_1  | Length: 162 [application/octet-stream]
s3g_1       | Connecting to kdc (kdc)|172.19.0.4|:8081... connected.
recon_1     | --2019-11-15 19:54:19--  http://kdc:8081/keytab/recon/HTTP
datanode_3  | Resolving kdc (kdc)... 172.19.0.4
kms_1       | HTTP request sent, awaiting response... 200 OK
om_1        | Resolving kdc (kdc)... 172.19.0.4
kdc_1       | Entry for principal dn/7d4558e1937a@EXAMPLE.COM with kvno 2, encryption type aes256-cts-hmac-sha1-96 added to keytab WRFILE:/data/dn.7d4558e1937a.keytab.
datanode_2  |    2 11/15/19 19:53:57 HTTP/bbe686f57309@EXAMPLE.COM
scm_1       | Resolving kdc (kdc)... 172.19.0.4
datanode_1  | Saving to: '/etc/security/keytabs/HTTP.keytab'
s3g_1       | HTTP request sent, awaiting response... 200 OK
recon_1     | Resolving kdc (kdc)... 172.19.0.4
datanode_3  | Connecting to kdc (kdc)|172.19.0.4|:8081... connected.
kms_1       | Length: 170 [application/octet-stream]
om_1        | Connecting to kdc (kdc)|172.19.0.4|:8081... connected.
kdc_1       | Entry for principal dn/7d4558e1937a@EXAMPLE.COM with kvno 2, encryption type aes128-cts-hmac-sha1-96 added to keytab WRFILE:/data/dn.7d4558e1937a.keytab.
kdc_1       | Generiting keytab
datanode_2  | Download testuser/bbe686f57309@EXAMPLE.COM keytab file to /etc/security/keytabs/testuser.keytab
scm_1       | Connecting to kdc (kdc)|172.19.0.4|:8081... connected.
datanode_1  | 
s3g_1       | Length: 144 [application/octet-stream]
recon_1     | Connecting to kdc (kdc)|172.19.0.4|:8081... connected.
datanode_3  | HTTP request sent, awaiting response... 200 OK
kms_1       | Saving to: '/etc/security/keytabs/testuser.keytab'
om_1        | HTTP request sent, awaiting response... 200 OK
kdc_1       | Authenticating as principal admin/admin with keytab /tmp/admin.keytab.
datanode_2  | --2019-11-15 19:53:57--  http://kdc:8081/keytab/bbe686f57309/testuser
scm_1       | HTTP request sent, awaiting response... 200 OK
datanode_1  |      0K                                                       100% 15.9M=0s
s3g_1       | Saving to: '/etc/security/keytabs/HTTP.keytab'
recon_1     | HTTP request sent, awaiting response... 200 OK
datanode_3  | Length: 170 [application/octet-stream]
kms_1       | 
om_1        | Length: 142 [application/octet-stream]
kdc_1       | WARNING: no policy specified for dn/om@EXAMPLE.COM; defaulting to no policy
datanode_2  | Resolving kdc (kdc)... 172.19.0.4
scm_1       | Length: 144 [application/octet-stream]
datanode_1  | 
s3g_1       | 
recon_1     | Length: 148 [application/octet-stream]
datanode_3  | Saving to: '/etc/security/keytabs/testuser.keytab'
om_1        | Saving to: '/etc/security/keytabs/HTTP.keytab'
kdc_1       | Principal "dn/om@EXAMPLE.COM" created.
kms_1       |      0K                                                       100% 10.6M=0s
datanode_2  | Connecting to kdc (kdc)|172.19.0.4|:8081... connected.
scm_1       | Saving to: '/etc/security/keytabs/HTTP.keytab'
datanode_1  | 2019-11-15 19:53:57 (15.9 MB/s) - '/etc/security/keytabs/HTTP.keytab' saved [162/162]
s3g_1       |      0K                                                       100% 11.0M=0s
recon_1     | Saving to: '/etc/security/keytabs/HTTP.keytab'
datanode_3  | 
om_1        | 
kdc_1       | Authenticating as principal admin/admin with keytab /tmp/admin.keytab.
kms_1       | 
datanode_2  | HTTP request sent, awaiting response... 200 OK
scm_1       | 
datanode_1  | 
s3g_1       | 
recon_1     | 
datanode_3  |      0K                                                       100% 10.5M=0s
om_1        |      0K                                                       100% 19.4M=0s
kdc_1       | Entry for principal dn/om@EXAMPLE.COM with kvno 2, encryption type aes256-cts-hmac-sha1-96 added to keytab WRFILE:/data/dn.om.keytab.
kms_1       | 2019-11-15 19:53:57 (10.6 MB/s) - '/etc/security/keytabs/testuser.keytab' saved [170/170]
datanode_2  | Length: 170 [application/octet-stream]
scm_1       |      0K                                                       100% 10.4M=0s
datanode_1  | Keytab name: FILE:/etc/security/keytabs/HTTP.keytab
s3g_1       | 2019-11-15 19:53:54 (11.0 MB/s) - '/etc/security/keytabs/HTTP.keytab' saved [144/144]
recon_1     |      0K                                                       100% 18.9M=0s
datanode_3  | 
om_1        | 
kdc_1       | Entry for principal dn/om@EXAMPLE.COM with kvno 2, encryption type aes128-cts-hmac-sha1-96 added to keytab WRFILE:/data/dn.om.keytab.
kms_1       | 
datanode_2  | Saving to: '/etc/security/keytabs/testuser.keytab'
scm_1       | 
datanode_1  | KVNO Timestamp         Principal
s3g_1       | 
recon_1     | 
datanode_3  | 2019-11-15 19:53:56 (10.5 MB/s) - '/etc/security/keytabs/testuser.keytab' saved [170/170]
om_1        | 2019-11-15 19:53:55 (19.4 MB/s) - '/etc/security/keytabs/HTTP.keytab' saved [142/142]
kdc_1       | Generiting keytab
kms_1       | Keytab name: FILE:/etc/security/keytabs/testuser.keytab
datanode_2  | 
scm_1       | 2019-11-15 19:53:59 (10.4 MB/s) - '/etc/security/keytabs/HTTP.keytab' saved [144/144]
datanode_1  | ---- ----------------- --------------------------------------------------------
s3g_1       | Keytab name: FILE:/etc/security/keytabs/HTTP.keytab
datanode_3  | 
recon_1     | 2019-11-15 19:54:19 (18.9 MB/s) - '/etc/security/keytabs/HTTP.keytab' saved [148/148]
om_1        | 
kdc_1       | Authenticating as principal admin/admin with keytab /tmp/admin.keytab.
kms_1       | KVNO Timestamp         Principal
datanode_2  |      0K                                                       100% 12.8M=0s
scm_1       | 
datanode_1  |    2 11/15/19 19:53:57 HTTP/a068c19292a4@EXAMPLE.COM
s3g_1       | KVNO Timestamp         Principal
datanode_3  | Keytab name: FILE:/etc/security/keytabs/testuser.keytab
recon_1     | 
kdc_1       | WARNING: no policy specified for dn/47b3294e826f@EXAMPLE.COM; defaulting to no policy
om_1        | Keytab name: FILE:/etc/security/keytabs/HTTP.keytab
kms_1       | ---- ----------------- --------------------------------------------------------
datanode_2  | 
scm_1       | Keytab name: FILE:/etc/security/keytabs/HTTP.keytab
datanode_1  |    2 11/15/19 19:53:57 HTTP/a068c19292a4@EXAMPLE.COM
s3g_1       | ---- ----------------- --------------------------------------------------------
datanode_3  | KVNO Timestamp         Principal
recon_1     | Keytab name: FILE:/etc/security/keytabs/HTTP.keytab
kdc_1       | Principal "dn/47b3294e826f@EXAMPLE.COM" created.
om_1        | KVNO Timestamp         Principal
kms_1       |    2 11/15/19 19:53:57 testuser/47b3294e826f@EXAMPLE.COM
datanode_2  | 2019-11-15 19:53:59 (12.8 MB/s) - '/etc/security/keytabs/testuser.keytab' saved [170/170]
scm_1       | KVNO Timestamp         Principal
datanode_1  | Download testuser/a068c19292a4@EXAMPLE.COM keytab file to /etc/security/keytabs/testuser.keytab
s3g_1       |    2 11/15/19 19:53:54 HTTP/s3g@EXAMPLE.COM
datanode_3  | ---- ----------------- --------------------------------------------------------
recon_1     | KVNO Timestamp         Principal
kdc_1       | Authenticating as principal admin/admin with keytab /tmp/admin.keytab.
om_1        | ---- ----------------- --------------------------------------------------------
kms_1       |    2 11/15/19 19:53:57 testuser/47b3294e826f@EXAMPLE.COM
datanode_2  | 
scm_1       | ---- ----------------- --------------------------------------------------------
datanode_1  | --2019-11-15 19:53:57--  http://kdc:8081/keytab/a068c19292a4/testuser
s3g_1       |    2 11/15/19 19:53:54 HTTP/s3g@EXAMPLE.COM
datanode_3  |    2 11/15/19 19:53:56 testuser/7d4558e1937a@EXAMPLE.COM
recon_1     | ---- ----------------- --------------------------------------------------------
kdc_1       | Entry for principal dn/47b3294e826f@EXAMPLE.COM with kvno 2, encryption type aes256-cts-hmac-sha1-96 added to keytab WRFILE:/data/dn.47b3294e826f.keytab.
om_1        |    2 11/15/19 19:53:55 HTTP/om@EXAMPLE.COM
kms_1       | Download testuser2/47b3294e826f@EXAMPLE.COM keytab file to /etc/security/keytabs/testuser2.keytab
datanode_2  | Keytab name: FILE:/etc/security/keytabs/testuser.keytab
scm_1       |    2 11/15/19 19:53:59 HTTP/scm@EXAMPLE.COM
datanode_1  | Resolving kdc (kdc)... 172.19.0.4
s3g_1       | Download testuser/s3g@EXAMPLE.COM keytab file to /etc/security/keytabs/testuser.keytab
datanode_3  |    2 11/15/19 19:53:56 testuser/7d4558e1937a@EXAMPLE.COM
recon_1     |    2 11/15/19 19:54:19 HTTP/recon@EXAMPLE.COM
om_1        |    2 11/15/19 19:53:55 HTTP/om@EXAMPLE.COM
kms_1       | --2019-11-15 19:53:57--  http://kdc:8081/keytab/47b3294e826f/testuser2
kdc_1       | Entry for principal dn/47b3294e826f@EXAMPLE.COM with kvno 2, encryption type aes128-cts-hmac-sha1-96 added to keytab WRFILE:/data/dn.47b3294e826f.keytab.
datanode_2  | KVNO Timestamp         Principal
scm_1       |    2 11/15/19 19:53:59 HTTP/scm@EXAMPLE.COM
datanode_1  | Connecting to kdc (kdc)|172.19.0.4|:8081... connected.
s3g_1       | --2019-11-15 19:53:54--  http://kdc:8081/keytab/s3g/testuser
datanode_3  | Download testuser2/7d4558e1937a@EXAMPLE.COM keytab file to /etc/security/keytabs/testuser2.keytab
recon_1     |    2 11/15/19 19:54:19 HTTP/recon@EXAMPLE.COM
om_1        | Download testuser/om@EXAMPLE.COM keytab file to /etc/security/keytabs/testuser.keytab
kms_1       | Resolving kdc (kdc)... 172.19.0.4
datanode_2  | ---- ----------------- --------------------------------------------------------
kdc_1       | Generiting keytab
scm_1       | Download testuser/scm@EXAMPLE.COM keytab file to /etc/security/keytabs/testuser.keytab
datanode_1  | HTTP request sent, awaiting response... 200 OK
s3g_1       | Resolving kdc (kdc)... 172.19.0.4
datanode_3  | --2019-11-15 19:53:56--  http://kdc:8081/keytab/7d4558e1937a/testuser2
recon_1     | Download testuser/recon@EXAMPLE.COM keytab file to /etc/security/keytabs/testuser.keytab
om_1        | --2019-11-15 19:53:55--  http://kdc:8081/keytab/om/testuser
kms_1       | Connecting to kdc (kdc)|172.19.0.4|:8081... connected.
datanode_2  |    2 11/15/19 19:53:59 testuser/bbe686f57309@EXAMPLE.COM
kdc_1       | Authenticating as principal admin/admin with keytab /tmp/admin.keytab.
scm_1       | --2019-11-15 19:53:59--  http://kdc:8081/keytab/scm/testuser
datanode_1  | Length: 170 [application/octet-stream]
s3g_1       | Connecting to kdc (kdc)|172.19.0.4|:8081... connected.
datanode_3  | Resolving kdc (kdc)... 172.19.0.4
recon_1     | --2019-11-15 19:54:19--  http://kdc:8081/keytab/recon/testuser
om_1        | Resolving kdc (kdc)... 172.19.0.4
kms_1       | HTTP request sent, awaiting response... 200 OK
datanode_2  |    2 11/15/19 19:53:59 testuser/bbe686f57309@EXAMPLE.COM
kdc_1       | WARNING: no policy specified for om/s3g@EXAMPLE.COM; defaulting to no policy
scm_1       | Resolving kdc (kdc)... 172.19.0.4
datanode_1  | Saving to: '/etc/security/keytabs/testuser.keytab'
s3g_1       | HTTP request sent, awaiting response... 200 OK
datanode_3  | Connecting to kdc (kdc)|172.19.0.4|:8081... connected.
recon_1     | Resolving kdc (kdc)... 172.19.0.4
om_1        | Connecting to kdc (kdc)|172.19.0.4|:8081... connected.
kms_1       | Length: 172 [application/octet-stream]
datanode_2  | Download testuser2/bbe686f57309@EXAMPLE.COM keytab file to /etc/security/keytabs/testuser2.keytab
kdc_1       | Principal "om/s3g@EXAMPLE.COM" created.
scm_1       | Connecting to kdc (kdc)|172.19.0.4|:8081... connected.
datanode_1  | 
s3g_1       | Length: 152 [application/octet-stream]
datanode_3  | HTTP request sent, awaiting response... 200 OK
recon_1     | Connecting to kdc (kdc)|172.19.0.4|:8081... connected.
om_1        | HTTP request sent, awaiting response... 200 OK
kms_1       | Saving to: '/etc/security/keytabs/testuser2.keytab'
datanode_2  | --2019-11-15 19:53:59--  http://kdc:8081/keytab/bbe686f57309/testuser2
kdc_1       | Authenticating as principal admin/admin with keytab /tmp/admin.keytab.
datanode_1  |      0K                                                       100% 9.07M=0s
scm_1       | HTTP request sent, awaiting response... 200 OK
s3g_1       | Saving to: '/etc/security/keytabs/testuser.keytab'
datanode_3  | Length: 172 [application/octet-stream]
recon_1     | HTTP request sent, awaiting response... 200 OK
om_1        | Length: 150 [application/octet-stream]
kms_1       | 
datanode_2  | Resolving kdc (kdc)... 172.19.0.4
kdc_1       | Entry for principal om/s3g@EXAMPLE.COM with kvno 2, encryption type aes256-cts-hmac-sha1-96 added to keytab WRFILE:/data/om.s3g.keytab.
datanode_1  | 
scm_1       | Length: 152 [application/octet-stream]
s3g_1       | 
datanode_3  | Saving to: '/etc/security/keytabs/testuser2.keytab'
recon_1     | Length: 156 [application/octet-stream]
