datanode_3  | 2019-11-15 19:54:15,773 INFO server.RaftServerConfigKeys: raft.server.notification.no-leader.timeout = 120s (custom)
datanode_1  | 2019-11-15 19:54:15,903 INFO server.RaftServerConfigKeys: raft.server.rpc.timeout.min = 5s (custom)
kdc_1       | Nov 15 19:53:53 kdc kadmind[15](info): closing down fd 18
datanode_2  | 2019-11-15 19:54:15,988 INFO server.RaftServerConfigKeys: raft.server.notification.no-leader.timeout = 120s (custom)
scm_1       | 2019-11-15 19:54:10,585 INFO authorize.ServiceAuthorizationManager: Authorization successful for dn/7d4558e1937a@EXAMPLE.COM (auth:KERBEROS) for protocol=interface org.apache.hadoop.ozone.protocol.StorageContainerDatanodeProtocol
om_1        | 2019-11-15 19:54:12,460 INFO server.Server: jetty-9.3.25.v20180904, build timestamp: 2018-09-04T21:11:46Z, git hash: 3ce520221d0240229c862b122d2b06c12a625732
datanode_3  | 2019-11-15 19:54:15,773 INFO server.RaftServerConfigKeys: raft.server.log.use.memory = false (default)
datanode_1  | 2019-11-15 19:54:15,903 INFO server.RaftServerConfigKeys: raft.server.rpc.timeout.max = 5200ms (custom)
kdc_1       | Nov 15 19:53:53 kdc kadmind[15](Notice): Request: kadm5_init, admin/admin@EXAMPLE.COM, success, client=admin/admin@EXAMPLE.COM, service=kadmin/admin@EXAMPLE.COM, addr=127.0.0.1, vers=4, flavor=6
datanode_2  | 2019-11-15 19:54:15,988 INFO server.RaftServerConfigKeys: raft.server.log.use.memory = false (default)
scm_1       | 2019-11-15 19:54:10,706 INFO ipc.Server: Auth successful for dn/a068c19292a4@EXAMPLE.COM (auth:KERBEROS)
om_1        | 2019-11-15 19:54:12,494 INFO server.AuthenticationFilter: Unable to initialize FileSignerSecretProvider, falling back to use random secrets.
datanode_3  | 2019-11-15 19:54:15,773 INFO server.RaftServerConfigKeys: raft.server.log.purge.gap = 1000000 (custom)
datanode_1  | 2019-11-15 19:54:15,903 INFO server.RaftServerConfigKeys: raft.server.rpcslowness.timeout = 120s (custom)
kdc_1       | Nov 15 19:53:53 kdc kadmind[15](Notice): Request: kadm5_get_policy, default, Policy does not exist, client=admin/admin@EXAMPLE.COM, service=kadmin/admin@EXAMPLE.COM, addr=127.0.0.1
datanode_2  | 2019-11-15 19:54:15,988 INFO server.RaftServerConfigKeys: raft.server.log.purge.gap = 1000000 (custom)
om_1        | 2019-11-15 19:54:12,496 INFO server.KerberosAuthenticationHandler: Using keytab /etc/security/keytabs/HTTP.keytab, for principal HTTP/om@EXAMPLE.COM
scm_1       | 2019-11-15 19:54:10,709 INFO authorize.ServiceAuthorizationManager: Authorization successful for dn/a068c19292a4@EXAMPLE.COM (auth:KERBEROS) for protocol=interface org.apache.hadoop.ozone.protocol.StorageContainerDatanodeProtocol
datanode_3  | 2019-11-15 19:54:15,773 INFO server.RaftServerConfigKeys: raft.server.log.appender.buffer.byte-limit = 33554432 (custom)
datanode_1  | 2019-11-15 19:54:15,903 INFO server.RaftServerConfigKeys: raft.server.sleep.deviation.threshold = 300 (default)
kdc_1       | Nov 15 19:53:53 kdc kadmind[15](Notice): Request: kadm5_create_principal, om/om@EXAMPLE.COM, success, client=admin/admin@EXAMPLE.COM, service=kadmin/admin@EXAMPLE.COM, addr=127.0.0.1
datanode_2  | 2019-11-15 19:54:15,989 INFO server.RaftServerConfigKeys: raft.server.log.appender.buffer.byte-limit = 33554432 (custom)
om_1        | 2019-11-15 19:54:12,499 INFO handler.ContextHandler: Started o.e.j.s.ServletContextHandler@42507640{/logs,file:///var/log/hadoop/,AVAILABLE}
scm_1       | 2019-11-15 19:54:10,734 INFO ipc.Server: Auth successful for dn/bbe686f57309@EXAMPLE.COM (auth:KERBEROS)
datanode_3  | 2019-11-15 19:54:15,773 INFO server.RaftServerConfigKeys: raft.server.log.segment.size.max = 1048576 (custom)
kdc_1       | Nov 15 19:53:53 kdc kadmind[15](info): closing down fd 18
datanode_2  | 2019-11-15 19:54:15,989 INFO server.RaftServerConfigKeys: raft.server.log.segment.size.max = 1048576 (custom)
scm_1       | 2019-11-15 19:54:10,737 INFO authorize.ServiceAuthorizationManager: Authorization successful for dn/bbe686f57309@EXAMPLE.COM (auth:KERBEROS) for protocol=interface org.apache.hadoop.ozone.protocol.StorageContainerDatanodeProtocol
om_1        | 2019-11-15 19:54:12,500 INFO handler.ContextHandler: Started o.e.j.s.ServletContextHandler@12f279b5{/static,jar:file:/opt/hadoop/share/ozone/lib/hadoop-ozone-ozone-manager-0.5.0-SNAPSHOT.jar!/webapps/static,AVAILABLE}
datanode_1  | 2019-11-15 19:54:15,903 INFO server.RaftServerConfigKeys: raft.server.log.appender.install.snapshot.enabled = false (custom)
datanode_3  | 2019-11-15 19:54:15,773 INFO server.RaftServerConfigKeys: raft.server.log.segment.cache.num.max = 2 (custom)
kdc_1       | Nov 15 19:53:53 kdc kadmind[15](Notice): Request: kadm5_init, admin/admin@EXAMPLE.COM, success, client=admin/admin@EXAMPLE.COM, service=kadmin/admin@EXAMPLE.COM, addr=127.0.0.1, vers=4, flavor=6
scm_1       | 2019-11-15 19:54:10,737 INFO ipc.Server: Auth successful for om/om@EXAMPLE.COM (auth:KERBEROS)
datanode_2  | 2019-11-15 19:54:15,989 INFO server.RaftServerConfigKeys: raft.server.log.segment.cache.num.max = 2 (custom)
om_1        | 2019-11-15 19:54:12,611 INFO server.KerberosAuthenticationHandler: Using keytab /etc/security/keytabs/HTTP.keytab, for principal HTTP/om@EXAMPLE.COM
datanode_1  | 2019-11-15 19:54:15,903 INFO impl.RaftServerImpl: cc9eebeb-21cf-4db8-9c76-28ab9ad192a8@group-80F0D9DA34D0: ConfigurationManager, init=-1: [36df5488-e04b-4703-81a5-c8d3b1e79613:172.19.0.10:9858, cc9eebeb-21cf-4db8-9c76-28ab9ad192a8:172.19.0.7:9858, eef47748-2f82-489e-af3d-e4fceb52e3d7:172.19.0.8:9858], old=null, confs=<EMPTY_MAP>
datanode_3  | 2019-11-15 19:54:15,773 INFO segmented.SegmentedRaftLogWorker: new eef47748-2f82-489e-af3d-e4fceb52e3d7@group-80F0D9DA34D0-SegmentedRaftLogWorker for RaftStorage:Storage Directory /data/metadata/ratis/5c98ea4f-4bf6-4a6e-8c9b-80f0d9da34d0
kdc_1       | Nov 15 19:53:53 kdc kadmind[15](Notice): Request: kadm5_randkey_principal, om/om@EXAMPLE.COM, success, client=admin/admin@EXAMPLE.COM, service=kadmin/admin@EXAMPLE.COM, addr=127.0.0.1
scm_1       | 2019-11-15 19:54:10,749 INFO authorize.ServiceAuthorizationManager: Authorization successful for om/om@EXAMPLE.COM (auth:KERBEROS) for protocol=interface org.apache.hadoop.hdds.scm.protocol.ScmBlockLocationProtocol
datanode_2  | 2019-11-15 19:54:15,989 INFO segmented.SegmentedRaftLogWorker: new 36df5488-e04b-4703-81a5-c8d3b1e79613@group-80F0D9DA34D0-SegmentedRaftLogWorker for RaftStorage:Storage Directory /data/metadata/ratis/5c98ea4f-4bf6-4a6e-8c9b-80f0d9da34d0
om_1        | 2019-11-15 19:54:12,618 INFO handler.ContextHandler: Started o.e.j.w.WebAppContext@4ea17147{/,file:///tmp/jetty-0.0.0.0-9874-ozoneManager-_-any-9957248884851050350.dir/webapp/,AVAILABLE}{/ozoneManager}
datanode_1  | 2019-11-15 19:54:15,903 INFO server.RaftServerConfigKeys: raft.server.storage.dir = [/data/metadata/ratis] (custom)
datanode_3  | 2019-11-15 19:54:15,773 INFO server.RaftServerConfigKeys: raft.server.log.queue.byte-limit = 2147483647 (custom)
kdc_1       | Nov 15 19:53:53 kdc kadmind[15](Notice): Request: kadm5_get_principal, om/om@EXAMPLE.COM, success, client=admin/admin@EXAMPLE.COM, service=kadmin/admin@EXAMPLE.COM, addr=127.0.0.1
scm_1       | 2019-11-15 19:54:12,583 INFO net.NetworkTopology: Added a new node: /default-rack/eef47748-2f82-489e-af3d-e4fceb52e3d7
datanode_2  | 2019-11-15 19:54:15,989 INFO server.RaftServerConfigKeys: raft.server.log.queue.byte-limit = 2147483647 (custom)
om_1        | 2019-11-15 19:54:12,624 INFO server.AbstractConnector: Started ServerConnector@697d6ded{HTTP/1.1,[http/1.1]}{0.0.0.0:9874}
datanode_1  | 2019-11-15 19:54:15,904 INFO server.RaftServerConfigKeys: raft.server.log.corruption.policy = EXCEPTION (default)
datanode_3  | 2019-11-15 19:54:15,773 INFO server.RaftServerConfigKeys: raft.server.log.queue.element-limit = 1024 (custom)
kdc_1       | Nov 15 19:53:53 kdc kadmind[15](info): closing down fd 18
scm_1       | 2019-11-15 19:54:12,585 INFO node.SCMNodeManager: Registered Data node : eef47748-2f82-489e-af3d-e4fceb52e3d7{ip: 172.19.0.8, host: ozonesecure_datanode_3.ozonesecure_default, networkLocation: /default-rack, certSerialId: 14194433300444210}
datanode_2  | 2019-11-15 19:54:15,989 INFO server.RaftServerConfigKeys: raft.server.log.queue.element-limit = 1024 (custom)
om_1        | 2019-11-15 19:54:12,625 INFO server.Server: Started @4099ms
datanode_1  | 2019-11-15 19:54:15,904 INFO storage.RaftStorageDirectory: The storage directory /data/metadata/ratis/5c98ea4f-4bf6-4a6e-8c9b-80f0d9da34d0 does not exist. Creating ...
datanode_3  | 2019-11-15 19:54:15,774 INFO server.RaftServerConfigKeys: raft.server.log.segment.size.max = 1048576 (custom)
kdc_1       | Nov 15 19:53:53 kdc kadmind[15](Notice): Request: kadm5_init, admin/admin@EXAMPLE.COM, success, client=admin/admin@EXAMPLE.COM, service=kadmin/admin@EXAMPLE.COM, addr=127.0.0.1, vers=4, flavor=6
datanode_2  | 2019-11-15 19:54:15,989 INFO server.RaftServerConfigKeys: raft.server.log.segment.size.max = 1048576 (custom)
om_1        | 2019-11-15 19:54:12,628 INFO impl.MetricsSinkAdapter: Sink prometheus started
scm_1       | 2019-11-15 19:54:12,599 INFO pipeline.RatisPipelineProvider: Send pipeline:PipelineID=9795e948-bdc2-403f-822b-b7f879986dd2 create command to datanode eef47748-2f82-489e-af3d-e4fceb52e3d7
datanode_1  | 2019-11-15 19:54:15,909 INFO storage.RaftStorageDirectory: Lock on /data/metadata/ratis/5c98ea4f-4bf6-4a6e-8c9b-80f0d9da34d0/in_use.lock acquired by nodename 7@a068c19292a4
kdc_1       | Nov 15 19:53:53 kdc kadmind[15](Notice): Request: kadm5_get_policy, default, Policy does not exist, client=admin/admin@EXAMPLE.COM, service=kadmin/admin@EXAMPLE.COM, addr=127.0.0.1
datanode_2  | 2019-11-15 19:54:15,989 INFO server.RaftServerConfigKeys: raft.server.log.preallocated.size = 16384 (custom)
om_1        | 2019-11-15 19:54:12,628 INFO impl.MetricsSystemImpl: Registered sink prometheus
scm_1       | 2019-11-15 19:54:12,601 INFO safemode.SCMSafeModeManager: ContainerSafeModeRule rule is successfully validated
datanode_1  | 2019-11-15 19:54:15,918 INFO storage.RaftStorage: Storage directory /data/metadata/ratis/5c98ea4f-4bf6-4a6e-8c9b-80f0d9da34d0 has been successfully formatted.
datanode_3  | 2019-11-15 19:54:15,774 INFO server.RaftServerConfigKeys: raft.server.log.preallocated.size = 16384 (custom)
kdc_1       | Nov 15 19:53:54 kdc kadmind[15](Notice): Request: kadm5_create_principal, om/47b3294e826f@EXAMPLE.COM, success, client=admin/admin@EXAMPLE.COM, service=kadmin/admin@EXAMPLE.COM, addr=127.0.0.1
datanode_2  | 2019-11-15 19:54:15,989 INFO server.RaftServerConfigKeys: raft.server.log.write.buffer.size = 33554432 (custom)
om_1        | 2019-11-15 19:54:12,630 INFO server.BaseHttpServer: HTTP server of OZONEMANAGER is listening at http://0.0.0.0:9874
scm_1       | 2019-11-15 19:54:12,601 INFO safemode.SCMSafeModeManager: SCM in safe mode. 1 DataNodes registered, 1 required.
datanode_1  | 2019-11-15 19:54:15,918 INFO ratis.ContainerStateMachine: group-80F0D9DA34D0: The snapshot info is null. Setting the last applied indexto:(t:0, i:~)
datanode_3  | 2019-11-15 19:54:15,774 INFO server.RaftServerConfigKeys: raft.server.log.write.buffer.size = 33554432 (custom)
kdc_1       | Nov 15 19:53:54 kdc kadmind[15](info): closing down fd 18
datanode_2  | 2019-11-15 19:54:15,990 INFO server.RaftServerConfigKeys: raft.server.log.force.sync.num = 128 (default)
scm_1       | 2019-11-15 19:54:12,603 INFO safemode.SCMSafeModeManager: DataNodeSafeModeRule rule is successfully validated
datanode_1  | 2019-11-15 19:54:15,918 INFO server.RaftServerConfigKeys: raft.server.notification.no-leader.timeout = 120s (custom)
datanode_3  | 2019-11-15 19:54:15,774 INFO server.RaftServerConfigKeys: raft.server.log.force.sync.num = 128 (default)
kdc_1       | Nov 15 19:53:54 kdc kadmind[15](Notice): Request: kadm5_init, admin/admin@EXAMPLE.COM, success, client=admin/admin@EXAMPLE.COM, service=kadmin/admin@EXAMPLE.COM, addr=127.0.0.1, vers=4, flavor=6
datanode_2  | 2019-11-15 19:54:15,990 INFO server.RaftServerConfigKeys: raft.server.log.statemachine.data.sync = true (default)
scm_1       | 2019-11-15 19:54:12,613 INFO pipeline.PipelineStateManager: Created pipeline Pipeline[ Id: 9795e948-bdc2-403f-822b-b7f879986dd2, Nodes: eef47748-2f82-489e-af3d-e4fceb52e3d7{ip: 172.19.0.8, host: ozonesecure_datanode_3.ozonesecure_default, networkLocation: /default-rack, certSerialId: null}, Type:RATIS, Factor:ONE, State:ALLOCATED]
datanode_1  | 2019-11-15 19:54:15,918 INFO server.RaftServerConfigKeys: raft.server.log.use.memory = false (default)
datanode_3  | 2019-11-15 19:54:15,774 INFO server.RaftServerConfigKeys: raft.server.log.statemachine.data.sync = true (default)
datanode_2  | 2019-11-15 19:54:15,990 INFO server.RaftServerConfigKeys: raft.server.log.statemachine.data.sync.timeout = 10s (default)
kdc_1       | Nov 15 19:53:54 kdc kadmind[15](Notice): Request: kadm5_randkey_principal, om/47b3294e826f@EXAMPLE.COM, success, client=admin/admin@EXAMPLE.COM, service=kadmin/admin@EXAMPLE.COM, addr=127.0.0.1
scm_1       | 2019-11-15 19:54:12,700 INFO net.NetworkTopology: Added a new node: /default-rack/cc9eebeb-21cf-4db8-9c76-28ab9ad192a8
datanode_1  | 2019-11-15 19:54:15,919 INFO server.RaftServerConfigKeys: raft.server.log.purge.gap = 1000000 (custom)
datanode_3  | 2019-11-15 19:54:15,774 INFO server.RaftServerConfigKeys: raft.server.log.statemachine.data.sync.timeout = 10s (default)
datanode_2  | 2019-11-15 19:54:15,990 INFO server.RaftServerConfigKeys: raft.server.log.statemachine.data.sync.timeout.retry = -1 (default)
kdc_1       | Nov 15 19:53:54 kdc kadmind[15](Notice): Request: kadm5_get_principal, om/47b3294e826f@EXAMPLE.COM, success, client=admin/admin@EXAMPLE.COM, service=kadmin/admin@EXAMPLE.COM, addr=127.0.0.1
scm_1       | 2019-11-15 19:54:12,701 INFO node.SCMNodeManager: Registered Data node : cc9eebeb-21cf-4db8-9c76-28ab9ad192a8{ip: 172.19.0.7, host: ozonesecure_datanode_1.ozonesecure_default, networkLocation: /default-rack, certSerialId: 14194433300465671}
datanode_1  | 2019-11-15 19:54:15,919 INFO server.RaftServerConfigKeys: raft.server.log.appender.buffer.byte-limit = 33554432 (custom)
datanode_3  | 2019-11-15 19:54:15,774 INFO server.RaftServerConfigKeys: raft.server.log.statemachine.data.sync.timeout.retry = -1 (default)
datanode_2  | 2019-11-15 19:54:15,990 INFO server.RaftServerConfigKeys: raft.server.log.statemachine.data.caching.enabled = true (custom)
kdc_1       | Nov 15 19:53:54 kdc kadmind[15](info): closing down fd 18
scm_1       | 2019-11-15 19:54:12,701 INFO safemode.SCMSafeModeManager: ContainerSafeModeRule rule is successfully validated
datanode_1  | 2019-11-15 19:54:15,919 INFO server.RaftServerConfigKeys: raft.server.log.segment.size.max = 1048576 (custom)
datanode_3  | 2019-11-15 19:54:15,774 INFO server.RaftServerConfigKeys: raft.server.log.statemachine.data.caching.enabled = true (custom)
datanode_2  | 2019-11-15 19:54:15,990 INFO segmented.SegmentedRaftLogWorker: 36df5488-e04b-4703-81a5-c8d3b1e79613@group-80F0D9DA34D0-SegmentedRaftLogWorker: flushIndex: setUnconditionally 0 -> -1
kdc_1       | Nov 15 19:53:54 kdc kadmind[15](Notice): Request: kadm5_init, admin/admin@EXAMPLE.COM, success, client=admin/admin@EXAMPLE.COM, service=kadmin/admin@EXAMPLE.COM, addr=127.0.0.1, vers=4, flavor=6
scm_1       | 2019-11-15 19:54:12,701 INFO safemode.SCMSafeModeManager: DataNodeSafeModeRule rule is successfully validated
datanode_1  | 2019-11-15 19:54:15,919 INFO server.RaftServerConfigKeys: raft.server.log.segment.cache.num.max = 2 (custom)
datanode_2  | 2019-11-15 19:54:15,991 INFO server.RaftServerConfigKeys: raft.server.snapshot.auto.trigger.enabled = true (custom)
datanode_3  | 2019-11-15 19:54:15,774 INFO segmented.SegmentedRaftLogWorker: eef47748-2f82-489e-af3d-e4fceb52e3d7@group-80F0D9DA34D0-SegmentedRaftLogWorker: flushIndex: setUnconditionally 0 -> -1
kdc_1       | Nov 15 19:53:54 kdc kadmind[15](Notice): Request: kadm5_get_policy, default, Policy does not exist, client=admin/admin@EXAMPLE.COM, service=kadmin/admin@EXAMPLE.COM, addr=127.0.0.1
datanode_1  | 2019-11-15 19:54:15,919 INFO segmented.SegmentedRaftLogWorker: new cc9eebeb-21cf-4db8-9c76-28ab9ad192a8@group-80F0D9DA34D0-SegmentedRaftLogWorker for RaftStorage:Storage Directory /data/metadata/ratis/5c98ea4f-4bf6-4a6e-8c9b-80f0d9da34d0
datanode_2  | 2019-11-15 19:54:15,991 INFO server.RaftServerConfigKeys: raft.server.snapshot.auto.trigger.threshold = 10000 (custom)
datanode_3  | 2019-11-15 19:54:15,775 INFO server.RaftServerConfigKeys: raft.server.snapshot.auto.trigger.enabled = true (custom)
scm_1       | 2019-11-15 19:54:12,702 INFO pipeline.RatisPipelineProvider: Send pipeline:PipelineID=64c69fc0-a56f-4c41-9463-e18cb93b55c8 create command to datanode cc9eebeb-21cf-4db8-9c76-28ab9ad192a8
kdc_1       | Nov 15 19:53:54 kdc kadmind[15](Notice): Request: kadm5_create_principal, scm/s3g@EXAMPLE.COM, success, client=admin/admin@EXAMPLE.COM, service=kadmin/admin@EXAMPLE.COM, addr=127.0.0.1
datanode_2  | 2019-11-15 19:54:15,991 INFO server.RaftServerConfigKeys: raft.server.snapshot.retention.file.num = 5 (custom)
datanode_3  | 2019-11-15 19:54:15,775 INFO server.RaftServerConfigKeys: raft.server.snapshot.auto.trigger.threshold = 10000 (custom)
datanode_1  | 2019-11-15 19:54:15,919 INFO server.RaftServerConfigKeys: raft.server.log.queue.byte-limit = 2147483647 (custom)
scm_1       | 2019-11-15 19:54:12,703 INFO pipeline.PipelineStateManager: Created pipeline Pipeline[ Id: 64c69fc0-a56f-4c41-9463-e18cb93b55c8, Nodes: cc9eebeb-21cf-4db8-9c76-28ab9ad192a8{ip: 172.19.0.7, host: ozonesecure_datanode_1.ozonesecure_default, networkLocation: /default-rack, certSerialId: null}, Type:RATIS, Factor:ONE, State:ALLOCATED]
kdc_1       | Nov 15 19:53:54 kdc kadmind[15](info): closing down fd 18
datanode_2  | 2019-11-15 19:54:15,991 INFO server.RaftServerConfigKeys: raft.server.retrycache.expirytime = 600000ms (custom)
datanode_3  | 2019-11-15 19:54:15,775 INFO server.RaftServerConfigKeys: raft.server.snapshot.retention.file.num = 5 (custom)
datanode_1  | 2019-11-15 19:54:15,919 INFO server.RaftServerConfigKeys: raft.server.log.queue.element-limit = 1024 (custom)
kdc_1       | Nov 15 19:53:54 kdc kadmind[15](Notice): Request: kadm5_init, admin/admin@EXAMPLE.COM, success, client=admin/admin@EXAMPLE.COM, service=kadmin/admin@EXAMPLE.COM, addr=127.0.0.1, vers=4, flavor=6
datanode_2  | 2019-11-15 19:54:15,991 WARN impl.MetricRegistriesImpl: First MetricRegistry has been created without registering reporters. You may need to call MetricRegistries.global().addReportRegistration(...) before.
datanode_3  | 2019-11-15 19:54:15,775 INFO server.RaftServerConfigKeys: raft.server.retrycache.expirytime = 600000ms (custom)
datanode_1  | 2019-11-15 19:54:15,919 INFO server.RaftServerConfigKeys: raft.server.log.segment.size.max = 1048576 (custom)
scm_1       | 2019-11-15 19:54:12,729 INFO net.NetworkTopology: Added a new node: /default-rack/36df5488-e04b-4703-81a5-c8d3b1e79613
kdc_1       | Nov 15 19:53:54 kdc kadmind[15](Notice): Request: kadm5_randkey_principal, scm/s3g@EXAMPLE.COM, success, client=admin/admin@EXAMPLE.COM, service=kadmin/admin@EXAMPLE.COM, addr=127.0.0.1
datanode_2  | 2019-11-15 19:54:15,991 WARN impl.MetricRegistriesImpl: First MetricRegistry has been created without registering reporters. You may need to call MetricRegistries.global().addReportRegistration(...) before.
datanode_3  | 2019-11-15 19:54:15,775 WARN impl.MetricRegistriesImpl: First MetricRegistry has been created without registering reporters. You may need to call MetricRegistries.global().addReportRegistration(...) before.
datanode_1  | 2019-11-15 19:54:15,919 INFO server.RaftServerConfigKeys: raft.server.log.preallocated.size = 16384 (custom)
scm_1       | 2019-11-15 19:54:12,729 INFO node.SCMNodeManager: Registered Data node : 36df5488-e04b-4703-81a5-c8d3b1e79613{ip: 172.19.0.10, host: ozonesecure_datanode_2.ozonesecure_default, networkLocation: /default-rack, certSerialId: 14194433333330336}
kdc_1       | Nov 15 19:53:54 kdc kadmind[15](Notice): Request: kadm5_get_principal, scm/s3g@EXAMPLE.COM, success, client=admin/admin@EXAMPLE.COM, service=kadmin/admin@EXAMPLE.COM, addr=127.0.0.1
datanode_2  | 2019-11-15 19:54:15,991 INFO impl.RaftServerImpl: 36df5488-e04b-4703-81a5-c8d3b1e79613@group-80F0D9DA34D0: start as a follower, conf=-1: [36df5488-e04b-4703-81a5-c8d3b1e79613:172.19.0.10:9858, cc9eebeb-21cf-4db8-9c76-28ab9ad192a8:172.19.0.7:9858, eef47748-2f82-489e-af3d-e4fceb52e3d7:172.19.0.8:9858], old=null
datanode_3  | 2019-11-15 19:54:15,775 WARN impl.MetricRegistriesImpl: First MetricRegistry has been created without registering reporters. You may need to call MetricRegistries.global().addReportRegistration(...) before.
datanode_1  | 2019-11-15 19:54:15,920 INFO server.RaftServerConfigKeys: raft.server.log.write.buffer.size = 33554432 (custom)
scm_1       | 2019-11-15 19:54:12,729 INFO safemode.SCMSafeModeManager: ContainerSafeModeRule rule is successfully validated
kdc_1       | Nov 15 19:53:54 kdc kadmind[15](info): closing down fd 18
datanode_2  | 2019-11-15 19:54:15,991 INFO impl.RaftServerImpl: 36df5488-e04b-4703-81a5-c8d3b1e79613@group-80F0D9DA34D0: changes role from      null to FOLLOWER at term 0 for startAsFollower
datanode_3  | 2019-11-15 19:54:15,775 INFO impl.RaftServerImpl: eef47748-2f82-489e-af3d-e4fceb52e3d7@group-80F0D9DA34D0: start as a follower, conf=-1: [36df5488-e04b-4703-81a5-c8d3b1e79613:172.19.0.10:9858, cc9eebeb-21cf-4db8-9c76-28ab9ad192a8:172.19.0.7:9858, eef47748-2f82-489e-af3d-e4fceb52e3d7:172.19.0.8:9858], old=null
datanode_1  | 2019-11-15 19:54:15,920 INFO server.RaftServerConfigKeys: raft.server.log.force.sync.num = 128 (default)
scm_1       | 2019-11-15 19:54:12,729 INFO safemode.SCMSafeModeManager: DataNodeSafeModeRule rule is successfully validated
kdc_1       | Nov 15 19:53:54 kdc kadmind[15](Notice): Request: kadm5_init, admin/admin@EXAMPLE.COM, success, client=admin/admin@EXAMPLE.COM, service=kadmin/admin@EXAMPLE.COM, addr=127.0.0.1, vers=4, flavor=6
datanode_2  | 2019-11-15 19:54:15,992 INFO impl.RoleInfo: 36df5488-e04b-4703-81a5-c8d3b1e79613: start FollowerState
datanode_3  | 2019-11-15 19:54:15,776 INFO impl.RaftServerImpl: eef47748-2f82-489e-af3d-e4fceb52e3d7@group-80F0D9DA34D0: changes role from      null to FOLLOWER at term 0 for startAsFollower
datanode_1  | 2019-11-15 19:54:15,920 INFO server.RaftServerConfigKeys: raft.server.log.statemachine.data.sync = true (default)
scm_1       | 2019-11-15 19:54:12,731 INFO pipeline.RatisPipelineProvider: Send pipeline:PipelineID=a6a20c22-bd85-43e8-85a3-88adba202b6d create command to datanode 36df5488-e04b-4703-81a5-c8d3b1e79613
kdc_1       | Nov 15 19:53:54 kdc kadmind[15](Notice): Request: kadm5_get_policy, default, Policy does not exist, client=admin/admin@EXAMPLE.COM, service=kadmin/admin@EXAMPLE.COM, addr=127.0.0.1
datanode_2  | 2019-11-15 19:54:15,992 INFO util.JmxRegister: Successfully registered JMX Bean with object name Ratis:service=RaftServer,group=group-80F0D9DA34D0,id=36df5488-e04b-4703-81a5-c8d3b1e79613
datanode_3  | 2019-11-15 19:54:15,776 INFO impl.RoleInfo: eef47748-2f82-489e-af3d-e4fceb52e3d7: start FollowerState
datanode_1  | 2019-11-15 19:54:15,920 INFO server.RaftServerConfigKeys: raft.server.log.statemachine.data.sync.timeout = 10s (default)
scm_1       | 2019-11-15 19:54:12,731 INFO pipeline.PipelineStateManager: Created pipeline Pipeline[ Id: a6a20c22-bd85-43e8-85a3-88adba202b6d, Nodes: 36df5488-e04b-4703-81a5-c8d3b1e79613{ip: 172.19.0.10, host: ozonesecure_datanode_2.ozonesecure_default, networkLocation: /default-rack, certSerialId: null}, Type:RATIS, Factor:ONE, State:ALLOCATED]
kdc_1       | Nov 15 19:53:54 kdc kadmind[15](Notice): Request: kadm5_create_principal, dn/a068c19292a4@EXAMPLE.COM, success, client=admin/admin@EXAMPLE.COM, service=kadmin/admin@EXAMPLE.COM, addr=127.0.0.1
datanode_2  | 2019-11-15 19:54:15,992 WARN impl.MetricRegistriesImpl: First MetricRegistry has been created without registering reporters. You may need to call MetricRegistries.global().addReportRegistration(...) before.
datanode_3  | 2019-11-15 19:54:15,776 INFO util.JmxRegister: Successfully registered JMX Bean with object name Ratis:service=RaftServer,group=group-80F0D9DA34D0,id=eef47748-2f82-489e-af3d-e4fceb52e3d7
datanode_1  | 2019-11-15 19:54:15,920 INFO server.RaftServerConfigKeys: raft.server.log.statemachine.data.sync.timeout.retry = -1 (default)
scm_1       | 2019-11-15 19:54:12,732 INFO pipeline.RatisPipelineProvider: Send pipeline:PipelineID=5c98ea4f-4bf6-4a6e-8c9b-80f0d9da34d0 create command to datanode eef47748-2f82-489e-af3d-e4fceb52e3d7
kdc_1       | Nov 15 19:53:54 kdc kadmind[15](info): closing down fd 18
datanode_2  | 2019-11-15 19:54:15,993 INFO commandhandler.CreatePipelineCommandHandler: Create Pipeline RATIS THREE #id: "5c98ea4f-4bf6-4a6e-8c9b-80f0d9da34d0"
datanode_3  | 2019-11-15 19:54:15,776 WARN impl.MetricRegistriesImpl: First MetricRegistry has been created without registering reporters. You may need to call MetricRegistries.global().addReportRegistration(...) before.
datanode_1  | 2019-11-15 19:54:15,920 INFO server.RaftServerConfigKeys: raft.server.log.statemachine.data.caching.enabled = true (custom)
scm_1       | 2019-11-15 19:54:12,732 INFO pipeline.RatisPipelineProvider: Send pipeline:PipelineID=5c98ea4f-4bf6-4a6e-8c9b-80f0d9da34d0 create command to datanode cc9eebeb-21cf-4db8-9c76-28ab9ad192a8
kdc_1       | Nov 15 19:53:54 kdc kadmind[15](Notice): Request: kadm5_init, admin/admin@EXAMPLE.COM, success, client=admin/admin@EXAMPLE.COM, service=kadmin/admin@EXAMPLE.COM, addr=127.0.0.1, vers=4, flavor=6
datanode_2  |  command succeed on datanode 36df5488-e04b-4703-81a5-c8d3b1e79613.
datanode_3  | 2019-11-15 19:54:15,777 INFO commandhandler.CreatePipelineCommandHandler: Create Pipeline RATIS THREE #id: "5c98ea4f-4bf6-4a6e-8c9b-80f0d9da34d0"
datanode_1  | 2019-11-15 19:54:15,920 INFO segmented.SegmentedRaftLogWorker: cc9eebeb-21cf-4db8-9c76-28ab9ad192a8@group-80F0D9DA34D0-SegmentedRaftLogWorker: flushIndex: setUnconditionally 0 -> -1
scm_1       | 2019-11-15 19:54:12,732 INFO pipeline.RatisPipelineProvider: Send pipeline:PipelineID=5c98ea4f-4bf6-4a6e-8c9b-80f0d9da34d0 create command to datanode 36df5488-e04b-4703-81a5-c8d3b1e79613
kdc_1       | Nov 15 19:53:54 kdc kadmind[15](Notice): Request: kadm5_randkey_principal, dn/a068c19292a4@EXAMPLE.COM, success, client=admin/admin@EXAMPLE.COM, service=kadmin/admin@EXAMPLE.COM, addr=127.0.0.1
datanode_2  | 2019-11-15 19:54:21,003 INFO impl.FollowerState: 36df5488-e04b-4703-81a5-c8d3b1e79613@group-88ADBA202B6D-FollowerState: change to CANDIDATE, lastRpcTime:5129ms, electionTimeout:5129ms
datanode_3  |  command succeed on datanode eef47748-2f82-489e-af3d-e4fceb52e3d7.
datanode_1  | 2019-11-15 19:54:15,921 INFO server.RaftServerConfigKeys: raft.server.snapshot.auto.trigger.enabled = true (custom)
scm_1       | 2019-11-15 19:54:12,733 INFO pipeline.PipelineStateManager: Created pipeline Pipeline[ Id: 5c98ea4f-4bf6-4a6e-8c9b-80f0d9da34d0, Nodes: eef47748-2f82-489e-af3d-e4fceb52e3d7{ip: 172.19.0.8, host: ozonesecure_datanode_3.ozonesecure_default, networkLocation: /default-rack, certSerialId: null}cc9eebeb-21cf-4db8-9c76-28ab9ad192a8{ip: 172.19.0.7, host: ozonesecure_datanode_1.ozonesecure_default, networkLocation: /default-rack, certSerialId: null}36df5488-e04b-4703-81a5-c8d3b1e79613{ip: 172.19.0.10, host: ozonesecure_datanode_2.ozonesecure_default, networkLocation: /default-rack, certSerialId: null}, Type:RATIS, Factor:THREE, State:ALLOCATED]
kdc_1       | Nov 15 19:53:54 kdc kadmind[15](Notice): Request: kadm5_get_principal, dn/a068c19292a4@EXAMPLE.COM, success, client=admin/admin@EXAMPLE.COM, service=kadmin/admin@EXAMPLE.COM, addr=127.0.0.1
datanode_2  | 2019-11-15 19:54:21,004 INFO impl.RoleInfo: 36df5488-e04b-4703-81a5-c8d3b1e79613: shutdown FollowerState
datanode_3  | 2019-11-15 19:54:20,884 INFO impl.FollowerState: eef47748-2f82-489e-af3d-e4fceb52e3d7@group-80F0D9DA34D0-FollowerState: change to CANDIDATE, lastRpcTime:5105ms, electionTimeout:5103ms
datanode_1  | 2019-11-15 19:54:15,921 INFO server.RaftServerConfigKeys: raft.server.snapshot.auto.trigger.threshold = 10000 (custom)
scm_1       | 2019-11-15 19:54:15,788 INFO pipeline.PipelineReportHandler: Pipeline ONE PipelineID=9795e948-bdc2-403f-822b-b7f879986dd2 reported by eef47748-2f82-489e-af3d-e4fceb52e3d7{ip: 172.19.0.8, host: ozonesecure_datanode_3.ozonesecure_default, networkLocation: /default-rack, certSerialId: 14194433300444210}
kdc_1       | Nov 15 19:53:54 kdc kadmind[15](info): closing down fd 18
datanode_2  | 2019-11-15 19:54:21,004 INFO impl.RaftServerImpl: 36df5488-e04b-4703-81a5-c8d3b1e79613@group-88ADBA202B6D: changes role from  FOLLOWER to CANDIDATE at term 0 for changeToCandidate
datanode_3  | 2019-11-15 19:54:20,885 INFO impl.RoleInfo: eef47748-2f82-489e-af3d-e4fceb52e3d7: shutdown FollowerState
datanode_1  | 2019-11-15 19:54:15,921 INFO server.RaftServerConfigKeys: raft.server.snapshot.retention.file.num = 5 (custom)
scm_1       | 2019-11-15 19:54:15,788 INFO pipeline.PipelineStateManager: Pipeline Pipeline[ Id: 9795e948-bdc2-403f-822b-b7f879986dd2, Nodes: eef47748-2f82-489e-af3d-e4fceb52e3d7{ip: 172.19.0.8, host: ozonesecure_datanode_3.ozonesecure_default, networkLocation: /default-rack, certSerialId: null}, Type:RATIS, Factor:ONE, State:ALLOCATED] moved to OPEN state
datanode_2  | 2019-11-15 19:54:21,007 INFO impl.RoleInfo: 36df5488-e04b-4703-81a5-c8d3b1e79613: start LeaderElection
datanode_1  | 2019-11-15 19:54:15,921 INFO server.RaftServerConfigKeys: raft.server.retrycache.expirytime = 600000ms (custom)
datanode_2  | 2019-11-15 19:54:21,034 INFO impl.LeaderElection: 36df5488-e04b-4703-81a5-c8d3b1e79613@group-88ADBA202B6D-LeaderElection1: begin an election at term 1 for -1: [36df5488-e04b-4703-81a5-c8d3b1e79613:172.19.0.10:9858], old=null
kdc_1       | Nov 15 19:53:54 kdc kadmind[15](Notice): Request: kadm5_init, admin/admin@EXAMPLE.COM, success, client=admin/admin@EXAMPLE.COM, service=kadmin/admin@EXAMPLE.COM, addr=127.0.0.1, vers=4, flavor=6
datanode_3  | 2019-11-15 19:54:20,886 INFO impl.RaftServerImpl: eef47748-2f82-489e-af3d-e4fceb52e3d7@group-80F0D9DA34D0: changes role from  FOLLOWER to CANDIDATE at term 0 for changeToCandidate
scm_1       | 2019-11-15 19:54:15,790 INFO safemode.SCMSafeModeManager: SCM in safe mode. Healthy pipelines reported count is 0, required healthy pipeline reported count is 1
datanode_1  | 2019-11-15 19:54:15,921 WARN impl.MetricRegistriesImpl: First MetricRegistry has been created without registering reporters. You may need to call MetricRegistries.global().addReportRegistration(...) before.
datanode_2  | 2019-11-15 19:54:21,035 INFO impl.RoleInfo: 36df5488-e04b-4703-81a5-c8d3b1e79613: shutdown LeaderElection
datanode_3  | 2019-11-15 19:54:20,887 INFO impl.FollowerState: eef47748-2f82-489e-af3d-e4fceb52e3d7@group-B7F879986DD2-FollowerState: change to CANDIDATE, lastRpcTime:5187ms, electionTimeout:5187ms
kdc_1       | Nov 15 19:53:54 kdc kadmind[15](Notice): Request: kadm5_get_policy, default, Policy does not exist, client=admin/admin@EXAMPLE.COM, service=kadmin/admin@EXAMPLE.COM, addr=127.0.0.1
scm_1       | 2019-11-15 19:54:15,791 INFO safemode.SCMSafeModeManager: AtleastOneDatanodeReportedRule rule is successfully validated
datanode_1  | 2019-11-15 19:54:15,922 WARN impl.MetricRegistriesImpl: First MetricRegistry has been created without registering reporters. You may need to call MetricRegistries.global().addReportRegistration(...) before.
datanode_2  | 2019-11-15 19:54:21,035 INFO impl.RaftServerImpl: 36df5488-e04b-4703-81a5-c8d3b1e79613@group-88ADBA202B6D: changes role from CANDIDATE to LEADER at term 1 for changeToLeader
kdc_1       | Nov 15 19:53:54 kdc kadmind[15](Notice): Request: kadm5_create_principal, dn/bbe686f57309@EXAMPLE.COM, success, client=admin/admin@EXAMPLE.COM, service=kadmin/admin@EXAMPLE.COM, addr=127.0.0.1
scm_1       | 2019-11-15 19:54:15,791 INFO pipeline.PipelineReportHandler: Pipeline THREE PipelineID=5c98ea4f-4bf6-4a6e-8c9b-80f0d9da34d0 reported by eef47748-2f82-489e-af3d-e4fceb52e3d7{ip: 172.19.0.8, host: ozonesecure_datanode_3.ozonesecure_default, networkLocation: /default-rack, certSerialId: 14194433300444210}
datanode_1  | 2019-11-15 19:54:15,922 INFO impl.RaftServerImpl: cc9eebeb-21cf-4db8-9c76-28ab9ad192a8@group-80F0D9DA34D0: start as a follower, conf=-1: [36df5488-e04b-4703-81a5-c8d3b1e79613:172.19.0.10:9858, cc9eebeb-21cf-4db8-9c76-28ab9ad192a8:172.19.0.7:9858, eef47748-2f82-489e-af3d-e4fceb52e3d7:172.19.0.8:9858], old=null
datanode_2  | 2019-11-15 19:54:21,036 INFO ratis.XceiverServerRatis: Leader change notification received for group: group-88ADBA202B6D with new leaderId: 36df5488-e04b-4703-81a5-c8d3b1e79613
scm_1       | 2019-11-15 19:54:15,924 INFO pipeline.PipelineReportHandler: Pipeline ONE PipelineID=64c69fc0-a56f-4c41-9463-e18cb93b55c8 reported by cc9eebeb-21cf-4db8-9c76-28ab9ad192a8{ip: 172.19.0.7, host: ozonesecure_datanode_1.ozonesecure_default, networkLocation: /default-rack, certSerialId: 14194433300465671}
kdc_1       | Nov 15 19:53:54 kdc kadmind[15](info): closing down fd 18
datanode_3  | 2019-11-15 19:54:20,888 INFO impl.RoleInfo: eef47748-2f82-489e-af3d-e4fceb52e3d7: shutdown FollowerState
datanode_1  | 2019-11-15 19:54:15,922 INFO impl.RaftServerImpl: cc9eebeb-21cf-4db8-9c76-28ab9ad192a8@group-80F0D9DA34D0: changes role from      null to FOLLOWER at term 0 for startAsFollower
kdc_1       | Nov 15 19:53:54 kdc kadmind[15](Notice): Request: kadm5_init, admin/admin@EXAMPLE.COM, success, client=admin/admin@EXAMPLE.COM, service=kadmin/admin@EXAMPLE.COM, addr=127.0.0.1, vers=4, flavor=6
datanode_2  | 2019-11-15 19:54:21,036 INFO impl.RaftServerImpl: 36df5488-e04b-4703-81a5-c8d3b1e79613@group-88ADBA202B6D: change Leader from null to 36df5488-e04b-4703-81a5-c8d3b1e79613 at term 1 for becomeLeader, leader elected after 5226ms
datanode_1  | 2019-11-15 19:54:15,922 INFO impl.RoleInfo: cc9eebeb-21cf-4db8-9c76-28ab9ad192a8: start FollowerState
kdc_1       | Nov 15 19:53:54 kdc kadmind[15](Notice): Request: kadm5_randkey_principal, dn/bbe686f57309@EXAMPLE.COM, success, client=admin/admin@EXAMPLE.COM, service=kadmin/admin@EXAMPLE.COM, addr=127.0.0.1
datanode_2  | 2019-11-15 19:54:21,040 INFO server.RaftServerConfigKeys: raft.server.staging.catchup.gap = 1000 (default)
datanode_3  | 2019-11-15 19:54:20,888 INFO impl.RaftServerImpl: eef47748-2f82-489e-af3d-e4fceb52e3d7@group-B7F879986DD2: changes role from  FOLLOWER to CANDIDATE at term 0 for changeToCandidate
datanode_1  | 2019-11-15 19:54:15,923 INFO util.JmxRegister: Successfully registered JMX Bean with object name Ratis:service=RaftServer,group=group-80F0D9DA34D0,id=cc9eebeb-21cf-4db8-9c76-28ab9ad192a8
kdc_1       | Nov 15 19:53:54 kdc kadmind[15](Notice): Request: kadm5_get_principal, dn/bbe686f57309@EXAMPLE.COM, success, client=admin/admin@EXAMPLE.COM, service=kadmin/admin@EXAMPLE.COM, addr=127.0.0.1
scm_1       | 2019-11-15 19:54:15,924 INFO pipeline.PipelineStateManager: Pipeline Pipeline[ Id: 64c69fc0-a56f-4c41-9463-e18cb93b55c8, Nodes: cc9eebeb-21cf-4db8-9c76-28ab9ad192a8{ip: 172.19.0.7, host: ozonesecure_datanode_1.ozonesecure_default, networkLocation: /default-rack, certSerialId: null}, Type:RATIS, Factor:ONE, State:ALLOCATED] moved to OPEN state
datanode_2  | 2019-11-15 19:54:21,040 INFO server.RaftServerConfigKeys: raft.server.rpc.sleep.time = 25ms (default)
datanode_3  | 2019-11-15 19:54:20,890 INFO impl.RoleInfo: eef47748-2f82-489e-af3d-e4fceb52e3d7: start LeaderElection
kdc_1       | Nov 15 19:53:54 kdc kadmind[15](info): closing down fd 18
datanode_1  | 2019-11-15 19:54:15,923 WARN impl.MetricRegistriesImpl: First MetricRegistry has been created without registering reporters. You may need to call MetricRegistries.global().addReportRegistration(...) before.
scm_1       | 2019-11-15 19:54:15,925 INFO safemode.SCMSafeModeManager: SCM in safe mode. Healthy pipelines reported count is 0, required healthy pipeline reported count is 1
datanode_2  | 2019-11-15 19:54:21,043 INFO server.RaftServerConfigKeys: raft.server.write.element-limit = 4096 (default)
datanode_3  | 2019-11-15 19:54:20,890 INFO impl.RoleInfo: eef47748-2f82-489e-af3d-e4fceb52e3d7: start LeaderElection
kdc_1       | Nov 15 19:53:54 kdc kadmind[15](Notice): Request: kadm5_init, admin/admin@EXAMPLE.COM, success, client=admin/admin@EXAMPLE.COM, service=kadmin/admin@EXAMPLE.COM, addr=127.0.0.1, vers=4, flavor=6
datanode_1  | 2019-11-15 19:54:15,923 INFO commandhandler.CreatePipelineCommandHandler: Create Pipeline RATIS THREE #id: "5c98ea4f-4bf6-4a6e-8c9b-80f0d9da34d0"
datanode_2  | 2019-11-15 19:54:21,046 INFO server.RaftServerConfigKeys: raft.server.watch.timeout = 10s (default)
scm_1       | 2019-11-15 19:54:15,925 INFO safemode.SCMSafeModeManager: AtleastOneDatanodeReportedRule rule is successfully validated
datanode_3  | 2019-11-15 19:54:20,914 INFO impl.LeaderElection: eef47748-2f82-489e-af3d-e4fceb52e3d7@group-B7F879986DD2-LeaderElection1: begin an election at term 1 for -1: [eef47748-2f82-489e-af3d-e4fceb52e3d7:172.19.0.8:9858], old=null
kdc_1       | Nov 15 19:53:54 kdc kadmind[15](Notice): Request: kadm5_get_policy, default, Policy does not exist, client=admin/admin@EXAMPLE.COM, service=kadmin/admin@EXAMPLE.COM, addr=127.0.0.1
datanode_1  |  command succeed on datanode cc9eebeb-21cf-4db8-9c76-28ab9ad192a8.
datanode_2  | 2019-11-15 19:54:21,046 INFO server.RaftServerConfigKeys: raft.server.watch.timeout.denomination = 1s (default)
datanode_3  | 2019-11-15 19:54:20,914 INFO impl.LeaderElection: eef47748-2f82-489e-af3d-e4fceb52e3d7@group-80F0D9DA34D0-LeaderElection2: begin an election at term 1 for -1: [36df5488-e04b-4703-81a5-c8d3b1e79613:172.19.0.10:9858, cc9eebeb-21cf-4db8-9c76-28ab9ad192a8:172.19.0.7:9858, eef47748-2f82-489e-af3d-e4fceb52e3d7:172.19.0.8:9858], old=null
kdc_1       | Nov 15 19:53:54 kdc kadmind[15](Notice): Request: kadm5_create_principal, scm/7d4558e1937a@EXAMPLE.COM, success, client=admin/admin@EXAMPLE.COM, service=kadmin/admin@EXAMPLE.COM, addr=127.0.0.1
datanode_2  | 2019-11-15 19:54:21,047 INFO server.RaftServerConfigKeys: raft.server.watch.element-limit = 65536 (default)
datanode_1  | 2019-11-15 19:54:21,020 INFO impl.FollowerState: cc9eebeb-21cf-4db8-9c76-28ab9ad192a8@group-E18CB93B55C8-FollowerState: change to CANDIDATE, lastRpcTime:5182ms, electionTimeout:5182ms
scm_1       | 2019-11-15 19:54:15,928 INFO pipeline.PipelineReportHandler: Pipeline THREE PipelineID=5c98ea4f-4bf6-4a6e-8c9b-80f0d9da34d0 reported by cc9eebeb-21cf-4db8-9c76-28ab9ad192a8{ip: 172.19.0.7, host: ozonesecure_datanode_1.ozonesecure_default, networkLocation: /default-rack, certSerialId: 14194433300465671}
datanode_3  | 2019-11-15 19:54:20,915 INFO impl.RoleInfo: eef47748-2f82-489e-af3d-e4fceb52e3d7: shutdown LeaderElection
kdc_1       | Nov 15 19:53:54 kdc kadmind[15](info): closing down fd 18
datanode_2  | 2019-11-15 19:54:21,053 INFO impl.RoleInfo: 36df5488-e04b-4703-81a5-c8d3b1e79613: start LeaderState
datanode_1  | 2019-11-15 19:54:21,021 INFO impl.RoleInfo: cc9eebeb-21cf-4db8-9c76-28ab9ad192a8: shutdown FollowerState
scm_1       | 2019-11-15 19:54:15,959 INFO pipeline.PipelineReportHandler: Pipeline ONE PipelineID=a6a20c22-bd85-43e8-85a3-88adba202b6d reported by 36df5488-e04b-4703-81a5-c8d3b1e79613{ip: 172.19.0.10, host: ozonesecure_datanode_2.ozonesecure_default, networkLocation: /default-rack, certSerialId: 14194433333330336}
datanode_3  | 2019-11-15 19:54:20,916 INFO impl.RaftServerImpl: eef47748-2f82-489e-af3d-e4fceb52e3d7@group-B7F879986DD2: changes role from CANDIDATE to LEADER at term 1 for changeToLeader
kdc_1       | Nov 15 19:53:54 kdc kadmind[15](Notice): Request: kadm5_init, admin/admin@EXAMPLE.COM, success, client=admin/admin@EXAMPLE.COM, service=kadmin/admin@EXAMPLE.COM, addr=127.0.0.1, vers=4, flavor=6
datanode_1  | 2019-11-15 19:54:21,021 INFO impl.RaftServerImpl: cc9eebeb-21cf-4db8-9c76-28ab9ad192a8@group-E18CB93B55C8: changes role from  FOLLOWER to CANDIDATE at term 0 for changeToCandidate
scm_1       | 2019-11-15 19:54:15,959 INFO pipeline.PipelineStateManager: Pipeline Pipeline[ Id: a6a20c22-bd85-43e8-85a3-88adba202b6d, Nodes: 36df5488-e04b-4703-81a5-c8d3b1e79613{ip: 172.19.0.10, host: ozonesecure_datanode_2.ozonesecure_default, networkLocation: /default-rack, certSerialId: null}, Type:RATIS, Factor:ONE, State:ALLOCATED] moved to OPEN state
datanode_2  | 2019-11-15 19:54:21,071 INFO segmented.SegmentedRaftLogWorker: 36df5488-e04b-4703-81a5-c8d3b1e79613@group-88ADBA202B6D-SegmentedRaftLogWorker: Starting segment from index:0
datanode_3  | 2019-11-15 19:54:20,916 INFO ratis.XceiverServerRatis: Leader change notification received for group: group-B7F879986DD2 with new leaderId: eef47748-2f82-489e-af3d-e4fceb52e3d7
kdc_1       | Nov 15 19:53:54 kdc kadmind[15](Notice): Request: kadm5_randkey_principal, scm/7d4558e1937a@EXAMPLE.COM, success, client=admin/admin@EXAMPLE.COM, service=kadmin/admin@EXAMPLE.COM, addr=127.0.0.1
datanode_1  | 2019-11-15 19:54:21,024 INFO impl.RoleInfo: cc9eebeb-21cf-4db8-9c76-28ab9ad192a8: start LeaderElection
scm_1       | 2019-11-15 19:54:15,959 INFO safemode.SCMSafeModeManager: SCM in safe mode. Healthy pipelines reported count is 0, required healthy pipeline reported count is 1
datanode_2  | 2019-11-15 19:54:21,086 INFO impl.RaftServerImpl: 36df5488-e04b-4703-81a5-c8d3b1e79613@group-88ADBA202B6D: set configuration 0: [36df5488-e04b-4703-81a5-c8d3b1e79613:172.19.0.10:9858], old=null at 0
datanode_3  | 2019-11-15 19:54:20,918 INFO impl.RaftServerImpl: eef47748-2f82-489e-af3d-e4fceb52e3d7@group-B7F879986DD2: change Leader from null to eef47748-2f82-489e-af3d-e4fceb52e3d7 at term 1 for becomeLeader, leader elected after 5280ms
kdc_1       | Nov 15 19:53:54 kdc kadmind[15](Notice): Request: kadm5_get_principal, scm/7d4558e1937a@EXAMPLE.COM, success, client=admin/admin@EXAMPLE.COM, service=kadmin/admin@EXAMPLE.COM, addr=127.0.0.1
datanode_1  | 2019-11-15 19:54:21,036 INFO impl.LeaderElection: cc9eebeb-21cf-4db8-9c76-28ab9ad192a8@group-E18CB93B55C8-LeaderElection1: begin an election at term 1 for -1: [cc9eebeb-21cf-4db8-9c76-28ab9ad192a8:172.19.0.7:9858], old=null
datanode_2  | 2019-11-15 19:54:21,092 INFO impl.FollowerState: 36df5488-e04b-4703-81a5-c8d3b1e79613@group-80F0D9DA34D0-FollowerState: change to CANDIDATE, lastRpcTime:5100ms, electionTimeout:5100ms
scm_1       | 2019-11-15 19:54:15,959 INFO safemode.SCMSafeModeManager: AtleastOneDatanodeReportedRule rule is successfully validated
datanode_3  | 2019-11-15 19:54:20,922 INFO server.RaftServerConfigKeys: raft.server.staging.catchup.gap = 1000 (default)
kdc_1       | Nov 15 19:53:54 kdc kadmind[15](info): closing down fd 18
datanode_1  | 2019-11-15 19:54:21,037 INFO impl.RoleInfo: cc9eebeb-21cf-4db8-9c76-28ab9ad192a8: shutdown LeaderElection
datanode_2  | 2019-11-15 19:54:21,093 INFO impl.RoleInfo: 36df5488-e04b-4703-81a5-c8d3b1e79613: shutdown FollowerState
scm_1       | 2019-11-15 19:54:15,995 INFO pipeline.PipelineReportHandler: Pipeline THREE PipelineID=5c98ea4f-4bf6-4a6e-8c9b-80f0d9da34d0 reported by 36df5488-e04b-4703-81a5-c8d3b1e79613{ip: 172.19.0.10, host: ozonesecure_datanode_2.ozonesecure_default, networkLocation: /default-rack, certSerialId: 14194433333330336}
datanode_3  | 2019-11-15 19:54:20,922 INFO server.RaftServerConfigKeys: raft.server.rpc.sleep.time = 25ms (default)
datanode_1  | 2019-11-15 19:54:21,037 INFO impl.RaftServerImpl: cc9eebeb-21cf-4db8-9c76-28ab9ad192a8@group-E18CB93B55C8: changes role from CANDIDATE to LEADER at term 1 for changeToLeader
datanode_2  | 2019-11-15 19:54:21,093 INFO impl.RaftServerImpl: 36df5488-e04b-4703-81a5-c8d3b1e79613@group-80F0D9DA34D0: changes role from  FOLLOWER to CANDIDATE at term 0 for changeToCandidate
scm_1       | 2019-11-15 19:54:20,920 INFO pipeline.PipelineReportHandler: Pipeline THREE PipelineID=5c98ea4f-4bf6-4a6e-8c9b-80f0d9da34d0 reported by eef47748-2f82-489e-af3d-e4fceb52e3d7{ip: 172.19.0.8, host: ozonesecure_datanode_3.ozonesecure_default, networkLocation: /default-rack, certSerialId: 14194433300444210}
datanode_3  | 2019-11-15 19:54:20,924 INFO server.RaftServerConfigKeys: raft.server.write.element-limit = 4096 (default)
kdc_1       | Nov 15 19:53:54 kdc kadmind[15](Notice): Request: kadm5_init, admin/admin@EXAMPLE.COM, success, client=admin/admin@EXAMPLE.COM, service=kadmin/admin@EXAMPLE.COM, addr=127.0.0.1, vers=4, flavor=6
datanode_2  | 2019-11-15 19:54:21,093 INFO impl.RoleInfo: 36df5488-e04b-4703-81a5-c8d3b1e79613: start LeaderElection
datanode_1  | 2019-11-15 19:54:21,037 INFO ratis.XceiverServerRatis: Leader change notification received for group: group-E18CB93B55C8 with new leaderId: cc9eebeb-21cf-4db8-9c76-28ab9ad192a8
datanode_3  | 2019-11-15 19:54:20,928 INFO server.RaftServerConfigKeys: raft.server.watch.timeout = 10s (default)
scm_1       | 2019-11-15 19:54:21,039 INFO pipeline.PipelineReportHandler: Pipeline THREE PipelineID=5c98ea4f-4bf6-4a6e-8c9b-80f0d9da34d0 reported by 36df5488-e04b-4703-81a5-c8d3b1e79613{ip: 172.19.0.10, host: ozonesecure_datanode_2.ozonesecure_default, networkLocation: /default-rack, certSerialId: 14194433333330336}
kdc_1       | Nov 15 19:53:54 kdc kadmind[15](Notice): Request: kadm5_get_policy, default, Policy does not exist, client=admin/admin@EXAMPLE.COM, service=kadmin/admin@EXAMPLE.COM, addr=127.0.0.1
datanode_2  | 2019-11-15 19:54:21,108 INFO impl.LeaderElection: 36df5488-e04b-4703-81a5-c8d3b1e79613@group-80F0D9DA34D0-LeaderElection2: begin an election at term 1 for -1: [36df5488-e04b-4703-81a5-c8d3b1e79613:172.19.0.10:9858, cc9eebeb-21cf-4db8-9c76-28ab9ad192a8:172.19.0.7:9858, eef47748-2f82-489e-af3d-e4fceb52e3d7:172.19.0.8:9858], old=null
datanode_3  | 2019-11-15 19:54:20,928 INFO server.RaftServerConfigKeys: raft.server.watch.timeout.denomination = 1s (default)
scm_1       | 2019-11-15 19:54:21,041 INFO pipeline.PipelineReportHandler: Pipeline THREE PipelineID=5c98ea4f-4bf6-4a6e-8c9b-80f0d9da34d0 reported by cc9eebeb-21cf-4db8-9c76-28ab9ad192a8{ip: 172.19.0.7, host: ozonesecure_datanode_1.ozonesecure_default, networkLocation: /default-rack, certSerialId: 14194433300465671}
datanode_1  | 2019-11-15 19:54:21,038 INFO impl.RaftServerImpl: cc9eebeb-21cf-4db8-9c76-28ab9ad192a8@group-E18CB93B55C8: change Leader from null to cc9eebeb-21cf-4db8-9c76-28ab9ad192a8 at term 1 for becomeLeader, leader elected after 5270ms
kdc_1       | Nov 15 19:53:54 kdc kadmind[15](Notice): Request: kadm5_create_principal, scm/om@EXAMPLE.COM, success, client=admin/admin@EXAMPLE.COM, service=kadmin/admin@EXAMPLE.COM, addr=127.0.0.1
datanode_2  | 2019-11-15 19:54:21,209 INFO segmented.SegmentedRaftLogWorker: 36df5488-e04b-4703-81a5-c8d3b1e79613@group-88ADBA202B6D-SegmentedRaftLogWorker: created new log segment /data/metadata/ratis/a6a20c22-bd85-43e8-85a3-88adba202b6d/current/log_inprogress_0
datanode_3  | 2019-11-15 19:54:20,929 INFO server.RaftServerConfigKeys: raft.server.watch.element-limit = 65536 (default)
scm_1       | 2019-11-15 19:54:26,517 INFO pipeline.PipelineReportHandler: Pipeline THREE PipelineID=5c98ea4f-4bf6-4a6e-8c9b-80f0d9da34d0 reported by eef47748-2f82-489e-af3d-e4fceb52e3d7{ip: 172.19.0.8, host: ozonesecure_datanode_3.ozonesecure_default, networkLocation: /default-rack, certSerialId: 14194433300444210}
datanode_1  | 2019-11-15 19:54:21,042 INFO server.RaftServerConfigKeys: raft.server.staging.catchup.gap = 1000 (default)
kdc_1       | Nov 15 19:53:54 kdc kadmind[15](info): closing down fd 18
datanode_2  | 2019-11-15 19:54:21,404 INFO impl.LeaderElection: 36df5488-e04b-4703-81a5-c8d3b1e79613@group-80F0D9DA34D0-LeaderElection2: Election REJECTED; received 2 response(s) [36df5488-e04b-4703-81a5-c8d3b1e79613<-cc9eebeb-21cf-4db8-9c76-28ab9ad192a8#0:FAIL-t1, 36df5488-e04b-4703-81a5-c8d3b1e79613<-eef47748-2f82-489e-af3d-e4fceb52e3d7#0:FAIL-t1] and 0 exception(s); 36df5488-e04b-4703-81a5-c8d3b1e79613@group-80F0D9DA34D0:t1, leader=null, voted=36df5488-e04b-4703-81a5-c8d3b1e79613, raftlog=36df5488-e04b-4703-81a5-c8d3b1e79613@group-80F0D9DA34D0-SegmentedRaftLog:OPENED:c-1,f-1,i0, conf=-1: [36df5488-e04b-4703-81a5-c8d3b1e79613:172.19.0.10:9858, cc9eebeb-21cf-4db8-9c76-28ab9ad192a8:172.19.0.7:9858, eef47748-2f82-489e-af3d-e4fceb52e3d7:172.19.0.8:9858], old=null
datanode_3  | 2019-11-15 19:54:20,938 INFO impl.RoleInfo: eef47748-2f82-489e-af3d-e4fceb52e3d7: start LeaderState
scm_1       | 2019-11-15 19:54:26,517 INFO pipeline.PipelineStateManager: Pipeline Pipeline[ Id: 5c98ea4f-4bf6-4a6e-8c9b-80f0d9da34d0, Nodes: eef47748-2f82-489e-af3d-e4fceb52e3d7{ip: 172.19.0.8, host: ozonesecure_datanode_3.ozonesecure_default, networkLocation: /default-rack, certSerialId: null}cc9eebeb-21cf-4db8-9c76-28ab9ad192a8{ip: 172.19.0.7, host: ozonesecure_datanode_1.ozonesecure_default, networkLocation: /default-rack, certSerialId: null}36df5488-e04b-4703-81a5-c8d3b1e79613{ip: 172.19.0.10, host: ozonesecure_datanode_2.ozonesecure_default, networkLocation: /default-rack, certSerialId: null}, Type:RATIS, Factor:THREE, State:ALLOCATED] moved to OPEN state
datanode_1  | 2019-11-15 19:54:21,043 INFO server.RaftServerConfigKeys: raft.server.rpc.sleep.time = 25ms (default)
kdc_1       | Nov 15 19:53:54 kdc kadmind[15](Notice): Request: kadm5_init, admin/admin@EXAMPLE.COM, success, client=admin/admin@EXAMPLE.COM, service=kadmin/admin@EXAMPLE.COM, addr=127.0.0.1, vers=4, flavor=6
datanode_2  | 2019-11-15 19:54:21,405 INFO impl.RaftServerImpl: 36df5488-e04b-4703-81a5-c8d3b1e79613@group-80F0D9DA34D0: changes role from CANDIDATE to FOLLOWER at term 1 for DISCOVERED_A_NEW_TERM
datanode_3  | 2019-11-15 19:54:20,953 INFO segmented.SegmentedRaftLogWorker: eef47748-2f82-489e-af3d-e4fceb52e3d7@group-B7F879986DD2-SegmentedRaftLogWorker: Starting segment from index:0
datanode_1  | 2019-11-15 19:54:21,045 INFO server.RaftServerConfigKeys: raft.server.write.element-limit = 4096 (default)
scm_1       | 2019-11-15 19:54:26,517 INFO safemode.SCMSafeModeManager: AtleastOneDatanodeReportedRule rule is successfully validated
