datanode_2  | 2019-11-14 18:31:46,298 INFO server.RaftServerConfigKeys: raft.server.log.queue.element-limit = 1024 (custom)
datanode_3  | 2019-11-14 18:31:46,310 INFO server.RaftServerConfigKeys: raft.server.notification.no-leader.timeout = 120s (custom)
datanode_1  | 2019-11-14 18:31:46,311 INFO segmented.SegmentedRaftLogWorker: new 6c24f6ac-740e-456f-8f0d-8164632facaf@group-6E2C210AF805-SegmentedRaftLogWorker for RaftStorage:Storage Directory /data/metadata/ratis/f586d340-4d26-4175-9148-6e2c210af805
om_1        | 2019-11-14 18:32:56,987 INFO ipc.Server: Auth successful for hadoop/rm@EXAMPLE.COM (auth:TOKEN)
nm_1        | 2019-11-14 18:31:36 INFO  WebApps:440 - Web app node started at 8042
kdc_1       | Nov 14 18:31:15 kdc krb5kdc[9](info): AS_REQ (8 etypes {18 17 20 19 16 23 25 26}) 127.0.0.1: SERVER_NOT_FOUND: admin/admin@EXAMPLE.COM for kadmin/localhost@EXAMPLE.COM, Server not found in Kerberos database
rm_1        | 2019-11-14 18:31:36 INFO  Server:351 - jetty-9.3.24.v20180605, build timestamp: 2018-06-05T17:11:56Z, git hash: 84205aa28f11a4f31f2a3b86d1bba2cc8ab69827
jhs         | INFO: Couldn't find grammar element for class javax.ws.rs.core.Response
kms_1       | Nov 14, 2019 6:32:32 PM com.sun.jersey.server.wadl.generators.AbstractWadlGeneratorGrammarGenerator attachTypes
datanode_2  | 2019-11-14 18:31:46,298 INFO server.RaftServerConfigKeys: raft.server.log.segment.size.max = 1048576 (custom)
datanode_3  | 2019-11-14 18:31:46,311 INFO server.RaftServerConfigKeys: raft.server.log.use.memory = false (default)
om_1        | 2019-11-14 18:33:02,006 INFO ipc.Server: Auth successful for hadoop/rm@EXAMPLE.COM (auth:TOKEN)
datanode_1  | 2019-11-14 18:31:46,311 INFO server.RaftServerConfigKeys: raft.server.log.queue.byte-limit = 2147483647 (custom)
scm_1       | 2019-11-14 18:33:01,926 INFO ipc.Server: Auth successful for dn/0c4e71d343d6@EXAMPLE.COM (auth:KERBEROS)
nm_1        | 2019-11-14 18:31:36 INFO  NodeStatusUpdaterImpl:261 - Node ID assigned is : nm:40600
kdc_1       | Nov 14 18:31:15 kdc krb5kdc[9](info): AS_REQ (8 etypes {18 17 20 19 16 23 25 26}) 127.0.0.1: ISSUE: authtime 1573756275, etypes {rep=18 tkt=18 ses=18}, admin/admin@EXAMPLE.COM for kadmin/admin@EXAMPLE.COM
rm_1        | 2019-11-14 18:31:36 INFO  ContextHandler:781 - Started o.e.j.s.ServletContextHandler@3234f74e{/logs,file:///opt/hadoop/logs/,AVAILABLE}
jhs         | Nov 14, 2019 6:33:17 PM com.sun.jersey.server.wadl.generators.AbstractWadlGeneratorGrammarGenerator attachTypes
kms_1       | INFO: Couldn't find grammar element for class javax.ws.rs.core.Response
datanode_2  | 2019-11-14 18:31:46,298 INFO server.RaftServerConfigKeys: raft.server.log.preallocated.size = 16384 (custom)
datanode_3  | 2019-11-14 18:31:46,311 INFO server.RaftServerConfigKeys: raft.server.log.purge.gap = 1000000 (custom)
om_1        | 2019-11-14 18:33:04,413 INFO ipc.Server: Auth successful for hadoop/rm@EXAMPLE.COM (auth:TOKEN)
datanode_1  | 2019-11-14 18:31:46,311 INFO server.RaftServerConfigKeys: raft.server.log.queue.element-limit = 1024 (custom)
nm_1        | 2019-11-14 18:31:36 INFO  JvmPauseMonitor:188 - Starting JVM pause monitor
rm_1        | 2019-11-14 18:31:36 INFO  ContextHandler:781 - Started o.e.j.s.ServletContextHandler@557a1e2d{/static,jar:file:/opt/hadoop/share/hadoop/yarn/hadoop-yarn-common-3.2.0.jar!/webapps/static,AVAILABLE}
kdc_1       | Nov 14 18:31:15 kdc krb5kdc[9](info): AS_REQ (8 etypes {18 17 20 19 16 23 25 26}) 127.0.0.1: SERVER_NOT_FOUND: admin/admin@EXAMPLE.COM for kadmin/localhost@EXAMPLE.COM, Server not found in Kerberos database
scm_1       | 2019-11-14 18:33:01,927 INFO ipc.Server: Auth successful for dn/f4b5a0739caa@EXAMPLE.COM (auth:KERBEROS)
jhs         | INFO: Couldn't find grammar element for class javax.ws.rs.core.Response
kms_1       | Nov 14, 2019 6:32:32 PM com.sun.jersey.server.wadl.generators.AbstractWadlGeneratorGrammarGenerator attachTypes
datanode_2  | 2019-11-14 18:31:46,298 INFO server.RaftServerConfigKeys: raft.server.log.write.buffer.size = 33554432 (custom)
datanode_3  | 2019-11-14 18:31:46,311 INFO server.RaftServerConfigKeys: raft.server.log.appender.buffer.byte-limit = 33554432 (custom)
om_1        | 2019-11-14 18:33:09,939 INFO ipc.Server: Auth successful for hadoop/rm@EXAMPLE.COM (auth:KERBEROS)
datanode_1  | 2019-11-14 18:31:46,312 INFO server.RaftServerConfigKeys: raft.server.log.segment.size.max = 1048576 (custom)
rm_1        | Nov 14, 2019 6:31:36 PM com.sun.jersey.guice.spi.container.GuiceComponentProviderFactory register
nm_1        | 2019-11-14 18:31:36 INFO  RMProxy:133 - Connecting to ResourceManager at rm/172.19.0.11:8031
kdc_1       | Nov 14 18:31:15 kdc krb5kdc[9](info): AS_REQ (8 etypes {18 17 20 19 16 23 25 26}) 127.0.0.1: ISSUE: authtime 1573756275, etypes {rep=18 tkt=18 ses=18}, admin/admin@EXAMPLE.COM for kadmin/admin@EXAMPLE.COM
jhs         | Nov 14, 2019 6:33:17 PM com.sun.jersey.server.wadl.generators.AbstractWadlGeneratorGrammarGenerator attachTypes
kms_1       | INFO: Couldn't find grammar element for class java.util.Map
datanode_2  | 2019-11-14 18:31:46,298 INFO server.RaftServerConfigKeys: raft.server.log.force.sync.num = 128 (default)
datanode_3  | 2019-11-14 18:31:46,311 INFO server.RaftServerConfigKeys: raft.server.log.segment.size.max = 1048576 (custom)
om_1        | 2019-11-14 18:33:12,677 INFO ipc.Server: Auth successful for hadoop/rm@EXAMPLE.COM (auth:KERBEROS)
datanode_1  | 2019-11-14 18:31:46,312 INFO server.RaftServerConfigKeys: raft.server.log.preallocated.size = 16384 (custom)
rm_1        | INFO: Registering org.apache.hadoop.yarn.server.resourcemanager.webapp.JAXBContextResolver as a provider class
nm_1        | 2019-11-14 18:31:36 INFO  NodeStatusUpdaterImpl:652 - Sending out 0 NM container statuses: []
scm_1       | 2019-11-14 18:33:02,807 INFO ipc.Server: Auth successful for om/om@EXAMPLE.COM (auth:KERBEROS)
kdc_1       | Nov 14 18:31:15 kdc krb5kdc[9](info): AS_REQ (8 etypes {18 17 20 19 16 23 25 26}) 127.0.0.1: SERVER_NOT_FOUND: admin/admin@EXAMPLE.COM for kadmin/localhost@EXAMPLE.COM, Server not found in Kerberos database
jhs         | INFO: Couldn't find grammar element for class javax.ws.rs.core.Response
kms_1       | Nov 14, 2019 6:32:32 PM com.sun.jersey.server.wadl.generators.AbstractWadlGeneratorGrammarGenerator attachTypes
datanode_2  | 2019-11-14 18:31:46,298 INFO server.RaftServerConfigKeys: raft.server.log.statemachine.data.sync = true (default)
datanode_3  | 2019-11-14 18:31:46,311 INFO server.RaftServerConfigKeys: raft.server.log.segment.cache.num.max = 2 (custom)
om_1        | 2019-11-14 18:33:15,667 INFO ipc.Server: Auth successful for hadoop/rm@EXAMPLE.COM (auth:TOKEN)
datanode_1  | 2019-11-14 18:31:46,312 INFO server.RaftServerConfigKeys: raft.server.log.write.buffer.size = 33554432 (custom)
rm_1        | Nov 14, 2019 6:31:36 PM com.sun.jersey.guice.spi.container.GuiceComponentProviderFactory register
nm_1        | 2019-11-14 18:31:36 INFO  NodeStatusUpdaterImpl:393 - Registering with RM using containers :[]
scm_1       | 2019-11-14 18:33:12,703 INFO ipc.Server: Auth successful for om/om@EXAMPLE.COM (auth:KERBEROS)
kdc_1       | Nov 14 18:31:15 kdc krb5kdc[9](info): AS_REQ (8 etypes {18 17 20 19 16 23 25 26}) 127.0.0.1: ISSUE: authtime 1573756275, etypes {rep=18 tkt=18 ses=18}, admin/admin@EXAMPLE.COM for kadmin/admin@EXAMPLE.COM
jhs         | Nov 14, 2019 6:33:17 PM com.sun.jersey.server.wadl.generators.AbstractWadlGeneratorGrammarGenerator attachTypes
kms_1       | INFO: Couldn't find grammar element for class java.util.Map
datanode_2  | 2019-11-14 18:31:46,298 INFO server.RaftServerConfigKeys: raft.server.log.statemachine.data.sync.timeout = 10s (default)
om_1        | 2019-11-14 18:33:17,286 INFO ipc.Server: Auth successful for rm/rm@EXAMPLE.COM (auth:KERBEROS)
datanode_3  | 2019-11-14 18:31:46,311 INFO segmented.SegmentedRaftLogWorker: new 769f163e-2cb1-4850-94ce-6683d007ab91@group-6E2C210AF805-SegmentedRaftLogWorker for RaftStorage:Storage Directory /data/metadata/ratis/f586d340-4d26-4175-9148-6e2c210af805
datanode_1  | 2019-11-14 18:31:46,312 INFO server.RaftServerConfigKeys: raft.server.log.force.sync.num = 128 (default)
rm_1        | INFO: Registering org.apache.hadoop.yarn.server.resourcemanager.webapp.RMWebServices as a root resource class
nm_1        | 2019-11-14 18:31:37 INFO  Client:948 - Retrying connect to server: rm/172.19.0.11:8031. Already tried 0 time(s); retry policy is RetryUpToMaximumCountWithFixedSleep(maxRetries=10, sleepTime=1000 MILLISECONDS)
scm_1       | 2019-11-14 18:33:31,924 INFO ipc.Server: Auth successful for dn/d49790262b27@EXAMPLE.COM (auth:KERBEROS)
kdc_1       | Nov 14 18:31:15 kdc krb5kdc[9](info): AS_REQ (8 etypes {18 17 20 19 16 23 25 26}) 127.0.0.1: SERVER_NOT_FOUND: admin/admin@EXAMPLE.COM for kadmin/localhost@EXAMPLE.COM, Server not found in Kerberos database
jhs         | INFO: Couldn't find grammar element for class javax.ws.rs.core.Response
kms_1       | Nov 14, 2019 6:32:32 PM com.sun.jersey.server.wadl.generators.AbstractWadlGeneratorGrammarGenerator attachTypes
datanode_2  | 2019-11-14 18:31:46,298 INFO server.RaftServerConfigKeys: raft.server.log.statemachine.data.sync.timeout.retry = -1 (default)
om_1        | 2019-11-14 18:33:17,687 INFO ipc.Server: Auth successful for nm/nm@EXAMPLE.COM (auth:KERBEROS)
datanode_3  | 2019-11-14 18:31:46,311 INFO server.RaftServerConfigKeys: raft.server.log.queue.byte-limit = 2147483647 (custom)
datanode_1  | 2019-11-14 18:31:46,312 INFO server.RaftServerConfigKeys: raft.server.log.statemachine.data.sync = true (default)
nm_1        | 2019-11-14 18:31:38 INFO  Client:948 - Retrying connect to server: rm/172.19.0.11:8031. Already tried 1 time(s); retry policy is RetryUpToMaximumCountWithFixedSleep(maxRetries=10, sleepTime=1000 MILLISECONDS)
rm_1        | Nov 14, 2019 6:31:36 PM com.sun.jersey.guice.spi.container.GuiceComponentProviderFactory register
scm_1       | 2019-11-14 18:33:31,929 INFO ipc.Server: Auth successful for dn/0c4e71d343d6@EXAMPLE.COM (auth:KERBEROS)
kdc_1       | Nov 14 18:31:15 kdc krb5kdc[9](info): AS_REQ (8 etypes {18 17 20 19 16 23 25 26}) 127.0.0.1: ISSUE: authtime 1573756275, etypes {rep=18 tkt=18 ses=18}, admin/admin@EXAMPLE.COM for kadmin/admin@EXAMPLE.COM
jhs         | 2019-11-14 18:33:17 INFO  AbstractDelegationTokenSecretManager:491 - Token renewal for identifier: (TIMELINE_DELEGATION_TOKEN owner=hadoop, renewer=rm, realUser=, issueDate=1573756397039, maxDate=1574361197039, sequenceNumber=2, masterKeyId=2); total currentTokens 2
kms_1       | INFO: Couldn't find grammar element for class java.util.Map
datanode_2  | 2019-11-14 18:31:46,298 INFO server.RaftServerConfigKeys: raft.server.log.statemachine.data.caching.enabled = true (custom)
om_1        | 2019-11-14 18:33:17,726 INFO ipc.Server: Auth successful for hadoop/rm@EXAMPLE.COM (auth:TOKEN)
datanode_3  | 2019-11-14 18:31:46,312 INFO server.RaftServerConfigKeys: raft.server.log.queue.element-limit = 1024 (custom)
datanode_1  | 2019-11-14 18:31:46,312 INFO server.RaftServerConfigKeys: raft.server.log.statemachine.data.sync.timeout = 10s (default)
nm_1        | 2019-11-14 18:31:38 INFO  NMContainerTokenSecretManager:143 - Rolling master-key for container-tokens, got key with id -461564368
rm_1        | INFO: Registering org.apache.hadoop.yarn.webapp.GenericExceptionHandler as a provider class
scm_1       | 2019-11-14 18:33:31,931 INFO ipc.Server: Auth successful for dn/f4b5a0739caa@EXAMPLE.COM (auth:KERBEROS)
kdc_1       | Nov 14 18:31:15 kdc krb5kdc[9](info): AS_REQ (8 etypes {18 17 20 19 16 23 25 26}) 127.0.0.1: SERVER_NOT_FOUND: admin/admin@EXAMPLE.COM for kadmin/localhost@EXAMPLE.COM, Server not found in Kerberos database
kms_1       | Nov 14, 2019 6:32:32 PM com.sun.jersey.server.wadl.generators.AbstractWadlGeneratorGrammarGenerator attachTypes
datanode_2  | 2019-11-14 18:31:46,299 INFO segmented.SegmentedRaftLogWorker: 8e58a8f0-1e84-494f-9f99-b1fabc54d7f3@group-6E2C210AF805-SegmentedRaftLogWorker: flushIndex: setUnconditionally 0 -> -1
om_1        | 2019-11-14 18:33:17,834 INFO ipc.Server: Auth successful for hadoop/rm@EXAMPLE.COM (auth:TOKEN)
datanode_3  | 2019-11-14 18:31:46,312 INFO server.RaftServerConfigKeys: raft.server.log.segment.size.max = 1048576 (custom)
datanode_1  | 2019-11-14 18:31:46,312 INFO server.RaftServerConfigKeys: raft.server.log.statemachine.data.sync.timeout.retry = -1 (default)
nm_1        | 2019-11-14 18:31:38 INFO  NMTokenSecretManagerInNM:143 - Rolling master-key for container-tokens, got key with id -607486362
rm_1        | Nov 14, 2019 6:31:36 PM com.sun.jersey.server.impl.application.WebApplicationImpl _initiate
scm_1       | 2019-11-14 18:33:37,654 INFO ipc.Server: Auth successful for om/om@EXAMPLE.COM (auth:KERBEROS)
kdc_1       | Nov 14 18:31:15 kdc krb5kdc[9](info): AS_REQ (8 etypes {18 17 20 19 16 23 25 26}) 127.0.0.1: ISSUE: authtime 1573756275, etypes {rep=18 tkt=18 ses=18}, admin/admin@EXAMPLE.COM for kadmin/admin@EXAMPLE.COM
kms_1       | INFO: Couldn't find grammar element for class javax.ws.rs.core.Response
datanode_2  | 2019-11-14 18:31:46,299 INFO server.RaftServerConfigKeys: raft.server.snapshot.auto.trigger.enabled = true (custom)
om_1        | 2019-11-14 18:33:20,022 INFO ipc.Server: Auth successful for hadoop/rm@EXAMPLE.COM (auth:TOKEN)
datanode_3  | 2019-11-14 18:31:46,312 INFO server.RaftServerConfigKeys: raft.server.log.preallocated.size = 16384 (custom)
datanode_1  | 2019-11-14 18:31:46,312 INFO server.RaftServerConfigKeys: raft.server.log.statemachine.data.caching.enabled = true (custom)
nm_1        | 2019-11-14 18:31:38 INFO  NodeStatusUpdaterImpl:477 - Registered with ResourceManager as nm:40600 with total resource of <memory:8192, vCores:8>
rm_1        | INFO: Initiating Jersey application, version 'Jersey: 1.19 02/11/2015 03:25 AM'
kdc_1       | Nov 14 18:31:15 kdc krb5kdc[9](info): AS_REQ (8 etypes {18 17 20 19 16 23 25 26}) 127.0.0.1: SERVER_NOT_FOUND: admin/admin@EXAMPLE.COM for kadmin/localhost@EXAMPLE.COM, Server not found in Kerberos database
kms_1       | Nov 14, 2019 6:32:38 PM com.sun.jersey.server.wadl.generators.WadlGeneratorJAXBGrammarGenerator buildModelAndSchemas
datanode_2  | 2019-11-14 18:31:46,299 INFO server.RaftServerConfigKeys: raft.server.snapshot.auto.trigger.threshold = 10000 (custom)
om_1        | 2019-11-14 18:33:30,332 INFO ipc.Server: Auth successful for hadoop/rm@EXAMPLE.COM (auth:TOKEN)
datanode_3  | 2019-11-14 18:31:46,312 INFO server.RaftServerConfigKeys: raft.server.log.write.buffer.size = 33554432 (custom)
datanode_1  | 2019-11-14 18:31:46,313 INFO segmented.SegmentedRaftLogWorker: 6c24f6ac-740e-456f-8f0d-8164632facaf@group-6E2C210AF805-SegmentedRaftLogWorker: flushIndex: setUnconditionally 0 -> -1
nm_1        | 2019-11-14 18:32:39 INFO  Server:1849 - Auth successful for appattempt_1573756297786_0001_000001 (auth:SIMPLE)
rm_1        | Nov 14, 2019 6:31:36 PM com.sun.jersey.guice.spi.container.GuiceComponentProviderFactory getComponentProvider
kdc_1       | Nov 14 18:31:15 kdc krb5kdc[9](info): AS_REQ (8 etypes {18 17 20 19 16 23 25 26}) 127.0.0.1: ISSUE: authtime 1573756275, etypes {rep=18 tkt=18 ses=18}, admin/admin@EXAMPLE.COM for kadmin/admin@EXAMPLE.COM
kms_1       | SEVERE: Failed to generate the schema for the JAX-B elements
datanode_2  | 2019-11-14 18:31:46,300 INFO server.RaftServerConfigKeys: raft.server.snapshot.retention.file.num = 5 (custom)
om_1        | 2019-11-14 18:33:36,961 INFO ipc.Server: Auth successful for hadoop/rm@EXAMPLE.COM (auth:TOKEN)
datanode_3  | 2019-11-14 18:31:46,312 INFO server.RaftServerConfigKeys: raft.server.log.force.sync.num = 128 (default)
nm_1        | 2019-11-14 18:32:39 INFO  ContainerManagerImpl:1070 - Start request for container_1573756297786_0001_01_000001 by user hadoop
datanode_1  | 2019-11-14 18:31:46,313 INFO server.RaftServerConfigKeys: raft.server.snapshot.auto.trigger.enabled = true (custom)
rm_1        | INFO: Binding org.apache.hadoop.yarn.server.resourcemanager.webapp.JAXBContextResolver to GuiceManagedComponentProvider with the scope "Singleton"
kdc_1       | Nov 14 18:31:15 kdc krb5kdc[9](info): AS_REQ (8 etypes {18 17 20 19 16 23 25 26}) 127.0.0.1: SERVER_NOT_FOUND: admin/admin@EXAMPLE.COM for kadmin/localhost@EXAMPLE.COM, Server not found in Kerberos database
kms_1       | com.sun.xml.bind.v2.runtime.IllegalAnnotationsException: 2 counts of IllegalAnnotationExceptions
datanode_2  | 2019-11-14 18:31:46,300 INFO server.RaftServerConfigKeys: raft.server.retrycache.expirytime = 600000ms (custom)
om_1        | 2019-11-14 18:33:39,429 INFO ipc.Server: Auth successful for hadoop/rm@EXAMPLE.COM (auth:TOKEN)
datanode_3  | 2019-11-14 18:31:46,312 INFO server.RaftServerConfigKeys: raft.server.log.statemachine.data.sync = true (default)
nm_1        | 2019-11-14 18:32:39 INFO  ContainerManagerImpl:1122 - Creating a new application reference for app application_1573756297786_0001
datanode_1  | 2019-11-14 18:31:46,314 INFO server.RaftServerConfigKeys: raft.server.snapshot.auto.trigger.threshold = 10000 (custom)
rm_1        | Nov 14, 2019 6:31:37 PM com.sun.jersey.guice.spi.container.GuiceComponentProviderFactory getComponentProvider
kdc_1       | Nov 14 18:31:15 kdc krb5kdc[9](info): AS_REQ (8 etypes {18 17 20 19 16 23 25 26}) 127.0.0.1: ISSUE: authtime 1573756275, etypes {rep=18 tkt=18 ses=18}, admin/admin@EXAMPLE.COM for kadmin/admin@EXAMPLE.COM
datanode_2  | 2019-11-14 18:31:46,300 WARN impl.MetricRegistriesImpl: First MetricRegistry has been created without registering reporters. You may need to call MetricRegistries.global().addReportRegistration(...) before.
kms_1       | java.util.Map is an interface, and JAXB can't handle interfaces.
datanode_3  | 2019-11-14 18:31:46,312 INFO server.RaftServerConfigKeys: raft.server.log.statemachine.data.sync.timeout = 10s (default)
nm_1        | 2019-11-14 18:32:39 INFO  NMAuditLogger:94 - USER=hadoop	IP=172.19.0.11	OPERATION=Start Container Request	TARGET=ContainerManageImpl	RESULT=SUCCESS	APPID=application_1573756297786_0001	CONTAINERID=container_1573756297786_0001_01_000001
datanode_1  | 2019-11-14 18:31:46,314 INFO server.RaftServerConfigKeys: raft.server.snapshot.retention.file.num = 5 (custom)
kdc_1       | Nov 14 18:31:15 kdc krb5kdc[9](info): AS_REQ (8 etypes {18 17 20 19 16 23 25 26}) 127.0.0.1: SERVER_NOT_FOUND: admin/admin@EXAMPLE.COM for kadmin/localhost@EXAMPLE.COM, Server not found in Kerberos database
datanode_2  | 2019-11-14 18:31:46,300 WARN impl.MetricRegistriesImpl: First MetricRegistry has been created without registering reporters. You may need to call MetricRegistries.global().addReportRegistration(...) before.
kms_1       | 	this problem is related to the following location:
datanode_3  | 2019-11-14 18:31:46,313 INFO server.RaftServerConfigKeys: raft.server.log.statemachine.data.sync.timeout.retry = -1 (default)
nm_1        | 2019-11-14 18:32:39 INFO  ApplicationImpl:655 - Application application_1573756297786_0001 transitioned from NEW to INITING
datanode_1  | 2019-11-14 18:31:46,314 INFO server.RaftServerConfigKeys: raft.server.retrycache.expirytime = 600000ms (custom)
rm_1        | INFO: Binding org.apache.hadoop.yarn.webapp.GenericExceptionHandler to GuiceManagedComponentProvider with the scope "Singleton"
kdc_1       | Nov 14 18:31:15 kdc krb5kdc[9](info): AS_REQ (8 etypes {18 17 20 19 16 23 25 26}) 127.0.0.1: ISSUE: authtime 1573756275, etypes {rep=18 tkt=18 ses=18}, admin/admin@EXAMPLE.COM for kadmin/admin@EXAMPLE.COM
datanode_2  | 2019-11-14 18:31:46,300 INFO impl.RaftServerImpl: 8e58a8f0-1e84-494f-9f99-b1fabc54d7f3@group-6E2C210AF805: start as a follower, conf=-1: [6c24f6ac-740e-456f-8f0d-8164632facaf:172.19.0.3:9858, 769f163e-2cb1-4850-94ce-6683d007ab91:172.19.0.2:9858, 8e58a8f0-1e84-494f-9f99-b1fabc54d7f3:172.19.0.4:9858], old=null
kms_1       | 		at java.util.Map
datanode_3  | 2019-11-14 18:31:46,313 INFO server.RaftServerConfigKeys: raft.server.log.statemachine.data.caching.enabled = true (custom)
nm_1        | 2019-11-14 18:32:39 INFO  ApplicationImpl:463 - Adding container_1573756297786_0001_01_000001 to application application_1573756297786_0001
datanode_1  | 2019-11-14 18:31:46,314 WARN impl.MetricRegistriesImpl: First MetricRegistry has been created without registering reporters. You may need to call MetricRegistries.global().addReportRegistration(...) before.
kdc_1       | Nov 14 18:31:16 kdc krb5kdc[9](info): AS_REQ (8 etypes {18 17 20 19 16 23 25 26}) 127.0.0.1: SERVER_NOT_FOUND: admin/admin@EXAMPLE.COM for kadmin/localhost@EXAMPLE.COM, Server not found in Kerberos database
datanode_2  | 2019-11-14 18:31:46,300 INFO impl.RaftServerImpl: 8e58a8f0-1e84-494f-9f99-b1fabc54d7f3@group-6E2C210AF805: changes role from      null to FOLLOWER at term 0 for startAsFollower
rm_1        | Nov 14, 2019 6:31:37 PM com.sun.jersey.guice.spi.container.GuiceComponentProviderFactory getComponentProvider
kms_1       | java.util.Map does not have a no-arg default constructor.
datanode_3  | 2019-11-14 18:31:46,313 INFO segmented.SegmentedRaftLogWorker: 769f163e-2cb1-4850-94ce-6683d007ab91@group-6E2C210AF805-SegmentedRaftLogWorker: flushIndex: setUnconditionally 0 -> -1
nm_1        | 2019-11-14 18:32:40 WARN  LogAggregationFileController:284 - Remote Root Log Dir [/tmp/logs] does not exist. Attempting to create it.
datanode_1  | 2019-11-14 18:31:46,314 WARN impl.MetricRegistriesImpl: First MetricRegistry has been created without registering reporters. You may need to call MetricRegistries.global().addReportRegistration(...) before.
kdc_1       | Nov 14 18:31:16 kdc krb5kdc[9](info): AS_REQ (8 etypes {18 17 20 19 16 23 25 26}) 127.0.0.1: ISSUE: authtime 1573756276, etypes {rep=18 tkt=18 ses=18}, admin/admin@EXAMPLE.COM for kadmin/admin@EXAMPLE.COM
datanode_2  | 2019-11-14 18:31:46,301 INFO impl.RoleInfo: 8e58a8f0-1e84-494f-9f99-b1fabc54d7f3: start FollowerState
rm_1        | INFO: Binding org.apache.hadoop.yarn.server.resourcemanager.webapp.RMWebServices to GuiceManagedComponentProvider with the scope "Singleton"
kms_1       | 	this problem is related to the following location:
datanode_3  | 2019-11-14 18:31:46,313 INFO server.RaftServerConfigKeys: raft.server.snapshot.auto.trigger.enabled = true (custom)
kdc_1       | Nov 14 18:31:16 kdc krb5kdc[9](info): AS_REQ (8 etypes {18 17 20 19 16 23 25 26}) 127.0.0.1: SERVER_NOT_FOUND: admin/admin@EXAMPLE.COM for kadmin/localhost@EXAMPLE.COM, Server not found in Kerberos database
datanode_1  | 2019-11-14 18:31:46,314 INFO impl.RaftServerImpl: 6c24f6ac-740e-456f-8f0d-8164632facaf@group-6E2C210AF805: start as a follower, conf=-1: [6c24f6ac-740e-456f-8f0d-8164632facaf:172.19.0.3:9858, 769f163e-2cb1-4850-94ce-6683d007ab91:172.19.0.2:9858, 8e58a8f0-1e84-494f-9f99-b1fabc54d7f3:172.19.0.4:9858], old=null
datanode_2  | 2019-11-14 18:31:46,302 INFO util.JmxRegister: Successfully registered JMX Bean with object name Ratis:service=RaftServer,group=group-6E2C210AF805,id=8e58a8f0-1e84-494f-9f99-b1fabc54d7f3
nm_1        | 2019-11-14 18:32:40 WARN  LogAggregationFileController:298 - No primary group found. The remote root log directory will be created with the HDFS superuser being its group owner. JobHistoryServer may be unable to read the directory.
rm_1        | 2019-11-14 18:31:37 INFO  ContextHandler:781 - Started o.e.j.w.WebAppContext@64524dd{/,file:///tmp/jetty-rm-8088-cluster-_-any-1707062433343372006.dir/webapp/,AVAILABLE}{/cluster}
kms_1       | 		at java.util.Map
datanode_3  | 2019-11-14 18:31:46,314 INFO server.RaftServerConfigKeys: raft.server.snapshot.auto.trigger.threshold = 10000 (custom)
kdc_1       | Nov 14 18:31:16 kdc krb5kdc[9](info): AS_REQ (8 etypes {18 17 20 19 16 23 25 26}) 127.0.0.1: ISSUE: authtime 1573756276, etypes {rep=18 tkt=18 ses=18}, admin/admin@EXAMPLE.COM for kadmin/admin@EXAMPLE.COM
datanode_2  | 2019-11-14 18:31:46,302 WARN impl.MetricRegistriesImpl: First MetricRegistry has been created without registering reporters. You may need to call MetricRegistries.global().addReportRegistration(...) before.
rm_1        | 2019-11-14 18:31:37 INFO  AbstractConnector:278 - Started ServerConnector@3531f3ca{HTTP/1.1,[http/1.1]}{rm:8088}
kms_1       | 
datanode_1  | 2019-11-14 18:31:46,315 INFO impl.RaftServerImpl: 6c24f6ac-740e-456f-8f0d-8164632facaf@group-6E2C210AF805: changes role from      null to FOLLOWER at term 0 for startAsFollower
datanode_3  | 2019-11-14 18:31:46,314 INFO server.RaftServerConfigKeys: raft.server.snapshot.retention.file.num = 5 (custom)
datanode_2  | 2019-11-14 18:31:51,356 INFO impl.FollowerState: 8e58a8f0-1e84-494f-9f99-b1fabc54d7f3@group-78CA598D1448-FollowerState: change to CANDIDATE, lastRpcTime:5201ms, electionTimeout:5200ms
kdc_1       | Entry for principal dn/scm@EXAMPLE.COM with kvno 2, encryption type aes256-cts-hmac-sha1-96 added to keytab WRFILE:/data/dn.scm.keytab.
nm_1        | 2019-11-14 18:32:41 INFO  ApplicationImpl:655 - Application application_1573756297786_0001 transitioned from INITING to RUNNING
rm_1        | 2019-11-14 18:31:37 INFO  Server:419 - Started @4500ms
kms_1       | 	at com.sun.xml.bind.v2.runtime.IllegalAnnotationsException$Builder.check(IllegalAnnotationsException.java:106)
datanode_1  | 2019-11-14 18:31:46,315 INFO impl.RoleInfo: 6c24f6ac-740e-456f-8f0d-8164632facaf: start FollowerState
datanode_3  | 2019-11-14 18:31:46,314 INFO server.RaftServerConfigKeys: raft.server.retrycache.expirytime = 600000ms (custom)
datanode_2  | 2019-11-14 18:31:51,357 INFO impl.RoleInfo: 8e58a8f0-1e84-494f-9f99-b1fabc54d7f3: shutdown FollowerState
kdc_1       | Entry for principal dn/scm@EXAMPLE.COM with kvno 2, encryption type aes128-cts-hmac-sha1-96 added to keytab WRFILE:/data/dn.scm.keytab.
nm_1        | 2019-11-14 18:32:41 INFO  ContainerImpl:2112 - Container container_1573756297786_0001_01_000001 transitioned from NEW to LOCALIZING
rm_1        | 2019-11-14 18:31:37 INFO  WebApps:440 - Web app cluster started at 8088
kms_1       | 	at com.sun.xml.bind.v2.runtime.JAXBContextImpl.getTypeInfoSet(JAXBContextImpl.java:489)
datanode_1  | 2019-11-14 18:31:46,315 INFO util.JmxRegister: Successfully registered JMX Bean with object name Ratis:service=RaftServer,group=group-6E2C210AF805,id=6c24f6ac-740e-456f-8f0d-8164632facaf
datanode_3  | 2019-11-14 18:31:46,314 WARN impl.MetricRegistriesImpl: First MetricRegistry has been created without registering reporters. You may need to call MetricRegistries.global().addReportRegistration(...) before.
datanode_2  | 2019-11-14 18:31:51,358 INFO impl.RaftServerImpl: 8e58a8f0-1e84-494f-9f99-b1fabc54d7f3@group-78CA598D1448: changes role from  FOLLOWER to CANDIDATE at term 0 for changeToCandidate
kdc_1       | Generiting keytab
nm_1        | 2019-11-14 18:32:41 INFO  AuxServices:350 - Got event CONTAINER_INIT for appId application_1573756297786_0001
rm_1        | 2019-11-14 18:31:37 INFO  CallQueueManager:84 - Using callQueue: class java.util.concurrent.LinkedBlockingQueue, queueCapacity: 100, scheduler: class org.apache.hadoop.ipc.DefaultRpcScheduler, ipcBackoff: false.
kms_1       | 	at com.sun.xml.bind.v2.runtime.JAXBContextImpl.<init>(JAXBContextImpl.java:319)
datanode_1  | 2019-11-14 18:31:46,315 WARN impl.MetricRegistriesImpl: First MetricRegistry has been created without registering reporters. You may need to call MetricRegistries.global().addReportRegistration(...) before.
datanode_3  | 2019-11-14 18:31:46,314 WARN impl.MetricRegistriesImpl: First MetricRegistry has been created without registering reporters. You may need to call MetricRegistries.global().addReportRegistration(...) before.
datanode_2  | 2019-11-14 18:31:51,364 INFO impl.RoleInfo: 8e58a8f0-1e84-494f-9f99-b1fabc54d7f3: start LeaderElection
kdc_1       | Authenticating as principal admin/admin with keytab /tmp/admin.keytab.
nm_1        | 2019-11-14 18:32:41 INFO  ResourceLocalizationService:798 - Created localizer for container_1573756297786_0001_01_000001
rm_1        | 2019-11-14 18:31:37 INFO  Server:1074 - Starting Socket Reader #1 for port 8033
kms_1       | 	at com.sun.xml.bind.v2.runtime.JAXBContextImpl$JAXBContextBuilder.build(JAXBContextImpl.java:1170)
datanode_1  | 2019-11-14 18:31:50,898 INFO impl.FollowerState: 6c24f6ac-740e-456f-8f0d-8164632facaf@group-79C81B5323E2-FollowerState: change to CANDIDATE, lastRpcTime:5195ms, electionTimeout:5194ms
datanode_3  | 2019-11-14 18:31:46,314 INFO impl.RaftServerImpl: 769f163e-2cb1-4850-94ce-6683d007ab91@group-6E2C210AF805: start as a follower, conf=-1: [6c24f6ac-740e-456f-8f0d-8164632facaf:172.19.0.3:9858, 769f163e-2cb1-4850-94ce-6683d007ab91:172.19.0.2:9858, 8e58a8f0-1e84-494f-9f99-b1fabc54d7f3:172.19.0.4:9858], old=null
datanode_2  | 2019-11-14 18:31:51,391 INFO impl.LeaderElection: 8e58a8f0-1e84-494f-9f99-b1fabc54d7f3@group-78CA598D1448-LeaderElection1: begin an election at term 1 for -1: [8e58a8f0-1e84-494f-9f99-b1fabc54d7f3:172.19.0.4:9858], old=null
kdc_1       | WARNING: no policy specified for om/s3g@EXAMPLE.COM; defaulting to no policy
nm_1        | 2019-11-14 18:32:41 INFO  ResourceLocalizationService:1328 - Writing credentials to the nmPrivate file /tmp/hadoop-hadoop/nm-local-dir/nmPrivate/container_1573756297786_0001_01_000001.tokens
rm_1        | 2019-11-14 18:31:37 INFO  RpcServerFactoryPBImpl:173 - Adding protocol org.apache.hadoop.yarn.server.api.ResourceManagerAdministrationProtocolPB to the server
kms_1       | 	at com.sun.xml.bind.v2.ContextFactory.createContext(ContextFactory.java:145)
datanode_1  | 2019-11-14 18:31:50,899 INFO impl.RoleInfo: 6c24f6ac-740e-456f-8f0d-8164632facaf: shutdown FollowerState
datanode_2  | 2019-11-14 18:31:51,393 INFO impl.RoleInfo: 8e58a8f0-1e84-494f-9f99-b1fabc54d7f3: shutdown LeaderElection
datanode_3  | 2019-11-14 18:31:46,315 INFO impl.RaftServerImpl: 769f163e-2cb1-4850-94ce-6683d007ab91@group-6E2C210AF805: changes role from      null to FOLLOWER at term 0 for startAsFollower
kdc_1       | Principal "om/s3g@EXAMPLE.COM" created.
nm_1        | 2019-11-14 18:32:41 INFO  DefaultContainerExecutor:836 - Initializing user hadoop
rm_1        | 2019-11-14 18:31:37 INFO  Server:1314 - IPC Server Responder: starting
kms_1       | 	at sun.reflect.NativeMethodAccessorImpl.invoke0(Native Method)
datanode_1  | 2019-11-14 18:31:50,901 INFO impl.RaftServerImpl: 6c24f6ac-740e-456f-8f0d-8164632facaf@group-79C81B5323E2: changes role from  FOLLOWER to CANDIDATE at term 0 for changeToCandidate
datanode_2  | 2019-11-14 18:31:51,394 INFO impl.RaftServerImpl: 8e58a8f0-1e84-494f-9f99-b1fabc54d7f3@group-78CA598D1448: changes role from CANDIDATE to LEADER at term 1 for changeToLeader
kdc_1       | Authenticating as principal admin/admin with keytab /tmp/admin.keytab.
nm_1        | 2019-11-14 18:32:41 INFO  DefaultContainerExecutor:166 - Copying from /tmp/hadoop-hadoop/nm-local-dir/nmPrivate/container_1573756297786_0001_01_000001.tokens to /tmp/hadoop-hadoop/nm-local-dir/usercache/hadoop/appcache/application_1573756297786_0001/container_1573756297786_0001_01_000001.tokens
rm_1        | 2019-11-14 18:31:37 INFO  Server:1153 - IPC Server listener on 8033: starting
datanode_3  | 2019-11-14 18:31:46,315 INFO impl.RoleInfo: 769f163e-2cb1-4850-94ce-6683d007ab91: start FollowerState
kms_1       | 	at sun.reflect.NativeMethodAccessorImpl.invoke(NativeMethodAccessorImpl.java:62)
datanode_1  | 2019-11-14 18:31:50,906 INFO impl.RoleInfo: 6c24f6ac-740e-456f-8f0d-8164632facaf: start LeaderElection
datanode_2  | 2019-11-14 18:31:51,394 INFO impl.RaftServerImpl: 8e58a8f0-1e84-494f-9f99-b1fabc54d7f3@group-78CA598D1448: change Leader from null to 8e58a8f0-1e84-494f-9f99-b1fabc54d7f3 at term 1 for becomeLeader, leader elected after 5314ms
kdc_1       | Entry for principal om/s3g@EXAMPLE.COM with kvno 2, encryption type aes256-cts-hmac-sha1-96 added to keytab WRFILE:/data/om.s3g.keytab.
nm_1        | 2019-11-14 18:32:41 INFO  DefaultContainerExecutor:174 - Localizer CWD set to /tmp/hadoop-hadoop/nm-local-dir/usercache/hadoop/appcache/application_1573756297786_0001 = file:/tmp/hadoop-hadoop/nm-local-dir/usercache/hadoop/appcache/application_1573756297786_0001
rm_1        | 2019-11-14 18:31:37 INFO  ResourceManager:1292 - Transitioning to active state
datanode_3  | 2019-11-14 18:31:46,315 INFO util.JmxRegister: Successfully registered JMX Bean with object name Ratis:service=RaftServer,group=group-6E2C210AF805,id=769f163e-2cb1-4850-94ce-6683d007ab91
datanode_1  | 2019-11-14 18:31:50,932 INFO impl.LeaderElection: 6c24f6ac-740e-456f-8f0d-8164632facaf@group-79C81B5323E2-LeaderElection1: begin an election at term 1 for -1: [6c24f6ac-740e-456f-8f0d-8164632facaf:172.19.0.3:9858], old=null
kms_1       | 	at sun.reflect.DelegatingMethodAccessorImpl.invoke(DelegatingMethodAccessorImpl.java:43)
datanode_2  | 2019-11-14 18:31:51,400 INFO server.RaftServerConfigKeys: raft.server.staging.catchup.gap = 1000 (default)
kdc_1       | Entry for principal om/s3g@EXAMPLE.COM with kvno 2, encryption type aes128-cts-hmac-sha1-96 added to keytab WRFILE:/data/om.s3g.keytab.
nm_1        | 2019-11-14 18:32:41 INFO  Server:1849 - Auth successful for testing (auth:SIMPLE)
rm_1        | 2019-11-14 18:31:37 INFO  RMStateStore:550 - Updating AMRMToken
datanode_3  | 2019-11-14 18:31:46,315 WARN impl.MetricRegistriesImpl: First MetricRegistry has been created without registering reporters. You may need to call MetricRegistries.global().addReportRegistration(...) before.
datanode_1  | 2019-11-14 18:31:50,934 INFO impl.RoleInfo: 6c24f6ac-740e-456f-8f0d-8164632facaf: shutdown LeaderElection
kms_1       | 	at java.lang.reflect.Method.invoke(Method.java:498)
datanode_2  | 2019-11-14 18:31:51,401 INFO server.RaftServerConfigKeys: raft.server.rpc.sleep.time = 25ms (default)
kdc_1       | Generiting keytab
nm_1        | 2019-11-14 18:32:41 WARN  MetricsSystemImpl:151 - NodeManager metrics system already initialized!
rm_1        | 2019-11-14 18:31:37 INFO  RMContainerTokenSecretManager:109 - Rolling master-key for container-tokens
datanode_3  | 2019-11-14 18:31:50,230 INFO impl.FollowerState: 769f163e-2cb1-4850-94ce-6683d007ab91@group-671A3CFF122B-FollowerState: change to CANDIDATE, lastRpcTime:5019ms, electionTimeout:5018ms
datanode_1  | 2019-11-14 18:31:50,934 INFO impl.RaftServerImpl: 6c24f6ac-740e-456f-8f0d-8164632facaf@group-79C81B5323E2: changes role from CANDIDATE to LEADER at term 1 for changeToLeader
kms_1       | 	at javax.xml.bind.ContextFinder.newInstance(ContextFinder.java:247)
kdc_1       | Authenticating as principal admin/admin with keytab /tmp/admin.keytab.
datanode_2  | 2019-11-14 18:31:51,406 INFO server.RaftServerConfigKeys: raft.server.write.element-limit = 4096 (default)
rm_1        | 2019-11-14 18:31:37 INFO  NMTokenSecretManagerInRM:95 - Rolling master-key for nm-tokens
datanode_3  | 2019-11-14 18:31:50,231 INFO impl.RoleInfo: 769f163e-2cb1-4850-94ce-6683d007ab91: shutdown FollowerState
kms_1       | 	at javax.xml.bind.ContextFinder.newInstance(ContextFinder.java:234)
datanode_1  | 2019-11-14 18:31:50,935 INFO impl.RaftServerImpl: 6c24f6ac-740e-456f-8f0d-8164632facaf@group-79C81B5323E2: change Leader from null to 6c24f6ac-740e-456f-8f0d-8164632facaf at term 1 for becomeLeader, leader elected after 5308ms
nm_1        | 2019-11-14 18:32:42 INFO  ContainerImpl:2112 - Container container_1573756297786_0001_01_000001 transitioned from LOCALIZING to SCHEDULED
rm_1        | 2019-11-14 18:31:37 INFO  AbstractDelegationTokenSecretManager:343 - Updating the current master key for generating delegation tokens
kdc_1       | WARNING: no policy specified for dn/292aa34ff504@EXAMPLE.COM; defaulting to no policy
datanode_3  | 2019-11-14 18:31:50,232 INFO impl.RaftServerImpl: 769f163e-2cb1-4850-94ce-6683d007ab91@group-671A3CFF122B: changes role from  FOLLOWER to CANDIDATE at term 0 for changeToCandidate
kms_1       | 	at javax.xml.bind.ContextFinder.find(ContextFinder.java:441)
nm_1        | 2019-11-14 18:32:42 INFO  ContainerScheduler:541 - Starting container [container_1573756297786_0001_01_000001]
rm_1        | 2019-11-14 18:31:37 INFO  RMDelegationTokenSecretManager:92 - storing master key with keyID 1
datanode_2  | 2019-11-14 18:31:51,414 INFO server.RaftServerConfigKeys: raft.server.watch.timeout = 10s (default)
kdc_1       | Principal "dn/292aa34ff504@EXAMPLE.COM" created.
datanode_3  | 2019-11-14 18:31:50,237 INFO impl.RoleInfo: 769f163e-2cb1-4850-94ce-6683d007ab91: start LeaderElection
kms_1       | 	at javax.xml.bind.JAXBContext.newInstance(JAXBContext.java:641)
nm_1        | 2019-11-14 18:32:42 INFO  ContainerImpl:2112 - Container container_1573756297786_0001_01_000001 transitioned from SCHEDULED to RUNNING
datanode_1  | 2019-11-14 18:31:50,941 INFO server.RaftServerConfigKeys: raft.server.staging.catchup.gap = 1000 (default)
rm_1        | 2019-11-14 18:31:37 INFO  RMStateStore:501 - Storing RMDTMasterKey.
kdc_1       | Authenticating as principal admin/admin with keytab /tmp/admin.keytab.
datanode_3  | 2019-11-14 18:31:50,263 INFO impl.LeaderElection: 769f163e-2cb1-4850-94ce-6683d007ab91@group-671A3CFF122B-LeaderElection1: begin an election at term 1 for -1: [769f163e-2cb1-4850-94ce-6683d007ab91:172.19.0.2:9858], old=null
kms_1       | 	at javax.xml.bind.JAXBContext.newInstance(JAXBContext.java:584)
nm_1        | 2019-11-14 18:32:42 INFO  ContainersMonitorImpl:1013 - Starting resource-monitoring for container_1573756297786_0001_01_000001
datanode_2  | 2019-11-14 18:31:51,414 INFO server.RaftServerConfigKeys: raft.server.watch.timeout.denomination = 1s (default)
datanode_1  | 2019-11-14 18:31:50,941 INFO server.RaftServerConfigKeys: raft.server.rpc.sleep.time = 25ms (default)
rm_1        | 2019-11-14 18:31:37 INFO  AbstractDelegationTokenSecretManager:675 - Starting expired delegation token remover thread, tokenRemoverScanInterval=60 min(s)
kdc_1       | Entry for principal dn/292aa34ff504@EXAMPLE.COM with kvno 2, encryption type aes256-cts-hmac-sha1-96 added to keytab WRFILE:/data/dn.292aa34ff504.keytab.
datanode_3  | 2019-11-14 18:31:50,265 INFO impl.RoleInfo: 769f163e-2cb1-4850-94ce-6683d007ab91: shutdown LeaderElection
kms_1       | 	at com.sun.jersey.server.wadl.generators.WadlGeneratorJAXBGrammarGenerator.buildModelAndSchemas(WadlGeneratorJAXBGrammarGenerator.java:169)
nm_1        | 2019-11-14 18:32:42 INFO  DefaultContainerExecutor:370 - launchContainer: [bash, /tmp/hadoop-hadoop/nm-local-dir/usercache/hadoop/appcache/application_1573756297786_0001/container_1573756297786_0001_01_000001/default_container_executor.sh]
datanode_2  | 2019-11-14 18:31:51,415 INFO server.RaftServerConfigKeys: raft.server.watch.element-limit = 65536 (default)
datanode_1  | 2019-11-14 18:31:50,946 INFO server.RaftServerConfigKeys: raft.server.write.element-limit = 4096 (default)
rm_1        | 2019-11-14 18:31:37 INFO  AbstractDelegationTokenSecretManager:343 - Updating the current master key for generating delegation tokens
kdc_1       | Entry for principal dn/292aa34ff504@EXAMPLE.COM with kvno 2, encryption type aes128-cts-hmac-sha1-96 added to keytab WRFILE:/data/dn.292aa34ff504.keytab.
datanode_3  | 2019-11-14 18:31:50,265 INFO impl.RaftServerImpl: 769f163e-2cb1-4850-94ce-6683d007ab91@group-671A3CFF122B: changes role from CANDIDATE to LEADER at term 1 for changeToLeader
kms_1       | 	at com.sun.jersey.server.wadl.generators.AbstractWadlGeneratorGrammarGenerator.createExternalGrammar(AbstractWadlGeneratorGrammarGenerator.java:405)
nm_1        | 2019-11-14 18:32:43 INFO  ContainersMonitorImpl:615 - container_1573756297786_0001_01_000001's ip = 172.19.0.9, and hostname = nm
datanode_2  | 2019-11-14 18:31:51,425 INFO impl.RoleInfo: 8e58a8f0-1e84-494f-9f99-b1fabc54d7f3: start LeaderState
datanode_1  | 2019-11-14 18:31:50,953 INFO server.RaftServerConfigKeys: raft.server.watch.timeout = 10s (default)
rm_1        | 2019-11-14 18:31:37 INFO  RMDelegationTokenSecretManager:92 - storing master key with keyID 2
kdc_1       | Generiting keytab
datanode_3  | 2019-11-14 18:31:50,265 INFO impl.RaftServerImpl: 769f163e-2cb1-4850-94ce-6683d007ab91@group-671A3CFF122B: change Leader from null to 769f163e-2cb1-4850-94ce-6683d007ab91 at term 1 for becomeLeader, leader elected after 5126ms
kms_1       | 	at com.sun.jersey.server.wadl.WadlBuilder.generate(WadlBuilder.java:149)
nm_1        | 2019-11-14 18:32:46 INFO  ContainersMonitorImpl:516 - Skipping monitoring container container_1573756297786_0001_01_000001 since CPU usage is not yet available.
datanode_2  | 2019-11-14 18:31:51,449 INFO segmented.SegmentedRaftLogWorker: 8e58a8f0-1e84-494f-9f99-b1fabc54d7f3@group-78CA598D1448-SegmentedRaftLogWorker: Starting segment from index:0
datanode_1  | 2019-11-14 18:31:50,953 INFO server.RaftServerConfigKeys: raft.server.watch.timeout.denomination = 1s (default)
rm_1        | 2019-11-14 18:31:37 INFO  RMStateStore:501 - Storing RMDTMasterKey.
kdc_1       | Authenticating as principal admin/admin with keytab /tmp/admin.keytab.
datanode_3  | 2019-11-14 18:31:50,269 INFO server.RaftServerConfigKeys: raft.server.staging.catchup.gap = 1000 (default)
kms_1       | 	at com.sun.jersey.server.impl.wadl.WadlApplicationContextImpl.getApplication(WadlApplicationContextImpl.java:119)
nm_1        | 2019-11-14 18:32:52 INFO  Server:1849 - Auth successful for appattempt_1573756297786_0001_000001 (auth:SIMPLE)
datanode_1  | 2019-11-14 18:31:50,954 INFO server.RaftServerConfigKeys: raft.server.watch.element-limit = 65536 (default)
rm_1        | 2019-11-14 18:31:37 INFO  AsyncDispatcher:223 - Registering class org.apache.hadoop.yarn.nodelabels.event.NodeLabelsStoreEventType for class org.apache.hadoop.yarn.nodelabels.CommonNodeLabelsManager$ForwardingEventHandler
datanode_2  | 2019-11-14 18:31:51,460 INFO impl.RaftServerImpl: 8e58a8f0-1e84-494f-9f99-b1fabc54d7f3@group-78CA598D1448: set configuration 0: [8e58a8f0-1e84-494f-9f99-b1fabc54d7f3:172.19.0.4:9858], old=null at 0
kdc_1       | WARNING: no policy specified for om/nm@EXAMPLE.COM; defaulting to no policy
datanode_3  | 2019-11-14 18:31:50,269 INFO server.RaftServerConfigKeys: raft.server.rpc.sleep.time = 25ms (default)
kms_1       | 	at com.sun.jersey.server.impl.wadl.WadlApplicationContextImpl.getApplication(WadlApplicationContextImpl.java:138)
nm_1        | 2019-11-14 18:32:52 INFO  ContainerManagerImpl:1070 - Start request for container_1573756297786_0001_01_000002 by user hadoop
datanode_1  | 2019-11-14 18:31:50,964 INFO impl.RoleInfo: 6c24f6ac-740e-456f-8f0d-8164632facaf: start LeaderState
rm_1        | 2019-11-14 18:31:38 INFO  AbstractFSNodeStore:67 - Created store directory :file:/tmp/hadoop-yarn-rm/node-attribute
kdc_1       | Principal "om/nm@EXAMPLE.COM" created.
datanode_2  | 2019-11-14 18:31:51,500 INFO impl.FollowerState: 8e58a8f0-1e84-494f-9f99-b1fabc54d7f3@group-6E2C210AF805-FollowerState: change to CANDIDATE, lastRpcTime:5199ms, electionTimeout:5199ms
datanode_3  | 2019-11-14 18:31:50,272 INFO server.RaftServerConfigKeys: raft.server.write.element-limit = 4096 (default)
kms_1       | 	at com.sun.jersey.server.impl.wadl.WadlMethodFactory$WadlOptionsMethodDispatcher.dispatch(WadlMethodFactory.java:110)
nm_1        | 2019-11-14 18:32:52 INFO  NMAuditLogger:94 - USER=hadoop	IP=172.19.0.9	OPERATION=Start Container Request	TARGET=ContainerManageImpl	RESULT=SUCCESS	APPID=application_1573756297786_0001	CONTAINERID=container_1573756297786_0001_01_000002
datanode_1  | 2019-11-14 18:31:50,987 INFO segmented.SegmentedRaftLogWorker: 6c24f6ac-740e-456f-8f0d-8164632facaf@group-79C81B5323E2-SegmentedRaftLogWorker: Starting segment from index:0
rm_1        | 2019-11-14 18:31:38 INFO  AbstractFSNodeStore:181 - Finished write mirror at:file:/tmp/hadoop-yarn-rm/node-attribute/nodeattribute.mirror
kdc_1       | Authenticating as principal admin/admin with keytab /tmp/admin.keytab.
datanode_2  | 2019-11-14 18:31:51,501 INFO impl.RoleInfo: 8e58a8f0-1e84-494f-9f99-b1fabc54d7f3: shutdown FollowerState
datanode_3  | 2019-11-14 18:31:50,276 INFO server.RaftServerConfigKeys: raft.server.watch.timeout = 10s (default)
kms_1       | 	at com.sun.jersey.server.impl.uri.rules.HttpMethodRule.accept(HttpMethodRule.java:302)
nm_1        | 2019-11-14 18:32:52 INFO  ApplicationImpl:463 - Adding container_1573756297786_0001_01_000002 to application application_1573756297786_0001
datanode_1  | 2019-11-14 18:31:50,999 INFO impl.RaftServerImpl: 6c24f6ac-740e-456f-8f0d-8164632facaf@group-79C81B5323E2: set configuration 0: [6c24f6ac-740e-456f-8f0d-8164632facaf:172.19.0.3:9858], old=null at 0
rm_1        | 2019-11-14 18:31:38 INFO  AbstractFSNodeStore:182 - Finished create editlog file at:file:/tmp/hadoop-yarn-rm/node-attribute/nodeattribute.editlog
kdc_1       | Entry for principal om/nm@EXAMPLE.COM with kvno 2, encryption type aes256-cts-hmac-sha1-96 added to keytab WRFILE:/data/om.nm.keytab.
datanode_2  | 2019-11-14 18:31:51,501 INFO impl.RaftServerImpl: 8e58a8f0-1e84-494f-9f99-b1fabc54d7f3@group-6E2C210AF805: changes role from  FOLLOWER to CANDIDATE at term 0 for changeToCandidate
datanode_2  | 2019-11-14 18:31:51,501 INFO impl.RoleInfo: 8e58a8f0-1e84-494f-9f99-b1fabc54d7f3: start LeaderElection
kms_1       | 	at com.sun.jersey.server.impl.uri.rules.ResourceClassRule.accept(ResourceClassRule.java:108)
nm_1        | 2019-11-14 18:32:52 INFO  ContainerImpl:2112 - Container container_1573756297786_0001_01_000002 transitioned from NEW to LOCALIZING
rm_1        | 2019-11-14 18:31:38 INFO  AsyncDispatcher:223 - Registering class org.apache.hadoop.yarn.server.resourcemanager.nodelabels.NodeAttributesStoreEventType for class org.apache.hadoop.yarn.server.resourcemanager.nodelabels.NodeAttributesManagerImpl$ForwardingEventHandler
datanode_1  | 2019-11-14 18:31:51,169 INFO segmented.SegmentedRaftLogWorker: 6c24f6ac-740e-456f-8f0d-8164632facaf@group-79C81B5323E2-SegmentedRaftLogWorker: created new log segment /data/metadata/ratis/2abaa875-c796-4b73-ba87-79c81b5323e2/current/log_inprogress_0
datanode_3  | 2019-11-14 18:31:50,277 INFO server.RaftServerConfigKeys: raft.server.watch.timeout.denomination = 1s (default)
kdc_1       | Entry for principal om/nm@EXAMPLE.COM with kvno 2, encryption type aes128-cts-hmac-sha1-96 added to keytab WRFILE:/data/om.nm.keytab.
datanode_2  | 2019-11-14 18:31:51,527 INFO impl.LeaderElection: 8e58a8f0-1e84-494f-9f99-b1fabc54d7f3@group-6E2C210AF805-LeaderElection2: begin an election at term 1 for -1: [6c24f6ac-740e-456f-8f0d-8164632facaf:172.19.0.3:9858, 769f163e-2cb1-4850-94ce-6683d007ab91:172.19.0.2:9858, 8e58a8f0-1e84-494f-9f99-b1fabc54d7f3:172.19.0.4:9858], old=null
kms_1       | 	at com.sun.jersey.server.impl.uri.rules.RightHandPathRule.accept(RightHandPathRule.java:147)
nm_1        | 2019-11-14 18:32:52 INFO  AuxServices:350 - Got event CONTAINER_INIT for appId application_1573756297786_0001
rm_1        | 2019-11-14 18:31:38 INFO  MultiNodeSortingManager:66 - Starting NodeSortingService=MultiNodeSortingManager
datanode_1  | 2019-11-14 18:31:51,504 INFO impl.FollowerState: 6c24f6ac-740e-456f-8f0d-8164632facaf@group-6E2C210AF805-FollowerState: change to CANDIDATE, lastRpcTime:5189ms, electionTimeout:5189ms
datanode_3  | 2019-11-14 18:31:50,277 INFO server.RaftServerConfigKeys: raft.server.watch.element-limit = 65536 (default)
kdc_1       | Generiting keytab
datanode_2  | 2019-11-14 18:31:51,625 INFO segmented.SegmentedRaftLogWorker: 8e58a8f0-1e84-494f-9f99-b1fabc54d7f3@group-78CA598D1448-SegmentedRaftLogWorker: created new log segment /data/metadata/ratis/63c09798-a67e-4744-bf73-78ca598d1448/current/log_inprogress_0
kms_1       | 	at com.sun.jersey.server.impl.uri.rules.RootResourceClassesRule.accept(RootResourceClassesRule.java:84)
rm_1        | 2019-11-14 18:31:38 INFO  CallQueueManager:84 - Using callQueue: class java.util.concurrent.LinkedBlockingQueue, queueCapacity: 5000, scheduler: class org.apache.hadoop.ipc.DefaultRpcScheduler, ipcBackoff: false.
nm_1        | 2019-11-14 18:32:52 INFO  AuxServices:350 - Got event APPLICATION_INIT for appId application_1573756297786_0001
datanode_1  | 2019-11-14 18:31:51,505 INFO impl.RoleInfo: 6c24f6ac-740e-456f-8f0d-8164632facaf: shutdown FollowerState
datanode_3  | 2019-11-14 18:31:50,285 INFO impl.RoleInfo: 769f163e-2cb1-4850-94ce-6683d007ab91: start LeaderState
kdc_1       | Authenticating as principal admin/admin with keytab /tmp/admin.keytab.
datanode_2  | 2019-11-14 18:31:51,757 INFO impl.LeaderElection: 8e58a8f0-1e84-494f-9f99-b1fabc54d7f3@group-6E2C210AF805-LeaderElection2: Election REJECTED; received 2 response(s) [8e58a8f0-1e84-494f-9f99-b1fabc54d7f3<-769f163e-2cb1-4850-94ce-6683d007ab91#0:FAIL-t1, 8e58a8f0-1e84-494f-9f99-b1fabc54d7f3<-6c24f6ac-740e-456f-8f0d-8164632facaf#0:FAIL-t1] and 0 exception(s); 8e58a8f0-1e84-494f-9f99-b1fabc54d7f3@group-6E2C210AF805:t1, leader=null, voted=8e58a8f0-1e84-494f-9f99-b1fabc54d7f3, raftlog=8e58a8f0-1e84-494f-9f99-b1fabc54d7f3@group-6E2C210AF805-SegmentedRaftLog:OPENED:c-1,f-1,i0, conf=-1: [6c24f6ac-740e-456f-8f0d-8164632facaf:172.19.0.3:9858, 769f163e-2cb1-4850-94ce-6683d007ab91:172.19.0.2:9858, 8e58a8f0-1e84-494f-9f99-b1fabc54d7f3:172.19.0.4:9858], old=null
kms_1       | 	at com.sun.jersey.server.impl.application.WebApplicationImpl._handleRequest(WebApplicationImpl.java:1542)
rm_1        | 2019-11-14 18:31:38 INFO  Server:1074 - Starting Socket Reader #1 for port 8031
nm_1        | 2019-11-14 18:32:52 INFO  AuxServices:354 - Got APPLICATION_INIT for service mapreduce_shuffle
datanode_1  | 2019-11-14 18:31:51,505 INFO impl.RaftServerImpl: 6c24f6ac-740e-456f-8f0d-8164632facaf@group-6E2C210AF805: changes role from  FOLLOWER to CANDIDATE at term 0 for changeToCandidate
datanode_3  | 2019-11-14 18:31:50,304 INFO segmented.SegmentedRaftLogWorker: 769f163e-2cb1-4850-94ce-6683d007ab91@group-671A3CFF122B-SegmentedRaftLogWorker: Starting segment from index:0
kdc_1       | WARNING: no policy specified for dn/rm@EXAMPLE.COM; defaulting to no policy
datanode_2  | 2019-11-14 18:31:51,759 INFO impl.RaftServerImpl: 8e58a8f0-1e84-494f-9f99-b1fabc54d7f3@group-6E2C210AF805: changes role from CANDIDATE to FOLLOWER at term 1 for DISCOVERED_A_NEW_TERM
kms_1       | 	at com.sun.jersey.server.impl.application.WebApplicationImpl._handleRequest(WebApplicationImpl.java:1473)
