scm_1         | 2019-11-05 07:44:21,926 INFO safemode.SCMSafeModeManager: ScmSafeModeManager, all rules are successfully validated
datanode_2    | 2019-11-05 07:44:24,372 INFO server.RaftServerConfigKeys: raft.server.snapshot.auto.trigger.threshold = 10000 (custom)
grafana_1     | t=2019-11-05T07:44:17+0000 lvl=info msg="Executing migration" logger=migrator id="create index IDX_dashboard_provisioning_dashboard_id_name - v2"
datanode_1    | 2019-11-05 07:44:23,100 INFO server.RaftServerConfigKeys: raft.server.snapshot.retention.file.num = 5 (custom)
freon_1       | 2019-11-05 07:44:47,517 [pool-2-thread-9] INFO       - Creating Bucket: vol-1-80635/bucket-8-79814, with Versioning false and Storage Type set to DISK and Encryption set to false 
datanode_3    | 2019-11-05 07:44:23,797 INFO server.RaftServerConfigKeys: raft.server.snapshot.auto.trigger.threshold = 10000 (custom)
datanode_2    | 2019-11-05 07:44:24,373 INFO server.RaftServerConfigKeys: raft.server.snapshot.retention.file.num = 5 (custom)
scm_1         | 2019-11-05 07:44:21,926 INFO safemode.SCMSafeModeManager: SCM exiting safe mode.
om_1          | 2019-11-05 07:44:40,411 [IPC Server handler 2 on 9862] INFO       - created volume:vol-1-47974 for user:hadoop
grafana_1     | t=2019-11-05T07:44:17+0000 lvl=info msg="Executing migration" logger=migrator id="copy dashboard_provisioning v1 to v2"
datanode_1    | 2019-11-05 07:44:23,100 INFO server.RaftServerConfigKeys: raft.server.retrycache.expirytime = 600000ms (custom)
freon_1       | 2019-11-05 07:44:47,518 [pool-2-thread-3] INFO       - Creating Bucket: vol-4-34809/bucket-8-74366, with Versioning false and Storage Type set to DISK and Encryption set to false 
datanode_3    | 2019-11-05 07:44:23,797 INFO server.RaftServerConfigKeys: raft.server.snapshot.retention.file.num = 5 (custom)
datanode_2    | 2019-11-05 07:44:24,373 INFO server.RaftServerConfigKeys: raft.server.retrycache.expirytime = 600000ms (custom)
scm_1         | 2019-11-05 07:44:22,361 INFO net.NetworkTopology: Added a new node: /default-rack/fba5ffe8-6e30-4709-a9d6-b1732d508516
om_1          | 2019-11-05 07:44:40,424 [IPC Server handler 3 on 9862] INFO       - created volume:vol-2-66335 for user:hadoop
grafana_1     | t=2019-11-05T07:44:17+0000 lvl=info msg="Executing migration" logger=migrator id="drop dashboard_provisioning_tmp_qwerty"
datanode_1    | 2019-11-05 07:44:23,137 INFO impl.RaftServerImpl: dc802197-a9d1-4f1c-ab9a-6310c63a562b@group-FC12E7A8B38C: start as a follower, conf=-1: [dc802197-a9d1-4f1c-ab9a-6310c63a562b:172.18.0.6:9858], old=null
freon_1       | 2019-11-05 07:44:47,518 [pool-2-thread-5] INFO       - Creating Bucket: vol-3-06096/bucket-8-98537, with Versioning false and Storage Type set to DISK and Encryption set to false 
datanode_3    | 2019-11-05 07:44:23,798 INFO server.RaftServerConfigKeys: raft.server.retrycache.expirytime = 600000ms (custom)
datanode_2    | 2019-11-05 07:44:24,406 INFO impl.RaftServerImpl: fba5ffe8-6e30-4709-a9d6-b1732d508516@group-090B8CE9B5F7: start as a follower, conf=-1: [fba5ffe8-6e30-4709-a9d6-b1732d508516:172.18.0.9:9858], old=null
scm_1         | 2019-11-05 07:44:22,362 INFO node.SCMNodeManager: Registered Data node : fba5ffe8-6e30-4709-a9d6-b1732d508516{ip: 172.18.0.9, host: ozoneperf_datanode_2.ozoneperf_default, networkLocation: /default-rack, certSerialId: null}
grafana_1     | t=2019-11-05T07:44:17+0000 lvl=info msg="Executing migration" logger=migrator id="Add check_sum column"
datanode_1    | 2019-11-05 07:44:23,138 INFO impl.RaftServerImpl: dc802197-a9d1-4f1c-ab9a-6310c63a562b@group-FC12E7A8B38C: changes role from      null to FOLLOWER at term 0 for startAsFollower
freon_1       | 2019-11-05 07:44:47,519 [pool-2-thread-7] INFO       - Creating Bucket: vol-5-23153/bucket-8-21008, with Versioning false and Storage Type set to DISK and Encryption set to false 
datanode_3    | 2019-11-05 07:44:23,839 INFO impl.RaftServerImpl: 48e92b97-36fb-4833-9185-c4cd3f111a6a@group-DBFA7B164395: start as a follower, conf=-1: [48e92b97-36fb-4833-9185-c4cd3f111a6a:172.18.0.3:9858], old=null
om_1          | 2019-11-05 07:44:40,438 [IPC Server handler 7 on 9862] INFO       - created volume:vol-3-44532 for user:hadoop
datanode_2    | 2019-11-05 07:44:24,407 INFO impl.RaftServerImpl: fba5ffe8-6e30-4709-a9d6-b1732d508516@group-090B8CE9B5F7: changes role from      null to FOLLOWER at term 0 for startAsFollower
scm_1         | 2019-11-05 07:44:22,476 INFO net.NetworkTopology: Added a new node: /default-rack/48e92b97-36fb-4833-9185-c4cd3f111a6a
grafana_1     | t=2019-11-05T07:44:17+0000 lvl=info msg="Executing migration" logger=migrator id="create data_source table"
datanode_1    | 2019-11-05 07:44:23,140 INFO impl.RoleInfo: dc802197-a9d1-4f1c-ab9a-6310c63a562b: start FollowerState
freon_1       | 2019-11-05 07:44:47,519 [pool-2-thread-4] INFO       - Creating Bucket: vol-6-72823/bucket-8-49834, with Versioning false and Storage Type set to DISK and Encryption set to false 
datanode_3    | 2019-11-05 07:44:23,841 INFO impl.RaftServerImpl: 48e92b97-36fb-4833-9185-c4cd3f111a6a@group-DBFA7B164395: changes role from      null to FOLLOWER at term 0 for startAsFollower
datanode_2    | 2019-11-05 07:44:24,408 INFO impl.RoleInfo: fba5ffe8-6e30-4709-a9d6-b1732d508516: start FollowerState
scm_1         | 2019-11-05 07:44:22,476 INFO node.SCMNodeManager: Registered Data node : 48e92b97-36fb-4833-9185-c4cd3f111a6a{ip: 172.18.0.3, host: ozoneperf_datanode_3.ozoneperf_default, networkLocation: /default-rack, certSerialId: null}
grafana_1     | t=2019-11-05T07:44:17+0000 lvl=info msg="Executing migration" logger=migrator id="add index data_source.account_id"
datanode_1    | 2019-11-05 07:44:23,146 INFO util.JmxRegister: Successfully registered JMX Bean with object name Ratis:service=RaftServer,group=group-FC12E7A8B38C,id=dc802197-a9d1-4f1c-ab9a-6310c63a562b
freon_1       | 2019-11-05 07:44:47,519 [pool-2-thread-8] INFO       - Creating Bucket: vol-7-66818/bucket-8-92023, with Versioning false and Storage Type set to DISK and Encryption set to false 
om_1          | 2019-11-05 07:44:40,455 [IPC Server handler 8 on 9862] INFO       - created volume:vol-4-99496 for user:hadoop
datanode_3    | 2019-11-05 07:44:23,842 INFO impl.RoleInfo: 48e92b97-36fb-4833-9185-c4cd3f111a6a: start FollowerState
datanode_2    | 2019-11-05 07:44:24,414 INFO util.JmxRegister: Successfully registered JMX Bean with object name Ratis:service=RaftServer,group=group-090B8CE9B5F7,id=fba5ffe8-6e30-4709-a9d6-b1732d508516
scm_1         | WARNING: An illegal reflective access operation has occurred
grafana_1     | t=2019-11-05T07:44:17+0000 lvl=info msg="Executing migration" logger=migrator id="add unique index data_source.account_id_name"
datanode_1    | 2019-11-05 07:44:23,288 INFO impl.FollowerState: dc802197-a9d1-4f1c-ab9a-6310c63a562b@group-FC12E7A8B38C-FollowerState: change to CANDIDATE, lastRpcTime:148ms, electionTimeout:147ms
freon_1       | 2019-11-05 07:44:47,524 [pool-2-thread-9] INFO       - Creating Bucket: vol-8-17571/bucket-8-92222, with Versioning false and Storage Type set to DISK and Encryption set to false 
om_1          | 2019-11-05 07:44:47,343 [IPC Server handler 8 on 9862] INFO       - created volume:vol-2-02557 for user:hadoop
datanode_2    | 2019-11-05 07:44:24,549 INFO impl.FollowerState: fba5ffe8-6e30-4709-a9d6-b1732d508516@group-090B8CE9B5F7-FollowerState: change to CANDIDATE, lastRpcTime:141ms, electionTimeout:140ms
datanode_3    | 2019-11-05 07:44:23,848 INFO util.JmxRegister: Successfully registered JMX Bean with object name Ratis:service=RaftServer,group=group-DBFA7B164395,id=48e92b97-36fb-4833-9185-c4cd3f111a6a
scm_1         | WARNING: Illegal reflective access by org.apache.ratis.thirdparty.com.google.protobuf.UnsafeUtil (file:/opt/hadoop/share/ozone/lib/ratis-thirdparty-misc-0.2.0.jar) to field java.nio.Buffer.address
grafana_1     | t=2019-11-05T07:44:17+0000 lvl=info msg="Executing migration" logger=migrator id="drop index IDX_data_source_account_id - v1"
datanode_1    | 2019-11-05 07:44:23,291 INFO impl.RoleInfo: dc802197-a9d1-4f1c-ab9a-6310c63a562b: shutdown FollowerState
freon_1       | 2019-11-05 07:44:47,527 [pool-2-thread-1] INFO       - Creating Bucket: vol-9-57205/bucket-8-42596, with Versioning false and Storage Type set to DISK and Encryption set to false 
om_1          | 2019-11-05 07:44:47,344 [IPC Server handler 3 on 9862] INFO       - created volume:vol-9-57205 for user:hadoop
datanode_2    | 2019-11-05 07:44:24,552 INFO impl.RoleInfo: fba5ffe8-6e30-4709-a9d6-b1732d508516: shutdown FollowerState
datanode_3    | 2019-11-05 07:44:24,027 INFO impl.FollowerState: 48e92b97-36fb-4833-9185-c4cd3f111a6a@group-DBFA7B164395-FollowerState: change to CANDIDATE, lastRpcTime:185ms, electionTimeout:184ms
scm_1         | WARNING: Please consider reporting this to the maintainers of org.apache.ratis.thirdparty.com.google.protobuf.UnsafeUtil
grafana_1     | t=2019-11-05T07:44:17+0000 lvl=info msg="Executing migration" logger=migrator id="drop index UQE_data_source_account_id_name - v1"
freon_1       | 2019-11-05 07:44:47,528 [pool-2-thread-6] INFO       - Creating Bucket: vol-0-17526/bucket-9-82769, with Versioning false and Storage Type set to DISK and Encryption set to false 
datanode_1    | 2019-11-05 07:44:23,291 INFO impl.RaftServerImpl: dc802197-a9d1-4f1c-ab9a-6310c63a562b@group-FC12E7A8B38C: changes role from  FOLLOWER to CANDIDATE at term 0 for changeToCandidate
om_1          | 2019-11-05 07:44:47,346 [IPC Server handler 5 on 9862] INFO       - created volume:vol-7-66818 for user:hadoop
datanode_2    | 2019-11-05 07:44:24,553 INFO impl.RaftServerImpl: fba5ffe8-6e30-4709-a9d6-b1732d508516@group-090B8CE9B5F7: changes role from  FOLLOWER to CANDIDATE at term 0 for changeToCandidate
datanode_3    | 2019-11-05 07:44:24,030 INFO impl.RoleInfo: 48e92b97-36fb-4833-9185-c4cd3f111a6a: shutdown FollowerState
scm_1         | WARNING: Use --illegal-access=warn to enable warnings of further illegal reflective access operations
grafana_1     | t=2019-11-05T07:44:17+0000 lvl=info msg="Executing migration" logger=migrator id="Rename table data_source to data_source_v1 - v1"
freon_1       | 2019-11-05 07:44:47,528 [pool-2-thread-10] INFO       - Creating Bucket: vol-1-80635/bucket-9-91582, with Versioning false and Storage Type set to DISK and Encryption set to false 
datanode_1    | 2019-11-05 07:44:23,296 INFO impl.RoleInfo: dc802197-a9d1-4f1c-ab9a-6310c63a562b: start LeaderElection
om_1          | 2019-11-05 07:44:47,348 [IPC Server handler 6 on 9862] INFO       - created volume:vol-1-80635 for user:hadoop
datanode_2    | 2019-11-05 07:44:24,553 INFO impl.RaftServerProxy: fba5ffe8-6e30-4709-a9d6-b1732d508516: addNew group-579AC048EEB4:[fba5ffe8-6e30-4709-a9d6-b1732d508516:172.18.0.9:9858, 48e92b97-36fb-4833-9185-c4cd3f111a6a:172.18.0.3:9858, dc802197-a9d1-4f1c-ab9a-6310c63a562b:172.18.0.6:9858] returns group-579AC048EEB4:java.util.concurrent.CompletableFuture@45f70243[Not completed]
datanode_3    | 2019-11-05 07:44:24,031 INFO impl.RaftServerImpl: 48e92b97-36fb-4833-9185-c4cd3f111a6a@group-DBFA7B164395: changes role from  FOLLOWER to CANDIDATE at term 0 for changeToCandidate
scm_1         | WARNING: All illegal access operations will be denied in a future release
grafana_1     | t=2019-11-05T07:44:17+0000 lvl=info msg="Executing migration" logger=migrator id="create data_source table v2"
freon_1       | 2019-11-05 07:44:47,532 [pool-2-thread-2] INFO       - Creating Bucket: vol-2-02557/bucket-9-10050, with Versioning false and Storage Type set to DISK and Encryption set to false 
datanode_1    | 2019-11-05 07:44:23,311 INFO impl.LeaderElection: dc802197-a9d1-4f1c-ab9a-6310c63a562b@group-FC12E7A8B38C-LeaderElection1: begin an election at term 1 for -1: [dc802197-a9d1-4f1c-ab9a-6310c63a562b:172.18.0.6:9858], old=null
om_1          | 2019-11-05 07:44:47,349 [IPC Server handler 7 on 9862] INFO       - created volume:vol-4-34809 for user:hadoop
datanode_2    | 2019-11-05 07:44:24,557 INFO impl.RoleInfo: fba5ffe8-6e30-4709-a9d6-b1732d508516: start LeaderElection
datanode_3    | 2019-11-05 07:44:24,035 INFO impl.RoleInfo: 48e92b97-36fb-4833-9185-c4cd3f111a6a: start LeaderElection
scm_1         | 2019-11-05 07:44:23,276 INFO pipeline.PipelineStateManager: Created pipeline Pipeline[ Id: 9393c69a-55cb-42fd-a33a-fc12e7a8b38c, Nodes: dc802197-a9d1-4f1c-ab9a-6310c63a562b{ip: 172.18.0.6, host: ozoneperf_datanode_1.ozoneperf_default, networkLocation: /default-rack, certSerialId: null}, Type:RATIS, Factor:ONE, State:OPEN]
grafana_1     | t=2019-11-05T07:44:17+0000 lvl=info msg="Executing migration" logger=migrator id="create index IDX_data_source_org_id - v2"
freon_1       | 2019-11-05 07:44:47,532 [pool-2-thread-8] INFO       - Creating Bucket: vol-3-06096/bucket-9-87942, with Versioning false and Storage Type set to DISK and Encryption set to false 
datanode_1    | 2019-11-05 07:44:23,313 INFO impl.RoleInfo: dc802197-a9d1-4f1c-ab9a-6310c63a562b: shutdown LeaderElection
om_1          | 2019-11-05 07:44:47,349 [IPC Server handler 12 on 9862] INFO       - created volume:vol-5-23153 for user:hadoop
datanode_2    | 2019-11-05 07:44:24,558 INFO impl.RaftServerImpl: fba5ffe8-6e30-4709-a9d6-b1732d508516: new RaftServerImpl for group-579AC048EEB4:[fba5ffe8-6e30-4709-a9d6-b1732d508516:172.18.0.9:9858, 48e92b97-36fb-4833-9185-c4cd3f111a6a:172.18.0.3:9858, dc802197-a9d1-4f1c-ab9a-6310c63a562b:172.18.0.6:9858] with ContainerStateMachine:uninitialized
datanode_3    | 2019-11-05 07:44:24,051 INFO impl.LeaderElection: 48e92b97-36fb-4833-9185-c4cd3f111a6a@group-DBFA7B164395-LeaderElection1: begin an election at term 1 for -1: [48e92b97-36fb-4833-9185-c4cd3f111a6a:172.18.0.3:9858], old=null
scm_1         | 2019-11-05 07:44:23,933 INFO pipeline.PipelineStateManager: Created pipeline Pipeline[ Id: 978519c2-6233-4dd3-8085-dbfa7b164395, Nodes: 48e92b97-36fb-4833-9185-c4cd3f111a6a{ip: 172.18.0.3, host: ozoneperf_datanode_3.ozoneperf_default, networkLocation: /default-rack, certSerialId: null}, Type:RATIS, Factor:ONE, State:OPEN]
freon_1       | 2019-11-05 07:44:47,534 [pool-2-thread-5] INFO       - Creating Bucket: vol-4-34809/bucket-9-94634, with Versioning false and Storage Type set to DISK and Encryption set to false 
grafana_1     | t=2019-11-05T07:44:17+0000 lvl=info msg="Executing migration" logger=migrator id="create index UQE_data_source_org_id_name - v2"
datanode_1    | 2019-11-05 07:44:23,314 INFO impl.RaftServerImpl: dc802197-a9d1-4f1c-ab9a-6310c63a562b@group-FC12E7A8B38C: changes role from CANDIDATE to LEADER at term 1 for changeToLeader
om_1          | 2019-11-05 07:44:47,349 [IPC Server handler 9 on 9862] INFO       - created volume:vol-0-17526 for user:hadoop
datanode_2    | 2019-11-05 07:44:24,558 INFO server.RaftServerConfigKeys: raft.server.rpc.timeout.min = 5s (custom)
datanode_3    | 2019-11-05 07:44:24,052 INFO impl.RoleInfo: 48e92b97-36fb-4833-9185-c4cd3f111a6a: shutdown LeaderElection
scm_1         | 2019-11-05 07:44:24,487 INFO pipeline.PipelineStateManager: Created pipeline Pipeline[ Id: 28f2f7f6-3d9b-48e2-bc50-090b8ce9b5f7, Nodes: fba5ffe8-6e30-4709-a9d6-b1732d508516{ip: 172.18.0.9, host: ozoneperf_datanode_2.ozoneperf_default, networkLocation: /default-rack, certSerialId: null}, Type:RATIS, Factor:ONE, State:OPEN]
freon_1       | 2019-11-05 07:44:47,535 [pool-2-thread-4] INFO       - Creating Bucket: vol-5-23153/bucket-9-26485, with Versioning false and Storage Type set to DISK and Encryption set to false 
grafana_1     | t=2019-11-05T07:44:17+0000 lvl=info msg="Executing migration" logger=migrator id="copy data_source v1 to v2"
datanode_1    | 2019-11-05 07:44:23,314 INFO impl.RaftServerImpl: dc802197-a9d1-4f1c-ab9a-6310c63a562b@group-FC12E7A8B38C: change Leader from null to dc802197-a9d1-4f1c-ab9a-6310c63a562b at term 1 for becomeLeader, leader elected after 295ms
om_1          | 2019-11-05 07:44:47,350 [IPC Server handler 11 on 9862] INFO       - created volume:vol-8-17571 for user:hadoop
datanode_2    | 2019-11-05 07:44:24,559 INFO server.RaftServerConfigKeys: raft.server.rpc.timeout.max = 5200ms (custom)
datanode_3    | 2019-11-05 07:44:24,053 INFO impl.RaftServerImpl: 48e92b97-36fb-4833-9185-c4cd3f111a6a@group-DBFA7B164395: changes role from CANDIDATE to LEADER at term 1 for changeToLeader
scm_1         | 2019-11-05 07:44:24,624 INFO pipeline.PipelineStateManager: Created pipeline Pipeline[ Id: b74fad16-5e1c-4b96-b7db-579ac048eeb4, Nodes: dc802197-a9d1-4f1c-ab9a-6310c63a562b{ip: 172.18.0.6, host: ozoneperf_datanode_1.ozoneperf_default, networkLocation: /default-rack, certSerialId: null}48e92b97-36fb-4833-9185-c4cd3f111a6a{ip: 172.18.0.3, host: ozoneperf_datanode_3.ozoneperf_default, networkLocation: /default-rack, certSerialId: null}fba5ffe8-6e30-4709-a9d6-b1732d508516{ip: 172.18.0.9, host: ozoneperf_datanode_2.ozoneperf_default, networkLocation: /default-rack, certSerialId: null}, Type:RATIS, Factor:THREE, State:OPEN]
freon_1       | 2019-11-05 07:44:47,536 [pool-2-thread-6] INFO       - Creating Bucket: vol-6-72823/bucket-9-11184, with Versioning false and Storage Type set to DISK and Encryption set to false 
grafana_1     | t=2019-11-05T07:44:17+0000 lvl=info msg="Executing migration" logger=migrator id="Drop old table data_source_v1 #2"
om_1          | 2019-11-05 07:44:47,351 [IPC Server handler 10 on 9862] INFO       - created volume:vol-6-72823 for user:hadoop
datanode_3    | 2019-11-05 07:44:24,053 INFO impl.RaftServerImpl: 48e92b97-36fb-4833-9185-c4cd3f111a6a@group-DBFA7B164395: change Leader from null to 48e92b97-36fb-4833-9185-c4cd3f111a6a at term 1 for becomeLeader, leader elected after 349ms
scm_1         | 2019-11-05 07:44:40,761 INFO server.SCMBlockProtocolServer: Allocating 1 blocks of size 268435456, with ExcludeList {datanodes = [], containerIds = [], pipelineIds = []}
freon_1       | 2019-11-05 07:44:47,539 [pool-2-thread-9] INFO       - Creating Bucket: vol-7-66818/bucket-9-94523, with Versioning false and Storage Type set to DISK and Encryption set to false 
grafana_1     | t=2019-11-05T07:44:17+0000 lvl=info msg="Executing migration" logger=migrator id="Add column with_credentials"
om_1          | 2019-11-05 07:44:47,352 [IPC Server handler 13 on 9862] INFO       - created volume:vol-3-06096 for user:hadoop
datanode_2    | 2019-11-05 07:44:24,559 INFO server.RaftServerConfigKeys: raft.server.rpcslowness.timeout = 120s (custom)
datanode_1    | 2019-11-05 07:44:23,319 INFO server.RaftServerConfigKeys: raft.server.staging.catchup.gap = 1000 (default)
datanode_3    | 2019-11-05 07:44:24,059 INFO server.RaftServerConfigKeys: raft.server.staging.catchup.gap = 1000 (default)
scm_1         | 2019-11-05 07:44:40,766 INFO pipeline.PipelineStateManager: Created pipeline Pipeline[ Id: 9a46790e-1eff-4baf-93f5-338fa650eb79, Nodes: dc802197-a9d1-4f1c-ab9a-6310c63a562b{ip: 172.18.0.6, host: ozoneperf_datanode_1.ozoneperf_default, networkLocation: /default-rack, certSerialId: null}, Type:STAND_ALONE, Factor:ONE, State:OPEN]
grafana_1     | t=2019-11-05T07:44:17+0000 lvl=info msg="Executing migration" logger=migrator id="Add secure json data column"
datanode_2    | 2019-11-05 07:44:24,559 INFO server.RaftServerConfigKeys: raft.server.sleep.deviation.threshold = 300 (default)
datanode_1    | 2019-11-05 07:44:23,319 INFO server.RaftServerConfigKeys: raft.server.rpc.sleep.time = 25ms (default)
datanode_3    | 2019-11-05 07:44:24,059 INFO server.RaftServerConfigKeys: raft.server.rpc.sleep.time = 25ms (default)
scm_1         | 2019-11-05 07:44:42,428 INFO server.SCMBlockProtocolServer: Allocating 1 blocks of size 268435456, with ExcludeList {datanodes = [], containerIds = [], pipelineIds = []}
freon_1       | 2019-11-05 07:44:47,541 [pool-2-thread-7] INFO       - Creating Bucket: vol-8-17571/bucket-9-13763, with Versioning false and Storage Type set to DISK and Encryption set to false 
grafana_1     | t=2019-11-05T07:44:17+0000 lvl=info msg="Executing migration" logger=migrator id="Update data_source table charset"
datanode_2    | 2019-11-05 07:44:24,560 INFO server.RaftServerConfigKeys: raft.server.log.appender.install.snapshot.enabled = false (custom)
datanode_1    | 2019-11-05 07:44:23,324 INFO server.RaftServerConfigKeys: raft.server.write.element-limit = 4096 (default)
datanode_3    | 2019-11-05 07:44:24,063 INFO server.RaftServerConfigKeys: raft.server.write.element-limit = 4096 (default)
scm_1         | 2019-11-05 07:44:42,562 INFO server.SCMBlockProtocolServer: Allocating 1 blocks of size 268435456, with ExcludeList {datanodes = [], containerIds = [], pipelineIds = []}
freon_1       | 2019-11-05 07:44:47,542 [pool-2-thread-3] INFO       - Creating Bucket: vol-9-57205/bucket-9-06603, with Versioning false and Storage Type set to DISK and Encryption set to false 
grafana_1     | t=2019-11-05T07:44:17+0000 lvl=info msg="Executing migration" logger=migrator id="Update initial version to 1"
datanode_1    | 2019-11-05 07:44:23,328 INFO server.RaftServerConfigKeys: raft.server.watch.timeout = 10s (default)
datanode_3    | 2019-11-05 07:44:24,067 INFO server.RaftServerConfigKeys: raft.server.watch.timeout = 10s (default)
datanode_2    | 2019-11-05 07:44:24,560 INFO impl.RaftServerImpl: fba5ffe8-6e30-4709-a9d6-b1732d508516@group-579AC048EEB4: ConfigurationManager, init=-1: [fba5ffe8-6e30-4709-a9d6-b1732d508516:172.18.0.9:9858, 48e92b97-36fb-4833-9185-c4cd3f111a6a:172.18.0.3:9858, dc802197-a9d1-4f1c-ab9a-6310c63a562b:172.18.0.6:9858], old=null, confs=<EMPTY_MAP>
scm_1         | 2019-11-05 07:44:42,697 INFO server.SCMBlockProtocolServer: Allocating 1 blocks of size 268435456, with ExcludeList {datanodes = [], containerIds = [], pipelineIds = []}
freon_1       | 2019-11-05 07:44:47,543 [pool-2-thread-1] INFO       - Creating Bucket: vol-0-17526/bucket-10-23418, with Versioning false and Storage Type set to DISK and Encryption set to false 
grafana_1     | t=2019-11-05T07:44:17+0000 lvl=info msg="Executing migration" logger=migrator id="Add read_only data column"
datanode_3    | 2019-11-05 07:44:24,067 INFO server.RaftServerConfigKeys: raft.server.watch.timeout.denomination = 1s (default)
datanode_1    | 2019-11-05 07:44:23,328 INFO server.RaftServerConfigKeys: raft.server.watch.timeout.denomination = 1s (default)
datanode_2    | 2019-11-05 07:44:24,560 INFO server.RaftServerConfigKeys: raft.server.storage.dir = [/data/metadata/ratis] (custom)
scm_1         | 2019-11-05 07:44:42,751 INFO server.SCMBlockProtocolServer: Allocating 1 blocks of size 268435456, with ExcludeList {datanodes = [], containerIds = [], pipelineIds = []}
freon_1       | 2019-11-05 07:44:47,544 [pool-2-thread-10] INFO       - Creating Bucket: vol-1-80635/bucket-10-85815, with Versioning false and Storage Type set to DISK and Encryption set to false 
grafana_1     | t=2019-11-05T07:44:17+0000 lvl=info msg="Executing migration" logger=migrator id="Migrate logging ds to loki ds"
datanode_1    | 2019-11-05 07:44:23,329 INFO server.RaftServerConfigKeys: raft.server.watch.element-limit = 65536 (default)
datanode_3    | 2019-11-05 07:44:24,068 INFO server.RaftServerConfigKeys: raft.server.watch.element-limit = 65536 (default)
datanode_2    | 2019-11-05 07:44:24,561 INFO server.RaftServerConfigKeys: raft.server.log.corruption.policy = EXCEPTION (default)
scm_1         | 2019-11-05 07:44:42,809 INFO server.SCMBlockProtocolServer: Allocating 1 blocks of size 268435456, with ExcludeList {datanodes = [], containerIds = [], pipelineIds = []}
freon_1       | 2019-11-05 07:44:47,545 [pool-2-thread-2] INFO       - Creating Bucket: vol-2-02557/bucket-10-65794, with Versioning false and Storage Type set to DISK and Encryption set to false 
grafana_1     | t=2019-11-05T07:44:17+0000 lvl=info msg="Executing migration" logger=migrator id="Update json_data with nulls"
datanode_1    | 2019-11-05 07:44:23,349 INFO impl.RoleInfo: dc802197-a9d1-4f1c-ab9a-6310c63a562b: start LeaderState
datanode_2    | 2019-11-05 07:44:24,561 INFO storage.RaftStorageDirectory: The storage directory /data/metadata/ratis/b74fad16-5e1c-4b96-b7db-579ac048eeb4 does not exist. Creating ...
datanode_3    | 2019-11-05 07:44:24,083 INFO impl.RoleInfo: 48e92b97-36fb-4833-9185-c4cd3f111a6a: start LeaderState
scm_1         | 2019-11-05 07:44:42,868 INFO server.SCMBlockProtocolServer: Allocating 1 blocks of size 268435456, with ExcludeList {datanodes = [], containerIds = [], pipelineIds = []}
freon_1       | 2019-11-05 07:44:47,547 [pool-2-thread-8] INFO       - Creating Bucket: vol-3-06096/bucket-10-05264, with Versioning false and Storage Type set to DISK and Encryption set to false 
grafana_1     | t=2019-11-05T07:44:17+0000 lvl=info msg="Executing migration" logger=migrator id="create api_key table"
datanode_1    | 2019-11-05 07:44:23,374 INFO segmented.SegmentedRaftLogWorker: dc802197-a9d1-4f1c-ab9a-6310c63a562b@group-FC12E7A8B38C-SegmentedRaftLogWorker: Starting segment from index:0
datanode_2    | 2019-11-05 07:44:24,575 INFO storage.RaftStorageDirectory: Lock on /data/metadata/ratis/b74fad16-5e1c-4b96-b7db-579ac048eeb4/in_use.lock acquired by nodename 7@b76bd08aa51e
datanode_3    | 2019-11-05 07:44:24,103 INFO segmented.SegmentedRaftLogWorker: 48e92b97-36fb-4833-9185-c4cd3f111a6a@group-DBFA7B164395-SegmentedRaftLogWorker: Starting segment from index:0
freon_1       | 2019-11-05 07:44:47,547 [pool-2-thread-4] INFO       - Creating Bucket: vol-4-34809/bucket-10-74365, with Versioning false and Storage Type set to DISK and Encryption set to false 
scm_1         | 2019-11-05 07:44:42,913 INFO server.SCMBlockProtocolServer: Allocating 1 blocks of size 268435456, with ExcludeList {datanodes = [], containerIds = [], pipelineIds = []}
grafana_1     | t=2019-11-05T07:44:17+0000 lvl=info msg="Executing migration" logger=migrator id="add index api_key.account_id"
datanode_1    | 2019-11-05 07:44:23,385 INFO impl.RaftServerImpl: dc802197-a9d1-4f1c-ab9a-6310c63a562b@group-FC12E7A8B38C: set configuration 0: [dc802197-a9d1-4f1c-ab9a-6310c63a562b:172.18.0.6:9858], old=null at 0
datanode_2    | 2019-11-05 07:44:24,576 INFO impl.LeaderElection: fba5ffe8-6e30-4709-a9d6-b1732d508516@group-090B8CE9B5F7-LeaderElection1: begin an election at term 1 for -1: [fba5ffe8-6e30-4709-a9d6-b1732d508516:172.18.0.9:9858], old=null
datanode_3    | 2019-11-05 07:44:24,112 INFO impl.RaftServerImpl: 48e92b97-36fb-4833-9185-c4cd3f111a6a@group-DBFA7B164395: set configuration 0: [48e92b97-36fb-4833-9185-c4cd3f111a6a:172.18.0.3:9858], old=null at 0
freon_1       | 2019-11-05 07:44:47,548 [pool-2-thread-9] INFO       - Creating Bucket: vol-5-23153/bucket-10-49469, with Versioning false and Storage Type set to DISK and Encryption set to false 
scm_1         | 2019-11-05 07:44:42,970 INFO server.SCMBlockProtocolServer: Allocating 1 blocks of size 268435456, with ExcludeList {datanodes = [], containerIds = [], pipelineIds = []}
grafana_1     | t=2019-11-05T07:44:17+0000 lvl=info msg="Executing migration" logger=migrator id="add index api_key.key"
datanode_1    | 2019-11-05 07:44:23,535 INFO segmented.SegmentedRaftLogWorker: dc802197-a9d1-4f1c-ab9a-6310c63a562b@group-FC12E7A8B38C-SegmentedRaftLogWorker: created new log segment /data/metadata/ratis/9393c69a-55cb-42fd-a33a-fc12e7a8b38c/current/log_inprogress_0
datanode_2    | 2019-11-05 07:44:24,577 INFO impl.RoleInfo: fba5ffe8-6e30-4709-a9d6-b1732d508516: shutdown LeaderElection
datanode_3    | 2019-11-05 07:44:24,241 INFO segmented.SegmentedRaftLogWorker: 48e92b97-36fb-4833-9185-c4cd3f111a6a@group-DBFA7B164395-SegmentedRaftLogWorker: created new log segment /data/metadata/ratis/978519c2-6233-4dd3-8085-dbfa7b164395/current/log_inprogress_0
freon_1       | 2019-11-05 07:44:47,548 [pool-2-thread-7] INFO       - Creating Bucket: vol-6-72823/bucket-10-11534, with Versioning false and Storage Type set to DISK and Encryption set to false 
scm_1         | 2019-11-05 07:44:43,020 INFO server.SCMBlockProtocolServer: Allocating 1 blocks of size 268435456, with ExcludeList {datanodes = [], containerIds = [], pipelineIds = []}
grafana_1     | t=2019-11-05T07:44:18+0000 lvl=info msg="Executing migration" logger=migrator id="add index api_key.account_id_name"
datanode_1    | 2019-11-05 07:44:24,548 INFO impl.RaftServerProxy: dc802197-a9d1-4f1c-ab9a-6310c63a562b: addNew group-579AC048EEB4:[fba5ffe8-6e30-4709-a9d6-b1732d508516:172.18.0.9:9858, 48e92b97-36fb-4833-9185-c4cd3f111a6a:172.18.0.3:9858, dc802197-a9d1-4f1c-ab9a-6310c63a562b:172.18.0.6:9858] returns group-579AC048EEB4:java.util.concurrent.CompletableFuture@74ac4b9a[Not completed]
datanode_2    | 2019-11-05 07:44:24,578 INFO impl.RaftServerImpl: fba5ffe8-6e30-4709-a9d6-b1732d508516@group-090B8CE9B5F7: changes role from CANDIDATE to LEADER at term 1 for changeToLeader
datanode_3    | 2019-11-05 07:44:24,530 INFO impl.RaftServerProxy: 48e92b97-36fb-4833-9185-c4cd3f111a6a: addNew group-579AC048EEB4:[fba5ffe8-6e30-4709-a9d6-b1732d508516:172.18.0.9:9858, 48e92b97-36fb-4833-9185-c4cd3f111a6a:172.18.0.3:9858, dc802197-a9d1-4f1c-ab9a-6310c63a562b:172.18.0.6:9858] returns group-579AC048EEB4:java.util.concurrent.CompletableFuture@3fc17fae[Not completed]
freon_1       | 2019-11-05 07:44:47,548 [pool-2-thread-5] INFO       - Creating Bucket: vol-7-66818/bucket-10-64193, with Versioning false and Storage Type set to DISK and Encryption set to false 
scm_1         | 2019-11-05 07:44:43,073 INFO server.SCMBlockProtocolServer: Allocating 1 blocks of size 268435456, with ExcludeList {datanodes = [], containerIds = [], pipelineIds = []}
grafana_1     | t=2019-11-05T07:44:18+0000 lvl=info msg="Executing migration" logger=migrator id="drop index IDX_api_key_account_id - v1"
datanode_1    | 2019-11-05 07:44:24,553 INFO impl.RaftServerImpl: dc802197-a9d1-4f1c-ab9a-6310c63a562b: new RaftServerImpl for group-579AC048EEB4:[fba5ffe8-6e30-4709-a9d6-b1732d508516:172.18.0.9:9858, 48e92b97-36fb-4833-9185-c4cd3f111a6a:172.18.0.3:9858, dc802197-a9d1-4f1c-ab9a-6310c63a562b:172.18.0.6:9858] with ContainerStateMachine:uninitialized
datanode_2    | 2019-11-05 07:44:24,578 INFO impl.RaftServerImpl: fba5ffe8-6e30-4709-a9d6-b1732d508516@group-090B8CE9B5F7: change Leader from null to fba5ffe8-6e30-4709-a9d6-b1732d508516 at term 1 for becomeLeader, leader elected after 294ms
datanode_3    | 2019-11-05 07:44:24,532 INFO impl.RaftServerImpl: 48e92b97-36fb-4833-9185-c4cd3f111a6a: new RaftServerImpl for group-579AC048EEB4:[fba5ffe8-6e30-4709-a9d6-b1732d508516:172.18.0.9:9858, 48e92b97-36fb-4833-9185-c4cd3f111a6a:172.18.0.3:9858, dc802197-a9d1-4f1c-ab9a-6310c63a562b:172.18.0.6:9858] with ContainerStateMachine:uninitialized
freon_1       | 2019-11-05 07:44:47,549 [pool-2-thread-6] INFO       - Creating Bucket: vol-8-17571/bucket-10-65908, with Versioning false and Storage Type set to DISK and Encryption set to false 
scm_1         | 2019-11-05 07:44:43,120 INFO server.SCMBlockProtocolServer: Allocating 1 blocks of size 268435456, with ExcludeList {datanodes = [], containerIds = [], pipelineIds = []}
grafana_1     | t=2019-11-05T07:44:18+0000 lvl=info msg="Executing migration" logger=migrator id="drop index UQE_api_key_key - v1"
datanode_1    | 2019-11-05 07:44:24,553 INFO server.RaftServerConfigKeys: raft.server.rpc.timeout.min = 5s (custom)
datanode_2    | 2019-11-05 07:44:24,582 INFO server.RaftServerConfigKeys: raft.server.staging.catchup.gap = 1000 (default)
datanode_3    | 2019-11-05 07:44:24,533 INFO server.RaftServerConfigKeys: raft.server.rpc.timeout.min = 5s (custom)
freon_1       | 2019-11-05 07:44:47,554 [pool-2-thread-3] INFO       - Creating Bucket: vol-9-57205/bucket-10-85382, with Versioning false and Storage Type set to DISK and Encryption set to false 
scm_1         | 2019-11-05 07:44:43,163 INFO server.SCMBlockProtocolServer: Allocating 1 blocks of size 268435456, with ExcludeList {datanodes = [], containerIds = [], pipelineIds = []}
grafana_1     | t=2019-11-05T07:44:18+0000 lvl=info msg="Executing migration" logger=migrator id="drop index UQE_api_key_account_id_name - v1"
datanode_2    | 2019-11-05 07:44:24,583 INFO server.RaftServerConfigKeys: raft.server.rpc.sleep.time = 25ms (default)
datanode_1    | 2019-11-05 07:44:24,553 INFO server.RaftServerConfigKeys: raft.server.rpc.timeout.max = 5200ms (custom)
datanode_3    | 2019-11-05 07:44:24,533 INFO server.RaftServerConfigKeys: raft.server.rpc.timeout.max = 5200ms (custom)
freon_1       | 2019-11-05 07:44:47,554 [pool-2-thread-1] INFO       - Creating Bucket: vol-0-17526/bucket-11-08861, with Versioning false and Storage Type set to DISK and Encryption set to false 
scm_1         | 2019-11-05 07:44:43,209 INFO server.SCMBlockProtocolServer: Allocating 1 blocks of size 268435456, with ExcludeList {datanodes = [], containerIds = [], pipelineIds = []}
grafana_1     | t=2019-11-05T07:44:18+0000 lvl=info msg="Executing migration" logger=migrator id="Rename table api_key to api_key_v1 - v1"
datanode_2    | 2019-11-05 07:44:24,586 INFO server.RaftServerConfigKeys: raft.server.write.element-limit = 4096 (default)
datanode_1    | 2019-11-05 07:44:24,553 INFO server.RaftServerConfigKeys: raft.server.rpcslowness.timeout = 120s (custom)
datanode_3    | 2019-11-05 07:44:24,533 INFO server.RaftServerConfigKeys: raft.server.rpcslowness.timeout = 120s (custom)
freon_1       | 2019-11-05 07:44:47,555 [pool-2-thread-7] INFO       - Creating Bucket: vol-1-80635/bucket-11-69053, with Versioning false and Storage Type set to DISK and Encryption set to false 
scm_1         | 2019-11-05 07:44:43,256 INFO server.SCMBlockProtocolServer: Allocating 1 blocks of size 268435456, with ExcludeList {datanodes = [], containerIds = [], pipelineIds = []}
grafana_1     | t=2019-11-05T07:44:18+0000 lvl=info msg="Executing migration" logger=migrator id="create api_key table v2"
datanode_2    | 2019-11-05 07:44:24,589 INFO server.RaftServerConfigKeys: raft.server.watch.timeout = 10s (default)
datanode_1    | 2019-11-05 07:44:24,553 INFO server.RaftServerConfigKeys: raft.server.sleep.deviation.threshold = 300 (default)
datanode_3    | 2019-11-05 07:44:24,533 INFO server.RaftServerConfigKeys: raft.server.sleep.deviation.threshold = 300 (default)
freon_1       | 2019-11-05 07:44:47,556 [pool-2-thread-8] INFO       - Creating Bucket: vol-2-02557/bucket-11-15467, with Versioning false and Storage Type set to DISK and Encryption set to false 
scm_1         | 2019-11-05 07:44:43,313 INFO server.SCMBlockProtocolServer: Allocating 1 blocks of size 268435456, with ExcludeList {datanodes = [], containerIds = [], pipelineIds = []}
grafana_1     | t=2019-11-05T07:44:18+0000 lvl=info msg="Executing migration" logger=migrator id="create index IDX_api_key_org_id - v2"
datanode_2    | 2019-11-05 07:44:24,589 INFO server.RaftServerConfigKeys: raft.server.watch.timeout.denomination = 1s (default)
datanode_1    | 2019-11-05 07:44:24,554 INFO server.RaftServerConfigKeys: raft.server.log.appender.install.snapshot.enabled = false (custom)
freon_1       | 2019-11-05 07:44:47,557 [pool-2-thread-4] INFO       - Creating Bucket: vol-3-06096/bucket-11-03547, with Versioning false and Storage Type set to DISK and Encryption set to false 
datanode_3    | 2019-11-05 07:44:24,533 INFO server.RaftServerConfigKeys: raft.server.log.appender.install.snapshot.enabled = false (custom)
scm_1         | 2019-11-05 07:44:43,366 INFO server.SCMBlockProtocolServer: Allocating 1 blocks of size 268435456, with ExcludeList {datanodes = [], containerIds = [], pipelineIds = []}
grafana_1     | t=2019-11-05T07:44:18+0000 lvl=info msg="Executing migration" logger=migrator id="create index UQE_api_key_key - v2"
datanode_2    | 2019-11-05 07:44:24,590 INFO server.RaftServerConfigKeys: raft.server.watch.element-limit = 65536 (default)
datanode_1    | 2019-11-05 07:44:24,554 INFO impl.RaftServerImpl: dc802197-a9d1-4f1c-ab9a-6310c63a562b@group-579AC048EEB4: ConfigurationManager, init=-1: [fba5ffe8-6e30-4709-a9d6-b1732d508516:172.18.0.9:9858, 48e92b97-36fb-4833-9185-c4cd3f111a6a:172.18.0.3:9858, dc802197-a9d1-4f1c-ab9a-6310c63a562b:172.18.0.6:9858], old=null, confs=<EMPTY_MAP>
freon_1       | 2019-11-05 07:44:47,558 [pool-2-thread-10] INFO       - Creating Bucket: vol-4-34809/bucket-11-45357, with Versioning false and Storage Type set to DISK and Encryption set to false 
datanode_3    | 2019-11-05 07:44:24,533 INFO impl.RaftServerImpl: 48e92b97-36fb-4833-9185-c4cd3f111a6a@group-579AC048EEB4: ConfigurationManager, init=-1: [fba5ffe8-6e30-4709-a9d6-b1732d508516:172.18.0.9:9858, 48e92b97-36fb-4833-9185-c4cd3f111a6a:172.18.0.3:9858, dc802197-a9d1-4f1c-ab9a-6310c63a562b:172.18.0.6:9858], old=null, confs=<EMPTY_MAP>
scm_1         | 2019-11-05 07:44:43,414 INFO server.SCMBlockProtocolServer: Allocating 1 blocks of size 268435456, with ExcludeList {datanodes = [], containerIds = [], pipelineIds = []}
grafana_1     | t=2019-11-05T07:44:18+0000 lvl=info msg="Executing migration" logger=migrator id="create index UQE_api_key_org_id_name - v2"
datanode_2    | 2019-11-05 07:44:24,598 INFO storage.RaftStorage: Storage directory /data/metadata/ratis/b74fad16-5e1c-4b96-b7db-579ac048eeb4 has been successfully formatted.
datanode_1    | 2019-11-05 07:44:24,554 INFO server.RaftServerConfigKeys: raft.server.storage.dir = [/data/metadata/ratis] (custom)
freon_1       | 2019-11-05 07:44:47,558 [pool-2-thread-2] INFO       - Creating Bucket: vol-5-23153/bucket-11-16952, with Versioning false and Storage Type set to DISK and Encryption set to false 
datanode_3    | 2019-11-05 07:44:24,534 INFO server.RaftServerConfigKeys: raft.server.storage.dir = [/data/metadata/ratis] (custom)
scm_1         | 2019-11-05 07:44:43,461 INFO server.SCMBlockProtocolServer: Allocating 1 blocks of size 268435456, with ExcludeList {datanodes = [], containerIds = [], pipelineIds = []}
grafana_1     | t=2019-11-05T07:44:18+0000 lvl=info msg="Executing migration" logger=migrator id="copy api_key v1 to v2"
datanode_2    | 2019-11-05 07:44:24,599 [pool-8-thread-1] INFO       - group-579AC048EEB4: The snapshot info is null. Setting the last applied indexto:(t:0, i:~)
datanode_1    | 2019-11-05 07:44:24,555 INFO server.RaftServerConfigKeys: raft.server.log.corruption.policy = EXCEPTION (default)
freon_1       | 2019-11-05 07:44:47,560 [pool-2-thread-9] INFO       - Creating Bucket: vol-6-72823/bucket-11-48614, with Versioning false and Storage Type set to DISK and Encryption set to false 
datanode_3    | 2019-11-05 07:44:24,534 INFO server.RaftServerConfigKeys: raft.server.log.corruption.policy = EXCEPTION (default)
scm_1         | 2019-11-05 07:44:43,503 INFO server.SCMBlockProtocolServer: Allocating 1 blocks of size 268435456, with ExcludeList {datanodes = [], containerIds = [], pipelineIds = []}
grafana_1     | t=2019-11-05T07:44:18+0000 lvl=info msg="Executing migration" logger=migrator id="Drop old table api_key_v1"
datanode_2    | 2019-11-05 07:44:24,599 INFO server.RaftServerConfigKeys: raft.server.notification.no-leader.timeout = 120s (custom)
freon_1       | 2019-11-05 07:44:47,561 [pool-2-thread-3] INFO       - Creating Bucket: vol-7-66818/bucket-11-70895, with Versioning false and Storage Type set to DISK and Encryption set to false 
datanode_1    | 2019-11-05 07:44:24,555 INFO storage.RaftStorageDirectory: The storage directory /data/metadata/ratis/b74fad16-5e1c-4b96-b7db-579ac048eeb4 does not exist. Creating ...
datanode_3    | 2019-11-05 07:44:24,534 INFO storage.RaftStorageDirectory: The storage directory /data/metadata/ratis/b74fad16-5e1c-4b96-b7db-579ac048eeb4 does not exist. Creating ...
scm_1         | 2019-11-05 07:44:43,543 INFO server.SCMBlockProtocolServer: Allocating 1 blocks of size 268435456, with ExcludeList {datanodes = [], containerIds = [], pipelineIds = []}
grafana_1     | t=2019-11-05T07:44:18+0000 lvl=info msg="Executing migration" logger=migrator id="Update api_key table charset"
datanode_2    | 2019-11-05 07:44:24,600 INFO server.RaftServerConfigKeys: raft.server.log.use.memory = false (default)
freon_1       | 2019-11-05 07:44:47,562 [pool-2-thread-6] INFO       - Creating Bucket: vol-8-17571/bucket-11-60845, with Versioning false and Storage Type set to DISK and Encryption set to false 
datanode_1    | 2019-11-05 07:44:24,574 INFO storage.RaftStorageDirectory: Lock on /data/metadata/ratis/b74fad16-5e1c-4b96-b7db-579ac048eeb4/in_use.lock acquired by nodename 7@4ad431ca9c61
datanode_3    | 2019-11-05 07:44:24,548 INFO storage.RaftStorageDirectory: Lock on /data/metadata/ratis/b74fad16-5e1c-4b96-b7db-579ac048eeb4/in_use.lock acquired by nodename 7@7364a901cf9f
scm_1         | 2019-11-05 07:44:43,591 INFO server.SCMBlockProtocolServer: Allocating 1 blocks of size 268435456, with ExcludeList {datanodes = [], containerIds = [], pipelineIds = []}
grafana_1     | t=2019-11-05T07:44:18+0000 lvl=info msg="Executing migration" logger=migrator id="Add expires to api_key table"
datanode_2    | 2019-11-05 07:44:24,600 INFO server.RaftServerConfigKeys: raft.server.log.purge.gap = 1000000 (custom)
datanode_1    | 2019-11-05 07:44:24,598 INFO storage.RaftStorage: Storage directory /data/metadata/ratis/b74fad16-5e1c-4b96-b7db-579ac048eeb4 has been successfully formatted.
datanode_3    | 2019-11-05 07:44:24,575 INFO storage.RaftStorage: Storage directory /data/metadata/ratis/b74fad16-5e1c-4b96-b7db-579ac048eeb4 has been successfully formatted.
freon_1       | 2019-11-05 07:44:47,564 [pool-2-thread-5] INFO       - Creating Bucket: vol-9-57205/bucket-11-23899, with Versioning false and Storage Type set to DISK and Encryption set to false 
scm_1         | 2019-11-05 07:44:43,636 INFO server.SCMBlockProtocolServer: Allocating 1 blocks of size 268435456, with ExcludeList {datanodes = [], containerIds = [], pipelineIds = []}
grafana_1     | t=2019-11-05T07:44:18+0000 lvl=info msg="Executing migration" logger=migrator id="create dashboard_snapshot table v4"
datanode_2    | 2019-11-05 07:44:24,600 INFO server.RaftServerConfigKeys: raft.server.log.appender.buffer.byte-limit = 33554432 (custom)
datanode_1    | 2019-11-05 07:44:24,598 [pool-8-thread-1] INFO       - group-579AC048EEB4: The snapshot info is null. Setting the last applied indexto:(t:0, i:~)
datanode_3    | 2019-11-05 07:44:24,575 [pool-8-thread-1] INFO       - group-579AC048EEB4: The snapshot info is null. Setting the last applied indexto:(t:0, i:~)
freon_1       | 2019-11-05 07:44:47,568 [pool-2-thread-7] INFO       - Creating Bucket: vol-1-80635/bucket-12-54073, with Versioning false and Storage Type set to DISK and Encryption set to false 
datanode_2    | 2019-11-05 07:44:24,600 INFO server.RaftServerConfigKeys: raft.server.log.segment.size.max = 1048576 (custom)
grafana_1     | t=2019-11-05T07:44:18+0000 lvl=info msg="Executing migration" logger=migrator id="drop table dashboard_snapshot_v4 #1"
scm_1         | 2019-11-05 07:44:43,676 INFO server.SCMBlockProtocolServer: Allocating 1 blocks of size 268435456, with ExcludeList {datanodes = [], containerIds = [], pipelineIds = []}
datanode_1    | 2019-11-05 07:44:24,599 INFO server.RaftServerConfigKeys: raft.server.notification.no-leader.timeout = 120s (custom)
datanode_3    | 2019-11-05 07:44:24,576 INFO server.RaftServerConfigKeys: raft.server.notification.no-leader.timeout = 120s (custom)
freon_1       | 2019-11-05 07:44:47,569 [pool-2-thread-1] INFO       - Creating Bucket: vol-3-06096/bucket-12-27784, with Versioning false and Storage Type set to DISK and Encryption set to false 
datanode_2    | 2019-11-05 07:44:24,601 INFO server.RaftServerConfigKeys: raft.server.log.segment.cache.num.max = 2 (custom)
grafana_1     | t=2019-11-05T07:44:18+0000 lvl=info msg="Executing migration" logger=migrator id="create dashboard_snapshot table v5 #2"
scm_1         | 2019-11-05 07:44:43,722 INFO server.SCMBlockProtocolServer: Allocating 1 blocks of size 268435456, with ExcludeList {datanodes = [], containerIds = [], pipelineIds = []}
datanode_1    | 2019-11-05 07:44:24,599 INFO server.RaftServerConfigKeys: raft.server.log.use.memory = false (default)
datanode_3    | 2019-11-05 07:44:24,576 INFO server.RaftServerConfigKeys: raft.server.log.use.memory = false (default)
freon_1       | 2019-11-05 07:44:47,569 [pool-2-thread-8] INFO       - Creating Bucket: vol-0-17526/bucket-12-70927, with Versioning false and Storage Type set to DISK and Encryption set to false 
datanode_2    | 2019-11-05 07:44:24,601 INFO segmented.SegmentedRaftLogWorker: new fba5ffe8-6e30-4709-a9d6-b1732d508516@group-579AC048EEB4-SegmentedRaftLogWorker for RaftStorage:Storage Directory /data/metadata/ratis/b74fad16-5e1c-4b96-b7db-579ac048eeb4
grafana_1     | t=2019-11-05T07:44:18+0000 lvl=info msg="Executing migration" logger=migrator id="create index UQE_dashboard_snapshot_key - v5"
datanode_1    | 2019-11-05 07:44:24,599 INFO server.RaftServerConfigKeys: raft.server.log.purge.gap = 1000000 (custom)
scm_1         | 2019-11-05 07:44:43,777 INFO server.SCMBlockProtocolServer: Allocating 1 blocks of size 268435456, with ExcludeList {datanodes = [], containerIds = [], pipelineIds = []}
datanode_3    | 2019-11-05 07:44:24,576 INFO server.RaftServerConfigKeys: raft.server.log.purge.gap = 1000000 (custom)
freon_1       | 2019-11-05 07:44:47,568 [pool-2-thread-3] INFO       - Creating Bucket: vol-2-02557/bucket-12-28626, with Versioning false and Storage Type set to DISK and Encryption set to false 
datanode_2    | 2019-11-05 07:44:24,601 INFO server.RaftServerConfigKeys: raft.server.log.queue.byte-limit = 2147483647 (custom)
grafana_1     | t=2019-11-05T07:44:18+0000 lvl=info msg="Executing migration" logger=migrator id="create index UQE_dashboard_snapshot_delete_key - v5"
datanode_1    | 2019-11-05 07:44:24,599 INFO server.RaftServerConfigKeys: raft.server.log.appender.buffer.byte-limit = 33554432 (custom)
scm_1         | 2019-11-05 07:44:43,831 INFO server.SCMBlockProtocolServer: Allocating 1 blocks of size 268435456, with ExcludeList {datanodes = [], containerIds = [], pipelineIds = []}
datanode_3    | 2019-11-05 07:44:24,576 INFO server.RaftServerConfigKeys: raft.server.log.appender.buffer.byte-limit = 33554432 (custom)
freon_1       | 2019-11-05 07:44:47,570 [pool-2-thread-9] INFO       - Creating Bucket: vol-4-34809/bucket-12-40990, with Versioning false and Storage Type set to DISK and Encryption set to false 
grafana_1     | t=2019-11-05T07:44:18+0000 lvl=info msg="Executing migration" logger=migrator id="create index IDX_dashboard_snapshot_user_id - v5"
datanode_1    | 2019-11-05 07:44:24,600 INFO server.RaftServerConfigKeys: raft.server.log.segment.size.max = 1048576 (custom)
scm_1         | 2019-11-05 07:44:43,877 INFO server.SCMBlockProtocolServer: Allocating 1 blocks of size 268435456, with ExcludeList {datanodes = [], containerIds = [], pipelineIds = []}
datanode_3    | 2019-11-05 07:44:24,577 INFO server.RaftServerConfigKeys: raft.server.log.segment.size.max = 1048576 (custom)
datanode_2    | 2019-11-05 07:44:24,601 INFO server.RaftServerConfigKeys: raft.server.log.queue.element-limit = 1024 (custom)
freon_1       | 2019-11-05 07:44:47,571 [pool-2-thread-4] INFO       - Creating Bucket: vol-5-23153/bucket-12-92043, with Versioning false and Storage Type set to DISK and Encryption set to false 
grafana_1     | t=2019-11-05T07:44:18+0000 lvl=info msg="Executing migration" logger=migrator id="alter dashboard_snapshot to mediumtext v2"
datanode_1    | 2019-11-05 07:44:24,600 INFO server.RaftServerConfigKeys: raft.server.log.segment.cache.num.max = 2 (custom)
scm_1         | 2019-11-05 07:44:43,931 INFO server.SCMBlockProtocolServer: Allocating 1 blocks of size 268435456, with ExcludeList {datanodes = [], containerIds = [], pipelineIds = []}
datanode_3    | 2019-11-05 07:44:24,577 INFO server.RaftServerConfigKeys: raft.server.log.segment.cache.num.max = 2 (custom)
datanode_2    | 2019-11-05 07:44:24,601 INFO server.RaftServerConfigKeys: raft.server.log.segment.size.max = 1048576 (custom)
freon_1       | 2019-11-05 07:44:47,571 [pool-2-thread-2] INFO       - Creating Bucket: vol-6-72823/bucket-12-23154, with Versioning false and Storage Type set to DISK and Encryption set to false 
grafana_1     | t=2019-11-05T07:44:18+0000 lvl=info msg="Executing migration" logger=migrator id="Update dashboard_snapshot table charset"
datanode_1    | 2019-11-05 07:44:24,600 INFO segmented.SegmentedRaftLogWorker: new dc802197-a9d1-4f1c-ab9a-6310c63a562b@group-579AC048EEB4-SegmentedRaftLogWorker for RaftStorage:Storage Directory /data/metadata/ratis/b74fad16-5e1c-4b96-b7db-579ac048eeb4
scm_1         | 2019-11-05 07:44:43,980 INFO server.SCMBlockProtocolServer: Allocating 1 blocks of size 268435456, with ExcludeList {datanodes = [], containerIds = [], pipelineIds = []}
datanode_2    | 2019-11-05 07:44:24,601 INFO server.RaftServerConfigKeys: raft.server.log.preallocated.size = 16384 (custom)
datanode_3    | 2019-11-05 07:44:24,577 INFO segmented.SegmentedRaftLogWorker: new 48e92b97-36fb-4833-9185-c4cd3f111a6a@group-579AC048EEB4-SegmentedRaftLogWorker for RaftStorage:Storage Directory /data/metadata/ratis/b74fad16-5e1c-4b96-b7db-579ac048eeb4
freon_1       | 2019-11-05 07:44:47,572 [pool-2-thread-6] INFO       - Creating Bucket: vol-7-66818/bucket-12-50466, with Versioning false and Storage Type set to DISK and Encryption set to false 
datanode_1    | 2019-11-05 07:44:24,600 INFO server.RaftServerConfigKeys: raft.server.log.queue.byte-limit = 2147483647 (custom)
grafana_1     | t=2019-11-05T07:44:18+0000 lvl=info msg="Executing migration" logger=migrator id="Add column external_delete_url to dashboard_snapshots table"
scm_1         | 2019-11-05 07:44:44,030 INFO server.SCMBlockProtocolServer: Allocating 1 blocks of size 268435456, with ExcludeList {datanodes = [], containerIds = [], pipelineIds = []}
datanode_2    | 2019-11-05 07:44:24,602 INFO server.RaftServerConfigKeys: raft.server.log.write.buffer.size = 33554432 (custom)
datanode_3    | 2019-11-05 07:44:24,577 INFO server.RaftServerConfigKeys: raft.server.log.queue.byte-limit = 2147483647 (custom)
freon_1       | 2019-11-05 07:44:47,572 [pool-2-thread-10] INFO       - Creating Bucket: vol-8-17571/bucket-12-44904, with Versioning false and Storage Type set to DISK and Encryption set to false 
