scm_1       | 2019-11-05 07:41:16,684 INFO server.SCMBlockProtocolServer: Allocating 1 blocks of size 268435456, with ExcludeList {datanodes = [], containerIds = [], pipelineIds = []}
datanode_2  | 2019-11-05 07:40:59,714 INFO server.RaftServerConfigKeys: raft.server.staging.catchup.gap = 1000 (default)
datanode_3  | 2019-11-05 07:40:59,656 INFO server.RaftServerConfigKeys: raft.server.log.segment.size.max = 1048576 (custom)
datanode_1  | 2019-11-05 07:40:59,621 INFO server.RaftServerConfigKeys: raft.server.log.statemachine.data.sync.timeout.retry = -1 (default)
scm_1       | 2019-11-05 07:41:16,729 INFO server.SCMBlockProtocolServer: Allocating 1 blocks of size 268435456, with ExcludeList {datanodes = [], containerIds = [], pipelineIds = []}
datanode_3  | 2019-11-05 07:40:59,656 INFO server.RaftServerConfigKeys: raft.server.log.preallocated.size = 16384 (custom)
datanode_2  | 2019-11-05 07:40:59,714 INFO server.RaftServerConfigKeys: raft.server.rpc.sleep.time = 25ms (default)
datanode_1  | 2019-11-05 07:40:59,621 INFO server.RaftServerConfigKeys: raft.server.log.statemachine.data.caching.enabled = true (custom)
scm_1       | 2019-11-05 07:41:16,769 INFO server.SCMBlockProtocolServer: Allocating 1 blocks of size 268435456, with ExcludeList {datanodes = [], containerIds = [], pipelineIds = []}
datanode_3  | 2019-11-05 07:40:59,656 INFO server.RaftServerConfigKeys: raft.server.log.write.buffer.size = 33554432 (custom)
datanode_2  | 2019-11-05 07:40:59,717 INFO server.RaftServerConfigKeys: raft.server.write.element-limit = 4096 (default)
datanode_1  | 2019-11-05 07:40:59,621 INFO segmented.SegmentedRaftLogWorker: 7810225d-1204-40ea-af15-0953dac181fe@group-EF1124F0BCDF-SegmentedRaftLogWorker: flushIndex: setUnconditionally 0 -> -1
scm_1       | 2019-11-05 07:41:16,808 INFO server.SCMBlockProtocolServer: Allocating 1 blocks of size 268435456, with ExcludeList {datanodes = [], containerIds = [], pipelineIds = []}
datanode_3  | 2019-11-05 07:40:59,656 INFO server.RaftServerConfigKeys: raft.server.log.force.sync.num = 128 (default)
datanode_2  | 2019-11-05 07:40:59,719 INFO server.RaftServerConfigKeys: raft.server.watch.timeout = 10s (default)
datanode_1  | 2019-11-05 07:40:59,622 INFO server.RaftServerConfigKeys: raft.server.snapshot.auto.trigger.enabled = true (custom)
scm_1       | 2019-11-05 07:41:16,877 INFO server.SCMBlockProtocolServer: Allocating 1 blocks of size 268435456, with ExcludeList {datanodes = [], containerIds = [], pipelineIds = []}
datanode_2  | 2019-11-05 07:40:59,720 INFO server.RaftServerConfigKeys: raft.server.watch.timeout.denomination = 1s (default)
datanode_3  | 2019-11-05 07:40:59,656 INFO server.RaftServerConfigKeys: raft.server.log.statemachine.data.sync = true (default)
datanode_1  | 2019-11-05 07:40:59,622 INFO server.RaftServerConfigKeys: raft.server.snapshot.auto.trigger.threshold = 10000 (custom)
scm_1       | 2019-11-05 07:41:16,926 INFO server.SCMBlockProtocolServer: Allocating 1 blocks of size 268435456, with ExcludeList {datanodes = [], containerIds = [], pipelineIds = []}
datanode_2  | 2019-11-05 07:40:59,720 INFO server.RaftServerConfigKeys: raft.server.watch.element-limit = 65536 (default)
datanode_3  | 2019-11-05 07:40:59,656 INFO server.RaftServerConfigKeys: raft.server.log.statemachine.data.sync.timeout = 10s (default)
datanode_1  | 2019-11-05 07:40:59,622 INFO server.RaftServerConfigKeys: raft.server.snapshot.retention.file.num = 5 (custom)
datanode_2  | 2019-11-05 07:40:59,733 INFO impl.RoleInfo: 3cec86aa-4999-4e01-88bf-3e209c8db422: start LeaderState
datanode_1  | 2019-11-05 07:40:59,622 INFO server.RaftServerConfigKeys: raft.server.retrycache.expirytime = 600000ms (custom)
scm_1       | 2019-11-05 07:41:16,962 INFO server.SCMBlockProtocolServer: Allocating 1 blocks of size 268435456, with ExcludeList {datanodes = [], containerIds = [], pipelineIds = []}
datanode_3  | 2019-11-05 07:40:59,657 INFO server.RaftServerConfigKeys: raft.server.log.statemachine.data.sync.timeout.retry = -1 (default)
datanode_2  | 2019-11-05 07:40:59,750 INFO segmented.SegmentedRaftLogWorker: 3cec86aa-4999-4e01-88bf-3e209c8db422@group-897F382DE6C8-SegmentedRaftLogWorker: Starting segment from index:0
datanode_1  | 2019-11-05 07:40:59,626 INFO impl.RaftServerImpl: 7810225d-1204-40ea-af15-0953dac181fe@group-EF1124F0BCDF: start as a follower, conf=-1: [3cec86aa-4999-4e01-88bf-3e209c8db422:172.18.0.7:9858, 6e5a7694-86d0-4b0b-b8ea-f5ccbceace3d:172.18.0.5:9858, 7810225d-1204-40ea-af15-0953dac181fe:172.18.0.6:9858], old=null
scm_1       | 2019-11-05 07:41:17,000 INFO server.SCMBlockProtocolServer: Allocating 1 blocks of size 268435456, with ExcludeList {datanodes = [], containerIds = [], pipelineIds = []}
datanode_3  | 2019-11-05 07:40:59,657 INFO server.RaftServerConfigKeys: raft.server.log.statemachine.data.caching.enabled = true (custom)
datanode_1  | 2019-11-05 07:40:59,626 INFO impl.RaftServerImpl: 7810225d-1204-40ea-af15-0953dac181fe@group-EF1124F0BCDF: changes role from      null to FOLLOWER at term 0 for startAsFollower
scm_1       | 2019-11-05 07:41:17,067 INFO server.SCMBlockProtocolServer: Allocating 1 blocks of size 268435456, with ExcludeList {datanodes = [], containerIds = [], pipelineIds = []}
datanode_3  | 2019-11-05 07:40:59,658 INFO segmented.SegmentedRaftLogWorker: 6e5a7694-86d0-4b0b-b8ea-f5ccbceace3d@group-EF1124F0BCDF-SegmentedRaftLogWorker: flushIndex: setUnconditionally 0 -> -1
datanode_2  | 2019-11-05 07:40:59,757 INFO impl.RaftServerImpl: 3cec86aa-4999-4e01-88bf-3e209c8db422@group-897F382DE6C8: set configuration 0: [3cec86aa-4999-4e01-88bf-3e209c8db422:172.18.0.7:9858], old=null at 0
datanode_1  | 2019-11-05 07:40:59,626 INFO impl.RoleInfo: 7810225d-1204-40ea-af15-0953dac181fe: start FollowerState
datanode_3  | 2019-11-05 07:40:59,658 INFO server.RaftServerConfigKeys: raft.server.snapshot.auto.trigger.enabled = true (custom)
datanode_2  | 2019-11-05 07:40:59,828 INFO impl.FollowerState: 3cec86aa-4999-4e01-88bf-3e209c8db422@group-EF1124F0BCDF-FollowerState: change to CANDIDATE, lastRpcTime:179ms, electionTimeout:179ms
scm_1       | 2019-11-05 07:41:17,109 INFO server.SCMBlockProtocolServer: Allocating 1 blocks of size 268435456, with ExcludeList {datanodes = [], containerIds = [], pipelineIds = []}
datanode_1  | 2019-11-05 07:40:59,627 INFO util.JmxRegister: Successfully registered JMX Bean with object name Ratis:service=RaftServer,group=group-EF1124F0BCDF,id=7810225d-1204-40ea-af15-0953dac181fe
datanode_3  | 2019-11-05 07:40:59,659 INFO server.RaftServerConfigKeys: raft.server.snapshot.auto.trigger.threshold = 10000 (custom)
datanode_2  | 2019-11-05 07:40:59,842 INFO impl.RoleInfo: 3cec86aa-4999-4e01-88bf-3e209c8db422: shutdown FollowerState
scm_1       | 2019-11-05 07:41:17,159 INFO server.SCMBlockProtocolServer: Allocating 1 blocks of size 268435456, with ExcludeList {datanodes = [], containerIds = [], pipelineIds = []}
datanode_1  | 2019-11-05 07:40:59,728 INFO impl.FollowerState: 7810225d-1204-40ea-af15-0953dac181fe@group-EF1124F0BCDF-FollowerState: change to CANDIDATE, lastRpcTime:101ms, electionTimeout:101ms
datanode_3  | 2019-11-05 07:40:59,659 INFO server.RaftServerConfigKeys: raft.server.snapshot.retention.file.num = 5 (custom)
datanode_2  | 2019-11-05 07:40:59,842 INFO impl.RaftServerImpl: 3cec86aa-4999-4e01-88bf-3e209c8db422@group-EF1124F0BCDF: changes role from  FOLLOWER to CANDIDATE at term 0 for changeToCandidate
scm_1       | 2019-11-05 07:41:17,197 INFO server.SCMBlockProtocolServer: Allocating 1 blocks of size 268435456, with ExcludeList {datanodes = [], containerIds = [], pipelineIds = []}
datanode_1  | 2019-11-05 07:40:59,728 INFO impl.RoleInfo: 7810225d-1204-40ea-af15-0953dac181fe: shutdown FollowerState
datanode_3  | 2019-11-05 07:40:59,659 INFO server.RaftServerConfigKeys: raft.server.retrycache.expirytime = 600000ms (custom)
datanode_2  | 2019-11-05 07:40:59,842 INFO impl.RoleInfo: 3cec86aa-4999-4e01-88bf-3e209c8db422: start LeaderElection
scm_1       | 2019-11-05 07:41:17,230 INFO server.SCMBlockProtocolServer: Allocating 1 blocks of size 268435456, with ExcludeList {datanodes = [], containerIds = [], pipelineIds = []}
datanode_1  | 2019-11-05 07:40:59,729 INFO impl.RaftServerImpl: 7810225d-1204-40ea-af15-0953dac181fe@group-EF1124F0BCDF: changes role from  FOLLOWER to CANDIDATE at term 0 for changeToCandidate
datanode_3  | 2019-11-05 07:40:59,665 INFO impl.RaftServerImpl: 6e5a7694-86d0-4b0b-b8ea-f5ccbceace3d@group-EF1124F0BCDF: start as a follower, conf=-1: [3cec86aa-4999-4e01-88bf-3e209c8db422:172.18.0.7:9858, 6e5a7694-86d0-4b0b-b8ea-f5ccbceace3d:172.18.0.5:9858, 7810225d-1204-40ea-af15-0953dac181fe:172.18.0.6:9858], old=null
datanode_2  | 2019-11-05 07:40:59,848 INFO segmented.SegmentedRaftLogWorker: 3cec86aa-4999-4e01-88bf-3e209c8db422@group-897F382DE6C8-SegmentedRaftLogWorker: created new log segment /data/metadata/ratis/b6ffdd49-8947-41dc-be9d-897f382de6c8/current/log_inprogress_0
scm_1       | 2019-11-05 07:41:17,263 INFO server.SCMBlockProtocolServer: Allocating 1 blocks of size 268435456, with ExcludeList {datanodes = [], containerIds = [], pipelineIds = []}
datanode_1  | 2019-11-05 07:40:59,729 INFO impl.RoleInfo: 7810225d-1204-40ea-af15-0953dac181fe: start LeaderElection
datanode_3  | 2019-11-05 07:40:59,666 INFO impl.RaftServerImpl: 6e5a7694-86d0-4b0b-b8ea-f5ccbceace3d@group-EF1124F0BCDF: changes role from      null to FOLLOWER at term 0 for startAsFollower
datanode_2  | 2019-11-05 07:40:59,851 INFO impl.LeaderElection: 3cec86aa-4999-4e01-88bf-3e209c8db422@group-EF1124F0BCDF-LeaderElection2: begin an election at term 1 for -1: [3cec86aa-4999-4e01-88bf-3e209c8db422:172.18.0.7:9858, 6e5a7694-86d0-4b0b-b8ea-f5ccbceace3d:172.18.0.5:9858, 7810225d-1204-40ea-af15-0953dac181fe:172.18.0.6:9858], old=null
scm_1       | 2019-11-05 07:41:17,312 INFO server.SCMBlockProtocolServer: Allocating 1 blocks of size 268435456, with ExcludeList {datanodes = [], containerIds = [], pipelineIds = []}
datanode_1  | 2019-11-05 07:40:59,762 INFO impl.LeaderElection: 7810225d-1204-40ea-af15-0953dac181fe@group-EF1124F0BCDF-LeaderElection2: begin an election at term 1 for -1: [3cec86aa-4999-4e01-88bf-3e209c8db422:172.18.0.7:9858, 6e5a7694-86d0-4b0b-b8ea-f5ccbceace3d:172.18.0.5:9858, 7810225d-1204-40ea-af15-0953dac181fe:172.18.0.6:9858], old=null
datanode_3  | 2019-11-05 07:40:59,666 INFO impl.RoleInfo: 6e5a7694-86d0-4b0b-b8ea-f5ccbceace3d: start FollowerState
datanode_2  | 2019-11-05 07:40:59,898 INFO impl.LeaderElection: 3cec86aa-4999-4e01-88bf-3e209c8db422@group-EF1124F0BCDF-LeaderElection2: Election TIMEOUT; received 0 response(s) [] and 0 exception(s); 3cec86aa-4999-4e01-88bf-3e209c8db422@group-EF1124F0BCDF:t1, leader=null, voted=3cec86aa-4999-4e01-88bf-3e209c8db422, raftlog=3cec86aa-4999-4e01-88bf-3e209c8db422@group-EF1124F0BCDF-SegmentedRaftLog:OPENED:c-1,f-1,i0, conf=-1: [3cec86aa-4999-4e01-88bf-3e209c8db422:172.18.0.7:9858, 6e5a7694-86d0-4b0b-b8ea-f5ccbceace3d:172.18.0.5:9858, 7810225d-1204-40ea-af15-0953dac181fe:172.18.0.6:9858], old=null
scm_1       | 2019-11-05 07:41:17,346 INFO server.SCMBlockProtocolServer: Allocating 1 blocks of size 268435456, with ExcludeList {datanodes = [], containerIds = [], pipelineIds = []}
datanode_1  | 2019-11-05 07:40:59,870 INFO impl.LeaderElection: 7810225d-1204-40ea-af15-0953dac181fe@group-EF1124F0BCDF-LeaderElection2: Election TIMEOUT; received 0 response(s) [] and 0 exception(s); 7810225d-1204-40ea-af15-0953dac181fe@group-EF1124F0BCDF:t1, leader=null, voted=7810225d-1204-40ea-af15-0953dac181fe, raftlog=7810225d-1204-40ea-af15-0953dac181fe@group-EF1124F0BCDF-SegmentedRaftLog:OPENED:c-1,f-1,i0, conf=-1: [3cec86aa-4999-4e01-88bf-3e209c8db422:172.18.0.7:9858, 6e5a7694-86d0-4b0b-b8ea-f5ccbceace3d:172.18.0.5:9858, 7810225d-1204-40ea-af15-0953dac181fe:172.18.0.6:9858], old=null
datanode_2  | 2019-11-05 07:40:59,922 INFO impl.LeaderElection: 3cec86aa-4999-4e01-88bf-3e209c8db422@group-EF1124F0BCDF-LeaderElection2: begin an election at term 2 for -1: [3cec86aa-4999-4e01-88bf-3e209c8db422:172.18.0.7:9858, 6e5a7694-86d0-4b0b-b8ea-f5ccbceace3d:172.18.0.5:9858, 7810225d-1204-40ea-af15-0953dac181fe:172.18.0.6:9858], old=null
datanode_3  | 2019-11-05 07:40:59,666 INFO util.JmxRegister: Successfully registered JMX Bean with object name Ratis:service=RaftServer,group=group-EF1124F0BCDF,id=6e5a7694-86d0-4b0b-b8ea-f5ccbceace3d
scm_1       | 2019-11-05 07:41:17,393 INFO server.SCMBlockProtocolServer: Allocating 1 blocks of size 268435456, with ExcludeList {datanodes = [], containerIds = [], pipelineIds = []}
datanode_1  | 2019-11-05 07:40:59,883 INFO impl.LeaderElection: 7810225d-1204-40ea-af15-0953dac181fe@group-EF1124F0BCDF-LeaderElection2: begin an election at term 2 for -1: [3cec86aa-4999-4e01-88bf-3e209c8db422:172.18.0.7:9858, 6e5a7694-86d0-4b0b-b8ea-f5ccbceace3d:172.18.0.5:9858, 7810225d-1204-40ea-af15-0953dac181fe:172.18.0.6:9858], old=null
datanode_2  | 2019-11-05 07:40:59,979 INFO impl.RaftServerImpl: 3cec86aa-4999-4e01-88bf-3e209c8db422@group-EF1124F0BCDF: changes role from CANDIDATE to FOLLOWER at term 3 for recognizeCandidate:7810225d-1204-40ea-af15-0953dac181fe
datanode_3  | 2019-11-05 07:40:59,737 INFO impl.FollowerState: 6e5a7694-86d0-4b0b-b8ea-f5ccbceace3d@group-EF1124F0BCDF-FollowerState: change to CANDIDATE, lastRpcTime:71ms, electionTimeout:71ms
scm_1       | 2019-11-05 07:41:17,429 INFO server.SCMBlockProtocolServer: Allocating 1 blocks of size 268435456, with ExcludeList {datanodes = [], containerIds = [], pipelineIds = []}
datanode_2  | 2019-11-05 07:40:59,979 INFO impl.RoleInfo: 3cec86aa-4999-4e01-88bf-3e209c8db422: shutdown LeaderElection
datanode_3  | 2019-11-05 07:40:59,738 INFO impl.RoleInfo: 6e5a7694-86d0-4b0b-b8ea-f5ccbceace3d: shutdown FollowerState
datanode_1  | 2019-11-05 07:40:59,924 INFO impl.LeaderElection: 7810225d-1204-40ea-af15-0953dac181fe@group-EF1124F0BCDF-LeaderElection2: Election TIMEOUT; received 0 response(s) [] and 0 exception(s); 7810225d-1204-40ea-af15-0953dac181fe@group-EF1124F0BCDF:t2, leader=null, voted=7810225d-1204-40ea-af15-0953dac181fe, raftlog=7810225d-1204-40ea-af15-0953dac181fe@group-EF1124F0BCDF-SegmentedRaftLog:OPENED:c-1,f-1,i0, conf=-1: [3cec86aa-4999-4e01-88bf-3e209c8db422:172.18.0.7:9858, 6e5a7694-86d0-4b0b-b8ea-f5ccbceace3d:172.18.0.5:9858, 7810225d-1204-40ea-af15-0953dac181fe:172.18.0.6:9858], old=null
scm_1       | 2019-11-05 07:41:17,485 INFO server.SCMBlockProtocolServer: Allocating 1 blocks of size 268435456, with ExcludeList {datanodes = [], containerIds = [], pipelineIds = []}
datanode_3  | 2019-11-05 07:40:59,738 INFO impl.RaftServerImpl: 6e5a7694-86d0-4b0b-b8ea-f5ccbceace3d@group-EF1124F0BCDF: changes role from  FOLLOWER to CANDIDATE at term 0 for changeToCandidate
datanode_1  | 2019-11-05 07:40:59,957 INFO impl.LeaderElection: 7810225d-1204-40ea-af15-0953dac181fe@group-EF1124F0BCDF-LeaderElection2: begin an election at term 3 for -1: [3cec86aa-4999-4e01-88bf-3e209c8db422:172.18.0.7:9858, 6e5a7694-86d0-4b0b-b8ea-f5ccbceace3d:172.18.0.5:9858, 7810225d-1204-40ea-af15-0953dac181fe:172.18.0.6:9858], old=null
datanode_2  | 2019-11-05 07:40:59,979 INFO impl.RoleInfo: 3cec86aa-4999-4e01-88bf-3e209c8db422: start FollowerState
scm_1       | 2019-11-05 07:41:17,535 INFO server.SCMBlockProtocolServer: Allocating 1 blocks of size 268435456, with ExcludeList {datanodes = [], containerIds = [], pipelineIds = []}
datanode_3  | 2019-11-05 07:40:59,738 INFO impl.RoleInfo: 6e5a7694-86d0-4b0b-b8ea-f5ccbceace3d: start LeaderElection
datanode_2  | 2019-11-05 07:41:00,027 INFO impl.LeaderElection: 3cec86aa-4999-4e01-88bf-3e209c8db422@group-EF1124F0BCDF-LeaderElection2: Election REJECTED; received 0 response(s) [] and 0 exception(s); 3cec86aa-4999-4e01-88bf-3e209c8db422@group-EF1124F0BCDF:t3, leader=null, voted=null, raftlog=3cec86aa-4999-4e01-88bf-3e209c8db422@group-EF1124F0BCDF-SegmentedRaftLog:OPENED:c-1,f-1,i0, conf=-1: [3cec86aa-4999-4e01-88bf-3e209c8db422:172.18.0.7:9858, 6e5a7694-86d0-4b0b-b8ea-f5ccbceace3d:172.18.0.5:9858, 7810225d-1204-40ea-af15-0953dac181fe:172.18.0.6:9858], old=null
scm_1       | 2019-11-05 07:41:17,574 INFO server.SCMBlockProtocolServer: Allocating 1 blocks of size 268435456, with ExcludeList {datanodes = [], containerIds = [], pipelineIds = []}
datanode_1  | 2019-11-05 07:41:00,014 INFO impl.LeaderElection: 7810225d-1204-40ea-af15-0953dac181fe@group-EF1124F0BCDF-LeaderElection2: Election TIMEOUT; received 1 response(s) [7810225d-1204-40ea-af15-0953dac181fe<-3cec86aa-4999-4e01-88bf-3e209c8db422#0:FAIL-t3] and 0 exception(s); 7810225d-1204-40ea-af15-0953dac181fe@group-EF1124F0BCDF:t3, leader=null, voted=7810225d-1204-40ea-af15-0953dac181fe, raftlog=7810225d-1204-40ea-af15-0953dac181fe@group-EF1124F0BCDF-SegmentedRaftLog:OPENED:c-1,f-1,i0, conf=-1: [3cec86aa-4999-4e01-88bf-3e209c8db422:172.18.0.7:9858, 6e5a7694-86d0-4b0b-b8ea-f5ccbceace3d:172.18.0.5:9858, 7810225d-1204-40ea-af15-0953dac181fe:172.18.0.6:9858], old=null
datanode_3  | 2019-11-05 07:40:59,762 INFO impl.LeaderElection: 6e5a7694-86d0-4b0b-b8ea-f5ccbceace3d@group-EF1124F0BCDF-LeaderElection2: begin an election at term 1 for -1: [3cec86aa-4999-4e01-88bf-3e209c8db422:172.18.0.7:9858, 6e5a7694-86d0-4b0b-b8ea-f5ccbceace3d:172.18.0.5:9858, 7810225d-1204-40ea-af15-0953dac181fe:172.18.0.6:9858], old=null
scm_1       | 2019-11-05 07:41:17,620 INFO server.SCMBlockProtocolServer: Allocating 1 blocks of size 268435456, with ExcludeList {datanodes = [], containerIds = [], pipelineIds = []}
datanode_2  | 2019-11-05 07:41:00,045 INFO impl.RaftServerImpl: 3cec86aa-4999-4e01-88bf-3e209c8db422@group-EF1124F0BCDF: changes role from  FOLLOWER to FOLLOWER at term 4 for recognizeCandidate:7810225d-1204-40ea-af15-0953dac181fe
datanode_1  | 2019-11-05 07:41:00,028 INFO impl.LeaderElection: 7810225d-1204-40ea-af15-0953dac181fe@group-EF1124F0BCDF-LeaderElection2: begin an election at term 4 for -1: [3cec86aa-4999-4e01-88bf-3e209c8db422:172.18.0.7:9858, 6e5a7694-86d0-4b0b-b8ea-f5ccbceace3d:172.18.0.5:9858, 7810225d-1204-40ea-af15-0953dac181fe:172.18.0.6:9858], old=null
datanode_3  | 2019-11-05 07:40:59,830 INFO impl.LeaderElection: 6e5a7694-86d0-4b0b-b8ea-f5ccbceace3d@group-EF1124F0BCDF-LeaderElection2: Election TIMEOUT; received 0 response(s) [] and 0 exception(s); 6e5a7694-86d0-4b0b-b8ea-f5ccbceace3d@group-EF1124F0BCDF:t1, leader=null, voted=6e5a7694-86d0-4b0b-b8ea-f5ccbceace3d, raftlog=6e5a7694-86d0-4b0b-b8ea-f5ccbceace3d@group-EF1124F0BCDF-SegmentedRaftLog:OPENED:c-1,f-1,i0, conf=-1: [3cec86aa-4999-4e01-88bf-3e209c8db422:172.18.0.7:9858, 6e5a7694-86d0-4b0b-b8ea-f5ccbceace3d:172.18.0.5:9858, 7810225d-1204-40ea-af15-0953dac181fe:172.18.0.6:9858], old=null
scm_1       | 2019-11-05 07:41:17,668 INFO server.SCMBlockProtocolServer: Allocating 1 blocks of size 268435456, with ExcludeList {datanodes = [], containerIds = [], pipelineIds = []}
datanode_2  | 2019-11-05 07:41:00,045 INFO impl.RoleInfo: 3cec86aa-4999-4e01-88bf-3e209c8db422: shutdown FollowerState
datanode_3  | 2019-11-05 07:40:59,845 INFO impl.LeaderElection: 6e5a7694-86d0-4b0b-b8ea-f5ccbceace3d@group-EF1124F0BCDF-LeaderElection2: begin an election at term 2 for -1: [3cec86aa-4999-4e01-88bf-3e209c8db422:172.18.0.7:9858, 6e5a7694-86d0-4b0b-b8ea-f5ccbceace3d:172.18.0.5:9858, 7810225d-1204-40ea-af15-0953dac181fe:172.18.0.6:9858], old=null
datanode_1  | 2019-11-05 07:41:00,063 INFO impl.LeaderElection: 7810225d-1204-40ea-af15-0953dac181fe@group-EF1124F0BCDF-LeaderElection2: Election PASSED; received 1 response(s) [7810225d-1204-40ea-af15-0953dac181fe<-6e5a7694-86d0-4b0b-b8ea-f5ccbceace3d#0:OK-t4] and 0 exception(s); 7810225d-1204-40ea-af15-0953dac181fe@group-EF1124F0BCDF:t4, leader=null, voted=7810225d-1204-40ea-af15-0953dac181fe, raftlog=7810225d-1204-40ea-af15-0953dac181fe@group-EF1124F0BCDF-SegmentedRaftLog:OPENED:c-1,f-1,i0, conf=-1: [3cec86aa-4999-4e01-88bf-3e209c8db422:172.18.0.7:9858, 6e5a7694-86d0-4b0b-b8ea-f5ccbceace3d:172.18.0.5:9858, 7810225d-1204-40ea-af15-0953dac181fe:172.18.0.6:9858], old=null
scm_1       | 2019-11-05 07:41:17,714 INFO server.SCMBlockProtocolServer: Allocating 1 blocks of size 268435456, with ExcludeList {datanodes = [], containerIds = [], pipelineIds = []}
datanode_2  | 2019-11-05 07:41:00,045 INFO impl.RoleInfo: 3cec86aa-4999-4e01-88bf-3e209c8db422: start FollowerState
datanode_3  | 2019-11-05 07:40:59,975 INFO impl.LeaderElection: 6e5a7694-86d0-4b0b-b8ea-f5ccbceace3d@group-EF1124F0BCDF-LeaderElection2: Election DISCOVERED_A_NEW_TERM; received 2 response(s) [6e5a7694-86d0-4b0b-b8ea-f5ccbceace3d<-3cec86aa-4999-4e01-88bf-3e209c8db422#0:FAIL-t2, 6e5a7694-86d0-4b0b-b8ea-f5ccbceace3d<-7810225d-1204-40ea-af15-0953dac181fe#0:FAIL-t3] and 0 exception(s); 6e5a7694-86d0-4b0b-b8ea-f5ccbceace3d@group-EF1124F0BCDF:t2, leader=null, voted=6e5a7694-86d0-4b0b-b8ea-f5ccbceace3d, raftlog=6e5a7694-86d0-4b0b-b8ea-f5ccbceace3d@group-EF1124F0BCDF-SegmentedRaftLog:OPENED:c-1,f-1,i0, conf=-1: [3cec86aa-4999-4e01-88bf-3e209c8db422:172.18.0.7:9858, 6e5a7694-86d0-4b0b-b8ea-f5ccbceace3d:172.18.0.5:9858, 7810225d-1204-40ea-af15-0953dac181fe:172.18.0.6:9858], old=null
datanode_1  | 2019-11-05 07:41:00,063 INFO impl.RoleInfo: 7810225d-1204-40ea-af15-0953dac181fe: shutdown LeaderElection
scm_1       | 2019-11-05 07:41:17,774 INFO server.SCMBlockProtocolServer: Allocating 1 blocks of size 268435456, with ExcludeList {datanodes = [], containerIds = [], pipelineIds = []}
datanode_2  | 2019-11-05 07:41:00,045 INFO impl.FollowerState: 3cec86aa-4999-4e01-88bf-3e209c8db422@group-EF1124F0BCDF-FollowerState was interrupted: java.lang.InterruptedException: sleep interrupted
datanode_3  | 2019-11-05 07:40:59,977 INFO impl.RaftServerImpl: 6e5a7694-86d0-4b0b-b8ea-f5ccbceace3d@group-EF1124F0BCDF: changes role from CANDIDATE to FOLLOWER at term 3 for DISCOVERED_A_NEW_TERM
datanode_1  | 2019-11-05 07:41:00,063 INFO impl.RaftServerImpl: 7810225d-1204-40ea-af15-0953dac181fe@group-EF1124F0BCDF: changes role from CANDIDATE to LEADER at term 4 for changeToLeader
scm_1       | 2019-11-05 07:41:17,820 INFO server.SCMBlockProtocolServer: Allocating 1 blocks of size 268435456, with ExcludeList {datanodes = [], containerIds = [], pipelineIds = []}
datanode_2  | 2019-11-05 07:41:00,132 INFO impl.RaftServerImpl: 3cec86aa-4999-4e01-88bf-3e209c8db422@group-EF1124F0BCDF: change Leader from null to 7810225d-1204-40ea-af15-0953dac181fe at term 4 for appendEntries, leader elected after 490ms
datanode_1  | 2019-11-05 07:41:00,064 INFO impl.RaftServerImpl: 7810225d-1204-40ea-af15-0953dac181fe@group-EF1124F0BCDF: change Leader from null to 7810225d-1204-40ea-af15-0953dac181fe at term 4 for becomeLeader, leader elected after 445ms
datanode_3  | 2019-11-05 07:40:59,977 INFO impl.RoleInfo: 6e5a7694-86d0-4b0b-b8ea-f5ccbceace3d: shutdown LeaderElection
datanode_2  | 2019-11-05 07:41:00,150 INFO impl.RaftServerImpl: 3cec86aa-4999-4e01-88bf-3e209c8db422@group-EF1124F0BCDF: set configuration 0: [3cec86aa-4999-4e01-88bf-3e209c8db422:172.18.0.7:9858, 6e5a7694-86d0-4b0b-b8ea-f5ccbceace3d:172.18.0.5:9858, 7810225d-1204-40ea-af15-0953dac181fe:172.18.0.6:9858], old=null at 0
datanode_1  | 2019-11-05 07:41:00,064 INFO server.RaftServerConfigKeys: raft.server.staging.catchup.gap = 1000 (default)
datanode_2  | 2019-11-05 07:41:00,150 INFO segmented.SegmentedRaftLogWorker: 3cec86aa-4999-4e01-88bf-3e209c8db422@group-EF1124F0BCDF-SegmentedRaftLogWorker: Starting segment from index:0
scm_1       | 2019-11-05 07:41:17,856 INFO server.SCMBlockProtocolServer: Allocating 1 blocks of size 268435456, with ExcludeList {datanodes = [], containerIds = [], pipelineIds = []}
datanode_3  | 2019-11-05 07:40:59,977 INFO impl.RoleInfo: 6e5a7694-86d0-4b0b-b8ea-f5ccbceace3d: start FollowerState
datanode_1  | 2019-11-05 07:41:00,064 INFO server.RaftServerConfigKeys: raft.server.rpc.sleep.time = 25ms (default)
datanode_2  | 2019-11-05 07:41:00,171 INFO server.GrpcServerProtocolService: 3cec86aa-4999-4e01-88bf-3e209c8db422: Completed APPEND_ENTRIES, lastRequest: 7810225d-1204-40ea-af15-0953dac181fe->3cec86aa-4999-4e01-88bf-3e209c8db422#1-t4, previous=(t:0, i:0), leaderCommit=-1, initializing? false, entries: size=1, first=(t:4, i:0), CONFIGURATIONENTRY
scm_1       | 2019-11-05 07:41:17,884 INFO server.SCMBlockProtocolServer: Allocating 1 blocks of size 268435456, with ExcludeList {datanodes = [], containerIds = [], pipelineIds = []}
datanode_1  | 2019-11-05 07:41:00,064 INFO server.RaftServerConfigKeys: raft.server.write.element-limit = 4096 (default)
datanode_2  | 2019-11-05 07:41:00,181 INFO impl.RaftServerImpl: 3cec86aa-4999-4e01-88bf-3e209c8db422@group-EF1124F0BCDF: change Leader from 7810225d-1204-40ea-af15-0953dac181fe to null at term 5 for updateCurrentTerm
datanode_3  | 2019-11-05 07:40:59,993 INFO impl.RaftServerImpl: 6e5a7694-86d0-4b0b-b8ea-f5ccbceace3d@group-EF1124F0BCDF: changes role from  FOLLOWER to FOLLOWER at term 3 for recognizeCandidate:7810225d-1204-40ea-af15-0953dac181fe
scm_1       | 2019-11-05 07:41:17,913 INFO server.SCMBlockProtocolServer: Allocating 1 blocks of size 268435456, with ExcludeList {datanodes = [], containerIds = [], pipelineIds = []}
datanode_1  | 2019-11-05 07:41:00,065 INFO server.RaftServerConfigKeys: raft.server.watch.timeout = 10s (default)
datanode_2  | 2019-11-05 07:41:00,181 INFO impl.RaftServerImpl: 3cec86aa-4999-4e01-88bf-3e209c8db422@group-EF1124F0BCDF: changes role from  FOLLOWER to FOLLOWER at term 5 for recognizeCandidate:6e5a7694-86d0-4b0b-b8ea-f5ccbceace3d
datanode_3  | 2019-11-05 07:40:59,993 INFO impl.RoleInfo: 6e5a7694-86d0-4b0b-b8ea-f5ccbceace3d: shutdown FollowerState
scm_1       | 2019-11-05 07:41:17,941 INFO server.SCMBlockProtocolServer: Allocating 1 blocks of size 268435456, with ExcludeList {datanodes = [], containerIds = [], pipelineIds = []}
datanode_1  | 2019-11-05 07:41:00,065 INFO server.RaftServerConfigKeys: raft.server.watch.timeout.denomination = 1s (default)
datanode_2  | 2019-11-05 07:41:00,181 INFO impl.RoleInfo: 3cec86aa-4999-4e01-88bf-3e209c8db422: shutdown FollowerState
datanode_3  | 2019-11-05 07:40:59,994 INFO impl.RoleInfo: 6e5a7694-86d0-4b0b-b8ea-f5ccbceace3d: start FollowerState
datanode_1  | 2019-11-05 07:41:00,066 INFO server.RaftServerConfigKeys: raft.server.watch.element-limit = 65536 (default)
scm_1       | 2019-11-05 07:41:17,990 INFO server.SCMBlockProtocolServer: Allocating 1 blocks of size 268435456, with ExcludeList {datanodes = [], containerIds = [], pipelineIds = []}
datanode_2  | 2019-11-05 07:41:00,181 INFO impl.FollowerState: 3cec86aa-4999-4e01-88bf-3e209c8db422@group-EF1124F0BCDF-FollowerState was interrupted: java.lang.InterruptedException: sleep interrupted
datanode_3  | 2019-11-05 07:40:59,994 INFO impl.FollowerState: 6e5a7694-86d0-4b0b-b8ea-f5ccbceace3d@group-EF1124F0BCDF-FollowerState was interrupted: java.lang.InterruptedException: sleep interrupted
datanode_1  | 2019-11-05 07:41:00,072 INFO server.RaftServerConfigKeys: raft.server.log.appender.snapshot.chunk.size.max = 16MB (=16777216) (default)
scm_1       | 2019-11-05 07:41:18,045 INFO server.SCMBlockProtocolServer: Allocating 1 blocks of size 268435456, with ExcludeList {datanodes = [], containerIds = [], pipelineIds = []}
datanode_2  | 2019-11-05 07:41:00,181 INFO impl.RoleInfo: 3cec86aa-4999-4e01-88bf-3e209c8db422: start FollowerState
datanode_3  | 2019-11-05 07:41:00,045 INFO impl.RaftServerImpl: 6e5a7694-86d0-4b0b-b8ea-f5ccbceace3d@group-EF1124F0BCDF: changes role from  FOLLOWER to FOLLOWER at term 4 for recognizeCandidate:7810225d-1204-40ea-af15-0953dac181fe
datanode_1  | 2019-11-05 07:41:00,072 INFO server.RaftServerConfigKeys: raft.server.log.appender.buffer.byte-limit = 33554432 (custom)
scm_1       | 2019-11-05 07:41:18,084 INFO server.SCMBlockProtocolServer: Allocating 1 blocks of size 268435456, with ExcludeList {datanodes = [], containerIds = [], pipelineIds = []}
datanode_2  | 2019-11-05 07:41:00,197 INFO segmented.SegmentedRaftLogWorker: 3cec86aa-4999-4e01-88bf-3e209c8db422@group-EF1124F0BCDF-SegmentedRaftLogWorker: created new log segment /data/metadata/ratis/c26f3308-9f56-47be-854a-ef1124f0bcdf/current/log_inprogress_0
datanode_3  | 2019-11-05 07:41:00,045 INFO impl.RoleInfo: 6e5a7694-86d0-4b0b-b8ea-f5ccbceace3d: shutdown FollowerState
datanode_1  | 2019-11-05 07:41:00,072 INFO server.RaftServerConfigKeys: raft.server.log.appender.buffer.element-limit = 1 (custom)
scm_1       | 2019-11-05 07:41:18,121 INFO server.SCMBlockProtocolServer: Allocating 1 blocks of size 268435456, with ExcludeList {datanodes = [], containerIds = [], pipelineIds = []}
datanode_2  | 2019-11-05 07:41:00,320 INFO impl.RaftServerImpl: 3cec86aa-4999-4e01-88bf-3e209c8db422@group-EF1124F0BCDF: changes role from  FOLLOWER to FOLLOWER at term 6 for recognizeCandidate:6e5a7694-86d0-4b0b-b8ea-f5ccbceace3d
datanode_3  | 2019-11-05 07:41:00,045 INFO impl.FollowerState: 6e5a7694-86d0-4b0b-b8ea-f5ccbceace3d@group-EF1124F0BCDF-FollowerState was interrupted: java.lang.InterruptedException: sleep interrupted
datanode_1  | 2019-11-05 07:41:00,075 INFO grpc.GrpcConfigKeys$Server: raft.grpc.server.leader.outstanding.appends.max = 128 (default)
scm_1       | 2019-11-05 07:41:18,158 INFO server.SCMBlockProtocolServer: Allocating 1 blocks of size 268435456, with ExcludeList {datanodes = [], containerIds = [], pipelineIds = []}
datanode_2  | 2019-11-05 07:41:00,320 INFO impl.RoleInfo: 3cec86aa-4999-4e01-88bf-3e209c8db422: shutdown FollowerState
datanode_3  | 2019-11-05 07:41:00,045 INFO impl.RoleInfo: 6e5a7694-86d0-4b0b-b8ea-f5ccbceace3d: start FollowerState
datanode_1  | 2019-11-05 07:41:00,076 INFO server.RaftServerConfigKeys: raft.server.rpc.request.timeout = 3000ms (default)
scm_1       | 2019-11-05 07:41:18,212 INFO server.SCMBlockProtocolServer: Allocating 1 blocks of size 268435456, with ExcludeList {datanodes = [], containerIds = [], pipelineIds = []}
datanode_2  | 2019-11-05 07:41:00,320 INFO impl.RoleInfo: 3cec86aa-4999-4e01-88bf-3e209c8db422: start FollowerState
datanode_3  | 2019-11-05 07:41:00,122 INFO impl.FollowerState: 6e5a7694-86d0-4b0b-b8ea-f5ccbceace3d@group-EF1124F0BCDF-FollowerState: change to CANDIDATE, lastRpcTime:76ms, electionTimeout:76ms
datanode_1  | 2019-11-05 07:41:00,076 INFO server.RaftServerConfigKeys: raft.server.log.appender.install.snapshot.enabled = false (custom)
scm_1       | 2019-11-05 07:41:18,247 INFO server.SCMBlockProtocolServer: Allocating 1 blocks of size 268435456, with ExcludeList {datanodes = [], containerIds = [], pipelineIds = []}
datanode_2  | 2019-11-05 07:41:00,320 INFO impl.FollowerState: 3cec86aa-4999-4e01-88bf-3e209c8db422@group-EF1124F0BCDF-FollowerState was interrupted: java.lang.InterruptedException: sleep interrupted
datanode_3  | 2019-11-05 07:41:00,122 INFO impl.RoleInfo: 6e5a7694-86d0-4b0b-b8ea-f5ccbceace3d: shutdown FollowerState
datanode_1  | 2019-11-05 07:41:00,080 INFO server.RaftServerConfigKeys: raft.server.log.appender.snapshot.chunk.size.max = 16MB (=16777216) (default)
scm_1       | 2019-11-05 07:41:18,291 INFO server.SCMBlockProtocolServer: Allocating 1 blocks of size 268435456, with ExcludeList {datanodes = [], containerIds = [], pipelineIds = []}
datanode_2  | 2019-11-05 07:41:00,385 INFO impl.RaftServerImpl: 3cec86aa-4999-4e01-88bf-3e209c8db422@group-EF1124F0BCDF: changes role from  FOLLOWER to FOLLOWER at term 7 for recognizeCandidate:6e5a7694-86d0-4b0b-b8ea-f5ccbceace3d
datanode_3  | 2019-11-05 07:41:00,122 INFO impl.RaftServerImpl: 6e5a7694-86d0-4b0b-b8ea-f5ccbceace3d@group-EF1124F0BCDF: changes role from  FOLLOWER to CANDIDATE at term 4 for changeToCandidate
datanode_1  | 2019-11-05 07:41:00,080 INFO server.RaftServerConfigKeys: raft.server.log.appender.buffer.byte-limit = 33554432 (custom)
scm_1       | 2019-11-05 07:41:18,328 INFO server.SCMBlockProtocolServer: Allocating 1 blocks of size 268435456, with ExcludeList {datanodes = [], containerIds = [], pipelineIds = []}
datanode_2  | 2019-11-05 07:41:00,385 INFO impl.RoleInfo: 3cec86aa-4999-4e01-88bf-3e209c8db422: shutdown FollowerState
datanode_3  | 2019-11-05 07:41:00,122 INFO impl.RoleInfo: 6e5a7694-86d0-4b0b-b8ea-f5ccbceace3d: start LeaderElection
datanode_1  | 2019-11-05 07:41:00,080 INFO server.RaftServerConfigKeys: raft.server.log.appender.buffer.element-limit = 1 (custom)
scm_1       | 2019-11-05 07:41:18,361 INFO server.SCMBlockProtocolServer: Allocating 1 blocks of size 268435456, with ExcludeList {datanodes = [], containerIds = [], pipelineIds = []}
datanode_2  | 2019-11-05 07:41:00,385 INFO impl.FollowerState: 3cec86aa-4999-4e01-88bf-3e209c8db422@group-EF1124F0BCDF-FollowerState was interrupted: java.lang.InterruptedException: sleep interrupted
datanode_3  | 2019-11-05 07:41:00,159 INFO impl.LeaderElection: 6e5a7694-86d0-4b0b-b8ea-f5ccbceace3d@group-EF1124F0BCDF-LeaderElection3: begin an election at term 5 for -1: [3cec86aa-4999-4e01-88bf-3e209c8db422:172.18.0.7:9858, 6e5a7694-86d0-4b0b-b8ea-f5ccbceace3d:172.18.0.5:9858, 7810225d-1204-40ea-af15-0953dac181fe:172.18.0.6:9858], old=null
datanode_1  | 2019-11-05 07:41:00,081 INFO grpc.GrpcConfigKeys$Server: raft.grpc.server.leader.outstanding.appends.max = 128 (default)
scm_1       | 2019-11-05 07:41:18,397 INFO server.SCMBlockProtocolServer: Allocating 1 blocks of size 268435456, with ExcludeList {datanodes = [], containerIds = [], pipelineIds = []}
datanode_2  | 2019-11-05 07:41:00,385 INFO impl.RoleInfo: 3cec86aa-4999-4e01-88bf-3e209c8db422: start FollowerState
datanode_3  | 2019-11-05 07:41:00,178 INFO server.GrpcServerProtocolService: 6e5a7694-86d0-4b0b-b8ea-f5ccbceace3d: Completed APPEND_ENTRIES, lastRequest: 7810225d-1204-40ea-af15-0953dac181fe->6e5a7694-86d0-4b0b-b8ea-f5ccbceace3d#0-t4, previous=(t:0, i:0), leaderCommit=-1, initializing? false, entries: <empty>
scm_1       | 2019-11-05 07:41:18,434 INFO server.SCMBlockProtocolServer: Allocating 1 blocks of size 268435456, with ExcludeList {datanodes = [], containerIds = [], pipelineIds = []}
datanode_2  | 2019-11-05 07:41:00,409 INFO impl.RaftServerImpl: 3cec86aa-4999-4e01-88bf-3e209c8db422@group-EF1124F0BCDF: changes role from  FOLLOWER to FOLLOWER at term 8 for recognizeCandidate:6e5a7694-86d0-4b0b-b8ea-f5ccbceace3d
datanode_1  | 2019-11-05 07:41:00,081 INFO server.RaftServerConfigKeys: raft.server.rpc.request.timeout = 3000ms (default)
datanode_3  | 2019-11-05 07:41:00,200 INFO impl.LeaderElection: 6e5a7694-86d0-4b0b-b8ea-f5ccbceace3d@group-EF1124F0BCDF-LeaderElection3: Election REJECTED; received 2 response(s) [6e5a7694-86d0-4b0b-b8ea-f5ccbceace3d<-3cec86aa-4999-4e01-88bf-3e209c8db422#0:FAIL-t5, 6e5a7694-86d0-4b0b-b8ea-f5ccbceace3d<-7810225d-1204-40ea-af15-0953dac181fe#0:FAIL-t5] and 0 exception(s); 6e5a7694-86d0-4b0b-b8ea-f5ccbceace3d@group-EF1124F0BCDF:t5, leader=null, voted=6e5a7694-86d0-4b0b-b8ea-f5ccbceace3d, raftlog=6e5a7694-86d0-4b0b-b8ea-f5ccbceace3d@group-EF1124F0BCDF-SegmentedRaftLog:OPENED:c-1,f-1,i0, conf=-1: [3cec86aa-4999-4e01-88bf-3e209c8db422:172.18.0.7:9858, 6e5a7694-86d0-4b0b-b8ea-f5ccbceace3d:172.18.0.5:9858, 7810225d-1204-40ea-af15-0953dac181fe:172.18.0.6:9858], old=null
scm_1       | 2019-11-05 07:41:18,484 INFO server.SCMBlockProtocolServer: Allocating 1 blocks of size 268435456, with ExcludeList {datanodes = [], containerIds = [], pipelineIds = []}
datanode_2  | 2019-11-05 07:41:00,409 INFO impl.RoleInfo: 3cec86aa-4999-4e01-88bf-3e209c8db422: shutdown FollowerState
datanode_1  | 2019-11-05 07:41:00,081 INFO server.RaftServerConfigKeys: raft.server.log.appender.install.snapshot.enabled = false (custom)
datanode_3  | 2019-11-05 07:41:00,200 INFO impl.RaftServerImpl: 6e5a7694-86d0-4b0b-b8ea-f5ccbceace3d@group-EF1124F0BCDF: changes role from CANDIDATE to FOLLOWER at term 5 for DISCOVERED_A_NEW_TERM
scm_1       | 2019-11-05 07:41:18,520 INFO server.SCMBlockProtocolServer: Allocating 1 blocks of size 268435456, with ExcludeList {datanodes = [], containerIds = [], pipelineIds = []}
datanode_2  | 2019-11-05 07:41:00,410 INFO impl.FollowerState: 3cec86aa-4999-4e01-88bf-3e209c8db422@group-EF1124F0BCDF-FollowerState was interrupted: java.lang.InterruptedException: sleep interrupted
datanode_1  | 2019-11-05 07:41:00,085 INFO impl.RoleInfo: 7810225d-1204-40ea-af15-0953dac181fe: start LeaderState
datanode_3  | 2019-11-05 07:41:00,200 INFO impl.RoleInfo: 6e5a7694-86d0-4b0b-b8ea-f5ccbceace3d: shutdown LeaderElection
scm_1       | 2019-11-05 07:41:18,558 INFO server.SCMBlockProtocolServer: Allocating 1 blocks of size 268435456, with ExcludeList {datanodes = [], containerIds = [], pipelineIds = []}
datanode_2  | 2019-11-05 07:41:00,410 INFO impl.RoleInfo: 3cec86aa-4999-4e01-88bf-3e209c8db422: start FollowerState
datanode_1  | 2019-11-05 07:41:00,085 INFO segmented.SegmentedRaftLogWorker: 7810225d-1204-40ea-af15-0953dac181fe@group-EF1124F0BCDF-SegmentedRaftLogWorker: Starting segment from index:0
scm_1       | 2019-11-05 07:41:18,629 INFO server.SCMBlockProtocolServer: Allocating 1 blocks of size 268435456, with ExcludeList {datanodes = [], containerIds = [], pipelineIds = []}
datanode_3  | 2019-11-05 07:41:00,201 INFO impl.RoleInfo: 6e5a7694-86d0-4b0b-b8ea-f5ccbceace3d: start FollowerState
datanode_2  | 2019-11-05 07:41:00,539 INFO impl.RaftServerImpl: 3cec86aa-4999-4e01-88bf-3e209c8db422@group-EF1124F0BCDF: changes role from  FOLLOWER to FOLLOWER at term 9 for recognizeCandidate:6e5a7694-86d0-4b0b-b8ea-f5ccbceace3d
datanode_1  | 2019-11-05 07:41:00,086 INFO impl.RaftServerImpl: 7810225d-1204-40ea-af15-0953dac181fe@group-EF1124F0BCDF: set configuration 0: [3cec86aa-4999-4e01-88bf-3e209c8db422:172.18.0.7:9858, 6e5a7694-86d0-4b0b-b8ea-f5ccbceace3d:172.18.0.5:9858, 7810225d-1204-40ea-af15-0953dac181fe:172.18.0.6:9858], old=null at 0
scm_1       | 2019-11-05 07:41:18,667 INFO server.SCMBlockProtocolServer: Allocating 1 blocks of size 268435456, with ExcludeList {datanodes = [], containerIds = [], pipelineIds = []}
datanode_3  | 2019-11-05 07:41:00,270 INFO impl.FollowerState: 6e5a7694-86d0-4b0b-b8ea-f5ccbceace3d@group-EF1124F0BCDF-FollowerState: change to CANDIDATE, lastRpcTime:69ms, electionTimeout:69ms
datanode_2  | 2019-11-05 07:41:00,540 INFO impl.RoleInfo: 3cec86aa-4999-4e01-88bf-3e209c8db422: shutdown FollowerState
datanode_1  | 2019-11-05 07:41:00,155 INFO segmented.SegmentedRaftLogWorker: 7810225d-1204-40ea-af15-0953dac181fe@group-EF1124F0BCDF-SegmentedRaftLogWorker: created new log segment /data/metadata/ratis/c26f3308-9f56-47be-854a-ef1124f0bcdf/current/log_inprogress_0
scm_1       | 2019-11-05 07:41:18,742 INFO server.SCMBlockProtocolServer: Allocating 1 blocks of size 268435456, with ExcludeList {datanodes = [], containerIds = [], pipelineIds = []}
datanode_3  | 2019-11-05 07:41:00,271 INFO impl.RoleInfo: 6e5a7694-86d0-4b0b-b8ea-f5ccbceace3d: shutdown FollowerState
datanode_2  | 2019-11-05 07:41:00,540 INFO impl.RoleInfo: 3cec86aa-4999-4e01-88bf-3e209c8db422: start FollowerState
scm_1       | 2019-11-05 07:41:18,808 INFO server.SCMBlockProtocolServer: Allocating 1 blocks of size 268435456, with ExcludeList {datanodes = [], containerIds = [], pipelineIds = []}
datanode_1  | 2019-11-05 07:41:00,166 INFO impl.RaftServerImpl: 7810225d-1204-40ea-af15-0953dac181fe@group-EF1124F0BCDF: change Leader from 7810225d-1204-40ea-af15-0953dac181fe to null at term 5 for updateCurrentTerm
datanode_3  | 2019-11-05 07:41:00,271 INFO impl.RaftServerImpl: 6e5a7694-86d0-4b0b-b8ea-f5ccbceace3d@group-EF1124F0BCDF: changes role from  FOLLOWER to CANDIDATE at term 5 for changeToCandidate
datanode_2  | 2019-11-05 07:41:00,540 INFO impl.FollowerState: 3cec86aa-4999-4e01-88bf-3e209c8db422@group-EF1124F0BCDF-FollowerState was interrupted: java.lang.InterruptedException: sleep interrupted
scm_1       | 2019-11-05 07:41:18,855 INFO server.SCMBlockProtocolServer: Allocating 1 blocks of size 268435456, with ExcludeList {datanodes = [], containerIds = [], pipelineIds = []}
datanode_1  | 2019-11-05 07:41:00,166 INFO impl.RaftServerImpl: 7810225d-1204-40ea-af15-0953dac181fe@group-EF1124F0BCDF: changes role from    LEADER to FOLLOWER at term 5 for stepDown
datanode_2  | 2019-11-05 07:41:00,736 INFO impl.RaftServerImpl: 3cec86aa-4999-4e01-88bf-3e209c8db422@group-EF1124F0BCDF: changes role from  FOLLOWER to FOLLOWER at term 10 for recognizeCandidate:6e5a7694-86d0-4b0b-b8ea-f5ccbceace3d
datanode_3  | 2019-11-05 07:41:00,271 INFO impl.RoleInfo: 6e5a7694-86d0-4b0b-b8ea-f5ccbceace3d: start LeaderElection
scm_1       | 2019-11-05 07:41:18,892 INFO server.SCMBlockProtocolServer: Allocating 1 blocks of size 268435456, with ExcludeList {datanodes = [], containerIds = [], pipelineIds = []}
datanode_1  | 2019-11-05 07:41:00,166 INFO impl.RoleInfo: 7810225d-1204-40ea-af15-0953dac181fe: shutdown LeaderState
datanode_2  | 2019-11-05 07:41:00,736 INFO impl.RoleInfo: 3cec86aa-4999-4e01-88bf-3e209c8db422: shutdown FollowerState
datanode_3  | 2019-11-05 07:41:00,296 INFO impl.LeaderElection: 6e5a7694-86d0-4b0b-b8ea-f5ccbceace3d@group-EF1124F0BCDF-LeaderElection4: begin an election at term 6 for -1: [3cec86aa-4999-4e01-88bf-3e209c8db422:172.18.0.7:9858, 6e5a7694-86d0-4b0b-b8ea-f5ccbceace3d:172.18.0.5:9858, 7810225d-1204-40ea-af15-0953dac181fe:172.18.0.6:9858], old=null
scm_1       | 2019-11-05 07:41:18,931 INFO server.SCMBlockProtocolServer: Allocating 1 blocks of size 268435456, with ExcludeList {datanodes = [], containerIds = [], pipelineIds = []}
datanode_1  | 2019-11-05 07:41:00,167 WARN server.GrpcLogAppender: 7810225d-1204-40ea-af15-0953dac181fe@group-EF1124F0BCDF->3cec86aa-4999-4e01-88bf-3e209c8db422-GrpcLogAppender: Wait interrupted by java.lang.InterruptedException
datanode_2  | 2019-11-05 07:41:00,737 INFO impl.FollowerState: 3cec86aa-4999-4e01-88bf-3e209c8db422@group-EF1124F0BCDF-FollowerState was interrupted: java.lang.InterruptedException: sleep interrupted
datanode_3  | 2019-11-05 07:41:00,339 INFO impl.LeaderElection: 6e5a7694-86d0-4b0b-b8ea-f5ccbceace3d@group-EF1124F0BCDF-LeaderElection4: Election TIMEOUT; received 0 response(s) [] and 0 exception(s); 6e5a7694-86d0-4b0b-b8ea-f5ccbceace3d@group-EF1124F0BCDF:t6, leader=null, voted=6e5a7694-86d0-4b0b-b8ea-f5ccbceace3d, raftlog=6e5a7694-86d0-4b0b-b8ea-f5ccbceace3d@group-EF1124F0BCDF-SegmentedRaftLog:OPENED:c-1,f-1,i0, conf=-1: [3cec86aa-4999-4e01-88bf-3e209c8db422:172.18.0.7:9858, 6e5a7694-86d0-4b0b-b8ea-f5ccbceace3d:172.18.0.5:9858, 7810225d-1204-40ea-af15-0953dac181fe:172.18.0.6:9858], old=null
scm_1       | 2019-11-05 07:41:18,990 INFO server.SCMBlockProtocolServer: Allocating 1 blocks of size 268435456, with ExcludeList {datanodes = [], containerIds = [], pipelineIds = []}
datanode_2  | 2019-11-05 07:41:00,737 INFO impl.RoleInfo: 3cec86aa-4999-4e01-88bf-3e209c8db422: start FollowerState
datanode_1  | 2019-11-05 07:41:00,167 WARN server.GrpcLogAppender: 7810225d-1204-40ea-af15-0953dac181fe@group-EF1124F0BCDF->6e5a7694-86d0-4b0b-b8ea-f5ccbceace3d-GrpcLogAppender: Wait interrupted by java.lang.InterruptedException
datanode_3  | 2019-11-05 07:41:00,364 INFO impl.LeaderElection: 6e5a7694-86d0-4b0b-b8ea-f5ccbceace3d@group-EF1124F0BCDF-LeaderElection4: begin an election at term 7 for -1: [3cec86aa-4999-4e01-88bf-3e209c8db422:172.18.0.7:9858, 6e5a7694-86d0-4b0b-b8ea-f5ccbceace3d:172.18.0.5:9858, 7810225d-1204-40ea-af15-0953dac181fe:172.18.0.6:9858], old=null
scm_1       | 2019-11-05 07:41:19,103 INFO server.SCMBlockProtocolServer: Allocating 1 blocks of size 268435456, with ExcludeList {datanodes = [], containerIds = [], pipelineIds = []}
datanode_2  | 2019-11-05 07:41:00,785 INFO impl.RaftServerImpl: 3cec86aa-4999-4e01-88bf-3e209c8db422@group-EF1124F0BCDF: changes role from  FOLLOWER to FOLLOWER at term 11 for recognizeCandidate:6e5a7694-86d0-4b0b-b8ea-f5ccbceace3d
datanode_1  | 2019-11-05 07:41:00,168 INFO impl.PendingRequests: 7810225d-1204-40ea-af15-0953dac181fe@group-EF1124F0BCDF-PendingRequests: sendNotLeaderResponses
datanode_3  | 2019-11-05 07:41:00,372 INFO impl.LeaderElection: 6e5a7694-86d0-4b0b-b8ea-f5ccbceace3d@group-EF1124F0BCDF-LeaderElection4: Election TIMEOUT; received 0 response(s) [] and 0 exception(s); 6e5a7694-86d0-4b0b-b8ea-f5ccbceace3d@group-EF1124F0BCDF:t7, leader=null, voted=6e5a7694-86d0-4b0b-b8ea-f5ccbceace3d, raftlog=6e5a7694-86d0-4b0b-b8ea-f5ccbceace3d@group-EF1124F0BCDF-SegmentedRaftLog:OPENED:c-1,f-1,i0, conf=-1: [3cec86aa-4999-4e01-88bf-3e209c8db422:172.18.0.7:9858, 6e5a7694-86d0-4b0b-b8ea-f5ccbceace3d:172.18.0.5:9858, 7810225d-1204-40ea-af15-0953dac181fe:172.18.0.6:9858], old=null
scm_1       | 2019-11-05 07:41:19,127 INFO server.SCMBlockProtocolServer: Allocating 1 blocks of size 268435456, with ExcludeList {datanodes = [], containerIds = [], pipelineIds = []}
datanode_2  | 2019-11-05 07:41:00,785 INFO impl.RoleInfo: 3cec86aa-4999-4e01-88bf-3e209c8db422: shutdown FollowerState
datanode_1  | 2019-11-05 07:41:00,170 INFO impl.RoleInfo: 7810225d-1204-40ea-af15-0953dac181fe: start FollowerState
datanode_3  | 2019-11-05 07:41:00,385 INFO impl.LeaderElection: 6e5a7694-86d0-4b0b-b8ea-f5ccbceace3d@group-EF1124F0BCDF-LeaderElection4: begin an election at term 8 for -1: [3cec86aa-4999-4e01-88bf-3e209c8db422:172.18.0.7:9858, 6e5a7694-86d0-4b0b-b8ea-f5ccbceace3d:172.18.0.5:9858, 7810225d-1204-40ea-af15-0953dac181fe:172.18.0.6:9858], old=null
scm_1       | 2019-11-05 07:41:19,156 INFO server.SCMBlockProtocolServer: Allocating 1 blocks of size 268435456, with ExcludeList {datanodes = [], containerIds = [], pipelineIds = []}
datanode_2  | 2019-11-05 07:41:00,785 INFO impl.FollowerState: 3cec86aa-4999-4e01-88bf-3e209c8db422@group-EF1124F0BCDF-FollowerState was interrupted: java.lang.InterruptedException: sleep interrupted
datanode_1  | 2019-11-05 07:41:00,172 INFO server.GrpcLogAppender: 7810225d-1204-40ea-af15-0953dac181fe@group-EF1124F0BCDF->3cec86aa-4999-4e01-88bf-3e209c8db422-AppendLogResponseHandler: follower responses appendEntries COMPLETED
datanode_3  | 2019-11-05 07:41:00,437 INFO impl.LeaderElection: 6e5a7694-86d0-4b0b-b8ea-f5ccbceace3d@group-EF1124F0BCDF-LeaderElection4: Election REJECTED; received 2 response(s) [6e5a7694-86d0-4b0b-b8ea-f5ccbceace3d<-3cec86aa-4999-4e01-88bf-3e209c8db422#0:FAIL-t8, 6e5a7694-86d0-4b0b-b8ea-f5ccbceace3d<-7810225d-1204-40ea-af15-0953dac181fe#0:FAIL-t8] and 0 exception(s); 6e5a7694-86d0-4b0b-b8ea-f5ccbceace3d@group-EF1124F0BCDF:t8, leader=null, voted=6e5a7694-86d0-4b0b-b8ea-f5ccbceace3d, raftlog=6e5a7694-86d0-4b0b-b8ea-f5ccbceace3d@group-EF1124F0BCDF-SegmentedRaftLog:OPENED:c-1,f-1,i0, conf=-1: [3cec86aa-4999-4e01-88bf-3e209c8db422:172.18.0.7:9858, 6e5a7694-86d0-4b0b-b8ea-f5ccbceace3d:172.18.0.5:9858, 7810225d-1204-40ea-af15-0953dac181fe:172.18.0.6:9858], old=null
scm_1       | 2019-11-05 07:41:19,187 INFO server.SCMBlockProtocolServer: Allocating 1 blocks of size 268435456, with ExcludeList {datanodes = [], containerIds = [], pipelineIds = []}
datanode_2  | 2019-11-05 07:41:00,785 INFO impl.RoleInfo: 3cec86aa-4999-4e01-88bf-3e209c8db422: start FollowerState
datanode_1  | 2019-11-05 07:41:00,178 INFO impl.FollowerInfo: 7810225d-1204-40ea-af15-0953dac181fe@group-EF1124F0BCDF->3cec86aa-4999-4e01-88bf-3e209c8db422: nextIndex: updateUnconditionally 1 -> 0
datanode_3  | 2019-11-05 07:41:00,438 INFO impl.RaftServerImpl: 6e5a7694-86d0-4b0b-b8ea-f5ccbceace3d@group-EF1124F0BCDF: changes role from CANDIDATE to FOLLOWER at term 8 for DISCOVERED_A_NEW_TERM
scm_1       | 2019-11-05 07:41:19,210 INFO server.SCMBlockProtocolServer: Allocating 1 blocks of size 268435456, with ExcludeList {datanodes = [], containerIds = [], pipelineIds = []}
datanode_2  | 2019-11-05 07:41:00,825 INFO impl.RaftServerImpl: 3cec86aa-4999-4e01-88bf-3e209c8db422@group-EF1124F0BCDF: changes role from  FOLLOWER to FOLLOWER at term 12 for recognizeCandidate:6e5a7694-86d0-4b0b-b8ea-f5ccbceace3d
datanode_1  | 2019-11-05 07:41:00,180 INFO server.GrpcLogAppender: 7810225d-1204-40ea-af15-0953dac181fe@group-EF1124F0BCDF->6e5a7694-86d0-4b0b-b8ea-f5ccbceace3d-AppendLogResponseHandler: follower responses appendEntries COMPLETED
datanode_3  | 2019-11-05 07:41:00,438 INFO impl.RoleInfo: 6e5a7694-86d0-4b0b-b8ea-f5ccbceace3d: shutdown LeaderElection
scm_1       | 2019-11-05 07:41:19,244 INFO server.SCMBlockProtocolServer: Allocating 1 blocks of size 268435456, with ExcludeList {datanodes = [], containerIds = [], pipelineIds = []}
datanode_2  | 2019-11-05 07:41:00,825 INFO impl.RoleInfo: 3cec86aa-4999-4e01-88bf-3e209c8db422: shutdown FollowerState
datanode_3  | 2019-11-05 07:41:00,438 INFO impl.RoleInfo: 6e5a7694-86d0-4b0b-b8ea-f5ccbceace3d: start FollowerState
scm_1       | 2019-11-05 07:41:19,294 INFO server.SCMBlockProtocolServer: Allocating 1 blocks of size 268435456, with ExcludeList {datanodes = [], containerIds = [], pipelineIds = []}
datanode_2  | 2019-11-05 07:41:00,825 INFO impl.FollowerState: 3cec86aa-4999-4e01-88bf-3e209c8db422@group-EF1124F0BCDF-FollowerState was interrupted: java.lang.InterruptedException: sleep interrupted
datanode_1  | 2019-11-05 07:41:00,181 INFO impl.FollowerInfo: 7810225d-1204-40ea-af15-0953dac181fe@group-EF1124F0BCDF->6e5a7694-86d0-4b0b-b8ea-f5ccbceace3d: nextIndex: updateUnconditionally 0 -> 0
datanode_3  | 2019-11-05 07:41:00,499 INFO impl.FollowerState: 6e5a7694-86d0-4b0b-b8ea-f5ccbceace3d@group-EF1124F0BCDF-FollowerState: change to CANDIDATE, lastRpcTime:61ms, electionTimeout:59ms
scm_1       | 2019-11-05 07:41:19,321 INFO server.SCMBlockProtocolServer: Allocating 1 blocks of size 268435456, with ExcludeList {datanodes = [], containerIds = [], pipelineIds = []}
datanode_2  | 2019-11-05 07:41:00,825 INFO impl.RoleInfo: 3cec86aa-4999-4e01-88bf-3e209c8db422: start FollowerState
datanode_1  | 2019-11-05 07:41:00,186 INFO impl.RaftServerImpl: 7810225d-1204-40ea-af15-0953dac181fe@group-EF1124F0BCDF: changes role from  FOLLOWER to FOLLOWER at term 5 for recognizeCandidate:6e5a7694-86d0-4b0b-b8ea-f5ccbceace3d
scm_1       | 2019-11-05 07:41:19,344 INFO server.SCMBlockProtocolServer: Allocating 1 blocks of size 268435456, with ExcludeList {datanodes = [], containerIds = [], pipelineIds = []}
datanode_2  | 2019-11-05 07:41:00,943 INFO impl.RaftServerImpl: 3cec86aa-4999-4e01-88bf-3e209c8db422@group-EF1124F0BCDF: changes role from  FOLLOWER to FOLLOWER at term 13 for recognizeCandidate:6e5a7694-86d0-4b0b-b8ea-f5ccbceace3d
