datanode_2  | 2019-11-08 00:37:22,050 INFO impl.RaftServerImpl: 273511f5-ceee-4675-bafe-7bee108f5bfb@group-CB688E4E3C18: ConfigurationManager, init=-1: [89840850-3f91-45ee-92df-d601b6baecc2:172.18.0.9:9858, bc702bd2-ccc6-4ed0-b72c-10a69fd8c989:172.18.0.8:9858, 273511f5-ceee-4675-bafe-7bee108f5bfb:172.18.0.10:9858], old=null, confs=<EMPTY_MAP>
datanode_3  | 2019-11-08 00:37:21,512 INFO impl.RaftServerImpl: bc702bd2-ccc6-4ed0-b72c-10a69fd8c989@group-BD26F2F772AE: start as a follower, conf=-1: [bc702bd2-ccc6-4ed0-b72c-10a69fd8c989:172.18.0.8:9858], old=null
datanode_1  | 2019-11-08 00:37:20,987 WARN impl.MetricRegistriesImpl: First MetricRegistry has been created without registering reporters. You may need to call MetricRegistries.global().addReportRegistration(...) before.
s3g_1       | bc7e5d6055e729b238df288ade5e9bcd6ac2a5e13fc3fcdfba5ed401309797a1, signature=39ee212e280f1f06c2c8b006da8d93c7aa112ceba8094e81fed2af97237ba9c3, awsAccessKeyId=dlfknslnfslf, while invoking $Proxy83.submitRequest over nodeId=null,nodeAddress=om:9862 after 10 failover attempts. Trying to failover immediately.
scm_1       | 2019-11-08 00:37:15,400 INFO authorize.ServiceAuthorizationManager: Authorization successful for om/om@EXAMPLE.COM (auth:KERBEROS) for protocol=interface org.apache.hadoop.hdds.protocol.SCMSecurityProtocol
kdc_1       | Authenticating as principal admin/admin with keytab /tmp/admin.keytab.
om_1        | 2019-11-08 00:37:20,098 INFO http.HttpServer2: Jetty bound to port 9874
datanode_2  | 2019-11-08 00:37:22,050 INFO server.RaftServerConfigKeys: raft.server.storage.dir = [/data/metadata/ratis] (custom)
datanode_3  | 2019-11-08 00:37:21,513 INFO impl.RaftServerImpl: bc702bd2-ccc6-4ed0-b72c-10a69fd8c989@group-BD26F2F772AE: changes role from      null to FOLLOWER at term 0 for startAsFollower
datanode_1  | 2019-11-08 00:37:20,989 INFO impl.RaftServerImpl: 89840850-3f91-45ee-92df-d601b6baecc2@group-786791EC92CA: start as a follower, conf=-1: [89840850-3f91-45ee-92df-d601b6baecc2:172.18.0.9:9858], old=null
s3g_1       | 2019-11-08 00:44:53,010 WARN ipc.Client: Exception encountered while connecting to the server : org.apache.hadoop.ipc.RemoteException(org.apache.hadoop.security.token.SecretManager$InvalidToken): No S3 secret found for S3 identifier:OzoneToken owner=dlfknslnfslf, renewer=, realUser=, issueDate=0, maxDate=0, sequenceNumber=0, masterKeyId=0, strToSign=AWS4-HMAC-SHA256
scm_1       | 2019-11-08 00:37:15,403 INFO server.SCMClientProtocolServer: Processing CSR for om om, UUID: f09434ad-6f72-46ab-ae74-6ca7dee4d0b9
kdc_1       | WARNING: no policy specified for om/s3g@EXAMPLE.COM; defaulting to no policy
om_1        | 2019-11-08 00:37:20,099 INFO server.Server: jetty-9.3.25.v20180904, build timestamp: 2018-09-04T21:11:46Z, git hash: 3ce520221d0240229c862b122d2b06c12a625732
datanode_3  | 2019-11-08 00:37:21,514 INFO impl.RoleInfo: bc702bd2-ccc6-4ed0-b72c-10a69fd8c989: start FollowerState
datanode_2  | 2019-11-08 00:37:22,050 INFO server.RaftServerConfigKeys: raft.server.log.corruption.policy = EXCEPTION (default)
datanode_1  | 2019-11-08 00:37:20,989 INFO impl.RaftServerImpl: 89840850-3f91-45ee-92df-d601b6baecc2@group-786791EC92CA: changes role from      null to FOLLOWER at term 0 for startAsFollower
s3g_1       | 20191108T004452Z
scm_1       | 2019-11-08 00:37:17,896 INFO ipc.Server: Auth successful for dn/956474a8e039@EXAMPLE.COM (auth:KERBEROS)
kdc_1       | Principal "om/s3g@EXAMPLE.COM" created.
om_1        | 2019-11-08 00:37:20,129 INFO server.AuthenticationFilter: Unable to initialize FileSignerSecretProvider, falling back to use random secrets.
datanode_2  | 2019-11-08 00:37:22,050 INFO storage.RaftStorageDirectory: The storage directory /data/metadata/ratis/7cac3ed3-dc1a-4590-bf24-cb688e4e3c18 does not exist. Creating ...
s3g_1       | 20191108/us-west-1/s3/aws4_request
datanode_1  | 2019-11-08 00:37:20,990 INFO impl.RoleInfo: 89840850-3f91-45ee-92df-d601b6baecc2: start FollowerState
datanode_3  | 2019-11-08 00:37:21,518 INFO util.JmxRegister: Successfully registered JMX Bean with object name Ratis:service=RaftServer,group=group-BD26F2F772AE,id=bc702bd2-ccc6-4ed0-b72c-10a69fd8c989
scm_1       | 2019-11-08 00:37:17,898 INFO ipc.Server: Auth successful for dn/1b22b7cebf19@EXAMPLE.COM (auth:KERBEROS)
kdc_1       | Authenticating as principal admin/admin with keytab /tmp/admin.keytab.
om_1        | 2019-11-08 00:37:20,130 INFO server.KerberosAuthenticationHandler: Using keytab /etc/security/keytabs/HTTP.keytab, for principal HTTP/om@EXAMPLE.COM
datanode_2  | 2019-11-08 00:37:22,074 INFO storage.RaftStorageDirectory: Lock on /data/metadata/ratis/7cac3ed3-dc1a-4590-bf24-cb688e4e3c18/in_use.lock acquired by nodename 7@956474a8e039
s3g_1       | bc7e5d6055e729b238df288ade5e9bcd6ac2a5e13fc3fcdfba5ed401309797a1, signature=39ee212e280f1f06c2c8b006da8d93c7aa112ceba8094e81fed2af97237ba9c3, awsAccessKeyId=dlfknslnfslf
datanode_3  | 2019-11-08 00:37:21,519 WARN impl.MetricRegistriesImpl: First MetricRegistry has been created without registering reporters. You may need to call MetricRegistries.global().addReportRegistration(...) before.
datanode_1  | 2019-11-08 00:37:20,995 INFO util.JmxRegister: Successfully registered JMX Bean with object name Ratis:service=RaftServer,group=group-786791EC92CA,id=89840850-3f91-45ee-92df-d601b6baecc2
scm_1       | 2019-11-08 00:37:17,904 INFO authorize.ServiceAuthorizationManager: Authorization successful for dn/956474a8e039@EXAMPLE.COM (auth:KERBEROS) for protocol=interface org.apache.hadoop.ozone.protocol.StorageContainerDatanodeProtocol
kdc_1       | Entry for principal om/s3g@EXAMPLE.COM with kvno 2, encryption type aes256-cts-hmac-sha1-96 added to keytab WRFILE:/data/om.s3g.keytab.
om_1        | 2019-11-08 00:37:20,133 INFO handler.ContextHandler: Started o.e.j.s.ServletContextHandler@162c1dfb{/logs,file:///var/log/hadoop/,AVAILABLE}
datanode_2  | 2019-11-08 00:37:22,087 INFO storage.RaftStorage: Storage directory /data/metadata/ratis/7cac3ed3-dc1a-4590-bf24-cb688e4e3c18 has been successfully formatted.
s3g_1       | 2019-11-08 00:44:53,011 INFO retry.RetryInvocationHandler: com.google.protobuf.ServiceException: org.apache.hadoop.ipc.RemoteException(org.apache.hadoop.security.token.SecretManager$InvalidToken): No S3 secret found for S3 identifier:OzoneToken owner=dlfknslnfslf, renewer=, realUser=, issueDate=0, maxDate=0, sequenceNumber=0, masterKeyId=0, strToSign=AWS4-HMAC-SHA256
datanode_3  | 2019-11-08 00:37:22,054 INFO impl.RaftServerProxy: bc702bd2-ccc6-4ed0-b72c-10a69fd8c989: addNew group-CB688E4E3C18:[89840850-3f91-45ee-92df-d601b6baecc2:172.18.0.9:9858, bc702bd2-ccc6-4ed0-b72c-10a69fd8c989:172.18.0.8:9858, 273511f5-ceee-4675-bafe-7bee108f5bfb:172.18.0.10:9858] returns group-CB688E4E3C18:java.util.concurrent.CompletableFuture@4c1bd9b1[Not completed]
datanode_1  | 2019-11-08 00:37:20,998 WARN impl.MetricRegistriesImpl: First MetricRegistry has been created without registering reporters. You may need to call MetricRegistries.global().addReportRegistration(...) before.
scm_1       | 2019-11-08 00:37:17,904 INFO authorize.ServiceAuthorizationManager: Authorization successful for dn/1b22b7cebf19@EXAMPLE.COM (auth:KERBEROS) for protocol=interface org.apache.hadoop.ozone.protocol.StorageContainerDatanodeProtocol
kdc_1       | Entry for principal om/s3g@EXAMPLE.COM with kvno 2, encryption type aes128-cts-hmac-sha1-96 added to keytab WRFILE:/data/om.s3g.keytab.
om_1        | 2019-11-08 00:37:20,133 INFO handler.ContextHandler: Started o.e.j.s.ServletContextHandler@7a9ceddf{/static,jar:file:/opt/hadoop/share/ozone/lib/hadoop-ozone-ozone-manager-0.5.0-SNAPSHOT.jar!/webapps/static,AVAILABLE}
datanode_2  | 2019-11-08 00:37:22,088 INFO ratis.ContainerStateMachine: group-CB688E4E3C18: The snapshot info is null. Setting the last applied indexto:(t:0, i:~)
s3g_1       | 20191108T004452Z
datanode_1  | 2019-11-08 00:37:22,069 INFO impl.RaftServerProxy: 89840850-3f91-45ee-92df-d601b6baecc2: addNew group-CB688E4E3C18:[89840850-3f91-45ee-92df-d601b6baecc2:172.18.0.9:9858, bc702bd2-ccc6-4ed0-b72c-10a69fd8c989:172.18.0.8:9858, 273511f5-ceee-4675-bafe-7bee108f5bfb:172.18.0.10:9858] returns group-CB688E4E3C18:java.util.concurrent.CompletableFuture@3e66e0c[Not completed]
scm_1       | 2019-11-08 00:37:17,906 INFO ipc.Server: Auth successful for dn/5c025a13b5d5@EXAMPLE.COM (auth:KERBEROS)
kdc_1       | Generiting keytab
om_1        | 2019-11-08 00:37:20,203 INFO server.KerberosAuthenticationHandler: Using keytab /etc/security/keytabs/HTTP.keytab, for principal HTTP/om@EXAMPLE.COM
s3g_1       | 20191108/us-west-1/s3/aws4_request
datanode_2  | 2019-11-08 00:37:22,088 INFO server.RaftServerConfigKeys: raft.server.notification.no-leader.timeout = 120s (custom)
datanode_3  | 2019-11-08 00:37:22,057 INFO impl.RaftServerImpl: bc702bd2-ccc6-4ed0-b72c-10a69fd8c989: new RaftServerImpl for group-CB688E4E3C18:[89840850-3f91-45ee-92df-d601b6baecc2:172.18.0.9:9858, bc702bd2-ccc6-4ed0-b72c-10a69fd8c989:172.18.0.8:9858, 273511f5-ceee-4675-bafe-7bee108f5bfb:172.18.0.10:9858] with ContainerStateMachine:uninitialized
scm_1       | 2019-11-08 00:37:17,909 INFO authorize.ServiceAuthorizationManager: Authorization successful for dn/5c025a13b5d5@EXAMPLE.COM (auth:KERBEROS) for protocol=interface org.apache.hadoop.ozone.protocol.StorageContainerDatanodeProtocol
datanode_1  | 2019-11-08 00:37:22,071 INFO impl.RaftServerImpl: 89840850-3f91-45ee-92df-d601b6baecc2: new RaftServerImpl for group-CB688E4E3C18:[89840850-3f91-45ee-92df-d601b6baecc2:172.18.0.9:9858, bc702bd2-ccc6-4ed0-b72c-10a69fd8c989:172.18.0.8:9858, 273511f5-ceee-4675-bafe-7bee108f5bfb:172.18.0.10:9858] with ContainerStateMachine:uninitialized
kdc_1       | Authenticating as principal admin/admin with keytab /tmp/admin.keytab.
om_1        | 2019-11-08 00:37:20,207 INFO handler.ContextHandler: Started o.e.j.w.WebAppContext@40c06358{/,file:///tmp/jetty-0.0.0.0-9874-ozoneManager-_-any-14264312874064971561.dir/webapp/,AVAILABLE}{/ozoneManager}
s3g_1       | bc7e5d6055e729b238df288ade5e9bcd6ac2a5e13fc3fcdfba5ed401309797a1, signature=39ee212e280f1f06c2c8b006da8d93c7aa112ceba8094e81fed2af97237ba9c3, awsAccessKeyId=dlfknslnfslf, while invoking $Proxy83.submitRequest over nodeId=null,nodeAddress=om:9862 after 11 failover attempts. Trying to failover immediately.
datanode_2  | 2019-11-08 00:37:22,088 INFO server.RaftServerConfigKeys: raft.server.log.use.memory = false (default)
scm_1       | 2019-11-08 00:37:18,057 INFO ipc.Server: Auth successful for om/om@EXAMPLE.COM (auth:KERBEROS)
datanode_3  | 2019-11-08 00:37:22,057 INFO server.RaftServerConfigKeys: raft.server.rpc.timeout.min = 5s (custom)
datanode_1  | 2019-11-08 00:37:22,072 INFO server.RaftServerConfigKeys: raft.server.rpc.timeout.min = 5s (custom)
kdc_1       | WARNING: no policy specified for om/scm@EXAMPLE.COM; defaulting to no policy
om_1        | 2019-11-08 00:37:20,237 INFO server.AbstractConnector: Started ServerConnector@1e29d939{HTTP/1.1,[http/1.1]}{0.0.0.0:9874}
s3g_1       | 2019-11-08 00:44:53,014 WARN ipc.Client: Exception encountered while connecting to the server : org.apache.hadoop.ipc.RemoteException(org.apache.hadoop.security.token.SecretManager$InvalidToken): No S3 secret found for S3 identifier:OzoneToken owner=dlfknslnfslf, renewer=, realUser=, issueDate=0, maxDate=0, sequenceNumber=0, masterKeyId=0, strToSign=AWS4-HMAC-SHA256
datanode_2  | 2019-11-08 00:37:22,089 INFO server.RaftServerConfigKeys: raft.server.log.purge.gap = 1000000 (custom)
scm_1       | 2019-11-08 00:37:18,068 INFO authorize.ServiceAuthorizationManager: Authorization successful for om/om@EXAMPLE.COM (auth:KERBEROS) for protocol=interface org.apache.hadoop.hdds.scm.protocol.ScmBlockLocationProtocol
datanode_3  | 2019-11-08 00:37:22,057 INFO server.RaftServerConfigKeys: raft.server.rpc.timeout.max = 5200ms (custom)
datanode_1  | 2019-11-08 00:37:22,072 INFO server.RaftServerConfigKeys: raft.server.rpc.timeout.max = 5200ms (custom)
kdc_1       | Nov 08 00:37:01 kdc krb5kdc[9](info): AS_REQ (8 etypes {18 17 20 19 16 23 25 26}) 127.0.0.1: SERVER_NOT_FOUND: admin/admin@EXAMPLE.COM for kadmin/localhost@EXAMPLE.COM, Server not found in Kerberos database
om_1        | 2019-11-08 00:37:20,237 INFO server.Server: Started @4527ms
s3g_1       | 20191108T004452Z
datanode_2  | 2019-11-08 00:37:22,089 INFO server.RaftServerConfigKeys: raft.server.log.appender.buffer.byte-limit = 33554432 (custom)
datanode_3  | 2019-11-08 00:37:22,058 INFO server.RaftServerConfigKeys: raft.server.rpcslowness.timeout = 120s (custom)
scm_1       | 2019-11-08 00:37:19,881 INFO net.NetworkTopology: Added a new node: /default-rack/89840850-3f91-45ee-92df-d601b6baecc2
datanode_1  | 2019-11-08 00:37:22,072 INFO server.RaftServerConfigKeys: raft.server.rpcslowness.timeout = 120s (custom)
kdc_1       | Nov 08 00:37:01 kdc krb5kdc[9](info): AS_REQ (8 etypes {18 17 20 19 16 23 25 26}) 127.0.0.1: ISSUE: authtime 1573173421, etypes {rep=18 tkt=18 ses=18}, admin/admin@EXAMPLE.COM for kadmin/admin@EXAMPLE.COM
om_1        | 2019-11-08 00:37:20,241 INFO impl.MetricsSinkAdapter: Sink prometheus started
s3g_1       | 20191108/us-west-1/s3/aws4_request
datanode_2  | 2019-11-08 00:37:22,089 INFO server.RaftServerConfigKeys: raft.server.log.segment.size.max = 1048576 (custom)
scm_1       | 2019-11-08 00:37:19,882 INFO node.SCMNodeManager: Registered Data node : 89840850-3f91-45ee-92df-d601b6baecc2{ip: 172.18.0.9, host: ozonesecure_datanode_1.ozonesecure_default, networkLocation: /default-rack, certSerialId: 13520220563852367}
datanode_3  | 2019-11-08 00:37:22,058 INFO server.RaftServerConfigKeys: raft.server.sleep.deviation.threshold = 300 (default)
datanode_1  | 2019-11-08 00:37:22,072 INFO server.RaftServerConfigKeys: raft.server.sleep.deviation.threshold = 300 (default)
kdc_1       | Nov 08 00:37:01 kdc krb5kdc[9](info): AS_REQ (8 etypes {18 17 20 19 16 23 25 26}) 127.0.0.1: SERVER_NOT_FOUND: admin/admin@EXAMPLE.COM for kadmin/localhost@EXAMPLE.COM, Server not found in Kerberos database
om_1        | 2019-11-08 00:37:20,241 INFO impl.MetricsSystemImpl: Registered sink prometheus
s3g_1       | bc7e5d6055e729b238df288ade5e9bcd6ac2a5e13fc3fcdfba5ed401309797a1, signature=39ee212e280f1f06c2c8b006da8d93c7aa112ceba8094e81fed2af97237ba9c3, awsAccessKeyId=dlfknslnfslf
datanode_2  | 2019-11-08 00:37:22,090 INFO server.RaftServerConfigKeys: raft.server.log.segment.cache.num.max = 2 (custom)
scm_1       | 2019-11-08 00:37:19,885 INFO net.NetworkTopology: Added a new node: /default-rack/bc702bd2-ccc6-4ed0-b72c-10a69fd8c989
datanode_3  | 2019-11-08 00:37:22,058 INFO server.RaftServerConfigKeys: raft.server.log.appender.install.snapshot.enabled = false (custom)
kdc_1       | Nov 08 00:37:01 kdc krb5kdc[9](info): AS_REQ (8 etypes {18 17 20 19 16 23 25 26}) 127.0.0.1: ISSUE: authtime 1573173421, etypes {rep=18 tkt=18 ses=18}, admin/admin@EXAMPLE.COM for kadmin/admin@EXAMPLE.COM
datanode_1  | 2019-11-08 00:37:22,072 INFO server.RaftServerConfigKeys: raft.server.log.appender.install.snapshot.enabled = false (custom)
om_1        | 2019-11-08 00:37:20,243 INFO server.BaseHttpServer: HTTP server of OZONEMANAGER is listening at http://0.0.0.0:9874
datanode_2  | 2019-11-08 00:37:22,090 INFO segmented.SegmentedRaftLogWorker: new 273511f5-ceee-4675-bafe-7bee108f5bfb@group-CB688E4E3C18-SegmentedRaftLogWorker for RaftStorage:Storage Directory /data/metadata/ratis/7cac3ed3-dc1a-4590-bf24-cb688e4e3c18
scm_1       | 2019-11-08 00:37:19,886 INFO node.SCMNodeManager: Registered Data node : bc702bd2-ccc6-4ed0-b72c-10a69fd8c989{ip: 172.18.0.8, host: ozonesecure_datanode_3.ozonesecure_default, networkLocation: /default-rack, certSerialId: 13520220563930584}
datanode_3  | 2019-11-08 00:37:22,058 INFO impl.RaftServerImpl: bc702bd2-ccc6-4ed0-b72c-10a69fd8c989@group-CB688E4E3C18: ConfigurationManager, init=-1: [89840850-3f91-45ee-92df-d601b6baecc2:172.18.0.9:9858, bc702bd2-ccc6-4ed0-b72c-10a69fd8c989:172.18.0.8:9858, 273511f5-ceee-4675-bafe-7bee108f5bfb:172.18.0.10:9858], old=null, confs=<EMPTY_MAP>
kdc_1       | Nov 08 00:37:01 kdc krb5kdc[9](info): AS_REQ (8 etypes {18 17 20 19 16 23 25 26}) 127.0.0.1: SERVER_NOT_FOUND: admin/admin@EXAMPLE.COM for kadmin/localhost@EXAMPLE.COM, Server not found in Kerberos database
s3g_1       | 2019-11-08 00:44:53,015 INFO retry.RetryInvocationHandler: com.google.protobuf.ServiceException: org.apache.hadoop.ipc.RemoteException(org.apache.hadoop.security.token.SecretManager$InvalidToken): No S3 secret found for S3 identifier:OzoneToken owner=dlfknslnfslf, renewer=, realUser=, issueDate=0, maxDate=0, sequenceNumber=0, masterKeyId=0, strToSign=AWS4-HMAC-SHA256
datanode_1  | 2019-11-08 00:37:22,072 INFO impl.RaftServerImpl: 89840850-3f91-45ee-92df-d601b6baecc2@group-CB688E4E3C18: ConfigurationManager, init=-1: [89840850-3f91-45ee-92df-d601b6baecc2:172.18.0.9:9858, bc702bd2-ccc6-4ed0-b72c-10a69fd8c989:172.18.0.8:9858, 273511f5-ceee-4675-bafe-7bee108f5bfb:172.18.0.10:9858], old=null, confs=<EMPTY_MAP>
om_1        | 2019-11-08 00:37:36,749 INFO ipc.Server: Auth successful for HTTP/scm@EXAMPLE.COM (auth:KERBEROS)
datanode_2  | 2019-11-08 00:37:22,090 INFO server.RaftServerConfigKeys: raft.server.log.queue.byte-limit = 2147483647 (custom)
scm_1       | 2019-11-08 00:37:19,889 INFO safemode.SCMSafeModeManager: SCM in safe mode. 1 DataNodes registered, 1 required.
datanode_3  | 2019-11-08 00:37:22,058 INFO server.RaftServerConfigKeys: raft.server.storage.dir = [/data/metadata/ratis] (custom)
kdc_1       | Nov 08 00:37:01 kdc krb5kdc[9](info): AS_REQ (8 etypes {18 17 20 19 16 23 25 26}) 127.0.0.1: ISSUE: authtime 1573173421, etypes {rep=18 tkt=18 ses=18}, admin/admin@EXAMPLE.COM for kadmin/admin@EXAMPLE.COM
s3g_1       | 20191108T004452Z
datanode_1  | 2019-11-08 00:37:22,072 INFO server.RaftServerConfigKeys: raft.server.storage.dir = [/data/metadata/ratis] (custom)
om_1        | 2019-11-08 00:37:36,767 INFO authorize.ServiceAuthorizationManager: Authorization successful for HTTP/scm@EXAMPLE.COM (auth:KERBEROS) for protocol=interface org.apache.hadoop.ozone.om.protocol.OzoneManagerProtocol
scm_1       | 2019-11-08 00:37:19,889 INFO safemode.SCMSafeModeManager: ScmSafeModeManager, all rules are successfully validated
datanode_3  | 2019-11-08 00:37:22,059 INFO server.RaftServerConfigKeys: raft.server.log.corruption.policy = EXCEPTION (default)
kdc_1       | Nov 08 00:37:01 kdc krb5kdc[9](info): AS_REQ (8 etypes {18 17 20 19 16 23 25 26}) 127.0.0.1: SERVER_NOT_FOUND: admin/admin@EXAMPLE.COM for kadmin/localhost@EXAMPLE.COM, Server not found in Kerberos database
s3g_1       | 20191108/us-west-1/s3/aws4_request
datanode_1  | 2019-11-08 00:37:22,073 INFO server.RaftServerConfigKeys: raft.server.log.corruption.policy = EXCEPTION (default)
om_1        | 2019-11-08 00:37:38,197 INFO volume.OMVolumeCreateRequest: created volume:vol-0-24276 for user:HTTP/scm@EXAMPLE.COM
datanode_2  | 2019-11-08 00:37:22,090 INFO server.RaftServerConfigKeys: raft.server.log.queue.element-limit = 1024 (custom)
scm_1       | 2019-11-08 00:37:19,890 INFO safemode.SCMSafeModeManager: SCM exiting safe mode.
datanode_3  | 2019-11-08 00:37:22,059 INFO storage.RaftStorageDirectory: The storage directory /data/metadata/ratis/7cac3ed3-dc1a-4590-bf24-cb688e4e3c18 does not exist. Creating ...
kdc_1       | Nov 08 00:37:01 kdc krb5kdc[9](info): AS_REQ (8 etypes {18 17 20 19 16 23 25 26}) 127.0.0.1: ISSUE: authtime 1573173421, etypes {rep=18 tkt=18 ses=18}, admin/admin@EXAMPLE.COM for kadmin/admin@EXAMPLE.COM
s3g_1       | bc7e5d6055e729b238df288ade5e9bcd6ac2a5e13fc3fcdfba5ed401309797a1, signature=39ee212e280f1f06c2c8b006da8d93c7aa112ceba8094e81fed2af97237ba9c3, awsAccessKeyId=dlfknslnfslf, while invoking $Proxy83.submitRequest over nodeId=null,nodeAddress=om:9862 after 12 failover attempts. Trying to failover immediately.
datanode_1  | 2019-11-08 00:37:22,073 INFO storage.RaftStorageDirectory: The storage directory /data/metadata/ratis/7cac3ed3-dc1a-4590-bf24-cb688e4e3c18 does not exist. Creating ...
om_1        | 2019-11-08 00:37:38,294 INFO volume.OMVolumeCreateRequest: created volume:vol-1-03053 for user:HTTP/scm@EXAMPLE.COM
datanode_2  | 2019-11-08 00:37:22,090 INFO server.RaftServerConfigKeys: raft.server.log.segment.size.max = 1048576 (custom)
scm_1       | 2019-11-08 00:37:19,891 INFO net.NetworkTopology: Added a new node: /default-rack/273511f5-ceee-4675-bafe-7bee108f5bfb
kdc_1       | Nov 08 00:37:01 kdc krb5kdc[9](info): AS_REQ (8 etypes {18 17 20 19 16 23 25 26}) 127.0.0.1: SERVER_NOT_FOUND: admin/admin@EXAMPLE.COM for kadmin/localhost@EXAMPLE.COM, Server not found in Kerberos database
datanode_3  | 2019-11-08 00:37:22,074 INFO storage.RaftStorageDirectory: Lock on /data/metadata/ratis/7cac3ed3-dc1a-4590-bf24-cb688e4e3c18/in_use.lock acquired by nodename 7@1b22b7cebf19
s3g_1       | 2019-11-08 00:44:53,019 WARN ipc.Client: Exception encountered while connecting to the server : org.apache.hadoop.ipc.RemoteException(org.apache.hadoop.security.token.SecretManager$InvalidToken): No S3 secret found for S3 identifier:OzoneToken owner=dlfknslnfslf, renewer=, realUser=, issueDate=0, maxDate=0, sequenceNumber=0, masterKeyId=0, strToSign=AWS4-HMAC-SHA256
datanode_1  | 2019-11-08 00:37:22,087 INFO storage.RaftStorageDirectory: Lock on /data/metadata/ratis/7cac3ed3-dc1a-4590-bf24-cb688e4e3c18/in_use.lock acquired by nodename 7@5c025a13b5d5
om_1        | 2019-11-08 00:37:38,331 INFO volume.OMVolumeCreateRequest: created volume:vol-2-44733 for user:HTTP/scm@EXAMPLE.COM
datanode_2  | 2019-11-08 00:37:22,090 INFO server.RaftServerConfigKeys: raft.server.log.preallocated.size = 16384 (custom)
scm_1       | 2019-11-08 00:37:19,891 INFO node.SCMNodeManager: Registered Data node : 273511f5-ceee-4675-bafe-7bee108f5bfb{ip: 172.18.0.10, host: ozonesecure_datanode_2.ozonesecure_default, networkLocation: /default-rack, certSerialId: 13520220599211720}
datanode_3  | 2019-11-08 00:37:22,087 INFO storage.RaftStorage: Storage directory /data/metadata/ratis/7cac3ed3-dc1a-4590-bf24-cb688e4e3c18 has been successfully formatted.
kdc_1       | Nov 08 00:37:01 kdc krb5kdc[9](info): AS_REQ (8 etypes {18 17 20 19 16 23 25 26}) 127.0.0.1: ISSUE: authtime 1573173421, etypes {rep=18 tkt=18 ses=18}, admin/admin@EXAMPLE.COM for kadmin/admin@EXAMPLE.COM
s3g_1       | 20191108T004452Z
datanode_1  | 2019-11-08 00:37:22,109 INFO storage.RaftStorage: Storage directory /data/metadata/ratis/7cac3ed3-dc1a-4590-bf24-cb688e4e3c18 has been successfully formatted.
om_1        | 2019-11-08 00:37:38,362 INFO volume.OMVolumeCreateRequest: created volume:vol-3-07239 for user:HTTP/scm@EXAMPLE.COM
datanode_2  | 2019-11-08 00:37:22,090 INFO server.RaftServerConfigKeys: raft.server.log.write.buffer.size = 33554432 (custom)
scm_1       | 2019-11-08 00:37:21,089 INFO pipeline.PipelineStateManager: Created pipeline Pipeline[ Id: 644590e4-7ae1-4431-b851-786791ec92ca, Nodes: 89840850-3f91-45ee-92df-d601b6baecc2{ip: 172.18.0.9, host: ozonesecure_datanode_1.ozonesecure_default, networkLocation: /default-rack, certSerialId: null}, Type:RATIS, Factor:ONE, State:OPEN]
datanode_3  | 2019-11-08 00:37:22,088 INFO ratis.ContainerStateMachine: group-CB688E4E3C18: The snapshot info is null. Setting the last applied indexto:(t:0, i:~)
kdc_1       | Nov 08 00:37:01 kdc krb5kdc[9](info): AS_REQ (8 etypes {18 17 20 19 16 23 25 26}) 127.0.0.1: SERVER_NOT_FOUND: admin/admin@EXAMPLE.COM for kadmin/localhost@EXAMPLE.COM, Server not found in Kerberos database
s3g_1       | 20191108/us-west-1/s3/aws4_request
datanode_1  | 2019-11-08 00:37:22,110 INFO ratis.ContainerStateMachine: group-CB688E4E3C18: The snapshot info is null. Setting the last applied indexto:(t:0, i:~)
om_1        | 2019-11-08 00:37:38,384 INFO volume.OMVolumeCreateRequest: created volume:vol-4-92721 for user:HTTP/scm@EXAMPLE.COM
datanode_2  | 2019-11-08 00:37:22,090 INFO server.RaftServerConfigKeys: raft.server.log.force.sync.num = 128 (default)
scm_1       | 2019-11-08 00:37:21,578 INFO pipeline.PipelineStateManager: Created pipeline Pipeline[ Id: ecd5e246-50c1-41b8-930b-bd26f2f772ae, Nodes: bc702bd2-ccc6-4ed0-b72c-10a69fd8c989{ip: 172.18.0.8, host: ozonesecure_datanode_3.ozonesecure_default, networkLocation: /default-rack, certSerialId: null}, Type:RATIS, Factor:ONE, State:OPEN]
datanode_3  | 2019-11-08 00:37:22,088 INFO server.RaftServerConfigKeys: raft.server.notification.no-leader.timeout = 120s (custom)
kdc_1       | Nov 08 00:37:01 kdc krb5kdc[9](info): AS_REQ (8 etypes {18 17 20 19 16 23 25 26}) 127.0.0.1: ISSUE: authtime 1573173421, etypes {rep=18 tkt=18 ses=18}, admin/admin@EXAMPLE.COM for kadmin/admin@EXAMPLE.COM
s3g_1       | bc7e5d6055e729b238df288ade5e9bcd6ac2a5e13fc3fcdfba5ed401309797a1, signature=39ee212e280f1f06c2c8b006da8d93c7aa112ceba8094e81fed2af97237ba9c3, awsAccessKeyId=dlfknslnfslf
datanode_1  | 2019-11-08 00:37:22,110 INFO server.RaftServerConfigKeys: raft.server.notification.no-leader.timeout = 120s (custom)
om_1        | 2019-11-08 00:38:05,695 INFO ipc.Server: Auth successful for testuser/scm@EXAMPLE.COM (auth:KERBEROS)
datanode_2  | 2019-11-08 00:37:22,090 INFO server.RaftServerConfigKeys: raft.server.log.statemachine.data.sync = true (default)
scm_1       | 2019-11-08 00:37:21,991 INFO pipeline.PipelineStateManager: Created pipeline Pipeline[ Id: 26ed3934-2165-44dc-a96e-74b8094d5bf4, Nodes: 273511f5-ceee-4675-bafe-7bee108f5bfb{ip: 172.18.0.10, host: ozonesecure_datanode_2.ozonesecure_default, networkLocation: /default-rack, certSerialId: null}, Type:RATIS, Factor:ONE, State:OPEN]
datanode_3  | 2019-11-08 00:37:22,088 INFO server.RaftServerConfigKeys: raft.server.log.use.memory = false (default)
kdc_1       | Nov 08 00:37:01 kdc krb5kdc[9](info): AS_REQ (8 etypes {18 17 20 19 16 23 25 26}) 127.0.0.1: SERVER_NOT_FOUND: admin/admin@EXAMPLE.COM for kadmin/localhost@EXAMPLE.COM, Server not found in Kerberos database
s3g_1       | 2019-11-08 00:44:53,021 INFO retry.RetryInvocationHandler: com.google.protobuf.ServiceException: org.apache.hadoop.ipc.RemoteException(org.apache.hadoop.security.token.SecretManager$InvalidToken): No S3 secret found for S3 identifier:OzoneToken owner=dlfknslnfslf, renewer=, realUser=, issueDate=0, maxDate=0, sequenceNumber=0, masterKeyId=0, strToSign=AWS4-HMAC-SHA256
datanode_1  | 2019-11-08 00:37:22,110 INFO server.RaftServerConfigKeys: raft.server.log.use.memory = false (default)
om_1        | 2019-11-08 00:38:05,709 INFO authorize.ServiceAuthorizationManager: Authorization successful for testuser/scm@EXAMPLE.COM (auth:KERBEROS) for protocol=interface org.apache.hadoop.ozone.om.protocol.OzoneManagerProtocol
datanode_2  | 2019-11-08 00:37:22,090 INFO server.RaftServerConfigKeys: raft.server.log.statemachine.data.sync.timeout = 10s (default)
scm_1       | 2019-11-08 00:37:22,122 INFO pipeline.PipelineStateManager: Created pipeline Pipeline[ Id: 7cac3ed3-dc1a-4590-bf24-cb688e4e3c18, Nodes: 89840850-3f91-45ee-92df-d601b6baecc2{ip: 172.18.0.9, host: ozonesecure_datanode_1.ozonesecure_default, networkLocation: /default-rack, certSerialId: null}bc702bd2-ccc6-4ed0-b72c-10a69fd8c989{ip: 172.18.0.8, host: ozonesecure_datanode_3.ozonesecure_default, networkLocation: /default-rack, certSerialId: null}273511f5-ceee-4675-bafe-7bee108f5bfb{ip: 172.18.0.10, host: ozonesecure_datanode_2.ozonesecure_default, networkLocation: /default-rack, certSerialId: null}, Type:RATIS, Factor:THREE, State:OPEN]
datanode_3  | 2019-11-08 00:37:22,088 INFO server.RaftServerConfigKeys: raft.server.log.purge.gap = 1000000 (custom)
kdc_1       | Nov 08 00:37:01 kdc krb5kdc[9](info): AS_REQ (8 etypes {18 17 20 19 16 23 25 26}) 127.0.0.1: ISSUE: authtime 1573173421, etypes {rep=18 tkt=18 ses=18}, admin/admin@EXAMPLE.COM for kadmin/admin@EXAMPLE.COM
s3g_1       | 20191108T004452Z
datanode_1  | 2019-11-08 00:37:22,110 INFO server.RaftServerConfigKeys: raft.server.log.purge.gap = 1000000 (custom)
om_1        | 2019-11-08 00:38:08,453 INFO ipc.Server: Auth successful for testuser/scm@EXAMPLE.COM (auth:KERBEROS)
datanode_2  | 2019-11-08 00:37:22,091 INFO server.RaftServerConfigKeys: raft.server.log.statemachine.data.sync.timeout.retry = -1 (default)
scm_1       | 2019-11-08 00:37:37,170 INFO ipc.Server: Auth successful for om/om@EXAMPLE.COM (auth:KERBEROS)
datanode_3  | 2019-11-08 00:37:22,089 INFO server.RaftServerConfigKeys: raft.server.log.appender.buffer.byte-limit = 33554432 (custom)
kdc_1       | Nov 08 00:37:01 kdc krb5kdc[9](info): AS_REQ (8 etypes {18 17 20 19 16 23 25 26}) 127.0.0.1: SERVER_NOT_FOUND: admin/admin@EXAMPLE.COM for kadmin/localhost@EXAMPLE.COM, Server not found in Kerberos database
s3g_1       | 20191108/us-west-1/s3/aws4_request
datanode_1  | 2019-11-08 00:37:22,111 INFO server.RaftServerConfigKeys: raft.server.log.appender.buffer.byte-limit = 33554432 (custom)
om_1        | 2019-11-08 00:38:08,467 INFO authorize.ServiceAuthorizationManager: Authorization successful for testuser/scm@EXAMPLE.COM (auth:KERBEROS) for protocol=interface org.apache.hadoop.ozone.om.protocol.OzoneManagerProtocol
datanode_2  | 2019-11-08 00:37:22,091 INFO server.RaftServerConfigKeys: raft.server.log.statemachine.data.caching.enabled = true (custom)
scm_1       | 2019-11-08 00:37:37,175 INFO authorize.ServiceAuthorizationManager: Authorization successful for om/om@EXAMPLE.COM (auth:KERBEROS) for protocol=interface org.apache.hadoop.hdds.scm.protocol.StorageContainerLocationProtocol
datanode_3  | 2019-11-08 00:37:22,089 INFO server.RaftServerConfigKeys: raft.server.log.segment.size.max = 1048576 (custom)
kdc_1       | Nov 08 00:37:01 kdc krb5kdc[9](info): AS_REQ (8 etypes {18 17 20 19 16 23 25 26}) 127.0.0.1: ISSUE: authtime 1573173421, etypes {rep=18 tkt=18 ses=18}, admin/admin@EXAMPLE.COM for kadmin/admin@EXAMPLE.COM
s3g_1       | bc7e5d6055e729b238df288ade5e9bcd6ac2a5e13fc3fcdfba5ed401309797a1, signature=39ee212e280f1f06c2c8b006da8d93c7aa112ceba8094e81fed2af97237ba9c3, awsAccessKeyId=dlfknslnfslf, while invoking $Proxy83.submitRequest over nodeId=null,nodeAddress=om:9862 after 13 failover attempts. Trying to failover immediately.
datanode_1  | 2019-11-08 00:37:22,111 INFO server.RaftServerConfigKeys: raft.server.log.segment.size.max = 1048576 (custom)
om_1        | 2019-11-08 00:38:09,247 INFO volume.OMVolumeCreateRequest: created volume:23396-rpcwoport for user:testuser/scm@EXAMPLE.COM
datanode_2  | 2019-11-08 00:37:22,091 INFO segmented.SegmentedRaftLogWorker: 273511f5-ceee-4675-bafe-7bee108f5bfb@group-CB688E4E3C18-SegmentedRaftLogWorker: flushIndex: setUnconditionally 0 -> -1
scm_1       | 2019-11-08 00:37:39,328 INFO ipc.Server: Auth successful for om/om@EXAMPLE.COM (auth:KERBEROS)
datanode_3  | 2019-11-08 00:37:22,089 INFO server.RaftServerConfigKeys: raft.server.log.segment.cache.num.max = 2 (custom)
kdc_1       | Nov 08 00:37:01 kdc krb5kdc[9](info): AS_REQ (8 etypes {18 17 20 19 16 23 25 26}) 127.0.0.1: SERVER_NOT_FOUND: admin/admin@EXAMPLE.COM for kadmin/localhost@EXAMPLE.COM, Server not found in Kerberos database
s3g_1       | 2019-11-08 00:44:53,025 WARN ipc.Client: Exception encountered while connecting to the server : org.apache.hadoop.ipc.RemoteException(org.apache.hadoop.security.token.SecretManager$InvalidToken): No S3 secret found for S3 identifier:OzoneToken owner=dlfknslnfslf, renewer=, realUser=, issueDate=0, maxDate=0, sequenceNumber=0, masterKeyId=0, strToSign=AWS4-HMAC-SHA256
datanode_1  | 2019-11-08 00:37:22,111 INFO server.RaftServerConfigKeys: raft.server.log.segment.cache.num.max = 2 (custom)
om_1        | 2019-11-08 00:38:11,428 INFO ipc.Server: Auth successful for testuser/scm@EXAMPLE.COM (auth:KERBEROS)
datanode_2  | 2019-11-08 00:37:22,092 INFO server.RaftServerConfigKeys: raft.server.snapshot.auto.trigger.enabled = true (custom)
scm_1       | 2019-11-08 00:37:39,332 INFO authorize.ServiceAuthorizationManager: Authorization successful for om/om@EXAMPLE.COM (auth:KERBEROS) for protocol=interface org.apache.hadoop.hdds.scm.protocol.ScmBlockLocationProtocol
datanode_3  | 2019-11-08 00:37:22,089 INFO segmented.SegmentedRaftLogWorker: new bc702bd2-ccc6-4ed0-b72c-10a69fd8c989@group-CB688E4E3C18-SegmentedRaftLogWorker for RaftStorage:Storage Directory /data/metadata/ratis/7cac3ed3-dc1a-4590-bf24-cb688e4e3c18
kdc_1       | Nov 08 00:37:01 kdc krb5kdc[9](info): AS_REQ (8 etypes {18 17 20 19 16 23 25 26}) 127.0.0.1: ISSUE: authtime 1573173421, etypes {rep=18 tkt=18 ses=18}, admin/admin@EXAMPLE.COM for kadmin/admin@EXAMPLE.COM
s3g_1       | 20191108T004452Z
datanode_1  | 2019-11-08 00:37:22,111 INFO segmented.SegmentedRaftLogWorker: new 89840850-3f91-45ee-92df-d601b6baecc2@group-CB688E4E3C18-SegmentedRaftLogWorker for RaftStorage:Storage Directory /data/metadata/ratis/7cac3ed3-dc1a-4590-bf24-cb688e4e3c18
om_1        | 2019-11-08 00:38:11,439 INFO authorize.ServiceAuthorizationManager: Authorization successful for testuser/scm@EXAMPLE.COM (auth:KERBEROS) for protocol=interface org.apache.hadoop.ozone.om.protocol.OzoneManagerProtocol
datanode_2  | 2019-11-08 00:37:22,092 INFO server.RaftServerConfigKeys: raft.server.snapshot.auto.trigger.threshold = 10000 (custom)
scm_1       | 2019-11-08 00:37:40,839 INFO ipc.Server: Auth successful for dn/1b22b7cebf19@EXAMPLE.COM (auth:KERBEROS)
datanode_3  | 2019-11-08 00:37:22,090 INFO server.RaftServerConfigKeys: raft.server.log.queue.byte-limit = 2147483647 (custom)
kdc_1       | Nov 08 00:37:01 kdc krb5kdc[9](info): AS_REQ (8 etypes {18 17 20 19 16 23 25 26}) 127.0.0.1: SERVER_NOT_FOUND: admin/admin@EXAMPLE.COM for kadmin/localhost@EXAMPLE.COM, Server not found in Kerberos database
s3g_1       | 20191108/us-west-1/s3/aws4_request
datanode_1  | 2019-11-08 00:37:22,111 INFO server.RaftServerConfigKeys: raft.server.log.queue.byte-limit = 2147483647 (custom)
om_1        | 2019-11-08 00:38:14,267 INFO ipc.Server: Auth successful for testuser/scm@EXAMPLE.COM (auth:KERBEROS)
scm_1       | 2019-11-08 00:37:40,844 INFO authorize.ServiceAuthorizationManager: Authorization successful for dn/1b22b7cebf19@EXAMPLE.COM (auth:KERBEROS) for protocol=interface org.apache.hadoop.hdds.protocol.SCMSecurityProtocol
datanode_2  | 2019-11-08 00:37:22,092 INFO server.RaftServerConfigKeys: raft.server.snapshot.retention.file.num = 5 (custom)
datanode_3  | 2019-11-08 00:37:22,090 INFO server.RaftServerConfigKeys: raft.server.log.queue.element-limit = 1024 (custom)
kdc_1       | Nov 08 00:37:01 kdc krb5kdc[9](info): AS_REQ (8 etypes {18 17 20 19 16 23 25 26}) 127.0.0.1: ISSUE: authtime 1573173421, etypes {rep=18 tkt=18 ses=18}, admin/admin@EXAMPLE.COM for kadmin/admin@EXAMPLE.COM
s3g_1       | bc7e5d6055e729b238df288ade5e9bcd6ac2a5e13fc3fcdfba5ed401309797a1, signature=39ee212e280f1f06c2c8b006da8d93c7aa112ceba8094e81fed2af97237ba9c3, awsAccessKeyId=dlfknslnfslf
datanode_1  | 2019-11-08 00:37:22,111 INFO server.RaftServerConfigKeys: raft.server.log.queue.element-limit = 1024 (custom)
om_1        | 2019-11-08 00:38:14,279 INFO authorize.ServiceAuthorizationManager: Authorization successful for testuser/scm@EXAMPLE.COM (auth:KERBEROS) for protocol=interface org.apache.hadoop.ozone.om.protocol.OzoneManagerProtocol
scm_1       | 2019-11-08 00:37:40,894 INFO ipc.Server: Auth successful for dn/956474a8e039@EXAMPLE.COM (auth:KERBEROS)
datanode_2  | 2019-11-08 00:37:22,092 INFO server.RaftServerConfigKeys: raft.server.retrycache.expirytime = 600000ms (custom)
datanode_3  | 2019-11-08 00:37:22,090 INFO server.RaftServerConfigKeys: raft.server.log.segment.size.max = 1048576 (custom)
kdc_1       | Nov 08 00:37:01 kdc krb5kdc[9](info): AS_REQ (8 etypes {18 17 20 19 16 23 25 26}) 127.0.0.1: SERVER_NOT_FOUND: admin/admin@EXAMPLE.COM for kadmin/localhost@EXAMPLE.COM, Server not found in Kerberos database
s3g_1       | 2019-11-08 00:44:53,025 INFO retry.RetryInvocationHandler: com.google.protobuf.ServiceException: org.apache.hadoop.ipc.RemoteException(org.apache.hadoop.security.token.SecretManager$InvalidToken): No S3 secret found for S3 identifier:OzoneToken owner=dlfknslnfslf, renewer=, realUser=, issueDate=0, maxDate=0, sequenceNumber=0, masterKeyId=0, strToSign=AWS4-HMAC-SHA256
datanode_1  | 2019-11-08 00:37:22,112 INFO server.RaftServerConfigKeys: raft.server.log.segment.size.max = 1048576 (custom)
om_1        | 2019-11-08 00:38:17,147 INFO ipc.Server: Auth successful for testuser/scm@EXAMPLE.COM (auth:KERBEROS)
scm_1       | 2019-11-08 00:37:40,894 INFO ipc.Server: Auth successful for dn/5c025a13b5d5@EXAMPLE.COM (auth:KERBEROS)
datanode_2  | 2019-11-08 00:37:22,092 WARN impl.MetricRegistriesImpl: First MetricRegistry has been created without registering reporters. You may need to call MetricRegistries.global().addReportRegistration(...) before.
datanode_3  | 2019-11-08 00:37:22,090 INFO server.RaftServerConfigKeys: raft.server.log.preallocated.size = 16384 (custom)
kdc_1       | Nov 08 00:37:01 kdc krb5kdc[9](info): AS_REQ (8 etypes {18 17 20 19 16 23 25 26}) 127.0.0.1: ISSUE: authtime 1573173421, etypes {rep=18 tkt=18 ses=18}, admin/admin@EXAMPLE.COM for kadmin/admin@EXAMPLE.COM
s3g_1       | 20191108T004452Z
om_1        | 2019-11-08 00:38:17,158 INFO authorize.ServiceAuthorizationManager: Authorization successful for testuser/scm@EXAMPLE.COM (auth:KERBEROS) for protocol=interface org.apache.hadoop.ozone.om.protocol.OzoneManagerProtocol
datanode_1  | 2019-11-08 00:37:22,112 INFO server.RaftServerConfigKeys: raft.server.log.preallocated.size = 16384 (custom)
scm_1       | 2019-11-08 00:37:40,897 INFO authorize.ServiceAuthorizationManager: Authorization successful for dn/5c025a13b5d5@EXAMPLE.COM (auth:KERBEROS) for protocol=interface org.apache.hadoop.hdds.protocol.SCMSecurityProtocol
datanode_3  | 2019-11-08 00:37:22,090 INFO server.RaftServerConfigKeys: raft.server.log.write.buffer.size = 33554432 (custom)
kdc_1       | Nov 08 00:37:01 kdc krb5kdc[9](info): AS_REQ (8 etypes {18 17 20 19 16 23 25 26}) 127.0.0.1: SERVER_NOT_FOUND: admin/admin@EXAMPLE.COM for kadmin/localhost@EXAMPLE.COM, Server not found in Kerberos database
datanode_2  | 2019-11-08 00:37:22,092 WARN impl.MetricRegistriesImpl: First MetricRegistry has been created without registering reporters. You may need to call MetricRegistries.global().addReportRegistration(...) before.
s3g_1       | 20191108/us-west-1/s3/aws4_request
datanode_1  | 2019-11-08 00:37:22,112 INFO server.RaftServerConfigKeys: raft.server.log.write.buffer.size = 33554432 (custom)
datanode_3  | 2019-11-08 00:37:22,090 INFO server.RaftServerConfigKeys: raft.server.log.force.sync.num = 128 (default)
scm_1       | 2019-11-08 00:37:40,898 INFO authorize.ServiceAuthorizationManager: Authorization successful for dn/956474a8e039@EXAMPLE.COM (auth:KERBEROS) for protocol=interface org.apache.hadoop.hdds.protocol.SCMSecurityProtocol
om_1        | 2019-11-08 00:38:20,080 INFO ipc.Server: Auth successful for testuser/scm@EXAMPLE.COM (auth:KERBEROS)
kdc_1       | Nov 08 00:37:01 kdc krb5kdc[9](info): AS_REQ (8 etypes {18 17 20 19 16 23 25 26}) 127.0.0.1: ISSUE: authtime 1573173421, etypes {rep=18 tkt=18 ses=18}, admin/admin@EXAMPLE.COM for kadmin/admin@EXAMPLE.COM
datanode_2  | 2019-11-08 00:37:22,093 INFO impl.RaftServerImpl: 273511f5-ceee-4675-bafe-7bee108f5bfb@group-CB688E4E3C18: start as a follower, conf=-1: [89840850-3f91-45ee-92df-d601b6baecc2:172.18.0.9:9858, bc702bd2-ccc6-4ed0-b72c-10a69fd8c989:172.18.0.8:9858, 273511f5-ceee-4675-bafe-7bee108f5bfb:172.18.0.10:9858], old=null
s3g_1       | bc7e5d6055e729b238df288ade5e9bcd6ac2a5e13fc3fcdfba5ed401309797a1, signature=39ee212e280f1f06c2c8b006da8d93c7aa112ceba8094e81fed2af97237ba9c3, awsAccessKeyId=dlfknslnfslf, while invoking $Proxy83.submitRequest over nodeId=null,nodeAddress=om:9862 after 14 failover attempts. Trying to failover immediately.
datanode_1  | 2019-11-08 00:37:22,112 INFO server.RaftServerConfigKeys: raft.server.log.force.sync.num = 128 (default)
datanode_3  | 2019-11-08 00:37:22,090 INFO server.RaftServerConfigKeys: raft.server.log.statemachine.data.sync = true (default)
scm_1       | 2019-11-08 00:37:41,265 INFO ipc.Server: Auth successful for dn/1b22b7cebf19@EXAMPLE.COM (auth:KERBEROS)
om_1        | 2019-11-08 00:38:20,092 INFO authorize.ServiceAuthorizationManager: Authorization successful for testuser/scm@EXAMPLE.COM (auth:KERBEROS) for protocol=interface org.apache.hadoop.ozone.om.protocol.OzoneManagerProtocol
kdc_1       | Nov 08 00:37:01 kdc krb5kdc[9](info): AS_REQ (8 etypes {18 17 20 19 16 23 25 26}) 127.0.0.1: SERVER_NOT_FOUND: admin/admin@EXAMPLE.COM for kadmin/localhost@EXAMPLE.COM, Server not found in Kerberos database
datanode_2  | 2019-11-08 00:37:22,093 INFO impl.RaftServerImpl: 273511f5-ceee-4675-bafe-7bee108f5bfb@group-CB688E4E3C18: changes role from      null to FOLLOWER at term 0 for startAsFollower
s3g_1       | 2019-11-08 00:44:53,029 WARN ipc.Client: Exception encountered while connecting to the server : org.apache.hadoop.ipc.RemoteException(org.apache.hadoop.security.token.SecretManager$InvalidToken): No S3 secret found for S3 identifier:OzoneToken owner=dlfknslnfslf, renewer=, realUser=, issueDate=0, maxDate=0, sequenceNumber=0, masterKeyId=0, strToSign=AWS4-HMAC-SHA256
datanode_1  | 2019-11-08 00:37:22,112 INFO server.RaftServerConfigKeys: raft.server.log.statemachine.data.sync = true (default)
datanode_3  | 2019-11-08 00:37:22,091 INFO server.RaftServerConfigKeys: raft.server.log.statemachine.data.sync.timeout = 10s (default)
scm_1       | 2019-11-08 00:37:41,269 INFO authorize.ServiceAuthorizationManager: Authorization successful for dn/1b22b7cebf19@EXAMPLE.COM (auth:KERBEROS) for protocol=interface org.apache.hadoop.ozone.protocol.StorageContainerDatanodeProtocol
om_1        | 2019-11-08 00:38:22,873 INFO ipc.Server: Auth successful for testuser/scm@EXAMPLE.COM (auth:KERBEROS)
kdc_1       | Nov 08 00:37:01 kdc krb5kdc[9](info): AS_REQ (8 etypes {18 17 20 19 16 23 25 26}) 127.0.0.1: ISSUE: authtime 1573173421, etypes {rep=18 tkt=18 ses=18}, admin/admin@EXAMPLE.COM for kadmin/admin@EXAMPLE.COM
datanode_2  | 2019-11-08 00:37:22,093 INFO impl.RoleInfo: 273511f5-ceee-4675-bafe-7bee108f5bfb: start FollowerState
datanode_1  | 2019-11-08 00:37:22,112 INFO server.RaftServerConfigKeys: raft.server.log.statemachine.data.sync.timeout = 10s (default)
datanode_3  | 2019-11-08 00:37:22,091 INFO server.RaftServerConfigKeys: raft.server.log.statemachine.data.sync.timeout.retry = -1 (default)
s3g_1       | 20191108T004452Z
scm_1       | 2019-11-08 00:37:41,286 INFO ipc.Server: Auth successful for dn/5c025a13b5d5@EXAMPLE.COM (auth:KERBEROS)
om_1        | 2019-11-08 00:38:22,885 INFO authorize.ServiceAuthorizationManager: Authorization successful for testuser/scm@EXAMPLE.COM (auth:KERBEROS) for protocol=interface org.apache.hadoop.ozone.om.protocol.OzoneManagerProtocol
kdc_1       | Nov 08 00:37:01 kdc krb5kdc[9](info): AS_REQ (8 etypes {18 17 20 19 16 23 25 26}) 127.0.0.1: SERVER_NOT_FOUND: admin/admin@EXAMPLE.COM for kadmin/localhost@EXAMPLE.COM, Server not found in Kerberos database
datanode_2  | 2019-11-08 00:37:22,093 INFO util.JmxRegister: Successfully registered JMX Bean with object name Ratis:service=RaftServer,group=group-CB688E4E3C18,id=273511f5-ceee-4675-bafe-7bee108f5bfb
datanode_1  | 2019-11-08 00:37:22,113 INFO server.RaftServerConfigKeys: raft.server.log.statemachine.data.sync.timeout.retry = -1 (default)
datanode_3  | 2019-11-08 00:37:22,091 INFO server.RaftServerConfigKeys: raft.server.log.statemachine.data.caching.enabled = true (custom)
s3g_1       | 20191108/us-west-1/s3/aws4_request
scm_1       | 2019-11-08 00:37:41,289 INFO authorize.ServiceAuthorizationManager: Authorization successful for dn/5c025a13b5d5@EXAMPLE.COM (auth:KERBEROS) for protocol=interface org.apache.hadoop.ozone.protocol.StorageContainerDatanodeProtocol
om_1        | 2019-11-08 00:38:25,658 INFO ipc.Server: Auth successful for testuser/scm@EXAMPLE.COM (auth:KERBEROS)
kdc_1       | Nov 08 00:37:01 kdc krb5kdc[9](info): AS_REQ (8 etypes {18 17 20 19 16 23 25 26}) 127.0.0.1: ISSUE: authtime 1573173421, etypes {rep=18 tkt=18 ses=18}, admin/admin@EXAMPLE.COM for kadmin/admin@EXAMPLE.COM
datanode_2  | 2019-11-08 00:37:22,093 WARN impl.MetricRegistriesImpl: First MetricRegistry has been created without registering reporters. You may need to call MetricRegistries.global().addReportRegistration(...) before.
datanode_1  | 2019-11-08 00:37:22,113 INFO server.RaftServerConfigKeys: raft.server.log.statemachine.data.caching.enabled = true (custom)
datanode_3  | 2019-11-08 00:37:22,091 INFO segmented.SegmentedRaftLogWorker: bc702bd2-ccc6-4ed0-b72c-10a69fd8c989@group-CB688E4E3C18-SegmentedRaftLogWorker: flushIndex: setUnconditionally 0 -> -1
s3g_1       | bc7e5d6055e729b238df288ade5e9bcd6ac2a5e13fc3fcdfba5ed401309797a1, signature=39ee212e280f1f06c2c8b006da8d93c7aa112ceba8094e81fed2af97237ba9c3, awsAccessKeyId=dlfknslnfslf
om_1        | 2019-11-08 00:38:25,670 INFO authorize.ServiceAuthorizationManager: Authorization successful for testuser/scm@EXAMPLE.COM (auth:KERBEROS) for protocol=interface org.apache.hadoop.ozone.om.protocol.OzoneManagerProtocol
kdc_1       | Nov 08 00:37:00 kdc kadmind[15](Notice): Request: kadm5_init, admin/admin@EXAMPLE.COM, success, client=admin/admin@EXAMPLE.COM, service=kadmin/admin@EXAMPLE.COM, addr=127.0.0.1, vers=4, flavor=6
datanode_2  | 2019-11-08 00:37:26,936 INFO impl.FollowerState: 273511f5-ceee-4675-bafe-7bee108f5bfb@group-74B8094D5BF4-FollowerState: change to CANDIDATE, lastRpcTime:5009ms, electionTimeout:5008ms
datanode_1  | 2019-11-08 00:37:22,113 INFO segmented.SegmentedRaftLogWorker: 89840850-3f91-45ee-92df-d601b6baecc2@group-CB688E4E3C18-SegmentedRaftLogWorker: flushIndex: setUnconditionally 0 -> -1
datanode_3  | 2019-11-08 00:37:22,092 INFO server.RaftServerConfigKeys: raft.server.snapshot.auto.trigger.enabled = true (custom)
s3g_1       | 2019-11-08 00:44:53,030 INFO retry.RetryInvocationHandler: com.google.protobuf.ServiceException: org.apache.hadoop.ipc.RemoteException(org.apache.hadoop.security.token.SecretManager$InvalidToken): No S3 secret found for S3 identifier:OzoneToken owner=dlfknslnfslf, renewer=, realUser=, issueDate=0, maxDate=0, sequenceNumber=0, masterKeyId=0, strToSign=AWS4-HMAC-SHA256
om_1        | 2019-11-08 00:38:28,484 INFO ipc.Server: Auth successful for testuser/scm@EXAMPLE.COM (auth:KERBEROS)
kdc_1       | Nov 08 00:37:00 kdc kadmind[15](Notice): Request: kadm5_get_policy, default, Policy does not exist, client=admin/admin@EXAMPLE.COM, service=kadmin/admin@EXAMPLE.COM, addr=127.0.0.1
scm_1       | 2019-11-08 00:37:41,313 INFO ipc.Server: Auth successful for dn/956474a8e039@EXAMPLE.COM (auth:KERBEROS)
datanode_2  | 2019-11-08 00:37:26,937 INFO impl.RoleInfo: 273511f5-ceee-4675-bafe-7bee108f5bfb: shutdown FollowerState
datanode_1  | 2019-11-08 00:37:22,114 INFO server.RaftServerConfigKeys: raft.server.snapshot.auto.trigger.enabled = true (custom)
datanode_3  | 2019-11-08 00:37:22,092 INFO server.RaftServerConfigKeys: raft.server.snapshot.auto.trigger.threshold = 10000 (custom)
s3g_1       | 20191108T004452Z
om_1        | 2019-11-08 00:38:28,497 INFO authorize.ServiceAuthorizationManager: Authorization successful for testuser/scm@EXAMPLE.COM (auth:KERBEROS) for protocol=interface org.apache.hadoop.ozone.om.protocol.OzoneManagerProtocol
scm_1       | 2019-11-08 00:37:41,316 INFO authorize.ServiceAuthorizationManager: Authorization successful for dn/956474a8e039@EXAMPLE.COM (auth:KERBEROS) for protocol=interface org.apache.hadoop.ozone.protocol.StorageContainerDatanodeProtocol
kdc_1       | Nov 08 00:37:01 kdc kadmind[15](Notice): Request: kadm5_create_principal, dn/scm@EXAMPLE.COM, success, client=admin/admin@EXAMPLE.COM, service=kadmin/admin@EXAMPLE.COM, addr=127.0.0.1
datanode_2  | 2019-11-08 00:37:26,938 INFO impl.RaftServerImpl: 273511f5-ceee-4675-bafe-7bee108f5bfb@group-74B8094D5BF4: changes role from  FOLLOWER to CANDIDATE at term 0 for changeToCandidate
datanode_1  | 2019-11-08 00:37:22,114 INFO server.RaftServerConfigKeys: raft.server.snapshot.auto.trigger.threshold = 10000 (custom)
datanode_3  | 2019-11-08 00:37:22,092 INFO server.RaftServerConfigKeys: raft.server.snapshot.retention.file.num = 5 (custom)
s3g_1       | 20191108/us-west-1/s3/aws4_request
om_1        | 2019-11-08 00:38:31,236 INFO ipc.Server: Auth successful for testuser/scm@EXAMPLE.COM (auth:KERBEROS)
scm_1       | 2019-11-08 00:38:05,728 INFO ipc.Server: Auth successful for om/om@EXAMPLE.COM (auth:KERBEROS)
kdc_1       | Nov 08 00:37:01 kdc kadmind[15](info): closing down fd 18
datanode_2  | 2019-11-08 00:37:26,943 INFO impl.RoleInfo: 273511f5-ceee-4675-bafe-7bee108f5bfb: start LeaderElection
datanode_1  | 2019-11-08 00:37:22,114 INFO server.RaftServerConfigKeys: raft.server.snapshot.retention.file.num = 5 (custom)
datanode_3  | 2019-11-08 00:37:22,092 INFO server.RaftServerConfigKeys: raft.server.retrycache.expirytime = 600000ms (custom)
om_1        | 2019-11-08 00:38:31,248 INFO authorize.ServiceAuthorizationManager: Authorization successful for testuser/scm@EXAMPLE.COM (auth:KERBEROS) for protocol=interface org.apache.hadoop.ozone.om.protocol.OzoneManagerProtocol
scm_1       | 2019-11-08 00:38:05,731 INFO authorize.ServiceAuthorizationManager: Authorization successful for om/om@EXAMPLE.COM (auth:KERBEROS) for protocol=interface org.apache.hadoop.hdds.scm.protocol.StorageContainerLocationProtocol
kdc_1       | Nov 08 00:37:01 kdc kadmind[15](Notice): Request: kadm5_init, admin/admin@EXAMPLE.COM, success, client=admin/admin@EXAMPLE.COM, service=kadmin/admin@EXAMPLE.COM, addr=127.0.0.1, vers=4, flavor=6
datanode_2  | 2019-11-08 00:37:26,971 INFO impl.LeaderElection: 273511f5-ceee-4675-bafe-7bee108f5bfb@group-74B8094D5BF4-LeaderElection1: begin an election at term 1 for -1: [273511f5-ceee-4675-bafe-7bee108f5bfb:172.18.0.10:9858], old=null
datanode_1  | 2019-11-08 00:37:22,114 INFO server.RaftServerConfigKeys: raft.server.retrycache.expirytime = 600000ms (custom)
datanode_3  | 2019-11-08 00:37:22,092 WARN impl.MetricRegistriesImpl: First MetricRegistry has been created without registering reporters. You may need to call MetricRegistries.global().addReportRegistration(...) before.
