rm_1        | 2019-11-07 01:31:24 INFO  ResourceManager:49 - registered UNIX signal handlers for [TERM, HUP, INT]
datanode_1  | 2019-11-07 01:31:31,719 INFO server.AuthenticationFilter: Unable to initialize FileSignerSecretProvider, falling back to use random secrets.
jhs         | STARTUP_MSG:   java = 1.8.0_201
datanode_3  | 2019-11-07 01:31:31,756 INFO http.HttpRequestLog: Http request log for http.requests.hddsDatanode is not defined
nm_1        | 2019-11-07 01:31:20 INFO  NodeManager:51 - registered UNIX signal handlers for [TERM, HUP, INT]
kms_1       | Nov 07, 2019 1:32:26 AM com.sun.jersey.server.wadl.generators.WadlGeneratorJAXBGrammarGenerator buildModelAndSchemas
scm_1       | 2019-11-07 01:31:28,183 INFO node.SCMNodeManager: Entering startup safe mode.
kdc_1       | Nov 07 01:30:57 kdc kadmind[15](info): closing down fd 18
om_1        | /************************************************************
datanode_2  | 2019-11-07 01:31:31,611 INFO util.log: Logging initialized @7700ms
rm_1        | 2019-11-07 01:31:25 INFO  Configuration:2755 - found resource core-site.xml at file:/opt/hadoop/etc/hadoop/core-site.xml
datanode_1  | 2019-11-07 01:31:31,722 INFO http.HttpRequestLog: Http request log for http.requests.hddsDatanode is not defined
jhs         | ************************************************************/
nm_1        | 2019-11-07 01:31:20 INFO  NodeManager:357 - Node Manager health check script is not available or doesn't have execute permission, so not starting the node health script runner.
datanode_3  | 2019-11-07 01:31:31,764 INFO http.HttpServer2: Added global filter 'safety' (class=org.apache.hadoop.http.HttpServer2$QuotingInputFilter)
kms_1       | SEVERE: Failed to generate the schema for the JAX-B elements
scm_1       | 2019-11-07 01:31:28,332 INFO algorithms.ContainerPlacementPolicyFactory: Create container placement policy of type org.apache.hadoop.hdds.scm.container.placement.algorithms.SCMContainerPlacementRandom
kdc_1       | Nov 07 01:30:57 kdc kadmind[15](Notice): Request: kadm5_init, admin/admin@EXAMPLE.COM, success, client=admin/admin@EXAMPLE.COM, service=kadmin/admin@EXAMPLE.COM, addr=127.0.0.1, vers=4, flavor=6
om_1        | STARTUP_MSG: Starting OzoneManager
datanode_2  | 2019-11-07 01:31:31,693 INFO server.AuthenticationFilter: Unable to initialize FileSignerSecretProvider, falling back to use random secrets.
rm_1        | 2019-11-07 01:31:25 INFO  Configuration:2752 - resource-types.xml not found
datanode_1  | 2019-11-07 01:31:31,729 INFO http.HttpServer2: Added global filter 'safety' (class=org.apache.hadoop.http.HttpServer2$QuotingInputFilter)
jhs         | 2019-11-07 01:31:25 INFO  ApplicationHistoryServer:51 - registered UNIX signal handlers for [TERM, HUP, INT]
nm_1        | 2019-11-07 01:31:20 INFO  AsyncDispatcher:223 - Registering class org.apache.hadoop.yarn.server.nodemanager.containermanager.container.ContainerEventType for class org.apache.hadoop.yarn.server.nodemanager.containermanager.ContainerManagerImpl$ContainerEventDispatcher
datanode_3  | 2019-11-07 01:31:31,766 INFO http.HttpServer2: Added filter static_user_filter (class=org.apache.hadoop.http.lib.StaticUserWebFilter$StaticUserFilter) to context hddsDatanode
kms_1       | com.sun.xml.bind.v2.runtime.IllegalAnnotationsException: 2 counts of IllegalAnnotationExceptions
scm_1       | 2019-11-07 01:31:28,352 WARN server.ServerUtils: ozone.scm.db.dirs is not configured. We recommend adding this setting. Falling back to ozone.metadata.dirs instead.
kdc_1       | Nov 07 01:30:57 kdc kadmind[15](Notice): Request: kadm5_randkey_principal, dn/rm@EXAMPLE.COM, success, client=admin/admin@EXAMPLE.COM, service=kadmin/admin@EXAMPLE.COM, addr=127.0.0.1
om_1        | STARTUP_MSG:   host = om/172.18.0.2
datanode_2  | 2019-11-07 01:31:31,696 INFO http.HttpRequestLog: Http request log for http.requests.hddsDatanode is not defined
rm_1        | 2019-11-07 01:31:25 INFO  ResourceUtils:419 - Unable to find 'resource-types.xml'.
datanode_1  | 2019-11-07 01:31:31,733 INFO http.HttpServer2: Added filter static_user_filter (class=org.apache.hadoop.http.lib.StaticUserWebFilter$StaticUserFilter) to context hddsDatanode
jhs         | 2019-11-07 01:31:25 INFO  UserGroupInformation:1009 - Login successful for user jhs/jhs@EXAMPLE.COM using keytab file /etc/security/keytabs/jhs.keytab
nm_1        | 2019-11-07 01:31:20 INFO  AsyncDispatcher:223 - Registering class org.apache.hadoop.yarn.server.nodemanager.containermanager.application.ApplicationEventType for class org.apache.hadoop.yarn.server.nodemanager.containermanager.ContainerManagerImpl$ApplicationEventDispatcher
datanode_3  | 2019-11-07 01:31:31,767 INFO http.HttpServer2: Added filter static_user_filter (class=org.apache.hadoop.http.lib.StaticUserWebFilter$StaticUserFilter) to context logs
kms_1       | java.util.Map is an interface, and JAXB can't handle interfaces.
scm_1       | 2019-11-07 01:31:28,651 INFO pipeline.SCMPipelineManager: No pipeline exists in current db
kdc_1       | Nov 07 01:30:57 kdc kadmind[15](Notice): Request: kadm5_get_principal, dn/rm@EXAMPLE.COM, success, client=admin/admin@EXAMPLE.COM, service=kadmin/admin@EXAMPLE.COM, addr=127.0.0.1
om_1        | STARTUP_MSG:   args = []
datanode_2  | 2019-11-07 01:31:31,702 INFO http.HttpServer2: Added global filter 'safety' (class=org.apache.hadoop.http.HttpServer2$QuotingInputFilter)
rm_1        | 2019-11-07 01:31:25 INFO  Configuration:2755 - found resource yarn-site.xml at file:/opt/hadoop/etc/hadoop/yarn-site.xml
datanode_1  | 2019-11-07 01:31:31,733 INFO http.HttpServer2: Added filter static_user_filter (class=org.apache.hadoop.http.lib.StaticUserWebFilter$StaticUserFilter) to context logs
jhs         | 2019-11-07 01:31:25 INFO  MetricsConfig:118 - Loaded properties from hadoop-metrics2.properties
nm_1        | 2019-11-07 01:31:20 INFO  AsyncDispatcher:223 - Registering class org.apache.hadoop.yarn.server.nodemanager.containermanager.localizer.event.LocalizationEventType for class org.apache.hadoop.yarn.server.nodemanager.containermanager.ContainerManagerImpl$LocalizationEventHandlerWrapper
datanode_3  | 2019-11-07 01:31:31,767 INFO http.HttpServer2: Added filter static_user_filter (class=org.apache.hadoop.http.lib.StaticUserWebFilter$StaticUserFilter) to context static
kms_1       | 	this problem is related to the following location:
scm_1       | 2019-11-07 01:31:28,652 WARN server.ServerUtils: ozone.scm.db.dirs is not configured. We recommend adding this setting. Falling back to ozone.metadata.dirs instead.
kdc_1       | Nov 07 01:30:57 kdc kadmind[15](info): closing down fd 18
om_1        | STARTUP_MSG:   version = 3.2.0
datanode_2  | 2019-11-07 01:31:31,704 INFO http.HttpServer2: Added filter static_user_filter (class=org.apache.hadoop.http.lib.StaticUserWebFilter$StaticUserFilter) to context hddsDatanode
rm_1        | 2019-11-07 01:31:25 INFO  UserGroupInformation:1009 - Login successful for user rm/rm@EXAMPLE.COM using keytab file /etc/security/keytabs/rm.keytab
datanode_1  | 2019-11-07 01:31:31,733 INFO http.HttpServer2: Added filter static_user_filter (class=org.apache.hadoop.http.lib.StaticUserWebFilter$StaticUserFilter) to context static
jhs         | 2019-11-07 01:31:26 INFO  MetricsSystemImpl:374 - Scheduled Metric snapshot period at 10 second(s).
nm_1        | 2019-11-07 01:31:20 INFO  AsyncDispatcher:223 - Registering class org.apache.hadoop.yarn.server.nodemanager.containermanager.AuxServicesEventType for class org.apache.hadoop.yarn.server.nodemanager.containermanager.AuxServices
kms_1       | 		at java.util.Map
datanode_3  | 2019-11-07 01:31:31,790 INFO http.HttpServer2: Jetty bound to port 9882
scm_1       | 2019-11-07 01:31:28,880 WARN events.EventQueue: No event handler registered for event TypedEvent{payloadType=SafeModeStatus, name='SafeModeStatus'}
kdc_1       | Nov 07 01:30:57 kdc kadmind[15](Notice): Request: kadm5_init, admin/admin@EXAMPLE.COM, success, client=admin/admin@EXAMPLE.COM, service=kadmin/admin@EXAMPLE.COM, addr=127.0.0.1, vers=4, flavor=6
datanode_2  | 2019-11-07 01:31:31,704 INFO http.HttpServer2: Added filter static_user_filter (class=org.apache.hadoop.http.lib.StaticUserWebFilter$StaticUserFilter) to context logs
rm_1        | 2019-11-07 01:31:25 INFO  AsyncDispatcher:223 - Registering class org.apache.hadoop.yarn.server.resourcemanager.RMFatalEventType for class org.apache.hadoop.yarn.server.resourcemanager.ResourceManager$RMFatalEventDispatcher
datanode_1  | 2019-11-07 01:31:31,755 INFO http.HttpServer2: Jetty bound to port 9882
jhs         | 2019-11-07 01:31:26 INFO  MetricsSystemImpl:191 - ApplicationHistoryServer metrics system started
om_1        | STARTUP_MSG:   classpath = /etc/hadoop:/opt/hadoop/share/hadoop/common/*:/opt/hadoop/share/ozone/lib/kerb-simplekdc-1.0.1.jar:/opt/hadoop/share/ozone/lib/protobuf-java-2.5.0.jar:/opt/hadoop/share/ozone/lib/bcpkix-jdk15on-1.60.jar:/opt/hadoop/share/ozone/lib/sqlite-jdbc-3.25.2.jar:/opt/hadoop/share/ozone/lib/netty-3.10.5.Final.jar:/opt/hadoop/share/ozone/lib/commons-validator-1.6.jar:/opt/hadoop/share/ozone/lib/jaxb-impl-2.3.0.1.jar:/opt/hadoop/share/ozone/lib/kerb-core-1.0.1.jar:/opt/hadoop/share/ozone/lib/hadoop-ozone-common-0.5.0-SNAPSHOT.jar:/opt/hadoop/share/ozone/lib/ratis-thirdparty-misc-0.2.0.jar:/opt/hadoop/share/ozone/lib/jsr305-3.0.0.jar:/opt/hadoop/share/ozone/lib/leveldbjni-all-1.8.jar:/opt/hadoop/share/ozone/lib/htrace-core4-4.1.0-incubating.jar:/opt/hadoop/share/ozone/lib/hadoop-annotations-3.2.0.jar:/opt/hadoop/share/ozone/lib/hadoop-hdds-tools-0.5.0-SNAPSHOT.jar:/opt/hadoop/share/ozone/lib/kerb-util-1.0.1.jar:/opt/hadoop/share/ozone/lib/jackson-jaxrs-1.9.13.jar:/opt/hadoop/share/ozone/lib/ratis-server-0.5.0-d6d58d0-SNAPSHOT.jar:/opt/hadoop/share/ozone/lib/kerby-xdr-1.0.1.jar:/opt/hadoop/share/ozone/lib/jetty-webapp-9.3.25.v20180904.jar:/opt/hadoop/share/ozone/lib/jackson-core-asl-1.9.13.jar:/opt/hadoop/share/ozone/lib/commons-net-3.6.jar:/opt/hadoop/share/ozone/lib/log4j-api-2.11.0.jar:/opt/hadoop/share/ozone/lib/netty-all-4.0.52.Final.jar:/opt/hadoop/share/ozone/lib/hadoop-hdfs-3.2.0.jar:/opt/hadoop/share/ozone/lib/jline-0.9.94.jar:/opt/hadoop/share/ozone/lib/opentracing-api-0.31.0.jar:/opt/hadoop/share/ozone/lib/hadoop-hdds-server-framework-0.5.0-SNAPSHOT.jar:/opt/hadoop/share/ozone/lib/slf4j-log4j12-1.7.25.jar:/opt/hadoop/share/ozone/lib/hadoop-hdfs-client-3.2.0.jar:/opt/hadoop/share/ozone/lib/kerby-config-1.0.1.jar:/opt/hadoop/share/ozone/lib/jetty-util-9.3.25.v20180904.jar:/opt/hadoop/share/ozone/lib/libthrift-0.12.0.jar:/opt/hadoop/share/ozone/lib/metrics-core-3.2.4.jar:/opt/hadoop/share/ozone/lib/kerby-pkix-1.0.1.jar:/opt/hadoop/share/ozone/lib/xz-1.0.jar:/opt/hadoop/share/ozone/lib/hadoop-hdds-config-0.5.0-SNAPSHOT.jar:/opt/hadoop/share/ozone/lib/nimbus-jose-jwt-4.41.1.jar:/opt/hadoop/share/ozone/lib/jsr311-api-1.1.1.jar:/opt/hadoop/share/ozone/lib/commons-beanutils-1.9.4.jar:/opt/hadoop/share/ozone/lib/ratis-grpc-0.5.0-d6d58d0-SNAPSHOT.jar:/opt/hadoop/share/ozone/lib/ratis-netty-0.5.0-d6d58d0-SNAPSHOT.jar:/opt/hadoop/share/ozone/lib/javax.servlet-api-3.1.0.jar:/opt/hadoop/share/ozone/lib/kerb-server-1.0.1.jar:/opt/hadoop/share/ozone/lib/zookeeper-3.4.13.jar:/opt/hadoop/share/ozone/lib/avro-1.7.7.jar:/opt/hadoop/share/ozone/lib/kerb-client-1.0.1.jar:/opt/hadoop/share/ozone/lib/jackson-xc-1.9.13.jar:/opt/hadoop/share/ozone/lib/disruptor-3.4.2.jar:/opt/hadoop/share/ozone/lib/guava-11.0.2.jar:/opt/hadoop/share/ozone/lib/ratis-client-0.5.0-d6d58d0-SNAPSHOT.jar:/opt/hadoop/share/ozone/lib/hadoop-hdds-common-0.5.0-SNAPSHOT.jar:/opt/hadoop/share/ozone/lib/curator-framework-2.12.0.jar:/opt/hadoop/share/ozone/lib/dnsjava-2.1.7.jar:/opt/hadoop/share/ozone/lib/commons-configuration2-2.1.1.jar:/opt/hadoop/share/ozone/lib/json-smart-2.3.jar:/opt/hadoop/share/ozone/lib/token-provider-1.0.1.jar:/opt/hadoop/share/ozone/lib/log4j-1.2.17.jar:/opt/hadoop/share/ozone/lib/commons-daemon-1.0.13.jar:/opt/hadoop/share/ozone/lib/bcprov-jdk15on-1.60.jar:/opt/hadoop/share/ozone/lib/ratis-metrics-0.5.0-d6d58d0-SNAPSHOT.jar:/opt/hadoop/share/ozone/lib/commons-lang3-3.7.jar:/opt/hadoop/share/ozone/lib/commons-compress-1.4.1.jar:/opt/hadoop/share/ozone/lib/jaeger-client-0.34.0.jar:/opt/hadoop/share/ozone/lib/jetty-server-9.3.25.v20180904.jar:/opt/hadoop/share/ozone/lib/accessors-smart-1.2.jar:/opt/hadoop/share/ozone/lib/re2j-1.1.jar:/opt/hadoop/share/ozone/lib/curator-recipes-2.12.0.jar:/opt/hadoop/share/ozone/lib/jackson-core-2.9.9.jar:/opt/hadoop/share/ozone/lib/commons-math3-3.1.1.jar:/opt/hadoop/share/ozone/lib/opentracing-noop-0.31.0.jar:/opt/hadoop/share/ozone/lib/httpclient-4.5.2.jar:/opt/hadoop/share/ozone/lib/jaeger-core-0.34.0.jar:/opt/hadoop/share/ozone/lib/asm-5.0.4.jar:/opt/hadoop/share/ozone/lib/curator-client-2.12.0.jar:/opt/hadoop/share/ozone/lib/audience-annotations-0.5.0.jar:/opt/hadoop/share/ozone/lib/kerby-util-1.0.1.jar:/opt/hadoop/share/ozone/lib/jackson-mapper-asl-1.9.13.jar:/opt/hadoop/share/ozone/lib/rocksdbjni-6.0.1.jar:/opt/hadoop/share/ozone/lib/jsp-api-2.1.jar:/opt/hadoop/share/ozone/lib/jsch-0.1.54.jar:/opt/hadoop/share/ozone/lib/opentracing-tracerresolver-0.1.5.jar:/opt/hadoop/share/ozone/lib/paranamer-2.3.jar:/opt/hadoop/share/ozone/lib/log4j-core-2.11.0.jar:/opt/hadoop/share/ozone/lib/jetty-io-9.3.25.v20180904.jar:/opt/hadoop/share/ozone/lib/jetty-xml-9.3.25.v20180904.jar:/opt/hadoop/share/ozone/lib/commons-codec-1.11.jar:/opt/hadoop/share/ozone/lib/commons-pool2-2.6.0.jar:/opt/hadoop/share/ozone/lib/gson-2.2.4.jar:/opt/hadoop/share/ozone/lib/jcip-annotations-1.0-1.jar:/opt/hadoop/share/ozone/lib/kerb-admin-1.0.1.jar:/opt/hadoop/share/ozone/lib/okio-1.13.0.jar:/opt/hadoop/share/ozone/lib/commons-io-2.5.jar:/opt/hadoop/share/ozone/lib/snakeyaml-1.16.jar:/opt/hadoop/share/ozone/lib/hadoop-ozone-client-0.5.0-SNAPSHOT.jar:/opt/hadoop/share/ozone/lib/jersey-core-1.19.jar:/opt/hadoop/share/ozone/lib/jackson-databind-2.9.9.jar:/opt/hadoop/share/ozone/lib/hadoop-hdds-container-service-0.5.0-SNAPSHOT.jar:/opt/hadoop/share/ozone/lib/picocli-3.9.6.jar:/opt/hadoop/share/ozone/lib/jaeger-thrift-0.34.0.jar:/opt/hadoop/share/ozone/lib/ratis-common-0.5.0-d6d58d0-SNAPSHOT.jar:/opt/hadoop/share/ozone/lib/jackson-annotations-2.9.9.jar:/opt/hadoop/share/ozone/lib/commons-cli-1.2.jar:/opt/hadoop/share/ozone/lib/hadoop-hdds-docs-0.5.0-SNAPSHOT.jar:/opt/hadoop/share/ozone/lib/woodstox-core-5.0.3.jar:/opt/hadoop/share/ozone/lib/javax.annotation-api-1.2.jar:/opt/hadoop/share/ozone/lib/snappy-java-1.0.5.jar:/opt/hadoop/share/ozone/lib/jaeger-tracerresolver-0.34.0.jar:/opt/hadoop/share/ozone/lib/jetty-security-9.3.25.v20180904.jar:/opt/hadoop/share/ozone/lib/jetty-http-9.3.25.v20180904.jar:/opt/hadoop/share/ozone/lib/kerby-asn1-1.0.1.jar:/opt/hadoop/share/ozone/lib/okhttp-3.9.0.jar:/opt/hadoop/share/ozone/lib/stax2-api-3.1.4.jar:/opt/hadoop/share/ozone/lib/commons-digester-1.8.1.jar:/opt/hadoop/share/ozone/lib/commons-collections-3.2.2.jar:/opt/hadoop/share/ozone/lib/jettison-1.1.jar:/opt/hadoop/share/ozone/lib/commons-text-1.4.jar:/opt/hadoop/share/ozone/lib/jersey-servlet-1.19.jar:/opt/hadoop/share/ozone/lib/jersey-json-1.19.jar:/opt/hadoop/share/ozone/lib/slf4j-api-1.7.25.jar:/opt/hadoop/share/ozone/lib/jetty-util-ajax-9.3.25.v20180904.jar:/opt/hadoop/share/ozone/lib/commons-logging-1.1.3.jar:/opt/hadoop/share/ozone/lib/hadoop-hdds-client-0.5.0-SNAPSHOT.jar:/opt/hadoop/share/ozone/lib/kerb-identity-1.0.1.jar:/opt/hadoop/share/ozone/lib/ratis-proto-0.5.0-d6d58d0-SNAPSHOT.jar:/opt/hadoop/share/ozone/lib/opentracing-util-0.31.0.jar:/opt/hadoop/share/ozone/lib/hadoop-common-3.2.0.jar:/opt/hadoop/share/ozone/lib/hadoop-auth-3.2.0.jar:/opt/hadoop/share/ozone/lib/kerb-common-1.0.1.jar:/opt/hadoop/share/ozone/lib/jetty-servlet-9.3.25.v20180904.jar:/opt/hadoop/share/ozone/lib/jersey-server-1.19.jar:/opt/hadoop/share/ozone/lib/kerb-crypto-1.0.1.jar:/opt/hadoop/share/ozone/lib/httpcore-4.4.4.jar:/opt/hadoop/share/ozone/web:/opt/hadoop/share/ozone/lib/hadoop-ozone-ozone-manager-0.5.0-SNAPSHOT.jar
nm_1        | 2019-11-07 01:31:20 INFO  AsyncDispatcher:223 - Registering class org.apache.hadoop.yarn.server.nodemanager.containermanager.monitor.ContainersMonitorEventType for class org.apache.hadoop.yarn.server.nodemanager.containermanager.monitor.ContainersMonitorImpl
kms_1       | java.util.Map does not have a no-arg default constructor.
datanode_3  | 2019-11-07 01:31:31,791 INFO server.Server: jetty-9.3.25.v20180904, build timestamp: 2018-09-04T21:11:46Z, git hash: 3ce520221d0240229c862b122d2b06c12a625732
scm_1       | 2019-11-07 01:31:29,214 INFO ipc.CallQueueManager: Using callQueue: class java.util.concurrent.LinkedBlockingQueue, queueCapacity: 1000, scheduler: class org.apache.hadoop.ipc.DefaultRpcScheduler, ipcBackoff: false.
kdc_1       | Nov 07 01:30:57 kdc kadmind[15](Notice): Request: kadm5_get_policy, default, Policy does not exist, client=admin/admin@EXAMPLE.COM, service=kadmin/admin@EXAMPLE.COM, addr=127.0.0.1
datanode_2  | 2019-11-07 01:31:31,704 INFO http.HttpServer2: Added filter static_user_filter (class=org.apache.hadoop.http.lib.StaticUserWebFilter$StaticUserFilter) to context static
rm_1        | 2019-11-07 01:31:25 INFO  NMTokenSecretManagerInRM:75 - NMTokenKeyRollingInterval: 86400000ms and NMTokenKeyActivationDelay: 900000ms
datanode_1  | 2019-11-07 01:31:31,756 INFO server.Server: jetty-9.3.25.v20180904, build timestamp: 2018-09-04T21:11:46Z, git hash: 3ce520221d0240229c862b122d2b06c12a625732
jhs         | 2019-11-07 01:31:26 INFO  LeveldbTimelineStore:244 - Using leveldb path /tmp/hadoop-hadoop/yarn/timeline/leveldb-timeline-store.ldb
nm_1        | 2019-11-07 01:31:20 INFO  AsyncDispatcher:223 - Registering class org.apache.hadoop.yarn.server.nodemanager.containermanager.launcher.ContainersLauncherEventType for class org.apache.hadoop.yarn.server.nodemanager.containermanager.launcher.ContainersLauncher
om_1        | STARTUP_MSG:   build = https://github.com/apache/hadoop.git -r e97acb3bd8f3befd27418996fa5d4b50bf2e17bf; compiled by 'sunilg' on 2019-01-15T17:34Z
kms_1       | 	this problem is related to the following location:
datanode_3  | 2019-11-07 01:31:31,816 INFO handler.ContextHandler: Started o.e.j.s.ServletContextHandler@2e1eb85f{/logs,file:///var/log/hadoop/,AVAILABLE}
scm_1       | 2019-11-07 01:31:29,216 INFO ipc.Server: Starting Socket Reader #1 for port 9861
kdc_1       | Nov 07 01:30:57 kdc kadmind[15](Notice): Request: kadm5_create_principal, om/e635730d57f9@EXAMPLE.COM, success, client=admin/admin@EXAMPLE.COM, service=kadmin/admin@EXAMPLE.COM, addr=127.0.0.1
datanode_2  | 2019-11-07 01:31:31,724 INFO http.HttpServer2: Jetty bound to port 9882
rm_1        | 2019-11-07 01:31:25 INFO  RMContainerTokenSecretManager:81 - ContainerTokenKeyRollingInterval: 86400000ms and ContainerTokenKeyActivationDelay: 900000ms
datanode_1  | 2019-11-07 01:31:31,779 INFO handler.ContextHandler: Started o.e.j.s.ServletContextHandler@5fdfe8cf{/logs,file:///var/log/hadoop/,AVAILABLE}
jhs         | 2019-11-07 01:31:26 INFO  LeveldbTimelineStore:1620 - Loaded timeline store version info 1.0
nm_1        | 2019-11-07 01:31:20 INFO  AsyncDispatcher:223 - Registering class org.apache.hadoop.yarn.server.nodemanager.containermanager.scheduler.ContainerSchedulerEventType for class org.apache.hadoop.yarn.server.nodemanager.containermanager.scheduler.ContainerScheduler
om_1        | STARTUP_MSG:   java = 11.0.3
kms_1       | 		at java.util.Map
datanode_3  | 2019-11-07 01:31:31,817 INFO handler.ContextHandler: Started o.e.j.s.ServletContextHandler@2a4f8009{/static,jar:file:/opt/hadoop/share/ozone/lib/hadoop-hdds-container-service-0.5.0-SNAPSHOT.jar!/webapps/static,AVAILABLE}
scm_1       | 2019-11-07 01:31:29,230 INFO ipc.CallQueueManager: Using callQueue: class java.util.concurrent.LinkedBlockingQueue, queueCapacity: 1000, scheduler: class org.apache.hadoop.ipc.DefaultRpcScheduler, ipcBackoff: false.
kdc_1       | Nov 07 01:30:57 kdc kadmind[15](info): closing down fd 18
datanode_2  | 2019-11-07 01:31:31,725 INFO server.Server: jetty-9.3.25.v20180904, build timestamp: 2018-09-04T21:11:46Z, git hash: 3ce520221d0240229c862b122d2b06c12a625732
rm_1        | 2019-11-07 01:31:25 INFO  AMRMTokenSecretManager:94 - AMRMTokenKeyRollingInterval: 86400000ms and AMRMTokenKeyActivationDelay: 900000 ms
datanode_1  | 2019-11-07 01:31:31,780 INFO handler.ContextHandler: Started o.e.j.s.ServletContextHandler@31723307{/static,jar:file:/opt/hadoop/share/ozone/lib/hadoop-hdds-container-service-0.5.0-SNAPSHOT.jar!/webapps/static,AVAILABLE}
jhs         | 2019-11-07 01:31:26 INFO  LeveldbTimelineStore:310 - Starting deletion thread with ttl 604800000 and cycle interval 300000
nm_1        | 2019-11-07 01:31:20 INFO  NMLogAggregationStatusTracker:89 - the rolling interval seconds for the NodeManager Cached Log aggregation status is 600
om_1        | ************************************************************/
kms_1       | 
datanode_3  | 2019-11-07 01:31:31,915 INFO server.KerberosAuthenticationHandler: Using keytab /etc/security/keytabs/HTTP.keytab, for principal HTTP/3fe519ddc602@EXAMPLE.COM
scm_1       | 2019-11-07 01:31:29,232 INFO ipc.Server: Starting Socket Reader #1 for port 9863
kdc_1       | Nov 07 01:30:57 kdc kadmind[15](Notice): Request: kadm5_init, admin/admin@EXAMPLE.COM, success, client=admin/admin@EXAMPLE.COM, service=kadmin/admin@EXAMPLE.COM, addr=127.0.0.1, vers=4, flavor=6
datanode_2  | 2019-11-07 01:31:31,757 INFO handler.ContextHandler: Started o.e.j.s.ServletContextHandler@31723307{/logs,file:///var/log/hadoop/,AVAILABLE}
rm_1        | 2019-11-07 01:31:25 INFO  AsyncDispatcher:223 - Registering class org.apache.hadoop.yarn.server.resourcemanager.recovery.RMStateStoreEventType for class org.apache.hadoop.yarn.server.resourcemanager.recovery.RMStateStore$ForwardingEventHandler
datanode_1  | 2019-11-07 01:31:31,890 INFO server.KerberosAuthenticationHandler: Using keytab /etc/security/keytabs/HTTP.keytab, for principal HTTP/e87afe892cd2@EXAMPLE.COM
jhs         | 2019-11-07 01:31:26 INFO  AbstractDelegationTokenSecretManager:343 - Updating the current master key for generating delegation tokens
nm_1        | 2019-11-07 01:31:20 INFO  AsyncDispatcher:223 - Registering class org.apache.hadoop.yarn.server.nodemanager.ContainerManagerEventType for class org.apache.hadoop.yarn.server.nodemanager.containermanager.ContainerManagerImpl
om_1        | 2019-11-07 01:31:32,257 INFO om.OzoneManagerStarter: registered UNIX signal handlers for [TERM, HUP, INT]
kms_1       | 	at com.sun.xml.bind.v2.runtime.IllegalAnnotationsException$Builder.check(IllegalAnnotationsException.java:106)
datanode_3  | 2019-11-07 01:31:31,921 INFO handler.ContextHandler: Started o.e.j.w.WebAppContext@59096b66{/,file:///tmp/jetty-0.0.0.0-9882-hddsDatanode-_-any-3211698742131292257.dir/webapp/,AVAILABLE}{/hddsDatanode}
scm_1       | 2019-11-07 01:31:29,254 INFO ipc.CallQueueManager: Using callQueue: class java.util.concurrent.LinkedBlockingQueue, queueCapacity: 1000, scheduler: class org.apache.hadoop.ipc.DefaultRpcScheduler, ipcBackoff: false.
kdc_1       | Nov 07 01:30:57 kdc kadmind[15](Notice): Request: kadm5_randkey_principal, om/e635730d57f9@EXAMPLE.COM, success, client=admin/admin@EXAMPLE.COM, service=kadmin/admin@EXAMPLE.COM, addr=127.0.0.1
datanode_2  | 2019-11-07 01:31:31,757 INFO handler.ContextHandler: Started o.e.j.s.ServletContextHandler@48268eec{/static,jar:file:/opt/hadoop/share/ozone/lib/hadoop-hdds-container-service-0.5.0-SNAPSHOT.jar!/webapps/static,AVAILABLE}
datanode_1  | 2019-11-07 01:31:31,895 INFO handler.ContextHandler: Started o.e.j.w.WebAppContext@7ab802f4{/,file:///tmp/jetty-0.0.0.0-9882-hddsDatanode-_-any-11848143659793044337.dir/webapp/,AVAILABLE}{/hddsDatanode}
jhs         | 2019-11-07 01:31:26 INFO  LeveldbTimelineStore:1560 - Discarded 0 entities for timestamp 1572485486532 and earlier in 0.002 seconds
rm_1        | 2019-11-07 01:31:25 INFO  AsyncDispatcher:223 - Registering class org.apache.hadoop.yarn.server.resourcemanager.NodesListManagerEventType for class org.apache.hadoop.yarn.server.resourcemanager.NodesListManager
nm_1        | 2019-11-07 01:31:20 INFO  AsyncDispatcher:223 - Registering class org.apache.hadoop.yarn.server.nodemanager.NodeManagerEventType for class org.apache.hadoop.yarn.server.nodemanager.NodeManager
kms_1       | 	at com.sun.xml.bind.v2.runtime.JAXBContextImpl.getTypeInfoSet(JAXBContextImpl.java:489)
om_1        | 2019-11-07 01:31:33,121 INFO ha.OMHANodeDetails: Configuration either no ozone.om.address set. Falling back to the default OM address om/172.18.0.2:9862
datanode_3  | 2019-11-07 01:31:31,926 INFO server.AbstractConnector: Started ServerConnector@16b3c905{HTTP/1.1,[http/1.1]}{0.0.0.0:9882}
scm_1       | 2019-11-07 01:31:29,256 INFO ipc.Server: Starting Socket Reader #1 for port 9860
kdc_1       | Nov 07 01:30:57 kdc kadmind[15](Notice): Request: kadm5_get_principal, om/e635730d57f9@EXAMPLE.COM, success, client=admin/admin@EXAMPLE.COM, service=kadmin/admin@EXAMPLE.COM, addr=127.0.0.1
datanode_2  | 2019-11-07 01:31:31,891 INFO server.KerberosAuthenticationHandler: Using keytab /etc/security/keytabs/HTTP.keytab, for principal HTTP/a2e283d3ed6d@EXAMPLE.COM
datanode_1  | 2019-11-07 01:31:31,900 INFO server.AbstractConnector: Started ServerConnector@77b5148c{HTTP/1.1,[http/1.1]}{0.0.0.0:9882}
jhs         | 2019-11-07 01:31:26 INFO  AbstractDelegationTokenSecretManager:675 - Starting expired delegation token remover thread, tokenRemoverScanInterval=60 min(s)
rm_1        | 2019-11-07 01:31:25 INFO  ResourceManager:444 - Using Scheduler: org.apache.hadoop.yarn.server.resourcemanager.scheduler.capacity.CapacityScheduler
nm_1        | 2019-11-07 01:31:21 INFO  MetricsConfig:118 - Loaded properties from hadoop-metrics2.properties
kms_1       | 	at com.sun.xml.bind.v2.runtime.JAXBContextImpl.<init>(JAXBContextImpl.java:319)
om_1        | 2019-11-07 01:31:33,121 INFO ha.OMHANodeDetails: OM Service ID is not set. Setting it to the default ID: omServiceIdDefault
datanode_3  | 2019-11-07 01:31:31,926 INFO server.Server: Started @9276ms
scm_1       | 2019-11-07 01:31:29,287 INFO hdfs.DFSUtil: Starting web server as: HTTP/scm@EXAMPLE.COM
kdc_1       | Nov 07 01:30:57 kdc kadmind[15](info): closing down fd 18
datanode_2  | 2019-11-07 01:31:31,896 INFO handler.ContextHandler: Started o.e.j.w.WebAppContext@70ede57d{/,file:///tmp/jetty-0.0.0.0-9882-hddsDatanode-_-any-1985946041737027591.dir/webapp/,AVAILABLE}{/hddsDatanode}
datanode_1  | 2019-11-07 01:31:31,900 INFO server.Server: Started @7165ms
jhs         | 2019-11-07 01:31:26 INFO  AbstractDelegationTokenSecretManager:343 - Updating the current master key for generating delegation tokens
rm_1        | 2019-11-07 01:31:25 INFO  AsyncDispatcher:223 - Registering class org.apache.hadoop.yarn.server.resourcemanager.scheduler.event.SchedulerEventType for class org.apache.hadoop.yarn.event.EventDispatcher
nm_1        | 2019-11-07 01:31:21 INFO  MetricsSystemImpl:374 - Scheduled Metric snapshot period at 10 second(s).
kms_1       | 	at com.sun.xml.bind.v2.runtime.JAXBContextImpl$JAXBContextBuilder.build(JAXBContextImpl.java:1170)
om_1        | 2019-11-07 01:31:33,125 WARN server.ServerUtils: ozone.om.db.dirs is not configured. We recommend adding this setting. Falling back to ozone.metadata.dirs instead.
datanode_3  | 2019-11-07 01:31:31,929 INFO impl.MetricsSinkAdapter: Sink prometheus started
scm_1       | 2019-11-07 01:31:29,287 INFO hdfs.DFSUtil: Starting Web-server for scm at: http://0.0.0.0:9876
kdc_1       | Nov 07 01:30:57 kdc kadmind[15](Notice): Request: kadm5_init, admin/admin@EXAMPLE.COM, success, client=admin/admin@EXAMPLE.COM, service=kadmin/admin@EXAMPLE.COM, addr=127.0.0.1, vers=4, flavor=6
datanode_2  | 2019-11-07 01:31:31,904 INFO server.AbstractConnector: Started ServerConnector@5b910582{HTTP/1.1,[http/1.1]}{0.0.0.0:9882}
datanode_1  | 2019-11-07 01:31:31,907 INFO impl.MetricsSinkAdapter: Sink prometheus started
jhs         | 2019-11-07 01:31:26 INFO  CallQueueManager:84 - Using callQueue: class java.util.concurrent.LinkedBlockingQueue, queueCapacity: 1000, scheduler: class org.apache.hadoop.ipc.DefaultRpcScheduler, ipcBackoff: false.
rm_1        | 2019-11-07 01:31:25 INFO  AsyncDispatcher:223 - Registering class org.apache.hadoop.yarn.server.resourcemanager.rmapp.RMAppEventType for class org.apache.hadoop.yarn.server.resourcemanager.ResourceManager$ApplicationEventDispatcher
kms_1       | 	at com.sun.xml.bind.v2.ContextFactory.createContext(ContextFactory.java:145)
om_1        | WARNING: An illegal reflective access operation has occurred
datanode_3  | 2019-11-07 01:31:31,929 INFO impl.MetricsSystemImpl: Registered sink prometheus
nm_1        | 2019-11-07 01:31:21 INFO  MetricsSystemImpl:191 - NodeManager metrics system started
kdc_1       | Nov 07 01:30:57 kdc kadmind[15](Notice): Request: kadm5_get_policy, default, Policy does not exist, client=admin/admin@EXAMPLE.COM, service=kadmin/admin@EXAMPLE.COM, addr=127.0.0.1
scm_1       | 2019-11-07 01:31:29,401 INFO server.AuthenticationFilter: Unable to initialize FileSignerSecretProvider, falling back to use random secrets.
datanode_2  | 2019-11-07 01:31:31,905 INFO server.Server: Started @7994ms
datanode_1  | 2019-11-07 01:31:31,907 INFO impl.MetricsSystemImpl: Registered sink prometheus
jhs         | 2019-11-07 01:31:26 INFO  Server:1074 - Starting Socket Reader #1 for port 10200
rm_1        | 2019-11-07 01:31:25 INFO  AsyncDispatcher:223 - Registering class org.apache.hadoop.yarn.server.resourcemanager.rmapp.attempt.RMAppAttemptEventType for class org.apache.hadoop.yarn.server.resourcemanager.ResourceManager$ApplicationAttemptEventDispatcher
kms_1       | 	at sun.reflect.NativeMethodAccessorImpl.invoke0(Native Method)
om_1        | WARNING: Illegal reflective access by org.apache.hadoop.security.authentication.util.KerberosUtil (file:/opt/hadoop/share/ozone/lib/hadoop-auth-3.2.0.jar) to method sun.security.krb5.Config.getInstance()
datanode_3  | 2019-11-07 01:31:31,932 INFO server.BaseHttpServer: HTTP server of HDDSDATANODE is listening at http://0.0.0.0:9882
kdc_1       | Nov 07 01:30:57 kdc kadmind[15](Notice): Request: kadm5_create_principal, om/om@EXAMPLE.COM, success, client=admin/admin@EXAMPLE.COM, service=kadmin/admin@EXAMPLE.COM, addr=127.0.0.1
scm_1       | 2019-11-07 01:31:29,413 INFO http.HttpRequestLog: Http request log for http.requests.scm is not defined
nm_1        | 2019-11-07 01:31:21 INFO  UserGroupInformation:1009 - Login successful for user nm/nm@EXAMPLE.COM using keytab file /etc/security/keytabs/nm.keytab
datanode_2  | 2019-11-07 01:31:31,908 INFO impl.MetricsSinkAdapter: Sink prometheus started
datanode_1  | 2019-11-07 01:31:31,909 INFO server.BaseHttpServer: HTTP server of HDDSDATANODE is listening at http://0.0.0.0:9882
jhs         | 2019-11-07 01:31:26 INFO  RpcServerFactoryPBImpl:173 - Adding protocol org.apache.hadoop.yarn.api.ApplicationHistoryProtocolPB to the server
rm_1        | 2019-11-07 01:31:25 INFO  AsyncDispatcher:223 - Registering class org.apache.hadoop.yarn.server.resourcemanager.rmnode.RMNodeEventType for class org.apache.hadoop.yarn.server.resourcemanager.ResourceManager$NodeEventDispatcher
kms_1       | 	at sun.reflect.NativeMethodAccessorImpl.invoke(NativeMethodAccessorImpl.java:62)
om_1        | WARNING: Please consider reporting this to the maintainers of org.apache.hadoop.security.authentication.util.KerberosUtil
kdc_1       | Nov 07 01:30:57 kdc kadmind[15](info): closing down fd 18
scm_1       | 2019-11-07 01:31:29,420 INFO http.HttpServer2: Added global filter 'safety' (class=org.apache.hadoop.http.HttpServer2$QuotingInputFilter)
nm_1        | 2019-11-07 01:31:21 INFO  DirectoryCollection:187 - Disk Validator 'basic' is loaded.
datanode_2  | 2019-11-07 01:31:31,908 INFO impl.MetricsSystemImpl: Registered sink prometheus
datanode_1  | 2019-11-07 01:31:31,922 INFO util.JvmPauseMonitor: Starting JVM pause monitor
jhs         | 2019-11-07 01:31:26 INFO  Server:1314 - IPC Server Responder: starting
rm_1        | 2019-11-07 01:31:26 INFO  MetricsConfig:118 - Loaded properties from hadoop-metrics2.properties
kms_1       | 	at sun.reflect.DelegatingMethodAccessorImpl.invoke(DelegatingMethodAccessorImpl.java:43)
om_1        | WARNING: Use --illegal-access=warn to enable warnings of further illegal reflective access operations
datanode_3  | 2019-11-07 01:31:31,948 INFO util.JvmPauseMonitor: Starting JVM pause monitor
scm_1       | 2019-11-07 01:31:29,422 INFO http.HttpServer2: Added filter static_user_filter (class=org.apache.hadoop.http.lib.StaticUserWebFilter$StaticUserFilter) to context scm
kdc_1       | Nov 07 01:30:57 kdc kadmind[15](Notice): Request: kadm5_init, admin/admin@EXAMPLE.COM, success, client=admin/admin@EXAMPLE.COM, service=kadmin/admin@EXAMPLE.COM, addr=127.0.0.1, vers=4, flavor=6
nm_1        | 2019-11-07 01:31:21 INFO  DirectoryCollection:187 - Disk Validator 'basic' is loaded.
datanode_1  | 2019-11-07 01:31:34,158 INFO ozoneimpl.OzoneContainer: Attempting to start container services.
datanode_2  | 2019-11-07 01:31:31,910 INFO server.BaseHttpServer: HTTP server of HDDSDATANODE is listening at http://0.0.0.0:9882
jhs         | 2019-11-07 01:31:26 INFO  Server:1153 - IPC Server listener on 10200: starting
rm_1        | 2019-11-07 01:31:26 INFO  MetricsSystemImpl:374 - Scheduled Metric snapshot period at 10 second(s).
kms_1       | 	at java.lang.reflect.Method.invoke(Method.java:498)
om_1        | WARNING: All illegal access operations will be denied in a future release
scm_1       | 2019-11-07 01:31:29,423 INFO http.HttpServer2: Added filter static_user_filter (class=org.apache.hadoop.http.lib.StaticUserWebFilter$StaticUserFilter) to context static
datanode_3  | 2019-11-07 01:31:34,154 INFO ozoneimpl.OzoneContainer: Attempting to start container services.
kdc_1       | Nov 07 01:30:57 kdc kadmind[15](Notice): Request: kadm5_randkey_principal, om/om@EXAMPLE.COM, success, client=admin/admin@EXAMPLE.COM, service=kadmin/admin@EXAMPLE.COM, addr=127.0.0.1
nm_1        | 2019-11-07 01:31:21 INFO  NodeResourceMonitorImpl:75 -  Using ResourceCalculatorPlugin : org.apache.hadoop.yarn.util.ResourceCalculatorPlugin@2a7f1f10
datanode_1  | 2019-11-07 01:31:34,160 INFO ozoneimpl.OzoneContainer: Background container scanner has been disabled.
datanode_2  | 2019-11-07 01:31:31,924 INFO util.JvmPauseMonitor: Starting JVM pause monitor
jhs         | 2019-11-07 01:31:26 INFO  ApplicationHistoryClientService:111 - Instantiated ApplicationHistoryClientService at jhs/172.18.0.5:10200
rm_1        | 2019-11-07 01:31:26 INFO  MetricsSystemImpl:191 - ResourceManager metrics system started
kms_1       | 	at javax.xml.bind.ContextFinder.newInstance(ContextFinder.java:247)
om_1        | 2019-11-07 01:31:33,580 INFO security.UserGroupInformation: Login successful for user om/om@EXAMPLE.COM using keytab file /etc/security/keytabs/om.keytab
scm_1       | 2019-11-07 01:31:29,423 INFO http.HttpServer2: Added filter static_user_filter (class=org.apache.hadoop.http.lib.StaticUserWebFilter$StaticUserFilter) to context logs
datanode_3  | 2019-11-07 01:31:34,156 INFO ozoneimpl.OzoneContainer: Background container scanner has been disabled.
kdc_1       | Nov 07 01:30:57 kdc kadmind[15](Notice): Request: kadm5_get_principal, om/om@EXAMPLE.COM, success, client=admin/admin@EXAMPLE.COM, service=kadmin/admin@EXAMPLE.COM, addr=127.0.0.1
nm_1        | 2019-11-07 01:31:21 INFO  AsyncDispatcher:223 - Registering class org.apache.hadoop.yarn.server.nodemanager.containermanager.loghandler.event.LogHandlerEventType for class org.apache.hadoop.yarn.server.nodemanager.containermanager.logaggregation.LogAggregationService
datanode_1  | 2019-11-07 01:31:34,160 INFO ratis.XceiverServerRatis: Starting XceiverServerRatis 944e2d03-c5f6-46d8-9f57-e31fd5ef71d5 at port 9858
datanode_2  | 2019-11-07 01:31:34,047 INFO ozoneimpl.OzoneContainer: Attempting to start container services.
jhs         | 2019-11-07 01:31:26 INFO  JvmPauseMonitor:188 - Starting JVM pause monitor
rm_1        | 2019-11-07 01:31:26 INFO  YarnAuthorizationProvider:58 - org.apache.hadoop.yarn.security.ConfiguredYarnAuthorizer is instantiated.
kms_1       | 	at javax.xml.bind.ContextFinder.newInstance(ContextFinder.java:234)
om_1        | 2019-11-07 01:31:33,580 INFO om.OzoneManager: Ozone Manager login successful.
scm_1       | 2019-11-07 01:31:29,463 INFO server.StorageContainerManager: StorageContainerLocationProtocol RPC server is listening at /0.0.0.0:9860
datanode_3  | 2019-11-07 01:31:34,156 INFO ratis.XceiverServerRatis: Starting XceiverServerRatis 8966d201-6d5a-440e-9a40-94112179bcb3 at port 9858
kdc_1       | Nov 07 01:30:57 kdc kadmind[15](info): closing down fd 18
nm_1        | 2019-11-07 01:31:21 INFO  AsyncDispatcher:223 - Registering class org.apache.hadoop.yarn.server.nodemanager.containermanager.localizer.sharedcache.SharedCacheUploadEventType for class org.apache.hadoop.yarn.server.nodemanager.containermanager.localizer.sharedcache.SharedCacheUploadService
datanode_1  | 2019-11-07 01:31:34,179 INFO impl.RaftServerProxy: 944e2d03-c5f6-46d8-9f57-e31fd5ef71d5: start RPC server
datanode_2  | 2019-11-07 01:31:34,050 INFO ozoneimpl.OzoneContainer: Background container scanner has been disabled.
jhs         | 2019-11-07 01:31:27 INFO  TimelineServerUtils:66 - Filter initializers set for timeline service: org.apache.hadoop.http.lib.StaticUserWebFilter,org.apache.hadoop.yarn.server.timeline.security.TimelineAuthenticationFilterInitializer
rm_1        | 2019-11-07 01:31:26 INFO  AsyncDispatcher:223 - Registering class org.apache.hadoop.yarn.server.resourcemanager.RMAppManagerEventType for class org.apache.hadoop.yarn.server.resourcemanager.RMAppManager
kms_1       | 	at javax.xml.bind.ContextFinder.find(ContextFinder.java:441)
om_1        | 2019-11-07 01:31:33,581 WARN server.ServerUtils: ozone.om.db.dirs is not configured. We recommend adding this setting. Falling back to ozone.metadata.dirs instead.
scm_1       | 2019-11-07 01:31:29,542 INFO impl.MetricsConfig: Loaded properties from hadoop-metrics2.properties
datanode_3  | 2019-11-07 01:31:34,178 INFO impl.RaftServerProxy: 8966d201-6d5a-440e-9a40-94112179bcb3: start RPC server
kdc_1       | Nov 07 01:30:57 kdc kadmind[15](Notice): Request: kadm5_init, admin/admin@EXAMPLE.COM, success, client=admin/admin@EXAMPLE.COM, service=kadmin/admin@EXAMPLE.COM, addr=127.0.0.1, vers=4, flavor=6
nm_1        | 2019-11-07 01:31:21 INFO  ContainerManagerImpl:336 - AMRMProxyService is disabled
datanode_1  | 2019-11-07 01:31:34,411 INFO server.GrpcService: 944e2d03-c5f6-46d8-9f57-e31fd5ef71d5: GrpcService started, listening on 0.0.0.0/0.0.0.0:9858
datanode_2  | 2019-11-07 01:31:34,051 INFO ratis.XceiverServerRatis: Starting XceiverServerRatis 0d59c2db-28b1-47c5-a7eb-ee7fc2e20e0a at port 9858
jhs         | 2019-11-07 01:31:27 INFO  log:192 - Logging initialized @2691ms
rm_1        | 2019-11-07 01:31:26 INFO  AsyncDispatcher:223 - Registering class org.apache.hadoop.yarn.server.resourcemanager.amlauncher.AMLauncherEventType for class org.apache.hadoop.yarn.server.resourcemanager.amlauncher.ApplicationMasterLauncher
kms_1       | 	at javax.xml.bind.JAXBContext.newInstance(JAXBContext.java:641)
om_1        | 2019-11-07 01:31:34,457 INFO client.OMCertificateClient: Loading certificate from location:/data/metadata/om/certs.
scm_1       | 2019-11-07 01:31:29,591 INFO impl.MetricsSystemImpl: Scheduled Metric snapshot period at 10 second(s).
datanode_3  | 2019-11-07 01:31:34,399 INFO server.GrpcService: 8966d201-6d5a-440e-9a40-94112179bcb3: GrpcService started, listening on 0.0.0.0/0.0.0.0:9858
kdc_1       | Nov 07 01:30:57 kdc kadmind[15](Notice): Request: kadm5_get_policy, default, Policy does not exist, client=admin/admin@EXAMPLE.COM, service=kadmin/admin@EXAMPLE.COM, addr=127.0.0.1
nm_1        | 2019-11-07 01:31:21 INFO  ResourceLocalizationService:242 - per directory file limit = 8192
jhs         | 2019-11-07 01:31:27 INFO  AuthenticationFilter:240 - Unable to initialize FileSignerSecretProvider, falling back to use random secrets.
datanode_1  | 2019-11-07 01:31:36,796 INFO impl.RaftServerProxy: 944e2d03-c5f6-46d8-9f57-e31fd5ef71d5: addNew group-C7592C1ABCD0:[944e2d03-c5f6-46d8-9f57-e31fd5ef71d5:172.18.0.9:9858] returns group-C7592C1ABCD0:java.util.concurrent.CompletableFuture@3e84d8b[Not completed]
rm_1        | 2019-11-07 01:31:26 INFO  RMNMInfo:63 - Registered RMNMInfo MBean
kms_1       | 	at javax.xml.bind.JAXBContext.newInstance(JAXBContext.java:584)
om_1        | 2019-11-07 01:31:34,549 INFO client.OMCertificateClient: Added certificate from file:/data/metadata/om/certs/13437082552503175.crt.
datanode_2  | 2019-11-07 01:31:34,147 INFO impl.RaftServerProxy: 0d59c2db-28b1-47c5-a7eb-ee7fc2e20e0a: start RPC server
scm_1       | 2019-11-07 01:31:29,591 INFO impl.MetricsSystemImpl: StorageContainerManager metrics system started
datanode_3  | 2019-11-07 01:31:37,785 INFO impl.RaftServerProxy: 8966d201-6d5a-440e-9a40-94112179bcb3: addNew group-13E208BBD8AC:[8966d201-6d5a-440e-9a40-94112179bcb3:172.18.0.8:9858] returns group-13E208BBD8AC:java.util.concurrent.CompletableFuture@5823085e[Not completed]
nm_1        | 2019-11-07 01:31:21 INFO  AsyncDispatcher:223 - Registering class org.apache.hadoop.yarn.server.nodemanager.containermanager.localizer.event.LocalizerEventType for class org.apache.hadoop.yarn.server.nodemanager.containermanager.localizer.ResourceLocalizationService$LocalizerTracker
jhs         | 2019-11-07 01:31:27 INFO  HttpRequestLog:81 - Http request log for http.requests.applicationhistory is not defined
kdc_1       | Nov 07 01:30:57 kdc kadmind[15](Notice): Request: kadm5_create_principal, om/scm@EXAMPLE.COM, success, client=admin/admin@EXAMPLE.COM, service=kadmin/admin@EXAMPLE.COM, addr=127.0.0.1
rm_1        | 2019-11-07 01:31:26 INFO  RMAppLifetimeMonitor:66 - Application lifelime monitor interval set to 3000 ms.
datanode_1  | 2019-11-07 01:31:36,815 INFO impl.RaftServerImpl: 944e2d03-c5f6-46d8-9f57-e31fd5ef71d5: new RaftServerImpl for group-C7592C1ABCD0:[944e2d03-c5f6-46d8-9f57-e31fd5ef71d5:172.18.0.9:9858] with ContainerStateMachine:uninitialized
kms_1       | 	at com.sun.jersey.server.wadl.generators.WadlGeneratorJAXBGrammarGenerator.buildModelAndSchemas(WadlGeneratorJAXBGrammarGenerator.java:169)
om_1        | 2019-11-07 01:31:34,561 INFO client.OMCertificateClient: Added certificate from file:/data/metadata/om/certs/CA-1.crt.
scm_1       | 2019-11-07 01:31:29,795 INFO server.SCMClientProtocolServer: RPC server for Client  is listening at /0.0.0.0:9860
datanode_2  | 2019-11-07 01:31:34,340 INFO server.GrpcService: 0d59c2db-28b1-47c5-a7eb-ee7fc2e20e0a: GrpcService started, listening on 0.0.0.0/0.0.0.0:9858
datanode_3  | 2019-11-07 01:31:37,806 INFO impl.RaftServerImpl: 8966d201-6d5a-440e-9a40-94112179bcb3: new RaftServerImpl for group-13E208BBD8AC:[8966d201-6d5a-440e-9a40-94112179bcb3:172.18.0.8:9858] with ContainerStateMachine:uninitialized
nm_1        | 2019-11-07 01:31:21 INFO  ResourceHandlerModule:197 - Using traffic control bandwidth handler
jhs         | 2019-11-07 01:31:27 INFO  HttpServer2:975 - Added global filter 'safety' (class=org.apache.hadoop.http.HttpServer2$QuotingInputFilter)
kdc_1       | Nov 07 01:30:57 kdc kadmind[15](info): closing down fd 18
rm_1        | 2019-11-07 01:31:26 INFO  MultiNodeSortingManager:59 - Initializing NodeSortingService=MultiNodeSortingManager
datanode_1  | 2019-11-07 01:31:36,816 INFO server.RaftServerConfigKeys: raft.server.rpc.timeout.min = 5s (custom)
kms_1       | 	at com.sun.jersey.server.wadl.generators.AbstractWadlGeneratorGrammarGenerator.createExternalGrammar(AbstractWadlGeneratorGrammarGenerator.java:405)
om_1        | 2019-11-07 01:31:34,590 WARN server.ServerUtils: ozone.om.db.dirs is not configured. We recommend adding this setting. Falling back to ozone.metadata.dirs instead.
scm_1       | 2019-11-07 01:31:29,795 INFO ipc.Server: IPC Server Responder: starting
datanode_2  | 2019-11-07 01:31:38,371 INFO impl.RaftServerProxy: 0d59c2db-28b1-47c5-a7eb-ee7fc2e20e0a: addNew group-E6A86E341E24:[0d59c2db-28b1-47c5-a7eb-ee7fc2e20e0a:172.18.0.11:9858] returns group-E6A86E341E24:java.util.concurrent.CompletableFuture@6a2d4ae7[Not completed]
datanode_3  | 2019-11-07 01:31:37,807 INFO server.RaftServerConfigKeys: raft.server.rpc.timeout.min = 5s (custom)
nm_1        | 2019-11-07 01:31:21 INFO  AuxServices:103 - Adding auxiliary service mapreduce_shuffle, "mapreduce_shuffle"
jhs         | 2019-11-07 01:31:27 INFO  HttpServer2:948 - Added filter static_user_filter (class=org.apache.hadoop.http.lib.StaticUserWebFilter$StaticUserFilter) to context applicationhistory
kdc_1       | Nov 07 01:30:57 kdc kadmind[15](Notice): Request: kadm5_init, admin/admin@EXAMPLE.COM, success, client=admin/admin@EXAMPLE.COM, service=kadmin/admin@EXAMPLE.COM, addr=127.0.0.1, vers=4, flavor=6
rm_1        | 2019-11-07 01:31:26 INFO  HostsFileReader:211 - Refreshing hosts (include/exclude) list
datanode_1  | 2019-11-07 01:31:36,817 INFO server.RaftServerConfigKeys: raft.server.rpc.timeout.max = 5200ms (custom)
kms_1       | 	at com.sun.jersey.server.wadl.WadlBuilder.generate(WadlBuilder.java:149)
om_1        | 2019-11-07 01:31:34,614 INFO util.log: Logging initialized @3015ms
scm_1       | 2019-11-07 01:31:29,795 INFO ipc.Server: IPC Server listener on 9860: starting
datanode_3  | 2019-11-07 01:31:37,808 INFO server.RaftServerConfigKeys: raft.server.rpc.timeout.max = 5200ms (custom)
datanode_2  | 2019-11-07 01:31:38,392 INFO impl.RaftServerImpl: 0d59c2db-28b1-47c5-a7eb-ee7fc2e20e0a: new RaftServerImpl for group-E6A86E341E24:[0d59c2db-28b1-47c5-a7eb-ee7fc2e20e0a:172.18.0.11:9858] with ContainerStateMachine:uninitialized
nm_1        | 2019-11-07 01:31:21 INFO  ContainersMonitorImpl:138 -  Using ResourceCalculatorPlugin : org.apache.hadoop.yarn.util.ResourceCalculatorPlugin@1500b2f3
jhs         | 2019-11-07 01:31:27 INFO  HttpServer2:958 - Added filter static_user_filter (class=org.apache.hadoop.http.lib.StaticUserWebFilter$StaticUserFilter) to context logs
rm_1        | 2019-11-07 01:31:26 INFO  Configuration:2755 - found resource capacity-scheduler.xml at file:/opt/hadoop/etc/hadoop/capacity-scheduler.xml
datanode_1  | 2019-11-07 01:31:36,817 INFO server.RaftServerConfigKeys: raft.server.rpcslowness.timeout = 120s (custom)
kdc_1       | Nov 07 01:30:57 kdc kadmind[15](Notice): Request: kadm5_randkey_principal, om/scm@EXAMPLE.COM, success, client=admin/admin@EXAMPLE.COM, service=kadmin/admin@EXAMPLE.COM, addr=127.0.0.1
kms_1       | 	at com.sun.jersey.server.impl.wadl.WadlApplicationContextImpl.getApplication(WadlApplicationContextImpl.java:119)
om_1        | 2019-11-07 01:31:34,697 INFO db.DBStoreBuilder: using custom profile for table: userTable
scm_1       | 2019-11-07 01:31:29,799 INFO server.StorageContainerManager: ScmBlockLocationProtocol RPC server is listening at /0.0.0.0:9863
datanode_3  | 2019-11-07 01:31:37,808 INFO server.RaftServerConfigKeys: raft.server.rpcslowness.timeout = 120s (custom)
datanode_2  | 2019-11-07 01:31:38,393 INFO server.RaftServerConfigKeys: raft.server.rpc.timeout.min = 5s (custom)
nm_1        | 2019-11-07 01:31:21 INFO  ContainersMonitorImpl:143 -  Using ResourceCalculatorProcessTree : null
jhs         | 2019-11-07 01:31:27 INFO  HttpServer2:958 - Added filter static_user_filter (class=org.apache.hadoop.http.lib.StaticUserWebFilter$StaticUserFilter) to context static
datanode_1  | 2019-11-07 01:31:36,817 INFO server.RaftServerConfigKeys: raft.server.sleep.deviation.threshold = 300 (default)
rm_1        | 2019-11-07 01:31:26 INFO  AbstractYarnScheduler:1390 - Minimum allocation = <memory:1024, vCores:1>
kms_1       | 	at com.sun.jersey.server.impl.wadl.WadlApplicationContextImpl.getApplication(WadlApplicationContextImpl.java:138)
om_1        | 2019-11-07 01:31:34,697 INFO db.DBStoreBuilder: Using default column profile:DBProfile.DISK for Table:userTable
scm_1       | 2019-11-07 01:31:29,800 INFO server.SCMBlockProtocolServer: RPC server for Block Protocol is listening at /0.0.0.0:9863
datanode_3  | 2019-11-07 01:31:37,809 INFO server.RaftServerConfigKeys: raft.server.sleep.deviation.threshold = 300 (default)
datanode_2  | 2019-11-07 01:31:38,394 INFO server.RaftServerConfigKeys: raft.server.rpc.timeout.max = 5200ms (custom)
kdc_1       | Nov 07 01:30:57 kdc kadmind[15](Notice): Request: kadm5_get_principal, om/scm@EXAMPLE.COM, success, client=admin/admin@EXAMPLE.COM, service=kadmin/admin@EXAMPLE.COM, addr=127.0.0.1
nm_1        | 2019-11-07 01:31:21 INFO  ContainersMonitorImpl:190 - Physical memory check enabled: false
jhs         | 2019-11-07 01:31:27 INFO  HttpServer2:975 - Added global filter 'Timeline Authentication Filter' (class=org.apache.hadoop.yarn.server.timeline.security.TimelineAuthenticationFilter)
datanode_1  | 2019-11-07 01:31:36,818 INFO server.RaftServerConfigKeys: raft.server.log.appender.install.snapshot.enabled = false (custom)
rm_1        | 2019-11-07 01:31:26 INFO  AbstractYarnScheduler:1402 - Maximum allocation = <memory:8192, vCores:4>
kms_1       | 	at com.sun.jersey.server.impl.wadl.WadlMethodFactory$WadlOptionsMethodDispatcher.dispatch(WadlMethodFactory.java:110)
om_1        | 2019-11-07 01:31:34,697 INFO db.DBStoreBuilder: using custom profile for table: volumeTable
datanode_3  | 2019-11-07 01:31:37,810 INFO server.RaftServerConfigKeys: raft.server.log.appender.install.snapshot.enabled = false (custom)
datanode_2  | 2019-11-07 01:31:38,394 INFO server.RaftServerConfigKeys: raft.server.rpcslowness.timeout = 120s (custom)
kdc_1       | Entry for principal om/scm@EXAMPLE.COM with kvno 2, encryption type aes256-cts-hmac-sha1-96 added to keytab WRFILE:/data/om.scm.keytab.
nm_1        | 2019-11-07 01:31:21 INFO  ContainersMonitorImpl:191 - Virtual memory check enabled: false
jhs         | 2019-11-07 01:31:27 INFO  HttpServer2:613 - adding path spec: /applicationhistory/*
