datanode_3  | 2019-10-31 18:50:51,501 INFO server.RaftServerConfigKeys: raft.server.log.appender.buffer.element-limit = 1 (custom)
s3g_1       | 	at org.glassfish.jersey.server.ServerRuntime$1.run(ServerRuntime.java:269)
scm_1       | 2019-10-31 18:55:29,722 INFO ipc.Server: Auth successful for dn/e81c43a6229f@EXAMPLE.COM (auth:KERBEROS)
om_1        | 2019-10-31 18:52:36,409 INFO authorize.ServiceAuthorizationManager: Authorization successful for testuser/scm@EXAMPLE.COM (auth:KERBEROS) for protocol=interface org.apache.hadoop.ozone.om.protocol.OzoneManagerProtocol
datanode_1  | 2019-10-31 18:50:51,457 INFO impl.RoleInfo: 26ae31ef-b353-4586-a2bc-a790e7dfedd3: start FollowerState
datanode_3  | 2019-10-31 18:50:51,502 INFO grpc.GrpcConfigKeys$Server: raft.grpc.server.leader.outstanding.appends.max = 128 (default)
kdc_1       | Entry for principal dn/b9d53e04839f@EXAMPLE.COM with kvno 2, encryption type aes128-cts-hmac-sha1-96 added to keytab WRFILE:/data/dn.b9d53e04839f.keytab.
s3g_1       | 	at org.glassfish.jersey.internal.Errors$1.call(Errors.java:272)
scm_1       | 2019-10-31 18:55:29,724 INFO ipc.Server: Auth successful for dn/e558a4ea012d@EXAMPLE.COM (auth:KERBEROS)
om_1        | 2019-10-31 18:52:39,243 INFO ipc.Server: Auth successful for testuser/scm@EXAMPLE.COM (auth:KERBEROS)
datanode_1  | 2019-10-31 18:50:51,458 INFO impl.FollowerState: 26ae31ef-b353-4586-a2bc-a790e7dfedd3@group-9BC21DD75763-FollowerState was interrupted: java.lang.InterruptedException: sleep interrupted
datanode_3  | 2019-10-31 18:50:51,502 INFO server.RaftServerConfigKeys: raft.server.rpc.request.timeout = 3000ms (default)
kdc_1       | Generiting keytab
s3g_1       | 	at org.glassfish.jersey.internal.Errors$1.call(Errors.java:268)
scm_1       | 2019-10-31 18:55:29,724 INFO authorize.ServiceAuthorizationManager: Authorization successful for dn/b9d53e04839f@EXAMPLE.COM (auth:KERBEROS) for protocol=interface org.apache.hadoop.ozone.protocol.StorageContainerDatanodeProtocol
om_1        | 2019-10-31 18:52:39,256 INFO authorize.ServiceAuthorizationManager: Authorization successful for testuser/scm@EXAMPLE.COM (auth:KERBEROS) for protocol=interface org.apache.hadoop.ozone.om.protocol.OzoneManagerProtocol
datanode_1  | 2019-10-31 18:50:51,566 INFO impl.RaftServerImpl: 26ae31ef-b353-4586-a2bc-a790e7dfedd3@group-9BC21DD75763: change Leader from null to 4846d65a-3c9f-4575-b7de-42d02bedb542 at term 2 for appendEntries, leader elected after 10584ms
datanode_3  | 2019-10-31 18:50:51,502 INFO server.RaftServerConfigKeys: raft.server.log.appender.install.snapshot.enabled = false (custom)
kdc_1       | Authenticating as principal admin/admin with keytab /tmp/admin.keytab.
s3g_1       | 	at org.glassfish.jersey.internal.Errors.process(Errors.java:316)
scm_1       | 2019-10-31 18:55:29,727 INFO authorize.ServiceAuthorizationManager: Authorization successful for dn/e558a4ea012d@EXAMPLE.COM (auth:KERBEROS) for protocol=interface org.apache.hadoop.ozone.protocol.StorageContainerDatanodeProtocol
om_1        | 2019-10-31 18:52:42,010 INFO ipc.Server: Auth successful for testuser/scm@EXAMPLE.COM (auth:KERBEROS)
datanode_1  | 2019-10-31 18:50:51,592 INFO impl.RaftServerImpl: 26ae31ef-b353-4586-a2bc-a790e7dfedd3@group-9BC21DD75763: set configuration 0: [e88f74f5-9dc8-478d-ba8e-73adb63539f9:172.18.0.7:9858, 4846d65a-3c9f-4575-b7de-42d02bedb542:172.18.0.10:9858, 26ae31ef-b353-4586-a2bc-a790e7dfedd3:172.18.0.6:9858], old=null at 0
kdc_1       | WARNING: no policy specified for dn/e81c43a6229f@EXAMPLE.COM; defaulting to no policy
datanode_3  | 2019-10-31 18:50:51,504 INFO impl.RoleInfo: 4846d65a-3c9f-4575-b7de-42d02bedb542: start LeaderState
s3g_1       | 	at org.glassfish.jersey.internal.Errors.process(Errors.java:298)
scm_1       | 2019-10-31 18:55:29,728 INFO authorize.ServiceAuthorizationManager: Authorization successful for dn/e81c43a6229f@EXAMPLE.COM (auth:KERBEROS) for protocol=interface org.apache.hadoop.ozone.protocol.StorageContainerDatanodeProtocol
om_1        | 2019-10-31 18:52:42,026 INFO authorize.ServiceAuthorizationManager: Authorization successful for testuser/scm@EXAMPLE.COM (auth:KERBEROS) for protocol=interface org.apache.hadoop.ozone.om.protocol.OzoneManagerProtocol
datanode_1  | 2019-10-31 18:50:51,592 INFO segmented.SegmentedRaftLogWorker: 26ae31ef-b353-4586-a2bc-a790e7dfedd3@group-9BC21DD75763-SegmentedRaftLogWorker: Starting segment from index:0
kdc_1       | Principal "dn/e81c43a6229f@EXAMPLE.COM" created.
datanode_3  | 2019-10-31 18:50:51,504 INFO segmented.SegmentedRaftLogWorker: 4846d65a-3c9f-4575-b7de-42d02bedb542@group-9BC21DD75763-SegmentedRaftLogWorker: Starting segment from index:0
s3g_1       | 	at org.glassfish.jersey.internal.Errors.process(Errors.java:268)
scm_1       | 2019-10-31 18:55:38,390 INFO ipc.Server: Auth successful for om/om@EXAMPLE.COM (auth:KERBEROS)
om_1        | 2019-10-31 18:52:42,789 ERROR acl.OMBucketAddAclRequest: Add acl [user:superuser1:rwxy[ACCESS]] to path /80383-rpcwoport2/bb1 failed, because acl already exist
datanode_1  | 2019-10-31 18:50:51,647 INFO segmented.SegmentedRaftLogWorker: 26ae31ef-b353-4586-a2bc-a790e7dfedd3@group-9BC21DD75763-SegmentedRaftLogWorker: created new log segment /data/metadata/ratis/b0e8eb52-c066-49b6-ae2d-9bc21dd75763/current/log_inprogress_0
kdc_1       | Authenticating as principal admin/admin with keytab /tmp/admin.keytab.
datanode_3  | 2019-10-31 18:50:51,505 INFO impl.RaftServerImpl: 4846d65a-3c9f-4575-b7de-42d02bedb542@group-9BC21DD75763: set configuration 0: [e88f74f5-9dc8-478d-ba8e-73adb63539f9:172.18.0.7:9858, 4846d65a-3c9f-4575-b7de-42d02bedb542:172.18.0.10:9858, 26ae31ef-b353-4586-a2bc-a790e7dfedd3:172.18.0.6:9858], old=null at 0
s3g_1       | 	at org.glassfish.jersey.process.internal.RequestScope.runInScope(RequestScope.java:289)
scm_1       | 2019-10-31 18:55:38,393 INFO authorize.ServiceAuthorizationManager: Authorization successful for om/om@EXAMPLE.COM (auth:KERBEROS) for protocol=interface org.apache.hadoop.hdds.scm.protocol.ScmBlockLocationProtocol
om_1        | 2019-10-31 18:52:44,897 INFO ipc.Server: Auth successful for testuser/scm@EXAMPLE.COM (auth:KERBEROS)
datanode_1  | 2019-10-31 18:50:58,732 INFO client.DNCertificateClient: Getting certificate with certSerialId:11746789630167864.
kdc_1       | Oct 31 18:50:20 kdc krb5kdc[9](info): AS_REQ (8 etypes {18 17 20 19 16 23 25 26}) 127.0.0.1: SERVER_NOT_FOUND: admin/admin@EXAMPLE.COM for kadmin/localhost@EXAMPLE.COM, Server not found in Kerberos database
datanode_3  | 2019-10-31 18:50:51,556 INFO segmented.SegmentedRaftLogWorker: 4846d65a-3c9f-4575-b7de-42d02bedb542@group-9BC21DD75763-SegmentedRaftLogWorker: created new log segment /data/metadata/ratis/b0e8eb52-c066-49b6-ae2d-9bc21dd75763/current/log_inprogress_0
s3g_1       | 	at org.glassfish.jersey.server.ServerRuntime.process(ServerRuntime.java:256)
om_1        | 2019-10-31 18:52:44,909 INFO authorize.ServiceAuthorizationManager: Authorization successful for testuser/scm@EXAMPLE.COM (auth:KERBEROS) for protocol=interface org.apache.hadoop.ozone.om.protocol.OzoneManagerProtocol
scm_1       | 2019-10-31 18:55:38,393 INFO server.SCMBlockProtocolServer: SCM is informed by OM to delete 1 blocks
s3g_1       | 	at org.glassfish.jersey.server.ApplicationHandler.handle(ApplicationHandler.java:703)
datanode_3  | 2019-10-31 18:50:58,673 INFO client.DNCertificateClient: Getting certificate with certSerialId:11746789630167864.
kdc_1       | Oct 31 18:50:20 kdc krb5kdc[9](info): AS_REQ (8 etypes {18 17 20 19 16 23 25 26}) 127.0.0.1: ISSUE: authtime 1572547820, etypes {rep=18 tkt=18 ses=18}, admin/admin@EXAMPLE.COM for kadmin/admin@EXAMPLE.COM
om_1        | 2019-10-31 18:52:47,746 INFO ipc.Server: Auth successful for testuser/scm@EXAMPLE.COM (auth:KERBEROS)
scm_1       | 2019-10-31 18:55:38,393 INFO block.BlockManagerImpl: Deleting blocks conID: 3 locID: 103058511351578752 bcsId: 0
s3g_1       | 	at org.glassfish.jersey.servlet.WebComponent.serviceImpl(WebComponent.java:416)
datanode_3  | 2019-10-31 18:51:46,686 WARN client.GrpcClientProtocolService: 2-OrderedRequestStreamObserver2: onError: org.apache.ratis.thirdparty.io.grpc.StatusRuntimeException: CANCELLED: cancelled before receiving half close
om_1        | 2019-10-31 18:52:47,759 INFO authorize.ServiceAuthorizationManager: Authorization successful for testuser/scm@EXAMPLE.COM (auth:KERBEROS) for protocol=interface org.apache.hadoop.ozone.om.protocol.OzoneManagerProtocol
kdc_1       | Oct 31 18:50:20 kdc krb5kdc[9](info): AS_REQ (8 etypes {18 17 20 19 16 23 25 26}) 127.0.0.1: SERVER_NOT_FOUND: admin/admin@EXAMPLE.COM for kadmin/localhost@EXAMPLE.COM, Server not found in Kerberos database
s3g_1       | 	at org.glassfish.jersey.servlet.WebComponent.service(WebComponent.java:370)
datanode_3  | 2019-10-31 18:51:46,686 WARN client.GrpcClientProtocolService: 3-UnorderedRequestStreamObserver3: onError: org.apache.ratis.thirdparty.io.grpc.StatusRuntimeException: CANCELLED: cancelled before receiving half close
scm_1       | 2019-10-31 18:55:38,653 INFO container.ReplicationManager: Starting Replication Monitor Thread.
om_1        | 2019-10-31 18:52:50,551 INFO ipc.Server: Auth successful for testuser/scm@EXAMPLE.COM (auth:KERBEROS)
kdc_1       | Oct 31 18:50:20 kdc krb5kdc[9](info): AS_REQ (8 etypes {18 17 20 19 16 23 25 26}) 127.0.0.1: ISSUE: authtime 1572547820, etypes {rep=18 tkt=18 ses=18}, admin/admin@EXAMPLE.COM for kadmin/admin@EXAMPLE.COM
s3g_1       | 	at org.glassfish.jersey.servlet.ServletContainer.service(ServletContainer.java:389)
datanode_3  | 2019-10-31 18:53:01,639 WARN client.GrpcClientProtocolService: 4-OrderedRequestStreamObserver4: onError: org.apache.ratis.thirdparty.io.grpc.StatusRuntimeException: CANCELLED: cancelled before receiving half close
kdc_1       | Oct 31 18:50:21 kdc krb5kdc[9](info): AS_REQ (8 etypes {18 17 20 19 16 23 25 26}) 127.0.0.1: SERVER_NOT_FOUND: admin/admin@EXAMPLE.COM for kadmin/localhost@EXAMPLE.COM, Server not found in Kerberos database
om_1        | 2019-10-31 18:52:50,566 INFO authorize.ServiceAuthorizationManager: Authorization successful for testuser/scm@EXAMPLE.COM (auth:KERBEROS) for protocol=interface org.apache.hadoop.ozone.om.protocol.OzoneManagerProtocol
scm_1       | 2019-10-31 18:55:38,667 INFO container.ReplicationManager: Replication Monitor Thread took 10 milliseconds for processing 3 containers.
s3g_1       | 	at org.glassfish.jersey.servlet.ServletContainer.service(ServletContainer.java:342)
datanode_3  | 2019-10-31 18:53:01,641 WARN client.GrpcClientProtocolService: 5-UnorderedRequestStreamObserver5: onError: org.apache.ratis.thirdparty.io.grpc.StatusRuntimeException: CANCELLED: cancelled before receiving half close
kdc_1       | Oct 31 18:50:21 kdc krb5kdc[9](info): AS_REQ (8 etypes {18 17 20 19 16 23 25 26}) 127.0.0.1: ISSUE: authtime 1572547821, etypes {rep=18 tkt=18 ses=18}, admin/admin@EXAMPLE.COM for kadmin/admin@EXAMPLE.COM
om_1        | 2019-10-31 18:52:53,345 INFO ipc.Server: Auth successful for testuser/scm@EXAMPLE.COM (auth:KERBEROS)
scm_1       | 2019-10-31 18:55:59,710 INFO ipc.Server: Auth successful for dn/e558a4ea012d@EXAMPLE.COM (auth:KERBEROS)
s3g_1       | 	at org.glassfish.jersey.servlet.ServletContainer.service(ServletContainer.java:229)
datanode_3  | 2019-10-31 18:53:51,945 WARN client.GrpcClientProtocolService: 6-OrderedRequestStreamObserver6: onError: org.apache.ratis.thirdparty.io.grpc.StatusRuntimeException: CANCELLED: cancelled before receiving half close
om_1        | 2019-10-31 18:52:53,359 INFO authorize.ServiceAuthorizationManager: Authorization successful for testuser/scm@EXAMPLE.COM (auth:KERBEROS) for protocol=interface org.apache.hadoop.ozone.om.protocol.OzoneManagerProtocol
kdc_1       | Oct 31 18:50:21 kdc krb5kdc[9](info): AS_REQ (8 etypes {18 17 20 19 16 23 25 26}) 127.0.0.1: SERVER_NOT_FOUND: admin/admin@EXAMPLE.COM for kadmin/localhost@EXAMPLE.COM, Server not found in Kerberos database
scm_1       | 2019-10-31 18:55:59,710 INFO ipc.Server: Auth successful for dn/b9d53e04839f@EXAMPLE.COM (auth:KERBEROS)
s3g_1       | 	at org.eclipse.jetty.servlet.ServletHolder.handle(ServletHolder.java:840)
datanode_3  | 2019-10-31 18:53:51,946 WARN client.GrpcClientProtocolService: 7-UnorderedRequestStreamObserver7: onError: org.apache.ratis.thirdparty.io.grpc.StatusRuntimeException: CANCELLED: cancelled before receiving half close
om_1        | 2019-10-31 18:52:56,102 INFO ipc.Server: Auth successful for testuser/scm@EXAMPLE.COM (auth:KERBEROS)
kdc_1       | Oct 31 18:50:21 kdc krb5kdc[9](info): AS_REQ (8 etypes {18 17 20 19 16 23 25 26}) 127.0.0.1: ISSUE: authtime 1572547821, etypes {rep=18 tkt=18 ses=18}, admin/admin@EXAMPLE.COM for kadmin/admin@EXAMPLE.COM
scm_1       | 2019-10-31 18:55:59,713 INFO authorize.ServiceAuthorizationManager: Authorization successful for dn/b9d53e04839f@EXAMPLE.COM (auth:KERBEROS) for protocol=interface org.apache.hadoop.ozone.protocol.StorageContainerDatanodeProtocol
s3g_1       | 	at org.eclipse.jetty.servlet.ServletHandler$CachedChain.doFilter(ServletHandler.java:1780)
datanode_3  | 2019-10-31 18:54:47,776 WARN client.GrpcClientProtocolService: 9-UnorderedRequestStreamObserver9: onError: org.apache.ratis.thirdparty.io.grpc.StatusRuntimeException: CANCELLED: cancelled before receiving half close
om_1        | 2019-10-31 18:52:56,116 INFO authorize.ServiceAuthorizationManager: Authorization successful for testuser/scm@EXAMPLE.COM (auth:KERBEROS) for protocol=interface org.apache.hadoop.ozone.om.protocol.OzoneManagerProtocol
kdc_1       | Oct 31 18:50:20 kdc kadmind[15](Notice): Request: kadm5_init, admin/admin@EXAMPLE.COM, success, client=admin/admin@EXAMPLE.COM, service=kadmin/admin@EXAMPLE.COM, addr=127.0.0.1, vers=4, flavor=6
scm_1       | 2019-10-31 18:55:59,713 INFO authorize.ServiceAuthorizationManager: Authorization successful for dn/e558a4ea012d@EXAMPLE.COM (auth:KERBEROS) for protocol=interface org.apache.hadoop.ozone.protocol.StorageContainerDatanodeProtocol
s3g_1       | 	at org.apache.hadoop.http.HttpServer2$QuotingInputFilter.doFilter(HttpServer2.java:1609)
datanode_3  | 2019-10-31 18:54:47,776 WARN client.GrpcClientProtocolService: 8-OrderedRequestStreamObserver8: onError: org.apache.ratis.thirdparty.io.grpc.StatusRuntimeException: CANCELLED: cancelled before receiving half close
om_1        | 2019-10-31 18:52:58,860 INFO ipc.Server: Auth successful for testuser/scm@EXAMPLE.COM (auth:KERBEROS)
kdc_1       | Oct 31 18:50:20 kdc kadmind[15](Notice): Request: kadm5_get_policy, default, Policy does not exist, client=admin/admin@EXAMPLE.COM, service=kadmin/admin@EXAMPLE.COM, addr=127.0.0.1
scm_1       | 2019-10-31 18:55:59,720 INFO ipc.Server: Auth successful for dn/e81c43a6229f@EXAMPLE.COM (auth:KERBEROS)
s3g_1       | 	at org.eclipse.jetty.servlet.ServletHandler$CachedChain.doFilter(ServletHandler.java:1767)
datanode_3  | 2019-10-31 18:56:22,810 WARN client.GrpcClientProtocolService: 10-OrderedRequestStreamObserver10: onError: org.apache.ratis.thirdparty.io.grpc.StatusRuntimeException: CANCELLED: cancelled before receiving half close
om_1        | 2019-10-31 18:52:58,873 INFO authorize.ServiceAuthorizationManager: Authorization successful for testuser/scm@EXAMPLE.COM (auth:KERBEROS) for protocol=interface org.apache.hadoop.ozone.om.protocol.OzoneManagerProtocol
kdc_1       | Oct 31 18:50:20 kdc kadmind[15](Notice): Request: kadm5_create_principal, dn/b9d53e04839f@EXAMPLE.COM, success, client=admin/admin@EXAMPLE.COM, service=kadmin/admin@EXAMPLE.COM, addr=127.0.0.1
scm_1       | 2019-10-31 18:55:59,725 INFO authorize.ServiceAuthorizationManager: Authorization successful for dn/e81c43a6229f@EXAMPLE.COM (auth:KERBEROS) for protocol=interface org.apache.hadoop.ozone.protocol.StorageContainerDatanodeProtocol
s3g_1       | 	at org.apache.hadoop.http.NoCacheFilter.doFilter(NoCacheFilter.java:45)
datanode_3  | 2019-10-31 18:56:22,812 WARN client.GrpcClientProtocolService: 11-UnorderedRequestStreamObserver11: onError: org.apache.ratis.thirdparty.io.grpc.StatusRuntimeException: CANCELLED: cancelled before receiving half close
om_1        | 2019-10-31 18:53:03,607 INFO ipc.Server: Auth successful for testuser/scm@EXAMPLE.COM (auth:KERBEROS)
kdc_1       | Oct 31 18:50:20 kdc kadmind[15](info): closing down fd 18
scm_1       | 2019-10-31 18:56:20,709 INFO ipc.Server: Auth successful for om/om@EXAMPLE.COM (auth:KERBEROS)
s3g_1       | 	at org.eclipse.jetty.servlet.ServletHandler$CachedChain.doFilter(ServletHandler.java:1767)
om_1        | 2019-10-31 18:53:03,619 INFO authorize.ServiceAuthorizationManager: Authorization successful for testuser/scm@EXAMPLE.COM (auth:KERBEROS) for protocol=interface org.apache.hadoop.ozone.om.protocol.OzoneManagerProtocol
kdc_1       | Oct 31 18:50:20 kdc kadmind[15](Notice): Request: kadm5_init, admin/admin@EXAMPLE.COM, success, client=admin/admin@EXAMPLE.COM, service=kadmin/admin@EXAMPLE.COM, addr=127.0.0.1, vers=4, flavor=6
scm_1       | 2019-10-31 18:56:20,711 INFO authorize.ServiceAuthorizationManager: Authorization successful for om/om@EXAMPLE.COM (auth:KERBEROS) for protocol=interface org.apache.hadoop.hdds.scm.protocol.ScmBlockLocationProtocol
s3g_1       | 	at org.eclipse.jetty.servlet.ServletHandler.doHandle(ServletHandler.java:583)
kdc_1       | Oct 31 18:50:20 kdc kadmind[15](Notice): Request: kadm5_randkey_principal, dn/b9d53e04839f@EXAMPLE.COM, success, client=admin/admin@EXAMPLE.COM, service=kadmin/admin@EXAMPLE.COM, addr=127.0.0.1
scm_1       | 2019-10-31 18:56:29,714 INFO ipc.Server: Auth successful for dn/b9d53e04839f@EXAMPLE.COM (auth:KERBEROS)
om_1        | 2019-10-31 18:53:06,398 INFO ipc.Server: Auth successful for testuser/scm@EXAMPLE.COM (auth:KERBEROS)
s3g_1       | 	at org.eclipse.jetty.server.handler.ScopedHandler.handle(ScopedHandler.java:143)
kdc_1       | Oct 31 18:50:20 kdc kadmind[15](Notice): Request: kadm5_get_principal, dn/b9d53e04839f@EXAMPLE.COM, success, client=admin/admin@EXAMPLE.COM, service=kadmin/admin@EXAMPLE.COM, addr=127.0.0.1
scm_1       | 2019-10-31 18:56:29,714 INFO ipc.Server: Auth successful for dn/e558a4ea012d@EXAMPLE.COM (auth:KERBEROS)
om_1        | 2019-10-31 18:53:06,410 INFO authorize.ServiceAuthorizationManager: Authorization successful for testuser/scm@EXAMPLE.COM (auth:KERBEROS) for protocol=interface org.apache.hadoop.ozone.om.protocol.OzoneManagerProtocol
s3g_1       | 	at org.eclipse.jetty.security.SecurityHandler.handle(SecurityHandler.java:548)
kdc_1       | Oct 31 18:50:21 kdc kadmind[15](info): closing down fd 18
scm_1       | 2019-10-31 18:56:29,715 INFO ipc.Server: Auth successful for dn/e81c43a6229f@EXAMPLE.COM (auth:KERBEROS)
om_1        | 2019-10-31 18:53:09,339 INFO ipc.Server: Auth successful for testuser/scm@EXAMPLE.COM (auth:KERBEROS)
kdc_1       | Oct 31 18:50:21 kdc kadmind[15](Notice): Request: kadm5_init, admin/admin@EXAMPLE.COM, success, client=admin/admin@EXAMPLE.COM, service=kadmin/admin@EXAMPLE.COM, addr=127.0.0.1, vers=4, flavor=6
s3g_1       | 	at org.eclipse.jetty.server.session.SessionHandler.doHandle(SessionHandler.java:226)
scm_1       | 2019-10-31 18:56:29,717 INFO authorize.ServiceAuthorizationManager: Authorization successful for dn/b9d53e04839f@EXAMPLE.COM (auth:KERBEROS) for protocol=interface org.apache.hadoop.ozone.protocol.StorageContainerDatanodeProtocol
kdc_1       | Oct 31 18:50:21 kdc kadmind[15](Notice): Request: kadm5_get_policy, default, Policy does not exist, client=admin/admin@EXAMPLE.COM, service=kadmin/admin@EXAMPLE.COM, addr=127.0.0.1
om_1        | 2019-10-31 18:53:09,353 INFO authorize.ServiceAuthorizationManager: Authorization successful for testuser/scm@EXAMPLE.COM (auth:KERBEROS) for protocol=interface org.apache.hadoop.ozone.om.protocol.OzoneManagerProtocol
s3g_1       | 	at org.eclipse.jetty.server.handler.ContextHandler.doHandle(ContextHandler.java:1180)
scm_1       | 2019-10-31 18:56:29,718 INFO authorize.ServiceAuthorizationManager: Authorization successful for dn/e558a4ea012d@EXAMPLE.COM (auth:KERBEROS) for protocol=interface org.apache.hadoop.ozone.protocol.StorageContainerDatanodeProtocol
kdc_1       | Oct 31 18:50:21 kdc kadmind[15](Notice): Request: kadm5_create_principal, dn/e81c43a6229f@EXAMPLE.COM, success, client=admin/admin@EXAMPLE.COM, service=kadmin/admin@EXAMPLE.COM, addr=127.0.0.1
om_1        | 2019-10-31 18:53:12,186 INFO ipc.Server: Auth successful for testuser/scm@EXAMPLE.COM (auth:KERBEROS)
s3g_1       | 	at org.eclipse.jetty.servlet.ServletHandler.doScope(ServletHandler.java:513)
scm_1       | 2019-10-31 18:56:29,719 INFO authorize.ServiceAuthorizationManager: Authorization successful for dn/e81c43a6229f@EXAMPLE.COM (auth:KERBEROS) for protocol=interface org.apache.hadoop.ozone.protocol.StorageContainerDatanodeProtocol
om_1        | 2019-10-31 18:53:12,200 INFO authorize.ServiceAuthorizationManager: Authorization successful for testuser/scm@EXAMPLE.COM (auth:KERBEROS) for protocol=interface org.apache.hadoop.ozone.om.protocol.OzoneManagerProtocol
kdc_1       | Oct 31 18:50:21 kdc kadmind[15](info): closing down fd 18
s3g_1       | 	at org.eclipse.jetty.server.session.SessionHandler.doScope(SessionHandler.java:185)
scm_1       | 2019-10-31 18:56:59,716 INFO ipc.Server: Auth successful for dn/e81c43a6229f@EXAMPLE.COM (auth:KERBEROS)
om_1        | 2019-10-31 18:53:14,986 INFO ipc.Server: Auth successful for testuser/scm@EXAMPLE.COM (auth:KERBEROS)
kdc_1       | Oct 31 18:50:21 kdc kadmind[15](Notice): Request: kadm5_init, admin/admin@EXAMPLE.COM, success, client=admin/admin@EXAMPLE.COM, service=kadmin/admin@EXAMPLE.COM, addr=127.0.0.1, vers=4, flavor=6
s3g_1       | 	at org.eclipse.jetty.server.handler.ContextHandler.doScope(ContextHandler.java:1112)
scm_1       | 2019-10-31 18:56:59,717 INFO ipc.Server: Auth successful for dn/b9d53e04839f@EXAMPLE.COM (auth:KERBEROS)
om_1        | 2019-10-31 18:53:15,000 INFO authorize.ServiceAuthorizationManager: Authorization successful for testuser/scm@EXAMPLE.COM (auth:KERBEROS) for protocol=interface org.apache.hadoop.ozone.om.protocol.OzoneManagerProtocol
kdc_1       | Oct 31 18:50:21 kdc kadmind[15](Notice): Request: kadm5_randkey_principal, dn/e81c43a6229f@EXAMPLE.COM, success, client=admin/admin@EXAMPLE.COM, service=kadmin/admin@EXAMPLE.COM, addr=127.0.0.1
s3g_1       | 	at org.eclipse.jetty.server.handler.ScopedHandler.handle(ScopedHandler.java:141)
scm_1       | 2019-10-31 18:56:59,718 INFO ipc.Server: Auth successful for dn/e558a4ea012d@EXAMPLE.COM (auth:KERBEROS)
om_1        | 2019-10-31 18:53:17,915 INFO ipc.Server: Auth successful for testuser/scm@EXAMPLE.COM (auth:KERBEROS)
kdc_1       | Oct 31 18:50:21 kdc kadmind[15](Notice): Request: kadm5_get_principal, dn/e81c43a6229f@EXAMPLE.COM, success, client=admin/admin@EXAMPLE.COM, service=kadmin/admin@EXAMPLE.COM, addr=127.0.0.1
s3g_1       | 	at org.eclipse.jetty.server.handler.HandlerCollection.handle(HandlerCollection.java:119)
scm_1       | 2019-10-31 18:56:59,724 INFO authorize.ServiceAuthorizationManager: Authorization successful for dn/b9d53e04839f@EXAMPLE.COM (auth:KERBEROS) for protocol=interface org.apache.hadoop.ozone.protocol.StorageContainerDatanodeProtocol
om_1        | 2019-10-31 18:53:17,927 INFO authorize.ServiceAuthorizationManager: Authorization successful for testuser/scm@EXAMPLE.COM (auth:KERBEROS) for protocol=interface org.apache.hadoop.ozone.om.protocol.OzoneManagerProtocol
kdc_1       | Entry for principal dn/e81c43a6229f@EXAMPLE.COM with kvno 2, encryption type aes256-cts-hmac-sha1-96 added to keytab WRFILE:/data/dn.e81c43a6229f.keytab.
s3g_1       | 	at org.eclipse.jetty.server.handler.HandlerWrapper.handle(HandlerWrapper.java:134)
scm_1       | 2019-10-31 18:56:59,724 INFO authorize.ServiceAuthorizationManager: Authorization successful for dn/e81c43a6229f@EXAMPLE.COM (auth:KERBEROS) for protocol=interface org.apache.hadoop.ozone.protocol.StorageContainerDatanodeProtocol
om_1        | 2019-10-31 18:53:20,726 INFO ipc.Server: Auth successful for testuser/scm@EXAMPLE.COM (auth:KERBEROS)
kdc_1       | Entry for principal dn/e81c43a6229f@EXAMPLE.COM with kvno 2, encryption type aes128-cts-hmac-sha1-96 added to keytab WRFILE:/data/dn.e81c43a6229f.keytab.
s3g_1       | 	at org.eclipse.jetty.server.Server.handle(Server.java:539)
scm_1       | 2019-10-31 18:56:59,726 INFO authorize.ServiceAuthorizationManager: Authorization successful for dn/e558a4ea012d@EXAMPLE.COM (auth:KERBEROS) for protocol=interface org.apache.hadoop.ozone.protocol.StorageContainerDatanodeProtocol
om_1        | 2019-10-31 18:53:20,738 INFO authorize.ServiceAuthorizationManager: Authorization successful for testuser/scm@EXAMPLE.COM (auth:KERBEROS) for protocol=interface org.apache.hadoop.ozone.om.protocol.OzoneManagerProtocol
kdc_1       | Generiting keytab
s3g_1       | 	at org.eclipse.jetty.server.HttpChannel.handle(HttpChannel.java:333)
scm_1       | 2019-10-31 18:57:29,711 INFO ipc.Server: Auth successful for dn/e558a4ea012d@EXAMPLE.COM (auth:KERBEROS)
om_1        | 2019-10-31 18:53:23,659 INFO ipc.Server: Auth successful for testuser/scm@EXAMPLE.COM (auth:KERBEROS)
kdc_1       | Authenticating as principal admin/admin with keytab /tmp/admin.keytab.
s3g_1       | 	at org.eclipse.jetty.server.HttpConnection.onFillable(HttpConnection.java:251)
om_1        | 2019-10-31 18:53:23,670 INFO authorize.ServiceAuthorizationManager: Authorization successful for testuser/scm@EXAMPLE.COM (auth:KERBEROS) for protocol=interface org.apache.hadoop.ozone.om.protocol.OzoneManagerProtocol
kdc_1       | WARNING: no policy specified for dn/e558a4ea012d@EXAMPLE.COM; defaulting to no policy
scm_1       | 2019-10-31 18:57:29,715 INFO ipc.Server: Auth successful for dn/b9d53e04839f@EXAMPLE.COM (auth:KERBEROS)
s3g_1       | 	at org.eclipse.jetty.io.AbstractConnection$ReadCallback.succeeded(AbstractConnection.java:283)
om_1        | 2019-10-31 18:53:26,316 INFO ipc.Server: Auth successful for testuser/scm@EXAMPLE.COM (auth:KERBEROS)
kdc_1       | Principal "dn/e558a4ea012d@EXAMPLE.COM" created.
scm_1       | 2019-10-31 18:57:29,715 INFO authorize.ServiceAuthorizationManager: Authorization successful for dn/e558a4ea012d@EXAMPLE.COM (auth:KERBEROS) for protocol=interface org.apache.hadoop.ozone.protocol.StorageContainerDatanodeProtocol
s3g_1       | 	at org.eclipse.jetty.io.FillInterest.fillable(FillInterest.java:108)
om_1        | 2019-10-31 18:53:26,332 INFO authorize.ServiceAuthorizationManager: Authorization successful for testuser/scm@EXAMPLE.COM (auth:KERBEROS) for protocol=interface org.apache.hadoop.ozone.om.protocol.OzoneManagerProtocol
kdc_1       | Authenticating as principal admin/admin with keytab /tmp/admin.keytab.
scm_1       | 2019-10-31 18:57:29,718 INFO ipc.Server: Auth successful for dn/e81c43a6229f@EXAMPLE.COM (auth:KERBEROS)
s3g_1       | 	at org.eclipse.jetty.io.SelectChannelEndPoint$2.run(SelectChannelEndPoint.java:93)
kdc_1       | Entry for principal dn/e558a4ea012d@EXAMPLE.COM with kvno 2, encryption type aes256-cts-hmac-sha1-96 added to keytab WRFILE:/data/dn.e558a4ea012d.keytab.
om_1        | 2019-10-31 18:53:27,028 INFO volume.OMVolumeCreateRequest: created volume:80383-rpcwport for user:testuser/scm@EXAMPLE.COM
scm_1       | 2019-10-31 18:57:29,719 INFO authorize.ServiceAuthorizationManager: Authorization successful for dn/b9d53e04839f@EXAMPLE.COM (auth:KERBEROS) for protocol=interface org.apache.hadoop.ozone.protocol.StorageContainerDatanodeProtocol
s3g_1       | 	at org.eclipse.jetty.util.thread.strategy.ExecuteProduceConsume.executeProduceConsume(ExecuteProduceConsume.java:303)
kdc_1       | Entry for principal dn/e558a4ea012d@EXAMPLE.COM with kvno 2, encryption type aes128-cts-hmac-sha1-96 added to keytab WRFILE:/data/dn.e558a4ea012d.keytab.
om_1        | 2019-10-31 18:53:29,080 INFO ipc.Server: Auth successful for testuser/scm@EXAMPLE.COM (auth:KERBEROS)
scm_1       | 2019-10-31 18:57:29,723 INFO authorize.ServiceAuthorizationManager: Authorization successful for dn/e81c43a6229f@EXAMPLE.COM (auth:KERBEROS) for protocol=interface org.apache.hadoop.ozone.protocol.StorageContainerDatanodeProtocol
s3g_1       | 	at org.eclipse.jetty.util.thread.strategy.ExecuteProduceConsume.produceConsume(ExecuteProduceConsume.java:148)
om_1        | 2019-10-31 18:53:29,095 INFO authorize.ServiceAuthorizationManager: Authorization successful for testuser/scm@EXAMPLE.COM (auth:KERBEROS) for protocol=interface org.apache.hadoop.ozone.om.protocol.OzoneManagerProtocol
kdc_1       | Generiting keytab
s3g_1       | 	at org.eclipse.jetty.util.thread.strategy.ExecuteProduceConsume.run(ExecuteProduceConsume.java:136)
scm_1       | 2019-10-31 18:57:55,271 INFO ipc.Server: Auth successful for om/om@EXAMPLE.COM (auth:KERBEROS)
om_1        | 2019-10-31 18:53:31,978 INFO ipc.Server: Auth successful for testuser/scm@EXAMPLE.COM (auth:KERBEROS)
kdc_1       | Authenticating as principal admin/admin with keytab /tmp/admin.keytab.
s3g_1       | 	at org.eclipse.jetty.util.thread.QueuedThreadPool.runJob(QueuedThreadPool.java:671)
om_1        | 2019-10-31 18:53:31,991 INFO authorize.ServiceAuthorizationManager: Authorization successful for testuser/scm@EXAMPLE.COM (auth:KERBEROS) for protocol=interface org.apache.hadoop.ozone.om.protocol.OzoneManagerProtocol
scm_1       | 2019-10-31 18:57:55,274 INFO authorize.ServiceAuthorizationManager: Authorization successful for om/om@EXAMPLE.COM (auth:KERBEROS) for protocol=interface org.apache.hadoop.hdds.scm.protocol.StorageContainerLocationProtocol
kdc_1       | WARNING: no policy specified for dn/scm@EXAMPLE.COM; defaulting to no policy
scm_1       | 2019-10-31 18:57:59,719 INFO ipc.Server: Auth successful for dn/e558a4ea012d@EXAMPLE.COM (auth:KERBEROS)
om_1        | 2019-10-31 18:53:35,012 INFO ipc.Server: Auth successful for testuser/scm@EXAMPLE.COM (auth:KERBEROS)
s3g_1       | 	at org.eclipse.jetty.util.thread.QueuedThreadPool$2.run(QueuedThreadPool.java:589)
kdc_1       | Principal "dn/scm@EXAMPLE.COM" created.
scm_1       | 2019-10-31 18:57:59,720 INFO ipc.Server: Auth successful for dn/e81c43a6229f@EXAMPLE.COM (auth:KERBEROS)
om_1        | 2019-10-31 18:53:35,026 INFO authorize.ServiceAuthorizationManager: Authorization successful for testuser/scm@EXAMPLE.COM (auth:KERBEROS) for protocol=interface org.apache.hadoop.ozone.om.protocol.OzoneManagerProtocol
s3g_1       | 	at java.base/java.lang.Thread.run(Thread.java:834)
kdc_1       | Authenticating as principal admin/admin with keytab /tmp/admin.keytab.
scm_1       | 2019-10-31 18:57:59,722 INFO ipc.Server: Auth successful for dn/b9d53e04839f@EXAMPLE.COM (auth:KERBEROS)
om_1        | 2019-10-31 18:53:37,773 INFO ipc.Server: Auth successful for testuser/scm@EXAMPLE.COM (auth:KERBEROS)
s3g_1       | Oct 31, 2019 6:58:03 PM org.glassfish.jersey.internal.Errors logErrors
kdc_1       | Entry for principal dn/scm@EXAMPLE.COM with kvno 2, encryption type aes256-cts-hmac-sha1-96 added to keytab WRFILE:/data/dn.scm.keytab.
scm_1       | 2019-10-31 18:57:59,723 INFO authorize.ServiceAuthorizationManager: Authorization successful for dn/e81c43a6229f@EXAMPLE.COM (auth:KERBEROS) for protocol=interface org.apache.hadoop.ozone.protocol.StorageContainerDatanodeProtocol
om_1        | 2019-10-31 18:53:37,786 INFO authorize.ServiceAuthorizationManager: Authorization successful for testuser/scm@EXAMPLE.COM (auth:KERBEROS) for protocol=interface org.apache.hadoop.ozone.om.protocol.OzoneManagerProtocol
s3g_1       | WARNING: The following warnings have been detected: WARNING: Unknown HK2 failure detected:
kdc_1       | Entry for principal dn/scm@EXAMPLE.COM with kvno 2, encryption type aes128-cts-hmac-sha1-96 added to keytab WRFILE:/data/dn.scm.keytab.
scm_1       | 2019-10-31 18:57:59,725 INFO authorize.ServiceAuthorizationManager: Authorization successful for dn/e558a4ea012d@EXAMPLE.COM (auth:KERBEROS) for protocol=interface org.apache.hadoop.ozone.protocol.StorageContainerDatanodeProtocol
s3g_1       | MultiException stack 1 of 1
om_1        | 2019-10-31 18:53:40,596 INFO ipc.Server: Auth successful for testuser/scm@EXAMPLE.COM (auth:KERBEROS)
kdc_1       | Generiting keytab
scm_1       | 2019-10-31 18:57:59,725 INFO authorize.ServiceAuthorizationManager: Authorization successful for dn/b9d53e04839f@EXAMPLE.COM (auth:KERBEROS) for protocol=interface org.apache.hadoop.ozone.protocol.StorageContainerDatanodeProtocol
s3g_1       | javax.enterprise.inject.CreationException
om_1        | 2019-10-31 18:53:40,610 INFO authorize.ServiceAuthorizationManager: Authorization successful for testuser/scm@EXAMPLE.COM (auth:KERBEROS) for protocol=interface org.apache.hadoop.ozone.om.protocol.OzoneManagerProtocol
kdc_1       | Authenticating as principal admin/admin with keytab /tmp/admin.keytab.
scm_1       | 2019-10-31 18:58:15,154 INFO ipc.Server: Auth successful for om/om@EXAMPLE.COM (auth:KERBEROS)
s3g_1       | 	at java.base/jdk.internal.reflect.NativeConstructorAccessorImpl.newInstance0(Native Method)
om_1        | 2019-10-31 18:53:43,448 INFO ipc.Server: Auth successful for testuser/scm@EXAMPLE.COM (auth:KERBEROS)
scm_1       | 2019-10-31 18:58:15,157 INFO authorize.ServiceAuthorizationManager: Authorization successful for om/om@EXAMPLE.COM (auth:KERBEROS) for protocol=interface org.apache.hadoop.hdds.scm.protocol.StorageContainerLocationProtocol
kdc_1       | WARNING: no policy specified for dn/dcb4bd5403ce@EXAMPLE.COM; defaulting to no policy
s3g_1       | 	at java.base/jdk.internal.reflect.NativeConstructorAccessorImpl.newInstance(NativeConstructorAccessorImpl.java:62)
om_1        | 2019-10-31 18:53:43,462 INFO authorize.ServiceAuthorizationManager: Authorization successful for testuser/scm@EXAMPLE.COM (auth:KERBEROS) for protocol=interface org.apache.hadoop.ozone.om.protocol.OzoneManagerProtocol
scm_1       | 2019-10-31 18:58:29,711 INFO ipc.Server: Auth successful for dn/e81c43a6229f@EXAMPLE.COM (auth:KERBEROS)
kdc_1       | Principal "dn/dcb4bd5403ce@EXAMPLE.COM" created.
s3g_1       | 	at java.base/jdk.internal.reflect.DelegatingConstructorAccessorImpl.newInstance(DelegatingConstructorAccessorImpl.java:45)
scm_1       | 2019-10-31 18:58:29,711 INFO ipc.Server: Auth successful for dn/b9d53e04839f@EXAMPLE.COM (auth:KERBEROS)
om_1        | 2019-10-31 18:53:46,225 INFO ipc.Server: Auth successful for testuser/scm@EXAMPLE.COM (auth:KERBEROS)
kdc_1       | Authenticating as principal admin/admin with keytab /tmp/admin.keytab.
s3g_1       | 	at java.base/java.lang.reflect.Constructor.newInstance(Constructor.java:490)
scm_1       | 2019-10-31 18:58:29,712 INFO ipc.Server: Auth successful for dn/e558a4ea012d@EXAMPLE.COM (auth:KERBEROS)
om_1        | 2019-10-31 18:53:46,240 INFO authorize.ServiceAuthorizationManager: Authorization successful for testuser/scm@EXAMPLE.COM (auth:KERBEROS) for protocol=interface org.apache.hadoop.ozone.om.protocol.OzoneManagerProtocol
kdc_1       | Entry for principal dn/dcb4bd5403ce@EXAMPLE.COM with kvno 2, encryption type aes256-cts-hmac-sha1-96 added to keytab WRFILE:/data/dn.dcb4bd5403ce.keytab.
s3g_1       | 	at java.base/java.lang.Class.newInstance(Class.java:584)
scm_1       | 2019-10-31 18:58:29,714 INFO authorize.ServiceAuthorizationManager: Authorization successful for dn/e81c43a6229f@EXAMPLE.COM (auth:KERBEROS) for protocol=interface org.apache.hadoop.ozone.protocol.StorageContainerDatanodeProtocol
om_1        | 2019-10-31 18:53:49,211 INFO ipc.Server: Auth successful for testuser/scm@EXAMPLE.COM (auth:KERBEROS)
kdc_1       | Entry for principal dn/dcb4bd5403ce@EXAMPLE.COM with kvno 2, encryption type aes128-cts-hmac-sha1-96 added to keytab WRFILE:/data/dn.dcb4bd5403ce.keytab.
scm_1       | 2019-10-31 18:58:29,716 INFO authorize.ServiceAuthorizationManager: Authorization successful for dn/e558a4ea012d@EXAMPLE.COM (auth:KERBEROS) for protocol=interface org.apache.hadoop.ozone.protocol.StorageContainerDatanodeProtocol
s3g_1       | 	at org.jboss.weld.security.NewInstanceAction.run(NewInstanceAction.java:33)
om_1        | 2019-10-31 18:53:49,225 INFO authorize.ServiceAuthorizationManager: Authorization successful for testuser/scm@EXAMPLE.COM (auth:KERBEROS) for protocol=interface org.apache.hadoop.ozone.om.protocol.OzoneManagerProtocol
kdc_1       | Generiting keytab
scm_1       | 2019-10-31 18:58:29,718 INFO authorize.ServiceAuthorizationManager: Authorization successful for dn/b9d53e04839f@EXAMPLE.COM (auth:KERBEROS) for protocol=interface org.apache.hadoop.ozone.protocol.StorageContainerDatanodeProtocol
s3g_1       | 	at java.base/java.security.AccessController.doPrivileged(Native Method)
om_1        | 2019-10-31 18:53:53,918 INFO ipc.Server: Auth successful for testuser/scm@EXAMPLE.COM (auth:KERBEROS)
scm_1       | 2019-10-31 18:58:39,392 INFO ipc.Server: Auth successful for om/om@EXAMPLE.COM (auth:KERBEROS)
kdc_1       | Authenticating as principal admin/admin with keytab /tmp/admin.keytab.
s3g_1       | 	at org.jboss.weld.injection.Exceptions.rethrowException(Exceptions.java:40)
om_1        | 2019-10-31 18:53:53,931 INFO authorize.ServiceAuthorizationManager: Authorization successful for testuser/scm@EXAMPLE.COM (auth:KERBEROS) for protocol=interface org.apache.hadoop.ozone.om.protocol.OzoneManagerProtocol
scm_1       | 2019-10-31 18:58:39,396 INFO authorize.ServiceAuthorizationManager: Authorization successful for om/om@EXAMPLE.COM (auth:KERBEROS) for protocol=interface org.apache.hadoop.hdds.scm.protocol.ScmBlockLocationProtocol
kdc_1       | WARNING: no policy specified for om/b9d53e04839f@EXAMPLE.COM; defaulting to no policy
s3g_1       | 	at org.jboss.weld.injection.Exceptions.rethrowException(Exceptions.java:78)
om_1        | 2019-10-31 18:53:58,746 INFO ipc.Server: Auth successful for testuser/scm@EXAMPLE.COM (auth:KERBEROS)
scm_1       | 2019-10-31 18:58:59,718 INFO ipc.Server: Auth successful for dn/b9d53e04839f@EXAMPLE.COM (auth:KERBEROS)
kdc_1       | Principal "om/b9d53e04839f@EXAMPLE.COM" created.
s3g_1       | 	at org.jboss.weld.injection.StaticMethodInjectionPoint.invoke(StaticMethodInjectionPoint.java:96)
om_1        | 2019-10-31 18:53:58,758 INFO authorize.ServiceAuthorizationManager: Authorization successful for testuser/scm@EXAMPLE.COM (auth:KERBEROS) for protocol=interface org.apache.hadoop.ozone.om.protocol.OzoneManagerProtocol
scm_1       | 2019-10-31 18:58:59,720 INFO ipc.Server: Auth successful for dn/e81c43a6229f@EXAMPLE.COM (auth:KERBEROS)
kdc_1       | Authenticating as principal admin/admin with keytab /tmp/admin.keytab.
om_1        | 2019-10-31 18:54:01,639 INFO ipc.Server: Auth successful for testuser/scm@EXAMPLE.COM (auth:KERBEROS)
scm_1       | 2019-10-31 18:58:59,721 INFO ipc.Server: Auth successful for dn/e558a4ea012d@EXAMPLE.COM (auth:KERBEROS)
s3g_1       | 	at org.jboss.weld.injection.StaticMethodInjectionPoint.invoke(StaticMethodInjectionPoint.java:78)
scm_1       | 2019-10-31 18:58:59,727 INFO authorize.ServiceAuthorizationManager: Authorization successful for dn/e81c43a6229f@EXAMPLE.COM (auth:KERBEROS) for protocol=interface org.apache.hadoop.ozone.protocol.StorageContainerDatanodeProtocol
om_1        | 2019-10-31 18:54:01,652 INFO authorize.ServiceAuthorizationManager: Authorization successful for testuser/scm@EXAMPLE.COM (auth:KERBEROS) for protocol=interface org.apache.hadoop.ozone.om.protocol.OzoneManagerProtocol
kdc_1       | Entry for principal om/b9d53e04839f@EXAMPLE.COM with kvno 2, encryption type aes256-cts-hmac-sha1-96 added to keytab WRFILE:/data/om.b9d53e04839f.keytab.
s3g_1       | 	at org.jboss.weld.injection.producer.ProducerMethodProducer.produce(ProducerMethodProducer.java:100)
om_1        | 2019-10-31 18:54:04,632 INFO ipc.Server: Auth successful for testuser/scm@EXAMPLE.COM (auth:KERBEROS)
kdc_1       | Entry for principal om/b9d53e04839f@EXAMPLE.COM with kvno 2, encryption type aes128-cts-hmac-sha1-96 added to keytab WRFILE:/data/om.b9d53e04839f.keytab.
scm_1       | 2019-10-31 18:58:59,727 INFO authorize.ServiceAuthorizationManager: Authorization successful for dn/b9d53e04839f@EXAMPLE.COM (auth:KERBEROS) for protocol=interface org.apache.hadoop.ozone.protocol.StorageContainerDatanodeProtocol
s3g_1       | 	at org.jboss.weld.injection.producer.AbstractMemberProducer.produce(AbstractMemberProducer.java:161)
om_1        | 2019-10-31 18:54:04,645 INFO authorize.ServiceAuthorizationManager: Authorization successful for testuser/scm@EXAMPLE.COM (auth:KERBEROS) for protocol=interface org.apache.hadoop.ozone.om.protocol.OzoneManagerProtocol
scm_1       | 2019-10-31 18:58:59,730 INFO authorize.ServiceAuthorizationManager: Authorization successful for dn/e558a4ea012d@EXAMPLE.COM (auth:KERBEROS) for protocol=interface org.apache.hadoop.ozone.protocol.StorageContainerDatanodeProtocol
kdc_1       | Generiting keytab
s3g_1       | 	at org.jboss.weld.bean.AbstractProducerBean.create(AbstractProducerBean.java:180)
om_1        | 2019-10-31 18:54:07,467 INFO ipc.Server: Auth successful for testuser/scm@EXAMPLE.COM (auth:KERBEROS)
scm_1       | 2019-10-31 18:59:07,047 INFO ipc.Server: Auth successful for om/om@EXAMPLE.COM (auth:KERBEROS)
kdc_1       | Authenticating as principal admin/admin with keytab /tmp/admin.keytab.
s3g_1       | 	at org.jboss.weld.context.unbound.DependentContextImpl.get(DependentContextImpl.java:70)
om_1        | 2019-10-31 18:54:07,479 INFO authorize.ServiceAuthorizationManager: Authorization successful for testuser/scm@EXAMPLE.COM (auth:KERBEROS) for protocol=interface org.apache.hadoop.ozone.om.protocol.OzoneManagerProtocol
scm_1       | 2019-10-31 18:59:07,049 INFO authorize.ServiceAuthorizationManager: Authorization successful for om/om@EXAMPLE.COM (auth:KERBEROS) for protocol=interface org.apache.hadoop.hdds.scm.protocol.ScmBlockLocationProtocol
kdc_1       | WARNING: no policy specified for om/e81c43a6229f@EXAMPLE.COM; defaulting to no policy
s3g_1       | 	at org.jboss.weld.bean.ContextualInstanceStrategy$DefaultContextualInstanceStrategy.get(ContextualInstanceStrategy.java:100)
om_1        | 2019-10-31 18:54:10,441 INFO ipc.Server: Auth successful for testuser/scm@EXAMPLE.COM (auth:KERBEROS)
scm_1       | 2019-10-31 18:59:29,712 INFO ipc.Server: Auth successful for dn/e558a4ea012d@EXAMPLE.COM (auth:KERBEROS)
kdc_1       | Principal "om/e81c43a6229f@EXAMPLE.COM" created.
s3g_1       | 	at org.jboss.weld.bean.ContextualInstance.get(ContextualInstance.java:50)
om_1        | 2019-10-31 18:54:10,454 INFO authorize.ServiceAuthorizationManager: Authorization successful for testuser/scm@EXAMPLE.COM (auth:KERBEROS) for protocol=interface org.apache.hadoop.ozone.om.protocol.OzoneManagerProtocol
scm_1       | 2019-10-31 18:59:29,714 INFO ipc.Server: Auth successful for dn/b9d53e04839f@EXAMPLE.COM (auth:KERBEROS)
kdc_1       | Authenticating as principal admin/admin with keytab /tmp/admin.keytab.
s3g_1       | 	at org.jboss.weld.manager.BeanManagerImpl.getReference(BeanManagerImpl.java:785)
om_1        | 2019-10-31 18:54:13,385 INFO ipc.Server: Auth successful for testuser/scm@EXAMPLE.COM (auth:KERBEROS)
scm_1       | 2019-10-31 18:59:29,715 INFO ipc.Server: Auth successful for dn/e81c43a6229f@EXAMPLE.COM (auth:KERBEROS)
kdc_1       | Entry for principal om/e81c43a6229f@EXAMPLE.COM with kvno 2, encryption type aes256-cts-hmac-sha1-96 added to keytab WRFILE:/data/om.e81c43a6229f.keytab.
s3g_1       | 	at org.jboss.weld.manager.BeanManagerImpl.getInjectableReference(BeanManagerImpl.java:885)
om_1        | 2019-10-31 18:54:13,405 INFO authorize.ServiceAuthorizationManager: Authorization successful for testuser/scm@EXAMPLE.COM (auth:KERBEROS) for protocol=interface org.apache.hadoop.ozone.om.protocol.OzoneManagerProtocol
kdc_1       | Entry for principal om/e81c43a6229f@EXAMPLE.COM with kvno 2, encryption type aes128-cts-hmac-sha1-96 added to keytab WRFILE:/data/om.e81c43a6229f.keytab.
scm_1       | 2019-10-31 18:59:29,715 INFO authorize.ServiceAuthorizationManager: Authorization successful for dn/e558a4ea012d@EXAMPLE.COM (auth:KERBEROS) for protocol=interface org.apache.hadoop.ozone.protocol.StorageContainerDatanodeProtocol
s3g_1       | 	at org.jboss.weld.injection.FieldInjectionPoint.inject(FieldInjectionPoint.java:92)
om_1        | 2019-10-31 18:54:16,193 INFO ipc.Server: Auth successful for testuser/scm@EXAMPLE.COM (auth:KERBEROS)
kdc_1       | Generiting keytab
scm_1       | 2019-10-31 18:59:29,717 INFO authorize.ServiceAuthorizationManager: Authorization successful for dn/b9d53e04839f@EXAMPLE.COM (auth:KERBEROS) for protocol=interface org.apache.hadoop.ozone.protocol.StorageContainerDatanodeProtocol
s3g_1       | 	at org.jboss.weld.util.Beans.injectBoundFields(Beans.java:358)
om_1        | 2019-10-31 18:54:16,209 INFO authorize.ServiceAuthorizationManager: Authorization successful for testuser/scm@EXAMPLE.COM (auth:KERBEROS) for protocol=interface org.apache.hadoop.ozone.om.protocol.OzoneManagerProtocol
kdc_1       | Authenticating as principal admin/admin with keytab /tmp/admin.keytab.
scm_1       | 2019-10-31 18:59:29,719 INFO authorize.ServiceAuthorizationManager: Authorization successful for dn/e81c43a6229f@EXAMPLE.COM (auth:KERBEROS) for protocol=interface org.apache.hadoop.ozone.protocol.StorageContainerDatanodeProtocol
s3g_1       | 	at org.jboss.weld.util.Beans.injectFieldsAndInitializers(Beans.java:369)
om_1        | 2019-10-31 18:54:19,162 INFO ipc.Server: Auth successful for testuser/scm@EXAMPLE.COM (auth:KERBEROS)
kdc_1       | WARNING: no policy specified for om/e558a4ea012d@EXAMPLE.COM; defaulting to no policy
scm_1       | 2019-10-31 18:59:40,885 INFO ipc.Server: Auth successful for om/om@EXAMPLE.COM (auth:KERBEROS)
s3g_1       | 	at org.jboss.weld.injection.producer.ResourceInjector$1.proceed(ResourceInjector.java:70)
kdc_1       | Principal "om/e558a4ea012d@EXAMPLE.COM" created.
om_1        | 2019-10-31 18:54:19,174 INFO authorize.ServiceAuthorizationManager: Authorization successful for testuser/scm@EXAMPLE.COM (auth:KERBEROS) for protocol=interface org.apache.hadoop.ozone.om.protocol.OzoneManagerProtocol
scm_1       | 2019-10-31 18:59:40,889 INFO authorize.ServiceAuthorizationManager: Authorization successful for om/om@EXAMPLE.COM (auth:KERBEROS) for protocol=interface org.apache.hadoop.hdds.scm.protocol.StorageContainerLocationProtocol
s3g_1       | 	at org.jboss.weld.injection.InjectionContextImpl.run(InjectionContextImpl.java:48)
kdc_1       | Authenticating as principal admin/admin with keytab /tmp/admin.keytab.
om_1        | 2019-10-31 18:54:22,134 INFO ipc.Server: Auth successful for testuser/scm@EXAMPLE.COM (auth:KERBEROS)
scm_1       | 2019-10-31 18:59:50,489 INFO ipc.Server: Auth successful for om/om@EXAMPLE.COM (auth:KERBEROS)
kdc_1       | Entry for principal om/e558a4ea012d@EXAMPLE.COM with kvno 2, encryption type aes256-cts-hmac-sha1-96 added to keytab WRFILE:/data/om.e558a4ea012d.keytab.
om_1        | 2019-10-31 18:54:22,147 INFO authorize.ServiceAuthorizationManager: Authorization successful for testuser/scm@EXAMPLE.COM (auth:KERBEROS) for protocol=interface org.apache.hadoop.ozone.om.protocol.OzoneManagerProtocol
scm_1       | 2019-10-31 18:59:50,491 INFO authorize.ServiceAuthorizationManager: Authorization successful for om/om@EXAMPLE.COM (auth:KERBEROS) for protocol=interface org.apache.hadoop.hdds.scm.protocol.ScmBlockLocationProtocol
s3g_1       | 	at org.jboss.weld.injection.producer.ResourceInjector.inject(ResourceInjector.java:72)
scm_1       | 2019-10-31 18:59:59,714 INFO ipc.Server: Auth successful for dn/e81c43a6229f@EXAMPLE.COM (auth:KERBEROS)
om_1        | 2019-10-31 18:54:22,878 INFO volume.OMVolumeCreateRequest: created volume:80383-rpcwoscheme for user:testuser/scm@EXAMPLE.COM
kdc_1       | Entry for principal om/e558a4ea012d@EXAMPLE.COM with kvno 2, encryption type aes128-cts-hmac-sha1-96 added to keytab WRFILE:/data/om.e558a4ea012d.keytab.
s3g_1       | 	at org.jboss.weld.injection.producer.BasicInjectionTarget.inject(BasicInjectionTarget.java:117)
scm_1       | 2019-10-31 18:59:59,716 INFO ipc.Server: Auth successful for dn/b9d53e04839f@EXAMPLE.COM (auth:KERBEROS)
kdc_1       | Generiting keytab
scm_1       | 2019-10-31 18:59:59,717 INFO ipc.Server: Auth successful for dn/e558a4ea012d@EXAMPLE.COM (auth:KERBEROS)
s3g_1       | 	at org.glassfish.jersey.ext.cdi1x.internal.CdiComponentProvider$InjectionManagerInjectedCdiTarget.inject(CdiComponentProvider.java:873)
om_1        | 2019-10-31 18:54:24,918 INFO ipc.Server: Auth successful for testuser/scm@EXAMPLE.COM (auth:KERBEROS)
kdc_1       | Authenticating as principal admin/admin with keytab /tmp/admin.keytab.
scm_1       | 2019-10-31 18:59:59,718 INFO authorize.ServiceAuthorizationManager: Authorization successful for dn/e81c43a6229f@EXAMPLE.COM (auth:KERBEROS) for protocol=interface org.apache.hadoop.ozone.protocol.StorageContainerDatanodeProtocol
s3g_1       | 	at org.jboss.weld.bean.ManagedBean.create(ManagedBean.java:159)
om_1        | 2019-10-31 18:54:24,928 INFO authorize.ServiceAuthorizationManager: Authorization successful for testuser/scm@EXAMPLE.COM (auth:KERBEROS) for protocol=interface org.apache.hadoop.ozone.om.protocol.OzoneManagerProtocol
kdc_1       | WARNING: no policy specified for om/scm@EXAMPLE.COM; defaulting to no policy
scm_1       | 2019-10-31 18:59:59,721 INFO authorize.ServiceAuthorizationManager: Authorization successful for dn/b9d53e04839f@EXAMPLE.COM (auth:KERBEROS) for protocol=interface org.apache.hadoop.ozone.protocol.StorageContainerDatanodeProtocol
s3g_1       | 	at org.jboss.weld.context.unbound.DependentContextImpl.get(DependentContextImpl.java:70)
om_1        | 2019-10-31 18:54:27,705 INFO ipc.Server: Auth successful for testuser/scm@EXAMPLE.COM (auth:KERBEROS)
kdc_1       | Principal "om/scm@EXAMPLE.COM" created.
scm_1       | 2019-10-31 18:59:59,723 INFO authorize.ServiceAuthorizationManager: Authorization successful for dn/e558a4ea012d@EXAMPLE.COM (auth:KERBEROS) for protocol=interface org.apache.hadoop.ozone.protocol.StorageContainerDatanodeProtocol
s3g_1       | 	at org.jboss.weld.bean.ContextualInstanceStrategy$DefaultContextualInstanceStrategy.get(ContextualInstanceStrategy.java:100)
kdc_1       | Authenticating as principal admin/admin with keytab /tmp/admin.keytab.
