datanode_2  | 2019-11-14 06:11:57,539 INFO grpc.GrpcConfigKeys$Server: raft.grpc.server.port = 9858 (custom)
om_1        | 2019-11-14 06:11:57,228 INFO om.OzoneManager: Creating csr for OM->dns:om,ip:172.19.0.9,scmId:59e6461b-38cd-474d-adab-478854dbfed8,clusterId:CID-c97ab947-7053-4911-b2c3-85874ee4ba0f,subject:root@om
scm_1       | 2019-11-14 06:11:52,380 INFO server.StorageContainerManagerStarter: registered UNIX signal handlers for [TERM, HUP, INT]
datanode_3  | 2019-11-14 06:11:56,783 WARN scm.HddsServerUtil: Storage directory for Ratis is not configured. It is a good idea to map this to an SSD disk. Falling back to ozone.metadata.dirs
kdc_1       | Nov 14 06:11:47 kdc kadmind[15](Notice): Request: kadm5_create_principal, om/scm@EXAMPLE.COM, success, client=admin/admin@EXAMPLE.COM, service=kadmin/admin@EXAMPLE.COM, addr=127.0.0.1
recon_1     | 	at org.apache.hadoop.hdds.cli.GenericCli.run(GenericCli.java:56)
datanode_1  | 2019-11-14 06:11:56,915 INFO server.GrpcService: raft.grpc.message.size.max = 33570816 (custom)
kms_1       |  default_realm = EXAMPLE.COM
s3g_1       | 2019-11-14 06:19:17,336 INFO endpoint.BucketEndpoint: Location is /bucket-test123
om_1        | 2019-11-14 06:11:57,340 INFO om.OzoneManager: OzoneManager ports added:[name: "RPC"
scm_1       | 2019-11-14 06:11:52,441 WARN server.ServerUtils: ozone.scm.db.dirs is not configured. We recommend adding this setting. Falling back to ozone.metadata.dirs instead.
datanode_2  | 2019-11-14 06:11:57,540 INFO server.GrpcService: raft.grpc.message.size.max = 33570816 (custom)
datanode_3  | 2019-11-14 06:11:56,818 INFO impl.RaftServerProxy: raft.rpc.type = GRPC (default)
kdc_1       | Nov 14 06:11:47 kdc kadmind[15](info): closing down fd 18
recon_1     | 	at org.apache.hadoop.ozone.recon.ReconServer.main(ReconServer.java:52)
datanode_1  | 2019-11-14 06:11:56,917 INFO server.RaftServerConfigKeys: raft.server.log.appender.buffer.byte-limit = 33554432 (custom)
kms_1       | 
om_1        | value: 9862
scm_1       | WARNING: An illegal reflective access operation has occurred
datanode_2  | 2019-11-14 06:11:57,541 INFO server.RaftServerConfigKeys: raft.server.log.appender.buffer.byte-limit = 33554432 (custom)
datanode_3  | 2019-11-14 06:11:56,887 INFO grpc.GrpcConfigKeys$Server: raft.grpc.server.port = 9858 (custom)
s3g_1       | 2019-11-14 06:19:20,711 WARN ipc.Client: Exception encountered while connecting to the server : org.apache.hadoop.ipc.RemoteException(org.apache.hadoop.security.token.SecretManager$InvalidToken): No S3 secret found for S3 identifier:OzoneToken owner=dlfknslnfslf, renewer=, realUser=, issueDate=0, maxDate=0, sequenceNumber=0, masterKeyId=0, strToSign=AWS4-HMAC-SHA256
kdc_1       | Nov 14 06:11:47 kdc kadmind[15](Notice): Request: kadm5_init, admin/admin@EXAMPLE.COM, success, client=admin/admin@EXAMPLE.COM, service=kadmin/admin@EXAMPLE.COM, addr=127.0.0.1, vers=4, flavor=6
recon_1     | 2019-11-14 06:12:10,018 INFO recon.ReconServer: Stopping Recon server
datanode_1  | 2019-11-14 06:11:56,917 INFO server.GrpcService: raft.grpc.flow.control.window = 1MB (=1048576) (default)
kms_1       | [realms]
om_1        | ]
scm_1       | WARNING: Illegal reflective access by org.apache.hadoop.security.authentication.util.KerberosUtil (file:/opt/hadoop/share/ozone/lib/hadoop-auth-3.2.0.jar) to method sun.security.krb5.Config.getInstance()
datanode_2  | 2019-11-14 06:11:57,542 INFO server.GrpcService: raft.grpc.flow.control.window = 1MB (=1048576) (default)
datanode_3  | 2019-11-14 06:11:56,888 INFO server.GrpcService: raft.grpc.message.size.max = 33570816 (custom)
kdc_1       | Nov 14 06:11:47 kdc kadmind[15](Notice): Request: kadm5_randkey_principal, om/scm@EXAMPLE.COM, success, client=admin/admin@EXAMPLE.COM, service=kadmin/admin@EXAMPLE.COM, addr=127.0.0.1
recon_1     | java.lang.NullPointerException
datanode_1  | 2019-11-14 06:11:56,918 INFO server.RaftServerConfigKeys: raft.server.rpc.request.timeout = 3000ms (default)
kms_1       |  EXAMPLE.COM = {
om_1        | 2019-11-14 06:11:57,425 INFO om.OzoneManager: Successfully stored SCM signed certificate.
scm_1       | WARNING: Please consider reporting this to the maintainers of org.apache.hadoop.security.authentication.util.KerberosUtil
datanode_2  | 2019-11-14 06:11:57,542 INFO server.RaftServerConfigKeys: raft.server.rpc.request.timeout = 3000ms (default)
datanode_3  | 2019-11-14 06:11:56,890 INFO server.RaftServerConfigKeys: raft.server.log.appender.buffer.byte-limit = 33554432 (custom)
s3g_1       | 20191114T061920Z
kdc_1       | Nov 14 06:11:47 kdc kadmind[15](Notice): Request: kadm5_get_principal, om/scm@EXAMPLE.COM, success, client=admin/admin@EXAMPLE.COM, service=kadmin/admin@EXAMPLE.COM, addr=127.0.0.1
recon_1     | 	at org.apache.hadoop.ozone.recon.ReconServer.stop(ReconServer.java:115)
datanode_1  | 2019-11-14 06:11:57,054 INFO server.RaftServerConfigKeys: raft.server.storage.dir = [/data/metadata/ratis] (custom)
kms_1       |   kdc = kdc
scm_1       | WARNING: Use --illegal-access=warn to enable warnings of further illegal reflective access operations
om_1        | OM initialization succeeded.Current cluster id for sd=/data/metadata/om;cid=CID-c97ab947-7053-4911-b2c3-85874ee4ba0f
datanode_2  | 2019-11-14 06:11:57,695 INFO server.RaftServerConfigKeys: raft.server.storage.dir = [/data/metadata/ratis] (custom)
datanode_3  | 2019-11-14 06:11:56,890 INFO server.GrpcService: raft.grpc.flow.control.window = 1MB (=1048576) (default)
s3g_1       | 20191114/us-west-1/s3/aws4_request
kdc_1       | Nov 14 06:11:47 kdc kadmind[15](info): closing down fd 18
recon_1     | 	at org.apache.hadoop.ozone.recon.ReconServer.call(ReconServer.java:100)
datanode_1  | 2019-11-14 06:11:57,121 INFO hdfs.DFSUtil: Starting web server as: HTTP/1b053def0264@EXAMPLE.COM
kms_1       |   admin_server = kdc
scm_1       | WARNING: All illegal access operations will be denied in a future release
om_1        | 2019-11-14 06:11:57,472 INFO om.OzoneManagerStarter: SHUTDOWN_MSG: 
datanode_2  | 2019-11-14 06:11:57,775 INFO hdfs.DFSUtil: Starting web server as: HTTP/9f78967891ed@EXAMPLE.COM
datanode_3  | 2019-11-14 06:11:56,891 INFO server.RaftServerConfigKeys: raft.server.rpc.request.timeout = 3000ms (default)
s3g_1       | f29e7e2d7b590866ae0d7dbf4c0d72d3b142be9634e82bde61946a0d031abbc7, signature=9388e7327506430f99e9c5be59792b29e9c81789ba6927098df5c652ce04d1c9, awsAccessKeyId=dlfknslnfslf
kdc_1       | Nov 14 06:11:47 kdc kadmind[15](Notice): Request: kadm5_init, admin/admin@EXAMPLE.COM, success, client=admin/admin@EXAMPLE.COM, service=kadmin/admin@EXAMPLE.COM, addr=127.0.0.1, vers=4, flavor=6
datanode_1  | 2019-11-14 06:11:57,121 INFO hdfs.DFSUtil: Starting Web-server for hddsDatanode at: http://0.0.0.0:9882
scm_1       | 2019-11-14 06:11:52,668 INFO security.UserGroupInformation: Login successful for user scm/scm@EXAMPLE.COM using keytab file /etc/security/keytabs/scm.keytab
kms_1       |  }
recon_1     | 	at org.apache.hadoop.ozone.recon.ReconServer.call(ReconServer.java:41)
om_1        | /************************************************************
datanode_2  | 2019-11-14 06:11:57,775 INFO hdfs.DFSUtil: Starting Web-server for hddsDatanode at: http://0.0.0.0:9882
datanode_3  | 2019-11-14 06:11:57,021 INFO server.RaftServerConfigKeys: raft.server.storage.dir = [/data/metadata/ratis] (custom)
s3g_1       | 2019-11-14 06:19:20,722 WARN ipc.Client: Exception encountered while connecting to the server : org.apache.hadoop.ipc.RemoteException(org.apache.hadoop.security.token.SecretManager$InvalidToken): No S3 secret found for S3 identifier:OzoneToken owner=dlfknslnfslf, renewer=, realUser=, issueDate=0, maxDate=0, sequenceNumber=0, masterKeyId=0, strToSign=AWS4-HMAC-SHA256
kdc_1       | Principal "testuser/s3g@EXAMPLE.COM" created.
datanode_1  | 2019-11-14 06:11:57,144 INFO util.log: Logging initialized @4147ms
scm_1       | 2019-11-14 06:11:52,669 INFO server.StorageContainerManager: SCM login successful.
kms_1       | 
recon_1     | 	at picocli.CommandLine.execute(CommandLine.java:1173)
om_1        | SHUTDOWN_MSG: Shutting down OzoneManager at om/172.19.0.9
datanode_2  | 2019-11-14 06:11:57,794 INFO util.log: Logging initialized @3997ms
datanode_3  | 2019-11-14 06:11:57,085 INFO hdfs.DFSUtil: Starting web server as: HTTP/962f1096ef0a@EXAMPLE.COM
s3g_1       | 20191114T061920Z
kdc_1       | Authenticating as principal admin/admin with keytab /tmp/admin.keytab.
datanode_1  | 2019-11-14 06:11:57,237 INFO server.AuthenticationFilter: Unable to initialize FileSignerSecretProvider, falling back to use random secrets.
scm_1       | 2019-11-14 06:11:52,670 WARN server.ServerUtils: ozone.scm.db.dirs is not configured. We recommend adding this setting. Falling back to ozone.metadata.dirs instead.
kms_1       | [domain_realm]
recon_1     | 	at picocli.CommandLine.access$800(CommandLine.java:141)
om_1        | ************************************************************/
datanode_2  | 2019-11-14 06:11:57,899 INFO server.AuthenticationFilter: Unable to initialize FileSignerSecretProvider, falling back to use random secrets.
datanode_3  | 2019-11-14 06:11:57,085 INFO hdfs.DFSUtil: Starting Web-server for hddsDatanode at: http://0.0.0.0:9882
s3g_1       | 20191114/us-west-1/s3/aws4_request
kdc_1       | Entry for principal testuser/s3g@EXAMPLE.COM with kvno 2, encryption type aes256-cts-hmac-sha1-96 added to keytab WRFILE:/data/testuser.s3g.keytab.
datanode_1  | 2019-11-14 06:11:57,239 INFO http.HttpRequestLog: Http request log for http.requests.hddsDatanode is not defined
scm_1       | 2019-11-14 06:11:52,699 INFO util.log: Logging initialized @1212ms
kms_1       |  .example.com = EXAMPLE.COM
recon_1     | 	at picocli.CommandLine$RunLast.handle(CommandLine.java:1367)
om_1        | 2019-11-14 06:11:58,481 INFO om.OzoneManagerStarter: STARTUP_MSG: 
datanode_2  | 2019-11-14 06:11:57,902 INFO http.HttpRequestLog: Http request log for http.requests.hddsDatanode is not defined
datanode_3  | 2019-11-14 06:11:57,106 INFO util.log: Logging initialized @3990ms
s3g_1       | f29e7e2d7b590866ae0d7dbf4c0d72d3b142be9634e82bde61946a0d031abbc7, signature=9388e7327506430f99e9c5be59792b29e9c81789ba6927098df5c652ce04d1c9, awsAccessKeyId=dlfknslnfslf
kdc_1       | Entry for principal testuser/s3g@EXAMPLE.COM with kvno 2, encryption type aes128-cts-hmac-sha1-96 added to keytab WRFILE:/data/testuser.s3g.keytab.
datanode_1  | 2019-11-14 06:11:57,245 INFO http.HttpServer2: Added global filter 'safety' (class=org.apache.hadoop.http.HttpServer2$QuotingInputFilter)
scm_1       | 2019-11-14 06:11:52,827 INFO db.DBStoreBuilder: using custom profile for table: deletedBlocks
kms_1       | WARNING: /opt/hadoop/temp does not exist. Creating.
recon_1     | 	at picocli.CommandLine$RunLast.handle(CommandLine.java:1335)
om_1        | /************************************************************
datanode_2  | 2019-11-14 06:11:57,908 INFO http.HttpServer2: Added global filter 'safety' (class=org.apache.hadoop.http.HttpServer2$QuotingInputFilter)
datanode_3  | 2019-11-14 06:11:57,198 INFO server.AuthenticationFilter: Unable to initialize FileSignerSecretProvider, falling back to use random secrets.
s3g_1       | 2019-11-14 06:19:20,722 INFO retry.RetryInvocationHandler: com.google.protobuf.ServiceException: org.apache.hadoop.ipc.RemoteException(org.apache.hadoop.security.token.SecretManager$InvalidToken): No S3 secret found for S3 identifier:OzoneToken owner=dlfknslnfslf, renewer=, realUser=, issueDate=0, maxDate=0, sequenceNumber=0, masterKeyId=0, strToSign=AWS4-HMAC-SHA256
kdc_1       | Generiting keytab
datanode_1  | 2019-11-14 06:11:57,247 INFO http.HttpServer2: Added filter authentication (class=org.apache.hadoop.security.authentication.server.AuthenticationFilter) to context hddsDatanode
scm_1       | 2019-11-14 06:11:52,827 INFO db.DBStoreBuilder: Using default column profile:DBProfile.DISK for Table:deletedBlocks
kms_1       | WARNING: /opt/hadoop/logs does not exist. Creating.
recon_1     | 	at picocli.CommandLine$AbstractParseResultHandler.handleParseResult(CommandLine.java:1243)
om_1        | STARTUP_MSG: Starting OzoneManager
datanode_2  | 2019-11-14 06:11:57,910 INFO http.HttpServer2: Added filter authentication (class=org.apache.hadoop.security.authentication.server.AuthenticationFilter) to context hddsDatanode
datanode_3  | 2019-11-14 06:11:57,202 INFO http.HttpRequestLog: Http request log for http.requests.hddsDatanode is not defined
s3g_1       | 20191114T061920Z
kdc_1       | Authenticating as principal admin/admin with keytab /tmp/admin.keytab.
datanode_1  | 2019-11-14 06:11:57,247 INFO http.HttpServer2: Added filter authentication (class=org.apache.hadoop.security.authentication.server.AuthenticationFilter) to context static
scm_1       | 2019-11-14 06:11:52,828 INFO db.DBStoreBuilder: using custom profile for table: validCerts
kms_1       | Nov 14, 2019 6:11:52 AM com.sun.jersey.api.core.PackagesResourceConfig init
recon_1     | 	at picocli.CommandLine.parseWithHandlers(CommandLine.java:1526)
om_1        | STARTUP_MSG:   host = om/172.19.0.9
datanode_2  | 2019-11-14 06:11:57,910 INFO http.HttpServer2: Added filter authentication (class=org.apache.hadoop.security.authentication.server.AuthenticationFilter) to context static
datanode_3  | 2019-11-14 06:11:57,211 INFO http.HttpServer2: Added global filter 'safety' (class=org.apache.hadoop.http.HttpServer2$QuotingInputFilter)
s3g_1       | 20191114/us-west-1/s3/aws4_request
datanode_1  | 2019-11-14 06:11:57,247 INFO http.HttpServer2: Added filter authentication (class=org.apache.hadoop.security.authentication.server.AuthenticationFilter) to context logs
scm_1       | 2019-11-14 06:11:52,828 INFO db.DBStoreBuilder: Using default column profile:DBProfile.DISK for Table:validCerts
kdc_1       | WARNING: no policy specified for dn/5b36e48643e5@EXAMPLE.COM; defaulting to no policy
kms_1       | INFO: Scanning for root resource and provider classes in the packages:
recon_1     | 	at picocli.CommandLine.parseWithHandler(CommandLine.java:1465)
om_1        | STARTUP_MSG:   args = []
datanode_2  | 2019-11-14 06:11:57,910 INFO http.HttpServer2: Added filter authentication (class=org.apache.hadoop.security.authentication.server.AuthenticationFilter) to context logs
datanode_3  | 2019-11-14 06:11:57,214 INFO http.HttpServer2: Added filter authentication (class=org.apache.hadoop.security.authentication.server.AuthenticationFilter) to context hddsDatanode
s3g_1       | f29e7e2d7b590866ae0d7dbf4c0d72d3b142be9634e82bde61946a0d031abbc7, signature=9388e7327506430f99e9c5be59792b29e9c81789ba6927098df5c652ce04d1c9, awsAccessKeyId=dlfknslnfslf, while invoking $Proxy83.submitRequest over nodeId=null,nodeAddress=om:9862 after 1 failover attempts. Trying to failover immediately.
scm_1       | 2019-11-14 06:11:52,828 INFO db.DBStoreBuilder: using custom profile for table: revokedCerts
datanode_1  | 2019-11-14 06:11:57,269 INFO http.HttpServer2: Jetty bound to port 9882
kdc_1       | Principal "dn/5b36e48643e5@EXAMPLE.COM" created.
kms_1       |   org.apache.hadoop.crypto.key.kms.server
recon_1     | 	at org.apache.hadoop.hdds.cli.GenericCli.execute(GenericCli.java:65)
om_1        | STARTUP_MSG:   version = 3.2.0
datanode_2  | 2019-11-14 06:11:57,929 INFO http.HttpServer2: Jetty bound to port 9882
datanode_3  | 2019-11-14 06:11:57,215 INFO http.HttpServer2: Added filter authentication (class=org.apache.hadoop.security.authentication.server.AuthenticationFilter) to context static
s3g_1       | 2019-11-14 06:19:20,727 WARN ipc.Client: Exception encountered while connecting to the server : org.apache.hadoop.ipc.RemoteException(org.apache.hadoop.security.token.SecretManager$InvalidToken): No S3 secret found for S3 identifier:OzoneToken owner=dlfknslnfslf, renewer=, realUser=, issueDate=0, maxDate=0, sequenceNumber=0, masterKeyId=0, strToSign=AWS4-HMAC-SHA256
scm_1       | 2019-11-14 06:11:52,828 INFO db.DBStoreBuilder: Using default column profile:DBProfile.DISK for Table:revokedCerts
datanode_1  | 2019-11-14 06:11:57,270 INFO server.Server: jetty-9.3.25.v20180904, build timestamp: 2018-09-04T21:11:46Z, git hash: 3ce520221d0240229c862b122d2b06c12a625732
kdc_1       | Authenticating as principal admin/admin with keytab /tmp/admin.keytab.
kms_1       | Nov 14, 2019 6:11:52 AM com.sun.jersey.api.core.ScanningResourceConfig logClasses
recon_1     | 	at org.apache.hadoop.hdds.cli.GenericCli.run(GenericCli.java:56)
datanode_2  | 2019-11-14 06:11:57,931 INFO server.Server: jetty-9.3.25.v20180904, build timestamp: 2018-09-04T21:11:46Z, git hash: 3ce520221d0240229c862b122d2b06c12a625732
s3g_1       | 20191114T061920Z
om_1        | STARTUP_MSG:   classpath = /etc/hadoop:/opt/hadoop/share/hadoop/common/*:/opt/hadoop/share/ozone/lib/kerb-simplekdc-1.0.1.jar:/opt/hadoop/share/ozone/lib/protobuf-java-2.5.0.jar:/opt/hadoop/share/ozone/lib/bcpkix-jdk15on-1.60.jar:/opt/hadoop/share/ozone/lib/sqlite-jdbc-3.25.2.jar:/opt/hadoop/share/ozone/lib/netty-3.10.5.Final.jar:/opt/hadoop/share/ozone/lib/commons-validator-1.6.jar:/opt/hadoop/share/ozone/lib/jaxb-impl-2.3.0.1.jar:/opt/hadoop/share/ozone/lib/kerb-core-1.0.1.jar:/opt/hadoop/share/ozone/lib/hadoop-ozone-common-0.5.0-SNAPSHOT.jar:/opt/hadoop/share/ozone/lib/ratis-thirdparty-misc-0.2.0.jar:/opt/hadoop/share/ozone/lib/jsr305-3.0.0.jar:/opt/hadoop/share/ozone/lib/leveldbjni-all-1.8.jar:/opt/hadoop/share/ozone/lib/htrace-core4-4.1.0-incubating.jar:/opt/hadoop/share/ozone/lib/hadoop-annotations-3.2.0.jar:/opt/hadoop/share/ozone/lib/hadoop-hdds-tools-0.5.0-SNAPSHOT.jar:/opt/hadoop/share/ozone/lib/kerb-util-1.0.1.jar:/opt/hadoop/share/ozone/lib/jackson-jaxrs-1.9.13.jar:/opt/hadoop/share/ozone/lib/ratis-server-0.5.0-d6d58d0-SNAPSHOT.jar:/opt/hadoop/share/ozone/lib/kerby-xdr-1.0.1.jar:/opt/hadoop/share/ozone/lib/jetty-webapp-9.3.25.v20180904.jar:/opt/hadoop/share/ozone/lib/jackson-core-asl-1.9.13.jar:/opt/hadoop/share/ozone/lib/commons-net-3.6.jar:/opt/hadoop/share/ozone/lib/log4j-api-2.11.0.jar:/opt/hadoop/share/ozone/lib/netty-all-4.0.52.Final.jar:/opt/hadoop/share/ozone/lib/hadoop-hdfs-3.2.0.jar:/opt/hadoop/share/ozone/lib/jline-0.9.94.jar:/opt/hadoop/share/ozone/lib/opentracing-api-0.31.0.jar:/opt/hadoop/share/ozone/lib/hadoop-hdds-server-framework-0.5.0-SNAPSHOT.jar:/opt/hadoop/share/ozone/lib/slf4j-log4j12-1.7.25.jar:/opt/hadoop/share/ozone/lib/hadoop-hdfs-client-3.2.0.jar:/opt/hadoop/share/ozone/lib/kerby-config-1.0.1.jar:/opt/hadoop/share/ozone/lib/jetty-util-9.3.25.v20180904.jar:/opt/hadoop/share/ozone/lib/libthrift-0.12.0.jar:/opt/hadoop/share/ozone/lib/metrics-core-3.2.4.jar:/opt/hadoop/share/ozone/lib/kerby-pkix-1.0.1.jar:/opt/hadoop/share/ozone/lib/xz-1.0.jar:/opt/hadoop/share/ozone/lib/hadoop-hdds-config-0.5.0-SNAPSHOT.jar:/opt/hadoop/share/ozone/lib/nimbus-jose-jwt-4.41.1.jar:/opt/hadoop/share/ozone/lib/jsr311-api-1.1.1.jar:/opt/hadoop/share/ozone/lib/commons-beanutils-1.9.4.jar:/opt/hadoop/share/ozone/lib/ratis-grpc-0.5.0-d6d58d0-SNAPSHOT.jar:/opt/hadoop/share/ozone/lib/ratis-netty-0.5.0-d6d58d0-SNAPSHOT.jar:/opt/hadoop/share/ozone/lib/javax.servlet-api-3.1.0.jar:/opt/hadoop/share/ozone/lib/kerb-server-1.0.1.jar:/opt/hadoop/share/ozone/lib/zookeeper-3.4.13.jar:/opt/hadoop/share/ozone/lib/avro-1.7.7.jar:/opt/hadoop/share/ozone/lib/kerb-client-1.0.1.jar:/opt/hadoop/share/ozone/lib/jackson-xc-1.9.13.jar:/opt/hadoop/share/ozone/lib/disruptor-3.4.2.jar:/opt/hadoop/share/ozone/lib/guava-11.0.2.jar:/opt/hadoop/share/ozone/lib/ratis-client-0.5.0-d6d58d0-SNAPSHOT.jar:/opt/hadoop/share/ozone/lib/hadoop-hdds-common-0.5.0-SNAPSHOT.jar:/opt/hadoop/share/ozone/lib/curator-framework-2.12.0.jar:/opt/hadoop/share/ozone/lib/dnsjava-2.1.7.jar:/opt/hadoop/share/ozone/lib/commons-configuration2-2.1.1.jar:/opt/hadoop/share/ozone/lib/json-smart-2.3.jar:/opt/hadoop/share/ozone/lib/token-provider-1.0.1.jar:/opt/hadoop/share/ozone/lib/log4j-1.2.17.jar:/opt/hadoop/share/ozone/lib/commons-daemon-1.0.13.jar:/opt/hadoop/share/ozone/lib/bcprov-jdk15on-1.60.jar:/opt/hadoop/share/ozone/lib/ratis-metrics-0.5.0-d6d58d0-SNAPSHOT.jar:/opt/hadoop/share/ozone/lib/commons-lang3-3.7.jar:/opt/hadoop/share/ozone/lib/commons-compress-1.4.1.jar:/opt/hadoop/share/ozone/lib/jaeger-client-0.34.0.jar:/opt/hadoop/share/ozone/lib/jetty-server-9.3.25.v20180904.jar:/opt/hadoop/share/ozone/lib/accessors-smart-1.2.jar:/opt/hadoop/share/ozone/lib/re2j-1.1.jar:/opt/hadoop/share/ozone/lib/curator-recipes-2.12.0.jar:/opt/hadoop/share/ozone/lib/jackson-core-2.9.9.jar:/opt/hadoop/share/ozone/lib/commons-math3-3.1.1.jar:/opt/hadoop/share/ozone/lib/opentracing-noop-0.31.0.jar:/opt/hadoop/share/ozone/lib/httpclient-4.5.2.jar:/opt/hadoop/share/ozone/lib/jaeger-core-0.34.0.jar:/opt/hadoop/share/ozone/lib/asm-5.0.4.jar:/opt/hadoop/share/ozone/lib/curator-client-2.12.0.jar:/opt/hadoop/share/ozone/lib/audience-annotations-0.5.0.jar:/opt/hadoop/share/ozone/lib/kerby-util-1.0.1.jar:/opt/hadoop/share/ozone/lib/jackson-mapper-asl-1.9.13.jar:/opt/hadoop/share/ozone/lib/rocksdbjni-6.0.1.jar:/opt/hadoop/share/ozone/lib/jsp-api-2.1.jar:/opt/hadoop/share/ozone/lib/jsch-0.1.54.jar:/opt/hadoop/share/ozone/lib/opentracing-tracerresolver-0.1.5.jar:/opt/hadoop/share/ozone/lib/paranamer-2.3.jar:/opt/hadoop/share/ozone/lib/log4j-core-2.11.0.jar:/opt/hadoop/share/ozone/lib/jetty-io-9.3.25.v20180904.jar:/opt/hadoop/share/ozone/lib/jetty-xml-9.3.25.v20180904.jar:/opt/hadoop/share/ozone/lib/commons-codec-1.11.jar:/opt/hadoop/share/ozone/lib/commons-pool2-2.6.0.jar:/opt/hadoop/share/ozone/lib/gson-2.2.4.jar:/opt/hadoop/share/ozone/lib/jcip-annotations-1.0-1.jar:/opt/hadoop/share/ozone/lib/kerb-admin-1.0.1.jar:/opt/hadoop/share/ozone/lib/okio-1.13.0.jar:/opt/hadoop/share/ozone/lib/commons-io-2.5.jar:/opt/hadoop/share/ozone/lib/snakeyaml-1.16.jar:/opt/hadoop/share/ozone/lib/hadoop-ozone-client-0.5.0-SNAPSHOT.jar:/opt/hadoop/share/ozone/lib/jersey-core-1.19.jar:/opt/hadoop/share/ozone/lib/jackson-databind-2.9.9.jar:/opt/hadoop/share/ozone/lib/hadoop-hdds-container-service-0.5.0-SNAPSHOT.jar:/opt/hadoop/share/ozone/lib/picocli-3.9.6.jar:/opt/hadoop/share/ozone/lib/jaeger-thrift-0.34.0.jar:/opt/hadoop/share/ozone/lib/ratis-common-0.5.0-d6d58d0-SNAPSHOT.jar:/opt/hadoop/share/ozone/lib/jackson-annotations-2.9.9.jar:/opt/hadoop/share/ozone/lib/commons-cli-1.2.jar:/opt/hadoop/share/ozone/lib/hadoop-hdds-docs-0.5.0-SNAPSHOT.jar:/opt/hadoop/share/ozone/lib/woodstox-core-5.0.3.jar:/opt/hadoop/share/ozone/lib/javax.annotation-api-1.2.jar:/opt/hadoop/share/ozone/lib/snappy-java-1.0.5.jar:/opt/hadoop/share/ozone/lib/jaeger-tracerresolver-0.34.0.jar:/opt/hadoop/share/ozone/lib/jetty-security-9.3.25.v20180904.jar:/opt/hadoop/share/ozone/lib/jetty-http-9.3.25.v20180904.jar:/opt/hadoop/share/ozone/lib/kerby-asn1-1.0.1.jar:/opt/hadoop/share/ozone/lib/okhttp-3.9.0.jar:/opt/hadoop/share/ozone/lib/stax2-api-3.1.4.jar:/opt/hadoop/share/ozone/lib/commons-digester-1.8.1.jar:/opt/hadoop/share/ozone/lib/commons-collections-3.2.2.jar:/opt/hadoop/share/ozone/lib/jettison-1.1.jar:/opt/hadoop/share/ozone/lib/commons-text-1.4.jar:/opt/hadoop/share/ozone/lib/jersey-servlet-1.19.jar:/opt/hadoop/share/ozone/lib/jersey-json-1.19.jar:/opt/hadoop/share/ozone/lib/slf4j-api-1.7.25.jar:/opt/hadoop/share/ozone/lib/jetty-util-ajax-9.3.25.v20180904.jar:/opt/hadoop/share/ozone/lib/commons-logging-1.1.3.jar:/opt/hadoop/share/ozone/lib/hadoop-hdds-client-0.5.0-SNAPSHOT.jar:/opt/hadoop/share/ozone/lib/kerb-identity-1.0.1.jar:/opt/hadoop/share/ozone/lib/ratis-proto-0.5.0-d6d58d0-SNAPSHOT.jar:/opt/hadoop/share/ozone/lib/opentracing-util-0.31.0.jar:/opt/hadoop/share/ozone/lib/hadoop-common-3.2.0.jar:/opt/hadoop/share/ozone/lib/hadoop-auth-3.2.0.jar:/opt/hadoop/share/ozone/lib/kerb-common-1.0.1.jar:/opt/hadoop/share/ozone/lib/jetty-servlet-9.3.25.v20180904.jar:/opt/hadoop/share/ozone/lib/jersey-server-1.19.jar:/opt/hadoop/share/ozone/lib/kerb-crypto-1.0.1.jar:/opt/hadoop/share/ozone/lib/httpcore-4.4.4.jar:/opt/hadoop/share/ozone/web:/opt/hadoop/share/ozone/lib/hadoop-ozone-ozone-manager-0.5.0-SNAPSHOT.jar
scm_1       | 2019-11-14 06:11:52,842 INFO db.DBStoreBuilder: using custom profile for table: default
datanode_1  | 2019-11-14 06:11:57,301 INFO server.AuthenticationFilter: Unable to initialize FileSignerSecretProvider, falling back to use random secrets.
kms_1       | INFO: Root resource classes found:
recon_1     | 	at org.apache.hadoop.ozone.recon.ReconServer.main(ReconServer.java:52)
kdc_1       | Entry for principal dn/5b36e48643e5@EXAMPLE.COM with kvno 2, encryption type aes256-cts-hmac-sha1-96 added to keytab WRFILE:/data/dn.5b36e48643e5.keytab.
datanode_3  | 2019-11-14 06:11:57,215 INFO http.HttpServer2: Added filter authentication (class=org.apache.hadoop.security.authentication.server.AuthenticationFilter) to context logs
datanode_2  | 2019-11-14 06:11:57,964 INFO server.AuthenticationFilter: Unable to initialize FileSignerSecretProvider, falling back to use random secrets.
s3g_1       | 20191114/us-west-1/s3/aws4_request
scm_1       | 2019-11-14 06:11:52,842 INFO db.DBStoreBuilder: Using default column profile:DBProfile.DISK for Table:default
om_1        | STARTUP_MSG:   build = https://github.com/apache/hadoop.git -r e97acb3bd8f3befd27418996fa5d4b50bf2e17bf; compiled by 'sunilg' on 2019-01-15T17:34Z
datanode_1  | 2019-11-14 06:11:57,302 INFO server.KerberosAuthenticationHandler: Using keytab /etc/security/keytabs/HTTP.keytab, for principal HTTP/1b053def0264@EXAMPLE.COM
kms_1       |   class org.apache.hadoop.crypto.key.kms.server.KMS
datanode_3  | 2019-11-14 06:11:57,241 INFO http.HttpServer2: Jetty bound to port 9882
kdc_1       | Entry for principal dn/5b36e48643e5@EXAMPLE.COM with kvno 2, encryption type aes128-cts-hmac-sha1-96 added to keytab WRFILE:/data/dn.5b36e48643e5.keytab.
datanode_2  | 2019-11-14 06:11:57,965 INFO server.KerberosAuthenticationHandler: Using keytab /etc/security/keytabs/HTTP.keytab, for principal HTTP/9f78967891ed@EXAMPLE.COM
s3g_1       | f29e7e2d7b590866ae0d7dbf4c0d72d3b142be9634e82bde61946a0d031abbc7, signature=9388e7327506430f99e9c5be59792b29e9c81789ba6927098df5c652ce04d1c9, awsAccessKeyId=dlfknslnfslf
scm_1       | 2019-11-14 06:11:52,843 INFO db.DBStoreBuilder: Using default options. DBProfile.DISK
om_1        | STARTUP_MSG:   java = 11.0.3
datanode_1  | 2019-11-14 06:11:57,305 INFO handler.ContextHandler: Started o.e.j.s.ServletContextHandler@21ea996f{/logs,file:///var/log/hadoop/,AVAILABLE}
kms_1       | Nov 14, 2019 6:11:52 AM com.sun.jersey.api.core.ScanningResourceConfig logClasses
datanode_3  | 2019-11-14 06:11:57,242 INFO server.Server: jetty-9.3.25.v20180904, build timestamp: 2018-09-04T21:11:46Z, git hash: 3ce520221d0240229c862b122d2b06c12a625732
kdc_1       | Generiting keytab
datanode_2  | 2019-11-14 06:11:57,968 INFO handler.ContextHandler: Started o.e.j.s.ServletContextHandler@21ea996f{/logs,file:///var/log/hadoop/,AVAILABLE}
s3g_1       | 2019-11-14 06:19:20,728 INFO retry.RetryInvocationHandler: com.google.protobuf.ServiceException: org.apache.hadoop.ipc.RemoteException(org.apache.hadoop.security.token.SecretManager$InvalidToken): No S3 secret found for S3 identifier:OzoneToken owner=dlfknslnfslf, renewer=, realUser=, issueDate=0, maxDate=0, sequenceNumber=0, masterKeyId=0, strToSign=AWS4-HMAC-SHA256
scm_1       | 2019-11-14 06:11:53,823 INFO ipc.CallQueueManager: Using callQueue: class java.util.concurrent.LinkedBlockingQueue, queueCapacity: 200, scheduler: class org.apache.hadoop.ipc.DefaultRpcScheduler, ipcBackoff: false.
om_1        | ************************************************************/
datanode_1  | 2019-11-14 06:11:57,306 INFO handler.ContextHandler: Started o.e.j.s.ServletContextHandler@ea7a4c3{/static,jar:file:/opt/hadoop/share/ozone/lib/hadoop-hdds-container-service-0.5.0-SNAPSHOT.jar!/webapps/static,AVAILABLE}
kms_1       | INFO: Provider classes found:
datanode_3  | 2019-11-14 06:11:57,271 INFO server.AuthenticationFilter: Unable to initialize FileSignerSecretProvider, falling back to use random secrets.
kdc_1       | Authenticating as principal admin/admin with keytab /tmp/admin.keytab.
datanode_2  | 2019-11-14 06:11:57,969 INFO handler.ContextHandler: Started o.e.j.s.ServletContextHandler@ea7a4c3{/static,jar:file:/opt/hadoop/share/ozone/lib/hadoop-hdds-container-service-0.5.0-SNAPSHOT.jar!/webapps/static,AVAILABLE}
scm_1       | 2019-11-14 06:11:53,863 INFO ipc.Server: Starting Socket Reader #1 for port 9961
datanode_1  | 2019-11-14 06:11:57,366 INFO server.KerberosAuthenticationHandler: Using keytab /etc/security/keytabs/HTTP.keytab, for principal HTTP/1b053def0264@EXAMPLE.COM
om_1        | 2019-11-14 06:11:58,488 INFO om.OzoneManagerStarter: registered UNIX signal handlers for [TERM, HUP, INT]
s3g_1       | 20191114T061920Z
kms_1       |   class org.apache.hadoop.crypto.key.kms.server.KMSJSONWriter
datanode_3  | 2019-11-14 06:11:57,272 INFO server.KerberosAuthenticationHandler: Using keytab /etc/security/keytabs/HTTP.keytab, for principal HTTP/962f1096ef0a@EXAMPLE.COM
kdc_1       | WARNING: no policy specified for scm/scm@EXAMPLE.COM; defaulting to no policy
datanode_2  | 2019-11-14 06:11:58,025 INFO server.KerberosAuthenticationHandler: Using keytab /etc/security/keytabs/HTTP.keytab, for principal HTTP/9f78967891ed@EXAMPLE.COM
scm_1       | 2019-11-14 06:11:53,975 INFO net.NodeSchemaLoader: Loading file from java.lang.CompoundEnumeration@baf1bb3
datanode_1  | 2019-11-14 06:11:57,371 INFO handler.ContextHandler: Started o.e.j.w.WebAppContext@1f7cec93{/,file:///tmp/jetty-0.0.0.0-9882-hddsDatanode-_-any-8837306718411286167.dir/webapp/,AVAILABLE}{/hddsDatanode}
om_1        | 2019-11-14 06:11:59,298 INFO ha.OMHANodeDetails: Configuration either no ozone.om.address set. Falling back to the default OM address om/172.19.0.9:9862
s3g_1       | 20191114/us-west-1/s3/aws4_request
kms_1       |   class org.apache.hadoop.crypto.key.kms.server.KMSExceptionsProvider
datanode_3  | 2019-11-14 06:11:57,276 INFO handler.ContextHandler: Started o.e.j.s.ServletContextHandler@5c059a68{/logs,file:///var/log/hadoop/,AVAILABLE}
kdc_1       | Principal "scm/scm@EXAMPLE.COM" created.
datanode_2  | 2019-11-14 06:11:58,031 INFO handler.ContextHandler: Started o.e.j.w.WebAppContext@1f7cec93{/,file:///tmp/jetty-0.0.0.0-9882-hddsDatanode-_-any-15223245031495723655.dir/webapp/,AVAILABLE}{/hddsDatanode}
scm_1       | 2019-11-14 06:11:53,978 INFO net.NodeSchemaLoader: Loading network topology layer schema file
datanode_1  | 2019-11-14 06:11:57,377 INFO server.AbstractConnector: Started ServerConnector@487cd177{HTTP/1.1,[http/1.1]}{0.0.0.0:9882}
om_1        | 2019-11-14 06:11:59,298 INFO ha.OMHANodeDetails: OM Service ID is not set. Setting it to the default ID: omServiceIdDefault
s3g_1       | f29e7e2d7b590866ae0d7dbf4c0d72d3b142be9634e82bde61946a0d031abbc7, signature=9388e7327506430f99e9c5be59792b29e9c81789ba6927098df5c652ce04d1c9, awsAccessKeyId=dlfknslnfslf, while invoking $Proxy83.submitRequest over nodeId=null,nodeAddress=om:9862 after 2 failover attempts. Trying to failover immediately.
kms_1       |   class org.apache.hadoop.crypto.key.kms.server.KMSJSONReader
datanode_3  | 2019-11-14 06:11:57,277 INFO handler.ContextHandler: Started o.e.j.s.ServletContextHandler@2e1eb85f{/static,jar:file:/opt/hadoop/share/ozone/lib/hadoop-hdds-container-service-0.5.0-SNAPSHOT.jar!/webapps/static,AVAILABLE}
kdc_1       | Authenticating as principal admin/admin with keytab /tmp/admin.keytab.
datanode_2  | 2019-11-14 06:11:58,035 INFO server.AbstractConnector: Started ServerConnector@487cd177{HTTP/1.1,[http/1.1]}{0.0.0.0:9882}
scm_1       | 2019-11-14 06:11:54,053 INFO node.SCMNodeManager: Entering startup safe mode.
datanode_1  | 2019-11-14 06:11:57,378 INFO server.Server: Started @4381ms
om_1        | 2019-11-14 06:11:59,304 WARN server.ServerUtils: ozone.om.db.dirs is not configured. We recommend adding this setting. Falling back to ozone.metadata.dirs instead.
s3g_1       | 2019-11-14 06:19:20,732 WARN ipc.Client: Exception encountered while connecting to the server : org.apache.hadoop.ipc.RemoteException(org.apache.hadoop.security.token.SecretManager$InvalidToken): No S3 secret found for S3 identifier:OzoneToken owner=dlfknslnfslf, renewer=, realUser=, issueDate=0, maxDate=0, sequenceNumber=0, masterKeyId=0, strToSign=AWS4-HMAC-SHA256
kms_1       | Nov 14, 2019 6:11:52 AM com.sun.jersey.server.impl.application.WebApplicationImpl _initiate
datanode_3  | 2019-11-14 06:11:57,350 INFO server.KerberosAuthenticationHandler: Using keytab /etc/security/keytabs/HTTP.keytab, for principal HTTP/962f1096ef0a@EXAMPLE.COM
kdc_1       | Entry for principal scm/scm@EXAMPLE.COM with kvno 2, encryption type aes256-cts-hmac-sha1-96 added to keytab WRFILE:/data/scm.scm.keytab.
datanode_2  | 2019-11-14 06:11:58,036 INFO server.Server: Started @4239ms
scm_1       | 2019-11-14 06:11:54,151 INFO algorithms.ContainerPlacementPolicyFactory: Create container placement policy of type org.apache.hadoop.hdds.scm.container.placement.algorithms.SCMContainerPlacementRandom
datanode_1  | 2019-11-14 06:11:57,381 INFO impl.MetricsSinkAdapter: Sink prometheus started
om_1        | WARNING: An illegal reflective access operation has occurred
s3g_1       | 20191114T061920Z
kms_1       | INFO: Initiating Jersey application, version 'Jersey: 1.19 02/11/2015 03:25 AM'
datanode_3  | 2019-11-14 06:11:57,355 INFO handler.ContextHandler: Started o.e.j.w.WebAppContext@5aa62ee7{/,file:///tmp/jetty-0.0.0.0-9882-hddsDatanode-_-any-5341300491490385915.dir/webapp/,AVAILABLE}{/hddsDatanode}
kdc_1       | Entry for principal scm/scm@EXAMPLE.COM with kvno 2, encryption type aes128-cts-hmac-sha1-96 added to keytab WRFILE:/data/scm.scm.keytab.
datanode_2  | 2019-11-14 06:11:58,038 INFO impl.MetricsSinkAdapter: Sink prometheus started
scm_1       | 2019-11-14 06:11:54,181 WARN server.ServerUtils: ozone.scm.db.dirs is not configured. We recommend adding this setting. Falling back to ozone.metadata.dirs instead.
datanode_1  | 2019-11-14 06:11:57,381 INFO impl.MetricsSystemImpl: Registered sink prometheus
om_1        | WARNING: Illegal reflective access by org.apache.hadoop.security.authentication.util.KerberosUtil (file:/opt/hadoop/share/ozone/lib/hadoop-auth-3.2.0.jar) to method sun.security.krb5.Config.getInstance()
s3g_1       | 20191114/us-west-1/s3/aws4_request
datanode_3  | 2019-11-14 06:11:57,361 INFO server.AbstractConnector: Started ServerConnector@738a5848{HTTP/1.1,[http/1.1]}{0.0.0.0:9882}
kdc_1       | Generiting keytab
datanode_2  | 2019-11-14 06:11:58,038 INFO impl.MetricsSystemImpl: Registered sink prometheus
scm_1       | 2019-11-14 06:11:54,387 INFO pipeline.SCMPipelineManager: No pipeline exists in current db
datanode_1  | 2019-11-14 06:11:57,383 INFO server.BaseHttpServer: HTTP server of HDDSDATANODE is listening at http://0.0.0.0:9882
om_1        | WARNING: Please consider reporting this to the maintainers of org.apache.hadoop.security.authentication.util.KerberosUtil
s3g_1       | f29e7e2d7b590866ae0d7dbf4c0d72d3b142be9634e82bde61946a0d031abbc7, signature=9388e7327506430f99e9c5be59792b29e9c81789ba6927098df5c652ce04d1c9, awsAccessKeyId=dlfknslnfslf
datanode_3  | 2019-11-14 06:11:57,361 INFO server.Server: Started @4245ms
kdc_1       | Authenticating as principal admin/admin with keytab /tmp/admin.keytab.
datanode_2  | 2019-11-14 06:11:58,041 INFO server.BaseHttpServer: HTTP server of HDDSDATANODE is listening at http://0.0.0.0:9882
scm_1       | 2019-11-14 06:11:54,389 WARN server.ServerUtils: ozone.scm.db.dirs is not configured. We recommend adding this setting. Falling back to ozone.metadata.dirs instead.
datanode_1  | 2019-11-14 06:11:57,395 INFO util.JvmPauseMonitor: Starting JVM pause monitor
om_1        | WARNING: Use --illegal-access=warn to enable warnings of further illegal reflective access operations
datanode_3  | 2019-11-14 06:11:57,364 INFO impl.MetricsSinkAdapter: Sink prometheus started
datanode_2  | 2019-11-14 06:11:58,053 INFO util.JvmPauseMonitor: Starting JVM pause monitor
kdc_1       | WARNING: no policy specified for testuser2/s3g@EXAMPLE.COM; defaulting to no policy
s3g_1       | 2019-11-14 06:19:20,733 INFO retry.RetryInvocationHandler: com.google.protobuf.ServiceException: org.apache.hadoop.ipc.RemoteException(org.apache.hadoop.security.token.SecretManager$InvalidToken): No S3 secret found for S3 identifier:OzoneToken owner=dlfknslnfslf, renewer=, realUser=, issueDate=0, maxDate=0, sequenceNumber=0, masterKeyId=0, strToSign=AWS4-HMAC-SHA256
scm_1       | 2019-11-14 06:11:54,476 WARN events.EventQueue: No event handler registered for event TypedEvent{payloadType=SafeModeStatus, name='SafeModeStatus'}
datanode_1  | 2019-11-14 06:11:59,505 INFO ozoneimpl.OzoneContainer: Attempting to start container services.
om_1        | WARNING: All illegal access operations will be denied in a future release
datanode_3  | 2019-11-14 06:11:57,364 INFO impl.MetricsSystemImpl: Registered sink prometheus
datanode_2  | 2019-11-14 06:12:00,178 INFO ozoneimpl.OzoneContainer: Attempting to start container services.
kdc_1       | Principal "testuser2/s3g@EXAMPLE.COM" created.
datanode_1  | 2019-11-14 06:11:59,506 INFO ozoneimpl.OzoneContainer: Background container scanner has been disabled.
scm_1       | 2019-11-14 06:11:54,909 INFO ipc.CallQueueManager: Using callQueue: class java.util.concurrent.LinkedBlockingQueue, queueCapacity: 1000, scheduler: class org.apache.hadoop.ipc.DefaultRpcScheduler, ipcBackoff: false.
s3g_1       | 20191114T061920Z
om_1        | 2019-11-14 06:11:59,542 INFO security.UserGroupInformation: Login successful for user om/om@EXAMPLE.COM using keytab file /etc/security/keytabs/om.keytab
datanode_3  | 2019-11-14 06:11:57,367 INFO server.BaseHttpServer: HTTP server of HDDSDATANODE is listening at http://0.0.0.0:9882
datanode_2  | 2019-11-14 06:12:00,180 INFO ozoneimpl.OzoneContainer: Background container scanner has been disabled.
kdc_1       | Authenticating as principal admin/admin with keytab /tmp/admin.keytab.
scm_1       | 2019-11-14 06:11:54,910 INFO ipc.Server: Starting Socket Reader #1 for port 9861
s3g_1       | 20191114/us-west-1/s3/aws4_request
om_1        | 2019-11-14 06:11:59,542 INFO om.OzoneManager: Ozone Manager login successful.
datanode_1  | 2019-11-14 06:11:59,506 INFO ratis.XceiverServerRatis: Starting XceiverServerRatis 8b8ff503-613f-44b0-9630-56c0cd41869d at port 9858
datanode_3  | 2019-11-14 06:11:57,382 INFO util.JvmPauseMonitor: Starting JVM pause monitor
s3g_1       | f29e7e2d7b590866ae0d7dbf4c0d72d3b142be9634e82bde61946a0d031abbc7, signature=9388e7327506430f99e9c5be59792b29e9c81789ba6927098df5c652ce04d1c9, awsAccessKeyId=dlfknslnfslf, while invoking $Proxy83.submitRequest over nodeId=null,nodeAddress=om:9862 after 3 failover attempts. Trying to failover immediately.
om_1        | 2019-11-14 06:11:59,542 WARN server.ServerUtils: ozone.om.db.dirs is not configured. We recommend adding this setting. Falling back to ozone.metadata.dirs instead.
datanode_2  | 2019-11-14 06:12:00,180 INFO ratis.XceiverServerRatis: Starting XceiverServerRatis ea77cc21-a95a-4fda-ab9c-cd7be3afdb93 at port 9858
datanode_1  | 2019-11-14 06:11:59,525 INFO impl.RaftServerProxy: 8b8ff503-613f-44b0-9630-56c0cd41869d: start RPC server
scm_1       | 2019-11-14 06:11:54,947 INFO ipc.CallQueueManager: Using callQueue: class java.util.concurrent.LinkedBlockingQueue, queueCapacity: 1000, scheduler: class org.apache.hadoop.ipc.DefaultRpcScheduler, ipcBackoff: false.
kdc_1       | Entry for principal testuser2/s3g@EXAMPLE.COM with kvno 2, encryption type aes256-cts-hmac-sha1-96 added to keytab WRFILE:/data/testuser2.s3g.keytab.
datanode_3  | 2019-11-14 06:11:59,548 INFO ozoneimpl.OzoneContainer: Attempting to start container services.
s3g_1       | 2019-11-14 06:19:20,738 WARN ipc.Client: Exception encountered while connecting to the server : org.apache.hadoop.ipc.RemoteException(org.apache.hadoop.security.token.SecretManager$InvalidToken): No S3 secret found for S3 identifier:OzoneToken owner=dlfknslnfslf, renewer=, realUser=, issueDate=0, maxDate=0, sequenceNumber=0, masterKeyId=0, strToSign=AWS4-HMAC-SHA256
om_1        | 2019-11-14 06:12:00,298 INFO client.OMCertificateClient: Loading certificate from location:/data/metadata/om/certs.
datanode_1  | 2019-11-14 06:11:59,658 INFO server.GrpcService: 8b8ff503-613f-44b0-9630-56c0cd41869d: GrpcService started, listening on 0.0.0.0/0.0.0.0:9858
datanode_2  | 2019-11-14 06:12:00,198 INFO impl.RaftServerProxy: ea77cc21-a95a-4fda-ab9c-cd7be3afdb93: start RPC server
scm_1       | 2019-11-14 06:11:54,948 INFO ipc.Server: Starting Socket Reader #1 for port 9863
kdc_1       | Entry for principal testuser2/s3g@EXAMPLE.COM with kvno 2, encryption type aes128-cts-hmac-sha1-96 added to keytab WRFILE:/data/testuser2.s3g.keytab.
s3g_1       | 20191114T061920Z
om_1        | 2019-11-14 06:12:00,403 INFO client.OMCertificateClient: Added certificate from file:/data/metadata/om/certs/14058675709866875.crt.
datanode_1  | 2019-11-14 06:12:03,449 INFO impl.RaftServerProxy: 8b8ff503-613f-44b0-9630-56c0cd41869d: addNew group-FF4A78844888:[8b8ff503-613f-44b0-9630-56c0cd41869d:172.19.0.7:9858] returns group-FF4A78844888:java.util.concurrent.CompletableFuture@3de85f2e[Not completed]
datanode_3  | 2019-11-14 06:11:59,549 INFO ozoneimpl.OzoneContainer: Background container scanner has been disabled.
datanode_2  | 2019-11-14 06:12:00,358 INFO server.GrpcService: ea77cc21-a95a-4fda-ab9c-cd7be3afdb93: GrpcService started, listening on 0.0.0.0/0.0.0.0:9858
scm_1       | 2019-11-14 06:11:54,986 INFO ipc.CallQueueManager: Using callQueue: class java.util.concurrent.LinkedBlockingQueue, queueCapacity: 1000, scheduler: class org.apache.hadoop.ipc.DefaultRpcScheduler, ipcBackoff: false.
kdc_1       | Generiting keytab
s3g_1       | 20191114/us-west-1/s3/aws4_request
om_1        | 2019-11-14 06:12:00,412 INFO client.OMCertificateClient: Added certificate from file:/data/metadata/om/certs/CA-1.crt.
datanode_1  | 2019-11-14 06:12:03,468 INFO impl.RaftServerImpl: 8b8ff503-613f-44b0-9630-56c0cd41869d: new RaftServerImpl for group-FF4A78844888:[8b8ff503-613f-44b0-9630-56c0cd41869d:172.19.0.7:9858] with ContainerStateMachine:uninitialized
scm_1       | 2019-11-14 06:11:54,987 INFO ipc.Server: Starting Socket Reader #1 for port 9860
datanode_2  | 2019-11-14 06:12:02,886 INFO impl.RaftServerProxy: ea77cc21-a95a-4fda-ab9c-cd7be3afdb93: addNew group-9E96DE18E343:[ea77cc21-a95a-4fda-ab9c-cd7be3afdb93:172.19.0.10:9858] returns group-9E96DE18E343:java.util.concurrent.CompletableFuture@51605e9d[Not completed]
s3g_1       | f29e7e2d7b590866ae0d7dbf4c0d72d3b142be9634e82bde61946a0d031abbc7, signature=9388e7327506430f99e9c5be59792b29e9c81789ba6927098df5c652ce04d1c9, awsAccessKeyId=dlfknslnfslf
om_1        | 2019-11-14 06:12:00,433 WARN server.ServerUtils: ozone.om.db.dirs is not configured. We recommend adding this setting. Falling back to ozone.metadata.dirs instead.
datanode_1  | 2019-11-14 06:12:03,471 INFO server.RaftServerConfigKeys: raft.server.rpc.timeout.min = 5s (custom)
kdc_1       | Authenticating as principal admin/admin with keytab /tmp/admin.keytab.
datanode_3  | 2019-11-14 06:11:59,549 INFO ratis.XceiverServerRatis: Starting XceiverServerRatis 0b36bc91-fce7-4cf7-85ee-0c8d235afd76 at port 9858
scm_1       | 2019-11-14 06:11:55,057 INFO hdfs.DFSUtil: Starting web server as: HTTP/scm@EXAMPLE.COM
datanode_2  | 2019-11-14 06:12:02,907 INFO impl.RaftServerImpl: ea77cc21-a95a-4fda-ab9c-cd7be3afdb93: new RaftServerImpl for group-9E96DE18E343:[ea77cc21-a95a-4fda-ab9c-cd7be3afdb93:172.19.0.10:9858] with ContainerStateMachine:uninitialized
s3g_1       | 2019-11-14 06:19:20,738 INFO retry.RetryInvocationHandler: com.google.protobuf.ServiceException: org.apache.hadoop.ipc.RemoteException(org.apache.hadoop.security.token.SecretManager$InvalidToken): No S3 secret found for S3 identifier:OzoneToken owner=dlfknslnfslf, renewer=, realUser=, issueDate=0, maxDate=0, sequenceNumber=0, masterKeyId=0, strToSign=AWS4-HMAC-SHA256
om_1        | 2019-11-14 06:12:00,460 INFO util.log: Logging initialized @2803ms
datanode_1  | 2019-11-14 06:12:03,471 INFO server.RaftServerConfigKeys: raft.server.rpc.timeout.max = 5200ms (custom)
kdc_1       | WARNING: no policy specified for om/5b36e48643e5@EXAMPLE.COM; defaulting to no policy
datanode_3  | 2019-11-14 06:11:59,567 INFO impl.RaftServerProxy: 0b36bc91-fce7-4cf7-85ee-0c8d235afd76: start RPC server
scm_1       | 2019-11-14 06:11:55,057 INFO hdfs.DFSUtil: Starting Web-server for scm at: http://0.0.0.0:9876
datanode_2  | 2019-11-14 06:12:02,909 INFO server.RaftServerConfigKeys: raft.server.rpc.timeout.min = 5s (custom)
s3g_1       | 20191114T061920Z
om_1        | 2019-11-14 06:12:00,550 INFO db.DBStoreBuilder: using custom profile for table: userTable
datanode_1  | 2019-11-14 06:12:03,471 INFO server.RaftServerConfigKeys: raft.server.rpcslowness.timeout = 120s (custom)
kdc_1       | Principal "om/5b36e48643e5@EXAMPLE.COM" created.
datanode_3  | 2019-11-14 06:11:59,715 INFO server.GrpcService: 0b36bc91-fce7-4cf7-85ee-0c8d235afd76: GrpcService started, listening on 0.0.0.0/0.0.0.0:9858
scm_1       | 2019-11-14 06:11:55,180 INFO server.AuthenticationFilter: Unable to initialize FileSignerSecretProvider, falling back to use random secrets.
datanode_2  | 2019-11-14 06:12:02,909 INFO server.RaftServerConfigKeys: raft.server.rpc.timeout.max = 5200ms (custom)
s3g_1       | 20191114/us-west-1/s3/aws4_request
om_1        | 2019-11-14 06:12:00,551 INFO db.DBStoreBuilder: Using default column profile:DBProfile.DISK for Table:userTable
datanode_1  | 2019-11-14 06:12:03,472 INFO server.RaftServerConfigKeys: raft.server.sleep.deviation.threshold = 300 (default)
kdc_1       | Authenticating as principal admin/admin with keytab /tmp/admin.keytab.
datanode_3  | 2019-11-14 06:12:02,329 INFO impl.RaftServerProxy: 0b36bc91-fce7-4cf7-85ee-0c8d235afd76: addNew group-FB2FBB7E3907:[0b36bc91-fce7-4cf7-85ee-0c8d235afd76:172.19.0.8:9858] returns group-FB2FBB7E3907:java.util.concurrent.CompletableFuture@4824ac7[Not completed]
scm_1       | 2019-11-14 06:11:55,193 INFO http.HttpRequestLog: Http request log for http.requests.scm is not defined
datanode_2  | 2019-11-14 06:12:02,909 INFO server.RaftServerConfigKeys: raft.server.rpcslowness.timeout = 120s (custom)
s3g_1       | f29e7e2d7b590866ae0d7dbf4c0d72d3b142be9634e82bde61946a0d031abbc7, signature=9388e7327506430f99e9c5be59792b29e9c81789ba6927098df5c652ce04d1c9, awsAccessKeyId=dlfknslnfslf, while invoking $Proxy83.submitRequest over nodeId=null,nodeAddress=om:9862 after 4 failover attempts. Trying to failover immediately.
om_1        | 2019-11-14 06:12:00,551 INFO db.DBStoreBuilder: using custom profile for table: volumeTable
datanode_1  | 2019-11-14 06:12:03,473 INFO server.RaftServerConfigKeys: raft.server.log.appender.install.snapshot.enabled = false (custom)
kdc_1       | Entry for principal om/5b36e48643e5@EXAMPLE.COM with kvno 2, encryption type aes256-cts-hmac-sha1-96 added to keytab WRFILE:/data/om.5b36e48643e5.keytab.
scm_1       | 2019-11-14 06:11:55,202 INFO http.HttpServer2: Added global filter 'safety' (class=org.apache.hadoop.http.HttpServer2$QuotingInputFilter)
datanode_1  | 2019-11-14 06:12:03,479 INFO impl.RaftServerImpl: 8b8ff503-613f-44b0-9630-56c0cd41869d@group-FF4A78844888: ConfigurationManager, init=-1: [8b8ff503-613f-44b0-9630-56c0cd41869d:172.19.0.7:9858], old=null, confs=<EMPTY_MAP>
datanode_3  | 2019-11-14 06:12:02,351 INFO impl.RaftServerImpl: 0b36bc91-fce7-4cf7-85ee-0c8d235afd76: new RaftServerImpl for group-FB2FBB7E3907:[0b36bc91-fce7-4cf7-85ee-0c8d235afd76:172.19.0.8:9858] with ContainerStateMachine:uninitialized
kdc_1       | Entry for principal om/5b36e48643e5@EXAMPLE.COM with kvno 2, encryption type aes128-cts-hmac-sha1-96 added to keytab WRFILE:/data/om.5b36e48643e5.keytab.
s3g_1       | 2019-11-14 06:19:20,742 WARN ipc.Client: Exception encountered while connecting to the server : org.apache.hadoop.ipc.RemoteException(org.apache.hadoop.security.token.SecretManager$InvalidToken): No S3 secret found for S3 identifier:OzoneToken owner=dlfknslnfslf, renewer=, realUser=, issueDate=0, maxDate=0, sequenceNumber=0, masterKeyId=0, strToSign=AWS4-HMAC-SHA256
scm_1       | 2019-11-14 06:11:55,205 INFO http.HttpServer2: Added filter authentication (class=org.apache.hadoop.security.authentication.server.AuthenticationFilter) to context scm
datanode_2  | 2019-11-14 06:12:02,910 INFO server.RaftServerConfigKeys: raft.server.sleep.deviation.threshold = 300 (default)
datanode_1  | 2019-11-14 06:12:03,480 INFO server.RaftServerConfigKeys: raft.server.storage.dir = [/data/metadata/ratis] (custom)
datanode_3  | 2019-11-14 06:12:02,353 INFO server.RaftServerConfigKeys: raft.server.rpc.timeout.min = 5s (custom)
scm_1       | 2019-11-14 06:11:55,206 INFO http.HttpServer2: Added filter authentication (class=org.apache.hadoop.security.authentication.server.AuthenticationFilter) to context static
s3g_1       | 20191114T061920Z
kdc_1       | Generiting keytab
datanode_1  | 2019-11-14 06:12:03,484 INFO server.RaftServerConfigKeys: raft.server.log.corruption.policy = EXCEPTION (default)
om_1        | 2019-11-14 06:12:00,551 INFO db.DBStoreBuilder: Using default column profile:DBProfile.DISK for Table:volumeTable
datanode_3  | 2019-11-14 06:12:02,353 INFO server.RaftServerConfigKeys: raft.server.rpc.timeout.max = 5200ms (custom)
datanode_2  | 2019-11-14 06:12:02,911 INFO server.RaftServerConfigKeys: raft.server.log.appender.install.snapshot.enabled = false (custom)
scm_1       | 2019-11-14 06:11:55,206 INFO http.HttpServer2: Added filter authentication (class=org.apache.hadoop.security.authentication.server.AuthenticationFilter) to context logs
s3g_1       | 20191114/us-west-1/s3/aws4_request
datanode_1  | 2019-11-14 06:12:03,486 INFO storage.RaftStorageDirectory: The storage directory /data/metadata/ratis/3301b7d9-9257-4a26-978b-ff4a78844888 does not exist. Creating ...
om_1        | 2019-11-14 06:12:00,551 INFO db.DBStoreBuilder: using custom profile for table: bucketTable
