datanode_3  | 2019-10-26 01:14:12,730 INFO impl.RaftServerImpl: 55178b8a-f565-4803-8e02-b3583923592d@group-F088F7874A54: changes role from  FOLLOWER to CANDIDATE at term 0 for changeToCandidate
datanode_1  | 2019-10-26 01:14:08,292 INFO impl.RaftServerImpl: d49b232b-bcfb-4186-8475-22e37588c05a@group-094C9D0D85D2: changes role from      null to FOLLOWER at term 0 for startAsFollower
datanode_2  | 2019-10-26 01:14:08,296 WARN impl.MetricRegistriesImpl: First MetricRegistry has been created without registering reporters. You may need to call MetricRegistries.global().addReportRegistration(...) before.
datanode_3  | 2019-10-26 01:14:12,735 INFO impl.RoleInfo: 55178b8a-f565-4803-8e02-b3583923592d: start LeaderElection
datanode_1  | 2019-10-26 01:14:08,292 INFO impl.RoleInfo: d49b232b-bcfb-4186-8475-22e37588c05a: start FollowerState
datanode_2  | 2019-10-26 01:14:13,125 INFO impl.FollowerState: 97288c93-2716-41b7-98f9-edc6f3f40fcd@group-5FEBEB83406A-FollowerState: change to CANDIDATE, lastRpcTime:5028ms, electionTimeout:5027ms
datanode_3  | 2019-10-26 01:14:12,752 INFO impl.LeaderElection: 55178b8a-f565-4803-8e02-b3583923592d@group-F088F7874A54-LeaderElection1: begin an election at term 1 for -1: [55178b8a-f565-4803-8e02-b3583923592d:172.18.0.8:9858], old=null
datanode_1  | 2019-10-26 01:14:08,293 INFO util.JmxRegister: Successfully registered JMX Bean with object name Ratis:service=RaftServer,group=group-094C9D0D85D2,id=d49b232b-bcfb-4186-8475-22e37588c05a
datanode_2  | 2019-10-26 01:14:13,128 INFO impl.RoleInfo: 97288c93-2716-41b7-98f9-edc6f3f40fcd: shutdown FollowerState
datanode_3  | 2019-10-26 01:14:12,754 INFO impl.RoleInfo: 55178b8a-f565-4803-8e02-b3583923592d: shutdown LeaderElection
datanode_1  | 2019-10-26 01:14:08,293 WARN impl.MetricRegistriesImpl: First MetricRegistry has been created without registering reporters. You may need to call MetricRegistries.global().addReportRegistration(...) before.
datanode_3  | 2019-10-26 01:14:12,755 INFO impl.RaftServerImpl: 55178b8a-f565-4803-8e02-b3583923592d@group-F088F7874A54: changes role from CANDIDATE to LEADER at term 1 for changeToLeader
datanode_2  | 2019-10-26 01:14:13,128 INFO impl.RaftServerImpl: 97288c93-2716-41b7-98f9-edc6f3f40fcd@group-5FEBEB83406A: changes role from  FOLLOWER to CANDIDATE at term 0 for changeToCandidate
datanode_1  | 2019-10-26 01:14:11,021 INFO impl.FollowerState: d49b232b-bcfb-4186-8475-22e37588c05a@group-4A387C9B1A7D-FollowerState: change to CANDIDATE, lastRpcTime:5066ms, electionTimeout:5065ms
datanode_3  | 2019-10-26 01:14:12,755 INFO impl.RaftServerImpl: 55178b8a-f565-4803-8e02-b3583923592d@group-F088F7874A54: change Leader from null to 55178b8a-f565-4803-8e02-b3583923592d at term 1 for becomeLeader, leader elected after 5262ms
datanode_2  | 2019-10-26 01:14:13,134 INFO impl.RoleInfo: 97288c93-2716-41b7-98f9-edc6f3f40fcd: start LeaderElection
datanode_1  | 2019-10-26 01:14:11,023 INFO impl.RoleInfo: d49b232b-bcfb-4186-8475-22e37588c05a: shutdown FollowerState
datanode_2  | 2019-10-26 01:14:13,150 INFO impl.LeaderElection: 97288c93-2716-41b7-98f9-edc6f3f40fcd@group-5FEBEB83406A-LeaderElection1: begin an election at term 1 for -1: [97288c93-2716-41b7-98f9-edc6f3f40fcd:172.18.0.7:9858], old=null
datanode_3  | 2019-10-26 01:14:12,761 INFO server.RaftServerConfigKeys: raft.server.staging.catchup.gap = 1000 (default)
datanode_1  | 2019-10-26 01:14:11,024 INFO impl.RaftServerImpl: d49b232b-bcfb-4186-8475-22e37588c05a@group-4A387C9B1A7D: changes role from  FOLLOWER to CANDIDATE at term 0 for changeToCandidate
datanode_2  | 2019-10-26 01:14:13,152 INFO impl.RoleInfo: 97288c93-2716-41b7-98f9-edc6f3f40fcd: shutdown LeaderElection
datanode_3  | 2019-10-26 01:14:12,761 INFO server.RaftServerConfigKeys: raft.server.rpc.sleep.time = 25ms (default)
datanode_1  | 2019-10-26 01:14:11,029 INFO impl.RoleInfo: d49b232b-bcfb-4186-8475-22e37588c05a: start LeaderElection
datanode_2  | 2019-10-26 01:14:13,153 INFO impl.RaftServerImpl: 97288c93-2716-41b7-98f9-edc6f3f40fcd@group-5FEBEB83406A: changes role from CANDIDATE to LEADER at term 1 for changeToLeader
datanode_3  | 2019-10-26 01:14:12,766 INFO server.RaftServerConfigKeys: raft.server.write.element-limit = 4096 (default)
datanode_1  | 2019-10-26 01:14:11,045 INFO impl.LeaderElection: d49b232b-bcfb-4186-8475-22e37588c05a@group-4A387C9B1A7D-LeaderElection1: begin an election at term 1 for -1: [d49b232b-bcfb-4186-8475-22e37588c05a:172.18.0.4:9858], old=null
datanode_2  | 2019-10-26 01:14:13,153 INFO impl.RaftServerImpl: 97288c93-2716-41b7-98f9-edc6f3f40fcd@group-5FEBEB83406A: change Leader from null to 97288c93-2716-41b7-98f9-edc6f3f40fcd at term 1 for becomeLeader, leader elected after 5137ms
datanode_1  | 2019-10-26 01:14:11,047 INFO impl.RoleInfo: d49b232b-bcfb-4186-8475-22e37588c05a: shutdown LeaderElection
datanode_3  | 2019-10-26 01:14:12,772 INFO server.RaftServerConfigKeys: raft.server.watch.timeout = 10s (default)
datanode_2  | 2019-10-26 01:14:13,160 INFO server.RaftServerConfigKeys: raft.server.staging.catchup.gap = 1000 (default)
datanode_1  | 2019-10-26 01:14:11,048 INFO impl.RaftServerImpl: d49b232b-bcfb-4186-8475-22e37588c05a@group-4A387C9B1A7D: changes role from CANDIDATE to LEADER at term 1 for changeToLeader
datanode_3  | 2019-10-26 01:14:12,772 INFO server.RaftServerConfigKeys: raft.server.watch.timeout.denomination = 1s (default)
datanode_2  | 2019-10-26 01:14:13,160 INFO server.RaftServerConfigKeys: raft.server.rpc.sleep.time = 25ms (default)
datanode_1  | 2019-10-26 01:14:11,049 INFO impl.RaftServerImpl: d49b232b-bcfb-4186-8475-22e37588c05a@group-4A387C9B1A7D: change Leader from null to d49b232b-bcfb-4186-8475-22e37588c05a at term 1 for becomeLeader, leader elected after 5188ms
datanode_3  | 2019-10-26 01:14:12,773 INFO server.RaftServerConfigKeys: raft.server.watch.element-limit = 65536 (default)
datanode_2  | 2019-10-26 01:14:13,165 INFO server.RaftServerConfigKeys: raft.server.write.element-limit = 4096 (default)
datanode_1  | 2019-10-26 01:14:11,057 INFO server.RaftServerConfigKeys: raft.server.staging.catchup.gap = 1000 (default)
datanode_3  | 2019-10-26 01:14:12,782 INFO impl.RoleInfo: 55178b8a-f565-4803-8e02-b3583923592d: start LeaderState
datanode_2  | 2019-10-26 01:14:13,172 INFO server.RaftServerConfigKeys: raft.server.watch.timeout = 10s (default)
datanode_1  | 2019-10-26 01:14:11,057 INFO server.RaftServerConfigKeys: raft.server.rpc.sleep.time = 25ms (default)
datanode_3  | 2019-10-26 01:14:12,803 INFO segmented.SegmentedRaftLogWorker: 55178b8a-f565-4803-8e02-b3583923592d@group-F088F7874A54-SegmentedRaftLogWorker: Starting segment from index:0
datanode_2  | 2019-10-26 01:14:13,172 INFO server.RaftServerConfigKeys: raft.server.watch.timeout.denomination = 1s (default)
datanode_1  | 2019-10-26 01:14:11,063 INFO server.RaftServerConfigKeys: raft.server.write.element-limit = 4096 (default)
datanode_3  | 2019-10-26 01:14:12,814 INFO impl.RaftServerImpl: 55178b8a-f565-4803-8e02-b3583923592d@group-F088F7874A54: set configuration 0: [55178b8a-f565-4803-8e02-b3583923592d:172.18.0.8:9858], old=null at 0
datanode_2  | 2019-10-26 01:14:13,173 INFO server.RaftServerConfigKeys: raft.server.watch.element-limit = 65536 (default)
datanode_1  | 2019-10-26 01:14:11,071 INFO server.RaftServerConfigKeys: raft.server.watch.timeout = 10s (default)
datanode_3  | 2019-10-26 01:14:12,946 INFO segmented.SegmentedRaftLogWorker: 55178b8a-f565-4803-8e02-b3583923592d@group-F088F7874A54-SegmentedRaftLogWorker: created new log segment /data/metadata/ratis/e6227260-da67-4514-81d4-f088f7874a54/current/log_inprogress_0
datanode_2  | 2019-10-26 01:14:13,182 INFO impl.RoleInfo: 97288c93-2716-41b7-98f9-edc6f3f40fcd: start LeaderState
datanode_1  | 2019-10-26 01:14:11,071 INFO server.RaftServerConfigKeys: raft.server.watch.timeout.denomination = 1s (default)
datanode_3  | 2019-10-26 01:14:13,457 INFO impl.FollowerState: 55178b8a-f565-4803-8e02-b3583923592d@group-094C9D0D85D2-FollowerState: change to CANDIDATE, lastRpcTime:5150ms, electionTimeout:5150ms
datanode_2  | 2019-10-26 01:14:13,205 INFO segmented.SegmentedRaftLogWorker: 97288c93-2716-41b7-98f9-edc6f3f40fcd@group-5FEBEB83406A-SegmentedRaftLogWorker: Starting segment from index:0
datanode_3  | 2019-10-26 01:14:13,458 INFO impl.RoleInfo: 55178b8a-f565-4803-8e02-b3583923592d: shutdown FollowerState
datanode_2  | 2019-10-26 01:14:13,216 INFO impl.RaftServerImpl: 97288c93-2716-41b7-98f9-edc6f3f40fcd@group-5FEBEB83406A: set configuration 0: [97288c93-2716-41b7-98f9-edc6f3f40fcd:172.18.0.7:9858], old=null at 0
datanode_1  | 2019-10-26 01:14:11,073 INFO server.RaftServerConfigKeys: raft.server.watch.element-limit = 65536 (default)
datanode_3  | 2019-10-26 01:14:13,459 INFO impl.RaftServerImpl: 55178b8a-f565-4803-8e02-b3583923592d@group-094C9D0D85D2: changes role from  FOLLOWER to CANDIDATE at term 0 for changeToCandidate
datanode_2  | 2019-10-26 01:14:13,347 INFO impl.FollowerState: 97288c93-2716-41b7-98f9-edc6f3f40fcd@group-094C9D0D85D2-FollowerState: change to CANDIDATE, lastRpcTime:5052ms, electionTimeout:5051ms
datanode_1  | 2019-10-26 01:14:11,084 INFO impl.RoleInfo: d49b232b-bcfb-4186-8475-22e37588c05a: start LeaderState
datanode_3  | 2019-10-26 01:14:13,459 INFO impl.RoleInfo: 55178b8a-f565-4803-8e02-b3583923592d: start LeaderElection
datanode_2  | 2019-10-26 01:14:13,348 INFO impl.RoleInfo: 97288c93-2716-41b7-98f9-edc6f3f40fcd: shutdown FollowerState
datanode_1  | 2019-10-26 01:14:11,105 INFO segmented.SegmentedRaftLogWorker: d49b232b-bcfb-4186-8475-22e37588c05a@group-4A387C9B1A7D-SegmentedRaftLogWorker: Starting segment from index:0
datanode_3  | 2019-10-26 01:14:13,473 INFO impl.LeaderElection: 55178b8a-f565-4803-8e02-b3583923592d@group-094C9D0D85D2-LeaderElection2: begin an election at term 1 for -1: [55178b8a-f565-4803-8e02-b3583923592d:172.18.0.8:9858, d49b232b-bcfb-4186-8475-22e37588c05a:172.18.0.4:9858, 97288c93-2716-41b7-98f9-edc6f3f40fcd:172.18.0.7:9858], old=null
datanode_2  | 2019-10-26 01:14:13,348 INFO impl.RaftServerImpl: 97288c93-2716-41b7-98f9-edc6f3f40fcd@group-094C9D0D85D2: changes role from  FOLLOWER to CANDIDATE at term 0 for changeToCandidate
datanode_3  | 2019-10-26 01:14:13,658 INFO impl.LeaderElection: 55178b8a-f565-4803-8e02-b3583923592d@group-094C9D0D85D2-LeaderElection2: Election REJECTED; received 2 response(s) [55178b8a-f565-4803-8e02-b3583923592d<-d49b232b-bcfb-4186-8475-22e37588c05a#0:FAIL-t1, 55178b8a-f565-4803-8e02-b3583923592d<-97288c93-2716-41b7-98f9-edc6f3f40fcd#0:FAIL-t1] and 0 exception(s); 55178b8a-f565-4803-8e02-b3583923592d@group-094C9D0D85D2:t1, leader=null, voted=55178b8a-f565-4803-8e02-b3583923592d, raftlog=55178b8a-f565-4803-8e02-b3583923592d@group-094C9D0D85D2-SegmentedRaftLog:OPENED:c-1,f-1,i0, conf=-1: [55178b8a-f565-4803-8e02-b3583923592d:172.18.0.8:9858, d49b232b-bcfb-4186-8475-22e37588c05a:172.18.0.4:9858, 97288c93-2716-41b7-98f9-edc6f3f40fcd:172.18.0.7:9858], old=null
datanode_2  | 2019-10-26 01:14:13,348 INFO impl.RoleInfo: 97288c93-2716-41b7-98f9-edc6f3f40fcd: start LeaderElection
datanode_1  | 2019-10-26 01:14:11,115 INFO impl.RaftServerImpl: d49b232b-bcfb-4186-8475-22e37588c05a@group-4A387C9B1A7D: set configuration 0: [d49b232b-bcfb-4186-8475-22e37588c05a:172.18.0.4:9858], old=null at 0
datanode_2  | 2019-10-26 01:14:13,355 INFO segmented.SegmentedRaftLogWorker: 97288c93-2716-41b7-98f9-edc6f3f40fcd@group-5FEBEB83406A-SegmentedRaftLogWorker: created new log segment /data/metadata/ratis/4c7f1d21-3171-49fd-891b-5febeb83406a/current/log_inprogress_0
datanode_3  | 2019-10-26 01:14:13,660 INFO impl.RaftServerImpl: 55178b8a-f565-4803-8e02-b3583923592d@group-094C9D0D85D2: changes role from CANDIDATE to FOLLOWER at term 1 for DISCOVERED_A_NEW_TERM
datanode_1  | 2019-10-26 01:14:11,230 INFO segmented.SegmentedRaftLogWorker: d49b232b-bcfb-4186-8475-22e37588c05a@group-4A387C9B1A7D-SegmentedRaftLogWorker: created new log segment /data/metadata/ratis/d2e9fd61-89fb-4262-b249-4a387c9b1a7d/current/log_inprogress_0
datanode_2  | 2019-10-26 01:14:13,389 INFO impl.LeaderElection: 97288c93-2716-41b7-98f9-edc6f3f40fcd@group-094C9D0D85D2-LeaderElection2: begin an election at term 1 for -1: [55178b8a-f565-4803-8e02-b3583923592d:172.18.0.8:9858, d49b232b-bcfb-4186-8475-22e37588c05a:172.18.0.4:9858, 97288c93-2716-41b7-98f9-edc6f3f40fcd:172.18.0.7:9858], old=null
datanode_1  | 2019-10-26 01:14:13,368 INFO impl.FollowerState: d49b232b-bcfb-4186-8475-22e37588c05a@group-094C9D0D85D2-FollowerState: change to CANDIDATE, lastRpcTime:5075ms, electionTimeout:5075ms
datanode_2  | 2019-10-26 01:14:13,586 INFO impl.LeaderElection: 97288c93-2716-41b7-98f9-edc6f3f40fcd@group-094C9D0D85D2-LeaderElection2: Election REJECTED; received 2 response(s) [97288c93-2716-41b7-98f9-edc6f3f40fcd<-55178b8a-f565-4803-8e02-b3583923592d#0:FAIL-t1, 97288c93-2716-41b7-98f9-edc6f3f40fcd<-d49b232b-bcfb-4186-8475-22e37588c05a#0:FAIL-t1] and 0 exception(s); 97288c93-2716-41b7-98f9-edc6f3f40fcd@group-094C9D0D85D2:t1, leader=null, voted=97288c93-2716-41b7-98f9-edc6f3f40fcd, raftlog=97288c93-2716-41b7-98f9-edc6f3f40fcd@group-094C9D0D85D2-SegmentedRaftLog:OPENED:c-1,f-1,i0, conf=-1: [55178b8a-f565-4803-8e02-b3583923592d:172.18.0.8:9858, d49b232b-bcfb-4186-8475-22e37588c05a:172.18.0.4:9858, 97288c93-2716-41b7-98f9-edc6f3f40fcd:172.18.0.7:9858], old=null
datanode_1  | 2019-10-26 01:14:13,369 INFO impl.RoleInfo: d49b232b-bcfb-4186-8475-22e37588c05a: shutdown FollowerState
datanode_3  | 2019-10-26 01:14:13,660 INFO impl.RoleInfo: 55178b8a-f565-4803-8e02-b3583923592d: shutdown LeaderElection
datanode_2  | 2019-10-26 01:14:13,588 INFO impl.RaftServerImpl: 97288c93-2716-41b7-98f9-edc6f3f40fcd@group-094C9D0D85D2: changes role from CANDIDATE to FOLLOWER at term 1 for DISCOVERED_A_NEW_TERM
datanode_1  | 2019-10-26 01:14:13,369 INFO impl.RaftServerImpl: d49b232b-bcfb-4186-8475-22e37588c05a@group-094C9D0D85D2: changes role from  FOLLOWER to CANDIDATE at term 0 for changeToCandidate
datanode_3  | 2019-10-26 01:14:13,660 INFO impl.RoleInfo: 55178b8a-f565-4803-8e02-b3583923592d: start FollowerState
datanode_2  | 2019-10-26 01:14:13,588 INFO impl.RoleInfo: 97288c93-2716-41b7-98f9-edc6f3f40fcd: shutdown LeaderElection
datanode_1  | 2019-10-26 01:14:13,369 INFO impl.RoleInfo: d49b232b-bcfb-4186-8475-22e37588c05a: start LeaderElection
datanode_3  | 2019-10-26 01:14:18,683 INFO impl.RaftServerImpl: 55178b8a-f565-4803-8e02-b3583923592d@group-094C9D0D85D2: changes role from  FOLLOWER to FOLLOWER at term 2 for recognizeCandidate:d49b232b-bcfb-4186-8475-22e37588c05a
datanode_2  | 2019-10-26 01:14:13,588 INFO impl.RoleInfo: 97288c93-2716-41b7-98f9-edc6f3f40fcd: start FollowerState
datanode_1  | 2019-10-26 01:14:13,401 INFO impl.LeaderElection: d49b232b-bcfb-4186-8475-22e37588c05a@group-094C9D0D85D2-LeaderElection2: begin an election at term 1 for -1: [55178b8a-f565-4803-8e02-b3583923592d:172.18.0.8:9858, d49b232b-bcfb-4186-8475-22e37588c05a:172.18.0.4:9858, 97288c93-2716-41b7-98f9-edc6f3f40fcd:172.18.0.7:9858], old=null
datanode_3  | 2019-10-26 01:14:18,684 INFO impl.RoleInfo: 55178b8a-f565-4803-8e02-b3583923592d: shutdown FollowerState
datanode_2  | 2019-10-26 01:14:18,680 INFO impl.RaftServerImpl: 97288c93-2716-41b7-98f9-edc6f3f40fcd@group-094C9D0D85D2: changes role from  FOLLOWER to FOLLOWER at term 2 for recognizeCandidate:d49b232b-bcfb-4186-8475-22e37588c05a
datanode_1  | 2019-10-26 01:14:13,588 INFO impl.LeaderElection: d49b232b-bcfb-4186-8475-22e37588c05a@group-094C9D0D85D2-LeaderElection2: Election REJECTED; received 2 response(s) [d49b232b-bcfb-4186-8475-22e37588c05a<-55178b8a-f565-4803-8e02-b3583923592d#0:FAIL-t1, d49b232b-bcfb-4186-8475-22e37588c05a<-97288c93-2716-41b7-98f9-edc6f3f40fcd#0:FAIL-t1] and 0 exception(s); d49b232b-bcfb-4186-8475-22e37588c05a@group-094C9D0D85D2:t1, leader=null, voted=d49b232b-bcfb-4186-8475-22e37588c05a, raftlog=d49b232b-bcfb-4186-8475-22e37588c05a@group-094C9D0D85D2-SegmentedRaftLog:OPENED:c-1,f-1,i0, conf=-1: [55178b8a-f565-4803-8e02-b3583923592d:172.18.0.8:9858, d49b232b-bcfb-4186-8475-22e37588c05a:172.18.0.4:9858, 97288c93-2716-41b7-98f9-edc6f3f40fcd:172.18.0.7:9858], old=null
datanode_3  | 2019-10-26 01:14:18,684 INFO impl.FollowerState: 55178b8a-f565-4803-8e02-b3583923592d@group-094C9D0D85D2-FollowerState was interrupted: java.lang.InterruptedException: sleep interrupted
datanode_2  | 2019-10-26 01:14:18,681 INFO impl.RoleInfo: 97288c93-2716-41b7-98f9-edc6f3f40fcd: shutdown FollowerState
datanode_1  | 2019-10-26 01:14:13,589 INFO impl.RaftServerImpl: d49b232b-bcfb-4186-8475-22e37588c05a@group-094C9D0D85D2: changes role from CANDIDATE to FOLLOWER at term 1 for DISCOVERED_A_NEW_TERM
datanode_2  | 2019-10-26 01:14:18,681 INFO impl.RoleInfo: 97288c93-2716-41b7-98f9-edc6f3f40fcd: start FollowerState
datanode_3  | 2019-10-26 01:14:18,684 INFO impl.RoleInfo: 55178b8a-f565-4803-8e02-b3583923592d: start FollowerState
datanode_2  | 2019-10-26 01:14:18,681 INFO impl.FollowerState: 97288c93-2716-41b7-98f9-edc6f3f40fcd@group-094C9D0D85D2-FollowerState was interrupted: java.lang.InterruptedException: sleep interrupted
datanode_1  | 2019-10-26 01:14:13,589 INFO impl.RoleInfo: d49b232b-bcfb-4186-8475-22e37588c05a: shutdown LeaderElection
datanode_3  | 2019-10-26 01:14:18,793 INFO impl.RaftServerImpl: 55178b8a-f565-4803-8e02-b3583923592d@group-094C9D0D85D2: change Leader from null to d49b232b-bcfb-4186-8475-22e37588c05a at term 2 for appendEntries, leader elected after 10492ms
datanode_2  | 2019-10-26 01:14:18,789 INFO impl.RaftServerImpl: 97288c93-2716-41b7-98f9-edc6f3f40fcd@group-094C9D0D85D2: change Leader from null to d49b232b-bcfb-4186-8475-22e37588c05a at term 2 for appendEntries, leader elected after 10502ms
datanode_1  | 2019-10-26 01:14:13,590 INFO impl.RoleInfo: d49b232b-bcfb-4186-8475-22e37588c05a: start FollowerState
datanode_3  | 2019-10-26 01:14:18,811 INFO impl.RaftServerImpl: 55178b8a-f565-4803-8e02-b3583923592d@group-094C9D0D85D2: set configuration 0: [55178b8a-f565-4803-8e02-b3583923592d:172.18.0.8:9858, d49b232b-bcfb-4186-8475-22e37588c05a:172.18.0.4:9858, 97288c93-2716-41b7-98f9-edc6f3f40fcd:172.18.0.7:9858], old=null at 0
datanode_2  | 2019-10-26 01:14:18,810 INFO impl.RaftServerImpl: 97288c93-2716-41b7-98f9-edc6f3f40fcd@group-094C9D0D85D2: set configuration 0: [55178b8a-f565-4803-8e02-b3583923592d:172.18.0.8:9858, d49b232b-bcfb-4186-8475-22e37588c05a:172.18.0.4:9858, 97288c93-2716-41b7-98f9-edc6f3f40fcd:172.18.0.7:9858], old=null at 0
datanode_3  | 2019-10-26 01:14:18,811 INFO segmented.SegmentedRaftLogWorker: 55178b8a-f565-4803-8e02-b3583923592d@group-094C9D0D85D2-SegmentedRaftLogWorker: Starting segment from index:0
datanode_2  | 2019-10-26 01:14:18,810 INFO segmented.SegmentedRaftLogWorker: 97288c93-2716-41b7-98f9-edc6f3f40fcd@group-094C9D0D85D2-SegmentedRaftLogWorker: Starting segment from index:0
datanode_1  | 2019-10-26 01:14:18,642 INFO impl.FollowerState: d49b232b-bcfb-4186-8475-22e37588c05a@group-094C9D0D85D2-FollowerState: change to CANDIDATE, lastRpcTime:5052ms, electionTimeout:5052ms
datanode_3  | 2019-10-26 01:14:18,847 INFO segmented.SegmentedRaftLogWorker: 55178b8a-f565-4803-8e02-b3583923592d@group-094C9D0D85D2-SegmentedRaftLogWorker: created new log segment /data/metadata/ratis/59f74e1c-cc24-41c4-9618-094c9d0d85d2/current/log_inprogress_0
datanode_2  | 2019-10-26 01:14:18,847 INFO segmented.SegmentedRaftLogWorker: 97288c93-2716-41b7-98f9-edc6f3f40fcd@group-094C9D0D85D2-SegmentedRaftLogWorker: created new log segment /data/metadata/ratis/59f74e1c-cc24-41c4-9618-094c9d0d85d2/current/log_inprogress_0
datanode_1  | 2019-10-26 01:14:18,643 INFO impl.RoleInfo: d49b232b-bcfb-4186-8475-22e37588c05a: shutdown FollowerState
datanode_1  | 2019-10-26 01:14:18,643 INFO impl.RaftServerImpl: d49b232b-bcfb-4186-8475-22e37588c05a@group-094C9D0D85D2: changes role from  FOLLOWER to CANDIDATE at term 1 for changeToCandidate
datanode_1  | 2019-10-26 01:14:18,644 INFO impl.RoleInfo: d49b232b-bcfb-4186-8475-22e37588c05a: start LeaderElection
datanode_1  | 2019-10-26 01:14:18,653 INFO impl.LeaderElection: d49b232b-bcfb-4186-8475-22e37588c05a@group-094C9D0D85D2-LeaderElection3: begin an election at term 2 for -1: [55178b8a-f565-4803-8e02-b3583923592d:172.18.0.8:9858, d49b232b-bcfb-4186-8475-22e37588c05a:172.18.0.4:9858, 97288c93-2716-41b7-98f9-edc6f3f40fcd:172.18.0.7:9858], old=null
datanode_1  | 2019-10-26 01:14:18,712 INFO impl.LeaderElection: d49b232b-bcfb-4186-8475-22e37588c05a@group-094C9D0D85D2-LeaderElection3: Election PASSED; received 1 response(s) [d49b232b-bcfb-4186-8475-22e37588c05a<-55178b8a-f565-4803-8e02-b3583923592d#0:OK-t2] and 0 exception(s); d49b232b-bcfb-4186-8475-22e37588c05a@group-094C9D0D85D2:t2, leader=null, voted=d49b232b-bcfb-4186-8475-22e37588c05a, raftlog=d49b232b-bcfb-4186-8475-22e37588c05a@group-094C9D0D85D2-SegmentedRaftLog:OPENED:c-1,f-1,i0, conf=-1: [55178b8a-f565-4803-8e02-b3583923592d:172.18.0.8:9858, d49b232b-bcfb-4186-8475-22e37588c05a:172.18.0.4:9858, 97288c93-2716-41b7-98f9-edc6f3f40fcd:172.18.0.7:9858], old=null
datanode_1  | 2019-10-26 01:14:18,712 INFO impl.RoleInfo: d49b232b-bcfb-4186-8475-22e37588c05a: shutdown LeaderElection
datanode_1  | 2019-10-26 01:14:18,713 INFO impl.RaftServerImpl: d49b232b-bcfb-4186-8475-22e37588c05a@group-094C9D0D85D2: changes role from CANDIDATE to LEADER at term 2 for changeToLeader
datanode_1  | 2019-10-26 01:14:18,714 INFO impl.RaftServerImpl: d49b232b-bcfb-4186-8475-22e37588c05a@group-094C9D0D85D2: change Leader from null to d49b232b-bcfb-4186-8475-22e37588c05a at term 2 for becomeLeader, leader elected after 10426ms
datanode_1  | 2019-10-26 01:14:18,714 INFO server.RaftServerConfigKeys: raft.server.staging.catchup.gap = 1000 (default)
datanode_1  | 2019-10-26 01:14:18,714 INFO server.RaftServerConfigKeys: raft.server.rpc.sleep.time = 25ms (default)
datanode_1  | 2019-10-26 01:14:18,714 INFO server.RaftServerConfigKeys: raft.server.write.element-limit = 4096 (default)
datanode_1  | 2019-10-26 01:14:18,714 INFO server.RaftServerConfigKeys: raft.server.watch.timeout = 10s (default)
datanode_1  | 2019-10-26 01:14:18,714 INFO server.RaftServerConfigKeys: raft.server.watch.timeout.denomination = 1s (default)
datanode_1  | 2019-10-26 01:14:18,714 INFO server.RaftServerConfigKeys: raft.server.watch.element-limit = 65536 (default)
datanode_1  | 2019-10-26 01:14:18,717 INFO server.RaftServerConfigKeys: raft.server.log.appender.snapshot.chunk.size.max = 16MB (=16777216) (default)
datanode_1  | 2019-10-26 01:14:18,717 INFO server.RaftServerConfigKeys: raft.server.log.appender.buffer.byte-limit = 33554432 (custom)
datanode_1  | 2019-10-26 01:14:18,718 INFO server.RaftServerConfigKeys: raft.server.log.appender.buffer.element-limit = 1 (custom)
datanode_1  | 2019-10-26 01:14:18,720 INFO grpc.GrpcConfigKeys$Server: raft.grpc.server.leader.outstanding.appends.max = 128 (default)
datanode_1  | 2019-10-26 01:14:18,721 INFO server.RaftServerConfigKeys: raft.server.rpc.request.timeout = 3000ms (default)
datanode_1  | 2019-10-26 01:14:18,721 INFO server.RaftServerConfigKeys: raft.server.log.appender.install.snapshot.enabled = false (custom)
datanode_1  | 2019-10-26 01:14:18,722 WARN impl.MetricRegistriesImpl: First MetricRegistry has been created without registering reporters. You may need to call MetricRegistries.global().addReportRegistration(...) before.
datanode_1  | 2019-10-26 01:14:18,723 INFO server.RaftServerConfigKeys: raft.server.log.appender.snapshot.chunk.size.max = 16MB (=16777216) (default)
datanode_1  | 2019-10-26 01:14:18,723 INFO server.RaftServerConfigKeys: raft.server.log.appender.buffer.byte-limit = 33554432 (custom)
datanode_1  | 2019-10-26 01:14:18,724 INFO server.RaftServerConfigKeys: raft.server.log.appender.buffer.element-limit = 1 (custom)
datanode_1  | 2019-10-26 01:14:18,724 INFO grpc.GrpcConfigKeys$Server: raft.grpc.server.leader.outstanding.appends.max = 128 (default)
datanode_1  | 2019-10-26 01:14:18,724 INFO server.RaftServerConfigKeys: raft.server.rpc.request.timeout = 3000ms (default)
datanode_1  | 2019-10-26 01:14:18,724 INFO server.RaftServerConfigKeys: raft.server.log.appender.install.snapshot.enabled = false (custom)
datanode_1  | 2019-10-26 01:14:18,727 INFO impl.RoleInfo: d49b232b-bcfb-4186-8475-22e37588c05a: start LeaderState
datanode_1  | 2019-10-26 01:14:18,727 INFO segmented.SegmentedRaftLogWorker: d49b232b-bcfb-4186-8475-22e37588c05a@group-094C9D0D85D2-SegmentedRaftLogWorker: Starting segment from index:0
datanode_1  | 2019-10-26 01:14:18,729 INFO impl.RaftServerImpl: d49b232b-bcfb-4186-8475-22e37588c05a@group-094C9D0D85D2: set configuration 0: [55178b8a-f565-4803-8e02-b3583923592d:172.18.0.8:9858, d49b232b-bcfb-4186-8475-22e37588c05a:172.18.0.4:9858, 97288c93-2716-41b7-98f9-edc6f3f40fcd:172.18.0.7:9858], old=null at 0
datanode_1  | 2019-10-26 01:14:18,782 INFO segmented.SegmentedRaftLogWorker: d49b232b-bcfb-4186-8475-22e37588c05a@group-094C9D0D85D2-SegmentedRaftLogWorker: created new log segment /data/metadata/ratis/59f74e1c-cc24-41c4-9618-094c9d0d85d2/current/log_inprogress_0
