datanode_1  | 2019-11-04 22:14:19,709 INFO storage.RaftStorageDirectory: The storage directory /data/metadata/ratis/21dfe27f-d79a-440a-9689-9d7683c62106 does not exist. Creating ...
nm_1        | 2019-11-04 22:14:09 INFO  ShuffleHandler:549 - mapreduce_shuffle listening on port 13562
datanode_3  | 2019-11-04 22:14:19,117 INFO storage.RaftStorageDirectory: The storage directory /data/metadata/ratis/01fd2eb9-2fc8-42bc-b3e9-5a77378e3cdc does not exist. Creating ...
om_1        | 2019-11-04 22:14:21,850 INFO ipc.Server: Starting Socket Reader #1 for port 9862
rm_1        | rackLocalityAdditionalDelay = -1
scm_1       | 2019-11-04 22:14:14,317 INFO impl.MetricsConfig: Loaded properties from hadoop-metrics2.properties
datanode_2  | 2019-11-04 22:14:18,630 INFO server.RaftServerConfigKeys: raft.server.log.queue.byte-limit = 2147483647 (custom)
datanode_1  | 2019-11-04 22:14:19,728 INFO storage.RaftStorageDirectory: Lock on /data/metadata/ratis/21dfe27f-d79a-440a-9689-9d7683c62106/in_use.lock acquired by nodename 7@f8d08c69ee5a
nm_1        | 2019-11-04 22:14:09 INFO  ContainerManagerImpl:666 - ContainerManager started at nm/172.18.0.2:37635
datanode_3  | 2019-11-04 22:14:19,137 INFO storage.RaftStorageDirectory: Lock on /data/metadata/ratis/01fd2eb9-2fc8-42bc-b3e9-5a77378e3cdc/in_use.lock acquired by nodename 7@9f97068c2521
om_1        | 2019-11-04 22:14:21,881 INFO om.OzoneManager: OzoneManager RPC server is listening at om/172.18.0.6:9862
rm_1        | labels=*,
scm_1       | 2019-11-04 22:14:14,350 INFO impl.MetricsSystemImpl: Scheduled Metric snapshot period at 10 second(s).
datanode_2  | 2019-11-04 22:14:18,630 INFO server.RaftServerConfigKeys: raft.server.log.queue.element-limit = 1024 (custom)
datanode_1  | 2019-11-04 22:14:19,743 INFO storage.RaftStorage: Storage directory /data/metadata/ratis/21dfe27f-d79a-440a-9689-9d7683c62106 has been successfully formatted.
nm_1        | 2019-11-04 22:14:09 INFO  ContainerManagerImpl:667 - ContainerManager bound to 0.0.0.0/0.0.0.0:0
datanode_3  | 2019-11-04 22:14:19,154 INFO storage.RaftStorage: Storage directory /data/metadata/ratis/01fd2eb9-2fc8-42bc-b3e9-5a77378e3cdc has been successfully formatted.
om_1        | 2019-11-04 22:14:21,951 INFO impl.MetricsConfig: Loaded properties from hadoop-metrics2.properties
nm_1        | 2019-11-04 22:14:09 WARN  NMLogAggregationStatusTracker:96 - Log Aggregation is disabled.So is the LogAggregationStatusTracker.
scm_1       | 2019-11-04 22:14:14,350 INFO impl.MetricsSystemImpl: StorageContainerManager metrics system started
datanode_2  | 2019-11-04 22:14:18,632 INFO server.RaftServerConfigKeys: raft.server.log.segment.size.max = 1048576 (custom)
datanode_1  | 2019-11-04 22:14:19,748 INFO ratis.ContainerStateMachine: group-9D7683C62106: The snapshot info is null. Setting the last applied indexto:(t:0, i:~)
rm_1        | reservationsContinueLooking = true
om_1        | 2019-11-04 22:14:21,991 INFO impl.MetricsSystemImpl: Scheduled Metric snapshot period at 10 second(s).
nm_1        | 2019-11-04 22:14:09 INFO  WebServer:99 - Instantiating NMWebApp at 0.0.0.0:8042
scm_1       | 2019-11-04 22:14:14,538 INFO server.SCMClientProtocolServer: RPC server for Client  is listening at /0.0.0.0:9860
datanode_2  | 2019-11-04 22:14:18,632 INFO server.RaftServerConfigKeys: raft.server.log.preallocated.size = 16384 (custom)
datanode_3  | 2019-11-04 22:14:19,159 INFO ratis.ContainerStateMachine: group-5A77378E3CDC: The snapshot info is null. Setting the last applied indexto:(t:0, i:~)
datanode_1  | 2019-11-04 22:14:19,748 INFO server.RaftServerConfigKeys: raft.server.notification.no-leader.timeout = 120s (custom)
rm_1        | preemptionDisabled = true
om_1        | 2019-11-04 22:14:21,992 INFO impl.MetricsSystemImpl: OzoneManager metrics system started
nm_1        | 2019-11-04 22:14:09 INFO  log:192 - Logging initialized @2723ms
scm_1       | 2019-11-04 22:14:14,539 INFO ipc.Server: IPC Server Responder: starting
datanode_2  | 2019-11-04 22:14:18,632 INFO server.RaftServerConfigKeys: raft.server.log.write.buffer.size = 33554432 (custom)
datanode_3  | 2019-11-04 22:14:19,159 INFO server.RaftServerConfigKeys: raft.server.notification.no-leader.timeout = 120s (custom)
datanode_1  | 2019-11-04 22:14:19,751 INFO server.RaftServerConfigKeys: raft.server.log.use.memory = false (default)
rm_1        | defaultAppPriorityPerQueue = 0
om_1        | 2019-11-04 22:14:22,043 INFO ipc.Server: IPC Server Responder: starting
nm_1        | 2019-11-04 22:14:09 INFO  AuthenticationFilter:240 - Unable to initialize FileSignerSecretProvider, falling back to use random secrets.
scm_1       | 2019-11-04 22:14:14,539 INFO ipc.Server: IPC Server listener on 9860: starting
datanode_2  | 2019-11-04 22:14:18,633 INFO server.RaftServerConfigKeys: raft.server.log.force.sync.num = 128 (default)
om_1        | 2019-11-04 22:14:22,045 INFO ipc.Server: IPC Server listener on 9862: starting
datanode_3  | 2019-11-04 22:14:19,162 INFO server.RaftServerConfigKeys: raft.server.log.use.memory = false (default)
nm_1        | 2019-11-04 22:14:09 INFO  HttpRequestLog:81 - Http request log for http.requests.nodemanager is not defined
datanode_2  | 2019-11-04 22:14:18,634 INFO server.RaftServerConfigKeys: raft.server.log.statemachine.data.sync = true (default)
rm_1        | priority = 0
om_1        | 2019-11-04 22:14:22,080 INFO hdfs.DFSUtil: Starting Web-server for ozoneManager at: http://0.0.0.0:9874
scm_1       | 2019-11-04 22:14:14,543 INFO server.StorageContainerManager: ScmBlockLocationProtocol RPC server is listening at /0.0.0.0:9863
datanode_1  | 2019-11-04 22:14:19,756 INFO server.RaftServerConfigKeys: raft.server.log.purge.gap = 1000000 (custom)
datanode_3  | 2019-11-04 22:14:19,168 INFO server.RaftServerConfigKeys: raft.server.log.purge.gap = 1000000 (custom)
nm_1        | 2019-11-04 22:14:09 INFO  HttpServer2:975 - Added global filter 'safety' (class=org.apache.hadoop.http.HttpServer2$QuotingInputFilter)
datanode_2  | 2019-11-04 22:14:18,634 INFO server.RaftServerConfigKeys: raft.server.log.statemachine.data.sync.timeout = 10s (default)
rm_1        | maxLifetime = -1 seconds
om_1        | 2019-11-04 22:14:22,199 INFO server.AuthenticationFilter: Unable to initialize FileSignerSecretProvider, falling back to use random secrets.
scm_1       | 2019-11-04 22:14:14,544 INFO server.SCMBlockProtocolServer: RPC server for Block Protocol is listening at /0.0.0.0:9863
datanode_1  | 2019-11-04 22:14:19,757 INFO server.RaftServerConfigKeys: raft.server.log.appender.buffer.byte-limit = 33554432 (custom)
datanode_3  | 2019-11-04 22:14:19,168 INFO server.RaftServerConfigKeys: raft.server.log.appender.buffer.byte-limit = 33554432 (custom)
nm_1        | 2019-11-04 22:14:09 INFO  HttpServer2:948 - Added filter static_user_filter (class=org.apache.hadoop.http.lib.StaticUserWebFilter$StaticUserFilter) to context node
rm_1        | defaultLifetime = -1 seconds
scm_1       | 2019-11-04 22:14:14,544 INFO ipc.Server: IPC Server Responder: starting
om_1        | 2019-11-04 22:14:22,203 INFO http.HttpRequestLog: Http request log for http.requests.ozoneManager is not defined
datanode_2  | 2019-11-04 22:14:18,634 INFO server.RaftServerConfigKeys: raft.server.log.statemachine.data.sync.timeout.retry = -1 (default)
datanode_1  | 2019-11-04 22:14:19,759 INFO server.RaftServerConfigKeys: raft.server.log.segment.size.max = 1048576 (custom)
datanode_3  | 2019-11-04 22:14:19,171 INFO server.RaftServerConfigKeys: raft.server.log.segment.size.max = 1048576 (custom)
nm_1        | 2019-11-04 22:14:09 INFO  HttpServer2:958 - Added filter static_user_filter (class=org.apache.hadoop.http.lib.StaticUserWebFilter$StaticUserFilter) to context logs
scm_1       | 2019-11-04 22:14:14,544 INFO ipc.Server: IPC Server listener on 9863: starting
om_1        | 2019-11-04 22:14:22,214 INFO http.HttpServer2: Added global filter 'safety' (class=org.apache.hadoop.http.HttpServer2$QuotingInputFilter)
datanode_2  | 2019-11-04 22:14:18,643 INFO server.RaftServerConfigKeys: raft.server.log.statemachine.data.caching.enabled = true (custom)
datanode_1  | 2019-11-04 22:14:19,765 INFO metrics.MetricRegistries: Loaded MetricRegistries class org.apache.ratis.metrics.impl.MetricRegistriesImpl
datanode_3  | 2019-11-04 22:14:19,177 INFO metrics.MetricRegistries: Loaded MetricRegistries class org.apache.ratis.metrics.impl.MetricRegistriesImpl
rm_1        | 2019-11-04 22:14:08 INFO  CapacitySchedulerQueueManager:298 - Initialized queue: default: capacity=1.0, absoluteCapacity=1.0, usedResources=<memory:0, vCores:0>, usedCapacity=0.0, absoluteUsedCapacity=0.0, numApps=0, numContainers=0, effectiveMinResource=<memory:0, vCores:0> , effectiveMaxResource=<memory:0, vCores:0>
nm_1        | 2019-11-04 22:14:09 INFO  HttpServer2:958 - Added filter static_user_filter (class=org.apache.hadoop.http.lib.StaticUserWebFilter$StaticUserFilter) to context static
scm_1       | 2019-11-04 22:14:14,548 INFO server.StorageContainerManager: ScmDatanodeProtocl RPC server is listening at /0.0.0.0:9861
om_1        | 2019-11-04 22:14:22,217 INFO http.HttpServer2: Added filter static_user_filter (class=org.apache.hadoop.http.lib.StaticUserWebFilter$StaticUserFilter) to context ozoneManager
datanode_2  | 2019-11-04 22:14:18,648 INFO segmented.SegmentedRaftLogWorker: 40d8fc85-daac-45d6-99bc-2e9fdecfb406@group-EF88D570041E-SegmentedRaftLogWorker: flushIndex: setUnconditionally 0 -> -1
datanode_1  | 2019-11-04 22:14:19,768 WARN impl.MetricRegistriesImpl: First MetricRegistry has been created without registering reporters. You may need to call MetricRegistries.global().addReportRegistration(...) before.
datanode_3  | 2019-11-04 22:14:19,181 WARN impl.MetricRegistriesImpl: First MetricRegistry has been created without registering reporters. You may need to call MetricRegistries.global().addReportRegistration(...) before.
rm_1        | 2019-11-04 22:14:08 INFO  CapacitySchedulerQueueManager:298 - Initialized queue: root: numChildQueue= 1, capacity=1.0, absoluteCapacity=1.0, usedResources=<memory:0, vCores:0>usedCapacity=0.0, numApps=0, numContainers=0
nm_1        | 2019-11-04 22:14:09 INFO  HttpServer2:948 - Added filter authentication (class=org.apache.hadoop.security.authentication.server.AuthenticationFilter) to context node
scm_1       | 2019-11-04 22:14:14,548 INFO server.SCMDatanodeProtocolServer: RPC server for DataNodes is listening at /0.0.0.0:9861
om_1        | 2019-11-04 22:14:22,217 INFO http.HttpServer2: Added filter static_user_filter (class=org.apache.hadoop.http.lib.StaticUserWebFilter$StaticUserFilter) to context logs
datanode_2  | 2019-11-04 22:14:18,654 INFO server.RaftServerConfigKeys: raft.server.snapshot.auto.trigger.enabled = true (custom)
datanode_1  | 2019-11-04 22:14:19,774 INFO server.RaftServerConfigKeys: raft.server.log.segment.cache.num.max = 2 (custom)
datanode_3  | 2019-11-04 22:14:19,187 INFO server.RaftServerConfigKeys: raft.server.log.segment.cache.num.max = 2 (custom)
nm_1        | 2019-11-04 22:14:09 INFO  HttpServer2:958 - Added filter authentication (class=org.apache.hadoop.security.authentication.server.AuthenticationFilter) to context logs
rm_1        | 2019-11-04 22:14:08 INFO  CapacitySchedulerQueueManager:163 - Initialized root queue root: numChildQueue= 1, capacity=1.0, absoluteCapacity=1.0, usedResources=<memory:0, vCores:0>usedCapacity=0.0, numApps=0, numContainers=0
scm_1       | 2019-11-04 22:14:14,549 INFO ipc.Server: IPC Server Responder: starting
om_1        | 2019-11-04 22:14:22,217 INFO http.HttpServer2: Added filter static_user_filter (class=org.apache.hadoop.http.lib.StaticUserWebFilter$StaticUserFilter) to context static
datanode_2  | 2019-11-04 22:14:18,655 INFO server.RaftServerConfigKeys: raft.server.snapshot.auto.trigger.threshold = 10000 (custom)
datanode_1  | 2019-11-04 22:14:19,779 INFO segmented.SegmentedRaftLogWorker: new 3f99ad6c-5953-4b76-9aa3-9a95d2321c37@group-9D7683C62106-SegmentedRaftLogWorker for RaftStorage:Storage Directory /data/metadata/ratis/21dfe27f-d79a-440a-9689-9d7683c62106
datanode_3  | 2019-11-04 22:14:19,194 INFO segmented.SegmentedRaftLogWorker: new d9f166da-d8c5-463c-a1e3-d36a4f8e4c56@group-5A77378E3CDC-SegmentedRaftLogWorker for RaftStorage:Storage Directory /data/metadata/ratis/01fd2eb9-2fc8-42bc-b3e9-5a77378e3cdc
nm_1        | 2019-11-04 22:14:09 INFO  HttpServer2:958 - Added filter authentication (class=org.apache.hadoop.security.authentication.server.AuthenticationFilter) to context static
rm_1        | 2019-11-04 22:14:08 INFO  UserGroupMappingPlacementRule:237 - Initialized queue mappings, override: false
scm_1       | 2019-11-04 22:14:14,549 INFO ipc.Server: IPC Server listener on 9861: starting
om_1        | 2019-11-04 22:14:22,245 INFO http.HttpServer2: Jetty bound to port 9874
datanode_2  | 2019-11-04 22:14:18,655 INFO server.RaftServerConfigKeys: raft.server.snapshot.retention.file.num = 5 (custom)
datanode_1  | 2019-11-04 22:14:19,779 INFO server.RaftServerConfigKeys: raft.server.log.queue.byte-limit = 2147483647 (custom)
datanode_3  | 2019-11-04 22:14:19,194 INFO server.RaftServerConfigKeys: raft.server.log.queue.byte-limit = 2147483647 (custom)
nm_1        | 2019-11-04 22:14:09 INFO  HttpServer2:613 - adding path spec: /node/*
rm_1        | 2019-11-04 22:14:08 INFO  MultiNodeSortingManager:104 - MultiNode scheduling is 'false', and configured policies are 
scm_1       | 2019-11-04 22:14:14,555 INFO http.HttpServer2: Jetty bound to port 9876
datanode_2  | 2019-11-04 22:14:18,656 INFO server.RaftServerConfigKeys: raft.server.retrycache.expirytime = 600000ms (custom)
om_1        | 2019-11-04 22:14:22,246 INFO server.Server: jetty-9.3.25.v20180904, build timestamp: 2018-09-04T21:11:46Z, git hash: 3ce520221d0240229c862b122d2b06c12a625732
datanode_1  | 2019-11-04 22:14:19,779 INFO server.RaftServerConfigKeys: raft.server.log.queue.element-limit = 1024 (custom)
datanode_3  | 2019-11-04 22:14:19,195 INFO server.RaftServerConfigKeys: raft.server.log.queue.element-limit = 1024 (custom)
nm_1        | 2019-11-04 22:14:09 INFO  HttpServer2:613 - adding path spec: /ws/*
rm_1        | 2019-11-04 22:14:08 INFO  CapacityScheduler:408 - Initialized CapacityScheduler with calculator=class org.apache.hadoop.yarn.util.resource.DefaultResourceCalculator, minimumAllocation=<<memory:1024, vCores:1>>, maximumAllocation=<<memory:8192, vCores:4>>, asynchronousScheduling=false, asyncScheduleInterval=5ms,multiNodePlacementEnabled=false
scm_1       | 2019-11-04 22:14:14,557 INFO server.Server: jetty-9.3.25.v20180904, build timestamp: 2018-09-04T21:11:46Z, git hash: 3ce520221d0240229c862b122d2b06c12a625732
datanode_2  | 2019-11-04 22:14:18,678 WARN impl.MetricRegistriesImpl: First MetricRegistry has been created without registering reporters. You may need to call MetricRegistries.global().addReportRegistration(...) before.
om_1        | 2019-11-04 22:14:22,280 INFO handler.ContextHandler: Started o.e.j.s.ServletContextHandler@1507c3c3{/logs,file:///var/log/hadoop/,AVAILABLE}
datanode_1  | 2019-11-04 22:14:19,780 INFO server.RaftServerConfigKeys: raft.server.log.segment.size.max = 1048576 (custom)
datanode_3  | 2019-11-04 22:14:19,196 INFO server.RaftServerConfigKeys: raft.server.log.segment.size.max = 1048576 (custom)
nm_1        | 2019-11-04 22:14:10 INFO  WebApps:395 - Registered webapp guice modules
rm_1        | 2019-11-04 22:14:08 INFO  Configuration:2752 - dynamic-resources.xml not found
scm_1       | 2019-11-04 22:14:14,589 INFO handler.ContextHandler: Started o.e.j.s.ServletContextHandler@3051e0b2{/logs,file:///var/log/hadoop/,AVAILABLE}
datanode_2  | 2019-11-04 22:14:18,681 WARN impl.MetricRegistriesImpl: First MetricRegistry has been created without registering reporters. You may need to call MetricRegistries.global().addReportRegistration(...) before.
om_1        | 2019-11-04 22:14:22,281 INFO handler.ContextHandler: Started o.e.j.s.ServletContextHandler@78e17a99{/static,jar:file:/opt/hadoop/share/ozone/lib/hadoop-ozone-ozone-manager-0.5.0-SNAPSHOT.jar!/webapps/static,AVAILABLE}
datanode_3  | 2019-11-04 22:14:19,197 INFO server.RaftServerConfigKeys: raft.server.log.preallocated.size = 16384 (custom)
datanode_1  | 2019-11-04 22:14:19,781 INFO server.RaftServerConfigKeys: raft.server.log.preallocated.size = 16384 (custom)
nm_1        | 2019-11-04 22:14:10 INFO  HttpServer2:1191 - Jetty bound to port 8042
rm_1        | 2019-11-04 22:14:08 INFO  AMSProcessingChain:62 - Initializing AMS Processing chain. Root Processor=[org.apache.hadoop.yarn.server.resourcemanager.DefaultAMSProcessor].
scm_1       | 2019-11-04 22:14:14,590 INFO handler.ContextHandler: Started o.e.j.s.ServletContextHandler@2d5f7182{/static,jar:file:/opt/hadoop/share/ozone/lib/hadoop-hdds-server-scm-0.5.0-SNAPSHOT.jar!/webapps/static,AVAILABLE}
datanode_2  | 2019-11-04 22:14:18,683 INFO impl.RaftServerImpl: 40d8fc85-daac-45d6-99bc-2e9fdecfb406@group-EF88D570041E: start as a follower, conf=-1: [40d8fc85-daac-45d6-99bc-2e9fdecfb406:172.18.0.8:9858], old=null
om_1        | 2019-11-04 22:14:22,363 INFO handler.ContextHandler: Started o.e.j.w.WebAppContext@6ca372ef{/,file:///tmp/jetty-0.0.0.0-9874-ozoneManager-_-any-7940996651026071044.dir/webapp/,AVAILABLE}{/ozoneManager}
datanode_3  | 2019-11-04 22:14:19,197 INFO server.RaftServerConfigKeys: raft.server.log.write.buffer.size = 33554432 (custom)
datanode_1  | 2019-11-04 22:14:19,781 INFO server.RaftServerConfigKeys: raft.server.log.write.buffer.size = 33554432 (custom)
nm_1        | 2019-11-04 22:14:10 INFO  Server:351 - jetty-9.3.24.v20180605, build timestamp: 2018-06-05T17:11:56Z, git hash: 84205aa28f11a4f31f2a3b86d1bba2cc8ab69827
rm_1        | 2019-11-04 22:14:08 INFO  ApplicationMasterService:129 - disabled placement handler will be used, all scheduling requests will be rejected.
scm_1       | 2019-11-04 22:14:14,662 INFO handler.ContextHandler: Started o.e.j.w.WebAppContext@1e0895f5{/,file:///tmp/jetty-0.0.0.0-9876-scm-_-any-7012982334118597093.dir/webapp/,AVAILABLE}{/scm}
datanode_2  | 2019-11-04 22:14:18,684 INFO impl.RaftServerImpl: 40d8fc85-daac-45d6-99bc-2e9fdecfb406@group-EF88D570041E: changes role from      null to FOLLOWER at term 0 for startAsFollower
om_1        | 2019-11-04 22:14:22,369 INFO server.AbstractConnector: Started ServerConnector@58fa5769{HTTP/1.1,[http/1.1]}{0.0.0.0:9874}
datanode_3  | 2019-11-04 22:14:19,198 INFO server.RaftServerConfigKeys: raft.server.log.force.sync.num = 128 (default)
datanode_1  | 2019-11-04 22:14:19,782 INFO server.RaftServerConfigKeys: raft.server.log.force.sync.num = 128 (default)
nm_1        | 2019-11-04 22:14:10 INFO  AuthenticationFilter:240 - Unable to initialize FileSignerSecretProvider, falling back to use random secrets.
rm_1        | 2019-11-04 22:14:08 INFO  AMSProcessingChain:75 - Adding [org.apache.hadoop.yarn.server.resourcemanager.scheduler.constraint.processor.DisabledPlacementProcessor] tp top of AMS Processing chain. 
scm_1       | 2019-11-04 22:14:14,667 INFO server.AbstractConnector: Started ServerConnector@20cece0b{HTTP/1.1,[http/1.1]}{0.0.0.0:9876}
om_1        | 2019-11-04 22:14:22,369 INFO server.Server: Started @3733ms
datanode_2  | 2019-11-04 22:14:18,685 INFO impl.RoleInfo: 40d8fc85-daac-45d6-99bc-2e9fdecfb406: start FollowerState
datanode_3  | 2019-11-04 22:14:19,199 INFO server.RaftServerConfigKeys: raft.server.log.statemachine.data.sync = true (default)
nm_1        | 2019-11-04 22:14:10 INFO  ContextHandler:781 - Started o.e.j.s.ServletContextHandler@1ae67cad{/logs,file:///opt/hadoop/logs/,AVAILABLE}
rm_1        | 2019-11-04 22:14:08 INFO  ResourceManager:579 - TimelineServicePublisher is not configured
datanode_1  | 2019-11-04 22:14:19,782 INFO server.RaftServerConfigKeys: raft.server.log.statemachine.data.sync = true (default)
scm_1       | 2019-11-04 22:14:14,667 INFO server.Server: Started @3713ms
om_1        | 2019-11-04 22:14:22,374 INFO impl.MetricsSinkAdapter: Sink prometheus started
datanode_2  | 2019-11-04 22:14:18,691 INFO util.JmxRegister: Successfully registered JMX Bean with object name Ratis:service=RaftServer,group=group-EF88D570041E,id=40d8fc85-daac-45d6-99bc-2e9fdecfb406
datanode_3  | 2019-11-04 22:14:19,199 INFO server.RaftServerConfigKeys: raft.server.log.statemachine.data.sync.timeout = 10s (default)
nm_1        | 2019-11-04 22:14:10 INFO  ContextHandler:781 - Started o.e.j.s.ServletContextHandler@18cebaa5{/static,jar:file:/opt/hadoop/share/hadoop/yarn/hadoop-yarn-common-3.2.0.jar!/webapps/static,AVAILABLE}
rm_1        | 2019-11-04 22:14:08 INFO  log:192 - Logging initialized @1746ms
datanode_1  | 2019-11-04 22:14:19,782 INFO server.RaftServerConfigKeys: raft.server.log.statemachine.data.sync.timeout = 10s (default)
om_1        | 2019-11-04 22:14:22,374 INFO impl.MetricsSystemImpl: Registered sink prometheus
datanode_2  | 2019-11-04 22:14:18,693 WARN impl.MetricRegistriesImpl: First MetricRegistry has been created without registering reporters. You may need to call MetricRegistries.global().addReportRegistration(...) before.
datanode_3  | 2019-11-04 22:14:19,200 INFO server.RaftServerConfigKeys: raft.server.log.statemachine.data.sync.timeout.retry = -1 (default)
nm_1        | Nov 04, 2019 10:14:10 PM com.sun.jersey.guice.spi.container.GuiceComponentProviderFactory register
rm_1        | 2019-11-04 22:14:08 INFO  AuthenticationFilter:240 - Unable to initialize FileSignerSecretProvider, falling back to use random secrets.
scm_1       | 2019-11-04 22:14:14,671 INFO impl.MetricsSinkAdapter: Sink prometheus started
datanode_1  | 2019-11-04 22:14:19,783 INFO server.RaftServerConfigKeys: raft.server.log.statemachine.data.sync.timeout.retry = -1 (default)
om_1        | 2019-11-04 22:14:22,378 INFO server.BaseHttpServer: HTTP server of OZONEMANAGER is listening at http://0.0.0.0:9874
datanode_2  | 2019-11-04 22:14:19,919 INFO impl.RaftServerProxy: 40d8fc85-daac-45d6-99bc-2e9fdecfb406: addNew group-24508C6A03A8:[40d8fc85-daac-45d6-99bc-2e9fdecfb406:172.18.0.8:9858, d9f166da-d8c5-463c-a1e3-d36a4f8e4c56:172.18.0.9:9858, 3f99ad6c-5953-4b76-9aa3-9a95d2321c37:172.18.0.5:9858] returns group-24508C6A03A8:java.util.concurrent.CompletableFuture@5a8419e9[Not completed]
datanode_3  | 2019-11-04 22:14:19,210 INFO server.RaftServerConfigKeys: raft.server.log.statemachine.data.caching.enabled = true (custom)
nm_1        | INFO: Registering org.apache.hadoop.yarn.server.nodemanager.webapp.NMWebServices as a root resource class
scm_1       | 2019-11-04 22:14:14,671 INFO impl.MetricsSystemImpl: Registered sink prometheus
rm_1        | 2019-11-04 22:14:08 INFO  HttpRequestLog:81 - Http request log for http.requests.resourcemanager is not defined
om_1        | 2019-11-04 22:14:41,949 INFO volume.OMVolumeCreateRequest: created volume:vol1 for user:hadoop
datanode_1  | 2019-11-04 22:14:19,791 INFO server.RaftServerConfigKeys: raft.server.log.statemachine.data.caching.enabled = true (custom)
datanode_2  | 2019-11-04 22:14:19,921 INFO impl.RaftServerImpl: 40d8fc85-daac-45d6-99bc-2e9fdecfb406: new RaftServerImpl for group-24508C6A03A8:[40d8fc85-daac-45d6-99bc-2e9fdecfb406:172.18.0.8:9858, d9f166da-d8c5-463c-a1e3-d36a4f8e4c56:172.18.0.9:9858, 3f99ad6c-5953-4b76-9aa3-9a95d2321c37:172.18.0.5:9858] with ContainerStateMachine:uninitialized
datanode_3  | 2019-11-04 22:14:19,215 INFO segmented.SegmentedRaftLogWorker: d9f166da-d8c5-463c-a1e3-d36a4f8e4c56@group-5A77378E3CDC-SegmentedRaftLogWorker: flushIndex: setUnconditionally 0 -> -1
nm_1        | Nov 04, 2019 10:14:10 PM com.sun.jersey.guice.spi.container.GuiceComponentProviderFactory register
scm_1       | 2019-11-04 22:14:14,673 INFO server.BaseHttpServer: HTTP server of SCM is listening at http://0.0.0.0:9876
rm_1        | 2019-11-04 22:14:08 INFO  HttpServer2:975 - Added global filter 'safety' (class=org.apache.hadoop.http.HttpServer2$QuotingInputFilter)
datanode_1  | 2019-11-04 22:14:19,795 INFO segmented.SegmentedRaftLogWorker: 3f99ad6c-5953-4b76-9aa3-9a95d2321c37@group-9D7683C62106-SegmentedRaftLogWorker: flushIndex: setUnconditionally 0 -> -1
datanode_2  | 2019-11-04 22:14:19,922 INFO server.RaftServerConfigKeys: raft.server.rpc.timeout.min = 5s (custom)
datanode_3  | 2019-11-04 22:14:19,220 INFO server.RaftServerConfigKeys: raft.server.snapshot.auto.trigger.enabled = true (custom)
nm_1        | INFO: Registering org.apache.hadoop.yarn.webapp.GenericExceptionHandler as a provider class
scm_1       | 2019-11-04 22:14:14,682 INFO util.JvmPauseMonitor: Starting JVM pause monitor
rm_1        | 2019-11-04 22:14:08 INFO  HttpServer2:948 - Added filter RMAuthenticationFilter (class=org.apache.hadoop.yarn.server.security.http.RMAuthenticationFilter) to context cluster
datanode_1  | 2019-11-04 22:14:19,799 INFO server.RaftServerConfigKeys: raft.server.snapshot.auto.trigger.enabled = true (custom)
datanode_2  | 2019-11-04 22:14:19,922 INFO server.RaftServerConfigKeys: raft.server.rpc.timeout.max = 5200ms (custom)
datanode_3  | 2019-11-04 22:14:19,221 INFO server.RaftServerConfigKeys: raft.server.snapshot.auto.trigger.threshold = 10000 (custom)
nm_1        | Nov 04, 2019 10:14:10 PM com.sun.jersey.guice.spi.container.GuiceComponentProviderFactory register
scm_1       | 2019-11-04 22:14:16,965 INFO net.NetworkTopology: Added a new node: /default-rack/40d8fc85-daac-45d6-99bc-2e9fdecfb406
rm_1        | 2019-11-04 22:14:08 INFO  HttpServer2:958 - Added filter RMAuthenticationFilter (class=org.apache.hadoop.yarn.server.security.http.RMAuthenticationFilter) to context static
datanode_1  | 2019-11-04 22:14:19,799 INFO server.RaftServerConfigKeys: raft.server.snapshot.auto.trigger.threshold = 10000 (custom)
datanode_2  | 2019-11-04 22:14:19,922 INFO server.RaftServerConfigKeys: raft.server.rpcslowness.timeout = 120s (custom)
datanode_3  | 2019-11-04 22:14:19,221 INFO server.RaftServerConfigKeys: raft.server.snapshot.retention.file.num = 5 (custom)
nm_1        | INFO: Registering org.apache.hadoop.yarn.server.nodemanager.webapp.JAXBContextResolver as a provider class
scm_1       | 2019-11-04 22:14:16,966 INFO node.SCMNodeManager: Registered Data node : 40d8fc85-daac-45d6-99bc-2e9fdecfb406{ip: 172.18.0.8, host: hadoop32_datanode_2.hadoop32_default, networkLocation: /default-rack, certSerialId: null}
rm_1        | 2019-11-04 22:14:08 INFO  HttpServer2:958 - Added filter RMAuthenticationFilter (class=org.apache.hadoop.yarn.server.security.http.RMAuthenticationFilter) to context logs
datanode_1  | 2019-11-04 22:14:19,800 INFO server.RaftServerConfigKeys: raft.server.snapshot.retention.file.num = 5 (custom)
datanode_2  | 2019-11-04 22:14:19,922 INFO server.RaftServerConfigKeys: raft.server.sleep.deviation.threshold = 300 (default)
datanode_3  | 2019-11-04 22:14:19,222 INFO server.RaftServerConfigKeys: raft.server.retrycache.expirytime = 600000ms (custom)
nm_1        | Nov 04, 2019 10:14:10 PM com.sun.jersey.server.impl.application.WebApplicationImpl _initiate
scm_1       | 2019-11-04 22:14:16,972 INFO safemode.SCMSafeModeManager: SCM in safe mode. 1 DataNodes registered, 1 required.
rm_1        | 2019-11-04 22:14:08 INFO  HttpServer2:948 - Added filter static_user_filter (class=org.apache.hadoop.http.lib.StaticUserWebFilter$StaticUserFilter) to context cluster
datanode_1  | 2019-11-04 22:14:19,800 INFO server.RaftServerConfigKeys: raft.server.retrycache.expirytime = 600000ms (custom)
datanode_2  | 2019-11-04 22:14:19,922 INFO server.RaftServerConfigKeys: raft.server.log.appender.install.snapshot.enabled = false (custom)
datanode_3  | 2019-11-04 22:14:19,240 WARN impl.MetricRegistriesImpl: First MetricRegistry has been created without registering reporters. You may need to call MetricRegistries.global().addReportRegistration(...) before.
nm_1        | INFO: Initiating Jersey application, version 'Jersey: 1.19 02/11/2015 03:25 AM'
rm_1        | 2019-11-04 22:14:08 INFO  HttpServer2:958 - Added filter static_user_filter (class=org.apache.hadoop.http.lib.StaticUserWebFilter$StaticUserFilter) to context static
datanode_1  | 2019-11-04 22:14:19,815 WARN impl.MetricRegistriesImpl: First MetricRegistry has been created without registering reporters. You may need to call MetricRegistries.global().addReportRegistration(...) before.
scm_1       | 2019-11-04 22:14:16,973 INFO safemode.SCMSafeModeManager: ScmSafeModeManager, all rules are successfully validated
datanode_2  | 2019-11-04 22:14:19,922 INFO impl.RaftServerImpl: 40d8fc85-daac-45d6-99bc-2e9fdecfb406@group-24508C6A03A8: ConfigurationManager, init=-1: [40d8fc85-daac-45d6-99bc-2e9fdecfb406:172.18.0.8:9858, d9f166da-d8c5-463c-a1e3-d36a4f8e4c56:172.18.0.9:9858, 3f99ad6c-5953-4b76-9aa3-9a95d2321c37:172.18.0.5:9858], old=null, confs=<EMPTY_MAP>
datanode_3  | 2019-11-04 22:14:19,242 WARN impl.MetricRegistriesImpl: First MetricRegistry has been created without registering reporters. You may need to call MetricRegistries.global().addReportRegistration(...) before.
nm_1        | Nov 04, 2019 10:14:10 PM com.sun.jersey.guice.spi.container.GuiceComponentProviderFactory getComponentProvider
rm_1        | 2019-11-04 22:14:08 INFO  HttpServer2:958 - Added filter static_user_filter (class=org.apache.hadoop.http.lib.StaticUserWebFilter$StaticUserFilter) to context logs
datanode_1  | 2019-11-04 22:14:19,817 WARN impl.MetricRegistriesImpl: First MetricRegistry has been created without registering reporters. You may need to call MetricRegistries.global().addReportRegistration(...) before.
scm_1       | 2019-11-04 22:14:16,973 INFO safemode.SCMSafeModeManager: SCM exiting safe mode.
datanode_2  | 2019-11-04 22:14:19,922 INFO server.RaftServerConfigKeys: raft.server.storage.dir = [/data/metadata/ratis] (custom)
datanode_3  | 2019-11-04 22:14:19,244 INFO impl.RaftServerImpl: d9f166da-d8c5-463c-a1e3-d36a4f8e4c56@group-5A77378E3CDC: start as a follower, conf=-1: [d9f166da-d8c5-463c-a1e3-d36a4f8e4c56:172.18.0.9:9858], old=null
nm_1        | INFO: Binding org.apache.hadoop.yarn.server.nodemanager.webapp.JAXBContextResolver to GuiceManagedComponentProvider with the scope "Singleton"
rm_1        | 2019-11-04 22:14:08 INFO  HttpServer2:613 - adding path spec: /cluster/*
datanode_1  | 2019-11-04 22:14:19,818 INFO impl.RaftServerImpl: 3f99ad6c-5953-4b76-9aa3-9a95d2321c37@group-9D7683C62106: start as a follower, conf=-1: [3f99ad6c-5953-4b76-9aa3-9a95d2321c37:172.18.0.5:9858], old=null
scm_1       | 2019-11-04 22:14:17,092 INFO net.NetworkTopology: Added a new node: /default-rack/d9f166da-d8c5-463c-a1e3-d36a4f8e4c56
datanode_2  | 2019-11-04 22:14:19,922 INFO server.RaftServerConfigKeys: raft.server.log.corruption.policy = EXCEPTION (default)
datanode_3  | 2019-11-04 22:14:19,245 INFO impl.RaftServerImpl: d9f166da-d8c5-463c-a1e3-d36a4f8e4c56@group-5A77378E3CDC: changes role from      null to FOLLOWER at term 0 for startAsFollower
nm_1        | Nov 04, 2019 10:14:11 PM com.sun.jersey.guice.spi.container.GuiceComponentProviderFactory getComponentProvider
rm_1        | 2019-11-04 22:14:08 INFO  HttpServer2:613 - adding path spec: /ws/*
datanode_1  | 2019-11-04 22:14:19,819 INFO impl.RaftServerImpl: 3f99ad6c-5953-4b76-9aa3-9a95d2321c37@group-9D7683C62106: changes role from      null to FOLLOWER at term 0 for startAsFollower
scm_1       | 2019-11-04 22:14:17,093 INFO node.SCMNodeManager: Registered Data node : d9f166da-d8c5-463c-a1e3-d36a4f8e4c56{ip: 172.18.0.9, host: hadoop32_datanode_3.hadoop32_default, networkLocation: /default-rack, certSerialId: null}
datanode_2  | 2019-11-04 22:14:19,923 INFO storage.RaftStorageDirectory: The storage directory /data/metadata/ratis/b0a77cad-7c94-4587-a9eb-24508c6a03a8 does not exist. Creating ...
datanode_3  | 2019-11-04 22:14:19,246 INFO impl.RoleInfo: d9f166da-d8c5-463c-a1e3-d36a4f8e4c56: start FollowerState
nm_1        | INFO: Binding org.apache.hadoop.yarn.webapp.GenericExceptionHandler to GuiceManagedComponentProvider with the scope "Singleton"
rm_1        | 2019-11-04 22:14:08 INFO  HttpServer2:613 - adding path spec: /app/*
datanode_1  | 2019-11-04 22:14:19,820 INFO impl.RoleInfo: 3f99ad6c-5953-4b76-9aa3-9a95d2321c37: start FollowerState
scm_1       | 2019-11-04 22:14:17,447 INFO net.NetworkTopology: Added a new node: /default-rack/3f99ad6c-5953-4b76-9aa3-9a95d2321c37
datanode_2  | 2019-11-04 22:14:19,939 INFO storage.RaftStorageDirectory: Lock on /data/metadata/ratis/b0a77cad-7c94-4587-a9eb-24508c6a03a8/in_use.lock acquired by nodename 7@ba3c48e37f33
datanode_3  | 2019-11-04 22:14:19,251 INFO util.JmxRegister: Successfully registered JMX Bean with object name Ratis:service=RaftServer,group=group-5A77378E3CDC,id=d9f166da-d8c5-463c-a1e3-d36a4f8e4c56
nm_1        | Nov 04, 2019 10:14:11 PM com.sun.jersey.guice.spi.container.GuiceComponentProviderFactory getComponentProvider
rm_1        | 2019-11-04 22:14:09 INFO  WebApps:395 - Registered webapp guice modules
datanode_1  | 2019-11-04 22:14:19,824 INFO util.JmxRegister: Successfully registered JMX Bean with object name Ratis:service=RaftServer,group=group-9D7683C62106,id=3f99ad6c-5953-4b76-9aa3-9a95d2321c37
scm_1       | 2019-11-04 22:14:17,447 INFO node.SCMNodeManager: Registered Data node : 3f99ad6c-5953-4b76-9aa3-9a95d2321c37{ip: 172.18.0.5, host: hadoop32_datanode_1.hadoop32_default, networkLocation: /default-rack, certSerialId: null}
datanode_2  | 2019-11-04 22:14:19,954 INFO storage.RaftStorage: Storage directory /data/metadata/ratis/b0a77cad-7c94-4587-a9eb-24508c6a03a8 has been successfully formatted.
datanode_3  | 2019-11-04 22:14:19,253 WARN impl.MetricRegistriesImpl: First MetricRegistry has been created without registering reporters. You may need to call MetricRegistries.global().addReportRegistration(...) before.
nm_1        | INFO: Binding org.apache.hadoop.yarn.server.nodemanager.webapp.NMWebServices to GuiceManagedComponentProvider with the scope "Singleton"
rm_1        | 2019-11-04 22:14:09 INFO  HttpServer2:1191 - Jetty bound to port 8088
datanode_1  | 2019-11-04 22:14:19,825 WARN impl.MetricRegistriesImpl: First MetricRegistry has been created without registering reporters. You may need to call MetricRegistries.global().addReportRegistration(...) before.
scm_1       | WARNING: An illegal reflective access operation has occurred
datanode_2  | 2019-11-04 22:14:19,954 INFO ratis.ContainerStateMachine: group-24508C6A03A8: The snapshot info is null. Setting the last applied indexto:(t:0, i:~)
datanode_3  | 2019-11-04 22:14:19,919 INFO impl.RaftServerProxy: d9f166da-d8c5-463c-a1e3-d36a4f8e4c56: addNew group-24508C6A03A8:[40d8fc85-daac-45d6-99bc-2e9fdecfb406:172.18.0.8:9858, d9f166da-d8c5-463c-a1e3-d36a4f8e4c56:172.18.0.9:9858, 3f99ad6c-5953-4b76-9aa3-9a95d2321c37:172.18.0.5:9858] returns group-24508C6A03A8:java.util.concurrent.CompletableFuture@7ef54436[Not completed]
nm_1        | 2019-11-04 22:14:11 INFO  ContextHandler:781 - Started o.e.j.w.WebAppContext@732c9b5c{/,file:///tmp/jetty-0.0.0.0-8042-node-_-any-601532903473522649.dir/webapp/,AVAILABLE}{/node}
rm_1        | 2019-11-04 22:14:09 INFO  Server:351 - jetty-9.3.24.v20180605, build timestamp: 2018-06-05T17:11:56Z, git hash: 84205aa28f11a4f31f2a3b86d1bba2cc8ab69827
datanode_1  | 2019-11-04 22:14:19,904 INFO impl.RaftServerProxy: 3f99ad6c-5953-4b76-9aa3-9a95d2321c37: addNew group-24508C6A03A8:[40d8fc85-daac-45d6-99bc-2e9fdecfb406:172.18.0.8:9858, d9f166da-d8c5-463c-a1e3-d36a4f8e4c56:172.18.0.9:9858, 3f99ad6c-5953-4b76-9aa3-9a95d2321c37:172.18.0.5:9858] returns group-24508C6A03A8:java.util.concurrent.CompletableFuture@34a96b66[Not completed]
scm_1       | WARNING: Illegal reflective access by org.apache.ratis.thirdparty.com.google.protobuf.UnsafeUtil (file:/opt/hadoop/share/ozone/lib/ratis-thirdparty-misc-0.2.0.jar) to field java.nio.Buffer.address
datanode_2  | 2019-11-04 22:14:19,954 INFO server.RaftServerConfigKeys: raft.server.notification.no-leader.timeout = 120s (custom)
nm_1        | 2019-11-04 22:14:11 INFO  AbstractConnector:278 - Started ServerConnector@3130da2c{HTTP/1.1,[http/1.1]}{0.0.0.0:8042}
datanode_3  | 2019-11-04 22:14:19,922 INFO impl.RaftServerImpl: d9f166da-d8c5-463c-a1e3-d36a4f8e4c56: new RaftServerImpl for group-24508C6A03A8:[40d8fc85-daac-45d6-99bc-2e9fdecfb406:172.18.0.8:9858, d9f166da-d8c5-463c-a1e3-d36a4f8e4c56:172.18.0.9:9858, 3f99ad6c-5953-4b76-9aa3-9a95d2321c37:172.18.0.5:9858] with ContainerStateMachine:uninitialized
rm_1        | 2019-11-04 22:14:09 INFO  AuthenticationFilter:240 - Unable to initialize FileSignerSecretProvider, falling back to use random secrets.
datanode_1  | 2019-11-04 22:14:19,908 INFO impl.RaftServerImpl: 3f99ad6c-5953-4b76-9aa3-9a95d2321c37: new RaftServerImpl for group-24508C6A03A8:[40d8fc85-daac-45d6-99bc-2e9fdecfb406:172.18.0.8:9858, d9f166da-d8c5-463c-a1e3-d36a4f8e4c56:172.18.0.9:9858, 3f99ad6c-5953-4b76-9aa3-9a95d2321c37:172.18.0.5:9858] with ContainerStateMachine:uninitialized
scm_1       | WARNING: Please consider reporting this to the maintainers of org.apache.ratis.thirdparty.com.google.protobuf.UnsafeUtil
datanode_2  | 2019-11-04 22:14:19,955 INFO server.RaftServerConfigKeys: raft.server.log.use.memory = false (default)
datanode_3  | 2019-11-04 22:14:19,922 INFO server.RaftServerConfigKeys: raft.server.rpc.timeout.min = 5s (custom)
nm_1        | 2019-11-04 22:14:11 INFO  Server:419 - Started @4787ms
datanode_1  | 2019-11-04 22:14:19,909 INFO server.RaftServerConfigKeys: raft.server.rpc.timeout.min = 5s (custom)
rm_1        | 2019-11-04 22:14:09 INFO  AbstractDelegationTokenSecretManager:343 - Updating the current master key for generating delegation tokens
scm_1       | WARNING: Use --illegal-access=warn to enable warnings of further illegal reflective access operations
datanode_2  | 2019-11-04 22:14:19,955 INFO server.RaftServerConfigKeys: raft.server.log.purge.gap = 1000000 (custom)
datanode_3  | 2019-11-04 22:14:19,922 INFO server.RaftServerConfigKeys: raft.server.rpc.timeout.max = 5200ms (custom)
nm_1        | 2019-11-04 22:14:11 INFO  WebApps:440 - Web app node started at 8042
datanode_1  | 2019-11-04 22:14:19,909 INFO server.RaftServerConfigKeys: raft.server.rpc.timeout.max = 5200ms (custom)
rm_1        | 2019-11-04 22:14:09 INFO  AbstractDelegationTokenSecretManager:675 - Starting expired delegation token remover thread, tokenRemoverScanInterval=60 min(s)
scm_1       | WARNING: All illegal access operations will be denied in a future release
datanode_3  | 2019-11-04 22:14:19,922 INFO server.RaftServerConfigKeys: raft.server.rpcslowness.timeout = 120s (custom)
datanode_1  | 2019-11-04 22:14:19,909 INFO server.RaftServerConfigKeys: raft.server.rpcslowness.timeout = 120s (custom)
rm_1        | 2019-11-04 22:14:09 INFO  AbstractDelegationTokenSecretManager:343 - Updating the current master key for generating delegation tokens
scm_1       | 2019-11-04 22:14:18,791 INFO pipeline.PipelineStateManager: Created pipeline Pipeline[ Id: 7c7ddc42-aff1-49cc-820a-ef88d570041e, Nodes: 40d8fc85-daac-45d6-99bc-2e9fdecfb406{ip: 172.18.0.8, host: hadoop32_datanode_2.hadoop32_default, networkLocation: /default-rack, certSerialId: null}, Type:RATIS, Factor:ONE, State:OPEN]
datanode_3  | 2019-11-04 22:14:19,922 INFO server.RaftServerConfigKeys: raft.server.sleep.deviation.threshold = 300 (default)
datanode_2  | 2019-11-04 22:14:19,955 INFO server.RaftServerConfigKeys: raft.server.log.appender.buffer.byte-limit = 33554432 (custom)
nm_1        | 2019-11-04 22:14:11 INFO  NodeStatusUpdaterImpl:261 - Node ID assigned is : nm:37635
datanode_1  | 2019-11-04 22:14:19,909 INFO server.RaftServerConfigKeys: raft.server.sleep.deviation.threshold = 300 (default)
rm_1        | 2019-11-04 22:14:09 INFO  ContextHandler:781 - Started o.e.j.s.ServletContextHandler@3b79fd76{/logs,file:///opt/hadoop/logs/,AVAILABLE}
scm_1       | 2019-11-04 22:14:19,321 INFO pipeline.PipelineStateManager: Created pipeline Pipeline[ Id: 01fd2eb9-2fc8-42bc-b3e9-5a77378e3cdc, Nodes: d9f166da-d8c5-463c-a1e3-d36a4f8e4c56{ip: 172.18.0.9, host: hadoop32_datanode_3.hadoop32_default, networkLocation: /default-rack, certSerialId: null}, Type:RATIS, Factor:ONE, State:OPEN]
datanode_3  | 2019-11-04 22:14:19,922 INFO server.RaftServerConfigKeys: raft.server.log.appender.install.snapshot.enabled = false (custom)
nm_1        | 2019-11-04 22:14:11 INFO  JvmPauseMonitor:188 - Starting JVM pause monitor
datanode_1  | 2019-11-04 22:14:19,909 INFO server.RaftServerConfigKeys: raft.server.log.appender.install.snapshot.enabled = false (custom)
datanode_2  | 2019-11-04 22:14:19,955 INFO server.RaftServerConfigKeys: raft.server.log.segment.size.max = 1048576 (custom)
rm_1        | 2019-11-04 22:14:09 INFO  ContextHandler:781 - Started o.e.j.s.ServletContextHandler@6b6776cb{/static,jar:file:/opt/hadoop/share/hadoop/yarn/hadoop-yarn-common-3.2.0.jar!/webapps/static,AVAILABLE}
scm_1       | 2019-11-04 22:14:19,875 INFO pipeline.PipelineStateManager: Created pipeline Pipeline[ Id: 21dfe27f-d79a-440a-9689-9d7683c62106, Nodes: 3f99ad6c-5953-4b76-9aa3-9a95d2321c37{ip: 172.18.0.5, host: hadoop32_datanode_1.hadoop32_default, networkLocation: /default-rack, certSerialId: null}, Type:RATIS, Factor:ONE, State:OPEN]
datanode_3  | 2019-11-04 22:14:19,923 INFO impl.RaftServerImpl: d9f166da-d8c5-463c-a1e3-d36a4f8e4c56@group-24508C6A03A8: ConfigurationManager, init=-1: [40d8fc85-daac-45d6-99bc-2e9fdecfb406:172.18.0.8:9858, d9f166da-d8c5-463c-a1e3-d36a4f8e4c56:172.18.0.9:9858, 3f99ad6c-5953-4b76-9aa3-9a95d2321c37:172.18.0.5:9858], old=null, confs=<EMPTY_MAP>
nm_1        | 2019-11-04 22:14:11 INFO  RMProxy:133 - Connecting to ResourceManager at rm/172.18.0.3:8031
datanode_1  | 2019-11-04 22:14:19,909 INFO impl.RaftServerImpl: 3f99ad6c-5953-4b76-9aa3-9a95d2321c37@group-24508C6A03A8: ConfigurationManager, init=-1: [40d8fc85-daac-45d6-99bc-2e9fdecfb406:172.18.0.8:9858, d9f166da-d8c5-463c-a1e3-d36a4f8e4c56:172.18.0.9:9858, 3f99ad6c-5953-4b76-9aa3-9a95d2321c37:172.18.0.5:9858], old=null, confs=<EMPTY_MAP>
datanode_2  | 2019-11-04 22:14:19,955 INFO server.RaftServerConfigKeys: raft.server.log.segment.cache.num.max = 2 (custom)
rm_1        | Nov 04, 2019 10:14:09 PM com.sun.jersey.guice.spi.container.GuiceComponentProviderFactory register
datanode_3  | 2019-11-04 22:14:19,923 INFO server.RaftServerConfigKeys: raft.server.storage.dir = [/data/metadata/ratis] (custom)
nm_1        | 2019-11-04 22:14:11 INFO  NodeStatusUpdaterImpl:652 - Sending out 0 NM container statuses: []
datanode_1  | 2019-11-04 22:14:19,910 INFO server.RaftServerConfigKeys: raft.server.storage.dir = [/data/metadata/ratis] (custom)
datanode_2  | 2019-11-04 22:14:19,955 INFO segmented.SegmentedRaftLogWorker: new 40d8fc85-daac-45d6-99bc-2e9fdecfb406@group-24508C6A03A8-SegmentedRaftLogWorker for RaftStorage:Storage Directory /data/metadata/ratis/b0a77cad-7c94-4587-a9eb-24508c6a03a8
rm_1        | INFO: Registering org.apache.hadoop.yarn.server.resourcemanager.webapp.JAXBContextResolver as a provider class
datanode_3  | 2019-11-04 22:14:19,923 INFO server.RaftServerConfigKeys: raft.server.log.corruption.policy = EXCEPTION (default)
datanode_1  | 2019-11-04 22:14:19,910 INFO server.RaftServerConfigKeys: raft.server.log.corruption.policy = EXCEPTION (default)
nm_1        | 2019-11-04 22:14:11 INFO  NodeStatusUpdaterImpl:393 - Registering with RM using containers :[]
scm_1       | 2019-11-04 22:14:19,968 INFO pipeline.PipelineStateManager: Created pipeline Pipeline[ Id: b0a77cad-7c94-4587-a9eb-24508c6a03a8, Nodes: d9f166da-d8c5-463c-a1e3-d36a4f8e4c56{ip: 172.18.0.9, host: hadoop32_datanode_3.hadoop32_default, networkLocation: /default-rack, certSerialId: null}3f99ad6c-5953-4b76-9aa3-9a95d2321c37{ip: 172.18.0.5, host: hadoop32_datanode_1.hadoop32_default, networkLocation: /default-rack, certSerialId: null}40d8fc85-daac-45d6-99bc-2e9fdecfb406{ip: 172.18.0.8, host: hadoop32_datanode_2.hadoop32_default, networkLocation: /default-rack, certSerialId: null}, Type:RATIS, Factor:THREE, State:OPEN]
datanode_2  | 2019-11-04 22:14:19,955 INFO server.RaftServerConfigKeys: raft.server.log.queue.byte-limit = 2147483647 (custom)
rm_1        | Nov 04, 2019 10:14:09 PM com.sun.jersey.guice.spi.container.GuiceComponentProviderFactory register
datanode_3  | 2019-11-04 22:14:19,923 INFO storage.RaftStorageDirectory: The storage directory /data/metadata/ratis/b0a77cad-7c94-4587-a9eb-24508c6a03a8 does not exist. Creating ...
datanode_1  | 2019-11-04 22:14:19,910 INFO storage.RaftStorageDirectory: The storage directory /data/metadata/ratis/b0a77cad-7c94-4587-a9eb-24508c6a03a8 does not exist. Creating ...
nm_1        | 2019-11-04 22:14:12 INFO  Client:948 - Retrying connect to server: rm/172.18.0.3:8031. Already tried 0 time(s); retry policy is RetryUpToMaximumCountWithFixedSleep(maxRetries=10, sleepTime=1000 MILLISECONDS)
scm_1       | 2019-11-04 22:16:22,081 INFO server.SCMBlockProtocolServer: SCM is informed by OM to delete 11 blocks
datanode_2  | 2019-11-04 22:14:19,955 INFO server.RaftServerConfigKeys: raft.server.log.queue.element-limit = 1024 (custom)
rm_1        | INFO: Registering org.apache.hadoop.yarn.server.resourcemanager.webapp.RMWebServices as a root resource class
datanode_3  | 2019-11-04 22:14:19,939 INFO storage.RaftStorageDirectory: Lock on /data/metadata/ratis/b0a77cad-7c94-4587-a9eb-24508c6a03a8/in_use.lock acquired by nodename 7@9f97068c2521
datanode_1  | 2019-11-04 22:14:19,924 INFO storage.RaftStorageDirectory: Lock on /data/metadata/ratis/b0a77cad-7c94-4587-a9eb-24508c6a03a8/in_use.lock acquired by nodename 7@f8d08c69ee5a
nm_1        | 2019-11-04 22:14:13 INFO  NMContainerTokenSecretManager:143 - Rolling master-key for container-tokens, got key with id 1188839008
scm_1       | 2019-11-04 22:16:22,082 INFO block.BlockManagerImpl: Deleting blocks conID: 3 locID: 103081948914843653 bcsId: 0
datanode_2  | 2019-11-04 22:14:19,956 INFO server.RaftServerConfigKeys: raft.server.log.segment.size.max = 1048576 (custom)
rm_1        | Nov 04, 2019 10:14:09 PM com.sun.jersey.guice.spi.container.GuiceComponentProviderFactory register
datanode_3  | 2019-11-04 22:14:19,954 INFO storage.RaftStorage: Storage directory /data/metadata/ratis/b0a77cad-7c94-4587-a9eb-24508c6a03a8 has been successfully formatted.
datanode_1  | 2019-11-04 22:14:19,942 INFO storage.RaftStorage: Storage directory /data/metadata/ratis/b0a77cad-7c94-4587-a9eb-24508c6a03a8 has been successfully formatted.
scm_1       | 2019-11-04 22:16:22,092 INFO block.BlockManagerImpl: Deleting blocks conID: 1 locID: 103081948929785862 bcsId: 0
datanode_2  | 2019-11-04 22:14:19,956 INFO server.RaftServerConfigKeys: raft.server.log.preallocated.size = 16384 (custom)
rm_1        | INFO: Registering org.apache.hadoop.yarn.webapp.GenericExceptionHandler as a provider class
datanode_3  | 2019-11-04 22:14:19,954 INFO ratis.ContainerStateMachine: group-24508C6A03A8: The snapshot info is null. Setting the last applied indexto:(t:0, i:~)
nm_1        | 2019-11-04 22:14:13 INFO  NMTokenSecretManagerInNM:143 - Rolling master-key for container-tokens, got key with id -1934540111
datanode_1  | 2019-11-04 22:14:19,942 INFO ratis.ContainerStateMachine: group-24508C6A03A8: The snapshot info is null. Setting the last applied indexto:(t:0, i:~)
scm_1       | 2019-11-04 22:16:22,093 INFO block.BlockManagerImpl: Deleting blocks conID: 2 locID: 103081948936732679 bcsId: 0
datanode_2  | 2019-11-04 22:14:19,956 INFO server.RaftServerConfigKeys: raft.server.log.write.buffer.size = 33554432 (custom)
rm_1        | Nov 04, 2019 10:14:09 PM com.sun.jersey.server.impl.application.WebApplicationImpl _initiate
datanode_3  | 2019-11-04 22:14:19,954 INFO server.RaftServerConfigKeys: raft.server.notification.no-leader.timeout = 120s (custom)
nm_1        | 2019-11-04 22:14:13 INFO  NodeStatusUpdaterImpl:477 - Registered with ResourceManager as nm:37635 with total resource of <memory:8192, vCores:8>
datanode_1  | 2019-11-04 22:14:19,943 INFO server.RaftServerConfigKeys: raft.server.notification.no-leader.timeout = 120s (custom)
scm_1       | 2019-11-04 22:16:22,093 INFO block.BlockManagerImpl: Deleting blocks conID: 3 locID: 103081948944138248 bcsId: 0
datanode_2  | 2019-11-04 22:14:19,956 INFO server.RaftServerConfigKeys: raft.server.log.force.sync.num = 128 (default)
rm_1        | INFO: Initiating Jersey application, version 'Jersey: 1.19 02/11/2015 03:25 AM'
datanode_3  | 2019-11-04 22:14:19,955 INFO server.RaftServerConfigKeys: raft.server.log.use.memory = false (default)
nm_1        | 2019-11-04 22:15:16 INFO  Server:1849 - Auth successful for appattempt_1572905651664_0001_000001 (auth:SIMPLE)
datanode_1  | 2019-11-04 22:14:19,943 INFO server.RaftServerConfigKeys: raft.server.log.use.memory = false (default)
scm_1       | 2019-11-04 22:16:22,093 INFO block.BlockManagerImpl: Deleting blocks conID: 1 locID: 103081949695377417 bcsId: 0
datanode_2  | 2019-11-04 22:14:19,956 INFO server.RaftServerConfigKeys: raft.server.log.statemachine.data.sync = true (default)
rm_1        | Nov 04, 2019 10:14:09 PM com.sun.jersey.guice.spi.container.GuiceComponentProviderFactory getComponentProvider
datanode_3  | 2019-11-04 22:14:19,955 INFO server.RaftServerConfigKeys: raft.server.log.purge.gap = 1000000 (custom)
nm_1        | 2019-11-04 22:15:17 INFO  ContainerManagerImpl:1070 - Start request for container_1572905651664_0001_01_000001 by user hadoop
datanode_1  | 2019-11-04 22:14:19,943 INFO server.RaftServerConfigKeys: raft.server.log.purge.gap = 1000000 (custom)
scm_1       | 2019-11-04 22:16:22,094 INFO block.BlockManagerImpl: Deleting blocks conID: 2 locID: 103081949711826954 bcsId: 0
datanode_2  | 2019-11-04 22:14:19,956 INFO server.RaftServerConfigKeys: raft.server.log.statemachine.data.sync.timeout = 10s (default)
rm_1        | INFO: Binding org.apache.hadoop.yarn.server.resourcemanager.webapp.JAXBContextResolver to GuiceManagedComponentProvider with the scope "Singleton"
datanode_3  | 2019-11-04 22:14:19,955 INFO server.RaftServerConfigKeys: raft.server.log.appender.buffer.byte-limit = 33554432 (custom)
nm_1        | 2019-11-04 22:15:17 INFO  ContainerManagerImpl:1122 - Creating a new application reference for app application_1572905651664_0001
datanode_1  | 2019-11-04 22:14:19,943 INFO server.RaftServerConfigKeys: raft.server.log.appender.buffer.byte-limit = 33554432 (custom)
