datanode_3  | 2019-11-16 21:35:12,677 INFO segmented.SegmentedRaftLogWorker: 2028ad99-a54c-4cac-a57e-7313d0bf13e0@group-5D1F9BE73D51-SegmentedRaftLogWorker: created new log segment /data/metadata/ratis/a31f14cb-087f-42cf-9fde-5d1f9be73d51/current/log_inprogress_0
nm_1        | 2019-11-16 21:36:45 INFO  ContainerImpl:1135 - Container container_1573940089910_0001_01_000003 transitioned from KILLING to CONTAINER_CLEANEDUP_AFTER_KILL
rm_1        | 2019-11-16 21:36:15 INFO  CapacityScheduler:843 - Added Application Attempt appattempt_1573940089910_0001_000001 to scheduler from user hadoop in queue default
datanode_2  | 2019-11-16 21:35:12,491 INFO server.RaftServerConfigKeys: raft.server.rpc.sleep.time = 25ms (default)
nm_1        | 2019-11-16 21:36:45 INFO  NMAuditLogger:89 - USER=hadoop	OPERATION=Container Finished - Killed	TARGET=ContainerImpl	RESULT=SUCCESS	APPID=application_1573940089910_0001	CONTAINERID=container_1573940089910_0001_01_000003
rm_1        | 2019-11-16 21:36:15 INFO  RMAppAttemptImpl:815 - appattempt_1573940089910_0001_000001 State change from SUBMITTED to SCHEDULED
datanode_2  | 2019-11-16 21:35:12,491 INFO server.RaftServerConfigKeys: raft.server.write.element-limit = 4096 (default)
nm_1        | 2019-11-16 21:36:45 INFO  ContainerImpl:1135 - Container container_1573940089910_0001_01_000003 transitioned from CONTAINER_CLEANEDUP_AFTER_KILL to DONE
datanode_2  | 2019-11-16 21:35:12,492 INFO server.RaftServerConfigKeys: raft.server.watch.timeout = 10s (default)
rm_1        | 2019-11-16 21:36:16 INFO  RMContainerImpl:410 - container_1573940089910_0001_01_000001 Container Transitioned from NEW to ALLOCATED
datanode_2  | 2019-11-16 21:35:12,492 INFO server.RaftServerConfigKeys: raft.server.watch.timeout.denomination = 1s (default)
nm_1        | 2019-11-16 21:36:45 INFO  ApplicationImpl:347 - Removing container_1573940089910_0001_01_000003 from application application_1573940089910_0001
rm_1        | 2019-11-16 21:36:16 INFO  RMAuditLogger:116 - USER=hadoop	OPERATION=AM Allocated Container	TARGET=SchedulerApp	RESULT=SUCCESS	APPID=application_1573940089910_0001	CONTAINERID=container_1573940089910_0001_01_000001
datanode_2  | 2019-11-16 21:35:12,493 INFO server.RaftServerConfigKeys: raft.server.watch.element-limit = 65536 (default)
nm_1        | 2019-11-16 21:36:45 INFO  ContainersMonitorImpl:196 - Neither virutal-memory nor physical-memory monitoring is needed. Not running the monitor-thread
rm_1        | 2019-11-16 21:36:16 INFO  SchedulerNode:153 - Assigned container container_1573940089910_0001_01_000001 of capacity <memory:2048, vCores:1> on host nm:44100, which has 1 containers, <memory:2048, vCores:1> used and <memory:6144, vCores:7> available after allocation
datanode_2  | 2019-11-16 21:35:12,498 INFO server.RaftServerConfigKeys: raft.server.log.appender.snapshot.chunk.size.max = 16MB (=16777216) (default)
nm_1        | 2019-11-16 21:36:45 INFO  AuxServices:196 - Got event CONTAINER_STOP for appId application_1573940089910_0001
rm_1        | 2019-11-16 21:36:16 INFO  LeafQueue:1558 - assignedContainer application attempt=appattempt_1573940089910_0001_000001 container=Container: [ContainerId: container_1573940089910_0001_01_000001, NodeId: nm:44100, NodeHttpAddress: nm:8042, Resource: <memory:2048, vCores:1>, Priority: 0, Token: null, ] queue=default: capacity=1.0, absoluteCapacity=1.0, usedResources=<memory:0, vCores:0>, usedCapacity=0.0, absoluteUsedCapacity=0.0, numApps=1, numContainers=0 clusterResource=<memory:8192, vCores:8> type=OFF_SWITCH requestedPartition=
datanode_2  | 2019-11-16 21:35:12,498 INFO server.RaftServerConfigKeys: raft.server.log.appender.buffer.byte-limit = 33554432 (custom)
nm_1        | 2019-11-16 21:36:47 INFO  Server:1454 - Auth successful for appattempt_1573940089910_0001_000001 (auth:SIMPLE)
datanode_2  | 2019-11-16 21:35:12,499 INFO server.RaftServerConfigKeys: raft.server.log.appender.buffer.element-limit = 1 (custom)
rm_1        | 2019-11-16 21:36:16 INFO  ParentQueue:523 - Re-sorting assigned queue: root.default stats: default: capacity=1.0, absoluteCapacity=1.0, usedResources=<memory:2048, vCores:1>, usedCapacity=0.25, absoluteUsedCapacity=0.25, numApps=1, numContainers=1
nm_1        | 2019-11-16 21:36:47 INFO  ContainerManagerImpl:810 - Start request for container_1573940089910_0001_01_000004 by user hadoop
datanode_2  | 2019-11-16 21:35:12,503 INFO grpc.GrpcConfigKeys$Server: raft.grpc.server.leader.outstanding.appends.max = 128 (default)
rm_1        | 2019-11-16 21:36:16 INFO  ParentQueue:420 - assignedContainer queue=root usedCapacity=0.25 absoluteUsedCapacity=0.25 used=<memory:2048, vCores:1> cluster=<memory:8192, vCores:8>
nm_1        | 2019-11-16 21:36:47 INFO  NMAuditLogger:89 - USER=hadoop	IP=172.18.0.4	OPERATION=Start Container Request	TARGET=ContainerManageImpl	RESULT=SUCCESS	APPID=application_1573940089910_0001	CONTAINERID=container_1573940089910_0001_01_000004
datanode_2  | 2019-11-16 21:35:12,504 INFO server.RaftServerConfigKeys: raft.server.rpc.request.timeout = 3000ms (default)
rm_1        | 2019-11-16 21:36:16 INFO  NMTokenSecretManagerInRM:200 - Sending NMToken for nodeId : nm:44100 for container : container_1573940089910_0001_01_000001
nm_1        | 2019-11-16 21:36:47 INFO  ApplicationImpl:304 - Adding container_1573940089910_0001_01_000004 to application application_1573940089910_0001
datanode_2  | 2019-11-16 21:35:12,504 INFO server.RaftServerConfigKeys: raft.server.log.appender.install.snapshot.enabled = false (custom)
rm_1        | 2019-11-16 21:36:16 INFO  RMContainerImpl:410 - container_1573940089910_0001_01_000001 Container Transitioned from ALLOCATED to ACQUIRED
nm_1        | 2019-11-16 21:36:47 INFO  ContainerImpl:1135 - Container container_1573940089910_0001_01_000004 transitioned from NEW to LOCALIZING
rm_1        | 2019-11-16 21:36:16 INFO  NMTokenSecretManagerInRM:146 - Clear node set for appattempt_1573940089910_0001_000001
datanode_2  | 2019-11-16 21:35:12,506 WARN impl.MetricRegistriesImpl: First MetricRegistry has been created without registering reporters. You may need to call MetricRegistries.global().addReportRegistration(...) before.
rm_1        | 2019-11-16 21:36:16 INFO  RMAppAttemptImpl:1924 - Storing attempt: AppId: application_1573940089910_0001 AttemptId: appattempt_1573940089910_0001_000001 MasterContainer: Container: [ContainerId: container_1573940089910_0001_01_000001, NodeId: nm:44100, NodeHttpAddress: nm:8042, Resource: <memory:2048, vCores:1>, Priority: 0, Token: Token { kind: ContainerToken, service: 172.18.0.4:44100 }, ]
nm_1        | 2019-11-16 21:36:47 INFO  AuxServices:196 - Got event CONTAINER_INIT for appId application_1573940089910_0001
datanode_2  | 2019-11-16 21:35:12,508 INFO server.RaftServerConfigKeys: raft.server.log.appender.snapshot.chunk.size.max = 16MB (=16777216) (default)
rm_1        | 2019-11-16 21:36:16 INFO  RMAppAttemptImpl:815 - appattempt_1573940089910_0001_000001 State change from SCHEDULED to ALLOCATED_SAVING
nm_1        | 2019-11-16 21:36:47 INFO  AuxServices:196 - Got event APPLICATION_INIT for appId application_1573940089910_0001
datanode_2  | 2019-11-16 21:35:12,508 INFO server.RaftServerConfigKeys: raft.server.log.appender.buffer.byte-limit = 33554432 (custom)
rm_1        | 2019-11-16 21:36:16 INFO  RMAppAttemptImpl:815 - appattempt_1573940089910_0001_000001 State change from ALLOCATED_SAVING to ALLOCATED
nm_1        | 2019-11-16 21:36:47 INFO  AuxServices:200 - Got APPLICATION_INIT for service mapreduce_shuffle
datanode_2  | 2019-11-16 21:35:12,508 INFO server.RaftServerConfigKeys: raft.server.log.appender.buffer.element-limit = 1 (custom)
rm_1        | 2019-11-16 21:36:16 INFO  AMLauncher:249 - Launching masterappattempt_1573940089910_0001_000001
nm_1        | 2019-11-16 21:36:47 INFO  ShuffleHandler:677 - Added token for job_1573940089910_0001
rm_1        | 2019-11-16 21:36:16 INFO  AMLauncher:105 - Setting up container Container: [ContainerId: container_1573940089910_0001_01_000001, NodeId: nm:44100, NodeHttpAddress: nm:8042, Resource: <memory:2048, vCores:1>, Priority: 0, Token: Token { kind: ContainerToken, service: 172.18.0.4:44100 }, ] for AM appattempt_1573940089910_0001_000001
nm_1        | 2019-11-16 21:36:47 INFO  ContainerImpl:1135 - Container container_1573940089910_0001_01_000004 transitioned from LOCALIZING to LOCALIZED
rm_1        | 2019-11-16 21:36:16 INFO  AMLauncher:187 - Command to launch container container_1573940089910_0001_01_000001 : $JAVA_HOME/bin/java -Djava.io.tmpdir=$PWD/tmp -Dlog4j.configuration=container-log4j.properties -Dyarn.app.container.log.dir=<LOG_DIR> -Dyarn.app.container.log.filesize=0 -Dhadoop.root.logger=INFO,CLA -Dhadoop.root.logfile=syslog  -Xmx1024m org.apache.hadoop.mapreduce.v2.app.MRAppMaster 1><LOG_DIR>/stdout 2><LOG_DIR>/stderr 
datanode_2  | 2019-11-16 21:35:12,508 INFO grpc.GrpcConfigKeys$Server: raft.grpc.server.leader.outstanding.appends.max = 128 (default)
rm_1        | 2019-11-16 21:36:16 INFO  AMRMTokenSecretManager:195 - Create AMRMToken for ApplicationAttempt: appattempt_1573940089910_0001_000001
nm_1        | 2019-11-16 21:36:47 INFO  ContainerImpl:1135 - Container container_1573940089910_0001_01_000004 transitioned from LOCALIZED to RUNNING
datanode_2  | 2019-11-16 21:35:12,508 INFO server.RaftServerConfigKeys: raft.server.rpc.request.timeout = 3000ms (default)
rm_1        | 2019-11-16 21:36:16 INFO  AMRMTokenSecretManager:307 - Creating password for appattempt_1573940089910_0001_000001
nm_1        | 2019-11-16 21:36:47 INFO  ContainersMonitorImpl:196 - Neither virutal-memory nor physical-memory monitoring is needed. Not running the monitor-thread
datanode_2  | 2019-11-16 21:35:12,509 INFO server.RaftServerConfigKeys: raft.server.log.appender.install.snapshot.enabled = false (custom)
rm_1        | 2019-11-16 21:36:16 INFO  AMLauncher:126 - Done launching container Container: [ContainerId: container_1573940089910_0001_01_000001, NodeId: nm:44100, NodeHttpAddress: nm:8042, Resource: <memory:2048, vCores:1>, Priority: 0, Token: Token { kind: ContainerToken, service: 172.18.0.4:44100 }, ] for AM appattempt_1573940089910_0001_000001
nm_1        | 2019-11-16 21:36:47 INFO  DefaultContainerExecutor:268 - launchContainer: [bash, /tmp/hadoop-hadoop/nm-local-dir/usercache/hadoop/appcache/application_1573940089910_0001/container_1573940089910_0001_01_000004/default_container_executor.sh]
datanode_2  | 2019-11-16 21:35:12,514 INFO impl.RoleInfo: 0811f558-9e5e-471c-abf7-3c5749484a49: start LeaderState
rm_1        | 2019-11-16 21:36:16 INFO  RMAppAttemptImpl:815 - appattempt_1573940089910_0001_000001 State change from ALLOCATED to LAUNCHED
datanode_2  | 2019-11-16 21:35:12,514 INFO segmented.SegmentedRaftLogWorker: 0811f558-9e5e-471c-abf7-3c5749484a49@group-5D1F9BE73D51-SegmentedRaftLogWorker: Starting segment from index:0
nm_1        | 2019-11-16 21:36:47 INFO  NodeStatusUpdaterImpl:490 - Removed completed containers from NM context: [container_1573940089910_0001_01_000003]
datanode_2  | 2019-11-16 21:35:12,516 INFO impl.RaftServerImpl: 0811f558-9e5e-471c-abf7-3c5749484a49@group-5D1F9BE73D51: set configuration 0: [2028ad99-a54c-4cac-a57e-7313d0bf13e0:172.18.0.8:9858, 0811f558-9e5e-471c-abf7-3c5749484a49:172.18.0.7:9858, 40cbf6a4-7843-46cb-bf63-c78bc93712da:172.18.0.9:9858], old=null at 0
rm_1        | 2019-11-16 21:36:17 INFO  RMContainerImpl:410 - container_1573940089910_0001_01_000001 Container Transitioned from ACQUIRED to RUNNING
nm_1        | 2019-11-16 21:36:51 INFO  Server:1454 - Auth successful for appattempt_1573940089910_0001_000001 (auth:SIMPLE)
datanode_2  | 2019-11-16 21:35:12,562 INFO segmented.SegmentedRaftLogWorker: 0811f558-9e5e-471c-abf7-3c5749484a49@group-5D1F9BE73D51-SegmentedRaftLogWorker: created new log segment /data/metadata/ratis/a31f14cb-087f-42cf-9fde-5d1f9be73d51/current/log_inprogress_0
rm_1        | 2019-11-16 21:36:32 INFO  Server:1454 - Auth successful for appattempt_1573940089910_0001_000001 (auth:SIMPLE)
nm_1        | 2019-11-16 21:36:51 INFO  ContainerManagerImpl:960 - Stopping container with container Id: container_1573940089910_0001_01_000004
datanode_2  | 2019-11-16 21:35:42,522 WARN client.GrpcClientProtocolService: 0-OrderedRequestStreamObserver0: onError: org.apache.ratis.thirdparty.io.grpc.StatusRuntimeException: CANCELLED: cancelled before receiving half close
nm_1        | 2019-11-16 21:36:51 INFO  NMAuditLogger:89 - USER=hadoop	IP=172.18.0.4	OPERATION=Stop Container Request	TARGET=ContainerManageImpl	RESULT=SUCCESS	APPID=application_1573940089910_0001	CONTAINERID=container_1573940089910_0001_01_000004
datanode_2  | 2019-11-16 21:35:42,522 WARN client.GrpcClientProtocolService: 1-UnorderedRequestStreamObserver1: onError: org.apache.ratis.thirdparty.io.grpc.StatusRuntimeException: CANCELLED: cancelled before receiving half close
rm_1        | 2019-11-16 21:36:32 INFO  ApplicationMasterService:274 - AM registration appattempt_1573940089910_0001_000001
nm_1        | 2019-11-16 21:36:51 INFO  ContainerImpl:1135 - Container container_1573940089910_0001_01_000004 transitioned from RUNNING to KILLING
rm_1        | 2019-11-16 21:36:32 INFO  RMAuditLogger:137 - USER=hadoop	IP=172.18.0.4	OPERATION=Register App Master	TARGET=ApplicationMasterService	RESULT=SUCCESS	APPID=application_1573940089910_0001	APPATTEMPTID=appattempt_1573940089910_0001_000001
nm_1        | 2019-11-16 21:36:51 INFO  ContainerLaunch:370 - Cleaning up container container_1573940089910_0001_01_000004
rm_1        | 2019-11-16 21:36:32 INFO  RMAppAttemptImpl:815 - appattempt_1573940089910_0001_000001 State change from LAUNCHED to RUNNING
nm_1        | 2019-11-16 21:36:51 WARN  DefaultContainerExecutor:224 - Exit code from container container_1573940089910_0001_01_000004 is : 143
rm_1        | 2019-11-16 21:36:32 INFO  RMAppImpl:718 - application_1573940089910_0001 State change from ACCEPTED to RUNNING on event=ATTEMPT_REGISTERED
nm_1        | 2019-11-16 21:36:51 INFO  ContainerImpl:1135 - Container container_1573940089910_0001_01_000004 transitioned from KILLING to CONTAINER_CLEANEDUP_AFTER_KILL
rm_1        | 2019-11-16 21:36:35 INFO  RMContainerImpl:410 - container_1573940089910_0001_01_000002 Container Transitioned from NEW to ALLOCATED
nm_1        | 2019-11-16 21:36:51 INFO  NMAuditLogger:89 - USER=hadoop	OPERATION=Container Finished - Killed	TARGET=ContainerImpl	RESULT=SUCCESS	APPID=application_1573940089910_0001	CONTAINERID=container_1573940089910_0001_01_000004
rm_1        | 2019-11-16 21:36:35 INFO  RMAuditLogger:116 - USER=hadoop	OPERATION=AM Allocated Container	TARGET=SchedulerApp	RESULT=SUCCESS	APPID=application_1573940089910_0001	CONTAINERID=container_1573940089910_0001_01_000002
nm_1        | 2019-11-16 21:36:51 INFO  ContainerImpl:1135 - Container container_1573940089910_0001_01_000004 transitioned from CONTAINER_CLEANEDUP_AFTER_KILL to DONE
rm_1        | 2019-11-16 21:36:35 INFO  SchedulerNode:153 - Assigned container container_1573940089910_0001_01_000002 of capacity <memory:4096, vCores:1> on host nm:44100, which has 2 containers, <memory:6144, vCores:2> used and <memory:2048, vCores:6> available after allocation
nm_1        | 2019-11-16 21:36:51 INFO  ApplicationImpl:347 - Removing container_1573940089910_0001_01_000004 from application application_1573940089910_0001
rm_1        | 2019-11-16 21:36:35 INFO  LeafQueue:1558 - assignedContainer application attempt=appattempt_1573940089910_0001_000001 container=Container: [ContainerId: container_1573940089910_0001_01_000002, NodeId: nm:44100, NodeHttpAddress: nm:8042, Resource: <memory:4096, vCores:1>, Priority: 20, Token: null, ] queue=default: capacity=1.0, absoluteCapacity=1.0, usedResources=<memory:2048, vCores:1>, usedCapacity=0.25, absoluteUsedCapacity=0.25, numApps=1, numContainers=1 clusterResource=<memory:8192, vCores:8> type=RACK_LOCAL requestedPartition=
nm_1        | 2019-11-16 21:36:51 INFO  ContainersMonitorImpl:196 - Neither virutal-memory nor physical-memory monitoring is needed. Not running the monitor-thread
rm_1        | 2019-11-16 21:36:35 INFO  ParentQueue:523 - Re-sorting assigned queue: root.default stats: default: capacity=1.0, absoluteCapacity=1.0, usedResources=<memory:6144, vCores:2>, usedCapacity=0.75, absoluteUsedCapacity=0.75, numApps=1, numContainers=2
nm_1        | 2019-11-16 21:36:51 INFO  AuxServices:196 - Got event CONTAINER_STOP for appId application_1573940089910_0001
rm_1        | 2019-11-16 21:36:35 INFO  ParentQueue:420 - assignedContainer queue=root usedCapacity=0.75 absoluteUsedCapacity=0.75 used=<memory:6144, vCores:2> cluster=<memory:8192, vCores:8>
nm_1        | 2019-11-16 21:36:52 INFO  Server:1454 - Auth successful for appattempt_1573940089910_0001_000001 (auth:SIMPLE)
rm_1        | 2019-11-16 21:36:35 INFO  NMTokenSecretManagerInRM:200 - Sending NMToken for nodeId : nm:44100 for container : container_1573940089910_0001_01_000002
nm_1        | 2019-11-16 21:36:52 INFO  ContainerManagerImpl:810 - Start request for container_1573940089910_0001_01_000005 by user hadoop
rm_1        | 2019-11-16 21:36:35 INFO  RMContainerImpl:410 - container_1573940089910_0001_01_000002 Container Transitioned from ALLOCATED to ACQUIRED
rm_1        | 2019-11-16 21:36:36 INFO  RMContainerImpl:410 - container_1573940089910_0001_01_000002 Container Transitioned from ACQUIRED to RUNNING
nm_1        | 2019-11-16 21:36:52 INFO  NMAuditLogger:89 - USER=hadoop	IP=172.18.0.4	OPERATION=Start Container Request	TARGET=ContainerManageImpl	RESULT=SUCCESS	APPID=application_1573940089910_0001	CONTAINERID=container_1573940089910_0001_01_000005
rm_1        | 2019-11-16 21:36:39 INFO  RMContainerImpl:410 - container_1573940089910_0001_01_000002 Container Transitioned from RUNNING to COMPLETED
rm_1        | 2019-11-16 21:36:39 INFO  FiCaSchedulerApp:113 - Completed container: container_1573940089910_0001_01_000002 in state: COMPLETED event:FINISHED
nm_1        | 2019-11-16 21:36:52 INFO  ApplicationImpl:304 - Adding container_1573940089910_0001_01_000005 to application application_1573940089910_0001
rm_1        | 2019-11-16 21:36:39 INFO  RMAuditLogger:116 - USER=hadoop	OPERATION=AM Released Container	TARGET=SchedulerApp	RESULT=SUCCESS	APPID=application_1573940089910_0001	CONTAINERID=container_1573940089910_0001_01_000002
nm_1        | 2019-11-16 21:36:52 INFO  ContainerImpl:1135 - Container container_1573940089910_0001_01_000005 transitioned from NEW to LOCALIZING
rm_1        | 2019-11-16 21:36:39 INFO  SchedulerNode:216 - Released container container_1573940089910_0001_01_000002 of capacity <memory:4096, vCores:1> on host nm:44100, which currently has 1 containers, <memory:2048, vCores:1> used and <memory:6144, vCores:7> available, release resources=true
nm_1        | 2019-11-16 21:36:52 INFO  AuxServices:196 - Got event CONTAINER_INIT for appId application_1573940089910_0001
rm_1        | 2019-11-16 21:36:39 INFO  LeafQueue:1712 - default used=<memory:2048, vCores:1> numContainers=1 user=hadoop user-resources=<memory:2048, vCores:1>
rm_1        | 2019-11-16 21:36:39 INFO  LeafQueue:1663 - completedContainer container=Container: [ContainerId: container_1573940089910_0001_01_000002, NodeId: nm:44100, NodeHttpAddress: nm:8042, Resource: <memory:4096, vCores:1>, Priority: 20, Token: Token { kind: ContainerToken, service: 172.18.0.4:44100 }, ] queue=default: capacity=1.0, absoluteCapacity=1.0, usedResources=<memory:2048, vCores:1>, usedCapacity=0.25, absoluteUsedCapacity=0.25, numApps=1, numContainers=1 cluster=<memory:8192, vCores:8>
nm_1        | 2019-11-16 21:36:52 INFO  AuxServices:196 - Got event APPLICATION_INIT for appId application_1573940089910_0001
rm_1        | 2019-11-16 21:36:39 INFO  ParentQueue:568 - completedContainer queue=root usedCapacity=0.25 absoluteUsedCapacity=0.25 used=<memory:2048, vCores:1> cluster=<memory:8192, vCores:8>
nm_1        | 2019-11-16 21:36:52 INFO  AuxServices:200 - Got APPLICATION_INIT for service mapreduce_shuffle
rm_1        | 2019-11-16 21:36:39 INFO  ParentQueue:585 - Re-sorting completed queue: root.default stats: default: capacity=1.0, absoluteCapacity=1.0, usedResources=<memory:2048, vCores:1>, usedCapacity=0.25, absoluteUsedCapacity=0.25, numApps=1, numContainers=1
nm_1        | 2019-11-16 21:36:52 INFO  ShuffleHandler:677 - Added token for job_1573940089910_0001
rm_1        | 2019-11-16 21:36:39 INFO  CapacityScheduler:1443 - Application attempt appattempt_1573940089910_0001_000001 released container container_1573940089910_0001_01_000002 on node: host: nm:44100 #containers=1 available=<memory:6144, vCores:7> used=<memory:2048, vCores:1> with event: FINISHED
nm_1        | 2019-11-16 21:36:52 INFO  ContainerImpl:1135 - Container container_1573940089910_0001_01_000005 transitioned from LOCALIZING to LOCALIZED
rm_1        | 2019-11-16 21:36:40 INFO  RMContainerImpl:410 - container_1573940089910_0001_01_000003 Container Transitioned from NEW to ALLOCATED
nm_1        | 2019-11-16 21:36:52 INFO  ContainerImpl:1135 - Container container_1573940089910_0001_01_000005 transitioned from LOCALIZED to RUNNING
rm_1        | 2019-11-16 21:36:40 INFO  RMAuditLogger:116 - USER=hadoop	OPERATION=AM Allocated Container	TARGET=SchedulerApp	RESULT=SUCCESS	APPID=application_1573940089910_0001	CONTAINERID=container_1573940089910_0001_01_000003
nm_1        | 2019-11-16 21:36:52 INFO  ContainersMonitorImpl:196 - Neither virutal-memory nor physical-memory monitoring is needed. Not running the monitor-thread
rm_1        | 2019-11-16 21:36:40 INFO  SchedulerNode:153 - Assigned container container_1573940089910_0001_01_000003 of capacity <memory:4096, vCores:1> on host nm:44100, which has 2 containers, <memory:6144, vCores:2> used and <memory:2048, vCores:6> available after allocation
rm_1        | 2019-11-16 21:36:40 INFO  LeafQueue:1558 - assignedContainer application attempt=appattempt_1573940089910_0001_000001 container=Container: [ContainerId: container_1573940089910_0001_01_000003, NodeId: nm:44100, NodeHttpAddress: nm:8042, Resource: <memory:4096, vCores:1>, Priority: 20, Token: null, ] queue=default: capacity=1.0, absoluteCapacity=1.0, usedResources=<memory:2048, vCores:1>, usedCapacity=0.25, absoluteUsedCapacity=0.25, numApps=1, numContainers=1 clusterResource=<memory:8192, vCores:8> type=RACK_LOCAL requestedPartition=
nm_1        | 2019-11-16 21:36:52 INFO  DefaultContainerExecutor:268 - launchContainer: [bash, /tmp/hadoop-hadoop/nm-local-dir/usercache/hadoop/appcache/application_1573940089910_0001/container_1573940089910_0001_01_000005/default_container_executor.sh]
rm_1        | 2019-11-16 21:36:40 INFO  ParentQueue:523 - Re-sorting assigned queue: root.default stats: default: capacity=1.0, absoluteCapacity=1.0, usedResources=<memory:6144, vCores:2>, usedCapacity=0.75, absoluteUsedCapacity=0.75, numApps=1, numContainers=2
nm_1        | 2019-11-16 21:36:53 INFO  NodeStatusUpdaterImpl:490 - Removed completed containers from NM context: [container_1573940089910_0001_01_000004]
rm_1        | 2019-11-16 21:36:40 INFO  ParentQueue:420 - assignedContainer queue=root usedCapacity=0.75 absoluteUsedCapacity=0.75 used=<memory:6144, vCores:2> cluster=<memory:8192, vCores:8>
nm_1        | 2019-11-16 21:36:55 INFO  ShuffleHandler:1053 - Setting connection close header...
rm_1        | 2019-11-16 21:36:41 INFO  RMContainerImpl:410 - container_1573940089910_0001_01_000003 Container Transitioned from ALLOCATED to ACQUIRED
nm_1        | 2019-11-16 21:36:55 INFO  ShuffleHandler:1053 - Setting connection close header...
rm_1        | 2019-11-16 21:36:41 INFO  RMContainerImpl:410 - container_1573940089910_0001_01_000003 Container Transitioned from ACQUIRED to RUNNING
nm_1        | 2019-11-16 21:36:59 INFO  Server:1454 - Auth successful for appattempt_1573940089910_0001_000001 (auth:SIMPLE)
rm_1        | 2019-11-16 21:36:45 INFO  RMContainerImpl:410 - container_1573940089910_0001_01_000003 Container Transitioned from RUNNING to COMPLETED
nm_1        | 2019-11-16 21:36:59 INFO  ContainerManagerImpl:960 - Stopping container with container Id: container_1573940089910_0001_01_000005
rm_1        | 2019-11-16 21:36:45 INFO  FiCaSchedulerApp:113 - Completed container: container_1573940089910_0001_01_000003 in state: COMPLETED event:FINISHED
nm_1        | 2019-11-16 21:36:59 INFO  NMAuditLogger:89 - USER=hadoop	IP=172.18.0.4	OPERATION=Stop Container Request	TARGET=ContainerManageImpl	RESULT=SUCCESS	APPID=application_1573940089910_0001	CONTAINERID=container_1573940089910_0001_01_000005
rm_1        | 2019-11-16 21:36:45 INFO  RMAuditLogger:116 - USER=hadoop	OPERATION=AM Released Container	TARGET=SchedulerApp	RESULT=SUCCESS	APPID=application_1573940089910_0001	CONTAINERID=container_1573940089910_0001_01_000003
nm_1        | 2019-11-16 21:36:59 INFO  ContainerImpl:1135 - Container container_1573940089910_0001_01_000005 transitioned from RUNNING to KILLING
rm_1        | 2019-11-16 21:36:45 INFO  SchedulerNode:216 - Released container container_1573940089910_0001_01_000003 of capacity <memory:4096, vCores:1> on host nm:44100, which currently has 1 containers, <memory:2048, vCores:1> used and <memory:6144, vCores:7> available, release resources=true
nm_1        | 2019-11-16 21:36:59 INFO  ContainerLaunch:370 - Cleaning up container container_1573940089910_0001_01_000005
rm_1        | 2019-11-16 21:36:45 INFO  LeafQueue:1712 - default used=<memory:2048, vCores:1> numContainers=1 user=hadoop user-resources=<memory:2048, vCores:1>
nm_1        | 2019-11-16 21:36:59 WARN  DefaultContainerExecutor:224 - Exit code from container container_1573940089910_0001_01_000005 is : 143
rm_1        | 2019-11-16 21:36:45 INFO  LeafQueue:1663 - completedContainer container=Container: [ContainerId: container_1573940089910_0001_01_000003, NodeId: nm:44100, NodeHttpAddress: nm:8042, Resource: <memory:4096, vCores:1>, Priority: 20, Token: Token { kind: ContainerToken, service: 172.18.0.4:44100 }, ] queue=default: capacity=1.0, absoluteCapacity=1.0, usedResources=<memory:2048, vCores:1>, usedCapacity=0.25, absoluteUsedCapacity=0.25, numApps=1, numContainers=1 cluster=<memory:8192, vCores:8>
nm_1        | 2019-11-16 21:37:00 INFO  ContainerImpl:1135 - Container container_1573940089910_0001_01_000005 transitioned from KILLING to CONTAINER_CLEANEDUP_AFTER_KILL
nm_1        | 2019-11-16 21:37:00 INFO  NMAuditLogger:89 - USER=hadoop	OPERATION=Container Finished - Killed	TARGET=ContainerImpl	RESULT=SUCCESS	APPID=application_1573940089910_0001	CONTAINERID=container_1573940089910_0001_01_000005
rm_1        | 2019-11-16 21:36:45 INFO  ParentQueue:568 - completedContainer queue=root usedCapacity=0.25 absoluteUsedCapacity=0.25 used=<memory:2048, vCores:1> cluster=<memory:8192, vCores:8>
rm_1        | 2019-11-16 21:36:45 INFO  ParentQueue:585 - Re-sorting completed queue: root.default stats: default: capacity=1.0, absoluteCapacity=1.0, usedResources=<memory:2048, vCores:1>, usedCapacity=0.25, absoluteUsedCapacity=0.25, numApps=1, numContainers=1
rm_1        | 2019-11-16 21:36:45 INFO  CapacityScheduler:1443 - Application attempt appattempt_1573940089910_0001_000001 released container container_1573940089910_0001_01_000003 on node: host: nm:44100 #containers=1 available=<memory:6144, vCores:7> used=<memory:2048, vCores:1> with event: FINISHED
nm_1        | 2019-11-16 21:37:00 INFO  ContainerImpl:1135 - Container container_1573940089910_0001_01_000005 transitioned from CONTAINER_CLEANEDUP_AFTER_KILL to DONE
nm_1        | 2019-11-16 21:37:00 INFO  ApplicationImpl:347 - Removing container_1573940089910_0001_01_000005 from application application_1573940089910_0001
rm_1        | 2019-11-16 21:36:46 INFO  RMContainerImpl:410 - container_1573940089910_0001_01_000004 Container Transitioned from NEW to ALLOCATED
nm_1        | 2019-11-16 21:37:00 INFO  ContainersMonitorImpl:196 - Neither virutal-memory nor physical-memory monitoring is needed. Not running the monitor-thread
rm_1        | 2019-11-16 21:36:46 INFO  RMAuditLogger:116 - USER=hadoop	OPERATION=AM Allocated Container	TARGET=SchedulerApp	RESULT=SUCCESS	APPID=application_1573940089910_0001	CONTAINERID=container_1573940089910_0001_01_000004
rm_1        | 2019-11-16 21:36:46 INFO  SchedulerNode:153 - Assigned container container_1573940089910_0001_01_000004 of capacity <memory:4096, vCores:1> on host nm:44100, which has 2 containers, <memory:6144, vCores:2> used and <memory:2048, vCores:6> available after allocation
nm_1        | 2019-11-16 21:37:00 INFO  AuxServices:196 - Got event CONTAINER_STOP for appId application_1573940089910_0001
rm_1        | 2019-11-16 21:36:46 INFO  LeafQueue:1558 - assignedContainer application attempt=appattempt_1573940089910_0001_000001 container=Container: [ContainerId: container_1573940089910_0001_01_000004, NodeId: nm:44100, NodeHttpAddress: nm:8042, Resource: <memory:4096, vCores:1>, Priority: 20, Token: null, ] queue=default: capacity=1.0, absoluteCapacity=1.0, usedResources=<memory:2048, vCores:1>, usedCapacity=0.25, absoluteUsedCapacity=0.25, numApps=1, numContainers=1 clusterResource=<memory:8192, vCores:8> type=RACK_LOCAL requestedPartition=
nm_1        | 2019-11-16 21:37:02 INFO  NodeStatusUpdaterImpl:490 - Removed completed containers from NM context: [container_1573940089910_0001_01_000005]
rm_1        | 2019-11-16 21:36:46 INFO  ParentQueue:523 - Re-sorting assigned queue: root.default stats: default: capacity=1.0, absoluteCapacity=1.0, usedResources=<memory:6144, vCores:2>, usedCapacity=0.75, absoluteUsedCapacity=0.75, numApps=1, numContainers=2
nm_1        | 2019-11-16 21:37:10 INFO  ContainerLaunch:346 - Container container_1573940089910_0001_01_000001 succeeded 
rm_1        | 2019-11-16 21:36:46 INFO  ParentQueue:420 - assignedContainer queue=root usedCapacity=0.75 absoluteUsedCapacity=0.75 used=<memory:6144, vCores:2> cluster=<memory:8192, vCores:8>
nm_1        | 2019-11-16 21:37:10 INFO  ContainerImpl:1135 - Container container_1573940089910_0001_01_000001 transitioned from RUNNING to EXITED_WITH_SUCCESS
rm_1        | 2019-11-16 21:36:47 INFO  RMContainerImpl:410 - container_1573940089910_0001_01_000004 Container Transitioned from ALLOCATED to ACQUIRED
nm_1        | 2019-11-16 21:37:10 INFO  ContainerLaunch:370 - Cleaning up container container_1573940089910_0001_01_000001
rm_1        | 2019-11-16 21:36:47 INFO  RMContainerImpl:410 - container_1573940089910_0001_01_000004 Container Transitioned from ACQUIRED to RUNNING
nm_1        | 2019-11-16 21:37:10 INFO  NMAuditLogger:89 - USER=hadoop	OPERATION=Container Finished - Succeeded	TARGET=ContainerImpl	RESULT=SUCCESS	APPID=application_1573940089910_0001	CONTAINERID=container_1573940089910_0001_01_000001
rm_1        | 2019-11-16 21:36:48 INFO  AppSchedulingInfo:204 - checking for deactivate of application :application_1573940089910_0001
nm_1        | 2019-11-16 21:37:10 INFO  ContainerImpl:1135 - Container container_1573940089910_0001_01_000001 transitioned from EXITED_WITH_SUCCESS to DONE
rm_1        | 2019-11-16 21:36:51 INFO  RMContainerImpl:410 - container_1573940089910_0001_01_000004 Container Transitioned from RUNNING to COMPLETED
nm_1        | 2019-11-16 21:37:10 INFO  ApplicationImpl:347 - Removing container_1573940089910_0001_01_000001 from application application_1573940089910_0001
rm_1        | 2019-11-16 21:36:51 INFO  FiCaSchedulerApp:113 - Completed container: container_1573940089910_0001_01_000004 in state: COMPLETED event:FINISHED
nm_1        | 2019-11-16 21:37:10 INFO  ContainersMonitorImpl:196 - Neither virutal-memory nor physical-memory monitoring is needed. Not running the monitor-thread
rm_1        | 2019-11-16 21:36:51 INFO  RMAuditLogger:116 - USER=hadoop	OPERATION=AM Released Container	TARGET=SchedulerApp	RESULT=SUCCESS	APPID=application_1573940089910_0001	CONTAINERID=container_1573940089910_0001_01_000004
rm_1        | 2019-11-16 21:36:51 INFO  SchedulerNode:216 - Released container container_1573940089910_0001_01_000004 of capacity <memory:4096, vCores:1> on host nm:44100, which currently has 1 containers, <memory:2048, vCores:1> used and <memory:6144, vCores:7> available, release resources=true
rm_1        | 2019-11-16 21:36:51 INFO  LeafQueue:1712 - default used=<memory:2048, vCores:1> numContainers=1 user=hadoop user-resources=<memory:2048, vCores:1>
nm_1        | 2019-11-16 21:37:10 INFO  AuxServices:196 - Got event CONTAINER_STOP for appId application_1573940089910_0001
rm_1        | 2019-11-16 21:36:51 INFO  LeafQueue:1663 - completedContainer container=Container: [ContainerId: container_1573940089910_0001_01_000004, NodeId: nm:44100, NodeHttpAddress: nm:8042, Resource: <memory:4096, vCores:1>, Priority: 20, Token: Token { kind: ContainerToken, service: 172.18.0.4:44100 }, ] queue=default: capacity=1.0, absoluteCapacity=1.0, usedResources=<memory:2048, vCores:1>, usedCapacity=0.25, absoluteUsedCapacity=0.25, numApps=1, numContainers=1 cluster=<memory:8192, vCores:8>
nm_1        | 2019-11-16 21:37:10 INFO  Server:1454 - Auth successful for appattempt_1573940089910_0001_000001 (auth:SIMPLE)
rm_1        | 2019-11-16 21:36:51 INFO  ParentQueue:568 - completedContainer queue=root usedCapacity=0.25 absoluteUsedCapacity=0.25 used=<memory:2048, vCores:1> cluster=<memory:8192, vCores:8>
nm_1        | 2019-11-16 21:37:10 INFO  ContainerManagerImpl:960 - Stopping container with container Id: container_1573940089910_0001_01_000001
rm_1        | 2019-11-16 21:36:51 INFO  ParentQueue:585 - Re-sorting completed queue: root.default stats: default: capacity=1.0, absoluteCapacity=1.0, usedResources=<memory:2048, vCores:1>, usedCapacity=0.25, absoluteUsedCapacity=0.25, numApps=1, numContainers=1
nm_1        | 2019-11-16 21:37:10 INFO  NMAuditLogger:89 - USER=hadoop	IP=172.18.0.3	OPERATION=Stop Container Request	TARGET=ContainerManageImpl	RESULT=SUCCESS	APPID=application_1573940089910_0001	CONTAINERID=container_1573940089910_0001_01_000001
rm_1        | 2019-11-16 21:36:51 INFO  CapacityScheduler:1443 - Application attempt appattempt_1573940089910_0001_000001 released container container_1573940089910_0001_01_000004 on node: host: nm:44100 #containers=1 available=<memory:6144, vCores:7> used=<memory:2048, vCores:1> with event: FINISHED
nm_1        | 2019-11-16 21:37:11 INFO  NodeStatusUpdaterImpl:490 - Removed completed containers from NM context: [container_1573940089910_0001_01_000001]
rm_1        | 2019-11-16 21:36:51 INFO  RMContainerImpl:410 - container_1573940089910_0001_01_000005 Container Transitioned from NEW to ALLOCATED
nm_1        | 2019-11-16 21:37:11 INFO  ApplicationImpl:464 - Application application_1573940089910_0001 transitioned from RUNNING to APPLICATION_RESOURCES_CLEANINGUP
rm_1        | 2019-11-16 21:36:51 INFO  RMAuditLogger:116 - USER=hadoop	OPERATION=AM Allocated Container	TARGET=SchedulerApp	RESULT=SUCCESS	APPID=application_1573940089910_0001	CONTAINERID=container_1573940089910_0001_01_000005
nm_1        | 2019-11-16 21:37:11 INFO  AuxServices:196 - Got event APPLICATION_STOP for appId application_1573940089910_0001
rm_1        | 2019-11-16 21:36:51 INFO  SchedulerNode:153 - Assigned container container_1573940089910_0001_01_000005 of capacity <memory:4096, vCores:1> on host nm:44100, which has 2 containers, <memory:6144, vCores:2> used and <memory:2048, vCores:6> available after allocation
rm_1        | 2019-11-16 21:36:51 INFO  LeafQueue:1558 - assignedContainer application attempt=appattempt_1573940089910_0001_000001 container=Container: [ContainerId: container_1573940089910_0001_01_000005, NodeId: nm:44100, NodeHttpAddress: nm:8042, Resource: <memory:4096, vCores:1>, Priority: 10, Token: null, ] queue=default: capacity=1.0, absoluteCapacity=1.0, usedResources=<memory:2048, vCores:1>, usedCapacity=0.25, absoluteUsedCapacity=0.25, numApps=1, numContainers=1 clusterResource=<memory:8192, vCores:8> type=OFF_SWITCH requestedPartition=
nm_1        | 2019-11-16 21:37:11 INFO  ApplicationImpl:464 - Application application_1573940089910_0001 transitioned from APPLICATION_RESOURCES_CLEANINGUP to FINISHED
rm_1        | 2019-11-16 21:36:51 INFO  ParentQueue:523 - Re-sorting assigned queue: root.default stats: default: capacity=1.0, absoluteCapacity=1.0, usedResources=<memory:6144, vCores:2>, usedCapacity=0.75, absoluteUsedCapacity=0.75, numApps=1, numContainers=2
nm_1        | 2019-11-16 21:37:11 INFO  NonAggregatingLogHandler:167 - Scheduling Log Deletion for application: application_1573940089910_0001, with delay of 10800 seconds
rm_1        | 2019-11-16 21:36:51 INFO  ParentQueue:420 - assignedContainer queue=root usedCapacity=0.75 absoluteUsedCapacity=0.75 used=<memory:6144, vCores:2> cluster=<memory:8192, vCores:8>
nm_1        | 2019-11-16 21:37:14 INFO  Server:1454 - Auth successful for appattempt_1573940089910_0002_000001 (auth:SIMPLE)
rm_1        | 2019-11-16 21:36:52 INFO  RMContainerImpl:410 - container_1573940089910_0001_01_000005 Container Transitioned from ALLOCATED to ACQUIRED
nm_1        | 2019-11-16 21:37:14 INFO  ContainerManagerImpl:810 - Start request for container_1573940089910_0002_01_000001 by user hadoop
rm_1        | 2019-11-16 21:36:52 INFO  RMContainerImpl:410 - container_1573940089910_0001_01_000005 Container Transitioned from ACQUIRED to RUNNING
nm_1        | 2019-11-16 21:37:14 INFO  ContainerManagerImpl:850 - Creating a new application reference for app application_1573940089910_0002
rm_1        | 2019-11-16 21:36:53 INFO  AppSchedulingInfo:204 - checking for deactivate of application :application_1573940089910_0001
nm_1        | 2019-11-16 21:37:14 INFO  NMAuditLogger:89 - USER=hadoop	IP=172.18.0.3	OPERATION=Start Container Request	TARGET=ContainerManageImpl	RESULT=SUCCESS	APPID=application_1573940089910_0002	CONTAINERID=container_1573940089910_0002_01_000001
rm_1        | 2019-11-16 21:37:00 INFO  RMContainerImpl:410 - container_1573940089910_0001_01_000005 Container Transitioned from RUNNING to COMPLETED
nm_1        | 2019-11-16 21:37:14 INFO  ApplicationImpl:464 - Application application_1573940089910_0002 transitioned from NEW to INITING
rm_1        | 2019-11-16 21:37:00 INFO  FiCaSchedulerApp:113 - Completed container: container_1573940089910_0001_01_000005 in state: COMPLETED event:FINISHED
nm_1        | 2019-11-16 21:37:14 INFO  ApplicationImpl:304 - Adding container_1573940089910_0002_01_000001 to application application_1573940089910_0002
nm_1        | 2019-11-16 21:37:14 INFO  ApplicationImpl:464 - Application application_1573940089910_0002 transitioned from INITING to RUNNING
rm_1        | 2019-11-16 21:37:00 INFO  RMAuditLogger:116 - USER=hadoop	OPERATION=AM Released Container	TARGET=SchedulerApp	RESULT=SUCCESS	APPID=application_1573940089910_0001	CONTAINERID=container_1573940089910_0001_01_000005
nm_1        | 2019-11-16 21:37:14 INFO  ContainerImpl:1135 - Container container_1573940089910_0002_01_000001 transitioned from NEW to LOCALIZING
rm_1        | 2019-11-16 21:37:00 INFO  SchedulerNode:216 - Released container container_1573940089910_0001_01_000005 of capacity <memory:4096, vCores:1> on host nm:44100, which currently has 1 containers, <memory:2048, vCores:1> used and <memory:6144, vCores:7> available, release resources=true
nm_1        | 2019-11-16 21:37:14 INFO  AuxServices:196 - Got event CONTAINER_INIT for appId application_1573940089910_0002
nm_1        | 2019-11-16 21:37:14 INFO  LocalizedResource:203 - Resource o3fs://bucket1.vol1/user/hadoop/.staging/job_1573940089910_0002/job.splitmetainfo transitioned from INIT to DOWNLOADING
nm_1        | 2019-11-16 21:37:14 INFO  LocalizedResource:203 - Resource o3fs://bucket1.vol1/user/hadoop/.staging/job_1573940089910_0002/job.jar transitioned from INIT to DOWNLOADING
rm_1        | 2019-11-16 21:37:00 INFO  LeafQueue:1712 - default used=<memory:2048, vCores:1> numContainers=1 user=hadoop user-resources=<memory:2048, vCores:1>
nm_1        | 2019-11-16 21:37:14 INFO  LocalizedResource:203 - Resource o3fs://bucket1.vol1/user/hadoop/.staging/job_1573940089910_0002/job.split transitioned from INIT to DOWNLOADING
rm_1        | 2019-11-16 21:37:00 INFO  LeafQueue:1663 - completedContainer container=Container: [ContainerId: container_1573940089910_0001_01_000005, NodeId: nm:44100, NodeHttpAddress: nm:8042, Resource: <memory:4096, vCores:1>, Priority: 10, Token: Token { kind: ContainerToken, service: 172.18.0.4:44100 }, ] queue=default: capacity=1.0, absoluteCapacity=1.0, usedResources=<memory:2048, vCores:1>, usedCapacity=0.25, absoluteUsedCapacity=0.25, numApps=1, numContainers=1 cluster=<memory:8192, vCores:8>
nm_1        | 2019-11-16 21:37:14 INFO  LocalizedResource:203 - Resource o3fs://bucket1.vol1/user/hadoop/.staging/job_1573940089910_0002/job.xml transitioned from INIT to DOWNLOADING
rm_1        | 2019-11-16 21:37:00 INFO  ParentQueue:568 - completedContainer queue=root usedCapacity=0.25 absoluteUsedCapacity=0.25 used=<memory:2048, vCores:1> cluster=<memory:8192, vCores:8>
nm_1        | 2019-11-16 21:37:14 INFO  ResourceLocalizationService:711 - Created localizer for container_1573940089910_0002_01_000001
nm_1        | 2019-11-16 21:37:14 INFO  ResourceLocalizationService:1195 - Writing credentials to the nmPrivate file /tmp/hadoop-hadoop/nm-local-dir/nmPrivate/container_1573940089910_0002_01_000001.tokens. Credentials list: 
rm_1        | 2019-11-16 21:37:00 INFO  ParentQueue:585 - Re-sorting completed queue: root.default stats: default: capacity=1.0, absoluteCapacity=1.0, usedResources=<memory:2048, vCores:1>, usedCapacity=0.25, absoluteUsedCapacity=0.25, numApps=1, numContainers=1
nm_1        | 2019-11-16 21:37:14 INFO  DefaultContainerExecutor:612 - Initializing user hadoop
rm_1        | 2019-11-16 21:37:00 INFO  CapacityScheduler:1443 - Application attempt appattempt_1573940089910_0001_000001 released container container_1573940089910_0001_01_000005 on node: host: nm:44100 #containers=1 available=<memory:6144, vCores:7> used=<memory:2048, vCores:1> with event: FINISHED
rm_1        | 2019-11-16 21:37:03 INFO  RMAppAttemptImpl:1210 - Updating application attempt appattempt_1573940089910_0001_000001 with final state: FINISHING, and exit status: -1000
nm_1        | 2019-11-16 21:37:14 INFO  DefaultContainerExecutor:117 - Copying from /tmp/hadoop-hadoop/nm-local-dir/nmPrivate/container_1573940089910_0002_01_000001.tokens to /tmp/hadoop-hadoop/nm-local-dir/usercache/hadoop/appcache/application_1573940089910_0002/container_1573940089910_0002_01_000001.tokens
rm_1        | 2019-11-16 21:37:03 INFO  RMAppAttemptImpl:815 - appattempt_1573940089910_0001_000001 State change from RUNNING to FINAL_SAVING
nm_1        | 2019-11-16 21:37:14 INFO  DefaultContainerExecutor:124 - Localizer CWD set to /tmp/hadoop-hadoop/nm-local-dir/usercache/hadoop/appcache/application_1573940089910_0002 = file:/tmp/hadoop-hadoop/nm-local-dir/usercache/hadoop/appcache/application_1573940089910_0002
rm_1        | 2019-11-16 21:37:03 INFO  RMAppImpl:996 - Updating application application_1573940089910_0001 with final state: FINISHING
nm_1        | 2019-11-16 21:37:14 WARN  NativeCodeLoader:60 - Unable to load native-hadoop library for your platform... using builtin-java classes where applicable
rm_1        | 2019-11-16 21:37:03 INFO  RMAppImpl:718 - application_1573940089910_0001 State change from RUNNING to FINAL_SAVING on event=ATTEMPT_UNREGISTERED
nm_1        | 2019-11-16 21:37:15 INFO  MetricsConfig:118 - Loaded properties from hadoop-metrics2.properties
rm_1        | 2019-11-16 21:37:03 INFO  RMStateStore:223 - Updating info for app: application_1573940089910_0001
nm_1        | 2019-11-16 21:37:15 WARN  MBeans:105 - Failed to register MBean "Hadoop:service=XceiverClientMetrics,name=MetricsSystem,sub=Stats": Instance already exists.
rm_1        | 2019-11-16 21:37:03 INFO  RMAppAttemptImpl:815 - appattempt_1573940089910_0001_000001 State change from FINAL_SAVING to FINISHING
nm_1        | 2019-11-16 21:37:15 INFO  MetricsSystemImpl:374 - Scheduled Metric snapshot period at 10 second(s).
rm_1        | 2019-11-16 21:37:03 INFO  RMAppImpl:718 - application_1573940089910_0001 State change from FINAL_SAVING to FINISHING on event=APP_UPDATE_SAVED
nm_1        | 2019-11-16 21:37:15 INFO  MetricsSystemImpl:191 - XceiverClientMetrics metrics system started
rm_1        | 2019-11-16 21:37:04 INFO  ApplicationMasterService:354 - application_1573940089910_0001 unregistered successfully. 
nm_1        | 2019-11-16 21:37:15 WARN  MBeans:105 - Failed to register MBean "Hadoop:service=XceiverClientMetrics,name=UgiMetrics": Instance already exists.
rm_1        | 2019-11-16 21:37:09 INFO  ClientRMService:289 - Allocated new applicationId: 2
nm_1        | 2019-11-16 21:37:15 WARN  MBeans:105 - Failed to register MBean "Hadoop:service=XceiverClientMetrics,name=MetricsSystem,sub=Control": Instance already exists.
rm_1        | 2019-11-16 21:37:10 INFO  RMContainerImpl:410 - container_1573940089910_0001_01_000001 Container Transitioned from RUNNING to COMPLETED
nm_1        | 2019-11-16 21:37:16 INFO  LocalizedResource:203 - Resource o3fs://bucket1.vol1/user/hadoop/.staging/job_1573940089910_0002/job.splitmetainfo(->/tmp/hadoop-hadoop/nm-local-dir/usercache/hadoop/appcache/application_1573940089910_0002/filecache/10/job.splitmetainfo) transitioned from DOWNLOADING to LOCALIZED
nm_1        | 2019-11-16 21:37:16 INFO  LocalizedResource:203 - Resource o3fs://bucket1.vol1/user/hadoop/.staging/job_1573940089910_0002/job.jar(->/tmp/hadoop-hadoop/nm-local-dir/usercache/hadoop/appcache/application_1573940089910_0002/filecache/11/job.jar) transitioned from DOWNLOADING to LOCALIZED
rm_1        | 2019-11-16 21:37:10 INFO  ApplicationMasterService:684 - Unregistering app attempt : appattempt_1573940089910_0001_000001
rm_1        | 2019-11-16 21:37:10 INFO  FiCaSchedulerApp:113 - Completed container: container_1573940089910_0001_01_000001 in state: COMPLETED event:FINISHED
nm_1        | 2019-11-16 21:37:16 INFO  LocalizedResource:203 - Resource o3fs://bucket1.vol1/user/hadoop/.staging/job_1573940089910_0002/job.split(->/tmp/hadoop-hadoop/nm-local-dir/usercache/hadoop/appcache/application_1573940089910_0002/filecache/12/job.split) transitioned from DOWNLOADING to LOCALIZED
rm_1        | 2019-11-16 21:37:10 INFO  RMAuditLogger:116 - USER=hadoop	OPERATION=AM Released Container	TARGET=SchedulerApp	RESULT=SUCCESS	APPID=application_1573940089910_0001	CONTAINERID=container_1573940089910_0001_01_000001
nm_1        | 2019-11-16 21:37:16 INFO  LocalizedResource:203 - Resource o3fs://bucket1.vol1/user/hadoop/.staging/job_1573940089910_0002/job.xml(->/tmp/hadoop-hadoop/nm-local-dir/usercache/hadoop/appcache/application_1573940089910_0002/filecache/13/job.xml) transitioned from DOWNLOADING to LOCALIZED
rm_1        | 2019-11-16 21:37:10 INFO  SchedulerNode:216 - Released container container_1573940089910_0001_01_000001 of capacity <memory:2048, vCores:1> on host nm:44100, which currently has 0 containers, <memory:0, vCores:0> used and <memory:8192, vCores:8> available, release resources=true
nm_1        | 2019-11-16 21:37:16 INFO  ContainerImpl:1135 - Container container_1573940089910_0002_01_000001 transitioned from LOCALIZING to LOCALIZED
rm_1        | 2019-11-16 21:37:10 INFO  LeafQueue:1712 - default used=<memory:0, vCores:0> numContainers=0 user=hadoop user-resources=<memory:0, vCores:0>
nm_1        | 2019-11-16 21:37:16 INFO  ContainerImpl:1135 - Container container_1573940089910_0002_01_000001 transitioned from LOCALIZED to RUNNING
rm_1        | 2019-11-16 21:37:10 INFO  LeafQueue:1663 - completedContainer container=Container: [ContainerId: container_1573940089910_0001_01_000001, NodeId: nm:44100, NodeHttpAddress: nm:8042, Resource: <memory:2048, vCores:1>, Priority: 0, Token: Token { kind: ContainerToken, service: 172.18.0.4:44100 }, ] queue=default: capacity=1.0, absoluteCapacity=1.0, usedResources=<memory:0, vCores:0>, usedCapacity=0.0, absoluteUsedCapacity=0.0, numApps=1, numContainers=0 cluster=<memory:8192, vCores:8>
nm_1        | 2019-11-16 21:37:16 INFO  ContainersMonitorImpl:196 - Neither virutal-memory nor physical-memory monitoring is needed. Not running the monitor-thread
rm_1        | 2019-11-16 21:37:10 INFO  ParentQueue:568 - completedContainer queue=root usedCapacity=0.0 absoluteUsedCapacity=0.0 used=<memory:0, vCores:0> cluster=<memory:8192, vCores:8>
nm_1        | 2019-11-16 21:37:16 INFO  DefaultContainerExecutor:268 - launchContainer: [bash, /tmp/hadoop-hadoop/nm-local-dir/usercache/hadoop/appcache/application_1573940089910_0002/container_1573940089910_0002_01_000001/default_container_executor.sh]
rm_1        | 2019-11-16 21:37:10 INFO  ParentQueue:585 - Re-sorting completed queue: root.default stats: default: capacity=1.0, absoluteCapacity=1.0, usedResources=<memory:0, vCores:0>, usedCapacity=0.0, absoluteUsedCapacity=0.0, numApps=1, numContainers=0
rm_1        | 2019-11-16 21:37:10 INFO  AMRMTokenSecretManager:124 - Application finished, removing password for appattempt_1573940089910_0001_000001
nm_1        | 2019-11-16 21:37:32 INFO  Server:1454 - Auth successful for appattempt_1573940089910_0002_000001 (auth:SIMPLE)
rm_1        | 2019-11-16 21:37:10 INFO  CapacityScheduler:1443 - Application attempt appattempt_1573940089910_0001_000001 released container container_1573940089910_0001_01_000001 on node: host: nm:44100 #containers=0 available=<memory:8192, vCores:8> used=<memory:0, vCores:0> with event: FINISHED
nm_1        | 2019-11-16 21:37:32 INFO  ContainerManagerImpl:810 - Start request for container_1573940089910_0002_01_000002 by user hadoop
rm_1        | 2019-11-16 21:37:10 INFO  RMAppAttemptImpl:815 - appattempt_1573940089910_0001_000001 State change from FINISHING to FINISHED
nm_1        | 2019-11-16 21:37:32 INFO  NMAuditLogger:89 - USER=hadoop	IP=172.18.0.4	OPERATION=Start Container Request	TARGET=ContainerManageImpl	RESULT=SUCCESS	APPID=application_1573940089910_0002	CONTAINERID=container_1573940089910_0002_01_000002
rm_1        | 2019-11-16 21:37:10 INFO  RMAppImpl:718 - application_1573940089910_0001 State change from FINISHING to FINISHED on event=ATTEMPT_FINISHED
