om2_1       | STARTUP_MSG:   classpath = /etc/hadoop:/opt/hadoop/share/hadoop/common/*:/opt/hadoop/share/ozone/lib/kerb-simplekdc-1.0.1.jar:/opt/hadoop/share/ozone/lib/protobuf-java-2.5.0.jar:/opt/hadoop/share/ozone/lib/bcpkix-jdk15on-1.60.jar:/opt/hadoop/share/ozone/lib/sqlite-jdbc-3.25.2.jar:/opt/hadoop/share/ozone/lib/netty-3.10.5.Final.jar:/opt/hadoop/share/ozone/lib/commons-validator-1.6.jar:/opt/hadoop/share/ozone/lib/jaxb-impl-2.3.0.1.jar:/opt/hadoop/share/ozone/lib/kerb-core-1.0.1.jar:/opt/hadoop/share/ozone/lib/hadoop-ozone-common-0.5.0-SNAPSHOT.jar:/opt/hadoop/share/ozone/lib/ratis-thirdparty-misc-0.2.0.jar:/opt/hadoop/share/ozone/lib/jsr305-3.0.0.jar:/opt/hadoop/share/ozone/lib/leveldbjni-all-1.8.jar:/opt/hadoop/share/ozone/lib/htrace-core4-4.1.0-incubating.jar:/opt/hadoop/share/ozone/lib/hadoop-annotations-3.2.0.jar:/opt/hadoop/share/ozone/lib/hadoop-hdds-tools-0.5.0-SNAPSHOT.jar:/opt/hadoop/share/ozone/lib/kerb-util-1.0.1.jar:/opt/hadoop/share/ozone/lib/jackson-jaxrs-1.9.13.jar:/opt/hadoop/share/ozone/lib/kerby-xdr-1.0.1.jar:/opt/hadoop/share/ozone/lib/jetty-webapp-9.3.25.v20180904.jar:/opt/hadoop/share/ozone/lib/jackson-core-asl-1.9.13.jar:/opt/hadoop/share/ozone/lib/commons-net-3.6.jar:/opt/hadoop/share/ozone/lib/log4j-api-2.11.0.jar:/opt/hadoop/share/ozone/lib/netty-all-4.0.52.Final.jar:/opt/hadoop/share/ozone/lib/hadoop-hdfs-3.2.0.jar:/opt/hadoop/share/ozone/lib/jline-0.9.94.jar:/opt/hadoop/share/ozone/lib/opentracing-api-0.31.0.jar:/opt/hadoop/share/ozone/lib/hadoop-hdds-server-framework-0.5.0-SNAPSHOT.jar:/opt/hadoop/share/ozone/lib/slf4j-log4j12-1.7.25.jar:/opt/hadoop/share/ozone/lib/hadoop-hdfs-client-3.2.0.jar:/opt/hadoop/share/ozone/lib/kerby-config-1.0.1.jar:/opt/hadoop/share/ozone/lib/jetty-util-9.3.25.v20180904.jar:/opt/hadoop/share/ozone/lib/libthrift-0.12.0.jar:/opt/hadoop/share/ozone/lib/metrics-core-3.2.4.jar:/opt/hadoop/share/ozone/lib/kerby-pkix-1.0.1.jar:/opt/hadoop/share/ozone/lib/xz-1.0.jar:/opt/hadoop/share/ozone/lib/hadoop-hdds-config-0.5.0-SNAPSHOT.jar:/opt/hadoop/share/ozone/lib/nimbus-jose-jwt-4.41.1.jar:/opt/hadoop/share/ozone/lib/ratis-server-0.5.0-ced7dbf-SNAPSHOT.jar:/opt/hadoop/share/ozone/lib/jsr311-api-1.1.1.jar:/opt/hadoop/share/ozone/lib/commons-beanutils-1.9.4.jar:/opt/hadoop/share/ozone/lib/javax.servlet-api-3.1.0.jar:/opt/hadoop/share/ozone/lib/kerb-server-1.0.1.jar:/opt/hadoop/share/ozone/lib/zookeeper-3.4.13.jar:/opt/hadoop/share/ozone/lib/ratis-common-0.5.0-ced7dbf-SNAPSHOT.jar:/opt/hadoop/share/ozone/lib/avro-1.7.7.jar:/opt/hadoop/share/ozone/lib/kerb-client-1.0.1.jar:/opt/hadoop/share/ozone/lib/jackson-xc-1.9.13.jar:/opt/hadoop/share/ozone/lib/disruptor-3.4.2.jar:/opt/hadoop/share/ozone/lib/guava-11.0.2.jar:/opt/hadoop/share/ozone/lib/hadoop-hdds-common-0.5.0-SNAPSHOT.jar:/opt/hadoop/share/ozone/lib/curator-framework-2.12.0.jar:/opt/hadoop/share/ozone/lib/ratis-client-0.5.0-ced7dbf-SNAPSHOT.jar:/opt/hadoop/share/ozone/lib/dnsjava-2.1.7.jar:/opt/hadoop/share/ozone/lib/commons-configuration2-2.1.1.jar:/opt/hadoop/share/ozone/lib/json-smart-2.3.jar:/opt/hadoop/share/ozone/lib/token-provider-1.0.1.jar:/opt/hadoop/share/ozone/lib/log4j-1.2.17.jar:/opt/hadoop/share/ozone/lib/commons-daemon-1.0.13.jar:/opt/hadoop/share/ozone/lib/ratis-netty-0.5.0-ced7dbf-SNAPSHOT.jar:/opt/hadoop/share/ozone/lib/ratis-grpc-0.5.0-ced7dbf-SNAPSHOT.jar:/opt/hadoop/share/ozone/lib/bcprov-jdk15on-1.60.jar:/opt/hadoop/share/ozone/lib/commons-lang3-3.7.jar:/opt/hadoop/share/ozone/lib/commons-compress-1.4.1.jar:/opt/hadoop/share/ozone/lib/jaeger-client-0.34.0.jar:/opt/hadoop/share/ozone/lib/jetty-server-9.3.25.v20180904.jar:/opt/hadoop/share/ozone/lib/accessors-smart-1.2.jar:/opt/hadoop/share/ozone/lib/re2j-1.1.jar:/opt/hadoop/share/ozone/lib/curator-recipes-2.12.0.jar:/opt/hadoop/share/ozone/lib/jackson-core-2.9.9.jar:/opt/hadoop/share/ozone/lib/commons-math3-3.1.1.jar:/opt/hadoop/share/ozone/lib/opentracing-noop-0.31.0.jar:/opt/hadoop/share/ozone/lib/httpclient-4.5.2.jar:/opt/hadoop/share/ozone/lib/jaeger-core-0.34.0.jar:/opt/hadoop/share/ozone/lib/asm-5.0.4.jar:/opt/hadoop/share/ozone/lib/curator-client-2.12.0.jar:/opt/hadoop/share/ozone/lib/audience-annotations-0.5.0.jar:/opt/hadoop/share/ozone/lib/kerby-util-1.0.1.jar:/opt/hadoop/share/ozone/lib/ratis-proto-0.5.0-ced7dbf-SNAPSHOT.jar:/opt/hadoop/share/ozone/lib/jackson-mapper-asl-1.9.13.jar:/opt/hadoop/share/ozone/lib/rocksdbjni-6.0.1.jar:/opt/hadoop/share/ozone/lib/jsp-api-2.1.jar:/opt/hadoop/share/ozone/lib/jsch-0.1.54.jar:/opt/hadoop/share/ozone/lib/opentracing-tracerresolver-0.1.5.jar:/opt/hadoop/share/ozone/lib/paranamer-2.3.jar:/opt/hadoop/share/ozone/lib/log4j-core-2.11.0.jar:/opt/hadoop/share/ozone/lib/jetty-io-9.3.25.v20180904.jar:/opt/hadoop/share/ozone/lib/jetty-xml-9.3.25.v20180904.jar:/opt/hadoop/share/ozone/lib/commons-codec-1.11.jar:/opt/hadoop/share/ozone/lib/commons-pool2-2.6.0.jar:/opt/hadoop/share/ozone/lib/gson-2.2.4.jar:/opt/hadoop/share/ozone/lib/jcip-annotations-1.0-1.jar:/opt/hadoop/share/ozone/lib/kerb-admin-1.0.1.jar:/opt/hadoop/share/ozone/lib/okio-1.13.0.jar:/opt/hadoop/share/ozone/lib/commons-io-2.5.jar:/opt/hadoop/share/ozone/lib/snakeyaml-1.16.jar:/opt/hadoop/share/ozone/lib/hadoop-ozone-client-0.5.0-SNAPSHOT.jar:/opt/hadoop/share/ozone/lib/jersey-core-1.19.jar:/opt/hadoop/share/ozone/lib/jackson-databind-2.9.9.jar:/opt/hadoop/share/ozone/lib/hadoop-hdds-container-service-0.5.0-SNAPSHOT.jar:/opt/hadoop/share/ozone/lib/ratis-metrics-0.5.0-ced7dbf-SNAPSHOT.jar:/opt/hadoop/share/ozone/lib/picocli-3.9.6.jar:/opt/hadoop/share/ozone/lib/jaeger-thrift-0.34.0.jar:/opt/hadoop/share/ozone/lib/jackson-annotations-2.9.9.jar:/opt/hadoop/share/ozone/lib/commons-cli-1.2.jar:/opt/hadoop/share/ozone/lib/hadoop-hdds-docs-0.5.0-SNAPSHOT.jar:/opt/hadoop/share/ozone/lib/woodstox-core-5.0.3.jar:/opt/hadoop/share/ozone/lib/javax.annotation-api-1.2.jar:/opt/hadoop/share/ozone/lib/snappy-java-1.0.5.jar:/opt/hadoop/share/ozone/lib/jaeger-tracerresolver-0.34.0.jar:/opt/hadoop/share/ozone/lib/jetty-security-9.3.25.v20180904.jar:/opt/hadoop/share/ozone/lib/jetty-http-9.3.25.v20180904.jar:/opt/hadoop/share/ozone/lib/kerby-asn1-1.0.1.jar:/opt/hadoop/share/ozone/lib/okhttp-3.9.0.jar:/opt/hadoop/share/ozone/lib/stax2-api-3.1.4.jar:/opt/hadoop/share/ozone/lib/commons-digester-1.8.1.jar:/opt/hadoop/share/ozone/lib/commons-collections-3.2.2.jar:/opt/hadoop/share/ozone/lib/jettison-1.1.jar:/opt/hadoop/share/ozone/lib/commons-text-1.4.jar:/opt/hadoop/share/ozone/lib/jersey-servlet-1.19.jar:/opt/hadoop/share/ozone/lib/jersey-json-1.19.jar:/opt/hadoop/share/ozone/lib/slf4j-api-1.7.25.jar:/opt/hadoop/share/ozone/lib/jetty-util-ajax-9.3.25.v20180904.jar:/opt/hadoop/share/ozone/lib/commons-logging-1.1.3.jar:/opt/hadoop/share/ozone/lib/hadoop-hdds-client-0.5.0-SNAPSHOT.jar:/opt/hadoop/share/ozone/lib/kerb-identity-1.0.1.jar:/opt/hadoop/share/ozone/lib/opentracing-util-0.31.0.jar:/opt/hadoop/share/ozone/lib/hadoop-common-3.2.0.jar:/opt/hadoop/share/ozone/lib/hadoop-auth-3.2.0.jar:/opt/hadoop/share/ozone/lib/kerb-common-1.0.1.jar:/opt/hadoop/share/ozone/lib/jetty-servlet-9.3.25.v20180904.jar:/opt/hadoop/share/ozone/lib/jersey-server-1.19.jar:/opt/hadoop/share/ozone/lib/kerb-crypto-1.0.1.jar:/opt/hadoop/share/ozone/lib/httpcore-4.4.4.jar:/opt/hadoop/share/ozone/web:/opt/hadoop/share/ozone/lib/hadoop-ozone-ozone-manager-0.5.0-SNAPSHOT.jar
datanode_1  | 2019-10-24 11:34:40,744 INFO http.HttpServer2: Added filter static_user_filter (class=org.apache.hadoop.http.lib.StaticUserWebFilter$StaticUserFilter) to context hddsDatanode
om3_1       | 2019-10-24 11:34:42,761 [main] INFO       - registered UNIX signal handlers for [TERM, HUP, INT]
datanode_3  | 2019-10-24 11:34:41,136 INFO handler.ContextHandler: Started o.e.j.w.WebAppContext@73d60e76{/,file:///tmp/jetty-0.0.0.0-9882-hddsDatanode-_-any-14099504252060359155.dir/webapp/,AVAILABLE}{/hddsDatanode}
s3g_1       | 2019-10-24 11:35:25,270 INFO impl.MetricsSystemImpl: XceiverClientMetrics metrics system started
scm_1       | 2019-10-24 11:34:39,203 INFO server.StorageContainerManagerStarter: registered UNIX signal handlers for [TERM, HUP, INT]
datanode_2  | 2019-10-24 11:34:41,912 INFO http.HttpServer2: Added filter static_user_filter (class=org.apache.hadoop.http.lib.StaticUserWebFilter$StaticUserFilter) to context static
datanode_1  | 2019-10-24 11:34:40,744 INFO http.HttpServer2: Added filter static_user_filter (class=org.apache.hadoop.http.lib.StaticUserWebFilter$StaticUserFilter) to context logs
om3_1       | 2019-10-24 11:34:43,663 [main] INFO       - Found matching OM address with OMServiceId: id1, OMNodeId: om3, RPC Address: om3:9862 and Ratis port: 9872
om1_1       | 2019-10-24 11:34:43,692 WARN server.ServerUtils: ozone.om.db.dirs is not configured. We recommend adding this setting. Falling back to ozone.metadata.dirs instead.
datanode_3  | 2019-10-24 11:34:41,142 INFO server.AbstractConnector: Started ServerConnector@44d74758{HTTP/1.1,[http/1.1]}{0.0.0.0:9882}
s3g_1       | 2019-10-24 11:35:25,272 WARN impl.MetricsSystemImpl: Sink prometheus already exists!
scm_1       | 2019-10-24 11:34:39,511 WARN server.ServerUtils: ozone.scm.db.dirs is not configured. We recommend adding this setting. Falling back to ozone.metadata.dirs instead.
datanode_2  | 2019-10-24 11:34:41,929 WARN server.BaseHttpServer: /prof java profiling servlet is activated. Not safe for production!
om3_1       | 2019-10-24 11:34:43,663 [main] INFO       - Setting configuration key ozone.om.address with value of key ozone.om.address.om3: om3
om2_1       | STARTUP_MSG:   build = https://github.com/apache/hadoop.git -r e97acb3bd8f3befd27418996fa5d4b50bf2e17bf; compiled by 'sunilg' on 2019-01-15T17:34Z
om1_1       | 2019-10-24 11:34:43,701 WARN server.ServerUtils: ozone.om.db.dirs is not configured. We recommend adding this setting. Falling back to ozone.metadata.dirs instead.
datanode_3  | 2019-10-24 11:34:41,143 INFO server.Server: Started @3528ms
s3g_1       | 2019-10-24 11:35:33,149 [qtp1105322512-29] INFO       - Location is /bucket-49670
datanode_1  | 2019-10-24 11:34:40,744 INFO http.HttpServer2: Added filter static_user_filter (class=org.apache.hadoop.http.lib.StaticUserWebFilter$StaticUserFilter) to context static
scm_1       | 2019-10-24 11:34:39,524 WARN server.ServerUtils: ozone.scm.db.dirs is not configured. We recommend adding this setting. Falling back to ozone.metadata.dirs instead.
datanode_2  | 2019-10-24 11:34:41,936 INFO http.HttpServer2: Jetty bound to port 9882
om3_1       | 2019-10-24 11:34:43,666 WARN server.ServerUtils: ozone.om.db.dirs is not configured. We recommend adding this setting. Falling back to ozone.metadata.dirs instead.
om2_1       | STARTUP_MSG:   java = 11.0.3
datanode_3  | 2019-10-24 11:34:41,146 INFO impl.MetricsSinkAdapter: Sink prometheus started
s3g_1       | 2019-10-24 11:35:33,761 [qtp1105322512-30] INFO       - Location is /bucket-49670
datanode_1  | 2019-10-24 11:34:40,785 WARN server.BaseHttpServer: /prof java profiling servlet is activated. Not safe for production!
om1_1       | 2019-10-24 11:34:44,478 WARN server.ServerUtils: ozone.om.db.dirs is not configured. We recommend adding this setting. Falling back to ozone.metadata.dirs instead.
scm_1       | 2019-10-24 11:34:39,552 INFO util.log: Logging initialized @1322ms
datanode_2  | 2019-10-24 11:34:41,937 INFO server.Server: jetty-9.3.25.v20180904, build timestamp: 2018-09-04T21:11:46Z, git hash: 3ce520221d0240229c862b122d2b06c12a625732
om3_1       | 2019-10-24 11:34:43,675 WARN server.ServerUtils: ozone.om.db.dirs is not configured. We recommend adding this setting. Falling back to ozone.metadata.dirs instead.
om2_1       | ************************************************************/
s3g_1       | 2019-10-24 11:35:36,606 [qtp1105322512-27] INFO       - Location is /bucket-72768
datanode_3  | 2019-10-24 11:34:41,146 INFO impl.MetricsSystemImpl: Registered sink prometheus
datanode_1  | 2019-10-24 11:34:40,796 INFO http.HttpServer2: Jetty bound to port 9882
scm_1       | 2019-10-24 11:34:39,677 INFO db.DBStoreBuilder: using custom profile for table: deletedBlocks
datanode_2  | 2019-10-24 11:34:41,962 INFO handler.ContextHandler: Started o.e.j.s.ServletContextHandler@561b7d53{/logs,file:///var/log/hadoop/,AVAILABLE}
om3_1       | 2019-10-24 11:34:44,483 WARN server.ServerUtils: ozone.om.db.dirs is not configured. We recommend adding this setting. Falling back to ozone.metadata.dirs instead.
om2_1       | 2019-10-24 11:34:42,776 [main] INFO       - registered UNIX signal handlers for [TERM, HUP, INT]
s3g_1       | 2019-10-24 11:35:37,906 [qtp1105322512-102] ERROR      - Exception occurred in headBucket
datanode_3  | 2019-10-24 11:34:41,148 INFO server.BaseHttpServer: HTTP server of HDDSDATANODE is listening at http://0.0.0.0:9882
om1_1       | 2019-10-24 11:34:44,506 INFO util.log: Logging initialized @2486ms
datanode_1  | 2019-10-24 11:34:40,798 INFO server.Server: jetty-9.3.25.v20180904, build timestamp: 2018-09-04T21:11:46Z, git hash: 3ce520221d0240229c862b122d2b06c12a625732
scm_1       | 2019-10-24 11:34:39,677 INFO db.DBStoreBuilder: Using default column profile:DBProfile.DISK for Table:deletedBlocks
datanode_2  | 2019-10-24 11:34:41,963 INFO handler.ContextHandler: Started o.e.j.s.ServletContextHandler@1457fde{/static,jar:file:/opt/hadoop/share/ozone/lib/hadoop-hdds-container-service-0.5.0-SNAPSHOT.jar!/webapps/static,AVAILABLE}
om3_1       | 2019-10-24 11:34:44,506 INFO util.log: Logging initialized @2586ms
om2_1       | 2019-10-24 11:34:43,677 [main] INFO       - Found matching OM address with OMServiceId: id1, OMNodeId: om2, RPC Address: om2:9862 and Ratis port: 9872
s3g_1       | org.apache.hadoop.ozone.s3.exception.OS3Exception
datanode_3  | 2019-10-24 11:34:41,163 INFO util.JvmPauseMonitor: Starting JVM pause monitor
om1_1       | 2019-10-24 11:34:44,614 INFO db.DBStoreBuilder: using custom profile for table: userTable
datanode_1  | 2019-10-24 11:34:40,828 INFO handler.ContextHandler: Started o.e.j.s.ServletContextHandler@2f4c2cd4{/logs,file:///var/log/hadoop/,AVAILABLE}
scm_1       | 2019-10-24 11:34:39,677 INFO db.DBStoreBuilder: using custom profile for table: validCerts
datanode_2  | 2019-10-24 11:34:42,027 INFO handler.ContextHandler: Started o.e.j.w.WebAppContext@64aad809{/,file:///tmp/jetty-0.0.0.0-9882-hddsDatanode-_-any-16081958150414780250.dir/webapp/,AVAILABLE}{/hddsDatanode}
om3_1       | 2019-10-24 11:34:44,610 INFO db.DBStoreBuilder: using custom profile for table: userTable
om2_1       | 2019-10-24 11:34:43,677 [main] INFO       - Setting configuration key ozone.om.address with value of key ozone.om.address.om2: om2
s3g_1       | 	at org.apache.hadoop.ozone.s3.exception.S3ErrorTable.newError(S3ErrorTable.java:103)
datanode_3  | 2019-10-24 11:34:41,334 [Datanode State Machine Thread - 0] INFO       - DatanodeDetails is persisted to /data/datanode.id
om1_1       | 2019-10-24 11:34:44,614 INFO db.DBStoreBuilder: Using default column profile:DBProfile.DISK for Table:userTable
datanode_1  | 2019-10-24 11:34:40,829 INFO handler.ContextHandler: Started o.e.j.s.ServletContextHandler@1dc3502b{/static,jar:file:/opt/hadoop/share/ozone/lib/hadoop-hdds-container-service-0.5.0-SNAPSHOT.jar!/webapps/static,AVAILABLE}
scm_1       | 2019-10-24 11:34:39,678 INFO db.DBStoreBuilder: Using default column profile:DBProfile.DISK for Table:validCerts
datanode_2  | 2019-10-24 11:34:42,033 INFO server.AbstractConnector: Started ServerConnector@354e7004{HTTP/1.1,[http/1.1]}{0.0.0.0:9882}
om3_1       | 2019-10-24 11:34:44,610 INFO db.DBStoreBuilder: Using default column profile:DBProfile.DISK for Table:userTable
om2_1       | 2019-10-24 11:34:43,680 WARN server.ServerUtils: ozone.om.db.dirs is not configured. We recommend adding this setting. Falling back to ozone.metadata.dirs instead.
s3g_1       | 	at org.apache.hadoop.ozone.s3.endpoint.EndpointBase.getBucket(EndpointBase.java:81)
datanode_3  | 2019-10-24 11:34:43,277 [Datanode State Machine Thread - 0] INFO       - Attempting to start container services.
om1_1       | 2019-10-24 11:34:44,614 INFO db.DBStoreBuilder: using custom profile for table: volumeTable
datanode_1  | 2019-10-24 11:34:40,904 INFO handler.ContextHandler: Started o.e.j.w.WebAppContext@24f870ee{/,file:///tmp/jetty-0.0.0.0-9882-hddsDatanode-_-any-17009104897641824614.dir/webapp/,AVAILABLE}{/hddsDatanode}
scm_1       | 2019-10-24 11:34:39,678 INFO db.DBStoreBuilder: using custom profile for table: revokedCerts
datanode_2  | 2019-10-24 11:34:42,033 INFO server.Server: Started @3413ms
om3_1       | 2019-10-24 11:34:44,610 INFO db.DBStoreBuilder: using custom profile for table: volumeTable
om2_1       | 2019-10-24 11:34:43,690 WARN server.ServerUtils: ozone.om.db.dirs is not configured. We recommend adding this setting. Falling back to ozone.metadata.dirs instead.
s3g_1       | 	at org.apache.hadoop.ozone.s3.endpoint.BucketEndpoint.head(BucketEndpoint.java:250)
datanode_3  | 2019-10-24 11:34:43,280 [Datanode State Machine Thread - 0] INFO       - Background container scanner has been disabled.
om1_1       | 2019-10-24 11:34:44,614 INFO db.DBStoreBuilder: Using default column profile:DBProfile.DISK for Table:volumeTable
scm_1       | 2019-10-24 11:34:39,678 INFO db.DBStoreBuilder: Using default column profile:DBProfile.DISK for Table:revokedCerts
datanode_1  | 2019-10-24 11:34:40,917 INFO server.AbstractConnector: Started ServerConnector@71f6e5c7{HTTP/1.1,[http/1.1]}{0.0.0.0:9882}
datanode_2  | 2019-10-24 11:34:42,036 INFO impl.MetricsSinkAdapter: Sink prometheus started
om3_1       | 2019-10-24 11:34:44,610 INFO db.DBStoreBuilder: Using default column profile:DBProfile.DISK for Table:volumeTable
om2_1       | 2019-10-24 11:34:44,476 WARN server.ServerUtils: ozone.om.db.dirs is not configured. We recommend adding this setting. Falling back to ozone.metadata.dirs instead.
s3g_1       | 	at java.base/jdk.internal.reflect.NativeMethodAccessorImpl.invoke0(Native Method)
datanode_3  | 2019-10-24 11:34:43,280 [Datanode State Machine Thread - 0] INFO       - Starting XceiverServerRatis a651eca6-519f-470f-8f7a-d7aa3e08948c at port 9858
om1_1       | 2019-10-24 11:34:44,614 INFO db.DBStoreBuilder: using custom profile for table: bucketTable
scm_1       | 2019-10-24 11:34:39,690 INFO db.DBStoreBuilder: using custom profile for table: default
datanode_1  | 2019-10-24 11:34:40,917 INFO server.Server: Started @3435ms
datanode_2  | 2019-10-24 11:34:42,036 INFO impl.MetricsSystemImpl: Registered sink prometheus
om3_1       | 2019-10-24 11:34:44,610 INFO db.DBStoreBuilder: using custom profile for table: bucketTable
om2_1       | 2019-10-24 11:34:44,498 INFO util.log: Logging initialized @2536ms
s3g_1       | 	at java.base/jdk.internal.reflect.NativeMethodAccessorImpl.invoke(NativeMethodAccessorImpl.java:62)
datanode_3  | 2019-10-24 11:34:43,295 INFO impl.RaftServerProxy: a651eca6-519f-470f-8f7a-d7aa3e08948c: start RPC server
om1_1       | 2019-10-24 11:34:44,614 INFO db.DBStoreBuilder: Using default column profile:DBProfile.DISK for Table:bucketTable
scm_1       | 2019-10-24 11:34:39,690 INFO db.DBStoreBuilder: Using default column profile:DBProfile.DISK for Table:default
datanode_1  | 2019-10-24 11:34:40,922 INFO impl.MetricsSinkAdapter: Sink prometheus started
om3_1       | 2019-10-24 11:34:44,611 INFO db.DBStoreBuilder: Using default column profile:DBProfile.DISK for Table:bucketTable
datanode_2  | 2019-10-24 11:34:42,038 INFO server.BaseHttpServer: HTTP server of HDDSDATANODE is listening at http://0.0.0.0:9882
om2_1       | 2019-10-24 11:34:44,603 INFO db.DBStoreBuilder: using custom profile for table: userTable
s3g_1       | 	at java.base/jdk.internal.reflect.DelegatingMethodAccessorImpl.invoke(DelegatingMethodAccessorImpl.java:43)
datanode_3  | 2019-10-24 11:34:43,393 INFO server.GrpcService: a651eca6-519f-470f-8f7a-d7aa3e08948c: GrpcService started, listening on 0.0.0.0/0.0.0.0:9858
om1_1       | 2019-10-24 11:34:44,615 INFO db.DBStoreBuilder: using custom profile for table: keyTable
scm_1       | 2019-10-24 11:34:39,691 INFO db.DBStoreBuilder: Using default options. DBProfile.DISK
datanode_1  | 2019-10-24 11:34:40,922 INFO impl.MetricsSystemImpl: Registered sink prometheus
om3_1       | 2019-10-24 11:34:44,611 INFO db.DBStoreBuilder: using custom profile for table: keyTable
datanode_2  | 2019-10-24 11:34:42,057 INFO util.JvmPauseMonitor: Starting JVM pause monitor
om2_1       | 2019-10-24 11:34:44,603 INFO db.DBStoreBuilder: Using default column profile:DBProfile.DISK for Table:userTable
s3g_1       | 	at java.base/java.lang.reflect.Method.invoke(Method.java:566)
datanode_3  | WARNING: An illegal reflective access operation has occurred
om1_1       | 2019-10-24 11:34:44,615 INFO db.DBStoreBuilder: Using default column profile:DBProfile.DISK for Table:keyTable
scm_1       | 2019-10-24 11:34:39,837 INFO net.NodeSchemaLoader: Loading file from java.lang.CompoundEnumeration@1c852c0f
datanode_1  | 2019-10-24 11:34:40,924 INFO server.BaseHttpServer: HTTP server of HDDSDATANODE is listening at http://0.0.0.0:9882
om3_1       | 2019-10-24 11:34:44,611 INFO db.DBStoreBuilder: Using default column profile:DBProfile.DISK for Table:keyTable
datanode_2  | 2019-10-24 11:34:42,227 [Datanode State Machine Thread - 0] INFO       - DatanodeDetails is persisted to /data/datanode.id
om2_1       | 2019-10-24 11:34:44,604 INFO db.DBStoreBuilder: using custom profile for table: volumeTable
s3g_1       | 	at org.glassfish.jersey.server.model.internal.ResourceMethodInvocationHandlerFactory.lambda$static$0(ResourceMethodInvocationHandlerFactory.java:76)
datanode_3  | WARNING: Illegal reflective access by org.apache.ratis.thirdparty.com.google.protobuf.UnsafeUtil (file:/opt/hadoop/share/ozone/lib/ratis-thirdparty-misc-0.2.0.jar) to field java.nio.Buffer.address
om1_1       | 2019-10-24 11:34:44,615 INFO db.DBStoreBuilder: using custom profile for table: deletedTable
scm_1       | 2019-10-24 11:34:39,838 INFO net.NodeSchemaLoader: Loading network topology layer schema file
datanode_1  | 2019-10-24 11:34:40,946 INFO util.JvmPauseMonitor: Starting JVM pause monitor
om3_1       | 2019-10-24 11:34:44,611 INFO db.DBStoreBuilder: using custom profile for table: deletedTable
datanode_2  | 2019-10-24 11:34:44,158 [Datanode State Machine Thread - 0] INFO       - Attempting to start container services.
om2_1       | 2019-10-24 11:34:44,604 INFO db.DBStoreBuilder: Using default column profile:DBProfile.DISK for Table:volumeTable
s3g_1       | 	at org.glassfish.jersey.server.model.internal.AbstractJavaResourceMethodDispatcher$1.run(AbstractJavaResourceMethodDispatcher.java:148)
datanode_3  | WARNING: Please consider reporting this to the maintainers of org.apache.ratis.thirdparty.com.google.protobuf.UnsafeUtil
om1_1       | 2019-10-24 11:34:44,615 INFO db.DBStoreBuilder: Using default column profile:DBProfile.DISK for Table:deletedTable
scm_1       | 2019-10-24 11:34:39,929 INFO node.SCMNodeManager: Entering startup safe mode.
datanode_1  | 2019-10-24 11:34:41,132 [Datanode State Machine Thread - 0] INFO       - DatanodeDetails is persisted to /data/datanode.id
om3_1       | 2019-10-24 11:34:44,611 INFO db.DBStoreBuilder: Using default column profile:DBProfile.DISK for Table:deletedTable
datanode_2  | 2019-10-24 11:34:44,162 [Datanode State Machine Thread - 0] INFO       - Background container scanner has been disabled.
om2_1       | 2019-10-24 11:34:44,604 INFO db.DBStoreBuilder: using custom profile for table: bucketTable
s3g_1       | 	at org.glassfish.jersey.server.model.internal.AbstractJavaResourceMethodDispatcher.invoke(AbstractJavaResourceMethodDispatcher.java:191)
datanode_3  | WARNING: Use --illegal-access=warn to enable warnings of further illegal reflective access operations
om1_1       | 2019-10-24 11:34:44,615 INFO db.DBStoreBuilder: using custom profile for table: openKeyTable
scm_1       | 2019-10-24 11:34:40,029 INFO algorithms.ContainerPlacementPolicyFactory: Create container placement policy of type org.apache.hadoop.hdds.scm.container.placement.algorithms.SCMContainerPlacementRandom
datanode_1  | 2019-10-24 11:34:43,100 [Datanode State Machine Thread - 0] INFO       - Attempting to start container services.
om3_1       | 2019-10-24 11:34:44,612 INFO db.DBStoreBuilder: using custom profile for table: openKeyTable
datanode_2  | 2019-10-24 11:34:44,162 [Datanode State Machine Thread - 0] INFO       - Starting XceiverServerRatis 02c78ab7-6aeb-4d81-bbec-27fa1b2e3740 at port 9858
om2_1       | 2019-10-24 11:34:44,604 INFO db.DBStoreBuilder: Using default column profile:DBProfile.DISK for Table:bucketTable
s3g_1       | 	at org.glassfish.jersey.server.model.internal.JavaResourceMethodDispatcherProvider$ResponseOutInvoker.doDispatch(JavaResourceMethodDispatcherProvider.java:200)
datanode_3  | WARNING: All illegal access operations will be denied in a future release
om1_1       | 2019-10-24 11:34:44,615 INFO db.DBStoreBuilder: Using default column profile:DBProfile.DISK for Table:openKeyTable
scm_1       | 2019-10-24 11:34:40,043 WARN server.ServerUtils: ozone.scm.db.dirs is not configured. We recommend adding this setting. Falling back to ozone.metadata.dirs instead.
datanode_1  | 2019-10-24 11:34:43,103 [Datanode State Machine Thread - 0] INFO       - Background container scanner has been disabled.
om3_1       | 2019-10-24 11:34:44,612 INFO db.DBStoreBuilder: Using default column profile:DBProfile.DISK for Table:openKeyTable
datanode_2  | 2019-10-24 11:34:44,178 INFO impl.RaftServerProxy: 02c78ab7-6aeb-4d81-bbec-27fa1b2e3740: start RPC server
om2_1       | 2019-10-24 11:34:44,604 INFO db.DBStoreBuilder: using custom profile for table: keyTable
s3g_1       | 	at org.glassfish.jersey.server.model.internal.AbstractJavaResourceMethodDispatcher.dispatch(AbstractJavaResourceMethodDispatcher.java:103)
om1_1       | 2019-10-24 11:34:44,615 INFO db.DBStoreBuilder: using custom profile for table: s3Table
datanode_3  | 2019-10-24 11:34:46,929 INFO impl.RaftServerProxy: a651eca6-519f-470f-8f7a-d7aa3e08948c: addNew group-73DB73401625:[a651eca6-519f-470f-8f7a-d7aa3e08948c:172.18.0.9:9858] returns group-73DB73401625:java.util.concurrent.CompletableFuture@4a0ab101[Not completed]
scm_1       | 2019-10-24 11:34:40,111 INFO pipeline.SCMPipelineManager: No pipeline exists in current db
datanode_2  | 2019-10-24 11:34:44,298 INFO server.GrpcService: 02c78ab7-6aeb-4d81-bbec-27fa1b2e3740: GrpcService started, listening on 0.0.0.0/0.0.0.0:9858
om2_1       | 2019-10-24 11:34:44,604 INFO db.DBStoreBuilder: Using default column profile:DBProfile.DISK for Table:keyTable
om3_1       | 2019-10-24 11:34:44,612 INFO db.DBStoreBuilder: using custom profile for table: s3Table
s3g_1       | 	at org.glassfish.jersey.server.model.ResourceMethodInvoker.invoke(ResourceMethodInvoker.java:493)
om1_1       | 2019-10-24 11:34:44,615 INFO db.DBStoreBuilder: Using default column profile:DBProfile.DISK for Table:s3Table
datanode_3  | 2019-10-24 11:34:46,960 INFO impl.RaftServerImpl: a651eca6-519f-470f-8f7a-d7aa3e08948c: new RaftServerImpl for group-73DB73401625:[a651eca6-519f-470f-8f7a-d7aa3e08948c:172.18.0.9:9858] with ContainerStateMachine:uninitialized
scm_1       | 2019-10-24 11:34:40,113 WARN server.ServerUtils: ozone.scm.db.dirs is not configured. We recommend adding this setting. Falling back to ozone.metadata.dirs instead.
datanode_1  | 2019-10-24 11:34:43,103 [Datanode State Machine Thread - 0] INFO       - Starting XceiverServerRatis dfdb5cfe-2095-455b-b179-3d44e7a1b185 at port 9858
datanode_2  | WARNING: An illegal reflective access operation has occurred
om2_1       | 2019-10-24 11:34:44,605 INFO db.DBStoreBuilder: using custom profile for table: deletedTable
om3_1       | 2019-10-24 11:34:44,612 INFO db.DBStoreBuilder: Using default column profile:DBProfile.DISK for Table:s3Table
s3g_1       | 	at org.glassfish.jersey.server.model.ResourceMethodInvoker.apply(ResourceMethodInvoker.java:415)
om1_1       | 2019-10-24 11:34:44,616 INFO db.DBStoreBuilder: using custom profile for table: multipartInfoTable
scm_1       | 2019-10-24 11:34:40,199 WARN events.EventQueue: No event handler registered for event TypedEvent{payloadType=SafeModeStatus, name='SafeModeStatus'}
datanode_3  | 2019-10-24 11:34:46,962 INFO server.RaftServerConfigKeys: raft.server.rpc.timeout.min = 5s (custom)
datanode_1  | 2019-10-24 11:34:43,117 INFO impl.RaftServerProxy: dfdb5cfe-2095-455b-b179-3d44e7a1b185: start RPC server
datanode_2  | WARNING: Illegal reflective access by org.apache.ratis.thirdparty.com.google.protobuf.UnsafeUtil (file:/opt/hadoop/share/ozone/lib/ratis-thirdparty-misc-0.2.0.jar) to field java.nio.Buffer.address
om2_1       | 2019-10-24 11:34:44,605 INFO db.DBStoreBuilder: Using default column profile:DBProfile.DISK for Table:deletedTable
om3_1       | 2019-10-24 11:34:44,612 INFO db.DBStoreBuilder: using custom profile for table: multipartInfoTable
s3g_1       | 	at org.glassfish.jersey.server.model.ResourceMethodInvoker.apply(ResourceMethodInvoker.java:104)
scm_1       | 2019-10-24 11:34:40,777 INFO ipc.CallQueueManager: Using callQueue: class java.util.concurrent.LinkedBlockingQueue, queueCapacity: 1000, scheduler: class org.apache.hadoop.ipc.DefaultRpcScheduler, ipcBackoff: false.
om1_1       | 2019-10-24 11:34:44,616 INFO db.DBStoreBuilder: Using default column profile:DBProfile.DISK for Table:multipartInfoTable
datanode_3  | 2019-10-24 11:34:46,962 INFO server.RaftServerConfigKeys: raft.server.rpc.timeout.max = 5200ms (custom)
datanode_1  | 2019-10-24 11:34:43,240 INFO server.GrpcService: dfdb5cfe-2095-455b-b179-3d44e7a1b185: GrpcService started, listening on 0.0.0.0/0.0.0.0:9858
datanode_2  | WARNING: Please consider reporting this to the maintainers of org.apache.ratis.thirdparty.com.google.protobuf.UnsafeUtil
om2_1       | 2019-10-24 11:34:44,605 INFO db.DBStoreBuilder: using custom profile for table: openKeyTable
s3g_1       | 	at org.glassfish.jersey.server.ServerRuntime$1.run(ServerRuntime.java:277)
om3_1       | 2019-10-24 11:34:44,612 INFO db.DBStoreBuilder: Using default column profile:DBProfile.DISK for Table:multipartInfoTable
scm_1       | 2019-10-24 11:34:40,796 INFO ipc.Server: Starting Socket Reader #1 for port 9861
datanode_3  | 2019-10-24 11:34:46,962 INFO server.RaftServerConfigKeys: raft.server.rpcslowness.timeout = 120s (custom)
om1_1       | 2019-10-24 11:34:44,616 INFO db.DBStoreBuilder: using custom profile for table: dTokenTable
datanode_1  | WARNING: An illegal reflective access operation has occurred
datanode_2  | WARNING: Use --illegal-access=warn to enable warnings of further illegal reflective access operations
om2_1       | 2019-10-24 11:34:44,605 INFO db.DBStoreBuilder: Using default column profile:DBProfile.DISK for Table:openKeyTable
s3g_1       | 	at org.glassfish.jersey.internal.Errors$1.call(Errors.java:272)
om3_1       | 2019-10-24 11:34:44,613 INFO db.DBStoreBuilder: using custom profile for table: dTokenTable
scm_1       | 2019-10-24 11:34:40,819 INFO ipc.CallQueueManager: Using callQueue: class java.util.concurrent.LinkedBlockingQueue, queueCapacity: 1000, scheduler: class org.apache.hadoop.ipc.DefaultRpcScheduler, ipcBackoff: false.
datanode_3  | 2019-10-24 11:34:46,963 INFO server.RaftServerConfigKeys: raft.server.sleep.deviation.threshold = 300 (default)
om1_1       | 2019-10-24 11:34:44,616 INFO db.DBStoreBuilder: Using default column profile:DBProfile.DISK for Table:dTokenTable
datanode_1  | WARNING: Illegal reflective access by org.apache.ratis.thirdparty.com.google.protobuf.UnsafeUtil (file:/opt/hadoop/share/ozone/lib/ratis-thirdparty-misc-0.2.0.jar) to field java.nio.Buffer.address
datanode_2  | WARNING: All illegal access operations will be denied in a future release
om2_1       | 2019-10-24 11:34:44,606 INFO db.DBStoreBuilder: using custom profile for table: s3Table
s3g_1       | 	at org.glassfish.jersey.internal.Errors$1.call(Errors.java:268)
om3_1       | 2019-10-24 11:34:44,613 INFO db.DBStoreBuilder: Using default column profile:DBProfile.DISK for Table:dTokenTable
scm_1       | 2019-10-24 11:34:40,820 INFO ipc.Server: Starting Socket Reader #1 for port 9863
datanode_3  | 2019-10-24 11:34:46,964 INFO server.RaftServerConfigKeys: raft.server.log.appender.install.snapshot.enabled = false (custom)
om1_1       | 2019-10-24 11:34:44,616 INFO db.DBStoreBuilder: using custom profile for table: s3SecretTable
datanode_1  | WARNING: Please consider reporting this to the maintainers of org.apache.ratis.thirdparty.com.google.protobuf.UnsafeUtil
datanode_2  | 2019-10-24 11:34:46,399 INFO impl.RaftServerProxy: 02c78ab7-6aeb-4d81-bbec-27fa1b2e3740: addNew group-EA452A09AE4B:[02c78ab7-6aeb-4d81-bbec-27fa1b2e3740:172.18.0.8:9858] returns group-EA452A09AE4B:java.util.concurrent.CompletableFuture@2c2dd9d5[Not completed]
om2_1       | 2019-10-24 11:34:44,606 INFO db.DBStoreBuilder: Using default column profile:DBProfile.DISK for Table:s3Table
s3g_1       | 	at org.glassfish.jersey.internal.Errors.process(Errors.java:316)
om3_1       | 2019-10-24 11:34:44,613 INFO db.DBStoreBuilder: using custom profile for table: s3SecretTable
scm_1       | 2019-10-24 11:34:40,830 INFO ipc.CallQueueManager: Using callQueue: class java.util.concurrent.LinkedBlockingQueue, queueCapacity: 1000, scheduler: class org.apache.hadoop.ipc.DefaultRpcScheduler, ipcBackoff: false.
datanode_3  | 2019-10-24 11:34:46,971 INFO impl.RaftServerImpl: a651eca6-519f-470f-8f7a-d7aa3e08948c@group-73DB73401625: ConfigurationManager, init=-1: [a651eca6-519f-470f-8f7a-d7aa3e08948c:172.18.0.9:9858], old=null, confs=<EMPTY_MAP>
om1_1       | 2019-10-24 11:34:44,616 INFO db.DBStoreBuilder: Using default column profile:DBProfile.DISK for Table:s3SecretTable
datanode_1  | WARNING: Use --illegal-access=warn to enable warnings of further illegal reflective access operations
datanode_2  | 2019-10-24 11:34:46,424 INFO impl.RaftServerImpl: 02c78ab7-6aeb-4d81-bbec-27fa1b2e3740: new RaftServerImpl for group-EA452A09AE4B:[02c78ab7-6aeb-4d81-bbec-27fa1b2e3740:172.18.0.8:9858] with ContainerStateMachine:uninitialized
om2_1       | 2019-10-24 11:34:44,606 INFO db.DBStoreBuilder: using custom profile for table: multipartInfoTable
s3g_1       | 	at org.glassfish.jersey.internal.Errors.process(Errors.java:298)
om3_1       | 2019-10-24 11:34:44,613 INFO db.DBStoreBuilder: Using default column profile:DBProfile.DISK for Table:s3SecretTable
scm_1       | 2019-10-24 11:34:40,830 INFO ipc.Server: Starting Socket Reader #1 for port 9860
datanode_3  | 2019-10-24 11:34:46,972 INFO server.RaftServerConfigKeys: raft.server.storage.dir = [/data/metadata/ratis] (custom)
om1_1       | 2019-10-24 11:34:44,616 INFO db.DBStoreBuilder: using custom profile for table: prefixTable
datanode_1  | WARNING: All illegal access operations will be denied in a future release
datanode_2  | 2019-10-24 11:34:46,425 INFO server.RaftServerConfigKeys: raft.server.rpc.timeout.min = 5s (custom)
om2_1       | 2019-10-24 11:34:44,606 INFO db.DBStoreBuilder: Using default column profile:DBProfile.DISK for Table:multipartInfoTable
s3g_1       | 	at org.glassfish.jersey.internal.Errors.process(Errors.java:268)
om3_1       | 2019-10-24 11:34:44,613 INFO db.DBStoreBuilder: using custom profile for table: prefixTable
scm_1       | 2019-10-24 11:34:40,857 INFO hdfs.DFSUtil: Starting Web-server for scm at: http://0.0.0.0:9876
datanode_3  | 2019-10-24 11:34:46,977 INFO server.RaftServerConfigKeys: raft.server.log.corruption.policy = EXCEPTION (default)
om1_1       | 2019-10-24 11:34:44,616 INFO db.DBStoreBuilder: Using default column profile:DBProfile.DISK for Table:prefixTable
datanode_1  | 2019-10-24 11:34:45,918 INFO impl.RaftServerProxy: dfdb5cfe-2095-455b-b179-3d44e7a1b185: addNew group-EA5411966F0F:[dfdb5cfe-2095-455b-b179-3d44e7a1b185:172.18.0.7:9858] returns group-EA5411966F0F:java.util.concurrent.CompletableFuture@3bac305c[Not completed]
datanode_2  | 2019-10-24 11:34:46,426 INFO server.RaftServerConfigKeys: raft.server.rpc.timeout.max = 5200ms (custom)
s3g_1       | 	at org.glassfish.jersey.process.internal.RequestScope.runInScope(RequestScope.java:289)
om3_1       | 2019-10-24 11:34:44,613 INFO db.DBStoreBuilder: Using default column profile:DBProfile.DISK for Table:prefixTable
om2_1       | 2019-10-24 11:34:44,606 INFO db.DBStoreBuilder: using custom profile for table: dTokenTable
scm_1       | 2019-10-24 11:34:41,032 INFO server.AuthenticationFilter: Unable to initialize FileSignerSecretProvider, falling back to use random secrets.
datanode_3  | 2019-10-24 11:34:46,979 INFO storage.RaftStorageDirectory: The storage directory /data/metadata/ratis/f60346d5-652f-49e6-8323-73db73401625 does not exist. Creating ...
om1_1       | 2019-10-24 11:34:44,626 INFO db.DBStoreBuilder: using custom profile for table: default
datanode_1  | 2019-10-24 11:34:45,945 INFO impl.RaftServerImpl: dfdb5cfe-2095-455b-b179-3d44e7a1b185: new RaftServerImpl for group-EA5411966F0F:[dfdb5cfe-2095-455b-b179-3d44e7a1b185:172.18.0.7:9858] with ContainerStateMachine:uninitialized
datanode_2  | 2019-10-24 11:34:46,426 INFO server.RaftServerConfigKeys: raft.server.rpcslowness.timeout = 120s (custom)
s3g_1       | 	at org.glassfish.jersey.server.ServerRuntime.process(ServerRuntime.java:256)
om3_1       | 2019-10-24 11:34:44,626 INFO db.DBStoreBuilder: using custom profile for table: default
om2_1       | 2019-10-24 11:34:44,607 INFO db.DBStoreBuilder: Using default column profile:DBProfile.DISK for Table:dTokenTable
scm_1       | 2019-10-24 11:34:41,047 INFO http.HttpRequestLog: Http request log for http.requests.scm is not defined
datanode_3  | 2019-10-24 11:34:46,996 INFO storage.RaftStorageDirectory: Lock on /data/metadata/ratis/f60346d5-652f-49e6-8323-73db73401625/in_use.lock acquired by nodename 7@58fbf5765877
om1_1       | 2019-10-24 11:34:44,626 INFO db.DBStoreBuilder: Using default column profile:DBProfile.DISK for Table:default
datanode_1  | 2019-10-24 11:34:45,947 INFO server.RaftServerConfigKeys: raft.server.rpc.timeout.min = 5s (custom)
datanode_2  | 2019-10-24 11:34:46,427 INFO server.RaftServerConfigKeys: raft.server.sleep.deviation.threshold = 300 (default)
s3g_1       | 	at org.glassfish.jersey.server.ApplicationHandler.handle(ApplicationHandler.java:703)
om3_1       | 2019-10-24 11:34:44,626 INFO db.DBStoreBuilder: Using default column profile:DBProfile.DISK for Table:default
om2_1       | 2019-10-24 11:34:44,607 INFO db.DBStoreBuilder: using custom profile for table: s3SecretTable
scm_1       | 2019-10-24 11:34:41,055 INFO http.HttpServer2: Added global filter 'safety' (class=org.apache.hadoop.http.HttpServer2$QuotingInputFilter)
datanode_3  | 2019-10-24 11:34:47,011 INFO storage.RaftStorage: Storage directory /data/metadata/ratis/f60346d5-652f-49e6-8323-73db73401625 has been successfully formatted.
om1_1       | 2019-10-24 11:34:44,627 INFO db.DBStoreBuilder: Using default options. DBProfile.DISK
datanode_1  | 2019-10-24 11:34:45,947 INFO server.RaftServerConfigKeys: raft.server.rpc.timeout.max = 5200ms (custom)
datanode_2  | 2019-10-24 11:34:46,427 INFO server.RaftServerConfigKeys: raft.server.log.appender.install.snapshot.enabled = false (custom)
s3g_1       | 	at org.glassfish.jersey.servlet.WebComponent.serviceImpl(WebComponent.java:416)
om3_1       | 2019-10-24 11:34:44,628 INFO db.DBStoreBuilder: Using default options. DBProfile.DISK
scm_1       | 2019-10-24 11:34:41,058 INFO http.HttpServer2: Added filter static_user_filter (class=org.apache.hadoop.http.lib.StaticUserWebFilter$StaticUserFilter) to context scm
om2_1       | 2019-10-24 11:34:44,607 INFO db.DBStoreBuilder: Using default column profile:DBProfile.DISK for Table:s3SecretTable
datanode_3  | 2019-10-24 11:34:47,015 [pool-8-thread-1] INFO       - group-73DB73401625: The snapshot info is null. Setting the last applied indexto:(t:0, i:~)
om1_1       | 2019-10-24 11:34:45,119 WARN scm.HddsServerUtil: Storage directory for Ratis is not configured. It is a good idea to map this to an SSD disk. Falling back to ozone.metadata.dirs
datanode_1  | 2019-10-24 11:34:45,948 INFO server.RaftServerConfigKeys: raft.server.rpcslowness.timeout = 120s (custom)
datanode_2  | 2019-10-24 11:34:46,434 INFO impl.RaftServerImpl: 02c78ab7-6aeb-4d81-bbec-27fa1b2e3740@group-EA452A09AE4B: ConfigurationManager, init=-1: [02c78ab7-6aeb-4d81-bbec-27fa1b2e3740:172.18.0.8:9858], old=null, confs=<EMPTY_MAP>
s3g_1       | 	at org.glassfish.jersey.servlet.WebComponent.service(WebComponent.java:370)
om3_1       | 2019-10-24 11:34:45,123 WARN scm.HddsServerUtil: Storage directory for Ratis is not configured. It is a good idea to map this to an SSD disk. Falling back to ozone.metadata.dirs
scm_1       | 2019-10-24 11:34:41,058 INFO http.HttpServer2: Added filter static_user_filter (class=org.apache.hadoop.http.lib.StaticUserWebFilter$StaticUserFilter) to context static
om2_1       | 2019-10-24 11:34:44,607 INFO db.DBStoreBuilder: using custom profile for table: prefixTable
datanode_1  | 2019-10-24 11:34:45,948 INFO server.RaftServerConfigKeys: raft.server.sleep.deviation.threshold = 300 (default)
om1_1       | 2019-10-24 11:34:45,149 [main] INFO       - Instantiating OM Ratis server with GroupID: id1 and Raft Peers: om1:9872, om2:9872, om3:9872
datanode_2  | 2019-10-24 11:34:46,434 INFO server.RaftServerConfigKeys: raft.server.storage.dir = [/data/metadata/ratis] (custom)
s3g_1       | 	at org.glassfish.jersey.servlet.ServletContainer.service(ServletContainer.java:389)
datanode_3  | 2019-10-24 11:34:47,016 INFO server.RaftServerConfigKeys: raft.server.notification.no-leader.timeout = 120s (custom)
om3_1       | 2019-10-24 11:34:45,154 [main] INFO       - Instantiating OM Ratis server with GroupID: id1 and Raft Peers: om3:9872, om1:9872, om2:9872
scm_1       | 2019-10-24 11:34:41,058 INFO http.HttpServer2: Added filter static_user_filter (class=org.apache.hadoop.http.lib.StaticUserWebFilter$StaticUserFilter) to context logs
om2_1       | 2019-10-24 11:34:44,607 INFO db.DBStoreBuilder: Using default column profile:DBProfile.DISK for Table:prefixTable
datanode_1  | 2019-10-24 11:34:45,949 INFO server.RaftServerConfigKeys: raft.server.log.appender.install.snapshot.enabled = false (custom)
om1_1       | 2019-10-24 11:34:45,180 INFO impl.RaftServerProxy: raft.rpc.type = GRPC (default)
datanode_2  | 2019-10-24 11:34:46,439 INFO server.RaftServerConfigKeys: raft.server.log.corruption.policy = EXCEPTION (default)
datanode_3  | 2019-10-24 11:34:47,018 INFO server.RaftServerConfigKeys: raft.server.log.use.memory = false (default)
s3g_1       | 	at org.glassfish.jersey.servlet.ServletContainer.service(ServletContainer.java:342)
om3_1       | 2019-10-24 11:34:45,178 INFO impl.RaftServerProxy: raft.rpc.type = GRPC (default)
om2_1       | 2019-10-24 11:34:44,618 INFO db.DBStoreBuilder: using custom profile for table: default
scm_1       | 2019-10-24 11:34:41,078 WARN server.BaseHttpServer: /prof java profiling servlet is activated. Not safe for production!
datanode_1  | 2019-10-24 11:34:45,964 INFO impl.RaftServerImpl: dfdb5cfe-2095-455b-b179-3d44e7a1b185@group-EA5411966F0F: ConfigurationManager, init=-1: [dfdb5cfe-2095-455b-b179-3d44e7a1b185:172.18.0.7:9858], old=null, confs=<EMPTY_MAP>
om1_1       | 2019-10-24 11:34:45,246 INFO grpc.GrpcFactory: PERFORMANCE WARNING: useCacheForAllThreads is true that may cause Netty to create a lot garbage objects and, as a result, trigger GC.
datanode_2  | 2019-10-24 11:34:46,441 INFO storage.RaftStorageDirectory: The storage directory /data/metadata/ratis/96351f03-ab9d-4f0d-b55a-ea452a09ae4b does not exist. Creating ...
datanode_3  | 2019-10-24 11:34:47,023 INFO server.RaftServerConfigKeys: raft.server.log.purge.gap = 1000000 (custom)
s3g_1       | 	at org.glassfish.jersey.servlet.ServletContainer.service(ServletContainer.java:229)
om2_1       | 2019-10-24 11:34:44,618 INFO db.DBStoreBuilder: Using default column profile:DBProfile.DISK for Table:default
scm_1       | 2019-10-24 11:34:41,089 INFO server.StorageContainerManager: StorageContainerLocationProtocol RPC server is listening at /0.0.0.0:9860
om3_1       | 2019-10-24 11:34:45,232 INFO grpc.GrpcFactory: PERFORMANCE WARNING: useCacheForAllThreads is true that may cause Netty to create a lot garbage objects and, as a result, trigger GC.
datanode_1  | 2019-10-24 11:34:45,965 INFO server.RaftServerConfigKeys: raft.server.storage.dir = [/data/metadata/ratis] (custom)
om1_1       | 	It is recommended to disable useCacheForAllThreads by setting -Dorg.apache.ratis.thirdparty.io.netty.allocator.useCacheForAllThreads=false in command line.
datanode_2  | 2019-10-24 11:34:46,458 INFO storage.RaftStorageDirectory: Lock on /data/metadata/ratis/96351f03-ab9d-4f0d-b55a-ea452a09ae4b/in_use.lock acquired by nodename 7@c74cf42517dd
datanode_3  | 2019-10-24 11:34:47,023 INFO server.RaftServerConfigKeys: raft.server.log.appender.buffer.byte-limit = 33554432 (custom)
om2_1       | 2019-10-24 11:34:44,619 INFO db.DBStoreBuilder: Using default options. DBProfile.DISK
s3g_1       | 	at org.eclipse.jetty.servlet.ServletHolder.handle(ServletHolder.java:840)
scm_1       | 2019-10-24 11:34:41,158 INFO impl.MetricsConfig: Loaded properties from hadoop-metrics2.properties
om3_1       | 	It is recommended to disable useCacheForAllThreads by setting -Dorg.apache.ratis.thirdparty.io.netty.allocator.useCacheForAllThreads=false in command line.
datanode_1  | 2019-10-24 11:34:45,972 INFO server.RaftServerConfigKeys: raft.server.log.corruption.policy = EXCEPTION (default)
om1_1       | 2019-10-24 11:34:45,251 INFO grpc.GrpcConfigKeys$Server: raft.grpc.server.port = 9872 (custom)
datanode_3  | 2019-10-24 11:34:47,025 INFO server.RaftServerConfigKeys: raft.server.log.segment.size.max = 1048576 (custom)
om2_1       | 2019-10-24 11:34:45,089 WARN scm.HddsServerUtil: Storage directory for Ratis is not configured. It is a good idea to map this to an SSD disk. Falling back to ozone.metadata.dirs
datanode_2  | 2019-10-24 11:34:46,473 INFO storage.RaftStorage: Storage directory /data/metadata/ratis/96351f03-ab9d-4f0d-b55a-ea452a09ae4b has been successfully formatted.
s3g_1       | 	at org.eclipse.jetty.servlet.ServletHandler$CachedChain.doFilter(ServletHandler.java:1780)
scm_1       | 2019-10-24 11:34:41,195 INFO impl.MetricsSystemImpl: Scheduled Metric snapshot period at 10 second(s).
om3_1       | 2019-10-24 11:34:45,236 INFO grpc.GrpcConfigKeys$Server: raft.grpc.server.port = 9872 (custom)
datanode_1  | 2019-10-24 11:34:45,974 INFO storage.RaftStorageDirectory: The storage directory /data/metadata/ratis/31cdf04f-056a-48e4-aaa3-ea5411966f0f does not exist. Creating ...
om1_1       | 2019-10-24 11:34:45,251 INFO server.GrpcService: raft.grpc.message.size.max = 33554432 (custom)
datanode_3  | 2019-10-24 11:34:47,032 INFO metrics.MetricRegistries: Loaded MetricRegistries class org.apache.ratis.metrics.impl.MetricRegistriesImpl
om2_1       | 2019-10-24 11:34:45,116 [main] INFO       - Instantiating OM Ratis server with GroupID: id1 and Raft Peers: om2:9872, om1:9872, om3:9872
scm_1       | 2019-10-24 11:34:41,195 INFO impl.MetricsSystemImpl: StorageContainerManager metrics system started
om3_1       | 2019-10-24 11:34:45,237 INFO server.GrpcService: raft.grpc.message.size.max = 33554432 (custom)
datanode_1  | 2019-10-24 11:34:45,993 INFO storage.RaftStorageDirectory: Lock on /data/metadata/ratis/31cdf04f-056a-48e4-aaa3-ea5411966f0f/in_use.lock acquired by nodename 7@479548e3ec9e
om1_1       | 2019-10-24 11:34:45,253 INFO server.RaftServerConfigKeys: raft.server.log.appender.buffer.byte-limit = 33554432 (custom)
datanode_3  | 2019-10-24 11:34:47,036 WARN impl.MetricRegistriesImpl: First MetricRegistry has been created without registering reporters. You may need to call MetricRegistries.global().addReportRegistration(...) before.
datanode_2  | 2019-10-24 11:34:46,476 [pool-8-thread-1] INFO       - group-EA452A09AE4B: The snapshot info is null. Setting the last applied indexto:(t:0, i:~)
s3g_1       | 	at org.apache.hadoop.http.HttpServer2$QuotingInputFilter.doFilter(HttpServer2.java:1609)
om2_1       | 2019-10-24 11:34:45,148 INFO impl.RaftServerProxy: raft.rpc.type = GRPC (default)
scm_1       | 2019-10-24 11:34:41,403 INFO server.SCMClientProtocolServer: RPC server for Client  is listening at /0.0.0.0:9860
om3_1       | 2019-10-24 11:34:45,239 INFO server.RaftServerConfigKeys: raft.server.log.appender.buffer.byte-limit = 33554432 (custom)
datanode_1  | 2019-10-24 11:34:46,016 INFO storage.RaftStorage: Storage directory /data/metadata/ratis/31cdf04f-056a-48e4-aaa3-ea5411966f0f has been successfully formatted.
om1_1       | 2019-10-24 11:34:45,254 INFO server.GrpcService: raft.grpc.flow.control.window = 1MB (=1048576) (default)
datanode_3  | 2019-10-24 11:34:47,040 INFO server.RaftServerConfigKeys: raft.server.log.segment.cache.num.max = 2 (custom)
datanode_2  | 2019-10-24 11:34:46,477 INFO server.RaftServerConfigKeys: raft.server.notification.no-leader.timeout = 120s (custom)
s3g_1       | 	at org.eclipse.jetty.servlet.ServletHandler$CachedChain.doFilter(ServletHandler.java:1767)
om2_1       | 2019-10-24 11:34:45,219 INFO grpc.GrpcFactory: PERFORMANCE WARNING: useCacheForAllThreads is true that may cause Netty to create a lot garbage objects and, as a result, trigger GC.
scm_1       | 2019-10-24 11:34:41,403 INFO ipc.Server: IPC Server Responder: starting
om3_1       | 2019-10-24 11:34:45,240 INFO server.GrpcService: raft.grpc.flow.control.window = 1MB (=1048576) (default)
om1_1       | 2019-10-24 11:34:45,255 INFO server.RaftServerConfigKeys: raft.server.rpc.request.timeout = 3000ms (default)
datanode_1  | 2019-10-24 11:34:46,020 [pool-8-thread-1] INFO       - group-EA5411966F0F: The snapshot info is null. Setting the last applied indexto:(t:0, i:~)
datanode_3  | 2019-10-24 11:34:47,044 INFO segmented.SegmentedRaftLogWorker: new a651eca6-519f-470f-8f7a-d7aa3e08948c@group-73DB73401625-SegmentedRaftLogWorker for RaftStorage:Storage Directory /data/metadata/ratis/f60346d5-652f-49e6-8323-73db73401625
datanode_2  | 2019-10-24 11:34:46,479 INFO server.RaftServerConfigKeys: raft.server.log.use.memory = false (default)
