Attaching to ozonesecure_kms_1, ozonesecure_recon_1, ozonesecure_scm_1, ozonesecure_om_1, ozonesecure_s3g_1, ozonesecure_datanode_2, ozonesecure_datanode_3, ozonesecure_datanode_1, ozonesecure_kdc_1
recon_1     | Sleeping for 5 seconds
recon_1     | Waiting for the service om:9874
recon_1     | Setting up kerberos!!
recon_1     | KDC ISSUER_SERVER => kdc:8081
recon_1     | Sleeping for 5 seconds
kms_1       | Sleeping for 5 seconds
recon_1     | Got 200, KDC service ready!!
recon_1     | Download dn/recon@EXAMPLE.COM keytab file to /etc/security/keytabs/dn.keytab
recon_1     | --2019-11-15 20:55:15--  http://kdc:8081/keytab/recon/dn
scm_1       | Sleeping for 5 seconds
kms_1       | Setting up kerberos!!
recon_1     | Resolving kdc (kdc)... 172.19.0.2
scm_1       | Setting up kerberos!!
om_1        | Sleeping for 5 seconds
kms_1       | KDC ISSUER_SERVER => kdc:8081
recon_1     | Connecting to kdc (kdc)|172.19.0.2|:8081... connected.
s3g_1       | Sleeping for 5 seconds
scm_1       | KDC ISSUER_SERVER => kdc:8081
datanode_2  | Sleeping for 5 seconds
om_1        | Setting up kerberos!!
kms_1       | /opt/starter.sh: line 66: SLEEP_SECONDS: command not found
recon_1     | HTTP request sent, awaiting response... 200 OK
s3g_1       | Setting up kerberos!!
scm_1       | Sleeping for 5 seconds
om_1        | KDC ISSUER_SERVER => kdc:8081
kms_1       | Sleeping for  seconds
datanode_3  | Sleeping for 5 seconds
datanode_2  | Setting up kerberos!!
recon_1     | Length: 144 [application/octet-stream]
s3g_1       | KDC ISSUER_SERVER => kdc:8081
scm_1       | Got 200, KDC service ready!!
om_1        | Sleeping for 5 seconds
kms_1       | Got 200, KDC service ready!!
datanode_3  | Setting up kerberos!!
datanode_2  | KDC ISSUER_SERVER => kdc:8081
kdc_1       | Issuer is listening on : 8081krb5kdc: starting...
recon_1     | Saving to: '/etc/security/keytabs/dn.keytab'
s3g_1       | Sleeping for 5 seconds
scm_1       | Download dn/scm@EXAMPLE.COM keytab file to /etc/security/keytabs/dn.keytab
om_1        | Got 200, KDC service ready!!
datanode_3  | KDC ISSUER_SERVER => kdc:8081
kms_1       | Download dn/41c9f6e081d4@EXAMPLE.COM keytab file to /etc/security/keytabs/dn.keytab
datanode_1  | Sleeping for 5 seconds
datanode_2  | Sleeping for 5 seconds
kdc_1       | kadmind: starting...
s3g_1       | Got 200, KDC service ready!!
recon_1     | 
scm_1       | --2019-11-15 20:54:51--  http://kdc:8081/keytab/scm/dn
om_1        | Download dn/om@EXAMPLE.COM keytab file to /etc/security/keytabs/dn.keytab
datanode_3  | Sleeping for 5 seconds
kms_1       | --2019-11-15 20:54:51--  http://kdc:8081/keytab/41c9f6e081d4/dn
datanode_1  | Setting up kerberos!!
datanode_2  | Got 200, KDC service ready!!
kdc_1       | otp: Loaded
s3g_1       | Download dn/s3g@EXAMPLE.COM keytab file to /etc/security/keytabs/dn.keytab
recon_1     |      0K                                                       100% 21.3M=0s
scm_1       | Resolving kdc (kdc)... 172.19.0.2
om_1        | --2019-11-15 20:54:52--  http://kdc:8081/keytab/om/dn
datanode_3  | Got 200, KDC service ready!!
kms_1       | Resolving kdc (kdc)... 172.19.0.2
datanode_2  | Download dn/9f6cc6587945@EXAMPLE.COM keytab file to /etc/security/keytabs/dn.keytab
datanode_1  | KDC ISSUER_SERVER => kdc:8081
kdc_1       | Nov 15 20:54:40 kdc krb5kdc[8](info): setting up network...
s3g_1       | --2019-11-15 20:54:51--  http://kdc:8081/keytab/s3g/dn
recon_1     | 
scm_1       | Connecting to kdc (kdc)|172.19.0.2|:8081... connected.
om_1        | Resolving kdc (kdc)... 172.19.0.2
datanode_3  | Download dn/1ebd37ad7a01@EXAMPLE.COM keytab file to /etc/security/keytabs/dn.keytab
kms_1       | Connecting to kdc (kdc)|172.19.0.2|:8081... connected.
datanode_2  | --2019-11-15 20:54:51--  http://kdc:8081/keytab/9f6cc6587945/dn
datanode_1  | Sleeping for 5 seconds
kdc_1       | krb5kdc: setsockopt(9,IPV6_V6ONLY,1) worked
s3g_1       | Resolving kdc (kdc)... 172.19.0.2
recon_1     | 2019-11-15 20:55:15 (21.3 MB/s) - '/etc/security/keytabs/dn.keytab' saved [144/144]
scm_1       | HTTP request sent, awaiting response... 200 OK
om_1        | Connecting to kdc (kdc)|172.19.0.2|:8081... connected.
datanode_3  | --2019-11-15 20:54:51--  http://kdc:8081/keytab/1ebd37ad7a01/dn
kms_1       | HTTP request sent, awaiting response... 200 OK
datanode_2  | Resolving kdc (kdc)... 172.19.0.2
datanode_1  | Got 200, KDC service ready!!
kdc_1       | krb5kdc: setsockopt(11,IPV6_V6ONLY,1) worked
s3g_1       | Connecting to kdc (kdc)|172.19.0.2|:8081... connected.
recon_1     | 
scm_1       | Length: 140 [application/octet-stream]
om_1        | HTTP request sent, awaiting response... 200 OK
datanode_3  | Resolving kdc (kdc)... 172.19.0.2
kms_1       | Length: 158 [application/octet-stream]
datanode_2  | Connecting to kdc (kdc)|172.19.0.2|:8081... connected.
datanode_1  | Download dn/d449cdd08b54@EXAMPLE.COM keytab file to /etc/security/keytabs/dn.keytab
kdc_1       | Nov 15 20:54:40 kdc krb5kdc[8](info): set up 4 sockets
s3g_1       | HTTP request sent, awaiting response... 200 OK
recon_1     | Keytab name: FILE:/etc/security/keytabs/dn.keytab
scm_1       | Saving to: '/etc/security/keytabs/dn.keytab'
om_1        | Length: 138 [application/octet-stream]
kms_1       | Saving to: '/etc/security/keytabs/dn.keytab'
datanode_3  | Connecting to kdc (kdc)|172.19.0.2|:8081... connected.
datanode_2  | HTTP request sent, awaiting response... 200 OK
datanode_1  | --2019-11-15 20:54:51--  http://kdc:8081/keytab/d449cdd08b54/dn
kdc_1       | Nov 15 20:54:40 kdc krb5kdc[8](info): commencing operation
s3g_1       | Length: 140 [application/octet-stream]
recon_1     | KVNO Timestamp         Principal
scm_1       | 
om_1        | Saving to: '/etc/security/keytabs/dn.keytab'
kms_1       | 
datanode_3  | HTTP request sent, awaiting response... 200 OK
datanode_2  | Length: 158 [application/octet-stream]
datanode_1  | Resolving kdc (kdc)... 172.19.0.2
kdc_1       | Nov 15 20:54:27 1b796e0cc3ba kadmin.local[1](info): No dictionary file specified, continuing without one.
s3g_1       | Saving to: '/etc/security/keytabs/dn.keytab'
recon_1     | ---- ----------------- --------------------------------------------------------
scm_1       |      0K                                                       100% 8.07M=0s
om_1        | 
kms_1       |      0K                                                       100% 10.7M=0s
datanode_3  | Length: 158 [application/octet-stream]
datanode_2  | Saving to: '/etc/security/keytabs/dn.keytab'
datanode_1  | Connecting to kdc (kdc)|172.19.0.2|:8081... connected.
kdc_1       | Nov 15 20:54:29 cf0aade8e7c1 kadmin.local[1](info): No dictionary file specified, continuing without one.
s3g_1       | 
recon_1     |    2 11/15/19 20:55:15 dn/recon@EXAMPLE.COM
scm_1       | 
om_1        |      0K                                                       100% 11.8M=0s
kms_1       | 
datanode_3  | Saving to: '/etc/security/keytabs/dn.keytab'
datanode_2  | 
kdc_1       | Nov 15 20:54:44 kdc kadmind[14](info): No dictionary file specified, continuing without one.
recon_1     |    2 11/15/19 20:55:15 dn/recon@EXAMPLE.COM
s3g_1       |      0K                                                       100% 18.1M=0s
datanode_1  | HTTP request sent, awaiting response... 200 OK
scm_1       | 2019-11-15 20:54:52 (8.07 MB/s) - '/etc/security/keytabs/dn.keytab' saved [140/140]
om_1        | 
kms_1       | 2019-11-15 20:54:52 (10.7 MB/s) - '/etc/security/keytabs/dn.keytab' saved [158/158]
datanode_2  |      0K                                                       100% 16.3M=0s
datanode_3  | 
kdc_1       | Nov 15 20:54:44 kdc kadmind[14](info): setting up network...
recon_1     | Download om/recon@EXAMPLE.COM keytab file to /etc/security/keytabs/om.keytab
s3g_1       | 
datanode_1  | Length: 158 [application/octet-stream]
scm_1       | 
om_1        | 2019-11-15 20:54:52 (11.8 MB/s) - '/etc/security/keytabs/dn.keytab' saved [138/138]
kms_1       | 
datanode_2  | 
datanode_3  |      0K                                                       100% 13.7M=0s
kdc_1       | kadmind: setsockopt(9,IPV6_V6ONLY,1) worked
recon_1     | --2019-11-15 20:55:15--  http://kdc:8081/keytab/recon/om
datanode_1  | Saving to: '/etc/security/keytabs/dn.keytab'
s3g_1       | 2019-11-15 20:54:52 (18.1 MB/s) - '/etc/security/keytabs/dn.keytab' saved [140/140]
scm_1       | Keytab name: FILE:/etc/security/keytabs/dn.keytab
om_1        | 
kms_1       | Keytab name: FILE:/etc/security/keytabs/dn.keytab
datanode_2  | 2019-11-15 20:54:52 (16.3 MB/s) - '/etc/security/keytabs/dn.keytab' saved [158/158]
datanode_3  | 
kdc_1       | kadmind: setsockopt(11,IPV6_V6ONLY,1) worked
recon_1     | Resolving kdc (kdc)... 172.19.0.2
datanode_1  | 
s3g_1       | 
om_1        | Keytab name: FILE:/etc/security/keytabs/dn.keytab
scm_1       | KVNO Timestamp         Principal
kms_1       | KVNO Timestamp         Principal
datanode_2  | 
datanode_3  | 2019-11-15 20:54:52 (13.7 MB/s) - '/etc/security/keytabs/dn.keytab' saved [158/158]
kdc_1       | kadmind: setsockopt(13,IPV6_V6ONLY,1) worked
recon_1     | Connecting to kdc (kdc)|172.19.0.2|:8081... connected.
datanode_1  |      0K                                                       100% 16.9M=0s
s3g_1       | Keytab name: FILE:/etc/security/keytabs/dn.keytab
om_1        | KVNO Timestamp         Principal
scm_1       | ---- ----------------- --------------------------------------------------------
kms_1       | ---- ----------------- --------------------------------------------------------
datanode_3  | 
datanode_2  | Keytab name: FILE:/etc/security/keytabs/dn.keytab
kdc_1       | Nov 15 20:54:44 kdc kadmind[14](info): set up 6 sockets
recon_1     | HTTP request sent, awaiting response... 200 OK
datanode_1  | 
s3g_1       | KVNO Timestamp         Principal
om_1        | ---- ----------------- --------------------------------------------------------
scm_1       |    2 11/15/19 20:54:52 dn/scm@EXAMPLE.COM
kms_1       |    2 11/15/19 20:54:52 dn/41c9f6e081d4@EXAMPLE.COM
datanode_2  | KVNO Timestamp         Principal
datanode_3  | Keytab name: FILE:/etc/security/keytabs/dn.keytab
kdc_1       | Nov 15 20:54:44 kdc kadmind[14](info): Seeding random number generator
recon_1     | Length: 144 [application/octet-stream]
datanode_1  | 2019-11-15 20:54:52 (16.9 MB/s) - '/etc/security/keytabs/dn.keytab' saved [158/158]
om_1        |    2 11/15/19 20:54:52 dn/om@EXAMPLE.COM
s3g_1       | ---- ----------------- --------------------------------------------------------
scm_1       |    2 11/15/19 20:54:52 dn/scm@EXAMPLE.COM
kms_1       |    2 11/15/19 20:54:52 dn/41c9f6e081d4@EXAMPLE.COM
datanode_2  | ---- ----------------- --------------------------------------------------------
datanode_3  | KVNO Timestamp         Principal
kdc_1       | Nov 15 20:54:44 kdc kadmind[14](info): starting
recon_1     | Saving to: '/etc/security/keytabs/om.keytab'
datanode_1  | 
om_1        |    2 11/15/19 20:54:52 dn/om@EXAMPLE.COM
scm_1       | Download om/scm@EXAMPLE.COM keytab file to /etc/security/keytabs/om.keytab
kms_1       | Download om/41c9f6e081d4@EXAMPLE.COM keytab file to /etc/security/keytabs/om.keytab
datanode_2  |    2 11/15/19 20:54:52 dn/9f6cc6587945@EXAMPLE.COM
datanode_3  | ---- ----------------- --------------------------------------------------------
kdc_1       | Generiting keytab
s3g_1       |    2 11/15/19 20:54:52 dn/s3g@EXAMPLE.COM
recon_1     | 
om_1        | Download om/om@EXAMPLE.COM keytab file to /etc/security/keytabs/om.keytab
datanode_1  | Keytab name: FILE:/etc/security/keytabs/dn.keytab
scm_1       | --2019-11-15 20:54:52--  http://kdc:8081/keytab/scm/om
kms_1       | --2019-11-15 20:54:52--  http://kdc:8081/keytab/41c9f6e081d4/om
datanode_2  |    2 11/15/19 20:54:52 dn/9f6cc6587945@EXAMPLE.COM
datanode_3  |    2 11/15/19 20:54:52 dn/1ebd37ad7a01@EXAMPLE.COM
kdc_1       | Authenticating as principal admin/admin with keytab /tmp/admin.keytab.
s3g_1       |    2 11/15/19 20:54:52 dn/s3g@EXAMPLE.COM
recon_1     |      0K                                                       100% 19.4M=0s
om_1        | --2019-11-15 20:54:52--  http://kdc:8081/keytab/om/om
datanode_1  | KVNO Timestamp         Principal
scm_1       | Resolving kdc (kdc)... 172.19.0.2
kms_1       | Resolving kdc (kdc)... 172.19.0.2
datanode_2  | Download om/9f6cc6587945@EXAMPLE.COM keytab file to /etc/security/keytabs/om.keytab
datanode_3  |    2 11/15/19 20:54:52 dn/1ebd37ad7a01@EXAMPLE.COM
kdc_1       | WARNING: no policy specified for test/test@EXAMPLE.COM; defaulting to no policy
s3g_1       | Download om/s3g@EXAMPLE.COM keytab file to /etc/security/keytabs/om.keytab
recon_1     | 
om_1        | Resolving kdc (kdc)... 172.19.0.2
datanode_1  | ---- ----------------- --------------------------------------------------------
scm_1       | Connecting to kdc (kdc)|172.19.0.2|:8081... connected.
kms_1       | Connecting to kdc (kdc)|172.19.0.2|:8081... connected.
datanode_2  | --2019-11-15 20:54:52--  http://kdc:8081/keytab/9f6cc6587945/om
datanode_3  | Download om/1ebd37ad7a01@EXAMPLE.COM keytab file to /etc/security/keytabs/om.keytab
kdc_1       | Principal "test/test@EXAMPLE.COM" created.
s3g_1       | --2019-11-15 20:54:52--  http://kdc:8081/keytab/s3g/om
recon_1     | 2019-11-15 20:55:15 (19.4 MB/s) - '/etc/security/keytabs/om.keytab' saved [144/144]
om_1        | Connecting to kdc (kdc)|172.19.0.2|:8081... connected.
datanode_1  |    2 11/15/19 20:54:52 dn/d449cdd08b54@EXAMPLE.COM
scm_1       | HTTP request sent, awaiting response... 200 OK
kms_1       | HTTP request sent, awaiting response... 200 OK
datanode_2  | Resolving kdc (kdc)... 172.19.0.2
datanode_3  | --2019-11-15 20:54:52--  http://kdc:8081/keytab/1ebd37ad7a01/om
kdc_1       | Authenticating as principal admin/admin with keytab /tmp/admin.keytab.
s3g_1       | Resolving kdc (kdc)... 172.19.0.2
recon_1     | 
om_1        | HTTP request sent, awaiting response... 200 OK
datanode_1  |    2 11/15/19 20:54:52 dn/d449cdd08b54@EXAMPLE.COM
scm_1       | Length: 140 [application/octet-stream]
datanode_2  | Connecting to kdc (kdc)|172.19.0.2|:8081... connected.
datanode_3  | Resolving kdc (kdc)... 172.19.0.2
kms_1       | Length: 158 [application/octet-stream]
kdc_1       | Nov 15 20:54:50 kdc krb5kdc[8](info): AS_REQ (8 etypes {18 17 20 19 16 23 25 26}) 127.0.0.1: SERVER_NOT_FOUND: admin/admin@EXAMPLE.COM for kadmin/localhost@EXAMPLE.COM, Server not found in Kerberos database
s3g_1       | Connecting to kdc (kdc)|172.19.0.2|:8081... connected.
recon_1     | Keytab name: FILE:/etc/security/keytabs/om.keytab
om_1        | Length: 138 [application/octet-stream]
datanode_1  | Download om/d449cdd08b54@EXAMPLE.COM keytab file to /etc/security/keytabs/om.keytab
scm_1       | Saving to: '/etc/security/keytabs/om.keytab'
datanode_2  | HTTP request sent, awaiting response... 200 OK
datanode_3  | Connecting to kdc (kdc)|172.19.0.2|:8081... connected.
kms_1       | Saving to: '/etc/security/keytabs/om.keytab'
kdc_1       | Nov 15 20:54:50 kdc krb5kdc[8](info): AS_REQ (8 etypes {18 17 20 19 16 23 25 26}) 127.0.0.1: ISSUE: authtime 1573851290, etypes {rep=18 tkt=18 ses=18}, admin/admin@EXAMPLE.COM for kadmin/admin@EXAMPLE.COM
s3g_1       | HTTP request sent, awaiting response... 200 OK
recon_1     | KVNO Timestamp         Principal
om_1        | Saving to: '/etc/security/keytabs/om.keytab'
datanode_1  | --2019-11-15 20:54:52--  http://kdc:8081/keytab/d449cdd08b54/om
datanode_2  | Length: 158 [application/octet-stream]
scm_1       | 
datanode_3  | HTTP request sent, awaiting response... 200 OK
kms_1       | 
kdc_1       | Nov 15 20:54:50 kdc krb5kdc[8](info): AS_REQ (8 etypes {18 17 20 19 16 23 25 26}) 127.0.0.1: SERVER_NOT_FOUND: admin/admin@EXAMPLE.COM for kadmin/localhost@EXAMPLE.COM, Server not found in Kerberos database
s3g_1       | Length: 140 [application/octet-stream]
recon_1     | ---- ----------------- --------------------------------------------------------
om_1        | 
datanode_1  | Resolving kdc (kdc)... 172.19.0.2
datanode_2  | Saving to: '/etc/security/keytabs/om.keytab'
scm_1       |      0K                                                       100% 14.4M=0s
datanode_3  | Length: 158 [application/octet-stream]
kms_1       |      0K                                                       100% 17.0M=0s
kdc_1       | Nov 15 20:54:50 kdc kadmind[14](Notice): Request: kadm5_init, admin/admin@EXAMPLE.COM, success, client=admin/admin@EXAMPLE.COM, service=kadmin/admin@EXAMPLE.COM, addr=127.0.0.1, vers=4, flavor=6
s3g_1       | Saving to: '/etc/security/keytabs/om.keytab'
recon_1     |    2 11/15/19 20:55:15 om/recon@EXAMPLE.COM
om_1        |      0K                                                       100% 17.1M=0s
datanode_1  | Connecting to kdc (kdc)|172.19.0.2|:8081... connected.
datanode_2  | 
scm_1       | 
datanode_3  | Saving to: '/etc/security/keytabs/om.keytab'
kms_1       | 
kdc_1       | Nov 15 20:54:50 kdc kadmind[14](Notice): Request: kadm5_get_policy, default, Policy does not exist, client=admin/admin@EXAMPLE.COM, service=kadmin/admin@EXAMPLE.COM, addr=127.0.0.1
s3g_1       | 
recon_1     |    2 11/15/19 20:55:15 om/recon@EXAMPLE.COM
om_1        | 
datanode_1  | HTTP request sent, awaiting response... 200 OK
datanode_2  |      0K                                                       100% 14.7M=0s
scm_1       | 2019-11-15 20:54:53 (14.4 MB/s) - '/etc/security/keytabs/om.keytab' saved [140/140]
datanode_3  | 
kms_1       | 2019-11-15 20:54:53 (17.0 MB/s) - '/etc/security/keytabs/om.keytab' saved [158/158]
kdc_1       | Nov 15 20:54:50 kdc kadmind[14](Notice): Request: kadm5_create_principal, test/test@EXAMPLE.COM, success, client=admin/admin@EXAMPLE.COM, service=kadmin/admin@EXAMPLE.COM, addr=127.0.0.1
s3g_1       |      0K                                                       100% 12.1M=0s
recon_1     | Download scm/recon@EXAMPLE.COM keytab file to /etc/security/keytabs/scm.keytab
om_1        | 2019-11-15 20:54:53 (17.1 MB/s) - '/etc/security/keytabs/om.keytab' saved [138/138]
datanode_2  | 
scm_1       | 
datanode_3  |      0K                                                       100% 12.6M=0s
kms_1       | 
kdc_1       | Nov 15 20:54:50 kdc kadmind[14](info): closing down fd 18
s3g_1       | 
datanode_1  | Length: 158 [application/octet-stream]
recon_1     | --2019-11-15 20:55:15--  http://kdc:8081/keytab/recon/scm
om_1        | 
datanode_2  | 2019-11-15 20:54:52 (14.7 MB/s) - '/etc/security/keytabs/om.keytab' saved [158/158]
scm_1       | Keytab name: FILE:/etc/security/keytabs/om.keytab
datanode_3  | 
kms_1       | Keytab name: FILE:/etc/security/keytabs/om.keytab
kdc_1       | Entry for principal test/test@EXAMPLE.COM with kvno 2, encryption type aes256-cts-hmac-sha1-96 added to keytab WRFILE:/data/test.test.keytab.
s3g_1       | 2019-11-15 20:54:53 (12.1 MB/s) - '/etc/security/keytabs/om.keytab' saved [140/140]
datanode_1  | Saving to: '/etc/security/keytabs/om.keytab'
recon_1     | Resolving kdc (kdc)... 172.19.0.2
om_1        | Keytab name: FILE:/etc/security/keytabs/om.keytab
datanode_2  | 
scm_1       | KVNO Timestamp         Principal
datanode_3  | 2019-11-15 20:54:53 (12.6 MB/s) - '/etc/security/keytabs/om.keytab' saved [158/158]
kms_1       | KVNO Timestamp         Principal
s3g_1       | 
datanode_1  | 
recon_1     | Connecting to kdc (kdc)|172.19.0.2|:8081... connected.
om_1        | KVNO Timestamp         Principal
kdc_1       | Entry for principal test/test@EXAMPLE.COM with kvno 2, encryption type aes128-cts-hmac-sha1-96 added to keytab WRFILE:/data/test.test.keytab.
datanode_2  | Keytab name: FILE:/etc/security/keytabs/om.keytab
scm_1       | ---- ----------------- --------------------------------------------------------
datanode_3  | 
kms_1       | ---- ----------------- --------------------------------------------------------
s3g_1       | Keytab name: FILE:/etc/security/keytabs/om.keytab
datanode_1  |      0K                                                       100% 16.6M=0s
recon_1     | HTTP request sent, awaiting response... 200 OK
om_1        | ---- ----------------- --------------------------------------------------------
kdc_1       | Generiting keytab
datanode_2  | KVNO Timestamp         Principal
scm_1       |    2 11/15/19 20:54:53 om/scm@EXAMPLE.COM
datanode_3  | Keytab name: FILE:/etc/security/keytabs/om.keytab
kms_1       |    2 11/15/19 20:54:53 om/41c9f6e081d4@EXAMPLE.COM
s3g_1       | KVNO Timestamp         Principal
datanode_1  | 
recon_1     | Length: 146 [application/octet-stream]
om_1        |    2 11/15/19 20:54:53 om/om@EXAMPLE.COM
kdc_1       | Authenticating as principal admin/admin with keytab /tmp/admin.keytab.
scm_1       |    2 11/15/19 20:54:53 om/scm@EXAMPLE.COM
datanode_2  | ---- ----------------- --------------------------------------------------------
datanode_3  | KVNO Timestamp         Principal
kms_1       |    2 11/15/19 20:54:53 om/41c9f6e081d4@EXAMPLE.COM
s3g_1       | ---- ----------------- --------------------------------------------------------
datanode_1  | 2019-11-15 20:54:53 (16.6 MB/s) - '/etc/security/keytabs/om.keytab' saved [158/158]
recon_1     | Saving to: '/etc/security/keytabs/scm.keytab'
om_1        |    2 11/15/19 20:54:53 om/om@EXAMPLE.COM
kdc_1       | WARNING: no policy specified for test/test@EXAMPLE.COM; defaulting to no policy
scm_1       | Download scm/scm@EXAMPLE.COM keytab file to /etc/security/keytabs/scm.keytab
datanode_2  |    2 11/15/19 20:54:52 om/9f6cc6587945@EXAMPLE.COM
datanode_3  | ---- ----------------- --------------------------------------------------------
kms_1       | Download scm/41c9f6e081d4@EXAMPLE.COM keytab file to /etc/security/keytabs/scm.keytab
s3g_1       |    2 11/15/19 20:54:53 om/s3g@EXAMPLE.COM
datanode_1  | 
recon_1     | 
om_1        | Download scm/om@EXAMPLE.COM keytab file to /etc/security/keytabs/scm.keytab
kdc_1       | add_principal: Principal or policy already exists while creating "test/test@EXAMPLE.COM".
datanode_2  |    2 11/15/19 20:54:52 om/9f6cc6587945@EXAMPLE.COM
datanode_3  |    2 11/15/19 20:54:52 om/1ebd37ad7a01@EXAMPLE.COM
scm_1       | --2019-11-15 20:54:53--  http://kdc:8081/keytab/scm/scm
kms_1       | --2019-11-15 20:54:53--  http://kdc:8081/keytab/41c9f6e081d4/scm
s3g_1       |    2 11/15/19 20:54:53 om/s3g@EXAMPLE.COM
recon_1     |      0K                                                       100% 11.4M=0s
datanode_1  | Keytab name: FILE:/etc/security/keytabs/om.keytab
om_1        | --2019-11-15 20:54:53--  http://kdc:8081/keytab/om/scm
kdc_1       | Authenticating as principal admin/admin with keytab /tmp/admin.keytab.
datanode_2  | Download scm/9f6cc6587945@EXAMPLE.COM keytab file to /etc/security/keytabs/scm.keytab
datanode_3  |    2 11/15/19 20:54:52 om/1ebd37ad7a01@EXAMPLE.COM
scm_1       | Resolving kdc (kdc)... 172.19.0.2
kms_1       | Resolving kdc (kdc)... 172.19.0.2
s3g_1       | Download scm/s3g@EXAMPLE.COM keytab file to /etc/security/keytabs/scm.keytab
recon_1     | 
datanode_1  | KVNO Timestamp         Principal
om_1        | Resolving kdc (kdc)... 172.19.0.2
kdc_1       | Entry for principal test/test@EXAMPLE.COM with kvno 3, encryption type aes256-cts-hmac-sha1-96 added to keytab WRFILE:/data/test.test.keytab.
datanode_2  | --2019-11-15 20:54:52--  http://kdc:8081/keytab/9f6cc6587945/scm
datanode_3  | Download scm/1ebd37ad7a01@EXAMPLE.COM keytab file to /etc/security/keytabs/scm.keytab
scm_1       | Connecting to kdc (kdc)|172.19.0.2|:8081... connected.
s3g_1       | --2019-11-15 20:54:53--  http://kdc:8081/keytab/s3g/scm
kms_1       | Connecting to kdc (kdc)|172.19.0.2|:8081... connected.
recon_1     | 2019-11-15 20:55:15 (11.4 MB/s) - '/etc/security/keytabs/scm.keytab' saved [146/146]
datanode_1  | ---- ----------------- --------------------------------------------------------
kdc_1       | Entry for principal test/test@EXAMPLE.COM with kvno 3, encryption type aes128-cts-hmac-sha1-96 added to keytab WRFILE:/data/test.test.keytab.
om_1        | Connecting to kdc (kdc)|172.19.0.2|:8081... connected.
datanode_2  | Resolving kdc (kdc)... 172.19.0.2
datanode_3  | --2019-11-15 20:54:53--  http://kdc:8081/keytab/1ebd37ad7a01/scm
scm_1       | HTTP request sent, awaiting response... 200 OK
s3g_1       | Resolving kdc (kdc)... 172.19.0.2
kms_1       | HTTP request sent, awaiting response... 200 OK
recon_1     | 
datanode_1  |    2 11/15/19 20:54:53 om/d449cdd08b54@EXAMPLE.COM
kdc_1       | Generiting keytab
om_1        | HTTP request sent, awaiting response... 200 OK
datanode_2  | Connecting to kdc (kdc)|172.19.0.2|:8081... connected.
datanode_3  | Resolving kdc (kdc)... 172.19.0.2
scm_1       | Length: 142 [application/octet-stream]
s3g_1       | Connecting to kdc (kdc)|172.19.0.2|:8081... connected.
kms_1       | Length: 160 [application/octet-stream]
recon_1     | Keytab name: FILE:/etc/security/keytabs/scm.keytab
datanode_1  |    2 11/15/19 20:54:53 om/d449cdd08b54@EXAMPLE.COM
om_1        | Length: 140 [application/octet-stream]
datanode_3  | Connecting to kdc (kdc)|172.19.0.2|:8081... connected.
s3g_1       | HTTP request sent, awaiting response... 200 OK
datanode_2  | HTTP request sent, awaiting response... 200 OK
kdc_1       | Authenticating as principal admin/admin with keytab /tmp/admin.keytab.
scm_1       | Saving to: '/etc/security/keytabs/scm.keytab'
kms_1       | Saving to: '/etc/security/keytabs/scm.keytab'
recon_1     | KVNO Timestamp         Principal
datanode_1  | Download scm/d449cdd08b54@EXAMPLE.COM keytab file to /etc/security/keytabs/scm.keytab
om_1        | Saving to: '/etc/security/keytabs/scm.keytab'
datanode_3  | HTTP request sent, awaiting response... 200 OK
s3g_1       | Length: 142 [application/octet-stream]
datanode_2  | Length: 160 [application/octet-stream]
kdc_1       | WARNING: no policy specified for test/test@EXAMPLE.COM; defaulting to no policy
kms_1       | 
recon_1     | ---- ----------------- --------------------------------------------------------
datanode_1  | --2019-11-15 20:54:53--  http://kdc:8081/keytab/d449cdd08b54/scm
scm_1       | 
om_1        | 
datanode_3  | Length: 160 [application/octet-stream]
s3g_1       | Saving to: '/etc/security/keytabs/scm.keytab'
datanode_2  | Saving to: '/etc/security/keytabs/scm.keytab'
kdc_1       | add_principal: Principal or policy already exists while creating "test/test@EXAMPLE.COM".
kms_1       |      0K                                                       100% 14.3M=0s
recon_1     |    2 11/15/19 20:55:15 scm/recon@EXAMPLE.COM
datanode_1  | Resolving kdc (kdc)... 172.19.0.2
scm_1       |      0K                                                       100% 16.2M=0s
om_1        |      0K                                                       100% 11.7M=0s
datanode_3  | Saving to: '/etc/security/keytabs/scm.keytab'
s3g_1       | 
datanode_2  | 
kdc_1       | Authenticating as principal admin/admin with keytab /tmp/admin.keytab.
kms_1       | 
recon_1     |    2 11/15/19 20:55:15 scm/recon@EXAMPLE.COM
scm_1       | 
datanode_1  | Connecting to kdc (kdc)|172.19.0.2|:8081... connected.
om_1        | 
datanode_3  | 
s3g_1       |      0K                                                       100% 16.8M=0s
datanode_2  |      0K                                                       100% 18.8M=0s
kdc_1       | Entry for principal test/test@EXAMPLE.COM with kvno 4, encryption type aes256-cts-hmac-sha1-96 added to keytab WRFILE:/data/test.test.keytab.
kms_1       | 2019-11-15 20:54:54 (14.3 MB/s) - '/etc/security/keytabs/scm.keytab' saved [160/160]
recon_1     | Download HTTP/recon@EXAMPLE.COM keytab file to /etc/security/keytabs/HTTP.keytab
scm_1       | 2019-11-15 20:54:54 (16.2 MB/s) - '/etc/security/keytabs/scm.keytab' saved [142/142]
datanode_1  | HTTP request sent, awaiting response... 200 OK
om_1        | 2019-11-15 20:54:54 (11.7 MB/s) - '/etc/security/keytabs/scm.keytab' saved [140/140]
datanode_3  |      0K                                                       100% 9.36M=0s
s3g_1       | 
datanode_2  | 
kms_1       | 
kdc_1       | Entry for principal test/test@EXAMPLE.COM with kvno 4, encryption type aes128-cts-hmac-sha1-96 added to keytab WRFILE:/data/test.test.keytab.
recon_1     | --2019-11-15 20:55:15--  http://kdc:8081/keytab/recon/HTTP
scm_1       | 
datanode_1  | Length: 160 [application/octet-stream]
om_1        | 
datanode_3  | 
s3g_1       | 2019-11-15 20:54:53 (16.8 MB/s) - '/etc/security/keytabs/scm.keytab' saved [142/142]
kms_1       | Keytab name: FILE:/etc/security/keytabs/scm.keytab
datanode_2  | 2019-11-15 20:54:53 (18.8 MB/s) - '/etc/security/keytabs/scm.keytab' saved [160/160]
kdc_1       | Generiting keytab
recon_1     | Resolving kdc (kdc)... 172.19.0.2
scm_1       | Keytab name: FILE:/etc/security/keytabs/scm.keytab
datanode_1  | Saving to: '/etc/security/keytabs/scm.keytab'
om_1        | Keytab name: FILE:/etc/security/keytabs/scm.keytab
datanode_3  | 2019-11-15 20:54:53 (9.36 MB/s) - '/etc/security/keytabs/scm.keytab' saved [160/160]
s3g_1       | 
datanode_2  | 
kms_1       | KVNO Timestamp         Principal
kdc_1       | Authenticating as principal admin/admin with keytab /tmp/admin.keytab.
scm_1       | KVNO Timestamp         Principal
recon_1     | Connecting to kdc (kdc)|172.19.0.2|:8081... connected.
datanode_1  | 
om_1        | KVNO Timestamp         Principal
datanode_3  | 
s3g_1       | Keytab name: FILE:/etc/security/keytabs/scm.keytab
datanode_2  | Keytab name: FILE:/etc/security/keytabs/scm.keytab
kms_1       | ---- ----------------- --------------------------------------------------------
kdc_1       | WARNING: no policy specified for test/test@EXAMPLE.COM; defaulting to no policy
recon_1     | HTTP request sent, awaiting response... 200 OK
scm_1       | ---- ----------------- --------------------------------------------------------
om_1        | ---- ----------------- --------------------------------------------------------
datanode_3  | Keytab name: FILE:/etc/security/keytabs/scm.keytab
s3g_1       | KVNO Timestamp         Principal
datanode_1  |      0K                                                       100% 5.04M=0s
kms_1       |    2 11/15/19 20:54:54 scm/41c9f6e081d4@EXAMPLE.COM
kdc_1       | add_principal: Principal or policy already exists while creating "test/test@EXAMPLE.COM".
datanode_2  | KVNO Timestamp         Principal
recon_1     | Length: 148 [application/octet-stream]
scm_1       |    2 11/15/19 20:54:54 scm/scm@EXAMPLE.COM
om_1        |    2 11/15/19 20:54:54 scm/om@EXAMPLE.COM
datanode_3  | KVNO Timestamp         Principal
s3g_1       | ---- ----------------- --------------------------------------------------------
datanode_1  | 
kms_1       |    2 11/15/19 20:54:54 scm/41c9f6e081d4@EXAMPLE.COM
kdc_1       | Authenticating as principal admin/admin with keytab /tmp/admin.keytab.
recon_1     | Saving to: '/etc/security/keytabs/HTTP.keytab'
scm_1       |    2 11/15/19 20:54:54 scm/scm@EXAMPLE.COM
om_1        |    2 11/15/19 20:54:54 scm/om@EXAMPLE.COM
datanode_2  | ---- ----------------- --------------------------------------------------------
datanode_3  | ---- ----------------- --------------------------------------------------------
s3g_1       |    2 11/15/19 20:54:53 scm/s3g@EXAMPLE.COM
datanode_1  | 2019-11-15 20:54:54 (5.04 MB/s) - '/etc/security/keytabs/scm.keytab' saved [160/160]
kms_1       | Download HTTP/41c9f6e081d4@EXAMPLE.COM keytab file to /etc/security/keytabs/HTTP.keytab
kdc_1       | Entry for principal test/test@EXAMPLE.COM with kvno 5, encryption type aes256-cts-hmac-sha1-96 added to keytab WRFILE:/data/test.test.keytab.
recon_1     | 
scm_1       | Download HTTP/scm@EXAMPLE.COM keytab file to /etc/security/keytabs/HTTP.keytab
om_1        | Download HTTP/om@EXAMPLE.COM keytab file to /etc/security/keytabs/HTTP.keytab
datanode_2  |    2 11/15/19 20:54:53 scm/9f6cc6587945@EXAMPLE.COM
datanode_3  |    2 11/15/19 20:54:53 scm/1ebd37ad7a01@EXAMPLE.COM
datanode_1  | 
s3g_1       |    2 11/15/19 20:54:53 scm/s3g@EXAMPLE.COM
kms_1       | --2019-11-15 20:54:54--  http://kdc:8081/keytab/41c9f6e081d4/HTTP
kdc_1       | Entry for principal test/test@EXAMPLE.COM with kvno 5, encryption type aes128-cts-hmac-sha1-96 added to keytab WRFILE:/data/test.test.keytab.
recon_1     |      0K                                                       100% 11.7M=0s
scm_1       | --2019-11-15 20:54:54--  http://kdc:8081/keytab/scm/HTTP
om_1        | --2019-11-15 20:54:54--  http://kdc:8081/keytab/om/HTTP
datanode_2  |    2 11/15/19 20:54:53 scm/9f6cc6587945@EXAMPLE.COM
datanode_3  |    2 11/15/19 20:54:53 scm/1ebd37ad7a01@EXAMPLE.COM
datanode_1  | Keytab name: FILE:/etc/security/keytabs/scm.keytab
s3g_1       | Download HTTP/s3g@EXAMPLE.COM keytab file to /etc/security/keytabs/HTTP.keytab
kms_1       | Resolving kdc (kdc)... 172.19.0.2
kdc_1       | Generiting keytab
recon_1     | 
scm_1       | Resolving kdc (kdc)... 172.19.0.2
om_1        | Resolving kdc (kdc)... 172.19.0.2
datanode_2  | Download HTTP/9f6cc6587945@EXAMPLE.COM keytab file to /etc/security/keytabs/HTTP.keytab
datanode_1  | KVNO Timestamp         Principal
datanode_3  | Download HTTP/1ebd37ad7a01@EXAMPLE.COM keytab file to /etc/security/keytabs/HTTP.keytab
kms_1       | Connecting to kdc (kdc)|172.19.0.2|:8081... connected.
s3g_1       | --2019-11-15 20:54:54--  http://kdc:8081/keytab/s3g/HTTP
kdc_1       | Authenticating as principal admin/admin with keytab /tmp/admin.keytab.
recon_1     | 2019-11-15 20:55:16 (11.7 MB/s) - '/etc/security/keytabs/HTTP.keytab' saved [148/148]
om_1        | Connecting to kdc (kdc)|172.19.0.2|:8081... connected.
datanode_2  | --2019-11-15 20:54:53--  http://kdc:8081/keytab/9f6cc6587945/HTTP
scm_1       | Connecting to kdc (kdc)|172.19.0.2|:8081... connected.
datanode_1  | ---- ----------------- --------------------------------------------------------
datanode_3  | --2019-11-15 20:54:53--  http://kdc:8081/keytab/1ebd37ad7a01/HTTP
kms_1       | HTTP request sent, awaiting response... 200 OK
s3g_1       | Resolving kdc (kdc)... 172.19.0.2
kdc_1       | WARNING: no policy specified for test/test@EXAMPLE.COM; defaulting to no policy
recon_1     | 
om_1        | HTTP request sent, awaiting response... 200 OK
datanode_2  | Resolving kdc (kdc)... 172.19.0.2
scm_1       | HTTP request sent, awaiting response... 200 OK
datanode_1  |    2 11/15/19 20:54:54 scm/d449cdd08b54@EXAMPLE.COM
datanode_3  | Resolving kdc (kdc)... 172.19.0.2
kms_1       | Length: 162 [application/octet-stream]
s3g_1       | Connecting to kdc (kdc)|172.19.0.2|:8081... connected.
kdc_1       | add_principal: Principal or policy already exists while creating "test/test@EXAMPLE.COM".
recon_1     | Keytab name: FILE:/etc/security/keytabs/HTTP.keytab
om_1        | Length: 142 [application/octet-stream]
datanode_2  | Connecting to kdc (kdc)|172.19.0.2|:8081... connected.
scm_1       | Length: 144 [application/octet-stream]
datanode_1  |    2 11/15/19 20:54:54 scm/d449cdd08b54@EXAMPLE.COM
datanode_3  | Connecting to kdc (kdc)|172.19.0.2|:8081... connected.
kms_1       | Saving to: '/etc/security/keytabs/HTTP.keytab'
s3g_1       | HTTP request sent, awaiting response... 200 OK
kdc_1       | Authenticating as principal admin/admin with keytab /tmp/admin.keytab.
recon_1     | KVNO Timestamp         Principal
om_1        | Saving to: '/etc/security/keytabs/HTTP.keytab'
datanode_2  | HTTP request sent, awaiting response... 200 OK
scm_1       | Saving to: '/etc/security/keytabs/HTTP.keytab'
datanode_1  | Download HTTP/d449cdd08b54@EXAMPLE.COM keytab file to /etc/security/keytabs/HTTP.keytab
datanode_3  | HTTP request sent, awaiting response... 200 OK
s3g_1       | Length: 144 [application/octet-stream]
kdc_1       | Entry for principal test/test@EXAMPLE.COM with kvno 6, encryption type aes256-cts-hmac-sha1-96 added to keytab WRFILE:/data/test.test.keytab.
om_1        | 
kms_1       | 
recon_1     | ---- ----------------- --------------------------------------------------------
datanode_2  | Length: 162 [application/octet-stream]
datanode_1  | --2019-11-15 20:54:54--  http://kdc:8081/keytab/d449cdd08b54/HTTP
scm_1       | 
s3g_1       | Saving to: '/etc/security/keytabs/HTTP.keytab'
kdc_1       | Entry for principal test/test@EXAMPLE.COM with kvno 6, encryption type aes128-cts-hmac-sha1-96 added to keytab WRFILE:/data/test.test.keytab.
datanode_3  | Length: 162 [application/octet-stream]
kms_1       |      0K                                                       100% 10.3M=0s
om_1        |      0K                                                       100% 15.5M=0s
recon_1     |    2 11/15/19 20:55:16 HTTP/recon@EXAMPLE.COM
datanode_2  | Saving to: '/etc/security/keytabs/HTTP.keytab'
datanode_1  | Resolving kdc (kdc)... 172.19.0.2
scm_1       |      0K                                                       100% 10.8M=0s
kdc_1       | Generiting keytab
s3g_1       | 
datanode_3  | Saving to: '/etc/security/keytabs/HTTP.keytab'
kms_1       | 
om_1        | 
recon_1     |    2 11/15/19 20:55:16 HTTP/recon@EXAMPLE.COM
datanode_2  | 
datanode_1  | Connecting to kdc (kdc)|172.19.0.2|:8081... connected.
scm_1       | 
kdc_1       | Authenticating as principal admin/admin with keytab /tmp/admin.keytab.
s3g_1       |      0K                                                       100% 23.2M=0s
datanode_3  | 
om_1        | 2019-11-15 20:54:55 (15.5 MB/s) - '/etc/security/keytabs/HTTP.keytab' saved [142/142]
kms_1       | 2019-11-15 20:54:55 (10.3 MB/s) - '/etc/security/keytabs/HTTP.keytab' saved [162/162]
recon_1     | Download testuser/recon@EXAMPLE.COM keytab file to /etc/security/keytabs/testuser.keytab
datanode_2  |      0K                                                       100% 10.7M=0s
datanode_1  | HTTP request sent, awaiting response... 200 OK
scm_1       | 2019-11-15 20:54:54 (10.8 MB/s) - '/etc/security/keytabs/HTTP.keytab' saved [144/144]
kdc_1       | WARNING: no policy specified for test/test@EXAMPLE.COM; defaulting to no policy
s3g_1       | 
datanode_3  |      0K                                                       100% 8.87M=0s
om_1        | 
kms_1       | 
datanode_2  | 
recon_1     | --2019-11-15 20:55:16--  http://kdc:8081/keytab/recon/testuser
datanode_1  | Length: 162 [application/octet-stream]
scm_1       | 
kdc_1       | add_principal: Principal or policy already exists while creating "test/test@EXAMPLE.COM".
s3g_1       | 2019-11-15 20:54:54 (23.2 MB/s) - '/etc/security/keytabs/HTTP.keytab' saved [144/144]
datanode_3  | 
om_1        | Keytab name: FILE:/etc/security/keytabs/HTTP.keytab
kms_1       | Keytab name: FILE:/etc/security/keytabs/HTTP.keytab
datanode_2  | 2019-11-15 20:54:54 (10.7 MB/s) - '/etc/security/keytabs/HTTP.keytab' saved [162/162]
recon_1     | Resolving kdc (kdc)... 172.19.0.2
datanode_1  | Saving to: '/etc/security/keytabs/HTTP.keytab'
scm_1       | Keytab name: FILE:/etc/security/keytabs/HTTP.keytab
kdc_1       | Authenticating as principal admin/admin with keytab /tmp/admin.keytab.
s3g_1       | 
datanode_3  | 2019-11-15 20:54:54 (8.87 MB/s) - '/etc/security/keytabs/HTTP.keytab' saved [162/162]
om_1        | KVNO Timestamp         Principal
recon_1     | Connecting to kdc (kdc)|172.19.0.2|:8081... connected.
datanode_2  | 
kms_1       | KVNO Timestamp         Principal
datanode_1  | 
scm_1       | KVNO Timestamp         Principal
kdc_1       | Entry for principal test/test@EXAMPLE.COM with kvno 7, encryption type aes256-cts-hmac-sha1-96 added to keytab WRFILE:/data/test.test.keytab.
s3g_1       | Keytab name: FILE:/etc/security/keytabs/HTTP.keytab
datanode_3  | 
om_1        | ---- ----------------- --------------------------------------------------------
recon_1     | HTTP request sent, awaiting response... 200 OK
kms_1       | ---- ----------------- --------------------------------------------------------
datanode_2  | Keytab name: FILE:/etc/security/keytabs/HTTP.keytab
datanode_1  |      0K                                                       100% 10.8M=0s
scm_1       | ---- ----------------- --------------------------------------------------------
kdc_1       | Entry for principal test/test@EXAMPLE.COM with kvno 7, encryption type aes128-cts-hmac-sha1-96 added to keytab WRFILE:/data/test.test.keytab.
s3g_1       | KVNO Timestamp         Principal
datanode_3  | Keytab name: FILE:/etc/security/keytabs/HTTP.keytab
om_1        |    2 11/15/19 20:54:55 HTTP/om@EXAMPLE.COM
recon_1     | Length: 156 [application/octet-stream]
kms_1       |    2 11/15/19 20:54:55 HTTP/41c9f6e081d4@EXAMPLE.COM
datanode_2  | KVNO Timestamp         Principal
datanode_1  | 
scm_1       |    2 11/15/19 20:54:54 HTTP/scm@EXAMPLE.COM
kdc_1       | Generiting keytab
s3g_1       | ---- ----------------- --------------------------------------------------------
datanode_3  | KVNO Timestamp         Principal
om_1        |    2 11/15/19 20:54:55 HTTP/om@EXAMPLE.COM
recon_1     | Saving to: '/etc/security/keytabs/testuser.keytab'
kms_1       |    2 11/15/19 20:54:55 HTTP/41c9f6e081d4@EXAMPLE.COM
datanode_2  | ---- ----------------- --------------------------------------------------------
datanode_1  | 2019-11-15 20:54:55 (10.8 MB/s) - '/etc/security/keytabs/HTTP.keytab' saved [162/162]
scm_1       |    2 11/15/19 20:54:54 HTTP/scm@EXAMPLE.COM
kdc_1       | Authenticating as principal admin/admin with keytab /tmp/admin.keytab.
s3g_1       |    2 11/15/19 20:54:54 HTTP/s3g@EXAMPLE.COM
om_1        | Download testuser/om@EXAMPLE.COM keytab file to /etc/security/keytabs/testuser.keytab
datanode_3  | ---- ----------------- --------------------------------------------------------
recon_1     | 
kms_1       | Download testuser/41c9f6e081d4@EXAMPLE.COM keytab file to /etc/security/keytabs/testuser.keytab
datanode_2  |    2 11/15/19 20:54:54 HTTP/9f6cc6587945@EXAMPLE.COM
datanode_1  | 
scm_1       | Download testuser/scm@EXAMPLE.COM keytab file to /etc/security/keytabs/testuser.keytab
kdc_1       | WARNING: no policy specified for test/test@EXAMPLE.COM; defaulting to no policy
s3g_1       |    2 11/15/19 20:54:54 HTTP/s3g@EXAMPLE.COM
om_1        | --2019-11-15 20:54:55--  http://kdc:8081/keytab/om/testuser
datanode_3  |    2 11/15/19 20:54:54 HTTP/1ebd37ad7a01@EXAMPLE.COM
recon_1     |      0K                                                       100% 13.1M=0s
kms_1       | --2019-11-15 20:54:55--  http://kdc:8081/keytab/41c9f6e081d4/testuser
datanode_2  |    2 11/15/19 20:54:54 HTTP/9f6cc6587945@EXAMPLE.COM
datanode_1  | Keytab name: FILE:/etc/security/keytabs/HTTP.keytab
scm_1       | --2019-11-15 20:54:54--  http://kdc:8081/keytab/scm/testuser
kdc_1       | add_principal: Principal or policy already exists while creating "test/test@EXAMPLE.COM".
s3g_1       | Download testuser/s3g@EXAMPLE.COM keytab file to /etc/security/keytabs/testuser.keytab
om_1        | Resolving kdc (kdc)... 172.19.0.2
datanode_3  |    2 11/15/19 20:54:54 HTTP/1ebd37ad7a01@EXAMPLE.COM
recon_1     | 
kms_1       | Resolving kdc (kdc)... 172.19.0.2
datanode_2  | Download testuser/9f6cc6587945@EXAMPLE.COM keytab file to /etc/security/keytabs/testuser.keytab
datanode_1  | KVNO Timestamp         Principal
scm_1       | Resolving kdc (kdc)... 172.19.0.2
kdc_1       | Authenticating as principal admin/admin with keytab /tmp/admin.keytab.
s3g_1       | --2019-11-15 20:54:54--  http://kdc:8081/keytab/s3g/testuser
om_1        | Connecting to kdc (kdc)|172.19.0.2|:8081... connected.
datanode_3  | Download testuser/1ebd37ad7a01@EXAMPLE.COM keytab file to /etc/security/keytabs/testuser.keytab
recon_1     | 2019-11-15 20:55:16 (13.1 MB/s) - '/etc/security/keytabs/testuser.keytab' saved [156/156]
kms_1       | Connecting to kdc (kdc)|172.19.0.2|:8081... connected.
datanode_2  | --2019-11-15 20:54:54--  http://kdc:8081/keytab/9f6cc6587945/testuser
datanode_1  | ---- ----------------- --------------------------------------------------------
scm_1       | Connecting to kdc (kdc)|172.19.0.2|:8081... connected.
kdc_1       | Entry for principal test/test@EXAMPLE.COM with kvno 8, encryption type aes256-cts-hmac-sha1-96 added to keytab WRFILE:/data/test.test.keytab.
om_1        | HTTP request sent, awaiting response... 200 OK
s3g_1       | Resolving kdc (kdc)... 172.19.0.2
datanode_3  | --2019-11-15 20:54:54--  http://kdc:8081/keytab/1ebd37ad7a01/testuser
recon_1     | 
kms_1       | HTTP request sent, awaiting response... 200 OK
datanode_2  | Resolving kdc (kdc)... 172.19.0.2
datanode_1  |    2 11/15/19 20:54:55 HTTP/d449cdd08b54@EXAMPLE.COM
scm_1       | HTTP request sent, awaiting response... 200 OK
kdc_1       | Entry for principal test/test@EXAMPLE.COM with kvno 8, encryption type aes128-cts-hmac-sha1-96 added to keytab WRFILE:/data/test.test.keytab.
om_1        | Length: 150 [application/octet-stream]
s3g_1       | Connecting to kdc (kdc)|172.19.0.2|:8081... connected.
datanode_3  | Resolving kdc (kdc)... 172.19.0.2
kms_1       | Length: 170 [application/octet-stream]
datanode_2  | Connecting to kdc (kdc)|172.19.0.2|:8081... connected.
datanode_1  |    2 11/15/19 20:54:55 HTTP/d449cdd08b54@EXAMPLE.COM
scm_1       | Length: 152 [application/octet-stream]
recon_1     | Keytab name: FILE:/etc/security/keytabs/testuser.keytab
kdc_1       | Generiting keytab
om_1        | Saving to: '/etc/security/keytabs/testuser.keytab'
s3g_1       | HTTP request sent, awaiting response... 200 OK
datanode_3  | Connecting to kdc (kdc)|172.19.0.2|:8081... connected.
kms_1       | Saving to: '/etc/security/keytabs/testuser.keytab'
datanode_2  | HTTP request sent, awaiting response... 200 OK
datanode_1  | Download testuser/d449cdd08b54@EXAMPLE.COM keytab file to /etc/security/keytabs/testuser.keytab
scm_1       | Saving to: '/etc/security/keytabs/testuser.keytab'
recon_1     | KVNO Timestamp         Principal
kdc_1       | Authenticating as principal admin/admin with keytab /tmp/admin.keytab.
om_1        | 
s3g_1       | Length: 152 [application/octet-stream]
datanode_3  | HTTP request sent, awaiting response... 200 OK
kms_1       | 
datanode_2  | Length: 170 [application/octet-stream]
datanode_1  | --2019-11-15 20:54:55--  http://kdc:8081/keytab/d449cdd08b54/testuser
scm_1       | 
recon_1     | ---- ----------------- --------------------------------------------------------
om_1        |      0K                                                       100% 11.6M=0s
s3g_1       | Saving to: '/etc/security/keytabs/testuser.keytab'
kms_1       |      0K                                                       100% 8.65M=0s
kdc_1       | WARNING: no policy specified for dn/9f6cc6587945@EXAMPLE.COM; defaulting to no policy
datanode_3  | Length: 170 [application/octet-stream]
datanode_2  | Saving to: '/etc/security/keytabs/testuser.keytab'
datanode_1  | Resolving kdc (kdc)... 172.19.0.2
scm_1       |      0K                                                       100% 14.9M=0s
recon_1     |    2 11/15/19 20:55:16 testuser/recon@EXAMPLE.COM
om_1        | 
s3g_1       | 
kms_1       | 
kdc_1       | Principal "dn/9f6cc6587945@EXAMPLE.COM" created.
datanode_3  | Saving to: '/etc/security/keytabs/testuser.keytab'
datanode_2  | 
datanode_1  | Connecting to kdc (kdc)|172.19.0.2|:8081... connected.
scm_1       | 
recon_1     |    2 11/15/19 20:55:16 testuser/recon@EXAMPLE.COM
om_1        | 2019-11-15 20:54:56 (11.6 MB/s) - '/etc/security/keytabs/testuser.keytab' saved [150/150]
s3g_1       |      0K                                                       100% 11.2M=0s
kdc_1       | Authenticating as principal admin/admin with keytab /tmp/admin.keytab.
kms_1       | 2019-11-15 20:54:56 (8.65 MB/s) - '/etc/security/keytabs/testuser.keytab' saved [170/170]
datanode_3  | 
datanode_2  |      0K                                                       100% 18.1M=0s
datanode_1  | HTTP request sent, awaiting response... 200 OK
scm_1       | 2019-11-15 20:54:55 (14.9 MB/s) - '/etc/security/keytabs/testuser.keytab' saved [152/152]
recon_1     | Download testuser2/recon@EXAMPLE.COM keytab file to /etc/security/keytabs/testuser2.keytab
om_1        | 
s3g_1       | 
kms_1       | 
kdc_1       | Entry for principal dn/9f6cc6587945@EXAMPLE.COM with kvno 2, encryption type aes256-cts-hmac-sha1-96 added to keytab WRFILE:/data/dn.9f6cc6587945.keytab.
datanode_3  |      0K                                                       100% 15.2M=0s
datanode_2  | 
datanode_1  | Length: 170 [application/octet-stream]
scm_1       | 
om_1        | Keytab name: FILE:/etc/security/keytabs/testuser.keytab
s3g_1       | 2019-11-15 20:54:55 (11.2 MB/s) - '/etc/security/keytabs/testuser.keytab' saved [152/152]
kms_1       | Keytab name: FILE:/etc/security/keytabs/testuser.keytab
recon_1     | --2019-11-15 20:55:16--  http://kdc:8081/keytab/recon/testuser2
kdc_1       | Entry for principal dn/9f6cc6587945@EXAMPLE.COM with kvno 2, encryption type aes128-cts-hmac-sha1-96 added to keytab WRFILE:/data/dn.9f6cc6587945.keytab.
datanode_1  | Saving to: '/etc/security/keytabs/testuser.keytab'
scm_1       | Keytab name: FILE:/etc/security/keytabs/testuser.keytab
datanode_2  | 2019-11-15 20:54:55 (18.1 MB/s) - '/etc/security/keytabs/testuser.keytab' saved [170/170]
datanode_3  | 
om_1        | KVNO Timestamp         Principal
s3g_1       | 
kms_1       | KVNO Timestamp         Principal
recon_1     | Resolving kdc (kdc)... 172.19.0.2
kdc_1       | Generiting keytab
datanode_1  | 
scm_1       | KVNO Timestamp         Principal
datanode_2  | 
datanode_3  | 2019-11-15 20:54:55 (15.2 MB/s) - '/etc/security/keytabs/testuser.keytab' saved [170/170]
om_1        | ---- ----------------- --------------------------------------------------------
s3g_1       | Keytab name: FILE:/etc/security/keytabs/testuser.keytab
kms_1       | ---- ----------------- --------------------------------------------------------
recon_1     | Connecting to kdc (kdc)|172.19.0.2|:8081... connected.
kdc_1       | Authenticating as principal admin/admin with keytab /tmp/admin.keytab.
datanode_1  |      0K                                                       100% 18.6M=0s
scm_1       | ---- ----------------- --------------------------------------------------------
